<?xml version="1.0" ?>

<verbosegc xmlns="http://www.ibm.com/j9/verbosegc" version="10b4217_CMPRSS">

<initialized id="1" timestamp="2019-06-15T05:01:34.641">
  <attribute name="gcPolicy" value="-Xgcpolicy:balanced" />
  <attribute name="elasticGC enabled" value="1" />
  <attribute name= "numThreadsSpecified" value="0" />
  <attribute name="heapSize specified" value="0" />
  <attribute name="Current GC Util" value="0" />
  <attribute name= "Current Time Running" value="0" />
  <attribute name ="GC Interval" value="0" />
  <attribute name="ProportionalT" value="0.000000" />
  <attribute name="ProportionalI" value="0.000000" />
  <attribute name="ProportionalH" value="0.000000" />
  <attribute name="IntegralT" value="0.000000" />
  <attribute name="IntegralI" value="0.000000" />
  <attribute name="IntegralH" value="0.000000" />
  <attribute name="DerivativeT" value="0.000000" />
  <attribute name="DerivativeI" value="0.000000" />
  <attribute name="DerivativeH" value="0.000000" />
  <attribute name="Target GC Util Change" value ="0.000000" />
  <attribute name="Current GC Util Change" value="0.000000"/>
  <attribute name="Current Error" value="0.000000" />
  <attribute name="Loop Time for DT" value="0.000000" />
  <attribute name="Output H" value="0"/>
  <attribute name="Output I" value="0"/>
  <attribute name="Output T" value="0"/>
  <attribute name="GC Util currently" value="0" />
  <attribute name="CPU Util currently" value="0" />
  <attribute name="maxHeapSize" value="0x7cb00000" />
  <attribute name="initialHeapSize" value="0x800000" />
  <attribute name="compressedRefs" value="true" />
  <attribute name="compressedRefsDisplacement" value="0x0" />
  <attribute name="compressedRefsShift" value="0x0" />
  <attribute name="pageSize" value="0x1000" />
  <attribute name="pageType" value="not used" />
  <attribute name="requestedPageSize" value="0x1000" />
  <attribute name="requestedPageType" value="not used" />
  <attribute name="gcthreads" value="4" />
  <attribute name="packetListSplit" value="4" />
  <attribute name="cacheListSplit" value="4" />
  <attribute name="splitFreeListSplitAmount" value="1" />
  <attribute name="numaNodes" value="0" />
  <region>
    <attribute name="regionSize" value="1048576" />
    <attribute name="regionCount" value="1995" />
    <attribute name="arrayletLeafSize" value="1048576" />
  </region>
  <system>
    <attribute name="physicalMemory" value="8370962432" />
    <attribute name="numCPUs" value="4" />
    <attribute name="architecture" value="amd64" />
    <attribute name="os" value="Linux" />
    <attribute name="osVersion" value="4.4.0-148-generic" />
  </system>
  <vmargs>
    <vmarg name="-Xoptionsfile=/vagrant/jdk/lib/options.default" />
    <vmarg name="-Xlockword:mode=default,noLockword=java/lang/String,noLockword=java/util/MapEntry,noLockword=java/util/HashMap$Entry,noLockword..." />
    <vmarg name="-Xjcl:jclse29" />
    <vmarg name="-Dcom.ibm.oti.vm.bootstrap.library.path=/vagrant/jdk/lib/compressedrefs:/vagrant/jdk/lib" />
    <vmarg name="-Dsun.boot.library.path=/vagrant/jdk/lib/compressedrefs:/vagrant/jdk/lib" />
    <vmarg name="-Djava.library.path=/vagrant/jdk/lib/compressedrefs:/vagrant/jdk/lib:/usr/lib64:/usr/lib" />
    <vmarg name="-Djava.home=/vagrant/jdk" />
    <vmarg name="-Duser.dir=/vagrant" />
    <vmarg name="-Xgcpolicy:balanced" />
    <vmarg name="-Xgcelastic" />
    <vmarg name="-Xcheck:gc:::elasticGC" />
    <vmarg name="-verbose:gc" />
    <vmarg name="-Xloggc:default-Balanced-jdk0.5-1-1.5-verbose4xalan.txt" />
    <vmarg name="-Djava.class.path=dacapo-9.12-MR1-bach.jar" />
    <vmarg name="-Dsun.java.command=dacapo-9.12-MR1-bach.jar xalan --size=default" />
    <vmarg name="-Dsun.java.launcher=SUN_STANDARD" />
    <vmarg name="-Dsun.java.launcher.pid=18340" />
  </vmargs>
</initialized>

<exclusive-start id="2" timestamp="2019-06-15T05:01:35.208" intervalms="567.208">
  <response-info timems="0.021" idlems="0.021" threads="0" lastid="000000000125C700" lastname="main" />
</exclusive-start>
<allocation-taxation id="3" taxation-threshold="8388608" timestamp="2019-06-15T05:01:35.209" intervalms="567.488" />
<cycle-start id="4" type="partial gc" contextid="0" timestamp="2019-06-15T05:01:35.209" intervalms="567.769" />
<gc-start id="5" type="partial gc" contextid="4" timestamp="2019-06-15T05:01:35.209">
  <mem-info id="6" free="0" total="8388608" percent="0">
    <mem type="eden" free="80" total="8388608" percent="0" />
    <remembered-set count="0" freebytes="334848" totalbytes="334848" percent="100" regionsoverflowed="0" regionsstable="0" regionsrebuilding="0"/>
  </mem-info>
</gc-start>
<allocation-stats totalBytes="8377576" >
  <allocated-bytes non-tlh="706664" tlh="7670912" arrayletleaf="0"/>
  <largest-consumer threadName="main" threadId="000000000125C700" bytes="8301008" />
</allocation-stats>
<gc-op id="7" type="mark" timems="3.193" contextid="4" timestamp="2019-06-15T05:01:35.213">
  <trace-info objectcount="21834" scancount="17124" scanbytes="570176" />
  <remembered-set-cleared processed="0" cleared="0" durationms="0.159" />
  <finalization candidates="15" enqueued="1" />
  <references type="soft" candidates="74" cleared="0" enqueued="0" dynamicThreshold="32" maxThreshold="32" />
  <references type="weak" candidates="580" cleared="437" enqueued="398" />
  <references type="phantom" candidates="127" cleared="44" enqueued="44" />
  <stringconstants candidates="2981" cleared="0"  />
  <warning details="Mark for calibration purposes" />
</gc-op>
<gc-op id="8" type="classunload" timems="0.083" contextid="4" timestamp="2019-06-15T05:01:35.214">
  <classunload-info classloadercandidates="6" classloadersunloaded="0" classesunloaded="0" anonymousclassesunloaded="0" quiescems="0.000" setupms="0.083" scanms="0.000" postms="0.000" />
</gc-op>
<gc-op id="9" type="sweep" timems="0.597" contextid="4" timestamp="2019-06-15T05:01:35.214" />
<gc-op id="10" type="compact" timems="4.248" contextid="4" timestamp="2019-06-15T05:01:35.219">
  <compact-info movecount="21834" movebytes="1519072" />
  <remembered-set-cleared processed="0" cleared="0" durationms="0.159" />
</gc-op>
<gc-end id="11" type="partial gc" contextid="4" durationms="10.451" usertimems="4.000" systemtimems="8.000" timestamp="2019-06-15T05:01:35.220" activeThreads="4">
  <mem-info id="12" free="6291456" total="8388608" percent="75">
    <mem type="eden" free="577352" total="2097152" percent="27" />
    <pending-finalizers system="1" default="0" reference="442" classloader="0" />
    <remembered-set count="2048" freebytes="326656" totalbytes="334848" percent="97" regionsoverflowed="0" regionsstable="0" regionsrebuilding="0"/>
  </mem-info>
</gc-end>
<cycle-end id="13" type="partial gc" contextid="4" timestamp="2019-06-15T05:01:35.220" />
  <attribute name="elasticGC enabled" value="1" />
  <attribute name= "numThreadsSpecified" value="4" />
  <attribute name="heapSize specified" value="0" />
  <attribute name="Current GC Util" value="56" />
  <attribute name= "Current Time Running" value="460" />
  <attribute name ="GC Interval" value="0" />
  <attribute name="ProportionalT" value="18.000000" />
  <attribute name="ProportionalI" value="18.000000" />
  <attribute name="ProportionalH" value="18.000000" />
  <attribute name="Current Error" value="36.000000" />
  <attribute name="IntegralT" value="-8802.000000" />
  <attribute name="IntegralI" value="-8802.000000" />
  <attribute name="IntegralH" value="-8802.000000" />
  <attribute name="DerivativeT" value="-30.000000" />
  <attribute name="DerivativeI" value="-30.000000" />
  <attribute name="DerivativeH" value="-30.000000" />
  <attribute name="Loop Time for DT" value="1.000000" />
  <attribute name="Output H" value="2091843584"/>
  <attribute name="Output I" value="200"/>
  <attribute name="Output T" value="4"/>
  <attribute name="Target GC Util Change" value ="20.000000" />
  <attribute name="Current GC Util Change" value="56.000000"/>
  <attribute name="GC Util currently" value="56" />
  <attribute name="CPU Util currently" value="4976358549173" />
<exclusive-end id="14" timestamp="2019-06-15T05:01:35.220" durationms="11.656" />

<exclusive-start id="15" timestamp="2019-06-15T05:01:35.411" intervalms="202.754">
  <response-info timems="0.130" idlems="0.072" threads="1" lastid="0000000001591500" lastname="Thread-4" />
</exclusive-start>
<sys-start reason="explicit" id="16" timestamp="2019-06-15T05:01:35.411" intervalms="770.057" />
<cycle-start id="17" type="global garbage collect" contextid="0" timestamp="2019-06-15T05:01:35.411" intervalms="770.221" />
<gc-start id="18" type="global garbage collect" contextid="17" timestamp="2019-06-15T05:01:35.412">
  <mem-info id="19" free="639416" total="8388608" percent="7">
    <mem type="eden" free="639416" total="7340032" percent="8" />
    <remembered-set count="1728" freebytes="327936" totalbytes="334848" percent="97" regionsoverflowed="0" regionsstable="0" regionsrebuilding="0"/>
  </mem-info>
</gc-start>
<allocation-stats totalBytes="5616264" >
  <allocated-bytes non-tlh="192896" tlh="5423368" arrayletleaf="0"/>
  <largest-consumer threadName="main" threadId="000000000125C700" bytes="5587856" />
</allocation-stats>
<gc-op id="20" type="global mark" timems="2.676" contextid="17" timestamp="2019-06-15T05:01:35.414">
  <trace-info objectcount="29696" scancount="23265" scanbytes="871848" />
  <finalization candidates="15" enqueued="0" />
  <references type="soft" candidates="133" cleared="0" enqueued="0" dynamicThreshold="24" maxThreshold="32" />
  <references type="weak" candidates="174" cleared="28" enqueued="28" />
  <references type="phantom" candidates="86" cleared="2" enqueued="2" />
  <stringconstants candidates="3535" cleared="22"  />
</gc-op>
<gc-op id="21" type="classunload" timems="0.001" contextid="17" timestamp="2019-06-15T05:01:35.415">
  <classunload-info classloadercandidates="19" classloadersunloaded="0" classesunloaded="0" anonymousclassesunloaded="0" quiescems="0.000" setupms="0.001" scanms="0.000" postms="0.000" />
</gc-op>
<gc-op id="22" type="sweep" timems="0.350" contextid="17" timestamp="2019-06-15T05:01:35.415" />
<gc-op id="23" type="compact" timems="3.135" contextid="17" timestamp="2019-06-15T05:01:35.418">
  <compact-info movecount="23027" movebytes="1712456" />
  <remembered-set-cleared processed="8773" cleared="8773" durationms="0.075" />
</gc-op>
<gc-end id="24" type="global garbage collect" contextid="17" durationms="7.110" usertimems="8.000" systemtimems="0.000" timestamp="2019-06-15T05:01:35.419" activeThreads="4">
  <mem-info id="25" free="5242880" total="8388608" percent="62">
    <pending-finalizers system="0" default="0" reference="30" classloader="0" />
    <remembered-set count="4096" freebytes="318464" totalbytes="334848" percent="95" regionsoverflowed="0" regionsstable="0" regionsrebuilding="0"/>
  </mem-info>
</gc-end>
<cycle-end id="26" type="global garbage collect" contextid="17" timestamp="2019-06-15T05:01:35.419" />
  <attribute name="elasticGC enabled" value="1" />
  <attribute name= "numThreadsSpecified" value="4" />
  <attribute name="heapSize specified" value="0" />
  <attribute name="Current GC Util" value="26" />
  <attribute name= "Current Time Running" value="661" />
  <attribute name ="GC Interval" value="0" />
  <attribute name="ProportionalT" value="3.000000" />
  <attribute name="ProportionalI" value="3.000000" />
  <attribute name="ProportionalH" value="3.000000" />
  <attribute name="Current Error" value="6.000000" />
  <attribute name="IntegralT" value="6.000000" />
  <attribute name="IntegralI" value="6.000000" />
  <attribute name="IntegralH" value="6.000000" />
  <attribute name="DerivativeT" value="-126.000000" />
  <attribute name="DerivativeI" value="-126.000000" />
  <attribute name="DerivativeH" value="-126.000000" />
  <attribute name="Loop Time for DT" value="1.000000" />
  <attribute name="Output H" value="2091843584"/>
  <attribute name="Output I" value="200"/>
  <attribute name="Output T" value="4"/>
  <attribute name="Target GC Util Change" value ="20.000000" />
  <attribute name="Current GC Util Change" value="26.000000"/>
  <attribute name="GC Util currently" value="26" />
  <attribute name="CPU Util currently" value="7751735969273" />
<sys-end id="27" timestamp="2019-06-15T05:01:35.419" />
<exclusive-end id="28" timestamp="2019-06-15T05:01:35.419" durationms="8.291" />

<exclusive-start id="29" timestamp="2019-06-15T05:01:35.580" intervalms="168.884">
  <response-info timems="0.073" idlems="0.073" threads="0" lastid="0000000001595100" lastname="Thread-5" />
</exclusive-start>
<allocation-taxation id="30" taxation-threshold="5242880" timestamp="2019-06-15T05:01:35.580" intervalms="371.463" />
<cycle-start id="31" type="partial gc" contextid="0" timestamp="2019-06-15T05:01:35.580" intervalms="371.282" />
<gc-start id="32" type="partial gc" contextid="31" timestamp="2019-06-15T05:01:35.580">
  <mem-info id="33" free="0" total="8388608" percent="0">
    <mem type="eden" free="0" total="5242880" percent="0" />
    <remembered-set count="3680" freebytes="320128" totalbytes="334848" percent="95" regionsoverflowed="0" regionsstable="0" regionsrebuilding="0"/>
  </mem-info>
</gc-start>
<allocation-stats totalBytes="5228688" >
  <allocated-bytes non-tlh="262992" tlh="4965696" arrayletleaf="0"/>
  <largest-consumer threadName="Thread-3" threadId="000000000158D900" bytes="1926408" />
</allocation-stats>
<gc-op id="34" type="mark" timems="1.964" contextid="31" timestamp="2019-06-15T05:01:35.583">
  <trace-info objectcount="11501" scancount="9321" scanbytes="777168" />
  <cardclean-info objects="1376" bytes="61356" />
  <remembered-set-cleared processed="2320" cleared="213" durationms="0.079" />
  <finalization candidates="12" enqueued="2" />
  <references type="soft" candidates="31" cleared="0" enqueued="0" dynamicThreshold="20" maxThreshold="32" />
  <references type="weak" candidates="151" cleared="31" enqueued="30" />
  <references type="phantom" candidates="14" cleared="0" enqueued="0" />
  <stringconstants candidates="3942" cleared="0"  />
  <warning details="Mark invoked due to insufficient free space for Copy-Forward" />
</gc-op>
<gc-op id="35" type="classunload" timems="0.280" contextid="31" timestamp="2019-06-15T05:01:35.583">
  <classunload-info classloadercandidates="19" classloadersunloaded="0" classesunloaded="4" anonymousclassesunloaded="4" quiescems="0.000" setupms="0.273" scanms="0.004" postms="0.003" />
</gc-op>
<gc-op id="36" type="sweep" timems="0.518" contextid="31" timestamp="2019-06-15T05:01:35.584" />
<gc-op id="37" type="compact" timems="2.289" contextid="31" timestamp="2019-06-15T05:01:35.587">
  <compact-info movecount="11501" movebytes="1328440" />
  <remembered-set-cleared processed="6109" cleared="1862" durationms="0.079" />
</gc-op>
<heap-resize id="38" type="expand" space="default" amount="1048576" count="1" timems="0.064" reason="insufficient free space following gc" timestamp="2019-06-15T05:01:35.587" />
<gc-end id="39" type="partial gc" contextid="31" durationms="6.536" usertimems="4.000" systemtimems="4.000" timestamp="2019-06-15T05:01:35.587" activeThreads="4">
  <mem-info id="40" free="4194304" total="9437184" percent="44">
    <mem type="eden" free="768504" total="2097152" percent="36" />
    <pending-finalizers system="2" default="0" reference="30" classloader="0" />
    <remembered-set count="4352" freebytes="359296" totalbytes="376704" percent="95" regionsoverflowed="0" regionsstable="0" regionsrebuilding="0"/>
  </mem-info>
</gc-end>
<cycle-end id="41" type="partial gc" contextid="31" timestamp="2019-06-15T05:01:35.587" />
  <attribute name="elasticGC enabled" value="1" />
  <attribute name= "numThreadsSpecified" value="4" />
  <attribute name="heapSize specified" value="0" />
  <attribute name="Current GC Util" value="23" />
  <attribute name= "Current Time Running" value="830" />
  <attribute name ="GC Interval" value="0" />
  <attribute name="ProportionalT" value="1.500000" />
  <attribute name="ProportionalI" value="1.500000" />
  <attribute name="ProportionalH" value="1.500000" />
  <attribute name="Current Error" value="3.000000" />
  <attribute name="IntegralT" value="3.000000" />
  <attribute name="IntegralI" value="3.000000" />
  <attribute name="IntegralH" value="3.000000" />
  <attribute name="DerivativeT" value="4.500000" />
  <attribute name="DerivativeI" value="4.500000" />
  <attribute name="DerivativeH" value="4.500000" />
  <attribute name="Loop Time for DT" value="1.000000" />
  <attribute name="Output H" value="8388608"/>
  <attribute name="Output I" value="200"/>
  <attribute name="Output T" value="4"/>
  <attribute name="Target GC Util Change" value ="20.000000" />
  <attribute name="Current GC Util Change" value="23.000000"/>
  <attribute name="GC Util currently" value="23" />
  <attribute name="CPU Util currently" value="5832342894697" />
<exclusive-end id="42" timestamp="2019-06-15T05:01:35.587" durationms="7.422" />

<exclusive-start id="43" timestamp="2019-06-15T05:01:35.647" intervalms="66.756">
  <response-info timems="0.113" idlems="0.065" threads="1" lastid="0000000001591500" lastname="Thread-4" />
</exclusive-start>
<allocation-taxation id="44" taxation-threshold="2097152" timestamp="2019-06-15T05:01:35.647" intervalms="66.736" />
<cycle-start id="45" type="global mark phase" contextid="0" timestamp="2019-06-15T05:01:35.647" intervalms="1005.914" />
<gc-start id="46" type="global mark phase" contextid="45" timestamp="2019-06-15T05:01:35.647">
  <mem-info id="47" free="2097152" total="9437184" percent="22">
    <remembered-set count="4352" freebytes="359296" totalbytes="376704" percent="95" regionsoverflowed="0" regionsstable="0" regionsrebuilding="0"/>
  </mem-info>
</gc-start>
<gc-op id="48" type="mark increment" timems="0.584" contextid="45" timestamp="2019-06-15T05:01:35.648">
  <trace-info objectcount="207" scancount="0" scanbytes="0" />
</gc-op>
<gc-end id="49" type="global mark phase" contextid="45" durationms="0.697" usertimems="0.000" systemtimems="0.000" timestamp="2019-06-15T05:01:35.648" activeThreads="1">
  <mem-info id="50" free="2097152" total="9437184" percent="22">
    <remembered-set count="4352" freebytes="359296" totalbytes="376704" percent="95" regionsoverflowed="0" regionsstable="0" regionsrebuilding="0"/>
  </mem-info>
</gc-end>
<concurrent-start id="51" type="GMP work packet processing" contextid="45" timestamp="2019-06-15T05:01:35.648">
  <concurrent-mark-start scanTarget="18446744073709551615" />
</concurrent-start>
<concurrent-end id="52" type="GMP work packet processing" contextid="45" timestamp="2019-06-15T05:01:35.651">
  <concurrent-mark-end bytesScanned="1637152" reasonForTermination="Completed all work in GC phase" />
</concurrent-end>

<exclusive-end id="53" timestamp="2019-06-15T05:01:35.651" durationms="3.934" />

<exclusive-start id="54" timestamp="2019-06-15T05:01:35.687" intervalms="40.117">
  <response-info timems="0.044" idlems="0.044" threads="0" lastid="0000000001598D00" lastname="Thread-6" />
</exclusive-start>
<allocation-taxation id="55" taxation-threshold="2097152" timestamp="2019-06-15T05:01:35.687" intervalms="40.133" />
<cycle-start id="56" type="partial gc" contextid="0" timestamp="2019-06-15T05:01:35.687" intervalms="106.862" />
<gc-start id="57" type="partial gc" contextid="56" timestamp="2019-06-15T05:01:35.687">
  <mem-info id="58" free="0" total="9437184" percent="0">
    <mem type="eden" free="0" total="4194304" percent="0" />
    <remembered-set count="4352" freebytes="359296" totalbytes="376704" percent="95" regionsoverflowed="0" regionsstable="0" regionsrebuilding="0"/>
  </mem-info>
</gc-start>
<allocation-stats totalBytes="4066000" >
  <allocated-bytes non-tlh="66640" tlh="3999360" arrayletleaf="0"/>
  <largest-consumer threadName="Thread-6" threadId="0000000001598D00" bytes="757104" />
</allocation-stats>
<gc-op id="59" type="mark" timems="1.609" contextid="56" timestamp="2019-06-15T05:01:35.689">
  <trace-info objectcount="11707" scancount="9367" scanbytes="781328" />
  <cardclean-info objects="971" bytes="53356" />
  <remembered-set-cleared processed="3082" cleared="1016" durationms="0.072" />
  <finalization candidates="10" enqueued="0" />
  <references type="soft" candidates="31" cleared="0" enqueued="0" dynamicThreshold="7" maxThreshold="32" />
  <references type="weak" candidates="121" cleared="1" enqueued="1" />
  <references type="phantom" candidates="16" cleared="0" enqueued="0" />
  <stringconstants candidates="3960" cleared="0"  />
  <warning details="Mark invoked due to insufficient free space for Copy-Forward" />
</gc-op>
<gc-op id="60" type="classunload" timems="0.002" contextid="56" timestamp="2019-06-15T05:01:35.689">
  <classunload-info classloadercandidates="20" classloadersunloaded="0" classesunloaded="0" anonymousclassesunloaded="0" quiescems="0.000" setupms="0.002" scanms="0.000" postms="0.000" />
</gc-op>
<gc-op id="61" type="sweep" timems="0.471" contextid="56" timestamp="2019-06-15T05:01:35.690" />
<gc-op id="62" type="compact" timems="1.781" contextid="56" timestamp="2019-06-15T05:01:35.692">
  <compact-info movecount="10348" movebytes="1344376" />
  <remembered-set-cleared processed="6857" cleared="2720" durationms="0.072" />
</gc-op>
<heap-resize id="63" type="expand" space="default" amount="2097152" count="1" timems="0.064" reason="insufficient free space following gc" timestamp="2019-06-15T05:01:35.692" />
<gc-end id="64" type="partial gc" contextid="56" durationms="5.238" usertimems="0.000" systemtimems="4.000" timestamp="2019-06-15T05:01:35.693" activeThreads="4">
  <mem-info id="65" free="6291456" total="11534336" percent="54">
    <mem type="eden" free="123656" total="1048576" percent="11" />
    <pending-finalizers system="0" default="0" reference="1" classloader="0" />
    <remembered-set count="4800" freebytes="441216" totalbytes="460416" percent="95" regionsoverflowed="0" regionsstable="0" regionsrebuilding="0"/>
  </mem-info>
</gc-end>
<cycle-end id="66" type="partial gc" contextid="56" timestamp="2019-06-15T05:01:35.693" />
  <attribute name="elasticGC enabled" value="1" />
  <attribute name= "numThreadsSpecified" value="4" />
  <attribute name="heapSize specified" value="0" />
  <attribute name="Current GC Util" value="25" />
  <attribute name= "Current Time Running" value="936" />
  <attribute name ="GC Interval" value="0" />
  <attribute name="ProportionalT" value="2.500000" />
  <attribute name="ProportionalI" value="2.500000" />
  <attribute name="ProportionalH" value="2.500000" />
  <attribute name="Current Error" value="5.000000" />
  <attribute name="IntegralT" value="5.000000" />
  <attribute name="IntegralI" value="5.000000" />
  <attribute name="IntegralH" value="5.000000" />
  <attribute name="DerivativeT" value="7.500000" />
  <attribute name="DerivativeI" value="7.500000" />
  <attribute name="DerivativeH" value="7.500000" />
  <attribute name="Loop Time for DT" value="1.000000" />
  <attribute name="Output H" value="8388608"/>
  <attribute name="Output I" value="200"/>
  <attribute name="Output T" value="4"/>
  <attribute name="Target GC Util Change" value ="20.000000" />
  <attribute name="Current GC Util Change" value="25.000000"/>
  <attribute name="GC Util currently" value="25" />
  <attribute name="CPU Util currently" value="6720585625116" />
<exclusive-end id="67" timestamp="2019-06-15T05:01:35.693" durationms="6.038" />

<exclusive-start id="68" timestamp="2019-06-15T05:01:35.759" intervalms="72.306">
  <response-info timems="0.194" idlems="0.121" threads="2" lastid="0000000001598D00" lastname="Thread-6" />
</exclusive-start>
<allocation-taxation id="69" taxation-threshold="3145728" timestamp="2019-06-15T05:01:35.759" intervalms="72.284" />
<gc-start id="70" type="global mark phase" contextid="45" timestamp="2019-06-15T05:01:35.759">
  <mem-info id="71" free="3145728" total="11534336" percent="27">
    <remembered-set count="4800" freebytes="441216" totalbytes="460416" percent="95" regionsoverflowed="0" regionsstable="0" regionsrebuilding="0"/>
  </mem-info>
</gc-start>
<gc-op id="72" type="mark increment" timems="2.073" contextid="45" timestamp="2019-06-15T05:01:35.761">
  <trace-info objectcount="11404" scancount="9127" scanbytes="726572" />
  <cardclean-info objects="1691" bytes="80540" />
  <finalization candidates="25" enqueued="0" />
  <references type="soft" candidates="164" cleared="0" enqueued="0" dynamicThreshold="17" maxThreshold="32" />
  <references type="weak" candidates="266" cleared="0" enqueued="0" />
  <references type="phantom" candidates="98" cleared="2" enqueued="2" />
  <stringconstants candidates="3962" cleared="0"  />
</gc-op>
<gc-op id="73" type="classunload" timems="0.003" contextid="45" timestamp="2019-06-15T05:01:35.762">
  <classunload-info classloadercandidates="20" classloadersunloaded="0" classesunloaded="0" anonymousclassesunloaded="0" quiescems="0.000" setupms="0.003" scanms="0.000" postms="0.000" />
</gc-op>
<gc-end id="74" type="global mark phase" contextid="45" durationms="2.330" usertimems="0.000" systemtimems="0.000" timestamp="2019-06-15T05:01:35.762" activeThreads="4">
  <mem-info id="75" free="3145728" total="11534336" percent="27">
    <pending-finalizers system="0" default="0" reference="2" classloader="0" />
    <remembered-set count="4800" freebytes="441216" totalbytes="460416" percent="95" regionsoverflowed="0" regionsstable="0" regionsrebuilding="0"/>
  </mem-info>
</gc-end>
<cycle-end id="76" type="global mark phase" contextid="45" timestamp="2019-06-15T05:01:35.762" />
  <attribute name="elasticGC enabled" value="1" />
  <attribute name= "numThreadsSpecified" value="4" />
  <attribute name="heapSize specified" value="0" />
  <attribute name="Current GC Util" value="0" />
  <attribute name= "Current Time Running" value="1006" />
  <attribute name ="GC Interval" value="0" />
  <attribute name="ProportionalT" value="-10.000000" />
  <attribute name="ProportionalI" value="-10.000000" />
  <attribute name="ProportionalH" value="-10.000000" />
  <attribute name="Current Error" value="-20.000000" />
  <attribute name="IntegralT" value="-20.000000" />
  <attribute name="IntegralI" value="-20.000000" />
  <attribute name="IntegralH" value="-20.000000" />
  <attribute name="DerivativeT" value="-217.500000" />
  <attribute name="DerivativeI" value="-217.500000" />
  <attribute name="DerivativeH" value="-217.500000" />
  <attribute name="Loop Time for DT" value="1.000000" />
  <attribute name="Output H" value="2091843584"/>
  <attribute name="Output I" value="200"/>
  <attribute name="Output T" value="4"/>
  <attribute name="Target GC Util Change" value ="20.000000" />
  <attribute name="Current GC Util Change" value="0.000000"/>
  <attribute name="GC Util currently" value="0" />
  <attribute name="CPU Util currently" value="5955142299812" />
<exclusive-end id="77" timestamp="2019-06-15T05:01:35.762" durationms="2.645" />

<exclusive-start id="78" timestamp="2019-06-15T05:01:35.805" intervalms="45.423">
  <response-info timems="0.059" idlems="0.059" threads="0" lastid="0000000001595100" lastname="Thread-5" />
</exclusive-start>
<allocation-taxation id="79" taxation-threshold="3145728" timestamp="2019-06-15T05:01:35.805" intervalms="45.432" />
<cycle-start id="80" type="partial gc" contextid="0" timestamp="2019-06-15T05:01:35.805" intervalms="117.691" />
<gc-start id="81" type="partial gc" contextid="80" timestamp="2019-06-15T05:01:35.805">
  <mem-info id="82" free="0" total="11534336" percent="0">
    <mem type="eden" free="0" total="6291456" percent="0" />
    <remembered-set count="4800" freebytes="441216" totalbytes="460416" percent="95" regionsoverflowed="0" regionsstable="0" regionsrebuilding="0"/>
  </mem-info>
</gc-start>
<allocation-stats totalBytes="6214808" >
  <allocated-bytes non-tlh="32888" tlh="6181920" arrayletleaf="0"/>
  <largest-consumer threadName="Thread-4" threadId="0000000001591500" bytes="1518496" />
</allocation-stats>
<gc-op id="83" type="sweep" timems="0.426" contextid="80" timestamp="2019-06-15T05:01:35.806" />
<gc-op id="84" type="mark" timems="1.106" contextid="80" timestamp="2019-06-15T05:01:35.807">
  <trace-info objectcount="3106" scancount="2420" scanbytes="439712" />
  <cardclean-info objects="1256" bytes="58956" />
  <remembered-set-cleared processed="3337" cleared="693" durationms="0.065" />
  <references type="phantom" candidates="1" cleared="0" enqueued="0" />
  <stringconstants candidates="3963" cleared="0"  />
  <warning details="Mark invoked due to insufficient free space for Copy-Forward" />
</gc-op>
<gc-op id="85" type="classunload" timems="0.002" contextid="80" timestamp="2019-06-15T05:01:35.807">
  <classunload-info classloadercandidates="20" classloadersunloaded="0" classesunloaded="0" anonymousclassesunloaded="0" quiescems="0.000" setupms="0.002" scanms="0.000" postms="0.000" />
</gc-op>
<gc-op id="86" type="sweep" timems="0.357" contextid="80" timestamp="2019-06-15T05:01:35.808" />
<gc-op id="87" type="compact" timems="1.125" contextid="80" timestamp="2019-06-15T05:01:35.809">
  <compact-info movecount="3087" movebytes="1078048" />
  <remembered-set-cleared processed="7133" cleared="1749" durationms="0.065" />
</gc-op>
<heap-resize id="88" type="expand" space="default" amount="1048576" count="1" timems="0.055" reason="insufficient free space following gc" timestamp="2019-06-15T05:01:35.809" />
<gc-end id="89" type="partial gc" contextid="80" durationms="4.390" usertimems="0.000" systemtimems="4.000" timestamp="2019-06-15T05:01:35.809" activeThreads="4">
  <mem-info id="90" free="6291456" total="12582912" percent="50">
    <mem type="eden" free="142768" total="1048576" percent="13" />
    <remembered-set count="4544" freebytes="484096" totalbytes="502272" percent="96" regionsoverflowed="0" regionsstable="0" regionsrebuilding="0"/>
  </mem-info>
</gc-end>
<cycle-end id="91" type="partial gc" contextid="80" timestamp="2019-06-15T05:01:35.809" />
  <attribute name="elasticGC enabled" value="1" />
  <attribute name= "numThreadsSpecified" value="4" />
  <attribute name="heapSize specified" value="0" />
  <attribute name="Current GC Util" value="30" />
  <attribute name= "Current Time Running" value="1053" />
  <attribute name ="GC Interval" value="0" />
  <attribute name="ProportionalT" value="5.000000" />
  <attribute name="ProportionalI" value="5.000000" />
  <attribute name="ProportionalH" value="5.000000" />
  <attribute name="Current Error" value="10.000000" />
  <attribute name="IntegralT" value="0.000000" />
  <attribute name="IntegralI" value="0.000000" />
  <attribute name="IntegralH" value="0.000000" />
  <attribute name="DerivativeT" value="-inf" />
  <attribute name="DerivativeI" value="-inf" />
  <attribute name="DerivativeH" value="-inf" />
  <attribute name="Loop Time for DT" value="0.000000" />
  <attribute name="Output H" value="2091843584"/>
  <attribute name="Output I" value="200"/>
  <attribute name="Output T" value="4"/>
  <attribute name="Target GC Util Change" value ="20.000000" />
  <attribute name="Current GC Util Change" value="30.000000"/>
  <attribute name="GC Util currently" value="30" />
  <attribute name="CPU Util currently" value="8139844741901" />
<exclusive-end id="92" timestamp="2019-06-15T05:01:35.810" durationms="4.980" />

<exclusive-start id="93" timestamp="2019-06-15T05:01:35.888" intervalms="83.847">
  <response-info timems="0.042" idlems="0.042" threads="0" lastid="000000000158D900" lastname="Thread-3" />
</exclusive-start>
<allocation-taxation id="94" taxation-threshold="6291456" timestamp="2019-06-15T05:01:35.889" intervalms="83.838" />
<cycle-start id="95" type="partial gc" contextid="0" timestamp="2019-06-15T05:01:35.889" intervalms="83.836" />
<gc-start id="96" type="partial gc" contextid="95" timestamp="2019-06-15T05:01:35.889">
  <mem-info id="97" free="0" total="12582912" percent="0">
    <mem type="eden" free="0" total="6291456" percent="0" />
    <remembered-set count="4544" freebytes="484096" totalbytes="502272" percent="96" regionsoverflowed="0" regionsstable="0" regionsrebuilding="0"/>
  </mem-info>
</gc-start>
<allocation-stats totalBytes="6243672" >
  <allocated-bytes non-tlh="0" tlh="6243672" arrayletleaf="0"/>
  <largest-consumer threadName="Thread-4" threadId="0000000001591500" bytes="2530720" />
</allocation-stats>
<gc-op id="98" type="mark" timems="0.950" contextid="95" timestamp="2019-06-15T05:01:35.890">
  <trace-info objectcount="2913" scancount="2309" scanbytes="482848" />
  <cardclean-info objects="1186" bytes="123168" />
  <remembered-set-cleared processed="3651" cleared="760" durationms="0.080" />
  <stringconstants candidates="3963" cleared="0"  />
  <warning details="Mark invoked due to insufficient free space for Copy-Forward" />
</gc-op>
<gc-op id="99" type="classunload" timems="0.002" contextid="95" timestamp="2019-06-15T05:01:35.890">
  <classunload-info classloadercandidates="20" classloadersunloaded="0" classesunloaded="0" anonymousclassesunloaded="0" quiescems="0.000" setupms="0.001" scanms="0.000" postms="0.000" />
</gc-op>
<gc-op id="100" type="sweep" timems="0.465" contextid="95" timestamp="2019-06-15T05:01:35.891" />
<gc-op id="101" type="compact" timems="2.060" contextid="95" timestamp="2019-06-15T05:01:35.893">
  <compact-info movecount="8637" movebytes="1363872" />
  <remembered-set-cleared processed="5812" cleared="2618" durationms="0.080" />
</gc-op>
<heap-resize id="102" type="expand" space="default" amount="1048576" count="1" timems="0.057" reason="insufficient free space following gc" timestamp="2019-06-15T05:01:35.893" />
<gc-end id="103" type="partial gc" contextid="95" durationms="4.801" usertimems="4.000" systemtimems="4.000" timestamp="2019-06-15T05:01:35.894" activeThreads="4">
  <mem-info id="104" free="6291456" total="13631488" percent="46">
    <mem type="eden" free="214288" total="1048576" percent="20" />
    <remembered-set count="4672" freebytes="525440" totalbytes="544128" percent="96" regionsoverflowed="0" regionsstable="0" regionsrebuilding="0"/>
  </mem-info>
</gc-end>
<cycle-end id="105" type="partial gc" contextid="95" timestamp="2019-06-15T05:01:35.894" />
  <attribute name="elasticGC enabled" value="1" />
  <attribute name= "numThreadsSpecified" value="4" />
  <attribute name="heapSize specified" value="0" />
  <attribute name="Current GC Util" value="25" />
  <attribute name= "Current Time Running" value="1137" />
  <attribute name ="GC Interval" value="0" />
  <attribute name="ProportionalT" value="2.500000" />
  <attribute name="ProportionalI" value="2.500000" />
  <attribute name="ProportionalH" value="2.500000" />
  <attribute name="Current Error" value="5.000000" />
  <attribute name="IntegralT" value="5.000000" />
  <attribute name="IntegralI" value="5.000000" />
  <attribute name="IntegralH" value="5.000000" />
  <attribute name="DerivativeT" value="7.500000" />
  <attribute name="DerivativeI" value="7.500000" />
  <attribute name="DerivativeH" value="7.500000" />
  <attribute name="Loop Time for DT" value="1.000000" />
  <attribute name="Output H" value="8388608"/>
  <attribute name="Output I" value="200"/>
  <attribute name="Output T" value="4"/>
  <attribute name="Target GC Util Change" value ="20.000000" />
  <attribute name="Current GC Util Change" value="25.000000"/>
  <attribute name="GC Util currently" value="25" />
  <attribute name="CPU Util currently" value="6303975680909" />
<exclusive-end id="106" timestamp="2019-06-15T05:01:35.894" durationms="5.447" />

<exclusive-start id="107" timestamp="2019-06-15T05:01:35.954" intervalms="65.573">
  <response-info timems="0.041" idlems="0.022" threads="1" lastid="0000000001598D00" lastname="Thread-6" />
</exclusive-start>
<allocation-taxation id="108" taxation-threshold="6291456" timestamp="2019-06-15T05:01:35.954" intervalms="65.571" />
<cycle-start id="109" type="partial gc" contextid="0" timestamp="2019-06-15T05:01:35.954" intervalms="65.577" />
<gc-start id="110" type="partial gc" contextid="109" timestamp="2019-06-15T05:01:35.954">
  <mem-info id="111" free="0" total="13631488" percent="0">
    <mem type="eden" free="0" total="6291456" percent="0" />
    <remembered-set count="4672" freebytes="525440" totalbytes="544128" percent="96" regionsoverflowed="0" regionsstable="0" regionsrebuilding="0"/>
  </mem-info>
</gc-start>
<allocation-stats totalBytes="6267816" >
  <allocated-bytes non-tlh="0" tlh="6267816" arrayletleaf="0"/>
  <largest-consumer threadName="Thread-3" threadId="000000000158D900" bytes="1822016" />
</allocation-stats>
<gc-op id="112" type="mark" timems="0.945" contextid="109" timestamp="2019-06-15T05:01:35.956">
  <trace-info objectcount="2431" scancount="1883" scanbytes="462692" />
  <cardclean-info objects="1303" bytes="148196" />
  <remembered-set-cleared processed="3632" cleared="711" durationms="0.086" />
  <stringconstants candidates="3963" cleared="0"  />
  <warning details="Mark invoked due to insufficient free space for Copy-Forward" />
</gc-op>
<gc-op id="113" type="classunload" timems="0.003" contextid="109" timestamp="2019-06-15T05:01:35.956">
  <classunload-info classloadercandidates="20" classloadersunloaded="0" classesunloaded="0" anonymousclassesunloaded="0" quiescems="0.000" setupms="0.002" scanms="0.000" postms="0.000" />
</gc-op>
<gc-op id="114" type="sweep" timems="0.439" contextid="109" timestamp="2019-06-15T05:01:35.956" />
<gc-op id="115" type="compact" timems="1.287" contextid="109" timestamp="2019-06-15T05:01:35.958">
  <compact-info movecount="2431" movebytes="970808" />
  <remembered-set-cleared processed="7512" cleared="1462" durationms="0.086" />
</gc-op>
<heap-resize id="116" type="expand" space="default" amount="2097152" count="1" timems="0.063" reason="insufficient free space following gc" timestamp="2019-06-15T05:01:35.958" />
<gc-end id="117" type="partial gc" contextid="109" durationms="3.979" usertimems="4.000" systemtimems="0.000" timestamp="2019-06-15T05:01:35.958" activeThreads="1">
  <mem-info id="118" free="7340032" total="15728640" percent="46">
    <mem type="eden" free="189248" total="1048576" percent="18" />
    <remembered-set count="5120" freebytes="607360" totalbytes="627840" percent="96" regionsoverflowed="0" regionsstable="0" regionsrebuilding="0"/>
  </mem-info>
</gc-end>
<cycle-end id="119" type="partial gc" contextid="109" timestamp="2019-06-15T05:01:35.958" />
  <attribute name="elasticGC enabled" value="1" />
  <attribute name= "numThreadsSpecified" value="1" />
  <attribute name="heapSize specified" value="0" />
  <attribute name="Current GC Util" value="28" />
  <attribute name= "Current Time Running" value="1202" />
  <attribute name ="GC Interval" value="0" />
  <attribute name="ProportionalT" value="4.000000" />
  <attribute name="ProportionalI" value="4.000000" />
  <attribute name="ProportionalH" value="4.000000" />
  <attribute name="Current Error" value="8.000000" />
  <attribute name="IntegralT" value="0.000000" />
  <attribute name="IntegralI" value="0.000000" />
  <attribute name="IntegralH" value="0.000000" />
  <attribute name="DerivativeT" value="inf" />
  <attribute name="DerivativeI" value="inf" />
  <attribute name="DerivativeH" value="inf" />
  <attribute name="Loop Time for DT" value="0.000000" />
  <attribute name="Output H" value="8388608"/>
  <attribute name="Output I" value="200"/>
  <attribute name="Output T" value="1"/>
  <attribute name="Target GC Util Change" value ="20.000000" />
  <attribute name="Current GC Util Change" value="28.000000"/>
  <attribute name="GC Util currently" value="28" />
  <attribute name="CPU Util currently" value="7047951365747" />
<exclusive-end id="120" timestamp="2019-06-15T05:01:35.959" durationms="4.560" />

<exclusive-start id="121" timestamp="2019-06-15T05:01:36.038" intervalms="83.509">
  <response-info timems="0.053" idlems="0.028" threads="1" lastid="0000000001598D00" lastname="Thread-6" />
</exclusive-start>
<allocation-taxation id="122" taxation-threshold="7340032" timestamp="2019-06-15T05:01:36.038" intervalms="83.503" />
<cycle-start id="123" type="partial gc" contextid="0" timestamp="2019-06-15T05:01:36.038" intervalms="83.494" />
<gc-start id="124" type="partial gc" contextid="123" timestamp="2019-06-15T05:01:36.038">
  <mem-info id="125" free="0" total="15728640" percent="0">
    <mem type="eden" free="0" total="7340032" percent="0" />
    <remembered-set count="4768" freebytes="608768" totalbytes="627840" percent="96" regionsoverflowed="0" regionsstable="0" regionsrebuilding="0"/>
  </mem-info>
</gc-start>
<allocation-stats totalBytes="7279224" >
  <allocated-bytes non-tlh="16392" tlh="7262832" arrayletleaf="0"/>
  <largest-consumer threadName="Thread-3" threadId="000000000158D900" bytes="3004752" />
</allocation-stats>
<gc-op id="126" type="mark" timems="0.925" contextid="123" timestamp="2019-06-15T05:01:36.039">
  <trace-info objectcount="2496" scancount="2016" scanbytes="450728" />
  <cardclean-info objects="1238" bytes="60920" />
  <remembered-set-cleared processed="3770" cleared="721" durationms="0.086" />
  <references type="phantom" candidates="2" cleared="0" enqueued="0" />
  <stringconstants candidates="3963" cleared="0"  />
  <warning details="Mark invoked due to insufficient free space for Copy-Forward" />
</gc-op>
<gc-op id="127" type="classunload" timems="0.002" contextid="123" timestamp="2019-06-15T05:01:36.039">
  <classunload-info classloadercandidates="20" classloadersunloaded="0" classesunloaded="0" anonymousclassesunloaded="0" quiescems="0.000" setupms="0.001" scanms="0.000" postms="0.000" />
</gc-op>
<gc-op id="128" type="sweep" timems="0.426" contextid="123" timestamp="2019-06-15T05:01:36.040" />
<gc-op id="129" type="compact" timems="1.178" contextid="123" timestamp="2019-06-15T05:01:36.041">
  <compact-info movecount="2496" movebytes="981656" />
  <remembered-set-cleared processed="7752" cleared="1419" durationms="0.086" />
</gc-op>
<heap-resize id="130" type="expand" space="default" amount="1048576" count="1" timems="0.055" reason="insufficient free space following gc" timestamp="2019-06-15T05:01:36.042" />
<gc-end id="131" type="partial gc" contextid="123" durationms="3.870" usertimems="0.000" systemtimems="4.000" timestamp="2019-06-15T05:01:36.042" activeThreads="4">
  <mem-info id="132" free="7340032" total="16777216" percent="43">
    <mem type="eden" free="107920" total="1048576" percent="10" />
    <remembered-set count="5216" freebytes="648832" totalbytes="669696" percent="96" regionsoverflowed="0" regionsstable="0" regionsrebuilding="0"/>
  </mem-info>
</gc-end>
<cycle-end id="133" type="partial gc" contextid="123" timestamp="2019-06-15T05:01:36.042" />
  <attribute name="elasticGC enabled" value="1" />
  <attribute name= "numThreadsSpecified" value="4" />
  <attribute name="heapSize specified" value="0" />
  <attribute name="Current GC Util" value="29" />
  <attribute name= "Current Time Running" value="1286" />
  <attribute name ="GC Interval" value="0" />
  <attribute name="ProportionalT" value="4.500000" />
  <attribute name="ProportionalI" value="4.500000" />
  <attribute name="ProportionalH" value="4.500000" />
  <attribute name="Current Error" value="9.000000" />
  <attribute name="IntegralT" value="9.000000" />
  <attribute name="IntegralI" value="9.000000" />
  <attribute name="IntegralH" value="9.000000" />
  <attribute name="DerivativeT" value="13.500000" />
  <attribute name="DerivativeI" value="13.500000" />
  <attribute name="DerivativeH" value="13.500000" />
  <attribute name="Loop Time for DT" value="1.000000" />
  <attribute name="Output H" value="8388608"/>
  <attribute name="Output I" value="200"/>
  <attribute name="Output T" value="4"/>
  <attribute name="Target GC Util Change" value ="20.000000" />
  <attribute name="Current GC Util Change" value="29.000000"/>
  <attribute name="GC Util currently" value="29" />
  <attribute name="CPU Util currently" value="6887482384051" />
<exclusive-end id="134" timestamp="2019-06-15T05:01:36.042" durationms="4.636" />

<exclusive-start id="135" timestamp="2019-06-15T05:01:36.115" intervalms="77.437">
  <response-info timems="0.039" idlems="0.039" threads="0" lastid="0000000001591500" lastname="Thread-4" />
</exclusive-start>
<allocation-taxation id="136" taxation-threshold="7340032" timestamp="2019-06-15T05:01:36.115" intervalms="77.448" />
<cycle-start id="137" type="partial gc" contextid="0" timestamp="2019-06-15T05:01:36.115" intervalms="77.459" />
<gc-start id="138" type="partial gc" contextid="137" timestamp="2019-06-15T05:01:36.115">
  <mem-info id="139" free="0" total="16777216" percent="0">
    <mem type="eden" free="0" total="7340032" percent="0" />
    <remembered-set count="5216" freebytes="648832" totalbytes="669696" percent="96" regionsoverflowed="0" regionsstable="0" regionsrebuilding="0"/>
  </mem-info>
</gc-start>
<allocation-stats totalBytes="7333696" >
  <allocated-bytes non-tlh="32776" tlh="7300920" arrayletleaf="0"/>
  <largest-consumer threadName="Thread-5" threadId="0000000001595100" bytes="2297856" />
</allocation-stats>
<gc-op id="140" type="mark" timems="0.925" contextid="137" timestamp="2019-06-15T05:01:36.117">
  <trace-info objectcount="2576" scancount="2084" scanbytes="420956" />
  <cardclean-info objects="1239" bytes="61436" />
  <remembered-set-cleared processed="3868" cleared="736" durationms="0.093" />
  <stringconstants candidates="3963" cleared="0"  />
  <warning details="Mark invoked due to insufficient free space for Copy-Forward" />
</gc-op>
<gc-op id="141" type="classunload" timems="0.002" contextid="137" timestamp="2019-06-15T05:01:36.117">
  <classunload-info classloadercandidates="20" classloadersunloaded="0" classesunloaded="0" anonymousclassesunloaded="0" quiescems="0.000" setupms="0.002" scanms="0.000" postms="0.000" />
</gc-op>
<gc-op id="142" type="sweep" timems="0.410" contextid="137" timestamp="2019-06-15T05:01:36.117" />
<gc-op id="143" type="compact" timems="1.067" contextid="137" timestamp="2019-06-15T05:01:36.119">
  <compact-info movecount="2576" movebytes="1020136" />
  <remembered-set-cleared processed="7970" cleared="1472" durationms="0.093" />
</gc-op>
<gc-end id="144" type="partial gc" contextid="137" durationms="3.485" usertimems="0.000" systemtimems="4.000" timestamp="2019-06-15T05:01:36.119" activeThreads="4">
  <mem-info id="145" free="6291456" total="16777216" percent="37">
    <mem type="eden" free="29696" total="1048576" percent="2" />
    <remembered-set count="5888" freebytes="646144" totalbytes="669696" percent="96" regionsoverflowed="0" regionsstable="0" regionsrebuilding="0"/>
  </mem-info>
</gc-end>
<cycle-end id="146" type="partial gc" contextid="137" timestamp="2019-06-15T05:01:36.119" />
  <attribute name="elasticGC enabled" value="1" />
  <attribute name= "numThreadsSpecified" value="4" />
  <attribute name="heapSize specified" value="0" />
  <attribute name="Current GC Util" value="27" />
  <attribute name= "Current Time Running" value="1363" />
  <attribute name ="GC Interval" value="0" />
  <attribute name="ProportionalT" value="3.500000" />
  <attribute name="ProportionalI" value="3.500000" />
  <attribute name="ProportionalH" value="3.500000" />
  <attribute name="Current Error" value="7.000000" />
  <attribute name="IntegralT" value="7.000000" />
  <attribute name="IntegralI" value="7.000000" />
  <attribute name="IntegralH" value="7.000000" />
  <attribute name="DerivativeT" value="10.500000" />
  <attribute name="DerivativeI" value="10.500000" />
  <attribute name="DerivativeH" value="10.500000" />
  <attribute name="Loop Time for DT" value="1.000000" />
  <attribute name="Output H" value="8388608"/>
  <attribute name="Output I" value="200"/>
  <attribute name="Output T" value="4"/>
  <attribute name="Target GC Util Change" value ="20.000000" />
  <attribute name="Current GC Util Change" value="27.000000"/>
  <attribute name="GC Util currently" value="27" />
  <attribute name="CPU Util currently" value="7518211575657" />
<exclusive-end id="147" timestamp="2019-06-15T05:01:36.119" durationms="4.160" />

<exclusive-start id="148" timestamp="2019-06-15T05:01:36.180" intervalms="65.106">
  <response-info timems="0.044" idlems="0.044" threads="0" lastid="0000000001595100" lastname="Thread-5" />
</exclusive-start>
<allocation-taxation id="149" taxation-threshold="6291456" timestamp="2019-06-15T05:01:36.180" intervalms="65.092" />
<cycle-start id="150" type="partial gc" contextid="0" timestamp="2019-06-15T05:01:36.180" intervalms="65.082" />
<gc-start id="151" type="partial gc" contextid="150" timestamp="2019-06-15T05:01:36.180">
  <mem-info id="152" free="0" total="16777216" percent="0">
    <mem type="eden" free="0" total="6291456" percent="0" />
    <remembered-set count="5408" freebytes="648064" totalbytes="669696" percent="96" regionsoverflowed="0" regionsstable="0" regionsrebuilding="0"/>
  </mem-info>
</gc-start>
<allocation-stats totalBytes="6232896" >
  <allocated-bytes non-tlh="0" tlh="6232896" arrayletleaf="0"/>
  <largest-consumer threadName="Thread-6" threadId="0000000001598D00" bytes="1884040" />
</allocation-stats>
<gc-op id="153" type="mark" timems="0.875" contextid="150" timestamp="2019-06-15T05:01:36.182">
  <trace-info objectcount="2040" scancount="1611" scanbytes="331824" />
  <cardclean-info objects="1195" bytes="59424" />
  <remembered-set-cleared processed="3961" cleared="753" durationms="0.096" />
  <references type="weak" candidates="1" cleared="0" enqueued="0" />
  <references type="phantom" candidates="2" cleared="0" enqueued="0" />
  <stringconstants candidates="3963" cleared="0"  />
  <warning details="Mark invoked due to insufficient free space for Copy-Forward" />
</gc-op>
<gc-op id="154" type="classunload" timems="0.002" contextid="150" timestamp="2019-06-15T05:01:36.182">
  <classunload-info classloadercandidates="20" classloadersunloaded="0" classesunloaded="0" anonymousclassesunloaded="0" quiescems="0.000" setupms="0.002" scanms="0.000" postms="0.000" />
</gc-op>
<gc-op id="155" type="sweep" timems="0.362" contextid="150" timestamp="2019-06-15T05:01:36.182" />
<gc-op id="156" type="compact" timems="0.990" contextid="150" timestamp="2019-06-15T05:01:36.183">
  <compact-info movecount="2040" movebytes="822064" />
  <remembered-set-cleared processed="7959" cleared="1312" durationms="0.096" />
</gc-op>
<heap-resize id="157" type="expand" space="default" amount="3145728" count="1" timems="0.070" reason="insufficient free space following gc" timestamp="2019-06-15T05:01:36.184" />
<gc-end id="158" type="partial gc" contextid="150" durationms="3.512" usertimems="4.000" systemtimems="0.000" timestamp="2019-06-15T05:01:36.184" activeThreads="4">
  <mem-info id="159" free="8388608" total="19922944" percent="42">
    <mem type="eden" free="226888" total="1048576" percent="21" />
    <remembered-set count="5600" freebytes="772864" totalbytes="795264" percent="97" regionsoverflowed="0" regionsstable="0" regionsrebuilding="0"/>
  </mem-info>
</gc-end>
<cycle-end id="160" type="partial gc" contextid="150" timestamp="2019-06-15T05:01:36.184" />
  <attribute name="elasticGC enabled" value="1" />
  <attribute name= "numThreadsSpecified" value="4" />
  <attribute name="heapSize specified" value="0" />
  <attribute name="Current GC Util" value="29" />
  <attribute name= "Current Time Running" value="1428" />
  <attribute name ="GC Interval" value="0" />
  <attribute name="ProportionalT" value="4.500000" />
  <attribute name="ProportionalI" value="4.500000" />
  <attribute name="ProportionalH" value="4.500000" />
  <attribute name="Current Error" value="9.000000" />
  <attribute name="IntegralT" value="9.000000" />
  <attribute name="IntegralI" value="9.000000" />
  <attribute name="IntegralH" value="9.000000" />
  <attribute name="DerivativeT" value="13.500000" />
  <attribute name="DerivativeI" value="13.500000" />
  <attribute name="DerivativeH" value="13.500000" />
  <attribute name="Loop Time for DT" value="1.000000" />
  <attribute name="Output H" value="8388608"/>
  <attribute name="Output I" value="200"/>
  <attribute name="Output T" value="4"/>
  <attribute name="Target GC Util Change" value ="20.000000" />
  <attribute name="Current GC Util Change" value="29.000000"/>
  <attribute name="GC Util currently" value="29" />
  <attribute name="CPU Util currently" value="8173067478148" />
<exclusive-end id="161" timestamp="2019-06-15T05:01:36.184" durationms="4.264" />

<exclusive-start id="162" timestamp="2019-06-15T05:01:36.228" intervalms="47.865">
  <response-info timems="0.036" idlems="0.036" threads="0" lastid="0000000001591500" lastname="Thread-4" />
</exclusive-start>
<allocation-taxation id="163" taxation-threshold="4194304" timestamp="2019-06-15T05:01:36.228" intervalms="47.880" />
<cycle-start id="164" type="global mark phase" contextid="0" timestamp="2019-06-15T05:01:36.228" intervalms="581.028" />
<gc-start id="165" type="global mark phase" contextid="164" timestamp="2019-06-15T05:01:36.228">
  <mem-info id="166" free="4194304" total="19922944" percent="21">
    <remembered-set count="5600" freebytes="772864" totalbytes="795264" percent="97" regionsoverflowed="0" regionsstable="0" regionsrebuilding="0"/>
  </mem-info>
</gc-start>
<gc-op id="167" type="mark increment" timems="0.472" contextid="164" timestamp="2019-06-15T05:01:36.229">
  <trace-info objectcount="224" scancount="0" scanbytes="0" />
</gc-op>
<gc-end id="168" type="global mark phase" contextid="164" durationms="0.592" usertimems="0.000" systemtimems="0.000" timestamp="2019-06-15T05:01:36.229" activeThreads="1">
  <mem-info id="169" free="4194304" total="19922944" percent="21">
    <remembered-set count="5600" freebytes="772864" totalbytes="795264" percent="97" regionsoverflowed="0" regionsstable="0" regionsrebuilding="0"/>
  </mem-info>
</gc-end>
<concurrent-start id="170" type="GMP work packet processing" contextid="164" timestamp="2019-06-15T05:01:36.229">
  <concurrent-mark-start scanTarget="18446744073709551615" />
</concurrent-start>
<exclusive-end id="171" timestamp="2019-06-15T05:01:36.229" durationms="0.965" />

<concurrent-end id="172" type="GMP work packet processing" contextid="164" timestamp="2019-06-15T05:01:36.232">
  <concurrent-mark-end bytesScanned="1620304" reasonForTermination="Completed all work in GC phase" />
</concurrent-end>

<exclusive-start id="173" timestamp="2019-06-15T05:01:36.283" intervalms="55.546">
  <response-info timems="0.044" idlems="0.024" threads="1" lastid="0000000001598D00" lastname="Thread-6" />
</exclusive-start>
<allocation-taxation id="174" taxation-threshold="4194304" timestamp="2019-06-15T05:01:36.284" intervalms="55.555" />
<cycle-start id="175" type="partial gc" contextid="0" timestamp="2019-06-15T05:01:36.284" intervalms="103.439" />
<gc-start id="176" type="partial gc" contextid="175" timestamp="2019-06-15T05:01:36.284">
  <mem-info id="177" free="0" total="19922944" percent="0">
    <mem type="eden" free="0" total="8388608" percent="0" />
    <remembered-set count="5600" freebytes="772864" totalbytes="795264" percent="97" regionsoverflowed="0" regionsstable="0" regionsrebuilding="0"/>
  </mem-info>
</gc-start>
<allocation-stats totalBytes="8282888" >
  <allocated-bytes non-tlh="8200" tlh="8274688" arrayletleaf="0"/>
  <largest-consumer threadName="Thread-3" threadId="000000000158D900" bytes="1671808" />
</allocation-stats>
<gc-op id="178" type="mark" timems="0.987" contextid="175" timestamp="2019-06-15T05:01:36.285">
  <trace-info objectcount="2212" scancount="1758" scanbytes="404920" />
  <cardclean-info objects="1237" bytes="61456" />
  <remembered-set-cleared processed="3925" cleared="683" durationms="0.097" />
  <references type="phantom" candidates="1" cleared="0" enqueued="0" />
  <stringconstants candidates="3963" cleared="0"  />
  <warning details="Mark invoked due to insufficient free space for Copy-Forward" />
</gc-op>
<gc-op id="179" type="classunload" timems="0.002" contextid="175" timestamp="2019-06-15T05:01:36.285">
  <classunload-info classloadercandidates="20" classloadersunloaded="0" classesunloaded="0" anonymousclassesunloaded="0" quiescems="0.000" setupms="0.002" scanms="0.000" postms="0.000" />
</gc-op>
<gc-op id="180" type="sweep" timems="0.436" contextid="175" timestamp="2019-06-15T05:01:36.286" />
<gc-op id="181" type="compact" timems="1.050" contextid="175" timestamp="2019-06-15T05:01:36.287">
  <compact-info movecount="2212" movebytes="913656" />
  <remembered-set-cleared processed="8043" cleared="1323" durationms="0.097" />
</gc-op>
<heap-resize id="182" type="expand" space="default" amount="2097152" count="1" timems="0.063" reason="insufficient free space following gc" timestamp="2019-06-15T05:01:36.287" />
<gc-end id="183" type="partial gc" contextid="175" durationms="3.701" usertimems="0.000" systemtimems="4.000" timestamp="2019-06-15T05:01:36.288" activeThreads="4">
  <mem-info id="184" free="9437184" total="22020096" percent="42">
    <mem type="eden" free="135064" total="1048576" percent="12" />
    <remembered-set count="5632" freebytes="856448" totalbytes="878976" percent="97" regionsoverflowed="0" regionsstable="0" regionsrebuilding="0"/>
  </mem-info>
</gc-end>
<cycle-end id="185" type="partial gc" contextid="175" timestamp="2019-06-15T05:01:36.288" />
  <attribute name="elasticGC enabled" value="1" />
  <attribute name= "numThreadsSpecified" value="4" />
  <attribute name="heapSize specified" value="0" />
  <attribute name="Current GC Util" value="28" />
  <attribute name= "Current Time Running" value="1532" />
  <attribute name ="GC Interval" value="0" />
  <attribute name="ProportionalT" value="4.000000" />
  <attribute name="ProportionalI" value="4.000000" />
  <attribute name="ProportionalH" value="4.000000" />
  <attribute name="Current Error" value="8.000000" />
  <attribute name="IntegralT" value="8.000000" />
  <attribute name="IntegralI" value="8.000000" />
  <attribute name="IntegralH" value="8.000000" />
  <attribute name="DerivativeT" value="12.000000" />
  <attribute name="DerivativeI" value="12.000000" />
  <attribute name="DerivativeH" value="12.000000" />
  <attribute name="Loop Time for DT" value="1.000000" />
  <attribute name="Output H" value="8388608"/>
  <attribute name="Output I" value="200"/>
  <attribute name="Output T" value="4"/>
  <attribute name="Target GC Util Change" value ="20.000000" />
  <attribute name="Current GC Util Change" value="28.000000"/>
  <attribute name="GC Util currently" value="28" />
  <attribute name="CPU Util currently" value="7091977487252" />
<exclusive-end id="186" timestamp="2019-06-15T05:01:36.288" durationms="4.333" />

<exclusive-start id="187" timestamp="2019-06-15T05:01:36.334" intervalms="50.240">
  <response-info timems="0.033" idlems="0.033" threads="0" lastid="000000000158D900" lastname="Thread-3" />
</exclusive-start>
<allocation-taxation id="188" taxation-threshold="4194304" timestamp="2019-06-15T05:01:36.334" intervalms="50.234" />
<gc-start id="189" type="global mark phase" contextid="164" timestamp="2019-06-15T05:01:36.334">
  <mem-info id="190" free="5242880" total="22020096" percent="23">
    <remembered-set count="5632" freebytes="856448" totalbytes="878976" percent="97" regionsoverflowed="0" regionsstable="0" regionsrebuilding="0"/>
  </mem-info>
</gc-start>
<gc-op id="191" type="mark increment" timems="1.156" contextid="164" timestamp="2019-06-15T05:01:36.335">
  <trace-info objectcount="1979" scancount="1611" scanbytes="350152" />
  <cardclean-info objects="1376" bytes="101776" />
  <finalization candidates="25" enqueued="0" />
  <references type="soft" candidates="164" cleared="0" enqueued="0" dynamicThreshold="13" maxThreshold="32" />
  <references type="weak" candidates="267" cleared="0" enqueued="0" />
  <references type="phantom" candidates="97" cleared="0" enqueued="0" />
  <stringconstants candidates="3963" cleared="0"  />
</gc-op>
<gc-op id="192" type="classunload" timems="0.003" contextid="164" timestamp="2019-06-15T05:01:36.335">
  <classunload-info classloadercandidates="20" classloadersunloaded="0" classesunloaded="0" anonymousclassesunloaded="0" quiescems="0.000" setupms="0.003" scanms="0.000" postms="0.000" />
</gc-op>
<gc-end id="193" type="global mark phase" contextid="164" durationms="1.403" usertimems="0.000" systemtimems="0.000" timestamp="2019-06-15T05:01:36.335" activeThreads="4">
  <mem-info id="194" free="5242880" total="22020096" percent="23">
    <remembered-set count="5632" freebytes="856448" totalbytes="878976" percent="97" regionsoverflowed="0" regionsstable="0" regionsrebuilding="0"/>
  </mem-info>
</gc-end>
<cycle-end id="195" type="global mark phase" contextid="164" timestamp="2019-06-15T05:01:36.335" />
  <attribute name="elasticGC enabled" value="1" />
  <attribute name= "numThreadsSpecified" value="4" />
  <attribute name="heapSize specified" value="0" />
  <attribute name="Current GC Util" value="77" />
  <attribute name= "Current Time Running" value="1580" />
  <attribute name ="GC Interval" value="0" />
  <attribute name="ProportionalT" value="28.500000" />
  <attribute name="ProportionalI" value="28.500000" />
  <attribute name="ProportionalH" value="28.500000" />
  <attribute name="Current Error" value="57.000000" />
  <attribute name="IntegralT" value="0.000000" />
  <attribute name="IntegralI" value="0.000000" />
  <attribute name="IntegralH" value="0.000000" />
  <attribute name="DerivativeT" value="-inf" />
  <attribute name="DerivativeI" value="-inf" />
  <attribute name="DerivativeH" value="-inf" />
  <attribute name="Loop Time for DT" value="0.000000" />
  <attribute name="Output H" value="2091843584"/>
  <attribute name="Output I" value="200"/>
  <attribute name="Output T" value="4"/>
  <attribute name="Target GC Util Change" value ="20.000000" />
  <attribute name="Current GC Util Change" value="77.000000"/>
  <attribute name="GC Util currently" value="77" />
  <attribute name="CPU Util currently" value="19335480072255" />
<exclusive-end id="196" timestamp="2019-06-15T05:01:36.335" durationms="1.720" />

<exclusive-start id="197" timestamp="2019-06-15T05:01:36.380" intervalms="46.655">
  <response-info timems="0.044" idlems="0.044" threads="0" lastid="0000000001591500" lastname="Thread-4" />
</exclusive-start>
<allocation-taxation id="198" taxation-threshold="4194304" timestamp="2019-06-15T05:01:36.380" intervalms="46.650" />
<cycle-start id="199" type="partial gc" contextid="0" timestamp="2019-06-15T05:01:36.381" intervalms="96.892" />
<gc-start id="200" type="partial gc" contextid="199" timestamp="2019-06-15T05:01:36.381">
  <mem-info id="201" free="1048576" total="22020096" percent="4">
    <mem type="eden" free="0" total="8388608" percent="0" />
    <remembered-set count="5632" freebytes="856448" totalbytes="878976" percent="97" regionsoverflowed="0" regionsstable="0" regionsrebuilding="0"/>
  </mem-info>
</gc-start>
<allocation-stats totalBytes="8271984" >
  <allocated-bytes non-tlh="16392" tlh="8255592" arrayletleaf="0"/>
  <largest-consumer threadName="Thread-3" threadId="000000000158D900" bytes="1813816" />
</allocation-stats>
<gc-op id="202" type="sweep" timems="0.478" contextid="199" timestamp="2019-06-15T05:01:36.381" />
<gc-op id="203" type="copy forward" timems="2.934" contextid="199" timestamp="2019-06-15T05:01:36.385">
  <memory-copied type="eden" objects="2561" bytes="991816" bytesdiscarded="51368" />
  <memory-copied type="other" objects="27" bytes="928" bytesdiscarded="8" />
  <memory-cardclean objects="1201" bytes="58672" />
  <regions eden="4" other="5" />
  <remembered-set-cleared processed="3996" cleared="710" durationms="0.086" />
  <references type="weak" candidates="1" cleared="0" enqueued="0" />
  <references type="phantom" candidates="1" cleared="0" enqueued="0" />
  <stringconstants candidates="3963" cleared="0"  />
  <heap-resize type="expand" space="default" amount="3145728" count="3" timems="0.590" reason="continue current collection" />
</gc-op>
<gc-op id="204" type="classunload" timems="0.002" contextid="199" timestamp="2019-06-15T05:01:36.385">
  <classunload-info classloadercandidates="20" classloadersunloaded="0" classesunloaded="0" anonymousclassesunloaded="0" quiescems="0.000" setupms="0.002" scanms="0.000" postms="0.000" />
</gc-op>
<heap-resize id="205" type="expand" space="default" amount="1048576" count="1" timems="0.064" reason="insufficient free space following gc" timestamp="2019-06-15T05:01:36.385" />
<gc-end id="206" type="partial gc" contextid="199" durationms="4.612" usertimems="8.000" systemtimems="0.000" timestamp="2019-06-15T05:01:36.385" activeThreads="4">
  <mem-info id="207" free="10485760" total="26214400" percent="40">
    <mem type="eden" free="2102328" total="3145728" percent="66" />
    <remembered-set count="6368" freebytes="1020928" totalbytes="1046400" percent="97" regionsoverflowed="0" regionsstable="0" regionsrebuilding="0"/>
  </mem-info>
</gc-end>
<cycle-end id="208" type="partial gc" contextid="199" timestamp="2019-06-15T05:01:36.386" />
  <attribute name="elasticGC enabled" value="1" />
  <attribute name= "numThreadsSpecified" value="4" />
  <attribute name="heapSize specified" value="0" />
  <attribute name="Current GC Util" value="0" />
  <attribute name= "Current Time Running" value="1628" />
  <attribute name ="GC Interval" value="0" />
  <attribute name="ProportionalT" value="-10.000000" />
  <attribute name="ProportionalI" value="-10.000000" />
  <attribute name="ProportionalH" value="-10.000000" />
  <attribute name="Current Error" value="-20.000000" />
  <attribute name="IntegralT" value="-20.000000" />
  <attribute name="IntegralI" value="-20.000000" />
  <attribute name="IntegralH" value="-20.000000" />
  <attribute name="DerivativeT" value="-46.500000" />
  <attribute name="DerivativeI" value="-46.500000" />
  <attribute name="DerivativeH" value="-46.500000" />
  <attribute name="Loop Time for DT" value="1.000000" />
  <attribute name="Output H" value="2091843584"/>
  <attribute name="Output I" value="200"/>
  <attribute name="Output T" value="4"/>
  <attribute name="Target GC Util Change" value ="20.000000" />
  <attribute name="Current GC Util Change" value="0.000000"/>
  <attribute name="GC Util currently" value="0" />
  <attribute name="CPU Util currently" value="16454205586345" />
<exclusive-end id="209" timestamp="2019-06-15T05:01:36.386" durationms="5.325" />

<exclusive-start id="210" timestamp="2019-06-15T05:01:36.532" intervalms="151.672">
  <response-info timems="0.040" idlems="0.040" threads="0" lastid="0000000001591500" lastname="Thread-4" />
</exclusive-start>
<allocation-taxation id="211" taxation-threshold="10485760" timestamp="2019-06-15T05:01:36.532" intervalms="151.677" />
<cycle-start id="212" type="partial gc" contextid="0" timestamp="2019-06-15T05:01:36.532" intervalms="151.669" />
<gc-start id="213" type="partial gc" contextid="212" timestamp="2019-06-15T05:01:36.532">
  <mem-info id="214" free="0" total="26214400" percent="0">
    <mem type="eden" free="0" total="10485760" percent="0" />
    <remembered-set count="4672" freebytes="1027712" totalbytes="1046400" percent="98" regionsoverflowed="0" regionsstable="1" regionsrebuilding="0"/>
  </mem-info>
</gc-start>
<allocation-stats totalBytes="10412704" >
  <allocated-bytes non-tlh="49168" tlh="10363536" arrayletleaf="0"/>
  <largest-consumer threadName="Thread-5" threadId="0000000001595100" bytes="3160664" />
</allocation-stats>
<gc-op id="215" type="mark" timems="0.928" contextid="212" timestamp="2019-06-15T05:01:36.534">
  <trace-info objectcount="2681" scancount="2108" scanbytes="418996" />
  <cardclean-info objects="1212" bytes="58968" />
  <remembered-set-cleared processed="2683" cleared="498" durationms="0.092" />
  <stringconstants candidates="3963" cleared="0"  />
  <warning details="Mark invoked due to insufficient free space for Copy-Forward" />
</gc-op>
<gc-op id="216" type="classunload" timems="0.003" contextid="212" timestamp="2019-06-15T05:01:36.534">
  <classunload-info classloadercandidates="20" classloadersunloaded="0" classesunloaded="0" anonymousclassesunloaded="0" quiescems="0.000" setupms="0.002" scanms="0.000" postms="0.000" />
</gc-op>
<gc-op id="217" type="sweep" timems="0.435" contextid="212" timestamp="2019-06-15T05:01:36.534" />
<gc-op id="218" type="compact" timems="1.548" contextid="212" timestamp="2019-06-15T05:01:36.536">
  <compact-info movecount="2681" movebytes="1041344" />
  <remembered-set-cleared processed="3819" cleared="1344" durationms="0.092" />
</gc-op>
<gc-end id="219" type="partial gc" contextid="212" durationms="4.061" usertimems="4.000" systemtimems="0.000" timestamp="2019-06-15T05:01:36.536" activeThreads="4">
  <mem-info id="220" free="11534336" total="26214400" percent="44">
    <mem type="eden" free="9192" total="1048576" percent="0" />
    <remembered-set count="3904" freebytes="1030784" totalbytes="1046400" percent="98" regionsoverflowed="0" regionsstable="1" regionsrebuilding="0"/>
  </mem-info>
</gc-end>
<cycle-end id="221" type="partial gc" contextid="212" timestamp="2019-06-15T05:01:36.537" />
  <attribute name="elasticGC enabled" value="1" />
  <attribute name= "numThreadsSpecified" value="4" />
  <attribute name="heapSize specified" value="0" />
  <attribute name="Current GC Util" value="28" />
  <attribute name= "Current Time Running" value="1780" />
  <attribute name ="GC Interval" value="0" />
  <attribute name="ProportionalT" value="4.000000" />
  <attribute name="ProportionalI" value="4.000000" />
  <attribute name="ProportionalH" value="4.000000" />
  <attribute name="Current Error" value="8.000000" />
  <attribute name="IntegralT" value="8.000000" />
  <attribute name="IntegralI" value="8.000000" />
  <attribute name="IntegralH" value="8.000000" />
  <attribute name="DerivativeT" value="12.000000" />
  <attribute name="DerivativeI" value="12.000000" />
  <attribute name="DerivativeH" value="12.000000" />
  <attribute name="Loop Time for DT" value="1.000000" />
  <attribute name="Output H" value="8388608"/>
  <attribute name="Output I" value="200"/>
  <attribute name="Output T" value="4"/>
  <attribute name="Target GC Util Change" value ="20.000000" />
  <attribute name="Current GC Util Change" value="28.000000"/>
  <attribute name="GC Util currently" value="28" />
  <attribute name="CPU Util currently" value="7331377980074" />
<exclusive-end id="222" timestamp="2019-06-15T05:01:36.537" durationms="5.015" />

<exclusive-start id="223" timestamp="2019-06-15T05:01:36.647" intervalms="115.416">
  <response-info timems="0.035" idlems="0.035" threads="0" lastid="000000000158D900" lastname="Thread-3" />
</exclusive-start>
<allocation-taxation id="224" taxation-threshold="11534336" timestamp="2019-06-15T05:01:36.648" intervalms="115.406" />
<cycle-start id="225" type="partial gc" contextid="0" timestamp="2019-06-15T05:01:36.648" intervalms="115.409" />
<gc-start id="226" type="partial gc" contextid="225" timestamp="2019-06-15T05:01:36.648">
  <mem-info id="227" free="0" total="26214400" percent="0">
    <mem type="eden" free="0" total="11534336" percent="0" />
    <remembered-set count="3712" freebytes="1031552" totalbytes="1046400" percent="98" regionsoverflowed="0" regionsstable="1" regionsrebuilding="0"/>
  </mem-info>
</gc-start>
<allocation-stats totalBytes="11525432" >
  <allocated-bytes non-tlh="16392" tlh="11509040" arrayletleaf="0"/>
  <largest-consumer threadName="Thread-3" threadId="000000000158D900" bytes="3576224" />
</allocation-stats>
<gc-op id="228" type="mark" timems="0.941" contextid="225" timestamp="2019-06-15T05:01:36.649">
  <trace-info objectcount="2676" scancount="2139" scanbytes="421376" />
  <cardclean-info objects="1197" bytes="57752" />
  <remembered-set-cleared processed="2594" cleared="604" durationms="0.094" />
  <stringconstants candidates="3963" cleared="0"  />
  <warning details="Mark invoked due to insufficient free space for Copy-Forward" />
</gc-op>
<gc-op id="229" type="classunload" timems="0.001" contextid="225" timestamp="2019-06-15T05:01:36.649">
  <classunload-info classloadercandidates="20" classloadersunloaded="0" classesunloaded="0" anonymousclassesunloaded="0" quiescems="0.000" setupms="0.001" scanms="0.000" postms="0.000" />
</gc-op>
<gc-op id="230" type="sweep" timems="0.449" contextid="225" timestamp="2019-06-15T05:01:36.650" />
<gc-op id="231" type="compact" timems="0.930" contextid="225" timestamp="2019-06-15T05:01:36.651">
  <compact-info movecount="2676" movebytes="1024160" />
  <remembered-set-cleared processed="5417" cleared="1273" durationms="0.094" />
</gc-op>
<gc-end id="232" type="partial gc" contextid="225" durationms="3.446" usertimems="4.000" systemtimems="0.000" timestamp="2019-06-15T05:01:36.651" activeThreads="4">
  <mem-info id="233" free="10485760" total="26214400" percent="40">
    <mem type="eden" free="24520" total="1048576" percent="2" />
    <remembered-set count="4800" freebytes="1027200" totalbytes="1046400" percent="98" regionsoverflowed="0" regionsstable="1" regionsrebuilding="0"/>
  </mem-info>
</gc-end>
<cycle-end id="234" type="partial gc" contextid="225" timestamp="2019-06-15T05:01:36.651" />
  <attribute name="elasticGC enabled" value="1" />
  <attribute name= "numThreadsSpecified" value="4" />
  <attribute name="heapSize specified" value="0" />
  <attribute name="Current GC Util" value="31" />
  <attribute name= "Current Time Running" value="1896" />
  <attribute name ="GC Interval" value="0" />
  <attribute name="ProportionalT" value="5.500000" />
  <attribute name="ProportionalI" value="5.500000" />
  <attribute name="ProportionalH" value="5.500000" />
  <attribute name="Current Error" value="11.000000" />
  <attribute name="IntegralT" value="11.000000" />
  <attribute name="IntegralI" value="11.000000" />
  <attribute name="IntegralH" value="11.000000" />
  <attribute name="DerivativeT" value="16.500000" />
  <attribute name="DerivativeI" value="16.500000" />
  <attribute name="DerivativeH" value="16.500000" />
  <attribute name="Loop Time for DT" value="1.000000" />
  <attribute name="Output H" value="8388608"/>
  <attribute name="Output I" value="200"/>
  <attribute name="Output T" value="4"/>
  <attribute name="Target GC Util Change" value ="20.000000" />
  <attribute name="Current GC Util Change" value="31.000000"/>
  <attribute name="GC Util currently" value="31" />
  <attribute name="CPU Util currently" value="6793269927367" />
<exclusive-end id="235" timestamp="2019-06-15T05:01:36.652" durationms="4.129" />

<exclusive-start id="236" timestamp="2019-06-15T05:01:36.746" intervalms="98.618">
  <response-info timems="0.040" idlems="0.040" threads="0" lastid="0000000001595100" lastname="Thread-5" />
</exclusive-start>
<allocation-taxation id="237" taxation-threshold="10485760" timestamp="2019-06-15T05:01:36.746" intervalms="98.650" />
<cycle-start id="238" type="partial gc" contextid="0" timestamp="2019-06-15T05:01:36.746" intervalms="98.655" />
<gc-start id="239" type="partial gc" contextid="238" timestamp="2019-06-15T05:01:36.746">
  <mem-info id="240" free="0" total="26214400" percent="0">
    <mem type="eden" free="0" total="10485760" percent="0" />
    <remembered-set count="4512" freebytes="1028352" totalbytes="1046400" percent="98" regionsoverflowed="0" regionsstable="1" regionsrebuilding="0"/>
  </mem-info>
</gc-start>
<allocation-stats totalBytes="10457888" >
  <allocated-bytes non-tlh="32784" tlh="10425104" arrayletleaf="0"/>
  <largest-consumer threadName="Thread-4" threadId="0000000001591500" bytes="3278920" />
</allocation-stats>
<gc-op id="241" type="mark" timems="0.977" contextid="238" timestamp="2019-06-15T05:01:36.748">
  <trace-info objectcount="1984" scancount="1601" scanbytes="351608" />
  <cardclean-info objects="1196" bytes="57528" />
  <remembered-set-cleared processed="2666" cleared="650" durationms="0.129" />
  <stringconstants candidates="3963" cleared="0"  />
  <warning details="Mark invoked due to insufficient free space for Copy-Forward" />
</gc-op>
<gc-op id="242" type="classunload" timems="0.002" contextid="238" timestamp="2019-06-15T05:01:36.748">
  <classunload-info classloadercandidates="20" classloadersunloaded="0" classesunloaded="0" anonymousclassesunloaded="0" quiescems="0.000" setupms="0.001" scanms="0.000" postms="0.000" />
</gc-op>
<gc-op id="243" type="sweep" timems="0.522" contextid="238" timestamp="2019-06-15T05:01:36.749" />
<gc-op id="244" type="compact" timems="1.175" contextid="238" timestamp="2019-06-15T05:01:36.750">
  <compact-info movecount="1982" movebytes="860240" />
  <remembered-set-cleared processed="5355" cleared="1150" durationms="0.129" />
</gc-op>
<heap-resize id="245" type="expand" space="default" amount="1048576" count="1" timems="0.053" reason="insufficient free space following gc" timestamp="2019-06-15T05:01:36.750" />
<gc-end id="246" type="partial gc" contextid="238" durationms="4.052" usertimems="4.000" systemtimems="0.000" timestamp="2019-06-15T05:01:36.751" activeThreads="1">
  <mem-info id="247" free="10485760" total="27262976" percent="38">
    <mem type="eden" free="188776" total="1048576" percent="18" />
    <remembered-set count="4768" freebytes="1069184" totalbytes="1088256" percent="98" regionsoverflowed="0" regionsstable="1" regionsrebuilding="0"/>
  </mem-info>
</gc-end>
<cycle-end id="248" type="partial gc" contextid="238" timestamp="2019-06-15T05:01:36.751" />
  <attribute name="elasticGC enabled" value="1" />
  <attribute name= "numThreadsSpecified" value="1" />
  <attribute name="heapSize specified" value="0" />
  <attribute name="Current GC Util" value="35" />
  <attribute name= "Current Time Running" value="1994" />
  <attribute name ="GC Interval" value="0" />
  <attribute name="ProportionalT" value="7.500000" />
  <attribute name="ProportionalI" value="7.500000" />
  <attribute name="ProportionalH" value="7.500000" />
  <attribute name="Current Error" value="15.000000" />
  <attribute name="IntegralT" value="0.000000" />
  <attribute name="IntegralI" value="0.000000" />
  <attribute name="IntegralH" value="0.000000" />
  <attribute name="DerivativeT" value="inf" />
  <attribute name="DerivativeI" value="inf" />
  <attribute name="DerivativeH" value="inf" />
  <attribute name="Loop Time for DT" value="0.000000" />
  <attribute name="Output H" value="8388608"/>
  <attribute name="Output I" value="200"/>
  <attribute name="Output T" value="1"/>
  <attribute name="Target GC Util Change" value ="20.000000" />
  <attribute name="Current GC Util Change" value="35.000000"/>
  <attribute name="GC Util currently" value="35" />
  <attribute name="CPU Util currently" value="5897900061434" />
<exclusive-end id="249" timestamp="2019-06-15T05:01:36.751" durationms="4.980" />

<exclusive-start id="250" timestamp="2019-06-15T05:01:36.801" intervalms="54.814">
  <response-info timems="0.039" idlems="0.039" threads="0" lastid="0000000001598D00" lastname="Thread-6" />
</exclusive-start>
<allocation-taxation id="251" taxation-threshold="5242880" timestamp="2019-06-15T05:01:36.801" intervalms="54.788" />
<cycle-start id="252" type="global mark phase" contextid="0" timestamp="2019-06-15T05:01:36.801" intervalms="572.962" />
<gc-start id="253" type="global mark phase" contextid="252" timestamp="2019-06-15T05:01:36.801">
  <mem-info id="254" free="5242880" total="27262976" percent="19">
    <remembered-set count="4288" freebytes="1071104" totalbytes="1088256" percent="98" regionsoverflowed="0" regionsstable="1" regionsrebuilding="0"/>
  </mem-info>
</gc-start>
<gc-op id="255" type="mark increment" timems="0.468" contextid="252" timestamp="2019-06-15T05:01:36.802">
  <trace-info objectcount="252" scancount="0" scanbytes="0" />
</gc-op>
<gc-end id="256" type="global mark phase" contextid="252" durationms="0.581" usertimems="0.000" systemtimems="0.000" timestamp="2019-06-15T05:01:36.802" activeThreads="1">
  <mem-info id="257" free="5242880" total="27262976" percent="19">
    <remembered-set count="4288" freebytes="1071104" totalbytes="1088256" percent="98" regionsoverflowed="0" regionsstable="0" regionsrebuilding="1"/>
  </mem-info>
</gc-end>
<concurrent-start id="258" type="GMP work packet processing" contextid="252" timestamp="2019-06-15T05:01:36.802">
  <concurrent-mark-start scanTarget="18446744073709551615" />
</concurrent-start>
<exclusive-end id="259" timestamp="2019-06-15T05:01:36.802" durationms="1.112" />

<concurrent-end id="260" type="GMP work packet processing" contextid="252" timestamp="2019-06-15T05:01:36.803">
  <concurrent-mark-end bytesScanned="1583732" reasonForTermination="Completed all work in GC phase" />
</concurrent-end>

<exclusive-start id="261" timestamp="2019-06-15T05:01:36.844" intervalms="43.062">
  <response-info timems="0.027" idlems="0.027" threads="0" lastid="0000000001591500" lastname="Thread-4" />
</exclusive-start>
<allocation-taxation id="262" taxation-threshold="5242880" timestamp="2019-06-15T05:01:36.844" intervalms="43.061" />
<cycle-start id="263" type="partial gc" contextid="0" timestamp="2019-06-15T05:01:36.844" intervalms="97.842" />
<gc-start id="264" type="partial gc" contextid="263" timestamp="2019-06-15T05:01:36.844">
  <mem-info id="265" free="0" total="27262976" percent="0">
    <mem type="eden" free="0" total="10485760" percent="0" />
    <remembered-set count="6624" freebytes="1061760" totalbytes="1088256" percent="97" regionsoverflowed="0" regionsstable="0" regionsrebuilding="1"/>
  </mem-info>
</gc-start>
<allocation-stats totalBytes="10401560" >
  <allocated-bytes non-tlh="49168" tlh="10352392" arrayletleaf="0"/>
  <largest-consumer threadName="Thread-6" threadId="0000000001598D00" bytes="1716152" />
</allocation-stats>
<gc-op id="266" type="mark" timems="1.015" contextid="263" timestamp="2019-06-15T05:01:36.846">
  <trace-info objectcount="2537" scancount="2061" scanbytes="419736" />
  <cardclean-info objects="1210" bytes="58264" />
  <remembered-set-cleared processed="4853" cleared="777" durationms="0.125" />
  <stringconstants candidates="3963" cleared="0"  />
  <warning details="Mark invoked due to insufficient free space for Copy-Forward" />
</gc-op>
<gc-op id="267" type="classunload" timems="0.002" contextid="263" timestamp="2019-06-15T05:01:36.846">
  <classunload-info classloadercandidates="20" classloadersunloaded="0" classesunloaded="0" anonymousclassesunloaded="0" quiescems="0.000" setupms="0.002" scanms="0.000" postms="0.000" />
</gc-op>
<gc-op id="268" type="sweep" timems="0.435" contextid="263" timestamp="2019-06-15T05:01:36.846" />
<gc-op id="269" type="compact" timems="1.156" contextid="263" timestamp="2019-06-15T05:01:36.848">
  <compact-info movecount="2537" movebytes="1017888" />
  <remembered-set-cleared processed="9874" cleared="1485" durationms="0.125" />
</gc-op>
<gc-end id="270" type="partial gc" contextid="263" durationms="3.605" usertimems="4.000" systemtimems="4.000" timestamp="2019-06-15T05:01:36.848" activeThreads="4">
  <mem-info id="271" free="10485760" total="27262976" percent="38">
    <mem type="eden" free="30688" total="1048576" percent="2" />
    <remembered-set count="7072" freebytes="1059968" totalbytes="1088256" percent="97" regionsoverflowed="0" regionsstable="0" regionsrebuilding="1"/>
  </mem-info>
</gc-end>
<cycle-end id="272" type="partial gc" contextid="263" timestamp="2019-06-15T05:01:36.848" />
  <attribute name="elasticGC enabled" value="1" />
  <attribute name= "numThreadsSpecified" value="4" />
  <attribute name="heapSize specified" value="0" />
  <attribute name="Current GC Util" value="35" />
  <attribute name= "Current Time Running" value="2092" />
  <attribute name ="GC Interval" value="0" />
  <attribute name="ProportionalT" value="7.500000" />
  <attribute name="ProportionalI" value="7.500000" />
  <attribute name="ProportionalH" value="7.500000" />
  <attribute name="Current Error" value="15.000000" />
  <attribute name="IntegralT" value="15.000000" />
  <attribute name="IntegralI" value="15.000000" />
  <attribute name="IntegralH" value="15.000000" />
  <attribute name="DerivativeT" value="22.500000" />
  <attribute name="DerivativeI" value="22.500000" />
  <attribute name="DerivativeH" value="22.500000" />
  <attribute name="Loop Time for DT" value="1.000000" />
  <attribute name="Output H" value="8388608"/>
  <attribute name="Output I" value="200"/>
  <attribute name="Output T" value="4"/>
  <attribute name="Target GC Util Change" value ="20.000000" />
  <attribute name="Current GC Util Change" value="35.000000"/>
  <attribute name="GC Util currently" value="35" />
  <attribute name="CPU Util currently" value="7434378143917" />
<exclusive-end id="273" timestamp="2019-06-15T05:01:36.848" durationms="4.240" />

<exclusive-start id="274" timestamp="2019-06-15T05:01:36.891" intervalms="46.996">
  <response-info timems="0.040" idlems="0.040" threads="0" lastid="0000000001595100" lastname="Thread-5" />
</exclusive-start>
<allocation-taxation id="275" taxation-threshold="5242880" timestamp="2019-06-15T05:01:36.891" intervalms="46.998" />
<gc-start id="276" type="global mark phase" contextid="252" timestamp="2019-06-15T05:01:36.891">
  <mem-info id="277" free="5242880" total="27262976" percent="19">
    <remembered-set count="6752" freebytes="1061248" totalbytes="1088256" percent="97" regionsoverflowed="0" regionsstable="0" regionsrebuilding="1"/>
  </mem-info>
</gc-start>
<gc-op id="278" type="mark increment" timems="1.488" contextid="252" timestamp="2019-06-15T05:01:36.893">
  <trace-info objectcount="2609" scancount="2077" scanbytes="417968" />
  <cardclean-info objects="1427" bytes="69028" />
  <finalization candidates="25" enqueued="0" />
  <references type="soft" candidates="164" cleared="0" enqueued="0" dynamicThreshold="12" maxThreshold="32" />
  <references type="weak" candidates="266" cleared="0" enqueued="0" />
  <references type="phantom" candidates="97" cleared="0" enqueued="0" />
  <stringconstants candidates="3963" cleared="0"  />
</gc-op>
<gc-op id="279" type="classunload" timems="0.003" contextid="252" timestamp="2019-06-15T05:01:36.893">
  <classunload-info classloadercandidates="20" classloadersunloaded="0" classesunloaded="0" anonymousclassesunloaded="0" quiescems="0.000" setupms="0.003" scanms="0.000" postms="0.000" />
</gc-op>
<gc-end id="280" type="global mark phase" contextid="252" durationms="1.738" usertimems="4.000" systemtimems="0.000" timestamp="2019-06-15T05:01:36.893" activeThreads="4">
  <mem-info id="281" free="5242880" total="27262976" percent="19">
    <remembered-set count="7264" freebytes="1059200" totalbytes="1088256" percent="97" regionsoverflowed="0" regionsstable="0" regionsrebuilding="0"/>
  </mem-info>
</gc-end>
<cycle-end id="282" type="global mark phase" contextid="252" timestamp="2019-06-15T05:01:36.893" />
  <attribute name="elasticGC enabled" value="1" />
  <attribute name= "numThreadsSpecified" value="4" />
  <attribute name="heapSize specified" value="0" />
  <attribute name="Current GC Util" value="0" />
  <attribute name= "Current Time Running" value="2137" />
  <attribute name ="GC Interval" value="0" />
  <attribute name="ProportionalT" value="-10.000000" />
  <attribute name="ProportionalI" value="-10.000000" />
  <attribute name="ProportionalH" value="-10.000000" />
  <attribute name="Current Error" value="-20.000000" />
  <attribute name="IntegralT" value="0.000000" />
  <attribute name="IntegralI" value="0.000000" />
  <attribute name="IntegralH" value="0.000000" />
  <attribute name="DerivativeT" value="-inf" />
  <attribute name="DerivativeI" value="-inf" />
  <attribute name="DerivativeH" value="-inf" />
  <attribute name="Loop Time for DT" value="0.000000" />
  <attribute name="Output H" value="2091843584"/>
  <attribute name="Output I" value="200"/>
  <attribute name="Output T" value="4"/>
  <attribute name="Target GC Util Change" value ="20.000000" />
  <attribute name="Current GC Util Change" value="0.000000"/>
  <attribute name="GC Util currently" value="0" />
  <attribute name="CPU Util currently" value="15174412382450" />
<exclusive-end id="283" timestamp="2019-06-15T05:01:36.893" durationms="2.097" />

<exclusive-start id="284" timestamp="2019-06-15T05:01:36.933" intervalms="41.863">
  <response-info timems="0.039" idlems="0.021" threads="1" lastid="000000000158D900" lastname="Thread-3" />
</exclusive-start>
<allocation-taxation id="285" taxation-threshold="5242880" timestamp="2019-06-15T05:01:36.933" intervalms="41.862" />
<cycle-start id="286" type="partial gc" contextid="0" timestamp="2019-06-15T05:01:36.933" intervalms="88.868" />
<gc-start id="287" type="partial gc" contextid="286" timestamp="2019-06-15T05:01:36.933">
  <mem-info id="288" free="0" total="27262976" percent="0">
    <mem type="eden" free="0" total="10485760" percent="0" />
    <remembered-set count="4416" freebytes="1070592" totalbytes="1088256" percent="98" regionsoverflowed="0" regionsstable="1" regionsrebuilding="0"/>
  </mem-info>
</gc-start>
<allocation-stats totalBytes="10361736" >
  <allocated-bytes non-tlh="49168" tlh="10312568" arrayletleaf="0"/>
  <largest-consumer threadName="Thread-4" threadId="0000000001591500" bytes="2248600" />
</allocation-stats>
<gc-op id="289" type="sweep" timems="0.484" contextid="286" timestamp="2019-06-15T05:01:36.934" />
<gc-op id="290" type="copy forward" timems="1.214" contextid="286" timestamp="2019-06-15T05:01:36.936">
  <memory-copied type="eden" objects="1958" bytes="829976" bytesdiscarded="0" />
  <memory-copied type="other" objects="20" bytes="552" bytesdiscarded="0" />
  <memory-cardclean objects="1208" bytes="58896" />
  <regions eden="5" other="6" />
  <remembered-set-cleared processed="2683" cleared="622" durationms="0.097" />
  <stringconstants candidates="3963" cleared="0"  />
  <heap-resize type="expand" space="default" amount="1048576" count="1" timems="0.063" reason="continue current collection" />
</gc-op>
<gc-op id="291" type="classunload" timems="0.002" contextid="286" timestamp="2019-06-15T05:01:36.936">
  <classunload-info classloadercandidates="20" classloadersunloaded="0" classesunloaded="0" anonymousclassesunloaded="0" quiescems="0.000" setupms="0.002" scanms="0.000" postms="0.000" />
</gc-op>
<gc-end id="292" type="partial gc" contextid="286" durationms="2.787" usertimems="0.000" systemtimems="0.000" timestamp="2019-06-15T05:01:36.936" activeThreads="1">
  <mem-info id="293" free="11534336" total="28311552" percent="40">
    <mem type="eden" free="218144" total="1048576" percent="20" />
    <remembered-set count="4736" freebytes="1111168" totalbytes="1130112" percent="98" regionsoverflowed="0" regionsstable="1" regionsrebuilding="0"/>
  </mem-info>
</gc-end>
<cycle-end id="294" type="partial gc" contextid="286" timestamp="2019-06-15T05:01:36.936" />
  <attribute name="elasticGC enabled" value="1" />
  <attribute name= "numThreadsSpecified" value="1" />
  <attribute name="heapSize specified" value="0" />
  <attribute name="Current GC Util" value="64" />
  <attribute name= "Current Time Running" value="2180" />
  <attribute name ="GC Interval" value="0" />
  <attribute name="ProportionalT" value="22.000000" />
  <attribute name="ProportionalI" value="22.000000" />
  <attribute name="ProportionalH" value="22.000000" />
  <attribute name="Current Error" value="44.000000" />
  <attribute name="IntegralT" value="0.000000" />
  <attribute name="IntegralI" value="0.000000" />
  <attribute name="IntegralH" value="0.000000" />
  <attribute name="DerivativeT" value="inf" />
  <attribute name="DerivativeI" value="inf" />
  <attribute name="DerivativeH" value="inf" />
  <attribute name="Loop Time for DT" value="0.000000" />
  <attribute name="Output H" value="8388608"/>
  <attribute name="Output I" value="200"/>
  <attribute name="Output T" value="1"/>
  <attribute name="Target GC Util Change" value ="20.000000" />
  <attribute name="Current GC Util Change" value="64.000000"/>
  <attribute name="GC Util currently" value="64" />
  <attribute name="CPU Util currently" value="23340027510243" />
<exclusive-end id="295" timestamp="2019-06-15T05:01:36.936" durationms="3.565" />

<exclusive-start id="296" timestamp="2019-06-15T05:01:37.031" intervalms="98.609">
  <response-info timems="0.030" idlems="0.030" threads="0" lastid="0000000001598D00" lastname="Thread-6" />
</exclusive-start>
<allocation-taxation id="297" taxation-threshold="11534336" timestamp="2019-06-15T05:01:37.032" intervalms="98.607" />
<cycle-start id="298" type="partial gc" contextid="0" timestamp="2019-06-15T05:01:37.032" intervalms="98.617" />
<gc-start id="299" type="partial gc" contextid="298" timestamp="2019-06-15T05:01:37.032">
  <mem-info id="300" free="0" total="28311552" percent="0">
    <mem type="eden" free="0" total="11534336" percent="0" />
    <remembered-set count="4256" freebytes="1113088" totalbytes="1130112" percent="98" regionsoverflowed="0" regionsstable="1" regionsrebuilding="0"/>
  </mem-info>
</gc-start>
<allocation-stats totalBytes="11525968" >
  <allocated-bytes non-tlh="0" tlh="11525968" arrayletleaf="0"/>
  <largest-consumer threadName="Thread-6" threadId="0000000001598D00" bytes="3480488" />
</allocation-stats>
<gc-op id="301" type="mark" timems="0.886" contextid="298" timestamp="2019-06-15T05:01:37.033">
  <trace-info objectcount="2085" scancount="1671" scanbytes="333892" />
  <cardclean-info objects="1208" bytes="58644" />
  <remembered-set-cleared processed="2516" cleared="454" durationms="0.101" />
  <stringconstants candidates="3963" cleared="0"  />
  <warning details="Mark invoked due to insufficient free space for Copy-Forward" />
</gc-op>
<gc-op id="302" type="classunload" timems="0.002" contextid="298" timestamp="2019-06-15T05:01:37.033">
  <classunload-info classloadercandidates="20" classloadersunloaded="0" classesunloaded="0" anonymousclassesunloaded="0" quiescems="0.000" setupms="0.002" scanms="0.000" postms="0.000" />
</gc-op>
<gc-op id="303" type="sweep" timems="0.454" contextid="298" timestamp="2019-06-15T05:01:37.034" />
<gc-op id="304" type="compact" timems="1.578" contextid="298" timestamp="2019-06-15T05:01:37.036">
  <compact-info movecount="5233" movebytes="934912" />
  <remembered-set-cleared processed="3532" cleared="1154" durationms="0.101" />
</gc-op>
<gc-end id="305" type="partial gc" contextid="298" durationms="4.116" usertimems="0.000" systemtimems="8.000" timestamp="2019-06-15T05:01:37.036" activeThreads="4">
  <mem-info id="306" free="10485760" total="28311552" percent="37">
    <mem type="eden" free="285808" total="1048576" percent="27" />
    <remembered-set count="4512" freebytes="1112064" totalbytes="1130112" percent="98" regionsoverflowed="0" regionsstable="1" regionsrebuilding="0"/>
  </mem-info>
</gc-end>
<cycle-end id="307" type="partial gc" contextid="298" timestamp="2019-06-15T05:01:37.036" />
  <attribute name="elasticGC enabled" value="1" />
  <attribute name= "numThreadsSpecified" value="4" />
  <attribute name="heapSize specified" value="0" />
  <attribute name="Current GC Util" value="30" />
  <attribute name= "Current Time Running" value="2280" />
  <attribute name ="GC Interval" value="0" />
  <attribute name="ProportionalT" value="5.000000" />
  <attribute name="ProportionalI" value="5.000000" />
  <attribute name="ProportionalH" value="5.000000" />
  <attribute name="Current Error" value="10.000000" />
  <attribute name="IntegralT" value="10.000000" />
  <attribute name="IntegralI" value="10.000000" />
  <attribute name="IntegralH" value="10.000000" />
  <attribute name="DerivativeT" value="15.000000" />
  <attribute name="DerivativeI" value="15.000000" />
  <attribute name="DerivativeH" value="15.000000" />
  <attribute name="Loop Time for DT" value="1.000000" />
  <attribute name="Output H" value="8388608"/>
  <attribute name="Output I" value="200"/>
  <attribute name="Output T" value="4"/>
  <attribute name="Target GC Util Change" value ="20.000000" />
  <attribute name="Current GC Util Change" value="30.000000"/>
  <attribute name="GC Util currently" value="30" />
  <attribute name="CPU Util currently" value="6679092114010" />
<exclusive-end id="308" timestamp="2019-06-15T05:01:37.036" durationms="4.850" />

<exclusive-start id="309" timestamp="2019-06-15T05:01:37.073" intervalms="41.433">
  <response-info timems="0.035" idlems="0.035" threads="0" lastid="0000000001595100" lastname="Thread-5" />
</exclusive-start>
<allocation-taxation id="310" taxation-threshold="5242880" timestamp="2019-06-15T05:01:37.073" intervalms="41.438" />
<cycle-start id="311" type="global mark phase" contextid="0" timestamp="2019-06-15T05:01:37.073" intervalms="271.968" />
<gc-start id="312" type="global mark phase" contextid="311" timestamp="2019-06-15T05:01:37.073">
  <mem-info id="313" free="5242880" total="28311552" percent="18">
    <remembered-set count="4320" freebytes="1112832" totalbytes="1130112" percent="98" regionsoverflowed="0" regionsstable="1" regionsrebuilding="0"/>
  </mem-info>
</gc-start>
<gc-op id="314" type="mark increment" timems="0.481" contextid="311" timestamp="2019-06-15T05:01:37.074">
  <trace-info objectcount="276" scancount="0" scanbytes="0" />
</gc-op>
<gc-end id="315" type="global mark phase" contextid="311" durationms="0.665" usertimems="0.000" systemtimems="0.000" timestamp="2019-06-15T05:01:37.074" activeThreads="1">
  <mem-info id="316" free="5242880" total="28311552" percent="18">
    <remembered-set count="4320" freebytes="1112832" totalbytes="1130112" percent="98" regionsoverflowed="0" regionsstable="0" regionsrebuilding="1"/>
  </mem-info>
</gc-end>
<concurrent-start id="317" type="GMP work packet processing" contextid="311" timestamp="2019-06-15T05:01:37.074">
  <concurrent-mark-start scanTarget="18446744073709551615" />
</concurrent-start>
<exclusive-end id="318" timestamp="2019-06-15T05:01:37.074" durationms="1.217" />

<concurrent-end id="319" type="GMP work packet processing" contextid="311" timestamp="2019-06-15T05:01:37.075">
  <concurrent-mark-end bytesScanned="1648156" reasonForTermination="Completed all work in GC phase" />
</concurrent-end>

<exclusive-start id="320" timestamp="2019-06-15T05:01:37.124" intervalms="51.455">
  <response-info timems="0.049" idlems="0.049" threads="0" lastid="0000000001591500" lastname="Thread-4" />
</exclusive-start>
<allocation-taxation id="321" taxation-threshold="5242880" timestamp="2019-06-15T05:01:37.124" intervalms="51.465" />
<cycle-start id="322" type="partial gc" contextid="0" timestamp="2019-06-15T05:01:37.125" intervalms="92.896" />
<gc-start id="323" type="partial gc" contextid="322" timestamp="2019-06-15T05:01:37.125">
  <mem-info id="324" free="0" total="28311552" percent="0">
    <mem type="eden" free="0" total="10485760" percent="0" />
    <remembered-set count="6880" freebytes="1102592" totalbytes="1130112" percent="97" regionsoverflowed="0" regionsstable="0" regionsrebuilding="1"/>
  </mem-info>
</gc-start>
<allocation-stats totalBytes="10451664" >
  <allocated-bytes non-tlh="16392" tlh="10435272" arrayletleaf="0"/>
  <largest-consumer threadName="Thread-4" threadId="0000000001591500" bytes="1444064" />
</allocation-stats>
<gc-op id="325" type="mark" timems="1.058" contextid="322" timestamp="2019-06-15T05:01:37.126">
  <trace-info objectcount="976" scancount="755" scanbytes="230028" />
  <cardclean-info objects="1193" bytes="57464" />
  <remembered-set-cleared processed="4845" cleared="822" durationms="0.079" />
  <references type="weak" candidates="1" cleared="0" enqueued="0" />
  <references type="phantom" candidates="1" cleared="0" enqueued="0" />
  <stringconstants candidates="3963" cleared="0"  />
  <warning details="Mark invoked due to insufficient free space for Copy-Forward" />
</gc-op>
<gc-op id="326" type="classunload" timems="0.002" contextid="322" timestamp="2019-06-15T05:01:37.126">
  <classunload-info classloadercandidates="20" classloadersunloaded="0" classesunloaded="0" anonymousclassesunloaded="0" quiescems="0.000" setupms="0.002" scanms="0.000" postms="0.000" />
</gc-op>
<gc-op id="327" type="sweep" timems="0.361" contextid="322" timestamp="2019-06-15T05:01:37.127" />
<gc-op id="328" type="compact" timems="1.145" contextid="322" timestamp="2019-06-15T05:01:37.128">
  <compact-info movecount="976" movebytes="489768" />
  <remembered-set-cleared processed="9412" cleared="1105" durationms="0.079" />
</gc-op>
<heap-resize id="329" type="expand" space="default" amount="2097152" count="1" timems="0.065" reason="insufficient free space following gc" timestamp="2019-06-15T05:01:37.128" />
<gc-end id="330" type="partial gc" contextid="322" durationms="3.656" usertimems="8.000" systemtimems="0.000" timestamp="2019-06-15T05:01:37.128" activeThreads="4">
  <mem-info id="331" free="11534336" total="30408704" percent="37">
    <mem type="eden" free="558912" total="1048576" percent="53" />
    <remembered-set count="7360" freebytes="1184384" totalbytes="1213824" percent="97" regionsoverflowed="0" regionsstable="0" regionsrebuilding="1"/>
  </mem-info>
</gc-end>
<cycle-end id="332" type="partial gc" contextid="322" timestamp="2019-06-15T05:01:37.128" />
  <attribute name="elasticGC enabled" value="1" />
  <attribute name= "numThreadsSpecified" value="4" />
  <attribute name="heapSize specified" value="0" />
  <attribute name="Current GC Util" value="33" />
  <attribute name= "Current Time Running" value="2372" />
  <attribute name ="GC Interval" value="0" />
  <attribute name="ProportionalT" value="6.500000" />
  <attribute name="ProportionalI" value="6.500000" />
  <attribute name="ProportionalH" value="6.500000" />
  <attribute name="Current Error" value="13.000000" />
  <attribute name="IntegralT" value="0.000000" />
  <attribute name="IntegralI" value="0.000000" />
  <attribute name="IntegralH" value="0.000000" />
  <attribute name="DerivativeT" value="-inf" />
  <attribute name="DerivativeI" value="-inf" />
  <attribute name="DerivativeH" value="-inf" />
  <attribute name="Loop Time for DT" value="0.000000" />
  <attribute name="Output H" value="2091843584"/>
  <attribute name="Output I" value="200"/>
  <attribute name="Output T" value="4"/>
  <attribute name="Target GC Util Change" value ="20.000000" />
  <attribute name="Current GC Util Change" value="33.000000"/>
  <attribute name="GC Util currently" value="33" />
  <attribute name="CPU Util currently" value="8285011615088" />
<exclusive-end id="333" timestamp="2019-06-15T05:01:37.129" durationms="4.249" />

<exclusive-start id="334" timestamp="2019-06-15T05:01:37.166" intervalms="41.775">
  <response-info timems="0.072" idlems="0.072" threads="0" lastid="000000000158D900" lastname="Thread-3" />
</exclusive-start>
<allocation-taxation id="335" taxation-threshold="5242880" timestamp="2019-06-15T05:01:37.166" intervalms="41.760" />
<gc-start id="336" type="global mark phase" contextid="311" timestamp="2019-06-15T05:01:37.166">
  <mem-info id="337" free="6291456" total="30408704" percent="20">
    <remembered-set count="6880" freebytes="1186304" totalbytes="1213824" percent="97" regionsoverflowed="0" regionsstable="0" regionsrebuilding="1"/>
  </mem-info>
</gc-start>
<gc-op id="338" type="mark increment" timems="1.197" contextid="311" timestamp="2019-06-15T05:01:37.168">
  <trace-info objectcount="2514" scancount="2047" scanbytes="454348" />
  <cardclean-info objects="1410" bytes="103444" />
  <finalization candidates="25" enqueued="0" />
  <references type="soft" candidates="164" cleared="35" enqueued="34" dynamicThreshold="12" maxThreshold="32" />
  <references type="weak" candidates="266" cleared="0" enqueued="0" />
  <references type="phantom" candidates="96" cleared="0" enqueued="0" />
  <stringconstants candidates="3963" cleared="0"  />
</gc-op>
<gc-op id="339" type="classunload" timems="0.003" contextid="311" timestamp="2019-06-15T05:01:37.168">
  <classunload-info classloadercandidates="20" classloadersunloaded="0" classesunloaded="0" anonymousclassesunloaded="0" quiescems="0.000" setupms="0.003" scanms="0.000" postms="0.000" />
</gc-op>
<gc-end id="340" type="global mark phase" contextid="311" durationms="1.454" usertimems="4.000" systemtimems="0.000" timestamp="2019-06-15T05:01:37.168" activeThreads="4">
  <mem-info id="341" free="6291456" total="30408704" percent="20">
    <pending-finalizers system="0" default="0" reference="34" classloader="0" />
    <remembered-set count="7392" freebytes="1184256" totalbytes="1213824" percent="97" regionsoverflowed="0" regionsstable="0" regionsrebuilding="0"/>
  </mem-info>
</gc-end>
<cycle-end id="342" type="global mark phase" contextid="311" timestamp="2019-06-15T05:01:37.168" />
  <attribute name="elasticGC enabled" value="1" />
  <attribute name= "numThreadsSpecified" value="4" />
  <attribute name="heapSize specified" value="0" />
  <attribute name="Current GC Util" value="0" />
  <attribute name= "Current Time Running" value="2412" />
  <attribute name ="GC Interval" value="0" />
  <attribute name="ProportionalT" value="-10.000000" />
  <attribute name="ProportionalI" value="-10.000000" />
  <attribute name="ProportionalH" value="-10.000000" />
  <attribute name="Current Error" value="-20.000000" />
  <attribute name="IntegralT" value="0.000000" />
  <attribute name="IntegralI" value="0.000000" />
  <attribute name="IntegralH" value="0.000000" />
  <attribute name="DerivativeT" value="-inf" />
  <attribute name="DerivativeI" value="-inf" />
  <attribute name="DerivativeH" value="-inf" />
  <attribute name="Loop Time for DT" value="0.000000" />
  <attribute name="Output H" value="2091843584"/>
  <attribute name="Output I" value="200"/>
  <attribute name="Output T" value="4"/>
  <attribute name="Target GC Util Change" value ="20.000000" />
  <attribute name="Current GC Util Change" value="0.000000"/>
  <attribute name="GC Util currently" value="0" />
  <attribute name="CPU Util currently" value="14691436574966" />
<exclusive-end id="343" timestamp="2019-06-15T05:01:37.168" durationms="1.782" />

<exclusive-start id="344" timestamp="2019-06-15T05:01:37.216" intervalms="50.360">
  <response-info timems="0.044" idlems="0.044" threads="0" lastid="0000000001591500" lastname="Thread-4" />
</exclusive-start>
<allocation-taxation id="345" taxation-threshold="5242880" timestamp="2019-06-15T05:01:37.217" intervalms="50.373" />
<cycle-start id="346" type="partial gc" contextid="0" timestamp="2019-06-15T05:01:37.217" intervalms="92.125" />
<gc-start id="347" type="partial gc" contextid="346" timestamp="2019-06-15T05:01:37.217">
  <mem-info id="348" free="1048576" total="30408704" percent="3">
    <mem type="eden" free="0" total="10485760" percent="0" />
    <remembered-set count="6944" freebytes="1186048" totalbytes="1213824" percent="97" regionsoverflowed="0" regionsstable="0" regionsrebuilding="0"/>
  </mem-info>
</gc-start>
<allocation-stats totalBytes="10438656" >
  <allocated-bytes non-tlh="49168" tlh="10389488" arrayletleaf="0"/>
  <largest-consumer threadName="Thread-5" threadId="0000000001595100" bytes="1912768" />
</allocation-stats>
<gc-op id="349" type="sweep" timems="0.415" contextid="346" timestamp="2019-06-15T05:01:37.217" />
<gc-op id="350" type="copy forward" timems="1.531" contextid="346" timestamp="2019-06-15T05:01:37.219">
  <memory-copied type="eden" objects="1797" bytes="711960" bytesdiscarded="44448" />
  <memory-copied type="other" objects="10" bytes="776" bytesdiscarded="8" />
  <memory-cardclean objects="1407" bytes="65080" />
  <regions eden="5" other="6" />
  <remembered-set-cleared processed="4741" cleared="684" durationms="0.077" />
  <references type="phantom" candidates="1" cleared="0" enqueued="0" />
  <stringconstants candidates="3963" cleared="0"  />
  <heap-resize type="expand" space="default" amount="4194304" count="4" timems="0.382" reason="continue current collection" />
</gc-op>
<gc-op id="351" type="classunload" timems="0.003" contextid="346" timestamp="2019-06-15T05:01:37.219">
  <classunload-info classloadercandidates="20" classloadersunloaded="0" classesunloaded="0" anonymousclassesunloaded="0" quiescems="0.000" setupms="0.002" scanms="0.000" postms="0.000" />
</gc-op>
<heap-resize id="352" type="expand" space="default" amount="2097152" count="1" timems="0.058" reason="insufficient free space following gc" timestamp="2019-06-15T05:01:37.220" />
<gc-end id="353" type="partial gc" contextid="346" durationms="3.039" usertimems="8.000" systemtimems="0.000" timestamp="2019-06-15T05:01:37.220" activeThreads="4">
  <mem-info id="354" free="13631488" total="36700160" percent="37">
    <mem type="eden" free="3437720" total="4194304" percent="81" />
    <remembered-set count="7360" freebytes="1435520" totalbytes="1464960" percent="97" regionsoverflowed="0" regionsstable="0" regionsrebuilding="0"/>
  </mem-info>
</gc-end>
<cycle-end id="355" type="partial gc" contextid="346" timestamp="2019-06-15T05:01:37.220" />
  <attribute name="elasticGC enabled" value="1" />
  <attribute name= "numThreadsSpecified" value="4" />
  <attribute name="heapSize specified" value="0" />
  <attribute name="Current GC Util" value="0" />
  <attribute name= "Current Time Running" value="2463" />
  <attribute name ="GC Interval" value="0" />
  <attribute name="ProportionalT" value="-10.000000" />
  <attribute name="ProportionalI" value="-10.000000" />
  <attribute name="ProportionalH" value="-10.000000" />
  <attribute name="Current Error" value="-20.000000" />
  <attribute name="IntegralT" value="0.000000" />
  <attribute name="IntegralI" value="0.000000" />
  <attribute name="IntegralH" value="0.000000" />
  <attribute name="DerivativeT" value="-inf" />
  <attribute name="DerivativeI" value="-inf" />
  <attribute name="DerivativeH" value="-inf" />
  <attribute name="Loop Time for DT" value="0.000000" />
  <attribute name="Output H" value="2091843584"/>
  <attribute name="Output I" value="200"/>
  <attribute name="Output T" value="4"/>
  <attribute name="Target GC Util Change" value ="20.000000" />
  <attribute name="Current GC Util Change" value="0.000000"/>
  <attribute name="GC Util currently" value="0" />
  <attribute name="CPU Util currently" value="36815145491506" />
<exclusive-end id="356" timestamp="2019-06-15T05:01:37.220" durationms="3.661" />

<exclusive-start id="357" timestamp="2019-06-15T05:01:37.272" intervalms="55.084">
  <response-info timems="0.039" idlems="0.039" threads="0" lastid="0000000001591500" lastname="Thread-4" />
</exclusive-start>
<allocation-taxation id="358" taxation-threshold="6291456" timestamp="2019-06-15T05:01:37.272" intervalms="55.053" />
<cycle-start id="359" type="global mark phase" contextid="0" timestamp="2019-06-15T05:01:37.272" intervalms="198.643" />
<gc-start id="360" type="global mark phase" contextid="359" timestamp="2019-06-15T05:01:37.272">
  <mem-info id="361" free="7340032" total="36700160" percent="20">
    <remembered-set count="4800" freebytes="1445760" totalbytes="1464960" percent="98" regionsoverflowed="0" regionsstable="1" regionsrebuilding="0"/>
  </mem-info>
</gc-start>
<gc-op id="362" type="mark increment" timems="0.441" contextid="359" timestamp="2019-06-15T05:01:37.272">
  <trace-info objectcount="202" scancount="0" scanbytes="0" />
</gc-op>
<gc-end id="363" type="global mark phase" contextid="359" durationms="0.550" usertimems="0.000" systemtimems="0.000" timestamp="2019-06-15T05:01:37.272" activeThreads="4">
  <mem-info id="364" free="7340032" total="36700160" percent="20">
    <remembered-set count="4800" freebytes="1445760" totalbytes="1464960" percent="98" regionsoverflowed="0" regionsstable="0" regionsrebuilding="1"/>
  </mem-info>
</gc-end>
<concurrent-start id="365" type="GMP work packet processing" contextid="359" timestamp="2019-06-15T05:01:37.272">
  <concurrent-mark-start scanTarget="18446744073709551615" />
</concurrent-start>
<concurrent-end id="366" type="GMP work packet processing" contextid="359" timestamp="2019-06-15T05:01:37.275">
  <concurrent-mark-end bytesScanned="1629016" reasonForTermination="Completed all work in GC phase" />
</concurrent-end>

<exclusive-end id="367" timestamp="2019-06-15T05:01:37.275" durationms="3.603" />

<exclusive-start id="368" timestamp="2019-06-15T05:01:37.327" intervalms="55.451">
  <response-info timems="0.055" idlems="0.032" threads="1" lastid="0000000001598D00" lastname="Thread-6" />
</exclusive-start>
<allocation-taxation id="369" taxation-threshold="6291456" timestamp="2019-06-15T05:01:37.327" intervalms="55.476" />
<cycle-start id="370" type="partial gc" contextid="0" timestamp="2019-06-15T05:01:37.327" intervalms="110.526" />
<gc-start id="371" type="partial gc" contextid="370" timestamp="2019-06-15T05:01:37.327">
  <mem-info id="372" free="1048576" total="36700160" percent="2">
    <mem type="eden" free="0" total="12582912" percent="0" />
    <remembered-set count="7072" freebytes="1436672" totalbytes="1464960" percent="98" regionsoverflowed="0" regionsstable="0" regionsrebuilding="1"/>
  </mem-info>
</gc-start>
<allocation-stats totalBytes="12503560" >
  <allocated-bytes non-tlh="0" tlh="12503560" arrayletleaf="0"/>
  <largest-consumer threadName="Thread-5" threadId="0000000001595100" bytes="2489352" />
</allocation-stats>
<gc-op id="373" type="copy forward" timems="1.872" contextid="370" timestamp="2019-06-15T05:01:37.330">
  <memory-copied type="eden" objects="2622" bytes="1092544" bytesdiscarded="0" />
  <memory-copied type="other" objects="8" bytes="1392" bytesdiscarded="0" />
  <memory-cardclean objects="1190" bytes="58160" />
  <regions eden="12" other="5" />
  <remembered-set-cleared processed="4698" cleared="678" durationms="0.126" />
  <references type="phantom" candidates="1" cleared="0" enqueued="0" />
  <stringconstants candidates="3963" cleared="0"  />
  <heap-resize type="expand" space="default" amount="3145728" count="3" timems="0.158" reason="continue current collection" />
</gc-op>
<gc-op id="374" type="classunload" timems="0.002" contextid="370" timestamp="2019-06-15T05:01:37.330">
  <classunload-info classloadercandidates="20" classloadersunloaded="0" classesunloaded="0" anonymousclassesunloaded="0" quiescems="0.000" setupms="0.001" scanms="0.000" postms="0.000" />
</gc-op>
<gc-op id="375" type="compact" timems="1.723" contextid="370" timestamp="2019-06-15T05:01:37.332">
  <compact-info movecount="5756" movebytes="282072" />
  <remembered-set-cleared processed="7774" cleared="2891" durationms="0.126" />
</gc-op>
<gc-end id="376" type="partial gc" contextid="370" durationms="4.595" usertimems="8.000" systemtimems="0.000" timestamp="2019-06-15T05:01:37.332" activeThreads="4">
  <mem-info id="377" free="17825792" total="39845888" percent="44">
    <mem type="eden" free="1004536" total="2097152" percent="47" />
    <remembered-set count="5760" freebytes="1567488" totalbytes="1590528" percent="98" regionsoverflowed="0" regionsstable="0" regionsrebuilding="1"/>
  </mem-info>
</gc-end>
<cycle-end id="378" type="partial gc" contextid="370" timestamp="2019-06-15T05:01:37.332" />
  <attribute name="elasticGC enabled" value="1" />
  <attribute name= "numThreadsSpecified" value="4" />
  <attribute name="heapSize specified" value="0" />
  <attribute name="Current GC Util" value="0" />
  <attribute name= "Current Time Running" value="2576" />
  <attribute name ="GC Interval" value="0" />
  <attribute name="ProportionalT" value="-10.000000" />
  <attribute name="ProportionalI" value="-10.000000" />
  <attribute name="ProportionalH" value="-10.000000" />
  <attribute name="Current Error" value="-20.000000" />
  <attribute name="IntegralT" value="-60.000000" />
  <attribute name="IntegralI" value="-60.000000" />
  <attribute name="IntegralH" value="-60.000000" />
  <attribute name="DerivativeT" value="-37.500000" />
  <attribute name="DerivativeI" value="-37.500000" />
  <attribute name="DerivativeH" value="-37.500000" />
  <attribute name="Loop Time for DT" value="3.000000" />
  <attribute name="Output H" value="2091843584"/>
  <attribute name="Output I" value="200"/>
  <attribute name="Output T" value="4"/>
  <attribute name="Target GC Util Change" value ="20.000000" />
  <attribute name="Current GC Util Change" value="0.000000"/>
  <attribute name="GC Util currently" value="0" />
  <attribute name="CPU Util currently" value="2140489150385" />
<exclusive-end id="379" timestamp="2019-06-15T05:01:37.332" durationms="5.264" />

<exclusive-start id="380" timestamp="2019-06-15T05:01:37.402" intervalms="75.125">
  <response-info timems="0.039" idlems="0.039" threads="0" lastid="0000000001591500" lastname="Thread-4" />
</exclusive-start>
<allocation-taxation id="381" taxation-threshold="8388608" timestamp="2019-06-15T05:01:37.402" intervalms="75.120" />
<gc-start id="382" type="global mark phase" contextid="359" timestamp="2019-06-15T05:01:37.402">
  <mem-info id="383" free="9437184" total="39845888" percent="23">
    <remembered-set count="5536" freebytes="1568384" totalbytes="1590528" percent="98" regionsoverflowed="0" regionsstable="0" regionsrebuilding="1"/>
  </mem-info>
</gc-start>
<gc-op id="384" type="mark increment" timems="1.692" contextid="359" timestamp="2019-06-15T05:01:37.404">
  <trace-info objectcount="8760" scancount="6449" scanbytes="651352" />
  <cardclean-info objects="17394" bytes="842436" />
  <finalization candidates="25" enqueued="0" />
  <references type="soft" candidates="129" cleared="0" enqueued="0" dynamicThreshold="14" maxThreshold="32" />
  <references type="weak" candidates="266" cleared="0" enqueued="0" />
  <references type="phantom" candidates="97" cleared="0" enqueued="0" />
  <stringconstants candidates="3963" cleared="0"  />
</gc-op>
<gc-op id="385" type="classunload" timems="0.003" contextid="359" timestamp="2019-06-15T05:01:37.404">
  <classunload-info classloadercandidates="20" classloadersunloaded="0" classesunloaded="0" anonymousclassesunloaded="0" quiescems="0.000" setupms="0.003" scanms="0.000" postms="0.000" />
</gc-op>
<gc-end id="386" type="global mark phase" contextid="359" durationms="1.930" usertimems="4.000" systemtimems="0.000" timestamp="2019-06-15T05:01:37.404" activeThreads="4">
  <mem-info id="387" free="9437184" total="39845888" percent="23">
    <remembered-set count="7584" freebytes="1560192" totalbytes="1590528" percent="98" regionsoverflowed="0" regionsstable="0" regionsrebuilding="0"/>
  </mem-info>
</gc-end>
<cycle-end id="388" type="global mark phase" contextid="359" timestamp="2019-06-15T05:01:37.404" />
  <attribute name="elasticGC enabled" value="1" />
  <attribute name= "numThreadsSpecified" value="4" />
  <attribute name="heapSize specified" value="0" />
  <attribute name="Current GC Util" value="187" />
  <attribute name= "Current Time Running" value="2649" />
  <attribute name ="GC Interval" value="0" />
  <attribute name="ProportionalT" value="83.500000" />
  <attribute name="ProportionalI" value="83.500000" />
  <attribute name="ProportionalH" value="83.500000" />
  <attribute name="Current Error" value="167.000000" />
  <attribute name="IntegralT" value="0.000000" />
  <attribute name="IntegralI" value="0.000000" />
  <attribute name="IntegralH" value="0.000000" />
  <attribute name="DerivativeT" value="-inf" />
  <attribute name="DerivativeI" value="-inf" />
  <attribute name="DerivativeH" value="-inf" />
  <attribute name="Loop Time for DT" value="0.000000" />
  <attribute name="Output H" value="2091843584"/>
  <attribute name="Output I" value="200"/>
  <attribute name="Output T" value="4"/>
  <attribute name="Target GC Util Change" value ="20.000000" />
  <attribute name="Current GC Util Change" value="187.000000"/>
  <attribute name="GC Util currently" value="187" />
  <attribute name="CPU Util currently" value="13615400783502" />
<exclusive-end id="389" timestamp="2019-06-15T05:01:37.405" durationms="2.435" />

<exclusive-start id="390" timestamp="2019-06-15T05:01:37.469" intervalms="67.200">
  <response-info timems="0.041" idlems="0.041" threads="0" lastid="0000000001591500" lastname="Thread-4" />
</exclusive-start>
<allocation-taxation id="391" taxation-threshold="8388608" timestamp="2019-06-15T05:01:37.469" intervalms="67.183" />
<cycle-start id="392" type="partial gc" contextid="0" timestamp="2019-06-15T05:01:37.469" intervalms="142.286" />
<gc-start id="393" type="partial gc" contextid="392" timestamp="2019-06-15T05:01:37.470">
  <mem-info id="394" free="1048576" total="39845888" percent="2">
    <mem type="eden" free="0" total="16777216" percent="0" />
    <remembered-set count="7520" freebytes="1560448" totalbytes="1590528" percent="98" regionsoverflowed="0" regionsstable="0" regionsrebuilding="0"/>
  </mem-info>
</gc-start>
<allocation-stats totalBytes="16633360" >
  <allocated-bytes non-tlh="131104" tlh="16502256" arrayletleaf="0"/>
  <largest-consumer threadName="Thread-6" threadId="0000000001598D00" bytes="2336672" />
</allocation-stats>
<gc-op id="395" type="sweep" timems="0.360" contextid="392" timestamp="2019-06-15T05:01:37.470" />
<gc-op id="396" type="copy forward" timems="1.276" contextid="392" timestamp="2019-06-15T05:01:37.472">
  <memory-copied type="eden" objects="1588" bytes="751312" bytesdiscarded="0" />
  <memory-copied type="other" objects="10" bytes="496" bytesdiscarded="0" />
  <memory-cardclean objects="1185" bytes="58480" />
  <regions eden="8" other="11" />
  <remembered-set-cleared processed="5329" cleared="803" durationms="0.129" />
  <stringconstants candidates="3963" cleared="0"  />
  <heap-resize type="expand" space="default" amount="2097152" count="2" timems="0.116" reason="continue current collection" />
</gc-op>
<gc-op id="397" type="classunload" timems="0.002" contextid="392" timestamp="2019-06-15T05:01:37.472">
  <classunload-info classloadercandidates="20" classloadersunloaded="0" classesunloaded="0" anonymousclassesunloaded="0" quiescems="0.000" setupms="0.002" scanms="0.000" postms="0.000" />
</gc-op>
<gc-op id="398" type="compact" timems="0.806" contextid="392" timestamp="2019-06-15T05:01:37.473">
  <compact-info movecount="0" movebytes="0" />
  <remembered-set-cleared processed="10377" cleared="803" durationms="0.129" />
</gc-op>
<gc-end id="399" type="partial gc" contextid="392" durationms="3.671" usertimems="4.000" systemtimems="0.000" timestamp="2019-06-15T05:01:37.473" activeThreads="4">
  <mem-info id="400" free="19922944" total="41943040" percent="47">
    <mem type="eden" free="296944" total="1048576" percent="28" />
    <remembered-set count="6656" freebytes="1647616" totalbytes="1674240" percent="98" regionsoverflowed="0" regionsstable="0" regionsrebuilding="0"/>
  </mem-info>
</gc-end>
<cycle-end id="401" type="partial gc" contextid="392" timestamp="2019-06-15T05:01:37.473" />
  <attribute name="elasticGC enabled" value="1" />
  <attribute name= "numThreadsSpecified" value="4" />
  <attribute name="heapSize specified" value="0" />
  <attribute name="Current GC Util" value="0" />
  <attribute name= "Current Time Running" value="2718" />
  <attribute name ="GC Interval" value="0" />
  <attribute name="ProportionalT" value="-10.000000" />
  <attribute name="ProportionalI" value="-10.000000" />
  <attribute name="ProportionalH" value="-10.000000" />
  <attribute name="Current Error" value="-20.000000" />
  <attribute name="IntegralT" value="-40.000000" />
  <attribute name="IntegralI" value="-40.000000" />
  <attribute name="IntegralH" value="-40.000000" />
  <attribute name="DerivativeT" value="-43.500000" />
  <attribute name="DerivativeI" value="-43.500000" />
  <attribute name="DerivativeH" value="-43.500000" />
  <attribute name="Loop Time for DT" value="2.000000" />
  <attribute name="Output H" value="2091843584"/>
  <attribute name="Output I" value="200"/>
  <attribute name="Output T" value="4"/>
  <attribute name="Target GC Util Change" value ="20.000000" />
  <attribute name="Current GC Util Change" value="0.000000"/>
  <attribute name="GC Util currently" value="0" />
  <attribute name="CPU Util currently" value="2844800400079" />
<exclusive-end id="402" timestamp="2019-06-15T05:01:37.474" durationms="4.217" />

<exclusive-start id="403" timestamp="2019-06-15T05:01:37.630" intervalms="161.042">
  <response-info timems="0.035" idlems="0.035" threads="0" lastid="0000000001591500" lastname="Thread-4" />
</exclusive-start>
<allocation-taxation id="404" taxation-threshold="16777216" timestamp="2019-06-15T05:01:37.630" intervalms="161.051" />
<cycle-start id="405" type="partial gc" contextid="0" timestamp="2019-06-15T05:01:37.631" intervalms="161.075" />
<gc-start id="406" type="partial gc" contextid="405" timestamp="2019-06-15T05:01:37.631">
  <mem-info id="407" free="3145728" total="41943040" percent="7">
    <mem type="eden" free="0" total="16777216" percent="0" />
    <remembered-set count="6656" freebytes="1647616" totalbytes="1674240" percent="98" regionsoverflowed="0" regionsstable="0" regionsrebuilding="0"/>
  </mem-info>
</gc-start>
<allocation-stats totalBytes="16701160" >
  <allocated-bytes non-tlh="163880" tlh="16537280" arrayletleaf="0"/>
  <largest-consumer threadName="Thread-5" threadId="0000000001595100" bytes="7670120" />
</allocation-stats>
<gc-op id="408" type="copy forward" timems="2.938" contextid="405" timestamp="2019-06-15T05:01:37.634">
  <memory-copied type="eden" objects="2577" bytes="966520" bytesdiscarded="0" />
  <memory-copied type="other" objects="6131" bytes="388384" bytesdiscarded="0" />
  <memory-cardclean objects="7382" bytes="333288" />
  <regions eden="16" other="3" />
  <remembered-set-cleared processed="3451" cleared="2937" durationms="0.110" />
  <finalization candidates="1" enqueued="0" />
  <references type="soft" candidates="7" cleared="0" enqueued="0" dynamicThreshold="15" maxThreshold="32" />
  <references type="weak" candidates="22" cleared="0" enqueued="0" />
  <references type="phantom" candidates="31" cleared="0" enqueued="0" />
  <stringconstants candidates="3963" cleared="0"  />
  <heap-resize type="expand" space="default" amount="1048576" count="1" timems="0.068" reason="continue current collection" />
</gc-op>
<gc-op id="409" type="classunload" timems="0.002" contextid="405" timestamp="2019-06-15T05:01:37.634">
  <classunload-info classloadercandidates="20" classloadersunloaded="0" classesunloaded="0" anonymousclassesunloaded="0" quiescems="0.000" setupms="0.002" scanms="0.000" postms="0.000" />
</gc-op>
<heap-resize id="410" type="contract" space="default" amount="3145728" count="1" timems="0.164" reason="insufficient time being spent in gc" timestamp="2019-06-15T05:01:37.635" />
<gc-end id="411" type="partial gc" contextid="405" durationms="4.075" usertimems="4.000" systemtimems="0.000" timestamp="2019-06-15T05:01:37.635" activeThreads="1">
  <mem-info id="412" free="16777216" total="39845888" percent="42">
    <mem type="eden" free="81984" total="1048576" percent="7" />
    <remembered-set count="5248" freebytes="1695104" totalbytes="1716096" percent="98" regionsoverflowed="0" regionsstable="0" regionsrebuilding="0"/>
  </mem-info>
</gc-end>
<cycle-end id="413" type="partial gc" contextid="405" timestamp="2019-06-15T05:01:37.635" />
  <attribute name="elasticGC enabled" value="1" />
  <attribute name= "numThreadsSpecified" value="1" />
  <attribute name="heapSize specified" value="0" />
  <attribute name="Current GC Util" value="66" />
  <attribute name= "Current Time Running" value="2877" />
  <attribute name ="GC Interval" value="0" />
  <attribute name="ProportionalT" value="23.000000" />
  <attribute name="ProportionalI" value="23.000000" />
  <attribute name="ProportionalH" value="23.000000" />
  <attribute name="Current Error" value="46.000000" />
  <attribute name="IntegralT" value="0.000000" />
  <attribute name="IntegralI" value="0.000000" />
  <attribute name="IntegralH" value="0.000000" />
  <attribute name="DerivativeT" value="inf" />
  <attribute name="DerivativeI" value="inf" />
  <attribute name="DerivativeH" value="inf" />
  <attribute name="Loop Time for DT" value="0.000000" />
  <attribute name="Output H" value="8388608"/>
  <attribute name="Output I" value="200"/>
  <attribute name="Output T" value="1"/>
  <attribute name="Target GC Util Change" value ="20.000000" />
  <attribute name="Current GC Util Change" value="66.000000"/>
  <attribute name="GC Util currently" value="66" />
  <attribute name="CPU Util currently" value="21053216470314" />
<exclusive-end id="414" timestamp="2019-06-15T05:01:37.635" durationms="4.896" />

<exclusive-start id="415" timestamp="2019-06-15T05:01:37.791" intervalms="160.237">
  <response-info timems="0.029" idlems="0.029" threads="0" lastid="0000000001591500" lastname="Thread-4" />
</exclusive-start>
<allocation-taxation id="416" taxation-threshold="16777216" timestamp="2019-06-15T05:01:37.791" intervalms="160.257" />
<cycle-start id="417" type="partial gc" contextid="0" timestamp="2019-06-15T05:01:37.791" intervalms="160.251" />
<gc-start id="418" type="partial gc" contextid="417" timestamp="2019-06-15T05:01:37.791">
  <mem-info id="419" free="0" total="39845888" percent="0">
    <mem type="eden" free="0" total="16777216" percent="0" />
    <remembered-set count="5152" freebytes="1695488" totalbytes="1716096" percent="98" regionsoverflowed="0" regionsstable="0" regionsrebuilding="0"/>
  </mem-info>
</gc-start>
<allocation-stats totalBytes="16771664" >
  <allocated-bytes non-tlh="8200" tlh="16763464" arrayletleaf="0"/>
  <largest-consumer threadName="Thread-6" threadId="0000000001598D00" bytes="5282464" />
</allocation-stats>
<gc-op id="420" type="mark" timems="1.013" contextid="417" timestamp="2019-06-15T05:01:37.793">
  <trace-info objectcount="2089" scancount="1672" scanbytes="333992" />
  <cardclean-info objects="1205" bytes="59240" />
  <remembered-set-cleared processed="3644" cleared="631" durationms="0.120" />
  <stringconstants candidates="3963" cleared="0"  />
  <warning details="Mark invoked due to insufficient free space for Copy-Forward" />
</gc-op>
<gc-op id="421" type="classunload" timems="0.002" contextid="417" timestamp="2019-06-15T05:01:37.793">
  <classunload-info classloadercandidates="20" classloadersunloaded="0" classesunloaded="0" anonymousclassesunloaded="0" quiescems="0.000" setupms="0.001" scanms="0.000" postms="0.000" />
</gc-op>
<gc-op id="422" type="sweep" timems="0.442" contextid="417" timestamp="2019-06-15T05:01:37.793" />
<gc-op id="423" type="compact" timems="1.000" contextid="417" timestamp="2019-06-15T05:01:37.794">
  <compact-info movecount="2088" movebytes="773728" />
  <remembered-set-cleared processed="7509" cleared="1222" durationms="0.120" />
</gc-op>
<heap-resize id="424" type="contract" space="default" amount="2097152" count="1" timems="0.204" reason="insufficient time being spent in gc" timestamp="2019-06-15T05:01:37.795" />
<gc-end id="425" type="partial gc" contextid="417" durationms="3.995" usertimems="4.000" systemtimems="4.000" timestamp="2019-06-15T05:01:37.795" activeThreads="4">
  <mem-info id="426" free="13631488" total="37748736" percent="36">
    <mem type="eden" free="275136" total="1048576" percent="26" />
    <remembered-set count="6240" freebytes="1565568" totalbytes="1590528" percent="98" regionsoverflowed="0" regionsstable="0" regionsrebuilding="0"/>
  </mem-info>
</gc-end>
<cycle-end id="427" type="partial gc" contextid="417" timestamp="2019-06-15T05:01:37.795" />
  <attribute name="elasticGC enabled" value="1" />
  <attribute name= "numThreadsSpecified" value="4" />
  <attribute name="heapSize specified" value="0" />
  <attribute name="Current GC Util" value="44" />
  <attribute name= "Current Time Running" value="3039" />
  <attribute name ="GC Interval" value="0" />
  <attribute name="ProportionalT" value="12.000000" />
  <attribute name="ProportionalI" value="12.000000" />
  <attribute name="ProportionalH" value="12.000000" />
  <attribute name="Current Error" value="24.000000" />
  <attribute name="IntegralT" value="24.000000" />
  <attribute name="IntegralI" value="24.000000" />
  <attribute name="IntegralH" value="24.000000" />
  <attribute name="DerivativeT" value="36.000000" />
  <attribute name="DerivativeI" value="36.000000" />
  <attribute name="DerivativeH" value="36.000000" />
  <attribute name="Loop Time for DT" value="1.000000" />
  <attribute name="Output H" value="8388608"/>
  <attribute name="Output I" value="200"/>
  <attribute name="Output T" value="4"/>
  <attribute name="Target GC Util Change" value ="20.000000" />
  <attribute name="Current GC Util Change" value="44.000000"/>
  <attribute name="GC Util currently" value="44" />
  <attribute name="CPU Util currently" value="7295482432373" />
<exclusive-end id="428" timestamp="2019-06-15T05:01:37.795" durationms="4.861" />

<exclusive-start id="429" timestamp="2019-06-15T05:01:37.849" intervalms="58.147">
  <response-info timems="0.025" idlems="0.025" threads="0" lastid="0000000001595100" lastname="Thread-5" />
</exclusive-start>
<allocation-taxation id="430" taxation-threshold="6291456" timestamp="2019-06-15T05:01:37.849" intervalms="58.140" />
<cycle-start id="431" type="global mark phase" contextid="0" timestamp="2019-06-15T05:01:37.849" intervalms="577.226" />
<gc-start id="432" type="global mark phase" contextid="431" timestamp="2019-06-15T05:01:37.849">
  <mem-info id="433" free="7340032" total="37748736" percent="19">
    <remembered-set count="5824" freebytes="1567232" totalbytes="1590528" percent="98" regionsoverflowed="0" regionsstable="0" regionsrebuilding="0"/>
  </mem-info>
</gc-start>
<gc-op id="434" type="mark increment" timems="0.660" contextid="431" timestamp="2019-06-15T05:01:37.850">
  <trace-info objectcount="321" scancount="0" scanbytes="0" />
</gc-op>
<gc-end id="435" type="global mark phase" contextid="431" durationms="0.820" usertimems="4.000" systemtimems="0.000" timestamp="2019-06-15T05:01:37.850" activeThreads="1">
  <mem-info id="436" free="7340032" total="37748736" percent="19">
    <remembered-set count="5824" freebytes="1567232" totalbytes="1590528" percent="98" regionsoverflowed="0" regionsstable="0" regionsrebuilding="0"/>
  </mem-info>
</gc-end>
<concurrent-start id="437" type="GMP work packet processing" contextid="431" timestamp="2019-06-15T05:01:37.850">
  <concurrent-mark-start scanTarget="18446744073709551615" />
</concurrent-start>
<exclusive-end id="438" timestamp="2019-06-15T05:01:37.851" durationms="2.258" />

<concurrent-end id="439" type="GMP work packet processing" contextid="431" timestamp="2019-06-15T05:01:37.851">
  <concurrent-mark-end bytesScanned="1632588" reasonForTermination="Completed all work in GC phase" />
</concurrent-end>

<exclusive-start id="440" timestamp="2019-06-15T05:01:37.893" intervalms="44.549">
  <response-info timems="0.048" idlems="0.048" threads="0" lastid="0000000001595100" lastname="Thread-5" />
</exclusive-start>
<allocation-taxation id="441" taxation-threshold="6291456" timestamp="2019-06-15T05:01:37.893" intervalms="44.551" />
<cycle-start id="442" type="partial gc" contextid="0" timestamp="2019-06-15T05:01:37.893" intervalms="102.696" />
<gc-start id="443" type="partial gc" contextid="442" timestamp="2019-06-15T05:01:37.894">
  <mem-info id="444" free="1048576" total="37748736" percent="2">
    <mem type="eden" free="0" total="12582912" percent="0" />
    <remembered-set count="5824" freebytes="1567232" totalbytes="1590528" percent="98" regionsoverflowed="0" regionsstable="0" regionsrebuilding="0"/>
  </mem-info>
</gc-start>
<allocation-stats totalBytes="12535624" >
  <allocated-bytes non-tlh="16392" tlh="12519232" arrayletleaf="0"/>
  <largest-consumer threadName="Thread-5" threadId="0000000001595100" bytes="2743048" />
</allocation-stats>
<gc-op id="445" type="copy forward" timems="1.553" contextid="442" timestamp="2019-06-15T05:01:37.896">
  <memory-copied type="eden" objects="2200" bytes="927224" bytesdiscarded="163336" />
  <memory-copied type="other" objects="4" bytes="144" bytesdiscarded="0" />
  <memory-cardclean objects="1178" bytes="58312" />
  <regions eden="12" other="1" />
  <remembered-set-cleared processed="3760" cleared="691" durationms="0.074" />
  <stringconstants candidates="3963" cleared="0"  />
  <heap-resize type="expand" space="default" amount="2097152" count="2" timems="0.107" reason="continue current collection" />
</gc-op>
<gc-op id="446" type="classunload" timems="0.002" contextid="442" timestamp="2019-06-15T05:01:37.896">
  <classunload-info classloadercandidates="20" classloadersunloaded="0" classesunloaded="0" anonymousclassesunloaded="0" quiescems="0.000" setupms="0.002" scanms="0.000" postms="0.000" />
</gc-op>
<heap-resize id="447" type="expand" space="default" amount="1048576" count="1" timems="0.046" reason="insufficient free space following gc" timestamp="2019-06-15T05:01:37.896" />
<gc-end id="448" type="partial gc" contextid="442" durationms="2.515" usertimems="4.000" systemtimems="0.000" timestamp="2019-06-15T05:01:37.896" activeThreads="4">
  <mem-info id="449" free="14680064" total="40894464" percent="35">
    <mem type="eden" free="1006528" total="2097152" percent="47" />
    <remembered-set count="6016" freebytes="1608320" totalbytes="1632384" percent="98" regionsoverflowed="0" regionsstable="0" regionsrebuilding="0"/>
  </mem-info>
</gc-end>
<cycle-end id="450" type="partial gc" contextid="442" timestamp="2019-06-15T05:01:37.896" />
  <attribute name="elasticGC enabled" value="1" />
  <attribute name= "numThreadsSpecified" value="4" />
  <attribute name="heapSize specified" value="0" />
  <attribute name="Current GC Util" value="53" />
  <attribute name= "Current Time Running" value="3140" />
  <attribute name ="GC Interval" value="0" />
  <attribute name="ProportionalT" value="16.500000" />
  <attribute name="ProportionalI" value="16.500000" />
  <attribute name="ProportionalH" value="16.500000" />
  <attribute name="Current Error" value="33.000000" />
  <attribute name="IntegralT" value="33.000000" />
  <attribute name="IntegralI" value="33.000000" />
  <attribute name="IntegralH" value="33.000000" />
  <attribute name="DerivativeT" value="49.500000" />
  <attribute name="DerivativeI" value="49.500000" />
  <attribute name="DerivativeH" value="49.500000" />
  <attribute name="Loop Time for DT" value="1.000000" />
  <attribute name="Output H" value="8388608"/>
  <attribute name="Output I" value="200"/>
  <attribute name="Output T" value="4"/>
  <attribute name="Target GC Util Change" value ="20.000000" />
  <attribute name="Current GC Util Change" value="53.000000"/>
  <attribute name="GC Util currently" value="53" />
  <attribute name="CPU Util currently" value="15411122743571" />
<exclusive-end id="451" timestamp="2019-06-15T05:01:37.897" durationms="3.257" />

<exclusive-start id="452" timestamp="2019-06-15T05:01:37.952" intervalms="58.985">
  <response-info timems="0.037" idlems="0.037" threads="0" lastid="0000000001595100" lastname="Thread-5" />
</exclusive-start>
<allocation-taxation id="453" taxation-threshold="7340032" timestamp="2019-06-15T05:01:37.952" intervalms="58.993" />
<gc-start id="454" type="global mark phase" contextid="431" timestamp="2019-06-15T05:01:37.952">
  <mem-info id="455" free="7340032" total="40894464" percent="17">
    <remembered-set count="4768" freebytes="1613312" totalbytes="1632384" percent="98" regionsoverflowed="0" regionsstable="1" regionsrebuilding="0"/>
  </mem-info>
</gc-start>
<gc-op id="456" type="mark increment" timems="1.240" contextid="431" timestamp="2019-06-15T05:01:37.954">
  <trace-info objectcount="1009" scancount="784" scanbytes="265424" />
  <cardclean-info objects="1309" bytes="80588" />
  <finalization candidates="25" enqueued="0" />
  <references type="soft" candidates="129" cleared="64" enqueued="62" dynamicThreshold="11" maxThreshold="32" />
  <references type="weak" candidates="267" cleared="0" enqueued="0" />
  <references type="phantom" candidates="97" cleared="0" enqueued="0" />
  <stringconstants candidates="3963" cleared="12"  />
</gc-op>
<gc-op id="457" type="classunload" timems="0.240" contextid="431" timestamp="2019-06-15T05:01:37.954">
  <classunload-info classloadercandidates="20" classloadersunloaded="12" classesunloaded="12" anonymousclassesunloaded="0" quiescems="0.000" setupms="0.200" scanms="0.028" postms="0.012" />
</gc-op>
<gc-end id="458" type="global mark phase" contextid="431" durationms="1.723" usertimems="0.000" systemtimems="0.000" timestamp="2019-06-15T05:01:37.954" activeThreads="4">
  <mem-info id="459" free="7340032" total="40894464" percent="17">
    <pending-finalizers system="0" default="0" reference="62" classloader="0" />
    <remembered-set count="4768" freebytes="1613312" totalbytes="1632384" percent="98" regionsoverflowed="0" regionsstable="1" regionsrebuilding="0"/>
  </mem-info>
</gc-end>
<cycle-end id="460" type="global mark phase" contextid="431" timestamp="2019-06-15T05:01:37.954" />
  <attribute name="elasticGC enabled" value="1" />
  <attribute name= "numThreadsSpecified" value="4" />
  <attribute name="heapSize specified" value="0" />
  <attribute name="Current GC Util" value="0" />
  <attribute name= "Current Time Running" value="3199" />
  <attribute name ="GC Interval" value="0" />
  <attribute name="ProportionalT" value="-10.000000" />
  <attribute name="ProportionalI" value="-10.000000" />
  <attribute name="ProportionalH" value="-10.000000" />
  <attribute name="Current Error" value="-20.000000" />
  <attribute name="IntegralT" value="-20.000000" />
  <attribute name="IntegralI" value="-20.000000" />
  <attribute name="IntegralH" value="-20.000000" />
  <attribute name="DerivativeT" value="-280.500000" />
  <attribute name="DerivativeI" value="-280.500000" />
  <attribute name="DerivativeH" value="-280.500000" />
  <attribute name="Loop Time for DT" value="1.000000" />
  <attribute name="Output H" value="2091843584"/>
  <attribute name="Output I" value="200"/>
  <attribute name="Output T" value="4"/>
  <attribute name="Target GC Util Change" value ="20.000000" />
  <attribute name="Current GC Util Change" value="0.000000"/>
  <attribute name="GC Util currently" value="0" />
  <attribute name="CPU Util currently" value="24188517613712" />
<exclusive-end id="461" timestamp="2019-06-15T05:01:37.954" durationms="2.083" />

<exclusive-start id="462" timestamp="2019-06-15T05:01:38.006" intervalms="54.159">
  <response-info timems="0.032" idlems="0.032" threads="0" lastid="0000000001591500" lastname="Thread-4" />
</exclusive-start>
<allocation-taxation id="463" taxation-threshold="7340032" timestamp="2019-06-15T05:01:38.007" intervalms="54.153" />
<cycle-start id="464" type="partial gc" contextid="0" timestamp="2019-06-15T05:01:38.007" intervalms="113.146" />
<gc-start id="465" type="partial gc" contextid="464" timestamp="2019-06-15T05:01:38.007">
  <mem-info id="466" free="0" total="40894464" percent="0">
    <mem type="eden" free="0" total="14680064" percent="0" />
    <remembered-set count="4768" freebytes="1613312" totalbytes="1632384" percent="98" regionsoverflowed="0" regionsstable="1" regionsrebuilding="0"/>
  </mem-info>
</gc-start>
<allocation-stats totalBytes="14601104" >
  <allocated-bytes non-tlh="16392" tlh="14584712" arrayletleaf="0"/>
  <largest-consumer threadName="Thread-6" threadId="0000000001598D00" bytes="2221088" />
</allocation-stats>
<gc-op id="467" type="sweep" timems="0.479" contextid="464" timestamp="2019-06-15T05:01:38.007" />
<gc-op id="468" type="copy forward" timems="1.310" contextid="464" timestamp="2019-06-15T05:01:38.009">
  <memory-copied type="eden" objects="2676" bytes="1047400" bytesdiscarded="54272" />
  <memory-copied type="other" objects="0" bytes="0" bytesdiscarded="0" />
  <memory-cardclean objects="1360" bytes="66144" />
  <regions eden="7" other="7" />
  <remembered-set-cleared processed="2439" cleared="471" durationms="0.090" />
  <stringconstants candidates="3951" cleared="0"  />
</gc-op>
<gc-op id="469" type="classunload" timems="0.002" contextid="464" timestamp="2019-06-15T05:01:38.009">
  <classunload-info classloadercandidates="8" classloadersunloaded="0" classesunloaded="0" anonymousclassesunloaded="0" quiescems="0.000" setupms="0.002" scanms="0.000" postms="0.000" />
</gc-op>
<gc-end id="470" type="partial gc" contextid="464" durationms="2.718" usertimems="0.000" systemtimems="4.000" timestamp="2019-06-15T05:01:38.010" activeThreads="4">
  <mem-info id="471" free="14680064" total="40894464" percent="35">
    <mem type="eden" free="2043992" total="3145728" percent="64" />
    <remembered-set count="5344" freebytes="1611008" totalbytes="1632384" percent="98" regionsoverflowed="0" regionsstable="1" regionsrebuilding="0"/>
  </mem-info>
</gc-end>
<cycle-end id="472" type="partial gc" contextid="464" timestamp="2019-06-15T05:01:38.010" />
  <attribute name="elasticGC enabled" value="1" />
  <attribute name= "numThreadsSpecified" value="4" />
  <attribute name="heapSize specified" value="0" />
  <attribute name="Current GC Util" value="0" />
  <attribute name= "Current Time Running" value="3253" />
  <attribute name ="GC Interval" value="0" />
  <attribute name="ProportionalT" value="-10.000000" />
  <attribute name="ProportionalI" value="-10.000000" />
  <attribute name="ProportionalH" value="-10.000000" />
  <attribute name="Current Error" value="-20.000000" />
  <attribute name="IntegralT" value="0.000000" />
  <attribute name="IntegralI" value="0.000000" />
  <attribute name="IntegralH" value="0.000000" />
  <attribute name="DerivativeT" value="-inf" />
  <attribute name="DerivativeI" value="-inf" />
  <attribute name="DerivativeH" value="-inf" />
  <attribute name="Loop Time for DT" value="0.000000" />
  <attribute name="Output H" value="2091843584"/>
  <attribute name="Output I" value="200"/>
  <attribute name="Output T" value="4"/>
  <attribute name="Target GC Util Change" value ="20.000000" />
  <attribute name="Current GC Util Change" value="0.000000"/>
  <attribute name="GC Util currently" value="0" />
  <attribute name="CPU Util currently" value="30705475122360" />
<exclusive-end id="473" timestamp="2019-06-15T05:01:38.010" durationms="3.395" />

<exclusive-start id="474" timestamp="2019-06-15T05:01:38.063" intervalms="56.398">
  <response-info timems="0.050" idlems="0.050" threads="0" lastid="000000000158D900" lastname="Thread-3" />
</exclusive-start>
<allocation-taxation id="475" taxation-threshold="7340032" timestamp="2019-06-15T05:01:38.063" intervalms="56.374" />
<cycle-start id="476" type="global mark phase" contextid="0" timestamp="2019-06-15T05:01:38.063" intervalms="214.063" />
<gc-start id="477" type="global mark phase" contextid="476" timestamp="2019-06-15T05:01:38.063">
  <mem-info id="478" free="7340032" total="40894464" percent="17">
    <remembered-set count="5120" freebytes="1611904" totalbytes="1632384" percent="98" regionsoverflowed="0" regionsstable="1" regionsrebuilding="0"/>
  </mem-info>
</gc-start>
<gc-op id="479" type="mark increment" timems="0.510" contextid="476" timestamp="2019-06-15T05:01:38.064">
  <trace-info objectcount="277" scancount="0" scanbytes="0" />
</gc-op>
<gc-end id="480" type="global mark phase" contextid="476" durationms="0.606" usertimems="0.000" systemtimems="0.000" timestamp="2019-06-15T05:01:38.064" activeThreads="1">
  <mem-info id="481" free="7340032" total="40894464" percent="17">
    <remembered-set count="5120" freebytes="1611904" totalbytes="1632384" percent="98" regionsoverflowed="0" regionsstable="0" regionsrebuilding="1"/>
  </mem-info>
</gc-end>
<concurrent-start id="482" type="GMP work packet processing" contextid="476" timestamp="2019-06-15T05:01:38.064">
  <concurrent-mark-start scanTarget="18446744073709551615" />
</concurrent-start>
<exclusive-end id="483" timestamp="2019-06-15T05:01:38.064" durationms="1.002" />

<concurrent-end id="484" type="GMP work packet processing" contextid="476" timestamp="2019-06-15T05:01:38.066">
  <concurrent-mark-end bytesScanned="1543440" reasonForTermination="Completed all work in GC phase" />
</concurrent-end>

<exclusive-start id="485" timestamp="2019-06-15T05:01:38.117" intervalms="54.259">
  <response-info timems="0.041" idlems="0.041" threads="0" lastid="0000000001595100" lastname="Thread-5" />
</exclusive-start>
<allocation-taxation id="486" taxation-threshold="7340032" timestamp="2019-06-15T05:01:38.117" intervalms="54.269" />
<cycle-start id="487" type="partial gc" contextid="0" timestamp="2019-06-15T05:01:38.117" intervalms="110.640" />
<gc-start id="488" type="partial gc" contextid="487" timestamp="2019-06-15T05:01:38.117">
  <mem-info id="489" free="0" total="40894464" percent="0">
    <mem type="eden" free="0" total="14680064" percent="0" />
    <remembered-set count="6944" freebytes="1604608" totalbytes="1632384" percent="98" regionsoverflowed="0" regionsstable="0" regionsrebuilding="1"/>
  </mem-info>
</gc-start>
<allocation-stats totalBytes="14669848" >
  <allocated-bytes non-tlh="0" tlh="14669848" arrayletleaf="0"/>
  <largest-consumer threadName="Thread-5" threadId="0000000001595100" bytes="2489048" />
</allocation-stats>
<gc-op id="490" type="mark" timems="1.099" contextid="487" timestamp="2019-06-15T05:01:38.119">
  <trace-info objectcount="2644" scancount="2112" scanbytes="419788" />
  <cardclean-info objects="1166" bytes="57752" />
  <remembered-set-cleared processed="4300" cleared="724" durationms="0.133" />
  <stringconstants candidates="3951" cleared="0"  />
  <warning details="Mark invoked due to insufficient free space for Copy-Forward" />
</gc-op>
<gc-op id="491" type="classunload" timems="0.002" contextid="487" timestamp="2019-06-15T05:01:38.119">
  <classunload-info classloadercandidates="8" classloadersunloaded="0" classesunloaded="0" anonymousclassesunloaded="0" quiescems="0.000" setupms="0.002" scanms="0.000" postms="0.000" />
</gc-op>
<gc-op id="492" type="sweep" timems="0.466" contextid="487" timestamp="2019-06-15T05:01:38.120" />
<gc-op id="493" type="compact" timems="1.677" contextid="487" timestamp="2019-06-15T05:01:38.122">
  <compact-info movecount="4753" movebytes="1187496" />
  <remembered-set-cleared processed="7123" cleared="2896" durationms="0.133" />
</gc-op>
<heap-resize id="494" type="contract" space="default" amount="2097152" count="1" timems="0.186" reason="insufficient time being spent in gc" timestamp="2019-06-15T05:01:38.122" />
<gc-end id="495" type="partial gc" contextid="487" durationms="4.774" usertimems="4.000" systemtimems="4.000" timestamp="2019-06-15T05:01:38.122" activeThreads="4">
  <mem-info id="496" free="13631488" total="38797312" percent="35">
    <mem type="eden" free="26680" total="1048576" percent="2" />
    <remembered-set count="5568" freebytes="1610112" totalbytes="1632384" percent="98" regionsoverflowed="0" regionsstable="0" regionsrebuilding="1"/>
  </mem-info>
</gc-end>
<cycle-end id="497" type="partial gc" contextid="487" timestamp="2019-06-15T05:01:38.122" />
  <attribute name="elasticGC enabled" value="1" />
  <attribute name= "numThreadsSpecified" value="4" />
  <attribute name="heapSize specified" value="0" />
  <attribute name="Current GC Util" value="33" />
  <attribute name= "Current Time Running" value="3366" />
  <attribute name ="GC Interval" value="0" />
  <attribute name="ProportionalT" value="6.500000" />
  <attribute name="ProportionalI" value="6.500000" />
  <attribute name="ProportionalH" value="6.500000" />
  <attribute name="Current Error" value="13.000000" />
  <attribute name="IntegralT" value="13.000000" />
  <attribute name="IntegralI" value="13.000000" />
  <attribute name="IntegralH" value="13.000000" />
  <attribute name="DerivativeT" value="19.500000" />
  <attribute name="DerivativeI" value="19.500000" />
  <attribute name="DerivativeH" value="19.500000" />
  <attribute name="Loop Time for DT" value="1.000000" />
  <attribute name="Output H" value="8388608"/>
  <attribute name="Output I" value="200"/>
  <attribute name="Output T" value="4"/>
  <attribute name="Target GC Util Change" value ="20.000000" />
  <attribute name="Current GC Util Change" value="33.000000"/>
  <attribute name="GC Util currently" value="33" />
  <attribute name="CPU Util currently" value="6201319973269" />
<exclusive-end id="498" timestamp="2019-06-15T05:01:38.123" durationms="5.459" />

<exclusive-start id="499" timestamp="2019-06-15T05:01:38.184" intervalms="67.155">
  <response-info timems="0.041" idlems="0.041" threads="0" lastid="0000000001598D00" lastname="Thread-6" />
</exclusive-start>
<allocation-taxation id="500" taxation-threshold="6291456" timestamp="2019-06-15T05:01:38.184" intervalms="67.194" />
<gc-start id="501" type="global mark phase" contextid="476" timestamp="2019-06-15T05:01:38.184">
  <mem-info id="502" free="7340032" total="38797312" percent="18">
    <remembered-set count="5408" freebytes="1610752" totalbytes="1632384" percent="98" regionsoverflowed="0" regionsstable="0" regionsrebuilding="1"/>
  </mem-info>
</gc-start>
<gc-op id="503" type="mark increment" timems="2.024" contextid="476" timestamp="2019-06-15T05:01:38.187">
  <trace-info objectcount="9376" scancount="6911" scanbytes="593956" />
  <cardclean-info objects="16178" bytes="696580" />
  <finalization candidates="25" enqueued="0" />
  <references type="soft" candidates="65" cleared="0" enqueued="0" dynamicThreshold="11" maxThreshold="32" />
  <references type="weak" candidates="266" cleared="0" enqueued="0" />
  <references type="phantom" candidates="97" cleared="0" enqueued="0" />
  <stringconstants candidates="3951" cleared="18"  />
</gc-op>
<gc-op id="504" type="classunload" timems="0.004" contextid="476" timestamp="2019-06-15T05:01:38.187">
  <classunload-info classloadercandidates="8" classloadersunloaded="0" classesunloaded="0" anonymousclassesunloaded="0" quiescems="0.000" setupms="0.004" scanms="0.000" postms="0.000" />
</gc-op>
<gc-end id="505" type="global mark phase" contextid="476" durationms="2.352" usertimems="4.000" systemtimems="4.000" timestamp="2019-06-15T05:01:38.187" activeThreads="4">
  <mem-info id="506" free="7340032" total="38797312" percent="18">
    <remembered-set count="6944" freebytes="1604608" totalbytes="1632384" percent="98" regionsoverflowed="0" regionsstable="0" regionsrebuilding="0"/>
  </mem-info>
</gc-end>
<cycle-end id="507" type="global mark phase" contextid="476" timestamp="2019-06-15T05:01:38.187" />
  <attribute name="elasticGC enabled" value="1" />
  <attribute name= "numThreadsSpecified" value="4" />
  <attribute name="heapSize specified" value="0" />
  <attribute name="Current GC Util" value="141" />
  <attribute name= "Current Time Running" value="3431" />
  <attribute name ="GC Interval" value="0" />
  <attribute name="ProportionalT" value="60.500000" />
  <attribute name="ProportionalI" value="60.500000" />
  <attribute name="ProportionalH" value="60.500000" />
  <attribute name="Current Error" value="121.000000" />
  <attribute name="IntegralT" value="0.000000" />
  <attribute name="IntegralI" value="0.000000" />
  <attribute name="IntegralH" value="0.000000" />
  <attribute name="DerivativeT" value="-inf" />
  <attribute name="DerivativeI" value="-inf" />
  <attribute name="DerivativeH" value="-inf" />
  <attribute name="Loop Time for DT" value="0.000000" />
  <attribute name="Output H" value="2091843584"/>
  <attribute name="Output I" value="200"/>
  <attribute name="Output T" value="4"/>
  <attribute name="Target GC Util Change" value ="20.000000" />
  <attribute name="Current GC Util Change" value="141.000000"/>
  <attribute name="GC Util currently" value="141" />
  <attribute name="CPU Util currently" value="10733862646889" />
<exclusive-end id="508" timestamp="2019-06-15T05:01:38.187" durationms="2.849" />

<exclusive-start id="509" timestamp="2019-06-15T05:01:38.235" intervalms="50.677">
  <response-info timems="0.032" idlems="0.032" threads="0" lastid="0000000001591500" lastname="Thread-4" />
</exclusive-start>
<allocation-taxation id="510" taxation-threshold="6291456" timestamp="2019-06-15T05:01:38.235" intervalms="50.696" />
<cycle-start id="511" type="partial gc" contextid="0" timestamp="2019-06-15T05:01:38.235" intervalms="117.888" />
<gc-start id="512" type="partial gc" contextid="511" timestamp="2019-06-15T05:01:38.235">
  <mem-info id="513" free="1048576" total="38797312" percent="2">
    <mem type="eden" free="0" total="12582912" percent="0" />
    <remembered-set count="4160" freebytes="1615744" totalbytes="1632384" percent="98" regionsoverflowed="0" regionsstable="1" regionsrebuilding="0"/>
  </mem-info>
</gc-start>
<allocation-stats totalBytes="12564640" >
  <allocated-bytes non-tlh="32784" tlh="12531856" arrayletleaf="0"/>
  <largest-consumer threadName="Thread-4" threadId="0000000001591500" bytes="2347008" />
</allocation-stats>
<gc-op id="514" type="sweep" timems="0.393" contextid="511" timestamp="2019-06-15T05:01:38.236" />
<gc-op id="515" type="copy forward" timems="1.676" contextid="511" timestamp="2019-06-15T05:01:38.238">
  <memory-copied type="eden" objects="2060" bytes="871096" bytesdiscarded="154521" />
  <memory-copied type="other" objects="7904" bytes="438792" bytesdiscarded="246591" />
  <memory-cardclean objects="755" bytes="42720" />
  <regions eden="6" other="7" />
  <remembered-set-cleared processed="2162" cleared="802" durationms="0.077" />
  <finalization candidates="10" enqueued="0" />
  <references type="soft" candidates="11" cleared="0" enqueued="0" dynamicThreshold="6" maxThreshold="32" />
  <references type="weak" candidates="120" cleared="0" enqueued="0" />
  <references type="phantom" candidates="14" cleared="0" enqueued="0" />
  <stringconstants candidates="3933" cleared="0"  />
</gc-op>
<gc-op id="516" type="classunload" timems="0.002" contextid="511" timestamp="2019-06-15T05:01:38.238">
  <classunload-info classloadercandidates="8" classloadersunloaded="0" classesunloaded="0" anonymousclassesunloaded="0" quiescems="0.000" setupms="0.002" scanms="0.000" postms="0.000" />
</gc-op>
<heap-resize id="517" type="expand" space="default" amount="1048576" count="1" timems="0.050" reason="insufficient free space following gc" timestamp="2019-06-15T05:01:38.238" />
<gc-end id="518" type="partial gc" contextid="511" durationms="3.229" usertimems="0.000" systemtimems="4.000" timestamp="2019-06-15T05:01:38.239" activeThreads="4">
  <mem-info id="519" free="14680064" total="39845888" percent="36">
    <mem type="eden" free="22696" total="1048576" percent="2" />
    <remembered-set count="4288" freebytes="1573376" totalbytes="1590528" percent="98" regionsoverflowed="0" regionsstable="1" regionsrebuilding="0"/>
  </mem-info>
</gc-end>
<cycle-end id="520" type="partial gc" contextid="511" timestamp="2019-06-15T05:01:38.239" />
  <attribute name="elasticGC enabled" value="1" />
  <attribute name= "numThreadsSpecified" value="4" />
  <attribute name="heapSize specified" value="0" />
  <attribute name="Current GC Util" value="38" />
  <attribute name= "Current Time Running" value="3482" />
  <attribute name ="GC Interval" value="0" />
  <attribute name="ProportionalT" value="9.000000" />
  <attribute name="ProportionalI" value="9.000000" />
  <attribute name="ProportionalH" value="9.000000" />
  <attribute name="Current Error" value="18.000000" />
  <attribute name="IntegralT" value="0.000000" />
  <attribute name="IntegralI" value="0.000000" />
  <attribute name="IntegralH" value="0.000000" />
  <attribute name="DerivativeT" value="-inf" />
  <attribute name="DerivativeI" value="-inf" />
  <attribute name="DerivativeH" value="-inf" />
  <attribute name="Loop Time for DT" value="0.000000" />
  <attribute name="Output H" value="2091843584"/>
  <attribute name="Output I" value="200"/>
  <attribute name="Output T" value="4"/>
  <attribute name="Target GC Util Change" value ="20.000000" />
  <attribute name="Current GC Util Change" value="38.000000"/>
  <attribute name="GC Util currently" value="38" />
  <attribute name="CPU Util currently" value="15504644695831" />
<exclusive-end id="521" timestamp="2019-06-15T05:01:38.239" durationms="3.966" />

<exclusive-start id="522" timestamp="2019-06-15T05:01:38.292" intervalms="57.328">
  <response-info timems="0.036" idlems="0.036" threads="0" lastid="0000000001591500" lastname="Thread-4" />
</exclusive-start>
<allocation-taxation id="523" taxation-threshold="7340032" timestamp="2019-06-15T05:01:38.292" intervalms="57.277" />
<cycle-start id="524" type="global mark phase" contextid="0" timestamp="2019-06-15T05:01:38.292" intervalms="229.443" />
<gc-start id="525" type="global mark phase" contextid="524" timestamp="2019-06-15T05:01:38.292">
  <mem-info id="526" free="7340032" total="39845888" percent="18">
    <remembered-set count="4064" freebytes="1574272" totalbytes="1590528" percent="98" regionsoverflowed="0" regionsstable="1" regionsrebuilding="0"/>
  </mem-info>
</gc-start>
<gc-op id="527" type="mark increment" timems="0.517" contextid="524" timestamp="2019-06-15T05:01:38.293">
  <trace-info objectcount="301" scancount="0" scanbytes="0" />
</gc-op>
<gc-end id="528" type="global mark phase" contextid="524" durationms="0.633" usertimems="0.000" systemtimems="0.000" timestamp="2019-06-15T05:01:38.293" activeThreads="1">
  <mem-info id="529" free="7340032" total="39845888" percent="18">
    <remembered-set count="4064" freebytes="1574272" totalbytes="1590528" percent="98" regionsoverflowed="0" regionsstable="0" regionsrebuilding="1"/>
  </mem-info>
</gc-end>
<concurrent-start id="530" type="GMP work packet processing" contextid="524" timestamp="2019-06-15T05:01:38.293">
  <concurrent-mark-start scanTarget="18446744073709551615" />
</concurrent-start>
<concurrent-end id="531" type="GMP work packet processing" contextid="524" timestamp="2019-06-15T05:01:38.294">
  <concurrent-mark-end bytesScanned="1600040" reasonForTermination="Completed all work in GC phase" />
</concurrent-end>

<exclusive-end id="532" timestamp="2019-06-15T05:01:38.295" durationms="2.337" />

<exclusive-start id="533" timestamp="2019-06-15T05:01:38.355" intervalms="62.371">
  <response-info timems="0.028" idlems="0.028" threads="0" lastid="0000000001598D00" lastname="Thread-6" />
</exclusive-start>
<allocation-taxation id="534" taxation-threshold="7340032" timestamp="2019-06-15T05:01:38.355" intervalms="62.376" />
<cycle-start id="535" type="partial gc" contextid="0" timestamp="2019-06-15T05:01:38.355" intervalms="119.657" />
<gc-start id="536" type="partial gc" contextid="535" timestamp="2019-06-15T05:01:38.355">
  <mem-info id="537" free="0" total="39845888" percent="0">
    <mem type="eden" free="0" total="14680064" percent="0" />
    <remembered-set count="5696" freebytes="1567744" totalbytes="1590528" percent="98" regionsoverflowed="0" regionsstable="0" regionsrebuilding="1"/>
  </mem-info>
</gc-start>
<allocation-stats totalBytes="14611344" >
  <allocated-bytes non-tlh="0" tlh="14611344" arrayletleaf="0"/>
  <largest-consumer threadName="Thread-4" threadId="0000000001591500" bytes="2609824" />
</allocation-stats>
<gc-op id="538" type="mark" timems="1.039" contextid="535" timestamp="2019-06-15T05:01:38.356">
  <trace-info objectcount="2101" scancount="1652" scanbytes="333128" />
  <cardclean-info objects="1186" bytes="56092" />
  <remembered-set-cleared processed="3875" cleared="537" durationms="0.130" />
  <stringconstants candidates="3933" cleared="0"  />
  <warning details="Mark invoked due to insufficient free space for Copy-Forward" />
</gc-op>
<gc-op id="539" type="classunload" timems="0.002" contextid="535" timestamp="2019-06-15T05:01:38.357">
  <classunload-info classloadercandidates="8" classloadersunloaded="0" classesunloaded="0" anonymousclassesunloaded="0" quiescems="0.000" setupms="0.002" scanms="0.000" postms="0.000" />
</gc-op>
<gc-op id="540" type="sweep" timems="0.423" contextid="535" timestamp="2019-06-15T05:01:38.357" />
<gc-op id="541" type="compact" timems="1.797" contextid="535" timestamp="2019-06-15T05:01:38.359">
  <compact-info movecount="8293" movebytes="1229984" />
  <remembered-set-cleared processed="6294" cleared="2539" durationms="0.130" />
</gc-op>
<gc-end id="542" type="partial gc" contextid="535" durationms="4.421" usertimems="4.000" systemtimems="4.000" timestamp="2019-06-15T05:01:38.359" activeThreads="4">
  <mem-info id="543" free="14680064" total="39845888" percent="36">
    <mem type="eden" free="211688" total="1048576" percent="20" />
    <remembered-set count="4960" freebytes="1570688" totalbytes="1590528" percent="98" regionsoverflowed="0" regionsstable="0" regionsrebuilding="1"/>
  </mem-info>
</gc-end>
<cycle-end id="544" type="partial gc" contextid="535" timestamp="2019-06-15T05:01:38.360" />
  <attribute name="elasticGC enabled" value="1" />
  <attribute name= "numThreadsSpecified" value="4" />
  <attribute name="heapSize specified" value="0" />
  <attribute name="Current GC Util" value="32" />
  <attribute name= "Current Time Running" value="3603" />
  <attribute name ="GC Interval" value="0" />
  <attribute name="ProportionalT" value="6.000000" />
  <attribute name="ProportionalI" value="6.000000" />
  <attribute name="ProportionalH" value="6.000000" />
  <attribute name="Current Error" value="12.000000" />
  <attribute name="IntegralT" value="12.000000" />
  <attribute name="IntegralI" value="12.000000" />
  <attribute name="IntegralH" value="12.000000" />
  <attribute name="DerivativeT" value="18.000000" />
  <attribute name="DerivativeI" value="18.000000" />
  <attribute name="DerivativeH" value="18.000000" />
  <attribute name="Loop Time for DT" value="1.000000" />
  <attribute name="Output H" value="8388608"/>
  <attribute name="Output I" value="200"/>
  <attribute name="Output T" value="4"/>
  <attribute name="Target GC Util Change" value ="20.000000" />
  <attribute name="Current GC Util Change" value="32.000000"/>
  <attribute name="GC Util currently" value="32" />
  <attribute name="CPU Util currently" value="6939572572478" />
<exclusive-end id="545" timestamp="2019-06-15T05:01:38.360" durationms="5.030" />

<exclusive-start id="546" timestamp="2019-06-15T05:01:38.416" intervalms="61.676">
  <response-info timems="0.057" idlems="0.034" threads="1" lastid="000000000158D900" lastname="Thread-3" />
</exclusive-start>
<allocation-taxation id="547" taxation-threshold="7340032" timestamp="2019-06-15T05:01:38.416" intervalms="61.674" />
<gc-start id="548" type="global mark phase" contextid="524" timestamp="2019-06-15T05:01:38.416">
  <mem-info id="549" free="7340032" total="39845888" percent="18">
    <remembered-set count="4864" freebytes="1571072" totalbytes="1590528" percent="98" regionsoverflowed="0" regionsstable="0" regionsrebuilding="1"/>
  </mem-info>
</gc-start>
<gc-op id="550" type="mark increment" timems="1.974" contextid="524" timestamp="2019-06-15T05:01:38.419">
  <trace-info objectcount="9184" scancount="6700" scanbytes="536416" />
  <cardclean-info objects="15744" bytes="638764" />
  <finalization candidates="25" enqueued="0" />
  <references type="soft" candidates="65" cleared="0" enqueued="0" dynamicThreshold="11" maxThreshold="32" />
  <references type="weak" candidates="266" cleared="0" enqueued="0" />
  <references type="phantom" candidates="96" cleared="0" enqueued="0" />
  <stringconstants candidates="3933" cleared="0"  />
</gc-op>
<gc-op id="551" type="classunload" timems="0.003" contextid="524" timestamp="2019-06-15T05:01:38.419">
  <classunload-info classloadercandidates="8" classloadersunloaded="0" classesunloaded="0" anonymousclassesunloaded="0" quiescems="0.000" setupms="0.003" scanms="0.000" postms="0.000" />
</gc-op>
<gc-end id="552" type="global mark phase" contextid="524" durationms="2.225" usertimems="0.000" systemtimems="4.000" timestamp="2019-06-15T05:01:38.419" activeThreads="4">
  <mem-info id="553" free="7340032" total="39845888" percent="18">
    <remembered-set count="5888" freebytes="1566976" totalbytes="1590528" percent="98" regionsoverflowed="0" regionsstable="0" regionsrebuilding="0"/>
  </mem-info>
</gc-end>
<cycle-end id="554" type="global mark phase" contextid="524" timestamp="2019-06-15T05:01:38.419" />
  <attribute name="elasticGC enabled" value="1" />
  <attribute name= "numThreadsSpecified" value="4" />
  <attribute name="heapSize specified" value="0" />
  <attribute name="Current GC Util" value="130" />
  <attribute name= "Current Time Running" value="3663" />
  <attribute name ="GC Interval" value="0" />
  <attribute name="ProportionalT" value="55.000000" />
  <attribute name="ProportionalI" value="55.000000" />
  <attribute name="ProportionalH" value="55.000000" />
  <attribute name="Current Error" value="110.000000" />
  <attribute name="IntegralT" value="0.000000" />
  <attribute name="IntegralI" value="0.000000" />
  <attribute name="IntegralH" value="0.000000" />
  <attribute name="DerivativeT" value="-inf" />
  <attribute name="DerivativeI" value="-inf" />
  <attribute name="DerivativeH" value="-inf" />
  <attribute name="Loop Time for DT" value="0.000000" />
  <attribute name="Output H" value="2091843584"/>
  <attribute name="Output I" value="200"/>
  <attribute name="Output T" value="4"/>
  <attribute name="Target GC Util Change" value ="20.000000" />
  <attribute name="Current GC Util Change" value="130.000000"/>
  <attribute name="GC Util currently" value="130" />
  <attribute name="CPU Util currently" value="9432663974802" />
<exclusive-end id="555" timestamp="2019-06-15T05:01:38.419" durationms="2.680" />

<exclusive-start id="556" timestamp="2019-06-15T05:01:38.479" intervalms="62.603">
  <response-info timems="0.037" idlems="0.037" threads="0" lastid="0000000001591500" lastname="Thread-4" />
</exclusive-start>
<allocation-taxation id="557" taxation-threshold="7340032" timestamp="2019-06-15T05:01:38.479" intervalms="62.604" />
<cycle-start id="558" type="partial gc" contextid="0" timestamp="2019-06-15T05:01:38.479" intervalms="124.277" />
<gc-start id="559" type="partial gc" contextid="558" timestamp="2019-06-15T05:01:38.479">
  <mem-info id="560" free="0" total="39845888" percent="0">
    <mem type="eden" free="0" total="14680064" percent="0" />
    <remembered-set count="3392" freebytes="1576960" totalbytes="1590528" percent="99" regionsoverflowed="0" regionsstable="1" regionsrebuilding="0"/>
  </mem-info>
</gc-start>
<allocation-stats totalBytes="14530056" >
  <allocated-bytes non-tlh="49168" tlh="14480888" arrayletleaf="0"/>
  <largest-consumer threadName="Thread-3" threadId="000000000158D900" bytes="2188168" />
</allocation-stats>
<gc-op id="561" type="sweep" timems="0.442" contextid="558" timestamp="2019-06-15T05:01:38.480" />
<gc-op id="562" type="copy forward" timems="2.144" contextid="558" timestamp="2019-06-15T05:01:38.483">
  <memory-copied type="eden" objects="2071" bytes="891592" bytesdiscarded="0" />
  <memory-copied type="other" objects="7901" bytes="440088" bytesdiscarded="0" />
  <memory-cardclean objects="731" bytes="41352" />
  <regions eden="7" other="7" />
  <remembered-set-cleared processed="1965" cleared="659" durationms="0.103" />
  <finalization candidates="10" enqueued="0" />
  <references type="soft" candidates="11" cleared="0" enqueued="0" dynamicThreshold="5" maxThreshold="32" />
  <references type="weak" candidates="120" cleared="0" enqueued="0" />
  <references type="phantom" candidates="15" cleared="0" enqueued="0" />
  <stringconstants candidates="3933" cleared="0"  />
</gc-op>
<gc-op id="563" type="classunload" timems="0.002" contextid="558" timestamp="2019-06-15T05:01:38.483">
  <classunload-info classloadercandidates="8" classloadersunloaded="0" classesunloaded="0" anonymousclassesunloaded="0" quiescems="0.000" setupms="0.002" scanms="0.000" postms="0.000" />
</gc-op>
<gc-end id="564" type="partial gc" contextid="558" durationms="3.745" usertimems="4.000" systemtimems="0.000" timestamp="2019-06-15T05:01:38.483" activeThreads="1">
  <mem-info id="565" free="16777216" total="39845888" percent="42">
    <mem type="eden" free="156736" total="1048576" percent="14" />
    <remembered-set count="3488" freebytes="1576576" totalbytes="1590528" percent="99" regionsoverflowed="0" regionsstable="1" regionsrebuilding="0"/>
  </mem-info>
</gc-end>
<cycle-end id="566" type="partial gc" contextid="558" timestamp="2019-06-15T05:01:38.483" />
  <attribute name="elasticGC enabled" value="1" />
  <attribute name= "numThreadsSpecified" value="1" />
  <attribute name="heapSize specified" value="0" />
  <attribute name="Current GC Util" value="64" />
  <attribute name= "Current Time Running" value="3726" />
  <attribute name ="GC Interval" value="0" />
  <attribute name="ProportionalT" value="22.000000" />
  <attribute name="ProportionalI" value="22.000000" />
  <attribute name="ProportionalH" value="22.000000" />
  <attribute name="Current Error" value="44.000000" />
  <attribute name="IntegralT" value="0.000000" />
  <attribute name="IntegralI" value="0.000000" />
  <attribute name="IntegralH" value="0.000000" />
  <attribute name="DerivativeT" value="inf" />
  <attribute name="DerivativeI" value="inf" />
  <attribute name="DerivativeH" value="inf" />
  <attribute name="Loop Time for DT" value="0.000000" />
  <attribute name="Output H" value="8388608"/>
  <attribute name="Output I" value="200"/>
  <attribute name="Output T" value="1"/>
  <attribute name="Target GC Util Change" value ="20.000000" />
  <attribute name="Current GC Util Change" value="64.000000"/>
  <attribute name="GC Util currently" value="64" />
  <attribute name="CPU Util currently" value="25242679087426" />
<exclusive-end id="567" timestamp="2019-06-15T05:01:38.483" durationms="4.441" />

<exclusive-start id="568" timestamp="2019-06-15T05:01:38.548" intervalms="68.759">
  <response-info timems="0.028" idlems="0.028" threads="0" lastid="0000000001591500" lastname="Thread-4" />
</exclusive-start>
<allocation-taxation id="569" taxation-threshold="8388608" timestamp="2019-06-15T05:01:38.548" intervalms="68.756" />
<cycle-start id="570" type="global mark phase" contextid="0" timestamp="2019-06-15T05:01:38.548" intervalms="255.416" />
<gc-start id="571" type="global mark phase" contextid="570" timestamp="2019-06-15T05:01:38.548">
  <mem-info id="572" free="8388608" total="39845888" percent="21">
    <remembered-set count="3296" freebytes="1577344" totalbytes="1590528" percent="99" regionsoverflowed="0" regionsstable="1" regionsrebuilding="0"/>
  </mem-info>
</gc-start>
<gc-op id="573" type="mark increment" timems="0.727" contextid="570" timestamp="2019-06-15T05:01:38.549">
  <trace-info objectcount="2813" scancount="254" scanbytes="19448" />
</gc-op>
<gc-end id="574" type="global mark phase" contextid="570" durationms="0.849" usertimems="4.000" systemtimems="0.000" timestamp="2019-06-15T05:01:38.549" activeThreads="4">
  <mem-info id="575" free="8388608" total="39845888" percent="21">
    <remembered-set count="3808" freebytes="1575296" totalbytes="1590528" percent="99" regionsoverflowed="0" regionsstable="0" regionsrebuilding="1"/>
  </mem-info>
</gc-end>
<concurrent-start id="576" type="GMP work packet processing" contextid="570" timestamp="2019-06-15T05:01:38.549">
  <concurrent-mark-start scanTarget="1826604" />
</concurrent-start>
<concurrent-end id="577" type="GMP work packet processing" contextid="570" timestamp="2019-06-15T05:01:38.551">
  <concurrent-mark-end bytesScanned="1426208" reasonForTermination="Completed all work in GC phase" />
</concurrent-end>

<exclusive-end id="578" timestamp="2019-06-15T05:01:38.551" durationms="3.590" />

<exclusive-start id="579" timestamp="2019-06-15T05:01:38.610" intervalms="62.675">
  <response-info timems="0.074" idlems="0.074" threads="0" lastid="0000000001591500" lastname="Thread-4" />
</exclusive-start>
<allocation-taxation id="580" taxation-threshold="8388608" timestamp="2019-06-15T05:01:38.610" intervalms="62.679" />
<cycle-start id="581" type="partial gc" contextid="0" timestamp="2019-06-15T05:01:38.611" intervalms="131.437" />
<gc-start id="582" type="partial gc" contextid="581" timestamp="2019-06-15T05:01:38.611">
  <mem-info id="583" free="0" total="39845888" percent="0">
    <mem type="eden" free="0" total="16777216" percent="0" />
    <remembered-set count="4960" freebytes="1570688" totalbytes="1590528" percent="98" regionsoverflowed="0" regionsstable="0" regionsrebuilding="1"/>
  </mem-info>
</gc-start>
<allocation-stats totalBytes="16726880" >
  <allocated-bytes non-tlh="0" tlh="16726880" arrayletleaf="0"/>
  <largest-consumer threadName="Thread-6" threadId="0000000001598D00" bytes="3135840" />
</allocation-stats>
<gc-op id="584" type="mark" timems="1.065" contextid="581" timestamp="2019-06-15T05:01:38.612">
  <trace-info objectcount="2054" scancount="1648" scanbytes="369508" />
  <cardclean-info objects="1112" bytes="54388" />
  <remembered-set-cleared processed="3809" cleared="467" durationms="0.157" />
  <stringconstants candidates="3933" cleared="0"  />
  <warning details="Mark invoked due to insufficient free space for Copy-Forward" />
</gc-op>
<gc-op id="585" type="classunload" timems="0.002" contextid="581" timestamp="2019-06-15T05:01:38.612">
  <classunload-info classloadercandidates="8" classloadersunloaded="0" classesunloaded="0" anonymousclassesunloaded="0" quiescems="0.000" setupms="0.002" scanms="0.000" postms="0.000" />
</gc-op>
<gc-op id="586" type="sweep" timems="0.539" contextid="581" timestamp="2019-06-15T05:01:38.613" />
<gc-op id="587" type="compact" timems="1.968" contextid="581" timestamp="2019-06-15T05:01:38.615">
  <compact-info movecount="8282" movebytes="1304168" />
  <remembered-set-cleared processed="6226" cleared="2501" durationms="0.157" />
</gc-op>
<gc-end id="588" type="partial gc" contextid="581" durationms="4.958" usertimems="4.000" systemtimems="0.000" timestamp="2019-06-15T05:01:38.616" activeThreads="4">
  <mem-info id="589" free="16777216" total="39845888" percent="42">
    <mem type="eden" free="138928" total="1048576" percent="13" />
    <remembered-set count="5248" freebytes="1569536" totalbytes="1590528" percent="98" regionsoverflowed="0" regionsstable="0" regionsrebuilding="1"/>
  </mem-info>
</gc-end>
<cycle-end id="590" type="partial gc" contextid="581" timestamp="2019-06-15T05:01:38.616" />
  <attribute name="elasticGC enabled" value="1" />
  <attribute name= "numThreadsSpecified" value="4" />
  <attribute name="heapSize specified" value="0" />
  <attribute name="Current GC Util" value="36" />
  <attribute name= "Current Time Running" value="3859" />
  <attribute name ="GC Interval" value="0" />
  <attribute name="ProportionalT" value="8.000000" />
  <attribute name="ProportionalI" value="8.000000" />
  <attribute name="ProportionalH" value="8.000000" />
  <attribute name="Current Error" value="16.000000" />
  <attribute name="IntegralT" value="16.000000" />
  <attribute name="IntegralI" value="16.000000" />
  <attribute name="IntegralH" value="16.000000" />
  <attribute name="DerivativeT" value="24.000000" />
  <attribute name="DerivativeI" value="24.000000" />
  <attribute name="DerivativeH" value="24.000000" />
  <attribute name="Loop Time for DT" value="1.000000" />
  <attribute name="Output H" value="8388608"/>
  <attribute name="Output I" value="200"/>
  <attribute name="Output T" value="4"/>
  <attribute name="Target GC Util Change" value ="20.000000" />
  <attribute name="Current GC Util Change" value="36.000000"/>
  <attribute name="GC Util currently" value="36" />
  <attribute name="CPU Util currently" value="5758007400345" />
<exclusive-end id="591" timestamp="2019-06-15T05:01:38.616" durationms="5.643" />

<exclusive-start id="592" timestamp="2019-06-15T05:01:38.673" intervalms="62.866">
  <response-info timems="0.034" idlems="0.034" threads="0" lastid="0000000001595100" lastname="Thread-5" />
</exclusive-start>
<allocation-taxation id="593" taxation-threshold="8388608" timestamp="2019-06-15T05:01:38.673" intervalms="62.866" />
<gc-start id="594" type="global mark phase" contextid="570" timestamp="2019-06-15T05:01:38.673">
  <mem-info id="595" free="8388608" total="39845888" percent="21">
    <remembered-set count="5024" freebytes="1570432" totalbytes="1590528" percent="98" regionsoverflowed="0" regionsstable="0" regionsrebuilding="1"/>
  </mem-info>
</gc-start>
<gc-op id="596" type="mark increment" timems="1.768" contextid="570" timestamp="2019-06-15T05:01:38.675">
  <trace-info objectcount="9371" scancount="6881" scanbytes="577540" />
  <cardclean-info objects="15743" bytes="641088" />
  <finalization candidates="25" enqueued="0" />
  <references type="soft" candidates="65" cleared="0" enqueued="0" dynamicThreshold="13" maxThreshold="32" />
  <references type="weak" candidates="266" cleared="0" enqueued="0" />
  <references type="phantom" candidates="97" cleared="0" enqueued="0" />
  <stringconstants candidates="3933" cleared="0"  />
</gc-op>
<gc-op id="597" type="classunload" timems="0.003" contextid="570" timestamp="2019-06-15T05:01:38.675">
  <classunload-info classloadercandidates="8" classloadersunloaded="0" classesunloaded="0" anonymousclassesunloaded="0" quiescems="0.000" setupms="0.003" scanms="0.000" postms="0.000" />
</gc-op>
<gc-end id="598" type="global mark phase" contextid="570" durationms="2.013" usertimems="4.000" systemtimems="0.000" timestamp="2019-06-15T05:01:38.675" activeThreads="4">
  <mem-info id="599" free="8388608" total="39845888" percent="21">
    <remembered-set count="6560" freebytes="1564288" totalbytes="1590528" percent="98" regionsoverflowed="0" regionsstable="0" regionsrebuilding="0"/>
  </mem-info>
</gc-end>
<cycle-end id="600" type="global mark phase" contextid="570" timestamp="2019-06-15T05:01:38.676" />
  <attribute name="elasticGC enabled" value="1" />
  <attribute name= "numThreadsSpecified" value="4" />
  <attribute name="heapSize specified" value="0" />
  <attribute name="Current GC Util" value="135" />
  <attribute name= "Current Time Running" value="3920" />
  <attribute name ="GC Interval" value="0" />
  <attribute name="ProportionalT" value="57.500000" />
  <attribute name="ProportionalI" value="57.500000" />
  <attribute name="ProportionalH" value="57.500000" />
  <attribute name="Current Error" value="115.000000" />
  <attribute name="IntegralT" value="0.000000" />
  <attribute name="IntegralI" value="0.000000" />
  <attribute name="IntegralH" value="0.000000" />
  <attribute name="DerivativeT" value="-inf" />
  <attribute name="DerivativeI" value="-inf" />
  <attribute name="DerivativeH" value="-inf" />
  <attribute name="Loop Time for DT" value="0.000000" />
  <attribute name="Output H" value="2091843584"/>
  <attribute name="Output I" value="200"/>
  <attribute name="Output T" value="4"/>
  <attribute name="Target GC Util Change" value ="20.000000" />
  <attribute name="Current GC Util Change" value="135.000000"/>
  <attribute name="GC Util currently" value="135" />
  <attribute name="CPU Util currently" value="11919396475724" />
<exclusive-end id="601" timestamp="2019-06-15T05:01:38.676" durationms="2.574" />

<exclusive-start id="602" timestamp="2019-06-15T05:01:38.746" intervalms="73.026">
  <response-info timems="0.039" idlems="0.039" threads="0" lastid="0000000001591500" lastname="Thread-4" />
</exclusive-start>
<allocation-taxation id="603" taxation-threshold="8388608" timestamp="2019-06-15T05:01:38.746" intervalms="73.019" />
<cycle-start id="604" type="partial gc" contextid="0" timestamp="2019-06-15T05:01:38.746" intervalms="135.883" />
<gc-start id="605" type="partial gc" contextid="604" timestamp="2019-06-15T05:01:38.747">
  <mem-info id="606" free="0" total="39845888" percent="0">
    <mem type="eden" free="0" total="16777216" percent="0" />
    <remembered-set count="4032" freebytes="1574400" totalbytes="1590528" percent="98" regionsoverflowed="0" regionsstable="1" regionsrebuilding="0"/>
  </mem-info>
</gc-start>
<allocation-stats totalBytes="16708904" >
  <allocated-bytes non-tlh="40976" tlh="16667928" arrayletleaf="0"/>
  <largest-consumer threadName="Thread-4" threadId="0000000001591500" bytes="3133800" />
</allocation-stats>
<gc-op id="607" type="sweep" timems="0.559" contextid="604" timestamp="2019-06-15T05:01:38.747" />
<gc-op id="608" type="copy forward" timems="1.800" contextid="604" timestamp="2019-06-15T05:01:38.750">
  <memory-copied type="eden" objects="2404" bytes="962576" bytesdiscarded="160160" />
  <memory-copied type="other" objects="7857" bytes="439424" bytesdiscarded="253816" />
  <memory-cardclean objects="712" bytes="40680" />
  <regions eden="8" other="10" />
  <remembered-set-cleared processed="1912" cleared="612" durationms="0.085" />
  <finalization candidates="10" enqueued="0" />
  <references type="soft" candidates="11" cleared="0" enqueued="0" dynamicThreshold="6" maxThreshold="32" />
  <references type="weak" candidates="120" cleared="0" enqueued="0" />
  <references type="phantom" candidates="15" cleared="0" enqueued="0" />
  <stringconstants candidates="3933" cleared="0"  />
  <heap-resize type="expand" space="default" amount="2097152" count="2" timems="0.127" reason="continue current collection" />
</gc-op>
<gc-op id="609" type="classunload" timems="0.002" contextid="604" timestamp="2019-06-15T05:01:38.750">
  <classunload-info classloadercandidates="8" classloadersunloaded="0" classesunloaded="0" anonymousclassesunloaded="0" quiescems="0.000" setupms="0.002" scanms="0.000" postms="0.000" />
</gc-op>
<gc-end id="610" type="partial gc" contextid="604" durationms="3.539" usertimems="4.000" systemtimems="4.000" timestamp="2019-06-15T05:01:38.750" activeThreads="4">
  <mem-info id="611" free="18874368" total="41943040" percent="45">
    <mem type="eden" free="974344" total="2097152" percent="46" />
    <remembered-set count="4000" freebytes="1658240" totalbytes="1674240" percent="99" regionsoverflowed="0" regionsstable="1" regionsrebuilding="0"/>
  </mem-info>
</gc-end>
<cycle-end id="612" type="partial gc" contextid="604" timestamp="2019-06-15T05:01:38.750" />
  <attribute name="elasticGC enabled" value="1" />
  <attribute name= "numThreadsSpecified" value="4" />
  <attribute name="heapSize specified" value="0" />
  <attribute name="Current GC Util" value="60" />
  <attribute name= "Current Time Running" value="3994" />
  <attribute name ="GC Interval" value="0" />
  <attribute name="ProportionalT" value="20.000000" />
  <attribute name="ProportionalI" value="20.000000" />
  <attribute name="ProportionalH" value="20.000000" />
  <attribute name="Current Error" value="40.000000" />
  <attribute name="IntegralT" value="40.000000" />
  <attribute name="IntegralI" value="40.000000" />
  <attribute name="IntegralH" value="40.000000" />
  <attribute name="DerivativeT" value="28.500000" />
  <attribute name="DerivativeI" value="28.500000" />
  <attribute name="DerivativeH" value="28.500000" />
  <attribute name="Loop Time for DT" value="1.000000" />
  <attribute name="Output H" value="8388608"/>
  <attribute name="Output I" value="200"/>
  <attribute name="Output T" value="4"/>
  <attribute name="Target GC Util Change" value ="20.000000" />
  <attribute name="Current GC Util Change" value="60.000000"/>
  <attribute name="GC Util currently" value="60" />
  <attribute name="CPU Util currently" value="22516348962556" />
<exclusive-end id="613" timestamp="2019-06-15T05:01:38.750" durationms="4.261" />

<exclusive-start id="614" timestamp="2019-06-15T05:01:38.821" intervalms="74.334">
  <response-info timems="0.037" idlems="0.037" threads="0" lastid="0000000001591500" lastname="Thread-4" />
</exclusive-start>
<allocation-taxation id="615" taxation-threshold="8388608" timestamp="2019-06-15T05:01:38.821" intervalms="74.340" />
<cycle-start id="616" type="global mark phase" contextid="0" timestamp="2019-06-15T05:01:38.821" intervalms="272.901" />
<gc-start id="617" type="global mark phase" contextid="616" timestamp="2019-06-15T05:01:38.821">
  <mem-info id="618" free="10485760" total="41943040" percent="25">
    <remembered-set count="3872" freebytes="1658752" totalbytes="1674240" percent="99" regionsoverflowed="0" regionsstable="1" regionsrebuilding="0"/>
  </mem-info>
</gc-start>
<gc-op id="619" type="mark increment" timems="0.902" contextid="616" timestamp="2019-06-15T05:01:38.822">
  <trace-info objectcount="11593" scancount="4740" scanbytes="404256" />
</gc-op>
<gc-end id="620" type="global mark phase" contextid="616" durationms="1.025" usertimems="0.000" systemtimems="0.000" timestamp="2019-06-15T05:01:38.822" activeThreads="4">
  <mem-info id="621" free="10485760" total="41943040" percent="25">
    <remembered-set count="4896" freebytes="1654656" totalbytes="1674240" percent="98" regionsoverflowed="0" regionsstable="0" regionsrebuilding="1"/>
  </mem-info>
</gc-end>
<concurrent-start id="622" type="GMP work packet processing" contextid="616" timestamp="2019-06-15T05:01:38.822">
  <concurrent-mark-start scanTarget="1785684" />
</concurrent-start>
<exclusive-end id="623" timestamp="2019-06-15T05:01:38.823" durationms="2.060" />

<concurrent-end id="624" type="GMP work packet processing" contextid="616" timestamp="2019-06-15T05:01:38.823">
  <concurrent-mark-end bytesScanned="1124144" reasonForTermination="Completed all work in GC phase" />
</concurrent-end>

<exclusive-start id="625" timestamp="2019-06-15T05:01:38.896" intervalms="75.295">
  <response-info timems="0.053" idlems="0.053" threads="0" lastid="000000000158D900" lastname="Thread-3" />
</exclusive-start>
<allocation-taxation id="626" taxation-threshold="8388608" timestamp="2019-06-15T05:01:38.896" intervalms="75.316" />
<cycle-start id="627" type="partial gc" contextid="0" timestamp="2019-06-15T05:01:38.896" intervalms="149.644" />
<gc-start id="628" type="partial gc" contextid="627" timestamp="2019-06-15T05:01:38.896">
  <mem-info id="629" free="2097152" total="41943040" percent="5">
    <mem type="eden" free="0" total="16777216" percent="0" />
    <remembered-set count="5312" freebytes="1652992" totalbytes="1674240" percent="98" regionsoverflowed="0" regionsstable="0" regionsrebuilding="1"/>
  </mem-info>
</gc-start>
<allocation-stats totalBytes="16588528" >
  <allocated-bytes non-tlh="0" tlh="16588528" arrayletleaf="0"/>
  <largest-consumer threadName="Thread-4" threadId="0000000001591500" bytes="2751888" />
</allocation-stats>
<gc-op id="630" type="copy forward" timems="3.071" contextid="627" timestamp="2019-06-15T05:01:38.900">
  <memory-copied type="eden" objects="2037" bytes="875064" bytesdiscarded="0" />
  <memory-copied type="other" objects="6308" bytes="397736" bytesdiscarded="456" />
  <memory-cardclean objects="7140" bytes="320992" />
  <regions eden="16" other="5" />
  <remembered-set-cleared processed="2203" cleared="1901" durationms="0.100" />
  <finalization candidates="1" enqueued="0" />
  <references type="soft" candidates="15" cleared="0" enqueued="0" dynamicThreshold="8" maxThreshold="32" />
  <references type="weak" candidates="142" cleared="0" enqueued="0" />
  <references type="phantom" candidates="45" cleared="0" enqueued="0" />
  <stringconstants candidates="3933" cleared="0"  />
  <heap-resize type="expand" space="default" amount="2097152" count="2" timems="0.102" reason="continue current collection" />
</gc-op>
<gc-op id="631" type="classunload" timems="0.002" contextid="627" timestamp="2019-06-15T05:01:38.900">
  <classunload-info classloadercandidates="8" classloadersunloaded="0" classesunloaded="0" anonymousclassesunloaded="0" quiescems="0.000" setupms="0.002" scanms="0.000" postms="0.000" />
</gc-op>
<heap-resize id="632" type="contract" space="default" amount="3145728" count="1" timems="0.254" reason="insufficient time being spent in gc" timestamp="2019-06-15T05:01:38.900" />
<gc-end id="633" type="partial gc" contextid="627" durationms="4.458" usertimems="4.000" systemtimems="0.000" timestamp="2019-06-15T05:01:38.901" activeThreads="1">
  <mem-info id="634" free="18874368" total="40894464" percent="46">
    <mem type="eden" free="173440" total="1048576" percent="16" />
    <remembered-set count="4832" freebytes="1738624" totalbytes="1757952" percent="98" regionsoverflowed="0" regionsstable="0" regionsrebuilding="1"/>
  </mem-info>
</gc-end>
<cycle-end id="635" type="partial gc" contextid="627" timestamp="2019-06-15T05:01:38.901" />
  <attribute name="elasticGC enabled" value="1" />
  <attribute name= "numThreadsSpecified" value="1" />
  <attribute name="heapSize specified" value="0" />
  <attribute name="Current GC Util" value="78" />
  <attribute name= "Current Time Running" value="4142" />
  <attribute name ="GC Interval" value="0" />
  <attribute name="ProportionalT" value="29.000000" />
  <attribute name="ProportionalI" value="29.000000" />
  <attribute name="ProportionalH" value="29.000000" />
  <attribute name="Current Error" value="58.000000" />
  <attribute name="IntegralT" value="0.000000" />
  <attribute name="IntegralI" value="0.000000" />
  <attribute name="IntegralH" value="0.000000" />
  <attribute name="DerivativeT" value="inf" />
  <attribute name="DerivativeI" value="inf" />
  <attribute name="DerivativeH" value="inf" />
  <attribute name="Loop Time for DT" value="0.000000" />
  <attribute name="Output H" value="8388608"/>
  <attribute name="Output I" value="200"/>
  <attribute name="Output T" value="1"/>
  <attribute name="Target GC Util Change" value ="20.000000" />
  <attribute name="Current GC Util Change" value="78.000000"/>
  <attribute name="GC Util currently" value="78" />
  <attribute name="CPU Util currently" value="23947107211271" />
<exclusive-end id="636" timestamp="2019-06-15T05:01:38.901" durationms="5.316" />

<exclusive-start id="637" timestamp="2019-06-15T05:01:38.977" intervalms="81.513">
  <response-info timems="0.078" idlems="0.078" threads="0" lastid="000000000158D900" lastname="Thread-3" />
</exclusive-start>
<allocation-taxation id="638" taxation-threshold="8388608" timestamp="2019-06-15T05:01:38.977" intervalms="81.481" />
<gc-start id="639" type="global mark phase" contextid="616" timestamp="2019-06-15T05:01:38.978">
  <mem-info id="640" free="10485760" total="40894464" percent="25">
    <remembered-set count="4384" freebytes="1740416" totalbytes="1757952" percent="99" regionsoverflowed="0" regionsstable="0" regionsrebuilding="1"/>
  </mem-info>
</gc-start>
<gc-op id="641" type="mark increment" timems="1.732" contextid="616" timestamp="2019-06-15T05:01:38.979">
  <trace-info objectcount="3398" scancount="2707" scanbytes="485828" />
  <cardclean-info objects="16166" bytes="712216" />
  <finalization candidates="25" enqueued="0" />
  <references type="soft" candidates="65" cleared="0" enqueued="0" dynamicThreshold="14" maxThreshold="32" />
  <references type="weak" candidates="267" cleared="0" enqueued="0" />
  <references type="phantom" candidates="97" cleared="0" enqueued="0" />
  <stringconstants candidates="3933" cleared="0"  />
</gc-op>
<gc-op id="642" type="classunload" timems="0.003" contextid="616" timestamp="2019-06-15T05:01:38.979">
  <classunload-info classloadercandidates="8" classloadersunloaded="0" classesunloaded="0" anonymousclassesunloaded="0" quiescems="0.000" setupms="0.003" scanms="0.000" postms="0.000" />
</gc-op>
<gc-end id="643" type="global mark phase" contextid="616" durationms="2.013" usertimems="0.000" systemtimems="4.000" timestamp="2019-06-15T05:01:38.980" activeThreads="4">
  <mem-info id="644" free="10485760" total="40894464" percent="25">
    <remembered-set count="4896" freebytes="1738368" totalbytes="1757952" percent="98" regionsoverflowed="0" regionsstable="0" regionsrebuilding="0"/>
  </mem-info>
</gc-end>
<cycle-end id="645" type="global mark phase" contextid="616" timestamp="2019-06-15T05:01:38.980" />
  <attribute name="elasticGC enabled" value="1" />
  <attribute name= "numThreadsSpecified" value="4" />
  <attribute name="heapSize specified" value="0" />
  <attribute name="Current GC Util" value="109" />
  <attribute name= "Current Time Running" value="4224" />
  <attribute name ="GC Interval" value="0" />
  <attribute name="ProportionalT" value="44.500000" />
  <attribute name="ProportionalI" value="44.500000" />
  <attribute name="ProportionalH" value="44.500000" />
  <attribute name="Current Error" value="89.000000" />
  <attribute name="IntegralT" value="0.000000" />
  <attribute name="IntegralI" value="0.000000" />
  <attribute name="IntegralH" value="0.000000" />
  <attribute name="DerivativeT" value="-inf" />
  <attribute name="DerivativeI" value="-inf" />
  <attribute name="DerivativeH" value="-inf" />
  <attribute name="Loop Time for DT" value="0.000000" />
  <attribute name="Output H" value="2091843584"/>
  <attribute name="Output I" value="200"/>
  <attribute name="Output T" value="4"/>
  <attribute name="Target GC Util Change" value ="20.000000" />
  <attribute name="Current GC Util Change" value="109.000000"/>
  <attribute name="GC Util currently" value="109" />
  <attribute name="CPU Util currently" value="17084304902217" />
<exclusive-end id="646" timestamp="2019-06-15T05:01:38.980" durationms="2.423" />

<exclusive-start id="647" timestamp="2019-06-15T05:01:39.046" intervalms="68.287">
  <response-info timems="0.035" idlems="0.035" threads="0" lastid="0000000001598D00" lastname="Thread-6" />
</exclusive-start>
<allocation-taxation id="648" taxation-threshold="8388608" timestamp="2019-06-15T05:01:39.046" intervalms="68.305" />
<cycle-start id="649" type="partial gc" contextid="0" timestamp="2019-06-15T05:01:39.046" intervalms="149.792" />
<gc-start id="650" type="partial gc" contextid="649" timestamp="2019-06-15T05:01:39.046">
  <mem-info id="651" free="2097152" total="40894464" percent="5">
    <mem type="eden" free="0" total="16777216" percent="0" />
    <remembered-set count="2624" freebytes="1747456" totalbytes="1757952" percent="99" regionsoverflowed="0" regionsstable="1" regionsrebuilding="0"/>
  </mem-info>
</gc-start>
<allocation-stats totalBytes="16684616" >
  <allocated-bytes non-tlh="0" tlh="16684616" arrayletleaf="0"/>
  <largest-consumer threadName="Thread-4" threadId="0000000001591500" bytes="3627360" />
</allocation-stats>
<gc-op id="652" type="sweep" timems="0.402" contextid="649" timestamp="2019-06-15T05:01:39.047" />
<gc-op id="653" type="copy forward" timems="1.443" contextid="649" timestamp="2019-06-15T05:01:39.049">
  <memory-copied type="eden" objects="2702" bytes="991176" bytesdiscarded="115744" />
  <memory-copied type="other" objects="1" bytes="112" bytesdiscarded="0" />
  <memory-cardclean objects="1810" bytes="92224" />
  <regions eden="8" other="6" />
  <remembered-set-cleared processed="1706" cleared="269" durationms="0.076" />
  <stringconstants candidates="3933" cleared="0"  />
</gc-op>
<gc-op id="654" type="classunload" timems="0.002" contextid="649" timestamp="2019-06-15T05:01:39.049">
  <classunload-info classloadercandidates="8" classloadersunloaded="0" classesunloaded="0" anonymousclassesunloaded="0" quiescems="0.000" setupms="0.002" scanms="0.000" postms="0.000" />
</gc-op>
<heap-resize id="655" type="contract" space="default" amount="2097152" count="1" timems="0.144" reason="insufficient time being spent in gc" timestamp="2019-06-15T05:01:39.049" />
<gc-end id="656" type="partial gc" contextid="649" durationms="3.094" usertimems="0.000" systemtimems="4.000" timestamp="2019-06-15T05:01:39.049" activeThreads="4">
  <mem-info id="657" free="14680064" total="38797312" percent="37">
    <mem type="eden" free="2038744" total="3145728" percent="64" />
    <remembered-set count="4224" freebytes="1615488" totalbytes="1632384" percent="98" regionsoverflowed="0" regionsstable="1" regionsrebuilding="0"/>
  </mem-info>
</gc-end>
<cycle-end id="658" type="partial gc" contextid="649" timestamp="2019-06-15T05:01:39.049" />
  <attribute name="elasticGC enabled" value="1" />
  <attribute name= "numThreadsSpecified" value="4" />
  <attribute name="heapSize specified" value="0" />
  <attribute name="Current GC Util" value="0" />
  <attribute name= "Current Time Running" value="4293" />
  <attribute name ="GC Interval" value="0" />
  <attribute name="ProportionalT" value="-10.000000" />
  <attribute name="ProportionalI" value="-10.000000" />
  <attribute name="ProportionalH" value="-10.000000" />
  <attribute name="Current Error" value="-20.000000" />
  <attribute name="IntegralT" value="-20.000000" />
  <attribute name="IntegralI" value="-20.000000" />
  <attribute name="IntegralH" value="-20.000000" />
  <attribute name="DerivativeT" value="-84.000000" />
  <attribute name="DerivativeI" value="-84.000000" />
  <attribute name="DerivativeH" value="-84.000000" />
  <attribute name="Loop Time for DT" value="1.000000" />
  <attribute name="Output H" value="2091843584"/>
  <attribute name="Output I" value="200"/>
  <attribute name="Output T" value="4"/>
  <attribute name="Target GC Util Change" value ="20.000000" />
  <attribute name="Current GC Util Change" value="0.000000"/>
  <attribute name="GC Util currently" value="0" />
  <attribute name="CPU Util currently" value="18476010049230" />
<exclusive-end id="659" timestamp="2019-06-15T05:01:39.049" durationms="3.765" />

<exclusive-start id="660" timestamp="2019-06-15T05:01:39.159" intervalms="113.270">
  <response-info timems="0.050" idlems="0.050" threads="0" lastid="0000000001598D00" lastname="Thread-6" />
</exclusive-start>
<allocation-taxation id="661" taxation-threshold="14680064" timestamp="2019-06-15T05:01:39.159" intervalms="113.260" />
<cycle-start id="662" type="partial gc" contextid="0" timestamp="2019-06-15T05:01:39.159" intervalms="113.262" />
<gc-start id="663" type="partial gc" contextid="662" timestamp="2019-06-15T05:01:39.159">
  <mem-info id="664" free="0" total="38797312" percent="0">
    <mem type="eden" free="0" total="14680064" percent="0" />
    <remembered-set count="3904" freebytes="1616768" totalbytes="1632384" percent="99" regionsoverflowed="0" regionsstable="1" regionsrebuilding="0"/>
  </mem-info>
</gc-start>
<allocation-stats totalBytes="14669984" >
  <allocated-bytes non-tlh="49168" tlh="14620816" arrayletleaf="0"/>
  <largest-consumer threadName="Thread-4" threadId="0000000001591500" bytes="4793912" />
</allocation-stats>
<gc-op id="665" type="mark" timems="1.026" contextid="662" timestamp="2019-06-15T05:01:39.161">
  <trace-info objectcount="2535" scancount="2060" scanbytes="419688" />
  <cardclean-info objects="1872" bytes="79976" />
  <remembered-set-cleared processed="1838" cleared="324" durationms="0.112" />
  <stringconstants candidates="3933" cleared="0"  />
  <warning details="Mark invoked due to insufficient free space for Copy-Forward" />
</gc-op>
<gc-op id="666" type="classunload" timems="0.002" contextid="662" timestamp="2019-06-15T05:01:39.161">
  <classunload-info classloadercandidates="8" classloadersunloaded="0" classesunloaded="0" anonymousclassesunloaded="0" quiescems="0.000" setupms="0.002" scanms="0.000" postms="0.000" />
</gc-op>
<gc-op id="667" type="sweep" timems="0.513" contextid="662" timestamp="2019-06-15T05:01:39.162" />
<gc-op id="668" type="compact" timems="1.561" contextid="662" timestamp="2019-06-15T05:01:39.163">
  <compact-info movecount="3763" movebytes="1061160" />
  <remembered-set-cleared processed="4012" cleared="911" durationms="0.112" />
</gc-op>
<heap-resize id="669" type="contract" space="default" amount="2097152" count="1" timems="0.207" reason="insufficient time being spent in gc" timestamp="2019-06-15T05:01:39.164" />
<gc-end id="670" type="partial gc" contextid="662" durationms="4.889" usertimems="4.000" systemtimems="0.000" timestamp="2019-06-15T05:01:39.164" activeThreads="1">
  <mem-info id="671" free="15728640" total="36700160" percent="42">
    <mem type="eden" free="30904" total="1048576" percent="2" />
    <remembered-set count="3008" freebytes="1536640" totalbytes="1548672" percent="99" regionsoverflowed="0" regionsstable="1" regionsrebuilding="0"/>
  </mem-info>
</gc-end>
<cycle-end id="672" type="partial gc" contextid="662" timestamp="2019-06-15T05:01:39.164" />
  <attribute name="elasticGC enabled" value="1" />
  <attribute name= "numThreadsSpecified" value="1" />
  <attribute name="heapSize specified" value="0" />
  <attribute name="Current GC Util" value="32" />
  <attribute name= "Current Time Running" value="4407" />
  <attribute name ="GC Interval" value="0" />
  <attribute name="ProportionalT" value="6.000000" />
  <attribute name="ProportionalI" value="6.000000" />
  <attribute name="ProportionalH" value="6.000000" />
  <attribute name="Current Error" value="12.000000" />
  <attribute name="IntegralT" value="0.000000" />
  <attribute name="IntegralI" value="0.000000" />
  <attribute name="IntegralH" value="0.000000" />
  <attribute name="DerivativeT" value="inf" />
  <attribute name="DerivativeI" value="inf" />
  <attribute name="DerivativeH" value="inf" />
  <attribute name="Loop Time for DT" value="0.000000" />
  <attribute name="Output H" value="8388608"/>
  <attribute name="Output I" value="200"/>
  <attribute name="Output T" value="1"/>
  <attribute name="Target GC Util Change" value ="20.000000" />
  <attribute name="Current GC Util Change" value="32.000000"/>
  <attribute name="GC Util currently" value="32" />
  <attribute name="CPU Util currently" value="6067656625414" />
<exclusive-end id="673" timestamp="2019-06-15T05:01:39.165" durationms="5.794" />

<exclusive-start id="674" timestamp="2019-06-15T05:01:39.288" intervalms="129.442">
  <response-info timems="0.034" idlems="0.017" threads="1" lastid="0000000001598D00" lastname="Thread-6" />
</exclusive-start>
<allocation-taxation id="675" taxation-threshold="15728640" timestamp="2019-06-15T05:01:39.288" intervalms="129.443" />
<cycle-start id="676" type="partial gc" contextid="0" timestamp="2019-06-15T05:01:39.289" intervalms="129.448" />
<gc-start id="677" type="partial gc" contextid="676" timestamp="2019-06-15T05:01:39.289">
  <mem-info id="678" free="0" total="36700160" percent="0">
    <mem type="eden" free="30904" total="16777216" percent="0" />
    <remembered-set count="2592" freebytes="1538304" totalbytes="1548672" percent="99" regionsoverflowed="0" regionsstable="1" regionsrebuilding="0"/>
  </mem-info>
</gc-start>
<allocation-stats totalBytes="15688920" >
  <allocated-bytes non-tlh="0" tlh="15688920" arrayletleaf="0"/>
  <largest-consumer threadName="Thread-4" threadId="0000000001591500" bytes="5126480" />
</allocation-stats>
<gc-op id="679" type="mark" timems="1.294" contextid="676" timestamp="2019-06-15T05:01:39.291">
  <trace-info objectcount="2131" scancount="1683" scanbytes="402064" />
  <cardclean-info objects="1277" bytes="64484" />
  <remembered-set-cleared processed="1950" cleared="398" durationms="0.070" />
  <references type="phantom" candidates="1" cleared="0" enqueued="0" />
  <stringconstants candidates="3933" cleared="0"  />
  <warning details="Mark invoked due to insufficient free space for Copy-Forward" />
</gc-op>
<gc-op id="680" type="classunload" timems="0.002" contextid="676" timestamp="2019-06-15T05:01:39.291">
  <classunload-info classloadercandidates="8" classloadersunloaded="0" classesunloaded="0" anonymousclassesunloaded="0" quiescems="0.000" setupms="0.001" scanms="0.000" postms="0.000" />
</gc-op>
<gc-op id="681" type="sweep" timems="0.505" contextid="676" timestamp="2019-06-15T05:01:39.291" />
<gc-op id="682" type="compact" timems="2.076" contextid="676" timestamp="2019-06-15T05:01:39.294">
  <compact-info movecount="10886" movebytes="1489344" />
  <remembered-set-cleared processed="3701" cleared="1375" durationms="0.071" />
</gc-op>
<heap-resize id="683" type="contract" space="default" amount="2097152" count="1" timems="0.199" reason="insufficient time being spent in gc" timestamp="2019-06-15T05:01:39.294" />
<gc-end id="684" type="partial gc" contextid="676" durationms="5.506" usertimems="4.000" systemtimems="4.000" timestamp="2019-06-15T05:01:39.294" activeThreads="4">
  <mem-info id="685" free="14680064" total="34603008" percent="42">
    <mem type="eden" free="92888" total="1048576" percent="8" />
    <remembered-set count="4224" freebytes="1448064" totalbytes="1464960" percent="98" regionsoverflowed="0" regionsstable="1" regionsrebuilding="0"/>
  </mem-info>
</gc-end>
<cycle-end id="686" type="partial gc" contextid="676" timestamp="2019-06-15T05:01:39.294" />
  <attribute name="elasticGC enabled" value="1" />
  <attribute name= "numThreadsSpecified" value="4" />
  <attribute name="heapSize specified" value="0" />
  <attribute name="Current GC Util" value="34" />
  <attribute name= "Current Time Running" value="4537" />
  <attribute name ="GC Interval" value="0" />
  <attribute name="ProportionalT" value="7.000000" />
  <attribute name="ProportionalI" value="7.000000" />
  <attribute name="ProportionalH" value="7.000000" />
  <attribute name="Current Error" value="14.000000" />
  <attribute name="IntegralT" value="14.000000" />
  <attribute name="IntegralI" value="14.000000" />
  <attribute name="IntegralH" value="14.000000" />
  <attribute name="DerivativeT" value="-120.000000" />
  <attribute name="DerivativeI" value="-120.000000" />
  <attribute name="DerivativeH" value="-120.000000" />
  <attribute name="Loop Time for DT" value="1.000000" />
  <attribute name="Output H" value="2091843584"/>
  <attribute name="Output I" value="200"/>
  <attribute name="Output T" value="4"/>
  <attribute name="Target GC Util Change" value ="20.000000" />
  <attribute name="Current GC Util Change" value="34.000000"/>
  <attribute name="GC Util currently" value="34" />
  <attribute name="CPU Util currently" value="6091395663925" />
<exclusive-end id="687" timestamp="2019-06-15T05:01:39.295" durationms="6.207" />

<exclusive-start id="688" timestamp="2019-06-15T05:01:39.408" intervalms="119.657">
  <response-info timems="0.038" idlems="0.038" threads="0" lastid="0000000001598D00" lastname="Thread-6" />
</exclusive-start>
<allocation-taxation id="689" taxation-threshold="14680064" timestamp="2019-06-15T05:01:39.408" intervalms="119.656" />
<cycle-start id="690" type="partial gc" contextid="0" timestamp="2019-06-15T05:01:39.408" intervalms="119.652" />
<gc-start id="691" type="partial gc" contextid="690" timestamp="2019-06-15T05:01:39.408">
  <mem-info id="692" free="0" total="34603008" percent="0">
    <mem type="eden" free="92888" total="15728640" percent="0" />
    <remembered-set count="3840" freebytes="1449600" totalbytes="1464960" percent="98" regionsoverflowed="0" regionsstable="1" regionsrebuilding="0"/>
  </mem-info>
</gc-start>
<allocation-stats totalBytes="14641656" >
  <allocated-bytes non-tlh="32776" tlh="14608880" arrayletleaf="0"/>
  <largest-consumer threadName="Thread-4" threadId="0000000001591500" bytes="4886488" />
</allocation-stats>
<gc-op id="693" type="mark" timems="0.910" contextid="690" timestamp="2019-06-15T05:01:39.410">
  <trace-info objectcount="2085" scancount="1678" scanbytes="334764" />
  <cardclean-info objects="1106" bytes="54796" />
  <remembered-set-cleared processed="1946" cleared="349" durationms="0.095" />
  <references type="weak" candidates="1" cleared="0" enqueued="0" />
  <references type="phantom" candidates="1" cleared="0" enqueued="0" />
  <stringconstants candidates="3933" cleared="0"  />
  <warning details="Mark invoked due to insufficient free space for Copy-Forward" />
</gc-op>
<gc-op id="694" type="classunload" timems="0.002" contextid="690" timestamp="2019-06-15T05:01:39.410">
  <classunload-info classloadercandidates="8" classloadersunloaded="0" classesunloaded="0" anonymousclassesunloaded="0" quiescems="0.000" setupms="0.002" scanms="0.000" postms="0.000" />
</gc-op>
<gc-op id="695" type="sweep" timems="0.436" contextid="690" timestamp="2019-06-15T05:01:39.411" />
<gc-op id="696" type="compact" timems="3.857" contextid="690" timestamp="2019-06-15T05:01:39.415">
  <compact-info movecount="14554" movebytes="1546232" />
  <remembered-set-cleared processed="2334" cleared="722" durationms="0.095" />
</gc-op>
<heap-resize id="697" type="contract" space="default" amount="2097152" count="1" timems="0.183" reason="insufficient time being spent in gc" timestamp="2019-06-15T05:01:39.415" />
<gc-end id="698" type="partial gc" contextid="690" durationms="6.943" usertimems="8.000" systemtimems="0.000" timestamp="2019-06-15T05:01:39.415" activeThreads="1">
  <mem-info id="699" free="13631488" total="32505856" percent="41">
    <mem type="eden" free="263888" total="1048576" percent="25" />
    <remembered-set count="2656" freebytes="1370624" totalbytes="1381248" percent="99" regionsoverflowed="0" regionsstable="1" regionsrebuilding="0"/>
  </mem-info>
</gc-end>
<cycle-end id="700" type="partial gc" contextid="690" timestamp="2019-06-15T05:01:39.416" />
  <attribute name="elasticGC enabled" value="1" />
  <attribute name= "numThreadsSpecified" value="1" />
  <attribute name="heapSize specified" value="0" />
  <attribute name="Current GC Util" value="30" />
  <attribute name= "Current Time Running" value="4656" />
  <attribute name ="GC Interval" value="0" />
  <attribute name="ProportionalT" value="5.000000" />
  <attribute name="ProportionalI" value="5.000000" />
  <attribute name="ProportionalH" value="5.000000" />
  <attribute name="Current Error" value="10.000000" />
  <attribute name="IntegralT" value="0.000000" />
  <attribute name="IntegralI" value="0.000000" />
  <attribute name="IntegralH" value="0.000000" />
  <attribute name="DerivativeT" value="inf" />
  <attribute name="DerivativeI" value="inf" />
  <attribute name="DerivativeH" value="inf" />
  <attribute name="Loop Time for DT" value="0.000000" />
  <attribute name="Output H" value="8388608"/>
  <attribute name="Output I" value="200"/>
  <attribute name="Output T" value="1"/>
  <attribute name="Target GC Util Change" value ="20.000000" />
  <attribute name="Current GC Util Change" value="30.000000"/>
  <attribute name="GC Util currently" value="30" />
  <attribute name="CPU Util currently" value="6446709692209" />
<exclusive-end id="701" timestamp="2019-06-15T05:01:39.416" durationms="7.664" />

<exclusive-start id="702" timestamp="2019-06-15T05:01:39.469" intervalms="61.041">
  <response-info timems="0.042" idlems="0.042" threads="0" lastid="0000000001598D00" lastname="Thread-6" />
</exclusive-start>
<allocation-taxation id="703" taxation-threshold="6291456" timestamp="2019-06-15T05:01:39.469" intervalms="61.038" />
<cycle-start id="704" type="global mark phase" contextid="0" timestamp="2019-06-15T05:01:39.469" intervalms="648.497" />
<gc-start id="705" type="global mark phase" contextid="704" timestamp="2019-06-15T05:01:39.469">
  <mem-info id="706" free="7340032" total="32505856" percent="22">
    <remembered-set count="2464" freebytes="1371392" totalbytes="1381248" percent="99" regionsoverflowed="0" regionsstable="1" regionsrebuilding="0"/>
  </mem-info>
</gc-start>
<gc-op id="707" type="mark increment" timems="0.527" contextid="704" timestamp="2019-06-15T05:01:39.470">
  <trace-info objectcount="296" scancount="0" scanbytes="0" />
</gc-op>
<gc-end id="708" type="global mark phase" contextid="704" durationms="0.642" usertimems="0.000" systemtimems="0.000" timestamp="2019-06-15T05:01:39.470" activeThreads="1">
  <mem-info id="709" free="7340032" total="32505856" percent="22">
    <remembered-set count="2464" freebytes="1371392" totalbytes="1381248" percent="99" regionsoverflowed="0" regionsstable="0" regionsrebuilding="1"/>
  </mem-info>
</gc-end>
<concurrent-start id="710" type="GMP work packet processing" contextid="704" timestamp="2019-06-15T05:01:39.470">
  <concurrent-mark-start scanTarget="1048576" />
</concurrent-start>
<exclusive-end id="711" timestamp="2019-06-15T05:01:39.471" durationms="1.745" />

<concurrent-end id="712" type="GMP work packet processing" contextid="704" timestamp="2019-06-15T05:01:39.471">
  <concurrent-mark-end bytesScanned="1104912" reasonForTermination="Work target met" />
</concurrent-end>

<exclusive-start id="713" timestamp="2019-06-15T05:01:39.516" intervalms="47.257">
  <response-info timems="0.035" idlems="0.035" threads="0" lastid="0000000001598D00" lastname="Thread-6" />
</exclusive-start>
<allocation-taxation id="714" taxation-threshold="6291456" timestamp="2019-06-15T05:01:39.516" intervalms="47.262" />
<cycle-start id="715" type="partial gc" contextid="0" timestamp="2019-06-15T05:01:39.516" intervalms="108.301" />
<gc-start id="716" type="partial gc" contextid="715" timestamp="2019-06-15T05:01:39.517">
  <mem-info id="717" free="1048576" total="32505856" percent="3">
    <mem type="eden" free="263888" total="13631488" percent="1" />
    <remembered-set count="4256" freebytes="1364224" totalbytes="1381248" percent="98" regionsoverflowed="0" regionsstable="0" regionsrebuilding="1"/>
  </mem-info>
</gc-start>
<allocation-stats totalBytes="12544040" >
  <allocated-bytes non-tlh="24592" tlh="12519448" arrayletleaf="0"/>
  <largest-consumer threadName="Thread-6" threadId="0000000001598D00" bytes="2895336" />
</allocation-stats>
<gc-op id="718" type="copy forward" timems="1.733" contextid="715" timestamp="2019-06-15T05:01:39.519">
  <memory-copied type="eden" objects="2054" bytes="775872" bytesdiscarded="122432" />
  <memory-copied type="other" objects="4" bytes="144" bytesdiscarded="0" />
  <memory-cardclean objects="4542" bytes="230960" />
  <regions eden="12" other="1" />
  <remembered-set-cleared processed="2031" cleared="743" durationms="0.071" />
  <references type="weak" candidates="1" cleared="0" enqueued="0" />
  <references type="phantom" candidates="1" cleared="0" enqueued="0" />
  <stringconstants candidates="3933" cleared="0"  />
  <heap-resize type="expand" space="default" amount="1048576" count="1" timems="0.075" reason="continue current collection" />
</gc-op>
<gc-op id="719" type="classunload" timems="0.003" contextid="715" timestamp="2019-06-15T05:01:39.519">
  <classunload-info classloadercandidates="8" classloadersunloaded="0" classesunloaded="0" anonymousclassesunloaded="0" quiescems="0.000" setupms="0.003" scanms="0.000" postms="0.000" />
</gc-op>
<gc-end id="720" type="partial gc" contextid="715" durationms="2.671" usertimems="4.000" systemtimems="0.000" timestamp="2019-06-15T05:01:39.519" activeThreads="4">
  <mem-info id="721" free="13631488" total="33554432" percent="40">
    <mem type="eden" free="1198648" total="2097152" percent="57" />
    <remembered-set count="4544" freebytes="1321216" totalbytes="1339392" percent="98" regionsoverflowed="0" regionsstable="0" regionsrebuilding="1"/>
  </mem-info>
</gc-end>
<cycle-end id="722" type="partial gc" contextid="715" timestamp="2019-06-15T05:01:39.519" />
  <attribute name="elasticGC enabled" value="1" />
  <attribute name= "numThreadsSpecified" value="4" />
  <attribute name="heapSize specified" value="0" />
  <attribute name="Current GC Util" value="42" />
  <attribute name= "Current Time Running" value="4763" />
  <attribute name ="GC Interval" value="0" />
  <attribute name="ProportionalT" value="11.000000" />
  <attribute name="ProportionalI" value="11.000000" />
  <attribute name="ProportionalH" value="11.000000" />
  <attribute name="Current Error" value="22.000000" />
  <attribute name="IntegralT" value="22.000000" />
  <attribute name="IntegralI" value="22.000000" />
  <attribute name="IntegralH" value="22.000000" />
  <attribute name="DerivativeT" value="33.000000" />
  <attribute name="DerivativeI" value="33.000000" />
  <attribute name="DerivativeH" value="33.000000" />
  <attribute name="Loop Time for DT" value="1.000000" />
  <attribute name="Output H" value="8388608"/>
  <attribute name="Output I" value="200"/>
  <attribute name="Output T" value="4"/>
  <attribute name="Target GC Util Change" value ="20.000000" />
  <attribute name="Current GC Util Change" value="42.000000"/>
  <attribute name="GC Util currently" value="42" />
  <attribute name="CPU Util currently" value="13957465002981" />
<exclusive-end id="723" timestamp="2019-06-15T05:01:39.520" durationms="3.349" />

<exclusive-start id="724" timestamp="2019-06-15T05:01:39.578" intervalms="61.731">
  <response-info timems="0.027" idlems="0.027" threads="0" lastid="0000000001598D00" lastname="Thread-6" />
</exclusive-start>
<allocation-taxation id="725" taxation-threshold="6291456" timestamp="2019-06-15T05:01:39.578" intervalms="61.755" />
<gc-start id="726" type="global mark phase" contextid="704" timestamp="2019-06-15T05:01:39.578">
  <mem-info id="727" free="7340032" total="33554432" percent="21">
    <remembered-set count="4480" freebytes="1321472" totalbytes="1339392" percent="98" regionsoverflowed="0" regionsstable="0" regionsrebuilding="1"/>
  </mem-info>
</gc-start>
<gc-end id="728" type="global mark phase" contextid="704" durationms="0.054" usertimems="0.000" systemtimems="0.000" timestamp="2019-06-15T05:01:39.578" activeThreads="4">
  <mem-info id="729" free="7340032" total="33554432" percent="21">
    <remembered-set count="4480" freebytes="1321472" totalbytes="1339392" percent="98" regionsoverflowed="0" regionsstable="0" regionsrebuilding="1"/>
  </mem-info>
</gc-end>
<concurrent-start id="730" type="GMP work packet processing" contextid="704" timestamp="2019-06-15T05:01:39.578">
  <concurrent-mark-start scanTarget="18446744073709551615" />
</concurrent-start>
<exclusive-end id="731" timestamp="2019-06-15T05:01:39.579" durationms="0.931" />

<concurrent-end id="732" type="GMP work packet processing" contextid="704" timestamp="2019-06-15T05:01:39.579">
  <concurrent-mark-end bytesScanned="492304" reasonForTermination="Completed all work in GC phase" />
</concurrent-end>

<exclusive-start id="733" timestamp="2019-06-15T05:01:39.620" intervalms="42.154">
  <response-info timems="0.038" idlems="0.038" threads="0" lastid="0000000001591500" lastname="Thread-4" />
</exclusive-start>
<allocation-taxation id="734" taxation-threshold="6291456" timestamp="2019-06-15T05:01:39.620" intervalms="42.129" />
<cycle-start id="735" type="partial gc" contextid="0" timestamp="2019-06-15T05:01:39.620" intervalms="103.884" />
<gc-start id="736" type="partial gc" contextid="735" timestamp="2019-06-15T05:01:39.621">
  <mem-info id="737" free="1048576" total="33554432" percent="3">
    <mem type="eden" free="0" total="12582912" percent="0" />
    <remembered-set count="5056" freebytes="1319168" totalbytes="1339392" percent="98" regionsoverflowed="0" regionsstable="0" regionsrebuilding="1"/>
  </mem-info>
</gc-start>
<allocation-stats totalBytes="12505776" >
  <allocated-bytes non-tlh="32776" tlh="12473000" arrayletleaf="0"/>
  <largest-consumer threadName="Thread-6" threadId="0000000001598D00" bytes="2882752" />
</allocation-stats>
<gc-op id="738" type="copy forward" timems="1.633" contextid="735" timestamp="2019-06-15T05:01:39.623">
  <memory-copied type="eden" objects="1984" bytes="804384" bytesdiscarded="89776" />
  <memory-copied type="other" objects="10" bytes="320" bytesdiscarded="0" />
  <memory-cardclean objects="1162" bytes="56024" />
  <regions eden="12" other="1" />
  <remembered-set-cleared processed="3244" cleared="417" durationms="0.075" />
  <stringconstants candidates="3933" cleared="0"  />
  <heap-resize type="expand" space="default" amount="1048576" count="1" timems="0.053" reason="continue current collection" />
</gc-op>
<gc-op id="739" type="classunload" timems="0.002" contextid="735" timestamp="2019-06-15T05:01:39.623">
  <classunload-info classloadercandidates="8" classloadersunloaded="0" classesunloaded="0" anonymousclassesunloaded="0" quiescems="0.000" setupms="0.002" scanms="0.000" postms="0.000" />
</gc-op>
<heap-resize id="740" type="contract" space="default" amount="2097152" count="1" timems="0.150" reason="insufficient time being spent in gc" timestamp="2019-06-15T05:01:39.623" />
<gc-end id="741" type="partial gc" contextid="735" durationms="2.720" usertimems="0.000" systemtimems="4.000" timestamp="2019-06-15T05:01:39.623" activeThreads="4">
  <mem-info id="742" free="11534336" total="32505856" percent="35">
    <mem type="eden" free="154360" total="1048576" percent="14" />
    <remembered-set count="5216" freebytes="1360384" totalbytes="1381248" percent="98" regionsoverflowed="0" regionsstable="0" regionsrebuilding="1"/>
  </mem-info>
</gc-end>
<cycle-end id="743" type="partial gc" contextid="735" timestamp="2019-06-15T05:01:39.623" />
  <attribute name="elasticGC enabled" value="1" />
  <attribute name= "numThreadsSpecified" value="4" />
  <attribute name="heapSize specified" value="0" />
  <attribute name="Current GC Util" value="73" />
  <attribute name= "Current Time Running" value="4867" />
  <attribute name ="GC Interval" value="0" />
  <attribute name="ProportionalT" value="26.500000" />
  <attribute name="ProportionalI" value="26.500000" />
  <attribute name="ProportionalH" value="26.500000" />
  <attribute name="Current Error" value="53.000000" />
  <attribute name="IntegralT" value="53.000000" />
  <attribute name="IntegralI" value="53.000000" />
  <attribute name="IntegralH" value="53.000000" />
  <attribute name="DerivativeT" value="79.500000" />
  <attribute name="DerivativeI" value="79.500000" />
  <attribute name="DerivativeH" value="79.500000" />
  <attribute name="Loop Time for DT" value="1.000000" />
  <attribute name="Output H" value="8388608"/>
  <attribute name="Output I" value="200"/>
  <attribute name="Output T" value="4"/>
  <attribute name="Target GC Util Change" value ="20.000000" />
  <attribute name="Current GC Util Change" value="73.000000"/>
  <attribute name="GC Util currently" value="73" />
  <attribute name="CPU Util currently" value="22728861564786" />
<exclusive-end id="744" timestamp="2019-06-15T05:01:39.624" durationms="3.531" />

<exclusive-start id="745" timestamp="2019-06-15T05:01:39.670" intervalms="49.839">
  <response-info timems="0.046" idlems="0.046" threads="0" lastid="0000000001598D00" lastname="Thread-6" />
</exclusive-start>
<allocation-taxation id="746" taxation-threshold="5242880" timestamp="2019-06-15T05:01:39.670" intervalms="49.833" />
<gc-start id="747" type="global mark phase" contextid="704" timestamp="2019-06-15T05:01:39.670">
  <mem-info id="748" free="6291456" total="32505856" percent="19">
    <remembered-set count="4736" freebytes="1362304" totalbytes="1381248" percent="98" regionsoverflowed="0" regionsstable="0" regionsrebuilding="1"/>
  </mem-info>
</gc-start>
<gc-op id="749" type="mark increment" timems="1.753" contextid="704" timestamp="2019-06-15T05:01:39.672">
  <trace-info objectcount="3043" scancount="2413" scanbytes="428160" />
  <cardclean-info objects="9371" bytes="397668" />
  <finalization candidates="25" enqueued="0" />
  <references type="soft" candidates="65" cleared="3" enqueued="0" dynamicThreshold="11" maxThreshold="32" />
  <references type="weak" candidates="266" cleared="0" enqueued="0" />
  <references type="phantom" candidates="96" cleared="0" enqueued="0" />
  <stringconstants candidates="3933" cleared="0"  />
</gc-op>
<gc-op id="750" type="classunload" timems="0.004" contextid="704" timestamp="2019-06-15T05:01:39.672">
  <classunload-info classloadercandidates="8" classloadersunloaded="0" classesunloaded="0" anonymousclassesunloaded="0" quiescems="0.000" setupms="0.003" scanms="0.000" postms="0.000" />
</gc-op>
<gc-end id="751" type="global mark phase" contextid="704" durationms="2.036" usertimems="0.000" systemtimems="0.000" timestamp="2019-06-15T05:01:39.672" activeThreads="4">
  <mem-info id="752" free="6291456" total="32505856" percent="19">
    <remembered-set count="5760" freebytes="1358208" totalbytes="1381248" percent="98" regionsoverflowed="0" regionsstable="0" regionsrebuilding="0"/>
  </mem-info>
</gc-end>
<cycle-end id="753" type="global mark phase" contextid="704" timestamp="2019-06-15T05:01:39.672" />
  <attribute name="elasticGC enabled" value="1" />
  <attribute name= "numThreadsSpecified" value="4" />
  <attribute name="heapSize specified" value="0" />
  <attribute name="Current GC Util" value="0" />
  <attribute name= "Current Time Running" value="4917" />
  <attribute name ="GC Interval" value="0" />
  <attribute name="ProportionalT" value="-10.000000" />
  <attribute name="ProportionalI" value="-10.000000" />
  <attribute name="ProportionalH" value="-10.000000" />
  <attribute name="Current Error" value="-20.000000" />
  <attribute name="IntegralT" value="-20.000000" />
  <attribute name="IntegralI" value="-20.000000" />
  <attribute name="IntegralH" value="-20.000000" />
  <attribute name="DerivativeT" value="-309.000000" />
  <attribute name="DerivativeI" value="-309.000000" />
  <attribute name="DerivativeH" value="-309.000000" />
  <attribute name="Loop Time for DT" value="1.000000" />
  <attribute name="Output H" value="2091843584"/>
  <attribute name="Output I" value="200"/>
  <attribute name="Output T" value="4"/>
  <attribute name="Target GC Util Change" value ="20.000000" />
  <attribute name="Current GC Util Change" value="0.000000"/>
  <attribute name="GC Util currently" value="0" />
  <attribute name="CPU Util currently" value="14946413560820" />
<exclusive-end id="754" timestamp="2019-06-15T05:01:39.672" durationms="2.366" />

<exclusive-start id="755" timestamp="2019-06-15T05:01:39.709" intervalms="39.225">
  <response-info timems="0.050" idlems="0.050" threads="0" lastid="0000000001595100" lastname="Thread-5" />
</exclusive-start>
<allocation-taxation id="756" taxation-threshold="5242880" timestamp="2019-06-15T05:01:39.709" intervalms="39.204" />
<cycle-start id="757" type="partial gc" contextid="0" timestamp="2019-06-15T05:01:39.709" intervalms="89.025" />
<gc-start id="758" type="partial gc" contextid="757" timestamp="2019-06-15T05:01:39.710">
  <mem-info id="759" free="1048576" total="32505856" percent="3">
    <mem type="eden" free="0" total="10485760" percent="0" />
    <remembered-set count="3328" freebytes="1367936" totalbytes="1381248" percent="99" regionsoverflowed="0" regionsstable="1" regionsrebuilding="0"/>
  </mem-info>
</gc-start>
<allocation-stats totalBytes="10474632" >
  <allocated-bytes non-tlh="0" tlh="10474632" arrayletleaf="0"/>
  <largest-consumer threadName="Thread-4" threadId="0000000001591500" bytes="2628344" />
</allocation-stats>
<gc-op id="760" type="sweep" timems="0.379" contextid="757" timestamp="2019-06-15T05:01:39.710" />
<gc-op id="761" type="copy forward" timems="1.566" contextid="757" timestamp="2019-06-15T05:01:39.712">
  <memory-copied type="eden" objects="2313" bytes="972824" bytesdiscarded="206141" />
  <memory-copied type="other" objects="8" bytes="208" bytesdiscarded="35" />
  <memory-cardclean objects="2311" bytes="92872" />
  <regions eden="5" other="5" />
  <remembered-set-cleared processed="1675" cleared="287" durationms="0.099" />
  <references type="phantom" candidates="1" cleared="0" enqueued="0" />
  <stringconstants candidates="3933" cleared="0"  />
</gc-op>
<gc-op id="762" type="classunload" timems="0.002" contextid="757" timestamp="2019-06-15T05:01:39.712">
  <classunload-info classloadercandidates="8" classloadersunloaded="0" classesunloaded="0" anonymousclassesunloaded="0" quiescems="0.000" setupms="0.002" scanms="0.000" postms="0.000" />
</gc-op>
<heap-resize id="763" type="expand" space="default" amount="1048576" count="1" timems="0.049" reason="insufficient free space following gc" timestamp="2019-06-15T05:01:39.713" />
<gc-end id="764" type="partial gc" contextid="757" durationms="3.185" usertimems="0.000" systemtimems="4.000" timestamp="2019-06-15T05:01:39.713" activeThreads="4">
  <mem-info id="765" free="12582912" total="33554432" percent="37">
    <mem type="eden" free="917872" total="2097152" percent="43" />
    <remembered-set count="3712" freebytes="1324544" totalbytes="1339392" percent="98" regionsoverflowed="0" regionsstable="1" regionsrebuilding="0"/>
  </mem-info>
</gc-end>
<cycle-end id="766" type="partial gc" contextid="757" timestamp="2019-06-15T05:01:39.713" />
  <attribute name="elasticGC enabled" value="1" />
  <attribute name= "numThreadsSpecified" value="4" />
  <attribute name="heapSize specified" value="0" />
  <attribute name="Current GC Util" value="41" />
  <attribute name= "Current Time Running" value="4956" />
  <attribute name ="GC Interval" value="0" />
  <attribute name="ProportionalT" value="10.500000" />
  <attribute name="ProportionalI" value="10.500000" />
  <attribute name="ProportionalH" value="10.500000" />
  <attribute name="Current Error" value="21.000000" />
  <attribute name="IntegralT" value="0.000000" />
  <attribute name="IntegralI" value="0.000000" />
  <attribute name="IntegralH" value="0.000000" />
  <attribute name="DerivativeT" value="-inf" />
  <attribute name="DerivativeI" value="-inf" />
  <attribute name="DerivativeH" value="-inf" />
  <attribute name="Loop Time for DT" value="0.000000" />
  <attribute name="Output H" value="2091843584"/>
  <attribute name="Output I" value="200"/>
  <attribute name="Output T" value="4"/>
  <attribute name="Target GC Util Change" value ="20.000000" />
  <attribute name="Current GC Util Change" value="41.000000"/>
  <attribute name="GC Util currently" value="41" />
  <attribute name="CPU Util currently" value="14546299340131" />
<exclusive-end id="767" timestamp="2019-06-15T05:01:39.713" durationms="3.794" />

<exclusive-start id="768" timestamp="2019-06-15T05:01:39.760" intervalms="50.588">
  <response-info timems="0.046" idlems="0.025" threads="1" lastid="000000000158D900" lastname="Thread-3" />
</exclusive-start>
<allocation-taxation id="769" taxation-threshold="6291456" timestamp="2019-06-15T05:01:39.760" intervalms="50.613" />
<cycle-start id="770" type="global mark phase" contextid="0" timestamp="2019-06-15T05:01:39.760" intervalms="290.794" />
<gc-start id="771" type="global mark phase" contextid="770" timestamp="2019-06-15T05:01:39.760">
  <mem-info id="772" free="6291456" total="33554432" percent="18">
    <remembered-set count="3488" freebytes="1325440" totalbytes="1339392" percent="98" regionsoverflowed="0" regionsstable="1" regionsrebuilding="0"/>
  </mem-info>
</gc-start>
<gc-op id="773" type="mark increment" timems="0.495" contextid="770" timestamp="2019-06-15T05:01:39.761">
  <trace-info objectcount="293" scancount="0" scanbytes="0" />
</gc-op>
<gc-end id="774" type="global mark phase" contextid="770" durationms="0.613" usertimems="0.000" systemtimems="0.000" timestamp="2019-06-15T05:01:39.761" activeThreads="1">
  <mem-info id="775" free="6291456" total="33554432" percent="18">
    <remembered-set count="3488" freebytes="1325440" totalbytes="1339392" percent="98" regionsoverflowed="0" regionsstable="0" regionsrebuilding="1"/>
  </mem-info>
</gc-end>
<concurrent-start id="776" type="GMP work packet processing" contextid="770" timestamp="2019-06-15T05:01:39.761">
  <concurrent-mark-start scanTarget="18446744073709551615" />
</concurrent-start>
<exclusive-end id="777" timestamp="2019-06-15T05:01:39.762" durationms="1.781" />

<concurrent-end id="778" type="GMP work packet processing" contextid="770" timestamp="2019-06-15T05:01:39.762">
  <concurrent-mark-end bytesScanned="1453860" reasonForTermination="Completed all work in GC phase" />
</concurrent-end>

<exclusive-start id="779" timestamp="2019-06-15T05:01:39.810" intervalms="50.540">
  <response-info timems="0.031" idlems="0.031" threads="0" lastid="0000000001598D00" lastname="Thread-6" />
</exclusive-start>
<allocation-taxation id="780" taxation-threshold="6291456" timestamp="2019-06-15T05:01:39.811" intervalms="50.572" />
<cycle-start id="781" type="partial gc" contextid="0" timestamp="2019-06-15T05:01:39.811" intervalms="101.201" />
<gc-start id="782" type="partial gc" contextid="781" timestamp="2019-06-15T05:01:39.811">
  <mem-info id="783" free="0" total="33554432" percent="0">
    <mem type="eden" free="0" total="12582912" percent="0" />
    <remembered-set count="4896" freebytes="1319808" totalbytes="1339392" percent="98" regionsoverflowed="0" regionsstable="0" regionsrebuilding="1"/>
  </mem-info>
</gc-start>
<allocation-stats totalBytes="12463312" >
  <allocated-bytes non-tlh="8200" tlh="12455112" arrayletleaf="0"/>
  <largest-consumer threadName="Thread-3" threadId="000000000158D900" bytes="1965888" />
</allocation-stats>
<gc-op id="784" type="mark" timems="1.040" contextid="781" timestamp="2019-06-15T05:01:39.812">
  <trace-info objectcount="2368" scancount="1949" scanbytes="411956" />
  <cardclean-info objects="1147" bytes="55392" />
  <remembered-set-cleared processed="3525" cleared="404" durationms="0.113" />
  <references type="phantom" candidates="1" cleared="0" enqueued="0" />
  <stringconstants candidates="3933" cleared="0"  />
  <warning details="Mark invoked due to insufficient free space for Copy-Forward" />
</gc-op>
<gc-op id="785" type="classunload" timems="0.001" contextid="781" timestamp="2019-06-15T05:01:39.812">
  <classunload-info classloadercandidates="8" classloadersunloaded="0" classesunloaded="0" anonymousclassesunloaded="0" quiescems="0.000" setupms="0.001" scanms="0.000" postms="0.000" />
</gc-op>
<gc-op id="786" type="sweep" timems="0.458" contextid="781" timestamp="2019-06-15T05:01:39.813" />
<gc-op id="787" type="compact" timems="0.943" contextid="781" timestamp="2019-06-15T05:01:39.814">
  <compact-info movecount="3610" movebytes="951560" />
  <remembered-set-cleared processed="7256" cleared="1141" durationms="0.113" />
</gc-op>
<gc-end id="788" type="partial gc" contextid="781" durationms="3.713" usertimems="8.000" systemtimems="0.000" timestamp="2019-06-15T05:01:39.815" activeThreads="4">
  <mem-info id="789" free="15728640" total="33554432" percent="46">
    <mem type="eden" free="141088" total="1048576" percent="13" />
    <remembered-set count="5440" freebytes="1317632" totalbytes="1339392" percent="98" regionsoverflowed="0" regionsstable="0" regionsrebuilding="1"/>
  </mem-info>
</gc-end>
<cycle-end id="790" type="partial gc" contextid="781" timestamp="2019-06-15T05:01:39.815" />
  <attribute name="elasticGC enabled" value="1" />
  <attribute name= "numThreadsSpecified" value="4" />
  <attribute name="heapSize specified" value="0" />
  <attribute name="Current GC Util" value="28" />
  <attribute name= "Current Time Running" value="5059" />
  <attribute name ="GC Interval" value="0" />
  <attribute name="ProportionalT" value="4.000000" />
  <attribute name="ProportionalI" value="4.000000" />
  <attribute name="ProportionalH" value="4.000000" />
  <attribute name="Current Error" value="8.000000" />
  <attribute name="IntegralT" value="8.000000" />
  <attribute name="IntegralI" value="8.000000" />
  <attribute name="IntegralH" value="8.000000" />
  <attribute name="DerivativeT" value="12.000000" />
  <attribute name="DerivativeI" value="12.000000" />
  <attribute name="DerivativeH" value="12.000000" />
  <attribute name="Loop Time for DT" value="1.000000" />
  <attribute name="Output H" value="8388608"/>
  <attribute name="Output I" value="200"/>
  <attribute name="Output T" value="4"/>
  <attribute name="Target GC Util Change" value ="20.000000" />
  <attribute name="Current GC Util Change" value="28.000000"/>
  <attribute name="GC Util currently" value="28" />
  <attribute name="CPU Util currently" value="6396173700258" />
<exclusive-end id="791" timestamp="2019-06-15T05:01:39.815" durationms="4.448" />

<exclusive-start id="792" timestamp="2019-06-15T05:01:39.867" intervalms="56.483">
  <response-info timems="0.040" idlems="0.040" threads="0" lastid="0000000001591500" lastname="Thread-4" />
</exclusive-start>
<allocation-taxation id="793" taxation-threshold="7340032" timestamp="2019-06-15T05:01:39.867" intervalms="56.450" />
<gc-start id="794" type="global mark phase" contextid="770" timestamp="2019-06-15T05:01:39.867">
  <mem-info id="795" free="8388608" total="33554432" percent="25">
    <remembered-set count="5056" freebytes="1319168" totalbytes="1339392" percent="98" regionsoverflowed="0" regionsstable="0" regionsrebuilding="1"/>
  </mem-info>
</gc-start>
<gc-op id="796" type="mark increment" timems="1.562" contextid="770" timestamp="2019-06-15T05:01:39.869">
  <trace-info objectcount="3369" scancount="2786" scanbytes="368224" />
  <cardclean-info objects="1578" bytes="69088" />
  <finalization candidates="25" enqueued="0" />
  <references type="soft" candidates="62" cleared="1" enqueued="0" dynamicThreshold="15" maxThreshold="32" />
  <references type="weak" candidates="267" cleared="0" enqueued="0" />
  <references type="phantom" candidates="97" cleared="0" enqueued="0" />
  <stringconstants candidates="3933" cleared="1"  />
</gc-op>
<gc-op id="797" type="classunload" timems="0.004" contextid="770" timestamp="2019-06-15T05:01:39.869">
  <classunload-info classloadercandidates="8" classloadersunloaded="0" classesunloaded="0" anonymousclassesunloaded="0" quiescems="0.000" setupms="0.002" scanms="0.000" postms="0.000" />
</gc-op>
<gc-end id="798" type="global mark phase" contextid="770" durationms="1.815" usertimems="4.000" systemtimems="0.000" timestamp="2019-06-15T05:01:39.869" activeThreads="4">
  <mem-info id="799" free="8388608" total="33554432" percent="25">
    <remembered-set count="5568" freebytes="1317120" totalbytes="1339392" percent="98" regionsoverflowed="0" regionsstable="0" regionsrebuilding="0"/>
  </mem-info>
</gc-end>
<cycle-end id="800" type="global mark phase" contextid="770" timestamp="2019-06-15T05:01:39.869" />
  <attribute name="elasticGC enabled" value="1" />
  <attribute name= "numThreadsSpecified" value="4" />
  <attribute name="heapSize specified" value="0" />
  <attribute name="Current GC Util" value="0" />
  <attribute name= "Current Time Running" value="5113" />
  <attribute name ="GC Interval" value="0" />
  <attribute name="ProportionalT" value="-10.000000" />
  <attribute name="ProportionalI" value="-10.000000" />
  <attribute name="ProportionalH" value="-10.000000" />
  <attribute name="Current Error" value="-20.000000" />
  <attribute name="IntegralT" value="0.000000" />
  <attribute name="IntegralI" value="0.000000" />
  <attribute name="IntegralH" value="0.000000" />
  <attribute name="DerivativeT" value="-inf" />
  <attribute name="DerivativeI" value="-inf" />
  <attribute name="DerivativeH" value="-inf" />
  <attribute name="Loop Time for DT" value="0.000000" />
  <attribute name="Output H" value="2091843584"/>
  <attribute name="Output I" value="200"/>
  <attribute name="Output T" value="4"/>
  <attribute name="Target GC Util Change" value ="20.000000" />
  <attribute name="Current GC Util Change" value="0.000000"/>
  <attribute name="GC Util currently" value="0" />
  <attribute name="CPU Util currently" value="14297363274387" />
<exclusive-end id="801" timestamp="2019-06-15T05:01:39.869" durationms="2.171" />

<exclusive-start id="802" timestamp="2019-06-15T05:01:39.921" intervalms="53.775">
  <response-info timems="0.037" idlems="0.037" threads="0" lastid="0000000001598D00" lastname="Thread-6" />
</exclusive-start>
<allocation-taxation id="803" taxation-threshold="7340032" timestamp="2019-06-15T05:01:39.921" intervalms="53.776" />
<cycle-start id="804" type="partial gc" contextid="0" timestamp="2019-06-15T05:01:39.921" intervalms="110.219" />
<gc-start id="805" type="partial gc" contextid="804" timestamp="2019-06-15T05:01:39.921">
  <mem-info id="806" free="1048576" total="33554432" percent="3">
    <mem type="eden" free="0" total="14680064" percent="0" />
    <remembered-set count="3424" freebytes="1325696" totalbytes="1339392" percent="98" regionsoverflowed="0" regionsstable="1" regionsrebuilding="0"/>
  </mem-info>
</gc-start>
<allocation-stats totalBytes="14546208" >
  <allocated-bytes non-tlh="32784" tlh="14513424" arrayletleaf="0"/>
  <largest-consumer threadName="Thread-4" threadId="0000000001591500" bytes="3125088" />
</allocation-stats>
<gc-op id="807" type="sweep" timems="0.400" contextid="804" timestamp="2019-06-15T05:01:39.922" />
<gc-op id="808" type="copy forward" timems="2.418" contextid="804" timestamp="2019-06-15T05:01:39.924">
  <memory-copied type="eden" objects="2236" bytes="959328" bytesdiscarded="52482" />
  <memory-copied type="other" objects="8762" bytes="533840" bytesdiscarded="312950" />
  <memory-cardclean objects="1685" bytes="87360" />
  <regions eden="7" other="7" />
  <remembered-set-cleared processed="1652" cleared="906" durationms="0.065" />
  <finalization candidates="1" enqueued="0" />
  <references type="weak" candidates="3" cleared="0" enqueued="0" />
  <references type="phantom" candidates="3" cleared="0" enqueued="0" />
  <stringconstants candidates="3932" cleared="0"  />
</gc-op>
<gc-op id="809" type="classunload" timems="0.002" contextid="804" timestamp="2019-06-15T05:01:39.925">
  <classunload-info classloadercandidates="8" classloadersunloaded="0" classesunloaded="0" anonymousclassesunloaded="0" quiescems="0.000" setupms="0.002" scanms="0.000" postms="0.000" />
</gc-op>
<gc-end id="810" type="partial gc" contextid="804" durationms="3.771" usertimems="0.000" systemtimems="4.000" timestamp="2019-06-15T05:01:39.925" activeThreads="4">
  <mem-info id="811" free="16777216" total="33554432" percent="50">
    <mem type="eden" free="2133656" total="3145728" percent="67" />
    <remembered-set count="3424" freebytes="1325696" totalbytes="1339392" percent="98" regionsoverflowed="0" regionsstable="1" regionsrebuilding="0"/>
  </mem-info>
</gc-end>
<cycle-end id="812" type="partial gc" contextid="804" timestamp="2019-06-15T05:01:39.925" />
  <attribute name="elasticGC enabled" value="1" />
  <attribute name= "numThreadsSpecified" value="4" />
  <attribute name="heapSize specified" value="0" />
  <attribute name="Current GC Util" value="0" />
  <attribute name= "Current Time Running" value="5168" />
  <attribute name ="GC Interval" value="0" />
  <attribute name="ProportionalT" value="-10.000000" />
  <attribute name="ProportionalI" value="-10.000000" />
  <attribute name="ProportionalH" value="-10.000000" />
  <attribute name="Current Error" value="-20.000000" />
  <attribute name="IntegralT" value="-20.000000" />
  <attribute name="IntegralI" value="-20.000000" />
  <attribute name="IntegralH" value="-20.000000" />
  <attribute name="DerivativeT" value="-69.000000" />
  <attribute name="DerivativeI" value="-69.000000" />
  <attribute name="DerivativeH" value="-69.000000" />
  <attribute name="Loop Time for DT" value="1.000000" />
  <attribute name="Output H" value="2091843584"/>
  <attribute name="Output I" value="200"/>
  <attribute name="Output T" value="4"/>
  <attribute name="Target GC Util Change" value ="20.000000" />
  <attribute name="Current GC Util Change" value="0.000000"/>
  <attribute name="GC Util currently" value="0" />
  <attribute name="CPU Util currently" value="36097608025556" />
<exclusive-end id="813" timestamp="2019-06-15T05:01:39.925" durationms="4.490" />

<exclusive-start id="814" timestamp="2019-06-15T05:01:40.045" intervalms="124.682">
  <response-info timems="0.055" idlems="0.055" threads="0" lastid="000000000158D900" lastname="Thread-3" />
</exclusive-start>
<allocation-taxation id="815" taxation-threshold="14680064" timestamp="2019-06-15T05:01:40.045" intervalms="124.694" />
<cycle-start id="816" type="partial gc" contextid="0" timestamp="2019-06-15T05:01:40.046" intervalms="124.702" />
<gc-start id="817" type="partial gc" contextid="816" timestamp="2019-06-15T05:01:40.046">
  <mem-info id="818" free="2097152" total="33554432" percent="6">
    <mem type="eden" free="0" total="14680064" percent="0" />
    <remembered-set count="3200" freebytes="1326592" totalbytes="1339392" percent="99" regionsoverflowed="0" regionsstable="1" regionsrebuilding="0"/>
  </mem-info>
</gc-start>
<allocation-stats totalBytes="14664904" >
  <allocated-bytes non-tlh="0" tlh="14664904" arrayletleaf="0"/>
  <largest-consumer threadName="Thread-4" threadId="0000000001591500" bytes="4810880" />
</allocation-stats>
<gc-op id="819" type="copy forward" timems="1.527" contextid="816" timestamp="2019-06-15T05:01:40.048">
  <memory-copied type="eden" objects="2709" bytes="979608" bytesdiscarded="0" />
  <memory-copied type="other" objects="1256" bytes="44568" bytesdiscarded="80" />
  <memory-cardclean objects="1475" bytes="64208" />
  <regions eden="14" other="6" />
  <remembered-set-cleared processed="1747" cleared="355" durationms="0.078" />
  <references type="soft" candidates="1" cleared="0" enqueued="0" dynamicThreshold="16" maxThreshold="32" />
  <references type="weak" candidates="10" cleared="0" enqueued="0" />
  <references type="phantom" candidates="1" cleared="0" enqueued="0" />
  <stringconstants candidates="3932" cleared="0"  />
  <heap-resize type="expand" space="default" amount="1048576" count="1" timems="0.056" reason="continue current collection" />
</gc-op>
<gc-op id="820" type="classunload" timems="0.001" contextid="816" timestamp="2019-06-15T05:01:40.048">
  <classunload-info classloadercandidates="8" classloadersunloaded="0" classesunloaded="0" anonymousclassesunloaded="0" quiescems="0.000" setupms="0.001" scanms="0.000" postms="0.000" />
</gc-op>
<heap-resize id="821" type="contract" space="default" amount="2097152" count="1" timems="0.172" reason="insufficient time being spent in gc" timestamp="2019-06-15T05:01:40.048" />
<gc-end id="822" type="partial gc" contextid="816" durationms="2.571" usertimems="4.000" systemtimems="0.000" timestamp="2019-06-15T05:01:40.048" activeThreads="1">
  <mem-info id="823" free="18874368" total="32505856" percent="58">
    <mem type="eden" free="68904" total="1048576" percent="6" />
    <remembered-set count="3360" freebytes="1367808" totalbytes="1381248" percent="99" regionsoverflowed="0" regionsstable="1" regionsrebuilding="0"/>
  </mem-info>
</gc-end>
<cycle-end id="824" type="partial gc" contextid="816" timestamp="2019-06-15T05:01:40.049" />
  <attribute name="elasticGC enabled" value="1" />
  <attribute name= "numThreadsSpecified" value="1" />
  <attribute name="heapSize specified" value="0" />
  <attribute name="Current GC Util" value="64" />
  <attribute name= "Current Time Running" value="5292" />
  <attribute name ="GC Interval" value="0" />
  <attribute name="ProportionalT" value="22.000000" />
  <attribute name="ProportionalI" value="22.000000" />
  <attribute name="ProportionalH" value="22.000000" />
  <attribute name="Current Error" value="44.000000" />
  <attribute name="IntegralT" value="0.000000" />
  <attribute name="IntegralI" value="0.000000" />
  <attribute name="IntegralH" value="0.000000" />
  <attribute name="DerivativeT" value="inf" />
  <attribute name="DerivativeI" value="inf" />
  <attribute name="DerivativeH" value="inf" />
  <attribute name="Loop Time for DT" value="0.000000" />
  <attribute name="Output H" value="8388608"/>
  <attribute name="Output I" value="200"/>
  <attribute name="Output T" value="1"/>
  <attribute name="Target GC Util Change" value ="20.000000" />
  <attribute name="Current GC Util Change" value="64.000000"/>
  <attribute name="GC Util currently" value="64" />
  <attribute name="CPU Util currently" value="20282915849075" />
<exclusive-end id="825" timestamp="2019-06-15T05:01:40.049" durationms="3.351" />

<exclusive-start id="826" timestamp="2019-06-15T05:01:40.170" intervalms="124.968">
  <response-info timems="0.054" idlems="0.054" threads="0" lastid="0000000001595100" lastname="Thread-5" />
</exclusive-start>
<allocation-taxation id="827" taxation-threshold="14680064" timestamp="2019-06-15T05:01:40.170" intervalms="124.945" />
<cycle-start id="828" type="partial gc" contextid="0" timestamp="2019-06-15T05:01:40.170" intervalms="124.939" />
<gc-start id="829" type="partial gc" contextid="828" timestamp="2019-06-15T05:01:40.171">
  <mem-info id="830" free="4194304" total="32505856" percent="12">
    <mem type="eden" free="0" total="14680064" percent="0" />
    <remembered-set count="2976" freebytes="1369344" totalbytes="1381248" percent="99" regionsoverflowed="0" regionsstable="1" regionsrebuilding="0"/>
  </mem-info>
</gc-start>
<allocation-stats totalBytes="14672096" >
  <allocated-bytes non-tlh="24592" tlh="14647504" arrayletleaf="0"/>
  <largest-consumer threadName="Thread-4" threadId="0000000001591500" bytes="6120328" />
</allocation-stats>
<gc-op id="831" type="copy forward" timems="2.040" contextid="828" timestamp="2019-06-15T05:01:40.173">
  <memory-copied type="eden" objects="2584" bytes="1031728" bytesdiscarded="256776" />
  <memory-copied type="other" objects="10018" bytes="579520" bytesdiscarded="43568" />
  <memory-cardclean objects="2225" bytes="98656" />
  <regions eden="14" other="4" />
  <remembered-set-cleared processed="1449" cleared="825" durationms="0.088" />
  <finalization candidates="1" enqueued="0" />
  <references type="soft" candidates="1" cleared="0" enqueued="0" dynamicThreshold="18" maxThreshold="32" />
  <references type="weak" candidates="12" cleared="0" enqueued="0" />
  <references type="phantom" candidates="2" cleared="0" enqueued="0" />
  <stringconstants candidates="3932" cleared="0"  />
  <heap-resize type="expand" space="default" amount="1048576" count="1" timems="0.065" reason="continue current collection" />
</gc-op>
<gc-op id="832" type="classunload" timems="0.002" contextid="828" timestamp="2019-06-15T05:01:40.173">
  <classunload-info classloadercandidates="8" classloadersunloaded="0" classesunloaded="0" anonymousclassesunloaded="0" quiescems="0.000" setupms="0.002" scanms="0.000" postms="0.000" />
</gc-op>
<heap-resize id="833" type="contract" space="default" amount="2097152" count="1" timems="0.115" reason="insufficient time being spent in gc" timestamp="2019-06-15T05:01:40.174" />
<gc-end id="834" type="partial gc" contextid="828" durationms="3.129" usertimems="4.000" systemtimems="0.000" timestamp="2019-06-15T05:01:40.174" activeThreads="4">
  <mem-info id="835" free="16777216" total="31457280" percent="53">
    <mem type="eden" free="808584" total="2097152" percent="38" />
    <remembered-set count="3200" freebytes="1326592" totalbytes="1339392" percent="99" regionsoverflowed="0" regionsstable="1" regionsrebuilding="0"/>
  </mem-info>
</gc-end>
<cycle-end id="836" type="partial gc" contextid="828" timestamp="2019-06-15T05:01:40.174" />
  <attribute name="elasticGC enabled" value="1" />
  <attribute name= "numThreadsSpecified" value="4" />
  <attribute name="heapSize specified" value="0" />
  <attribute name="Current GC Util" value="49" />
  <attribute name= "Current Time Running" value="5417" />
  <attribute name ="GC Interval" value="0" />
  <attribute name="ProportionalT" value="14.500000" />
  <attribute name="ProportionalI" value="14.500000" />
  <attribute name="ProportionalH" value="14.500000" />
  <attribute name="Current Error" value="29.000000" />
  <attribute name="IntegralT" value="29.000000" />
  <attribute name="IntegralI" value="29.000000" />
  <attribute name="IntegralH" value="29.000000" />
  <attribute name="DerivativeT" value="43.500000" />
  <attribute name="DerivativeI" value="43.500000" />
  <attribute name="DerivativeH" value="43.500000" />
  <attribute name="Loop Time for DT" value="1.000000" />
  <attribute name="Output H" value="8388608"/>
  <attribute name="Output I" value="200"/>
  <attribute name="Output T" value="4"/>
  <attribute name="Target GC Util Change" value ="20.000000" />
  <attribute name="Current GC Util Change" value="49.000000"/>
  <attribute name="GC Util currently" value="49" />
  <attribute name="CPU Util currently" value="14039344534426" />
<exclusive-end id="837" timestamp="2019-06-15T05:01:40.174" durationms="3.830" />

<exclusive-start id="838" timestamp="2019-06-15T05:01:40.288" intervalms="117.745">
  <response-info timems="0.054" idlems="0.054" threads="0" lastid="0000000001595100" lastname="Thread-5" />
</exclusive-start>
<allocation-taxation id="839" taxation-threshold="14680064" timestamp="2019-06-15T05:01:40.288" intervalms="117.755" />
<cycle-start id="840" type="partial gc" contextid="0" timestamp="2019-06-15T05:01:40.288" intervalms="117.753" />
<gc-start id="841" type="partial gc" contextid="840" timestamp="2019-06-15T05:01:40.288">
  <mem-info id="842" free="2097152" total="31457280" percent="6">
    <mem type="eden" free="0" total="14680064" percent="0" />
    <remembered-set count="3040" freebytes="1327232" totalbytes="1339392" percent="99" regionsoverflowed="0" regionsstable="1" regionsrebuilding="0"/>
  </mem-info>
</gc-start>
<allocation-stats totalBytes="14595008" >
  <allocated-bytes non-tlh="32784" tlh="14562224" arrayletleaf="0"/>
  <largest-consumer threadName="Thread-6" threadId="0000000001598D00" bytes="5003928" />
</allocation-stats>
<gc-op id="843" type="copy forward" timems="1.550" contextid="840" timestamp="2019-06-15T05:01:40.291">
  <memory-copied type="eden" objects="2140" bytes="874696" bytesdiscarded="201024" />
  <memory-copied type="other" objects="1" bytes="112" bytesdiscarded="0" />
  <memory-cardclean objects="3048" bytes="150936" />
  <regions eden="14" other="3" />
  <remembered-set-cleared processed="1267" cleared="259" durationms="0.069" />
  <stringconstants candidates="3932" cleared="0"  />
  <heap-resize type="expand" space="default" amount="1048576" count="1" timems="0.073" reason="continue current collection" />
</gc-op>
<gc-op id="844" type="classunload" timems="0.002" contextid="840" timestamp="2019-06-15T05:01:40.291">
  <classunload-info classloadercandidates="8" classloadersunloaded="0" classesunloaded="0" anonymousclassesunloaded="0" quiescems="0.000" setupms="0.002" scanms="0.000" postms="0.000" />
</gc-op>
<heap-resize id="845" type="contract" space="default" amount="2097152" count="1" timems="0.211" reason="insufficient time being spent in gc" timestamp="2019-06-15T05:01:40.291" />
<gc-end id="846" type="partial gc" contextid="840" durationms="2.768" usertimems="4.000" systemtimems="0.000" timestamp="2019-06-15T05:01:40.291" activeThreads="4">
  <mem-info id="847" free="15728640" total="30408704" percent="51">
    <mem type="eden" free="1021368" total="2097152" percent="48" />
    <remembered-set count="3136" freebytes="1284992" totalbytes="1297536" percent="99" regionsoverflowed="0" regionsstable="1" regionsrebuilding="0"/>
  </mem-info>
</gc-end>
<cycle-end id="848" type="partial gc" contextid="840" timestamp="2019-06-15T05:01:40.291" />
  <attribute name="elasticGC enabled" value="1" />
  <attribute name= "numThreadsSpecified" value="4" />
  <attribute name="heapSize specified" value="0" />
  <attribute name="Current GC Util" value="45" />
  <attribute name= "Current Time Running" value="5535" />
  <attribute name ="GC Interval" value="0" />
  <attribute name="ProportionalT" value="12.500000" />
  <attribute name="ProportionalI" value="12.500000" />
  <attribute name="ProportionalH" value="12.500000" />
  <attribute name="Current Error" value="25.000000" />
  <attribute name="IntegralT" value="25.000000" />
  <attribute name="IntegralI" value="25.000000" />
  <attribute name="IntegralH" value="25.000000" />
  <attribute name="DerivativeT" value="37.500000" />
  <attribute name="DerivativeI" value="37.500000" />
  <attribute name="DerivativeH" value="37.500000" />
  <attribute name="Loop Time for DT" value="1.000000" />
  <attribute name="Output H" value="8388608"/>
  <attribute name="Output I" value="200"/>
  <attribute name="Output T" value="4"/>
  <attribute name="Target GC Util Change" value ="20.000000" />
  <attribute name="Current GC Util Change" value="45.000000"/>
  <attribute name="GC Util currently" value="45" />
  <attribute name="CPU Util currently" value="15006967099413" />
<exclusive-end id="849" timestamp="2019-06-15T05:01:40.292" durationms="3.682" />

<exclusive-start id="850" timestamp="2019-06-15T05:01:40.414" intervalms="126.387">
  <response-info timems="0.230" idlems="0.230" threads="0" lastid="0000000001598D00" lastname="Thread-6" />
</exclusive-start>
<allocation-taxation id="851" taxation-threshold="14680064" timestamp="2019-06-15T05:01:40.415" intervalms="126.393" />
<cycle-start id="852" type="partial gc" contextid="0" timestamp="2019-06-15T05:01:40.415" intervalms="126.395" />
<gc-start id="853" type="partial gc" contextid="852" timestamp="2019-06-15T05:01:40.415">
  <mem-info id="854" free="1048576" total="30408704" percent="3">
    <mem type="eden" free="0" total="14680064" percent="0" />
    <remembered-set count="2912" freebytes="1285888" totalbytes="1297536" percent="99" regionsoverflowed="0" regionsstable="1" regionsrebuilding="0"/>
  </mem-info>
</gc-start>
<allocation-stats totalBytes="14661280" >
  <allocated-bytes non-tlh="0" tlh="14661280" arrayletleaf="0"/>
  <largest-consumer threadName="Thread-6" threadId="0000000001598D00" bytes="5203088" />
</allocation-stats>
<gc-op id="855" type="copy forward" timems="3.376" contextid="852" timestamp="2019-06-15T05:01:40.419">
  <memory-copied type="eden" objects="2118" bytes="784088" bytesdiscarded="0" />
  <memory-copied type="other" objects="12548" bytes="784424" bytesdiscarded="880" />
  <memory-cardclean objects="6390" bytes="266752" />
  <regions eden="14" other="5" />
  <remembered-set-cleared processed="283" cleared="279" durationms="0.076" />
  <finalization candidates="11" enqueued="0" />
  <references type="soft" candidates="14" cleared="0" enqueued="0" dynamicThreshold="16" maxThreshold="32" />
  <references type="weak" candidates="134" cleared="0" enqueued="0" />
  <references type="phantom" candidates="46" cleared="0" enqueued="0" />
  <stringconstants candidates="3932" cleared="0"  />
  <heap-resize type="expand" space="default" amount="1048576" count="1" timems="0.051" reason="continue current collection" />
</gc-op>
<gc-op id="856" type="classunload" timems="0.002" contextid="852" timestamp="2019-06-15T05:01:40.419">
  <classunload-info classloadercandidates="8" classloadersunloaded="0" classesunloaded="0" anonymousclassesunloaded="0" quiescems="0.000" setupms="0.002" scanms="0.000" postms="0.000" />
</gc-op>
<heap-resize id="857" type="contract" space="default" amount="2097152" count="1" timems="0.228" reason="insufficient time being spent in gc" timestamp="2019-06-15T05:01:40.420" />
<gc-end id="858" type="partial gc" contextid="852" durationms="4.922" usertimems="4.000" systemtimems="4.000" timestamp="2019-06-15T05:01:40.420" activeThreads="1">
  <mem-info id="859" free="17825792" total="29360128" percent="60">
    <mem type="eden" free="264432" total="1048576" percent="25" />
    <remembered-set count="2080" freebytes="1247360" totalbytes="1255680" percent="99" regionsoverflowed="0" regionsstable="1" regionsrebuilding="0"/>
  </mem-info>
</gc-end>
<cycle-end id="860" type="partial gc" contextid="852" timestamp="2019-06-15T05:01:40.420" />
  <attribute name="elasticGC enabled" value="1" />
  <attribute name= "numThreadsSpecified" value="1" />
  <attribute name="heapSize specified" value="0" />
  <attribute name="Current GC Util" value="50" />
  <attribute name= "Current Time Running" value="5661" />
  <attribute name ="GC Interval" value="0" />
  <attribute name="ProportionalT" value="15.000000" />
  <attribute name="ProportionalI" value="15.000000" />
  <attribute name="ProportionalH" value="15.000000" />
  <attribute name="Current Error" value="30.000000" />
  <attribute name="IntegralT" value="0.000000" />
  <attribute name="IntegralI" value="0.000000" />
  <attribute name="IntegralH" value="0.000000" />
  <attribute name="DerivativeT" value="inf" />
  <attribute name="DerivativeI" value="inf" />
  <attribute name="DerivativeH" value="inf" />
  <attribute name="Loop Time for DT" value="0.000000" />
  <attribute name="Output H" value="8388608"/>
  <attribute name="Output I" value="200"/>
  <attribute name="Output T" value="1"/>
  <attribute name="Target GC Util Change" value ="20.000000" />
  <attribute name="Current GC Util Change" value="50.000000"/>
  <attribute name="GC Util currently" value="50" />
  <attribute name="CPU Util currently" value="12830482568163" />
<exclusive-end id="861" timestamp="2019-06-15T05:01:40.420" durationms="5.871" />

<exclusive-start id="862" timestamp="2019-06-15T05:01:40.524" intervalms="110.037">
  <response-info timems="0.040" idlems="0.040" threads="0" lastid="0000000001591500" lastname="Thread-4" />
</exclusive-start>
<allocation-taxation id="863" taxation-threshold="13631488" timestamp="2019-06-15T05:01:40.525" intervalms="110.035" />
<cycle-start id="864" type="partial gc" contextid="0" timestamp="2019-06-15T05:01:40.525" intervalms="110.043" />
<gc-start id="865" type="partial gc" contextid="864" timestamp="2019-06-15T05:01:40.525">
  <mem-info id="866" free="4194304" total="29360128" percent="14">
    <mem type="eden" free="0" total="13631488" percent="0" />
    <remembered-set count="800" freebytes="1252480" totalbytes="1255680" percent="99" regionsoverflowed="0" regionsstable="2" regionsrebuilding="0"/>
  </mem-info>
</gc-start>
<allocation-stats totalBytes="13576224" >
  <allocated-bytes non-tlh="49168" tlh="13527056" arrayletleaf="0"/>
  <largest-consumer threadName="Thread-6" threadId="0000000001598D00" bytes="4786288" />
</allocation-stats>
<gc-op id="867" type="copy forward" timems="1.192" contextid="864" timestamp="2019-06-15T05:01:40.527">
  <memory-copied type="eden" objects="2588" bytes="1022032" bytesdiscarded="0" />
  <memory-copied type="other" objects="4" bytes="144" bytesdiscarded="0" />
  <memory-cardclean objects="1006" bytes="52344" />
  <regions eden="13" other="1" />
  <remembered-set-cleared processed="558" cleared="13" durationms="0.063" />
  <references type="weak" candidates="1" cleared="0" enqueued="0" />
  <references type="phantom" candidates="2" cleared="0" enqueued="0" />
  <stringconstants candidates="3932" cleared="0"  />
</gc-op>
<gc-op id="868" type="classunload" timems="0.001" contextid="864" timestamp="2019-06-15T05:01:40.527">
  <classunload-info classloadercandidates="8" classloadersunloaded="0" classesunloaded="0" anonymousclassesunloaded="0" quiescems="0.000" setupms="0.001" scanms="0.000" postms="0.000" />
</gc-op>
<heap-resize id="869" type="contract" space="default" amount="2097152" count="1" timems="0.238" reason="insufficient time being spent in gc" timestamp="2019-06-15T05:01:40.527" />
<gc-end id="870" type="partial gc" contextid="864" durationms="2.591" usertimems="4.000" systemtimems="0.000" timestamp="2019-06-15T05:01:40.527" activeThreads="1">
  <mem-info id="871" free="14680064" total="27262976" percent="53">
    <mem type="eden" free="26472" total="1048576" percent="2" />
    <remembered-set count="1088" freebytes="1167616" totalbytes="1171968" percent="99" regionsoverflowed="0" regionsstable="2" regionsrebuilding="0"/>
  </mem-info>
</gc-end>
<cycle-end id="872" type="partial gc" contextid="864" timestamp="2019-06-15T05:01:40.528" />
  <attribute name="elasticGC enabled" value="1" />
  <attribute name= "numThreadsSpecified" value="1" />
  <attribute name="heapSize specified" value="0" />
  <attribute name="Current GC Util" value="53" />
  <attribute name= "Current Time Running" value="5771" />
  <attribute name ="GC Interval" value="0" />
  <attribute name="ProportionalT" value="16.500000" />
  <attribute name="ProportionalI" value="16.500000" />
  <attribute name="ProportionalH" value="16.500000" />
  <attribute name="Current Error" value="33.000000" />
  <attribute name="IntegralT" value="0.000000" />
  <attribute name="IntegralI" value="0.000000" />
  <attribute name="IntegralH" value="0.000000" />
  <attribute name="DerivativeT" value="inf" />
  <attribute name="DerivativeI" value="inf" />
  <attribute name="DerivativeH" value="inf" />
  <attribute name="Loop Time for DT" value="0.000000" />
  <attribute name="Output H" value="8388608"/>
  <attribute name="Output I" value="200"/>
  <attribute name="Output T" value="1"/>
  <attribute name="Target GC Util Change" value ="20.000000" />
  <attribute name="Current GC Util Change" value="53.000000"/>
  <attribute name="GC Util currently" value="53" />
  <attribute name="CPU Util currently" value="15101022009032" />
<exclusive-end id="873" timestamp="2019-06-15T05:01:40.528" durationms="3.566" />

<exclusive-start id="874" timestamp="2019-06-15T05:01:40.581" intervalms="56.735">
  <response-info timems="0.039" idlems="0.039" threads="0" lastid="0000000001598D00" lastname="Thread-6" />
</exclusive-start>
<allocation-taxation id="875" taxation-threshold="6291456" timestamp="2019-06-15T05:01:40.581" intervalms="56.744" />
<cycle-start id="876" type="global mark phase" contextid="0" timestamp="2019-06-15T05:01:40.581" intervalms="821.364" />
<gc-start id="877" type="global mark phase" contextid="876" timestamp="2019-06-15T05:01:40.581">
  <mem-info id="878" free="8388608" total="27262976" percent="30">
    <remembered-set count="800" freebytes="1168768" totalbytes="1171968" percent="99" regionsoverflowed="0" regionsstable="2" regionsrebuilding="0"/>
  </mem-info>
</gc-start>
<gc-op id="879" type="mark increment" timems="0.494" contextid="876" timestamp="2019-06-15T05:01:40.582">
  <trace-info objectcount="269" scancount="0" scanbytes="0" />
</gc-op>
<gc-end id="880" type="global mark phase" contextid="876" durationms="0.608" usertimems="0.000" systemtimems="0.000" timestamp="2019-06-15T05:01:40.582" activeThreads="1">
  <mem-info id="881" free="8388608" total="27262976" percent="30">
    <remembered-set count="800" freebytes="1168768" totalbytes="1171968" percent="99" regionsoverflowed="0" regionsstable="0" regionsrebuilding="2"/>
  </mem-info>
</gc-end>
<concurrent-start id="882" type="GMP work packet processing" contextid="876" timestamp="2019-06-15T05:01:40.582">
  <concurrent-mark-start scanTarget="1048576" />
</concurrent-start>
<exclusive-end id="883" timestamp="2019-06-15T05:01:40.583" durationms="1.977" />

<concurrent-end id="884" type="GMP work packet processing" contextid="876" timestamp="2019-06-15T05:01:40.583">
  <concurrent-mark-end bytesScanned="1153012" reasonForTermination="Work target met" />
</concurrent-end>

<exclusive-start id="885" timestamp="2019-06-15T05:01:40.627" intervalms="45.674">
  <response-info timems="0.038" idlems="0.038" threads="0" lastid="0000000001598D00" lastname="Thread-6" />
</exclusive-start>
<allocation-taxation id="886" taxation-threshold="6291456" timestamp="2019-06-15T05:01:40.627" intervalms="45.655" />
<cycle-start id="887" type="partial gc" contextid="0" timestamp="2019-06-15T05:01:40.627" intervalms="102.388" />
<gc-start id="888" type="partial gc" contextid="887" timestamp="2019-06-15T05:01:40.627">
  <mem-info id="889" free="2097152" total="27262976" percent="7">
    <mem type="eden" free="0" total="12582912" percent="0" />
    <remembered-set count="5536" freebytes="1149824" totalbytes="1171968" percent="98" regionsoverflowed="0" regionsstable="0" regionsrebuilding="2"/>
  </mem-info>
</gc-start>
<allocation-stats totalBytes="12520896" >
  <allocated-bytes non-tlh="32776" tlh="12488120" arrayletleaf="0"/>
  <largest-consumer threadName="Thread-6" threadId="0000000001598D00" bytes="2741568" />
</allocation-stats>
<gc-op id="890" type="copy forward" timems="1.252" contextid="887" timestamp="2019-06-15T05:01:40.629">
  <memory-copied type="eden" objects="1982" bytes="879936" bytesdiscarded="0" />
  <memory-copied type="other" objects="11" bytes="608" bytesdiscarded="0" />
  <memory-cardclean objects="1006" bytes="52344" />
  <regions eden="12" other="1" />
  <remembered-set-cleared processed="4526" cleared="461" durationms="0.108" />
  <references type="phantom" candidates="1" cleared="0" enqueued="0" />
  <stringconstants candidates="3932" cleared="0"  />
</gc-op>
<gc-op id="891" type="classunload" timems="0.002" contextid="887" timestamp="2019-06-15T05:01:40.629">
  <classunload-info classloadercandidates="8" classloadersunloaded="0" classesunloaded="0" anonymousclassesunloaded="0" quiescems="0.000" setupms="0.001" scanms="0.000" postms="0.000" />
</gc-op>
<gc-end id="892" type="partial gc" contextid="887" durationms="2.226" usertimems="4.000" systemtimems="0.000" timestamp="2019-06-15T05:01:40.629" activeThreads="1">
  <mem-info id="893" free="13631488" total="27262976" percent="50">
    <mem type="eden" free="168568" total="1048576" percent="16" />
    <remembered-set count="4768" freebytes="1069184" totalbytes="1088256" percent="98" regionsoverflowed="0" regionsstable="0" regionsrebuilding="2"/>
  </mem-info>
</gc-end>
<cycle-end id="894" type="partial gc" contextid="887" timestamp="2019-06-15T05:01:40.630" />
  <attribute name="elasticGC enabled" value="1" />
  <attribute name= "numThreadsSpecified" value="1" />
  <attribute name="heapSize specified" value="0" />
  <attribute name="Current GC Util" value="41" />
  <attribute name= "Current Time Running" value="5873" />
  <attribute name ="GC Interval" value="0" />
  <attribute name="ProportionalT" value="10.500000" />
  <attribute name="ProportionalI" value="10.500000" />
  <attribute name="ProportionalH" value="10.500000" />
  <attribute name="Current Error" value="21.000000" />
  <attribute name="IntegralT" value="0.000000" />
  <attribute name="IntegralI" value="0.000000" />
  <attribute name="IntegralH" value="0.000000" />
  <attribute name="DerivativeT" value="inf" />
  <attribute name="DerivativeI" value="inf" />
  <attribute name="DerivativeH" value="inf" />
  <attribute name="Loop Time for DT" value="0.000000" />
  <attribute name="Output H" value="8388608"/>
  <attribute name="Output I" value="200"/>
  <attribute name="Output T" value="1"/>
  <attribute name="Target GC Util Change" value ="20.000000" />
  <attribute name="Current GC Util Change" value="41.000000"/>
  <attribute name="GC Util currently" value="41" />
  <attribute name="CPU Util currently" value="14165003456800" />
<exclusive-end id="895" timestamp="2019-06-15T05:01:40.630" durationms="2.890" />

<exclusive-start id="896" timestamp="2019-06-15T05:01:40.675" intervalms="47.779">
  <response-info timems="0.025" idlems="0.025" threads="0" lastid="000000000158D900" lastname="Thread-3" />
</exclusive-start>
<allocation-taxation id="897" taxation-threshold="6291456" timestamp="2019-06-15T05:01:40.675" intervalms="47.775" />
<gc-start id="898" type="global mark phase" contextid="876" timestamp="2019-06-15T05:01:40.675">
  <mem-info id="899" free="7340032" total="27262976" percent="26">
    <remembered-set count="4768" freebytes="1069184" totalbytes="1088256" percent="98" regionsoverflowed="0" regionsstable="0" regionsrebuilding="2"/>
  </mem-info>
</gc-start>
<gc-end id="900" type="global mark phase" contextid="876" durationms="0.055" usertimems="0.000" systemtimems="0.000" timestamp="2019-06-15T05:01:40.675" activeThreads="1">
  <mem-info id="901" free="7340032" total="27262976" percent="26">
    <remembered-set count="4768" freebytes="1069184" totalbytes="1088256" percent="98" regionsoverflowed="0" regionsstable="0" regionsrebuilding="2"/>
  </mem-info>
</gc-end>
<concurrent-start id="902" type="GMP work packet processing" contextid="876" timestamp="2019-06-15T05:01:40.675">
  <concurrent-mark-start scanTarget="18446744073709551615" />
</concurrent-start>
<exclusive-end id="903" timestamp="2019-06-15T05:01:40.675" durationms="0.567" />

<concurrent-end id="904" type="GMP work packet processing" contextid="876" timestamp="2019-06-15T05:01:40.675">
  <concurrent-mark-end bytesScanned="491296" reasonForTermination="Completed all work in GC phase" />
</concurrent-end>

<exclusive-start id="905" timestamp="2019-06-15T05:01:40.732" intervalms="57.707">
  <response-info timems="0.032" idlems="0.032" threads="0" lastid="0000000001591500" lastname="Thread-4" />
</exclusive-start>
<allocation-taxation id="906" taxation-threshold="6291456" timestamp="2019-06-15T05:01:40.732" intervalms="57.707" />
<cycle-start id="907" type="partial gc" contextid="0" timestamp="2019-06-15T05:01:40.733" intervalms="105.489" />
<gc-start id="908" type="partial gc" contextid="907" timestamp="2019-06-15T05:01:40.733">
  <mem-info id="909" free="1048576" total="27262976" percent="3">
    <mem type="eden" free="0" total="12582912" percent="0" />
    <remembered-set count="6752" freebytes="1061248" totalbytes="1088256" percent="97" regionsoverflowed="0" regionsstable="0" regionsrebuilding="2"/>
  </mem-info>
</gc-start>
<allocation-stats totalBytes="12548920" >
  <allocated-bytes non-tlh="0" tlh="12548920" arrayletleaf="0"/>
  <largest-consumer threadName="Thread-6" threadId="0000000001598D00" bytes="2227752" />
</allocation-stats>
<gc-op id="910" type="copy forward" timems="1.441" contextid="907" timestamp="2019-06-15T05:01:40.735">
  <memory-copied type="eden" objects="2713" bytes="1000344" bytesdiscarded="151896" />
  <memory-copied type="other" objects="4" bytes="144" bytesdiscarded="0" />
  <memory-cardclean objects="1013" bytes="52728" />
  <regions eden="12" other="1" />
  <remembered-set-cleared processed="5679" cleared="628" durationms="0.078" />
  <references type="weak" candidates="1" cleared="0" enqueued="0" />
  <references type="phantom" candidates="1" cleared="0" enqueued="0" />
  <stringconstants candidates="3932" cleared="0"  />
  <heap-resize type="expand" space="default" amount="2097152" count="2" timems="0.100" reason="continue current collection" />
</gc-op>
<gc-op id="911" type="classunload" timems="0.002" contextid="907" timestamp="2019-06-15T05:01:40.735">
  <classunload-info classloadercandidates="8" classloadersunloaded="0" classesunloaded="0" anonymousclassesunloaded="0" quiescems="0.000" setupms="0.001" scanms="0.000" postms="0.000" />
</gc-op>
<gc-op id="912" type="compact" timems="0.915" contextid="907" timestamp="2019-06-15T05:01:40.736">
  <compact-info movecount="0" movebytes="0" />
  <remembered-set-cleared processed="11139" cleared="628" durationms="0.078" />
</gc-op>
<heap-resize id="913" type="contract" space="default" amount="2097152" count="1" timems="0.159" reason="insufficient time being spent in gc" timestamp="2019-06-15T05:01:40.736" />
<gc-end id="914" type="partial gc" contextid="907" durationms="3.519" usertimems="4.000" systemtimems="4.000" timestamp="2019-06-15T05:01:40.736" activeThreads="4">
  <mem-info id="915" free="11534336" total="27262976" percent="42">
    <mem type="eden" free="944848" total="2097152" percent="45" />
    <remembered-set count="6016" freebytes="1147904" totalbytes="1171968" percent="97" regionsoverflowed="0" regionsstable="0" regionsrebuilding="2"/>
  </mem-info>
</gc-end>
<cycle-end id="916" type="partial gc" contextid="907" timestamp="2019-06-15T05:01:40.736" />
  <attribute name="elasticGC enabled" value="1" />
  <attribute name= "numThreadsSpecified" value="4" />
  <attribute name="heapSize specified" value="0" />
  <attribute name="Current GC Util" value="135" />
  <attribute name= "Current Time Running" value="5980" />
  <attribute name ="GC Interval" value="0" />
  <attribute name="ProportionalT" value="57.500000" />
  <attribute name="ProportionalI" value="57.500000" />
  <attribute name="ProportionalH" value="57.500000" />
  <attribute name="Current Error" value="115.000000" />
  <attribute name="IntegralT" value="115.000000" />
  <attribute name="IntegralI" value="115.000000" />
  <attribute name="IntegralH" value="115.000000" />
  <attribute name="DerivativeT" value="105.000000" />
  <attribute name="DerivativeI" value="105.000000" />
  <attribute name="DerivativeH" value="105.000000" />
  <attribute name="Loop Time for DT" value="1.000000" />
  <attribute name="Output H" value="8388608"/>
  <attribute name="Output I" value="280"/>
  <attribute name="Output T" value="4"/>
  <attribute name="Target GC Util Change" value ="20.000000" />
  <attribute name="Current GC Util Change" value="135.000000"/>
  <attribute name="GC Util currently" value="135" />
  <attribute name="CPU Util currently" value="2708025396831" />
<exclusive-end id="917" timestamp="2019-06-15T05:01:40.737" durationms="4.296" />

<exclusive-start id="918" timestamp="2019-06-15T05:01:40.765" intervalms="32.741">
  <response-info timems="0.036" idlems="0.036" threads="0" lastid="000000000158D900" lastname="Thread-3" />
</exclusive-start>
<allocation-taxation id="919" taxation-threshold="5242880" timestamp="2019-06-15T05:01:40.765" intervalms="32.747" />
<gc-start id="920" type="global mark phase" contextid="876" timestamp="2019-06-15T05:01:40.765">
  <mem-info id="921" free="6291456" total="27262976" percent="23">
    <remembered-set count="6016" freebytes="1147904" totalbytes="1171968" percent="97" regionsoverflowed="0" regionsstable="0" regionsrebuilding="2"/>
  </mem-info>
</gc-start>
<gc-op id="922" type="mark increment" timems="1.321" contextid="876" timestamp="2019-06-15T05:01:40.767">
  <trace-info objectcount="2443" scancount="1985" scanbytes="416544" />
  <cardclean-info objects="1014" bytes="53036" />
  <finalization candidates="25" enqueued="0" />
  <references type="soft" candidates="61" cleared="0" enqueued="0" dynamicThreshold="13" maxThreshold="32" />
  <references type="weak" candidates="266" cleared="0" enqueued="0" />
  <references type="phantom" candidates="97" cleared="0" enqueued="0" />
  <stringconstants candidates="3932" cleared="0"  />
</gc-op>
<gc-op id="923" type="classunload" timems="0.003" contextid="876" timestamp="2019-06-15T05:01:40.767">
  <classunload-info classloadercandidates="8" classloadersunloaded="0" classesunloaded="0" anonymousclassesunloaded="0" quiescems="0.000" setupms="0.003" scanms="0.000" postms="0.000" />
</gc-op>
<gc-end id="924" type="global mark phase" contextid="876" durationms="1.625" usertimems="4.000" systemtimems="0.000" timestamp="2019-06-15T05:01:40.767" activeThreads="4">
  <mem-info id="925" free="6291456" total="27262976" percent="23">
    <remembered-set count="7552" freebytes="1141760" totalbytes="1171968" percent="97" regionsoverflowed="0" regionsstable="0" regionsrebuilding="0"/>
  </mem-info>
</gc-end>
<cycle-end id="926" type="global mark phase" contextid="876" timestamp="2019-06-15T05:01:40.767" />
  <attribute name="elasticGC enabled" value="1" />
  <attribute name= "numThreadsSpecified" value="4" />
  <attribute name="heapSize specified" value="0" />
  <attribute name="Current GC Util" value="0" />
  <attribute name= "Current Time Running" value="6011" />
  <attribute name ="GC Interval" value="0" />
  <attribute name="ProportionalT" value="-10.000000" />
  <attribute name="ProportionalI" value="-10.000000" />
  <attribute name="ProportionalH" value="-10.000000" />
  <attribute name="Current Error" value="-20.000000" />
  <attribute name="IntegralT" value="0.000000" />
  <attribute name="IntegralI" value="0.000000" />
  <attribute name="IntegralH" value="0.000000" />
  <attribute name="DerivativeT" value="-inf" />
  <attribute name="DerivativeI" value="-inf" />
  <attribute name="DerivativeH" value="-inf" />
  <attribute name="Loop Time for DT" value="0.000000" />
  <attribute name="Output H" value="2091843584"/>
  <attribute name="Output I" value="200"/>
  <attribute name="Output T" value="4"/>
  <attribute name="Target GC Util Change" value ="20.000000" />
  <attribute name="Current GC Util Change" value="0.000000"/>
  <attribute name="GC Util currently" value="0" />
  <attribute name="CPU Util currently" value="15805840916148" />
<exclusive-end id="927" timestamp="2019-06-15T05:01:40.767" durationms="2.203" />

<exclusive-start id="928" timestamp="2019-06-15T05:01:40.813" intervalms="48.352">
  <response-info timems="0.052" idlems="0.052" threads="0" lastid="0000000001595100" lastname="Thread-5" />
</exclusive-start>
<allocation-taxation id="929" taxation-threshold="5242880" timestamp="2019-06-15T05:01:40.814" intervalms="48.343" />
<cycle-start id="930" type="partial gc" contextid="0" timestamp="2019-06-15T05:01:40.814" intervalms="81.078" />
<gc-start id="931" type="partial gc" contextid="930" timestamp="2019-06-15T05:01:40.814">
  <mem-info id="932" free="1048576" total="27262976" percent="3">
    <mem type="eden" free="0" total="10485760" percent="0" />
    <remembered-set count="1888" freebytes="1164416" totalbytes="1171968" percent="99" regionsoverflowed="0" regionsstable="2" regionsrebuilding="0"/>
  </mem-info>
</gc-start>
<allocation-stats totalBytes="10364560" >
  <allocated-bytes non-tlh="180272" tlh="10184288" arrayletleaf="0"/>
  <largest-consumer threadName="Thread-3" threadId="000000000158D900" bytes="1567960" />
</allocation-stats>
<gc-op id="933" type="sweep" timems="0.364" contextid="930" timestamp="2019-06-15T05:01:40.814" />
<gc-op id="934" type="copy forward" timems="1.171" contextid="930" timestamp="2019-06-15T05:01:40.816">
  <memory-copied type="eden" objects="2162" bytes="862408" bytesdiscarded="83658" />
  <memory-copied type="other" objects="10" bytes="328" bytesdiscarded="6" />
  <memory-cardclean objects="1004" bytes="52528" />
  <regions eden="5" other="5" />
  <remembered-set-cleared processed="568" cleared="20" durationms="0.062" />
  <stringconstants candidates="3932" cleared="0"  />
</gc-op>
<gc-op id="935" type="classunload" timems="0.002" contextid="930" timestamp="2019-06-15T05:01:40.816">
  <classunload-info classloadercandidates="8" classloadersunloaded="0" classesunloaded="0" anonymousclassesunloaded="0" quiescems="0.000" setupms="0.002" scanms="0.000" postms="0.000" />
</gc-op>
<heap-resize id="936" type="contract" space="default" amount="2097152" count="1" timems="0.134" reason="insufficient time being spent in gc" timestamp="2019-06-15T05:01:40.816" />
<gc-end id="937" type="partial gc" contextid="930" durationms="2.750" usertimems="4.000" systemtimems="0.000" timestamp="2019-06-15T05:01:40.817" activeThreads="4">
  <mem-info id="938" free="11534336" total="25165824" percent="45">
    <mem type="eden" free="1150976" total="2097152" percent="54" />
    <remembered-set count="2176" freebytes="1079552" totalbytes="1088256" percent="99" regionsoverflowed="0" regionsstable="2" regionsrebuilding="0"/>
  </mem-info>
</gc-end>
<cycle-end id="939" type="partial gc" contextid="930" timestamp="2019-06-15T05:01:40.817" />
  <attribute name="elasticGC enabled" value="1" />
  <attribute name= "numThreadsSpecified" value="4" />
  <attribute name="heapSize specified" value="0" />
  <attribute name="Current GC Util" value="0" />
  <attribute name= "Current Time Running" value="6060" />
  <attribute name ="GC Interval" value="0" />
  <attribute name="ProportionalT" value="-10.000000" />
  <attribute name="ProportionalI" value="-10.000000" />
  <attribute name="ProportionalH" value="-10.000000" />
  <attribute name="Current Error" value="-20.000000" />
  <attribute name="IntegralT" value="0.000000" />
  <attribute name="IntegralI" value="0.000000" />
  <attribute name="IntegralH" value="0.000000" />
  <attribute name="DerivativeT" value="-inf" />
  <attribute name="DerivativeI" value="-inf" />
  <attribute name="DerivativeH" value="-inf" />
  <attribute name="Loop Time for DT" value="0.000000" />
  <attribute name="Output H" value="2091843584"/>
  <attribute name="Output I" value="200"/>
  <attribute name="Output T" value="4"/>
  <attribute name="Target GC Util Change" value ="20.000000" />
  <attribute name="Current GC Util Change" value="0.000000"/>
  <attribute name="GC Util currently" value="0" />
  <attribute name="CPU Util currently" value="20608492465179" />
<exclusive-end id="940" timestamp="2019-06-15T05:01:40.817" durationms="3.498" />

<exclusive-start id="941" timestamp="2019-06-15T05:01:40.851" intervalms="37.339">
  <response-info timems="0.027" idlems="0.027" threads="0" lastid="000000000158D900" lastname="Thread-3" />
</exclusive-start>
<allocation-taxation id="942" taxation-threshold="5242880" timestamp="2019-06-15T05:01:40.851" intervalms="37.356" />
<cycle-start id="943" type="global mark phase" contextid="0" timestamp="2019-06-15T05:01:40.851" intervalms="269.592" />
<gc-start id="944" type="global mark phase" contextid="943" timestamp="2019-06-15T05:01:40.851">
  <mem-info id="945" free="6291456" total="25165824" percent="25">
    <remembered-set count="1696" freebytes="1081472" totalbytes="1088256" percent="99" regionsoverflowed="0" regionsstable="2" regionsrebuilding="0"/>
  </mem-info>
</gc-start>
<gc-op id="946" type="mark increment" timems="0.485" contextid="943" timestamp="2019-06-15T05:01:40.852">
  <trace-info objectcount="267" scancount="0" scanbytes="0" />
</gc-op>
<gc-end id="947" type="global mark phase" contextid="943" durationms="0.574" usertimems="0.000" systemtimems="0.000" timestamp="2019-06-15T05:01:40.852" activeThreads="1">
  <mem-info id="948" free="6291456" total="25165824" percent="25">
    <remembered-set count="1696" freebytes="1081472" totalbytes="1088256" percent="99" regionsoverflowed="0" regionsstable="0" regionsrebuilding="2"/>
  </mem-info>
</gc-end>
<concurrent-start id="949" type="GMP work packet processing" contextid="943" timestamp="2019-06-15T05:01:40.852">
  <concurrent-mark-start scanTarget="1048576" />
</concurrent-start>
<exclusive-end id="950" timestamp="2019-06-15T05:01:40.852" durationms="0.976" />

<concurrent-end id="951" type="GMP work packet processing" contextid="943" timestamp="2019-06-15T05:01:40.853">
  <concurrent-mark-end bytesScanned="1156032" reasonForTermination="Work target met" />
</concurrent-end>

<exclusive-start id="952" timestamp="2019-06-15T05:01:40.896" intervalms="45.131">
  <response-info timems="0.067" idlems="0.067" threads="0" lastid="0000000001598D00" lastname="Thread-6" />
</exclusive-start>
<allocation-taxation id="953" taxation-threshold="5242880" timestamp="2019-06-15T05:01:40.896" intervalms="45.131" />
<cycle-start id="954" type="partial gc" contextid="0" timestamp="2019-06-15T05:01:40.896" intervalms="82.499" />
<gc-start id="955" type="partial gc" contextid="954" timestamp="2019-06-15T05:01:40.896">
  <mem-info id="956" free="1048576" total="25165824" percent="4">
    <mem type="eden" free="0" total="10485760" percent="0" />
    <remembered-set count="6112" freebytes="1063808" totalbytes="1088256" percent="97" regionsoverflowed="0" regionsstable="0" regionsrebuilding="2"/>
  </mem-info>
</gc-start>
<allocation-stats totalBytes="10427576" >
  <allocated-bytes non-tlh="32776" tlh="10394800" arrayletleaf="0"/>
  <largest-consumer threadName="Thread-6" threadId="0000000001598D00" bytes="2299784" />
</allocation-stats>
<gc-op id="957" type="copy forward" timems="1.490" contextid="954" timestamp="2019-06-15T05:01:40.898">
  <memory-copied type="eden" objects="2619" bytes="1053744" bytesdiscarded="136" />
  <memory-copied type="other" objects="5" bytes="256" bytesdiscarded="0" />
  <memory-cardclean objects="1004" bytes="52528" />
  <regions eden="10" other="2" />
  <remembered-set-cleared processed="4574" cleared="455" durationms="0.096" />
  <stringconstants candidates="3932" cleared="0"  />
  <heap-resize type="expand" space="default" amount="2097152" count="2" timems="0.093" reason="continue current collection" />
</gc-op>
<gc-op id="958" type="classunload" timems="0.001" contextid="954" timestamp="2019-06-15T05:01:40.899">
  <classunload-info classloadercandidates="8" classloadersunloaded="0" classesunloaded="0" anonymousclassesunloaded="0" quiescems="0.000" setupms="0.001" scanms="0.000" postms="0.000" />
</gc-op>
<gc-op id="959" type="compact" timems="1.823" contextid="954" timestamp="2019-06-15T05:01:40.900">
  <compact-info movecount="5765" movebytes="359240" />
  <remembered-set-cleared processed="8528" cleared="1788" durationms="0.096" />
</gc-op>
<heap-resize id="960" type="contract" space="default" amount="2097152" count="1" timems="0.176" reason="insufficient time being spent in gc" timestamp="2019-06-15T05:01:40.901" />
<gc-end id="961" type="partial gc" contextid="954" durationms="4.754" usertimems="4.000" systemtimems="0.000" timestamp="2019-06-15T05:01:40.901" activeThreads="4">
  <mem-info id="962" free="12582912" total="25165824" percent="50">
    <mem type="eden" free="1043208" total="2097152" percent="49" />
    <remembered-set count="5856" freebytes="1064832" totalbytes="1088256" percent="97" regionsoverflowed="0" regionsstable="0" regionsrebuilding="2"/>
  </mem-info>
</gc-end>
<cycle-end id="963" type="partial gc" contextid="954" timestamp="2019-06-15T05:01:40.901" />
  <attribute name="elasticGC enabled" value="1" />
  <attribute name= "numThreadsSpecified" value="4" />
  <attribute name="heapSize specified" value="0" />
  <attribute name="Current GC Util" value="0" />
  <attribute name= "Current Time Running" value="6144" />
  <attribute name ="GC Interval" value="0" />
  <attribute name="ProportionalT" value="-10.000000" />
  <attribute name="ProportionalI" value="-10.000000" />
  <attribute name="ProportionalH" value="-10.000000" />
  <attribute name="Current Error" value="-20.000000" />
  <attribute name="IntegralT" value="-40.000000" />
  <attribute name="IntegralI" value="-40.000000" />
  <attribute name="IntegralH" value="-40.000000" />
  <attribute name="DerivativeT" value="-33.000000" />
  <attribute name="DerivativeI" value="-33.000000" />
  <attribute name="DerivativeH" value="-33.000000" />
  <attribute name="Loop Time for DT" value="2.000000" />
  <attribute name="Output H" value="2091843584"/>
  <attribute name="Output I" value="200"/>
  <attribute name="Output T" value="4"/>
  <attribute name="Target GC Util Change" value ="20.000000" />
  <attribute name="Current GC Util Change" value="0.000000"/>
  <attribute name="GC Util currently" value="0" />
  <attribute name="CPU Util currently" value="2595356297521" />
<exclusive-end id="964" timestamp="2019-06-15T05:01:40.901" durationms="5.472" />

<exclusive-start id="965" timestamp="2019-06-15T05:01:40.952" intervalms="56.373">
  <response-info timems="0.034" idlems="0.034" threads="0" lastid="0000000001591500" lastname="Thread-4" />
</exclusive-start>
<allocation-taxation id="966" taxation-threshold="6291456" timestamp="2019-06-15T05:01:40.952" intervalms="56.359" />
<gc-start id="967" type="global mark phase" contextid="943" timestamp="2019-06-15T05:01:40.952">
  <mem-info id="968" free="6291456" total="25165824" percent="25">
    <remembered-set count="5600" freebytes="1065856" totalbytes="1088256" percent="97" regionsoverflowed="0" regionsstable="0" regionsrebuilding="2"/>
  </mem-info>
</gc-start>
<gc-end id="969" type="global mark phase" contextid="943" durationms="0.057" usertimems="0.000" systemtimems="0.000" timestamp="2019-06-15T05:01:40.953" activeThreads="4">
  <mem-info id="970" free="6291456" total="25165824" percent="25">
    <remembered-set count="5600" freebytes="1065856" totalbytes="1088256" percent="97" regionsoverflowed="0" regionsstable="0" regionsrebuilding="2"/>
  </mem-info>
</gc-end>
<concurrent-start id="971" type="GMP work packet processing" contextid="943" timestamp="2019-06-15T05:01:40.953">
  <concurrent-mark-start scanTarget="2395747" />
</concurrent-start>
<exclusive-end id="972" timestamp="2019-06-15T05:01:40.953" durationms="0.616" />

<concurrent-end id="973" type="GMP work packet processing" contextid="943" timestamp="2019-06-15T05:01:40.953">
  <concurrent-mark-end bytesScanned="420664" reasonForTermination="Completed all work in GC phase" />
</concurrent-end>

<exclusive-start id="974" timestamp="2019-06-15T05:01:41.006" intervalms="53.486">
  <response-info timems="0.040" idlems="0.040" threads="0" lastid="000000000158D900" lastname="Thread-3" />
</exclusive-start>
<allocation-taxation id="975" taxation-threshold="6291456" timestamp="2019-06-15T05:01:41.006" intervalms="53.496" />
<cycle-start id="976" type="partial gc" contextid="0" timestamp="2019-06-15T05:01:41.006" intervalms="109.866" />
<gc-start id="977" type="partial gc" contextid="976" timestamp="2019-06-15T05:01:41.006">
  <mem-info id="978" free="0" total="25165824" percent="0">
    <mem type="eden" free="0" total="12582912" percent="0" />
    <remembered-set count="6336" freebytes="1062912" totalbytes="1088256" percent="97" regionsoverflowed="0" regionsstable="0" regionsrebuilding="2"/>
  </mem-info>
</gc-start>
<allocation-stats totalBytes="12526632" >
  <allocated-bytes non-tlh="163880" tlh="12362752" arrayletleaf="0"/>
  <largest-consumer threadName="Thread-6" threadId="0000000001598D00" bytes="2064024" />
</allocation-stats>
<gc-op id="979" type="mark" timems="2.050" contextid="976" timestamp="2019-06-15T05:01:41.009">
  <trace-info objectcount="2498" scancount="2031" scanbytes="418624" />
  <cardclean-info objects="8746" bytes="408052" />
  <remembered-set-cleared processed="1097" cleared="896" durationms="0.081" />
  <stringconstants candidates="3932" cleared="0"  />
  <warning details="Mark invoked due to insufficient free space for Copy-Forward" />
</gc-op>
<gc-op id="980" type="classunload" timems="0.002" contextid="976" timestamp="2019-06-15T05:01:41.009">
  <classunload-info classloadercandidates="8" classloadersunloaded="0" classesunloaded="0" anonymousclassesunloaded="0" quiescems="0.000" setupms="0.002" scanms="0.000" postms="0.000" />
</gc-op>
<gc-op id="981" type="sweep" timems="0.427" contextid="976" timestamp="2019-06-15T05:01:41.009" />
<gc-op id="982" type="compact" timems="1.168" contextid="976" timestamp="2019-06-15T05:01:41.011">
  <compact-info movecount="2498" movebytes="1019960" />
  <remembered-set-cleared processed="3876" cleared="1403" durationms="0.081" />
</gc-op>
<heap-resize id="983" type="contract" space="default" amount="2097152" count="1" timems="0.202" reason="insufficient time being spent in gc" timestamp="2019-06-15T05:01:41.011" />
<gc-end id="984" type="partial gc" contextid="976" durationms="5.315" usertimems="4.000" systemtimems="0.000" timestamp="2019-06-15T05:01:41.011" activeThreads="1">
  <mem-info id="985" free="11534336" total="23068672" percent="50">
    <mem type="eden" free="28616" total="1048576" percent="2" />
    <remembered-set count="3072" freebytes="992256" totalbytes="1004544" percent="98" regionsoverflowed="0" regionsstable="0" regionsrebuilding="2"/>
  </mem-info>
</gc-end>
<cycle-end id="986" type="partial gc" contextid="976" timestamp="2019-06-15T05:01:41.012" />
  <attribute name="elasticGC enabled" value="1" />
  <attribute name= "numThreadsSpecified" value="1" />
  <attribute name="heapSize specified" value="0" />
  <attribute name="Current GC Util" value="39" />
  <attribute name= "Current Time Running" value="6255" />
  <attribute name ="GC Interval" value="0" />
  <attribute name="ProportionalT" value="9.500000" />
  <attribute name="ProportionalI" value="9.500000" />
  <attribute name="ProportionalH" value="9.500000" />
  <attribute name="Current Error" value="19.000000" />
  <attribute name="IntegralT" value="0.000000" />
  <attribute name="IntegralI" value="0.000000" />
  <attribute name="IntegralH" value="0.000000" />
  <attribute name="DerivativeT" value="inf" />
  <attribute name="DerivativeI" value="inf" />
  <attribute name="DerivativeH" value="inf" />
  <attribute name="Loop Time for DT" value="0.000000" />
  <attribute name="Output H" value="8388608"/>
  <attribute name="Output I" value="200"/>
  <attribute name="Output T" value="1"/>
  <attribute name="Target GC Util Change" value ="20.000000" />
  <attribute name="Current GC Util Change" value="39.000000"/>
  <attribute name="GC Util currently" value="39" />
  <attribute name="CPU Util currently" value="6810746721839" />
<exclusive-end id="987" timestamp="2019-06-15T05:01:41.012" durationms="6.145" />

<exclusive-start id="988" timestamp="2019-06-15T05:01:41.055" intervalms="48.761">
  <response-info timems="0.041" idlems="0.041" threads="0" lastid="0000000001598D00" lastname="Thread-6" />
</exclusive-start>
<allocation-taxation id="989" taxation-threshold="5242880" timestamp="2019-06-15T05:01:41.055" intervalms="48.761" />
<gc-start id="990" type="global mark phase" contextid="943" timestamp="2019-06-15T05:01:41.055">
  <mem-info id="991" free="6291456" total="23068672" percent="27">
    <remembered-set count="3008" freebytes="992512" totalbytes="1004544" percent="98" regionsoverflowed="0" regionsstable="0" regionsrebuilding="2"/>
  </mem-info>
</gc-start>
<gc-op id="992" type="mark increment" timems="1.934" contextid="943" timestamp="2019-06-15T05:01:41.057">
  <trace-info objectcount="5321" scancount="4314" scanbytes="502092" />
  <cardclean-info objects="16736" bytes="681192" />
  <finalization candidates="25" enqueued="0" />
  <references type="soft" candidates="61" cleared="0" enqueued="0" dynamicThreshold="16" maxThreshold="32" />
  <references type="weak" candidates="267" cleared="0" enqueued="0" />
  <references type="phantom" candidates="97" cleared="0" enqueued="0" />
  <stringconstants candidates="3932" cleared="0"  />
</gc-op>
<gc-op id="993" type="classunload" timems="0.003" contextid="943" timestamp="2019-06-15T05:01:41.057">
  <classunload-info classloadercandidates="8" classloadersunloaded="0" classesunloaded="0" anonymousclassesunloaded="0" quiescems="0.000" setupms="0.003" scanms="0.000" postms="0.000" />
</gc-op>
<gc-end id="994" type="global mark phase" contextid="943" durationms="2.180" usertimems="0.000" systemtimems="4.000" timestamp="2019-06-15T05:01:41.057" activeThreads="4">
  <mem-info id="995" free="6291456" total="23068672" percent="27">
    <remembered-set count="6080" freebytes="980224" totalbytes="1004544" percent="97" regionsoverflowed="0" regionsstable="0" regionsrebuilding="0"/>
  </mem-info>
</gc-end>
<cycle-end id="996" type="global mark phase" contextid="943" timestamp="2019-06-15T05:01:41.057" />
  <attribute name="elasticGC enabled" value="1" />
  <attribute name= "numThreadsSpecified" value="4" />
  <attribute name="heapSize specified" value="0" />
  <attribute name="Current GC Util" value="87" />
  <attribute name= "Current Time Running" value="6302" />
  <attribute name ="GC Interval" value="0" />
  <attribute name="ProportionalT" value="33.500000" />
  <attribute name="ProportionalI" value="33.500000" />
  <attribute name="ProportionalH" value="33.500000" />
  <attribute name="Current Error" value="67.000000" />
  <attribute name="IntegralT" value="67.000000" />
  <attribute name="IntegralI" value="67.000000" />
  <attribute name="IntegralH" value="67.000000" />
  <attribute name="DerivativeT" value="-99.000000" />
  <attribute name="DerivativeI" value="-99.000000" />
  <attribute name="DerivativeH" value="-99.000000" />
  <attribute name="Loop Time for DT" value="1.000000" />
  <attribute name="Output H" value="8388608"/>
  <attribute name="Output I" value="200"/>
  <attribute name="Output T" value="4"/>
  <attribute name="Target GC Util Change" value ="20.000000" />
  <attribute name="Current GC Util Change" value="87.000000"/>
  <attribute name="GC Util currently" value="87" />
  <attribute name="CPU Util currently" value="12339718589721" />
<exclusive-end id="997" timestamp="2019-06-15T05:01:41.057" durationms="2.651" />

<exclusive-start id="998" timestamp="2019-06-15T05:01:41.096" intervalms="41.879">
  <response-info timems="0.041" idlems="0.041" threads="0" lastid="0000000001595100" lastname="Thread-5" />
</exclusive-start>
<allocation-taxation id="999" taxation-threshold="5242880" timestamp="2019-06-15T05:01:41.097" intervalms="41.872" />
<cycle-start id="1000" type="partial gc" contextid="0" timestamp="2019-06-15T05:01:41.097" intervalms="90.622" />
<gc-start id="1001" type="partial gc" contextid="1000" timestamp="2019-06-15T05:01:41.097">
  <mem-info id="1002" free="1048576" total="23068672" percent="4">
    <mem type="eden" free="28616" total="11534336" percent="0" />
    <remembered-set count="6080" freebytes="980224" totalbytes="1004544" percent="97" regionsoverflowed="0" regionsstable="0" regionsrebuilding="0"/>
  </mem-info>
</gc-start>
<allocation-stats totalBytes="10410928" >
  <allocated-bytes non-tlh="0" tlh="10410928" arrayletleaf="0"/>
  <largest-consumer threadName="Thread-3" threadId="000000000158D900" bytes="1834080" />
</allocation-stats>
<gc-op id="1003" type="sweep" timems="0.358" contextid="1000" timestamp="2019-06-15T05:01:41.097" />
<gc-op id="1004" type="copy forward" timems="0.991" contextid="1000" timestamp="2019-06-15T05:01:41.099">
  <memory-copied type="eden" objects="1419" bytes="640152" bytesdiscarded="0" />
  <memory-copied type="other" objects="9" bytes="320" bytesdiscarded="0" />
  <memory-cardclean objects="1025" bytes="53592" />
  <regions eden="5" other="4" />
  <remembered-set-cleared processed="4882" cleared="1129" durationms="0.092" />
  <references type="weak" candidates="1" cleared="0" enqueued="0" />
  <references type="phantom" candidates="1" cleared="0" enqueued="0" />
  <stringconstants candidates="3932" cleared="0"  />
</gc-op>
<gc-op id="1005" type="classunload" timems="0.001" contextid="1000" timestamp="2019-06-15T05:01:41.099">
  <classunload-info classloadercandidates="8" classloadersunloaded="0" classesunloaded="0" anonymousclassesunloaded="0" quiescems="0.000" setupms="0.001" scanms="0.000" postms="0.000" />
</gc-op>
<gc-end id="1006" type="partial gc" contextid="1000" durationms="2.488" usertimems="0.000" systemtimems="4.000" timestamp="2019-06-15T05:01:41.099" activeThreads="1">
  <mem-info id="1007" free="12582912" total="23068672" percent="54">
    <mem type="eden" free="408048" total="1048576" percent="38" />
    <remembered-set count="4448" freebytes="903040" totalbytes="920832" percent="98" regionsoverflowed="0" regionsstable="0" regionsrebuilding="0"/>
  </mem-info>
</gc-end>
<cycle-end id="1008" type="partial gc" contextid="1000" timestamp="2019-06-15T05:01:41.099" />
  <attribute name="elasticGC enabled" value="1" />
  <attribute name= "numThreadsSpecified" value="1" />
  <attribute name="heapSize specified" value="0" />
  <attribute name="Current GC Util" value="43" />
  <attribute name= "Current Time Running" value="6343" />
  <attribute name ="GC Interval" value="0" />
  <attribute name="ProportionalT" value="11.500000" />
  <attribute name="ProportionalI" value="11.500000" />
  <attribute name="ProportionalH" value="11.500000" />
  <attribute name="Current Error" value="23.000000" />
  <attribute name="IntegralT" value="0.000000" />
  <attribute name="IntegralI" value="0.000000" />
  <attribute name="IntegralH" value="0.000000" />
  <attribute name="DerivativeT" value="inf" />
  <attribute name="DerivativeI" value="inf" />
  <attribute name="DerivativeH" value="inf" />
  <attribute name="Loop Time for DT" value="0.000000" />
  <attribute name="Output H" value="8388608"/>
  <attribute name="Output I" value="200"/>
  <attribute name="Output T" value="1"/>
  <attribute name="Target GC Util Change" value ="20.000000" />
  <attribute name="Current GC Util Change" value="43.000000"/>
  <attribute name="GC Util currently" value="43" />
  <attribute name="CPU Util currently" value="18515101793059" />
<exclusive-end id="1009" timestamp="2019-06-15T05:01:41.100" durationms="3.239" />

<exclusive-start id="1010" timestamp="2019-06-15T05:01:41.140" intervalms="44.010">
  <response-info timems="0.045" idlems="0.045" threads="0" lastid="0000000001595100" lastname="Thread-5" />
</exclusive-start>
<allocation-taxation id="1011" taxation-threshold="6291456" timestamp="2019-06-15T05:01:41.141" intervalms="44.003" />
<cycle-start id="1012" type="global mark phase" contextid="0" timestamp="2019-06-15T05:01:41.141" intervalms="289.615" />
<gc-start id="1013" type="global mark phase" contextid="1012" timestamp="2019-06-15T05:01:41.141">
  <mem-info id="1014" free="6291456" total="23068672" percent="27">
    <remembered-set count="4384" freebytes="903296" totalbytes="920832" percent="98" regionsoverflowed="0" regionsstable="0" regionsrebuilding="0"/>
  </mem-info>
</gc-start>
<gc-op id="1015" type="mark increment" timems="0.448" contextid="1012" timestamp="2019-06-15T05:01:41.141">
  <trace-info objectcount="302" scancount="0" scanbytes="0" />
</gc-op>
<gc-end id="1016" type="global mark phase" contextid="1012" durationms="0.555" usertimems="0.000" systemtimems="0.000" timestamp="2019-06-15T05:01:41.141" activeThreads="1">
  <mem-info id="1017" free="6291456" total="23068672" percent="27">
    <remembered-set count="4384" freebytes="903296" totalbytes="920832" percent="98" regionsoverflowed="0" regionsstable="0" regionsrebuilding="0"/>
  </mem-info>
</gc-end>
<concurrent-start id="1018" type="GMP work packet processing" contextid="1012" timestamp="2019-06-15T05:01:41.141">
  <concurrent-mark-start scanTarget="18446744073709551615" />
</concurrent-start>
<exclusive-end id="1019" timestamp="2019-06-15T05:01:41.141" durationms="0.905" />

<concurrent-end id="1020" type="GMP work packet processing" contextid="1012" timestamp="2019-06-15T05:01:41.142">
  <concurrent-mark-end bytesScanned="1581872" reasonForTermination="Completed all work in GC phase" />
</concurrent-end>

<exclusive-start id="1021" timestamp="2019-06-15T05:01:41.199" intervalms="58.118">
  <response-info timems="0.033" idlems="0.033" threads="0" lastid="0000000001598D00" lastname="Thread-6" />
</exclusive-start>
<allocation-taxation id="1022" taxation-threshold="6291456" timestamp="2019-06-15T05:01:41.199" intervalms="58.159" />
<cycle-start id="1023" type="partial gc" contextid="0" timestamp="2019-06-15T05:01:41.199" intervalms="102.158" />
<gc-start id="1024" type="partial gc" contextid="1023" timestamp="2019-06-15T05:01:41.199">
  <mem-info id="1025" free="0" total="23068672" percent="0">
    <mem type="eden" free="0" total="12582912" percent="0" />
    <remembered-set count="4384" freebytes="903296" totalbytes="920832" percent="98" regionsoverflowed="0" regionsstable="0" regionsrebuilding="0"/>
  </mem-info>
</gc-start>
<allocation-stats totalBytes="12440968" >
  <allocated-bytes non-tlh="0" tlh="12440968" arrayletleaf="0"/>
  <largest-consumer threadName="Thread-3" threadId="000000000158D900" bytes="2227304" />
</allocation-stats>
<gc-op id="1026" type="mark" timems="1.002" contextid="1023" timestamp="2019-06-15T05:01:41.200">
  <trace-info objectcount="2180" scancount="1737" scanbytes="403648" />
  <cardclean-info objects="1035" bytes="53764" />
  <remembered-set-cleared processed="4035" cleared="287" durationms="0.088" />
  <stringconstants candidates="3932" cleared="0"  />
  <warning details="Mark invoked due to insufficient free space for Copy-Forward" />
</gc-op>
<gc-op id="1027" type="classunload" timems="0.002" contextid="1023" timestamp="2019-06-15T05:01:41.200">
  <classunload-info classloadercandidates="8" classloadersunloaded="0" classesunloaded="0" anonymousclassesunloaded="0" quiescems="0.000" setupms="0.002" scanms="0.000" postms="0.000" />
</gc-op>
<gc-op id="1028" type="sweep" timems="0.327" contextid="1023" timestamp="2019-06-15T05:01:41.201" />
<gc-op id="1029" type="compact" timems="0.988" contextid="1023" timestamp="2019-06-15T05:01:41.202">
  <compact-info movecount="2174" movebytes="908976" />
  <remembered-set-cleared processed="8337" cleared="714" durationms="0.088" />
</gc-op>
<heap-resize id="1030" type="contract" space="default" amount="2097152" count="1" timems="0.198" reason="insufficient time being spent in gc" timestamp="2019-06-15T05:01:41.202" />
<gc-end id="1031" type="partial gc" contextid="1023" durationms="3.595" usertimems="8.000" systemtimems="0.000" timestamp="2019-06-15T05:01:41.203" activeThreads="4">
  <mem-info id="1032" free="9437184" total="20971520" percent="45">
    <mem type="eden" free="137152" total="1048576" percent="13" />
    <remembered-set count="6208" freebytes="896000" totalbytes="920832" percent="97" regionsoverflowed="0" regionsstable="0" regionsrebuilding="0"/>
  </mem-info>
</gc-end>
<cycle-end id="1033" type="partial gc" contextid="1023" timestamp="2019-06-15T05:01:41.203" />
  <attribute name="elasticGC enabled" value="1" />
  <attribute name= "numThreadsSpecified" value="4" />
  <attribute name="heapSize specified" value="0" />
  <attribute name="Current GC Util" value="36" />
  <attribute name= "Current Time Running" value="6447" />
  <attribute name ="GC Interval" value="0" />
  <attribute name="ProportionalT" value="8.000000" />
  <attribute name="ProportionalI" value="8.000000" />
  <attribute name="ProportionalH" value="8.000000" />
  <attribute name="Current Error" value="16.000000" />
  <attribute name="IntegralT" value="16.000000" />
  <attribute name="IntegralI" value="16.000000" />
  <attribute name="IntegralH" value="16.000000" />
  <attribute name="DerivativeT" value="24.000000" />
  <attribute name="DerivativeI" value="24.000000" />
  <attribute name="DerivativeH" value="24.000000" />
  <attribute name="Loop Time for DT" value="1.000000" />
  <attribute name="Output H" value="8388608"/>
  <attribute name="Output I" value="200"/>
  <attribute name="Output T" value="4"/>
  <attribute name="Target GC Util Change" value ="20.000000" />
  <attribute name="Current GC Util Change" value="36.000000"/>
  <attribute name="GC Util currently" value="36" />
  <attribute name="CPU Util currently" value="8914450645669" />
<exclusive-end id="1034" timestamp="2019-06-15T05:01:41.203" durationms="4.355" />

<exclusive-start id="1035" timestamp="2019-06-15T05:01:41.236" intervalms="37.551">
  <response-info timems="0.041" idlems="0.041" threads="0" lastid="0000000001595100" lastname="Thread-5" />
</exclusive-start>
<allocation-taxation id="1036" taxation-threshold="4194304" timestamp="2019-06-15T05:01:41.236" intervalms="37.525" />
<gc-start id="1037" type="global mark phase" contextid="1012" timestamp="2019-06-15T05:01:41.236">
  <mem-info id="1038" free="5242880" total="20971520" percent="25">
    <remembered-set count="5824" freebytes="897536" totalbytes="920832" percent="97" regionsoverflowed="0" regionsstable="0" regionsrebuilding="0"/>
  </mem-info>
</gc-start>
<gc-op id="1039" type="mark increment" timems="1.301" contextid="1012" timestamp="2019-06-15T05:01:41.238">
  <trace-info objectcount="2253" scancount="1741" scanbytes="355408" />
  <cardclean-info objects="1080" bytes="73580" />
  <finalization candidates="25" enqueued="0" />
  <references type="soft" candidates="61" cleared="0" enqueued="0" dynamicThreshold="14" maxThreshold="32" />
  <references type="weak" candidates="266" cleared="0" enqueued="0" />
  <references type="phantom" candidates="96" cleared="0" enqueued="0" />
  <stringconstants candidates="3932" cleared="0"  />
</gc-op>
<gc-op id="1040" type="classunload" timems="0.003" contextid="1012" timestamp="2019-06-15T05:01:41.238">
  <classunload-info classloadercandidates="8" classloadersunloaded="0" classesunloaded="0" anonymousclassesunloaded="0" quiescems="0.000" setupms="0.003" scanms="0.000" postms="0.000" />
</gc-op>
<gc-end id="1041" type="global mark phase" contextid="1012" durationms="1.510" usertimems="0.000" systemtimems="0.000" timestamp="2019-06-15T05:01:41.238" activeThreads="4">
  <mem-info id="1042" free="5242880" total="20971520" percent="25">
    <remembered-set count="5824" freebytes="897536" totalbytes="920832" percent="97" regionsoverflowed="0" regionsstable="0" regionsrebuilding="0"/>
  </mem-info>
</gc-end>
<cycle-end id="1043" type="global mark phase" contextid="1012" timestamp="2019-06-15T05:01:41.238" />
  <attribute name="elasticGC enabled" value="1" />
  <attribute name= "numThreadsSpecified" value="4" />
  <attribute name="heapSize specified" value="0" />
  <attribute name="Current GC Util" value="0" />
  <attribute name= "Current Time Running" value="6482" />
  <attribute name ="GC Interval" value="0" />
  <attribute name="ProportionalT" value="-10.000000" />
  <attribute name="ProportionalI" value="-10.000000" />
  <attribute name="ProportionalH" value="-10.000000" />
  <attribute name="Current Error" value="-20.000000" />
  <attribute name="IntegralT" value="0.000000" />
  <attribute name="IntegralI" value="0.000000" />
  <attribute name="IntegralH" value="0.000000" />
  <attribute name="DerivativeT" value="-inf" />
  <attribute name="DerivativeI" value="-inf" />
  <attribute name="DerivativeH" value="-inf" />
  <attribute name="Loop Time for DT" value="0.000000" />
  <attribute name="Output H" value="2091843584"/>
  <attribute name="Output I" value="200"/>
  <attribute name="Output T" value="4"/>
  <attribute name="Target GC Util Change" value ="20.000000" />
  <attribute name="Current GC Util Change" value="0.000000"/>
  <attribute name="GC Util currently" value="0" />
  <attribute name="CPU Util currently" value="18030879823925" />
<exclusive-end id="1044" timestamp="2019-06-15T05:01:41.238" durationms="1.819" />

<exclusive-start id="1045" timestamp="2019-06-15T05:01:41.268" intervalms="31.936">
  <response-info timems="0.027" idlems="0.027" threads="0" lastid="0000000001598D00" lastname="Thread-6" />
</exclusive-start>
<allocation-taxation id="1046" taxation-threshold="4194304" timestamp="2019-06-15T05:01:41.268" intervalms="31.953" />
<cycle-start id="1047" type="partial gc" contextid="0" timestamp="2019-06-15T05:01:41.268" intervalms="69.474" />
<gc-start id="1048" type="partial gc" contextid="1047" timestamp="2019-06-15T05:01:41.268">
  <mem-info id="1049" free="1048576" total="20971520" percent="5">
    <mem type="eden" free="0" total="8388608" percent="0" />
    <remembered-set count="5824" freebytes="897536" totalbytes="920832" percent="97" regionsoverflowed="0" regionsstable="0" regionsrebuilding="0"/>
  </mem-info>
</gc-start>
<allocation-stats totalBytes="8300296" >
  <allocated-bytes non-tlh="0" tlh="8300296" arrayletleaf="0"/>
  <largest-consumer threadName="Thread-5" threadId="0000000001595100" bytes="1441392" />
</allocation-stats>
<gc-op id="1050" type="sweep" timems="0.363" contextid="1047" timestamp="2019-06-15T05:01:41.269" />
<gc-op id="1051" type="copy forward" timems="1.221" contextid="1047" timestamp="2019-06-15T05:01:41.271">
  <memory-copied type="eden" objects="2022" bytes="841784" bytesdiscarded="185455" />
  <memory-copied type="other" objects="6" bytes="184" bytesdiscarded="17" />
  <memory-cardclean objects="1027" bytes="53632" />
  <regions eden="4" other="5" />
  <remembered-set-cleared processed="4176" cleared="415" durationms="0.068" />
  <stringconstants candidates="3932" cleared="0"  />
</gc-op>
<gc-op id="1052" type="classunload" timems="0.002" contextid="1047" timestamp="2019-06-15T05:01:41.271">
  <classunload-info classloadercandidates="8" classloadersunloaded="0" classesunloaded="0" anonymousclassesunloaded="0" quiescems="0.000" setupms="0.002" scanms="0.000" postms="0.000" />
</gc-op>
<gc-end id="1053" type="partial gc" contextid="1047" durationms="2.612" usertimems="4.000" systemtimems="0.000" timestamp="2019-06-15T05:01:41.271" activeThreads="4">
  <mem-info id="1054" free="9437184" total="20971520" percent="45">
    <mem type="eden" free="21216" total="1048576" percent="2" />
    <remembered-set count="5984" freebytes="813184" totalbytes="837120" percent="97" regionsoverflowed="0" regionsstable="0" regionsrebuilding="0"/>
  </mem-info>
</gc-end>
<cycle-end id="1055" type="partial gc" contextid="1047" timestamp="2019-06-15T05:01:41.271" />
  <attribute name="elasticGC enabled" value="1" />
  <attribute name= "numThreadsSpecified" value="4" />
  <attribute name="heapSize specified" value="0" />
  <attribute name="Current GC Util" value="44" />
  <attribute name= "Current Time Running" value="6515" />
  <attribute name ="GC Interval" value="0" />
  <attribute name="ProportionalT" value="12.000000" />
  <attribute name="ProportionalI" value="12.000000" />
  <attribute name="ProportionalH" value="12.000000" />
  <attribute name="Current Error" value="24.000000" />
  <attribute name="IntegralT" value="0.000000" />
  <attribute name="IntegralI" value="0.000000" />
  <attribute name="IntegralH" value="0.000000" />
  <attribute name="DerivativeT" value="-inf" />
  <attribute name="DerivativeI" value="-inf" />
  <attribute name="DerivativeH" value="-inf" />
  <attribute name="Loop Time for DT" value="0.000000" />
  <attribute name="Output H" value="2091843584"/>
  <attribute name="Output I" value="200"/>
  <attribute name="Output T" value="4"/>
  <attribute name="Target GC Util Change" value ="20.000000" />
  <attribute name="Current GC Util Change" value="44.000000"/>
  <attribute name="GC Util currently" value="44" />
  <attribute name="CPU Util currently" value="19637984154791" />
<exclusive-end id="1056" timestamp="2019-06-15T05:01:41.271" durationms="3.241" />

<exclusive-start id="1057" timestamp="2019-06-15T05:01:41.297" intervalms="28.632">
  <response-info timems="0.026" idlems="0.026" threads="0" lastid="000000000158D900" lastname="Thread-3" />
</exclusive-start>
<allocation-taxation id="1058" taxation-threshold="4194304" timestamp="2019-06-15T05:01:41.297" intervalms="28.615" />
<cycle-start id="1059" type="global mark phase" contextid="0" timestamp="2019-06-15T05:01:41.297" intervalms="156.258" />
<gc-start id="1060" type="global mark phase" contextid="1059" timestamp="2019-06-15T05:01:41.297">
  <mem-info id="1061" free="5242880" total="20971520" percent="25">
    <remembered-set count="2272" freebytes="828032" totalbytes="837120" percent="98" regionsoverflowed="0" regionsstable="2" regionsrebuilding="0"/>
  </mem-info>
</gc-start>
<gc-op id="1062" type="mark increment" timems="0.450" contextid="1059" timestamp="2019-06-15T05:01:41.297">
  <trace-info objectcount="275" scancount="0" scanbytes="0" />
</gc-op>
<gc-end id="1063" type="global mark phase" contextid="1059" durationms="0.563" usertimems="0.000" systemtimems="4.000" timestamp="2019-06-15T05:01:41.297" activeThreads="1">
  <mem-info id="1064" free="5242880" total="20971520" percent="25">
    <remembered-set count="2272" freebytes="828032" totalbytes="837120" percent="98" regionsoverflowed="0" regionsstable="0" regionsrebuilding="2"/>
  </mem-info>
</gc-end>
<concurrent-start id="1065" type="GMP work packet processing" contextid="1059" timestamp="2019-06-15T05:01:41.298">
  <concurrent-mark-start scanTarget="18446744073709551615" />
</concurrent-start>
<exclusive-end id="1066" timestamp="2019-06-15T05:01:41.298" durationms="1.120" />

<concurrent-end id="1067" type="GMP work packet processing" contextid="1059" timestamp="2019-06-15T05:01:41.299">
  <concurrent-mark-end bytesScanned="1577596" reasonForTermination="Completed all work in GC phase" />
</concurrent-end>

<exclusive-start id="1068" timestamp="2019-06-15T05:01:41.336" intervalms="38.867">
  <response-info timems="0.034" idlems="0.034" threads="0" lastid="000000000158D900" lastname="Thread-3" />
</exclusive-start>
<allocation-taxation id="1069" taxation-threshold="4194304" timestamp="2019-06-15T05:01:41.336" intervalms="38.871" />
<cycle-start id="1070" type="partial gc" contextid="0" timestamp="2019-06-15T05:01:41.336" intervalms="67.496" />
<gc-start id="1071" type="partial gc" contextid="1070" timestamp="2019-06-15T05:01:41.336">
  <mem-info id="1072" free="1048576" total="20971520" percent="5">
    <mem type="eden" free="0" total="8388608" percent="0" />
    <remembered-set count="6368" freebytes="811648" totalbytes="837120" percent="96" regionsoverflowed="0" regionsstable="0" regionsrebuilding="2"/>
  </mem-info>
</gc-start>
<allocation-stats totalBytes="8197616" >
  <allocated-bytes non-tlh="0" tlh="8197616" arrayletleaf="0"/>
  <largest-consumer threadName="Thread-5" threadId="0000000001595100" bytes="1483528" />
</allocation-stats>
<gc-op id="1073" type="copy forward" timems="1.240" contextid="1070" timestamp="2019-06-15T05:01:41.338">
  <memory-copied type="eden" objects="1936" bytes="793168" bytesdiscarded="0" />
  <memory-copied type="other" objects="2" bytes="32" bytesdiscarded="0" />
  <memory-cardclean objects="1038" bytes="54080" />
  <regions eden="8" other="1" />
  <remembered-set-cleared processed="5668" cleared="624" durationms="0.111" />
  <references type="phantom" candidates="2" cleared="0" enqueued="0" />
  <stringconstants candidates="3932" cleared="0"  />
  <heap-resize type="expand" space="default" amount="1048576" count="1" timems="0.052" reason="continue current collection" />
</gc-op>
<gc-op id="1074" type="classunload" timems="0.002" contextid="1070" timestamp="2019-06-15T05:01:41.338">
  <classunload-info classloadercandidates="8" classloadersunloaded="0" classesunloaded="0" anonymousclassesunloaded="0" quiescems="0.000" setupms="0.001" scanms="0.000" postms="0.000" />
</gc-op>
<gc-op id="1075" type="compact" timems="1.029" contextid="1070" timestamp="2019-06-15T05:01:41.339">
  <compact-info movecount="0" movebytes="0" />
  <remembered-set-cleared processed="11071" cleared="624" durationms="0.111" />
</gc-op>
<gc-end id="1076" type="partial gc" contextid="1070" durationms="3.269" usertimems="4.000" systemtimems="0.000" timestamp="2019-06-15T05:01:41.339" activeThreads="4">
  <mem-info id="1077" free="9437184" total="22020096" percent="42">
    <mem type="eden" free="255328" total="1048576" percent="24" />
    <remembered-set count="6784" freebytes="851840" totalbytes="878976" percent="96" regionsoverflowed="0" regionsstable="0" regionsrebuilding="2"/>
  </mem-info>
</gc-end>
<cycle-end id="1078" type="partial gc" contextid="1070" timestamp="2019-06-15T05:01:41.339" />
  <attribute name="elasticGC enabled" value="1" />
  <attribute name= "numThreadsSpecified" value="4" />
  <attribute name="heapSize specified" value="0" />
  <attribute name="Current GC Util" value="0" />
  <attribute name= "Current Time Running" value="6583" />
  <attribute name ="GC Interval" value="0" />
  <attribute name="ProportionalT" value="-10.000000" />
  <attribute name="ProportionalI" value="-10.000000" />
  <attribute name="ProportionalH" value="-10.000000" />
  <attribute name="Current Error" value="-20.000000" />
  <attribute name="IntegralT" value="-20.000000" />
  <attribute name="IntegralI" value="-20.000000" />
  <attribute name="IntegralH" value="-20.000000" />
  <attribute name="DerivativeT" value="-117.000000" />
  <attribute name="DerivativeI" value="-117.000000" />
  <attribute name="DerivativeH" value="-117.000000" />
  <attribute name="Loop Time for DT" value="1.000000" />
  <attribute name="Output H" value="2091843584"/>
  <attribute name="Output I" value="200"/>
  <attribute name="Output T" value="4"/>
  <attribute name="Target GC Util Change" value ="20.000000" />
  <attribute name="Current GC Util Change" value="0.000000"/>
  <attribute name="GC Util currently" value="0" />
  <attribute name="CPU Util currently" value="2930061933734" />
<exclusive-end id="1079" timestamp="2019-06-15T05:01:41.340" durationms="3.981" />

<exclusive-start id="1080" timestamp="2019-06-15T05:01:41.371" intervalms="35.732">
  <response-info timems="0.036" idlems="0.036" threads="0" lastid="0000000001595100" lastname="Thread-5" />
</exclusive-start>
<allocation-taxation id="1081" taxation-threshold="4194304" timestamp="2019-06-15T05:01:41.371" intervalms="35.719" />
<gc-start id="1082" type="global mark phase" contextid="1059" timestamp="2019-06-15T05:01:41.371">
  <mem-info id="1083" free="5242880" total="22020096" percent="23">
    <remembered-set count="6304" freebytes="853760" totalbytes="878976" percent="97" regionsoverflowed="0" regionsstable="0" regionsrebuilding="2"/>
  </mem-info>
</gc-start>
<gc-op id="1084" type="mark increment" timems="1.306" contextid="1059" timestamp="2019-06-15T05:01:41.373">
  <trace-info objectcount="1647" scancount="1331" scanbytes="302964" />
  <cardclean-info objects="1035" bytes="53708" />
  <finalization candidates="25" enqueued="0" />
  <references type="soft" candidates="61" cleared="0" enqueued="0" dynamicThreshold="13" maxThreshold="32" />
  <references type="weak" candidates="266" cleared="0" enqueued="0" />
  <references type="phantom" candidates="98" cleared="0" enqueued="0" />
  <stringconstants candidates="3932" cleared="0"  />
</gc-op>
<gc-op id="1085" type="classunload" timems="0.003" contextid="1059" timestamp="2019-06-15T05:01:41.373">
  <classunload-info classloadercandidates="8" classloadersunloaded="0" classesunloaded="0" anonymousclassesunloaded="0" quiescems="0.000" setupms="0.002" scanms="0.000" postms="0.000" />
</gc-op>
<gc-end id="1086" type="global mark phase" contextid="1059" durationms="1.550" usertimems="4.000" systemtimems="0.000" timestamp="2019-06-15T05:01:41.373" activeThreads="4">
  <mem-info id="1087" free="5242880" total="22020096" percent="23">
    <remembered-set count="7840" freebytes="847616" totalbytes="878976" percent="96" regionsoverflowed="0" regionsstable="0" regionsrebuilding="0"/>
  </mem-info>
</gc-end>
<cycle-end id="1088" type="global mark phase" contextid="1059" timestamp="2019-06-15T05:01:41.373" />
  <attribute name="elasticGC enabled" value="1" />
  <attribute name= "numThreadsSpecified" value="4" />
  <attribute name="heapSize specified" value="0" />
  <attribute name="Current GC Util" value="0" />
  <attribute name= "Current Time Running" value="6618" />
  <attribute name ="GC Interval" value="0" />
  <attribute name="ProportionalT" value="-10.000000" />
  <attribute name="ProportionalI" value="-10.000000" />
  <attribute name="ProportionalH" value="-10.000000" />
  <attribute name="Current Error" value="-20.000000" />
  <attribute name="IntegralT" value="-20.000000" />
  <attribute name="IntegralI" value="-20.000000" />
  <attribute name="IntegralH" value="-20.000000" />
  <attribute name="DerivativeT" value="-223.500000" />
  <attribute name="DerivativeI" value="-223.500000" />
  <attribute name="DerivativeH" value="-223.500000" />
  <attribute name="Loop Time for DT" value="1.000000" />
  <attribute name="Output H" value="2091843584"/>
  <attribute name="Output I" value="200"/>
  <attribute name="Output T" value="4"/>
  <attribute name="Target GC Util Change" value ="20.000000" />
  <attribute name="Current GC Util Change" value="0.000000"/>
  <attribute name="GC Util currently" value="0" />
  <attribute name="CPU Util currently" value="20017822842784" />
<exclusive-end id="1089" timestamp="2019-06-15T05:01:41.373" durationms="1.894" />

<exclusive-start id="1090" timestamp="2019-06-15T05:01:41.404" intervalms="32.919">
  <response-info timems="0.035" idlems="0.035" threads="0" lastid="000000000158D900" lastname="Thread-3" />
</exclusive-start>
<allocation-taxation id="1091" taxation-threshold="4194304" timestamp="2019-06-15T05:01:41.404" intervalms="32.912" />
<cycle-start id="1092" type="partial gc" contextid="0" timestamp="2019-06-15T05:01:41.404" intervalms="68.629" />
<gc-start id="1093" type="partial gc" contextid="1092" timestamp="2019-06-15T05:01:41.404">
  <mem-info id="1094" free="1048576" total="22020096" percent="4">
    <mem type="eden" free="0" total="8388608" percent="0" />
    <remembered-set count="2176" freebytes="870272" totalbytes="878976" percent="99" regionsoverflowed="0" regionsstable="2" regionsrebuilding="0"/>
  </mem-info>
</gc-start>
<allocation-stats totalBytes="8324768" >
  <allocated-bytes non-tlh="98328" tlh="8226440" arrayletleaf="0"/>
  <largest-consumer threadName="Thread-4" threadId="0000000001591500" bytes="1457192" />
</allocation-stats>
<gc-op id="1095" type="sweep" timems="0.375" contextid="1092" timestamp="2019-06-15T05:01:41.405" />
<gc-op id="1096" type="copy forward" timems="1.892" contextid="1092" timestamp="2019-06-15T05:01:41.407">
  <memory-copied type="eden" objects="1877" bytes="747904" bytesdiscarded="0" />
  <memory-copied type="other" objects="5618" bytes="355832" bytesdiscarded="0" />
  <memory-cardclean objects="2364" bytes="109976" />
  <regions eden="4" other="7" />
  <remembered-set-cleared processed="11" cleared="11" durationms="0.060" />
  <references type="soft" candidates="8" cleared="0" enqueued="0" dynamicThreshold="7" maxThreshold="32" />
  <references type="weak" candidates="29" cleared="0" enqueued="0" />
  <references type="phantom" candidates="31" cleared="0" enqueued="0" />
  <stringconstants candidates="3932" cleared="0"  />
  <heap-resize type="expand" space="default" amount="1048576" count="1" timems="0.051" reason="continue current collection" />
</gc-op>
<gc-op id="1097" type="classunload" timems="0.001" contextid="1092" timestamp="2019-06-15T05:01:41.408">
  <classunload-info classloadercandidates="8" classloadersunloaded="0" classesunloaded="0" anonymousclassesunloaded="0" quiescems="0.000" setupms="0.001" scanms="0.000" postms="0.000" />
</gc-op>
<gc-end id="1098" type="partial gc" contextid="1092" durationms="3.367" usertimems="0.000" systemtimems="0.000" timestamp="2019-06-15T05:01:41.408" activeThreads="1">
  <mem-info id="1099" free="11534336" total="23068672" percent="50">
    <mem type="eden" free="300400" total="1048576" percent="28" />
    <remembered-set count="2336" freebytes="911488" totalbytes="920832" percent="98" regionsoverflowed="0" regionsstable="2" regionsrebuilding="0"/>
  </mem-info>
</gc-end>
<cycle-end id="1100" type="partial gc" contextid="1092" timestamp="2019-06-15T05:01:41.408" />
  <attribute name="elasticGC enabled" value="1" />
  <attribute name= "numThreadsSpecified" value="1" />
  <attribute name="heapSize specified" value="0" />
  <attribute name="Current GC Util" value="63" />
  <attribute name= "Current Time Running" value="6651" />
  <attribute name ="GC Interval" value="0" />
  <attribute name="ProportionalT" value="21.500000" />
  <attribute name="ProportionalI" value="21.500000" />
  <attribute name="ProportionalH" value="21.500000" />
  <attribute name="Current Error" value="43.000000" />
  <attribute name="IntegralT" value="0.000000" />
  <attribute name="IntegralI" value="0.000000" />
  <attribute name="IntegralH" value="0.000000" />
  <attribute name="DerivativeT" value="inf" />
  <attribute name="DerivativeI" value="inf" />
  <attribute name="DerivativeH" value="inf" />
  <attribute name="Loop Time for DT" value="0.000000" />
  <attribute name="Output H" value="8388608"/>
  <attribute name="Output I" value="200"/>
  <attribute name="Output T" value="1"/>
  <attribute name="Target GC Util Change" value ="20.000000" />
  <attribute name="Current GC Util Change" value="63.000000"/>
  <attribute name="GC Util currently" value="63" />
  <attribute name="CPU Util currently" value="25059016636383" />
<exclusive-end id="1101" timestamp="2019-06-15T05:01:41.408" durationms="4.116" />

<exclusive-start id="1102" timestamp="2019-06-15T05:01:41.447" intervalms="42.433">
  <response-info timems="0.029" idlems="0.029" threads="0" lastid="0000000001598D00" lastname="Thread-6" />
</exclusive-start>
<allocation-taxation id="1103" taxation-threshold="5242880" timestamp="2019-06-15T05:01:41.447" intervalms="42.442" />
<cycle-start id="1104" type="global mark phase" contextid="0" timestamp="2019-06-15T05:01:41.447" intervalms="149.936" />
<gc-start id="1105" type="global mark phase" contextid="1104" timestamp="2019-06-15T05:01:41.447">
  <mem-info id="1106" free="6291456" total="23068672" percent="27">
    <remembered-set count="2112" freebytes="912384" totalbytes="920832" percent="99" regionsoverflowed="0" regionsstable="2" regionsrebuilding="0"/>
  </mem-info>
</gc-start>
<gc-op id="1107" type="mark increment" timems="0.485" contextid="1104" timestamp="2019-06-15T05:01:41.447">
  <trace-info objectcount="290" scancount="0" scanbytes="0" />
</gc-op>
<gc-end id="1108" type="global mark phase" contextid="1104" durationms="0.590" usertimems="0.000" systemtimems="0.000" timestamp="2019-06-15T05:01:41.447" activeThreads="4">
  <mem-info id="1109" free="6291456" total="23068672" percent="27">
    <remembered-set count="2112" freebytes="912384" totalbytes="920832" percent="99" regionsoverflowed="0" regionsstable="0" regionsrebuilding="2"/>
  </mem-info>
</gc-end>
<concurrent-start id="1110" type="GMP work packet processing" contextid="1104" timestamp="2019-06-15T05:01:41.447">
  <concurrent-mark-start scanTarget="18446744073709551615" />
</concurrent-start>
<concurrent-end id="1111" type="GMP work packet processing" contextid="1104" timestamp="2019-06-15T05:01:41.450">
  <concurrent-mark-end bytesScanned="1588396" reasonForTermination="Completed all work in GC phase" />
</concurrent-end>

<exclusive-end id="1112" timestamp="2019-06-15T05:01:41.450" durationms="3.700" />

<exclusive-start id="1113" timestamp="2019-06-15T05:01:41.488" intervalms="40.944">
  <response-info timems="0.051" idlems="0.051" threads="0" lastid="000000000158D900" lastname="Thread-3" />
</exclusive-start>
<allocation-taxation id="1114" taxation-threshold="5242880" timestamp="2019-06-15T05:01:41.488" intervalms="40.946" />
<cycle-start id="1115" type="partial gc" contextid="0" timestamp="2019-06-15T05:01:41.488" intervalms="83.389" />
<gc-start id="1116" type="partial gc" contextid="1115" timestamp="2019-06-15T05:01:41.488">
  <mem-info id="1117" free="1048576" total="23068672" percent="4">
    <mem type="eden" free="0" total="10485760" percent="0" />
    <remembered-set count="7392" freebytes="891264" totalbytes="920832" percent="96" regionsoverflowed="0" regionsstable="0" regionsrebuilding="2"/>
  </mem-info>
</gc-start>
<allocation-stats totalBytes="10374448" >
  <allocated-bytes non-tlh="8200" tlh="10366248" arrayletleaf="0"/>
  <largest-consumer threadName="Thread-6" threadId="0000000001598D00" bytes="1703560" />
</allocation-stats>
<gc-op id="1118" type="copy forward" timems="1.131" contextid="1115" timestamp="2019-06-15T05:01:41.490">
  <memory-copied type="eden" objects="1432" bytes="602720" bytesdiscarded="0" />
  <memory-copied type="other" objects="4" bytes="144" bytesdiscarded="0" />
  <memory-cardclean objects="1020" bytes="53200" />
  <regions eden="10" other="1" />
  <remembered-set-cleared processed="5787" cleared="732" durationms="0.108" />
  <stringconstants candidates="3932" cleared="0"  />
  <heap-resize type="expand" space="default" amount="1048576" count="1" timems="0.052" reason="continue current collection" />
</gc-op>
<gc-op id="1119" type="classunload" timems="0.002" contextid="1115" timestamp="2019-06-15T05:01:41.490">
  <classunload-info classloadercandidates="8" classloadersunloaded="0" classesunloaded="0" anonymousclassesunloaded="0" quiescems="0.000" setupms="0.002" scanms="0.000" postms="0.000" />
</gc-op>
<gc-op id="1120" type="compact" timems="0.867" contextid="1115" timestamp="2019-06-15T05:01:41.491">
  <compact-info movecount="0" movebytes="0" />
  <remembered-set-cleared processed="11135" cleared="732" durationms="0.108" />
</gc-op>
<gc-end id="1121" type="partial gc" contextid="1115" durationms="2.983" usertimems="0.000" systemtimems="4.000" timestamp="2019-06-15T05:01:41.491" activeThreads="4">
  <mem-info id="1122" free="11534336" total="24117248" percent="47">
    <mem type="eden" free="445800" total="1048576" percent="42" />
    <remembered-set count="6624" freebytes="936192" totalbytes="962688" percent="97" regionsoverflowed="0" regionsstable="0" regionsrebuilding="2"/>
  </mem-info>
</gc-end>
<cycle-end id="1123" type="partial gc" contextid="1115" timestamp="2019-06-15T05:01:41.491" />
  <attribute name="elasticGC enabled" value="1" />
  <attribute name= "numThreadsSpecified" value="4" />
  <attribute name="heapSize specified" value="0" />
  <attribute name="Current GC Util" value="0" />
  <attribute name= "Current Time Running" value="6735" />
  <attribute name ="GC Interval" value="0" />
  <attribute name="ProportionalT" value="-10.000000" />
  <attribute name="ProportionalI" value="-10.000000" />
  <attribute name="ProportionalH" value="-10.000000" />
  <attribute name="Current Error" value="-20.000000" />
  <attribute name="IntegralT" value="-20.000000" />
  <attribute name="IntegralI" value="-20.000000" />
  <attribute name="IntegralH" value="-20.000000" />
  <attribute name="DerivativeT" value="-126.000000" />
  <attribute name="DerivativeI" value="-126.000000" />
  <attribute name="DerivativeH" value="-126.000000" />
  <attribute name="Loop Time for DT" value="1.000000" />
  <attribute name="Output H" value="2091843584"/>
  <attribute name="Output I" value="200"/>
  <attribute name="Output T" value="4"/>
  <attribute name="Target GC Util Change" value ="20.000000" />
  <attribute name="Current GC Util Change" value="0.000000"/>
  <attribute name="GC Util currently" value="0" />
  <attribute name="CPU Util currently" value="3157298538065" />
<exclusive-end id="1124" timestamp="2019-06-15T05:01:41.491" durationms="3.594" />

<exclusive-start id="1125" timestamp="2019-06-15T05:01:41.539" intervalms="51.544">
  <response-info timems="0.034" idlems="0.034" threads="0" lastid="000000000158D900" lastname="Thread-3" />
</exclusive-start>
<allocation-taxation id="1126" taxation-threshold="5242880" timestamp="2019-06-15T05:01:41.539" intervalms="51.546" />
<gc-start id="1127" type="global mark phase" contextid="1104" timestamp="2019-06-15T05:01:41.539">
  <mem-info id="1128" free="6291456" total="24117248" percent="26">
    <remembered-set count="6624" freebytes="936192" totalbytes="962688" percent="97" regionsoverflowed="0" regionsstable="0" regionsrebuilding="2"/>
  </mem-info>
</gc-start>
<gc-op id="1129" type="mark increment" timems="1.479" contextid="1104" timestamp="2019-06-15T05:01:41.541">
  <trace-info objectcount="2720" scancount="2154" scanbytes="437652" />
  <cardclean-info objects="1227" bytes="81960" />
  <finalization candidates="25" enqueued="0" />
  <references type="soft" candidates="61" cleared="0" enqueued="0" dynamicThreshold="15" maxThreshold="32" />
  <references type="weak" candidates="267" cleared="0" enqueued="0" />
  <references type="phantom" candidates="97" cleared="0" enqueued="0" />
  <stringconstants candidates="3932" cleared="0"  />
</gc-op>
<gc-op id="1130" type="classunload" timems="0.003" contextid="1104" timestamp="2019-06-15T05:01:41.541">
  <classunload-info classloadercandidates="8" classloadersunloaded="0" classesunloaded="0" anonymousclassesunloaded="0" quiescems="0.000" setupms="0.003" scanms="0.000" postms="0.000" />
</gc-op>
<gc-end id="1131" type="global mark phase" contextid="1104" durationms="1.728" usertimems="4.000" systemtimems="0.000" timestamp="2019-06-15T05:01:41.541" activeThreads="4">
  <mem-info id="1132" free="6291456" total="24117248" percent="26">
    <remembered-set count="7648" freebytes="932096" totalbytes="962688" percent="96" regionsoverflowed="0" regionsstable="0" regionsrebuilding="0"/>
  </mem-info>
</gc-end>
<cycle-end id="1133" type="global mark phase" contextid="1104" timestamp="2019-06-15T05:01:41.541" />
  <attribute name="elasticGC enabled" value="1" />
  <attribute name= "numThreadsSpecified" value="4" />
  <attribute name="heapSize specified" value="0" />
  <attribute name="Current GC Util" value="0" />
  <attribute name= "Current Time Running" value="6786" />
  <attribute name ="GC Interval" value="0" />
  <attribute name="ProportionalT" value="-10.000000" />
  <attribute name="ProportionalI" value="-10.000000" />
  <attribute name="ProportionalH" value="-10.000000" />
  <attribute name="Current Error" value="-20.000000" />
  <attribute name="IntegralT" value="-20.000000" />
  <attribute name="IntegralI" value="-20.000000" />
  <attribute name="IntegralH" value="-20.000000" />
  <attribute name="DerivativeT" value="-267.000000" />
  <attribute name="DerivativeI" value="-267.000000" />
  <attribute name="DerivativeH" value="-267.000000" />
  <attribute name="Loop Time for DT" value="1.000000" />
  <attribute name="Output H" value="2091843584"/>
  <attribute name="Output I" value="200"/>
  <attribute name="Output T" value="4"/>
  <attribute name="Target GC Util Change" value ="20.000000" />
  <attribute name="Current GC Util Change" value="0.000000"/>
  <attribute name="GC Util currently" value="0" />
  <attribute name="CPU Util currently" value="14857666647651" />
<exclusive-end id="1134" timestamp="2019-06-15T05:01:41.541" durationms="2.058" />

<exclusive-start id="1135" timestamp="2019-06-15T05:01:41.579" intervalms="39.895">
  <response-info timems="0.041" idlems="0.041" threads="0" lastid="000000000158D900" lastname="Thread-3" />
</exclusive-start>
<allocation-taxation id="1136" taxation-threshold="5242880" timestamp="2019-06-15T05:01:41.579" intervalms="39.895" />
<cycle-start id="1137" type="partial gc" contextid="0" timestamp="2019-06-15T05:01:41.579" intervalms="91.443" />
<gc-start id="1138" type="partial gc" contextid="1137" timestamp="2019-06-15T05:01:41.579">
  <mem-info id="1139" free="1048576" total="24117248" percent="4">
    <mem type="eden" free="0" total="10485760" percent="0" />
    <remembered-set count="7616" freebytes="932224" totalbytes="962688" percent="96" regionsoverflowed="0" regionsstable="0" regionsrebuilding="0"/>
  </mem-info>
</gc-start>
<allocation-stats totalBytes="10404080" >
  <allocated-bytes non-tlh="131104" tlh="10272976" arrayletleaf="0"/>
  <largest-consumer threadName="Thread-3" threadId="000000000158D900" bytes="2363072" />
</allocation-stats>
<gc-op id="1140" type="sweep" timems="0.388" contextid="1137" timestamp="2019-06-15T05:01:41.580" />
<gc-op id="1141" type="copy forward" timems="1.358" contextid="1137" timestamp="2019-06-15T05:01:41.582">
  <memory-copied type="eden" objects="2126" bytes="858984" bytesdiscarded="0" />
  <memory-copied type="other" objects="10" bytes="328" bytesdiscarded="0" />
  <memory-cardclean objects="1012" bytes="53024" />
  <regions eden="5" other="6" />
  <remembered-set-cleared processed="6073" cleared="981" durationms="0.101" />
  <stringconstants candidates="3932" cleared="0"  />
</gc-op>
<gc-op id="1142" type="classunload" timems="0.002" contextid="1137" timestamp="2019-06-15T05:01:41.582">
  <classunload-info classloadercandidates="8" classloadersunloaded="0" classesunloaded="0" anonymousclassesunloaded="0" quiescems="0.000" setupms="0.001" scanms="0.000" postms="0.000" />
</gc-op>
<gc-end id="1143" type="partial gc" contextid="1137" durationms="2.814" usertimems="0.000" systemtimems="4.000" timestamp="2019-06-15T05:01:41.582" activeThreads="1">
  <mem-info id="1144" free="12582912" total="24117248" percent="52">
    <mem type="eden" free="189344" total="1048576" percent="18" />
    <remembered-set count="7424" freebytes="932992" totalbytes="962688" percent="96" regionsoverflowed="0" regionsstable="0" regionsrebuilding="0"/>
  </mem-info>
</gc-end>
<cycle-end id="1145" type="partial gc" contextid="1137" timestamp="2019-06-15T05:01:41.582" />
  <attribute name="elasticGC enabled" value="1" />
  <attribute name= "numThreadsSpecified" value="1" />
  <attribute name="heapSize specified" value="0" />
  <attribute name="Current GC Util" value="52" />
  <attribute name= "Current Time Running" value="6826" />
  <attribute name ="GC Interval" value="0" />
  <attribute name="ProportionalT" value="16.000000" />
  <attribute name="ProportionalI" value="16.000000" />
  <attribute name="ProportionalH" value="16.000000" />
  <attribute name="Current Error" value="32.000000" />
  <attribute name="IntegralT" value="0.000000" />
  <attribute name="IntegralI" value="0.000000" />
  <attribute name="IntegralH" value="0.000000" />
  <attribute name="DerivativeT" value="inf" />
  <attribute name="DerivativeI" value="inf" />
  <attribute name="DerivativeH" value="inf" />
  <attribute name="Loop Time for DT" value="0.000000" />
  <attribute name="Output H" value="8388608"/>
  <attribute name="Output I" value="200"/>
  <attribute name="Output T" value="1"/>
  <attribute name="Target GC Util Change" value ="20.000000" />
  <attribute name="Current GC Util Change" value="52.000000"/>
  <attribute name="GC Util currently" value="52" />
  <attribute name="CPU Util currently" value="21480274289787" />
<exclusive-end id="1146" timestamp="2019-06-15T05:01:41.583" durationms="3.481" />

<exclusive-start id="1147" timestamp="2019-06-15T05:01:41.626" intervalms="47.104">
  <response-info timems="0.037" idlems="0.037" threads="0" lastid="0000000001595100" lastname="Thread-5" />
</exclusive-start>
<allocation-taxation id="1148" taxation-threshold="6291456" timestamp="2019-06-15T05:01:41.626" intervalms="47.170" />
<cycle-start id="1149" type="global mark phase" contextid="0" timestamp="2019-06-15T05:01:41.626" intervalms="179.558" />
<gc-start id="1150" type="global mark phase" contextid="1149" timestamp="2019-06-15T05:01:41.626">
  <mem-info id="1151" free="6291456" total="24117248" percent="26">
    <remembered-set count="6976" freebytes="934784" totalbytes="962688" percent="97" regionsoverflowed="0" regionsstable="0" regionsrebuilding="0"/>
  </mem-info>
</gc-start>
<gc-op id="1152" type="mark increment" timems="0.477" contextid="1149" timestamp="2019-06-15T05:01:41.627">
  <trace-info objectcount="288" scancount="0" scanbytes="0" />
</gc-op>
<gc-end id="1153" type="global mark phase" contextid="1149" durationms="0.590" usertimems="0.000" systemtimems="0.000" timestamp="2019-06-15T05:01:41.627" activeThreads="1">
  <mem-info id="1154" free="6291456" total="24117248" percent="26">
    <remembered-set count="6976" freebytes="934784" totalbytes="962688" percent="97" regionsoverflowed="0" regionsstable="0" regionsrebuilding="0"/>
  </mem-info>
</gc-end>
<concurrent-start id="1155" type="GMP work packet processing" contextid="1149" timestamp="2019-06-15T05:01:41.627">
  <concurrent-mark-start scanTarget="18446744073709551615" />
</concurrent-start>
<concurrent-end id="1156" type="GMP work packet processing" contextid="1149" timestamp="2019-06-15T05:01:41.628">
  <concurrent-mark-end bytesScanned="1585288" reasonForTermination="Completed all work in GC phase" />
</concurrent-end>

<exclusive-end id="1157" timestamp="2019-06-15T05:01:41.628" durationms="1.925" />

<exclusive-start id="1158" timestamp="2019-06-15T05:01:41.684" intervalms="57.487">
  <response-info timems="0.028" idlems="0.028" threads="0" lastid="0000000001598D00" lastname="Thread-6" />
</exclusive-start>
<allocation-taxation id="1159" taxation-threshold="6291456" timestamp="2019-06-15T05:01:41.684" intervalms="57.419" />
<cycle-start id="1160" type="partial gc" contextid="0" timestamp="2019-06-15T05:01:41.684" intervalms="104.580" />
<gc-start id="1161" type="partial gc" contextid="1160" timestamp="2019-06-15T05:01:41.684">
  <mem-info id="1162" free="0" total="24117248" percent="0">
    <mem type="eden" free="0" total="12582912" percent="0" />
    <remembered-set count="6976" freebytes="934784" totalbytes="962688" percent="97" regionsoverflowed="0" regionsstable="0" regionsrebuilding="0"/>
  </mem-info>
</gc-start>
<allocation-stats totalBytes="12498264" >
  <allocated-bytes non-tlh="24592" tlh="12473672" arrayletleaf="0"/>
  <largest-consumer threadName="Thread-3" threadId="000000000158D900" bytes="2235800" />
</allocation-stats>
<gc-op id="1163" type="mark" timems="0.975" contextid="1160" timestamp="2019-06-15T05:01:41.685">
  <trace-info objectcount="2168" scancount="1720" scanbytes="403272" />
  <cardclean-info objects="1012" bytes="52864" />
  <remembered-set-cleared processed="5408" cleared="316" durationms="0.124" />
  <stringconstants candidates="3932" cleared="0"  />
  <warning details="Mark invoked due to insufficient free space for Copy-Forward" />
</gc-op>
<gc-op id="1164" type="classunload" timems="0.002" contextid="1160" timestamp="2019-06-15T05:01:41.685">
  <classunload-info classloadercandidates="8" classloadersunloaded="0" classesunloaded="0" anonymousclassesunloaded="0" quiescems="0.000" setupms="0.002" scanms="0.000" postms="0.000" />
</gc-op>
<gc-op id="1165" type="sweep" timems="0.548" contextid="1160" timestamp="2019-06-15T05:01:41.686" />
<gc-op id="1166" type="compact" timems="1.094" contextid="1160" timestamp="2019-06-15T05:01:41.688">
  <compact-info movecount="2168" movebytes="895336" />
  <remembered-set-cleared processed="11031" cleared="726" durationms="0.124" />
</gc-op>
<heap-resize id="1167" type="contract" space="default" amount="2097152" count="1" timems="0.215" reason="insufficient time being spent in gc" timestamp="2019-06-15T05:01:41.688" />
<gc-end id="1168" type="partial gc" contextid="1160" durationms="4.154" usertimems="4.000" systemtimems="0.000" timestamp="2019-06-15T05:01:41.688" activeThreads="4">
  <mem-info id="1169" free="9437184" total="22020096" percent="42">
    <mem type="eden" free="153384" total="1048576" percent="14" />
    <remembered-set count="7584" freebytes="932352" totalbytes="962688" percent="96" regionsoverflowed="0" regionsstable="0" regionsrebuilding="0"/>
  </mem-info>
</gc-end>
<cycle-end id="1170" type="partial gc" contextid="1160" timestamp="2019-06-15T05:01:41.688" />
  <attribute name="elasticGC enabled" value="1" />
  <attribute name= "numThreadsSpecified" value="4" />
  <attribute name="heapSize specified" value="0" />
  <attribute name="Current GC Util" value="29" />
  <attribute name= "Current Time Running" value="6932" />
  <attribute name ="GC Interval" value="0" />
  <attribute name="ProportionalT" value="4.500000" />
  <attribute name="ProportionalI" value="4.500000" />
  <attribute name="ProportionalH" value="4.500000" />
  <attribute name="Current Error" value="9.000000" />
  <attribute name="IntegralT" value="9.000000" />
  <attribute name="IntegralI" value="9.000000" />
  <attribute name="IntegralH" value="9.000000" />
  <attribute name="DerivativeT" value="13.500000" />
  <attribute name="DerivativeI" value="13.500000" />
  <attribute name="DerivativeH" value="13.500000" />
  <attribute name="Loop Time for DT" value="1.000000" />
  <attribute name="Output H" value="8388608"/>
  <attribute name="Output I" value="200"/>
  <attribute name="Output T" value="4"/>
  <attribute name="Target GC Util Change" value ="20.000000" />
  <attribute name="Current GC Util Change" value="29.000000"/>
  <attribute name="GC Util currently" value="29" />
  <attribute name="CPU Util currently" value="5844738880322" />
<exclusive-end id="1171" timestamp="2019-06-15T05:01:41.688" durationms="4.884" />

<exclusive-start id="1172" timestamp="2019-06-15T05:01:41.712" intervalms="28.144">
  <response-info timems="0.039" idlems="0.039" threads="0" lastid="0000000001598D00" lastname="Thread-6" />
</exclusive-start>
<allocation-taxation id="1173" taxation-threshold="4194304" timestamp="2019-06-15T05:01:41.712" intervalms="28.133" />
<gc-start id="1174" type="global mark phase" contextid="1149" timestamp="2019-06-15T05:01:41.712">
  <mem-info id="1175" free="5242880" total="22020096" percent="23">
    <remembered-set count="7296" freebytes="933504" totalbytes="962688" percent="96" regionsoverflowed="0" regionsstable="0" regionsrebuilding="0"/>
  </mem-info>
</gc-start>
<gc-op id="1176" type="mark increment" timems="0.965" contextid="1149" timestamp="2019-06-15T05:01:41.713">
  <trace-info objectcount="2089" scancount="1677" scanbytes="436124" />
  <cardclean-info objects="1337" bytes="102408" />
  <finalization candidates="25" enqueued="0" />
  <references type="soft" candidates="61" cleared="0" enqueued="0" dynamicThreshold="13" maxThreshold="32" />
  <references type="weak" candidates="266" cleared="0" enqueued="0" />
  <references type="phantom" candidates="97" cleared="0" enqueued="0" />
  <stringconstants candidates="3932" cleared="0"  />
</gc-op>
<gc-op id="1177" type="classunload" timems="0.002" contextid="1149" timestamp="2019-06-15T05:01:41.713">
  <classunload-info classloadercandidates="8" classloadersunloaded="0" classesunloaded="0" anonymousclassesunloaded="0" quiescems="0.000" setupms="0.002" scanms="0.000" postms="0.000" />
</gc-op>
<gc-end id="1178" type="global mark phase" contextid="1149" durationms="1.279" usertimems="0.000" systemtimems="0.000" timestamp="2019-06-15T05:01:41.713" activeThreads="1">
  <mem-info id="1179" free="5242880" total="22020096" percent="23">
    <remembered-set count="7296" freebytes="933504" totalbytes="962688" percent="96" regionsoverflowed="0" regionsstable="0" regionsrebuilding="0"/>
  </mem-info>
</gc-end>
<cycle-end id="1180" type="global mark phase" contextid="1149" timestamp="2019-06-15T05:01:41.713" />
  <attribute name="elasticGC enabled" value="1" />
  <attribute name= "numThreadsSpecified" value="1" />
  <attribute name="heapSize specified" value="0" />
  <attribute name="Current GC Util" value="125" />
  <attribute name= "Current Time Running" value="6958" />
  <attribute name ="GC Interval" value="0" />
  <attribute name="ProportionalT" value="52.500000" />
  <attribute name="ProportionalI" value="52.500000" />
  <attribute name="ProportionalH" value="52.500000" />
  <attribute name="Current Error" value="105.000000" />
  <attribute name="IntegralT" value="0.000000" />
  <attribute name="IntegralI" value="0.000000" />
  <attribute name="IntegralH" value="0.000000" />
  <attribute name="DerivativeT" value="inf" />
  <attribute name="DerivativeI" value="inf" />
  <attribute name="DerivativeH" value="inf" />
  <attribute name="Loop Time for DT" value="0.000000" />
  <attribute name="Output H" value="8388608"/>
  <attribute name="Output I" value="200"/>
  <attribute name="Output T" value="1"/>
  <attribute name="Target GC Util Change" value ="20.000000" />
  <attribute name="Current GC Util Change" value="125.000000"/>
  <attribute name="GC Util currently" value="125" />
  <attribute name="CPU Util currently" value="22235923239764" />
<exclusive-end id="1181" timestamp="2019-06-15T05:01:41.713" durationms="1.701" />

<exclusive-start id="1182" timestamp="2019-06-15T05:01:41.757" intervalms="45.119">
  <response-info timems="0.032" idlems="0.032" threads="0" lastid="0000000001595100" lastname="Thread-5" />
</exclusive-start>
<allocation-taxation id="1183" taxation-threshold="4194304" timestamp="2019-06-15T05:01:41.757" intervalms="45.130" />
<cycle-start id="1184" type="partial gc" contextid="0" timestamp="2019-06-15T05:01:41.757" intervalms="73.261" />
<gc-start id="1185" type="partial gc" contextid="1184" timestamp="2019-06-15T05:01:41.757">
  <mem-info id="1186" free="1048576" total="22020096" percent="4">
    <mem type="eden" free="0" total="8388608" percent="0" />
    <remembered-set count="7296" freebytes="933504" totalbytes="962688" percent="96" regionsoverflowed="0" regionsstable="0" regionsrebuilding="0"/>
  </mem-info>
</gc-start>
<allocation-stats totalBytes="8355208" >
  <allocated-bytes non-tlh="0" tlh="8355208" arrayletleaf="0"/>
  <largest-consumer threadName="Thread-3" threadId="000000000158D900" bytes="1654328" />
</allocation-stats>
<gc-op id="1187" type="sweep" timems="0.450" contextid="1184" timestamp="2019-06-15T05:01:41.758" />
<gc-op id="1188" type="copy forward" timems="1.467" contextid="1184" timestamp="2019-06-15T05:01:41.760">
  <memory-copied type="eden" objects="2700" bytes="999400" bytesdiscarded="0" />
  <memory-copied type="other" objects="0" bytes="0" bytesdiscarded="0" />
  <memory-cardclean objects="1012" bytes="53024" />
  <regions eden="4" other="5" />
  <remembered-set-cleared processed="5505" cleared="403" durationms="0.102" />
  <references type="weak" candidates="1" cleared="0" enqueued="0" />
  <references type="phantom" candidates="1" cleared="0" enqueued="0" />
  <stringconstants candidates="3932" cleared="0"  />
</gc-op>
<gc-op id="1189" type="classunload" timems="0.002" contextid="1184" timestamp="2019-06-15T05:01:41.760">
  <classunload-info classloadercandidates="8" classloadersunloaded="0" classesunloaded="0" anonymousclassesunloaded="0" quiescems="0.000" setupms="0.001" scanms="0.000" postms="0.000" />
</gc-op>
<gc-end id="1190" type="partial gc" contextid="1184" durationms="3.085" usertimems="0.000" systemtimems="0.000" timestamp="2019-06-15T05:01:41.760" activeThreads="1">
  <mem-info id="1191" free="10485760" total="22020096" percent="47">
    <mem type="eden" free="49112" total="1048576" percent="4" />
    <remembered-set count="6432" freebytes="853248" totalbytes="878976" percent="97" regionsoverflowed="0" regionsstable="0" regionsrebuilding="0"/>
  </mem-info>
</gc-end>
<cycle-end id="1192" type="partial gc" contextid="1184" timestamp="2019-06-15T05:01:41.760" />
  <attribute name="elasticGC enabled" value="1" />
  <attribute name= "numThreadsSpecified" value="1" />
  <attribute name="heapSize specified" value="0" />
  <attribute name="Current GC Util" value="47" />
  <attribute name= "Current Time Running" value="7004" />
  <attribute name ="GC Interval" value="0" />
  <attribute name="ProportionalT" value="13.500000" />
  <attribute name="ProportionalI" value="13.500000" />
  <attribute name="ProportionalH" value="13.500000" />
  <attribute name="Current Error" value="27.000000" />
  <attribute name="IntegralT" value="0.000000" />
  <attribute name="IntegralI" value="0.000000" />
  <attribute name="IntegralH" value="0.000000" />
  <attribute name="DerivativeT" value="inf" />
  <attribute name="DerivativeI" value="inf" />
  <attribute name="DerivativeH" value="inf" />
  <attribute name="Loop Time for DT" value="0.000000" />
  <attribute name="Output H" value="8388608"/>
  <attribute name="Output I" value="200"/>
  <attribute name="Output T" value="1"/>
  <attribute name="Target GC Util Change" value ="20.000000" />
  <attribute name="Current GC Util Change" value="47.000000"/>
  <attribute name="GC Util currently" value="47" />
  <attribute name="CPU Util currently" value="16936608290546" />
<exclusive-end id="1193" timestamp="2019-06-15T05:01:41.761" durationms="3.777" />

<exclusive-start id="1194" timestamp="2019-06-15T05:01:41.792" intervalms="35.322">
  <response-info timems="0.029" idlems="0.029" threads="0" lastid="0000000001595100" lastname="Thread-5" />
</exclusive-start>
<allocation-taxation id="1195" taxation-threshold="5242880" timestamp="2019-06-15T05:01:41.792" intervalms="35.357" />
<cycle-start id="1196" type="global mark phase" contextid="0" timestamp="2019-06-15T05:01:41.792" intervalms="166.037" />
<gc-start id="1197" type="global mark phase" contextid="1196" timestamp="2019-06-15T05:01:41.792">
  <mem-info id="1198" free="5242880" total="22020096" percent="23">
    <remembered-set count="6016" freebytes="854912" totalbytes="878976" percent="97" regionsoverflowed="0" regionsstable="0" regionsrebuilding="0"/>
  </mem-info>
</gc-start>
<gc-op id="1199" type="mark increment" timems="0.503" contextid="1196" timestamp="2019-06-15T05:01:41.793">
  <trace-info objectcount="293" scancount="0" scanbytes="0" />
</gc-op>
<gc-end id="1200" type="global mark phase" contextid="1196" durationms="0.611" usertimems="0.000" systemtimems="0.000" timestamp="2019-06-15T05:01:41.793" activeThreads="1">
  <mem-info id="1201" free="5242880" total="22020096" percent="23">
    <remembered-set count="6016" freebytes="854912" totalbytes="878976" percent="97" regionsoverflowed="0" regionsstable="0" regionsrebuilding="0"/>
  </mem-info>
</gc-end>
<concurrent-start id="1202" type="GMP work packet processing" contextid="1196" timestamp="2019-06-15T05:01:41.793">
  <concurrent-mark-start scanTarget="18446744073709551615" />
</concurrent-start>
<exclusive-end id="1203" timestamp="2019-06-15T05:01:41.794" durationms="1.843" />

<concurrent-end id="1204" type="GMP work packet processing" contextid="1196" timestamp="2019-06-15T05:01:41.794">
  <concurrent-mark-end bytesScanned="1500124" reasonForTermination="Completed all work in GC phase" />
</concurrent-end>

<exclusive-start id="1205" timestamp="2019-06-15T05:01:41.843" intervalms="50.399">
  <response-info timems="0.052" idlems="0.052" threads="0" lastid="0000000001591500" lastname="Thread-4" />
</exclusive-start>
<allocation-taxation id="1206" taxation-threshold="5242880" timestamp="2019-06-15T05:01:41.843" intervalms="50.359" />
<cycle-start id="1207" type="partial gc" contextid="0" timestamp="2019-06-15T05:01:41.843" intervalms="85.726" />
<gc-start id="1208" type="partial gc" contextid="1207" timestamp="2019-06-15T05:01:41.843">
  <mem-info id="1209" free="0" total="22020096" percent="0">
    <mem type="eden" free="0" total="10485760" percent="0" />
    <remembered-set count="6016" freebytes="854912" totalbytes="878976" percent="97" regionsoverflowed="0" regionsstable="0" regionsrebuilding="0"/>
  </mem-info>
</gc-start>
<allocation-stats totalBytes="10444240" >
  <allocated-bytes non-tlh="0" tlh="10444240" arrayletleaf="0"/>
  <largest-consumer threadName="Thread-3" threadId="000000000158D900" bytes="1719408" />
</allocation-stats>
<gc-op id="1210" type="mark" timems="0.942" contextid="1207" timestamp="2019-06-15T05:01:41.844">
  <trace-info objectcount="2115" scancount="1674" scanbytes="334260" />
  <cardclean-info objects="1012" bytes="52864" />
  <remembered-set-cleared processed="5470" cleared="368" durationms="0.102" />
  <stringconstants candidates="3932" cleared="0"  />
  <warning details="Mark invoked due to insufficient free space for Copy-Forward" />
</gc-op>
<gc-op id="1211" type="classunload" timems="0.002" contextid="1207" timestamp="2019-06-15T05:01:41.844">
  <classunload-info classloadercandidates="8" classloadersunloaded="0" classesunloaded="0" anonymousclassesunloaded="0" quiescems="0.000" setupms="0.002" scanms="0.000" postms="0.000" />
</gc-op>
<gc-op id="1212" type="sweep" timems="0.429" contextid="1207" timestamp="2019-06-15T05:01:41.845" />
<gc-op id="1213" type="compact" timems="0.953" contextid="1207" timestamp="2019-06-15T05:01:41.846">
  <compact-info movecount="2115" movebytes="775752" />
  <remembered-set-cleared processed="11104" cleared="775" durationms="0.102" />
</gc-op>
<gc-end id="1214" type="partial gc" contextid="1207" durationms="3.414" usertimems="4.000" systemtimems="4.000" timestamp="2019-06-15T05:01:41.846" activeThreads="4">
  <mem-info id="1215" free="10485760" total="22020096" percent="47">
    <mem type="eden" free="272824" total="1048576" percent="26" />
    <remembered-set count="7744" freebytes="848000" totalbytes="878976" percent="96" regionsoverflowed="0" regionsstable="0" regionsrebuilding="0"/>
  </mem-info>
</gc-end>
<cycle-end id="1216" type="partial gc" contextid="1207" timestamp="2019-06-15T05:01:41.846" />
  <attribute name="elasticGC enabled" value="1" />
  <attribute name= "numThreadsSpecified" value="4" />
  <attribute name="heapSize specified" value="0" />
  <attribute name="Current GC Util" value="40" />
  <attribute name= "Current Time Running" value="7091" />
  <attribute name ="GC Interval" value="0" />
  <attribute name="ProportionalT" value="10.000000" />
  <attribute name="ProportionalI" value="10.000000" />
  <attribute name="ProportionalH" value="10.000000" />
  <attribute name="Current Error" value="20.000000" />
  <attribute name="IntegralT" value="20.000000" />
  <attribute name="IntegralI" value="20.000000" />
  <attribute name="IntegralH" value="20.000000" />
  <attribute name="DerivativeT" value="30.000000" />
  <attribute name="DerivativeI" value="30.000000" />
  <attribute name="DerivativeH" value="30.000000" />
  <attribute name="Loop Time for DT" value="1.000000" />
  <attribute name="Output H" value="8388608"/>
  <attribute name="Output I" value="200"/>
  <attribute name="Output T" value="4"/>
  <attribute name="Target GC Util Change" value ="20.000000" />
  <attribute name="Current GC Util Change" value="40.000000"/>
  <attribute name="GC Util currently" value="40" />
  <attribute name="CPU Util currently" value="7095229022705" />
<exclusive-end id="1217" timestamp="2019-06-15T05:01:41.847" durationms="3.977" />

<exclusive-start id="1218" timestamp="2019-06-15T05:01:41.879" intervalms="35.992">
  <response-info timems="0.042" idlems="0.042" threads="0" lastid="0000000001598D00" lastname="Thread-6" />
</exclusive-start>
<allocation-taxation id="1219" taxation-threshold="5242880" timestamp="2019-06-15T05:01:41.879" intervalms="35.995" />
<gc-start id="1220" type="global mark phase" contextid="1196" timestamp="2019-06-15T05:01:41.879">
  <mem-info id="1221" free="5242880" total="22020096" percent="23">
    <remembered-set count="7328" freebytes="849664" totalbytes="878976" percent="96" regionsoverflowed="0" regionsstable="0" regionsrebuilding="0"/>
  </mem-info>
</gc-start>
<gc-op id="1222" type="mark increment" timems="1.220" contextid="1196" timestamp="2019-06-15T05:01:41.880">
  <trace-info objectcount="2574" scancount="2079" scanbytes="438256" />
  <cardclean-info objects="1173" bytes="78492" />
  <finalization candidates="25" enqueued="0" />
  <references type="soft" candidates="61" cleared="0" enqueued="0" dynamicThreshold="15" maxThreshold="32" />
  <references type="weak" candidates="266" cleared="0" enqueued="0" />
  <references type="phantom" candidates="96" cleared="0" enqueued="0" />
  <stringconstants candidates="3932" cleared="0"  />
</gc-op>
<gc-op id="1223" type="classunload" timems="0.003" contextid="1196" timestamp="2019-06-15T05:01:41.880">
  <classunload-info classloadercandidates="8" classloadersunloaded="0" classesunloaded="0" anonymousclassesunloaded="0" quiescems="0.000" setupms="0.003" scanms="0.000" postms="0.000" />
</gc-op>
<gc-end id="1224" type="global mark phase" contextid="1196" durationms="1.459" usertimems="0.000" systemtimems="0.000" timestamp="2019-06-15T05:01:41.880" activeThreads="4">
  <mem-info id="1225" free="5242880" total="22020096" percent="23">
    <remembered-set count="7328" freebytes="849664" totalbytes="878976" percent="96" regionsoverflowed="0" regionsstable="0" regionsrebuilding="0"/>
  </mem-info>
</gc-end>
<cycle-end id="1226" type="global mark phase" contextid="1196" timestamp="2019-06-15T05:01:41.880" />
  <attribute name="elasticGC enabled" value="1" />
  <attribute name= "numThreadsSpecified" value="4" />
  <attribute name="heapSize specified" value="0" />
  <attribute name="Current GC Util" value="81" />
  <attribute name= "Current Time Running" value="7125" />
  <attribute name ="GC Interval" value="0" />
  <attribute name="ProportionalT" value="30.500000" />
  <attribute name="ProportionalI" value="30.500000" />
  <attribute name="ProportionalH" value="30.500000" />
  <attribute name="Current Error" value="61.000000" />
  <attribute name="IntegralT" value="0.000000" />
  <attribute name="IntegralI" value="0.000000" />
  <attribute name="IntegralH" value="0.000000" />
  <attribute name="DerivativeT" value="-inf" />
  <attribute name="DerivativeI" value="-inf" />
  <attribute name="DerivativeH" value="-inf" />
  <attribute name="Loop Time for DT" value="0.000000" />
  <attribute name="Output H" value="2091843584"/>
  <attribute name="Output I" value="200"/>
  <attribute name="Output T" value="4"/>
  <attribute name="Target GC Util Change" value ="20.000000" />
  <attribute name="Current GC Util Change" value="81.000000"/>
  <attribute name="GC Util currently" value="81" />
  <attribute name="CPU Util currently" value="15633363869140" />
<exclusive-end id="1227" timestamp="2019-06-15T05:01:41.880" durationms="1.784" />

<exclusive-start id="1228" timestamp="2019-06-15T05:01:41.921" intervalms="42.125">
  <response-info timems="0.026" idlems="0.026" threads="0" lastid="000000000158D900" lastname="Thread-3" />
</exclusive-start>
<allocation-taxation id="1229" taxation-threshold="5242880" timestamp="2019-06-15T05:01:41.921" intervalms="42.131" />
<cycle-start id="1230" type="partial gc" contextid="0" timestamp="2019-06-15T05:01:41.921" intervalms="78.130" />
<gc-start id="1231" type="partial gc" contextid="1230" timestamp="2019-06-15T05:01:41.921">
  <mem-info id="1232" free="0" total="22020096" percent="0">
    <mem type="eden" free="0" total="10485760" percent="0" />
    <remembered-set count="7328" freebytes="849664" totalbytes="878976" percent="96" regionsoverflowed="0" regionsstable="0" regionsrebuilding="0"/>
  </mem-info>
</gc-start>
<allocation-stats totalBytes="10422728" >
  <allocated-bytes non-tlh="0" tlh="10422728" arrayletleaf="0"/>
  <largest-consumer threadName="Thread-3" threadId="000000000158D900" bytes="1621632" />
</allocation-stats>
<gc-op id="1233" type="sweep" timems="0.429" contextid="1230" timestamp="2019-06-15T05:01:41.922" />
<gc-op id="1234" type="copy forward" timems="1.392" contextid="1230" timestamp="2019-06-15T05:01:41.923">
  <memory-copied type="eden" objects="763" bytes="304864" bytesdiscarded="14992" />
  <memory-copied type="other" objects="0" bytes="0" bytesdiscarded="0" />
  <memory-cardclean objects="1012" bytes="53024" />
  <memory-traced type="eden" objects="1414" bytes="160936" />
  <memory-traced type="other" objects="0" bytes="0" />
  <regions eden="5" other="5" evacuated="8" marked="2" />
  <remembered-set-cleared processed="5500" cleared="388" durationms="0.083" />
  <stringconstants candidates="3932" cleared="0"  />
  <heap-resize type="expand" space="default" amount="1048576" count="1" timems="0.055" reason="continue current collection" />
</gc-op>
<gc-op id="1235" type="classunload" timems="0.002" contextid="1230" timestamp="2019-06-15T05:01:41.924">
  <classunload-info classloadercandidates="8" classloadersunloaded="0" classesunloaded="0" anonymousclassesunloaded="0" quiescems="0.000" setupms="0.002" scanms="0.000" postms="0.000" />
</gc-op>
<gc-op id="1236" type="sweep" timems="0.369" contextid="1230" timestamp="2019-06-15T05:01:41.924" />
<gc-op id="1237" type="compact" timems="1.233" contextid="1230" timestamp="2019-06-15T05:01:41.925">
  <compact-info movecount="1800" movebytes="705472" />
  <remembered-set-cleared processed="11161" cleared="742" durationms="0.083" />
</gc-op>
<gc-end id="1238" type="partial gc" contextid="1230" durationms="4.630" usertimems="0.000" systemtimems="4.000" timestamp="2019-06-15T05:01:41.926" activeThreads="4">
  <mem-info id="1239" free="9437184" total="23068672" percent="40">
    <mem type="eden" free="2120384" total="3145728" percent="67" />
    <remembered-set count="7296" freebytes="891648" totalbytes="920832" percent="96" regionsoverflowed="0" regionsstable="0" regionsrebuilding="0"/>
  </mem-info>
</gc-end>
<cycle-end id="1240" type="partial gc" contextid="1230" timestamp="2019-06-15T05:01:41.926" />
  <attribute name="elasticGC enabled" value="1" />
  <attribute name= "numThreadsSpecified" value="4" />
  <attribute name="heapSize specified" value="0" />
  <attribute name="Current GC Util" value="34" />
  <attribute name= "Current Time Running" value="7170" />
  <attribute name ="GC Interval" value="0" />
  <attribute name="ProportionalT" value="7.000000" />
  <attribute name="ProportionalI" value="7.000000" />
  <attribute name="ProportionalH" value="7.000000" />
  <attribute name="Current Error" value="14.000000" />
  <attribute name="IntegralT" value="14.000000" />
  <attribute name="IntegralI" value="14.000000" />
  <attribute name="IntegralH" value="14.000000" />
  <attribute name="DerivativeT" value="-133.500000" />
  <attribute name="DerivativeI" value="-133.500000" />
  <attribute name="DerivativeH" value="-133.500000" />
  <attribute name="Loop Time for DT" value="1.000000" />
  <attribute name="Output H" value="2091843584"/>
  <attribute name="Output I" value="200"/>
  <attribute name="Output T" value="4"/>
  <attribute name="Target GC Util Change" value ="20.000000" />
  <attribute name="Current GC Util Change" value="34.000000"/>
  <attribute name="GC Util currently" value="34" />
  <attribute name="CPU Util currently" value="8837017605592" />
<exclusive-end id="1241" timestamp="2019-06-15T05:01:41.926" durationms="5.191" />

<exclusive-start id="1242" timestamp="2019-06-15T05:01:41.953" intervalms="32.083">
  <response-info timems="0.042" idlems="0.042" threads="0" lastid="0000000001595100" lastname="Thread-5" />
</exclusive-start>
<allocation-taxation id="1243" taxation-threshold="4194304" timestamp="2019-06-15T05:01:41.953" intervalms="32.074" />
<cycle-start id="1244" type="global mark phase" contextid="0" timestamp="2019-06-15T05:01:41.953" intervalms="160.559" />
<gc-start id="1245" type="global mark phase" contextid="1244" timestamp="2019-06-15T05:01:41.953">
  <mem-info id="1246" free="5242880" total="23068672" percent="22">
    <remembered-set count="6848" freebytes="893440" totalbytes="920832" percent="97" regionsoverflowed="0" regionsstable="0" regionsrebuilding="0"/>
  </mem-info>
</gc-start>
<gc-op id="1247" type="mark increment" timems="0.475" contextid="1244" timestamp="2019-06-15T05:01:41.954">
  <trace-info objectcount="282" scancount="0" scanbytes="0" />
</gc-op>
<gc-end id="1248" type="global mark phase" contextid="1244" durationms="0.585" usertimems="4.000" systemtimems="0.000" timestamp="2019-06-15T05:01:41.954" activeThreads="1">
  <mem-info id="1249" free="5242880" total="23068672" percent="22">
    <remembered-set count="6848" freebytes="893440" totalbytes="920832" percent="97" regionsoverflowed="0" regionsstable="0" regionsrebuilding="0"/>
  </mem-info>
</gc-end>
<concurrent-start id="1250" type="GMP work packet processing" contextid="1244" timestamp="2019-06-15T05:01:41.954">
  <concurrent-mark-start scanTarget="18446744073709551615" />
</concurrent-start>
<exclusive-end id="1251" timestamp="2019-06-15T05:01:41.956" durationms="2.844" />

<concurrent-end id="1252" type="GMP work packet processing" contextid="1244" timestamp="2019-06-15T05:01:41.956">
  <concurrent-mark-end bytesScanned="1586924" reasonForTermination="Completed all work in GC phase" />
</concurrent-end>

<exclusive-start id="1253" timestamp="2019-06-15T05:01:41.990" intervalms="36.925">
  <response-info timems="0.037" idlems="0.037" threads="0" lastid="0000000001595100" lastname="Thread-5" />
</exclusive-start>
<allocation-taxation id="1254" taxation-threshold="4194304" timestamp="2019-06-15T05:01:41.990" intervalms="36.931" />
<cycle-start id="1255" type="partial gc" contextid="0" timestamp="2019-06-15T05:01:41.990" intervalms="69.003" />
<gc-start id="1256" type="partial gc" contextid="1255" timestamp="2019-06-15T05:01:41.990">
  <mem-info id="1257" free="1048576" total="23068672" percent="4">
    <mem type="eden" free="0" total="8388608" percent="0" />
    <remembered-set count="6848" freebytes="893440" totalbytes="920832" percent="97" regionsoverflowed="0" regionsstable="0" regionsrebuilding="0"/>
  </mem-info>
</gc-start>
<allocation-stats totalBytes="8305528" >
  <allocated-bytes non-tlh="65552" tlh="8239976" arrayletleaf="0"/>
  <largest-consumer threadName="Thread-3" threadId="000000000158D900" bytes="1437776" />
</allocation-stats>
<gc-op id="1258" type="copy forward" timems="1.387" contextid="1255" timestamp="2019-06-15T05:01:41.992">
  <memory-copied type="eden" objects="2707" bytes="979216" bytesdiscarded="0" />
  <memory-copied type="other" objects="4" bytes="144" bytesdiscarded="0" />
  <memory-cardclean objects="1012" bytes="53024" />
  <regions eden="8" other="3" />
  <remembered-set-cleared processed="5517" cleared="395" durationms="0.102" />
  <stringconstants candidates="3932" cleared="0"  />
  <heap-resize type="expand" space="default" amount="1048576" count="1" timems="0.053" reason="continue current collection" />
</gc-op>
<gc-op id="1259" type="classunload" timems="0.002" contextid="1255" timestamp="2019-06-15T05:01:41.992">
  <classunload-info classloadercandidates="8" classloadersunloaded="0" classesunloaded="0" anonymousclassesunloaded="0" quiescems="0.000" setupms="0.002" scanms="0.000" postms="0.000" />
</gc-op>
<gc-op id="1260" type="compact" timems="0.794" contextid="1255" timestamp="2019-06-15T05:01:41.993">
  <compact-info movecount="0" movebytes="0" />
  <remembered-set-cleared processed="11031" cleared="395" durationms="0.102" />
</gc-op>
<gc-end id="1261" type="partial gc" contextid="1255" durationms="3.155" usertimems="4.000" systemtimems="0.000" timestamp="2019-06-15T05:01:41.993" activeThreads="4">
  <mem-info id="1262" free="11534336" total="24117248" percent="47">
    <mem type="eden" free="69296" total="1048576" percent="6" />
    <remembered-set count="6016" freebytes="938624" totalbytes="962688" percent="97" regionsoverflowed="0" regionsstable="0" regionsrebuilding="0"/>
  </mem-info>
</gc-end>
<cycle-end id="1263" type="partial gc" contextid="1255" timestamp="2019-06-15T05:01:41.993" />
  <attribute name="elasticGC enabled" value="1" />
  <attribute name= "numThreadsSpecified" value="4" />
  <attribute name="heapSize specified" value="0" />
  <attribute name="Current GC Util" value="0" />
  <attribute name= "Current Time Running" value="7238" />
  <attribute name ="GC Interval" value="0" />
  <attribute name="ProportionalT" value="-10.000000" />
  <attribute name="ProportionalI" value="-10.000000" />
  <attribute name="ProportionalH" value="-10.000000" />
  <attribute name="Current Error" value="-20.000000" />
  <attribute name="IntegralT" value="-40.000000" />
  <attribute name="IntegralI" value="-40.000000" />
  <attribute name="IntegralH" value="-40.000000" />
  <attribute name="DerivativeT" value="-65.250000" />
  <attribute name="DerivativeI" value="-65.250000" />
  <attribute name="DerivativeH" value="-65.250000" />
  <attribute name="Loop Time for DT" value="2.000000" />
  <attribute name="Output H" value="2091843584"/>
  <attribute name="Output I" value="200"/>
  <attribute name="Output T" value="4"/>
  <attribute name="Target GC Util Change" value ="20.000000" />
  <attribute name="Current GC Util Change" value="0.000000"/>
  <attribute name="GC Util currently" value="0" />
  <attribute name="CPU Util currently" value="2719042260946" />
<exclusive-end id="1264" timestamp="2019-06-15T05:01:41.994" durationms="3.809" />

<exclusive-start id="1265" timestamp="2019-06-15T05:01:42.028" intervalms="38.015">
  <response-info timems="0.045" idlems="0.045" threads="0" lastid="0000000001598D00" lastname="Thread-6" />
</exclusive-start>
<allocation-taxation id="1266" taxation-threshold="5242880" timestamp="2019-06-15T05:01:42.028" intervalms="38.010" />
<gc-start id="1267" type="global mark phase" contextid="1244" timestamp="2019-06-15T05:01:42.028">
  <mem-info id="1268" free="6291456" total="24117248" percent="26">
    <remembered-set count="6016" freebytes="938624" totalbytes="962688" percent="97" regionsoverflowed="0" regionsstable="0" regionsrebuilding="0"/>
  </mem-info>
</gc-start>
<gc-op id="1269" type="mark increment" timems="1.029" contextid="1244" timestamp="2019-06-15T05:01:42.029">
  <trace-info objectcount="2338" scancount="1916" scanbytes="461464" />
  <cardclean-info objects="1261" bytes="116964" />
  <finalization candidates="25" enqueued="0" />
  <references type="soft" candidates="61" cleared="0" enqueued="0" dynamicThreshold="15" maxThreshold="32" />
  <references type="weak" candidates="266" cleared="0" enqueued="0" />
  <references type="phantom" candidates="97" cleared="0" enqueued="0" />
  <stringconstants candidates="3932" cleared="0"  />
</gc-op>
<gc-op id="1270" type="classunload" timems="0.002" contextid="1244" timestamp="2019-06-15T05:01:42.029">
  <classunload-info classloadercandidates="8" classloadersunloaded="0" classesunloaded="0" anonymousclassesunloaded="0" quiescems="0.000" setupms="0.002" scanms="0.000" postms="0.000" />
</gc-op>
<gc-end id="1271" type="global mark phase" contextid="1244" durationms="1.254" usertimems="4.000" systemtimems="0.000" timestamp="2019-06-15T05:01:42.029" activeThreads="4">
  <mem-info id="1272" free="6291456" total="24117248" percent="26">
    <remembered-set count="6016" freebytes="938624" totalbytes="962688" percent="97" regionsoverflowed="0" regionsstable="0" regionsrebuilding="0"/>
  </mem-info>
</gc-end>
<cycle-end id="1273" type="global mark phase" contextid="1244" timestamp="2019-06-15T05:01:42.029" />
  <attribute name="elasticGC enabled" value="1" />
  <attribute name= "numThreadsSpecified" value="4" />
  <attribute name="heapSize specified" value="0" />
  <attribute name="Current GC Util" value="131" />
  <attribute name= "Current Time Running" value="7274" />
  <attribute name ="GC Interval" value="0" />
  <attribute name="ProportionalT" value="55.500000" />
  <attribute name="ProportionalI" value="55.500000" />
  <attribute name="ProportionalH" value="55.500000" />
  <attribute name="Current Error" value="111.000000" />
  <attribute name="IntegralT" value="0.000000" />
  <attribute name="IntegralI" value="0.000000" />
  <attribute name="IntegralH" value="0.000000" />
  <attribute name="DerivativeT" value="-inf" />
  <attribute name="DerivativeI" value="-inf" />
  <attribute name="DerivativeH" value="-inf" />
  <attribute name="Loop Time for DT" value="0.000000" />
  <attribute name="Output H" value="2091843584"/>
  <attribute name="Output I" value="200"/>
  <attribute name="Output T" value="4"/>
  <attribute name="Target GC Util Change" value ="20.000000" />
  <attribute name="Current GC Util Change" value="131.000000"/>
  <attribute name="GC Util currently" value="131" />
  <attribute name="CPU Util currently" value="21027969319549" />
<exclusive-end id="1274" timestamp="2019-06-15T05:01:42.029" durationms="1.563" />

<exclusive-start id="1275" timestamp="2019-06-15T05:01:42.069" intervalms="40.863">
  <response-info timems="0.038" idlems="0.038" threads="0" lastid="0000000001598D00" lastname="Thread-6" />
</exclusive-start>
<allocation-taxation id="1276" taxation-threshold="5242880" timestamp="2019-06-15T05:01:42.069" intervalms="40.864" />
<cycle-start id="1277" type="partial gc" contextid="0" timestamp="2019-06-15T05:01:42.069" intervalms="78.863" />
<gc-start id="1278" type="partial gc" contextid="1277" timestamp="2019-06-15T05:01:42.069">
  <mem-info id="1279" free="1048576" total="24117248" percent="4">
    <mem type="eden" free="0" total="10485760" percent="0" />
    <remembered-set count="6016" freebytes="938624" totalbytes="962688" percent="97" regionsoverflowed="0" regionsstable="0" regionsrebuilding="0"/>
  </mem-info>
</gc-start>
<allocation-stats totalBytes="10402224" >
  <allocated-bytes non-tlh="229432" tlh="10172792" arrayletleaf="0"/>
  <largest-consumer threadName="Thread-6" threadId="0000000001598D00" bytes="2108320" />
</allocation-stats>
<gc-op id="1280" type="sweep" timems="0.362" contextid="1277" timestamp="2019-06-15T05:01:42.069" />
<gc-op id="1281" type="copy forward" timems="1.341" contextid="1277" timestamp="2019-06-15T05:01:42.071">
  <memory-copied type="eden" objects="2144" bytes="856528" bytesdiscarded="90705" />
  <memory-copied type="other" objects="6" bytes="200" bytesdiscarded="7" />
  <memory-cardclean objects="1012" bytes="53024" />
  <regions eden="5" other="5" />
  <remembered-set-cleared processed="5502" cleared="371" durationms="0.073" />
  <stringconstants candidates="3932" cleared="0"  />
  <heap-resize type="expand" space="default" amount="1048576" count="1" timems="0.053" reason="continue current collection" />
</gc-op>
<gc-op id="1282" type="classunload" timems="0.001" contextid="1277" timestamp="2019-06-15T05:01:42.071">
  <classunload-info classloadercandidates="8" classloadersunloaded="0" classesunloaded="0" anonymousclassesunloaded="0" quiescems="0.000" setupms="0.001" scanms="0.000" postms="0.000" />
</gc-op>
<gc-end id="1283" type="partial gc" contextid="1277" durationms="2.636" usertimems="4.000" systemtimems="0.000" timestamp="2019-06-15T05:01:42.072" activeThreads="4">
  <mem-info id="1284" free="10485760" total="25165824" percent="41">
    <mem type="eden" free="1149800" total="2097152" percent="54" />
    <remembered-set count="7456" freebytes="974720" totalbytes="1004544" percent="97" regionsoverflowed="0" regionsstable="0" regionsrebuilding="0"/>
  </mem-info>
</gc-end>
<cycle-end id="1285" type="partial gc" contextid="1277" timestamp="2019-06-15T05:01:42.072" />
  <attribute name="elasticGC enabled" value="1" />
  <attribute name= "numThreadsSpecified" value="4" />
  <attribute name="heapSize specified" value="0" />
  <attribute name="Current GC Util" value="0" />
  <attribute name= "Current Time Running" value="7315" />
  <attribute name ="GC Interval" value="0" />
  <attribute name="ProportionalT" value="-10.000000" />
  <attribute name="ProportionalI" value="-10.000000" />
  <attribute name="ProportionalH" value="-10.000000" />
  <attribute name="Current Error" value="-20.000000" />
  <attribute name="IntegralT" value="0.000000" />
  <attribute name="IntegralI" value="0.000000" />
  <attribute name="IntegralH" value="0.000000" />
  <attribute name="DerivativeT" value="-inf" />
  <attribute name="DerivativeI" value="-inf" />
  <attribute name="DerivativeH" value="-inf" />
  <attribute name="Loop Time for DT" value="0.000000" />
  <attribute name="Output H" value="2091843584"/>
  <attribute name="Output I" value="200"/>
  <attribute name="Output T" value="4"/>
  <attribute name="Target GC Util Change" value ="20.000000" />
  <attribute name="Current GC Util Change" value="0.000000"/>
  <attribute name="GC Util currently" value="0" />
  <attribute name="CPU Util currently" value="33627577711549" />
<exclusive-end id="1286" timestamp="2019-06-15T05:01:42.072" durationms="3.375" />

<exclusive-start id="1287" timestamp="2019-06-15T05:01:42.118" intervalms="49.650">
  <response-info timems="0.045" idlems="0.045" threads="0" lastid="0000000001591500" lastname="Thread-4" />
</exclusive-start>
<allocation-taxation id="1288" taxation-threshold="5242880" timestamp="2019-06-15T05:01:42.118" intervalms="49.632" />
<cycle-start id="1289" type="global mark phase" contextid="0" timestamp="2019-06-15T05:01:42.118" intervalms="165.431" />
<gc-start id="1290" type="global mark phase" contextid="1289" timestamp="2019-06-15T05:01:42.118">
  <mem-info id="1291" free="5242880" total="25165824" percent="20">
    <remembered-set count="7040" freebytes="976384" totalbytes="1004544" percent="97" regionsoverflowed="0" regionsstable="0" regionsrebuilding="0"/>
  </mem-info>
</gc-start>
<gc-op id="1292" type="mark increment" timems="0.454" contextid="1289" timestamp="2019-06-15T05:01:42.119">
  <trace-info objectcount="314" scancount="0" scanbytes="0" />
</gc-op>
<gc-end id="1293" type="global mark phase" contextid="1289" durationms="0.570" usertimems="0.000" systemtimems="4.000" timestamp="2019-06-15T05:01:42.119" activeThreads="1">
  <mem-info id="1294" free="5242880" total="25165824" percent="20">
    <remembered-set count="7040" freebytes="976384" totalbytes="1004544" percent="97" regionsoverflowed="0" regionsstable="0" regionsrebuilding="0"/>
  </mem-info>
</gc-end>
<concurrent-start id="1295" type="GMP work packet processing" contextid="1289" timestamp="2019-06-15T05:01:42.119">
  <concurrent-mark-start scanTarget="18446744073709551615" />
</concurrent-start>
<exclusive-end id="1296" timestamp="2019-06-15T05:01:42.119" durationms="0.968" />

<concurrent-end id="1297" type="GMP work packet processing" contextid="1289" timestamp="2019-06-15T05:01:42.121">
  <concurrent-mark-end bytesScanned="1585960" reasonForTermination="Completed all work in GC phase" />
</concurrent-end>

<exclusive-start id="1298" timestamp="2019-06-15T05:01:42.156" intervalms="37.699">
  <response-info timems="0.031" idlems="0.031" threads="0" lastid="000000000158D900" lastname="Thread-3" />
</exclusive-start>
<allocation-taxation id="1299" taxation-threshold="5242880" timestamp="2019-06-15T05:01:42.156" intervalms="37.717" />
<cycle-start id="1300" type="partial gc" contextid="0" timestamp="2019-06-15T05:01:42.156" intervalms="87.357" />
<gc-start id="1301" type="partial gc" contextid="1300" timestamp="2019-06-15T05:01:42.156">
  <mem-info id="1302" free="0" total="25165824" percent="0">
    <mem type="eden" free="0" total="10485760" percent="0" />
    <remembered-set count="7040" freebytes="976384" totalbytes="1004544" percent="97" regionsoverflowed="0" regionsstable="0" regionsrebuilding="0"/>
  </mem-info>
</gc-start>
<allocation-stats totalBytes="10424264" >
  <allocated-bytes non-tlh="32776" tlh="10391488" arrayletleaf="0"/>
  <largest-consumer threadName="Thread-6" threadId="0000000001598D00" bytes="1799760" />
</allocation-stats>
<gc-op id="1303" type="mark" timems="0.978" contextid="1300" timestamp="2019-06-15T05:01:42.158">
  <trace-info objectcount="2595" scancount="2094" scanbytes="421952" />
  <cardclean-info objects="1012" bytes="52864" />
  <remembered-set-cleared processed="5444" cleared="313" durationms="0.106" />
  <stringconstants candidates="3932" cleared="0"  />
  <warning details="Mark invoked due to insufficient free space for Copy-Forward" />
</gc-op>
<gc-op id="1304" type="classunload" timems="0.002" contextid="1300" timestamp="2019-06-15T05:01:42.158">
  <classunload-info classloadercandidates="8" classloadersunloaded="0" classesunloaded="0" anonymousclassesunloaded="0" quiescems="0.000" setupms="0.001" scanms="0.000" postms="0.000" />
</gc-op>
<gc-op id="1305" type="sweep" timems="0.387" contextid="1300" timestamp="2019-06-15T05:01:42.158" />
<gc-op id="1306" type="compact" timems="0.942" contextid="1300" timestamp="2019-06-15T05:01:42.159">
  <compact-info movecount="2595" movebytes="1017840" />
  <remembered-set-cleared processed="11206" cleared="821" durationms="0.106" />
</gc-op>
<heap-resize id="1307" type="contract" space="default" amount="2097152" count="1" timems="0.180" reason="insufficient time being spent in gc" timestamp="2019-06-15T05:01:42.160" />
<gc-end id="1308" type="partial gc" contextid="1300" durationms="3.729" usertimems="0.000" systemtimems="8.000" timestamp="2019-06-15T05:01:42.160" activeThreads="4">
  <mem-info id="1309" free="8388608" total="23068672" percent="36">
    <mem type="eden" free="30880" total="1048576" percent="2" />
    <remembered-set count="7744" freebytes="973568" totalbytes="1004544" percent="96" regionsoverflowed="0" regionsstable="0" regionsrebuilding="0"/>
  </mem-info>
</gc-end>
<cycle-end id="1310" type="partial gc" contextid="1300" timestamp="2019-06-15T05:01:42.160" />
  <attribute name="elasticGC enabled" value="1" />
  <attribute name= "numThreadsSpecified" value="4" />
  <attribute name="heapSize specified" value="0" />
  <attribute name="Current GC Util" value="34" />
  <attribute name= "Current Time Running" value="7404" />
  <attribute name ="GC Interval" value="0" />
  <attribute name="ProportionalT" value="7.000000" />
  <attribute name="ProportionalI" value="7.000000" />
  <attribute name="ProportionalH" value="7.000000" />
  <attribute name="Current Error" value="14.000000" />
  <attribute name="IntegralT" value="14.000000" />
  <attribute name="IntegralI" value="14.000000" />
  <attribute name="IntegralH" value="14.000000" />
  <attribute name="DerivativeT" value="21.000000" />
  <attribute name="DerivativeI" value="21.000000" />
  <attribute name="DerivativeH" value="21.000000" />
  <attribute name="Loop Time for DT" value="1.000000" />
  <attribute name="Output H" value="8388608"/>
  <attribute name="Output I" value="200"/>
  <attribute name="Output T" value="4"/>
  <attribute name="Target GC Util Change" value ="20.000000" />
  <attribute name="Current GC Util Change" value="34.000000"/>
  <attribute name="GC Util currently" value="34" />
  <attribute name="CPU Util currently" value="7475157037880" />
<exclusive-end id="1311" timestamp="2019-06-15T05:01:42.160" durationms="4.511" />

<exclusive-start id="1312" timestamp="2019-06-15T05:01:42.192" intervalms="35.947">
  <response-info timems="0.049" idlems="0.049" threads="0" lastid="0000000001591500" lastname="Thread-4" />
</exclusive-start>
<allocation-taxation id="1313" taxation-threshold="4194304" timestamp="2019-06-15T05:01:42.192" intervalms="35.930" />
<gc-start id="1314" type="global mark phase" contextid="1289" timestamp="2019-06-15T05:01:42.192">
  <mem-info id="1315" free="4194304" total="23068672" percent="18">
    <remembered-set count="7360" freebytes="975104" totalbytes="1004544" percent="97" regionsoverflowed="0" regionsstable="0" regionsrebuilding="0"/>
  </mem-info>
</gc-start>
<gc-op id="1316" type="mark increment" timems="1.162" contextid="1289" timestamp="2019-06-15T05:01:42.193">
  <trace-info objectcount="2168" scancount="1705" scanbytes="386664" />
  <cardclean-info objects="1202" bytes="95980" />
  <finalization candidates="25" enqueued="0" />
  <references type="soft" candidates="61" cleared="0" enqueued="0" dynamicThreshold="11" maxThreshold="32" />
  <references type="weak" candidates="266" cleared="0" enqueued="0" />
  <references type="phantom" candidates="96" cleared="0" enqueued="0" />
  <stringconstants candidates="3932" cleared="0"  />
</gc-op>
<gc-op id="1317" type="classunload" timems="0.003" contextid="1289" timestamp="2019-06-15T05:01:42.193">
  <classunload-info classloadercandidates="8" classloadersunloaded="0" classesunloaded="0" anonymousclassesunloaded="0" quiescems="0.000" setupms="0.003" scanms="0.000" postms="0.000" />
</gc-op>
<gc-end id="1318" type="global mark phase" contextid="1289" durationms="1.378" usertimems="0.000" systemtimems="4.000" timestamp="2019-06-15T05:01:42.193" activeThreads="4">
  <mem-info id="1319" free="4194304" total="23068672" percent="18">
    <remembered-set count="7360" freebytes="975104" totalbytes="1004544" percent="97" regionsoverflowed="0" regionsstable="0" regionsrebuilding="0"/>
  </mem-info>
</gc-end>
<cycle-end id="1320" type="global mark phase" contextid="1289" timestamp="2019-06-15T05:01:42.193" />
  <attribute name="elasticGC enabled" value="1" />
  <attribute name= "numThreadsSpecified" value="4" />
  <attribute name="heapSize specified" value="0" />
  <attribute name="Current GC Util" value="0" />
  <attribute name= "Current Time Running" value="7438" />
  <attribute name ="GC Interval" value="0" />
  <attribute name="ProportionalT" value="-10.000000" />
  <attribute name="ProportionalI" value="-10.000000" />
  <attribute name="ProportionalH" value="-10.000000" />
  <attribute name="Current Error" value="-20.000000" />
  <attribute name="IntegralT" value="0.000000" />
  <attribute name="IntegralI" value="0.000000" />
  <attribute name="IntegralH" value="0.000000" />
  <attribute name="DerivativeT" value="-inf" />
  <attribute name="DerivativeI" value="-inf" />
  <attribute name="DerivativeH" value="-inf" />
  <attribute name="Loop Time for DT" value="0.000000" />
  <attribute name="Output H" value="2091843584"/>
  <attribute name="Output I" value="200"/>
  <attribute name="Output T" value="4"/>
  <attribute name="Target GC Util Change" value ="20.000000" />
  <attribute name="Current GC Util Change" value="0.000000"/>
  <attribute name="GC Util currently" value="0" />
  <attribute name="CPU Util currently" value="18092847922760" />
<exclusive-end id="1321" timestamp="2019-06-15T05:01:42.194" durationms="1.670" />

<exclusive-start id="1322" timestamp="2019-06-15T05:01:42.226" intervalms="33.956">
  <response-info timems="0.045" idlems="0.045" threads="0" lastid="0000000001595100" lastname="Thread-5" />
</exclusive-start>
<allocation-taxation id="1323" taxation-threshold="4194304" timestamp="2019-06-15T05:01:42.226" intervalms="33.970" />
<cycle-start id="1324" type="partial gc" contextid="0" timestamp="2019-06-15T05:01:42.226" intervalms="69.896" />
<gc-start id="1325" type="partial gc" contextid="1324" timestamp="2019-06-15T05:01:42.226">
  <mem-info id="1326" free="0" total="23068672" percent="0">
    <mem type="eden" free="0" total="8388608" percent="0" />
    <remembered-set count="7360" freebytes="975104" totalbytes="1004544" percent="97" regionsoverflowed="0" regionsstable="0" regionsrebuilding="0"/>
  </mem-info>
</gc-start>
<allocation-stats totalBytes="8298888" >
  <allocated-bytes non-tlh="32776" tlh="8266112" arrayletleaf="0"/>
  <largest-consumer threadName="Thread-6" threadId="0000000001598D00" bytes="1232680" />
</allocation-stats>
<gc-op id="1327" type="sweep" timems="0.355" contextid="1324" timestamp="2019-06-15T05:01:42.227" />
<gc-op id="1328" type="copy forward" timems="2.097" contextid="1324" timestamp="2019-06-15T05:01:42.229">
  <memory-copied type="eden" objects="1443" bytes="640472" bytesdiscarded="63257" />
  <memory-copied type="other" objects="6182" bytes="654384" bytesdiscarded="292079" />
  <memory-cardclean objects="2529" bytes="114136" />
  <regions eden="4" other="7" />
  <remembered-set-cleared processed="4970" cleared="1976" durationms="0.087" />
  <references type="soft" candidates="8" cleared="0" enqueued="0" dynamicThreshold="5" maxThreshold="32" />
  <references type="weak" candidates="29" cleared="0" enqueued="0" />
  <references type="phantom" candidates="31" cleared="0" enqueued="0" />
  <stringconstants candidates="3932" cleared="0"  />
  <heap-resize type="expand" space="default" amount="3145728" count="3" timems="0.490" reason="continue current collection" />
</gc-op>
<gc-op id="1329" type="classunload" timems="0.002" contextid="1324" timestamp="2019-06-15T05:01:42.229">
  <classunload-info classloadercandidates="8" classloadersunloaded="0" classesunloaded="0" anonymousclassesunloaded="0" quiescems="0.000" setupms="0.002" scanms="0.000" postms="0.000" />
</gc-op>
<gc-end id="1330" type="partial gc" contextid="1324" durationms="3.409" usertimems="4.000" systemtimems="0.000" timestamp="2019-06-15T05:01:42.230" activeThreads="4">
  <mem-info id="1331" free="11534336" total="26214400" percent="44">
    <mem type="eden" free="2124840" total="3145728" percent="67" />
    <remembered-set count="6176" freebytes="1021696" totalbytes="1046400" percent="97" regionsoverflowed="0" regionsstable="0" regionsrebuilding="0"/>
  </mem-info>
</gc-end>
<cycle-end id="1332" type="partial gc" contextid="1324" timestamp="2019-06-15T05:01:42.230" />
  <attribute name="elasticGC enabled" value="1" />
  <attribute name= "numThreadsSpecified" value="4" />
  <attribute name="heapSize specified" value="0" />
  <attribute name="Current GC Util" value="0" />
  <attribute name= "Current Time Running" value="7473" />
  <attribute name ="GC Interval" value="0" />
  <attribute name="ProportionalT" value="-10.000000" />
  <attribute name="ProportionalI" value="-10.000000" />
  <attribute name="ProportionalH" value="-10.000000" />
  <attribute name="Current Error" value="-20.000000" />
  <attribute name="IntegralT" value="-20.000000" />
  <attribute name="IntegralI" value="-20.000000" />
  <attribute name="IntegralH" value="-20.000000" />
  <attribute name="DerivativeT" value="-69.000000" />
  <attribute name="DerivativeI" value="-69.000000" />
  <attribute name="DerivativeH" value="-69.000000" />
  <attribute name="Loop Time for DT" value="1.000000" />
  <attribute name="Output H" value="2091843584"/>
  <attribute name="Output I" value="200"/>
  <attribute name="Output T" value="4"/>
  <attribute name="Target GC Util Change" value ="20.000000" />
  <attribute name="Current GC Util Change" value="0.000000"/>
  <attribute name="GC Util currently" value="0" />
  <attribute name="CPU Util currently" value="22402920578770" />
<exclusive-end id="1333" timestamp="2019-06-15T05:01:42.230" durationms="3.932" />

<exclusive-start id="1334" timestamp="2019-06-15T05:01:42.271" intervalms="45.284">
  <response-info timems="0.044" idlems="0.044" threads="0" lastid="0000000001598D00" lastname="Thread-6" />
</exclusive-start>
<allocation-taxation id="1335" taxation-threshold="5242880" timestamp="2019-06-15T05:01:42.271" intervalms="45.277" />
<cycle-start id="1336" type="global mark phase" contextid="0" timestamp="2019-06-15T05:01:42.271" intervalms="152.899" />
<gc-start id="1337" type="global mark phase" contextid="1336" timestamp="2019-06-15T05:01:42.271">
  <mem-info id="1338" free="6291456" total="26214400" percent="24">
    <remembered-set count="1952" freebytes="1038592" totalbytes="1046400" percent="99" regionsoverflowed="0" regionsstable="2" regionsrebuilding="0"/>
  </mem-info>
</gc-start>
<gc-op id="1339" type="mark increment" timems="0.477" contextid="1336" timestamp="2019-06-15T05:01:42.272">
  <trace-info objectcount="293" scancount="0" scanbytes="0" />
</gc-op>
<gc-end id="1340" type="global mark phase" contextid="1336" durationms="0.587" usertimems="0.000" systemtimems="0.000" timestamp="2019-06-15T05:01:42.272" activeThreads="1">
  <mem-info id="1341" free="6291456" total="26214400" percent="24">
    <remembered-set count="1952" freebytes="1038592" totalbytes="1046400" percent="99" regionsoverflowed="0" regionsstable="0" regionsrebuilding="2"/>
  </mem-info>
</gc-end>
<concurrent-start id="1342" type="GMP work packet processing" contextid="1336" timestamp="2019-06-15T05:01:42.272">
  <concurrent-mark-start scanTarget="18446744073709551615" />
</concurrent-start>
<concurrent-end id="1343" type="GMP work packet processing" contextid="1336" timestamp="2019-06-15T05:01:42.273">
  <concurrent-mark-end bytesScanned="1585864" reasonForTermination="Completed all work in GC phase" />
</concurrent-end>

<exclusive-end id="1344" timestamp="2019-06-15T05:01:42.273" durationms="2.054" />

<exclusive-start id="1345" timestamp="2019-06-15T05:01:42.312" intervalms="40.813">
  <response-info timems="0.032" idlems="0.032" threads="0" lastid="000000000158D900" lastname="Thread-3" />
</exclusive-start>
<allocation-taxation id="1346" taxation-threshold="5242880" timestamp="2019-06-15T05:01:42.312" intervalms="40.834" />
<cycle-start id="1347" type="partial gc" contextid="0" timestamp="2019-06-15T05:01:42.312" intervalms="86.113" />
<gc-start id="1348" type="partial gc" contextid="1347" timestamp="2019-06-15T05:01:42.312">
  <mem-info id="1349" free="1048576" total="26214400" percent="4">
    <mem type="eden" free="940440" total="11534336" percent="8" />
    <remembered-set count="7296" freebytes="1017216" totalbytes="1046400" percent="97" regionsoverflowed="0" regionsstable="0" regionsrebuilding="2"/>
  </mem-info>
</gc-start>
<allocation-stats totalBytes="10416864" >
  <allocated-bytes non-tlh="32776" tlh="10384088" arrayletleaf="0"/>
  <largest-consumer threadName="Thread-6" threadId="0000000001598D00" bytes="1441568" />
</allocation-stats>
<gc-op id="1350" type="copy forward" timems="1.237" contextid="1347" timestamp="2019-06-15T05:01:42.314">
  <memory-copied type="eden" objects="2013" bytes="782688" bytesdiscarded="0" />
  <memory-copied type="other" objects="4" bytes="144" bytesdiscarded="0" />
  <memory-cardclean objects="1051" bytes="55208" />
  <regions eden="10" other="3" />
  <remembered-set-cleared processed="5769" cleared="739" durationms="0.110" />
  <stringconstants candidates="3932" cleared="0"  />
  <heap-resize type="expand" space="default" amount="1048576" count="1" timems="0.052" reason="continue current collection" />
</gc-op>
<gc-op id="1351" type="classunload" timems="0.002" contextid="1347" timestamp="2019-06-15T05:01:42.314">
  <classunload-info classloadercandidates="8" classloadersunloaded="0" classesunloaded="0" anonymousclassesunloaded="0" quiescems="0.000" setupms="0.002" scanms="0.000" postms="0.000" />
</gc-op>
<gc-op id="1352" type="compact" timems="0.760" contextid="1347" timestamp="2019-06-15T05:01:42.315">
  <compact-info movecount="0" movebytes="0" />
  <remembered-set-cleared processed="11140" cleared="739" durationms="0.110" />
</gc-op>
<gc-end id="1353" type="partial gc" contextid="1347" durationms="2.990" usertimems="4.000" systemtimems="0.000" timestamp="2019-06-15T05:01:42.315" activeThreads="4">
  <mem-info id="1354" free="13631488" total="27262976" percent="50">
    <mem type="eden" free="265824" total="1048576" percent="25" />
    <remembered-set count="6272" freebytes="1063168" totalbytes="1088256" percent="97" regionsoverflowed="0" regionsstable="0" regionsrebuilding="2"/>
  </mem-info>
</gc-end>
<cycle-end id="1355" type="partial gc" contextid="1347" timestamp="2019-06-15T05:01:42.315" />
  <attribute name="elasticGC enabled" value="1" />
  <attribute name= "numThreadsSpecified" value="4" />
  <attribute name="heapSize specified" value="0" />
  <attribute name="Current GC Util" value="0" />
  <attribute name= "Current Time Running" value="7560" />
  <attribute name ="GC Interval" value="0" />
  <attribute name="ProportionalT" value="-10.000000" />
  <attribute name="ProportionalI" value="-10.000000" />
  <attribute name="ProportionalH" value="-10.000000" />
  <attribute name="Current Error" value="-20.000000" />
  <attribute name="IntegralT" value="-40.000000" />
  <attribute name="IntegralI" value="-40.000000" />
  <attribute name="IntegralH" value="-40.000000" />
  <attribute name="DerivativeT" value="-51.000000" />
  <attribute name="DerivativeI" value="-51.000000" />
  <attribute name="DerivativeH" value="-51.000000" />
  <attribute name="Loop Time for DT" value="2.000000" />
  <attribute name="Output H" value="2091843584"/>
  <attribute name="Output I" value="200"/>
  <attribute name="Output T" value="4"/>
  <attribute name="Target GC Util Change" value ="20.000000" />
  <attribute name="Current GC Util Change" value="0.000000"/>
  <attribute name="GC Util currently" value="0" />
  <attribute name="CPU Util currently" value="2982718848455" />
<exclusive-end id="1356" timestamp="2019-06-15T05:01:42.316" durationms="3.573" />

<exclusive-start id="1357" timestamp="2019-06-15T05:01:42.369" intervalms="56.561">
  <response-info timems="0.037" idlems="0.037" threads="0" lastid="0000000001598D00" lastname="Thread-6" />
</exclusive-start>
<allocation-taxation id="1358" taxation-threshold="6291456" timestamp="2019-06-15T05:01:42.369" intervalms="56.546" />
<gc-start id="1359" type="global mark phase" contextid="1336" timestamp="2019-06-15T05:01:42.369">
  <mem-info id="1360" free="7340032" total="27262976" percent="26">
    <remembered-set count="6272" freebytes="1063168" totalbytes="1088256" percent="97" regionsoverflowed="0" regionsstable="0" regionsrebuilding="2"/>
  </mem-info>
</gc-start>
<gc-op id="1361" type="mark increment" timems="1.065" contextid="1336" timestamp="2019-06-15T05:01:42.370">
  <trace-info objectcount="2520" scancount="2056" scanbytes="450140" />
  <cardclean-info objects="1203" bytes="112324" />
  <finalization candidates="25" enqueued="0" />
  <references type="soft" candidates="61" cleared="0" enqueued="0" dynamicThreshold="16" maxThreshold="32" />
  <references type="weak" candidates="266" cleared="0" enqueued="0" />
  <references type="phantom" candidates="97" cleared="0" enqueued="0" />
  <stringconstants candidates="3932" cleared="0"  />
</gc-op>
<gc-op id="1362" type="classunload" timems="0.002" contextid="1336" timestamp="2019-06-15T05:01:42.370">
  <classunload-info classloadercandidates="8" classloadersunloaded="0" classesunloaded="0" anonymousclassesunloaded="0" quiescems="0.000" setupms="0.002" scanms="0.000" postms="0.000" />
</gc-op>
<gc-end id="1363" type="global mark phase" contextid="1336" durationms="1.273" usertimems="4.000" systemtimems="0.000" timestamp="2019-06-15T05:01:42.370" activeThreads="4">
  <mem-info id="1364" free="7340032" total="27262976" percent="26">
    <remembered-set count="7808" freebytes="1057024" totalbytes="1088256" percent="97" regionsoverflowed="0" regionsstable="0" regionsrebuilding="0"/>
  </mem-info>
</gc-end>
<cycle-end id="1365" type="global mark phase" contextid="1336" timestamp="2019-06-15T05:01:42.370" />
  <attribute name="elasticGC enabled" value="1" />
  <attribute name= "numThreadsSpecified" value="4" />
  <attribute name="heapSize specified" value="0" />
  <attribute name="Current GC Util" value="151" />
  <attribute name= "Current Time Running" value="7615" />
  <attribute name ="GC Interval" value="0" />
  <attribute name="ProportionalT" value="65.500000" />
  <attribute name="ProportionalI" value="65.500000" />
  <attribute name="ProportionalH" value="65.500000" />
  <attribute name="Current Error" value="131.000000" />
  <attribute name="IntegralT" value="0.000000" />
  <attribute name="IntegralI" value="0.000000" />
  <attribute name="IntegralH" value="0.000000" />
  <attribute name="DerivativeT" value="-inf" />
  <attribute name="DerivativeI" value="-inf" />
  <attribute name="DerivativeH" value="-inf" />
  <attribute name="Loop Time for DT" value="0.000000" />
  <attribute name="Output H" value="2091843584"/>
  <attribute name="Output I" value="200"/>
  <attribute name="Output T" value="4"/>
  <attribute name="Target GC Util Change" value ="20.000000" />
  <attribute name="Current GC Util Change" value="151.000000"/>
  <attribute name="GC Util currently" value="151" />
  <attribute name="CPU Util currently" value="20646043124349" />
<exclusive-end id="1366" timestamp="2019-06-15T05:01:42.370" durationms="1.573" />

<exclusive-start id="1367" timestamp="2019-06-15T05:01:42.416" intervalms="47.176">
  <response-info timems="0.034" idlems="0.034" threads="0" lastid="0000000001598D00" lastname="Thread-6" />
</exclusive-start>
<allocation-taxation id="1368" taxation-threshold="6291456" timestamp="2019-06-15T05:01:42.416" intervalms="47.173" />
<cycle-start id="1369" type="partial gc" contextid="0" timestamp="2019-06-15T05:01:42.416" intervalms="103.712" />
<gc-start id="1370" type="partial gc" contextid="1369" timestamp="2019-06-15T05:01:42.416">
  <mem-info id="1371" free="1048576" total="27262976" percent="3">
    <mem type="eden" free="0" total="12582912" percent="0" />
    <remembered-set count="1824" freebytes="1080960" totalbytes="1088256" percent="99" regionsoverflowed="0" regionsstable="2" regionsrebuilding="0"/>
  </mem-info>
</gc-start>
<allocation-stats totalBytes="12529400" >
  <allocated-bytes non-tlh="139304" tlh="12390096" arrayletleaf="0"/>
  <largest-consumer threadName="Thread-6" threadId="0000000001598D00" bytes="2207544" />
</allocation-stats>
<gc-op id="1372" type="sweep" timems="0.350" contextid="1369" timestamp="2019-06-15T05:01:42.417" />
<gc-op id="1373" type="copy forward" timems="1.245" contextid="1369" timestamp="2019-06-15T05:01:42.418">
  <memory-copied type="eden" objects="2037" bytes="826088" bytesdiscarded="103259" />
  <memory-copied type="other" objects="6" bytes="176" bytesdiscarded="5" />
  <memory-cardclean objects="1046" bytes="55080" />
  <regions eden="6" other="5" />
  <remembered-set-cleared processed="560" cleared="15" durationms="0.063" />
  <stringconstants candidates="3932" cleared="0"  />
</gc-op>
<gc-op id="1374" type="classunload" timems="0.002" contextid="1369" timestamp="2019-06-15T05:01:42.418">
  <classunload-info classloadercandidates="8" classloadersunloaded="0" classesunloaded="0" anonymousclassesunloaded="0" quiescems="0.000" setupms="0.002" scanms="0.000" postms="0.000" />
</gc-op>
<heap-resize id="1375" type="contract" space="default" amount="2097152" count="1" timems="0.166" reason="insufficient time being spent in gc" timestamp="2019-06-15T05:01:42.419" />
<gc-end id="1376" type="partial gc" contextid="1369" durationms="2.748" usertimems="4.000" systemtimems="0.000" timestamp="2019-06-15T05:01:42.419" activeThreads="4">
  <mem-info id="1377" free="11534336" total="25165824" percent="45">
    <mem type="eden" free="1167704" total="2097152" percent="55" />
    <remembered-set count="2656" freebytes="1077632" totalbytes="1088256" percent="99" regionsoverflowed="0" regionsstable="2" regionsrebuilding="0"/>
  </mem-info>
</gc-end>
<cycle-end id="1378" type="partial gc" contextid="1369" timestamp="2019-06-15T05:01:42.419" />
  <attribute name="elasticGC enabled" value="1" />
  <attribute name= "numThreadsSpecified" value="4" />
  <attribute name="heapSize specified" value="0" />
  <attribute name="Current GC Util" value="0" />
  <attribute name= "Current Time Running" value="7662" />
  <attribute name ="GC Interval" value="0" />
  <attribute name="ProportionalT" value="-10.000000" />
  <attribute name="ProportionalI" value="-10.000000" />
  <attribute name="ProportionalH" value="-10.000000" />
  <attribute name="Current Error" value="-20.000000" />
  <attribute name="IntegralT" value="0.000000" />
  <attribute name="IntegralI" value="0.000000" />
  <attribute name="IntegralH" value="0.000000" />
  <attribute name="DerivativeT" value="-inf" />
  <attribute name="DerivativeI" value="-inf" />
  <attribute name="DerivativeH" value="-inf" />
  <attribute name="Loop Time for DT" value="0.000000" />
  <attribute name="Output H" value="2091843584"/>
  <attribute name="Output I" value="200"/>
  <attribute name="Output T" value="4"/>
  <attribute name="Target GC Util Change" value ="20.000000" />
  <attribute name="Current GC Util Change" value="0.000000"/>
  <attribute name="GC Util currently" value="0" />
  <attribute name="CPU Util currently" value="38837867027635" />
<exclusive-end id="1379" timestamp="2019-06-15T05:01:42.419" durationms="3.402" />

<exclusive-start id="1380" timestamp="2019-06-15T05:01:42.459" intervalms="43.664">
  <response-info timems="0.040" idlems="0.040" threads="0" lastid="0000000001595100" lastname="Thread-5" />
</exclusive-start>
<allocation-taxation id="1381" taxation-threshold="5242880" timestamp="2019-06-15T05:01:42.459" intervalms="43.673" />
<cycle-start id="1382" type="global mark phase" contextid="0" timestamp="2019-06-15T05:01:42.459" intervalms="188.232" />
<gc-start id="1383" type="global mark phase" contextid="1382" timestamp="2019-06-15T05:01:42.460">
  <mem-info id="1384" free="6291456" total="25165824" percent="25">
    <remembered-set count="2176" freebytes="1079552" totalbytes="1088256" percent="99" regionsoverflowed="0" regionsstable="2" regionsrebuilding="0"/>
  </mem-info>
</gc-start>
<gc-op id="1385" type="mark increment" timems="1.057" contextid="1382" timestamp="2019-06-15T05:01:42.461">
  <trace-info objectcount="13810" scancount="6369" scanbytes="405816" />
</gc-op>
<gc-end id="1386" type="global mark phase" contextid="1382" durationms="1.174" usertimems="0.000" systemtimems="4.000" timestamp="2019-06-15T05:01:42.461" activeThreads="4">
  <mem-info id="1387" free="6291456" total="25165824" percent="25">
    <remembered-set count="3200" freebytes="1075456" totalbytes="1088256" percent="98" regionsoverflowed="0" regionsstable="0" regionsrebuilding="2"/>
  </mem-info>
</gc-end>
<concurrent-start id="1388" type="GMP work packet processing" contextid="1382" timestamp="2019-06-15T05:01:42.461">
  <concurrent-mark-start scanTarget="1739421" />
</concurrent-start>
<exclusive-end id="1389" timestamp="2019-06-15T05:01:42.461" durationms="1.649" />

<concurrent-end id="1390" type="GMP work packet processing" contextid="1382" timestamp="2019-06-15T05:01:42.462">
  <concurrent-mark-end bytesScanned="1156944" reasonForTermination="Completed all work in GC phase" />
</concurrent-end>

<exclusive-start id="1391" timestamp="2019-06-15T05:01:42.501" intervalms="41.976">
  <response-info timems="0.029" idlems="0.029" threads="0" lastid="0000000001595100" lastname="Thread-5" />
</exclusive-start>
<allocation-taxation id="1392" taxation-threshold="5242880" timestamp="2019-06-15T05:01:42.501" intervalms="41.965" />
<cycle-start id="1393" type="partial gc" contextid="0" timestamp="2019-06-15T05:01:42.501" intervalms="85.643" />
<gc-start id="1394" type="partial gc" contextid="1393" timestamp="2019-06-15T05:01:42.502">
  <mem-info id="1395" free="1048576" total="25165824" percent="4">
    <mem type="eden" free="0" total="10485760" percent="0" />
    <remembered-set count="6816" freebytes="1060992" totalbytes="1088256" percent="97" regionsoverflowed="0" regionsstable="0" regionsrebuilding="2"/>
  </mem-info>
</gc-start>
<allocation-stats totalBytes="10380808" >
  <allocated-bytes non-tlh="16392" tlh="10364416" arrayletleaf="0"/>
  <largest-consumer threadName="Thread-3" threadId="000000000158D900" bytes="1965896" />
</allocation-stats>
<gc-op id="1396" type="copy forward" timems="1.735" contextid="1393" timestamp="2019-06-15T05:01:42.504">
  <memory-copied type="eden" objects="2228" bytes="915184" bytesdiscarded="237136" />
  <memory-copied type="other" objects="4" bytes="144" bytesdiscarded="0" />
  <memory-cardclean objects="4258" bytes="191320" />
  <regions eden="10" other="2" />
  <remembered-set-cleared processed="4767" cleared="1833" durationms="0.098" />
  <references type="phantom" candidates="2" cleared="0" enqueued="0" />
  <stringconstants candidates="3932" cleared="0"  />
  <heap-resize type="expand" space="default" amount="2097152" count="2" timems="0.129" reason="continue current collection" />
</gc-op>
<gc-op id="1397" type="classunload" timems="0.002" contextid="1393" timestamp="2019-06-15T05:01:42.504">
  <classunload-info classloadercandidates="8" classloadersunloaded="0" classesunloaded="0" anonymousclassesunloaded="0" quiescems="0.000" setupms="0.002" scanms="0.000" postms="0.000" />
</gc-op>
<gc-op id="1398" type="compact" timems="0.945" contextid="1393" timestamp="2019-06-15T05:01:42.505">
  <compact-info movecount="0" movebytes="0" />
  <remembered-set-cleared processed="8940" cleared="1833" durationms="0.098" />
</gc-op>
<heap-resize id="1399" type="contract" space="default" amount="2097152" count="1" timems="0.174" reason="insufficient time being spent in gc" timestamp="2019-06-15T05:01:42.505" />
<gc-end id="1400" type="partial gc" contextid="1393" durationms="3.969" usertimems="4.000" systemtimems="4.000" timestamp="2019-06-15T05:01:42.506" activeThreads="4">
  <mem-info id="1401" free="10485760" total="25165824" percent="41">
    <mem type="eden" free="944752" total="2097152" percent="45" />
    <remembered-set count="4768" freebytes="1069184" totalbytes="1088256" percent="98" regionsoverflowed="0" regionsstable="0" regionsrebuilding="2"/>
  </mem-info>
</gc-end>
<cycle-end id="1402" type="partial gc" contextid="1393" timestamp="2019-06-15T05:01:42.506" />
  <attribute name="elasticGC enabled" value="1" />
  <attribute name= "numThreadsSpecified" value="4" />
  <attribute name="heapSize specified" value="0" />
  <attribute name="Current GC Util" value="134" />
  <attribute name= "Current Time Running" value="7750" />
  <attribute name ="GC Interval" value="0" />
  <attribute name="ProportionalT" value="57.000000" />
  <attribute name="ProportionalI" value="57.000000" />
  <attribute name="ProportionalH" value="57.000000" />
  <attribute name="Current Error" value="114.000000" />
  <attribute name="IntegralT" value="228.000000" />
  <attribute name="IntegralI" value="228.000000" />
  <attribute name="IntegralH" value="228.000000" />
  <attribute name="DerivativeT" value="63.000000" />
  <attribute name="DerivativeI" value="63.000000" />
  <attribute name="DerivativeH" value="63.000000" />
  <attribute name="Loop Time for DT" value="2.000000" />
  <attribute name="Output H" value="8388608"/>
  <attribute name="Output I" value="352"/>
  <attribute name="Output T" value="4"/>
  <attribute name="Target GC Util Change" value ="20.000000" />
  <attribute name="Current GC Util Change" value="134.000000"/>
  <attribute name="GC Util currently" value="134" />
  <attribute name="CPU Util currently" value="2282764256548" />
<exclusive-end id="1403" timestamp="2019-06-15T05:01:42.506" durationms="4.639" />

<exclusive-start id="1404" timestamp="2019-06-15T05:01:42.540" intervalms="39.088">
  <response-info timems="0.067" idlems="0.067" threads="0" lastid="0000000001591500" lastname="Thread-4" />
</exclusive-start>
<allocation-taxation id="1405" taxation-threshold="5242880" timestamp="2019-06-15T05:01:42.540" intervalms="39.082" />
<gc-start id="1406" type="global mark phase" contextid="1382" timestamp="2019-06-15T05:01:42.541">
  <mem-info id="1407" free="5242880" total="25165824" percent="20">
    <remembered-set count="4768" freebytes="1069184" totalbytes="1088256" percent="98" regionsoverflowed="0" regionsstable="0" regionsrebuilding="2"/>
  </mem-info>
</gc-start>
<gc-op id="1408" type="mark increment" timems="1.178" contextid="1382" timestamp="2019-06-15T05:01:42.542">
  <trace-info objectcount="1950" scancount="1561" scanbytes="397444" />
  <cardclean-info objects="7382" bytes="304388" />
  <finalization candidates="25" enqueued="0" />
  <references type="soft" candidates="61" cleared="0" enqueued="0" dynamicThreshold="13" maxThreshold="32" />
  <references type="weak" candidates="266" cleared="0" enqueued="0" />
  <references type="phantom" candidates="97" cleared="0" enqueued="0" />
  <stringconstants candidates="3932" cleared="0"  />
</gc-op>
<gc-op id="1409" type="classunload" timems="0.002" contextid="1382" timestamp="2019-06-15T05:01:42.542">
  <classunload-info classloadercandidates="8" classloadersunloaded="0" classesunloaded="0" anonymousclassesunloaded="0" quiescems="0.000" setupms="0.002" scanms="0.000" postms="0.000" />
</gc-op>
<gc-end id="1410" type="global mark phase" contextid="1382" durationms="1.393" usertimems="0.000" systemtimems="4.000" timestamp="2019-06-15T05:01:42.542" activeThreads="4">
  <mem-info id="1411" free="5242880" total="25165824" percent="20">
    <remembered-set count="6816" freebytes="1060992" totalbytes="1088256" percent="97" regionsoverflowed="0" regionsstable="0" regionsrebuilding="0"/>
  </mem-info>
</gc-end>
<cycle-end id="1412" type="global mark phase" contextid="1382" timestamp="2019-06-15T05:01:42.542" />
  <attribute name="elasticGC enabled" value="1" />
  <attribute name= "numThreadsSpecified" value="4" />
  <attribute name="heapSize specified" value="0" />
  <attribute name="Current GC Util" value="92" />
  <attribute name= "Current Time Running" value="7787" />
  <attribute name ="GC Interval" value="0" />
  <attribute name="ProportionalT" value="36.000000" />
  <attribute name="ProportionalI" value="36.000000" />
  <attribute name="ProportionalH" value="36.000000" />
  <attribute name="Current Error" value="72.000000" />
  <attribute name="IntegralT" value="0.000000" />
  <attribute name="IntegralI" value="0.000000" />
  <attribute name="IntegralH" value="0.000000" />
  <attribute name="DerivativeT" value="-inf" />
  <attribute name="DerivativeI" value="-inf" />
  <attribute name="DerivativeH" value="-inf" />
  <attribute name="Loop Time for DT" value="0.000000" />
  <attribute name="Output H" value="2091843584"/>
  <attribute name="Output I" value="200"/>
  <attribute name="Output T" value="4"/>
  <attribute name="Target GC Util Change" value ="20.000000" />
  <attribute name="Current GC Util Change" value="92.000000"/>
  <attribute name="GC Util currently" value="92" />
  <attribute name="CPU Util currently" value="16649767877499" />
<exclusive-end id="1413" timestamp="2019-06-15T05:01:42.542" durationms="1.713" />

<exclusive-start id="1414" timestamp="2019-06-15T05:01:42.589" intervalms="48.335">
  <response-info timems="0.149" idlems="0.082" threads="1" lastid="0000000001595100" lastname="Thread-5" />
</exclusive-start>
<allocation-taxation id="1415" taxation-threshold="5242880" timestamp="2019-06-15T05:01:42.589" intervalms="48.356" />
<cycle-start id="1416" type="partial gc" contextid="0" timestamp="2019-06-15T05:01:42.589" intervalms="87.438" />
<gc-start id="1417" type="partial gc" contextid="1416" timestamp="2019-06-15T05:01:42.589">
  <mem-info id="1418" free="0" total="25165824" percent="0">
    <mem type="eden" free="0" total="10485760" percent="0" />
    <remembered-set count="1856" freebytes="1080832" totalbytes="1088256" percent="99" regionsoverflowed="0" regionsstable="2" regionsrebuilding="0"/>
  </mem-info>
</gc-start>
<allocation-stats totalBytes="10371640" >
  <allocated-bytes non-tlh="147496" tlh="10224144" arrayletleaf="0"/>
  <largest-consumer threadName="Thread-3" threadId="000000000158D900" bytes="1781888" />
</allocation-stats>
<gc-op id="1419" type="sweep" timems="0.379" contextid="1416" timestamp="2019-06-15T05:01:42.590" />
<gc-op id="1420" type="copy forward" timems="1.907" contextid="1416" timestamp="2019-06-15T05:01:42.592">
  <memory-copied type="eden" objects="1971" bytes="846656" bytesdiscarded="81666" />
  <memory-copied type="other" objects="5367" bytes="350464" bytesdiscarded="282670" />
  <memory-cardclean objects="2358" bytes="109520" />
  <regions eden="5" other="9" />
  <remembered-set-cleared processed="6" cleared="6" durationms="0.059" />
  <references type="soft" candidates="8" cleared="0" enqueued="0" dynamicThreshold="6" maxThreshold="32" />
  <references type="weak" candidates="29" cleared="0" enqueued="0" />
  <references type="phantom" candidates="32" cleared="0" enqueued="0" />
  <stringconstants candidates="3932" cleared="0"  />
  <heap-resize type="expand" space="default" amount="1048576" count="1" timems="0.063" reason="continue current collection" />
</gc-op>
<gc-op id="1421" type="classunload" timems="0.002" contextid="1416" timestamp="2019-06-15T05:01:42.592">
  <classunload-info classloadercandidates="8" classloadersunloaded="0" classesunloaded="0" anonymousclassesunloaded="0" quiescems="0.000" setupms="0.002" scanms="0.000" postms="0.000" />
</gc-op>
<gc-end id="1422" type="partial gc" contextid="1416" durationms="3.350" usertimems="4.000" systemtimems="0.000" timestamp="2019-06-15T05:01:42.592" activeThreads="4">
  <mem-info id="1423" free="14680064" total="26214400" percent="56">
    <mem type="eden" free="1168416" total="2097152" percent="55" />
    <remembered-set count="2560" freebytes="1036160" totalbytes="1046400" percent="99" regionsoverflowed="0" regionsstable="2" regionsrebuilding="0"/>
  </mem-info>
</gc-end>
<cycle-end id="1424" type="partial gc" contextid="1416" timestamp="2019-06-15T05:01:42.593" />
  <attribute name="elasticGC enabled" value="1" />
  <attribute name= "numThreadsSpecified" value="4" />
  <attribute name="heapSize specified" value="0" />
  <attribute name="Current GC Util" value="0" />
  <attribute name= "Current Time Running" value="7836" />
  <attribute name ="GC Interval" value="0" />
  <attribute name="ProportionalT" value="-10.000000" />
  <attribute name="ProportionalI" value="-10.000000" />
  <attribute name="ProportionalH" value="-10.000000" />
  <attribute name="Current Error" value="-20.000000" />
  <attribute name="IntegralT" value="-20.000000" />
  <attribute name="IntegralI" value="-20.000000" />
  <attribute name="IntegralH" value="-20.000000" />
  <attribute name="DerivativeT" value="-66.000000" />
  <attribute name="DerivativeI" value="-66.000000" />
  <attribute name="DerivativeH" value="-66.000000" />
  <attribute name="Loop Time for DT" value="1.000000" />
  <attribute name="Output H" value="2091843584"/>
  <attribute name="Output I" value="200"/>
  <attribute name="Output T" value="4"/>
  <attribute name="Target GC Util Change" value ="20.000000" />
  <attribute name="Current GC Util Change" value="0.000000"/>
  <attribute name="GC Util currently" value="0" />
  <attribute name="CPU Util currently" value="21462180366243" />
<exclusive-end id="1425" timestamp="2019-06-15T05:01:42.593" durationms="4.192" />

<exclusive-start id="1426" timestamp="2019-06-15T05:01:42.639" intervalms="50.175">
  <response-info timems="0.033" idlems="0.017" threads="1" lastid="0000000001598D00" lastname="Thread-6" />
</exclusive-start>
<allocation-taxation id="1427" taxation-threshold="6291456" timestamp="2019-06-15T05:01:42.639" intervalms="50.169" />
<cycle-start id="1428" type="global mark phase" contextid="0" timestamp="2019-06-15T05:01:42.639" intervalms="179.575" />
<gc-start id="1429" type="global mark phase" contextid="1428" timestamp="2019-06-15T05:01:42.639">
  <mem-info id="1430" free="8388608" total="26214400" percent="32">
    <remembered-set count="2240" freebytes="1037440" totalbytes="1046400" percent="99" regionsoverflowed="0" regionsstable="2" regionsrebuilding="0"/>
  </mem-info>
</gc-start>
<gc-op id="1431" type="mark increment" timems="0.444" contextid="1428" timestamp="2019-06-15T05:01:42.640">
  <trace-info objectcount="280" scancount="0" scanbytes="0" />
</gc-op>
<gc-end id="1432" type="global mark phase" contextid="1428" durationms="0.545" usertimems="0.000" systemtimems="0.000" timestamp="2019-06-15T05:01:42.640" activeThreads="1">
  <mem-info id="1433" free="8388608" total="26214400" percent="32">
    <remembered-set count="2240" freebytes="1037440" totalbytes="1046400" percent="99" regionsoverflowed="0" regionsstable="0" regionsrebuilding="2"/>
  </mem-info>
</gc-end>
<concurrent-start id="1434" type="GMP work packet processing" contextid="1428" timestamp="2019-06-15T05:01:42.640">
  <concurrent-mark-start scanTarget="1048576" />
</concurrent-start>
<exclusive-end id="1435" timestamp="2019-06-15T05:01:42.640" durationms="0.904" />

<concurrent-end id="1436" type="GMP work packet processing" contextid="1428" timestamp="2019-06-15T05:01:42.642">
  <concurrent-mark-end bytesScanned="1079752" reasonForTermination="Work target met" />
</concurrent-end>

<exclusive-start id="1437" timestamp="2019-06-15T05:01:42.707" intervalms="67.697">
  <response-info timems="0.054" idlems="0.054" threads="0" lastid="0000000001598D00" lastname="Thread-6" />
</exclusive-start>
<allocation-taxation id="1438" taxation-threshold="6291456" timestamp="2019-06-15T05:01:42.707" intervalms="67.700" />
<cycle-start id="1439" type="partial gc" contextid="0" timestamp="2019-06-15T05:01:42.707" intervalms="117.867" />
<gc-start id="1440" type="partial gc" contextid="1439" timestamp="2019-06-15T05:01:42.707">
  <mem-info id="1441" free="2097152" total="26214400" percent="8">
    <mem type="eden" free="0" total="12582912" percent="0" />
    <remembered-set count="6816" freebytes="1019136" totalbytes="1046400" percent="97" regionsoverflowed="0" regionsstable="0" regionsrebuilding="2"/>
  </mem-info>
</gc-start>
<allocation-stats totalBytes="12523032" >
  <allocated-bytes non-tlh="0" tlh="12523032" arrayletleaf="0"/>
  <largest-consumer threadName="Thread-6" threadId="0000000001598D00" bytes="1965088" />
</allocation-stats>
<gc-op id="1442" type="copy forward" timems="1.312" contextid="1439" timestamp="2019-06-15T05:01:42.709">
  <memory-copied type="eden" objects="2146" bytes="871128" bytesdiscarded="0" />
  <memory-copied type="other" objects="4" bytes="144" bytesdiscarded="0" />
  <memory-cardclean objects="1024" bytes="54256" />
  <regions eden="12" other="2" />
  <remembered-set-cleared processed="5110" cleared="364" durationms="0.099" />
  <stringconstants candidates="3932" cleared="0"  />
</gc-op>
<gc-op id="1443" type="classunload" timems="0.002" contextid="1439" timestamp="2019-06-15T05:01:42.709">
  <classunload-info classloadercandidates="8" classloadersunloaded="0" classesunloaded="0" anonymousclassesunloaded="0" quiescems="0.000" setupms="0.001" scanms="0.000" postms="0.000" />
</gc-op>
<heap-resize id="1444" type="contract" space="default" amount="2097152" count="1" timems="0.219" reason="insufficient time being spent in gc" timestamp="2019-06-15T05:01:42.709" />
<gc-end id="1445" type="partial gc" contextid="1439" durationms="2.326" usertimems="0.000" systemtimems="0.000" timestamp="2019-06-15T05:01:42.709" activeThreads="1">
  <mem-info id="1446" free="12582912" total="24117248" percent="52">
    <mem type="eden" free="177376" total="1048576" percent="16" />
    <remembered-set count="7168" freebytes="1017728" totalbytes="1046400" percent="97" regionsoverflowed="0" regionsstable="0" regionsrebuilding="2"/>
  </mem-info>
</gc-end>
<cycle-end id="1447" type="partial gc" contextid="1439" timestamp="2019-06-15T05:01:42.709" />
  <attribute name="elasticGC enabled" value="1" />
  <attribute name= "numThreadsSpecified" value="1" />
  <attribute name="heapSize specified" value="0" />
  <attribute name="Current GC Util" value="92" />
  <attribute name= "Current Time Running" value="7953" />
  <attribute name ="GC Interval" value="0" />
  <attribute name="ProportionalT" value="36.000000" />
  <attribute name="ProportionalI" value="36.000000" />
  <attribute name="ProportionalH" value="36.000000" />
  <attribute name="Current Error" value="72.000000" />
  <attribute name="IntegralT" value="0.000000" />
  <attribute name="IntegralI" value="0.000000" />
  <attribute name="IntegralH" value="0.000000" />
  <attribute name="DerivativeT" value="inf" />
  <attribute name="DerivativeI" value="inf" />
  <attribute name="DerivativeH" value="inf" />
  <attribute name="Loop Time for DT" value="0.000000" />
  <attribute name="Output H" value="8388608"/>
  <attribute name="Output I" value="200"/>
  <attribute name="Output T" value="1"/>
  <attribute name="Target GC Util Change" value ="20.000000" />
  <attribute name="Current GC Util Change" value="92.000000"/>
  <attribute name="GC Util currently" value="92" />
  <attribute name="CPU Util currently" value="24013194649481" />
<exclusive-end id="1448" timestamp="2019-06-15T05:01:42.710" durationms="3.008" />

<exclusive-start id="1449" timestamp="2019-06-15T05:01:42.761" intervalms="54.529">
  <response-info timems="0.035" idlems="0.035" threads="0" lastid="000000000158D900" lastname="Thread-3" />
</exclusive-start>
<allocation-taxation id="1450" taxation-threshold="6291456" timestamp="2019-06-15T05:01:42.761" intervalms="54.528" />
<gc-start id="1451" type="global mark phase" contextid="1428" timestamp="2019-06-15T05:01:42.761">
  <mem-info id="1452" free="6291456" total="24117248" percent="26">
    <remembered-set count="6720" freebytes="1019520" totalbytes="1046400" percent="97" regionsoverflowed="0" regionsstable="0" regionsrebuilding="2"/>
  </mem-info>
</gc-start>
<gc-end id="1453" type="global mark phase" contextid="1428" durationms="0.057" usertimems="0.000" systemtimems="0.000" timestamp="2019-06-15T05:01:42.761" activeThreads="1">
  <mem-info id="1454" free="6291456" total="24117248" percent="26">
    <remembered-set count="6720" freebytes="1019520" totalbytes="1046400" percent="97" regionsoverflowed="0" regionsstable="0" regionsrebuilding="2"/>
  </mem-info>
</gc-end>
<concurrent-start id="1455" type="GMP work packet processing" contextid="1428" timestamp="2019-06-15T05:01:42.762">
  <concurrent-mark-start scanTarget="1048576" />
</concurrent-start>
<exclusive-end id="1456" timestamp="2019-06-15T05:01:42.762" durationms="0.871" />

<concurrent-end id="1457" type="GMP work packet processing" contextid="1428" timestamp="2019-06-15T05:01:42.762">
  <concurrent-mark-end bytesScanned="308136" reasonForTermination="Completed all work in GC phase" />
</concurrent-end>

<exclusive-start id="1458" timestamp="2019-06-15T05:01:42.809" intervalms="48.012">
  <response-info timems="0.031" idlems="0.031" threads="0" lastid="0000000001595100" lastname="Thread-5" />
</exclusive-start>
<allocation-taxation id="1459" taxation-threshold="6291456" timestamp="2019-06-15T05:01:42.809" intervalms="48.056" />
<cycle-start id="1460" type="partial gc" contextid="0" timestamp="2019-06-15T05:01:42.809" intervalms="102.582" />
<gc-start id="1461" type="partial gc" contextid="1460" timestamp="2019-06-15T05:01:42.810">
  <mem-info id="1462" free="0" total="24117248" percent="0">
    <mem type="eden" free="0" total="12582912" percent="0" />
    <remembered-set count="6848" freebytes="1019008" totalbytes="1046400" percent="97" regionsoverflowed="0" regionsstable="0" regionsrebuilding="2"/>
  </mem-info>
</gc-start>
<allocation-stats totalBytes="12496232" >
  <allocated-bytes non-tlh="16392" tlh="12479840" arrayletleaf="0"/>
  <largest-consumer threadName="Thread-3" threadId="000000000158D900" bytes="2489296" />
</allocation-stats>
<gc-op id="1463" type="mark" timems="1.181" contextid="1460" timestamp="2019-06-15T05:01:42.811">
  <trace-info objectcount="2769" scancount="2171" scanbytes="422196" />
  <cardclean-info objects="1024" bytes="54076" />
  <remembered-set-cleared processed="5476" cleared="439" durationms="0.077" />
  <references type="weak" candidates="1" cleared="0" enqueued="0" />
  <references type="phantom" candidates="1" cleared="0" enqueued="0" />
  <stringconstants candidates="3932" cleared="0"  />
  <warning details="Mark invoked due to insufficient free space for Copy-Forward" />
</gc-op>
<gc-op id="1464" type="classunload" timems="0.001" contextid="1460" timestamp="2019-06-15T05:01:42.811">
  <classunload-info classloadercandidates="8" classloadersunloaded="0" classesunloaded="0" anonymousclassesunloaded="0" quiescems="0.000" setupms="0.001" scanms="0.000" postms="0.000" />
</gc-op>
<gc-op id="1465" type="sweep" timems="0.359" contextid="1460" timestamp="2019-06-15T05:01:42.812" />
<gc-op id="1466" type="compact" timems="1.187" contextid="1460" timestamp="2019-06-15T05:01:42.813">
  <compact-info movecount="2769" movebytes="1107904" />
  <remembered-set-cleared processed="11182" cleared="994" durationms="0.084" />
</gc-op>
<heap-resize id="1467" type="contract" space="default" amount="2097152" count="1" timems="0.204" reason="insufficient time being spent in gc" timestamp="2019-06-15T05:01:42.814" />
<gc-end id="1468" type="partial gc" contextid="1460" durationms="4.133" usertimems="0.000" systemtimems="8.000" timestamp="2019-06-15T05:01:42.814" activeThreads="4">
  <mem-info id="1469" free="9437184" total="22020096" percent="42">
    <mem type="eden" free="987800" total="2097152" percent="47" />
    <remembered-set count="7488" freebytes="932736" totalbytes="962688" percent="96" regionsoverflowed="0" regionsstable="0" regionsrebuilding="2"/>
  </mem-info>
</gc-end>
<cycle-end id="1470" type="partial gc" contextid="1460" timestamp="2019-06-15T05:01:42.814" />
  <attribute name="elasticGC enabled" value="1" />
  <attribute name= "numThreadsSpecified" value="4" />
  <attribute name="heapSize specified" value="0" />
  <attribute name="Current GC Util" value="39" />
  <attribute name= "Current Time Running" value="8058" />
  <attribute name ="GC Interval" value="0" />
  <attribute name="ProportionalT" value="9.500000" />
  <attribute name="ProportionalI" value="9.500000" />
  <attribute name="ProportionalH" value="9.500000" />
  <attribute name="Current Error" value="19.000000" />
  <attribute name="IntegralT" value="19.000000" />
  <attribute name="IntegralI" value="19.000000" />
  <attribute name="IntegralH" value="19.000000" />
  <attribute name="DerivativeT" value="-124.500000" />
  <attribute name="DerivativeI" value="-124.500000" />
  <attribute name="DerivativeH" value="-124.500000" />
  <attribute name="Loop Time for DT" value="1.000000" />
  <attribute name="Output H" value="2091843584"/>
  <attribute name="Output I" value="200"/>
  <attribute name="Output T" value="4"/>
  <attribute name="Target GC Util Change" value ="20.000000" />
  <attribute name="Current GC Util Change" value="39.000000"/>
  <attribute name="GC Util currently" value="39" />
  <attribute name="CPU Util currently" value="8184453813639" />
<exclusive-end id="1471" timestamp="2019-06-15T05:01:42.814" durationms="4.822" />

<exclusive-start id="1472" timestamp="2019-06-15T05:01:42.851" intervalms="42.259">
  <response-info timems="0.048" idlems="0.030" threads="1" lastid="0000000001260300" lastname="JIT Compilation Thread-0" />
</exclusive-start>
<allocation-taxation id="1473" taxation-threshold="4194304" timestamp="2019-06-15T05:01:42.851" intervalms="42.214" />
<gc-start id="1474" type="global mark phase" contextid="1428" timestamp="2019-06-15T05:01:42.852">
  <mem-info id="1475" free="5242880" total="22020096" percent="23">
    <remembered-set count="7232" freebytes="933760" totalbytes="962688" percent="96" regionsoverflowed="0" regionsstable="0" regionsrebuilding="2"/>
  </mem-info>
</gc-start>
<gc-op id="1476" type="mark increment" timems="1.351" contextid="1428" timestamp="2019-06-15T05:01:42.853">
  <trace-info objectcount="2115" scancount="1696" scanbytes="335968" />
  <cardclean-info objects="1014" bytes="53460" />
  <finalization candidates="25" enqueued="0" />
  <references type="soft" candidates="61" cleared="0" enqueued="0" dynamicThreshold="13" maxThreshold="32" />
  <references type="weak" candidates="267" cleared="0" enqueued="0" />
  <references type="phantom" candidates="97" cleared="0" enqueued="0" />
  <stringconstants candidates="3932" cleared="0"  />
</gc-op>
<gc-op id="1477" type="classunload" timems="0.004" contextid="1428" timestamp="2019-06-15T05:01:42.853">
  <classunload-info classloadercandidates="8" classloadersunloaded="0" classesunloaded="0" anonymousclassesunloaded="0" quiescems="0.000" setupms="0.004" scanms="0.000" postms="0.000" />
</gc-op>
<gc-end id="1478" type="global mark phase" contextid="1428" durationms="1.606" usertimems="0.000" systemtimems="0.000" timestamp="2019-06-15T05:01:42.853" activeThreads="4">
  <mem-info id="1479" free="5242880" total="22020096" percent="23">
    <remembered-set count="7744" freebytes="931712" totalbytes="962688" percent="96" regionsoverflowed="0" regionsstable="0" regionsrebuilding="0"/>
  </mem-info>
</gc-end>
<cycle-end id="1480" type="global mark phase" contextid="1428" timestamp="2019-06-15T05:01:42.853" />
  <attribute name="elasticGC enabled" value="1" />
  <attribute name= "numThreadsSpecified" value="4" />
  <attribute name="heapSize specified" value="0" />
  <attribute name="Current GC Util" value="0" />
  <attribute name= "Current Time Running" value="8098" />
  <attribute name ="GC Interval" value="0" />
  <attribute name="ProportionalT" value="-10.000000" />
  <attribute name="ProportionalI" value="-10.000000" />
  <attribute name="ProportionalH" value="-10.000000" />
  <attribute name="Current Error" value="-20.000000" />
  <attribute name="IntegralT" value="-20.000000" />
  <attribute name="IntegralI" value="-20.000000" />
  <attribute name="IntegralH" value="-20.000000" />
  <attribute name="DerivativeT" value="-270.000000" />
  <attribute name="DerivativeI" value="-270.000000" />
  <attribute name="DerivativeH" value="-270.000000" />
  <attribute name="Loop Time for DT" value="1.000000" />
  <attribute name="Output H" value="2091843584"/>
  <attribute name="Output I" value="200"/>
  <attribute name="Output T" value="4"/>
  <attribute name="Target GC Util Change" value ="20.000000" />
  <attribute name="Current GC Util Change" value="0.000000"/>
  <attribute name="GC Util currently" value="0" />
  <attribute name="CPU Util currently" value="18155457857295" />
<exclusive-end id="1481" timestamp="2019-06-15T05:01:42.853" durationms="1.947" />

<exclusive-start id="1482" timestamp="2019-06-15T05:01:42.883" intervalms="31.885">
  <response-info timems="0.038" idlems="0.038" threads="0" lastid="0000000001598D00" lastname="Thread-6" />
</exclusive-start>
<allocation-taxation id="1483" taxation-threshold="4194304" timestamp="2019-06-15T05:01:42.883" intervalms="31.883" />
<cycle-start id="1484" type="partial gc" contextid="0" timestamp="2019-06-15T05:01:42.883" intervalms="74.095" />
<gc-start id="1485" type="partial gc" contextid="1484" timestamp="2019-06-15T05:01:42.884">
  <mem-info id="1486" free="1048576" total="22020096" percent="4">
    <mem type="eden" free="0" total="8388608" percent="0" />
    <remembered-set count="1984" freebytes="954752" totalbytes="962688" percent="99" regionsoverflowed="0" regionsstable="2" regionsrebuilding="0"/>
  </mem-info>
</gc-start>
<allocation-stats totalBytes="8298664" >
  <allocated-bytes non-tlh="0" tlh="8298664" arrayletleaf="0"/>
  <largest-consumer threadName="Thread-3" threadId="000000000158D900" bytes="2100360" />
</allocation-stats>
<gc-op id="1487" type="sweep" timems="0.395" contextid="1484" timestamp="2019-06-15T05:01:42.884" />
<gc-op id="1488" type="copy forward" timems="2.102" contextid="1484" timestamp="2019-06-15T05:01:42.887">
  <memory-copied type="eden" objects="1390" bytes="555576" bytesdiscarded="0" />
  <memory-copied type="other" objects="6051" bytes="651800" bytesdiscarded="0" />
  <memory-cardclean objects="2361" bytes="109816" />
  <regions eden="4" other="6" />
  <remembered-set-cleared processed="6" cleared="6" durationms="0.070" />
  <references type="soft" candidates="8" cleared="0" enqueued="0" dynamicThreshold="7" maxThreshold="32" />
  <references type="weak" candidates="29" cleared="0" enqueued="0" />
  <references type="phantom" candidates="31" cleared="0" enqueued="0" />
  <stringconstants candidates="3932" cleared="0"  />
</gc-op>
<gc-op id="1489" type="classunload" timems="0.002" contextid="1484" timestamp="2019-06-15T05:01:42.887">
  <classunload-info classloadercandidates="8" classloadersunloaded="0" classesunloaded="0" anonymousclassesunloaded="0" quiescems="0.000" setupms="0.001" scanms="0.000" postms="0.000" />
</gc-op>
<gc-end id="1490" type="partial gc" contextid="1484" durationms="3.693" usertimems="0.000" systemtimems="4.000" timestamp="2019-06-15T05:01:42.887" activeThreads="1">
  <mem-info id="1491" free="11534336" total="22020096" percent="52">
    <mem type="eden" free="189656" total="1048576" percent="18" />
    <remembered-set count="1024" freebytes="874880" totalbytes="878976" percent="99" regionsoverflowed="0" regionsstable="2" regionsrebuilding="0"/>
  </mem-info>
</gc-end>
<cycle-end id="1492" type="partial gc" contextid="1484" timestamp="2019-06-15T05:01:42.888" />
  <attribute name="elasticGC enabled" value="1" />
  <attribute name= "numThreadsSpecified" value="1" />
  <attribute name="heapSize specified" value="0" />
  <attribute name="Current GC Util" value="46" />
  <attribute name= "Current Time Running" value="8130" />
  <attribute name ="GC Interval" value="0" />
  <attribute name="ProportionalT" value="13.000000" />
  <attribute name="ProportionalI" value="13.000000" />
  <attribute name="ProportionalH" value="13.000000" />
  <attribute name="Current Error" value="26.000000" />
  <attribute name="IntegralT" value="0.000000" />
  <attribute name="IntegralI" value="0.000000" />
  <attribute name="IntegralH" value="0.000000" />
  <attribute name="DerivativeT" value="inf" />
  <attribute name="DerivativeI" value="inf" />
  <attribute name="DerivativeH" value="inf" />
  <attribute name="Loop Time for DT" value="0.000000" />
  <attribute name="Output H" value="8388608"/>
  <attribute name="Output I" value="200"/>
  <attribute name="Output T" value="1"/>
  <attribute name="Target GC Util Change" value ="20.000000" />
  <attribute name="Current GC Util Change" value="46.000000"/>
  <attribute name="GC Util currently" value="46" />
  <attribute name="CPU Util currently" value="16362315878534" />
<exclusive-end id="1493" timestamp="2019-06-15T05:01:42.888" durationms="4.412" />

<exclusive-start id="1494" timestamp="2019-06-15T05:01:42.939" intervalms="55.263">
  <response-info timems="0.054" idlems="0.054" threads="0" lastid="000000000158D900" lastname="Thread-3" />
</exclusive-start>
<allocation-taxation id="1495" taxation-threshold="5242880" timestamp="2019-06-15T05:01:42.939" intervalms="55.257" />
<cycle-start id="1496" type="global mark phase" contextid="0" timestamp="2019-06-15T05:01:42.939" intervalms="299.637" />
<gc-start id="1497" type="global mark phase" contextid="1496" timestamp="2019-06-15T05:01:42.939">
  <mem-info id="1498" free="6291456" total="22020096" percent="28">
    <remembered-set count="768" freebytes="875904" totalbytes="878976" percent="99" regionsoverflowed="0" regionsstable="2" regionsrebuilding="0"/>
  </mem-info>
</gc-start>
<gc-op id="1499" type="mark increment" timems="0.425" contextid="1496" timestamp="2019-06-15T05:01:42.939">
  <trace-info objectcount="302" scancount="0" scanbytes="0" />
</gc-op>
<gc-end id="1500" type="global mark phase" contextid="1496" durationms="0.531" usertimems="0.000" systemtimems="0.000" timestamp="2019-06-15T05:01:42.939" activeThreads="4">
  <mem-info id="1501" free="6291456" total="22020096" percent="28">
    <remembered-set count="768" freebytes="875904" totalbytes="878976" percent="99" regionsoverflowed="0" regionsstable="0" regionsrebuilding="2"/>
  </mem-info>
</gc-end>
<concurrent-start id="1502" type="GMP work packet processing" contextid="1496" timestamp="2019-06-15T05:01:42.939">
  <concurrent-mark-start scanTarget="18446744073709551615" />
</concurrent-start>
<exclusive-end id="1503" timestamp="2019-06-15T05:01:42.939" durationms="0.888" />

<concurrent-end id="1504" type="GMP work packet processing" contextid="1496" timestamp="2019-06-15T05:01:42.942">
  <concurrent-mark-end bytesScanned="1580720" reasonForTermination="Completed all work in GC phase" />
</concurrent-end>

<exclusive-start id="1505" timestamp="2019-06-15T05:01:42.973" intervalms="34.609">
  <response-info timems="0.045" idlems="0.045" threads="0" lastid="0000000001598D00" lastname="Thread-6" />
</exclusive-start>
<allocation-taxation id="1506" taxation-threshold="5242880" timestamp="2019-06-15T05:01:42.973" intervalms="34.656" />
<cycle-start id="1507" type="partial gc" contextid="0" timestamp="2019-06-15T05:01:42.973" intervalms="89.921" />
<gc-start id="1508" type="partial gc" contextid="1507" timestamp="2019-06-15T05:01:42.974">
  <mem-info id="1509" free="1048576" total="22020096" percent="4">
    <mem type="eden" free="0" total="10485760" percent="0" />
    <remembered-set count="6048" freebytes="854784" totalbytes="878976" percent="97" regionsoverflowed="0" regionsstable="0" regionsrebuilding="2"/>
  </mem-info>
</gc-start>
<allocation-stats totalBytes="10455520" >
  <allocated-bytes non-tlh="0" tlh="10455520" arrayletleaf="0"/>
  <largest-consumer threadName="Thread-6" threadId="0000000001598D00" bytes="1567592" />
</allocation-stats>
<gc-op id="1510" type="copy forward" timems="1.469" contextid="1507" timestamp="2019-06-15T05:01:42.976">
  <memory-copied type="eden" objects="1936" bytes="892744" bytesdiscarded="183792" />
  <memory-copied type="other" objects="4" bytes="144" bytesdiscarded="0" />
  <memory-cardclean objects="1056" bytes="54912" />
  <regions eden="10" other="1" />
  <remembered-set-cleared processed="5787" cleared="756" durationms="0.074" />
  <references type="phantom" candidates="1" cleared="0" enqueued="0" />
  <stringconstants candidates="3932" cleared="0"  />
  <heap-resize type="expand" space="default" amount="2097152" count="2" timems="0.130" reason="continue current collection" />
</gc-op>
<gc-op id="1511" type="classunload" timems="0.001" contextid="1507" timestamp="2019-06-15T05:01:42.976">
  <classunload-info classloadercandidates="8" classloadersunloaded="0" classesunloaded="0" anonymousclassesunloaded="0" quiescems="0.000" setupms="0.001" scanms="0.000" postms="0.000" />
</gc-op>
<gc-op id="1512" type="compact" timems="0.767" contextid="1507" timestamp="2019-06-15T05:01:42.977">
  <compact-info movecount="0" movebytes="0" />
  <remembered-set-cleared processed="11159" cleared="756" durationms="0.074" />
</gc-op>
<gc-end id="1513" type="partial gc" contextid="1507" durationms="3.164" usertimems="4.000" systemtimems="0.000" timestamp="2019-06-15T05:01:42.977" activeThreads="4">
  <mem-info id="1514" free="11534336" total="24117248" percent="47">
    <mem type="eden" free="1020536" total="2097152" percent="48" />
    <remembered-set count="5920" freebytes="939008" totalbytes="962688" percent="97" regionsoverflowed="0" regionsstable="0" regionsrebuilding="2"/>
  </mem-info>
</gc-end>
<cycle-end id="1515" type="partial gc" contextid="1507" timestamp="2019-06-15T05:01:42.977" />
  <attribute name="elasticGC enabled" value="1" />
  <attribute name= "numThreadsSpecified" value="4" />
  <attribute name="heapSize specified" value="0" />
  <attribute name="Current GC Util" value="131" />
  <attribute name= "Current Time Running" value="8221" />
  <attribute name ="GC Interval" value="0" />
  <attribute name="ProportionalT" value="55.500000" />
  <attribute name="ProportionalI" value="55.500000" />
  <attribute name="ProportionalH" value="55.500000" />
  <attribute name="Current Error" value="111.000000" />
  <attribute name="IntegralT" value="111.000000" />
  <attribute name="IntegralI" value="111.000000" />
  <attribute name="IntegralH" value="111.000000" />
  <attribute name="DerivativeT" value="64.500000" />
  <attribute name="DerivativeI" value="64.500000" />
  <attribute name="DerivativeH" value="64.500000" />
  <attribute name="Loop Time for DT" value="1.000000" />
  <attribute name="Output H" value="8388608"/>
  <attribute name="Output I" value="232"/>
  <attribute name="Output T" value="4"/>
  <attribute name="Target GC Util Change" value ="20.000000" />
  <attribute name="Current GC Util Change" value="131.000000"/>
  <attribute name="GC Util currently" value="131" />
  <attribute name="CPU Util currently" value="2635929969087" />
<exclusive-end id="1516" timestamp="2019-06-15T05:01:42.977" durationms="3.807" />

<exclusive-start id="1517" timestamp="2019-06-15T05:01:43.027" intervalms="53.403">
  <response-info timems="0.082" idlems="0.082" threads="0" lastid="0000000001598D00" lastname="Thread-6" />
</exclusive-start>
<allocation-taxation id="1518" taxation-threshold="5242880" timestamp="2019-06-15T05:01:43.027" intervalms="53.368" />
<gc-start id="1519" type="global mark phase" contextid="1496" timestamp="2019-06-15T05:01:43.027">
  <mem-info id="1520" free="6291456" total="24117248" percent="26">
    <remembered-set count="5920" freebytes="939008" totalbytes="962688" percent="97" regionsoverflowed="0" regionsstable="0" regionsrebuilding="2"/>
  </mem-info>
</gc-start>
<gc-op id="1521" type="mark increment" timems="1.117" contextid="1496" timestamp="2019-06-15T05:01:43.028">
  <trace-info objectcount="2722" scancount="2189" scanbytes="454960" />
  <cardclean-info objects="1281" bytes="98500" />
  <finalization candidates="25" enqueued="0" />
  <references type="soft" candidates="61" cleared="0" enqueued="0" dynamicThreshold="15" maxThreshold="32" />
  <references type="weak" candidates="267" cleared="0" enqueued="0" />
  <references type="phantom" candidates="97" cleared="0" enqueued="0" />
  <stringconstants candidates="3932" cleared="0"  />
</gc-op>
<gc-op id="1522" type="classunload" timems="0.004" contextid="1496" timestamp="2019-06-15T05:01:43.028">
  <classunload-info classloadercandidates="8" classloadersunloaded="0" classesunloaded="0" anonymousclassesunloaded="0" quiescems="0.000" setupms="0.003" scanms="0.000" postms="0.000" />
</gc-op>
<gc-end id="1523" type="global mark phase" contextid="1496" durationms="1.359" usertimems="0.000" systemtimems="4.000" timestamp="2019-06-15T05:01:43.028" activeThreads="4">
  <mem-info id="1524" free="6291456" total="24117248" percent="26">
    <remembered-set count="7968" freebytes="930816" totalbytes="962688" percent="96" regionsoverflowed="0" regionsstable="0" regionsrebuilding="0"/>
  </mem-info>
</gc-end>
<cycle-end id="1525" type="global mark phase" contextid="1496" timestamp="2019-06-15T05:01:43.028" />
  <attribute name="elasticGC enabled" value="1" />
  <attribute name= "numThreadsSpecified" value="4" />
  <attribute name="heapSize specified" value="0" />
  <attribute name="Current GC Util" value="100" />
  <attribute name= "Current Time Running" value="8273" />
  <attribute name ="GC Interval" value="0" />
  <attribute name="ProportionalT" value="40.000000" />
  <attribute name="ProportionalI" value="40.000000" />
  <attribute name="ProportionalH" value="40.000000" />
  <attribute name="Current Error" value="80.000000" />
  <attribute name="IntegralT" value="0.000000" />
  <attribute name="IntegralI" value="0.000000" />
  <attribute name="IntegralH" value="0.000000" />
  <attribute name="DerivativeT" value="-inf" />
  <attribute name="DerivativeI" value="-inf" />
  <attribute name="DerivativeH" value="-inf" />
  <attribute name="Loop Time for DT" value="0.000000" />
  <attribute name="Output H" value="2091843584"/>
  <attribute name="Output I" value="200"/>
  <attribute name="Output T" value="4"/>
  <attribute name="Target GC Util Change" value ="20.000000" />
  <attribute name="Current GC Util Change" value="100.000000"/>
  <attribute name="GC Util currently" value="100" />
  <attribute name="CPU Util currently" value="16052372186483" />
<exclusive-end id="1526" timestamp="2019-06-15T05:01:43.028" durationms="1.691" />

<exclusive-start id="1527" timestamp="2019-06-15T05:01:43.066" intervalms="39.918">
  <response-info timems="0.206" idlems="0.110" threads="1" lastid="0000000001595100" lastname="Thread-5" />
</exclusive-start>
<allocation-taxation id="1528" taxation-threshold="5242880" timestamp="2019-06-15T05:01:43.067" intervalms="39.926" />
<cycle-start id="1529" type="partial gc" contextid="0" timestamp="2019-06-15T05:01:43.067" intervalms="93.300" />
<gc-start id="1530" type="partial gc" contextid="1529" timestamp="2019-06-15T05:01:43.067">
  <mem-info id="1531" free="1048576" total="24117248" percent="4">
    <mem type="eden" free="0" total="10485760" percent="0" />
    <remembered-set count="1920" freebytes="955008" totalbytes="962688" percent="99" regionsoverflowed="0" regionsstable="2" regionsrebuilding="0"/>
  </mem-info>
</gc-start>
<allocation-stats totalBytes="10451264" >
  <allocated-bytes non-tlh="114720" tlh="10336544" arrayletleaf="0"/>
  <largest-consumer threadName="Thread-5" threadId="0000000001595100" bytes="1971680" />
</allocation-stats>
<gc-op id="1532" type="sweep" timems="0.608" contextid="1529" timestamp="2019-06-15T05:01:43.068" />
<gc-op id="1533" type="copy forward" timems="1.106" contextid="1529" timestamp="2019-06-15T05:01:43.070">
  <memory-copied type="eden" objects="1876" bytes="834088" bytesdiscarded="0" />
  <memory-copied type="other" objects="17" bytes="808" bytesdiscarded="0" />
  <memory-cardclean objects="1049" bytes="54744" />
  <regions eden="5" other="5" />
  <remembered-set-cleared processed="559" cleared="15" durationms="0.079" />
  <references type="phantom" candidates="1" cleared="0" enqueued="0" />
  <stringconstants candidates="3932" cleared="0"  />
</gc-op>
<gc-op id="1534" type="classunload" timems="0.001" contextid="1529" timestamp="2019-06-15T05:01:43.070">
  <classunload-info classloadercandidates="8" classloadersunloaded="0" classesunloaded="0" anonymousclassesunloaded="0" quiescems="0.000" setupms="0.001" scanms="0.000" postms="0.000" />
</gc-op>
<heap-resize id="1535" type="contract" space="default" amount="2097152" count="1" timems="0.237" reason="insufficient time being spent in gc" timestamp="2019-06-15T05:01:43.070" />
<gc-end id="1536" type="partial gc" contextid="1529" durationms="3.471" usertimems="0.000" systemtimems="4.000" timestamp="2019-06-15T05:01:43.070" activeThreads="1">
  <mem-info id="1537" free="10485760" total="22020096" percent="47">
    <mem type="eden" free="213752" total="1048576" percent="20" />
    <remembered-set count="2080" freebytes="954368" totalbytes="962688" percent="99" regionsoverflowed="0" regionsstable="2" regionsrebuilding="0"/>
  </mem-info>
</gc-end>
<cycle-end id="1538" type="partial gc" contextid="1529" timestamp="2019-06-15T05:01:43.071" />
  <attribute name="elasticGC enabled" value="1" />
  <attribute name= "numThreadsSpecified" value="1" />
  <attribute name="heapSize specified" value="0" />
  <attribute name="Current GC Util" value="63" />
  <attribute name= "Current Time Running" value="8314" />
  <attribute name ="GC Interval" value="0" />
  <attribute name="ProportionalT" value="21.500000" />
  <attribute name="ProportionalI" value="21.500000" />
  <attribute name="ProportionalH" value="21.500000" />
  <attribute name="Current Error" value="43.000000" />
  <attribute name="IntegralT" value="0.000000" />
  <attribute name="IntegralI" value="0.000000" />
  <attribute name="IntegralH" value="0.000000" />
  <attribute name="DerivativeT" value="inf" />
  <attribute name="DerivativeI" value="inf" />
  <attribute name="DerivativeH" value="inf" />
  <attribute name="Loop Time for DT" value="0.000000" />
  <attribute name="Output H" value="8388608"/>
  <attribute name="Output I" value="200"/>
  <attribute name="Output T" value="1"/>
  <attribute name="Target GC Util Change" value ="20.000000" />
  <attribute name="Current GC Util Change" value="63.000000"/>
  <attribute name="GC Util currently" value="63" />
  <attribute name="CPU Util currently" value="21401226085105" />
<exclusive-end id="1539" timestamp="2019-06-15T05:01:43.071" durationms="4.293" />

<exclusive-start id="1540" timestamp="2019-06-15T05:01:43.111" intervalms="44.713">
  <response-info timems="0.047" idlems="0.024" threads="1" lastid="0000000001595100" lastname="Thread-5" />
</exclusive-start>
<allocation-taxation id="1541" taxation-threshold="5242880" timestamp="2019-06-15T05:01:43.111" intervalms="44.686" />
<cycle-start id="1542" type="global mark phase" contextid="0" timestamp="2019-06-15T05:01:43.111" intervalms="172.625" />
<gc-start id="1543" type="global mark phase" contextid="1542" timestamp="2019-06-15T05:01:43.111">
  <mem-info id="1544" free="5242880" total="22020096" percent="23">
    <remembered-set count="1792" freebytes="955520" totalbytes="962688" percent="99" regionsoverflowed="0" regionsstable="2" regionsrebuilding="0"/>
  </mem-info>
</gc-start>
<gc-op id="1545" type="mark increment" timems="0.469" contextid="1542" timestamp="2019-06-15T05:01:43.112">
  <trace-info objectcount="251" scancount="0" scanbytes="0" />
</gc-op>
<gc-end id="1546" type="global mark phase" contextid="1542" durationms="0.608" usertimems="0.000" systemtimems="0.000" timestamp="2019-06-15T05:01:43.112" activeThreads="1">
  <mem-info id="1547" free="5242880" total="22020096" percent="23">
    <remembered-set count="1792" freebytes="955520" totalbytes="962688" percent="99" regionsoverflowed="0" regionsstable="0" regionsrebuilding="2"/>
  </mem-info>
</gc-end>
<concurrent-start id="1548" type="GMP work packet processing" contextid="1542" timestamp="2019-06-15T05:01:43.112">
  <concurrent-mark-start scanTarget="18446744073709551615" />
</concurrent-start>
<exclusive-end id="1549" timestamp="2019-06-15T05:01:43.112" durationms="1.023" />

<concurrent-end id="1550" type="GMP work packet processing" contextid="1542" timestamp="2019-06-15T05:01:43.113">
  <concurrent-mark-end bytesScanned="1527164" reasonForTermination="Completed all work in GC phase" />
</concurrent-end>

<exclusive-start id="1551" timestamp="2019-06-15T05:01:43.152" intervalms="41.229">
  <response-info timems="0.023" idlems="0.023" threads="0" lastid="0000000001598D00" lastname="Thread-6" />
</exclusive-start>
<allocation-taxation id="1552" taxation-threshold="5242880" timestamp="2019-06-15T05:01:43.153" intervalms="41.247" />
<cycle-start id="1553" type="partial gc" contextid="0" timestamp="2019-06-15T05:01:43.153" intervalms="85.921" />
<gc-start id="1554" type="partial gc" contextid="1553" timestamp="2019-06-15T05:01:43.153">
  <mem-info id="1555" free="0" total="22020096" percent="0">
    <mem type="eden" free="0" total="10485760" percent="0" />
    <remembered-set count="6592" freebytes="936320" totalbytes="962688" percent="97" regionsoverflowed="0" regionsstable="0" regionsrebuilding="2"/>
  </mem-info>
</gc-start>
<allocation-stats totalBytes="10347456" >
  <allocated-bytes non-tlh="32776" tlh="10314680" arrayletleaf="0"/>
  <largest-consumer threadName="Thread-3" threadId="000000000158D900" bytes="1924648" />
</allocation-stats>
<gc-op id="1556" type="mark" timems="1.068" contextid="1553" timestamp="2019-06-15T05:01:43.154">
  <trace-info objectcount="2273" scancount="1856" scanbytes="409540" />
  <cardclean-info objects="2322" bytes="95148" />
  <remembered-set-cleared processed="5391" cleared="1318" durationms="0.120" />
  <references type="phantom" candidates="1" cleared="0" enqueued="0" />
  <stringconstants candidates="3932" cleared="0"  />
  <warning details="Mark invoked due to insufficient free space for Copy-Forward" />
</gc-op>
<gc-op id="1557" type="classunload" timems="0.001" contextid="1553" timestamp="2019-06-15T05:01:43.154">
  <classunload-info classloadercandidates="8" classloadersunloaded="0" classesunloaded="0" anonymousclassesunloaded="0" quiescems="0.000" setupms="0.001" scanms="0.000" postms="0.000" />
</gc-op>
<gc-op id="1558" type="sweep" timems="0.458" contextid="1553" timestamp="2019-06-15T05:01:43.155" />
<gc-op id="1559" type="compact" timems="1.681" contextid="1553" timestamp="2019-06-15T05:01:43.157">
  <compact-info movecount="7557" movebytes="1307232" />
  <remembered-set-cleared processed="9648" cleared="3138" durationms="0.120" />
</gc-op>
<gc-end id="1560" type="partial gc" contextid="1553" durationms="4.465" usertimems="8.000" systemtimems="0.000" timestamp="2019-06-15T05:01:43.157" activeThreads="4">
  <mem-info id="1561" free="10485760" total="22020096" percent="47">
    <mem type="eden" free="89928" total="1048576" percent="8" />
    <remembered-set count="5664" freebytes="856320" totalbytes="878976" percent="97" regionsoverflowed="0" regionsstable="0" regionsrebuilding="2"/>
  </mem-info>
</gc-end>
<cycle-end id="1562" type="partial gc" contextid="1553" timestamp="2019-06-15T05:01:43.157" />
  <attribute name="elasticGC enabled" value="1" />
  <attribute name= "numThreadsSpecified" value="4" />
  <attribute name="heapSize specified" value="0" />
  <attribute name="Current GC Util" value="37" />
  <attribute name= "Current Time Running" value="8401" />
  <attribute name ="GC Interval" value="0" />
  <attribute name="ProportionalT" value="8.500000" />
  <attribute name="ProportionalI" value="8.500000" />
  <attribute name="ProportionalH" value="8.500000" />
  <attribute name="Current Error" value="17.000000" />
  <attribute name="IntegralT" value="17.000000" />
  <attribute name="IntegralI" value="17.000000" />
  <attribute name="IntegralH" value="17.000000" />
  <attribute name="DerivativeT" value="25.500000" />
  <attribute name="DerivativeI" value="25.500000" />
  <attribute name="DerivativeH" value="25.500000" />
  <attribute name="Loop Time for DT" value="1.000000" />
  <attribute name="Output H" value="8388608"/>
  <attribute name="Output I" value="200"/>
  <attribute name="Output T" value="4"/>
  <attribute name="Target GC Util Change" value ="20.000000" />
  <attribute name="Current GC Util Change" value="37.000000"/>
  <attribute name="GC Util currently" value="37" />
  <attribute name="CPU Util currently" value="6318286884057" />
<exclusive-end id="1563" timestamp="2019-06-15T05:01:43.158" durationms="5.080" />

<exclusive-start id="1564" timestamp="2019-06-15T05:01:43.201" intervalms="48.923">
  <response-info timems="0.065" idlems="0.065" threads="0" lastid="000000000158D900" lastname="Thread-3" />
</exclusive-start>
<allocation-taxation id="1565" taxation-threshold="5242880" timestamp="2019-06-15T05:01:43.201" intervalms="48.917" />
<gc-start id="1566" type="global mark phase" contextid="1542" timestamp="2019-06-15T05:01:43.202">
  <mem-info id="1567" free="5242880" total="22020096" percent="23">
    <remembered-set count="5248" freebytes="857984" totalbytes="878976" percent="97" regionsoverflowed="0" regionsstable="0" regionsrebuilding="2"/>
  </mem-info>
</gc-start>
<gc-op id="1568" type="mark increment" timems="1.533" contextid="1542" timestamp="2019-06-15T05:01:43.203">
  <trace-info objectcount="7437" scancount="5799" scanbytes="550132" />
  <cardclean-info objects="7755" bytes="308640" />
  <finalization candidates="25" enqueued="0" />
  <references type="soft" candidates="61" cleared="0" enqueued="0" dynamicThreshold="15" maxThreshold="32" />
  <references type="weak" candidates="266" cleared="0" enqueued="0" />
  <references type="phantom" candidates="96" cleared="0" enqueued="0" />
  <stringconstants candidates="3932" cleared="0"  />
</gc-op>
<gc-op id="1569" type="classunload" timems="0.002" contextid="1542" timestamp="2019-06-15T05:01:43.203">
  <classunload-info classloadercandidates="8" classloadersunloaded="0" classesunloaded="0" anonymousclassesunloaded="0" quiescems="0.000" setupms="0.002" scanms="0.000" postms="0.000" />
</gc-op>
<gc-end id="1570" type="global mark phase" contextid="1542" durationms="1.813" usertimems="0.000" systemtimems="4.000" timestamp="2019-06-15T05:01:43.203" activeThreads="4">
  <mem-info id="1571" free="5242880" total="22020096" percent="23">
    <remembered-set count="6784" freebytes="851840" totalbytes="878976" percent="96" regionsoverflowed="0" regionsstable="0" regionsrebuilding="0"/>
  </mem-info>
</gc-end>
<cycle-end id="1572" type="global mark phase" contextid="1542" timestamp="2019-06-15T05:01:43.203" />
  <attribute name="elasticGC enabled" value="1" />
  <attribute name= "numThreadsSpecified" value="4" />
  <attribute name="heapSize specified" value="0" />
  <attribute name="Current GC Util" value="140" />
  <attribute name= "Current Time Running" value="8448" />
  <attribute name ="GC Interval" value="0" />
  <attribute name="ProportionalT" value="60.000000" />
  <attribute name="ProportionalI" value="60.000000" />
  <attribute name="ProportionalH" value="60.000000" />
  <attribute name="Current Error" value="120.000000" />
  <attribute name="IntegralT" value="0.000000" />
  <attribute name="IntegralI" value="0.000000" />
  <attribute name="IntegralH" value="0.000000" />
  <attribute name="DerivativeT" value="-inf" />
  <attribute name="DerivativeI" value="-inf" />
  <attribute name="DerivativeH" value="-inf" />
  <attribute name="Loop Time for DT" value="0.000000" />
  <attribute name="Output H" value="2091843584"/>
  <attribute name="Output I" value="200"/>
  <attribute name="Output T" value="4"/>
  <attribute name="Target GC Util Change" value ="20.000000" />
  <attribute name="Current GC Util Change" value="140.000000"/>
  <attribute name="GC Util currently" value="140" />
  <attribute name="CPU Util currently" value="10963602746942" />
<exclusive-end id="1573" timestamp="2019-06-15T05:01:43.204" durationms="2.217" />

<exclusive-start id="1574" timestamp="2019-06-15T05:01:43.242" intervalms="40.565">
  <response-info timems="0.040" idlems="0.040" threads="0" lastid="0000000001595100" lastname="Thread-5" />
</exclusive-start>
<allocation-taxation id="1575" taxation-threshold="5242880" timestamp="2019-06-15T05:01:43.242" intervalms="40.560" />
<cycle-start id="1576" type="partial gc" contextid="0" timestamp="2019-06-15T05:01:43.242" intervalms="89.479" />
<gc-start id="1577" type="partial gc" contextid="1576" timestamp="2019-06-15T05:01:43.242">
  <mem-info id="1578" free="0" total="22020096" percent="0">
    <mem type="eden" free="0" total="10485760" percent="0" />
    <remembered-set count="1568" freebytes="872704" totalbytes="878976" percent="99" regionsoverflowed="0" regionsstable="2" regionsrebuilding="0"/>
  </mem-info>
</gc-start>
<allocation-stats totalBytes="10365720" >
  <allocated-bytes non-tlh="0" tlh="10365720" arrayletleaf="0"/>
  <largest-consumer threadName="Thread-3" threadId="000000000158D900" bytes="1834784" />
</allocation-stats>
<gc-op id="1579" type="sweep" timems="0.415" contextid="1576" timestamp="2019-06-15T05:01:43.243" />
<gc-op id="1580" type="copy forward" timems="1.067" contextid="1576" timestamp="2019-06-15T05:01:43.244">
  <memory-copied type="eden" objects="1446" bytes="534888" bytesdiscarded="0" />
  <memory-copied type="other" objects="660" bytes="285992" bytesdiscarded="0" />
  <memory-cardclean objects="1048" bytes="54656" />
  <regions eden="5" other="5" />
  <remembered-set-cleared processed="568" cleared="22" durationms="0.060" />
  <stringconstants candidates="3932" cleared="0"  />
</gc-op>
<gc-op id="1581" type="classunload" timems="0.001" contextid="1576" timestamp="2019-06-15T05:01:43.244">
  <classunload-info classloadercandidates="8" classloadersunloaded="0" classesunloaded="0" anonymousclassesunloaded="0" quiescems="0.000" setupms="0.001" scanms="0.000" postms="0.000" />
</gc-op>
<gc-end id="1582" type="partial gc" contextid="1576" durationms="2.514" usertimems="4.000" systemtimems="0.000" timestamp="2019-06-15T05:01:43.245" activeThreads="1">
  <mem-info id="1583" free="12582912" total="22020096" percent="57">
    <mem type="eden" free="227784" total="1048576" percent="21" />
    <remembered-set count="1792" freebytes="871808" totalbytes="878976" percent="99" regionsoverflowed="0" regionsstable="2" regionsrebuilding="0"/>
  </mem-info>
</gc-end>
<cycle-end id="1584" type="partial gc" contextid="1576" timestamp="2019-06-15T05:01:43.245" />
  <attribute name="elasticGC enabled" value="1" />
  <attribute name= "numThreadsSpecified" value="1" />
  <attribute name="heapSize specified" value="0" />
  <attribute name="Current GC Util" value="57" />
  <attribute name= "Current Time Running" value="8489" />
  <attribute name ="GC Interval" value="0" />
  <attribute name="ProportionalT" value="18.500000" />
  <attribute name="ProportionalI" value="18.500000" />
  <attribute name="ProportionalH" value="18.500000" />
  <attribute name="Current Error" value="37.000000" />
  <attribute name="IntegralT" value="0.000000" />
  <attribute name="IntegralI" value="0.000000" />
  <attribute name="IntegralH" value="0.000000" />
  <attribute name="DerivativeT" value="inf" />
  <attribute name="DerivativeI" value="inf" />
  <attribute name="DerivativeH" value="inf" />
  <attribute name="Loop Time for DT" value="0.000000" />
  <attribute name="Output H" value="8388608"/>
  <attribute name="Output I" value="200"/>
  <attribute name="Output T" value="1"/>
  <attribute name="Target GC Util Change" value ="20.000000" />
  <attribute name="Current GC Util Change" value="57.000000"/>
  <attribute name="GC Util currently" value="57" />
  <attribute name="CPU Util currently" value="22620386245397" />
<exclusive-end id="1585" timestamp="2019-06-15T05:01:43.245" durationms="3.233" />

<exclusive-start id="1586" timestamp="2019-06-15T05:01:43.290" intervalms="48.199">
  <response-info timems="0.036" idlems="0.036" threads="0" lastid="000000000158D900" lastname="Thread-3" />
</exclusive-start>
<allocation-taxation id="1587" taxation-threshold="6291456" timestamp="2019-06-15T05:01:43.290" intervalms="48.201" />
<cycle-start id="1588" type="global mark phase" contextid="0" timestamp="2019-06-15T05:01:43.290" intervalms="178.934" />
<gc-start id="1589" type="global mark phase" contextid="1588" timestamp="2019-06-15T05:01:43.290">
  <mem-info id="1590" free="6291456" total="22020096" percent="28">
    <remembered-set count="1440" freebytes="873216" totalbytes="878976" percent="99" regionsoverflowed="0" regionsstable="2" regionsrebuilding="0"/>
  </mem-info>
</gc-start>
<gc-op id="1591" type="mark increment" timems="0.441" contextid="1588" timestamp="2019-06-15T05:01:43.291">
  <trace-info objectcount="289" scancount="0" scanbytes="0" />
</gc-op>
<gc-end id="1592" type="global mark phase" contextid="1588" durationms="0.548" usertimems="0.000" systemtimems="0.000" timestamp="2019-06-15T05:01:43.291" activeThreads="1">
  <mem-info id="1593" free="6291456" total="22020096" percent="28">
    <remembered-set count="1440" freebytes="873216" totalbytes="878976" percent="99" regionsoverflowed="0" regionsstable="0" regionsrebuilding="2"/>
  </mem-info>
</gc-end>
<concurrent-start id="1594" type="GMP work packet processing" contextid="1588" timestamp="2019-06-15T05:01:43.291">
  <concurrent-mark-start scanTarget="18446744073709551615" />
</concurrent-start>
<exclusive-end id="1595" timestamp="2019-06-15T05:01:43.291" durationms="0.962" />

<concurrent-end id="1596" type="GMP work packet processing" contextid="1588" timestamp="2019-06-15T05:01:43.292">
  <concurrent-mark-end bytesScanned="1576424" reasonForTermination="Completed all work in GC phase" />
</concurrent-end>

<exclusive-start id="1597" timestamp="2019-06-15T05:01:43.346" intervalms="56.151">
  <response-info timems="0.053" idlems="0.053" threads="0" lastid="0000000001598D00" lastname="Thread-6" />
</exclusive-start>
<allocation-taxation id="1598" taxation-threshold="6291456" timestamp="2019-06-15T05:01:43.346" intervalms="56.161" />
<cycle-start id="1599" type="partial gc" contextid="0" timestamp="2019-06-15T05:01:43.346" intervalms="104.365" />
<gc-start id="1600" type="partial gc" contextid="1599" timestamp="2019-06-15T05:01:43.347">
  <mem-info id="1601" free="0" total="22020096" percent="0">
    <mem type="eden" free="0" total="12582912" percent="0" />
    <remembered-set count="6880" freebytes="851456" totalbytes="878976" percent="96" regionsoverflowed="0" regionsstable="0" regionsrebuilding="2"/>
  </mem-info>
</gc-start>
<allocation-stats totalBytes="12482936" >
  <allocated-bytes non-tlh="32776" tlh="12450160" arrayletleaf="0"/>
  <largest-consumer threadName="Thread-3" threadId="000000000158D900" bytes="2651288" />
</allocation-stats>
<gc-op id="1602" type="mark" timems="1.445" contextid="1599" timestamp="2019-06-15T05:01:43.349">
  <trace-info objectcount="2368" scancount="1936" scanbytes="413440" />
  <cardclean-info objects="1048" bytes="54456" />
  <remembered-set-cleared processed="5792" cleared="751" durationms="0.105" />
  <references type="weak" candidates="1" cleared="0" enqueued="0" />
  <references type="phantom" candidates="3" cleared="0" enqueued="0" />
  <stringconstants candidates="3932" cleared="0"  />
  <warning details="Mark invoked due to insufficient free space for Copy-Forward" />
</gc-op>
<gc-op id="1603" type="classunload" timems="0.002" contextid="1599" timestamp="2019-06-15T05:01:43.349">
  <classunload-info classloadercandidates="8" classloadersunloaded="0" classesunloaded="0" anonymousclassesunloaded="0" quiescems="0.000" setupms="0.002" scanms="0.000" postms="0.000" />
</gc-op>
<gc-op id="1604" type="sweep" timems="0.299" contextid="1599" timestamp="2019-06-15T05:01:43.349" />
<gc-op id="1605" type="compact" timems="1.328" contextid="1599" timestamp="2019-06-15T05:01:43.351">
  <compact-info movecount="2368" movebytes="918576" />
  <remembered-set-cleared processed="11408" cleared="1208" durationms="0.105" />
</gc-op>
<heap-resize id="1606" type="contract" space="default" amount="2097152" count="1" timems="0.200" reason="insufficient time being spent in gc" timestamp="2019-06-15T05:01:43.351" />
<gc-end id="1607" type="partial gc" contextid="1599" durationms="4.436" usertimems="8.000" systemtimems="0.000" timestamp="2019-06-15T05:01:43.351" activeThreads="4">
  <mem-info id="1608" free="9437184" total="19922944" percent="47">
    <mem type="eden" free="130144" total="1048576" percent="12" />
    <remembered-set count="6400" freebytes="853376" totalbytes="878976" percent="97" regionsoverflowed="0" regionsstable="0" regionsrebuilding="2"/>
  </mem-info>
</gc-end>
<cycle-end id="1609" type="partial gc" contextid="1599" timestamp="2019-06-15T05:01:43.351" />
  <attribute name="elasticGC enabled" value="1" />
  <attribute name= "numThreadsSpecified" value="4" />
  <attribute name="heapSize specified" value="0" />
  <attribute name="Current GC Util" value="40" />
  <attribute name= "Current Time Running" value="8595" />
  <attribute name ="GC Interval" value="0" />
  <attribute name="ProportionalT" value="10.000000" />
  <attribute name="ProportionalI" value="10.000000" />
  <attribute name="ProportionalH" value="10.000000" />
  <attribute name="Current Error" value="20.000000" />
  <attribute name="IntegralT" value="20.000000" />
  <attribute name="IntegralI" value="20.000000" />
  <attribute name="IntegralH" value="20.000000" />
  <attribute name="DerivativeT" value="-111.000000" />
  <attribute name="DerivativeI" value="-111.000000" />
  <attribute name="DerivativeH" value="-111.000000" />
  <attribute name="Loop Time for DT" value="1.000000" />
  <attribute name="Output H" value="2091843584"/>
  <attribute name="Output I" value="200"/>
  <attribute name="Output T" value="4"/>
  <attribute name="Target GC Util Change" value ="20.000000" />
  <attribute name="Current GC Util Change" value="40.000000"/>
  <attribute name="GC Util currently" value="40" />
  <attribute name="CPU Util currently" value="9215907124867" />
<exclusive-end id="1610" timestamp="2019-06-15T05:01:43.351" durationms="5.122" />

<exclusive-start id="1611" timestamp="2019-06-15T05:01:43.381" intervalms="34.821">
  <response-info timems="0.050" idlems="0.050" threads="0" lastid="0000000001591500" lastname="Thread-4" />
</exclusive-start>
<allocation-taxation id="1612" taxation-threshold="4194304" timestamp="2019-06-15T05:01:43.381" intervalms="34.798" />
<gc-start id="1613" type="global mark phase" contextid="1588" timestamp="2019-06-15T05:01:43.381">
  <mem-info id="1614" free="5242880" total="19922944" percent="26">
    <remembered-set count="5984" freebytes="855040" totalbytes="878976" percent="97" regionsoverflowed="0" regionsstable="0" regionsrebuilding="2"/>
  </mem-info>
</gc-start>
<gc-op id="1615" type="mark increment" timems="1.283" contextid="1588" timestamp="2019-06-15T05:01:43.383">
  <trace-info objectcount="2004" scancount="1607" scanbytes="366504" />
  <cardclean-info objects="1230" bytes="130412" />
  <finalization candidates="25" enqueued="0" />
  <references type="soft" candidates="61" cleared="0" enqueued="0" dynamicThreshold="15" maxThreshold="32" />
  <references type="weak" candidates="267" cleared="0" enqueued="0" />
  <references type="phantom" candidates="97" cleared="0" enqueued="0" />
  <stringconstants candidates="3932" cleared="0"  />
</gc-op>
<gc-op id="1616" type="classunload" timems="0.002" contextid="1588" timestamp="2019-06-15T05:01:43.383">
  <classunload-info classloadercandidates="8" classloadersunloaded="0" classesunloaded="0" anonymousclassesunloaded="0" quiescems="0.000" setupms="0.002" scanms="0.000" postms="0.000" />
</gc-op>
<gc-end id="1617" type="global mark phase" contextid="1588" durationms="1.568" usertimems="0.000" systemtimems="0.000" timestamp="2019-06-15T05:01:43.383" activeThreads="4">
  <mem-info id="1618" free="5242880" total="19922944" percent="26">
    <remembered-set count="7520" freebytes="848896" totalbytes="878976" percent="96" regionsoverflowed="0" regionsstable="0" regionsrebuilding="0"/>
  </mem-info>
</gc-end>
<cycle-end id="1619" type="global mark phase" contextid="1588" timestamp="2019-06-15T05:01:43.383" />
  <attribute name="elasticGC enabled" value="1" />
  <attribute name= "numThreadsSpecified" value="4" />
  <attribute name="heapSize specified" value="0" />
  <attribute name="Current GC Util" value="0" />
  <attribute name= "Current Time Running" value="8627" />
  <attribute name ="GC Interval" value="0" />
  <attribute name="ProportionalT" value="-10.000000" />
  <attribute name="ProportionalI" value="-10.000000" />
  <attribute name="ProportionalH" value="-10.000000" />
  <attribute name="Current Error" value="-20.000000" />
  <attribute name="IntegralT" value="0.000000" />
  <attribute name="IntegralI" value="0.000000" />
  <attribute name="IntegralH" value="0.000000" />
  <attribute name="DerivativeT" value="-inf" />
  <attribute name="DerivativeI" value="-inf" />
  <attribute name="DerivativeH" value="-inf" />
  <attribute name="Loop Time for DT" value="0.000000" />
  <attribute name="Output H" value="2091843584"/>
  <attribute name="Output I" value="200"/>
  <attribute name="Output T" value="4"/>
  <attribute name="Target GC Util Change" value ="20.000000" />
  <attribute name="Current GC Util Change" value="0.000000"/>
  <attribute name="GC Util currently" value="0" />
  <attribute name="CPU Util currently" value="18141602268609" />
<exclusive-end id="1620" timestamp="2019-06-15T05:01:43.383" durationms="1.894" />

<exclusive-start id="1621" timestamp="2019-06-15T05:01:43.417" intervalms="36.312">
  <response-info timems="0.034" idlems="0.034" threads="0" lastid="000000000158D900" lastname="Thread-3" />
</exclusive-start>
<allocation-taxation id="1622" taxation-threshold="4194304" timestamp="2019-06-15T05:01:43.417" intervalms="36.317" />
<cycle-start id="1623" type="partial gc" contextid="0" timestamp="2019-06-15T05:01:43.418" intervalms="71.115" />
<gc-start id="1624" type="partial gc" contextid="1623" timestamp="2019-06-15T05:01:43.418">
  <mem-info id="1625" free="1048576" total="19922944" percent="5">
    <mem type="eden" free="0" total="8388608" percent="0" />
    <remembered-set count="1792" freebytes="871808" totalbytes="878976" percent="99" regionsoverflowed="0" regionsstable="2" regionsrebuilding="0"/>
  </mem-info>
</gc-start>
<allocation-stats totalBytes="8283848" >
  <allocated-bytes non-tlh="32776" tlh="8251072" arrayletleaf="0"/>
  <largest-consumer threadName="Thread-5" threadId="0000000001595100" bytes="1330376" />
</allocation-stats>
<gc-op id="1626" type="sweep" timems="0.391" contextid="1623" timestamp="2019-06-15T05:01:43.418" />
<gc-op id="1627" type="copy forward" timems="1.179" contextid="1623" timestamp="2019-06-15T05:01:43.420">
  <memory-copied type="eden" objects="2632" bytes="966984" bytesdiscarded="0" />
  <memory-copied type="other" objects="11" bytes="440" bytesdiscarded="0" />
  <memory-cardclean objects="1045" bytes="54424" />
  <regions eden="4" other="5" />
  <remembered-set-cleared processed="581" cleared="32" durationms="0.060" />
  <references type="weak" candidates="1" cleared="0" enqueued="0" />
  <references type="phantom" candidates="1" cleared="0" enqueued="0" />
  <stringconstants candidates="3932" cleared="0"  />
</gc-op>
<gc-op id="1628" type="classunload" timems="0.002" contextid="1623" timestamp="2019-06-15T05:01:43.420">
  <classunload-info classloadercandidates="8" classloadersunloaded="0" classesunloaded="0" anonymousclassesunloaded="0" quiescems="0.000" setupms="0.002" scanms="0.000" postms="0.000" />
</gc-op>
<gc-end id="1629" type="partial gc" contextid="1623" durationms="2.684" usertimems="4.000" systemtimems="0.000" timestamp="2019-06-15T05:01:43.420" activeThreads="1">
  <mem-info id="1630" free="10485760" total="19922944" percent="52">
    <mem type="eden" free="81488" total="1048576" percent="7" />
    <remembered-set count="1152" freebytes="790656" totalbytes="795264" percent="99" regionsoverflowed="0" regionsstable="2" regionsrebuilding="0"/>
  </mem-info>
</gc-end>
<cycle-end id="1631" type="partial gc" contextid="1623" timestamp="2019-06-15T05:01:43.421" />
  <attribute name="elasticGC enabled" value="1" />
  <attribute name= "numThreadsSpecified" value="1" />
  <attribute name="heapSize specified" value="0" />
  <attribute name="Current GC Util" value="46" />
  <attribute name= "Current Time Running" value="8664" />
  <attribute name ="GC Interval" value="0" />
  <attribute name="ProportionalT" value="13.000000" />
  <attribute name="ProportionalI" value="13.000000" />
  <attribute name="ProportionalH" value="13.000000" />
  <attribute name="Current Error" value="26.000000" />
  <attribute name="IntegralT" value="0.000000" />
  <attribute name="IntegralI" value="0.000000" />
  <attribute name="IntegralH" value="0.000000" />
  <attribute name="DerivativeT" value="inf" />
  <attribute name="DerivativeI" value="inf" />
  <attribute name="DerivativeH" value="inf" />
  <attribute name="Loop Time for DT" value="0.000000" />
  <attribute name="Output H" value="8388608"/>
  <attribute name="Output I" value="200"/>
  <attribute name="Output T" value="1"/>
  <attribute name="Target GC Util Change" value ="20.000000" />
  <attribute name="Current GC Util Change" value="46.000000"/>
  <attribute name="GC Util currently" value="46" />
  <attribute name="CPU Util currently" value="16741337454712" />
<exclusive-end id="1632" timestamp="2019-06-15T05:01:43.421" durationms="3.349" />

<exclusive-start id="1633" timestamp="2019-06-15T05:01:43.453" intervalms="35.959">
  <response-info timems="0.036" idlems="0.036" threads="0" lastid="000000000158D900" lastname="Thread-3" />
</exclusive-start>
<allocation-taxation id="1634" taxation-threshold="5242880" timestamp="2019-06-15T05:01:43.453" intervalms="35.941" />
<cycle-start id="1635" type="global mark phase" contextid="0" timestamp="2019-06-15T05:01:43.453" intervalms="163.216" />
<gc-start id="1636" type="global mark phase" contextid="1635" timestamp="2019-06-15T05:01:43.454">
  <mem-info id="1637" free="5242880" total="19922944" percent="26">
    <remembered-set count="800" freebytes="792064" totalbytes="795264" percent="99" regionsoverflowed="0" regionsstable="2" regionsrebuilding="0"/>
  </mem-info>
</gc-start>
<gc-op id="1638" type="mark increment" timems="0.420" contextid="1635" timestamp="2019-06-15T05:01:43.454">
  <trace-info objectcount="291" scancount="0" scanbytes="0" />
</gc-op>
<gc-end id="1639" type="global mark phase" contextid="1635" durationms="0.535" usertimems="0.000" systemtimems="0.000" timestamp="2019-06-15T05:01:43.454" activeThreads="1">
  <mem-info id="1640" free="5242880" total="19922944" percent="26">
    <remembered-set count="800" freebytes="792064" totalbytes="795264" percent="99" regionsoverflowed="0" regionsstable="0" regionsrebuilding="2"/>
  </mem-info>
</gc-end>
<concurrent-start id="1641" type="GMP work packet processing" contextid="1635" timestamp="2019-06-15T05:01:43.454">
  <concurrent-mark-start scanTarget="18446744073709551615" />
</concurrent-start>
<exclusive-end id="1642" timestamp="2019-06-15T05:01:43.454" durationms="0.929" />

<concurrent-end id="1643" type="GMP work packet processing" contextid="1635" timestamp="2019-06-15T05:01:43.455">
  <concurrent-mark-end bytesScanned="1505620" reasonForTermination="Completed all work in GC phase" />
</concurrent-end>

<exclusive-start id="1644" timestamp="2019-06-15T05:01:43.497" intervalms="43.167">
  <response-info timems="0.032" idlems="0.032" threads="0" lastid="000000000158D900" lastname="Thread-3" />
</exclusive-start>
<allocation-taxation id="1645" taxation-threshold="5242880" timestamp="2019-06-15T05:01:43.497" intervalms="43.188" />
<cycle-start id="1646" type="partial gc" contextid="0" timestamp="2019-06-15T05:01:43.497" intervalms="79.128" />
<gc-start id="1647" type="partial gc" contextid="1646" timestamp="2019-06-15T05:01:43.497">
  <mem-info id="1648" free="0" total="19922944" percent="0">
    <mem type="eden" free="0" total="10485760" percent="0" />
    <remembered-set count="6432" freebytes="769536" totalbytes="795264" percent="96" regionsoverflowed="0" regionsstable="0" regionsrebuilding="2"/>
  </mem-info>
</gc-start>
<allocation-stats totalBytes="10391904" >
  <allocated-bytes non-tlh="8200" tlh="10383704" arrayletleaf="0"/>
  <largest-consumer threadName="Thread-3" threadId="000000000158D900" bytes="1702656" />
</allocation-stats>
<gc-op id="1649" type="mark" timems="0.924" contextid="1646" timestamp="2019-06-15T05:01:43.498">
  <trace-info objectcount="2019" scancount="1634" scanbytes="400880" />
  <cardclean-info objects="1053" bytes="54632" />
  <remembered-set-cleared processed="5664" cleared="609" durationms="0.106" />
  <references type="phantom" candidates="1" cleared="0" enqueued="0" />
  <stringconstants candidates="3932" cleared="0"  />
  <warning details="Mark invoked due to insufficient free space for Copy-Forward" />
</gc-op>
<gc-op id="1650" type="classunload" timems="0.002" contextid="1646" timestamp="2019-06-15T05:01:43.498">
  <classunload-info classloadercandidates="8" classloadersunloaded="0" classesunloaded="0" anonymousclassesunloaded="0" quiescems="0.000" setupms="0.001" scanms="0.000" postms="0.000" />
</gc-op>
<gc-op id="1651" type="sweep" timems="0.459" contextid="1646" timestamp="2019-06-15T05:01:43.499" />
<gc-op id="1652" type="compact" timems="1.234" contextid="1646" timestamp="2019-06-15T05:01:43.500">
  <compact-info movecount="2019" movebytes="882552" />
  <remembered-set-cleared processed="11225" cleared="993" durationms="0.106" />
</gc-op>
<gc-end id="1653" type="partial gc" contextid="1646" durationms="3.738" usertimems="8.000" systemtimems="0.000" timestamp="2019-06-15T05:01:43.501" activeThreads="4">
  <mem-info id="1654" free="10485760" total="19922944" percent="52">
    <mem type="eden" free="166024" total="1048576" percent="15" />
    <remembered-set count="7488" freebytes="765312" totalbytes="795264" percent="96" regionsoverflowed="0" regionsstable="0" regionsrebuilding="2"/>
  </mem-info>
</gc-end>
<cycle-end id="1655" type="partial gc" contextid="1646" timestamp="2019-06-15T05:01:43.501" />
  <attribute name="elasticGC enabled" value="1" />
  <attribute name= "numThreadsSpecified" value="4" />
  <attribute name="heapSize specified" value="0" />
  <attribute name="Current GC Util" value="32" />
  <attribute name= "Current Time Running" value="8745" />
  <attribute name ="GC Interval" value="0" />
  <attribute name="ProportionalT" value="6.000000" />
  <attribute name="ProportionalI" value="6.000000" />
  <attribute name="ProportionalH" value="6.000000" />
  <attribute name="Current Error" value="12.000000" />
  <attribute name="IntegralT" value="12.000000" />
  <attribute name="IntegralI" value="12.000000" />
  <attribute name="IntegralH" value="12.000000" />
  <attribute name="DerivativeT" value="18.000000" />
  <attribute name="DerivativeI" value="18.000000" />
  <attribute name="DerivativeH" value="18.000000" />
  <attribute name="Loop Time for DT" value="1.000000" />
  <attribute name="Output H" value="8388608"/>
  <attribute name="Output I" value="200"/>
  <attribute name="Output T" value="4"/>
  <attribute name="Target GC Util Change" value ="20.000000" />
  <attribute name="Current GC Util Change" value="32.000000"/>
  <attribute name="GC Util currently" value="32" />
  <attribute name="CPU Util currently" value="6349272309660" />
<exclusive-end id="1656" timestamp="2019-06-15T05:01:43.501" durationms="4.309" />

<exclusive-start id="1657" timestamp="2019-06-15T05:01:43.538" intervalms="41.699">
  <response-info timems="0.033" idlems="0.033" threads="0" lastid="000000000158D900" lastname="Thread-3" />
</exclusive-start>
<allocation-taxation id="1658" taxation-threshold="5242880" timestamp="2019-06-15T05:01:43.538" intervalms="41.701" />
<gc-start id="1659" type="global mark phase" contextid="1635" timestamp="2019-06-15T05:01:43.538">
  <mem-info id="1660" free="5242880" total="19922944" percent="26">
    <remembered-set count="7008" freebytes="767232" totalbytes="795264" percent="96" regionsoverflowed="0" regionsstable="0" regionsrebuilding="2"/>
  </mem-info>
</gc-start>
<gc-op id="1661" type="mark increment" timems="1.279" contextid="1635" timestamp="2019-06-15T05:01:43.540">
  <trace-info objectcount="2057" scancount="1648" scanbytes="385892" />
  <cardclean-info objects="1205" bytes="96868" />
  <finalization candidates="25" enqueued="0" />
  <references type="soft" candidates="61" cleared="0" enqueued="0" dynamicThreshold="16" maxThreshold="32" />
  <references type="weak" candidates="266" cleared="0" enqueued="0" />
  <references type="phantom" candidates="96" cleared="0" enqueued="0" />
  <stringconstants candidates="3932" cleared="0"  />
</gc-op>
<gc-op id="1662" type="classunload" timems="0.002" contextid="1635" timestamp="2019-06-15T05:01:43.540">
  <classunload-info classloadercandidates="8" classloadersunloaded="0" classesunloaded="0" anonymousclassesunloaded="0" quiescems="0.000" setupms="0.002" scanms="0.000" postms="0.000" />
</gc-op>
<gc-end id="1663" type="global mark phase" contextid="1635" durationms="1.526" usertimems="4.000" systemtimems="0.000" timestamp="2019-06-15T05:01:43.540" activeThreads="4">
  <mem-info id="1664" free="5242880" total="19922944" percent="26">
    <remembered-set count="7520" freebytes="765184" totalbytes="795264" percent="96" regionsoverflowed="0" regionsstable="0" regionsrebuilding="0"/>
  </mem-info>
</gc-end>
<cycle-end id="1665" type="global mark phase" contextid="1635" timestamp="2019-06-15T05:01:43.540" />
  <attribute name="elasticGC enabled" value="1" />
  <attribute name= "numThreadsSpecified" value="4" />
  <attribute name="heapSize specified" value="0" />
  <attribute name="Current GC Util" value="0" />
  <attribute name= "Current Time Running" value="8784" />
  <attribute name ="GC Interval" value="0" />
  <attribute name="ProportionalT" value="-10.000000" />
  <attribute name="ProportionalI" value="-10.000000" />
  <attribute name="ProportionalH" value="-10.000000" />
  <attribute name="Current Error" value="-20.000000" />
  <attribute name="IntegralT" value="0.000000" />
  <attribute name="IntegralI" value="0.000000" />
  <attribute name="IntegralH" value="0.000000" />
  <attribute name="DerivativeT" value="-inf" />
  <attribute name="DerivativeI" value="-inf" />
  <attribute name="DerivativeH" value="-inf" />
  <attribute name="Loop Time for DT" value="0.000000" />
  <attribute name="Output H" value="2091843584"/>
  <attribute name="Output I" value="200"/>
  <attribute name="Output T" value="4"/>
  <attribute name="Target GC Util Change" value ="20.000000" />
  <attribute name="Current GC Util Change" value="0.000000"/>
  <attribute name="GC Util currently" value="0" />
  <attribute name="CPU Util currently" value="17904036852421" />
<exclusive-end id="1666" timestamp="2019-06-15T05:01:43.540" durationms="1.897" />

<exclusive-start id="1667" timestamp="2019-06-15T05:01:43.585" intervalms="46.507">
  <response-info timems="0.054" idlems="0.054" threads="0" lastid="0000000001598D00" lastname="Thread-6" />
</exclusive-start>
<allocation-taxation id="1668" taxation-threshold="5242880" timestamp="2019-06-15T05:01:43.585" intervalms="46.508" />
<cycle-start id="1669" type="partial gc" contextid="0" timestamp="2019-06-15T05:01:43.585" intervalms="88.208" />
<gc-start id="1670" type="partial gc" contextid="1669" timestamp="2019-06-15T05:01:43.585">
  <mem-info id="1671" free="0" total="19922944" percent="0">
    <mem type="eden" free="0" total="10485760" percent="0" />
    <remembered-set count="7424" freebytes="765568" totalbytes="795264" percent="96" regionsoverflowed="0" regionsstable="0" regionsrebuilding="0"/>
  </mem-info>
</gc-start>
<allocation-stats totalBytes="10456944" >
  <allocated-bytes non-tlh="98336" tlh="10358608" arrayletleaf="0"/>
  <largest-consumer threadName="Thread-3" threadId="000000000158D900" bytes="1722344" />
</allocation-stats>
<gc-op id="1672" type="sweep" timems="0.407" contextid="1669" timestamp="2019-06-15T05:01:43.586" />
<gc-op id="1673" type="copy forward" timems="1.152" contextid="1669" timestamp="2019-06-15T05:01:43.587">
  <memory-copied type="eden" objects="876" bytes="345888" bytesdiscarded="71256" />
  <memory-copied type="other" objects="8" bytes="288" bytesdiscarded="0" />
  <memory-cardclean objects="1051" bytes="54800" />
  <memory-traced type="eden" objects="962" bytes="131568" />
  <memory-traced type="other" objects="0" bytes="0" />
  <regions eden="5" other="5" evacuated="9" marked="1" />
  <remembered-set-cleared processed="6039" cleared="949" durationms="0.094" />
  <stringconstants candidates="3932" cleared="0"  />
</gc-op>
<gc-op id="1674" type="classunload" timems="0.001" contextid="1669" timestamp="2019-06-15T05:01:43.587">
  <classunload-info classloadercandidates="8" classloadersunloaded="0" classesunloaded="0" anonymousclassesunloaded="0" quiescems="0.000" setupms="0.001" scanms="0.000" postms="0.000" />
</gc-op>
<gc-op id="1675" type="sweep" timems="0.384" contextid="1669" timestamp="2019-06-15T05:01:43.588" />
<gc-op id="1676" type="compact" timems="0.954" contextid="1669" timestamp="2019-06-15T05:01:43.589">
  <compact-info movecount="1239" movebytes="469648" />
  <remembered-set-cleared processed="11600" cleared="1210" durationms="0.094" />
</gc-op>
<gc-end id="1677" type="partial gc" contextid="1669" durationms="4.189" usertimems="4.000" systemtimems="0.000" timestamp="2019-06-15T05:01:43.589" activeThreads="4">
  <mem-info id="1678" free="9437184" total="19922944" percent="47">
    <mem type="eden" free="1210328" total="2097152" percent="57" />
    <remembered-set count="7776" freebytes="764160" totalbytes="795264" percent="96" regionsoverflowed="0" regionsstable="0" regionsrebuilding="0"/>
  </mem-info>
</gc-end>
<cycle-end id="1679" type="partial gc" contextid="1669" timestamp="2019-06-15T05:01:43.589" />
  <attribute name="elasticGC enabled" value="1" />
  <attribute name= "numThreadsSpecified" value="4" />
  <attribute name="heapSize specified" value="0" />
  <attribute name="Current GC Util" value="29" />
  <attribute name= "Current Time Running" value="8834" />
  <attribute name ="GC Interval" value="0" />
  <attribute name="ProportionalT" value="4.500000" />
  <attribute name="ProportionalI" value="4.500000" />
  <attribute name="ProportionalH" value="4.500000" />
  <attribute name="Current Error" value="9.000000" />
  <attribute name="IntegralT" value="9.000000" />
  <attribute name="IntegralI" value="9.000000" />
  <attribute name="IntegralH" value="9.000000" />
  <attribute name="DerivativeT" value="-142.500000" />
  <attribute name="DerivativeI" value="-142.500000" />
  <attribute name="DerivativeH" value="-142.500000" />
  <attribute name="Loop Time for DT" value="1.000000" />
  <attribute name="Output H" value="2091843584"/>
  <attribute name="Output I" value="200"/>
  <attribute name="Output T" value="4"/>
  <attribute name="Target GC Util Change" value ="20.000000" />
  <attribute name="Current GC Util Change" value="29.000000"/>
  <attribute name="GC Util currently" value="29" />
  <attribute name="CPU Util currently" value="8056979238189" />
<exclusive-end id="1680" timestamp="2019-06-15T05:01:43.589" durationms="4.730" />

<exclusive-start id="1681" timestamp="2019-06-15T05:01:43.617" intervalms="32.724">
  <response-info timems="0.046" idlems="0.046" threads="0" lastid="000000000158D900" lastname="Thread-3" />
</exclusive-start>
<allocation-taxation id="1682" taxation-threshold="4194304" timestamp="2019-06-15T05:01:43.618" intervalms="32.725" />
<cycle-start id="1683" type="global mark phase" contextid="0" timestamp="2019-06-15T05:01:43.618" intervalms="164.126" />
<gc-start id="1684" type="global mark phase" contextid="1683" timestamp="2019-06-15T05:01:43.618">
  <mem-info id="1685" free="5242880" total="19922944" percent="26">
    <remembered-set count="2336" freebytes="785920" totalbytes="795264" percent="98" regionsoverflowed="0" regionsstable="2" regionsrebuilding="0"/>
  </mem-info>
</gc-start>
<gc-op id="1686" type="mark increment" timems="0.399" contextid="1683" timestamp="2019-06-15T05:01:43.618">
  <trace-info objectcount="312" scancount="0" scanbytes="0" />
</gc-op>
<gc-end id="1687" type="global mark phase" contextid="1683" durationms="0.508" usertimems="0.000" systemtimems="0.000" timestamp="2019-06-15T05:01:43.618" activeThreads="1">
  <mem-info id="1688" free="5242880" total="19922944" percent="26">
    <remembered-set count="2336" freebytes="785920" totalbytes="795264" percent="98" regionsoverflowed="0" regionsstable="0" regionsrebuilding="2"/>
  </mem-info>
</gc-end>
<concurrent-start id="1689" type="GMP work packet processing" contextid="1683" timestamp="2019-06-15T05:01:43.618">
  <concurrent-mark-start scanTarget="18446744073709551615" />
</concurrent-start>
<exclusive-end id="1690" timestamp="2019-06-15T05:01:43.618" durationms="0.874" />

<concurrent-end id="1691" type="GMP work packet processing" contextid="1683" timestamp="2019-06-15T05:01:43.620">
  <concurrent-mark-end bytesScanned="1575740" reasonForTermination="Completed all work in GC phase" />
</concurrent-end>

<exclusive-start id="1692" timestamp="2019-06-15T05:01:43.654" intervalms="36.406">
  <response-info timems="0.035" idlems="0.035" threads="0" lastid="0000000001598D00" lastname="Thread-6" />
</exclusive-start>
<allocation-taxation id="1693" taxation-threshold="4194304" timestamp="2019-06-15T05:01:43.654" intervalms="36.404" />
<cycle-start id="1694" type="partial gc" contextid="0" timestamp="2019-06-15T05:01:43.654" intervalms="69.123" />
<gc-start id="1695" type="partial gc" contextid="1694" timestamp="2019-06-15T05:01:43.654">
  <mem-info id="1696" free="1048576" total="19922944" percent="5">
    <mem type="eden" free="578928" total="9437184" percent="6" />
    <remembered-set count="7200" freebytes="766464" totalbytes="795264" percent="96" regionsoverflowed="0" regionsstable="0" regionsrebuilding="2"/>
  </mem-info>
</gc-start>
<allocation-stats totalBytes="8265376" >
  <allocated-bytes non-tlh="163880" tlh="8101496" arrayletleaf="0"/>
  <largest-consumer threadName="Thread-3" threadId="000000000158D900" bytes="1493952" />
</allocation-stats>
<gc-op id="1697" type="copy forward" timems="1.212" contextid="1694" timestamp="2019-06-15T05:01:43.656">
  <memory-copied type="eden" objects="1513" bytes="647896" bytesdiscarded="0" />
  <memory-copied type="other" objects="4" bytes="144" bytesdiscarded="0" />
  <memory-cardclean objects="1051" bytes="54800" />
  <regions eden="8" other="2" />
  <remembered-set-cleared processed="5800" cleared="745" durationms="0.104" />
  <references type="weak" candidates="1" cleared="0" enqueued="0" />
  <references type="phantom" candidates="1" cleared="0" enqueued="0" />
  <stringconstants candidates="3932" cleared="0"  />
  <heap-resize type="expand" space="default" amount="1048576" count="1" timems="0.051" reason="continue current collection" />
</gc-op>
<gc-op id="1698" type="classunload" timems="0.002" contextid="1694" timestamp="2019-06-15T05:01:43.656">
  <classunload-info classloadercandidates="8" classloadersunloaded="0" classesunloaded="0" anonymousclassesunloaded="0" quiescems="0.000" setupms="0.002" scanms="0.000" postms="0.000" />
</gc-op>
<gc-op id="1699" type="compact" timems="0.854" contextid="1694" timestamp="2019-06-15T05:01:43.657">
  <compact-info movecount="0" movebytes="0" />
  <remembered-set-cleared processed="11150" cleared="745" durationms="0.104" />
</gc-op>
<gc-end id="1700" type="partial gc" contextid="1694" durationms="3.033" usertimems="4.000" systemtimems="0.000" timestamp="2019-06-15T05:01:43.657" activeThreads="4">
  <mem-info id="1701" free="10485760" total="20971520" percent="50">
    <mem type="eden" free="400624" total="1048576" percent="38" />
    <remembered-set count="6176" freebytes="812416" totalbytes="837120" percent="97" regionsoverflowed="0" regionsstable="0" regionsrebuilding="2"/>
  </mem-info>
</gc-end>
<cycle-end id="1702" type="partial gc" contextid="1694" timestamp="2019-06-15T05:01:43.657" />
  <attribute name="elasticGC enabled" value="1" />
  <attribute name= "numThreadsSpecified" value="4" />
  <attribute name="heapSize specified" value="0" />
  <attribute name="Current GC Util" value="0" />
  <attribute name= "Current Time Running" value="8902" />
  <attribute name ="GC Interval" value="0" />
  <attribute name="ProportionalT" value="-10.000000" />
  <attribute name="ProportionalI" value="-10.000000" />
  <attribute name="ProportionalH" value="-10.000000" />
  <attribute name="Current Error" value="-20.000000" />
  <attribute name="IntegralT" value="-40.000000" />
  <attribute name="IntegralI" value="-40.000000" />
  <attribute name="IntegralH" value="-40.000000" />
  <attribute name="DerivativeT" value="-43.500000" />
  <attribute name="DerivativeI" value="-43.500000" />
  <attribute name="DerivativeH" value="-43.500000" />
  <attribute name="Loop Time for DT" value="2.000000" />
  <attribute name="Output H" value="2091843584"/>
  <attribute name="Output I" value="200"/>
  <attribute name="Output T" value="4"/>
  <attribute name="Target GC Util Change" value ="20.000000" />
  <attribute name="Current GC Util Change" value="0.000000"/>
  <attribute name="GC Util currently" value="0" />
  <attribute name="CPU Util currently" value="3073963452588" />
<exclusive-end id="1703" timestamp="2019-06-15T05:01:43.657" durationms="3.563" />

<exclusive-start id="1704" timestamp="2019-06-15T05:01:43.693" intervalms="38.925">
  <response-info timems="0.028" idlems="0.028" threads="0" lastid="000000000158D900" lastname="Thread-3" />
</exclusive-start>
<allocation-taxation id="1705" taxation-threshold="5242880" timestamp="2019-06-15T05:01:43.693" intervalms="38.951" />
<gc-start id="1706" type="global mark phase" contextid="1683" timestamp="2019-06-15T05:01:43.693">
  <mem-info id="1707" free="5242880" total="20971520" percent="25">
    <remembered-set count="6176" freebytes="812416" totalbytes="837120" percent="97" regionsoverflowed="0" regionsstable="0" regionsrebuilding="2"/>
  </mem-info>
</gc-start>
<gc-op id="1708" type="mark increment" timems="1.172" contextid="1683" timestamp="2019-06-15T05:01:43.694">
  <trace-info objectcount="2546" scancount="2066" scanbytes="436304" />
  <cardclean-info objects="1136" bytes="92260" />
  <finalization candidates="25" enqueued="0" />
  <references type="soft" candidates="61" cleared="0" enqueued="0" dynamicThreshold="16" maxThreshold="32" />
  <references type="weak" candidates="266" cleared="0" enqueued="0" />
  <references type="phantom" candidates="96" cleared="0" enqueued="0" />
  <stringconstants candidates="3932" cleared="0"  />
</gc-op>
<gc-op id="1709" type="classunload" timems="0.003" contextid="1683" timestamp="2019-06-15T05:01:43.694">
  <classunload-info classloadercandidates="8" classloadersunloaded="0" classesunloaded="0" anonymousclassesunloaded="0" quiescems="0.000" setupms="0.003" scanms="0.000" postms="0.000" />
</gc-op>
<gc-end id="1710" type="global mark phase" contextid="1683" durationms="1.389" usertimems="0.000" systemtimems="0.000" timestamp="2019-06-15T05:01:43.694" activeThreads="4">
  <mem-info id="1711" free="5242880" total="20971520" percent="25">
    <remembered-set count="7712" freebytes="806272" totalbytes="837120" percent="96" regionsoverflowed="0" regionsstable="0" regionsrebuilding="0"/>
  </mem-info>
</gc-end>
<cycle-end id="1712" type="global mark phase" contextid="1683" timestamp="2019-06-15T05:01:43.694" />
  <attribute name="elasticGC enabled" value="1" />
  <attribute name= "numThreadsSpecified" value="4" />
  <attribute name="heapSize specified" value="0" />
  <attribute name="Current GC Util" value="0" />
  <attribute name= "Current Time Running" value="8939" />
  <attribute name ="GC Interval" value="0" />
  <attribute name="ProportionalT" value="-10.000000" />
  <attribute name="ProportionalI" value="-10.000000" />
  <attribute name="ProportionalH" value="-10.000000" />
  <attribute name="Current Error" value="-20.000000" />
  <attribute name="IntegralT" value="0.000000" />
  <attribute name="IntegralI" value="0.000000" />
  <attribute name="IntegralH" value="0.000000" />
  <attribute name="DerivativeT" value="-inf" />
  <attribute name="DerivativeI" value="-inf" />
  <attribute name="DerivativeH" value="-inf" />
  <attribute name="Loop Time for DT" value="0.000000" />
  <attribute name="Output H" value="2091843584"/>
  <attribute name="Output I" value="200"/>
  <attribute name="Output T" value="4"/>
  <attribute name="Target GC Util Change" value ="20.000000" />
  <attribute name="Current GC Util Change" value="0.000000"/>
  <attribute name="GC Util currently" value="0" />
  <attribute name="CPU Util currently" value="15495788111149" />
<exclusive-end id="1713" timestamp="2019-06-15T05:01:43.695" durationms="1.718" />

<exclusive-start id="1714" timestamp="2019-06-15T05:01:43.736" intervalms="42.836">
  <response-info timems="0.028" idlems="0.028" threads="0" lastid="0000000001598D00" lastname="Thread-6" />
</exclusive-start>
<allocation-taxation id="1715" taxation-threshold="5242880" timestamp="2019-06-15T05:01:43.736" intervalms="42.808" />
<cycle-start id="1716" type="partial gc" contextid="0" timestamp="2019-06-15T05:01:43.736" intervalms="81.759" />
<gc-start id="1717" type="partial gc" contextid="1716" timestamp="2019-06-15T05:01:43.736">
  <mem-info id="1718" free="0" total="20971520" percent="0">
    <mem type="eden" free="0" total="10485760" percent="0" />
    <remembered-set count="7680" freebytes="806400" totalbytes="837120" percent="96" regionsoverflowed="0" regionsstable="0" regionsrebuilding="0"/>
  </mem-info>
</gc-start>
<allocation-stats totalBytes="10370288" >
  <allocated-bytes non-tlh="163880" tlh="10206408" arrayletleaf="0"/>
  <largest-consumer threadName="Thread-3" threadId="000000000158D900" bytes="1703240" />
</allocation-stats>
<gc-op id="1719" type="sweep" timems="0.356" contextid="1716" timestamp="2019-06-15T05:01:43.736" />
<gc-op id="1720" type="copy forward" timems="1.113" contextid="1716" timestamp="2019-06-15T05:01:43.738">
  <memory-copied type="eden" objects="2565" bytes="957544" bytesdiscarded="97016" />
  <memory-copied type="other" objects="0" bytes="0" bytesdiscarded="0" />
  <memory-cardclean objects="1051" bytes="54800" />
  <regions eden="5" other="6" />
  <remembered-set-cleared processed="6004" cleared="914" durationms="0.072" />
  <references type="phantom" candidates="1" cleared="0" enqueued="0" />
  <stringconstants candidates="3932" cleared="0"  />
</gc-op>
<gc-op id="1721" type="classunload" timems="0.002" contextid="1716" timestamp="2019-06-15T05:01:43.738">
  <classunload-info classloadercandidates="8" classloadersunloaded="0" classesunloaded="0" anonymousclassesunloaded="0" quiescems="0.000" setupms="0.001" scanms="0.000" postms="0.000" />
</gc-op>
<heap-resize id="1722" type="contract" space="default" amount="1048576" count="1" timems="0.116" reason="insufficient time being spent in gc" timestamp="2019-06-15T05:01:43.738" />
<gc-end id="1723" type="partial gc" contextid="1716" durationms="2.499" usertimems="4.000" systemtimems="0.000" timestamp="2019-06-15T05:01:43.738" activeThreads="4">
  <mem-info id="1724" free="10485760" total="19922944" percent="52">
    <mem type="eden" free="1042520" total="2097152" percent="49" />
    <remembered-set count="7328" freebytes="807808" totalbytes="837120" percent="96" regionsoverflowed="0" regionsstable="0" regionsrebuilding="0"/>
  </mem-info>
</gc-end>
<cycle-end id="1725" type="partial gc" contextid="1716" timestamp="2019-06-15T05:01:43.738" />
  <attribute name="elasticGC enabled" value="1" />
  <attribute name= "numThreadsSpecified" value="4" />
  <attribute name="heapSize specified" value="0" />
  <attribute name="Current GC Util" value="0" />
  <attribute name= "Current Time Running" value="8982" />
  <attribute name ="GC Interval" value="0" />
  <attribute name="ProportionalT" value="-10.000000" />
  <attribute name="ProportionalI" value="-10.000000" />
  <attribute name="ProportionalH" value="-10.000000" />
  <attribute name="Current Error" value="-20.000000" />
  <attribute name="IntegralT" value="0.000000" />
  <attribute name="IntegralI" value="0.000000" />
  <attribute name="IntegralH" value="0.000000" />
  <attribute name="DerivativeT" value="-inf" />
  <attribute name="DerivativeI" value="-inf" />
  <attribute name="DerivativeH" value="-inf" />
  <attribute name="Loop Time for DT" value="0.000000" />
  <attribute name="Output H" value="2091843584"/>
  <attribute name="Output I" value="200"/>
  <attribute name="Output T" value="4"/>
  <attribute name="Target GC Util Change" value ="20.000000" />
  <attribute name="Current GC Util Change" value="0.000000"/>
  <attribute name="GC Util currently" value="0" />
  <attribute name="CPU Util currently" value="31642155847005" />
<exclusive-end id="1726" timestamp="2019-06-15T05:01:43.739" durationms="2.961" />

<exclusive-start id="1727" timestamp="2019-06-15T05:01:43.781" intervalms="45.023">
  <response-info timems="0.062" idlems="0.039" threads="1" lastid="0000000001598D00" lastname="Thread-6" />
</exclusive-start>
<allocation-taxation id="1728" taxation-threshold="5242880" timestamp="2019-06-15T05:01:43.781" intervalms="45.038" />
<cycle-start id="1729" type="global mark phase" contextid="0" timestamp="2019-06-15T05:01:43.781" intervalms="163.199" />
<gc-start id="1730" type="global mark phase" contextid="1729" timestamp="2019-06-15T05:01:43.781">
  <mem-info id="1731" free="5242880" total="19922944" percent="26">
    <remembered-set count="1920" freebytes="829440" totalbytes="837120" percent="99" regionsoverflowed="0" regionsstable="2" regionsrebuilding="0"/>
  </mem-info>
</gc-start>
<gc-op id="1732" type="mark increment" timems="0.842" contextid="1729" timestamp="2019-06-15T05:01:43.782">
  <trace-info objectcount="8735" scancount="2718" scanbytes="347268" />
</gc-op>
<gc-end id="1733" type="global mark phase" contextid="1729" durationms="0.953" usertimems="0.000" systemtimems="0.000" timestamp="2019-06-15T05:01:43.782" activeThreads="4">
  <mem-info id="1734" free="5242880" total="19922944" percent="26">
    <remembered-set count="2944" freebytes="825344" totalbytes="837120" percent="98" regionsoverflowed="0" regionsstable="0" regionsrebuilding="2"/>
  </mem-info>
</gc-end>
<concurrent-start id="1735" type="GMP work packet processing" contextid="1729" timestamp="2019-06-15T05:01:43.782">
  <concurrent-mark-start scanTarget="2033409" />
</concurrent-start>
<exclusive-end id="1736" timestamp="2019-06-15T05:01:43.782" durationms="1.460" />

<concurrent-end id="1737" type="GMP work packet processing" contextid="1729" timestamp="2019-06-15T05:01:43.783">
  <concurrent-mark-end bytesScanned="1122804" reasonForTermination="Completed all work in GC phase" />
</concurrent-end>

<exclusive-start id="1738" timestamp="2019-06-15T05:01:43.819" intervalms="38.558">
  <response-info timems="0.157" idlems="0.086" threads="1" lastid="0000000001598D00" lastname="Thread-6" />
</exclusive-start>
<allocation-taxation id="1739" taxation-threshold="5242880" timestamp="2019-06-15T05:01:43.819" intervalms="38.536" />
<cycle-start id="1740" type="partial gc" contextid="0" timestamp="2019-06-15T05:01:43.819" intervalms="83.569" />
<gc-start id="1741" type="partial gc" contextid="1740" timestamp="2019-06-15T05:01:43.820">
  <mem-info id="1742" free="0" total="19922944" percent="0">
    <mem type="eden" free="0" total="10485760" percent="0" />
    <remembered-set count="6624" freebytes="810624" totalbytes="837120" percent="96" regionsoverflowed="0" regionsstable="0" regionsrebuilding="2"/>
  </mem-info>
</gc-start>
<allocation-stats totalBytes="10377144" >
  <allocated-bytes non-tlh="49168" tlh="10327976" arrayletleaf="0"/>
  <largest-consumer threadName="Thread-6" threadId="0000000001598D00" bytes="1821736" />
</allocation-stats>
<gc-op id="1743" type="mark" timems="1.069" contextid="1740" timestamp="2019-06-15T05:01:43.821">
  <trace-info objectcount="1882" scancount="1508" scanbytes="360532" />
  <cardclean-info objects="1051" bytes="54600" />
  <remembered-set-cleared processed="5674" cleared="648" durationms="0.093" />
  <references type="phantom" candidates="1" cleared="0" enqueued="0" />
  <stringconstants candidates="3932" cleared="0"  />
  <warning details="Mark invoked due to insufficient free space for Copy-Forward" />
</gc-op>
<gc-op id="1744" type="classunload" timems="0.002" contextid="1740" timestamp="2019-06-15T05:01:43.821">
  <classunload-info classloadercandidates="8" classloadersunloaded="0" classesunloaded="0" anonymousclassesunloaded="0" quiescems="0.000" setupms="0.002" scanms="0.000" postms="0.000" />
</gc-op>
<gc-op id="1745" type="sweep" timems="0.310" contextid="1740" timestamp="2019-06-15T05:01:43.822" />
<gc-op id="1746" type="compact" timems="1.129" contextid="1740" timestamp="2019-06-15T05:01:43.823">
  <compact-info movecount="1882" movebytes="836408" />
  <remembered-set-cleared processed="11184" cleared="1008" durationms="0.093" />
</gc-op>
<heap-resize id="1747" type="contract" space="default" amount="1048576" count="1" timems="0.133" reason="insufficient time being spent in gc" timestamp="2019-06-15T05:01:43.823" />
<gc-end id="1748" type="partial gc" contextid="1740" durationms="3.956" usertimems="0.000" systemtimems="4.000" timestamp="2019-06-15T05:01:43.823" activeThreads="4">
  <mem-info id="1749" free="10485760" total="18874368" percent="55">
    <mem type="eden" free="212168" total="1048576" percent="20" />
    <remembered-set count="7520" freebytes="765184" totalbytes="795264" percent="96" regionsoverflowed="0" regionsstable="0" regionsrebuilding="2"/>
  </mem-info>
</gc-end>
<cycle-end id="1750" type="partial gc" contextid="1740" timestamp="2019-06-15T05:01:43.824" />
  <attribute name="elasticGC enabled" value="1" />
  <attribute name= "numThreadsSpecified" value="4" />
  <attribute name="heapSize specified" value="0" />
  <attribute name="Current GC Util" value="32" />
  <attribute name= "Current Time Running" value="9067" />
  <attribute name ="GC Interval" value="0" />
  <attribute name="ProportionalT" value="6.000000" />
  <attribute name="ProportionalI" value="6.000000" />
  <attribute name="ProportionalH" value="6.000000" />
  <attribute name="Current Error" value="12.000000" />
  <attribute name="IntegralT" value="0.000000" />
  <attribute name="IntegralI" value="0.000000" />
  <attribute name="IntegralH" value="0.000000" />
  <attribute name="DerivativeT" value="-inf" />
  <attribute name="DerivativeI" value="-inf" />
  <attribute name="DerivativeH" value="-inf" />
  <attribute name="Loop Time for DT" value="0.000000" />
  <attribute name="Output H" value="2091843584"/>
  <attribute name="Output I" value="200"/>
  <attribute name="Output T" value="4"/>
  <attribute name="Target GC Util Change" value ="20.000000" />
  <attribute name="Current GC Util Change" value="32.000000"/>
  <attribute name="GC Util currently" value="32" />
  <attribute name="CPU Util currently" value="8970668281871" />
<exclusive-end id="1751" timestamp="2019-06-15T05:01:43.824" durationms="4.698" />

</verbosegc>

