
<?xml version="1.0" ?>

<verbosegc xmlns="http://www.ibm.com/j9/verbosegc" version="10b4217_CMPRSS">

<gc check installed>
<initialized id="1" timestamp="2019-08-10T05:10:53.236">
  <attribute name="gcPolicy" value="-Xgcpolicy:optthruput" />
  <attribute name="elasticGC enabled" value="1" />
  <attribute name= "numThreadsSpecified" value="0" />
  <attribute name="heapSize specified" value="0" />
  <attribute name="Current GC Util" value="0" />
  <attribute name= "Current Time Running" value="0" />
  <attribute name ="GC Interval" value="0" />
  <attribute name="ProportionalT" value="0.000000" />
  <attribute name="ProportionalI" value="0.000000" />
  <attribute name="ProportionalH" value="0.000000" />
  <attribute name="IntegralT" value="0.000000" />
  <attribute name="IntegralI" value="0.000000" />
  <attribute name="IntegralH" value="0.000000" />
  <attribute name="DerivativeT" value="0.000000" />
  <attribute name="DerivativeI" value="0.000000" />
  <attribute name="DerivativeH" value="0.000000" />
  <attribute name="Target GC Util Change" value ="0.000000" />
  <attribute name="Current GC Util Change" value="0.000000"/>
  <attribute name="Current Error" value="0.000000" />
  <attribute name="Loop Time for DT" value="0.000000" />
  <attribute name="Output H" value="0"/>
  <attribute name="Output I" value="0"/>
  <attribute name="Output T" value="0"/>
  <attribute name="GC Util currently" value="0" />
  <attribute name="CPU Util currently" value="0" />
  <attribute name="maxHeapSize" value="0xfa900000" />
  <attribute name="initialHeapSize" value="0x800000" />
  <attribute name="compressedRefs" value="true" />
  <attribute name="compressedRefsDisplacement" value="0x0" />
  <attribute name="compressedRefsShift" value="0x3" />
  <attribute name="pageSize" value="0x1000" />
  <attribute name="pageType" value="not used" />
  <attribute name="requestedPageSize" value="0x1000" />
  <attribute name="requestedPageType" value="not used" />
  <attribute name="gcthreads" value="16" />
  <attribute name="packetListSplit" value="16" />
  <attribute name="cacheListSplit" value="16" />
  <attribute name="splitFreeListSplitAmount" value="2" />
  <attribute name="numaNodes" value="0" />
  <system>
    <attribute name="physicalMemory" value="16815001600" />
    <attribute name="numCPUs" value="16" />
    <attribute name="architecture" value="amd64" />
    <attribute name="os" value="Linux" />
    <attribute name="osVersion" value="4.15.0" />
  </system>
  <vmargs>
    <vmarg name="-Xoptionsfile=/jdk/lib/options.default" />
    <vmarg name="-Xlockword:mode=default,noLockword=java/lang/String,noLockword=java/util/MapEntry,noLockword=java/util/HashMap$Entry,noLockword..." />
    <vmarg name="-Xjcl:jclse29" />
    <vmarg name="-Dcom.ibm.oti.vm.bootstrap.library.path=/jdk/lib/compressedrefs:/jdk/lib" />
    <vmarg name="-Dsun.boot.library.path=/jdk/lib/compressedrefs:/jdk/lib" />
    <vmarg name="-Djava.library.path=/jdk/lib/compressedrefs:/jdk/lib:/usr/lib64:/usr/lib" />
    <vmarg name="-Djava.home=/jdk" />
    <vmarg name="-Duser.dir=/" />
    <vmarg name="-Xgcelastic" />
    <vmarg name="-Xcheck:gc:::elasticGC" />
    <vmarg name="-Xgcpolicy:optthruput" />
    <vmarg name="-verbose:gc" />
    <vmarg name="-Djava.class.path=dacapo-9.12-MR1-bach.jar" />
    <vmarg name="-Dsun.java.command=dacapo-9.12-MR1-bach.jar avrora jython pmd sunflow xalan --size=large" />
    <vmarg name="-Dsun.java.launcher=SUN_STANDARD" />
    <vmarg name="-Dsun.java.launcher.pid=1" />
  </vmargs>
</initialized>

<exclusive-start id="2" timestamp="2019-08-10T05:10:53.486" intervalms="250.140">
  <response-info timems="0.032" idlems="0.032" threads="0" lastid="00000000020ACF00" lastname="main" />
</exclusive-start>
<sys-start reason="explicit" id="3" timestamp="2019-08-10T05:10:53.486" intervalms="250.189" />
<cycle-start id="4" type="global" contextid="0" timestamp="2019-08-10T05:10:53.486" intervalms="250.208" />
<gc-start id="5" type="global" contextid="4" timestamp="2019-08-10T05:10:53.486">
  <mem-info id="6" free="2321544" total="8388608" percent="27">
    <mem type="tenure" free="2321544" total="8388608" percent="27">
      <mem type="soa" free="1902728" total="7969792" percent="23" />
      <mem type="loa" free="418816" total="418816" percent="100" />
    </mem>
  </mem-info>
</gc-start>
<allocation-stats totalBytes="6057216" >
  <allocated-bytes non-tlh="455544" tlh="5601672" />
  <largest-consumer threadName="main" threadId="00000000020ACF00" bytes="5976928" />
</allocation-stats>
<gc-op id="7" type="mark" timems="4.124" contextid="4" timestamp="2019-08-10T05:10:53.491">
  <trace-info objectcount="17930" scancount="14835" scanbytes="467556" />
  <finalization candidates="14" enqueued="1" />
  <references type="soft" candidates="66" cleared="0" enqueued="0" dynamicThreshold="32" maxThreshold="32" />
  <references type="weak" candidates="553" cleared="411" enqueued="372" />
  <references type="phantom" candidates="99" cleared="41" enqueued="41" />
  <stringconstants candidates="2455" cleared="0"  />
</gc-op>
<gc-op id="8" type="classunload" timems="0.002" contextid="4" timestamp="2019-08-10T05:10:53.491">
  <classunload-info classloadercandidates="6" classloadersunloaded="0" classesunloaded="0" anonymousclassesunloaded="0" quiescems="0.000" setupms="0.001" scanms="0.001" postms="0.000" />
</gc-op>
<gc-op id="9" type="sweep" timems="0.691" contextid="4" timestamp="2019-08-10T05:10:53.491" />
<mem-info id="10" free="7122256" total="8388608" percent="84">
  <mem type="tenure" free="7122256" total="8388608" percent="84" micro-fragmented="264908" macro-fragmented="0">
    <mem type="soa" free="6703440" total="7969792" percent="84" />
    <mem type="loa" free="418816" total="418816" percent="100" />
  </mem>
  <pending-finalizers system="1" default="0" reference="413" classloader="0" />
</mem-info>
<gc-op id="11" type="compact" timems="6.272" contextid="4" timestamp="2019-08-10T05:10:53.498">
  <compact-info movecount="17929" movebytes="1026600" reason="compact to aid heap contraction" />
</gc-op>
<heap-resize id="12" type="expand" space="tenure" amount="4195287040" count="1" timems="0.018" reason="satisfy allocation request" timestamp="2019-08-10T05:10:53.498" />
<gc-end id="13" type="global" contextid="4" durationms="11.493" usertimems="11.877" systemtimems="7.442" timestamp="2019-08-10T05:10:53.498" activeThreads="16">
  <mem-info id="14" free="4202648960" total="4203675648" percent="99">
    <mem type="tenure" free="4202648960" total="4203675648" percent="99">
      <mem type="soa" free="3992465792" total="3993492480" percent="99" />
      <mem type="loa" free="210183168" total="210183168" percent="100" />
    </mem>
    <pending-finalizers system="1" default="0" reference="413" classloader="0" />
  </mem-info>
</gc-end>
<cycle-end id="15" type="global" contextid="4" timestamp="2019-08-10T05:10:53.498" />
  <attribute name="elasticGC enabled" value="1" />
  <attribute name= "numThreadsSpecified" value="16" />
  <attribute name="heapSize specified" value="8388608" />
  <attribute name="Current GC Util" value="64" />
  <attribute name= "Current Time Running" value="201" />
  <attribute name ="GC Interval" value="0" />
  <attribute name="ProportionalT" value="-8.000000" />
  <attribute name="ProportionalI" value="-8.000000" />
  <attribute name="ProportionalH" value="-8.000000" />
  <attribute name="Current Error" value="-16.000000" />
  <attribute name="IntegralT" value="-7413.000000" />
  <attribute name="IntegralI" value="-7413.000000" />
  <attribute name="IntegralH" value="-7413.000000" />
  <attribute name="DerivativeT" value="-5.000000" />
  <attribute name="DerivativeI" value="-5.000000" />
  <attribute name="DerivativeH" value="-5.000000" />
  <attribute name="Loop Time for DT" value="6.000000" />
  <attribute name="Output H" value="4203675648"/>
  <attribute name="Output I" value="200"/>
  <attribute name="Output T" value="16"/>
  <attribute name="Target GC Util Change" value ="80.000000" />
  <attribute name="Current GC Util Change" value="64.000000"/>
  <attribute name="GC Util currently" value="64" />
  <attribute name="CPU Util currently" value="17" />
<sys-end id="16" timestamp="2019-08-10T05:10:53.498" />
<exclusive-end id="17" timestamp="2019-08-10T05:10:53.498" durationms="11.616" />

===== DaCapo 9.12-MR1 avrora starting =====
===== DaCapo 9.12-MR1 avrora PASSED in 121992 msec =====
WARNING: An illegal reflective access operation has occurred
WARNING: Illegal reflective access by com.google.common.base.internal.Finalizer (file:/./scratch/jar/guava-r07.jar) to field java.lang.Thread.inheritableThreadLocals
WARNING: Please consider reporting this to the maintainers of com.google.common.base.internal.Finalizer
WARNING: Use --illegal-access=warn to enable warnings of further illegal reflective access operations
WARNING: All illegal access operations will be denied in a future release
<exclusive-start id="18" timestamp="2019-08-10T05:12:58.513" intervalms="125026.541">
  <response-info timems="0.021" idlems="0.021" threads="0" lastid="00000000020ACF00" lastname="main" />
</exclusive-start>
<sys-start reason="explicit" id="19" timestamp="2019-08-10T05:12:58.513" intervalms="125026.537" />
<cycle-start id="20" type="global" contextid="0" timestamp="2019-08-10T05:12:58.513" intervalms="125026.548" />
<gc-start id="21" type="global" contextid="20" timestamp="2019-08-10T05:12:58.513">
  <mem-info id="22" free="3935379792" total="4203675648" percent="93">
    <mem type="tenure" free="3935379792" total="4203675648" percent="93">
      <mem type="soa" free="3725196624" total="3993492480" percent="93" />
      <mem type="loa" free="210183168" total="210183168" percent="100" />
    </mem>
  </mem-info>
</gc-start>
<allocation-stats totalBytes="267121728" >
  <allocated-bytes non-tlh="3769392" tlh="263352336" />
  <largest-consumer threadName="main" threadId="00000000020ACF00" bytes="87791952" />
</allocation-stats>
<gc-op id="23" type="mark" timems="22.124" contextid="20" timestamp="2019-08-10T05:12:58.535">
  <trace-info objectcount="76674" scancount="63846" scanbytes="2130600" />
  <finalization candidates="82" enqueued="2" />
  <ownableSynchronizers candidates="21" cleared="0" />
  <references type="soft" candidates="1641" cleared="0" enqueued="0" dynamicThreshold="31" maxThreshold="32" />
  <references type="weak" candidates="5236" cleared="744" enqueued="580" />
  <references type="phantom" candidates="135" cleared="37" enqueued="37" />
  <stringconstants candidates="10077" cleared="1394"  />
</gc-op>
<gc-op id="24" type="classunload" timems="4.991" contextid="20" timestamp="2019-08-10T05:12:58.540">
  <classunload-info classloadercandidates="18" classloadersunloaded="2" classesunloaded="509" anonymousclassesunloaded="0" quiescems="0.000" setupms="1.708" scanms="3.279" postms="0.004" />
</gc-op>
<gc-op id="25" type="sweep" timems="7.466" contextid="20" timestamp="2019-08-10T05:12:58.548" />
<mem-info id="26" free="4198007568" total="4203675648" percent="99">
  <mem type="tenure" free="4198007568" total="4203675648" percent="99" micro-fragmented="720426" macro-fragmented="0">
    <mem type="soa" free="3987824400" total="3993492480" percent="99" />
    <mem type="loa" free="210183168" total="210183168" percent="100" />
  </mem>
  <pending-finalizers system="2" default="0" reference="617" classloader="0" />
</mem-info>
<gc-op id="27" type="compact" timems="31.927" contextid="20" timestamp="2019-08-10T05:12:58.580">
  <compact-info movecount="76000" movebytes="4660920" reason="compact to aid heap contraction" />
</gc-op>
<gc-end id="28" type="global" contextid="20" durationms="67.961" usertimems="208.954" systemtimems="0.000" timestamp="2019-08-10T05:12:58.581" activeThreads="16">
  <mem-info id="29" free="4198987928" total="4203675648" percent="99">
    <mem type="tenure" free="4198987928" total="4203675648" percent="99">
      <mem type="soa" free="3988804760" total="3993492480" percent="99" />
      <mem type="loa" free="210183168" total="210183168" percent="100" />
    </mem>
    <pending-finalizers system="2" default="0" reference="617" classloader="0" />
  </mem-info>
</gc-end>
<cycle-end id="30" type="global" contextid="20" timestamp="2019-08-10T05:12:58.582" />
  <attribute name="elasticGC enabled" value="1" />
  <attribute name= "numThreadsSpecified" value="16" />
  <attribute name="heapSize specified" value="-91291648" />
  <attribute name="Current GC Util" value="274" />
  <attribute name= "Current Time Running" value="125283" />
  <attribute name ="GC Interval" value="0" />
  <attribute name="ProportionalT" value="97.000000" />
  <attribute name="ProportionalI" value="97.000000" />
  <attribute name="ProportionalH" value="97.000000" />
  <attribute name="Current Error" value="194.000000" />
  <attribute name="IntegralT" value="3104.000000" />
  <attribute name="IntegralI" value="3104.000000" />
  <attribute name="IntegralH" value="3104.000000" />
  <attribute name="DerivativeT" value="-3.187500" />
  <attribute name="DerivativeI" value="-3.187500" />
  <attribute name="DerivativeH" value="-3.187500" />
  <attribute name="Loop Time for DT" value="32.000000" />
  <attribute name="Output H" value="8388608"/>
  <attribute name="Output I" value="3200"/>
  <attribute name="Output T" value="16"/>
  <attribute name="Target GC Util Change" value ="80.000000" />
  <attribute name="Current GC Util Change" value="274.000000"/>
  <attribute name="GC Util currently" value="274" />
  <attribute name="CPU Util currently" value="36053499278" />
<sys-end id="31" timestamp="2019-08-10T05:12:58.582" />
<exclusive-end id="32" timestamp="2019-08-10T05:12:58.582" durationms="69.126" />

===== DaCapo 9.12-MR1 jython starting =====
-------------------------------------------------------------------------------
PYBENCH 2.0
-------------------------------------------------------------------------------
* using Python 2.5.2
* system check interval set to maximum: 2147483647
* using timer: time.time

Calibrating tests. Please wait...

Running 4 round(s) of the suite at warp factor 10:

* Round 1 done in 18.743 seconds.
<exclusive-start id="33" timestamp="2019-08-10T05:13:20.987" intervalms="22473.783">
  <response-info timems="0.023" idlems="0.023" threads="0" lastid="00000000020ACF00" lastname="main" />
</exclusive-start>
<af-start id="34" threadId="00000000020AD888" totalBytesRequested="1168" timestamp="2019-08-10T05:13:20.987" intervalms="147750.521" />
<cycle-start id="35" type="global" contextid="0" timestamp="2019-08-10T05:13:20.987" intervalms="22473.804" />
<gc-start id="36" type="global" contextid="35" timestamp="2019-08-10T05:13:20.987">
  <mem-info id="37" free="210183168" total="4203675648" percent="4">
    <mem type="tenure" free="210183168" total="4203675648" percent="4">
      <mem type="soa" free="0" total="3993492480" percent="0" />
      <mem type="loa" free="210183168" total="210183168" percent="100" />
    </mem>
  </mem-info>
</gc-start>
<allocation-stats totalBytes="3984131520" >
  <allocated-bytes non-tlh="14326064" tlh="3969805456" />
  <largest-consumer threadName="main" threadId="00000000020ACF00" bytes="3984103184" />
</allocation-stats>
<gc-op id="38" type="mark" timems="23.035" contextid="35" timestamp="2019-08-10T05:13:21.010">
  <trace-info objectcount="610584" scancount="530542" scanbytes="13693172" />
  <finalization candidates="85" enqueued="5" />
  <ownableSynchronizers candidates="21" cleared="0" />
  <references type="soft" candidates="4868" cleared="0" enqueued="0" dynamicThreshold="31" maxThreshold="32" />
  <references type="weak" candidates="5775" cleared="81" enqueued="72" />
  <references type="phantom" candidates="100" cleared="2" enqueued="2" />
  <stringconstants candidates="13868" cleared="24"  />
</gc-op>
<gc-op id="39" type="classunload" timems="0.560" contextid="35" timestamp="2019-08-10T05:13:21.011">
  <classunload-info classloadercandidates="59" classloadersunloaded="3" classesunloaded="3" anonymousclassesunloaded="0" quiescems="0.000" setupms="0.542" scanms="0.015" postms="0.003" />
</gc-op>
<gc-op id="40" type="sweep" timems="6.589" contextid="35" timestamp="2019-08-10T05:13:21.017" />
<mem-info id="41" free="4174039760" total="4203675648" percent="99">
  <mem type="tenure" free="4174039760" total="4203675648" percent="99" micro-fragmented="1745794" macro-fragmented="6450429">
    <mem type="soa" free="3963856592" total="3993492480" percent="99" />
    <mem type="loa" free="210183168" total="210183168" percent="100" />
  </mem>
  <pending-finalizers system="0" default="5" reference="74" classloader="0" />
</mem-info>
<gc-op id="42" type="compact" timems="37.550" contextid="35" timestamp="2019-08-10T05:13:21.055">
  <compact-info movecount="606463" movebytes="18177416" reason="compact to aid heap contraction" />
</gc-op>
<gc-end id="43" type="global" contextid="35" durationms="68.709" usertimems="405.703" systemtimems="0.000" timestamp="2019-08-10T05:13:21.056" activeThreads="16">
  <mem-info id="44" free="4185234192" total="4203675648" percent="99">
    <mem type="tenure" free="4185234192" total="4203675648" percent="99">
      <mem type="soa" free="3975051024" total="3993492480" percent="99" />
      <mem type="loa" free="210183168" total="210183168" percent="100" />
    </mem>
    <pending-finalizers system="0" default="5" reference="74" classloader="0" />
  </mem-info>
</gc-end>
<cycle-end id="45" type="global" contextid="35" timestamp="2019-08-10T05:13:21.056" />
  <attribute name="elasticGC enabled" value="1" />
  <attribute name= "numThreadsSpecified" value="16" />
  <attribute name="heapSize specified" value="-91291648" />
  <attribute name="Current GC Util" value="552" />
  <attribute name= "Current Time Running" value="147758" />
  <attribute name ="GC Interval" value="0" />
  <attribute name="ProportionalT" value="236.000000" />
  <attribute name="ProportionalI" value="236.000000" />
  <attribute name="ProportionalH" value="236.000000" />
  <attribute name="Current Error" value="472.000000" />
  <attribute name="IntegralT" value="8732.000000" />
  <attribute name="IntegralI" value="8732.000000" />
  <attribute name="IntegralH" value="8732.000000" />
  <attribute name="DerivativeT" value="-1.135135" />
  <attribute name="DerivativeI" value="-1.135135" />
  <attribute name="DerivativeH" value="-1.135135" />
  <attribute name="Loop Time for DT" value="37.000000" />
  <attribute name="Output H" value="8388608"/>
  <attribute name="Output I" value="4000"/>
  <attribute name="Output T" value="16"/>
  <attribute name="Target GC Util Change" value ="80.000000" />
  <attribute name="Current GC Util Change" value="552.000000"/>
  <attribute name="GC Util currently" value="552" />
  <attribute name="CPU Util currently" value="30697151621" />
<allocation-satisfied id="46" threadId="00000000020ACF00" bytesRequested="1168" />
<af-end id="47" timestamp="2019-08-10T05:13:21.056" threadId="00000000020AD888" success="true" />
<exclusive-end id="48" timestamp="2019-08-10T05:13:21.056" durationms="69.334" />

* Round 2 done in 2.480 seconds.
<exclusive-start id="49" timestamp="2019-08-10T05:13:23.606" intervalms="2619.621">
  <response-info timems="0.021" idlems="0.021" threads="0" lastid="00000000020ACF00" lastname="main" />
</exclusive-start>
<af-start id="50" threadId="00000000020AD888" totalBytesRequested="288" timestamp="2019-08-10T05:13:23.606" intervalms="2619.635" />
<cycle-start id="51" type="global" contextid="0" timestamp="2019-08-10T05:13:23.606" intervalms="2619.634" />
<gc-start id="52" type="global" contextid="51" timestamp="2019-08-10T05:13:23.606">
  <mem-info id="53" free="210183168" total="4203675648" percent="4">
    <mem type="tenure" free="210183168" total="4203675648" percent="4">
      <mem type="soa" free="0" total="3993492480" percent="0" />
      <mem type="loa" free="210183168" total="210183168" percent="100" />
    </mem>
  </mem-info>
</gc-start>
<allocation-stats totalBytes="3970641120" >
  <allocated-bytes non-tlh="1288" tlh="3970639832" />
  <largest-consumer threadName="main" threadId="00000000020ACF00" bytes="3970628712" />
</allocation-stats>
<gc-op id="54" type="mark" timems="17.999" contextid="51" timestamp="2019-08-10T05:13:23.625">
  <trace-info objectcount="610368" scancount="530381" scanbytes="13689184" />
  <finalization candidates="80" enqueued="0" />
  <ownableSynchronizers candidates="21" cleared="0" />
  <references type="soft" candidates="4868" cleared="0" enqueued="0" dynamicThreshold="31" maxThreshold="32" />
  <references type="weak" candidates="5746" cleared="14" enqueued="6" />
  <references type="phantom" candidates="98" cleared="1" enqueued="1" />
  <stringconstants candidates="13846" cleared="0"  />
</gc-op>
<gc-op id="55" type="sweep" timems="9.235" contextid="51" timestamp="2019-08-10T05:13:23.634" />
<mem-info id="56" free="4185311832" total="4203675648" percent="99">
  <mem type="tenure" free="4185311832" total="4203675648" percent="99" micro-fragmented="6402" macro-fragmented="0">
    <mem type="soa" free="3975128664" total="3993492480" percent="99" />
    <mem type="loa" free="210183168" total="210183168" percent="100" />
  </mem>
  <pending-finalizers system="0" default="0" reference="7" classloader="0" />
</mem-info>
<gc-op id="57" type="compact" timems="100.212" contextid="51" timestamp="2019-08-10T05:13:23.734">
  <compact-info movecount="551299" movebytes="16044952" reason="compact to aid heap contraction" />
</gc-op>
<gc-end id="58" type="global" contextid="51" durationms="128.763" usertimems="755.586" systemtimems="0.000" timestamp="2019-08-10T05:13:23.735" activeThreads="16">
  <mem-info id="59" free="4185271608" total="4203675648" percent="99">
    <mem type="tenure" free="4185271608" total="4203675648" percent="99">
      <mem type="soa" free="3975088440" total="3993492480" percent="99" />
      <mem type="loa" free="210183168" total="210183168" percent="100" />
    </mem>
    <pending-finalizers system="0" default="0" reference="7" classloader="0" />
  </mem-info>
</gc-end>
<cycle-end id="60" type="global" contextid="51" timestamp="2019-08-10T05:13:23.735" />
  <attribute name="elasticGC enabled" value="1" />
  <attribute name= "numThreadsSpecified" value="16" />
  <attribute name="heapSize specified" value="-91291648" />
  <attribute name="Current GC Util" value="540" />
  <attribute name= "Current Time Running" value="150438" />
  <attribute name ="GC Interval" value="0" />
  <attribute name="ProportionalT" value="230.000000" />
  <attribute name="ProportionalI" value="230.000000" />
  <attribute name="ProportionalH" value="230.000000" />
  <attribute name="Current Error" value="460.000000" />
  <attribute name="IntegralT" value="23230.000000" />
  <attribute name="IntegralI" value="23230.000000" />
  <attribute name="IntegralH" value="23230.000000" />
  <attribute name="DerivativeT" value="1.148515" />
  <attribute name="DerivativeI" value="1.148515" />
  <attribute name="DerivativeH" value="1.148515" />
  <attribute name="Loop Time for DT" value="101.000000" />
  <attribute name="Output H" value="8388608"/>
  <attribute name="Output I" value="4000"/>
  <attribute name="Output T" value="16"/>
  <attribute name="Target GC Util Change" value ="80.000000" />
  <attribute name="Current GC Util Change" value="540.000000"/>
  <attribute name="GC Util currently" value="540" />
  <attribute name="CPU Util currently" value="11505532244" />
<allocation-satisfied id="61" threadId="00000000020ACF00" bytesRequested="288" />
<af-end id="62" timestamp="2019-08-10T05:13:23.735" threadId="00000000020AD888" success="true" />
<exclusive-end id="63" timestamp="2019-08-10T05:13:23.735" durationms="129.180" />

* Round 3 done in 2.527 seconds.
<exclusive-start id="64" timestamp="2019-08-10T05:13:27.206" intervalms="3599.775">
  <response-info timems="0.018" idlems="0.018" threads="0" lastid="00000000020ACF00" lastname="main" />
</exclusive-start>
<af-start id="65" threadId="00000000020AD888" totalBytesRequested="64" timestamp="2019-08-10T05:13:27.206" intervalms="3599.763" />
<cycle-start id="66" type="global" contextid="0" timestamp="2019-08-10T05:13:27.206" intervalms="3599.806" />
<gc-start id="67" type="global" contextid="66" timestamp="2019-08-10T05:13:27.206">
  <mem-info id="68" free="210183168" total="4203675648" percent="4">
    <mem type="tenure" free="210183168" total="4203675648" percent="4">
      <mem type="soa" free="0" total="3993492480" percent="0" />
      <mem type="loa" free="210183168" total="210183168" percent="100" />
    </mem>
  </mem-info>
</gc-start>
<allocation-stats totalBytes="3971473960" >
  <allocated-bytes non-tlh="0" tlh="3971473960" />
  <largest-consumer threadName="main" threadId="00000000020ACF00" bytes="3971473960" />
</allocation-stats>
<gc-op id="69" type="mark" timems="14.772" contextid="66" timestamp="2019-08-10T05:13:27.221">
  <trace-info objectcount="610473" scancount="530490" scanbytes="13692152" />
  <finalization candidates="80" enqueued="0" />
  <ownableSynchronizers candidates="21" cleared="0" />
  <references type="soft" candidates="4868" cleared="0" enqueued="0" dynamicThreshold="31" maxThreshold="32" />
  <references type="weak" candidates="5759" cleared="7" enqueued="3" />
  <references type="phantom" candidates="97" cleared="0" enqueued="0" />
  <stringconstants candidates="13846" cleared="0"  />
</gc-op>
<gc-op id="70" type="sweep" timems="5.356" contextid="66" timestamp="2019-08-10T05:13:27.226" />
<mem-info id="71" free="4185320888" total="4203675648" percent="99">
  <mem type="tenure" free="4185320888" total="4203675648" percent="99" micro-fragmented="0" macro-fragmented="0">
    <mem type="soa" free="3975137720" total="3993492480" percent="99" />
    <mem type="loa" free="210183168" total="210183168" percent="100" />
  </mem>
  <pending-finalizers system="0" default="0" reference="3" classloader="0" />
</mem-info>
<gc-op id="72" type="compact" timems="42.861" contextid="66" timestamp="2019-08-10T05:13:27.269">
  <compact-info movecount="278678" movebytes="8279480" reason="compact to aid heap contraction" />
</gc-op>
<gc-end id="73" type="global" contextid="66" durationms="65.607" usertimems="271.380" systemtimems="0.000" timestamp="2019-08-10T05:13:27.272" activeThreads="16">
  <mem-info id="74" free="4185268776" total="4203675648" percent="99">
    <mem type="tenure" free="4185268776" total="4203675648" percent="99">
      <mem type="soa" free="3975085608" total="3993492480" percent="99" />
      <mem type="loa" free="210183168" total="210183168" percent="100" />
    </mem>
    <pending-finalizers system="0" default="0" reference="3" classloader="0" />
  </mem-info>
</gc-end>
<cycle-end id="75" type="global" contextid="66" timestamp="2019-08-10T05:13:27.272" />
  <attribute name="elasticGC enabled" value="1" />
  <attribute name= "numThreadsSpecified" value="16" />
  <attribute name="heapSize specified" value="-91291648" />
  <attribute name="Current GC Util" value="311" />
  <attribute name= "Current Time Running" value="153973" />
  <attribute name ="GC Interval" value="0" />
  <attribute name="ProportionalT" value="115.500000" />
  <attribute name="ProportionalI" value="115.500000" />
  <attribute name="ProportionalH" value="115.500000" />
  <attribute name="Current Error" value="231.000000" />
  <attribute name="IntegralT" value="4966.500000" />
  <attribute name="IntegralI" value="4966.500000" />
  <attribute name="IntegralH" value="4966.500000" />
  <attribute name="DerivativeT" value="-3.162791" />
  <attribute name="DerivativeI" value="-3.162791" />
  <attribute name="DerivativeH" value="-3.162791" />
  <attribute name="Loop Time for DT" value="43.000000" />
  <attribute name="Output H" value="8388608"/>
  <attribute name="Output I" value="4000"/>
  <attribute name="Output T" value="16"/>
  <attribute name="Target GC Util Change" value ="80.000000" />
  <attribute name="Current GC Util Change" value="311.000000"/>
  <attribute name="GC Util currently" value="311" />
  <attribute name="CPU Util currently" value="26884183055" />
<allocation-satisfied id="76" threadId="00000000020ACF00" bytesRequested="64" />
<af-end id="77" timestamp="2019-08-10T05:13:27.272" threadId="00000000020AD888" success="true" />
<exclusive-end id="78" timestamp="2019-08-10T05:13:27.272" durationms="65.934" />

* Round 4 done in 2.260 seconds.

-------------------------------------------------------------------------------
Benchmark: 2019-08-10 05:13:01
-------------------------------------------------------------------------------

    Rounds: 4
    Warp:   10
    Timer:  time.time

Test                             minimum  average  operation  overhead
-------------------------------------------------------------------------------
          BuiltinFunctionCalls:     15ms     63ms    0.12us    0.000ms
           BuiltinMethodLookup:     45ms    123ms    0.12us    0.000ms
                 CompareFloats:     17ms    154ms    0.13us    0.000ms
         CompareFloatsIntegers:     20ms    106ms    0.12us    0.000ms
               CompareIntegers:     24ms     81ms    0.04us    0.000ms
        CompareInternedStrings:     35ms    150ms    0.10us    0.000ms
                  CompareLongs:     18ms     76ms    0.07us    0.000ms
                CompareStrings:     26ms     81ms    0.08us    0.000ms
                CompareUnicode:     21ms     62ms    0.08us    0.000ms
                 ConcatStrings:     68ms    195ms    0.39us    0.000ms
                 ConcatUnicode:     41ms    114ms    0.38us    0.000ms
               CreateInstances:     34ms     81ms    0.72us    0.000ms
            CreateNewInstances:     50ms    115ms    1.37us    0.000ms
       CreateStringsWithConcat:     41ms    128ms    0.13us    0.000ms
       CreateUnicodeWithConcat:     17ms     46ms    0.12us    0.000ms
                  DictCreation:     28ms     97ms    0.24us    0.000ms
             DictWithFloatKeys:     16ms    228ms    0.25us    0.000ms
           DictWithIntegerKeys:     20ms     85ms    0.07us    0.000ms
            DictWithStringKeys:     21ms     67ms    0.06us    0.000ms
                      ForLoops:    105ms    173ms    6.92us    0.000ms
                    IfThenElse:     22ms    133ms    0.10us    0.000ms
                   ListSlicing:      7ms     32ms    2.25us    0.000ms
                NestedForLoops:     87ms    120ms    0.08us    0.000ms
          NormalClassAttribute:     27ms    107ms    0.09us    0.000ms
       NormalInstanceAttribute:     24ms     92ms    0.08us    0.000ms
           PythonFunctionCalls:     25ms    123ms    0.37us    0.000ms
             PythonMethodCalls:     31ms    106ms    0.47us    0.000ms
                     Recursion:     37ms    182ms    3.63us    0.000ms
                  SecondImport:     34ms    107ms    1.07us    0.000ms
           SecondPackageImport:     35ms     59ms    0.59us    0.000ms
         SecondSubmoduleImport:     54ms     90ms    0.90us    0.000ms
       SimpleComplexArithmetic:     15ms     82ms    0.09us    0.000ms
        SimpleDictManipulation:     26ms    155ms    0.13us    0.000ms
         SimpleFloatArithmetic:     18ms    140ms    0.11us    0.000ms
      SimpleIntFloatArithmetic:     19ms    157ms    0.12us    0.000ms
       SimpleIntegerArithmetic:     19ms    111ms    0.08us    0.000ms
        SimpleListManipulation:     40ms    160ms    0.14us    0.000ms
          SimpleLongArithmetic:     21ms     96ms    0.15us    0.000ms
                    SmallLists:     45ms     94ms    0.14us    0.000ms
                   SmallTuples:     40ms    177ms    0.33us    0.000ms
         SpecialClassAttribute:     28ms     81ms    0.07us    0.000ms
      SpecialInstanceAttribute:     24ms     81ms    0.07us    0.000ms
                StringMappings:     64ms    320ms    1.27us    0.000ms
              StringPredicates:     47ms    148ms    0.21us    0.000ms
                 StringSlicing:     28ms     82ms    0.15us    0.000ms
                     TryExcept:      2ms     28ms    0.01us    0.000ms
                TryRaiseExcept:     80ms    116ms    1.81us    0.000ms
                  TupleSlicing:     18ms     36ms    0.14us    0.000ms
               UnicodeMappings:     80ms    247ms    6.87us    0.000ms
             UnicodePredicates:     50ms    126ms    0.23us    0.000ms
             UnicodeProperties:    366ms    621ms    1.55us    0.000ms
                UnicodeSlicing:     30ms     65ms    0.13us    0.000ms
-------------------------------------------------------------------------------
Totals:                           2105ms   6503ms

===== DaCapo 9.12-MR1 jython PASSED in 29360 msec =====
<exclusive-start id="79" timestamp="2019-08-10T05:13:28.168" intervalms="962.194">
  <response-info timems="0.121" idlems="0.121" threads="0" lastid="00000000020ACF00" lastname="main" />
</exclusive-start>
<sys-start reason="explicit" id="80" timestamp="2019-08-10T05:13:28.168" intervalms="29655.378" />
<cycle-start id="81" type="global" contextid="0" timestamp="2019-08-10T05:13:28.168" intervalms="962.160" />
<gc-start id="82" type="global" contextid="81" timestamp="2019-08-10T05:13:28.168">
  <mem-info id="83" free="3259990024" total="4203675648" percent="77">
    <mem type="tenure" free="3259990024" total="4203675648" percent="77">
      <mem type="soa" free="3049806856" total="3993492480" percent="76" />
      <mem type="loa" free="210183168" total="210183168" percent="100" />
    </mem>
  </mem-info>
</gc-start>
<allocation-stats totalBytes="909874464" >
  <allocated-bytes non-tlh="73730608" tlh="836143856" />
  <largest-consumer threadName="main" threadId="00000000020ACF00" bytes="909874464" />
</allocation-stats>
<gc-op id="84" type="mark" timems="20.713" contextid="81" timestamp="2019-08-10T05:13:28.190">
  <trace-info objectcount="611056" scancount="530343" scanbytes="13694484" />
  <finalization candidates="81" enqueued="1" />
  <ownableSynchronizers candidates="24" cleared="3" />
  <references type="soft" candidates="4875" cleared="0" enqueued="0" dynamicThreshold="31" maxThreshold="32" />
  <references type="weak" candidates="5825" cleared="60" enqueued="60" />
  <references type="phantom" candidates="133" cleared="11" enqueued="11" />
  <stringconstants candidates="14264" cleared="8"  />
</gc-op>
<gc-op id="85" type="classunload" timems="0.612" contextid="81" timestamp="2019-08-10T05:13:28.191">
  <classunload-info classloadercandidates="57" classloadersunloaded="2" classesunloaded="2" anonymousclassesunloaded="0" quiescems="1.081" setupms="0.590" scanms="0.017" postms="0.005" />
</gc-op>
<gc-op id="86" type="sweep" timems="5.212" contextid="81" timestamp="2019-08-10T05:13:28.196" />
<mem-info id="87" free="4184684320" total="4203675648" percent="99">
  <mem type="tenure" free="4184684320" total="4203675648" percent="99" micro-fragmented="104941" macro-fragmented="0">
    <mem type="soa" free="3974501152" total="3993492480" percent="99" />
    <mem type="loa" free="210183168" total="210183168" percent="100" />
  </mem>
  <pending-finalizers system="1" default="0" reference="71" classloader="0" />
</mem-info>
<gc-op id="88" type="compact" timems="68.220" contextid="81" timestamp="2019-08-10T05:13:28.265">
  <compact-info movecount="574845" movebytes="17590800" reason="compact to aid heap contraction" />
</gc-op>
<gc-end id="89" type="global" contextid="81" durationms="97.486" usertimems="430.180" systemtimems="0.000" timestamp="2019-08-10T05:13:28.266" activeThreads="16">
  <mem-info id="90" free="4184830832" total="4203675648" percent="99">
    <mem type="tenure" free="4184830832" total="4203675648" percent="99">
      <mem type="soa" free="3974647664" total="3993492480" percent="99" />
      <mem type="loa" free="210183168" total="210183168" percent="100" />
    </mem>
    <pending-finalizers system="1" default="0" reference="71" classloader="0" />
  </mem-info>
</gc-end>
<cycle-end id="91" type="global" contextid="81" timestamp="2019-08-10T05:13:28.266" />
  <attribute name="elasticGC enabled" value="1" />
  <attribute name= "numThreadsSpecified" value="16" />
  <attribute name="heapSize specified" value="-91291648" />
  <attribute name="Current GC Util" value="424" />
  <attribute name= "Current Time Running" value="154968" />
  <attribute name ="GC Interval" value="0" />
  <attribute name="ProportionalT" value="172.000000" />
  <attribute name="ProportionalI" value="172.000000" />
  <attribute name="ProportionalH" value="172.000000" />
  <attribute name="Current Error" value="344.000000" />
  <attribute name="IntegralT" value="11696.000000" />
  <attribute name="IntegralI" value="11696.000000" />
  <attribute name="IntegralH" value="11696.000000" />
  <attribute name="DerivativeT" value="-1.147059" />
  <attribute name="DerivativeI" value="-1.147059" />
  <attribute name="DerivativeH" value="-1.147059" />
  <attribute name="Loop Time for DT" value="68.000000" />
  <attribute name="Output H" value="8388608"/>
  <attribute name="Output I" value="4000"/>
  <attribute name="Output T" value="16"/>
  <attribute name="Target GC Util Change" value ="80.000000" />
  <attribute name="Current GC Util Change" value="424.000000"/>
  <attribute name="GC Util currently" value="424" />
  <attribute name="CPU Util currently" value="16896042930" />
<sys-end id="92" timestamp="2019-08-10T05:13:28.266" />
<exclusive-end id="93" timestamp="2019-08-10T05:13:28.266" durationms="98.261" />

===== DaCapo 9.12-MR1 pmd starting =====
===== DaCapo 9.12-MR1 pmd PASSED in 5394 msec =====
Using scaled threading model. 16 processors detected, 16 threads used to drive the workload, in a possible range of [1,512]
<exclusive-start id="94" timestamp="2019-08-10T05:13:33.835" intervalms="5666.939">
  <response-info timems="0.017" idlems="0.017" threads="0" lastid="00000000020ACF00" lastname="main" />
</exclusive-start>
<sys-start reason="explicit" id="95" timestamp="2019-08-10T05:13:33.835" intervalms="5666.948" />
<cycle-start id="96" type="global" contextid="0" timestamp="2019-08-10T05:13:33.835" intervalms="5666.958" />
<gc-start id="97" type="global" contextid="96" timestamp="2019-08-10T05:13:33.835">
  <mem-info id="98" free="3565927808" total="4203675648" percent="84">
    <mem type="tenure" free="3565927808" total="4203675648" percent="84">
      <mem type="soa" free="3355744640" total="3993492480" percent="84" />
      <mem type="loa" free="210183168" total="210183168" percent="100" />
    </mem>
  </mem-info>
</gc-start>
<allocation-stats totalBytes="618606240" >
  <allocated-bytes non-tlh="4046512" tlh="614559728" />
  <largest-consumer threadName="main" threadId="00000000020ACF00" bytes="18385968" />
</allocation-stats>
<gc-op id="99" type="mark" timems="26.506" contextid="96" timestamp="2019-08-10T05:13:33.862">
  <trace-info objectcount="639038" scancount="553634" scanbytes="14437824" />
  <finalization candidates="152" enqueued="1" />
  <ownableSynchronizers candidates="42" cleared="19" />
  <references type="soft" candidates="4909" cleared="0" enqueued="0" dynamicThreshold="31" maxThreshold="32" />
  <references type="weak" candidates="12183" cleared="5938" enqueued="5863" />
  <references type="phantom" candidates="1599" cleared="746" enqueued="746" />
  <stringconstants candidates="16396" cleared="1775"  />
</gc-op>
<gc-op id="100" type="classunload" timems="14.589" contextid="96" timestamp="2019-08-10T05:13:33.877">
  <classunload-info classloadercandidates="64" classloadersunloaded="9" classesunloaded="1011" anonymousclassesunloaded="0" quiescems="0.000" setupms="7.359" scanms="7.220" postms="0.010" />
</gc-op>
<gc-op id="101" type="sweep" timems="5.883" contextid="96" timestamp="2019-08-10T05:13:33.882" />
<mem-info id="102" free="4179190832" total="4203675648" percent="99">
  <mem type="tenure" free="4179190832" total="4203675648" percent="99" micro-fragmented="132039" macro-fragmented="0">
    <mem type="soa" free="3969007664" total="3993492480" percent="99" />
    <mem type="loa" free="210183168" total="210183168" percent="100" />
  </mem>
  <pending-finalizers system="1" default="0" reference="6609" classloader="0" />
</mem-info>
<gc-op id="103" type="compact" timems="88.442" contextid="96" timestamp="2019-08-10T05:13:33.971">
  <compact-info movecount="567934" movebytes="21624032" reason="compact to aid heap contraction" />
</gc-op>
<gc-end id="104" type="global" contextid="96" durationms="137.661" usertimems="485.294" systemtimems="20.205" timestamp="2019-08-10T05:13:33.973" activeThreads="16">
  <mem-info id="105" free="4179882288" total="4203675648" percent="99">
    <mem type="tenure" free="4179882288" total="4203675648" percent="99">
      <mem type="soa" free="3969699120" total="3993492480" percent="99" />
      <mem type="loa" free="210183168" total="210183168" percent="100" />
    </mem>
    <pending-finalizers system="1" default="0" reference="6609" classloader="0" />
  </mem-info>
</gc-end>
<cycle-end id="106" type="global" contextid="96" timestamp="2019-08-10T05:13:33.975" />
  <attribute name="elasticGC enabled" value="1" />
  <attribute name= "numThreadsSpecified" value="16" />
  <attribute name="heapSize specified" value="-91291648" />
  <attribute name="Current GC Util" value="387" />
  <attribute name= "Current Time Running" value="160675" />
  <attribute name ="GC Interval" value="0" />
  <attribute name="ProportionalT" value="153.500000" />
  <attribute name="ProportionalI" value="153.500000" />
  <attribute name="ProportionalH" value="153.500000" />
  <attribute name="Current Error" value="307.000000" />
  <attribute name="IntegralT" value="13661.500000" />
  <attribute name="IntegralI" value="13661.500000" />
  <attribute name="IntegralH" value="13661.500000" />
  <attribute name="DerivativeT" value="-0.235955" />
  <attribute name="DerivativeI" value="-0.235955" />
  <attribute name="DerivativeH" value="-0.235955" />
  <attribute name="Loop Time for DT" value="89.000000" />
  <attribute name="Output H" value="8388608"/>
  <attribute name="Output I" value="4000"/>
  <attribute name="Output T" value="16"/>
  <attribute name="Target GC Util Change" value ="80.000000" />
  <attribute name="Current GC Util Change" value="387.000000"/>
  <attribute name="GC Util currently" value="387" />
  <attribute name="CPU Util currently" value="13020510197" />
<sys-end id="107" timestamp="2019-08-10T05:13:33.975" />
<exclusive-end id="108" timestamp="2019-08-10T05:13:33.975" durationms="140.299" />

===== DaCapo 9.12-MR1 sunflow starting =====
<exclusive-start id="109" timestamp="2019-08-10T05:13:39.566" intervalms="5731.321">
  <response-info timems="6.917" idlems="2.860" threads="2" lastid="000000000239AF00" lastname="Thread-30" />
</exclusive-start>
<af-start id="110" threadId="0000000002394088" totalBytesRequested="40" timestamp="2019-08-10T05:13:39.567" intervalms="12360.534" />
<cycle-start id="111" type="global" contextid="0" timestamp="2019-08-10T05:13:39.567" intervalms="5731.372" />
<gc-start id="112" type="global" contextid="111" timestamp="2019-08-10T05:13:39.567">
  <mem-info id="113" free="210183168" total="4203675648" percent="4">
    <mem type="tenure" free="210183168" total="4203675648" percent="4">
      <mem type="soa" free="0" total="3993492480" percent="0" />
      <mem type="loa" free="210183168" total="210183168" percent="100" />
    </mem>
  </mem-info>
</gc-start>
<allocation-stats totalBytes="3969280224" >
  <allocated-bytes non-tlh="3112064" tlh="3966168160" />
  <largest-consumer threadName="Thread-22" threadId="00000000023ADB00" bytes="326417048" />
</allocation-stats>
<gc-op id="114" type="mark" timems="20.432" contextid="111" timestamp="2019-08-10T05:13:39.587">
  <trace-info objectcount="758485" scancount="674452" scanbytes="19678672" />
  <finalization candidates="151" enqueued="0" />
  <ownableSynchronizers candidates="23" cleared="0" />
  <references type="soft" candidates="4924" cleared="0" enqueued="0" dynamicThreshold="31" maxThreshold="32" />
  <references type="weak" candidates="6283" cleared="25" enqueued="25" />
  <references type="phantom" candidates="835" cleared="0" enqueued="0" />
  <stringconstants candidates="15175" cleared="2"  />
</gc-op>
<gc-op id="115" type="sweep" timems="14.773" contextid="111" timestamp="2019-08-10T05:13:39.602" />
<mem-info id="116" free="4173752856" total="4203675648" percent="99">
  <mem type="tenure" free="4173752856" total="4203675648" percent="99" micro-fragmented="985600" macro-fragmented="13375613">
    <mem type="soa" free="3963569688" total="3993492480" percent="99" />
    <mem type="loa" free="210183168" total="210183168" percent="100" />
  </mem>
  <pending-finalizers system="0" default="0" reference="25" classloader="0" />
</mem-info>
<gc-op id="117" type="compact" timems="145.956" contextid="111" timestamp="2019-08-10T05:13:39.748">
  <compact-info movecount="744550" movebytes="27679136" reason="compact to aid heap contraction" />
</gc-op>
<gc-end id="118" type="global" contextid="111" durationms="182.627" usertimems="777.911" systemtimems="101.813" timestamp="2019-08-10T05:13:39.749" activeThreads="16">
  <mem-info id="119" free="4175339232" total="4203675648" percent="99">
    <mem type="tenure" free="4175339232" total="4203675648" percent="99">
      <mem type="soa" free="3965156064" total="3993492480" percent="99" />
      <mem type="loa" free="210183168" total="210183168" percent="100" />
    </mem>
    <pending-finalizers system="0" default="0" reference="25" classloader="0" />
  </mem-info>
</gc-end>
<cycle-end id="120" type="global" contextid="111" timestamp="2019-08-10T05:13:39.750" />
  <attribute name="elasticGC enabled" value="1" />
  <attribute name= "numThreadsSpecified" value="16" />
  <attribute name="heapSize specified" value="-91291648" />
  <attribute name="Current GC Util" value="375" />
  <attribute name= "Current Time Running" value="166452" />
  <attribute name ="GC Interval" value="0" />
  <attribute name="ProportionalT" value="147.500000" />
  <attribute name="ProportionalI" value="147.500000" />
  <attribute name="ProportionalH" value="147.500000" />
  <attribute name="Current Error" value="295.000000" />
  <attribute name="IntegralT" value="21535.000000" />
  <attribute name="IntegralI" value="21535.000000" />
  <attribute name="IntegralH" value="21535.000000" />
  <attribute name="DerivativeT" value="0.828767" />
  <attribute name="DerivativeI" value="0.828767" />
  <attribute name="DerivativeH" value="0.828767" />
  <attribute name="Loop Time for DT" value="146.000000" />
  <attribute name="Output H" value="8388608"/>
  <attribute name="Output I" value="4000"/>
  <attribute name="Output T" value="16"/>
  <attribute name="Target GC Util Change" value ="80.000000" />
  <attribute name="Current GC Util Change" value="375.000000"/>
  <attribute name="GC Util currently" value="375" />
  <attribute name="CPU Util currently" value="7897976526" />
<allocation-satisfied id="121" threadId="0000000002393700" bytesRequested="40" />
<af-end id="122" timestamp="2019-08-10T05:13:39.750" threadId="0000000002394088" success="true" />
<exclusive-end id="123" timestamp="2019-08-10T05:13:39.750" durationms="183.691" />

<exclusive-start id="124" timestamp="2019-08-10T05:13:43.618" intervalms="4051.466">
  <response-info timems="0.170" idlems="0.170" threads="0" lastid="00000000023B5200" lastname="Thread-29" />
</exclusive-start>
<af-start id="125" threadId="00000000023B5B88" totalBytesRequested="40" timestamp="2019-08-10T05:13:43.618" intervalms="4051.389" />
<cycle-start id="126" type="global" contextid="0" timestamp="2019-08-10T05:13:43.618" intervalms="4051.384" />
<gc-start id="127" type="global" contextid="126" timestamp="2019-08-10T05:13:43.618">
  <mem-info id="128" free="210183168" total="4203675648" percent="4">
    <mem type="tenure" free="210183168" total="4203675648" percent="4">
      <mem type="soa" free="0" total="3993492480" percent="0" />
      <mem type="loa" free="210183168" total="210183168" percent="100" />
    </mem>
  </mem-info>
</gc-start>
<allocation-stats totalBytes="3965107760" >
  <allocated-bytes non-tlh="0" tlh="3965107760" />
  <largest-consumer threadName="Thread-29" threadId="00000000023B5200" bytes="302808576" />
</allocation-stats>
<gc-op id="129" type="mark" timems="18.173" contextid="126" timestamp="2019-08-10T05:13:43.636">
  <trace-info objectcount="693647" scancount="609689" scanbytes="16879120" />
  <finalization candidates="151" enqueued="0" />
  <ownableSynchronizers candidates="23" cleared="0" />
  <references type="soft" candidates="4924" cleared="0" enqueued="0" dynamicThreshold="31" maxThreshold="32" />
  <references type="weak" candidates="6258" cleared="0" enqueued="0" />
  <references type="phantom" candidates="835" cleared="0" enqueued="0" />
  <stringconstants candidates="15173" cleared="0"  />
</gc-op>
<gc-op id="130" type="sweep" timems="6.305" contextid="126" timestamp="2019-08-10T05:13:43.643" />
<mem-info id="131" free="4177831608" total="4203675648" percent="99">
  <mem type="tenure" free="4177831608" total="4203675648" percent="99" micro-fragmented="102357" macro-fragmented="271400">
    <mem type="soa" free="3967648440" total="3993492480" percent="99" />
    <mem type="loa" free="210183168" total="210183168" percent="100" />
  </mem>
</mem-info>
<gc-op id="132" type="compact" timems="65.875" contextid="126" timestamp="2019-08-10T05:13:43.709">
  <compact-info movecount="458122" movebytes="15868568" reason="compact to aid heap contraction" />
</gc-op>
<gc-end id="133" type="global" contextid="126" durationms="91.459" usertimems="319.711" systemtimems="0.000" timestamp="2019-08-10T05:13:43.710" activeThreads="16">
  <mem-info id="134" free="4178631376" total="4203675648" percent="99">
    <mem type="tenure" free="4178631376" total="4203675648" percent="99">
      <mem type="soa" free="3968448208" total="3993492480" percent="99" />
      <mem type="loa" free="210183168" total="210183168" percent="100" />
    </mem>
  </mem-info>
</gc-end>
<cycle-end id="135" type="global" contextid="126" timestamp="2019-08-10T05:13:43.710" />
  <attribute name="elasticGC enabled" value="1" />
  <attribute name= "numThreadsSpecified" value="16" />
  <attribute name="heapSize specified" value="-91291648" />
  <attribute name="Current GC Util" value="312" />
  <attribute name= "Current Time Running" value="170412" />
  <attribute name ="GC Interval" value="0" />
  <attribute name="ProportionalT" value="116.000000" />
  <attribute name="ProportionalI" value="116.000000" />
  <attribute name="ProportionalH" value="116.000000" />
  <attribute name="Current Error" value="232.000000" />
  <attribute name="IntegralT" value="7656.000000" />
  <attribute name="IntegralI" value="7656.000000" />
  <attribute name="IntegralH" value="7656.000000" />
  <attribute name="DerivativeT" value="-1.424242" />
  <attribute name="DerivativeI" value="-1.424242" />
  <attribute name="DerivativeH" value="-1.424242" />
  <attribute name="Loop Time for DT" value="66.000000" />
  <attribute name="Output H" value="8388608"/>
  <attribute name="Output I" value="4000"/>
  <attribute name="Output T" value="16"/>
  <attribute name="Target GC Util Change" value ="80.000000" />
  <attribute name="Current GC Util Change" value="312.000000"/>
  <attribute name="GC Util currently" value="312" />
  <attribute name="CPU Util currently" value="17510376767" />
<allocation-satisfied id="136" threadId="00000000023B5200" bytesRequested="40" />
<af-end id="137" timestamp="2019-08-10T05:13:43.710" threadId="00000000023B5B88" success="true" />
<exclusive-end id="138" timestamp="2019-08-10T05:13:43.710" durationms="91.873" />

===== DaCapo 9.12-MR1 sunflow PASSED in 9855 msec =====
Using scaled threading model. 16 processors detected, 16 threads used to drive the workload, in a possible range of [1,1000]
<exclusive-start id="139" timestamp="2019-08-10T05:13:44.193" intervalms="574.810">
  <response-info timems="0.849" idlems="0.542" threads="2" lastid="00000000023C0600" lastname="Thread-37" />
</exclusive-start>
<sys-start reason="explicit" id="140" timestamp="2019-08-10T05:13:44.193" intervalms="10357.599" />
<cycle-start id="141" type="global" contextid="0" timestamp="2019-08-10T05:13:44.193" intervalms="574.815" />
<gc-start id="142" type="global" contextid="141" timestamp="2019-08-10T05:13:44.193">
  <mem-info id="143" free="4053902320" total="4203675648" percent="96">
    <mem type="tenure" free="4053902320" total="4203675648" percent="96">
      <mem type="soa" free="3843719152" total="3993492480" percent="96" />
      <mem type="loa" free="210183168" total="210183168" percent="100" />
    </mem>
  </mem-info>
</gc-start>
<allocation-stats totalBytes="124679624" >
  <allocated-bytes non-tlh="460512" tlh="124219112" />
  <largest-consumer threadName="main" threadId="00000000020ACF00" bytes="11343600" />
</allocation-stats>
<gc-op id="144" type="mark" timems="32.074" contextid="141" timestamp="2019-08-10T05:13:44.225">
  <trace-info objectcount="642525" scancount="555942" scanbytes="14689240" />
  <finalization candidates="154" enqueued="1" />
  <ownableSynchronizers candidates="23" cleared="0" />
  <references type="soft" candidates="4995" cleared="0" enqueued="0" dynamicThreshold="31" maxThreshold="32" />
  <references type="weak" candidates="6356" cleared="93" enqueued="93" />
  <references type="phantom" candidates="876" cleared="10" enqueued="10" />
  <stringconstants candidates="16166" cleared="22"  />
</gc-op>
<gc-op id="145" type="classunload" timems="0.019" contextid="141" timestamp="2019-08-10T05:13:44.225">
  <classunload-info classloadercandidates="68" classloadersunloaded="0" classesunloaded="0" anonymousclassesunloaded="0" quiescems="0.000" setupms="0.017" scanms="0.001" postms="0.001" />
</gc-op>
<gc-op id="146" type="sweep" timems="9.949" contextid="141" timestamp="2019-08-10T05:13:44.235" />
<mem-info id="147" free="4180277936" total="4203675648" percent="99">
  <mem type="tenure" free="4180277936" total="4203675648" percent="99" micro-fragmented="322010" macro-fragmented="0">
    <mem type="soa" free="3970094768" total="3993492480" percent="99" />
    <mem type="loa" free="210183168" total="210183168" percent="100" />
  </mem>
  <pending-finalizers system="1" default="0" reference="103" classloader="0" />
</mem-info>
<gc-op id="148" type="compact" timems="73.453" contextid="141" timestamp="2019-08-10T05:13:44.309">
  <compact-info movecount="508695" movebytes="17310632" reason="compact to aid heap contraction" />
</gc-op>
<gc-end id="149" type="global" contextid="141" durationms="117.037" usertimems="380.426" systemtimems="0.000" timestamp="2019-08-10T05:13:44.310" activeThreads="16">
  <mem-info id="150" free="4180713848" total="4203675648" percent="99">
    <mem type="tenure" free="4180713848" total="4203675648" percent="99">
      <mem type="soa" free="3970530680" total="3993492480" percent="99" />
      <mem type="loa" free="210183168" total="210183168" percent="100" />
    </mem>
    <pending-finalizers system="1" default="0" reference="103" classloader="0" />
  </mem-info>
</gc-end>
<cycle-end id="151" type="global" contextid="141" timestamp="2019-08-10T05:13:44.311" />
  <attribute name="elasticGC enabled" value="1" />
  <attribute name= "numThreadsSpecified" value="16" />
  <attribute name="heapSize specified" value="-91291648" />
  <attribute name="Current GC Util" value="284" />
  <attribute name= "Current Time Running" value="171012" />
  <attribute name ="GC Interval" value="0" />
  <attribute name="ProportionalT" value="102.000000" />
  <attribute name="ProportionalI" value="102.000000" />
  <attribute name="ProportionalH" value="102.000000" />
  <attribute name="Current Error" value="204.000000" />
  <attribute name="IntegralT" value="7446.000000" />
  <attribute name="IntegralI" value="7446.000000" />
  <attribute name="IntegralH" value="7446.000000" />
  <attribute name="DerivativeT" value="1.027397" />
  <attribute name="DerivativeI" value="1.027397" />
  <attribute name="DerivativeH" value="1.027397" />
  <attribute name="Loop Time for DT" value="73.000000" />
  <attribute name="Output H" value="8388608"/>
  <attribute name="Output I" value="4000"/>
  <attribute name="Output T" value="16"/>
  <attribute name="Target GC Util Change" value ="80.000000" />
  <attribute name="Current GC Util Change" value="284.000000"/>
  <attribute name="GC Util currently" value="284" />
  <attribute name="CPU Util currently" value="15695615269" />
<sys-end id="152" timestamp="2019-08-10T05:13:44.311" />
<exclusive-end id="153" timestamp="2019-08-10T05:13:44.311" durationms="117.811" />

===== DaCapo 9.12-MR1 xalan starting =====
<exclusive-start id="154" timestamp="2019-08-10T05:13:54.788" intervalms="10594.837">
  <response-info timems="6.861" idlems="6.855" threads="1" lastid="00000000023C0600" lastname="Thread-37" />
</exclusive-start>
<af-start id="155" threadId="00000000023E6A88" totalBytesRequested="16392" timestamp="2019-08-10T05:13:54.788" intervalms="11169.650" />
<cycle-start id="156" type="global" contextid="0" timestamp="2019-08-10T05:13:54.788" intervalms="10594.837" />
<gc-start id="157" type="global" contextid="156" timestamp="2019-08-10T05:13:54.788">
  <mem-info id="158" free="210183168" total="4203675648" percent="4">
    <mem type="tenure" free="210183168" total="4203675648" percent="4">
      <mem type="soa" free="0" total="3993492480" percent="0" />
      <mem type="loa" free="210183168" total="210183168" percent="100" />
    </mem>
  </mem-info>
</gc-start>
<allocation-stats totalBytes="3969077384" >
  <allocated-bytes non-tlh="1696488" tlh="3967380896" />
  <largest-consumer threadName="Thread-40" threadId="00000000023F1500" bytes="279600088" />
</allocation-stats>
<gc-op id="159" type="mark" timems="41.966" contextid="156" timestamp="2019-08-10T05:13:54.830">
  <trace-info objectcount="673496" scancount="582555" scanbytes="16906280" />
  <finalization candidates="156" enqueued="2" />
  <ownableSynchronizers candidates="23" cleared="0" />
  <references type="soft" candidates="5020" cleared="0" enqueued="0" dynamicThreshold="31" maxThreshold="32" />
  <references type="weak" candidates="6359" cleared="20" enqueued="19" />
  <references type="phantom" candidates="911" cleared="0" enqueued="0" />
  <stringconstants candidates="16514" cleared="0"  />
</gc-op>
<gc-op id="160" type="sweep" timems="12.178" contextid="156" timestamp="2019-08-10T05:13:54.842" />
<mem-info id="161" free="4175605584" total="4203675648" percent="99">
  <mem type="tenure" free="4175605584" total="4203675648" percent="99" micro-fragmented="357793" macro-fragmented="0">
    <mem type="soa" free="3965422416" total="3993492480" percent="99" />
    <mem type="loa" free="210183168" total="210183168" percent="100" />
  </mem>
  <pending-finalizers system="2" default="0" reference="19" classloader="0" />
</mem-info>
<gc-op id="162" type="compact" timems="55.885" contextid="156" timestamp="2019-08-10T05:13:54.898">
  <compact-info movecount="178102" movebytes="12226736" reason="compact to aid heap contraction" />
</gc-op>
<gc-end id="163" type="global" contextid="156" durationms="111.445" usertimems="465.552" systemtimems="36.808" timestamp="2019-08-10T05:13:54.899" activeThreads="16">
  <mem-info id="164" free="4176131128" total="4203675648" percent="99">
    <mem type="tenure" free="4176131128" total="4203675648" percent="99">
      <mem type="soa" free="3965947960" total="3993492480" percent="99" />
      <mem type="loa" free="210183168" total="210183168" percent="100" />
    </mem>
    <pending-finalizers system="2" default="0" reference="19" classloader="0" />
  </mem-info>
</gc-end>
<cycle-end id="165" type="global" contextid="156" timestamp="2019-08-10T05:13:54.901" />
  <attribute name="elasticGC enabled" value="1" />
  <attribute name= "numThreadsSpecified" value="16" />
  <attribute name="heapSize specified" value="-91291648" />
  <attribute name="Current GC Util" value="354" />
  <attribute name= "Current Time Running" value="181601" />
  <attribute name ="GC Interval" value="0" />
  <attribute name="ProportionalT" value="137.000000" />
  <attribute name="ProportionalI" value="137.000000" />
  <attribute name="ProportionalH" value="137.000000" />
  <attribute name="Current Error" value="274.000000" />
  <attribute name="IntegralT" value="7535.000000" />
  <attribute name="IntegralI" value="7535.000000" />
  <attribute name="IntegralH" value="7535.000000" />
  <attribute name="DerivativeT" value="2.963636" />
  <attribute name="DerivativeI" value="2.963636" />
  <attribute name="DerivativeH" value="2.963636" />
  <attribute name="Loop Time for DT" value="55.000000" />
  <attribute name="Output H" value="8388608"/>
  <attribute name="Output I" value="4000"/>
  <attribute name="Output T" value="16"/>
  <attribute name="Target GC Util Change" value ="80.000000" />
  <attribute name="Current GC Util Change" value="354.000000"/>
  <attribute name="GC Util currently" value="354" />
  <attribute name="CPU Util currently" value="20618735812" />
<allocation-satisfied id="166" threadId="00000000023E6100" bytesRequested="16392" />
<af-end id="167" timestamp="2019-08-10T05:13:54.901" threadId="00000000023E6A88" success="true" />
<exclusive-end id="168" timestamp="2019-08-10T05:13:54.901" durationms="113.810" />

<exclusive-start id="169" timestamp="2019-08-10T05:14:00.150" intervalms="5362.724">
  <response-info timems="0.666" idlems="0.487" threads="1" lastid="0000000002397300" lastname="Thread-48" />
</exclusive-start>
<af-start id="170" threadId="00000000023E6A88" totalBytesRequested="2056" timestamp="2019-08-10T05:14:00.150" intervalms="5362.719" />
<cycle-start id="171" type="global" contextid="0" timestamp="2019-08-10T05:14:00.150" intervalms="5362.715" />
<gc-start id="172" type="global" contextid="171" timestamp="2019-08-10T05:14:00.151">
  <mem-info id="173" free="210183168" total="4203675648" percent="4">
    <mem type="tenure" free="210183168" total="4203675648" percent="4">
      <mem type="soa" free="0" total="3993492480" percent="0" />
      <mem type="loa" free="210183168" total="210183168" percent="100" />
    </mem>
  </mem-info>
</gc-start>
<allocation-stats totalBytes="3964528376" >
  <allocated-bytes non-tlh="32784" tlh="3964495592" />
  <largest-consumer threadName="Thread-40" threadId="00000000023F1500" bytes="298088352" />
</allocation-stats>
<gc-op id="174" type="mark" timems="22.171" contextid="171" timestamp="2019-08-10T05:14:00.173">
  <trace-info objectcount="667523" scancount="576447" scanbytes="16895260" />
  <finalization candidates="154" enqueued="0" />
  <ownableSynchronizers candidates="23" cleared="1" />
  <references type="soft" candidates="5020" cleared="0" enqueued="0" dynamicThreshold="31" maxThreshold="32" />
  <references type="weak" candidates="6338" cleared="0" enqueued="0" />
  <references type="phantom" candidates="907" cleared="0" enqueued="0" />
  <stringconstants candidates="16514" cleared="0"  />
</gc-op>
<gc-op id="175" type="sweep" timems="4.742" contextid="171" timestamp="2019-08-10T05:14:00.178" />
<mem-info id="176" free="4175782232" total="4203675648" percent="99">
  <mem type="tenure" free="4175782232" total="4203675648" percent="99" micro-fragmented="73269" macro-fragmented="0">
    <mem type="soa" free="3965599064" total="3993492480" percent="99" />
    <mem type="loa" free="210183168" total="210183168" percent="100" />
  </mem>
</mem-info>
<gc-op id="177" type="compact" timems="65.800" contextid="171" timestamp="2019-08-10T05:14:00.243">
  <compact-info movecount="421854" movebytes="19396392" reason="compact to aid heap contraction" />
</gc-op>
<gc-end id="178" type="global" contextid="171" durationms="93.332" usertimems="359.468" systemtimems="0.000" timestamp="2019-08-10T05:14:00.244" activeThreads="16">
  <mem-info id="179" free="4175893464" total="4203675648" percent="99">
    <mem type="tenure" free="4175893464" total="4203675648" percent="99">
      <mem type="soa" free="3965710296" total="3993492480" percent="99" />
      <mem type="loa" free="210183168" total="210183168" percent="100" />
    </mem>
  </mem-info>
</gc-end>
<cycle-end id="180" type="global" contextid="171" timestamp="2019-08-10T05:14:00.246" />
  <attribute name="elasticGC enabled" value="1" />
  <attribute name= "numThreadsSpecified" value="16" />
  <attribute name="heapSize specified" value="-91291648" />
  <attribute name="Current GC Util" value="359" />
  <attribute name= "Current Time Running" value="186947" />
  <attribute name ="GC Interval" value="0" />
  <attribute name="ProportionalT" value="139.500000" />
  <attribute name="ProportionalI" value="139.500000" />
  <attribute name="ProportionalH" value="139.500000" />
  <attribute name="Current Error" value="279.000000" />
  <attribute name="IntegralT" value="9207.000000" />
  <attribute name="IntegralI" value="9207.000000" />
  <attribute name="IntegralH" value="9207.000000" />
  <attribute name="DerivativeT" value="-1.772727" />
  <attribute name="DerivativeI" value="-1.772727" />
  <attribute name="DerivativeH" value="-1.772727" />
  <attribute name="Loop Time for DT" value="66.000000" />
  <attribute name="Output H" value="8388608"/>
  <attribute name="Output I" value="4000"/>
  <attribute name="Output T" value="16"/>
  <attribute name="Target GC Util Change" value ="80.000000" />
  <attribute name="Current GC Util Change" value="359.000000"/>
  <attribute name="GC Util currently" value="359" />
  <attribute name="CPU Util currently" value="17520081309" />
<allocation-satisfied id="181" threadId="00000000023E6100" bytesRequested="2056" />
<af-end id="182" timestamp="2019-08-10T05:14:00.247" threadId="00000000023E6A88" success="true" />
<exclusive-end id="183" timestamp="2019-08-10T05:14:00.247" durationms="96.196" />

===== DaCapo 9.12-MR1 xalan PASSED in 17324 msec =====
</verbosegc>

