<?xml version="1.0" ?>

<verbosegc xmlns="http://www.ibm.com/j9/verbosegc" version="08cc62e_CMPRSS">

<initialized id="1" timestamp="2019-08-02T22:33:19.829">
  <attribute name="gcPolicy" value="-Xgcpolicy:gencon" />
  <attribute name="elasticGC enabled" value="1" />
  <attribute name= "numThreadsSpecified" value="0" />
  <attribute name="heapSize specified" value="0" />
  <attribute name= "numCores" value="0" />
  <attribute name ="GC Interval" value="0" />
  <attribute name="GC Util Range Max" value="0" />
  <attribute name="Current GC Util" value="0" />
  <attribute name= "Current Time Running" value="0" />
  <attribute name="maxHeapSize" value="0x7cba0000" />
  <attribute name="initialHeapSize" value="0x800000" />
  <attribute name="compressedRefs" value="true" />
  <attribute name="compressedRefsDisplacement" value="0x0" />
  <attribute name="compressedRefsShift" value="0x0" />
  <attribute name="pageSize" value="0x1000" />
  <attribute name="pageType" value="not used" />
  <attribute name="requestedPageSize" value="0x1000" />
  <attribute name="requestedPageType" value="not used" />
  <attribute name="gcthreads" value="8" />
  <attribute name="gcthreads Concurrent Mark" value="1" />
  <attribute name="packetListSplit" value="8" />
  <attribute name="cacheListSplit" value="8" />
  <attribute name="splitFreeListSplitAmount" value="1" />
  <attribute name="numaNodes" value="0" />
  <system>
    <attribute name="physicalMemory" value="8370401280" />
    <attribute name="numCPUs" value="8" />
    <attribute name="architecture" value="amd64" />
    <attribute name="os" value="Linux" />
    <attribute name="osVersion" value="4.4.0-154-generic" />
  </system>
  <vmargs>
    <vmarg name="-Xoptionsfile=/vagrant/jdk/lib/options.default" />
    <vmarg name="-Xlockword:mode=default,noLockword=java/lang/String,noLockword=java/util/MapEntry,noLockword=java/util/HashMap$Entry,noLockword..." />
    <vmarg name="-Xjcl:jclse29" />
    <vmarg name="-Dcom.ibm.oti.vm.bootstrap.library.path=/vagrant/jdk/lib/compressedrefs:/vagrant/jdk/lib" />
    <vmarg name="-Dsun.boot.library.path=/vagrant/jdk/lib/compressedrefs:/vagrant/jdk/lib" />
    <vmarg name="-Djava.library.path=/vagrant/jdk/lib/compressedrefs:/vagrant/jdk/lib:/usr/lib64:/usr/lib" />
    <vmarg name="-Djava.home=/vagrant/jdk" />
    <vmarg name="-Duser.dir=/vagrant" />
    <vmarg name="-Xgcelastic" />
    <vmarg name="-Xcheck:gc:::elasticGC" />
    <vmarg name="-verbose:gc" />
    <vmarg name="-Xloggc:jdkG-small-GEN-8core-verbose14xalan.txt" />
    <vmarg name="-Djava.class.path=dacapo-9.12-MR1-bach.jar" />
    <vmarg name="-Dsun.java.command=dacapo-9.12-MR1-bach.jar xalan --size=small" />
    <vmarg name="-Dsun.java.launcher=SUN_STANDARD" />
    <vmarg name="-Dsun.java.launcher.pid=5931" />
  </vmargs>
</initialized>

<exclusive-start id="2" timestamp="2019-08-02T22:33:20.112" intervalms="282.356">
  <response-info timems="0.057" idlems="0.057" threads="0" lastid="00000000009E3A00" lastname="main" />
</exclusive-start>
<af-start id="3" threadId="00000000009E4388" totalBytesRequested="7184" timestamp="2019-08-02T22:33:20.112" intervalms="283.036" type="nursery" />
<cycle-start id="4" type="scavenge" contextid="0" timestamp="2019-08-02T22:33:20.113" intervalms="283.316" />
<gc-start id="5" type="scavenge" contextid="4" timestamp="2019-08-02T22:33:20.113">
  <mem-info id="6" free="6062624" total="8388608" percent="72">
    <mem type="nursery" free="0" total="2097152" percent="0">
      <mem type="allocate" free="0" total="1048576" percent="0" />
      <mem type="survivor" free="0" total="1048576" percent="0" />
    </mem>
    <mem type="tenure" free="6062624" total="6291456" percent="96">
      <mem type="soa" free="5748256" total="5977088" percent="96" />
      <mem type="loa" free="314368" total="314368" percent="100" />
    </mem>
    <remembered-set count="3161" />
  </mem-info>
</gc-start>
<allocation-stats totalBytes="1271928" >
  <allocated-bytes non-tlh="344784" tlh="927144" />
  <largest-consumer threadName="main" threadId="00000000009E3A00" bytes="1178688" />
</allocation-stats>
<gc-op id="7" type="scavenge" timems="3.532" contextid="4" timestamp="2019-08-02T22:33:20.117">
  <scavenger-info tenureage="2" tenuremask="fffc" tiltratio="50" />
  <memory-copied type="nursery" objects="10594" bytes="471040" bytesdiscarded="165968" />
  <finalization candidates="11" enqueued="0" />
  <references type="soft" candidates="62" cleared="0" enqueued="0" dynamicThreshold="32" maxThreshold="32" />
  <references type="weak" candidates="307" cleared="176" enqueued="140" />
  <references type="phantom" candidates="22" cleared="5" enqueued="5" />
</gc-op>
<gc-end id="8" type="scavenge" contextid="4" durationms="3.945" usertimems="0.000" systemtimems="4.000" timestamp="2019-08-02T22:33:20.117" activeThreads="8">
  <mem-info id="9" free="6472072" total="8388608" percent="77">
    <mem type="nursery" free="409448" total="2097152" percent="19">
      <mem type="allocate" free="409448" total="1048576" percent="39" />
      <mem type="survivor" free="0" total="1048576" percent="0" />
    </mem>
    <mem type="tenure" free="6062624" total="6291456" percent="96">
      <mem type="soa" free="5748256" total="5977088" percent="96" />
      <mem type="loa" free="314368" total="314368" percent="100" />
    </mem>
    <pending-finalizers system="0" default="0" reference="145" classloader="0" />
    <remembered-set count="3161" />
  </mem-info>
</gc-end>
<cycle-end id="10" type="scavenge" contextid="4" timestamp="2019-08-02T22:33:20.117" />
  <attribute name="elasticGC enabled" value="1" />
  <attribute name= "numThreadsSpecified" value="0" />
  <attribute name="heapSize specified" value="0" />
  <attribute name= "numCores" value="8" />
  <attribute name ="GC Interval" value="0" />
  <attribute name ="Control flow" value="2" />
  <attribute name="GC Util Range Max" value="10" />
  <attribute name="Current GC Util" value="0" />
  <attribute name= "Current Time Running" value="0" />
<allocation-satisfied id="11" threadId="00000000009E3A00" bytesRequested="7184" />
<af-end id="12" timestamp="2019-08-02T22:33:20.117" threadId="00000000009E4388" success="true" from="nursery"/>
<exclusive-end id="13" timestamp="2019-08-02T22:33:20.117" durationms="5.673" />

<exclusive-start id="14" timestamp="2019-08-02T22:33:20.145" intervalms="33.848">
  <response-info timems="0.085" idlems="0.085" threads="0" lastid="00000000009E3A00" lastname="main" />
</exclusive-start>
<af-start id="15" threadId="00000000009E4388" totalBytesRequested="96" timestamp="2019-08-02T22:33:20.146" intervalms="33.293" type="nursery" />
<cycle-start id="16" type="scavenge" contextid="0" timestamp="2019-08-02T22:33:20.146" intervalms="33.084" />
<gc-start id="17" type="scavenge" contextid="16" timestamp="2019-08-02T22:33:20.146">
  <mem-info id="18" free="6054976" total="8388608" percent="72">
    <mem type="nursery" free="0" total="2097152" percent="0">
      <mem type="allocate" free="0" total="1048576" percent="0" />
      <mem type="survivor" free="0" total="1048576" percent="0" />
    </mem>
    <mem type="tenure" free="6054976" total="6291456" percent="96">
      <mem type="soa" free="5740608" total="5977088" percent="96" />
      <mem type="loa" free="314368" total="314368" percent="100" />
    </mem>
    <remembered-set count="3261" />
  </mem-info>
</gc-start>
<allocation-stats totalBytes="415440" >
  <allocated-bytes non-tlh="14832" tlh="400608" />
  <largest-consumer threadName="main" threadId="00000000009E3A00" bytes="403464" />
</allocation-stats>
<gc-op id="19" type="scavenge" timems="0.935" contextid="16" timestamp="2019-08-02T22:33:20.147">
  <scavenger-info tenureage="5" tenuremask="7fe0" tiltratio="50" />
  <memory-copied type="nursery" objects="10916" bytes="486288" bytesdiscarded="28344" />
  <finalization candidates="11" enqueued="0" />
  <references type="soft" candidates="62" cleared="0" enqueued="0" dynamicThreshold="32" maxThreshold="32" />
  <references type="weak" candidates="236" cleared="92" enqueued="89" />
  <references type="phantom" candidates="37" cleared="12" enqueued="12" />
</gc-op>
<gc-end id="20" type="scavenge" contextid="16" durationms="1.339" usertimems="0.000" systemtimems="0.000" timestamp="2019-08-02T22:33:20.147" activeThreads="8">
  <mem-info id="21" free="6587432" total="8388608" percent="78">
    <mem type="nursery" free="532456" total="2097152" percent="25">
      <mem type="allocate" free="532456" total="1048576" percent="50" />
      <mem type="survivor" free="0" total="1048576" percent="0" />
    </mem>
    <mem type="tenure" free="6054976" total="6291456" percent="96">
      <mem type="soa" free="5740608" total="5977088" percent="96" />
      <mem type="loa" free="314368" total="314368" percent="100" />
    </mem>
    <pending-finalizers system="0" default="0" reference="101" classloader="0" />
    <remembered-set count="3261" />
  </mem-info>
</gc-end>
<cycle-end id="22" type="scavenge" contextid="16" timestamp="2019-08-02T22:33:20.147" />
  <attribute name="elasticGC enabled" value="1" />
  <attribute name= "numThreadsSpecified" value="0" />
  <attribute name="heapSize specified" value="0" />
  <attribute name= "numCores" value="8" />
  <attribute name ="GC Interval" value="0" />
  <attribute name ="Control flow" value="2" />
  <attribute name="GC Util Range Max" value="15" />
  <attribute name="Current GC Util" value="15" />
  <attribute name= "Current Time Running" value="32" />
<allocation-satisfied id="23" threadId="00000000009E3A00" bytesRequested="96" />
<af-end id="24" timestamp="2019-08-02T22:33:20.147" threadId="00000000009E4388" success="true" from="nursery"/>
<exclusive-end id="25" timestamp="2019-08-02T22:33:20.148" durationms="2.210" />

<exclusive-start id="26" timestamp="2019-08-02T22:33:20.185" intervalms="39.554">
  <response-info timems="0.075" idlems="0.075" threads="0" lastid="00000000009E3A00" lastname="main" />
</exclusive-start>
<af-start id="27" threadId="00000000009E4388" totalBytesRequested="20232" timestamp="2019-08-02T22:33:20.185" intervalms="39.601" type="nursery" />
<cycle-start id="28" type="scavenge" contextid="0" timestamp="2019-08-02T22:33:20.185" intervalms="39.687" />
<gc-start id="29" type="scavenge" contextid="28" timestamp="2019-08-02T22:33:20.185">
  <mem-info id="30" free="6052200" total="8388608" percent="72">
    <mem type="nursery" free="0" total="2097152" percent="0">
      <mem type="allocate" free="0" total="1048576" percent="0" />
      <mem type="survivor" free="0" total="1048576" percent="0" />
    </mem>
    <mem type="tenure" free="6052200" total="6291456" percent="96">
      <mem type="soa" free="5737832" total="5977088" percent="95" />
      <mem type="loa" free="314368" total="314368" percent="100" />
    </mem>
    <remembered-set count="3295" />
  </mem-info>
</gc-start>
<allocation-stats totalBytes="504608" >
  <allocated-bytes non-tlh="2872" tlh="501736" />
  <largest-consumer threadName="main" threadId="00000000009E3A00" bytes="496416" />
</allocation-stats>
<gc-op id="31" type="scavenge" timems="0.850" contextid="28" timestamp="2019-08-02T22:33:20.186">
  <scavenger-info tenureage="4" tenuremask="7ff0" tiltratio="50" />
  <memory-copied type="nursery" objects="10974" bytes="577176" bytesdiscarded="161336" />
  <finalization candidates="11" enqueued="0" />
  <references type="soft" candidates="62" cleared="0" enqueued="0" dynamicThreshold="32" maxThreshold="32" />
  <references type="weak" candidates="229" cleared="81" enqueued="81" />
  <references type="phantom" candidates="39" cleared="11" enqueued="11" />
</gc-op>
<gc-end id="32" type="scavenge" contextid="28" durationms="1.127" usertimems="0.000" systemtimems="0.000" timestamp="2019-08-02T22:33:20.187" activeThreads="8">
  <mem-info id="33" free="6360768" total="8388608" percent="75">
    <mem type="nursery" free="308568" total="2097152" percent="14">
      <mem type="allocate" free="308568" total="1048576" percent="29" />
      <mem type="survivor" free="0" total="1048576" percent="0" />
    </mem>
    <mem type="tenure" free="6052200" total="6291456" percent="96">
      <mem type="soa" free="5737832" total="5977088" percent="95" />
      <mem type="loa" free="314368" total="314368" percent="100" />
    </mem>
    <pending-finalizers system="0" default="0" reference="92" classloader="0" />
    <remembered-set count="1025" />
  </mem-info>
</gc-end>
<cycle-end id="34" type="scavenge" contextid="28" timestamp="2019-08-02T22:33:20.187" />
  <attribute name="elasticGC enabled" value="1" />
  <attribute name= "numThreadsSpecified" value="0" />
  <attribute name="heapSize specified" value="0" />
  <attribute name= "numCores" value="8" />
  <attribute name ="GC Interval" value="0" />
  <attribute name ="Control flow" value="2" />
  <attribute name="GC Util Range Max" value="15" />
  <attribute name="Current GC Util" value="4" />
  <attribute name= "Current Time Running" value="72" />
<allocation-satisfied id="35" threadId="00000000009E3A00" bytesRequested="20232" />
<af-end id="36" timestamp="2019-08-02T22:33:20.187" threadId="00000000009E4388" success="true" from="nursery"/>
<exclusive-end id="37" timestamp="2019-08-02T22:33:20.187" durationms="2.104" />

<exclusive-start id="38" timestamp="2019-08-02T22:33:20.311" intervalms="126.387">
  <response-info timems="0.086" idlems="0.086" threads="0" lastid="00000000009E3A00" lastname="main" />
</exclusive-start>
<af-start id="39" threadId="00000000009E4388" totalBytesRequested="8200" timestamp="2019-08-02T22:33:20.311" intervalms="126.348" type="nursery" />
<cycle-start id="40" type="scavenge" contextid="0" timestamp="2019-08-02T22:33:20.312" intervalms="126.293" />
<gc-start id="41" type="scavenge" contextid="40" timestamp="2019-08-02T22:33:20.312">
  <mem-info id="42" free="6047800" total="8388608" percent="72">
    <mem type="nursery" free="0" total="2097152" percent="0">
      <mem type="allocate" free="0" total="1048576" percent="0" />
      <mem type="survivor" free="0" total="1048576" percent="0" />
    </mem>
    <mem type="tenure" free="6047800" total="6291456" percent="96">
      <mem type="soa" free="5733432" total="5977088" percent="95" />
      <mem type="loa" free="314368" total="314368" percent="100" />
    </mem>
    <remembered-set count="1099" />
  </mem-info>
</gc-start>
<allocation-stats totalBytes="306728" >
  <allocated-bytes non-tlh="24632" tlh="282096" />
  <largest-consumer threadName="main" threadId="00000000009E3A00" bytes="306728" />
</allocation-stats>
<gc-op id="43" type="scavenge" timems="1.078" contextid="40" timestamp="2019-08-02T22:33:20.313">
  <scavenger-info tenureage="3" tenuremask="fff8" tiltratio="50" />
  <memory-copied type="nursery" objects="710" bytes="101848" bytesdiscarded="103168" />
  <memory-copied type="tenure" objects="10315" bytes="461968" bytesdiscarded="1464" />
  <finalization candidates="13" enqueued="0" />
  <references type="soft" candidates="1" cleared="0" enqueued="0" dynamicThreshold="32" maxThreshold="32" />
  <references type="weak" candidates="69" cleared="53" enqueued="53" />
  <references type="phantom" candidates="21" cleared="10" enqueued="10" />
</gc-op>
<gc-end id="44" type="scavenge" contextid="40" durationms="1.404" usertimems="0.000" systemtimems="0.000" timestamp="2019-08-02T22:33:20.313" activeThreads="8">
  <mem-info id="45" free="6342224" total="8388608" percent="75">
    <mem type="nursery" free="843504" total="2097152" percent="40">
      <mem type="allocate" free="843504" total="1048576" percent="80" />
      <mem type="survivor" free="0" total="1048576" percent="0" />
    </mem>
    <mem type="tenure" free="5498720" total="6291456" percent="87">
      <mem type="soa" free="5184352" total="5977088" percent="86" />
      <mem type="loa" free="314368" total="314368" percent="100" />
    </mem>
    <pending-finalizers system="0" default="0" reference="63" classloader="0" />
    <remembered-set count="223" />
  </mem-info>
</gc-end>
<cycle-end id="46" type="scavenge" contextid="40" timestamp="2019-08-02T22:33:20.313" />
  <attribute name="elasticGC enabled" value="1" />
  <attribute name= "numThreadsSpecified" value="0" />
  <attribute name="heapSize specified" value="0" />
  <attribute name= "numCores" value="8" />
  <attribute name ="GC Interval" value="1900" />
  <attribute name ="Control flow" value="2" />
  <attribute name="GC Util Range Max" value="15" />
  <attribute name="Current GC Util" value="1" />
  <attribute name= "Current Time Running" value="198" />
<allocation-satisfied id="47" threadId="00000000009E3A00" bytesRequested="8200" />
<af-end id="48" timestamp="2019-08-02T22:33:20.313" threadId="00000000009E4388" success="true" from="nursery"/>
<exclusive-end id="49" timestamp="2019-08-02T22:33:20.313" durationms="2.110" />

<exclusive-start id="50" timestamp="2019-08-02T22:33:20.463" intervalms="151.732">
  <response-info timems="0.031" idlems="0.031" threads="0" lastid="00000000009E3A00" lastname="main" />
</exclusive-start>
<af-start id="51" threadId="00000000009E4388" totalBytesRequested="4112" timestamp="2019-08-02T22:33:20.463" intervalms="151.690" type="nursery" />
<cycle-start id="52" type="scavenge" contextid="0" timestamp="2019-08-02T22:33:20.463" intervalms="151.650" />
<gc-start id="53" type="scavenge" contextid="52" timestamp="2019-08-02T22:33:20.463">
  <mem-info id="54" free="5497368" total="8388608" percent="65">
    <mem type="nursery" free="0" total="2097152" percent="0">
      <mem type="allocate" free="0" total="1048576" percent="0" />
      <mem type="survivor" free="0" total="1048576" percent="0" />
    </mem>
    <mem type="tenure" free="5497368" total="6291456" percent="87">
      <mem type="soa" free="5183000" total="5977088" percent="86" />
      <mem type="loa" free="314368" total="314368" percent="100" />
    </mem>
    <remembered-set count="248" />
  </mem-info>
</gc-start>
<allocation-stats totalBytes="830160" >
  <allocated-bytes non-tlh="335808" tlh="494352" />
  <largest-consumer threadName="main" threadId="00000000009E3A00" bytes="830160" />
</allocation-stats>
<gc-op id="55" type="scavenge" timems="0.520" contextid="52" timestamp="2019-08-02T22:33:20.464">
  <scavenger-info tenureage="3" tenuremask="fff8" tiltratio="50" />
  <memory-copied type="nursery" objects="972" bytes="574568" bytesdiscarded="42288" />
  <memory-copied type="tenure" objects="304" bytes="15224" bytesdiscarded="0" />
  <finalization candidates="3" enqueued="1" />
  <references type="soft" candidates="4" cleared="0" enqueued="0" dynamicThreshold="32" maxThreshold="32" />
  <references type="weak" candidates="7" cleared="6" enqueued="6" />
  <references type="phantom" candidates="27" cleared="4" enqueued="4" />
</gc-op>
<gc-end id="56" type="scavenge" contextid="52" durationms="0.709" usertimems="0.000" systemtimems="0.000" timestamp="2019-08-02T22:33:20.464" activeThreads="8">
  <mem-info id="57" free="5905192" total="8388608" percent="70">
    <mem type="nursery" free="431632" total="2097152" percent="20">
      <mem type="allocate" free="431632" total="1048576" percent="41" />
      <mem type="survivor" free="0" total="1048576" percent="0" />
    </mem>
    <mem type="tenure" free="5473560" total="6291456" percent="86">
      <mem type="soa" free="5159192" total="5977088" percent="86" />
      <mem type="loa" free="314368" total="314368" percent="100" />
    </mem>
    <pending-finalizers system="1" default="0" reference="10" classloader="0" />
    <remembered-set count="193" />
  </mem-info>
</gc-end>
<cycle-end id="58" type="scavenge" contextid="52" timestamp="2019-08-02T22:33:20.464" />
  <attribute name="elasticGC enabled" value="1" />
  <attribute name= "numThreadsSpecified" value="0" />
  <attribute name="heapSize specified" value="0" />
  <attribute name= "numCores" value="8" />
  <attribute name ="GC Interval" value="1700" />
  <attribute name ="Control flow" value="2" />
  <attribute name="GC Util Range Max" value="15" />
  <attribute name="Current GC Util" value="1" />
  <attribute name= "Current Time Running" value="350" />
<allocation-satisfied id="59" threadId="00000000009E3A00" bytesRequested="4112" />
<af-end id="60" timestamp="2019-08-02T22:33:20.464" threadId="00000000009E4388" success="true" from="nursery"/>
<exclusive-end id="61" timestamp="2019-08-02T22:33:20.464" durationms="1.395" />

<exclusive-start id="62" timestamp="2019-08-02T22:33:20.500" intervalms="37.287">
  <response-info timems="0.071" idlems="0.071" threads="0" lastid="00000000009E3A00" lastname="main" />
</exclusive-start>
<af-start id="63" threadId="00000000009E4388" totalBytesRequested="40" timestamp="2019-08-02T22:33:20.501" intervalms="37.386" type="nursery" />
<cycle-start id="64" type="scavenge" contextid="0" timestamp="2019-08-02T22:33:20.501" intervalms="37.487" />
<gc-start id="65" type="scavenge" contextid="64" timestamp="2019-08-02T22:33:20.501">
  <mem-info id="66" free="5466496" total="8388608" percent="65">
    <mem type="nursery" free="0" total="2097152" percent="0">
      <mem type="allocate" free="0" total="1048576" percent="0" />
      <mem type="survivor" free="0" total="1048576" percent="0" />
    </mem>
    <mem type="tenure" free="5466496" total="6291456" percent="86">
      <mem type="soa" free="5152128" total="5977088" percent="86" />
      <mem type="loa" free="314368" total="314368" percent="100" />
    </mem>
    <remembered-set count="277" />
  </mem-info>
</gc-start>
<allocation-stats totalBytes="438336" >
  <allocated-bytes non-tlh="11176" tlh="427160" />
  <largest-consumer threadName="main" threadId="00000000009E3A00" bytes="434240" />
</allocation-stats>
<gc-op id="67" type="scavenge" timems="0.525" contextid="64" timestamp="2019-08-02T22:33:20.502">
  <scavenger-info tenureage="3" tenuremask="7ff8" tiltratio="50" />
  <memory-copied type="nursery" objects="1632" bytes="586632" bytesdiscarded="94608" />
  <memory-copied type="tenure" objects="31" bytes="1840" bytesdiscarded="0" />
  <finalization candidates="2" enqueued="0" />
  <references type="soft" candidates="11" cleared="0" enqueued="0" dynamicThreshold="32" maxThreshold="32" />
  <references type="weak" candidates="35" cleared="35" enqueued="35" />
  <references type="phantom" candidates="29" cleared="1" enqueued="1" />
</gc-op>
<gc-end id="68" type="scavenge" contextid="64" durationms="1.028" usertimems="0.000" systemtimems="0.000" timestamp="2019-08-02T22:33:20.502" activeThreads="8">
  <mem-info id="69" free="5809928" total="8388608" percent="69">
    <mem type="nursery" free="367240" total="2097152" percent="17">
      <mem type="allocate" free="367240" total="1048576" percent="35" />
      <mem type="survivor" free="0" total="1048576" percent="0" />
    </mem>
    <mem type="tenure" free="5442688" total="6291456" percent="86">
      <mem type="soa" free="5128320" total="5977088" percent="85" />
      <mem type="loa" free="314368" total="314368" percent="100" />
    </mem>
    <pending-finalizers system="0" default="0" reference="36" classloader="0" />
    <remembered-set count="195" />
  </mem-info>
</gc-end>
<cycle-end id="70" type="scavenge" contextid="64" timestamp="2019-08-02T22:33:20.502" />
  <attribute name="elasticGC enabled" value="1" />
  <attribute name= "numThreadsSpecified" value="0" />
  <attribute name="heapSize specified" value="0" />
  <attribute name= "numCores" value="8" />
  <attribute name ="GC Interval" value="1500" />
  <attribute name ="Control flow" value="2" />
  <attribute name="GC Util Range Max" value="15" />
  <attribute name="Current GC Util" value="2" />
  <attribute name= "Current Time Running" value="388" />
<allocation-satisfied id="71" threadId="00000000009E3A00" bytesRequested="40" />
<af-end id="72" timestamp="2019-08-02T22:33:20.502" threadId="00000000009E4388" success="true" from="nursery"/>
<exclusive-end id="73" timestamp="2019-08-02T22:33:20.502" durationms="1.846" />

<exclusive-start id="74" timestamp="2019-08-02T22:33:20.525" intervalms="24.714">
  <response-info timems="0.058" idlems="0.058" threads="0" lastid="00000000009E3A00" lastname="main" />
</exclusive-start>
<af-start id="75" threadId="00000000009E4388" totalBytesRequested="7176" timestamp="2019-08-02T22:33:20.525" intervalms="24.688" type="nursery" />
<cycle-start id="76" type="scavenge" contextid="0" timestamp="2019-08-02T22:33:20.525" intervalms="24.684" />
<gc-start id="77" type="scavenge" contextid="76" timestamp="2019-08-02T22:33:20.526">
  <mem-info id="78" free="5437096" total="8388608" percent="64">
    <mem type="nursery" free="0" total="2097152" percent="0">
      <mem type="allocate" free="0" total="1048576" percent="0" />
      <mem type="survivor" free="0" total="1048576" percent="0" />
    </mem>
    <mem type="tenure" free="5437096" total="6291456" percent="86">
      <mem type="soa" free="5122728" total="5977088" percent="85" />
      <mem type="loa" free="314368" total="314368" percent="100" />
    </mem>
    <remembered-set count="259" />
  </mem-info>
</gc-start>
<allocation-stats totalBytes="332152" >
  <allocated-bytes non-tlh="5632" tlh="326520" />
  <largest-consumer threadName="main" threadId="00000000009E3A00" bytes="328056" />
</allocation-stats>
<gc-op id="79" type="scavenge" timems="0.493" contextid="76" timestamp="2019-08-02T22:33:20.526">
  <scavenger-info tenureage="2" tenuremask="fffc" tiltratio="50" />
  <memory-copied type="nursery" objects="704" bytes="56344" bytesdiscarded="41944" />
  <memory-copied type="tenure" objects="883" bytes="536424" bytesdiscarded="680" />
  <finalization candidates="2" enqueued="0" />
  <references type="soft" candidates="7" cleared="0" enqueued="0" dynamicThreshold="32" maxThreshold="32" />
  <references type="weak" candidates="5" cleared="4" enqueued="4" />
  <references type="phantom" candidates="6" cleared="0" enqueued="0" />
</gc-op>
<gc-end id="80" type="scavenge" contextid="76" durationms="0.764" usertimems="4.000" systemtimems="0.000" timestamp="2019-08-02T22:33:20.526" activeThreads="8">
  <mem-info id="81" free="5866536" total="8388608" percent="69">
    <mem type="nursery" free="950264" total="2097152" percent="45">
      <mem type="allocate" free="950264" total="1048576" percent="90" />
      <mem type="survivor" free="0" total="1048576" percent="0" />
    </mem>
    <mem type="tenure" free="4916272" total="6291456" percent="78">
      <mem type="soa" free="4601904" total="5977088" percent="76" />
      <mem type="loa" free="314368" total="314368" percent="100" />
    </mem>
    <pending-finalizers system="0" default="0" reference="4" classloader="0" />
    <remembered-set count="237" />
  </mem-info>
</gc-end>
<cycle-end id="82" type="scavenge" contextid="76" timestamp="2019-08-02T22:33:20.526" />
  <attribute name="elasticGC enabled" value="1" />
  <attribute name= "numThreadsSpecified" value="0" />
  <attribute name="heapSize specified" value="0" />
  <attribute name= "numCores" value="8" />
  <attribute name ="GC Interval" value="1300" />
  <attribute name ="Control flow" value="2" />
  <attribute name="GC Util Range Max" value="15" />
  <attribute name="Current GC Util" value="3" />
  <attribute name= "Current Time Running" value="412" />
<allocation-satisfied id="83" threadId="00000000009E3A00" bytesRequested="7176" />
<af-end id="84" timestamp="2019-08-02T22:33:20.526" threadId="00000000009E4388" success="true" from="nursery"/>
<exclusive-end id="85" timestamp="2019-08-02T22:33:20.527" durationms="1.423" />

<exclusive-start id="86" timestamp="2019-08-02T22:33:20.583" intervalms="58.108">
  <response-info timems="0.066" idlems="0.066" threads="0" lastid="00000000009E3A00" lastname="main" />
</exclusive-start>
<af-start id="87" threadId="00000000009E4388" totalBytesRequested="2936" timestamp="2019-08-02T22:33:20.583" intervalms="58.095" type="nursery" />
<cycle-start id="88" type="scavenge" contextid="0" timestamp="2019-08-02T22:33:20.583" intervalms="58.063" />
<gc-start id="89" type="scavenge" contextid="88" timestamp="2019-08-02T22:33:20.584">
  <mem-info id="90" free="4900968" total="8388608" percent="58">
    <mem type="nursery" free="0" total="2097152" percent="0">
      <mem type="allocate" free="0" total="1048576" percent="0" />
      <mem type="survivor" free="0" total="1048576" percent="0" />
    </mem>
    <mem type="tenure" free="4900968" total="6291456" percent="77">
      <mem type="soa" free="4586600" total="5977088" percent="76" />
      <mem type="loa" free="314368" total="314368" percent="100" />
    </mem>
    <remembered-set count="413" />
  </mem-info>
</gc-start>
<allocation-stats totalBytes="944312" >
  <allocated-bytes non-tlh="22480" tlh="921832" />
  <largest-consumer threadName="main" threadId="00000000009E3A00" bytes="944312" />
</allocation-stats>
<gc-op id="91" type="scavenge" timems="0.308" contextid="88" timestamp="2019-08-02T22:33:20.584">
  <scavenger-info tenureage="3" tenuremask="fff8" tiltratio="50" />
  <memory-copied type="nursery" objects="885" bytes="50272" bytesdiscarded="32976" />
  <references type="soft" candidates="7" cleared="0" enqueued="0" dynamicThreshold="32" maxThreshold="32" />
  <references type="weak" candidates="7" cleared="7" enqueued="7" />
  <references type="phantom" candidates="5" cleared="0" enqueued="0" />
</gc-op>
<gc-end id="92" type="scavenge" contextid="88" durationms="0.527" usertimems="0.000" systemtimems="0.000" timestamp="2019-08-02T22:33:20.584" activeThreads="8">
  <mem-info id="93" free="5997352" total="8388608" percent="71">
    <mem type="nursery" free="1096384" total="2097152" percent="52">
      <mem type="allocate" free="1096384" total="1179648" percent="92" />
      <mem type="survivor" free="0" total="917504" percent="0" />
    </mem>
    <mem type="tenure" free="4900968" total="6291456" percent="77">
      <mem type="soa" free="4586600" total="5977088" percent="76" />
      <mem type="loa" free="314368" total="314368" percent="100" />
    </mem>
    <pending-finalizers system="0" default="0" reference="7" classloader="0" />
    <remembered-set count="362" />
  </mem-info>
</gc-end>
<cycle-end id="94" type="scavenge" contextid="88" timestamp="2019-08-02T22:33:20.584" />
  <attribute name="elasticGC enabled" value="1" />
  <attribute name= "numThreadsSpecified" value="0" />
  <attribute name="heapSize specified" value="0" />
  <attribute name= "numCores" value="8" />
  <attribute name ="GC Interval" value="1100" />
  <attribute name ="Control flow" value="2" />
  <attribute name="GC Util Range Max" value="15" />
  <attribute name="Current GC Util" value="1" />
  <attribute name= "Current Time Running" value="470" />
<allocation-satisfied id="95" threadId="00000000009E3A00" bytesRequested="2936" />
<af-end id="96" timestamp="2019-08-02T22:33:20.584" threadId="00000000009E4388" success="true" from="nursery"/>
<exclusive-end id="97" timestamp="2019-08-02T22:33:20.584" durationms="1.182" />

<exclusive-start id="98" timestamp="2019-08-02T22:33:20.630" intervalms="46.948">
  <response-info timems="0.053" idlems="0.053" threads="0" lastid="00000000009E3A00" lastname="main" />
</exclusive-start>
<af-start id="99" threadId="00000000009E4388" totalBytesRequested="1032" timestamp="2019-08-02T22:33:20.630" intervalms="46.980" type="nursery" />
<cycle-start id="100" type="scavenge" contextid="0" timestamp="2019-08-02T22:33:20.630" intervalms="46.952" />
<gc-start id="101" type="scavenge" contextid="100" timestamp="2019-08-02T22:33:20.631">
  <mem-info id="102" free="4885760" total="8388608" percent="58">
    <mem type="nursery" free="0" total="2097152" percent="0">
      <mem type="allocate" free="0" total="1179648" percent="0" />
      <mem type="survivor" free="0" total="917504" percent="0" />
    </mem>
    <mem type="tenure" free="4885760" total="6291456" percent="77">
      <mem type="soa" free="4571392" total="5977088" percent="76" />
      <mem type="loa" free="314368" total="314368" percent="100" />
    </mem>
    <remembered-set count="573" />
  </mem-info>
</gc-start>
<allocation-stats totalBytes="1080480" >
  <allocated-bytes non-tlh="18144" tlh="1062336" />
  <largest-consumer threadName="main" threadId="00000000009E3A00" bytes="1080480" />
</allocation-stats>
<gc-op id="103" type="scavenge" timems="0.391" contextid="100" timestamp="2019-08-02T22:33:20.631">
  <scavenger-info tenureage="3" tenuremask="fff8" tiltratio="56" />
  <memory-copied type="nursery" objects="607" bytes="25160" bytesdiscarded="22456" />
  <memory-copied type="tenure" objects="594" bytes="41216" bytesdiscarded="24" />
  <references type="weak" candidates="5" cleared="4" enqueued="4" />
  <references type="phantom" candidates="1" cleared="0" enqueued="0" />
</gc-op>
<gc-end id="104" type="scavenge" contextid="100" durationms="0.663" usertimems="0.000" systemtimems="0.000" timestamp="2019-08-02T22:33:20.631" activeThreads="8">
  <mem-info id="105" free="6113216" total="8388608" percent="72">
    <mem type="nursery" free="1263104" total="2097152" percent="60">
      <mem type="allocate" free="1263104" total="1310720" percent="96" />
      <mem type="survivor" free="0" total="786432" percent="0" />
    </mem>
    <mem type="tenure" free="4850112" total="6291456" percent="77">
      <mem type="soa" free="4535744" total="5977088" percent="75" />
      <mem type="loa" free="314368" total="314368" percent="100" />
    </mem>
    <pending-finalizers system="0" default="0" reference="4" classloader="0" />
    <remembered-set count="489" />
  </mem-info>
</gc-end>
<cycle-end id="106" type="scavenge" contextid="100" timestamp="2019-08-02T22:33:20.631" />
  <attribute name="elasticGC enabled" value="1" />
  <attribute name= "numThreadsSpecified" value="0" />
  <attribute name="heapSize specified" value="0" />
  <attribute name= "numCores" value="8" />
  <attribute name ="GC Interval" value="1000" />
  <attribute name ="Control flow" value="3" />
  <attribute name="GC Util Range Max" value="15" />
  <attribute name="Current GC Util" value="1" />
  <attribute name= "Current Time Running" value="517" />
<allocation-satisfied id="107" threadId="00000000009E3A00" bytesRequested="1032" />
<af-end id="108" timestamp="2019-08-02T22:33:20.631" threadId="00000000009E4388" success="true" from="nursery"/>
<exclusive-end id="109" timestamp="2019-08-02T22:33:20.631" durationms="1.333" />

<exclusive-start id="110" timestamp="2019-08-02T22:33:20.700" intervalms="69.579">
  <response-info timems="0.237" idlems="0.237" threads="0" lastid="00000000009E3A00" lastname="main" />
</exclusive-start>
<af-start id="111" threadId="00000000009E4388" totalBytesRequested="7176" timestamp="2019-08-02T22:33:20.700" intervalms="69.567" type="nursery" />
<cycle-start id="112" type="scavenge" contextid="0" timestamp="2019-08-02T22:33:20.700" intervalms="69.612" />
<gc-start id="113" type="scavenge" contextid="112" timestamp="2019-08-02T22:33:20.700">
  <mem-info id="114" free="4830592" total="8388608" percent="57">
    <mem type="nursery" free="0" total="2097152" percent="0">
      <mem type="allocate" free="0" total="1310720" percent="0" />
      <mem type="survivor" free="0" total="786432" percent="0" />
    </mem>
    <mem type="tenure" free="4830592" total="6291456" percent="76">
      <mem type="soa" free="4516224" total="5977088" percent="75" />
      <mem type="loa" free="314368" total="314368" percent="100" />
    </mem>
    <remembered-set count="716" />
  </mem-info>
</gc-start>
<allocation-stats totalBytes="1168336" >
  <allocated-bytes non-tlh="20552" tlh="1147784" />
  <largest-consumer threadName="main" threadId="00000000009E3A00" bytes="1168336" />
</allocation-stats>
<gc-op id="115" type="scavenge" timems="0.396" contextid="112" timestamp="2019-08-02T22:33:20.701">
  <scavenger-info tenureage="3" tenuremask="ffe8" tiltratio="62" />
  <memory-copied type="nursery" objects="1142" bytes="69968" bytesdiscarded="19872" />
  <memory-copied type="tenure" objects="68" bytes="2200" bytesdiscarded="0" />
  <finalization candidates="1" enqueued="0" />
  <references type="soft" candidates="1" cleared="0" enqueued="0" dynamicThreshold="32" maxThreshold="32" />
  <references type="weak" candidates="9" cleared="7" enqueued="7" />
  <references type="phantom" candidates="4" cleared="1" enqueued="1" />
</gc-op>
<gc-end id="116" type="scavenge" contextid="112" durationms="0.612" usertimems="0.000" systemtimems="0.000" timestamp="2019-08-02T22:33:20.701" activeThreads="8">
  <mem-info id="117" free="6182520" total="8388608" percent="73">
    <mem type="nursery" free="1351928" total="2097152" percent="64">
      <mem type="allocate" free="1351928" total="1441792" percent="93" />
      <mem type="survivor" free="0" total="655360" percent="0" />
    </mem>
    <mem type="tenure" free="4830592" total="6291456" percent="76">
      <mem type="soa" free="4516224" total="5977088" percent="75" />
      <mem type="loa" free="314368" total="314368" percent="100" />
    </mem>
    <pending-finalizers system="0" default="0" reference="8" classloader="0" />
    <remembered-set count="568" />
  </mem-info>
</gc-end>
<cycle-end id="118" type="scavenge" contextid="112" timestamp="2019-08-02T22:33:20.701" />
  <attribute name="elasticGC enabled" value="1" />
  <attribute name= "numThreadsSpecified" value="0" />
  <attribute name="heapSize specified" value="0" />
  <attribute name= "numCores" value="8" />
  <attribute name ="GC Interval" value="1000" />
  <attribute name ="Control flow" value="3" />
  <attribute name="GC Util Range Max" value="15" />
  <attribute name="Current GC Util" value="1" />
  <attribute name= "Current Time Running" value="587" />
<allocation-satisfied id="119" threadId="00000000009E3A00" bytesRequested="7176" />
<af-end id="120" timestamp="2019-08-02T22:33:20.701" threadId="00000000009E4388" success="true" from="nursery"/>
<exclusive-end id="121" timestamp="2019-08-02T22:33:20.701" durationms="1.443" />

<exclusive-start id="122" timestamp="2019-08-02T22:33:20.771" intervalms="71.131">
  <response-info timems="0.068" idlems="0.068" threads="0" lastid="00000000009E3A00" lastname="main" />
</exclusive-start>
<af-start id="123" threadId="00000000009E4388" totalBytesRequested="4032" timestamp="2019-08-02T22:33:20.771" intervalms="71.113" type="nursery" />
<cycle-start id="124" type="scavenge" contextid="0" timestamp="2019-08-02T22:33:20.771" intervalms="71.106" />
<gc-start id="125" type="scavenge" contextid="124" timestamp="2019-08-02T22:33:20.771">
  <mem-info id="126" free="4802376" total="8388608" percent="57">
    <mem type="nursery" free="0" total="2097152" percent="0">
      <mem type="allocate" free="0" total="1441792" percent="0" />
      <mem type="survivor" free="0" total="655360" percent="0" />
    </mem>
    <mem type="tenure" free="4802376" total="6291456" percent="76">
      <mem type="soa" free="4488008" total="5977088" percent="75" />
      <mem type="loa" free="314368" total="314368" percent="100" />
    </mem>
    <remembered-set count="835" />
  </mem-info>
</gc-start>
<allocation-stats totalBytes="1363104" >
  <allocated-bytes non-tlh="35392" tlh="1327712" />
  <largest-consumer threadName="main" threadId="00000000009E3A00" bytes="1359008" />
</allocation-stats>
<gc-op id="127" type="scavenge" timems="0.385" contextid="124" timestamp="2019-08-02T22:33:20.772">
  <scavenger-info tenureage="3" tenuremask="ffe8" tiltratio="68" />
  <memory-copied type="nursery" objects="1323" bytes="50384" bytesdiscarded="20944" />
  <memory-copied type="tenure" objects="158" bytes="4120" bytesdiscarded="752" />
  <finalization candidates="1" enqueued="0" />
  <references type="soft" candidates="1" cleared="0" enqueued="0" dynamicThreshold="32" maxThreshold="32" />
  <references type="weak" candidates="8" cleared="7" enqueued="7" />
  <references type="phantom" candidates="2" cleared="0" enqueued="0" />
</gc-op>
<gc-end id="128" type="scavenge" contextid="124" durationms="0.666" usertimems="0.000" systemtimems="0.000" timestamp="2019-08-02T22:33:20.772" activeThreads="8">
  <mem-info id="129" free="6303816" total="8388608" percent="75">
    <mem type="nursery" free="1501440" total="2097152" percent="71">
      <mem type="allocate" free="1501440" total="1572864" percent="95" />
      <mem type="survivor" free="0" total="524288" percent="0" />
    </mem>
    <mem type="tenure" free="4802376" total="6291456" percent="76">
      <mem type="soa" free="4488008" total="5977088" percent="75" />
      <mem type="loa" free="314368" total="314368" percent="100" />
    </mem>
    <pending-finalizers system="0" default="0" reference="7" classloader="0" />
    <remembered-set count="617" />
  </mem-info>
</gc-end>
<cycle-end id="130" type="scavenge" contextid="124" timestamp="2019-08-02T22:33:20.772" />
  <attribute name="elasticGC enabled" value="1" />
  <attribute name= "numThreadsSpecified" value="0" />
  <attribute name="heapSize specified" value="0" />
  <attribute name= "numCores" value="8" />
  <attribute name ="GC Interval" value="900" />
  <attribute name ="Control flow" value="2" />
  <attribute name="GC Util Range Max" value="15" />
  <attribute name="Current GC Util" value="1" />
  <attribute name= "Current Time Running" value="658" />
<allocation-satisfied id="131" threadId="00000000009E3A00" bytesRequested="4032" />
<af-end id="132" timestamp="2019-08-02T22:33:20.772" threadId="00000000009E4388" success="true" from="nursery"/>
<exclusive-end id="133" timestamp="2019-08-02T22:33:20.772" durationms="1.357" />

<exclusive-start id="134" timestamp="2019-08-02T22:33:20.830" intervalms="59.113">
  <response-info timems="0.066" idlems="0.066" threads="0" lastid="00000000009E3A00" lastname="main" />
</exclusive-start>
<af-start id="135" threadId="00000000009E4388" totalBytesRequested="3136" timestamp="2019-08-02T22:33:20.830" intervalms="59.118" type="nursery" />
<cycle-start id="136" type="scavenge" contextid="0" timestamp="2019-08-02T22:33:20.830" intervalms="59.116" />
<gc-start id="137" type="scavenge" contextid="136" timestamp="2019-08-02T22:33:20.830">
  <mem-info id="138" free="4777080" total="8388608" percent="56">
    <mem type="nursery" free="0" total="2097152" percent="0">
      <mem type="allocate" free="0" total="1572864" percent="0" />
      <mem type="survivor" free="0" total="524288" percent="0" />
    </mem>
    <mem type="tenure" free="4777080" total="6291456" percent="75">
      <mem type="soa" free="4462712" total="5977088" percent="74" />
      <mem type="loa" free="314368" total="314368" percent="100" />
    </mem>
    <remembered-set count="953" />
  </mem-info>
</gc-start>
<allocation-stats totalBytes="1507072" >
  <allocated-bytes non-tlh="94872" tlh="1412200" />
  <largest-consumer threadName="main" threadId="00000000009E3A00" bytes="1507072" />
</allocation-stats>
<gc-op id="139" type="scavenge" timems="0.439" contextid="136" timestamp="2019-08-02T22:33:20.831">
  <scavenger-info tenureage="3" tenuremask="ffe8" tiltratio="75" />
  <memory-copied type="nursery" objects="1273" bytes="135208" bytesdiscarded="25448" />
  <memory-copied type="tenure" objects="338" bytes="14992" bytesdiscarded="64" />
  <finalization candidates="1" enqueued="0" />
  <references type="soft" candidates="1" cleared="0" enqueued="0" dynamicThreshold="32" maxThreshold="32" />
  <references type="weak" candidates="10" cleared="8" enqueued="8" />
  <references type="phantom" candidates="4" cleared="0" enqueued="0" />
</gc-op>
<gc-end id="140" type="scavenge" contextid="136" durationms="0.659" usertimems="0.000" systemtimems="0.000" timestamp="2019-08-02T22:33:20.831" activeThreads="8">
  <mem-info id="141" free="6207088" total="8388608" percent="73">
    <mem type="nursery" free="1477624" total="2097152" percent="70">
      <mem type="allocate" free="1477624" total="1638400" percent="90" />
      <mem type="survivor" free="0" total="458752" percent="0" />
    </mem>
    <mem type="tenure" free="4729464" total="6291456" percent="75">
      <mem type="soa" free="4415096" total="5977088" percent="73" />
      <mem type="loa" free="314368" total="314368" percent="100" />
    </mem>
    <pending-finalizers system="0" default="0" reference="8" classloader="0" />
    <remembered-set count="773" />
  </mem-info>
</gc-end>
<cycle-end id="142" type="scavenge" contextid="136" timestamp="2019-08-02T22:33:20.831" />
  <attribute name="elasticGC enabled" value="1" />
  <attribute name= "numThreadsSpecified" value="0" />
  <attribute name="heapSize specified" value="0" />
  <attribute name= "numCores" value="8" />
  <attribute name ="GC Interval" value="800" />
  <attribute name ="Control flow" value="3" />
  <attribute name="GC Util Range Max" value="15" />
  <attribute name="Current GC Util" value="1" />
  <attribute name= "Current Time Running" value="717" />
<allocation-satisfied id="143" threadId="00000000009E3A00" bytesRequested="3136" />
<af-end id="144" timestamp="2019-08-02T22:33:20.831" threadId="00000000009E4388" success="true" from="nursery"/>
<exclusive-end id="145" timestamp="2019-08-02T22:33:20.831" durationms="1.369" />

<exclusive-start id="146" timestamp="2019-08-02T22:33:20.912" intervalms="82.027">
  <response-info timems="0.083" idlems="0.083" threads="0" lastid="00000000009E3A00" lastname="main" />
</exclusive-start>
<af-start id="147" threadId="00000000009E4388" totalBytesRequested="2008" timestamp="2019-08-02T22:33:20.912" intervalms="82.071" type="nursery" />
<cycle-start id="148" type="scavenge" contextid="0" timestamp="2019-08-02T22:33:20.912" intervalms="82.114" />
<gc-start id="149" type="scavenge" contextid="148" timestamp="2019-08-02T22:33:20.913">
  <mem-info id="150" free="4708104" total="8388608" percent="56">
    <mem type="nursery" free="0" total="2097152" percent="0">
      <mem type="allocate" free="0" total="1638400" percent="0" />
      <mem type="survivor" free="0" total="458752" percent="0" />
    </mem>
    <mem type="tenure" free="4708104" total="6291456" percent="74">
      <mem type="soa" free="4393736" total="5977088" percent="73" />
      <mem type="loa" free="314368" total="314368" percent="100" />
    </mem>
    <remembered-set count="1123" />
  </mem-info>
</gc-start>
<allocation-stats totalBytes="1493320" >
  <allocated-bytes non-tlh="90040" tlh="1403280" />
  <largest-consumer threadName="main" threadId="00000000009E3A00" bytes="1493320" />
</allocation-stats>
<gc-op id="151" type="scavenge" timems="0.664" contextid="148" timestamp="2019-08-02T22:33:20.914">
  <scavenger-info tenureage="5" tenuremask="ffe0" tiltratio="78" />
  <memory-copied type="nursery" objects="3573" bytes="296000" bytesdiscarded="40680" />
  <finalization candidates="2" enqueued="0" />
  <references type="soft" candidates="44" cleared="0" enqueued="0" dynamicThreshold="32" maxThreshold="32" />
  <references type="weak" candidates="11" cleared="9" enqueued="9" />
  <references type="phantom" candidates="4" cleared="0" enqueued="0" />
</gc-op>
<gc-end id="152" type="scavenge" contextid="148" durationms="1.051" usertimems="0.000" systemtimems="0.000" timestamp="2019-08-02T22:33:20.914" activeThreads="8">
  <mem-info id="153" free="5944056" total="8388608" percent="70">
    <mem type="nursery" free="1235952" total="2097152" percent="58">
      <mem type="allocate" free="1235952" total="1572864" percent="78" />
      <mem type="survivor" free="0" total="524288" percent="0" />
    </mem>
    <mem type="tenure" free="4708104" total="6291456" percent="74">
      <mem type="soa" free="4393736" total="5977088" percent="73" />
      <mem type="loa" free="314368" total="314368" percent="100" />
    </mem>
    <pending-finalizers system="0" default="0" reference="9" classloader="0" />
    <remembered-set count="953" />
  </mem-info>
</gc-end>
<cycle-end id="154" type="scavenge" contextid="148" timestamp="2019-08-02T22:33:20.914" />
  <attribute name="elasticGC enabled" value="1" />
  <attribute name= "numThreadsSpecified" value="0" />
  <attribute name="heapSize specified" value="0" />
  <attribute name= "numCores" value="8" />
  <attribute name ="GC Interval" value="800" />
  <attribute name ="Control flow" value="3" />
  <attribute name="GC Util Range Max" value="15" />
  <attribute name="Current GC Util" value="1" />
  <attribute name= "Current Time Running" value="799" />
<allocation-satisfied id="155" threadId="00000000009E3A00" bytesRequested="2008" />
<af-end id="156" timestamp="2019-08-02T22:33:20.914" threadId="00000000009E4388" success="true" from="nursery"/>
<exclusive-end id="157" timestamp="2019-08-02T22:33:20.914" durationms="1.914" />

<exclusive-start id="158" timestamp="2019-08-02T22:33:20.964" intervalms="51.867">
  <response-info timems="0.067" idlems="0.067" threads="0" lastid="00000000009E3A00" lastname="main" />
</exclusive-start>
<af-start id="159" threadId="00000000009E4388" totalBytesRequested="2008" timestamp="2019-08-02T22:33:20.964" intervalms="51.849" type="nursery" />
<cycle-start id="160" type="scavenge" contextid="0" timestamp="2019-08-02T22:33:20.964" intervalms="51.830" />
<gc-start id="161" type="scavenge" contextid="160" timestamp="2019-08-02T22:33:20.964">
  <mem-info id="162" free="4704928" total="8388608" percent="56">
    <mem type="nursery" free="0" total="2097152" percent="0">
      <mem type="allocate" free="0" total="1572864" percent="0" />
      <mem type="survivor" free="0" total="524288" percent="0" />
    </mem>
    <mem type="tenure" free="4704928" total="6291456" percent="74">
      <mem type="soa" free="4390560" total="5977088" percent="73" />
      <mem type="loa" free="314368" total="314368" percent="100" />
    </mem>
    <remembered-set count="1011" />
  </mem-info>
</gc-start>
<allocation-stats totalBytes="1232832" >
  <allocated-bytes non-tlh="5184" tlh="1227648" />
  <largest-consumer threadName="main" threadId="00000000009E3A00" bytes="1232832" />
</allocation-stats>
<gc-op id="163" type="scavenge" timems="0.962" contextid="160" timestamp="2019-08-02T22:33:20.966">
  <scavenger-info tenureage="4" tenuremask="fff0" tiltratio="75" />
  <memory-copied type="nursery" objects="6493" bytes="444800" bytesdiscarded="34648" />
  <memory-copied type="tenure" objects="575" bytes="19160" bytesdiscarded="0" />
  <finalization candidates="2" enqueued="0" />
  <references type="soft" candidates="50" cleared="0" enqueued="0" dynamicThreshold="32" maxThreshold="32" />
  <references type="weak" candidates="2" cleared="1" enqueued="1" />
  <references type="phantom" candidates="2" cleared="0" enqueued="0" />
</gc-op>
<gc-end id="164" type="scavenge" contextid="160" durationms="1.493" usertimems="0.000" systemtimems="0.000" timestamp="2019-08-02T22:33:20.966" activeThreads="8">
  <mem-info id="165" free="5666960" total="8388608" percent="67">
    <mem type="nursery" free="962032" total="2097152" percent="45">
      <mem type="allocate" free="962032" total="1441792" percent="66" />
      <mem type="survivor" free="0" total="655360" percent="0" />
    </mem>
    <mem type="tenure" free="4704928" total="6291456" percent="74">
      <mem type="soa" free="4390560" total="5977088" percent="73" />
      <mem type="loa" free="314368" total="314368" percent="100" />
    </mem>
    <pending-finalizers system="0" default="0" reference="1" classloader="0" />
    <remembered-set count="607" />
  </mem-info>
</gc-end>
<cycle-end id="166" type="scavenge" contextid="160" timestamp="2019-08-02T22:33:20.966" />
  <attribute name="elasticGC enabled" value="1" />
  <attribute name= "numThreadsSpecified" value="0" />
  <attribute name="heapSize specified" value="0" />
  <attribute name= "numCores" value="8" />
  <attribute name ="GC Interval" value="800" />
  <attribute name ="Control flow" value="3" />
  <attribute name="GC Util Range Max" value="15" />
  <attribute name="Current GC Util" value="2" />
  <attribute name= "Current Time Running" value="851" />
<allocation-satisfied id="167" threadId="00000000009E3A00" bytesRequested="2008" />
<af-end id="168" timestamp="2019-08-02T22:33:20.966" threadId="00000000009E4388" success="true" from="nursery"/>
<exclusive-end id="169" timestamp="2019-08-02T22:33:20.966" durationms="2.401" />

<exclusive-start id="170" timestamp="2019-08-02T22:33:20.998" intervalms="34.570">
  <response-info timems="0.187" idlems="0.187" threads="0" lastid="0000000000D1BB00" lastname="Thread-3" />
</exclusive-start>
<af-start id="171" threadId="0000000000D1C488" totalBytesRequested="40" timestamp="2019-08-02T22:33:20.999" intervalms="34.545" type="nursery" />
<cycle-start id="172" type="scavenge" contextid="0" timestamp="2019-08-02T22:33:20.999" intervalms="34.515" />
<gc-start id="173" type="scavenge" contextid="172" timestamp="2019-08-02T22:33:20.999">
  <mem-info id="174" free="4701032" total="8388608" percent="56">
    <mem type="nursery" free="0" total="2097152" percent="0">
      <mem type="allocate" free="0" total="1441792" percent="0" />
      <mem type="survivor" free="0" total="655360" percent="0" />
    </mem>
    <mem type="tenure" free="4701032" total="6291456" percent="74">
      <mem type="soa" free="4386664" total="5977088" percent="73" />
      <mem type="loa" free="314368" total="314368" percent="100" />
    </mem>
    <remembered-set count="676" />
  </mem-info>
</gc-start>
<allocation-stats totalBytes="951744" >
  <allocated-bytes non-tlh="5904" tlh="945840" />
  <largest-consumer threadName="main" threadId="00000000009E3A00" bytes="951744" />
</allocation-stats>
<gc-op id="175" type="scavenge" timems="7.651" contextid="172" timestamp="2019-08-02T22:33:21.007">
  <scavenger-info tenureage="3" tenuremask="ffd8" tiltratio="68" />
  <memory-copied type="nursery" objects="7948" bytes="422256" bytesdiscarded="24656" />
  <memory-copied type="tenure" objects="582" bytes="94656" bytesdiscarded="16" />
  <finalization candidates="1" enqueued="0" />
  <references type="soft" candidates="59" cleared="0" enqueued="0" dynamicThreshold="32" maxThreshold="32" />
  <references type="weak" candidates="14" cleared="13" enqueued="13" />
  <references type="phantom" candidates="3" cleared="2" enqueued="2" />
</gc-op>
<heap-resize id="176" type="expand" space="nursery" amount="262144" count="1" timems="0.140" reason="excessive time being spent scavenging" timestamp="2019-08-02T22:33:21.007" />
<gc-end id="177" type="scavenge" contextid="172" durationms="8.677" usertimems="4.000" systemtimems="4.000" timestamp="2019-08-02T22:33:21.008" activeThreads="8">
  <mem-info id="178" free="5752232" total="8650752" percent="66">
    <mem type="nursery" free="1191160" total="2359296" percent="50">
      <mem type="allocate" free="1191160" total="1638400" percent="72" />
      <mem type="survivor" free="0" total="720896" percent="0" />
    </mem>
    <mem type="tenure" free="4561072" total="6291456" percent="72">
      <mem type="soa" free="4246704" total="5977088" percent="71" />
      <mem type="loa" free="314368" total="314368" percent="100" />
    </mem>
    <pending-finalizers system="0" default="0" reference="15" classloader="0" />
    <remembered-set count="316" />
  </mem-info>
</gc-end>
<cycle-end id="179" type="scavenge" contextid="172" timestamp="2019-08-02T22:33:21.008" />
  <attribute name="elasticGC enabled" value="1" />
  <attribute name= "numThreadsSpecified" value="0" />
  <attribute name="heapSize specified" value="0" />
  <attribute name= "numCores" value="8" />
  <attribute name ="GC Interval" value="800" />
  <attribute name ="Control flow" value="3" />
  <attribute name="GC Util Range Max" value="15" />
  <attribute name="Current GC Util" value="3" />
  <attribute name= "Current Time Running" value="885" />
<allocation-satisfied id="180" threadId="0000000000D1BB00" bytesRequested="40" />
<af-end id="181" timestamp="2019-08-02T22:33:21.008" threadId="0000000000D1C488" success="true" from="nursery"/>
<exclusive-end id="182" timestamp="2019-08-02T22:33:21.008" durationms="9.716" />

<exclusive-start id="183" timestamp="2019-08-02T22:33:21.009" intervalms="10.451">
  <response-info timems="0.053" idlems="0.053" threads="0" lastid="00000000009E3A00" lastname="main" />
</exclusive-start>
<sys-start reason="explicit" id="184" timestamp="2019-08-02T22:33:21.009" intervalms="1179.792" />
<cycle-start id="185" type="global" contextid="0" timestamp="2019-08-02T22:33:21.009" intervalms="1180.094" />
<gc-start id="186" type="global" contextid="185" timestamp="2019-08-02T22:33:21.009">
  <mem-info id="187" free="5662032" total="8650752" percent="65">
    <mem type="nursery" free="1101008" total="2359296" percent="46">
      <mem type="allocate" free="1101008" total="1638400" percent="67" />
      <mem type="survivor" free="0" total="720896" percent="0" />
    </mem>
    <mem type="tenure" free="4561024" total="6291456" percent="72">
      <mem type="soa" free="4246656" total="5977088" percent="71" />
      <mem type="loa" free="314368" total="314368" percent="100" />
    </mem>
    <remembered-set count="321" />
  </mem-info>
</gc-start>
<allocation-stats totalBytes="90064" >
  <allocated-bytes non-tlh="88" tlh="89976" />
  <largest-consumer threadName="main" threadId="00000000009E3A00" bytes="65536" />
</allocation-stats>
<gc-op id="188" type="mark" timems="2.346" contextid="185" timestamp="2019-08-02T22:33:21.012">
  <trace-info objectcount="29421" scancount="23818" scanbytes="869896" />
  <finalization candidates="15" enqueued="0" />
  <references type="soft" candidates="133" cleared="0" enqueued="0" dynamicThreshold="32" maxThreshold="32" />
  <references type="weak" candidates="151" cleared="16" enqueued="8" />
  <references type="phantom" candidates="59" cleared="0" enqueued="0" />
  <stringconstants candidates="3535" cleared="22"  />
</gc-op>
<gc-op id="189" type="classunload" timems="0.103" contextid="185" timestamp="2019-08-02T22:33:21.012">
  <classunload-info classloadercandidates="19" classloadersunloaded="0" classesunloaded="0" anonymousclassesunloaded="0" quiescems="0.000" setupms="0.102" scanms="0.001" postms="0.000" />
</gc-op>
<gc-op id="190" type="sweep" timems="0.425" contextid="185" timestamp="2019-08-02T22:33:21.013" />
<mem-info id="191" free="5947752" total="8650752" percent="68">
  <mem type="nursery" free="1212480" total="2359296" percent="51">
    <mem type="allocate" free="1212480" total="1638400" percent="74" />
    <mem type="survivor" free="0" total="720896" percent="0" />
  </mem>
  <mem type="tenure" free="4735272" total="6291456" percent="75" micro-fragmented="0" macro-fragmented="0">
    <mem type="soa" free="4420904" total="5977088" percent="73" />
    <mem type="loa" free="314368" total="314368" percent="100" />
  </mem>
  <pending-finalizers system="0" default="0" reference="8" classloader="0" />
  <remembered-set count="258" />
</mem-info>
<gc-op id="192" type="compact" timems="4.743" contextid="185" timestamp="2019-08-02T22:33:21.018">
  <compact-info movecount="24997" movebytes="1775408" reason="no compaction" />
</gc-op>
<gc-end id="193" type="global" contextid="185" durationms="8.677" usertimems="12.000" systemtimems="0.000" timestamp="2019-08-02T22:33:21.018" activeThreads="8">
  <mem-info id="194" free="5970600" total="8650752" percent="69">
    <mem type="nursery" free="1221848" total="2359296" percent="51">
      <mem type="allocate" free="1221848" total="1638400" percent="74" />
      <mem type="survivor" free="0" total="720896" percent="0" />
    </mem>
    <mem type="tenure" free="4748752" total="6291456" percent="75">
      <mem type="soa" free="4434384" total="5977088" percent="74" />
      <mem type="loa" free="314368" total="314368" percent="100" />
    </mem>
    <pending-finalizers system="0" default="0" reference="8" classloader="0" />
    <remembered-set count="258" />
  </mem-info>
</gc-end>
<cycle-end id="195" type="global" contextid="185" timestamp="2019-08-02T22:33:21.018" />
  <attribute name="elasticGC enabled" value="1" />
  <attribute name= "numThreadsSpecified" value="0" />
  <attribute name="heapSize specified" value="8650752" />
  <attribute name= "numCores" value="8" />
  <attribute name ="GC Interval" value="800" />
  <attribute name ="Control flow" value="2" />
  <attribute name="GC Util Range Max" value="15" />
  <attribute name="Current GC Util" value="73" />
  <attribute name= "Current Time Running" value="904" />
<sys-end id="196" timestamp="2019-08-02T22:33:21.019" />
<exclusive-end id="197" timestamp="2019-08-02T22:33:21.019" durationms="9.739" />

<exclusive-start id="198" timestamp="2019-08-02T22:33:21.039" intervalms="30.354">
  <response-info timems="0.228" idlems="0.200" threads="1" lastid="0000000000D23300" lastname="Thread-5" />
</exclusive-start>
<af-start id="199" threadId="0000000000D1C488" totalBytesRequested="3080" timestamp="2019-08-02T22:33:21.039" intervalms="40.737" type="nursery" />
<cycle-start id="200" type="scavenge" contextid="0" timestamp="2019-08-02T22:33:21.039" intervalms="40.674" />
<gc-start id="201" type="scavenge" contextid="200" timestamp="2019-08-02T22:33:21.039">
  <mem-info id="202" free="4740856" total="8650752" percent="54">
    <mem type="nursery" free="0" total="2359296" percent="0">
      <mem type="allocate" free="0" total="1638400" percent="0" />
      <mem type="survivor" free="0" total="720896" percent="0" />
    </mem>
    <mem type="tenure" free="4740856" total="6291456" percent="75">
      <mem type="soa" free="4426488" total="5977088" percent="74" />
      <mem type="loa" free="314368" total="314368" percent="100" />
    </mem>
    <remembered-set count="376" />
  </mem-info>
</gc-start>
<allocation-stats totalBytes="1192544" >
  <allocated-bytes non-tlh="262768" tlh="929776" />
  <largest-consumer threadName="Thread-3" threadId="0000000000D1BB00" bytes="422704" />
</allocation-stats>
<gc-op id="203" type="scavenge" timems="4.943" contextid="200" timestamp="2019-08-02T22:33:21.045">
  <scavenger-info tenureage="6" tenuremask="ffc0" tiltratio="69" />
  <memory-copied type="nursery" objects="8480" bytes="596920" bytesdiscarded="55168" />
  <finalization candidates="2" enqueued="0" />
  <references type="soft" candidates="65" cleared="0" enqueued="0" dynamicThreshold="24" maxThreshold="32" />
  <references type="weak" candidates="26" cleared="5" enqueued="5" />
  <references type="phantom" candidates="18" cleared="0" enqueued="0" />
</gc-op>
<heap-resize id="204" type="expand" space="nursery" amount="262144" count="1" timems="0.013" reason="excessive time being spent scavenging" timestamp="2019-08-02T22:33:21.045" />
<gc-end id="205" type="scavenge" contextid="200" durationms="5.507" usertimems="4.000" systemtimems="0.000" timestamp="2019-08-02T22:33:21.045" activeThreads="8">
  <mem-info id="206" free="5726672" total="8912896" percent="64">
    <mem type="nursery" free="985816" total="2621440" percent="37">
      <mem type="allocate" free="985816" total="1638400" percent="60" />
      <mem type="survivor" free="0" total="983040" percent="0" />
    </mem>
    <mem type="tenure" free="4740856" total="6291456" percent="75">
      <mem type="soa" free="4426488" total="5977088" percent="74" />
      <mem type="loa" free="314368" total="314368" percent="100" />
    </mem>
    <pending-finalizers system="0" default="0" reference="5" classloader="0" />
    <remembered-set count="326" />
  </mem-info>
</gc-end>
<cycle-end id="207" type="scavenge" contextid="200" timestamp="2019-08-02T22:33:21.045" />
  <attribute name="elasticGC enabled" value="1" />
  <attribute name= "numThreadsSpecified" value="0" />
  <attribute name="heapSize specified" value="8650752" />
  <attribute name= "numCores" value="8" />
  <attribute name ="GC Interval" value="1000" />
  <attribute name ="Control flow" value="2" />
  <attribute name="GC Util Range Max" value="15" />
  <attribute name="Current GC Util" value="26" />
  <attribute name= "Current Time Running" value="926" />
<allocation-satisfied id="208" threadId="0000000000D1BB00" bytesRequested="3080" />
<af-end id="209" timestamp="2019-08-02T22:33:21.045" threadId="0000000000D1C488" success="true" from="nursery"/>
<exclusive-end id="210" timestamp="2019-08-02T22:33:21.045" durationms="6.206" />

<exclusive-start id="211" timestamp="2019-08-02T22:33:21.049" intervalms="10.093">
  <response-info timems="0.206" idlems="0.193" threads="2" lastid="0000000000D26F00" lastname="Thread-6" />
</exclusive-start>
<af-start id="212" threadId="0000000000D20088" totalBytesRequested="16392" timestamp="2019-08-02T22:33:21.049" intervalms="10.078" type="nursery" />
<cycle-start id="213" type="scavenge" contextid="0" timestamp="2019-08-02T22:33:21.049" intervalms="10.071" />
<gc-start id="214" type="scavenge" contextid="213" timestamp="2019-08-02T22:33:21.050">
  <mem-info id="215" free="4738488" total="8912896" percent="53">
    <mem type="nursery" free="0" total="2621440" percent="0">
      <mem type="allocate" free="0" total="1638400" percent="0" />
      <mem type="survivor" free="0" total="983040" percent="0" />
    </mem>
    <mem type="tenure" free="4738488" total="6291456" percent="75">
      <mem type="soa" free="4424120" total="5977088" percent="74" />
      <mem type="loa" free="314368" total="314368" percent="100" />
    </mem>
    <remembered-set count="351" />
  </mem-info>
</gc-start>
<allocation-stats totalBytes="885664" >
  <allocated-bytes non-tlh="327208" tlh="558456" />
  <largest-consumer threadName="Thread-3" threadId="0000000000D1BB00" bytes="340104" />
</allocation-stats>
<gc-op id="216" type="scavenge" timems="0.789" contextid="213" timestamp="2019-08-02T22:33:21.050">
  <scavenger-info tenureage="5" tenuremask="ffe0" tiltratio="62" />
  <memory-copied type="nursery" objects="7341" bytes="845336" bytesdiscarded="137168" />
  <memory-copied type="tenure" objects="1375" bytes="54928" bytesdiscarded="120" />
  <copy-failed type="nursery" objects="1375" bytes="54928" />
  <finalization candidates="2" enqueued="0" />
  <references type="soft" candidates="67" cleared="0" enqueued="0" dynamicThreshold="24" maxThreshold="32" />
  <references type="weak" candidates="21" cleared="0" enqueued="0" />
  <references type="phantom" candidates="16" cleared="0" enqueued="0" />
</gc-op>
<gc-end id="217" type="scavenge" contextid="213" durationms="0.989" usertimems="4.000" systemtimems="0.000" timestamp="2019-08-02T22:33:21.051" activeThreads="8">
  <mem-info id="218" free="4994744" total="8912896" percent="56">
    <mem type="nursery" free="327680" total="2621440" percent="12">
      <mem type="allocate" free="327680" total="1310720" percent="25" />
      <mem type="survivor" free="0" total="1310720" percent="0" />
    </mem>
    <mem type="tenure" free="4667064" total="6291456" percent="74">
      <mem type="soa" free="4352696" total="5977088" percent="72" />
      <mem type="loa" free="314368" total="314368" percent="100" />
    </mem>
    <remembered-set count="660" />
  </mem-info>
</gc-end>
<cycle-end id="219" type="scavenge" contextid="213" timestamp="2019-08-02T22:33:21.051" />
  <attribute name="elasticGC enabled" value="1" />
  <attribute name= "numThreadsSpecified" value="0" />
  <attribute name="heapSize specified" value="8650752" />
  <attribute name= "numCores" value="8" />
  <attribute name ="GC Interval" value="1200" />
  <attribute name ="Control flow" value="2" />
  <attribute name="GC Util Range Max" value="15" />
  <attribute name="Current GC Util" value="51" />
  <attribute name= "Current Time Running" value="936" />
<allocation-satisfied id="220" threadId="0000000000D1F700" bytesRequested="16392" />
<af-end id="221" timestamp="2019-08-02T22:33:21.051" threadId="0000000000D20088" success="true" from="nursery"/>
<exclusive-end id="222" timestamp="2019-08-02T22:33:21.051" durationms="1.637" />

<exclusive-start id="223" timestamp="2019-08-02T22:33:21.052" intervalms="2.806">
  <response-info timems="0.056" idlems="0.035" threads="1" lastid="0000000000D1BB00" lastname="Thread-3" />
</exclusive-start>
<af-start id="224" threadId="0000000000D2B488" totalBytesRequested="16392" timestamp="2019-08-02T22:33:21.052" intervalms="2.797" type="nursery" />
<cycle-start id="225" type="scavenge" contextid="0" timestamp="2019-08-02T22:33:21.052" intervalms="2.802" />
<gc-start id="226" type="scavenge" contextid="225" timestamp="2019-08-02T22:33:21.052">
  <mem-info id="227" free="4666488" total="8912896" percent="52">
    <mem type="nursery" free="0" total="2621440" percent="0">
      <mem type="allocate" free="0" total="1310720" percent="0" />
      <mem type="survivor" free="0" total="1310720" percent="0" />
    </mem>
    <mem type="tenure" free="4666488" total="6291456" percent="74">
      <mem type="soa" free="4352120" total="5977088" percent="72" />
      <mem type="loa" free="314368" total="314368" percent="100" />
    </mem>
    <remembered-set count="670" />
  </mem-info>
</gc-start>
<allocation-stats totalBytes="328248" >
  <allocated-bytes non-tlh="115320" tlh="212928" />
  <largest-consumer threadName="Thread-3" threadId="0000000000D1BB00" bytes="78392" />
</allocation-stats>
<gc-op id="228" type="scavenge" timems="0.800" contextid="225" timestamp="2019-08-02T22:33:21.053">
  <scavenger-info tenureage="3" tenuremask="fff8" tiltratio="50" />
  <memory-copied type="nursery" objects="1214" bytes="675520" bytesdiscarded="38256" />
  <memory-copied type="tenure" objects="6195" bytes="351944" bytesdiscarded="184" />
  <finalization candidates="2" enqueued="0" />
  <references type="soft" candidates="8" cleared="0" enqueued="0" dynamicThreshold="24" maxThreshold="32" />
  <references type="weak" candidates="20" cleared="0" enqueued="0" />
  <references type="phantom" candidates="15" cleared="0" enqueued="0" />
</gc-op>
<gc-end id="229" type="scavenge" contextid="225" durationms="1.011" usertimems="0.000" systemtimems="0.000" timestamp="2019-08-02T22:33:21.053" activeThreads="8">
  <mem-info id="230" free="4852080" total="8912896" percent="54">
    <mem type="nursery" free="596736" total="2621440" percent="22">
      <mem type="allocate" free="596736" total="1310720" percent="45" />
      <mem type="survivor" free="0" total="1310720" percent="0" />
    </mem>
    <mem type="tenure" free="4255344" total="6291456" percent="67">
      <mem type="soa" free="3940976" total="5977088" percent="65" />
      <mem type="loa" free="314368" total="314368" percent="100" />
    </mem>
    <remembered-set count="155" />
  </mem-info>
</gc-end>
<cycle-end id="231" type="scavenge" contextid="225" timestamp="2019-08-02T22:33:21.053" />
  <attribute name="elasticGC enabled" value="1" />
  <attribute name= "numThreadsSpecified" value="0" />
  <attribute name="heapSize specified" value="8650752" />
  <attribute name= "numCores" value="8" />
  <attribute name ="GC Interval" value="1300" />
  <attribute name ="Control flow" value="3" />
  <attribute name="GC Util Range Max" value="15" />
  <attribute name="Current GC Util" value="50" />
  <attribute name= "Current Time Running" value="939" />
<allocation-satisfied id="232" threadId="0000000000D2AB00" bytesRequested="16392" />
<af-end id="233" timestamp="2019-08-02T22:33:21.054" threadId="0000000000D2B488" success="true" from="nursery"/>
<exclusive-end id="234" timestamp="2019-08-02T22:33:21.054" durationms="1.479" />

<exclusive-start id="235" timestamp="2019-08-02T22:33:21.056" intervalms="4.288">
  <response-info timems="0.061" idlems="0.061" threads="0" lastid="0000000000D1F700" lastname="Thread-4" />
</exclusive-start>
<af-start id="236" threadId="0000000000D20088" totalBytesRequested="3080" timestamp="2019-08-02T22:33:21.057" intervalms="4.295" type="nursery" />
<cycle-start id="237" type="scavenge" contextid="0" timestamp="2019-08-02T22:33:21.057" intervalms="4.299" />
<gc-start id="238" type="scavenge" contextid="237" timestamp="2019-08-02T22:33:21.057">
  <mem-info id="239" free="4254640" total="8912896" percent="47">
    <mem type="nursery" free="0" total="2621440" percent="0">
      <mem type="allocate" free="0" total="1310720" percent="0" />
      <mem type="survivor" free="0" total="1310720" percent="0" />
    </mem>
    <mem type="tenure" free="4254640" total="6291456" percent="67">
      <mem type="soa" free="3940272" total="5977088" percent="65" />
      <mem type="loa" free="314368" total="314368" percent="100" />
    </mem>
    <remembered-set count="171" />
  </mem-info>
</gc-start>
<allocation-stats totalBytes="594344" >
  <allocated-bytes non-tlh="426832" tlh="167512" />
  <largest-consumer threadName="Thread-7" threadId="0000000000D2AB00" bytes="114728" />
</allocation-stats>
<gc-op id="240" type="scavenge" timems="0.564" contextid="237" timestamp="2019-08-02T22:33:21.057">
  <scavenger-info tenureage="2" tenuremask="fffc" tiltratio="50" />
  <memory-copied type="nursery" objects="219" bytes="638544" bytesdiscarded="18728" />
  <memory-copied type="tenure" objects="1130" bytes="492880" bytesdiscarded="872" />
  <finalization candidates="1" enqueued="0" />
  <references type="soft" candidates="2" cleared="0" enqueued="0" dynamicThreshold="24" maxThreshold="32" />
  <references type="weak" candidates="1" cleared="0" enqueued="0" />
  <references type="phantom" candidates="9" cleared="0" enqueued="0" />
</gc-op>
<gc-end id="241" type="scavenge" contextid="237" durationms="0.767" usertimems="4.000" systemtimems="0.000" timestamp="2019-08-02T22:33:21.057" activeThreads="8">
  <mem-info id="242" free="4403880" total="8912896" percent="49">
    <mem type="nursery" free="784448" total="2621440" percent="29">
      <mem type="allocate" free="784448" total="1441792" percent="54" />
      <mem type="survivor" free="0" total="1179648" percent="0" />
    </mem>
    <mem type="tenure" free="3619432" total="6291456" percent="57">
      <mem type="soa" free="3305064" total="5977088" percent="55" />
      <mem type="loa" free="314368" total="314368" percent="100" />
    </mem>
    <remembered-set count="148" />
  </mem-info>
</gc-end>
<cycle-end id="243" type="scavenge" contextid="237" timestamp="2019-08-02T22:33:21.057" />
  <attribute name="elasticGC enabled" value="1" />
  <attribute name= "numThreadsSpecified" value="0" />
  <attribute name="heapSize specified" value="8650752" />
  <attribute name= "numCores" value="8" />
  <attribute name ="GC Interval" value="1300" />
  <attribute name ="Control flow" value="3" />
  <attribute name="GC Util Range Max" value="15" />
  <attribute name="Current GC Util" value="33" />
  <attribute name= "Current Time Running" value="943" />
<allocation-satisfied id="244" threadId="0000000000D1F700" bytesRequested="3080" />
<af-end id="245" timestamp="2019-08-02T22:33:21.058" threadId="0000000000D20088" success="true" from="nursery"/>
<exclusive-end id="246" timestamp="2019-08-02T22:33:21.058" durationms="1.238" />

<exclusive-start id="247" timestamp="2019-08-02T22:33:21.081" intervalms="24.991">
  <response-info timems="0.068" idlems="0.068" threads="0" lastid="0000000000D35F00" lastname="Thread-10" />
</exclusive-start>
<af-start id="248" threadId="0000000000D36888" totalBytesRequested="64" timestamp="2019-08-02T22:33:21.082" intervalms="25.025" type="nursery" />
<cycle-start id="249" type="scavenge" contextid="0" timestamp="2019-08-02T22:33:21.082" intervalms="25.031" />
<gc-start id="250" type="scavenge" contextid="249" timestamp="2019-08-02T22:33:21.082">
  <mem-info id="251" free="3602008" total="8912896" percent="40">
    <mem type="nursery" free="0" total="2621440" percent="0">
      <mem type="allocate" free="0" total="1441792" percent="0" />
      <mem type="survivor" free="0" total="1179648" percent="0" />
    </mem>
    <mem type="tenure" free="3602008" total="6291456" percent="57">
      <mem type="soa" free="3287640" total="5977088" percent="55" />
      <mem type="loa" free="314368" total="314368" percent="100" />
    </mem>
    <remembered-set count="458" />
  </mem-info>
</gc-start>
<allocation-stats totalBytes="798880" >
  <allocated-bytes non-tlh="43232" tlh="755648" />
  <largest-consumer threadName="Thread-4" threadId="0000000000D1F700" bytes="521592" />
</allocation-stats>
<gc-op id="252" type="scavenge" timems="0.584" contextid="249" timestamp="2019-08-02T22:33:21.082">
  <scavenger-info tenureage="2" tenuremask="7ffc" tiltratio="55" />
  <memory-copied type="nursery" objects="1513" bytes="703408" bytesdiscarded="109680" />
  <memory-copied type="tenure" objects="70" bytes="182280" bytesdiscarded="0" />
  <finalization candidates="8" enqueued="0" />
  <references type="soft" candidates="16" cleared="0" enqueued="0" dynamicThreshold="24" maxThreshold="32" />
  <references type="weak" candidates="67" cleared="15" enqueued="8" />
  <references type="phantom" candidates="8" cleared="0" enqueued="0" />
</gc-op>
<gc-end id="253" type="scavenge" contextid="249" durationms="0.784" usertimems="0.000" systemtimems="0.000" timestamp="2019-08-02T22:33:21.082" activeThreads="8">
  <mem-info id="254" free="4108392" total="8912896" percent="46">
    <mem type="nursery" free="694112" total="2621440" percent="26">
      <mem type="allocate" free="694112" total="1507328" percent="46" />
      <mem type="survivor" free="0" total="1114112" percent="0" />
    </mem>
    <mem type="tenure" free="3414280" total="6291456" percent="54">
      <mem type="soa" free="3099912" total="5977088" percent="51" />
      <mem type="loa" free="314368" total="314368" percent="100" />
    </mem>
    <pending-finalizers system="0" default="0" reference="8" classloader="0" />
    <remembered-set count="436" />
  </mem-info>
</gc-end>
<cycle-end id="255" type="scavenge" contextid="249" timestamp="2019-08-02T22:33:21.083" />
  <attribute name="elasticGC enabled" value="1" />
  <attribute name= "numThreadsSpecified" value="0" />
  <attribute name="heapSize specified" value="8650752" />
  <attribute name= "numCores" value="8" />
  <attribute name ="GC Interval" value="1300" />
  <attribute name ="Control flow" value="2" />
  <attribute name="GC Util Range Max" value="15" />
  <attribute name="Current GC Util" value="4" />
  <attribute name= "Current Time Running" value="968" />
<allocation-satisfied id="256" threadId="0000000000D35F00" bytesRequested="64" />
<af-end id="257" timestamp="2019-08-02T22:33:21.083" threadId="0000000000D36888" success="true" from="nursery"/>
<exclusive-end id="258" timestamp="2019-08-02T22:33:21.083" durationms="1.439" />

<exclusive-start id="259" timestamp="2019-08-02T22:33:21.093" intervalms="11.141">
  <response-info timems="0.030" idlems="0.030" threads="0" lastid="0000000000D2AB00" lastname="Thread-7" />
</exclusive-start>
<af-start id="260" threadId="0000000000D2B488" totalBytesRequested="24" timestamp="2019-08-02T22:33:21.093" intervalms="11.123" type="nursery" />
<cycle-start id="261" type="scavenge" contextid="0" timestamp="2019-08-02T22:33:21.093" intervalms="11.157" />
<gc-start id="262" type="scavenge" contextid="261" timestamp="2019-08-02T22:33:21.093">
  <mem-info id="263" free="3409880" total="8912896" percent="38">
    <mem type="nursery" free="0" total="2621440" percent="0">
      <mem type="allocate" free="0" total="1507328" percent="0" />
      <mem type="survivor" free="0" total="1114112" percent="0" />
    </mem>
    <mem type="tenure" free="3409880" total="6291456" percent="54">
      <mem type="soa" free="3095512" total="5977088" percent="51" />
      <mem type="loa" free="314368" total="314368" percent="100" />
    </mem>
    <remembered-set count="508" />
  </mem-info>
</gc-start>
<allocation-stats totalBytes="696928" >
  <allocated-bytes non-tlh="70032" tlh="626896" />
  <largest-consumer threadName="Thread-3" threadId="0000000000D1BB00" bytes="127504" />
</allocation-stats>
<gc-op id="264" type="scavenge" timems="1.019" contextid="261" timestamp="2019-08-02T22:33:21.094">
  <scavenger-info tenureage="2" tenuremask="7ffc" tiltratio="57" />
  <memory-copied type="nursery" objects="7217" bytes="457576" bytesdiscarded="125824" />
  <memory-copied type="tenure" objects="128" bytes="450632" bytesdiscarded="64" />
  <finalization candidates="10" enqueued="1" />
  <references type="soft" candidates="18" cleared="0" enqueued="0" dynamicThreshold="24" maxThreshold="32" />
  <references type="weak" candidates="132" cleared="28" enqueued="19" />
  <references type="phantom" candidates="10" cleared="0" enqueued="0" />
</gc-op>
<heap-resize id="265" type="expand" space="nursery" amount="131072" count="1" timems="0.012" reason="excessive time being spent scavenging" timestamp="2019-08-02T22:33:21.094" />
<gc-end id="266" type="scavenge" contextid="261" durationms="1.614" usertimems="0.000" systemtimems="0.000" timestamp="2019-08-02T22:33:21.095" activeThreads="8">
  <mem-info id="267" free="4024840" total="9043968" percent="44">
    <mem type="nursery" free="1054888" total="2752512" percent="38">
      <mem type="allocate" free="1054888" total="1638400" percent="64" />
      <mem type="survivor" free="0" total="1114112" percent="0" />
    </mem>
    <mem type="tenure" free="2969952" total="6291456" percent="47">
      <mem type="soa" free="2655584" total="5977088" percent="44" />
      <mem type="loa" free="314368" total="314368" percent="100" />
    </mem>
    <pending-finalizers system="1" default="0" reference="19" classloader="0" />
    <remembered-set count="503" />
  </mem-info>
</gc-end>
<cycle-end id="268" type="scavenge" contextid="261" timestamp="2019-08-02T22:33:21.095" />
  <attribute name="elasticGC enabled" value="1" />
  <attribute name= "numThreadsSpecified" value="0" />
  <attribute name="heapSize specified" value="8650752" />
  <attribute name= "numCores" value="8" />
  <attribute name ="GC Interval" value="1300" />
  <attribute name ="Control flow" value="2" />
  <attribute name="GC Util Range Max" value="15" />
  <attribute name="Current GC Util" value="10" />
  <attribute name= "Current Time Running" value="980" />
<allocation-satisfied id="269" threadId="0000000000D2AB00" bytesRequested="24" />
<af-end id="270" timestamp="2019-08-02T22:33:21.095" threadId="0000000000D2B488" success="true" from="nursery"/>
<exclusive-end id="271" timestamp="2019-08-02T22:33:21.095" durationms="2.445" />

<exclusive-start id="272" timestamp="2019-08-02T22:33:21.103" intervalms="10.490">
  <response-info timems="0.039" idlems="0.039" threads="0" lastid="0000000000D1BB00" lastname="Thread-3" />
</exclusive-start>
<af-start id="273" threadId="0000000000D1C488" totalBytesRequested="72" timestamp="2019-08-02T22:33:21.103" intervalms="10.518" type="nursery" />
<cycle-start id="274" type="scavenge" contextid="0" timestamp="2019-08-02T22:33:21.103" intervalms="10.516" />
<gc-start id="275" type="scavenge" contextid="274" timestamp="2019-08-02T22:33:21.103">
  <mem-info id="276" free="2968208" total="9043968" percent="32">
    <mem type="nursery" free="0" total="2752512" percent="0">
      <mem type="allocate" free="0" total="1638400" percent="0" />
      <mem type="survivor" free="0" total="1114112" percent="0" />
    </mem>
    <mem type="tenure" free="2968208" total="6291456" percent="47">
      <mem type="soa" free="2653840" total="5977088" percent="44" />
      <mem type="loa" free="314368" total="314368" percent="100" />
    </mem>
    <remembered-set count="535" />
  </mem-info>
</gc-start>
<allocation-stats totalBytes="1049776" >
  <allocated-bytes non-tlh="42752" tlh="1007024" />
  <largest-consumer threadName="Thread-3" threadId="0000000000D1BB00" bytes="220456" />
</allocation-stats>
<gc-op id="277" type="scavenge" timems="2.296" contextid="274" timestamp="2019-08-02T22:33:21.106">
  <scavenger-info tenureage="2" tenuremask="7ffc" tiltratio="59" />
  <memory-copied type="nursery" objects="4664" bytes="193824" bytesdiscarded="20464" />
  <memory-copied type="tenure" objects="1224" bytes="203192" bytesdiscarded="648" />
  <finalization candidates="9" enqueued="0" />
  <references type="soft" candidates="7" cleared="0" enqueued="0" dynamicThreshold="24" maxThreshold="32" />
  <references type="weak" candidates="43" cleared="7" enqueued="7" />
  <references type="phantom" candidates="4" cleared="0" enqueued="0" />
</gc-op>
<heap-resize id="278" type="expand" space="nursery" amount="262144" count="1" timems="0.012" reason="excessive time being spent scavenging" timestamp="2019-08-02T22:33:21.106" />
<gc-end id="279" type="scavenge" contextid="274" durationms="2.749" usertimems="4.000" systemtimems="0.000" timestamp="2019-08-02T22:33:21.106" activeThreads="8">
  <mem-info id="280" free="4435056" total="9306112" percent="47">
    <mem type="nursery" free="1686248" total="3014656" percent="55">
      <mem type="allocate" free="1686248" total="1900544" percent="88" />
      <mem type="survivor" free="0" total="1114112" percent="0" />
    </mem>
    <mem type="tenure" free="2748808" total="6291456" percent="43">
      <mem type="soa" free="2434440" total="5977088" percent="40" />
      <mem type="loa" free="314368" total="314368" percent="100" />
    </mem>
    <pending-finalizers system="0" default="0" reference="7" classloader="0" />
    <remembered-set count="245" />
  </mem-info>
</gc-end>
<cycle-end id="281" type="scavenge" contextid="274" timestamp="2019-08-02T22:33:21.106" />
  <attribute name="elasticGC enabled" value="1" />
  <attribute name= "numThreadsSpecified" value="0" />
  <attribute name="heapSize specified" value="8650752" />
  <attribute name= "numCores" value="8" />
  <attribute name ="GC Interval" value="1400" />
  <attribute name ="Control flow" value="2" />
  <attribute name="GC Util Range Max" value="15" />
  <attribute name="Current GC Util" value="17" />
  <attribute name= "Current Time Running" value="990" />
<allocation-satisfied id="282" threadId="0000000000D1BB00" bytesRequested="72" />
<af-end id="283" timestamp="2019-08-02T22:33:21.106" threadId="0000000000D1C488" success="true" from="nursery"/>
<exclusive-end id="284" timestamp="2019-08-02T22:33:21.106" durationms="3.382" />

<exclusive-start id="285" timestamp="2019-08-02T22:33:21.148" intervalms="44.812">
  <response-info timems="0.076" idlems="0.076" threads="0" lastid="0000000000D26F00" lastname="Thread-6" />
</exclusive-start>
<af-start id="286" threadId="0000000000D27888" totalBytesRequested="88" timestamp="2019-08-02T22:33:21.148" intervalms="44.817" type="nursery" />
<cycle-start id="287" type="scavenge" contextid="0" timestamp="2019-08-02T22:33:21.148" intervalms="44.817" />
<gc-start id="288" type="scavenge" contextid="287" timestamp="2019-08-02T22:33:21.148">
  <mem-info id="289" free="2733656" total="9306112" percent="29">
    <mem type="nursery" free="0" total="3014656" percent="0">
      <mem type="allocate" free="0" total="1900544" percent="0" />
      <mem type="survivor" free="0" total="1114112" percent="0" />
    </mem>
    <mem type="tenure" free="2733656" total="6291456" percent="43">
      <mem type="soa" free="2419288" total="5977088" percent="40" />
      <mem type="loa" free="314368" total="314368" percent="100" />
    </mem>
    <remembered-set count="486" />
  </mem-info>
</gc-start>
<allocation-stats totalBytes="1690936" >
  <allocated-bytes non-tlh="15224" tlh="1675712" />
  <largest-consumer threadName="Thread-8" threadId="0000000000D2E700" bytes="545208" />
</allocation-stats>
<gc-op id="290" type="scavenge" timems="0.867" contextid="287" timestamp="2019-08-02T22:33:21.149">
  <scavenger-info tenureage="2" tenuremask="7ffc" tiltratio="63" />
  <memory-copied type="nursery" objects="9404" bytes="811704" bytesdiscarded="126152" />
  <memory-copied type="tenure" objects="1185" bytes="30608" bytesdiscarded="0" />
  <finalization candidates="1" enqueued="0" />
  <references type="soft" candidates="3" cleared="0" enqueued="0" dynamicThreshold="24" maxThreshold="32" />
  <references type="weak" candidates="14" cleared="1" enqueued="1" />
</gc-op>
<gc-end id="291" type="scavenge" contextid="287" durationms="1.067" usertimems="0.000" systemtimems="0.000" timestamp="2019-08-02T22:33:21.149" activeThreads="8">
  <mem-info id="292" free="3255392" total="9306112" percent="34">
    <mem type="nursery" free="569352" total="3014656" percent="18">
      <mem type="allocate" free="569352" total="1507328" percent="37" />
      <mem type="survivor" free="0" total="1507328" percent="0" />
    </mem>
    <mem type="tenure" free="2686040" total="6291456" percent="42">
      <mem type="soa" free="2371672" total="5977088" percent="39" />
      <mem type="loa" free="314368" total="314368" percent="100" />
    </mem>
    <pending-finalizers system="0" default="0" reference="1" classloader="0" />
    <remembered-set count="404" />
  </mem-info>
</gc-end>
<cycle-end id="293" type="scavenge" contextid="287" timestamp="2019-08-02T22:33:21.149" />
  <attribute name="elasticGC enabled" value="1" />
  <attribute name= "numThreadsSpecified" value="0" />
  <attribute name="heapSize specified" value="8650752" />
  <attribute name= "numCores" value="8" />
  <attribute name ="GC Interval" value="1500" />
  <attribute name ="Control flow" value="3" />
  <attribute name="GC Util Range Max" value="15" />
  <attribute name="Current GC Util" value="5" />
  <attribute name= "Current Time Running" value="1035" />
<allocation-satisfied id="294" threadId="0000000000D26F00" bytesRequested="88" />
<af-end id="295" timestamp="2019-08-02T22:33:21.149" threadId="0000000000D27888" success="true" from="nursery"/>
<exclusive-end id="296" timestamp="2019-08-02T22:33:21.149" durationms="1.592" />

<exclusive-start id="297" timestamp="2019-08-02T22:33:21.158" intervalms="9.669">
  <response-info timems="0.028" idlems="0.028" threads="0" lastid="0000000000D26F00" lastname="Thread-6" />
</exclusive-start>
<af-start id="298" threadId="0000000000D27888" totalBytesRequested="3736" timestamp="2019-08-02T22:33:21.158" intervalms="9.707" type="nursery" />
<cycle-start id="299" type="scavenge" contextid="0" timestamp="2019-08-02T22:33:21.158" intervalms="9.741" />
<gc-start id="300" type="scavenge" contextid="299" timestamp="2019-08-02T22:33:21.158">
  <mem-info id="301" free="2681184" total="9306112" percent="28">
    <mem type="nursery" free="0" total="3014656" percent="0">
      <mem type="allocate" free="0" total="1507328" percent="0" />
      <mem type="survivor" free="0" total="1507328" percent="0" />
    </mem>
    <mem type="tenure" free="2681184" total="6291456" percent="42">
      <mem type="soa" free="2366816" total="5977088" percent="39" />
      <mem type="loa" free="314368" total="314368" percent="100" />
    </mem>
    <remembered-set count="537" />
  </mem-info>
</gc-start>
<allocation-stats totalBytes="561840" >
  <allocated-bytes non-tlh="4944" tlh="556896" />
  <largest-consumer threadName="Thread-4" threadId="0000000000D1F700" bytes="157472" />
</allocation-stats>
<gc-op id="302" type="scavenge" timems="1.161" contextid="299" timestamp="2019-08-02T22:33:21.159">
  <scavenger-info tenureage="1" tenuremask="7ffe" tiltratio="50" />
  <memory-copied type="nursery" objects="1345" bytes="147288" bytesdiscarded="13984" />
  <memory-copied type="tenure" objects="9369" bytes="810312" bytesdiscarded="1752" />
  <references type="soft" candidates="2" cleared="0" enqueued="0" dynamicThreshold="24" maxThreshold="32" />
  <references type="weak" candidates="28" cleared="9" enqueued="6" />
</gc-op>
<heap-resize id="303" type="expand" space="nursery" amount="131072" count="1" timems="0.013" reason="excessive time being spent scavenging" timestamp="2019-08-02T22:33:21.159" />
<gc-end id="304" type="scavenge" contextid="299" durationms="1.453" usertimems="0.000" systemtimems="0.000" timestamp="2019-08-02T22:33:21.159" activeThreads="8">
  <mem-info id="305" free="3335672" total="9437184" percent="35">
    <mem type="nursery" free="1542640" total="3145728" percent="49">
      <mem type="allocate" free="1542640" total="1703936" percent="90" />
      <mem type="survivor" free="0" total="1441792" percent="0" />
    </mem>
    <mem type="tenure" free="1793032" total="6291456" percent="28">
      <mem type="soa" free="1478664" total="5977088" percent="24" />
      <mem type="loa" free="314368" total="314368" percent="100" />
    </mem>
    <pending-finalizers system="0" default="0" reference="6" classloader="0" />
    <remembered-set count="487" />
  </mem-info>
</gc-end>
<cycle-end id="306" type="scavenge" contextid="299" timestamp="2019-08-02T22:33:21.159" />
  <attribute name="elasticGC enabled" value="1" />
  <attribute name= "numThreadsSpecified" value="0" />
  <attribute name="heapSize specified" value="8650752" />
  <attribute name= "numCores" value="8" />
  <attribute name ="GC Interval" value="1600" />
  <attribute name ="Control flow" value="2" />
  <attribute name="GC Util Range Max" value="15" />
  <attribute name="Current GC Util" value="17" />
  <attribute name= "Current Time Running" value="1044" />
<allocation-satisfied id="307" threadId="0000000000D26F00" bytesRequested="3736" />
<af-end id="308" timestamp="2019-08-02T22:33:21.160" threadId="0000000000D27888" success="true" from="nursery"/>
<exclusive-end id="309" timestamp="2019-08-02T22:33:21.160" durationms="2.115" />

<exclusive-start id="310" timestamp="2019-08-02T22:33:21.195" intervalms="37.290">
  <response-info timems="0.053" idlems="0.053" threads="0" lastid="0000000000D26F00" lastname="Thread-6" />
</exclusive-start>
<af-start id="311" threadId="0000000000D27888" totalBytesRequested="2056" timestamp="2019-08-02T22:33:21.195" intervalms="37.255" type="nursery" />
<cycle-start id="312" type="scavenge" contextid="0" timestamp="2019-08-02T22:33:21.195" intervalms="37.231" />
<gc-start id="313" type="scavenge" contextid="312" timestamp="2019-08-02T22:33:21.195">
  <mem-info id="314" free="1792360" total="9437184" percent="18">
    <mem type="nursery" free="0" total="3145728" percent="0">
      <mem type="allocate" free="0" total="1703936" percent="0" />
      <mem type="survivor" free="0" total="1441792" percent="0" />
    </mem>
    <mem type="tenure" free="1792360" total="6291456" percent="28">
      <mem type="soa" free="1477992" total="5977088" percent="24" />
      <mem type="loa" free="314368" total="314368" percent="100" />
    </mem>
    <remembered-set count="652" />
  </mem-info>
</gc-start>
<allocation-stats totalBytes="1457320" >
  <allocated-bytes non-tlh="119128" tlh="1338192" />
  <largest-consumer threadName="Thread-5" threadId="0000000000D23300" bytes="522824" />
</allocation-stats>
<gc-op id="315" type="scavenge" timems="0.707" contextid="312" timestamp="2019-08-02T22:33:21.196">
  <scavenger-info tenureage="2" tenuremask="7ffc" tiltratio="54" />
  <memory-copied type="nursery" objects="2737" bytes="674304" bytesdiscarded="88952" />
  <references type="soft" candidates="4" cleared="0" enqueued="0" dynamicThreshold="24" maxThreshold="32" />
  <references type="weak" candidates="23" cleared="2" enqueued="2" />
  <references type="phantom" candidates="1" cleared="0" enqueued="0" />
</gc-op>
<gc-end id="316" type="scavenge" contextid="312" durationms="0.930" usertimems="0.000" systemtimems="0.000" timestamp="2019-08-02T22:33:21.196" activeThreads="8">
  <mem-info id="317" free="2798504" total="9437184" percent="29">
    <mem type="nursery" free="1006144" total="3145728" percent="31">
      <mem type="allocate" free="1006144" total="1769472" percent="56" />
      <mem type="survivor" free="0" total="1376256" percent="0" />
    </mem>
    <mem type="tenure" free="1792360" total="6291456" percent="28">
      <mem type="soa" free="1477992" total="5977088" percent="24" />
      <mem type="loa" free="314368" total="314368" percent="100" />
    </mem>
    <pending-finalizers system="0" default="0" reference="2" classloader="0" />
    <remembered-set count="411" />
  </mem-info>
</gc-end>
<cycle-end id="318" type="scavenge" contextid="312" timestamp="2019-08-02T22:33:21.196" />
  <attribute name="elasticGC enabled" value="1" />
  <attribute name= "numThreadsSpecified" value="0" />
  <attribute name="heapSize specified" value="8650752" />
  <attribute name= "numCores" value="8" />
  <attribute name ="GC Interval" value="1700" />
  <attribute name ="Control flow" value="2" />
  <attribute name="GC Util Range Max" value="15" />
  <attribute name="Current GC Util" value="6" />
  <attribute name= "Current Time Running" value="1082" />
<allocation-satisfied id="319" threadId="0000000000D26F00" bytesRequested="2056" />
<af-end id="320" timestamp="2019-08-02T22:33:21.196" threadId="0000000000D27888" success="true" from="nursery"/>
<exclusive-end id="321" timestamp="2019-08-02T22:33:21.196" durationms="1.482" />

<exclusive-start id="322" timestamp="2019-08-02T22:33:21.207" intervalms="12.660">
  <response-info timems="0.050" idlems="0.050" threads="0" lastid="0000000000D1BB00" lastname="Thread-3" />
</exclusive-start>
<af-start id="323" threadId="0000000000D1C488" totalBytesRequested="16392" timestamp="2019-08-02T22:33:21.208" intervalms="12.617" type="nursery" />
<cycle-start id="324" type="scavenge" contextid="0" timestamp="2019-08-02T22:33:21.208" intervalms="12.565" />
<gc-start id="325" type="scavenge" contextid="324" timestamp="2019-08-02T22:33:21.208">
  <mem-info id="326" free="1792360" total="9437184" percent="18">
    <mem type="nursery" free="0" total="3145728" percent="0">
      <mem type="allocate" free="0" total="1769472" percent="0" />
      <mem type="survivor" free="0" total="1376256" percent="0" />
    </mem>
    <mem type="tenure" free="1792360" total="6291456" percent="28">
      <mem type="soa" free="1477992" total="5977088" percent="24" />
      <mem type="loa" free="314368" total="314368" percent="100" />
    </mem>
    <remembered-set count="463" />
  </mem-info>
</gc-start>
<allocation-stats totalBytes="953352" >
  <allocated-bytes non-tlh="116776" tlh="836576" />
  <largest-consumer threadName="Thread-6" threadId="0000000000D26F00" bytes="371160" />
</allocation-stats>
<gc-op id="327" type="scavenge" timems="0.925" contextid="324" timestamp="2019-08-02T22:33:21.209">
  <scavenger-info tenureage="1" tenuremask="7ffe" tiltratio="56" />
  <memory-copied type="nursery" objects="1194" bytes="454968" bytesdiscarded="167728" />
  <memory-copied type="tenure" objects="2282" bytes="498808" bytesdiscarded="752" />
  <references type="weak" candidates="1" cleared="0" enqueued="0" />
  <references type="phantom" candidates="3" cleared="0" enqueued="0" />
</gc-op>
<gc-end id="328" type="scavenge" contextid="324" durationms="1.129" usertimems="4.000" systemtimems="0.000" timestamp="2019-08-02T22:33:21.209" activeThreads="8">
  <mem-info id="329" free="2482096" total="9437184" percent="26">
    <mem type="nursery" free="1277808" total="3145728" percent="40">
      <mem type="allocate" free="1277808" total="1900544" percent="67" />
      <mem type="survivor" free="0" total="1245184" percent="0" />
    </mem>
    <mem type="tenure" free="1204288" total="6291456" percent="19">
      <mem type="soa" free="889920" total="5977088" percent="14" />
      <mem type="loa" free="314368" total="314368" percent="100" />
    </mem>
    <remembered-set count="210" />
  </mem-info>
</gc-end>
<cycle-end id="330" type="scavenge" contextid="324" timestamp="2019-08-02T22:33:21.209" />
  <attribute name="elasticGC enabled" value="1" />
  <attribute name= "numThreadsSpecified" value="0" />
  <attribute name="heapSize specified" value="8650752" />
  <attribute name= "numCores" value="8" />
  <attribute name ="GC Interval" value="1700" />
  <attribute name ="Control flow" value="2" />
  <attribute name="GC Util Range Max" value="15" />
  <attribute name="Current GC Util" value="11" />
  <attribute name= "Current Time Running" value="1094" />
<allocation-satisfied id="331" threadId="0000000000D1BB00" bytesRequested="16392" />
<af-end id="332" timestamp="2019-08-02T22:33:21.209" threadId="0000000000D1C488" success="true" from="nursery"/>
<exclusive-end id="333" timestamp="2019-08-02T22:33:21.209" durationms="1.576" />

<exclusive-start id="334" timestamp="2019-08-02T22:33:21.222" intervalms="14.340">
  <response-info timems="0.065" idlems="0.065" threads="0" lastid="0000000000D32300" lastname="Thread-9" />
</exclusive-start>
<af-start id="335" threadId="0000000000D32C88" totalBytesRequested="16392" timestamp="2019-08-02T22:33:21.222" intervalms="14.346" type="nursery" />
<cycle-start id="336" type="scavenge" contextid="0" timestamp="2019-08-02T22:33:21.222" intervalms="14.351" />
<gc-start id="337" type="scavenge" contextid="336" timestamp="2019-08-02T22:33:21.222">
  <mem-info id="338" free="1203784" total="9437184" percent="12">
    <mem type="nursery" free="0" total="3145728" percent="0">
      <mem type="allocate" free="0" total="1900544" percent="0" />
      <mem type="survivor" free="0" total="1245184" percent="0" />
    </mem>
    <mem type="tenure" free="1203784" total="6291456" percent="19">
      <mem type="soa" free="889416" total="5977088" percent="14" />
      <mem type="loa" free="314368" total="314368" percent="100" />
    </mem>
    <remembered-set count="331" />
  </mem-info>
</gc-start>
<allocation-stats totalBytes="1270984" >
  <allocated-bytes non-tlh="98840" tlh="1172144" />
  <largest-consumer threadName="Thread-3" threadId="0000000000D1BB00" bytes="757960" />
</allocation-stats>
<gc-op id="339" type="scavenge" timems="0.767" contextid="336" timestamp="2019-08-02T22:33:21.223">
  <scavenger-info tenureage="1" tenuremask="7ffe" tiltratio="60" />
  <memory-copied type="nursery" objects="650" bytes="294232" bytesdiscarded="202984" />
  <memory-copied type="tenure" objects="1119" bytes="440216" bytesdiscarded="960" />
  <references type="weak" candidates="2" cleared="1" enqueued="1" />
  <references type="phantom" candidates="2" cleared="0" enqueued="0" />
</gc-op>
<gc-end id="340" type="scavenge" contextid="336" durationms="0.976" usertimems="0.000" systemtimems="0.000" timestamp="2019-08-02T22:33:21.223" activeThreads="8">
  <mem-info id="341" free="2086752" total="9437184" percent="22">
    <mem type="nursery" free="1534344" total="3145728" percent="48">
      <mem type="allocate" free="1534344" total="2031616" percent="75" />
      <mem type="survivor" free="0" total="1114112" percent="0" />
    </mem>
    <mem type="tenure" free="552408" total="6291456" percent="8">
      <mem type="soa" free="238040" total="5977088" percent="3" />
      <mem type="loa" free="314368" total="314368" percent="100" />
    </mem>
    <pending-finalizers system="0" default="0" reference="1" classloader="0" />
    <remembered-set count="243" />
  </mem-info>
</gc-end>
<cycle-end id="342" type="scavenge" contextid="336" timestamp="2019-08-02T22:33:21.223" />
  <attribute name="elasticGC enabled" value="1" />
  <attribute name= "numThreadsSpecified" value="0" />
  <attribute name="heapSize specified" value="8650752" />
  <attribute name= "numCores" value="8" />
  <attribute name ="GC Interval" value="1700" />
  <attribute name ="Control flow" value="3" />
  <attribute name="GC Util Range Max" value="15" />
  <attribute name="Current GC Util" value="13" />
  <attribute name= "Current Time Running" value="1109" />
<allocation-satisfied id="343" threadId="0000000000D32300" bytesRequested="16392" />
<af-end id="344" timestamp="2019-08-02T22:33:21.223" threadId="0000000000D32C88" success="true" from="nursery"/>
<exclusive-end id="345" timestamp="2019-08-02T22:33:21.223" durationms="1.465" />

<concurrent-kickoff id="346" timestamp="2019-08-02T22:33:21.229">
  <kickoff reason="threshold reached" targetBytes="1867303" thresholdFreeBytes="258287"  remainingFree="207184" tenureFreeBytes="552376" nurseryFreeBytes="207184" />
</concurrent-kickoff>
<exclusive-start id="347" timestamp="2019-08-02T22:33:21.229" intervalms="7.379">
  <response-info timems="0.049" idlems="0.049" threads="0" lastid="0000000000D32300" lastname="Thread-9" />
</exclusive-start>
<cycle-start id="348" type="global" contextid="0" timestamp="2019-08-02T22:33:21.229" intervalms="219.951" />
<exclusive-end id="349" timestamp="2019-08-02T22:33:21.229" durationms="0.116" />

<exclusive-start id="350" timestamp="2019-08-02T22:33:21.233" intervalms="4.068">
  <response-info timems="0.048" idlems="0.048" threads="0" lastid="0000000000D1BB00" lastname="Thread-3" />
</exclusive-start>
<af-start id="351" threadId="0000000000D1C488" totalBytesRequested="48" timestamp="2019-08-02T22:33:21.233" intervalms="11.437" type="nursery" />
<cycle-start id="352" type="scavenge" contextid="0" timestamp="2019-08-02T22:33:21.233" intervalms="11.433" />
<gc-start id="353" type="scavenge" contextid="352" timestamp="2019-08-02T22:33:21.233">
  <mem-info id="354" free="552376" total="9437184" percent="5">
    <mem type="nursery" free="0" total="3145728" percent="0">
      <mem type="allocate" free="0" total="2031616" percent="0" />
      <mem type="survivor" free="0" total="1114112" percent="0" />
    </mem>
    <mem type="tenure" free="552376" total="6291456" percent="8">
      <mem type="soa" free="238008" total="5977088" percent="3" />
      <mem type="loa" free="314368" total="314368" percent="100" />
    </mem>
    <remembered-set count="412" />
  </mem-info>
</gc-start>
<allocation-stats totalBytes="1469288" >
  <allocated-bytes non-tlh="196696" tlh="1272592" />
  <largest-consumer threadName="Thread-9" threadId="0000000000D32300" bytes="724984" />
</allocation-stats>
<gc-op id="355" type="scavenge" timems="0.748" contextid="352" timestamp="2019-08-02T22:33:21.234">
  <scavenger-info tenureage="1" tenuremask="7ffe" tiltratio="64" />
  <memory-copied type="nursery" objects="1751" bytes="578128" bytesdiscarded="146160" />
  <memory-copied type="tenure" objects="543" bytes="280480" bytesdiscarded="24" />
  <references type="phantom" candidates="1" cleared="0" enqueued="0" />
  <heap-resize type="expand" space="tenure" amount="65536" count="1" timems="0.069" reason="continue current collection" />
</gc-op>
<gc-end id="356" type="scavenge" contextid="352" durationms="0.946" usertimems="0.000" systemtimems="4.000" timestamp="2019-08-02T22:33:21.234" activeThreads="8">
  <mem-info id="357" free="1690248" total="9502720" percent="17">
    <mem type="nursery" free="1372808" total="3145728" percent="43">
      <mem type="allocate" free="1372808" total="2097152" percent="65" />
      <mem type="survivor" free="0" total="1048576" percent="0" />
    </mem>
    <mem type="tenure" free="317440" total="6356992" percent="4">
      <mem type="soa" free="0" total="6039552" percent="0" />
      <mem type="loa" free="317440" total="317440" percent="100" />
    </mem>
    <remembered-set count="247" />
  </mem-info>
</gc-end>
<cycle-end id="358" type="scavenge" contextid="352" timestamp="2019-08-02T22:33:21.235" />
  <attribute name="elasticGC enabled" value="1" />
  <attribute name= "numThreadsSpecified" value="0" />
  <attribute name="heapSize specified" value="8650752" />
  <attribute name= "numCores" value="8" />
  <attribute name ="GC Interval" value="1700" />
  <attribute name ="Control flow" value="2" />
  <attribute name="GC Util Range Max" value="15" />
  <attribute name="Current GC Util" value="13" />
  <attribute name= "Current Time Running" value="1120" />
<allocation-satisfied id="359" threadId="0000000000D1BB00" bytesRequested="48" />
<af-end id="360" timestamp="2019-08-02T22:33:21.235" threadId="0000000000D1C488" success="true" from="nursery"/>
<exclusive-end id="361" timestamp="2019-08-02T22:33:21.235" durationms="1.623" />

<exclusive-start id="362" timestamp="2019-08-02T22:33:21.235" intervalms="1.842">
  <response-info timems="0.046" idlems="0.046" threads="0" lastid="0000000000D35F00" lastname="Thread-10" />
</exclusive-start>
<concurrent-collection-start id="363" timestamp="2019-08-02T22:33:21.235" intervalms="1405.974" >
  <concurrent-trace-info reason="card cleaning threshold reached" tracedByMutators="689312" tracedByHelpers="1656136" cardsCleaned="275" workStackOverflowCount="0" />
</concurrent-collection-start>
<gc-start id="364" type="global" contextid="348" timestamp="2019-08-02T22:33:21.235">
  <mem-info id="365" free="1555032" total="9502720" percent="16">
    <mem type="nursery" free="1237592" total="3145728" percent="39">
      <mem type="allocate" free="1237592" total="2097152" percent="59" />
      <mem type="survivor" free="0" total="1048576" percent="0" />
    </mem>
    <mem type="tenure" free="317440" total="6356992" percent="4">
      <mem type="soa" free="0" total="6039552" percent="0" />
      <mem type="loa" free="317440" total="317440" percent="100" />
    </mem>
    <remembered-set count="247" />
  </mem-info>
</gc-start>
<allocation-stats totalBytes="135216" >
  <allocated-bytes non-tlh="48" tlh="135168" />
  <largest-consumer threadName="Thread-6" threadId="0000000000D26F00" bytes="36864" />
</allocation-stats>
<gc-op id="366" type="rs-scan" timems="0.223" contextid="348" timestamp="2019-08-02T22:33:21.236">
  <scan objectsFound="154" bytesTraced="36008" workStackOverflowCount="0" />
</gc-op>
<gc-op id="367" type="card-cleaning" timems="0.307" contextid="348" timestamp="2019-08-02T22:33:21.236">
  <card-cleaning cardsCleaned="13" bytesTraced="410852" workStackOverflowCount="0" />
</gc-op>
<gc-op id="368" type="mark" timems="0.989" contextid="348" timestamp="2019-08-02T22:33:21.237">
  <trace-info objectcount="850" scancount="749" scanbytes="110524" />
  <finalization candidates="25" enqueued="0" />
  <references type="soft" candidates="168" cleared="0" enqueued="0" dynamicThreshold="24" maxThreshold="32" />
  <references type="weak" candidates="249" cleared="3" enqueued="2" />
  <references type="phantom" candidates="76" cleared="2" enqueued="2" />
  <stringconstants candidates="3962" cleared="0"  />
</gc-op>
<gc-op id="369" type="classunload" timems="0.228" contextid="348" timestamp="2019-08-02T22:33:21.237">
  <classunload-info classloadercandidates="20" classloadersunloaded="0" classesunloaded="6" anonymousclassesunloaded="6" quiescems="0.000" setupms="0.222" scanms="0.005" postms="0.001" />
</gc-op>
<gc-op id="370" type="sweep" timems="0.237" contextid="348" timestamp="2019-08-02T22:33:21.238" />
<gc-end id="371" type="global" contextid="348" durationms="3.215" usertimems="0.000" systemtimems="4.000" timestamp="2019-08-02T22:33:21.238" activeThreads="8">
  <mem-info id="372" free="3996736" total="9502720" percent="42">
    <mem type="nursery" free="1591440" total="3145728" percent="50">
      <mem type="allocate" free="1591440" total="2097152" percent="75" />
      <mem type="survivor" free="0" total="1048576" percent="0" />
    </mem>
    <mem type="tenure" free="2405296" total="6356992" percent="37" micro-fragmented="40958" macro-fragmented="0">
      <mem type="soa" free="2087856" total="6039552" percent="34" />
      <mem type="loa" free="317440" total="317440" percent="100" />
    </mem>
    <pending-finalizers system="0" default="0" reference="4" classloader="0" />
    <remembered-set count="224" />
  </mem-info>
</gc-end>
<cycle-end id="373" type="global" contextid="348" timestamp="2019-08-02T22:33:21.239" />
  <attribute name="elasticGC enabled" value="1" />
  <attribute name= "numThreadsSpecified" value="0" />
  <attribute name="heapSize specified" value="8650752" />
  <attribute name= "numCores" value="8" />
  <attribute name ="GC Interval" value="1700" />
  <attribute name ="Control flow" value="2" />
  <attribute name="GC Util Range Max" value="15" />
  <attribute name="Current GC Util" value="35" />
  <attribute name= "Current Time Running" value="1124" />
<concurrent-collection-end id="374" timestamp="2019-08-02T22:33:21.239" />
<exclusive-end id="375" timestamp="2019-08-02T22:33:21.239" durationms="3.670" />

<exclusive-start id="376" timestamp="2019-08-02T22:33:21.256" intervalms="20.545">
  <response-info timems="0.072" idlems="0.072" threads="0" lastid="0000000000D2E700" lastname="Thread-8" />
</exclusive-start>
<af-start id="377" threadId="0000000000D2F088" totalBytesRequested="16392" timestamp="2019-08-02T22:33:21.256" intervalms="22.387" type="nursery" />
<cycle-start id="378" type="scavenge" contextid="0" timestamp="2019-08-02T22:33:21.256" intervalms="22.376" />
<gc-start id="379" type="scavenge" contextid="378" timestamp="2019-08-02T22:33:21.256">
  <mem-info id="380" free="2405264" total="9502720" percent="25">
    <mem type="nursery" free="0" total="3145728" percent="0">
      <mem type="allocate" free="0" total="2097152" percent="0" />
      <mem type="survivor" free="0" total="1048576" percent="0" />
    </mem>
    <mem type="tenure" free="2405264" total="6356992" percent="37">
      <mem type="soa" free="2087824" total="6039552" percent="34" />
      <mem type="loa" free="317440" total="317440" percent="100" />
    </mem>
    <remembered-set count="391" />
  </mem-info>
</gc-start>
<allocation-stats totalBytes="1539728" >
  <allocated-bytes non-tlh="213088" tlh="1326640" />
  <largest-consumer threadName="Thread-6" threadId="0000000000D26F00" bytes="454096" />
</allocation-stats>
<gc-op id="381" type="scavenge" timems="0.668" contextid="378" timestamp="2019-08-02T22:33:21.257">
  <scavenger-info tenureage="1" tenuremask="7ffe" tiltratio="66" />
  <memory-copied type="nursery" objects="1438" bytes="621560" bytesdiscarded="65856" />
  <memory-copied type="tenure" objects="1051" bytes="297408" bytesdiscarded="1792" />
  <references type="weak" candidates="1" cleared="0" enqueued="0" />
  <references type="phantom" candidates="1" cleared="0" enqueued="0" />
</gc-op>
<gc-end id="382" type="scavenge" contextid="378" durationms="0.843" usertimems="0.000" systemtimems="0.000" timestamp="2019-08-02T22:33:21.257" activeThreads="8">
  <mem-info id="383" free="3692352" total="9502720" percent="38">
    <mem type="nursery" free="1606296" total="3145728" percent="51">
      <mem type="allocate" free="1606296" total="2293760" percent="70" />
      <mem type="survivor" free="0" total="851968" percent="0" />
    </mem>
    <mem type="tenure" free="2086056" total="6356992" percent="32">
      <mem type="soa" free="1768616" total="6039552" percent="29" />
      <mem type="loa" free="317440" total="317440" percent="100" />
    </mem>
    <remembered-set count="245" />
  </mem-info>
</gc-end>
<cycle-end id="384" type="scavenge" contextid="378" timestamp="2019-08-02T22:33:21.257" />
  <attribute name="elasticGC enabled" value="1" />
  <attribute name= "numThreadsSpecified" value="0" />
  <attribute name="heapSize specified" value="8650752" />
  <attribute name= "numCores" value="8" />
  <attribute name ="GC Interval" value="1800" />
  <attribute name ="Control flow" value="2" />
  <attribute name="GC Util Range Max" value="15" />
  <attribute name="Current GC Util" value="15" />
  <attribute name= "Current Time Running" value="1142" />
<allocation-satisfied id="385" threadId="0000000000D2E700" bytesRequested="16392" />
<af-end id="386" timestamp="2019-08-02T22:33:21.257" threadId="0000000000D2F088" success="true" from="nursery"/>
<exclusive-end id="387" timestamp="2019-08-02T22:33:21.257" durationms="1.230" />

<exclusive-start id="388" timestamp="2019-08-02T22:33:21.280" intervalms="23.924">
  <response-info timems="0.056" idlems="0.028" threads="1" lastid="0000000000D2AB00" lastname="Thread-7" />
</exclusive-start>
<af-start id="389" threadId="0000000000D1C488" totalBytesRequested="16392" timestamp="2019-08-02T22:33:21.280" intervalms="23.931" type="nursery" />
<cycle-start id="390" type="scavenge" contextid="0" timestamp="2019-08-02T22:33:21.280" intervalms="23.942" />
<gc-start id="391" type="scavenge" contextid="390" timestamp="2019-08-02T22:33:21.280">
  <mem-info id="392" free="2086056" total="9502720" percent="21">
    <mem type="nursery" free="0" total="3145728" percent="0">
      <mem type="allocate" free="0" total="2293760" percent="0" />
      <mem type="survivor" free="0" total="851968" percent="0" />
    </mem>
    <mem type="tenure" free="2086056" total="6356992" percent="32">
      <mem type="soa" free="1768616" total="6039552" percent="29" />
      <mem type="loa" free="317440" total="317440" percent="100" />
    </mem>
    <remembered-set count="423" />
  </mem-info>
</gc-start>
<allocation-stats totalBytes="1545872" >
  <allocated-bytes non-tlh="180288" tlh="1365584" />
  <largest-consumer threadName="Thread-5" threadId="0000000000D23300" bytes="456672" />
</allocation-stats>
<gc-op id="393" type="scavenge" timems="0.648" contextid="390" timestamp="2019-08-02T22:33:21.281">
  <scavenger-info tenureage="1" tenuremask="7ffe" tiltratio="72" />
  <memory-copied type="nursery" objects="1438" bytes="577512" bytesdiscarded="148800" />
  <memory-copied type="tenure" objects="1339" bytes="608248" bytesdiscarded="2920" />
</gc-op>
<gc-end id="394" type="scavenge" contextid="390" durationms="0.849" usertimems="0.000" systemtimems="0.000" timestamp="2019-08-02T22:33:21.281" activeThreads="8">
  <mem-info id="395" free="3114048" total="9502720" percent="32">
    <mem type="nursery" free="1632928" total="3145728" percent="51">
      <mem type="allocate" free="1632928" total="2359296" percent="69" />
      <mem type="survivor" free="0" total="786432" percent="0" />
    </mem>
    <mem type="tenure" free="1481120" total="6356992" percent="23">
      <mem type="soa" free="1163680" total="6039552" percent="19" />
      <mem type="loa" free="317440" total="317440" percent="100" />
    </mem>
    <remembered-set count="253" />
  </mem-info>
</gc-end>
<cycle-end id="396" type="scavenge" contextid="390" timestamp="2019-08-02T22:33:21.281" />
  <attribute name="elasticGC enabled" value="1" />
  <attribute name= "numThreadsSpecified" value="0" />
  <attribute name="heapSize specified" value="8650752" />
  <attribute name= "numCores" value="8" />
  <attribute name ="GC Interval" value="1800" />
  <attribute name ="Control flow" value="2" />
  <attribute name="GC Util Range Max" value="15" />
  <attribute name="Current GC Util" value="5" />
  <attribute name= "Current Time Running" value="1166" />
<allocation-satisfied id="397" threadId="0000000000D1BB00" bytesRequested="16392" />
<af-end id="398" timestamp="2019-08-02T22:33:21.281" threadId="0000000000D1C488" success="true" from="nursery"/>
<exclusive-end id="399" timestamp="2019-08-02T22:33:21.281" durationms="1.312" />

<exclusive-start id="400" timestamp="2019-08-02T22:33:21.301" intervalms="21.002">
  <response-info timems="0.068" idlems="0.068" threads="0" lastid="0000000000D32300" lastname="Thread-9" />
</exclusive-start>
<af-start id="401" threadId="0000000000D32C88" totalBytesRequested="16" timestamp="2019-08-02T22:33:21.301" intervalms="21.004" type="nursery" />
<cycle-start id="402" type="scavenge" contextid="0" timestamp="2019-08-02T22:33:21.301" intervalms="21.010" />
<gc-start id="403" type="scavenge" contextid="402" timestamp="2019-08-02T22:33:21.301">
  <mem-info id="404" free="1481120" total="9502720" percent="15">
    <mem type="nursery" free="0" total="3145728" percent="0">
      <mem type="allocate" free="0" total="2359296" percent="0" />
      <mem type="survivor" free="0" total="786432" percent="0" />
    </mem>
    <mem type="tenure" free="1481120" total="6356992" percent="23">
      <mem type="soa" free="1163680" total="6039552" percent="19" />
      <mem type="loa" free="317440" total="317440" percent="100" />
    </mem>
    <remembered-set count="438" />
  </mem-info>
</gc-start>
<allocation-stats totalBytes="1559752" >
  <allocated-bytes non-tlh="163888" tlh="1395864" />
  <largest-consumer threadName="Thread-6" threadId="0000000000D26F00" bytes="428264" />
</allocation-stats>
<gc-op id="405" type="scavenge" timems="0.734" contextid="402" timestamp="2019-08-02T22:33:21.302">
  <scavenger-info tenureage="1" tenuremask="7ffe" tiltratio="75" />
  <memory-copied type="nursery" objects="2114" bytes="747896" bytesdiscarded="38480" />
  <memory-copied type="tenure" objects="1364" bytes="574248" bytesdiscarded="7560" />
</gc-op>
<gc-end id="406" type="scavenge" contextid="402" durationms="0.951" usertimems="0.000" systemtimems="0.000" timestamp="2019-08-02T22:33:21.302" activeThreads="8">
  <mem-info id="407" free="2271320" total="9502720" percent="23">
    <mem type="nursery" free="1376256" total="3145728" percent="43">
      <mem type="allocate" free="1376256" total="2162688" percent="63" />
      <mem type="survivor" free="0" total="983040" percent="0" />
    </mem>
    <mem type="tenure" free="895064" total="6356992" percent="14">
      <mem type="soa" free="577624" total="6039552" percent="9" />
      <mem type="loa" free="317440" total="317440" percent="100" />
    </mem>
    <remembered-set count="246" />
  </mem-info>
</gc-end>
<cycle-end id="408" type="scavenge" contextid="402" timestamp="2019-08-02T22:33:21.302" />
  <attribute name="elasticGC enabled" value="1" />
  <attribute name= "numThreadsSpecified" value="0" />
  <attribute name="heapSize specified" value="8650752" />
  <attribute name= "numCores" value="8" />
  <attribute name ="GC Interval" value="1800" />
  <attribute name ="Control flow" value="3" />
  <attribute name="GC Util Range Max" value="15" />
  <attribute name="Current GC Util" value="6" />
  <attribute name= "Current Time Running" value="1187" />
<allocation-satisfied id="409" threadId="0000000000D32300" bytesRequested="16" />
<af-end id="410" timestamp="2019-08-02T22:33:21.302" threadId="0000000000D32C88" success="true" from="nursery"/>
<exclusive-end id="411" timestamp="2019-08-02T22:33:21.302" durationms="1.431" />

<concurrent-kickoff id="412" timestamp="2019-08-02T22:33:21.315">
  <kickoff reason="threshold reached" targetBytes="1992500" thresholdFreeBytes="271593"  remainingFree="241616" tenureFreeBytes="895064" nurseryFreeBytes="241616" />
</concurrent-kickoff>
<exclusive-start id="413" timestamp="2019-08-02T22:33:21.315" intervalms="14.812">
  <response-info timems="0.112" idlems="0.112" threads="0" lastid="0000000000D2E700" lastname="Thread-8" />
</exclusive-start>
<cycle-start id="414" type="global" contextid="0" timestamp="2019-08-02T22:33:21.315" intervalms="86.187" />
<exclusive-end id="415" timestamp="2019-08-02T22:33:21.315" durationms="0.096" />

<exclusive-start id="416" timestamp="2019-08-02T22:33:21.321" intervalms="5.998">
  <response-info timems="0.044" idlems="0.044" threads="0" lastid="0000000000D2AB00" lastname="Thread-7" />
</exclusive-start>
<concurrent-collection-start id="417" timestamp="2019-08-02T22:33:21.322" intervalms="86.403" >
  <concurrent-trace-info reason="card cleaning threshold reached" tracedByMutators="863876" tracedByHelpers="1222584" cardsCleaned="169" workStackOverflowCount="0" />
</concurrent-collection-start>
<gc-start id="418" type="global" contextid="414" timestamp="2019-08-02T22:33:21.322">
  <mem-info id="419" free="895064" total="9502720" percent="9">
    <mem type="nursery" free="0" total="3145728" percent="0">
      <mem type="allocate" free="0" total="2162688" percent="0" />
      <mem type="survivor" free="0" total="983040" percent="0" />
    </mem>
    <mem type="tenure" free="895064" total="6356992" percent="14">
      <mem type="soa" free="577624" total="6039552" percent="9" />
      <mem type="loa" free="317440" total="317440" percent="100" />
    </mem>
    <remembered-set count="391" />
  </mem-info>
</gc-start>
<allocation-stats totalBytes="1336424" >
  <allocated-bytes non-tlh="114736" tlh="1221688" />
  <largest-consumer threadName="Thread-8" threadId="0000000000D2E700" bytes="441568" />
</allocation-stats>
<gc-op id="420" type="rs-scan" timems="0.157" contextid="414" timestamp="2019-08-02T22:33:21.322">
  <scan objectsFound="175" bytesTraced="23748" workStackOverflowCount="0" />
</gc-op>
<gc-op id="421" type="card-cleaning" timems="0.224" contextid="414" timestamp="2019-08-02T22:33:21.322">
  <card-cleaning cardsCleaned="68" bytesTraced="678368" workStackOverflowCount="0" />
</gc-op>
<gc-op id="422" type="mark" timems="0.567" contextid="414" timestamp="2019-08-02T22:33:21.323">
  <trace-info objectcount="886" scancount="777" scanbytes="111848" />
  <finalization candidates="25" enqueued="0" />
  <references type="soft" candidates="168" cleared="0" enqueued="0" dynamicThreshold="12" maxThreshold="32" />
  <references type="weak" candidates="246" cleared="0" enqueued="0" />
  <references type="phantom" candidates="73" cleared="0" enqueued="0" />
  <stringconstants candidates="3963" cleared="0"  />
</gc-op>
<gc-op id="423" type="sweep" timems="0.200" contextid="414" timestamp="2019-08-02T22:33:21.323" />
<mem-info id="424" free="3871736" total="9502720" percent="40">
  <mem type="nursery" free="1006304" total="3145728" percent="31">
    <mem type="allocate" free="1006304" total="2162688" percent="46" />
    <mem type="survivor" free="0" total="983040" percent="0" />
  </mem>
  <mem type="tenure" free="2865432" total="6356992" percent="45" micro-fragmented="59917" macro-fragmented="0">
    <mem type="soa" free="2547992" total="6039552" percent="42" />
    <mem type="loa" free="317440" total="317440" percent="100" />
  </mem>
  <remembered-set count="308" />
</mem-info>
<gc-op id="425" type="compact" timems="8.672" contextid="414" timestamp="2019-08-02T22:33:21.332">
  <compact-info movecount="38504" movebytes="4321144" reason="no compaction" />
</gc-op>
<heap-resize id="426" type="contract" space="tenure" amount="65536" count="1" timems="0.084" reason="heap reconfiguration" timestamp="2019-08-02T22:33:21.333" />
<gc-end id="427" type="global" contextid="414" durationms="10.992" usertimems="16.000" systemtimems="0.000" timestamp="2019-08-02T22:33:21.333" activeThreads="8">
  <mem-info id="428" free="3822080" total="9437184" percent="40">
    <mem type="nursery" free="1023944" total="3145728" percent="32">
      <mem type="allocate" free="1023944" total="2162688" percent="47" />
      <mem type="survivor" free="0" total="983040" percent="0" />
    </mem>
    <mem type="tenure" free="2798136" total="6291456" percent="44">
      <mem type="soa" free="2546232" total="5977088" percent="42" />
      <mem type="loa" free="251904" total="314368" percent="80" />
    </mem>
    <remembered-set count="308" />
  </mem-info>
</gc-end>
<cycle-end id="429" type="global" contextid="414" timestamp="2019-08-02T22:33:21.333" />
  <attribute name="elasticGC enabled" value="1" />
  <attribute name= "numThreadsSpecified" value="0" />
  <attribute name="heapSize specified" value="6291456" />
  <attribute name= "numCores" value="8" />
  <attribute name ="GC Interval" value="1800" />
  <attribute name ="Control flow" value="3" />
  <attribute name="GC Util Range Max" value="15" />
  <attribute name="Current GC Util" value="32" />
  <attribute name= "Current Time Running" value="1219" />
<concurrent-collection-end id="430" timestamp="2019-08-02T22:33:21.333" />
<exclusive-end id="431" timestamp="2019-08-02T22:33:21.333" durationms="11.445" />

<exclusive-start id="432" timestamp="2019-08-02T22:33:21.359" intervalms="37.156">
  <response-info timems="0.092" idlems="0.092" threads="0" lastid="0000000000D2E700" lastname="Thread-8" />
</exclusive-start>
<af-start id="433" threadId="0000000000D2F088" totalBytesRequested="32776" timestamp="2019-08-02T22:33:21.359" intervalms="57.959" type="nursery" />
<cycle-start id="434" type="scavenge" contextid="0" timestamp="2019-08-02T22:33:21.359" intervalms="57.944" />
<gc-start id="435" type="scavenge" contextid="434" timestamp="2019-08-02T22:33:21.359">
  <mem-info id="436" free="2798136" total="9437184" percent="29">
    <mem type="nursery" free="0" total="3145728" percent="0">
      <mem type="allocate" free="0" total="2162688" percent="0" />
      <mem type="survivor" free="0" total="983040" percent="0" />
    </mem>
    <mem type="tenure" free="2798136" total="6291456" percent="44">
      <mem type="soa" free="2546232" total="5977088" percent="42" />
      <mem type="loa" free="251904" total="314368" percent="80" />
    </mem>
    <remembered-set count="366" />
  </mem-info>
</gc-start>
<allocation-stats totalBytes="961656" >
  <allocated-bytes non-tlh="32776" tlh="928880" />
  <largest-consumer threadName="Thread-8" threadId="0000000000D2E700" bytes="273880" />
</allocation-stats>
<gc-op id="437" type="scavenge" timems="0.462" contextid="434" timestamp="2019-08-02T22:33:21.359">
  <scavenger-info tenureage="1" tenuremask="7ffe" tiltratio="68" />
  <memory-copied type="nursery" objects="965" bytes="364704" bytesdiscarded="146344" />
  <memory-copied type="tenure" objects="1939" bytes="668864" bytesdiscarded="448" />
</gc-op>
<gc-end id="438" type="scavenge" contextid="434" durationms="0.627" usertimems="0.000" systemtimems="0.000" timestamp="2019-08-02T22:33:21.359" activeThreads="8">
  <mem-info id="439" free="3540560" total="9437184" percent="37">
    <mem type="nursery" free="1651608" total="3145728" percent="52">
      <mem type="allocate" free="1651608" total="2162688" percent="76" />
      <mem type="survivor" free="0" total="983040" percent="0" />
    </mem>
    <mem type="tenure" free="1888952" total="6291456" percent="30">
      <mem type="soa" free="1637048" total="5977088" percent="27" />
      <mem type="loa" free="251904" total="314368" percent="80" />
    </mem>
    <remembered-set count="230" />
  </mem-info>
</gc-end>
<cycle-end id="440" type="scavenge" contextid="434" timestamp="2019-08-02T22:33:21.359" />
  <attribute name="elasticGC enabled" value="1" />
  <attribute name= "numThreadsSpecified" value="0" />
  <attribute name="heapSize specified" value="6291456" />
  <attribute name= "numCores" value="8" />
  <attribute name ="GC Interval" value="1800" />
  <attribute name ="Control flow" value="3" />
  <attribute name="GC Util Range Max" value="15" />
  <attribute name="Current GC Util" value="36" />
  <attribute name= "Current Time Running" value="1245" />
<allocation-satisfied id="441" threadId="0000000000D2E700" bytesRequested="32776" />
<af-end id="442" timestamp="2019-08-02T22:33:21.360" threadId="0000000000D2F088" success="true" from="nursery"/>
<exclusive-end id="443" timestamp="2019-08-02T22:33:21.360" durationms="1.012" />

<exclusive-start id="444" timestamp="2019-08-02T22:33:21.369" intervalms="10.822">
  <response-info timems="0.064" idlems="0.064" threads="0" lastid="0000000000D26F00" lastname="Thread-6" />
</exclusive-start>
<af-start id="445" threadId="0000000000D27888" totalBytesRequested="16392" timestamp="2019-08-02T22:33:21.369" intervalms="10.822" type="nursery" />
<cycle-start id="446" type="scavenge" contextid="0" timestamp="2019-08-02T22:33:21.370" intervalms="10.867" />
<gc-start id="447" type="scavenge" contextid="446" timestamp="2019-08-02T22:33:21.370">
  <mem-info id="448" free="1888952" total="9437184" percent="20">
    <mem type="nursery" free="0" total="3145728" percent="0">
      <mem type="allocate" free="0" total="2162688" percent="0" />
      <mem type="survivor" free="0" total="983040" percent="0" />
    </mem>
    <mem type="tenure" free="1888952" total="6291456" percent="30">
      <mem type="soa" free="1637048" total="5977088" percent="27" />
      <mem type="loa" free="251904" total="314368" percent="80" />
    </mem>
    <remembered-set count="401" />
  </mem-info>
</gc-start>
<allocation-stats totalBytes="1565656" >
  <allocated-bytes non-tlh="245832" tlh="1319824" />
  <largest-consumer threadName="Thread-9" threadId="0000000000D32300" bytes="435504" />
</allocation-stats>
<gc-op id="449" type="scavenge" timems="3.224" contextid="446" timestamp="2019-08-02T22:33:21.373">
  <scavenger-info tenureage="1" tenuremask="7ffe" tiltratio="68" />
  <memory-copied type="nursery" objects="1452" bytes="741920" bytesdiscarded="6696" />
  <memory-copied type="tenure" objects="805" bytes="256864" bytesdiscarded="80" />
  <references type="phantom" candidates="1" cleared="0" enqueued="0" />
</gc-op>
<heap-resize id="450" type="expand" space="nursery" amount="393216" count="1" timems="0.015" reason="excessive time being spent scavenging" timestamp="2019-08-02T22:33:21.373" />
<gc-end id="451" type="scavenge" contextid="446" durationms="3.493" usertimems="4.000" systemtimems="0.000" timestamp="2019-08-02T22:33:21.373" activeThreads="8">
  <mem-info id="452" free="2852600" total="9830400" percent="29">
    <mem type="nursery" free="1348456" total="3538944" percent="38">
      <mem type="allocate" free="1348456" total="2097152" percent="64" />
      <mem type="survivor" free="0" total="1441792" percent="0" />
    </mem>
    <mem type="tenure" free="1504144" total="6291456" percent="23">
      <mem type="soa" free="1252240" total="5977088" percent="20" />
      <mem type="loa" free="251904" total="314368" percent="80" />
    </mem>
    <remembered-set count="227" />
  </mem-info>
</gc-end>
<cycle-end id="453" type="scavenge" contextid="446" timestamp="2019-08-02T22:33:21.373" />
  <attribute name="elasticGC enabled" value="1" />
  <attribute name= "numThreadsSpecified" value="0" />
  <attribute name="heapSize specified" value="6291456" />
  <attribute name= "numCores" value="8" />
  <attribute name ="GC Interval" value="1800" />
  <attribute name ="Control flow" value="2" />
  <attribute name="GC Util Range Max" value="15" />
  <attribute name="Current GC Util" value="12" />
  <attribute name= "Current Time Running" value="1256" />
<allocation-satisfied id="454" threadId="0000000000D26F00" bytesRequested="16392" />
<af-end id="455" timestamp="2019-08-02T22:33:21.373" threadId="0000000000D27888" success="true" from="nursery"/>
<exclusive-end id="456" timestamp="2019-08-02T22:33:21.373" durationms="3.978" />

<exclusive-start id="457" timestamp="2019-08-02T22:33:21.386" intervalms="16.178">
  <response-info timems="0.120" idlems="0.120" threads="0" lastid="0000000000D2AB00" lastname="Thread-7" />
</exclusive-start>
<af-start id="458" threadId="0000000000D2B488" totalBytesRequested="16392" timestamp="2019-08-02T22:33:21.386" intervalms="16.183" type="nursery" />
<cycle-start id="459" type="scavenge" contextid="0" timestamp="2019-08-02T22:33:21.386" intervalms="16.146" />
<gc-start id="460" type="scavenge" contextid="459" timestamp="2019-08-02T22:33:21.386">
  <mem-info id="461" free="1504144" total="9830400" percent="15">
    <mem type="nursery" free="0" total="3538944" percent="0">
      <mem type="allocate" free="0" total="2097152" percent="0" />
      <mem type="survivor" free="0" total="1441792" percent="0" />
    </mem>
    <mem type="tenure" free="1504144" total="6291456" percent="23">
      <mem type="soa" free="1252240" total="5977088" percent="20" />
      <mem type="loa" free="251904" total="314368" percent="80" />
    </mem>
    <remembered-set count="405" />
  </mem-info>
</gc-start>
<allocation-stats totalBytes="1309360" >
  <allocated-bytes non-tlh="229456" tlh="1079904" />
  <largest-consumer threadName="Thread-4" threadId="0000000000D1F700" bytes="292664" />
</allocation-stats>
<gc-op id="462" type="scavenge" timems="0.462" contextid="459" timestamp="2019-08-02T22:33:21.386">
  <scavenger-info tenureage="1" tenuremask="7ffe" tiltratio="59" />
  <memory-copied type="nursery" objects="1381" bytes="576904" bytesdiscarded="309688" />
  <memory-copied type="tenure" objects="1386" bytes="734376" bytesdiscarded="560" />
</gc-op>
<gc-end id="463" type="scavenge" contextid="459" durationms="0.668" usertimems="0.000" systemtimems="0.000" timestamp="2019-08-02T22:33:21.386" activeThreads="8">
  <mem-info id="464" free="2264800" total="9830400" percent="23">
    <mem type="nursery" free="1472656" total="3538944" percent="41">
      <mem type="allocate" free="1472656" total="2359296" percent="62" />
      <mem type="survivor" free="0" total="1179648" percent="0" />
    </mem>
    <mem type="tenure" free="792144" total="6291456" percent="12">
      <mem type="soa" free="540240" total="5977088" percent="9" />
      <mem type="loa" free="251904" total="314368" percent="80" />
    </mem>
    <remembered-set count="261" />
  </mem-info>
</gc-end>
<cycle-end id="465" type="scavenge" contextid="459" timestamp="2019-08-02T22:33:21.387" />
  <attribute name="elasticGC enabled" value="1" />
  <attribute name= "numThreadsSpecified" value="0" />
  <attribute name="heapSize specified" value="6291456" />
  <attribute name= "numCores" value="8" />
  <attribute name ="GC Interval" value="1900" />
  <attribute name ="Control flow" value="2" />
  <attribute name="GC Util Range Max" value="15" />
  <attribute name="Current GC Util" value="25" />
  <attribute name= "Current Time Running" value="1272" />
<allocation-satisfied id="466" threadId="0000000000D2AB00" bytesRequested="16392" />
<af-end id="467" timestamp="2019-08-02T22:33:21.387" threadId="0000000000D2B488" success="true" from="nursery"/>
<exclusive-end id="468" timestamp="2019-08-02T22:33:21.387" durationms="1.117" />

<concurrent-kickoff id="469" timestamp="2019-08-02T22:33:21.396">
  <kickoff reason="threshold reached" targetBytes="2011331" thresholdFreeBytes="272010"  remainingFree="268416" tenureFreeBytes="792144" nurseryFreeBytes="268416" />
</concurrent-kickoff>
<exclusive-start id="470" timestamp="2019-08-02T22:33:21.396" intervalms="10.883">
  <response-info timems="0.113" idlems="0.113" threads="0" lastid="0000000000D2E700" lastname="Thread-8" />
</exclusive-start>
<cycle-start id="471" type="global" contextid="0" timestamp="2019-08-02T22:33:21.396" intervalms="81.032" />
<exclusive-end id="472" timestamp="2019-08-02T22:33:21.397" durationms="0.090" />

<exclusive-start id="473" timestamp="2019-08-02T22:33:21.400" intervalms="3.214">
  <response-info timems="0.035" idlems="0.035" threads="0" lastid="0000000000D23300" lastname="Thread-5" />
</exclusive-start>
<concurrent-collection-start id="474" timestamp="2019-08-02T22:33:21.400" intervalms="78.216" >
  <concurrent-trace-info reason="card cleaning threshold reached" tracedByMutators="834976" tracedByHelpers="957640" cardsCleaned="72" workStackOverflowCount="0" />
</concurrent-collection-start>
<gc-start id="475" type="global" contextid="471" timestamp="2019-08-02T22:33:21.400">
  <mem-info id="476" free="798400" total="9830400" percent="8">
    <mem type="nursery" free="6256" total="3538944" percent="0">
      <mem type="allocate" free="6256" total="2359296" percent="0" />
      <mem type="survivor" free="0" total="1179648" percent="0" />
    </mem>
    <mem type="tenure" free="792144" total="6291456" percent="12">
      <mem type="soa" free="540240" total="5977088" percent="9" />
      <mem type="loa" free="251904" total="314368" percent="80" />
    </mem>
    <remembered-set count="433" />
  </mem-info>
</gc-start>
<allocation-stats totalBytes="1415904" >
  <allocated-bytes non-tlh="213056" tlh="1202848" />
  <largest-consumer threadName="Thread-8" threadId="0000000000D2E700" bytes="434992" />
</allocation-stats>
<gc-op id="477" type="rs-scan" timems="1.645" contextid="471" timestamp="2019-08-02T22:33:21.402">
  <scan objectsFound="316" bytesTraced="58100" workStackOverflowCount="0" />
</gc-op>
<gc-op id="478" type="card-cleaning" timems="1.986" contextid="471" timestamp="2019-08-02T22:33:21.404">
  <card-cleaning cardsCleaned="0" bytesTraced="392600" workStackOverflowCount="0" />
</gc-op>
<gc-op id="479" type="mark" timems="4.820" contextid="471" timestamp="2019-08-02T22:33:21.409">
  <trace-info objectcount="920" scancount="805" scanbytes="214352" />
  <finalization candidates="25" enqueued="0" />
  <references type="soft" candidates="168" cleared="0" enqueued="0" dynamicThreshold="14" maxThreshold="32" />
  <references type="weak" candidates="247" cleared="0" enqueued="0" />
  <references type="phantom" candidates="75" cleared="0" enqueued="0" />
  <stringconstants candidates="3963" cleared="0"  />
</gc-op>
<gc-op id="480" type="sweep" timems="3.416" contextid="471" timestamp="2019-08-02T22:33:21.412" />
<mem-info id="481" free="4497464" total="9830400" percent="45">
  <mem type="nursery" free="1471872" total="3538944" percent="41">
    <mem type="allocate" free="1471872" total="2359296" percent="62" />
    <mem type="survivor" free="0" total="1179648" percent="0" />
  </mem>
  <mem type="tenure" free="3025592" total="6291456" percent="48" micro-fragmented="9036" macro-fragmented="0">
    <mem type="soa" free="2711224" total="5977088" percent="45" />
    <mem type="loa" free="314368" total="314368" percent="100" />
  </mem>
  <remembered-set count="364" />
</mem-info>
<gc-op id="482" type="compact" timems="12.042" contextid="471" timestamp="2019-08-02T22:33:21.425">
  <compact-info movecount="19670" movebytes="2542344" reason="no compaction" />
</gc-op>
<heap-resize id="483" type="contract" space="tenure" amount="65536" count="1" timems="0.015" reason="heap reconfiguration" timestamp="2019-08-02T22:33:21.425" />
<gc-end id="484" type="global" contextid="471" durationms="25.432" usertimems="24.000" systemtimems="4.000" timestamp="2019-08-02T22:33:21.425" activeThreads="8">
  <mem-info id="485" free="4395952" total="9764864" percent="45">
    <mem type="nursery" free="1484760" total="3538944" percent="41">
      <mem type="allocate" free="1484760" total="2359296" percent="62" />
      <mem type="survivor" free="0" total="1179648" percent="0" />
    </mem>
    <mem type="tenure" free="2911192" total="6225920" percent="46">
      <mem type="soa" free="2662360" total="5914624" percent="45" />
      <mem type="loa" free="248832" total="311296" percent="79" />
    </mem>
    <remembered-set count="364" />
  </mem-info>
</gc-end>
<cycle-end id="486" type="global" contextid="471" timestamp="2019-08-02T22:33:21.425" />
  <attribute name="elasticGC enabled" value="1" />
  <attribute name= "numThreadsSpecified" value="0" />
  <attribute name="heapSize specified" value="6225920" />
  <attribute name= "numCores" value="8" />
  <attribute name ="GC Interval" value="1900" />
  <attribute name ="Control flow" value="3" />
  <attribute name="GC Util Range Max" value="15" />
  <attribute name="Current GC Util" value="87" />
  <attribute name= "Current Time Running" value="1311" />
<concurrent-collection-end id="487" timestamp="2019-08-02T22:33:21.426" />
<exclusive-end id="488" timestamp="2019-08-02T22:33:21.426" durationms="25.972" />

<exclusive-start id="489" timestamp="2019-08-02T22:33:21.437" intervalms="37.761">
  <response-info timems="0.046" idlems="0.046" threads="0" lastid="0000000000D1F700" lastname="Thread-4" />
</exclusive-start>
<af-start id="490" threadId="0000000000D20088" totalBytesRequested="32776" timestamp="2019-08-02T22:33:21.438" intervalms="51.907" type="nursery" />
<cycle-start id="491" type="scavenge" contextid="0" timestamp="2019-08-02T22:33:21.438" intervalms="51.914" />
<gc-start id="492" type="scavenge" contextid="491" timestamp="2019-08-02T22:33:21.438">
  <mem-info id="493" free="2911192" total="9764864" percent="29">
    <mem type="nursery" free="0" total="3538944" percent="0">
      <mem type="allocate" free="0" total="2359296" percent="0" />
      <mem type="survivor" free="0" total="1179648" percent="0" />
    </mem>
    <mem type="tenure" free="2911192" total="6225920" percent="46">
      <mem type="soa" free="2662360" total="5914624" percent="45" />
      <mem type="loa" free="248832" total="311296" percent="79" />
    </mem>
    <remembered-set count="428" />
  </mem-info>
</gc-start>
<allocation-stats totalBytes="1386736" >
  <allocated-bytes non-tlh="81944" tlh="1304792" />
  <largest-consumer threadName="Thread-10" threadId="0000000000D35F00" bytes="380984" />
</allocation-stats>
<gc-op id="494" type="scavenge" timems="0.454" contextid="491" timestamp="2019-08-02T22:33:21.438">
  <scavenger-info tenureage="1" tenuremask="7ffe" tiltratio="66" />
  <memory-copied type="nursery" objects="2167" bytes="950760" bytesdiscarded="228816" />
  <memory-copied type="tenure" objects="985" bytes="365784" bytesdiscarded="240" />
  <copy-failed type="nursery" objects="264" bytes="132848" />
</gc-op>
<gc-end id="495" type="scavenge" contextid="491" durationms="0.657" usertimems="4.000" systemtimems="0.000" timestamp="2019-08-02T22:33:21.438" activeThreads="8">
  <mem-info id="496" free="2813256" total="9764864" percent="28">
    <mem type="nursery" free="589824" total="3538944" percent="16">
      <mem type="allocate" free="589824" total="1769472" percent="33" />
      <mem type="survivor" free="0" total="1769472" percent="0" />
    </mem>
    <mem type="tenure" free="2223432" total="6225920" percent="35">
      <mem type="soa" free="1974600" total="5914624" percent="33" />
      <mem type="loa" free="248832" total="311296" percent="79" />
    </mem>
    <remembered-set count="223" />
  </mem-info>
</gc-end>
<cycle-end id="497" type="scavenge" contextid="491" timestamp="2019-08-02T22:33:21.438" />
  <attribute name="elasticGC enabled" value="1" />
  <attribute name= "numThreadsSpecified" value="0" />
  <attribute name="heapSize specified" value="6225920" />
  <attribute name= "numCores" value="8" />
  <attribute name ="GC Interval" value="2000" />
  <attribute name ="Control flow" value="2" />
  <attribute name="GC Util Range Max" value="15" />
  <attribute name="Current GC Util" value="46" />
  <attribute name= "Current Time Running" value="1324" />
<allocation-satisfied id="498" threadId="0000000000D1F700" bytesRequested="32776" />
<af-end id="499" timestamp="2019-08-02T22:33:21.439" threadId="0000000000D20088" success="true" from="nursery"/>
<exclusive-end id="500" timestamp="2019-08-02T22:33:21.439" durationms="1.197" />

<exclusive-start id="501" timestamp="2019-08-02T22:33:21.452" intervalms="14.592">
  <response-info timems="0.052" idlems="0.052" threads="0" lastid="0000000000D1F700" lastname="Thread-4" />
</exclusive-start>
<af-start id="502" threadId="0000000000D20088" totalBytesRequested="16" timestamp="2019-08-02T22:33:21.452" intervalms="14.612" type="nursery" />
<cycle-start id="503" type="scavenge" contextid="0" timestamp="2019-08-02T22:33:21.452" intervalms="14.605" />
<gc-start id="504" type="scavenge" contextid="503" timestamp="2019-08-02T22:33:21.452">
  <mem-info id="505" free="2223432" total="9764864" percent="22">
    <mem type="nursery" free="0" total="3538944" percent="0">
      <mem type="allocate" free="0" total="1769472" percent="0" />
      <mem type="survivor" free="0" total="1769472" percent="0" />
    </mem>
    <mem type="tenure" free="2223432" total="6225920" percent="35">
      <mem type="soa" free="1974600" total="5914624" percent="33" />
      <mem type="loa" free="248832" total="311296" percent="79" />
    </mem>
    <remembered-set count="353" />
  </mem-info>
</gc-start>
<allocation-stats totalBytes="589624" >
  <allocated-bytes non-tlh="32776" tlh="556848" />
  <largest-consumer threadName="Thread-4" threadId="0000000000D1F700" bytes="192496" />
</allocation-stats>
<gc-op id="506" type="scavenge" timems="0.448" contextid="503" timestamp="2019-08-02T22:33:21.453">
  <scavenger-info tenureage="1" tenuremask="7ffe" tiltratio="50" />
  <memory-copied type="nursery" objects="742" bytes="132416" bytesdiscarded="205768" />
  <memory-copied type="tenure" objects="2103" bytes="947936" bytesdiscarded="1216" />
</gc-op>
<gc-end id="507" type="scavenge" contextid="503" durationms="0.650" usertimems="0.000" systemtimems="0.000" timestamp="2019-08-02T22:33:21.453" activeThreads="8">
  <mem-info id="508" free="2740336" total="9764864" percent="28">
    <mem type="nursery" free="1496816" total="3538944" percent="42">
      <mem type="allocate" free="1496816" total="1835008" percent="81" />
      <mem type="survivor" free="0" total="1703936" percent="0" />
    </mem>
    <mem type="tenure" free="1243520" total="6225920" percent="19">
      <mem type="soa" free="994688" total="5914624" percent="16" />
      <mem type="loa" free="248832" total="311296" percent="79" />
    </mem>
    <remembered-set count="266" />
  </mem-info>
</gc-end>
<cycle-end id="509" type="scavenge" contextid="503" timestamp="2019-08-02T22:33:21.453" />
  <attribute name="elasticGC enabled" value="1" />
  <attribute name= "numThreadsSpecified" value="0" />
  <attribute name="heapSize specified" value="6225920" />
  <attribute name= "numCores" value="8" />
  <attribute name ="GC Interval" value="2100" />
  <attribute name ="Control flow" value="3" />
  <attribute name="GC Util Range Max" value="15" />
  <attribute name="Current GC Util" value="11" />
  <attribute name= "Current Time Running" value="1339" />
<allocation-satisfied id="510" threadId="0000000000D1F700" bytesRequested="16" />
<af-end id="511" timestamp="2019-08-02T22:33:21.453" threadId="0000000000D20088" success="true" from="nursery"/>
<exclusive-end id="512" timestamp="2019-08-02T22:33:21.453" durationms="1.157" />

<concurrent-kickoff id="513" timestamp="2019-08-02T22:33:21.469">
  <kickoff reason="threshold reached" targetBytes="1951164" thresholdFreeBytes="265576"  remainingFree="235192" tenureFreeBytes="1243520" nurseryFreeBytes="235192" />
</concurrent-kickoff>
<exclusive-start id="514" timestamp="2019-08-02T22:33:21.469" intervalms="16.818">
  <response-info timems="0.042" idlems="0.042" threads="0" lastid="0000000000D1F700" lastname="Thread-4" />
</exclusive-start>
<cycle-start id="515" type="global" contextid="0" timestamp="2019-08-02T22:33:21.469" intervalms="72.417" />
<exclusive-end id="516" timestamp="2019-08-02T22:33:21.469" durationms="0.133" />

<exclusive-start id="517" timestamp="2019-08-02T22:33:21.479" intervalms="10.352">
  <response-info timems="0.101" idlems="0.051" threads="1" lastid="0000000000D26F00" lastname="Thread-6" />
</exclusive-start>
<af-start id="518" threadId="0000000000D36888" totalBytesRequested="8200" timestamp="2019-08-02T22:33:21.479" intervalms="27.151" type="nursery" />
<cycle-start id="519" type="scavenge" contextid="0" timestamp="2019-08-02T22:33:21.479" intervalms="27.162" />
<gc-start id="520" type="scavenge" contextid="519" timestamp="2019-08-02T22:33:21.479">
  <mem-info id="521" free="1243520" total="9764864" percent="12">
    <mem type="nursery" free="0" total="3538944" percent="0">
      <mem type="allocate" free="0" total="1835008" percent="0" />
      <mem type="survivor" free="0" total="1703936" percent="0" />
    </mem>
    <mem type="tenure" free="1243520" total="6225920" percent="19">
      <mem type="soa" free="994688" total="5914624" percent="16" />
      <mem type="loa" free="248832" total="311296" percent="79" />
    </mem>
    <remembered-set count="455" />
  </mem-info>
</gc-start>
<allocation-stats totalBytes="1485576" >
  <allocated-bytes non-tlh="180296" tlh="1305280" />
  <largest-consumer threadName="Thread-6" threadId="0000000000D26F00" bytes="526032" />
</allocation-stats>
<gc-op id="522" type="scavenge" timems="5.910" contextid="519" timestamp="2019-08-02T22:33:21.485">
  <scavenger-info tenureage="2" tenuremask="7ffc" tiltratio="51" />
  <memory-copied type="nursery" objects="2246" bytes="729808" bytesdiscarded="220040" />
  <references type="weak" candidates="1" cleared="0" enqueued="0" />
  <references type="phantom" candidates="1" cleared="0" enqueued="0" />
</gc-op>
<heap-resize id="523" type="expand" space="nursery" amount="393216" count="1" timems="0.017" reason="excessive time being spent scavenging" timestamp="2019-08-02T22:33:21.486" />
<gc-end id="524" type="scavenge" contextid="519" durationms="6.240" usertimems="12.000" systemtimems="0.000" timestamp="2019-08-02T22:33:21.486" activeThreads="8">
  <mem-info id="525" free="2390768" total="10158080" percent="23">
    <mem type="nursery" free="1147248" total="3932160" percent="29">
      <mem type="allocate" free="1147248" total="2097152" percent="54" />
      <mem type="survivor" free="0" total="1835008" percent="0" />
    </mem>
    <mem type="tenure" free="1243520" total="6225920" percent="19">
      <mem type="soa" free="994688" total="5914624" percent="16" />
      <mem type="loa" free="248832" total="311296" percent="79" />
    </mem>
    <remembered-set count="294" />
  </mem-info>
</gc-end>
<cycle-end id="526" type="scavenge" contextid="519" timestamp="2019-08-02T22:33:21.486" />
  <attribute name="elasticGC enabled" value="1" />
  <attribute name= "numThreadsSpecified" value="0" />
  <attribute name="heapSize specified" value="6225920" />
  <attribute name= "numCores" value="8" />
  <attribute name ="GC Interval" value="2100" />
  <attribute name ="Control flow" value="2" />
  <attribute name="GC Util Range Max" value="15" />
  <attribute name="Current GC Util" value="5" />
  <attribute name= "Current Time Running" value="1366" />
<allocation-satisfied id="527" threadId="0000000000D35F00" bytesRequested="8200" />
<af-end id="528" timestamp="2019-08-02T22:33:21.486" threadId="0000000000D36888" success="true" from="nursery"/>
<exclusive-end id="529" timestamp="2019-08-02T22:33:21.486" durationms="6.942" />

<exclusive-start id="530" timestamp="2019-08-02T22:33:21.486" intervalms="7.310">
  <response-info timems="0.100" idlems="0.040" threads="3" lastid="0000000000D35F00" lastname="Thread-10" />
</exclusive-start>
<concurrent-collection-start id="531" timestamp="2019-08-02T22:33:21.487" intervalms="86.793" >
  <concurrent-trace-info reason="card cleaning threshold reached" tracedByMutators="682880" tracedByHelpers="1924376" cardsCleaned="228" workStackOverflowCount="0" />
</concurrent-collection-start>
<gc-start id="532" type="global" contextid="515" timestamp="2019-08-02T22:33:21.487">
  <mem-info id="533" free="2214624" total="10158080" percent="21">
    <mem type="nursery" free="971104" total="3932160" percent="24">
      <mem type="allocate" free="971104" total="2097152" percent="46" />
      <mem type="survivor" free="0" total="1835008" percent="0" />
    </mem>
    <mem type="tenure" free="1243520" total="6225920" percent="19">
      <mem type="soa" free="994688" total="5914624" percent="16" />
      <mem type="loa" free="248832" total="311296" percent="79" />
    </mem>
    <remembered-set count="294" />
  </mem-info>
</gc-start>
<allocation-stats totalBytes="176144" >
  <allocated-bytes non-tlh="24592" tlh="151552" />
  <largest-consumer threadName="Thread-6" threadId="0000000000D26F00" bytes="40960" />
</allocation-stats>
<gc-op id="534" type="rs-scan" timems="0.199" contextid="515" timestamp="2019-08-02T22:33:21.487">
  <scan objectsFound="168" bytesTraced="29888" workStackOverflowCount="0" />
</gc-op>
<gc-op id="535" type="card-cleaning" timems="0.212" contextid="515" timestamp="2019-08-02T22:33:21.487">
  <card-cleaning cardsCleaned="113" bytesTraced="754112" workStackOverflowCount="0" />
</gc-op>
<gc-op id="536" type="mark" timems="0.526" contextid="515" timestamp="2019-08-02T22:33:21.488">
  <trace-info objectcount="280" scancount="241" scanbytes="6952" />
  <finalization candidates="25" enqueued="0" />
  <references type="soft" candidates="168" cleared="0" enqueued="0" dynamicThreshold="14" maxThreshold="32" />
  <references type="weak" candidates="247" cleared="0" enqueued="0" />
  <references type="phantom" candidates="74" cleared="0" enqueued="0" />
  <stringconstants candidates="3963" cleared="0"  />
</gc-op>
<gc-op id="537" type="sweep" timems="0.203" contextid="515" timestamp="2019-08-02T22:33:21.488" />
<gc-end id="538" type="global" contextid="515" durationms="1.986" usertimems="0.000" systemtimems="0.000" timestamp="2019-08-02T22:33:21.489" activeThreads="8">
  <mem-info id="539" free="3753112" total="10158080" percent="36">
    <mem type="nursery" free="1414752" total="3932160" percent="35">
      <mem type="allocate" free="1414752" total="2097152" percent="67" />
      <mem type="survivor" free="0" total="1835008" percent="0" />
    </mem>
    <mem type="tenure" free="2338360" total="6225920" percent="37" micro-fragmented="0" macro-fragmented="0">
      <mem type="soa" free="2027064" total="5914624" percent="34" />
      <mem type="loa" free="311296" total="311296" percent="100" />
    </mem>
    <remembered-set count="247" />
  </mem-info>
</gc-end>
<cycle-end id="540" type="global" contextid="515" timestamp="2019-08-02T22:33:21.489" />
  <attribute name="elasticGC enabled" value="1" />
  <attribute name= "numThreadsSpecified" value="0" />
  <attribute name="heapSize specified" value="6225920" />
  <attribute name= "numCores" value="8" />
  <attribute name ="GC Interval" value="2100" />
  <attribute name ="Control flow" value="3" />
  <attribute name="GC Util Range Max" value="15" />
  <attribute name="Current GC Util" value="45" />
  <attribute name= "Current Time Running" value="1375" />
<concurrent-collection-end id="541" timestamp="2019-08-02T22:33:21.489" />
<exclusive-end id="542" timestamp="2019-08-02T22:33:21.489" durationms="2.541" />

<exclusive-start id="543" timestamp="2019-08-02T22:33:21.502" intervalms="15.860">
  <response-info timems="0.055" idlems="0.055" threads="0" lastid="0000000000D1BB00" lastname="Thread-3" />
</exclusive-start>
<af-start id="544" threadId="0000000000D1C488" totalBytesRequested="32776" timestamp="2019-08-02T22:33:21.502" intervalms="23.118" type="nursery" />
<cycle-start id="545" type="scavenge" contextid="0" timestamp="2019-08-02T22:33:21.502" intervalms="23.107" />
<gc-start id="546" type="scavenge" contextid="545" timestamp="2019-08-02T22:33:21.503">
  <mem-info id="547" free="2338360" total="10158080" percent="23">
    <mem type="nursery" free="0" total="3932160" percent="0">
      <mem type="allocate" free="0" total="2097152" percent="0" />
      <mem type="survivor" free="0" total="1835008" percent="0" />
    </mem>
    <mem type="tenure" free="2338360" total="6225920" percent="37">
      <mem type="soa" free="2027064" total="5914624" percent="34" />
      <mem type="loa" free="311296" total="311296" percent="100" />
    </mem>
    <remembered-set count="402" />
  </mem-info>
</gc-start>
<allocation-stats totalBytes="1342432" >
  <allocated-bytes non-tlh="303224" tlh="1039208" />
  <largest-consumer threadName="Thread-7" threadId="0000000000D2AB00" bytes="440288" />
</allocation-stats>
<gc-op id="548" type="scavenge" timems="0.462" contextid="545" timestamp="2019-08-02T22:33:21.503">
  <scavenger-info tenureage="1" tenuremask="7ffe" tiltratio="53" />
  <memory-copied type="nursery" objects="1491" bytes="657544" bytesdiscarded="268984" />
  <memory-copied type="tenure" objects="2034" bytes="648248" bytesdiscarded="4240" />
</gc-op>
<gc-end id="549" type="scavenge" contextid="545" durationms="0.659" usertimems="0.000" systemtimems="0.000" timestamp="2019-08-02T22:33:21.503" activeThreads="8">
  <mem-info id="550" free="3136272" total="10158080" percent="30">
    <mem type="nursery" free="1498240" total="3932160" percent="38">
      <mem type="allocate" free="1498240" total="2424832" percent="61" />
      <mem type="survivor" free="0" total="1507328" percent="0" />
    </mem>
    <mem type="tenure" free="1638032" total="6225920" percent="26">
      <mem type="soa" free="1326736" total="5914624" percent="22" />
      <mem type="loa" free="311296" total="311296" percent="100" />
    </mem>
    <remembered-set count="254" />
  </mem-info>
</gc-end>
<cycle-end id="551" type="scavenge" contextid="545" timestamp="2019-08-02T22:33:21.503" />
  <attribute name="elasticGC enabled" value="1" />
  <attribute name= "numThreadsSpecified" value="0" />
  <attribute name="heapSize specified" value="6225920" />
  <attribute name= "numCores" value="8" />
  <attribute name ="GC Interval" value="2100" />
  <attribute name ="Control flow" value="3" />
  <attribute name="GC Util Range Max" value="15" />
  <attribute name="Current GC Util" value="14" />
  <attribute name= "Current Time Running" value="1389" />
<allocation-satisfied id="552" threadId="0000000000D1BB00" bytesRequested="32776" />
<af-end id="553" timestamp="2019-08-02T22:33:21.503" threadId="0000000000D1C488" success="true" from="nursery"/>
<exclusive-end id="554" timestamp="2019-08-02T22:33:21.503" durationms="1.099" />

<exclusive-start id="555" timestamp="2019-08-02T22:33:21.522" intervalms="19.866">
  <response-info timems="0.037" idlems="0.037" threads="0" lastid="0000000000D2AB00" lastname="Thread-7" />
</exclusive-start>
<af-start id="556" threadId="0000000000D2B488" totalBytesRequested="16392" timestamp="2019-08-02T22:33:21.522" intervalms="19.958" type="nursery" />
<cycle-start id="557" type="scavenge" contextid="0" timestamp="2019-08-02T22:33:21.522" intervalms="19.964" />
<gc-start id="558" type="scavenge" contextid="557" timestamp="2019-08-02T22:33:21.523">
  <mem-info id="559" free="1638032" total="10158080" percent="16">
    <mem type="nursery" free="0" total="3932160" percent="0">
      <mem type="allocate" free="0" total="2424832" percent="0" />
      <mem type="survivor" free="0" total="1507328" percent="0" />
    </mem>
    <mem type="tenure" free="1638032" total="6225920" percent="26">
      <mem type="soa" free="1326736" total="5914624" percent="22" />
      <mem type="loa" free="311296" total="311296" percent="100" />
    </mem>
    <remembered-set count="442" />
  </mem-info>
</gc-start>
<allocation-stats totalBytes="1388472" >
  <allocated-bytes non-tlh="98336" tlh="1290136" />
  <largest-consumer threadName="Thread-4" threadId="0000000000D1F700" bytes="716920" />
</allocation-stats>
<gc-op id="560" type="scavenge" timems="0.528" contextid="557" timestamp="2019-08-02T22:33:21.523">
  <scavenger-info tenureage="1" tenuremask="7ffe" tiltratio="61" />
  <memory-copied type="nursery" objects="1188" bytes="382096" bytesdiscarded="158096" />
  <memory-copied type="tenure" objects="1381" bytes="652288" bytesdiscarded="2608" />
  <references type="weak" candidates="1" cleared="0" enqueued="0" />
  <references type="phantom" candidates="2" cleared="0" enqueued="0" />
</gc-op>
<gc-end id="561" type="scavenge" contextid="557" durationms="0.734" usertimems="0.000" systemtimems="4.000" timestamp="2019-08-02T22:33:21.523" activeThreads="8">
  <mem-info id="562" free="2703976" total="10158080" percent="26">
    <mem type="nursery" free="2015672" total="3932160" percent="51">
      <mem type="allocate" free="2015672" total="2555904" percent="78" />
      <mem type="survivor" free="0" total="1376256" percent="0" />
    </mem>
    <mem type="tenure" free="688304" total="6225920" percent="11">
      <mem type="soa" free="377008" total="5914624" percent="6" />
      <mem type="loa" free="311296" total="311296" percent="100" />
    </mem>
    <remembered-set count="264" />
  </mem-info>
</gc-end>
<cycle-end id="563" type="scavenge" contextid="557" timestamp="2019-08-02T22:33:21.523" />
  <attribute name="elasticGC enabled" value="1" />
  <attribute name= "numThreadsSpecified" value="0" />
  <attribute name="heapSize specified" value="6225920" />
  <attribute name= "numCores" value="8" />
  <attribute name ="GC Interval" value="2100" />
  <attribute name ="Control flow" value="3" />
  <attribute name="GC Util Range Max" value="15" />
  <attribute name="Current GC Util" value="8" />
  <attribute name= "Current Time Running" value="1409" />
<allocation-satisfied id="564" threadId="0000000000D2AB00" bytesRequested="16392" />
<af-end id="565" timestamp="2019-08-02T22:33:21.523" threadId="0000000000D2B488" success="true" from="nursery"/>
<exclusive-end id="566" timestamp="2019-08-02T22:33:21.523" durationms="1.269" />

<concurrent-kickoff id="567" timestamp="2019-08-02T22:33:21.543">
  <kickoff reason="threshold reached" targetBytes="2070124" thresholdFreeBytes="277596"  remainingFree="246128" tenureFreeBytes="688304" nurseryFreeBytes="246128" />
</concurrent-kickoff>
<exclusive-start id="568" timestamp="2019-08-02T22:33:21.543" intervalms="20.662">
  <response-info timems="0.104" idlems="0.060" threads="1" lastid="0000000000D35F00" lastname="Thread-10" />
</exclusive-start>
<cycle-start id="569" type="global" contextid="0" timestamp="2019-08-02T22:33:21.543" intervalms="74.026" />
<exclusive-end id="570" timestamp="2019-08-02T22:33:21.543" durationms="0.114" />

<exclusive-start id="571" timestamp="2019-08-02T22:33:21.545" intervalms="2.284">
  <response-info timems="0.043" idlems="0.043" threads="0" lastid="0000000000D32300" lastname="Thread-9" />
</exclusive-start>
<af-start id="572" threadId="0000000000D32C88" totalBytesRequested="16392" timestamp="2019-08-02T22:33:21.545" intervalms="22.905" type="nursery" />
<cycle-start id="573" type="scavenge" contextid="0" timestamp="2019-08-02T22:33:21.545" intervalms="22.910" />
<gc-start id="574" type="scavenge" contextid="573" timestamp="2019-08-02T22:33:21.545">
  <mem-info id="575" free="688304" total="10158080" percent="6">
    <mem type="nursery" free="0" total="3932160" percent="0">
      <mem type="allocate" free="0" total="2555904" percent="0" />
      <mem type="survivor" free="0" total="1376256" percent="0" />
    </mem>
    <mem type="tenure" free="688304" total="6225920" percent="11">
      <mem type="soa" free="377008" total="5914624" percent="6" />
      <mem type="loa" free="311296" total="311296" percent="100" />
    </mem>
    <remembered-set count="453" />
  </mem-info>
</gc-start>
<allocation-stats totalBytes="1969616" >
  <allocated-bytes non-tlh="229448" tlh="1740168" />
  <largest-consumer threadName="Thread-5" threadId="0000000000D23300" bytes="759128" />
</allocation-stats>
<gc-op id="576" type="scavenge" timems="0.539" contextid="573" timestamp="2019-08-02T22:33:21.546">
  <scavenger-info tenureage="1" tenuremask="7ffe" tiltratio="65" />
  <memory-copied type="nursery" objects="1825" bytes="740288" bytesdiscarded="259256" />
  <memory-copied type="tenure" objects="807" bytes="290960" bytesdiscarded="376" />
  <copy-failed type="tenure" objects="270" bytes="77288" />
  <references type="phantom" candidates="1" cleared="0" enqueued="0" />
</gc-op>
<gc-end id="577" type="scavenge" contextid="573" durationms="0.762" usertimems="4.000" systemtimems="0.000" timestamp="2019-08-02T22:33:21.546" activeThreads="8">
  <mem-info id="578" free="1933120" total="10158080" percent="19">
    <mem type="nursery" free="1621824" total="3932160" percent="41">
      <mem type="allocate" free="1621824" total="2621440" percent="61" />
      <mem type="survivor" free="0" total="1310720" percent="0" />
    </mem>
    <mem type="tenure" free="311296" total="6225920" percent="5">
      <mem type="soa" free="0" total="5914624" percent="0" />
      <mem type="loa" free="311296" total="311296" percent="100" />
    </mem>
    <remembered-set count="290" />
  </mem-info>
</gc-end>
<cycle-end id="579" type="scavenge" contextid="573" timestamp="2019-08-02T22:33:21.546" />
  <attribute name="elasticGC enabled" value="1" />
  <attribute name= "numThreadsSpecified" value="0" />
  <attribute name="heapSize specified" value="6225920" />
  <attribute name= "numCores" value="8" />
  <attribute name ="GC Interval" value="2100" />
  <attribute name ="Control flow" value="2" />
  <attribute name="GC Util Range Max" value="15" />
  <attribute name="Current GC Util" value="7" />
  <attribute name= "Current Time Running" value="1432" />
<allocation-satisfied id="580" threadId="0000000000D32300" bytesRequested="16392" />
<af-end id="581" timestamp="2019-08-02T22:33:21.546" threadId="0000000000D32C88" success="true" from="nursery"/>
<exclusive-end id="582" timestamp="2019-08-02T22:33:21.546" durationms="1.267" />

<exclusive-start id="583" timestamp="2019-08-02T22:33:21.565" intervalms="20.180">
  <response-info timems="0.104" idlems="0.047" threads="2" lastid="0000000000D1F700" lastname="Thread-4" />
</exclusive-start>
<af-start id="584" threadId="0000000000D1C488" totalBytesRequested="48" timestamp="2019-08-02T22:33:21.565" intervalms="20.132" type="nursery" />
<percolate-collect id="585" from="nursery" to="global" reason="concurrent mark exhausted" timestamp="2019-08-02T22:33:21.566"/>
<gc-start id="586" type="global" contextid="569" timestamp="2019-08-02T22:33:21.566">
  <mem-info id="587" free="311296" total="10158080" percent="3">
    <mem type="nursery" free="0" total="3932160" percent="0">
      <mem type="allocate" free="0" total="2621440" percent="0" />
      <mem type="survivor" free="0" total="1310720" percent="0" />
    </mem>
    <mem type="tenure" free="311296" total="6225920" percent="5">
      <mem type="soa" free="0" total="5914624" percent="0" />
      <mem type="loa" free="311296" total="311296" percent="100" />
    </mem>
    <remembered-set count="405" />
  </mem-info>
</gc-start>
<allocation-stats totalBytes="1576920" >
  <allocated-bytes non-tlh="163888" tlh="1413032" />
  <largest-consumer threadName="Thread-9" threadId="0000000000D32300" bytes="609952" />
</allocation-stats>
<concurrent-halted id="588" timestamp="2019-08-02T22:33:21.566">
  <halted state="Complete" status="exhausted" />
  <traced bytesTarget="2070124" bytesTotal="2198568" bytesByMutator="1028392" bytesByHelper="1170176" percent="106" />
  <cards cleaned="270" thresholdBytes="109356" />
</concurrent-halted>
<gc-op id="589" type="rs-scan" timems="0.214" contextid="569" timestamp="2019-08-02T22:33:21.566">
  <scan objectsFound="211" bytesTraced="30372" workStackOverflowCount="0" />
</gc-op>
<gc-op id="590" type="card-cleaning" timems="0.223" contextid="569" timestamp="2019-08-02T22:33:21.566">
  <card-cleaning cardsCleaned="59" bytesTraced="753928" workStackOverflowCount="0" />
</gc-op>
<gc-op id="591" type="mark" timems="0.491" contextid="569" timestamp="2019-08-02T22:33:21.567">
  <trace-info objectcount="248" scancount="215" scanbytes="5968" />
  <finalization candidates="25" enqueued="0" />
  <references type="soft" candidates="168" cleared="0" enqueued="0" dynamicThreshold="12" maxThreshold="32" />
  <references type="weak" candidates="246" cleared="0" enqueued="0" />
  <references type="phantom" candidates="74" cleared="0" enqueued="0" />
  <stringconstants candidates="3963" cleared="0"  />
</gc-op>
<gc-op id="592" type="sweep" timems="0.198" contextid="569" timestamp="2019-08-02T22:33:21.567" />
<mem-info id="593" free="4293120" total="10158080" percent="42">
  <mem type="nursery" free="1621424" total="3932160" percent="41">
    <mem type="allocate" free="1621424" total="2621440" percent="61" />
    <mem type="survivor" free="0" total="1310720" percent="0" />
  </mem>
  <mem type="tenure" free="2671696" total="6225920" percent="42" micro-fragmented="10828" macro-fragmented="0">
    <mem type="soa" free="2360400" total="5914624" percent="39" />
    <mem type="loa" free="311296" total="311296" percent="100" />
  </mem>
  <remembered-set count="307" />
</mem-info>
<gc-op id="594" type="compact" timems="4.614" contextid="569" timestamp="2019-08-02T22:33:21.572">
  <compact-info movecount="14039" movebytes="2545648" reason="no compaction" />
</gc-op>
<gc-end id="595" type="global" contextid="569" durationms="6.590" usertimems="12.000" systemtimems="0.000" timestamp="2019-08-02T22:33:21.572" activeThreads="8">
  <mem-info id="596" free="4323640" total="10158080" percent="42">
    <mem type="nursery" free="1637768" total="3932160" percent="41">
      <mem type="allocate" free="1637768" total="2621440" percent="62" />
      <mem type="survivor" free="0" total="1310720" percent="0" />
    </mem>
    <mem type="tenure" free="2685872" total="6225920" percent="43">
      <mem type="soa" free="2374576" total="5914624" percent="40" />
      <mem type="loa" free="311296" total="311296" percent="100" />
    </mem>
    <remembered-set count="307" />
  </mem-info>
</gc-end>
<cycle-end id="597" type="global" contextid="569" timestamp="2019-08-02T22:33:21.572" />
  <attribute name="elasticGC enabled" value="1" />
  <attribute name= "numThreadsSpecified" value="0" />
  <attribute name="heapSize specified" value="10158080" />
  <attribute name= "numCores" value="8" />
  <attribute name ="GC Interval" value="2100" />
  <attribute name ="Control flow" value="2" />
  <attribute name="GC Util Range Max" value="15" />
  <attribute name="Current GC Util" value="47" />
  <attribute name= "Current Time Running" value="1458" />
<allocation-satisfied id="598" threadId="0000000000D1BB00" bytesRequested="48" />
<af-end id="599" timestamp="2019-08-02T22:33:21.573" threadId="0000000000D1C488" success="true" from="nursery"/>
<exclusive-end id="600" timestamp="2019-08-02T22:33:21.573" durationms="7.393" />

<exclusive-start id="601" timestamp="2019-08-02T22:33:21.591" intervalms="25.453">
  <response-info timems="0.045" idlems="0.045" threads="0" lastid="0000000000D2AB00" lastname="Thread-7" />
</exclusive-start>
<af-start id="602" threadId="0000000000D2B488" totalBytesRequested="48" timestamp="2019-08-02T22:33:21.591" intervalms="25.524" type="nursery" />
<cycle-start id="603" type="scavenge" contextid="0" timestamp="2019-08-02T22:33:21.591" intervalms="45.648" />
<gc-start id="604" type="scavenge" contextid="603" timestamp="2019-08-02T22:33:21.591">
  <mem-info id="605" free="2685872" total="10158080" percent="26">
    <mem type="nursery" free="0" total="3932160" percent="0">
      <mem type="allocate" free="0" total="2621440" percent="0" />
      <mem type="survivor" free="0" total="1310720" percent="0" />
    </mem>
    <mem type="tenure" free="2685872" total="6225920" percent="43">
      <mem type="soa" free="2374576" total="5914624" percent="40" />
      <mem type="loa" free="311296" total="311296" percent="100" />
    </mem>
    <remembered-set count="425" />
  </mem-info>
</gc-start>
<allocation-stats totalBytes="1580264" >
  <allocated-bytes non-tlh="196712" tlh="1383552" />
  <largest-consumer threadName="Thread-3" threadId="0000000000D1BB00" bytes="420656" />
</allocation-stats>
<gc-op id="606" type="scavenge" timems="0.474" contextid="603" timestamp="2019-08-02T22:33:21.592">
  <scavenger-info tenureage="1" tenuremask="7ffe" tiltratio="66" />
  <memory-copied type="nursery" objects="2552" bytes="1049176" bytesdiscarded="261472" />
  <memory-copied type="tenure" objects="1152" bytes="484432" bytesdiscarded="1272" />
  <copy-failed type="nursery" objects="66" bytes="9776" />
</gc-op>
<gc-end id="607" type="scavenge" contextid="603" durationms="0.684" usertimems="0.000" systemtimems="0.000" timestamp="2019-08-02T22:33:21.592" activeThreads="8">
  <mem-info id="608" free="2881528" total="10158080" percent="28">
    <mem type="nursery" free="1048576" total="3932160" percent="26">
      <mem type="allocate" free="1048576" total="2359296" percent="44" />
      <mem type="survivor" free="0" total="1572864" percent="0" />
    </mem>
    <mem type="tenure" free="1832952" total="6225920" percent="29">
      <mem type="soa" free="1521656" total="5914624" percent="25" />
      <mem type="loa" free="311296" total="311296" percent="100" />
    </mem>
    <remembered-set count="256" />
  </mem-info>
</gc-end>
<cycle-end id="609" type="scavenge" contextid="603" timestamp="2019-08-02T22:33:21.592" />
  <attribute name="elasticGC enabled" value="1" />
  <attribute name= "numThreadsSpecified" value="0" />
  <attribute name="heapSize specified" value="10158080" />
  <attribute name= "numCores" value="8" />
  <attribute name ="GC Interval" value="2300" />
  <attribute name ="Control flow" value="2" />
  <attribute name="GC Util Range Max" value="15" />
  <attribute name="Current GC Util" value="57" />
  <attribute name= "Current Time Running" value="1478" />
<allocation-satisfied id="610" threadId="0000000000D2AB00" bytesRequested="48" />
<af-end id="611" timestamp="2019-08-02T22:33:21.592" threadId="0000000000D2B488" success="true" from="nursery"/>
<exclusive-end id="612" timestamp="2019-08-02T22:33:21.592" durationms="1.195" />

<exclusive-start id="613" timestamp="2019-08-02T22:33:21.611" intervalms="20.336">
  <response-info timems="0.067" idlems="0.067" threads="0" lastid="0000000000D1BB00" lastname="Thread-3" />
</exclusive-start>
<af-start id="614" threadId="0000000000D1C488" totalBytesRequested="16392" timestamp="2019-08-02T22:33:21.611" intervalms="20.291" type="nursery" />
<cycle-start id="615" type="scavenge" contextid="0" timestamp="2019-08-02T22:33:21.611" intervalms="20.286" />
<gc-start id="616" type="scavenge" contextid="615" timestamp="2019-08-02T22:33:21.611">
  <mem-info id="617" free="1832952" total="10158080" percent="18">
    <mem type="nursery" free="0" total="3932160" percent="0">
      <mem type="allocate" free="0" total="2359296" percent="0" />
      <mem type="survivor" free="0" total="1572864" percent="0" />
    </mem>
    <mem type="tenure" free="1832952" total="6225920" percent="29">
      <mem type="soa" free="1521656" total="5914624" percent="25" />
      <mem type="loa" free="311296" total="311296" percent="100" />
    </mem>
    <remembered-set count="399" />
  </mem-info>
</gc-start>
<allocation-stats totalBytes="968536" >
  <allocated-bytes non-tlh="81992" tlh="886544" />
  <largest-consumer threadName="Thread-8" threadId="0000000000D2E700" bytes="431200" />
</allocation-stats>
<gc-op id="618" type="scavenge" timems="0.424" contextid="615" timestamp="2019-08-02T22:33:21.612">
  <scavenger-info tenureage="1" tenuremask="7ffe" tiltratio="60" />
  <memory-copied type="nursery" objects="843" bytes="343520" bytesdiscarded="208544" />
  <memory-copied type="tenure" objects="2018" bytes="833128" bytesdiscarded="224" />
</gc-op>
<gc-end id="619" type="scavenge" contextid="615" durationms="0.614" usertimems="4.000" systemtimems="0.000" timestamp="2019-08-02T22:33:21.612" activeThreads="8">
  <mem-info id="620" free="2834640" total="10158080" percent="27">
    <mem type="nursery" free="1872736" total="3932160" percent="47">
      <mem type="allocate" free="1872736" total="2424832" percent="77" />
      <mem type="survivor" free="0" total="1507328" percent="0" />
    </mem>
    <mem type="tenure" free="961904" total="6225920" percent="15">
      <mem type="soa" free="650608" total="5914624" percent="10" />
      <mem type="loa" free="311296" total="311296" percent="100" />
    </mem>
    <remembered-set count="249" />
  </mem-info>
</gc-end>
<cycle-end id="621" type="scavenge" contextid="615" timestamp="2019-08-02T22:33:21.612" />
  <attribute name="elasticGC enabled" value="1" />
  <attribute name= "numThreadsSpecified" value="0" />
  <attribute name="heapSize specified" value="10158080" />
  <attribute name= "numCores" value="8" />
  <attribute name ="GC Interval" value="2400" />
  <attribute name ="Control flow" value="2" />
  <attribute name="GC Util Range Max" value="15" />
  <attribute name="Current GC Util" value="8" />
  <attribute name= "Current Time Running" value="1498" />
<allocation-satisfied id="622" threadId="0000000000D1BB00" bytesRequested="16392" />
<af-end id="623" timestamp="2019-08-02T22:33:21.612" threadId="0000000000D1C488" success="true" from="nursery"/>
<exclusive-end id="624" timestamp="2019-08-02T22:33:21.612" durationms="1.080" />

<concurrent-kickoff id="625" timestamp="2019-08-02T22:33:21.631">
  <kickoff reason="threshold reached" targetBytes="2101164" thresholdFreeBytes="277592"  remainingFree="242520" tenureFreeBytes="961904" nurseryFreeBytes="242520" />
</concurrent-kickoff>
<exclusive-start id="626" timestamp="2019-08-02T22:33:21.631" intervalms="19.899">
  <response-info timems="0.046" idlems="0.046" threads="0" lastid="0000000000D32300" lastname="Thread-9" />
</exclusive-start>
<cycle-start id="627" type="global" contextid="0" timestamp="2019-08-02T22:33:21.631" intervalms="88.152" />
<exclusive-end id="628" timestamp="2019-08-02T22:33:21.631" durationms="0.108" />

<exclusive-start id="629" timestamp="2019-08-02T22:33:21.642" intervalms="10.720">
  <response-info timems="0.037" idlems="0.037" threads="0" lastid="0000000000D35F00" lastname="Thread-10" />
</exclusive-start>
<af-start id="630" threadId="0000000000D36888" totalBytesRequested="16392" timestamp="2019-08-02T22:33:21.642" intervalms="30.696" type="nursery" />
<cycle-start id="631" type="scavenge" contextid="0" timestamp="2019-08-02T22:33:21.642" intervalms="30.698" />
<gc-start id="632" type="scavenge" contextid="631" timestamp="2019-08-02T22:33:21.642">
  <mem-info id="633" free="961904" total="10158080" percent="9">
    <mem type="nursery" free="0" total="3932160" percent="0">
      <mem type="allocate" free="0" total="2424832" percent="0" />
      <mem type="survivor" free="0" total="1507328" percent="0" />
    </mem>
    <mem type="tenure" free="961904" total="6225920" percent="15">
      <mem type="soa" free="650608" total="5914624" percent="10" />
      <mem type="loa" free="311296" total="311296" percent="100" />
    </mem>
    <remembered-set count="440" />
  </mem-info>
</gc-start>
<allocation-stats totalBytes="1811056" >
  <allocated-bytes non-tlh="131112" tlh="1679944" />
  <largest-consumer threadName="Thread-9" threadId="0000000000D32300" bytes="442704" />
</allocation-stats>
<gc-op id="634" type="scavenge" timems="1.257" contextid="631" timestamp="2019-08-02T22:33:21.643">
  <scavenger-info tenureage="1" tenuremask="7ffe" tiltratio="61" />
  <memory-copied type="nursery" objects="2149" bytes="759672" bytesdiscarded="143048" />
  <memory-copied type="tenure" objects="747" bytes="339056" bytesdiscarded="24" />
  <references type="weak" candidates="1" cleared="0" enqueued="0" />
  <references type="phantom" candidates="1" cleared="0" enqueued="0" />
</gc-op>
<gc-end id="635" type="scavenge" contextid="631" durationms="1.455" usertimems="4.000" systemtimems="0.000" timestamp="2019-08-02T22:33:21.644" activeThreads="8">
  <mem-info id="636" free="2170824" total="10158080" percent="21">
    <mem type="nursery" free="1587592" total="3932160" percent="40">
      <mem type="allocate" free="1587592" total="2490368" percent="63" />
      <mem type="survivor" free="0" total="1441792" percent="0" />
    </mem>
    <mem type="tenure" free="583232" total="6225920" percent="9">
      <mem type="soa" free="271936" total="5914624" percent="4" />
      <mem type="loa" free="311296" total="311296" percent="100" />
    </mem>
    <remembered-set count="281" />
  </mem-info>
</gc-end>
<cycle-end id="637" type="scavenge" contextid="631" timestamp="2019-08-02T22:33:21.644" />
  <attribute name="elasticGC enabled" value="1" />
  <attribute name= "numThreadsSpecified" value="0" />
  <attribute name="heapSize specified" value="10158080" />
  <attribute name= "numCores" value="8" />
  <attribute name ="GC Interval" value="2400" />
  <attribute name ="Control flow" value="3" />
  <attribute name="GC Util Range Max" value="15" />
  <attribute name="Current GC Util" value="4" />
  <attribute name= "Current Time Running" value="1529" />
<allocation-satisfied id="638" threadId="0000000000D35F00" bytesRequested="16392" />
<af-end id="639" timestamp="2019-08-02T22:33:21.644" threadId="0000000000D36888" success="true" from="nursery"/>
<exclusive-end id="640" timestamp="2019-08-02T22:33:21.644" durationms="2.005" />

<exclusive-start id="641" timestamp="2019-08-02T22:33:21.644" intervalms="2.288">
  <response-info timems="0.028" idlems="0.028" threads="0" lastid="0000000000D1BB00" lastname="Thread-3" />
</exclusive-start>
<concurrent-collection-start id="642" timestamp="2019-08-02T22:33:21.644" intervalms="157.531" >
  <concurrent-trace-info reason="card cleaning threshold reached" tracedByMutators="668672" tracedByHelpers="1556596" cardsCleaned="221" workStackOverflowCount="0" />
</concurrent-collection-start>
<gc-start id="643" type="global" contextid="627" timestamp="2019-08-02T22:33:21.644">
  <mem-info id="644" free="2060224" total="10158080" percent="20">
    <mem type="nursery" free="1476992" total="3932160" percent="37">
      <mem type="allocate" free="1476992" total="2490368" percent="59" />
      <mem type="survivor" free="0" total="1441792" percent="0" />
    </mem>
    <mem type="tenure" free="583232" total="6225920" percent="9">
      <mem type="soa" free="271936" total="5914624" percent="4" />
      <mem type="loa" free="311296" total="311296" percent="100" />
    </mem>
    <remembered-set count="281" />
  </mem-info>
</gc-start>
<allocation-stats totalBytes="110600" >
  <allocated-bytes non-tlh="16392" tlh="94208" />
  <largest-consumer threadName="Thread-10" threadId="0000000000D35F00" bytes="36872" />
</allocation-stats>
<gc-op id="645" type="rs-scan" timems="0.136" contextid="627" timestamp="2019-08-02T22:33:21.644">
  <scan objectsFound="127" bytesTraced="25868" workStackOverflowCount="0" />
</gc-op>
<gc-op id="646" type="card-cleaning" timems="0.230" contextid="627" timestamp="2019-08-02T22:33:21.645">
  <card-cleaning cardsCleaned="127" bytesTraced="789368" workStackOverflowCount="0" />
</gc-op>
<gc-op id="647" type="mark" timems="0.474" contextid="627" timestamp="2019-08-02T22:33:21.645">
  <trace-info objectcount="279" scancount="240" scanbytes="7032" />
  <finalization candidates="25" enqueued="0" />
  <references type="soft" candidates="168" cleared="0" enqueued="0" dynamicThreshold="13" maxThreshold="32" />
  <references type="weak" candidates="247" cleared="0" enqueued="0" />
  <references type="phantom" candidates="74" cleared="0" enqueued="0" />
  <stringconstants candidates="3963" cleared="0"  />
</gc-op>
<gc-op id="648" type="sweep" timems="0.225" contextid="627" timestamp="2019-08-02T22:33:21.646" />
<gc-end id="649" type="global" contextid="627" durationms="1.850" usertimems="4.000" systemtimems="0.000" timestamp="2019-08-02T22:33:21.646" activeThreads="8">
  <mem-info id="650" free="4129560" total="10158080" percent="40">
    <mem type="nursery" free="1787312" total="3932160" percent="45">
      <mem type="allocate" free="1787312" total="2490368" percent="71" />
      <mem type="survivor" free="0" total="1441792" percent="0" />
    </mem>
    <mem type="tenure" free="2342248" total="6225920" percent="37" micro-fragmented="0" macro-fragmented="0">
      <mem type="soa" free="2030952" total="5914624" percent="34" />
      <mem type="loa" free="311296" total="311296" percent="100" />
    </mem>
    <remembered-set count="238" />
  </mem-info>
</gc-end>
<cycle-end id="651" type="global" contextid="627" timestamp="2019-08-02T22:33:21.646" />
  <attribute name="elasticGC enabled" value="1" />
  <attribute name= "numThreadsSpecified" value="0" />
  <attribute name="heapSize specified" value="10158080" />
  <attribute name= "numCores" value="8" />
  <attribute name ="GC Interval" value="2400" />
  <attribute name ="Control flow" value="2" />
  <attribute name="GC Util Range Max" value="15" />
  <attribute name="Current GC Util" value="43" />
  <attribute name= "Current Time Running" value="1532" />
<concurrent-collection-end id="652" timestamp="2019-08-02T22:33:21.646" />
<exclusive-end id="653" timestamp="2019-08-02T22:33:21.646" durationms="2.363" />

<exclusive-start id="654" timestamp="2019-08-02T22:33:21.672" intervalms="28.311">
  <response-info timems="0.048" idlems="0.048" threads="0" lastid="0000000000D2E700" lastname="Thread-8" />
</exclusive-start>
<af-start id="655" threadId="0000000000D2F088" totalBytesRequested="32776" timestamp="2019-08-02T22:33:21.672" intervalms="30.539" type="nursery" />
<cycle-start id="656" type="scavenge" contextid="0" timestamp="2019-08-02T22:33:21.673" intervalms="30.530" />
<gc-start id="657" type="scavenge" contextid="656" timestamp="2019-08-02T22:33:21.673">
  <mem-info id="658" free="2342248" total="10158080" percent="23">
    <mem type="nursery" free="0" total="3932160" percent="0">
      <mem type="allocate" free="0" total="2490368" percent="0" />
      <mem type="survivor" free="0" total="1441792" percent="0" />
    </mem>
    <mem type="tenure" free="2342248" total="6225920" percent="37">
      <mem type="soa" free="2030952" total="5914624" percent="34" />
      <mem type="loa" free="311296" total="311296" percent="100" />
    </mem>
    <remembered-set count="436" />
  </mem-info>
</gc-start>
<allocation-stats totalBytes="1741024" >
  <allocated-bytes non-tlh="311408" tlh="1429616" />
  <largest-consumer threadName="Thread-6" threadId="0000000000D26F00" bytes="472384" />
</allocation-stats>
<gc-op id="659" type="scavenge" timems="0.476" contextid="656" timestamp="2019-08-02T22:33:21.673">
  <scavenger-info tenureage="1" tenuremask="7ffe" tiltratio="63" />
  <memory-copied type="nursery" objects="1560" bytes="685080" bytesdiscarded="292680" />
  <memory-copied type="tenure" objects="1946" bytes="670192" bytesdiscarded="2976" />
</gc-op>
<gc-end id="660" type="scavenge" contextid="656" durationms="0.650" usertimems="0.000" systemtimems="0.000" timestamp="2019-08-02T22:33:21.673" activeThreads="8">
  <mem-info id="661" free="3154232" total="10158080" percent="31">
    <mem type="nursery" free="1578080" total="3932160" percent="40">
      <mem type="allocate" free="1578080" total="2555904" percent="61" />
      <mem type="survivor" free="0" total="1376256" percent="0" />
    </mem>
    <mem type="tenure" free="1576152" total="6225920" percent="25">
      <mem type="soa" free="1264856" total="5914624" percent="21" />
      <mem type="loa" free="311296" total="311296" percent="100" />
    </mem>
    <remembered-set count="271" />
  </mem-info>
</gc-end>
<cycle-end id="662" type="scavenge" contextid="656" timestamp="2019-08-02T22:33:21.673" />
  <attribute name="elasticGC enabled" value="1" />
  <attribute name= "numThreadsSpecified" value="0" />
  <attribute name="heapSize specified" value="10158080" />
  <attribute name= "numCores" value="8" />
  <attribute name ="GC Interval" value="2500" />
  <attribute name ="Control flow" value="3" />
  <attribute name="GC Util Range Max" value="15" />
  <attribute name="Current GC Util" value="7" />
  <attribute name= "Current Time Running" value="1559" />
<allocation-satisfied id="663" threadId="0000000000D2E700" bytesRequested="32776" />
<af-end id="664" timestamp="2019-08-02T22:33:21.673" threadId="0000000000D2F088" success="true" from="nursery"/>
<exclusive-end id="665" timestamp="2019-08-02T22:33:21.673" durationms="1.083" />

<exclusive-start id="666" timestamp="2019-08-02T22:33:21.695" intervalms="22.830">
  <response-info timems="0.131" idlems="0.075" threads="1" lastid="0000000000D35F00" lastname="Thread-10" />
</exclusive-start>
<af-start id="667" threadId="0000000000D2B488" totalBytesRequested="16392" timestamp="2019-08-02T22:33:21.695" intervalms="22.824" type="nursery" />
<cycle-start id="668" type="scavenge" contextid="0" timestamp="2019-08-02T22:33:21.695" intervalms="22.837" />
<gc-start id="669" type="scavenge" contextid="668" timestamp="2019-08-02T22:33:21.695">
  <mem-info id="670" free="1576152" total="10158080" percent="15">
    <mem type="nursery" free="0" total="3932160" percent="0">
      <mem type="allocate" free="0" total="2555904" percent="0" />
      <mem type="survivor" free="0" total="1376256" percent="0" />
    </mem>
    <mem type="tenure" free="1576152" total="6225920" percent="25">
      <mem type="soa" free="1264856" total="5914624" percent="21" />
      <mem type="loa" free="311296" total="311296" percent="100" />
    </mem>
    <remembered-set count="444" />
  </mem-info>
</gc-start>
<allocation-stats totalBytes="1504720" >
  <allocated-bytes non-tlh="147496" tlh="1357224" />
  <largest-consumer threadName="Thread-8" threadId="0000000000D2E700" bytes="536736" />
</allocation-stats>
<gc-op id="671" type="scavenge" timems="0.495" contextid="668" timestamp="2019-08-02T22:33:21.696">
  <scavenger-info tenureage="1" tenuremask="7ffe" tiltratio="65" />
  <memory-copied type="nursery" objects="1284" bytes="476184" bytesdiscarded="279320" />
  <memory-copied type="tenure" objects="808" bytes="361008" bytesdiscarded="1200" />
  <references type="weak" candidates="1" cleared="0" enqueued="0" />
  <references type="phantom" candidates="2" cleared="0" enqueued="0" />
</gc-op>
<gc-end id="672" type="scavenge" contextid="668" durationms="0.702" usertimems="0.000" systemtimems="0.000" timestamp="2019-08-02T22:33:21.696" activeThreads="8">
  <mem-info id="673" free="3183408" total="10158080" percent="31">
    <mem type="nursery" free="1931432" total="3932160" percent="49">
      <mem type="allocate" free="1931432" total="2686976" percent="71" />
      <mem type="survivor" free="0" total="1245184" percent="0" />
    </mem>
    <mem type="tenure" free="1251976" total="6225920" percent="20">
      <mem type="soa" free="940680" total="5914624" percent="15" />
      <mem type="loa" free="311296" total="311296" percent="100" />
    </mem>
    <remembered-set count="238" />
  </mem-info>
</gc-end>
<cycle-end id="674" type="scavenge" contextid="668" timestamp="2019-08-02T22:33:21.696" />
  <attribute name="elasticGC enabled" value="1" />
  <attribute name= "numThreadsSpecified" value="0" />
  <attribute name="heapSize specified" value="10158080" />
  <attribute name= "numCores" value="8" />
  <attribute name ="GC Interval" value="2500" />
  <attribute name ="Control flow" value="2" />
  <attribute name="GC Util Range Max" value="15" />
  <attribute name="Current GC Util" value="7" />
  <attribute name= "Current Time Running" value="1582" />
<allocation-satisfied id="675" threadId="0000000000D2AB00" bytesRequested="16392" />
<af-end id="676" timestamp="2019-08-02T22:33:21.696" threadId="0000000000D2B488" success="true" from="nursery"/>
<exclusive-end id="677" timestamp="2019-08-02T22:33:21.696" durationms="1.196" />

<concurrent-kickoff id="678" timestamp="2019-08-02T22:33:21.708">
  <kickoff reason="threshold reached" targetBytes="2128204" thresholdFreeBytes="280038"  remainingFree="260176" tenureFreeBytes="1251976" nurseryFreeBytes="260176" />
</concurrent-kickoff>
<exclusive-start id="679" timestamp="2019-08-02T22:33:21.708" intervalms="13.080">
  <response-info timems="0.229" idlems="0.127" threads="1" lastid="0000000000D32300" lastname="Thread-9" />
</exclusive-start>
<cycle-start id="680" type="global" contextid="0" timestamp="2019-08-02T22:33:21.708" intervalms="77.267" />
<exclusive-end id="681" timestamp="2019-08-02T22:33:21.708" durationms="0.154" />

<exclusive-start id="682" timestamp="2019-08-02T22:33:21.712" intervalms="3.613">
  <response-info timems="0.045" idlems="0.045" threads="0" lastid="0000000000D23300" lastname="Thread-5" />
</exclusive-start>
<af-start id="683" threadId="0000000000D23C88" totalBytesRequested="16392" timestamp="2019-08-02T22:33:21.712" intervalms="16.774" type="nursery" />
<cycle-start id="684" type="scavenge" contextid="0" timestamp="2019-08-02T22:33:21.712" intervalms="16.777" />
<gc-start id="685" type="scavenge" contextid="684" timestamp="2019-08-02T22:33:21.712">
  <mem-info id="686" free="1251976" total="10158080" percent="12">
    <mem type="nursery" free="0" total="3932160" percent="0">
      <mem type="allocate" free="0" total="2686976" percent="0" />
      <mem type="survivor" free="0" total="1245184" percent="0" />
    </mem>
    <mem type="tenure" free="1251976" total="6225920" percent="20">
      <mem type="soa" free="940680" total="5914624" percent="15" />
      <mem type="loa" free="311296" total="311296" percent="100" />
    </mem>
    <remembered-set count="410" />
  </mem-info>
</gc-start>
<allocation-stats totalBytes="1857408" >
  <allocated-bytes non-tlh="245848" tlh="1611560" />
  <largest-consumer threadName="Thread-7" threadId="0000000000D2AB00" bytes="627160" />
</allocation-stats>
<gc-op id="687" type="scavenge" timems="1.058" contextid="684" timestamp="2019-08-02T22:33:21.713">
  <scavenger-info tenureage="1" tenuremask="7ffe" tiltratio="68" />
  <memory-copied type="nursery" objects="1738" bytes="754992" bytesdiscarded="205176" />
  <memory-copied type="tenure" objects="1169" bytes="443104" bytesdiscarded="456" />
  <references type="weak" candidates="1" cleared="0" enqueued="0" />
  <references type="phantom" candidates="2" cleared="0" enqueued="0" />
</gc-op>
<gc-end id="688" type="scavenge" contextid="684" durationms="1.260" usertimems="4.000" systemtimems="0.000" timestamp="2019-08-02T22:33:21.713" activeThreads="8">
  <mem-info id="689" free="2497120" total="10158080" percent="24">
    <mem type="nursery" free="1726736" total="3932160" percent="43">
      <mem type="allocate" free="1726736" total="2686976" percent="64" />
      <mem type="survivor" free="0" total="1245184" percent="0" />
    </mem>
    <mem type="tenure" free="770384" total="6225920" percent="12">
      <mem type="soa" free="459088" total="5914624" percent="7" />
      <mem type="loa" free="311296" total="311296" percent="100" />
    </mem>
    <remembered-set count="273" />
  </mem-info>
</gc-end>
<cycle-end id="690" type="scavenge" contextid="684" timestamp="2019-08-02T22:33:21.714" />
  <attribute name="elasticGC enabled" value="1" />
  <attribute name= "numThreadsSpecified" value="0" />
  <attribute name="heapSize specified" value="10158080" />
  <attribute name= "numCores" value="8" />
  <attribute name ="GC Interval" value="2500" />
  <attribute name ="Control flow" value="3" />
  <attribute name="GC Util Range Max" value="15" />
  <attribute name="Current GC Util" value="9" />
  <attribute name= "Current Time Running" value="1599" />
<allocation-satisfied id="691" threadId="0000000000D23300" bytesRequested="16392" />
<af-end id="692" timestamp="2019-08-02T22:33:21.714" threadId="0000000000D23C88" success="true" from="nursery"/>
<exclusive-end id="693" timestamp="2019-08-02T22:33:21.714" durationms="1.986" />

<exclusive-start id="694" timestamp="2019-08-02T22:33:21.731" intervalms="18.988">
  <response-info timems="0.108" idlems="0.108" threads="0" lastid="0000000000D26F00" lastname="Thread-6" />
</exclusive-start>
<af-start id="695" threadId="0000000000D27888" totalBytesRequested="48" timestamp="2019-08-02T22:33:21.731" intervalms="18.888" type="nursery" />
<cycle-start id="696" type="scavenge" contextid="0" timestamp="2019-08-02T22:33:21.731" intervalms="18.883" />
<gc-start id="697" type="scavenge" contextid="696" timestamp="2019-08-02T22:33:21.731">
  <mem-info id="698" free="770384" total="10158080" percent="7">
    <mem type="nursery" free="0" total="3932160" percent="0">
      <mem type="allocate" free="0" total="2686976" percent="0" />
      <mem type="survivor" free="0" total="1245184" percent="0" />
    </mem>
    <mem type="tenure" free="770384" total="6225920" percent="12">
      <mem type="soa" free="459088" total="5914624" percent="7" />
      <mem type="loa" free="311296" total="311296" percent="100" />
    </mem>
    <remembered-set count="390" />
  </mem-info>
</gc-start>
<allocation-stats totalBytes="1631240" >
  <allocated-bytes non-tlh="163896" tlh="1467344" />
  <largest-consumer threadName="Thread-5" threadId="0000000000D23300" bytes="413080" />
</allocation-stats>
<gc-op id="699" type="scavenge" timems="1.685" contextid="696" timestamp="2019-08-02T22:33:21.733">
  <scavenger-info tenureage="1" tenuremask="7ffe" tiltratio="68" />
  <memory-copied type="nursery" objects="1963" bytes="825728" bytesdiscarded="216848" />
  <memory-copied type="tenure" objects="1202" bytes="551400" bytesdiscarded="2616" />
  <references type="phantom" candidates="2" cleared="0" enqueued="0" />
  <heap-resize type="expand" space="tenure" amount="327680" count="5" timems="0.279" reason="continue current collection" />
</gc-op>
<gc-end id="700" type="scavenge" contextid="696" durationms="1.891" usertimems="4.000" systemtimems="0.000" timestamp="2019-08-02T22:33:21.733" activeThreads="8">
  <mem-info id="701" free="2178456" total="10485760" percent="20">
    <mem type="nursery" free="1840944" total="3932160" percent="46">
      <mem type="allocate" free="1840944" total="2883584" percent="63" />
      <mem type="survivor" free="0" total="1048576" percent="0" />
    </mem>
    <mem type="tenure" free="337512" total="6553600" percent="5">
      <mem type="soa" free="9832" total="6225920" percent="0" />
      <mem type="loa" free="327680" total="327680" percent="100" />
    </mem>
    <remembered-set count="262" />
  </mem-info>
</gc-end>
<cycle-end id="702" type="scavenge" contextid="696" timestamp="2019-08-02T22:33:21.733" />
  <attribute name="elasticGC enabled" value="1" />
  <attribute name= "numThreadsSpecified" value="0" />
  <attribute name="heapSize specified" value="10158080" />
  <attribute name= "numCores" value="8" />
  <attribute name ="GC Interval" value="2500" />
  <attribute name ="Control flow" value="2" />
  <attribute name="GC Util Range Max" value="15" />
  <attribute name="Current GC Util" value="12" />
  <attribute name= "Current Time Running" value="1618" />
<allocation-satisfied id="703" threadId="0000000000D26F00" bytesRequested="48" />
<af-end id="704" timestamp="2019-08-02T22:33:21.733" threadId="0000000000D27888" success="true" from="nursery"/>
<exclusive-end id="705" timestamp="2019-08-02T22:33:21.733" durationms="2.366" />

<exclusive-start id="706" timestamp="2019-08-02T22:33:21.752" intervalms="21.027">
  <response-info timems="0.097" idlems="0.038" threads="3" lastid="0000000000D1F700" lastname="Thread-4" />
</exclusive-start>
<concurrent-collection-start id="707" timestamp="2019-08-02T22:33:21.752" intervalms="107.832" >
  <concurrent-trace-info reason="card cleaning threshold reached" tracedByMutators="414364" tracedByHelpers="1459080" cardsCleaned="107" workStackOverflowCount="0" />
</concurrent-collection-start>
<gc-start id="708" type="global" contextid="680" timestamp="2019-08-02T22:33:21.752">
  <mem-info id="709" free="347456" total="10485760" percent="3">
    <mem type="nursery" free="9944" total="3932160" percent="0">
      <mem type="allocate" free="9944" total="2883584" percent="0" />
      <mem type="survivor" free="0" total="1048576" percent="0" />
    </mem>
    <mem type="tenure" free="337512" total="6553600" percent="5">
      <mem type="soa" free="9832" total="6225920" percent="0" />
      <mem type="loa" free="327680" total="327680" percent="100" />
    </mem>
    <remembered-set count="400" />
  </mem-info>
</gc-start>
<allocation-stats totalBytes="1797520" >
  <allocated-bytes non-tlh="147544" tlh="1649976" />
  <largest-consumer threadName="Thread-4" threadId="0000000000D1F700" bytes="462808" />
</allocation-stats>
<gc-op id="710" type="rs-scan" timems="0.192" contextid="680" timestamp="2019-08-02T22:33:21.752">
  <scan objectsFound="66" bytesTraced="5672" workStackOverflowCount="0" />
</gc-op>
<gc-op id="711" type="card-cleaning" timems="0.315" contextid="680" timestamp="2019-08-02T22:33:21.753">
  <card-cleaning cardsCleaned="247" bytesTraced="1101492" workStackOverflowCount="0" />
</gc-op>
<gc-op id="712" type="mark" timems="0.510" contextid="680" timestamp="2019-08-02T22:33:21.753">
  <trace-info objectcount="261" scancount="226" scanbytes="6296" />
  <finalization candidates="25" enqueued="0" />
  <references type="soft" candidates="168" cleared="0" enqueued="0" dynamicThreshold="12" maxThreshold="32" />
  <references type="weak" candidates="246" cleared="0" enqueued="0" />
  <references type="phantom" candidates="74" cleared="0" enqueued="0" />
  <stringconstants candidates="3963" cleared="0"  />
</gc-op>
<gc-op id="713" type="sweep" timems="0.251" contextid="680" timestamp="2019-08-02T22:33:21.754" />
<gc-end id="714" type="global" contextid="680" durationms="2.122" usertimems="0.000" systemtimems="4.000" timestamp="2019-08-02T22:33:21.754" activeThreads="8">
  <mem-info id="715" free="4283856" total="10485760" percent="40">
    <mem type="nursery" free="1585368" total="3932160" percent="40">
      <mem type="allocate" free="1585368" total="2883584" percent="54" />
      <mem type="survivor" free="0" total="1048576" percent="0" />
    </mem>
    <mem type="tenure" free="2698488" total="6553600" percent="41" micro-fragmented="768" macro-fragmented="0">
      <mem type="soa" free="2370808" total="6225920" percent="38" />
      <mem type="loa" free="327680" total="327680" percent="100" />
    </mem>
    <remembered-set count="356" />
  </mem-info>
</gc-end>
<cycle-end id="716" type="global" contextid="680" timestamp="2019-08-02T22:33:21.754" />
  <attribute name="elasticGC enabled" value="1" />
  <attribute name= "numThreadsSpecified" value="0" />
  <attribute name="heapSize specified" value="10158080" />
  <attribute name= "numCores" value="8" />
  <attribute name ="GC Interval" value="2500" />
  <attribute name ="Control flow" value="2" />
  <attribute name="GC Util Range Max" value="15" />
  <attribute name="Current GC Util" value="50" />
  <attribute name= "Current Time Running" value="1640" />
<concurrent-collection-end id="717" timestamp="2019-08-02T22:33:21.754" />
<exclusive-end id="718" timestamp="2019-08-02T22:33:21.754" durationms="2.601" />

<exclusive-start id="719" timestamp="2019-08-02T22:33:21.785" intervalms="33.201">
  <response-info timems="0.059" idlems="0.059" threads="0" lastid="0000000000D26F00" lastname="Thread-6" />
</exclusive-start>
<af-start id="720" threadId="0000000000D27888" totalBytesRequested="24" timestamp="2019-08-02T22:33:21.785" intervalms="54.300" type="nursery" />
<cycle-start id="721" type="scavenge" contextid="0" timestamp="2019-08-02T22:33:21.785" intervalms="54.308" />
<gc-start id="722" type="scavenge" contextid="721" timestamp="2019-08-02T22:33:21.785">
  <mem-info id="723" free="2698488" total="10485760" percent="25">
    <mem type="nursery" free="0" total="3932160" percent="0">
      <mem type="allocate" free="0" total="2883584" percent="0" />
      <mem type="survivor" free="0" total="1048576" percent="0" />
    </mem>
    <mem type="tenure" free="2698488" total="6553600" percent="41">
      <mem type="soa" free="2370808" total="6225920" percent="38" />
      <mem type="loa" free="327680" total="327680" percent="100" />
    </mem>
    <remembered-set count="445" />
  </mem-info>
</gc-start>
<allocation-stats totalBytes="1571184" >
  <allocated-bytes non-tlh="457000" tlh="1114184" />
  <largest-consumer threadName="Thread-9" threadId="0000000000D32300" bytes="458696" />
</allocation-stats>
<gc-op id="724" type="scavenge" timems="1.596" contextid="721" timestamp="2019-08-02T22:33:21.787">
  <scavenger-info tenureage="1" tenuremask="7ffe" tiltratio="73" />
  <memory-copied type="nursery" objects="2583" bytes="962832" bytesdiscarded="85656" />
  <memory-copied type="tenure" objects="1369" bytes="619064" bytesdiscarded="2624" />
  <copy-failed type="nursery" objects="251" bytes="91632" />
  <references type="phantom" candidates="1" cleared="0" enqueued="0" />
</gc-op>
<gc-end id="725" type="scavenge" contextid="721" durationms="1.804" usertimems="0.000" systemtimems="4.000" timestamp="2019-08-02T22:33:21.787" activeThreads="8">
  <mem-info id="726" free="3467832" total="10485760" percent="33">
    <mem type="nursery" free="1441792" total="3932160" percent="36">
      <mem type="allocate" free="1441792" total="2490368" percent="57" />
      <mem type="survivor" free="0" total="1441792" percent="0" />
    </mem>
    <mem type="tenure" free="2026040" total="6553600" percent="30">
      <mem type="soa" free="1698360" total="6225920" percent="27" />
      <mem type="loa" free="327680" total="327680" percent="100" />
    </mem>
    <remembered-set count="265" />
  </mem-info>
</gc-end>
<cycle-end id="727" type="scavenge" contextid="721" timestamp="2019-08-02T22:33:21.787" />
  <attribute name="elasticGC enabled" value="1" />
  <attribute name= "numThreadsSpecified" value="0" />
  <attribute name="heapSize specified" value="10158080" />
  <attribute name= "numCores" value="8" />
  <attribute name ="GC Interval" value="2600" />
  <attribute name ="Control flow" value="2" />
  <attribute name="GC Util Range Max" value="15" />
  <attribute name="Current GC Util" value="7" />
  <attribute name= "Current Time Running" value="1672" />
<allocation-satisfied id="728" threadId="0000000000D26F00" bytesRequested="24" />
<af-end id="729" timestamp="2019-08-02T22:33:21.787" threadId="0000000000D27888" success="true" from="nursery"/>
<exclusive-end id="730" timestamp="2019-08-02T22:33:21.787" durationms="2.359" />

<exclusive-start id="731" timestamp="2019-08-02T22:33:21.806" intervalms="20.927">
  <response-info timems="0.064" idlems="0.064" threads="0" lastid="0000000000D2AB00" lastname="Thread-7" />
</exclusive-start>
<af-start id="732" threadId="0000000000D2B488" totalBytesRequested="32776" timestamp="2019-08-02T22:33:21.806" intervalms="20.905" type="nursery" />
<cycle-start id="733" type="scavenge" contextid="0" timestamp="2019-08-02T22:33:21.806" intervalms="20.902" />
<gc-start id="734" type="scavenge" contextid="733" timestamp="2019-08-02T22:33:21.806">
  <mem-info id="735" free="2026040" total="10485760" percent="19">
    <mem type="nursery" free="0" total="3932160" percent="0">
      <mem type="allocate" free="0" total="2490368" percent="0" />
      <mem type="survivor" free="0" total="1441792" percent="0" />
    </mem>
    <mem type="tenure" free="2026040" total="6553600" percent="30">
      <mem type="soa" free="1698360" total="6225920" percent="27" />
      <mem type="loa" free="327680" total="327680" percent="100" />
    </mem>
    <remembered-set count="441" />
  </mem-info>
</gc-start>
<allocation-stats totalBytes="1386792" >
  <allocated-bytes non-tlh="131128" tlh="1255664" />
  <largest-consumer threadName="Thread-8" threadId="0000000000D2E700" bytes="427944" />
</allocation-stats>
<gc-op id="736" type="scavenge" timems="0.635" contextid="733" timestamp="2019-08-02T22:33:21.807">
  <scavenger-info tenureage="1" tenuremask="7ffe" tiltratio="63" />
  <memory-copied type="nursery" objects="1632" bytes="567880" bytesdiscarded="177088" />
  <memory-copied type="tenure" objects="2441" bytes="953776" bytesdiscarded="6128" />
</gc-op>
<gc-end id="737" type="scavenge" contextid="733" durationms="0.860" usertimems="4.000" systemtimems="0.000" timestamp="2019-08-02T22:33:21.807" activeThreads="8">
  <mem-info id="738" free="2722944" total="10485760" percent="25">
    <mem type="nursery" free="1745344" total="3932160" percent="44">
      <mem type="allocate" free="1745344" total="2490368" percent="70" />
      <mem type="survivor" free="0" total="1441792" percent="0" />
    </mem>
    <mem type="tenure" free="977600" total="6553600" percent="14">
      <mem type="soa" free="649920" total="6225920" percent="10" />
      <mem type="loa" free="327680" total="327680" percent="100" />
    </mem>
    <remembered-set count="281" />
  </mem-info>
</gc-end>
<cycle-end id="739" type="scavenge" contextid="733" timestamp="2019-08-02T22:33:21.807" />
  <attribute name="elasticGC enabled" value="1" />
  <attribute name= "numThreadsSpecified" value="0" />
  <attribute name="heapSize specified" value="10158080" />
  <attribute name= "numCores" value="8" />
  <attribute name ="GC Interval" value="2600" />
  <attribute name ="Control flow" value="3" />
  <attribute name="GC Util Range Max" value="15" />
  <attribute name="Current GC Util" value="16" />
  <attribute name= "Current Time Running" value="1693" />
<allocation-satisfied id="740" threadId="0000000000D2AB00" bytesRequested="32776" />
<af-end id="741" timestamp="2019-08-02T22:33:21.807" threadId="0000000000D2B488" success="true" from="nursery"/>
<exclusive-end id="742" timestamp="2019-08-02T22:33:21.807" durationms="1.399" />

<concurrent-kickoff id="743" timestamp="2019-08-02T22:33:21.826">
  <kickoff reason="threshold reached" targetBytes="2167179" thresholdFreeBytes="287272"  remainingFree="274856" tenureFreeBytes="977600" nurseryFreeBytes="274856" />
</concurrent-kickoff>
<exclusive-start id="744" timestamp="2019-08-02T22:33:21.826" intervalms="20.052">
  <response-info timems="0.166" idlems="0.090" threads="1" lastid="0000000000D23300" lastname="Thread-5" />
</exclusive-start>
<cycle-start id="745" type="global" contextid="0" timestamp="2019-08-02T22:33:21.826" intervalms="117.799" />
<exclusive-end id="746" timestamp="2019-08-02T22:33:21.826" durationms="0.142" />

<exclusive-start id="747" timestamp="2019-08-02T22:33:21.833" intervalms="7.227">
  <response-info timems="0.057" idlems="0.057" threads="0" lastid="0000000000D1F700" lastname="Thread-4" />
</exclusive-start>
<af-start id="748" threadId="0000000000D20088" totalBytesRequested="48" timestamp="2019-08-02T22:33:21.833" intervalms="27.202" type="nursery" />
<percolate-collect id="749" from="nursery" to="global" reason="concurrent mark exhausted" timestamp="2019-08-02T22:33:21.833"/>
<gc-start id="750" type="global" contextid="745" timestamp="2019-08-02T22:33:21.834">
  <mem-info id="751" free="977600" total="10485760" percent="9">
    <mem type="nursery" free="0" total="3932160" percent="0">
      <mem type="allocate" free="0" total="2490368" percent="0" />
      <mem type="survivor" free="0" total="1441792" percent="0" />
    </mem>
    <mem type="tenure" free="977600" total="6553600" percent="14">
      <mem type="soa" free="649920" total="6225920" percent="10" />
      <mem type="loa" free="327680" total="327680" percent="100" />
    </mem>
    <remembered-set count="452" />
  </mem-info>
</gc-start>
<allocation-stats totalBytes="1706120" >
  <allocated-bytes non-tlh="98328" tlh="1607792" />
  <largest-consumer threadName="Thread-7" threadId="0000000000D2AB00" bytes="716592" />
</allocation-stats>
<concurrent-halted id="752" timestamp="2019-08-02T22:33:21.834">
  <halted state="Complete" status="exhausted" />
  <traced bytesTarget="2167179" bytesTotal="2144492" bytesByMutator="598584" bytesByHelper="1545908" percent="98" />
  <cards cleaned="117" thresholdBytes="113167" />
</concurrent-halted>
<gc-op id="753" type="rs-scan" timems="0.209" contextid="745" timestamp="2019-08-02T22:33:21.834">
  <scan objectsFound="210" bytesTraced="33544" workStackOverflowCount="0" />
</gc-op>
<gc-op id="754" type="card-cleaning" timems="0.272" contextid="745" timestamp="2019-08-02T22:33:21.834">
  <card-cleaning cardsCleaned="120" bytesTraced="650344" workStackOverflowCount="0" />
</gc-op>
<gc-op id="755" type="mark" timems="0.624" contextid="745" timestamp="2019-08-02T22:33:21.835">
  <trace-info objectcount="880" scancount="770" scanbytes="111036" />
  <finalization candidates="25" enqueued="0" />
  <references type="soft" candidates="168" cleared="0" enqueued="0" dynamicThreshold="13" maxThreshold="32" />
  <references type="weak" candidates="246" cleared="0" enqueued="0" />
  <references type="phantom" candidates="74" cleared="0" enqueued="0" />
  <stringconstants candidates="3963" cleared="0"  />
</gc-op>
<gc-op id="756" type="sweep" timems="0.256" contextid="745" timestamp="2019-08-02T22:33:21.835" />
<mem-info id="757" free="4506872" total="10485760" percent="42">
  <mem type="nursery" free="1748840" total="3932160" percent="44">
    <mem type="allocate" free="1748840" total="2490368" percent="70" />
    <mem type="survivor" free="0" total="1441792" percent="0" />
  </mem>
  <mem type="tenure" free="2758032" total="6553600" percent="42" micro-fragmented="3337" macro-fragmented="0">
    <mem type="soa" free="2430352" total="6225920" percent="39" />
    <mem type="loa" free="327680" total="327680" percent="100" />
  </mem>
  <remembered-set count="402" />
</mem-info>
<gc-op id="758" type="compact" timems="6.537" contextid="745" timestamp="2019-08-02T22:33:21.842">
  <compact-info movecount="14132" movebytes="2528088" reason="no compaction" />
</gc-op>
<heap-resize id="759" type="contract" space="tenure" amount="65536" count="1" timems="0.015" reason="heap reconfiguration" timestamp="2019-08-02T22:33:21.842" />
<gc-end id="760" type="global" contextid="745" durationms="8.924" usertimems="20.000" systemtimems="0.000" timestamp="2019-08-02T22:33:21.842" activeThreads="8">
  <mem-info id="761" free="4410832" total="10420224" percent="42">
    <mem type="nursery" free="1761840" total="3932160" percent="44">
      <mem type="allocate" free="1761840" total="2490368" percent="70" />
      <mem type="survivor" free="0" total="1441792" percent="0" />
    </mem>
    <mem type="tenure" free="2648992" total="6488064" percent="40">
      <mem type="soa" free="2386848" total="6164480" percent="38" />
      <mem type="loa" free="262144" total="323584" percent="81" />
    </mem>
    <remembered-set count="402" />
  </mem-info>
</gc-end>
<cycle-end id="762" type="global" contextid="745" timestamp="2019-08-02T22:33:21.843" />
  <attribute name="elasticGC enabled" value="1" />
  <attribute name= "numThreadsSpecified" value="0" />
  <attribute name="heapSize specified" value="6488064" />
  <attribute name= "numCores" value="8" />
  <attribute name ="GC Interval" value="2600" />
  <attribute name ="Control flow" value="3" />
  <attribute name="GC Util Range Max" value="15" />
  <attribute name="Current GC Util" value="37" />
  <attribute name= "Current Time Running" value="1729" />
<allocation-satisfied id="763" threadId="0000000000D1F700" bytesRequested="48" />
<af-end id="764" timestamp="2019-08-02T22:33:21.843" threadId="0000000000D20088" success="true" from="nursery"/>
<exclusive-end id="765" timestamp="2019-08-02T22:33:21.843" durationms="9.641" />

<exclusive-start id="766" timestamp="2019-08-02T22:33:21.865" intervalms="31.220">
  <response-info timems="0.047" idlems="0.047" threads="0" lastid="0000000000D2AB00" lastname="Thread-7" />
</exclusive-start>
<af-start id="767" threadId="0000000000D2B488" totalBytesRequested="16392" timestamp="2019-08-02T22:33:21.865" intervalms="31.362" type="nursery" />
<cycle-start id="768" type="scavenge" contextid="0" timestamp="2019-08-02T22:33:21.865" intervalms="58.579" />
<gc-start id="769" type="scavenge" contextid="768" timestamp="2019-08-02T22:33:21.865">
  <mem-info id="770" free="2648992" total="10420224" percent="25">
    <mem type="nursery" free="0" total="3932160" percent="0">
      <mem type="allocate" free="0" total="2490368" percent="0" />
      <mem type="survivor" free="0" total="1441792" percent="0" />
    </mem>
    <mem type="tenure" free="2648992" total="6488064" percent="40">
      <mem type="soa" free="2386848" total="6164480" percent="38" />
      <mem type="loa" free="262144" total="323584" percent="81" />
    </mem>
    <remembered-set count="448" />
  </mem-info>
</gc-start>
<allocation-stats totalBytes="1719608" >
  <allocated-bytes non-tlh="114768" tlh="1604840" />
  <largest-consumer threadName="Thread-9" threadId="0000000000D32300" bytes="875360" />
</allocation-stats>
<gc-op id="771" type="scavenge" timems="0.532" contextid="768" timestamp="2019-08-02T22:33:21.866">
  <scavenger-info tenureage="1" tenuremask="7ffe" tiltratio="63" />
  <memory-copied type="nursery" objects="1539" bytes="665904" bytesdiscarded="317464" />
  <memory-copied type="tenure" objects="798" bytes="266752" bytesdiscarded="744" />
</gc-op>
<gc-end id="772" type="scavenge" contextid="768" durationms="0.818" usertimems="0.000" systemtimems="0.000" timestamp="2019-08-02T22:33:21.866" activeThreads="8">
  <mem-info id="773" free="3857832" total="10420224" percent="37">
    <mem type="nursery" free="1638008" total="3932160" percent="41">
      <mem type="allocate" free="1638008" total="2621440" percent="62" />
      <mem type="survivor" free="0" total="1310720" percent="0" />
    </mem>
    <mem type="tenure" free="2219824" total="6488064" percent="34">
      <mem type="soa" free="1957680" total="6164480" percent="31" />
      <mem type="loa" free="262144" total="323584" percent="81" />
    </mem>
    <remembered-set count="245" />
  </mem-info>
</gc-end>
<cycle-end id="774" type="scavenge" contextid="768" timestamp="2019-08-02T22:33:21.866" />
  <attribute name="elasticGC enabled" value="1" />
  <attribute name= "numThreadsSpecified" value="0" />
  <attribute name="heapSize specified" value="6488064" />
  <attribute name= "numCores" value="8" />
  <attribute name ="GC Interval" value="2600" />
  <attribute name ="Control flow" value="3" />
  <attribute name="GC Util Range Max" value="15" />
  <attribute name="Current GC Util" value="69" />
  <attribute name= "Current Time Running" value="1751" />
<allocation-satisfied id="775" threadId="0000000000D2AB00" bytesRequested="16392" />
<af-end id="776" timestamp="2019-08-02T22:33:21.866" threadId="0000000000D2B488" success="true" from="nursery"/>
<exclusive-end id="777" timestamp="2019-08-02T22:33:21.866" durationms="1.521" />

<exclusive-start id="778" timestamp="2019-08-02T22:33:21.886" intervalms="21.371">
  <response-info timems="0.060" idlems="0.060" threads="0" lastid="0000000000D35F00" lastname="Thread-10" />
</exclusive-start>
<af-start id="779" threadId="0000000000D36888" totalBytesRequested="16392" timestamp="2019-08-02T22:33:21.886" intervalms="21.300" type="nursery" />
<cycle-start id="780" type="scavenge" contextid="0" timestamp="2019-08-02T22:33:21.886" intervalms="21.284" />
<gc-start id="781" type="scavenge" contextid="780" timestamp="2019-08-02T22:33:21.886">
  <mem-info id="782" free="2219824" total="10420224" percent="21">
    <mem type="nursery" free="0" total="3932160" percent="0">
      <mem type="allocate" free="0" total="2621440" percent="0" />
      <mem type="survivor" free="0" total="1310720" percent="0" />
    </mem>
    <mem type="tenure" free="2219824" total="6488064" percent="34">
      <mem type="soa" free="1957680" total="6164480" percent="31" />
      <mem type="loa" free="262144" total="323584" percent="81" />
    </mem>
    <remembered-set count="404" />
  </mem-info>
</gc-start>
<allocation-stats totalBytes="1604128" >
  <allocated-bytes non-tlh="180280" tlh="1423848" />
  <largest-consumer threadName="Thread-7" threadId="0000000000D2AB00" bytes="665528" />
</allocation-stats>
<gc-op id="783" type="scavenge" timems="1.686" contextid="780" timestamp="2019-08-02T22:33:21.888">
  <scavenger-info tenureage="1" tenuremask="7ffe" tiltratio="66" />
  <memory-copied type="nursery" objects="1385" bytes="580344" bytesdiscarded="229792" />
  <memory-copied type="tenure" objects="1419" bytes="608856" bytesdiscarded="1776" />
</gc-op>
<gc-end id="784" type="scavenge" contextid="780" durationms="1.898" usertimems="4.000" systemtimems="0.000" timestamp="2019-08-02T22:33:21.888" activeThreads="8">
  <mem-info id="785" free="3473888" total="10420224" percent="33">
    <mem type="nursery" free="1942328" total="3932160" percent="49">
      <mem type="allocate" free="1942328" total="2752512" percent="70" />
      <mem type="survivor" free="0" total="1179648" percent="0" />
    </mem>
    <mem type="tenure" free="1531560" total="6488064" percent="23">
      <mem type="soa" free="1269416" total="6164480" percent="20" />
      <mem type="loa" free="262144" total="323584" percent="81" />
    </mem>
    <remembered-set count="249" />
  </mem-info>
</gc-end>
<cycle-end id="786" type="scavenge" contextid="780" timestamp="2019-08-02T22:33:21.888" />
  <attribute name="elasticGC enabled" value="1" />
  <attribute name= "numThreadsSpecified" value="0" />
  <attribute name="heapSize specified" value="6488064" />
  <attribute name= "numCores" value="8" />
  <attribute name ="GC Interval" value="2600" />
  <attribute name ="Control flow" value="3" />
  <attribute name="GC Util Range Max" value="15" />
  <attribute name="Current GC Util" value="8" />
  <attribute name= "Current Time Running" value="1773" />
<allocation-satisfied id="787" threadId="0000000000D35F00" bytesRequested="16392" />
<af-end id="788" timestamp="2019-08-02T22:33:21.888" threadId="0000000000D36888" success="true" from="nursery"/>
<exclusive-end id="789" timestamp="2019-08-02T22:33:21.888" durationms="2.430" />

<exclusive-start id="790" timestamp="2019-08-02T22:33:21.912" intervalms="26.381">
  <response-info timems="0.048" idlems="0.048" threads="0" lastid="0000000000D32300" lastname="Thread-9" />
</exclusive-start>
<af-start id="791" threadId="0000000000D32C88" totalBytesRequested="16" timestamp="2019-08-02T22:33:21.912" intervalms="26.367" type="nursery" />
<cycle-start id="792" type="scavenge" contextid="0" timestamp="2019-08-02T22:33:21.912" intervalms="26.366" />
<gc-start id="793" type="scavenge" contextid="792" timestamp="2019-08-02T22:33:21.913">
  <mem-info id="794" free="1531560" total="10420224" percent="14">
    <mem type="nursery" free="0" total="3932160" percent="0">
      <mem type="allocate" free="0" total="2752512" percent="0" />
      <mem type="survivor" free="0" total="1179648" percent="0" />
    </mem>
    <mem type="tenure" free="1531560" total="6488064" percent="23">
      <mem type="soa" free="1269416" total="6164480" percent="20" />
      <mem type="loa" free="262144" total="323584" percent="81" />
    </mem>
    <remembered-set count="464" />
  </mem-info>
</gc-start>
<allocation-stats totalBytes="1868064" >
  <allocated-bytes non-tlh="229448" tlh="1638616" />
  <largest-consumer threadName="Thread-6" threadId="0000000000D26F00" bytes="435904" />
</allocation-stats>
<gc-op id="795" type="scavenge" timems="0.506" contextid="792" timestamp="2019-08-02T22:33:21.913">
  <scavenger-info tenureage="1" tenuremask="7ffe" tiltratio="70" />
  <memory-copied type="nursery" objects="2343" bytes="927288" bytesdiscarded="252280" />
  <memory-copied type="tenure" objects="886" bytes="481328" bytesdiscarded="1160" />
  <copy-failed type="nursery" objects="49" bytes="3592" />
</gc-op>
<gc-end id="796" type="scavenge" contextid="792" durationms="0.708" usertimems="0.000" systemtimems="0.000" timestamp="2019-08-02T22:33:21.913" activeThreads="8">
  <mem-info id="797" free="2160136" total="10420224" percent="20">
    <mem type="nursery" free="1310720" total="3932160" percent="33">
      <mem type="allocate" free="1310720" total="2490368" percent="52" />
      <mem type="survivor" free="0" total="1441792" percent="0" />
    </mem>
    <mem type="tenure" free="849416" total="6488064" percent="13">
      <mem type="soa" free="587272" total="6164480" percent="9" />
      <mem type="loa" free="262144" total="323584" percent="81" />
    </mem>
    <remembered-set count="276" />
  </mem-info>
</gc-end>
<cycle-end id="798" type="scavenge" contextid="792" timestamp="2019-08-02T22:33:21.913" />
  <attribute name="elasticGC enabled" value="1" />
  <attribute name= "numThreadsSpecified" value="0" />
  <attribute name="heapSize specified" value="6488064" />
  <attribute name= "numCores" value="8" />
  <attribute name ="GC Interval" value="2600" />
  <attribute name ="Control flow" value="3" />
  <attribute name="GC Util Range Max" value="15" />
  <attribute name="Current GC Util" value="14" />
  <attribute name= "Current Time Running" value="1799" />
<allocation-satisfied id="799" threadId="0000000000D32300" bytesRequested="16" />
<af-end id="800" timestamp="2019-08-02T22:33:21.913" threadId="0000000000D32C88" success="true" from="nursery"/>
<exclusive-end id="801" timestamp="2019-08-02T22:33:21.913" durationms="1.235" />

<concurrent-kickoff id="802" timestamp="2019-08-02T22:33:21.930">
  <kickoff reason="threshold reached" targetBytes="2139013" thresholdFreeBytes="284501"  remainingFree="258008" tenureFreeBytes="849416" nurseryFreeBytes="258008" />
</concurrent-kickoff>
<exclusive-start id="803" timestamp="2019-08-02T22:33:21.930" intervalms="17.829">
  <response-info timems="0.051" idlems="0.051" threads="0" lastid="0000000000D32300" lastname="Thread-9" />
</exclusive-start>
<cycle-start id="804" type="global" contextid="0" timestamp="2019-08-02T22:33:21.930" intervalms="104.031" />
<exclusive-end id="805" timestamp="2019-08-02T22:33:21.930" durationms="0.147" />

<exclusive-start id="806" timestamp="2019-08-02T22:33:21.935" intervalms="4.630">
  <response-info timems="0.048" idlems="0.048" threads="0" lastid="0000000000D32300" lastname="Thread-9" />
</exclusive-start>
<concurrent-collection-start id="807" timestamp="2019-08-02T22:33:21.935" intervalms="182.904" >
  <concurrent-trace-info reason="card cleaning threshold reached" tracedByMutators="538748" tracedByHelpers="1232804" cardsCleaned="104" workStackOverflowCount="0" />
</concurrent-collection-start>
<gc-start id="808" type="global" contextid="804" timestamp="2019-08-02T22:33:21.935">
  <mem-info id="809" free="849416" total="10420224" percent="8">
    <mem type="nursery" free="0" total="3932160" percent="0">
      <mem type="allocate" free="0" total="2490368" percent="0" />
      <mem type="survivor" free="0" total="1441792" percent="0" />
    </mem>
    <mem type="tenure" free="849416" total="6488064" percent="13">
      <mem type="soa" free="587272" total="6164480" percent="9" />
      <mem type="loa" free="262144" total="323584" percent="81" />
    </mem>
    <remembered-set count="408" />
  </mem-info>
</gc-start>
<allocation-stats totalBytes="1266032" >
  <allocated-bytes non-tlh="114736" tlh="1151296" />
  <largest-consumer threadName="Thread-10" threadId="0000000000D35F00" bytes="495352" />
</allocation-stats>
<gc-op id="810" type="rs-scan" timems="0.171" contextid="804" timestamp="2019-08-02T22:33:21.935">
  <scan objectsFound="204" bytesTraced="23156" workStackOverflowCount="0" />
</gc-op>
<gc-op id="811" type="card-cleaning" timems="0.183" contextid="804" timestamp="2019-08-02T22:33:21.935">
  <card-cleaning cardsCleaned="55" bytesTraced="474192" workStackOverflowCount="0" />
</gc-op>
<gc-op id="812" type="mark" timems="0.629" contextid="804" timestamp="2019-08-02T22:33:21.936">
  <trace-info objectcount="1496" scancount="1326" scanbytes="301620" />
  <finalization candidates="25" enqueued="0" />
  <references type="soft" candidates="168" cleared="0" enqueued="0" dynamicThreshold="13" maxThreshold="32" />
  <references type="weak" candidates="246" cleared="0" enqueued="0" />
  <references type="phantom" candidates="74" cleared="0" enqueued="0" />
  <stringconstants candidates="3963" cleared="0"  />
</gc-op>
<gc-op id="813" type="sweep" timems="0.224" contextid="804" timestamp="2019-08-02T22:33:21.936" />
<mem-info id="814" free="4477000" total="10420224" percent="42">
  <mem type="nursery" free="1363240" total="3932160" percent="34">
    <mem type="allocate" free="1363240" total="2490368" percent="54" />
    <mem type="survivor" free="0" total="1441792" percent="0" />
  </mem>
  <mem type="tenure" free="3113760" total="6488064" percent="47" micro-fragmented="0" macro-fragmented="0">
    <mem type="soa" free="2790176" total="6164480" percent="45" />
    <mem type="loa" free="323584" total="323584" percent="100" />
  </mem>
  <remembered-set count="314" />
</mem-info>
<gc-op id="815" type="compact" timems="4.508" contextid="804" timestamp="2019-08-02T22:33:21.941">
  <compact-info movecount="13740" movebytes="2501056" reason="no compaction" />
</gc-op>
<gc-end id="816" type="global" contextid="804" durationms="6.393" usertimems="12.000" systemtimems="0.000" timestamp="2019-08-02T22:33:21.941" activeThreads="8">
  <mem-info id="817" free="4499304" total="10420224" percent="43">
    <mem type="nursery" free="1380872" total="3932160" percent="35">
      <mem type="allocate" free="1380872" total="2490368" percent="55" />
      <mem type="survivor" free="0" total="1441792" percent="0" />
    </mem>
    <mem type="tenure" free="3118432" total="6488064" percent="48">
      <mem type="soa" free="2794848" total="6164480" percent="45" />
      <mem type="loa" free="323584" total="323584" percent="100" />
    </mem>
    <remembered-set count="314" />
  </mem-info>
</gc-end>
<cycle-end id="818" type="global" contextid="804" timestamp="2019-08-02T22:33:21.941" />
  <attribute name="elasticGC enabled" value="1" />
  <attribute name= "numThreadsSpecified" value="0" />
  <attribute name="heapSize specified" value="10420224" />
  <attribute name= "numCores" value="8" />
  <attribute name ="GC Interval" value="2600" />
  <attribute name ="Control flow" value="2" />
  <attribute name="GC Util Range Max" value="15" />
  <attribute name="Current GC Util" value="52" />
  <attribute name= "Current Time Running" value="1828" />
<concurrent-collection-end id="819" timestamp="2019-08-02T22:33:21.941" />
<exclusive-end id="820" timestamp="2019-08-02T22:33:21.942" durationms="6.788" />

<exclusive-start id="821" timestamp="2019-08-02T22:33:21.989" intervalms="53.912">
  <response-info timems="0.057" idlems="0.057" threads="0" lastid="0000000000D26F00" lastname="Thread-6" />
</exclusive-start>
<af-start id="822" threadId="0000000000D27888" totalBytesRequested="2008" timestamp="2019-08-02T22:33:21.989" intervalms="76.382" type="nursery" />
<cycle-start id="823" type="scavenge" contextid="0" timestamp="2019-08-02T22:33:21.989" intervalms="76.379" />
<gc-start id="824" type="scavenge" contextid="823" timestamp="2019-08-02T22:33:21.989">
  <mem-info id="825" free="3118432" total="10420224" percent="29">
    <mem type="nursery" free="0" total="3932160" percent="0">
      <mem type="allocate" free="0" total="2490368" percent="0" />
      <mem type="survivor" free="0" total="1441792" percent="0" />
    </mem>
    <mem type="tenure" free="3118432" total="6488064" percent="48">
      <mem type="soa" free="2794848" total="6164480" percent="45" />
      <mem type="loa" free="323584" total="323584" percent="100" />
    </mem>
    <remembered-set count="388" />
  </mem-info>
</gc-start>
<allocation-stats totalBytes="1332264" >
  <allocated-bytes non-tlh="98328" tlh="1233936" />
  <largest-consumer threadName="Thread-5" threadId="0000000000D23300" bytes="412888" />
</allocation-stats>
<gc-op id="826" type="scavenge" timems="1.936" contextid="823" timestamp="2019-08-02T22:33:21.991">
  <scavenger-info tenureage="1" tenuremask="7ffe" tiltratio="63" />
  <memory-copied type="nursery" objects="2700" bytes="962216" bytesdiscarded="118128" />
  <memory-copied type="tenure" objects="609" bytes="225800" bytesdiscarded="224" />
</gc-op>
<gc-end id="827" type="scavenge" contextid="823" durationms="2.122" usertimems="4.000" systemtimems="0.000" timestamp="2019-08-02T22:33:21.991" activeThreads="8">
  <mem-info id="828" free="4535000" total="10420224" percent="43">
    <mem type="nursery" free="1672104" total="3932160" percent="42">
      <mem type="allocate" free="1672104" total="2752512" percent="60" />
      <mem type="survivor" free="0" total="1179648" percent="0" />
    </mem>
    <mem type="tenure" free="2862896" total="6488064" percent="44">
      <mem type="soa" free="2539312" total="6164480" percent="41" />
      <mem type="loa" free="323584" total="323584" percent="100" />
    </mem>
    <remembered-set count="219" />
  </mem-info>
</gc-end>
<cycle-end id="829" type="scavenge" contextid="823" timestamp="2019-08-02T22:33:21.991" />
  <attribute name="elasticGC enabled" value="1" />
  <attribute name= "numThreadsSpecified" value="0" />
  <attribute name="heapSize specified" value="10420224" />
  <attribute name= "numCores" value="8" />
  <attribute name ="GC Interval" value="2700" />
  <attribute name ="Control flow" value="3" />
  <attribute name="GC Util Range Max" value="15" />
  <attribute name="Current GC Util" value="11" />
  <attribute name= "Current Time Running" value="1875" />
<allocation-satisfied id="830" threadId="0000000000D26F00" bytesRequested="2008" />
<af-end id="831" timestamp="2019-08-02T22:33:21.991" threadId="0000000000D27888" success="true" from="nursery"/>
<exclusive-end id="832" timestamp="2019-08-02T22:33:21.991" durationms="2.620" />

<exclusive-start id="833" timestamp="2019-08-02T22:33:22.023" intervalms="34.506">
  <response-info timems="0.054" idlems="0.054" threads="0" lastid="0000000000D26F00" lastname="Thread-6" />
</exclusive-start>
<af-start id="834" threadId="0000000000D27888" totalBytesRequested="16392" timestamp="2019-08-02T22:33:22.023" intervalms="34.459" type="nursery" />
<cycle-start id="835" type="scavenge" contextid="0" timestamp="2019-08-02T22:33:22.023" intervalms="34.455" />
<gc-start id="836" type="scavenge" contextid="835" timestamp="2019-08-02T22:33:22.023">
  <mem-info id="837" free="2862896" total="10420224" percent="27">
    <mem type="nursery" free="0" total="3932160" percent="0">
      <mem type="allocate" free="0" total="2752512" percent="0" />
      <mem type="survivor" free="0" total="1179648" percent="0" />
    </mem>
    <mem type="tenure" free="2862896" total="6488064" percent="44">
      <mem type="soa" free="2539312" total="6164480" percent="41" />
      <mem type="loa" free="323584" total="323584" percent="100" />
    </mem>
    <remembered-set count="417" />
  </mem-info>
</gc-start>
<allocation-stats totalBytes="1637640" >
  <allocated-bytes non-tlh="165896" tlh="1471744" />
  <largest-consumer threadName="Thread-4" threadId="0000000000D1F700" bytes="450768" />
</allocation-stats>
<gc-op id="838" type="scavenge" timems="1.740" contextid="835" timestamp="2019-08-02T22:33:22.025">
  <scavenger-info tenureage="1" tenuremask="7ffe" tiltratio="70" />
  <memory-copied type="nursery" objects="1376" bytes="614336" bytesdiscarded="205200" />
  <memory-copied type="tenure" objects="2028" bytes="742896" bytesdiscarded="1528" />
  <references type="weak" candidates="1" cleared="0" enqueued="0" />
  <references type="phantom" candidates="1" cleared="0" enqueued="0" />
</gc-op>
<gc-end id="839" type="scavenge" contextid="835" durationms="1.928" usertimems="4.000" systemtimems="0.000" timestamp="2019-08-02T22:33:22.025" activeThreads="8">
  <mem-info id="840" free="3878696" total="10420224" percent="37">
    <mem type="nursery" free="1932920" total="3932160" percent="49">
      <mem type="allocate" free="1932920" total="2752512" percent="70" />
      <mem type="survivor" free="0" total="1179648" percent="0" />
    </mem>
    <mem type="tenure" free="1945776" total="6488064" percent="29">
      <mem type="soa" free="1622192" total="6164480" percent="26" />
      <mem type="loa" free="323584" total="323584" percent="100" />
    </mem>
    <remembered-set count="266" />
  </mem-info>
</gc-end>
<cycle-end id="841" type="scavenge" contextid="835" timestamp="2019-08-02T22:33:22.025" />
  <attribute name="elasticGC enabled" value="1" />
  <attribute name= "numThreadsSpecified" value="0" />
  <attribute name="heapSize specified" value="10420224" />
  <attribute name= "numCores" value="8" />
  <attribute name ="GC Interval" value="2700" />
  <attribute name ="Control flow" value="2" />
  <attribute name="GC Util Range Max" value="15" />
  <attribute name="Current GC Util" value="9" />
  <attribute name= "Current Time Running" value="1910" />
<allocation-satisfied id="842" threadId="0000000000D26F00" bytesRequested="16392" />
<af-end id="843" timestamp="2019-08-02T22:33:22.025" threadId="0000000000D27888" success="true" from="nursery"/>
<exclusive-end id="844" timestamp="2019-08-02T22:33:22.026" durationms="2.408" />

<exclusive-start id="845" timestamp="2019-08-02T22:33:22.048" intervalms="25.230">
  <response-info timems="0.062" idlems="0.062" threads="0" lastid="0000000000D1BB00" lastname="Thread-3" />
</exclusive-start>
<af-start id="846" threadId="0000000000D1C488" totalBytesRequested="8200" timestamp="2019-08-02T22:33:22.048" intervalms="25.244" type="nursery" />
<cycle-start id="847" type="scavenge" contextid="0" timestamp="2019-08-02T22:33:22.049" intervalms="25.254" />
<gc-start id="848" type="scavenge" contextid="847" timestamp="2019-08-02T22:33:22.049">
  <mem-info id="849" free="1945776" total="10420224" percent="18">
    <mem type="nursery" free="0" total="3932160" percent="0">
      <mem type="allocate" free="0" total="2752512" percent="0" />
      <mem type="survivor" free="0" total="1179648" percent="0" />
    </mem>
    <mem type="tenure" free="1945776" total="6488064" percent="29">
      <mem type="soa" free="1622192" total="6164480" percent="26" />
      <mem type="loa" free="323584" total="323584" percent="100" />
    </mem>
    <remembered-set count="444" />
  </mem-info>
</gc-start>
<allocation-stats totalBytes="1855736" >
  <allocated-bytes non-tlh="131112" tlh="1724624" />
  <largest-consumer threadName="Thread-9" threadId="0000000000D32300" bytes="588736" />
</allocation-stats>
<gc-op id="850" type="scavenge" timems="0.487" contextid="847" timestamp="2019-08-02T22:33:22.049">
  <scavenger-info tenureage="1" tenuremask="7ffe" tiltratio="70" />
  <memory-copied type="nursery" objects="1496" bytes="654992" bytesdiscarded="348600" />
  <memory-copied type="tenure" objects="828" bytes="393648" bytesdiscarded="0" />
  <references type="phantom" candidates="1" cleared="0" enqueued="0" />
</gc-op>
<gc-end id="851" type="scavenge" contextid="847" durationms="0.688" usertimems="0.000" systemtimems="4.000" timestamp="2019-08-02T22:33:22.049" activeThreads="8">
  <mem-info id="852" free="3184360" total="10420224" percent="30">
    <mem type="nursery" free="1814392" total="3932160" percent="46">
      <mem type="allocate" free="1814392" total="2818048" percent="64" />
      <mem type="survivor" free="0" total="1114112" percent="0" />
    </mem>
    <mem type="tenure" free="1369968" total="6488064" percent="21">
      <mem type="soa" free="1046384" total="6164480" percent="16" />
      <mem type="loa" free="323584" total="323584" percent="100" />
    </mem>
    <remembered-set count="255" />
  </mem-info>
</gc-end>
<cycle-end id="853" type="scavenge" contextid="847" timestamp="2019-08-02T22:33:22.049" />
  <attribute name="elasticGC enabled" value="1" />
  <attribute name= "numThreadsSpecified" value="0" />
  <attribute name="heapSize specified" value="10420224" />
  <attribute name= "numCores" value="8" />
  <attribute name ="GC Interval" value="2700" />
  <attribute name ="Control flow" value="3" />
  <attribute name="GC Util Range Max" value="15" />
  <attribute name="Current GC Util" value="13" />
  <attribute name= "Current Time Running" value="1935" />
<allocation-satisfied id="854" threadId="0000000000D1BB00" bytesRequested="8200" />
<af-end id="855" timestamp="2019-08-02T22:33:22.050" threadId="0000000000D1C488" success="true" from="nursery"/>
<exclusive-end id="856" timestamp="2019-08-02T22:33:22.050" durationms="1.198" />

<exclusive-start id="857" timestamp="2019-08-02T22:33:22.067" intervalms="18.376">
  <response-info timems="0.063" idlems="0.063" threads="0" lastid="0000000000D23300" lastname="Thread-5" />
</exclusive-start>
<af-start id="858" threadId="0000000000D23C88" totalBytesRequested="32776" timestamp="2019-08-02T22:33:22.067" intervalms="18.380" type="nursery" />
<cycle-start id="859" type="scavenge" contextid="0" timestamp="2019-08-02T22:33:22.067" intervalms="18.374" />
<gc-start id="860" type="scavenge" contextid="859" timestamp="2019-08-02T22:33:22.067">
  <mem-info id="861" free="1369968" total="10420224" percent="13">
    <mem type="nursery" free="0" total="3932160" percent="0">
      <mem type="allocate" free="0" total="2818048" percent="0" />
      <mem type="survivor" free="0" total="1114112" percent="0" />
    </mem>
    <mem type="tenure" free="1369968" total="6488064" percent="21">
      <mem type="soa" free="1046384" total="6164480" percent="16" />
      <mem type="loa" free="323584" total="323584" percent="100" />
    </mem>
    <remembered-set count="422" />
  </mem-info>
</gc-start>
<allocation-stats totalBytes="1692416" >
  <allocated-bytes non-tlh="122920" tlh="1569496" />
  <largest-consumer threadName="Thread-9" threadId="0000000000D32300" bytes="601840" />
</allocation-stats>
<gc-op id="862" type="scavenge" timems="1.428" contextid="859" timestamp="2019-08-02T22:33:22.069">
  <scavenger-info tenureage="1" tenuremask="7ffe" tiltratio="71" />
  <memory-copied type="nursery" objects="1672" bytes="659696" bytesdiscarded="133416" />
  <memory-copied type="tenure" objects="881" bytes="535120" bytesdiscarded="1000" />
  <references type="phantom" candidates="1" cleared="0" enqueued="0" />
</gc-op>
<gc-end id="863" type="scavenge" contextid="859" durationms="1.632" usertimems="4.000" systemtimems="0.000" timestamp="2019-08-02T22:33:22.069" activeThreads="8">
  <mem-info id="864" free="2858608" total="10420224" percent="27">
    <mem type="nursery" free="2090416" total="3932160" percent="53">
      <mem type="allocate" free="2090416" total="2883584" percent="72" />
      <mem type="survivor" free="0" total="1048576" percent="0" />
    </mem>
    <mem type="tenure" free="768192" total="6488064" percent="11">
      <mem type="soa" free="444608" total="6164480" percent="7" />
      <mem type="loa" free="323584" total="323584" percent="100" />
    </mem>
    <remembered-set count="248" />
  </mem-info>
</gc-end>
<cycle-end id="865" type="scavenge" contextid="859" timestamp="2019-08-02T22:33:22.069" />
  <attribute name="elasticGC enabled" value="1" />
  <attribute name= "numThreadsSpecified" value="0" />
  <attribute name="heapSize specified" value="10420224" />
  <attribute name= "numCores" value="8" />
  <attribute name ="GC Interval" value="2700" />
  <attribute name ="Control flow" value="3" />
  <attribute name="GC Util Range Max" value="15" />
  <attribute name="Current GC Util" value="8" />
  <attribute name= "Current Time Running" value="1953" />
<allocation-satisfied id="866" threadId="0000000000D23300" bytesRequested="32776" />
<af-end id="867" timestamp="2019-08-02T22:33:22.069" threadId="0000000000D23C88" success="true" from="nursery"/>
<exclusive-end id="868" timestamp="2019-08-02T22:33:22.069" durationms="2.160" />

<concurrent-kickoff id="869" timestamp="2019-08-02T22:33:22.092">
  <kickoff reason="threshold reached" targetBytes="2060952" thresholdFreeBytes="275774"  remainingFree="267696" tenureFreeBytes="768192" nurseryFreeBytes="267696" />
</concurrent-kickoff>
<exclusive-start id="870" timestamp="2019-08-02T22:33:22.092" intervalms="25.226">
  <response-info timems="0.057" idlems="0.057" threads="0" lastid="0000000000D32300" lastname="Thread-9" />
</exclusive-start>
<cycle-start id="871" type="global" contextid="0" timestamp="2019-08-02T22:33:22.092" intervalms="161.834" />
<exclusive-end id="872" timestamp="2019-08-02T22:33:22.092" durationms="0.094" />

<exclusive-start id="873" timestamp="2019-08-02T22:33:22.095" intervalms="2.732">
  <response-info timems="0.079" idlems="0.079" threads="0" lastid="0000000000D1BB00" lastname="Thread-3" />
</exclusive-start>
<af-start id="874" threadId="0000000000D1C488" totalBytesRequested="48" timestamp="2019-08-02T22:33:22.095" intervalms="28.021" type="nursery" />
<cycle-start id="875" type="scavenge" contextid="0" timestamp="2019-08-02T22:33:22.095" intervalms="28.021" />
<gc-start id="876" type="scavenge" contextid="875" timestamp="2019-08-02T22:33:22.095">
  <mem-info id="877" free="768192" total="10420224" percent="7">
    <mem type="nursery" free="0" total="3932160" percent="0">
      <mem type="allocate" free="0" total="2883584" percent="0" />
      <mem type="survivor" free="0" total="1048576" percent="0" />
    </mem>
    <mem type="tenure" free="768192" total="6488064" percent="11">
      <mem type="soa" free="444608" total="6164480" percent="7" />
      <mem type="loa" free="323584" total="323584" percent="100" />
    </mem>
    <remembered-set count="435" />
  </mem-info>
</gc-start>
<allocation-stats totalBytes="2054328" >
  <allocated-bytes non-tlh="229440" tlh="1824888" />
  <largest-consumer threadName="Thread-9" threadId="0000000000D32300" bytes="486184" />
</allocation-stats>
<gc-op id="878" type="scavenge" timems="0.624" contextid="875" timestamp="2019-08-02T22:33:22.096">
  <scavenger-info tenureage="1" tenuremask="7ffe" tiltratio="73" />
  <memory-copied type="nursery" objects="2337" bytes="914200" bytesdiscarded="134304" />
  <memory-copied type="tenure" objects="1058" bytes="453720" bytesdiscarded="456" />
  <references type="phantom" candidates="1" cleared="0" enqueued="0" />
</gc-op>
<gc-end id="879" type="scavenge" contextid="875" durationms="0.825" usertimems="0.000" systemtimems="0.000" timestamp="2019-08-02T22:33:22.096" activeThreads="8">
  <mem-info id="880" free="1912432" total="10420224" percent="18">
    <mem type="nursery" free="1572864" total="3932160" percent="40">
      <mem type="allocate" free="1572864" total="2621440" percent="60" />
      <mem type="survivor" free="0" total="1310720" percent="0" />
    </mem>
    <mem type="tenure" free="339568" total="6488064" percent="5">
      <mem type="soa" free="15984" total="6164480" percent="0" />
      <mem type="loa" free="323584" total="323584" percent="100" />
    </mem>
    <remembered-set count="279" />
  </mem-info>
</gc-end>
<cycle-end id="881" type="scavenge" contextid="875" timestamp="2019-08-02T22:33:22.096" />
  <attribute name="elasticGC enabled" value="1" />
  <attribute name= "numThreadsSpecified" value="0" />
  <attribute name="heapSize specified" value="10420224" />
  <attribute name= "numCores" value="8" />
  <attribute name ="GC Interval" value="2700" />
  <attribute name ="Control flow" value="2" />
  <attribute name="GC Util Range Max" value="15" />
  <attribute name="Current GC Util" value="10" />
  <attribute name= "Current Time Running" value="1982" />
<allocation-satisfied id="882" threadId="0000000000D1BB00" bytesRequested="48" />
<af-end id="883" timestamp="2019-08-02T22:33:22.096" threadId="0000000000D1C488" success="true" from="nursery"/>
<exclusive-end id="884" timestamp="2019-08-02T22:33:22.096" durationms="1.371" />

<exclusive-start id="885" timestamp="2019-08-02T22:33:22.096" intervalms="1.496">
  <response-info timems="0.050" idlems="0.050" threads="0" lastid="0000000000D26F00" lastname="Thread-6" />
</exclusive-start>
<concurrent-collection-start id="886" timestamp="2019-08-02T22:33:22.096" intervalms="161.383" >
  <concurrent-trace-info reason="card cleaning threshold reached" tracedByMutators="750576" tracedByHelpers="931540" cardsCleaned="79" workStackOverflowCount="0" />
</concurrent-collection-start>
<gc-start id="887" type="global" contextid="871" timestamp="2019-08-02T22:33:22.096">
  <mem-info id="888" free="1785408" total="10420224" percent="17">
    <mem type="nursery" free="1445840" total="3932160" percent="36">
      <mem type="allocate" free="1445840" total="2621440" percent="55" />
      <mem type="survivor" free="0" total="1310720" percent="0" />
    </mem>
    <mem type="tenure" free="339568" total="6488064" percent="5">
      <mem type="soa" free="15984" total="6164480" percent="0" />
      <mem type="loa" free="323584" total="323584" percent="100" />
    </mem>
    <remembered-set count="279" />
  </mem-info>
</gc-start>
<allocation-stats totalBytes="127024" >
  <allocated-bytes non-tlh="48" tlh="126976" />
  <largest-consumer threadName="Thread-9" threadId="0000000000D32300" bytes="45056" />
</allocation-stats>
<gc-op id="889" type="rs-scan" timems="1.287" contextid="871" timestamp="2019-08-02T22:33:22.098">
  <scan objectsFound="108" bytesTraced="16668" workStackOverflowCount="0" />
</gc-op>
<gc-op id="890" type="card-cleaning" timems="0.375" contextid="871" timestamp="2019-08-02T22:33:22.098">
  <card-cleaning cardsCleaned="109" bytesTraced="401220" workStackOverflowCount="0" />
</gc-op>
<gc-op id="891" type="mark" timems="2.745" contextid="871" timestamp="2019-08-02T22:33:22.101">
  <trace-info objectcount="2506" scancount="2226" scanbytes="421280" />
  <finalization candidates="25" enqueued="0" />
  <references type="soft" candidates="168" cleared="0" enqueued="0" dynamicThreshold="15" maxThreshold="32" />
  <references type="weak" candidates="246" cleared="0" enqueued="0" />
  <references type="phantom" candidates="74" cleared="0" enqueued="0" />
  <stringconstants candidates="3963" cleared="0"  />
</gc-op>
<gc-op id="892" type="sweep" timems="2.503" contextid="871" timestamp="2019-08-02T22:33:22.104" />
<mem-info id="893" free="4674008" total="10420224" percent="44">
  <mem type="nursery" free="1779368" total="3932160" percent="45">
    <mem type="allocate" free="1779368" total="2621440" percent="67" />
    <mem type="survivor" free="0" total="1310720" percent="0" />
  </mem>
  <mem type="tenure" free="2894640" total="6488064" percent="44" micro-fragmented="11086" macro-fragmented="0">
    <mem type="soa" free="2571056" total="6164480" percent="41" />
    <mem type="loa" free="323584" total="323584" percent="100" />
  </mem>
  <remembered-set count="237" />
</mem-info>
<gc-op id="894" type="compact" timems="9.510" contextid="871" timestamp="2019-08-02T22:33:22.113">
  <compact-info movecount="13714" movebytes="2447176" reason="no compaction" />
</gc-op>
<gc-end id="895" type="global" contextid="871" durationms="18.084" usertimems="32.000" systemtimems="0.000" timestamp="2019-08-02T22:33:22.114" activeThreads="8">
  <mem-info id="896" free="4684256" total="10420224" percent="44">
    <mem type="nursery" free="1781496" total="3932160" percent="45">
      <mem type="allocate" free="1781496" total="2621440" percent="67" />
      <mem type="survivor" free="0" total="1310720" percent="0" />
    </mem>
    <mem type="tenure" free="2902760" total="6488064" percent="44">
      <mem type="soa" free="2579176" total="6164480" percent="41" />
      <mem type="loa" free="323584" total="323584" percent="100" />
    </mem>
    <remembered-set count="237" />
  </mem-info>
</gc-end>
<cycle-end id="897" type="global" contextid="871" timestamp="2019-08-02T22:33:22.115" />
  <attribute name="elasticGC enabled" value="1" />
  <attribute name= "numThreadsSpecified" value="0" />
  <attribute name="heapSize specified" value="10420224" />
  <attribute name= "numCores" value="8" />
  <attribute name ="GC Interval" value="2700" />
  <attribute name ="Control flow" value="2" />
  <attribute name="GC Util Range Max" value="15" />
  <attribute name="Current GC Util" value="100" />
  <attribute name= "Current Time Running" value="2000" />
<concurrent-collection-end id="898" timestamp="2019-08-02T22:33:22.115" />
<exclusive-end id="899" timestamp="2019-08-02T22:33:22.115" durationms="18.685" />

<exclusive-start id="900" timestamp="2019-08-02T22:33:22.149" intervalms="52.467">
  <response-info timems="0.057" idlems="0.057" threads="0" lastid="0000000000D2AB00" lastname="Thread-7" />
</exclusive-start>
<af-start id="901" threadId="0000000000D2B488" totalBytesRequested="32776" timestamp="2019-08-02T22:33:22.149" intervalms="53.897" type="nursery" />
<cycle-start id="902" type="scavenge" contextid="0" timestamp="2019-08-02T22:33:22.149" intervalms="53.898" />
<gc-start id="903" type="scavenge" contextid="902" timestamp="2019-08-02T22:33:22.149">
  <mem-info id="904" free="2902760" total="10420224" percent="27">
    <mem type="nursery" free="0" total="3932160" percent="0">
      <mem type="allocate" free="0" total="2621440" percent="0" />
      <mem type="survivor" free="0" total="1310720" percent="0" />
    </mem>
    <mem type="tenure" free="2902760" total="6488064" percent="44">
      <mem type="soa" free="2579176" total="6164480" percent="41" />
      <mem type="loa" free="323584" total="323584" percent="100" />
    </mem>
    <remembered-set count="417" />
  </mem-info>
</gc-start>
<allocation-stats totalBytes="1736736" >
  <allocated-bytes non-tlh="163888" tlh="1572848" />
  <largest-consumer threadName="Thread-5" threadId="0000000000D23300" bytes="609920" />
</allocation-stats>
<gc-op id="905" type="scavenge" timems="0.430" contextid="902" timestamp="2019-08-02T22:33:22.149">
  <scavenger-info tenureage="1" tenuremask="7ffe" tiltratio="66" />
  <memory-copied type="nursery" objects="1280" bytes="584728" bytesdiscarded="248632" />
  <memory-copied type="tenure" objects="1268" bytes="515128" bytesdiscarded="768" />
</gc-op>
<gc-end id="906" type="scavenge" contextid="902" durationms="0.632" usertimems="0.000" systemtimems="0.000" timestamp="2019-08-02T22:33:22.150" activeThreads="8">
  <mem-info id="907" free="3989480" total="10420224" percent="38">
    <mem type="nursery" free="1853560" total="3932160" percent="47">
      <mem type="allocate" free="1853560" total="2686976" percent="68" />
      <mem type="survivor" free="0" total="1245184" percent="0" />
    </mem>
    <mem type="tenure" free="2135920" total="6488064" percent="32">
      <mem type="soa" free="1812336" total="6164480" percent="29" />
      <mem type="loa" free="323584" total="323584" percent="100" />
    </mem>
    <remembered-set count="248" />
  </mem-info>
</gc-end>
<cycle-end id="908" type="scavenge" contextid="902" timestamp="2019-08-02T22:33:22.150" />
  <attribute name="elasticGC enabled" value="1" />
  <attribute name= "numThreadsSpecified" value="0" />
  <attribute name="heapSize specified" value="10420224" />
  <attribute name= "numCores" value="8" />
  <attribute name ="GC Interval" value="2800" />
  <attribute name ="Control flow" value="3" />
  <attribute name="GC Util Range Max" value="15" />
  <attribute name="Current GC Util" value="14" />
  <attribute name= "Current Time Running" value="2035" />
<allocation-satisfied id="909" threadId="0000000000D2AB00" bytesRequested="32776" />
<af-end id="910" timestamp="2019-08-02T22:33:22.150" threadId="0000000000D2B488" success="true" from="nursery"/>
<exclusive-end id="911" timestamp="2019-08-02T22:33:22.150" durationms="1.135" />

<exclusive-start id="912" timestamp="2019-08-02T22:33:22.177" intervalms="28.528">
  <response-info timems="0.056" idlems="0.056" threads="0" lastid="0000000000D1F700" lastname="Thread-4" />
</exclusive-start>
<af-start id="913" threadId="0000000000D20088" totalBytesRequested="8200" timestamp="2019-08-02T22:33:22.177" intervalms="28.519" type="nursery" />
<cycle-start id="914" type="scavenge" contextid="0" timestamp="2019-08-02T22:33:22.177" intervalms="28.523" />
<gc-start id="915" type="scavenge" contextid="914" timestamp="2019-08-02T22:33:22.177">
  <mem-info id="916" free="2135920" total="10420224" percent="20">
    <mem type="nursery" free="0" total="3932160" percent="0">
      <mem type="allocate" free="0" total="2686976" percent="0" />
      <mem type="survivor" free="0" total="1245184" percent="0" />
    </mem>
    <mem type="tenure" free="2135920" total="6488064" percent="32">
      <mem type="soa" free="1812336" total="6164480" percent="29" />
      <mem type="loa" free="323584" total="323584" percent="100" />
    </mem>
    <remembered-set count="455" />
  </mem-info>
</gc-start>
<allocation-stats totalBytes="1818648" >
  <allocated-bytes non-tlh="131112" tlh="1687536" />
  <largest-consumer threadName="Thread-7" threadId="0000000000D2AB00" bytes="470144" />
</allocation-stats>
<gc-op id="917" type="scavenge" timems="0.511" contextid="914" timestamp="2019-08-02T22:33:22.178">
  <scavenger-info tenureage="1" tenuremask="7ffe" tiltratio="68" />
  <memory-copied type="nursery" objects="1964" bytes="710720" bytesdiscarded="187064" />
  <memory-copied type="tenure" objects="1188" bytes="580104" bytesdiscarded="144" />
  <references type="phantom" candidates="1" cleared="0" enqueued="0" />
</gc-op>
<gc-end id="918" type="scavenge" contextid="914" durationms="0.683" usertimems="0.000" systemtimems="0.000" timestamp="2019-08-02T22:33:22.178" activeThreads="8">
  <mem-info id="919" free="3247840" total="10420224" percent="31">
    <mem type="nursery" free="1854672" total="3932160" percent="47">
      <mem type="allocate" free="1854672" total="2752512" percent="67" />
      <mem type="survivor" free="0" total="1179648" percent="0" />
    </mem>
    <mem type="tenure" free="1393168" total="6488064" percent="21">
      <mem type="soa" free="1069584" total="6164480" percent="17" />
      <mem type="loa" free="323584" total="323584" percent="100" />
    </mem>
    <remembered-set count="257" />
  </mem-info>
</gc-end>
<cycle-end id="920" type="scavenge" contextid="914" timestamp="2019-08-02T22:33:22.178" />
  <attribute name="elasticGC enabled" value="1" />
  <attribute name= "numThreadsSpecified" value="0" />
  <attribute name="heapSize specified" value="10420224" />
  <attribute name= "numCores" value="8" />
  <attribute name ="GC Interval" value="2800" />
  <attribute name ="Control flow" value="2" />
  <attribute name="GC Util Range Max" value="15" />
  <attribute name="Current GC Util" value="5" />
  <attribute name= "Current Time Running" value="2064" />
<allocation-satisfied id="921" threadId="0000000000D1F700" bytesRequested="8200" />
<af-end id="922" timestamp="2019-08-02T22:33:22.178" threadId="0000000000D20088" success="true" from="nursery"/>
<exclusive-end id="923" timestamp="2019-08-02T22:33:22.179" durationms="1.327" />

<exclusive-start id="924" timestamp="2019-08-02T22:33:22.200" intervalms="22.783">
  <response-info timems="0.106" idlems="0.106" threads="0" lastid="0000000000D35F00" lastname="Thread-10" />
</exclusive-start>
<af-start id="925" threadId="0000000000D36888" totalBytesRequested="2056" timestamp="2019-08-02T22:33:22.200" intervalms="22.831" type="nursery" />
<cycle-start id="926" type="scavenge" contextid="0" timestamp="2019-08-02T22:33:22.200" intervalms="22.831" />
<gc-start id="927" type="scavenge" contextid="926" timestamp="2019-08-02T22:33:22.200">
  <mem-info id="928" free="1393168" total="10420224" percent="13">
    <mem type="nursery" free="0" total="3932160" percent="0">
      <mem type="allocate" free="0" total="2752512" percent="0" />
      <mem type="survivor" free="0" total="1179648" percent="0" />
    </mem>
    <mem type="tenure" free="1393168" total="6488064" percent="21">
      <mem type="soa" free="1069584" total="6164480" percent="17" />
      <mem type="loa" free="323584" total="323584" percent="100" />
    </mem>
    <remembered-set count="461" />
  </mem-info>
</gc-start>
<allocation-stats totalBytes="1797096" >
  <allocated-bytes non-tlh="90144" tlh="1706952" />
  <largest-consumer threadName="Thread-7" threadId="0000000000D2AB00" bytes="733440" />
</allocation-stats>
<gc-op id="929" type="scavenge" timems="2.606" contextid="926" timestamp="2019-08-02T22:33:22.203">
  <scavenger-info tenureage="1" tenuremask="7ffe" tiltratio="70" />
  <memory-copied type="nursery" objects="1901" bytes="628960" bytesdiscarded="187568" />
  <memory-copied type="tenure" objects="1254" bytes="489232" bytesdiscarded="632" />
  <references type="phantom" candidates="1" cleared="0" enqueued="0" />
</gc-op>
<heap-resize id="930" type="expand" space="nursery" amount="262144" count="1" timems="0.014" reason="excessive time being spent scavenging" timestamp="2019-08-02T22:33:22.203" />
<gc-end id="931" type="scavenge" contextid="926" durationms="2.895" usertimems="4.000" systemtimems="0.000" timestamp="2019-08-02T22:33:22.203" activeThreads="8">
  <mem-info id="932" free="3081984" total="10682368" percent="28">
    <mem type="nursery" free="2132552" total="4194304" percent="50">
      <mem type="allocate" free="2132552" total="2949120" percent="72" />
      <mem type="survivor" free="0" total="1245184" percent="0" />
    </mem>
    <mem type="tenure" free="949432" total="6488064" percent="14">
      <mem type="soa" free="625848" total="6164480" percent="10" />
      <mem type="loa" free="323584" total="323584" percent="100" />
    </mem>
    <remembered-set count="267" />
  </mem-info>
</gc-end>
<cycle-end id="933" type="scavenge" contextid="926" timestamp="2019-08-02T22:33:22.203" />
  <attribute name="elasticGC enabled" value="1" />
  <attribute name= "numThreadsSpecified" value="0" />
  <attribute name="heapSize specified" value="10420224" />
  <attribute name= "numCores" value="8" />
  <attribute name ="GC Interval" value="2800" />
  <attribute name ="Control flow" value="3" />
  <attribute name="GC Util Range Max" value="15" />
  <attribute name="Current GC Util" value="7" />
  <attribute name= "Current Time Running" value="2087" />
<allocation-satisfied id="934" threadId="0000000000D35F00" bytesRequested="2056" />
<af-end id="935" timestamp="2019-08-02T22:33:22.203" threadId="0000000000D36888" success="true" from="nursery"/>
<exclusive-end id="936" timestamp="2019-08-02T22:33:22.204" durationms="3.531" />

<concurrent-kickoff id="937" timestamp="2019-08-02T22:33:22.226">
  <kickoff reason="threshold reached" targetBytes="1980475" thresholdFreeBytes="267130"  remainingFree="240184" tenureFreeBytes="949432" nurseryFreeBytes="240184" />
</concurrent-kickoff>
<exclusive-start id="938" timestamp="2019-08-02T22:33:22.226" intervalms="26.290">
  <response-info timems="0.068" idlems="0.068" threads="0" lastid="0000000000D2AB00" lastname="Thread-7" />
</exclusive-start>
<cycle-start id="939" type="global" contextid="0" timestamp="2019-08-02T22:33:22.226" intervalms="134.364" />
<exclusive-end id="940" timestamp="2019-08-02T22:33:22.226" durationms="0.161" />

<exclusive-start id="941" timestamp="2019-08-02T22:33:22.229" intervalms="2.645">
  <response-info timems="0.046" idlems="0.046" threads="0" lastid="0000000000D2AB00" lastname="Thread-7" />
</exclusive-start>
<af-start id="942" threadId="0000000000D2B488" totalBytesRequested="32776" timestamp="2019-08-02T22:33:22.229" intervalms="28.950" type="nursery" />
<cycle-start id="943" type="scavenge" contextid="0" timestamp="2019-08-02T22:33:22.229" intervalms="28.945" />
<gc-start id="944" type="scavenge" contextid="943" timestamp="2019-08-02T22:33:22.229">
  <mem-info id="945" free="949432" total="10682368" percent="8">
    <mem type="nursery" free="0" total="4194304" percent="0">
      <mem type="allocate" free="0" total="2949120" percent="0" />
      <mem type="survivor" free="0" total="1245184" percent="0" />
    </mem>
    <mem type="tenure" free="949432" total="6488064" percent="14">
      <mem type="soa" free="625848" total="6164480" percent="10" />
      <mem type="loa" free="323584" total="323584" percent="100" />
    </mem>
    <remembered-set count="455" />
  </mem-info>
</gc-start>
<allocation-stats totalBytes="2066560" >
  <allocated-bytes non-tlh="182336" tlh="1884224" />
  <largest-consumer threadName="Thread-3" threadId="0000000000D1BB00" bytes="789728" />
</allocation-stats>
<gc-op id="946" type="scavenge" timems="0.590" contextid="943" timestamp="2019-08-02T22:33:22.230">
  <scavenger-info tenureage="1" tenuremask="7ffe" tiltratio="70" />
  <memory-copied type="nursery" objects="1430" bytes="644000" bytesdiscarded="356560" />
  <memory-copied type="tenure" objects="1210" bytes="418984" bytesdiscarded="1152" />
  <references type="weak" candidates="1" cleared="0" enqueued="0" />
  <references type="phantom" candidates="1" cleared="0" enqueued="0" />
</gc-op>
<gc-end id="947" type="scavenge" contextid="943" durationms="0.787" usertimems="0.000" systemtimems="0.000" timestamp="2019-08-02T22:33:22.230" activeThreads="8">
  <mem-info id="948" free="2707616" total="10682368" percent="25">
    <mem type="nursery" free="2145112" total="4194304" percent="51">
      <mem type="allocate" free="2145112" total="3145728" percent="68" />
      <mem type="survivor" free="0" total="1048576" percent="0" />
    </mem>
    <mem type="tenure" free="562504" total="6488064" percent="8">
      <mem type="soa" free="238920" total="6164480" percent="3" />
      <mem type="loa" free="323584" total="323584" percent="100" />
    </mem>
    <remembered-set count="276" />
  </mem-info>
</gc-end>
<cycle-end id="949" type="scavenge" contextid="943" timestamp="2019-08-02T22:33:22.230" />
  <attribute name="elasticGC enabled" value="1" />
  <attribute name= "numThreadsSpecified" value="0" />
  <attribute name="heapSize specified" value="10420224" />
  <attribute name= "numCores" value="8" />
  <attribute name ="GC Interval" value="2900" />
  <attribute name ="Control flow" value="2" />
  <attribute name="GC Util Range Max" value="15" />
  <attribute name="Current GC Util" value="20" />
  <attribute name= "Current Time Running" value="2116" />
<allocation-satisfied id="950" threadId="0000000000D2AB00" bytesRequested="32776" />
<af-end id="951" timestamp="2019-08-02T22:33:22.230" threadId="0000000000D2B488" success="true" from="nursery"/>
<exclusive-end id="952" timestamp="2019-08-02T22:33:22.230" durationms="1.328" />

<exclusive-start id="953" timestamp="2019-08-02T22:33:22.230" intervalms="1.440">
  <response-info timems="0.045" idlems="0.045" threads="0" lastid="0000000000D2E700" lastname="Thread-8" />
</exclusive-start>
<concurrent-collection-start id="954" timestamp="2019-08-02T22:33:22.230" intervalms="134.152" >
  <concurrent-trace-info reason="card cleaning threshold reached" tracedByMutators="486460" tracedByHelpers="1361040" cardsCleaned="112" workStackOverflowCount="0" />
</concurrent-collection-start>
<gc-start id="955" type="global" contextid="939" timestamp="2019-08-02T22:33:22.230">
  <mem-info id="956" free="2547864" total="10682368" percent="23">
    <mem type="nursery" free="1985360" total="4194304" percent="47">
      <mem type="allocate" free="1985360" total="3145728" percent="63" />
      <mem type="survivor" free="0" total="1048576" percent="0" />
    </mem>
    <mem type="tenure" free="562504" total="6488064" percent="8">
      <mem type="soa" free="238920" total="6164480" percent="3" />
      <mem type="loa" free="323584" total="323584" percent="100" />
    </mem>
    <remembered-set count="276" />
  </mem-info>
</gc-start>
<allocation-stats totalBytes="159752" >
  <allocated-bytes non-tlh="32776" tlh="126976" />
  <largest-consumer threadName="Thread-7" threadId="0000000000D2AB00" bytes="73736" />
</allocation-stats>
<gc-op id="957" type="rs-scan" timems="0.135" contextid="939" timestamp="2019-08-02T22:33:22.231">
  <scan objectsFound="148" bytesTraced="22916" workStackOverflowCount="0" />
</gc-op>
<gc-op id="958" type="card-cleaning" timems="0.172" contextid="939" timestamp="2019-08-02T22:33:22.231">
  <card-cleaning cardsCleaned="108" bytesTraced="483408" workStackOverflowCount="0" />
</gc-op>
<gc-op id="959" type="mark" timems="0.556" contextid="939" timestamp="2019-08-02T22:33:22.232">
  <trace-info objectcount="1481" scancount="1306" scanbytes="300732" />
  <finalization candidates="25" enqueued="0" />
  <references type="soft" candidates="168" cleared="0" enqueued="0" dynamicThreshold="14" maxThreshold="32" />
  <references type="weak" candidates="247" cleared="0" enqueued="0" />
  <references type="phantom" candidates="74" cleared="0" enqueued="0" />
  <stringconstants candidates="3963" cleared="0"  />
</gc-op>
<gc-op id="960" type="sweep" timems="0.197" contextid="939" timestamp="2019-08-02T22:33:22.232" />
<gc-end id="961" type="global" contextid="939" durationms="1.694" usertimems="0.000" systemtimems="4.000" timestamp="2019-08-02T22:33:22.232" activeThreads="8">
  <mem-info id="962" free="5135032" total="10682368" percent="48">
    <mem type="nursery" free="2541520" total="4194304" percent="60">
      <mem type="allocate" free="2541520" total="3145728" percent="80" />
      <mem type="survivor" free="0" total="1048576" percent="0" />
    </mem>
    <mem type="tenure" free="2593512" total="6488064" percent="39" micro-fragmented="0" macro-fragmented="0">
      <mem type="soa" free="2269928" total="6164480" percent="36" />
      <mem type="loa" free="323584" total="323584" percent="100" />
    </mem>
    <remembered-set count="232" />
  </mem-info>
</gc-end>
<cycle-end id="963" type="global" contextid="939" timestamp="2019-08-02T22:33:22.232" />
  <attribute name="elasticGC enabled" value="1" />
  <attribute name= "numThreadsSpecified" value="0" />
  <attribute name="heapSize specified" value="10420224" />
  <attribute name= "numCores" value="8" />
  <attribute name ="GC Interval" value="2900" />
  <attribute name ="Control flow" value="2" />
  <attribute name="GC Util Range Max" value="15" />
  <attribute name="Current GC Util" value="49" />
  <attribute name= "Current Time Running" value="2118" />
<concurrent-collection-end id="964" timestamp="2019-08-02T22:33:22.232" />
<exclusive-end id="965" timestamp="2019-08-02T22:33:22.232" durationms="1.951" />

<exclusive-start id="966" timestamp="2019-08-02T22:33:22.255" intervalms="24.701">
  <response-info timems="0.056" idlems="0.056" threads="0" lastid="0000000000D2AB00" lastname="Thread-7" />
</exclusive-start>
<af-start id="967" threadId="0000000000D2B488" totalBytesRequested="16392" timestamp="2019-08-02T22:33:22.255" intervalms="26.075" type="nursery" />
<cycle-start id="968" type="scavenge" contextid="0" timestamp="2019-08-02T22:33:22.255" intervalms="26.073" />
<gc-start id="969" type="scavenge" contextid="968" timestamp="2019-08-02T22:33:22.255">
  <mem-info id="970" free="2593512" total="10682368" percent="24">
    <mem type="nursery" free="0" total="4194304" percent="0">
      <mem type="allocate" free="0" total="3145728" percent="0" />
      <mem type="survivor" free="0" total="1048576" percent="0" />
    </mem>
    <mem type="tenure" free="2593512" total="6488064" percent="39">
      <mem type="soa" free="2269928" total="6164480" percent="36" />
      <mem type="loa" free="323584" total="323584" percent="100" />
    </mem>
    <remembered-set count="453" />
  </mem-info>
</gc-start>
<allocation-stats totalBytes="2487592" >
  <allocated-bytes non-tlh="417936" tlh="2069656" />
  <largest-consumer threadName="Thread-6" threadId="0000000000D26F00" bytes="517048" />
</allocation-stats>
<gc-op id="971" type="scavenge" timems="0.521" contextid="968" timestamp="2019-08-02T22:33:22.256">
  <scavenger-info tenureage="1" tenuremask="7ffe" tiltratio="75" />
  <memory-copied type="nursery" objects="2158" bytes="992568" bytesdiscarded="55912" />
  <memory-copied type="tenure" objects="1081" bytes="329680" bytesdiscarded="136" />
  <copy-failed type="nursery" objects="362" bytes="85872" />
</gc-op>
<gc-end id="972" type="scavenge" contextid="968" durationms="0.711" usertimems="0.000" systemtimems="0.000" timestamp="2019-08-02T22:33:22.256" activeThreads="8">
  <mem-info id="973" free="3642424" total="10682368" percent="34">
    <mem type="nursery" free="1441792" total="4194304" percent="34">
      <mem type="allocate" free="1441792" total="2490368" percent="57" />
      <mem type="survivor" free="0" total="1703936" percent="0" />
    </mem>
    <mem type="tenure" free="2200632" total="6488064" percent="33">
      <mem type="soa" free="1877048" total="6164480" percent="30" />
      <mem type="loa" free="323584" total="323584" percent="100" />
    </mem>
    <remembered-set count="245" />
  </mem-info>
</gc-end>
<cycle-end id="974" type="scavenge" contextid="968" timestamp="2019-08-02T22:33:22.256" />
  <attribute name="elasticGC enabled" value="1" />
  <attribute name= "numThreadsSpecified" value="0" />
  <attribute name="heapSize specified" value="10420224" />
  <attribute name= "numCores" value="8" />
  <attribute name ="GC Interval" value="3000" />
  <attribute name ="Control flow" value="2" />
  <attribute name="GC Util Range Max" value="15" />
  <attribute name="Current GC Util" value="8" />
  <attribute name= "Current Time Running" value="2142" />
<allocation-satisfied id="975" threadId="0000000000D2AB00" bytesRequested="16392" />
<af-end id="976" timestamp="2019-08-02T22:33:22.256" threadId="0000000000D2B488" success="true" from="nursery"/>
<exclusive-end id="977" timestamp="2019-08-02T22:33:22.256" durationms="1.169" />

<exclusive-start id="978" timestamp="2019-08-02T22:33:22.284" intervalms="28.982">
  <response-info timems="0.099" idlems="0.099" threads="0" lastid="0000000000D23300" lastname="Thread-5" />
</exclusive-start>
<af-start id="979" threadId="0000000000D23C88" totalBytesRequested="48" timestamp="2019-08-02T22:33:22.284" intervalms="28.968" type="nursery" />
<cycle-start id="980" type="scavenge" contextid="0" timestamp="2019-08-02T22:33:22.284" intervalms="28.970" />
<gc-start id="981" type="scavenge" contextid="980" timestamp="2019-08-02T22:33:22.284">
  <mem-info id="982" free="2200632" total="10682368" percent="20">
    <mem type="nursery" free="0" total="4194304" percent="0">
      <mem type="allocate" free="0" total="2490368" percent="0" />
      <mem type="survivor" free="0" total="1703936" percent="0" />
    </mem>
    <mem type="tenure" free="2200632" total="6488064" percent="33">
      <mem type="soa" free="1877048" total="6164480" percent="30" />
      <mem type="loa" free="323584" total="323584" percent="100" />
    </mem>
    <remembered-set count="400" />
  </mem-info>
</gc-start>
<allocation-stats totalBytes="1426088" >
  <allocated-bytes non-tlh="49168" tlh="1376920" />
  <largest-consumer threadName="Thread-3" threadId="0000000000D1BB00" bytes="521096" />
</allocation-stats>
<gc-op id="983" type="scavenge" timems="0.844" contextid="980" timestamp="2019-08-02T22:33:22.285">
  <scavenger-info tenureage="1" tenuremask="7ffe" tiltratio="59" />
  <memory-copied type="nursery" objects="1447" bytes="515800" bytesdiscarded="225160" />
  <memory-copied type="tenure" objects="1593" bytes="775176" bytesdiscarded="3824" />
</gc-op>
<gc-end id="984" type="scavenge" contextid="980" durationms="1.216" usertimems="0.000" systemtimems="4.000" timestamp="2019-08-02T22:33:22.285" activeThreads="8">
  <mem-info id="985" free="3133976" total="10682368" percent="29">
    <mem type="nursery" free="1814920" total="4194304" percent="43">
      <mem type="allocate" free="1814920" total="2555904" percent="71" />
      <mem type="survivor" free="0" total="1638400" percent="0" />
    </mem>
    <mem type="tenure" free="1319056" total="6488064" percent="20">
      <mem type="soa" free="995472" total="6164480" percent="16" />
      <mem type="loa" free="323584" total="323584" percent="100" />
    </mem>
    <remembered-set count="254" />
  </mem-info>
</gc-end>
<cycle-end id="986" type="scavenge" contextid="980" timestamp="2019-08-02T22:33:22.286" />
  <attribute name="elasticGC enabled" value="1" />
  <attribute name= "numThreadsSpecified" value="0" />
  <attribute name="heapSize specified" value="10420224" />
  <attribute name= "numCores" value="8" />
  <attribute name ="GC Interval" value="3000" />
  <attribute name ="Control flow" value="3" />
  <attribute name="GC Util Range Max" value="15" />
  <attribute name="Current GC Util" value="6" />
  <attribute name= "Current Time Running" value="2171" />
<allocation-satisfied id="987" threadId="0000000000D23300" bytesRequested="48" />
<af-end id="988" timestamp="2019-08-02T22:33:22.286" threadId="0000000000D23C88" success="true" from="nursery"/>
<exclusive-end id="989" timestamp="2019-08-02T22:33:22.286" durationms="1.776" />

<concurrent-kickoff id="990" timestamp="2019-08-02T22:33:22.301">
  <kickoff reason="threshold reached" targetBytes="1952301" thresholdFreeBytes="265059"  remainingFree="246040" tenureFreeBytes="1319056" nurseryFreeBytes="246040" />
</concurrent-kickoff>
<exclusive-start id="991" timestamp="2019-08-02T22:33:22.301" intervalms="16.806">
  <response-info timems="0.043" idlems="0.043" threads="0" lastid="0000000000D23300" lastname="Thread-5" />
</exclusive-start>
<cycle-start id="992" type="global" contextid="0" timestamp="2019-08-02T22:33:22.301" intervalms="74.565" />
<exclusive-end id="993" timestamp="2019-08-02T22:33:22.301" durationms="0.159" />

<exclusive-start id="994" timestamp="2019-08-02T22:33:22.308" intervalms="7.147">
  <response-info timems="0.049" idlems="0.049" threads="0" lastid="0000000000D2AB00" lastname="Thread-7" />
</exclusive-start>
<af-start id="995" threadId="0000000000D2B488" totalBytesRequested="16" timestamp="2019-08-02T22:33:22.308" intervalms="23.954" type="nursery" />
<cycle-start id="996" type="scavenge" contextid="0" timestamp="2019-08-02T22:33:22.308" intervalms="23.953" />
<gc-start id="997" type="scavenge" contextid="996" timestamp="2019-08-02T22:33:22.308">
  <mem-info id="998" free="1319056" total="10682368" percent="12">
    <mem type="nursery" free="0" total="4194304" percent="0">
      <mem type="allocate" free="0" total="2555904" percent="0" />
      <mem type="survivor" free="0" total="1638400" percent="0" />
    </mem>
    <mem type="tenure" free="1319056" total="6488064" percent="20">
      <mem type="soa" free="995472" total="6164480" percent="16" />
      <mem type="loa" free="323584" total="323584" percent="100" />
    </mem>
    <remembered-set count="439" />
  </mem-info>
</gc-start>
<allocation-stats totalBytes="1765968" >
  <allocated-bytes non-tlh="213104" tlh="1552864" />
  <largest-consumer threadName="Thread-4" threadId="0000000000D1F700" bytes="494688" />
</allocation-stats>
<gc-op id="999" type="scavenge" timems="0.516" contextid="996" timestamp="2019-08-02T22:33:22.309">
  <scavenger-info tenureage="1" tenuremask="7ffe" tiltratio="60" />
  <memory-copied type="nursery" objects="2034" bytes="767952" bytesdiscarded="196712" />
  <memory-copied type="tenure" objects="1359" bytes="511736" bytesdiscarded="1728" />
</gc-op>
<gc-end id="1000" type="scavenge" contextid="996" durationms="0.715" usertimems="0.000" systemtimems="0.000" timestamp="2019-08-02T22:33:22.309" activeThreads="8">
  <mem-info id="1001" free="2562744" total="10682368" percent="23">
    <mem type="nursery" free="1722240" total="4194304" percent="41">
      <mem type="allocate" free="1722240" total="2686976" percent="64" />
      <mem type="survivor" free="0" total="1507328" percent="0" />
    </mem>
    <mem type="tenure" free="840504" total="6488064" percent="12">
      <mem type="soa" free="516920" total="6164480" percent="8" />
      <mem type="loa" free="323584" total="323584" percent="100" />
    </mem>
    <remembered-set count="294" />
  </mem-info>
</gc-end>
<cycle-end id="1002" type="scavenge" contextid="996" timestamp="2019-08-02T22:33:22.309" />
  <attribute name="elasticGC enabled" value="1" />
  <attribute name= "numThreadsSpecified" value="0" />
  <attribute name="heapSize specified" value="10420224" />
  <attribute name= "numCores" value="8" />
  <attribute name ="GC Interval" value="3000" />
  <attribute name ="Control flow" value="3" />
  <attribute name="GC Util Range Max" value="15" />
  <attribute name="Current GC Util" value="10" />
  <attribute name= "Current Time Running" value="2195" />
<allocation-satisfied id="1003" threadId="0000000000D2AB00" bytesRequested="16" />
<af-end id="1004" timestamp="2019-08-02T22:33:22.309" threadId="0000000000D2B488" success="true" from="nursery"/>
<exclusive-end id="1005" timestamp="2019-08-02T22:33:22.309" durationms="1.168" />

<exclusive-start id="1006" timestamp="2019-08-02T22:33:22.313" intervalms="5.431">
  <response-info timems="0.051" idlems="0.051" threads="0" lastid="0000000000D2AB00" lastname="Thread-7" />
</exclusive-start>
<concurrent-collection-start id="1007" timestamp="2019-08-02T22:33:22.314" intervalms="83.211" >
  <concurrent-trace-info reason="card cleaning threshold reached" tracedByMutators="901208" tracedByHelpers="1063420" cardsCleaned="160" workStackOverflowCount="0" />
</concurrent-collection-start>
<gc-start id="1008" type="global" contextid="992" timestamp="2019-08-02T22:33:22.314">
  <mem-info id="1009" free="2288296" total="10682368" percent="21">
    <mem type="nursery" free="1447792" total="4194304" percent="34">
      <mem type="allocate" free="1447792" total="2686976" percent="53" />
      <mem type="survivor" free="0" total="1507328" percent="0" />
    </mem>
    <mem type="tenure" free="840504" total="6488064" percent="12">
      <mem type="soa" free="516920" total="6164480" percent="8" />
      <mem type="loa" free="323584" total="323584" percent="100" />
    </mem>
    <remembered-set count="332" />
  </mem-info>
</gc-start>
<allocation-stats totalBytes="273848" >
  <allocated-bytes non-tlh="16" tlh="273832" />
  <largest-consumer threadName="Thread-7" threadId="0000000000D2AB00" bytes="53096" />
</allocation-stats>
<gc-op id="1010" type="rs-scan" timems="0.141" contextid="992" timestamp="2019-08-02T22:33:22.314">
  <scan objectsFound="106" bytesTraced="15996" workStackOverflowCount="0" />
</gc-op>
<gc-op id="1011" type="card-cleaning" timems="0.222" contextid="992" timestamp="2019-08-02T22:33:22.314">
  <card-cleaning cardsCleaned="129" bytesTraced="715604" workStackOverflowCount="0" />
</gc-op>
<gc-op id="1012" type="mark" timems="0.591" contextid="992" timestamp="2019-08-02T22:33:22.315">
  <trace-info objectcount="1050" scancount="925" scanbytes="117408" />
  <finalization candidates="25" enqueued="0" />
  <references type="soft" candidates="168" cleared="76" enqueued="73" dynamicThreshold="12" maxThreshold="32" />
  <references type="weak" candidates="246" cleared="0" enqueued="0" />
  <references type="phantom" candidates="73" cleared="0" enqueued="0" />
  <stringconstants candidates="3963" cleared="0"  />
</gc-op>
<gc-op id="1013" type="sweep" timems="0.208" contextid="992" timestamp="2019-08-02T22:33:22.315" />
<mem-info id="1014" free="4593040" total="10682368" percent="42">
  <mem type="nursery" free="2018424" total="4194304" percent="48">
    <mem type="allocate" free="2018424" total="2686976" percent="75" />
    <mem type="survivor" free="0" total="1507328" percent="0" />
  </mem>
  <mem type="tenure" free="2574616" total="6488064" percent="39" micro-fragmented="32128" macro-fragmented="0">
    <mem type="soa" free="2251032" total="6164480" percent="36" />
    <mem type="loa" free="323584" total="323584" percent="100" />
  </mem>
  <pending-finalizers system="0" default="0" reference="73" classloader="0" />
  <remembered-set count="268" />
</mem-info>
<gc-op id="1015" type="compact" timems="8.401" contextid="992" timestamp="2019-08-02T22:33:22.324">
  <compact-info movecount="33134" movebytes="4133280" reason="no compaction" />
</gc-op>
<gc-end id="1016" type="global" contextid="992" durationms="10.347" usertimems="12.000" systemtimems="4.000" timestamp="2019-08-02T22:33:22.324" activeThreads="8">
  <mem-info id="1017" free="4620448" total="10682368" percent="43">
    <mem type="nursery" free="2027000" total="4194304" percent="48">
      <mem type="allocate" free="2027000" total="2686976" percent="75" />
      <mem type="survivor" free="0" total="1507328" percent="0" />
    </mem>
    <mem type="tenure" free="2593448" total="6488064" percent="39">
      <mem type="soa" free="2269864" total="6164480" percent="36" />
      <mem type="loa" free="323584" total="323584" percent="100" />
    </mem>
    <pending-finalizers system="0" default="0" reference="73" classloader="0" />
    <remembered-set count="268" />
  </mem-info>
</gc-end>
<cycle-end id="1018" type="global" contextid="992" timestamp="2019-08-02T22:33:22.324" />
  <attribute name="elasticGC enabled" value="1" />
  <attribute name= "numThreadsSpecified" value="0" />
  <attribute name="heapSize specified" value="10682368" />
  <attribute name= "numCores" value="8" />
  <attribute name ="GC Interval" value="3000" />
  <attribute name ="Control flow" value="2" />
  <attribute name="GC Util Range Max" value="15" />
  <attribute name="Current GC Util" value="34" />
  <attribute name= "Current Time Running" value="2210" />
<concurrent-collection-end id="1019" timestamp="2019-08-02T22:33:22.324" />
<exclusive-end id="1020" timestamp="2019-08-02T22:33:22.325" durationms="11.100" />

<exclusive-start id="1021" timestamp="2019-08-02T22:33:22.349" intervalms="35.509">
  <response-info timems="0.060" idlems="0.060" threads="0" lastid="0000000000D35F00" lastname="Thread-10" />
</exclusive-start>
<af-start id="1022" threadId="0000000000D36888" totalBytesRequested="8200" timestamp="2019-08-02T22:33:22.349" intervalms="40.977" type="nursery" />
<cycle-start id="1023" type="scavenge" contextid="0" timestamp="2019-08-02T22:33:22.349" intervalms="40.980" />
<gc-start id="1024" type="scavenge" contextid="1023" timestamp="2019-08-02T22:33:22.349">
  <mem-info id="1025" free="2593448" total="10682368" percent="24">
    <mem type="nursery" free="0" total="4194304" percent="0">
      <mem type="allocate" free="0" total="2686976" percent="0" />
      <mem type="survivor" free="0" total="1507328" percent="0" />
    </mem>
    <mem type="tenure" free="2593448" total="6488064" percent="39">
      <mem type="soa" free="2269864" total="6164480" percent="36" />
      <mem type="loa" free="323584" total="323584" percent="100" />
    </mem>
    <remembered-set count="562" />
  </mem-info>
</gc-start>
<allocation-stats totalBytes="1965640" >
  <allocated-bytes non-tlh="245832" tlh="1719808" />
  <largest-consumer threadName="Thread-5" threadId="0000000000D23300" bytes="765112" />
</allocation-stats>
<gc-op id="1026" type="scavenge" timems="1.985" contextid="1023" timestamp="2019-08-02T22:33:22.351">
  <scavenger-info tenureage="1" tenuremask="7ffe" tiltratio="64" />
  <memory-copied type="nursery" objects="1563" bytes="605560" bytesdiscarded="183240" />
  <memory-copied type="tenure" objects="1256" bytes="436888" bytesdiscarded="440" />
  <references type="weak" candidates="1" cleared="0" enqueued="0" />
  <references type="phantom" candidates="1" cleared="0" enqueued="0" />
</gc-op>
<gc-end id="1027" type="scavenge" contextid="1023" durationms="2.228" usertimems="0.000" systemtimems="4.000" timestamp="2019-08-02T22:33:22.351" activeThreads="8">
  <mem-info id="1028" free="3893192" total="10682368" percent="36">
    <mem type="nursery" free="1963656" total="4194304" percent="46">
      <mem type="allocate" free="1963656" total="2752512" percent="71" />
      <mem type="survivor" free="0" total="1441792" percent="0" />
    </mem>
    <mem type="tenure" free="1929536" total="6488064" percent="29">
      <mem type="soa" free="1605952" total="6164480" percent="26" />
      <mem type="loa" free="323584" total="323584" percent="100" />
    </mem>
    <remembered-set count="340" />
  </mem-info>
</gc-end>
<cycle-end id="1029" type="scavenge" contextid="1023" timestamp="2019-08-02T22:33:22.352" />
  <attribute name="elasticGC enabled" value="1" />
  <attribute name= "numThreadsSpecified" value="0" />
  <attribute name="heapSize specified" value="10682368" />
  <attribute name= "numCores" value="8" />
  <attribute name ="GC Interval" value="3200" />
  <attribute name ="Control flow" value="2" />
  <attribute name="GC Util Range Max" value="15" />
  <attribute name="Current GC Util" value="36" />
  <attribute name= "Current Time Running" value="2236" />
<allocation-satisfied id="1030" threadId="0000000000D35F00" bytesRequested="8200" />
<af-end id="1031" timestamp="2019-08-02T22:33:22.352" threadId="0000000000D36888" success="true" from="nursery"/>
<exclusive-end id="1032" timestamp="2019-08-02T22:33:22.352" durationms="2.854" />

<exclusive-start id="1033" timestamp="2019-08-02T22:33:22.366" intervalms="17.079">
  <response-info timems="0.047" idlems="0.047" threads="0" lastid="0000000000D1F700" lastname="Thread-4" />
</exclusive-start>
<af-start id="1034" threadId="0000000000D20088" totalBytesRequested="32776" timestamp="2019-08-02T22:33:22.366" intervalms="17.066" type="nursery" />
<cycle-start id="1035" type="scavenge" contextid="0" timestamp="2019-08-02T22:33:22.366" intervalms="17.068" />
<gc-start id="1036" type="scavenge" contextid="1035" timestamp="2019-08-02T22:33:22.366">
  <mem-info id="1037" free="1951616" total="10682368" percent="18">
    <mem type="nursery" free="22080" total="4194304" percent="0">
      <mem type="allocate" free="22080" total="2752512" percent="0" />
      <mem type="survivor" free="0" total="1441792" percent="0" />
    </mem>
    <mem type="tenure" free="1929536" total="6488064" percent="29">
      <mem type="soa" free="1605952" total="6164480" percent="26" />
      <mem type="loa" free="323584" total="323584" percent="100" />
    </mem>
    <remembered-set count="503" />
  </mem-info>
</gc-start>
<allocation-stats totalBytes="1874256" >
  <allocated-bytes non-tlh="188488" tlh="1685768" />
  <largest-consumer threadName="Thread-10" threadId="0000000000D35F00" bytes="681984" />
</allocation-stats>
<gc-op id="1038" type="scavenge" timems="0.487" contextid="1035" timestamp="2019-08-02T22:33:22.367">
  <scavenger-info tenureage="1" tenuremask="7ffe" tiltratio="65" />
  <memory-copied type="nursery" objects="1812" bytes="730328" bytesdiscarded="172848" />
  <memory-copied type="tenure" objects="1455" bytes="583704" bytesdiscarded="776" />
</gc-op>
<gc-end id="1039" type="scavenge" contextid="1035" durationms="0.707" usertimems="0.000" systemtimems="0.000" timestamp="2019-08-02T22:33:22.367" activeThreads="8">
  <mem-info id="1040" free="3246784" total="10682368" percent="30">
    <mem type="nursery" free="1980344" total="4194304" percent="47">
      <mem type="allocate" free="1980344" total="2883584" percent="68" />
      <mem type="survivor" free="0" total="1310720" percent="0" />
    </mem>
    <mem type="tenure" free="1266440" total="6488064" percent="19">
      <mem type="soa" free="942856" total="6164480" percent="15" />
      <mem type="loa" free="323584" total="323584" percent="100" />
    </mem>
    <remembered-set count="310" />
  </mem-info>
</gc-end>
<cycle-end id="1041" type="scavenge" contextid="1035" timestamp="2019-08-02T22:33:22.367" />
  <attribute name="elasticGC enabled" value="1" />
  <attribute name= "numThreadsSpecified" value="0" />
  <attribute name="heapSize specified" value="10682368" />
  <attribute name= "numCores" value="8" />
  <attribute name ="GC Interval" value="3300" />
  <attribute name ="Control flow" value="3" />
  <attribute name="GC Util Range Max" value="15" />
  <attribute name="Current GC Util" value="22" />
  <attribute name= "Current Time Running" value="2253" />
<allocation-satisfied id="1042" threadId="0000000000D1F700" bytesRequested="32776" />
<af-end id="1043" timestamp="2019-08-02T22:33:22.367" threadId="0000000000D20088" success="true" from="nursery"/>
<exclusive-end id="1044" timestamp="2019-08-02T22:33:22.367" durationms="1.302" />

<concurrent-kickoff id="1045" timestamp="2019-08-02T22:33:22.381">
  <kickoff reason="threshold reached" targetBytes="1956069" thresholdFreeBytes="261490"  remainingFree="223144" tenureFreeBytes="1266440" nurseryFreeBytes="223144" />
</concurrent-kickoff>
<exclusive-start id="1046" timestamp="2019-08-02T22:33:22.381" intervalms="15.401">
  <response-info timems="0.053" idlems="0.053" threads="0" lastid="0000000000D26F00" lastname="Thread-6" />
</exclusive-start>
<cycle-start id="1047" type="global" contextid="0" timestamp="2019-08-02T22:33:22.382" intervalms="80.561" />
<exclusive-end id="1048" timestamp="2019-08-02T22:33:22.382" durationms="0.156" />

<exclusive-start id="1049" timestamp="2019-08-02T22:33:22.384" intervalms="2.984">
  <response-info timems="0.227" idlems="0.199" threads="1" lastid="0000000000D2AB00" lastname="Thread-7" />
</exclusive-start>
<af-start id="1050" threadId="0000000000D1C488" totalBytesRequested="16" timestamp="2019-08-02T22:33:22.384" intervalms="18.351" type="nursery" />
<cycle-start id="1051" type="scavenge" contextid="0" timestamp="2019-08-02T22:33:22.385" intervalms="18.347" />
<gc-start id="1052" type="scavenge" contextid="1051" timestamp="2019-08-02T22:33:22.385">
  <mem-info id="1053" free="1266440" total="10682368" percent="11">
    <mem type="nursery" free="0" total="4194304" percent="0">
      <mem type="allocate" free="0" total="2883584" percent="0" />
      <mem type="survivor" free="0" total="1310720" percent="0" />
    </mem>
    <mem type="tenure" free="1266440" total="6488064" percent="19">
      <mem type="soa" free="942856" total="6164480" percent="15" />
      <mem type="loa" free="323584" total="323584" percent="100" />
    </mem>
    <remembered-set count="509" />
  </mem-info>
</gc-start>
<allocation-stats totalBytes="1931464" >
  <allocated-bytes non-tlh="245832" tlh="1685632" />
  <largest-consumer threadName="Thread-10" threadId="0000000000D35F00" bytes="490504" />
</allocation-stats>
<gc-op id="1054" type="scavenge" timems="0.623" contextid="1051" timestamp="2019-08-02T22:33:22.385">
  <scavenger-info tenureage="1" tenuremask="7ffe" tiltratio="68" />
  <memory-copied type="nursery" objects="2218" bytes="982384" bytesdiscarded="279024" />
  <memory-copied type="tenure" objects="1287" bytes="535688" bytesdiscarded="800" />
  <references type="phantom" candidates="1" cleared="0" enqueued="0" />
</gc-op>
<gc-end id="1055" type="scavenge" contextid="1051" durationms="0.826" usertimems="0.000" systemtimems="4.000" timestamp="2019-08-02T22:33:22.385" activeThreads="8">
  <mem-info id="1056" free="2092304" total="10682368" percent="19">
    <mem type="nursery" free="1556560" total="4194304" percent="37">
      <mem type="allocate" free="1556560" total="2818048" percent="55" />
      <mem type="survivor" free="0" total="1376256" percent="0" />
    </mem>
    <mem type="tenure" free="535744" total="6488064" percent="8">
      <mem type="soa" free="212160" total="6164480" percent="3" />
      <mem type="loa" free="323584" total="323584" percent="100" />
    </mem>
    <remembered-set count="250" />
  </mem-info>
</gc-end>
<cycle-end id="1057" type="scavenge" contextid="1051" timestamp="2019-08-02T22:33:22.386" />
  <attribute name="elasticGC enabled" value="1" />
  <attribute name= "numThreadsSpecified" value="0" />
  <attribute name="heapSize specified" value="10682368" />
  <attribute name= "numCores" value="8" />
  <attribute name ="GC Interval" value="3300" />
  <attribute name ="Control flow" value="3" />
  <attribute name="GC Util Range Max" value="15" />
  <attribute name="Current GC Util" value="9" />
  <attribute name= "Current Time Running" value="2271" />
<allocation-satisfied id="1058" threadId="0000000000D1BB00" bytesRequested="16" />
<af-end id="1059" timestamp="2019-08-02T22:33:22.386" threadId="0000000000D1C488" success="true" from="nursery"/>
<exclusive-end id="1060" timestamp="2019-08-02T22:33:22.386" durationms="1.310" />

<exclusive-start id="1061" timestamp="2019-08-02T22:33:22.386" intervalms="1.537">
  <response-info timems="0.102" idlems="0.102" threads="0" lastid="0000000000D2AB00" lastname="Thread-7" />
</exclusive-start>
<concurrent-collection-start id="1062" timestamp="2019-08-02T22:33:22.386" intervalms="72.375" >
  <concurrent-trace-info reason="card cleaning threshold reached" tracedByMutators="1074284" tracedByHelpers="287396" cardsCleaned="113" workStackOverflowCount="0" />
</concurrent-collection-start>
<gc-start id="1063" type="global" contextid="1047" timestamp="2019-08-02T22:33:22.386">
  <mem-info id="1064" free="1850624" total="10682368" percent="17">
    <mem type="nursery" free="1314880" total="4194304" percent="31">
      <mem type="allocate" free="1314880" total="2818048" percent="46" />
      <mem type="survivor" free="0" total="1376256" percent="0" />
    </mem>
    <mem type="tenure" free="535744" total="6488064" percent="8">
      <mem type="soa" free="212160" total="6164480" percent="3" />
      <mem type="loa" free="323584" total="323584" percent="100" />
    </mem>
    <remembered-set count="254" />
  </mem-info>
</gc-start>
<allocation-stats totalBytes="241680" >
  <allocated-bytes non-tlh="16" tlh="241664" />
  <largest-consumer threadName="Thread-10" threadId="0000000000D35F00" bytes="49152" />
</allocation-stats>
<gc-op id="1065" type="rs-scan" timems="0.186" contextid="1047" timestamp="2019-08-02T22:33:22.386">
  <scan objectsFound="102" bytesTraced="16332" workStackOverflowCount="0" />
</gc-op>
<gc-op id="1066" type="card-cleaning" timems="0.219" contextid="1047" timestamp="2019-08-02T22:33:22.387">
  <card-cleaning cardsCleaned="100" bytesTraced="508284" workStackOverflowCount="0" />
</gc-op>
<gc-op id="1067" type="mark" timems="0.851" contextid="1047" timestamp="2019-08-02T22:33:22.388">
  <trace-info objectcount="14966" scancount="11920" scanbytes="653252" />
  <finalization candidates="25" enqueued="0" />
  <references type="soft" candidates="92" cleared="27" enqueued="23" dynamicThreshold="12" maxThreshold="32" />
  <references type="weak" candidates="246" cleared="0" enqueued="0" />
  <references type="phantom" candidates="74" cleared="0" enqueued="0" />
  <stringconstants candidates="3963" cleared="19"  />
</gc-op>
<gc-op id="1068" type="sweep" timems="0.213" contextid="1047" timestamp="2019-08-02T22:33:22.388" />
<gc-end id="1069" type="global" contextid="1047" durationms="2.432" usertimems="8.000" systemtimems="0.000" timestamp="2019-08-02T22:33:22.388" activeThreads="8">
  <mem-info id="1070" free="4939256" total="10682368" percent="46">
    <mem type="nursery" free="1938928" total="4194304" percent="46">
      <mem type="allocate" free="1938928" total="2818048" percent="68" />
      <mem type="survivor" free="0" total="1376256" percent="0" />
    </mem>
    <mem type="tenure" free="3000328" total="6488064" percent="46" micro-fragmented="2824" macro-fragmented="0">
      <mem type="soa" free="2676744" total="6164480" percent="43" />
      <mem type="loa" free="323584" total="323584" percent="100" />
    </mem>
    <pending-finalizers system="0" default="0" reference="23" classloader="0" />
    <remembered-set count="208" />
  </mem-info>
</gc-end>
<cycle-end id="1071" type="global" contextid="1047" timestamp="2019-08-02T22:33:22.389" />
  <attribute name="elasticGC enabled" value="1" />
  <attribute name= "numThreadsSpecified" value="0" />
  <attribute name="heapSize specified" value="10682368" />
  <attribute name= "numCores" value="8" />
  <attribute name ="GC Interval" value="3300" />
  <attribute name ="Control flow" value="2" />
  <attribute name="GC Util Range Max" value="15" />
  <attribute name="Current GC Util" value="45" />
  <attribute name= "Current Time Running" value="2274" />
<concurrent-collection-end id="1072" timestamp="2019-08-02T22:33:22.389" />
<exclusive-end id="1073" timestamp="2019-08-02T22:33:22.389" durationms="2.923" />

<exclusive-start id="1074" timestamp="2019-08-02T22:33:22.419" intervalms="33.513">
  <response-info timems="0.063" idlems="0.063" threads="0" lastid="0000000000D32300" lastname="Thread-9" />
</exclusive-start>
<af-start id="1075" threadId="0000000000D32C88" totalBytesRequested="16392" timestamp="2019-08-02T22:33:22.420" intervalms="35.057" type="nursery" />
<cycle-start id="1076" type="scavenge" contextid="0" timestamp="2019-08-02T22:33:22.420" intervalms="35.058" />
<gc-start id="1077" type="scavenge" contextid="1076" timestamp="2019-08-02T22:33:22.420">
  <mem-info id="1078" free="3000328" total="10682368" percent="28">
    <mem type="nursery" free="0" total="4194304" percent="0">
      <mem type="allocate" free="0" total="2818048" percent="0" />
      <mem type="survivor" free="0" total="1376256" percent="0" />
    </mem>
    <mem type="tenure" free="3000328" total="6488064" percent="46">
      <mem type="soa" free="2676744" total="6164480" percent="43" />
      <mem type="loa" free="323584" total="323584" percent="100" />
    </mem>
    <remembered-set count="442" />
  </mem-info>
</gc-start>
<allocation-stats totalBytes="1855448" >
  <allocated-bytes non-tlh="147504" tlh="1707944" />
  <largest-consumer threadName="Thread-7" threadId="0000000000D2AB00" bytes="485280" />
</allocation-stats>
<gc-op id="1079" type="scavenge" timems="0.480" contextid="1076" timestamp="2019-08-02T22:33:22.420">
  <scavenger-info tenureage="1" tenuremask="7ffe" tiltratio="67" />
  <memory-copied type="nursery" objects="1678" bytes="668600" bytesdiscarded="318600" />
  <memory-copied type="tenure" objects="1516" bytes="671072" bytesdiscarded="5944" />
</gc-op>
<gc-end id="1080" type="scavenge" contextid="1076" durationms="0.669" usertimems="0.000" systemtimems="0.000" timestamp="2019-08-02T22:33:22.420" activeThreads="8">
  <mem-info id="1081" free="4037712" total="10682368" percent="37">
    <mem type="nursery" free="1830792" total="4194304" percent="43">
      <mem type="allocate" free="1830792" total="2818048" percent="64" />
      <mem type="survivor" free="0" total="1376256" percent="0" />
    </mem>
    <mem type="tenure" free="2206920" total="6488064" percent="34">
      <mem type="soa" free="1883336" total="6164480" percent="30" />
      <mem type="loa" free="323584" total="323584" percent="100" />
    </mem>
    <remembered-set count="285" />
  </mem-info>
</gc-end>
<cycle-end id="1082" type="scavenge" contextid="1076" timestamp="2019-08-02T22:33:22.420" />
  <attribute name="elasticGC enabled" value="1" />
  <attribute name= "numThreadsSpecified" value="0" />
  <attribute name="heapSize specified" value="10682368" />
  <attribute name= "numCores" value="8" />
  <attribute name ="GC Interval" value="3400" />
  <attribute name ="Control flow" value="2" />
  <attribute name="GC Util Range Max" value="15" />
  <attribute name="Current GC Util" value="9" />
  <attribute name= "Current Time Running" value="2306" />
<allocation-satisfied id="1083" threadId="0000000000D32300" bytesRequested="16392" />
<af-end id="1084" timestamp="2019-08-02T22:33:22.421" threadId="0000000000D32C88" success="true" from="nursery"/>
<exclusive-end id="1085" timestamp="2019-08-02T22:33:22.421" durationms="1.157" />

<exclusive-start id="1086" timestamp="2019-08-02T22:33:22.433" intervalms="13.656">
  <response-info timems="0.096" idlems="0.096" threads="0" lastid="0000000000D2E700" lastname="Thread-8" />
</exclusive-start>
<af-start id="1087" threadId="0000000000D2F088" totalBytesRequested="40" timestamp="2019-08-02T22:33:22.433" intervalms="13.645" type="nursery" />
<cycle-start id="1088" type="scavenge" contextid="0" timestamp="2019-08-02T22:33:22.433" intervalms="13.632" />
<gc-start id="1089" type="scavenge" contextid="1088" timestamp="2019-08-02T22:33:22.433">
  <mem-info id="1090" free="2206920" total="10682368" percent="20">
    <mem type="nursery" free="0" total="4194304" percent="0">
      <mem type="allocate" free="0" total="2818048" percent="0" />
      <mem type="survivor" free="0" total="1376256" percent="0" />
    </mem>
    <mem type="tenure" free="2206920" total="6488064" percent="34">
      <mem type="soa" free="1883336" total="6164480" percent="30" />
      <mem type="loa" free="323584" total="323584" percent="100" />
    </mem>
    <remembered-set count="473" />
  </mem-info>
</gc-start>
<allocation-stats totalBytes="1735840" >
  <allocated-bytes non-tlh="245832" tlh="1490008" />
  <largest-consumer threadName="Thread-4" threadId="0000000000D1F700" bytes="426112" />
</allocation-stats>
<gc-op id="1091" type="scavenge" timems="0.497" contextid="1088" timestamp="2019-08-02T22:33:22.434">
  <scavenger-info tenureage="1" tenuremask="7ffe" tiltratio="67" />
  <memory-copied type="nursery" objects="2596" bytes="943240" bytesdiscarded="264320" />
  <memory-copied type="tenure" objects="1039" bytes="450880" bytesdiscarded="1408" />
</gc-op>
<gc-end id="1092" type="scavenge" contextid="1088" durationms="0.669" usertimems="0.000" systemtimems="0.000" timestamp="2019-08-02T22:33:22.434" activeThreads="8">
  <mem-info id="1093" free="3135896" total="10682368" percent="29">
    <mem type="nursery" free="1610416" total="4194304" percent="38">
      <mem type="allocate" free="1610416" total="2818048" percent="57" />
      <mem type="survivor" free="0" total="1376256" percent="0" />
    </mem>
    <mem type="tenure" free="1525480" total="6488064" percent="23">
      <mem type="soa" free="1201896" total="6164480" percent="19" />
      <mem type="loa" free="323584" total="323584" percent="100" />
    </mem>
    <remembered-set count="276" />
  </mem-info>
</gc-end>
<cycle-end id="1094" type="scavenge" contextid="1088" timestamp="2019-08-02T22:33:22.434" />
  <attribute name="elasticGC enabled" value="1" />
  <attribute name= "numThreadsSpecified" value="0" />
  <attribute name="heapSize specified" value="10682368" />
  <attribute name= "numCores" value="8" />
  <attribute name ="GC Interval" value="3400" />
  <attribute name ="Control flow" value="2" />
  <attribute name="GC Util Range Max" value="15" />
  <attribute name="Current GC Util" value="12" />
  <attribute name= "Current Time Running" value="2320" />
<allocation-satisfied id="1095" threadId="0000000000D2E700" bytesRequested="40" />
<af-end id="1096" timestamp="2019-08-02T22:33:22.434" threadId="0000000000D2F088" success="true" from="nursery"/>
<exclusive-end id="1097" timestamp="2019-08-02T22:33:22.434" durationms="1.039" />

<exclusive-start id="1098" timestamp="2019-08-02T22:33:22.461" intervalms="28.288">
  <response-info timems="0.137" idlems="0.137" threads="0" lastid="0000000000D2AB00" lastname="Thread-7" />
</exclusive-start>
<af-start id="1099" threadId="0000000000D2B488" totalBytesRequested="48" timestamp="2019-08-02T22:33:22.461" intervalms="28.311" type="nursery" />
<cycle-start id="1100" type="scavenge" contextid="0" timestamp="2019-08-02T22:33:22.462" intervalms="28.317" />
<gc-start id="1101" type="scavenge" contextid="1100" timestamp="2019-08-02T22:33:22.462">
  <mem-info id="1102" free="1525480" total="10682368" percent="14">
    <mem type="nursery" free="0" total="4194304" percent="0">
      <mem type="allocate" free="0" total="2818048" percent="0" />
      <mem type="survivor" free="0" total="1376256" percent="0" />
    </mem>
    <mem type="tenure" free="1525480" total="6488064" percent="23">
      <mem type="soa" free="1201896" total="6164480" percent="19" />
      <mem type="loa" free="323584" total="323584" percent="100" />
    </mem>
    <remembered-set count="443" />
  </mem-info>
</gc-start>
<allocation-stats totalBytes="1558704" >
  <allocated-bytes non-tlh="81984" tlh="1476720" />
  <largest-consumer threadName="Thread-3" threadId="0000000000D1BB00" bytes="531768" />
</allocation-stats>
<gc-op id="1103" type="scavenge" timems="0.541" contextid="1100" timestamp="2019-08-02T22:33:22.462">
  <scavenger-info tenureage="1" tenuremask="7ffe" tiltratio="67" />
  <memory-copied type="nursery" objects="1230" bytes="477208" bytesdiscarded="422752" />
  <memory-copied type="tenure" objects="1946" bytes="724864" bytesdiscarded="1976" />
  <references type="phantom" candidates="1" cleared="0" enqueued="0" />
</gc-op>
<gc-end id="1104" type="scavenge" contextid="1100" durationms="0.742" usertimems="0.000" systemtimems="0.000" timestamp="2019-08-02T22:33:22.462" activeThreads="8">
  <mem-info id="1105" free="2823200" total="10682368" percent="26">
    <mem type="nursery" free="1983584" total="4194304" percent="47">
      <mem type="allocate" free="1983584" total="2883584" percent="68" />
      <mem type="survivor" free="0" total="1310720" percent="0" />
    </mem>
    <mem type="tenure" free="839616" total="6488064" percent="12">
      <mem type="soa" free="516032" total="6164480" percent="8" />
      <mem type="loa" free="323584" total="323584" percent="100" />
    </mem>
    <remembered-set count="257" />
  </mem-info>
</gc-end>
<cycle-end id="1106" type="scavenge" contextid="1100" timestamp="2019-08-02T22:33:22.462" />
  <attribute name="elasticGC enabled" value="1" />
  <attribute name= "numThreadsSpecified" value="0" />
  <attribute name="heapSize specified" value="10682368" />
  <attribute name= "numCores" value="8" />
  <attribute name ="GC Interval" value="3400" />
  <attribute name ="Control flow" value="2" />
  <attribute name="GC Util Range Max" value="15" />
  <attribute name="Current GC Util" value="6" />
  <attribute name= "Current Time Running" value="2348" />
<allocation-satisfied id="1107" threadId="0000000000D2AB00" bytesRequested="48" />
<af-end id="1108" timestamp="2019-08-02T22:33:22.463" threadId="0000000000D2B488" success="true" from="nursery"/>
<exclusive-end id="1109" timestamp="2019-08-02T22:33:22.463" durationms="1.199" />

<concurrent-kickoff id="1110" timestamp="2019-08-02T22:33:22.484">
  <kickoff reason="threshold reached" targetBytes="1836841" thresholdFreeBytes="241412"  remainingFree="222296" tenureFreeBytes="839616" nurseryFreeBytes="222296" />
</concurrent-kickoff>
<exclusive-start id="1111" timestamp="2019-08-02T22:33:22.485" intervalms="23.398">
  <response-info timems="0.064" idlems="0.064" threads="0" lastid="0000000000D23300" lastname="Thread-5" />
</exclusive-start>
<cycle-start id="1112" type="global" contextid="0" timestamp="2019-08-02T22:33:22.485" intervalms="103.366" />
<exclusive-end id="1113" timestamp="2019-08-02T22:33:22.485" durationms="0.139" />

<exclusive-start id="1114" timestamp="2019-08-02T22:33:22.501" intervalms="15.895">
  <response-info timems="0.054" idlems="0.054" threads="0" lastid="0000000000D32300" lastname="Thread-9" />
</exclusive-start>
<af-start id="1115" threadId="0000000000D32C88" totalBytesRequested="48" timestamp="2019-08-02T22:33:22.501" intervalms="39.399" type="nursery" />
<cycle-start id="1116" type="scavenge" contextid="0" timestamp="2019-08-02T22:33:22.501" intervalms="39.409" />
<gc-start id="1117" type="scavenge" contextid="1116" timestamp="2019-08-02T22:33:22.501">
  <mem-info id="1118" free="839616" total="10682368" percent="7">
    <mem type="nursery" free="0" total="4194304" percent="0">
      <mem type="allocate" free="0" total="2883584" percent="0" />
      <mem type="survivor" free="0" total="1310720" percent="0" />
    </mem>
    <mem type="tenure" free="839616" total="6488064" percent="12">
      <mem type="soa" free="516032" total="6164480" percent="8" />
      <mem type="loa" free="323584" total="323584" percent="100" />
    </mem>
    <remembered-set count="460" />
  </mem-info>
</gc-start>
<allocation-stats totalBytes="1910104" >
  <allocated-bytes non-tlh="98376" tlh="1811728" />
  <largest-consumer threadName="Thread-7" threadId="0000000000D2AB00" bytes="487264" />
</allocation-stats>
<gc-op id="1119" type="scavenge" timems="1.499" contextid="1116" timestamp="2019-08-02T22:33:22.503">
  <scavenger-info tenureage="1" tenuremask="7ffe" tiltratio="68" />
  <memory-copied type="nursery" objects="1943" bytes="784464" bytesdiscarded="219656" />
  <memory-copied type="tenure" objects="746" bytes="286808" bytesdiscarded="392" />
</gc-op>
<gc-end id="1120" type="scavenge" contextid="1116" durationms="1.722" usertimems="4.000" systemtimems="0.000" timestamp="2019-08-02T22:33:22.503" activeThreads="8">
  <mem-info id="1121" free="2560712" total="10682368" percent="23">
    <mem type="nursery" free="1879400" total="4194304" percent="44">
      <mem type="allocate" free="1879400" total="2883584" percent="65" />
      <mem type="survivor" free="0" total="1310720" percent="0" />
    </mem>
    <mem type="tenure" free="681312" total="6488064" percent="10">
      <mem type="soa" free="357728" total="6164480" percent="5" />
      <mem type="loa" free="323584" total="323584" percent="100" />
    </mem>
    <remembered-set count="263" />
  </mem-info>
</gc-end>
<cycle-end id="1122" type="scavenge" contextid="1116" timestamp="2019-08-02T22:33:22.503" />
  <attribute name="elasticGC enabled" value="1" />
  <attribute name= "numThreadsSpecified" value="0" />
  <attribute name="heapSize specified" value="10682368" />
  <attribute name= "numCores" value="8" />
  <attribute name ="GC Interval" value="3400" />
  <attribute name ="Control flow" value="2" />
  <attribute name="GC Util Range Max" value="15" />
  <attribute name="Current GC Util" value="4" />
  <attribute name= "Current Time Running" value="2388" />
<allocation-satisfied id="1123" threadId="0000000000D32300" bytesRequested="48" />
<af-end id="1124" timestamp="2019-08-02T22:33:22.503" threadId="0000000000D32C88" success="true" from="nursery"/>
<exclusive-end id="1125" timestamp="2019-08-02T22:33:22.503" durationms="2.516" />

<exclusive-start id="1126" timestamp="2019-08-02T22:33:22.503" intervalms="2.793">
  <response-info timems="0.044" idlems="0.024" threads="1" lastid="0000000000D2E700" lastname="Thread-8" />
</exclusive-start>
<concurrent-collection-start id="1127" timestamp="2019-08-02T22:33:22.504" intervalms="117.539" >
  <concurrent-trace-info reason="card cleaning threshold reached" tracedByMutators="702072" tracedByHelpers="1465272" cardsCleaned="232" workStackOverflowCount="0" />
</concurrent-collection-start>
<gc-start id="1128" type="global" contextid="1112" timestamp="2019-08-02T22:33:22.504">
  <mem-info id="1129" free="2351768" total="10682368" percent="22">
    <mem type="nursery" free="1670456" total="4194304" percent="39">
      <mem type="allocate" free="1670456" total="2883584" percent="57" />
      <mem type="survivor" free="0" total="1310720" percent="0" />
    </mem>
    <mem type="tenure" free="681312" total="6488064" percent="10">
      <mem type="soa" free="357728" total="6164480" percent="5" />
      <mem type="loa" free="323584" total="323584" percent="100" />
    </mem>
    <remembered-set count="264" />
  </mem-info>
</gc-start>
<allocation-stats totalBytes="208944" >
  <allocated-bytes non-tlh="48" tlh="208896" />
  <largest-consumer threadName="Thread-6" threadId="0000000000D26F00" bytes="45056" />
</allocation-stats>
<gc-op id="1130" type="rs-scan" timems="0.141" contextid="1112" timestamp="2019-08-02T22:33:22.504">
  <scan objectsFound="157" bytesTraced="24100" workStackOverflowCount="0" />
</gc-op>
<gc-op id="1131" type="card-cleaning" timems="0.199" contextid="1112" timestamp="2019-08-02T22:33:22.504">
  <card-cleaning cardsCleaned="7" bytesTraced="507584" workStackOverflowCount="0" />
</gc-op>
<gc-op id="1132" type="mark" timems="0.492" contextid="1112" timestamp="2019-08-02T22:33:22.505">
  <trace-info objectcount="396" scancount="351" scanbytes="11052" />
  <finalization candidates="25" enqueued="0" />
  <references type="soft" candidates="65" cleared="0" enqueued="0" dynamicThreshold="14" maxThreshold="32" />
  <references type="weak" candidates="246" cleared="0" enqueued="0" />
  <references type="phantom" candidates="73" cleared="0" enqueued="0" />
  <stringconstants candidates="3944" cleared="0"  />
</gc-op>
<gc-op id="1133" type="sweep" timems="0.208" contextid="1112" timestamp="2019-08-02T22:33:22.505" />
<mem-info id="1134" free="4858904" total="10682368" percent="45">
  <mem type="nursery" free="2171568" total="4194304" percent="51">
    <mem type="allocate" free="2171568" total="2883584" percent="75" />
    <mem type="survivor" free="0" total="1310720" percent="0" />
  </mem>
  <mem type="tenure" free="2687336" total="6488064" percent="41" micro-fragmented="52432" macro-fragmented="0">
    <mem type="soa" free="2363752" total="6164480" percent="38" />
    <mem type="loa" free="323584" total="323584" percent="100" />
  </mem>
  <remembered-set count="218" />
</mem-info>
<gc-op id="1135" type="compact" timems="9.218" contextid="1112" timestamp="2019-08-02T22:33:22.514">
  <compact-info movecount="35676" movebytes="4229528" reason="no compaction" />
</gc-op>
<heap-resize id="1136" type="contract" space="tenure" amount="65536" count="1" timems="0.011" reason="heap reconfiguration" timestamp="2019-08-02T22:33:22.514" />
<gc-end id="1137" type="global" contextid="1112" durationms="10.973" usertimems="16.000" systemtimems="0.000" timestamp="2019-08-02T22:33:22.515" activeThreads="8">
  <mem-info id="1138" free="4771096" total="10616832" percent="44">
    <mem type="nursery" free="2174176" total="4194304" percent="51">
      <mem type="allocate" free="2174176" total="2883584" percent="75" />
      <mem type="survivor" free="0" total="1310720" percent="0" />
    </mem>
    <mem type="tenure" free="2596920" total="6422528" percent="40">
      <mem type="soa" free="2338872" total="6102016" percent="38" />
      <mem type="loa" free="258048" total="320512" percent="80" />
    </mem>
    <remembered-set count="218" />
  </mem-info>
</gc-end>
<cycle-end id="1139" type="global" contextid="1112" timestamp="2019-08-02T22:33:22.515" />
  <attribute name="elasticGC enabled" value="1" />
  <attribute name= "numThreadsSpecified" value="0" />
  <attribute name="heapSize specified" value="6422528" />
  <attribute name= "numCores" value="8" />
  <attribute name ="GC Interval" value="3400" />
  <attribute name ="Control flow" value="3" />
  <attribute name="GC Util Range Max" value="15" />
  <attribute name="Current GC Util" value="26" />
  <attribute name= "Current Time Running" value="2401" />
<concurrent-collection-end id="1140" timestamp="2019-08-02T22:33:22.515" />
<exclusive-end id="1141" timestamp="2019-08-02T22:33:22.515" durationms="11.355" />

<exclusive-start id="1142" timestamp="2019-08-02T22:33:22.529" intervalms="25.285">
  <response-info timems="0.064" idlems="0.064" threads="0" lastid="0000000000D23300" lastname="Thread-5" />
</exclusive-start>
<af-start id="1143" threadId="0000000000D23C88" totalBytesRequested="32776" timestamp="2019-08-02T22:33:22.529" intervalms="27.966" type="nursery" />
<cycle-start id="1144" type="scavenge" contextid="0" timestamp="2019-08-02T22:33:22.529" intervalms="27.959" />
<gc-start id="1145" type="scavenge" contextid="1144" timestamp="2019-08-02T22:33:22.529">
  <mem-info id="1146" free="2596920" total="10616832" percent="24">
    <mem type="nursery" free="0" total="4194304" percent="0">
      <mem type="allocate" free="0" total="2883584" percent="0" />
      <mem type="survivor" free="0" total="1310720" percent="0" />
    </mem>
    <mem type="tenure" free="2596920" total="6422528" percent="40">
      <mem type="soa" free="2338872" total="6102016" percent="38" />
      <mem type="loa" free="258048" total="320512" percent="80" />
    </mem>
    <remembered-set count="366" />
  </mem-info>
</gc-start>
<allocation-stats totalBytes="2005488" >
  <allocated-bytes non-tlh="262224" tlh="1743264" />
  <largest-consumer threadName="Thread-5" threadId="0000000000D23300" bytes="619728" />
</allocation-stats>
<gc-op id="1147" type="scavenge" timems="0.532" contextid="1144" timestamp="2019-08-02T22:33:22.530">
  <scavenger-info tenureage="1" tenuremask="7ffe" tiltratio="68" />
  <memory-copied type="nursery" objects="1685" bytes="790928" bytesdiscarded="219912" />
  <memory-copied type="tenure" objects="708" bytes="290304" bytesdiscarded="304" />
  <references type="phantom" candidates="1" cleared="0" enqueued="0" />
</gc-op>
<gc-end id="1148" type="scavenge" contextid="1144" durationms="0.733" usertimems="4.000" systemtimems="0.000" timestamp="2019-08-02T22:33:22.530" activeThreads="8">
  <mem-info id="1149" free="4115224" total="10616832" percent="38">
    <mem type="nursery" free="1938200" total="4194304" percent="46">
      <mem type="allocate" free="1938200" total="2949120" percent="65" />
      <mem type="survivor" free="0" total="1245184" percent="0" />
    </mem>
    <mem type="tenure" free="2177024" total="6422528" percent="33">
      <mem type="soa" free="1918976" total="6102016" percent="31" />
      <mem type="loa" free="258048" total="320512" percent="80" />
    </mem>
    <remembered-set count="227" />
  </mem-info>
</gc-end>
<cycle-end id="1150" type="scavenge" contextid="1144" timestamp="2019-08-02T22:33:22.530" />
  <attribute name="elasticGC enabled" value="1" />
  <attribute name= "numThreadsSpecified" value="0" />
  <attribute name="heapSize specified" value="6422528" />
  <attribute name= "numCores" value="8" />
  <attribute name ="GC Interval" value="3400" />
  <attribute name ="Control flow" value="3" />
  <attribute name="GC Util Range Max" value="15" />
  <attribute name="Current GC Util" value="66" />
  <attribute name= "Current Time Running" value="2415" />
<allocation-satisfied id="1151" threadId="0000000000D23300" bytesRequested="32776" />
<af-end id="1152" timestamp="2019-08-02T22:33:22.530" threadId="0000000000D23C88" success="true" from="nursery"/>
<exclusive-end id="1153" timestamp="2019-08-02T22:33:22.530" durationms="1.295" />

<exclusive-start id="1154" timestamp="2019-08-02T22:33:22.552" intervalms="22.882">
  <response-info timems="0.066" idlems="0.066" threads="0" lastid="0000000000D26F00" lastname="Thread-6" />
</exclusive-start>
<af-start id="1155" threadId="0000000000D27888" totalBytesRequested="2056" timestamp="2019-08-02T22:33:22.552" intervalms="22.879" type="nursery" />
<cycle-start id="1156" type="scavenge" contextid="0" timestamp="2019-08-02T22:33:22.552" intervalms="22.885" />
<gc-start id="1157" type="scavenge" contextid="1156" timestamp="2019-08-02T22:33:22.552">
  <mem-info id="1158" free="2177024" total="10616832" percent="20">
    <mem type="nursery" free="0" total="4194304" percent="0">
      <mem type="allocate" free="0" total="2949120" percent="0" />
      <mem type="survivor" free="0" total="1245184" percent="0" />
    </mem>
    <mem type="tenure" free="2177024" total="6422528" percent="33">
      <mem type="soa" free="1918976" total="6102016" percent="31" />
      <mem type="loa" free="258048" total="320512" percent="80" />
    </mem>
    <remembered-set count="433" />
  </mem-info>
</gc-start>
<allocation-stats totalBytes="1920144" >
  <allocated-bytes non-tlh="229440" tlh="1690704" />
  <largest-consumer threadName="Thread-3" threadId="0000000000D1BB00" bytes="457640" />
</allocation-stats>
<gc-op id="1159" type="scavenge" timems="1.764" contextid="1156" timestamp="2019-08-02T22:33:22.554">
  <scavenger-info tenureage="1" tenuremask="7ffe" tiltratio="70" />
  <memory-copied type="nursery" objects="2397" bytes="911056" bytesdiscarded="126032" />
  <memory-copied type="tenure" objects="1117" bytes="589264" bytesdiscarded="1192" />
  <references type="phantom" candidates="1" cleared="0" enqueued="0" />
</gc-op>
<gc-end id="1160" type="scavenge" contextid="1156" durationms="1.962" usertimems="4.000" systemtimems="0.000" timestamp="2019-08-02T22:33:22.554" activeThreads="8">
  <mem-info id="1161" free="3307256" total="10616832" percent="31">
    <mem type="nursery" free="1977496" total="4194304" percent="47">
      <mem type="allocate" free="1977496" total="3014656" percent="65" />
      <mem type="survivor" free="0" total="1179648" percent="0" />
    </mem>
    <mem type="tenure" free="1329760" total="6422528" percent="20">
      <mem type="soa" free="1071712" total="6102016" percent="17" />
      <mem type="loa" free="258048" total="320512" percent="80" />
    </mem>
    <remembered-set count="270" />
  </mem-info>
</gc-end>
<cycle-end id="1162" type="scavenge" contextid="1156" timestamp="2019-08-02T22:33:22.554" />
  <attribute name="elasticGC enabled" value="1" />
  <attribute name= "numThreadsSpecified" value="0" />
  <attribute name="heapSize specified" value="6422528" />
  <attribute name= "numCores" value="8" />
  <attribute name ="GC Interval" value="3400" />
  <attribute name ="Control flow" value="2" />
  <attribute name="GC Util Range Max" value="15" />
  <attribute name="Current GC Util" value="7" />
  <attribute name= "Current Time Running" value="2438" />
<allocation-satisfied id="1163" threadId="0000000000D26F00" bytesRequested="2056" />
<af-end id="1164" timestamp="2019-08-02T22:33:22.554" threadId="0000000000D27888" success="true" from="nursery"/>
<exclusive-end id="1165" timestamp="2019-08-02T22:33:22.554" durationms="2.569" />

<exclusive-start id="1166" timestamp="2019-08-02T22:33:22.587" intervalms="35.228">
  <response-info timems="0.057" idlems="0.057" threads="0" lastid="0000000000D35F00" lastname="Thread-10" />
</exclusive-start>
<af-start id="1167" threadId="0000000000D36888" totalBytesRequested="16392" timestamp="2019-08-02T22:33:22.587" intervalms="35.330" type="nursery" />
<cycle-start id="1168" type="scavenge" contextid="0" timestamp="2019-08-02T22:33:22.587" intervalms="35.330" />
<gc-start id="1169" type="scavenge" contextid="1168" timestamp="2019-08-02T22:33:22.587">
  <mem-info id="1170" free="1329760" total="10616832" percent="12">
    <mem type="nursery" free="0" total="4194304" percent="0">
      <mem type="allocate" free="0" total="3014656" percent="0" />
      <mem type="survivor" free="0" total="1179648" percent="0" />
    </mem>
    <mem type="tenure" free="1329760" total="6422528" percent="20">
      <mem type="soa" free="1071712" total="6102016" percent="17" />
      <mem type="loa" free="258048" total="320512" percent="80" />
    </mem>
    <remembered-set count="446" />
  </mem-info>
</gc-start>
<allocation-stats totalBytes="1935608" >
  <allocated-bytes non-tlh="100384" tlh="1835224" />
  <largest-consumer threadName="Thread-5" threadId="0000000000D23300" bytes="618240" />
</allocation-stats>
<gc-op id="1171" type="scavenge" timems="1.110" contextid="1168" timestamp="2019-08-02T22:33:22.588">
  <scavenger-info tenureage="1" tenuremask="7ffe" tiltratio="71" />
  <memory-copied type="nursery" objects="1742" bytes="685936" bytesdiscarded="96920" />
  <memory-copied type="tenure" objects="823" bytes="373144" bytesdiscarded="168" />
  <references type="weak" candidates="1" cleared="0" enqueued="0" />
  <references type="phantom" candidates="1" cleared="0" enqueued="0" />
</gc-op>
<gc-end id="1172" type="scavenge" contextid="1168" durationms="1.314" usertimems="4.000" systemtimems="0.000" timestamp="2019-08-02T22:33:22.589" activeThreads="8">
  <mem-info id="1173" free="3184824" total="10616832" percent="29">
    <mem type="nursery" free="2231752" total="4194304" percent="53">
      <mem type="allocate" free="2231752" total="3014656" percent="74" />
      <mem type="survivor" free="0" total="1179648" percent="0" />
    </mem>
    <mem type="tenure" free="953072" total="6422528" percent="14">
      <mem type="soa" free="695024" total="6102016" percent="11" />
      <mem type="loa" free="258048" total="320512" percent="80" />
    </mem>
    <remembered-set count="237" />
  </mem-info>
</gc-end>
<cycle-end id="1174" type="scavenge" contextid="1168" timestamp="2019-08-02T22:33:22.589" />
  <attribute name="elasticGC enabled" value="1" />
  <attribute name= "numThreadsSpecified" value="0" />
  <attribute name="heapSize specified" value="6422528" />
  <attribute name= "numCores" value="8" />
  <attribute name ="GC Interval" value="3400" />
  <attribute name ="Control flow" value="2" />
  <attribute name="GC Util Range Max" value="15" />
  <attribute name="Current GC Util" value="8" />
  <attribute name= "Current Time Running" value="2474" />
<allocation-satisfied id="1175" threadId="0000000000D35F00" bytesRequested="16392" />
<af-end id="1176" timestamp="2019-08-02T22:33:22.589" threadId="0000000000D36888" success="true" from="nursery"/>
<exclusive-end id="1177" timestamp="2019-08-02T22:33:22.589" durationms="1.899" />

<concurrent-kickoff id="1178" timestamp="2019-08-02T22:33:22.619">
  <kickoff reason="threshold reached" targetBytes="1884915" thresholdFreeBytes="245226"  remainingFree="228808" tenureFreeBytes="953072" nurseryFreeBytes="228808" />
</concurrent-kickoff>
<exclusive-start id="1179" timestamp="2019-08-02T22:33:22.619" intervalms="32.368">
  <response-info timems="0.057" idlems="0.057" threads="0" lastid="0000000000D26F00" lastname="Thread-6" />
</exclusive-start>
<cycle-start id="1180" type="global" contextid="0" timestamp="2019-08-02T22:33:22.619" intervalms="134.461" />
<exclusive-end id="1181" timestamp="2019-08-02T22:33:22.619" durationms="0.158" />

<exclusive-start id="1182" timestamp="2019-08-02T22:33:22.621" intervalms="2.247">
  <response-info timems="0.041" idlems="0.041" threads="0" lastid="0000000000D32300" lastname="Thread-9" />
</exclusive-start>
<af-start id="1183" threadId="0000000000D32C88" totalBytesRequested="16392" timestamp="2019-08-02T22:33:22.622" intervalms="34.710" type="nursery" />
<cycle-start id="1184" type="scavenge" contextid="0" timestamp="2019-08-02T22:33:22.622" intervalms="34.708" />
<gc-start id="1185" type="scavenge" contextid="1184" timestamp="2019-08-02T22:33:22.622">
  <mem-info id="1186" free="953072" total="10616832" percent="8">
    <mem type="nursery" free="0" total="4194304" percent="0">
      <mem type="allocate" free="0" total="3014656" percent="0" />
      <mem type="survivor" free="0" total="1179648" percent="0" />
    </mem>
    <mem type="tenure" free="953072" total="6422528" percent="14">
      <mem type="soa" free="695024" total="6102016" percent="11" />
      <mem type="loa" free="258048" total="320512" percent="80" />
    </mem>
    <remembered-set count="440" />
  </mem-info>
</gc-start>
<allocation-stats totalBytes="2144784" >
  <allocated-bytes non-tlh="163888" tlh="1980896" />
  <largest-consumer threadName="Thread-10" threadId="0000000000D35F00" bytes="761200" />
</allocation-stats>
<gc-op id="1187" type="scavenge" timems="1.593" contextid="1184" timestamp="2019-08-02T22:33:22.624">
  <scavenger-info tenureage="1" tenuremask="7ffe" tiltratio="71" />
  <memory-copied type="nursery" objects="1975" bytes="757872" bytesdiscarded="132536" />
  <memory-copied type="tenure" objects="1449" bytes="586368" bytesdiscarded="1160" />
  <copy-failed type="tenure" objects="169" bytes="84472" />
  <references type="weak" candidates="1" cleared="0" enqueued="0" />
  <references type="phantom" candidates="3" cleared="0" enqueued="0" />
</gc-op>
<gc-end id="1188" type="scavenge" contextid="1184" durationms="1.791" usertimems="4.000" systemtimems="0.000" timestamp="2019-08-02T22:33:22.624" activeThreads="8">
  <mem-info id="1189" free="2447768" total="10616832" percent="23">
    <mem type="nursery" free="2189720" total="4194304" percent="52">
      <mem type="allocate" free="2189720" total="3080192" percent="71" />
      <mem type="survivor" free="0" total="1114112" percent="0" />
    </mem>
    <mem type="tenure" free="258048" total="6422528" percent="4">
      <mem type="soa" free="0" total="6102016" percent="0" />
      <mem type="loa" free="258048" total="320512" percent="80" />
    </mem>
    <remembered-set count="281" />
  </mem-info>
</gc-end>
<cycle-end id="1190" type="scavenge" contextid="1184" timestamp="2019-08-02T22:33:22.624" />
  <attribute name="elasticGC enabled" value="1" />
  <attribute name= "numThreadsSpecified" value="0" />
  <attribute name="heapSize specified" value="6422528" />
  <attribute name= "numCores" value="8" />
  <attribute name ="GC Interval" value="3400" />
  <attribute name ="Control flow" value="2" />
  <attribute name="GC Util Range Max" value="15" />
  <attribute name="Current GC Util" value="6" />
  <attribute name= "Current Time Running" value="2508" />
<allocation-satisfied id="1191" threadId="0000000000D32300" bytesRequested="16392" />
<af-end id="1192" timestamp="2019-08-02T22:33:22.625" threadId="0000000000D32C88" success="true" from="nursery"/>
<exclusive-end id="1193" timestamp="2019-08-02T22:33:22.625" durationms="3.214" />

<exclusive-start id="1194" timestamp="2019-08-02T22:33:22.659" intervalms="37.223">
  <response-info timems="0.047" idlems="0.047" threads="0" lastid="0000000000D32300" lastname="Thread-9" />
</exclusive-start>
<concurrent-collection-start id="1195" timestamp="2019-08-02T22:33:22.659" intervalms="155.359" >
  <concurrent-trace-info reason="card cleaning threshold reached" tracedByMutators="817572" tracedByHelpers="1158420" cardsCleaned="245" workStackOverflowCount="0" />
</concurrent-collection-start>
<gc-start id="1196" type="global" contextid="1180" timestamp="2019-08-02T22:33:22.659">
  <mem-info id="1197" free="258048" total="10616832" percent="2">
    <mem type="nursery" free="0" total="4194304" percent="0">
      <mem type="allocate" free="0" total="3080192" percent="0" />
      <mem type="survivor" free="0" total="1114112" percent="0" />
    </mem>
    <mem type="tenure" free="258048" total="6422528" percent="4">
      <mem type="soa" free="0" total="6102016" percent="0" />
      <mem type="loa" free="258048" total="320512" percent="80" />
    </mem>
    <remembered-set count="408" />
  </mem-info>
</gc-start>
<allocation-stats totalBytes="2094960" >
  <allocated-bytes non-tlh="131112" tlh="1963848" />
  <largest-consumer threadName="Thread-9" threadId="0000000000D32300" bytes="600224" />
</allocation-stats>
<heap-resize id="1198" type="loa contract" space="tenure" amount="64512" count="1" timems="0.011" reason="contract underutilized loa" timestamp="2019-08-02T22:33:22.659" />
<gc-op id="1199" type="rs-scan" timems="0.919" contextid="1180" timestamp="2019-08-02T22:33:22.660">
  <scan objectsFound="271" bytesTraced="39684" workStackOverflowCount="0" />
</gc-op>
<gc-op id="1200" type="card-cleaning" timems="0.609" contextid="1180" timestamp="2019-08-02T22:33:22.661">
  <card-cleaning cardsCleaned="27" bytesTraced="474040" workStackOverflowCount="0" />
</gc-op>
<gc-op id="1201" type="mark" timems="1.792" contextid="1180" timestamp="2019-08-02T22:33:22.663">
  <trace-info objectcount="529" scancount="473" scanbytes="133744" />
  <finalization candidates="25" enqueued="0" />
  <references type="soft" candidates="65" cleared="0" enqueued="0" dynamicThreshold="12" maxThreshold="32" />
  <references type="weak" candidates="246" cleared="0" enqueued="0" />
  <references type="phantom" candidates="73" cleared="0" enqueued="0" />
  <stringconstants candidates="3944" cleared="0"  />
</gc-op>
<gc-op id="1202" type="sweep" timems="1.337" contextid="1180" timestamp="2019-08-02T22:33:22.664" />
<mem-info id="1203" free="5122088" total="10616832" percent="48">
  <mem type="nursery" free="2227984" total="4194304" percent="53">
    <mem type="allocate" free="2227984" total="3080192" percent="72" />
    <mem type="survivor" free="0" total="1114112" percent="0" />
  </mem>
  <mem type="tenure" free="2894104" total="6422528" percent="45" micro-fragmented="7176" macro-fragmented="0">
    <mem type="soa" free="2638104" total="6166528" percent="42" />
    <mem type="loa" free="256000" total="256000" percent="100" />
  </mem>
  <remembered-set count="337" />
</mem-info>
<gc-op id="1204" type="compact" timems="9.035" contextid="1180" timestamp="2019-08-02T22:33:22.673">
  <compact-info movecount="24060" movebytes="3620056" reason="no compaction" />
</gc-op>
<gc-end id="1205" type="global" contextid="1180" durationms="15.070" usertimems="24.000" systemtimems="4.000" timestamp="2019-08-02T22:33:22.674" activeThreads="8">
  <mem-info id="1206" free="5151416" total="10616832" percent="48">
    <mem type="nursery" free="2244776" total="4194304" percent="53">
      <mem type="allocate" free="2244776" total="3080192" percent="72" />
      <mem type="survivor" free="0" total="1114112" percent="0" />
    </mem>
    <mem type="tenure" free="2906640" total="6422528" percent="45">
      <mem type="soa" free="2650640" total="6166528" percent="42" />
      <mem type="loa" free="256000" total="256000" percent="100" />
    </mem>
    <remembered-set count="337" />
  </mem-info>
</gc-end>
<cycle-end id="1207" type="global" contextid="1180" timestamp="2019-08-02T22:33:22.674" />
  <attribute name="elasticGC enabled" value="1" />
  <attribute name= "numThreadsSpecified" value="0" />
  <attribute name="heapSize specified" value="10616832" />
  <attribute name= "numCores" value="8" />
  <attribute name ="GC Interval" value="3400" />
  <attribute name ="Control flow" value="2" />
  <attribute name="GC Util Range Max" value="15" />
  <attribute name="Current GC Util" value="77" />
  <attribute name= "Current Time Running" value="2560" />
<concurrent-collection-end id="1208" timestamp="2019-08-02T22:33:22.674" />
<exclusive-end id="1209" timestamp="2019-08-02T22:33:22.675" durationms="15.846" />

<exclusive-start id="1210" timestamp="2019-08-02T22:33:22.694" intervalms="34.980">
  <response-info timems="0.082" idlems="0.082" threads="0" lastid="0000000000D26F00" lastname="Thread-6" />
</exclusive-start>
<af-start id="1211" threadId="0000000000D27888" totalBytesRequested="16392" timestamp="2019-08-02T22:33:22.694" intervalms="72.008" type="nursery" />
<cycle-start id="1212" type="scavenge" contextid="0" timestamp="2019-08-02T22:33:22.694" intervalms="72.009" />
<gc-start id="1213" type="scavenge" contextid="1212" timestamp="2019-08-02T22:33:22.694">
  <mem-info id="1214" free="2906640" total="10616832" percent="27">
    <mem type="nursery" free="0" total="4194304" percent="0">
      <mem type="allocate" free="0" total="3080192" percent="0" />
      <mem type="survivor" free="0" total="1114112" percent="0" />
    </mem>
    <mem type="tenure" free="2906640" total="6422528" percent="45">
      <mem type="soa" free="2650640" total="6166528" percent="42" />
      <mem type="loa" free="256000" total="256000" percent="100" />
    </mem>
    <remembered-set count="439" />
  </mem-info>
</gc-start>
<allocation-stats totalBytes="2139584" >
  <allocated-bytes non-tlh="180272" tlh="1959312" />
  <largest-consumer threadName="Thread-3" threadId="0000000000D1BB00" bytes="673312" />
</allocation-stats>
<gc-op id="1215" type="scavenge" timems="1.874" contextid="1212" timestamp="2019-08-02T22:33:22.696">
  <scavenger-info tenureage="1" tenuremask="7ffe" tiltratio="73" />
  <memory-copied type="nursery" objects="2345" bytes="1007048" bytesdiscarded="106976" />
  <memory-copied type="tenure" objects="1034" bytes="344240" bytesdiscarded="8" />
  <copy-failed type="nursery" objects="254" bytes="15696" />
  <references type="weak" candidates="1" cleared="0" enqueued="0" />
  <references type="phantom" candidates="2" cleared="0" enqueued="0" />
</gc-op>
<gc-end id="1216" type="scavenge" contextid="1212" durationms="2.120" usertimems="4.000" systemtimems="0.000" timestamp="2019-08-02T22:33:22.696" activeThreads="8">
  <mem-info id="1217" free="3989984" total="10616832" percent="37">
    <mem type="nursery" free="1572864" total="4194304" percent="37">
      <mem type="allocate" free="1572864" total="2686976" percent="58" />
      <mem type="survivor" free="0" total="1507328" percent="0" />
    </mem>
    <mem type="tenure" free="2417120" total="6422528" percent="37">
      <mem type="soa" free="2161120" total="6166528" percent="35" />
      <mem type="loa" free="256000" total="256000" percent="100" />
    </mem>
    <remembered-set count="230" />
  </mem-info>
</gc-end>
<cycle-end id="1218" type="scavenge" contextid="1212" timestamp="2019-08-02T22:33:22.696" />
  <attribute name="elasticGC enabled" value="1" />
  <attribute name= "numThreadsSpecified" value="0" />
  <attribute name="heapSize specified" value="10616832" />
  <attribute name= "numCores" value="8" />
  <attribute name ="GC Interval" value="3600" />
  <attribute name ="Control flow" value="2" />
  <attribute name="GC Util Range Max" value="15" />
  <attribute name="Current GC Util" value="39" />
  <attribute name= "Current Time Running" value="2580" />
<allocation-satisfied id="1219" threadId="0000000000D26F00" bytesRequested="16392" />
<af-end id="1220" timestamp="2019-08-02T22:33:22.696" threadId="0000000000D27888" success="true" from="nursery"/>
<exclusive-end id="1221" timestamp="2019-08-02T22:33:22.696" durationms="2.630" />

<exclusive-start id="1222" timestamp="2019-08-02T22:33:22.730" intervalms="36.162">
  <response-info timems="0.046" idlems="0.046" threads="0" lastid="0000000000D2E700" lastname="Thread-8" />
</exclusive-start>
<af-start id="1223" threadId="0000000000D2F088" totalBytesRequested="48" timestamp="2019-08-02T22:33:22.730" intervalms="36.162" type="nursery" />
<cycle-start id="1224" type="scavenge" contextid="0" timestamp="2019-08-02T22:33:22.730" intervalms="36.149" />
<gc-start id="1225" type="scavenge" contextid="1224" timestamp="2019-08-02T22:33:22.730">
  <mem-info id="1226" free="2417120" total="10616832" percent="22">
    <mem type="nursery" free="0" total="4194304" percent="0">
      <mem type="allocate" free="0" total="2686976" percent="0" />
      <mem type="survivor" free="0" total="1507328" percent="0" />
    </mem>
    <mem type="tenure" free="2417120" total="6422528" percent="37">
      <mem type="soa" free="2161120" total="6166528" percent="35" />
      <mem type="loa" free="256000" total="256000" percent="100" />
    </mem>
    <remembered-set count="355" />
  </mem-info>
</gc-start>
<allocation-stats totalBytes="1564376" >
  <allocated-bytes non-tlh="163888" tlh="1400488" />
  <largest-consumer threadName="Thread-8" threadId="0000000000D2E700" bytes="507512" />
</allocation-stats>
<gc-op id="1227" type="scavenge" timems="0.387" contextid="1224" timestamp="2019-08-02T22:33:22.731">
  <scavenger-info tenureage="1" tenuremask="7ffe" tiltratio="64" />
  <memory-copied type="nursery" objects="359" bytes="263632" bytesdiscarded="60976" />
  <memory-copied type="tenure" objects="513" bytes="382056" bytesdiscarded="368" />
  <references type="weak" candidates="1" cleared="0" enqueued="0" />
  <references type="phantom" candidates="1" cleared="0" enqueued="0" />
</gc-op>
<gc-end id="1228" type="scavenge" contextid="1224" durationms="0.557" usertimems="4.000" systemtimems="0.000" timestamp="2019-08-02T22:33:22.731" activeThreads="8">
  <mem-info id="1229" free="4336728" total="10616832" percent="40">
    <mem type="nursery" free="2427872" total="4194304" percent="57">
      <mem type="allocate" free="2427872" total="2752512" percent="88" />
      <mem type="survivor" free="0" total="1441792" percent="0" />
    </mem>
    <mem type="tenure" free="1908856" total="6422528" percent="29">
      <mem type="soa" free="1652856" total="6166528" percent="26" />
      <mem type="loa" free="256000" total="256000" percent="100" />
    </mem>
    <remembered-set count="192" />
  </mem-info>
</gc-end>
<cycle-end id="1230" type="scavenge" contextid="1224" timestamp="2019-08-02T22:33:22.731" />
  <attribute name="elasticGC enabled" value="1" />
  <attribute name= "numThreadsSpecified" value="0" />
  <attribute name="heapSize specified" value="10616832" />
  <attribute name= "numCores" value="8" />
  <attribute name ="GC Interval" value="3700" />
  <attribute name ="Control flow" value="3" />
  <attribute name="GC Util Range Max" value="15" />
  <attribute name="Current GC Util" value="8" />
  <attribute name= "Current Time Running" value="2617" />
<allocation-satisfied id="1231" threadId="0000000000D2E700" bytesRequested="48" />
<af-end id="1232" timestamp="2019-08-02T22:33:22.731" threadId="0000000000D2F088" success="true" from="nursery"/>
<exclusive-end id="1233" timestamp="2019-08-02T22:33:22.731" durationms="0.964" />

</verbosegc>

