<?xml version="1.0" ?>

<verbosegc xmlns="http://www.ibm.com/j9/verbosegc" version="10b4217_CMPRSS">

<initialized id="1" timestamp="2019-06-17T06:29:30.906">
  <attribute name="gcPolicy" value="-Xgcpolicy:optavgpause" />
  <attribute name="elasticGC enabled" value="1" />
  <attribute name= "numThreadsSpecified" value="0" />
  <attribute name="heapSize specified" value="0" />
  <attribute name="Current GC Util" value="0" />
  <attribute name= "Current Time Running" value="0" />
  <attribute name ="GC Interval" value="0" />
  <attribute name="ProportionalT" value="0.000000" />
  <attribute name="ProportionalI" value="0.000000" />
  <attribute name="ProportionalH" value="0.000000" />
  <attribute name="IntegralT" value="0.000000" />
  <attribute name="IntegralI" value="0.000000" />
  <attribute name="IntegralH" value="0.000000" />
  <attribute name="DerivativeT" value="0.000000" />
  <attribute name="DerivativeI" value="0.000000" />
  <attribute name="DerivativeH" value="0.000000" />
  <attribute name="Target GC Util Change" value ="0.000000" />
  <attribute name="Current GC Util Change" value="0.000000"/>
  <attribute name="Current Error" value="0.000000" />
  <attribute name="Loop Time for DT" value="0.000000" />
  <attribute name="Output H" value="0"/>
  <attribute name="Output I" value="0"/>
  <attribute name="Output T" value="0"/>
  <attribute name="GC Util currently" value="0" />
  <attribute name="CPU Util currently" value="0" />
  <attribute name="maxHeapSize" value="0x7cbc0000" />
  <attribute name="initialHeapSize" value="0x800000" />
  <attribute name="compressedRefs" value="true" />
  <attribute name="compressedRefsDisplacement" value="0x0" />
  <attribute name="compressedRefsShift" value="0x0" />
  <attribute name="pageSize" value="0x1000" />
  <attribute name="pageType" value="not used" />
  <attribute name="requestedPageSize" value="0x1000" />
  <attribute name="requestedPageType" value="not used" />
  <attribute name="gcthreads" value="4" />
  <attribute name="packetListSplit" value="4" />
  <attribute name="cacheListSplit" value="4" />
  <attribute name="splitFreeListSplitAmount" value="1" />
  <attribute name="numaNodes" value="0" />
  <system>
    <attribute name="physicalMemory" value="8370962432" />
    <attribute name="numCPUs" value="4" />
    <attribute name="architecture" value="amd64" />
    <attribute name="os" value="Linux" />
    <attribute name="osVersion" value="4.4.0-148-generic" />
  </system>
  <vmargs>
    <vmarg name="-Xoptionsfile=/vagrant/jdk/lib/options.default" />
    <vmarg name="-Xlockword:mode=default,noLockword=java/lang/String,noLockword=java/util/MapEntry,noLockword=java/util/HashMap$Entry,noLockword..." />
    <vmarg name="-Xjcl:jclse29" />
    <vmarg name="-Dcom.ibm.oti.vm.bootstrap.library.path=/vagrant/jdk/lib/compressedrefs:/vagrant/jdk/lib" />
    <vmarg name="-Dsun.boot.library.path=/vagrant/jdk/lib/compressedrefs:/vagrant/jdk/lib" />
    <vmarg name="-Djava.library.path=/vagrant/jdk/lib/compressedrefs:/vagrant/jdk/lib:/usr/lib64:/usr/lib" />
    <vmarg name="-Djava.home=/vagrant/jdk" />
    <vmarg name="-Duser.dir=/vagrant" />
    <vmarg name="-Xgcpolicy:optavgpause" />
    <vmarg name="-Xgcelastic" />
    <vmarg name="-Xcheck:gc:::elasticGC" />
    <vmarg name="-verbose:gc" />
    <vmarg name="-Xloggc:default-OPTAVGPAUSE-jdk-1-1-1-verbose2jython.txt" />
    <vmarg name="-Djava.class.path=dacapo-9.12-MR1-bach.jar" />
    <vmarg name="-Dsun.java.command=dacapo-9.12-MR1-bach.jar jython --size=default" />
    <vmarg name="-Dsun.java.launcher=SUN_STANDARD" />
    <vmarg name="-Dsun.java.launcher.pid=19169" />
  </vmargs>
</initialized>

<exclusive-start id="2" timestamp="2019-06-17T06:29:32.701" intervalms="1794.466">
  <response-info timems="0.022" idlems="0.022" threads="0" lastid="000000000106E700" lastname="main" />
</exclusive-start>
<af-start id="3" threadId="000000000106F088" totalBytesRequested="2056" timestamp="2019-06-17T06:29:32.701" intervalms="1794.782" />
<cycle-start id="4" type="global" contextid="0" timestamp="2019-06-17T06:29:32.702" intervalms="1795.113" />
<gc-start id="5" type="global" contextid="4" timestamp="2019-06-17T06:29:32.702">
  <mem-info id="6" free="418816" total="8388608" percent="4">
    <mem type="tenure" free="418816" total="8388608" percent="4">
      <mem type="soa" free="0" total="7969792" percent="0" />
      <mem type="loa" free="418816" total="418816" percent="100" />
    </mem>
  </mem-info>
</gc-start>
<allocation-stats totalBytes="7931848" >
  <allocated-bytes non-tlh="357688" tlh="7574160" />
  <largest-consumer threadName="main" threadId="000000000106E700" bytes="7855088" />
</allocation-stats>
<gc-op id="7" type="mark" timems="2.016" contextid="4" timestamp="2019-06-17T06:29:32.704">
  <trace-info objectcount="17675" scancount="14617" scanbytes="461016" />
  <finalization candidates="14" enqueued="1" />
  <references type="soft" candidates="63" cleared="0" enqueued="0" dynamicThreshold="32" maxThreshold="32" />
  <references type="weak" candidates="544" cleared="401" enqueued="362" />
  <references type="phantom" candidates="105" cleared="44" enqueued="44" />
  <stringconstants candidates="2406" cleared="0"  />
</gc-op>
<gc-op id="8" type="classunload" timems="0.090" contextid="4" timestamp="2019-06-17T06:29:32.704">
  <classunload-info classloadercandidates="5" classloadersunloaded="0" classesunloaded="0" anonymousclassesunloaded="0" quiescems="0.000" setupms="0.090" scanms="0.000" postms="0.000" />
</gc-op>
<gc-op id="9" type="sweep" timems="0.686" contextid="4" timestamp="2019-06-17T06:29:32.705" />
<mem-info id="10" free="7186264" total="8388608" percent="85">
  <mem type="tenure" free="7186264" total="8388608" percent="85" micro-fragmented="222229">
    <mem type="soa" free="6767448" total="7969792" percent="84" />
    <mem type="loa" free="418816" total="418816" percent="100" />
  </mem>
  <pending-finalizers system="1" default="0" reference="406" classloader="0" />
</mem-info>
<gc-op id="11" type="compact" timems="3.966" contextid="4" timestamp="2019-06-17T06:29:32.709">
  <compact-info movecount="17674" movebytes="963800" reason="compact to aid heap contraction" />
</gc-op>
<heap-resize id="12" type="expand" space="tenure" amount="2084241408" count="1" timems="0.210" reason="satisfy allocation request" timestamp="2019-06-17T06:29:32.710" />
<gc-end id="13" type="global" contextid="4" durationms="7.999" usertimems="8.000" systemtimems="4.000" timestamp="2019-06-17T06:29:32.710" activeThreads="4">
  <mem-info id="14" free="2091600592" total="2092630016" percent="99">
    <mem type="tenure" free="2091600592" total="2092630016" percent="99">
      <mem type="soa" free="1986969296" total="1987998720" percent="99" />
      <mem type="loa" free="104631296" total="104631296" percent="100" />
    </mem>
    <pending-finalizers system="1" default="0" reference="406" classloader="0" />
  </mem-info>
</gc-end>
<cycle-end id="15" type="global" contextid="4" timestamp="2019-06-17T06:29:32.710" />
  <attribute name="elasticGC enabled" value="1" />
  <attribute name= "numThreadsSpecified" value="4" />
  <attribute name="heapSize specified" value="8388608" />
  <attribute name="Current GC Util" value="31" />
  <attribute name= "Current Time Running" value="1634" />
  <attribute name ="GC Interval" value="0" />
  <attribute name="ProportionalT" value="11.000000" />
  <attribute name="ProportionalI" value="11.000000" />
  <attribute name="ProportionalH" value="11.000000" />
  <attribute name="Current Error" value="11.000000" />
  <attribute name="IntegralT" value="-32330.000000" />
  <attribute name="IntegralI" value="-32330.000000" />
  <attribute name="IntegralH" value="-32330.000000" />
  <attribute name="DerivativeT" value="2.200000" />
  <attribute name="DerivativeI" value="2.200000" />
  <attribute name="DerivativeH" value="2.200000" />
  <attribute name="Loop Time for DT" value="5.000000" />
  <attribute name="Output H" value="2092630016"/>
  <attribute name="Output I" value="200"/>
  <attribute name="Output T" value="4"/>
  <attribute name="Target GC Util Change" value ="20.000000" />
  <attribute name="Current GC Util Change" value="31.000000"/>
  <attribute name="GC Util currently" value="31" />
  <attribute name="CPU Util currently" value="41" />
<allocation-satisfied id="16" threadId="000000000106E700" bytesRequested="2056" />
<af-end id="17" timestamp="2019-06-17T06:29:32.710" threadId="000000000106F088" success="true" />
<exclusive-end id="18" timestamp="2019-06-17T06:29:32.710" durationms="9.152" />

<exclusive-start id="19" timestamp="2019-06-17T06:29:37.436" intervalms="4734.985">
  <response-info timems="0.020" idlems="0.020" threads="0" lastid="000000000106E700" lastname="main" />
</exclusive-start>
<sys-start reason="explicit" id="20" timestamp="2019-06-17T06:29:37.436" intervalms="6529.626" />
<cycle-start id="21" type="global" contextid="0" timestamp="2019-06-17T06:29:37.436" intervalms="4734.685" />
<gc-start id="22" type="global" contextid="21" timestamp="2019-06-17T06:29:37.436">
  <mem-info id="23" free="2021290840" total="2092630016" percent="96">
    <mem type="tenure" free="2021290840" total="2092630016" percent="96">
      <mem type="soa" free="1916659544" total="1987998720" percent="96" />
      <mem type="loa" free="104631296" total="104631296" percent="100" />
    </mem>
  </mem-info>
</gc-start>
<allocation-stats totalBytes="70328224" >
  <allocated-bytes non-tlh="3553144" tlh="66775080" />
  <largest-consumer threadName="main" threadId="000000000106E700" bytes="70250160" />
</allocation-stats>
<gc-op id="24" type="mark" timems="10.334" contextid="21" timestamp="2019-06-17T06:29:37.447">
  <trace-info objectcount="75464" scancount="63012" scanbytes="2110892" />
  <finalization candidates="80" enqueued="1" />
  <ownableSynchronizers candidates="23" cleared="0" />
  <references type="soft" candidates="1640" cleared="0" enqueued="0" dynamicThreshold="31" maxThreshold="32" />
  <references type="weak" candidates="5215" cleared="734" enqueued="570" />
  <references type="phantom" candidates="115" cleared="15" enqueued="15" />
  <stringconstants candidates="8680" cleared="15"  />
</gc-op>
<gc-op id="25" type="classunload" timems="0.464" contextid="21" timestamp="2019-06-17T06:29:37.448">
  <classunload-info classloadercandidates="17" classloadersunloaded="1" classesunloaded="1" anonymousclassesunloaded="0" quiescems="0.000" setupms="0.454" scanms="0.007" postms="0.003" />
</gc-op>
<gc-op id="26" type="sweep" timems="2.178" contextid="21" timestamp="2019-06-17T06:29:37.450" />
<mem-info id="27" free="2087409080" total="2092630016" percent="99">
  <mem type="tenure" free="2087409080" total="2092630016" percent="99" micro-fragmented="662567">
    <mem type="soa" free="1982777784" total="1987998720" percent="99" />
    <mem type="loa" free="104631296" total="104631296" percent="100" />
  </mem>
  <pending-finalizers system="1" default="0" reference="585" classloader="0" />
</mem-info>
<gc-op id="28" type="compact" timems="19.840" contextid="21" timestamp="2019-06-17T06:29:37.470">
  <compact-info movecount="74797" movebytes="4256760" reason="compact to aid heap contraction" />
</gc-op>
<gc-end id="29" type="global" contextid="21" durationms="34.137" usertimems="44.000" systemtimems="12.000" timestamp="2019-06-17T06:29:37.471" activeThreads="4">
  <mem-info id="30" free="2088354800" total="2092630016" percent="99">
    <mem type="tenure" free="2088354800" total="2092630016" percent="99">
      <mem type="soa" free="1983723504" total="1987998720" percent="99" />
      <mem type="loa" free="104631296" total="104631296" percent="100" />
    </mem>
    <pending-finalizers system="1" default="0" reference="585" classloader="0" />
  </mem-info>
</gc-end>
<cycle-end id="31" type="global" contextid="21" timestamp="2019-06-17T06:29:37.471" />
  <attribute name="elasticGC enabled" value="1" />
  <attribute name= "numThreadsSpecified" value="4" />
  <attribute name="heapSize specified" value="2092630016" />
  <attribute name="Current GC Util" value="70" />
  <attribute name= "Current Time Running" value="6395" />
  <attribute name ="GC Interval" value="0" />
  <attribute name="ProportionalT" value="50.000000" />
  <attribute name="ProportionalI" value="50.000000" />
  <attribute name="ProportionalH" value="50.000000" />
  <attribute name="Current Error" value="50.000000" />
  <attribute name="IntegralT" value="1000.000000" />
  <attribute name="IntegralI" value="1000.000000" />
  <attribute name="IntegralH" value="1000.000000" />
  <attribute name="DerivativeT" value="1.400000" />
  <attribute name="DerivativeI" value="1.400000" />
  <attribute name="DerivativeH" value="1.400000" />
  <attribute name="Loop Time for DT" value="20.000000" />
  <attribute name="Output H" value="8388608"/>
  <attribute name="Output I" value="1056"/>
  <attribute name="Output T" value="4"/>
  <attribute name="Target GC Util Change" value ="20.000000" />
  <attribute name="Current GC Util Change" value="70.000000"/>
  <attribute name="GC Util currently" value="70" />
  <attribute name="CPU Util currently" value="7" />
<sys-end id="32" timestamp="2019-06-17T06:29:37.471" />
<exclusive-end id="33" timestamp="2019-06-17T06:29:37.471" durationms="35.151" />

<exclusive-start id="34" timestamp="2019-06-17T06:29:47.029" intervalms="9593.562">
  <response-info timems="0.097" idlems="0.097" threads="0" lastid="000000000106E700" lastname="main" />
</exclusive-start>
<af-start id="35" threadId="000000000106F088" totalBytesRequested="80" timestamp="2019-06-17T06:29:47.030" intervalms="14328.533" />
<cycle-start id="36" type="global" contextid="0" timestamp="2019-06-17T06:29:47.030" intervalms="9593.717" />
<gc-start id="37" type="global" contextid="36" timestamp="2019-06-17T06:29:47.030">
  <mem-info id="38" free="104631296" total="2092630016" percent="4">
    <mem type="tenure" free="104631296" total="2092630016" percent="4">
      <mem type="soa" free="0" total="1987998720" percent="0" />
      <mem type="loa" free="104631296" total="104631296" percent="100" />
    </mem>
  </mem-info>
</gc-start>
<allocation-stats totalBytes="1981918032" >
  <allocated-bytes non-tlh="14543920" tlh="1967374112" />
  <largest-consumer threadName="main" threadId="000000000106E700" bytes="1981890152" />
</allocation-stats>
<gc-op id="39" type="mark" timems="16.482" contextid="36" timestamp="2019-06-17T06:29:47.047">
  <trace-info objectcount="609659" scancount="529983" scanbytes="13674700" />
  <finalization candidates="84" enqueued="5" />
  <ownableSynchronizers candidates="23" cleared="0" />
  <references type="soft" candidates="4863" cleared="0" enqueued="0" dynamicThreshold="31" maxThreshold="32" />
  <references type="weak" candidates="5762" cleared="85" enqueued="76" />
  <references type="phantom" candidates="107" cleared="5" enqueued="5" />
  <stringconstants candidates="13839" cleared="24"  />
</gc-op>
<gc-op id="40" type="classunload" timems="0.466" contextid="36" timestamp="2019-06-17T06:29:47.048">
  <classunload-info classloadercandidates="59" classloadersunloaded="3" classesunloaded="3" anonymousclassesunloaded="0" quiescems="0.000" setupms="0.449" scanms="0.014" postms="0.003" />
</gc-op>
<gc-op id="41" type="sweep" timems="151.346" contextid="36" timestamp="2019-06-17T06:29:47.199" />
<mem-info id="42" free="2063064552" total="2092630016" percent="98">
  <mem type="tenure" free="2063064552" total="2092630016" percent="98" micro-fragmented="1700367">
    <mem type="soa" free="1958433256" total="1987998720" percent="98" />
    <mem type="loa" free="104631296" total="104631296" percent="100" />
  </mem>
  <pending-finalizers system="0" default="5" reference="81" classloader="0" />
</mem-info>
<gc-op id="43" type="compact" timems="42.309" contextid="36" timestamp="2019-06-17T06:29:47.242">
  <compact-info movecount="607707" movebytes="18147328" reason="compact to aid heap contraction" />
</gc-op>
<gc-end id="44" type="global" contextid="36" durationms="212.042" usertimems="272.000" systemtimems="36.000" timestamp="2019-06-17T06:29:47.242" activeThreads="4">
  <mem-info id="45" free="2074293768" total="2092630016" percent="99">
    <mem type="tenure" free="2074293768" total="2092630016" percent="99">
      <mem type="soa" free="1969662472" total="1987998720" percent="99" />
      <mem type="loa" free="104631296" total="104631296" percent="100" />
    </mem>
    <pending-finalizers system="0" default="5" reference="81" classloader="0" />
  </mem-info>
</gc-end>
<cycle-end id="46" type="global" contextid="36" timestamp="2019-06-17T06:29:47.243" />
  <attribute name="elasticGC enabled" value="1" />
  <attribute name= "numThreadsSpecified" value="4" />
  <attribute name="heapSize specified" value="2092630016" />
  <attribute name="Current GC Util" value="183" />
  <attribute name= "Current Time Running" value="16166" />
  <attribute name ="GC Interval" value="0" />
  <attribute name="ProportionalT" value="163.000000" />
  <attribute name="ProportionalI" value="163.000000" />
  <attribute name="ProportionalH" value="163.000000" />
  <attribute name="Current Error" value="163.000000" />
  <attribute name="IntegralT" value="6846.000000" />
  <attribute name="IntegralI" value="6846.000000" />
  <attribute name="IntegralH" value="6846.000000" />
  <attribute name="DerivativeT" value="3.880952" />
  <attribute name="DerivativeI" value="3.880952" />
  <attribute name="DerivativeH" value="3.880952" />
  <attribute name="Loop Time for DT" value="42.000000" />
  <attribute name="Output H" value="8388608"/>
  <attribute name="Output I" value="4000"/>
  <attribute name="Output T" value="4"/>
  <attribute name="Target GC Util Change" value ="20.000000" />
  <attribute name="Current GC Util Change" value="183.000000"/>
  <attribute name="GC Util currently" value="183" />
  <attribute name="CPU Util currently" value="108369857783" />
<allocation-satisfied id="47" threadId="000000000106E700" bytesRequested="80" />
<af-end id="48" timestamp="2019-06-17T06:29:47.243" threadId="000000000106F088" success="true" />
<exclusive-end id="49" timestamp="2019-06-17T06:29:47.243" durationms="213.718" />

</verbosegc>

