<?xml version="1.0" ?>

<verbosegc xmlns="http://www.ibm.com/j9/verbosegc" version="10b4217_CMPRSS">

<initialized id="1" timestamp="2019-06-16T05:46:38.503">
  <attribute name="gcPolicy" value="-Xgcpolicy:optavgpause" />
  <attribute name="elasticGC enabled" value="1" />
  <attribute name= "numThreadsSpecified" value="0" />
  <attribute name="heapSize specified" value="0" />
  <attribute name="Current GC Util" value="0" />
  <attribute name= "Current Time Running" value="0" />
  <attribute name ="GC Interval" value="0" />
  <attribute name="ProportionalT" value="0.000000" />
  <attribute name="ProportionalI" value="0.000000" />
  <attribute name="ProportionalH" value="0.000000" />
  <attribute name="IntegralT" value="0.000000" />
  <attribute name="IntegralI" value="0.000000" />
  <attribute name="IntegralH" value="0.000000" />
  <attribute name="DerivativeT" value="0.000000" />
  <attribute name="DerivativeI" value="0.000000" />
  <attribute name="DerivativeH" value="0.000000" />
  <attribute name="Target GC Util Change" value ="0.000000" />
  <attribute name="Current GC Util Change" value="0.000000"/>
  <attribute name="Current Error" value="0.000000" />
  <attribute name="Loop Time for DT" value="0.000000" />
  <attribute name="Output H" value="0"/>
  <attribute name="Output I" value="0"/>
  <attribute name="Output T" value="0"/>
  <attribute name="GC Util currently" value="0" />
  <attribute name="CPU Util currently" value="0" />
  <attribute name="maxHeapSize" value="0x7cbc0000" />
  <attribute name="initialHeapSize" value="0x800000" />
  <attribute name="compressedRefs" value="true" />
  <attribute name="compressedRefsDisplacement" value="0x0" />
  <attribute name="compressedRefsShift" value="0x0" />
  <attribute name="pageSize" value="0x1000" />
  <attribute name="pageType" value="not used" />
  <attribute name="requestedPageSize" value="0x1000" />
  <attribute name="requestedPageType" value="not used" />
  <attribute name="gcthreads" value="4" />
  <attribute name="packetListSplit" value="4" />
  <attribute name="cacheListSplit" value="4" />
  <attribute name="splitFreeListSplitAmount" value="1" />
  <attribute name="numaNodes" value="0" />
  <system>
    <attribute name="physicalMemory" value="8370958336" />
    <attribute name="numCPUs" value="4" />
    <attribute name="architecture" value="amd64" />
    <attribute name="os" value="Linux" />
    <attribute name="osVersion" value="4.4.0-150-generic" />
  </system>
  <vmargs>
    <vmarg name="-Xoptionsfile=/vagrant/jdk/lib/options.default" />
    <vmarg name="-Xlockword:mode=default,noLockword=java/lang/String,noLockword=java/util/MapEntry,noLockword=java/util/HashMap$Entry,noLockword..." />
    <vmarg name="-Xjcl:jclse29" />
    <vmarg name="-Dcom.ibm.oti.vm.bootstrap.library.path=/vagrant/jdk/lib/compressedrefs:/vagrant/jdk/lib" />
    <vmarg name="-Dsun.boot.library.path=/vagrant/jdk/lib/compressedrefs:/vagrant/jdk/lib" />
    <vmarg name="-Djava.library.path=/vagrant/jdk/lib/compressedrefs:/vagrant/jdk/lib:/usr/lib64:/usr/lib" />
    <vmarg name="-Djava.home=/vagrant/jdk" />
    <vmarg name="-Duser.dir=/vagrant" />
    <vmarg name="-Xgcpolicy:optavgpause" />
    <vmarg name="-Xgcelastic" />
    <vmarg name="-Xcheck:gc:::elasticGC" />
    <vmarg name="-verbose:gc" />
    <vmarg name="-Xloggc:jdk1.5-1-1-large-OAP-4CORE-elasticverbose11sunflow.txt" />
    <vmarg name="-Djava.class.path=dacapo-9.12-MR1-bach.jar" />
    <vmarg name="-Dsun.java.command=dacapo-9.12-MR1-bach.jar sunflow --size=large" />
    <vmarg name="-Dsun.java.launcher=SUN_STANDARD" />
    <vmarg name="-Dsun.java.launcher.pid=29268" />
  </vmargs>
</initialized>

<exclusive-start id="2" timestamp="2019-06-16T05:46:39.117" intervalms="613.958">
  <response-info timems="0.023" idlems="0.023" threads="0" lastid="0000000000CE9700" lastname="main" />
</exclusive-start>
<af-start id="3" threadId="0000000000CEA088" totalBytesRequested="16" timestamp="2019-06-16T05:46:39.117" intervalms="614.424" />
<cycle-start id="4" type="global" contextid="0" timestamp="2019-06-16T05:46:39.117" intervalms="614.831" />
<gc-start id="5" type="global" contextid="4" timestamp="2019-06-16T05:46:39.117">
  <mem-info id="6" free="418816" total="8388608" percent="4">
    <mem type="tenure" free="418816" total="8388608" percent="4">
      <mem type="soa" free="0" total="7969792" percent="0" />
      <mem type="loa" free="418816" total="418816" percent="100" />
    </mem>
  </mem-info>
</gc-start>
<allocation-stats totalBytes="7961896" >
  <allocated-bytes non-tlh="2337112" tlh="5624784" />
  <largest-consumer threadName="main" threadId="0000000000CE9700" bytes="7884064" />
</allocation-stats>
<gc-op id="7" type="mark" timems="2.129" contextid="4" timestamp="2019-06-16T05:46:39.120">
  <trace-info objectcount="30266" scancount="24321" scanbytes="766096" />
  <finalization candidates="125" enqueued="1" />
  <ownableSynchronizers candidates="3" cleared="0" />
  <references type="soft" candidates="132" cleared="0" enqueued="0" dynamicThreshold="32" maxThreshold="32" />
  <references type="weak" candidates="1325" cleared="568" enqueued="478" />
  <references type="phantom" candidates="107" cleared="42" enqueued="42" />
  <stringconstants candidates="3958" cleared="0"  />
</gc-op>
<gc-op id="8" type="classunload" timems="0.071" contextid="4" timestamp="2019-06-16T05:46:39.120">
  <classunload-info classloadercandidates="7" classloadersunloaded="0" classesunloaded="0" anonymousclassesunloaded="0" quiescems="0.000" setupms="0.070" scanms="0.001" postms="0.000" />
</gc-op>
<gc-op id="9" type="sweep" timems="1.954" contextid="4" timestamp="2019-06-16T05:46:39.122" />
<mem-info id="10" free="4708280" total="8388608" percent="56">
  <mem type="tenure" free="4708280" total="8388608" percent="56" micro-fragmented="416646">
    <mem type="soa" free="4289464" total="7969792" percent="53" />
    <mem type="loa" free="418816" total="418816" percent="100" />
  </mem>
  <pending-finalizers system="1" default="0" reference="520" classloader="0" />
</mem-info>
<gc-op id="11" type="compact" timems="6.388" contextid="4" timestamp="2019-06-16T05:46:39.129">
  <compact-info movecount="30265" movebytes="3171088" reason="compact to aid heap contraction" />
</gc-op>
<heap-resize id="12" type="expand" space="tenure" amount="2084241408" count="1" timems="0.245" reason="satisfy allocation request" timestamp="2019-06-16T05:46:39.129" />
<gc-end id="13" type="global" contextid="4" durationms="11.899" usertimems="16.000" systemtimems="0.000" timestamp="2019-06-16T05:46:39.129" activeThreads="4">
  <mem-info id="14" free="2089393304" total="2092630016" percent="99">
    <mem type="tenure" free="2089393304" total="2092630016" percent="99">
      <mem type="soa" free="1984762008" total="1987998720" percent="99" />
      <mem type="loa" free="104631296" total="104631296" percent="100" />
    </mem>
    <pending-finalizers system="1" default="0" reference="520" classloader="0" />
  </mem-info>
</gc-end>
<cycle-end id="15" type="global" contextid="4" timestamp="2019-06-16T05:46:39.130" />
  <attribute name="elasticGC enabled" value="1" />
  <attribute name= "numThreadsSpecified" value="4" />
  <attribute name="heapSize specified" value="8388608" />
  <attribute name="Current GC Util" value="32" />
  <attribute name= "Current Time Running" value="513" />
  <attribute name ="GC Interval" value="0" />
  <attribute name="ProportionalT" value="18.000000" />
  <attribute name="ProportionalI" value="18.000000" />
  <attribute name="ProportionalH" value="18.000000" />
  <attribute name="Current Error" value="12.000000" />
  <attribute name="IntegralT" value="-9806.000000" />
  <attribute name="IntegralI" value="-9806.000000" />
  <attribute name="IntegralH" value="-9806.000000" />
  <attribute name="DerivativeT" value="1.714286" />
  <attribute name="DerivativeI" value="1.714286" />
  <attribute name="DerivativeH" value="1.714286" />
  <attribute name="Loop Time for DT" value="7.000000" />
  <attribute name="Output H" value="2092630016"/>
  <attribute name="Output I" value="200"/>
  <attribute name="Output T" value="4"/>
  <attribute name="Target GC Util Change" value ="20.000000" />
  <attribute name="Current GC Util Change" value="32.000000"/>
  <attribute name="GC Util currently" value="32" />
  <attribute name="CPU Util currently" value="22" />
<allocation-satisfied id="16" threadId="0000000000CE9700" bytesRequested="16" />
<af-end id="17" timestamp="2019-06-16T05:46:39.130" threadId="0000000000CEA088" success="true" />
<exclusive-end id="18" timestamp="2019-06-16T05:46:39.130" durationms="13.329" />

<exclusive-start id="19" timestamp="2019-06-16T05:46:39.148" intervalms="31.203">
  <response-info timems="0.067" idlems="0.067" threads="0" lastid="0000000000CE9700" lastname="main" />
</exclusive-start>
<sys-start reason="explicit" id="20" timestamp="2019-06-16T05:46:39.148" intervalms="645.286" />
<cycle-start id="21" type="global" contextid="0" timestamp="2019-06-16T05:46:39.148" intervalms="30.516" />
<gc-start id="22" type="global" contextid="21" timestamp="2019-06-16T05:46:39.148">
  <mem-info id="23" free="2085411896" total="2092630016" percent="99">
    <mem type="tenure" free="2085411896" total="2092630016" percent="99">
      <mem type="soa" free="1980780600" total="1987998720" percent="99" />
      <mem type="loa" free="104631296" total="104631296" percent="100" />
    </mem>
  </mem-info>
</gc-start>
<allocation-stats totalBytes="4046544" >
  <allocated-bytes non-tlh="1048672" tlh="2997872" />
  <largest-consumer threadName="main" threadId="0000000000CE9700" bytes="4030472" />
</allocation-stats>
<gc-op id="24" type="mark" timems="8.394" contextid="21" timestamp="2019-06-16T05:46:39.156">
  <trace-info objectcount="29324" scancount="23508" scanbytes="751800" />
  <finalization candidates="124" enqueued="0" />
  <ownableSynchronizers candidates="3" cleared="0" />
  <references type="soft" candidates="132" cleared="0" enqueued="0" dynamicThreshold="31" maxThreshold="32" />
  <references type="weak" candidates="759" cleared="2" enqueued="2" />
  <references type="phantom" candidates="64" cleared="0" enqueued="0" />
  <stringconstants candidates="3958" cleared="0"  />
</gc-op>
<gc-op id="25" type="classunload" timems="0.003" contextid="21" timestamp="2019-06-16T05:46:39.157">
  <classunload-info classloadercandidates="7" classloadersunloaded="0" classesunloaded="0" anonymousclassesunloaded="0" quiescems="0.000" setupms="0.002" scanms="0.001" postms="0.000" />
</gc-op>
<gc-op id="26" type="sweep" timems="1.806" contextid="21" timestamp="2019-06-16T05:46:39.159" />
<mem-info id="27" free="2089206504" total="2092630016" percent="99">
  <mem type="tenure" free="2089206504" total="2092630016" percent="99" micro-fragmented="56946">
    <mem type="soa" free="1984575208" total="1987998720" percent="99" />
    <mem type="loa" free="104631296" total="104631296" percent="100" />
  </mem>
  <pending-finalizers system="0" default="0" reference="2" classloader="0" />
</mem-info>
<gc-op id="28" type="compact" timems="12.995" contextid="21" timestamp="2019-06-16T05:46:39.172">
  <compact-info movecount="18228" movebytes="2918344" reason="compact to aid heap contraction" />
</gc-op>
<gc-end id="29" type="global" contextid="21" durationms="24.135" usertimems="28.000" systemtimems="8.000" timestamp="2019-06-16T05:46:39.172" activeThreads="4">
  <mem-info id="30" free="2089235976" total="2092630016" percent="99">
    <mem type="tenure" free="2089235976" total="2092630016" percent="99">
      <mem type="soa" free="1984604680" total="1987998720" percent="99" />
      <mem type="loa" free="104631296" total="104631296" percent="100" />
    </mem>
    <pending-finalizers system="0" default="0" reference="2" classloader="0" />
  </mem-info>
</gc-end>
<cycle-end id="31" type="global" contextid="21" timestamp="2019-06-16T05:46:39.172" />
  <attribute name="elasticGC enabled" value="1" />
  <attribute name= "numThreadsSpecified" value="4" />
  <attribute name="heapSize specified" value="2092630016" />
  <attribute name="Current GC Util" value="102" />
  <attribute name= "Current Time Running" value="556" />
  <attribute name ="GC Interval" value="0" />
  <attribute name="ProportionalT" value="123.000000" />
  <attribute name="ProportionalI" value="123.000000" />
  <attribute name="ProportionalH" value="123.000000" />
  <attribute name="Current Error" value="82.000000" />
  <attribute name="IntegralT" value="1066.000000" />
  <attribute name="IntegralI" value="1066.000000" />
  <attribute name="IntegralH" value="1066.000000" />
  <attribute name="DerivativeT" value="6.307692" />
  <attribute name="DerivativeI" value="6.307692" />
  <attribute name="DerivativeH" value="6.307692" />
  <attribute name="Loop Time for DT" value="13.000000" />
  <attribute name="Output H" value="8388608"/>
  <attribute name="Output I" value="1200"/>
  <attribute name="Output T" value="4"/>
  <attribute name="Target GC Util Change" value ="20.000000" />
  <attribute name="Current GC Util Change" value="102.000000"/>
  <attribute name="GC Util currently" value="102" />
  <attribute name="CPU Util currently" value="351171422823" />
<sys-end id="32" timestamp="2019-06-16T05:46:39.172" />
<exclusive-end id="33" timestamp="2019-06-16T05:46:39.172" durationms="24.743" />

<exclusive-start id="34" timestamp="2019-06-16T05:46:41.257" intervalms="2109.270">
  <response-info timems="0.082" idlems="0.082" threads="0" lastid="000000000103AD00" lastname="Thread-8" />
</exclusive-start>
<af-start id="35" threadId="000000000103B688" totalBytesRequested="40" timestamp="2019-06-16T05:46:41.257" intervalms="2140.307" />
<cycle-start id="36" type="global" contextid="0" timestamp="2019-06-16T05:46:41.257" intervalms="2109.612" />
<gc-start id="37" type="global" contextid="36" timestamp="2019-06-16T05:46:41.258">
  <mem-info id="38" free="104631296" total="2092630016" percent="4">
    <mem type="tenure" free="104631296" total="2092630016" percent="4">
      <mem type="soa" free="0" total="1987998720" percent="0" />
      <mem type="loa" free="104631296" total="104631296" percent="100" />
    </mem>
  </mem-info>
</gc-start>
<allocation-stats totalBytes="1984366864" >
  <allocated-bytes non-tlh="1725616" tlh="1982641248" />
  <largest-consumer threadName="Thread-10" threadId="0000000001042500" bytes="525238632" />
</allocation-stats>
<gc-op id="39" type="mark" timems="2.993" contextid="36" timestamp="2019-06-16T05:46:41.261">
  <trace-info objectcount="68470" scancount="60021" scanbytes="2221716" />
  <finalization candidates="124" enqueued="0" />
  <ownableSynchronizers candidates="3" cleared="0" />
  <references type="soft" candidates="149" cleared="0" enqueued="0" dynamicThreshold="31" maxThreshold="32" />
  <references type="weak" candidates="802" cleared="29" enqueued="28" />
  <references type="phantom" candidates="66" cleared="2" enqueued="2" />
  <stringconstants candidates="4598" cleared="1"  />
</gc-op>
<gc-op id="40" type="sweep" timems="299.867" contextid="36" timestamp="2019-06-16T05:46:41.561" />
<mem-info id="41" free="2085901232" total="2092630016" percent="99">
  <mem type="tenure" free="2085901232" total="2092630016" percent="99" micro-fragmented="901538">
    <mem type="soa" free="1981269936" total="1987998720" percent="99" />
    <mem type="loa" free="104631296" total="104631296" percent="100" />
  </mem>
  <pending-finalizers system="0" default="0" reference="30" classloader="0" />
</mem-info>
<gc-op id="42" type="compact" timems="14.065" contextid="36" timestamp="2019-06-16T05:46:41.576">
  <compact-info movecount="67847" movebytes="5749752" reason="compact to aid heap contraction" />
</gc-op>
<gc-end id="43" type="global" contextid="36" durationms="318.550" usertimems="324.000" systemtimems="20.000" timestamp="2019-06-16T05:46:41.576" activeThreads="4">
  <mem-info id="44" free="2086799088" total="2092630016" percent="99">
    <mem type="tenure" free="2086799088" total="2092630016" percent="99">
      <mem type="soa" free="1982167792" total="1987998720" percent="99" />
      <mem type="loa" free="104631296" total="104631296" percent="100" />
    </mem>
    <pending-finalizers system="0" default="0" reference="30" classloader="0" />
  </mem-info>
</gc-end>
<cycle-end id="45" type="global" contextid="36" timestamp="2019-06-16T05:46:41.576" />
  <attribute name="elasticGC enabled" value="1" />
  <attribute name= "numThreadsSpecified" value="4" />
  <attribute name="heapSize specified" value="2092630016" />
  <attribute name="Current GC Util" value="140" />
  <attribute name= "Current Time Running" value="2960" />
  <attribute name ="GC Interval" value="0" />
  <attribute name="ProportionalT" value="180.000000" />
  <attribute name="ProportionalI" value="180.000000" />
  <attribute name="ProportionalH" value="180.000000" />
  <attribute name="Current Error" value="120.000000" />
  <attribute name="IntegralT" value="1680.000000" />
  <attribute name="IntegralI" value="1680.000000" />
  <attribute name="IntegralH" value="1680.000000" />
  <attribute name="DerivativeT" value="8.571429" />
  <attribute name="DerivativeI" value="8.571429" />
  <attribute name="DerivativeH" value="8.571429" />
  <attribute name="Loop Time for DT" value="14.000000" />
  <attribute name="Output H" value="8388608"/>
  <attribute name="Output I" value="1872"/>
  <attribute name="Output T" value="4"/>
  <attribute name="Target GC Util Change" value ="20.000000" />
  <attribute name="Current GC Util Change" value="140.000000"/>
  <attribute name="GC Util currently" value="140" />
  <attribute name="CPU Util currently" value="322048553815" />
<allocation-satisfied id="46" threadId="000000000103AD00" bytesRequested="40" />
<af-end id="47" timestamp="2019-06-16T05:46:41.577" threadId="000000000103B688" success="true" />
<exclusive-end id="48" timestamp="2019-06-16T05:46:41.577" durationms="320.141" />

<exclusive-start id="49" timestamp="2019-06-16T05:46:42.433" intervalms="1175.841">
  <response-info timems="0.035" idlems="0.035" threads="0" lastid="0000000001042500" lastname="Thread-10" />
</exclusive-start>
<af-start id="50" threadId="0000000001042E88" totalBytesRequested="24" timestamp="2019-06-16T05:46:42.433" intervalms="1175.781" />
<cycle-start id="51" type="global" contextid="0" timestamp="2019-06-16T05:46:42.433" intervalms="1175.671" />
<gc-start id="52" type="global" contextid="51" timestamp="2019-06-16T05:46:42.433">
  <mem-info id="53" free="104631296" total="2092630016" percent="4">
    <mem type="tenure" free="104631296" total="2092630016" percent="4">
      <mem type="soa" free="0" total="1987998720" percent="0" />
      <mem type="loa" free="104631296" total="104631296" percent="100" />
    </mem>
  </mem-info>
</gc-start>
<allocation-stats totalBytes="1982140544" >
  <allocated-bytes non-tlh="0" tlh="1982140544" />
  <largest-consumer threadName="Thread-7" threadId="0000000001046100" bytes="613352792" />
</allocation-stats>
<gc-op id="54" type="mark" timems="3.386" contextid="51" timestamp="2019-06-16T05:46:42.437">
  <trace-info objectcount="70768" scancount="62345" scanbytes="2384692" />
  <finalization candidates="124" enqueued="0" />
  <ownableSynchronizers candidates="3" cleared="0" />
  <references type="soft" candidates="149" cleared="0" enqueued="0" dynamicThreshold="31" maxThreshold="32" />
  <references type="weak" candidates="773" cleared="0" enqueued="0" />
  <references type="phantom" candidates="64" cleared="0" enqueued="0" />
  <stringconstants candidates="4597" cleared="0"  />
</gc-op>
<gc-op id="55" type="sweep" timems="406.706" contextid="51" timestamp="2019-06-16T05:46:42.844" />
<mem-info id="56" free="2086506112" total="2092630016" percent="99">
  <mem type="tenure" free="2086506112" total="2092630016" percent="99" micro-fragmented="22464">
    <mem type="soa" free="1981874816" total="1987998720" percent="99" />
    <mem type="loa" free="104631296" total="104631296" percent="100" />
  </mem>
</mem-info>
<gc-op id="57" type="compact" timems="11.917" contextid="51" timestamp="2019-06-16T05:46:42.856">
  <compact-info movecount="49193" movebytes="4645528" reason="compact to aid heap contraction" />
</gc-op>
<gc-end id="58" type="global" contextid="51" durationms="423.164" usertimems="428.000" systemtimems="16.000" timestamp="2019-06-16T05:46:42.856" activeThreads="4">
  <mem-info id="59" free="2086637504" total="2092630016" percent="99">
    <mem type="tenure" free="2086637504" total="2092630016" percent="99">
      <mem type="soa" free="1982006208" total="1987998720" percent="99" />
      <mem type="loa" free="104631296" total="104631296" percent="100" />
    </mem>
  </mem-info>
</gc-end>
<cycle-end id="60" type="global" contextid="51" timestamp="2019-06-16T05:46:42.857" />
  <attribute name="elasticGC enabled" value="1" />
  <attribute name= "numThreadsSpecified" value="4" />
  <attribute name="heapSize specified" value="2092630016" />
  <attribute name="Current GC Util" value="192" />
  <attribute name= "Current Time Running" value="4240" />
  <attribute name ="GC Interval" value="0" />
  <attribute name="ProportionalT" value="258.000000" />
  <attribute name="ProportionalI" value="258.000000" />
  <attribute name="ProportionalH" value="258.000000" />
  <attribute name="Current Error" value="172.000000" />
  <attribute name="IntegralT" value="2064.000000" />
  <attribute name="IntegralI" value="2064.000000" />
  <attribute name="IntegralH" value="2064.000000" />
  <attribute name="DerivativeT" value="14.333333" />
  <attribute name="DerivativeI" value="14.333333" />
  <attribute name="DerivativeH" value="14.333333" />
  <attribute name="Loop Time for DT" value="12.000000" />
  <attribute name="Output H" value="8388608"/>
  <attribute name="Output I" value="2336"/>
  <attribute name="Output T" value="4"/>
  <attribute name="Target GC Util Change" value ="20.000000" />
  <attribute name="Current GC Util Change" value="192.000000"/>
  <attribute name="GC Util currently" value="192" />
  <attribute name="CPU Util currently" value="381706853057" />
<allocation-satisfied id="61" threadId="0000000001042500" bytesRequested="24" />
<af-end id="62" timestamp="2019-06-16T05:46:42.857" threadId="0000000001042E88" success="true" />
<exclusive-end id="63" timestamp="2019-06-16T05:46:42.857" durationms="424.535" />

<exclusive-start id="64" timestamp="2019-06-16T05:46:43.722" intervalms="1289.191">
  <response-info timems="0.034" idlems="0.034" threads="0" lastid="0000000001042500" lastname="Thread-10" />
</exclusive-start>
<af-start id="65" threadId="0000000001042E88" totalBytesRequested="40" timestamp="2019-06-16T05:46:43.722" intervalms="1289.168" />
<cycle-start id="66" type="global" contextid="0" timestamp="2019-06-16T05:46:43.722" intervalms="1289.259" />
<gc-start id="67" type="global" contextid="66" timestamp="2019-06-16T05:46:43.723">
  <mem-info id="68" free="104631296" total="2092630016" percent="4">
    <mem type="tenure" free="104631296" total="2092630016" percent="4">
      <mem type="soa" free="0" total="1987998720" percent="0" />
      <mem type="loa" free="104631296" total="104631296" percent="100" />
    </mem>
  </mem-info>
</gc-start>
<allocation-stats totalBytes="1982014904" >
  <allocated-bytes non-tlh="0" tlh="1982014904" />
  <largest-consumer threadName="Thread-8" threadId="000000000103AD00" bytes="561333760" />
</allocation-stats>
<gc-op id="69" type="mark" timems="5.021" contextid="66" timestamp="2019-06-16T05:46:43.728">
  <trace-info objectcount="72512" scancount="64084" scanbytes="2427044" />
  <finalization candidates="124" enqueued="0" />
  <ownableSynchronizers candidates="3" cleared="0" />
  <references type="soft" candidates="149" cleared="0" enqueued="0" dynamicThreshold="31" maxThreshold="32" />
  <references type="weak" candidates="773" cleared="0" enqueued="0" />
  <references type="phantom" candidates="64" cleared="0" enqueued="0" />
  <stringconstants candidates="4597" cleared="0"  />
</gc-op>
<gc-op id="70" type="sweep" timems="364.123" contextid="66" timestamp="2019-06-16T05:46:44.092" />
<mem-info id="71" free="2086150016" total="2092630016" percent="99">
  <mem type="tenure" free="2086150016" total="2092630016" percent="99" micro-fragmented="121855">
    <mem type="soa" free="1981518720" total="1987998720" percent="99" />
    <mem type="loa" free="104631296" total="104631296" percent="100" />
  </mem>
</mem-info>
<gc-op id="72" type="compact" timems="7.056" contextid="66" timestamp="2019-06-16T05:46:44.100">
  <compact-info movecount="27989" movebytes="1221552" reason="compact to aid heap contraction" />
</gc-op>
<gc-end id="73" type="global" contextid="66" durationms="377.462" usertimems="380.000" systemtimems="16.000" timestamp="2019-06-16T05:46:44.100" activeThreads="4">
  <mem-info id="74" free="2086595152" total="2092630016" percent="99">
    <mem type="tenure" free="2086595152" total="2092630016" percent="99">
      <mem type="soa" free="1981963856" total="1987998720" percent="99" />
      <mem type="loa" free="104631296" total="104631296" percent="100" />
    </mem>
  </mem-info>
</gc-end>
<cycle-end id="75" type="global" contextid="66" timestamp="2019-06-16T05:46:44.100" />
  <attribute name="elasticGC enabled" value="1" />
  <attribute name= "numThreadsSpecified" value="4" />
  <attribute name="heapSize specified" value="2092630016" />
  <attribute name="Current GC Util" value="213" />
  <attribute name= "Current Time Running" value="5484" />
  <attribute name ="GC Interval" value="0" />
  <attribute name="ProportionalT" value="289.500000" />
  <attribute name="ProportionalI" value="289.500000" />
  <attribute name="ProportionalH" value="289.500000" />
  <attribute name="Current Error" value="193.000000" />
  <attribute name="IntegralT" value="1351.000000" />
  <attribute name="IntegralI" value="1351.000000" />
  <attribute name="IntegralH" value="1351.000000" />
  <attribute name="DerivativeT" value="27.571429" />
  <attribute name="DerivativeI" value="27.571429" />
  <attribute name="DerivativeH" value="27.571429" />
  <attribute name="Loop Time for DT" value="7.000000" />
  <attribute name="Output H" value="8388608"/>
  <attribute name="Output I" value="1672"/>
  <attribute name="Output T" value="4"/>
  <attribute name="Target GC Util Change" value ="20.000000" />
  <attribute name="Current GC Util Change" value="213.000000"/>
  <attribute name="GC Util currently" value="213" />
  <attribute name="CPU Util currently" value="641861904430" />
<allocation-satisfied id="76" threadId="0000000001042500" bytesRequested="40" />
<af-end id="77" timestamp="2019-06-16T05:46:44.100" threadId="0000000001042E88" success="true" />
<exclusive-end id="78" timestamp="2019-06-16T05:46:44.101" durationms="378.630" />

</verbosegc>

