<?xml version="1.0" ?>

<verbosegc xmlns="http://www.ibm.com/j9/verbosegc" version="10b4217_CMPRSS">

<initialized id="1" timestamp="2019-06-14T19:06:31.677">
  <attribute name="gcPolicy" value="-Xgcpolicy:balanced" />
  <attribute name="elasticGC enabled" value="1" />
  <attribute name= "numThreadsSpecified" value="0" />
  <attribute name="heapSize specified" value="0" />
  <attribute name="Current GC Util" value="0" />
  <attribute name= "Current Time Running" value="0" />
  <attribute name ="GC Interval" value="0" />
  <attribute name="ProportionalT" value="0.000000" />
  <attribute name="ProportionalI" value="0.000000" />
  <attribute name="ProportionalH" value="0.000000" />
  <attribute name="IntegralT" value="0.000000" />
  <attribute name="IntegralI" value="0.000000" />
  <attribute name="IntegralH" value="0.000000" />
  <attribute name="DerivativeT" value="0.000000" />
  <attribute name="DerivativeI" value="0.000000" />
  <attribute name="DerivativeH" value="0.000000" />
  <attribute name="Target GC Util Change" value ="0.000000" />
  <attribute name="Current GC Util Change" value="0.000000"/>
  <attribute name="Current Error" value="0.000000" />
  <attribute name="Loop Time for DT" value="0.000000" />
  <attribute name="Output H" value="0"/>
  <attribute name="Output I" value="0"/>
  <attribute name="Output T" value="0"/>
  <attribute name="GC Util currently" value="0" />
  <attribute name="CPU Util currently" value="0" />
  <attribute name="maxHeapSize" value="0x7cb00000" />
  <attribute name="initialHeapSize" value="0x800000" />
  <attribute name="compressedRefs" value="true" />
  <attribute name="compressedRefsDisplacement" value="0x0" />
  <attribute name="compressedRefsShift" value="0x0" />
  <attribute name="pageSize" value="0x1000" />
  <attribute name="pageType" value="not used" />
  <attribute name="requestedPageSize" value="0x1000" />
  <attribute name="requestedPageType" value="not used" />
  <attribute name="gcthreads" value="4" />
  <attribute name="packetListSplit" value="4" />
  <attribute name="cacheListSplit" value="4" />
  <attribute name="splitFreeListSplitAmount" value="1" />
  <attribute name="numaNodes" value="0" />
  <region>
    <attribute name="regionSize" value="1048576" />
    <attribute name="regionCount" value="1995" />
    <attribute name="arrayletLeafSize" value="1048576" />
  </region>
  <system>
    <attribute name="physicalMemory" value="8370962432" />
    <attribute name="numCPUs" value="4" />
    <attribute name="architecture" value="amd64" />
    <attribute name="os" value="Linux" />
    <attribute name="osVersion" value="4.4.0-148-generic" />
  </system>
  <vmargs>
    <vmarg name="-Xoptionsfile=/vagrant/jdk/lib/options.default" />
    <vmarg name="-Xlockword:mode=default,noLockword=java/lang/String,noLockword=java/util/MapEntry,noLockword=java/util/HashMap$Entry,noLockword..." />
    <vmarg name="-Xjcl:jclse29" />
    <vmarg name="-Dcom.ibm.oti.vm.bootstrap.library.path=/vagrant/jdk/lib/compressedrefs:/vagrant/jdk/lib" />
    <vmarg name="-Dsun.boot.library.path=/vagrant/jdk/lib/compressedrefs:/vagrant/jdk/lib" />
    <vmarg name="-Djava.library.path=/vagrant/jdk/lib/compressedrefs:/vagrant/jdk/lib:/usr/lib64:/usr/lib" />
    <vmarg name="-Djava.home=/vagrant/jdk" />
    <vmarg name="-Duser.dir=/vagrant" />
    <vmarg name="-Xgcpolicy:balanced" />
    <vmarg name="-Xgcelastic" />
    <vmarg name="-Xcheck:gc:::elasticGC" />
    <vmarg name="-verbose:gc" />
    <vmarg name="-Xloggc:small-Balanced-jdk0.5-1-0.5-verbose14pmd.txt" />
    <vmarg name="-Djava.class.path=dacapo-9.12-MR1-bach.jar" />
    <vmarg name="-Dsun.java.command=dacapo-9.12-MR1-bach.jar pmd --size=small" />
    <vmarg name="-Dsun.java.launcher=SUN_STANDARD" />
    <vmarg name="-Dsun.java.launcher.pid=9014" />
  </vmargs>
</initialized>

<exclusive-start id="2" timestamp="2019-06-14T19:06:32.461" intervalms="784.376">
  <response-info timems="0.017" idlems="0.017" threads="0" lastid="0000000000B9B700" lastname="main" />
</exclusive-start>
<sys-start reason="explicit" id="3" timestamp="2019-06-14T19:06:32.461" intervalms="784.612" />
<cycle-start id="4" type="global garbage collect" contextid="0" timestamp="2019-06-14T19:06:32.462" intervalms="784.922" />
<gc-start id="5" type="global garbage collect" contextid="4" timestamp="2019-06-14T19:06:32.462">
  <mem-info id="6" free="1429032" total="8388608" percent="17">
    <mem type="eden" free="380536" total="7340032" percent="5" />
    <remembered-set count="0" freebytes="334848" totalbytes="334848" percent="100" regionsoverflowed="0" regionsstable="0" regionsrebuilding="0"/>
  </mem-info>
</gc-start>
<allocation-stats totalBytes="6937464" >
  <allocated-bytes non-tlh="449560" tlh="6487904" arrayletleaf="0"/>
  <largest-consumer threadName="main" threadId="0000000000B9B700" bytes="6860720" />
</allocation-stats>
<gc-op id="7" type="global mark" timems="3.088" contextid="4" timestamp="2019-06-14T19:06:32.465">
  <trace-info objectcount="20017" scancount="15956" scanbytes="532844" />
  <finalization candidates="46" enqueued="1" />
  <ownableSynchronizers candidates="4" cleared="3" />
  <references type="soft" candidates="66" cleared="0" enqueued="0" dynamicThreshold="32" maxThreshold="32" />
  <references type="weak" candidates="911" cleared="529" enqueued="452" />
  <references type="phantom" candidates="125" cleared="44" enqueued="44" />
  <stringconstants candidates="2485" cleared="0"  />
</gc-op>
<gc-op id="8" type="classunload" timems="0.046" contextid="4" timestamp="2019-06-14T19:06:32.466">
  <classunload-info classloadercandidates="6" classloadersunloaded="0" classesunloaded="0" anonymousclassesunloaded="0" quiescems="0.000" setupms="0.046" scanms="0.000" postms="0.000" />
</gc-op>
<gc-op id="9" type="sweep" timems="0.582" contextid="4" timestamp="2019-06-14T19:06:32.467" />
<gc-op id="10" type="compact" timems="4.565" contextid="4" timestamp="2019-06-14T19:06:32.471">
  <compact-info movecount="20014" movebytes="1264784" />
  <remembered-set-cleared processed="1508" cleared="1508" durationms="0.105" />
</gc-op>
<gc-end id="11" type="global garbage collect" contextid="4" durationms="10.267" usertimems="8.000" systemtimems="4.000" timestamp="2019-06-14T19:06:32.472" activeThreads="4">
  <mem-info id="12" free="6291456" total="8388608" percent="75">
    <pending-finalizers system="1" default="0" reference="496" classloader="0" />
    <remembered-set count="1024" freebytes="330752" totalbytes="334848" percent="98" regionsoverflowed="0" regionsstable="0" regionsrebuilding="0"/>
  </mem-info>
</gc-end>
<cycle-end id="13" type="global garbage collect" contextid="4" timestamp="2019-06-14T19:06:32.472" />
  <attribute name="elasticGC enabled" value="1" />
  <attribute name= "numThreadsSpecified" value="4" />
  <attribute name="heapSize specified" value="0" />
  <attribute name="Current GC Util" value="34" />
  <attribute name= "Current Time Running" value="679" />
  <attribute name ="GC Interval" value="0" />
  <attribute name="ProportionalT" value="7.000000" />
  <attribute name="ProportionalI" value="7.000000" />
  <attribute name="ProportionalH" value="7.000000" />
  <attribute name="Current Error" value="14.000000" />
  <attribute name="IntegralT" value="-13244.000000" />
  <attribute name="IntegralI" value="-13244.000000" />
  <attribute name="IntegralH" value="-13244.000000" />
  <attribute name="DerivativeT" value="-inf" />
  <attribute name="DerivativeI" value="-inf" />
  <attribute name="DerivativeH" value="-inf" />
  <attribute name="Loop Time for DT" value="0.000000" />
  <attribute name="Output H" value="2091843584"/>
  <attribute name="Output I" value="200"/>
  <attribute name="Output T" value="4"/>
  <attribute name="Target GC Util Change" value ="20.000000" />
  <attribute name="Current GC Util Change" value="34.000000"/>
  <attribute name="GC Util currently" value="34" />
  <attribute name="CPU Util currently" value="5348227923249" />
<sys-end id="14" timestamp="2019-06-14T19:06:32.473" />
<exclusive-end id="15" timestamp="2019-06-14T19:06:32.473" durationms="11.622" />

<exclusive-start id="16" timestamp="2019-06-14T19:06:32.686" intervalms="224.565">
  <response-info timems="0.035" idlems="0.035" threads="0" lastid="0000000000B9B700" lastname="main" />
</exclusive-start>
<allocation-taxation id="17" taxation-threshold="6291456" timestamp="2019-06-14T19:06:32.686" intervalms="1009.170" />
<cycle-start id="18" type="partial gc" contextid="0" timestamp="2019-06-14T19:06:32.686" intervalms="1009.353" />
<gc-start id="19" type="partial gc" contextid="18" timestamp="2019-06-14T19:06:32.686">
  <mem-info id="20" free="0" total="8388608" percent="0">
    <mem type="eden" free="0" total="6291456" percent="0" />
    <remembered-set count="576" freebytes="332544" totalbytes="334848" percent="99" regionsoverflowed="0" regionsstable="0" regionsrebuilding="0"/>
  </mem-info>
</gc-start>
<allocation-stats totalBytes="6283832" >
  <allocated-bytes non-tlh="123960" tlh="6159872" arrayletleaf="0"/>
  <largest-consumer threadName="main" threadId="0000000000B9B700" bytes="6267760" />
</allocation-stats>
<gc-op id="21" type="mark" timems="1.727" contextid="18" timestamp="2019-06-14T19:06:32.688">
  <trace-info objectcount="4784" scancount="3460" scanbytes="119152" />
  <cardclean-info objects="1750" bytes="62456" />
  <remembered-set-cleared processed="249" cleared="109" durationms="0.052" />
  <finalization candidates="5" enqueued="0" />
  <references type="soft" candidates="3" cleared="0" enqueued="0" dynamicThreshold="24" maxThreshold="32" />
  <references type="weak" candidates="169" cleared="85" enqueued="80" />
  <references type="phantom" candidates="8" cleared="3" enqueued="3" />
  <stringconstants candidates="3393" cleared="4"  />
  <warning details="Mark invoked due to insufficient free space for Copy-Forward" />
</gc-op>
<gc-op id="22" type="classunload" timems="0.001" contextid="18" timestamp="2019-06-14T19:06:32.689">
  <classunload-info classloadercandidates="6" classloadersunloaded="0" classesunloaded="0" anonymousclassesunloaded="0" quiescems="0.000" setupms="0.001" scanms="0.000" postms="0.000" />
</gc-op>
<gc-op id="23" type="sweep" timems="0.988" contextid="18" timestamp="2019-06-14T19:06:32.690" />
<gc-op id="24" type="compact" timems="2.046" contextid="18" timestamp="2019-06-14T19:06:32.692">
  <compact-info movecount="4770" movebytes="301440" />
  <remembered-set-cleared processed="1716" cleared="1363" durationms="0.052" />
</gc-op>
<gc-end id="25" type="partial gc" contextid="18" durationms="6.597" usertimems="8.000" systemtimems="0.000" timestamp="2019-06-14T19:06:32.693" activeThreads="4">
  <mem-info id="26" free="5242880" total="8388608" percent="62">
    <mem type="eden" free="746368" total="1048576" percent="71" />
    <pending-finalizers system="0" default="0" reference="83" classloader="0" />
    <remembered-set count="2304" freebytes="325632" totalbytes="334848" percent="97" regionsoverflowed="0" regionsstable="0" regionsrebuilding="0"/>
  </mem-info>
</gc-end>
<cycle-end id="27" type="partial gc" contextid="18" timestamp="2019-06-14T19:06:32.693" />
  <attribute name="elasticGC enabled" value="1" />
  <attribute name= "numThreadsSpecified" value="4" />
  <attribute name="heapSize specified" value="0" />
  <attribute name="Current GC Util" value="63" />
  <attribute name= "Current Time Running" value="903" />
  <attribute name ="GC Interval" value="0" />
  <attribute name="ProportionalT" value="21.500000" />
  <attribute name="ProportionalI" value="21.500000" />
  <attribute name="ProportionalH" value="21.500000" />
  <attribute name="Current Error" value="43.000000" />
  <attribute name="IntegralT" value="86.000000" />
  <attribute name="IntegralI" value="86.000000" />
  <attribute name="IntegralH" value="86.000000" />
  <attribute name="DerivativeT" value="10.750000" />
  <attribute name="DerivativeI" value="10.750000" />
  <attribute name="DerivativeH" value="10.750000" />
  <attribute name="Loop Time for DT" value="2.000000" />
  <attribute name="Output H" value="8388608"/>
  <attribute name="Output I" value="200"/>
  <attribute name="Output T" value="4"/>
  <attribute name="Target GC Util Change" value ="20.000000" />
  <attribute name="Current GC Util Change" value="63.000000"/>
  <attribute name="GC Util currently" value="63" />
  <attribute name="CPU Util currently" value="3734228263543" />
<exclusive-end id="28" timestamp="2019-06-14T19:06:32.693" durationms="7.646" />

<exclusive-start id="29" timestamp="2019-06-14T19:06:32.762" intervalms="76.203">
  <response-info timems="0.022" idlems="0.022" threads="0" lastid="0000000000EABC00" lastname="PmdThread 1" />
</exclusive-start>
<allocation-taxation id="30" taxation-threshold="2097152" timestamp="2019-06-14T19:06:32.762" intervalms="76.088" />
<cycle-start id="31" type="global mark phase" contextid="0" timestamp="2019-06-14T19:06:32.762" intervalms="1085.510" />
<gc-start id="32" type="global mark phase" contextid="31" timestamp="2019-06-14T19:06:32.762">
  <mem-info id="33" free="3145728" total="8388608" percent="37">
    <remembered-set count="2304" freebytes="325632" totalbytes="334848" percent="97" regionsoverflowed="0" regionsstable="0" regionsrebuilding="0"/>
  </mem-info>
</gc-start>
<gc-op id="34" type="mark increment" timems="0.436" contextid="31" timestamp="2019-06-14T19:06:32.763">
  <trace-info objectcount="143" scancount="0" scanbytes="0" />
</gc-op>
<gc-end id="35" type="global mark phase" contextid="31" durationms="0.551" usertimems="0.000" systemtimems="0.000" timestamp="2019-06-14T19:06:32.763" activeThreads="1">
  <mem-info id="36" free="3145728" total="8388608" percent="37">
    <remembered-set count="2304" freebytes="325632" totalbytes="334848" percent="97" regionsoverflowed="0" regionsstable="0" regionsrebuilding="0"/>
  </mem-info>
</gc-end>
<concurrent-start id="37" type="GMP work packet processing" contextid="31" timestamp="2019-06-14T19:06:32.763">
  <concurrent-mark-start scanTarget="18446744073709551615" />
</concurrent-start>
<exclusive-end id="38" timestamp="2019-06-14T19:06:32.764" durationms="1.951" />

<concurrent-end id="39" type="GMP work packet processing" contextid="31" timestamp="2019-06-14T19:06:32.764">
  <concurrent-mark-end bytesScanned="681792" reasonForTermination="Completed all work in GC phase" />
</concurrent-end>

<exclusive-start id="40" timestamp="2019-06-14T19:06:32.829" intervalms="66.904">
  <response-info timems="0.023" idlems="0.023" threads="0" lastid="0000000000EABC00" lastname="PmdThread 1" />
</exclusive-start>
<allocation-taxation id="41" taxation-threshold="2097152" timestamp="2019-06-14T19:06:32.829" intervalms="66.917" />
<cycle-start id="42" type="partial gc" contextid="0" timestamp="2019-06-14T19:06:32.829" intervalms="142.933" />
<gc-start id="43" type="partial gc" contextid="42" timestamp="2019-06-14T19:06:32.829">
  <mem-info id="44" free="1048576" total="8388608" percent="12">
    <mem type="eden" free="0" total="4194304" percent="0" />
    <remembered-set count="2304" freebytes="325632" totalbytes="334848" percent="97" regionsoverflowed="0" regionsstable="0" regionsrebuilding="0"/>
  </mem-info>
</gc-start>
<allocation-stats totalBytes="4129304" >
  <allocated-bytes non-tlh="433952" tlh="3695352" arrayletleaf="0"/>
  <largest-consumer threadName="PmdThread 1" threadId="0000000000EABC00" bytes="2095792" />
</allocation-stats>
<gc-op id="45" type="copy forward" timems="3.925" contextid="42" timestamp="2019-06-14T19:06:32.834">
  <memory-copied type="eden" objects="9862" bytes="500496" bytesdiscarded="0" />
  <memory-copied type="other" objects="4391" bytes="278896" bytesdiscarded="0" />
  <memory-cardclean objects="829" bytes="35224" />
  <regions eden="4" other="1" />
  <remembered-set-cleared processed="772" cleared="569" durationms="0.048" />
  <finalization candidates="7" enqueued="0" />
  <ownableSynchronizers candidates="4" cleared="0" />
  <references type="soft" candidates="31" cleared="0" enqueued="0" dynamicThreshold="12" maxThreshold="32" />
  <references type="weak" candidates="528" cleared="0" enqueued="0" />
  <references type="phantom" candidates="12" cleared="0" enqueued="0" />
  <stringconstants candidates="4497" cleared="4"  />
  <heap-resize type="expand" space="default" amount="1048576" count="1" timems="0.056" reason="continue current collection" />
</gc-op>
<gc-op id="46" type="classunload" timems="0.001" contextid="42" timestamp="2019-06-14T19:06:32.834">
  <classunload-info classloadercandidates="6" classloadersunloaded="0" classesunloaded="0" anonymousclassesunloaded="0" quiescems="0.000" setupms="0.001" scanms="0.000" postms="0.000" />
</gc-op>
<gc-op id="47" type="compact" timems="1.265" contextid="42" timestamp="2019-06-14T19:06:32.835">
  <compact-info movecount="0" movebytes="0" />
  <remembered-set-cleared processed="1969" cleared="569" durationms="0.048" />
</gc-op>
<gc-end id="48" type="partial gc" contextid="42" durationms="6.267" usertimems="8.000" systemtimems="0.000" timestamp="2019-06-14T19:06:32.835" activeThreads="4">
  <mem-info id="49" free="5242880" total="9437184" percent="55">
    <mem type="eden" free="547408" total="1048576" percent="52" />
    <remembered-set count="2304" freebytes="367488" totalbytes="376704" percent="97" regionsoverflowed="0" regionsstable="0" regionsrebuilding="0"/>
  </mem-info>
</gc-end>
<cycle-end id="50" type="partial gc" contextid="42" timestamp="2019-06-14T19:06:32.836" />
  <attribute name="elasticGC enabled" value="1" />
  <attribute name= "numThreadsSpecified" value="4" />
  <attribute name="heapSize specified" value="0" />
  <attribute name="Current GC Util" value="0" />
  <attribute name= "Current Time Running" value="1047" />
  <attribute name ="GC Interval" value="0" />
  <attribute name="ProportionalT" value="-10.000000" />
  <attribute name="ProportionalI" value="-10.000000" />
  <attribute name="ProportionalH" value="-10.000000" />
  <attribute name="Current Error" value="-20.000000" />
  <attribute name="IntegralT" value="-100.000000" />
  <attribute name="IntegralI" value="-100.000000" />
  <attribute name="IntegralH" value="-100.000000" />
  <attribute name="DerivativeT" value="-3.300000" />
  <attribute name="DerivativeI" value="-3.300000" />
  <attribute name="DerivativeH" value="-3.300000" />
  <attribute name="Loop Time for DT" value="5.000000" />
  <attribute name="Output H" value="2091843584"/>
  <attribute name="Output I" value="200"/>
  <attribute name="Output T" value="4"/>
  <attribute name="Target GC Util Change" value ="20.000000" />
  <attribute name="Current GC Util Change" value="0.000000"/>
  <attribute name="GC Util currently" value="0" />
  <attribute name="CPU Util currently" value="1110321253869" />
<exclusive-end id="51" timestamp="2019-06-14T19:06:32.836" durationms="6.873" />

<exclusive-start id="52" timestamp="2019-06-14T19:06:32.908" intervalms="78.961">
  <response-info timems="0.022" idlems="0.022" threads="0" lastid="0000000000B9B700" lastname="main" />
</exclusive-start>
<allocation-taxation id="53" taxation-threshold="2097152" timestamp="2019-06-14T19:06:32.908" intervalms="78.915" />
<gc-start id="54" type="global mark phase" contextid="31" timestamp="2019-06-14T19:06:32.908">
  <mem-info id="55" free="3145728" total="9437184" percent="33">
    <remembered-set count="2304" freebytes="367488" totalbytes="376704" percent="97" regionsoverflowed="0" regionsstable="0" regionsrebuilding="0"/>
  </mem-info>
</gc-start>
<gc-op id="56" type="mark increment" timems="1.976" contextid="31" timestamp="2019-06-14T19:06:32.910">
  <trace-info objectcount="16004" scancount="12337" scanbytes="331848" />
  <cardclean-info objects="2709" bytes="103848" />
  <finalization candidates="58" enqueued="0" />
  <ownableSynchronizers candidates="5" cleared="0" />
  <references type="soft" candidates="201" cleared="0" enqueued="0" dynamicThreshold="17" maxThreshold="32" />
  <references type="weak" candidates="950" cleared="262" enqueued="186" />
  <references type="phantom" candidates="94" cleared="7" enqueued="7" />
  <stringconstants candidates="4945" cleared="0"  />
</gc-op>
<gc-op id="57" type="classunload" timems="0.002" contextid="31" timestamp="2019-06-14T19:06:32.910">
  <classunload-info classloadercandidates="8" classloadersunloaded="0" classesunloaded="0" anonymousclassesunloaded="0" quiescems="0.000" setupms="0.002" scanms="0.000" postms="0.000" />
</gc-op>
<gc-end id="58" type="global mark phase" contextid="31" durationms="2.232" usertimems="0.000" systemtimems="4.000" timestamp="2019-06-14T19:06:32.910" activeThreads="4">
  <mem-info id="59" free="3145728" total="9437184" percent="33">
    <pending-finalizers system="0" default="0" reference="193" classloader="0" />
    <remembered-set count="2304" freebytes="367488" totalbytes="376704" percent="97" regionsoverflowed="0" regionsstable="0" regionsrebuilding="0"/>
  </mem-info>
</gc-end>
<cycle-end id="60" type="global mark phase" contextid="31" timestamp="2019-06-14T19:06:32.910" />
  <attribute name="elasticGC enabled" value="1" />
  <attribute name= "numThreadsSpecified" value="4" />
  <attribute name="heapSize specified" value="0" />
  <attribute name="Current GC Util" value="0" />
  <attribute name= "Current Time Running" value="1122" />
  <attribute name ="GC Interval" value="0" />
  <attribute name="ProportionalT" value="-10.000000" />
  <attribute name="ProportionalI" value="-10.000000" />
  <attribute name="ProportionalH" value="-10.000000" />
  <attribute name="Current Error" value="-20.000000" />
  <attribute name="IntegralT" value="-20.000000" />
  <attribute name="IntegralI" value="-20.000000" />
  <attribute name="IntegralH" value="-20.000000" />
  <attribute name="DerivativeT" value="-54.000000" />
  <attribute name="DerivativeI" value="-54.000000" />
  <attribute name="DerivativeH" value="-54.000000" />
  <attribute name="Loop Time for DT" value="1.000000" />
  <attribute name="Output H" value="2091843584"/>
  <attribute name="Output I" value="200"/>
  <attribute name="Output T" value="4"/>
  <attribute name="Target GC Util Change" value ="20.000000" />
  <attribute name="Current GC Util Change" value="0.000000"/>
  <attribute name="GC Util currently" value="0" />
  <attribute name="CPU Util currently" value="5954381090699" />
<exclusive-end id="61" timestamp="2019-06-14T19:06:32.910" durationms="2.597" />

</verbosegc>

