<?xml version="1.0" ?>

<verbosegc xmlns="http://www.ibm.com/j9/verbosegc" version="10b4217_CMPRSS">

<initialized id="1" timestamp="2019-06-15T02:17:39.925">
  <attribute name="gcPolicy" value="-Xgcpolicy:optthruput" />
  <attribute name="elasticGC enabled" value="1" />
  <attribute name= "numThreadsSpecified" value="0" />
  <attribute name="heapSize specified" value="0" />
  <attribute name="Current GC Util" value="0" />
  <attribute name= "Current Time Running" value="0" />
  <attribute name ="GC Interval" value="0" />
  <attribute name="ProportionalT" value="0.000000" />
  <attribute name="ProportionalI" value="0.000000" />
  <attribute name="ProportionalH" value="0.000000" />
  <attribute name="IntegralT" value="0.000000" />
  <attribute name="IntegralI" value="0.000000" />
  <attribute name="IntegralH" value="0.000000" />
  <attribute name="DerivativeT" value="0.000000" />
  <attribute name="DerivativeI" value="0.000000" />
  <attribute name="DerivativeH" value="0.000000" />
  <attribute name="Target GC Util Change" value ="0.000000" />
  <attribute name="Current GC Util Change" value="0.000000"/>
  <attribute name="Current Error" value="0.000000" />
  <attribute name="Loop Time for DT" value="0.000000" />
  <attribute name="Output H" value="0"/>
  <attribute name="Output I" value="0"/>
  <attribute name="Output T" value="0"/>
  <attribute name="GC Util currently" value="0" />
  <attribute name="CPU Util currently" value="0" />
  <attribute name="maxHeapSize" value="0x7cbc0000" />
  <attribute name="initialHeapSize" value="0x800000" />
  <attribute name="compressedRefs" value="true" />
  <attribute name="compressedRefsDisplacement" value="0x0" />
  <attribute name="compressedRefsShift" value="0x0" />
  <attribute name="pageSize" value="0x1000" />
  <attribute name="pageType" value="not used" />
  <attribute name="requestedPageSize" value="0x1000" />
  <attribute name="requestedPageType" value="not used" />
  <attribute name="gcthreads" value="4" />
  <attribute name="packetListSplit" value="4" />
  <attribute name="cacheListSplit" value="4" />
  <attribute name="splitFreeListSplitAmount" value="1" />
  <attribute name="numaNodes" value="0" />
  <system>
    <attribute name="physicalMemory" value="8370958336" />
    <attribute name="numCPUs" value="4" />
    <attribute name="architecture" value="amd64" />
    <attribute name="os" value="Linux" />
    <attribute name="osVersion" value="4.4.0-150-generic" />
  </system>
  <vmargs>
    <vmarg name="-Xoptionsfile=/vagrant/jdk/lib/options.default" />
    <vmarg name="-Xlockword:mode=default,noLockword=java/lang/String,noLockword=java/util/MapEntry,noLockword=java/util/HashMap$Entry,noLockword..." />
    <vmarg name="-Xjcl:jclse29" />
    <vmarg name="-Dcom.ibm.oti.vm.bootstrap.library.path=/vagrant/jdk/lib/compressedrefs:/vagrant/jdk/lib" />
    <vmarg name="-Dsun.boot.library.path=/vagrant/jdk/lib/compressedrefs:/vagrant/jdk/lib" />
    <vmarg name="-Djava.library.path=/vagrant/jdk/lib/compressedrefs:/vagrant/jdk/lib:/usr/lib64:/usr/lib" />
    <vmarg name="-Djava.home=/vagrant/jdk" />
    <vmarg name="-Duser.dir=/vagrant" />
    <vmarg name="-Xgcpolicy:optthruput" />
    <vmarg name="-Xgcelastic" />
    <vmarg name="-Xcheck:gc:::elasticGC" />
    <vmarg name="-verbose:gc" />
    <vmarg name="-Xloggc:jdk0.5-1-1-default-OTT-4CORE-elasticverbose6sunflow.txt" />
    <vmarg name="-Djava.class.path=dacapo-9.12-MR1-bach.jar" />
    <vmarg name="-Dsun.java.command=dacapo-9.12-MR1-bach.jar sunflow --size=default" />
    <vmarg name="-Dsun.java.launcher=SUN_STANDARD" />
    <vmarg name="-Dsun.java.launcher.pid=24427" />
  </vmargs>
</initialized>

<exclusive-start id="2" timestamp="2019-06-15T02:17:40.590" intervalms="664.902">
  <response-info timems="0.065" idlems="0.065" threads="0" lastid="00000000025C5700" lastname="main" />
</exclusive-start>
<sys-start reason="explicit" id="3" timestamp="2019-06-15T02:17:40.590" intervalms="665.249" />
<cycle-start id="4" type="global" contextid="0" timestamp="2019-06-15T02:17:40.591" intervalms="665.505" />
<gc-start id="5" type="global" contextid="4" timestamp="2019-06-15T02:17:40.591">
  <mem-info id="6" free="2307744" total="8388608" percent="27">
    <mem type="tenure" free="2307744" total="8388608" percent="27">
      <mem type="soa" free="1888928" total="7969792" percent="23" />
      <mem type="loa" free="418816" total="418816" percent="100" />
    </mem>
  </mem-info>
</gc-start>
<allocation-stats totalBytes="6076008" >
  <allocated-bytes non-tlh="1223008" tlh="4853000" />
  <largest-consumer threadName="main" threadId="00000000025C5700" bytes="6002264" />
</allocation-stats>
<gc-op id="7" type="mark" timems="2.217" contextid="4" timestamp="2019-06-15T02:17:40.593">
  <trace-info objectcount="30252" scancount="24298" scanbytes="765656" />
  <finalization candidates="125" enqueued="1" />
  <ownableSynchronizers candidates="3" cleared="0" />
  <references type="soft" candidates="132" cleared="0" enqueued="0" dynamicThreshold="32" maxThreshold="32" />
  <references type="weak" candidates="1326" cleared="569" enqueued="479" />
  <references type="phantom" candidates="107" cleared="42" enqueued="42" />
  <stringconstants candidates="3958" cleared="0"  />
</gc-op>
<gc-op id="8" type="classunload" timems="0.077" contextid="4" timestamp="2019-06-15T02:17:40.593">
  <classunload-info classloadercandidates="7" classloadersunloaded="0" classesunloaded="0" anonymousclassesunloaded="0" quiescems="0.000" setupms="0.077" scanms="0.000" postms="0.000" />
</gc-op>
<gc-op id="9" type="sweep" timems="0.581" contextid="4" timestamp="2019-06-15T02:17:40.594" />
<mem-info id="10" free="6016864" total="8388608" percent="71">
  <mem type="tenure" free="6016864" total="8388608" percent="71" micro-fragmented="456629" macro-fragmented="0">
    <mem type="soa" free="5598048" total="7969792" percent="70" />
    <mem type="loa" free="418816" total="418816" percent="100" />
  </mem>
  <pending-finalizers system="1" default="0" reference="521" classloader="0" />
</mem-info>
<gc-op id="11" type="compact" timems="6.196" contextid="4" timestamp="2019-06-15T02:17:40.600">
  <compact-info movecount="30251" movebytes="1859512" reason="compact to aid heap contraction" />
</gc-op>
<heap-resize id="12" type="expand" space="tenure" amount="2084241408" count="1" timems="0.048" reason="satisfy allocation request" timestamp="2019-06-15T02:17:40.601" />
<gc-end id="13" type="global" contextid="4" durationms="9.968" usertimems="12.000" systemtimems="0.000" timestamp="2019-06-15T02:17:40.601" activeThreads="4">
  <mem-info id="14" free="2090770416" total="2092630016" percent="99">
    <mem type="tenure" free="2090770416" total="2092630016" percent="99">
      <mem type="soa" free="1986139120" total="1987998720" percent="99" />
      <mem type="loa" free="104631296" total="104631296" percent="100" />
    </mem>
    <pending-finalizers system="1" default="0" reference="521" classloader="0" />
  </mem-info>
</gc-end>
<cycle-end id="15" type="global" contextid="4" timestamp="2019-06-15T02:17:40.601" />
  <attribute name="elasticGC enabled" value="1" />
  <attribute name= "numThreadsSpecified" value="4" />
  <attribute name="heapSize specified" value="8388608" />
  <attribute name="Current GC Util" value="34" />
  <attribute name= "Current Time Running" value="558" />
  <attribute name ="GC Interval" value="0" />
  <attribute name="ProportionalT" value="7.000000" />
  <attribute name="ProportionalI" value="7.000000" />
  <attribute name="ProportionalH" value="7.000000" />
  <attribute name="Current Error" value="14.000000" />
  <attribute name="IntegralT" value="-10763.000000" />
  <attribute name="IntegralI" value="-10763.000000" />
  <attribute name="IntegralH" value="-10763.000000" />
  <attribute name="DerivativeT" value="2.333333" />
  <attribute name="DerivativeI" value="2.333333" />
  <attribute name="DerivativeH" value="2.333333" />
  <attribute name="Loop Time for DT" value="6.000000" />
  <attribute name="Output H" value="2092630016"/>
  <attribute name="Output I" value="200"/>
  <attribute name="Output T" value="4"/>
  <attribute name="Target GC Util Change" value ="20.000000" />
  <attribute name="Current GC Util Change" value="34.000000"/>
  <attribute name="GC Util currently" value="34" />
  <attribute name="CPU Util currently" value="22" />
<sys-end id="16" timestamp="2019-06-15T02:17:40.601" />
<exclusive-end id="17" timestamp="2019-06-15T02:17:40.601" durationms="10.902" />

<exclusive-start id="18" timestamp="2019-06-15T02:17:42.699" intervalms="2108.860">
  <response-info timems="2.583" idlems="1.951" threads="3" lastid="0000000002913100" lastname="Thread-9" />
</exclusive-start>
<af-start id="19" threadId="0000000002917688" totalBytesRequested="40" timestamp="2019-06-15T02:17:42.699" intervalms="2773.929" />
<cycle-start id="20" type="global" contextid="0" timestamp="2019-06-15T02:17:42.699" intervalms="2108.560" />
<gc-start id="21" type="global" contextid="20" timestamp="2019-06-15T02:17:42.699">
  <mem-info id="22" free="104631296" total="2092630016" percent="4">
    <mem type="tenure" free="104631296" total="2092630016" percent="4">
      <mem type="soa" free="0" total="1987998720" percent="0" />
      <mem type="loa" free="104631296" total="104631296" percent="100" />
    </mem>
  </mem-info>
</gc-start>
<allocation-stats totalBytes="1985866000" >
  <allocated-bytes non-tlh="1608040" tlh="1984257960" />
  <largest-consumer threadName="Thread-10" threadId="000000000291A900" bytes="582663040" />
</allocation-stats>
<gc-op id="23" type="mark" timems="7.961" contextid="20" timestamp="2019-06-15T02:17:42.707">
  <trace-info objectcount="72243" scancount="63803" scanbytes="2419828" />
  <finalization candidates="124" enqueued="0" />
  <ownableSynchronizers candidates="3" cleared="0" />
  <references type="soft" candidates="149" cleared="0" enqueued="0" dynamicThreshold="31" maxThreshold="32" />
  <references type="weak" candidates="802" cleared="29" enqueued="28" />
  <references type="phantom" candidates="66" cleared="2" enqueued="2" />
  <stringconstants candidates="4598" cleared="1"  />
</gc-op>
<gc-op id="24" type="sweep" timems="3.130" contextid="20" timestamp="2019-06-15T02:17:42.711" />
<mem-info id="25" free="2087110504" total="2092630016" percent="99">
  <mem type="tenure" free="2087110504" total="2092630016" percent="99" micro-fragmented="928478" macro-fragmented="0">
    <mem type="soa" free="1982479208" total="1987998720" percent="99" />
    <mem type="loa" free="104631296" total="104631296" percent="100" />
  </mem>
  <pending-finalizers system="0" default="0" reference="30" classloader="0" />
</mem-info>
<gc-op id="26" type="compact" timems="16.843" contextid="20" timestamp="2019-06-15T02:17:42.728">
  <compact-info movecount="71620" movebytes="4373128" reason="compact to aid heap contraction" />
</gc-op>
<gc-end id="27" type="global" contextid="20" durationms="29.240" usertimems="76.000" systemtimems="4.000" timestamp="2019-06-15T02:17:42.729" activeThreads="4">
  <mem-info id="28" free="2088175712" total="2092630016" percent="99">
    <mem type="tenure" free="2088175712" total="2092630016" percent="99">
      <mem type="soa" free="1983544416" total="1987998720" percent="99" />
      <mem type="loa" free="104631296" total="104631296" percent="100" />
    </mem>
    <pending-finalizers system="0" default="0" reference="30" classloader="0" />
  </mem-info>
</gc-end>
<cycle-end id="29" type="global" contextid="20" timestamp="2019-06-15T02:17:42.729" />
  <attribute name="elasticGC enabled" value="1" />
  <attribute name= "numThreadsSpecified" value="4" />
  <attribute name="heapSize specified" value="2092630016" />
  <attribute name="Current GC Util" value="161" />
  <attribute name= "Current Time Running" value="2686" />
  <attribute name ="GC Interval" value="0" />
  <attribute name="ProportionalT" value="70.500000" />
  <attribute name="ProportionalI" value="70.500000" />
  <attribute name="ProportionalH" value="70.500000" />
  <attribute name="Current Error" value="141.000000" />
  <attribute name="IntegralT" value="2397.000000" />
  <attribute name="IntegralI" value="2397.000000" />
  <attribute name="IntegralH" value="2397.000000" />
  <attribute name="DerivativeT" value="1.352941" />
  <attribute name="DerivativeI" value="1.352941" />
  <attribute name="DerivativeH" value="1.352941" />
  <attribute name="Loop Time for DT" value="17.000000" />
  <attribute name="Output H" value="8388608"/>
  <attribute name="Output I" value="2472"/>
  <attribute name="Output T" value="4"/>
  <attribute name="Target GC Util Change" value ="20.000000" />
  <attribute name="Current GC Util Change" value="161.000000"/>
  <attribute name="GC Util currently" value="161" />
  <attribute name="CPU Util currently" value="272011278622" />
<allocation-satisfied id="30" threadId="0000000002916D00" bytesRequested="40" />
<af-end id="31" timestamp="2019-06-15T02:17:42.729" threadId="0000000002917688" success="true" />
<exclusive-end id="32" timestamp="2019-06-15T02:17:42.729" durationms="30.415" />

</verbosegc>

