<?xml version="1.0" ?>

<verbosegc xmlns="http://www.ibm.com/j9/verbosegc" version="08cc62e_CMPRSS">

<initialized id="1" timestamp="2019-08-02T21:48:58.450">
  <attribute name="gcPolicy" value="-Xgcpolicy:balanced" />
  <attribute name="elasticGC enabled" value="1" />
  <attribute name= "numThreadsSpecified" value="0" />
  <attribute name="heapSize specified" value="0" />
  <attribute name= "numCores" value="0" />
  <attribute name ="GC Interval" value="0" />
  <attribute name="GC Util Range Max" value="0" />
  <attribute name="Current GC Util" value="0" />
  <attribute name= "Current Time Running" value="0" />
  <attribute name="maxHeapSize" value="0x7cb00000" />
  <attribute name="initialHeapSize" value="0x800000" />
  <attribute name="compressedRefs" value="true" />
  <attribute name="compressedRefsDisplacement" value="0x0" />
  <attribute name="compressedRefsShift" value="0x0" />
  <attribute name="pageSize" value="0x1000" />
  <attribute name="pageType" value="not used" />
  <attribute name="requestedPageSize" value="0x1000" />
  <attribute name="requestedPageType" value="not used" />
  <attribute name="gcthreads" value="8" />
  <attribute name="packetListSplit" value="8" />
  <attribute name="cacheListSplit" value="8" />
  <attribute name="splitFreeListSplitAmount" value="1" />
  <attribute name="numaNodes" value="0" />
  <region>
    <attribute name="regionSize" value="1048576" />
    <attribute name="regionCount" value="1995" />
    <attribute name="arrayletLeafSize" value="1048576" />
  </region>
  <system>
    <attribute name="physicalMemory" value="8370401280" />
    <attribute name="numCPUs" value="8" />
    <attribute name="architecture" value="amd64" />
    <attribute name="os" value="Linux" />
    <attribute name="osVersion" value="4.4.0-154-generic" />
  </system>
  <vmargs>
    <vmarg name="-Xoptionsfile=/vagrant/jdk/lib/options.default" />
    <vmarg name="-Xlockword:mode=default,noLockword=java/lang/String,noLockword=java/util/MapEntry,noLockword=java/util/HashMap$Entry,noLockword..." />
    <vmarg name="-Xjcl:jclse29" />
    <vmarg name="-Dcom.ibm.oti.vm.bootstrap.library.path=/vagrant/jdk/lib/compressedrefs:/vagrant/jdk/lib" />
    <vmarg name="-Dsun.boot.library.path=/vagrant/jdk/lib/compressedrefs:/vagrant/jdk/lib" />
    <vmarg name="-Djava.library.path=/vagrant/jdk/lib/compressedrefs:/vagrant/jdk/lib:/usr/lib64:/usr/lib" />
    <vmarg name="-Djava.home=/vagrant/jdk" />
    <vmarg name="-Duser.dir=/vagrant" />
    <vmarg name="-Xgcpolicy:balanced" />
    <vmarg name="-Xgcelastic" />
    <vmarg name="-Xcheck:gc:::elasticGC" />
    <vmarg name="-verbose:gc" />
    <vmarg name="-Xloggc:jdkD-small-BAL-8core-verbose14pmd.txt" />
    <vmarg name="-Djava.class.path=dacapo-9.12-MR1-bach.jar" />
    <vmarg name="-Dsun.java.command=dacapo-9.12-MR1-bach.jar pmd --size=small" />
    <vmarg name="-Dsun.java.launcher=SUN_STANDARD" />
    <vmarg name="-Dsun.java.launcher.pid=1096" />
  </vmargs>
</initialized>

<exclusive-start id="2" timestamp="2019-08-02T21:48:59.536" intervalms="1086.520">
  <response-info timems="0.028" idlems="0.028" threads="0" lastid="0000000000F01A00" lastname="main" />
</exclusive-start>
<sys-start reason="explicit" id="3" timestamp="2019-08-02T21:48:59.537" intervalms="1086.800" />
<cycle-start id="4" type="global garbage collect" contextid="0" timestamp="2019-08-02T21:48:59.537" intervalms="1087.040" />
<gc-start id="5" type="global garbage collect" contextid="4" timestamp="2019-08-02T21:48:59.537">
  <mem-info id="6" free="1429032" total="8388608" percent="17">
    <mem type="eden" free="380456" total="7340032" percent="5" />
    <remembered-set count="0" freebytes="334848" totalbytes="334848" percent="100" regionsoverflowed="0" regionsstable="0" regionsrebuilding="0"/>
  </mem-info>
</gc-start>
<allocation-stats totalBytes="6944688" >
  <allocated-bytes non-tlh="449560" tlh="6495128" arrayletleaf="0"/>
  <largest-consumer threadName="main" threadId="0000000000F01A00" bytes="6850808" />
</allocation-stats>
<gc-op id="7" type="global mark" timems="4.024" contextid="4" timestamp="2019-08-02T21:48:59.542">
  <trace-info objectcount="20045" scancount="15976" scanbytes="533740" />
  <finalization candidates="46" enqueued="1" />
  <ownableSynchronizers candidates="4" cleared="3" />
  <references type="soft" candidates="66" cleared="0" enqueued="0" dynamicThreshold="32" maxThreshold="32" />
  <references type="weak" candidates="911" cleared="529" enqueued="452" />
  <references type="phantom" candidates="125" cleared="44" enqueued="44" />
  <stringconstants candidates="2485" cleared="0"  />
</gc-op>
<gc-op id="8" type="classunload" timems="0.047" contextid="4" timestamp="2019-08-02T21:48:59.542">
  <classunload-info classloadercandidates="6" classloadersunloaded="0" classesunloaded="0" anonymousclassesunloaded="0" quiescems="0.000" setupms="0.046" scanms="0.000" postms="0.000" />
</gc-op>
<gc-op id="9" type="sweep" timems="0.683" contextid="4" timestamp="2019-08-02T21:48:59.543" />
<gc-op id="10" type="compact" timems="4.791" contextid="4" timestamp="2019-08-02T21:48:59.548">
  <compact-info movecount="20045" movebytes="1293152" />
  <remembered-set-cleared processed="1595" cleared="1595" durationms="0.198" />
</gc-op>
<gc-end id="11" type="global garbage collect" contextid="4" durationms="11.324" usertimems="12.000" systemtimems="0.000" timestamp="2019-08-02T21:48:59.548" activeThreads="8">
  <mem-info id="12" free="6291456" total="8388608" percent="75">
    <pending-finalizers system="1" default="0" reference="496" classloader="0" />
    <remembered-set count="2560" freebytes="324608" totalbytes="334848" percent="96" regionsoverflowed="0" regionsstable="0" regionsrebuilding="0"/>
  </mem-info>
</gc-end>
<cycle-end id="13" type="global garbage collect" contextid="4" timestamp="2019-08-02T21:48:59.549" />
  <attribute name="elasticGC enabled" value="1" />
  <attribute name= "numThreadsSpecified" value="0" />
  <attribute name="heapSize specified" value="0" />
  <attribute name= "numCores" value="8" />
  <attribute name ="GC Interval" value="0" />
  <attribute name ="Control flow" value="1" />
  <attribute name="GC Util Range Max" value="93" />
  <attribute name="Current GC Util" value="50" />
  <attribute name= "Current Time Running" value="5" />
<sys-end id="14" timestamp="2019-08-02T21:48:59.549" />
<exclusive-end id="15" timestamp="2019-08-02T21:48:59.549" durationms="12.617" />

<exclusive-start id="16" timestamp="2019-08-02T21:48:59.789" intervalms="252.948">
  <response-info timems="0.103" idlems="0.103" threads="0" lastid="0000000000F01A00" lastname="main" />
</exclusive-start>
<allocation-taxation id="17" taxation-threshold="6291456" timestamp="2019-08-02T21:48:59.789" intervalms="1339.790" />
<cycle-start id="18" type="partial gc" contextid="0" timestamp="2019-08-02T21:48:59.790" intervalms="1340.099" />
<gc-start id="19" type="partial gc" contextid="18" timestamp="2019-08-02T21:48:59.790">
  <mem-info id="20" free="0" total="8388608" percent="0">
    <mem type="eden" free="0" total="6291456" percent="0" />
    <remembered-set count="2560" freebytes="324608" totalbytes="334848" percent="96" regionsoverflowed="0" regionsstable="0" regionsrebuilding="0"/>
  </mem-info>
</gc-start>
<allocation-stats totalBytes="6283968" >
  <allocated-bytes non-tlh="123960" tlh="6160008" arrayletleaf="0"/>
  <largest-consumer threadName="main" threadId="0000000000F01A00" bytes="6267896" />
</allocation-stats>
<gc-op id="21" type="mark" timems="2.070" contextid="18" timestamp="2019-08-02T21:48:59.793">
  <trace-info objectcount="4784" scancount="3460" scanbytes="119152" />
  <cardclean-info objects="1697" bytes="59668" />
  <remembered-set-cleared processed="598" cleared="113" durationms="0.056" />
  <finalization candidates="5" enqueued="0" />
  <references type="soft" candidates="3" cleared="0" enqueued="0" dynamicThreshold="24" maxThreshold="32" />
  <references type="weak" candidates="169" cleared="85" enqueued="80" />
  <references type="phantom" candidates="8" cleared="3" enqueued="3" />
  <stringconstants candidates="3393" cleared="4"  />
  <warning details="Mark invoked due to insufficient free space for Copy-Forward" />
</gc-op>
<gc-op id="22" type="classunload" timems="0.002" contextid="18" timestamp="2019-08-02T21:48:59.793">
  <classunload-info classloadercandidates="6" classloadersunloaded="0" classesunloaded="0" anonymousclassesunloaded="0" quiescems="0.000" setupms="0.001" scanms="0.000" postms="0.000" />
</gc-op>
<gc-op id="23" type="sweep" timems="0.236" contextid="18" timestamp="2019-08-02T21:48:59.793" />
<gc-op id="24" type="compact" timems="1.535" contextid="18" timestamp="2019-08-02T21:48:59.795">
  <compact-info movecount="4730" movebytes="298536" />
  <remembered-set-cleared processed="2274" cleared="1235" durationms="0.056" />
</gc-op>
<gc-end id="25" type="partial gc" contextid="18" durationms="5.648" usertimems="4.000" systemtimems="0.000" timestamp="2019-08-02T21:48:59.796" activeThreads="2">
  <mem-info id="26" free="5242880" total="8388608" percent="62">
    <mem type="eden" free="746368" total="1048576" percent="71" />
    <pending-finalizers system="0" default="0" reference="83" classloader="0" />
    <remembered-set count="3552" freebytes="320640" totalbytes="334848" percent="95" regionsoverflowed="0" regionsstable="0" regionsrebuilding="0"/>
  </mem-info>
</gc-end>
<cycle-end id="27" type="partial gc" contextid="18" timestamp="2019-08-02T21:48:59.796" />
  <attribute name="elasticGC enabled" value="1" />
  <attribute name= "numThreadsSpecified" value="2" />
  <attribute name="heapSize specified" value="0" />
  <attribute name= "numCores" value="8" />
  <attribute name ="GC Interval" value="0" />
  <attribute name ="Control flow" value="1" />
  <attribute name="GC Util Range Max" value="93" />
  <attribute name="Current GC Util" value="5" />
  <attribute name= "Current Time Running" value="255" />
<exclusive-end id="28" timestamp="2019-08-02T21:48:59.796" durationms="6.751" />

<exclusive-start id="29" timestamp="2019-08-02T21:48:59.871" intervalms="81.926">
  <response-info timems="0.048" idlems="0.048" threads="0" lastid="0000000001220E00" lastname="PmdThread 1" />
</exclusive-start>
<allocation-taxation id="30" taxation-threshold="2097152" timestamp="2019-08-02T21:48:59.871" intervalms="81.759" />
<cycle-start id="31" type="global mark phase" contextid="0" timestamp="2019-08-02T21:48:59.872" intervalms="1421.849" />
<gc-start id="32" type="global mark phase" contextid="31" timestamp="2019-08-02T21:48:59.872">
  <mem-info id="33" free="3145728" total="8388608" percent="37">
    <remembered-set count="3104" freebytes="322432" totalbytes="334848" percent="96" regionsoverflowed="0" regionsstable="0" regionsrebuilding="0"/>
  </mem-info>
</gc-start>
<gc-op id="34" type="mark increment" timems="0.532" contextid="31" timestamp="2019-08-02T21:48:59.872">
  <trace-info objectcount="140" scancount="0" scanbytes="0" />
</gc-op>
<gc-end id="35" type="global mark phase" contextid="31" durationms="0.775" usertimems="0.000" systemtimems="0.000" timestamp="2019-08-02T21:48:59.872" activeThreads="3">
  <mem-info id="36" free="3145728" total="8388608" percent="37">
    <remembered-set count="3104" freebytes="322432" totalbytes="334848" percent="96" regionsoverflowed="0" regionsstable="0" regionsrebuilding="0"/>
  </mem-info>
</gc-end>
<concurrent-start id="37" type="GMP work packet processing" contextid="31" timestamp="2019-08-02T21:48:59.873">
  <concurrent-mark-start scanTarget="18446744073709551615" />
</concurrent-start>
<concurrent-end id="38" type="GMP work packet processing" contextid="31" timestamp="2019-08-02T21:48:59.874">
  <concurrent-mark-end bytesScanned="682688" reasonForTermination="Completed all work in GC phase" />
</concurrent-end>

<exclusive-end id="39" timestamp="2019-08-02T21:48:59.874" durationms="3.352" />

<exclusive-start id="40" timestamp="2019-08-02T21:48:59.949" intervalms="77.417">
  <response-info timems="0.060" idlems="0.060" threads="0" lastid="0000000001220E00" lastname="PmdThread 1" />
</exclusive-start>
<allocation-taxation id="41" taxation-threshold="2097152" timestamp="2019-08-02T21:48:59.949" intervalms="77.369" />
<cycle-start id="42" type="partial gc" contextid="0" timestamp="2019-08-02T21:48:59.949" intervalms="158.961" />
<gc-start id="43" type="partial gc" contextid="42" timestamp="2019-08-02T21:48:59.949">
  <mem-info id="44" free="1048576" total="8388608" percent="12">
    <mem type="eden" free="746368" total="5242880" percent="14" />
    <remembered-set count="3104" freebytes="322432" totalbytes="334848" percent="96" regionsoverflowed="0" regionsstable="0" regionsrebuilding="0"/>
  </mem-info>
</gc-start>
<allocation-stats totalBytes="4125576" >
  <allocated-bytes non-tlh="433952" tlh="3691624" arrayletleaf="0"/>
  <largest-consumer threadName="PmdThread 1" threadId="0000000001220E00" bytes="2092576" />
</allocation-stats>
<gc-op id="45" type="copy forward" timems="4.503" contextid="42" timestamp="2019-08-02T21:48:59.954">
  <memory-copied type="eden" objects="9862" bytes="500496" bytesdiscarded="23912" />
  <memory-copied type="other" objects="4391" bytes="278896" bytesdiscarded="19224" />
  <memory-cardclean objects="749" bytes="31448" />
  <regions eden="4" other="1" />
  <remembered-set-cleared processed="1043" cleared="516" durationms="0.061" />
  <finalization candidates="7" enqueued="0" />
  <ownableSynchronizers candidates="4" cleared="0" />
  <references type="soft" candidates="31" cleared="0" enqueued="0" dynamicThreshold="12" maxThreshold="32" />
  <references type="weak" candidates="528" cleared="0" enqueued="0" />
  <references type="phantom" candidates="12" cleared="0" enqueued="0" />
  <stringconstants candidates="4497" cleared="4"  />
  <heap-resize type="expand" space="default" amount="1048576" count="1" timems="0.092" reason="continue current collection" />
</gc-op>
<gc-op id="46" type="classunload" timems="0.002" contextid="42" timestamp="2019-08-02T21:48:59.955">
  <classunload-info classloadercandidates="6" classloadersunloaded="0" classesunloaded="0" anonymousclassesunloaded="0" quiescems="0.000" setupms="0.001" scanms="0.000" postms="0.000" />
</gc-op>
<gc-op id="47" type="compact" timems="0.816" contextid="42" timestamp="2019-08-02T21:48:59.956">
  <compact-info movecount="0" movebytes="0" />
  <remembered-set-cleared processed="2572" cleared="516" durationms="0.061" />
</gc-op>
<gc-end id="48" type="partial gc" contextid="42" durationms="6.760" usertimems="4.000" systemtimems="4.000" timestamp="2019-08-02T21:48:59.956" activeThreads="3">
  <mem-info id="49" free="5242880" total="9437184" percent="55">
    <mem type="eden" free="1273792" total="2097152" percent="60" />
    <remembered-set count="3264" freebytes="363648" totalbytes="376704" percent="96" regionsoverflowed="0" regionsstable="0" regionsrebuilding="0"/>
  </mem-info>
</gc-end>
<cycle-end id="50" type="partial gc" contextid="42" timestamp="2019-08-02T21:48:59.956" />
  <attribute name="elasticGC enabled" value="1" />
  <attribute name= "numThreadsSpecified" value="3" />
  <attribute name="heapSize specified" value="0" />
  <attribute name= "numCores" value="8" />
  <attribute name ="GC Interval" value="0" />
  <attribute name ="Control flow" value="1" />
  <attribute name="GC Util Range Max" value="93" />
  <attribute name="Current GC Util" value="60" />
  <attribute name= "Current Time Running" value="417" />
<exclusive-end id="51" timestamp="2019-08-02T21:48:59.956" durationms="7.588" />

<exclusive-start id="52" timestamp="2019-08-02T21:49:00.036" intervalms="87.515">
  <response-info timems="0.023" idlems="0.023" threads="0" lastid="0000000000F01A00" lastname="main" />
</exclusive-start>
<allocation-taxation id="53" taxation-threshold="2097152" timestamp="2019-08-02T21:49:00.036" intervalms="87.491" />
<gc-start id="54" type="global mark phase" contextid="31" timestamp="2019-08-02T21:49:00.036">
  <mem-info id="55" free="3145728" total="9437184" percent="33">
    <remembered-set count="1888" freebytes="369152" totalbytes="376704" percent="97" regionsoverflowed="0" regionsstable="1" regionsrebuilding="0"/>
  </mem-info>
</gc-start>
<gc-op id="56" type="mark increment" timems="2.071" contextid="31" timestamp="2019-08-02T21:49:00.038">
  <trace-info objectcount="16163" scancount="12458" scanbytes="335740" />
  <cardclean-info objects="2931" bytes="112960" />
  <finalization candidates="58" enqueued="0" />
  <ownableSynchronizers candidates="5" cleared="0" />
  <references type="soft" candidates="201" cleared="0" enqueued="0" dynamicThreshold="17" maxThreshold="32" />
  <references type="weak" candidates="952" cleared="262" enqueued="186" />
  <references type="phantom" candidates="96" cleared="7" enqueued="7" />
  <stringconstants candidates="4978" cleared="0"  />
</gc-op>
<gc-op id="57" type="classunload" timems="0.003" contextid="31" timestamp="2019-08-02T21:49:00.038">
  <classunload-info classloadercandidates="8" classloadersunloaded="0" classesunloaded="0" anonymousclassesunloaded="0" quiescems="0.000" setupms="0.002" scanms="0.000" postms="0.000" />
</gc-op>
<gc-end id="58" type="global mark phase" contextid="31" durationms="2.461" usertimems="4.000" systemtimems="0.000" timestamp="2019-08-02T21:49:00.039" activeThreads="4">
  <mem-info id="59" free="3145728" total="9437184" percent="33">
    <pending-finalizers system="0" default="0" reference="193" classloader="0" />
    <remembered-set count="1888" freebytes="369152" totalbytes="376704" percent="97" regionsoverflowed="0" regionsstable="1" regionsrebuilding="0"/>
  </mem-info>
</gc-end>
<cycle-end id="60" type="global mark phase" contextid="31" timestamp="2019-08-02T21:49:00.039" />
  <attribute name="elasticGC enabled" value="1" />
  <attribute name= "numThreadsSpecified" value="4" />
  <attribute name="heapSize specified" value="0" />
  <attribute name= "numCores" value="8" />
  <attribute name ="GC Interval" value="0" />
  <attribute name ="Control flow" value="1" />
  <attribute name="GC Util Range Max" value="93" />
  <attribute name="Current GC Util" value="1" />
  <attribute name= "Current Time Running" value="500" />
<exclusive-end id="61" timestamp="2019-08-02T21:49:00.039" durationms="2.985" />

</verbosegc>

