<?xml version="1.0" ?>

<verbosegc xmlns="http://www.ibm.com/j9/verbosegc" version="08cc62e_CMPRSS">

<initialized id="1" timestamp="2019-08-02T21:49:02.542">
  <attribute name="gcPolicy" value="-Xgcpolicy:balanced" />
  <attribute name="elasticGC enabled" value="1" />
  <attribute name= "numThreadsSpecified" value="0" />
  <attribute name="heapSize specified" value="0" />
  <attribute name= "numCores" value="0" />
  <attribute name ="GC Interval" value="0" />
  <attribute name="GC Util Range Max" value="0" />
  <attribute name="Current GC Util" value="0" />
  <attribute name= "Current Time Running" value="0" />
  <attribute name="maxHeapSize" value="0x7cb00000" />
  <attribute name="initialHeapSize" value="0x800000" />
  <attribute name="compressedRefs" value="true" />
  <attribute name="compressedRefsDisplacement" value="0x0" />
  <attribute name="compressedRefsShift" value="0x0" />
  <attribute name="pageSize" value="0x1000" />
  <attribute name="pageType" value="not used" />
  <attribute name="requestedPageSize" value="0x1000" />
  <attribute name="requestedPageType" value="not used" />
  <attribute name="gcthreads" value="8" />
  <attribute name="packetListSplit" value="8" />
  <attribute name="cacheListSplit" value="8" />
  <attribute name="splitFreeListSplitAmount" value="1" />
  <attribute name="numaNodes" value="0" />
  <region>
    <attribute name="regionSize" value="1048576" />
    <attribute name="regionCount" value="1995" />
    <attribute name="arrayletLeafSize" value="1048576" />
  </region>
  <system>
    <attribute name="physicalMemory" value="8370401280" />
    <attribute name="numCPUs" value="8" />
    <attribute name="architecture" value="amd64" />
    <attribute name="os" value="Linux" />
    <attribute name="osVersion" value="4.4.0-154-generic" />
  </system>
  <vmargs>
    <vmarg name="-Xoptionsfile=/vagrant/jdk/lib/options.default" />
    <vmarg name="-Xlockword:mode=default,noLockword=java/lang/String,noLockword=java/util/MapEntry,noLockword=java/util/HashMap$Entry,noLockword..." />
    <vmarg name="-Xjcl:jclse29" />
    <vmarg name="-Dcom.ibm.oti.vm.bootstrap.library.path=/vagrant/jdk/lib/compressedrefs:/vagrant/jdk/lib" />
    <vmarg name="-Dsun.boot.library.path=/vagrant/jdk/lib/compressedrefs:/vagrant/jdk/lib" />
    <vmarg name="-Djava.library.path=/vagrant/jdk/lib/compressedrefs:/vagrant/jdk/lib:/usr/lib64:/usr/lib" />
    <vmarg name="-Djava.home=/vagrant/jdk" />
    <vmarg name="-Duser.dir=/vagrant" />
    <vmarg name="-Xgcpolicy:balanced" />
    <vmarg name="-Xgcelastic" />
    <vmarg name="-Xcheck:gc:::elasticGC" />
    <vmarg name="-verbose:gc" />
    <vmarg name="-Xloggc:jdkD-small-BAL-8core-verbose16pmd.txt" />
    <vmarg name="-Djava.class.path=dacapo-9.12-MR1-bach.jar" />
    <vmarg name="-Dsun.java.command=dacapo-9.12-MR1-bach.jar pmd --size=small" />
    <vmarg name="-Dsun.java.launcher=SUN_STANDARD" />
    <vmarg name="-Dsun.java.launcher.pid=1167" />
  </vmargs>
</initialized>

<exclusive-start id="2" timestamp="2019-08-02T21:49:03.369" intervalms="826.729">
  <response-info timems="0.024" idlems="0.024" threads="0" lastid="0000000001B66A00" lastname="main" />
</exclusive-start>
<sys-start reason="explicit" id="3" timestamp="2019-08-02T21:49:03.369" intervalms="827.102" />
<cycle-start id="4" type="global garbage collect" contextid="0" timestamp="2019-08-02T21:49:03.369" intervalms="827.347" />
<gc-start id="5" type="global garbage collect" contextid="4" timestamp="2019-08-02T21:49:03.370">
  <mem-info id="6" free="1429032" total="8388608" percent="17">
    <mem type="eden" free="380720" total="7340032" percent="5" />
    <remembered-set count="0" freebytes="334848" totalbytes="334848" percent="100" regionsoverflowed="0" regionsstable="0" regionsrebuilding="0"/>
  </mem-info>
</gc-start>
<allocation-stats totalBytes="6945864" >
  <allocated-bytes non-tlh="449560" tlh="6496304" arrayletleaf="0"/>
  <largest-consumer threadName="main" threadId="0000000001B66A00" bytes="6852952" />
</allocation-stats>
<gc-op id="7" type="global mark" timems="3.075" contextid="4" timestamp="2019-08-02T21:49:03.373">
  <trace-info objectcount="20045" scancount="15976" scanbytes="533740" />
  <finalization candidates="46" enqueued="1" />
  <ownableSynchronizers candidates="4" cleared="3" />
  <references type="soft" candidates="66" cleared="0" enqueued="0" dynamicThreshold="32" maxThreshold="32" />
  <references type="weak" candidates="911" cleared="529" enqueued="452" />
  <references type="phantom" candidates="125" cleared="44" enqueued="44" />
  <stringconstants candidates="2485" cleared="0"  />
</gc-op>
<gc-op id="8" type="classunload" timems="0.052" contextid="4" timestamp="2019-08-02T21:49:03.374">
  <classunload-info classloadercandidates="6" classloadersunloaded="0" classesunloaded="0" anonymousclassesunloaded="0" quiescems="0.000" setupms="0.052" scanms="0.000" postms="0.000" />
</gc-op>
<gc-op id="9" type="sweep" timems="0.638" contextid="4" timestamp="2019-08-02T21:49:03.375" />
<gc-op id="10" type="compact" timems="4.776" contextid="4" timestamp="2019-08-02T21:49:03.380">
  <compact-info movecount="20042" movebytes="1266888" />
  <remembered-set-cleared processed="1605" cleared="1605" durationms="0.287" />
</gc-op>
<gc-end id="11" type="global garbage collect" contextid="4" durationms="10.302" usertimems="16.000" systemtimems="0.000" timestamp="2019-08-02T21:49:03.380" activeThreads="8">
  <mem-info id="12" free="6291456" total="8388608" percent="75">
    <pending-finalizers system="1" default="0" reference="496" classloader="0" />
    <remembered-set count="2048" freebytes="326656" totalbytes="334848" percent="97" regionsoverflowed="0" regionsstable="0" regionsrebuilding="0"/>
  </mem-info>
</gc-end>
<cycle-end id="13" type="global garbage collect" contextid="4" timestamp="2019-08-02T21:49:03.380" />
  <attribute name="elasticGC enabled" value="1" />
  <attribute name= "numThreadsSpecified" value="0" />
  <attribute name="heapSize specified" value="0" />
  <attribute name= "numCores" value="8" />
  <attribute name ="GC Interval" value="0" />
  <attribute name ="Control flow" value="1" />
  <attribute name="GC Util Range Max" value="131" />
  <attribute name="Current GC Util" value="69" />
  <attribute name= "Current Time Running" value="4" />
<sys-end id="14" timestamp="2019-08-02T21:49:03.380" />
<exclusive-end id="15" timestamp="2019-08-02T21:49:03.380" durationms="11.634" />

<exclusive-start id="16" timestamp="2019-08-02T21:49:03.592" intervalms="223.672">
  <response-info timems="0.065" idlems="0.065" threads="0" lastid="0000000001B66A00" lastname="main" />
</exclusive-start>
<allocation-taxation id="17" taxation-threshold="6291456" timestamp="2019-08-02T21:49:03.593" intervalms="1050.681" />
<cycle-start id="18" type="partial gc" contextid="0" timestamp="2019-08-02T21:49:03.593" intervalms="1050.968" />
<gc-start id="19" type="partial gc" contextid="18" timestamp="2019-08-02T21:49:03.593">
  <mem-info id="20" free="0" total="8388608" percent="0">
    <mem type="eden" free="0" total="6291456" percent="0" />
    <remembered-set count="2048" freebytes="326656" totalbytes="334848" percent="97" regionsoverflowed="0" regionsstable="0" regionsrebuilding="0"/>
  </mem-info>
</gc-start>
<allocation-stats totalBytes="6283064" >
  <allocated-bytes non-tlh="123960" tlh="6159104" arrayletleaf="0"/>
  <largest-consumer threadName="main" threadId="0000000001B66A00" bytes="6266992" />
</allocation-stats>
<gc-op id="21" type="mark" timems="1.966" contextid="18" timestamp="2019-08-02T21:49:03.596">
  <trace-info objectcount="4784" scancount="3460" scanbytes="119152" />
  <cardclean-info objects="1726" bytes="61184" />
  <remembered-set-cleared processed="290" cleared="82" durationms="0.051" />
  <finalization candidates="5" enqueued="0" />
  <references type="soft" candidates="3" cleared="0" enqueued="0" dynamicThreshold="24" maxThreshold="32" />
  <references type="weak" candidates="169" cleared="85" enqueued="80" />
  <references type="phantom" candidates="8" cleared="3" enqueued="3" />
  <stringconstants candidates="3393" cleared="4"  />
  <warning details="Mark invoked due to insufficient free space for Copy-Forward" />
</gc-op>
<gc-op id="22" type="classunload" timems="0.002" contextid="18" timestamp="2019-08-02T21:49:03.596">
  <classunload-info classloadercandidates="6" classloadersunloaded="0" classesunloaded="0" anonymousclassesunloaded="0" quiescems="0.000" setupms="0.001" scanms="0.000" postms="0.000" />
</gc-op>
<gc-op id="23" type="sweep" timems="0.275" contextid="18" timestamp="2019-08-02T21:49:03.596" />
<gc-op id="24" type="compact" timems="1.365" contextid="18" timestamp="2019-08-02T21:49:03.598">
  <compact-info movecount="4776" movebytes="301840" />
  <remembered-set-cleared processed="1807" cleared="1351" durationms="0.051" />
</gc-op>
<gc-end id="25" type="partial gc" contextid="18" durationms="5.296" usertimems="8.000" systemtimems="0.000" timestamp="2019-08-02T21:49:03.599" activeThreads="2">
  <mem-info id="26" free="5242880" total="8388608" percent="62">
    <mem type="eden" free="746368" total="1048576" percent="71" />
    <pending-finalizers system="0" default="0" reference="83" classloader="0" />
    <remembered-set count="2944" freebytes="323072" totalbytes="334848" percent="96" regionsoverflowed="0" regionsstable="0" regionsrebuilding="0"/>
  </mem-info>
</gc-end>
<cycle-end id="27" type="partial gc" contextid="18" timestamp="2019-08-02T21:49:03.599" />
  <attribute name="elasticGC enabled" value="1" />
  <attribute name= "numThreadsSpecified" value="2" />
  <attribute name="heapSize specified" value="0" />
  <attribute name= "numCores" value="8" />
  <attribute name ="GC Interval" value="0" />
  <attribute name ="Control flow" value="1" />
  <attribute name="GC Util Range Max" value="131" />
  <attribute name="Current GC Util" value="13" />
  <attribute name= "Current Time Running" value="226" />
<exclusive-end id="28" timestamp="2019-08-02T21:49:03.599" durationms="6.366" />

<exclusive-start id="29" timestamp="2019-08-02T21:49:03.672" intervalms="79.544">
  <response-info timems="0.019" idlems="0.019" threads="0" lastid="0000000001E85E00" lastname="PmdThread 1" />
</exclusive-start>
<allocation-taxation id="30" taxation-threshold="2097152" timestamp="2019-08-02T21:49:03.672" intervalms="79.383" />
<cycle-start id="31" type="global mark phase" contextid="0" timestamp="2019-08-02T21:49:03.672" intervalms="1130.177" />
<gc-start id="32" type="global mark phase" contextid="31" timestamp="2019-08-02T21:49:03.672">
  <mem-info id="33" free="3145728" total="8388608" percent="37">
    <remembered-set count="2752" freebytes="323840" totalbytes="334848" percent="96" regionsoverflowed="0" regionsstable="0" regionsrebuilding="0"/>
  </mem-info>
</gc-start>
<gc-op id="34" type="mark increment" timems="1.820" contextid="31" timestamp="2019-08-02T21:49:03.674">
  <trace-info objectcount="143" scancount="0" scanbytes="0" />
</gc-op>
<gc-end id="35" type="global mark phase" contextid="31" durationms="1.939" usertimems="0.000" systemtimems="0.000" timestamp="2019-08-02T21:49:03.674" activeThreads="2">
  <mem-info id="36" free="3145728" total="8388608" percent="37">
    <remembered-set count="2752" freebytes="323840" totalbytes="334848" percent="96" regionsoverflowed="0" regionsstable="0" regionsrebuilding="0"/>
  </mem-info>
</gc-end>
<concurrent-start id="37" type="GMP work packet processing" contextid="31" timestamp="2019-08-02T21:49:03.674">
  <concurrent-mark-start scanTarget="18446744073709551615" />
</concurrent-start>
<exclusive-end id="38" timestamp="2019-08-02T21:49:03.674" durationms="2.414" />

<concurrent-end id="39" type="GMP work packet processing" contextid="31" timestamp="2019-08-02T21:49:03.676">
  <concurrent-mark-end bytesScanned="682688" reasonForTermination="Completed all work in GC phase" />
</concurrent-end>

<exclusive-start id="40" timestamp="2019-08-02T21:49:03.742" intervalms="70.086">
  <response-info timems="0.031" idlems="0.031" threads="0" lastid="0000000001E85E00" lastname="PmdThread 1" />
</exclusive-start>
<allocation-taxation id="41" taxation-threshold="2097152" timestamp="2019-08-02T21:49:03.742" intervalms="70.062" />
<cycle-start id="42" type="partial gc" contextid="0" timestamp="2019-08-02T21:49:03.742" intervalms="149.243" />
<gc-start id="43" type="partial gc" contextid="42" timestamp="2019-08-02T21:49:03.743">
  <mem-info id="44" free="1048576" total="8388608" percent="12">
    <mem type="eden" free="0" total="4194304" percent="0" />
    <remembered-set count="2752" freebytes="323840" totalbytes="334848" percent="96" regionsoverflowed="0" regionsstable="0" regionsrebuilding="0"/>
  </mem-info>
</gc-start>
<allocation-stats totalBytes="4117120" >
  <allocated-bytes non-tlh="434448" tlh="3682672" arrayletleaf="0"/>
  <largest-consumer threadName="PmdThread 1" threadId="0000000001E85E00" bytes="2093824" />
</allocation-stats>
<gc-op id="45" type="copy forward" timems="4.098" contextid="42" timestamp="2019-08-02T21:49:03.748">
  <memory-copied type="eden" objects="9874" bytes="484184" bytesdiscarded="197424" />
  <memory-copied type="other" objects="4391" bytes="278896" bytesdiscarded="30280" />
  <memory-cardclean objects="728" bytes="31320" />
  <regions eden="4" other="1" />
  <remembered-set-cleared processed="836" cleared="600" durationms="0.069" />
  <finalization candidates="7" enqueued="0" />
  <ownableSynchronizers candidates="4" cleared="0" />
  <references type="soft" candidates="31" cleared="0" enqueued="0" dynamicThreshold="12" maxThreshold="32" />
  <references type="weak" candidates="528" cleared="0" enqueued="0" />
  <references type="phantom" candidates="12" cleared="0" enqueued="0" />
  <stringconstants candidates="4500" cleared="4"  />
  <heap-resize type="expand" space="default" amount="1048576" count="1" timems="0.087" reason="continue current collection" />
</gc-op>
<gc-op id="46" type="classunload" timems="0.003" contextid="42" timestamp="2019-08-02T21:49:03.748">
  <classunload-info classloadercandidates="6" classloadersunloaded="0" classesunloaded="0" anonymousclassesunloaded="0" quiescems="0.000" setupms="0.002" scanms="0.000" postms="0.000" />
</gc-op>
<gc-op id="47" type="compact" timems="0.859" contextid="42" timestamp="2019-08-02T21:49:03.749">
  <compact-info movecount="0" movebytes="0" />
  <remembered-set-cleared processed="2147" cleared="600" durationms="0.069" />
</gc-op>
<gc-end id="48" type="partial gc" contextid="42" durationms="6.485" usertimems="4.000" systemtimems="4.000" timestamp="2019-08-02T21:49:03.749" activeThreads="3">
  <mem-info id="49" free="5242880" total="9437184" percent="55">
    <mem type="eden" free="366296" total="1048576" percent="34" />
    <remembered-set count="2720" freebytes="365824" totalbytes="376704" percent="97" regionsoverflowed="0" regionsstable="0" regionsrebuilding="0"/>
  </mem-info>
</gc-end>
<cycle-end id="50" type="partial gc" contextid="42" timestamp="2019-08-02T21:49:03.749" />
  <attribute name="elasticGC enabled" value="1" />
  <attribute name= "numThreadsSpecified" value="3" />
  <attribute name="heapSize specified" value="0" />
  <attribute name= "numCores" value="8" />
  <attribute name ="GC Interval" value="0" />
  <attribute name ="Control flow" value="1" />
  <attribute name="GC Util Range Max" value="131" />
  <attribute name="Current GC Util" value="96" />
  <attribute name= "Current Time Running" value="377" />
<exclusive-end id="51" timestamp="2019-08-02T21:49:03.749" durationms="7.067" />

<exclusive-start id="52" timestamp="2019-08-02T21:49:03.824" intervalms="82.302">
  <response-info timems="0.026" idlems="0.026" threads="0" lastid="0000000001B66A00" lastname="main" />
</exclusive-start>
<allocation-taxation id="53" taxation-threshold="2097152" timestamp="2019-08-02T21:49:03.825" intervalms="82.297" />
<gc-start id="54" type="global mark phase" contextid="31" timestamp="2019-08-02T21:49:03.825">
  <mem-info id="55" free="3145728" total="9437184" percent="33">
    <remembered-set count="1984" freebytes="368768" totalbytes="376704" percent="97" regionsoverflowed="0" regionsstable="1" regionsrebuilding="0"/>
  </mem-info>
</gc-start>
<gc-op id="56" type="mark increment" timems="2.669" contextid="31" timestamp="2019-08-02T21:49:03.827">
  <trace-info objectcount="16029" scancount="12358" scanbytes="332612" />
  <cardclean-info objects="3137" bytes="115340" />
  <finalization candidates="58" enqueued="0" />
  <ownableSynchronizers candidates="5" cleared="0" />
  <references type="soft" candidates="201" cleared="0" enqueued="0" dynamicThreshold="17" maxThreshold="32" />
  <references type="weak" candidates="950" cleared="262" enqueued="186" />
  <references type="phantom" candidates="94" cleared="7" enqueued="7" />
  <stringconstants candidates="4950" cleared="0"  />
</gc-op>
<gc-op id="57" type="classunload" timems="0.003" contextid="31" timestamp="2019-08-02T21:49:03.827">
  <classunload-info classloadercandidates="8" classloadersunloaded="0" classesunloaded="0" anonymousclassesunloaded="0" quiescems="0.000" setupms="0.003" scanms="0.000" postms="0.000" />
</gc-op>
<gc-end id="58" type="global mark phase" contextid="31" durationms="2.929" usertimems="8.000" systemtimems="0.000" timestamp="2019-08-02T21:49:03.828" activeThreads="3">
  <mem-info id="59" free="3145728" total="9437184" percent="33">
    <pending-finalizers system="0" default="0" reference="193" classloader="0" />
    <remembered-set count="1984" freebytes="368768" totalbytes="376704" percent="97" regionsoverflowed="0" regionsstable="1" regionsrebuilding="0"/>
  </mem-info>
</gc-end>
<cycle-end id="60" type="global mark phase" contextid="31" timestamp="2019-08-02T21:49:03.828" />
  <attribute name="elasticGC enabled" value="1" />
  <attribute name= "numThreadsSpecified" value="3" />
  <attribute name="heapSize specified" value="0" />
  <attribute name= "numCores" value="8" />
  <attribute name ="GC Interval" value="0" />
  <attribute name ="Control flow" value="1" />
  <attribute name="GC Util Range Max" value="131" />
  <attribute name="Current GC Util" value="73" />
  <attribute name= "Current Time Running" value="456" />
<exclusive-end id="61" timestamp="2019-08-02T21:49:03.828" durationms="3.294" />

</verbosegc>

