<?xml version="1.0" ?>

<verbosegc xmlns="http://www.ibm.com/j9/verbosegc" version="10b4217_CMPRSS">

<initialized id="1" timestamp="2019-06-16T23:11:28.664">
  <attribute name="gcPolicy" value="-Xgcpolicy:balanced" />
  <attribute name="elasticGC enabled" value="1" />
  <attribute name= "numThreadsSpecified" value="0" />
  <attribute name="heapSize specified" value="0" />
  <attribute name="Current GC Util" value="0" />
  <attribute name= "Current Time Running" value="0" />
  <attribute name ="GC Interval" value="0" />
  <attribute name="ProportionalT" value="0.000000" />
  <attribute name="ProportionalI" value="0.000000" />
  <attribute name="ProportionalH" value="0.000000" />
  <attribute name="IntegralT" value="0.000000" />
  <attribute name="IntegralI" value="0.000000" />
  <attribute name="IntegralH" value="0.000000" />
  <attribute name="DerivativeT" value="0.000000" />
  <attribute name="DerivativeI" value="0.000000" />
  <attribute name="DerivativeH" value="0.000000" />
  <attribute name="Target GC Util Change" value ="0.000000" />
  <attribute name="Current GC Util Change" value="0.000000"/>
  <attribute name="Current Error" value="0.000000" />
  <attribute name="Loop Time for DT" value="0.000000" />
  <attribute name="Output H" value="0"/>
  <attribute name="Output I" value="0"/>
  <attribute name="Output T" value="0"/>
  <attribute name="GC Util currently" value="0" />
  <attribute name="CPU Util currently" value="0" />
  <attribute name="maxHeapSize" value="0x7cb00000" />
  <attribute name="initialHeapSize" value="0x800000" />
  <attribute name="compressedRefs" value="true" />
  <attribute name="compressedRefsDisplacement" value="0x0" />
  <attribute name="compressedRefsShift" value="0x0" />
  <attribute name="pageSize" value="0x1000" />
  <attribute name="pageType" value="not used" />
  <attribute name="requestedPageSize" value="0x1000" />
  <attribute name="requestedPageType" value="not used" />
  <attribute name="gcthreads" value="4" />
  <attribute name="packetListSplit" value="4" />
  <attribute name="cacheListSplit" value="4" />
  <attribute name="splitFreeListSplitAmount" value="1" />
  <attribute name="numaNodes" value="0" />
  <region>
    <attribute name="regionSize" value="1048576" />
    <attribute name="regionCount" value="1995" />
    <attribute name="arrayletLeafSize" value="1048576" />
  </region>
  <system>
    <attribute name="physicalMemory" value="8370962432" />
    <attribute name="numCPUs" value="4" />
    <attribute name="architecture" value="amd64" />
    <attribute name="os" value="Linux" />
    <attribute name="osVersion" value="4.4.0-148-generic" />
  </system>
  <vmargs>
    <vmarg name="-Xoptionsfile=/vagrant/jdk/lib/options.default" />
    <vmarg name="-Xlockword:mode=default,noLockword=java/lang/String,noLockword=java/util/MapEntry,noLockword=java/util/HashMap$Entry,noLockword..." />
    <vmarg name="-Xjcl:jclse29" />
    <vmarg name="-Dcom.ibm.oti.vm.bootstrap.library.path=/vagrant/jdk/lib/compressedrefs:/vagrant/jdk/lib" />
    <vmarg name="-Dsun.boot.library.path=/vagrant/jdk/lib/compressedrefs:/vagrant/jdk/lib" />
    <vmarg name="-Djava.library.path=/vagrant/jdk/lib/compressedrefs:/vagrant/jdk/lib:/usr/lib64:/usr/lib" />
    <vmarg name="-Djava.home=/vagrant/jdk" />
    <vmarg name="-Duser.dir=/vagrant" />
    <vmarg name="-Xgcpolicy:balanced" />
    <vmarg name="-Xgcelastic" />
    <vmarg name="-Xcheck:gc:::elasticGC" />
    <vmarg name="-verbose:gc" />
    <vmarg name="-Xloggc:large-Balanced-jdk-1-1-0.5-verbose4sunflow.txt" />
    <vmarg name="-Djava.class.path=dacapo-9.12-MR1-bach.jar" />
    <vmarg name="-Dsun.java.command=dacapo-9.12-MR1-bach.jar sunflow --size=large" />
    <vmarg name="-Dsun.java.launcher=SUN_STANDARD" />
    <vmarg name="-Dsun.java.launcher.pid=3453" />
  </vmargs>
</initialized>

<exclusive-start id="2" timestamp="2019-06-16T23:11:29.143" intervalms="479.014">
  <response-info timems="0.030" idlems="0.030" threads="0" lastid="00000000019A7700" lastname="main" />
</exclusive-start>
<allocation-taxation id="3" taxation-threshold="8388608" timestamp="2019-06-16T23:11:29.143" intervalms="479.404" />
<cycle-start id="4" type="partial gc" contextid="0" timestamp="2019-06-16T23:11:29.144" intervalms="479.996" />
<gc-start id="5" type="partial gc" contextid="4" timestamp="2019-06-16T23:11:29.144">
  <mem-info id="6" free="0" total="8388608" percent="0">
    <mem type="eden" free="80" total="8388608" percent="0" />
    <arraylet-primitive objects="1" leaves="1" largest="1" />
    <remembered-set count="0" freebytes="334848" totalbytes="334848" percent="100" regionsoverflowed="0" regionsstable="0" regionsrebuilding="0"/>
  </mem-info>
</gc-start>
<allocation-stats totalBytes="8383080" >
  <allocated-bytes non-tlh="1288352" tlh="6046152" arrayletleaf="1048576"/>
  <largest-consumer threadName="main" threadId="00000000019A7700" bytes="8306560" />
</allocation-stats>
<gc-op id="7" type="mark" timems="4.111" contextid="4" timestamp="2019-06-16T23:11:29.149">
  <trace-info objectcount="30304" scancount="23633" scanbytes="765340" />
  <remembered-set-cleared processed="0" cleared="0" durationms="0.133" />
  <finalization candidates="125" enqueued="1" />
  <ownableSynchronizers candidates="3" cleared="0" />
  <references type="soft" candidates="131" cleared="0" enqueued="0" dynamicThreshold="32" maxThreshold="32" />
  <references type="weak" candidates="1321" cleared="568" enqueued="478" />
  <references type="phantom" candidates="106" cleared="42" enqueued="42" />
  <stringconstants candidates="3958" cleared="0"  />
  <warning details="Mark for calibration purposes" />
</gc-op>
<gc-op id="8" type="classunload" timems="0.101" contextid="4" timestamp="2019-06-16T23:11:29.149">
  <classunload-info classloadercandidates="7" classloadersunloaded="0" classesunloaded="0" anonymousclassesunloaded="0" quiescems="0.000" setupms="0.101" scanms="0.000" postms="0.000" />
</gc-op>
<gc-op id="9" type="sweep" timems="2.513" contextid="4" timestamp="2019-06-16T23:11:29.152" />
<gc-op id="10" type="compact" timems="8.942" contextid="4" timestamp="2019-06-16T23:11:29.162">
  <compact-info movecount="30286" movebytes="1336144" />
  <remembered-set-cleared processed="0" cleared="0" durationms="0.133" />
</gc-op>
<heap-resize id="11" type="expand" space="default" amount="1048576" count="1" timems="0.071" reason="insufficient free space following gc" timestamp="2019-06-16T23:11:29.164" />
<gc-end id="12" type="partial gc" contextid="4" durationms="19.505" usertimems="20.000" systemtimems="0.000" timestamp="2019-06-16T23:11:29.164" activeThreads="4">
  <mem-info id="13" free="5242880" total="9437184" percent="55">
    <mem type="eden" free="1020312" total="4194304" percent="24" />
    <arraylet-primitive objects="1" leaves="1" largest="1" />
    <pending-finalizers system="1" default="0" reference="520" classloader="0" />
    <remembered-set count="2560" freebytes="366464" totalbytes="376704" percent="97" regionsoverflowed="0" regionsstable="0" regionsrebuilding="0"/>
  </mem-info>
</gc-end>
<cycle-end id="14" type="partial gc" contextid="4" timestamp="2019-06-16T23:11:29.164" />
  <attribute name="elasticGC enabled" value="1" />
  <attribute name= "numThreadsSpecified" value="4" />
  <attribute name="heapSize specified" value="0" />
  <attribute name="Current GC Util" value="56" />
  <attribute name= "Current Time Running" value="376" />
  <attribute name ="GC Interval" value="0" />
  <attribute name="ProportionalT" value="36.000000" />
  <attribute name="ProportionalI" value="36.000000" />
  <attribute name="ProportionalH" value="36.000000" />
  <attribute name="Current Error" value="36.000000" />
  <attribute name="IntegralT" value="-7352.000000" />
  <attribute name="IntegralI" value="-7352.000000" />
  <attribute name="IntegralH" value="-7352.000000" />
  <attribute name="DerivativeT" value="6.000000" />
  <attribute name="DerivativeI" value="6.000000" />
  <attribute name="DerivativeH" value="6.000000" />
  <attribute name="Loop Time for DT" value="3.000000" />
  <attribute name="Output H" value="2091843584"/>
  <attribute name="Output I" value="200"/>
  <attribute name="Output T" value="4"/>
  <attribute name="Target GC Util Change" value ="20.000000" />
  <attribute name="Current GC Util Change" value="56.000000"/>
  <attribute name="GC Util currently" value="56" />
  <attribute name="CPU Util currently" value="1404803041053" />
<exclusive-end id="15" timestamp="2019-06-16T23:11:29.164" durationms="21.252" />

<exclusive-start id="16" timestamp="2019-06-16T23:11:29.181" intervalms="38.342">
  <response-info timems="0.072" idlems="0.072" threads="0" lastid="00000000019A7700" lastname="main" />
</exclusive-start>
<sys-start reason="explicit" id="17" timestamp="2019-06-16T23:11:29.181" intervalms="517.551" />
<cycle-start id="18" type="global garbage collect" contextid="0" timestamp="2019-06-16T23:11:29.182" intervalms="517.972" />
<gc-start id="19" type="global garbage collect" contextid="18" timestamp="2019-06-16T23:11:29.182">
  <mem-info id="20" free="1572864" total="9437184" percent="16">
    <mem type="eden" free="524288" total="4194304" percent="12" />
    <arraylet-primitive objects="2" leaves="2" largest="1" />
    <remembered-set count="2304" freebytes="367488" totalbytes="376704" percent="97" regionsoverflowed="0" regionsstable="0" regionsrebuilding="0"/>
  </mem-info>
</gc-start>
<allocation-stats totalBytes="3669608" >
  <allocated-bytes non-tlh="88" tlh="2620944" arrayletleaf="1048576"/>
  <largest-consumer threadName="main" threadId="00000000019A7700" bytes="3653536" />
</allocation-stats>
<gc-op id="21" type="global mark" timems="2.863" contextid="18" timestamp="2019-06-16T23:11:29.185">
  <trace-info objectcount="29352" scancount="22833" scanbytes="751044" />
  <finalization candidates="124" enqueued="0" />
  <ownableSynchronizers candidates="3" cleared="0" />
  <references type="soft" candidates="131" cleared="0" enqueued="0" dynamicThreshold="17" maxThreshold="32" />
  <references type="weak" candidates="755" cleared="2" enqueued="2" />
  <references type="phantom" candidates="63" cleared="0" enqueued="0" />
  <stringconstants candidates="3958" cleared="0"  />
</gc-op>
<gc-op id="22" type="classunload" timems="0.003" contextid="18" timestamp="2019-06-16T23:11:29.185">
  <classunload-info classloadercandidates="7" classloadersunloaded="0" classesunloaded="0" anonymousclassesunloaded="0" quiescems="0.000" setupms="0.003" scanms="0.000" postms="0.000" />
</gc-op>
<gc-op id="23" type="sweep" timems="0.365" contextid="18" timestamp="2019-06-16T23:11:29.186" />
<gc-op id="24" type="compact" timems="5.670" contextid="18" timestamp="2019-06-16T23:11:29.192">
  <compact-info movecount="28701" movebytes="1275320" />
  <remembered-set-cleared processed="5567" cleared="5567" durationms="0.064" />
</gc-op>
<gc-end id="25" type="global garbage collect" contextid="18" durationms="10.112" usertimems="8.000" systemtimems="4.000" timestamp="2019-06-16T23:11:29.192" activeThreads="4">
  <mem-info id="26" free="4194304" total="9437184" percent="44">
    <arraylet-primitive objects="2" leaves="2" largest="1" />
    <pending-finalizers system="0" default="0" reference="2" classloader="0" />
    <remembered-set count="2048" freebytes="368512" totalbytes="376704" percent="97" regionsoverflowed="0" regionsstable="0" regionsrebuilding="0"/>
  </mem-info>
</gc-end>
<cycle-end id="27" type="global garbage collect" contextid="18" timestamp="2019-06-16T23:11:29.192" />
  <attribute name="elasticGC enabled" value="1" />
  <attribute name= "numThreadsSpecified" value="4" />
  <attribute name="heapSize specified" value="0" />
  <attribute name="Current GC Util" value="18" />
  <attribute name= "Current Time Running" value="409" />
  <attribute name ="GC Interval" value="0" />
  <attribute name="ProportionalT" value="-2.000000" />
  <attribute name="ProportionalI" value="-2.000000" />
  <attribute name="ProportionalH" value="-2.000000" />
  <attribute name="Current Error" value="-2.000000" />
  <attribute name="IntegralT" value="-2.000000" />
  <attribute name="IntegralI" value="-2.000000" />
  <attribute name="IntegralH" value="-2.000000" />
  <attribute name="DerivativeT" value="-50.000000" />
  <attribute name="DerivativeI" value="-50.000000" />
  <attribute name="DerivativeH" value="-50.000000" />
  <attribute name="Loop Time for DT" value="1.000000" />
  <attribute name="Output H" value="2091843584"/>
  <attribute name="Output I" value="200"/>
  <attribute name="Output T" value="4"/>
  <attribute name="Target GC Util Change" value ="20.000000" />
  <attribute name="Current GC Util Change" value="18.000000"/>
  <attribute name="GC Util currently" value="18" />
  <attribute name="CPU Util currently" value="6817532863581" />
<sys-end id="28" timestamp="2019-06-16T23:11:29.193" />
<exclusive-end id="29" timestamp="2019-06-16T23:11:29.193" durationms="11.554" />

<exclusive-start id="30" timestamp="2019-06-16T23:11:29.344" intervalms="163.017">
  <response-info timems="0.083" idlems="0.027" threads="3" lastid="0000000001D00500" lastname="Thread-5" />
</exclusive-start>
<allocation-taxation id="31" taxation-threshold="4194304" timestamp="2019-06-16T23:11:29.344" intervalms="201.136" />
<cycle-start id="32" type="partial gc" contextid="0" timestamp="2019-06-16T23:11:29.344" intervalms="200.743" />
<gc-start id="33" type="partial gc" contextid="32" timestamp="2019-06-16T23:11:29.345">
  <mem-info id="34" free="0" total="9437184" percent="0">
    <mem type="eden" free="15624" total="4194304" percent="0" />
    <arraylet-primitive objects="2" leaves="2" largest="1" />
    <remembered-set count="1920" freebytes="369024" totalbytes="376704" percent="97" regionsoverflowed="0" regionsstable="0" regionsrebuilding="0"/>
  </mem-info>
</gc-start>
<allocation-stats totalBytes="4164424" >
  <allocated-bytes non-tlh="381232" tlh="3783192" arrayletleaf="0"/>
  <largest-consumer threadName="main" threadId="00000000019A7700" bytes="3032456" />
</allocation-stats>
<gc-op id="35" type="mark" timems="1.774" contextid="32" timestamp="2019-06-16T23:11:29.347">
  <trace-info objectcount="10952" scancount="7557" scanbytes="224664" />
  <cardclean-info objects="514" bytes="22116" />
  <remembered-set-cleared processed="1393" cleared="48" durationms="0.080" />
  <references type="soft" candidates="17" cleared="0" enqueued="0" dynamicThreshold="14" maxThreshold="32" />
  <references type="weak" candidates="45" cleared="29" enqueued="28" />
  <references type="phantom" candidates="2" cleared="0" enqueued="0" />
  <stringconstants candidates="4509" cleared="1"  />
  <warning details="Mark invoked due to insufficient free space for Copy-Forward" />
</gc-op>
<gc-op id="36" type="classunload" timems="0.002" contextid="32" timestamp="2019-06-16T23:11:29.347">
  <classunload-info classloadercandidates="8" classloadersunloaded="0" classesunloaded="0" anonymousclassesunloaded="0" quiescems="0.000" setupms="0.002" scanms="0.000" postms="0.000" />
</gc-op>
<gc-op id="37" type="sweep" timems="0.462" contextid="32" timestamp="2019-06-16T23:11:29.348" />
<gc-op id="38" type="compact" timems="2.243" contextid="32" timestamp="2019-06-16T23:11:29.351">
  <compact-info movecount="10933" movebytes="1532784" />
  <remembered-set-cleared processed="4370" cleared="1671" durationms="0.080" />
</gc-op>
<heap-resize id="39" type="expand" space="default" amount="4194304" count="1" timems="0.074" reason="insufficient free space following gc" timestamp="2019-06-16T23:11:29.351" />
<gc-end id="40" type="partial gc" contextid="32" durationms="6.250" usertimems="4.000" systemtimems="0.000" timestamp="2019-06-16T23:11:29.351" activeThreads="4">
  <mem-info id="41" free="6291456" total="13631488" percent="46">
    <mem type="eden" free="562024" total="2097152" percent="26" />
    <arraylet-primitive objects="2" leaves="2" largest="1" />
    <pending-finalizers system="0" default="0" reference="28" classloader="0" />
    <remembered-set count="3552" freebytes="529920" totalbytes="544128" percent="97" regionsoverflowed="0" regionsstable="0" regionsrebuilding="0"/>
  </mem-info>
</gc-end>
<cycle-end id="42" type="partial gc" contextid="32" timestamp="2019-06-16T23:11:29.351" />
  <attribute name="elasticGC enabled" value="1" />
  <attribute name= "numThreadsSpecified" value="4" />
  <attribute name="heapSize specified" value="0" />
  <attribute name="Current GC Util" value="22" />
  <attribute name= "Current Time Running" value="571" />
  <attribute name ="GC Interval" value="0" />
  <attribute name="ProportionalT" value="2.000000" />
  <attribute name="ProportionalI" value="2.000000" />
  <attribute name="ProportionalH" value="2.000000" />
  <attribute name="Current Error" value="2.000000" />
  <attribute name="IntegralT" value="0.000000" />
  <attribute name="IntegralI" value="0.000000" />
  <attribute name="IntegralH" value="0.000000" />
  <attribute name="DerivativeT" value="-inf" />
  <attribute name="DerivativeI" value="-inf" />
  <attribute name="DerivativeH" value="-inf" />
  <attribute name="Loop Time for DT" value="0.000000" />
  <attribute name="Output H" value="2091843584"/>
  <attribute name="Output I" value="200"/>
  <attribute name="Output T" value="4"/>
  <attribute name="Target GC Util Change" value ="20.000000" />
  <attribute name="Current GC Util Change" value="22.000000"/>
  <attribute name="GC Util currently" value="22" />
  <attribute name="CPU Util currently" value="6232429242225" />
<exclusive-end id="43" timestamp="2019-06-16T23:11:29.352" durationms="7.421" />

<exclusive-start id="44" timestamp="2019-06-16T23:11:29.438" intervalms="93.961">
  <response-info timems="0.085" idlems="0.085" threads="0" lastid="0000000001D04100" lastname="Thread-6" />
</exclusive-start>
<allocation-taxation id="45" taxation-threshold="3145728" timestamp="2019-06-16T23:11:29.438" intervalms="93.939" />
<cycle-start id="46" type="global mark phase" contextid="0" timestamp="2019-06-16T23:11:29.438" intervalms="774.691" />
<gc-start id="47" type="global mark phase" contextid="46" timestamp="2019-06-16T23:11:29.439">
  <mem-info id="48" free="3145728" total="13631488" percent="23">
    <remembered-set count="3552" freebytes="529920" totalbytes="544128" percent="97" regionsoverflowed="0" regionsstable="0" regionsrebuilding="0"/>
  </mem-info>
</gc-start>
<gc-op id="49" type="mark increment" timems="0.652" contextid="46" timestamp="2019-06-16T23:11:29.439">
  <trace-info objectcount="185" scancount="0" scanbytes="0" />
</gc-op>
<gc-end id="50" type="global mark phase" contextid="46" durationms="0.950" usertimems="0.000" systemtimems="0.000" timestamp="2019-06-16T23:11:29.440" activeThreads="1">
  <mem-info id="51" free="3145728" total="13631488" percent="23">
    <remembered-set count="3552" freebytes="529920" totalbytes="544128" percent="97" regionsoverflowed="0" regionsstable="0" regionsrebuilding="0"/>
  </mem-info>
</gc-end>
<concurrent-start id="52" type="GMP work packet processing" contextid="46" timestamp="2019-06-16T23:11:29.440">
  <concurrent-mark-start scanTarget="18446744073709551615" />
</concurrent-start>
<exclusive-end id="53" timestamp="2019-06-16T23:11:29.440" durationms="1.877" />

<concurrent-end id="54" type="GMP work packet processing" contextid="46" timestamp="2019-06-16T23:11:29.441">
  <concurrent-mark-end bytesScanned="1187696" reasonForTermination="Completed all work in GC phase" />
</concurrent-end>

<exclusive-start id="55" timestamp="2019-06-16T23:11:29.449" intervalms="11.170">
  <response-info timems="0.057" idlems="0.057" threads="0" lastid="0000000001D04100" lastname="Thread-6" />
</exclusive-start>
<allocation-taxation id="56" taxation-threshold="3145728" timestamp="2019-06-16T23:11:29.449" intervalms="11.155" />
<cycle-start id="57" type="partial gc" contextid="0" timestamp="2019-06-16T23:11:29.450" intervalms="105.018" />
<gc-start id="58" type="partial gc" contextid="57" timestamp="2019-06-16T23:11:29.450">
  <mem-info id="59" free="0" total="13631488" percent="0">
    <mem type="eden" free="0" total="6291456" percent="0" />
    <arraylet-primitive objects="2" leaves="2" largest="1" />
    <remembered-set count="3552" freebytes="529920" totalbytes="544128" percent="97" regionsoverflowed="0" regionsstable="0" regionsrebuilding="0"/>
  </mem-info>
</gc-start>
<allocation-stats totalBytes="6283328" >
  <allocated-bytes non-tlh="878000" tlh="5405328" arrayletleaf="0"/>
  <largest-consumer threadName="Thread-6" threadId="0000000001D04100" bytes="3141056" />
</allocation-stats>
<gc-op id="60" type="mark" timems="1.584" contextid="57" timestamp="2019-06-16T23:11:29.452">
  <trace-info objectcount="14644" scancount="11788" scanbytes="438816" />
  <cardclean-info objects="171" bytes="11928" />
  <remembered-set-cleared processed="2039" cleared="685" durationms="0.059" />
  <references type="soft" candidates="17" cleared="0" enqueued="0" dynamicThreshold="7" maxThreshold="32" />
  <references type="weak" candidates="16" cleared="0" enqueued="0" />
  <references type="phantom" candidates="2" cleared="0" enqueued="0" />
  <stringconstants candidates="4533" cleared="0"  />
  <warning details="Mark invoked due to insufficient free space for Copy-Forward" />
</gc-op>
<gc-op id="61" type="classunload" timems="0.002" contextid="57" timestamp="2019-06-16T23:11:29.452">
  <classunload-info classloadercandidates="8" classloadersunloaded="0" classesunloaded="0" anonymousclassesunloaded="0" quiescems="0.000" setupms="0.002" scanms="0.000" postms="0.000" />
</gc-op>
<gc-op id="62" type="sweep" timems="0.341" contextid="57" timestamp="2019-06-16T23:11:29.453" />
<gc-op id="63" type="compact" timems="2.034" contextid="57" timestamp="2019-06-16T23:11:29.455">
  <compact-info movecount="14644" movebytes="1341520" />
  <remembered-set-cleared processed="4896" cleared="2185" durationms="0.059" />
</gc-op>
<gc-end id="64" type="partial gc" contextid="57" durationms="5.669" usertimems="4.000" systemtimems="0.000" timestamp="2019-06-16T23:11:29.455" activeThreads="4">
  <mem-info id="65" free="6291456" total="13631488" percent="46">
    <mem type="eden" free="290608" total="1048576" percent="27" />
    <arraylet-primitive objects="2" leaves="2" largest="1" />
    <remembered-set count="4128" freebytes="527616" totalbytes="544128" percent="96" regionsoverflowed="0" regionsstable="0" regionsrebuilding="0"/>
  </mem-info>
</gc-end>
<cycle-end id="66" type="partial gc" contextid="57" timestamp="2019-06-16T23:11:29.456" />
  <attribute name="elasticGC enabled" value="1" />
  <attribute name= "numThreadsSpecified" value="4" />
  <attribute name="heapSize specified" value="0" />
  <attribute name="Current GC Util" value="25" />
  <attribute name= "Current Time Running" value="676" />
  <attribute name ="GC Interval" value="0" />
  <attribute name="ProportionalT" value="5.000000" />
  <attribute name="ProportionalI" value="5.000000" />
  <attribute name="ProportionalH" value="5.000000" />
  <attribute name="Current Error" value="5.000000" />
  <attribute name="IntegralT" value="5.000000" />
  <attribute name="IntegralI" value="5.000000" />
  <attribute name="IntegralH" value="5.000000" />
  <attribute name="DerivativeT" value="-43.000000" />
  <attribute name="DerivativeI" value="-43.000000" />
  <attribute name="DerivativeH" value="-43.000000" />
  <attribute name="Loop Time for DT" value="1.000000" />
  <attribute name="Output H" value="2091843584"/>
  <attribute name="Output I" value="200"/>
  <attribute name="Output T" value="4"/>
  <attribute name="Target GC Util Change" value ="20.000000" />
  <attribute name="Current GC Util Change" value="25.000000"/>
  <attribute name="GC Util currently" value="25" />
  <attribute name="CPU Util currently" value="7716895189896" />
<exclusive-end id="67" timestamp="2019-06-16T23:11:29.456" durationms="6.607" />

<exclusive-start id="68" timestamp="2019-06-16T23:11:29.498" intervalms="48.974">
  <response-info timems="0.041" idlems="0.041" threads="0" lastid="0000000001D04100" lastname="Thread-9" />
</exclusive-start>
<allocation-taxation id="69" taxation-threshold="3145728" timestamp="2019-06-16T23:11:29.499" intervalms="49.173" />
<gc-start id="70" type="global mark phase" contextid="46" timestamp="2019-06-16T23:11:29.499">
  <mem-info id="71" free="3145728" total="13631488" percent="23">
    <remembered-set count="3712" freebytes="529280" totalbytes="544128" percent="97" regionsoverflowed="0" regionsstable="0" regionsrebuilding="0"/>
  </mem-info>
</gc-start>
<gc-op id="72" type="mark increment" timems="3.246" contextid="46" timestamp="2019-06-16T23:11:29.502">
  <trace-info objectcount="30061" scancount="27143" scanbytes="1250232" />
  <cardclean-info objects="469" bytes="21184" />
  <finalization candidates="124" enqueued="0" />
  <ownableSynchronizers candidates="3" cleared="0" />
  <references type="soft" candidates="148" cleared="0" enqueued="0" dynamicThreshold="14" maxThreshold="32" />
  <references type="weak" candidates="769" cleared="0" enqueued="0" />
  <references type="phantom" candidates="65" cleared="2" enqueued="2" />
  <stringconstants candidates="4596" cleared="0"  />
</gc-op>
<gc-op id="73" type="classunload" timems="0.005" contextid="46" timestamp="2019-06-16T23:11:29.502">
  <classunload-info classloadercandidates="8" classloadersunloaded="0" classesunloaded="0" anonymousclassesunloaded="0" quiescems="0.000" setupms="0.005" scanms="0.000" postms="0.000" />
</gc-op>
<gc-end id="74" type="global mark phase" contextid="46" durationms="3.658" usertimems="4.000" systemtimems="0.000" timestamp="2019-06-16T23:11:29.502" activeThreads="4">
  <mem-info id="75" free="3145728" total="13631488" percent="23">
    <pending-finalizers system="0" default="0" reference="2" classloader="0" />
    <remembered-set count="3712" freebytes="529280" totalbytes="544128" percent="97" regionsoverflowed="0" regionsstable="0" regionsrebuilding="0"/>
  </mem-info>
</gc-end>
<cycle-end id="76" type="global mark phase" contextid="46" timestamp="2019-06-16T23:11:29.502" />
  <attribute name="elasticGC enabled" value="1" />
  <attribute name= "numThreadsSpecified" value="4" />
  <attribute name="heapSize specified" value="0" />
  <attribute name="Current GC Util" value="0" />
  <attribute name= "Current Time Running" value="724" />
  <attribute name ="GC Interval" value="0" />
  <attribute name="ProportionalT" value="-20.000000" />
  <attribute name="ProportionalI" value="-20.000000" />
  <attribute name="ProportionalH" value="-20.000000" />
  <attribute name="Current Error" value="-20.000000" />
  <attribute name="IntegralT" value="-40.000000" />
  <attribute name="IntegralI" value="-40.000000" />
  <attribute name="IntegralH" value="-40.000000" />
  <attribute name="DerivativeT" value="-20.500000" />
  <attribute name="DerivativeI" value="-20.500000" />
  <attribute name="DerivativeH" value="-20.500000" />
  <attribute name="Loop Time for DT" value="2.000000" />
  <attribute name="Output H" value="2091843584"/>
  <attribute name="Output I" value="200"/>
  <attribute name="Output T" value="4"/>
  <attribute name="Target GC Util Change" value ="20.000000" />
  <attribute name="Current GC Util Change" value="0.000000"/>
  <attribute name="GC Util currently" value="0" />
  <attribute name="CPU Util currently" value="3772226130913" />
<exclusive-end id="77" timestamp="2019-06-16T23:11:29.503" durationms="4.491" />

<exclusive-start id="78" timestamp="2019-06-16T23:11:29.556" intervalms="57.434">
  <response-info timems="0.039" idlems="0.039" threads="0" lastid="0000000001CFC900" lastname="Thread-8" />
</exclusive-start>
<allocation-taxation id="79" taxation-threshold="3145728" timestamp="2019-06-16T23:11:29.556" intervalms="57.286" />
<cycle-start id="80" type="partial gc" contextid="0" timestamp="2019-06-16T23:11:29.556" intervalms="106.451" />
<gc-start id="81" type="partial gc" contextid="80" timestamp="2019-06-16T23:11:29.556">
  <mem-info id="82" free="0" total="13631488" percent="0">
    <mem type="eden" free="0" total="6291456" percent="0" />
    <arraylet-primitive objects="2" leaves="2" largest="1" />
    <remembered-set count="3712" freebytes="529280" totalbytes="544128" percent="97" regionsoverflowed="0" regionsstable="0" regionsrebuilding="0"/>
  </mem-info>
</gc-start>
<allocation-stats totalBytes="6280872" >
  <allocated-bytes non-tlh="536120" tlh="5744752" arrayletleaf="0"/>
  <largest-consumer threadName="Thread-9" threadId="0000000001D04100" bytes="1171320" />
</allocation-stats>
<gc-op id="83" type="sweep" timems="0.425" contextid="80" timestamp="2019-06-16T23:11:29.557" />
<gc-op id="84" type="mark" timems="1.607" contextid="80" timestamp="2019-06-16T23:11:29.559">
  <trace-info objectcount="25745" scancount="25501" scanbytes="1281280" />
  <cardclean-info objects="267" bytes="10664" />
  <remembered-set-cleared processed="2062" cleared="57" durationms="0.074" />
  <stringconstants candidates="4596" cleared="0"  />
  <warning details="Mark invoked due to insufficient free space for Copy-Forward" />
</gc-op>
<gc-op id="85" type="classunload" timems="0.003" contextid="80" timestamp="2019-06-16T23:11:29.559">
  <classunload-info classloadercandidates="8" classloadersunloaded="0" classesunloaded="0" anonymousclassesunloaded="0" quiescems="0.000" setupms="0.002" scanms="0.000" postms="0.000" />
</gc-op>
<gc-op id="86" type="sweep" timems="0.314" contextid="80" timestamp="2019-06-16T23:11:29.560" />
<gc-op id="87" type="compact" timems="2.327" contextid="80" timestamp="2019-06-16T23:11:29.562">
  <compact-info movecount="22888" movebytes="1771448" />
  <remembered-set-cleared processed="4258" cleared="225" durationms="0.074" />
</gc-op>
<heap-resize id="88" type="expand" space="default" amount="2097152" count="1" timems="0.062" reason="insufficient free space following gc" timestamp="2019-06-16T23:11:29.563" />
<gc-end id="89" type="partial gc" contextid="80" durationms="6.407" usertimems="12.000" systemtimems="0.000" timestamp="2019-06-16T23:11:29.563" activeThreads="4">
  <mem-info id="90" free="6291456" total="15728640" percent="40">
    <mem type="eden" free="690112" total="2097152" percent="32" />
    <arraylet-primitive objects="2" leaves="2" largest="1" />
    <remembered-set count="4320" freebytes="610560" totalbytes="627840" percent="97" regionsoverflowed="0" regionsstable="0" regionsrebuilding="0"/>
  </mem-info>
</gc-end>
<cycle-end id="91" type="partial gc" contextid="80" timestamp="2019-06-16T23:11:29.563" />
  <attribute name="elasticGC enabled" value="1" />
  <attribute name= "numThreadsSpecified" value="4" />
  <attribute name="heapSize specified" value="0" />
  <attribute name="Current GC Util" value="24" />
  <attribute name= "Current Time Running" value="783" />
  <attribute name ="GC Interval" value="0" />
  <attribute name="ProportionalT" value="4.000000" />
  <attribute name="ProportionalI" value="4.000000" />
  <attribute name="ProportionalH" value="4.000000" />
  <attribute name="Current Error" value="4.000000" />
  <attribute name="IntegralT" value="4.000000" />
  <attribute name="IntegralI" value="4.000000" />
  <attribute name="IntegralH" value="4.000000" />
  <attribute name="DerivativeT" value="2.000000" />
  <attribute name="DerivativeI" value="2.000000" />
  <attribute name="DerivativeH" value="2.000000" />
  <attribute name="Loop Time for DT" value="1.000000" />
  <attribute name="Output H" value="8388608"/>
  <attribute name="Output I" value="200"/>
  <attribute name="Output T" value="4"/>
  <attribute name="Target GC Util Change" value ="20.000000" />
  <attribute name="Current GC Util Change" value="24.000000"/>
  <attribute name="GC Util currently" value="24" />
  <attribute name="CPU Util currently" value="8271236873622" />
<exclusive-end id="92" timestamp="2019-06-16T23:11:29.563" durationms="7.348" />

<exclusive-start id="93" timestamp="2019-06-16T23:11:29.609" intervalms="53.340">
  <response-info timems="0.212" idlems="0.185" threads="2" lastid="0000000001CFC900" lastname="Thread-8" />
</exclusive-start>
<allocation-taxation id="94" taxation-threshold="6291456" timestamp="2019-06-16T23:11:29.609" intervalms="53.312" />
<cycle-start id="95" type="partial gc" contextid="0" timestamp="2019-06-16T23:11:29.609" intervalms="53.344" />
<gc-start id="96" type="partial gc" contextid="95" timestamp="2019-06-16T23:11:29.610">
  <mem-info id="97" free="0" total="15728640" percent="0">
    <mem type="eden" free="0" total="6291456" percent="0" />
    <arraylet-primitive objects="2" leaves="2" largest="1" />
    <remembered-set count="3840" freebytes="612480" totalbytes="627840" percent="97" regionsoverflowed="0" regionsstable="0" regionsrebuilding="0"/>
  </mem-info>
</gc-start>
<allocation-stats totalBytes="6290344" >
  <allocated-bytes non-tlh="0" tlh="6290344" arrayletleaf="0"/>
  <largest-consumer threadName="Thread-8" threadId="0000000001CFC900" bytes="1666792" />
</allocation-stats>
<gc-op id="98" type="mark" timems="1.548" contextid="95" timestamp="2019-06-16T23:11:29.612">
  <trace-info objectcount="24057" scancount="23972" scanbytes="1130072" />
  <cardclean-info objects="33" bytes="2268" />
  <remembered-set-cleared processed="2197" cleared="140" durationms="0.071" />
  <stringconstants candidates="4596" cleared="0"  />
  <warning details="Mark invoked due to insufficient free space for Copy-Forward" />
</gc-op>
<gc-op id="99" type="classunload" timems="0.002" contextid="95" timestamp="2019-06-16T23:11:29.612">
  <classunload-info classloadercandidates="8" classloadersunloaded="0" classesunloaded="0" anonymousclassesunloaded="0" quiescems="0.000" setupms="0.002" scanms="0.000" postms="0.000" />
</gc-op>
<gc-op id="100" type="sweep" timems="0.300" contextid="95" timestamp="2019-06-16T23:11:29.612" />
<gc-op id="101" type="compact" timems="2.487" contextid="95" timestamp="2019-06-16T23:11:29.615">
  <compact-info movecount="11720" movebytes="828224" />
  <remembered-set-cleared processed="4493" cleared="428" durationms="0.071" />
</gc-op>
<heap-resize id="102" type="expand" space="default" amount="1048576" count="1" timems="0.052" reason="insufficient free space following gc" timestamp="2019-06-16T23:11:29.615" />
<gc-end id="103" type="partial gc" contextid="95" durationms="5.782" usertimems="16.000" systemtimems="0.000" timestamp="2019-06-16T23:11:29.615" activeThreads="1">
  <mem-info id="104" free="6291456" total="16777216" percent="37">
    <mem type="eden" free="979560" total="1048576" percent="93" />
    <arraylet-primitive objects="2" leaves="2" largest="1" />
    <remembered-set count="4352" freebytes="652288" totalbytes="669696" percent="97" regionsoverflowed="0" regionsstable="0" regionsrebuilding="0"/>
  </mem-info>
</gc-end>
<cycle-end id="105" type="partial gc" contextid="95" timestamp="2019-06-16T23:11:29.616" />
  <attribute name="elasticGC enabled" value="1" />
  <attribute name= "numThreadsSpecified" value="1" />
  <attribute name="heapSize specified" value="0" />
  <attribute name="Current GC Util" value="29" />
  <attribute name= "Current Time Running" value="835" />
  <attribute name ="GC Interval" value="0" />
  <attribute name="ProportionalT" value="9.000000" />
  <attribute name="ProportionalI" value="9.000000" />
  <attribute name="ProportionalH" value="9.000000" />
  <attribute name="Current Error" value="9.000000" />
  <attribute name="IntegralT" value="0.000000" />
  <attribute name="IntegralI" value="0.000000" />
  <attribute name="IntegralH" value="0.000000" />
  <attribute name="DerivativeT" value="inf" />
  <attribute name="DerivativeI" value="inf" />
  <attribute name="DerivativeH" value="inf" />
  <attribute name="Loop Time for DT" value="0.000000" />
  <attribute name="Output H" value="8388608"/>
  <attribute name="Output I" value="200"/>
  <attribute name="Output T" value="1"/>
  <attribute name="Target GC Util Change" value ="20.000000" />
  <attribute name="Current GC Util Change" value="29.000000"/>
  <attribute name="GC Util currently" value="29" />
  <attribute name="CPU Util currently" value="9003541563406" />
<exclusive-end id="106" timestamp="2019-06-16T23:11:29.616" durationms="6.740" />

<exclusive-start id="107" timestamp="2019-06-16T23:11:29.642" intervalms="33.335">
  <response-info timems="0.065" idlems="0.065" threads="0" lastid="0000000001D00500" lastname="Thread-7" />
</exclusive-start>
<allocation-taxation id="108" taxation-threshold="6291456" timestamp="2019-06-16T23:11:29.643" intervalms="33.361" />
<cycle-start id="109" type="partial gc" contextid="0" timestamp="2019-06-16T23:11:29.643" intervalms="33.343" />
<gc-start id="110" type="partial gc" contextid="109" timestamp="2019-06-16T23:11:29.643">
  <mem-info id="111" free="0" total="16777216" percent="0">
    <mem type="eden" free="0" total="6291456" percent="0" />
    <arraylet-primitive objects="2" leaves="2" largest="1" />
    <remembered-set count="4320" freebytes="652416" totalbytes="669696" percent="97" regionsoverflowed="0" regionsstable="0" regionsrebuilding="0"/>
  </mem-info>
</gc-start>
<allocation-stats totalBytes="6290560" >
  <allocated-bytes non-tlh="0" tlh="6290560" arrayletleaf="0"/>
  <largest-consumer threadName="Thread-10" threadId="0000000001CF8D00" bytes="2055792" />
</allocation-stats>
<gc-op id="112" type="mark" timems="1.058" contextid="109" timestamp="2019-06-16T23:11:29.645">
  <trace-info objectcount="5817" scancount="5817" scanbytes="143516" />
  <cardclean-info objects="7157" bytes="365320" />
  <remembered-set-cleared processed="2420" cleared="218" durationms="0.067" />
  <stringconstants candidates="4596" cleared="0"  />
  <warning details="Mark invoked due to insufficient free space for Copy-Forward" />
</gc-op>
<gc-op id="113" type="classunload" timems="0.003" contextid="109" timestamp="2019-06-16T23:11:29.645">
  <classunload-info classloadercandidates="8" classloadersunloaded="0" classesunloaded="0" anonymousclassesunloaded="0" quiescems="0.000" setupms="0.003" scanms="0.000" postms="0.000" />
</gc-op>
<gc-op id="114" type="sweep" timems="0.289" contextid="109" timestamp="2019-06-16T23:11:29.645" />
<gc-op id="115" type="compact" timems="1.288" contextid="109" timestamp="2019-06-16T23:11:29.647">
  <compact-info movecount="3823" movebytes="93000" />
  <remembered-set-cleared processed="4916" cleared="508" durationms="0.067" />
</gc-op>
<heap-resize id="116" type="expand" space="default" amount="2097152" count="1" timems="0.070" reason="insufficient free space following gc" timestamp="2019-06-16T23:11:29.647" />
<gc-end id="117" type="partial gc" contextid="109" durationms="4.360" usertimems="4.000" systemtimems="4.000" timestamp="2019-06-16T23:11:29.647" activeThreads="4">
  <mem-info id="118" free="7340032" total="18874368" percent="38">
    <mem type="eden" free="969112" total="1048576" percent="92" />
    <arraylet-primitive objects="2" leaves="2" largest="1" />
    <remembered-set count="4576" freebytes="735104" totalbytes="753408" percent="97" regionsoverflowed="0" regionsstable="0" regionsrebuilding="0"/>
  </mem-info>
</gc-end>
<cycle-end id="119" type="partial gc" contextid="109" timestamp="2019-06-16T23:11:29.647" />
  <attribute name="elasticGC enabled" value="1" />
  <attribute name= "numThreadsSpecified" value="4" />
  <attribute name="heapSize specified" value="0" />
  <attribute name="Current GC Util" value="21" />
  <attribute name= "Current Time Running" value="868" />
  <attribute name ="GC Interval" value="0" />
  <attribute name="ProportionalT" value="1.000000" />
  <attribute name="ProportionalI" value="1.000000" />
  <attribute name="ProportionalH" value="1.000000" />
  <attribute name="Current Error" value="1.000000" />
  <attribute name="IntegralT" value="0.000000" />
  <attribute name="IntegralI" value="0.000000" />
  <attribute name="IntegralH" value="0.000000" />
  <attribute name="DerivativeT" value="-inf" />
  <attribute name="DerivativeI" value="-inf" />
  <attribute name="DerivativeH" value="-inf" />
  <attribute name="Loop Time for DT" value="0.000000" />
  <attribute name="Output H" value="2091843584"/>
  <attribute name="Output I" value="200"/>
  <attribute name="Output T" value="4"/>
  <attribute name="Target GC Util Change" value ="20.000000" />
  <attribute name="Current GC Util Change" value="21.000000"/>
  <attribute name="GC Util currently" value="21" />
  <attribute name="CPU Util currently" value="8201104373688" />
<exclusive-end id="120" timestamp="2019-06-16T23:11:29.648" durationms="5.409" />

<exclusive-start id="121" timestamp="2019-06-16T23:11:29.664" intervalms="22.023">
  <response-info timems="0.300" idlems="0.300" threads="0" lastid="0000000001D04100" lastname="Thread-9" />
</exclusive-start>
<allocation-taxation id="122" taxation-threshold="7340032" timestamp="2019-06-16T23:11:29.665" intervalms="22.055" />
<cycle-start id="123" type="partial gc" contextid="0" timestamp="2019-06-16T23:11:29.665" intervalms="22.089" />
<gc-start id="124" type="partial gc" contextid="123" timestamp="2019-06-16T23:11:29.665">
  <mem-info id="125" free="0" total="18874368" percent="0">
    <mem type="eden" free="0" total="7340032" percent="0" />
    <arraylet-primitive objects="2" leaves="2" largest="1" />
    <remembered-set count="4576" freebytes="735104" totalbytes="753408" percent="97" regionsoverflowed="0" regionsstable="0" regionsrebuilding="0"/>
  </mem-info>
</gc-start>
<allocation-stats totalBytes="7338888" >
  <allocated-bytes non-tlh="0" tlh="7338888" arrayletleaf="0"/>
  <largest-consumer threadName="Thread-7" threadId="0000000001D00500" bytes="2891288" />
</allocation-stats>
<gc-op id="126" type="mark" timems="1.014" contextid="123" timestamp="2019-06-16T23:11:29.666">
  <trace-info objectcount="5771" scancount="5771" scanbytes="142004" />
  <cardclean-info objects="8161" bytes="413544" />
  <remembered-set-cleared processed="2994" cleared="417" durationms="0.074" />
  <stringconstants candidates="4596" cleared="0"  />
  <warning details="Mark invoked due to insufficient free space for Copy-Forward" />
</gc-op>
<gc-op id="127" type="classunload" timems="0.002" contextid="123" timestamp="2019-06-16T23:11:29.667">
  <classunload-info classloadercandidates="8" classloadersunloaded="0" classesunloaded="0" anonymousclassesunloaded="0" quiescems="0.000" setupms="0.002" scanms="0.000" postms="0.000" />
</gc-op>
<gc-op id="128" type="sweep" timems="0.280" contextid="123" timestamp="2019-06-16T23:11:29.667" />
<gc-op id="129" type="compact" timems="1.233" contextid="123" timestamp="2019-06-16T23:11:29.669">
  <compact-info movecount="4624" movebytes="111816" />
  <remembered-set-cleared processed="6080" cleared="923" durationms="0.074" />
</gc-op>
<heap-resize id="130" type="expand" space="default" amount="1048576" count="1" timems="0.054" reason="insufficient free space following gc" timestamp="2019-06-16T23:11:29.669" />
<gc-end id="131" type="partial gc" contextid="123" durationms="3.975" usertimems="8.000" systemtimems="0.000" timestamp="2019-06-16T23:11:29.669" activeThreads="4">
  <mem-info id="132" free="7340032" total="19922944" percent="36">
    <mem type="eden" free="981784" total="1048576" percent="93" />
    <arraylet-primitive objects="2" leaves="2" largest="1" />
    <remembered-set count="5600" freebytes="772864" totalbytes="795264" percent="97" regionsoverflowed="0" regionsstable="0" regionsrebuilding="0"/>
  </mem-info>
</gc-end>
<cycle-end id="133" type="partial gc" contextid="123" timestamp="2019-06-16T23:11:29.669" />
  <attribute name="elasticGC enabled" value="1" />
  <attribute name= "numThreadsSpecified" value="4" />
  <attribute name="heapSize specified" value="0" />
  <attribute name="Current GC Util" value="22" />
  <attribute name= "Current Time Running" value="890" />
  <attribute name ="GC Interval" value="0" />
  <attribute name="ProportionalT" value="2.000000" />
  <attribute name="ProportionalI" value="2.000000" />
  <attribute name="ProportionalH" value="2.000000" />
  <attribute name="Current Error" value="2.000000" />
  <attribute name="IntegralT" value="0.000000" />
  <attribute name="IntegralI" value="0.000000" />
  <attribute name="IntegralH" value="0.000000" />
  <attribute name="DerivativeT" value="-inf" />
  <attribute name="DerivativeI" value="-inf" />
  <attribute name="DerivativeH" value="-inf" />
  <attribute name="Loop Time for DT" value="0.000000" />
  <attribute name="Output H" value="2091843584"/>
  <attribute name="Output I" value="200"/>
  <attribute name="Output T" value="4"/>
  <attribute name="Target GC Util Change" value ="20.000000" />
  <attribute name="Current GC Util Change" value="22.000000"/>
  <attribute name="GC Util currently" value="22" />
  <attribute name="CPU Util currently" value="8785234803471" />
<exclusive-end id="134" timestamp="2019-06-16T23:11:29.669" durationms="5.052" />

<exclusive-start id="135" timestamp="2019-06-16T23:11:29.686" intervalms="21.781">
  <response-info timems="0.081" idlems="0.081" threads="0" lastid="0000000001D04100" lastname="Thread-9" />
</exclusive-start>
<allocation-taxation id="136" taxation-threshold="7340032" timestamp="2019-06-16T23:11:29.686" intervalms="21.766" />
<cycle-start id="137" type="partial gc" contextid="0" timestamp="2019-06-16T23:11:29.687" intervalms="21.813" />
<gc-start id="138" type="partial gc" contextid="137" timestamp="2019-06-16T23:11:29.687">
  <mem-info id="139" free="0" total="19922944" percent="0">
    <mem type="eden" free="0" total="7340032" percent="0" />
    <arraylet-primitive objects="2" leaves="2" largest="1" />
    <remembered-set count="5568" freebytes="772992" totalbytes="795264" percent="97" regionsoverflowed="0" regionsstable="0" regionsrebuilding="0"/>
  </mem-info>
</gc-start>
<allocation-stats totalBytes="7338808" >
  <allocated-bytes non-tlh="0" tlh="7338808" arrayletleaf="0"/>
  <largest-consumer threadName="Thread-10" threadId="0000000001CF8D00" bytes="3333592" />
</allocation-stats>
<gc-op id="140" type="mark" timems="1.153" contextid="137" timestamp="2019-06-16T23:11:29.689">
  <trace-info objectcount="5519" scancount="5519" scanbytes="133768" />
  <cardclean-info objects="7926" bytes="381736" />
  <remembered-set-cleared processed="3615" cleared="458" durationms="0.112" />
  <stringconstants candidates="4596" cleared="0"  />
  <warning details="Mark invoked due to insufficient free space for Copy-Forward" />
</gc-op>
<gc-op id="141" type="classunload" timems="0.003" contextid="137" timestamp="2019-06-16T23:11:29.689">
  <classunload-info classloadercandidates="8" classloadersunloaded="0" classesunloaded="0" anonymousclassesunloaded="0" quiescems="0.000" setupms="0.003" scanms="0.000" postms="0.000" />
</gc-op>
<gc-op id="142" type="sweep" timems="0.433" contextid="137" timestamp="2019-06-16T23:11:29.689" />
<gc-op id="143" type="compact" timems="1.184" contextid="137" timestamp="2019-06-16T23:11:29.691">
  <compact-info movecount="4398" movebytes="106864" />
  <remembered-set-cleared processed="7308" cleared="989" durationms="0.112" />
</gc-op>
<heap-resize id="144" type="expand" space="default" amount="2097152" count="1" timems="0.070" reason="insufficient free space following gc" timestamp="2019-06-16T23:11:29.691" />
<gc-end id="145" type="partial gc" contextid="137" durationms="4.393" usertimems="8.000" systemtimems="0.000" timestamp="2019-06-16T23:11:29.691" activeThreads="4">
  <mem-info id="146" free="8388608" total="22020096" percent="38">
    <mem type="eden" free="976872" total="1048576" percent="93" />
    <arraylet-primitive objects="2" leaves="2" largest="1" />
    <remembered-set count="6272" freebytes="853888" totalbytes="878976" percent="97" regionsoverflowed="0" regionsstable="0" regionsrebuilding="0"/>
  </mem-info>
</gc-end>
<cycle-end id="147" type="partial gc" contextid="137" timestamp="2019-06-16T23:11:29.691" />
  <attribute name="elasticGC enabled" value="1" />
  <attribute name= "numThreadsSpecified" value="4" />
  <attribute name="heapSize specified" value="0" />
  <attribute name="Current GC Util" value="24" />
  <attribute name= "Current Time Running" value="913" />
  <attribute name ="GC Interval" value="0" />
  <attribute name="ProportionalT" value="4.000000" />
  <attribute name="ProportionalI" value="4.000000" />
  <attribute name="ProportionalH" value="4.000000" />
  <attribute name="Current Error" value="4.000000" />
  <attribute name="IntegralT" value="4.000000" />
  <attribute name="IntegralI" value="4.000000" />
  <attribute name="IntegralH" value="4.000000" />
  <attribute name="DerivativeT" value="2.000000" />
  <attribute name="DerivativeI" value="2.000000" />
  <attribute name="DerivativeH" value="2.000000" />
  <attribute name="Loop Time for DT" value="1.000000" />
  <attribute name="Output H" value="8388608"/>
  <attribute name="Output I" value="200"/>
  <attribute name="Output T" value="4"/>
  <attribute name="Target GC Util Change" value ="20.000000" />
  <attribute name="Current GC Util Change" value="24.000000"/>
  <attribute name="GC Util currently" value="24" />
  <attribute name="CPU Util currently" value="6517501101202" />
<exclusive-end id="148" timestamp="2019-06-16T23:11:29.692" durationms="5.541" />

<exclusive-start id="149" timestamp="2019-06-16T23:11:29.700" intervalms="13.611">
  <response-info timems="0.047" idlems="0.047" threads="0" lastid="0000000001D04100" lastname="Thread-9" />
</exclusive-start>
<allocation-taxation id="150" taxation-threshold="8388608" timestamp="2019-06-16T23:11:29.700" intervalms="13.594" />
<cycle-start id="151" type="partial gc" contextid="0" timestamp="2019-06-16T23:11:29.700" intervalms="13.588" />
<gc-start id="152" type="partial gc" contextid="151" timestamp="2019-06-16T23:11:29.700">
  <mem-info id="153" free="0" total="22020096" percent="0">
    <mem type="eden" free="0" total="8388608" percent="0" />
    <arraylet-primitive objects="2" leaves="2" largest="1" />
    <remembered-set count="6272" freebytes="853888" totalbytes="878976" percent="97" regionsoverflowed="0" regionsstable="0" regionsrebuilding="0"/>
  </mem-info>
</gc-start>
<allocation-stats totalBytes="8387544" >
  <allocated-bytes non-tlh="0" tlh="8387544" arrayletleaf="0"/>
  <largest-consumer threadName="Thread-8" threadId="0000000001CFC900" bytes="3067536" />
</allocation-stats>
<gc-op id="154" type="mark" timems="1.110" contextid="151" timestamp="2019-06-16T23:11:29.702">
  <trace-info objectcount="5202" scancount="5202" scanbytes="125600" />
  <cardclean-info objects="7449" bytes="362560" />
  <remembered-set-cleared processed="4191" cleared="563" durationms="0.107" />
  <stringconstants candidates="4596" cleared="0"  />
  <warning details="Mark invoked due to insufficient free space for Copy-Forward" />
</gc-op>
<gc-op id="155" type="classunload" timems="0.002" contextid="151" timestamp="2019-06-16T23:11:29.702">
  <classunload-info classloadercandidates="8" classloadersunloaded="0" classesunloaded="0" anonymousclassesunloaded="0" quiescems="0.000" setupms="0.002" scanms="0.000" postms="0.000" />
</gc-op>
<gc-op id="156" type="sweep" timems="0.391" contextid="151" timestamp="2019-06-16T23:11:29.703" />
<gc-op id="157" type="compact" timems="1.128" contextid="151" timestamp="2019-06-16T23:11:29.704">
  <compact-info movecount="3699" movebytes="89528" />
  <remembered-set-cleared processed="8445" cleared="1182" durationms="0.107" />
</gc-op>
<heap-resize id="158" type="expand" space="default" amount="1048576" count="1" timems="0.051" reason="insufficient free space following gc" timestamp="2019-06-16T23:11:29.704" />
<gc-end id="159" type="partial gc" contextid="151" durationms="4.204" usertimems="8.000" systemtimems="0.000" timestamp="2019-06-16T23:11:29.705" activeThreads="4">
  <mem-info id="160" free="8388608" total="23068672" percent="36">
    <mem type="eden" free="987584" total="1048576" percent="94" />
    <arraylet-primitive objects="2" leaves="2" largest="1" />
    <remembered-set count="7392" freebytes="891264" totalbytes="920832" percent="96" regionsoverflowed="0" regionsstable="0" regionsrebuilding="0"/>
  </mem-info>
</gc-end>
<cycle-end id="161" type="partial gc" contextid="151" timestamp="2019-06-16T23:11:29.705" />
  <attribute name="elasticGC enabled" value="1" />
  <attribute name= "numThreadsSpecified" value="4" />
  <attribute name="heapSize specified" value="0" />
  <attribute name="Current GC Util" value="26" />
  <attribute name= "Current Time Running" value="926" />
  <attribute name ="GC Interval" value="0" />
  <attribute name="ProportionalT" value="6.000000" />
  <attribute name="ProportionalI" value="6.000000" />
  <attribute name="ProportionalH" value="6.000000" />
  <attribute name="Current Error" value="6.000000" />
  <attribute name="IntegralT" value="6.000000" />
  <attribute name="IntegralI" value="6.000000" />
  <attribute name="IntegralH" value="6.000000" />
  <attribute name="DerivativeT" value="3.000000" />
  <attribute name="DerivativeI" value="3.000000" />
  <attribute name="DerivativeH" value="3.000000" />
  <attribute name="Loop Time for DT" value="1.000000" />
  <attribute name="Output H" value="8388608"/>
  <attribute name="Output I" value="200"/>
  <attribute name="Output T" value="4"/>
  <attribute name="Target GC Util Change" value ="20.000000" />
  <attribute name="Current GC Util Change" value="26.000000"/>
  <attribute name="GC Util currently" value="26" />
  <attribute name="CPU Util currently" value="7275547819729" />
<exclusive-end id="162" timestamp="2019-06-16T23:11:29.705" durationms="5.281" />

<exclusive-start id="163" timestamp="2019-06-16T23:11:29.717" intervalms="17.735">
  <response-info timems="0.148" idlems="0.093" threads="2" lastid="0000000001CF8D00" lastname="Thread-10" />
</exclusive-start>
<allocation-taxation id="164" taxation-threshold="8388608" timestamp="2019-06-16T23:11:29.718" intervalms="17.794" />
<cycle-start id="165" type="partial gc" contextid="0" timestamp="2019-06-16T23:11:29.718" intervalms="17.802" />
<gc-start id="166" type="partial gc" contextid="165" timestamp="2019-06-16T23:11:29.718">
  <mem-info id="167" free="0" total="23068672" percent="0">
    <mem type="eden" free="0" total="8388608" percent="0" />
    <arraylet-primitive objects="2" leaves="2" largest="1" />
    <remembered-set count="7008" freebytes="892800" totalbytes="920832" percent="96" regionsoverflowed="0" regionsstable="0" regionsrebuilding="0"/>
  </mem-info>
</gc-start>
<allocation-stats totalBytes="8387672" >
  <allocated-bytes non-tlh="168" tlh="8387504" arrayletleaf="0"/>
  <largest-consumer threadName="Thread-8" threadId="0000000001CFC900" bytes="2981432" />
</allocation-stats>
<gc-op id="168" type="mark" timems="1.146" contextid="165" timestamp="2019-06-16T23:11:29.720">
  <trace-info objectcount="4528" scancount="4523" scanbytes="109312" />
  <cardclean-info objects="6080" bytes="295888" />
  <remembered-set-cleared processed="4786" cleared="719" durationms="0.115" />
  <stringconstants candidates="4597" cleared="0"  />
  <warning details="Mark invoked due to insufficient free space for Copy-Forward" />
</gc-op>
<gc-op id="169" type="classunload" timems="0.003" contextid="165" timestamp="2019-06-16T23:11:29.720">
  <classunload-info classloadercandidates="8" classloadersunloaded="0" classesunloaded="0" anonymousclassesunloaded="0" quiescems="0.000" setupms="0.002" scanms="0.000" postms="0.000" />
</gc-op>
<gc-op id="170" type="sweep" timems="0.404" contextid="165" timestamp="2019-06-16T23:11:29.721" />
<gc-op id="171" type="compact" timems="1.070" contextid="165" timestamp="2019-06-16T23:11:29.722">
  <compact-info movecount="4429" movebytes="109176" />
  <remembered-set-cleared processed="9628" cleared="1482" durationms="0.115" />
</gc-op>
<heap-resize id="172" type="expand" space="default" amount="1048576" count="1" timems="0.053" reason="insufficient free space following gc" timestamp="2019-06-16T23:11:29.722" />
<gc-end id="173" type="partial gc" contextid="165" durationms="4.260" usertimems="8.000" systemtimems="0.000" timestamp="2019-06-16T23:11:29.723" activeThreads="4">
  <mem-info id="174" free="8388608" total="24117248" percent="34">
    <mem type="eden" free="993520" total="1048576" percent="94" />
    <arraylet-primitive objects="2" leaves="2" largest="1" />
    <remembered-set count="8256" freebytes="929664" totalbytes="962688" percent="96" regionsoverflowed="0" regionsstable="0" regionsrebuilding="0"/>
  </mem-info>
</gc-end>
<cycle-end id="175" type="partial gc" contextid="165" timestamp="2019-06-16T23:11:29.723" />
  <attribute name="elasticGC enabled" value="1" />
  <attribute name= "numThreadsSpecified" value="4" />
  <attribute name="heapSize specified" value="0" />
  <attribute name="Current GC Util" value="26" />
  <attribute name= "Current Time Running" value="944" />
  <attribute name ="GC Interval" value="0" />
  <attribute name="ProportionalT" value="6.000000" />
  <attribute name="ProportionalI" value="6.000000" />
  <attribute name="ProportionalH" value="6.000000" />
  <attribute name="Current Error" value="6.000000" />
  <attribute name="IntegralT" value="6.000000" />
  <attribute name="IntegralI" value="6.000000" />
  <attribute name="IntegralH" value="6.000000" />
  <attribute name="DerivativeT" value="3.000000" />
  <attribute name="DerivativeI" value="3.000000" />
  <attribute name="DerivativeH" value="3.000000" />
  <attribute name="Loop Time for DT" value="1.000000" />
  <attribute name="Output H" value="8388608"/>
  <attribute name="Output I" value="200"/>
  <attribute name="Output T" value="4"/>
  <attribute name="Target GC Util Change" value ="20.000000" />
  <attribute name="Current GC Util Change" value="26.000000"/>
  <attribute name="GC Util currently" value="26" />
  <attribute name="CPU Util currently" value="7068812209149" />
<exclusive-end id="176" timestamp="2019-06-16T23:11:29.723" durationms="5.409" />

<exclusive-start id="177" timestamp="2019-06-16T23:11:29.740" intervalms="22.084">
  <response-info timems="1.122" idlems="1.085" threads="2" lastid="0000000001CFC900" lastname="Thread-8" />
</exclusive-start>
<allocation-taxation id="178" taxation-threshold="8388608" timestamp="2019-06-16T23:11:29.744" intervalms="26.529" />
<cycle-start id="179" type="partial gc" contextid="0" timestamp="2019-06-16T23:11:29.745" intervalms="26.567" />
<gc-start id="180" type="partial gc" contextid="179" timestamp="2019-06-16T23:11:29.745">
  <mem-info id="181" free="0" total="24117248" percent="0">
    <mem type="eden" free="0" total="8388608" percent="0" />
    <arraylet-primitive objects="2" leaves="2" largest="1" />
    <remembered-set count="7776" freebytes="931584" totalbytes="962688" percent="96" regionsoverflowed="0" regionsstable="0" regionsrebuilding="0"/>
  </mem-info>
</gc-start>
<allocation-stats totalBytes="8387488" >
  <allocated-bytes non-tlh="88" tlh="8387400" arrayletleaf="0"/>
  <largest-consumer threadName="Thread-8" threadId="0000000001CFC900" bytes="5811408" />
</allocation-stats>
<gc-op id="182" type="mark" timems="1.580" contextid="179" timestamp="2019-06-16T23:11:29.747">
  <trace-info objectcount="4200" scancount="4195" scanbytes="101408" />
  <cardclean-info objects="4424" bytes="221492" />
  <remembered-set-cleared processed="5314" cleared="579" durationms="0.111" />
  <stringconstants candidates="4597" cleared="0"  />
  <warning details="Mark invoked due to insufficient free space for Copy-Forward" />
</gc-op>
<gc-op id="183" type="classunload" timems="0.002" contextid="179" timestamp="2019-06-16T23:11:29.747">
  <classunload-info classloadercandidates="8" classloadersunloaded="0" classesunloaded="0" anonymousclassesunloaded="0" quiescems="0.000" setupms="0.002" scanms="0.000" postms="0.000" />
</gc-op>
<gc-op id="184" type="sweep" timems="0.450" contextid="179" timestamp="2019-06-16T23:11:29.748" />
<gc-op id="185" type="compact" timems="1.251" contextid="179" timestamp="2019-06-16T23:11:29.750">
  <compact-info movecount="4055" movebytes="100088" />
  <remembered-set-cleared processed="10671" cleared="1196" durationms="0.111" />
</gc-op>
<heap-resize id="186" type="expand" space="default" amount="2097152" count="1" timems="0.068" reason="insufficient free space following gc" timestamp="2019-06-16T23:11:29.750" />
<gc-end id="187" type="partial gc" contextid="179" durationms="5.154" usertimems="0.000" systemtimems="4.000" timestamp="2019-06-16T23:11:29.750" activeThreads="4">
  <mem-info id="188" free="9437184" total="26214400" percent="36">
    <mem type="eden" free="997024" total="1048576" percent="95" />
    <arraylet-primitive objects="2" leaves="2" largest="1" />
    <remembered-set count="8384" freebytes="1012864" totalbytes="1046400" percent="96" regionsoverflowed="0" regionsstable="0" regionsrebuilding="0"/>
  </mem-info>
</gc-end>
<cycle-end id="189" type="partial gc" contextid="179" timestamp="2019-06-16T23:11:29.750" />
  <attribute name="elasticGC enabled" value="1" />
  <attribute name= "numThreadsSpecified" value="4" />
  <attribute name="heapSize specified" value="0" />
  <attribute name="Current GC Util" value="25" />
  <attribute name= "Current Time Running" value="971" />
  <attribute name ="GC Interval" value="0" />
  <attribute name="ProportionalT" value="5.000000" />
  <attribute name="ProportionalI" value="5.000000" />
  <attribute name="ProportionalH" value="5.000000" />
  <attribute name="Current Error" value="5.000000" />
  <attribute name="IntegralT" value="5.000000" />
  <attribute name="IntegralI" value="5.000000" />
  <attribute name="IntegralH" value="5.000000" />
  <attribute name="DerivativeT" value="-26.500000" />
  <attribute name="DerivativeI" value="-26.500000" />
  <attribute name="DerivativeH" value="-26.500000" />
  <attribute name="Loop Time for DT" value="1.000000" />
  <attribute name="Output H" value="2091843584"/>
  <attribute name="Output I" value="200"/>
  <attribute name="Output T" value="4"/>
  <attribute name="Target GC Util Change" value ="20.000000" />
  <attribute name="Current GC Util Change" value="25.000000"/>
  <attribute name="GC Util currently" value="25" />
  <attribute name="CPU Util currently" value="6419634975014" />
<exclusive-end id="190" timestamp="2019-06-16T23:11:29.750" durationms="10.891" />

<exclusive-start id="191" timestamp="2019-06-16T23:11:29.771" intervalms="31.312">
  <response-info timems="0.081" idlems="0.050" threads="1" lastid="00000000019B2B00" lastname="JIT Compilation Thread-2" />
</exclusive-start>
<allocation-taxation id="192" taxation-threshold="9437184" timestamp="2019-06-16T23:11:29.771" intervalms="26.821" />
<cycle-start id="193" type="partial gc" contextid="0" timestamp="2019-06-16T23:11:29.771" intervalms="26.723" />
<gc-start id="194" type="partial gc" contextid="193" timestamp="2019-06-16T23:11:29.772">
  <mem-info id="195" free="0" total="26214400" percent="0">
    <mem type="eden" free="0" total="9437184" percent="0" />
    <arraylet-primitive objects="2" leaves="2" largest="1" />
    <remembered-set count="8064" freebytes="1014144" totalbytes="1046400" percent="96" regionsoverflowed="0" regionsstable="0" regionsrebuilding="0"/>
  </mem-info>
</gc-start>
<allocation-stats totalBytes="9436040" >
  <allocated-bytes non-tlh="0" tlh="9436040" arrayletleaf="0"/>
  <largest-consumer threadName="Thread-8" threadId="0000000001CFC900" bytes="6483248" />
</allocation-stats>
<gc-op id="196" type="mark" timems="1.045" contextid="193" timestamp="2019-06-16T23:11:29.773">
  <trace-info objectcount="4054" scancount="4034" scanbytes="98024" />
  <cardclean-info objects="3677" bytes="185224" />
  <remembered-set-cleared processed="5698" cleared="475" durationms="0.111" />
  <stringconstants candidates="4597" cleared="0"  />
  <warning details="Mark invoked due to insufficient free space for Copy-Forward" />
</gc-op>
<gc-op id="197" type="classunload" timems="0.002" contextid="193" timestamp="2019-06-16T23:11:29.773">
  <classunload-info classloadercandidates="8" classloadersunloaded="0" classesunloaded="0" anonymousclassesunloaded="0" quiescems="0.000" setupms="0.002" scanms="0.000" postms="0.000" />
</gc-op>
<gc-op id="198" type="sweep" timems="0.387" contextid="193" timestamp="2019-06-16T23:11:29.774" />
<gc-op id="199" type="compact" timems="1.041" contextid="193" timestamp="2019-06-16T23:11:29.775">
  <compact-info movecount="4053" movebytes="116560" />
  <remembered-set-cleared processed="11446" cleared="998" durationms="0.111" />
</gc-op>
<heap-resize id="200" type="expand" space="default" amount="1048576" count="1" timems="0.052" reason="insufficient free space following gc" timestamp="2019-06-16T23:11:29.775" />
<gc-end id="201" type="partial gc" contextid="193" durationms="3.977" usertimems="8.000" systemtimems="0.000" timestamp="2019-06-16T23:11:29.775" activeThreads="4">
  <mem-info id="202" free="9437184" total="27262976" percent="34">
    <mem type="eden" free="980784" total="1048576" percent="93" />
    <arraylet-primitive objects="2" leaves="2" largest="1" />
    <remembered-set count="7936" freebytes="1056512" totalbytes="1088256" percent="97" regionsoverflowed="0" regionsstable="0" regionsrebuilding="0"/>
  </mem-info>
</gc-end>
<cycle-end id="203" type="partial gc" contextid="193" timestamp="2019-06-16T23:11:29.776" />
  <attribute name="elasticGC enabled" value="1" />
  <attribute name= "numThreadsSpecified" value="4" />
  <attribute name="heapSize specified" value="0" />
  <attribute name="Current GC Util" value="32" />
  <attribute name= "Current Time Running" value="997" />
  <attribute name ="GC Interval" value="0" />
  <attribute name="ProportionalT" value="12.000000" />
  <attribute name="ProportionalI" value="12.000000" />
  <attribute name="ProportionalH" value="12.000000" />
  <attribute name="Current Error" value="12.000000" />
  <attribute name="IntegralT" value="12.000000" />
  <attribute name="IntegralI" value="12.000000" />
  <attribute name="IntegralH" value="12.000000" />
  <attribute name="DerivativeT" value="6.000000" />
  <attribute name="DerivativeI" value="6.000000" />
  <attribute name="DerivativeH" value="6.000000" />
  <attribute name="Loop Time for DT" value="1.000000" />
  <attribute name="Output H" value="8388608"/>
  <attribute name="Output I" value="200"/>
  <attribute name="Output T" value="4"/>
  <attribute name="Target GC Util Change" value ="20.000000" />
  <attribute name="Current GC Util Change" value="32.000000"/>
  <attribute name="GC Util currently" value="32" />
  <attribute name="CPU Util currently" value="7684734492254" />
<exclusive-end id="204" timestamp="2019-06-16T23:11:29.776" durationms="4.940" />

<exclusive-start id="205" timestamp="2019-06-16T23:11:29.791" intervalms="20.274">
  <response-info timems="0.047" idlems="0.047" threads="0" lastid="0000000001CF8D00" lastname="Thread-10" />
</exclusive-start>
<allocation-taxation id="206" taxation-threshold="9437184" timestamp="2019-06-16T23:11:29.791" intervalms="20.262" />
<cycle-start id="207" type="partial gc" contextid="0" timestamp="2019-06-16T23:11:29.791" intervalms="20.263" />
<gc-start id="208" type="partial gc" contextid="207" timestamp="2019-06-16T23:11:29.792">
  <mem-info id="209" free="0" total="27262976" percent="0">
    <mem type="eden" free="0" total="9437184" percent="0" />
    <arraylet-primitive objects="2" leaves="2" largest="1" />
    <remembered-set count="7840" freebytes="1056896" totalbytes="1088256" percent="97" regionsoverflowed="0" regionsstable="0" regionsrebuilding="0"/>
  </mem-info>
</gc-start>
<allocation-stats totalBytes="9435952" >
  <allocated-bytes non-tlh="0" tlh="9435952" arrayletleaf="0"/>
  <largest-consumer threadName="Thread-8" threadId="0000000001CFC900" bytes="5868944" />
</allocation-stats>
<gc-op id="210" type="mark" timems="1.167" contextid="207" timestamp="2019-06-16T23:11:29.793">
  <trace-info objectcount="13345" scancount="13327" scanbytes="596536" />
  <cardclean-info objects="2689" bytes="134104" />
  <remembered-set-cleared processed="6019" cleared="359" durationms="0.115" />
  <stringconstants candidates="4597" cleared="0"  />
  <warning details="Mark invoked due to insufficient free space for Copy-Forward" />
</gc-op>
<gc-op id="211" type="classunload" timems="0.003" contextid="207" timestamp="2019-06-16T23:11:29.793">
  <classunload-info classloadercandidates="8" classloadersunloaded="0" classesunloaded="0" anonymousclassesunloaded="0" quiescems="0.000" setupms="0.003" scanms="0.000" postms="0.000" />
</gc-op>
<gc-op id="212" type="sweep" timems="0.371" contextid="207" timestamp="2019-06-16T23:11:29.794" />
<gc-op id="213" type="compact" timems="1.994" contextid="207" timestamp="2019-06-16T23:11:29.796">
  <compact-info movecount="12615" movebytes="586960" />
  <remembered-set-cleared processed="12130" cleared="805" durationms="0.115" />
</gc-op>
<heap-resize id="214" type="expand" space="default" amount="2097152" count="1" timems="0.059" reason="insufficient free space following gc" timestamp="2019-06-16T23:11:29.797" />
<gc-end id="215" type="partial gc" contextid="207" durationms="4.955" usertimems="8.000" systemtimems="0.000" timestamp="2019-06-16T23:11:29.797" activeThreads="1">
  <mem-info id="216" free="10485760" total="29360128" percent="35">
    <mem type="eden" free="500680" total="1048576" percent="47" />
    <arraylet-primitive objects="2" leaves="2" largest="1" />
    <remembered-set count="8192" freebytes="1139200" totalbytes="1171968" percent="97" regionsoverflowed="0" regionsstable="0" regionsrebuilding="0"/>
  </mem-info>
</gc-end>
<cycle-end id="217" type="partial gc" contextid="207" timestamp="2019-06-16T23:11:29.797" />
  <attribute name="elasticGC enabled" value="1" />
  <attribute name= "numThreadsSpecified" value="1" />
  <attribute name="heapSize specified" value="0" />
  <attribute name="Current GC Util" value="31" />
  <attribute name= "Current Time Running" value="1017" />
  <attribute name ="GC Interval" value="0" />
  <attribute name="ProportionalT" value="11.000000" />
  <attribute name="ProportionalI" value="11.000000" />
  <attribute name="ProportionalH" value="11.000000" />
  <attribute name="Current Error" value="11.000000" />
  <attribute name="IntegralT" value="0.000000" />
  <attribute name="IntegralI" value="0.000000" />
  <attribute name="IntegralH" value="0.000000" />
  <attribute name="DerivativeT" value="inf" />
  <attribute name="DerivativeI" value="inf" />
  <attribute name="DerivativeH" value="inf" />
  <attribute name="Loop Time for DT" value="0.000000" />
  <attribute name="Output H" value="8388608"/>
  <attribute name="Output I" value="200"/>
  <attribute name="Output T" value="1"/>
  <attribute name="Target GC Util Change" value ="20.000000" />
  <attribute name="Current GC Util Change" value="31.000000"/>
  <attribute name="GC Util currently" value="31" />
  <attribute name="CPU Util currently" value="7375464222123" />
<exclusive-end id="218" timestamp="2019-06-16T23:11:29.797" durationms="5.983" />

<exclusive-start id="219" timestamp="2019-06-16T23:11:29.813" intervalms="21.731">
  <response-info timems="0.041" idlems="0.022" threads="1" lastid="0000000001CF8D00" lastname="Thread-10" />
</exclusive-start>
<allocation-taxation id="220" taxation-threshold="10485760" timestamp="2019-06-16T23:11:29.813" intervalms="21.729" />
<cycle-start id="221" type="partial gc" contextid="0" timestamp="2019-06-16T23:11:29.813" intervalms="21.768" />
<gc-start id="222" type="partial gc" contextid="221" timestamp="2019-06-16T23:11:29.814">
  <mem-info id="223" free="0" total="29360128" percent="0">
    <mem type="eden" free="0" total="10485760" percent="0" />
    <arraylet-primitive objects="2" leaves="2" largest="1" />
    <remembered-set count="8096" freebytes="1139584" totalbytes="1171968" percent="97" regionsoverflowed="0" regionsstable="0" regionsrebuilding="0"/>
  </mem-info>
</gc-start>
<allocation-stats totalBytes="10484440" >
  <allocated-bytes non-tlh="0" tlh="10484440" arrayletleaf="0"/>
  <largest-consumer threadName="Thread-8" threadId="0000000001CFC900" bytes="5459384" />
</allocation-stats>
<gc-op id="224" type="mark" timems="1.452" contextid="221" timestamp="2019-06-16T23:11:29.816">
  <trace-info objectcount="18920" scancount="18920" scanbytes="867508" />
  <cardclean-info objects="1918" bytes="92752" />
  <remembered-set-cleared processed="6352" cleared="222" durationms="0.129" />
  <stringconstants candidates="4597" cleared="0"  />
  <warning details="Mark invoked due to insufficient free space for Copy-Forward" />
</gc-op>
<gc-op id="225" type="classunload" timems="0.002" contextid="221" timestamp="2019-06-16T23:11:29.816">
  <classunload-info classloadercandidates="8" classloadersunloaded="0" classesunloaded="0" anonymousclassesunloaded="0" quiescems="0.000" setupms="0.002" scanms="0.000" postms="0.000" />
</gc-op>
<gc-op id="226" type="sweep" timems="0.387" contextid="221" timestamp="2019-06-16T23:11:29.816" />
<gc-op id="227" type="compact" timems="1.689" contextid="221" timestamp="2019-06-16T23:11:29.818">
  <compact-info movecount="14073" movebytes="629080" />
  <remembered-set-cleared processed="12823" cleared="560" durationms="0.129" />
</gc-op>
<heap-resize id="228" type="expand" space="default" amount="1048576" count="1" timems="0.057" reason="insufficient free space following gc" timestamp="2019-06-16T23:11:29.819" />
<gc-end id="229" type="partial gc" contextid="221" durationms="5.193" usertimems="8.000" systemtimems="0.000" timestamp="2019-06-16T23:11:29.819" activeThreads="4">
  <mem-info id="230" free="10485760" total="30408704" percent="34">
    <mem type="eden" free="726264" total="1048576" percent="69" />
    <arraylet-primitive objects="2" leaves="2" largest="1" />
    <remembered-set count="8992" freebytes="1177856" totalbytes="1213824" percent="97" regionsoverflowed="0" regionsstable="0" regionsrebuilding="0"/>
  </mem-info>
</gc-end>
<cycle-end id="231" type="partial gc" contextid="221" timestamp="2019-06-16T23:11:29.819" />
  <attribute name="elasticGC enabled" value="1" />
  <attribute name= "numThreadsSpecified" value="4" />
  <attribute name="heapSize specified" value="0" />
  <attribute name="Current GC Util" value="31" />
  <attribute name= "Current Time Running" value="1040" />
  <attribute name ="GC Interval" value="0" />
  <attribute name="ProportionalT" value="11.000000" />
  <attribute name="ProportionalI" value="11.000000" />
  <attribute name="ProportionalH" value="11.000000" />
  <attribute name="Current Error" value="11.000000" />
  <attribute name="IntegralT" value="11.000000" />
  <attribute name="IntegralI" value="11.000000" />
  <attribute name="IntegralH" value="11.000000" />
  <attribute name="DerivativeT" value="5.500000" />
  <attribute name="DerivativeI" value="5.500000" />
  <attribute name="DerivativeH" value="5.500000" />
  <attribute name="Loop Time for DT" value="1.000000" />
  <attribute name="Output H" value="8388608"/>
  <attribute name="Output I" value="200"/>
  <attribute name="Output T" value="4"/>
  <attribute name="Target GC Util Change" value ="20.000000" />
  <attribute name="Current GC Util Change" value="31.000000"/>
  <attribute name="GC Util currently" value="31" />
  <attribute name="CPU Util currently" value="6989468124524" />
<exclusive-end id="232" timestamp="2019-06-16T23:11:29.819" durationms="6.313" />

<exclusive-start id="233" timestamp="2019-06-16T23:11:29.828" intervalms="15.012">
  <response-info timems="0.026" idlems="0.026" threads="0" lastid="0000000001CFC900" lastname="Thread-8" />
</exclusive-start>
<allocation-taxation id="234" taxation-threshold="10485760" timestamp="2019-06-16T23:11:29.828" intervalms="14.997" />
<cycle-start id="235" type="partial gc" contextid="0" timestamp="2019-06-16T23:11:29.828" intervalms="14.967" />
<gc-start id="236" type="partial gc" contextid="235" timestamp="2019-06-16T23:11:29.828">
  <mem-info id="237" free="0" total="30408704" percent="0">
    <mem type="eden" free="0" total="10485760" percent="0" />
    <arraylet-primitive objects="2" leaves="2" largest="1" />
    <remembered-set count="8800" freebytes="1178624" totalbytes="1213824" percent="97" regionsoverflowed="0" regionsstable="0" regionsrebuilding="0"/>
  </mem-info>
</gc-start>
<allocation-stats totalBytes="10484120" >
  <allocated-bytes non-tlh="0" tlh="10484120" arrayletleaf="0"/>
  <largest-consumer threadName="Thread-8" threadId="0000000001CFC900" bytes="3538448" />
</allocation-stats>
<gc-op id="238" type="mark" timems="1.349" contextid="235" timestamp="2019-06-16T23:11:29.830">
  <trace-info objectcount="11851" scancount="11851" scanbytes="423396" />
  <cardclean-info objects="7226" bytes="347152" />
  <remembered-set-cleared processed="6602" cleared="328" durationms="0.109" />
  <stringconstants candidates="4597" cleared="0"  />
  <warning details="Mark invoked due to insufficient free space for Copy-Forward" />
</gc-op>
<gc-op id="239" type="classunload" timems="0.002" contextid="235" timestamp="2019-06-16T23:11:29.831">
  <classunload-info classloadercandidates="8" classloadersunloaded="0" classesunloaded="0" anonymousclassesunloaded="0" quiescems="0.000" setupms="0.002" scanms="0.000" postms="0.000" />
</gc-op>
<gc-op id="240" type="sweep" timems="0.354" contextid="235" timestamp="2019-06-16T23:11:29.831" />
<gc-op id="241" type="compact" timems="1.720" contextid="235" timestamp="2019-06-16T23:11:29.833">
  <compact-info movecount="11777" movebytes="421624" />
  <remembered-set-cleared processed="13320" cleared="764" durationms="0.109" />
</gc-op>
<heap-resize id="242" type="expand" space="default" amount="2097152" count="1" timems="0.070" reason="insufficient free space following gc" timestamp="2019-06-16T23:11:29.833" />
<gc-end id="243" type="partial gc" contextid="235" durationms="5.191" usertimems="8.000" systemtimems="0.000" timestamp="2019-06-16T23:11:29.834" activeThreads="4">
  <mem-info id="244" free="11534336" total="32505856" percent="35">
    <mem type="eden" free="942648" total="1048576" percent="89" />
    <arraylet-primitive objects="2" leaves="2" largest="1" />
    <remembered-set count="9216" freebytes="1260672" totalbytes="1297536" percent="97" regionsoverflowed="0" regionsstable="0" regionsrebuilding="0"/>
  </mem-info>
</gc-end>
<cycle-end id="245" type="partial gc" contextid="235" timestamp="2019-06-16T23:11:29.834" />
  <attribute name="elasticGC enabled" value="1" />
  <attribute name= "numThreadsSpecified" value="4" />
  <attribute name="heapSize specified" value="0" />
  <attribute name="Current GC Util" value="28" />
  <attribute name= "Current Time Running" value="1054" />
  <attribute name ="GC Interval" value="0" />
  <attribute name="ProportionalT" value="8.000000" />
  <attribute name="ProportionalI" value="8.000000" />
  <attribute name="ProportionalH" value="8.000000" />
  <attribute name="Current Error" value="8.000000" />
  <attribute name="IntegralT" value="0.000000" />
  <attribute name="IntegralI" value="0.000000" />
  <attribute name="IntegralH" value="0.000000" />
  <attribute name="DerivativeT" value="-inf" />
  <attribute name="DerivativeI" value="-inf" />
  <attribute name="DerivativeH" value="-inf" />
  <attribute name="Loop Time for DT" value="0.000000" />
  <attribute name="Output H" value="2091843584"/>
  <attribute name="Output I" value="200"/>
  <attribute name="Output T" value="4"/>
  <attribute name="Target GC Util Change" value ="20.000000" />
  <attribute name="Current GC Util Change" value="28.000000"/>
  <attribute name="GC Util currently" value="28" />
  <attribute name="CPU Util currently" value="7593240067271" />
<exclusive-end id="246" timestamp="2019-06-16T23:11:29.834" durationms="6.134" />

<exclusive-start id="247" timestamp="2019-06-16T23:11:29.846" intervalms="18.321">
  <response-info timems="0.054" idlems="0.029" threads="1" lastid="0000000001CF8D00" lastname="Thread-10" />
</exclusive-start>
<allocation-taxation id="248" taxation-threshold="11534336" timestamp="2019-06-16T23:11:29.846" intervalms="18.347" />
<cycle-start id="249" type="partial gc" contextid="0" timestamp="2019-06-16T23:11:29.847" intervalms="18.379" />
<gc-start id="250" type="partial gc" contextid="249" timestamp="2019-06-16T23:11:29.847">
  <mem-info id="251" free="0" total="32505856" percent="0">
    <mem type="eden" free="0" total="11534336" percent="0" />
    <arraylet-primitive objects="2" leaves="2" largest="1" />
    <remembered-set count="9120" freebytes="1261056" totalbytes="1297536" percent="97" regionsoverflowed="0" regionsstable="0" regionsrebuilding="0"/>
  </mem-info>
</gc-start>
<allocation-stats totalBytes="11532712" >
  <allocated-bytes non-tlh="0" tlh="11532712" arrayletleaf="0"/>
  <largest-consumer threadName="Thread-8" threadId="0000000001CFC900" bytes="3386920" />
</allocation-stats>
<gc-op id="252" type="mark" timems="1.182" contextid="249" timestamp="2019-06-16T23:11:29.849">
  <trace-info objectcount="14708" scancount="14708" scanbytes="491724" />
  <cardclean-info objects="10701" bytes="518840" />
  <remembered-set-cleared processed="7085" cleared="491" durationms="0.097" />
  <stringconstants candidates="4597" cleared="0"  />
  <warning details="Mark invoked due to insufficient free space for Copy-Forward" />
</gc-op>
<gc-op id="253" type="classunload" timems="0.002" contextid="249" timestamp="2019-06-16T23:11:29.849">
  <classunload-info classloadercandidates="8" classloadersunloaded="0" classesunloaded="0" anonymousclassesunloaded="0" quiescems="0.000" setupms="0.002" scanms="0.000" postms="0.000" />
</gc-op>
<gc-op id="254" type="sweep" timems="0.345" contextid="249" timestamp="2019-06-16T23:11:29.849" />
<gc-op id="255" type="compact" timems="1.495" contextid="249" timestamp="2019-06-16T23:11:29.851">
  <compact-info movecount="14049" movebytes="475912" />
  <remembered-set-cleared processed="14297" cleared="1103" durationms="0.097" />
</gc-op>
<heap-resize id="256" type="expand" space="default" amount="1048576" count="1" timems="0.054" reason="insufficient free space following gc" timestamp="2019-06-16T23:11:29.851" />
<gc-end id="257" type="partial gc" contextid="249" durationms="4.731" usertimems="8.000" systemtimems="0.000" timestamp="2019-06-16T23:11:29.852" activeThreads="4">
  <mem-info id="258" free="11534336" total="33554432" percent="34">
    <mem type="eden" free="653784" total="1048576" percent="62" />
    <arraylet-primitive objects="2" leaves="2" largest="1" />
    <remembered-set count="10688" freebytes="1296640" totalbytes="1339392" percent="96" regionsoverflowed="0" regionsstable="0" regionsrebuilding="0"/>
  </mem-info>
</gc-end>
<cycle-end id="259" type="partial gc" contextid="249" timestamp="2019-06-16T23:11:29.852" />
  <attribute name="elasticGC enabled" value="1" />
  <attribute name= "numThreadsSpecified" value="4" />
  <attribute name="heapSize specified" value="0" />
  <attribute name="Current GC Util" value="29" />
  <attribute name= "Current Time Running" value="1073" />
  <attribute name ="GC Interval" value="0" />
  <attribute name="ProportionalT" value="9.000000" />
  <attribute name="ProportionalI" value="9.000000" />
  <attribute name="ProportionalH" value="9.000000" />
  <attribute name="Current Error" value="9.000000" />
  <attribute name="IntegralT" value="9.000000" />
  <attribute name="IntegralI" value="9.000000" />
  <attribute name="IntegralH" value="9.000000" />
  <attribute name="DerivativeT" value="-40.500000" />
  <attribute name="DerivativeI" value="-40.500000" />
  <attribute name="DerivativeH" value="-40.500000" />
  <attribute name="Loop Time for DT" value="1.000000" />
  <attribute name="Output H" value="2091843584"/>
  <attribute name="Output I" value="200"/>
  <attribute name="Output T" value="4"/>
  <attribute name="Target GC Util Change" value ="20.000000" />
  <attribute name="Current GC Util Change" value="29.000000"/>
  <attribute name="GC Util currently" value="29" />
  <attribute name="CPU Util currently" value="7460995388369" />
<exclusive-end id="260" timestamp="2019-06-16T23:11:29.852" durationms="5.825" />

<exclusive-start id="261" timestamp="2019-06-16T23:11:29.864" intervalms="17.804">
  <response-info timems="0.197" idlems="0.182" threads="1" lastid="0000000001CF8D00" lastname="Thread-10" />
</exclusive-start>
<allocation-taxation id="262" taxation-threshold="11534336" timestamp="2019-06-16T23:11:29.864" intervalms="17.781" />
<cycle-start id="263" type="partial gc" contextid="0" timestamp="2019-06-16T23:11:29.864" intervalms="17.739" />
<gc-start id="264" type="partial gc" contextid="263" timestamp="2019-06-16T23:11:29.865">
  <mem-info id="265" free="0" total="33554432" percent="0">
    <mem type="eden" free="0" total="11534336" percent="0" />
    <arraylet-primitive objects="2" leaves="2" largest="1" />
    <remembered-set count="10400" freebytes="1297792" totalbytes="1339392" percent="96" regionsoverflowed="0" regionsstable="0" regionsrebuilding="0"/>
  </mem-info>
</gc-start>
<allocation-stats totalBytes="11532568" >
  <allocated-bytes non-tlh="0" tlh="11532568" arrayletleaf="0"/>
  <largest-consumer threadName="Thread-8" threadId="0000000001CFC900" bytes="5025120" />
</allocation-stats>
<gc-op id="266" type="mark" timems="1.817" contextid="263" timestamp="2019-06-16T23:11:29.867">
  <trace-info objectcount="22750" scancount="22750" scanbytes="852076" />
  <cardclean-info objects="9427" bytes="464192" />
  <remembered-set-cleared processed="7876" cleared="721" durationms="0.154" />
  <stringconstants candidates="4597" cleared="0"  />
  <warning details="Mark invoked due to insufficient free space for Copy-Forward" />
</gc-op>
<gc-op id="267" type="classunload" timems="0.002" contextid="263" timestamp="2019-06-16T23:11:29.867">
  <classunload-info classloadercandidates="8" classloadersunloaded="0" classesunloaded="0" anonymousclassesunloaded="0" quiescems="0.000" setupms="0.002" scanms="0.000" postms="0.000" />
</gc-op>
<gc-op id="268" type="sweep" timems="0.392" contextid="263" timestamp="2019-06-16T23:11:29.868" />
<gc-op id="269" type="compact" timems="1.710" contextid="263" timestamp="2019-06-16T23:11:29.870">
  <compact-info movecount="16620" movebytes="682912" />
  <remembered-set-cleared processed="15925" cleared="1608" durationms="0.154" />
</gc-op>
<heap-resize id="270" type="expand" space="default" amount="1048576" count="1" timems="0.066" reason="insufficient free space following gc" timestamp="2019-06-16T23:11:29.870" />
<gc-end id="271" type="partial gc" contextid="263" durationms="5.526" usertimems="12.000" systemtimems="0.000" timestamp="2019-06-16T23:11:29.870" activeThreads="4">
  <mem-info id="272" free="11534336" total="34603008" percent="33">
    <mem type="eden" free="583872" total="1048576" percent="55" />
    <arraylet-primitive objects="2" leaves="2" largest="1" />
    <remembered-set count="11360" freebytes="1335808" totalbytes="1381248" percent="96" regionsoverflowed="0" regionsstable="0" regionsrebuilding="0"/>
  </mem-info>
</gc-end>
<cycle-end id="273" type="partial gc" contextid="263" timestamp="2019-06-16T23:11:29.870" />
  <attribute name="elasticGC enabled" value="1" />
  <attribute name= "numThreadsSpecified" value="4" />
  <attribute name="heapSize specified" value="0" />
  <attribute name="Current GC Util" value="28" />
  <attribute name= "Current Time Running" value="1091" />
  <attribute name ="GC Interval" value="0" />
  <attribute name="ProportionalT" value="8.000000" />
  <attribute name="ProportionalI" value="8.000000" />
  <attribute name="ProportionalH" value="8.000000" />
  <attribute name="Current Error" value="8.000000" />
  <attribute name="IntegralT" value="8.000000" />
  <attribute name="IntegralI" value="8.000000" />
  <attribute name="IntegralH" value="8.000000" />
  <attribute name="DerivativeT" value="4.000000" />
  <attribute name="DerivativeI" value="4.000000" />
  <attribute name="DerivativeH" value="4.000000" />
  <attribute name="Loop Time for DT" value="1.000000" />
  <attribute name="Output H" value="8388608"/>
  <attribute name="Output I" value="200"/>
  <attribute name="Output T" value="4"/>
  <attribute name="Target GC Util Change" value ="20.000000" />
  <attribute name="Current GC Util Change" value="28.000000"/>
  <attribute name="GC Util currently" value="28" />
  <attribute name="CPU Util currently" value="6932416387632" />
<exclusive-end id="274" timestamp="2019-06-16T23:11:29.870" durationms="6.426" />

<exclusive-start id="275" timestamp="2019-06-16T23:11:29.880" intervalms="16.327">
  <response-info timems="0.034" idlems="0.034" threads="0" lastid="0000000001D00500" lastname="Thread-7" />
</exclusive-start>
<allocation-taxation id="276" taxation-threshold="11534336" timestamp="2019-06-16T23:11:29.880" intervalms="16.302" />
<cycle-start id="277" type="partial gc" contextid="0" timestamp="2019-06-16T23:11:29.881" intervalms="16.299" />
<gc-start id="278" type="partial gc" contextid="277" timestamp="2019-06-16T23:11:29.881">
  <mem-info id="279" free="0" total="34603008" percent="0">
    <mem type="eden" free="0" total="11534336" percent="0" />
    <arraylet-primitive objects="2" leaves="2" largest="1" />
    <remembered-set count="11264" freebytes="1336192" totalbytes="1381248" percent="96" regionsoverflowed="0" regionsstable="0" regionsrebuilding="0"/>
  </mem-info>
</gc-start>
<allocation-stats totalBytes="11532784" >
  <allocated-bytes non-tlh="0" tlh="11532784" arrayletleaf="0"/>
  <largest-consumer threadName="Thread-8" threadId="0000000001CFC900" bytes="3989040" />
</allocation-stats>
<gc-op id="280" type="mark" timems="1.174" contextid="277" timestamp="2019-06-16T23:11:29.883">
  <trace-info objectcount="21631" scancount="21631" scanbytes="795048" />
  <cardclean-info objects="9531" bytes="469976" />
  <remembered-set-cleared processed="8750" cleared="537" durationms="0.096" />
  <stringconstants candidates="4597" cleared="0"  />
  <warning details="Mark invoked due to insufficient free space for Copy-Forward" />
</gc-op>
<gc-op id="281" type="classunload" timems="0.002" contextid="277" timestamp="2019-06-16T23:11:29.883">
  <classunload-info classloadercandidates="8" classloadersunloaded="0" classesunloaded="0" anonymousclassesunloaded="0" quiescems="0.000" setupms="0.002" scanms="0.000" postms="0.000" />
</gc-op>
<gc-op id="282" type="sweep" timems="0.366" contextid="277" timestamp="2019-06-16T23:11:29.883" />
<gc-op id="283" type="compact" timems="1.663" contextid="277" timestamp="2019-06-16T23:11:29.885">
  <compact-info movecount="18214" movebytes="712736" />
  <remembered-set-cleared processed="17643" cleared="1209" durationms="0.096" />
</gc-op>
<heap-resize id="284" type="expand" space="default" amount="2097152" count="1" timems="0.069" reason="insufficient free space following gc" timestamp="2019-06-16T23:11:29.886" />
<gc-end id="285" type="partial gc" contextid="277" durationms="4.856" usertimems="12.000" systemtimems="0.000" timestamp="2019-06-16T23:11:29.886" activeThreads="4">
  <mem-info id="286" free="12582912" total="36700160" percent="34">
    <mem type="eden" free="711536" total="1048576" percent="67" />
    <arraylet-primitive objects="2" leaves="2" largest="1" />
    <remembered-set count="12480" freebytes="1415040" totalbytes="1464960" percent="96" regionsoverflowed="0" regionsstable="0" regionsrebuilding="0"/>
  </mem-info>
</gc-end>
<cycle-end id="287" type="partial gc" contextid="277" timestamp="2019-06-16T23:11:29.886" />
  <attribute name="elasticGC enabled" value="1" />
  <attribute name= "numThreadsSpecified" value="4" />
  <attribute name="heapSize specified" value="0" />
  <attribute name="Current GC Util" value="25" />
  <attribute name= "Current Time Running" value="1106" />
  <attribute name ="GC Interval" value="0" />
  <attribute name="ProportionalT" value="5.000000" />
  <attribute name="ProportionalI" value="5.000000" />
  <attribute name="ProportionalH" value="5.000000" />
  <attribute name="Current Error" value="5.000000" />
  <attribute name="IntegralT" value="0.000000" />
  <attribute name="IntegralI" value="0.000000" />
  <attribute name="IntegralH" value="0.000000" />
  <attribute name="DerivativeT" value="-inf" />
  <attribute name="DerivativeI" value="-inf" />
  <attribute name="DerivativeH" value="-inf" />
  <attribute name="Loop Time for DT" value="0.000000" />
  <attribute name="Output H" value="2091843584"/>
  <attribute name="Output I" value="200"/>
  <attribute name="Output T" value="4"/>
  <attribute name="Target GC Util Change" value ="20.000000" />
  <attribute name="Current GC Util Change" value="25.000000"/>
  <attribute name="GC Util currently" value="25" />
  <attribute name="CPU Util currently" value="7220018936074" />
<exclusive-end id="288" timestamp="2019-06-16T23:11:29.886" durationms="5.744" />

<exclusive-start id="289" timestamp="2019-06-16T23:11:29.898" intervalms="17.586">
  <response-info timems="0.031" idlems="0.031" threads="0" lastid="0000000001CFC900" lastname="Thread-8" />
</exclusive-start>
<allocation-taxation id="290" taxation-threshold="12582912" timestamp="2019-06-16T23:11:29.898" intervalms="17.611" />
<cycle-start id="291" type="partial gc" contextid="0" timestamp="2019-06-16T23:11:29.898" intervalms="17.571" />
<gc-start id="292" type="partial gc" contextid="291" timestamp="2019-06-16T23:11:29.898">
  <mem-info id="293" free="0" total="36700160" percent="0">
    <mem type="eden" free="0" total="12582912" percent="0" />
    <arraylet-primitive objects="2" leaves="2" largest="1" />
    <remembered-set count="12256" freebytes="1415936" totalbytes="1464960" percent="96" regionsoverflowed="0" regionsstable="0" regionsrebuilding="0"/>
  </mem-info>
</gc-start>
<allocation-stats totalBytes="12581120" >
  <allocated-bytes non-tlh="0" tlh="12581120" arrayletleaf="0"/>
  <largest-consumer threadName="Thread-7" threadId="0000000001D00500" bytes="4746632" />
</allocation-stats>
<gc-op id="294" type="mark" timems="1.692" contextid="291" timestamp="2019-06-16T23:11:29.901">
  <trace-info objectcount="23238" scancount="23238" scanbytes="943948" />
  <cardclean-info objects="6678" bytes="345104" />
  <remembered-set-cleared processed="9606" cleared="456" durationms="0.145" />
  <stringconstants candidates="4597" cleared="0"  />
  <warning details="Mark invoked due to insufficient free space for Copy-Forward" />
</gc-op>
<gc-op id="295" type="classunload" timems="0.003" contextid="291" timestamp="2019-06-16T23:11:29.901">
  <classunload-info classloadercandidates="8" classloadersunloaded="0" classesunloaded="0" anonymousclassesunloaded="0" quiescems="0.000" setupms="0.003" scanms="0.000" postms="0.000" />
</gc-op>
<gc-op id="296" type="sweep" timems="0.378" contextid="291" timestamp="2019-06-16T23:11:29.901" />
<gc-op id="297" type="compact" timems="2.997" contextid="291" timestamp="2019-06-16T23:11:29.904">
  <compact-info movecount="22567" movebytes="925192" />
  <remembered-set-cleared processed="19351" cleared="1045" durationms="0.145" />
</gc-op>
<heap-resize id="298" type="expand" space="default" amount="1048576" count="1" timems="0.053" reason="insufficient free space following gc" timestamp="2019-06-16T23:11:29.905" />
<gc-end id="299" type="partial gc" contextid="291" durationms="6.553" usertimems="12.000" systemtimems="0.000" timestamp="2019-06-16T23:11:29.905" activeThreads="1">
  <mem-info id="300" free="12582912" total="37748736" percent="33">
    <mem type="eden" free="437640" total="1048576" percent="41" />
    <arraylet-primitive objects="2" leaves="2" largest="1" />
    <remembered-set count="13120" freebytes="1454336" totalbytes="1506816" percent="96" regionsoverflowed="0" regionsstable="0" regionsrebuilding="0"/>
  </mem-info>
</gc-end>
<cycle-end id="301" type="partial gc" contextid="291" timestamp="2019-06-16T23:11:29.905" />
  <attribute name="elasticGC enabled" value="1" />
  <attribute name= "numThreadsSpecified" value="1" />
  <attribute name="heapSize specified" value="0" />
  <attribute name="Current GC Util" value="29" />
  <attribute name= "Current Time Running" value="1124" />
  <attribute name ="GC Interval" value="0" />
  <attribute name="ProportionalT" value="9.000000" />
  <attribute name="ProportionalI" value="9.000000" />
  <attribute name="ProportionalH" value="9.000000" />
  <attribute name="Current Error" value="9.000000" />
  <attribute name="IntegralT" value="0.000000" />
  <attribute name="IntegralI" value="0.000000" />
  <attribute name="IntegralH" value="0.000000" />
  <attribute name="DerivativeT" value="inf" />
  <attribute name="DerivativeI" value="inf" />
  <attribute name="DerivativeH" value="inf" />
  <attribute name="Loop Time for DT" value="0.000000" />
  <attribute name="Output H" value="8388608"/>
  <attribute name="Output I" value="200"/>
  <attribute name="Output T" value="1"/>
  <attribute name="Target GC Util Change" value ="20.000000" />
  <attribute name="Current GC Util Change" value="29.000000"/>
  <attribute name="GC Util currently" value="29" />
  <attribute name="CPU Util currently" value="7418281574479" />
<exclusive-end id="302" timestamp="2019-06-16T23:11:29.905" durationms="7.366" />

<exclusive-start id="303" timestamp="2019-06-16T23:11:29.916" intervalms="17.568">
  <response-info timems="0.037" idlems="0.037" threads="0" lastid="0000000001D00500" lastname="Thread-7" />
</exclusive-start>
<allocation-taxation id="304" taxation-threshold="12582912" timestamp="2019-06-16T23:11:29.916" intervalms="17.564" />
<cycle-start id="305" type="partial gc" contextid="0" timestamp="2019-06-16T23:11:29.916" intervalms="17.608" />
<gc-start id="306" type="partial gc" contextid="305" timestamp="2019-06-16T23:11:29.916">
  <mem-info id="307" free="0" total="37748736" percent="0">
    <mem type="eden" free="0" total="12582912" percent="0" />
    <arraylet-primitive objects="2" leaves="2" largest="1" />
    <remembered-set count="12640" freebytes="1456256" totalbytes="1506816" percent="96" regionsoverflowed="0" regionsstable="0" regionsrebuilding="0"/>
  </mem-info>
</gc-start>
<allocation-stats totalBytes="12581144" >
  <allocated-bytes non-tlh="0" tlh="12581144" arrayletleaf="0"/>
  <largest-consumer threadName="Thread-8" threadId="0000000001CFC900" bytes="4234672" />
</allocation-stats>
<gc-op id="308" type="mark" timems="1.367" contextid="305" timestamp="2019-06-16T23:11:29.918">
  <trace-info objectcount="16358" scancount="16358" scanbytes="668712" />
  <cardclean-info objects="5288" bytes="262112" />
  <remembered-set-cleared processed="10361" cleared="392" durationms="0.149" />
  <stringconstants candidates="4597" cleared="0"  />
  <warning details="Mark invoked due to insufficient free space for Copy-Forward" />
</gc-op>
<gc-op id="309" type="classunload" timems="0.002" contextid="305" timestamp="2019-06-16T23:11:29.918">
  <classunload-info classloadercandidates="8" classloadersunloaded="0" classesunloaded="0" anonymousclassesunloaded="0" quiescems="0.000" setupms="0.002" scanms="0.000" postms="0.000" />
</gc-op>
<gc-op id="310" type="sweep" timems="0.371" contextid="305" timestamp="2019-06-16T23:11:29.918" />
<gc-op id="311" type="compact" timems="1.868" contextid="305" timestamp="2019-06-16T23:11:29.921">
  <compact-info movecount="16170" movebytes="664208" />
  <remembered-set-cleared processed="20842" cleared="898" durationms="0.149" />
</gc-op>
<heap-resize id="312" type="expand" space="default" amount="2097152" count="1" timems="0.072" reason="insufficient free space following gc" timestamp="2019-06-16T23:11:29.921" />
<gc-end id="313" type="partial gc" contextid="305" durationms="5.156" usertimems="8.000" systemtimems="0.000" timestamp="2019-06-16T23:11:29.921" activeThreads="4">
  <mem-info id="314" free="13631488" total="39845888" percent="34">
    <mem type="eden" free="981752" total="1048576" percent="93" />
    <arraylet-primitive objects="2" leaves="2" largest="1" />
    <remembered-set count="13696" freebytes="1535744" totalbytes="1590528" percent="96" regionsoverflowed="0" regionsstable="0" regionsrebuilding="0"/>
  </mem-info>
</gc-end>
<cycle-end id="315" type="partial gc" contextid="305" timestamp="2019-06-16T23:11:29.921" />
  <attribute name="elasticGC enabled" value="1" />
  <attribute name= "numThreadsSpecified" value="4" />
  <attribute name="heapSize specified" value="0" />
  <attribute name="Current GC Util" value="32" />
  <attribute name= "Current Time Running" value="1142" />
  <attribute name ="GC Interval" value="0" />
  <attribute name="ProportionalT" value="12.000000" />
  <attribute name="ProportionalI" value="12.000000" />
  <attribute name="ProportionalH" value="12.000000" />
  <attribute name="Current Error" value="12.000000" />
  <attribute name="IntegralT" value="12.000000" />
  <attribute name="IntegralI" value="12.000000" />
  <attribute name="IntegralH" value="12.000000" />
  <attribute name="DerivativeT" value="6.000000" />
  <attribute name="DerivativeI" value="6.000000" />
  <attribute name="DerivativeH" value="6.000000" />
  <attribute name="Loop Time for DT" value="1.000000" />
  <attribute name="Output H" value="8388608"/>
  <attribute name="Output I" value="200"/>
  <attribute name="Output T" value="4"/>
  <attribute name="Target GC Util Change" value ="20.000000" />
  <attribute name="Current GC Util Change" value="32.000000"/>
  <attribute name="GC Util currently" value="32" />
  <attribute name="CPU Util currently" value="7469539171331" />
<exclusive-end id="316" timestamp="2019-06-16T23:11:29.922" durationms="6.079" />

<exclusive-start id="317" timestamp="2019-06-16T23:11:29.932" intervalms="16.803">
  <response-info timems="0.030" idlems="0.030" threads="0" lastid="0000000001D00500" lastname="Thread-7" />
</exclusive-start>
<allocation-taxation id="318" taxation-threshold="13631488" timestamp="2019-06-16T23:11:29.932" intervalms="16.798" />
<cycle-start id="319" type="partial gc" contextid="0" timestamp="2019-06-16T23:11:29.933" intervalms="16.802" />
<gc-start id="320" type="partial gc" contextid="319" timestamp="2019-06-16T23:11:29.933">
  <mem-info id="321" free="0" total="39845888" percent="0">
    <mem type="eden" free="0" total="13631488" percent="0" />
    <arraylet-primitive objects="2" leaves="2" largest="1" />
    <remembered-set count="13312" freebytes="1537280" totalbytes="1590528" percent="96" regionsoverflowed="0" regionsstable="0" regionsrebuilding="0"/>
  </mem-info>
</gc-start>
<allocation-stats totalBytes="13629560" >
  <allocated-bytes non-tlh="0" tlh="13629560" arrayletleaf="0"/>
  <largest-consumer threadName="Thread-8" threadId="0000000001CFC900" bytes="4566400" />
</allocation-stats>
<gc-op id="322" type="mark" timems="1.070" contextid="319" timestamp="2019-06-16T23:11:29.935">
  <trace-info objectcount="4213" scancount="4213" scanbytes="102080" />
  <cardclean-info objects="6364" bytes="306152" />
  <remembered-set-cleared processed="10847" cleared="371" durationms="0.153" />
  <stringconstants candidates="4597" cleared="0"  />
  <warning details="Mark invoked due to insufficient free space for Copy-Forward" />
</gc-op>
<gc-op id="323" type="classunload" timems="0.002" contextid="319" timestamp="2019-06-16T23:11:29.935">
  <classunload-info classloadercandidates="8" classloadersunloaded="0" classesunloaded="0" anonymousclassesunloaded="0" quiescems="0.000" setupms="0.002" scanms="0.000" postms="0.000" />
</gc-op>
<gc-op id="324" type="sweep" timems="0.386" contextid="319" timestamp="2019-06-16T23:11:29.935" />
<gc-op id="325" type="compact" timems="1.508" contextid="319" timestamp="2019-06-16T23:11:29.937">
  <compact-info movecount="3748" movebytes="90920" />
  <remembered-set-cleared processed="21810" cleared="851" durationms="0.153" />
</gc-op>
<heap-resize id="326" type="expand" space="default" amount="1048576" count="1" timems="0.054" reason="insufficient free space following gc" timestamp="2019-06-16T23:11:29.937" />
<gc-end id="327" type="partial gc" contextid="319" durationms="4.550" usertimems="8.000" systemtimems="0.000" timestamp="2019-06-16T23:11:29.937" activeThreads="1">
  <mem-info id="328" free="13631488" total="40894464" percent="33">
    <mem type="eden" free="1005488" total="1048576" percent="95" />
    <arraylet-primitive objects="2" leaves="2" largest="1" />
    <remembered-set count="13984" freebytes="1576448" totalbytes="1632384" percent="96" regionsoverflowed="0" regionsstable="0" regionsrebuilding="0"/>
  </mem-info>
</gc-end>
<cycle-end id="329" type="partial gc" contextid="319" timestamp="2019-06-16T23:11:29.938" />
  <attribute name="elasticGC enabled" value="1" />
  <attribute name= "numThreadsSpecified" value="1" />
  <attribute name="heapSize specified" value="0" />
  <attribute name="Current GC Util" value="27" />
  <attribute name= "Current Time Running" value="1158" />
  <attribute name ="GC Interval" value="0" />
  <attribute name="ProportionalT" value="7.000000" />
  <attribute name="ProportionalI" value="7.000000" />
  <attribute name="ProportionalH" value="7.000000" />
  <attribute name="Current Error" value="7.000000" />
  <attribute name="IntegralT" value="0.000000" />
  <attribute name="IntegralI" value="0.000000" />
  <attribute name="IntegralH" value="0.000000" />
  <attribute name="DerivativeT" value="inf" />
  <attribute name="DerivativeI" value="inf" />
  <attribute name="DerivativeH" value="inf" />
  <attribute name="Loop Time for DT" value="0.000000" />
  <attribute name="Output H" value="8388608"/>
  <attribute name="Output I" value="200"/>
  <attribute name="Output T" value="1"/>
  <attribute name="Target GC Util Change" value ="20.000000" />
  <attribute name="Current GC Util Change" value="27.000000"/>
  <attribute name="GC Util currently" value="27" />
  <attribute name="CPU Util currently" value="7307910281345" />
<exclusive-end id="330" timestamp="2019-06-16T23:11:29.938" durationms="5.550" />

<exclusive-start id="331" timestamp="2019-06-16T23:11:29.949" intervalms="16.452">
  <response-info timems="0.034" idlems="0.019" threads="1" lastid="0000000001CF8D00" lastname="Thread-10" />
</exclusive-start>
<allocation-taxation id="332" taxation-threshold="13631488" timestamp="2019-06-16T23:11:29.949" intervalms="16.477" />
<cycle-start id="333" type="partial gc" contextid="0" timestamp="2019-06-16T23:11:29.949" intervalms="16.506" />
<gc-start id="334" type="partial gc" contextid="333" timestamp="2019-06-16T23:11:29.949">
  <mem-info id="335" free="0" total="40894464" percent="0">
    <mem type="eden" free="0" total="13631488" percent="0" />
    <arraylet-primitive objects="2" leaves="2" largest="1" />
    <remembered-set count="13824" freebytes="1577088" totalbytes="1632384" percent="96" regionsoverflowed="0" regionsstable="0" regionsrebuilding="0"/>
  </mem-info>
</gc-start>
<allocation-stats totalBytes="13629640" >
  <allocated-bytes non-tlh="0" tlh="13629640" arrayletleaf="0"/>
  <largest-consumer threadName="Thread-8" threadId="0000000001CFC900" bytes="4517360" />
</allocation-stats>
<gc-op id="336" type="mark" timems="1.051" contextid="333" timestamp="2019-06-16T23:11:29.951">
  <trace-info objectcount="3610" scancount="3610" scanbytes="88096" />
  <cardclean-info objects="5731" bytes="274808" />
  <remembered-set-cleared processed="11448" cleared="497" durationms="0.161" />
  <stringconstants candidates="4597" cleared="0"  />
  <warning details="Mark invoked due to insufficient free space for Copy-Forward" />
</gc-op>
<gc-op id="337" type="classunload" timems="0.002" contextid="333" timestamp="2019-06-16T23:11:29.951">
  <classunload-info classloadercandidates="8" classloadersunloaded="0" classesunloaded="0" anonymousclassesunloaded="0" quiescems="0.000" setupms="0.002" scanms="0.000" postms="0.000" />
</gc-op>
<gc-op id="338" type="sweep" timems="0.361" contextid="333" timestamp="2019-06-16T23:11:29.952" />
<gc-op id="339" type="compact" timems="1.060" contextid="333" timestamp="2019-06-16T23:11:29.953">
  <compact-info movecount="3508" movebytes="85648" />
  <remembered-set-cleared processed="22995" cleared="1086" durationms="0.161" />
</gc-op>
<heap-resize id="340" type="expand" space="default" amount="2097152" count="1" timems="0.061" reason="insufficient free space following gc" timestamp="2019-06-16T23:11:29.953" />
<gc-end id="341" type="partial gc" contextid="333" durationms="4.036" usertimems="8.000" systemtimems="0.000" timestamp="2019-06-16T23:11:29.953" activeThreads="4">
  <mem-info id="342" free="14680064" total="42991616" percent="34">
    <mem type="eden" free="998112" total="1048576" percent="95" />
    <arraylet-primitive objects="2" leaves="2" largest="1" />
    <remembered-set count="14304" freebytes="1658880" totalbytes="1716096" percent="96" regionsoverflowed="0" regionsstable="0" regionsrebuilding="0"/>
  </mem-info>
</gc-end>
<cycle-end id="343" type="partial gc" contextid="333" timestamp="2019-06-16T23:11:29.954" />
  <attribute name="elasticGC enabled" value="1" />
  <attribute name= "numThreadsSpecified" value="4" />
  <attribute name="heapSize specified" value="0" />
  <attribute name="Current GC Util" value="31" />
  <attribute name= "Current Time Running" value="1175" />
  <attribute name ="GC Interval" value="0" />
  <attribute name="ProportionalT" value="11.000000" />
  <attribute name="ProportionalI" value="11.000000" />
  <attribute name="ProportionalH" value="11.000000" />
  <attribute name="Current Error" value="11.000000" />
  <attribute name="IntegralT" value="11.000000" />
  <attribute name="IntegralI" value="11.000000" />
  <attribute name="IntegralH" value="11.000000" />
  <attribute name="DerivativeT" value="5.500000" />
  <attribute name="DerivativeI" value="5.500000" />
  <attribute name="DerivativeH" value="5.500000" />
  <attribute name="Loop Time for DT" value="1.000000" />
  <attribute name="Output H" value="8388608"/>
  <attribute name="Output I" value="200"/>
  <attribute name="Output T" value="4"/>
  <attribute name="Target GC Util Change" value ="20.000000" />
  <attribute name="Current GC Util Change" value="31.000000"/>
  <attribute name="GC Util currently" value="31" />
  <attribute name="CPU Util currently" value="7612128098750" />
<exclusive-end id="344" timestamp="2019-06-16T23:11:29.954" durationms="5.047" />

<exclusive-start id="345" timestamp="2019-06-16T23:11:29.965" intervalms="16.643">
  <response-info timems="0.028" idlems="0.028" threads="0" lastid="0000000001D00500" lastname="Thread-7" />
</exclusive-start>
<allocation-taxation id="346" taxation-threshold="14680064" timestamp="2019-06-16T23:11:29.966" intervalms="16.616" />
<cycle-start id="347" type="partial gc" contextid="0" timestamp="2019-06-16T23:11:29.966" intervalms="16.588" />
<gc-start id="348" type="partial gc" contextid="347" timestamp="2019-06-16T23:11:29.966">
  <mem-info id="349" free="0" total="42991616" percent="0">
    <mem type="eden" free="0" total="14680064" percent="0" />
    <arraylet-primitive objects="2" leaves="2" largest="1" />
    <remembered-set count="13888" freebytes="1660544" totalbytes="1716096" percent="96" regionsoverflowed="0" regionsstable="0" regionsrebuilding="0"/>
  </mem-info>
</gc-start>
<allocation-stats totalBytes="14678104" >
  <allocated-bytes non-tlh="0" tlh="14678104" arrayletleaf="0"/>
  <largest-consumer threadName="Thread-8" threadId="0000000001CFC900" bytes="4799792" />
</allocation-stats>
<gc-op id="350" type="mark" timems="1.380" contextid="347" timestamp="2019-06-16T23:11:29.968">
  <trace-info objectcount="6165" scancount="6165" scanbytes="148888" />
  <cardclean-info objects="11008" bytes="533336" />
  <remembered-set-cleared processed="11471" cleared="1422" durationms="0.172" />
  <stringconstants candidates="4597" cleared="0"  />
  <warning details="Mark invoked due to insufficient free space for Copy-Forward" />
</gc-op>
<gc-op id="351" type="classunload" timems="0.002" contextid="347" timestamp="2019-06-16T23:11:29.968">
  <classunload-info classloadercandidates="8" classloadersunloaded="0" classesunloaded="0" anonymousclassesunloaded="0" quiescems="0.000" setupms="0.002" scanms="0.000" postms="0.000" />
</gc-op>
<gc-op id="352" type="sweep" timems="0.405" contextid="347" timestamp="2019-06-16T23:11:29.968" />
<gc-op id="353" type="compact" timems="1.226" contextid="347" timestamp="2019-06-16T23:11:29.970">
  <compact-info movecount="3407" movebytes="82696" />
  <remembered-set-cleared processed="23051" cleared="2948" durationms="0.172" />
</gc-op>
<heap-resize id="354" type="expand" space="default" amount="1048576" count="1" timems="0.057" reason="insufficient free space following gc" timestamp="2019-06-16T23:11:29.970" />
<gc-end id="355" type="partial gc" contextid="347" durationms="4.467" usertimems="8.000" systemtimems="0.000" timestamp="2019-06-16T23:11:29.970" activeThreads="4">
  <mem-info id="356" free="14680064" total="44040192" percent="33">
    <mem type="eden" free="1004064" total="1048576" percent="95" />
    <arraylet-primitive objects="2" leaves="2" largest="1" />
    <remembered-set count="15392" freebytes="1696384" totalbytes="1757952" percent="96" regionsoverflowed="0" regionsstable="0" regionsrebuilding="0"/>
  </mem-info>
</gc-end>
<cycle-end id="357" type="partial gc" contextid="347" timestamp="2019-06-16T23:11:29.971" />
  <attribute name="elasticGC enabled" value="1" />
  <attribute name= "numThreadsSpecified" value="4" />
  <attribute name="heapSize specified" value="0" />
  <attribute name="Current GC Util" value="29" />
  <attribute name= "Current Time Running" value="1192" />
  <attribute name ="GC Interval" value="0" />
  <attribute name="ProportionalT" value="9.000000" />
  <attribute name="ProportionalI" value="9.000000" />
  <attribute name="ProportionalH" value="9.000000" />
  <attribute name="Current Error" value="9.000000" />
  <attribute name="IntegralT" value="9.000000" />
  <attribute name="IntegralI" value="9.000000" />
  <attribute name="IntegralH" value="9.000000" />
  <attribute name="DerivativeT" value="4.500000" />
  <attribute name="DerivativeI" value="4.500000" />
  <attribute name="DerivativeH" value="4.500000" />
  <attribute name="Loop Time for DT" value="1.000000" />
  <attribute name="Output H" value="8388608"/>
  <attribute name="Output I" value="200"/>
  <attribute name="Output T" value="4"/>
  <attribute name="Target GC Util Change" value ="20.000000" />
  <attribute name="Current GC Util Change" value="29.000000"/>
  <attribute name="GC Util currently" value="29" />
  <attribute name="CPU Util currently" value="7096659348630" />
<exclusive-end id="358" timestamp="2019-06-16T23:11:29.971" durationms="5.375" />

<exclusive-start id="359" timestamp="2019-06-16T23:11:29.983" intervalms="17.842">
  <response-info timems="0.042" idlems="0.042" threads="0" lastid="0000000001CFC900" lastname="Thread-8" />
</exclusive-start>
<allocation-taxation id="360" taxation-threshold="14680064" timestamp="2019-06-16T23:11:29.983" intervalms="17.843" />
<cycle-start id="361" type="partial gc" contextid="0" timestamp="2019-06-16T23:11:29.984" intervalms="17.834" />
<gc-start id="362" type="partial gc" contextid="361" timestamp="2019-06-16T23:11:29.984">
  <mem-info id="363" free="0" total="44040192" percent="0">
    <mem type="eden" free="0" total="14680064" percent="0" />
    <arraylet-primitive objects="2" leaves="2" largest="1" />
    <remembered-set count="14976" freebytes="1698048" totalbytes="1757952" percent="96" regionsoverflowed="0" regionsstable="0" regionsrebuilding="0"/>
  </mem-info>
</gc-start>
<allocation-stats totalBytes="14678208" >
  <allocated-bytes non-tlh="0" tlh="14678208" arrayletleaf="0"/>
  <largest-consumer threadName="Thread-8" threadId="0000000001CFC900" bytes="5144056" />
</allocation-stats>
<gc-op id="364" type="mark" timems="1.611" contextid="361" timestamp="2019-06-16T23:11:29.986">
  <trace-info objectcount="13216" scancount="13216" scanbytes="455900" />
  <cardclean-info objects="12302" bytes="594816" />
  <remembered-set-cleared processed="11943" cleared="1475" durationms="0.177" />
  <stringconstants candidates="4597" cleared="0"  />
  <warning details="Mark invoked due to insufficient free space for Copy-Forward" />
</gc-op>
<gc-op id="365" type="classunload" timems="0.002" contextid="361" timestamp="2019-06-16T23:11:29.986">
  <classunload-info classloadercandidates="8" classloadersunloaded="0" classesunloaded="0" anonymousclassesunloaded="0" quiescems="0.000" setupms="0.002" scanms="0.000" postms="0.000" />
</gc-op>
<gc-op id="366" type="sweep" timems="0.338" contextid="361" timestamp="2019-06-16T23:11:29.987" />
<gc-op id="367" type="compact" timems="1.395" contextid="361" timestamp="2019-06-16T23:11:29.988">
  <compact-info movecount="10105" movebytes="381240" />
  <remembered-set-cleared processed="24006" cleared="3064" durationms="0.177" />
</gc-op>
<heap-resize id="368" type="expand" space="default" amount="1048576" count="1" timems="0.055" reason="insufficient free space following gc" timestamp="2019-06-16T23:11:29.988" />
<gc-end id="369" type="partial gc" contextid="361" durationms="4.804" usertimems="8.000" systemtimems="0.000" timestamp="2019-06-16T23:11:29.989" activeThreads="4">
  <mem-info id="370" free="14680064" total="45088768" percent="32">
    <mem type="eden" free="697096" total="1048576" percent="66" />
    <arraylet-primitive objects="2" leaves="2" largest="1" />
    <remembered-set count="15424" freebytes="1738112" totalbytes="1799808" percent="96" regionsoverflowed="0" regionsstable="0" regionsrebuilding="0"/>
  </mem-info>
</gc-end>
<cycle-end id="371" type="partial gc" contextid="361" timestamp="2019-06-16T23:11:29.989" />
  <attribute name="elasticGC enabled" value="1" />
  <attribute name= "numThreadsSpecified" value="4" />
  <attribute name="heapSize specified" value="0" />
  <attribute name="Current GC Util" value="30" />
  <attribute name= "Current Time Running" value="1210" />
  <attribute name ="GC Interval" value="0" />
  <attribute name="ProportionalT" value="10.000000" />
  <attribute name="ProportionalI" value="10.000000" />
  <attribute name="ProportionalH" value="10.000000" />
  <attribute name="Current Error" value="10.000000" />
  <attribute name="IntegralT" value="10.000000" />
  <attribute name="IntegralI" value="10.000000" />
  <attribute name="IntegralH" value="10.000000" />
  <attribute name="DerivativeT" value="5.000000" />
  <attribute name="DerivativeI" value="5.000000" />
  <attribute name="DerivativeH" value="5.000000" />
  <attribute name="Loop Time for DT" value="1.000000" />
  <attribute name="Output H" value="8388608"/>
  <attribute name="Output I" value="200"/>
  <attribute name="Output T" value="4"/>
  <attribute name="Target GC Util Change" value ="20.000000" />
  <attribute name="Current GC Util Change" value="30.000000"/>
  <attribute name="GC Util currently" value="30" />
  <attribute name="CPU Util currently" value="7897939775502" />
<exclusive-end id="372" timestamp="2019-06-16T23:11:29.989" durationms="5.692" />

<exclusive-start id="373" timestamp="2019-06-16T23:11:30.001" intervalms="17.520">
  <response-info timems="0.028" idlems="0.028" threads="0" lastid="0000000001D00500" lastname="Thread-7" />
</exclusive-start>
<allocation-taxation id="374" taxation-threshold="14680064" timestamp="2019-06-16T23:11:30.001" intervalms="17.520" />
<cycle-start id="375" type="partial gc" contextid="0" timestamp="2019-06-16T23:11:30.001" intervalms="17.525" />
<gc-start id="376" type="partial gc" contextid="375" timestamp="2019-06-16T23:11:30.001">
  <mem-info id="377" free="0" total="45088768" percent="0">
    <mem type="eden" free="0" total="14680064" percent="0" />
    <arraylet-primitive objects="2" leaves="2" largest="1" />
    <remembered-set count="15296" freebytes="1738624" totalbytes="1799808" percent="96" regionsoverflowed="0" regionsstable="0" regionsrebuilding="0"/>
  </mem-info>
</gc-start>
<allocation-stats totalBytes="14677928" >
  <allocated-bytes non-tlh="0" tlh="14677928" arrayletleaf="0"/>
  <largest-consumer threadName="Thread-8" threadId="0000000001CFC900" bytes="4848928" />
</allocation-stats>
<gc-op id="378" type="mark" timems="1.321" contextid="375" timestamp="2019-06-16T23:11:30.003">
  <trace-info objectcount="18420" scancount="18420" scanbytes="746036" />
  <cardclean-info objects="7231" bytes="384888" />
  <remembered-set-cleared processed="12979" cleared="2492" durationms="0.098" />
  <stringconstants candidates="4597" cleared="0"  />
  <warning details="Mark invoked due to insufficient free space for Copy-Forward" />
</gc-op>
<gc-op id="379" type="classunload" timems="0.002" contextid="375" timestamp="2019-06-16T23:11:30.003">
  <classunload-info classloadercandidates="8" classloadersunloaded="0" classesunloaded="0" anonymousclassesunloaded="0" quiescems="0.000" setupms="0.002" scanms="0.000" postms="0.000" />
</gc-op>
<gc-op id="380" type="sweep" timems="0.327" contextid="375" timestamp="2019-06-16T23:11:30.004" />
<gc-op id="381" type="compact" timems="1.546" contextid="375" timestamp="2019-06-16T23:11:30.005">
  <compact-info movecount="17800" movebytes="725840" />
  <remembered-set-cleared processed="26101" cleared="5120" durationms="0.098" />
</gc-op>
<heap-resize id="382" type="expand" space="default" amount="2097152" count="1" timems="0.059" reason="insufficient free space following gc" timestamp="2019-06-16T23:11:30.006" />
<gc-end id="383" type="partial gc" contextid="375" durationms="4.613" usertimems="12.000" systemtimems="0.000" timestamp="2019-06-16T23:11:30.006" activeThreads="4">
  <mem-info id="384" free="15728640" total="47185920" percent="33">
    <mem type="eden" free="972512" total="1048576" percent="92" />
    <arraylet-primitive objects="2" leaves="2" largest="1" />
    <remembered-set count="16544" freebytes="1817344" totalbytes="1883520" percent="96" regionsoverflowed="0" regionsstable="0" regionsrebuilding="0"/>
  </mem-info>
</gc-end>
<cycle-end id="385" type="partial gc" contextid="375" timestamp="2019-06-16T23:11:30.006" />
  <attribute name="elasticGC enabled" value="1" />
  <attribute name= "numThreadsSpecified" value="4" />
  <attribute name="heapSize specified" value="0" />
  <attribute name="Current GC Util" value="32" />
  <attribute name= "Current Time Running" value="1227" />
  <attribute name ="GC Interval" value="0" />
  <attribute name="ProportionalT" value="12.000000" />
  <attribute name="ProportionalI" value="12.000000" />
  <attribute name="ProportionalH" value="12.000000" />
  <attribute name="Current Error" value="12.000000" />
  <attribute name="IntegralT" value="12.000000" />
  <attribute name="IntegralI" value="12.000000" />
  <attribute name="IntegralH" value="12.000000" />
  <attribute name="DerivativeT" value="-40.500000" />
  <attribute name="DerivativeI" value="-40.500000" />
  <attribute name="DerivativeH" value="-40.500000" />
  <attribute name="Loop Time for DT" value="1.000000" />
  <attribute name="Output H" value="2091843584"/>
  <attribute name="Output I" value="200"/>
  <attribute name="Output T" value="4"/>
  <attribute name="Target GC Util Change" value ="20.000000" />
  <attribute name="Current GC Util Change" value="32.000000"/>
  <attribute name="GC Util currently" value="32" />
  <attribute name="CPU Util currently" value="7926147090757" />
<exclusive-end id="386" timestamp="2019-06-16T23:11:30.006" durationms="5.368" />

<exclusive-start id="387" timestamp="2019-06-16T23:11:30.020" intervalms="19.692">
  <response-info timems="0.205" idlems="0.205" threads="0" lastid="0000000001D00500" lastname="Thread-7" />
</exclusive-start>
<allocation-taxation id="388" taxation-threshold="15728640" timestamp="2019-06-16T23:11:30.021" intervalms="19.689" />
<cycle-start id="389" type="partial gc" contextid="0" timestamp="2019-06-16T23:11:30.021" intervalms="19.719" />
<gc-start id="390" type="partial gc" contextid="389" timestamp="2019-06-16T23:11:30.021">
  <mem-info id="391" free="0" total="47185920" percent="0">
    <mem type="eden" free="0" total="15728640" percent="0" />
    <arraylet-primitive objects="2" leaves="2" largest="1" />
    <remembered-set count="16352" freebytes="1818112" totalbytes="1883520" percent="96" regionsoverflowed="0" regionsstable="0" regionsrebuilding="0"/>
  </mem-info>
</gc-start>
<allocation-stats totalBytes="15726712" >
  <allocated-bytes non-tlh="0" tlh="15726712" arrayletleaf="0"/>
  <largest-consumer threadName="Thread-8" threadId="0000000001CFC900" bytes="5803360" />
</allocation-stats>
<gc-op id="392" type="mark" timems="1.093" contextid="389" timestamp="2019-06-16T23:11:30.023">
  <trace-info objectcount="12927" scancount="12927" scanbytes="448276" />
  <cardclean-info objects="8746" bytes="426656" />
  <remembered-set-cleared processed="13638" cleared="613" durationms="0.107" />
  <stringconstants candidates="4597" cleared="0"  />
  <warning details="Mark invoked due to insufficient free space for Copy-Forward" />
</gc-op>
<gc-op id="393" type="classunload" timems="0.002" contextid="389" timestamp="2019-06-16T23:11:30.023">
  <classunload-info classloadercandidates="8" classloadersunloaded="0" classesunloaded="0" anonymousclassesunloaded="0" quiescems="0.000" setupms="0.002" scanms="0.000" postms="0.000" />
</gc-op>
<gc-op id="394" type="sweep" timems="0.343" contextid="389" timestamp="2019-06-16T23:11:30.023" />
<gc-op id="395" type="compact" timems="2.275" contextid="389" timestamp="2019-06-16T23:11:30.026">
  <compact-info movecount="16480" movebytes="644616" />
  <remembered-set-cleared processed="26064" cleared="1994" durationms="0.107" />
</gc-op>
<heap-resize id="396" type="expand" space="default" amount="1048576" count="1" timems="0.060" reason="insufficient free space following gc" timestamp="2019-06-16T23:11:30.026" />
<gc-end id="397" type="partial gc" contextid="389" durationms="5.172" usertimems="12.000" systemtimems="0.000" timestamp="2019-06-16T23:11:30.026" activeThreads="4">
  <mem-info id="398" free="15728640" total="48234496" percent="32">
    <mem type="eden" free="670952" total="1048576" percent="63" />
    <arraylet-primitive objects="2" leaves="2" largest="1" />
    <remembered-set count="17536" freebytes="1855232" totalbytes="1925376" percent="96" regionsoverflowed="0" regionsstable="0" regionsrebuilding="0"/>
  </mem-info>
</gc-end>
<cycle-end id="399" type="partial gc" contextid="389" timestamp="2019-06-16T23:11:30.026" />
  <attribute name="elasticGC enabled" value="1" />
  <attribute name= "numThreadsSpecified" value="4" />
  <attribute name="heapSize specified" value="0" />
  <attribute name="Current GC Util" value="29" />
  <attribute name= "Current Time Running" value="1246" />
  <attribute name ="GC Interval" value="0" />
  <attribute name="ProportionalT" value="9.000000" />
  <attribute name="ProportionalI" value="9.000000" />
  <attribute name="ProportionalH" value="9.000000" />
  <attribute name="Current Error" value="9.000000" />
  <attribute name="IntegralT" value="0.000000" />
  <attribute name="IntegralI" value="0.000000" />
  <attribute name="IntegralH" value="0.000000" />
  <attribute name="DerivativeT" value="-inf" />
  <attribute name="DerivativeI" value="-inf" />
  <attribute name="DerivativeH" value="-inf" />
  <attribute name="Loop Time for DT" value="0.000000" />
  <attribute name="Output H" value="2091843584"/>
  <attribute name="Output I" value="200"/>
  <attribute name="Output T" value="4"/>
  <attribute name="Target GC Util Change" value ="20.000000" />
  <attribute name="Current GC Util Change" value="29.000000"/>
  <attribute name="GC Util currently" value="29" />
  <attribute name="CPU Util currently" value="7894978701481" />
<exclusive-end id="400" timestamp="2019-06-16T23:11:30.027" durationms="6.140" />

<exclusive-start id="401" timestamp="2019-06-16T23:11:30.041" intervalms="20.140">
  <response-info timems="0.042" idlems="0.042" threads="0" lastid="0000000001D00500" lastname="Thread-7" />
</exclusive-start>
<allocation-taxation id="402" taxation-threshold="15728640" timestamp="2019-06-16T23:11:30.041" intervalms="20.083" />
<cycle-start id="403" type="partial gc" contextid="0" timestamp="2019-06-16T23:11:30.041" intervalms="19.972" />
<gc-start id="404" type="partial gc" contextid="403" timestamp="2019-06-16T23:11:30.041">
  <mem-info id="405" free="0" total="48234496" percent="0">
    <mem type="eden" free="0" total="15728640" percent="0" />
    <arraylet-primitive objects="2" leaves="2" largest="1" />
    <remembered-set count="17376" freebytes="1855872" totalbytes="1925376" percent="96" regionsoverflowed="0" regionsstable="0" regionsrebuilding="0"/>
  </mem-info>
</gc-start>
<allocation-stats totalBytes="15726608" >
  <allocated-bytes non-tlh="0" tlh="15726608" arrayletleaf="0"/>
  <largest-consumer threadName="Thread-7" threadId="0000000001D00500" bytes="5475768" />
</allocation-stats>
<gc-op id="406" type="mark" timems="1.748" contextid="403" timestamp="2019-06-16T23:11:30.043">
  <trace-info objectcount="23885" scancount="23885" scanbytes="986444" />
  <cardclean-info objects="7716" bytes="382520" />
  <remembered-set-cleared processed="14030" cleared="618" durationms="0.187" />
  <stringconstants candidates="4597" cleared="0"  />
  <warning details="Mark invoked due to insufficient free space for Copy-Forward" />
</gc-op>
<gc-op id="407" type="classunload" timems="0.003" contextid="403" timestamp="2019-06-16T23:11:30.043">
  <classunload-info classloadercandidates="8" classloadersunloaded="0" classesunloaded="0" anonymousclassesunloaded="0" quiescems="0.000" setupms="0.003" scanms="0.000" postms="0.000" />
</gc-op>
<gc-op id="408" type="sweep" timems="0.380" contextid="403" timestamp="2019-06-16T23:11:30.044" />
<gc-op id="409" type="compact" timems="2.390" contextid="403" timestamp="2019-06-16T23:11:30.046">
  <compact-info movecount="25897" movebytes="1139048" />
  <remembered-set-cleared processed="25620" cleared="5653" durationms="0.187" />
</gc-op>
<heap-resize id="410" type="expand" space="default" amount="2097152" count="1" timems="0.076" reason="insufficient free space following gc" timestamp="2019-06-16T23:11:30.047" />
<gc-end id="411" type="partial gc" contextid="403" durationms="6.036" usertimems="8.000" systemtimems="8.000" timestamp="2019-06-16T23:11:30.047" activeThreads="4">
  <mem-info id="412" free="16777216" total="50331648" percent="33">
    <mem type="eden" free="436664" total="1048576" percent="41" />
    <arraylet-primitive objects="2" leaves="2" largest="1" />
    <remembered-set count="18336" freebytes="1935744" totalbytes="2009088" percent="96" regionsoverflowed="0" regionsstable="0" regionsrebuilding="0"/>
  </mem-info>
</gc-end>
<cycle-end id="413" type="partial gc" contextid="403" timestamp="2019-06-16T23:11:30.047" />
  <attribute name="elasticGC enabled" value="1" />
  <attribute name= "numThreadsSpecified" value="4" />
  <attribute name="heapSize specified" value="0" />
  <attribute name="Current GC Util" value="34" />
  <attribute name= "Current Time Running" value="1267" />
  <attribute name ="GC Interval" value="0" />
  <attribute name="ProportionalT" value="14.000000" />
  <attribute name="ProportionalI" value="14.000000" />
  <attribute name="ProportionalH" value="14.000000" />
  <attribute name="Current Error" value="14.000000" />
  <attribute name="IntegralT" value="14.000000" />
  <attribute name="IntegralI" value="14.000000" />
  <attribute name="IntegralH" value="14.000000" />
  <attribute name="DerivativeT" value="7.000000" />
  <attribute name="DerivativeI" value="7.000000" />
  <attribute name="DerivativeH" value="7.000000" />
  <attribute name="Loop Time for DT" value="1.000000" />
  <attribute name="Output H" value="8388608"/>
  <attribute name="Output I" value="200"/>
  <attribute name="Output T" value="4"/>
  <attribute name="Target GC Util Change" value ="20.000000" />
  <attribute name="Current GC Util Change" value="34.000000"/>
  <attribute name="GC Util currently" value="34" />
  <attribute name="CPU Util currently" value="7701958043397" />
<exclusive-end id="414" timestamp="2019-06-16T23:11:30.047" durationms="6.800" />

<exclusive-start id="415" timestamp="2019-06-16T23:11:30.062" intervalms="21.110">
  <response-info timems="0.040" idlems="0.040" threads="0" lastid="0000000001CFC900" lastname="Thread-8" />
</exclusive-start>
<allocation-taxation id="416" taxation-threshold="16777216" timestamp="2019-06-16T23:11:30.062" intervalms="21.194" />
<cycle-start id="417" type="partial gc" contextid="0" timestamp="2019-06-16T23:11:30.062" intervalms="21.259" />
<gc-start id="418" type="partial gc" contextid="417" timestamp="2019-06-16T23:11:30.062">
  <mem-info id="419" free="0" total="50331648" percent="0">
    <mem type="eden" free="0" total="16777216" percent="0" />
    <arraylet-primitive objects="2" leaves="2" largest="1" />
    <remembered-set count="17984" freebytes="1937152" totalbytes="2009088" percent="96" regionsoverflowed="0" regionsstable="0" regionsrebuilding="0"/>
  </mem-info>
</gc-start>
<allocation-stats totalBytes="16774848" >
  <allocated-bytes non-tlh="0" tlh="16774848" arrayletleaf="0"/>
  <largest-consumer threadName="Thread-8" threadId="0000000001CFC900" bytes="5881024" />
</allocation-stats>
<gc-op id="420" type="mark" timems="1.223" contextid="417" timestamp="2019-06-16T23:11:30.064">
  <trace-info objectcount="25073" scancount="25073" scanbytes="1014428" />
  <cardclean-info objects="5390" bytes="272024" />
  <remembered-set-cleared processed="14742" cleared="515" durationms="0.105" />
  <stringconstants candidates="4597" cleared="0"  />
  <warning details="Mark invoked due to insufficient free space for Copy-Forward" />
</gc-op>
<gc-op id="421" type="classunload" timems="0.003" contextid="417" timestamp="2019-06-16T23:11:30.064">
  <classunload-info classloadercandidates="8" classloadersunloaded="0" classesunloaded="0" anonymousclassesunloaded="0" quiescems="0.000" setupms="0.002" scanms="0.000" postms="0.000" />
</gc-op>
<gc-op id="422" type="sweep" timems="0.325" contextid="417" timestamp="2019-06-16T23:11:30.064" />
<gc-op id="423" type="compact" timems="1.769" contextid="417" timestamp="2019-06-16T23:11:30.066">
  <compact-info movecount="12637" movebytes="441224" />
  <remembered-set-cleared processed="29685" cleared="1224" durationms="0.105" />
</gc-op>
<heap-resize id="424" type="expand" space="default" amount="1048576" count="1" timems="0.053" reason="insufficient free space following gc" timestamp="2019-06-16T23:11:30.067" />
<gc-end id="425" type="partial gc" contextid="417" durationms="4.523" usertimems="12.000" systemtimems="0.000" timestamp="2019-06-16T23:11:30.067" activeThreads="4">
  <mem-info id="426" free="16777216" total="51380224" percent="32">
    <mem type="eden" free="640640" total="1048576" percent="61" />
    <arraylet-primitive objects="2" leaves="2" largest="1" />
    <remembered-set count="19232" freebytes="1974016" totalbytes="2050944" percent="96" regionsoverflowed="0" regionsstable="0" regionsrebuilding="0"/>
  </mem-info>
</gc-end>
<cycle-end id="427" type="partial gc" contextid="417" timestamp="2019-06-16T23:11:30.067" />
  <attribute name="elasticGC enabled" value="1" />
  <attribute name= "numThreadsSpecified" value="4" />
  <attribute name="heapSize specified" value="0" />
  <attribute name="Current GC Util" value="33" />
  <attribute name= "Current Time Running" value="1288" />
  <attribute name ="GC Interval" value="0" />
  <attribute name="ProportionalT" value="13.000000" />
  <attribute name="ProportionalI" value="13.000000" />
  <attribute name="ProportionalH" value="13.000000" />
  <attribute name="Current Error" value="13.000000" />
  <attribute name="IntegralT" value="13.000000" />
  <attribute name="IntegralI" value="13.000000" />
  <attribute name="IntegralH" value="13.000000" />
  <attribute name="DerivativeT" value="-46.000000" />
  <attribute name="DerivativeI" value="-46.000000" />
  <attribute name="DerivativeH" value="-46.000000" />
  <attribute name="Loop Time for DT" value="1.000000" />
  <attribute name="Output H" value="2091843584"/>
  <attribute name="Output I" value="200"/>
  <attribute name="Output T" value="4"/>
  <attribute name="Target GC Util Change" value ="20.000000" />
  <attribute name="Current GC Util Change" value="33.000000"/>
  <attribute name="GC Util currently" value="33" />
  <attribute name="CPU Util currently" value="8595713059314" />
<exclusive-end id="428" timestamp="2019-06-16T23:11:30.067" durationms="5.415" />

<exclusive-start id="429" timestamp="2019-06-16T23:11:30.081" intervalms="19.609">
  <response-info timems="0.055" idlems="0.030" threads="1" lastid="0000000001D04100" lastname="Thread-9" />
</exclusive-start>
<allocation-taxation id="430" taxation-threshold="16777216" timestamp="2019-06-16T23:11:30.081" intervalms="19.581" />
<cycle-start id="431" type="partial gc" contextid="0" timestamp="2019-06-16T23:11:30.082" intervalms="19.566" />
<gc-start id="432" type="partial gc" contextid="431" timestamp="2019-06-16T23:11:30.082">
  <mem-info id="433" free="0" total="51380224" percent="0">
    <mem type="eden" free="0" total="16777216" percent="0" />
    <arraylet-primitive objects="2" leaves="2" largest="1" />
    <remembered-set count="18880" freebytes="1975424" totalbytes="2050944" percent="96" regionsoverflowed="0" regionsstable="0" regionsrebuilding="0"/>
  </mem-info>
</gc-start>
<allocation-stats totalBytes="16774992" >
  <allocated-bytes non-tlh="0" tlh="16774992" arrayletleaf="0"/>
  <largest-consumer threadName="Thread-7" threadId="0000000001D00500" bytes="5827952" />
</allocation-stats>
<gc-op id="434" type="mark" timems="1.793" contextid="431" timestamp="2019-06-16T23:11:30.084">
  <trace-info objectcount="22999" scancount="22999" scanbytes="827416" />
  <cardclean-info objects="8835" bytes="432584" />
  <remembered-set-cleared processed="15379" cleared="486" durationms="0.197" />
  <stringconstants candidates="4597" cleared="0"  />
  <warning details="Mark invoked due to insufficient free space for Copy-Forward" />
</gc-op>
<gc-op id="435" type="classunload" timems="0.002" contextid="431" timestamp="2019-06-16T23:11:30.084">
  <classunload-info classloadercandidates="8" classloadersunloaded="0" classesunloaded="0" anonymousclassesunloaded="0" quiescems="0.000" setupms="0.002" scanms="0.000" postms="0.000" />
</gc-op>
<gc-op id="436" type="sweep" timems="0.381" contextid="431" timestamp="2019-06-16T23:11:30.085" />
<gc-op id="437" type="compact" timems="1.703" contextid="431" timestamp="2019-06-16T23:11:30.087">
  <compact-info movecount="12592" movebytes="440280" />
  <remembered-set-cleared processed="30952" cleared="1160" durationms="0.197" />
</gc-op>
<heap-resize id="438" type="expand" space="default" amount="2097152" count="1" timems="0.060" reason="insufficient free space following gc" timestamp="2019-06-16T23:11:30.087" />
<gc-end id="439" type="partial gc" contextid="431" durationms="5.168" usertimems="12.000" systemtimems="0.000" timestamp="2019-06-16T23:11:30.087" activeThreads="4">
  <mem-info id="440" free="17825792" total="53477376" percent="33">
    <mem type="eden" free="627160" total="1048576" percent="59" />
    <arraylet-primitive objects="2" leaves="2" largest="1" />
    <remembered-set count="19456" freebytes="2056832" totalbytes="2134656" percent="96" regionsoverflowed="0" regionsstable="0" regionsrebuilding="0"/>
  </mem-info>
</gc-end>
<cycle-end id="441" type="partial gc" contextid="431" timestamp="2019-06-16T23:11:30.087" />
  <attribute name="elasticGC enabled" value="1" />
  <attribute name= "numThreadsSpecified" value="4" />
  <attribute name="heapSize specified" value="0" />
  <attribute name="Current GC Util" value="29" />
  <attribute name= "Current Time Running" value="1308" />
  <attribute name ="GC Interval" value="0" />
  <attribute name="ProportionalT" value="9.000000" />
  <attribute name="ProportionalI" value="9.000000" />
  <attribute name="ProportionalH" value="9.000000" />
  <attribute name="Current Error" value="9.000000" />
  <attribute name="IntegralT" value="9.000000" />
  <attribute name="IntegralI" value="9.000000" />
  <attribute name="IntegralH" value="9.000000" />
  <attribute name="DerivativeT" value="4.500000" />
  <attribute name="DerivativeI" value="4.500000" />
  <attribute name="DerivativeH" value="4.500000" />
  <attribute name="Loop Time for DT" value="1.000000" />
  <attribute name="Output H" value="8388608"/>
  <attribute name="Output I" value="200"/>
  <attribute name="Output T" value="4"/>
  <attribute name="Target GC Util Change" value ="20.000000" />
  <attribute name="Current GC Util Change" value="29.000000"/>
  <attribute name="GC Util currently" value="29" />
  <attribute name="CPU Util currently" value="7463663971935" />
<exclusive-end id="442" timestamp="2019-06-16T23:11:30.087" durationms="5.951" />

<exclusive-start id="443" timestamp="2019-06-16T23:11:30.103" intervalms="21.432">
  <response-info timems="0.032" idlems="0.032" threads="0" lastid="0000000001CFC900" lastname="Thread-8" />
</exclusive-start>
<allocation-taxation id="444" taxation-threshold="17825792" timestamp="2019-06-16T23:11:30.103" intervalms="21.402" />
<cycle-start id="445" type="partial gc" contextid="0" timestamp="2019-06-16T23:11:30.103" intervalms="21.377" />
<gc-start id="446" type="partial gc" contextid="445" timestamp="2019-06-16T23:11:30.103">
  <mem-info id="447" free="0" total="53477376" percent="0">
    <mem type="eden" free="0" total="17825792" percent="0" />
    <arraylet-primitive objects="2" leaves="2" largest="1" />
    <remembered-set count="19296" freebytes="2057472" totalbytes="2134656" percent="96" regionsoverflowed="0" regionsstable="0" regionsrebuilding="0"/>
  </mem-info>
</gc-start>
<allocation-stats totalBytes="17823696" >
  <allocated-bytes non-tlh="0" tlh="17823696" arrayletleaf="0"/>
  <largest-consumer threadName="Thread-8" threadId="0000000001CFC900" bytes="6192408" />
</allocation-stats>
<gc-op id="448" type="mark" timems="1.286" contextid="445" timestamp="2019-06-16T23:11:30.105">
  <trace-info objectcount="23983" scancount="23983" scanbytes="851152" />
  <cardclean-info objects="10549" bytes="513608" />
  <remembered-set-cleared processed="16308" cleared="614" durationms="0.106" />
  <stringconstants candidates="4597" cleared="0"  />
  <warning details="Mark invoked due to insufficient free space for Copy-Forward" />
</gc-op>
<gc-op id="449" type="classunload" timems="0.003" contextid="445" timestamp="2019-06-16T23:11:30.105">
  <classunload-info classloadercandidates="8" classloadersunloaded="0" classesunloaded="0" anonymousclassesunloaded="0" quiescems="0.000" setupms="0.003" scanms="0.000" postms="0.000" />
</gc-op>
<gc-op id="450" type="sweep" timems="0.307" contextid="445" timestamp="2019-06-16T23:11:30.106" />
<gc-op id="451" type="compact" timems="1.729" contextid="445" timestamp="2019-06-16T23:11:30.107">
  <compact-info movecount="12707" movebytes="443160" />
  <remembered-set-cleared processed="32829" cleared="1435" durationms="0.106" />
</gc-op>
<heap-resize id="452" type="expand" space="default" amount="1048576" count="1" timems="0.062" reason="insufficient free space following gc" timestamp="2019-06-16T23:11:30.108" />
<gc-end id="453" type="partial gc" contextid="445" durationms="4.741" usertimems="8.000" systemtimems="4.000" timestamp="2019-06-16T23:11:30.108" activeThreads="4">
  <mem-info id="454" free="17825792" total="54525952" percent="32">
    <mem type="eden" free="615664" total="1048576" percent="58" />
    <arraylet-primitive objects="2" leaves="2" largest="1" />
    <remembered-set count="20800" freebytes="2093312" totalbytes="2176512" percent="96" regionsoverflowed="0" regionsstable="0" regionsrebuilding="0"/>
  </mem-info>
</gc-end>
<cycle-end id="455" type="partial gc" contextid="445" timestamp="2019-06-16T23:11:30.108" />
  <attribute name="elasticGC enabled" value="1" />
  <attribute name= "numThreadsSpecified" value="4" />
  <attribute name="heapSize specified" value="0" />
  <attribute name="Current GC Util" value="33" />
  <attribute name= "Current Time Running" value="1329" />
  <attribute name ="GC Interval" value="0" />
  <attribute name="ProportionalT" value="13.000000" />
  <attribute name="ProportionalI" value="13.000000" />
  <attribute name="ProportionalH" value="13.000000" />
  <attribute name="Current Error" value="13.000000" />
  <attribute name="IntegralT" value="13.000000" />
  <attribute name="IntegralI" value="13.000000" />
  <attribute name="IntegralH" value="13.000000" />
  <attribute name="DerivativeT" value="-43.000000" />
  <attribute name="DerivativeI" value="-43.000000" />
  <attribute name="DerivativeH" value="-43.000000" />
  <attribute name="Loop Time for DT" value="1.000000" />
  <attribute name="Output H" value="2091843584"/>
  <attribute name="Output I" value="200"/>
  <attribute name="Output T" value="4"/>
  <attribute name="Target GC Util Change" value ="20.000000" />
  <attribute name="Current GC Util Change" value="33.000000"/>
  <attribute name="GC Util currently" value="33" />
  <attribute name="CPU Util currently" value="8899020526028" />
<exclusive-end id="456" timestamp="2019-06-16T23:11:30.108" durationms="5.525" />

<exclusive-start id="457" timestamp="2019-06-16T23:11:30.124" intervalms="21.231">
  <response-info timems="0.046" idlems="0.046" threads="0" lastid="0000000001D00500" lastname="Thread-7" />
</exclusive-start>
<allocation-taxation id="458" taxation-threshold="17825792" timestamp="2019-06-16T23:11:30.124" intervalms="21.220" />
<cycle-start id="459" type="partial gc" contextid="0" timestamp="2019-06-16T23:11:30.124" intervalms="21.199" />
<gc-start id="460" type="partial gc" contextid="459" timestamp="2019-06-16T23:11:30.124">
  <mem-info id="461" free="0" total="54525952" percent="0">
    <mem type="eden" free="0" total="17825792" percent="0" />
    <arraylet-primitive objects="2" leaves="2" largest="1" />
    <remembered-set count="20640" freebytes="2093952" totalbytes="2176512" percent="96" regionsoverflowed="0" regionsstable="0" regionsrebuilding="0"/>
  </mem-info>
</gc-start>
<allocation-stats totalBytes="17823640" >
  <allocated-bytes non-tlh="0" tlh="17823640" arrayletleaf="0"/>
  <largest-consumer threadName="Thread-7" threadId="0000000001D00500" bytes="5905760" />
</allocation-stats>
<gc-op id="462" type="mark" timems="1.965" contextid="459" timestamp="2019-06-16T23:11:30.127">
  <trace-info objectcount="24713" scancount="24713" scanbytes="868688" />
  <cardclean-info objects="10814" bytes="526616" />
  <remembered-set-cleared processed="17322" cleared="605" durationms="0.218" />
  <stringconstants candidates="4597" cleared="0"  />
  <warning details="Mark invoked due to insufficient free space for Copy-Forward" />
</gc-op>
<gc-op id="463" type="classunload" timems="0.002" contextid="459" timestamp="2019-06-16T23:11:30.127">
  <classunload-info classloadercandidates="8" classloadersunloaded="0" classesunloaded="0" anonymousclassesunloaded="0" quiescems="0.000" setupms="0.002" scanms="0.000" postms="0.000" />
</gc-op>
<gc-op id="464" type="sweep" timems="0.347" contextid="459" timestamp="2019-06-16T23:11:30.127" />
<gc-op id="465" type="compact" timems="2.069" contextid="459" timestamp="2019-06-16T23:11:30.130">
  <compact-info movecount="24326" movebytes="859408" />
  <remembered-set-cleared processed="34857" cleared="1416" durationms="0.218" />
</gc-op>
<heap-resize id="466" type="expand" space="default" amount="1048576" count="1" timems="0.056" reason="insufficient free space following gc" timestamp="2019-06-16T23:11:30.130" />
<gc-end id="467" type="partial gc" contextid="459" durationms="5.819" usertimems="8.000" systemtimems="4.000" timestamp="2019-06-16T23:11:30.130" activeThreads="4">
  <mem-info id="468" free="17825792" total="55574528" percent="32">
    <mem type="eden" free="609192" total="1048576" percent="58" />
    <arraylet-primitive objects="2" leaves="2" largest="1" />
    <remembered-set count="21824" freebytes="2131072" totalbytes="2218368" percent="96" regionsoverflowed="0" regionsstable="0" regionsrebuilding="0"/>
  </mem-info>
</gc-end>
<cycle-end id="469" type="partial gc" contextid="459" timestamp="2019-06-16T23:11:30.130" />
  <attribute name="elasticGC enabled" value="1" />
  <attribute name= "numThreadsSpecified" value="4" />
  <attribute name="heapSize specified" value="0" />
  <attribute name="Current GC Util" value="34" />
  <attribute name= "Current Time Running" value="1351" />
  <attribute name ="GC Interval" value="0" />
  <attribute name="ProportionalT" value="14.000000" />
  <attribute name="ProportionalI" value="14.000000" />
  <attribute name="ProportionalH" value="14.000000" />
  <attribute name="Current Error" value="14.000000" />
  <attribute name="IntegralT" value="14.000000" />
  <attribute name="IntegralI" value="14.000000" />
  <attribute name="IntegralH" value="14.000000" />
  <attribute name="DerivativeT" value="7.000000" />
  <attribute name="DerivativeI" value="7.000000" />
  <attribute name="DerivativeH" value="7.000000" />
  <attribute name="Loop Time for DT" value="1.000000" />
  <attribute name="Output H" value="8388608"/>
  <attribute name="Output I" value="200"/>
  <attribute name="Output T" value="4"/>
  <attribute name="Target GC Util Change" value ="20.000000" />
  <attribute name="Current GC Util Change" value="34.000000"/>
  <attribute name="GC Util currently" value="34" />
  <attribute name="CPU Util currently" value="8035850161218" />
<exclusive-end id="470" timestamp="2019-06-16T23:11:30.130" durationms="6.513" />

<exclusive-start id="471" timestamp="2019-06-16T23:11:30.146" intervalms="22.154">
  <response-info timems="0.037" idlems="0.037" threads="1" lastid="0000000001CFC900" lastname="Thread-8" />
</exclusive-start>
<allocation-taxation id="472" taxation-threshold="17825792" timestamp="2019-06-16T23:11:30.146" intervalms="22.187" />
<cycle-start id="473" type="partial gc" contextid="0" timestamp="2019-06-16T23:11:30.146" intervalms="22.197" />
<gc-start id="474" type="partial gc" contextid="473" timestamp="2019-06-16T23:11:30.147">
  <mem-info id="475" free="0" total="55574528" percent="0">
    <mem type="eden" free="0" total="17825792" percent="0" />
    <arraylet-primitive objects="2" leaves="2" largest="1" />
    <remembered-set count="21600" freebytes="2131968" totalbytes="2218368" percent="96" regionsoverflowed="0" regionsstable="0" regionsrebuilding="0"/>
  </mem-info>
</gc-start>
<allocation-stats totalBytes="17823584" >
  <allocated-bytes non-tlh="0" tlh="17823584" arrayletleaf="0"/>
  <largest-consumer threadName="Thread-8" threadId="0000000001CFC900" bytes="6536376" />
</allocation-stats>
<gc-op id="476" type="mark" timems="2.215" contextid="473" timestamp="2019-06-16T23:11:30.149">
  <trace-info objectcount="25871" scancount="25871" scanbytes="896040" />
  <cardclean-info objects="10590" bytes="521168" />
  <remembered-set-cleared processed="18325" cleared="685" durationms="0.267" />
  <stringconstants candidates="4597" cleared="0"  />
  <warning details="Mark invoked due to insufficient free space for Copy-Forward" />
</gc-op>
<gc-op id="477" type="classunload" timems="0.002" contextid="473" timestamp="2019-06-16T23:11:30.150">
  <classunload-info classloadercandidates="8" classloadersunloaded="0" classesunloaded="0" anonymousclassesunloaded="0" quiescems="0.000" setupms="0.002" scanms="0.000" postms="0.000" />
</gc-op>
<gc-op id="478" type="sweep" timems="0.423" contextid="473" timestamp="2019-06-16T23:11:30.150" />
<gc-op id="479" type="compact" timems="3.396" contextid="473" timestamp="2019-06-16T23:11:30.154">
  <compact-info movecount="19464" movebytes="604904" />
  <remembered-set-cleared processed="36863" cleared="1576" durationms="0.267" />
</gc-op>
<heap-resize id="480" type="expand" space="default" amount="2097152" count="1" timems="0.063" reason="insufficient free space following gc" timestamp="2019-06-16T23:11:30.154" />
<gc-end id="481" type="partial gc" contextid="473" durationms="7.590" usertimems="12.000" systemtimems="0.000" timestamp="2019-06-16T23:11:30.154" activeThreads="1">
  <mem-info id="482" free="18874368" total="57671680" percent="32">
    <mem type="eden" free="588320" total="1048576" percent="56" />
    <arraylet-primitive objects="2" leaves="2" largest="1" />
    <remembered-set count="22976" freebytes="2210176" totalbytes="2302080" percent="96" regionsoverflowed="0" regionsstable="0" regionsrebuilding="0"/>
  </mem-info>
</gc-end>
<cycle-end id="483" type="partial gc" contextid="473" timestamp="2019-06-16T23:11:30.154" />
  <attribute name="elasticGC enabled" value="1" />
  <attribute name= "numThreadsSpecified" value="1" />
  <attribute name="heapSize specified" value="0" />
  <attribute name="Current GC Util" value="29" />
  <attribute name= "Current Time Running" value="1373" />
  <attribute name ="GC Interval" value="0" />
  <attribute name="ProportionalT" value="9.000000" />
  <attribute name="ProportionalI" value="9.000000" />
  <attribute name="ProportionalH" value="9.000000" />
  <attribute name="Current Error" value="9.000000" />
  <attribute name="IntegralT" value="0.000000" />
  <attribute name="IntegralI" value="0.000000" />
  <attribute name="IntegralH" value="0.000000" />
  <attribute name="DerivativeT" value="inf" />
  <attribute name="DerivativeI" value="inf" />
  <attribute name="DerivativeH" value="inf" />
  <attribute name="Loop Time for DT" value="0.000000" />
  <attribute name="Output H" value="8388608"/>
  <attribute name="Output I" value="200"/>
  <attribute name="Output T" value="1"/>
  <attribute name="Target GC Util Change" value ="20.000000" />
  <attribute name="Current GC Util Change" value="29.000000"/>
  <attribute name="GC Util currently" value="29" />
  <attribute name="CPU Util currently" value="6571815384857" />
<exclusive-end id="484" timestamp="2019-06-16T23:11:30.155" durationms="8.586" />

<exclusive-start id="485" timestamp="2019-06-16T23:11:30.172" intervalms="25.637">
  <response-info timems="0.048" idlems="0.048" threads="0" lastid="0000000001D00500" lastname="Thread-7" />
</exclusive-start>
<allocation-taxation id="486" taxation-threshold="18874368" timestamp="2019-06-16T23:11:30.172" intervalms="25.668" />
<cycle-start id="487" type="partial gc" contextid="0" timestamp="2019-06-16T23:11:30.172" intervalms="25.740" />
<gc-start id="488" type="partial gc" contextid="487" timestamp="2019-06-16T23:11:30.172">
  <mem-info id="489" free="0" total="57671680" percent="0">
    <mem type="eden" free="0" total="18874368" percent="0" />
    <arraylet-primitive objects="2" leaves="2" largest="1" />
    <remembered-set count="22528" freebytes="2211968" totalbytes="2302080" percent="96" regionsoverflowed="0" regionsstable="0" regionsrebuilding="0"/>
  </mem-info>
</gc-start>
<allocation-stats totalBytes="18871848" >
  <allocated-bytes non-tlh="0" tlh="18871848" arrayletleaf="0"/>
  <largest-consumer threadName="Thread-7" threadId="0000000001D00500" bytes="6896912" />
</allocation-stats>
<gc-op id="490" type="mark" timems="2.400" contextid="487" timestamp="2019-06-16T23:11:30.175">
  <trace-info objectcount="33100" scancount="33100" scanbytes="1207092" />
  <cardclean-info objects="8651" bytes="427784" />
  <remembered-set-cleared processed="19429" cleared="651" durationms="0.256" />
  <stringconstants candidates="4597" cleared="0"  />
  <warning details="Mark invoked due to insufficient free space for Copy-Forward" />
</gc-op>
<gc-op id="491" type="classunload" timems="0.002" contextid="487" timestamp="2019-06-16T23:11:30.175">
  <classunload-info classloadercandidates="8" classloadersunloaded="0" classesunloaded="0" anonymousclassesunloaded="0" quiescems="0.000" setupms="0.002" scanms="0.000" postms="0.000" />
</gc-op>
<gc-op id="492" type="sweep" timems="0.490" contextid="487" timestamp="2019-06-16T23:11:30.176" />
<gc-op id="493" type="compact" timems="4.179" contextid="487" timestamp="2019-06-16T23:11:30.181">
  <compact-info movecount="32923" movebytes="1202856" />
  <remembered-set-cleared processed="39234" cleared="1671" durationms="0.256" />
</gc-op>
<heap-resize id="494" type="expand" space="default" amount="1048576" count="1" timems="0.054" reason="insufficient free space following gc" timestamp="2019-06-16T23:11:30.181" />
<gc-end id="495" type="partial gc" contextid="487" durationms="8.706" usertimems="12.000" systemtimems="0.000" timestamp="2019-06-16T23:11:30.181" activeThreads="1">
  <mem-info id="496" free="18874368" total="58720256" percent="32">
    <mem type="eden" free="300376" total="1048576" percent="28" />
    <arraylet-primitive objects="2" leaves="2" largest="1" />
    <remembered-set count="23616" freebytes="2249472" totalbytes="2343936" percent="95" regionsoverflowed="0" regionsstable="0" regionsrebuilding="0"/>
  </mem-info>
</gc-end>
<cycle-end id="497" type="partial gc" contextid="487" timestamp="2019-06-16T23:11:30.181" />
  <attribute name="elasticGC enabled" value="1" />
  <attribute name= "numThreadsSpecified" value="1" />
  <attribute name="heapSize specified" value="0" />
  <attribute name="Current GC Util" value="30" />
  <attribute name= "Current Time Running" value="1399" />
  <attribute name ="GC Interval" value="0" />
  <attribute name="ProportionalT" value="10.000000" />
  <attribute name="ProportionalI" value="10.000000" />
  <attribute name="ProportionalH" value="10.000000" />
  <attribute name="Current Error" value="10.000000" />
  <attribute name="IntegralT" value="0.000000" />
  <attribute name="IntegralI" value="0.000000" />
  <attribute name="IntegralH" value="0.000000" />
  <attribute name="DerivativeT" value="inf" />
  <attribute name="DerivativeI" value="inf" />
  <attribute name="DerivativeH" value="inf" />
  <attribute name="Loop Time for DT" value="0.000000" />
  <attribute name="Output H" value="8388608"/>
  <attribute name="Output I" value="200"/>
  <attribute name="Output T" value="1"/>
  <attribute name="Target GC Util Change" value ="20.000000" />
  <attribute name="Current GC Util Change" value="30.000000"/>
  <attribute name="GC Util currently" value="30" />
  <attribute name="CPU Util currently" value="5945415018136" />
<exclusive-end id="498" timestamp="2019-06-16T23:11:30.181" durationms="9.708" />

<exclusive-start id="499" timestamp="2019-06-16T23:11:30.200" intervalms="28.626">
  <response-info timems="0.082" idlems="0.082" threads="0" lastid="0000000001D04100" lastname="Thread-9" />
</exclusive-start>
<allocation-taxation id="500" taxation-threshold="18874368" timestamp="2019-06-16T23:11:30.201" intervalms="28.659" />
<cycle-start id="501" type="partial gc" contextid="0" timestamp="2019-06-16T23:11:30.201" intervalms="28.640" />
<gc-start id="502" type="partial gc" contextid="501" timestamp="2019-06-16T23:11:30.201">
  <mem-info id="503" free="0" total="58720256" percent="0">
    <mem type="eden" free="0" total="18874368" percent="0" />
    <arraylet-primitive objects="2" leaves="2" largest="1" />
    <remembered-set count="23520" freebytes="2249856" totalbytes="2343936" percent="95" regionsoverflowed="0" regionsstable="0" regionsrebuilding="0"/>
  </mem-info>
</gc-start>
<allocation-stats totalBytes="18871856" >
  <allocated-bytes non-tlh="0" tlh="18871856" arrayletleaf="0"/>
  <largest-consumer threadName="Thread-8" threadId="0000000001CFC900" bytes="6159648" />
</allocation-stats>
<gc-op id="504" type="mark" timems="1.461" contextid="501" timestamp="2019-06-16T23:11:30.203">
  <trace-info objectcount="24451" scancount="24451" scanbytes="999772" />
  <cardclean-info objects="6110" bytes="306464" />
  <remembered-set-cleared processed="20604" cleared="672" durationms="0.145" />
  <stringconstants candidates="4597" cleared="0"  />
  <warning details="Mark invoked due to insufficient free space for Copy-Forward" />
</gc-op>
<gc-op id="505" type="classunload" timems="0.003" contextid="501" timestamp="2019-06-16T23:11:30.203">
  <classunload-info classloadercandidates="8" classloadersunloaded="0" classesunloaded="0" anonymousclassesunloaded="0" quiescems="0.000" setupms="0.003" scanms="0.000" postms="0.000" />
</gc-op>
<gc-op id="506" type="sweep" timems="0.406" contextid="501" timestamp="2019-06-16T23:11:30.204" />
<gc-op id="507" type="compact" timems="2.054" contextid="501" timestamp="2019-06-16T23:11:30.206">
  <compact-info movecount="24451" movebytes="999784" />
  <remembered-set-cleared processed="41195" cleared="1324" durationms="0.145" />
</gc-op>
<heap-resize id="508" type="expand" space="default" amount="2097152" count="1" timems="0.062" reason="insufficient free space following gc" timestamp="2019-06-16T23:11:30.206" />
<gc-end id="509" type="partial gc" contextid="501" durationms="5.526" usertimems="0.000" systemtimems="8.000" timestamp="2019-06-16T23:11:30.207" activeThreads="4">
  <mem-info id="510" free="19922944" total="60817408" percent="32">
    <mem type="eden" free="183744" total="1048576" percent="17" />
    <arraylet-primitive objects="2" leaves="2" largest="1" />
    <remembered-set count="25088" freebytes="2327296" totalbytes="2427648" percent="95" regionsoverflowed="0" regionsstable="0" regionsrebuilding="0"/>
  </mem-info>
</gc-end>
<cycle-end id="511" type="partial gc" contextid="501" timestamp="2019-06-16T23:11:30.207" />
  <attribute name="elasticGC enabled" value="1" />
  <attribute name= "numThreadsSpecified" value="4" />
  <attribute name="heapSize specified" value="0" />
  <attribute name="Current GC Util" value="32" />
  <attribute name= "Current Time Running" value="1427" />
  <attribute name ="GC Interval" value="0" />
  <attribute name="ProportionalT" value="12.000000" />
  <attribute name="ProportionalI" value="12.000000" />
  <attribute name="ProportionalH" value="12.000000" />
  <attribute name="Current Error" value="12.000000" />
  <attribute name="IntegralT" value="12.000000" />
  <attribute name="IntegralI" value="12.000000" />
  <attribute name="IntegralH" value="12.000000" />
  <attribute name="DerivativeT" value="-41.500000" />
  <attribute name="DerivativeI" value="-41.500000" />
  <attribute name="DerivativeH" value="-41.500000" />
  <attribute name="Loop Time for DT" value="1.000000" />
  <attribute name="Output H" value="2091843584"/>
  <attribute name="Output I" value="200"/>
  <attribute name="Output T" value="4"/>
  <attribute name="Target GC Util Change" value ="20.000000" />
  <attribute name="Current GC Util Change" value="32.000000"/>
  <attribute name="GC Util currently" value="32" />
  <attribute name="CPU Util currently" value="7098986205171" />
<exclusive-end id="512" timestamp="2019-06-16T23:11:30.207" durationms="6.542" />

<exclusive-start id="513" timestamp="2019-06-16T23:11:30.237" intervalms="37.043">
  <response-info timems="0.040" idlems="0.022" threads="1" lastid="0000000001CF8D00" lastname="Thread-10" />
</exclusive-start>
<allocation-taxation id="514" taxation-threshold="19922944" timestamp="2019-06-16T23:11:30.238" intervalms="37.019" />
<cycle-start id="515" type="partial gc" contextid="0" timestamp="2019-06-16T23:11:30.238" intervalms="37.080" />
<gc-start id="516" type="partial gc" contextid="515" timestamp="2019-06-16T23:11:30.238">
  <mem-info id="517" free="0" total="60817408" percent="0">
    <mem type="eden" free="0" total="19922944" percent="0" />
    <arraylet-primitive objects="2" leaves="2" largest="1" />
    <remembered-set count="24928" freebytes="2327936" totalbytes="2427648" percent="95" regionsoverflowed="0" regionsstable="0" regionsrebuilding="0"/>
  </mem-info>
</gc-start>
<allocation-stats totalBytes="19920288" >
  <allocated-bytes non-tlh="0" tlh="19920288" arrayletleaf="0"/>
  <largest-consumer threadName="Thread-10" threadId="0000000001CF8D00" bytes="7928840" />
</allocation-stats>
<gc-op id="518" type="mark" timems="1.236" contextid="515" timestamp="2019-06-16T23:11:30.240">
  <trace-info objectcount="18696" scancount="18696" scanbytes="861468" />
  <cardclean-info objects="1974" bytes="100208" />
  <remembered-set-cleared processed="21241" cleared="312" durationms="0.129" />
  <stringconstants candidates="4597" cleared="0"  />
  <warning details="Mark invoked due to insufficient free space for Copy-Forward" />
</gc-op>
<gc-op id="519" type="classunload" timems="0.002" contextid="515" timestamp="2019-06-16T23:11:30.240">
  <classunload-info classloadercandidates="8" classloadersunloaded="0" classesunloaded="0" anonymousclassesunloaded="0" quiescems="0.000" setupms="0.002" scanms="0.000" postms="0.000" />
</gc-op>
<gc-op id="520" type="sweep" timems="0.321" contextid="515" timestamp="2019-06-16T23:11:30.241" />
<gc-op id="521" type="compact" timems="1.787" contextid="515" timestamp="2019-06-16T23:11:30.243">
  <compact-info movecount="18696" movebytes="861480" />
  <remembered-set-cleared processed="42542" cleared="677" durationms="0.129" />
</gc-op>
<heap-resize id="522" type="expand" space="default" amount="1048576" count="1" timems="0.054" reason="insufficient free space following gc" timestamp="2019-06-16T23:11:30.243" />
<gc-end id="523" type="partial gc" contextid="515" durationms="4.836" usertimems="12.000" systemtimems="0.000" timestamp="2019-06-16T23:11:30.243" activeThreads="4">
  <mem-info id="524" free="19922944" total="61865984" percent="32">
    <mem type="eden" free="727888" total="1048576" percent="69" />
    <arraylet-primitive objects="2" leaves="2" largest="1" />
    <remembered-set count="25184" freebytes="2368768" totalbytes="2469504" percent="95" regionsoverflowed="0" regionsstable="0" regionsrebuilding="0"/>
  </mem-info>
</gc-end>
<cycle-end id="525" type="partial gc" contextid="515" timestamp="2019-06-16T23:11:30.243" />
  <attribute name="elasticGC enabled" value="1" />
  <attribute name= "numThreadsSpecified" value="4" />
  <attribute name="heapSize specified" value="0" />
  <attribute name="Current GC Util" value="33" />
  <attribute name= "Current Time Running" value="1464" />
  <attribute name ="GC Interval" value="0" />
  <attribute name="ProportionalT" value="13.000000" />
  <attribute name="ProportionalI" value="13.000000" />
  <attribute name="ProportionalH" value="13.000000" />
  <attribute name="Current Error" value="13.000000" />
  <attribute name="IntegralT" value="13.000000" />
  <attribute name="IntegralI" value="13.000000" />
  <attribute name="IntegralH" value="13.000000" />
  <attribute name="DerivativeT" value="-51.500000" />
  <attribute name="DerivativeI" value="-51.500000" />
  <attribute name="DerivativeH" value="-51.500000" />
  <attribute name="Loop Time for DT" value="1.000000" />
  <attribute name="Output H" value="2091843584"/>
  <attribute name="Output I" value="200"/>
  <attribute name="Output T" value="4"/>
  <attribute name="Target GC Util Change" value ="20.000000" />
  <attribute name="Current GC Util Change" value="33.000000"/>
  <attribute name="GC Util currently" value="33" />
  <attribute name="CPU Util currently" value="8139586130770" />
<exclusive-end id="526" timestamp="2019-06-16T23:11:30.243" durationms="5.928" />

<exclusive-start id="527" timestamp="2019-06-16T23:11:30.261" intervalms="23.844">
  <response-info timems="0.732" idlems="0.491" threads="2" lastid="0000000001CFC900" lastname="Thread-8" />
</exclusive-start>
<allocation-taxation id="528" taxation-threshold="19922944" timestamp="2019-06-16T23:11:30.261" intervalms="23.830" />
<cycle-start id="529" type="partial gc" contextid="0" timestamp="2019-06-16T23:11:30.262" intervalms="23.822" />
<gc-start id="530" type="partial gc" contextid="529" timestamp="2019-06-16T23:11:30.262">
  <mem-info id="531" free="0" total="61865984" percent="0">
    <mem type="eden" free="0" total="19922944" percent="0" />
    <arraylet-primitive objects="2" leaves="2" largest="1" />
    <remembered-set count="25184" freebytes="2368768" totalbytes="2469504" percent="95" regionsoverflowed="0" regionsstable="0" regionsrebuilding="0"/>
  </mem-info>
</gc-start>
<allocation-stats totalBytes="19920488" >
  <allocated-bytes non-tlh="0" tlh="19920488" arrayletleaf="0"/>
  <largest-consumer threadName="Thread-7" threadId="0000000001D00500" bytes="6876400" />
</allocation-stats>
<gc-op id="532" type="mark" timems="1.637" contextid="529" timestamp="2019-06-16T23:11:30.264">
  <trace-info objectcount="13477" scancount="13477" scanbytes="462084" />
  <cardclean-info objects="5647" bytes="272384" />
  <remembered-set-cleared processed="21407" cleared="341" durationms="0.267" />
  <stringconstants candidates="4597" cleared="0"  />
  <warning details="Mark invoked due to insufficient free space for Copy-Forward" />
</gc-op>
<gc-op id="533" type="classunload" timems="0.003" contextid="529" timestamp="2019-06-16T23:11:30.264">
  <classunload-info classloadercandidates="8" classloadersunloaded="0" classesunloaded="0" anonymousclassesunloaded="0" quiescems="0.000" setupms="0.003" scanms="0.000" postms="0.000" />
</gc-op>
<gc-op id="534" type="sweep" timems="0.434" contextid="529" timestamp="2019-06-16T23:11:30.265" />
<gc-op id="535" type="compact" timems="1.617" contextid="529" timestamp="2019-06-16T23:11:30.267">
  <compact-info movecount="11989" movebytes="426376" />
  <remembered-set-cleared processed="43018" cleared="879" durationms="0.267" />
</gc-op>
<heap-resize id="536" type="expand" space="default" amount="2097152" count="1" timems="0.070" reason="insufficient free space following gc" timestamp="2019-06-16T23:11:30.267" />
<gc-end id="537" type="partial gc" contextid="529" durationms="5.215" usertimems="8.000" systemtimems="0.000" timestamp="2019-06-16T23:11:30.267" activeThreads="4">
  <mem-info id="538" free="20971520" total="63963136" percent="32">
    <mem type="eden" free="904128" total="1048576" percent="86" />
    <arraylet-primitive objects="2" leaves="2" largest="1" />
    <remembered-set count="26368" freebytes="2447744" totalbytes="2553216" percent="95" regionsoverflowed="0" regionsstable="0" regionsrebuilding="0"/>
  </mem-info>
</gc-end>
<cycle-end id="539" type="partial gc" contextid="529" timestamp="2019-06-16T23:11:30.267" />
  <attribute name="elasticGC enabled" value="1" />
  <attribute name= "numThreadsSpecified" value="4" />
  <attribute name="heapSize specified" value="0" />
  <attribute name="Current GC Util" value="31" />
  <attribute name= "Current Time Running" value="1488" />
  <attribute name ="GC Interval" value="0" />
  <attribute name="ProportionalT" value="11.000000" />
  <attribute name="ProportionalI" value="11.000000" />
  <attribute name="ProportionalH" value="11.000000" />
  <attribute name="Current Error" value="11.000000" />
  <attribute name="IntegralT" value="11.000000" />
  <attribute name="IntegralI" value="11.000000" />
  <attribute name="IntegralH" value="11.000000" />
  <attribute name="DerivativeT" value="5.500000" />
  <attribute name="DerivativeI" value="5.500000" />
  <attribute name="DerivativeH" value="5.500000" />
  <attribute name="Loop Time for DT" value="1.000000" />
  <attribute name="Output H" value="8388608"/>
  <attribute name="Output I" value="200"/>
  <attribute name="Output T" value="4"/>
  <attribute name="Target GC Util Change" value ="20.000000" />
  <attribute name="Current GC Util Change" value="31.000000"/>
  <attribute name="GC Util currently" value="31" />
  <attribute name="CPU Util currently" value="6777655159489" />
<exclusive-end id="540" timestamp="2019-06-16T23:11:30.267" durationms="6.148" />

<exclusive-start id="541" timestamp="2019-06-16T23:11:30.290" intervalms="28.465">
  <response-info timems="0.041" idlems="0.023" threads="1" lastid="0000000001CF8D00" lastname="Thread-10" />
</exclusive-start>
<allocation-taxation id="542" taxation-threshold="20971520" timestamp="2019-06-16T23:11:30.290" intervalms="28.442" />
<cycle-start id="543" type="partial gc" contextid="0" timestamp="2019-06-16T23:11:30.290" intervalms="28.381" />
<gc-start id="544" type="partial gc" contextid="543" timestamp="2019-06-16T23:11:30.290">
  <mem-info id="545" free="0" total="63963136" percent="0">
    <mem type="eden" free="0" total="20971520" percent="0" />
    <arraylet-primitive objects="2" leaves="2" largest="1" />
    <remembered-set count="25920" freebytes="2449536" totalbytes="2553216" percent="95" regionsoverflowed="0" regionsstable="0" regionsrebuilding="0"/>
  </mem-info>
</gc-start>
<allocation-stats totalBytes="20968992" >
  <allocated-bytes non-tlh="0" tlh="20968992" arrayletleaf="0"/>
  <largest-consumer threadName="Thread-7" threadId="0000000001D00500" bytes="6020520" />
</allocation-stats>
<gc-op id="546" type="mark" timems="1.914" contextid="543" timestamp="2019-06-16T23:11:30.293">
  <trace-info objectcount="16499" scancount="16499" scanbytes="534300" />
  <cardclean-info objects="10602" bytes="512480" />
  <remembered-set-cleared processed="21963" cleared="600" durationms="0.278" />
  <stringconstants candidates="4597" cleared="0"  />
  <warning details="Mark invoked due to insufficient free space for Copy-Forward" />
</gc-op>
<gc-op id="547" type="classunload" timems="0.002" contextid="543" timestamp="2019-06-16T23:11:30.293">
  <classunload-info classloadercandidates="8" classloadersunloaded="0" classesunloaded="0" anonymousclassesunloaded="0" quiescems="0.000" setupms="0.002" scanms="0.000" postms="0.000" />
</gc-op>
<gc-op id="548" type="sweep" timems="0.424" contextid="543" timestamp="2019-06-16T23:11:30.293" />
<gc-op id="549" type="compact" timems="1.804" contextid="543" timestamp="2019-06-16T23:11:30.295">
  <compact-info movecount="15435" movebytes="508768" />
  <remembered-set-cleared processed="44112" cleared="1380" durationms="0.278" />
</gc-op>
<heap-resize id="550" type="expand" space="default" amount="1048576" count="1" timems="0.062" reason="insufficient free space following gc" timestamp="2019-06-16T23:11:30.296" />
<gc-end id="551" type="partial gc" contextid="543" durationms="5.794" usertimems="12.000" systemtimems="0.000" timestamp="2019-06-16T23:11:30.296" activeThreads="4">
  <mem-info id="552" free="20971520" total="65011712" percent="32">
    <mem type="eden" free="651816" total="1048576" percent="62" />
    <arraylet-primitive objects="2" leaves="2" largest="1" />
    <remembered-set count="26752" freebytes="2488064" totalbytes="2595072" percent="95" regionsoverflowed="0" regionsstable="0" regionsrebuilding="0"/>
  </mem-info>
</gc-end>
<cycle-end id="553" type="partial gc" contextid="543" timestamp="2019-06-16T23:11:30.296" />
  <attribute name="elasticGC enabled" value="1" />
  <attribute name= "numThreadsSpecified" value="4" />
  <attribute name="heapSize specified" value="0" />
  <attribute name="Current GC Util" value="28" />
  <attribute name= "Current Time Running" value="1517" />
  <attribute name ="GC Interval" value="0" />
  <attribute name="ProportionalT" value="8.000000" />
  <attribute name="ProportionalI" value="8.000000" />
  <attribute name="ProportionalH" value="8.000000" />
  <attribute name="Current Error" value="8.000000" />
  <attribute name="IntegralT" value="8.000000" />
  <attribute name="IntegralI" value="8.000000" />
  <attribute name="IntegralH" value="8.000000" />
  <attribute name="DerivativeT" value="4.000000" />
  <attribute name="DerivativeI" value="4.000000" />
  <attribute name="DerivativeH" value="4.000000" />
  <attribute name="Loop Time for DT" value="1.000000" />
  <attribute name="Output H" value="8388608"/>
  <attribute name="Output I" value="200"/>
  <attribute name="Output T" value="4"/>
  <attribute name="Target GC Util Change" value ="20.000000" />
  <attribute name="Current GC Util Change" value="28.000000"/>
  <attribute name="GC Util currently" value="28" />
  <attribute name="CPU Util currently" value="6634946640179" />
<exclusive-end id="554" timestamp="2019-06-16T23:11:30.296" durationms="6.656" />

<exclusive-start id="555" timestamp="2019-06-16T23:11:30.314" intervalms="24.608">
  <response-info timems="0.033" idlems="0.033" threads="0" lastid="0000000001D00500" lastname="Thread-7" />
</exclusive-start>
<allocation-taxation id="556" taxation-threshold="20971520" timestamp="2019-06-16T23:11:30.315" intervalms="24.636" />
<cycle-start id="557" type="partial gc" contextid="0" timestamp="2019-06-16T23:11:30.315" intervalms="24.710" />
<gc-start id="558" type="partial gc" contextid="557" timestamp="2019-06-16T23:11:30.315">
  <mem-info id="559" free="0" total="65011712" percent="0">
    <mem type="eden" free="0" total="20971520" percent="0" />
    <arraylet-primitive objects="2" leaves="2" largest="1" />
    <remembered-set count="26656" freebytes="2488448" totalbytes="2595072" percent="95" regionsoverflowed="0" regionsstable="0" regionsrebuilding="0"/>
  </mem-info>
</gc-start>
<allocation-stats totalBytes="20968776" >
  <allocated-bytes non-tlh="0" tlh="20968776" arrayletleaf="0"/>
  <largest-consumer threadName="Thread-7" threadId="0000000001D00500" bytes="6728696" />
</allocation-stats>
<gc-op id="560" type="mark" timems="1.496" contextid="557" timestamp="2019-06-16T23:11:30.317">
  <trace-info objectcount="17977" scancount="17977" scanbytes="707520" />
  <cardclean-info objects="6960" bytes="342848" />
  <remembered-set-cleared processed="22968" cleared="722" durationms="0.174" />
  <stringconstants candidates="4597" cleared="0"  />
  <warning details="Mark invoked due to insufficient free space for Copy-Forward" />
</gc-op>
<gc-op id="561" type="classunload" timems="0.003" contextid="557" timestamp="2019-06-16T23:11:30.317">
  <classunload-info classloadercandidates="8" classloadersunloaded="0" classesunloaded="0" anonymousclassesunloaded="0" quiescems="0.000" setupms="0.003" scanms="0.000" postms="0.000" />
</gc-op>
<gc-op id="562" type="sweep" timems="0.377" contextid="557" timestamp="2019-06-16T23:11:30.318" />
<gc-op id="563" type="compact" timems="1.747" contextid="557" timestamp="2019-06-16T23:11:30.320">
  <compact-info movecount="17977" movebytes="707528" />
  <remembered-set-cleared processed="46016" cleared="1517" durationms="0.174" />
</gc-op>
<heap-resize id="564" type="expand" space="default" amount="1048576" count="1" timems="0.065" reason="insufficient free space following gc" timestamp="2019-06-16T23:11:30.320" />
<gc-end id="565" type="partial gc" contextid="557" durationms="5.246" usertimems="4.000" systemtimems="4.000" timestamp="2019-06-16T23:11:30.320" activeThreads="4">
  <mem-info id="566" free="20971520" total="66060288" percent="31">
    <mem type="eden" free="429656" total="1048576" percent="40" />
    <arraylet-primitive objects="2" leaves="2" largest="1" />
    <remembered-set count="26688" freebytes="2530176" totalbytes="2636928" percent="95" regionsoverflowed="0" regionsstable="0" regionsrebuilding="0"/>
  </mem-info>
</gc-end>
<cycle-end id="567" type="partial gc" contextid="557" timestamp="2019-06-16T23:11:30.320" />
  <attribute name="elasticGC enabled" value="1" />
  <attribute name= "numThreadsSpecified" value="4" />
  <attribute name="heapSize specified" value="0" />
  <attribute name="Current GC Util" value="33" />
  <attribute name= "Current Time Running" value="1541" />
  <attribute name ="GC Interval" value="0" />
  <attribute name="ProportionalT" value="13.000000" />
  <attribute name="ProportionalI" value="13.000000" />
  <attribute name="ProportionalH" value="13.000000" />
  <attribute name="Current Error" value="13.000000" />
  <attribute name="IntegralT" value="13.000000" />
  <attribute name="IntegralI" value="13.000000" />
  <attribute name="IntegralH" value="13.000000" />
  <attribute name="DerivativeT" value="-40.500000" />
  <attribute name="DerivativeI" value="-40.500000" />
  <attribute name="DerivativeH" value="-40.500000" />
  <attribute name="Loop Time for DT" value="1.000000" />
  <attribute name="Output H" value="2091843584"/>
  <attribute name="Output I" value="200"/>
  <attribute name="Output T" value="4"/>
  <attribute name="Target GC Util Change" value ="20.000000" />
  <attribute name="Current GC Util Change" value="33.000000"/>
  <attribute name="GC Util currently" value="33" />
  <attribute name="CPU Util currently" value="7480807650481" />
<exclusive-end id="568" timestamp="2019-06-16T23:11:30.321" durationms="6.332" />

<exclusive-start id="569" timestamp="2019-06-16T23:11:30.363" intervalms="48.738">
  <response-info timems="0.206" idlems="0.206" threads="0" lastid="0000000001D00500" lastname="Thread-7" />
</exclusive-start>
<allocation-taxation id="570" taxation-threshold="20971520" timestamp="2019-06-16T23:11:30.363" intervalms="48.737" />
<cycle-start id="571" type="partial gc" contextid="0" timestamp="2019-06-16T23:11:30.363" intervalms="48.682" />
<gc-start id="572" type="partial gc" contextid="571" timestamp="2019-06-16T23:11:30.364">
  <mem-info id="573" free="0" total="66060288" percent="0">
    <mem type="eden" free="0" total="20971520" percent="0" />
    <arraylet-primitive objects="2" leaves="2" largest="1" />
    <remembered-set count="26400" freebytes="2531328" totalbytes="2636928" percent="95" regionsoverflowed="0" regionsstable="0" regionsrebuilding="0"/>
  </mem-info>
</gc-start>
<allocation-stats totalBytes="20968944" >
  <allocated-bytes non-tlh="0" tlh="20968944" arrayletleaf="0"/>
  <largest-consumer threadName="Thread-7" threadId="0000000001D00500" bytes="7306352" />
</allocation-stats>
<gc-op id="574" type="mark" timems="1.850" contextid="571" timestamp="2019-06-16T23:11:30.366">
  <trace-info objectcount="19077" scancount="19077" scanbytes="733664" />
  <cardclean-info objects="5159" bytes="252800" />
  <remembered-set-cleared processed="23565" cleared="380" durationms="0.294" />
  <stringconstants candidates="4597" cleared="0"  />
  <warning details="Mark invoked due to insufficient free space for Copy-Forward" />
</gc-op>
<gc-op id="575" type="classunload" timems="0.002" contextid="571" timestamp="2019-06-16T23:11:30.366">
  <classunload-info classloadercandidates="8" classloadersunloaded="0" classesunloaded="0" anonymousclassesunloaded="0" quiescems="0.000" setupms="0.002" scanms="0.000" postms="0.000" />
</gc-op>
<gc-op id="576" type="sweep" timems="0.473" contextid="571" timestamp="2019-06-16T23:11:30.367" />
<gc-op id="577" type="compact" timems="2.036" contextid="571" timestamp="2019-06-16T23:11:30.369">
  <compact-info movecount="12870" movebytes="447328" />
  <remembered-set-cleared processed="47320" cleared="943" durationms="0.294" />
</gc-op>
<heap-resize id="578" type="expand" space="default" amount="2097152" count="1" timems="0.070" reason="insufficient free space following gc" timestamp="2019-06-16T23:11:30.370" />
<gc-end id="579" type="partial gc" contextid="571" durationms="6.108" usertimems="8.000" systemtimems="4.000" timestamp="2019-06-16T23:11:30.370" activeThreads="4">
  <mem-info id="580" free="22020096" total="68157440" percent="32">
    <mem type="eden" free="926712" total="1048576" percent="88" />
    <arraylet-primitive objects="2" leaves="2" largest="1" />
    <remembered-set count="28192" freebytes="2607872" totalbytes="2720640" percent="95" regionsoverflowed="0" regionsstable="0" regionsrebuilding="0"/>
  </mem-info>
</gc-end>
<cycle-end id="581" type="partial gc" contextid="571" timestamp="2019-06-16T23:11:30.370" />
  <attribute name="elasticGC enabled" value="1" />
  <attribute name= "numThreadsSpecified" value="4" />
  <attribute name="heapSize specified" value="0" />
  <attribute name="Current GC Util" value="29" />
  <attribute name= "Current Time Running" value="1590" />
  <attribute name ="GC Interval" value="0" />
  <attribute name="ProportionalT" value="9.000000" />
  <attribute name="ProportionalI" value="9.000000" />
  <attribute name="ProportionalH" value="9.000000" />
  <attribute name="Current Error" value="9.000000" />
  <attribute name="IntegralT" value="9.000000" />
  <attribute name="IntegralI" value="9.000000" />
  <attribute name="IntegralH" value="9.000000" />
  <attribute name="DerivativeT" value="4.500000" />
  <attribute name="DerivativeI" value="4.500000" />
  <attribute name="DerivativeH" value="4.500000" />
  <attribute name="Loop Time for DT" value="1.000000" />
  <attribute name="Output H" value="8388608"/>
  <attribute name="Output I" value="200"/>
  <attribute name="Output T" value="4"/>
  <attribute name="Target GC Util Change" value ="20.000000" />
  <attribute name="Current GC Util Change" value="29.000000"/>
  <attribute name="GC Util currently" value="29" />
  <attribute name="CPU Util currently" value="6195380031997" />
<exclusive-end id="582" timestamp="2019-06-16T23:11:30.370" durationms="7.094" />

<exclusive-start id="583" timestamp="2019-06-16T23:11:30.417" intervalms="54.218">
  <response-info timems="0.044" idlems="0.044" threads="0" lastid="0000000001CFC900" lastname="Thread-8" />
</exclusive-start>
<allocation-taxation id="584" taxation-threshold="22020096" timestamp="2019-06-16T23:11:30.417" intervalms="54.201" />
<cycle-start id="585" type="partial gc" contextid="0" timestamp="2019-06-16T23:11:30.418" intervalms="54.161" />
<gc-start id="586" type="partial gc" contextid="585" timestamp="2019-06-16T23:11:30.418">
  <mem-info id="587" free="0" total="68157440" percent="0">
    <mem type="eden" free="0" total="22020096" percent="0" />
    <arraylet-primitive objects="2" leaves="2" largest="1" />
    <remembered-set count="27744" freebytes="2609664" totalbytes="2720640" percent="95" regionsoverflowed="0" regionsstable="0" regionsrebuilding="0"/>
  </mem-info>
</gc-start>
<allocation-stats totalBytes="22017600" >
  <allocated-bytes non-tlh="0" tlh="22017600" arrayletleaf="0"/>
  <largest-consumer threadName="Thread-7" threadId="0000000001D00500" bytes="7564504" />
</allocation-stats>
<gc-op id="588" type="mark" timems="1.911" contextid="585" timestamp="2019-06-16T23:11:30.420">
  <trace-info objectcount="24674" scancount="24674" scanbytes="1005620" />
  <cardclean-info objects="6257" bytes="309080" />
  <remembered-set-cleared processed="23766" cleared="688" durationms="0.275" />
  <stringconstants candidates="4597" cleared="0"  />
  <warning details="Mark invoked due to insufficient free space for Copy-Forward" />
</gc-op>
<gc-op id="589" type="classunload" timems="0.002" contextid="585" timestamp="2019-06-16T23:11:30.420">
  <classunload-info classloadercandidates="8" classloadersunloaded="0" classesunloaded="0" anonymousclassesunloaded="0" quiescems="0.000" setupms="0.002" scanms="0.000" postms="0.000" />
</gc-op>
<gc-op id="590" type="sweep" timems="0.446" contextid="585" timestamp="2019-06-16T23:11:30.421" />
<gc-op id="591" type="compact" timems="3.442" contextid="585" timestamp="2019-06-16T23:11:30.425">
  <compact-info movecount="24603" movebytes="1003928" />
  <remembered-set-cleared processed="47600" cleared="1438" durationms="0.275" />
</gc-op>
<heap-resize id="592" type="expand" space="default" amount="1048576" count="1" timems="0.052" reason="insufficient free space following gc" timestamp="2019-06-16T23:11:30.425" />
<gc-end id="593" type="partial gc" contextid="585" durationms="7.354" usertimems="12.000" systemtimems="0.000" timestamp="2019-06-16T23:11:30.425" activeThreads="1">
  <mem-info id="594" free="22020096" total="69206016" percent="31">
    <mem type="eden" free="439544" total="1048576" percent="41" />
    <arraylet-primitive objects="2" leaves="2" largest="1" />
    <remembered-set count="29216" freebytes="2645632" totalbytes="2762496" percent="95" regionsoverflowed="0" regionsstable="0" regionsrebuilding="0"/>
  </mem-info>
</gc-end>
<cycle-end id="595" type="partial gc" contextid="585" timestamp="2019-06-16T23:11:30.425" />
  <attribute name="elasticGC enabled" value="1" />
  <attribute name= "numThreadsSpecified" value="1" />
  <attribute name="heapSize specified" value="0" />
  <attribute name="Current GC Util" value="30" />
  <attribute name= "Current Time Running" value="1644" />
  <attribute name ="GC Interval" value="0" />
  <attribute name="ProportionalT" value="10.000000" />
  <attribute name="ProportionalI" value="10.000000" />
  <attribute name="ProportionalH" value="10.000000" />
  <attribute name="Current Error" value="10.000000" />
  <attribute name="IntegralT" value="0.000000" />
  <attribute name="IntegralI" value="0.000000" />
  <attribute name="IntegralH" value="0.000000" />
  <attribute name="DerivativeT" value="inf" />
  <attribute name="DerivativeI" value="inf" />
  <attribute name="DerivativeH" value="inf" />
  <attribute name="Loop Time for DT" value="0.000000" />
  <attribute name="Output H" value="8388608"/>
  <attribute name="Output I" value="200"/>
  <attribute name="Output T" value="1"/>
  <attribute name="Target GC Util Change" value ="20.000000" />
  <attribute name="Current GC Util Change" value="30.000000"/>
  <attribute name="GC Util currently" value="30" />
  <attribute name="CPU Util currently" value="6678676181089" />
<exclusive-end id="596" timestamp="2019-06-16T23:11:30.426" durationms="8.224" />

<exclusive-start id="597" timestamp="2019-06-16T23:11:30.463" intervalms="45.796">
  <response-info timems="0.060" idlems="0.060" threads="0" lastid="0000000001D00500" lastname="Thread-7" />
</exclusive-start>
<allocation-taxation id="598" taxation-threshold="22020096" timestamp="2019-06-16T23:11:30.463" intervalms="45.837" />
<cycle-start id="599" type="partial gc" contextid="0" timestamp="2019-06-16T23:11:30.463" intervalms="45.882" />
<gc-start id="600" type="partial gc" contextid="599" timestamp="2019-06-16T23:11:30.464">
  <mem-info id="601" free="0" total="69206016" percent="0">
    <mem type="eden" free="0" total="22020096" percent="0" />
    <arraylet-primitive objects="2" leaves="2" largest="1" />
    <remembered-set count="28768" freebytes="2647424" totalbytes="2762496" percent="95" regionsoverflowed="0" regionsstable="0" regionsrebuilding="0"/>
  </mem-info>
</gc-start>
<allocation-stats totalBytes="22017232" >
  <allocated-bytes non-tlh="0" tlh="22017232" arrayletleaf="0"/>
  <largest-consumer threadName="Thread-7" threadId="0000000001D00500" bytes="7236624" />
</allocation-stats>
<gc-op id="602" type="mark" timems="2.091" contextid="599" timestamp="2019-06-16T23:11:30.466">
  <trace-info objectcount="25141" scancount="25141" scanbytes="1016828" />
  <cardclean-info objects="5681" bytes="282128" />
  <remembered-set-cleared processed="24636" cleared="625" durationms="0.305" />
  <stringconstants candidates="4597" cleared="0"  />
  <warning details="Mark invoked due to insufficient free space for Copy-Forward" />
</gc-op>
<gc-op id="603" type="classunload" timems="0.003" contextid="599" timestamp="2019-06-16T23:11:30.467">
  <classunload-info classloadercandidates="8" classloadersunloaded="0" classesunloaded="0" anonymousclassesunloaded="0" quiescems="0.000" setupms="0.003" scanms="0.000" postms="0.000" />
</gc-op>
<gc-op id="604" type="sweep" timems="0.504" contextid="599" timestamp="2019-06-16T23:11:30.467" />
<gc-op id="605" type="compact" timems="3.588" contextid="599" timestamp="2019-06-16T23:11:30.471">
  <compact-info movecount="24535" movebytes="1002296" />
  <remembered-set-cleared processed="49493" cleared="1465" durationms="0.305" />
</gc-op>
<heap-resize id="606" type="expand" space="default" amount="2097152" count="1" timems="0.059" reason="insufficient free space following gc" timestamp="2019-06-16T23:11:30.471" />
<gc-end id="607" type="partial gc" contextid="599" durationms="7.777" usertimems="8.000" systemtimems="0.000" timestamp="2019-06-16T23:11:30.472" activeThreads="1">
  <mem-info id="608" free="23068672" total="71303168" percent="32">
    <mem type="eden" free="633560" total="1048576" percent="60" />
    <arraylet-primitive objects="2" leaves="2" largest="1" />
    <remembered-set count="29696" freebytes="2727424" totalbytes="2846208" percent="95" regionsoverflowed="0" regionsstable="0" regionsrebuilding="0"/>
  </mem-info>
</gc-end>
<cycle-end id="609" type="partial gc" contextid="599" timestamp="2019-06-16T23:11:30.472" />
  <attribute name="elasticGC enabled" value="1" />
  <attribute name= "numThreadsSpecified" value="1" />
  <attribute name="heapSize specified" value="0" />
  <attribute name="Current GC Util" value="38" />
  <attribute name= "Current Time Running" value="1690" />
  <attribute name ="GC Interval" value="0" />
  <attribute name="ProportionalT" value="18.000000" />
  <attribute name="ProportionalI" value="18.000000" />
  <attribute name="ProportionalH" value="18.000000" />
  <attribute name="Current Error" value="18.000000" />
  <attribute name="IntegralT" value="0.000000" />
  <attribute name="IntegralI" value="0.000000" />
  <attribute name="IntegralH" value="0.000000" />
  <attribute name="DerivativeT" value="inf" />
  <attribute name="DerivativeI" value="inf" />
  <attribute name="DerivativeH" value="inf" />
  <attribute name="Loop Time for DT" value="0.000000" />
  <attribute name="Output H" value="8388608"/>
  <attribute name="Output I" value="200"/>
  <attribute name="Output T" value="1"/>
  <attribute name="Target GC Util Change" value ="20.000000" />
  <attribute name="Current GC Util Change" value="38.000000"/>
  <attribute name="GC Util currently" value="38" />
  <attribute name="CPU Util currently" value="6118209427551" />
<exclusive-end id="610" timestamp="2019-06-16T23:11:30.472" durationms="8.844" />

<exclusive-start id="611" timestamp="2019-06-16T23:11:30.487" intervalms="24.008">
  <response-info timems="0.057" idlems="0.057" threads="0" lastid="0000000001D00500" lastname="Thread-7" />
</exclusive-start>
<allocation-taxation id="612" taxation-threshold="23068672" timestamp="2019-06-16T23:11:30.487" intervalms="23.951" />
<cycle-start id="613" type="partial gc" contextid="0" timestamp="2019-06-16T23:11:30.487" intervalms="23.985" />
<gc-start id="614" type="partial gc" contextid="613" timestamp="2019-06-16T23:11:30.488">
  <mem-info id="615" free="0" total="71303168" percent="0">
    <mem type="eden" free="0" total="23068672" percent="0" />
    <arraylet-primitive objects="2" leaves="2" largest="1" />
    <remembered-set count="29600" freebytes="2727808" totalbytes="2846208" percent="95" regionsoverflowed="0" regionsstable="0" regionsrebuilding="0"/>
  </mem-info>
</gc-start>
<allocation-stats totalBytes="23065592" >
  <allocated-bytes non-tlh="0" tlh="23065592" arrayletleaf="0"/>
  <largest-consumer threadName="Thread-8" threadId="0000000001CFC900" bytes="7638056" />
</allocation-stats>
<gc-op id="616" type="mark" timems="2.043" contextid="613" timestamp="2019-06-16T23:11:30.490">
  <trace-info objectcount="23972" scancount="23972" scanbytes="851528" />
  <cardclean-info objects="9432" bytes="462032" />
  <remembered-set-cleared processed="25294" cleared="531" durationms="0.283" />
  <stringconstants candidates="4597" cleared="0"  />
  <warning details="Mark invoked due to insufficient free space for Copy-Forward" />
</gc-op>
<gc-op id="617" type="classunload" timems="0.002" contextid="613" timestamp="2019-06-16T23:11:30.490">
  <classunload-info classloadercandidates="8" classloadersunloaded="0" classesunloaded="0" anonymousclassesunloaded="0" quiescems="0.000" setupms="0.002" scanms="0.000" postms="0.000" />
</gc-op>
<gc-op id="618" type="sweep" timems="0.450" contextid="613" timestamp="2019-06-16T23:11:30.491" />
<gc-op id="619" type="compact" timems="2.291" contextid="613" timestamp="2019-06-16T23:11:30.493">
  <compact-info movecount="22450" movebytes="815008" />
  <remembered-set-cleared processed="50812" cleared="1279" durationms="0.283" />
</gc-op>
<heap-resize id="620" type="expand" space="default" amount="1048576" count="1" timems="0.064" reason="insufficient free space following gc" timestamp="2019-06-16T23:11:30.494" />
<gc-end id="621" type="partial gc" contextid="613" durationms="6.350" usertimems="8.000" systemtimems="0.000" timestamp="2019-06-16T23:11:30.494" activeThreads="4">
  <mem-info id="622" free="23068672" total="72351744" percent="31">
    <mem type="eden" free="604920" total="1048576" percent="57" />
    <arraylet-primitive objects="2" leaves="2" largest="1" />
    <remembered-set count="30304" freebytes="2766848" totalbytes="2888064" percent="95" regionsoverflowed="0" regionsstable="0" regionsrebuilding="0"/>
  </mem-info>
</gc-end>
<cycle-end id="623" type="partial gc" contextid="613" timestamp="2019-06-16T23:11:30.494" />
  <attribute name="elasticGC enabled" value="1" />
  <attribute name= "numThreadsSpecified" value="4" />
  <attribute name="heapSize specified" value="0" />
  <attribute name="Current GC Util" value="40" />
  <attribute name= "Current Time Running" value="1714" />
  <attribute name ="GC Interval" value="0" />
  <attribute name="ProportionalT" value="20.000000" />
  <attribute name="ProportionalI" value="20.000000" />
  <attribute name="ProportionalH" value="20.000000" />
  <attribute name="Current Error" value="20.000000" />
  <attribute name="IntegralT" value="20.000000" />
  <attribute name="IntegralI" value="20.000000" />
  <attribute name="IntegralH" value="20.000000" />
  <attribute name="DerivativeT" value="10.000000" />
  <attribute name="DerivativeI" value="10.000000" />
  <attribute name="DerivativeH" value="10.000000" />
  <attribute name="Loop Time for DT" value="1.000000" />
  <attribute name="Output H" value="8388608"/>
  <attribute name="Output I" value="200"/>
  <attribute name="Output T" value="4"/>
  <attribute name="Target GC Util Change" value ="20.000000" />
  <attribute name="Current GC Util Change" value="40.000000"/>
  <attribute name="GC Util currently" value="40" />
  <attribute name="CPU Util currently" value="6667725995573" />
<exclusive-end id="624" timestamp="2019-06-16T23:11:30.494" durationms="7.204" />

<exclusive-start id="625" timestamp="2019-06-16T23:11:30.511" intervalms="23.660">
  <response-info timems="0.057" idlems="0.057" threads="0" lastid="0000000001D00500" lastname="Thread-7" />
</exclusive-start>
<allocation-taxation id="626" taxation-threshold="23068672" timestamp="2019-06-16T23:11:30.511" intervalms="23.586" />
<cycle-start id="627" type="partial gc" contextid="0" timestamp="2019-06-16T23:11:30.511" intervalms="23.477" />
<gc-start id="628" type="partial gc" contextid="627" timestamp="2019-06-16T23:11:30.511">
  <mem-info id="629" free="0" total="72351744" percent="0">
    <mem type="eden" free="0" total="23068672" percent="0" />
    <arraylet-primitive objects="2" leaves="2" largest="1" />
    <remembered-set count="30112" freebytes="2767616" totalbytes="2888064" percent="95" regionsoverflowed="0" regionsstable="0" regionsrebuilding="0"/>
  </mem-info>
</gc-start>
<allocation-stats totalBytes="23065736" >
  <allocated-bytes non-tlh="0" tlh="23065736" arrayletleaf="0"/>
  <largest-consumer threadName="Thread-8" threadId="0000000001CFC900" bytes="8190944" />
</allocation-stats>
<gc-op id="630" type="mark" timems="1.496" contextid="627" timestamp="2019-06-16T23:11:30.513">
  <trace-info objectcount="30406" scancount="30406" scanbytes="1143012" />
  <cardclean-info objects="12092" bytes="592784" />
  <remembered-set-cleared processed="26167" cleared="689" durationms="0.166" />
  <stringconstants candidates="4597" cleared="0"  />
  <warning details="Mark invoked due to insufficient free space for Copy-Forward" />
</gc-op>
<gc-op id="631" type="classunload" timems="0.002" contextid="627" timestamp="2019-06-16T23:11:30.513">
  <classunload-info classloadercandidates="8" classloadersunloaded="0" classesunloaded="0" anonymousclassesunloaded="0" quiescems="0.000" setupms="0.002" scanms="0.000" postms="0.000" />
</gc-op>
<gc-op id="632" type="sweep" timems="0.377" contextid="627" timestamp="2019-06-16T23:11:30.514" />
<gc-op id="633" type="compact" timems="2.435" contextid="627" timestamp="2019-06-16T23:11:30.516">
  <compact-info movecount="22363" movebytes="812616" />
  <remembered-set-cleared processed="52584" cleared="1622" durationms="0.166" />
</gc-op>
<heap-resize id="634" type="expand" space="default" amount="2097152" count="1" timems="0.069" reason="insufficient free space following gc" timestamp="2019-06-16T23:11:30.517" />
<gc-end id="635" type="partial gc" contextid="627" durationms="5.880" usertimems="8.000" systemtimems="0.000" timestamp="2019-06-16T23:11:30.517" activeThreads="4">
  <mem-info id="636" free="24117248" total="74448896" percent="32">
    <mem type="eden" free="341104" total="1048576" percent="32" />
    <arraylet-primitive objects="2" leaves="2" largest="1" />
    <remembered-set count="31552" freebytes="2845568" totalbytes="2971776" percent="95" regionsoverflowed="0" regionsstable="0" regionsrebuilding="0"/>
  </mem-info>
</gc-end>
<cycle-end id="637" type="partial gc" contextid="627" timestamp="2019-06-16T23:11:30.517" />
  <attribute name="elasticGC enabled" value="1" />
  <attribute name= "numThreadsSpecified" value="4" />
  <attribute name="heapSize specified" value="0" />
  <attribute name="Current GC Util" value="34" />
  <attribute name= "Current Time Running" value="1737" />
  <attribute name ="GC Interval" value="0" />
  <attribute name="ProportionalT" value="14.000000" />
  <attribute name="ProportionalI" value="14.000000" />
  <attribute name="ProportionalH" value="14.000000" />
  <attribute name="Current Error" value="14.000000" />
  <attribute name="IntegralT" value="14.000000" />
  <attribute name="IntegralI" value="14.000000" />
  <attribute name="IntegralH" value="14.000000" />
  <attribute name="DerivativeT" value="-47.500000" />
  <attribute name="DerivativeI" value="-47.500000" />
  <attribute name="DerivativeH" value="-47.500000" />
  <attribute name="Loop Time for DT" value="1.000000" />
  <attribute name="Output H" value="2091843584"/>
  <attribute name="Output I" value="200"/>
  <attribute name="Output T" value="4"/>
  <attribute name="Target GC Util Change" value ="20.000000" />
  <attribute name="Current GC Util Change" value="34.000000"/>
  <attribute name="GC Util currently" value="34" />
  <attribute name="CPU Util currently" value="7468365803982" />
<exclusive-end id="638" timestamp="2019-06-16T23:11:30.517" durationms="6.584" />

<exclusive-start id="639" timestamp="2019-06-16T23:11:30.536" intervalms="24.957">
  <response-info timems="0.041" idlems="0.041" threads="0" lastid="0000000001D00500" lastname="Thread-7" />
</exclusive-start>
<allocation-taxation id="640" taxation-threshold="24117248" timestamp="2019-06-16T23:11:30.536" intervalms="25.044" />
<cycle-start id="641" type="partial gc" contextid="0" timestamp="2019-06-16T23:11:30.536" intervalms="25.042" />
<gc-start id="642" type="partial gc" contextid="641" timestamp="2019-06-16T23:11:30.536">
  <mem-info id="643" free="0" total="74448896" percent="0">
    <mem type="eden" free="0" total="24117248" percent="0" />
    <arraylet-primitive objects="2" leaves="2" largest="1" />
    <remembered-set count="31168" freebytes="2847104" totalbytes="2971776" percent="95" regionsoverflowed="0" regionsstable="0" regionsrebuilding="0"/>
  </mem-info>
</gc-start>
<allocation-stats totalBytes="24114368" >
  <allocated-bytes non-tlh="0" tlh="24114368" arrayletleaf="0"/>
  <largest-consumer threadName="Thread-8" threadId="0000000001CFC900" bytes="7371976" />
</allocation-stats>
<gc-op id="644" type="mark" timems="1.524" contextid="641" timestamp="2019-06-16T23:11:30.538">
  <trace-info objectcount="30293" scancount="30293" scanbytes="1140732" />
  <cardclean-info objects="9454" bytes="466640" />
  <remembered-set-cleared processed="27290" cleared="661" durationms="0.157" />
  <stringconstants candidates="4597" cleared="0"  />
  <warning details="Mark invoked due to insufficient free space for Copy-Forward" />
</gc-op>
<gc-op id="645" type="classunload" timems="0.003" contextid="641" timestamp="2019-06-16T23:11:30.538">
  <classunload-info classloadercandidates="8" classloadersunloaded="0" classesunloaded="0" anonymousclassesunloaded="0" quiescems="0.000" setupms="0.003" scanms="0.000" postms="0.000" />
</gc-op>
<gc-op id="646" type="sweep" timems="0.335" contextid="641" timestamp="2019-06-16T23:11:30.539" />
<gc-op id="647" type="compact" timems="2.464" contextid="641" timestamp="2019-06-16T23:11:30.541">
  <compact-info movecount="30031" movebytes="1134456" />
  <remembered-set-cleared processed="54824" cleared="1559" durationms="0.157" />
</gc-op>
<heap-resize id="648" type="expand" space="default" amount="1048576" count="1" timems="0.062" reason="insufficient free space following gc" timestamp="2019-06-16T23:11:30.542" />
<gc-end id="649" type="partial gc" contextid="641" durationms="5.805" usertimems="8.000" systemtimems="0.000" timestamp="2019-06-16T23:11:30.542" activeThreads="4">
  <mem-info id="650" free="24117248" total="75497472" percent="31">
    <mem type="eden" free="609208" total="1048576" percent="58" />
    <arraylet-primitive objects="2" leaves="2" largest="1" />
    <remembered-set count="32800" freebytes="2882432" totalbytes="3013632" percent="95" regionsoverflowed="0" regionsstable="0" regionsrebuilding="0"/>
  </mem-info>
</gc-end>
<cycle-end id="651" type="partial gc" contextid="641" timestamp="2019-06-16T23:11:30.542" />
  <attribute name="elasticGC enabled" value="1" />
  <attribute name= "numThreadsSpecified" value="4" />
  <attribute name="heapSize specified" value="0" />
  <attribute name="Current GC Util" value="38" />
  <attribute name= "Current Time Running" value="1762" />
  <attribute name ="GC Interval" value="0" />
  <attribute name="ProportionalT" value="18.000000" />
  <attribute name="ProportionalI" value="18.000000" />
  <attribute name="ProportionalH" value="18.000000" />
  <attribute name="Current Error" value="18.000000" />
  <attribute name="IntegralT" value="18.000000" />
  <attribute name="IntegralI" value="18.000000" />
  <attribute name="IntegralH" value="18.000000" />
  <attribute name="DerivativeT" value="-46.000000" />
  <attribute name="DerivativeI" value="-46.000000" />
  <attribute name="DerivativeH" value="-46.000000" />
  <attribute name="Loop Time for DT" value="1.000000" />
  <attribute name="Output H" value="2091843584"/>
  <attribute name="Output I" value="200"/>
  <attribute name="Output T" value="4"/>
  <attribute name="Target GC Util Change" value ="20.000000" />
  <attribute name="Current GC Util Change" value="38.000000"/>
  <attribute name="GC Util currently" value="38" />
  <attribute name="CPU Util currently" value="8394315813489" />
<exclusive-end id="652" timestamp="2019-06-16T23:11:30.542" durationms="6.598" />

<exclusive-start id="653" timestamp="2019-06-16T23:11:30.560" intervalms="24.028">
  <response-info timems="0.036" idlems="0.036" threads="0" lastid="0000000001D04100" lastname="Thread-9" />
</exclusive-start>
<allocation-taxation id="654" taxation-threshold="24117248" timestamp="2019-06-16T23:11:30.560" intervalms="24.032" />
<cycle-start id="655" type="partial gc" contextid="0" timestamp="2019-06-16T23:11:30.560" intervalms="24.104" />
<gc-start id="656" type="partial gc" contextid="655" timestamp="2019-06-16T23:11:30.560">
  <mem-info id="657" free="0" total="75497472" percent="0">
    <mem type="eden" free="0" total="24117248" percent="0" />
    <arraylet-primitive objects="2" leaves="2" largest="1" />
    <remembered-set count="32768" freebytes="2882560" totalbytes="3013632" percent="95" regionsoverflowed="0" regionsstable="0" regionsrebuilding="0"/>
  </mem-info>
</gc-start>
<allocation-stats totalBytes="24114184" >
  <allocated-bytes non-tlh="0" tlh="24114184" arrayletleaf="0"/>
  <largest-consumer threadName="Thread-8" threadId="0000000001CFC900" bytes="6966496" />
</allocation-stats>
<gc-op id="658" type="mark" timems="2.216" contextid="655" timestamp="2019-06-16T23:11:30.563">
  <trace-info objectcount="27023" scancount="27023" scanbytes="924472" />
  <cardclean-info objects="10919" bytes="532784" />
  <remembered-set-cleared processed="28312" cleared="580" durationms="0.303" />
  <stringconstants candidates="4597" cleared="0"  />
  <warning details="Mark invoked due to insufficient free space for Copy-Forward" />
</gc-op>
<gc-op id="659" type="classunload" timems="0.003" contextid="655" timestamp="2019-06-16T23:11:30.563">
  <classunload-info classloadercandidates="8" classloadersunloaded="0" classesunloaded="0" anonymousclassesunloaded="0" quiescems="0.000" setupms="0.002" scanms="0.000" postms="0.000" />
</gc-op>
<gc-op id="660" type="sweep" timems="0.469" contextid="655" timestamp="2019-06-16T23:11:30.564" />
<gc-op id="661" type="compact" timems="2.550" contextid="655" timestamp="2019-06-16T23:11:30.567">
  <compact-info movecount="26269" movebytes="906384" />
  <remembered-set-cleared processed="56889" cleared="1418" durationms="0.303" />
</gc-op>
<heap-resize id="662" type="expand" space="default" amount="1048576" count="1" timems="0.066" reason="insufficient free space following gc" timestamp="2019-06-16T23:11:30.567" />
<gc-end id="663" type="partial gc" contextid="655" durationms="6.821" usertimems="4.000" systemtimems="4.000" timestamp="2019-06-16T23:11:30.567" activeThreads="4">
  <mem-info id="664" free="24117248" total="76546048" percent="31">
    <mem type="eden" free="554464" total="1048576" percent="52" />
    <arraylet-primitive objects="2" leaves="2" largest="1" />
    <remembered-set count="33888" freebytes="2919936" totalbytes="3055488" percent="95" regionsoverflowed="0" regionsstable="0" regionsrebuilding="0"/>
  </mem-info>
</gc-end>
<cycle-end id="665" type="partial gc" contextid="655" timestamp="2019-06-16T23:11:30.567" />
  <attribute name="elasticGC enabled" value="1" />
  <attribute name= "numThreadsSpecified" value="4" />
  <attribute name="heapSize specified" value="0" />
  <attribute name="Current GC Util" value="40" />
  <attribute name= "Current Time Running" value="1787" />
  <attribute name ="GC Interval" value="0" />
  <attribute name="ProportionalT" value="20.000000" />
  <attribute name="ProportionalI" value="20.000000" />
  <attribute name="ProportionalH" value="20.000000" />
  <attribute name="Current Error" value="20.000000" />
  <attribute name="IntegralT" value="20.000000" />
  <attribute name="IntegralI" value="20.000000" />
  <attribute name="IntegralH" value="20.000000" />
  <attribute name="DerivativeT" value="10.000000" />
  <attribute name="DerivativeI" value="10.000000" />
  <attribute name="DerivativeH" value="10.000000" />
  <attribute name="Loop Time for DT" value="1.000000" />
  <attribute name="Output H" value="8388608"/>
  <attribute name="Output I" value="200"/>
  <attribute name="Output T" value="4"/>
  <attribute name="Target GC Util Change" value ="20.000000" />
  <attribute name="Current GC Util Change" value="40.000000"/>
  <attribute name="GC Util currently" value="40" />
  <attribute name="CPU Util currently" value="6433758620039" />
<exclusive-end id="666" timestamp="2019-06-16T23:11:30.568" durationms="7.763" />

<exclusive-start id="667" timestamp="2019-06-16T23:11:30.583" intervalms="22.905">
  <response-info timems="0.029" idlems="0.029" threads="0" lastid="0000000001D04100" lastname="Thread-9" />
</exclusive-start>
<allocation-taxation id="668" taxation-threshold="24117248" timestamp="2019-06-16T23:11:30.583" intervalms="22.868" />
<cycle-start id="669" type="partial gc" contextid="0" timestamp="2019-06-16T23:11:30.583" intervalms="22.840" />
<gc-start id="670" type="partial gc" contextid="669" timestamp="2019-06-16T23:11:30.583">
  <mem-info id="671" free="0" total="76546048" percent="0">
    <mem type="eden" free="0" total="24117248" percent="0" />
    <arraylet-primitive objects="2" leaves="2" largest="1" />
    <remembered-set count="33568" freebytes="2921216" totalbytes="3055488" percent="95" regionsoverflowed="0" regionsstable="0" regionsrebuilding="0"/>
  </mem-info>
</gc-start>
<allocation-stats totalBytes="24114488" >
  <allocated-bytes non-tlh="0" tlh="24114488" arrayletleaf="0"/>
  <largest-consumer threadName="Thread-9" threadId="0000000001D04100" bytes="7060728" />
</allocation-stats>
<gc-op id="672" type="mark" timems="1.657" contextid="669" timestamp="2019-06-16T23:11:30.585">
  <trace-info objectcount="28352" scancount="28352" scanbytes="1093892" />
  <cardclean-info objects="10532" bytes="518000" />
  <remembered-set-cleared processed="29387" cleared="656" durationms="0.182" />
  <stringconstants candidates="4597" cleared="0"  />
  <warning details="Mark invoked due to insufficient free space for Copy-Forward" />
</gc-op>
<gc-op id="673" type="classunload" timems="0.002" contextid="669" timestamp="2019-06-16T23:11:30.585">
  <classunload-info classloadercandidates="8" classloadersunloaded="0" classesunloaded="0" anonymousclassesunloaded="0" quiescems="0.000" setupms="0.002" scanms="0.000" postms="0.000" />
</gc-op>
<gc-op id="674" type="sweep" timems="0.366" contextid="669" timestamp="2019-06-16T23:11:30.586" />
<gc-op id="675" type="compact" timems="2.024" contextid="669" timestamp="2019-06-16T23:11:30.588">
  <compact-info movecount="28251" movebytes="1091480" />
  <remembered-set-cleared processed="58914" cleared="1445" durationms="0.182" />
</gc-op>
<heap-resize id="676" type="expand" space="default" amount="2097152" count="1" timems="0.067" reason="insufficient free space following gc" timestamp="2019-06-16T23:11:30.588" />
<gc-end id="677" type="partial gc" contextid="669" durationms="5.494" usertimems="8.000" systemtimems="0.000" timestamp="2019-06-16T23:11:30.589" activeThreads="4">
  <mem-info id="678" free="25165824" total="78643200" percent="32">
    <mem type="eden" free="149504" total="1048576" percent="14" />
    <arraylet-primitive objects="2" leaves="2" largest="1" />
    <remembered-set count="34496" freebytes="3001216" totalbytes="3139200" percent="95" regionsoverflowed="0" regionsstable="0" regionsrebuilding="0"/>
  </mem-info>
</gc-end>
<cycle-end id="679" type="partial gc" contextid="669" timestamp="2019-06-16T23:11:30.589" />
  <attribute name="elasticGC enabled" value="1" />
  <attribute name= "numThreadsSpecified" value="4" />
  <attribute name="heapSize specified" value="0" />
  <attribute name="Current GC Util" value="35" />
  <attribute name= "Current Time Running" value="1809" />
  <attribute name ="GC Interval" value="0" />
  <attribute name="ProportionalT" value="15.000000" />
  <attribute name="ProportionalI" value="15.000000" />
  <attribute name="ProportionalH" value="15.000000" />
  <attribute name="Current Error" value="15.000000" />
  <attribute name="IntegralT" value="15.000000" />
  <attribute name="IntegralI" value="15.000000" />
  <attribute name="IntegralH" value="15.000000" />
  <attribute name="DerivativeT" value="-43.000000" />
  <attribute name="DerivativeI" value="-43.000000" />
  <attribute name="DerivativeH" value="-43.000000" />
  <attribute name="Loop Time for DT" value="1.000000" />
  <attribute name="Output H" value="2091843584"/>
  <attribute name="Output I" value="200"/>
  <attribute name="Output T" value="4"/>
  <attribute name="Target GC Util Change" value ="20.000000" />
  <attribute name="Current GC Util Change" value="35.000000"/>
  <attribute name="GC Util currently" value="35" />
  <attribute name="CPU Util currently" value="7601250055255" />
<exclusive-end id="680" timestamp="2019-06-16T23:11:30.589" durationms="6.356" />

<exclusive-start id="681" timestamp="2019-06-16T23:11:30.605" intervalms="21.943">
  <response-info timems="0.025" idlems="0.025" threads="0" lastid="0000000001D04100" lastname="Thread-9" />
</exclusive-start>
<allocation-taxation id="682" taxation-threshold="25165824" timestamp="2019-06-16T23:11:30.605" intervalms="21.973" />
<cycle-start id="683" type="partial gc" contextid="0" timestamp="2019-06-16T23:11:30.605" intervalms="21.999" />
<gc-start id="684" type="partial gc" contextid="683" timestamp="2019-06-16T23:11:30.605">
  <mem-info id="685" free="0" total="78643200" percent="0">
    <mem type="eden" free="0" total="25165824" percent="0" />
    <arraylet-primitive objects="2" leaves="2" largest="1" />
    <remembered-set count="34496" freebytes="3001216" totalbytes="3139200" percent="95" regionsoverflowed="0" regionsstable="0" regionsrebuilding="0"/>
  </mem-info>
</gc-start>
<allocation-stats totalBytes="25162632" >
  <allocated-bytes non-tlh="0" tlh="25162632" arrayletleaf="0"/>
  <largest-consumer threadName="Thread-9" threadId="0000000001D04100" bytes="7044192" />
</allocation-stats>
<gc-op id="686" type="mark" timems="1.568" contextid="683" timestamp="2019-06-16T23:11:30.607">
  <trace-info objectcount="28465" scancount="28465" scanbytes="1096468" />
  <cardclean-info objects="3922" bytes="197384" />
  <remembered-set-cleared processed="30484" cleared="436" durationms="0.170" />
  <stringconstants candidates="4597" cleared="0"  />
  <warning details="Mark invoked due to insufficient free space for Copy-Forward" />
</gc-op>
<gc-op id="687" type="classunload" timems="0.002" contextid="683" timestamp="2019-06-16T23:11:30.607">
  <classunload-info classloadercandidates="8" classloadersunloaded="0" classesunloaded="0" anonymousclassesunloaded="0" quiescems="0.000" setupms="0.002" scanms="0.000" postms="0.000" />
</gc-op>
<gc-op id="688" type="sweep" timems="0.428" contextid="683" timestamp="2019-06-16T23:11:30.608" />
<gc-op id="689" type="compact" timems="2.390" contextid="683" timestamp="2019-06-16T23:11:30.611">
  <compact-info movecount="8584" movebytes="207208" />
  <remembered-set-cleared processed="61267" cleared="1163" durationms="0.170" />
</gc-op>
<heap-resize id="690" type="expand" space="default" amount="1048576" count="1" timems="0.063" reason="insufficient free space following gc" timestamp="2019-06-16T23:11:30.611" />
<gc-end id="691" type="partial gc" contextid="683" durationms="6.028" usertimems="4.000" systemtimems="4.000" timestamp="2019-06-16T23:11:30.611" activeThreads="4">
  <mem-info id="692" free="25165824" total="79691776" percent="31">
    <mem type="eden" free="844056" total="1048576" percent="80" />
    <arraylet-primitive objects="2" leaves="2" largest="1" />
    <remembered-set count="35872" freebytes="3037568" totalbytes="3181056" percent="95" regionsoverflowed="0" regionsstable="0" regionsrebuilding="0"/>
  </mem-info>
</gc-end>
<cycle-end id="693" type="partial gc" contextid="683" timestamp="2019-06-16T23:11:30.611" />
  <attribute name="elasticGC enabled" value="1" />
  <attribute name= "numThreadsSpecified" value="4" />
  <attribute name="heapSize specified" value="0" />
  <attribute name="Current GC Util" value="36" />
  <attribute name= "Current Time Running" value="1831" />
  <attribute name ="GC Interval" value="0" />
  <attribute name="ProportionalT" value="16.000000" />
  <attribute name="ProportionalI" value="16.000000" />
  <attribute name="ProportionalH" value="16.000000" />
  <attribute name="Current Error" value="16.000000" />
  <attribute name="IntegralT" value="16.000000" />
  <attribute name="IntegralI" value="16.000000" />
  <attribute name="IntegralH" value="16.000000" />
  <attribute name="DerivativeT" value="-42.500000" />
  <attribute name="DerivativeI" value="-42.500000" />
  <attribute name="DerivativeH" value="-42.500000" />
  <attribute name="Loop Time for DT" value="1.000000" />
  <attribute name="Output H" value="2091843584"/>
  <attribute name="Output I" value="200"/>
  <attribute name="Output T" value="4"/>
  <attribute name="Target GC Util Change" value ="20.000000" />
  <attribute name="Current GC Util Change" value="36.000000"/>
  <attribute name="GC Util currently" value="36" />
  <attribute name="CPU Util currently" value="6856149337348" />
<exclusive-end id="694" timestamp="2019-06-16T23:11:30.611" durationms="6.803" />

<exclusive-start id="695" timestamp="2019-06-16T23:11:30.627" intervalms="22.449">
  <response-info timems="0.026" idlems="0.026" threads="0" lastid="0000000001CF8D00" lastname="Thread-10" />
</exclusive-start>
<allocation-taxation id="696" taxation-threshold="25165824" timestamp="2019-06-16T23:11:30.627" intervalms="22.445" />
<cycle-start id="697" type="partial gc" contextid="0" timestamp="2019-06-16T23:11:30.627" intervalms="22.472" />
<gc-start id="698" type="partial gc" contextid="697" timestamp="2019-06-16T23:11:30.628">
  <mem-info id="699" free="0" total="79691776" percent="0">
    <mem type="eden" free="0" total="25165824" percent="0" />
    <arraylet-primitive objects="2" leaves="2" largest="1" />
    <remembered-set count="35456" freebytes="3039232" totalbytes="3181056" percent="95" regionsoverflowed="0" regionsstable="0" regionsrebuilding="0"/>
  </mem-info>
</gc-start>
<allocation-stats totalBytes="25162536" >
  <allocated-bytes non-tlh="0" tlh="25162536" arrayletleaf="0"/>
  <largest-consumer threadName="Thread-9" threadId="0000000001D04100" bytes="6872152" />
</allocation-stats>
<gc-op id="700" type="mark" timems="2.368" contextid="697" timestamp="2019-06-16T23:11:30.630">
  <trace-info objectcount="30026" scancount="30026" scanbytes="1133812" />
  <cardclean-info objects="12982" bytes="635336" />
  <remembered-set-cleared processed="31065" cleared="549" durationms="0.326" />
  <stringconstants candidates="4597" cleared="0"  />
  <warning details="Mark invoked due to insufficient free space for Copy-Forward" />
</gc-op>
<gc-op id="701" type="classunload" timems="0.002" contextid="697" timestamp="2019-06-16T23:11:30.631">
  <classunload-info classloadercandidates="8" classloadersunloaded="0" classesunloaded="0" anonymousclassesunloaded="0" quiescems="0.000" setupms="0.002" scanms="0.000" postms="0.000" />
</gc-op>
<gc-op id="702" type="sweep" timems="0.464" contextid="697" timestamp="2019-06-16T23:11:30.631" />
<gc-op id="703" type="compact" timems="4.031" contextid="697" timestamp="2019-06-16T23:11:30.636">
  <compact-info movecount="29417" movebytes="1119208" />
  <remembered-set-cleared processed="62394" cleared="1355" durationms="0.326" />
</gc-op>
<heap-resize id="704" type="expand" space="default" amount="2097152" count="1" timems="0.059" reason="insufficient free space following gc" timestamp="2019-06-16T23:11:30.636" />
<gc-end id="705" type="partial gc" contextid="697" durationms="8.407" usertimems="8.000" systemtimems="0.000" timestamp="2019-06-16T23:11:30.636" activeThreads="1">
  <mem-info id="706" free="26214400" total="81788928" percent="32">
    <mem type="eden" free="112488" total="1048576" percent="10" />
    <arraylet-primitive objects="2" leaves="2" largest="1" />
    <remembered-set count="36384" freebytes="3119232" totalbytes="3264768" percent="95" regionsoverflowed="0" regionsstable="0" regionsrebuilding="0"/>
  </mem-info>
</gc-end>
<cycle-end id="707" type="partial gc" contextid="697" timestamp="2019-06-16T23:11:30.636" />
  <attribute name="elasticGC enabled" value="1" />
  <attribute name= "numThreadsSpecified" value="1" />
  <attribute name="heapSize specified" value="0" />
  <attribute name="Current GC Util" value="37" />
  <attribute name= "Current Time Running" value="1854" />
  <attribute name ="GC Interval" value="0" />
  <attribute name="ProportionalT" value="17.000000" />
  <attribute name="ProportionalI" value="17.000000" />
  <attribute name="ProportionalH" value="17.000000" />
  <attribute name="Current Error" value="17.000000" />
  <attribute name="IntegralT" value="0.000000" />
  <attribute name="IntegralI" value="0.000000" />
  <attribute name="IntegralH" value="0.000000" />
  <attribute name="DerivativeT" value="inf" />
  <attribute name="DerivativeI" value="inf" />
  <attribute name="DerivativeH" value="inf" />
  <attribute name="Loop Time for DT" value="0.000000" />
  <attribute name="Output H" value="8388608"/>
  <attribute name="Output I" value="200"/>
  <attribute name="Output T" value="1"/>
  <attribute name="Target GC Util Change" value ="20.000000" />
  <attribute name="Current GC Util Change" value="37.000000"/>
  <attribute name="GC Util currently" value="37" />
  <attribute name="CPU Util currently" value="6725309578307" />
<exclusive-end id="708" timestamp="2019-06-16T23:11:30.636" durationms="9.372" />

<exclusive-start id="709" timestamp="2019-06-16T23:11:30.653" intervalms="25.844">
  <response-info timems="0.024" idlems="0.024" threads="0" lastid="0000000001D00500" lastname="Thread-7" />
</exclusive-start>
<allocation-taxation id="710" taxation-threshold="26214400" timestamp="2019-06-16T23:11:30.653" intervalms="25.849" />
<cycle-start id="711" type="partial gc" contextid="0" timestamp="2019-06-16T23:11:30.653" intervalms="25.874" />
<gc-start id="712" type="partial gc" contextid="711" timestamp="2019-06-16T23:11:30.654">
  <mem-info id="713" free="0" total="81788928" percent="0">
    <mem type="eden" free="0" total="26214400" percent="0" />
    <arraylet-primitive objects="2" leaves="2" largest="1" />
    <remembered-set count="36288" freebytes="3119616" totalbytes="3264768" percent="95" regionsoverflowed="0" regionsstable="0" regionsrebuilding="0"/>
  </mem-info>
</gc-start>
<allocation-stats totalBytes="26211080" >
  <allocated-bytes non-tlh="0" tlh="26211080" arrayletleaf="0"/>
  <largest-consumer threadName="Thread-9" threadId="0000000001D04100" bytes="7036024" />
</allocation-stats>
<gc-op id="714" type="mark" timems="2.125" contextid="711" timestamp="2019-06-16T23:11:30.656">
  <trace-info objectcount="25618" scancount="25618" scanbytes="1028340" />
  <cardclean-info objects="6401" bytes="320816" />
  <remembered-set-cleared processed="32390" cleared="766" durationms="0.347" />
  <stringconstants candidates="4597" cleared="0"  />
  <warning details="Mark invoked due to insufficient free space for Copy-Forward" />
</gc-op>
<gc-op id="715" type="classunload" timems="0.003" contextid="711" timestamp="2019-06-16T23:11:30.656">
  <classunload-info classloadercandidates="8" classloadersunloaded="0" classesunloaded="0" anonymousclassesunloaded="0" quiescems="0.000" setupms="0.003" scanms="0.000" postms="0.000" />
</gc-op>
<gc-op id="716" type="sweep" timems="0.537" contextid="711" timestamp="2019-06-16T23:11:30.657" />
<gc-op id="717" type="compact" timems="2.897" contextid="711" timestamp="2019-06-16T23:11:30.660">
  <compact-info movecount="25584" movebytes="1027536" />
  <remembered-set-cleared processed="65012" cleared="1757" durationms="0.347" />
</gc-op>
<heap-resize id="718" type="expand" space="default" amount="1048576" count="1" timems="0.065" reason="insufficient free space following gc" timestamp="2019-06-16T23:11:30.661" />
<gc-end id="719" type="partial gc" contextid="711" durationms="7.232" usertimems="4.000" systemtimems="4.000" timestamp="2019-06-16T23:11:30.661" activeThreads="4">
  <mem-info id="720" free="26214400" total="82837504" percent="31">
    <mem type="eden" free="950608" total="1048576" percent="90" />
    <arraylet-primitive objects="2" leaves="2" largest="1" />
    <remembered-set count="37440" freebytes="3156864" totalbytes="3306624" percent="95" regionsoverflowed="0" regionsstable="0" regionsrebuilding="0"/>
  </mem-info>
</gc-end>
<cycle-end id="721" type="partial gc" contextid="711" timestamp="2019-06-16T23:11:30.661" />
  <attribute name="elasticGC enabled" value="1" />
  <attribute name= "numThreadsSpecified" value="4" />
  <attribute name="heapSize specified" value="0" />
  <attribute name="Current GC Util" value="36" />
  <attribute name= "Current Time Running" value="1880" />
  <attribute name ="GC Interval" value="0" />
  <attribute name="ProportionalT" value="16.000000" />
  <attribute name="ProportionalI" value="16.000000" />
  <attribute name="ProportionalH" value="16.000000" />
  <attribute name="Current Error" value="16.000000" />
  <attribute name="IntegralT" value="16.000000" />
  <attribute name="IntegralI" value="16.000000" />
  <attribute name="IntegralH" value="16.000000" />
  <attribute name="DerivativeT" value="8.000000" />
  <attribute name="DerivativeI" value="8.000000" />
  <attribute name="DerivativeH" value="8.000000" />
  <attribute name="Loop Time for DT" value="1.000000" />
  <attribute name="Output H" value="8388608"/>
  <attribute name="Output I" value="200"/>
  <attribute name="Output T" value="4"/>
  <attribute name="Target GC Util Change" value ="20.000000" />
  <attribute name="Current GC Util Change" value="36.000000"/>
  <attribute name="GC Util currently" value="36" />
  <attribute name="CPU Util currently" value="5859665942174" />
<exclusive-end id="722" timestamp="2019-06-16T23:11:30.661" durationms="8.292" />

<exclusive-start id="723" timestamp="2019-06-16T23:11:30.680" intervalms="26.776">
  <response-info timems="0.033" idlems="0.033" threads="0" lastid="0000000001CF8D00" lastname="Thread-10" />
</exclusive-start>
<allocation-taxation id="724" taxation-threshold="26214400" timestamp="2019-06-16T23:11:30.680" intervalms="26.845" />
<cycle-start id="725" type="partial gc" contextid="0" timestamp="2019-06-16T23:11:30.680" intervalms="26.832" />
<gc-start id="726" type="partial gc" contextid="725" timestamp="2019-06-16T23:11:30.680">
  <mem-info id="727" free="0" total="82837504" percent="0">
    <mem type="eden" free="0" total="26214400" percent="0" />
    <arraylet-primitive objects="2" leaves="2" largest="1" />
    <remembered-set count="37184" freebytes="3157888" totalbytes="3306624" percent="95" regionsoverflowed="0" regionsstable="0" regionsrebuilding="0"/>
  </mem-info>
</gc-start>
<allocation-stats totalBytes="26211296" >
  <allocated-bytes non-tlh="0" tlh="26211296" arrayletleaf="0"/>
  <largest-consumer threadName="Thread-7" threadId="0000000001D00500" bytes="7699504" />
</allocation-stats>
<gc-op id="728" type="mark" timems="1.478" contextid="725" timestamp="2019-06-16T23:11:30.682">
  <trace-info objectcount="14319" scancount="14319" scanbytes="482276" />
  <cardclean-info objects="10205" bytes="493472" />
  <remembered-set-cleared processed="33178" cleared="476" durationms="0.176" />
  <stringconstants candidates="4597" cleared="0"  />
  <warning details="Mark invoked due to insufficient free space for Copy-Forward" />
</gc-op>
<gc-op id="729" type="classunload" timems="0.003" contextid="725" timestamp="2019-06-16T23:11:30.682">
  <classunload-info classloadercandidates="8" classloadersunloaded="0" classesunloaded="0" anonymousclassesunloaded="0" quiescems="0.000" setupms="0.003" scanms="0.000" postms="0.000" />
</gc-op>
<gc-op id="730" type="sweep" timems="0.336" contextid="725" timestamp="2019-06-16T23:11:30.683" />
<gc-op id="731" type="compact" timems="1.823" contextid="725" timestamp="2019-06-16T23:11:30.685">
  <compact-info movecount="13848" movebytes="470976" />
  <remembered-set-cleared processed="66573" cleared="1163" durationms="0.176" />
</gc-op>
<heap-resize id="732" type="expand" space="default" amount="2097152" count="1" timems="0.061" reason="insufficient free space following gc" timestamp="2019-06-16T23:11:30.685" />
<gc-end id="733" type="partial gc" contextid="725" durationms="4.890" usertimems="8.000" systemtimems="0.000" timestamp="2019-06-16T23:11:30.685" activeThreads="4">
  <mem-info id="734" free="27262976" total="84934656" percent="32">
    <mem type="eden" free="656344" total="1048576" percent="62" />
    <arraylet-primitive objects="2" leaves="2" largest="1" />
    <remembered-set count="38176" freebytes="3237632" totalbytes="3390336" percent="95" regionsoverflowed="0" regionsstable="0" regionsrebuilding="0"/>
  </mem-info>
</gc-end>
<cycle-end id="735" type="partial gc" contextid="725" timestamp="2019-06-16T23:11:30.685" />
  <attribute name="elasticGC enabled" value="1" />
  <attribute name= "numThreadsSpecified" value="4" />
  <attribute name="heapSize specified" value="0" />
  <attribute name="Current GC Util" value="45" />
  <attribute name= "Current Time Running" value="1906" />
  <attribute name ="GC Interval" value="0" />
  <attribute name="ProportionalT" value="25.000000" />
  <attribute name="ProportionalI" value="25.000000" />
  <attribute name="ProportionalH" value="25.000000" />
  <attribute name="Current Error" value="25.000000" />
  <attribute name="IntegralT" value="25.000000" />
  <attribute name="IntegralI" value="25.000000" />
  <attribute name="IntegralH" value="25.000000" />
  <attribute name="DerivativeT" value="-38.000000" />
  <attribute name="DerivativeI" value="-38.000000" />
  <attribute name="DerivativeH" value="-38.000000" />
  <attribute name="Loop Time for DT" value="1.000000" />
  <attribute name="Output H" value="8388608"/>
  <attribute name="Output I" value="200"/>
  <attribute name="Output T" value="4"/>
  <attribute name="Target GC Util Change" value ="20.000000" />
  <attribute name="Current GC Util Change" value="45.000000"/>
  <attribute name="GC Util currently" value="45" />
  <attribute name="CPU Util currently" value="8579944797485" />
<exclusive-end id="736" timestamp="2019-06-16T23:11:30.686" durationms="5.829" />

<exclusive-start id="737" timestamp="2019-06-16T23:11:30.708" intervalms="28.522">
  <response-info timems="0.031" idlems="0.031" threads="0" lastid="0000000001D04100" lastname="Thread-9" />
</exclusive-start>
<allocation-taxation id="738" taxation-threshold="27262976" timestamp="2019-06-16T23:11:30.708" intervalms="28.451" />
<cycle-start id="739" type="partial gc" contextid="0" timestamp="2019-06-16T23:11:30.708" intervalms="28.382" />
<gc-start id="740" type="partial gc" contextid="739" timestamp="2019-06-16T23:11:30.709">
  <mem-info id="741" free="0" total="84934656" percent="0">
    <mem type="eden" free="0" total="27262976" percent="0" />
    <arraylet-primitive objects="2" leaves="2" largest="1" />
    <remembered-set count="38176" freebytes="3237632" totalbytes="3390336" percent="95" regionsoverflowed="0" regionsstable="0" regionsrebuilding="0"/>
  </mem-info>
</gc-start>
<allocation-stats totalBytes="27259584" >
  <allocated-bytes non-tlh="0" tlh="27259584" arrayletleaf="0"/>
  <largest-consumer threadName="Thread-9" threadId="0000000001D04100" bytes="9313160" />
</allocation-stats>
<gc-op id="742" type="mark" timems="2.213" contextid="739" timestamp="2019-06-16T23:11:30.711">
  <trace-info objectcount="21021" scancount="21021" scanbytes="780400" />
  <cardclean-info objects="10388" bytes="507224" />
  <remembered-set-cleared processed="34026" cleared="773" durationms="0.365" />
  <stringconstants candidates="4597" cleared="0"  />
  <warning details="Mark invoked due to insufficient free space for Copy-Forward" />
</gc-op>
<gc-op id="743" type="classunload" timems="0.002" contextid="739" timestamp="2019-06-16T23:11:30.711">
  <classunload-info classloadercandidates="8" classloadersunloaded="0" classesunloaded="0" anonymousclassesunloaded="0" quiescems="0.000" setupms="0.001" scanms="0.000" postms="0.000" />
</gc-op>
<gc-op id="744" type="sweep" timems="0.462" contextid="739" timestamp="2019-06-16T23:11:30.712" />
<gc-op id="745" type="compact" timems="2.098" contextid="739" timestamp="2019-06-16T23:11:30.714">
  <compact-info movecount="19533" movebytes="744696" />
  <remembered-set-cleared processed="68354" cleared="1841" durationms="0.365" />
</gc-op>
<heap-resize id="746" type="expand" space="default" amount="1048576" count="1" timems="0.052" reason="insufficient free space following gc" timestamp="2019-06-16T23:11:30.715" />
<gc-end id="747" type="partial gc" contextid="739" durationms="6.060" usertimems="12.000" systemtimems="0.000" timestamp="2019-06-16T23:11:30.715" activeThreads="4">
  <mem-info id="748" free="27262976" total="85983232" percent="31">
    <mem type="eden" free="653392" total="1048576" percent="62" />
    <arraylet-primitive objects="2" leaves="2" largest="1" />
    <remembered-set count="39744" freebytes="3273216" totalbytes="3432192" percent="95" regionsoverflowed="0" regionsstable="0" regionsrebuilding="0"/>
  </mem-info>
</gc-end>
<cycle-end id="749" type="partial gc" contextid="739" timestamp="2019-06-16T23:11:30.715" />
  <attribute name="elasticGC enabled" value="1" />
  <attribute name= "numThreadsSpecified" value="4" />
  <attribute name="heapSize specified" value="0" />
  <attribute name="Current GC Util" value="46" />
  <attribute name= "Current Time Running" value="1935" />
  <attribute name ="GC Interval" value="0" />
  <attribute name="ProportionalT" value="26.000000" />
  <attribute name="ProportionalI" value="26.000000" />
  <attribute name="ProportionalH" value="26.000000" />
  <attribute name="Current Error" value="26.000000" />
  <attribute name="IntegralT" value="26.000000" />
  <attribute name="IntegralI" value="26.000000" />
  <attribute name="IntegralH" value="26.000000" />
  <attribute name="DerivativeT" value="13.000000" />
  <attribute name="DerivativeI" value="13.000000" />
  <attribute name="DerivativeH" value="13.000000" />
  <attribute name="Loop Time for DT" value="1.000000" />
  <attribute name="Output H" value="8388608"/>
  <attribute name="Output I" value="200"/>
  <attribute name="Output T" value="4"/>
  <attribute name="Target GC Util Change" value ="20.000000" />
  <attribute name="Current GC Util Change" value="46.000000"/>
  <attribute name="GC Util currently" value="46" />
  <attribute name="CPU Util currently" value="6732997743895" />
<exclusive-end id="750" timestamp="2019-06-16T23:11:30.715" durationms="6.906" />

<exclusive-start id="751" timestamp="2019-06-16T23:11:30.737" intervalms="29.035">
  <response-info timems="0.032" idlems="0.032" threads="0" lastid="0000000001CF8D00" lastname="Thread-10" />
</exclusive-start>
<allocation-taxation id="752" taxation-threshold="27262976" timestamp="2019-06-16T23:11:30.737" intervalms="29.054" />
<cycle-start id="753" type="partial gc" contextid="0" timestamp="2019-06-16T23:11:30.737" intervalms="29.025" />
<gc-start id="754" type="partial gc" contextid="753" timestamp="2019-06-16T23:11:30.738">
  <mem-info id="755" free="0" total="85983232" percent="0">
    <mem type="eden" free="0" total="27262976" percent="0" />
    <arraylet-primitive objects="2" leaves="2" largest="1" />
    <remembered-set count="39552" freebytes="3273984" totalbytes="3432192" percent="95" regionsoverflowed="0" regionsstable="0" regionsrebuilding="0"/>
  </mem-info>
</gc-start>
<allocation-stats totalBytes="27259888" >
  <allocated-bytes non-tlh="0" tlh="27259888" arrayletleaf="0"/>
  <largest-consumer threadName="Thread-10" threadId="0000000001CF8D00" bytes="9096104" />
</allocation-stats>
<gc-op id="756" type="mark" timems="1.871" contextid="753" timestamp="2019-06-16T23:11:30.740">
  <trace-info objectcount="13857" scancount="13857" scanbytes="470668" />
  <cardclean-info objects="8579" bytes="416480" />
  <remembered-set-cleared processed="35026" cleared="766" durationms="0.371" />
  <stringconstants candidates="4597" cleared="0"  />
  <warning details="Mark invoked due to insufficient free space for Copy-Forward" />
</gc-op>
<gc-op id="757" type="classunload" timems="0.002" contextid="753" timestamp="2019-06-16T23:11:30.740">
  <classunload-info classloadercandidates="8" classloadersunloaded="0" classesunloaded="0" anonymousclassesunloaded="0" quiescems="0.000" setupms="0.002" scanms="0.000" postms="0.000" />
</gc-op>
<gc-op id="758" type="sweep" timems="0.404" contextid="753" timestamp="2019-06-16T23:11:30.741" />
<gc-op id="759" type="compact" timems="1.849" contextid="753" timestamp="2019-06-16T23:11:30.743">
  <compact-info movecount="13677" movebytes="466352" />
  <remembered-set-cleared processed="70251" cleared="1724" durationms="0.371" />
</gc-op>
<heap-resize id="760" type="expand" space="default" amount="1048576" count="1" timems="0.064" reason="insufficient free space following gc" timestamp="2019-06-16T23:11:30.743" />
<gc-end id="761" type="partial gc" contextid="753" durationms="5.500" usertimems="8.000" systemtimems="0.000" timestamp="2019-06-16T23:11:30.743" activeThreads="4">
  <mem-info id="762" free="27262976" total="87031808" percent="31">
    <mem type="eden" free="966824" total="1048576" percent="92" />
    <arraylet-primitive objects="2" leaves="2" largest="1" />
    <remembered-set count="39808" freebytes="3314816" totalbytes="3474048" percent="95" regionsoverflowed="0" regionsstable="0" regionsrebuilding="0"/>
  </mem-info>
</gc-end>
<cycle-end id="763" type="partial gc" contextid="753" timestamp="2019-06-16T23:11:30.743" />
  <attribute name="elasticGC enabled" value="1" />
  <attribute name= "numThreadsSpecified" value="4" />
  <attribute name="heapSize specified" value="0" />
  <attribute name="Current GC Util" value="37" />
  <attribute name= "Current Time Running" value="1964" />
  <attribute name ="GC Interval" value="0" />
  <attribute name="ProportionalT" value="17.000000" />
  <attribute name="ProportionalI" value="17.000000" />
  <attribute name="ProportionalH" value="17.000000" />
  <attribute name="Current Error" value="17.000000" />
  <attribute name="IntegralT" value="17.000000" />
  <attribute name="IntegralI" value="17.000000" />
  <attribute name="IntegralH" value="17.000000" />
  <attribute name="DerivativeT" value="8.500000" />
  <attribute name="DerivativeI" value="8.500000" />
  <attribute name="DerivativeH" value="8.500000" />
  <attribute name="Loop Time for DT" value="1.000000" />
  <attribute name="Output H" value="8388608"/>
  <attribute name="Output I" value="200"/>
  <attribute name="Output T" value="4"/>
  <attribute name="Target GC Util Change" value ="20.000000" />
  <attribute name="Current GC Util Change" value="37.000000"/>
  <attribute name="GC Util currently" value="37" />
  <attribute name="CPU Util currently" value="7406831723220" />
<exclusive-end id="764" timestamp="2019-06-16T23:11:30.743" durationms="6.253" />

<exclusive-start id="765" timestamp="2019-06-16T23:11:30.767" intervalms="29.706">
  <response-info timems="0.061" idlems="0.033" threads="1" lastid="0000000001CFC900" lastname="Thread-8" />
</exclusive-start>
<allocation-taxation id="766" taxation-threshold="27262976" timestamp="2019-06-16T23:11:30.767" intervalms="29.690" />
<cycle-start id="767" type="partial gc" contextid="0" timestamp="2019-06-16T23:11:30.767" intervalms="29.694" />
<gc-start id="768" type="partial gc" contextid="767" timestamp="2019-06-16T23:11:30.767">
  <mem-info id="769" free="0" total="87031808" percent="0">
    <mem type="eden" free="0" total="27262976" percent="0" />
    <arraylet-primitive objects="2" leaves="2" largest="1" />
    <remembered-set count="39616" freebytes="3315584" totalbytes="3474048" percent="95" regionsoverflowed="0" regionsstable="0" regionsrebuilding="0"/>
  </mem-info>
</gc-start>
<allocation-stats totalBytes="27259576" >
  <allocated-bytes non-tlh="0" tlh="27259576" arrayletleaf="0"/>
  <largest-consumer threadName="Thread-9" threadId="0000000001D04100" bytes="9309128" />
</allocation-stats>
<gc-op id="770" type="mark" timems="1.872" contextid="767" timestamp="2019-06-16T23:11:30.770">
  <trace-info objectcount="12279" scancount="12279" scanbytes="433036" />
  <cardclean-info objects="7879" bytes="382640" />
  <remembered-set-cleared processed="35887" cleared="702" durationms="0.382" />
  <stringconstants candidates="4597" cleared="0"  />
  <warning details="Mark invoked due to insufficient free space for Copy-Forward" />
</gc-op>
<gc-op id="771" type="classunload" timems="0.002" contextid="767" timestamp="2019-06-16T23:11:30.770">
  <classunload-info classloadercandidates="8" classloadersunloaded="0" classesunloaded="0" anonymousclassesunloaded="0" quiescems="0.000" setupms="0.002" scanms="0.000" postms="0.000" />
</gc-op>
<gc-op id="772" type="sweep" timems="0.444" contextid="767" timestamp="2019-06-16T23:11:30.770" />
<gc-op id="773" type="compact" timems="1.624" contextid="767" timestamp="2019-06-16T23:11:30.772">
  <compact-info movecount="12259" movebytes="432560" />
  <remembered-set-cleared processed="72004" cleared="1627" durationms="0.382" />
</gc-op>
<heap-resize id="774" type="expand" space="default" amount="2097152" count="1" timems="0.060" reason="insufficient free space following gc" timestamp="2019-06-16T23:11:30.773" />
<gc-end id="775" type="partial gc" contextid="767" durationms="5.322" usertimems="8.000" systemtimems="0.000" timestamp="2019-06-16T23:11:30.773" activeThreads="4">
  <mem-info id="776" free="28311552" total="89128960" percent="31">
    <mem type="eden" free="693752" total="1048576" percent="66" />
    <arraylet-primitive objects="2" leaves="2" largest="1" />
    <remembered-set count="41312" freebytes="3392512" totalbytes="3557760" percent="95" regionsoverflowed="0" regionsstable="0" regionsrebuilding="0"/>
  </mem-info>
</gc-end>
<cycle-end id="777" type="partial gc" contextid="767" timestamp="2019-06-16T23:11:30.773" />
  <attribute name="elasticGC enabled" value="1" />
  <attribute name= "numThreadsSpecified" value="4" />
  <attribute name="heapSize specified" value="0" />
  <attribute name="Current GC Util" value="36" />
  <attribute name= "Current Time Running" value="1994" />
  <attribute name ="GC Interval" value="0" />
  <attribute name="ProportionalT" value="16.000000" />
  <attribute name="ProportionalI" value="16.000000" />
  <attribute name="ProportionalH" value="16.000000" />
  <attribute name="Current Error" value="16.000000" />
  <attribute name="IntegralT" value="16.000000" />
  <attribute name="IntegralI" value="16.000000" />
  <attribute name="IntegralH" value="16.000000" />
  <attribute name="DerivativeT" value="8.000000" />
  <attribute name="DerivativeI" value="8.000000" />
  <attribute name="DerivativeH" value="8.000000" />
  <attribute name="Loop Time for DT" value="1.000000" />
  <attribute name="Output H" value="8388608"/>
  <attribute name="Output I" value="200"/>
  <attribute name="Output T" value="4"/>
  <attribute name="Target GC Util Change" value ="20.000000" />
  <attribute name="Current GC Util Change" value="36.000000"/>
  <attribute name="GC Util currently" value="36" />
  <attribute name="CPU Util currently" value="6818863467529" />
<exclusive-end id="778" timestamp="2019-06-16T23:11:30.773" durationms="6.143" />

<exclusive-start id="779" timestamp="2019-06-16T23:11:30.801" intervalms="34.322">
  <response-info timems="0.036" idlems="0.036" threads="0" lastid="0000000001CF8D00" lastname="Thread-10" />
</exclusive-start>
<allocation-taxation id="780" taxation-threshold="28311552" timestamp="2019-06-16T23:11:30.801" intervalms="34.379" />
<cycle-start id="781" type="partial gc" contextid="0" timestamp="2019-06-16T23:11:30.802" intervalms="34.493" />
<gc-start id="782" type="partial gc" contextid="781" timestamp="2019-06-16T23:11:30.802">
  <mem-info id="783" free="0" total="89128960" percent="0">
    <mem type="eden" free="0" total="28311552" percent="0" />
    <arraylet-primitive objects="2" leaves="2" largest="1" />
    <remembered-set count="40896" freebytes="3394176" totalbytes="3557760" percent="95" regionsoverflowed="0" regionsstable="0" regionsrebuilding="0"/>
  </mem-info>
</gc-start>
<allocation-stats totalBytes="28308152" >
  <allocated-bytes non-tlh="0" tlh="28308152" arrayletleaf="0"/>
  <largest-consumer threadName="Thread-9" threadId="0000000001D04100" bytes="9784104" />
</allocation-stats>
<gc-op id="784" type="mark" timems="1.497" contextid="781" timestamp="2019-06-16T23:11:30.804">
  <trace-info objectcount="12686" scancount="12686" scanbytes="442484" />
  <cardclean-info objects="6349" bytes="310184" />
  <remembered-set-cleared processed="36673" cleared="732" durationms="0.200" />
  <stringconstants candidates="4597" cleared="0"  />
  <warning details="Mark invoked due to insufficient free space for Copy-Forward" />
</gc-op>
<gc-op id="785" type="classunload" timems="0.003" contextid="781" timestamp="2019-06-16T23:11:30.804">
  <classunload-info classloadercandidates="8" classloadersunloaded="0" classesunloaded="0" anonymousclassesunloaded="0" quiescems="0.000" setupms="0.002" scanms="0.000" postms="0.000" />
</gc-op>
<gc-op id="786" type="sweep" timems="0.391" contextid="781" timestamp="2019-06-16T23:11:30.805" />
<gc-op id="787" type="compact" timems="2.942" contextid="781" timestamp="2019-06-16T23:11:30.808">
  <compact-info movecount="12387" movebytes="435312" />
  <remembered-set-cleared processed="73566" cleared="1678" durationms="0.332" />
</gc-op>
<heap-resize id="788" type="expand" space="default" amount="1048576" count="1" timems="0.061" reason="insufficient free space following gc" timestamp="2019-06-16T23:11:30.808" />
<gc-end id="789" type="partial gc" contextid="781" durationms="6.426" usertimems="8.000" systemtimems="0.000" timestamp="2019-06-16T23:11:30.808" activeThreads="1">
  <mem-info id="790" free="28311552" total="90177536" percent="31">
    <mem type="eden" free="955696" total="1048576" percent="91" />
    <arraylet-primitive objects="2" leaves="2" largest="1" />
    <remembered-set count="41376" freebytes="3434112" totalbytes="3599616" percent="95" regionsoverflowed="0" regionsstable="0" regionsrebuilding="0"/>
  </mem-info>
</gc-end>
<cycle-end id="791" type="partial gc" contextid="781" timestamp="2019-06-16T23:11:30.809" />
  <attribute name="elasticGC enabled" value="1" />
  <attribute name= "numThreadsSpecified" value="1" />
  <attribute name="heapSize specified" value="0" />
  <attribute name="Current GC Util" value="38" />
  <attribute name= "Current Time Running" value="2028" />
  <attribute name ="GC Interval" value="0" />
  <attribute name="ProportionalT" value="18.000000" />
  <attribute name="ProportionalI" value="18.000000" />
  <attribute name="ProportionalH" value="18.000000" />
  <attribute name="Current Error" value="18.000000" />
  <attribute name="IntegralT" value="18.000000" />
  <attribute name="IntegralI" value="18.000000" />
  <attribute name="IntegralH" value="18.000000" />
  <attribute name="DerivativeT" value="-37.500000" />
  <attribute name="DerivativeI" value="-37.500000" />
  <attribute name="DerivativeH" value="-37.500000" />
  <attribute name="Loop Time for DT" value="1.000000" />
  <attribute name="Output H" value="8388608"/>
  <attribute name="Output I" value="200"/>
  <attribute name="Output T" value="1"/>
  <attribute name="Target GC Util Change" value ="20.000000" />
  <attribute name="Current GC Util Change" value="38.000000"/>
  <attribute name="GC Util currently" value="38" />
  <attribute name="CPU Util currently" value="7228404623989" />
<exclusive-end id="792" timestamp="2019-06-16T23:11:30.809" durationms="7.646" />

<exclusive-start id="793" timestamp="2019-06-16T23:11:30.835" intervalms="33.926">
  <response-info timems="0.047" idlems="0.047" threads="0" lastid="0000000001CF8D00" lastname="Thread-10" />
</exclusive-start>
<allocation-taxation id="794" taxation-threshold="28311552" timestamp="2019-06-16T23:11:30.835" intervalms="33.918" />
<cycle-start id="795" type="partial gc" contextid="0" timestamp="2019-06-16T23:11:30.836" intervalms="33.897" />
<gc-start id="796" type="partial gc" contextid="795" timestamp="2019-06-16T23:11:30.836">
  <mem-info id="797" free="0" total="90177536" percent="0">
    <mem type="eden" free="0" total="28311552" percent="0" />
    <arraylet-primitive objects="2" leaves="2" largest="1" />
    <remembered-set count="41376" freebytes="3434112" totalbytes="3599616" percent="95" regionsoverflowed="0" regionsstable="0" regionsrebuilding="0"/>
  </mem-info>
</gc-start>
<allocation-stats totalBytes="28308040" >
  <allocated-bytes non-tlh="0" tlh="28308040" arrayletleaf="0"/>
  <largest-consumer threadName="Thread-9" threadId="0000000001D04100" bytes="10398512" />
</allocation-stats>
<gc-op id="798" type="mark" timems="1.837" contextid="795" timestamp="2019-06-16T23:11:30.838">
  <trace-info objectcount="7235" scancount="7235" scanbytes="175208" />
  <cardclean-info objects="9429" bytes="453488" />
  <remembered-set-cleared processed="37345" cleared="641" durationms="0.411" />
  <stringconstants candidates="4597" cleared="0"  />
  <warning details="Mark invoked due to insufficient free space for Copy-Forward" />
</gc-op>
<gc-op id="799" type="classunload" timems="0.003" contextid="795" timestamp="2019-06-16T23:11:30.838">
  <classunload-info classloadercandidates="8" classloadersunloaded="0" classesunloaded="0" anonymousclassesunloaded="0" quiescems="0.000" setupms="0.002" scanms="0.000" postms="0.000" />
</gc-op>
<gc-op id="800" type="sweep" timems="0.464" contextid="795" timestamp="2019-06-16T23:11:30.839" />
<gc-op id="801" type="compact" timems="1.663" contextid="795" timestamp="2019-06-16T23:11:30.841">
  <compact-info movecount="6662" movebytes="161456" />
  <remembered-set-cleared processed="74895" cleared="1480" durationms="0.411" />
</gc-op>
<heap-resize id="802" type="expand" space="default" amount="2097152" count="1" timems="0.070" reason="insufficient free space following gc" timestamp="2019-06-16T23:11:30.841" />
<gc-end id="803" type="partial gc" contextid="795" durationms="5.555" usertimems="12.000" systemtimems="0.000" timestamp="2019-06-16T23:11:30.841" activeThreads="4">
  <mem-info id="804" free="29360128" total="92274688" percent="31">
    <mem type="eden" free="963080" total="1048576" percent="91" />
    <arraylet-primitive objects="2" leaves="2" largest="1" />
    <remembered-set count="42944" freebytes="3511552" totalbytes="3683328" percent="95" regionsoverflowed="0" regionsstable="0" regionsrebuilding="0"/>
  </mem-info>
</gc-end>
<cycle-end id="805" type="partial gc" contextid="795" timestamp="2019-06-16T23:11:30.842" />
  <attribute name="elasticGC enabled" value="1" />
  <attribute name= "numThreadsSpecified" value="4" />
  <attribute name="heapSize specified" value="0" />
  <attribute name="Current GC Util" value="35" />
  <attribute name= "Current Time Running" value="2062" />
  <attribute name ="GC Interval" value="0" />
  <attribute name="ProportionalT" value="15.000000" />
  <attribute name="ProportionalI" value="15.000000" />
  <attribute name="ProportionalH" value="15.000000" />
  <attribute name="Current Error" value="15.000000" />
  <attribute name="IntegralT" value="15.000000" />
  <attribute name="IntegralI" value="15.000000" />
  <attribute name="IntegralH" value="15.000000" />
  <attribute name="DerivativeT" value="7.500000" />
  <attribute name="DerivativeI" value="7.500000" />
  <attribute name="DerivativeH" value="7.500000" />
  <attribute name="Loop Time for DT" value="1.000000" />
  <attribute name="Output H" value="8388608"/>
  <attribute name="Output I" value="200"/>
  <attribute name="Output T" value="4"/>
  <attribute name="Target GC Util Change" value ="20.000000" />
  <attribute name="Current GC Util Change" value="35.000000"/>
  <attribute name="GC Util currently" value="35" />
  <attribute name="CPU Util currently" value="6826150744950" />
<exclusive-end id="806" timestamp="2019-06-16T23:11:30.842" durationms="6.591" />

<exclusive-start id="807" timestamp="2019-06-16T23:11:30.866" intervalms="30.919">
  <response-info timems="0.108" idlems="0.108" threads="0" lastid="0000000001CF8D00" lastname="Thread-10" />
</exclusive-start>
<allocation-taxation id="808" taxation-threshold="29360128" timestamp="2019-06-16T23:11:30.866" intervalms="30.862" />
<cycle-start id="809" type="partial gc" contextid="0" timestamp="2019-06-16T23:11:30.866" intervalms="30.788" />
<gc-start id="810" type="partial gc" contextid="809" timestamp="2019-06-16T23:11:30.867">
  <mem-info id="811" free="0" total="92274688" percent="0">
    <mem type="eden" free="0" total="29360128" percent="0" />
    <arraylet-primitive objects="2" leaves="2" largest="1" />
    <remembered-set count="42944" freebytes="3511552" totalbytes="3683328" percent="95" regionsoverflowed="0" regionsstable="0" regionsrebuilding="0"/>
  </mem-info>
</gc-start>
<allocation-stats totalBytes="29356616" >
  <allocated-bytes non-tlh="0" tlh="29356616" arrayletleaf="0"/>
  <largest-consumer threadName="Thread-9" threadId="0000000001D04100" bytes="10549984" />
</allocation-stats>
<gc-op id="812" type="mark" timems="2.220" contextid="809" timestamp="2019-06-16T23:11:30.870">
  <trace-info objectcount="18863" scancount="18863" scanbytes="728368" />
  <cardclean-info objects="8365" bytes="410144" />
  <remembered-set-cleared processed="38161" cleared="801" durationms="0.437" />
  <stringconstants candidates="4597" cleared="0"  />
  <warning details="Mark invoked due to insufficient free space for Copy-Forward" />
</gc-op>
<gc-op id="813" type="classunload" timems="0.002" contextid="809" timestamp="2019-06-16T23:11:30.870">
  <classunload-info classloadercandidates="8" classloadersunloaded="0" classesunloaded="0" anonymousclassesunloaded="0" quiescems="0.000" setupms="0.002" scanms="0.000" postms="0.000" />
</gc-op>
<gc-op id="814" type="sweep" timems="0.500" contextid="809" timestamp="2019-06-16T23:11:30.870" />
<gc-op id="815" type="compact" timems="2.140" contextid="809" timestamp="2019-06-16T23:11:30.873">
  <compact-info movecount="18717" movebytes="724872" />
  <remembered-set-cleared processed="76584" cleared="1857" durationms="0.437" />
</gc-op>
<heap-resize id="816" type="expand" space="default" amount="1048576" count="1" timems="0.063" reason="insufficient free space following gc" timestamp="2019-06-16T23:11:30.873" />
<gc-end id="817" type="partial gc" contextid="809" durationms="6.647" usertimems="8.000" systemtimems="0.000" timestamp="2019-06-16T23:11:30.873" activeThreads="4">
  <mem-info id="818" free="29360128" total="93323264" percent="31">
    <mem type="eden" free="396568" total="1048576" percent="37" />
    <arraylet-primitive objects="2" leaves="2" largest="1" />
    <remembered-set count="44128" freebytes="3548672" totalbytes="3725184" percent="95" regionsoverflowed="0" regionsstable="0" regionsrebuilding="0"/>
  </mem-info>
</gc-end>
<cycle-end id="819" type="partial gc" contextid="809" timestamp="2019-06-16T23:11:30.874" />
  <attribute name="elasticGC enabled" value="1" />
  <attribute name= "numThreadsSpecified" value="4" />
  <attribute name="heapSize specified" value="0" />
  <attribute name="Current GC Util" value="37" />
  <attribute name= "Current Time Running" value="2094" />
  <attribute name ="GC Interval" value="0" />
  <attribute name="ProportionalT" value="17.000000" />
  <attribute name="ProportionalI" value="17.000000" />
  <attribute name="ProportionalH" value="17.000000" />
  <attribute name="Current Error" value="17.000000" />
  <attribute name="IntegralT" value="17.000000" />
  <attribute name="IntegralI" value="17.000000" />
  <attribute name="IntegralH" value="17.000000" />
  <attribute name="DerivativeT" value="8.500000" />
  <attribute name="DerivativeI" value="8.500000" />
  <attribute name="DerivativeH" value="8.500000" />
  <attribute name="Loop Time for DT" value="1.000000" />
  <attribute name="Output H" value="8388608"/>
  <attribute name="Output I" value="200"/>
  <attribute name="Output T" value="4"/>
  <attribute name="Target GC Util Change" value ="20.000000" />
  <attribute name="Current GC Util Change" value="37.000000"/>
  <attribute name="GC Util currently" value="37" />
  <attribute name="CPU Util currently" value="6040499786822" />
<exclusive-end id="820" timestamp="2019-06-16T23:11:30.874" durationms="7.713" />

<exclusive-start id="821" timestamp="2019-06-16T23:11:30.895" intervalms="28.688">
  <response-info timems="0.200" idlems="0.183" threads="1" lastid="0000000001CFC900" lastname="Thread-8" />
</exclusive-start>
<allocation-taxation id="822" taxation-threshold="29360128" timestamp="2019-06-16T23:11:30.895" intervalms="28.626" />
<cycle-start id="823" type="partial gc" contextid="0" timestamp="2019-06-16T23:11:30.895" intervalms="28.600" />
<gc-start id="824" type="partial gc" contextid="823" timestamp="2019-06-16T23:11:30.895">
  <mem-info id="825" free="0" total="93323264" percent="0">
    <mem type="eden" free="0" total="29360128" percent="0" />
    <arraylet-primitive objects="2" leaves="2" largest="1" />
    <remembered-set count="43712" freebytes="3550336" totalbytes="3725184" percent="95" regionsoverflowed="0" regionsstable="0" regionsrebuilding="0"/>
  </mem-info>
</gc-start>
<allocation-stats totalBytes="29356608" >
  <allocated-bytes non-tlh="0" tlh="29356608" arrayletleaf="0"/>
  <largest-consumer threadName="Thread-9" threadId="0000000001D04100" bytes="11287400" />
</allocation-stats>
<gc-op id="826" type="mark" timems="2.434" contextid="823" timestamp="2019-06-16T23:11:30.898">
  <trace-info objectcount="27400" scancount="27400" scanbytes="1071132" />
  <cardclean-info objects="5740" bytes="288488" />
  <remembered-set-cleared processed="38999" cleared="901" durationms="0.411" />
  <stringconstants candidates="4597" cleared="0"  />
  <warning details="Mark invoked due to insufficient free space for Copy-Forward" />
</gc-op>
<gc-op id="827" type="classunload" timems="0.003" contextid="823" timestamp="2019-06-16T23:11:30.898">
  <classunload-info classloadercandidates="8" classloadersunloaded="0" classesunloaded="0" anonymousclassesunloaded="0" quiescems="0.000" setupms="0.002" scanms="0.000" postms="0.000" />
</gc-op>
<gc-op id="828" type="sweep" timems="0.532" contextid="823" timestamp="2019-06-16T23:11:30.899" />
<gc-op id="829" type="compact" timems="4.098" contextid="823" timestamp="2019-06-16T23:11:30.904">
  <compact-info movecount="27375" movebytes="1070544" />
  <remembered-set-cleared processed="78366" cleared="2163" durationms="0.411" />
</gc-op>
<heap-resize id="830" type="expand" space="default" amount="2097152" count="1" timems="0.061" reason="insufficient free space following gc" timestamp="2019-06-16T23:11:30.904" />
<gc-end id="831" type="partial gc" contextid="823" durationms="8.826" usertimems="8.000" systemtimems="0.000" timestamp="2019-06-16T23:11:30.904" activeThreads="1">
  <mem-info id="832" free="30408704" total="95420416" percent="31">
    <mem type="eden" free="624952" total="1048576" percent="59" />
    <arraylet-primitive objects="2" leaves="2" largest="1" />
    <remembered-set count="45376" freebytes="3627392" totalbytes="3808896" percent="95" regionsoverflowed="0" regionsstable="0" regionsrebuilding="0"/>
  </mem-info>
</gc-end>
<cycle-end id="833" type="partial gc" contextid="823" timestamp="2019-06-16T23:11:30.904" />
  <attribute name="elasticGC enabled" value="1" />
  <attribute name= "numThreadsSpecified" value="1" />
  <attribute name="heapSize specified" value="0" />
  <attribute name="Current GC Util" value="44" />
  <attribute name= "Current Time Running" value="2122" />
  <attribute name ="GC Interval" value="0" />
  <attribute name="ProportionalT" value="24.000000" />
  <attribute name="ProportionalI" value="24.000000" />
  <attribute name="ProportionalH" value="24.000000" />
  <attribute name="Current Error" value="24.000000" />
  <attribute name="IntegralT" value="0.000000" />
  <attribute name="IntegralI" value="0.000000" />
  <attribute name="IntegralH" value="0.000000" />
  <attribute name="DerivativeT" value="inf" />
  <attribute name="DerivativeI" value="inf" />
  <attribute name="DerivativeH" value="inf" />
  <attribute name="Loop Time for DT" value="0.000000" />
  <attribute name="Output H" value="8388608"/>
  <attribute name="Output I" value="200"/>
  <attribute name="Output T" value="1"/>
  <attribute name="Target GC Util Change" value ="20.000000" />
  <attribute name="Current GC Util Change" value="44.000000"/>
  <attribute name="GC Util currently" value="44" />
  <attribute name="CPU Util currently" value="5894394712995" />
<exclusive-end id="834" timestamp="2019-06-16T23:11:30.904" durationms="9.671" />

<exclusive-start id="835" timestamp="2019-06-16T23:11:30.923" intervalms="28.456">
  <response-info timems="0.031" idlems="0.031" threads="0" lastid="0000000001CF8D00" lastname="Thread-10" />
</exclusive-start>
<allocation-taxation id="836" taxation-threshold="30408704" timestamp="2019-06-16T23:11:30.923" intervalms="28.583" />
<cycle-start id="837" type="partial gc" contextid="0" timestamp="2019-06-16T23:11:30.924" intervalms="28.698" />
<gc-start id="838" type="partial gc" contextid="837" timestamp="2019-06-16T23:11:30.924">
  <mem-info id="839" free="0" total="95420416" percent="0">
    <mem type="eden" free="0" total="30408704" percent="0" />
    <arraylet-primitive objects="2" leaves="2" largest="1" />
    <remembered-set count="44896" freebytes="3629312" totalbytes="3808896" percent="95" regionsoverflowed="0" regionsstable="0" regionsrebuilding="0"/>
  </mem-info>
</gc-start>
<allocation-stats totalBytes="30405224" >
  <allocated-bytes non-tlh="0" tlh="30405224" arrayletleaf="0"/>
  <largest-consumer threadName="Thread-9" threadId="0000000001D04100" bytes="10529728" />
</allocation-stats>
<gc-op id="840" type="mark" timems="2.491" contextid="837" timestamp="2019-06-16T23:11:30.927">
  <trace-info objectcount="23935" scancount="23935" scanbytes="850400" />
  <cardclean-info objects="11174" bytes="544616" />
  <remembered-set-cleared processed="39866" cleared="836" durationms="0.431" />
  <stringconstants candidates="4597" cleared="0"  />
  <warning details="Mark invoked due to insufficient free space for Copy-Forward" />
</gc-op>
<gc-op id="841" type="classunload" timems="0.002" contextid="837" timestamp="2019-06-16T23:11:30.927">
  <classunload-info classloadercandidates="8" classloadersunloaded="0" classesunloaded="0" anonymousclassesunloaded="0" quiescems="0.000" setupms="0.002" scanms="0.000" postms="0.000" />
</gc-op>
<gc-op id="842" type="sweep" timems="0.551" contextid="837" timestamp="2019-06-16T23:11:30.928" />
<gc-op id="843" type="compact" timems="2.671" contextid="837" timestamp="2019-06-16T23:11:30.931">
  <compact-info movecount="23708" movebytes="844960" />
  <remembered-set-cleared processed="80014" cleared="1947" durationms="0.431" />
</gc-op>
<heap-resize id="844" type="expand" space="default" amount="1048576" count="1" timems="0.062" reason="insufficient free space following gc" timestamp="2019-06-16T23:11:30.931" />
<gc-end id="845" type="partial gc" contextid="837" durationms="7.523" usertimems="8.000" systemtimems="0.000" timestamp="2019-06-16T23:11:30.931" activeThreads="4">
  <mem-info id="846" free="30408704" total="96468992" percent="31">
    <mem type="eden" free="613464" total="1048576" percent="58" />
    <arraylet-primitive objects="2" leaves="2" largest="1" />
    <remembered-set count="45440" freebytes="3668992" totalbytes="3850752" percent="95" regionsoverflowed="0" regionsstable="0" regionsrebuilding="0"/>
  </mem-info>
</gc-end>
<cycle-end id="847" type="partial gc" contextid="837" timestamp="2019-06-16T23:11:30.932" />
  <attribute name="elasticGC enabled" value="1" />
  <attribute name= "numThreadsSpecified" value="4" />
  <attribute name="heapSize specified" value="0" />
  <attribute name="Current GC Util" value="38" />
  <attribute name= "Current Time Running" value="2151" />
  <attribute name ="GC Interval" value="0" />
  <attribute name="ProportionalT" value="18.000000" />
  <attribute name="ProportionalI" value="18.000000" />
  <attribute name="ProportionalH" value="18.000000" />
  <attribute name="Current Error" value="18.000000" />
  <attribute name="IntegralT" value="18.000000" />
  <attribute name="IntegralI" value="18.000000" />
  <attribute name="IntegralH" value="18.000000" />
  <attribute name="DerivativeT" value="9.000000" />
  <attribute name="DerivativeI" value="9.000000" />
  <attribute name="DerivativeH" value="9.000000" />
  <attribute name="Loop Time for DT" value="1.000000" />
  <attribute name="Output H" value="8388608"/>
  <attribute name="Output I" value="200"/>
  <attribute name="Output T" value="4"/>
  <attribute name="Target GC Util Change" value ="20.000000" />
  <attribute name="Current GC Util Change" value="38.000000"/>
  <attribute name="GC Util currently" value="38" />
  <attribute name="CPU Util currently" value="5573020980392" />
<exclusive-end id="848" timestamp="2019-06-16T23:11:30.932" durationms="8.587" />

<exclusive-start id="849" timestamp="2019-06-16T23:11:30.947" intervalms="23.758">
  <response-info timems="0.023" idlems="0.023" threads="0" lastid="0000000001CF8D00" lastname="Thread-10" />
</exclusive-start>
<allocation-taxation id="850" taxation-threshold="30408704" timestamp="2019-06-16T23:11:30.947" intervalms="23.704" />
<cycle-start id="851" type="partial gc" contextid="0" timestamp="2019-06-16T23:11:30.947" intervalms="23.734" />
<gc-start id="852" type="partial gc" contextid="851" timestamp="2019-06-16T23:11:30.948">
  <mem-info id="853" free="0" total="96468992" percent="0">
    <mem type="eden" free="0" total="30408704" percent="0" />
    <arraylet-primitive objects="2" leaves="2" largest="1" />
    <remembered-set count="45312" freebytes="3669504" totalbytes="3850752" percent="95" regionsoverflowed="0" regionsstable="0" regionsrebuilding="0"/>
  </mem-info>
</gc-start>
<allocation-stats totalBytes="30404896" >
  <allocated-bytes non-tlh="0" tlh="30404896" arrayletleaf="0"/>
  <largest-consumer threadName="Thread-10" threadId="0000000001CF8D00" bytes="8141792" />
</allocation-stats>
<gc-op id="854" type="mark" timems="2.687" contextid="851" timestamp="2019-06-16T23:11:30.951">
  <trace-info objectcount="37735" scancount="37735" scanbytes="1456264" />
  <cardclean-info objects="10048" bytes="498464" />
  <remembered-set-cleared processed="40940" cleared="730" durationms="0.405" />
  <stringconstants candidates="4597" cleared="0"  />
  <warning details="Mark invoked due to insufficient free space for Copy-Forward" />
</gc-op>
<gc-op id="855" type="classunload" timems="0.002" contextid="851" timestamp="2019-06-16T23:11:30.951">
  <classunload-info classloadercandidates="8" classloadersunloaded="0" classesunloaded="0" anonymousclassesunloaded="0" quiescems="0.000" setupms="0.002" scanms="0.000" postms="0.000" />
</gc-op>
<gc-op id="856" type="sweep" timems="0.531" contextid="851" timestamp="2019-06-16T23:11:30.952" />
<gc-op id="857" type="compact" timems="2.393" contextid="851" timestamp="2019-06-16T23:11:30.954">
  <compact-info movecount="35100" movebytes="1343480" />
  <remembered-set-cleared processed="82276" cleared="1849" durationms="0.405" />
</gc-op>
<heap-resize id="858" type="expand" space="default" amount="1048576" count="1" timems="0.054" reason="insufficient free space following gc" timestamp="2019-06-16T23:11:30.955" />
<gc-end id="859" type="partial gc" contextid="851" durationms="7.248" usertimems="8.000" systemtimems="4.000" timestamp="2019-06-16T23:11:30.955" activeThreads="4">
  <mem-info id="860" free="30408704" total="97517568" percent="31">
    <mem type="eden" free="20672" total="1048576" percent="1" />
    <arraylet-primitive objects="2" leaves="2" largest="1" />
    <remembered-set count="47168" freebytes="3703936" totalbytes="3892608" percent="95" regionsoverflowed="0" regionsstable="0" regionsrebuilding="0"/>
  </mem-info>
</gc-end>
<cycle-end id="861" type="partial gc" contextid="851" timestamp="2019-06-16T23:11:30.955" />
  <attribute name="elasticGC enabled" value="1" />
  <attribute name= "numThreadsSpecified" value="4" />
  <attribute name="heapSize specified" value="0" />
  <attribute name="Current GC Util" value="44" />
  <attribute name= "Current Time Running" value="2175" />
  <attribute name ="GC Interval" value="0" />
  <attribute name="ProportionalT" value="24.000000" />
  <attribute name="ProportionalI" value="24.000000" />
  <attribute name="ProportionalH" value="24.000000" />
  <attribute name="Current Error" value="24.000000" />
  <attribute name="IntegralT" value="24.000000" />
  <attribute name="IntegralI" value="24.000000" />
  <attribute name="IntegralH" value="24.000000" />
  <attribute name="DerivativeT" value="12.000000" />
  <attribute name="DerivativeI" value="12.000000" />
  <attribute name="DerivativeH" value="12.000000" />
  <attribute name="Loop Time for DT" value="1.000000" />
  <attribute name="Output H" value="8388608"/>
  <attribute name="Output I" value="200"/>
  <attribute name="Output T" value="4"/>
  <attribute name="Target GC Util Change" value ="20.000000" />
  <attribute name="Current GC Util Change" value="44.000000"/>
  <attribute name="GC Util currently" value="44" />
  <attribute name="CPU Util currently" value="5963366515105" />
<exclusive-end id="862" timestamp="2019-06-16T23:11:30.955" durationms="8.282" />

<exclusive-start id="863" timestamp="2019-06-16T23:11:30.970" intervalms="23.467">
  <response-info timems="0.215" idlems="0.215" threads="0" lastid="0000000001D00500" lastname="Thread-7" />
</exclusive-start>
<allocation-taxation id="864" taxation-threshold="30408704" timestamp="2019-06-16T23:11:30.971" intervalms="23.477" />
<cycle-start id="865" type="partial gc" contextid="0" timestamp="2019-06-16T23:11:30.971" intervalms="23.454" />
<gc-start id="866" type="partial gc" contextid="865" timestamp="2019-06-16T23:11:30.971">
  <mem-info id="867" free="0" total="97517568" percent="0">
    <mem type="eden" free="0" total="30408704" percent="0" />
    <arraylet-primitive objects="2" leaves="2" largest="1" />
    <remembered-set count="47008" freebytes="3704576" totalbytes="3892608" percent="95" regionsoverflowed="0" regionsstable="0" regionsrebuilding="0"/>
  </mem-info>
</gc-start>
<allocation-stats totalBytes="30404944" >
  <allocated-bytes non-tlh="0" tlh="30404944" arrayletleaf="0"/>
  <largest-consumer threadName="Thread-10" threadId="0000000001CF8D00" bytes="8092752" />
</allocation-stats>
<gc-op id="868" type="mark" timems="1.902" contextid="865" timestamp="2019-06-16T23:11:30.974">
  <trace-info objectcount="39783" scancount="39783" scanbytes="1505496" />
  <cardclean-info objects="7905" bytes="396800" />
  <remembered-set-cleared processed="42154" cleared="698" durationms="0.220" />
  <stringconstants candidates="4597" cleared="0"  />
  <warning details="Mark invoked due to insufficient free space for Copy-Forward" />
</gc-op>
<gc-op id="869" type="classunload" timems="0.002" contextid="865" timestamp="2019-06-16T23:11:30.974">
  <classunload-info classloadercandidates="8" classloadersunloaded="0" classesunloaded="0" anonymousclassesunloaded="0" quiescems="0.000" setupms="0.002" scanms="0.000" postms="0.000" />
</gc-op>
<gc-op id="870" type="sweep" timems="0.400" contextid="865" timestamp="2019-06-16T23:11:30.974" />
<gc-op id="871" type="compact" timems="2.980" contextid="865" timestamp="2019-06-16T23:11:30.977">
  <compact-info movecount="29152" movebytes="1112992" />
  <remembered-set-cleared processed="84689" cleared="1770" durationms="0.220" />
</gc-op>
<heap-resize id="872" type="expand" space="default" amount="2097152" count="1" timems="0.069" reason="insufficient free space following gc" timestamp="2019-06-16T23:11:30.978" />
<gc-end id="873" type="partial gc" contextid="865" durationms="6.765" usertimems="8.000" systemtimems="4.000" timestamp="2019-06-16T23:11:30.978" activeThreads="4">
  <mem-info id="874" free="31457280" total="99614720" percent="31">
    <mem type="eden" free="564768" total="1048576" percent="53" />
    <arraylet-primitive objects="2" leaves="2" largest="1" />
    <remembered-set count="48448" freebytes="3782528" totalbytes="3976320" percent="95" regionsoverflowed="0" regionsstable="0" regionsrebuilding="0"/>
  </mem-info>
</gc-end>
<cycle-end id="875" type="partial gc" contextid="865" timestamp="2019-06-16T23:11:30.978" />
  <attribute name="elasticGC enabled" value="1" />
  <attribute name= "numThreadsSpecified" value="4" />
  <attribute name="heapSize specified" value="0" />
  <attribute name="Current GC Util" value="41" />
  <attribute name= "Current Time Running" value="2197" />
  <attribute name ="GC Interval" value="0" />
  <attribute name="ProportionalT" value="21.000000" />
  <attribute name="ProportionalI" value="21.000000" />
  <attribute name="ProportionalH" value="21.000000" />
  <attribute name="Current Error" value="21.000000" />
  <attribute name="IntegralT" value="0.000000" />
  <attribute name="IntegralI" value="0.000000" />
  <attribute name="IntegralH" value="0.000000" />
  <attribute name="DerivativeT" value="-inf" />
  <attribute name="DerivativeI" value="-inf" />
  <attribute name="DerivativeH" value="-inf" />
  <attribute name="Loop Time for DT" value="0.000000" />
  <attribute name="Output H" value="2091843584"/>
  <attribute name="Output I" value="200"/>
  <attribute name="Output T" value="4"/>
  <attribute name="Target GC Util Change" value ="20.000000" />
  <attribute name="Current GC Util Change" value="41.000000"/>
  <attribute name="GC Util currently" value="41" />
  <attribute name="CPU Util currently" value="7639769941048" />
<exclusive-end id="876" timestamp="2019-06-16T23:11:30.978" durationms="7.678" />

<exclusive-start id="877" timestamp="2019-06-16T23:11:30.995" intervalms="24.298">
  <response-info timems="0.054" idlems="0.054" threads="0" lastid="0000000001CFC900" lastname="Thread-8" />
</exclusive-start>
<allocation-taxation id="878" taxation-threshold="31457280" timestamp="2019-06-16T23:11:30.995" intervalms="24.290" />
<cycle-start id="879" type="partial gc" contextid="0" timestamp="2019-06-16T23:11:30.995" intervalms="24.216" />
<gc-start id="880" type="partial gc" contextid="879" timestamp="2019-06-16T23:11:30.995">
  <mem-info id="881" free="0" total="99614720" percent="0">
    <mem type="eden" free="0" total="31457280" percent="0" />
    <arraylet-primitive objects="2" leaves="2" largest="1" />
    <remembered-set count="48352" freebytes="3782912" totalbytes="3976320" percent="95" regionsoverflowed="0" regionsstable="0" regionsrebuilding="0"/>
  </mem-info>
</gc-start>
<allocation-stats totalBytes="31453320" >
  <allocated-bytes non-tlh="0" tlh="31453320" arrayletleaf="0"/>
  <largest-consumer threadName="Thread-7" threadId="0000000001D00500" bytes="8682440" />
</allocation-stats>
<gc-op id="882" type="mark" timems="1.726" contextid="879" timestamp="2019-06-16T23:11:30.997">
  <trace-info objectcount="26463" scancount="26463" scanbytes="911296" />
  <cardclean-info objects="12266" bytes="596576" />
  <remembered-set-cleared processed="43343" cleared="633" durationms="0.197" />
  <stringconstants candidates="4597" cleared="0"  />
  <warning details="Mark invoked due to insufficient free space for Copy-Forward" />
</gc-op>
<gc-op id="883" type="classunload" timems="0.003" contextid="879" timestamp="2019-06-16T23:11:30.998">
  <classunload-info classloadercandidates="8" classloadersunloaded="0" classesunloaded="0" anonymousclassesunloaded="0" quiescems="0.000" setupms="0.002" scanms="0.000" postms="0.000" />
</gc-op>
<gc-op id="884" type="sweep" timems="0.397" contextid="879" timestamp="2019-06-16T23:11:30.998" />
<gc-op id="885" type="compact" timems="2.552" contextid="879" timestamp="2019-06-16T23:11:31.001">
  <compact-info movecount="26383" movebytes="909384" />
  <remembered-set-cleared processed="86913" cleared="1485" durationms="0.197" />
</gc-op>
<heap-resize id="886" type="expand" space="default" amount="1048576" count="1" timems="0.053" reason="insufficient free space following gc" timestamp="2019-06-16T23:11:31.001" />
<gc-end id="887" type="partial gc" contextid="879" durationms="6.090" usertimems="8.000" systemtimems="4.000" timestamp="2019-06-16T23:11:31.001" activeThreads="4">
  <mem-info id="888" free="31457280" total="100663296" percent="31">
    <mem type="eden" free="290032" total="1048576" percent="27" />
    <arraylet-primitive objects="2" leaves="2" largest="1" />
    <remembered-set count="49216" freebytes="3821312" totalbytes="4018176" percent="95" regionsoverflowed="0" regionsstable="0" regionsrebuilding="0"/>
  </mem-info>
</gc-end>
<cycle-end id="889" type="partial gc" contextid="879" timestamp="2019-06-16T23:11:31.001" />
  <attribute name="elasticGC enabled" value="1" />
  <attribute name= "numThreadsSpecified" value="4" />
  <attribute name="heapSize specified" value="0" />
  <attribute name="Current GC Util" value="37" />
  <attribute name= "Current Time Running" value="2221" />
  <attribute name ="GC Interval" value="0" />
  <attribute name="ProportionalT" value="17.000000" />
  <attribute name="ProportionalI" value="17.000000" />
  <attribute name="ProportionalH" value="17.000000" />
  <attribute name="Current Error" value="17.000000" />
  <attribute name="IntegralT" value="0.000000" />
  <attribute name="IntegralI" value="0.000000" />
  <attribute name="IntegralH" value="0.000000" />
  <attribute name="DerivativeT" value="-inf" />
  <attribute name="DerivativeI" value="-inf" />
  <attribute name="DerivativeH" value="-inf" />
  <attribute name="Loop Time for DT" value="0.000000" />
  <attribute name="Output H" value="2091843584"/>
  <attribute name="Output I" value="200"/>
  <attribute name="Output T" value="4"/>
  <attribute name="Target GC Util Change" value ="20.000000" />
  <attribute name="Current GC Util Change" value="37.000000"/>
  <attribute name="GC Util currently" value="37" />
  <attribute name="CPU Util currently" value="7164685586027" />
<exclusive-end id="890" timestamp="2019-06-16T23:11:31.002" durationms="6.868" />

<exclusive-start id="891" timestamp="2019-06-16T23:11:31.019" intervalms="24.210">
  <response-info timems="0.024" idlems="0.024" threads="0" lastid="0000000001D00500" lastname="Thread-7" />
</exclusive-start>
<allocation-taxation id="892" taxation-threshold="31457280" timestamp="2019-06-16T23:11:31.019" intervalms="24.129" />
<cycle-start id="893" type="partial gc" contextid="0" timestamp="2019-06-16T23:11:31.019" intervalms="24.144" />
<gc-start id="894" type="partial gc" contextid="893" timestamp="2019-06-16T23:11:31.019">
  <mem-info id="895" free="0" total="100663296" percent="0">
    <mem type="eden" free="0" total="31457280" percent="0" />
    <arraylet-primitive objects="2" leaves="2" largest="1" />
    <remembered-set count="49184" freebytes="3821440" totalbytes="4018176" percent="95" regionsoverflowed="0" regionsstable="0" regionsrebuilding="0"/>
  </mem-info>
</gc-start>
<allocation-stats totalBytes="31453176" >
  <allocated-bytes non-tlh="0" tlh="31453176" arrayletleaf="0"/>
  <largest-consumer threadName="Thread-10" threadId="0000000001CF8D00" bytes="9005976" />
</allocation-stats>
<gc-op id="896" type="mark" timems="2.275" contextid="893" timestamp="2019-06-16T23:11:31.022">
  <trace-info objectcount="29062" scancount="29062" scanbytes="1110964" />
  <cardclean-info objects="8141" bytes="399584" />
  <remembered-set-cleared processed="44350" cleared="749" durationms="0.427" />
  <stringconstants candidates="4597" cleared="0"  />
  <warning details="Mark invoked due to insufficient free space for Copy-Forward" />
</gc-op>
<gc-op id="897" type="classunload" timems="0.003" contextid="893" timestamp="2019-06-16T23:11:31.022">
  <classunload-info classloadercandidates="8" classloadersunloaded="0" classesunloaded="0" anonymousclassesunloaded="0" quiescems="0.000" setupms="0.002" scanms="0.000" postms="0.000" />
</gc-op>
<gc-op id="898" type="sweep" timems="0.501" contextid="893" timestamp="2019-06-16T23:11:31.023" />
<gc-op id="899" type="compact" timems="2.333" contextid="893" timestamp="2019-06-16T23:11:31.025">
  <compact-info movecount="29062" movebytes="1110976" />
  <remembered-set-cleared processed="88838" cleared="1629" durationms="0.427" />
</gc-op>
<heap-resize id="900" type="expand" space="default" amount="2097152" count="1" timems="0.069" reason="insufficient free space following gc" timestamp="2019-06-16T23:11:31.026" />
<gc-end id="901" type="partial gc" contextid="893" durationms="6.462" usertimems="8.000" systemtimems="0.000" timestamp="2019-06-16T23:11:31.026" activeThreads="4">
  <mem-info id="902" free="32505856" total="102760448" percent="31">
    <mem type="eden" free="85728" total="1048576" percent="8" />
    <arraylet-primitive objects="2" leaves="2" largest="1" />
    <remembered-set count="50112" freebytes="3901440" totalbytes="4101888" percent="95" regionsoverflowed="0" regionsstable="0" regionsrebuilding="0"/>
  </mem-info>
</gc-end>
<cycle-end id="903" type="partial gc" contextid="893" timestamp="2019-06-16T23:11:31.026" />
  <attribute name="elasticGC enabled" value="1" />
  <attribute name= "numThreadsSpecified" value="4" />
  <attribute name="heapSize specified" value="0" />
  <attribute name="Current GC Util" value="40" />
  <attribute name= "Current Time Running" value="2246" />
  <attribute name ="GC Interval" value="0" />
  <attribute name="ProportionalT" value="20.000000" />
  <attribute name="ProportionalI" value="20.000000" />
  <attribute name="ProportionalH" value="20.000000" />
  <attribute name="Current Error" value="20.000000" />
  <attribute name="IntegralT" value="20.000000" />
  <attribute name="IntegralI" value="20.000000" />
  <attribute name="IntegralH" value="20.000000" />
  <attribute name="DerivativeT" value="10.000000" />
  <attribute name="DerivativeI" value="10.000000" />
  <attribute name="DerivativeH" value="10.000000" />
  <attribute name="Loop Time for DT" value="1.000000" />
  <attribute name="Output H" value="8388608"/>
  <attribute name="Output I" value="200"/>
  <attribute name="Output T" value="4"/>
  <attribute name="Target GC Util Change" value ="20.000000" />
  <attribute name="Current GC Util Change" value="40.000000"/>
  <attribute name="GC Util currently" value="40" />
  <attribute name="CPU Util currently" value="6421199206167" />
<exclusive-end id="904" timestamp="2019-06-16T23:11:31.026" durationms="7.376" />

<exclusive-start id="905" timestamp="2019-06-16T23:11:31.044" intervalms="24.943">
  <response-info timems="0.020" idlems="0.020" threads="0" lastid="0000000001CF8D00" lastname="Thread-10" />
</exclusive-start>
<allocation-taxation id="906" taxation-threshold="32505856" timestamp="2019-06-16T23:11:31.044" intervalms="25.059" />
<cycle-start id="907" type="partial gc" contextid="0" timestamp="2019-06-16T23:11:31.044" intervalms="25.100" />
<gc-start id="908" type="partial gc" contextid="907" timestamp="2019-06-16T23:11:31.044">
  <mem-info id="909" free="0" total="102760448" percent="0">
    <mem type="eden" free="0" total="32505856" percent="0" />
    <arraylet-primitive objects="2" leaves="2" largest="1" />
    <remembered-set count="49696" freebytes="3903104" totalbytes="4101888" percent="95" regionsoverflowed="0" regionsstable="0" regionsrebuilding="0"/>
  </mem-info>
</gc-start>
<allocation-stats totalBytes="32501712" >
  <allocated-bytes non-tlh="0" tlh="32501712" arrayletleaf="0"/>
  <largest-consumer threadName="Thread-9" threadId="0000000001D04100" bytes="8620864" />
</allocation-stats>
<gc-op id="910" type="mark" timems="1.985" contextid="907" timestamp="2019-06-16T23:11:31.047">
  <trace-info objectcount="21816" scancount="21816" scanbytes="937044" />
  <cardclean-info objects="3258" bytes="161408" />
  <remembered-set-cleared processed="45188" cleared="578" durationms="0.451" />
  <stringconstants candidates="4597" cleared="0"  />
  <warning details="Mark invoked due to insufficient free space for Copy-Forward" />
</gc-op>
<gc-op id="911" type="classunload" timems="0.002" contextid="907" timestamp="2019-06-16T23:11:31.047">
  <classunload-info classloadercandidates="8" classloadersunloaded="0" classesunloaded="0" anonymousclassesunloaded="0" quiescems="0.000" setupms="0.002" scanms="0.000" postms="0.000" />
</gc-op>
<gc-op id="912" type="sweep" timems="0.545" contextid="907" timestamp="2019-06-16T23:11:31.048" />
<gc-op id="913" type="compact" timems="2.078" contextid="907" timestamp="2019-06-16T23:11:31.050">
  <compact-info movecount="21816" movebytes="937056" />
  <remembered-set-cleared processed="90383" cleared="1156" durationms="0.451" />
</gc-op>
<heap-resize id="914" type="expand" space="default" amount="1048576" count="1" timems="0.065" reason="insufficient free space following gc" timestamp="2019-06-16T23:11:31.051" />
<gc-end id="915" type="partial gc" contextid="907" durationms="6.276" usertimems="8.000" systemtimems="0.000" timestamp="2019-06-16T23:11:31.051" activeThreads="4">
  <mem-info id="916" free="32505856" total="103809024" percent="31">
    <mem type="eden" free="163480" total="1048576" percent="15" />
    <arraylet-primitive objects="2" leaves="2" largest="1" />
    <remembered-set count="50144" freebytes="3943168" totalbytes="4143744" percent="95" regionsoverflowed="0" regionsstable="0" regionsrebuilding="0"/>
  </mem-info>
</gc-end>
<cycle-end id="917" type="partial gc" contextid="907" timestamp="2019-06-16T23:11:31.051" />
  <attribute name="elasticGC enabled" value="1" />
  <attribute name= "numThreadsSpecified" value="4" />
  <attribute name="heapSize specified" value="0" />
  <attribute name="Current GC Util" value="38" />
  <attribute name= "Current Time Running" value="2271" />
  <attribute name ="GC Interval" value="0" />
  <attribute name="ProportionalT" value="18.000000" />
  <attribute name="ProportionalI" value="18.000000" />
  <attribute name="ProportionalH" value="18.000000" />
  <attribute name="Current Error" value="18.000000" />
  <attribute name="IntegralT" value="18.000000" />
  <attribute name="IntegralI" value="18.000000" />
  <attribute name="IntegralH" value="18.000000" />
  <attribute name="DerivativeT" value="9.000000" />
  <attribute name="DerivativeI" value="9.000000" />
  <attribute name="DerivativeH" value="9.000000" />
  <attribute name="Loop Time for DT" value="1.000000" />
  <attribute name="Output H" value="8388608"/>
  <attribute name="Output I" value="200"/>
  <attribute name="Output T" value="4"/>
  <attribute name="Target GC Util Change" value ="20.000000" />
  <attribute name="Current GC Util Change" value="38.000000"/>
  <attribute name="GC Util currently" value="38" />
  <attribute name="CPU Util currently" value="5583317198432" />
<exclusive-end id="918" timestamp="2019-06-16T23:11:31.051" durationms="7.161" />

<exclusive-start id="919" timestamp="2019-06-16T23:11:31.070" intervalms="25.894">
  <response-info timems="0.022" idlems="0.022" threads="0" lastid="0000000001CF8D00" lastname="Thread-10" />
</exclusive-start>
<allocation-taxation id="920" taxation-threshold="32505856" timestamp="2019-06-16T23:11:31.070" intervalms="25.901" />
<cycle-start id="921" type="partial gc" contextid="0" timestamp="2019-06-16T23:11:31.070" intervalms="25.958" />
<gc-start id="922" type="partial gc" contextid="921" timestamp="2019-06-16T23:11:31.070">
  <mem-info id="923" free="0" total="103809024" percent="0">
    <mem type="eden" free="0" total="32505856" percent="0" />
    <arraylet-primitive objects="2" leaves="2" largest="1" />
    <remembered-set count="50112" freebytes="3943296" totalbytes="4143744" percent="95" regionsoverflowed="0" regionsstable="0" regionsrebuilding="0"/>
  </mem-info>
</gc-start>
<allocation-stats totalBytes="32501840" >
  <allocated-bytes non-tlh="0" tlh="32501840" arrayletleaf="0"/>
  <largest-consumer threadName="Thread-7" threadId="0000000001D00500" bytes="8645672" />
</allocation-stats>
<gc-op id="924" type="mark" timems="2.288" contextid="921" timestamp="2019-06-16T23:11:31.073">
  <trace-info objectcount="30457" scancount="30457" scanbytes="1281928" />
  <cardclean-info objects="1983" bytes="99896" />
  <remembered-set-cleared processed="45444" cleared="365" durationms="0.451" />
  <stringconstants candidates="4597" cleared="0"  />
  <warning details="Mark invoked due to insufficient free space for Copy-Forward" />
</gc-op>
<gc-op id="925" type="classunload" timems="0.003" contextid="921" timestamp="2019-06-16T23:11:31.073">
  <classunload-info classloadercandidates="8" classloadersunloaded="0" classesunloaded="0" anonymousclassesunloaded="0" quiescems="0.000" setupms="0.002" scanms="0.000" postms="0.000" />
</gc-op>
<gc-op id="926" type="sweep" timems="0.552" contextid="921" timestamp="2019-06-16T23:11:31.074" />
<gc-op id="927" type="compact" timems="4.209" contextid="921" timestamp="2019-06-16T23:11:31.079">
  <compact-info movecount="30452" movebytes="1281824" />
  <remembered-set-cleared processed="91069" cleared="904" durationms="0.451" />
</gc-op>
<heap-resize id="928" type="expand" space="default" amount="2097152" count="1" timems="0.068" reason="insufficient free space following gc" timestamp="2019-06-16T23:11:31.079" />
<gc-end id="929" type="partial gc" contextid="921" durationms="8.671" usertimems="8.000" systemtimems="0.000" timestamp="2019-06-16T23:11:31.079" activeThreads="1">
  <mem-info id="930" free="33554432" total="105906176" percent="31">
    <mem type="eden" free="39872" total="1048576" percent="3" />
    <arraylet-primitive objects="2" leaves="2" largest="1" />
    <remembered-set count="51072" freebytes="4023168" totalbytes="4227456" percent="95" regionsoverflowed="0" regionsstable="0" regionsrebuilding="0"/>
  </mem-info>
</gc-end>
<cycle-end id="931" type="partial gc" contextid="921" timestamp="2019-06-16T23:11:31.079" />
  <attribute name="elasticGC enabled" value="1" />
  <attribute name= "numThreadsSpecified" value="1" />
  <attribute name="heapSize specified" value="0" />
  <attribute name="Current GC Util" value="36" />
  <attribute name= "Current Time Running" value="2297" />
  <attribute name ="GC Interval" value="0" />
  <attribute name="ProportionalT" value="16.000000" />
  <attribute name="ProportionalI" value="16.000000" />
  <attribute name="ProportionalH" value="16.000000" />
  <attribute name="Current Error" value="16.000000" />
  <attribute name="IntegralT" value="0.000000" />
  <attribute name="IntegralI" value="0.000000" />
  <attribute name="IntegralH" value="0.000000" />
  <attribute name="DerivativeT" value="inf" />
  <attribute name="DerivativeI" value="inf" />
  <attribute name="DerivativeH" value="inf" />
  <attribute name="Loop Time for DT" value="0.000000" />
  <attribute name="Output H" value="8388608"/>
  <attribute name="Output I" value="200"/>
  <attribute name="Output T" value="1"/>
  <attribute name="Target GC Util Change" value ="20.000000" />
  <attribute name="Current GC Util Change" value="36.000000"/>
  <attribute name="GC Util currently" value="36" />
  <attribute name="CPU Util currently" value="5519520115944" />
<exclusive-end id="932" timestamp="2019-06-16T23:11:31.080" durationms="9.758" />

<exclusive-start id="933" timestamp="2019-06-16T23:11:31.099" intervalms="29.585">
  <response-info timems="0.033" idlems="0.033" threads="0" lastid="0000000001CFC900" lastname="Thread-8" />
</exclusive-start>
<allocation-taxation id="934" taxation-threshold="32505856" timestamp="2019-06-16T23:11:31.100" intervalms="29.559" />
<cycle-start id="935" type="partial gc" contextid="0" timestamp="2019-06-16T23:11:31.100" intervalms="29.482" />
<gc-start id="936" type="partial gc" contextid="935" timestamp="2019-06-16T23:11:31.100">
  <mem-info id="937" free="1048576" total="105906176" percent="0">
    <mem type="eden" free="0" total="32505856" percent="0" />
    <arraylet-primitive objects="2" leaves="2" largest="1" />
    <remembered-set count="50784" freebytes="4024320" totalbytes="4227456" percent="95" regionsoverflowed="0" regionsstable="0" regionsrebuilding="0"/>
  </mem-info>
</gc-start>
<allocation-stats totalBytes="32501832" >
  <allocated-bytes non-tlh="0" tlh="32501832" arrayletleaf="0"/>
  <largest-consumer threadName="Thread-10" threadId="0000000001CF8D00" bytes="8879032" />
</allocation-stats>
<gc-op id="938" type="copy forward" timems="5.461" contextid="935" timestamp="2019-06-16T23:11:31.106">
  <memory-copied type="eden" objects="17357" bytes="692920" bytesdiscarded="0" />
  <memory-copied type="other" objects="17647" bytes="698280" bytesdiscarded="0" />
  <memory-cardclean objects="5661" bytes="280760" />
  <regions eden="31" other="1" />
  <remembered-set-cleared processed="45761" cleared="468" durationms="0.427" />
  <stringconstants candidates="4597" cleared="0"  />
  <heap-resize type="expand" space="default" amount="1048576" count="1" timems="0.054" reason="continue current collection" />
</gc-op>
<gc-op id="939" type="classunload" timems="0.002" contextid="935" timestamp="2019-06-16T23:11:31.106">
  <classunload-info classloadercandidates="8" classloadersunloaded="0" classesunloaded="0" anonymousclassesunloaded="0" quiescems="0.000" setupms="0.002" scanms="0.000" postms="0.000" />
</gc-op>
<gc-op id="940" type="compact" timems="1.039" contextid="935" timestamp="2019-06-16T23:11:31.108">
  <compact-info movecount="0" movebytes="0" />
  <remembered-set-cleared processed="93098" cleared="468" durationms="0.427" />
</gc-op>
<heap-resize id="941" type="expand" space="default" amount="18874368" count="1" timems="0.148" reason="excessive time being spent in gc" timestamp="2019-06-16T23:11:31.108" />
<gc-end id="942" type="partial gc" contextid="935" durationms="8.198" usertimems="8.000" systemtimems="0.000" timestamp="2019-06-16T23:11:31.108" activeThreads="4">
  <mem-info id="943" free="52428800" total="125829120" percent="41">
    <mem type="eden" free="355656" total="1048576" percent="33" />
    <arraylet-primitive objects="2" leaves="2" largest="1" />
    <remembered-set count="51456" freebytes="4816896" totalbytes="5022720" percent="95" regionsoverflowed="0" regionsstable="0" regionsrebuilding="0"/>
  </mem-info>
</gc-end>
<cycle-end id="944" type="partial gc" contextid="935" timestamp="2019-06-16T23:11:31.108" />
  <attribute name="elasticGC enabled" value="1" />
  <attribute name= "numThreadsSpecified" value="4" />
  <attribute name="heapSize specified" value="0" />
  <attribute name="Current GC Util" value="0" />
  <attribute name= "Current Time Running" value="2330" />
  <attribute name ="GC Interval" value="0" />
  <attribute name="ProportionalT" value="-20.000000" />
  <attribute name="ProportionalI" value="-20.000000" />
  <attribute name="ProportionalH" value="-20.000000" />
  <attribute name="Current Error" value="-20.000000" />
  <attribute name="IntegralT" value="-120.000000" />
  <attribute name="IntegralI" value="-120.000000" />
  <attribute name="IntegralH" value="-120.000000" />
  <attribute name="DerivativeT" value="-1.750000" />
  <attribute name="DerivativeI" value="-1.750000" />
  <attribute name="DerivativeH" value="-1.750000" />
  <attribute name="Loop Time for DT" value="6.000000" />
  <attribute name="Output H" value="2091843584"/>
  <attribute name="Output I" value="200"/>
  <attribute name="Output T" value="4"/>
  <attribute name="Target GC Util Change" value ="20.000000" />
  <attribute name="Current GC Util Change" value="0.000000"/>
  <attribute name="GC Util currently" value="0" />
  <attribute name="CPU Util currently" value="811884818213" />
<exclusive-end id="945" timestamp="2019-06-16T23:11:31.109" durationms="9.168" />

<exclusive-start id="946" timestamp="2019-06-16T23:11:31.134" intervalms="34.310">
  <response-info timems="0.022" idlems="0.022" threads="0" lastid="0000000001CF8D00" lastname="Thread-10" />
</exclusive-start>
<allocation-taxation id="947" taxation-threshold="37748736" timestamp="2019-06-16T23:11:31.134" intervalms="34.293" />
<cycle-start id="948" type="partial gc" contextid="0" timestamp="2019-06-16T23:11:31.134" intervalms="34.282" />
<gc-start id="949" type="partial gc" contextid="948" timestamp="2019-06-16T23:11:31.134">
  <mem-info id="950" free="14680064" total="125829120" percent="11">
    <mem type="eden" free="0" total="37748736" percent="0" />
    <arraylet-primitive objects="2" leaves="2" largest="1" />
    <remembered-set count="51456" freebytes="4816896" totalbytes="5022720" percent="95" regionsoverflowed="0" regionsstable="0" regionsrebuilding="0"/>
  </mem-info>
</gc-start>
<allocation-stats totalBytes="37744040" >
  <allocated-bytes non-tlh="0" tlh="37744040" arrayletleaf="0"/>
  <largest-consumer threadName="Thread-10" threadId="0000000001CF8D00" bytes="10672776" />
</allocation-stats>
<gc-op id="951" type="copy forward" timems="3.451" contextid="948" timestamp="2019-06-16T23:11:31.138">
  <memory-copied type="eden" objects="6772" bytes="301296" bytesdiscarded="0" />
  <memory-copied type="other" objects="20968" bytes="915360" bytesdiscarded="0" />
  <memory-cardclean objects="1650" bytes="84656" />
  <regions eden="36" other="3" />
  <remembered-set-cleared processed="45912" cleared="806" durationms="0.443" />
  <stringconstants candidates="4597" cleared="0"  />
</gc-op>
<gc-op id="952" type="classunload" timems="0.002" contextid="948" timestamp="2019-06-16T23:11:31.139">
  <classunload-info classloadercandidates="8" classloadersunloaded="0" classesunloaded="0" anonymousclassesunloaded="0" quiescems="0.000" setupms="0.002" scanms="0.000" postms="0.000" />
</gc-op>
<heap-resize id="953" type="expand" space="default" amount="22020096" count="1" timems="0.181" reason="excessive time being spent in gc" timestamp="2019-06-16T23:11:31.139" />
<gc-end id="954" type="partial gc" contextid="948" durationms="4.982" usertimems="8.000" systemtimems="0.000" timestamp="2019-06-16T23:11:31.139" activeThreads="1">
  <mem-info id="955" free="73400320" total="147849216" percent="49">
    <mem type="eden" free="747280" total="1048576" percent="71" />
    <arraylet-primitive objects="2" leaves="2" largest="1" />
    <remembered-set count="51168" freebytes="5697024" totalbytes="5901696" percent="96" regionsoverflowed="0" regionsstable="0" regionsrebuilding="0"/>
  </mem-info>
</gc-end>
<cycle-end id="956" type="partial gc" contextid="948" timestamp="2019-06-16T23:11:31.139" />
  <attribute name="elasticGC enabled" value="1" />
  <attribute name= "numThreadsSpecified" value="1" />
  <attribute name="heapSize specified" value="0" />
  <attribute name="Current GC Util" value="55" />
  <attribute name= "Current Time Running" value="2358" />
  <attribute name ="GC Interval" value="0" />
  <attribute name="ProportionalT" value="35.000000" />
  <attribute name="ProportionalI" value="35.000000" />
  <attribute name="ProportionalH" value="35.000000" />
  <attribute name="Current Error" value="35.000000" />
  <attribute name="IntegralT" value="0.000000" />
  <attribute name="IntegralI" value="0.000000" />
  <attribute name="IntegralH" value="0.000000" />
  <attribute name="DerivativeT" value="inf" />
  <attribute name="DerivativeI" value="inf" />
  <attribute name="DerivativeH" value="inf" />
  <attribute name="Loop Time for DT" value="0.000000" />
  <attribute name="Output H" value="8388608"/>
  <attribute name="Output I" value="200"/>
  <attribute name="Output T" value="1"/>
  <attribute name="Target GC Util Change" value ="20.000000" />
  <attribute name="Current GC Util Change" value="55.000000"/>
  <attribute name="GC Util currently" value="55" />
  <attribute name="CPU Util currently" value="16708704572168" />
<exclusive-end id="957" timestamp="2019-06-16T23:11:31.140" durationms="5.919" />

<exclusive-start id="958" timestamp="2019-06-16T23:11:31.169" intervalms="35.462">
  <response-info timems="0.022" idlems="0.022" threads="0" lastid="0000000001CFC900" lastname="Thread-8" />
</exclusive-start>
<allocation-taxation id="959" taxation-threshold="42991616" timestamp="2019-06-16T23:11:31.169" intervalms="35.491" />
<cycle-start id="960" type="partial gc" contextid="0" timestamp="2019-06-16T23:11:31.170" intervalms="35.565" />
<gc-start id="961" type="partial gc" contextid="960" timestamp="2019-06-16T23:11:31.170">
  <mem-info id="962" free="30408704" total="147849216" percent="20">
    <mem type="eden" free="0" total="42991616" percent="0" />
    <arraylet-primitive objects="2" leaves="2" largest="1" />
    <remembered-set count="50848" freebytes="5698304" totalbytes="5901696" percent="96" regionsoverflowed="0" regionsstable="0" regionsrebuilding="0"/>
  </mem-info>
</gc-start>
<allocation-stats totalBytes="42986760" >
  <allocated-bytes non-tlh="0" tlh="42986760" arrayletleaf="0"/>
  <largest-consumer threadName="Thread-10" threadId="0000000001CF8D00" bytes="11934368" />
</allocation-stats>
<gc-op id="963" type="copy forward" timems="2.309" contextid="960" timestamp="2019-06-16T23:11:31.173">
  <memory-copied type="eden" objects="8375" bytes="339736" bytesdiscarded="29104" />
  <memory-copied type="other" objects="17371" bytes="829032" bytesdiscarded="25136" />
  <memory-cardclean objects="921" bytes="49664" />
  <regions eden="41" other="3" />
  <remembered-set-cleared processed="45930" cleared="624" durationms="0.229" />
  <stringconstants candidates="4597" cleared="0"  />
</gc-op>
<gc-op id="964" type="classunload" timems="0.003" contextid="960" timestamp="2019-06-16T23:11:31.173">
  <classunload-info classloadercandidates="8" classloadersunloaded="0" classesunloaded="0" anonymousclassesunloaded="0" quiescems="0.000" setupms="0.003" scanms="0.000" postms="0.000" />
</gc-op>
<heap-resize id="965" type="expand" space="default" amount="25165824" count="1" timems="0.186" reason="excessive time being spent in gc" timestamp="2019-06-16T23:11:31.173" />
<gc-end id="966" type="partial gc" contextid="960" durationms="3.781" usertimems="4.000" systemtimems="0.000" timestamp="2019-06-16T23:11:31.174" activeThreads="4">
  <mem-info id="967" free="96468992" total="173015040" percent="55">
    <mem type="eden" free="1728312" total="2097152" percent="82" />
    <arraylet-primitive objects="2" leaves="2" largest="1" />
    <remembered-set count="51968" freebytes="6698368" totalbytes="6906240" percent="96" regionsoverflowed="0" regionsstable="0" regionsrebuilding="0"/>
  </mem-info>
</gc-end>
<cycle-end id="968" type="partial gc" contextid="960" timestamp="2019-06-16T23:11:31.174" />
  <attribute name="elasticGC enabled" value="1" />
  <attribute name= "numThreadsSpecified" value="4" />
  <attribute name="heapSize specified" value="0" />
  <attribute name="Current GC Util" value="55" />
  <attribute name= "Current Time Running" value="2394" />
  <attribute name ="GC Interval" value="0" />
  <attribute name="ProportionalT" value="35.000000" />
  <attribute name="ProportionalI" value="35.000000" />
  <attribute name="ProportionalH" value="35.000000" />
  <attribute name="Current Error" value="35.000000" />
  <attribute name="IntegralT" value="35.000000" />
  <attribute name="IntegralI" value="35.000000" />
  <attribute name="IntegralH" value="35.000000" />
  <attribute name="DerivativeT" value="17.500000" />
  <attribute name="DerivativeI" value="17.500000" />
  <attribute name="DerivativeH" value="17.500000" />
  <attribute name="Loop Time for DT" value="1.000000" />
  <attribute name="Output H" value="8388608"/>
  <attribute name="Output I" value="200"/>
  <attribute name="Output T" value="4"/>
  <attribute name="Target GC Util Change" value ="20.000000" />
  <attribute name="Current GC Util Change" value="55.000000"/>
  <attribute name="GC Util currently" value="55" />
  <attribute name="CPU Util currently" value="17624255276072" />
<exclusive-end id="969" timestamp="2019-06-16T23:11:31.174" durationms="4.730" />

<exclusive-start id="970" timestamp="2019-06-16T23:11:31.207" intervalms="37.528">
  <response-info timems="0.025" idlems="0.025" threads="0" lastid="0000000001CF8D00" lastname="Thread-10" />
</exclusive-start>
<allocation-taxation id="971" taxation-threshold="49283072" timestamp="2019-06-16T23:11:31.207" intervalms="37.541" />
<cycle-start id="972" type="partial gc" contextid="0" timestamp="2019-06-16T23:11:31.207" intervalms="37.444" />
<gc-start id="973" type="partial gc" contextid="972" timestamp="2019-06-16T23:11:31.207">
  <mem-info id="974" free="47185920" total="173015040" percent="27">
    <mem type="eden" free="0" total="49283072" percent="0" />
    <arraylet-primitive objects="2" leaves="2" largest="1" />
    <remembered-set count="50336" freebytes="6704896" totalbytes="6906240" percent="97" regionsoverflowed="0" regionsstable="2" regionsrebuilding="0"/>
  </mem-info>
</gc-start>
<allocation-stats totalBytes="49276904" >
  <allocated-bytes non-tlh="0" tlh="49276904" arrayletleaf="0"/>
  <largest-consumer threadName="Thread-10" threadId="0000000001CF8D00" bytes="14776512" />
</allocation-stats>
<gc-op id="975" type="copy forward" timems="2.822" contextid="972" timestamp="2019-06-16T23:11:31.211">
  <memory-copied type="eden" objects="7693" bytes="323592" bytesdiscarded="0" />
  <memory-copied type="other" objects="8066" bytes="330960" bytesdiscarded="0" />
  <memory-cardclean objects="5198" bytes="269480" />
  <regions eden="47" other="3" />
  <remembered-set-cleared processed="45116" cleared="592" durationms="0.482" />
  <stringconstants candidates="4597" cleared="0"  />
</gc-op>
<gc-op id="976" type="classunload" timems="0.002" contextid="972" timestamp="2019-06-16T23:11:31.211">
  <classunload-info classloadercandidates="8" classloadersunloaded="0" classesunloaded="0" anonymousclassesunloaded="0" quiescems="0.000" setupms="0.002" scanms="0.000" postms="0.000" />
</gc-op>
<heap-resize id="977" type="expand" space="default" amount="18874368" count="1" timems="0.153" reason="excessive time being spent in gc" timestamp="2019-06-16T23:11:31.211" />
<gc-end id="978" type="partial gc" contextid="972" durationms="4.202" usertimems="4.000" systemtimems="0.000" timestamp="2019-06-16T23:11:31.211" activeThreads="1">
  <mem-info id="979" free="115343360" total="191889408" percent="60">
    <mem type="eden" free="724984" total="1048576" percent="69" />
    <arraylet-primitive objects="2" leaves="2" largest="1" />
    <remembered-set count="51008" freebytes="7455616" totalbytes="7659648" percent="97" regionsoverflowed="0" regionsstable="2" regionsrebuilding="0"/>
  </mem-info>
</gc-end>
<cycle-end id="980" type="partial gc" contextid="972" timestamp="2019-06-16T23:11:31.212" />
  <attribute name="elasticGC enabled" value="1" />
  <attribute name= "numThreadsSpecified" value="1" />
  <attribute name="heapSize specified" value="0" />
  <attribute name="Current GC Util" value="46" />
  <attribute name= "Current Time Running" value="2431" />
  <attribute name ="GC Interval" value="0" />
  <attribute name="ProportionalT" value="26.000000" />
  <attribute name="ProportionalI" value="26.000000" />
  <attribute name="ProportionalH" value="26.000000" />
  <attribute name="Current Error" value="26.000000" />
  <attribute name="IntegralT" value="0.000000" />
  <attribute name="IntegralI" value="0.000000" />
  <attribute name="IntegralH" value="0.000000" />
  <attribute name="DerivativeT" value="inf" />
  <attribute name="DerivativeI" value="inf" />
  <attribute name="DerivativeH" value="inf" />
  <attribute name="Loop Time for DT" value="0.000000" />
  <attribute name="Output H" value="8388608"/>
  <attribute name="Output I" value="200"/>
  <attribute name="Output T" value="1"/>
  <attribute name="Target GC Util Change" value ="20.000000" />
  <attribute name="Current GC Util Change" value="46.000000"/>
  <attribute name="GC Util currently" value="46" />
  <attribute name="CPU Util currently" value="16894541157296" />
<exclusive-end id="981" timestamp="2019-06-16T23:11:31.212" durationms="5.068" />

<exclusive-start id="982" timestamp="2019-06-16T23:11:31.250" intervalms="42.871">
  <response-info timems="0.025" idlems="0.025" threads="0" lastid="0000000001D04100" lastname="Thread-9" />
</exclusive-start>
<allocation-taxation id="983" taxation-threshold="54525952" timestamp="2019-06-16T23:11:31.250" intervalms="42.836" />
<cycle-start id="984" type="partial gc" contextid="0" timestamp="2019-06-16T23:11:31.250" intervalms="42.835" />
<gc-start id="985" type="partial gc" contextid="984" timestamp="2019-06-16T23:11:31.250">
  <mem-info id="986" free="60817408" total="191889408" percent="31">
    <mem type="eden" free="0" total="54525952" percent="0" />
    <arraylet-primitive objects="2" leaves="2" largest="1" />
    <remembered-set count="50784" freebytes="7456512" totalbytes="7659648" percent="97" regionsoverflowed="0" regionsstable="2" regionsrebuilding="0"/>
  </mem-info>
</gc-start>
<allocation-stats totalBytes="54519648" >
  <allocated-bytes non-tlh="0" tlh="54519648" arrayletleaf="0"/>
  <largest-consumer threadName="Thread-9" threadId="0000000001D04100" bytes="14252184" />
</allocation-stats>
<gc-op id="987" type="copy forward" timems="2.366" contextid="984" timestamp="2019-06-16T23:11:31.253">
  <memory-copied type="eden" objects="4819" bytes="117128" bytesdiscarded="13072" />
  <memory-copied type="other" objects="19619" bytes="882984" bytesdiscarded="43864" />
  <memory-cardclean objects="2818" bytes="155480" />
  <regions eden="52" other="3" />
  <remembered-set-cleared processed="45446" cleared="953" durationms="0.221" />
  <stringconstants candidates="4597" cleared="0"  />
</gc-op>
<gc-op id="988" type="classunload" timems="0.003" contextid="984" timestamp="2019-06-16T23:11:31.253">
  <classunload-info classloadercandidates="8" classloadersunloaded="0" classesunloaded="0" anonymousclassesunloaded="0" quiescems="0.000" setupms="0.002" scanms="0.000" postms="0.000" />
</gc-op>
<heap-resize id="989" type="expand" space="default" amount="5242880" count="1" timems="0.078" reason="excessive time being spent in gc" timestamp="2019-06-16T23:11:31.253" />
<gc-end id="990" type="partial gc" contextid="984" durationms="3.484" usertimems="4.000" systemtimems="0.000" timestamp="2019-06-16T23:11:31.254" activeThreads="4">
  <mem-info id="991" free="118489088" total="197132288" percent="60">
    <mem type="eden" free="1966952" total="2097152" percent="93" />
    <arraylet-primitive objects="2" leaves="2" largest="1" />
    <remembered-set count="51520" freebytes="7662848" totalbytes="7868928" percent="97" regionsoverflowed="0" regionsstable="2" regionsrebuilding="0"/>
  </mem-info>
</gc-end>
<cycle-end id="992" type="partial gc" contextid="984" timestamp="2019-06-16T23:11:31.254" />
  <attribute name="elasticGC enabled" value="1" />
  <attribute name= "numThreadsSpecified" value="4" />
  <attribute name="heapSize specified" value="0" />
  <attribute name="Current GC Util" value="59" />
  <attribute name= "Current Time Running" value="2474" />
  <attribute name ="GC Interval" value="0" />
  <attribute name="ProportionalT" value="39.000000" />
  <attribute name="ProportionalI" value="39.000000" />
  <attribute name="ProportionalH" value="39.000000" />
  <attribute name="Current Error" value="39.000000" />
  <attribute name="IntegralT" value="39.000000" />
  <attribute name="IntegralI" value="39.000000" />
  <attribute name="IntegralH" value="39.000000" />
  <attribute name="DerivativeT" value="19.500000" />
  <attribute name="DerivativeI" value="19.500000" />
  <attribute name="DerivativeH" value="19.500000" />
  <attribute name="Loop Time for DT" value="1.000000" />
  <attribute name="Output H" value="8388608"/>
  <attribute name="Output I" value="200"/>
  <attribute name="Output T" value="4"/>
  <attribute name="Target GC Util Change" value ="20.000000" />
  <attribute name="Current GC Util Change" value="59.000000"/>
  <attribute name="GC Util currently" value="59" />
  <attribute name="CPU Util currently" value="20650203314760" />
<exclusive-end id="993" timestamp="2019-06-16T23:11:31.254" durationms="4.294" />

<exclusive-start id="994" timestamp="2019-06-16T23:11:31.292" intervalms="42.630">
  <response-info timems="0.026" idlems="0.026" threads="0" lastid="0000000001D00500" lastname="Thread-7" />
</exclusive-start>
<allocation-taxation id="995" taxation-threshold="55574528" timestamp="2019-06-16T23:11:31.292" intervalms="42.671" />
<cycle-start id="996" type="partial gc" contextid="0" timestamp="2019-06-16T23:11:31.293" intervalms="42.626" />
<gc-start id="997" type="partial gc" contextid="996" timestamp="2019-06-16T23:11:31.293">
  <mem-info id="998" free="62914560" total="197132288" percent="31">
    <mem type="eden" free="0" total="55574528" percent="0" />
    <arraylet-primitive objects="2" leaves="2" largest="1" />
    <remembered-set count="51456" freebytes="7663104" totalbytes="7868928" percent="97" regionsoverflowed="0" regionsstable="2" regionsrebuilding="0"/>
  </mem-info>
</gc-start>
<allocation-stats totalBytes="55568208" >
  <allocated-bytes non-tlh="0" tlh="55568208" arrayletleaf="0"/>
  <largest-consumer threadName="Thread-9" threadId="0000000001D04100" bytes="15305016" />
</allocation-stats>
<gc-op id="999" type="copy forward" timems="3.452" contextid="996" timestamp="2019-06-16T23:11:31.297">
  <memory-copied type="eden" objects="9173" bytes="358888" bytesdiscarded="0" />
  <memory-copied type="other" objects="14124" bytes="476352" bytesdiscarded="0" />
  <memory-cardclean objects="12592" bytes="628856" />
  <regions eden="53" other="4" />
  <remembered-set-cleared processed="45819" cleared="1225" durationms="0.450" />
  <stringconstants candidates="4597" cleared="0"  />
</gc-op>
<gc-op id="1000" type="classunload" timems="0.002" contextid="996" timestamp="2019-06-16T23:11:31.297">
  <classunload-info classloadercandidates="8" classloadersunloaded="0" classesunloaded="0" anonymousclassesunloaded="0" quiescems="0.000" setupms="0.002" scanms="0.000" postms="0.000" />
</gc-op>
<gc-end id="1001" type="partial gc" contextid="996" durationms="4.372" usertimems="8.000" systemtimems="0.000" timestamp="2019-06-16T23:11:31.297" activeThreads="1">
  <mem-info id="1002" free="118489088" total="197132288" percent="60">
    <mem type="eden" free="689688" total="1048576" percent="65" />
    <arraylet-primitive objects="2" leaves="2" largest="1" />
    <remembered-set count="52608" freebytes="7658496" totalbytes="7868928" percent="97" regionsoverflowed="0" regionsstable="2" regionsrebuilding="0"/>
  </mem-info>
</gc-end>
<cycle-end id="1003" type="partial gc" contextid="996" timestamp="2019-06-16T23:11:31.297" />
  <attribute name="elasticGC enabled" value="1" />
  <attribute name= "numThreadsSpecified" value="1" />
  <attribute name="heapSize specified" value="0" />
  <attribute name="Current GC Util" value="58" />
  <attribute name= "Current Time Running" value="2516" />
  <attribute name ="GC Interval" value="0" />
  <attribute name="ProportionalT" value="38.000000" />
  <attribute name="ProportionalI" value="38.000000" />
  <attribute name="ProportionalH" value="38.000000" />
  <attribute name="Current Error" value="38.000000" />
  <attribute name="IntegralT" value="0.000000" />
  <attribute name="IntegralI" value="0.000000" />
  <attribute name="IntegralH" value="0.000000" />
  <attribute name="DerivativeT" value="inf" />
  <attribute name="DerivativeI" value="inf" />
  <attribute name="DerivativeH" value="inf" />
  <attribute name="Loop Time for DT" value="0.000000" />
  <attribute name="Output H" value="8388608"/>
  <attribute name="Output I" value="200"/>
  <attribute name="Output T" value="1"/>
  <attribute name="Target GC Util Change" value ="20.000000" />
  <attribute name="Current GC Util Change" value="58.000000"/>
  <attribute name="GC Util currently" value="58" />
  <attribute name="CPU Util currently" value="19794257921958" />
<exclusive-end id="1004" timestamp="2019-06-16T23:11:31.297" durationms="5.238" />

<exclusive-start id="1005" timestamp="2019-06-16T23:11:31.338" intervalms="45.561">
  <response-info timems="0.030" idlems="0.030" threads="0" lastid="0000000001D00500" lastname="Thread-7" />
</exclusive-start>
<allocation-taxation id="1006" taxation-threshold="55574528" timestamp="2019-06-16T23:11:31.338" intervalms="45.561" />
<cycle-start id="1007" type="partial gc" contextid="0" timestamp="2019-06-16T23:11:31.338" intervalms="45.686" />
<gc-start id="1008" type="partial gc" contextid="1007" timestamp="2019-06-16T23:11:31.339">
  <mem-info id="1009" free="62914560" total="197132288" percent="31">
    <mem type="eden" free="0" total="55574528" percent="0" />
    <arraylet-primitive objects="2" leaves="2" largest="1" />
    <remembered-set count="52128" freebytes="7660416" totalbytes="7868928" percent="97" regionsoverflowed="0" regionsstable="2" regionsrebuilding="0"/>
  </mem-info>
</gc-start>
<allocation-stats totalBytes="55568080" >
  <allocated-bytes non-tlh="0" tlh="55568080" arrayletleaf="0"/>
  <largest-consumer threadName="Thread-9" threadId="0000000001D04100" bytes="16521368" />
</allocation-stats>
<gc-op id="1010" type="copy forward" timems="3.401" contextid="1007" timestamp="2019-06-16T23:11:31.343">
  <memory-copied type="eden" objects="8873" bytes="351536" bytesdiscarded="0" />
  <memory-copied type="other" objects="13419" bytes="459432" bytesdiscarded="0" />
  <memory-cardclean objects="11869" bytes="597776" />
  <regions eden="53" other="2" />
  <remembered-set-cleared processed="46944" cleared="1260" durationms="0.527" />
  <stringconstants candidates="4597" cleared="0"  />
</gc-op>
<gc-op id="1011" type="classunload" timems="0.002" contextid="1007" timestamp="2019-06-16T23:11:31.343">
  <classunload-info classloadercandidates="8" classloadersunloaded="0" classesunloaded="0" anonymousclassesunloaded="0" quiescems="0.000" setupms="0.002" scanms="0.000" postms="0.000" />
</gc-op>
<gc-end id="1012" type="partial gc" contextid="1007" durationms="4.573" usertimems="4.000" systemtimems="0.000" timestamp="2019-06-16T23:11:31.343" activeThreads="1">
  <mem-info id="1013" free="117440512" total="197132288" percent="59">
    <mem type="eden" free="697040" total="1048576" percent="66" />
    <arraylet-primitive objects="2" leaves="2" largest="1" />
    <remembered-set count="53248" freebytes="7655936" totalbytes="7868928" percent="97" regionsoverflowed="0" regionsstable="2" regionsrebuilding="0"/>
  </mem-info>
</gc-end>
<cycle-end id="1014" type="partial gc" contextid="1007" timestamp="2019-06-16T23:11:31.343" />
  <attribute name="elasticGC enabled" value="1" />
  <attribute name= "numThreadsSpecified" value="1" />
  <attribute name="heapSize specified" value="0" />
  <attribute name="Current GC Util" value="62" />
  <attribute name= "Current Time Running" value="2562" />
  <attribute name ="GC Interval" value="0" />
  <attribute name="ProportionalT" value="42.000000" />
  <attribute name="ProportionalI" value="42.000000" />
  <attribute name="ProportionalH" value="42.000000" />
  <attribute name="Current Error" value="42.000000" />
  <attribute name="IntegralT" value="0.000000" />
  <attribute name="IntegralI" value="0.000000" />
  <attribute name="IntegralH" value="0.000000" />
  <attribute name="DerivativeT" value="inf" />
  <attribute name="DerivativeI" value="inf" />
  <attribute name="DerivativeH" value="inf" />
  <attribute name="Loop Time for DT" value="0.000000" />
  <attribute name="Output H" value="8388608"/>
  <attribute name="Output I" value="200"/>
  <attribute name="Output T" value="1"/>
  <attribute name="Target GC Util Change" value ="20.000000" />
  <attribute name="Current GC Util Change" value="62.000000"/>
  <attribute name="GC Util currently" value="62" />
  <attribute name="CPU Util currently" value="16596201200553" />
<exclusive-end id="1015" timestamp="2019-06-16T23:11:31.344" durationms="5.800" />

<exclusive-start id="1016" timestamp="2019-06-16T23:11:31.385" intervalms="47.035">
  <response-info timems="0.030" idlems="0.030" threads="0" lastid="0000000001D04100" lastname="Thread-9" />
</exclusive-start>
<allocation-taxation id="1017" taxation-threshold="55574528" timestamp="2019-06-16T23:11:31.385" intervalms="47.056" />
<cycle-start id="1018" type="partial gc" contextid="0" timestamp="2019-06-16T23:11:31.385" intervalms="46.965" />
<gc-start id="1019" type="partial gc" contextid="1018" timestamp="2019-06-16T23:11:31.385">
  <mem-info id="1020" free="61865984" total="197132288" percent="31">
    <mem type="eden" free="0" total="55574528" percent="0" />
    <arraylet-primitive objects="2" leaves="2" largest="1" />
    <remembered-set count="52992" freebytes="7656960" totalbytes="7868928" percent="97" regionsoverflowed="0" regionsstable="2" regionsrebuilding="0"/>
  </mem-info>
</gc-start>
<allocation-stats totalBytes="55568072" >
  <allocated-bytes non-tlh="0" tlh="55568072" arrayletleaf="0"/>
  <largest-consumer threadName="Thread-7" threadId="0000000001D00500" bytes="17840168" />
</allocation-stats>
<gc-op id="1021" type="copy forward" timems="3.501" contextid="1018" timestamp="2019-06-16T23:11:31.390">
  <memory-copied type="eden" objects="6380" bytes="154640" bytesdiscarded="0" />
  <memory-copied type="other" objects="17538" bytes="695664" bytesdiscarded="0" />
  <memory-cardclean objects="8820" bytes="432872" />
  <regions eden="53" other="2" />
  <remembered-set-cleared processed="47977" cleared="1325" durationms="0.543" />
  <stringconstants candidates="4597" cleared="0"  />
</gc-op>
<gc-op id="1022" type="classunload" timems="0.003" contextid="1018" timestamp="2019-06-16T23:11:31.390">
  <classunload-info classloadercandidates="8" classloadersunloaded="0" classesunloaded="0" anonymousclassesunloaded="0" quiescems="0.000" setupms="0.002" scanms="0.000" postms="0.000" />
</gc-op>
<gc-end id="1023" type="partial gc" contextid="1018" durationms="4.574" usertimems="12.000" systemtimems="0.000" timestamp="2019-06-16T23:11:31.390" activeThreads="1">
  <mem-info id="1024" free="116391936" total="197132288" percent="59">
    <mem type="eden" free="893936" total="1048576" percent="85" />
    <arraylet-primitive objects="2" leaves="2" largest="1" />
    <remembered-set count="55200" freebytes="7648128" totalbytes="7868928" percent="97" regionsoverflowed="0" regionsstable="2" regionsrebuilding="0"/>
  </mem-info>
</gc-end>
<cycle-end id="1025" type="partial gc" contextid="1018" timestamp="2019-06-16T23:11:31.390" />
  <attribute name="elasticGC enabled" value="1" />
  <attribute name= "numThreadsSpecified" value="1" />
  <attribute name="heapSize specified" value="0" />
  <attribute name="Current GC Util" value="58" />
  <attribute name= "Current Time Running" value="2609" />
  <attribute name ="GC Interval" value="0" />
  <attribute name="ProportionalT" value="38.000000" />
  <attribute name="ProportionalI" value="38.000000" />
  <attribute name="ProportionalH" value="38.000000" />
  <attribute name="Current Error" value="38.000000" />
  <attribute name="IntegralT" value="0.000000" />
  <attribute name="IntegralI" value="0.000000" />
  <attribute name="IntegralH" value="0.000000" />
  <attribute name="DerivativeT" value="inf" />
  <attribute name="DerivativeI" value="inf" />
  <attribute name="DerivativeH" value="inf" />
  <attribute name="Loop Time for DT" value="0.000000" />
  <attribute name="Output H" value="8388608"/>
  <attribute name="Output I" value="200"/>
  <attribute name="Output T" value="1"/>
  <attribute name="Target GC Util Change" value ="20.000000" />
  <attribute name="Current GC Util Change" value="58.000000"/>
  <attribute name="GC Util currently" value="58" />
  <attribute name="CPU Util currently" value="18217351133293" />
<exclusive-end id="1026" timestamp="2019-06-16T23:11:31.390" durationms="5.545" />

<exclusive-start id="1027" timestamp="2019-06-16T23:11:31.433" intervalms="47.710">
  <response-info timems="0.032" idlems="0.032" threads="0" lastid="0000000001CFC900" lastname="Thread-8" />
</exclusive-start>
<allocation-taxation id="1028" taxation-threshold="55574528" timestamp="2019-06-16T23:11:31.433" intervalms="47.696" />
<cycle-start id="1029" type="partial gc" contextid="0" timestamp="2019-06-16T23:11:31.433" intervalms="47.745" />
<gc-start id="1030" type="partial gc" contextid="1029" timestamp="2019-06-16T23:11:31.433">
  <mem-info id="1031" free="60817408" total="197132288" percent="30">
    <mem type="eden" free="0" total="55574528" percent="0" />
    <arraylet-primitive objects="2" leaves="2" largest="1" />
    <remembered-set count="54784" freebytes="7649792" totalbytes="7868928" percent="97" regionsoverflowed="0" regionsstable="2" regionsrebuilding="0"/>
  </mem-info>
</gc-start>
<allocation-stats totalBytes="55568088" >
  <allocated-bytes non-tlh="0" tlh="55568088" arrayletleaf="0"/>
  <largest-consumer threadName="Thread-7" threadId="0000000001D00500" bytes="16939104" />
</allocation-stats>
<gc-op id="1032" type="copy forward" timems="2.378" contextid="1029" timestamp="2019-06-16T23:11:31.436">
  <memory-copied type="eden" objects="10845" bytes="398440" bytesdiscarded="18624" />
  <memory-copied type="other" objects="14696" bytes="490080" bytesdiscarded="18488" />
  <memory-cardclean objects="10906" bytes="551984" />
  <regions eden="53" other="2" />
  <remembered-set-cleared processed="48941" cleared="1357" durationms="0.238" />
  <stringconstants candidates="4597" cleared="0"  />
</gc-op>
<gc-op id="1033" type="classunload" timems="0.003" contextid="1029" timestamp="2019-06-16T23:11:31.436">
  <classunload-info classloadercandidates="8" classloadersunloaded="0" classesunloaded="0" anonymousclassesunloaded="0" quiescems="0.000" setupms="0.002" scanms="0.000" postms="0.000" />
</gc-op>
<gc-end id="1034" type="partial gc" contextid="1029" durationms="3.382" usertimems="4.000" systemtimems="4.000" timestamp="2019-06-16T23:11:31.436" activeThreads="4">
  <mem-info id="1035" free="115343360" total="197132288" percent="58">
    <mem type="eden" free="631512" total="1048576" percent="60" />
    <arraylet-primitive objects="2" leaves="2" largest="1" />
    <remembered-set count="56224" freebytes="7644032" totalbytes="7868928" percent="97" regionsoverflowed="0" regionsstable="2" regionsrebuilding="0"/>
  </mem-info>
</gc-end>
<cycle-end id="1036" type="partial gc" contextid="1029" timestamp="2019-06-16T23:11:31.437" />
  <attribute name="elasticGC enabled" value="1" />
  <attribute name= "numThreadsSpecified" value="4" />
  <attribute name="heapSize specified" value="0" />
  <attribute name="Current GC Util" value="50" />
  <attribute name= "Current Time Running" value="2657" />
  <attribute name ="GC Interval" value="0" />
  <attribute name="ProportionalT" value="30.000000" />
  <attribute name="ProportionalI" value="30.000000" />
  <attribute name="ProportionalH" value="30.000000" />
  <attribute name="Current Error" value="30.000000" />
  <attribute name="IntegralT" value="30.000000" />
  <attribute name="IntegralI" value="30.000000" />
  <attribute name="IntegralH" value="30.000000" />
  <attribute name="DerivativeT" value="15.000000" />
  <attribute name="DerivativeI" value="15.000000" />
  <attribute name="DerivativeH" value="15.000000" />
  <attribute name="Loop Time for DT" value="1.000000" />
  <attribute name="Output H" value="8388608"/>
  <attribute name="Output I" value="200"/>
  <attribute name="Output T" value="4"/>
  <attribute name="Target GC Util Change" value ="20.000000" />
  <attribute name="Current GC Util Change" value="50.000000"/>
  <attribute name="GC Util currently" value="50" />
  <attribute name="CPU Util currently" value="15677048504855" />
<exclusive-end id="1037" timestamp="2019-06-16T23:11:31.437" durationms="4.325" />

<exclusive-start id="1038" timestamp="2019-06-16T23:11:31.485" intervalms="52.859">
  <response-info timems="0.034" idlems="0.034" threads="0" lastid="0000000001CFC900" lastname="Thread-8" />
</exclusive-start>
<allocation-taxation id="1039" taxation-threshold="55574528" timestamp="2019-06-16T23:11:31.486" intervalms="52.843" />
<cycle-start id="1040" type="partial gc" contextid="0" timestamp="2019-06-16T23:11:31.486" intervalms="52.852" />
<gc-start id="1041" type="partial gc" contextid="1040" timestamp="2019-06-16T23:11:31.486">
  <mem-info id="1042" free="59768832" total="197132288" percent="30">
    <mem type="eden" free="0" total="55574528" percent="0" />
    <arraylet-primitive objects="2" leaves="2" largest="1" />
    <remembered-set count="56096" freebytes="7644544" totalbytes="7868928" percent="97" regionsoverflowed="0" regionsstable="2" regionsrebuilding="0"/>
  </mem-info>
</gc-start>
<allocation-stats totalBytes="55567368" >
  <allocated-bytes non-tlh="0" tlh="55567368" arrayletleaf="0"/>
  <largest-consumer threadName="Thread-10" threadId="0000000001CF8D00" bytes="17061640" />
</allocation-stats>
<gc-op id="1043" type="copy forward" timems="2.749" contextid="1040" timestamp="2019-06-16T23:11:31.490">
  <memory-copied type="eden" objects="23964" bytes="988728" bytesdiscarded="52608" />
  <memory-copied type="other" objects="16741" bytes="539160" bytesdiscarded="32448" />
  <memory-cardclean objects="14127" bytes="713864" />
  <regions eden="53" other="2" />
  <remembered-set-cleared processed="49858" cleared="1658" durationms="0.249" />
  <stringconstants candidates="4597" cleared="0"  />
</gc-op>
<gc-op id="1044" type="classunload" timems="0.003" contextid="1040" timestamp="2019-06-16T23:11:31.490">
  <classunload-info classloadercandidates="8" classloadersunloaded="0" classesunloaded="0" anonymousclassesunloaded="0" quiescems="0.000" setupms="0.002" scanms="0.000" postms="0.000" />
</gc-op>
<gc-end id="1045" type="partial gc" contextid="1040" durationms="3.723" usertimems="8.000" systemtimems="0.000" timestamp="2019-06-16T23:11:31.490" activeThreads="4">
  <mem-info id="1046" free="114294784" total="197132288" percent="57">
    <mem type="eden" free="7240" total="1048576" percent="0" />
    <arraylet-primitive objects="2" leaves="2" largest="1" />
    <remembered-set count="56896" freebytes="7641344" totalbytes="7868928" percent="97" regionsoverflowed="0" regionsstable="2" regionsrebuilding="0"/>
  </mem-info>
</gc-end>
<cycle-end id="1047" type="partial gc" contextid="1040" timestamp="2019-06-16T23:11:31.490" />
  <attribute name="elasticGC enabled" value="1" />
  <attribute name= "numThreadsSpecified" value="4" />
  <attribute name="heapSize specified" value="0" />
  <attribute name="Current GC Util" value="58" />
  <attribute name= "Current Time Running" value="2710" />
  <attribute name ="GC Interval" value="0" />
  <attribute name="ProportionalT" value="38.000000" />
  <attribute name="ProportionalI" value="38.000000" />
  <attribute name="ProportionalH" value="38.000000" />
  <attribute name="Current Error" value="38.000000" />
  <attribute name="IntegralT" value="38.000000" />
  <attribute name="IntegralI" value="38.000000" />
  <attribute name="IntegralH" value="38.000000" />
  <attribute name="DerivativeT" value="19.000000" />
  <attribute name="DerivativeI" value="19.000000" />
  <attribute name="DerivativeH" value="19.000000" />
  <attribute name="Loop Time for DT" value="1.000000" />
  <attribute name="Output H" value="8388608"/>
  <attribute name="Output I" value="200"/>
  <attribute name="Output T" value="4"/>
  <attribute name="Target GC Util Change" value ="20.000000" />
  <attribute name="Current GC Util Change" value="58.000000"/>
  <attribute name="GC Util currently" value="58" />
  <attribute name="CPU Util currently" value="21456388755646" />
<exclusive-end id="1048" timestamp="2019-06-16T23:11:31.490" durationms="4.889" />

<exclusive-start id="1049" timestamp="2019-06-16T23:11:31.536" intervalms="50.165">
  <response-info timems="0.138" idlems="0.138" threads="0" lastid="0000000001CFC900" lastname="Thread-8" />
</exclusive-start>
<allocation-taxation id="1050" taxation-threshold="55574528" timestamp="2019-06-16T23:11:31.536" intervalms="50.141" />
<cycle-start id="1051" type="partial gc" contextid="0" timestamp="2019-06-16T23:11:31.536" intervalms="50.115" />
<gc-start id="1052" type="partial gc" contextid="1051" timestamp="2019-06-16T23:11:31.536">
  <mem-info id="1053" free="58720256" total="197132288" percent="29">
    <mem type="eden" free="0" total="55574528" percent="0" />
    <arraylet-primitive objects="2" leaves="2" largest="1" />
    <remembered-set count="56864" freebytes="7641472" totalbytes="7868928" percent="97" regionsoverflowed="0" regionsstable="2" regionsrebuilding="0"/>
  </mem-info>
</gc-start>
<allocation-stats totalBytes="55566800" >
  <allocated-bytes non-tlh="0" tlh="55566800" arrayletleaf="0"/>
  <largest-consumer threadName="Thread-8" threadId="0000000001CFC900" bytes="17102376" />
</allocation-stats>
<gc-op id="1054" type="copy forward" timems="2.326" contextid="1051" timestamp="2019-06-16T23:11:31.539">
  <memory-copied type="eden" objects="9493" bytes="366608" bytesdiscarded="16952" />
  <memory-copied type="other" objects="27140" bytes="1063488" bytesdiscarded="55112" />
  <memory-cardclean objects="8304" bytes="416216" />
  <regions eden="53" other="2" />
  <remembered-set-cleared processed="51090" cleared="1694" durationms="0.231" />
  <stringconstants candidates="4597" cleared="0"  />
</gc-op>
<gc-op id="1055" type="classunload" timems="0.002" contextid="1051" timestamp="2019-06-16T23:11:31.539">
  <classunload-info classloadercandidates="8" classloadersunloaded="0" classesunloaded="0" anonymousclassesunloaded="0" quiescems="0.000" setupms="0.002" scanms="0.000" postms="0.000" />
</gc-op>
<gc-end id="1056" type="partial gc" contextid="1051" durationms="3.302" usertimems="4.000" systemtimems="4.000" timestamp="2019-06-16T23:11:31.539" activeThreads="4">
  <mem-info id="1057" free="113246208" total="197132288" percent="57">
    <mem type="eden" free="665016" total="1048576" percent="63" />
    <arraylet-primitive objects="2" leaves="2" largest="1" />
    <remembered-set count="57664" freebytes="7638272" totalbytes="7868928" percent="97" regionsoverflowed="0" regionsstable="2" regionsrebuilding="0"/>
  </mem-info>
</gc-end>
<cycle-end id="1058" type="partial gc" contextid="1051" timestamp="2019-06-16T23:11:31.540" />
  <attribute name="elasticGC enabled" value="1" />
  <attribute name= "numThreadsSpecified" value="4" />
  <attribute name="heapSize specified" value="0" />
  <attribute name="Current GC Util" value="57" />
  <attribute name= "Current Time Running" value="2760" />
  <attribute name ="GC Interval" value="0" />
  <attribute name="ProportionalT" value="37.000000" />
  <attribute name="ProportionalI" value="37.000000" />
  <attribute name="ProportionalH" value="37.000000" />
  <attribute name="Current Error" value="37.000000" />
  <attribute name="IntegralT" value="37.000000" />
  <attribute name="IntegralI" value="37.000000" />
  <attribute name="IntegralH" value="37.000000" />
  <attribute name="DerivativeT" value="18.500000" />
  <attribute name="DerivativeI" value="18.500000" />
  <attribute name="DerivativeH" value="18.500000" />
  <attribute name="Loop Time for DT" value="1.000000" />
  <attribute name="Output H" value="8388608"/>
  <attribute name="Output I" value="200"/>
  <attribute name="Output T" value="4"/>
  <attribute name="Target GC Util Change" value ="20.000000" />
  <attribute name="Current GC Util Change" value="57.000000"/>
  <attribute name="GC Util currently" value="57" />
  <attribute name="CPU Util currently" value="19436611781736" />
<exclusive-end id="1059" timestamp="2019-06-16T23:11:31.540" durationms="4.294" />

<exclusive-start id="1060" timestamp="2019-06-16T23:11:31.573" intervalms="37.554">
  <response-info timems="0.090" idlems="0.056" threads="1" lastid="0000000001CF8D00" lastname="Thread-10" />
</exclusive-start>
<allocation-taxation id="1061" taxation-threshold="55574528" timestamp="2019-06-16T23:11:31.573" intervalms="37.568" />
<cycle-start id="1062" type="partial gc" contextid="0" timestamp="2019-06-16T23:11:31.573" intervalms="37.630" />
<gc-start id="1063" type="partial gc" contextid="1062" timestamp="2019-06-16T23:11:31.574">
  <mem-info id="1064" free="57671680" total="197132288" percent="29">
    <mem type="eden" free="0" total="55574528" percent="0" />
    <arraylet-primitive objects="2" leaves="2" largest="1" />
    <remembered-set count="57216" freebytes="7640064" totalbytes="7868928" percent="97" regionsoverflowed="0" regionsstable="2" regionsrebuilding="0"/>
  </mem-info>
</gc-start>
<allocation-stats totalBytes="55566576" >
  <allocated-bytes non-tlh="0" tlh="55566576" arrayletleaf="0"/>
  <largest-consumer threadName="Thread-8" threadId="0000000001CFC900" bytes="19371176" />
</allocation-stats>
<gc-op id="1065" type="copy forward" timems="4.442" contextid="1062" timestamp="2019-06-16T23:11:31.579">
  <memory-copied type="eden" objects="10802" bytes="398344" bytesdiscarded="0" />
  <memory-copied type="other" objects="27834" bytes="1080144" bytesdiscarded="0" />
  <memory-cardclean objects="8304" bytes="416216" />
  <regions eden="53" other="3" />
  <remembered-set-cleared processed="51296" cleared="1900" durationms="0.526" />
  <stringconstants candidates="4597" cleared="0"  />
</gc-op>
<gc-op id="1066" type="classunload" timems="0.002" contextid="1062" timestamp="2019-06-16T23:11:31.579">
  <classunload-info classloadercandidates="8" classloadersunloaded="0" classesunloaded="0" anonymousclassesunloaded="0" quiescems="0.000" setupms="0.002" scanms="0.000" postms="0.000" />
</gc-op>
<gc-end id="1067" type="partial gc" contextid="1062" durationms="5.509" usertimems="8.000" systemtimems="0.000" timestamp="2019-06-16T23:11:31.579" activeThreads="1">
  <mem-info id="1068" free="112197632" total="197132288" percent="56">
    <mem type="eden" free="650232" total="1048576" percent="62" />
    <arraylet-primitive objects="2" leaves="2" largest="1" />
    <remembered-set count="57376" freebytes="7639424" totalbytes="7868928" percent="97" regionsoverflowed="0" regionsstable="2" regionsrebuilding="0"/>
  </mem-info>
</gc-end>
<cycle-end id="1069" type="partial gc" contextid="1062" timestamp="2019-06-16T23:11:31.579" />
  <attribute name="elasticGC enabled" value="1" />
  <attribute name= "numThreadsSpecified" value="1" />
  <attribute name="heapSize specified" value="0" />
  <attribute name="Current GC Util" value="51" />
  <attribute name= "Current Time Running" value="2797" />
  <attribute name ="GC Interval" value="0" />
  <attribute name="ProportionalT" value="31.000000" />
  <attribute name="ProportionalI" value="31.000000" />
  <attribute name="ProportionalH" value="31.000000" />
  <attribute name="Current Error" value="31.000000" />
  <attribute name="IntegralT" value="0.000000" />
  <attribute name="IntegralI" value="0.000000" />
  <attribute name="IntegralH" value="0.000000" />
  <attribute name="DerivativeT" value="inf" />
  <attribute name="DerivativeI" value="inf" />
  <attribute name="DerivativeH" value="inf" />
  <attribute name="Loop Time for DT" value="0.000000" />
  <attribute name="Output H" value="8388608"/>
  <attribute name="Output I" value="200"/>
  <attribute name="Output T" value="1"/>
  <attribute name="Target GC Util Change" value ="20.000000" />
  <attribute name="Current GC Util Change" value="51.000000"/>
  <attribute name="GC Util currently" value="51" />
  <attribute name="CPU Util currently" value="17378586571234" />
<exclusive-end id="1070" timestamp="2019-06-16T23:11:31.580" durationms="6.544" />

<exclusive-start id="1071" timestamp="2019-06-16T23:11:31.612" intervalms="39.381">
  <response-info timems="0.043" idlems="0.043" threads="0" lastid="0000000001D04100" lastname="Thread-9" />
</exclusive-start>
<allocation-taxation id="1072" taxation-threshold="55574528" timestamp="2019-06-16T23:11:31.613" intervalms="39.373" />
<cycle-start id="1073" type="partial gc" contextid="0" timestamp="2019-06-16T23:11:31.613" intervalms="39.290" />
<gc-start id="1074" type="partial gc" contextid="1073" timestamp="2019-06-16T23:11:31.613">
  <mem-info id="1075" free="56623104" total="197132288" percent="28">
    <mem type="eden" free="0" total="55574528" percent="0" />
    <arraylet-primitive objects="2" leaves="2" largest="1" />
    <remembered-set count="56960" freebytes="7641088" totalbytes="7868928" percent="97" regionsoverflowed="0" regionsstable="2" regionsrebuilding="0"/>
  </mem-info>
</gc-start>
<allocation-stats totalBytes="55567136" >
  <allocated-bytes non-tlh="0" tlh="55567136" arrayletleaf="0"/>
  <largest-consumer threadName="Thread-8" threadId="0000000001CFC900" bytes="18761488" />
</allocation-stats>
<gc-op id="1076" type="copy forward" timems="2.563" contextid="1073" timestamp="2019-06-16T23:11:31.616">
  <memory-copied type="eden" objects="11367" bytes="411888" bytesdiscarded="17584" />
  <memory-copied type="other" objects="9037" bytes="354264" bytesdiscarded="9176" />
  <memory-cardclean objects="5456" bytes="301304" />
  <regions eden="53" other="2" />
  <remembered-set-cleared processed="52324" cleared="635" durationms="0.249" />
  <stringconstants candidates="4597" cleared="0"  />
</gc-op>
<gc-op id="1077" type="classunload" timems="0.003" contextid="1073" timestamp="2019-06-16T23:11:31.617">
  <classunload-info classloadercandidates="8" classloadersunloaded="0" classesunloaded="0" anonymousclassesunloaded="0" quiescems="0.000" setupms="0.003" scanms="0.000" postms="0.000" />
</gc-op>
<gc-end id="1078" type="partial gc" contextid="1073" durationms="3.674" usertimems="4.000" systemtimems="0.000" timestamp="2019-06-16T23:11:31.617" activeThreads="4">
  <mem-info id="1079" free="111149056" total="197132288" percent="56">
    <mem type="eden" free="619104" total="1048576" percent="59" />
    <arraylet-primitive objects="2" leaves="2" largest="1" />
    <remembered-set count="57888" freebytes="7637376" totalbytes="7868928" percent="97" regionsoverflowed="0" regionsstable="2" regionsrebuilding="0"/>
  </mem-info>
</gc-end>
<cycle-end id="1080" type="partial gc" contextid="1073" timestamp="2019-06-16T23:11:31.617" />
  <attribute name="elasticGC enabled" value="1" />
  <attribute name= "numThreadsSpecified" value="4" />
  <attribute name="heapSize specified" value="0" />
  <attribute name="Current GC Util" value="50" />
  <attribute name= "Current Time Running" value="2837" />
  <attribute name ="GC Interval" value="0" />
  <attribute name="ProportionalT" value="30.000000" />
  <attribute name="ProportionalI" value="30.000000" />
  <attribute name="ProportionalH" value="30.000000" />
  <attribute name="Current Error" value="30.000000" />
  <attribute name="IntegralT" value="30.000000" />
  <attribute name="IntegralI" value="30.000000" />
  <attribute name="IntegralH" value="30.000000" />
  <attribute name="DerivativeT" value="15.000000" />
  <attribute name="DerivativeI" value="15.000000" />
  <attribute name="DerivativeH" value="15.000000" />
  <attribute name="Loop Time for DT" value="1.000000" />
  <attribute name="Output H" value="8388608"/>
  <attribute name="Output I" value="200"/>
  <attribute name="Output T" value="4"/>
  <attribute name="Target GC Util Change" value ="20.000000" />
  <attribute name="Current GC Util Change" value="50.000000"/>
  <attribute name="GC Util currently" value="50" />
  <attribute name="CPU Util currently" value="15623989144862" />
<exclusive-end id="1081" timestamp="2019-06-16T23:11:31.617" durationms="4.648" />

<exclusive-start id="1082" timestamp="2019-06-16T23:11:31.645" intervalms="32.977">
  <response-info timems="0.030" idlems="0.030" threads="0" lastid="0000000001CFC900" lastname="Thread-8" />
</exclusive-start>
<allocation-taxation id="1083" taxation-threshold="55574528" timestamp="2019-06-16T23:11:31.646" intervalms="33.011" />
<cycle-start id="1084" type="partial gc" contextid="0" timestamp="2019-06-16T23:11:31.646" intervalms="33.089" />
<gc-start id="1085" type="partial gc" contextid="1084" timestamp="2019-06-16T23:11:31.646">
  <mem-info id="1086" free="55574528" total="197132288" percent="28">
    <mem type="eden" free="0" total="55574528" percent="0" />
    <arraylet-primitive objects="2" leaves="2" largest="1" />
    <remembered-set count="57440" freebytes="7639168" totalbytes="7868928" percent="97" regionsoverflowed="0" regionsstable="2" regionsrebuilding="0"/>
  </mem-info>
</gc-start>
<allocation-stats totalBytes="55567192" >
  <allocated-bytes non-tlh="0" tlh="55567192" arrayletleaf="0"/>
  <largest-consumer threadName="Thread-8" threadId="0000000001CFC900" bytes="18396608" />
</allocation-stats>
<gc-op id="1087" type="copy forward" timems="2.180" contextid="1084" timestamp="2019-06-16T23:11:31.649">
  <memory-copied type="eden" objects="8166" bytes="335064" bytesdiscarded="15200" />
  <memory-copied type="other" objects="3756" bytes="90144" bytesdiscarded="2704" />
  <memory-cardclean objects="8196" bytes="417536" />
  <regions eden="53" other="2" />
  <remembered-set-cleared processed="52872" cleared="797" durationms="0.263" />
  <stringconstants candidates="4597" cleared="0"  />
</gc-op>
<gc-op id="1088" type="classunload" timems="0.002" contextid="1084" timestamp="2019-06-16T23:11:31.649">
  <classunload-info classloadercandidates="8" classloadersunloaded="0" classesunloaded="0" anonymousclassesunloaded="0" quiescems="0.000" setupms="0.002" scanms="0.000" postms="0.000" />
</gc-op>
<heap-resize id="1089" type="expand" space="default" amount="20971520" count="1" timems="0.175" reason="excessive time being spent in gc" timestamp="2019-06-16T23:11:31.650" />
<gc-end id="1090" type="partial gc" contextid="1084" durationms="3.534" usertimems="0.000" systemtimems="4.000" timestamp="2019-06-16T23:11:31.650" activeThreads="4">
  <mem-info id="1091" free="131072000" total="218103808" percent="60">
    <mem type="eden" free="698312" total="1048576" percent="66" />
    <arraylet-primitive objects="2" leaves="2" largest="1" />
    <remembered-set count="58272" freebytes="8472960" totalbytes="8706048" percent="97" regionsoverflowed="0" regionsstable="2" regionsrebuilding="0"/>
  </mem-info>
</gc-end>
<cycle-end id="1092" type="partial gc" contextid="1084" timestamp="2019-06-16T23:11:31.650" />
  <attribute name="elasticGC enabled" value="1" />
  <attribute name= "numThreadsSpecified" value="4" />
  <attribute name="heapSize specified" value="0" />
  <attribute name="Current GC Util" value="42" />
  <attribute name= "Current Time Running" value="2870" />
  <attribute name ="GC Interval" value="0" />
  <attribute name="ProportionalT" value="22.000000" />
  <attribute name="ProportionalI" value="22.000000" />
  <attribute name="ProportionalH" value="22.000000" />
  <attribute name="Current Error" value="22.000000" />
  <attribute name="IntegralT" value="22.000000" />
  <attribute name="IntegralI" value="22.000000" />
  <attribute name="IntegralH" value="22.000000" />
  <attribute name="DerivativeT" value="11.000000" />
  <attribute name="DerivativeI" value="11.000000" />
  <attribute name="DerivativeH" value="11.000000" />
  <attribute name="Loop Time for DT" value="1.000000" />
  <attribute name="Output H" value="8388608"/>
  <attribute name="Output I" value="200"/>
  <attribute name="Output T" value="4"/>
  <attribute name="Target GC Util Change" value ="20.000000" />
  <attribute name="Current GC Util Change" value="42.000000"/>
  <attribute name="GC Util currently" value="42" />
  <attribute name="CPU Util currently" value="14242214437678" />
<exclusive-end id="1093" timestamp="2019-06-16T23:11:31.650" durationms="4.582" />

<exclusive-start id="1094" timestamp="2019-06-16T23:11:31.688" intervalms="42.763">
  <response-info timems="1.602" idlems="0.828" threads="1" lastid="0000000001CF8D00" lastname="Thread-10" />
</exclusive-start>
<allocation-taxation id="1095" taxation-threshold="60817408" timestamp="2019-06-16T23:11:31.688" intervalms="42.724" />
<cycle-start id="1096" type="partial gc" contextid="0" timestamp="2019-06-16T23:11:31.689" intervalms="42.639" />
<gc-start id="1097" type="partial gc" contextid="1096" timestamp="2019-06-16T23:11:31.689">
  <mem-info id="1098" free="70254592" total="218103808" percent="32">
    <mem type="eden" free="0" total="60817408" percent="0" />
    <arraylet-primitive objects="2" leaves="2" largest="1" />
    <remembered-set count="58176" freebytes="8473344" totalbytes="8706048" percent="97" regionsoverflowed="0" regionsstable="2" regionsrebuilding="0"/>
  </mem-info>
</gc-start>
<allocation-stats totalBytes="60809432" >
  <allocated-bytes non-tlh="0" tlh="60809432" arrayletleaf="0"/>
  <largest-consumer threadName="Thread-8" threadId="0000000001CFC900" bytes="19429016" />
</allocation-stats>
<gc-op id="1099" type="copy forward" timems="4.131" contextid="1096" timestamp="2019-06-16T23:11:31.694">
  <memory-copied type="eden" objects="18017" bytes="708712" bytesdiscarded="0" />
  <memory-copied type="other" objects="9745" bytes="371256" bytesdiscarded="0" />
  <memory-cardclean objects="8983" bytes="439928" />
  <regions eden="58" other="2" />
  <remembered-set-cleared processed="53351" cleared="933" durationms="0.584" />
  <stringconstants candidates="4597" cleared="0"  />
</gc-op>
<gc-op id="1100" type="classunload" timems="0.003" contextid="1096" timestamp="2019-06-16T23:11:31.694">
  <classunload-info classloadercandidates="8" classloadersunloaded="0" classesunloaded="0" anonymousclassesunloaded="0" quiescems="0.000" setupms="0.003" scanms="0.000" postms="0.000" />
</gc-op>
<heap-resize id="1101" type="expand" space="default" amount="2097152" count="1" timems="0.063" reason="excessive time being spent in gc" timestamp="2019-06-16T23:11:31.694" />
<gc-end id="1102" type="partial gc" contextid="1096" durationms="5.346" usertimems="12.000" systemtimems="0.000" timestamp="2019-06-16T23:11:31.694" activeThreads="1">
  <mem-info id="1103" free="132120576" total="220200960" percent="60">
    <mem type="eden" free="339864" total="1048576" percent="32" />
    <arraylet-primitive objects="2" leaves="2" largest="1" />
    <remembered-set count="59424" freebytes="8552064" totalbytes="8789760" percent="97" regionsoverflowed="0" regionsstable="2" regionsrebuilding="0"/>
  </mem-info>
</gc-end>
<cycle-end id="1104" type="partial gc" contextid="1096" timestamp="2019-06-16T23:11:31.694" />
  <attribute name="elasticGC enabled" value="1" />
  <attribute name= "numThreadsSpecified" value="1" />
  <attribute name="heapSize specified" value="0" />
  <attribute name="Current GC Util" value="45" />
  <attribute name= "Current Time Running" value="2912" />
  <attribute name ="GC Interval" value="0" />
  <attribute name="ProportionalT" value="25.000000" />
  <attribute name="ProportionalI" value="25.000000" />
  <attribute name="ProportionalH" value="25.000000" />
  <attribute name="Current Error" value="25.000000" />
  <attribute name="IntegralT" value="0.000000" />
  <attribute name="IntegralI" value="0.000000" />
  <attribute name="IntegralH" value="0.000000" />
  <attribute name="DerivativeT" value="inf" />
  <attribute name="DerivativeI" value="inf" />
  <attribute name="DerivativeH" value="inf" />
  <attribute name="Loop Time for DT" value="0.000000" />
  <attribute name="Output H" value="8388608"/>
  <attribute name="Output I" value="200"/>
  <attribute name="Output T" value="1"/>
  <attribute name="Target GC Util Change" value ="20.000000" />
  <attribute name="Current GC Util Change" value="45.000000"/>
  <attribute name="GC Util currently" value="45" />
  <attribute name="CPU Util currently" value="17249684882451" />
<exclusive-end id="1105" timestamp="2019-06-16T23:11:31.694" durationms="6.200" />

<exclusive-start id="1106" timestamp="2019-06-16T23:11:31.732" intervalms="44.106">
  <response-info timems="0.024" idlems="0.024" threads="0" lastid="0000000001CF8D00" lastname="Thread-10" />
</exclusive-start>
<allocation-taxation id="1107" taxation-threshold="60817408" timestamp="2019-06-16T23:11:31.733" intervalms="44.118" />
<cycle-start id="1108" type="partial gc" contextid="0" timestamp="2019-06-16T23:11:31.733" intervalms="44.102" />
<gc-start id="1109" type="partial gc" contextid="1108" timestamp="2019-06-16T23:11:31.733">
  <mem-info id="1110" free="71303168" total="220200960" percent="32">
    <mem type="eden" free="0" total="60817408" percent="0" />
    <arraylet-primitive objects="2" leaves="2" largest="1" />
    <remembered-set count="59232" freebytes="8552832" totalbytes="8789760" percent="97" regionsoverflowed="0" regionsstable="2" regionsrebuilding="0"/>
  </mem-info>
</gc-start>
<allocation-stats totalBytes="60809968" >
  <allocated-bytes non-tlh="0" tlh="60809968" arrayletleaf="0"/>
  <largest-consumer threadName="Thread-7" threadId="0000000001D00500" bytes="24773776" />
</allocation-stats>
<gc-op id="1111" type="copy forward" timems="2.619" contextid="1108" timestamp="2019-06-16T23:11:31.736">
  <memory-copied type="eden" objects="9049" bytes="355896" bytesdiscarded="27504" />
  <memory-copied type="other" objects="18876" bytes="727776" bytesdiscarded="43360" />
  <memory-cardclean objects="6996" bytes="345320" />
  <regions eden="58" other="2" />
  <remembered-set-cleared processed="54164" cleared="1211" durationms="0.254" />
  <stringconstants candidates="4597" cleared="0"  />
</gc-op>
<gc-op id="1112" type="classunload" timems="0.003" contextid="1108" timestamp="2019-06-16T23:11:31.737">
  <classunload-info classloadercandidates="8" classloadersunloaded="0" classesunloaded="0" anonymousclassesunloaded="0" quiescems="0.000" setupms="0.003" scanms="0.000" postms="0.000" />
</gc-op>
<gc-end id="1113" type="partial gc" contextid="1108" durationms="3.721" usertimems="8.000" systemtimems="0.000" timestamp="2019-06-16T23:11:31.737" activeThreads="4">
  <mem-info id="1114" free="131072000" total="220200960" percent="59">
    <mem type="eden" free="665176" total="1048576" percent="63" />
    <arraylet-primitive objects="2" leaves="2" largest="1" />
    <remembered-set count="60736" freebytes="8546816" totalbytes="8789760" percent="97" regionsoverflowed="0" regionsstable="2" regionsrebuilding="0"/>
  </mem-info>
</gc-end>
<cycle-end id="1115" type="partial gc" contextid="1108" timestamp="2019-06-16T23:11:31.737" />
  <attribute name="elasticGC enabled" value="1" />
  <attribute name= "numThreadsSpecified" value="4" />
  <attribute name="heapSize specified" value="0" />
  <attribute name="Current GC Util" value="58" />
  <attribute name= "Current Time Running" value="2957" />
  <attribute name ="GC Interval" value="0" />
  <attribute name="ProportionalT" value="38.000000" />
  <attribute name="ProportionalI" value="38.000000" />
  <attribute name="ProportionalH" value="38.000000" />
  <attribute name="Current Error" value="38.000000" />
  <attribute name="IntegralT" value="38.000000" />
  <attribute name="IntegralI" value="38.000000" />
  <attribute name="IntegralH" value="38.000000" />
  <attribute name="DerivativeT" value="19.000000" />
  <attribute name="DerivativeI" value="19.000000" />
  <attribute name="DerivativeH" value="19.000000" />
  <attribute name="Loop Time for DT" value="1.000000" />
  <attribute name="Output H" value="8388608"/>
  <attribute name="Output I" value="200"/>
  <attribute name="Output T" value="4"/>
  <attribute name="Target GC Util Change" value ="20.000000" />
  <attribute name="Current GC Util Change" value="58.000000"/>
  <attribute name="GC Util currently" value="58" />
  <attribute name="CPU Util currently" value="18807317913039" />
<exclusive-end id="1116" timestamp="2019-06-16T23:11:31.737" durationms="4.864" />

<exclusive-start id="1117" timestamp="2019-06-16T23:11:31.761" intervalms="29.032">
  <response-info timems="0.038" idlems="0.038" threads="0" lastid="0000000001D00500" lastname="Thread-7" />
</exclusive-start>
<allocation-taxation id="1118" taxation-threshold="60817408" timestamp="2019-06-16T23:11:31.762" intervalms="29.044" />
<cycle-start id="1119" type="partial gc" contextid="0" timestamp="2019-06-16T23:11:31.762" intervalms="29.083" />
<gc-start id="1120" type="partial gc" contextid="1119" timestamp="2019-06-16T23:11:31.762">
  <mem-info id="1121" free="70254592" total="220200960" percent="31">
    <mem type="eden" free="0" total="60817408" percent="0" />
    <arraylet-primitive objects="2" leaves="2" largest="1" />
    <remembered-set count="60480" freebytes="8547840" totalbytes="8789760" percent="97" regionsoverflowed="0" regionsstable="2" regionsrebuilding="0"/>
  </mem-info>
</gc-start>
<allocation-stats totalBytes="60809400" >
  <allocated-bytes non-tlh="0" tlh="60809400" arrayletleaf="0"/>
  <largest-consumer threadName="Thread-7" threadId="0000000001D00500" bytes="18744800" />
</allocation-stats>
<gc-op id="1122" type="copy forward" timems="2.212" contextid="1119" timestamp="2019-06-16T23:11:31.765">
  <memory-copied type="eden" objects="7427" bytes="316904" bytesdiscarded="26808" />
  <memory-copied type="other" objects="20707" bytes="771720" bytesdiscarded="33672" />
  <memory-cardclean objects="7442" bytes="366728" />
  <regions eden="58" other="3" />
  <remembered-set-cleared processed="54360" cleared="1407" durationms="0.208" />
  <stringconstants candidates="4597" cleared="0"  />
</gc-op>
<gc-op id="1123" type="classunload" timems="0.003" contextid="1119" timestamp="2019-06-16T23:11:31.765">
  <classunload-info classloadercandidates="8" classloadersunloaded="0" classesunloaded="0" anonymousclassesunloaded="0" quiescems="0.000" setupms="0.003" scanms="0.000" postms="0.000" />
</gc-op>
<gc-end id="1124" type="partial gc" contextid="1119" durationms="3.130" usertimems="4.000" systemtimems="0.000" timestamp="2019-06-16T23:11:31.765" activeThreads="4">
  <mem-info id="1125" free="130023424" total="220200960" percent="59">
    <mem type="eden" free="704864" total="1048576" percent="67" />
    <arraylet-primitive objects="2" leaves="2" largest="1" />
    <remembered-set count="61760" freebytes="8542720" totalbytes="8789760" percent="97" regionsoverflowed="0" regionsstable="2" regionsrebuilding="0"/>
  </mem-info>
</gc-end>
<cycle-end id="1126" type="partial gc" contextid="1119" timestamp="2019-06-16T23:11:31.765" />
  <attribute name="elasticGC enabled" value="1" />
  <attribute name= "numThreadsSpecified" value="4" />
  <attribute name="heapSize specified" value="0" />
  <attribute name="Current GC Util" value="64" />
  <attribute name= "Current Time Running" value="2986" />
  <attribute name ="GC Interval" value="0" />
  <attribute name="ProportionalT" value="44.000000" />
  <attribute name="ProportionalI" value="44.000000" />
  <attribute name="ProportionalH" value="44.000000" />
  <attribute name="Current Error" value="44.000000" />
  <attribute name="IntegralT" value="44.000000" />
  <attribute name="IntegralI" value="44.000000" />
  <attribute name="IntegralH" value="44.000000" />
  <attribute name="DerivativeT" value="21.000000" />
  <attribute name="DerivativeI" value="21.000000" />
  <attribute name="DerivativeH" value="21.000000" />
  <attribute name="Loop Time for DT" value="1.000000" />
  <attribute name="Output H" value="8388608"/>
  <attribute name="Output I" value="200"/>
  <attribute name="Output T" value="4"/>
  <attribute name="Target GC Util Change" value ="20.000000" />
  <attribute name="Current GC Util Change" value="64.000000"/>
  <attribute name="GC Util currently" value="64" />
  <attribute name="CPU Util currently" value="20868112887982" />
<exclusive-end id="1127" timestamp="2019-06-16T23:11:31.765" durationms="3.934" />

<exclusive-start id="1128" timestamp="2019-06-16T23:11:31.789" intervalms="28.067">
  <response-info timems="0.061" idlems="0.061" threads="0" lastid="0000000001CFC900" lastname="Thread-8" />
</exclusive-start>
<allocation-taxation id="1129" taxation-threshold="60817408" timestamp="2019-06-16T23:11:31.790" intervalms="28.049" />
<cycle-start id="1130" type="partial gc" contextid="0" timestamp="2019-06-16T23:11:31.790" intervalms="28.061" />
<gc-start id="1131" type="partial gc" contextid="1130" timestamp="2019-06-16T23:11:31.790">
  <mem-info id="1132" free="69206016" total="220200960" percent="31">
    <mem type="eden" free="0" total="60817408" percent="0" />
    <arraylet-primitive objects="2" leaves="2" largest="1" />
    <remembered-set count="61568" freebytes="8543488" totalbytes="8789760" percent="97" regionsoverflowed="0" regionsstable="2" regionsrebuilding="0"/>
  </mem-info>
</gc-start>
<allocation-stats totalBytes="60808992" >
  <allocated-bytes non-tlh="0" tlh="60808992" arrayletleaf="0"/>
  <largest-consumer threadName="Thread-7" threadId="0000000001D00500" bytes="19183008" />
</allocation-stats>
<gc-op id="1133" type="copy forward" timems="1.918" contextid="1130" timestamp="2019-06-16T23:11:31.793">
  <memory-copied type="eden" objects="9769" bytes="373432" bytesdiscarded="32360" />
  <memory-copied type="other" objects="3579" bytes="85896" bytesdiscarded="3264" />
  <memory-cardclean objects="7897" bytes="421400" />
  <regions eden="58" other="2" />
  <remembered-set-cleared processed="55518" cleared="712" durationms="0.229" />
  <stringconstants candidates="4597" cleared="0"  />
</gc-op>
<gc-op id="1134" type="classunload" timems="0.002" contextid="1130" timestamp="2019-06-16T23:11:31.793">
  <classunload-info classloadercandidates="8" classloadersunloaded="0" classesunloaded="0" anonymousclassesunloaded="0" quiescems="0.000" setupms="0.002" scanms="0.000" postms="0.000" />
</gc-op>
<heap-resize id="1135" type="expand" space="default" amount="8388608" count="1" timems="0.112" reason="excessive time being spent in gc" timestamp="2019-06-16T23:11:31.793" />
<gc-end id="1136" type="partial gc" contextid="1130" durationms="3.110" usertimems="4.000" systemtimems="0.000" timestamp="2019-06-16T23:11:31.793" activeThreads="4">
  <mem-info id="1137" free="137363456" total="228589568" percent="60">
    <mem type="eden" free="642784" total="1048576" percent="61" />
    <arraylet-primitive objects="2" leaves="2" largest="1" />
    <remembered-set count="62272" freebytes="8875520" totalbytes="9124608" percent="97" regionsoverflowed="0" regionsstable="2" regionsrebuilding="0"/>
  </mem-info>
</gc-end>
<cycle-end id="1138" type="partial gc" contextid="1130" timestamp="2019-06-16T23:11:31.793" />
  <attribute name="elasticGC enabled" value="1" />
  <attribute name= "numThreadsSpecified" value="4" />
  <attribute name="heapSize specified" value="0" />
  <attribute name="Current GC Util" value="55" />
  <attribute name= "Current Time Running" value="3014" />
  <attribute name ="GC Interval" value="0" />
  <attribute name="ProportionalT" value="35.000000" />
  <attribute name="ProportionalI" value="35.000000" />
  <attribute name="ProportionalH" value="35.000000" />
  <attribute name="Current Error" value="35.000000" />
  <attribute name="IntegralT" value="35.000000" />
  <attribute name="IntegralI" value="35.000000" />
  <attribute name="IntegralH" value="35.000000" />
  <attribute name="DerivativeT" value="16.500000" />
  <attribute name="DerivativeI" value="16.500000" />
  <attribute name="DerivativeH" value="16.500000" />
  <attribute name="Loop Time for DT" value="1.000000" />
  <attribute name="Output H" value="8388608"/>
  <attribute name="Output I" value="200"/>
  <attribute name="Output T" value="4"/>
  <attribute name="Target GC Util Change" value ="20.000000" />
  <attribute name="Current GC Util Change" value="55.000000"/>
  <attribute name="GC Util currently" value="55" />
  <attribute name="CPU Util currently" value="19387747736878" />
<exclusive-end id="1139" timestamp="2019-06-16T23:11:31.793" durationms="3.987" />

<exclusive-start id="1140" timestamp="2019-06-16T23:11:31.817" intervalms="27.341">
  <response-info timems="0.028" idlems="0.028" threads="0" lastid="0000000001CF8D00" lastname="Thread-10" />
</exclusive-start>
<allocation-taxation id="1141" taxation-threshold="62914560" timestamp="2019-06-16T23:11:31.817" intervalms="27.334" />
<cycle-start id="1142" type="partial gc" contextid="0" timestamp="2019-06-16T23:11:31.817" intervalms="27.326" />
<gc-start id="1143" type="partial gc" contextid="1142" timestamp="2019-06-16T23:11:31.817">
  <mem-info id="1144" free="74448896" total="228589568" percent="32">
    <mem type="eden" free="0" total="62914560" percent="0" />
    <arraylet-primitive objects="2" leaves="2" largest="1" />
    <remembered-set count="61280" freebytes="8879488" totalbytes="9124608" percent="97" regionsoverflowed="0" regionsstable="3" regionsrebuilding="0"/>
  </mem-info>
</gc-start>
<allocation-stats totalBytes="62906624" >
  <allocated-bytes non-tlh="0" tlh="62906624" arrayletleaf="0"/>
  <largest-consumer threadName="Thread-7" threadId="0000000001D00500" bytes="18577216" />
</allocation-stats>
<gc-op id="1145" type="copy forward" timems="3.460" contextid="1142" timestamp="2019-06-16T23:11:31.821">
  <memory-copied type="eden" objects="10386" bytes="388064" bytesdiscarded="0" />
  <memory-copied type="other" objects="11187" bytes="405864" bytesdiscarded="0" />
  <memory-cardclean objects="7900" bytes="383960" />
  <regions eden="60" other="2" />
  <remembered-set-cleared processed="55334" cleared="1029" durationms="0.571" />
  <stringconstants candidates="4597" cleared="0"  />
</gc-op>
<gc-op id="1146" type="classunload" timems="0.002" contextid="1142" timestamp="2019-06-16T23:11:31.822">
  <classunload-info classloadercandidates="8" classloadersunloaded="0" classesunloaded="0" anonymousclassesunloaded="0" quiescems="0.000" setupms="0.002" scanms="0.000" postms="0.000" />
</gc-op>
<heap-resize id="1147" type="expand" space="default" amount="2097152" count="1" timems="0.063" reason="excessive time being spent in gc" timestamp="2019-06-16T23:11:31.822" />
<gc-end id="1148" type="partial gc" contextid="1142" durationms="4.733" usertimems="4.000" systemtimems="0.000" timestamp="2019-06-16T23:11:31.822" activeThreads="1">
  <mem-info id="1149" free="138412032" total="230686720" percent="60">
    <mem type="eden" free="660512" total="1048576" percent="62" />
    <arraylet-primitive objects="2" leaves="2" largest="1" />
    <remembered-set count="62400" freebytes="8958720" totalbytes="9208320" percent="97" regionsoverflowed="0" regionsstable="3" regionsrebuilding="0"/>
  </mem-info>
</gc-end>
<cycle-end id="1150" type="partial gc" contextid="1142" timestamp="2019-06-16T23:11:31.822" />
  <attribute name="elasticGC enabled" value="1" />
  <attribute name= "numThreadsSpecified" value="1" />
  <attribute name="heapSize specified" value="0" />
  <attribute name="Current GC Util" value="62" />
  <attribute name= "Current Time Running" value="3041" />
  <attribute name ="GC Interval" value="0" />
  <attribute name="ProportionalT" value="42.000000" />
  <attribute name="ProportionalI" value="42.000000" />
  <attribute name="ProportionalH" value="42.000000" />
  <attribute name="Current Error" value="42.000000" />
  <attribute name="IntegralT" value="0.000000" />
  <attribute name="IntegralI" value="0.000000" />
  <attribute name="IntegralH" value="0.000000" />
  <attribute name="DerivativeT" value="inf" />
  <attribute name="DerivativeI" value="inf" />
  <attribute name="DerivativeH" value="inf" />
  <attribute name="Loop Time for DT" value="0.000000" />
  <attribute name="Output H" value="8388608"/>
  <attribute name="Output I" value="200"/>
  <attribute name="Output T" value="1"/>
  <attribute name="Target GC Util Change" value ="20.000000" />
  <attribute name="Current GC Util Change" value="62.000000"/>
  <attribute name="GC Util currently" value="62" />
  <attribute name="CPU Util currently" value="19720785648132" />
<exclusive-end id="1151" timestamp="2019-06-16T23:11:31.822" durationms="5.692" />

<exclusive-start id="1152" timestamp="2019-06-16T23:11:31.843" intervalms="26.642">
  <response-info timems="0.035" idlems="0.035" threads="0" lastid="0000000001CFC900" lastname="Thread-8" />
</exclusive-start>
<allocation-taxation id="1153" taxation-threshold="63963136" timestamp="2019-06-16T23:11:31.844" intervalms="26.671" />
<cycle-start id="1154" type="partial gc" contextid="0" timestamp="2019-06-16T23:11:31.844" intervalms="26.667" />
<gc-start id="1155" type="partial gc" contextid="1154" timestamp="2019-06-16T23:11:31.844">
  <mem-info id="1156" free="74448896" total="230686720" percent="32">
    <mem type="eden" free="0" total="63963136" percent="0" />
    <arraylet-primitive objects="2" leaves="2" largest="1" />
    <remembered-set count="62112" freebytes="8959872" totalbytes="9208320" percent="97" regionsoverflowed="0" regionsstable="3" regionsrebuilding="0"/>
  </mem-info>
</gc-start>
<allocation-stats totalBytes="63954984" >
  <allocated-bytes non-tlh="0" tlh="63954984" arrayletleaf="0"/>
  <largest-consumer threadName="Thread-8" threadId="0000000001CFC900" bytes="16885680" />
</allocation-stats>
<gc-op id="1157" type="copy forward" timems="1.984" contextid="1154" timestamp="2019-06-16T23:11:31.847">
  <memory-copied type="eden" objects="13335" bytes="596280" bytesdiscarded="67792" />
  <memory-copied type="other" objects="10509" bytes="389592" bytesdiscarded="34000" />
  <memory-cardclean objects="6527" bytes="322808" />
  <regions eden="61" other="2" />
  <remembered-set-cleared processed="55977" cleared="1165" durationms="0.231" />
  <stringconstants candidates="4597" cleared="0"  />
</gc-op>
<gc-op id="1158" type="classunload" timems="0.002" contextid="1154" timestamp="2019-06-16T23:11:31.847">
  <classunload-info classloadercandidates="8" classloadersunloaded="0" classesunloaded="0" anonymousclassesunloaded="0" quiescems="0.000" setupms="0.002" scanms="0.000" postms="0.000" />
</gc-op>
<heap-resize id="1159" type="expand" space="default" amount="3145728" count="1" timems="0.069" reason="excessive time being spent in gc" timestamp="2019-06-16T23:11:31.847" />
<gc-end id="1160" type="partial gc" contextid="1154" durationms="3.009" usertimems="8.000" systemtimems="0.000" timestamp="2019-06-16T23:11:31.847" activeThreads="4">
  <mem-info id="1161" free="140509184" total="233832448" percent="60">
    <mem type="eden" free="384504" total="1048576" percent="36" />
    <arraylet-primitive objects="2" leaves="2" largest="1" />
    <remembered-set count="62272" freebytes="9084800" totalbytes="9333888" percent="97" regionsoverflowed="0" regionsstable="3" regionsrebuilding="0"/>
  </mem-info>
</gc-end>
<cycle-end id="1162" type="partial gc" contextid="1154" timestamp="2019-06-16T23:11:31.847" />
  <attribute name="elasticGC enabled" value="1" />
  <attribute name= "numThreadsSpecified" value="4" />
  <attribute name="heapSize specified" value="0" />
  <attribute name="Current GC Util" value="66" />
  <attribute name= "Current Time Running" value="3068" />
  <attribute name ="GC Interval" value="0" />
  <attribute name="ProportionalT" value="46.000000" />
  <attribute name="ProportionalI" value="46.000000" />
  <attribute name="ProportionalH" value="46.000000" />
  <attribute name="Current Error" value="46.000000" />
  <attribute name="IntegralT" value="46.000000" />
  <attribute name="IntegralI" value="46.000000" />
  <attribute name="IntegralH" value="46.000000" />
  <attribute name="DerivativeT" value="23.000000" />
  <attribute name="DerivativeI" value="23.000000" />
  <attribute name="DerivativeH" value="23.000000" />
  <attribute name="Loop Time for DT" value="1.000000" />
  <attribute name="Output H" value="8388608"/>
  <attribute name="Output I" value="200"/>
  <attribute name="Output T" value="4"/>
  <attribute name="Target GC Util Change" value ="20.000000" />
  <attribute name="Current GC Util Change" value="66.000000"/>
  <attribute name="GC Util currently" value="66" />
  <attribute name="CPU Util currently" value="19243582266135" />
<exclusive-end id="1163" timestamp="2019-06-16T23:11:31.847" durationms="3.847" />

<exclusive-start id="1164" timestamp="2019-06-16T23:11:31.870" intervalms="26.109">
  <response-info timems="0.034" idlems="0.034" threads="0" lastid="0000000001CFC900" lastname="Thread-8" />
</exclusive-start>
<allocation-taxation id="1165" taxation-threshold="65011712" timestamp="2019-06-16T23:11:31.870" intervalms="26.105" />
<cycle-start id="1166" type="partial gc" contextid="0" timestamp="2019-06-16T23:11:31.870" intervalms="26.166" />
<gc-start id="1167" type="partial gc" contextid="1166" timestamp="2019-06-16T23:11:31.870">
  <mem-info id="1168" free="75497472" total="233832448" percent="32">
    <mem type="eden" free="0" total="65011712" percent="0" />
    <arraylet-primitive objects="2" leaves="2" largest="1" />
    <remembered-set count="61920" freebytes="9086208" totalbytes="9333888" percent="97" regionsoverflowed="0" regionsstable="3" regionsrebuilding="0"/>
  </mem-info>
</gc-start>
<allocation-stats totalBytes="65003888" >
  <allocated-bytes non-tlh="0" tlh="65003888" arrayletleaf="0"/>
  <largest-consumer threadName="Thread-9" threadId="0000000001D04100" bytes="19285728" />
</allocation-stats>
<gc-op id="1169" type="copy forward" timems="2.353" contextid="1166" timestamp="2019-06-16T23:11:31.873">
  <memory-copied type="eden" objects="5799" bytes="140600" bytesdiscarded="10936" />
  <memory-copied type="other" objects="23545" bytes="977208" bytesdiscarded="66568" />
  <memory-cardclean objects="7127" bytes="351464" />
  <regions eden="62" other="3" />
  <remembered-set-cleared processed="55938" cleared="1156" durationms="0.234" />
  <stringconstants candidates="4597" cleared="0"  />
</gc-op>
<gc-op id="1170" type="classunload" timems="0.003" contextid="1166" timestamp="2019-06-16T23:11:31.873">
  <classunload-info classloadercandidates="8" classloadersunloaded="0" classesunloaded="0" anonymousclassesunloaded="0" quiescems="0.000" setupms="0.003" scanms="0.000" postms="0.000" />
</gc-op>
<heap-resize id="1171" type="expand" space="default" amount="2097152" count="1" timems="0.070" reason="excessive time being spent in gc" timestamp="2019-06-16T23:11:31.874" />
<gc-end id="1172" type="partial gc" contextid="1166" durationms="3.430" usertimems="8.000" systemtimems="0.000" timestamp="2019-06-16T23:11:31.874" activeThreads="4">
  <mem-info id="1173" free="141557760" total="235929600" percent="60">
    <mem type="eden" free="897040" total="1048576" percent="85" />
    <arraylet-primitive objects="2" leaves="2" largest="1" />
    <remembered-set count="63296" freebytes="9164416" totalbytes="9417600" percent="97" regionsoverflowed="0" regionsstable="3" regionsrebuilding="0"/>
  </mem-info>
</gc-end>
<cycle-end id="1174" type="partial gc" contextid="1166" timestamp="2019-06-16T23:11:31.874" />
  <attribute name="elasticGC enabled" value="1" />
  <attribute name= "numThreadsSpecified" value="4" />
  <attribute name="heapSize specified" value="0" />
  <attribute name="Current GC Util" value="50" />
  <attribute name= "Current Time Running" value="3094" />
  <attribute name ="GC Interval" value="0" />
  <attribute name="ProportionalT" value="30.000000" />
  <attribute name="ProportionalI" value="30.000000" />
  <attribute name="ProportionalH" value="30.000000" />
  <attribute name="Current Error" value="30.000000" />
  <attribute name="IntegralT" value="30.000000" />
  <attribute name="IntegralI" value="30.000000" />
  <attribute name="IntegralH" value="30.000000" />
  <attribute name="DerivativeT" value="13.500000" />
  <attribute name="DerivativeI" value="13.500000" />
  <attribute name="DerivativeH" value="13.500000" />
  <attribute name="Loop Time for DT" value="1.000000" />
  <attribute name="Output H" value="8388608"/>
  <attribute name="Output I" value="200"/>
  <attribute name="Output T" value="4"/>
  <attribute name="Target GC Util Change" value ="20.000000" />
  <attribute name="Current GC Util Change" value="50.000000"/>
  <attribute name="GC Util currently" value="50" />
  <attribute name="CPU Util currently" value="16697210314304" />
<exclusive-end id="1175" timestamp="2019-06-16T23:11:31.874" durationms="4.376" />

<exclusive-start id="1176" timestamp="2019-06-16T23:11:31.897" intervalms="27.820">
  <response-info timems="0.032" idlems="0.032" threads="0" lastid="0000000001CF8D00" lastname="Thread-10" />
</exclusive-start>
<allocation-taxation id="1177" taxation-threshold="65011712" timestamp="2019-06-16T23:11:31.897" intervalms="27.781" />
<cycle-start id="1178" type="partial gc" contextid="0" timestamp="2019-06-16T23:11:31.898" intervalms="27.721" />
<gc-start id="1179" type="partial gc" contextid="1178" timestamp="2019-06-16T23:11:31.898">
  <mem-info id="1180" free="76546048" total="235929600" percent="32">
    <mem type="eden" free="0" total="65011712" percent="0" />
    <arraylet-primitive objects="2" leaves="2" largest="1" />
    <remembered-set count="63232" freebytes="9164672" totalbytes="9417600" percent="97" regionsoverflowed="0" regionsstable="3" regionsrebuilding="0"/>
  </mem-info>
</gc-start>
<allocation-stats totalBytes="65003328" >
  <allocated-bytes non-tlh="0" tlh="65003328" arrayletleaf="0"/>
  <largest-consumer threadName="Thread-9" threadId="0000000001D04100" bytes="20256352" />
</allocation-stats>
<gc-op id="1181" type="copy forward" timems="2.049" contextid="1178" timestamp="2019-06-16T23:11:31.901">
  <memory-copied type="eden" objects="14994" bytes="636000" bytesdiscarded="33472" />
  <memory-copied type="other" objects="17565" bytes="696312" bytesdiscarded="92408" />
  <memory-cardclean objects="4757" bytes="241472" />
  <regions eden="62" other="3" />
  <remembered-set-cleared processed="56700" cleared="1284" durationms="0.220" />
  <stringconstants candidates="4597" cleared="0"  />
</gc-op>
<gc-op id="1182" type="classunload" timems="0.003" contextid="1178" timestamp="2019-06-16T23:11:31.901">
  <classunload-info classloadercandidates="8" classloadersunloaded="0" classesunloaded="0" anonymousclassesunloaded="0" quiescems="0.000" setupms="0.002" scanms="0.000" postms="0.000" />
</gc-op>
<heap-resize id="1183" type="expand" space="default" amount="3145728" count="1" timems="0.067" reason="excessive time being spent in gc" timestamp="2019-06-16T23:11:31.901" />
<gc-end id="1184" type="partial gc" contextid="1178" durationms="3.150" usertimems="8.000" systemtimems="0.000" timestamp="2019-06-16T23:11:31.901" activeThreads="4">
  <mem-info id="1185" free="143654912" total="239075328" percent="60">
    <mem type="eden" free="379104" total="1048576" percent="36" />
    <arraylet-primitive objects="2" leaves="2" largest="1" />
    <remembered-set count="63456" freebytes="9289344" totalbytes="9543168" percent="97" regionsoverflowed="0" regionsstable="3" regionsrebuilding="0"/>
  </mem-info>
</gc-end>
<cycle-end id="1186" type="partial gc" contextid="1178" timestamp="2019-06-16T23:11:31.901" />
  <attribute name="elasticGC enabled" value="1" />
  <attribute name= "numThreadsSpecified" value="4" />
  <attribute name="heapSize specified" value="0" />
  <attribute name="Current GC Util" value="51" />
  <attribute name= "Current Time Running" value="3122" />
  <attribute name ="GC Interval" value="0" />
  <attribute name="ProportionalT" value="31.000000" />
  <attribute name="ProportionalI" value="31.000000" />
  <attribute name="ProportionalH" value="31.000000" />
  <attribute name="Current Error" value="31.000000" />
  <attribute name="IntegralT" value="31.000000" />
  <attribute name="IntegralI" value="31.000000" />
  <attribute name="IntegralH" value="31.000000" />
  <attribute name="DerivativeT" value="12.500000" />
  <attribute name="DerivativeI" value="12.500000" />
  <attribute name="DerivativeH" value="12.500000" />
  <attribute name="Loop Time for DT" value="1.000000" />
  <attribute name="Output H" value="8388608"/>
  <attribute name="Output I" value="200"/>
  <attribute name="Output T" value="4"/>
  <attribute name="Target GC Util Change" value ="20.000000" />
  <attribute name="Current GC Util Change" value="51.000000"/>
  <attribute name="GC Util currently" value="51" />
  <attribute name="CPU Util currently" value="17743805414987" />
<exclusive-end id="1187" timestamp="2019-06-16T23:11:31.901" durationms="3.989" />

<exclusive-start id="1188" timestamp="2019-06-16T23:11:31.930" intervalms="32.391">
  <response-info timems="0.040" idlems="0.040" threads="0" lastid="0000000001CFC900" lastname="Thread-8" />
</exclusive-start>
<allocation-taxation id="1189" taxation-threshold="66060288" timestamp="2019-06-16T23:11:31.930" intervalms="32.384" />
<cycle-start id="1190" type="partial gc" contextid="0" timestamp="2019-06-16T23:11:31.930" intervalms="32.323" />
<gc-start id="1191" type="partial gc" contextid="1190" timestamp="2019-06-16T23:11:31.930">
  <mem-info id="1192" free="77594624" total="239075328" percent="32">
    <mem type="eden" free="0" total="66060288" percent="0" />
    <arraylet-primitive objects="2" leaves="2" largest="1" />
    <remembered-set count="62976" freebytes="9291264" totalbytes="9543168" percent="97" regionsoverflowed="0" regionsstable="3" regionsrebuilding="0"/>
  </mem-info>
</gc-start>
<allocation-stats totalBytes="66052184" >
  <allocated-bytes non-tlh="0" tlh="66052184" arrayletleaf="0"/>
  <largest-consumer threadName="Thread-7" threadId="0000000001D00500" bytes="20596408" />
</allocation-stats>
<gc-op id="1193" type="copy forward" timems="1.983" contextid="1190" timestamp="2019-06-16T23:11:31.933">
  <memory-copied type="eden" objects="8611" bytes="345296" bytesdiscarded="30576" />
  <memory-copied type="other" objects="20539" bytes="905064" bytesdiscarded="34888" />
  <memory-cardclean objects="2019" bytes="106424" />
  <regions eden="63" other="3" />
  <remembered-set-cleared processed="57162" cleared="973" durationms="0.224" />
  <stringconstants candidates="4597" cleared="0"  />
</gc-op>
<gc-op id="1194" type="classunload" timems="0.002" contextid="1190" timestamp="2019-06-16T23:11:31.933">
  <classunload-info classloadercandidates="8" classloadersunloaded="0" classesunloaded="0" anonymousclassesunloaded="0" quiescems="0.000" setupms="0.002" scanms="0.000" postms="0.000" />
</gc-op>
<heap-resize id="1195" type="expand" space="default" amount="5242880" count="1" timems="0.080" reason="excessive time being spent in gc" timestamp="2019-06-16T23:11:31.933" />
<gc-end id="1196" type="partial gc" contextid="1190" durationms="2.872" usertimems="8.000" systemtimems="0.000" timestamp="2019-06-16T23:11:31.933" activeThreads="4">
  <mem-info id="1197" free="146800640" total="244318208" percent="60">
    <mem type="eden" free="1721280" total="2097152" percent="82" />
    <arraylet-primitive objects="2" leaves="2" largest="1" />
    <remembered-set count="63712" freebytes="9497600" totalbytes="9752448" percent="97" regionsoverflowed="0" regionsstable="3" regionsrebuilding="0"/>
  </mem-info>
</gc-end>
<cycle-end id="1198" type="partial gc" contextid="1190" timestamp="2019-06-16T23:11:31.933" />
  <attribute name="elasticGC enabled" value="1" />
  <attribute name= "numThreadsSpecified" value="4" />
  <attribute name="heapSize specified" value="0" />
  <attribute name="Current GC Util" value="0" />
  <attribute name= "Current Time Running" value="3154" />
  <attribute name ="GC Interval" value="0" />
  <attribute name="ProportionalT" value="-20.000000" />
  <attribute name="ProportionalI" value="-20.000000" />
  <attribute name="ProportionalH" value="-20.000000" />
  <attribute name="Current Error" value="-20.000000" />
  <attribute name="IntegralT" value="-20.000000" />
  <attribute name="IntegralI" value="-20.000000" />
  <attribute name="IntegralH" value="-20.000000" />
  <attribute name="DerivativeT" value="-10.000000" />
  <attribute name="DerivativeI" value="-10.000000" />
  <attribute name="DerivativeH" value="-10.000000" />
  <attribute name="Loop Time for DT" value="1.000000" />
  <attribute name="Output H" value="2091843584"/>
  <attribute name="Output I" value="200"/>
  <attribute name="Output T" value="4"/>
  <attribute name="Target GC Util Change" value ="20.000000" />
  <attribute name="Current GC Util Change" value="0.000000"/>
  <attribute name="GC Util currently" value="0" />
  <attribute name="CPU Util currently" value="29851418896047" />
<exclusive-end id="1199" timestamp="2019-06-16T23:11:31.933" durationms="3.553" />

<exclusive-start id="1200" timestamp="2019-06-16T23:11:31.962" intervalms="32.606">
  <response-info timems="0.071" idlems="0.071" threads="0" lastid="0000000001D00500" lastname="Thread-7" />
</exclusive-start>
<allocation-taxation id="1201" taxation-threshold="67108864" timestamp="2019-06-16T23:11:31.963" intervalms="32.649" />
<cycle-start id="1202" type="partial gc" contextid="0" timestamp="2019-06-16T23:11:31.963" intervalms="32.673" />
<gc-start id="1203" type="partial gc" contextid="1202" timestamp="2019-06-16T23:11:31.963">
  <mem-info id="1204" free="79691776" total="244318208" percent="32">
    <mem type="eden" free="0" total="67108864" percent="0" />
    <arraylet-primitive objects="2" leaves="2" largest="1" />
    <remembered-set count="63296" freebytes="9499264" totalbytes="9752448" percent="97" regionsoverflowed="0" regionsstable="3" regionsrebuilding="0"/>
  </mem-info>
</gc-start>
<allocation-stats totalBytes="67100296" >
  <allocated-bytes non-tlh="0" tlh="67100296" arrayletleaf="0"/>
  <largest-consumer threadName="Thread-7" threadId="0000000001D00500" bytes="23803024" />
</allocation-stats>
<gc-op id="1205" type="copy forward" timems="2.118" contextid="1202" timestamp="2019-06-16T23:11:31.966">
  <memory-copied type="eden" objects="4023" bytes="98224" bytesdiscarded="4408" />
  <memory-copied type="other" objects="22550" bytes="953328" bytesdiscarded="55640" />
  <memory-cardclean objects="5465" bytes="286784" />
  <regions eden="64" other="4" />
  <remembered-set-cleared processed="57364" cleared="904" durationms="0.225" />
  <stringconstants candidates="4597" cleared="0"  />
</gc-op>
<gc-op id="1206" type="classunload" timems="0.003" contextid="1202" timestamp="2019-06-16T23:11:31.966">
  <classunload-info classloadercandidates="8" classloadersunloaded="0" classesunloaded="0" anonymousclassesunloaded="0" quiescems="0.000" setupms="0.002" scanms="0.000" postms="0.000" />
</gc-op>
<gc-end id="1207" type="partial gc" contextid="1202" durationms="2.930" usertimems="8.000" systemtimems="0.000" timestamp="2019-06-16T23:11:31.966" activeThreads="4">
  <mem-info id="1208" free="146800640" total="244318208" percent="60">
    <mem type="eden" free="945944" total="1048576" percent="90" />
    <arraylet-primitive objects="2" leaves="2" largest="1" />
    <remembered-set count="64608" freebytes="9494016" totalbytes="9752448" percent="97" regionsoverflowed="0" regionsstable="3" regionsrebuilding="0"/>
  </mem-info>
</gc-end>
<cycle-end id="1209" type="partial gc" contextid="1202" timestamp="2019-06-16T23:11:31.966" />
  <attribute name="elasticGC enabled" value="1" />
  <attribute name= "numThreadsSpecified" value="4" />
  <attribute name="heapSize specified" value="0" />
  <attribute name="Current GC Util" value="0" />
  <attribute name= "Current Time Running" value="3186" />
  <attribute name ="GC Interval" value="0" />
  <attribute name="ProportionalT" value="-20.000000" />
  <attribute name="ProportionalI" value="-20.000000" />
  <attribute name="ProportionalH" value="-20.000000" />
  <attribute name="Current Error" value="-20.000000" />
  <attribute name="IntegralT" value="0.000000" />
  <attribute name="IntegralI" value="0.000000" />
  <attribute name="IntegralH" value="0.000000" />
  <attribute name="DerivativeT" value="-inf" />
  <attribute name="DerivativeI" value="-inf" />
  <attribute name="DerivativeH" value="-inf" />
  <attribute name="Loop Time for DT" value="0.000000" />
  <attribute name="Output H" value="2091843584"/>
  <attribute name="Output I" value="200"/>
  <attribute name="Output T" value="4"/>
  <attribute name="Target GC Util Change" value ="20.000000" />
  <attribute name="Current GC Util Change" value="0.000000"/>
  <attribute name="GC Util currently" value="0" />
  <attribute name="CPU Util currently" value="27926593851417" />
<exclusive-end id="1210" timestamp="2019-06-16T23:11:31.966" durationms="3.690" />

<exclusive-start id="1211" timestamp="2019-06-16T23:11:31.993" intervalms="31.125">
  <response-info timems="0.102" idlems="0.102" threads="0" lastid="0000000001D00500" lastname="Thread-7" />
</exclusive-start>
<allocation-taxation id="1212" taxation-threshold="67108864" timestamp="2019-06-16T23:11:31.994" intervalms="31.077" />
<cycle-start id="1213" type="partial gc" contextid="0" timestamp="2019-06-16T23:11:31.994" intervalms="31.036" />
<gc-start id="1214" type="partial gc" contextid="1213" timestamp="2019-06-16T23:11:31.994">
  <mem-info id="1215" free="79691776" total="244318208" percent="32">
    <mem type="eden" free="0" total="67108864" percent="0" />
    <arraylet-primitive objects="2" leaves="2" largest="1" />
    <remembered-set count="64384" freebytes="9494912" totalbytes="9752448" percent="97" regionsoverflowed="0" regionsstable="3" regionsrebuilding="0"/>
  </mem-info>
</gc-start>
<allocation-stats totalBytes="67100872" >
  <allocated-bytes non-tlh="0" tlh="67100872" arrayletleaf="0"/>
  <largest-consumer threadName="Thread-7" threadId="0000000001D00500" bytes="23086624" />
</allocation-stats>
<gc-op id="1216" type="copy forward" timems="4.303" contextid="1213" timestamp="2019-06-16T23:11:31.999">
  <memory-copied type="eden" objects="9873" bytes="375280" bytesdiscarded="0" />
  <memory-copied type="other" objects="26248" bytes="1042080" bytesdiscarded="0" />
  <memory-cardclean objects="5976" bytes="296360" />
  <regions eden="64" other="4" />
  <remembered-set-cleared processed="57660" cleared="1200" durationms="0.590" />
  <stringconstants candidates="4597" cleared="0"  />
</gc-op>
<gc-op id="1217" type="classunload" timems="0.003" contextid="1213" timestamp="2019-06-16T23:11:31.999">
  <classunload-info classloadercandidates="8" classloadersunloaded="0" classesunloaded="0" anonymousclassesunloaded="0" quiescems="0.000" setupms="0.003" scanms="0.000" postms="0.000" />
</gc-op>
<gc-end id="1218" type="partial gc" contextid="1213" durationms="5.234" usertimems="8.000" systemtimems="0.000" timestamp="2019-06-16T23:11:31.999" activeThreads="1">
  <mem-info id="1219" free="145752064" total="244318208" percent="59">
    <mem type="eden" free="673296" total="1048576" percent="64" />
    <arraylet-primitive objects="2" leaves="2" largest="1" />
    <remembered-set count="66784" freebytes="9485312" totalbytes="9752448" percent="97" regionsoverflowed="0" regionsstable="3" regionsrebuilding="0"/>
  </mem-info>
</gc-end>
<cycle-end id="1220" type="partial gc" contextid="1213" timestamp="2019-06-16T23:11:31.999" />
  <attribute name="elasticGC enabled" value="1" />
  <attribute name= "numThreadsSpecified" value="1" />
  <attribute name="heapSize specified" value="0" />
  <attribute name="Current GC Util" value="80" />
  <attribute name= "Current Time Running" value="3217" />
  <attribute name ="GC Interval" value="0" />
  <attribute name="ProportionalT" value="60.000000" />
  <attribute name="ProportionalI" value="60.000000" />
  <attribute name="ProportionalH" value="60.000000" />
  <attribute name="Current Error" value="60.000000" />
  <attribute name="IntegralT" value="0.000000" />
  <attribute name="IntegralI" value="0.000000" />
  <attribute name="IntegralH" value="0.000000" />
  <attribute name="DerivativeT" value="inf" />
  <attribute name="DerivativeI" value="inf" />
  <attribute name="DerivativeH" value="inf" />
  <attribute name="Loop Time for DT" value="0.000000" />
  <attribute name="Output H" value="8388608"/>
  <attribute name="Output I" value="200"/>
  <attribute name="Output T" value="1"/>
  <attribute name="Target GC Util Change" value ="20.000000" />
  <attribute name="Current GC Util Change" value="80.000000"/>
  <attribute name="GC Util currently" value="80" />
  <attribute name="CPU Util currently" value="21830466282039" />
<exclusive-end id="1221" timestamp="2019-06-16T23:11:31.999" durationms="5.943" />

<exclusive-start id="1222" timestamp="2019-06-16T23:11:32.026" intervalms="32.158">
  <response-info timems="0.035" idlems="0.035" threads="0" lastid="0000000001D00500" lastname="Thread-7" />
</exclusive-start>
<allocation-taxation id="1223" taxation-threshold="67108864" timestamp="2019-06-16T23:11:32.026" intervalms="32.200" />
<cycle-start id="1224" type="partial gc" contextid="0" timestamp="2019-06-16T23:11:32.026" intervalms="32.266" />
<gc-start id="1225" type="partial gc" contextid="1224" timestamp="2019-06-16T23:11:32.026">
  <mem-info id="1226" free="78643200" total="244318208" percent="32">
    <mem type="eden" free="0" total="67108864" percent="0" />
    <arraylet-primitive objects="2" leaves="2" largest="1" />
    <remembered-set count="66400" freebytes="9486848" totalbytes="9752448" percent="97" regionsoverflowed="0" regionsstable="3" regionsrebuilding="0"/>
  </mem-info>
</gc-start>
<allocation-stats totalBytes="67100168" >
  <allocated-bytes non-tlh="0" tlh="67100168" arrayletleaf="0"/>
  <largest-consumer threadName="Thread-9" threadId="0000000001D04100" bytes="22574224" />
</allocation-stats>
<gc-op id="1227" type="copy forward" timems="2.085" contextid="1224" timestamp="2019-06-16T23:11:32.029">
  <memory-copied type="eden" objects="10969" bytes="402576" bytesdiscarded="43520" />
  <memory-copied type="other" objects="13408" bytes="459168" bytesdiscarded="23024" />
  <memory-cardclean objects="13012" bytes="694928" />
  <regions eden="64" other="2" />
  <remembered-set-cleared processed="58881" cleared="1119" durationms="0.242" />
  <stringconstants candidates="4597" cleared="0"  />
</gc-op>
<gc-op id="1228" type="classunload" timems="0.003" contextid="1224" timestamp="2019-06-16T23:11:32.029">
  <classunload-info classloadercandidates="8" classloadersunloaded="0" classesunloaded="0" anonymousclassesunloaded="0" quiescems="0.000" setupms="0.003" scanms="0.000" postms="0.000" />
</gc-op>
<heap-resize id="1229" type="expand" space="default" amount="5242880" count="1" timems="0.083" reason="excessive time being spent in gc" timestamp="2019-06-16T23:11:32.029" />
<gc-end id="1230" type="partial gc" contextid="1224" durationms="3.092" usertimems="4.000" systemtimems="0.000" timestamp="2019-06-16T23:11:32.029" activeThreads="4">
  <mem-info id="1231" free="149946368" total="249561088" percent="60">
    <mem type="eden" free="602480" total="1048576" percent="57" />
    <arraylet-primitive objects="2" leaves="2" largest="1" />
    <remembered-set count="65984" freebytes="9697792" totalbytes="9961728" percent="97" regionsoverflowed="0" regionsstable="3" regionsrebuilding="0"/>
  </mem-info>
</gc-end>
<cycle-end id="1232" type="partial gc" contextid="1224" timestamp="2019-06-16T23:11:32.029" />
  <attribute name="elasticGC enabled" value="1" />
  <attribute name= "numThreadsSpecified" value="4" />
  <attribute name="heapSize specified" value="0" />
  <attribute name="Current GC Util" value="75" />
  <attribute name= "Current Time Running" value="3250" />
  <attribute name ="GC Interval" value="0" />
  <attribute name="ProportionalT" value="55.000000" />
  <attribute name="ProportionalI" value="55.000000" />
  <attribute name="ProportionalH" value="55.000000" />
  <attribute name="Current Error" value="55.000000" />
  <attribute name="IntegralT" value="55.000000" />
  <attribute name="IntegralI" value="55.000000" />
  <attribute name="IntegralH" value="55.000000" />
  <attribute name="DerivativeT" value="27.500000" />
  <attribute name="DerivativeI" value="27.500000" />
  <attribute name="DerivativeH" value="27.500000" />
  <attribute name="Loop Time for DT" value="1.000000" />
  <attribute name="Output H" value="8388608"/>
  <attribute name="Output I" value="200"/>
  <attribute name="Output T" value="4"/>
  <attribute name="Target GC Util Change" value ="20.000000" />
  <attribute name="Current GC Util Change" value="75.000000"/>
  <attribute name="GC Util currently" value="75" />
  <attribute name="CPU Util currently" value="20153856247358" />
<exclusive-end id="1233" timestamp="2019-06-16T23:11:32.030" durationms="3.916" />

<exclusive-start id="1234" timestamp="2019-06-16T23:11:32.061" intervalms="34.921">
  <response-info timems="0.148" idlems="0.085" threads="1" lastid="0000000001CF8D00" lastname="Thread-10" />
</exclusive-start>
<allocation-taxation id="1235" taxation-threshold="68157440" timestamp="2019-06-16T23:11:32.061" intervalms="34.947" />
<cycle-start id="1236" type="partial gc" contextid="0" timestamp="2019-06-16T23:11:32.061" intervalms="34.947" />
<gc-start id="1237" type="partial gc" contextid="1236" timestamp="2019-06-16T23:11:32.061">
  <mem-info id="1238" free="81788928" total="249561088" percent="32">
    <mem type="eden" free="0" total="68157440" percent="0" />
    <arraylet-primitive objects="2" leaves="2" largest="1" />
    <remembered-set count="65984" freebytes="9697792" totalbytes="9961728" percent="97" regionsoverflowed="0" regionsstable="3" regionsrebuilding="0"/>
  </mem-info>
</gc-start>
<allocation-stats totalBytes="68148200" >
  <allocated-bytes non-tlh="0" tlh="68148200" arrayletleaf="0"/>
  <largest-consumer threadName="Thread-7" threadId="0000000001D00500" bytes="23810864" />
</allocation-stats>
<gc-op id="1239" type="copy forward" timems="4.401" contextid="1236" timestamp="2019-06-16T23:11:32.066">
  <memory-copied type="eden" objects="11516" bytes="415520" bytesdiscarded="0" />
  <memory-copied type="other" objects="20339" bytes="762888" bytesdiscarded="0" />
  <memory-cardclean objects="10299" bytes="526712" />
  <regions eden="65" other="2" />
  <remembered-set-cleared processed="59785" cleared="1258" durationms="0.651" />
  <stringconstants candidates="4597" cleared="0"  />
</gc-op>
<gc-op id="1240" type="classunload" timems="0.003" contextid="1236" timestamp="2019-06-16T23:11:32.067">
  <classunload-info classloadercandidates="8" classloadersunloaded="0" classesunloaded="0" anonymousclassesunloaded="0" quiescems="0.000" setupms="0.003" scanms="0.000" postms="0.000" />
</gc-op>
<heap-resize id="1241" type="expand" space="default" amount="2097152" count="1" timems="0.072" reason="excessive time being spent in gc" timestamp="2019-06-16T23:11:32.067" />
<gc-end id="1242" type="partial gc" contextid="1236" durationms="5.741" usertimems="8.000" systemtimems="0.000" timestamp="2019-06-16T23:11:32.067" activeThreads="1">
  <mem-info id="1243" free="150994944" total="251658240" percent="60">
    <mem type="eden" free="633056" total="1048576" percent="60" />
    <arraylet-primitive objects="2" leaves="2" largest="1" />
    <remembered-set count="67360" freebytes="9776000" totalbytes="10045440" percent="97" regionsoverflowed="0" regionsstable="3" regionsrebuilding="0"/>
  </mem-info>
</gc-end>
<cycle-end id="1244" type="partial gc" contextid="1236" timestamp="2019-06-16T23:11:32.067" />
  <attribute name="elasticGC enabled" value="1" />
  <attribute name= "numThreadsSpecified" value="1" />
  <attribute name="heapSize specified" value="0" />
  <attribute name="Current GC Util" value="56" />
  <attribute name= "Current Time Running" value="3285" />
  <attribute name ="GC Interval" value="0" />
  <attribute name="ProportionalT" value="36.000000" />
  <attribute name="ProportionalI" value="36.000000" />
  <attribute name="ProportionalH" value="36.000000" />
  <attribute name="Current Error" value="36.000000" />
  <attribute name="IntegralT" value="0.000000" />
  <attribute name="IntegralI" value="0.000000" />
  <attribute name="IntegralH" value="0.000000" />
  <attribute name="DerivativeT" value="inf" />
  <attribute name="DerivativeI" value="inf" />
  <attribute name="DerivativeH" value="inf" />
  <attribute name="Loop Time for DT" value="0.000000" />
  <attribute name="Output H" value="8388608"/>
  <attribute name="Output I" value="200"/>
  <attribute name="Output T" value="1"/>
  <attribute name="Target GC Util Change" value ="20.000000" />
  <attribute name="Current GC Util Change" value="56.000000"/>
  <attribute name="GC Util currently" value="56" />
  <attribute name="CPU Util currently" value="18212602785698" />
<exclusive-end id="1245" timestamp="2019-06-16T23:11:32.067" durationms="6.853" />

<exclusive-start id="1246" timestamp="2019-06-16T23:11:32.097" intervalms="36.778">
  <response-info timems="0.041" idlems="0.041" threads="0" lastid="0000000001D04100" lastname="Thread-9" />
</exclusive-start>
<allocation-taxation id="1247" taxation-threshold="69206016" timestamp="2019-06-16T23:11:32.098" intervalms="36.822" />
<cycle-start id="1248" type="partial gc" contextid="0" timestamp="2019-06-16T23:11:32.098" intervalms="36.863" />
<gc-start id="1249" type="partial gc" contextid="1248" timestamp="2019-06-16T23:11:32.098">
  <mem-info id="1250" free="81788928" total="251658240" percent="32">
    <mem type="eden" free="0" total="69206016" percent="0" />
    <arraylet-primitive objects="2" leaves="2" largest="1" />
    <remembered-set count="66944" freebytes="9777664" totalbytes="10045440" percent="97" regionsoverflowed="0" regionsstable="3" regionsrebuilding="0"/>
  </mem-info>
</gc-start>
<allocation-stats totalBytes="69197032" >
  <allocated-bytes non-tlh="0" tlh="69197032" arrayletleaf="0"/>
  <largest-consumer threadName="Thread-7" threadId="0000000001D00500" bytes="24192376" />
</allocation-stats>
<gc-op id="1251" type="copy forward" timems="4.356" contextid="1248" timestamp="2019-06-16T23:11:32.103">
  <memory-copied type="eden" objects="8419" bytes="341256" bytesdiscarded="0" />
  <memory-copied type="other" objects="22584" bytes="816768" bytesdiscarded="0" />
  <memory-cardclean objects="10885" bytes="554960" />
  <regions eden="66" other="3" />
  <remembered-set-cleared processed="60141" cleared="1627" durationms="0.659" />
  <stringconstants candidates="4597" cleared="0"  />
</gc-op>
<gc-op id="1252" type="classunload" timems="0.002" contextid="1248" timestamp="2019-06-16T23:11:32.103">
  <classunload-info classloadercandidates="8" classloadersunloaded="0" classesunloaded="0" anonymousclassesunloaded="0" quiescems="0.000" setupms="0.002" scanms="0.000" postms="0.000" />
</gc-op>
<heap-resize id="1253" type="expand" space="default" amount="3145728" count="1" timems="0.084" reason="excessive time being spent in gc" timestamp="2019-06-16T23:11:32.104" />
<gc-end id="1254" type="partial gc" contextid="1248" durationms="5.776" usertimems="4.000" systemtimems="0.000" timestamp="2019-06-16T23:11:32.104" activeThreads="1">
  <mem-info id="1255" free="153092096" total="254803968" percent="60">
    <mem type="eden" free="707320" total="1048576" percent="67" />
    <arraylet-primitive objects="2" leaves="2" largest="1" />
    <remembered-set count="67328" freebytes="9901696" totalbytes="10171008" percent="97" regionsoverflowed="0" regionsstable="3" regionsrebuilding="0"/>
  </mem-info>
</gc-end>
<cycle-end id="1256" type="partial gc" contextid="1248" timestamp="2019-06-16T23:11:32.104" />
  <attribute name="elasticGC enabled" value="1" />
  <attribute name= "numThreadsSpecified" value="1" />
  <attribute name="heapSize specified" value="0" />
  <attribute name="Current GC Util" value="65" />
  <attribute name= "Current Time Running" value="3322" />
  <attribute name ="GC Interval" value="0" />
  <attribute name="ProportionalT" value="45.000000" />
  <attribute name="ProportionalI" value="45.000000" />
  <attribute name="ProportionalH" value="45.000000" />
  <attribute name="Current Error" value="45.000000" />
  <attribute name="IntegralT" value="0.000000" />
  <attribute name="IntegralI" value="0.000000" />
  <attribute name="IntegralH" value="0.000000" />
  <attribute name="DerivativeT" value="inf" />
  <attribute name="DerivativeI" value="inf" />
  <attribute name="DerivativeH" value="inf" />
  <attribute name="Loop Time for DT" value="0.000000" />
  <attribute name="Output H" value="8388608"/>
  <attribute name="Output I" value="200"/>
  <attribute name="Output T" value="1"/>
  <attribute name="Target GC Util Change" value ="20.000000" />
  <attribute name="Current GC Util Change" value="65.000000"/>
  <attribute name="GC Util currently" value="65" />
  <attribute name="CPU Util currently" value="17470228134717" />
<exclusive-end id="1257" timestamp="2019-06-16T23:11:32.104" durationms="6.960" />

<exclusive-start id="1258" timestamp="2019-06-16T23:11:32.135" intervalms="37.555">
  <response-info timems="0.035" idlems="0.035" threads="0" lastid="0000000001D00500" lastname="Thread-7" />
</exclusive-start>
<allocation-taxation id="1259" taxation-threshold="69206016" timestamp="2019-06-16T23:11:32.135" intervalms="37.441" />
<cycle-start id="1260" type="partial gc" contextid="0" timestamp="2019-06-16T23:11:32.135" intervalms="37.370" />
<gc-start id="1261" type="partial gc" contextid="1260" timestamp="2019-06-16T23:11:32.135">
  <mem-info id="1262" free="83886080" total="254803968" percent="32">
    <mem type="eden" free="0" total="69206016" percent="0" />
    <arraylet-primitive objects="2" leaves="2" largest="1" />
    <remembered-set count="66912" freebytes="9903360" totalbytes="10171008" percent="97" regionsoverflowed="0" regionsstable="3" regionsrebuilding="0"/>
  </mem-info>
</gc-start>
<allocation-stats totalBytes="69197216" >
  <allocated-bytes non-tlh="0" tlh="69197216" arrayletleaf="0"/>
  <largest-consumer threadName="Thread-7" threadId="0000000001D00500" bytes="25191520" />
</allocation-stats>
<gc-op id="1263" type="copy forward" timems="4.387" contextid="1260" timestamp="2019-06-16T23:11:32.140">
  <memory-copied type="eden" objects="9625" bytes="370152" bytesdiscarded="0" />
  <memory-copied type="other" objects="26082" bytes="1038096" bytesdiscarded="0" />
  <memory-cardclean objects="7084" bytes="353504" />
  <regions eden="66" other="3" />
  <remembered-set-cleared processed="60770" cleared="1245" durationms="0.618" />
  <stringconstants candidates="4597" cleared="0"  />
</gc-op>
<gc-op id="1264" type="classunload" timems="0.002" contextid="1260" timestamp="2019-06-16T23:11:32.140">
  <classunload-info classloadercandidates="8" classloadersunloaded="0" classesunloaded="0" anonymousclassesunloaded="0" quiescems="0.000" setupms="0.002" scanms="0.000" postms="0.000" />
</gc-op>
<heap-resize id="1265" type="expand" space="default" amount="2097152" count="1" timems="0.061" reason="excessive time being spent in gc" timestamp="2019-06-16T23:11:32.141" />
<gc-end id="1266" type="partial gc" contextid="1260" durationms="5.454" usertimems="8.000" systemtimems="0.000" timestamp="2019-06-16T23:11:32.141" activeThreads="1">
  <mem-info id="1267" free="154140672" total="256901120" percent="60">
    <mem type="eden" free="678424" total="1048576" percent="64" />
    <arraylet-primitive objects="2" leaves="2" largest="1" />
    <remembered-set count="68288" freebytes="9981568" totalbytes="10254720" percent="97" regionsoverflowed="0" regionsstable="3" regionsrebuilding="0"/>
  </mem-info>
</gc-end>
<cycle-end id="1268" type="partial gc" contextid="1260" timestamp="2019-06-16T23:11:32.141" />
  <attribute name="elasticGC enabled" value="1" />
  <attribute name= "numThreadsSpecified" value="1" />
  <attribute name="heapSize specified" value="0" />
  <attribute name="Current GC Util" value="77" />
  <attribute name= "Current Time Running" value="3359" />
  <attribute name ="GC Interval" value="0" />
  <attribute name="ProportionalT" value="57.000000" />
  <attribute name="ProportionalI" value="57.000000" />
  <attribute name="ProportionalH" value="57.000000" />
  <attribute name="Current Error" value="57.000000" />
  <attribute name="IntegralT" value="0.000000" />
  <attribute name="IntegralI" value="0.000000" />
  <attribute name="IntegralH" value="0.000000" />
  <attribute name="DerivativeT" value="inf" />
  <attribute name="DerivativeI" value="inf" />
  <attribute name="DerivativeH" value="inf" />
  <attribute name="Loop Time for DT" value="0.000000" />
  <attribute name="Output H" value="8388608"/>
  <attribute name="Output I" value="200"/>
  <attribute name="Output T" value="1"/>
  <attribute name="Target GC Util Change" value ="20.000000" />
  <attribute name="Current GC Util Change" value="77.000000"/>
  <attribute name="GC Util currently" value="77" />
  <attribute name="CPU Util currently" value="20214635136460" />
<exclusive-end id="1269" timestamp="2019-06-16T23:11:32.141" durationms="6.210" />

<exclusive-start id="1270" timestamp="2019-06-16T23:11:32.172" intervalms="37.345">
  <response-info timems="1.988" idlems="1.988" threads="0" lastid="0000000001CF8D00" lastname="Thread-10" />
</exclusive-start>
<allocation-taxation id="1271" taxation-threshold="70254592" timestamp="2019-06-16T23:11:32.172" intervalms="37.432" />
<cycle-start id="1272" type="partial gc" contextid="0" timestamp="2019-06-16T23:11:32.173" intervalms="37.453" />
<gc-start id="1273" type="partial gc" contextid="1272" timestamp="2019-06-16T23:11:32.173">
  <mem-info id="1274" free="83886080" total="256901120" percent="32">
    <mem type="eden" free="0" total="70254592" percent="0" />
    <arraylet-primitive objects="2" leaves="2" largest="1" />
    <remembered-set count="68224" freebytes="9981824" totalbytes="10254720" percent="97" regionsoverflowed="0" regionsstable="3" regionsrebuilding="0"/>
  </mem-info>
</gc-start>
<allocation-stats totalBytes="70245976" >
  <allocated-bytes non-tlh="0" tlh="70245976" arrayletleaf="0"/>
  <largest-consumer threadName="Thread-7" threadId="0000000001D00500" bytes="22521352" />
</allocation-stats>
<gc-op id="1275" type="copy forward" timems="2.141" contextid="1272" timestamp="2019-06-16T23:11:32.176">
  <memory-copied type="eden" objects="4242" bytes="103544" bytesdiscarded="8328" />
  <memory-copied type="other" objects="26336" bytes="1044192" bytesdiscarded="68584" />
  <memory-cardclean objects="7015" bytes="365240" />
  <regions eden="67" other="3" />
  <remembered-set-cleared processed="61556" cleared="1179" durationms="0.224" />
  <stringconstants candidates="4597" cleared="0"  />
</gc-op>
<gc-op id="1276" type="classunload" timems="0.003" contextid="1272" timestamp="2019-06-16T23:11:32.176">
  <classunload-info classloadercandidates="8" classloadersunloaded="0" classesunloaded="0" anonymousclassesunloaded="0" quiescems="0.000" setupms="0.003" scanms="0.000" postms="0.000" />
</gc-op>
<heap-resize id="1277" type="expand" space="default" amount="3145728" count="1" timems="0.077" reason="excessive time being spent in gc" timestamp="2019-06-16T23:11:32.176" />
<gc-end id="1278" type="partial gc" contextid="1272" durationms="3.336" usertimems="8.000" systemtimems="0.000" timestamp="2019-06-16T23:11:32.176" activeThreads="4">
  <mem-info id="1279" free="156237824" total="260046848" percent="60">
    <mem type="eden" free="936704" total="1048576" percent="89" />
    <arraylet-primitive objects="2" leaves="2" largest="1" />
    <remembered-set count="69184" freebytes="10103552" totalbytes="10380288" percent="97" regionsoverflowed="0" regionsstable="3" regionsrebuilding="0"/>
  </mem-info>
</gc-end>
<cycle-end id="1280" type="partial gc" contextid="1272" timestamp="2019-06-16T23:11:32.176" />
  <attribute name="elasticGC enabled" value="1" />
  <attribute name= "numThreadsSpecified" value="4" />
  <attribute name="heapSize specified" value="0" />
  <attribute name="Current GC Util" value="65" />
  <attribute name= "Current Time Running" value="3397" />
  <attribute name ="GC Interval" value="0" />
  <attribute name="ProportionalT" value="45.000000" />
  <attribute name="ProportionalI" value="45.000000" />
  <attribute name="ProportionalH" value="45.000000" />
  <attribute name="Current Error" value="45.000000" />
  <attribute name="IntegralT" value="45.000000" />
  <attribute name="IntegralI" value="45.000000" />
  <attribute name="IntegralH" value="45.000000" />
  <attribute name="DerivativeT" value="22.500000" />
  <attribute name="DerivativeI" value="22.500000" />
  <attribute name="DerivativeH" value="22.500000" />
  <attribute name="Loop Time for DT" value="1.000000" />
  <attribute name="Output H" value="8388608"/>
  <attribute name="Output I" value="200"/>
  <attribute name="Output T" value="4"/>
  <attribute name="Target GC Util Change" value ="20.000000" />
  <attribute name="Current GC Util Change" value="65.000000"/>
  <attribute name="GC Util currently" value="65" />
  <attribute name="CPU Util currently" value="17313278301561" />
<exclusive-end id="1281" timestamp="2019-06-16T23:11:32.177" durationms="4.303" />

<exclusive-start id="1282" timestamp="2019-06-16T23:11:32.215" intervalms="43.011">
  <response-info timems="0.045" idlems="0.025" threads="1" lastid="0000000001D00500" lastname="Thread-7" />
</exclusive-start>
<allocation-taxation id="1283" taxation-threshold="71303168" timestamp="2019-06-16T23:11:32.215" intervalms="42.977" />
<cycle-start id="1284" type="partial gc" contextid="0" timestamp="2019-06-16T23:11:32.216" intervalms="42.978" />
<gc-start id="1285" type="partial gc" contextid="1284" timestamp="2019-06-16T23:11:32.216">
  <mem-info id="1286" free="84934656" total="260046848" percent="32">
    <mem type="eden" free="0" total="71303168" percent="0" />
    <arraylet-primitive objects="2" leaves="2" largest="1" />
    <remembered-set count="69056" freebytes="10104064" totalbytes="10380288" percent="97" regionsoverflowed="0" regionsstable="3" regionsrebuilding="0"/>
  </mem-info>
</gc-start>
<allocation-stats totalBytes="71293424" >
  <allocated-bytes non-tlh="0" tlh="71293424" arrayletleaf="0"/>
  <largest-consumer threadName="Thread-8" threadId="0000000001CFC900" bytes="23606056" />
</allocation-stats>
<gc-op id="1287" type="copy forward" timems="3.924" contextid="1284" timestamp="2019-06-16T23:11:32.220">
  <memory-copied type="eden" objects="4829" bytes="117344" bytesdiscarded="0" />
  <memory-copied type="other" objects="21276" bytes="785376" bytesdiscarded="0" />
  <memory-cardclean objects="8692" bytes="440984" />
  <regions eden="68" other="3" />
  <remembered-set-cleared processed="62317" cleared="1267" durationms="0.622" />
  <stringconstants candidates="4597" cleared="0"  />
</gc-op>
<gc-op id="1288" type="classunload" timems="0.015" contextid="1284" timestamp="2019-06-16T23:11:32.221">
  <classunload-info classloadercandidates="8" classloadersunloaded="0" classesunloaded="0" anonymousclassesunloaded="0" quiescems="0.000" setupms="0.015" scanms="0.000" postms="0.000" />
</gc-op>
<heap-resize id="1289" type="expand" space="default" amount="2097152" count="1" timems="0.066" reason="excessive time being spent in gc" timestamp="2019-06-16T23:11:32.221" />
<gc-end id="1290" type="partial gc" contextid="1284" durationms="5.172" usertimems="8.000" systemtimems="0.000" timestamp="2019-06-16T23:11:32.221" activeThreads="1">
  <mem-info id="1291" free="157286400" total="262144000" percent="60">
    <mem type="eden" free="931232" total="1048576" percent="88" />
    <arraylet-primitive objects="2" leaves="2" largest="1" />
    <remembered-set count="70752" freebytes="10180992" totalbytes="10464000" percent="97" regionsoverflowed="0" regionsstable="3" regionsrebuilding="0"/>
  </mem-info>
</gc-end>
<cycle-end id="1292" type="partial gc" contextid="1284" timestamp="2019-06-16T23:11:32.221" />
  <attribute name="elasticGC enabled" value="1" />
  <attribute name= "numThreadsSpecified" value="1" />
  <attribute name="heapSize specified" value="0" />
  <attribute name="Current GC Util" value="74" />
  <attribute name= "Current Time Running" value="3439" />
  <attribute name ="GC Interval" value="0" />
  <attribute name="ProportionalT" value="54.000000" />
  <attribute name="ProportionalI" value="54.000000" />
  <attribute name="ProportionalH" value="54.000000" />
  <attribute name="Current Error" value="54.000000" />
  <attribute name="IntegralT" value="0.000000" />
  <attribute name="IntegralI" value="0.000000" />
  <attribute name="IntegralH" value="0.000000" />
  <attribute name="DerivativeT" value="inf" />
  <attribute name="DerivativeI" value="inf" />
  <attribute name="DerivativeH" value="inf" />
  <attribute name="Loop Time for DT" value="0.000000" />
  <attribute name="Output H" value="8388608"/>
  <attribute name="Output I" value="200"/>
  <attribute name="Output T" value="1"/>
  <attribute name="Target GC Util Change" value ="20.000000" />
  <attribute name="Current GC Util Change" value="74.000000"/>
  <attribute name="GC Util currently" value="74" />
  <attribute name="CPU Util currently" value="19268990361373" />
<exclusive-end id="1293" timestamp="2019-06-16T23:11:32.221" durationms="6.055" />

<exclusive-start id="1294" timestamp="2019-06-16T23:11:32.257" intervalms="42.001">
  <response-info timems="0.033" idlems="0.033" threads="0" lastid="0000000001CFC900" lastname="Thread-8" />
</exclusive-start>
<allocation-taxation id="1295" taxation-threshold="71303168" timestamp="2019-06-16T23:11:32.257" intervalms="42.035" />
<cycle-start id="1296" type="partial gc" contextid="0" timestamp="2019-06-16T23:11:32.258" intervalms="42.013" />
<gc-start id="1297" type="partial gc" contextid="1296" timestamp="2019-06-16T23:11:32.258">
  <mem-info id="1298" free="85983232" total="262144000" percent="32">
    <mem type="eden" free="0" total="71303168" percent="0" />
    <arraylet-primitive objects="2" leaves="2" largest="1" />
    <remembered-set count="70560" freebytes="10181760" totalbytes="10464000" percent="97" regionsoverflowed="0" regionsstable="3" regionsrebuilding="0"/>
  </mem-info>
</gc-start>
<allocation-stats totalBytes="71293360" >
  <allocated-bytes non-tlh="0" tlh="71293360" arrayletleaf="0"/>
  <largest-consumer threadName="Thread-9" threadId="0000000001D04100" bytes="22086648" />
</allocation-stats>
<gc-op id="1299" type="copy forward" timems="4.297" contextid="1296" timestamp="2019-06-16T23:11:32.263">
  <memory-copied type="eden" objects="24335" bytes="1051120" bytesdiscarded="0" />
  <memory-copied type="other" objects="9255" bytes="222120" bytesdiscarded="0" />
  <memory-cardclean objects="12191" bytes="621200" />
  <regions eden="68" other="3" />
  <remembered-set-cleared processed="63014" cleared="1483" durationms="0.620" />
  <stringconstants candidates="4597" cleared="0"  />
</gc-op>
<gc-op id="1300" type="classunload" timems="0.002" contextid="1296" timestamp="2019-06-16T23:11:32.263">
  <classunload-info classloadercandidates="8" classloadersunloaded="0" classesunloaded="0" anonymousclassesunloaded="0" quiescems="0.000" setupms="0.002" scanms="0.000" postms="0.000" />
</gc-op>
<heap-resize id="1301" type="expand" space="default" amount="5242880" count="1" timems="0.081" reason="excessive time being spent in gc" timestamp="2019-06-16T23:11:32.263" />
<gc-end id="1302" type="partial gc" contextid="1296" durationms="5.535" usertimems="12.000" systemtimems="0.000" timestamp="2019-06-16T23:11:32.263" activeThreads="1">
  <mem-info id="1303" free="160432128" total="267386880" percent="60">
    <mem type="eden" free="1046032" total="2097152" percent="49" />
    <arraylet-primitive objects="2" leaves="2" largest="1" />
    <remembered-set count="71360" freebytes="10387840" totalbytes="10673280" percent="97" regionsoverflowed="0" regionsstable="3" regionsrebuilding="0"/>
  </mem-info>
</gc-end>
<cycle-end id="1304" type="partial gc" contextid="1296" timestamp="2019-06-16T23:11:32.264" />
  <attribute name="elasticGC enabled" value="1" />
  <attribute name= "numThreadsSpecified" value="1" />
  <attribute name="heapSize specified" value="0" />
  <attribute name="Current GC Util" value="86" />
  <attribute name= "Current Time Running" value="3481" />
  <attribute name ="GC Interval" value="0" />
  <attribute name="ProportionalT" value="66.000000" />
  <attribute name="ProportionalI" value="66.000000" />
  <attribute name="ProportionalH" value="66.000000" />
  <attribute name="Current Error" value="66.000000" />
  <attribute name="IntegralT" value="0.000000" />
  <attribute name="IntegralI" value="0.000000" />
  <attribute name="IntegralH" value="0.000000" />
  <attribute name="DerivativeT" value="inf" />
  <attribute name="DerivativeI" value="inf" />
  <attribute name="DerivativeH" value="inf" />
  <attribute name="Loop Time for DT" value="0.000000" />
  <attribute name="Output H" value="8388608"/>
  <attribute name="Output I" value="200"/>
  <attribute name="Output T" value="1"/>
  <attribute name="Target GC Util Change" value ="20.000000" />
  <attribute name="Current GC Util Change" value="86.000000"/>
  <attribute name="GC Util currently" value="86" />
  <attribute name="CPU Util currently" value="18594233463980" />
<exclusive-end id="1305" timestamp="2019-06-16T23:11:32.264" durationms="6.512" />

<exclusive-start id="1306" timestamp="2019-06-16T23:11:32.301" intervalms="43.470">
  <response-info timems="0.041" idlems="0.037" threads="1" lastid="0000000001D00500" lastname="Thread-7" />
</exclusive-start>
<allocation-taxation id="1307" taxation-threshold="72351744" timestamp="2019-06-16T23:11:32.301" intervalms="43.442" />
<cycle-start id="1308" type="partial gc" contextid="0" timestamp="2019-06-16T23:11:32.301" intervalms="43.489" />
<gc-start id="1309" type="partial gc" contextid="1308" timestamp="2019-06-16T23:11:32.301">
  <mem-info id="1310" free="88080384" total="267386880" percent="32">
    <mem type="eden" free="0" total="72351744" percent="0" />
    <arraylet-primitive objects="2" leaves="2" largest="1" />
    <remembered-set count="71136" freebytes="10388736" totalbytes="10673280" percent="97" regionsoverflowed="0" regionsstable="3" regionsrebuilding="0"/>
  </mem-info>
</gc-start>
<allocation-stats totalBytes="72341680" >
  <allocated-bytes non-tlh="0" tlh="72341680" arrayletleaf="0"/>
  <largest-consumer threadName="Thread-9" threadId="0000000001D04100" bytes="24109944" />
</allocation-stats>
<gc-op id="1311" type="copy forward" timems="4.196" contextid="1308" timestamp="2019-06-16T23:11:32.306">
  <memory-copied type="eden" objects="20557" bytes="907064" bytesdiscarded="0" />
  <memory-copied type="other" objects="14565" bytes="486936" bytesdiscarded="0" />
  <memory-cardclean objects="8323" bytes="413072" />
  <regions eden="69" other="4" />
  <remembered-set-cleared processed="63592" cleared="1196" durationms="0.681" />
  <stringconstants candidates="4597" cleared="0"  />
</gc-op>
<gc-op id="1312" type="classunload" timems="0.003" contextid="1308" timestamp="2019-06-16T23:11:32.306">
  <classunload-info classloadercandidates="8" classloadersunloaded="0" classesunloaded="0" anonymousclassesunloaded="0" quiescems="0.000" setupms="0.002" scanms="0.000" postms="0.000" />
</gc-op>
<gc-end id="1313" type="partial gc" contextid="1308" durationms="5.181" usertimems="12.000" systemtimems="0.000" timestamp="2019-06-16T23:11:32.306" activeThreads="1">
  <mem-info id="1314" free="160432128" total="267386880" percent="60">
    <mem type="eden" free="141512" total="1048576" percent="13" />
    <arraylet-primitive objects="2" leaves="2" largest="1" />
    <remembered-set count="72096" freebytes="10384896" totalbytes="10673280" percent="97" regionsoverflowed="0" regionsstable="3" regionsrebuilding="0"/>
  </mem-info>
</gc-end>
<cycle-end id="1315" type="partial gc" contextid="1308" timestamp="2019-06-16T23:11:32.307" />
  <attribute name="elasticGC enabled" value="1" />
  <attribute name= "numThreadsSpecified" value="1" />
  <attribute name="heapSize specified" value="0" />
  <attribute name="Current GC Util" value="82" />
  <attribute name= "Current Time Running" value="3525" />
  <attribute name ="GC Interval" value="0" />
  <attribute name="ProportionalT" value="62.000000" />
  <attribute name="ProportionalI" value="62.000000" />
  <attribute name="ProportionalH" value="62.000000" />
  <attribute name="Current Error" value="62.000000" />
  <attribute name="IntegralT" value="0.000000" />
  <attribute name="IntegralI" value="0.000000" />
  <attribute name="IntegralH" value="0.000000" />
  <attribute name="DerivativeT" value="inf" />
  <attribute name="DerivativeI" value="inf" />
  <attribute name="DerivativeH" value="inf" />
  <attribute name="Loop Time for DT" value="0.000000" />
  <attribute name="Output H" value="8388608"/>
  <attribute name="Output I" value="200"/>
  <attribute name="Output T" value="1"/>
  <attribute name="Target GC Util Change" value ="20.000000" />
  <attribute name="Current GC Util Change" value="82.000000"/>
  <attribute name="GC Util currently" value="82" />
  <attribute name="CPU Util currently" value="19880441955650" />
<exclusive-end id="1316" timestamp="2019-06-16T23:11:32.307" durationms="6.192" />

<exclusive-start id="1317" timestamp="2019-06-16T23:11:32.353" intervalms="52.754">
  <response-info timems="0.032" idlems="0.032" threads="0" lastid="0000000001D04100" lastname="Thread-9" />
</exclusive-start>
<allocation-taxation id="1318" taxation-threshold="72351744" timestamp="2019-06-16T23:11:32.354" intervalms="52.790" />
<cycle-start id="1319" type="partial gc" contextid="0" timestamp="2019-06-16T23:11:32.354" intervalms="52.812" />
<gc-start id="1320" type="partial gc" contextid="1319" timestamp="2019-06-16T23:11:32.354">
  <mem-info id="1321" free="88080384" total="267386880" percent="32">
    <mem type="eden" free="0" total="72351744" percent="0" />
    <arraylet-primitive objects="2" leaves="2" largest="1" />
    <remembered-set count="71968" freebytes="10385408" totalbytes="10673280" percent="97" regionsoverflowed="0" regionsstable="3" regionsrebuilding="0"/>
  </mem-info>
</gc-start>
<allocation-stats totalBytes="72341688" >
  <allocated-bytes non-tlh="0" tlh="72341688" arrayletleaf="0"/>
  <largest-consumer threadName="Thread-8" threadId="0000000001CFC900" bytes="25158112" />
</allocation-stats>
<gc-op id="1322" type="copy forward" timems="3.986" contextid="1319" timestamp="2019-06-16T23:11:32.359">
  <memory-copied type="eden" objects="13007" bytes="588280" bytesdiscarded="0" />
  <memory-copied type="other" objects="17293" bytes="689784" bytesdiscarded="0" />
  <memory-cardclean objects="6002" bytes="301664" />
  <regions eden="69" other="3" />
  <remembered-set-cleared processed="64130" cleared="1121" durationms="0.704" />
  <stringconstants candidates="4597" cleared="0"  />
</gc-op>
<gc-op id="1323" type="classunload" timems="0.003" contextid="1319" timestamp="2019-06-16T23:11:32.359">
  <classunload-info classloadercandidates="8" classloadersunloaded="0" classesunloaded="0" anonymousclassesunloaded="0" quiescems="0.000" setupms="0.003" scanms="0.000" postms="0.000" />
</gc-op>
<heap-resize id="1324" type="expand" space="default" amount="3145728" count="1" timems="0.088" reason="excessive time being spent in gc" timestamp="2019-06-16T23:11:32.359" />
<gc-end id="1325" type="partial gc" contextid="1319" durationms="5.245" usertimems="8.000" systemtimems="0.000" timestamp="2019-06-16T23:11:32.359" activeThreads="1">
  <mem-info id="1326" free="162529280" total="270532608" percent="60">
    <mem type="eden" free="460296" total="1048576" percent="43" />
    <arraylet-primitive objects="2" leaves="2" largest="1" />
    <remembered-set count="73024" freebytes="10506752" totalbytes="10798848" percent="97" regionsoverflowed="0" regionsstable="3" regionsrebuilding="0"/>
  </mem-info>
</gc-end>
<cycle-end id="1327" type="partial gc" contextid="1319" timestamp="2019-06-16T23:11:32.360" />
  <attribute name="elasticGC enabled" value="1" />
  <attribute name= "numThreadsSpecified" value="1" />
  <attribute name="heapSize specified" value="0" />
  <attribute name="Current GC Util" value="67" />
  <attribute name= "Current Time Running" value="3578" />
  <attribute name ="GC Interval" value="0" />
  <attribute name="ProportionalT" value="47.000000" />
  <attribute name="ProportionalI" value="47.000000" />
  <attribute name="ProportionalH" value="47.000000" />
  <attribute name="Current Error" value="47.000000" />
  <attribute name="IntegralT" value="0.000000" />
  <attribute name="IntegralI" value="0.000000" />
  <attribute name="IntegralH" value="0.000000" />
  <attribute name="DerivativeT" value="inf" />
  <attribute name="DerivativeI" value="inf" />
  <attribute name="DerivativeH" value="inf" />
  <attribute name="Loop Time for DT" value="0.000000" />
  <attribute name="Output H" value="8388608"/>
  <attribute name="Output I" value="200"/>
  <attribute name="Output T" value="1"/>
  <attribute name="Target GC Util Change" value ="20.000000" />
  <attribute name="Current GC Util Change" value="67.000000"/>
  <attribute name="GC Util currently" value="67" />
  <attribute name="CPU Util currently" value="16476426961289" />
<exclusive-end id="1328" timestamp="2019-06-16T23:11:32.360" durationms="6.450" />

<exclusive-start id="1329" timestamp="2019-06-16T23:11:32.414" intervalms="60.152">
  <response-info timems="0.035" idlems="0.035" threads="0" lastid="0000000001D00500" lastname="Thread-7" />
</exclusive-start>
<allocation-taxation id="1330" taxation-threshold="73400320" timestamp="2019-06-16T23:11:32.414" intervalms="60.086" />
<cycle-start id="1331" type="partial gc" contextid="0" timestamp="2019-06-16T23:11:32.414" intervalms="59.996" />
<gc-start id="1332" type="partial gc" contextid="1331" timestamp="2019-06-16T23:11:32.414">
  <mem-info id="1333" free="89128960" total="270532608" percent="32">
    <mem type="eden" free="0" total="73400320" percent="0" />
    <arraylet-primitive objects="2" leaves="2" largest="1" />
    <remembered-set count="72992" freebytes="10506880" totalbytes="10798848" percent="97" regionsoverflowed="0" regionsstable="3" regionsrebuilding="0"/>
  </mem-info>
</gc-start>
<allocation-stats totalBytes="73390152" >
  <allocated-bytes non-tlh="0" tlh="73390152" arrayletleaf="0"/>
  <largest-consumer threadName="Thread-9" threadId="0000000001D04100" bytes="25330216" />
</allocation-stats>
<gc-op id="1334" type="copy forward" timems="2.140" contextid="1331" timestamp="2019-06-16T23:11:32.417">
  <memory-copied type="eden" objects="4415" bytes="107176" bytesdiscarded="15448" />
  <memory-copied type="other" objects="30026" bytes="1270128" bytesdiscarded="43784" />
  <memory-cardclean objects="6002" bytes="301664" />
  <regions eden="70" other="4" />
  <remembered-set-cleared processed="64279" cleared="1270" durationms="0.227" />
  <stringconstants candidates="4597" cleared="0"  />
</gc-op>
<gc-op id="1335" type="classunload" timems="0.003" contextid="1331" timestamp="2019-06-16T23:11:32.417">
  <classunload-info classloadercandidates="8" classloadersunloaded="0" classesunloaded="0" anonymousclassesunloaded="0" quiescems="0.000" setupms="0.003" scanms="0.000" postms="0.000" />
</gc-op>
<gc-end id="1336" type="partial gc" contextid="1331" durationms="3.073" usertimems="8.000" systemtimems="0.000" timestamp="2019-06-16T23:11:32.417" activeThreads="4">
  <mem-info id="1337" free="161480704" total="270532608" percent="59">
    <mem type="eden" free="925952" total="1048576" percent="88" />
    <arraylet-primitive objects="2" leaves="2" largest="1" />
    <remembered-set count="71872" freebytes="10511360" totalbytes="10798848" percent="97" regionsoverflowed="0" regionsstable="3" regionsrebuilding="0"/>
  </mem-info>
</gc-end>
<cycle-end id="1338" type="partial gc" contextid="1331" timestamp="2019-06-16T23:11:32.417" />
  <attribute name="elasticGC enabled" value="1" />
  <attribute name= "numThreadsSpecified" value="4" />
  <attribute name="heapSize specified" value="0" />
  <attribute name="Current GC Util" value="90" />
  <attribute name= "Current Time Running" value="3638" />
  <attribute name ="GC Interval" value="0" />
  <attribute name="ProportionalT" value="70.000000" />
  <attribute name="ProportionalI" value="70.000000" />
  <attribute name="ProportionalH" value="70.000000" />
  <attribute name="Current Error" value="70.000000" />
  <attribute name="IntegralT" value="70.000000" />
  <attribute name="IntegralI" value="70.000000" />
  <attribute name="IntegralH" value="70.000000" />
  <attribute name="DerivativeT" value="35.000000" />
  <attribute name="DerivativeI" value="35.000000" />
  <attribute name="DerivativeH" value="35.000000" />
  <attribute name="Loop Time for DT" value="1.000000" />
  <attribute name="Output H" value="8388608"/>
  <attribute name="Output I" value="200"/>
  <attribute name="Output T" value="4"/>
  <attribute name="Target GC Util Change" value ="20.000000" />
  <attribute name="Current GC Util Change" value="90.000000"/>
  <attribute name="GC Util currently" value="90" />
  <attribute name="CPU Util currently" value="20138894471552" />
<exclusive-end id="1339" timestamp="2019-06-16T23:11:32.417" durationms="3.792" />

<exclusive-start id="1340" timestamp="2019-06-16T23:11:32.479" intervalms="65.109">
  <response-info timems="0.040" idlems="0.040" threads="0" lastid="0000000001CFC900" lastname="Thread-8" />
</exclusive-start>
<allocation-taxation id="1341" taxation-threshold="73400320" timestamp="2019-06-16T23:11:32.479" intervalms="65.162" />
<cycle-start id="1342" type="partial gc" contextid="0" timestamp="2019-06-16T23:11:32.479" intervalms="65.243" />
<gc-start id="1343" type="partial gc" contextid="1342" timestamp="2019-06-16T23:11:32.479">
  <mem-info id="1344" free="88080384" total="270532608" percent="32">
    <mem type="eden" free="0" total="73400320" percent="0" />
    <arraylet-primitive objects="2" leaves="2" largest="1" />
    <remembered-set count="71584" freebytes="10512512" totalbytes="10798848" percent="97" regionsoverflowed="0" regionsstable="3" regionsrebuilding="0"/>
  </mem-info>
</gc-start>
<allocation-stats totalBytes="73390240" >
  <allocated-bytes non-tlh="0" tlh="73390240" arrayletleaf="0"/>
  <largest-consumer threadName="Thread-8" threadId="0000000001CFC900" bytes="25625160" />
</allocation-stats>
<gc-op id="1345" type="copy forward" timems="4.389" contextid="1342" timestamp="2019-06-16T23:11:32.485">
  <memory-copied type="eden" objects="4617" bytes="112088" bytesdiscarded="0" />
  <memory-copied type="other" objects="31356" bytes="1302048" bytesdiscarded="0" />
  <memory-cardclean objects="3098" bytes="162272" />
  <regions eden="70" other="4" />
  <remembered-set-cleared processed="65094" cleared="1359" durationms="0.681" />
  <stringconstants candidates="4597" cleared="0"  />
</gc-op>
<gc-op id="1346" type="classunload" timems="0.003" contextid="1342" timestamp="2019-06-16T23:11:32.485">
  <classunload-info classloadercandidates="8" classloadersunloaded="0" classesunloaded="0" anonymousclassesunloaded="0" quiescems="0.000" setupms="0.003" scanms="0.000" postms="0.000" />
</gc-op>
<gc-end id="1347" type="partial gc" contextid="1342" durationms="5.639" usertimems="12.000" systemtimems="0.000" timestamp="2019-06-16T23:11:32.485" activeThreads="1">
  <mem-info id="1348" free="160432128" total="270532608" percent="59">
    <mem type="eden" free="936488" total="1048576" percent="89" />
    <arraylet-primitive objects="2" leaves="2" largest="1" />
    <remembered-set count="73088" freebytes="10506496" totalbytes="10798848" percent="97" regionsoverflowed="0" regionsstable="3" regionsrebuilding="0"/>
  </mem-info>
</gc-end>
<cycle-end id="1349" type="partial gc" contextid="1342" timestamp="2019-06-16T23:11:32.485" />
  <attribute name="elasticGC enabled" value="1" />
  <attribute name= "numThreadsSpecified" value="1" />
  <attribute name="heapSize specified" value="0" />
  <attribute name="Current GC Util" value="60" />
  <attribute name= "Current Time Running" value="3703" />
  <attribute name ="GC Interval" value="0" />
  <attribute name="ProportionalT" value="40.000000" />
  <attribute name="ProportionalI" value="40.000000" />
  <attribute name="ProportionalH" value="40.000000" />
  <attribute name="Current Error" value="40.000000" />
  <attribute name="IntegralT" value="0.000000" />
  <attribute name="IntegralI" value="0.000000" />
  <attribute name="IntegralH" value="0.000000" />
  <attribute name="DerivativeT" value="inf" />
  <attribute name="DerivativeI" value="inf" />
  <attribute name="DerivativeH" value="inf" />
  <attribute name="Loop Time for DT" value="0.000000" />
  <attribute name="Output H" value="8388608"/>
  <attribute name="Output I" value="200"/>
  <attribute name="Output T" value="1"/>
  <attribute name="Target GC Util Change" value ="20.000000" />
  <attribute name="Current GC Util Change" value="60.000000"/>
  <attribute name="GC Util currently" value="60" />
  <attribute name="CPU Util currently" value="16327904491660" />
<exclusive-end id="1350" timestamp="2019-06-16T23:11:32.486" durationms="6.863" />

<exclusive-start id="1351" timestamp="2019-06-16T23:11:32.541" intervalms="62.490">
  <response-info timems="0.241" idlems="0.205" threads="1" lastid="0000000001CF8D00" lastname="Thread-10" />
</exclusive-start>
<allocation-taxation id="1352" taxation-threshold="73400320" timestamp="2019-06-16T23:11:32.541" intervalms="62.445" />
<cycle-start id="1353" type="partial gc" contextid="0" timestamp="2019-06-16T23:11:32.542" intervalms="62.444" />
<gc-start id="1354" type="partial gc" contextid="1353" timestamp="2019-06-16T23:11:32.542">
  <mem-info id="1355" free="87031808" total="270532608" percent="32">
    <mem type="eden" free="0" total="73400320" percent="0" />
    <arraylet-primitive objects="2" leaves="2" largest="1" />
    <remembered-set count="72832" freebytes="10507520" totalbytes="10798848" percent="97" regionsoverflowed="0" regionsstable="3" regionsrebuilding="0"/>
  </mem-info>
</gc-start>
<allocation-stats totalBytes="73390208" >
  <allocated-bytes non-tlh="0" tlh="73390208" arrayletleaf="0"/>
  <largest-consumer threadName="Thread-8" threadId="0000000001CFC900" bytes="26284608" />
</allocation-stats>
<gc-op id="1356" type="copy forward" timems="3.111" contextid="1353" timestamp="2019-06-16T23:11:32.546">
  <memory-copied type="eden" objects="10752" bytes="396560" bytesdiscarded="19848" />
  <memory-copied type="other" objects="21277" bytes="785400" bytesdiscarded="35048" />
  <memory-cardclean objects="8319" bytes="442784" />
  <regions eden="70" other="3" />
  <remembered-set-cleared processed="65735" cleared="1083" durationms="0.232" />
  <stringconstants candidates="4597" cleared="0"  />
</gc-op>
<gc-op id="1357" type="classunload" timems="0.003" contextid="1353" timestamp="2019-06-16T23:11:32.546">
  <classunload-info classloadercandidates="8" classloadersunloaded="0" classesunloaded="0" anonymousclassesunloaded="0" quiescems="0.000" setupms="0.002" scanms="0.000" postms="0.000" />
</gc-op>
<gc-end id="1358" type="partial gc" contextid="1353" durationms="4.236" usertimems="4.000" systemtimems="8.000" timestamp="2019-06-16T23:11:32.546" activeThreads="4">
  <mem-info id="1359" free="159383552" total="270532608" percent="58">
    <mem type="eden" free="632168" total="1048576" percent="60" />
    <arraylet-primitive objects="2" leaves="2" largest="1" />
    <remembered-set count="74208" freebytes="10502016" totalbytes="10798848" percent="97" regionsoverflowed="0" regionsstable="3" regionsrebuilding="0"/>
  </mem-info>
</gc-end>
<cycle-end id="1360" type="partial gc" contextid="1353" timestamp="2019-06-16T23:11:32.546" />
  <attribute name="elasticGC enabled" value="1" />
  <attribute name= "numThreadsSpecified" value="4" />
  <attribute name="heapSize specified" value="0" />
  <attribute name="Current GC Util" value="60" />
  <attribute name= "Current Time Running" value="3766" />
  <attribute name ="GC Interval" value="0" />
  <attribute name="ProportionalT" value="40.000000" />
  <attribute name="ProportionalI" value="40.000000" />
  <attribute name="ProportionalH" value="40.000000" />
  <attribute name="Current Error" value="40.000000" />
  <attribute name="IntegralT" value="40.000000" />
  <attribute name="IntegralI" value="40.000000" />
  <attribute name="IntegralH" value="40.000000" />
  <attribute name="DerivativeT" value="20.000000" />
  <attribute name="DerivativeI" value="20.000000" />
  <attribute name="DerivativeH" value="20.000000" />
  <attribute name="Loop Time for DT" value="1.000000" />
  <attribute name="Output H" value="8388608"/>
  <attribute name="Output I" value="200"/>
  <attribute name="Output T" value="4"/>
  <attribute name="Target GC Util Change" value ="20.000000" />
  <attribute name="Current GC Util Change" value="60.000000"/>
  <attribute name="GC Util currently" value="60" />
  <attribute name="CPU Util currently" value="13314834117071" />
<exclusive-end id="1361" timestamp="2019-06-16T23:11:32.546" durationms="5.229" />

<exclusive-start id="1362" timestamp="2019-06-16T23:11:32.603" intervalms="61.697">
  <response-info timems="9.404" idlems="4.733" threads="1" lastid="0000000001CFC900" lastname="Thread-8" />
</exclusive-start>
<allocation-taxation id="1363" taxation-threshold="73400320" timestamp="2019-06-16T23:11:32.603" intervalms="61.716" />
<cycle-start id="1364" type="partial gc" contextid="0" timestamp="2019-06-16T23:11:32.603" intervalms="61.723" />
<gc-start id="1365" type="partial gc" contextid="1364" timestamp="2019-06-16T23:11:32.604">
  <mem-info id="1366" free="85983232" total="270532608" percent="31">
    <mem type="eden" free="0" total="73400320" percent="0" />
    <arraylet-primitive objects="2" leaves="2" largest="1" />
    <remembered-set count="73856" freebytes="10503424" totalbytes="10798848" percent="97" regionsoverflowed="0" regionsstable="3" regionsrebuilding="0"/>
  </mem-info>
</gc-start>
<allocation-stats totalBytes="73389608" >
  <allocated-bytes non-tlh="0" tlh="73389608" arrayletleaf="0"/>
  <largest-consumer threadName="Thread-7" threadId="0000000001D00500" bytes="22635136" />
</allocation-stats>
<gc-op id="1367" type="copy forward" timems="4.919" contextid="1364" timestamp="2019-06-16T23:11:32.609">
  <memory-copied type="eden" objects="16401" bytes="669616" bytesdiscarded="0" />
  <memory-copied type="other" objects="19091" bytes="595560" bytesdiscarded="0" />
  <memory-cardclean objects="17177" bytes="875696" />
  <regions eden="70" other="3" />
  <remembered-set-cleared processed="66464" cleared="1524" durationms="0.697" />
  <stringconstants candidates="4597" cleared="0"  />
</gc-op>
<gc-op id="1368" type="classunload" timems="0.002" contextid="1364" timestamp="2019-06-16T23:11:32.610">
  <classunload-info classloadercandidates="8" classloadersunloaded="0" classesunloaded="0" anonymousclassesunloaded="0" quiescems="0.000" setupms="0.002" scanms="0.000" postms="0.000" />
</gc-op>
<gc-end id="1369" type="partial gc" contextid="1364" durationms="6.221" usertimems="4.000" systemtimems="0.000" timestamp="2019-06-16T23:11:32.610" activeThreads="1">
  <mem-info id="1370" free="158334976" total="270532608" percent="58">
    <mem type="eden" free="378960" total="1048576" percent="36" />
    <arraylet-primitive objects="2" leaves="2" largest="1" />
    <remembered-set count="74784" freebytes="10499712" totalbytes="10798848" percent="97" regionsoverflowed="0" regionsstable="3" regionsrebuilding="0"/>
  </mem-info>
</gc-end>
<cycle-end id="1371" type="partial gc" contextid="1364" timestamp="2019-06-16T23:11:32.610" />
  <attribute name="elasticGC enabled" value="1" />
  <attribute name= "numThreadsSpecified" value="1" />
  <attribute name="heapSize specified" value="0" />
  <attribute name="Current GC Util" value="65" />
  <attribute name= "Current Time Running" value="3827" />
  <attribute name ="GC Interval" value="0" />
  <attribute name="ProportionalT" value="45.000000" />
  <attribute name="ProportionalI" value="45.000000" />
  <attribute name="ProportionalH" value="45.000000" />
  <attribute name="Current Error" value="45.000000" />
  <attribute name="IntegralT" value="0.000000" />
  <attribute name="IntegralI" value="0.000000" />
  <attribute name="IntegralH" value="0.000000" />
  <attribute name="DerivativeT" value="inf" />
  <attribute name="DerivativeI" value="inf" />
  <attribute name="DerivativeH" value="inf" />
  <attribute name="Loop Time for DT" value="0.000000" />
  <attribute name="Output H" value="8388608"/>
  <attribute name="Output I" value="200"/>
  <attribute name="Output T" value="1"/>
  <attribute name="Target GC Util Change" value ="20.000000" />
  <attribute name="Current GC Util Change" value="65.000000"/>
  <attribute name="GC Util currently" value="65" />
  <attribute name="CPU Util currently" value="17603534688731" />
<exclusive-end id="1372" timestamp="2019-06-16T23:11:32.610" durationms="7.362" />

<exclusive-start id="1373" timestamp="2019-06-16T23:11:32.651" intervalms="48.031">
  <response-info timems="3.534" idlems="1.797" threads="1" lastid="0000000001CFC900" lastname="Thread-8" />
</exclusive-start>
<allocation-taxation id="1374" taxation-threshold="73400320" timestamp="2019-06-16T23:11:32.651" intervalms="48.062" />
<cycle-start id="1375" type="partial gc" contextid="0" timestamp="2019-06-16T23:11:32.651" intervalms="48.105" />
<gc-start id="1376" type="partial gc" contextid="1375" timestamp="2019-06-16T23:11:32.652">
  <mem-info id="1377" free="84934656" total="270532608" percent="31">
    <mem type="eden" free="0" total="73400320" percent="0" />
    <arraylet-primitive objects="2" leaves="2" largest="1" />
    <remembered-set count="74752" freebytes="10499840" totalbytes="10798848" percent="97" regionsoverflowed="0" regionsstable="3" regionsrebuilding="0"/>
  </mem-info>
</gc-start>
<allocation-stats totalBytes="73389416" >
  <allocated-bytes non-tlh="0" tlh="73389416" arrayletleaf="0"/>
  <largest-consumer threadName="Thread-7" threadId="0000000001D00500" bytes="22614656" />
</allocation-stats>
<gc-op id="1378" type="copy forward" timems="2.656" contextid="1375" timestamp="2019-06-16T23:11:32.655">
  <memory-copied type="eden" objects="12479" bytes="438336" bytesdiscarded="49624" />
  <memory-copied type="other" objects="31099" bytes="1158504" bytesdiscarded="95240" />
  <memory-cardclean objects="13885" bytes="683768" />
  <regions eden="70" other="3" />
  <remembered-set-cleared processed="67479" cleared="1839" durationms="0.271" />
  <stringconstants candidates="4597" cleared="0"  />
</gc-op>
<gc-op id="1379" type="classunload" timems="0.003" contextid="1375" timestamp="2019-06-16T23:11:32.655">
  <classunload-info classloadercandidates="8" classloadersunloaded="0" classesunloaded="0" anonymousclassesunloaded="0" quiescems="0.000" setupms="0.002" scanms="0.000" postms="0.000" />
</gc-op>
<gc-end id="1380" type="partial gc" contextid="1375" durationms="3.809" usertimems="8.000" systemtimems="0.000" timestamp="2019-06-16T23:11:32.656" activeThreads="4">
  <mem-info id="1381" free="157286400" total="270532608" percent="58">
    <mem type="eden" free="560616" total="1048576" percent="53" />
    <arraylet-primitive objects="2" leaves="2" largest="1" />
    <remembered-set count="76256" freebytes="10493824" totalbytes="10798848" percent="97" regionsoverflowed="0" regionsstable="3" regionsrebuilding="0"/>
  </mem-info>
</gc-end>
<cycle-end id="1382" type="partial gc" contextid="1375" timestamp="2019-06-16T23:11:32.656" />
  <attribute name="elasticGC enabled" value="1" />
  <attribute name= "numThreadsSpecified" value="4" />
  <attribute name="heapSize specified" value="0" />
  <attribute name="Current GC Util" value="69" />
  <attribute name= "Current Time Running" value="3876" />
  <attribute name ="GC Interval" value="0" />
  <attribute name="ProportionalT" value="49.000000" />
  <attribute name="ProportionalI" value="49.000000" />
  <attribute name="ProportionalH" value="49.000000" />
  <attribute name="Current Error" value="49.000000" />
  <attribute name="IntegralT" value="49.000000" />
  <attribute name="IntegralI" value="49.000000" />
  <attribute name="IntegralH" value="49.000000" />
  <attribute name="DerivativeT" value="24.500000" />
  <attribute name="DerivativeI" value="24.500000" />
  <attribute name="DerivativeH" value="24.500000" />
  <attribute name="Loop Time for DT" value="1.000000" />
  <attribute name="Output H" value="8388608"/>
  <attribute name="Output I" value="200"/>
  <attribute name="Output T" value="4"/>
  <attribute name="Target GC Util Change" value ="20.000000" />
  <attribute name="Current GC Util Change" value="69.000000"/>
  <attribute name="GC Util currently" value="69" />
  <attribute name="CPU Util currently" value="15142822430518" />
<exclusive-end id="1383" timestamp="2019-06-16T23:11:32.656" durationms="4.927" />

<exclusive-start id="1384" timestamp="2019-06-16T23:11:32.700" intervalms="49.138">
  <response-info timems="0.075" idlems="0.075" threads="0" lastid="0000000001CF8D00" lastname="Thread-10" />
</exclusive-start>
<allocation-taxation id="1385" taxation-threshold="73400320" timestamp="2019-06-16T23:11:32.700" intervalms="49.090" />
<cycle-start id="1386" type="partial gc" contextid="0" timestamp="2019-06-16T23:11:32.700" intervalms="49.044" />
<gc-start id="1387" type="partial gc" contextid="1386" timestamp="2019-06-16T23:11:32.701">
  <mem-info id="1388" free="83886080" total="270532608" percent="31">
    <mem type="eden" free="0" total="73400320" percent="0" />
    <arraylet-primitive objects="2" leaves="2" largest="1" />
    <remembered-set count="75872" freebytes="10495360" totalbytes="10798848" percent="97" regionsoverflowed="0" regionsstable="3" regionsrebuilding="0"/>
  </mem-info>
</gc-start>
<allocation-stats totalBytes="73390056" >
  <allocated-bytes non-tlh="0" tlh="73390056" arrayletleaf="0"/>
  <largest-consumer threadName="Thread-10" threadId="0000000001CF8D00" bytes="25023240" />
</allocation-stats>
<gc-op id="1389" type="copy forward" timems="4.959" contextid="1386" timestamp="2019-06-16T23:11:32.706">
  <memory-copied type="eden" objects="21069" bytes="919688" bytesdiscarded="0" />
  <memory-copied type="other" objects="20933" bytes="639768" bytesdiscarded="0" />
  <memory-cardclean objects="13809" bytes="680456" />
  <regions eden="70" other="4" />
  <remembered-set-cleared processed="68056" cleared="2416" durationms="0.663" />
  <stringconstants candidates="4597" cleared="0"  />
</gc-op>
<gc-op id="1390" type="classunload" timems="0.002" contextid="1386" timestamp="2019-06-16T23:11:32.706">
  <classunload-info classloadercandidates="8" classloadersunloaded="0" classesunloaded="0" anonymousclassesunloaded="0" quiescems="0.000" setupms="0.002" scanms="0.000" postms="0.000" />
</gc-op>
<gc-end id="1391" type="partial gc" contextid="1386" durationms="6.007" usertimems="8.000" systemtimems="4.000" timestamp="2019-06-16T23:11:32.707" activeThreads="1">
  <mem-info id="1392" free="156237824" total="270532608" percent="57">
    <mem type="eden" free="128888" total="1048576" percent="12" />
    <arraylet-primitive objects="2" leaves="2" largest="1" />
    <remembered-set count="76480" freebytes="10492928" totalbytes="10798848" percent="97" regionsoverflowed="0" regionsstable="3" regionsrebuilding="0"/>
  </mem-info>
</gc-end>
<cycle-end id="1393" type="partial gc" contextid="1386" timestamp="2019-06-16T23:11:32.707" />
  <attribute name="elasticGC enabled" value="1" />
  <attribute name= "numThreadsSpecified" value="1" />
  <attribute name="heapSize specified" value="0" />
  <attribute name="Current GC Util" value="73" />
  <attribute name= "Current Time Running" value="3924" />
  <attribute name ="GC Interval" value="0" />
  <attribute name="ProportionalT" value="53.000000" />
  <attribute name="ProportionalI" value="53.000000" />
  <attribute name="ProportionalH" value="53.000000" />
  <attribute name="Current Error" value="53.000000" />
  <attribute name="IntegralT" value="0.000000" />
  <attribute name="IntegralI" value="0.000000" />
  <attribute name="IntegralH" value="0.000000" />
  <attribute name="DerivativeT" value="inf" />
  <attribute name="DerivativeI" value="inf" />
  <attribute name="DerivativeH" value="inf" />
  <attribute name="Loop Time for DT" value="0.000000" />
  <attribute name="Output H" value="8388608"/>
  <attribute name="Output I" value="200"/>
  <attribute name="Output T" value="1"/>
  <attribute name="Target GC Util Change" value ="20.000000" />
  <attribute name="Current GC Util Change" value="73.000000"/>
  <attribute name="GC Util currently" value="73" />
  <attribute name="CPU Util currently" value="19549325984347" />
<exclusive-end id="1394" timestamp="2019-06-16T23:11:32.707" durationms="7.002" />

<exclusive-start id="1395" timestamp="2019-06-16T23:11:32.756" intervalms="56.292">
  <response-info timems="0.037" idlems="0.037" threads="0" lastid="0000000001D00500" lastname="Thread-7" />
</exclusive-start>
<allocation-taxation id="1396" taxation-threshold="73400320" timestamp="2019-06-16T23:11:32.757" intervalms="56.351" />
<cycle-start id="1397" type="partial gc" contextid="0" timestamp="2019-06-16T23:11:32.757" intervalms="56.276" />
<gc-start id="1398" type="partial gc" contextid="1397" timestamp="2019-06-16T23:11:32.757">
  <mem-info id="1399" free="82837504" total="270532608" percent="30">
    <mem type="eden" free="0" total="73400320" percent="0" />
    <arraylet-primitive objects="2" leaves="2" largest="1" />
    <remembered-set count="76000" freebytes="10494848" totalbytes="10798848" percent="97" regionsoverflowed="0" regionsstable="3" regionsrebuilding="0"/>
  </mem-info>
</gc-start>
<allocation-stats totalBytes="73390032" >
  <allocated-bytes non-tlh="0" tlh="73390032" arrayletleaf="0"/>
  <largest-consumer threadName="Thread-7" threadId="0000000001D00500" bytes="31579664" />
</allocation-stats>
<gc-op id="1400" type="copy forward" timems="4.386" contextid="1397" timestamp="2019-06-16T23:11:32.762">
  <memory-copied type="eden" objects="11554" bytes="416464" bytesdiscarded="0" />
  <memory-copied type="other" objects="23113" bytes="966840" bytesdiscarded="0" />
  <memory-cardclean objects="5125" bytes="259568" />
  <regions eden="70" other="3" />
  <remembered-set-cleared processed="68974" cleared="1259" durationms="0.702" />
  <stringconstants candidates="4597" cleared="0"  />
</gc-op>
<gc-op id="1401" type="classunload" timems="0.003" contextid="1397" timestamp="2019-06-16T23:11:32.762">
  <classunload-info classloadercandidates="8" classloadersunloaded="0" classesunloaded="0" anonymousclassesunloaded="0" quiescems="0.000" setupms="0.003" scanms="0.000" postms="0.000" />
</gc-op>
<gc-end id="1402" type="partial gc" contextid="1397" durationms="5.345" usertimems="8.000" systemtimems="0.000" timestamp="2019-06-16T23:11:32.762" activeThreads="1">
  <mem-info id="1403" free="155189248" total="270532608" percent="57">
    <mem type="eden" free="632112" total="1048576" percent="60" />
    <arraylet-primitive objects="2" leaves="2" largest="1" />
    <remembered-set count="77152" freebytes="10490240" totalbytes="10798848" percent="97" regionsoverflowed="0" regionsstable="3" regionsrebuilding="0"/>
  </mem-info>
</gc-end>
<cycle-end id="1404" type="partial gc" contextid="1397" timestamp="2019-06-16T23:11:32.762" />
  <attribute name="elasticGC enabled" value="1" />
  <attribute name= "numThreadsSpecified" value="1" />
  <attribute name="heapSize specified" value="0" />
  <attribute name="Current GC Util" value="85" />
  <attribute name= "Current Time Running" value="3980" />
  <attribute name ="GC Interval" value="0" />
  <attribute name="ProportionalT" value="65.000000" />
  <attribute name="ProportionalI" value="65.000000" />
  <attribute name="ProportionalH" value="65.000000" />
  <attribute name="Current Error" value="65.000000" />
  <attribute name="IntegralT" value="0.000000" />
  <attribute name="IntegralI" value="0.000000" />
  <attribute name="IntegralH" value="0.000000" />
  <attribute name="DerivativeT" value="inf" />
  <attribute name="DerivativeI" value="inf" />
  <attribute name="DerivativeH" value="inf" />
  <attribute name="Loop Time for DT" value="0.000000" />
  <attribute name="Output H" value="8388608"/>
  <attribute name="Output I" value="200"/>
  <attribute name="Output T" value="1"/>
  <attribute name="Target GC Util Change" value ="20.000000" />
  <attribute name="Current GC Util Change" value="85.000000"/>
  <attribute name="GC Util currently" value="85" />
  <attribute name="CPU Util currently" value="22732558767832" />
<exclusive-end id="1405" timestamp="2019-06-16T23:11:32.763" durationms="6.274" />

<exclusive-start id="1406" timestamp="2019-06-16T23:11:32.805" intervalms="48.721">
  <response-info timems="0.039" idlems="0.039" threads="0" lastid="0000000001D04100" lastname="Thread-9" />
</exclusive-start>
<allocation-taxation id="1407" taxation-threshold="73400320" timestamp="2019-06-16T23:11:32.805" intervalms="48.672" />
<cycle-start id="1408" type="partial gc" contextid="0" timestamp="2019-06-16T23:11:32.805" intervalms="48.664" />
<gc-start id="1409" type="partial gc" contextid="1408" timestamp="2019-06-16T23:11:32.806">
  <mem-info id="1410" free="81788928" total="270532608" percent="30">
    <mem type="eden" free="0" total="73400320" percent="0" />
    <arraylet-primitive objects="2" leaves="2" largest="1" />
    <remembered-set count="77152" freebytes="10490240" totalbytes="10798848" percent="97" regionsoverflowed="0" regionsstable="3" regionsrebuilding="0"/>
  </mem-info>
</gc-start>
<allocation-stats totalBytes="73389872" >
  <allocated-bytes non-tlh="0" tlh="73389872" arrayletleaf="0"/>
  <largest-consumer threadName="Thread-7" threadId="0000000001D00500" bytes="27164816" />
</allocation-stats>
<gc-op id="1411" type="copy forward" timems="4.082" contextid="1408" timestamp="2019-06-16T23:11:32.810">
  <memory-copied type="eden" objects="13835" bytes="608208" bytesdiscarded="0" />
  <memory-copied type="other" objects="18683" bytes="723144" bytesdiscarded="0" />
  <memory-cardclean objects="5125" bytes="259568" />
  <regions eden="70" other="4" />
  <remembered-set-cleared processed="69226" cleared="1511" durationms="0.707" />
  <stringconstants candidates="4597" cleared="0"  />
</gc-op>
<gc-op id="1412" type="classunload" timems="0.002" contextid="1408" timestamp="2019-06-16T23:11:32.810">
  <classunload-info classloadercandidates="8" classloadersunloaded="0" classesunloaded="0" anonymousclassesunloaded="0" quiescems="0.000" setupms="0.002" scanms="0.000" postms="0.000" />
</gc-op>
<gc-end id="1413" type="partial gc" contextid="1408" durationms="5.012" usertimems="4.000" systemtimems="0.000" timestamp="2019-06-16T23:11:32.811" activeThreads="1">
  <mem-info id="1414" free="154140672" total="270532608" percent="56">
    <mem type="eden" free="440368" total="1048576" percent="41" />
    <arraylet-primitive objects="2" leaves="2" largest="1" />
    <remembered-set count="77536" freebytes="10488704" totalbytes="10798848" percent="97" regionsoverflowed="0" regionsstable="3" regionsrebuilding="0"/>
  </mem-info>
</gc-end>
<cycle-end id="1415" type="partial gc" contextid="1408" timestamp="2019-06-16T23:11:32.811" />
  <attribute name="elasticGC enabled" value="1" />
  <attribute name= "numThreadsSpecified" value="1" />
  <attribute name="heapSize specified" value="0" />
  <attribute name="Current GC Util" value="84" />
  <attribute name= "Current Time Running" value="4029" />
  <attribute name ="GC Interval" value="0" />
  <attribute name="ProportionalT" value="64.000000" />
  <attribute name="ProportionalI" value="64.000000" />
  <attribute name="ProportionalH" value="64.000000" />
  <attribute name="Current Error" value="64.000000" />
  <attribute name="IntegralT" value="0.000000" />
  <attribute name="IntegralI" value="0.000000" />
  <attribute name="IntegralH" value="0.000000" />
  <attribute name="DerivativeT" value="inf" />
  <attribute name="DerivativeI" value="inf" />
  <attribute name="DerivativeH" value="inf" />
  <attribute name="Loop Time for DT" value="0.000000" />
  <attribute name="Output H" value="8388608"/>
  <attribute name="Output I" value="200"/>
  <attribute name="Output T" value="1"/>
  <attribute name="Target GC Util Change" value ="20.000000" />
  <attribute name="Current GC Util Change" value="84.000000"/>
  <attribute name="GC Util currently" value="84" />
  <attribute name="CPU Util currently" value="21388818801429" />
<exclusive-end id="1416" timestamp="2019-06-16T23:11:32.811" durationms="5.975" />

<exclusive-start id="1417" timestamp="2019-06-16T23:11:32.844" intervalms="38.853">
  <response-info timems="0.465" idlems="0.465" threads="0" lastid="0000000001CF8D00" lastname="Thread-10" />
</exclusive-start>
<allocation-taxation id="1418" taxation-threshold="73400320" timestamp="2019-06-16T23:11:32.844" intervalms="38.869" />
<cycle-start id="1419" type="partial gc" contextid="0" timestamp="2019-06-16T23:11:32.844" intervalms="39.009" />
<gc-start id="1420" type="partial gc" contextid="1419" timestamp="2019-06-16T23:11:32.845">
  <mem-info id="1421" free="80740352" total="270532608" percent="29">
    <mem type="eden" free="0" total="73400320" percent="0" />
    <arraylet-primitive objects="2" leaves="2" largest="1" />
    <remembered-set count="77504" freebytes="10488832" totalbytes="10798848" percent="97" regionsoverflowed="0" regionsstable="3" regionsrebuilding="0"/>
  </mem-info>
</gc-start>
<allocation-stats totalBytes="73389680" >
  <allocated-bytes non-tlh="0" tlh="73389680" arrayletleaf="0"/>
  <largest-consumer threadName="Thread-9" threadId="0000000001D04100" bytes="22844136" />
</allocation-stats>
<gc-op id="1422" type="copy forward" timems="2.204" contextid="1419" timestamp="2019-06-16T23:11:32.848">
  <memory-copied type="eden" objects="11195" bytes="407488" bytesdiscarded="21816" />
  <memory-copied type="other" objects="19273" bytes="874680" bytesdiscarded="41464" />
  <memory-cardclean objects="39" bytes="3272" />
  <regions eden="70" other="3" />
  <remembered-set-cleared processed="69735" cleared="671" durationms="0.251" />
  <stringconstants candidates="4597" cleared="0"  />
</gc-op>
<gc-op id="1423" type="classunload" timems="0.002" contextid="1419" timestamp="2019-06-16T23:11:32.848">
  <classunload-info classloadercandidates="8" classloadersunloaded="0" classesunloaded="0" anonymousclassesunloaded="0" quiescems="0.000" setupms="0.002" scanms="0.000" postms="0.000" />
</gc-op>
<gc-end id="1424" type="partial gc" contextid="1419" durationms="3.305" usertimems="4.000" systemtimems="0.000" timestamp="2019-06-16T23:11:32.848" activeThreads="4">
  <mem-info id="1425" free="153092096" total="270532608" percent="56">
    <mem type="eden" free="619272" total="1048576" percent="59" />
    <arraylet-primitive objects="2" leaves="2" largest="1" />
    <remembered-set count="77216" freebytes="10489984" totalbytes="10798848" percent="97" regionsoverflowed="0" regionsstable="3" regionsrebuilding="0"/>
  </mem-info>
</gc-end>
<cycle-end id="1426" type="partial gc" contextid="1419" timestamp="2019-06-16T23:11:32.848" />
  <attribute name="elasticGC enabled" value="1" />
  <attribute name= "numThreadsSpecified" value="4" />
  <attribute name="heapSize specified" value="0" />
  <attribute name="Current GC Util" value="69" />
  <attribute name= "Current Time Running" value="4069" />
  <attribute name ="GC Interval" value="0" />
  <attribute name="ProportionalT" value="49.000000" />
  <attribute name="ProportionalI" value="49.000000" />
  <attribute name="ProportionalH" value="49.000000" />
  <attribute name="Current Error" value="49.000000" />
  <attribute name="IntegralT" value="49.000000" />
  <attribute name="IntegralI" value="49.000000" />
  <attribute name="IntegralH" value="49.000000" />
  <attribute name="DerivativeT" value="24.500000" />
  <attribute name="DerivativeI" value="24.500000" />
  <attribute name="DerivativeH" value="24.500000" />
  <attribute name="Loop Time for DT" value="1.000000" />
  <attribute name="Output H" value="8388608"/>
  <attribute name="Output I" value="200"/>
  <attribute name="Output T" value="4"/>
  <attribute name="Target GC Util Change" value ="20.000000" />
  <attribute name="Current GC Util Change" value="69.000000"/>
  <attribute name="GC Util currently" value="69" />
  <attribute name="CPU Util currently" value="17403573784488" />
<exclusive-end id="1427" timestamp="2019-06-16T23:11:32.848" durationms="4.465" />

<exclusive-start id="1428" timestamp="2019-06-16T23:11:32.884" intervalms="40.502">
  <response-info timems="0.033" idlems="0.033" threads="0" lastid="0000000001CF8D00" lastname="Thread-10" />
</exclusive-start>
<allocation-taxation id="1429" taxation-threshold="73400320" timestamp="2019-06-16T23:11:32.885" intervalms="40.658" />
<cycle-start id="1430" type="partial gc" contextid="0" timestamp="2019-06-16T23:11:32.885" intervalms="40.656" />
<gc-start id="1431" type="partial gc" contextid="1430" timestamp="2019-06-16T23:11:32.885">
  <mem-info id="1432" free="79691776" total="270532608" percent="29">
    <mem type="eden" free="0" total="73400320" percent="0" />
    <arraylet-primitive objects="2" leaves="2" largest="1" />
    <remembered-set count="76736" freebytes="10491904" totalbytes="10798848" percent="97" regionsoverflowed="0" regionsstable="3" regionsrebuilding="0"/>
  </mem-info>
</gc-start>
<allocation-stats totalBytes="73389256" >
  <allocated-bytes non-tlh="0" tlh="73389256" arrayletleaf="0"/>
  <largest-consumer threadName="Thread-9" threadId="0000000001D04100" bytes="22479552" />
</allocation-stats>
<gc-op id="1433" type="copy forward" timems="3.879" contextid="1430" timestamp="2019-06-16T23:11:32.890">
  <memory-copied type="eden" objects="14238" bytes="617000" bytesdiscarded="0" />
  <memory-copied type="other" objects="15241" bytes="640536" bytesdiscarded="0" />
  <memory-cardclean objects="39" bytes="3272" />
  <regions eden="70" other="4" />
  <remembered-set-cleared processed="69992" cleared="928" durationms="0.741" />
  <stringconstants candidates="4597" cleared="0"  />
</gc-op>
<gc-op id="1434" type="classunload" timems="0.003" contextid="1430" timestamp="2019-06-16T23:11:32.890">
  <classunload-info classloadercandidates="8" classloadersunloaded="0" classesunloaded="0" anonymousclassesunloaded="0" quiescems="0.000" setupms="0.003" scanms="0.000" postms="0.000" />
</gc-op>
<gc-end id="1435" type="partial gc" contextid="1430" durationms="5.201" usertimems="4.000" systemtimems="0.000" timestamp="2019-06-16T23:11:32.891" activeThreads="1">
  <mem-info id="1436" free="152043520" total="270532608" percent="56">
    <mem type="eden" free="431576" total="1048576" percent="41" />
    <arraylet-primitive objects="2" leaves="2" largest="1" />
    <remembered-set count="76608" freebytes="10492416" totalbytes="10798848" percent="97" regionsoverflowed="0" regionsstable="3" regionsrebuilding="0"/>
  </mem-info>
</gc-end>
<cycle-end id="1437" type="partial gc" contextid="1430" timestamp="2019-06-16T23:11:32.891" />
  <attribute name="elasticGC enabled" value="1" />
  <attribute name= "numThreadsSpecified" value="1" />
  <attribute name="heapSize specified" value="0" />
  <attribute name="Current GC Util" value="61" />
  <attribute name= "Current Time Running" value="4109" />
  <attribute name ="GC Interval" value="0" />
  <attribute name="ProportionalT" value="41.000000" />
  <attribute name="ProportionalI" value="41.000000" />
  <attribute name="ProportionalH" value="41.000000" />
  <attribute name="Current Error" value="41.000000" />
  <attribute name="IntegralT" value="0.000000" />
  <attribute name="IntegralI" value="0.000000" />
  <attribute name="IntegralH" value="0.000000" />
  <attribute name="DerivativeT" value="inf" />
  <attribute name="DerivativeI" value="inf" />
  <attribute name="DerivativeH" value="inf" />
  <attribute name="Loop Time for DT" value="0.000000" />
  <attribute name="Output H" value="8388608"/>
  <attribute name="Output I" value="200"/>
  <attribute name="Output T" value="1"/>
  <attribute name="Target GC Util Change" value ="20.000000" />
  <attribute name="Current GC Util Change" value="61.000000"/>
  <attribute name="GC Util currently" value="61" />
  <attribute name="CPU Util currently" value="13992105388182" />
<exclusive-end id="1438" timestamp="2019-06-16T23:11:32.891" durationms="6.614" />

<exclusive-start id="1439" timestamp="2019-06-16T23:11:32.930" intervalms="45.280">
  <response-info timems="0.040" idlems="0.040" threads="0" lastid="0000000001D00500" lastname="Thread-7" />
</exclusive-start>
<allocation-taxation id="1440" taxation-threshold="73400320" timestamp="2019-06-16T23:11:32.930" intervalms="45.150" />
<cycle-start id="1441" type="partial gc" contextid="0" timestamp="2019-06-16T23:11:32.930" intervalms="45.038" />
<gc-start id="1442" type="partial gc" contextid="1441" timestamp="2019-06-16T23:11:32.930">
  <mem-info id="1443" free="78643200" total="270532608" percent="29">
    <mem type="eden" free="0" total="73400320" percent="0" />
    <arraylet-primitive objects="2" leaves="2" largest="1" />
    <remembered-set count="76480" freebytes="10492928" totalbytes="10798848" percent="97" regionsoverflowed="0" regionsstable="3" regionsrebuilding="0"/>
  </mem-info>
</gc-start>
<allocation-stats totalBytes="73389672" >
  <allocated-bytes non-tlh="0" tlh="73389672" arrayletleaf="0"/>
  <largest-consumer threadName="Thread-9" threadId="0000000001D04100" bytes="24719792" />
</allocation-stats>
<gc-op id="1444" type="copy forward" timems="3.730" contextid="1441" timestamp="2019-06-16T23:11:32.935">
  <memory-copied type="eden" objects="20603" bytes="907472" bytesdiscarded="0" />
  <memory-copied type="other" objects="4484" bytes="107616" bytesdiscarded="0" />
  <memory-cardclean objects="7667" bytes="411176" />
  <regions eden="70" other="3" />
  <remembered-set-cleared processed="70114" cleared="837" durationms="0.715" />
  <stringconstants candidates="4597" cleared="0"  />
</gc-op>
<gc-op id="1445" type="classunload" timems="0.003" contextid="1441" timestamp="2019-06-16T23:11:32.935">
  <classunload-info classloadercandidates="8" classloadersunloaded="0" classesunloaded="0" anonymousclassesunloaded="0" quiescems="0.000" setupms="0.002" scanms="0.000" postms="0.000" />
</gc-op>
<heap-resize id="1446" type="expand" space="default" amount="28311552" count="1" timems="0.210" reason="excessive time being spent in gc" timestamp="2019-06-16T23:11:32.935" />
<gc-end id="1447" type="partial gc" contextid="1441" durationms="5.186" usertimems="8.000" systemtimems="0.000" timestamp="2019-06-16T23:11:32.936" activeThreads="1">
  <mem-info id="1448" free="179306496" total="298844160" percent="60">
    <mem type="eden" free="141104" total="1048576" percent="13" />
    <arraylet-primitive objects="2" leaves="2" largest="1" />
    <remembered-set count="77920" freebytes="11617280" totalbytes="11928960" percent="97" regionsoverflowed="0" regionsstable="3" regionsrebuilding="0"/>
  </mem-info>
</gc-end>
<cycle-end id="1449" type="partial gc" contextid="1441" timestamp="2019-06-16T23:11:32.936" />
  <attribute name="elasticGC enabled" value="1" />
  <attribute name= "numThreadsSpecified" value="1" />
  <attribute name="heapSize specified" value="0" />
  <attribute name="Current GC Util" value="91" />
  <attribute name= "Current Time Running" value="4154" />
  <attribute name ="GC Interval" value="0" />
  <attribute name="ProportionalT" value="71.000000" />
  <attribute name="ProportionalI" value="71.000000" />
  <attribute name="ProportionalH" value="71.000000" />
  <attribute name="Current Error" value="71.000000" />
  <attribute name="IntegralT" value="0.000000" />
  <attribute name="IntegralI" value="0.000000" />
  <attribute name="IntegralH" value="0.000000" />
  <attribute name="DerivativeT" value="inf" />
  <attribute name="DerivativeI" value="inf" />
  <attribute name="DerivativeH" value="inf" />
  <attribute name="Loop Time for DT" value="0.000000" />
  <attribute name="Output H" value="8388608"/>
  <attribute name="Output I" value="200"/>
  <attribute name="Output T" value="1"/>
  <attribute name="Target GC Util Change" value ="20.000000" />
  <attribute name="Current GC Util Change" value="91.000000"/>
  <attribute name="GC Util currently" value="91" />
  <attribute name="CPU Util currently" value="19317337774716" />
<exclusive-end id="1450" timestamp="2019-06-16T23:11:32.936" durationms="6.132" />

<exclusive-start id="1451" timestamp="2019-06-16T23:11:32.990" intervalms="60.143">
  <response-info timems="0.040" idlems="0.040" threads="0" lastid="0000000001D00500" lastname="Thread-7" />
</exclusive-start>
<allocation-taxation id="1452" taxation-threshold="80740352" timestamp="2019-06-16T23:11:32.990" intervalms="60.119" />
<cycle-start id="1453" type="partial gc" contextid="0" timestamp="2019-06-16T23:11:32.990" intervalms="60.118" />
<gc-start id="1454" type="partial gc" contextid="1453" timestamp="2019-06-16T23:11:32.990">
  <mem-info id="1455" free="98566144" total="298844160" percent="32">
    <mem type="eden" free="0" total="80740352" percent="0" />
    <arraylet-primitive objects="2" leaves="2" largest="1" />
    <remembered-set count="77504" freebytes="11618944" totalbytes="11928960" percent="97" regionsoverflowed="0" regionsstable="3" regionsrebuilding="0"/>
  </mem-info>
</gc-start>
<allocation-stats totalBytes="80728784" >
  <allocated-bytes non-tlh="0" tlh="80728784" arrayletleaf="0"/>
  <largest-consumer threadName="Thread-7" threadId="0000000001D00500" bytes="26399104" />
</allocation-stats>
<gc-op id="1456" type="copy forward" timems="4.528" contextid="1453" timestamp="2019-06-16T23:11:32.996">
  <memory-copied type="eden" objects="21227" bytes="922904" bytesdiscarded="0" />
  <memory-copied type="other" objects="11171" bytes="405480" bytesdiscarded="0" />
  <memory-cardclean objects="6821" bytes="336464" />
  <regions eden="77" other="3" />
  <remembered-set-cleared processed="70468" cleared="978" durationms="0.716" />
  <stringconstants candidates="4597" cleared="0"  />
</gc-op>
<gc-op id="1457" type="classunload" timems="0.003" contextid="1453" timestamp="2019-06-16T23:11:32.996">
  <classunload-info classloadercandidates="8" classloadersunloaded="0" classesunloaded="0" anonymousclassesunloaded="0" quiescems="0.000" setupms="0.002" scanms="0.000" postms="0.000" />
</gc-op>
<gc-end id="1458" type="partial gc" contextid="1453" durationms="5.607" usertimems="8.000" systemtimems="0.000" timestamp="2019-06-16T23:11:32.996" activeThreads="1">
  <mem-info id="1459" free="178257920" total="298844160" percent="59">
    <mem type="eden" free="125672" total="1048576" percent="11" />
    <arraylet-primitive objects="2" leaves="2" largest="1" />
    <remembered-set count="78432" freebytes="11615232" totalbytes="11928960" percent="97" regionsoverflowed="0" regionsstable="3" regionsrebuilding="0"/>
  </mem-info>
</gc-end>
<cycle-end id="1460" type="partial gc" contextid="1453" timestamp="2019-06-16T23:11:32.996" />
  <attribute name="elasticGC enabled" value="1" />
  <attribute name= "numThreadsSpecified" value="1" />
  <attribute name="heapSize specified" value="0" />
  <attribute name="Current GC Util" value="81" />
  <attribute name= "Current Time Running" value="4214" />
  <attribute name ="GC Interval" value="0" />
  <attribute name="ProportionalT" value="61.000000" />
  <attribute name="ProportionalI" value="61.000000" />
  <attribute name="ProportionalH" value="61.000000" />
  <attribute name="Current Error" value="61.000000" />
  <attribute name="IntegralT" value="0.000000" />
  <attribute name="IntegralI" value="0.000000" />
  <attribute name="IntegralH" value="0.000000" />
  <attribute name="DerivativeT" value="inf" />
  <attribute name="DerivativeI" value="inf" />
  <attribute name="DerivativeH" value="inf" />
  <attribute name="Loop Time for DT" value="0.000000" />
  <attribute name="Output H" value="8388608"/>
  <attribute name="Output I" value="200"/>
  <attribute name="Output T" value="1"/>
  <attribute name="Target GC Util Change" value ="20.000000" />
  <attribute name="Current GC Util Change" value="81.000000"/>
  <attribute name="GC Util currently" value="81" />
  <attribute name="CPU Util currently" value="18961433136415" />
<exclusive-end id="1461" timestamp="2019-06-16T23:11:32.996" durationms="6.564" />

<exclusive-start id="1462" timestamp="2019-06-16T23:11:33.044" intervalms="54.132">
  <response-info timems="0.030" idlems="0.030" threads="0" lastid="0000000001CF8D00" lastname="Thread-10" />
</exclusive-start>
<allocation-taxation id="1463" taxation-threshold="80740352" timestamp="2019-06-16T23:11:33.044" intervalms="54.158" />
<cycle-start id="1464" type="partial gc" contextid="0" timestamp="2019-06-16T23:11:33.044" intervalms="54.230" />
<gc-start id="1465" type="partial gc" contextid="1464" timestamp="2019-06-16T23:11:33.045">
  <mem-info id="1466" free="97517568" total="298844160" percent="32">
    <mem type="eden" free="0" total="80740352" percent="0" />
    <arraylet-primitive objects="2" leaves="2" largest="1" />
    <remembered-set count="78432" freebytes="11615232" totalbytes="11928960" percent="97" regionsoverflowed="0" regionsstable="3" regionsrebuilding="0"/>
  </mem-info>
</gc-start>
<allocation-stats totalBytes="80729080" >
  <allocated-bytes non-tlh="0" tlh="80729080" arrayletleaf="0"/>
  <largest-consumer threadName="Thread-8" threadId="0000000001CFC900" bytes="26341824" />
</allocation-stats>
<gc-op id="1467" type="copy forward" timems="2.573" contextid="1464" timestamp="2019-06-16T23:11:33.048">
  <memory-copied type="eden" objects="7697" bytes="185936" bytesdiscarded="45456" />
  <memory-copied type="other" objects="32133" bytes="1320696" bytesdiscarded="71584" />
  <memory-cardclean objects="6654" bytes="328904" />
  <regions eden="77" other="4" />
  <remembered-set-cleared processed="70724" cleared="1234" durationms="0.269" />
  <stringconstants candidates="4597" cleared="0"  />
</gc-op>
<gc-op id="1468" type="classunload" timems="0.002" contextid="1464" timestamp="2019-06-16T23:11:33.048">
  <classunload-info classloadercandidates="8" classloadersunloaded="0" classesunloaded="0" anonymousclassesunloaded="0" quiescems="0.000" setupms="0.002" scanms="0.000" postms="0.000" />
</gc-op>
<gc-end id="1469" type="partial gc" contextid="1464" durationms="3.736" usertimems="12.000" systemtimems="0.000" timestamp="2019-06-16T23:11:33.048" activeThreads="4">
  <mem-info id="1470" free="177209344" total="298844160" percent="59">
    <mem type="eden" free="817184" total="1048576" percent="77" />
    <arraylet-primitive objects="2" leaves="2" largest="1" />
    <remembered-set count="79200" freebytes="11612160" totalbytes="11928960" percent="97" regionsoverflowed="0" regionsstable="3" regionsrebuilding="0"/>
  </mem-info>
</gc-end>
<cycle-end id="1471" type="partial gc" contextid="1464" timestamp="2019-06-16T23:11:33.049" />
  <attribute name="elasticGC enabled" value="1" />
  <attribute name= "numThreadsSpecified" value="4" />
  <attribute name="heapSize specified" value="0" />
  <attribute name="Current GC Util" value="75" />
  <attribute name= "Current Time Running" value="4269" />
  <attribute name ="GC Interval" value="0" />
  <attribute name="ProportionalT" value="55.000000" />
  <attribute name="ProportionalI" value="55.000000" />
  <attribute name="ProportionalH" value="55.000000" />
  <attribute name="Current Error" value="55.000000" />
  <attribute name="IntegralT" value="55.000000" />
  <attribute name="IntegralI" value="55.000000" />
  <attribute name="IntegralH" value="55.000000" />
  <attribute name="DerivativeT" value="27.500000" />
  <attribute name="DerivativeI" value="27.500000" />
  <attribute name="DerivativeH" value="27.500000" />
  <attribute name="Loop Time for DT" value="1.000000" />
  <attribute name="Output H" value="8388608"/>
  <attribute name="Output I" value="200"/>
  <attribute name="Output T" value="4"/>
  <attribute name="Target GC Util Change" value ="20.000000" />
  <attribute name="Current GC Util Change" value="75.000000"/>
  <attribute name="GC Util currently" value="75" />
  <attribute name="CPU Util currently" value="16598232084044" />
<exclusive-end id="1472" timestamp="2019-06-16T23:11:33.049" durationms="4.784" />

<exclusive-start id="1473" timestamp="2019-06-16T23:11:33.085" intervalms="41.445">
  <response-info timems="0.031" idlems="0.031" threads="0" lastid="0000000001D00500" lastname="Thread-7" />
</exclusive-start>
<allocation-taxation id="1474" taxation-threshold="80740352" timestamp="2019-06-16T23:11:33.086" intervalms="41.390" />
<cycle-start id="1475" type="partial gc" contextid="0" timestamp="2019-06-16T23:11:33.086" intervalms="41.343" />
<gc-start id="1476" type="partial gc" contextid="1475" timestamp="2019-06-16T23:11:33.086">
  <mem-info id="1477" free="96468992" total="298844160" percent="32">
    <mem type="eden" free="0" total="80740352" percent="0" />
    <arraylet-primitive objects="2" leaves="2" largest="1" />
    <remembered-set count="78752" freebytes="11613952" totalbytes="11928960" percent="97" regionsoverflowed="0" regionsstable="3" regionsrebuilding="0"/>
  </mem-info>
</gc-start>
<allocation-stats totalBytes="80729960" >
  <allocated-bytes non-tlh="0" tlh="80729960" arrayletleaf="0"/>
  <largest-consumer threadName="Thread-8" threadId="0000000001CFC900" bytes="21198272" />
</allocation-stats>
<gc-op id="1478" type="copy forward" timems="2.542" contextid="1475" timestamp="2019-06-16T23:11:33.089">
  <memory-copied type="eden" objects="25907" bytes="1172568" bytesdiscarded="20400" />
  <memory-copied type="other" objects="5855" bytes="140520" bytesdiscarded="5256" />
  <memory-cardclean objects="4768" bytes="238376" />
  <regions eden="77" other="4" />
  <remembered-set-cleared processed="71525" cleared="1566" durationms="0.265" />
  <stringconstants candidates="4597" cleared="0"  />
</gc-op>
<gc-op id="1479" type="classunload" timems="0.003" contextid="1475" timestamp="2019-06-16T23:11:33.089">
  <classunload-info classloadercandidates="8" classloadersunloaded="0" classesunloaded="0" anonymousclassesunloaded="0" quiescems="0.000" setupms="0.003" scanms="0.000" postms="0.000" />
</gc-op>
<gc-end id="1480" type="partial gc" contextid="1475" durationms="3.572" usertimems="8.000" systemtimems="0.000" timestamp="2019-06-16T23:11:33.090" activeThreads="4">
  <mem-info id="1481" free="175112192" total="298844160" percent="58">
    <mem type="eden" free="1952760" total="3145728" percent="62" />
    <arraylet-primitive objects="2" leaves="2" largest="1" />
    <remembered-set count="77696" freebytes="11618176" totalbytes="11928960" percent="97" regionsoverflowed="0" regionsstable="3" regionsrebuilding="0"/>
  </mem-info>
</gc-end>
<cycle-end id="1482" type="partial gc" contextid="1475" timestamp="2019-06-16T23:11:33.090" />
  <attribute name="elasticGC enabled" value="1" />
  <attribute name= "numThreadsSpecified" value="4" />
  <attribute name="heapSize specified" value="0" />
  <attribute name="Current GC Util" value="0" />
  <attribute name= "Current Time Running" value="4310" />
  <attribute name ="GC Interval" value="0" />
  <attribute name="ProportionalT" value="-20.000000" />
  <attribute name="ProportionalI" value="-20.000000" />
  <attribute name="ProportionalH" value="-20.000000" />
  <attribute name="Current Error" value="-20.000000" />
  <attribute name="IntegralT" value="-20.000000" />
  <attribute name="IntegralI" value="-20.000000" />
  <attribute name="IntegralH" value="-20.000000" />
  <attribute name="DerivativeT" value="-10.000000" />
  <attribute name="DerivativeI" value="-10.000000" />
  <attribute name="DerivativeH" value="-10.000000" />
  <attribute name="Loop Time for DT" value="1.000000" />
  <attribute name="Output H" value="2091843584"/>
  <attribute name="Output I" value="200"/>
  <attribute name="Output T" value="4"/>
  <attribute name="Target GC Util Change" value ="20.000000" />
  <attribute name="Current GC Util Change" value="0.000000"/>
  <attribute name="GC Util currently" value="0" />
  <attribute name="CPU Util currently" value="22019127189111" />
<exclusive-end id="1483" timestamp="2019-06-16T23:11:33.090" durationms="4.401" />

<exclusive-start id="1484" timestamp="2019-06-16T23:11:33.129" intervalms="43.259">
  <response-info timems="0.037" idlems="0.037" threads="0" lastid="0000000001CFC900" lastname="Thread-8" />
</exclusive-start>
<allocation-taxation id="1485" taxation-threshold="80740352" timestamp="2019-06-16T23:11:33.129" intervalms="43.323" />
<cycle-start id="1486" type="partial gc" contextid="0" timestamp="2019-06-16T23:11:33.129" intervalms="43.401" />
<gc-start id="1487" type="partial gc" contextid="1486" timestamp="2019-06-16T23:11:33.130">
  <mem-info id="1488" free="94371840" total="298844160" percent="31">
    <mem type="eden" free="0" total="80740352" percent="0" />
    <arraylet-primitive objects="2" leaves="2" largest="1" />
    <remembered-set count="77312" freebytes="11619712" totalbytes="11928960" percent="97" regionsoverflowed="0" regionsstable="3" regionsrebuilding="0"/>
  </mem-info>
</gc-start>
<allocation-stats totalBytes="80729592" >
  <allocated-bytes non-tlh="0" tlh="80729592" arrayletleaf="0"/>
  <largest-consumer threadName="Thread-9" threadId="0000000001D04100" bytes="21968144" />
</allocation-stats>
<gc-op id="1489" type="copy forward" timems="4.187" contextid="1486" timestamp="2019-06-16T23:11:33.135">
  <memory-copied type="eden" objects="19614" bytes="746808" bytesdiscarded="0" />
  <memory-copied type="other" objects="15039" bytes="635688" bytesdiscarded="0" />
  <memory-cardclean objects="3274" bytes="166664" />
  <regions eden="77" other="5" />
  <remembered-set-cleared processed="71176" cleared="830" durationms="0.726" />
  <stringconstants candidates="4597" cleared="0"  />
</gc-op>
<gc-op id="1490" type="classunload" timems="0.003" contextid="1486" timestamp="2019-06-16T23:11:33.135">
  <classunload-info classloadercandidates="8" classloadersunloaded="0" classesunloaded="0" anonymousclassesunloaded="0" quiescems="0.000" setupms="0.002" scanms="0.000" postms="0.000" />
</gc-op>
<gc-end id="1491" type="partial gc" contextid="1486" durationms="5.491" usertimems="4.000" systemtimems="0.000" timestamp="2019-06-16T23:11:33.135" activeThreads="1">
  <mem-info id="1492" free="176160768" total="298844160" percent="58">
    <mem type="eden" free="301768" total="1048576" percent="28" />
    <arraylet-primitive objects="2" leaves="2" largest="1" />
    <remembered-set count="78432" freebytes="11615232" totalbytes="11928960" percent="97" regionsoverflowed="0" regionsstable="3" regionsrebuilding="0"/>
  </mem-info>
</gc-end>
<cycle-end id="1493" type="partial gc" contextid="1486" timestamp="2019-06-16T23:11:33.135" />
  <attribute name="elasticGC enabled" value="1" />
  <attribute name= "numThreadsSpecified" value="1" />
  <attribute name="heapSize specified" value="0" />
  <attribute name="Current GC Util" value="66" />
  <attribute name= "Current Time Running" value="4353" />
  <attribute name ="GC Interval" value="0" />
  <attribute name="ProportionalT" value="46.000000" />
  <attribute name="ProportionalI" value="46.000000" />
  <attribute name="ProportionalH" value="46.000000" />
  <attribute name="Current Error" value="46.000000" />
  <attribute name="IntegralT" value="0.000000" />
  <attribute name="IntegralI" value="0.000000" />
  <attribute name="IntegralH" value="0.000000" />
  <attribute name="DerivativeT" value="inf" />
  <attribute name="DerivativeI" value="inf" />
  <attribute name="DerivativeH" value="inf" />
  <attribute name="Loop Time for DT" value="0.000000" />
  <attribute name="Output H" value="8388608"/>
  <attribute name="Output I" value="200"/>
  <attribute name="Output T" value="1"/>
  <attribute name="Target GC Util Change" value ="20.000000" />
  <attribute name="Current GC Util Change" value="66.000000"/>
  <attribute name="GC Util currently" value="66" />
  <attribute name="CPU Util currently" value="16818817052995" />
<exclusive-end id="1494" timestamp="2019-06-16T23:11:33.135" durationms="6.746" />

<exclusive-start id="1495" timestamp="2019-06-16T23:11:33.176" intervalms="47.251">
  <response-info timems="0.030" idlems="0.030" threads="0" lastid="0000000001D00500" lastname="Thread-7" />
</exclusive-start>
<allocation-taxation id="1496" taxation-threshold="80740352" timestamp="2019-06-16T23:11:33.176" intervalms="47.248" />
<cycle-start id="1497" type="partial gc" contextid="0" timestamp="2019-06-16T23:11:33.176" intervalms="47.192" />
<gc-start id="1498" type="partial gc" contextid="1497" timestamp="2019-06-16T23:11:33.177">
  <mem-info id="1499" free="95420416" total="298844160" percent="31">
    <mem type="eden" free="0" total="80740352" percent="0" />
    <arraylet-primitive objects="2" leaves="2" largest="1" />
    <remembered-set count="78176" freebytes="11616256" totalbytes="11928960" percent="97" regionsoverflowed="0" regionsstable="3" regionsrebuilding="0"/>
  </mem-info>
</gc-start>
<allocation-stats totalBytes="80729616" >
  <allocated-bytes non-tlh="0" tlh="80729616" arrayletleaf="0"/>
  <largest-consumer threadName="Thread-8" threadId="0000000001CFC900" bytes="22234384" />
</allocation-stats>
<gc-op id="1500" type="copy forward" timems="4.424" contextid="1497" timestamp="2019-06-16T23:11:33.182">
  <memory-copied type="eden" objects="19483" bytes="744408" bytesdiscarded="0" />
  <memory-copied type="other" objects="17599" bytes="697128" bytesdiscarded="0" />
  <memory-cardclean objects="3274" bytes="166664" />
  <regions eden="77" other="4" />
  <remembered-set-cleared processed="71420" cleared="1074" durationms="0.733" />
  <stringconstants candidates="4597" cleared="0"  />
</gc-op>
<gc-op id="1501" type="classunload" timems="0.002" contextid="1497" timestamp="2019-06-16T23:11:33.182">
  <classunload-info classloadercandidates="8" classloadersunloaded="0" classesunloaded="0" anonymousclassesunloaded="0" quiescems="0.000" setupms="0.002" scanms="0.000" postms="0.000" />
</gc-op>
<gc-end id="1502" type="partial gc" contextid="1497" durationms="5.630" usertimems="4.000" systemtimems="0.000" timestamp="2019-06-16T23:11:33.182" activeThreads="1">
  <mem-info id="1503" free="176160768" total="298844160" percent="58">
    <mem type="eden" free="304168" total="1048576" percent="29" />
    <arraylet-primitive objects="2" leaves="2" largest="1" />
    <remembered-set count="78432" freebytes="11615232" totalbytes="11928960" percent="97" regionsoverflowed="0" regionsstable="3" regionsrebuilding="0"/>
  </mem-info>
</gc-end>
<cycle-end id="1504" type="partial gc" contextid="1497" timestamp="2019-06-16T23:11:33.182" />
  <attribute name="elasticGC enabled" value="1" />
  <attribute name= "numThreadsSpecified" value="1" />
  <attribute name="heapSize specified" value="0" />
  <attribute name="Current GC Util" value="75" />
  <attribute name= "Current Time Running" value="4400" />
  <attribute name ="GC Interval" value="0" />
  <attribute name="ProportionalT" value="55.000000" />
  <attribute name="ProportionalI" value="55.000000" />
  <attribute name="ProportionalH" value="55.000000" />
  <attribute name="Current Error" value="55.000000" />
  <attribute name="IntegralT" value="0.000000" />
  <attribute name="IntegralI" value="0.000000" />
  <attribute name="IntegralH" value="0.000000" />
  <attribute name="DerivativeT" value="inf" />
  <attribute name="DerivativeI" value="inf" />
  <attribute name="DerivativeH" value="inf" />
  <attribute name="Loop Time for DT" value="0.000000" />
  <attribute name="Output H" value="8388608"/>
  <attribute name="Output I" value="200"/>
  <attribute name="Output T" value="1"/>
  <attribute name="Target GC Util Change" value ="20.000000" />
  <attribute name="Current GC Util Change" value="75.000000"/>
  <attribute name="GC Util currently" value="75" />
  <attribute name="CPU Util currently" value="16775318371392" />
<exclusive-end id="1505" timestamp="2019-06-16T23:11:33.183" durationms="6.765" />

<exclusive-start id="1506" timestamp="2019-06-16T23:11:33.222" intervalms="46.186">
  <response-info timems="0.030" idlems="0.030" threads="0" lastid="0000000001D04100" lastname="Thread-9" />
</exclusive-start>
<allocation-taxation id="1507" taxation-threshold="80740352" timestamp="2019-06-16T23:11:33.222" intervalms="46.143" />
<cycle-start id="1508" type="partial gc" contextid="0" timestamp="2019-06-16T23:11:33.223" intervalms="46.155" />
<gc-start id="1509" type="partial gc" contextid="1508" timestamp="2019-06-16T23:11:33.223">
  <mem-info id="1510" free="95420416" total="298844160" percent="31">
    <mem type="eden" free="0" total="80740352" percent="0" />
    <arraylet-primitive objects="2" leaves="2" largest="1" />
    <remembered-set count="78016" freebytes="11616896" totalbytes="11928960" percent="97" regionsoverflowed="0" regionsstable="3" regionsrebuilding="0"/>
  </mem-info>
</gc-start>
<allocation-stats totalBytes="80729280" >
  <allocated-bytes non-tlh="0" tlh="80729280" arrayletleaf="0"/>
  <largest-consumer threadName="Thread-7" threadId="0000000001D00500" bytes="21943448" />
</allocation-stats>
<gc-op id="1511" type="copy forward" timems="2.260" contextid="1508" timestamp="2019-06-16T23:11:33.226">
  <memory-copied type="eden" objects="16794" bytes="816392" bytesdiscarded="76928" />
  <memory-copied type="other" objects="10071" bytes="379080" bytesdiscarded="34920" />
  <memory-cardclean objects="3274" bytes="166664" />
  <regions eden="77" other="4" />
  <remembered-set-cleared processed="71512" cleared="1166" durationms="0.273" />
  <stringconstants candidates="4597" cleared="0"  />
</gc-op>
<gc-op id="1512" type="classunload" timems="0.003" contextid="1508" timestamp="2019-06-16T23:11:33.226">
  <classunload-info classloadercandidates="8" classloadersunloaded="0" classesunloaded="0" anonymousclassesunloaded="0" quiescems="0.000" setupms="0.003" scanms="0.000" postms="0.000" />
</gc-op>
<gc-end id="1513" type="partial gc" contextid="1508" durationms="3.436" usertimems="8.000" systemtimems="0.000" timestamp="2019-06-16T23:11:33.226" activeThreads="4">
  <mem-info id="1514" free="176160768" total="298844160" percent="58">
    <mem type="eden" free="155256" total="1048576" percent="14" />
    <arraylet-primitive objects="2" leaves="2" largest="1" />
    <remembered-set count="78176" freebytes="11616256" totalbytes="11928960" percent="97" regionsoverflowed="0" regionsstable="3" regionsrebuilding="0"/>
  </mem-info>
</gc-end>
<cycle-end id="1515" type="partial gc" contextid="1508" timestamp="2019-06-16T23:11:33.226" />
  <attribute name="elasticGC enabled" value="1" />
  <attribute name= "numThreadsSpecified" value="4" />
  <attribute name="heapSize specified" value="0" />
  <attribute name="Current GC Util" value="79" />
  <attribute name= "Current Time Running" value="4447" />
  <attribute name ="GC Interval" value="0" />
  <attribute name="ProportionalT" value="59.000000" />
  <attribute name="ProportionalI" value="59.000000" />
  <attribute name="ProportionalH" value="59.000000" />
  <attribute name="Current Error" value="59.000000" />
  <attribute name="IntegralT" value="59.000000" />
  <attribute name="IntegralI" value="59.000000" />
  <attribute name="IntegralH" value="59.000000" />
  <attribute name="DerivativeT" value="29.500000" />
  <attribute name="DerivativeI" value="29.500000" />
  <attribute name="DerivativeH" value="29.500000" />
  <attribute name="Loop Time for DT" value="1.000000" />
  <attribute name="Output H" value="8388608"/>
  <attribute name="Output I" value="200"/>
  <attribute name="Output T" value="4"/>
  <attribute name="Target GC Util Change" value ="20.000000" />
  <attribute name="Current GC Util Change" value="79.000000"/>
  <attribute name="GC Util currently" value="79" />
  <attribute name="CPU Util currently" value="15138945054450" />
<exclusive-end id="1516" timestamp="2019-06-16T23:11:33.227" durationms="4.415" />

<exclusive-start id="1517" timestamp="2019-06-16T23:11:33.261" intervalms="38.643">
  <response-info timems="0.040" idlems="0.040" threads="0" lastid="0000000001D04100" lastname="Thread-9" />
</exclusive-start>
<allocation-taxation id="1518" taxation-threshold="80740352" timestamp="2019-06-16T23:11:33.261" intervalms="38.662" />
<cycle-start id="1519" type="partial gc" contextid="0" timestamp="2019-06-16T23:11:33.261" intervalms="38.696" />
<gc-start id="1520" type="partial gc" contextid="1519" timestamp="2019-06-16T23:11:33.261">
  <mem-info id="1521" free="95420416" total="298844160" percent="31">
    <mem type="eden" free="0" total="80740352" percent="0" />
    <arraylet-primitive objects="2" leaves="2" largest="1" />
    <remembered-set count="77792" freebytes="11617792" totalbytes="11928960" percent="97" regionsoverflowed="0" regionsstable="3" regionsrebuilding="0"/>
  </mem-info>
</gc-start>
<allocation-stats totalBytes="80728240" >
  <allocated-bytes non-tlh="0" tlh="80728240" arrayletleaf="0"/>
  <largest-consumer threadName="Thread-8" threadId="0000000001CFC900" bytes="24281272" />
</allocation-stats>
<gc-op id="1522" type="copy forward" timems="4.069" contextid="1519" timestamp="2019-06-16T23:11:33.266">
  <memory-copied type="eden" objects="9437" bytes="365216" bytesdiscarded="0" />
  <memory-copied type="other" objects="21656" bytes="931872" bytesdiscarded="0" />
  <memory-cardclean objects="3274" bytes="166664" />
  <regions eden="77" other="4" />
  <remembered-set-cleared processed="71260" cleared="914" durationms="0.745" />
  <stringconstants candidates="4597" cleared="0"  />
</gc-op>
<gc-op id="1523" type="classunload" timems="0.003" contextid="1519" timestamp="2019-06-16T23:11:33.267">
  <classunload-info classloadercandidates="8" classloadersunloaded="0" classesunloaded="0" anonymousclassesunloaded="0" quiescems="0.000" setupms="0.002" scanms="0.000" postms="0.000" />
</gc-op>
<heap-resize id="1524" type="expand" space="default" amount="10485760" count="1" timems="0.123" reason="excessive time being spent in gc" timestamp="2019-06-16T23:11:33.267" />
<gc-end id="1525" type="partial gc" contextid="1519" durationms="5.576" usertimems="8.000" systemtimems="0.000" timestamp="2019-06-16T23:11:33.267" activeThreads="1">
  <mem-info id="1526" free="185597952" total="309329920" percent="60">
    <mem type="eden" free="683360" total="1048576" percent="65" />
    <arraylet-primitive objects="2" leaves="2" largest="1" />
    <remembered-set count="78752" freebytes="12032512" totalbytes="12347520" percent="97" regionsoverflowed="0" regionsstable="3" regionsrebuilding="0"/>
  </mem-info>
</gc-end>
<cycle-end id="1527" type="partial gc" contextid="1519" timestamp="2019-06-16T23:11:33.267" />
  <attribute name="elasticGC enabled" value="1" />
  <attribute name= "numThreadsSpecified" value="1" />
  <attribute name="heapSize specified" value="0" />
  <attribute name="Current GC Util" value="61" />
  <attribute name= "Current Time Running" value="4485" />
  <attribute name ="GC Interval" value="0" />
  <attribute name="ProportionalT" value="41.000000" />
  <attribute name="ProportionalI" value="41.000000" />
  <attribute name="ProportionalH" value="41.000000" />
  <attribute name="Current Error" value="41.000000" />
  <attribute name="IntegralT" value="0.000000" />
  <attribute name="IntegralI" value="0.000000" />
  <attribute name="IntegralH" value="0.000000" />
  <attribute name="DerivativeT" value="inf" />
  <attribute name="DerivativeI" value="inf" />
  <attribute name="DerivativeH" value="inf" />
  <attribute name="Loop Time for DT" value="0.000000" />
  <attribute name="Output H" value="8388608"/>
  <attribute name="Output I" value="200"/>
  <attribute name="Output T" value="1"/>
  <attribute name="Target GC Util Change" value ="20.000000" />
  <attribute name="Current GC Util Change" value="61.000000"/>
  <attribute name="GC Util currently" value="61" />
  <attribute name="CPU Util currently" value="16574727921048" />
<exclusive-end id="1528" timestamp="2019-06-16T23:11:33.267" durationms="6.704" />

<exclusive-start id="1529" timestamp="2019-06-16T23:11:33.301" intervalms="40.379">
  <response-info timems="0.031" idlems="0.031" threads="0" lastid="0000000001D00500" lastname="Thread-7" />
</exclusive-start>
<allocation-taxation id="1530" taxation-threshold="82837504" timestamp="2019-06-16T23:11:33.301" intervalms="40.387" />
<cycle-start id="1531" type="partial gc" contextid="0" timestamp="2019-06-16T23:11:33.302" intervalms="40.323" />
<gc-start id="1532" type="partial gc" contextid="1531" timestamp="2019-06-16T23:11:33.302">
  <mem-info id="1533" free="102760448" total="309329920" percent="33">
    <mem type="eden" free="0" total="82837504" percent="0" />
    <arraylet-primitive objects="2" leaves="2" largest="1" />
    <remembered-set count="78624" freebytes="12033024" totalbytes="12347520" percent="97" regionsoverflowed="0" regionsstable="3" regionsrebuilding="0"/>
  </mem-info>
</gc-start>
<allocation-stats totalBytes="82825984" >
  <allocated-bytes non-tlh="0" tlh="82825984" arrayletleaf="0"/>
  <largest-consumer threadName="Thread-8" threadId="0000000001CFC900" bytes="23925312" />
</allocation-stats>
<gc-op id="1534" type="copy forward" timems="3.222" contextid="1531" timestamp="2019-06-16T23:11:33.306">
  <memory-copied type="eden" objects="12658" bytes="579720" bytesdiscarded="0" />
  <memory-copied type="other" objects="8434" bytes="343872" bytesdiscarded="0" />
  <memory-cardclean objects="945" bytes="50816" />
  <regions eden="79" other="4" />
  <remembered-set-cleared processed="71849" cleared="868" durationms="0.747" />
  <stringconstants candidates="4597" cleared="0"  />
</gc-op>
<gc-op id="1535" type="classunload" timems="0.002" contextid="1531" timestamp="2019-06-16T23:11:33.306">
  <classunload-info classloadercandidates="8" classloadersunloaded="0" classesunloaded="0" anonymousclassesunloaded="0" quiescems="0.000" setupms="0.002" scanms="0.000" postms="0.000" />
</gc-op>
<heap-resize id="1536" type="expand" space="default" amount="3145728" count="1" timems="0.075" reason="excessive time being spent in gc" timestamp="2019-06-16T23:11:33.306" />
<gc-end id="1537" type="partial gc" contextid="1531" durationms="4.517" usertimems="4.000" systemtimems="0.000" timestamp="2019-06-16T23:11:33.306" activeThreads="1">
  <mem-info id="1538" free="187695104" total="312475648" percent="60">
    <mem type="eden" free="468856" total="1048576" percent="44" />
    <arraylet-primitive objects="2" leaves="2" largest="1" />
    <remembered-set count="78368" freebytes="12159616" totalbytes="12473088" percent="97" regionsoverflowed="0" regionsstable="3" regionsrebuilding="0"/>
  </mem-info>
</gc-end>
<cycle-end id="1539" type="partial gc" contextid="1531" timestamp="2019-06-16T23:11:33.306" />
  <attribute name="elasticGC enabled" value="1" />
  <attribute name= "numThreadsSpecified" value="1" />
  <attribute name="heapSize specified" value="0" />
  <attribute name="Current GC Util" value="74" />
  <attribute name= "Current Time Running" value="4525" />
  <attribute name ="GC Interval" value="0" />
  <attribute name="ProportionalT" value="54.000000" />
  <attribute name="ProportionalI" value="54.000000" />
  <attribute name="ProportionalH" value="54.000000" />
  <attribute name="Current Error" value="54.000000" />
  <attribute name="IntegralT" value="0.000000" />
  <attribute name="IntegralI" value="0.000000" />
  <attribute name="IntegralH" value="0.000000" />
  <attribute name="DerivativeT" value="inf" />
  <attribute name="DerivativeI" value="inf" />
  <attribute name="DerivativeH" value="inf" />
  <attribute name="Loop Time for DT" value="0.000000" />
  <attribute name="Output H" value="8388608"/>
  <attribute name="Output I" value="200"/>
  <attribute name="Output T" value="1"/>
  <attribute name="Target GC Util Change" value ="20.000000" />
  <attribute name="Current GC Util Change" value="74.000000"/>
  <attribute name="GC Util currently" value="74" />
  <attribute name="CPU Util currently" value="19265689938735" />
<exclusive-end id="1540" timestamp="2019-06-16T23:11:33.307" durationms="5.527" />

<exclusive-start id="1541" timestamp="2019-06-16T23:11:33.342" intervalms="40.480">
  <response-info timems="0.042" idlems="0.042" threads="0" lastid="0000000001D04100" lastname="Thread-9" />
</exclusive-start>
<allocation-taxation id="1542" taxation-threshold="83886080" timestamp="2019-06-16T23:11:33.342" intervalms="40.470" />
<cycle-start id="1543" type="partial gc" contextid="0" timestamp="2019-06-16T23:11:33.342" intervalms="40.455" />
<gc-start id="1544" type="partial gc" contextid="1543" timestamp="2019-06-16T23:11:33.342">
  <mem-info id="1545" free="103809024" total="312475648" percent="33">
    <mem type="eden" free="0" total="83886080" percent="0" />
    <arraylet-primitive objects="2" leaves="2" largest="1" />
    <remembered-set count="78048" freebytes="12160896" totalbytes="12473088" percent="97" regionsoverflowed="0" regionsstable="3" regionsrebuilding="0"/>
  </mem-info>
</gc-start>
<allocation-stats totalBytes="83875384" >
  <allocated-bytes non-tlh="0" tlh="83875384" arrayletleaf="0"/>
  <largest-consumer threadName="Thread-10" threadId="0000000001CF8D00" bytes="24609816" />
</allocation-stats>
<gc-op id="1546" type="copy forward" timems="3.546" contextid="1543" timestamp="2019-06-16T23:11:33.347">
  <memory-copied type="eden" objects="12149" bytes="430656" bytesdiscarded="0" />
  <memory-copied type="other" objects="12721" bytes="580056" bytesdiscarded="0" />
  <memory-cardclean objects="4299" bytes="226496" />
  <regions eden="80" other="3" />
  <remembered-set-cleared processed="71710" cleared="436" durationms="0.733" />
  <stringconstants candidates="4597" cleared="0"  />
</gc-op>
<gc-op id="1547" type="classunload" timems="0.002" contextid="1543" timestamp="2019-06-16T23:11:33.347">
  <classunload-info classloadercandidates="8" classloadersunloaded="0" classesunloaded="0" anonymousclassesunloaded="0" quiescems="0.000" setupms="0.002" scanms="0.000" postms="0.000" />
</gc-op>
<heap-resize id="1548" type="expand" space="default" amount="2097152" count="1" timems="0.062" reason="excessive time being spent in gc" timestamp="2019-06-16T23:11:33.347" />
<gc-end id="1549" type="partial gc" contextid="1543" durationms="4.887" usertimems="4.000" systemtimems="0.000" timestamp="2019-06-16T23:11:33.347" activeThreads="1">
  <mem-info id="1550" free="188743680" total="314572800" percent="60">
    <mem type="eden" free="617920" total="1048576" percent="58" />
    <arraylet-primitive objects="2" leaves="2" largest="1" />
    <remembered-set count="79200" freebytes="12240000" totalbytes="12556800" percent="97" regionsoverflowed="0" regionsstable="3" regionsrebuilding="0"/>
  </mem-info>
</gc-end>
<cycle-end id="1551" type="partial gc" contextid="1543" timestamp="2019-06-16T23:11:33.347" />
  <attribute name="elasticGC enabled" value="1" />
  <attribute name= "numThreadsSpecified" value="1" />
  <attribute name="heapSize specified" value="0" />
  <attribute name="Current GC Util" value="73" />
  <attribute name= "Current Time Running" value="4566" />
  <attribute name ="GC Interval" value="0" />
  <attribute name="ProportionalT" value="53.000000" />
  <attribute name="ProportionalI" value="53.000000" />
  <attribute name="ProportionalH" value="53.000000" />
  <attribute name="Current Error" value="53.000000" />
  <attribute name="IntegralT" value="0.000000" />
  <attribute name="IntegralI" value="0.000000" />
  <attribute name="IntegralH" value="0.000000" />
  <attribute name="DerivativeT" value="inf" />
  <attribute name="DerivativeI" value="inf" />
  <attribute name="DerivativeH" value="inf" />
  <attribute name="Loop Time for DT" value="0.000000" />
  <attribute name="Output H" value="8388608"/>
  <attribute name="Output I" value="200"/>
  <attribute name="Output T" value="1"/>
  <attribute name="Target GC Util Change" value ="20.000000" />
  <attribute name="Current GC Util Change" value="73.000000"/>
  <attribute name="GC Util currently" value="73" />
  <attribute name="CPU Util currently" value="17728866719167" />
<exclusive-end id="1552" timestamp="2019-06-16T23:11:33.347" durationms="5.868" />

<exclusive-start id="1553" timestamp="2019-06-16T23:11:33.382" intervalms="40.544">
  <response-info timems="0.046" idlems="0.046" threads="0" lastid="0000000001D00500" lastname="Thread-7" />
</exclusive-start>
<allocation-taxation id="1554" taxation-threshold="84934656" timestamp="2019-06-16T23:11:33.382" intervalms="40.516" />
<cycle-start id="1555" type="partial gc" contextid="0" timestamp="2019-06-16T23:11:33.382" intervalms="40.495" />
<gc-start id="1556" type="partial gc" contextid="1555" timestamp="2019-06-16T23:11:33.383">
  <mem-info id="1557" free="103809024" total="314572800" percent="33">
    <mem type="eden" free="0" total="84934656" percent="0" />
    <arraylet-primitive objects="2" leaves="2" largest="1" />
    <remembered-set count="79040" freebytes="12240640" totalbytes="12556800" percent="97" regionsoverflowed="0" regionsstable="3" regionsrebuilding="0"/>
  </mem-info>
</gc-start>
<allocation-stats totalBytes="84924192" >
  <allocated-bytes non-tlh="0" tlh="84924192" arrayletleaf="0"/>
  <largest-consumer threadName="Thread-10" threadId="0000000001CF8D00" bytes="24843480" />
</allocation-stats>
<gc-op id="1558" type="copy forward" timems="4.222" contextid="1555" timestamp="2019-06-16T23:11:33.388">
  <memory-copied type="eden" objects="17670" bytes="700368" bytesdiscarded="0" />
  <memory-copied type="other" objects="17472" bytes="694080" bytesdiscarded="0" />
  <memory-cardclean objects="4128" bytes="203336" />
  <regions eden="81" other="4" />
  <remembered-set-cleared processed="72046" cleared="776" durationms="0.732" />
  <stringconstants candidates="4597" cleared="0"  />
</gc-op>
<gc-op id="1559" type="classunload" timems="0.002" contextid="1555" timestamp="2019-06-16T23:11:33.388">
  <classunload-info classloadercandidates="8" classloadersunloaded="0" classesunloaded="0" anonymousclassesunloaded="0" quiescems="0.000" setupms="0.002" scanms="0.000" postms="0.000" />
</gc-op>
<heap-resize id="1560" type="expand" space="default" amount="3145728" count="1" timems="0.068" reason="excessive time being spent in gc" timestamp="2019-06-16T23:11:33.388" />
<gc-end id="1561" type="partial gc" contextid="1555" durationms="5.581" usertimems="4.000" systemtimems="0.000" timestamp="2019-06-16T23:11:33.388" activeThreads="1">
  <mem-info id="1562" free="190840832" total="317718528" percent="60">
    <mem type="eden" free="348208" total="1048576" percent="33" />
    <arraylet-primitive objects="2" leaves="2" largest="1" />
    <remembered-set count="80224" freebytes="12361472" totalbytes="12682368" percent="97" regionsoverflowed="0" regionsstable="3" regionsrebuilding="0"/>
  </mem-info>
</gc-end>
<cycle-end id="1563" type="partial gc" contextid="1555" timestamp="2019-06-16T23:11:33.388" />
  <attribute name="elasticGC enabled" value="1" />
  <attribute name= "numThreadsSpecified" value="1" />
  <attribute name="heapSize specified" value="0" />
  <attribute name="Current GC Util" value="81" />
  <attribute name= "Current Time Running" value="4606" />
  <attribute name ="GC Interval" value="0" />
  <attribute name="ProportionalT" value="61.000000" />
  <attribute name="ProportionalI" value="61.000000" />
  <attribute name="ProportionalH" value="61.000000" />
  <attribute name="Current Error" value="61.000000" />
  <attribute name="IntegralT" value="0.000000" />
  <attribute name="IntegralI" value="0.000000" />
  <attribute name="IntegralH" value="0.000000" />
  <attribute name="DerivativeT" value="inf" />
  <attribute name="DerivativeI" value="inf" />
  <attribute name="DerivativeH" value="inf" />
  <attribute name="Loop Time for DT" value="0.000000" />
  <attribute name="Output H" value="8388608"/>
  <attribute name="Output I" value="200"/>
  <attribute name="Output T" value="1"/>
  <attribute name="Target GC Util Change" value ="20.000000" />
  <attribute name="Current GC Util Change" value="81.000000"/>
  <attribute name="GC Util currently" value="81" />
  <attribute name="CPU Util currently" value="15966451541594" />
<exclusive-end id="1564" timestamp="2019-06-16T23:11:33.389" durationms="6.448" />

<exclusive-start id="1565" timestamp="2019-06-16T23:11:33.421" intervalms="38.681">
  <response-info timems="0.033" idlems="0.033" threads="0" lastid="0000000001CFC900" lastname="Thread-8" />
</exclusive-start>
<allocation-taxation id="1566" taxation-threshold="84934656" timestamp="2019-06-16T23:11:33.421" intervalms="38.728" />
<cycle-start id="1567" type="partial gc" contextid="0" timestamp="2019-06-16T23:11:33.421" intervalms="38.719" />
<gc-start id="1568" type="partial gc" contextid="1567" timestamp="2019-06-16T23:11:33.421">
  <mem-info id="1569" free="105906176" total="317718528" percent="33">
    <mem type="eden" free="0" total="84934656" percent="0" />
    <arraylet-primitive objects="2" leaves="2" largest="1" />
    <remembered-set count="79744" freebytes="12363392" totalbytes="12682368" percent="97" regionsoverflowed="0" regionsstable="3" regionsrebuilding="0"/>
  </mem-info>
</gc-start>
<allocation-stats totalBytes="84924240" >
  <allocated-bytes non-tlh="0" tlh="84924240" arrayletleaf="0"/>
  <largest-consumer threadName="Thread-10" threadId="0000000001CF8D00" bytes="27804800" />
</allocation-stats>
<gc-op id="1570" type="copy forward" timems="3.877" contextid="1567" timestamp="2019-06-16T23:11:33.426">
  <memory-copied type="eden" objects="14028" bytes="612816" bytesdiscarded="0" />
  <memory-copied type="other" objects="16883" bytes="679944" bytesdiscarded="0" />
  <memory-cardclean objects="3024" bytes="150608" />
  <regions eden="81" other="3" />
  <remembered-set-cleared processed="72542" cleared="993" durationms="0.761" />
  <stringconstants candidates="4597" cleared="0"  />
</gc-op>
<gc-op id="1571" type="classunload" timems="0.002" contextid="1567" timestamp="2019-06-16T23:11:33.426">
  <classunload-info classloadercandidates="8" classloadersunloaded="0" classesunloaded="0" anonymousclassesunloaded="0" quiescems="0.000" setupms="0.002" scanms="0.000" postms="0.000" />
</gc-op>
<heap-resize id="1572" type="expand" space="default" amount="2097152" count="1" timems="0.065" reason="excessive time being spent in gc" timestamp="2019-06-16T23:11:33.426" />
<gc-end id="1573" type="partial gc" contextid="1567" durationms="5.168" usertimems="8.000" systemtimems="0.000" timestamp="2019-06-16T23:11:33.427" activeThreads="1">
  <mem-info id="1574" free="191889408" total="319815680" percent="60">
    <mem type="eden" free="435760" total="1048576" percent="41" />
    <arraylet-primitive objects="2" leaves="2" largest="1" />
    <remembered-set count="80032" freebytes="12445952" totalbytes="12766080" percent="97" regionsoverflowed="0" regionsstable="3" regionsrebuilding="0"/>
  </mem-info>
</gc-end>
<cycle-end id="1575" type="partial gc" contextid="1567" timestamp="2019-06-16T23:11:33.427" />
  <attribute name="elasticGC enabled" value="1" />
  <attribute name= "numThreadsSpecified" value="1" />
  <attribute name="heapSize specified" value="0" />
  <attribute name="Current GC Util" value="82" />
  <attribute name= "Current Time Running" value="4645" />
  <attribute name ="GC Interval" value="0" />
  <attribute name="ProportionalT" value="62.000000" />
  <attribute name="ProportionalI" value="62.000000" />
  <attribute name="ProportionalH" value="62.000000" />
  <attribute name="Current Error" value="62.000000" />
  <attribute name="IntegralT" value="0.000000" />
  <attribute name="IntegralI" value="0.000000" />
  <attribute name="IntegralH" value="0.000000" />
  <attribute name="DerivativeT" value="inf" />
  <attribute name="DerivativeI" value="inf" />
  <attribute name="DerivativeH" value="inf" />
  <attribute name="Loop Time for DT" value="0.000000" />
  <attribute name="Output H" value="8388608"/>
  <attribute name="Output I" value="200"/>
  <attribute name="Output T" value="1"/>
  <attribute name="Target GC Util Change" value ="20.000000" />
  <attribute name="Current GC Util Change" value="82.000000"/>
  <attribute name="GC Util currently" value="82" />
  <attribute name="CPU Util currently" value="19650200892803" />
<exclusive-end id="1576" timestamp="2019-06-16T23:11:33.427" durationms="6.156" />

<exclusive-start id="1577" timestamp="2019-06-16T23:11:33.464" intervalms="43.463">
  <response-info timems="0.033" idlems="0.033" threads="0" lastid="0000000001CFC900" lastname="Thread-8" />
</exclusive-start>
<allocation-taxation id="1578" taxation-threshold="85983232" timestamp="2019-06-16T23:11:33.465" intervalms="43.462" />
<cycle-start id="1579" type="partial gc" contextid="0" timestamp="2019-06-16T23:11:33.465" intervalms="43.565" />
<gc-start id="1580" type="partial gc" contextid="1579" timestamp="2019-06-16T23:11:33.465">
  <mem-info id="1581" free="105906176" total="319815680" percent="33">
    <mem type="eden" free="0" total="85983232" percent="0" />
    <arraylet-primitive objects="2" leaves="2" largest="1" />
    <remembered-set count="79648" freebytes="12447488" totalbytes="12766080" percent="97" regionsoverflowed="0" regionsstable="3" regionsrebuilding="0"/>
  </mem-info>
</gc-start>
<allocation-stats totalBytes="85972160" >
  <allocated-bytes non-tlh="0" tlh="85972160" arrayletleaf="0"/>
  <largest-consumer threadName="Thread-7" threadId="0000000001D00500" bytes="24573016" />
</allocation-stats>
<gc-op id="1582" type="copy forward" timems="3.973" contextid="1579" timestamp="2019-06-16T23:11:33.470">
  <memory-copied type="eden" objects="16230" bytes="665752" bytesdiscarded="0" />
  <memory-copied type="other" objects="14056" bytes="612096" bytesdiscarded="0" />
  <memory-cardclean objects="3024" bytes="150608" />
  <regions eden="82" other="4" />
  <remembered-set-cleared processed="72487" cleared="938" durationms="0.804" />
  <stringconstants candidates="4597" cleared="0"  />
</gc-op>
<gc-op id="1583" type="classunload" timems="0.003" contextid="1579" timestamp="2019-06-16T23:11:33.470">
  <classunload-info classloadercandidates="8" classloadersunloaded="0" classesunloaded="0" anonymousclassesunloaded="0" quiescems="0.000" setupms="0.002" scanms="0.000" postms="0.000" />
</gc-op>
<heap-resize id="1584" type="expand" space="default" amount="3145728" count="1" timems="0.077" reason="excessive time being spent in gc" timestamp="2019-06-16T23:11:33.470" />
<gc-end id="1585" type="partial gc" contextid="1579" durationms="5.536" usertimems="4.000" systemtimems="0.000" timestamp="2019-06-16T23:11:33.471" activeThreads="1">
  <mem-info id="1586" free="193986560" total="322961408" percent="60">
    <mem type="eden" free="382824" total="1048576" percent="36" />
    <arraylet-primitive objects="2" leaves="2" largest="1" />
    <remembered-set count="79520" freebytes="12573568" totalbytes="12891648" percent="97" regionsoverflowed="0" regionsstable="3" regionsrebuilding="0"/>
  </mem-info>
</gc-end>
<cycle-end id="1587" type="partial gc" contextid="1579" timestamp="2019-06-16T23:11:33.471" />
  <attribute name="elasticGC enabled" value="1" />
  <attribute name= "numThreadsSpecified" value="1" />
  <attribute name="heapSize specified" value="0" />
  <attribute name="Current GC Util" value="76" />
  <attribute name= "Current Time Running" value="4689" />
  <attribute name ="GC Interval" value="0" />
  <attribute name="ProportionalT" value="56.000000" />
  <attribute name="ProportionalI" value="56.000000" />
  <attribute name="ProportionalH" value="56.000000" />
  <attribute name="Current Error" value="56.000000" />
  <attribute name="IntegralT" value="0.000000" />
  <attribute name="IntegralI" value="0.000000" />
  <attribute name="IntegralH" value="0.000000" />
  <attribute name="DerivativeT" value="inf" />
  <attribute name="DerivativeI" value="inf" />
  <attribute name="DerivativeH" value="inf" />
  <attribute name="Loop Time for DT" value="0.000000" />
  <attribute name="Output H" value="8388608"/>
  <attribute name="Output I" value="200"/>
  <attribute name="Output T" value="1"/>
  <attribute name="Target GC Util Change" value ="20.000000" />
  <attribute name="Current GC Util Change" value="76.000000"/>
  <attribute name="GC Util currently" value="76" />
  <attribute name="CPU Util currently" value="15543472096698" />
<exclusive-end id="1588" timestamp="2019-06-16T23:11:33.471" durationms="6.760" />

<exclusive-start id="1589" timestamp="2019-06-16T23:11:33.508" intervalms="43.290">
  <response-info timems="0.027" idlems="0.027" threads="0" lastid="0000000001D04100" lastname="Thread-9" />
</exclusive-start>
<allocation-taxation id="1590" taxation-threshold="85983232" timestamp="2019-06-16T23:11:33.508" intervalms="43.248" />
<cycle-start id="1591" type="partial gc" contextid="0" timestamp="2019-06-16T23:11:33.508" intervalms="43.242" />
<gc-start id="1592" type="partial gc" contextid="1591" timestamp="2019-06-16T23:11:33.508">
  <mem-info id="1593" free="108003328" total="322961408" percent="33">
    <mem type="eden" free="0" total="85983232" percent="0" />
    <arraylet-primitive objects="2" leaves="2" largest="1" />
    <remembered-set count="79168" freebytes="12574976" totalbytes="12891648" percent="97" regionsoverflowed="0" regionsstable="3" regionsrebuilding="0"/>
  </mem-info>
</gc-start>
<allocation-stats totalBytes="85971368" >
  <allocated-bytes non-tlh="0" tlh="85971368" arrayletleaf="0"/>
  <largest-consumer threadName="Thread-8" threadId="0000000001CFC900" bytes="23569232" />
</allocation-stats>
<gc-op id="1594" type="copy forward" timems="3.785" contextid="1591" timestamp="2019-06-16T23:11:33.513">
  <memory-copied type="eden" objects="12947" bytes="587576" bytesdiscarded="0" />
  <memory-copied type="other" objects="14429" bytes="621048" bytesdiscarded="0" />
  <memory-cardclean objects="2287" bytes="115232" />
  <regions eden="82" other="4" />
  <remembered-set-cleared processed="72445" cleared="675" durationms="0.767" />
  <stringconstants candidates="4597" cleared="0"  />
</gc-op>
<gc-op id="1595" type="classunload" timems="0.002" contextid="1591" timestamp="2019-06-16T23:11:33.513">
  <classunload-info classloadercandidates="8" classloadersunloaded="0" classesunloaded="0" anonymousclassesunloaded="0" quiescems="0.000" setupms="0.002" scanms="0.000" postms="0.000" />
</gc-op>
<heap-resize id="1596" type="expand" space="default" amount="2097152" count="1" timems="0.064" reason="excessive time being spent in gc" timestamp="2019-06-16T23:11:33.513" />
<gc-end id="1597" type="partial gc" contextid="1591" durationms="5.172" usertimems="4.000" systemtimems="0.000" timestamp="2019-06-16T23:11:33.513" activeThreads="1">
  <mem-info id="1598" free="195035136" total="325058560" percent="60">
    <mem type="eden" free="461000" total="1048576" percent="43" />
    <arraylet-primitive objects="2" leaves="2" largest="1" />
    <remembered-set count="79808" freebytes="12656128" totalbytes="12975360" percent="97" regionsoverflowed="0" regionsstable="3" regionsrebuilding="0"/>
  </mem-info>
</gc-end>
<cycle-end id="1599" type="partial gc" contextid="1591" timestamp="2019-06-16T23:11:33.514" />
  <attribute name="elasticGC enabled" value="1" />
  <attribute name= "numThreadsSpecified" value="1" />
  <attribute name="heapSize specified" value="0" />
  <attribute name="Current GC Util" value="59" />
  <attribute name= "Current Time Running" value="4732" />
  <attribute name ="GC Interval" value="0" />
  <attribute name="ProportionalT" value="39.000000" />
  <attribute name="ProportionalI" value="39.000000" />
  <attribute name="ProportionalH" value="39.000000" />
  <attribute name="Current Error" value="39.000000" />
  <attribute name="IntegralT" value="0.000000" />
  <attribute name="IntegralI" value="0.000000" />
  <attribute name="IntegralH" value="0.000000" />
  <attribute name="DerivativeT" value="inf" />
  <attribute name="DerivativeI" value="inf" />
  <attribute name="DerivativeH" value="inf" />
  <attribute name="Loop Time for DT" value="0.000000" />
  <attribute name="Output H" value="8388608"/>
  <attribute name="Output I" value="200"/>
  <attribute name="Output T" value="1"/>
  <attribute name="Target GC Util Change" value ="20.000000" />
  <attribute name="Current GC Util Change" value="59.000000"/>
  <attribute name="GC Util currently" value="59" />
  <attribute name="CPU Util currently" value="15585443573498" />
<exclusive-end id="1600" timestamp="2019-06-16T23:11:33.514" durationms="6.222" />

<exclusive-start id="1601" timestamp="2019-06-16T23:11:33.550" intervalms="42.666">
  <response-info timems="0.030" idlems="0.030" threads="0" lastid="0000000001CF8D00" lastname="Thread-10" />
</exclusive-start>
<allocation-taxation id="1602" taxation-threshold="87031808" timestamp="2019-06-16T23:11:33.550" intervalms="42.630" />
<cycle-start id="1603" type="partial gc" contextid="0" timestamp="2019-06-16T23:11:33.551" intervalms="42.514" />
<gc-start id="1604" type="partial gc" contextid="1603" timestamp="2019-06-16T23:11:33.551">
  <mem-info id="1605" free="108003328" total="325058560" percent="33">
    <mem type="eden" free="0" total="87031808" percent="0" />
    <arraylet-primitive objects="2" leaves="2" largest="1" />
    <remembered-set count="79424" freebytes="12657664" totalbytes="12975360" percent="97" regionsoverflowed="0" regionsstable="3" regionsrebuilding="0"/>
  </mem-info>
</gc-start>
<allocation-stats totalBytes="87020192" >
  <allocated-bytes non-tlh="0" tlh="87020192" arrayletleaf="0"/>
  <largest-consumer threadName="Thread-9" threadId="0000000001D04100" bytes="24281544" />
</allocation-stats>
<gc-op id="1606" type="copy forward" timems="2.072" contextid="1603" timestamp="2019-06-16T23:11:33.554">
  <memory-copied type="eden" objects="10760" bytes="397424" bytesdiscarded="14248" />
  <memory-copied type="other" objects="16706" bytes="813072" bytesdiscarded="44600" />
  <memory-cardclean objects="186" bytes="14384" />
  <regions eden="83" other="4" />
  <remembered-set-cleared processed="72730" cleared="532" durationms="0.287" />
  <stringconstants candidates="4597" cleared="0"  />
</gc-op>
<gc-op id="1607" type="classunload" timems="0.002" contextid="1603" timestamp="2019-06-16T23:11:33.554">
  <classunload-info classloadercandidates="8" classloadersunloaded="0" classesunloaded="0" anonymousclassesunloaded="0" quiescems="0.000" setupms="0.002" scanms="0.000" postms="0.000" />
</gc-op>
<gc-end id="1608" type="partial gc" contextid="1603" durationms="3.192" usertimems="8.000" systemtimems="0.000" timestamp="2019-06-16T23:11:33.554" activeThreads="4">
  <mem-info id="1609" free="195035136" total="325058560" percent="60">
    <mem type="eden" free="636904" total="1048576" percent="60" />
    <arraylet-primitive objects="2" leaves="2" largest="1" />
    <remembered-set count="79616" freebytes="12656896" totalbytes="12975360" percent="97" regionsoverflowed="0" regionsstable="3" regionsrebuilding="0"/>
  </mem-info>
</gc-end>
<cycle-end id="1610" type="partial gc" contextid="1603" timestamp="2019-06-16T23:11:33.554" />
  <attribute name="elasticGC enabled" value="1" />
  <attribute name= "numThreadsSpecified" value="4" />
  <attribute name="heapSize specified" value="0" />
  <attribute name="Current GC Util" value="66" />
  <attribute name= "Current Time Running" value="4775" />
  <attribute name ="GC Interval" value="0" />
  <attribute name="ProportionalT" value="46.000000" />
  <attribute name="ProportionalI" value="46.000000" />
  <attribute name="ProportionalH" value="46.000000" />
  <attribute name="Current Error" value="46.000000" />
  <attribute name="IntegralT" value="46.000000" />
  <attribute name="IntegralI" value="46.000000" />
  <attribute name="IntegralH" value="46.000000" />
  <attribute name="DerivativeT" value="23.000000" />
  <attribute name="DerivativeI" value="23.000000" />
  <attribute name="DerivativeH" value="23.000000" />
  <attribute name="Loop Time for DT" value="1.000000" />
  <attribute name="Output H" value="8388608"/>
  <attribute name="Output I" value="200"/>
  <attribute name="Output T" value="4"/>
  <attribute name="Target GC Util Change" value ="20.000000" />
  <attribute name="Current GC Util Change" value="66.000000"/>
  <attribute name="GC Util currently" value="66" />
  <attribute name="CPU Util currently" value="16631993872361" />
<exclusive-end id="1611" timestamp="2019-06-16T23:11:33.554" durationms="4.005" />

<exclusive-start id="1612" timestamp="2019-06-16T23:11:33.586" intervalms="35.293">
  <response-info timems="0.046" idlems="0.046" threads="0" lastid="0000000001D04100" lastname="Thread-9" />
</exclusive-start>
<allocation-taxation id="1613" taxation-threshold="87031808" timestamp="2019-06-16T23:11:33.586" intervalms="35.342" />
<cycle-start id="1614" type="partial gc" contextid="0" timestamp="2019-06-16T23:11:33.586" intervalms="35.428" />
<gc-start id="1615" type="partial gc" contextid="1614" timestamp="2019-06-16T23:11:33.586">
  <mem-info id="1616" free="108003328" total="325058560" percent="33">
    <mem type="eden" free="0" total="87031808" percent="0" />
    <arraylet-primitive objects="2" leaves="2" largest="1" />
    <remembered-set count="79136" freebytes="12658816" totalbytes="12975360" percent="97" regionsoverflowed="0" regionsstable="3" regionsrebuilding="0"/>
  </mem-info>
</gc-start>
<allocation-stats totalBytes="87019424" >
  <allocated-bytes non-tlh="0" tlh="87019424" arrayletleaf="0"/>
  <largest-consumer threadName="Thread-10" threadId="0000000001CF8D00" bytes="26436088" />
</allocation-stats>
<gc-op id="1617" type="copy forward" timems="3.783" contextid="1614" timestamp="2019-06-16T23:11:33.591">
  <memory-copied type="eden" objects="14092" bytes="614992" bytesdiscarded="0" />
  <memory-copied type="other" objects="13763" bytes="605064" bytesdiscarded="0" />
  <memory-cardclean objects="186" bytes="14384" />
  <regions eden="83" other="4" />
  <remembered-set-cleared processed="72960" cleared="762" durationms="0.781" />
  <stringconstants candidates="4597" cleared="0"  />
</gc-op>
<gc-op id="1618" type="classunload" timems="0.002" contextid="1614" timestamp="2019-06-16T23:11:33.591">
  <classunload-info classloadercandidates="8" classloadersunloaded="0" classesunloaded="0" anonymousclassesunloaded="0" quiescems="0.000" setupms="0.002" scanms="0.000" postms="0.000" />
</gc-op>
<heap-resize id="1619" type="expand" space="default" amount="3145728" count="1" timems="0.072" reason="excessive time being spent in gc" timestamp="2019-06-16T23:11:33.591" />
<gc-end id="1620" type="partial gc" contextid="1614" durationms="5.179" usertimems="4.000" systemtimems="0.000" timestamp="2019-06-16T23:11:33.591" activeThreads="1">
  <mem-info id="1621" free="197132288" total="328204288" percent="60">
    <mem type="eden" free="433584" total="1048576" percent="41" />
    <arraylet-primitive objects="2" leaves="2" largest="1" />
    <remembered-set count="79072" freebytes="12784640" totalbytes="13100928" percent="97" regionsoverflowed="0" regionsstable="3" regionsrebuilding="0"/>
  </mem-info>
</gc-end>
<cycle-end id="1622" type="partial gc" contextid="1614" timestamp="2019-06-16T23:11:33.592" />
  <attribute name="elasticGC enabled" value="1" />
  <attribute name= "numThreadsSpecified" value="1" />
  <attribute name="heapSize specified" value="0" />
  <attribute name="Current GC Util" value="65" />
  <attribute name= "Current Time Running" value="4810" />
  <attribute name ="GC Interval" value="0" />
  <attribute name="ProportionalT" value="45.000000" />
  <attribute name="ProportionalI" value="45.000000" />
  <attribute name="ProportionalH" value="45.000000" />
  <attribute name="Current Error" value="45.000000" />
  <attribute name="IntegralT" value="0.000000" />
  <attribute name="IntegralI" value="0.000000" />
  <attribute name="IntegralH" value="0.000000" />
  <attribute name="DerivativeT" value="inf" />
  <attribute name="DerivativeI" value="inf" />
  <attribute name="DerivativeH" value="inf" />
  <attribute name="Loop Time for DT" value="0.000000" />
  <attribute name="Output H" value="8388608"/>
  <attribute name="Output I" value="200"/>
  <attribute name="Output T" value="1"/>
  <attribute name="Target GC Util Change" value ="20.000000" />
  <attribute name="Current GC Util Change" value="65.000000"/>
  <attribute name="GC Util currently" value="65" />
  <attribute name="CPU Util currently" value="17955342182234" />
<exclusive-end id="1623" timestamp="2019-06-16T23:11:33.592" durationms="6.311" />

<exclusive-start id="1624" timestamp="2019-06-16T23:11:33.627" intervalms="41.422">
  <response-info timems="0.032" idlems="0.032" threads="0" lastid="0000000001D00500" lastname="Thread-7" />
</exclusive-start>
<allocation-taxation id="1625" taxation-threshold="88080384" timestamp="2019-06-16T23:11:33.627" intervalms="41.493" />
<cycle-start id="1626" type="partial gc" contextid="0" timestamp="2019-06-16T23:11:33.627" intervalms="41.493" />
<gc-start id="1627" type="partial gc" contextid="1626" timestamp="2019-06-16T23:11:33.628">
  <mem-info id="1628" free="109051904" total="328204288" percent="33">
    <mem type="eden" free="0" total="88080384" percent="0" />
    <arraylet-primitive objects="2" leaves="2" largest="1" />
    <remembered-set count="79072" freebytes="12784640" totalbytes="13100928" percent="97" regionsoverflowed="0" regionsstable="3" regionsrebuilding="0"/>
  </mem-info>
</gc-start>
<allocation-stats totalBytes="88069536" >
  <allocated-bytes non-tlh="0" tlh="88069536" arrayletleaf="0"/>
  <largest-consumer threadName="Thread-10" threadId="0000000001CF8D00" bytes="23926048" />
</allocation-stats>
<gc-op id="1629" type="copy forward" timems="4.132" contextid="1626" timestamp="2019-06-16T23:11:33.633">
  <memory-copied type="eden" objects="10701" bytes="395952" bytesdiscarded="0" />
  <memory-copied type="other" objects="19347" bytes="876456" bytesdiscarded="0" />
  <memory-cardclean objects="39" bytes="3272" />
  <regions eden="84" other="4" />
  <remembered-set-cleared processed="72886" cleared="648" durationms="0.769" />
  <stringconstants candidates="4597" cleared="0"  />
</gc-op>
<gc-op id="1630" type="classunload" timems="0.003" contextid="1626" timestamp="2019-06-16T23:11:33.633">
  <classunload-info classloadercandidates="8" classloadersunloaded="0" classesunloaded="0" anonymousclassesunloaded="0" quiescems="0.000" setupms="0.002" scanms="0.000" postms="0.000" />
</gc-op>
<heap-resize id="1631" type="expand" space="default" amount="2097152" count="1" timems="0.071" reason="excessive time being spent in gc" timestamp="2019-06-16T23:11:33.633" />
<gc-end id="1632" type="partial gc" contextid="1626" durationms="5.579" usertimems="8.000" systemtimems="0.000" timestamp="2019-06-16T23:11:33.633" activeThreads="1">
  <mem-info id="1633" free="198180864" total="330301440" percent="60">
    <mem type="eden" free="652624" total="1048576" percent="62" />
    <arraylet-primitive objects="2" leaves="2" largest="1" />
    <remembered-set count="80160" freebytes="12864000" totalbytes="13184640" percent="97" regionsoverflowed="0" regionsstable="3" regionsrebuilding="0"/>
  </mem-info>
</gc-end>
<cycle-end id="1634" type="partial gc" contextid="1626" timestamp="2019-06-16T23:11:33.633" />
  <attribute name="elasticGC enabled" value="1" />
  <attribute name= "numThreadsSpecified" value="1" />
  <attribute name="heapSize specified" value="0" />
  <attribute name="Current GC Util" value="66" />
  <attribute name= "Current Time Running" value="4851" />
  <attribute name ="GC Interval" value="0" />
  <attribute name="ProportionalT" value="46.000000" />
  <attribute name="ProportionalI" value="46.000000" />
  <attribute name="ProportionalH" value="46.000000" />
  <attribute name="Current Error" value="46.000000" />
  <attribute name="IntegralT" value="0.000000" />
  <attribute name="IntegralI" value="0.000000" />
  <attribute name="IntegralH" value="0.000000" />
  <attribute name="DerivativeT" value="inf" />
  <attribute name="DerivativeI" value="inf" />
  <attribute name="DerivativeH" value="inf" />
  <attribute name="Loop Time for DT" value="0.000000" />
  <attribute name="Output H" value="8388608"/>
  <attribute name="Output I" value="200"/>
  <attribute name="Output T" value="1"/>
  <attribute name="Target GC Util Change" value ="20.000000" />
  <attribute name="Current GC Util Change" value="66.000000"/>
  <attribute name="GC Util currently" value="66" />
  <attribute name="CPU Util currently" value="15887135768610" />
<exclusive-end id="1635" timestamp="2019-06-16T23:11:33.634" durationms="6.679" />

<exclusive-start id="1636" timestamp="2019-06-16T23:11:33.661" intervalms="34.012">
  <response-info timems="0.036" idlems="0.036" threads="0" lastid="0000000001CFC900" lastname="Thread-8" />
</exclusive-start>
<allocation-taxation id="1637" taxation-threshold="88080384" timestamp="2019-06-16T23:11:33.661" intervalms="33.955" />
<cycle-start id="1638" type="partial gc" contextid="0" timestamp="2019-06-16T23:11:33.661" intervalms="33.946" />
<gc-start id="1639" type="partial gc" contextid="1638" timestamp="2019-06-16T23:11:33.662">
  <mem-info id="1640" free="110100480" total="330301440" percent="33">
    <mem type="eden" free="0" total="88080384" percent="0" />
    <arraylet-primitive objects="2" leaves="2" largest="1" />
    <remembered-set count="80032" freebytes="12864512" totalbytes="13184640" percent="97" regionsoverflowed="0" regionsstable="3" regionsrebuilding="0"/>
  </mem-info>
</gc-start>
<allocation-stats totalBytes="88070648" >
  <allocated-bytes non-tlh="0" tlh="88070648" arrayletleaf="0"/>
  <largest-consumer threadName="Thread-7" threadId="0000000001D00500" bytes="25716000" />
</allocation-stats>
<gc-op id="1641" type="copy forward" timems="4.320" contextid="1638" timestamp="2019-06-16T23:11:33.667">
  <memory-copied type="eden" objects="16347" bytes="668624" bytesdiscarded="0" />
  <memory-copied type="other" objects="16162" bytes="662640" bytesdiscarded="0" />
  <memory-cardclean objects="4806" bytes="255056" />
  <regions eden="84" other="4" />
  <remembered-set-cleared processed="73126" cleared="888" durationms="0.760" />
  <stringconstants candidates="4597" cleared="0"  />
</gc-op>
<gc-op id="1642" type="classunload" timems="0.002" contextid="1638" timestamp="2019-06-16T23:11:33.667">
  <classunload-info classloadercandidates="8" classloadersunloaded="0" classesunloaded="0" anonymousclassesunloaded="0" quiescems="0.000" setupms="0.002" scanms="0.000" postms="0.000" />
</gc-op>
<heap-resize id="1643" type="expand" space="default" amount="3145728" count="1" timems="0.077" reason="excessive time being spent in gc" timestamp="2019-06-16T23:11:33.667" />
<gc-end id="1644" type="partial gc" contextid="1638" durationms="5.813" usertimems="8.000" systemtimems="0.000" timestamp="2019-06-16T23:11:33.667" activeThreads="1">
  <mem-info id="1645" free="200278016" total="333447168" percent="60">
    <mem type="eden" free="379952" total="1048576" percent="36" />
    <arraylet-primitive objects="2" leaves="2" largest="1" />
    <remembered-set count="80512" freebytes="12988160" totalbytes="13310208" percent="97" regionsoverflowed="0" regionsstable="3" regionsrebuilding="0"/>
  </mem-info>
</gc-end>
<cycle-end id="1646" type="partial gc" contextid="1638" timestamp="2019-06-16T23:11:33.668" />
  <attribute name="elasticGC enabled" value="1" />
  <attribute name= "numThreadsSpecified" value="1" />
  <attribute name="heapSize specified" value="0" />
  <attribute name="Current GC Util" value="69" />
  <attribute name= "Current Time Running" value="4885" />
  <attribute name ="GC Interval" value="0" />
  <attribute name="ProportionalT" value="49.000000" />
  <attribute name="ProportionalI" value="49.000000" />
  <attribute name="ProportionalH" value="49.000000" />
  <attribute name="Current Error" value="49.000000" />
  <attribute name="IntegralT" value="0.000000" />
  <attribute name="IntegralI" value="0.000000" />
  <attribute name="IntegralH" value="0.000000" />
  <attribute name="DerivativeT" value="inf" />
  <attribute name="DerivativeI" value="inf" />
  <attribute name="DerivativeH" value="inf" />
  <attribute name="Loop Time for DT" value="0.000000" />
  <attribute name="Output H" value="8388608"/>
  <attribute name="Output I" value="200"/>
  <attribute name="Output T" value="1"/>
  <attribute name="Target GC Util Change" value ="20.000000" />
  <attribute name="Current GC Util Change" value="69.000000"/>
  <attribute name="GC Util currently" value="69" />
  <attribute name="CPU Util currently" value="16194480426248" />
<exclusive-end id="1647" timestamp="2019-06-16T23:11:33.668" durationms="6.904" />

<exclusive-start id="1648" timestamp="2019-06-16T23:11:33.693" intervalms="32.303">
  <response-info timems="0.031" idlems="0.031" threads="0" lastid="0000000001CF8D00" lastname="Thread-10" />
</exclusive-start>
<allocation-taxation id="1649" taxation-threshold="89128960" timestamp="2019-06-16T23:11:33.693" intervalms="32.273" />
<cycle-start id="1650" type="partial gc" contextid="0" timestamp="2019-06-16T23:11:33.694" intervalms="32.345" />
<gc-start id="1651" type="partial gc" contextid="1650" timestamp="2019-06-16T23:11:33.694">
  <mem-info id="1652" free="111149056" total="333447168" percent="33">
    <mem type="eden" free="0" total="89128960" percent="0" />
    <arraylet-primitive objects="2" leaves="2" largest="1" />
    <remembered-set count="80512" freebytes="12988160" totalbytes="13310208" percent="97" regionsoverflowed="0" regionsstable="3" regionsrebuilding="0"/>
  </mem-info>
</gc-start>
<allocation-stats totalBytes="89120280" >
  <allocated-bytes non-tlh="0" tlh="89120280" arrayletleaf="0"/>
  <largest-consumer threadName="Thread-7" threadId="0000000001D00500" bytes="25302984" />
</allocation-stats>
<gc-op id="1653" type="copy forward" timems="2.349" contextid="1650" timestamp="2019-06-16T23:11:33.697">
  <memory-copied type="eden" objects="9447" bytes="365536" bytesdiscarded="12400" />
  <memory-copied type="other" objects="23510" bytes="976368" bytesdiscarded="77832" />
  <memory-cardclean objects="4801" bytes="235904" />
  <regions eden="85" other="4" />
  <remembered-set-cleared processed="73365" cleared="1127" durationms="0.286" />
  <stringconstants candidates="4597" cleared="0"  />
</gc-op>
<gc-op id="1654" type="classunload" timems="0.002" contextid="1650" timestamp="2019-06-16T23:11:33.697">
  <classunload-info classloadercandidates="8" classloadersunloaded="0" classesunloaded="0" anonymousclassesunloaded="0" quiescems="0.000" setupms="0.002" scanms="0.000" postms="0.000" />
</gc-op>
<heap-resize id="1655" type="expand" space="default" amount="2097152" count="1" timems="0.074" reason="excessive time being spent in gc" timestamp="2019-06-16T23:11:33.697" />
<gc-end id="1656" type="partial gc" contextid="1650" durationms="3.585" usertimems="8.000" systemtimems="0.000" timestamp="2019-06-16T23:11:33.698" activeThreads="4">
  <mem-info id="1657" free="201326592" total="335544320" percent="60">
    <mem type="eden" free="670640" total="1048576" percent="63" />
    <arraylet-primitive objects="2" leaves="2" largest="1" />
    <remembered-set count="80704" freebytes="13071104" totalbytes="13393920" percent="97" regionsoverflowed="0" regionsstable="3" regionsrebuilding="0"/>
  </mem-info>
</gc-end>
<cycle-end id="1658" type="partial gc" contextid="1650" timestamp="2019-06-16T23:11:33.698" />
  <attribute name="elasticGC enabled" value="1" />
  <attribute name= "numThreadsSpecified" value="4" />
  <attribute name="heapSize specified" value="0" />
  <attribute name="Current GC Util" value="61" />
  <attribute name= "Current Time Running" value="4918" />
  <attribute name ="GC Interval" value="0" />
  <attribute name="ProportionalT" value="41.000000" />
  <attribute name="ProportionalI" value="41.000000" />
  <attribute name="ProportionalH" value="41.000000" />
  <attribute name="Current Error" value="41.000000" />
  <attribute name="IntegralT" value="41.000000" />
  <attribute name="IntegralI" value="41.000000" />
  <attribute name="IntegralH" value="41.000000" />
  <attribute name="DerivativeT" value="20.500000" />
  <attribute name="DerivativeI" value="20.500000" />
  <attribute name="DerivativeH" value="20.500000" />
  <attribute name="Loop Time for DT" value="1.000000" />
  <attribute name="Output H" value="8388608"/>
  <attribute name="Output I" value="200"/>
  <attribute name="Output T" value="4"/>
  <attribute name="Target GC Util Change" value ="20.000000" />
  <attribute name="Current GC Util Change" value="61.000000"/>
  <attribute name="GC Util currently" value="61" />
  <attribute name="CPU Util currently" value="15477118336063" />
<exclusive-end id="1659" timestamp="2019-06-16T23:11:33.698" durationms="4.572" />

<exclusive-start id="1660" timestamp="2019-06-16T23:11:33.723" intervalms="29.519">
  <response-info timems="0.041" idlems="0.041" threads="0" lastid="0000000001CF8D00" lastname="Thread-10" />
</exclusive-start>
<allocation-taxation id="1661" taxation-threshold="89128960" timestamp="2019-06-16T23:11:33.723" intervalms="29.702" />
<cycle-start id="1662" type="partial gc" contextid="0" timestamp="2019-06-16T23:11:33.723" intervalms="29.674" />
<gc-start id="1663" type="partial gc" contextid="1662" timestamp="2019-06-16T23:11:33.724">
  <mem-info id="1664" free="112197632" total="335544320" percent="33">
    <mem type="eden" free="0" total="89128960" percent="0" />
    <arraylet-primitive objects="2" leaves="2" largest="1" />
    <remembered-set count="80608" freebytes="13071488" totalbytes="13393920" percent="97" regionsoverflowed="0" regionsstable="3" regionsrebuilding="0"/>
  </mem-info>
</gc-start>
<allocation-stats totalBytes="89119496" >
  <allocated-bytes non-tlh="0" tlh="89119496" arrayletleaf="0"/>
  <largest-consumer threadName="Thread-9" threadId="0000000001D04100" bytes="25687648" />
</allocation-stats>
<gc-op id="1665" type="copy forward" timems="3.920" contextid="1662" timestamp="2019-06-16T23:11:33.728">
  <memory-copied type="eden" objects="13045" bytes="588920" bytesdiscarded="0" />
  <memory-copied type="other" objects="15856" bytes="655296" bytesdiscarded="0" />
  <memory-cardclean objects="4801" bytes="235904" />
  <regions eden="85" other="5" />
  <remembered-set-cleared processed="73483" cleared="1245" durationms="0.776" />
  <stringconstants candidates="4597" cleared="0"  />
</gc-op>
<gc-op id="1666" type="classunload" timems="0.002" contextid="1662" timestamp="2019-06-16T23:11:33.729">
  <classunload-info classloadercandidates="8" classloadersunloaded="0" classesunloaded="0" anonymousclassesunloaded="0" quiescems="0.000" setupms="0.002" scanms="0.000" postms="0.000" />
</gc-op>
<heap-resize id="1667" type="expand" space="default" amount="3145728" count="1" timems="0.072" reason="excessive time being spent in gc" timestamp="2019-06-16T23:11:33.729" />
<gc-end id="1668" type="partial gc" contextid="1662" durationms="5.328" usertimems="4.000" systemtimems="0.000" timestamp="2019-06-16T23:11:33.729" activeThreads="1">
  <mem-info id="1669" free="203423744" total="338690048" percent="60">
    <mem type="eden" free="459656" total="1048576" percent="43" />
    <arraylet-primitive objects="2" leaves="2" largest="1" />
    <remembered-set count="80928" freebytes="13195776" totalbytes="13519488" percent="97" regionsoverflowed="0" regionsstable="3" regionsrebuilding="0"/>
  </mem-info>
</gc-end>
<cycle-end id="1670" type="partial gc" contextid="1662" timestamp="2019-06-16T23:11:33.729" />
  <attribute name="elasticGC enabled" value="1" />
  <attribute name= "numThreadsSpecified" value="1" />
  <attribute name="heapSize specified" value="0" />
  <attribute name="Current GC Util" value="69" />
  <attribute name= "Current Time Running" value="4947" />
  <attribute name ="GC Interval" value="0" />
  <attribute name="ProportionalT" value="49.000000" />
  <attribute name="ProportionalI" value="49.000000" />
  <attribute name="ProportionalH" value="49.000000" />
  <attribute name="Current Error" value="49.000000" />
  <attribute name="IntegralT" value="0.000000" />
  <attribute name="IntegralI" value="0.000000" />
  <attribute name="IntegralH" value="0.000000" />
  <attribute name="DerivativeT" value="inf" />
  <attribute name="DerivativeI" value="inf" />
  <attribute name="DerivativeH" value="inf" />
  <attribute name="Loop Time for DT" value="0.000000" />
  <attribute name="Output H" value="8388608"/>
  <attribute name="Output I" value="200"/>
  <attribute name="Output T" value="1"/>
  <attribute name="Target GC Util Change" value ="20.000000" />
  <attribute name="Current GC Util Change" value="69.000000"/>
  <attribute name="GC Util currently" value="69" />
  <attribute name="CPU Util currently" value="19070107663996" />
<exclusive-end id="1671" timestamp="2019-06-16T23:11:33.729" durationms="6.643" />

<exclusive-start id="1672" timestamp="2019-06-16T23:11:33.756" intervalms="33.013">
  <response-info timems="0.043" idlems="0.043" threads="0" lastid="0000000001CF8D00" lastname="Thread-10" />
</exclusive-start>
<allocation-taxation id="1673" taxation-threshold="90177536" timestamp="2019-06-16T23:11:33.756" intervalms="32.829" />
<cycle-start id="1674" type="partial gc" contextid="0" timestamp="2019-06-16T23:11:33.756" intervalms="32.848" />
<gc-start id="1675" type="partial gc" contextid="1674" timestamp="2019-06-16T23:11:33.757">
  <mem-info id="1676" free="113246208" total="338690048" percent="33">
    <mem type="eden" free="0" total="90177536" percent="0" />
    <arraylet-primitive objects="2" leaves="2" largest="1" />
    <remembered-set count="80480" freebytes="13197568" totalbytes="13519488" percent="97" regionsoverflowed="0" regionsstable="3" regionsrebuilding="0"/>
  </mem-info>
</gc-start>
<allocation-stats totalBytes="90168400" >
  <allocated-bytes non-tlh="0" tlh="90168400" arrayletleaf="0"/>
  <largest-consumer threadName="Thread-9" threadId="0000000001D04100" bytes="27023024" />
</allocation-stats>
<gc-op id="1677" type="copy forward" timems="4.003" contextid="1674" timestamp="2019-06-16T23:11:33.761">
  <memory-copied type="eden" objects="10063" bytes="380064" bytesdiscarded="0" />
  <memory-copied type="other" objects="19481" bytes="879672" bytesdiscarded="0" />
  <memory-cardclean objects="949" bytes="51008" />
  <regions eden="86" other="3" />
  <remembered-set-cleared processed="73755" cleared="709" durationms="0.782" />
  <stringconstants candidates="4597" cleared="0"  />
</gc-op>
<gc-op id="1678" type="classunload" timems="0.002" contextid="1674" timestamp="2019-06-16T23:11:33.761">
  <classunload-info classloadercandidates="8" classloadersunloaded="0" classesunloaded="0" anonymousclassesunloaded="0" quiescems="0.000" setupms="0.002" scanms="0.000" postms="0.000" />
</gc-op>
<heap-resize id="1679" type="expand" space="default" amount="2097152" count="1" timems="0.075" reason="excessive time being spent in gc" timestamp="2019-06-16T23:11:33.762" />
<gc-end id="1680" type="partial gc" contextid="1674" durationms="5.413" usertimems="8.000" systemtimems="0.000" timestamp="2019-06-16T23:11:33.762" activeThreads="1">
  <mem-info id="1681" free="204472320" total="340787200" percent="60">
    <mem type="eden" free="668512" total="1048576" percent="63" />
    <arraylet-primitive objects="2" leaves="2" largest="1" />
    <remembered-set count="81792" freebytes="13276032" totalbytes="13603200" percent="97" regionsoverflowed="0" regionsstable="3" regionsrebuilding="0"/>
  </mem-info>
</gc-end>
<cycle-end id="1682" type="partial gc" contextid="1674" timestamp="2019-06-16T23:11:33.762" />
  <attribute name="elasticGC enabled" value="1" />
  <attribute name= "numThreadsSpecified" value="1" />
  <attribute name="heapSize specified" value="0" />
  <attribute name="Current GC Util" value="66" />
  <attribute name= "Current Time Running" value="4980" />
  <attribute name ="GC Interval" value="0" />
  <attribute name="ProportionalT" value="46.000000" />
  <attribute name="ProportionalI" value="46.000000" />
  <attribute name="ProportionalH" value="46.000000" />
  <attribute name="Current Error" value="46.000000" />
  <attribute name="IntegralT" value="0.000000" />
  <attribute name="IntegralI" value="0.000000" />
  <attribute name="IntegralH" value="0.000000" />
  <attribute name="DerivativeT" value="inf" />
  <attribute name="DerivativeI" value="inf" />
  <attribute name="DerivativeH" value="inf" />
  <attribute name="Loop Time for DT" value="0.000000" />
  <attribute name="Output H" value="8388608"/>
  <attribute name="Output I" value="200"/>
  <attribute name="Output T" value="1"/>
  <attribute name="Target GC Util Change" value ="20.000000" />
  <attribute name="Current GC Util Change" value="66.000000"/>
  <attribute name="GC Util currently" value="66" />
  <attribute name="CPU Util currently" value="18026298595707" />
<exclusive-end id="1683" timestamp="2019-06-16T23:11:33.762" durationms="6.529" />

<exclusive-start id="1684" timestamp="2019-06-16T23:11:33.791" intervalms="35.504">
  <response-info timems="0.038" idlems="0.038" threads="0" lastid="0000000001D04100" lastname="Thread-9" />
</exclusive-start>
<allocation-taxation id="1685" taxation-threshold="91226112" timestamp="2019-06-16T23:11:33.792" intervalms="35.506" />
<cycle-start id="1686" type="partial gc" contextid="0" timestamp="2019-06-16T23:11:33.792" intervalms="35.445" />
<gc-start id="1687" type="partial gc" contextid="1686" timestamp="2019-06-16T23:11:33.792">
  <mem-info id="1688" free="113246208" total="340787200" percent="33">
    <mem type="eden" free="0" total="91226112" percent="0" />
    <arraylet-primitive objects="2" leaves="2" largest="1" />
    <remembered-set count="81472" freebytes="13277312" totalbytes="13603200" percent="97" regionsoverflowed="0" regionsstable="3" regionsrebuilding="0"/>
  </mem-info>
</gc-start>
<allocation-stats totalBytes="91216328" >
  <allocated-bytes non-tlh="0" tlh="91216328" arrayletleaf="0"/>
  <largest-consumer threadName="Thread-9" threadId="0000000001D04100" bytes="24450720" />
</allocation-stats>
<gc-op id="1689" type="copy forward" timems="2.034" contextid="1686" timestamp="2019-06-16T23:11:33.795">
  <memory-copied type="eden" objects="10277" bytes="386232" bytesdiscarded="33944" />
  <memory-copied type="other" objects="21070" bytes="917808" bytesdiscarded="63984" />
  <memory-cardclean objects="949" bytes="51008" />
  <regions eden="87" other="4" />
  <remembered-set-cleared processed="74082" cleared="1036" durationms="0.270" />
  <stringconstants candidates="4597" cleared="0"  />
</gc-op>
<gc-op id="1690" type="classunload" timems="0.003" contextid="1686" timestamp="2019-06-16T23:11:33.795">
  <classunload-info classloadercandidates="8" classloadersunloaded="0" classesunloaded="0" anonymousclassesunloaded="0" quiescems="0.000" setupms="0.003" scanms="0.000" postms="0.000" />
</gc-op>
<heap-resize id="1691" type="expand" space="default" amount="3145728" count="1" timems="0.076" reason="excessive time being spent in gc" timestamp="2019-06-16T23:11:33.795" />
<gc-end id="1692" type="partial gc" contextid="1686" durationms="3.325" usertimems="4.000" systemtimems="0.000" timestamp="2019-06-16T23:11:33.795" activeThreads="4">
  <mem-info id="1693" free="206569472" total="343932928" percent="60">
    <mem type="eden" free="628400" total="1048576" percent="59" />
    <arraylet-primitive objects="2" leaves="2" largest="1" />
    <remembered-set count="82080" freebytes="13400448" totalbytes="13728768" percent="97" regionsoverflowed="0" regionsstable="3" regionsrebuilding="0"/>
  </mem-info>
</gc-end>
<cycle-end id="1694" type="partial gc" contextid="1686" timestamp="2019-06-16T23:11:33.795" />
  <attribute name="elasticGC enabled" value="1" />
  <attribute name= "numThreadsSpecified" value="4" />
  <attribute name="heapSize specified" value="0" />
  <attribute name="Current GC Util" value="66" />
  <attribute name= "Current Time Running" value="5016" />
  <attribute name ="GC Interval" value="0" />
  <attribute name="ProportionalT" value="46.000000" />
  <attribute name="ProportionalI" value="46.000000" />
  <attribute name="ProportionalH" value="46.000000" />
  <attribute name="Current Error" value="46.000000" />
  <attribute name="IntegralT" value="46.000000" />
  <attribute name="IntegralI" value="46.000000" />
  <attribute name="IntegralH" value="46.000000" />
  <attribute name="DerivativeT" value="23.000000" />
  <attribute name="DerivativeI" value="23.000000" />
  <attribute name="DerivativeH" value="23.000000" />
  <attribute name="Loop Time for DT" value="1.000000" />
  <attribute name="Output H" value="8388608"/>
  <attribute name="Output I" value="200"/>
  <attribute name="Output T" value="4"/>
  <attribute name="Target GC Util Change" value ="20.000000" />
  <attribute name="Current GC Util Change" value="66.000000"/>
  <attribute name="GC Util currently" value="66" />
  <attribute name="CPU Util currently" value="18035533812690" />
<exclusive-end id="1695" timestamp="2019-06-16T23:11:33.796" durationms="4.205" />

<exclusive-start id="1696" timestamp="2019-06-16T23:11:33.826" intervalms="34.725">
  <response-info timems="0.033" idlems="0.033" threads="0" lastid="0000000001D04100" lastname="Thread-9" />
</exclusive-start>
<allocation-taxation id="1697" taxation-threshold="91226112" timestamp="2019-06-16T23:11:33.826" intervalms="34.674" />
<cycle-start id="1698" type="partial gc" contextid="0" timestamp="2019-06-16T23:11:33.826" intervalms="34.651" />
<gc-start id="1699" type="partial gc" contextid="1698" timestamp="2019-06-16T23:11:33.827">
  <mem-info id="1700" free="115343360" total="343932928" percent="33">
    <mem type="eden" free="0" total="91226112" percent="0" />
    <arraylet-primitive objects="2" leaves="2" largest="1" />
    <remembered-set count="81792" freebytes="13401600" totalbytes="13728768" percent="97" regionsoverflowed="0" regionsstable="3" regionsrebuilding="0"/>
  </mem-info>
</gc-start>
<allocation-stats totalBytes="91214544" >
  <allocated-bytes non-tlh="0" tlh="91214544" arrayletleaf="0"/>
  <largest-consumer threadName="Thread-8" threadId="0000000001CFC900" bytes="25608992" />
</allocation-stats>
<gc-op id="1701" type="copy forward" timems="2.542" contextid="1698" timestamp="2019-06-16T23:11:33.830">
  <memory-copied type="eden" objects="16611" bytes="675080" bytesdiscarded="14544" />
  <memory-copied type="other" objects="16111" bytes="661416" bytesdiscarded="37728" />
  <memory-cardclean objects="4671" bytes="248624" />
  <regions eden="87" other="4" />
  <remembered-set-cleared processed="74263" cleared="923" durationms="0.273" />
  <stringconstants candidates="4597" cleared="0"  />
</gc-op>
<gc-op id="1702" type="classunload" timems="0.003" contextid="1698" timestamp="2019-06-16T23:11:33.830">
  <classunload-info classloadercandidates="8" classloadersunloaded="0" classesunloaded="0" anonymousclassesunloaded="0" quiescems="0.000" setupms="0.002" scanms="0.000" postms="0.000" />
</gc-op>
<heap-resize id="1703" type="expand" space="default" amount="7340032" count="1" timems="0.095" reason="excessive time being spent in gc" timestamp="2019-06-16T23:11:33.830" />
<gc-end id="1704" type="partial gc" contextid="1698" durationms="3.577" usertimems="0.000" systemtimems="8.000" timestamp="2019-06-16T23:11:33.830" activeThreads="4">
  <mem-info id="1705" free="210763776" total="351272960" percent="60">
    <mem type="eden" free="2456104" total="3145728" percent="78" />
    <arraylet-primitive objects="2" leaves="2" largest="1" />
    <remembered-set count="81888" freebytes="13694208" totalbytes="14021760" percent="97" regionsoverflowed="0" regionsstable="3" regionsrebuilding="0"/>
  </mem-info>
</gc-end>
<cycle-end id="1706" type="partial gc" contextid="1698" timestamp="2019-06-16T23:11:33.830" />
  <attribute name="elasticGC enabled" value="1" />
  <attribute name= "numThreadsSpecified" value="4" />
  <attribute name="heapSize specified" value="0" />
  <attribute name="Current GC Util" value="0" />
  <attribute name= "Current Time Running" value="5050" />
  <attribute name ="GC Interval" value="0" />
  <attribute name="ProportionalT" value="-20.000000" />
  <attribute name="ProportionalI" value="-20.000000" />
  <attribute name="ProportionalH" value="-20.000000" />
  <attribute name="Current Error" value="-20.000000" />
  <attribute name="IntegralT" value="0.000000" />
  <attribute name="IntegralI" value="0.000000" />
  <attribute name="IntegralH" value="0.000000" />
  <attribute name="DerivativeT" value="-inf" />
  <attribute name="DerivativeI" value="-inf" />
  <attribute name="DerivativeH" value="-inf" />
  <attribute name="Loop Time for DT" value="0.000000" />
  <attribute name="Output H" value="2091843584"/>
  <attribute name="Output I" value="200"/>
  <attribute name="Output T" value="4"/>
  <attribute name="Target GC Util Change" value ="20.000000" />
  <attribute name="Current GC Util Change" value="0.000000"/>
  <attribute name="GC Util currently" value="0" />
  <attribute name="CPU Util currently" value="27351525406430" />
<exclusive-end id="1707" timestamp="2019-06-16T23:11:33.830" durationms="4.308" />

<exclusive-start id="1708" timestamp="2019-06-16T23:11:33.861" intervalms="35.323">
  <response-info timems="0.041" idlems="0.041" threads="0" lastid="0000000001CF8D00" lastname="Thread-10" />
</exclusive-start>
<allocation-taxation id="1709" taxation-threshold="93323264" timestamp="2019-06-16T23:11:33.862" intervalms="35.361" />
<cycle-start id="1710" type="partial gc" contextid="0" timestamp="2019-06-16T23:11:33.862" intervalms="35.421" />
<gc-start id="1711" type="partial gc" contextid="1710" timestamp="2019-06-16T23:11:33.862">
  <mem-info id="1712" free="117440512" total="351272960" percent="33">
    <mem type="eden" free="0" total="93323264" percent="0" />
    <arraylet-primitive objects="2" leaves="2" largest="1" />
    <remembered-set count="81664" freebytes="13695104" totalbytes="14021760" percent="97" regionsoverflowed="0" regionsstable="3" regionsrebuilding="0"/>
  </mem-info>
</gc-start>
<allocation-stats totalBytes="93311392" >
  <allocated-bytes non-tlh="0" tlh="93311392" arrayletleaf="0"/>
  <largest-consumer threadName="Thread-8" threadId="0000000001CFC900" bytes="25674528" />
</allocation-stats>
<gc-op id="1713" type="copy forward" timems="4.641" contextid="1710" timestamp="2019-06-16T23:11:33.868">
  <memory-copied type="eden" objects="20099" bytes="896288" bytesdiscarded="0" />
  <memory-copied type="other" objects="14821" bytes="493080" bytesdiscarded="0" />
  <memory-cardclean objects="8947" bytes="457976" />
  <regions eden="89" other="6" />
  <remembered-set-cleared processed="74585" cleared="1174" durationms="0.815" />
  <stringconstants candidates="4597" cleared="0"  />
</gc-op>
<gc-op id="1714" type="classunload" timems="0.003" contextid="1710" timestamp="2019-06-16T23:11:33.868">
  <classunload-info classloadercandidates="8" classloadersunloaded="0" classesunloaded="0" anonymousclassesunloaded="0" quiescems="0.000" setupms="0.003" scanms="0.000" postms="0.000" />
</gc-op>
<gc-end id="1715" type="partial gc" contextid="1710" durationms="6.402" usertimems="4.000" systemtimems="0.000" timestamp="2019-06-16T23:11:33.868" activeThreads="1">
  <mem-info id="1716" free="211812352" total="351272960" percent="60">
    <mem type="eden" free="152288" total="1048576" percent="14" />
    <arraylet-primitive objects="2" leaves="2" largest="1" />
    <remembered-set count="82304" freebytes="13692544" totalbytes="14021760" percent="97" regionsoverflowed="0" regionsstable="3" regionsrebuilding="0"/>
  </mem-info>
</gc-end>
<cycle-end id="1717" type="partial gc" contextid="1710" timestamp="2019-06-16T23:11:33.869" />
  <attribute name="elasticGC enabled" value="1" />
  <attribute name= "numThreadsSpecified" value="1" />
  <attribute name="heapSize specified" value="0" />
  <attribute name="Current GC Util" value="65" />
  <attribute name= "Current Time Running" value="5086" />
  <attribute name ="GC Interval" value="0" />
  <attribute name="ProportionalT" value="45.000000" />
  <attribute name="ProportionalI" value="45.000000" />
  <attribute name="ProportionalH" value="45.000000" />
  <attribute name="Current Error" value="45.000000" />
  <attribute name="IntegralT" value="0.000000" />
  <attribute name="IntegralI" value="0.000000" />
  <attribute name="IntegralH" value="0.000000" />
  <attribute name="DerivativeT" value="inf" />
  <attribute name="DerivativeI" value="inf" />
  <attribute name="DerivativeH" value="inf" />
  <attribute name="Loop Time for DT" value="0.000000" />
  <attribute name="Output H" value="8388608"/>
  <attribute name="Output I" value="200"/>
  <attribute name="Output T" value="1"/>
  <attribute name="Target GC Util Change" value ="20.000000" />
  <attribute name="Current GC Util Change" value="65.000000"/>
  <attribute name="GC Util currently" value="65" />
  <attribute name="CPU Util currently" value="18140674521606" />
<exclusive-end id="1718" timestamp="2019-06-16T23:11:33.869" durationms="7.526" />

<exclusive-start id="1719" timestamp="2019-06-16T23:11:33.907" intervalms="45.396">
  <response-info timems="0.032" idlems="0.032" threads="0" lastid="0000000001D00500" lastname="Thread-7" />
</exclusive-start>
<allocation-taxation id="1720" taxation-threshold="93323264" timestamp="2019-06-16T23:11:33.907" intervalms="45.392" />
<cycle-start id="1721" type="partial gc" contextid="0" timestamp="2019-06-16T23:11:33.907" intervalms="45.345" />
<gc-start id="1722" type="partial gc" contextid="1721" timestamp="2019-06-16T23:11:33.907">
  <mem-info id="1723" free="118489088" total="351272960" percent="33">
    <mem type="eden" free="0" total="93323264" percent="0" />
    <arraylet-primitive objects="2" leaves="2" largest="1" />
    <remembered-set count="82208" freebytes="13692928" totalbytes="14021760" percent="97" regionsoverflowed="0" regionsstable="3" regionsrebuilding="0"/>
  </mem-info>
</gc-start>
<allocation-stats totalBytes="93311248" >
  <allocated-bytes non-tlh="0" tlh="93311248" arrayletleaf="0"/>
  <largest-consumer threadName="Thread-9" threadId="0000000001D04100" bytes="24540040" />
</allocation-stats>
<gc-op id="1724" type="copy forward" timems="4.240" contextid="1721" timestamp="2019-06-16T23:11:33.912">
  <memory-copied type="eden" objects="13383" bytes="598400" bytesdiscarded="0" />
  <memory-copied type="other" objects="19096" bytes="733056" bytesdiscarded="0" />
  <memory-cardclean objects="7892" bytes="388328" />
  <regions eden="89" other="4" />
  <remembered-set-cleared processed="74877" cleared="1221" durationms="0.765" />
  <stringconstants candidates="4597" cleared="0"  />
</gc-op>
<gc-op id="1725" type="classunload" timems="0.002" contextid="1721" timestamp="2019-06-16T23:11:33.912">
  <classunload-info classloadercandidates="8" classloadersunloaded="0" classesunloaded="0" anonymousclassesunloaded="0" quiescems="0.000" setupms="0.002" scanms="0.000" postms="0.000" />
</gc-op>
<gc-end id="1726" type="partial gc" contextid="1721" durationms="5.305" usertimems="4.000" systemtimems="0.000" timestamp="2019-06-16T23:11:33.913" activeThreads="1">
  <mem-info id="1727" free="210763776" total="351272960" percent="60">
    <mem type="eden" free="450176" total="1048576" percent="42" />
    <arraylet-primitive objects="2" leaves="2" largest="1" />
    <remembered-set count="83712" freebytes="13686912" totalbytes="14021760" percent="97" regionsoverflowed="0" regionsstable="3" regionsrebuilding="0"/>
  </mem-info>
</gc-end>
<cycle-end id="1728" type="partial gc" contextid="1721" timestamp="2019-06-16T23:11:33.913" />
  <attribute name="elasticGC enabled" value="1" />
  <attribute name= "numThreadsSpecified" value="1" />
  <attribute name="heapSize specified" value="0" />
  <attribute name="Current GC Util" value="89" />
  <attribute name= "Current Time Running" value="5131" />
  <attribute name ="GC Interval" value="0" />
  <attribute name="ProportionalT" value="69.000000" />
  <attribute name="ProportionalI" value="69.000000" />
  <attribute name="ProportionalH" value="69.000000" />
  <attribute name="Current Error" value="69.000000" />
  <attribute name="IntegralT" value="0.000000" />
  <attribute name="IntegralI" value="0.000000" />
  <attribute name="IntegralH" value="0.000000" />
  <attribute name="DerivativeT" value="inf" />
  <attribute name="DerivativeI" value="inf" />
  <attribute name="DerivativeH" value="inf" />
  <attribute name="Loop Time for DT" value="0.000000" />
  <attribute name="Output H" value="8388608"/>
  <attribute name="Output I" value="200"/>
  <attribute name="Output T" value="1"/>
  <attribute name="Target GC Util Change" value ="20.000000" />
  <attribute name="Current GC Util Change" value="89.000000"/>
  <attribute name="GC Util currently" value="89" />
  <attribute name="CPU Util currently" value="20776823144560" />
<exclusive-end id="1729" timestamp="2019-06-16T23:11:33.913" durationms="6.260" />

<exclusive-start id="1730" timestamp="2019-06-16T23:11:33.950" intervalms="42.899">
  <response-info timems="0.032" idlems="0.032" threads="0" lastid="0000000001CF8D00" lastname="Thread-10" />
</exclusive-start>
<allocation-taxation id="1731" taxation-threshold="93323264" timestamp="2019-06-16T23:11:33.950" intervalms="42.925" />
<cycle-start id="1732" type="partial gc" contextid="0" timestamp="2019-06-16T23:11:33.950" intervalms="42.970" />
<gc-start id="1733" type="partial gc" contextid="1732" timestamp="2019-06-16T23:11:33.950">
  <mem-info id="1734" free="117440512" total="351272960" percent="33">
    <mem type="eden" free="0" total="93323264" percent="0" />
    <arraylet-primitive objects="2" leaves="2" largest="1" />
    <remembered-set count="83392" freebytes="13688192" totalbytes="14021760" percent="97" regionsoverflowed="0" regionsstable="3" regionsrebuilding="0"/>
  </mem-info>
</gc-start>
<allocation-stats totalBytes="93310904" >
  <allocated-bytes non-tlh="0" tlh="93310904" arrayletleaf="0"/>
  <largest-consumer threadName="Thread-9" threadId="0000000001D04100" bytes="23790600" />
</allocation-stats>
<gc-op id="1735" type="copy forward" timems="4.342" contextid="1732" timestamp="2019-06-16T23:11:33.955">
  <memory-copied type="eden" objects="14573" bytes="626440" bytesdiscarded="0" />
  <memory-copied type="other" objects="18179" bytes="711048" bytesdiscarded="0" />
  <memory-cardclean objects="6019" bytes="298424" />
  <regions eden="89" other="4" />
  <remembered-set-cleared processed="75236" cleared="1133" durationms="0.827" />
  <stringconstants candidates="4597" cleared="0"  />
</gc-op>
<gc-op id="1736" type="classunload" timems="0.002" contextid="1732" timestamp="2019-06-16T23:11:33.956">
  <classunload-info classloadercandidates="8" classloadersunloaded="0" classesunloaded="0" anonymousclassesunloaded="0" quiescems="0.000" setupms="0.002" scanms="0.000" postms="0.000" />
</gc-op>
<heap-resize id="1737" type="expand" space="default" amount="3145728" count="1" timems="0.083" reason="excessive time being spent in gc" timestamp="2019-06-16T23:11:33.956" />
<gc-end id="1738" type="partial gc" contextid="1732" durationms="5.687" usertimems="4.000" systemtimems="0.000" timestamp="2019-06-16T23:11:33.956" activeThreads="1">
  <mem-info id="1739" free="212860928" total="354418688" percent="60">
    <mem type="eden" free="422136" total="1048576" percent="40" />
    <arraylet-primitive objects="2" leaves="2" largest="1" />
    <remembered-set count="84192" freebytes="13810560" totalbytes="14147328" percent="97" regionsoverflowed="0" regionsstable="3" regionsrebuilding="0"/>
  </mem-info>
</gc-end>
<cycle-end id="1740" type="partial gc" contextid="1732" timestamp="2019-06-16T23:11:33.956" />
  <attribute name="elasticGC enabled" value="1" />
  <attribute name= "numThreadsSpecified" value="1" />
  <attribute name="heapSize specified" value="0" />
  <attribute name="Current GC Util" value="72" />
  <attribute name= "Current Time Running" value="5174" />
  <attribute name ="GC Interval" value="0" />
  <attribute name="ProportionalT" value="52.000000" />
  <attribute name="ProportionalI" value="52.000000" />
  <attribute name="ProportionalH" value="52.000000" />
  <attribute name="Current Error" value="52.000000" />
  <attribute name="IntegralT" value="0.000000" />
  <attribute name="IntegralI" value="0.000000" />
  <attribute name="IntegralH" value="0.000000" />
  <attribute name="DerivativeT" value="inf" />
  <attribute name="DerivativeI" value="inf" />
  <attribute name="DerivativeH" value="inf" />
  <attribute name="Loop Time for DT" value="0.000000" />
  <attribute name="Output H" value="8388608"/>
  <attribute name="Output I" value="200"/>
  <attribute name="Output T" value="1"/>
  <attribute name="Target GC Util Change" value ="20.000000" />
  <attribute name="Current GC Util Change" value="72.000000"/>
  <attribute name="GC Util currently" value="72" />
  <attribute name="CPU Util currently" value="18774853317586" />
<exclusive-end id="1741" timestamp="2019-06-16T23:11:33.956" durationms="6.799" />

<exclusive-start id="1742" timestamp="2019-06-16T23:11:33.995" intervalms="45.254">
  <response-info timems="0.030" idlems="0.030" threads="0" lastid="0000000001CF8D00" lastname="Thread-10" />
</exclusive-start>
<allocation-taxation id="1743" taxation-threshold="94371840" timestamp="2019-06-16T23:11:33.995" intervalms="45.259" />
<cycle-start id="1744" type="partial gc" contextid="0" timestamp="2019-06-16T23:11:33.995" intervalms="45.264" />
<gc-start id="1745" type="partial gc" contextid="1744" timestamp="2019-06-16T23:11:33.996">
  <mem-info id="1746" free="118489088" total="354418688" percent="33">
    <mem type="eden" free="0" total="94371840" percent="0" />
    <arraylet-primitive objects="2" leaves="2" largest="1" />
    <remembered-set count="83936" freebytes="13811584" totalbytes="14147328" percent="97" regionsoverflowed="0" regionsstable="3" regionsrebuilding="0"/>
  </mem-info>
</gc-start>
<allocation-stats totalBytes="94359392" >
  <allocated-bytes non-tlh="0" tlh="94359392" arrayletleaf="0"/>
  <largest-consumer threadName="Thread-7" threadId="0000000001D00500" bytes="24601384" />
</allocation-stats>
<gc-op id="1747" type="copy forward" timems="4.622" contextid="1744" timestamp="2019-06-16T23:11:34.001">
  <memory-copied type="eden" objects="11190" bytes="408088" bytesdiscarded="0" />
  <memory-copied type="other" objects="23102" bytes="966576" bytesdiscarded="0" />
  <memory-cardclean objects="6019" bytes="298424" />
  <regions eden="90" other="5" />
  <remembered-set-cleared processed="75343" cleared="1240" durationms="0.805" />
  <stringconstants candidates="4597" cleared="0"  />
</gc-op>
<gc-op id="1748" type="classunload" timems="0.003" contextid="1744" timestamp="2019-06-16T23:11:34.001">
  <classunload-info classloadercandidates="8" classloadersunloaded="0" classesunloaded="0" anonymousclassesunloaded="0" quiescems="0.000" setupms="0.003" scanms="0.000" postms="0.000" />
</gc-op>
<heap-resize id="1749" type="expand" space="default" amount="2097152" count="1" timems="0.073" reason="excessive time being spent in gc" timestamp="2019-06-16T23:11:34.002" />
<gc-end id="1750" type="partial gc" contextid="1744" durationms="6.093" usertimems="4.000" systemtimems="0.000" timestamp="2019-06-16T23:11:34.002" activeThreads="1">
  <mem-info id="1751" free="213909504" total="356515840" percent="60">
    <mem type="eden" free="640488" total="1048576" percent="61" />
    <arraylet-primitive objects="2" leaves="2" largest="1" />
    <remembered-set count="84192" freebytes="13894272" totalbytes="14231040" percent="97" regionsoverflowed="0" regionsstable="3" regionsrebuilding="0"/>
  </mem-info>
</gc-end>
<cycle-end id="1752" type="partial gc" contextid="1744" timestamp="2019-06-16T23:11:34.002" />
  <attribute name="elasticGC enabled" value="1" />
  <attribute name= "numThreadsSpecified" value="1" />
  <attribute name="heapSize specified" value="0" />
  <attribute name="Current GC Util" value="76" />
  <attribute name= "Current Time Running" value="5219" />
  <attribute name ="GC Interval" value="0" />
  <attribute name="ProportionalT" value="56.000000" />
  <attribute name="ProportionalI" value="56.000000" />
  <attribute name="ProportionalH" value="56.000000" />
  <attribute name="Current Error" value="56.000000" />
  <attribute name="IntegralT" value="0.000000" />
  <attribute name="IntegralI" value="0.000000" />
  <attribute name="IntegralH" value="0.000000" />
  <attribute name="DerivativeT" value="inf" />
  <attribute name="DerivativeI" value="inf" />
  <attribute name="DerivativeH" value="inf" />
  <attribute name="Loop Time for DT" value="0.000000" />
  <attribute name="Output H" value="8388608"/>
  <attribute name="Output I" value="200"/>
  <attribute name="Output T" value="1"/>
  <attribute name="Target GC Util Change" value ="20.000000" />
  <attribute name="Current GC Util Change" value="76.000000"/>
  <attribute name="GC Util currently" value="76" />
  <attribute name="CPU Util currently" value="15160793579921" />
<exclusive-end id="1753" timestamp="2019-06-16T23:11:34.002" durationms="7.243" />

<exclusive-start id="1754" timestamp="2019-06-16T23:11:34.041" intervalms="45.991">
  <response-info timems="0.032" idlems="0.032" threads="0" lastid="0000000001D00500" lastname="Thread-7" />
</exclusive-start>
<allocation-taxation id="1755" taxation-threshold="94371840" timestamp="2019-06-16T23:11:34.041" intervalms="46.030" />
<cycle-start id="1756" type="partial gc" contextid="0" timestamp="2019-06-16T23:11:34.041" intervalms="45.982" />
<gc-start id="1757" type="partial gc" contextid="1756" timestamp="2019-06-16T23:11:34.042">
  <mem-info id="1758" free="119537664" total="356515840" percent="33">
    <mem type="eden" free="0" total="94371840" percent="0" />
    <arraylet-primitive objects="2" leaves="2" largest="1" />
    <remembered-set count="84128" freebytes="13894528" totalbytes="14231040" percent="97" regionsoverflowed="0" regionsstable="3" regionsrebuilding="0"/>
  </mem-info>
</gc-start>
<allocation-stats totalBytes="94358632" >
  <allocated-bytes non-tlh="0" tlh="94358632" arrayletleaf="0"/>
  <largest-consumer threadName="Thread-7" threadId="0000000001D00500" bytes="23835160" />
</allocation-stats>
<gc-op id="1759" type="copy forward" timems="4.610" contextid="1756" timestamp="2019-06-16T23:11:34.047">
  <memory-copied type="eden" objects="5598" bytes="136280" bytesdiscarded="0" />
  <memory-copied type="other" objects="31959" bytes="1316520" bytesdiscarded="0" />
  <memory-cardclean objects="4063" bytes="204536" />
  <regions eden="90" other="5" />
  <remembered-set-cleared processed="75806" cleared="1227" durationms="0.781" />
  <stringconstants candidates="4597" cleared="0"  />
</gc-op>
<gc-op id="1760" type="classunload" timems="0.002" contextid="1756" timestamp="2019-06-16T23:11:34.047">
  <classunload-info classloadercandidates="8" classloadersunloaded="0" classesunloaded="0" anonymousclassesunloaded="0" quiescems="0.000" setupms="0.002" scanms="0.000" postms="0.000" />
</gc-op>
<heap-resize id="1761" type="expand" space="default" amount="3145728" count="1" timems="0.069" reason="excessive time being spent in gc" timestamp="2019-06-16T23:11:34.047" />
<gc-end id="1762" type="partial gc" contextid="1756" durationms="6.001" usertimems="4.000" systemtimems="0.000" timestamp="2019-06-16T23:11:34.048" activeThreads="1">
  <mem-info id="1763" free="216006656" total="359661568" percent="60">
    <mem type="eden" free="912296" total="1048576" percent="87" />
    <arraylet-primitive objects="2" leaves="2" largest="1" />
    <remembered-set count="85728" freebytes="14013696" totalbytes="14356608" percent="97" regionsoverflowed="0" regionsstable="3" regionsrebuilding="0"/>
  </mem-info>
</gc-end>
<cycle-end id="1764" type="partial gc" contextid="1756" timestamp="2019-06-16T23:11:34.048" />
  <attribute name="elasticGC enabled" value="1" />
  <attribute name= "numThreadsSpecified" value="1" />
  <attribute name="heapSize specified" value="0" />
  <attribute name="Current GC Util" value="77" />
  <attribute name= "Current Time Running" value="5265" />
  <attribute name ="GC Interval" value="0" />
  <attribute name="ProportionalT" value="57.000000" />
  <attribute name="ProportionalI" value="57.000000" />
  <attribute name="ProportionalH" value="57.000000" />
  <attribute name="Current Error" value="57.000000" />
  <attribute name="IntegralT" value="0.000000" />
  <attribute name="IntegralI" value="0.000000" />
  <attribute name="IntegralH" value="0.000000" />
  <attribute name="DerivativeT" value="inf" />
  <attribute name="DerivativeI" value="inf" />
  <attribute name="DerivativeH" value="inf" />
  <attribute name="Loop Time for DT" value="0.000000" />
  <attribute name="Output H" value="8388608"/>
  <attribute name="Output I" value="200"/>
  <attribute name="Output T" value="1"/>
  <attribute name="Target GC Util Change" value ="20.000000" />
  <attribute name="Current GC Util Change" value="77.000000"/>
  <attribute name="GC Util currently" value="77" />
  <attribute name="CPU Util currently" value="17533127758586" />
<exclusive-end id="1765" timestamp="2019-06-16T23:11:34.048" durationms="7.018" />

<exclusive-start id="1766" timestamp="2019-06-16T23:11:34.088" intervalms="46.611">
  <response-info timems="0.033" idlems="0.033" threads="0" lastid="0000000001CF8D00" lastname="Thread-10" />
</exclusive-start>
<allocation-taxation id="1767" taxation-threshold="95420416" timestamp="2019-06-16T23:11:34.088" intervalms="46.574" />
<cycle-start id="1768" type="partial gc" contextid="0" timestamp="2019-06-16T23:11:34.088" intervalms="46.575" />
<gc-start id="1769" type="partial gc" contextid="1768" timestamp="2019-06-16T23:11:34.088">
  <mem-info id="1770" free="120586240" total="359661568" percent="33">
    <mem type="eden" free="0" total="95420416" percent="0" />
    <arraylet-primitive objects="2" leaves="2" largest="1" />
    <remembered-set count="85344" freebytes="14015232" totalbytes="14356608" percent="97" regionsoverflowed="0" regionsstable="3" regionsrebuilding="0"/>
  </mem-info>
</gc-start>
<allocation-stats totalBytes="95408168" >
  <allocated-bytes non-tlh="0" tlh="95408168" arrayletleaf="0"/>
  <largest-consumer threadName="Thread-8" threadId="0000000001CFC900" bytes="24601432" />
</allocation-stats>
<gc-op id="1771" type="copy forward" timems="4.435" contextid="1768" timestamp="2019-06-16T23:11:34.093">
  <memory-copied type="eden" objects="17313" bytes="692152" bytesdiscarded="0" />
  <memory-copied type="other" objects="17175" bytes="686952" bytesdiscarded="0" />
  <memory-cardclean objects="1855" bytes="94496" />
  <regions eden="91" other="5" />
  <remembered-set-cleared processed="76496" cleared="1328" durationms="0.808" />
  <stringconstants candidates="4597" cleared="0"  />
</gc-op>
<gc-op id="1772" type="classunload" timems="0.002" contextid="1768" timestamp="2019-06-16T23:11:34.094">
  <classunload-info classloadercandidates="8" classloadersunloaded="0" classesunloaded="0" anonymousclassesunloaded="0" quiescems="0.000" setupms="0.002" scanms="0.000" postms="0.000" />
</gc-op>
<heap-resize id="1773" type="expand" space="default" amount="2097152" count="1" timems="0.071" reason="excessive time being spent in gc" timestamp="2019-06-16T23:11:34.094" />
<gc-end id="1774" type="partial gc" contextid="1768" durationms="5.837" usertimems="4.000" systemtimems="0.000" timestamp="2019-06-16T23:11:34.094" activeThreads="1">
  <mem-info id="1775" free="217055232" total="361758720" percent="60">
    <mem type="eden" free="356424" total="1048576" percent="33" />
    <arraylet-primitive objects="2" leaves="2" largest="1" />
    <remembered-set count="84992" freebytes="14100352" totalbytes="14440320" percent="97" regionsoverflowed="0" regionsstable="3" regionsrebuilding="0"/>
  </mem-info>
</gc-end>
<cycle-end id="1776" type="partial gc" contextid="1768" timestamp="2019-06-16T23:11:34.094" />
  <attribute name="elasticGC enabled" value="1" />
  <attribute name= "numThreadsSpecified" value="1" />
  <attribute name="heapSize specified" value="0" />
  <attribute name="Current GC Util" value="80" />
  <attribute name= "Current Time Running" value="5312" />
  <attribute name ="GC Interval" value="0" />
  <attribute name="ProportionalT" value="60.000000" />
  <attribute name="ProportionalI" value="60.000000" />
  <attribute name="ProportionalH" value="60.000000" />
  <attribute name="Current Error" value="60.000000" />
  <attribute name="IntegralT" value="0.000000" />
  <attribute name="IntegralI" value="0.000000" />
  <attribute name="IntegralH" value="0.000000" />
  <attribute name="DerivativeT" value="inf" />
  <attribute name="DerivativeI" value="inf" />
  <attribute name="DerivativeH" value="inf" />
  <attribute name="Loop Time for DT" value="0.000000" />
  <attribute name="Output H" value="8388608"/>
  <attribute name="Output I" value="200"/>
  <attribute name="Output T" value="1"/>
  <attribute name="Target GC Util Change" value ="20.000000" />
  <attribute name="Current GC Util Change" value="80.000000"/>
  <attribute name="GC Util currently" value="80" />
  <attribute name="CPU Util currently" value="17631802086785" />
<exclusive-end id="1777" timestamp="2019-06-16T23:11:34.094" durationms="6.909" />

<exclusive-start id="1778" timestamp="2019-06-16T23:11:34.135" intervalms="47.513">
  <response-info timems="0.036" idlems="0.036" threads="0" lastid="0000000001D00500" lastname="Thread-7" />
</exclusive-start>
<allocation-taxation id="1779" taxation-threshold="96468992" timestamp="2019-06-16T23:11:34.135" intervalms="47.538" />
<cycle-start id="1780" type="partial gc" contextid="0" timestamp="2019-06-16T23:11:34.135" intervalms="47.533" />
<gc-start id="1781" type="partial gc" contextid="1780" timestamp="2019-06-16T23:11:34.136">
  <mem-info id="1782" free="120586240" total="361758720" percent="33">
    <mem type="eden" free="0" total="96468992" percent="0" />
    <arraylet-primitive objects="2" leaves="2" largest="1" />
    <remembered-set count="84928" freebytes="14100608" totalbytes="14440320" percent="97" regionsoverflowed="0" regionsstable="3" regionsrebuilding="0"/>
  </mem-info>
</gc-start>
<allocation-stats totalBytes="96456176" >
  <allocated-bytes non-tlh="0" tlh="96456176" arrayletleaf="0"/>
  <largest-consumer threadName="Thread-8" threadId="0000000001CFC900" bytes="25862824" />
</allocation-stats>
<gc-op id="1783" type="copy forward" timems="3.922" contextid="1780" timestamp="2019-06-16T23:11:34.140">
  <memory-copied type="eden" objects="12527" bytes="440168" bytesdiscarded="0" />
  <memory-copied type="other" objects="11937" bytes="423864" bytesdiscarded="0" />
  <memory-cardclean objects="8328" bytes="439040" />
  <regions eden="92" other="3" />
  <remembered-set-cleared processed="76671" cleared="888" durationms="0.787" />
  <stringconstants candidates="4597" cleared="0"  />
</gc-op>
<gc-op id="1784" type="classunload" timems="0.003" contextid="1780" timestamp="2019-06-16T23:11:34.141">
  <classunload-info classloadercandidates="8" classloadersunloaded="0" classesunloaded="0" anonymousclassesunloaded="0" quiescems="0.000" setupms="0.002" scanms="0.000" postms="0.000" />
</gc-op>
<heap-resize id="1785" type="expand" space="default" amount="3145728" count="1" timems="0.068" reason="excessive time being spent in gc" timestamp="2019-06-16T23:11:34.141" />
<gc-end id="1786" type="partial gc" contextid="1780" durationms="5.346" usertimems="4.000" systemtimems="0.000" timestamp="2019-06-16T23:11:34.141" activeThreads="1">
  <mem-info id="1787" free="219152384" total="364904448" percent="60">
    <mem type="eden" free="608408" total="1048576" percent="58" />
    <arraylet-primitive objects="2" leaves="2" largest="1" />
    <remembered-set count="86144" freebytes="14221312" totalbytes="14565888" percent="97" regionsoverflowed="0" regionsstable="3" regionsrebuilding="0"/>
  </mem-info>
</gc-end>
<cycle-end id="1788" type="partial gc" contextid="1780" timestamp="2019-06-16T23:11:34.141" />
  <attribute name="elasticGC enabled" value="1" />
  <attribute name= "numThreadsSpecified" value="1" />
  <attribute name="heapSize specified" value="0" />
  <attribute name="Current GC Util" value="83" />
  <attribute name= "Current Time Running" value="5359" />
  <attribute name ="GC Interval" value="0" />
  <attribute name="ProportionalT" value="63.000000" />
  <attribute name="ProportionalI" value="63.000000" />
  <attribute name="ProportionalH" value="63.000000" />
  <attribute name="Current Error" value="63.000000" />
  <attribute name="IntegralT" value="0.000000" />
  <attribute name="IntegralI" value="0.000000" />
  <attribute name="IntegralH" value="0.000000" />
  <attribute name="DerivativeT" value="inf" />
  <attribute name="DerivativeI" value="inf" />
  <attribute name="DerivativeH" value="inf" />
  <attribute name="Loop Time for DT" value="0.000000" />
  <attribute name="Output H" value="8388608"/>
  <attribute name="Output I" value="200"/>
  <attribute name="Output T" value="1"/>
  <attribute name="Target GC Util Change" value ="20.000000" />
  <attribute name="Current GC Util Change" value="83.000000"/>
  <attribute name="GC Util currently" value="83" />
  <attribute name="CPU Util currently" value="16039084870560" />
<exclusive-end id="1789" timestamp="2019-06-16T23:11:34.141" durationms="6.303" />

<exclusive-start id="1790" timestamp="2019-06-16T23:11:34.179" intervalms="43.572">
  <response-info timems="0.028" idlems="0.028" threads="0" lastid="0000000001D00500" lastname="Thread-7" />
</exclusive-start>
<allocation-taxation id="1791" taxation-threshold="96468992" timestamp="2019-06-16T23:11:34.179" intervalms="43.554" />
<cycle-start id="1792" type="partial gc" contextid="0" timestamp="2019-06-16T23:11:34.179" intervalms="43.535" />
<gc-start id="1793" type="partial gc" contextid="1792" timestamp="2019-06-16T23:11:34.179">
  <mem-info id="1794" free="122683392" total="364904448" percent="33">
    <mem type="eden" free="0" total="96468992" percent="0" />
    <arraylet-primitive objects="2" leaves="2" largest="1" />
    <remembered-set count="85792" freebytes="14222720" totalbytes="14565888" percent="97" regionsoverflowed="0" regionsstable="3" regionsrebuilding="0"/>
  </mem-info>
</gc-start>
<allocation-stats totalBytes="96455744" >
  <allocated-bytes non-tlh="0" tlh="96455744" arrayletleaf="0"/>
  <largest-consumer threadName="Thread-9" threadId="0000000001D04100" bytes="26137376" />
</allocation-stats>
<gc-op id="1795" type="copy forward" timems="4.152" contextid="1792" timestamp="2019-06-16T23:11:34.184">
  <memory-copied type="eden" objects="23827" bytes="985664" bytesdiscarded="0" />
  <memory-copied type="other" objects="7298" bytes="175152" bytesdiscarded="0" />
  <memory-cardclean objects="9039" bytes="439136" />
  <regions eden="92" other="4" />
  <remembered-set-cleared processed="76920" cleared="1216" durationms="0.775" />
  <stringconstants candidates="4597" cleared="0"  />
</gc-op>
<gc-op id="1796" type="classunload" timems="0.002" contextid="1792" timestamp="2019-06-16T23:11:34.184">
  <classunload-info classloadercandidates="8" classloadersunloaded="0" classesunloaded="0" anonymousclassesunloaded="0" quiescems="0.000" setupms="0.002" scanms="0.000" postms="0.000" />
</gc-op>
<heap-resize id="1797" type="expand" space="default" amount="2097152" count="1" timems="0.067" reason="excessive time being spent in gc" timestamp="2019-06-16T23:11:34.184" />
<gc-end id="1798" type="partial gc" contextid="1792" durationms="5.454" usertimems="8.000" systemtimems="0.000" timestamp="2019-06-16T23:11:34.185" activeThreads="1">
  <mem-info id="1799" free="220200960" total="367001600" percent="60">
    <mem type="eden" free="62912" total="1048576" percent="5" />
    <arraylet-primitive objects="2" leaves="2" largest="1" />
    <remembered-set count="87008" freebytes="14301568" totalbytes="14649600" percent="97" regionsoverflowed="0" regionsstable="3" regionsrebuilding="0"/>
  </mem-info>
</gc-end>
<cycle-end id="1800" type="partial gc" contextid="1792" timestamp="2019-06-16T23:11:34.185" />
  <attribute name="elasticGC enabled" value="1" />
  <attribute name= "numThreadsSpecified" value="1" />
  <attribute name="heapSize specified" value="0" />
  <attribute name="Current GC Util" value="85" />
  <attribute name= "Current Time Running" value="5403" />
  <attribute name ="GC Interval" value="0" />
  <attribute name="ProportionalT" value="65.000000" />
  <attribute name="ProportionalI" value="65.000000" />
  <attribute name="ProportionalH" value="65.000000" />
  <attribute name="Current Error" value="65.000000" />
  <attribute name="IntegralT" value="0.000000" />
  <attribute name="IntegralI" value="0.000000" />
  <attribute name="IntegralH" value="0.000000" />
  <attribute name="DerivativeT" value="inf" />
  <attribute name="DerivativeI" value="inf" />
  <attribute name="DerivativeH" value="inf" />
  <attribute name="Loop Time for DT" value="0.000000" />
  <attribute name="Output H" value="8388608"/>
  <attribute name="Output I" value="200"/>
  <attribute name="Output T" value="1"/>
  <attribute name="Target GC Util Change" value ="20.000000" />
  <attribute name="Current GC Util Change" value="85.000000"/>
  <attribute name="GC Util currently" value="85" />
  <attribute name="CPU Util currently" value="18253403924759" />
<exclusive-end id="1801" timestamp="2019-06-16T23:11:34.185" durationms="6.411" />

<exclusive-start id="1802" timestamp="2019-06-16T23:11:34.218" intervalms="39.460">
  <response-info timems="0.031" idlems="0.031" threads="0" lastid="0000000001CF8D00" lastname="Thread-10" />
</exclusive-start>
<allocation-taxation id="1803" taxation-threshold="97517568" timestamp="2019-06-16T23:11:34.218" intervalms="39.463" />
<cycle-start id="1804" type="partial gc" contextid="0" timestamp="2019-06-16T23:11:34.218" intervalms="39.468" />
<gc-start id="1805" type="partial gc" contextid="1804" timestamp="2019-06-16T23:11:34.219">
  <mem-info id="1806" free="122683392" total="367001600" percent="33">
    <mem type="eden" free="0" total="97517568" percent="0" />
    <arraylet-primitive objects="2" leaves="2" largest="1" />
    <remembered-set count="86528" freebytes="14303488" totalbytes="14649600" percent="97" regionsoverflowed="0" regionsstable="3" regionsrebuilding="0"/>
  </mem-info>
</gc-start>
<allocation-stats totalBytes="97504240" >
  <allocated-bytes non-tlh="0" tlh="97504240" arrayletleaf="0"/>
  <largest-consumer threadName="Thread-9" threadId="0000000001D04100" bytes="24585024" />
</allocation-stats>
<gc-op id="1807" type="copy forward" timems="3.757" contextid="1804" timestamp="2019-06-16T23:11:34.223">
  <memory-copied type="eden" objects="23265" bytes="975504" bytesdiscarded="0" />
  <memory-copied type="other" objects="5033" bytes="120792" bytesdiscarded="0" />
  <memory-cardclean objects="5257" bytes="261776" />
  <regions eden="93" other="3" />
  <remembered-set-cleared processed="77471" cleared="927" durationms="0.813" />
  <stringconstants candidates="4597" cleared="0"  />
</gc-op>
<gc-op id="1808" type="classunload" timems="0.002" contextid="1804" timestamp="2019-06-16T23:11:34.223">
  <classunload-info classloadercandidates="8" classloadersunloaded="0" classesunloaded="0" anonymousclassesunloaded="0" quiescems="0.000" setupms="0.002" scanms="0.000" postms="0.000" />
</gc-op>
<heap-resize id="1809" type="expand" space="default" amount="3145728" count="1" timems="0.071" reason="excessive time being spent in gc" timestamp="2019-06-16T23:11:34.224" />
<gc-end id="1810" type="partial gc" contextid="1804" durationms="5.160" usertimems="4.000" systemtimems="0.000" timestamp="2019-06-16T23:11:34.224" activeThreads="1">
  <mem-info id="1811" free="222298112" total="370147328" percent="60">
    <mem type="eden" free="73072" total="1048576" percent="6" />
    <arraylet-primitive objects="2" leaves="2" largest="1" />
    <remembered-set count="86848" freebytes="14427776" totalbytes="14775168" percent="97" regionsoverflowed="0" regionsstable="3" regionsrebuilding="0"/>
  </mem-info>
</gc-end>
<cycle-end id="1812" type="partial gc" contextid="1804" timestamp="2019-06-16T23:11:34.224" />
  <attribute name="elasticGC enabled" value="1" />
  <attribute name= "numThreadsSpecified" value="1" />
  <attribute name="heapSize specified" value="0" />
  <attribute name="Current GC Util" value="81" />
  <attribute name= "Current Time Running" value="5442" />
  <attribute name ="GC Interval" value="0" />
  <attribute name="ProportionalT" value="61.000000" />
  <attribute name="ProportionalI" value="61.000000" />
  <attribute name="ProportionalH" value="61.000000" />
  <attribute name="Current Error" value="61.000000" />
  <attribute name="IntegralT" value="0.000000" />
  <attribute name="IntegralI" value="0.000000" />
  <attribute name="IntegralH" value="0.000000" />
  <attribute name="DerivativeT" value="inf" />
  <attribute name="DerivativeI" value="inf" />
  <attribute name="DerivativeH" value="inf" />
  <attribute name="Loop Time for DT" value="0.000000" />
  <attribute name="Output H" value="8388608"/>
  <attribute name="Output I" value="200"/>
  <attribute name="Output T" value="1"/>
  <attribute name="Target GC Util Change" value ="20.000000" />
  <attribute name="Current GC Util Change" value="81.000000"/>
  <attribute name="GC Util currently" value="81" />
  <attribute name="CPU Util currently" value="17108579336219" />
<exclusive-end id="1813" timestamp="2019-06-16T23:11:34.224" durationms="6.192" />

<exclusive-start id="1814" timestamp="2019-06-16T23:11:34.258" intervalms="40.130">
  <response-info timems="0.033" idlems="0.033" threads="0" lastid="0000000001D00500" lastname="Thread-7" />
</exclusive-start>
<allocation-taxation id="1815" taxation-threshold="98566144" timestamp="2019-06-16T23:11:34.258" intervalms="40.122" />
<cycle-start id="1816" type="partial gc" contextid="0" timestamp="2019-06-16T23:11:34.259" intervalms="40.114" />
<gc-start id="1817" type="partial gc" contextid="1816" timestamp="2019-06-16T23:11:34.259">
  <mem-info id="1818" free="123731968" total="370147328" percent="33">
    <mem type="eden" free="0" total="98566144" percent="0" />
    <arraylet-primitive objects="2" leaves="2" largest="1" />
    <remembered-set count="86528" freebytes="14429056" totalbytes="14775168" percent="97" regionsoverflowed="0" regionsstable="3" regionsrebuilding="0"/>
  </mem-info>
</gc-start>
<allocation-stats totalBytes="98552592" >
  <allocated-bytes non-tlh="0" tlh="98552592" arrayletleaf="0"/>
  <largest-consumer threadName="Thread-8" threadId="0000000001CFC900" bytes="25379424" />
</allocation-stats>
<gc-op id="1819" type="copy forward" timems="4.528" contextid="1816" timestamp="2019-06-16T23:11:34.264">
  <memory-copied type="eden" objects="32521" bytes="1331544" bytesdiscarded="16" />
  <memory-copied type="other" objects="4559" bytes="109416" bytesdiscarded="0" />
  <memory-cardclean objects="3718" bytes="187976" />
  <regions eden="94" other="3" />
  <remembered-set-cleared processed="77728" cleared="780" durationms="0.815" />
  <stringconstants candidates="4597" cleared="0"  />
</gc-op>
<gc-op id="1820" type="classunload" timems="0.002" contextid="1816" timestamp="2019-06-16T23:11:34.264">
  <classunload-info classloadercandidates="8" classloadersunloaded="0" classesunloaded="0" anonymousclassesunloaded="0" quiescems="0.000" setupms="0.002" scanms="0.000" postms="0.000" />
</gc-op>
<heap-resize id="1821" type="expand" space="default" amount="5242880" count="1" timems="0.083" reason="excessive time being spent in gc" timestamp="2019-06-16T23:11:34.265" />
<gc-end id="1822" type="partial gc" contextid="1816" durationms="5.917" usertimems="4.000" systemtimems="0.000" timestamp="2019-06-16T23:11:34.265" activeThreads="1">
  <mem-info id="1823" free="225443840" total="375390208" percent="60">
    <mem type="eden" free="765592" total="2097152" percent="36" />
    <arraylet-primitive objects="2" leaves="2" largest="1" />
    <remembered-set count="87776" freebytes="14633344" totalbytes="14984448" percent="97" regionsoverflowed="0" regionsstable="3" regionsrebuilding="0"/>
  </mem-info>
</gc-end>
<cycle-end id="1824" type="partial gc" contextid="1816" timestamp="2019-06-16T23:11:34.265" />
  <attribute name="elasticGC enabled" value="1" />
  <attribute name= "numThreadsSpecified" value="1" />
  <attribute name="heapSize specified" value="0" />
  <attribute name="Current GC Util" value="79" />
  <attribute name= "Current Time Running" value="5482" />
  <attribute name ="GC Interval" value="0" />
  <attribute name="ProportionalT" value="59.000000" />
  <attribute name="ProportionalI" value="59.000000" />
  <attribute name="ProportionalH" value="59.000000" />
  <attribute name="Current Error" value="59.000000" />
  <attribute name="IntegralT" value="0.000000" />
  <attribute name="IntegralI" value="0.000000" />
  <attribute name="IntegralH" value="0.000000" />
  <attribute name="DerivativeT" value="inf" />
  <attribute name="DerivativeI" value="inf" />
  <attribute name="DerivativeH" value="inf" />
  <attribute name="Loop Time for DT" value="0.000000" />
  <attribute name="Output H" value="8388608"/>
  <attribute name="Output I" value="200"/>
  <attribute name="Output T" value="1"/>
  <attribute name="Target GC Util Change" value ="20.000000" />
  <attribute name="Current GC Util Change" value="79.000000"/>
  <attribute name="GC Util currently" value="79" />
  <attribute name="CPU Util currently" value="16623360779851" />
<exclusive-end id="1825" timestamp="2019-06-16T23:11:34.265" durationms="6.871" />

<exclusive-start id="1826" timestamp="2019-06-16T23:11:34.306" intervalms="47.528">
  <response-info timems="0.051" idlems="0.051" threads="0" lastid="0000000001D04100" lastname="Thread-9" />
</exclusive-start>
<allocation-taxation id="1827" taxation-threshold="99614720" timestamp="2019-06-16T23:11:34.306" intervalms="47.552" />
<cycle-start id="1828" type="partial gc" contextid="0" timestamp="2019-06-16T23:11:34.306" intervalms="47.598" />
<gc-start id="1829" type="partial gc" contextid="1828" timestamp="2019-06-16T23:11:34.306">
  <mem-info id="1830" free="125829120" total="375390208" percent="33">
    <mem type="eden" free="0" total="99614720" percent="0" />
    <arraylet-primitive objects="2" leaves="2" largest="1" />
    <remembered-set count="87616" freebytes="14633984" totalbytes="14984448" percent="97" regionsoverflowed="0" regionsstable="3" regionsrebuilding="0"/>
  </mem-info>
</gc-start>
<allocation-stats totalBytes="99601760" >
  <allocated-bytes non-tlh="0" tlh="99601760" arrayletleaf="0"/>
  <largest-consumer threadName="Thread-7" threadId="0000000001D00500" bytes="25748304" />
</allocation-stats>
<gc-op id="1831" type="copy forward" timems="3.863" contextid="1828" timestamp="2019-06-16T23:11:34.311">
  <memory-copied type="eden" objects="25706" bytes="1167824" bytesdiscarded="32" />
  <memory-copied type="other" objects="2872" bytes="68928" bytesdiscarded="0" />
  <memory-cardclean objects="1704" bytes="91304" />
  <regions eden="95" other="4" />
  <remembered-set-cleared processed="78434" cleared="954" durationms="0.865" />
  <stringconstants candidates="4597" cleared="0"  />
</gc-op>
<gc-op id="1832" type="classunload" timems="0.003" contextid="1828" timestamp="2019-06-16T23:11:34.311">
  <classunload-info classloadercandidates="8" classloadersunloaded="0" classesunloaded="0" anonymousclassesunloaded="0" quiescems="0.000" setupms="0.003" scanms="0.000" postms="0.000" />
</gc-op>
<gc-end id="1833" type="partial gc" contextid="1828" durationms="5.283" usertimems="4.000" systemtimems="0.000" timestamp="2019-06-16T23:11:34.312" activeThreads="1">
  <mem-info id="1834" free="225443840" total="375390208" percent="60">
    <mem type="eden" free="929296" total="2097152" percent="44" />
    <arraylet-primitive objects="2" leaves="2" largest="1" />
    <remembered-set count="87488" freebytes="14634496" totalbytes="14984448" percent="97" regionsoverflowed="0" regionsstable="3" regionsrebuilding="0"/>
  </mem-info>
</gc-end>
<cycle-end id="1835" type="partial gc" contextid="1828" timestamp="2019-06-16T23:11:34.312" />
  <attribute name="elasticGC enabled" value="1" />
  <attribute name= "numThreadsSpecified" value="1" />
  <attribute name="heapSize specified" value="0" />
  <attribute name="Current GC Util" value="69" />
  <attribute name= "Current Time Running" value="5530" />
  <attribute name ="GC Interval" value="0" />
  <attribute name="ProportionalT" value="49.000000" />
  <attribute name="ProportionalI" value="49.000000" />
  <attribute name="ProportionalH" value="49.000000" />
  <attribute name="Current Error" value="49.000000" />
  <attribute name="IntegralT" value="0.000000" />
  <attribute name="IntegralI" value="0.000000" />
  <attribute name="IntegralH" value="0.000000" />
  <attribute name="DerivativeT" value="inf" />
  <attribute name="DerivativeI" value="inf" />
  <attribute name="DerivativeH" value="inf" />
  <attribute name="Loop Time for DT" value="0.000000" />
  <attribute name="Output H" value="8388608"/>
  <attribute name="Output I" value="200"/>
  <attribute name="Output T" value="1"/>
  <attribute name="Target GC Util Change" value ="20.000000" />
  <attribute name="Current GC Util Change" value="69.000000"/>
  <attribute name="GC Util currently" value="69" />
  <attribute name="CPU Util currently" value="14306766376568" />
<exclusive-end id="1836" timestamp="2019-06-16T23:11:34.312" durationms="6.424" />

<exclusive-start id="1837" timestamp="2019-06-16T23:11:34.357" intervalms="51.631">
  <response-info timems="0.050" idlems="0.050" threads="0" lastid="0000000001D00500" lastname="Thread-7" />
</exclusive-start>
<allocation-taxation id="1838" taxation-threshold="99614720" timestamp="2019-06-16T23:11:34.358" intervalms="51.646" />
<cycle-start id="1839" type="partial gc" contextid="0" timestamp="2019-06-16T23:11:34.358" intervalms="51.630" />
<gc-start id="1840" type="partial gc" contextid="1839" timestamp="2019-06-16T23:11:34.358">
  <mem-info id="1841" free="125829120" total="375390208" percent="33">
    <mem type="eden" free="0" total="99614720" percent="0" />
    <arraylet-primitive objects="2" leaves="2" largest="1" />
    <remembered-set count="87104" freebytes="14636032" totalbytes="14984448" percent="97" regionsoverflowed="0" regionsstable="3" regionsrebuilding="0"/>
  </mem-info>
</gc-start>
<allocation-stats totalBytes="99601448" >
  <allocated-bytes non-tlh="0" tlh="99601448" arrayletleaf="0"/>
  <largest-consumer threadName="Thread-7" threadId="0000000001D00500" bytes="30331064" />
</allocation-stats>
<gc-op id="1842" type="copy forward" timems="3.899" contextid="1839" timestamp="2019-06-16T23:11:34.363">
  <memory-copied type="eden" objects="14482" bytes="623872" bytesdiscarded="0" />
  <memory-copied type="other" objects="13360" bytes="595392" bytesdiscarded="0" />
  <memory-cardclean objects="1704" bytes="91304" />
  <regions eden="95" other="4" />
  <remembered-set-cleared processed="78109" cleared="629" durationms="0.875" />
  <stringconstants candidates="4597" cleared="0"  />
</gc-op>
<gc-op id="1843" type="classunload" timems="0.002" contextid="1839" timestamp="2019-06-16T23:11:34.363">
  <classunload-info classloadercandidates="8" classloadersunloaded="0" classesunloaded="0" anonymousclassesunloaded="0" quiescems="0.000" setupms="0.002" scanms="0.000" postms="0.000" />
</gc-op>
<gc-end id="1844" type="partial gc" contextid="1839" durationms="5.243" usertimems="4.000" systemtimems="0.000" timestamp="2019-06-16T23:11:34.363" activeThreads="1">
  <mem-info id="1845" free="225443840" total="375390208" percent="60">
    <mem type="eden" free="424704" total="1048576" percent="40" />
    <arraylet-primitive objects="2" leaves="2" largest="1" />
    <remembered-set count="87488" freebytes="14634496" totalbytes="14984448" percent="97" regionsoverflowed="0" regionsstable="3" regionsrebuilding="0"/>
  </mem-info>
</gc-end>
<cycle-end id="1846" type="partial gc" contextid="1839" timestamp="2019-06-16T23:11:34.364" />
  <attribute name="elasticGC enabled" value="1" />
  <attribute name= "numThreadsSpecified" value="1" />
  <attribute name="heapSize specified" value="0" />
  <attribute name="Current GC Util" value="77" />
  <attribute name= "Current Time Running" value="5582" />
  <attribute name ="GC Interval" value="0" />
  <attribute name="ProportionalT" value="57.000000" />
  <attribute name="ProportionalI" value="57.000000" />
  <attribute name="ProportionalH" value="57.000000" />
  <attribute name="Current Error" value="57.000000" />
  <attribute name="IntegralT" value="0.000000" />
  <attribute name="IntegralI" value="0.000000" />
  <attribute name="IntegralH" value="0.000000" />
  <attribute name="DerivativeT" value="inf" />
  <attribute name="DerivativeI" value="inf" />
  <attribute name="DerivativeH" value="inf" />
  <attribute name="Loop Time for DT" value="0.000000" />
  <attribute name="Output H" value="8388608"/>
  <attribute name="Output I" value="200"/>
  <attribute name="Output T" value="1"/>
  <attribute name="Target GC Util Change" value ="20.000000" />
  <attribute name="Current GC Util Change" value="77.000000"/>
  <attribute name="GC Util currently" value="77" />
  <attribute name="CPU Util currently" value="15932032038938" />
<exclusive-end id="1847" timestamp="2019-06-16T23:11:34.364" durationms="6.352" />

<exclusive-start id="1848" timestamp="2019-06-16T23:11:34.405" intervalms="47.698">
  <response-info timems="0.032" idlems="0.032" threads="0" lastid="0000000001D04100" lastname="Thread-9" />
</exclusive-start>
<allocation-taxation id="1849" taxation-threshold="99614720" timestamp="2019-06-16T23:11:34.405" intervalms="47.677" />
<cycle-start id="1850" type="partial gc" contextid="0" timestamp="2019-06-16T23:11:34.405" intervalms="47.686" />
<gc-start id="1851" type="partial gc" contextid="1850" timestamp="2019-06-16T23:11:34.406">
  <mem-info id="1852" free="125829120" total="375390208" percent="33">
    <mem type="eden" free="0" total="99614720" percent="0" />
    <arraylet-primitive objects="2" leaves="2" largest="1" />
    <remembered-set count="87328" freebytes="14635136" totalbytes="14984448" percent="97" regionsoverflowed="0" regionsstable="3" regionsrebuilding="0"/>
  </mem-info>
</gc-start>
<allocation-stats totalBytes="99601752" >
  <allocated-bytes non-tlh="0" tlh="99601752" arrayletleaf="0"/>
  <largest-consumer threadName="Thread-8" threadId="0000000001CFC900" bytes="29340016" />
</allocation-stats>
<gc-op id="1853" type="copy forward" timems="2.341" contextid="1850" timestamp="2019-06-16T23:11:34.409">
  <memory-copied type="eden" objects="15578" bytes="649824" bytesdiscarded="27824" />
  <memory-copied type="other" objects="15665" bytes="650712" bytesdiscarded="50656" />
  <memory-cardclean objects="1704" bytes="91304" />
  <regions eden="95" other="4" />
  <remembered-set-cleared processed="78237" cleared="757" durationms="0.299" />
  <stringconstants candidates="4597" cleared="0"  />
</gc-op>
<gc-op id="1854" type="classunload" timems="0.002" contextid="1850" timestamp="2019-06-16T23:11:34.409">
  <classunload-info classloadercandidates="8" classloadersunloaded="0" classesunloaded="0" anonymousclassesunloaded="0" quiescems="0.000" setupms="0.002" scanms="0.000" postms="0.000" />
</gc-op>
<gc-end id="1855" type="partial gc" contextid="1850" durationms="3.444" usertimems="8.000" systemtimems="0.000" timestamp="2019-06-16T23:11:34.409" activeThreads="4">
  <mem-info id="1856" free="224395264" total="375390208" percent="59">
    <mem type="eden" free="370928" total="1048576" percent="35" />
    <arraylet-primitive objects="2" leaves="2" largest="1" />
    <remembered-set count="86240" freebytes="14639488" totalbytes="14984448" percent="97" regionsoverflowed="0" regionsstable="3" regionsrebuilding="0"/>
  </mem-info>
</gc-end>
<cycle-end id="1857" type="partial gc" contextid="1850" timestamp="2019-06-16T23:11:34.409" />
  <attribute name="elasticGC enabled" value="1" />
  <attribute name= "numThreadsSpecified" value="4" />
  <attribute name="heapSize specified" value="0" />
  <attribute name="Current GC Util" value="83" />
  <attribute name= "Current Time Running" value="5630" />
  <attribute name ="GC Interval" value="0" />
  <attribute name="ProportionalT" value="63.000000" />
  <attribute name="ProportionalI" value="63.000000" />
  <attribute name="ProportionalH" value="63.000000" />
  <attribute name="Current Error" value="63.000000" />
  <attribute name="IntegralT" value="63.000000" />
  <attribute name="IntegralI" value="63.000000" />
  <attribute name="IntegralH" value="63.000000" />
  <attribute name="DerivativeT" value="31.500000" />
  <attribute name="DerivativeI" value="31.500000" />
  <attribute name="DerivativeH" value="31.500000" />
  <attribute name="Loop Time for DT" value="1.000000" />
  <attribute name="Output H" value="8388608"/>
  <attribute name="Output I" value="200"/>
  <attribute name="Output T" value="4"/>
  <attribute name="Target GC Util Change" value ="20.000000" />
  <attribute name="Current GC Util Change" value="83.000000"/>
  <attribute name="GC Util currently" value="83" />
  <attribute name="CPU Util currently" value="15640521591490" />
<exclusive-end id="1858" timestamp="2019-06-16T23:11:34.410" durationms="4.509" />

<exclusive-start id="1859" timestamp="2019-06-16T23:11:34.446" intervalms="40.630">
  <response-info timems="0.031" idlems="0.031" threads="0" lastid="0000000001D04100" lastname="Thread-9" />
</exclusive-start>
<allocation-taxation id="1860" taxation-threshold="99614720" timestamp="2019-06-16T23:11:34.446" intervalms="40.655" />
<cycle-start id="1861" type="partial gc" contextid="0" timestamp="2019-06-16T23:11:34.446" intervalms="40.729" />
<gc-start id="1862" type="partial gc" contextid="1861" timestamp="2019-06-16T23:11:34.446">
  <mem-info id="1863" free="124780544" total="375390208" percent="33">
    <mem type="eden" free="0" total="99614720" percent="0" />
    <arraylet-primitive objects="2" leaves="2" largest="1" />
    <remembered-set count="86144" freebytes="14639872" totalbytes="14984448" percent="97" regionsoverflowed="0" regionsstable="3" regionsrebuilding="0"/>
  </mem-info>
</gc-start>
<allocation-stats totalBytes="99601336" >
  <allocated-bytes non-tlh="0" tlh="99601336" arrayletleaf="0"/>
  <largest-consumer threadName="Thread-8" threadId="0000000001CFC900" bytes="27382296" />
</allocation-stats>
<gc-op id="1864" type="copy forward" timems="4.542" contextid="1861" timestamp="2019-06-16T23:11:34.452">
  <memory-copied type="eden" objects="22103" bytes="805904" bytesdiscarded="0" />
  <memory-copied type="other" objects="12841" bytes="582936" bytesdiscarded="0" />
  <memory-cardclean objects="192" bytes="14672" />
  <regions eden="95" other="4" />
  <remembered-set-cleared processed="78619" cleared="689" durationms="0.861" />
  <stringconstants candidates="4597" cleared="0"  />
</gc-op>
<gc-op id="1865" type="classunload" timems="0.003" contextid="1861" timestamp="2019-06-16T23:11:34.452">
  <classunload-info classloadercandidates="8" classloadersunloaded="0" classesunloaded="0" anonymousclassesunloaded="0" quiescems="0.000" setupms="0.002" scanms="0.000" postms="0.000" />
</gc-op>
<gc-end id="1866" type="partial gc" contextid="1861" durationms="5.882" usertimems="4.000" systemtimems="0.000" timestamp="2019-06-16T23:11:34.452" activeThreads="1">
  <mem-info id="1867" free="223346688" total="375390208" percent="59">
    <mem type="eden" free="242672" total="1048576" percent="23" />
    <arraylet-primitive objects="2" leaves="2" largest="1" />
    <remembered-set count="86528" freebytes="14638336" totalbytes="14984448" percent="97" regionsoverflowed="0" regionsstable="3" regionsrebuilding="0"/>
  </mem-info>
</gc-end>
<cycle-end id="1868" type="partial gc" contextid="1861" timestamp="2019-06-16T23:11:34.453" />
  <attribute name="elasticGC enabled" value="1" />
  <attribute name= "numThreadsSpecified" value="1" />
  <attribute name="heapSize specified" value="0" />
  <attribute name="Current GC Util" value="58" />
  <attribute name= "Current Time Running" value="5670" />
  <attribute name ="GC Interval" value="0" />
  <attribute name="ProportionalT" value="38.000000" />
  <attribute name="ProportionalI" value="38.000000" />
  <attribute name="ProportionalH" value="38.000000" />
  <attribute name="Current Error" value="38.000000" />
  <attribute name="IntegralT" value="0.000000" />
  <attribute name="IntegralI" value="0.000000" />
  <attribute name="IntegralH" value="0.000000" />
  <attribute name="DerivativeT" value="inf" />
  <attribute name="DerivativeI" value="inf" />
  <attribute name="DerivativeH" value="inf" />
  <attribute name="Loop Time for DT" value="0.000000" />
  <attribute name="Output H" value="8388608"/>
  <attribute name="Output I" value="200"/>
  <attribute name="Output T" value="1"/>
  <attribute name="Target GC Util Change" value ="20.000000" />
  <attribute name="Current GC Util Change" value="58.000000"/>
  <attribute name="GC Util currently" value="58" />
  <attribute name="CPU Util currently" value="14653717199813" />
<exclusive-end id="1869" timestamp="2019-06-16T23:11:34.453" durationms="7.107" />

<exclusive-start id="1870" timestamp="2019-06-16T23:11:34.488" intervalms="42.608">
  <response-info timems="0.031" idlems="0.031" threads="0" lastid="0000000001D04100" lastname="Thread-9" />
</exclusive-start>
<allocation-taxation id="1871" taxation-threshold="99614720" timestamp="2019-06-16T23:11:34.489" intervalms="42.590" />
<cycle-start id="1872" type="partial gc" contextid="0" timestamp="2019-06-16T23:11:34.489" intervalms="42.591" />
<gc-start id="1873" type="partial gc" contextid="1872" timestamp="2019-06-16T23:11:34.489">
  <mem-info id="1874" free="123731968" total="375390208" percent="32">
    <mem type="eden" free="0" total="99614720" percent="0" />
    <arraylet-primitive objects="2" leaves="2" largest="1" />
    <remembered-set count="86368" freebytes="14638976" totalbytes="14984448" percent="97" regionsoverflowed="0" regionsstable="3" regionsrebuilding="0"/>
  </mem-info>
</gc-start>
<allocation-stats totalBytes="99600528" >
  <allocated-bytes non-tlh="0" tlh="99600528" arrayletleaf="0"/>
  <largest-consumer threadName="Thread-8" threadId="0000000001CFC900" bytes="26026672" />
</allocation-stats>
<gc-op id="1875" type="copy forward" timems="3.846" contextid="1872" timestamp="2019-06-16T23:11:34.494">
  <memory-copied type="eden" objects="29740" bytes="1264064" bytesdiscarded="0" />
  <memory-copied type="other" objects="0" bytes="0" bytesdiscarded="0" />
  <memory-cardclean objects="39" bytes="3272" />
  <regions eden="95" other="4" />
  <remembered-set-cleared processed="78802" cleared="821" durationms="0.858" />
  <stringconstants candidates="4597" cleared="0"  />
</gc-op>
<gc-op id="1876" type="classunload" timems="0.003" contextid="1872" timestamp="2019-06-16T23:11:34.494">
  <classunload-info classloadercandidates="8" classloadersunloaded="0" classesunloaded="0" anonymousclassesunloaded="0" quiescems="0.000" setupms="0.002" scanms="0.000" postms="0.000" />
</gc-op>
<gc-end id="1877" type="partial gc" contextid="1872" durationms="5.115" usertimems="4.000" systemtimems="0.000" timestamp="2019-06-16T23:11:34.494" activeThreads="1">
  <mem-info id="1878" free="225443840" total="375390208" percent="60">
    <mem type="eden" free="833088" total="2097152" percent="39" />
    <arraylet-primitive objects="2" leaves="2" largest="1" />
    <remembered-set count="85568" freebytes="14642176" totalbytes="14984448" percent="97" regionsoverflowed="0" regionsstable="3" regionsrebuilding="0"/>
  </mem-info>
</gc-end>
<cycle-end id="1879" type="partial gc" contextid="1872" timestamp="2019-06-16T23:11:34.494" />
  <attribute name="elasticGC enabled" value="1" />
  <attribute name= "numThreadsSpecified" value="1" />
  <attribute name="heapSize specified" value="0" />
  <attribute name="Current GC Util" value="84" />
  <attribute name= "Current Time Running" value="5713" />
  <attribute name ="GC Interval" value="0" />
  <attribute name="ProportionalT" value="64.000000" />
  <attribute name="ProportionalI" value="64.000000" />
  <attribute name="ProportionalH" value="64.000000" />
  <attribute name="Current Error" value="64.000000" />
  <attribute name="IntegralT" value="0.000000" />
  <attribute name="IntegralI" value="0.000000" />
  <attribute name="IntegralH" value="0.000000" />
  <attribute name="DerivativeT" value="inf" />
  <attribute name="DerivativeI" value="inf" />
  <attribute name="DerivativeH" value="inf" />
  <attribute name="Loop Time for DT" value="0.000000" />
  <attribute name="Output H" value="8388608"/>
  <attribute name="Output I" value="200"/>
  <attribute name="Output T" value="1"/>
  <attribute name="Target GC Util Change" value ="20.000000" />
  <attribute name="Current GC Util Change" value="84.000000"/>
  <attribute name="GC Util currently" value="84" />
  <attribute name="CPU Util currently" value="17529129122777" />
<exclusive-end id="1880" timestamp="2019-06-16T23:11:34.495" durationms="6.321" />

<exclusive-start id="1881" timestamp="2019-06-16T23:11:34.530" intervalms="41.524">
  <response-info timems="0.033" idlems="0.033" threads="0" lastid="0000000001D00500" lastname="Thread-7" />
</exclusive-start>
<allocation-taxation id="1882" taxation-threshold="99614720" timestamp="2019-06-16T23:11:34.530" intervalms="41.514" />
<cycle-start id="1883" type="partial gc" contextid="0" timestamp="2019-06-16T23:11:34.530" intervalms="41.436" />
<gc-start id="1884" type="partial gc" contextid="1883" timestamp="2019-06-16T23:11:34.530">
  <mem-info id="1885" free="125829120" total="375390208" percent="33">
    <mem type="eden" free="0" total="99614720" percent="0" />
    <arraylet-primitive objects="2" leaves="2" largest="1" />
    <remembered-set count="85504" freebytes="14642432" totalbytes="14984448" percent="97" regionsoverflowed="0" regionsstable="3" regionsrebuilding="0"/>
  </mem-info>
</gc-start>
<allocation-stats totalBytes="99601136" >
  <allocated-bytes non-tlh="0" tlh="99601136" arrayletleaf="0"/>
  <largest-consumer threadName="Thread-9" threadId="0000000001D04100" bytes="25506536" />
</allocation-stats>
<gc-op id="1886" type="copy forward" timems="4.365" contextid="1883" timestamp="2019-06-16T23:11:34.536">
  <memory-copied type="eden" objects="33594" bytes="1356320" bytesdiscarded="8" />
  <memory-copied type="other" objects="2872" bytes="68928" bytesdiscarded="0" />
  <memory-cardclean objects="1704" bytes="91304" />
  <regions eden="95" other="4" />
  <remembered-set-cleared processed="78259" cleared="779" durationms="0.866" />
  <stringconstants candidates="4597" cleared="0"  />
</gc-op>
<gc-op id="1887" type="classunload" timems="0.002" contextid="1883" timestamp="2019-06-16T23:11:34.536">
  <classunload-info classloadercandidates="8" classloadersunloaded="0" classesunloaded="0" anonymousclassesunloaded="0" quiescems="0.000" setupms="0.002" scanms="0.000" postms="0.000" />
</gc-op>
<gc-end id="1888" type="partial gc" contextid="1883" durationms="5.487" usertimems="4.000" systemtimems="0.000" timestamp="2019-06-16T23:11:34.536" activeThreads="1">
  <mem-info id="1889" free="225443840" total="375390208" percent="60">
    <mem type="eden" free="740824" total="2097152" percent="35" />
    <arraylet-primitive objects="2" leaves="2" largest="1" />
    <remembered-set count="85984" freebytes="14640512" totalbytes="14984448" percent="97" regionsoverflowed="0" regionsstable="3" regionsrebuilding="0"/>
  </mem-info>
</gc-end>
<cycle-end id="1890" type="partial gc" contextid="1883" timestamp="2019-06-16T23:11:34.536" />
  <attribute name="elasticGC enabled" value="1" />
  <attribute name= "numThreadsSpecified" value="1" />
  <attribute name="heapSize specified" value="0" />
  <attribute name="Current GC Util" value="65" />
  <attribute name= "Current Time Running" value="5754" />
  <attribute name ="GC Interval" value="0" />
  <attribute name="ProportionalT" value="45.000000" />
  <attribute name="ProportionalI" value="45.000000" />
  <attribute name="ProportionalH" value="45.000000" />
  <attribute name="Current Error" value="45.000000" />
  <attribute name="IntegralT" value="0.000000" />
  <attribute name="IntegralI" value="0.000000" />
  <attribute name="IntegralH" value="0.000000" />
  <attribute name="DerivativeT" value="inf" />
  <attribute name="DerivativeI" value="inf" />
  <attribute name="DerivativeH" value="inf" />
  <attribute name="Loop Time for DT" value="0.000000" />
  <attribute name="Output H" value="8388608"/>
  <attribute name="Output I" value="200"/>
  <attribute name="Output T" value="1"/>
  <attribute name="Target GC Util Change" value ="20.000000" />
  <attribute name="Current GC Util Change" value="65.000000"/>
  <attribute name="GC Util currently" value="65" />
  <attribute name="CPU Util currently" value="17415601065692" />
<exclusive-end id="1891" timestamp="2019-06-16T23:11:34.536" durationms="6.522" />

<exclusive-start id="1892" timestamp="2019-06-16T23:11:34.569" intervalms="39.268">
  <response-info timems="0.030" idlems="0.030" threads="0" lastid="0000000001D00500" lastname="Thread-7" />
</exclusive-start>
<allocation-taxation id="1893" taxation-threshold="99614720" timestamp="2019-06-16T23:11:34.569" intervalms="39.236" />
<cycle-start id="1894" type="partial gc" contextid="0" timestamp="2019-06-16T23:11:34.569" intervalms="39.226" />
<gc-start id="1895" type="partial gc" contextid="1894" timestamp="2019-06-16T23:11:34.570">
  <mem-info id="1896" free="125829120" total="375390208" percent="33">
    <mem type="eden" free="0" total="99614720" percent="0" />
    <arraylet-primitive objects="2" leaves="2" largest="1" />
    <remembered-set count="85760" freebytes="14641408" totalbytes="14984448" percent="97" regionsoverflowed="0" regionsstable="3" regionsrebuilding="0"/>
  </mem-info>
</gc-start>
<allocation-stats totalBytes="99600976" >
  <allocated-bytes non-tlh="0" tlh="99600976" arrayletleaf="0"/>
  <largest-consumer threadName="Thread-9" threadId="0000000001D04100" bytes="26227112" />
</allocation-stats>
<gc-op id="1897" type="copy forward" timems="3.849" contextid="1894" timestamp="2019-06-16T23:11:34.574">
  <memory-copied type="eden" objects="26464" bytes="1185688" bytesdiscarded="16" />
  <memory-copied type="other" objects="2872" bytes="68928" bytesdiscarded="0" />
  <memory-cardclean objects="1704" bytes="91304" />
  <regions eden="95" other="4" />
  <remembered-set-cleared processed="78249" cleared="769" durationms="0.813" />
  <stringconstants candidates="4597" cleared="0"  />
</gc-op>
<gc-op id="1898" type="classunload" timems="0.002" contextid="1894" timestamp="2019-06-16T23:11:34.574">
  <classunload-info classloadercandidates="8" classloadersunloaded="0" classesunloaded="0" anonymousclassesunloaded="0" quiescems="0.000" setupms="0.002" scanms="0.000" postms="0.000" />
</gc-op>
<gc-end id="1899" type="partial gc" contextid="1894" durationms="4.918" usertimems="4.000" systemtimems="0.000" timestamp="2019-06-16T23:11:34.575" activeThreads="1">
  <mem-info id="1900" free="225443840" total="375390208" percent="60">
    <mem type="eden" free="911448" total="2097152" percent="43" />
    <arraylet-primitive objects="2" leaves="2" largest="1" />
    <remembered-set count="85472" freebytes="14642560" totalbytes="14984448" percent="97" regionsoverflowed="0" regionsstable="3" regionsrebuilding="0"/>
  </mem-info>
</gc-end>
<cycle-end id="1901" type="partial gc" contextid="1894" timestamp="2019-06-16T23:11:34.575" />
  <attribute name="elasticGC enabled" value="1" />
  <attribute name= "numThreadsSpecified" value="1" />
  <attribute name="heapSize specified" value="0" />
  <attribute name="Current GC Util" value="75" />
  <attribute name= "Current Time Running" value="5793" />
  <attribute name ="GC Interval" value="0" />
  <attribute name="ProportionalT" value="55.000000" />
  <attribute name="ProportionalI" value="55.000000" />
  <attribute name="ProportionalH" value="55.000000" />
  <attribute name="Current Error" value="55.000000" />
  <attribute name="IntegralT" value="0.000000" />
  <attribute name="IntegralI" value="0.000000" />
  <attribute name="IntegralH" value="0.000000" />
  <attribute name="DerivativeT" value="inf" />
  <attribute name="DerivativeI" value="inf" />
  <attribute name="DerivativeH" value="inf" />
  <attribute name="Loop Time for DT" value="0.000000" />
  <attribute name="Output H" value="8388608"/>
  <attribute name="Output I" value="200"/>
  <attribute name="Output T" value="1"/>
  <attribute name="Target GC Util Change" value ="20.000000" />
  <attribute name="Current GC Util Change" value="75.000000"/>
  <attribute name="GC Util currently" value="75" />
  <attribute name="CPU Util currently" value="19280429755662" />
<exclusive-end id="1902" timestamp="2019-06-16T23:11:34.575" durationms="5.814" />

<exclusive-start id="1903" timestamp="2019-06-16T23:11:34.606" intervalms="37.339">
  <response-info timems="0.030" idlems="0.030" threads="0" lastid="0000000001D00500" lastname="Thread-7" />
</exclusive-start>
<allocation-taxation id="1904" taxation-threshold="99614720" timestamp="2019-06-16T23:11:34.607" intervalms="37.307" />
<cycle-start id="1905" type="partial gc" contextid="0" timestamp="2019-06-16T23:11:34.607" intervalms="37.313" />
<gc-start id="1906" type="partial gc" contextid="1905" timestamp="2019-06-16T23:11:34.607">
  <mem-info id="1907" free="125829120" total="375390208" percent="33">
    <mem type="eden" free="0" total="99614720" percent="0" />
    <arraylet-primitive objects="2" leaves="2" largest="1" />
    <remembered-set count="85120" freebytes="14643968" totalbytes="14984448" percent="97" regionsoverflowed="0" regionsstable="3" regionsrebuilding="0"/>
  </mem-info>
</gc-start>
<allocation-stats totalBytes="99601712" >
  <allocated-bytes non-tlh="0" tlh="99601712" arrayletleaf="0"/>
  <largest-consumer threadName="Thread-10" threadId="0000000001CF8D00" bytes="25457408" />
</allocation-stats>
<gc-op id="1908" type="copy forward" timems="2.101" contextid="1905" timestamp="2019-06-16T23:11:34.610">
  <memory-copied type="eden" objects="21654" bytes="933360" bytesdiscarded="49488" />
  <memory-copied type="other" objects="9881" bytes="374520" bytesdiscarded="16080" />
  <memory-cardclean objects="1704" bytes="91304" />
  <regions eden="95" other="4" />
  <remembered-set-cleared processed="78237" cleared="757" durationms="0.302" />
  <stringconstants candidates="4597" cleared="0"  />
</gc-op>
<gc-op id="1909" type="classunload" timems="0.002" contextid="1905" timestamp="2019-06-16T23:11:34.610">
  <classunload-info classloadercandidates="8" classloadersunloaded="0" classesunloaded="0" anonymousclassesunloaded="0" quiescems="0.000" setupms="0.002" scanms="0.000" postms="0.000" />
</gc-op>
<gc-end id="1910" type="partial gc" contextid="1905" durationms="3.048" usertimems="4.000" systemtimems="0.000" timestamp="2019-06-16T23:11:34.610" activeThreads="4">
  <mem-info id="1911" free="225443840" total="375390208" percent="60">
    <mem type="eden" free="65728" total="1048576" percent="6" />
    <arraylet-primitive objects="2" leaves="2" largest="1" />
    <remembered-set count="85216" freebytes="14643584" totalbytes="14984448" percent="97" regionsoverflowed="0" regionsstable="3" regionsrebuilding="0"/>
  </mem-info>
</gc-end>
<cycle-end id="1912" type="partial gc" contextid="1905" timestamp="2019-06-16T23:11:34.610" />
  <attribute name="elasticGC enabled" value="1" />
  <attribute name= "numThreadsSpecified" value="4" />
  <attribute name="heapSize specified" value="0" />
  <attribute name="Current GC Util" value="91" />
  <attribute name= "Current Time Running" value="5831" />
  <attribute name ="GC Interval" value="0" />
  <attribute name="ProportionalT" value="71.000000" />
  <attribute name="ProportionalI" value="71.000000" />
  <attribute name="ProportionalH" value="71.000000" />
  <attribute name="Current Error" value="71.000000" />
  <attribute name="IntegralT" value="71.000000" />
  <attribute name="IntegralI" value="71.000000" />
  <attribute name="IntegralH" value="71.000000" />
  <attribute name="DerivativeT" value="35.500000" />
  <attribute name="DerivativeI" value="35.500000" />
  <attribute name="DerivativeH" value="35.500000" />
  <attribute name="Loop Time for DT" value="1.000000" />
  <attribute name="Output H" value="8388608"/>
  <attribute name="Output I" value="200"/>
  <attribute name="Output T" value="4"/>
  <attribute name="Target GC Util Change" value ="20.000000" />
  <attribute name="Current GC Util Change" value="91.000000"/>
  <attribute name="GC Util currently" value="91" />
  <attribute name="CPU Util currently" value="18818522708148" />
<exclusive-end id="1913" timestamp="2019-06-16T23:11:34.610" durationms="3.820" />

<exclusive-start id="1914" timestamp="2019-06-16T23:11:34.645" intervalms="38.070">
  <response-info timems="0.061" idlems="0.061" threads="0" lastid="0000000001D04100" lastname="Thread-9" />
</exclusive-start>
<allocation-taxation id="1915" taxation-threshold="99614720" timestamp="2019-06-16T23:11:34.645" intervalms="38.125" />
<cycle-start id="1916" type="partial gc" contextid="0" timestamp="2019-06-16T23:11:34.645" intervalms="38.099" />
<gc-start id="1917" type="partial gc" contextid="1916" timestamp="2019-06-16T23:11:34.645">
  <mem-info id="1918" free="125829120" total="375390208" percent="33">
    <mem type="eden" free="0" total="99614720" percent="0" />
    <arraylet-primitive objects="2" leaves="2" largest="1" />
    <remembered-set count="85056" freebytes="14644224" totalbytes="14984448" percent="97" regionsoverflowed="0" regionsstable="3" regionsrebuilding="0"/>
  </mem-info>
</gc-start>
<allocation-stats totalBytes="99602136" >
  <allocated-bytes non-tlh="0" tlh="99602136" arrayletleaf="0"/>
  <largest-consumer threadName="Thread-7" threadId="0000000001D00500" bytes="26948272" />
</allocation-stats>
<gc-op id="1919" type="copy forward" timems="3.468" contextid="1916" timestamp="2019-06-16T23:11:34.649">
  <memory-copied type="eden" objects="20612" bytes="907336" bytesdiscarded="0" />
  <memory-copied type="other" objects="2872" bytes="68928" bytesdiscarded="0" />
  <memory-cardclean objects="1704" bytes="91304" />
  <regions eden="95" other="4" />
  <remembered-set-cleared processed="78329" cleared="849" durationms="0.862" />
  <stringconstants candidates="4597" cleared="0"  />
</gc-op>
<gc-op id="1920" type="classunload" timems="0.002" contextid="1916" timestamp="2019-06-16T23:11:34.650">
  <classunload-info classloadercandidates="8" classloadersunloaded="0" classesunloaded="0" anonymousclassesunloaded="0" quiescems="0.000" setupms="0.002" scanms="0.000" postms="0.000" />
</gc-op>
<gc-end id="1921" type="partial gc" contextid="1916" durationms="4.665" usertimems="4.000" systemtimems="0.000" timestamp="2019-06-16T23:11:34.650" activeThreads="1">
  <mem-info id="1922" free="226492416" total="375390208" percent="60">
    <mem type="eden" free="141240" total="1048576" percent="13" />
    <arraylet-primitive objects="2" leaves="2" largest="1" />
    <remembered-set count="84576" freebytes="14646144" totalbytes="14984448" percent="97" regionsoverflowed="0" regionsstable="3" regionsrebuilding="0"/>
  </mem-info>
</gc-end>
<cycle-end id="1923" type="partial gc" contextid="1916" timestamp="2019-06-16T23:11:34.650" />
  <attribute name="elasticGC enabled" value="1" />
  <attribute name= "numThreadsSpecified" value="1" />
  <attribute name="heapSize specified" value="0" />
  <attribute name="Current GC Util" value="55" />
  <attribute name= "Current Time Running" value="5869" />
  <attribute name ="GC Interval" value="0" />
  <attribute name="ProportionalT" value="35.000000" />
  <attribute name="ProportionalI" value="35.000000" />
  <attribute name="ProportionalH" value="35.000000" />
  <attribute name="Current Error" value="35.000000" />
  <attribute name="IntegralT" value="0.000000" />
  <attribute name="IntegralI" value="0.000000" />
  <attribute name="IntegralH" value="0.000000" />
  <attribute name="DerivativeT" value="inf" />
  <attribute name="DerivativeI" value="inf" />
  <attribute name="DerivativeH" value="inf" />
  <attribute name="Loop Time for DT" value="0.000000" />
  <attribute name="Output H" value="8388608"/>
  <attribute name="Output I" value="200"/>
  <attribute name="Output T" value="1"/>
  <attribute name="Target GC Util Change" value ="20.000000" />
  <attribute name="Current GC Util Change" value="55.000000"/>
  <attribute name="GC Util currently" value="55" />
  <attribute name="CPU Util currently" value="18940095581551" />
<exclusive-end id="1924" timestamp="2019-06-16T23:11:34.650" durationms="5.760" />

</verbosegc>

