<?xml version="1.0" ?>

<verbosegc xmlns="http://www.ibm.com/j9/verbosegc" version="10b4217_CMPRSS">

<initialized id="1" timestamp="2019-06-15T09:17:25.173">
  <attribute name="gcPolicy" value="-Xgcpolicy:balanced" />
  <attribute name="elasticGC enabled" value="1" />
  <attribute name= "numThreadsSpecified" value="0" />
  <attribute name="heapSize specified" value="0" />
  <attribute name="Current GC Util" value="0" />
  <attribute name= "Current Time Running" value="0" />
  <attribute name ="GC Interval" value="0" />
  <attribute name="ProportionalT" value="0.000000" />
  <attribute name="ProportionalI" value="0.000000" />
  <attribute name="ProportionalH" value="0.000000" />
  <attribute name="IntegralT" value="0.000000" />
  <attribute name="IntegralI" value="0.000000" />
  <attribute name="IntegralH" value="0.000000" />
  <attribute name="DerivativeT" value="0.000000" />
  <attribute name="DerivativeI" value="0.000000" />
  <attribute name="DerivativeH" value="0.000000" />
  <attribute name="Target GC Util Change" value ="0.000000" />
  <attribute name="Current GC Util Change" value="0.000000"/>
  <attribute name="Current Error" value="0.000000" />
  <attribute name="Loop Time for DT" value="0.000000" />
  <attribute name="Output H" value="0"/>
  <attribute name="Output I" value="0"/>
  <attribute name="Output T" value="0"/>
  <attribute name="GC Util currently" value="0" />
  <attribute name="CPU Util currently" value="0" />
  <attribute name="maxHeapSize" value="0x7cb00000" />
  <attribute name="initialHeapSize" value="0x800000" />
  <attribute name="compressedRefs" value="true" />
  <attribute name="compressedRefsDisplacement" value="0x0" />
  <attribute name="compressedRefsShift" value="0x0" />
  <attribute name="pageSize" value="0x1000" />
  <attribute name="pageType" value="not used" />
  <attribute name="requestedPageSize" value="0x1000" />
  <attribute name="requestedPageType" value="not used" />
  <attribute name="gcthreads" value="4" />
  <attribute name="packetListSplit" value="4" />
  <attribute name="cacheListSplit" value="4" />
  <attribute name="splitFreeListSplitAmount" value="1" />
  <attribute name="numaNodes" value="0" />
  <region>
    <attribute name="regionSize" value="1048576" />
    <attribute name="regionCount" value="1995" />
    <attribute name="arrayletLeafSize" value="1048576" />
  </region>
  <system>
    <attribute name="physicalMemory" value="8370962432" />
    <attribute name="numCPUs" value="4" />
    <attribute name="architecture" value="amd64" />
    <attribute name="os" value="Linux" />
    <attribute name="osVersion" value="4.4.0-148-generic" />
  </system>
  <vmargs>
    <vmarg name="-Xoptionsfile=/vagrant/jdk/lib/options.default" />
    <vmarg name="-Xlockword:mode=default,noLockword=java/lang/String,noLockword=java/util/MapEntry,noLockword=java/util/HashMap$Entry,noLockword..." />
    <vmarg name="-Xjcl:jclse29" />
    <vmarg name="-Dcom.ibm.oti.vm.bootstrap.library.path=/vagrant/jdk/lib/compressedrefs:/vagrant/jdk/lib" />
    <vmarg name="-Dsun.boot.library.path=/vagrant/jdk/lib/compressedrefs:/vagrant/jdk/lib" />
    <vmarg name="-Djava.library.path=/vagrant/jdk/lib/compressedrefs:/vagrant/jdk/lib:/usr/lib64:/usr/lib" />
    <vmarg name="-Djava.home=/vagrant/jdk" />
    <vmarg name="-Duser.dir=/vagrant" />
    <vmarg name="-Xgcpolicy:balanced" />
    <vmarg name="-Xgcelastic" />
    <vmarg name="-Xcheck:gc:::elasticGC" />
    <vmarg name="-verbose:gc" />
    <vmarg name="-Xloggc:large-Balanced-jdk0.5-1-1.5-verbose6sunflow.txt" />
    <vmarg name="-Djava.class.path=dacapo-9.12-MR1-bach.jar" />
    <vmarg name="-Dsun.java.command=dacapo-9.12-MR1-bach.jar sunflow --size=large" />
    <vmarg name="-Dsun.java.launcher=SUN_STANDARD" />
    <vmarg name="-Dsun.java.launcher.pid=27809" />
  </vmargs>
</initialized>

<exclusive-start id="2" timestamp="2019-06-15T09:17:25.775" intervalms="601.929">
  <response-info timems="0.031" idlems="0.031" threads="0" lastid="0000000000A74700" lastname="main" />
</exclusive-start>
<allocation-taxation id="3" taxation-threshold="8388608" timestamp="2019-06-15T09:17:25.775" intervalms="602.484" />
<cycle-start id="4" type="partial gc" contextid="0" timestamp="2019-06-15T09:17:25.776" intervalms="603.096" />
<gc-start id="5" type="partial gc" contextid="4" timestamp="2019-06-15T09:17:25.776">
  <mem-info id="6" free="0" total="8388608" percent="0">
    <mem type="eden" free="24" total="8388608" percent="0" />
    <arraylet-primitive objects="1" leaves="1" largest="1" />
    <remembered-set count="0" freebytes="334848" totalbytes="334848" percent="100" regionsoverflowed="0" regionsstable="0" regionsrebuilding="0"/>
  </mem-info>
</gc-start>
<allocation-stats totalBytes="8383544" >
  <allocated-bytes non-tlh="1288352" tlh="6046616" arrayletleaf="1048576"/>
  <largest-consumer threadName="main" threadId="0000000000A74700" bytes="8306016" />
</allocation-stats>
<gc-op id="7" type="mark" timems="3.390" contextid="4" timestamp="2019-06-15T09:17:25.781">
  <trace-info objectcount="30304" scancount="23633" scanbytes="765340" />
  <remembered-set-cleared processed="0" cleared="0" durationms="0.250" />
  <finalization candidates="125" enqueued="1" />
  <ownableSynchronizers candidates="3" cleared="0" />
  <references type="soft" candidates="131" cleared="0" enqueued="0" dynamicThreshold="32" maxThreshold="32" />
  <references type="weak" candidates="1321" cleared="568" enqueued="478" />
  <references type="phantom" candidates="106" cleared="42" enqueued="42" />
  <stringconstants candidates="3958" cleared="0"  />
  <warning details="Mark for calibration purposes" />
</gc-op>
<gc-op id="8" type="classunload" timems="0.049" contextid="4" timestamp="2019-06-15T09:17:25.781">
  <classunload-info classloadercandidates="7" classloadersunloaded="0" classesunloaded="0" anonymousclassesunloaded="0" quiescems="0.000" setupms="0.049" scanms="0.000" postms="0.000" />
</gc-op>
<gc-op id="9" type="sweep" timems="0.608" contextid="4" timestamp="2019-06-15T09:17:25.782" />
<gc-op id="10" type="compact" timems="4.291" contextid="4" timestamp="2019-06-15T09:17:25.787">
  <compact-info movecount="30304" movebytes="2124096" />
  <remembered-set-cleared processed="0" cleared="0" durationms="0.250" />
</gc-op>
<heap-resize id="11" type="expand" space="default" amount="1048576" count="1" timems="0.062" reason="insufficient free space following gc" timestamp="2019-06-15T09:17:25.788" />
<gc-end id="12" type="partial gc" contextid="4" durationms="11.579" usertimems="4.000" systemtimems="8.000" timestamp="2019-06-15T09:17:25.788" activeThreads="4">
  <mem-info id="13" free="5242880" total="9437184" percent="55">
    <mem type="eden" free="260640" total="4194304" percent="6" />
    <arraylet-primitive objects="1" leaves="1" largest="1" />
    <pending-finalizers system="1" default="0" reference="520" classloader="0" />
    <remembered-set count="2048" freebytes="368512" totalbytes="376704" percent="97" regionsoverflowed="0" regionsstable="0" regionsrebuilding="0"/>
  </mem-info>
</gc-end>
<cycle-end id="14" type="partial gc" contextid="4" timestamp="2019-06-15T09:17:25.788" />
  <attribute name="elasticGC enabled" value="1" />
  <attribute name= "numThreadsSpecified" value="4" />
  <attribute name="heapSize specified" value="0" />
  <attribute name="Current GC Util" value="34" />
  <attribute name= "Current Time Running" value="459" />
  <attribute name ="GC Interval" value="0" />
  <attribute name="ProportionalT" value="7.000000" />
  <attribute name="ProportionalI" value="7.000000" />
  <attribute name="ProportionalH" value="7.000000" />
  <attribute name="Current Error" value="14.000000" />
  <attribute name="IntegralT" value="-8698.000000" />
  <attribute name="IntegralI" value="-8698.000000" />
  <attribute name="IntegralH" value="-8698.000000" />
  <attribute name="DerivativeT" value="-78.000000" />
  <attribute name="DerivativeI" value="-78.000000" />
  <attribute name="DerivativeH" value="-78.000000" />
  <attribute name="Loop Time for DT" value="1.000000" />
  <attribute name="Output H" value="2091843584"/>
  <attribute name="Output I" value="200"/>
  <attribute name="Output T" value="4"/>
  <attribute name="Target GC Util Change" value ="20.000000" />
  <attribute name="Current GC Util Change" value="34.000000"/>
  <attribute name="GC Util currently" value="34" />
  <attribute name="CPU Util currently" value="4032417191509" />
<exclusive-end id="15" timestamp="2019-06-15T09:17:25.788" durationms="13.613" />

<exclusive-start id="16" timestamp="2019-06-15T09:17:25.806" intervalms="31.952">
  <response-info timems="0.070" idlems="0.070" threads="0" lastid="0000000000A74700" lastname="main" />
</exclusive-start>
<sys-start reason="explicit" id="17" timestamp="2019-06-15T09:17:25.807" intervalms="634.084" />
<cycle-start id="18" type="global garbage collect" contextid="0" timestamp="2019-06-15T09:17:25.807" intervalms="634.383" />
<gc-start id="19" type="global garbage collect" contextid="18" timestamp="2019-06-15T09:17:25.807">
  <mem-info id="20" free="1572864" total="9437184" percent="16">
    <mem type="eden" free="524288" total="4194304" percent="12" />
    <arraylet-primitive objects="2" leaves="2" largest="1" />
    <remembered-set count="1600" freebytes="370304" totalbytes="376704" percent="98" regionsoverflowed="0" regionsstable="0" regionsrebuilding="0"/>
  </mem-info>
</gc-start>
<allocation-stats totalBytes="3669608" >
  <allocated-bytes non-tlh="88" tlh="2620944" arrayletleaf="1048576"/>
  <largest-consumer threadName="main" threadId="0000000000A74700" bytes="3653536" />
</allocation-stats>
<gc-op id="21" type="global mark" timems="2.440" contextid="18" timestamp="2019-06-15T09:17:25.810">
  <trace-info objectcount="29352" scancount="22833" scanbytes="751044" />
  <finalization candidates="124" enqueued="0" />
  <ownableSynchronizers candidates="3" cleared="0" />
  <references type="soft" candidates="131" cleared="0" enqueued="0" dynamicThreshold="17" maxThreshold="32" />
  <references type="weak" candidates="755" cleared="2" enqueued="2" />
  <references type="phantom" candidates="63" cleared="0" enqueued="0" />
  <stringconstants candidates="3958" cleared="0"  />
</gc-op>
<gc-op id="22" type="classunload" timems="0.002" contextid="18" timestamp="2019-06-15T09:17:25.810">
  <classunload-info classloadercandidates="7" classloadersunloaded="0" classesunloaded="0" anonymousclassesunloaded="0" quiescems="0.000" setupms="0.002" scanms="0.000" postms="0.000" />
</gc-op>
<gc-op id="23" type="sweep" timems="0.317" contextid="18" timestamp="2019-06-15T09:17:25.811" />
<gc-op id="24" type="compact" timems="3.951" contextid="18" timestamp="2019-06-15T09:17:25.815">
  <compact-info movecount="29352" movebytes="1297968" />
  <remembered-set-cleared processed="2527" cleared="2527" durationms="0.053" />
</gc-op>
<gc-end id="25" type="global garbage collect" contextid="18" durationms="7.870" usertimems="8.000" systemtimems="4.000" timestamp="2019-06-15T09:17:25.815" activeThreads="4">
  <mem-info id="26" free="4194304" total="9437184" percent="44">
    <arraylet-primitive objects="2" leaves="2" largest="1" />
    <pending-finalizers system="0" default="0" reference="2" classloader="0" />
    <remembered-set count="2048" freebytes="368512" totalbytes="376704" percent="97" regionsoverflowed="0" regionsstable="0" regionsrebuilding="0"/>
  </mem-info>
</gc-end>
<cycle-end id="27" type="global garbage collect" contextid="18" timestamp="2019-06-15T09:17:25.815" />
  <attribute name="elasticGC enabled" value="1" />
  <attribute name= "numThreadsSpecified" value="4" />
  <attribute name="heapSize specified" value="0" />
  <attribute name="Current GC Util" value="22" />
  <attribute name= "Current Time Running" value="487" />
  <attribute name ="GC Interval" value="0" />
  <attribute name="ProportionalT" value="1.000000" />
  <attribute name="ProportionalI" value="1.000000" />
  <attribute name="ProportionalH" value="1.000000" />
  <attribute name="Current Error" value="2.000000" />
  <attribute name="IntegralT" value="0.000000" />
  <attribute name="IntegralI" value="0.000000" />
  <attribute name="IntegralH" value="0.000000" />
  <attribute name="DerivativeT" value="-inf" />
  <attribute name="DerivativeI" value="-inf" />
  <attribute name="DerivativeH" value="-inf" />
  <attribute name="Loop Time for DT" value="0.000000" />
  <attribute name="Output H" value="2091843584"/>
  <attribute name="Output I" value="200"/>
  <attribute name="Output T" value="4"/>
  <attribute name="Target GC Util Change" value ="20.000000" />
  <attribute name="Current GC Util Change" value="22.000000"/>
  <attribute name="GC Util currently" value="22" />
  <attribute name="CPU Util currently" value="8065024786109" />
<sys-end id="28" timestamp="2019-06-15T09:17:25.815" />
<exclusive-end id="29" timestamp="2019-06-15T09:17:25.815" durationms="9.027" />

<exclusive-start id="30" timestamp="2019-06-15T09:17:25.996" intervalms="189.758">
  <response-info timems="0.057" idlems="0.057" threads="0" lastid="0000000000DC5D00" lastname="Thread-3" />
</exclusive-start>
<allocation-taxation id="31" taxation-threshold="4194304" timestamp="2019-06-15T09:17:25.996" intervalms="221.372" />
<cycle-start id="32" type="partial gc" contextid="0" timestamp="2019-06-15T09:17:25.997" intervalms="220.999" />
<gc-start id="33" type="partial gc" contextid="32" timestamp="2019-06-15T09:17:25.997">
  <mem-info id="34" free="0" total="9437184" percent="0">
    <mem type="eden" free="0" total="4194304" percent="0" />
    <arraylet-primitive objects="2" leaves="2" largest="1" />
    <remembered-set count="1696" freebytes="369920" totalbytes="376704" percent="98" regionsoverflowed="0" regionsstable="0" regionsrebuilding="0"/>
  </mem-info>
</gc-start>
<allocation-stats totalBytes="4179480" >
  <allocated-bytes non-tlh="489880" tlh="3689600" arrayletleaf="0"/>
  <largest-consumer threadName="main" threadId="0000000000A74700" bytes="3032456" />
</allocation-stats>
<gc-op id="35" type="mark" timems="1.289" contextid="32" timestamp="2019-06-15T09:17:25.999">
  <trace-info objectcount="11060" scancount="7686" scanbytes="228256" />
  <cardclean-info objects="460" bytes="20328" />
  <remembered-set-cleared processed="916" cleared="35" durationms="0.056" />
  <references type="soft" candidates="17" cleared="0" enqueued="0" dynamicThreshold="14" maxThreshold="32" />
  <references type="weak" candidates="45" cleared="29" enqueued="28" />
  <references type="phantom" candidates="2" cleared="0" enqueued="0" />
  <stringconstants candidates="4509" cleared="1"  />
  <warning details="Mark invoked due to insufficient free space for Copy-Forward" />
</gc-op>
<gc-op id="36" type="classunload" timems="0.002" contextid="32" timestamp="2019-06-15T09:17:25.999">
  <classunload-info classloadercandidates="8" classloadersunloaded="0" classesunloaded="0" anonymousclassesunloaded="0" quiescems="0.000" setupms="0.002" scanms="0.000" postms="0.000" />
</gc-op>
<gc-op id="37" type="sweep" timems="0.440" contextid="32" timestamp="2019-06-15T09:17:26.000" />
<gc-op id="38" type="compact" timems="1.876" contextid="32" timestamp="2019-06-15T09:17:26.002">
  <compact-info movecount="11059" movebytes="1529464" />
  <remembered-set-cleared processed="3309" cleared="1536" durationms="0.060" />
</gc-op>
<heap-resize id="39" type="expand" space="default" amount="4194304" count="1" timems="0.074" reason="insufficient free space following gc" timestamp="2019-06-15T09:17:26.002" />
<gc-end id="40" type="partial gc" contextid="32" durationms="5.382" usertimems="4.000" systemtimems="4.000" timestamp="2019-06-15T09:17:26.002" activeThreads="4">
  <mem-info id="41" free="6291456" total="13631488" percent="46">
    <mem type="eden" free="513392" total="2097152" percent="24" />
    <arraylet-primitive objects="2" leaves="2" largest="1" />
    <pending-finalizers system="0" default="0" reference="28" classloader="0" />
    <remembered-set count="3552" freebytes="529920" totalbytes="544128" percent="97" regionsoverflowed="0" regionsstable="0" regionsrebuilding="0"/>
  </mem-info>
</gc-end>
<cycle-end id="42" type="partial gc" contextid="32" timestamp="2019-06-15T09:17:26.003" />
  <attribute name="elasticGC enabled" value="1" />
  <attribute name= "numThreadsSpecified" value="4" />
  <attribute name="heapSize specified" value="0" />
  <attribute name="Current GC Util" value="27" />
  <attribute name= "Current Time Running" value="677" />
  <attribute name ="GC Interval" value="0" />
  <attribute name="ProportionalT" value="3.500000" />
  <attribute name="ProportionalI" value="3.500000" />
  <attribute name="ProportionalH" value="3.500000" />
  <attribute name="Current Error" value="7.000000" />
  <attribute name="IntegralT" value="7.000000" />
  <attribute name="IntegralI" value="7.000000" />
  <attribute name="IntegralH" value="7.000000" />
  <attribute name="DerivativeT" value="10.500000" />
  <attribute name="DerivativeI" value="10.500000" />
  <attribute name="DerivativeH" value="10.500000" />
  <attribute name="Loop Time for DT" value="1.000000" />
  <attribute name="Output H" value="8388608"/>
  <attribute name="Output I" value="200"/>
  <attribute name="Output T" value="4"/>
  <attribute name="Target GC Util Change" value ="20.000000" />
  <attribute name="Current GC Util Change" value="27.000000"/>
  <attribute name="GC Util currently" value="27" />
  <attribute name="CPU Util currently" value="6632045975839" />
<exclusive-end id="43" timestamp="2019-06-15T09:17:26.003" durationms="6.740" />

<exclusive-start id="44" timestamp="2019-06-15T09:17:26.102" intervalms="105.650">
  <response-info timems="0.072" idlems="0.072" threads="0" lastid="0000000000DCD500" lastname="Thread-5" />
</exclusive-start>
<allocation-taxation id="45" taxation-threshold="3145728" timestamp="2019-06-15T09:17:26.102" intervalms="105.607" />
<cycle-start id="46" type="global mark phase" contextid="0" timestamp="2019-06-15T09:17:26.102" intervalms="929.781" />
<gc-start id="47" type="global mark phase" contextid="46" timestamp="2019-06-15T09:17:26.102">
  <mem-info id="48" free="3145728" total="13631488" percent="23">
    <remembered-set count="3072" freebytes="531840" totalbytes="544128" percent="97" regionsoverflowed="0" regionsstable="0" regionsrebuilding="0"/>
  </mem-info>
</gc-start>
<gc-op id="49" type="mark increment" timems="0.656" contextid="46" timestamp="2019-06-15T09:17:26.103">
  <trace-info objectcount="178" scancount="0" scanbytes="0" />
</gc-op>
<gc-end id="50" type="global mark phase" contextid="46" durationms="0.866" usertimems="0.000" systemtimems="0.000" timestamp="2019-06-15T09:17:26.103" activeThreads="4">
  <mem-info id="51" free="3145728" total="13631488" percent="23">
    <remembered-set count="3072" freebytes="531840" totalbytes="544128" percent="97" regionsoverflowed="0" regionsstable="0" regionsrebuilding="0"/>
  </mem-info>
</gc-end>
<concurrent-start id="52" type="GMP work packet processing" contextid="46" timestamp="2019-06-15T09:17:26.103">
  <concurrent-mark-start scanTarget="18446744073709551615" />
</concurrent-start>
<concurrent-end id="53" type="GMP work packet processing" contextid="46" timestamp="2019-06-15T09:17:26.106">
  <concurrent-mark-end bytesScanned="1187528" reasonForTermination="Completed all work in GC phase" />
</concurrent-end>

<exclusive-end id="54" timestamp="2019-06-15T09:17:26.106" durationms="4.439" />

<exclusive-start id="55" timestamp="2019-06-15T09:17:26.116" intervalms="13.689">
  <response-info timems="0.032" idlems="0.032" threads="0" lastid="0000000000DCD500" lastname="Thread-5" />
</exclusive-start>
<allocation-taxation id="56" taxation-threshold="3145728" timestamp="2019-06-15T09:17:26.116" intervalms="13.670" />
<cycle-start id="57" type="partial gc" contextid="0" timestamp="2019-06-15T09:17:26.116" intervalms="119.191" />
<gc-start id="58" type="partial gc" contextid="57" timestamp="2019-06-15T09:17:26.116">
  <mem-info id="59" free="0" total="13631488" percent="0">
    <mem type="eden" free="0" total="7340032" percent="0" />
    <arraylet-primitive objects="2" leaves="2" largest="1" />
    <remembered-set count="3072" freebytes="531840" totalbytes="544128" percent="97" regionsoverflowed="0" regionsstable="0" regionsrebuilding="0"/>
  </mem-info>
</gc-start>
<allocation-stats totalBytes="6259576" >
  <allocated-bytes non-tlh="818648" tlh="5440928" arrayletleaf="0"/>
  <largest-consumer threadName="Thread-5" threadId="0000000000DCD500" bytes="3137456" />
</allocation-stats>
<gc-op id="60" type="mark" timems="1.303" contextid="57" timestamp="2019-06-15T09:17:26.118">
  <trace-info objectcount="14623" scancount="11771" scanbytes="438408" />
  <cardclean-info objects="144" bytes="11000" />
  <remembered-set-cleared processed="1497" cleared="609" durationms="0.065" />
  <references type="soft" candidates="17" cleared="0" enqueued="0" dynamicThreshold="7" maxThreshold="32" />
  <references type="weak" candidates="16" cleared="0" enqueued="0" />
  <references type="phantom" candidates="2" cleared="0" enqueued="0" />
  <stringconstants candidates="4533" cleared="0"  />
  <warning details="Mark invoked due to insufficient free space for Copy-Forward" />
</gc-op>
<gc-op id="61" type="classunload" timems="0.002" contextid="57" timestamp="2019-06-15T09:17:26.118">
  <classunload-info classloadercandidates="8" classloadersunloaded="0" classesunloaded="0" anonymousclassesunloaded="0" quiescems="0.000" setupms="0.002" scanms="0.000" postms="0.000" />
</gc-op>
<gc-op id="62" type="sweep" timems="0.392" contextid="57" timestamp="2019-06-15T09:17:26.119" />
<gc-op id="63" type="compact" timems="2.174" contextid="57" timestamp="2019-06-15T09:17:26.121">
  <compact-info movecount="14622" movebytes="1307848" />
  <remembered-set-cleared processed="3812" cleared="2029" durationms="0.065" />
</gc-op>
<gc-end id="64" type="partial gc" contextid="57" durationms="5.320" usertimems="8.000" systemtimems="0.000" timestamp="2019-06-15T09:17:26.121" activeThreads="1">
  <mem-info id="65" free="6291456" total="13631488" percent="46">
    <mem type="eden" free="735024" total="2097152" percent="35" />
    <arraylet-primitive objects="2" leaves="2" largest="1" />
    <remembered-set count="3296" freebytes="530944" totalbytes="544128" percent="97" regionsoverflowed="0" regionsstable="0" regionsrebuilding="0"/>
  </mem-info>
</gc-end>
<cycle-end id="66" type="partial gc" contextid="57" timestamp="2019-06-15T09:17:26.122" />
  <attribute name="elasticGC enabled" value="1" />
  <attribute name= "numThreadsSpecified" value="1" />
  <attribute name="heapSize specified" value="0" />
  <attribute name="Current GC Util" value="24" />
  <attribute name= "Current Time Running" value="795" />
  <attribute name ="GC Interval" value="0" />
  <attribute name="ProportionalT" value="2.000000" />
  <attribute name="ProportionalI" value="2.000000" />
  <attribute name="ProportionalH" value="2.000000" />
  <attribute name="Current Error" value="4.000000" />
  <attribute name="IntegralT" value="0.000000" />
  <attribute name="IntegralI" value="0.000000" />
  <attribute name="IntegralH" value="0.000000" />
  <attribute name="DerivativeT" value="inf" />
  <attribute name="DerivativeI" value="inf" />
  <attribute name="DerivativeH" value="inf" />
  <attribute name="Loop Time for DT" value="0.000000" />
  <attribute name="Output H" value="8388608"/>
  <attribute name="Output I" value="200"/>
  <attribute name="Output T" value="1"/>
  <attribute name="Target GC Util Change" value ="20.000000" />
  <attribute name="Current GC Util Change" value="24.000000"/>
  <attribute name="GC Util currently" value="24" />
  <attribute name="CPU Util currently" value="7068075500793" />
<exclusive-end id="67" timestamp="2019-06-15T09:17:26.122" durationms="6.160" />

<exclusive-start id="68" timestamp="2019-06-15T09:17:26.164" intervalms="48.515">
  <response-info timems="0.593" idlems="0.299" threads="1" lastid="0000000000DC5D00" lastname="Thread-10" />
</exclusive-start>
<allocation-taxation id="69" taxation-threshold="3145728" timestamp="2019-06-15T09:17:26.164" intervalms="48.491" />
<gc-start id="70" type="global mark phase" contextid="46" timestamp="2019-06-15T09:17:26.164">
  <mem-info id="71" free="3145728" total="13631488" percent="23">
    <remembered-set count="2944" freebytes="532352" totalbytes="544128" percent="97" regionsoverflowed="0" regionsstable="0" regionsrebuilding="0"/>
  </mem-info>
</gc-start>
<gc-op id="72" type="mark increment" timems="2.610" contextid="46" timestamp="2019-06-15T09:17:26.167">
  <trace-info objectcount="34672" scancount="31754" scanbytes="1469872" />
  <cardclean-info objects="406" bytes="18700" />
  <finalization candidates="124" enqueued="0" />
  <ownableSynchronizers candidates="3" cleared="0" />
  <references type="soft" candidates="148" cleared="0" enqueued="0" dynamicThreshold="14" maxThreshold="32" />
  <references type="weak" candidates="769" cleared="0" enqueued="0" />
  <references type="phantom" candidates="65" cleared="2" enqueued="2" />
  <stringconstants candidates="4596" cleared="0"  />
</gc-op>
<gc-op id="73" type="classunload" timems="0.005" contextid="46" timestamp="2019-06-15T09:17:26.167">
  <classunload-info classloadercandidates="8" classloadersunloaded="0" classesunloaded="0" anonymousclassesunloaded="0" quiescems="0.000" setupms="0.004" scanms="0.000" postms="0.000" />
</gc-op>
<gc-end id="74" type="global mark phase" contextid="46" durationms="2.860" usertimems="8.000" systemtimems="0.000" timestamp="2019-06-15T09:17:26.167" activeThreads="4">
  <mem-info id="75" free="3145728" total="13631488" percent="23">
    <pending-finalizers system="0" default="0" reference="2" classloader="0" />
    <remembered-set count="2944" freebytes="532352" totalbytes="544128" percent="97" regionsoverflowed="0" regionsstable="0" regionsrebuilding="0"/>
  </mem-info>
</gc-end>
<cycle-end id="76" type="global mark phase" contextid="46" timestamp="2019-06-15T09:17:26.167" />
  <attribute name="elasticGC enabled" value="1" />
  <attribute name= "numThreadsSpecified" value="4" />
  <attribute name="heapSize specified" value="0" />
  <attribute name="Current GC Util" value="0" />
  <attribute name= "Current Time Running" value="843" />
  <attribute name ="GC Interval" value="0" />
  <attribute name="ProportionalT" value="-10.000000" />
  <attribute name="ProportionalI" value="-10.000000" />
  <attribute name="ProportionalH" value="-10.000000" />
  <attribute name="Current Error" value="-20.000000" />
  <attribute name="IntegralT" value="-40.000000" />
  <attribute name="IntegralI" value="-40.000000" />
  <attribute name="IntegralH" value="-40.000000" />
  <attribute name="DerivativeT" value="-59.250000" />
  <attribute name="DerivativeI" value="-59.250000" />
  <attribute name="DerivativeH" value="-59.250000" />
  <attribute name="Loop Time for DT" value="2.000000" />
  <attribute name="Output H" value="2091843584"/>
  <attribute name="Output I" value="200"/>
  <attribute name="Output T" value="4"/>
  <attribute name="Target GC Util Change" value ="20.000000" />
  <attribute name="Current GC Util Change" value="0.000000"/>
  <attribute name="GC Util currently" value="0" />
  <attribute name="CPU Util currently" value="3484038600252" />
<exclusive-end id="77" timestamp="2019-06-15T09:17:26.167" durationms="3.351" />

<exclusive-start id="78" timestamp="2019-06-15T09:17:26.209" intervalms="44.788">
  <response-info timems="0.080" idlems="0.080" threads="0" lastid="0000000000DC5D00" lastname="Thread-10" />
</exclusive-start>
<allocation-taxation id="79" taxation-threshold="3145728" timestamp="2019-06-15T09:17:26.209" intervalms="44.800" />
<cycle-start id="80" type="partial gc" contextid="0" timestamp="2019-06-15T09:17:26.209" intervalms="93.251" />
<gc-start id="81" type="partial gc" contextid="80" timestamp="2019-06-15T09:17:26.209">
  <mem-info id="82" free="0" total="13631488" percent="0">
    <mem type="eden" free="0" total="6291456" percent="0" />
    <arraylet-primitive objects="2" leaves="2" largest="1" />
    <remembered-set count="2944" freebytes="532352" totalbytes="544128" percent="97" regionsoverflowed="0" regionsstable="0" regionsrebuilding="0"/>
  </mem-info>
</gc-start>
<allocation-stats totalBytes="6284976" >
  <allocated-bytes non-tlh="486480" tlh="5798496" arrayletleaf="0"/>
  <largest-consumer threadName="Thread-9" threadId="0000000000DCD500" bytes="1011568" />
</allocation-stats>
<gc-op id="83" type="sweep" timems="0.454" contextid="80" timestamp="2019-06-15T09:17:26.210" />
<gc-op id="84" type="mark" timems="1.573" contextid="80" timestamp="2019-06-15T09:17:26.212">
  <trace-info objectcount="25712" scancount="25468" scanbytes="1280408" />
  <cardclean-info objects="248" bytes="9844" />
  <remembered-set-cleared processed="1530" cleared="50" durationms="0.069" />
  <stringconstants candidates="4596" cleared="0"  />
  <warning details="Mark invoked due to insufficient free space for Copy-Forward" />
</gc-op>
<gc-op id="85" type="classunload" timems="0.002" contextid="80" timestamp="2019-06-15T09:17:26.212">
  <classunload-info classloadercandidates="8" classloadersunloaded="0" classesunloaded="0" anonymousclassesunloaded="0" quiescems="0.000" setupms="0.002" scanms="0.000" postms="0.000" />
</gc-op>
<gc-op id="86" type="sweep" timems="0.393" contextid="80" timestamp="2019-06-15T09:17:26.213" />
<gc-op id="87" type="compact" timems="3.172" contextid="80" timestamp="2019-06-15T09:17:26.216">
  <compact-info movecount="21462" movebytes="1703712" />
  <remembered-set-cleared processed="3195" cleared="214" durationms="0.069" />
</gc-op>
<heap-resize id="88" type="expand" space="default" amount="2097152" count="1" timems="0.063" reason="insufficient free space following gc" timestamp="2019-06-15T09:17:26.216" />
<gc-end id="89" type="partial gc" contextid="80" durationms="7.300" usertimems="8.000" systemtimems="4.000" timestamp="2019-06-15T09:17:26.217" activeThreads="4">
  <mem-info id="90" free="6291456" total="15728640" percent="40">
    <mem type="eden" free="705864" total="2097152" percent="33" />
    <arraylet-primitive objects="2" leaves="2" largest="1" />
    <remembered-set count="3168" freebytes="615168" totalbytes="627840" percent="97" regionsoverflowed="0" regionsstable="0" regionsrebuilding="0"/>
  </mem-info>
</gc-end>
<cycle-end id="91" type="partial gc" contextid="80" timestamp="2019-06-15T09:17:26.217" />
  <attribute name="elasticGC enabled" value="1" />
  <attribute name= "numThreadsSpecified" value="4" />
  <attribute name="heapSize specified" value="0" />
  <attribute name="Current GC Util" value="27" />
  <attribute name= "Current Time Running" value="890" />
  <attribute name ="GC Interval" value="0" />
  <attribute name="ProportionalT" value="3.500000" />
  <attribute name="ProportionalI" value="3.500000" />
  <attribute name="ProportionalH" value="3.500000" />
  <attribute name="Current Error" value="7.000000" />
  <attribute name="IntegralT" value="7.000000" />
  <attribute name="IntegralI" value="7.000000" />
  <attribute name="IntegralH" value="7.000000" />
  <attribute name="DerivativeT" value="10.500000" />
  <attribute name="DerivativeI" value="10.500000" />
  <attribute name="DerivativeH" value="10.500000" />
  <attribute name="Loop Time for DT" value="1.000000" />
  <attribute name="Output H" value="8388608"/>
  <attribute name="Output I" value="200"/>
  <attribute name="Output T" value="4"/>
  <attribute name="Target GC Util Change" value ="20.000000" />
  <attribute name="Current GC Util Change" value="27.000000"/>
  <attribute name="GC Util currently" value="27" />
  <attribute name="CPU Util currently" value="7636442847076" />
<exclusive-end id="92" timestamp="2019-06-15T09:17:26.217" durationms="8.181" />

<exclusive-start id="93" timestamp="2019-06-15T09:17:26.238" intervalms="28.832">
  <response-info timems="0.030" idlems="0.030" threads="0" lastid="0000000000DD1100" lastname="Thread-8" />
</exclusive-start>
<allocation-taxation id="94" taxation-threshold="6291456" timestamp="2019-06-15T09:17:26.238" intervalms="28.873" />
<cycle-start id="95" type="partial gc" contextid="0" timestamp="2019-06-15T09:17:26.238" intervalms="28.982" />
<gc-start id="96" type="partial gc" contextid="95" timestamp="2019-06-15T09:17:26.238">
  <mem-info id="97" free="0" total="15728640" percent="0">
    <mem type="eden" free="0" total="6291456" percent="0" />
    <arraylet-primitive objects="2" leaves="2" largest="1" />
    <remembered-set count="3040" freebytes="615680" totalbytes="627840" percent="98" regionsoverflowed="0" regionsstable="0" regionsrebuilding="0"/>
  </mem-info>
</gc-start>
<allocation-stats totalBytes="6290512" >
  <allocated-bytes non-tlh="0" tlh="6290512" arrayletleaf="0"/>
  <largest-consumer threadName="Thread-10" threadId="0000000000DC5D00" bytes="3067472" />
</allocation-stats>
<gc-op id="98" type="mark" timems="1.589" contextid="95" timestamp="2019-06-15T09:17:26.241">
  <trace-info objectcount="23542" scancount="23457" scanbytes="1117544" />
  <cardclean-info objects="26" bytes="1724" />
  <remembered-set-cleared processed="1658" cleared="136" durationms="0.078" />
  <stringconstants candidates="4596" cleared="0"  />
  <warning details="Mark invoked due to insufficient free space for Copy-Forward" />
</gc-op>
<gc-op id="99" type="classunload" timems="0.003" contextid="95" timestamp="2019-06-15T09:17:26.241">
  <classunload-info classloadercandidates="8" classloadersunloaded="0" classesunloaded="0" anonymousclassesunloaded="0" quiescems="0.000" setupms="0.002" scanms="0.000" postms="0.000" />
</gc-op>
<gc-op id="100" type="sweep" timems="0.492" contextid="95" timestamp="2019-06-15T09:17:26.241" />
<gc-op id="101" type="compact" timems="2.626" contextid="95" timestamp="2019-06-15T09:17:26.244">
  <compact-info movecount="18762" movebytes="1121256" />
  <remembered-set-cleared processed="3401" cleared="395" durationms="0.078" />
</gc-op>
<heap-resize id="102" type="expand" space="default" amount="1048576" count="1" timems="0.052" reason="insufficient free space following gc" timestamp="2019-06-15T09:17:26.244" />
<gc-end id="103" type="partial gc" contextid="95" durationms="6.339" usertimems="8.000" systemtimems="0.000" timestamp="2019-06-15T09:17:26.245" activeThreads="4">
  <mem-info id="104" free="6291456" total="16777216" percent="37">
    <mem type="eden" free="991800" total="1048576" percent="94" />
    <arraylet-primitive objects="2" leaves="2" largest="1" />
    <remembered-set count="3680" freebytes="654976" totalbytes="669696" percent="97" regionsoverflowed="0" regionsstable="0" regionsrebuilding="0"/>
  </mem-info>
</gc-end>
<cycle-end id="105" type="partial gc" contextid="95" timestamp="2019-06-15T09:17:26.245" />
  <attribute name="elasticGC enabled" value="1" />
  <attribute name= "numThreadsSpecified" value="4" />
  <attribute name="heapSize specified" value="0" />
  <attribute name="Current GC Util" value="22" />
  <attribute name= "Current Time Running" value="918" />
  <attribute name ="GC Interval" value="0" />
  <attribute name="ProportionalT" value="1.000000" />
  <attribute name="ProportionalI" value="1.000000" />
  <attribute name="ProportionalH" value="1.000000" />
  <attribute name="Current Error" value="2.000000" />
  <attribute name="IntegralT" value="2.000000" />
  <attribute name="IntegralI" value="2.000000" />
  <attribute name="IntegralH" value="2.000000" />
  <attribute name="DerivativeT" value="-76.500000" />
  <attribute name="DerivativeI" value="-76.500000" />
  <attribute name="DerivativeH" value="-76.500000" />
  <attribute name="Loop Time for DT" value="1.000000" />
  <attribute name="Output H" value="2091843584"/>
  <attribute name="Output I" value="200"/>
  <attribute name="Output T" value="4"/>
  <attribute name="Target GC Util Change" value ="20.000000" />
  <attribute name="Current GC Util Change" value="22.000000"/>
  <attribute name="GC Util currently" value="22" />
  <attribute name="CPU Util currently" value="6113553894040" />
<exclusive-end id="106" timestamp="2019-06-15T09:17:26.245" durationms="7.413" />

<exclusive-start id="107" timestamp="2019-06-15T09:17:26.254" intervalms="15.909">
  <response-info timems="0.046" idlems="0.030" threads="1" lastid="0000000000DC9900" lastname="Thread-7" />
</exclusive-start>
<allocation-taxation id="108" taxation-threshold="6291456" timestamp="2019-06-15T09:17:26.254" intervalms="15.884" />
<cycle-start id="109" type="partial gc" contextid="0" timestamp="2019-06-15T09:17:26.254" intervalms="15.835" />
<gc-start id="110" type="partial gc" contextid="109" timestamp="2019-06-15T09:17:26.254">
  <mem-info id="111" free="0" total="16777216" percent="0">
    <mem type="eden" free="0" total="6291456" percent="0" />
    <arraylet-primitive objects="2" leaves="2" largest="1" />
    <remembered-set count="3488" freebytes="655744" totalbytes="669696" percent="97" regionsoverflowed="0" regionsstable="0" regionsrebuilding="0"/>
  </mem-info>
</gc-start>
<allocation-stats totalBytes="6290672" >
  <allocated-bytes non-tlh="0" tlh="6290672" arrayletleaf="0"/>
  <largest-consumer threadName="Thread-10" threadId="0000000000DC5D00" bytes="2248440" />
</allocation-stats>
<gc-op id="112" type="mark" timems="1.294" contextid="109" timestamp="2019-06-15T09:17:26.256">
  <trace-info objectcount="4925" scancount="4925" scanbytes="119656" />
  <cardclean-info objects="6177" bytes="296952" />
  <remembered-set-cleared processed="1841" cleared="200" durationms="0.067" />
  <stringconstants candidates="4596" cleared="0"  />
  <warning details="Mark invoked due to insufficient free space for Copy-Forward" />
</gc-op>
<gc-op id="113" type="classunload" timems="0.002" contextid="109" timestamp="2019-06-15T09:17:26.256">
  <classunload-info classloadercandidates="8" classloadersunloaded="0" classesunloaded="0" anonymousclassesunloaded="0" quiescems="0.000" setupms="0.002" scanms="0.000" postms="0.000" />
</gc-op>
<gc-op id="114" type="sweep" timems="0.474" contextid="109" timestamp="2019-06-15T09:17:26.257" />
<gc-op id="115" type="compact" timems="1.306" contextid="109" timestamp="2019-06-15T09:17:26.258">
  <compact-info movecount="3584" movebytes="87472" />
  <remembered-set-cleared processed="3752" cleared="467" durationms="0.067" />
</gc-op>
<heap-resize id="116" type="expand" space="default" amount="2097152" count="1" timems="0.060" reason="insufficient free space following gc" timestamp="2019-06-15T09:17:26.258" />
<gc-end id="117" type="partial gc" contextid="109" durationms="4.483" usertimems="4.000" systemtimems="0.000" timestamp="2019-06-15T09:17:26.259" activeThreads="4">
  <mem-info id="118" free="7340032" total="18874368" percent="38">
    <mem type="eden" free="981128" total="1048576" percent="93" />
    <arraylet-primitive objects="2" leaves="2" largest="1" />
    <remembered-set count="4064" freebytes="737152" totalbytes="753408" percent="97" regionsoverflowed="0" regionsstable="0" regionsrebuilding="0"/>
  </mem-info>
</gc-end>
<cycle-end id="119" type="partial gc" contextid="109" timestamp="2019-06-15T09:17:26.259" />
  <attribute name="elasticGC enabled" value="1" />
  <attribute name= "numThreadsSpecified" value="4" />
  <attribute name="heapSize specified" value="0" />
  <attribute name="Current GC Util" value="22" />
  <attribute name= "Current Time Running" value="933" />
  <attribute name ="GC Interval" value="0" />
  <attribute name="ProportionalT" value="1.000000" />
  <attribute name="ProportionalI" value="1.000000" />
  <attribute name="ProportionalH" value="1.000000" />
  <attribute name="Current Error" value="2.000000" />
  <attribute name="IntegralT" value="0.000000" />
  <attribute name="IntegralI" value="0.000000" />
  <attribute name="IntegralH" value="0.000000" />
  <attribute name="DerivativeT" value="-inf" />
  <attribute name="DerivativeI" value="-inf" />
  <attribute name="DerivativeH" value="-inf" />
  <attribute name="Loop Time for DT" value="0.000000" />
  <attribute name="Output H" value="2091843584"/>
  <attribute name="Output I" value="200"/>
  <attribute name="Output T" value="4"/>
  <attribute name="Target GC Util Change" value ="20.000000" />
  <attribute name="Current GC Util Change" value="22.000000"/>
  <attribute name="GC Util currently" value="22" />
  <attribute name="CPU Util currently" value="6554787107212" />
<exclusive-end id="120" timestamp="2019-06-15T09:17:26.259" durationms="5.414" />

<exclusive-start id="121" timestamp="2019-06-15T09:17:26.274" intervalms="20.184">
  <response-info timems="2.102" idlems="0.738" threads="2" lastid="0000000000DCD500" lastname="Thread-9" />
</exclusive-start>
<allocation-taxation id="122" taxation-threshold="7340032" timestamp="2019-06-15T09:17:26.274" intervalms="20.178" />
<cycle-start id="123" type="partial gc" contextid="0" timestamp="2019-06-15T09:17:26.274" intervalms="20.135" />
<gc-start id="124" type="partial gc" contextid="123" timestamp="2019-06-15T09:17:26.274">
  <mem-info id="125" free="0" total="18874368" percent="0">
    <mem type="eden" free="0" total="7340032" percent="0" />
    <arraylet-primitive objects="2" leaves="2" largest="1" />
    <remembered-set count="4000" freebytes="737408" totalbytes="753408" percent="97" regionsoverflowed="0" regionsstable="0" regionsrebuilding="0"/>
  </mem-info>
</gc-start>
<allocation-stats totalBytes="7339024" >
  <allocated-bytes non-tlh="0" tlh="7339024" arrayletleaf="0"/>
  <largest-consumer threadName="Thread-10" threadId="0000000000DC5D00" bytes="3374656" />
</allocation-stats>
<gc-op id="126" type="mark" timems="1.072" contextid="123" timestamp="2019-06-15T09:17:26.276">
  <trace-info objectcount="5247" scancount="5247" scanbytes="126720" />
  <cardclean-info objects="6954" bytes="334536" />
  <remembered-set-cleared processed="2356" cleared="350" durationms="0.087" />
  <stringconstants candidates="4596" cleared="0"  />
  <warning details="Mark invoked due to insufficient free space for Copy-Forward" />
</gc-op>
<gc-op id="127" type="classunload" timems="0.002" contextid="123" timestamp="2019-06-15T09:17:26.276">
  <classunload-info classloadercandidates="8" classloadersunloaded="0" classesunloaded="0" anonymousclassesunloaded="0" quiescems="0.000" setupms="0.002" scanms="0.000" postms="0.000" />
</gc-op>
<gc-op id="128" type="sweep" timems="0.483" contextid="123" timestamp="2019-06-15T09:17:26.277" />
<gc-op id="129" type="compact" timems="1.453" contextid="123" timestamp="2019-06-15T09:17:26.278">
  <compact-info movecount="5185" movebytes="125232" />
  <remembered-set-cleared processed="4794" cleared="775" durationms="0.087" />
</gc-op>
<heap-resize id="130" type="expand" space="default" amount="1048576" count="1" timems="0.064" reason="insufficient free space following gc" timestamp="2019-06-15T09:17:26.279" />
<gc-end id="131" type="partial gc" contextid="123" durationms="4.608" usertimems="4.000" systemtimems="0.000" timestamp="2019-06-15T09:17:26.279" activeThreads="4">
  <mem-info id="132" free="7340032" total="19922944" percent="36">
    <mem type="eden" free="983248" total="1048576" percent="93" />
    <arraylet-primitive objects="2" leaves="2" largest="1" />
    <remembered-set count="4672" freebytes="776576" totalbytes="795264" percent="97" regionsoverflowed="0" regionsstable="0" regionsrebuilding="0"/>
  </mem-info>
</gc-end>
<cycle-end id="133" type="partial gc" contextid="123" timestamp="2019-06-15T09:17:26.279" />
  <attribute name="elasticGC enabled" value="1" />
  <attribute name= "numThreadsSpecified" value="4" />
  <attribute name="heapSize specified" value="0" />
  <attribute name="Current GC Util" value="23" />
  <attribute name= "Current Time Running" value="954" />
  <attribute name ="GC Interval" value="0" />
  <attribute name="ProportionalT" value="1.500000" />
  <attribute name="ProportionalI" value="1.500000" />
  <attribute name="ProportionalH" value="1.500000" />
  <attribute name="Current Error" value="3.000000" />
  <attribute name="IntegralT" value="3.000000" />
  <attribute name="IntegralI" value="3.000000" />
  <attribute name="IntegralH" value="3.000000" />
  <attribute name="DerivativeT" value="4.500000" />
  <attribute name="DerivativeI" value="4.500000" />
  <attribute name="DerivativeH" value="4.500000" />
  <attribute name="Loop Time for DT" value="1.000000" />
  <attribute name="Output H" value="8388608"/>
  <attribute name="Output I" value="200"/>
  <attribute name="Output T" value="4"/>
  <attribute name="Target GC Util Change" value ="20.000000" />
  <attribute name="Current GC Util Change" value="23.000000"/>
  <attribute name="GC Util currently" value="23" />
  <attribute name="CPU Util currently" value="5898556363123" />
<exclusive-end id="134" timestamp="2019-06-15T09:17:26.279" durationms="5.503" />

<exclusive-start id="135" timestamp="2019-06-15T09:17:26.288" intervalms="14.062">
  <response-info timems="0.044" idlems="0.025" threads="1" lastid="0000000000DCD500" lastname="Thread-9" />
</exclusive-start>
<allocation-taxation id="136" taxation-threshold="7340032" timestamp="2019-06-15T09:17:26.288" intervalms="14.058" />
<cycle-start id="137" type="partial gc" contextid="0" timestamp="2019-06-15T09:17:26.288" intervalms="14.098" />
<gc-start id="138" type="partial gc" contextid="137" timestamp="2019-06-15T09:17:26.288">
  <mem-info id="139" free="0" total="19922944" percent="0">
    <mem type="eden" free="0" total="7340032" percent="0" />
    <arraylet-primitive objects="2" leaves="2" largest="1" />
    <remembered-set count="4640" freebytes="776704" totalbytes="795264" percent="97" regionsoverflowed="0" regionsstable="0" regionsrebuilding="0"/>
  </mem-info>
</gc-start>
<allocation-stats totalBytes="7338824" >
  <allocated-bytes non-tlh="0" tlh="7338824" arrayletleaf="0"/>
  <largest-consumer threadName="Thread-10" threadId="0000000000DC5D00" bytes="2621000" />
</allocation-stats>
<gc-op id="140" type="mark" timems="1.043" contextid="137" timestamp="2019-06-15T09:17:26.290">
  <trace-info objectcount="5507" scancount="5507" scanbytes="133384" />
  <cardclean-info objects="8065" bytes="387496" />
  <remembered-set-cleared processed="2887" cleared="523" durationms="0.092" />
  <stringconstants candidates="4596" cleared="0"  />
  <warning details="Mark invoked due to insufficient free space for Copy-Forward" />
</gc-op>
<gc-op id="141" type="classunload" timems="0.002" contextid="137" timestamp="2019-06-15T09:17:26.290">
  <classunload-info classloadercandidates="8" classloadersunloaded="0" classesunloaded="0" anonymousclassesunloaded="0" quiescems="0.000" setupms="0.002" scanms="0.000" postms="0.000" />
</gc-op>
<gc-op id="142" type="sweep" timems="0.498" contextid="137" timestamp="2019-06-15T09:17:26.291" />
<gc-op id="143" type="compact" timems="1.471" contextid="137" timestamp="2019-06-15T09:17:26.292">
  <compact-info movecount="5407" movebytes="130984" />
  <remembered-set-cleared processed="5864" cleared="1130" durationms="0.092" />
</gc-op>
<heap-resize id="144" type="expand" space="default" amount="2097152" count="1" timems="0.067" reason="insufficient free space following gc" timestamp="2019-06-15T09:17:26.293" />
<gc-end id="145" type="partial gc" contextid="137" durationms="4.508" usertimems="4.000" systemtimems="0.000" timestamp="2019-06-15T09:17:26.293" activeThreads="4">
  <mem-info id="146" free="8388608" total="22020096" percent="38">
    <mem type="eden" free="976152" total="1048576" percent="93" />
    <arraylet-primitive objects="2" leaves="2" largest="1" />
    <remembered-set count="5152" freebytes="858368" totalbytes="878976" percent="97" regionsoverflowed="0" regionsstable="0" regionsrebuilding="0"/>
  </mem-info>
</gc-end>
<cycle-end id="147" type="partial gc" contextid="137" timestamp="2019-06-15T09:17:26.293" />
  <attribute name="elasticGC enabled" value="1" />
  <attribute name= "numThreadsSpecified" value="4" />
  <attribute name="heapSize specified" value="0" />
  <attribute name="Current GC Util" value="20" />
  <attribute name= "Current Time Running" value="967" />
  <attribute name ="GC Interval" value="0" />
  <attribute name="ProportionalT" value="0.000000" />
  <attribute name="ProportionalI" value="0.000000" />
  <attribute name="ProportionalH" value="0.000000" />
  <attribute name="Current Error" value="0.000000" />
  <attribute name="IntegralT" value="0.000000" />
  <attribute name="IntegralI" value="0.000000" />
  <attribute name="IntegralH" value="0.000000" />
  <attribute name="DerivativeT" value="-nan" />
  <attribute name="DerivativeI" value="-nan" />
  <attribute name="DerivativeH" value="-nan" />
  <attribute name="Loop Time for DT" value="0.000000" />
  <attribute name="Output H" value="2091843584"/>
  <attribute name="Output I" value="200"/>
  <attribute name="Output T" value="4"/>
  <attribute name="Target GC Util Change" value ="20.000000" />
  <attribute name="Current GC Util Change" value="20.000000"/>
  <attribute name="GC Util currently" value="20" />
  <attribute name="CPU Util currently" value="5834379405878" />
<exclusive-end id="148" timestamp="2019-06-15T09:17:26.293" durationms="5.464" />

<exclusive-start id="149" timestamp="2019-06-15T09:17:26.309" intervalms="21.366">
  <response-info timems="0.055" idlems="0.055" threads="0" lastid="0000000000DD1100" lastname="Thread-8" />
</exclusive-start>
<allocation-taxation id="150" taxation-threshold="8388608" timestamp="2019-06-15T09:17:26.309" intervalms="21.409" />
<cycle-start id="151" type="partial gc" contextid="0" timestamp="2019-06-15T09:17:26.309" intervalms="21.332" />
<gc-start id="152" type="partial gc" contextid="151" timestamp="2019-06-15T09:17:26.310">
  <mem-info id="153" free="0" total="22020096" percent="0">
    <mem type="eden" free="0" total="8388608" percent="0" />
    <arraylet-primitive objects="2" leaves="2" largest="1" />
    <remembered-set count="4864" freebytes="859520" totalbytes="878976" percent="97" regionsoverflowed="0" regionsstable="0" regionsrebuilding="0"/>
  </mem-info>
</gc-start>
<allocation-stats totalBytes="8387296" >
  <allocated-bytes non-tlh="256" tlh="8387040" arrayletleaf="0"/>
  <largest-consumer threadName="Thread-10" threadId="0000000000DC5D00" bytes="4545944" />
</allocation-stats>
<gc-op id="154" type="mark" timems="1.231" contextid="151" timestamp="2019-06-15T09:17:26.311">
  <trace-info objectcount="5809" scancount="5794" scanbytes="140752" />
  <cardclean-info objects="7397" bytes="358956" />
  <remembered-set-cleared processed="3433" cleared="627" durationms="0.101" />
  <stringconstants candidates="4597" cleared="0"  />
  <warning details="Mark invoked due to insufficient free space for Copy-Forward" />
</gc-op>
<gc-op id="155" type="classunload" timems="0.002" contextid="151" timestamp="2019-06-15T09:17:26.312">
  <classunload-info classloadercandidates="8" classloadersunloaded="0" classesunloaded="0" anonymousclassesunloaded="0" quiescems="0.000" setupms="0.002" scanms="0.000" postms="0.000" />
</gc-op>
<gc-op id="156" type="sweep" timems="0.534" contextid="151" timestamp="2019-06-15T09:17:26.312" />
<gc-op id="157" type="compact" timems="1.593" contextid="151" timestamp="2019-06-15T09:17:26.314">
  <compact-info movecount="4701" movebytes="126704" />
  <remembered-set-cleared processed="6911" cleared="1284" durationms="0.101" />
</gc-op>
<heap-resize id="158" type="expand" space="default" amount="2097152" count="1" timems="0.059" reason="insufficient free space following gc" timestamp="2019-06-15T09:17:26.315" />
<gc-end id="159" type="partial gc" contextid="151" durationms="4.961" usertimems="8.000" systemtimems="0.000" timestamp="2019-06-15T09:17:26.315" activeThreads="4">
  <mem-info id="160" free="9437184" total="24117248" percent="39">
    <mem type="eden" free="960968" total="1048576" percent="91" />
    <arraylet-primitive objects="2" leaves="2" largest="1" />
    <remembered-set count="5984" freebytes="938752" totalbytes="962688" percent="97" regionsoverflowed="0" regionsstable="0" regionsrebuilding="0"/>
  </mem-info>
</gc-end>
<cycle-end id="161" type="partial gc" contextid="151" timestamp="2019-06-15T09:17:26.315" />
  <attribute name="elasticGC enabled" value="1" />
  <attribute name= "numThreadsSpecified" value="4" />
  <attribute name="heapSize specified" value="0" />
  <attribute name="Current GC Util" value="22" />
  <attribute name= "Current Time Running" value="989" />
  <attribute name ="GC Interval" value="0" />
  <attribute name="ProportionalT" value="1.000000" />
  <attribute name="ProportionalI" value="1.000000" />
  <attribute name="ProportionalH" value="1.000000" />
  <attribute name="Current Error" value="2.000000" />
  <attribute name="IntegralT" value="2.000000" />
  <attribute name="IntegralI" value="2.000000" />
  <attribute name="IntegralH" value="2.000000" />
  <attribute name="DerivativeT" value="3.000000" />
  <attribute name="DerivativeI" value="3.000000" />
  <attribute name="DerivativeH" value="3.000000" />
  <attribute name="Loop Time for DT" value="1.000000" />
  <attribute name="Output H" value="8388608"/>
  <attribute name="Output I" value="200"/>
  <attribute name="Output T" value="4"/>
  <attribute name="Target GC Util Change" value ="20.000000" />
  <attribute name="Current GC Util Change" value="22.000000"/>
  <attribute name="GC Util currently" value="22" />
  <attribute name="CPU Util currently" value="5605209379285" />
<exclusive-end id="162" timestamp="2019-06-15T09:17:26.315" durationms="5.934" />

<exclusive-start id="163" timestamp="2019-06-15T09:17:26.331" intervalms="21.973">
  <response-info timems="0.084" idlems="0.056" threads="1" lastid="0000000000DCD500" lastname="Thread-9" />
</exclusive-start>
<allocation-taxation id="164" taxation-threshold="9437184" timestamp="2019-06-15T09:17:26.331" intervalms="21.961" />
<cycle-start id="165" type="partial gc" contextid="0" timestamp="2019-06-15T09:17:26.332" intervalms="22.022" />
<gc-start id="166" type="partial gc" contextid="165" timestamp="2019-06-15T09:17:26.332">
  <mem-info id="167" free="0" total="24117248" percent="0">
    <mem type="eden" free="0" total="9437184" percent="0" />
    <arraylet-primitive objects="2" leaves="2" largest="1" />
    <remembered-set count="5792" freebytes="939520" totalbytes="962688" percent="97" regionsoverflowed="0" regionsstable="0" regionsrebuilding="0"/>
  </mem-info>
</gc-start>
<allocation-stats totalBytes="9435832" >
  <allocated-bytes non-tlh="0" tlh="9435832" arrayletleaf="0"/>
  <largest-consumer threadName="Thread-10" threadId="0000000000DC5D00" bytes="4738408" />
</allocation-stats>
<gc-op id="168" type="mark" timems="1.197" contextid="165" timestamp="2019-06-15T09:17:26.333">
  <trace-info objectcount="9635" scancount="9613" scanbytes="370388" />
  <cardclean-info objects="5299" bytes="259440" />
  <remembered-set-cleared processed="4005" cleared="527" durationms="0.095" />
  <stringconstants candidates="4597" cleared="0"  />
  <warning details="Mark invoked due to insufficient free space for Copy-Forward" />
</gc-op>
<gc-op id="169" type="classunload" timems="0.002" contextid="165" timestamp="2019-06-15T09:17:26.334">
  <classunload-info classloadercandidates="8" classloadersunloaded="0" classesunloaded="0" anonymousclassesunloaded="0" quiescems="0.000" setupms="0.001" scanms="0.000" postms="0.000" />
</gc-op>
<gc-op id="170" type="sweep" timems="0.470" contextid="165" timestamp="2019-06-15T09:17:26.334" />
<gc-op id="171" type="compact" timems="1.613" contextid="165" timestamp="2019-06-15T09:17:26.336">
  <compact-info movecount="9393" movebytes="385360" />
  <remembered-set-cleared processed="8098" cleared="1136" durationms="0.095" />
</gc-op>
<heap-resize id="172" type="expand" space="default" amount="4194304" count="1" timems="0.070" reason="excessive time being spent in gc" timestamp="2019-06-15T09:17:26.336" />
<gc-end id="173" type="partial gc" contextid="165" durationms="4.687" usertimems="4.000" systemtimems="0.000" timestamp="2019-06-15T09:17:26.336" activeThreads="4">
  <mem-info id="174" free="12582912" total="28311552" percent="44">
    <mem type="eden" free="739928" total="1048576" percent="70" />
    <arraylet-primitive objects="2" leaves="2" largest="1" />
    <remembered-set count="6688" freebytes="1103360" totalbytes="1130112" percent="97" regionsoverflowed="0" regionsstable="0" regionsrebuilding="0"/>
  </mem-info>
</gc-end>
<cycle-end id="175" type="partial gc" contextid="165" timestamp="2019-06-15T09:17:26.337" />
  <attribute name="elasticGC enabled" value="1" />
  <attribute name= "numThreadsSpecified" value="4" />
  <attribute name="heapSize specified" value="0" />
  <attribute name="Current GC Util" value="24" />
  <attribute name= "Current Time Running" value="1011" />
  <attribute name ="GC Interval" value="0" />
  <attribute name="ProportionalT" value="2.000000" />
  <attribute name="ProportionalI" value="2.000000" />
  <attribute name="ProportionalH" value="2.000000" />
  <attribute name="Current Error" value="4.000000" />
  <attribute name="IntegralT" value="4.000000" />
  <attribute name="IntegralI" value="4.000000" />
  <attribute name="IntegralH" value="4.000000" />
  <attribute name="DerivativeT" value="6.000000" />
  <attribute name="DerivativeI" value="6.000000" />
  <attribute name="DerivativeH" value="6.000000" />
  <attribute name="Loop Time for DT" value="1.000000" />
  <attribute name="Output H" value="8388608"/>
  <attribute name="Output I" value="200"/>
  <attribute name="Output T" value="4"/>
  <attribute name="Target GC Util Change" value ="20.000000" />
  <attribute name="Current GC Util Change" value="24.000000"/>
  <attribute name="GC Util currently" value="24" />
  <attribute name="CPU Util currently" value="7099467067558" />
<exclusive-end id="176" timestamp="2019-06-15T09:17:26.337" durationms="5.616" />

<exclusive-start id="177" timestamp="2019-06-15T09:17:26.355" intervalms="24.296">
  <response-info timems="0.045" idlems="0.024" threads="1" lastid="0000000000DC9900" lastname="Thread-7" />
</exclusive-start>
<allocation-taxation id="178" taxation-threshold="12582912" timestamp="2019-06-15T09:17:26.356" intervalms="24.281" />
<cycle-start id="179" type="partial gc" contextid="0" timestamp="2019-06-15T09:17:26.356" intervalms="24.294" />
<gc-start id="180" type="partial gc" contextid="179" timestamp="2019-06-15T09:17:26.356">
  <mem-info id="181" free="0" total="28311552" percent="0">
    <mem type="eden" free="0" total="12582912" percent="0" />
    <arraylet-primitive objects="2" leaves="2" largest="1" />
    <remembered-set count="6400" freebytes="1104512" totalbytes="1130112" percent="97" regionsoverflowed="0" regionsstable="0" regionsrebuilding="0"/>
  </mem-info>
</gc-start>
<allocation-stats totalBytes="12581264" >
  <allocated-bytes non-tlh="0" tlh="12581264" arrayletleaf="0"/>
  <largest-consumer threadName="Thread-8" threadId="0000000000DD1100" bytes="4705744" />
</allocation-stats>
<gc-op id="182" type="mark" timems="1.133" contextid="179" timestamp="2019-06-15T09:17:26.358">
  <trace-info objectcount="10413" scancount="10405" scanbytes="388732" />
  <cardclean-info objects="4142" bytes="199816" />
  <remembered-set-cleared processed="4519" cleared="431" durationms="0.099" />
  <stringconstants candidates="4597" cleared="0"  />
  <warning details="Mark invoked due to insufficient free space for Copy-Forward" />
</gc-op>
<gc-op id="183" type="classunload" timems="0.002" contextid="179" timestamp="2019-06-15T09:17:26.358">
  <classunload-info classloadercandidates="8" classloadersunloaded="0" classesunloaded="0" anonymousclassesunloaded="0" quiescems="0.000" setupms="0.002" scanms="0.000" postms="0.000" />
</gc-op>
<gc-op id="184" type="sweep" timems="0.466" contextid="179" timestamp="2019-06-15T09:17:26.358" />
<gc-op id="185" type="compact" timems="1.639" contextid="179" timestamp="2019-06-15T09:17:26.360">
  <compact-info movecount="10393" movebytes="396512" />
  <remembered-set-cleared processed="9155" cleared="970" durationms="0.099" />
</gc-op>
<heap-resize id="186" type="expand" space="default" amount="5242880" count="1" timems="0.075" reason="excessive time being spent in gc" timestamp="2019-06-15T09:17:26.360" />
<gc-end id="187" type="partial gc" contextid="179" durationms="4.524" usertimems="4.000" systemtimems="0.000" timestamp="2019-06-15T09:17:26.360" activeThreads="4">
  <mem-info id="188" free="16777216" total="33554432" percent="50">
    <mem type="eden" free="954720" total="1048576" percent="91" />
    <arraylet-primitive objects="2" leaves="2" largest="1" />
    <remembered-set count="7296" freebytes="1310208" totalbytes="1339392" percent="97" regionsoverflowed="0" regionsstable="0" regionsrebuilding="0"/>
  </mem-info>
</gc-end>
<cycle-end id="189" type="partial gc" contextid="179" timestamp="2019-06-15T09:17:26.361" />
  <attribute name="elasticGC enabled" value="1" />
  <attribute name= "numThreadsSpecified" value="4" />
  <attribute name="heapSize specified" value="0" />
  <attribute name="Current GC Util" value="24" />
  <attribute name= "Current Time Running" value="1035" />
  <attribute name ="GC Interval" value="0" />
  <attribute name="ProportionalT" value="2.000000" />
  <attribute name="ProportionalI" value="2.000000" />
  <attribute name="ProportionalH" value="2.000000" />
  <attribute name="Current Error" value="4.000000" />
  <attribute name="IntegralT" value="4.000000" />
  <attribute name="IntegralI" value="4.000000" />
  <attribute name="IntegralH" value="4.000000" />
  <attribute name="DerivativeT" value="6.000000" />
  <attribute name="DerivativeI" value="6.000000" />
  <attribute name="DerivativeH" value="6.000000" />
  <attribute name="Loop Time for DT" value="1.000000" />
  <attribute name="Output H" value="8388608"/>
  <attribute name="Output I" value="200"/>
  <attribute name="Output T" value="4"/>
  <attribute name="Target GC Util Change" value ="20.000000" />
  <attribute name="Current GC Util Change" value="24.000000"/>
  <attribute name="GC Util currently" value="24" />
  <attribute name="CPU Util currently" value="7143986244800" />
<exclusive-end id="190" timestamp="2019-06-15T09:17:26.361" durationms="5.428" />

<exclusive-start id="191" timestamp="2019-06-15T09:17:26.389" intervalms="33.037">
  <response-info timems="0.031" idlems="0.031" threads="0" lastid="0000000000DC5D00" lastname="Thread-10" />
</exclusive-start>
<allocation-taxation id="192" taxation-threshold="14680064" timestamp="2019-06-15T09:17:26.389" intervalms="33.047" />
<cycle-start id="193" type="partial gc" contextid="0" timestamp="2019-06-15T09:17:26.389" intervalms="33.026" />
<gc-start id="194" type="partial gc" contextid="193" timestamp="2019-06-15T09:17:26.389">
  <mem-info id="195" free="2097152" total="33554432" percent="6">
    <mem type="eden" free="0" total="14680064" percent="0" />
    <arraylet-primitive objects="2" leaves="2" largest="1" />
    <remembered-set count="6816" freebytes="1312128" totalbytes="1339392" percent="97" regionsoverflowed="0" regionsstable="0" regionsrebuilding="0"/>
  </mem-info>
</gc-start>
<allocation-stats totalBytes="14678016" >
  <allocated-bytes non-tlh="0" tlh="14678016" arrayletleaf="0"/>
  <largest-consumer threadName="Thread-10" threadId="0000000000DC5D00" bytes="7949376" />
</allocation-stats>
<gc-op id="196" type="copy forward" timems="3.274" contextid="193" timestamp="2019-06-15T09:17:26.393">
  <memory-copied type="eden" objects="4443" bytes="107264" bytesdiscarded="0" />
  <memory-copied type="other" objects="6167" bytes="148008" bytesdiscarded="0" />
  <memory-cardclean objects="13969" bytes="675040" />
  <regions eden="14" other="2" />
  <remembered-set-cleared processed="4475" cleared="1217" durationms="0.108" />
  <stringconstants candidates="4597" cleared="0"  />
  <heap-resize type="expand" space="default" amount="1048576" count="1" timems="0.059" reason="continue current collection" />
</gc-op>
<gc-op id="197" type="classunload" timems="0.002" contextid="193" timestamp="2019-06-15T09:17:26.393">
  <classunload-info classloadercandidates="8" classloadersunloaded="0" classesunloaded="0" anonymousclassesunloaded="0" quiescems="0.000" setupms="0.002" scanms="0.000" postms="0.000" />
</gc-op>
<heap-resize id="198" type="expand" space="default" amount="6291456" count="1" timems="0.078" reason="excessive time being spent in gc" timestamp="2019-06-15T09:17:26.394" />
<gc-end id="199" type="partial gc" contextid="193" durationms="4.737" usertimems="8.000" systemtimems="0.000" timestamp="2019-06-15T09:17:26.394" activeThreads="1">
  <mem-info id="200" free="23068672" total="40894464" percent="56">
    <mem type="eden" free="941312" total="1048576" percent="89" />
    <arraylet-primitive objects="2" leaves="2" largest="1" />
    <remembered-set count="7520" freebytes="1602304" totalbytes="1632384" percent="98" regionsoverflowed="0" regionsstable="0" regionsrebuilding="0"/>
  </mem-info>
</gc-end>
<cycle-end id="201" type="partial gc" contextid="193" timestamp="2019-06-15T09:17:26.394" />
  <attribute name="elasticGC enabled" value="1" />
  <attribute name= "numThreadsSpecified" value="1" />
  <attribute name="heapSize specified" value="0" />
  <attribute name="Current GC Util" value="22" />
  <attribute name= "Current Time Running" value="1066" />
  <attribute name ="GC Interval" value="0" />
  <attribute name="ProportionalT" value="1.000000" />
  <attribute name="ProportionalI" value="1.000000" />
  <attribute name="ProportionalH" value="1.000000" />
  <attribute name="Current Error" value="2.000000" />
  <attribute name="IntegralT" value="0.000000" />
  <attribute name="IntegralI" value="0.000000" />
  <attribute name="IntegralH" value="0.000000" />
  <attribute name="DerivativeT" value="inf" />
  <attribute name="DerivativeI" value="inf" />
  <attribute name="DerivativeH" value="inf" />
  <attribute name="Loop Time for DT" value="0.000000" />
  <attribute name="Output H" value="8388608"/>
  <attribute name="Output I" value="200"/>
  <attribute name="Output T" value="1"/>
  <attribute name="Target GC Util Change" value ="20.000000" />
  <attribute name="Current GC Util Change" value="22.000000"/>
  <attribute name="GC Util currently" value="22" />
  <attribute name="CPU Util currently" value="9417292928838" />
<exclusive-end id="202" timestamp="2019-06-15T09:17:26.394" durationms="5.636" />

<exclusive-start id="203" timestamp="2019-06-15T09:17:26.416" intervalms="27.662">
  <response-info timems="0.225" idlems="0.225" threads="0" lastid="0000000000DC9900" lastname="Thread-7" />
</exclusive-start>
<allocation-taxation id="204" taxation-threshold="16777216" timestamp="2019-06-15T09:17:26.416" intervalms="27.587" />
<cycle-start id="205" type="partial gc" contextid="0" timestamp="2019-06-15T09:17:26.416" intervalms="27.515" />
<gc-start id="206" type="partial gc" contextid="205" timestamp="2019-06-15T09:17:26.417">
  <mem-info id="207" free="6291456" total="40894464" percent="15">
    <mem type="eden" free="0" total="16777216" percent="0" />
    <arraylet-primitive objects="2" leaves="2" largest="1" />
    <remembered-set count="7520" freebytes="1602304" totalbytes="1632384" percent="98" regionsoverflowed="0" regionsstable="0" regionsrebuilding="0"/>
  </mem-info>
</gc-start>
<allocation-stats totalBytes="16774816" >
  <allocated-bytes non-tlh="0" tlh="16774816" arrayletleaf="0"/>
  <largest-consumer threadName="Thread-10" threadId="0000000000DC5D00" bytes="5762344" />
</allocation-stats>
<gc-op id="208" type="copy forward" timems="2.845" contextid="205" timestamp="2019-06-15T09:17:26.420">
  <memory-copied type="eden" objects="15411" bytes="646232" bytesdiscarded="0" />
  <memory-copied type="other" objects="4492" bytes="263256" bytesdiscarded="0" />
  <memory-cardclean objects="6524" bytes="321776" />
  <regions eden="16" other="2" />
  <remembered-set-cleared processed="5615" cleared="1338" durationms="0.125" />
  <stringconstants candidates="4597" cleared="0"  />
</gc-op>
<gc-op id="209" type="classunload" timems="0.003" contextid="205" timestamp="2019-06-15T09:17:26.420">
  <classunload-info classloadercandidates="8" classloadersunloaded="0" classesunloaded="0" anonymousclassesunloaded="0" quiescems="0.000" setupms="0.003" scanms="0.000" postms="0.000" />
</gc-op>
<heap-resize id="210" type="expand" space="default" amount="6291456" count="1" timems="0.094" reason="excessive time being spent in gc" timestamp="2019-06-15T09:17:26.421" />
<gc-end id="211" type="partial gc" contextid="205" durationms="4.325" usertimems="4.000" systemtimems="0.000" timestamp="2019-06-15T09:17:26.421" activeThreads="1">
  <mem-info id="212" free="28311552" total="47185920" percent="60">
    <mem type="eden" free="402344" total="1048576" percent="38" />
    <arraylet-primitive objects="2" leaves="2" largest="1" />
    <remembered-set count="7584" freebytes="1853184" totalbytes="1883520" percent="98" regionsoverflowed="0" regionsstable="0" regionsrebuilding="0"/>
  </mem-info>
</gc-end>
<cycle-end id="213" type="partial gc" contextid="205" timestamp="2019-06-15T09:17:26.421" />
  <attribute name="elasticGC enabled" value="1" />
  <attribute name= "numThreadsSpecified" value="1" />
  <attribute name="heapSize specified" value="0" />
  <attribute name="Current GC Util" value="44" />
  <attribute name= "Current Time Running" value="1094" />
  <attribute name ="GC Interval" value="0" />
  <attribute name="ProportionalT" value="12.000000" />
  <attribute name="ProportionalI" value="12.000000" />
  <attribute name="ProportionalH" value="12.000000" />
  <attribute name="Current Error" value="24.000000" />
  <attribute name="IntegralT" value="0.000000" />
  <attribute name="IntegralI" value="0.000000" />
  <attribute name="IntegralH" value="0.000000" />
  <attribute name="DerivativeT" value="inf" />
  <attribute name="DerivativeI" value="inf" />
  <attribute name="DerivativeH" value="inf" />
  <attribute name="Loop Time for DT" value="0.000000" />
  <attribute name="Output H" value="8388608"/>
  <attribute name="Output I" value="200"/>
  <attribute name="Output T" value="1"/>
  <attribute name="Target GC Util Change" value ="20.000000" />
  <attribute name="Current GC Util Change" value="44.000000"/>
  <attribute name="GC Util currently" value="44" />
  <attribute name="CPU Util currently" value="14763111529054" />
<exclusive-end id="214" timestamp="2019-06-15T09:17:26.421" durationms="5.204" />

<exclusive-start id="215" timestamp="2019-06-15T09:17:26.440" intervalms="24.315">
  <response-info timems="0.030" idlems="0.030" threads="0" lastid="0000000000DC5D00" lastname="Thread-10" />
</exclusive-start>
<allocation-taxation id="216" taxation-threshold="18874368" timestamp="2019-06-15T09:17:26.441" intervalms="24.406" />
<cycle-start id="217" type="partial gc" contextid="0" timestamp="2019-06-15T09:17:26.441" intervalms="24.463" />
<gc-start id="218" type="partial gc" contextid="217" timestamp="2019-06-15T09:17:26.441">
  <mem-info id="219" free="9437184" total="47185920" percent="20">
    <mem type="eden" free="0" total="18874368" percent="0" />
    <arraylet-primitive objects="2" leaves="2" largest="1" />
    <remembered-set count="7168" freebytes="1854848" totalbytes="1883520" percent="98" regionsoverflowed="0" regionsstable="0" regionsrebuilding="0"/>
  </mem-info>
</gc-start>
<allocation-stats totalBytes="18871968" >
  <allocated-bytes non-tlh="0" tlh="18871968" arrayletleaf="0"/>
  <largest-consumer threadName="Thread-10" threadId="0000000000DC5D00" bytes="5766496" />
</allocation-stats>
<gc-op id="220" type="copy forward" timems="4.783" contextid="217" timestamp="2019-06-15T09:17:26.447">
  <memory-copied type="eden" objects="15933" bytes="658504" bytesdiscarded="0" />
  <memory-copied type="other" objects="17344" bytes="781328" bytesdiscarded="0" />
  <memory-cardclean objects="9160" bytes="452920" />
  <regions eden="18" other="2" />
  <remembered-set-cleared processed="4735" cleared="2010" durationms="0.128" />
  <references type="soft" candidates="17" cleared="0" enqueued="0" dynamicThreshold="19" maxThreshold="32" />
  <references type="weak" candidates="16" cleared="0" enqueued="0" />
  <references type="phantom" candidates="2" cleared="0" enqueued="0" />
  <stringconstants candidates="4597" cleared="0"  />
</gc-op>
<gc-op id="221" type="classunload" timems="0.003" contextid="217" timestamp="2019-06-15T09:17:26.447">
  <classunload-info classloadercandidates="8" classloadersunloaded="0" classesunloaded="0" anonymousclassesunloaded="0" quiescems="0.000" setupms="0.003" scanms="0.000" postms="0.000" />
</gc-op>
<heap-resize id="222" type="expand" space="default" amount="3145728" count="1" timems="0.075" reason="excessive time being spent in gc" timestamp="2019-06-15T09:17:26.447" />
<gc-end id="223" type="partial gc" contextid="217" durationms="6.096" usertimems="4.000" systemtimems="0.000" timestamp="2019-06-15T09:17:26.447" activeThreads="1">
  <mem-info id="224" free="30408704" total="50331648" percent="60">
    <mem type="eden" free="390072" total="1048576" percent="37" />
    <arraylet-primitive objects="2" leaves="2" largest="1" />
    <remembered-set count="7808" freebytes="1977856" totalbytes="2009088" percent="98" regionsoverflowed="0" regionsstable="0" regionsrebuilding="0"/>
  </mem-info>
</gc-end>
<cycle-end id="225" type="partial gc" contextid="217" timestamp="2019-06-15T09:17:26.447" />
  <attribute name="elasticGC enabled" value="1" />
  <attribute name= "numThreadsSpecified" value="1" />
  <attribute name="heapSize specified" value="0" />
  <attribute name="Current GC Util" value="42" />
  <attribute name= "Current Time Running" value="1118" />
  <attribute name ="GC Interval" value="0" />
  <attribute name="ProportionalT" value="11.000000" />
  <attribute name="ProportionalI" value="11.000000" />
  <attribute name="ProportionalH" value="11.000000" />
  <attribute name="Current Error" value="22.000000" />
  <attribute name="IntegralT" value="0.000000" />
  <attribute name="IntegralI" value="0.000000" />
  <attribute name="IntegralH" value="0.000000" />
  <attribute name="DerivativeT" value="inf" />
  <attribute name="DerivativeI" value="inf" />
  <attribute name="DerivativeH" value="inf" />
  <attribute name="Loop Time for DT" value="0.000000" />
  <attribute name="Output H" value="8388608"/>
  <attribute name="Output I" value="200"/>
  <attribute name="Output T" value="1"/>
  <attribute name="Target GC Util Change" value ="20.000000" />
  <attribute name="Current GC Util Change" value="42.000000"/>
  <attribute name="GC Util currently" value="42" />
  <attribute name="CPU Util currently" value="18636463260944" />
<exclusive-end id="226" timestamp="2019-06-15T09:17:26.448" durationms="7.015" />

<exclusive-start id="227" timestamp="2019-06-15T09:17:26.464" intervalms="23.714">
  <response-info timems="0.028" idlems="0.018" threads="2" lastid="0000000000DCD500" lastname="Thread-9" />
</exclusive-start>
<allocation-taxation id="228" taxation-threshold="18874368" timestamp="2019-06-15T09:17:26.464" intervalms="23.675" />
<cycle-start id="229" type="partial gc" contextid="0" timestamp="2019-06-15T09:17:26.464" intervalms="23.651" />
<gc-start id="230" type="partial gc" contextid="229" timestamp="2019-06-15T09:17:26.465">
  <mem-info id="231" free="11534336" total="50331648" percent="22">
    <mem type="eden" free="0" total="18874368" percent="0" />
    <arraylet-primitive objects="2" leaves="2" largest="1" />
    <remembered-set count="7360" freebytes="1979648" totalbytes="2009088" percent="98" regionsoverflowed="0" regionsstable="0" regionsrebuilding="0"/>
  </mem-info>
</gc-start>
<allocation-stats totalBytes="18872016" >
  <allocated-bytes non-tlh="0" tlh="18872016" arrayletleaf="0"/>
  <largest-consumer threadName="Thread-10" threadId="0000000000DC5D00" bytes="5848376" />
</allocation-stats>
<gc-op id="232" type="copy forward" timems="2.956" contextid="229" timestamp="2019-06-15T09:17:26.468">
  <memory-copied type="eden" objects="12508" bytes="438648" bytesdiscarded="0" />
  <memory-copied type="other" objects="15655" bytes="650472" bytesdiscarded="0" />
  <memory-cardclean objects="6929" bytes="360504" />
  <regions eden="18" other="1" />
  <remembered-set-cleared processed="5742" cleared="570" durationms="0.129" />
  <stringconstants candidates="4597" cleared="0"  />
</gc-op>
<gc-op id="233" type="classunload" timems="0.003" contextid="229" timestamp="2019-06-15T09:17:26.468">
  <classunload-info classloadercandidates="8" classloadersunloaded="0" classesunloaded="0" anonymousclassesunloaded="0" quiescems="0.000" setupms="0.001" scanms="0.000" postms="0.000" />
</gc-op>
<heap-resize id="234" type="expand" space="default" amount="2097152" count="1" timems="0.068" reason="excessive time being spent in gc" timestamp="2019-06-15T09:17:26.469" />
<gc-end id="235" type="partial gc" contextid="229" durationms="4.243" usertimems="4.000" systemtimems="0.000" timestamp="2019-06-15T09:17:26.469" activeThreads="1">
  <mem-info id="236" free="31457280" total="52428800" percent="60">
    <mem type="eden" free="609928" total="1048576" percent="58" />
    <arraylet-primitive objects="2" leaves="2" largest="1" />
    <remembered-set count="8800" freebytes="2057600" totalbytes="2092800" percent="98" regionsoverflowed="0" regionsstable="0" regionsrebuilding="0"/>
  </mem-info>
</gc-end>
<cycle-end id="237" type="partial gc" contextid="229" timestamp="2019-06-15T09:17:26.469" />
  <attribute name="elasticGC enabled" value="1" />
  <attribute name= "numThreadsSpecified" value="1" />
  <attribute name="heapSize specified" value="0" />
  <attribute name="Current GC Util" value="43" />
  <attribute name= "Current Time Running" value="1142" />
  <attribute name ="GC Interval" value="0" />
  <attribute name="ProportionalT" value="11.500000" />
  <attribute name="ProportionalI" value="11.500000" />
  <attribute name="ProportionalH" value="11.500000" />
  <attribute name="Current Error" value="23.000000" />
  <attribute name="IntegralT" value="0.000000" />
  <attribute name="IntegralI" value="0.000000" />
  <attribute name="IntegralH" value="0.000000" />
  <attribute name="DerivativeT" value="inf" />
  <attribute name="DerivativeI" value="inf" />
  <attribute name="DerivativeH" value="inf" />
  <attribute name="Loop Time for DT" value="0.000000" />
  <attribute name="Output H" value="8388608"/>
  <attribute name="Output I" value="200"/>
  <attribute name="Output T" value="1"/>
  <attribute name="Target GC Util Change" value ="20.000000" />
  <attribute name="Current GC Util Change" value="43.000000"/>
  <attribute name="GC Util currently" value="43" />
  <attribute name="CPU Util currently" value="18697666752208" />
<exclusive-end id="238" timestamp="2019-06-15T09:17:26.469" durationms="5.064" />

<exclusive-start id="239" timestamp="2019-06-15T09:17:26.489" intervalms="24.499">
  <response-info timems="0.061" idlems="0.061" threads="0" lastid="0000000000DD1100" lastname="Thread-8" />
</exclusive-start>
<allocation-taxation id="240" taxation-threshold="19922944" timestamp="2019-06-15T09:17:26.489" intervalms="24.554" />
<cycle-start id="241" type="partial gc" contextid="0" timestamp="2019-06-15T09:17:26.489" intervalms="24.638" />
<gc-start id="242" type="partial gc" contextid="241" timestamp="2019-06-15T09:17:26.489">
  <mem-info id="243" free="11534336" total="52428800" percent="22">
    <mem type="eden" free="0" total="19922944" percent="0" />
    <arraylet-primitive objects="2" leaves="2" largest="1" />
    <remembered-set count="8448" freebytes="2059008" totalbytes="2092800" percent="98" regionsoverflowed="0" regionsstable="0" regionsrebuilding="0"/>
  </mem-info>
</gc-start>
<allocation-stats totalBytes="19920448" >
  <allocated-bytes non-tlh="0" tlh="19920448" arrayletleaf="0"/>
  <largest-consumer threadName="Thread-8" threadId="0000000000DD1100" bytes="6982776" />
</allocation-stats>
<gc-op id="244" type="copy forward" timems="3.346" contextid="241" timestamp="2019-06-15T09:17:26.494">
  <memory-copied type="eden" objects="16026" bytes="660736" bytesdiscarded="0" />
  <memory-copied type="other" objects="12289" bytes="432312" bytesdiscarded="0" />
  <memory-cardclean objects="9315" bytes="497496" />
  <regions eden="19" other="1" />
  <remembered-set-cleared processed="6493" cleared="565" durationms="0.133" />
  <stringconstants candidates="4597" cleared="0"  />
</gc-op>
<gc-op id="245" type="classunload" timems="0.002" contextid="241" timestamp="2019-06-15T09:17:26.494">
  <classunload-info classloadercandidates="8" classloadersunloaded="0" classesunloaded="0" anonymousclassesunloaded="0" quiescems="0.000" setupms="0.002" scanms="0.000" postms="0.000" />
</gc-op>
<heap-resize id="246" type="expand" space="default" amount="3145728" count="1" timems="0.077" reason="excessive time being spent in gc" timestamp="2019-06-15T09:17:26.494" />
<gc-end id="247" type="partial gc" contextid="241" durationms="4.791" usertimems="4.000" systemtimems="0.000" timestamp="2019-06-15T09:17:26.494" activeThreads="1">
  <mem-info id="248" free="33554432" total="55574528" percent="60">
    <mem type="eden" free="387840" total="1048576" percent="36" />
    <arraylet-primitive objects="2" leaves="2" largest="1" />
    <remembered-set count="9600" freebytes="2179968" totalbytes="2218368" percent="98" regionsoverflowed="0" regionsstable="0" regionsrebuilding="0"/>
  </mem-info>
</gc-end>
<cycle-end id="249" type="partial gc" contextid="241" timestamp="2019-06-15T09:17:26.494" />
  <attribute name="elasticGC enabled" value="1" />
  <attribute name= "numThreadsSpecified" value="1" />
  <attribute name="heapSize specified" value="0" />
  <attribute name="Current GC Util" value="41" />
  <attribute name= "Current Time Running" value="1167" />
  <attribute name ="GC Interval" value="0" />
  <attribute name="ProportionalT" value="10.500000" />
  <attribute name="ProportionalI" value="10.500000" />
  <attribute name="ProportionalH" value="10.500000" />
  <attribute name="Current Error" value="21.000000" />
  <attribute name="IntegralT" value="0.000000" />
  <attribute name="IntegralI" value="0.000000" />
  <attribute name="IntegralH" value="0.000000" />
  <attribute name="DerivativeT" value="inf" />
  <attribute name="DerivativeI" value="inf" />
  <attribute name="DerivativeH" value="inf" />
  <attribute name="Loop Time for DT" value="0.000000" />
  <attribute name="Output H" value="8388608"/>
  <attribute name="Output I" value="200"/>
  <attribute name="Output T" value="1"/>
  <attribute name="Target GC Util Change" value ="20.000000" />
  <attribute name="Current GC Util Change" value="41.000000"/>
  <attribute name="GC Util currently" value="41" />
  <attribute name="CPU Util currently" value="17724574020115" />
<exclusive-end id="250" timestamp="2019-06-15T09:17:26.495" durationms="5.921" />

<exclusive-start id="251" timestamp="2019-06-15T09:17:26.508" intervalms="19.691">
  <response-info timems="0.022" idlems="0.022" threads="0" lastid="0000000000DCD500" lastname="Thread-9" />
</exclusive-start>
<allocation-taxation id="252" taxation-threshold="20971520" timestamp="2019-06-15T09:17:26.509" intervalms="19.658" />
<cycle-start id="253" type="partial gc" contextid="0" timestamp="2019-06-15T09:17:26.509" intervalms="19.647" />
<gc-start id="254" type="partial gc" contextid="253" timestamp="2019-06-15T09:17:26.509">
  <mem-info id="255" free="12582912" total="55574528" percent="22">
    <mem type="eden" free="0" total="20971520" percent="0" />
    <arraylet-primitive objects="2" leaves="2" largest="1" />
    <remembered-set count="9184" freebytes="2181632" totalbytes="2218368" percent="98" regionsoverflowed="0" regionsstable="0" regionsrebuilding="0"/>
  </mem-info>
</gc-start>
<allocation-stats totalBytes="20968968" >
  <allocated-bytes non-tlh="0" tlh="20968968" arrayletleaf="0"/>
  <largest-consumer threadName="Thread-10" threadId="0000000000DC5D00" bytes="5565816" />
</allocation-stats>
<gc-op id="256" type="copy forward" timems="2.495" contextid="253" timestamp="2019-06-15T09:17:26.512">
  <memory-copied type="eden" objects="3231" bytes="79048" bytesdiscarded="0" />
  <memory-copied type="other" objects="15761" bytes="653016" bytesdiscarded="0" />
  <memory-cardclean objects="7008" bytes="364320" />
  <regions eden="20" other="1" />
  <remembered-set-cleared processed="7558" cleared="427" durationms="0.136" />
  <stringconstants candidates="4597" cleared="0"  />
</gc-op>
<gc-op id="257" type="classunload" timems="0.002" contextid="253" timestamp="2019-06-15T09:17:26.512">
  <classunload-info classloadercandidates="8" classloadersunloaded="0" classesunloaded="0" anonymousclassesunloaded="0" quiescems="0.000" setupms="0.002" scanms="0.000" postms="0.000" />
</gc-op>
<heap-resize id="258" type="expand" space="default" amount="2097152" count="1" timems="0.068" reason="excessive time being spent in gc" timestamp="2019-06-15T09:17:26.512" />
<gc-end id="259" type="partial gc" contextid="253" durationms="3.702" usertimems="4.000" systemtimems="0.000" timestamp="2019-06-15T09:17:26.513" activeThreads="1">
  <mem-info id="260" free="34603008" total="57671680" percent="60">
    <mem type="eden" free="969528" total="1048576" percent="92" />
    <arraylet-primitive objects="2" leaves="2" largest="1" />
    <remembered-set count="10272" freebytes="2260992" totalbytes="2302080" percent="98" regionsoverflowed="0" regionsstable="0" regionsrebuilding="0"/>
  </mem-info>
</gc-end>
<cycle-end id="261" type="partial gc" contextid="253" timestamp="2019-06-15T09:17:26.513" />
  <attribute name="elasticGC enabled" value="1" />
  <attribute name= "numThreadsSpecified" value="1" />
  <attribute name="heapSize specified" value="0" />
  <attribute name="Current GC Util" value="39" />
  <attribute name= "Current Time Running" value="1186" />
  <attribute name ="GC Interval" value="0" />
  <attribute name="ProportionalT" value="9.500000" />
  <attribute name="ProportionalI" value="9.500000" />
  <attribute name="ProportionalH" value="9.500000" />
  <attribute name="Current Error" value="19.000000" />
  <attribute name="IntegralT" value="0.000000" />
  <attribute name="IntegralI" value="0.000000" />
  <attribute name="IntegralH" value="0.000000" />
  <attribute name="DerivativeT" value="inf" />
  <attribute name="DerivativeI" value="inf" />
  <attribute name="DerivativeH" value="inf" />
  <attribute name="Loop Time for DT" value="0.000000" />
  <attribute name="Output H" value="8388608"/>
  <attribute name="Output I" value="200"/>
  <attribute name="Output T" value="1"/>
  <attribute name="Target GC Util Change" value ="20.000000" />
  <attribute name="Current GC Util Change" value="39.000000"/>
  <attribute name="GC Util currently" value="39" />
  <attribute name="CPU Util currently" value="17181498513040" />
<exclusive-end id="262" timestamp="2019-06-15T09:17:26.513" durationms="4.697" />

<exclusive-start id="263" timestamp="2019-06-15T09:17:26.527" intervalms="18.455">
  <response-info timems="0.023" idlems="0.023" threads="0" lastid="0000000000DD1100" lastname="Thread-8" />
</exclusive-start>
<allocation-taxation id="264" taxation-threshold="20971520" timestamp="2019-06-15T09:17:26.527" intervalms="18.413" />
<cycle-start id="265" type="partial gc" contextid="0" timestamp="2019-06-15T09:17:26.527" intervalms="18.369" />
<gc-start id="266" type="partial gc" contextid="265" timestamp="2019-06-15T09:17:26.527">
  <mem-info id="267" free="13631488" total="57671680" percent="23">
    <mem type="eden" free="0" total="20971520" percent="0" />
    <arraylet-primitive objects="2" leaves="2" largest="1" />
    <remembered-set count="9920" freebytes="2262400" totalbytes="2302080" percent="98" regionsoverflowed="0" regionsstable="0" regionsrebuilding="0"/>
  </mem-info>
</gc-start>
<allocation-stats totalBytes="20968776" >
  <allocated-bytes non-tlh="0" tlh="20968776" arrayletleaf="0"/>
  <largest-consumer threadName="Thread-10" threadId="0000000000DC5D00" bytes="5434768" />
</allocation-stats>
<gc-op id="268" type="copy forward" timems="1.940" contextid="265" timestamp="2019-06-15T09:17:26.530">
  <memory-copied type="eden" objects="4161" bytes="101176" bytesdiscarded="4856" />
  <memory-copied type="other" objects="2930" bytes="70320" bytesdiscarded="4208" />
  <memory-cardclean objects="9154" bytes="482280" />
  <regions eden="20" other="1" />
  <remembered-set-cleared processed="8284" cleared="458" durationms="0.102" />
  <stringconstants candidates="4597" cleared="0"  />
</gc-op>
<gc-op id="269" type="classunload" timems="0.002" contextid="265" timestamp="2019-06-15T09:17:26.530">
  <classunload-info classloadercandidates="8" classloadersunloaded="0" classesunloaded="0" anonymousclassesunloaded="0" quiescems="0.000" setupms="0.002" scanms="0.000" postms="0.000" />
</gc-op>
<heap-resize id="270" type="expand" space="default" amount="3145728" count="1" timems="0.074" reason="excessive time being spent in gc" timestamp="2019-06-15T09:17:26.530" />
<gc-end id="271" type="partial gc" contextid="265" durationms="3.076" usertimems="4.000" systemtimems="0.000" timestamp="2019-06-15T09:17:26.530" activeThreads="4">
  <mem-info id="272" free="36700160" total="60817408" percent="60">
    <mem type="eden" free="942544" total="1048576" percent="89" />
    <arraylet-primitive objects="2" leaves="2" largest="1" />
    <remembered-set count="11488" freebytes="2381696" totalbytes="2427648" percent="98" regionsoverflowed="0" regionsstable="0" regionsrebuilding="0"/>
  </mem-info>
</gc-end>
<cycle-end id="273" type="partial gc" contextid="265" timestamp="2019-06-15T09:17:26.531" />
  <attribute name="elasticGC enabled" value="1" />
  <attribute name= "numThreadsSpecified" value="4" />
  <attribute name="heapSize specified" value="0" />
  <attribute name="Current GC Util" value="39" />
  <attribute name= "Current Time Running" value="1205" />
  <attribute name ="GC Interval" value="0" />
  <attribute name="ProportionalT" value="9.500000" />
  <attribute name="ProportionalI" value="9.500000" />
  <attribute name="ProportionalH" value="9.500000" />
  <attribute name="Current Error" value="19.000000" />
  <attribute name="IntegralT" value="19.000000" />
  <attribute name="IntegralI" value="19.000000" />
  <attribute name="IntegralH" value="19.000000" />
  <attribute name="DerivativeT" value="28.500000" />
  <attribute name="DerivativeI" value="28.500000" />
  <attribute name="DerivativeH" value="28.500000" />
  <attribute name="Loop Time for DT" value="1.000000" />
  <attribute name="Output H" value="8388608"/>
  <attribute name="Output I" value="200"/>
  <attribute name="Output T" value="4"/>
  <attribute name="Target GC Util Change" value ="20.000000" />
  <attribute name="Current GC Util Change" value="39.000000"/>
  <attribute name="GC Util currently" value="39" />
  <attribute name="CPU Util currently" value="16902343163641" />
<exclusive-end id="274" timestamp="2019-06-15T09:17:26.531" durationms="3.948" />

<exclusive-start id="275" timestamp="2019-06-15T09:17:26.547" intervalms="19.761">
  <response-info timems="0.024" idlems="0.024" threads="0" lastid="0000000000DC9900" lastname="Thread-7" />
</exclusive-start>
<allocation-taxation id="276" taxation-threshold="22020096" timestamp="2019-06-15T09:17:26.547" intervalms="19.789" />
<cycle-start id="277" type="partial gc" contextid="0" timestamp="2019-06-15T09:17:26.547" intervalms="19.776" />
<gc-start id="278" type="partial gc" contextid="277" timestamp="2019-06-15T09:17:26.547">
  <mem-info id="279" free="14680064" total="60817408" percent="24">
    <mem type="eden" free="0" total="22020096" percent="0" />
    <arraylet-primitive objects="2" leaves="2" largest="1" />
    <remembered-set count="10496" freebytes="2385664" totalbytes="2427648" percent="98" regionsoverflowed="0" regionsstable="1" regionsrebuilding="0"/>
  </mem-info>
</gc-start>
<allocation-stats totalBytes="22017488" >
  <allocated-bytes non-tlh="0" tlh="22017488" arrayletleaf="0"/>
  <largest-consumer threadName="Thread-9" threadId="0000000000DCD500" bytes="5918008" />
</allocation-stats>
<gc-op id="280" type="copy forward" timems="2.667" contextid="277" timestamp="2019-06-15T09:17:26.551">
  <memory-copied type="eden" objects="16395" bytes="668936" bytesdiscarded="0" />
  <memory-copied type="other" objects="3914" bytes="93936" bytesdiscarded="0" />
  <memory-cardclean objects="9876" bytes="486504" />
  <regions eden="21" other="1" />
  <remembered-set-cleared processed="8523" cleared="750" durationms="0.150" />
  <stringconstants candidates="4597" cleared="0"  />
</gc-op>
<gc-op id="281" type="classunload" timems="0.002" contextid="277" timestamp="2019-06-15T09:17:26.551">
  <classunload-info classloadercandidates="8" classloadersunloaded="0" classesunloaded="0" anonymousclassesunloaded="0" quiescems="0.000" setupms="0.002" scanms="0.000" postms="0.000" />
</gc-op>
<heap-resize id="282" type="expand" space="default" amount="2097152" count="1" timems="0.068" reason="excessive time being spent in gc" timestamp="2019-06-15T09:17:26.551" />
<gc-end id="283" type="partial gc" contextid="277" durationms="3.971" usertimems="4.000" systemtimems="0.000" timestamp="2019-06-15T09:17:26.551" activeThreads="1">
  <mem-info id="284" free="37748736" total="62914560" percent="60">
    <mem type="eden" free="379640" total="1048576" percent="36" />
    <arraylet-primitive objects="2" leaves="2" largest="1" />
    <remembered-set count="11520" freebytes="2465280" totalbytes="2511360" percent="98" regionsoverflowed="0" regionsstable="1" regionsrebuilding="0"/>
  </mem-info>
</gc-end>
<cycle-end id="285" type="partial gc" contextid="277" timestamp="2019-06-15T09:17:26.551" />
  <attribute name="elasticGC enabled" value="1" />
  <attribute name= "numThreadsSpecified" value="1" />
  <attribute name="heapSize specified" value="0" />
  <attribute name="Current GC Util" value="34" />
  <attribute name= "Current Time Running" value="1224" />
  <attribute name ="GC Interval" value="0" />
  <attribute name="ProportionalT" value="7.000000" />
  <attribute name="ProportionalI" value="7.000000" />
  <attribute name="ProportionalH" value="7.000000" />
  <attribute name="Current Error" value="14.000000" />
  <attribute name="IntegralT" value="0.000000" />
  <attribute name="IntegralI" value="0.000000" />
  <attribute name="IntegralH" value="0.000000" />
  <attribute name="DerivativeT" value="inf" />
  <attribute name="DerivativeI" value="inf" />
  <attribute name="DerivativeH" value="inf" />
  <attribute name="Loop Time for DT" value="0.000000" />
  <attribute name="Output H" value="8388608"/>
  <attribute name="Output I" value="200"/>
  <attribute name="Output T" value="1"/>
  <attribute name="Target GC Util Change" value ="20.000000" />
  <attribute name="Current GC Util Change" value="34.000000"/>
  <attribute name="GC Util currently" value="34" />
  <attribute name="CPU Util currently" value="16836009373986" />
<exclusive-end id="286" timestamp="2019-06-15T09:17:26.551" durationms="4.879" />

<exclusive-start id="287" timestamp="2019-06-15T09:17:26.566" intervalms="19.502">
  <response-info timems="0.025" idlems="0.025" threads="0" lastid="0000000000DD1100" lastname="Thread-8" />
</exclusive-start>
<allocation-taxation id="288" taxation-threshold="22020096" timestamp="2019-06-15T09:17:26.566" intervalms="19.505" />
<cycle-start id="289" type="partial gc" contextid="0" timestamp="2019-06-15T09:17:26.566" intervalms="19.544" />
<gc-start id="290" type="partial gc" contextid="289" timestamp="2019-06-15T09:17:26.567">
  <mem-info id="291" free="15728640" total="62914560" percent="25">
    <mem type="eden" free="0" total="22020096" percent="0" />
    <arraylet-primitive objects="2" leaves="2" largest="1" />
    <remembered-set count="11168" freebytes="2466688" totalbytes="2511360" percent="98" regionsoverflowed="0" regionsstable="1" regionsrebuilding="0"/>
  </mem-info>
</gc-start>
<allocation-stats totalBytes="22017408" >
  <allocated-bytes non-tlh="0" tlh="22017408" arrayletleaf="0"/>
  <largest-consumer threadName="Thread-8" threadId="0000000000DD1100" bytes="5684592" />
</allocation-stats>
<gc-op id="292" type="copy forward" timems="2.712" contextid="289" timestamp="2019-06-15T09:17:26.570">
  <memory-copied type="eden" objects="8051" bytes="331592" bytesdiscarded="0" />
  <memory-copied type="other" objects="16252" bytes="664800" bytesdiscarded="0" />
  <memory-cardclean objects="6037" bytes="302784" />
  <regions eden="21" other="1" />
  <remembered-set-cleared processed="9358" cleared="801" durationms="0.139" />
  <stringconstants candidates="4597" cleared="0"  />
</gc-op>
<gc-op id="293" type="classunload" timems="0.002" contextid="289" timestamp="2019-06-15T09:17:26.570">
  <classunload-info classloadercandidates="8" classloadersunloaded="0" classesunloaded="0" anonymousclassesunloaded="0" quiescems="0.000" setupms="0.002" scanms="0.000" postms="0.000" />
</gc-op>
<heap-resize id="294" type="expand" space="default" amount="3145728" count="1" timems="0.065" reason="excessive time being spent in gc" timestamp="2019-06-15T09:17:26.570" />
<gc-end id="295" type="partial gc" contextid="289" durationms="3.864" usertimems="4.000" systemtimems="0.000" timestamp="2019-06-15T09:17:26.570" activeThreads="1">
  <mem-info id="296" free="39845888" total="66060288" percent="60">
    <mem type="eden" free="716984" total="1048576" percent="68" />
    <arraylet-primitive objects="2" leaves="2" largest="1" />
    <remembered-set count="11776" freebytes="2589824" totalbytes="2636928" percent="98" regionsoverflowed="0" regionsstable="1" regionsrebuilding="0"/>
  </mem-info>
</gc-end>
<cycle-end id="297" type="partial gc" contextid="289" timestamp="2019-06-15T09:17:26.571" />
  <attribute name="elasticGC enabled" value="1" />
  <attribute name= "numThreadsSpecified" value="1" />
  <attribute name="heapSize specified" value="0" />
  <attribute name="Current GC Util" value="44" />
  <attribute name= "Current Time Running" value="1244" />
  <attribute name ="GC Interval" value="0" />
  <attribute name="ProportionalT" value="12.000000" />
  <attribute name="ProportionalI" value="12.000000" />
  <attribute name="ProportionalH" value="12.000000" />
  <attribute name="Current Error" value="24.000000" />
  <attribute name="IntegralT" value="0.000000" />
  <attribute name="IntegralI" value="0.000000" />
  <attribute name="IntegralH" value="0.000000" />
  <attribute name="DerivativeT" value="inf" />
  <attribute name="DerivativeI" value="inf" />
  <attribute name="DerivativeH" value="inf" />
  <attribute name="Loop Time for DT" value="0.000000" />
  <attribute name="Output H" value="8388608"/>
  <attribute name="Output I" value="200"/>
  <attribute name="Output T" value="1"/>
  <attribute name="Target GC Util Change" value ="20.000000" />
  <attribute name="Current GC Util Change" value="44.000000"/>
  <attribute name="GC Util currently" value="44" />
  <attribute name="CPU Util currently" value="22496468299928" />
<exclusive-end id="298" timestamp="2019-06-15T09:17:26.571" durationms="4.712" />

<exclusive-start id="299" timestamp="2019-06-15T09:17:26.587" intervalms="20.422">
  <response-info timems="0.024" idlems="0.024" threads="0" lastid="0000000000DC9900" lastname="Thread-7" />
</exclusive-start>
<allocation-taxation id="300" taxation-threshold="23068672" timestamp="2019-06-15T09:17:26.587" intervalms="20.390" />
<cycle-start id="301" type="partial gc" contextid="0" timestamp="2019-06-15T09:17:26.587" intervalms="20.392" />
<gc-start id="302" type="partial gc" contextid="301" timestamp="2019-06-15T09:17:26.587">
  <mem-info id="303" free="16777216" total="66060288" percent="25">
    <mem type="eden" free="0" total="23068672" percent="0" />
    <arraylet-primitive objects="2" leaves="2" largest="1" />
    <remembered-set count="11744" freebytes="2589952" totalbytes="2636928" percent="98" regionsoverflowed="0" regionsstable="1" regionsrebuilding="0"/>
  </mem-info>
</gc-start>
<allocation-stats totalBytes="23065616" >
  <allocated-bytes non-tlh="0" tlh="23065616" arrayletleaf="0"/>
  <largest-consumer threadName="Thread-9" threadId="0000000000DCD500" bytes="5877040" />
</allocation-stats>
<gc-op id="304" type="copy forward" timems="1.912" contextid="301" timestamp="2019-06-15T09:17:26.590">
  <memory-copied type="eden" objects="4462" bytes="107920" bytesdiscarded="0" />
  <memory-copied type="other" objects="7876" bytes="326400" bytesdiscarded="0" />
  <memory-cardclean objects="6366" bytes="348144" />
  <regions eden="22" other="1" />
  <remembered-set-cleared processed="10131" cleared="357" durationms="0.141" />
  <stringconstants candidates="4597" cleared="0"  />
</gc-op>
<gc-op id="305" type="classunload" timems="0.002" contextid="301" timestamp="2019-06-15T09:17:26.590">
  <classunload-info classloadercandidates="8" classloadersunloaded="0" classesunloaded="0" anonymousclassesunloaded="0" quiescems="0.000" setupms="0.002" scanms="0.000" postms="0.000" />
</gc-op>
<heap-resize id="306" type="expand" space="default" amount="2097152" count="1" timems="0.059" reason="excessive time being spent in gc" timestamp="2019-06-15T09:17:26.590" />
<gc-end id="307" type="partial gc" contextid="301" durationms="3.068" usertimems="0.000" systemtimems="4.000" timestamp="2019-06-15T09:17:26.590" activeThreads="1">
  <mem-info id="308" free="40894464" total="68157440" percent="60">
    <mem type="eden" free="940656" total="1048576" percent="89" />
    <arraylet-primitive objects="2" leaves="2" largest="1" />
    <remembered-set count="13056" freebytes="2668416" totalbytes="2720640" percent="98" regionsoverflowed="0" regionsstable="1" regionsrebuilding="0"/>
  </mem-info>
</gc-end>
<cycle-end id="309" type="partial gc" contextid="301" timestamp="2019-06-15T09:17:26.590" />
  <attribute name="elasticGC enabled" value="1" />
  <attribute name= "numThreadsSpecified" value="1" />
  <attribute name="heapSize specified" value="0" />
  <attribute name="Current GC Util" value="44" />
  <attribute name= "Current Time Running" value="1264" />
  <attribute name ="GC Interval" value="0" />
  <attribute name="ProportionalT" value="12.000000" />
  <attribute name="ProportionalI" value="12.000000" />
  <attribute name="ProportionalH" value="12.000000" />
  <attribute name="Current Error" value="24.000000" />
  <attribute name="IntegralT" value="0.000000" />
  <attribute name="IntegralI" value="0.000000" />
  <attribute name="IntegralH" value="0.000000" />
  <attribute name="DerivativeT" value="inf" />
  <attribute name="DerivativeI" value="inf" />
  <attribute name="DerivativeH" value="inf" />
  <attribute name="Loop Time for DT" value="0.000000" />
  <attribute name="Output H" value="8388608"/>
  <attribute name="Output I" value="200"/>
  <attribute name="Output T" value="1"/>
  <attribute name="Target GC Util Change" value ="20.000000" />
  <attribute name="Current GC Util Change" value="44.000000"/>
  <attribute name="GC Util currently" value="44" />
  <attribute name="CPU Util currently" value="20712622065572" />
<exclusive-end id="310" timestamp="2019-06-15T09:17:26.590" durationms="3.783" />

<exclusive-start id="311" timestamp="2019-06-15T09:17:26.607" intervalms="20.147">
  <response-info timems="0.041" idlems="0.041" threads="0" lastid="0000000000DCD500" lastname="Thread-9" />
</exclusive-start>
<allocation-taxation id="312" taxation-threshold="24117248" timestamp="2019-06-15T09:17:26.607" intervalms="20.081" />
<cycle-start id="313" type="partial gc" contextid="0" timestamp="2019-06-15T09:17:26.607" intervalms="19.989" />
<gc-start id="314" type="partial gc" contextid="313" timestamp="2019-06-15T09:17:26.607">
  <mem-info id="315" free="16777216" total="68157440" percent="24">
    <mem type="eden" free="0" total="24117248" percent="0" />
    <arraylet-primitive objects="2" leaves="2" largest="1" />
    <remembered-set count="12640" freebytes="2670080" totalbytes="2720640" percent="98" regionsoverflowed="0" regionsstable="1" regionsrebuilding="0"/>
  </mem-info>
</gc-start>
<allocation-stats totalBytes="24114008" >
  <allocated-bytes non-tlh="0" tlh="24114008" arrayletleaf="0"/>
  <largest-consumer threadName="Thread-8" threadId="0000000000DD1100" bytes="6159360" />
</allocation-stats>
<gc-op id="316" type="copy forward" timems="2.160" contextid="313" timestamp="2019-06-15T09:17:26.610">
  <memory-copied type="eden" objects="8506" bytes="267088" bytesdiscarded="0" />
  <memory-copied type="other" objects="4340" bytes="104160" bytesdiscarded="0" />
  <memory-cardclean objects="12515" bytes="624360" />
  <regions eden="23" other="1" />
  <remembered-set-cleared processed="10714" cleared="567" durationms="0.150" />
  <stringconstants candidates="4597" cleared="0"  />
</gc-op>
<gc-op id="317" type="classunload" timems="0.002" contextid="313" timestamp="2019-06-15T09:17:26.610">
  <classunload-info classloadercandidates="8" classloadersunloaded="0" classesunloaded="0" anonymousclassesunloaded="0" quiescems="0.000" setupms="0.002" scanms="0.000" postms="0.000" />
</gc-op>
<heap-resize id="318" type="expand" space="default" amount="3145728" count="1" timems="0.062" reason="excessive time being spent in gc" timestamp="2019-06-15T09:17:26.610" />
<gc-end id="319" type="partial gc" contextid="313" durationms="3.108" usertimems="4.000" systemtimems="0.000" timestamp="2019-06-15T09:17:26.610" activeThreads="1">
  <mem-info id="320" free="42991616" total="71303168" percent="60">
    <mem type="eden" free="781488" total="1048576" percent="74" />
    <arraylet-primitive objects="2" leaves="2" largest="1" />
    <remembered-set count="13952" freebytes="2790400" totalbytes="2846208" percent="98" regionsoverflowed="0" regionsstable="1" regionsrebuilding="0"/>
  </mem-info>
</gc-end>
<cycle-end id="321" type="partial gc" contextid="313" timestamp="2019-06-15T09:17:26.610" />
  <attribute name="elasticGC enabled" value="1" />
  <attribute name= "numThreadsSpecified" value="1" />
  <attribute name="heapSize specified" value="0" />
  <attribute name="Current GC Util" value="46" />
  <attribute name= "Current Time Running" value="1284" />
  <attribute name ="GC Interval" value="0" />
  <attribute name="ProportionalT" value="13.000000" />
  <attribute name="ProportionalI" value="13.000000" />
  <attribute name="ProportionalH" value="13.000000" />
  <attribute name="Current Error" value="26.000000" />
  <attribute name="IntegralT" value="0.000000" />
  <attribute name="IntegralI" value="0.000000" />
  <attribute name="IntegralH" value="0.000000" />
  <attribute name="DerivativeT" value="inf" />
  <attribute name="DerivativeI" value="inf" />
  <attribute name="DerivativeH" value="inf" />
  <attribute name="Loop Time for DT" value="0.000000" />
  <attribute name="Output H" value="8388608"/>
  <attribute name="Output I" value="200"/>
  <attribute name="Output T" value="1"/>
  <attribute name="Target GC Util Change" value ="20.000000" />
  <attribute name="Current GC Util Change" value="46.000000"/>
  <attribute name="GC Util currently" value="46" />
  <attribute name="CPU Util currently" value="21825197303616" />
<exclusive-end id="322" timestamp="2019-06-15T09:17:26.610" durationms="3.767" />

<exclusive-start id="323" timestamp="2019-06-15T09:17:26.627" intervalms="20.038">
  <response-info timems="0.022" idlems="0.022" threads="0" lastid="0000000000DC5D00" lastname="Thread-10" />
</exclusive-start>
<allocation-taxation id="324" taxation-threshold="24117248" timestamp="2019-06-15T09:17:26.627" intervalms="20.129" />
<cycle-start id="325" type="partial gc" contextid="0" timestamp="2019-06-15T09:17:26.627" intervalms="20.159" />
<gc-start id="326" type="partial gc" contextid="325" timestamp="2019-06-15T09:17:26.627">
  <mem-info id="327" free="18874368" total="71303168" percent="26">
    <mem type="eden" free="0" total="24117248" percent="0" />
    <arraylet-primitive objects="2" leaves="2" largest="1" />
    <remembered-set count="13664" freebytes="2791552" totalbytes="2846208" percent="98" regionsoverflowed="0" regionsstable="1" regionsrebuilding="0"/>
  </mem-info>
</gc-start>
<allocation-stats totalBytes="24114176" >
  <allocated-bytes non-tlh="0" tlh="24114176" arrayletleaf="0"/>
  <largest-consumer threadName="Thread-7" threadId="0000000000DC9900" bytes="6339936" />
</allocation-stats>
<gc-op id="328" type="copy forward" timems="3.154" contextid="325" timestamp="2019-06-15T09:17:26.631">
  <memory-copied type="eden" objects="21878" bytes="876040" bytesdiscarded="0" />
  <memory-copied type="other" objects="8333" bytes="261984" bytesdiscarded="0" />
  <memory-cardclean objects="9814" bytes="483120" />
  <regions eden="23" other="1" />
  <remembered-set-cleared processed="11581" cleared="774" durationms="0.161" />
  <stringconstants candidates="4597" cleared="0"  />
</gc-op>
<gc-op id="329" type="classunload" timems="0.002" contextid="325" timestamp="2019-06-15T09:17:26.631">
  <classunload-info classloadercandidates="8" classloadersunloaded="0" classesunloaded="0" anonymousclassesunloaded="0" quiescems="0.000" setupms="0.002" scanms="0.000" postms="0.000" />
</gc-op>
<heap-resize id="330" type="expand" space="default" amount="2097152" count="1" timems="0.059" reason="excessive time being spent in gc" timestamp="2019-06-15T09:17:26.631" />
<gc-end id="331" type="partial gc" contextid="325" durationms="4.309" usertimems="4.000" systemtimems="0.000" timestamp="2019-06-15T09:17:26.631" activeThreads="1">
  <mem-info id="332" free="44040192" total="73400320" percent="60">
    <mem type="eden" free="172536" total="1048576" percent="16" />
    <arraylet-primitive objects="2" leaves="2" largest="1" />
    <remembered-set count="14592" freebytes="2871552" totalbytes="2929920" percent="98" regionsoverflowed="0" regionsstable="1" regionsrebuilding="0"/>
  </mem-info>
</gc-end>
<cycle-end id="333" type="partial gc" contextid="325" timestamp="2019-06-15T09:17:26.632" />
  <attribute name="elasticGC enabled" value="1" />
  <attribute name= "numThreadsSpecified" value="1" />
  <attribute name="heapSize specified" value="0" />
  <attribute name="Current GC Util" value="41" />
  <attribute name= "Current Time Running" value="1304" />
  <attribute name ="GC Interval" value="0" />
  <attribute name="ProportionalT" value="10.500000" />
  <attribute name="ProportionalI" value="10.500000" />
  <attribute name="ProportionalH" value="10.500000" />
  <attribute name="Current Error" value="21.000000" />
  <attribute name="IntegralT" value="0.000000" />
  <attribute name="IntegralI" value="0.000000" />
  <attribute name="IntegralH" value="0.000000" />
  <attribute name="DerivativeT" value="inf" />
  <attribute name="DerivativeI" value="inf" />
  <attribute name="DerivativeH" value="inf" />
  <attribute name="Loop Time for DT" value="0.000000" />
  <attribute name="Output H" value="8388608"/>
  <attribute name="Output I" value="200"/>
  <attribute name="Output T" value="1"/>
  <attribute name="Target GC Util Change" value ="20.000000" />
  <attribute name="Current GC Util Change" value="41.000000"/>
  <attribute name="GC Util currently" value="41" />
  <attribute name="CPU Util currently" value="17540396684040" />
<exclusive-end id="334" timestamp="2019-06-15T09:17:26.632" durationms="5.128" />

<exclusive-start id="335" timestamp="2019-06-15T09:17:26.648" intervalms="21.765">
  <response-info timems="0.027" idlems="0.027" threads="0" lastid="0000000000DC9900" lastname="Thread-7" />
</exclusive-start>
<allocation-taxation id="336" taxation-threshold="25165824" timestamp="2019-06-15T09:17:26.649" intervalms="21.814" />
<cycle-start id="337" type="partial gc" contextid="0" timestamp="2019-06-15T09:17:26.649" intervalms="21.870" />
<gc-start id="338" type="partial gc" contextid="337" timestamp="2019-06-15T09:17:26.649">
  <mem-info id="339" free="18874368" total="73400320" percent="25">
    <mem type="eden" free="0" total="25165824" percent="0" />
    <arraylet-primitive objects="2" leaves="2" largest="1" />
    <remembered-set count="14368" freebytes="2872448" totalbytes="2929920" percent="98" regionsoverflowed="0" regionsstable="1" regionsrebuilding="0"/>
  </mem-info>
</gc-start>
<allocation-stats totalBytes="25162536" >
  <allocated-bytes non-tlh="0" tlh="25162536" arrayletleaf="0"/>
  <largest-consumer threadName="Thread-7" threadId="0000000000DC9900" bytes="6421728" />
</allocation-stats>
<gc-op id="340" type="copy forward" timems="3.399" contextid="337" timestamp="2019-06-15T09:17:26.653">
  <memory-copied type="eden" objects="17239" bytes="689080" bytesdiscarded="0" />
  <memory-copied type="other" objects="14587" bytes="562848" bytesdiscarded="0" />
  <memory-cardclean objects="5772" bytes="309192" />
  <regions eden="24" other="1" />
  <remembered-set-cleared processed="12646" cleared="712" durationms="0.166" />
  <stringconstants candidates="4597" cleared="0"  />
</gc-op>
<gc-op id="341" type="classunload" timems="0.003" contextid="337" timestamp="2019-06-15T09:17:26.653">
  <classunload-info classloadercandidates="8" classloadersunloaded="0" classesunloaded="0" anonymousclassesunloaded="0" quiescems="0.000" setupms="0.002" scanms="0.000" postms="0.000" />
</gc-op>
<heap-resize id="342" type="expand" space="default" amount="3145728" count="1" timems="0.065" reason="excessive time being spent in gc" timestamp="2019-06-15T09:17:26.653" />
<gc-end id="343" type="partial gc" contextid="337" durationms="4.521" usertimems="0.000" systemtimems="4.000" timestamp="2019-06-15T09:17:26.654" activeThreads="1">
  <mem-info id="344" free="46137344" total="76546048" percent="60">
    <mem type="eden" free="359496" total="1048576" percent="34" />
    <arraylet-primitive objects="2" leaves="2" largest="1" />
    <remembered-set count="15712" freebytes="2992640" totalbytes="3055488" percent="97" regionsoverflowed="0" regionsstable="1" regionsrebuilding="0"/>
  </mem-info>
</gc-end>
<cycle-end id="345" type="partial gc" contextid="337" timestamp="2019-06-15T09:17:26.654" />
  <attribute name="elasticGC enabled" value="1" />
  <attribute name= "numThreadsSpecified" value="1" />
  <attribute name="heapSize specified" value="0" />
  <attribute name="Current GC Util" value="47" />
  <attribute name= "Current Time Running" value="1326" />
  <attribute name ="GC Interval" value="0" />
  <attribute name="ProportionalT" value="13.500000" />
  <attribute name="ProportionalI" value="13.500000" />
  <attribute name="ProportionalH" value="13.500000" />
  <attribute name="Current Error" value="27.000000" />
  <attribute name="IntegralT" value="0.000000" />
  <attribute name="IntegralI" value="0.000000" />
  <attribute name="IntegralH" value="0.000000" />
  <attribute name="DerivativeT" value="inf" />
  <attribute name="DerivativeI" value="inf" />
  <attribute name="DerivativeH" value="inf" />
  <attribute name="Loop Time for DT" value="0.000000" />
  <attribute name="Output H" value="8388608"/>
  <attribute name="Output I" value="200"/>
  <attribute name="Output T" value="1"/>
  <attribute name="Target GC Util Change" value ="20.000000" />
  <attribute name="Current GC Util Change" value="47.000000"/>
  <attribute name="GC Util currently" value="47" />
  <attribute name="CPU Util currently" value="16394016470754" />
<exclusive-end id="346" timestamp="2019-06-15T09:17:26.654" durationms="5.487" />

<exclusive-start id="347" timestamp="2019-06-15T09:17:26.672" intervalms="23.938">
  <response-info timems="0.039" idlems="0.022" threads="1" lastid="0000000000DC9900" lastname="Thread-7" />
</exclusive-start>
<allocation-taxation id="348" taxation-threshold="26214400" timestamp="2019-06-15T09:17:26.673" intervalms="23.872" />
<cycle-start id="349" type="partial gc" contextid="0" timestamp="2019-06-15T09:17:26.673" intervalms="23.862" />
<gc-start id="350" type="partial gc" contextid="349" timestamp="2019-06-15T09:17:26.673">
  <mem-info id="351" free="19922944" total="76546048" percent="26">
    <mem type="eden" free="0" total="26214400" percent="0" />
    <arraylet-primitive objects="2" leaves="2" largest="1" />
    <remembered-set count="15232" freebytes="2994560" totalbytes="3055488" percent="98" regionsoverflowed="0" regionsstable="1" regionsrebuilding="0"/>
  </mem-info>
</gc-start>
<allocation-stats totalBytes="26211000" >
  <allocated-bytes non-tlh="0" tlh="26211000" arrayletleaf="0"/>
  <largest-consumer threadName="Thread-9" threadId="0000000000DCD500" bytes="6892568" />
</allocation-stats>
<gc-op id="352" type="copy forward" timems="3.641" contextid="349" timestamp="2019-06-15T09:17:26.677">
  <memory-copied type="eden" objects="15868" bytes="518600" bytesdiscarded="0" />
  <memory-copied type="other" objects="17184" bytes="687168" bytesdiscarded="0" />
  <memory-cardclean objects="9027" bytes="461304" />
  <regions eden="25" other="1" />
  <remembered-set-cleared processed="13302" cleared="448" durationms="0.171" />
  <stringconstants candidates="4597" cleared="0"  />
</gc-op>
<gc-op id="353" type="classunload" timems="0.003" contextid="349" timestamp="2019-06-15T09:17:26.677">
  <classunload-info classloadercandidates="8" classloadersunloaded="0" classesunloaded="0" anonymousclassesunloaded="0" quiescems="0.000" setupms="0.003" scanms="0.000" postms="0.000" />
</gc-op>
<heap-resize id="354" type="expand" space="default" amount="2097152" count="1" timems="0.060" reason="excessive time being spent in gc" timestamp="2019-06-15T09:17:26.677" />
<gc-end id="355" type="partial gc" contextid="349" durationms="4.793" usertimems="0.000" systemtimems="4.000" timestamp="2019-06-15T09:17:26.678" activeThreads="1">
  <mem-info id="356" free="47185920" total="78643200" percent="60">
    <mem type="eden" free="529976" total="1048576" percent="50" />
    <arraylet-primitive objects="2" leaves="2" largest="1" />
    <remembered-set count="17152" freebytes="3070592" totalbytes="3139200" percent="97" regionsoverflowed="0" regionsstable="1" regionsrebuilding="0"/>
  </mem-info>
</gc-end>
<cycle-end id="357" type="partial gc" contextid="349" timestamp="2019-06-15T09:17:26.678" />
  <attribute name="elasticGC enabled" value="1" />
  <attribute name= "numThreadsSpecified" value="1" />
  <attribute name="heapSize specified" value="0" />
  <attribute name="Current GC Util" value="42" />
  <attribute name= "Current Time Running" value="1350" />
  <attribute name ="GC Interval" value="0" />
  <attribute name="ProportionalT" value="11.000000" />
  <attribute name="ProportionalI" value="11.000000" />
  <attribute name="ProportionalH" value="11.000000" />
  <attribute name="Current Error" value="22.000000" />
  <attribute name="IntegralT" value="0.000000" />
  <attribute name="IntegralI" value="0.000000" />
  <attribute name="IntegralH" value="0.000000" />
  <attribute name="DerivativeT" value="inf" />
  <attribute name="DerivativeI" value="inf" />
  <attribute name="DerivativeH" value="inf" />
  <attribute name="Loop Time for DT" value="0.000000" />
  <attribute name="Output H" value="8388608"/>
  <attribute name="Output I" value="200"/>
  <attribute name="Output T" value="1"/>
  <attribute name="Target GC Util Change" value ="20.000000" />
  <attribute name="Current GC Util Change" value="42.000000"/>
  <attribute name="GC Util currently" value="42" />
  <attribute name="CPU Util currently" value="17340490150984" />
<exclusive-end id="358" timestamp="2019-06-15T09:17:26.678" durationms="5.633" />

<exclusive-start id="359" timestamp="2019-06-15T09:17:26.700" intervalms="27.085">
  <response-info timems="0.092" idlems="0.092" threads="0" lastid="0000000000DD1100" lastname="Thread-8" />
</exclusive-start>
<allocation-taxation id="360" taxation-threshold="26214400" timestamp="2019-06-15T09:17:26.700" intervalms="27.088" />
<cycle-start id="361" type="partial gc" contextid="0" timestamp="2019-06-15T09:17:26.700" intervalms="27.120" />
<gc-start id="362" type="partial gc" contextid="361" timestamp="2019-06-15T09:17:26.700">
  <mem-info id="363" free="20971520" total="78643200" percent="26">
    <mem type="eden" free="0" total="26214400" percent="0" />
    <arraylet-primitive objects="2" leaves="2" largest="1" />
    <remembered-set count="16736" freebytes="3072256" totalbytes="3139200" percent="97" regionsoverflowed="0" regionsstable="1" regionsrebuilding="0"/>
  </mem-info>
</gc-start>
<allocation-stats totalBytes="26211240" >
  <allocated-bytes non-tlh="0" tlh="26211240" arrayletleaf="0"/>
  <largest-consumer threadName="Thread-8" threadId="0000000000DD1100" bytes="8223808" />
</allocation-stats>
<gc-op id="364" type="copy forward" timems="4.154" contextid="361" timestamp="2019-06-15T09:17:26.705">
  <memory-copied type="eden" objects="23917" bytes="986856" bytesdiscarded="0" />
  <memory-copied type="other" objects="15831" bytes="517320" bytesdiscarded="0" />
  <memory-cardclean objects="13762" bytes="714984" />
  <regions eden="25" other="1" />
  <remembered-set-cleared processed="14278" cleared="742" durationms="0.197" />
  <stringconstants candidates="4597" cleared="0"  />
</gc-op>
<gc-op id="365" type="classunload" timems="0.003" contextid="361" timestamp="2019-06-15T09:17:26.705">
  <classunload-info classloadercandidates="8" classloadersunloaded="0" classesunloaded="0" anonymousclassesunloaded="0" quiescems="0.000" setupms="0.003" scanms="0.000" postms="0.000" />
</gc-op>
<heap-resize id="366" type="expand" space="default" amount="3145728" count="1" timems="0.074" reason="excessive time being spent in gc" timestamp="2019-06-15T09:17:26.705" />
<gc-end id="367" type="partial gc" contextid="361" durationms="5.537" usertimems="4.000" systemtimems="0.000" timestamp="2019-06-15T09:17:26.706" activeThreads="1">
  <mem-info id="368" free="49283072" total="81788928" percent="60">
    <mem type="eden" free="61720" total="1048576" percent="5" />
    <arraylet-primitive objects="2" leaves="2" largest="1" />
    <remembered-set count="17888" freebytes="3193216" totalbytes="3264768" percent="97" regionsoverflowed="0" regionsstable="1" regionsrebuilding="0"/>
  </mem-info>
</gc-end>
<cycle-end id="369" type="partial gc" contextid="361" timestamp="2019-06-15T09:17:26.706" />
  <attribute name="elasticGC enabled" value="1" />
  <attribute name= "numThreadsSpecified" value="1" />
  <attribute name="heapSize specified" value="0" />
  <attribute name="Current GC Util" value="41" />
  <attribute name= "Current Time Running" value="1377" />
  <attribute name ="GC Interval" value="0" />
  <attribute name="ProportionalT" value="10.500000" />
  <attribute name="ProportionalI" value="10.500000" />
  <attribute name="ProportionalH" value="10.500000" />
  <attribute name="Current Error" value="21.000000" />
  <attribute name="IntegralT" value="0.000000" />
  <attribute name="IntegralI" value="0.000000" />
  <attribute name="IntegralH" value="0.000000" />
  <attribute name="DerivativeT" value="inf" />
  <attribute name="DerivativeI" value="inf" />
  <attribute name="DerivativeH" value="inf" />
  <attribute name="Loop Time for DT" value="0.000000" />
  <attribute name="Output H" value="8388608"/>
  <attribute name="Output I" value="200"/>
  <attribute name="Output T" value="1"/>
  <attribute name="Target GC Util Change" value ="20.000000" />
  <attribute name="Current GC Util Change" value="41.000000"/>
  <attribute name="GC Util currently" value="41" />
  <attribute name="CPU Util currently" value="15994194305405" />
<exclusive-end id="370" timestamp="2019-06-15T09:17:26.706" durationms="6.539" />

<exclusive-start id="371" timestamp="2019-06-15T09:17:26.728" intervalms="28.532">
  <response-info timems="0.036" idlems="0.036" threads="0" lastid="0000000000DD1100" lastname="Thread-8" />
</exclusive-start>
<allocation-taxation id="372" taxation-threshold="27262976" timestamp="2019-06-15T09:17:26.728" intervalms="28.536" />
<cycle-start id="373" type="partial gc" contextid="0" timestamp="2019-06-15T09:17:26.728" intervalms="28.455" />
<gc-start id="374" type="partial gc" contextid="373" timestamp="2019-06-15T09:17:26.729">
  <mem-info id="375" free="22020096" total="81788928" percent="26">
    <mem type="eden" free="0" total="27262976" percent="0" />
    <arraylet-primitive objects="2" leaves="2" largest="1" />
    <remembered-set count="17632" freebytes="3194240" totalbytes="3264768" percent="97" regionsoverflowed="0" regionsstable="1" regionsrebuilding="0"/>
  </mem-info>
</gc-start>
<allocation-stats totalBytes="27259448" >
  <allocated-bytes non-tlh="0" tlh="27259448" arrayletleaf="0"/>
  <largest-consumer threadName="Thread-10" threadId="0000000000DC5D00" bytes="7949464" />
</allocation-stats>
<gc-op id="376" type="copy forward" timems="4.858" contextid="373" timestamp="2019-06-15T09:17:26.734">
  <memory-copied type="eden" objects="14046" bytes="613168" bytesdiscarded="0" />
  <memory-copied type="other" objects="17961" bytes="654792" bytesdiscarded="336" />
  <memory-cardclean objects="11874" bytes="615480" />
  <regions eden="26" other="2" />
  <remembered-set-cleared processed="15013" cleared="718" durationms="0.206" />
  <references type="soft" candidates="2" cleared="0" enqueued="0" dynamicThreshold="19" maxThreshold="32" />
  <references type="weak" candidates="4" cleared="0" enqueued="0" />
  <references type="phantom" candidates="3" cleared="0" enqueued="0" />
  <stringconstants candidates="4597" cleared="0"  />
</gc-op>
<gc-op id="377" type="classunload" timems="0.002" contextid="373" timestamp="2019-06-15T09:17:26.734">
  <classunload-info classloadercandidates="8" classloadersunloaded="0" classesunloaded="0" anonymousclassesunloaded="0" quiescems="0.000" setupms="0.002" scanms="0.000" postms="0.000" />
</gc-op>
<gc-end id="378" type="partial gc" contextid="373" durationms="5.933" usertimems="8.000" systemtimems="0.000" timestamp="2019-06-15T09:17:26.734" activeThreads="1">
  <mem-info id="379" free="49283072" total="81788928" percent="60">
    <mem type="eden" free="435408" total="1048576" percent="41" />
    <arraylet-primitive objects="2" leaves="2" largest="1" />
    <remembered-set count="18528" freebytes="3190656" totalbytes="3264768" percent="97" regionsoverflowed="0" regionsstable="1" regionsrebuilding="0"/>
  </mem-info>
</gc-end>
<cycle-end id="380" type="partial gc" contextid="373" timestamp="2019-06-15T09:17:26.735" />
  <attribute name="elasticGC enabled" value="1" />
  <attribute name= "numThreadsSpecified" value="1" />
  <attribute name="heapSize specified" value="0" />
  <attribute name="Current GC Util" value="42" />
  <attribute name= "Current Time Running" value="1406" />
  <attribute name ="GC Interval" value="0" />
  <attribute name="ProportionalT" value="11.000000" />
  <attribute name="ProportionalI" value="11.000000" />
  <attribute name="ProportionalH" value="11.000000" />
  <attribute name="Current Error" value="22.000000" />
  <attribute name="IntegralT" value="0.000000" />
  <attribute name="IntegralI" value="0.000000" />
  <attribute name="IntegralH" value="0.000000" />
  <attribute name="DerivativeT" value="inf" />
  <attribute name="DerivativeI" value="inf" />
  <attribute name="DerivativeH" value="inf" />
  <attribute name="Loop Time for DT" value="0.000000" />
  <attribute name="Output H" value="8388608"/>
  <attribute name="Output I" value="200"/>
  <attribute name="Output T" value="1"/>
  <attribute name="Target GC Util Change" value ="20.000000" />
  <attribute name="Current GC Util Change" value="42.000000"/>
  <attribute name="GC Util currently" value="42" />
  <attribute name="CPU Util currently" value="18475269876357" />
<exclusive-end id="381" timestamp="2019-06-15T09:17:26.735" durationms="6.930" />

<exclusive-start id="382" timestamp="2019-06-15T09:17:26.758" intervalms="30.305">
  <response-info timems="0.034" idlems="0.034" threads="0" lastid="0000000000DC5D00" lastname="Thread-10" />
</exclusive-start>
<allocation-taxation id="383" taxation-threshold="27262976" timestamp="2019-06-15T09:17:26.758" intervalms="30.296" />
<cycle-start id="384" type="partial gc" contextid="0" timestamp="2019-06-15T09:17:26.759" intervalms="30.271" />
<gc-start id="385" type="partial gc" contextid="384" timestamp="2019-06-15T09:17:26.759">
  <mem-info id="386" free="22020096" total="81788928" percent="26">
    <mem type="eden" free="0" total="27262976" percent="0" />
    <arraylet-primitive objects="2" leaves="2" largest="1" />
    <remembered-set count="17984" freebytes="3192832" totalbytes="3264768" percent="97" regionsoverflowed="0" regionsstable="2" regionsrebuilding="0"/>
  </mem-info>
</gc-start>
<allocation-stats totalBytes="27259544" >
  <allocated-bytes non-tlh="0" tlh="27259544" arrayletleaf="0"/>
  <largest-consumer threadName="Thread-10" threadId="0000000000DC5D00" bytes="9620168" />
</allocation-stats>
<gc-op id="387" type="copy forward" timems="3.057" contextid="384" timestamp="2019-06-15T09:17:26.762">
  <memory-copied type="eden" objects="13341" bytes="458856" bytesdiscarded="0" />
  <memory-copied type="other" objects="13799" bytes="605928" bytesdiscarded="0" />
  <memory-cardclean objects="6846" bytes="352128" />
  <regions eden="26" other="1" />
  <remembered-set-cleared processed="16343" cleared="369" durationms="0.210" />
  <stringconstants candidates="4597" cleared="0"  />
</gc-op>
<gc-op id="388" type="classunload" timems="0.002" contextid="384" timestamp="2019-06-15T09:17:26.763">
  <classunload-info classloadercandidates="8" classloadersunloaded="0" classesunloaded="0" anonymousclassesunloaded="0" quiescems="0.000" setupms="0.002" scanms="0.000" postms="0.000" />
</gc-op>
<heap-resize id="389" type="expand" space="default" amount="2097152" count="1" timems="0.073" reason="excessive time being spent in gc" timestamp="2019-06-15T09:17:26.763" />
<gc-end id="390" type="partial gc" contextid="384" durationms="4.179" usertimems="8.000" systemtimems="0.000" timestamp="2019-06-15T09:17:26.763" activeThreads="1">
  <mem-info id="391" free="50331648" total="83886080" percent="60">
    <mem type="eden" free="589720" total="1048576" percent="56" />
    <arraylet-primitive objects="2" leaves="2" largest="1" />
    <remembered-set count="19648" freebytes="3269888" totalbytes="3348480" percent="97" regionsoverflowed="0" regionsstable="2" regionsrebuilding="0"/>
  </mem-info>
</gc-end>
<cycle-end id="392" type="partial gc" contextid="384" timestamp="2019-06-15T09:17:26.763" />
  <attribute name="elasticGC enabled" value="1" />
  <attribute name= "numThreadsSpecified" value="1" />
  <attribute name="heapSize specified" value="0" />
  <attribute name="Current GC Util" value="43" />
  <attribute name= "Current Time Running" value="1436" />
  <attribute name ="GC Interval" value="0" />
  <attribute name="ProportionalT" value="11.500000" />
  <attribute name="ProportionalI" value="11.500000" />
  <attribute name="ProportionalH" value="11.500000" />
  <attribute name="Current Error" value="23.000000" />
  <attribute name="IntegralT" value="0.000000" />
  <attribute name="IntegralI" value="0.000000" />
  <attribute name="IntegralH" value="0.000000" />
  <attribute name="DerivativeT" value="inf" />
  <attribute name="DerivativeI" value="inf" />
  <attribute name="DerivativeH" value="inf" />
  <attribute name="Loop Time for DT" value="0.000000" />
  <attribute name="Output H" value="8388608"/>
  <attribute name="Output I" value="200"/>
  <attribute name="Output T" value="1"/>
  <attribute name="Target GC Util Change" value ="20.000000" />
  <attribute name="Current GC Util Change" value="43.000000"/>
  <attribute name="GC Util currently" value="43" />
  <attribute name="CPU Util currently" value="18401403002075" />
<exclusive-end id="393" timestamp="2019-06-15T09:17:26.763" durationms="4.941" />

<exclusive-start id="394" timestamp="2019-06-15T09:17:26.790" intervalms="31.255">
  <response-info timems="0.220" idlems="0.193" threads="1" lastid="0000000000DCD500" lastname="Thread-9" />
</exclusive-start>
<allocation-taxation id="395" taxation-threshold="27262976" timestamp="2019-06-15T09:17:26.790" intervalms="31.267" />
<cycle-start id="396" type="partial gc" contextid="0" timestamp="2019-06-15T09:17:26.790" intervalms="31.333" />
<gc-start id="397" type="partial gc" contextid="396" timestamp="2019-06-15T09:17:26.790">
  <mem-info id="398" free="23068672" total="83886080" percent="27">
    <mem type="eden" free="0" total="27262976" percent="0" />
    <arraylet-primitive objects="2" leaves="2" largest="1" />
    <remembered-set count="19584" freebytes="3270144" totalbytes="3348480" percent="97" regionsoverflowed="0" regionsstable="2" regionsrebuilding="0"/>
  </mem-info>
</gc-start>
<allocation-stats totalBytes="27259536" >
  <allocated-bytes non-tlh="0" tlh="27259536" arrayletleaf="0"/>
  <largest-consumer threadName="Thread-10" threadId="0000000000DC5D00" bytes="10631992" />
</allocation-stats>
<gc-op id="399" type="copy forward" timems="3.335" contextid="396" timestamp="2019-06-15T09:17:26.794">
  <memory-copied type="eden" objects="13543" bytes="463992" bytesdiscarded="0" />
  <memory-copied type="other" objects="13097" bytes="451704" bytesdiscarded="0" />
  <memory-cardclean objects="11193" bytes="583848" />
  <regions eden="26" other="1" />
  <remembered-set-cleared processed="17167" cleared="499" durationms="0.221" />
  <stringconstants candidates="4597" cleared="0"  />
</gc-op>
<gc-op id="400" type="classunload" timems="0.002" contextid="396" timestamp="2019-06-15T09:17:26.794">
  <classunload-info classloadercandidates="8" classloadersunloaded="0" classesunloaded="0" anonymousclassesunloaded="0" quiescems="0.000" setupms="0.002" scanms="0.000" postms="0.000" />
</gc-op>
<heap-resize id="401" type="expand" space="default" amount="3145728" count="1" timems="0.078" reason="excessive time being spent in gc" timestamp="2019-06-15T09:17:26.795" />
<gc-end id="402" type="partial gc" contextid="396" durationms="4.534" usertimems="8.000" systemtimems="0.000" timestamp="2019-06-15T09:17:26.795" activeThreads="1">
  <mem-info id="403" free="52428800" total="87031808" percent="60">
    <mem type="eden" free="584584" total="1048576" percent="55" />
    <arraylet-primitive objects="2" leaves="2" largest="1" />
    <remembered-set count="20896" freebytes="3390464" totalbytes="3474048" percent="97" regionsoverflowed="0" regionsstable="2" regionsrebuilding="0"/>
  </mem-info>
</gc-end>
<cycle-end id="404" type="partial gc" contextid="396" timestamp="2019-06-15T09:17:26.795" />
  <attribute name="elasticGC enabled" value="1" />
  <attribute name= "numThreadsSpecified" value="1" />
  <attribute name="heapSize specified" value="0" />
  <attribute name="Current GC Util" value="43" />
  <attribute name= "Current Time Running" value="1467" />
  <attribute name ="GC Interval" value="0" />
  <attribute name="ProportionalT" value="11.500000" />
  <attribute name="ProportionalI" value="11.500000" />
  <attribute name="ProportionalH" value="11.500000" />
  <attribute name="Current Error" value="23.000000" />
  <attribute name="IntegralT" value="0.000000" />
  <attribute name="IntegralI" value="0.000000" />
  <attribute name="IntegralH" value="0.000000" />
  <attribute name="DerivativeT" value="inf" />
  <attribute name="DerivativeI" value="inf" />
  <attribute name="DerivativeH" value="inf" />
  <attribute name="Loop Time for DT" value="0.000000" />
  <attribute name="Output H" value="8388608"/>
  <attribute name="Output I" value="200"/>
  <attribute name="Output T" value="1"/>
  <attribute name="Target GC Util Change" value ="20.000000" />
  <attribute name="Current GC Util Change" value="43.000000"/>
  <attribute name="GC Util currently" value="43" />
  <attribute name="CPU Util currently" value="18325284075792" />
<exclusive-end id="405" timestamp="2019-06-15T09:17:26.795" durationms="5.488" />

<exclusive-start id="406" timestamp="2019-06-15T09:17:26.831" intervalms="41.659">
  <response-info timems="0.057" idlems="0.057" threads="0" lastid="0000000000DC9900" lastname="Thread-7" />
</exclusive-start>
<allocation-taxation id="407" taxation-threshold="28311552" timestamp="2019-06-15T09:17:26.831" intervalms="41.695" />
<cycle-start id="408" type="partial gc" contextid="0" timestamp="2019-06-15T09:17:26.832" intervalms="41.705" />
<gc-start id="409" type="partial gc" contextid="408" timestamp="2019-06-15T09:17:26.832">
  <mem-info id="410" free="24117248" total="87031808" percent="27">
    <mem type="eden" free="0" total="28311552" percent="0" />
    <arraylet-primitive objects="2" leaves="2" largest="1" />
    <remembered-set count="20736" freebytes="3391104" totalbytes="3474048" percent="97" regionsoverflowed="0" regionsstable="2" regionsrebuilding="0"/>
  </mem-info>
</gc-start>
<allocation-stats totalBytes="28308208" >
  <allocated-bytes non-tlh="0" tlh="28308208" arrayletleaf="0"/>
  <largest-consumer threadName="Thread-7" threadId="0000000000DC9900" bytes="9010112" />
</allocation-stats>
<gc-op id="411" type="copy forward" timems="3.329" contextid="408" timestamp="2019-06-15T09:17:26.836">
  <memory-copied type="eden" objects="17351" bytes="692272" bytesdiscarded="0" />
  <memory-copied type="other" objects="7522" bytes="184608" bytesdiscarded="0" />
  <memory-cardclean objects="12081" bytes="611376" />
  <regions eden="27" other="1" />
  <remembered-set-cleared processed="18193" cleared="756" durationms="0.232" />
  <stringconstants candidates="4597" cleared="0"  />
</gc-op>
<gc-op id="412" type="classunload" timems="0.003" contextid="408" timestamp="2019-06-15T09:17:26.836">
  <classunload-info classloadercandidates="8" classloadersunloaded="0" classesunloaded="0" anonymousclassesunloaded="0" quiescems="0.000" setupms="0.002" scanms="0.000" postms="0.000" />
</gc-op>
<heap-resize id="413" type="expand" space="default" amount="2097152" count="1" timems="0.070" reason="excessive time being spent in gc" timestamp="2019-06-15T09:17:26.836" />
<gc-end id="414" type="partial gc" contextid="408" durationms="4.484" usertimems="4.000" systemtimems="4.000" timestamp="2019-06-15T09:17:26.836" activeThreads="1">
  <mem-info id="415" free="53477376" total="89128960" percent="60">
    <mem type="eden" free="356304" total="1048576" percent="33" />
    <arraylet-primitive objects="2" leaves="2" largest="1" />
    <remembered-set count="21664" freebytes="3471104" totalbytes="3557760" percent="97" regionsoverflowed="0" regionsstable="2" regionsrebuilding="0"/>
  </mem-info>
</gc-end>
<cycle-end id="416" type="partial gc" contextid="408" timestamp="2019-06-15T09:17:26.837" />
  <attribute name="elasticGC enabled" value="1" />
  <attribute name= "numThreadsSpecified" value="1" />
  <attribute name="heapSize specified" value="0" />
  <attribute name="Current GC Util" value="37" />
  <attribute name= "Current Time Running" value="1509" />
  <attribute name ="GC Interval" value="0" />
  <attribute name="ProportionalT" value="8.500000" />
  <attribute name="ProportionalI" value="8.500000" />
  <attribute name="ProportionalH" value="8.500000" />
  <attribute name="Current Error" value="17.000000" />
  <attribute name="IntegralT" value="0.000000" />
  <attribute name="IntegralI" value="0.000000" />
  <attribute name="IntegralH" value="0.000000" />
  <attribute name="DerivativeT" value="inf" />
  <attribute name="DerivativeI" value="inf" />
  <attribute name="DerivativeH" value="inf" />
  <attribute name="Loop Time for DT" value="0.000000" />
  <attribute name="Output H" value="8388608"/>
  <attribute name="Output I" value="200"/>
  <attribute name="Output T" value="1"/>
  <attribute name="Target GC Util Change" value ="20.000000" />
  <attribute name="Current GC Util Change" value="37.000000"/>
  <attribute name="GC Util currently" value="37" />
  <attribute name="CPU Util currently" value="16314792264266" />
<exclusive-end id="417" timestamp="2019-06-15T09:17:26.837" durationms="5.492" />

<exclusive-start id="418" timestamp="2019-06-15T09:17:26.868" intervalms="36.259">
  <response-info timems="0.097" idlems="0.051" threads="1" lastid="0000000000DD1100" lastname="Thread-8" />
</exclusive-start>
<allocation-taxation id="419" taxation-threshold="28311552" timestamp="2019-06-15T09:17:26.868" intervalms="36.243" />
<cycle-start id="420" type="partial gc" contextid="0" timestamp="2019-06-15T09:17:26.868" intervalms="36.205" />
<gc-start id="421" type="partial gc" contextid="420" timestamp="2019-06-15T09:17:26.868">
  <mem-info id="422" free="25165824" total="89128960" percent="28">
    <mem type="eden" free="0" total="28311552" percent="0" />
    <arraylet-primitive objects="2" leaves="2" largest="1" />
    <remembered-set count="21440" freebytes="3472000" totalbytes="3557760" percent="97" regionsoverflowed="0" regionsstable="2" regionsrebuilding="0"/>
  </mem-info>
</gc-start>
<allocation-stats totalBytes="28308104" >
  <allocated-bytes non-tlh="0" tlh="28308104" arrayletleaf="0"/>
  <largest-consumer threadName="Thread-7" threadId="0000000000DC9900" bytes="11127392" />
</allocation-stats>
<gc-op id="423" type="copy forward" timems="3.821" contextid="420" timestamp="2019-06-15T09:17:26.873">
  <memory-copied type="eden" objects="18635" bytes="723560" bytesdiscarded="0" />
  <memory-copied type="other" objects="17131" bytes="685896" bytesdiscarded="0" />
  <memory-cardclean objects="4991" bytes="256296" />
  <regions eden="27" other="1" />
  <remembered-set-cleared processed="19244" cleared="633" durationms="0.238" />
  <stringconstants candidates="4597" cleared="0"  />
</gc-op>
<gc-op id="424" type="classunload" timems="0.002" contextid="420" timestamp="2019-06-15T09:17:26.873">
  <classunload-info classloadercandidates="8" classloadersunloaded="0" classesunloaded="0" anonymousclassesunloaded="0" quiescems="0.000" setupms="0.002" scanms="0.000" postms="0.000" />
</gc-op>
<heap-resize id="425" type="expand" space="default" amount="3145728" count="1" timems="0.075" reason="excessive time being spent in gc" timestamp="2019-06-15T09:17:26.873" />
<gc-end id="426" type="partial gc" contextid="420" durationms="5.161" usertimems="4.000" systemtimems="4.000" timestamp="2019-06-15T09:17:26.873" activeThreads="1">
  <mem-info id="427" free="55574528" total="92274688" percent="60">
    <mem type="eden" free="325016" total="1048576" percent="30" />
    <arraylet-primitive objects="2" leaves="2" largest="1" />
    <remembered-set count="22304" freebytes="3594112" totalbytes="3683328" percent="97" regionsoverflowed="0" regionsstable="2" regionsrebuilding="0"/>
  </mem-info>
</gc-end>
<cycle-end id="428" type="partial gc" contextid="420" timestamp="2019-06-15T09:17:26.873" />
  <attribute name="elasticGC enabled" value="1" />
  <attribute name= "numThreadsSpecified" value="1" />
  <attribute name="heapSize specified" value="0" />
  <attribute name="Current GC Util" value="41" />
  <attribute name= "Current Time Running" value="1545" />
  <attribute name ="GC Interval" value="0" />
  <attribute name="ProportionalT" value="10.500000" />
  <attribute name="ProportionalI" value="10.500000" />
  <attribute name="ProportionalH" value="10.500000" />
  <attribute name="Current Error" value="21.000000" />
  <attribute name="IntegralT" value="0.000000" />
  <attribute name="IntegralI" value="0.000000" />
  <attribute name="IntegralH" value="0.000000" />
  <attribute name="DerivativeT" value="inf" />
  <attribute name="DerivativeI" value="inf" />
  <attribute name="DerivativeH" value="inf" />
  <attribute name="Loop Time for DT" value="0.000000" />
  <attribute name="Output H" value="8388608"/>
  <attribute name="Output I" value="200"/>
  <attribute name="Output T" value="1"/>
  <attribute name="Target GC Util Change" value ="20.000000" />
  <attribute name="Current GC Util Change" value="41.000000"/>
  <attribute name="GC Util currently" value="41" />
  <attribute name="CPU Util currently" value="17440299267592" />
<exclusive-end id="429" timestamp="2019-06-15T09:17:26.874" durationms="6.178" />

<exclusive-start id="430" timestamp="2019-06-15T09:17:26.905" intervalms="37.530">
  <response-info timems="0.033" idlems="0.033" threads="0" lastid="0000000000DC9900" lastname="Thread-7" />
</exclusive-start>
<allocation-taxation id="431" taxation-threshold="29360128" timestamp="2019-06-15T09:17:26.905" intervalms="37.529" />
<cycle-start id="432" type="partial gc" contextid="0" timestamp="2019-06-15T09:17:26.905" intervalms="37.563" />
<gc-start id="433" type="partial gc" contextid="432" timestamp="2019-06-15T09:17:26.906">
  <mem-info id="434" free="26214400" total="92274688" percent="28">
    <mem type="eden" free="0" total="29360128" percent="0" />
    <arraylet-primitive objects="2" leaves="2" largest="1" />
    <remembered-set count="22208" freebytes="3594496" totalbytes="3683328" percent="97" regionsoverflowed="0" regionsstable="2" regionsrebuilding="0"/>
  </mem-info>
</gc-start>
<allocation-stats totalBytes="29356424" >
  <allocated-bytes non-tlh="0" tlh="29356424" arrayletleaf="0"/>
  <largest-consumer threadName="Thread-8" threadId="0000000000DD1100" bytes="9910904" />
</allocation-stats>
<gc-op id="435" type="copy forward" timems="2.649" contextid="432" timestamp="2019-06-15T09:17:26.909">
  <memory-copied type="eden" objects="13887" bytes="609112" bytesdiscarded="0" />
  <memory-copied type="other" objects="3866" bytes="92784" bytesdiscarded="0" />
  <memory-cardclean objects="5983" bytes="329952" />
  <regions eden="28" other="1" />
  <remembered-set-cleared processed="20047" cleared="453" durationms="0.241" />
  <stringconstants candidates="4597" cleared="0"  />
</gc-op>
<gc-op id="436" type="classunload" timems="0.003" contextid="432" timestamp="2019-06-15T09:17:26.909">
  <classunload-info classloadercandidates="8" classloadersunloaded="0" classesunloaded="0" anonymousclassesunloaded="0" quiescems="0.000" setupms="0.002" scanms="0.000" postms="0.000" />
</gc-op>
<heap-resize id="437" type="expand" space="default" amount="2097152" count="1" timems="0.069" reason="excessive time being spent in gc" timestamp="2019-06-15T09:17:26.910" />
<gc-end id="438" type="partial gc" contextid="432" durationms="4.116" usertimems="4.000" systemtimems="0.000" timestamp="2019-06-15T09:17:26.910" activeThreads="1">
  <mem-info id="439" free="56623104" total="94371840" percent="60">
    <mem type="eden" free="439464" total="1048576" percent="41" />
    <arraylet-primitive objects="2" leaves="2" largest="1" />
    <remembered-set count="22784" freebytes="3675904" totalbytes="3767040" percent="97" regionsoverflowed="0" regionsstable="2" regionsrebuilding="0"/>
  </mem-info>
</gc-end>
<cycle-end id="440" type="partial gc" contextid="432" timestamp="2019-06-15T09:17:26.910" />
  <attribute name="elasticGC enabled" value="1" />
  <attribute name= "numThreadsSpecified" value="1" />
  <attribute name="heapSize specified" value="0" />
  <attribute name="Current GC Util" value="42" />
  <attribute name= "Current Time Running" value="1583" />
  <attribute name ="GC Interval" value="0" />
  <attribute name="ProportionalT" value="11.000000" />
  <attribute name="ProportionalI" value="11.000000" />
  <attribute name="ProportionalH" value="11.000000" />
  <attribute name="Current Error" value="22.000000" />
  <attribute name="IntegralT" value="0.000000" />
  <attribute name="IntegralI" value="0.000000" />
  <attribute name="IntegralH" value="0.000000" />
  <attribute name="DerivativeT" value="inf" />
  <attribute name="DerivativeI" value="inf" />
  <attribute name="DerivativeH" value="inf" />
  <attribute name="Loop Time for DT" value="0.000000" />
  <attribute name="Output H" value="8388608"/>
  <attribute name="Output I" value="200"/>
  <attribute name="Output T" value="1"/>
  <attribute name="Target GC Util Change" value ="20.000000" />
  <attribute name="Current GC Util Change" value="42.000000"/>
  <attribute name="GC Util currently" value="42" />
  <attribute name="CPU Util currently" value="14658654548730" />
<exclusive-end id="441" timestamp="2019-06-15T09:17:26.910" durationms="5.237" />

<exclusive-start id="442" timestamp="2019-06-15T09:17:26.940" intervalms="35.176">
  <response-info timems="0.035" idlems="0.035" threads="0" lastid="0000000000DD1100" lastname="Thread-8" />
</exclusive-start>
<allocation-taxation id="443" taxation-threshold="30408704" timestamp="2019-06-15T09:17:26.940" intervalms="35.192" />
<cycle-start id="444" type="partial gc" contextid="0" timestamp="2019-06-15T09:17:26.941" intervalms="35.197" />
<gc-start id="445" type="partial gc" contextid="444" timestamp="2019-06-15T09:17:26.941">
  <mem-info id="446" free="26214400" total="94371840" percent="27">
    <mem type="eden" free="0" total="30408704" percent="0" />
    <arraylet-primitive objects="2" leaves="2" largest="1" />
    <remembered-set count="22528" freebytes="3676928" totalbytes="3767040" percent="97" regionsoverflowed="0" regionsstable="2" regionsrebuilding="0"/>
  </mem-info>
</gc-start>
<allocation-stats totalBytes="30405160" >
  <allocated-bytes non-tlh="0" tlh="30405160" arrayletleaf="0"/>
  <largest-consumer threadName="Thread-7" threadId="0000000000DC9900" bytes="11815648" />
</allocation-stats>
<gc-op id="447" type="copy forward" timems="3.404" contextid="444" timestamp="2019-06-15T09:17:26.945">
  <memory-copied type="eden" objects="13558" bytes="464352" bytesdiscarded="0" />
  <memory-copied type="other" objects="13699" bytes="603528" bytesdiscarded="0" />
  <memory-cardclean objects="4838" bytes="236736" />
  <regions eden="29" other="1" />
  <remembered-set-cleared processed="20538" cleared="433" durationms="0.248" />
  <stringconstants candidates="4597" cleared="0"  />
</gc-op>
<gc-op id="448" type="classunload" timems="0.003" contextid="444" timestamp="2019-06-15T09:17:26.945">
  <classunload-info classloadercandidates="8" classloadersunloaded="0" classesunloaded="0" anonymousclassesunloaded="0" quiescems="0.000" setupms="0.003" scanms="0.000" postms="0.000" />
</gc-op>
<heap-resize id="449" type="expand" space="default" amount="3145728" count="1" timems="0.118" reason="excessive time being spent in gc" timestamp="2019-06-15T09:17:26.945" />
<gc-end id="450" type="partial gc" contextid="444" durationms="4.633" usertimems="12.000" systemtimems="0.000" timestamp="2019-06-15T09:17:26.945" activeThreads="1">
  <mem-info id="451" free="58720256" total="97517568" percent="60">
    <mem type="eden" free="584224" total="1048576" percent="55" />
    <arraylet-primitive objects="2" leaves="2" largest="1" />
    <remembered-set count="23840" freebytes="3797248" totalbytes="3892608" percent="97" regionsoverflowed="0" regionsstable="2" regionsrebuilding="0"/>
  </mem-info>
</gc-end>
<cycle-end id="452" type="partial gc" contextid="444" timestamp="2019-06-15T09:17:26.946" />
  <attribute name="elasticGC enabled" value="1" />
  <attribute name= "numThreadsSpecified" value="1" />
  <attribute name="heapSize specified" value="0" />
  <attribute name="Current GC Util" value="40" />
  <attribute name= "Current Time Running" value="1618" />
  <attribute name ="GC Interval" value="0" />
  <attribute name="ProportionalT" value="10.000000" />
  <attribute name="ProportionalI" value="10.000000" />
  <attribute name="ProportionalH" value="10.000000" />
  <attribute name="Current Error" value="20.000000" />
  <attribute name="IntegralT" value="0.000000" />
  <attribute name="IntegralI" value="0.000000" />
  <attribute name="IntegralH" value="0.000000" />
  <attribute name="DerivativeT" value="inf" />
  <attribute name="DerivativeI" value="inf" />
  <attribute name="DerivativeH" value="inf" />
  <attribute name="Loop Time for DT" value="0.000000" />
  <attribute name="Output H" value="8388608"/>
  <attribute name="Output I" value="200"/>
  <attribute name="Output T" value="1"/>
  <attribute name="Target GC Util Change" value ="20.000000" />
  <attribute name="Current GC Util Change" value="40.000000"/>
  <attribute name="GC Util currently" value="40" />
  <attribute name="CPU Util currently" value="18010599382183" />
<exclusive-end id="453" timestamp="2019-06-15T09:17:26.946" durationms="5.554" />

<exclusive-start id="454" timestamp="2019-06-15T09:17:26.973" intervalms="33.075">
  <response-info timems="0.033" idlems="0.033" threads="0" lastid="0000000000DC5D00" lastname="Thread-10" />
</exclusive-start>
<allocation-taxation id="455" taxation-threshold="30408704" timestamp="2019-06-15T09:17:26.973" intervalms="33.059" />
<cycle-start id="456" type="partial gc" contextid="0" timestamp="2019-06-15T09:17:26.974" intervalms="33.038" />
<gc-start id="457" type="partial gc" contextid="456" timestamp="2019-06-15T09:17:26.974">
  <mem-info id="458" free="28311552" total="97517568" percent="29">
    <mem type="eden" free="0" total="30408704" percent="0" />
    <arraylet-primitive objects="2" leaves="2" largest="1" />
    <remembered-set count="23520" freebytes="3798528" totalbytes="3892608" percent="97" regionsoverflowed="0" regionsstable="2" regionsrebuilding="0"/>
  </mem-info>
</gc-start>
<allocation-stats totalBytes="30404672" >
  <allocated-bytes non-tlh="0" tlh="30404672" arrayletleaf="0"/>
  <largest-consumer threadName="Thread-7" threadId="0000000000DC9900" bytes="11012672" />
</allocation-stats>
<gc-op id="459" type="copy forward" timems="2.718" contextid="456" timestamp="2019-06-15T09:17:26.977">
  <memory-copied type="eden" objects="12994" bytes="449808" bytesdiscarded="0" />
  <memory-copied type="other" objects="5332" bytes="127968" bytesdiscarded="0" />
  <memory-cardclean objects="9571" bytes="505968" />
  <regions eden="29" other="1" />
  <remembered-set-cleared processed="21131" cleared="576" durationms="0.257" />
  <stringconstants candidates="4597" cleared="0"  />
</gc-op>
<gc-op id="460" type="classunload" timems="0.002" contextid="456" timestamp="2019-06-15T09:17:26.977">
  <classunload-info classloadercandidates="8" classloadersunloaded="0" classesunloaded="0" anonymousclassesunloaded="0" quiescems="0.000" setupms="0.002" scanms="0.000" postms="0.000" />
</gc-op>
<heap-resize id="461" type="expand" space="default" amount="2097152" count="1" timems="0.070" reason="excessive time being spent in gc" timestamp="2019-06-15T09:17:26.978" />
<gc-end id="462" type="partial gc" contextid="456" durationms="3.818" usertimems="8.000" systemtimems="0.000" timestamp="2019-06-15T09:17:26.978" activeThreads="1">
  <mem-info id="463" free="59768832" total="99614720" percent="60">
    <mem type="eden" free="598768" total="1048576" percent="57" />
    <arraylet-primitive objects="2" leaves="2" largest="1" />
    <remembered-set count="24288" freebytes="3879168" totalbytes="3976320" percent="97" regionsoverflowed="0" regionsstable="2" regionsrebuilding="0"/>
  </mem-info>
</gc-end>
<cycle-end id="464" type="partial gc" contextid="456" timestamp="2019-06-15T09:17:26.978" />
  <attribute name="elasticGC enabled" value="1" />
  <attribute name= "numThreadsSpecified" value="1" />
  <attribute name="heapSize specified" value="0" />
  <attribute name="Current GC Util" value="41" />
  <attribute name= "Current Time Running" value="1651" />
  <attribute name ="GC Interval" value="0" />
  <attribute name="ProportionalT" value="10.500000" />
  <attribute name="ProportionalI" value="10.500000" />
  <attribute name="ProportionalH" value="10.500000" />
  <attribute name="Current Error" value="21.000000" />
  <attribute name="IntegralT" value="0.000000" />
  <attribute name="IntegralI" value="0.000000" />
  <attribute name="IntegralH" value="0.000000" />
  <attribute name="DerivativeT" value="inf" />
  <attribute name="DerivativeI" value="inf" />
  <attribute name="DerivativeH" value="inf" />
  <attribute name="Loop Time for DT" value="0.000000" />
  <attribute name="Output H" value="8388608"/>
  <attribute name="Output I" value="200"/>
  <attribute name="Output T" value="1"/>
  <attribute name="Target GC Util Change" value ="20.000000" />
  <attribute name="Current GC Util Change" value="41.000000"/>
  <attribute name="GC Util currently" value="41" />
  <attribute name="CPU Util currently" value="18199019009599" />
<exclusive-end id="465" timestamp="2019-06-15T09:17:26.978" durationms="4.707" />

<exclusive-start id="466" timestamp="2019-06-15T09:17:26.998" intervalms="25.051">
  <response-info timems="0.154" idlems="0.104" threads="1" lastid="0000000000DCD500" lastname="Thread-9" />
</exclusive-start>
<allocation-taxation id="467" taxation-threshold="31457280" timestamp="2019-06-15T09:17:26.999" intervalms="25.050" />
<cycle-start id="468" type="partial gc" contextid="0" timestamp="2019-06-15T09:17:26.999" intervalms="25.054" />
<gc-start id="469" type="partial gc" contextid="468" timestamp="2019-06-15T09:17:26.999">
  <mem-info id="470" free="28311552" total="99614720" percent="28">
    <mem type="eden" free="0" total="31457280" percent="0" />
    <arraylet-primitive objects="2" leaves="2" largest="1" />
    <remembered-set count="24192" freebytes="3879552" totalbytes="3976320" percent="97" regionsoverflowed="0" regionsstable="2" regionsrebuilding="0"/>
  </mem-info>
</gc-start>
<allocation-stats totalBytes="31453288" >
  <allocated-bytes non-tlh="0" tlh="31453288" arrayletleaf="0"/>
  <largest-consumer threadName="Thread-8" threadId="0000000000DD1100" bytes="8817608" />
</allocation-stats>
<gc-op id="471" type="copy forward" timems="3.079" contextid="468" timestamp="2019-06-15T09:17:27.003">
  <memory-copied type="eden" objects="18557" bytes="721448" bytesdiscarded="0" />
  <memory-copied type="other" objects="4286" bytes="102864" bytesdiscarded="0" />
  <memory-cardclean objects="7497" bytes="364800" />
  <regions eden="30" other="1" />
  <remembered-set-cleared processed="21961" cleared="590" durationms="0.262" />
  <stringconstants candidates="4597" cleared="0"  />
</gc-op>
<gc-op id="472" type="classunload" timems="0.002" contextid="468" timestamp="2019-06-15T09:17:27.003">
  <classunload-info classloadercandidates="8" classloadersunloaded="0" classesunloaded="0" anonymousclassesunloaded="0" quiescems="0.000" setupms="0.002" scanms="0.000" postms="0.000" />
</gc-op>
<heap-resize id="473" type="expand" space="default" amount="3145728" count="1" timems="0.076" reason="excessive time being spent in gc" timestamp="2019-06-15T09:17:27.003" />
<gc-end id="474" type="partial gc" contextid="468" durationms="4.487" usertimems="8.000" systemtimems="0.000" timestamp="2019-06-15T09:17:27.003" activeThreads="1">
  <mem-info id="475" free="61865984" total="102760448" percent="60">
    <mem type="eden" free="327128" total="1048576" percent="31" />
    <arraylet-primitive objects="2" leaves="2" largest="1" />
    <remembered-set count="25152" freebytes="4001280" totalbytes="4101888" percent="97" regionsoverflowed="0" regionsstable="2" regionsrebuilding="0"/>
  </mem-info>
</gc-end>
<cycle-end id="476" type="partial gc" contextid="468" timestamp="2019-06-15T09:17:27.004" />
  <attribute name="elasticGC enabled" value="1" />
  <attribute name= "numThreadsSpecified" value="1" />
  <attribute name="heapSize specified" value="0" />
  <attribute name="Current GC Util" value="55" />
  <attribute name= "Current Time Running" value="1676" />
  <attribute name ="GC Interval" value="0" />
  <attribute name="ProportionalT" value="17.500000" />
  <attribute name="ProportionalI" value="17.500000" />
  <attribute name="ProportionalH" value="17.500000" />
  <attribute name="Current Error" value="35.000000" />
  <attribute name="IntegralT" value="0.000000" />
  <attribute name="IntegralI" value="0.000000" />
  <attribute name="IntegralH" value="0.000000" />
  <attribute name="DerivativeT" value="inf" />
  <attribute name="DerivativeI" value="inf" />
  <attribute name="DerivativeH" value="inf" />
  <attribute name="Loop Time for DT" value="0.000000" />
  <attribute name="Output H" value="8388608"/>
  <attribute name="Output I" value="200"/>
  <attribute name="Output T" value="1"/>
  <attribute name="Target GC Util Change" value ="20.000000" />
  <attribute name="Current GC Util Change" value="55.000000"/>
  <attribute name="GC Util currently" value="55" />
  <attribute name="CPU Util currently" value="15307180174457" />
<exclusive-end id="477" timestamp="2019-06-15T09:17:27.004" durationms="5.540" />

<exclusive-start id="478" timestamp="2019-06-15T09:17:27.029" intervalms="30.594">
  <response-info timems="0.030" idlems="0.030" threads="0" lastid="0000000000DD1100" lastname="Thread-8" />
</exclusive-start>
<allocation-taxation id="479" taxation-threshold="32505856" timestamp="2019-06-15T09:17:27.029" intervalms="30.577" />
<cycle-start id="480" type="partial gc" contextid="0" timestamp="2019-06-15T09:17:27.029" intervalms="30.590" />
<gc-start id="481" type="partial gc" contextid="480" timestamp="2019-06-15T09:17:27.029">
  <mem-info id="482" free="29360128" total="102760448" percent="28">
    <mem type="eden" free="0" total="32505856" percent="0" />
    <arraylet-primitive objects="2" leaves="2" largest="1" />
    <remembered-set count="24768" freebytes="4002816" totalbytes="4101888" percent="97" regionsoverflowed="0" regionsstable="2" regionsrebuilding="0"/>
  </mem-info>
</gc-start>
<allocation-stats totalBytes="32502232" >
  <allocated-bytes non-tlh="0" tlh="32502232" arrayletleaf="0"/>
  <largest-consumer threadName="Thread-7" threadId="0000000000DC9900" bytes="10668936" />
</allocation-stats>
<gc-op id="483" type="copy forward" timems="3.511" contextid="480" timestamp="2019-06-15T09:17:27.034">
  <memory-copied type="eden" objects="26436" bytes="1184864" bytesdiscarded="16" />
  <memory-copied type="other" objects="2508" bytes="60192" bytesdiscarded="0" />
  <memory-cardclean objects="4699" bytes="234552" />
  <regions eden="31" other="1" />
  <remembered-set-cleared processed="22662" cleared="598" durationms="0.267" />
  <stringconstants candidates="4597" cleared="0"  />
</gc-op>
<gc-op id="484" type="classunload" timems="0.002" contextid="480" timestamp="2019-06-15T09:17:27.034">
  <classunload-info classloadercandidates="8" classloadersunloaded="0" classesunloaded="0" anonymousclassesunloaded="0" quiescems="0.000" setupms="0.002" scanms="0.000" postms="0.000" />
</gc-op>
<heap-resize id="485" type="expand" space="default" amount="5242880" count="1" timems="0.087" reason="excessive time being spent in gc" timestamp="2019-06-15T09:17:27.034" />
<gc-end id="486" type="partial gc" contextid="480" durationms="4.902" usertimems="4.000" systemtimems="0.000" timestamp="2019-06-15T09:17:27.034" activeThreads="1">
  <mem-info id="487" free="65011712" total="108003328" percent="60">
    <mem type="eden" free="912272" total="2097152" percent="43" />
    <arraylet-primitive objects="2" leaves="2" largest="1" />
    <remembered-set count="25312" freebytes="4209920" totalbytes="4311168" percent="97" regionsoverflowed="0" regionsstable="2" regionsrebuilding="0"/>
  </mem-info>
</gc-end>
<cycle-end id="488" type="partial gc" contextid="480" timestamp="2019-06-15T09:17:27.035" />
  <attribute name="elasticGC enabled" value="1" />
  <attribute name= "numThreadsSpecified" value="1" />
  <attribute name="heapSize specified" value="0" />
  <attribute name="Current GC Util" value="48" />
  <attribute name= "Current Time Running" value="1707" />
  <attribute name ="GC Interval" value="0" />
  <attribute name="ProportionalT" value="14.000000" />
  <attribute name="ProportionalI" value="14.000000" />
  <attribute name="ProportionalH" value="14.000000" />
  <attribute name="Current Error" value="28.000000" />
  <attribute name="IntegralT" value="0.000000" />
  <attribute name="IntegralI" value="0.000000" />
  <attribute name="IntegralH" value="0.000000" />
  <attribute name="DerivativeT" value="inf" />
  <attribute name="DerivativeI" value="inf" />
  <attribute name="DerivativeH" value="inf" />
  <attribute name="Loop Time for DT" value="0.000000" />
  <attribute name="Output H" value="8388608"/>
  <attribute name="Output I" value="200"/>
  <attribute name="Output T" value="1"/>
  <attribute name="Target GC Util Change" value ="20.000000" />
  <attribute name="Current GC Util Change" value="48.000000"/>
  <attribute name="GC Util currently" value="48" />
  <attribute name="CPU Util currently" value="20153415930158" />
<exclusive-end id="489" timestamp="2019-06-15T09:17:27.035" durationms="5.830" />

<exclusive-start id="490" timestamp="2019-06-15T09:17:27.062" intervalms="33.000">
  <response-info timems="0.025" idlems="0.025" threads="0" lastid="0000000000DC9900" lastname="Thread-7" />
</exclusive-start>
<allocation-taxation id="491" taxation-threshold="33554432" timestamp="2019-06-15T09:17:27.062" intervalms="33.046" />
<cycle-start id="492" type="partial gc" contextid="0" timestamp="2019-06-15T09:17:27.062" intervalms="33.050" />
<gc-start id="493" type="partial gc" contextid="492" timestamp="2019-06-15T09:17:27.063">
  <mem-info id="494" free="31457280" total="108003328" percent="29">
    <mem type="eden" free="0" total="33554432" percent="0" />
    <arraylet-primitive objects="2" leaves="2" largest="1" />
    <remembered-set count="25024" freebytes="4211072" totalbytes="4311168" percent="97" regionsoverflowed="0" regionsstable="2" regionsrebuilding="0"/>
  </mem-info>
</gc-start>
<allocation-stats totalBytes="33550600" >
  <allocated-bytes non-tlh="0" tlh="33550600" arrayletleaf="0"/>
  <largest-consumer threadName="Thread-8" threadId="0000000000DD1100" bytes="10263424" />
</allocation-stats>
<gc-op id="495" type="copy forward" timems="3.686" contextid="492" timestamp="2019-06-15T09:17:27.067">
  <memory-copied type="eden" objects="9586" bytes="368784" bytesdiscarded="0" />
  <memory-copied type="other" objects="21213" bytes="921240" bytesdiscarded="0" />
  <memory-cardclean objects="4291" bytes="215040" />
  <regions eden="32" other="3" />
  <remembered-set-cleared processed="22702" cleared="638" durationms="0.265" />
  <stringconstants candidates="4597" cleared="0"  />
</gc-op>
<gc-op id="496" type="classunload" timems="0.003" contextid="492" timestamp="2019-06-15T09:17:27.067">
  <classunload-info classloadercandidates="8" classloadersunloaded="0" classesunloaded="0" anonymousclassesunloaded="0" quiescems="0.000" setupms="0.002" scanms="0.000" postms="0.000" />
</gc-op>
<gc-end id="497" type="partial gc" contextid="492" durationms="4.728" usertimems="4.000" systemtimems="0.000" timestamp="2019-06-15T09:17:27.067" activeThreads="1">
  <mem-info id="498" free="65011712" total="108003328" percent="60">
    <mem type="eden" free="679792" total="1048576" percent="64" />
    <arraylet-primitive objects="2" leaves="2" largest="1" />
    <remembered-set count="26336" freebytes="4205824" totalbytes="4311168" percent="97" regionsoverflowed="0" regionsstable="2" regionsrebuilding="0"/>
  </mem-info>
</gc-end>
<cycle-end id="499" type="partial gc" contextid="492" timestamp="2019-06-15T09:17:27.067" />
  <attribute name="elasticGC enabled" value="1" />
  <attribute name= "numThreadsSpecified" value="1" />
  <attribute name="heapSize specified" value="0" />
  <attribute name="Current GC Util" value="55" />
  <attribute name= "Current Time Running" value="1740" />
  <attribute name ="GC Interval" value="0" />
  <attribute name="ProportionalT" value="17.500000" />
  <attribute name="ProportionalI" value="17.500000" />
  <attribute name="ProportionalH" value="17.500000" />
  <attribute name="Current Error" value="35.000000" />
  <attribute name="IntegralT" value="0.000000" />
  <attribute name="IntegralI" value="0.000000" />
  <attribute name="IntegralH" value="0.000000" />
  <attribute name="DerivativeT" value="inf" />
  <attribute name="DerivativeI" value="inf" />
  <attribute name="DerivativeH" value="inf" />
  <attribute name="Loop Time for DT" value="0.000000" />
  <attribute name="Output H" value="8388608"/>
  <attribute name="Output I" value="200"/>
  <attribute name="Output T" value="1"/>
  <attribute name="Target GC Util Change" value ="20.000000" />
  <attribute name="Current GC Util Change" value="55.000000"/>
  <attribute name="GC Util currently" value="55" />
  <attribute name="CPU Util currently" value="19283735302111" />
<exclusive-end id="500" timestamp="2019-06-15T09:17:27.068" durationms="5.808" />

<exclusive-start id="501" timestamp="2019-06-15T09:17:27.090" intervalms="27.720">
  <response-info timems="0.201" idlems="0.201" threads="0" lastid="0000000000DC5D00" lastname="Thread-10" />
</exclusive-start>
<allocation-taxation id="502" taxation-threshold="33554432" timestamp="2019-06-15T09:17:27.090" intervalms="27.685" />
<cycle-start id="503" type="partial gc" contextid="0" timestamp="2019-06-15T09:17:27.090" intervalms="27.757" />
<gc-start id="504" type="partial gc" contextid="503" timestamp="2019-06-15T09:17:27.090">
  <mem-info id="505" free="31457280" total="108003328" percent="29">
    <mem type="eden" free="0" total="33554432" percent="0" />
    <arraylet-primitive objects="2" leaves="2" largest="1" />
    <remembered-set count="25856" freebytes="4207744" totalbytes="4311168" percent="97" regionsoverflowed="0" regionsstable="2" regionsrebuilding="0"/>
  </mem-info>
</gc-start>
<allocation-stats totalBytes="33550496" >
  <allocated-bytes non-tlh="0" tlh="33550496" arrayletleaf="0"/>
  <largest-consumer threadName="Thread-10" threadId="0000000000DC5D00" bytes="9202696" />
</allocation-stats>
<gc-op id="506" type="copy forward" timems="2.011" contextid="503" timestamp="2019-06-15T09:17:27.093">
  <memory-copied type="eden" objects="10325" bytes="386536" bytesdiscarded="20384" />
  <memory-copied type="other" objects="19928" bytes="890400" bytesdiscarded="40592" />
  <memory-cardclean objects="1764" bytes="93744" />
  <regions eden="32" other="2" />
  <remembered-set-cleared processed="23261" cleared="710" durationms="0.139" />
  <stringconstants candidates="4597" cleared="0"  />
</gc-op>
<gc-op id="507" type="classunload" timems="0.002" contextid="503" timestamp="2019-06-15T09:17:27.093">
  <classunload-info classloadercandidates="8" classloadersunloaded="0" classesunloaded="0" anonymousclassesunloaded="0" quiescems="0.000" setupms="0.002" scanms="0.000" postms="0.000" />
</gc-op>
<heap-resize id="508" type="expand" space="default" amount="2097152" count="1" timems="0.074" reason="excessive time being spent in gc" timestamp="2019-06-15T09:17:27.093" />
<gc-end id="509" type="partial gc" contextid="503" durationms="3.129" usertimems="4.000" systemtimems="0.000" timestamp="2019-06-15T09:17:27.093" activeThreads="4">
  <mem-info id="510" free="66060288" total="110100480" percent="60">
    <mem type="eden" free="641656" total="1048576" percent="61" />
    <arraylet-primitive objects="2" leaves="2" largest="1" />
    <remembered-set count="26272" freebytes="4289792" totalbytes="4394880" percent="97" regionsoverflowed="0" regionsstable="2" regionsrebuilding="0"/>
  </mem-info>
</gc-end>
<cycle-end id="511" type="partial gc" contextid="503" timestamp="2019-06-15T09:17:27.094" />
  <attribute name="elasticGC enabled" value="1" />
  <attribute name= "numThreadsSpecified" value="4" />
  <attribute name="heapSize specified" value="0" />
  <attribute name="Current GC Util" value="62" />
  <attribute name= "Current Time Running" value="1768" />
  <attribute name ="GC Interval" value="0" />
  <attribute name="ProportionalT" value="21.000000" />
  <attribute name="ProportionalI" value="21.000000" />
  <attribute name="ProportionalH" value="21.000000" />
  <attribute name="Current Error" value="42.000000" />
  <attribute name="IntegralT" value="42.000000" />
  <attribute name="IntegralI" value="42.000000" />
  <attribute name="IntegralH" value="42.000000" />
  <attribute name="DerivativeT" value="63.000000" />
  <attribute name="DerivativeI" value="63.000000" />
  <attribute name="DerivativeH" value="63.000000" />
  <attribute name="Loop Time for DT" value="1.000000" />
  <attribute name="Output H" value="8388608"/>
  <attribute name="Output I" value="200"/>
  <attribute name="Output T" value="4"/>
  <attribute name="Target GC Util Change" value ="20.000000" />
  <attribute name="Current GC Util Change" value="62.000000"/>
  <attribute name="GC Util currently" value="62" />
  <attribute name="CPU Util currently" value="19908248385019" />
<exclusive-end id="512" timestamp="2019-06-15T09:17:27.094" durationms="4.126" />

<exclusive-start id="513" timestamp="2019-06-15T09:17:27.114" intervalms="24.834">
  <response-info timems="0.041" idlems="0.041" threads="0" lastid="0000000000DCD500" lastname="Thread-9" />
</exclusive-start>
<allocation-taxation id="514" taxation-threshold="33554432" timestamp="2019-06-15T09:17:27.115" intervalms="24.769" />
<cycle-start id="515" type="partial gc" contextid="0" timestamp="2019-06-15T09:17:27.115" intervalms="24.754" />
<gc-start id="516" type="partial gc" contextid="515" timestamp="2019-06-15T09:17:27.115">
  <mem-info id="517" free="32505856" total="110100480" percent="29">
    <mem type="eden" free="0" total="33554432" percent="0" />
    <arraylet-primitive objects="2" leaves="2" largest="1" />
    <remembered-set count="26048" freebytes="4290688" totalbytes="4394880" percent="97" regionsoverflowed="0" regionsstable="2" regionsrebuilding="0"/>
  </mem-info>
</gc-start>
<allocation-stats totalBytes="33550240" >
  <allocated-bytes non-tlh="0" tlh="33550240" arrayletleaf="0"/>
  <largest-consumer threadName="Thread-7" threadId="0000000000DC9900" bytes="9141136" />
</allocation-stats>
<gc-op id="518" type="copy forward" timems="2.736" contextid="515" timestamp="2019-06-15T09:17:27.118">
  <memory-copied type="eden" objects="10073" bytes="380376" bytesdiscarded="0" />
  <memory-copied type="other" objects="10059" bytes="378792" bytesdiscarded="0" />
  <memory-cardclean objects="8489" bytes="472944" />
  <regions eden="32" other="1" />
  <remembered-set-cleared processed="23935" cleared="586" durationms="0.258" />
  <stringconstants candidates="4597" cleared="0"  />
</gc-op>
<gc-op id="519" type="classunload" timems="0.002" contextid="515" timestamp="2019-06-15T09:17:27.119">
  <classunload-info classloadercandidates="8" classloadersunloaded="0" classesunloaded="0" anonymousclassesunloaded="0" quiescems="0.000" setupms="0.002" scanms="0.000" postms="0.000" />
</gc-op>
<heap-resize id="520" type="expand" space="default" amount="3145728" count="1" timems="0.074" reason="excessive time being spent in gc" timestamp="2019-06-15T09:17:27.119" />
<gc-end id="521" type="partial gc" contextid="515" durationms="4.030" usertimems="4.000" systemtimems="0.000" timestamp="2019-06-15T09:17:27.119" activeThreads="1">
  <mem-info id="522" free="68157440" total="113246208" percent="60">
    <mem type="eden" free="668200" total="1048576" percent="63" />
    <arraylet-primitive objects="2" leaves="2" largest="1" />
    <remembered-set count="27264" freebytes="4411392" totalbytes="4520448" percent="97" regionsoverflowed="0" regionsstable="2" regionsrebuilding="0"/>
  </mem-info>
</gc-end>
<cycle-end id="523" type="partial gc" contextid="515" timestamp="2019-06-15T09:17:27.119" />
  <attribute name="elasticGC enabled" value="1" />
  <attribute name= "numThreadsSpecified" value="1" />
  <attribute name="heapSize specified" value="0" />
  <attribute name="Current GC Util" value="60" />
  <attribute name= "Current Time Running" value="1792" />
  <attribute name ="GC Interval" value="0" />
  <attribute name="ProportionalT" value="20.000000" />
  <attribute name="ProportionalI" value="20.000000" />
  <attribute name="ProportionalH" value="20.000000" />
  <attribute name="Current Error" value="40.000000" />
  <attribute name="IntegralT" value="0.000000" />
  <attribute name="IntegralI" value="0.000000" />
  <attribute name="IntegralH" value="0.000000" />
  <attribute name="DerivativeT" value="inf" />
  <attribute name="DerivativeI" value="inf" />
  <attribute name="DerivativeH" value="inf" />
  <attribute name="Loop Time for DT" value="0.000000" />
  <attribute name="Output H" value="8388608"/>
  <attribute name="Output I" value="200"/>
  <attribute name="Output T" value="1"/>
  <attribute name="Target GC Util Change" value ="20.000000" />
  <attribute name="Current GC Util Change" value="60.000000"/>
  <attribute name="GC Util currently" value="60" />
  <attribute name="CPU Util currently" value="20590090069919" />
<exclusive-end id="524" timestamp="2019-06-15T09:17:27.119" durationms="4.993" />

<exclusive-start id="525" timestamp="2019-06-15T09:17:27.141" intervalms="26.981">
  <response-info timems="0.029" idlems="0.029" threads="0" lastid="0000000000DCD500" lastname="Thread-9" />
</exclusive-start>
<allocation-taxation id="526" taxation-threshold="34603008" timestamp="2019-06-15T09:17:27.142" intervalms="27.082" />
<cycle-start id="527" type="partial gc" contextid="0" timestamp="2019-06-15T09:17:27.142" intervalms="27.075" />
<gc-start id="528" type="partial gc" contextid="527" timestamp="2019-06-15T09:17:27.142">
  <mem-info id="529" free="33554432" total="113246208" percent="29">
    <mem type="eden" free="0" total="34603008" percent="0" />
    <arraylet-primitive objects="2" leaves="2" largest="1" />
    <remembered-set count="26816" freebytes="4413184" totalbytes="4520448" percent="97" regionsoverflowed="0" regionsstable="2" regionsrebuilding="0"/>
  </mem-info>
</gc-start>
<allocation-stats totalBytes="34599008" >
  <allocated-bytes non-tlh="0" tlh="34599008" arrayletleaf="0"/>
  <largest-consumer threadName="Thread-8" threadId="0000000000DD1100" bytes="9071560" />
</allocation-stats>
<gc-op id="530" type="copy forward" timems="3.711" contextid="527" timestamp="2019-06-15T09:17:27.146">
  <memory-copied type="eden" objects="4421" bytes="107384" bytesdiscarded="0" />
  <memory-copied type="other" objects="27288" bytes="1067040" bytesdiscarded="0" />
  <memory-cardclean objects="8070" bytes="411384" />
  <regions eden="33" other="3" />
  <remembered-set-cleared processed="23877" cleared="820" durationms="0.237" />
  <stringconstants candidates="4597" cleared="0"  />
</gc-op>
<gc-op id="531" type="classunload" timems="0.003" contextid="527" timestamp="2019-06-15T09:17:27.146">
  <classunload-info classloadercandidates="8" classloadersunloaded="0" classesunloaded="0" anonymousclassesunloaded="0" quiescems="0.000" setupms="0.002" scanms="0.000" postms="0.000" />
</gc-op>
<heap-resize id="532" type="expand" space="default" amount="2097152" count="1" timems="0.059" reason="excessive time being spent in gc" timestamp="2019-06-15T09:17:27.147" />
<gc-end id="533" type="partial gc" contextid="527" durationms="4.801" usertimems="4.000" systemtimems="4.000" timestamp="2019-06-15T09:17:27.147" activeThreads="1">
  <mem-info id="534" free="69206016" total="115343360" percent="60">
    <mem type="eden" free="941192" total="1048576" percent="89" />
    <arraylet-primitive objects="2" leaves="2" largest="1" />
    <remembered-set count="28448" freebytes="4490368" totalbytes="4604160" percent="97" regionsoverflowed="0" regionsstable="2" regionsrebuilding="0"/>
  </mem-info>
</gc-end>
<cycle-end id="535" type="partial gc" contextid="527" timestamp="2019-06-15T09:17:27.147" />
  <attribute name="elasticGC enabled" value="1" />
  <attribute name= "numThreadsSpecified" value="1" />
  <attribute name="heapSize specified" value="0" />
  <attribute name="Current GC Util" value="74" />
  <attribute name= "Current Time Running" value="1819" />
  <attribute name ="GC Interval" value="0" />
  <attribute name="ProportionalT" value="27.000000" />
  <attribute name="ProportionalI" value="27.000000" />
  <attribute name="ProportionalH" value="27.000000" />
  <attribute name="Current Error" value="54.000000" />
  <attribute name="IntegralT" value="0.000000" />
  <attribute name="IntegralI" value="0.000000" />
  <attribute name="IntegralH" value="0.000000" />
  <attribute name="DerivativeT" value="inf" />
  <attribute name="DerivativeI" value="inf" />
  <attribute name="DerivativeH" value="inf" />
  <attribute name="Loop Time for DT" value="0.000000" />
  <attribute name="Output H" value="8388608"/>
  <attribute name="Output I" value="200"/>
  <attribute name="Output T" value="1"/>
  <attribute name="Target GC Util Change" value ="20.000000" />
  <attribute name="Current GC Util Change" value="74.000000"/>
  <attribute name="GC Util currently" value="74" />
  <attribute name="CPU Util currently" value="20933853296007" />
<exclusive-end id="536" timestamp="2019-06-15T09:17:27.147" durationms="5.797" />

<exclusive-start id="537" timestamp="2019-06-15T09:17:27.170" intervalms="28.856">
  <response-info timems="0.199" idlems="0.199" threads="0" lastid="0000000000DC5D00" lastname="Thread-10" />
</exclusive-start>
<allocation-taxation id="538" taxation-threshold="35651584" timestamp="2019-06-15T09:17:27.170" intervalms="28.809" />
<cycle-start id="539" type="partial gc" contextid="0" timestamp="2019-06-15T09:17:27.171" intervalms="28.683" />
<gc-start id="540" type="partial gc" contextid="539" timestamp="2019-06-15T09:17:27.171">
  <mem-info id="541" free="33554432" total="115343360" percent="29">
    <mem type="eden" free="0" total="35651584" percent="0" />
    <arraylet-primitive objects="2" leaves="2" largest="1" />
    <remembered-set count="28224" freebytes="4491264" totalbytes="4604160" percent="97" regionsoverflowed="0" regionsstable="2" regionsrebuilding="0"/>
  </mem-info>
</gc-start>
<allocation-stats totalBytes="35647104" >
  <allocated-bytes non-tlh="0" tlh="35647104" arrayletleaf="0"/>
  <largest-consumer threadName="Thread-8" threadId="0000000000DD1100" bytes="9976664" />
</allocation-stats>
<gc-op id="542" type="copy forward" timems="3.085" contextid="539" timestamp="2019-06-15T09:17:27.175">
  <memory-copied type="eden" objects="8927" bytes="320312" bytesdiscarded="0" />
  <memory-copied type="other" objects="14018" bytes="473808" bytesdiscarded="0" />
  <memory-cardclean objects="11656" bytes="606408" />
  <regions eden="34" other="2" />
  <remembered-set-cleared processed="25224" cleared="977" durationms="0.295" />
  <stringconstants candidates="4597" cleared="0"  />
</gc-op>
<gc-op id="543" type="classunload" timems="0.002" contextid="539" timestamp="2019-06-15T09:17:27.175">
  <classunload-info classloadercandidates="8" classloadersunloaded="0" classesunloaded="0" anonymousclassesunloaded="0" quiescems="0.000" setupms="0.001" scanms="0.000" postms="0.000" />
</gc-op>
<heap-resize id="544" type="expand" space="default" amount="3145728" count="1" timems="0.073" reason="excessive time being spent in gc" timestamp="2019-06-15T09:17:27.175" />
<gc-end id="545" type="partial gc" contextid="539" durationms="4.414" usertimems="4.000" systemtimems="0.000" timestamp="2019-06-15T09:17:27.175" activeThreads="1">
  <mem-info id="546" free="71303168" total="118489088" percent="60">
    <mem type="eden" free="728264" total="1048576" percent="69" />
    <arraylet-primitive objects="2" leaves="2" largest="1" />
    <remembered-set count="29632" freebytes="4611200" totalbytes="4729728" percent="97" regionsoverflowed="0" regionsstable="2" regionsrebuilding="0"/>
  </mem-info>
</gc-end>
<cycle-end id="547" type="partial gc" contextid="539" timestamp="2019-06-15T09:17:27.175" />
  <attribute name="elasticGC enabled" value="1" />
  <attribute name= "numThreadsSpecified" value="1" />
  <attribute name="heapSize specified" value="0" />
  <attribute name="Current GC Util" value="68" />
  <attribute name= "Current Time Running" value="1848" />
  <attribute name ="GC Interval" value="0" />
  <attribute name="ProportionalT" value="24.000000" />
  <attribute name="ProportionalI" value="24.000000" />
  <attribute name="ProportionalH" value="24.000000" />
  <attribute name="Current Error" value="48.000000" />
  <attribute name="IntegralT" value="0.000000" />
  <attribute name="IntegralI" value="0.000000" />
  <attribute name="IntegralH" value="0.000000" />
  <attribute name="DerivativeT" value="inf" />
  <attribute name="DerivativeI" value="inf" />
  <attribute name="DerivativeH" value="inf" />
  <attribute name="Loop Time for DT" value="0.000000" />
  <attribute name="Output H" value="8388608"/>
  <attribute name="Output I" value="200"/>
  <attribute name="Output T" value="1"/>
  <attribute name="Target GC Util Change" value ="20.000000" />
  <attribute name="Current GC Util Change" value="68.000000"/>
  <attribute name="GC Util currently" value="68" />
  <attribute name="CPU Util currently" value="19616933362057" />
<exclusive-end id="548" timestamp="2019-06-15T09:17:27.176" durationms="5.348" />

<exclusive-start id="549" timestamp="2019-06-15T09:17:27.198" intervalms="27.528">
  <response-info timems="0.022" idlems="0.022" threads="0" lastid="0000000000DCD500" lastname="Thread-9" />
</exclusive-start>
<allocation-taxation id="550" taxation-threshold="35651584" timestamp="2019-06-15T09:17:27.198" intervalms="27.579" />
<cycle-start id="551" type="partial gc" contextid="0" timestamp="2019-06-15T09:17:27.198" intervalms="27.642" />
<gc-start id="552" type="partial gc" contextid="551" timestamp="2019-06-15T09:17:27.198">
  <mem-info id="553" free="35651584" total="118489088" percent="30">
    <mem type="eden" free="0" total="35651584" percent="0" />
    <arraylet-primitive objects="2" leaves="2" largest="1" />
    <remembered-set count="29184" freebytes="4612992" totalbytes="4729728" percent="97" regionsoverflowed="0" regionsstable="2" regionsrebuilding="0"/>
  </mem-info>
</gc-start>
<allocation-stats totalBytes="35647384" >
  <allocated-bytes non-tlh="0" tlh="35647384" arrayletleaf="0"/>
  <largest-consumer threadName="Thread-8" threadId="0000000000DD1100" bytes="11663984" />
</allocation-stats>
<gc-op id="554" type="copy forward" timems="1.959" contextid="551" timestamp="2019-06-15T09:17:27.201">
  <memory-copied type="eden" objects="12953" bytes="481144" bytesdiscarded="39736" />
  <memory-copied type="other" objects="12975" bytes="416688" bytesdiscarded="31768" />
  <memory-cardclean objects="12888" bytes="650736" />
  <regions eden="34" other="2" />
  <remembered-set-cleared processed="25980" cleared="1184" durationms="0.144" />
  <stringconstants candidates="4597" cleared="0"  />
</gc-op>
<gc-op id="555" type="classunload" timems="0.002" contextid="551" timestamp="2019-06-15T09:17:27.201">
  <classunload-info classloadercandidates="8" classloadersunloaded="0" classesunloaded="0" anonymousclassesunloaded="0" quiescems="0.000" setupms="0.002" scanms="0.000" postms="0.000" />
</gc-op>
<heap-resize id="556" type="expand" space="default" amount="2097152" count="1" timems="0.067" reason="excessive time being spent in gc" timestamp="2019-06-15T09:17:27.201" />
<gc-end id="557" type="partial gc" contextid="551" durationms="2.994" usertimems="4.000" systemtimems="0.000" timestamp="2019-06-15T09:17:27.201" activeThreads="4">
  <mem-info id="558" free="72351744" total="120586240" percent="60">
    <mem type="eden" free="527696" total="1048576" percent="50" />
    <arraylet-primitive objects="2" leaves="2" largest="1" />
    <remembered-set count="30208" freebytes="4692608" totalbytes="4813440" percent="97" regionsoverflowed="0" regionsstable="2" regionsrebuilding="0"/>
  </mem-info>
</gc-end>
<cycle-end id="559" type="partial gc" contextid="551" timestamp="2019-06-15T09:17:27.201" />
  <attribute name="elasticGC enabled" value="1" />
  <attribute name= "numThreadsSpecified" value="4" />
  <attribute name="heapSize specified" value="0" />
  <attribute name="Current GC Util" value="77" />
  <attribute name= "Current Time Running" value="1876" />
  <attribute name ="GC Interval" value="0" />
  <attribute name="ProportionalT" value="28.500000" />
  <attribute name="ProportionalI" value="28.500000" />
  <attribute name="ProportionalH" value="28.500000" />
  <attribute name="Current Error" value="57.000000" />
  <attribute name="IntegralT" value="57.000000" />
  <attribute name="IntegralI" value="57.000000" />
  <attribute name="IntegralH" value="57.000000" />
  <attribute name="DerivativeT" value="85.500000" />
  <attribute name="DerivativeI" value="85.500000" />
  <attribute name="DerivativeH" value="85.500000" />
  <attribute name="Loop Time for DT" value="1.000000" />
  <attribute name="Output H" value="8388608"/>
  <attribute name="Output I" value="200"/>
  <attribute name="Output T" value="4"/>
  <attribute name="Target GC Util Change" value ="20.000000" />
  <attribute name="Current GC Util Change" value="77.000000"/>
  <attribute name="GC Util currently" value="77" />
  <attribute name="CPU Util currently" value="18788851460105" />
<exclusive-end id="560" timestamp="2019-06-15T09:17:27.202" durationms="3.778" />

<exclusive-start id="561" timestamp="2019-06-15T09:17:27.225" intervalms="27.062">
  <response-info timems="0.030" idlems="0.030" threads="0" lastid="0000000000DCD500" lastname="Thread-9" />
</exclusive-start>
<allocation-taxation id="562" taxation-threshold="36700160" timestamp="2019-06-15T09:17:27.225" intervalms="27.105" />
<cycle-start id="563" type="partial gc" contextid="0" timestamp="2019-06-15T09:17:27.225" intervalms="27.114" />
<gc-start id="564" type="partial gc" contextid="563" timestamp="2019-06-15T09:17:27.226">
  <mem-info id="565" free="35651584" total="120586240" percent="29">
    <mem type="eden" free="0" total="36700160" percent="0" />
    <arraylet-primitive objects="2" leaves="2" largest="1" />
    <remembered-set count="29920" freebytes="4693760" totalbytes="4813440" percent="97" regionsoverflowed="0" regionsstable="2" regionsrebuilding="0"/>
  </mem-info>
</gc-start>
<allocation-stats totalBytes="36695752" >
  <allocated-bytes non-tlh="0" tlh="36695752" arrayletleaf="0"/>
  <largest-consumer threadName="Thread-9" threadId="0000000000DCD500" bytes="12802608" />
</allocation-stats>
<gc-op id="566" type="copy forward" timems="4.011" contextid="563" timestamp="2019-06-15T09:17:27.230">
  <memory-copied type="eden" objects="11212" bytes="407072" bytesdiscarded="0" />
  <memory-copied type="other" objects="21599" bytes="793128" bytesdiscarded="0" />
  <memory-cardclean objects="9470" bytes="467688" />
  <regions eden="35" other="2" />
  <remembered-set-cleared processed="26969" cleared="1304" durationms="0.313" />
  <stringconstants candidates="4597" cleared="0"  />
</gc-op>
<gc-op id="567" type="classunload" timems="0.002" contextid="563" timestamp="2019-06-15T09:17:27.231">
  <classunload-info classloadercandidates="8" classloadersunloaded="0" classesunloaded="0" anonymousclassesunloaded="0" quiescems="0.000" setupms="0.002" scanms="0.000" postms="0.000" />
</gc-op>
<heap-resize id="568" type="expand" space="default" amount="3145728" count="1" timems="0.074" reason="excessive time being spent in gc" timestamp="2019-06-15T09:17:27.231" />
<gc-end id="569" type="partial gc" contextid="563" durationms="5.355" usertimems="8.000" systemtimems="0.000" timestamp="2019-06-15T09:17:27.231" activeThreads="1">
  <mem-info id="570" free="74448896" total="123731968" percent="60">
    <mem type="eden" free="641504" total="1048576" percent="61" />
    <arraylet-primitive objects="2" leaves="2" largest="1" />
    <remembered-set count="30688" freebytes="4816256" totalbytes="4939008" percent="97" regionsoverflowed="0" regionsstable="2" regionsrebuilding="0"/>
  </mem-info>
</gc-end>
<cycle-end id="571" type="partial gc" contextid="563" timestamp="2019-06-15T09:17:27.231" />
  <attribute name="elasticGC enabled" value="1" />
  <attribute name= "numThreadsSpecified" value="1" />
  <attribute name="heapSize specified" value="0" />
  <attribute name="Current GC Util" value="57" />
  <attribute name= "Current Time Running" value="1903" />
  <attribute name ="GC Interval" value="0" />
  <attribute name="ProportionalT" value="18.500000" />
  <attribute name="ProportionalI" value="18.500000" />
  <attribute name="ProportionalH" value="18.500000" />
  <attribute name="Current Error" value="37.000000" />
  <attribute name="IntegralT" value="0.000000" />
  <attribute name="IntegralI" value="0.000000" />
  <attribute name="IntegralH" value="0.000000" />
  <attribute name="DerivativeT" value="inf" />
  <attribute name="DerivativeI" value="inf" />
  <attribute name="DerivativeH" value="inf" />
  <attribute name="Loop Time for DT" value="0.000000" />
  <attribute name="Output H" value="8388608"/>
  <attribute name="Output I" value="200"/>
  <attribute name="Output T" value="1"/>
  <attribute name="Target GC Util Change" value ="20.000000" />
  <attribute name="Current GC Util Change" value="57.000000"/>
  <attribute name="GC Util currently" value="57" />
  <attribute name="CPU Util currently" value="18406838027273" />
<exclusive-end id="572" timestamp="2019-06-15T09:17:27.231" durationms="6.475" />

<exclusive-start id="573" timestamp="2019-06-15T09:17:27.251" intervalms="26.559">
  <response-info timems="0.029" idlems="0.029" threads="0" lastid="0000000000DC5D00" lastname="Thread-10" />
</exclusive-start>
<allocation-taxation id="574" taxation-threshold="37748736" timestamp="2019-06-15T09:17:27.252" intervalms="26.482" />
<cycle-start id="575" type="partial gc" contextid="0" timestamp="2019-06-15T09:17:27.252" intervalms="26.520" />
<gc-start id="576" type="partial gc" contextid="575" timestamp="2019-06-15T09:17:27.252">
  <mem-info id="577" free="36700160" total="123731968" percent="29">
    <mem type="eden" free="0" total="37748736" percent="0" />
    <arraylet-primitive objects="2" leaves="2" largest="1" />
    <remembered-set count="30656" freebytes="4816384" totalbytes="4939008" percent="97" regionsoverflowed="0" regionsstable="2" regionsrebuilding="0"/>
  </mem-info>
</gc-start>
<allocation-stats totalBytes="37744704" >
  <allocated-bytes non-tlh="0" tlh="37744704" arrayletleaf="0"/>
  <largest-consumer threadName="Thread-9" threadId="0000000000DCD500" bytes="11651832" />
</allocation-stats>
<gc-op id="578" type="copy forward" timems="3.447" contextid="575" timestamp="2019-06-15T09:17:27.256">
  <memory-copied type="eden" objects="21365" bytes="926440" bytesdiscarded="0" />
  <memory-copied type="other" objects="8054" bytes="225384" bytesdiscarded="0" />
  <memory-cardclean objects="7863" bytes="409056" />
  <regions eden="36" other="2" />
  <remembered-set-cleared processed="28072" cleared="1281" durationms="0.298" />
  <stringconstants candidates="4597" cleared="0"  />
</gc-op>
<gc-op id="579" type="classunload" timems="0.002" contextid="575" timestamp="2019-06-15T09:17:27.256">
  <classunload-info classloadercandidates="8" classloadersunloaded="0" classesunloaded="0" anonymousclassesunloaded="0" quiescems="0.000" setupms="0.002" scanms="0.000" postms="0.000" />
</gc-op>
<heap-resize id="580" type="expand" space="default" amount="2097152" count="1" timems="0.069" reason="excessive time being spent in gc" timestamp="2019-06-15T09:17:27.257" />
<gc-end id="581" type="partial gc" contextid="575" durationms="4.774" usertimems="4.000" systemtimems="0.000" timestamp="2019-06-15T09:17:27.257" activeThreads="1">
  <mem-info id="582" free="75497472" total="125829120" percent="60">
    <mem type="eden" free="122136" total="1048576" percent="11" />
    <arraylet-primitive objects="2" leaves="2" largest="1" />
    <remembered-set count="30848" freebytes="4899328" totalbytes="5022720" percent="97" regionsoverflowed="0" regionsstable="2" regionsrebuilding="0"/>
  </mem-info>
</gc-end>
<cycle-end id="583" type="partial gc" contextid="575" timestamp="2019-06-15T09:17:27.257" />
  <attribute name="elasticGC enabled" value="1" />
  <attribute name= "numThreadsSpecified" value="1" />
  <attribute name="heapSize specified" value="0" />
  <attribute name="Current GC Util" value="71" />
  <attribute name= "Current Time Running" value="1929" />
  <attribute name ="GC Interval" value="0" />
  <attribute name="ProportionalT" value="25.500000" />
  <attribute name="ProportionalI" value="25.500000" />
  <attribute name="ProportionalH" value="25.500000" />
  <attribute name="Current Error" value="51.000000" />
  <attribute name="IntegralT" value="0.000000" />
  <attribute name="IntegralI" value="0.000000" />
  <attribute name="IntegralH" value="0.000000" />
  <attribute name="DerivativeT" value="inf" />
  <attribute name="DerivativeI" value="inf" />
  <attribute name="DerivativeH" value="inf" />
  <attribute name="Loop Time for DT" value="0.000000" />
  <attribute name="Output H" value="8388608"/>
  <attribute name="Output I" value="200"/>
  <attribute name="Output T" value="1"/>
  <attribute name="Target GC Util Change" value ="20.000000" />
  <attribute name="Current GC Util Change" value="71.000000"/>
  <attribute name="GC Util currently" value="71" />
  <attribute name="CPU Util currently" value="19841096983176" />
<exclusive-end id="584" timestamp="2019-06-15T09:17:27.257" durationms="5.811" />

<exclusive-start id="585" timestamp="2019-06-15T09:17:27.276" intervalms="24.944">
  <response-info timems="0.023" idlems="0.023" threads="0" lastid="0000000000DC9900" lastname="Thread-7" />
</exclusive-start>
<allocation-taxation id="586" taxation-threshold="37748736" timestamp="2019-06-15T09:17:27.277" intervalms="24.951" />
<cycle-start id="587" type="partial gc" contextid="0" timestamp="2019-06-15T09:17:27.277" intervalms="24.907" />
<gc-start id="588" type="partial gc" contextid="587" timestamp="2019-06-15T09:17:27.277">
  <mem-info id="589" free="37748736" total="125829120" percent="30">
    <mem type="eden" free="0" total="37748736" percent="0" />
    <arraylet-primitive objects="2" leaves="2" largest="1" />
    <remembered-set count="30496" freebytes="4900736" totalbytes="5022720" percent="97" regionsoverflowed="0" regionsstable="2" regionsrebuilding="0"/>
  </mem-info>
</gc-start>
<allocation-stats totalBytes="37744048" >
  <allocated-bytes non-tlh="0" tlh="37744048" arrayletleaf="0"/>
  <largest-consumer threadName="Thread-8" threadId="0000000000DD1100" bytes="10410704" />
</allocation-stats>
<gc-op id="590" type="copy forward" timems="2.560" contextid="587" timestamp="2019-06-15T09:17:27.280">
  <memory-copied type="eden" objects="9370" bytes="363464" bytesdiscarded="0" />
  <memory-copied type="other" objects="9528" bytes="370128" bytesdiscarded="0" />
  <memory-cardclean objects="5527" bytes="289320" />
  <regions eden="36" other="2" />
  <remembered-set-cleared processed="28381" cleared="630" durationms="0.294" />
  <stringconstants candidates="4597" cleared="0"  />
</gc-op>
<gc-op id="591" type="classunload" timems="0.002" contextid="587" timestamp="2019-06-15T09:17:27.280">
  <classunload-info classloadercandidates="8" classloadersunloaded="0" classesunloaded="0" anonymousclassesunloaded="0" quiescems="0.000" setupms="0.002" scanms="0.000" postms="0.000" />
</gc-op>
<heap-resize id="592" type="expand" space="default" amount="3145728" count="1" timems="0.074" reason="excessive time being spent in gc" timestamp="2019-06-15T09:17:27.281" />
<gc-end id="593" type="partial gc" contextid="587" durationms="3.907" usertimems="0.000" systemtimems="4.000" timestamp="2019-06-15T09:17:27.281" activeThreads="1">
  <mem-info id="594" free="77594624" total="128974848" percent="60">
    <mem type="eden" free="685112" total="1048576" percent="65" />
    <arraylet-primitive objects="2" leaves="2" largest="1" />
    <remembered-set count="31264" freebytes="5023232" totalbytes="5148288" percent="97" regionsoverflowed="0" regionsstable="2" regionsrebuilding="0"/>
  </mem-info>
</gc-end>
<cycle-end id="595" type="partial gc" contextid="587" timestamp="2019-06-15T09:17:27.281" />
  <attribute name="elasticGC enabled" value="1" />
  <attribute name= "numThreadsSpecified" value="1" />
  <attribute name="heapSize specified" value="0" />
  <attribute name="Current GC Util" value="67" />
  <attribute name= "Current Time Running" value="1954" />
  <attribute name ="GC Interval" value="0" />
  <attribute name="ProportionalT" value="23.500000" />
  <attribute name="ProportionalI" value="23.500000" />
  <attribute name="ProportionalH" value="23.500000" />
  <attribute name="Current Error" value="47.000000" />
  <attribute name="IntegralT" value="0.000000" />
  <attribute name="IntegralI" value="0.000000" />
  <attribute name="IntegralH" value="0.000000" />
  <attribute name="DerivativeT" value="inf" />
  <attribute name="DerivativeI" value="inf" />
  <attribute name="DerivativeH" value="inf" />
  <attribute name="Loop Time for DT" value="0.000000" />
  <attribute name="Output H" value="8388608"/>
  <attribute name="Output I" value="200"/>
  <attribute name="Output T" value="1"/>
  <attribute name="Target GC Util Change" value ="20.000000" />
  <attribute name="Current GC Util Change" value="67.000000"/>
  <attribute name="GC Util currently" value="67" />
  <attribute name="CPU Util currently" value="19285590077124" />
<exclusive-end id="596" timestamp="2019-06-15T09:17:27.281" durationms="4.866" />

<exclusive-start id="597" timestamp="2019-06-15T09:17:27.300" intervalms="23.572">
  <response-info timems="0.031" idlems="0.031" threads="0" lastid="0000000000DD1100" lastname="Thread-8" />
</exclusive-start>
<allocation-taxation id="598" taxation-threshold="38797312" timestamp="2019-06-15T09:17:27.300" intervalms="23.560" />
<cycle-start id="599" type="partial gc" contextid="0" timestamp="2019-06-15T09:17:27.300" intervalms="23.530" />
<gc-start id="600" type="partial gc" contextid="599" timestamp="2019-06-15T09:17:27.300">
  <mem-info id="601" free="38797312" total="128974848" percent="30">
    <mem type="eden" free="0" total="38797312" percent="0" />
    <arraylet-primitive objects="2" leaves="2" largest="1" />
    <remembered-set count="31040" freebytes="5024128" totalbytes="5148288" percent="97" regionsoverflowed="0" regionsstable="2" regionsrebuilding="0"/>
  </mem-info>
</gc-start>
<allocation-stats totalBytes="38792872" >
  <allocated-bytes non-tlh="0" tlh="38792872" arrayletleaf="0"/>
  <largest-consumer threadName="Thread-7" threadId="0000000000DC9900" bytes="11344696" />
</allocation-stats>
<gc-op id="602" type="copy forward" timems="2.078" contextid="599" timestamp="2019-06-15T09:17:27.303">
  <memory-copied type="eden" objects="18326" bytes="715936" bytesdiscarded="80136" />
  <memory-copied type="other" objects="16047" bytes="659880" bytesdiscarded="25336" />
  <memory-cardclean objects="4482" bytes="242880" />
  <regions eden="37" other="2" />
  <remembered-set-cleared processed="28789" cleared="731" durationms="0.133" />
  <stringconstants candidates="4597" cleared="0"  />
</gc-op>
<gc-op id="603" type="classunload" timems="0.002" contextid="599" timestamp="2019-06-15T09:17:27.303">
  <classunload-info classloadercandidates="8" classloadersunloaded="0" classesunloaded="0" anonymousclassesunloaded="0" quiescems="0.000" setupms="0.002" scanms="0.000" postms="0.000" />
</gc-op>
<heap-resize id="604" type="expand" space="default" amount="2097152" count="1" timems="0.068" reason="excessive time being spent in gc" timestamp="2019-06-15T09:17:27.303" />
<gc-end id="605" type="partial gc" contextid="599" durationms="3.029" usertimems="8.000" systemtimems="0.000" timestamp="2019-06-15T09:17:27.303" activeThreads="4">
  <mem-info id="606" free="78643200" total="131072000" percent="60">
    <mem type="eden" free="252504" total="1048576" percent="24" />
    <arraylet-primitive objects="2" leaves="2" largest="1" />
    <remembered-set count="33088" freebytes="5099648" totalbytes="5232000" percent="97" regionsoverflowed="0" regionsstable="2" regionsrebuilding="0"/>
  </mem-info>
</gc-end>
<cycle-end id="607" type="partial gc" contextid="599" timestamp="2019-06-15T09:17:27.304" />
  <attribute name="elasticGC enabled" value="1" />
  <attribute name= "numThreadsSpecified" value="4" />
  <attribute name="heapSize specified" value="0" />
  <attribute name="Current GC Util" value="66" />
  <attribute name= "Current Time Running" value="1978" />
  <attribute name ="GC Interval" value="0" />
  <attribute name="ProportionalT" value="23.000000" />
  <attribute name="ProportionalI" value="23.000000" />
  <attribute name="ProportionalH" value="23.000000" />
  <attribute name="Current Error" value="46.000000" />
  <attribute name="IntegralT" value="46.000000" />
  <attribute name="IntegralI" value="46.000000" />
  <attribute name="IntegralH" value="46.000000" />
  <attribute name="DerivativeT" value="69.000000" />
  <attribute name="DerivativeI" value="69.000000" />
  <attribute name="DerivativeH" value="69.000000" />
  <attribute name="Loop Time for DT" value="1.000000" />
  <attribute name="Output H" value="8388608"/>
  <attribute name="Output I" value="200"/>
  <attribute name="Output T" value="4"/>
  <attribute name="Target GC Util Change" value ="20.000000" />
  <attribute name="Current GC Util Change" value="66.000000"/>
  <attribute name="GC Util currently" value="66" />
  <attribute name="CPU Util currently" value="20425030837566" />
<exclusive-end id="608" timestamp="2019-06-15T09:17:27.304" durationms="3.649" />

<exclusive-start id="609" timestamp="2019-06-15T09:17:27.324" intervalms="23.617">
  <response-info timems="0.031" idlems="0.031" threads="0" lastid="0000000000DC5D00" lastname="Thread-10" />
</exclusive-start>
<allocation-taxation id="610" taxation-threshold="38797312" timestamp="2019-06-15T09:17:27.324" intervalms="23.617" />
<cycle-start id="611" type="partial gc" contextid="0" timestamp="2019-06-15T09:17:27.324" intervalms="23.621" />
<gc-start id="612" type="partial gc" contextid="611" timestamp="2019-06-15T09:17:27.324">
  <mem-info id="613" free="39845888" total="131072000" percent="30">
    <mem type="eden" free="0" total="38797312" percent="0" />
    <arraylet-primitive objects="2" leaves="2" largest="1" />
    <remembered-set count="32864" freebytes="5100544" totalbytes="5232000" percent="97" regionsoverflowed="0" regionsstable="2" regionsrebuilding="0"/>
  </mem-info>
</gc-start>
<allocation-stats totalBytes="38792536" >
  <allocated-bytes non-tlh="0" tlh="38792536" arrayletleaf="0"/>
  <largest-consumer threadName="Thread-7" threadId="0000000000DC9900" bytes="10914464" />
</allocation-stats>
<gc-op id="614" type="copy forward" timems="3.018" contextid="611" timestamp="2019-06-15T09:17:27.328">
  <memory-copied type="eden" objects="22537" bytes="954568" bytesdiscarded="0" />
  <memory-copied type="other" objects="4956" bytes="118944" bytesdiscarded="0" />
  <memory-cardclean objects="5624" bytes="293976" />
  <regions eden="37" other="2" />
  <remembered-set-cleared processed="29513" cleared="879" durationms="0.287" />
  <stringconstants candidates="4597" cleared="0"  />
</gc-op>
<gc-op id="615" type="classunload" timems="0.002" contextid="611" timestamp="2019-06-15T09:17:27.328">
  <classunload-info classloadercandidates="8" classloadersunloaded="0" classesunloaded="0" anonymousclassesunloaded="0" quiescems="0.000" setupms="0.002" scanms="0.000" postms="0.000" />
</gc-op>
<heap-resize id="616" type="expand" space="default" amount="3145728" count="1" timems="0.065" reason="excessive time being spent in gc" timestamp="2019-06-15T09:17:27.328" />
<gc-end id="617" type="partial gc" contextid="611" durationms="4.044" usertimems="0.000" systemtimems="4.000" timestamp="2019-06-15T09:17:27.328" activeThreads="1">
  <mem-info id="618" free="80740352" total="134217728" percent="60">
    <mem type="eden" free="94008" total="1048576" percent="8" />
    <arraylet-primitive objects="2" leaves="2" largest="1" />
    <remembered-set count="32832" freebytes="5226240" totalbytes="5357568" percent="97" regionsoverflowed="0" regionsstable="2" regionsrebuilding="0"/>
  </mem-info>
</gc-end>
<cycle-end id="619" type="partial gc" contextid="611" timestamp="2019-06-15T09:17:27.328" />
  <attribute name="elasticGC enabled" value="1" />
  <attribute name= "numThreadsSpecified" value="1" />
  <attribute name="heapSize specified" value="0" />
  <attribute name="Current GC Util" value="61" />
  <attribute name= "Current Time Running" value="2001" />
  <attribute name ="GC Interval" value="0" />
  <attribute name="ProportionalT" value="20.500000" />
  <attribute name="ProportionalI" value="20.500000" />
  <attribute name="ProportionalH" value="20.500000" />
  <attribute name="Current Error" value="41.000000" />
  <attribute name="IntegralT" value="0.000000" />
  <attribute name="IntegralI" value="0.000000" />
  <attribute name="IntegralH" value="0.000000" />
  <attribute name="DerivativeT" value="inf" />
  <attribute name="DerivativeI" value="inf" />
  <attribute name="DerivativeH" value="inf" />
  <attribute name="Loop Time for DT" value="0.000000" />
  <attribute name="Output H" value="8388608"/>
  <attribute name="Output I" value="200"/>
  <attribute name="Output T" value="1"/>
  <attribute name="Target GC Util Change" value ="20.000000" />
  <attribute name="Current GC Util Change" value="61.000000"/>
  <attribute name="GC Util currently" value="61" />
  <attribute name="CPU Util currently" value="21218763285764" />
<exclusive-end id="620" timestamp="2019-06-15T09:17:27.329" durationms="4.958" />

<exclusive-start id="621" timestamp="2019-06-15T09:17:27.349" intervalms="25.524">
  <response-info timems="0.029" idlems="0.029" threads="0" lastid="0000000000DCD500" lastname="Thread-9" />
</exclusive-start>
<allocation-taxation id="622" taxation-threshold="39845888" timestamp="2019-06-15T09:17:27.349" intervalms="25.569" />
<cycle-start id="623" type="partial gc" contextid="0" timestamp="2019-06-15T09:17:27.350" intervalms="25.721" />
<gc-start id="624" type="partial gc" contextid="623" timestamp="2019-06-15T09:17:27.350">
  <mem-info id="625" free="40894464" total="134217728" percent="30">
    <mem type="eden" free="0" total="39845888" percent="0" />
    <arraylet-primitive objects="2" leaves="2" largest="1" />
    <remembered-set count="32384" freebytes="5228032" totalbytes="5357568" percent="97" regionsoverflowed="0" regionsstable="2" regionsrebuilding="0"/>
  </mem-info>
</gc-start>
<allocation-stats totalBytes="39841272" >
  <allocated-bytes non-tlh="0" tlh="39841272" arrayletleaf="0"/>
  <largest-consumer threadName="Thread-8" threadId="0000000000DD1100" bytes="11307848" />
</allocation-stats>
<gc-op id="626" type="copy forward" timems="2.734" contextid="623" timestamp="2019-06-15T09:17:27.353">
  <memory-copied type="eden" objects="18958" bytes="868688" bytesdiscarded="0" />
  <memory-copied type="other" objects="2977" bytes="71448" bytesdiscarded="0" />
  <memory-cardclean objects="4046" bytes="199200" />
  <regions eden="38" other="2" />
  <remembered-set-cleared processed="29811" cleared="681" durationms="0.323" />
  <stringconstants candidates="4597" cleared="0"  />
</gc-op>
<gc-op id="627" type="classunload" timems="0.002" contextid="623" timestamp="2019-06-15T09:17:27.353">
  <classunload-info classloadercandidates="8" classloadersunloaded="0" classesunloaded="0" anonymousclassesunloaded="0" quiescems="0.000" setupms="0.002" scanms="0.000" postms="0.000" />
</gc-op>
<heap-resize id="628" type="expand" space="default" amount="2097152" count="1" timems="0.070" reason="excessive time being spent in gc" timestamp="2019-06-15T09:17:27.354" />
<gc-end id="629" type="partial gc" contextid="623" durationms="4.002" usertimems="4.000" systemtimems="0.000" timestamp="2019-06-15T09:17:27.354" activeThreads="1">
  <mem-info id="630" free="81788928" total="136314880" percent="60">
    <mem type="eden" free="179888" total="1048576" percent="17" />
    <arraylet-primitive objects="2" leaves="2" largest="1" />
    <remembered-set count="32768" freebytes="5310208" totalbytes="5441280" percent="97" regionsoverflowed="0" regionsstable="2" regionsrebuilding="0"/>
  </mem-info>
</gc-end>
<cycle-end id="631" type="partial gc" contextid="623" timestamp="2019-06-15T09:17:27.354" />
  <attribute name="elasticGC enabled" value="1" />
  <attribute name= "numThreadsSpecified" value="1" />
  <attribute name="heapSize specified" value="0" />
  <attribute name="Current GC Util" value="64" />
  <attribute name= "Current Time Running" value="2027" />
  <attribute name ="GC Interval" value="0" />
  <attribute name="ProportionalT" value="22.000000" />
  <attribute name="ProportionalI" value="22.000000" />
  <attribute name="ProportionalH" value="22.000000" />
  <attribute name="Current Error" value="44.000000" />
  <attribute name="IntegralT" value="0.000000" />
  <attribute name="IntegralI" value="0.000000" />
  <attribute name="IntegralH" value="0.000000" />
  <attribute name="DerivativeT" value="inf" />
  <attribute name="DerivativeI" value="inf" />
  <attribute name="DerivativeH" value="inf" />
  <attribute name="Loop Time for DT" value="0.000000" />
  <attribute name="Output H" value="8388608"/>
  <attribute name="Output I" value="200"/>
  <attribute name="Output T" value="1"/>
  <attribute name="Target GC Util Change" value ="20.000000" />
  <attribute name="Current GC Util Change" value="64.000000"/>
  <attribute name="GC Util currently" value="64" />
  <attribute name="CPU Util currently" value="18800570792011" />
<exclusive-end id="632" timestamp="2019-06-15T09:17:27.354" durationms="5.150" />

<exclusive-start id="633" timestamp="2019-06-15T09:17:27.379" intervalms="30.248">
  <response-info timems="0.034" idlems="0.034" threads="0" lastid="0000000000DC9900" lastname="Thread-7" />
</exclusive-start>
<allocation-taxation id="634" taxation-threshold="40894464" timestamp="2019-06-15T09:17:27.380" intervalms="30.243" />
<cycle-start id="635" type="partial gc" contextid="0" timestamp="2019-06-15T09:17:27.380" intervalms="30.199" />
<gc-start id="636" type="partial gc" contextid="635" timestamp="2019-06-15T09:17:27.380">
  <mem-info id="637" free="40894464" total="136314880" percent="30">
    <mem type="eden" free="0" total="40894464" percent="0" />
    <arraylet-primitive objects="2" leaves="2" largest="1" />
    <remembered-set count="32480" freebytes="5311360" totalbytes="5441280" percent="97" regionsoverflowed="0" regionsstable="2" regionsrebuilding="0"/>
  </mem-info>
</gc-start>
<allocation-stats totalBytes="40889520" >
  <allocated-bytes non-tlh="0" tlh="40889520" arrayletleaf="0"/>
  <largest-consumer threadName="Thread-7" threadId="0000000000DC9900" bytes="12003888" />
</allocation-stats>
<gc-op id="638" type="copy forward" timems="3.440" contextid="635" timestamp="2019-06-15T09:17:27.384">
  <memory-copied type="eden" objects="29507" bytes="1259256" bytesdiscarded="0" />
  <memory-copied type="other" objects="1521" bytes="36504" bytesdiscarded="0" />
  <memory-cardclean objects="2651" bytes="132240" />
  <regions eden="39" other="2" />
  <remembered-set-cleared processed="30017" cleared="437" durationms="0.344" />
  <stringconstants candidates="4597" cleared="0"  />
</gc-op>
<gc-op id="639" type="classunload" timems="0.002" contextid="635" timestamp="2019-06-15T09:17:27.384">
  <classunload-info classloadercandidates="8" classloadersunloaded="0" classesunloaded="0" anonymousclassesunloaded="0" quiescems="0.000" setupms="0.002" scanms="0.000" postms="0.000" />
</gc-op>
<heap-resize id="640" type="expand" space="default" amount="5242880" count="1" timems="0.090" reason="excessive time being spent in gc" timestamp="2019-06-15T09:17:27.385" />
<gc-end id="641" type="partial gc" contextid="635" durationms="4.923" usertimems="4.000" systemtimems="0.000" timestamp="2019-06-15T09:17:27.385" activeThreads="1">
  <mem-info id="642" free="84934656" total="141557760" percent="60">
    <mem type="eden" free="837896" total="2097152" percent="39" />
    <arraylet-primitive objects="2" leaves="2" largest="1" />
    <remembered-set count="33728" freebytes="5515648" totalbytes="5650560" percent="97" regionsoverflowed="0" regionsstable="2" regionsrebuilding="0"/>
  </mem-info>
</gc-end>
<cycle-end id="643" type="partial gc" contextid="635" timestamp="2019-06-15T09:17:27.385" />
  <attribute name="elasticGC enabled" value="1" />
  <attribute name= "numThreadsSpecified" value="1" />
  <attribute name="heapSize specified" value="0" />
  <attribute name="Current GC Util" value="75" />
  <attribute name= "Current Time Running" value="2057" />
  <attribute name ="GC Interval" value="0" />
  <attribute name="ProportionalT" value="27.500000" />
  <attribute name="ProportionalI" value="27.500000" />
  <attribute name="ProportionalH" value="27.500000" />
  <attribute name="Current Error" value="55.000000" />
  <attribute name="IntegralT" value="0.000000" />
  <attribute name="IntegralI" value="0.000000" />
  <attribute name="IntegralH" value="0.000000" />
  <attribute name="DerivativeT" value="inf" />
  <attribute name="DerivativeI" value="inf" />
  <attribute name="DerivativeH" value="inf" />
  <attribute name="Loop Time for DT" value="0.000000" />
  <attribute name="Output H" value="8388608"/>
  <attribute name="Output I" value="200"/>
  <attribute name="Output T" value="1"/>
  <attribute name="Target GC Util Change" value ="20.000000" />
  <attribute name="Current GC Util Change" value="75.000000"/>
  <attribute name="GC Util currently" value="75" />
  <attribute name="CPU Util currently" value="17441090756306" />
<exclusive-end id="644" timestamp="2019-06-15T09:17:27.385" durationms="6.049" />

<exclusive-start id="645" timestamp="2019-06-15T09:17:27.422" intervalms="42.947">
  <response-info timems="0.025" idlems="0.025" threads="0" lastid="0000000000DC5D00" lastname="Thread-10" />
</exclusive-start>
<allocation-taxation id="646" taxation-threshold="41943040" timestamp="2019-06-15T09:17:27.423" intervalms="42.923" />
<cycle-start id="647" type="partial gc" contextid="0" timestamp="2019-06-15T09:17:27.423" intervalms="42.850" />
<gc-start id="648" type="partial gc" contextid="647" timestamp="2019-06-15T09:17:27.423">
  <mem-info id="649" free="42991616" total="141557760" percent="30">
    <mem type="eden" free="0" total="41943040" percent="0" />
    <arraylet-primitive objects="2" leaves="2" largest="1" />
    <remembered-set count="33248" freebytes="5517568" totalbytes="5650560" percent="97" regionsoverflowed="0" regionsstable="2" regionsrebuilding="0"/>
  </mem-info>
</gc-start>
<allocation-stats totalBytes="41938264" >
  <allocated-bytes non-tlh="0" tlh="41938264" arrayletleaf="0"/>
  <largest-consumer threadName="Thread-7" threadId="0000000000DC9900" bytes="10976088" />
</allocation-stats>
<gc-op id="650" type="copy forward" timems="3.502" contextid="647" timestamp="2019-06-15T09:17:27.427">
  <memory-copied type="eden" objects="17268" bytes="690752" bytesdiscarded="0" />
  <memory-copied type="other" objects="13478" bytes="598224" bytesdiscarded="0" />
  <memory-cardclean objects="1802" bytes="91512" />
  <regions eden="40" other="3" />
  <remembered-set-cleared processed="30330" cleared="567" durationms="0.332" />
  <stringconstants candidates="4597" cleared="0"  />
</gc-op>
<gc-op id="651" type="classunload" timems="0.003" contextid="647" timestamp="2019-06-15T09:17:27.427">
  <classunload-info classloadercandidates="8" classloadersunloaded="0" classesunloaded="0" anonymousclassesunloaded="0" quiescems="0.000" setupms="0.002" scanms="0.000" postms="0.000" />
</gc-op>
<gc-end id="652" type="partial gc" contextid="647" durationms="4.634" usertimems="0.000" systemtimems="4.000" timestamp="2019-06-15T09:17:27.428" activeThreads="1">
  <mem-info id="653" free="84934656" total="141557760" percent="60">
    <mem type="eden" free="357824" total="1048576" percent="34" />
    <arraylet-primitive objects="2" leaves="2" largest="1" />
    <remembered-set count="33952" freebytes="5514752" totalbytes="5650560" percent="97" regionsoverflowed="0" regionsstable="2" regionsrebuilding="0"/>
  </mem-info>
</gc-end>
<cycle-end id="654" type="partial gc" contextid="647" timestamp="2019-06-15T09:17:27.428" />
  <attribute name="elasticGC enabled" value="1" />
  <attribute name= "numThreadsSpecified" value="1" />
  <attribute name="heapSize specified" value="0" />
  <attribute name="Current GC Util" value="83" />
  <attribute name= "Current Time Running" value="2100" />
  <attribute name ="GC Interval" value="0" />
  <attribute name="ProportionalT" value="31.500000" />
  <attribute name="ProportionalI" value="31.500000" />
  <attribute name="ProportionalH" value="31.500000" />
  <attribute name="Current Error" value="63.000000" />
  <attribute name="IntegralT" value="0.000000" />
  <attribute name="IntegralI" value="0.000000" />
  <attribute name="IntegralH" value="0.000000" />
  <attribute name="DerivativeT" value="inf" />
  <attribute name="DerivativeI" value="inf" />
  <attribute name="DerivativeH" value="inf" />
  <attribute name="Loop Time for DT" value="0.000000" />
  <attribute name="Output H" value="8388608"/>
  <attribute name="Output I" value="200"/>
  <attribute name="Output T" value="1"/>
  <attribute name="Target GC Util Change" value ="20.000000" />
  <attribute name="Current GC Util Change" value="83.000000"/>
  <attribute name="GC Util currently" value="83" />
  <attribute name="CPU Util currently" value="15685046536128" />
<exclusive-end id="655" timestamp="2019-06-15T09:17:27.428" durationms="5.734" />

<exclusive-start id="656" timestamp="2019-06-15T09:17:27.455" intervalms="32.581">
  <response-info timems="0.030" idlems="0.030" threads="0" lastid="0000000000DC9900" lastname="Thread-7" />
</exclusive-start>
<allocation-taxation id="657" taxation-threshold="41943040" timestamp="2019-06-15T09:17:27.455" intervalms="32.584" />
<cycle-start id="658" type="partial gc" contextid="0" timestamp="2019-06-15T09:17:27.455" intervalms="32.570" />
<gc-start id="659" type="partial gc" contextid="658" timestamp="2019-06-15T09:17:27.456">
  <mem-info id="660" free="42991616" total="141557760" percent="30">
    <mem type="eden" free="0" total="41943040" percent="0" />
    <arraylet-primitive objects="2" leaves="2" largest="1" />
    <remembered-set count="33792" freebytes="5515392" totalbytes="5650560" percent="97" regionsoverflowed="0" regionsstable="2" regionsrebuilding="0"/>
  </mem-info>
</gc-start>
<allocation-stats totalBytes="41938504" >
  <allocated-bytes non-tlh="0" tlh="41938504" arrayletleaf="0"/>
  <largest-consumer threadName="Thread-10" threadId="0000000000DC5D00" bytes="11901560" />
</allocation-stats>
<gc-op id="661" type="copy forward" timems="3.105" contextid="658" timestamp="2019-06-15T09:17:27.459">
  <memory-copied type="eden" objects="7001" bytes="306472" bytesdiscarded="0" />
  <memory-copied type="other" objects="21513" bytes="928440" bytesdiscarded="0" />
  <memory-cardclean objects="1802" bytes="91512" />
  <regions eden="40" other="3" />
  <remembered-set-cleared processed="30554" cleared="791" durationms="0.319" />
  <stringconstants candidates="4597" cleared="0"  />
</gc-op>
<gc-op id="662" type="classunload" timems="0.003" contextid="658" timestamp="2019-06-15T09:17:27.460">
  <classunload-info classloadercandidates="8" classloadersunloaded="0" classesunloaded="0" anonymousclassesunloaded="0" quiescems="0.000" setupms="0.002" scanms="0.000" postms="0.000" />
</gc-op>
<heap-resize id="663" type="expand" space="default" amount="3145728" count="1" timems="0.078" reason="excessive time being spent in gc" timestamp="2019-06-15T09:17:27.460" />
<gc-end id="664" type="partial gc" contextid="658" durationms="4.505" usertimems="0.000" systemtimems="4.000" timestamp="2019-06-15T09:17:27.460" activeThreads="1">
  <mem-info id="665" free="87031808" total="144703488" percent="60">
    <mem type="eden" free="742104" total="1048576" percent="70" />
    <arraylet-primitive objects="2" leaves="2" largest="1" />
    <remembered-set count="34080" freebytes="5639808" totalbytes="5776128" percent="97" regionsoverflowed="0" regionsstable="2" regionsrebuilding="0"/>
  </mem-info>
</gc-end>
<cycle-end id="666" type="partial gc" contextid="658" timestamp="2019-06-15T09:17:27.460" />
  <attribute name="elasticGC enabled" value="1" />
  <attribute name= "numThreadsSpecified" value="1" />
  <attribute name="heapSize specified" value="0" />
  <attribute name="Current GC Util" value="75" />
  <attribute name= "Current Time Running" value="2133" />
  <attribute name ="GC Interval" value="0" />
  <attribute name="ProportionalT" value="27.500000" />
  <attribute name="ProportionalI" value="27.500000" />
  <attribute name="ProportionalH" value="27.500000" />
  <attribute name="Current Error" value="55.000000" />
  <attribute name="IntegralT" value="0.000000" />
  <attribute name="IntegralI" value="0.000000" />
  <attribute name="IntegralH" value="0.000000" />
  <attribute name="DerivativeT" value="inf" />
  <attribute name="DerivativeI" value="inf" />
  <attribute name="DerivativeH" value="inf" />
  <attribute name="Loop Time for DT" value="0.000000" />
  <attribute name="Output H" value="8388608"/>
  <attribute name="Output I" value="200"/>
  <attribute name="Output T" value="1"/>
  <attribute name="Target GC Util Change" value ="20.000000" />
  <attribute name="Current GC Util Change" value="75.000000"/>
  <attribute name="GC Util currently" value="75" />
  <attribute name="CPU Util currently" value="19155895292080" />
<exclusive-end id="667" timestamp="2019-06-15T09:17:27.460" durationms="5.542" />

<exclusive-start id="668" timestamp="2019-06-15T09:17:27.488" intervalms="33.043">
  <response-info timems="0.022" idlems="0.022" threads="0" lastid="0000000000DC5D00" lastname="Thread-10" />
</exclusive-start>
<allocation-taxation id="669" taxation-threshold="42991616" timestamp="2019-06-15T09:17:27.488" intervalms="33.017" />
<cycle-start id="670" type="partial gc" contextid="0" timestamp="2019-06-15T09:17:27.488" intervalms="33.077" />
<gc-start id="671" type="partial gc" contextid="670" timestamp="2019-06-15T09:17:27.488">
  <mem-info id="672" free="44040192" total="144703488" percent="30">
    <mem type="eden" free="0" total="42991616" percent="0" />
    <arraylet-primitive objects="2" leaves="2" largest="1" />
    <remembered-set count="33952" freebytes="5640320" totalbytes="5776128" percent="97" regionsoverflowed="0" regionsstable="2" regionsrebuilding="0"/>
  </mem-info>
</gc-start>
<allocation-stats totalBytes="42986320" >
  <allocated-bytes non-tlh="0" tlh="42986320" arrayletleaf="0"/>
  <largest-consumer threadName="Thread-10" threadId="0000000000DC5D00" bytes="11893168" />
</allocation-stats>
<gc-op id="673" type="copy forward" timems="3.187" contextid="670" timestamp="2019-06-15T09:17:27.492">
  <memory-copied type="eden" objects="8753" bytes="348776" bytesdiscarded="0" />
  <memory-copied type="other" objects="18055" bytes="845448" bytesdiscarded="0" />
  <memory-cardclean objects="992" bytes="52632" />
  <regions eden="41" other="3" />
  <remembered-set-cleared processed="30748" cleared="767" durationms="0.318" />
  <stringconstants candidates="4597" cleared="0"  />
</gc-op>
<gc-op id="674" type="classunload" timems="0.002" contextid="670" timestamp="2019-06-15T09:17:27.493">
  <classunload-info classloadercandidates="8" classloadersunloaded="0" classesunloaded="0" anonymousclassesunloaded="0" quiescems="0.000" setupms="0.002" scanms="0.000" postms="0.000" />
</gc-op>
<heap-resize id="675" type="expand" space="default" amount="2097152" count="1" timems="0.069" reason="excessive time being spent in gc" timestamp="2019-06-15T09:17:27.493" />
<gc-end id="676" type="partial gc" contextid="670" durationms="4.599" usertimems="4.000" systemtimems="0.000" timestamp="2019-06-15T09:17:27.493" activeThreads="1">
  <mem-info id="677" free="88080384" total="146800640" percent="60">
    <mem type="eden" free="699800" total="1048576" percent="66" />
    <arraylet-primitive objects="2" leaves="2" largest="1" />
    <remembered-set count="34304" freebytes="5722624" totalbytes="5859840" percent="97" regionsoverflowed="0" regionsstable="2" regionsrebuilding="0"/>
  </mem-info>
</gc-end>
<cycle-end id="678" type="partial gc" contextid="670" timestamp="2019-06-15T09:17:27.493" />
  <attribute name="elasticGC enabled" value="1" />
  <attribute name= "numThreadsSpecified" value="1" />
  <attribute name="heapSize specified" value="0" />
  <attribute name="Current GC Util" value="77" />
  <attribute name= "Current Time Running" value="2166" />
  <attribute name ="GC Interval" value="0" />
  <attribute name="ProportionalT" value="28.500000" />
  <attribute name="ProportionalI" value="28.500000" />
  <attribute name="ProportionalH" value="28.500000" />
  <attribute name="Current Error" value="57.000000" />
  <attribute name="IntegralT" value="0.000000" />
  <attribute name="IntegralI" value="0.000000" />
  <attribute name="IntegralH" value="0.000000" />
  <attribute name="DerivativeT" value="inf" />
  <attribute name="DerivativeI" value="inf" />
  <attribute name="DerivativeH" value="inf" />
  <attribute name="Loop Time for DT" value="0.000000" />
  <attribute name="Output H" value="8388608"/>
  <attribute name="Output I" value="200"/>
  <attribute name="Output T" value="1"/>
  <attribute name="Target GC Util Change" value ="20.000000" />
  <attribute name="Current GC Util Change" value="77.000000"/>
  <attribute name="GC Util currently" value="77" />
  <attribute name="CPU Util currently" value="18152313522600" />
<exclusive-end id="679" timestamp="2019-06-15T09:17:27.494" durationms="5.720" />

<exclusive-start id="680" timestamp="2019-06-15T09:17:27.520" intervalms="32.443">
  <response-info timems="0.021" idlems="0.021" threads="0" lastid="0000000000DC5D00" lastname="Thread-10" />
</exclusive-start>
<allocation-taxation id="681" taxation-threshold="42991616" timestamp="2019-06-15T09:17:27.521" intervalms="32.456" />
<cycle-start id="682" type="partial gc" contextid="0" timestamp="2019-06-15T09:17:27.521" intervalms="32.403" />
<gc-start id="683" type="partial gc" contextid="682" timestamp="2019-06-15T09:17:27.521">
  <mem-info id="684" free="45088768" total="146800640" percent="30">
    <mem type="eden" free="0" total="42991616" percent="0" />
    <arraylet-primitive objects="2" leaves="2" largest="1" />
    <remembered-set count="34016" freebytes="5723776" totalbytes="5859840" percent="97" regionsoverflowed="0" regionsstable="2" regionsrebuilding="0"/>
  </mem-info>
</gc-start>
<allocation-stats totalBytes="42986496" >
  <allocated-bytes non-tlh="0" tlh="42986496" arrayletleaf="0"/>
  <largest-consumer threadName="Thread-10" threadId="0000000000DC5D00" bytes="12749440" />
</allocation-stats>
<gc-op id="685" type="copy forward" timems="2.451" contextid="682" timestamp="2019-06-15T09:17:27.524">
  <memory-copied type="eden" objects="7567" bytes="320552" bytesdiscarded="0" />
  <memory-copied type="other" objects="8453" bytes="340248" bytesdiscarded="0" />
  <memory-cardclean objects="5381" bytes="296592" />
  <regions eden="41" other="2" />
  <remembered-set-cleared processed="30985" cleared="640" durationms="0.324" />
  <stringconstants candidates="4597" cleared="0"  />
</gc-op>
<gc-op id="686" type="classunload" timems="0.003" contextid="682" timestamp="2019-06-15T09:17:27.524">
  <classunload-info classloadercandidates="8" classloadersunloaded="0" classesunloaded="0" anonymousclassesunloaded="0" quiescems="0.000" setupms="0.002" scanms="0.000" postms="0.000" />
</gc-op>
<heap-resize id="687" type="expand" space="default" amount="3145728" count="1" timems="0.077" reason="excessive time being spent in gc" timestamp="2019-06-15T09:17:27.525" />
<gc-end id="688" type="partial gc" contextid="682" durationms="3.793" usertimems="4.000" systemtimems="0.000" timestamp="2019-06-15T09:17:27.525" activeThreads="1">
  <mem-info id="689" free="90177536" total="149946368" percent="60">
    <mem type="eden" free="728024" total="1048576" percent="69" />
    <arraylet-primitive objects="2" leaves="2" largest="1" />
    <remembered-set count="34720" freebytes="5846528" totalbytes="5985408" percent="97" regionsoverflowed="0" regionsstable="2" regionsrebuilding="0"/>
  </mem-info>
</gc-end>
<cycle-end id="690" type="partial gc" contextid="682" timestamp="2019-06-15T09:17:27.525" />
  <attribute name="elasticGC enabled" value="1" />
  <attribute name= "numThreadsSpecified" value="1" />
  <attribute name="heapSize specified" value="0" />
  <attribute name="Current GC Util" value="67" />
  <attribute name= "Current Time Running" value="2198" />
  <attribute name ="GC Interval" value="0" />
  <attribute name="ProportionalT" value="23.500000" />
  <attribute name="ProportionalI" value="23.500000" />
  <attribute name="ProportionalH" value="23.500000" />
  <attribute name="Current Error" value="47.000000" />
  <attribute name="IntegralT" value="0.000000" />
  <attribute name="IntegralI" value="0.000000" />
  <attribute name="IntegralH" value="0.000000" />
  <attribute name="DerivativeT" value="inf" />
  <attribute name="DerivativeI" value="inf" />
  <attribute name="DerivativeH" value="inf" />
  <attribute name="Loop Time for DT" value="0.000000" />
  <attribute name="Output H" value="8388608"/>
  <attribute name="Output I" value="200"/>
  <attribute name="Output T" value="1"/>
  <attribute name="Target GC Util Change" value ="20.000000" />
  <attribute name="Current GC Util Change" value="67.000000"/>
  <attribute name="GC Util currently" value="67" />
  <attribute name="CPU Util currently" value="20211180067391" />
<exclusive-end id="691" timestamp="2019-06-15T09:17:27.525" durationms="4.740" />

<exclusive-start id="692" timestamp="2019-06-15T09:17:27.554" intervalms="33.530">
  <response-info timems="0.021" idlems="0.021" threads="0" lastid="0000000000DC5D00" lastname="Thread-10" />
</exclusive-start>
<allocation-taxation id="693" taxation-threshold="44040192" timestamp="2019-06-15T09:17:27.554" intervalms="33.527" />
<cycle-start id="694" type="partial gc" contextid="0" timestamp="2019-06-15T09:17:27.554" intervalms="33.500" />
<gc-start id="695" type="partial gc" contextid="694" timestamp="2019-06-15T09:17:27.554">
  <mem-info id="696" free="46137344" total="149946368" percent="30">
    <mem type="eden" free="0" total="44040192" percent="0" />
    <arraylet-primitive objects="2" leaves="2" largest="1" />
    <remembered-set count="34496" freebytes="5847424" totalbytes="5985408" percent="97" regionsoverflowed="0" regionsstable="2" regionsrebuilding="0"/>
  </mem-info>
</gc-start>
<allocation-stats totalBytes="44034448" >
  <allocated-bytes non-tlh="0" tlh="44034448" arrayletleaf="0"/>
  <largest-consumer threadName="Thread-7" threadId="0000000000DC9900" bytes="11590256" />
</allocation-stats>
<gc-op id="697" type="copy forward" timems="2.113" contextid="694" timestamp="2019-06-15T09:17:27.557">
  <memory-copied type="eden" objects="3988" bytes="97024" bytesdiscarded="9736" />
  <memory-copied type="other" objects="9625" bytes="368376" bytesdiscarded="4360" />
  <memory-cardclean objects="9560" bytes="482688" />
  <regions eden="42" other="2" />
  <remembered-set-cleared processed="31272" cleared="698" durationms="0.178" />
  <stringconstants candidates="4597" cleared="0"  />
</gc-op>
<gc-op id="698" type="classunload" timems="0.002" contextid="694" timestamp="2019-06-15T09:17:27.557">
  <classunload-info classloadercandidates="8" classloadersunloaded="0" classesunloaded="0" anonymousclassesunloaded="0" quiescems="0.000" setupms="0.001" scanms="0.000" postms="0.000" />
</gc-op>
<heap-resize id="699" type="expand" space="default" amount="2097152" count="1" timems="0.069" reason="excessive time being spent in gc" timestamp="2019-06-15T09:17:27.557" />
<gc-end id="700" type="partial gc" contextid="694" durationms="3.102" usertimems="4.000" systemtimems="0.000" timestamp="2019-06-15T09:17:27.557" activeThreads="4">
  <mem-info id="701" free="91226112" total="152043520" percent="60">
    <mem type="eden" free="941816" total="1048576" percent="89" />
    <arraylet-primitive objects="2" leaves="2" largest="1" />
    <remembered-set count="35840" freebytes="5925760" totalbytes="6069120" percent="97" regionsoverflowed="0" regionsstable="2" regionsrebuilding="0"/>
  </mem-info>
</gc-end>
<cycle-end id="702" type="partial gc" contextid="694" timestamp="2019-06-15T09:17:27.558" />
  <attribute name="elasticGC enabled" value="1" />
  <attribute name= "numThreadsSpecified" value="4" />
  <attribute name="heapSize specified" value="0" />
  <attribute name="Current GC Util" value="65" />
  <attribute name= "Current Time Running" value="2232" />
  <attribute name ="GC Interval" value="0" />
  <attribute name="ProportionalT" value="22.500000" />
  <attribute name="ProportionalI" value="22.500000" />
  <attribute name="ProportionalH" value="22.500000" />
  <attribute name="Current Error" value="45.000000" />
  <attribute name="IntegralT" value="45.000000" />
  <attribute name="IntegralI" value="45.000000" />
  <attribute name="IntegralH" value="45.000000" />
  <attribute name="DerivativeT" value="67.500000" />
  <attribute name="DerivativeI" value="67.500000" />
  <attribute name="DerivativeH" value="67.500000" />
  <attribute name="Loop Time for DT" value="1.000000" />
  <attribute name="Output H" value="8388608"/>
  <attribute name="Output I" value="200"/>
  <attribute name="Output T" value="4"/>
  <attribute name="Target GC Util Change" value ="20.000000" />
  <attribute name="Current GC Util Change" value="65.000000"/>
  <attribute name="GC Util currently" value="65" />
  <attribute name="CPU Util currently" value="18714131558862" />
<exclusive-end id="703" timestamp="2019-06-15T09:17:27.558" durationms="3.962" />

<exclusive-start id="704" timestamp="2019-06-15T09:17:27.587" intervalms="33.444">
  <response-info timems="0.030" idlems="0.030" threads="0" lastid="0000000000DCD500" lastname="Thread-9" />
</exclusive-start>
<allocation-taxation id="705" taxation-threshold="44040192" timestamp="2019-06-15T09:17:27.588" intervalms="33.492" />
<cycle-start id="706" type="partial gc" contextid="0" timestamp="2019-06-15T09:17:27.588" intervalms="33.625" />
<gc-start id="707" type="partial gc" contextid="706" timestamp="2019-06-15T09:17:27.588">
  <mem-info id="708" free="47185920" total="152043520" percent="31">
    <mem type="eden" free="0" total="44040192" percent="0" />
    <arraylet-primitive objects="2" leaves="2" largest="1" />
    <remembered-set count="35712" freebytes="5926272" totalbytes="6069120" percent="97" regionsoverflowed="0" regionsstable="2" regionsrebuilding="0"/>
  </mem-info>
</gc-start>
<allocation-stats totalBytes="44034768" >
  <allocated-bytes non-tlh="0" tlh="44034768" arrayletleaf="0"/>
  <largest-consumer threadName="Thread-7" threadId="0000000000DC9900" bytes="12298920" />
</allocation-stats>
<gc-op id="709" type="copy forward" timems="2.446" contextid="706" timestamp="2019-06-15T09:17:27.591">
  <memory-copied type="eden" objects="2819" bytes="69192" bytesdiscarded="0" />
  <memory-copied type="other" objects="10979" bytes="400872" bytesdiscarded="0" />
  <memory-cardclean objects="9396" bytes="451560" />
  <regions eden="42" other="2" />
  <remembered-set-cleared processed="32055" cleared="1004" durationms="0.333" />
  <stringconstants candidates="4597" cleared="0"  />
</gc-op>
<gc-op id="710" type="classunload" timems="0.002" contextid="706" timestamp="2019-06-15T09:17:27.591">
  <classunload-info classloadercandidates="8" classloadersunloaded="0" classesunloaded="0" anonymousclassesunloaded="0" quiescems="0.000" setupms="0.002" scanms="0.000" postms="0.000" />
</gc-op>
<heap-resize id="711" type="expand" space="default" amount="3145728" count="1" timems="0.067" reason="excessive time being spent in gc" timestamp="2019-06-15T09:17:27.592" />
<gc-end id="712" type="partial gc" contextid="706" durationms="3.758" usertimems="0.000" systemtimems="0.000" timestamp="2019-06-15T09:17:27.592" activeThreads="1">
  <mem-info id="713" free="93323264" total="155189248" percent="60">
    <mem type="eden" free="979384" total="1048576" percent="93" />
    <arraylet-primitive objects="2" leaves="2" largest="1" />
    <remembered-set count="36608" freebytes="6048256" totalbytes="6194688" percent="97" regionsoverflowed="0" regionsstable="2" regionsrebuilding="0"/>
  </mem-info>
</gc-end>
<cycle-end id="714" type="partial gc" contextid="706" timestamp="2019-06-15T09:17:27.592" />
  <attribute name="elasticGC enabled" value="1" />
  <attribute name= "numThreadsSpecified" value="1" />
  <attribute name="heapSize specified" value="0" />
  <attribute name="Current GC Util" value="60" />
  <attribute name= "Current Time Running" value="2265" />
  <attribute name ="GC Interval" value="0" />
  <attribute name="ProportionalT" value="20.000000" />
  <attribute name="ProportionalI" value="20.000000" />
  <attribute name="ProportionalH" value="20.000000" />
  <attribute name="Current Error" value="40.000000" />
  <attribute name="IntegralT" value="0.000000" />
  <attribute name="IntegralI" value="0.000000" />
  <attribute name="IntegralH" value="0.000000" />
  <attribute name="DerivativeT" value="inf" />
  <attribute name="DerivativeI" value="inf" />
  <attribute name="DerivativeH" value="inf" />
  <attribute name="Loop Time for DT" value="0.000000" />
  <attribute name="Output H" value="8388608"/>
  <attribute name="Output I" value="200"/>
  <attribute name="Output T" value="1"/>
  <attribute name="Target GC Util Change" value ="20.000000" />
  <attribute name="Current GC Util Change" value="60.000000"/>
  <attribute name="GC Util currently" value="60" />
  <attribute name="CPU Util currently" value="20366489330916" />
<exclusive-end id="715" timestamp="2019-06-15T09:17:27.592" durationms="4.911" />

<exclusive-start id="716" timestamp="2019-06-15T09:17:27.621" intervalms="33.426">
  <response-info timems="0.022" idlems="0.022" threads="0" lastid="0000000000DC5D00" lastname="Thread-10" />
</exclusive-start>
<allocation-taxation id="717" taxation-threshold="45088768" timestamp="2019-06-15T09:17:27.621" intervalms="33.383" />
<cycle-start id="718" type="partial gc" contextid="0" timestamp="2019-06-15T09:17:27.621" intervalms="33.288" />
<gc-start id="719" type="partial gc" contextid="718" timestamp="2019-06-15T09:17:27.621">
  <mem-info id="720" free="48234496" total="155189248" percent="31">
    <mem type="eden" free="0" total="45088768" percent="0" />
    <arraylet-primitive objects="2" leaves="2" largest="1" />
    <remembered-set count="36352" freebytes="6049280" totalbytes="6194688" percent="97" regionsoverflowed="0" regionsstable="2" regionsrebuilding="0"/>
  </mem-info>
</gc-start>
<allocation-stats totalBytes="45083696" >
  <allocated-bytes non-tlh="0" tlh="45083696" arrayletleaf="0"/>
  <largest-consumer threadName="Thread-7" threadId="0000000000DC9900" bytes="12331752" />
</allocation-stats>
<gc-op id="721" type="copy forward" timems="2.925" contextid="718" timestamp="2019-06-15T09:17:27.625">
  <memory-copied type="eden" objects="14289" bytes="619128" bytesdiscarded="0" />
  <memory-copied type="other" objects="6233" bytes="149592" bytesdiscarded="0" />
  <memory-cardclean objects="10315" bytes="522648" />
  <regions eden="43" other="2" />
  <remembered-set-cleared processed="32677" cleared="1054" durationms="0.327" />
  <stringconstants candidates="4597" cleared="0"  />
</gc-op>
<gc-op id="722" type="classunload" timems="0.002" contextid="718" timestamp="2019-06-15T09:17:27.625">
  <classunload-info classloadercandidates="8" classloadersunloaded="0" classesunloaded="0" anonymousclassesunloaded="0" quiescems="0.000" setupms="0.001" scanms="0.000" postms="0.000" />
</gc-op>
<heap-resize id="723" type="expand" space="default" amount="2097152" count="1" timems="0.059" reason="excessive time being spent in gc" timestamp="2019-06-15T09:17:27.625" />
<gc-end id="724" type="partial gc" contextid="718" durationms="4.112" usertimems="0.000" systemtimems="4.000" timestamp="2019-06-15T09:17:27.625" activeThreads="1">
  <mem-info id="725" free="94371840" total="157286400" percent="60">
    <mem type="eden" free="429448" total="1048576" percent="40" />
    <arraylet-primitive objects="2" leaves="2" largest="1" />
    <remembered-set count="37216" freebytes="6129536" totalbytes="6278400" percent="97" regionsoverflowed="0" regionsstable="2" regionsrebuilding="0"/>
  </mem-info>
</gc-end>
<cycle-end id="726" type="partial gc" contextid="718" timestamp="2019-06-15T09:17:27.626" />
  <attribute name="elasticGC enabled" value="1" />
  <attribute name= "numThreadsSpecified" value="1" />
  <attribute name="heapSize specified" value="0" />
  <attribute name="Current GC Util" value="84" />
  <attribute name= "Current Time Running" value="2298" />
  <attribute name ="GC Interval" value="0" />
  <attribute name="ProportionalT" value="32.000000" />
  <attribute name="ProportionalI" value="32.000000" />
  <attribute name="ProportionalH" value="32.000000" />
  <attribute name="Current Error" value="64.000000" />
  <attribute name="IntegralT" value="0.000000" />
  <attribute name="IntegralI" value="0.000000" />
  <attribute name="IntegralH" value="0.000000" />
  <attribute name="DerivativeT" value="inf" />
  <attribute name="DerivativeI" value="inf" />
  <attribute name="DerivativeH" value="inf" />
  <attribute name="Loop Time for DT" value="0.000000" />
  <attribute name="Output H" value="8388608"/>
  <attribute name="Output I" value="200"/>
  <attribute name="Output T" value="1"/>
  <attribute name="Target GC Util Change" value ="20.000000" />
  <attribute name="Current GC Util Change" value="84.000000"/>
  <attribute name="GC Util currently" value="84" />
  <attribute name="CPU Util currently" value="25239915997444" />
<exclusive-end id="727" timestamp="2019-06-15T09:17:27.626" durationms="5.168" />

<exclusive-start id="728" timestamp="2019-06-15T09:17:27.654" intervalms="33.297">
  <response-info timems="0.023" idlems="0.023" threads="0" lastid="0000000000DD1100" lastname="Thread-8" />
</exclusive-start>
<allocation-taxation id="729" taxation-threshold="46137344" timestamp="2019-06-15T09:17:27.654" intervalms="33.312" />
<cycle-start id="730" type="partial gc" contextid="0" timestamp="2019-06-15T09:17:27.654" intervalms="33.323" />
<gc-start id="731" type="partial gc" contextid="730" timestamp="2019-06-15T09:17:27.655">
  <mem-info id="732" free="48234496" total="157286400" percent="30">
    <mem type="eden" free="0" total="46137344" percent="0" />
    <arraylet-primitive objects="2" leaves="2" largest="1" />
    <remembered-set count="36960" freebytes="6130560" totalbytes="6278400" percent="97" regionsoverflowed="0" regionsstable="2" regionsrebuilding="0"/>
  </mem-info>
</gc-start>
<allocation-stats totalBytes="46132088" >
  <allocated-bytes non-tlh="0" tlh="46132088" arrayletleaf="0"/>
  <largest-consumer threadName="Thread-7" threadId="0000000000DC9900" bytes="12384656" />
</allocation-stats>
<gc-op id="733" type="copy forward" timems="3.354" contextid="730" timestamp="2019-06-15T09:17:27.659">
  <memory-copied type="eden" objects="9265" bytes="361128" bytesdiscarded="0" />
  <memory-copied type="other" objects="16507" bytes="670920" bytesdiscarded="0" />
  <memory-cardclean objects="8257" bytes="408912" />
  <regions eden="44" other="2" />
  <remembered-set-cleared processed="33543" cleared="1180" durationms="0.338" />
  <stringconstants candidates="4597" cleared="0"  />
</gc-op>
<gc-op id="734" type="classunload" timems="0.002" contextid="730" timestamp="2019-06-15T09:17:27.659">
  <classunload-info classloadercandidates="8" classloadersunloaded="0" classesunloaded="0" anonymousclassesunloaded="0" quiescems="0.000" setupms="0.002" scanms="0.000" postms="0.000" />
</gc-op>
<heap-resize id="735" type="expand" space="default" amount="3145728" count="1" timems="0.067" reason="excessive time being spent in gc" timestamp="2019-06-15T09:17:27.659" />
<gc-end id="736" type="partial gc" contextid="730" durationms="4.713" usertimems="4.000" systemtimems="0.000" timestamp="2019-06-15T09:17:27.659" activeThreads="1">
  <mem-info id="737" free="96468992" total="160432128" percent="60">
    <mem type="eden" free="687448" total="1048576" percent="65" />
    <arraylet-primitive objects="2" leaves="2" largest="1" />
    <remembered-set count="37984" freebytes="6252032" totalbytes="6403968" percent="97" regionsoverflowed="0" regionsstable="2" regionsrebuilding="0"/>
  </mem-info>
</gc-end>
<cycle-end id="738" type="partial gc" contextid="730" timestamp="2019-06-15T09:17:27.659" />
  <attribute name="elasticGC enabled" value="1" />
  <attribute name= "numThreadsSpecified" value="1" />
  <attribute name="heapSize specified" value="0" />
  <attribute name="Current GC Util" value="84" />
  <attribute name= "Current Time Running" value="2332" />
  <attribute name ="GC Interval" value="0" />
  <attribute name="ProportionalT" value="32.000000" />
  <attribute name="ProportionalI" value="32.000000" />
  <attribute name="ProportionalH" value="32.000000" />
  <attribute name="Current Error" value="64.000000" />
  <attribute name="IntegralT" value="0.000000" />
  <attribute name="IntegralI" value="0.000000" />
  <attribute name="IntegralH" value="0.000000" />
  <attribute name="DerivativeT" value="inf" />
  <attribute name="DerivativeI" value="inf" />
  <attribute name="DerivativeH" value="inf" />
  <attribute name="Loop Time for DT" value="0.000000" />
  <attribute name="Output H" value="8388608"/>
  <attribute name="Output I" value="200"/>
  <attribute name="Output T" value="1"/>
  <attribute name="Target GC Util Change" value ="20.000000" />
  <attribute name="Current GC Util Change" value="84.000000"/>
  <attribute name="GC Util currently" value="84" />
  <attribute name="CPU Util currently" value="18502028105808" />
<exclusive-end id="739" timestamp="2019-06-15T09:17:27.660" durationms="5.528" />

<exclusive-start id="740" timestamp="2019-06-15T09:17:27.690" intervalms="36.182">
  <response-info timems="0.038" idlems="0.038" threads="0" lastid="0000000000DD1100" lastname="Thread-8" />
</exclusive-start>
<allocation-taxation id="741" taxation-threshold="46137344" timestamp="2019-06-15T09:17:27.690" intervalms="36.158" />
<cycle-start id="742" type="partial gc" contextid="0" timestamp="2019-06-15T09:17:27.691" intervalms="36.073" />
<gc-start id="743" type="partial gc" contextid="742" timestamp="2019-06-15T09:17:27.691">
  <mem-info id="744" free="50331648" total="160432128" percent="31">
    <mem type="eden" free="0" total="46137344" percent="0" />
    <arraylet-primitive objects="2" leaves="2" largest="1" />
    <remembered-set count="37824" freebytes="6252672" totalbytes="6403968" percent="97" regionsoverflowed="0" regionsstable="2" regionsrebuilding="0"/>
  </mem-info>
</gc-start>
<allocation-stats totalBytes="46131752" >
  <allocated-bytes non-tlh="0" tlh="46131752" arrayletleaf="0"/>
  <largest-consumer threadName="Thread-9" threadId="0000000000DCD500" bytes="14760360" />
</allocation-stats>
<gc-op id="745" type="copy forward" timems="3.520" contextid="742" timestamp="2019-06-15T09:17:27.695">
  <memory-copied type="eden" objects="5901" bytes="143176" bytesdiscarded="0" />
  <memory-copied type="other" objects="22982" bytes="963696" bytesdiscarded="0" />
  <memory-cardclean objects="5711" bytes="287256" />
  <regions eden="44" other="2" />
  <remembered-set-cleared processed="34331" cleared="1115" durationms="0.373" />
  <stringconstants candidates="4597" cleared="0"  />
</gc-op>
<gc-op id="746" type="classunload" timems="0.002" contextid="742" timestamp="2019-06-15T09:17:27.695">
  <classunload-info classloadercandidates="8" classloadersunloaded="0" classesunloaded="0" anonymousclassesunloaded="0" quiescems="0.000" setupms="0.002" scanms="0.000" postms="0.000" />
</gc-op>
<heap-resize id="747" type="expand" space="default" amount="2097152" count="1" timems="0.062" reason="excessive time being spent in gc" timestamp="2019-06-15T09:17:27.695" />
<gc-end id="748" type="partial gc" contextid="742" durationms="4.795" usertimems="4.000" systemtimems="0.000" timestamp="2019-06-15T09:17:27.695" activeThreads="1">
  <mem-info id="749" free="97517568" total="162529280" percent="60">
    <mem type="eden" free="905400" total="1048576" percent="86" />
    <arraylet-primitive objects="2" leaves="2" largest="1" />
    <remembered-set count="39392" freebytes="6330112" totalbytes="6487680" percent="97" regionsoverflowed="0" regionsstable="2" regionsrebuilding="0"/>
  </mem-info>
</gc-end>
<cycle-end id="750" type="partial gc" contextid="742" timestamp="2019-06-15T09:17:27.696" />
  <attribute name="elasticGC enabled" value="1" />
  <attribute name= "numThreadsSpecified" value="1" />
  <attribute name="heapSize specified" value="0" />
  <attribute name="Current GC Util" value="78" />
  <attribute name= "Current Time Running" value="2368" />
  <attribute name ="GC Interval" value="0" />
  <attribute name="ProportionalT" value="29.000000" />
  <attribute name="ProportionalI" value="29.000000" />
  <attribute name="ProportionalH" value="29.000000" />
  <attribute name="Current Error" value="58.000000" />
  <attribute name="IntegralT" value="0.000000" />
  <attribute name="IntegralI" value="0.000000" />
  <attribute name="IntegralH" value="0.000000" />
  <attribute name="DerivativeT" value="inf" />
  <attribute name="DerivativeI" value="inf" />
  <attribute name="DerivativeH" value="inf" />
  <attribute name="Loop Time for DT" value="0.000000" />
  <attribute name="Output H" value="8388608"/>
  <attribute name="Output I" value="200"/>
  <attribute name="Output T" value="1"/>
  <attribute name="Target GC Util Change" value ="20.000000" />
  <attribute name="Current GC Util Change" value="78.000000"/>
  <attribute name="GC Util currently" value="78" />
  <attribute name="CPU Util currently" value="20992744042913" />
<exclusive-end id="751" timestamp="2019-06-15T09:17:27.696" durationms="5.521" />

<exclusive-start id="752" timestamp="2019-06-15T09:17:27.728" intervalms="38.167">
  <response-info timems="0.028" idlems="0.028" threads="0" lastid="0000000000DD1100" lastname="Thread-8" />
</exclusive-start>
<allocation-taxation id="753" taxation-threshold="47185920" timestamp="2019-06-15T09:17:27.729" intervalms="38.203" />
<cycle-start id="754" type="partial gc" contextid="0" timestamp="2019-06-15T09:17:27.729" intervalms="38.200" />
<gc-start id="755" type="partial gc" contextid="754" timestamp="2019-06-15T09:17:27.729">
  <mem-info id="756" free="50331648" total="162529280" percent="30">
    <mem type="eden" free="0" total="47185920" percent="0" />
    <arraylet-primitive objects="2" leaves="2" largest="1" />
    <remembered-set count="39104" freebytes="6331264" totalbytes="6487680" percent="97" regionsoverflowed="0" regionsstable="2" regionsrebuilding="0"/>
  </mem-info>
</gc-start>
<allocation-stats totalBytes="47180272" >
  <allocated-bytes non-tlh="0" tlh="47180272" arrayletleaf="0"/>
  <largest-consumer threadName="Thread-9" threadId="0000000000DCD500" bytes="13392288" />
</allocation-stats>
<gc-op id="757" type="copy forward" timems="3.151" contextid="754" timestamp="2019-06-15T09:17:27.733">
  <memory-copied type="eden" objects="3784" bytes="92632" bytesdiscarded="0" />
  <memory-copied type="other" objects="14592" bytes="487584" bytesdiscarded="0" />
  <memory-cardclean objects="13131" bytes="673320" />
  <regions eden="45" other="2" />
  <remembered-set-cleared processed="35135" cleared="1195" durationms="0.366" />
  <stringconstants candidates="4597" cleared="0"  />
</gc-op>
<gc-op id="758" type="classunload" timems="0.003" contextid="754" timestamp="2019-06-15T09:17:27.733">
  <classunload-info classloadercandidates="8" classloadersunloaded="0" classesunloaded="0" anonymousclassesunloaded="0" quiescems="0.000" setupms="0.003" scanms="0.000" postms="0.000" />
</gc-op>
<heap-resize id="759" type="expand" space="default" amount="3145728" count="1" timems="0.067" reason="excessive time being spent in gc" timestamp="2019-06-15T09:17:27.733" />
<gc-end id="760" type="partial gc" contextid="754" durationms="4.373" usertimems="4.000" systemtimems="0.000" timestamp="2019-06-15T09:17:27.733" activeThreads="1">
  <mem-info id="761" free="99614720" total="165675008" percent="60">
    <mem type="eden" free="955944" total="1048576" percent="91" />
    <arraylet-primitive objects="2" leaves="2" largest="1" />
    <remembered-set count="40704" freebytes="6450432" totalbytes="6613248" percent="97" regionsoverflowed="0" regionsstable="2" regionsrebuilding="0"/>
  </mem-info>
</gc-end>
<cycle-end id="762" type="partial gc" contextid="754" timestamp="2019-06-15T09:17:27.733" />
  <attribute name="elasticGC enabled" value="1" />
  <attribute name= "numThreadsSpecified" value="1" />
  <attribute name="heapSize specified" value="0" />
  <attribute name="Current GC Util" value="94" />
  <attribute name= "Current Time Running" value="2406" />
  <attribute name ="GC Interval" value="0" />
  <attribute name="ProportionalT" value="37.000000" />
  <attribute name="ProportionalI" value="37.000000" />
  <attribute name="ProportionalH" value="37.000000" />
  <attribute name="Current Error" value="74.000000" />
  <attribute name="IntegralT" value="0.000000" />
  <attribute name="IntegralI" value="0.000000" />
  <attribute name="IntegralH" value="0.000000" />
  <attribute name="DerivativeT" value="inf" />
  <attribute name="DerivativeI" value="inf" />
  <attribute name="DerivativeH" value="inf" />
  <attribute name="Loop Time for DT" value="0.000000" />
  <attribute name="Output H" value="8388608"/>
  <attribute name="Output I" value="200"/>
  <attribute name="Output T" value="1"/>
  <attribute name="Target GC Util Change" value ="20.000000" />
  <attribute name="Current GC Util Change" value="94.000000"/>
  <attribute name="GC Util currently" value="94" />
  <attribute name="CPU Util currently" value="22467752834144" />
<exclusive-end id="763" timestamp="2019-06-15T09:17:27.734" durationms="5.182" />

<exclusive-start id="764" timestamp="2019-06-15T09:17:27.766" intervalms="37.989">
  <response-info timems="0.034" idlems="0.034" threads="0" lastid="0000000000DCD500" lastname="Thread-9" />
</exclusive-start>
<allocation-taxation id="765" taxation-threshold="47185920" timestamp="2019-06-15T09:17:27.767" intervalms="37.931" />
<cycle-start id="766" type="partial gc" contextid="0" timestamp="2019-06-15T09:17:27.767" intervalms="38.051" />
<gc-start id="767" type="partial gc" contextid="766" timestamp="2019-06-15T09:17:27.767">
  <mem-info id="768" free="52428800" total="165675008" percent="31">
    <mem type="eden" free="0" total="47185920" percent="0" />
    <arraylet-primitive objects="2" leaves="2" largest="1" />
    <remembered-set count="40544" freebytes="6451072" totalbytes="6613248" percent="97" regionsoverflowed="0" regionsstable="2" regionsrebuilding="0"/>
  </mem-info>
</gc-start>
<allocation-stats totalBytes="47179632" >
  <allocated-bytes non-tlh="0" tlh="47179632" arrayletleaf="0"/>
  <largest-consumer threadName="Thread-7" threadId="0000000000DC9900" bytes="15575176" />
</allocation-stats>
<gc-op id="769" type="copy forward" timems="3.785" contextid="766" timestamp="2019-06-15T09:17:27.772">
  <memory-copied type="eden" objects="18609" bytes="722592" bytesdiscarded="0" />
  <memory-copied type="other" objects="9079" bytes="217896" bytesdiscarded="0" />
  <memory-cardclean objects="14009" bytes="699840" />
  <regions eden="45" other="2" />
  <remembered-set-cleared processed="35957" cleared="1348" durationms="0.394" />
  <stringconstants candidates="4597" cleared="0"  />
</gc-op>
<gc-op id="770" type="classunload" timems="0.003" contextid="766" timestamp="2019-06-15T09:17:27.772">
  <classunload-info classloadercandidates="8" classloadersunloaded="0" classesunloaded="0" anonymousclassesunloaded="0" quiescems="0.000" setupms="0.003" scanms="0.000" postms="0.000" />
</gc-op>
<heap-resize id="771" type="expand" space="default" amount="2097152" count="1" timems="0.072" reason="excessive time being spent in gc" timestamp="2019-06-15T09:17:27.772" />
<gc-end id="772" type="partial gc" contextid="766" durationms="5.242" usertimems="0.000" systemtimems="4.000" timestamp="2019-06-15T09:17:27.772" activeThreads="1">
  <mem-info id="773" free="100663296" total="167772160" percent="60">
    <mem type="eden" free="325984" total="1048576" percent="31" />
    <arraylet-primitive objects="2" leaves="2" largest="1" />
    <remembered-set count="41888" freebytes="6529408" totalbytes="6696960" percent="97" regionsoverflowed="0" regionsstable="2" regionsrebuilding="0"/>
  </mem-info>
</gc-end>
<cycle-end id="774" type="partial gc" contextid="766" timestamp="2019-06-15T09:17:27.773" />
  <attribute name="elasticGC enabled" value="1" />
  <attribute name= "numThreadsSpecified" value="1" />
  <attribute name="heapSize specified" value="0" />
  <attribute name="Current GC Util" value="75" />
  <attribute name= "Current Time Running" value="2444" />
  <attribute name ="GC Interval" value="0" />
  <attribute name="ProportionalT" value="27.500000" />
  <attribute name="ProportionalI" value="27.500000" />
  <attribute name="ProportionalH" value="27.500000" />
  <attribute name="Current Error" value="55.000000" />
  <attribute name="IntegralT" value="0.000000" />
  <attribute name="IntegralI" value="0.000000" />
  <attribute name="IntegralH" value="0.000000" />
  <attribute name="DerivativeT" value="inf" />
  <attribute name="DerivativeI" value="inf" />
  <attribute name="DerivativeH" value="inf" />
  <attribute name="Loop Time for DT" value="0.000000" />
  <attribute name="Output H" value="8388608"/>
  <attribute name="Output I" value="200"/>
  <attribute name="Output T" value="1"/>
  <attribute name="Target GC Util Change" value ="20.000000" />
  <attribute name="Current GC Util Change" value="75.000000"/>
  <attribute name="GC Util currently" value="75" />
  <attribute name="CPU Util currently" value="17037094819154" />
<exclusive-end id="775" timestamp="2019-06-15T09:17:27.773" durationms="6.358" />

<exclusive-start id="776" timestamp="2019-06-15T09:17:27.812" intervalms="45.209">
  <response-info timems="1.508" idlems="0.757" threads="1" lastid="0000000000DC5D00" lastname="Thread-10" />
</exclusive-start>
<allocation-taxation id="777" taxation-threshold="48234496" timestamp="2019-06-15T09:17:27.812" intervalms="45.286" />
<cycle-start id="778" type="partial gc" contextid="0" timestamp="2019-06-15T09:17:27.812" intervalms="45.224" />
<gc-start id="779" type="partial gc" contextid="778" timestamp="2019-06-15T09:17:27.812">
  <mem-info id="780" free="52428800" total="167772160" percent="31">
    <mem type="eden" free="0" total="48234496" percent="0" />
    <arraylet-primitive objects="2" leaves="2" largest="1" />
    <remembered-set count="41408" freebytes="6531328" totalbytes="6696960" percent="97" regionsoverflowed="0" regionsstable="2" regionsrebuilding="0"/>
  </mem-info>
</gc-start>
<allocation-stats totalBytes="48228456" >
  <allocated-bytes non-tlh="0" tlh="48228456" arrayletleaf="0"/>
  <largest-consumer threadName="Thread-7" threadId="0000000000DC9900" bytes="19441208" />
</allocation-stats>
<gc-op id="781" type="copy forward" timems="1.984" contextid="778" timestamp="2019-06-15T09:17:27.815">
  <memory-copied type="eden" objects="15528" bytes="648704" bytesdiscarded="84664" />
  <memory-copied type="other" objects="13373" bytes="458328" bytesdiscarded="77472" />
  <memory-cardclean objects="10453" bytes="514392" />
  <regions eden="46" other="2" />
  <remembered-set-cleared processed="37142" cleared="1425" durationms="0.175" />
  <stringconstants candidates="4597" cleared="0"  />
</gc-op>
<gc-op id="782" type="classunload" timems="0.003" contextid="778" timestamp="2019-06-15T09:17:27.815">
  <classunload-info classloadercandidates="8" classloadersunloaded="0" classesunloaded="0" anonymousclassesunloaded="0" quiescems="0.000" setupms="0.002" scanms="0.000" postms="0.000" />
</gc-op>
<heap-resize id="783" type="expand" space="default" amount="3145728" count="1" timems="0.079" reason="excessive time being spent in gc" timestamp="2019-06-15T09:17:27.815" />
<gc-end id="784" type="partial gc" contextid="778" durationms="3.104" usertimems="8.000" systemtimems="0.000" timestamp="2019-06-15T09:17:27.815" activeThreads="4">
  <mem-info id="785" free="102760448" total="170917888" percent="60">
    <mem type="eden" free="315208" total="1048576" percent="30" />
    <arraylet-primitive objects="2" leaves="2" largest="1" />
    <remembered-set count="41632" freebytes="6656000" totalbytes="6822528" percent="97" regionsoverflowed="0" regionsstable="2" regionsrebuilding="0"/>
  </mem-info>
</gc-end>
<cycle-end id="786" type="partial gc" contextid="778" timestamp="2019-06-15T09:17:27.816" />
  <attribute name="elasticGC enabled" value="1" />
  <attribute name= "numThreadsSpecified" value="4" />
  <attribute name="heapSize specified" value="0" />
  <attribute name="Current GC Util" value="73" />
  <attribute name= "Current Time Running" value="2490" />
  <attribute name ="GC Interval" value="0" />
  <attribute name="ProportionalT" value="26.500000" />
  <attribute name="ProportionalI" value="26.500000" />
  <attribute name="ProportionalH" value="26.500000" />
  <attribute name="Current Error" value="53.000000" />
  <attribute name="IntegralT" value="53.000000" />
  <attribute name="IntegralI" value="53.000000" />
  <attribute name="IntegralH" value="53.000000" />
  <attribute name="DerivativeT" value="79.500000" />
  <attribute name="DerivativeI" value="79.500000" />
  <attribute name="DerivativeH" value="79.500000" />
  <attribute name="Loop Time for DT" value="1.000000" />
  <attribute name="Output H" value="8388608"/>
  <attribute name="Output I" value="200"/>
  <attribute name="Output T" value="4"/>
  <attribute name="Target GC Util Change" value ="20.000000" />
  <attribute name="Current GC Util Change" value="73.000000"/>
  <attribute name="GC Util currently" value="73" />
  <attribute name="CPU Util currently" value="18218574615495" />
<exclusive-end id="787" timestamp="2019-06-15T09:17:27.816" durationms="4.074" />

<exclusive-start id="788" timestamp="2019-06-15T09:17:27.863" intervalms="51.106">
  <response-info timems="0.036" idlems="0.036" threads="0" lastid="0000000000DC5D00" lastname="Thread-10" />
</exclusive-start>
<allocation-taxation id="789" taxation-threshold="49283072" timestamp="2019-06-15T09:17:27.863" intervalms="51.080" />
<cycle-start id="790" type="partial gc" contextid="0" timestamp="2019-06-15T09:17:27.863" intervalms="51.158" />
<gc-start id="791" type="partial gc" contextid="790" timestamp="2019-06-15T09:17:27.864">
  <mem-info id="792" free="53477376" total="170917888" percent="31">
    <mem type="eden" free="0" total="49283072" percent="0" />
    <arraylet-primitive objects="2" leaves="2" largest="1" />
    <remembered-set count="41504" freebytes="6656512" totalbytes="6822528" percent="97" regionsoverflowed="0" regionsstable="2" regionsrebuilding="0"/>
  </mem-info>
</gc-start>
<allocation-stats totalBytes="49277280" >
  <allocated-bytes non-tlh="0" tlh="49277280" arrayletleaf="0"/>
  <largest-consumer threadName="Thread-7" threadId="0000000000DC9900" bytes="19253120" />
</allocation-stats>
<gc-op id="793" type="copy forward" timems="4.813" contextid="790" timestamp="2019-06-15T09:17:27.869">
  <memory-copied type="eden" objects="9882" bytes="376024" bytesdiscarded="0" />
  <memory-copied type="other" objects="28632" bytes="1099296" bytesdiscarded="0" />
  <memory-cardclean objects="11252" bytes="557016" />
  <regions eden="47" other="3" />
  <remembered-set-cleared processed="37348" cleared="1738" durationms="0.412" />
  <stringconstants candidates="4597" cleared="0"  />
</gc-op>
<gc-op id="794" type="classunload" timems="0.003" contextid="790" timestamp="2019-06-15T09:17:27.869">
  <classunload-info classloadercandidates="8" classloadersunloaded="0" classesunloaded="0" anonymousclassesunloaded="0" quiescems="0.000" setupms="0.003" scanms="0.000" postms="0.000" />
</gc-op>
<gc-end id="795" type="partial gc" contextid="790" durationms="6.068" usertimems="0.000" systemtimems="4.000" timestamp="2019-06-15T09:17:27.870" activeThreads="1">
  <mem-info id="796" free="101711872" total="170917888" percent="59">
    <mem type="eden" free="672552" total="1048576" percent="64" />
    <arraylet-primitive objects="2" leaves="2" largest="1" />
    <remembered-set count="42432" freebytes="6652800" totalbytes="6822528" percent="97" regionsoverflowed="0" regionsstable="2" regionsrebuilding="0"/>
  </mem-info>
</gc-end>
<cycle-end id="797" type="partial gc" contextid="790" timestamp="2019-06-15T09:17:27.870" />
  <attribute name="elasticGC enabled" value="1" />
  <attribute name= "numThreadsSpecified" value="1" />
  <attribute name="heapSize specified" value="0" />
  <attribute name="Current GC Util" value="62" />
  <attribute name= "Current Time Running" value="2541" />
  <attribute name ="GC Interval" value="0" />
  <attribute name="ProportionalT" value="21.000000" />
  <attribute name="ProportionalI" value="21.000000" />
  <attribute name="ProportionalH" value="21.000000" />
  <attribute name="Current Error" value="42.000000" />
  <attribute name="IntegralT" value="0.000000" />
  <attribute name="IntegralI" value="0.000000" />
  <attribute name="IntegralH" value="0.000000" />
  <attribute name="DerivativeT" value="inf" />
  <attribute name="DerivativeI" value="inf" />
  <attribute name="DerivativeH" value="inf" />
  <attribute name="Loop Time for DT" value="0.000000" />
  <attribute name="Output H" value="8388608"/>
  <attribute name="Output I" value="200"/>
  <attribute name="Output T" value="1"/>
  <attribute name="Target GC Util Change" value ="20.000000" />
  <attribute name="Current GC Util Change" value="62.000000"/>
  <attribute name="GC Util currently" value="62" />
  <attribute name="CPU Util currently" value="17244395791163" />
<exclusive-end id="798" timestamp="2019-06-15T09:17:27.870" durationms="7.248" />

<exclusive-start id="799" timestamp="2019-06-15T09:17:27.917" intervalms="54.292">
  <response-info timems="0.034" idlems="0.034" threads="0" lastid="0000000000DC5D00" lastname="Thread-10" />
</exclusive-start>
<allocation-taxation id="800" taxation-threshold="49283072" timestamp="2019-06-15T09:17:27.917" intervalms="54.283" />
<cycle-start id="801" type="partial gc" contextid="0" timestamp="2019-06-15T09:17:27.917" intervalms="54.189" />
<gc-start id="802" type="partial gc" contextid="801" timestamp="2019-06-15T09:17:27.918">
  <mem-info id="803" free="52428800" total="170917888" percent="30">
    <mem type="eden" free="0" total="49283072" percent="0" />
    <arraylet-primitive objects="2" leaves="2" largest="1" />
    <remembered-set count="42112" freebytes="6654080" totalbytes="6822528" percent="97" regionsoverflowed="0" regionsstable="2" regionsrebuilding="0"/>
  </mem-info>
</gc-start>
<allocation-stats totalBytes="49277296" >
  <allocated-bytes non-tlh="0" tlh="49277296" arrayletleaf="0"/>
  <largest-consumer threadName="Thread-10" threadId="0000000000DC5D00" bytes="16730192" />
</allocation-stats>
<gc-op id="804" type="copy forward" timems="3.906" contextid="801" timestamp="2019-06-15T09:17:27.922">
  <memory-copied type="eden" objects="6892" bytes="166736" bytesdiscarded="0" />
  <memory-copied type="other" objects="24866" bytes="1008912" bytesdiscarded="0" />
  <memory-cardclean objects="7627" bytes="394176" />
  <regions eden="47" other="2" />
  <remembered-set-cleared processed="38715" cleared="1163" durationms="0.429" />
  <stringconstants candidates="4597" cleared="0"  />
</gc-op>
<gc-op id="805" type="classunload" timems="0.002" contextid="801" timestamp="2019-06-15T09:17:27.922">
  <classunload-info classloadercandidates="8" classloadersunloaded="0" classesunloaded="0" anonymousclassesunloaded="0" quiescems="0.000" setupms="0.002" scanms="0.000" postms="0.000" />
</gc-op>
<gc-end id="806" type="partial gc" contextid="801" durationms="4.996" usertimems="8.000" systemtimems="0.000" timestamp="2019-06-15T09:17:27.923" activeThreads="1">
  <mem-info id="807" free="100663296" total="170917888" percent="58">
    <mem type="eden" free="881840" total="1048576" percent="84" />
    <arraylet-primitive objects="2" leaves="2" largest="1" />
    <remembered-set count="44384" freebytes="6644992" totalbytes="6822528" percent="97" regionsoverflowed="0" regionsstable="2" regionsrebuilding="0"/>
  </mem-info>
</gc-end>
<cycle-end id="808" type="partial gc" contextid="801" timestamp="2019-06-15T09:17:27.923" />
  <attribute name="elasticGC enabled" value="1" />
  <attribute name= "numThreadsSpecified" value="1" />
  <attribute name="heapSize specified" value="0" />
  <attribute name="Current GC Util" value="74" />
  <attribute name= "Current Time Running" value="2595" />
  <attribute name ="GC Interval" value="0" />
  <attribute name="ProportionalT" value="27.000000" />
  <attribute name="ProportionalI" value="27.000000" />
  <attribute name="ProportionalH" value="27.000000" />
  <attribute name="Current Error" value="54.000000" />
  <attribute name="IntegralT" value="0.000000" />
  <attribute name="IntegralI" value="0.000000" />
  <attribute name="IntegralH" value="0.000000" />
  <attribute name="DerivativeT" value="inf" />
  <attribute name="DerivativeI" value="inf" />
  <attribute name="DerivativeH" value="inf" />
  <attribute name="Loop Time for DT" value="0.000000" />
  <attribute name="Output H" value="8388608"/>
  <attribute name="Output I" value="200"/>
  <attribute name="Output T" value="1"/>
  <attribute name="Target GC Util Change" value ="20.000000" />
  <attribute name="Current GC Util Change" value="74.000000"/>
  <attribute name="GC Util currently" value="74" />
  <attribute name="CPU Util currently" value="18338327848457" />
<exclusive-end id="809" timestamp="2019-06-15T09:17:27.923" durationms="5.983" />

<exclusive-start id="810" timestamp="2019-06-15T09:17:27.961" intervalms="43.937">
  <response-info timems="0.033" idlems="0.033" threads="0" lastid="0000000000DCD500" lastname="Thread-9" />
</exclusive-start>
<allocation-taxation id="811" taxation-threshold="49283072" timestamp="2019-06-15T09:17:27.961" intervalms="43.951" />
<cycle-start id="812" type="partial gc" contextid="0" timestamp="2019-06-15T09:17:27.961" intervalms="43.974" />
<gc-start id="813" type="partial gc" contextid="812" timestamp="2019-06-15T09:17:27.962">
  <mem-info id="814" free="51380224" total="170917888" percent="30">
    <mem type="eden" free="0" total="49283072" percent="0" />
    <arraylet-primitive objects="2" leaves="2" largest="1" />
    <remembered-set count="43936" freebytes="6646784" totalbytes="6822528" percent="97" regionsoverflowed="0" regionsstable="2" regionsrebuilding="0"/>
  </mem-info>
</gc-start>
<allocation-stats totalBytes="49276872" >
  <allocated-bytes non-tlh="0" tlh="49276872" arrayletleaf="0"/>
  <largest-consumer threadName="Thread-9" threadId="0000000000DCD500" bytes="19895992" />
</allocation-stats>
<gc-op id="815" type="copy forward" timems="3.338" contextid="812" timestamp="2019-06-15T09:17:27.966">
  <memory-copied type="eden" objects="14449" bytes="622584" bytesdiscarded="0" />
  <memory-copied type="other" objects="7124" bytes="170976" bytesdiscarded="0" />
  <memory-cardclean objects="11412" bytes="593928" />
  <regions eden="47" other="2" />
  <remembered-set-cleared processed="39574" cleared="1165" durationms="0.430" />
  <stringconstants candidates="4597" cleared="0"  />
</gc-op>
<gc-op id="816" type="classunload" timems="0.003" contextid="812" timestamp="2019-06-15T09:17:27.966">
  <classunload-info classloadercandidates="8" classloadersunloaded="0" classesunloaded="0" anonymousclassesunloaded="0" quiescems="0.000" setupms="0.003" scanms="0.000" postms="0.000" />
</gc-op>
<gc-end id="817" type="partial gc" contextid="812" durationms="4.305" usertimems="8.000" systemtimems="0.000" timestamp="2019-06-15T09:17:27.966" activeThreads="1">
  <mem-info id="818" free="99614720" total="170917888" percent="58">
    <mem type="eden" free="425992" total="1048576" percent="40" />
    <arraylet-primitive objects="2" leaves="2" largest="1" />
    <remembered-set count="44256" freebytes="6645504" totalbytes="6822528" percent="97" regionsoverflowed="0" regionsstable="2" regionsrebuilding="0"/>
  </mem-info>
</gc-end>
<cycle-end id="819" type="partial gc" contextid="812" timestamp="2019-06-15T09:17:27.966" />
  <attribute name="elasticGC enabled" value="1" />
  <attribute name= "numThreadsSpecified" value="1" />
  <attribute name="heapSize specified" value="0" />
  <attribute name="Current GC Util" value="77" />
  <attribute name= "Current Time Running" value="2639" />
  <attribute name ="GC Interval" value="0" />
  <attribute name="ProportionalT" value="28.500000" />
  <attribute name="ProportionalI" value="28.500000" />
  <attribute name="ProportionalH" value="28.500000" />
  <attribute name="Current Error" value="57.000000" />
  <attribute name="IntegralT" value="0.000000" />
  <attribute name="IntegralI" value="0.000000" />
  <attribute name="IntegralH" value="0.000000" />
  <attribute name="DerivativeT" value="inf" />
  <attribute name="DerivativeI" value="inf" />
  <attribute name="DerivativeH" value="inf" />
  <attribute name="Loop Time for DT" value="0.000000" />
  <attribute name="Output H" value="8388608"/>
  <attribute name="Output I" value="200"/>
  <attribute name="Output T" value="1"/>
  <attribute name="Target GC Util Change" value ="20.000000" />
  <attribute name="Current GC Util Change" value="77.000000"/>
  <attribute name="GC Util currently" value="77" />
  <attribute name="CPU Util currently" value="21024518165402" />
<exclusive-end id="820" timestamp="2019-06-15T09:17:27.966" durationms="5.203" />

<exclusive-start id="821" timestamp="2019-06-15T09:17:27.997" intervalms="35.925">
  <response-info timems="0.026" idlems="0.026" threads="0" lastid="0000000000DCD500" lastname="Thread-9" />
</exclusive-start>
<allocation-taxation id="822" taxation-threshold="49283072" timestamp="2019-06-15T09:17:27.997" intervalms="35.957" />
<cycle-start id="823" type="partial gc" contextid="0" timestamp="2019-06-15T09:17:27.997" intervalms="35.997" />
<gc-start id="824" type="partial gc" contextid="823" timestamp="2019-06-15T09:17:27.998">
  <mem-info id="825" free="50331648" total="170917888" percent="29">
    <mem type="eden" free="0" total="49283072" percent="0" />
    <arraylet-primitive objects="2" leaves="2" largest="1" />
    <remembered-set count="44032" freebytes="6646400" totalbytes="6822528" percent="97" regionsoverflowed="0" regionsstable="2" regionsrebuilding="0"/>
  </mem-info>
</gc-start>
<allocation-stats totalBytes="49277232" >
  <allocated-bytes non-tlh="0" tlh="49277232" arrayletleaf="0"/>
  <largest-consumer threadName="Thread-9" threadId="0000000000DCD500" bytes="14715160" />
</allocation-stats>
<gc-op id="826" type="copy forward" timems="3.464" contextid="823" timestamp="2019-06-15T09:17:28.002">
  <memory-copied type="eden" objects="14486" bytes="623824" bytesdiscarded="0" />
  <memory-copied type="other" objects="11623" bytes="416328" bytesdiscarded="0" />
  <memory-cardclean objects="8554" bytes="419184" />
  <regions eden="47" other="2" />
  <remembered-set-cleared processed="40299" cleared="985" durationms="0.431" />
  <stringconstants candidates="4597" cleared="0"  />
</gc-op>
<gc-op id="827" type="classunload" timems="0.002" contextid="823" timestamp="2019-06-15T09:17:28.002">
  <classunload-info classloadercandidates="8" classloadersunloaded="0" classesunloaded="0" anonymousclassesunloaded="0" quiescems="0.000" setupms="0.002" scanms="0.000" postms="0.000" />
</gc-op>
<heap-resize id="828" type="expand" space="default" amount="10485760" count="1" timems="0.121" reason="excessive time being spent in gc" timestamp="2019-06-15T09:17:28.002" />
<gc-end id="829" type="partial gc" contextid="823" durationms="4.907" usertimems="4.000" systemtimems="0.000" timestamp="2019-06-15T09:17:28.003" activeThreads="1">
  <mem-info id="830" free="109051904" total="181403648" percent="60">
    <mem type="eden" free="424752" total="1048576" percent="40" />
    <arraylet-primitive objects="2" leaves="2" largest="1" />
    <remembered-set count="45632" freebytes="7058560" totalbytes="7241088" percent="97" regionsoverflowed="0" regionsstable="2" regionsrebuilding="0"/>
  </mem-info>
</gc-end>
<cycle-end id="831" type="partial gc" contextid="823" timestamp="2019-06-15T09:17:28.003" />
  <attribute name="elasticGC enabled" value="1" />
  <attribute name= "numThreadsSpecified" value="1" />
  <attribute name="heapSize specified" value="0" />
  <attribute name="Current GC Util" value="73" />
  <attribute name= "Current Time Running" value="2675" />
  <attribute name ="GC Interval" value="0" />
  <attribute name="ProportionalT" value="26.500000" />
  <attribute name="ProportionalI" value="26.500000" />
  <attribute name="ProportionalH" value="26.500000" />
  <attribute name="Current Error" value="53.000000" />
  <attribute name="IntegralT" value="0.000000" />
  <attribute name="IntegralI" value="0.000000" />
  <attribute name="IntegralH" value="0.000000" />
  <attribute name="DerivativeT" value="inf" />
  <attribute name="DerivativeI" value="inf" />
  <attribute name="DerivativeH" value="inf" />
  <attribute name="Loop Time for DT" value="0.000000" />
  <attribute name="Output H" value="8388608"/>
  <attribute name="Output I" value="200"/>
  <attribute name="Output T" value="1"/>
  <attribute name="Target GC Util Change" value ="20.000000" />
  <attribute name="Current GC Util Change" value="73.000000"/>
  <attribute name="GC Util currently" value="73" />
  <attribute name="CPU Util currently" value="20075510347219" />
<exclusive-end id="832" timestamp="2019-06-15T09:17:28.003" durationms="5.989" />

<exclusive-start id="833" timestamp="2019-06-15T09:17:28.029" intervalms="31.767">
  <response-info timems="0.025" idlems="0.025" threads="0" lastid="0000000000DC9900" lastname="Thread-7" />
</exclusive-start>
<allocation-taxation id="834" taxation-threshold="51380224" timestamp="2019-06-15T09:17:28.029" intervalms="31.699" />
<cycle-start id="835" type="partial gc" contextid="0" timestamp="2019-06-15T09:17:28.029" intervalms="31.650" />
<gc-start id="836" type="partial gc" contextid="835" timestamp="2019-06-15T09:17:28.029">
  <mem-info id="837" free="57671680" total="181403648" percent="31">
    <mem type="eden" free="0" total="51380224" percent="0" />
    <arraylet-primitive objects="2" leaves="2" largest="1" />
    <remembered-set count="45248" freebytes="7060096" totalbytes="7241088" percent="97" regionsoverflowed="0" regionsstable="2" regionsrebuilding="0"/>
  </mem-info>
</gc-start>
<allocation-stats totalBytes="51374408" >
  <allocated-bytes non-tlh="0" tlh="51374408" arrayletleaf="0"/>
  <largest-consumer threadName="Thread-7" threadId="0000000000DC9900" bytes="16713808" />
</allocation-stats>
<gc-op id="838" type="copy forward" timems="3.386" contextid="835" timestamp="2019-06-15T09:17:28.033">
  <memory-copied type="eden" objects="7502" bytes="318592" bytesdiscarded="0" />
  <memory-copied type="other" objects="17901" bytes="704376" bytesdiscarded="0" />
  <memory-cardclean objects="6291" bytes="311040" />
  <regions eden="49" other="2" />
  <remembered-set-cleared processed="41010" cleared="1030" durationms="0.389" />
  <stringconstants candidates="4597" cleared="0"  />
</gc-op>
<gc-op id="839" type="classunload" timems="0.002" contextid="835" timestamp="2019-06-15T09:17:28.033">
  <classunload-info classloadercandidates="8" classloadersunloaded="0" classesunloaded="0" anonymousclassesunloaded="0" quiescems="0.000" setupms="0.002" scanms="0.000" postms="0.000" />
</gc-op>
<heap-resize id="840" type="expand" space="default" amount="2097152" count="1" timems="0.060" reason="excessive time being spent in gc" timestamp="2019-06-15T09:17:28.034" />
<gc-end id="841" type="partial gc" contextid="835" durationms="4.620" usertimems="4.000" systemtimems="0.000" timestamp="2019-06-15T09:17:28.034" activeThreads="1">
  <mem-info id="842" free="110100480" total="183500800" percent="60">
    <mem type="eden" free="729984" total="1048576" percent="69" />
    <arraylet-primitive objects="2" leaves="2" largest="1" />
    <remembered-set count="46304" freebytes="7139584" totalbytes="7324800" percent="97" regionsoverflowed="0" regionsstable="2" regionsrebuilding="0"/>
  </mem-info>
</gc-end>
<cycle-end id="843" type="partial gc" contextid="835" timestamp="2019-06-15T09:17:28.034" />
  <attribute name="elasticGC enabled" value="1" />
  <attribute name= "numThreadsSpecified" value="1" />
  <attribute name="heapSize specified" value="0" />
  <attribute name="Current GC Util" value="69" />
  <attribute name= "Current Time Running" value="2706" />
  <attribute name ="GC Interval" value="0" />
  <attribute name="ProportionalT" value="24.500000" />
  <attribute name="ProportionalI" value="24.500000" />
  <attribute name="ProportionalH" value="24.500000" />
  <attribute name="Current Error" value="49.000000" />
  <attribute name="IntegralT" value="0.000000" />
  <attribute name="IntegralI" value="0.000000" />
  <attribute name="IntegralH" value="0.000000" />
  <attribute name="DerivativeT" value="inf" />
  <attribute name="DerivativeI" value="inf" />
  <attribute name="DerivativeH" value="inf" />
  <attribute name="Loop Time for DT" value="0.000000" />
  <attribute name="Output H" value="8388608"/>
  <attribute name="Output I" value="200"/>
  <attribute name="Output T" value="1"/>
  <attribute name="Target GC Util Change" value ="20.000000" />
  <attribute name="Current GC Util Change" value="69.000000"/>
  <attribute name="GC Util currently" value="69" />
  <attribute name="CPU Util currently" value="20972218605754" />
<exclusive-end id="844" timestamp="2019-06-15T09:17:28.034" durationms="5.518" />

<exclusive-start id="845" timestamp="2019-06-15T09:17:28.062" intervalms="33.014">
  <response-info timems="0.029" idlems="0.029" threads="0" lastid="0000000000DC9900" lastname="Thread-7" />
</exclusive-start>
<allocation-taxation id="846" taxation-threshold="52428800" timestamp="2019-06-15T09:17:28.062" intervalms="33.033" />
<cycle-start id="847" type="partial gc" contextid="0" timestamp="2019-06-15T09:17:28.062" intervalms="33.068" />
<gc-start id="848" type="partial gc" contextid="847" timestamp="2019-06-15T09:17:28.062">
  <mem-info id="849" free="57671680" total="183500800" percent="31">
    <mem type="eden" free="0" total="52428800" percent="0" />
    <arraylet-primitive objects="2" leaves="2" largest="1" />
    <remembered-set count="45856" freebytes="7141376" totalbytes="7324800" percent="97" regionsoverflowed="0" regionsstable="2" regionsrebuilding="0"/>
  </mem-info>
</gc-start>
<allocation-stats totalBytes="52423200" >
  <allocated-bytes non-tlh="0" tlh="52423200" arrayletleaf="0"/>
  <largest-consumer threadName="Thread-7" threadId="0000000000DC9900" bytes="17127648" />
</allocation-stats>
<gc-op id="850" type="copy forward" timems="3.140" contextid="847" timestamp="2019-06-15T09:17:28.066">
  <memory-copied type="eden" objects="11052" bytes="403832" bytesdiscarded="0" />
  <memory-copied type="other" objects="10958" bytes="400368" bytesdiscarded="0" />
  <memory-cardclean objects="6077" bytes="315720" />
  <regions eden="50" other="2" />
  <remembered-set-cleared processed="41689" cleared="845" durationms="0.401" />
  <stringconstants candidates="4597" cleared="0"  />
</gc-op>
<gc-op id="851" type="classunload" timems="0.003" contextid="847" timestamp="2019-06-15T09:17:28.066">
  <classunload-info classloadercandidates="8" classloadersunloaded="0" classesunloaded="0" anonymousclassesunloaded="0" quiescems="0.000" setupms="0.003" scanms="0.000" postms="0.000" />
</gc-op>
<heap-resize id="852" type="expand" space="default" amount="3145728" count="1" timems="0.072" reason="excessive time being spent in gc" timestamp="2019-06-15T09:17:28.066" />
<gc-end id="853" type="partial gc" contextid="847" durationms="4.172" usertimems="4.000" systemtimems="0.000" timestamp="2019-06-15T09:17:28.066" activeThreads="1">
  <mem-info id="854" free="112197632" total="186646528" percent="60">
    <mem type="eden" free="644744" total="1048576" percent="61" />
    <arraylet-primitive objects="2" leaves="2" largest="1" />
    <remembered-set count="46688" freebytes="7263616" totalbytes="7450368" percent="97" regionsoverflowed="0" regionsstable="2" regionsrebuilding="0"/>
  </mem-info>
</gc-end>
<cycle-end id="855" type="partial gc" contextid="847" timestamp="2019-06-15T09:17:28.066" />
  <attribute name="elasticGC enabled" value="1" />
  <attribute name= "numThreadsSpecified" value="1" />
  <attribute name="heapSize specified" value="0" />
  <attribute name="Current GC Util" value="62" />
  <attribute name= "Current Time Running" value="2739" />
  <attribute name ="GC Interval" value="0" />
  <attribute name="ProportionalT" value="21.000000" />
  <attribute name="ProportionalI" value="21.000000" />
  <attribute name="ProportionalH" value="21.000000" />
  <attribute name="Current Error" value="42.000000" />
  <attribute name="IntegralT" value="0.000000" />
  <attribute name="IntegralI" value="0.000000" />
  <attribute name="IntegralH" value="0.000000" />
  <attribute name="DerivativeT" value="inf" />
  <attribute name="DerivativeI" value="inf" />
  <attribute name="DerivativeH" value="inf" />
  <attribute name="Loop Time for DT" value="0.000000" />
  <attribute name="Output H" value="8388608"/>
  <attribute name="Output I" value="200"/>
  <attribute name="Output T" value="1"/>
  <attribute name="Target GC Util Change" value ="20.000000" />
  <attribute name="Current GC Util Change" value="62.000000"/>
  <attribute name="GC Util currently" value="62" />
  <attribute name="CPU Util currently" value="19526893692292" />
<exclusive-end id="856" timestamp="2019-06-15T09:17:28.067" durationms="4.913" />

<exclusive-start id="857" timestamp="2019-06-15T09:17:28.094" intervalms="31.977">
  <response-info timems="0.027" idlems="0.027" threads="0" lastid="0000000000DC5D00" lastname="Thread-10" />
</exclusive-start>
<allocation-taxation id="858" taxation-threshold="52428800" timestamp="2019-06-15T09:17:28.094" intervalms="31.996" />
<cycle-start id="859" type="partial gc" contextid="0" timestamp="2019-06-15T09:17:28.094" intervalms="31.954" />
<gc-start id="860" type="partial gc" contextid="859" timestamp="2019-06-15T09:17:28.094">
  <mem-info id="861" free="59768832" total="186646528" percent="32">
    <mem type="eden" free="0" total="52428800" percent="0" />
    <arraylet-primitive objects="2" leaves="2" largest="1" />
    <remembered-set count="46560" freebytes="7264128" totalbytes="7450368" percent="97" regionsoverflowed="0" regionsstable="2" regionsrebuilding="0"/>
  </mem-info>
</gc-start>
<allocation-stats totalBytes="52422744" >
  <allocated-bytes non-tlh="0" tlh="52422744" arrayletleaf="0"/>
  <largest-consumer threadName="Thread-7" threadId="0000000000DC9900" bytes="16808056" />
</allocation-stats>
<gc-op id="862" type="copy forward" timems="1.933" contextid="859" timestamp="2019-06-15T09:17:28.097">
  <memory-copied type="eden" objects="15673" bytes="652280" bytesdiscarded="44448" />
  <memory-copied type="other" objects="4096" bytes="98304" bytesdiscarded="4952" />
  <memory-cardclean objects="8333" bytes="423600" />
  <regions eden="50" other="2" />
  <remembered-set-cleared processed="42384" cleared="908" durationms="0.201" />
  <stringconstants candidates="4597" cleared="0"  />
</gc-op>
<gc-op id="863" type="classunload" timems="0.003" contextid="859" timestamp="2019-06-15T09:17:28.097">
  <classunload-info classloadercandidates="8" classloadersunloaded="0" classesunloaded="0" anonymousclassesunloaded="0" quiescems="0.000" setupms="0.002" scanms="0.000" postms="0.000" />
</gc-op>
<heap-resize id="864" type="expand" space="default" amount="2097152" count="1" timems="0.062" reason="excessive time being spent in gc" timestamp="2019-06-15T09:17:28.097" />
<gc-end id="865" type="partial gc" contextid="859" durationms="2.974" usertimems="4.000" systemtimems="4.000" timestamp="2019-06-15T09:17:28.097" activeThreads="4">
  <mem-info id="866" free="113246208" total="188743680" percent="60">
    <mem type="eden" free="351848" total="1048576" percent="33" />
    <arraylet-primitive objects="2" leaves="2" largest="1" />
    <remembered-set count="46496" freebytes="7348096" totalbytes="7534080" percent="97" regionsoverflowed="0" regionsstable="2" regionsrebuilding="0"/>
  </mem-info>
</gc-end>
<cycle-end id="867" type="partial gc" contextid="859" timestamp="2019-06-15T09:17:28.097" />
  <attribute name="elasticGC enabled" value="1" />
  <attribute name= "numThreadsSpecified" value="4" />
  <attribute name="heapSize specified" value="0" />
  <attribute name="Current GC Util" value="69" />
  <attribute name= "Current Time Running" value="2772" />
  <attribute name ="GC Interval" value="0" />
  <attribute name="ProportionalT" value="24.500000" />
  <attribute name="ProportionalI" value="24.500000" />
  <attribute name="ProportionalH" value="24.500000" />
  <attribute name="Current Error" value="49.000000" />
  <attribute name="IntegralT" value="49.000000" />
  <attribute name="IntegralI" value="49.000000" />
  <attribute name="IntegralH" value="49.000000" />
  <attribute name="DerivativeT" value="73.500000" />
  <attribute name="DerivativeI" value="73.500000" />
  <attribute name="DerivativeH" value="73.500000" />
  <attribute name="Loop Time for DT" value="1.000000" />
  <attribute name="Output H" value="8388608"/>
  <attribute name="Output I" value="200"/>
  <attribute name="Output T" value="4"/>
  <attribute name="Target GC Util Change" value ="20.000000" />
  <attribute name="Current GC Util Change" value="69.000000"/>
  <attribute name="GC Util currently" value="69" />
  <attribute name="CPU Util currently" value="17986575492970" />
<exclusive-end id="868" timestamp="2019-06-15T09:17:28.097" durationms="3.830" />

<exclusive-start id="869" timestamp="2019-06-15T09:17:28.121" intervalms="27.329">
  <response-info timems="0.026" idlems="0.026" threads="0" lastid="0000000000DC5D00" lastname="Thread-10" />
</exclusive-start>
<allocation-taxation id="870" taxation-threshold="53477376" timestamp="2019-06-15T09:17:28.121" intervalms="27.326" />
<cycle-start id="871" type="partial gc" contextid="0" timestamp="2019-06-15T09:17:28.121" intervalms="27.347" />
<gc-start id="872" type="partial gc" contextid="871" timestamp="2019-06-15T09:17:28.122">
  <mem-info id="873" free="59768832" total="188743680" percent="31">
    <mem type="eden" free="0" total="53477376" percent="0" />
    <arraylet-primitive objects="2" leaves="2" largest="1" />
    <remembered-set count="46272" freebytes="7348992" totalbytes="7534080" percent="97" regionsoverflowed="0" regionsstable="2" regionsrebuilding="0"/>
  </mem-info>
</gc-start>
<allocation-stats totalBytes="53471392" >
  <allocated-bytes non-tlh="0" tlh="53471392" arrayletleaf="0"/>
  <largest-consumer threadName="Thread-10" threadId="0000000000DC5D00" bytes="15309224" />
</allocation-stats>
<gc-op id="874" type="copy forward" timems="4.018" contextid="871" timestamp="2019-06-15T09:17:28.126">
  <memory-copied type="eden" objects="14798" bytes="494112" bytesdiscarded="0" />
  <memory-copied type="other" objects="17306" bytes="690096" bytesdiscarded="0" />
  <memory-cardclean objects="7678" bytes="377208" />
  <regions eden="51" other="2" />
  <remembered-set-cleared processed="42941" cleared="1009" durationms="0.434" />
  <stringconstants candidates="4597" cleared="0"  />
</gc-op>
<gc-op id="875" type="classunload" timems="0.002" contextid="871" timestamp="2019-06-15T09:17:28.126">
  <classunload-info classloadercandidates="8" classloadersunloaded="0" classesunloaded="0" anonymousclassesunloaded="0" quiescems="0.000" setupms="0.002" scanms="0.000" postms="0.000" />
</gc-op>
<heap-resize id="876" type="expand" space="default" amount="3145728" count="1" timems="0.071" reason="excessive time being spent in gc" timestamp="2019-06-15T09:17:28.127" />
<gc-end id="877" type="partial gc" contextid="871" durationms="5.302" usertimems="4.000" systemtimems="0.000" timestamp="2019-06-15T09:17:28.127" activeThreads="1">
  <mem-info id="878" free="115343360" total="191889408" percent="60">
    <mem type="eden" free="554464" total="1048576" percent="52" />
    <arraylet-primitive objects="2" leaves="2" largest="1" />
    <remembered-set count="47424" freebytes="7469952" totalbytes="7659648" percent="97" regionsoverflowed="0" regionsstable="2" regionsrebuilding="0"/>
  </mem-info>
</gc-end>
<cycle-end id="879" type="partial gc" contextid="871" timestamp="2019-06-15T09:17:28.127" />
  <attribute name="elasticGC enabled" value="1" />
  <attribute name= "numThreadsSpecified" value="1" />
  <attribute name="heapSize specified" value="0" />
  <attribute name="Current GC Util" value="64" />
  <attribute name= "Current Time Running" value="2799" />
  <attribute name ="GC Interval" value="0" />
  <attribute name="ProportionalT" value="22.000000" />
  <attribute name="ProportionalI" value="22.000000" />
  <attribute name="ProportionalH" value="22.000000" />
  <attribute name="Current Error" value="44.000000" />
  <attribute name="IntegralT" value="0.000000" />
  <attribute name="IntegralI" value="0.000000" />
  <attribute name="IntegralH" value="0.000000" />
  <attribute name="DerivativeT" value="inf" />
  <attribute name="DerivativeI" value="inf" />
  <attribute name="DerivativeH" value="inf" />
  <attribute name="Loop Time for DT" value="0.000000" />
  <attribute name="Output H" value="8388608"/>
  <attribute name="Output I" value="200"/>
  <attribute name="Output T" value="1"/>
  <attribute name="Target GC Util Change" value ="20.000000" />
  <attribute name="Current GC Util Change" value="64.000000"/>
  <attribute name="GC Util currently" value="64" />
  <attribute name="CPU Util currently" value="19288009878664" />
<exclusive-end id="880" timestamp="2019-06-15T09:17:28.127" durationms="6.191" />

<exclusive-start id="881" timestamp="2019-06-15T09:17:28.150" intervalms="29.175">
  <response-info timems="0.023" idlems="0.023" threads="0" lastid="0000000000DC5D00" lastname="Thread-10" />
</exclusive-start>
<allocation-taxation id="882" taxation-threshold="54525952" timestamp="2019-06-15T09:17:28.150" intervalms="29.154" />
<cycle-start id="883" type="partial gc" contextid="0" timestamp="2019-06-15T09:17:28.150" intervalms="29.116" />
<gc-start id="884" type="partial gc" contextid="883" timestamp="2019-06-15T09:17:28.151">
  <mem-info id="885" free="60817408" total="191889408" percent="31">
    <mem type="eden" free="0" total="54525952" percent="0" />
    <arraylet-primitive objects="2" leaves="2" largest="1" />
    <remembered-set count="47392" freebytes="7470080" totalbytes="7659648" percent="97" regionsoverflowed="0" regionsstable="2" regionsrebuilding="0"/>
  </mem-info>
</gc-start>
<allocation-stats totalBytes="54519624" >
  <allocated-bytes non-tlh="0" tlh="54519624" arrayletleaf="0"/>
  <largest-consumer threadName="Thread-10" threadId="0000000000DC5D00" bytes="15083712" />
</allocation-stats>
<gc-op id="886" type="copy forward" timems="3.637" contextid="883" timestamp="2019-06-15T09:17:28.155">
  <memory-copied type="eden" objects="14157" bytes="616072" bytesdiscarded="0" />
  <memory-copied type="other" objects="14830" bytes="493296" bytesdiscarded="0" />
  <memory-cardclean objects="8036" bytes="394704" />
  <regions eden="52" other="3" />
  <remembered-set-cleared processed="43358" cleared="1447" durationms="0.430" />
  <stringconstants candidates="4597" cleared="0"  />
</gc-op>
<gc-op id="887" type="classunload" timems="0.003" contextid="883" timestamp="2019-06-15T09:17:28.155">
  <classunload-info classloadercandidates="8" classloadersunloaded="0" classesunloaded="0" anonymousclassesunloaded="0" quiescems="0.000" setupms="0.002" scanms="0.000" postms="0.000" />
</gc-op>
<heap-resize id="888" type="expand" space="default" amount="2097152" count="1" timems="0.061" reason="excessive time being spent in gc" timestamp="2019-06-15T09:17:28.155" />
<gc-end id="889" type="partial gc" contextid="883" durationms="4.936" usertimems="4.000" systemtimems="0.000" timestamp="2019-06-15T09:17:28.156" activeThreads="1">
  <mem-info id="890" free="116391936" total="193986560" percent="60">
    <mem type="eden" free="432504" total="1048576" percent="41" />
    <arraylet-primitive objects="2" leaves="2" largest="1" />
    <remembered-set count="48352" freebytes="7549952" totalbytes="7743360" percent="97" regionsoverflowed="0" regionsstable="2" regionsrebuilding="0"/>
  </mem-info>
</gc-end>
<cycle-end id="891" type="partial gc" contextid="883" timestamp="2019-06-15T09:17:28.156" />
  <attribute name="elasticGC enabled" value="1" />
  <attribute name= "numThreadsSpecified" value="1" />
  <attribute name="heapSize specified" value="0" />
  <attribute name="Current GC Util" value="74" />
  <attribute name= "Current Time Running" value="2828" />
  <attribute name ="GC Interval" value="0" />
  <attribute name="ProportionalT" value="27.000000" />
  <attribute name="ProportionalI" value="27.000000" />
  <attribute name="ProportionalH" value="27.000000" />
  <attribute name="Current Error" value="54.000000" />
  <attribute name="IntegralT" value="0.000000" />
  <attribute name="IntegralI" value="0.000000" />
  <attribute name="IntegralH" value="0.000000" />
  <attribute name="DerivativeT" value="inf" />
  <attribute name="DerivativeI" value="inf" />
  <attribute name="DerivativeH" value="inf" />
  <attribute name="Loop Time for DT" value="0.000000" />
  <attribute name="Output H" value="8388608"/>
  <attribute name="Output I" value="200"/>
  <attribute name="Output T" value="1"/>
  <attribute name="Target GC Util Change" value ="20.000000" />
  <attribute name="Current GC Util Change" value="74.000000"/>
  <attribute name="GC Util currently" value="74" />
  <attribute name="CPU Util currently" value="20324034453701" />
<exclusive-end id="892" timestamp="2019-06-15T09:17:28.156" durationms="5.704" />

<exclusive-start id="893" timestamp="2019-06-15T09:17:28.182" intervalms="32.071">
  <response-info timems="0.207" idlems="0.207" threads="0" lastid="0000000000DD1100" lastname="Thread-8" />
</exclusive-start>
<allocation-taxation id="894" taxation-threshold="54525952" timestamp="2019-06-15T09:17:28.182" intervalms="32.073" />
<cycle-start id="895" type="partial gc" contextid="0" timestamp="2019-06-15T09:17:28.183" intervalms="32.081" />
<gc-start id="896" type="partial gc" contextid="895" timestamp="2019-06-15T09:17:28.183">
  <mem-info id="897" free="61865984" total="193986560" percent="31">
    <mem type="eden" free="0" total="54525952" percent="0" />
    <arraylet-primitive objects="2" leaves="2" largest="1" />
    <remembered-set count="47872" freebytes="7551872" totalbytes="7743360" percent="97" regionsoverflowed="0" regionsstable="2" regionsrebuilding="0"/>
  </mem-info>
</gc-start>
<allocation-stats totalBytes="54519512" >
  <allocated-bytes non-tlh="0" tlh="54519512" arrayletleaf="0"/>
  <largest-consumer threadName="Thread-9" threadId="0000000000DCD500" bytes="16898208" />
</allocation-stats>
<gc-op id="898" type="copy forward" timems="3.996" contextid="895" timestamp="2019-06-15T09:17:28.187">
  <memory-copied type="eden" objects="17418" bytes="694352" bytesdiscarded="0" />
  <memory-copied type="other" objects="18433" bytes="717144" bytesdiscarded="0" />
  <memory-cardclean objects="8155" bytes="423264" />
  <regions eden="52" other="2" />
  <remembered-set-cleared processed="44126" cleared="840" durationms="0.443" />
  <stringconstants candidates="4597" cleared="0"  />
</gc-op>
<gc-op id="899" type="classunload" timems="0.002" contextid="895" timestamp="2019-06-15T09:17:28.187">
  <classunload-info classloadercandidates="8" classloadersunloaded="0" classesunloaded="0" anonymousclassesunloaded="0" quiescems="0.000" setupms="0.002" scanms="0.000" postms="0.000" />
</gc-op>
<heap-resize id="900" type="expand" space="default" amount="3145728" count="1" timems="0.070" reason="excessive time being spent in gc" timestamp="2019-06-15T09:17:28.188" />
<gc-end id="901" type="partial gc" contextid="895" durationms="5.271" usertimems="8.000" systemtimems="0.000" timestamp="2019-06-15T09:17:28.188" activeThreads="1">
  <mem-info id="902" free="118489088" total="197132288" percent="60">
    <mem type="eden" free="354224" total="1048576" percent="33" />
    <arraylet-primitive objects="2" leaves="2" largest="1" />
    <remembered-set count="49216" freebytes="7672064" totalbytes="7868928" percent="97" regionsoverflowed="0" regionsstable="2" regionsrebuilding="0"/>
  </mem-info>
</gc-end>
<cycle-end id="903" type="partial gc" contextid="895" timestamp="2019-06-15T09:17:28.188" />
  <attribute name="elasticGC enabled" value="1" />
  <attribute name= "numThreadsSpecified" value="1" />
  <attribute name="heapSize specified" value="0" />
  <attribute name="Current GC Util" value="74" />
  <attribute name= "Current Time Running" value="2860" />
  <attribute name ="GC Interval" value="0" />
  <attribute name="ProportionalT" value="27.000000" />
  <attribute name="ProportionalI" value="27.000000" />
  <attribute name="ProportionalH" value="27.000000" />
  <attribute name="Current Error" value="54.000000" />
  <attribute name="IntegralT" value="0.000000" />
  <attribute name="IntegralI" value="0.000000" />
  <attribute name="IntegralH" value="0.000000" />
  <attribute name="DerivativeT" value="inf" />
  <attribute name="DerivativeI" value="inf" />
  <attribute name="DerivativeH" value="inf" />
  <attribute name="Loop Time for DT" value="0.000000" />
  <attribute name="Output H" value="8388608"/>
  <attribute name="Output I" value="200"/>
  <attribute name="Output T" value="1"/>
  <attribute name="Target GC Util Change" value ="20.000000" />
  <attribute name="Current GC Util Change" value="74.000000"/>
  <attribute name="GC Util currently" value="74" />
  <attribute name="CPU Util currently" value="19259736015497" />
<exclusive-end id="904" timestamp="2019-06-15T09:17:28.188" durationms="6.179" />

<exclusive-start id="905" timestamp="2019-06-15T09:17:28.222" intervalms="40.246">
  <response-info timems="0.033" idlems="0.033" threads="0" lastid="0000000000DC5D00" lastname="Thread-10" />
</exclusive-start>
<allocation-taxation id="906" taxation-threshold="55574528" timestamp="2019-06-15T09:17:28.223" intervalms="40.301" />
<cycle-start id="907" type="partial gc" contextid="0" timestamp="2019-06-15T09:17:28.223" intervalms="40.308" />
<gc-start id="908" type="partial gc" contextid="907" timestamp="2019-06-15T09:17:28.223">
  <mem-info id="909" free="62914560" total="197132288" percent="31">
    <mem type="eden" free="0" total="55574528" percent="0" />
    <arraylet-primitive objects="2" leaves="2" largest="1" />
    <remembered-set count="49056" freebytes="7672704" totalbytes="7868928" percent="97" regionsoverflowed="0" regionsstable="2" regionsrebuilding="0"/>
  </mem-info>
</gc-start>
<allocation-stats totalBytes="55567936" >
  <allocated-bytes non-tlh="0" tlh="55567936" arrayletleaf="0"/>
  <largest-consumer threadName="Thread-7" threadId="0000000000DC9900" bytes="18647048" />
</allocation-stats>
<gc-op id="910" type="copy forward" timems="4.286" contextid="907" timestamp="2019-06-15T09:17:28.228">
  <memory-copied type="eden" objects="8773" bytes="349496" bytesdiscarded="0" />
  <memory-copied type="other" objects="26763" bytes="1054440" bytesdiscarded="0" />
  <memory-cardclean objects="7893" bytes="391992" />
  <regions eden="53" other="3" />
  <remembered-set-cleared processed="44577" cleared="1291" durationms="0.443" />
  <stringconstants candidates="4597" cleared="0"  />
</gc-op>
<gc-op id="911" type="classunload" timems="0.002" contextid="907" timestamp="2019-06-15T09:17:28.228">
  <classunload-info classloadercandidates="8" classloadersunloaded="0" classesunloaded="0" anonymousclassesunloaded="0" quiescems="0.000" setupms="0.002" scanms="0.000" postms="0.000" />
</gc-op>
<heap-resize id="912" type="expand" space="default" amount="2097152" count="1" timems="0.064" reason="excessive time being spent in gc" timestamp="2019-06-15T09:17:28.229" />
<gc-end id="913" type="partial gc" contextid="907" durationms="5.641" usertimems="0.000" systemtimems="4.000" timestamp="2019-06-15T09:17:28.229" activeThreads="1">
  <mem-info id="914" free="119537664" total="199229440" percent="60">
    <mem type="eden" free="699080" total="1048576" percent="66" />
    <arraylet-primitive objects="2" leaves="2" largest="1" />
    <remembered-set count="50112" freebytes="7752192" totalbytes="7952640" percent="97" regionsoverflowed="0" regionsstable="2" regionsrebuilding="0"/>
  </mem-info>
</gc-end>
<cycle-end id="915" type="partial gc" contextid="907" timestamp="2019-06-15T09:17:28.229" />
  <attribute name="elasticGC enabled" value="1" />
  <attribute name= "numThreadsSpecified" value="1" />
  <attribute name="heapSize specified" value="0" />
  <attribute name="Current GC Util" value="76" />
  <attribute name= "Current Time Running" value="2900" />
  <attribute name ="GC Interval" value="0" />
  <attribute name="ProportionalT" value="28.000000" />
  <attribute name="ProportionalI" value="28.000000" />
  <attribute name="ProportionalH" value="28.000000" />
  <attribute name="Current Error" value="56.000000" />
  <attribute name="IntegralT" value="0.000000" />
  <attribute name="IntegralI" value="0.000000" />
  <attribute name="IntegralH" value="0.000000" />
  <attribute name="DerivativeT" value="inf" />
  <attribute name="DerivativeI" value="inf" />
  <attribute name="DerivativeH" value="inf" />
  <attribute name="Loop Time for DT" value="0.000000" />
  <attribute name="Output H" value="8388608"/>
  <attribute name="Output I" value="200"/>
  <attribute name="Output T" value="1"/>
  <attribute name="Target GC Util Change" value ="20.000000" />
  <attribute name="Current GC Util Change" value="76.000000"/>
  <attribute name="GC Util currently" value="76" />
  <attribute name="CPU Util currently" value="19296806979357" />
<exclusive-end id="916" timestamp="2019-06-15T09:17:28.229" durationms="6.640" />

<exclusive-start id="917" timestamp="2019-06-15T09:17:28.266" intervalms="43.163">
  <response-info timems="0.203" idlems="0.185" threads="1" lastid="0000000000DC9900" lastname="Thread-7" />
</exclusive-start>
<allocation-taxation id="918" taxation-threshold="55574528" timestamp="2019-06-15T09:17:28.266" intervalms="43.112" />
<cycle-start id="919" type="partial gc" contextid="0" timestamp="2019-06-15T09:17:28.266" intervalms="43.133" />
<gc-start id="920" type="partial gc" contextid="919" timestamp="2019-06-15T09:17:28.266">
  <mem-info id="921" free="63963136" total="199229440" percent="32">
    <mem type="eden" free="0" total="55574528" percent="0" />
    <arraylet-primitive objects="2" leaves="2" largest="1" />
    <remembered-set count="49664" freebytes="7753984" totalbytes="7952640" percent="97" regionsoverflowed="0" regionsstable="2" regionsrebuilding="0"/>
  </mem-info>
</gc-start>
<allocation-stats totalBytes="55567680" >
  <allocated-bytes non-tlh="0" tlh="55567680" arrayletleaf="0"/>
  <largest-consumer threadName="Thread-9" threadId="0000000000DCD500" bytes="20276936" />
</allocation-stats>
<gc-op id="922" type="copy forward" timems="2.120" contextid="919" timestamp="2019-06-15T09:17:28.269">
  <memory-copied type="eden" objects="4437" bytes="107904" bytesdiscarded="7880" />
  <memory-copied type="other" objects="30627" bytes="1284552" bytesdiscarded="73112" />
  <memory-cardclean objects="4457" bytes="223008" />
  <regions eden="53" other="3" />
  <remembered-set-cleared processed="45203" cleared="1176" durationms="0.199" />
  <stringconstants candidates="4597" cleared="0"  />
</gc-op>
<gc-op id="923" type="classunload" timems="0.002" contextid="919" timestamp="2019-06-15T09:17:28.269">
  <classunload-info classloadercandidates="8" classloadersunloaded="0" classesunloaded="0" anonymousclassesunloaded="0" quiescems="0.000" setupms="0.002" scanms="0.000" postms="0.000" />
</gc-op>
<heap-resize id="924" type="expand" space="default" amount="3145728" count="1" timems="0.069" reason="excessive time being spent in gc" timestamp="2019-06-15T09:17:28.269" />
<gc-end id="925" type="partial gc" contextid="919" durationms="3.398" usertimems="8.000" systemtimems="0.000" timestamp="2019-06-15T09:17:28.270" activeThreads="4">
  <mem-info id="926" free="121634816" total="202375168" percent="60">
    <mem type="eden" free="932792" total="1048576" percent="88" />
    <arraylet-primitive objects="2" leaves="2" largest="1" />
    <remembered-set count="50720" freebytes="7875328" totalbytes="8078208" percent="97" regionsoverflowed="0" regionsstable="2" regionsrebuilding="0"/>
  </mem-info>
</gc-end>
<cycle-end id="927" type="partial gc" contextid="919" timestamp="2019-06-15T09:17:28.270" />
  <attribute name="elasticGC enabled" value="1" />
  <attribute name= "numThreadsSpecified" value="4" />
  <attribute name="heapSize specified" value="0" />
  <attribute name="Current GC Util" value="74" />
  <attribute name= "Current Time Running" value="2944" />
  <attribute name ="GC Interval" value="0" />
  <attribute name="ProportionalT" value="27.000000" />
  <attribute name="ProportionalI" value="27.000000" />
  <attribute name="ProportionalH" value="27.000000" />
  <attribute name="Current Error" value="54.000000" />
  <attribute name="IntegralT" value="54.000000" />
  <attribute name="IntegralI" value="54.000000" />
  <attribute name="IntegralH" value="54.000000" />
  <attribute name="DerivativeT" value="81.000000" />
  <attribute name="DerivativeI" value="81.000000" />
  <attribute name="DerivativeH" value="81.000000" />
  <attribute name="Loop Time for DT" value="1.000000" />
  <attribute name="Output H" value="8388608"/>
  <attribute name="Output I" value="200"/>
  <attribute name="Output T" value="4"/>
  <attribute name="Target GC Util Change" value ="20.000000" />
  <attribute name="Current GC Util Change" value="74.000000"/>
  <attribute name="GC Util currently" value="74" />
  <attribute name="CPU Util currently" value="18092634985810" />
<exclusive-end id="928" timestamp="2019-06-15T09:17:28.270" durationms="4.422" />

<exclusive-start id="929" timestamp="2019-06-15T09:17:28.306" intervalms="39.993">
  <response-info timems="0.071" idlems="0.038" threads="1" lastid="0000000000DD1100" lastname="Thread-8" />
</exclusive-start>
<allocation-taxation id="930" taxation-threshold="56623104" timestamp="2019-06-15T09:17:28.306" intervalms="40.065" />
<cycle-start id="931" type="partial gc" contextid="0" timestamp="2019-06-15T09:17:28.306" intervalms="40.148" />
<gc-start id="932" type="partial gc" contextid="931" timestamp="2019-06-15T09:17:28.306">
  <mem-info id="933" free="65011712" total="202375168" percent="32">
    <mem type="eden" free="0" total="56623104" percent="0" />
    <arraylet-primitive objects="2" leaves="2" largest="1" />
    <remembered-set count="50304" freebytes="7876992" totalbytes="8078208" percent="97" regionsoverflowed="0" regionsstable="2" regionsrebuilding="0"/>
  </mem-info>
</gc-start>
<allocation-stats totalBytes="56616176" >
  <allocated-bytes non-tlh="0" tlh="56616176" arrayletleaf="0"/>
  <largest-consumer threadName="Thread-9" threadId="0000000000DCD500" bytes="24065216" />
</allocation-stats>
<gc-op id="934" type="copy forward" timems="4.216" contextid="931" timestamp="2019-06-15T09:17:28.312">
  <memory-copied type="eden" objects="5339" bytes="129808" bytesdiscarded="0" />
  <memory-copied type="other" objects="27288" bytes="1067040" bytesdiscarded="0" />
  <memory-cardclean objects="6156" bytes="323568" />
  <regions eden="54" other="3" />
  <remembered-set-cleared processed="45888" cleared="1327" durationms="0.507" />
  <stringconstants candidates="4597" cleared="0"  />
</gc-op>
<gc-op id="935" type="classunload" timems="0.003" contextid="931" timestamp="2019-06-15T09:17:28.312">
  <classunload-info classloadercandidates="8" classloadersunloaded="0" classesunloaded="0" anonymousclassesunloaded="0" quiescems="0.000" setupms="0.002" scanms="0.000" postms="0.000" />
</gc-op>
<heap-resize id="936" type="expand" space="default" amount="2097152" count="1" timems="0.074" reason="excessive time being spent in gc" timestamp="2019-06-15T09:17:28.312" />
<gc-end id="937" type="partial gc" contextid="931" durationms="5.858" usertimems="0.000" systemtimems="4.000" timestamp="2019-06-15T09:17:28.312" activeThreads="1">
  <mem-info id="938" free="122683392" total="204472320" percent="60">
    <mem type="eden" free="918768" total="1048576" percent="87" />
    <arraylet-primitive objects="2" leaves="2" largest="1" />
    <remembered-set count="51264" freebytes="7956864" totalbytes="8161920" percent="97" regionsoverflowed="0" regionsstable="2" regionsrebuilding="0"/>
  </mem-info>
</gc-end>
<cycle-end id="939" type="partial gc" contextid="931" timestamp="2019-06-15T09:17:28.313" />
  <attribute name="elasticGC enabled" value="1" />
  <attribute name= "numThreadsSpecified" value="1" />
  <attribute name="heapSize specified" value="0" />
  <attribute name="Current GC Util" value="63" />
  <attribute name= "Current Time Running" value="2984" />
  <attribute name ="GC Interval" value="0" />
  <attribute name="ProportionalT" value="21.500000" />
  <attribute name="ProportionalI" value="21.500000" />
  <attribute name="ProportionalH" value="21.500000" />
  <attribute name="Current Error" value="43.000000" />
  <attribute name="IntegralT" value="0.000000" />
  <attribute name="IntegralI" value="0.000000" />
  <attribute name="IntegralH" value="0.000000" />
  <attribute name="DerivativeT" value="inf" />
  <attribute name="DerivativeI" value="inf" />
  <attribute name="DerivativeH" value="inf" />
  <attribute name="Loop Time for DT" value="0.000000" />
  <attribute name="Output H" value="8388608"/>
  <attribute name="Output I" value="200"/>
  <attribute name="Output T" value="1"/>
  <attribute name="Target GC Util Change" value ="20.000000" />
  <attribute name="Current GC Util Change" value="63.000000"/>
  <attribute name="GC Util currently" value="63" />
  <attribute name="CPU Util currently" value="17028413425972" />
<exclusive-end id="940" timestamp="2019-06-15T09:17:28.313" durationms="7.147" />

<exclusive-start id="941" timestamp="2019-06-15T09:17:28.339" intervalms="33.328">
  <response-info timems="0.030" idlems="0.030" threads="0" lastid="0000000000DCD500" lastname="Thread-9" />
</exclusive-start>
<allocation-taxation id="942" taxation-threshold="57671680" timestamp="2019-06-15T09:17:28.339" intervalms="33.335" />
<cycle-start id="943" type="partial gc" contextid="0" timestamp="2019-06-15T09:17:28.339" intervalms="33.335" />
<gc-start id="944" type="partial gc" contextid="943" timestamp="2019-06-15T09:17:28.340">
  <mem-info id="945" free="65011712" total="204472320" percent="31">
    <mem type="eden" free="0" total="57671680" percent="0" />
    <arraylet-primitive objects="2" leaves="2" largest="1" />
    <remembered-set count="51104" freebytes="7957504" totalbytes="8161920" percent="97" regionsoverflowed="0" regionsstable="2" regionsrebuilding="0"/>
  </mem-info>
</gc-start>
<allocation-stats totalBytes="57663816" >
  <allocated-bytes non-tlh="0" tlh="57663816" arrayletleaf="0"/>
  <largest-consumer threadName="Thread-9" threadId="0000000000DCD500" bytes="19829912" />
</allocation-stats>
<gc-op id="946" type="copy forward" timems="4.187" contextid="943" timestamp="2019-06-15T09:17:28.345">
  <memory-copied type="eden" objects="22374" bytes="950928" bytesdiscarded="0" />
  <memory-copied type="other" objects="9174" bytes="220176" bytesdiscarded="0" />
  <memory-cardclean objects="13946" bytes="738528" />
  <regions eden="55" other="2" />
  <remembered-set-cleared processed="47034" cleared="1215" durationms="0.491" />
  <stringconstants candidates="4597" cleared="0"  />
</gc-op>
<gc-op id="947" type="classunload" timems="0.003" contextid="943" timestamp="2019-06-15T09:17:28.345">
  <classunload-info classloadercandidates="8" classloadersunloaded="0" classesunloaded="0" anonymousclassesunloaded="0" quiescems="0.000" setupms="0.003" scanms="0.000" postms="0.000" />
</gc-op>
<heap-resize id="948" type="expand" space="default" amount="3145728" count="1" timems="0.068" reason="excessive time being spent in gc" timestamp="2019-06-15T09:17:28.345" />
<gc-end id="949" type="partial gc" contextid="943" durationms="5.637" usertimems="4.000" systemtimems="0.000" timestamp="2019-06-15T09:17:28.345" activeThreads="1">
  <mem-info id="950" free="124780544" total="207618048" percent="60">
    <mem type="eden" free="97648" total="1048576" percent="9" />
    <arraylet-primitive objects="2" leaves="2" largest="1" />
    <remembered-set count="52032" freebytes="8079360" totalbytes="8287488" percent="97" regionsoverflowed="0" regionsstable="2" regionsrebuilding="0"/>
  </mem-info>
</gc-end>
<cycle-end id="951" type="partial gc" contextid="943" timestamp="2019-06-15T09:17:28.346" />
  <attribute name="elasticGC enabled" value="1" />
  <attribute name= "numThreadsSpecified" value="1" />
  <attribute name="heapSize specified" value="0" />
  <attribute name="Current GC Util" value="73" />
  <attribute name= "Current Time Running" value="3017" />
  <attribute name ="GC Interval" value="0" />
  <attribute name="ProportionalT" value="26.500000" />
  <attribute name="ProportionalI" value="26.500000" />
  <attribute name="ProportionalH" value="26.500000" />
  <attribute name="Current Error" value="53.000000" />
  <attribute name="IntegralT" value="0.000000" />
  <attribute name="IntegralI" value="0.000000" />
  <attribute name="IntegralH" value="0.000000" />
  <attribute name="DerivativeT" value="inf" />
  <attribute name="DerivativeI" value="inf" />
  <attribute name="DerivativeH" value="inf" />
  <attribute name="Loop Time for DT" value="0.000000" />
  <attribute name="Output H" value="8388608"/>
  <attribute name="Output I" value="200"/>
  <attribute name="Output T" value="1"/>
  <attribute name="Target GC Util Change" value ="20.000000" />
  <attribute name="Current GC Util Change" value="73.000000"/>
  <attribute name="GC Util currently" value="73" />
  <attribute name="CPU Util currently" value="18142315974436" />
<exclusive-end id="952" timestamp="2019-06-15T09:17:28.346" durationms="6.965" />

<exclusive-start id="953" timestamp="2019-06-15T09:17:28.376" intervalms="36.550">
  <response-info timems="0.047" idlems="0.047" threads="0" lastid="0000000000DC9900" lastname="Thread-7" />
</exclusive-start>
<allocation-taxation id="954" taxation-threshold="57671680" timestamp="2019-06-15T09:17:28.376" intervalms="36.495" />
<cycle-start id="955" type="partial gc" contextid="0" timestamp="2019-06-15T09:17:28.376" intervalms="36.512" />
<gc-start id="956" type="partial gc" contextid="955" timestamp="2019-06-15T09:17:28.376">
  <mem-info id="957" free="67108864" total="207618048" percent="32">
    <mem type="eden" free="0" total="57671680" percent="0" />
    <arraylet-primitive objects="2" leaves="2" largest="1" />
    <remembered-set count="51936" freebytes="8079744" totalbytes="8287488" percent="97" regionsoverflowed="0" regionsstable="2" regionsrebuilding="0"/>
  </mem-info>
</gc-start>
<allocation-stats totalBytes="57662848" >
  <allocated-bytes non-tlh="0" tlh="57662848" arrayletleaf="0"/>
  <largest-consumer threadName="Thread-9" threadId="0000000000DCD500" bytes="20472920" />
</allocation-stats>
<gc-op id="958" type="copy forward" timems="2.322" contextid="955" timestamp="2019-06-15T09:17:28.379">
  <memory-copied type="eden" objects="5430" bytes="132096" bytesdiscarded="26408" />
  <memory-copied type="other" objects="27053" bytes="1061400" bytesdiscarded="48648" />
  <memory-cardclean objects="10146" bytes="500136" />
  <regions eden="55" other="2" />
  <remembered-set-cleared processed="48049" cleared="1327" durationms="0.221" />
  <stringconstants candidates="4597" cleared="0"  />
</gc-op>
<gc-op id="959" type="classunload" timems="0.002" contextid="955" timestamp="2019-06-15T09:17:28.380">
  <classunload-info classloadercandidates="8" classloadersunloaded="0" classesunloaded="0" anonymousclassesunloaded="0" quiescems="0.000" setupms="0.002" scanms="0.000" postms="0.000" />
</gc-op>
<heap-resize id="960" type="expand" space="default" amount="2097152" count="1" timems="0.075" reason="excessive time being spent in gc" timestamp="2019-06-15T09:17:28.380" />
<gc-end id="961" type="partial gc" contextid="955" durationms="3.757" usertimems="4.000" systemtimems="0.000" timestamp="2019-06-15T09:17:28.380" activeThreads="4">
  <mem-info id="962" free="125829120" total="209715200" percent="60">
    <mem type="eden" free="890072" total="1048576" percent="84" />
    <arraylet-primitive objects="2" leaves="2" largest="1" />
    <remembered-set count="52512" freebytes="8161152" totalbytes="8371200" percent="97" regionsoverflowed="0" regionsstable="2" regionsrebuilding="0"/>
  </mem-info>
</gc-end>
<cycle-end id="963" type="partial gc" contextid="955" timestamp="2019-06-15T09:17:28.380" />
  <attribute name="elasticGC enabled" value="1" />
  <attribute name= "numThreadsSpecified" value="4" />
  <attribute name="heapSize specified" value="0" />
  <attribute name="Current GC Util" value="75" />
  <attribute name= "Current Time Running" value="3054" />
  <attribute name ="GC Interval" value="0" />
  <attribute name="ProportionalT" value="27.500000" />
  <attribute name="ProportionalI" value="27.500000" />
  <attribute name="ProportionalH" value="27.500000" />
  <attribute name="Current Error" value="55.000000" />
  <attribute name="IntegralT" value="55.000000" />
  <attribute name="IntegralI" value="55.000000" />
  <attribute name="IntegralH" value="55.000000" />
  <attribute name="DerivativeT" value="82.500000" />
  <attribute name="DerivativeI" value="82.500000" />
  <attribute name="DerivativeH" value="82.500000" />
  <attribute name="Loop Time for DT" value="1.000000" />
  <attribute name="Output H" value="8388608"/>
  <attribute name="Output I" value="200"/>
  <attribute name="Output T" value="4"/>
  <attribute name="Target GC Util Change" value ="20.000000" />
  <attribute name="Current GC Util Change" value="75.000000"/>
  <attribute name="GC Util currently" value="75" />
  <attribute name="CPU Util currently" value="17006685900609" />
<exclusive-end id="964" timestamp="2019-06-15T09:17:28.381" durationms="5.032" />

<exclusive-start id="965" timestamp="2019-06-15T09:17:28.413" intervalms="37.648">
  <response-info timems="0.035" idlems="0.035" threads="0" lastid="0000000000DCD500" lastname="Thread-9" />
</exclusive-start>
<allocation-taxation id="966" taxation-threshold="58720256" timestamp="2019-06-15T09:17:28.413" intervalms="37.631" />
<cycle-start id="967" type="partial gc" contextid="0" timestamp="2019-06-15T09:17:28.414" intervalms="37.895" />
<gc-start id="968" type="partial gc" contextid="967" timestamp="2019-06-15T09:17:28.414">
  <mem-info id="969" free="67108864" total="209715200" percent="32">
    <mem type="eden" free="0" total="58720256" percent="0" />
    <arraylet-primitive objects="2" leaves="2" largest="1" />
    <remembered-set count="52352" freebytes="8161792" totalbytes="8371200" percent="97" regionsoverflowed="0" regionsstable="2" regionsrebuilding="0"/>
  </mem-info>
</gc-start>
<allocation-stats totalBytes="58712128" >
  <allocated-bytes non-tlh="0" tlh="58712128" arrayletleaf="0"/>
  <largest-consumer threadName="Thread-9" threadId="0000000000DCD500" bytes="22901776" />
</allocation-stats>
<gc-op id="970" type="copy forward" timems="4.085" contextid="967" timestamp="2019-06-15T09:17:28.419">
  <memory-copied type="eden" objects="7723" bytes="324432" bytesdiscarded="0" />
  <memory-copied type="other" objects="23830" bytes="846672" bytesdiscarded="0" />
  <memory-cardclean objects="10670" bytes="525240" />
  <regions eden="56" other="3" />
  <remembered-set-cleared processed="48362" cleared="1646" durationms="0.474" />
  <stringconstants candidates="4597" cleared="0"  />
</gc-op>
<gc-op id="971" type="classunload" timems="0.003" contextid="967" timestamp="2019-06-15T09:17:28.419">
  <classunload-info classloadercandidates="8" classloadersunloaded="0" classesunloaded="0" anonymousclassesunloaded="0" quiescems="0.000" setupms="0.002" scanms="0.000" postms="0.000" />
</gc-op>
<heap-resize id="972" type="expand" space="default" amount="3145728" count="1" timems="0.069" reason="excessive time being spent in gc" timestamp="2019-06-15T09:17:28.419" />
<gc-end id="973" type="partial gc" contextid="967" durationms="5.449" usertimems="0.000" systemtimems="4.000" timestamp="2019-06-15T09:17:28.420" activeThreads="1">
  <mem-info id="974" free="127926272" total="212860928" percent="60">
    <mem type="eden" free="724144" total="1048576" percent="69" />
    <arraylet-primitive objects="2" leaves="2" largest="1" />
    <remembered-set count="52640" freebytes="8286208" totalbytes="8496768" percent="97" regionsoverflowed="0" regionsstable="2" regionsrebuilding="0"/>
  </mem-info>
</gc-end>
<cycle-end id="975" type="partial gc" contextid="967" timestamp="2019-06-15T09:17:28.420" />
  <attribute name="elasticGC enabled" value="1" />
  <attribute name= "numThreadsSpecified" value="1" />
  <attribute name="heapSize specified" value="0" />
  <attribute name="Current GC Util" value="64" />
  <attribute name= "Current Time Running" value="3091" />
  <attribute name ="GC Interval" value="0" />
  <attribute name="ProportionalT" value="22.000000" />
  <attribute name="ProportionalI" value="22.000000" />
  <attribute name="ProportionalH" value="22.000000" />
  <attribute name="Current Error" value="44.000000" />
  <attribute name="IntegralT" value="0.000000" />
  <attribute name="IntegralI" value="0.000000" />
  <attribute name="IntegralH" value="0.000000" />
  <attribute name="DerivativeT" value="inf" />
  <attribute name="DerivativeI" value="inf" />
  <attribute name="DerivativeH" value="inf" />
  <attribute name="Loop Time for DT" value="0.000000" />
  <attribute name="Output H" value="8388608"/>
  <attribute name="Output I" value="200"/>
  <attribute name="Output T" value="1"/>
  <attribute name="Target GC Util Change" value ="20.000000" />
  <attribute name="Current GC Util Change" value="64.000000"/>
  <attribute name="GC Util currently" value="64" />
  <attribute name="CPU Util currently" value="16219085130680" />
<exclusive-end id="976" timestamp="2019-06-15T09:17:28.420" durationms="6.877" />

<exclusive-start id="977" timestamp="2019-06-15T09:17:28.450" intervalms="36.791">
  <response-info timems="0.036" idlems="0.036" threads="0" lastid="0000000000DC9900" lastname="Thread-7" />
</exclusive-start>
<allocation-taxation id="978" taxation-threshold="59768832" timestamp="2019-06-15T09:17:28.450" intervalms="36.779" />
<cycle-start id="979" type="partial gc" contextid="0" timestamp="2019-06-15T09:17:28.450" intervalms="36.429" />
<gc-start id="980" type="partial gc" contextid="979" timestamp="2019-06-15T09:17:28.451">
  <mem-info id="981" free="68157440" total="212860928" percent="32">
    <mem type="eden" free="0" total="59768832" percent="0" />
    <arraylet-primitive objects="2" leaves="2" largest="1" />
    <remembered-set count="52352" freebytes="8287360" totalbytes="8496768" percent="97" regionsoverflowed="0" regionsstable="2" regionsrebuilding="0"/>
  </mem-info>
</gc-start>
<allocation-stats totalBytes="59760528" >
  <allocated-bytes non-tlh="0" tlh="59760528" arrayletleaf="0"/>
  <largest-consumer threadName="Thread-9" threadId="0000000000DCD500" bytes="22906056" />
</allocation-stats>
<gc-op id="982" type="copy forward" timems="3.160" contextid="979" timestamp="2019-06-15T09:17:28.454">
  <memory-copied type="eden" objects="9484" bytes="366488" bytesdiscarded="0" />
  <memory-copied type="other" objects="10299" bytes="384552" bytesdiscarded="0" />
  <memory-cardclean objects="8352" bytes="443880" />
  <regions eden="57" other="2" />
  <remembered-set-cleared processed="49601" cleared="713" durationms="0.511" />
  <stringconstants candidates="4597" cleared="0"  />
</gc-op>
<gc-op id="983" type="classunload" timems="0.002" contextid="979" timestamp="2019-06-15T09:17:28.455">
  <classunload-info classloadercandidates="8" classloadersunloaded="0" classesunloaded="0" anonymousclassesunloaded="0" quiescems="0.000" setupms="0.002" scanms="0.000" postms="0.000" />
</gc-op>
<heap-resize id="984" type="expand" space="default" amount="2097152" count="1" timems="0.064" reason="excessive time being spent in gc" timestamp="2019-06-15T09:17:28.455" />
<gc-end id="985" type="partial gc" contextid="979" durationms="4.396" usertimems="8.000" systemtimems="0.000" timestamp="2019-06-15T09:17:28.455" activeThreads="1">
  <mem-info id="986" free="128974848" total="214958080" percent="60">
    <mem type="eden" free="682088" total="1048576" percent="65" />
    <arraylet-primitive objects="2" leaves="2" largest="1" />
    <remembered-set count="53312" freebytes="8367232" totalbytes="8580480" percent="97" regionsoverflowed="0" regionsstable="2" regionsrebuilding="0"/>
  </mem-info>
</gc-end>
<cycle-end id="987" type="partial gc" contextid="979" timestamp="2019-06-15T09:17:28.455" />
  <attribute name="elasticGC enabled" value="1" />
  <attribute name= "numThreadsSpecified" value="1" />
  <attribute name="heapSize specified" value="0" />
  <attribute name="Current GC Util" value="64" />
  <attribute name= "Current Time Running" value="3128" />
  <attribute name ="GC Interval" value="0" />
  <attribute name="ProportionalT" value="22.000000" />
  <attribute name="ProportionalI" value="22.000000" />
  <attribute name="ProportionalH" value="22.000000" />
  <attribute name="Current Error" value="44.000000" />
  <attribute name="IntegralT" value="0.000000" />
  <attribute name="IntegralI" value="0.000000" />
  <attribute name="IntegralH" value="0.000000" />
  <attribute name="DerivativeT" value="inf" />
  <attribute name="DerivativeI" value="inf" />
  <attribute name="DerivativeH" value="inf" />
  <attribute name="Loop Time for DT" value="0.000000" />
  <attribute name="Output H" value="8388608"/>
  <attribute name="Output I" value="200"/>
  <attribute name="Output T" value="1"/>
  <attribute name="Target GC Util Change" value ="20.000000" />
  <attribute name="Current GC Util Change" value="64.000000"/>
  <attribute name="GC Util currently" value="64" />
  <attribute name="CPU Util currently" value="18426548537476" />
<exclusive-end id="988" timestamp="2019-06-15T09:17:28.455" durationms="5.360" />

<exclusive-start id="989" timestamp="2019-06-15T09:17:28.493" intervalms="43.203">
  <response-info timems="0.036" idlems="0.036" threads="0" lastid="0000000000DC9900" lastname="Thread-7" />
</exclusive-start>
<allocation-taxation id="990" taxation-threshold="59768832" timestamp="2019-06-15T09:17:28.493" intervalms="43.187" />
<cycle-start id="991" type="partial gc" contextid="0" timestamp="2019-06-15T09:17:28.493" intervalms="43.191" />
<gc-start id="992" type="partial gc" contextid="991" timestamp="2019-06-15T09:17:28.494">
  <mem-info id="993" free="69206016" total="214958080" percent="32">
    <mem type="eden" free="0" total="59768832" percent="0" />
    <arraylet-primitive objects="2" leaves="2" largest="1" />
    <remembered-set count="53248" freebytes="8367488" totalbytes="8580480" percent="97" regionsoverflowed="0" regionsstable="2" regionsrebuilding="0"/>
  </mem-info>
</gc-start>
<allocation-stats totalBytes="59760048" >
  <allocated-bytes non-tlh="0" tlh="59760048" arrayletleaf="0"/>
  <largest-consumer threadName="Thread-9" threadId="0000000000DCD500" bytes="26665336" />
</allocation-stats>
<gc-op id="994" type="copy forward" timems="3.255" contextid="991" timestamp="2019-06-15T09:17:28.498">
  <memory-copied type="eden" objects="3726" bytes="91112" bytesdiscarded="0" />
  <memory-copied type="other" objects="16593" bytes="672984" bytesdiscarded="0" />
  <memory-cardclean objects="6817" bytes="332232" />
  <regions eden="57" other="2" />
  <remembered-set-cleared processed="50384" cleared="965" durationms="0.510" />
  <stringconstants candidates="4597" cleared="0"  />
</gc-op>
<gc-op id="995" type="classunload" timems="0.010" contextid="991" timestamp="2019-06-15T09:17:28.498">
  <classunload-info classloadercandidates="8" classloadersunloaded="0" classesunloaded="0" anonymousclassesunloaded="0" quiescems="0.000" setupms="0.010" scanms="0.000" postms="0.000" />
</gc-op>
<heap-resize id="996" type="expand" space="default" amount="3145728" count="1" timems="0.070" reason="excessive time being spent in gc" timestamp="2019-06-15T09:17:28.498" />
<gc-end id="997" type="partial gc" contextid="991" durationms="4.535" usertimems="8.000" systemtimems="0.000" timestamp="2019-06-15T09:17:28.498" activeThreads="1">
  <mem-info id="998" free="131072000" total="218103808" percent="60">
    <mem type="eden" free="957464" total="1048576" percent="91" />
    <arraylet-primitive objects="2" leaves="2" largest="1" />
    <remembered-set count="54976" freebytes="8486144" totalbytes="8706048" percent="97" regionsoverflowed="0" regionsstable="2" regionsrebuilding="0"/>
  </mem-info>
</gc-end>
<cycle-end id="999" type="partial gc" contextid="991" timestamp="2019-06-15T09:17:28.498" />
  <attribute name="elasticGC enabled" value="1" />
  <attribute name= "numThreadsSpecified" value="1" />
  <attribute name="heapSize specified" value="0" />
  <attribute name="Current GC Util" value="64" />
  <attribute name= "Current Time Running" value="3171" />
  <attribute name ="GC Interval" value="0" />
  <attribute name="ProportionalT" value="22.000000" />
  <attribute name="ProportionalI" value="22.000000" />
  <attribute name="ProportionalH" value="22.000000" />
  <attribute name="Current Error" value="44.000000" />
  <attribute name="IntegralT" value="0.000000" />
  <attribute name="IntegralI" value="0.000000" />
  <attribute name="IntegralH" value="0.000000" />
  <attribute name="DerivativeT" value="inf" />
  <attribute name="DerivativeI" value="inf" />
  <attribute name="DerivativeH" value="inf" />
  <attribute name="Loop Time for DT" value="0.000000" />
  <attribute name="Output H" value="8388608"/>
  <attribute name="Output I" value="200"/>
  <attribute name="Output T" value="1"/>
  <attribute name="Target GC Util Change" value ="20.000000" />
  <attribute name="Current GC Util Change" value="64.000000"/>
  <attribute name="GC Util currently" value="64" />
  <attribute name="CPU Util currently" value="17148977976857" />
<exclusive-end id="1000" timestamp="2019-06-15T09:17:28.499" durationms="5.448" />

<exclusive-start id="1001" timestamp="2019-06-15T09:17:28.532" intervalms="39.075">
  <response-info timems="0.027" idlems="0.027" threads="0" lastid="0000000000DC5D00" lastname="Thread-10" />
</exclusive-start>
<allocation-taxation id="1002" taxation-threshold="60817408" timestamp="2019-06-15T09:17:28.532" intervalms="39.125" />
<cycle-start id="1003" type="partial gc" contextid="0" timestamp="2019-06-15T09:17:28.533" intervalms="39.114" />
<gc-start id="1004" type="partial gc" contextid="1003" timestamp="2019-06-15T09:17:28.533">
  <mem-info id="1005" free="70254592" total="218103808" percent="32">
    <mem type="eden" free="0" total="60817408" percent="0" />
    <arraylet-primitive objects="2" leaves="2" largest="1" />
    <remembered-set count="54688" freebytes="8487296" totalbytes="8706048" percent="97" regionsoverflowed="0" regionsstable="2" regionsrebuilding="0"/>
  </mem-info>
</gc-start>
<allocation-stats totalBytes="60808552" >
  <allocated-bytes non-tlh="0" tlh="60808552" arrayletleaf="0"/>
  <largest-consumer threadName="Thread-7" threadId="0000000000DC9900" bytes="17266224" />
</allocation-stats>
<gc-op id="1006" type="copy forward" timems="4.309" contextid="1003" timestamp="2019-06-15T09:17:28.538">
  <memory-copied type="eden" objects="20509" bytes="768640" bytesdiscarded="0" />
  <memory-copied type="other" objects="12596" bytes="439680" bytesdiscarded="0" />
  <memory-cardclean objects="10931" bytes="556440" />
  <regions eden="58" other="2" />
  <remembered-set-cleared processed="51055" cleared="1131" durationms="0.524" />
  <stringconstants candidates="4597" cleared="0"  />
</gc-op>
<gc-op id="1007" type="classunload" timems="0.002" contextid="1003" timestamp="2019-06-15T09:17:28.538">
  <classunload-info classloadercandidates="8" classloadersunloaded="0" classesunloaded="0" anonymousclassesunloaded="0" quiescems="0.000" setupms="0.002" scanms="0.000" postms="0.000" />
</gc-op>
<heap-resize id="1008" type="expand" space="default" amount="2097152" count="1" timems="0.065" reason="excessive time being spent in gc" timestamp="2019-06-15T09:17:28.538" />
<gc-end id="1009" type="partial gc" contextid="1003" durationms="5.685" usertimems="8.000" systemtimems="0.000" timestamp="2019-06-15T09:17:28.539" activeThreads="1">
  <mem-info id="1010" free="132120576" total="220200960" percent="60">
    <mem type="eden" free="279936" total="1048576" percent="26" />
    <arraylet-primitive objects="2" leaves="2" largest="1" />
    <remembered-set count="56608" freebytes="8563328" totalbytes="8789760" percent="97" regionsoverflowed="0" regionsstable="2" regionsrebuilding="0"/>
  </mem-info>
</gc-end>
<cycle-end id="1011" type="partial gc" contextid="1003" timestamp="2019-06-15T09:17:28.539" />
  <attribute name="elasticGC enabled" value="1" />
  <attribute name= "numThreadsSpecified" value="1" />
  <attribute name="heapSize specified" value="0" />
  <attribute name="Current GC Util" value="75" />
  <attribute name= "Current Time Running" value="3210" />
  <attribute name ="GC Interval" value="0" />
  <attribute name="ProportionalT" value="27.500000" />
  <attribute name="ProportionalI" value="27.500000" />
  <attribute name="ProportionalH" value="27.500000" />
  <attribute name="Current Error" value="55.000000" />
  <attribute name="IntegralT" value="0.000000" />
  <attribute name="IntegralI" value="0.000000" />
  <attribute name="IntegralH" value="0.000000" />
  <attribute name="DerivativeT" value="inf" />
  <attribute name="DerivativeI" value="inf" />
  <attribute name="DerivativeH" value="inf" />
  <attribute name="Loop Time for DT" value="0.000000" />
  <attribute name="Output H" value="8388608"/>
  <attribute name="Output I" value="200"/>
  <attribute name="Output T" value="1"/>
  <attribute name="Target GC Util Change" value ="20.000000" />
  <attribute name="Current GC Util Change" value="75.000000"/>
  <attribute name="GC Util currently" value="75" />
  <attribute name="CPU Util currently" value="19119204701534" />
<exclusive-end id="1012" timestamp="2019-06-15T09:17:28.539" durationms="6.721" />

<exclusive-start id="1013" timestamp="2019-06-15T09:17:28.565" intervalms="32.834">
  <response-info timems="0.033" idlems="0.033" threads="0" lastid="0000000000DC5D00" lastname="Thread-10" />
</exclusive-start>
<allocation-taxation id="1014" taxation-threshold="60817408" timestamp="2019-06-15T09:17:28.565" intervalms="32.829" />
<cycle-start id="1015" type="partial gc" contextid="0" timestamp="2019-06-15T09:17:28.565" intervalms="32.851" />
<gc-start id="1016" type="partial gc" contextid="1015" timestamp="2019-06-15T09:17:28.566">
  <mem-info id="1017" free="71303168" total="220200960" percent="32">
    <mem type="eden" free="0" total="60817408" percent="0" />
    <arraylet-primitive objects="2" leaves="2" largest="1" />
    <remembered-set count="56416" freebytes="8564096" totalbytes="8789760" percent="97" regionsoverflowed="0" regionsstable="2" regionsrebuilding="0"/>
  </mem-info>
</gc-start>
<allocation-stats totalBytes="60808752" >
  <allocated-bytes non-tlh="0" tlh="60808752" arrayletleaf="0"/>
  <largest-consumer threadName="Thread-8" threadId="0000000000DD1100" bytes="18154928" />
</allocation-stats>
<gc-op id="1018" type="copy forward" timems="4.640" contextid="1015" timestamp="2019-06-15T09:17:28.571">
  <memory-copied type="eden" objects="30118" bytes="1273920" bytesdiscarded="8" />
  <memory-copied type="other" objects="10069" bytes="241656" bytesdiscarded="0" />
  <memory-cardclean objects="12502" bytes="635904" />
  <regions eden="58" other="2" />
  <remembered-set-cleared processed="51975" cleared="1234" durationms="0.518" />
  <stringconstants candidates="4597" cleared="0"  />
</gc-op>
<gc-op id="1019" type="classunload" timems="0.003" contextid="1015" timestamp="2019-06-15T09:17:28.571">
  <classunload-info classloadercandidates="8" classloadersunloaded="0" classesunloaded="0" anonymousclassesunloaded="0" quiescems="0.000" setupms="0.002" scanms="0.000" postms="0.000" />
</gc-op>
<heap-resize id="1020" type="expand" space="default" amount="5242880" count="1" timems="0.083" reason="excessive time being spent in gc" timestamp="2019-06-15T09:17:28.572" />
<gc-end id="1021" type="partial gc" contextid="1015" durationms="5.974" usertimems="0.000" systemtimems="4.000" timestamp="2019-06-15T09:17:28.572" activeThreads="1">
  <mem-info id="1022" free="135266304" total="225443840" percent="60">
    <mem type="eden" free="823224" total="2097152" percent="39" />
    <arraylet-primitive objects="2" leaves="2" largest="1" />
    <remembered-set count="57408" freebytes="8769408" totalbytes="8999040" percent="97" regionsoverflowed="0" regionsstable="2" regionsrebuilding="0"/>
  </mem-info>
</gc-end>
<cycle-end id="1023" type="partial gc" contextid="1015" timestamp="2019-06-15T09:17:28.572" />
  <attribute name="elasticGC enabled" value="1" />
  <attribute name= "numThreadsSpecified" value="1" />
  <attribute name="heapSize specified" value="0" />
  <attribute name="Current GC Util" value="78" />
  <attribute name= "Current Time Running" value="3243" />
  <attribute name ="GC Interval" value="0" />
  <attribute name="ProportionalT" value="29.000000" />
  <attribute name="ProportionalI" value="29.000000" />
  <attribute name="ProportionalH" value="29.000000" />
  <attribute name="Current Error" value="58.000000" />
  <attribute name="IntegralT" value="0.000000" />
  <attribute name="IntegralI" value="0.000000" />
  <attribute name="IntegralH" value="0.000000" />
  <attribute name="DerivativeT" value="inf" />
  <attribute name="DerivativeI" value="inf" />
  <attribute name="DerivativeH" value="inf" />
  <attribute name="Loop Time for DT" value="0.000000" />
  <attribute name="Output H" value="8388608"/>
  <attribute name="Output I" value="200"/>
  <attribute name="Output T" value="1"/>
  <attribute name="Target GC Util Change" value ="20.000000" />
  <attribute name="Current GC Util Change" value="78.000000"/>
  <attribute name="GC Util currently" value="78" />
  <attribute name="CPU Util currently" value="19143808384097" />
<exclusive-end id="1024" timestamp="2019-06-15T09:17:28.572" durationms="7.013" />

<exclusive-start id="1025" timestamp="2019-06-15T09:17:28.604" intervalms="38.442">
  <response-info timems="0.057" idlems="0.057" threads="0" lastid="0000000000DC5D00" lastname="Thread-10" />
</exclusive-start>
<allocation-taxation id="1026" taxation-threshold="62914560" timestamp="2019-06-15T09:17:28.604" intervalms="38.440" />
<cycle-start id="1027" type="partial gc" contextid="0" timestamp="2019-06-15T09:17:28.604" intervalms="38.390" />
<gc-start id="1028" type="partial gc" contextid="1027" timestamp="2019-06-15T09:17:28.604">
  <mem-info id="1029" free="72351744" total="225443840" percent="32">
    <mem type="eden" free="0" total="62914560" percent="0" />
    <arraylet-primitive objects="2" leaves="2" largest="1" />
    <remembered-set count="57248" freebytes="8770048" totalbytes="8999040" percent="97" regionsoverflowed="0" regionsstable="2" regionsrebuilding="0"/>
  </mem-info>
</gc-start>
<allocation-stats totalBytes="62906056" >
  <allocated-bytes non-tlh="0" tlh="62906056" arrayletleaf="0"/>
  <largest-consumer threadName="Thread-8" threadId="0000000000DD1100" bytes="16910520" />
</allocation-stats>
<gc-op id="1030" type="copy forward" timems="4.063" contextid="1027" timestamp="2019-06-15T09:17:28.609">
  <memory-copied type="eden" objects="20557" bytes="1044296" bytesdiscarded="0" />
  <memory-copied type="other" objects="11172" bytes="268128" bytesdiscarded="0" />
  <memory-cardclean objects="9136" bytes="455712" />
  <regions eden="60" other="3" />
  <remembered-set-cleared processed="52807" cleared="1339" durationms="0.528" />
  <stringconstants candidates="4597" cleared="0"  />
</gc-op>
<gc-op id="1031" type="classunload" timems="0.002" contextid="1027" timestamp="2019-06-15T09:17:28.609">
  <classunload-info classloadercandidates="8" classloadersunloaded="0" classesunloaded="0" anonymousclassesunloaded="0" quiescems="0.000" setupms="0.002" scanms="0.000" postms="0.000" />
</gc-op>
<gc-end id="1032" type="partial gc" contextid="1027" durationms="5.209" usertimems="4.000" systemtimems="0.000" timestamp="2019-06-15T09:17:28.609" activeThreads="1">
  <mem-info id="1033" free="135266304" total="225443840" percent="60">
    <mem type="eden" free="4280" total="1048576" percent="0" />
    <arraylet-primitive objects="2" leaves="2" largest="1" />
    <remembered-set count="57152" freebytes="8770432" totalbytes="8999040" percent="97" regionsoverflowed="0" regionsstable="2" regionsrebuilding="0"/>
  </mem-info>
</gc-end>
<cycle-end id="1034" type="partial gc" contextid="1027" timestamp="2019-06-15T09:17:28.609" />
  <attribute name="elasticGC enabled" value="1" />
  <attribute name= "numThreadsSpecified" value="1" />
  <attribute name="heapSize specified" value="0" />
  <attribute name="Current GC Util" value="86" />
  <attribute name= "Current Time Running" value="3281" />
  <attribute name ="GC Interval" value="0" />
  <attribute name="ProportionalT" value="33.000000" />
  <attribute name="ProportionalI" value="33.000000" />
  <attribute name="ProportionalH" value="33.000000" />
  <attribute name="Current Error" value="66.000000" />
  <attribute name="IntegralT" value="0.000000" />
  <attribute name="IntegralI" value="0.000000" />
  <attribute name="IntegralH" value="0.000000" />
  <attribute name="DerivativeT" value="inf" />
  <attribute name="DerivativeI" value="inf" />
  <attribute name="DerivativeH" value="inf" />
  <attribute name="Loop Time for DT" value="0.000000" />
  <attribute name="Output H" value="8388608"/>
  <attribute name="Output I" value="200"/>
  <attribute name="Output T" value="1"/>
  <attribute name="Target GC Util Change" value ="20.000000" />
  <attribute name="Current GC Util Change" value="86.000000"/>
  <attribute name="GC Util currently" value="86" />
  <attribute name="CPU Util currently" value="19809903083620" />
<exclusive-end id="1035" timestamp="2019-06-15T09:17:28.610" durationms="6.188" />

<exclusive-start id="1036" timestamp="2019-06-15T09:17:28.651" intervalms="47.670">
  <response-info timems="0.036" idlems="0.036" threads="0" lastid="0000000000DC5D00" lastname="Thread-10" />
</exclusive-start>
<allocation-taxation id="1037" taxation-threshold="62914560" timestamp="2019-06-15T09:17:28.651" intervalms="47.671" />
<cycle-start id="1038" type="partial gc" contextid="0" timestamp="2019-06-15T09:17:28.652" intervalms="47.714" />
<gc-start id="1039" type="partial gc" contextid="1038" timestamp="2019-06-15T09:17:28.652">
  <mem-info id="1040" free="72351744" total="225443840" percent="32">
    <mem type="eden" free="0" total="62914560" percent="0" />
    <arraylet-primitive objects="2" leaves="2" largest="1" />
    <remembered-set count="56960" freebytes="8771200" totalbytes="8999040" percent="97" regionsoverflowed="0" regionsstable="2" regionsrebuilding="0"/>
  </mem-info>
</gc-start>
<allocation-stats totalBytes="62905872" >
  <allocated-bytes non-tlh="0" tlh="62905872" arrayletleaf="0"/>
  <largest-consumer threadName="Thread-7" threadId="0000000000DC9900" bytes="17884696" />
</allocation-stats>
<gc-op id="1041" type="copy forward" timems="3.654" contextid="1038" timestamp="2019-06-15T09:17:28.656">
  <memory-copied type="eden" objects="5173" bytes="125624" bytesdiscarded="0" />
  <memory-copied type="other" objects="24768" bytes="1143936" bytesdiscarded="0" />
  <memory-cardclean objects="3460" bytes="175152" />
  <regions eden="60" other="2" />
  <remembered-set-cleared processed="53446" cleared="656" durationms="0.521" />
  <stringconstants candidates="4597" cleared="0"  />
</gc-op>
<gc-op id="1042" type="classunload" timems="0.003" contextid="1038" timestamp="2019-06-15T09:17:28.656">
  <classunload-info classloadercandidates="8" classloadersunloaded="0" classesunloaded="0" anonymousclassesunloaded="0" quiescems="0.000" setupms="0.002" scanms="0.000" postms="0.000" />
</gc-op>
<heap-resize id="1043" type="expand" space="default" amount="3145728" count="1" timems="0.073" reason="excessive time being spent in gc" timestamp="2019-06-15T09:17:28.657" />
<gc-end id="1044" type="partial gc" contextid="1038" durationms="5.064" usertimems="4.000" systemtimems="0.000" timestamp="2019-06-15T09:17:28.657" activeThreads="1">
  <mem-info id="1045" free="137363456" total="228589568" percent="60">
    <mem type="eden" free="922952" total="1048576" percent="88" />
    <arraylet-primitive objects="2" leaves="2" largest="1" />
    <remembered-set count="58528" freebytes="8890496" totalbytes="9124608" percent="97" regionsoverflowed="0" regionsstable="2" regionsrebuilding="0"/>
  </mem-info>
</gc-end>
<cycle-end id="1046" type="partial gc" contextid="1038" timestamp="2019-06-15T09:17:28.657" />
  <attribute name="elasticGC enabled" value="1" />
  <attribute name= "numThreadsSpecified" value="1" />
  <attribute name="heapSize specified" value="0" />
  <attribute name="Current GC Util" value="74" />
  <attribute name= "Current Time Running" value="3329" />
  <attribute name ="GC Interval" value="0" />
  <attribute name="ProportionalT" value="27.000000" />
  <attribute name="ProportionalI" value="27.000000" />
  <attribute name="ProportionalH" value="27.000000" />
  <attribute name="Current Error" value="54.000000" />
  <attribute name="IntegralT" value="0.000000" />
  <attribute name="IntegralI" value="0.000000" />
  <attribute name="IntegralH" value="0.000000" />
  <attribute name="DerivativeT" value="inf" />
  <attribute name="DerivativeI" value="inf" />
  <attribute name="DerivativeH" value="inf" />
  <attribute name="Loop Time for DT" value="0.000000" />
  <attribute name="Output H" value="8388608"/>
  <attribute name="Output I" value="200"/>
  <attribute name="Output T" value="1"/>
  <attribute name="Target GC Util Change" value ="20.000000" />
  <attribute name="Current GC Util Change" value="74.000000"/>
  <attribute name="GC Util currently" value="74" />
  <attribute name="CPU Util currently" value="20307567012615" />
<exclusive-end id="1047" timestamp="2019-06-15T09:17:28.657" durationms="6.025" />

<exclusive-start id="1048" timestamp="2019-06-15T09:17:28.701" intervalms="49.952">
  <response-info timems="0.030" idlems="0.030" threads="0" lastid="0000000000DC9900" lastname="Thread-7" />
</exclusive-start>
<allocation-taxation id="1049" taxation-threshold="62914560" timestamp="2019-06-15T09:17:28.701" intervalms="49.989" />
<cycle-start id="1050" type="partial gc" contextid="0" timestamp="2019-06-15T09:17:28.702" intervalms="50.031" />
<gc-start id="1051" type="partial gc" contextid="1050" timestamp="2019-06-15T09:17:28.702">
  <mem-info id="1052" free="74448896" total="228589568" percent="32">
    <mem type="eden" free="0" total="62914560" percent="0" />
    <arraylet-primitive objects="2" leaves="2" largest="1" />
    <remembered-set count="58144" freebytes="8892032" totalbytes="9124608" percent="97" regionsoverflowed="0" regionsstable="2" regionsrebuilding="0"/>
  </mem-info>
</gc-start>
<allocation-stats totalBytes="62906120" >
  <allocated-bytes non-tlh="0" tlh="62906120" arrayletleaf="0"/>
  <largest-consumer threadName="Thread-7" threadId="0000000000DC9900" bytes="16807848" />
</allocation-stats>
<gc-op id="1053" type="copy forward" timems="4.211" contextid="1050" timestamp="2019-06-15T09:17:28.707">
  <memory-copied type="eden" objects="5291" bytes="128584" bytesdiscarded="0" />
  <memory-copied type="other" objects="29642" bytes="1260912" bytesdiscarded="0" />
  <memory-cardclean objects="3460" bytes="175152" />
  <regions eden="60" other="3" />
  <remembered-set-cleared processed="53839" cleared="1049" durationms="0.543" />
  <stringconstants candidates="4597" cleared="0"  />
</gc-op>
<gc-op id="1054" type="classunload" timems="0.002" contextid="1050" timestamp="2019-06-15T09:17:28.707">
  <classunload-info classloadercandidates="8" classloadersunloaded="0" classesunloaded="0" anonymousclassesunloaded="0" quiescems="0.000" setupms="0.002" scanms="0.000" postms="0.000" />
</gc-op>
<heap-resize id="1055" type="expand" space="default" amount="2097152" count="1" timems="0.075" reason="excessive time being spent in gc" timestamp="2019-06-15T09:17:28.707" />
<gc-end id="1056" type="partial gc" contextid="1050" durationms="5.719" usertimems="8.000" systemtimems="0.000" timestamp="2019-06-15T09:17:28.708" activeThreads="1">
  <mem-info id="1057" free="138412032" total="230686720" percent="60">
    <mem type="eden" free="919992" total="1048576" percent="87" />
    <arraylet-primitive objects="2" leaves="2" largest="1" />
    <remembered-set count="59552" freebytes="8970112" totalbytes="9208320" percent="97" regionsoverflowed="0" regionsstable="2" regionsrebuilding="0"/>
  </mem-info>
</gc-end>
<cycle-end id="1058" type="partial gc" contextid="1050" timestamp="2019-06-15T09:17:28.708" />
  <attribute name="elasticGC enabled" value="1" />
  <attribute name= "numThreadsSpecified" value="1" />
  <attribute name="heapSize specified" value="0" />
  <attribute name="Current GC Util" value="70" />
  <attribute name= "Current Time Running" value="3379" />
  <attribute name ="GC Interval" value="0" />
  <attribute name="ProportionalT" value="25.000000" />
  <attribute name="ProportionalI" value="25.000000" />
  <attribute name="ProportionalH" value="25.000000" />
  <attribute name="Current Error" value="50.000000" />
  <attribute name="IntegralT" value="0.000000" />
  <attribute name="IntegralI" value="0.000000" />
  <attribute name="IntegralH" value="0.000000" />
  <attribute name="DerivativeT" value="inf" />
  <attribute name="DerivativeI" value="inf" />
  <attribute name="DerivativeH" value="inf" />
  <attribute name="Loop Time for DT" value="0.000000" />
  <attribute name="Output H" value="8388608"/>
  <attribute name="Output I" value="200"/>
  <attribute name="Output T" value="1"/>
  <attribute name="Target GC Util Change" value ="20.000000" />
  <attribute name="Current GC Util Change" value="70.000000"/>
  <attribute name="GC Util currently" value="70" />
  <attribute name="CPU Util currently" value="17355042441870" />
<exclusive-end id="1059" timestamp="2019-06-15T09:17:28.708" durationms="6.909" />

<exclusive-start id="1060" timestamp="2019-06-15T09:17:28.752" intervalms="50.407">
  <response-info timems="0.033" idlems="0.033" threads="0" lastid="0000000000DCD500" lastname="Thread-9" />
</exclusive-start>
<allocation-taxation id="1061" taxation-threshold="63963136" timestamp="2019-06-15T09:17:28.752" intervalms="50.402" />
<cycle-start id="1062" type="partial gc" contextid="0" timestamp="2019-06-15T09:17:28.752" intervalms="50.436" />
<gc-start id="1063" type="partial gc" contextid="1062" timestamp="2019-06-15T09:17:28.752">
  <mem-info id="1064" free="74448896" total="230686720" percent="32">
    <mem type="eden" free="0" total="63963136" percent="0" />
    <arraylet-primitive objects="2" leaves="2" largest="1" />
    <remembered-set count="59232" freebytes="8971392" totalbytes="9208320" percent="97" regionsoverflowed="0" regionsstable="2" regionsrebuilding="0"/>
  </mem-info>
</gc-start>
<allocation-stats totalBytes="63954264" >
  <allocated-bytes non-tlh="0" tlh="63954264" arrayletleaf="0"/>
  <largest-consumer threadName="Thread-7" threadId="0000000000DC9900" bytes="16504520" />
</allocation-stats>
<gc-op id="1065" type="copy forward" timems="3.387" contextid="1062" timestamp="2019-06-15T09:17:28.756">
  <memory-copied type="eden" objects="10765" bytes="397288" bytesdiscarded="2104" />
  <memory-copied type="other" objects="9832" bytes="235968" bytesdiscarded="0" />
  <memory-cardclean objects="15434" bytes="810648" />
  <regions eden="61" other="2" />
  <remembered-set-cleared processed="54550" cleared="918" durationms="0.240" />
  <stringconstants candidates="4597" cleared="0"  />
</gc-op>
<gc-op id="1066" type="classunload" timems="0.003" contextid="1062" timestamp="2019-06-15T09:17:28.757">
  <classunload-info classloadercandidates="8" classloadersunloaded="0" classesunloaded="0" anonymousclassesunloaded="0" quiescems="0.000" setupms="0.002" scanms="0.000" postms="0.000" />
</gc-op>
<gc-end id="1067" type="partial gc" contextid="1062" durationms="4.576" usertimems="8.000" systemtimems="0.000" timestamp="2019-06-15T09:17:28.757" activeThreads="4">
  <mem-info id="1068" free="137363456" total="230686720" percent="59">
    <mem type="eden" free="649184" total="1048576" percent="61" />
    <arraylet-primitive objects="2" leaves="2" largest="1" />
    <remembered-set count="60064" freebytes="8968064" totalbytes="9208320" percent="97" regionsoverflowed="0" regionsstable="2" regionsrebuilding="0"/>
  </mem-info>
</gc-end>
<cycle-end id="1069" type="partial gc" contextid="1062" timestamp="2019-06-15T09:17:28.757" />
  <attribute name="elasticGC enabled" value="1" />
  <attribute name= "numThreadsSpecified" value="4" />
  <attribute name="heapSize specified" value="0" />
  <attribute name="Current GC Util" value="68" />
  <attribute name= "Current Time Running" value="3430" />
  <attribute name ="GC Interval" value="0" />
  <attribute name="ProportionalT" value="24.000000" />
  <attribute name="ProportionalI" value="24.000000" />
  <attribute name="ProportionalH" value="24.000000" />
  <attribute name="Current Error" value="48.000000" />
  <attribute name="IntegralT" value="48.000000" />
  <attribute name="IntegralI" value="48.000000" />
  <attribute name="IntegralH" value="48.000000" />
  <attribute name="DerivativeT" value="72.000000" />
  <attribute name="DerivativeI" value="72.000000" />
  <attribute name="DerivativeH" value="72.000000" />
  <attribute name="Loop Time for DT" value="1.000000" />
  <attribute name="Output H" value="8388608"/>
  <attribute name="Output I" value="200"/>
  <attribute name="Output T" value="4"/>
  <attribute name="Target GC Util Change" value ="20.000000" />
  <attribute name="Current GC Util Change" value="68.000000"/>
  <attribute name="GC Util currently" value="68" />
  <attribute name="CPU Util currently" value="18399787772688" />
<exclusive-end id="1070" timestamp="2019-06-15T09:17:28.757" durationms="5.748" />

<exclusive-start id="1071" timestamp="2019-06-15T09:17:28.798" intervalms="46.283">
  <response-info timems="0.025" idlems="0.025" threads="0" lastid="0000000000DCD500" lastname="Thread-9" />
</exclusive-start>
<allocation-taxation id="1072" taxation-threshold="63963136" timestamp="2019-06-15T09:17:28.798" intervalms="46.255" />
<cycle-start id="1073" type="partial gc" contextid="0" timestamp="2019-06-15T09:17:28.798" intervalms="46.172" />
<gc-start id="1074" type="partial gc" contextid="1073" timestamp="2019-06-15T09:17:28.798">
  <mem-info id="1075" free="73400320" total="230686720" percent="31">
    <mem type="eden" free="0" total="63963136" percent="0" />
    <arraylet-primitive objects="2" leaves="2" largest="1" />
    <remembered-set count="59584" freebytes="8969984" totalbytes="9208320" percent="97" regionsoverflowed="0" regionsstable="2" regionsrebuilding="0"/>
  </mem-info>
</gc-start>
<allocation-stats totalBytes="63953904" >
  <allocated-bytes non-tlh="0" tlh="63953904" arrayletleaf="0"/>
  <largest-consumer threadName="Thread-9" threadId="0000000000DCD500" bytes="17167880" />
</allocation-stats>
<gc-op id="1076" type="copy forward" timems="3.922" contextid="1073" timestamp="2019-06-15T09:17:28.803">
  <memory-copied type="eden" objects="10064" bytes="380176" bytesdiscarded="0" />
  <memory-copied type="other" objects="15392" bytes="506784" bytesdiscarded="0" />
  <memory-cardclean objects="14422" bytes="701112" />
  <regions eden="61" other="2" />
  <remembered-set-cleared processed="55647" cleared="1367" durationms="0.586" />
  <stringconstants candidates="4597" cleared="0"  />
</gc-op>
<gc-op id="1077" type="classunload" timems="0.002" contextid="1073" timestamp="2019-06-15T09:17:28.803">
  <classunload-info classloadercandidates="8" classloadersunloaded="0" classesunloaded="0" anonymousclassesunloaded="0" quiescems="0.000" setupms="0.002" scanms="0.000" postms="0.000" />
</gc-op>
<gc-end id="1078" type="partial gc" contextid="1073" durationms="5.131" usertimems="4.000" systemtimems="0.000" timestamp="2019-06-15T09:17:28.804" activeThreads="1">
  <mem-info id="1079" free="136314880" total="230686720" percent="59">
    <mem type="eden" free="668400" total="1048576" percent="63" />
    <arraylet-primitive objects="2" leaves="2" largest="1" />
    <remembered-set count="60896" freebytes="8964736" totalbytes="9208320" percent="97" regionsoverflowed="0" regionsstable="2" regionsrebuilding="0"/>
  </mem-info>
</gc-end>
<cycle-end id="1080" type="partial gc" contextid="1073" timestamp="2019-06-15T09:17:28.804" />
  <attribute name="elasticGC enabled" value="1" />
  <attribute name= "numThreadsSpecified" value="1" />
  <attribute name="heapSize specified" value="0" />
  <attribute name="Current GC Util" value="56" />
  <attribute name= "Current Time Running" value="3476" />
  <attribute name ="GC Interval" value="0" />
  <attribute name="ProportionalT" value="18.000000" />
  <attribute name="ProportionalI" value="18.000000" />
  <attribute name="ProportionalH" value="18.000000" />
  <attribute name="Current Error" value="36.000000" />
  <attribute name="IntegralT" value="0.000000" />
  <attribute name="IntegralI" value="0.000000" />
  <attribute name="IntegralH" value="0.000000" />
  <attribute name="DerivativeT" value="inf" />
  <attribute name="DerivativeI" value="inf" />
  <attribute name="DerivativeH" value="inf" />
  <attribute name="Loop Time for DT" value="0.000000" />
  <attribute name="Output H" value="8388608"/>
  <attribute name="Output I" value="200"/>
  <attribute name="Output T" value="1"/>
  <attribute name="Target GC Util Change" value ="20.000000" />
  <attribute name="Current GC Util Change" value="56.000000"/>
  <attribute name="GC Util currently" value="56" />
  <attribute name="CPU Util currently" value="17605214764638" />
<exclusive-end id="1081" timestamp="2019-06-15T09:17:28.804" durationms="6.251" />

<exclusive-start id="1082" timestamp="2019-06-15T09:17:28.837" intervalms="39.618">
  <response-info timems="0.033" idlems="0.033" threads="0" lastid="0000000000DC9900" lastname="Thread-7" />
</exclusive-start>
<allocation-taxation id="1083" taxation-threshold="63963136" timestamp="2019-06-15T09:17:28.838" intervalms="39.585" />
<cycle-start id="1084" type="partial gc" contextid="0" timestamp="2019-06-15T09:17:28.838" intervalms="39.670" />
<gc-start id="1085" type="partial gc" contextid="1084" timestamp="2019-06-15T09:17:28.838">
  <mem-info id="1086" free="72351744" total="230686720" percent="31">
    <mem type="eden" free="0" total="63963136" percent="0" />
    <arraylet-primitive objects="2" leaves="2" largest="1" />
    <remembered-set count="60576" freebytes="8966016" totalbytes="9208320" percent="97" regionsoverflowed="0" regionsstable="2" regionsrebuilding="0"/>
  </mem-info>
</gc-start>
<allocation-stats totalBytes="63953448" >
  <allocated-bytes non-tlh="0" tlh="63953448" arrayletleaf="0"/>
  <largest-consumer threadName="Thread-9" threadId="0000000000DCD500" bytes="17703760" />
</allocation-stats>
<gc-op id="1087" type="copy forward" timems="3.185" contextid="1084" timestamp="2019-06-15T09:17:28.842">
  <memory-copied type="eden" objects="22166" bytes="945472" bytesdiscarded="72392" />
  <memory-copied type="other" objects="13665" bytes="465336" bytesdiscarded="1384" />
  <memory-cardclean objects="10528" bytes="521880" />
  <regions eden="61" other="2" />
  <remembered-set-cleared processed="56723" cleared="1476" durationms="0.242" />
  <stringconstants candidates="4597" cleared="0"  />
</gc-op>
<gc-op id="1088" type="classunload" timems="0.002" contextid="1084" timestamp="2019-06-15T09:17:28.842">
  <classunload-info classloadercandidates="8" classloadersunloaded="0" classesunloaded="0" anonymousclassesunloaded="0" quiescems="0.000" setupms="0.002" scanms="0.000" postms="0.000" />
</gc-op>
<heap-resize id="1089" type="expand" space="default" amount="8388608" count="1" timems="0.118" reason="excessive time being spent in gc" timestamp="2019-06-15T09:17:28.843" />
<gc-end id="1090" type="partial gc" contextid="1084" durationms="4.621" usertimems="4.000" systemtimems="0.000" timestamp="2019-06-15T09:17:28.843" activeThreads="4">
  <mem-info id="1091" free="143654912" total="239075328" percent="60">
    <mem type="eden" free="30712" total="1048576" percent="2" />
    <arraylet-primitive objects="2" leaves="2" largest="1" />
    <remembered-set count="61760" freebytes="9296128" totalbytes="9543168" percent="97" regionsoverflowed="0" regionsstable="2" regionsrebuilding="0"/>
  </mem-info>
</gc-end>
<cycle-end id="1092" type="partial gc" contextid="1084" timestamp="2019-06-15T09:17:28.843" />
  <attribute name="elasticGC enabled" value="1" />
  <attribute name= "numThreadsSpecified" value="4" />
  <attribute name="heapSize specified" value="0" />
  <attribute name="Current GC Util" value="76" />
  <attribute name= "Current Time Running" value="3516" />
  <attribute name ="GC Interval" value="0" />
  <attribute name="ProportionalT" value="28.000000" />
  <attribute name="ProportionalI" value="28.000000" />
  <attribute name="ProportionalH" value="28.000000" />
  <attribute name="Current Error" value="56.000000" />
  <attribute name="IntegralT" value="56.000000" />
  <attribute name="IntegralI" value="56.000000" />
  <attribute name="IntegralH" value="56.000000" />
  <attribute name="DerivativeT" value="84.000000" />
  <attribute name="DerivativeI" value="84.000000" />
  <attribute name="DerivativeH" value="84.000000" />
  <attribute name="Loop Time for DT" value="1.000000" />
  <attribute name="Output H" value="8388608"/>
  <attribute name="Output I" value="200"/>
  <attribute name="Output T" value="4"/>
  <attribute name="Target GC Util Change" value ="20.000000" />
  <attribute name="Current GC Util Change" value="76.000000"/>
  <attribute name="GC Util currently" value="76" />
  <attribute name="CPU Util currently" value="18614272482213" />
<exclusive-end id="1093" timestamp="2019-06-15T09:17:28.843" durationms="5.851" />

<exclusive-start id="1094" timestamp="2019-06-15T09:17:28.877" intervalms="39.841">
  <response-info timems="0.032" idlems="0.032" threads="0" lastid="0000000000DC5D00" lastname="Thread-10" />
</exclusive-start>
<allocation-taxation id="1095" taxation-threshold="66060288" timestamp="2019-06-15T09:17:28.877" intervalms="39.872" />
<cycle-start id="1096" type="partial gc" contextid="0" timestamp="2019-06-15T09:17:28.878" intervalms="39.744" />
<gc-start id="1097" type="partial gc" contextid="1096" timestamp="2019-06-15T09:17:28.878">
  <mem-info id="1098" free="77594624" total="239075328" percent="32">
    <mem type="eden" free="0" total="66060288" percent="0" />
    <arraylet-primitive objects="2" leaves="2" largest="1" />
    <remembered-set count="61408" freebytes="9297536" totalbytes="9543168" percent="97" regionsoverflowed="0" regionsstable="2" regionsrebuilding="0"/>
  </mem-info>
</gc-start>
<allocation-stats totalBytes="66050896" >
  <allocated-bytes non-tlh="0" tlh="66050896" arrayletleaf="0"/>
  <largest-consumer threadName="Thread-10" threadId="0000000000DC5D00" bytes="18446272" />
</allocation-stats>
<gc-op id="1099" type="copy forward" timems="4.852" contextid="1096" timestamp="2019-06-15T09:17:28.884">
  <memory-copied type="eden" objects="5886" bytes="142488" bytesdiscarded="0" />
  <memory-copied type="other" objects="30660" bytes="1285344" bytesdiscarded="0" />
  <memory-cardclean objects="5833" bytes="293112" />
  <regions eden="63" other="2" />
  <remembered-set-cleared processed="57644" cleared="1272" durationms="0.578" />
  <stringconstants candidates="4597" cleared="0"  />
</gc-op>
<gc-op id="1100" type="classunload" timems="0.003" contextid="1096" timestamp="2019-06-15T09:17:28.884">
  <classunload-info classloadercandidates="8" classloadersunloaded="0" classesunloaded="0" anonymousclassesunloaded="0" quiescems="0.000" setupms="0.002" scanms="0.000" postms="0.000" />
</gc-op>
<heap-resize id="1101" type="expand" space="default" amount="2097152" count="1" timems="0.075" reason="excessive time being spent in gc" timestamp="2019-06-15T09:17:28.884" />
<gc-end id="1102" type="partial gc" contextid="1096" durationms="6.307" usertimems="4.000" systemtimems="4.000" timestamp="2019-06-15T09:17:28.884" activeThreads="1">
  <mem-info id="1103" free="144703488" total="241172480" percent="60">
    <mem type="eden" free="906088" total="1048576" percent="86" />
    <arraylet-primitive objects="2" leaves="2" largest="1" />
    <remembered-set count="63104" freebytes="9374464" totalbytes="9626880" percent="97" regionsoverflowed="0" regionsstable="2" regionsrebuilding="0"/>
  </mem-info>
</gc-end>
<cycle-end id="1104" type="partial gc" contextid="1096" timestamp="2019-06-15T09:17:28.884" />
  <attribute name="elasticGC enabled" value="1" />
  <attribute name= "numThreadsSpecified" value="1" />
  <attribute name="heapSize specified" value="0" />
  <attribute name="Current GC Util" value="68" />
  <attribute name= "Current Time Running" value="3555" />
  <attribute name ="GC Interval" value="0" />
  <attribute name="ProportionalT" value="24.000000" />
  <attribute name="ProportionalI" value="24.000000" />
  <attribute name="ProportionalH" value="24.000000" />
  <attribute name="Current Error" value="48.000000" />
  <attribute name="IntegralT" value="0.000000" />
  <attribute name="IntegralI" value="0.000000" />
  <attribute name="IntegralH" value="0.000000" />
  <attribute name="DerivativeT" value="inf" />
  <attribute name="DerivativeI" value="inf" />
  <attribute name="DerivativeH" value="inf" />
  <attribute name="Loop Time for DT" value="0.000000" />
  <attribute name="Output H" value="8388608"/>
  <attribute name="Output I" value="200"/>
  <attribute name="Output T" value="1"/>
  <attribute name="Target GC Util Change" value ="20.000000" />
  <attribute name="Current GC Util Change" value="68.000000"/>
  <attribute name="GC Util currently" value="68" />
  <attribute name="CPU Util currently" value="18842974088226" />
<exclusive-end id="1105" timestamp="2019-06-15T09:17:28.885" durationms="7.278" />

<exclusive-start id="1106" timestamp="2019-06-15T09:17:28.922" intervalms="44.453">
  <response-info timems="0.028" idlems="0.028" threads="0" lastid="0000000000DC5D00" lastname="Thread-10" />
</exclusive-start>
<allocation-taxation id="1107" taxation-threshold="66060288" timestamp="2019-06-15T09:17:28.922" intervalms="44.475" />
<cycle-start id="1108" type="partial gc" contextid="0" timestamp="2019-06-15T09:17:28.922" intervalms="44.527" />
<gc-start id="1109" type="partial gc" contextid="1108" timestamp="2019-06-15T09:17:28.922">
  <mem-info id="1110" free="78643200" total="241172480" percent="32">
    <mem type="eden" free="0" total="66060288" percent="0" />
    <arraylet-primitive objects="2" leaves="2" largest="1" />
    <remembered-set count="62752" freebytes="9375872" totalbytes="9626880" percent="97" regionsoverflowed="0" regionsstable="2" regionsrebuilding="0"/>
  </mem-info>
</gc-start>
<allocation-stats totalBytes="66050888" >
  <allocated-bytes non-tlh="0" tlh="66050888" arrayletleaf="0"/>
  <largest-consumer threadName="Thread-7" threadId="0000000000DC9900" bytes="20018440" />
</allocation-stats>
<gc-op id="1111" type="copy forward" timems="4.265" contextid="1108" timestamp="2019-06-15T09:17:28.928">
  <memory-copied type="eden" objects="14440" bytes="622728" bytesdiscarded="0" />
  <memory-copied type="other" objects="19697" bytes="747480" bytesdiscarded="0" />
  <memory-cardclean objects="5833" bytes="293112" />
  <regions eden="63" other="3" />
  <remembered-set-cleared processed="58180" cleared="1808" durationms="0.595" />
  <stringconstants candidates="4597" cleared="0"  />
</gc-op>
<gc-op id="1112" type="classunload" timems="0.002" contextid="1108" timestamp="2019-06-15T09:17:28.928">
  <classunload-info classloadercandidates="8" classloadersunloaded="0" classesunloaded="0" anonymousclassesunloaded="0" quiescems="0.000" setupms="0.002" scanms="0.000" postms="0.000" />
</gc-op>
<heap-resize id="1113" type="expand" space="default" amount="3145728" count="1" timems="0.085" reason="excessive time being spent in gc" timestamp="2019-06-15T09:17:28.928" />
<gc-end id="1114" type="partial gc" contextid="1108" durationms="5.828" usertimems="0.000" systemtimems="4.000" timestamp="2019-06-15T09:17:28.928" activeThreads="1">
  <mem-info id="1115" free="146800640" total="244318208" percent="60">
    <mem type="eden" free="425848" total="1048576" percent="40" />
    <arraylet-primitive objects="2" leaves="2" largest="1" />
    <remembered-set count="62592" freebytes="9502080" totalbytes="9752448" percent="97" regionsoverflowed="0" regionsstable="2" regionsrebuilding="0"/>
  </mem-info>
</gc-end>
<cycle-end id="1116" type="partial gc" contextid="1108" timestamp="2019-06-15T09:17:28.928" />
  <attribute name="elasticGC enabled" value="1" />
  <attribute name= "numThreadsSpecified" value="1" />
  <attribute name="heapSize specified" value="0" />
  <attribute name="Current GC Util" value="73" />
  <attribute name= "Current Time Running" value="3600" />
  <attribute name ="GC Interval" value="0" />
  <attribute name="ProportionalT" value="26.500000" />
  <attribute name="ProportionalI" value="26.500000" />
  <attribute name="ProportionalH" value="26.500000" />
  <attribute name="Current Error" value="53.000000" />
  <attribute name="IntegralT" value="0.000000" />
  <attribute name="IntegralI" value="0.000000" />
  <attribute name="IntegralH" value="0.000000" />
  <attribute name="DerivativeT" value="inf" />
  <attribute name="DerivativeI" value="inf" />
  <attribute name="DerivativeH" value="inf" />
  <attribute name="Loop Time for DT" value="0.000000" />
  <attribute name="Output H" value="8388608"/>
  <attribute name="Output I" value="200"/>
  <attribute name="Output T" value="1"/>
  <attribute name="Target GC Util Change" value ="20.000000" />
  <attribute name="Current GC Util Change" value="73.000000"/>
  <attribute name="GC Util currently" value="73" />
  <attribute name="CPU Util currently" value="17408763890285" />
<exclusive-end id="1117" timestamp="2019-06-15T09:17:28.929" durationms="6.934" />

<exclusive-start id="1118" timestamp="2019-06-15T09:17:28.965" intervalms="43.208">
  <response-info timems="0.064" idlems="0.035" threads="1" lastid="0000000000DD1100" lastname="Thread-8" />
</exclusive-start>
<allocation-taxation id="1119" taxation-threshold="67108864" timestamp="2019-06-15T09:17:28.965" intervalms="43.179" />
<cycle-start id="1120" type="partial gc" contextid="0" timestamp="2019-06-15T09:17:28.965" intervalms="43.170" />
<gc-start id="1121" type="partial gc" contextid="1120" timestamp="2019-06-15T09:17:28.966">
  <mem-info id="1122" free="79691776" total="244318208" percent="32">
    <mem type="eden" free="0" total="67108864" percent="0" />
    <arraylet-primitive objects="2" leaves="2" largest="1" />
    <remembered-set count="62144" freebytes="9503872" totalbytes="9752448" percent="97" regionsoverflowed="0" regionsstable="2" regionsrebuilding="0"/>
  </mem-info>
</gc-start>
<allocation-stats totalBytes="67099400" >
  <allocated-bytes non-tlh="0" tlh="67099400" arrayletleaf="0"/>
  <largest-consumer threadName="Thread-7" threadId="0000000000DC9900" bytes="20276296" />
</allocation-stats>
<gc-op id="1123" type="copy forward" timems="4.194" contextid="1120" timestamp="2019-06-15T09:17:28.971">
  <memory-copied type="eden" objects="13385" bytes="459760" bytesdiscarded="0" />
  <memory-copied type="other" objects="16544" bytes="671808" bytesdiscarded="0" />
  <memory-cardclean objects="9149" bytes="481728" />
  <regions eden="64" other="2" />
  <remembered-set-cleared processed="58594" cleared="654" durationms="0.590" />
  <stringconstants candidates="4597" cleared="0"  />
</gc-op>
<gc-op id="1124" type="classunload" timems="0.002" contextid="1120" timestamp="2019-06-15T09:17:28.971">
  <classunload-info classloadercandidates="8" classloadersunloaded="0" classesunloaded="0" anonymousclassesunloaded="0" quiescems="0.000" setupms="0.002" scanms="0.000" postms="0.000" />
</gc-op>
<heap-resize id="1125" type="expand" space="default" amount="2097152" count="1" timems="0.077" reason="excessive time being spent in gc" timestamp="2019-06-15T09:17:28.971" />
<gc-end id="1126" type="partial gc" contextid="1120" durationms="5.563" usertimems="0.000" systemtimems="4.000" timestamp="2019-06-15T09:17:28.971" activeThreads="1">
  <mem-info id="1127" free="147849216" total="246415360" percent="60">
    <mem type="eden" free="588816" total="1048576" percent="56" />
    <arraylet-primitive objects="2" leaves="2" largest="1" />
    <remembered-set count="63648" freebytes="9581568" totalbytes="9836160" percent="97" regionsoverflowed="0" regionsstable="2" regionsrebuilding="0"/>
  </mem-info>
</gc-end>
<cycle-end id="1128" type="partial gc" contextid="1120" timestamp="2019-06-15T09:17:28.971" />
  <attribute name="elasticGC enabled" value="1" />
  <attribute name= "numThreadsSpecified" value="1" />
  <attribute name="heapSize specified" value="0" />
  <attribute name="Current GC Util" value="71" />
  <attribute name= "Current Time Running" value="3643" />
  <attribute name ="GC Interval" value="0" />
  <attribute name="ProportionalT" value="25.500000" />
  <attribute name="ProportionalI" value="25.500000" />
  <attribute name="ProportionalH" value="25.500000" />
  <attribute name="Current Error" value="51.000000" />
  <attribute name="IntegralT" value="0.000000" />
  <attribute name="IntegralI" value="0.000000" />
  <attribute name="IntegralH" value="0.000000" />
  <attribute name="DerivativeT" value="inf" />
  <attribute name="DerivativeI" value="inf" />
  <attribute name="DerivativeH" value="inf" />
  <attribute name="Loop Time for DT" value="0.000000" />
  <attribute name="Output H" value="8388608"/>
  <attribute name="Output I" value="200"/>
  <attribute name="Output T" value="1"/>
  <attribute name="Target GC Util Change" value ="20.000000" />
  <attribute name="Current GC Util Change" value="71.000000"/>
  <attribute name="GC Util currently" value="71" />
  <attribute name="CPU Util currently" value="17445775228408" />
<exclusive-end id="1129" timestamp="2019-06-15T09:17:28.972" durationms="6.709" />

<exclusive-start id="1130" timestamp="2019-06-15T09:17:29.010" intervalms="44.601">
  <response-info timems="0.334" idlems="0.334" threads="0" lastid="0000000000DC5D00" lastname="Thread-10" />
</exclusive-start>
<allocation-taxation id="1131" taxation-threshold="67108864" timestamp="2019-06-15T09:17:29.010" intervalms="44.582" />
<cycle-start id="1132" type="partial gc" contextid="0" timestamp="2019-06-15T09:17:29.010" intervalms="44.529" />
<gc-start id="1133" type="partial gc" contextid="1132" timestamp="2019-06-15T09:17:29.010">
  <mem-info id="1134" free="80740352" total="246415360" percent="32">
    <mem type="eden" free="0" total="67108864" percent="0" />
    <arraylet-primitive objects="2" leaves="2" largest="1" />
    <remembered-set count="63456" freebytes="9582336" totalbytes="9836160" percent="97" regionsoverflowed="0" regionsstable="2" regionsrebuilding="0"/>
  </mem-info>
</gc-start>
<allocation-stats totalBytes="67098736" >
  <allocated-bytes non-tlh="0" tlh="67098736" arrayletleaf="0"/>
  <largest-consumer threadName="Thread-9" threadId="0000000000DCD500" bytes="24105336" />
</allocation-stats>
<gc-op id="1135" type="copy forward" timems="4.922" contextid="1132" timestamp="2019-06-15T09:17:29.016">
  <memory-copied type="eden" objects="19978" bytes="755160" bytesdiscarded="0" />
  <memory-copied type="other" objects="20443" bytes="765384" bytesdiscarded="0" />
  <memory-cardclean objects="7807" bytes="383568" />
  <regions eden="64" other="2" />
  <remembered-set-cleared processed="59476" cleared="1258" durationms="0.609" />
  <stringconstants candidates="4597" cleared="0"  />
</gc-op>
<gc-op id="1136" type="classunload" timems="0.004" contextid="1132" timestamp="2019-06-15T09:17:29.016">
  <classunload-info classloadercandidates="8" classloadersunloaded="0" classesunloaded="0" anonymousclassesunloaded="0" quiescems="0.000" setupms="0.003" scanms="0.000" postms="0.000" />
</gc-op>
<heap-resize id="1137" type="expand" space="default" amount="3145728" count="1" timems="0.081" reason="excessive time being spent in gc" timestamp="2019-06-15T09:17:29.016" />
<gc-end id="1138" type="partial gc" contextid="1132" durationms="6.210" usertimems="8.000" systemtimems="4.000" timestamp="2019-06-15T09:17:29.016" activeThreads="1">
  <mem-info id="1139" free="149946368" total="249561088" percent="60">
    <mem type="eden" free="293416" total="1048576" percent="27" />
    <arraylet-primitive objects="2" leaves="2" largest="1" />
    <remembered-set count="65248" freebytes="9700736" totalbytes="9961728" percent="97" regionsoverflowed="0" regionsstable="2" regionsrebuilding="0"/>
  </mem-info>
</gc-end>
<cycle-end id="1140" type="partial gc" contextid="1132" timestamp="2019-06-15T09:17:29.016" />
  <attribute name="elasticGC enabled" value="1" />
  <attribute name= "numThreadsSpecified" value="1" />
  <attribute name="heapSize specified" value="0" />
  <attribute name="Current GC Util" value="76" />
  <attribute name= "Current Time Running" value="3687" />
  <attribute name ="GC Interval" value="0" />
  <attribute name="ProportionalT" value="28.000000" />
  <attribute name="ProportionalI" value="28.000000" />
  <attribute name="ProportionalH" value="28.000000" />
  <attribute name="Current Error" value="56.000000" />
  <attribute name="IntegralT" value="0.000000" />
  <attribute name="IntegralI" value="0.000000" />
  <attribute name="IntegralH" value="0.000000" />
  <attribute name="DerivativeT" value="inf" />
  <attribute name="DerivativeI" value="inf" />
  <attribute name="DerivativeH" value="inf" />
  <attribute name="Loop Time for DT" value="0.000000" />
  <attribute name="Output H" value="8388608"/>
  <attribute name="Output I" value="200"/>
  <attribute name="Output T" value="1"/>
  <attribute name="Target GC Util Change" value ="20.000000" />
  <attribute name="Current GC Util Change" value="76.000000"/>
  <attribute name="GC Util currently" value="76" />
  <attribute name="CPU Util currently" value="17701714276865" />
<exclusive-end id="1141" timestamp="2019-06-15T09:17:29.017" durationms="7.160" />

<exclusive-start id="1142" timestamp="2019-06-15T09:17:29.058" intervalms="48.400">
  <response-info timems="0.033" idlems="0.033" threads="0" lastid="0000000000DC5D00" lastname="Thread-10" />
</exclusive-start>
<allocation-taxation id="1143" taxation-threshold="68157440" timestamp="2019-06-15T09:17:29.058" intervalms="48.410" />
<cycle-start id="1144" type="partial gc" contextid="0" timestamp="2019-06-15T09:17:29.058" intervalms="48.418" />
<gc-start id="1145" type="partial gc" contextid="1144" timestamp="2019-06-15T09:17:29.059">
  <mem-info id="1146" free="81788928" total="249561088" percent="32">
    <mem type="eden" free="0" total="68157440" percent="0" />
    <arraylet-primitive objects="2" leaves="2" largest="1" />
    <remembered-set count="65056" freebytes="9701504" totalbytes="9961728" percent="97" regionsoverflowed="0" regionsstable="2" regionsrebuilding="0"/>
  </mem-info>
</gc-start>
<allocation-stats totalBytes="68147064" >
  <allocated-bytes non-tlh="0" tlh="68147064" arrayletleaf="0"/>
  <largest-consumer threadName="Thread-10" threadId="0000000000DC5D00" bytes="23281960" />
</allocation-stats>
<gc-op id="1147" type="copy forward" timems="3.752" contextid="1144" timestamp="2019-06-15T09:17:29.063">
  <memory-copied type="eden" objects="15297" bytes="646584" bytesdiscarded="0" />
  <memory-copied type="other" objects="9683" bytes="232392" bytesdiscarded="0" />
  <memory-cardclean objects="10527" bytes="556080" />
  <regions eden="65" other="2" />
  <remembered-set-cleared processed="60378" cleared="1365" durationms="0.633" />
  <stringconstants candidates="4597" cleared="0"  />
</gc-op>
<gc-op id="1148" type="classunload" timems="0.003" contextid="1144" timestamp="2019-06-15T09:17:29.063">
  <classunload-info classloadercandidates="8" classloadersunloaded="0" classesunloaded="0" anonymousclassesunloaded="0" quiescems="0.000" setupms="0.003" scanms="0.000" postms="0.000" />
</gc-op>
<heap-resize id="1149" type="expand" space="default" amount="2097152" count="1" timems="0.078" reason="excessive time being spent in gc" timestamp="2019-06-15T09:17:29.063" />
<gc-end id="1150" type="partial gc" contextid="1144" durationms="5.095" usertimems="8.000" systemtimems="0.000" timestamp="2019-06-15T09:17:29.064" activeThreads="1">
  <mem-info id="1151" free="150994944" total="251658240" percent="60">
    <mem type="eden" free="401992" total="1048576" percent="38" />
    <arraylet-primitive objects="2" leaves="2" largest="1" />
    <remembered-set count="65536" freebytes="9783296" totalbytes="10045440" percent="97" regionsoverflowed="0" regionsstable="2" regionsrebuilding="0"/>
  </mem-info>
</gc-end>
<cycle-end id="1152" type="partial gc" contextid="1144" timestamp="2019-06-15T09:17:29.064" />
  <attribute name="elasticGC enabled" value="1" />
  <attribute name= "numThreadsSpecified" value="1" />
  <attribute name="heapSize specified" value="0" />
  <attribute name="Current GC Util" value="81" />
  <attribute name= "Current Time Running" value="3736" />
  <attribute name ="GC Interval" value="0" />
  <attribute name="ProportionalT" value="30.500000" />
  <attribute name="ProportionalI" value="30.500000" />
  <attribute name="ProportionalH" value="30.500000" />
  <attribute name="Current Error" value="61.000000" />
  <attribute name="IntegralT" value="0.000000" />
  <attribute name="IntegralI" value="0.000000" />
  <attribute name="IntegralH" value="0.000000" />
  <attribute name="DerivativeT" value="inf" />
  <attribute name="DerivativeI" value="inf" />
  <attribute name="DerivativeH" value="inf" />
  <attribute name="Loop Time for DT" value="0.000000" />
  <attribute name="Output H" value="8388608"/>
  <attribute name="Output I" value="200"/>
  <attribute name="Output T" value="1"/>
  <attribute name="Target GC Util Change" value ="20.000000" />
  <attribute name="Current GC Util Change" value="81.000000"/>
  <attribute name="GC Util currently" value="81" />
  <attribute name="CPU Util currently" value="19592098080500" />
<exclusive-end id="1153" timestamp="2019-06-15T09:17:29.064" durationms="6.113" />

<exclusive-start id="1154" timestamp="2019-06-15T09:17:29.113" intervalms="55.409">
  <response-info timems="0.041" idlems="0.041" threads="0" lastid="0000000000DCD500" lastname="Thread-9" />
</exclusive-start>
<allocation-taxation id="1155" taxation-threshold="69206016" timestamp="2019-06-15T09:17:29.114" intervalms="55.455" />
<cycle-start id="1156" type="partial gc" contextid="0" timestamp="2019-06-15T09:17:29.114" intervalms="55.485" />
<gc-start id="1157" type="partial gc" contextid="1156" timestamp="2019-06-15T09:17:29.114">
  <mem-info id="1158" free="81788928" total="251658240" percent="32">
    <mem type="eden" free="0" total="69206016" percent="0" />
    <arraylet-primitive objects="2" leaves="2" largest="1" />
    <remembered-set count="65120" freebytes="9784960" totalbytes="10045440" percent="97" regionsoverflowed="0" regionsstable="2" regionsrebuilding="0"/>
  </mem-info>
</gc-start>
<allocation-stats totalBytes="69196464" >
  <allocated-bytes non-tlh="0" tlh="69196464" arrayletleaf="0"/>
  <largest-consumer threadName="Thread-9" threadId="0000000000DCD500" bytes="22877104" />
</allocation-stats>
<gc-op id="1159" type="copy forward" timems="4.942" contextid="1156" timestamp="2019-06-15T09:17:29.120">
  <memory-copied type="eden" objects="19499" bytes="743704" bytesdiscarded="0" />
  <memory-copied type="other" objects="17730" bytes="562896" bytesdiscarded="0" />
  <memory-cardclean objects="11337" bytes="557304" />
  <regions eden="66" other="3" />
  <remembered-set-cleared processed="60242" cleared="1229" durationms="0.628" />
  <stringconstants candidates="4597" cleared="0"  />
</gc-op>
<gc-op id="1160" type="classunload" timems="0.002" contextid="1156" timestamp="2019-06-15T09:17:29.120">
  <classunload-info classloadercandidates="8" classloadersunloaded="0" classesunloaded="0" anonymousclassesunloaded="0" quiescems="0.000" setupms="0.002" scanms="0.000" postms="0.000" />
</gc-op>
<heap-resize id="1161" type="expand" space="default" amount="3145728" count="1" timems="0.086" reason="excessive time being spent in gc" timestamp="2019-06-15T09:17:29.120" />
<gc-end id="1162" type="partial gc" contextid="1156" durationms="6.343" usertimems="4.000" systemtimems="4.000" timestamp="2019-06-15T09:17:29.120" activeThreads="1">
  <mem-info id="1163" free="153092096" total="254803968" percent="60">
    <mem type="eden" free="304872" total="1048576" percent="29" />
    <arraylet-primitive objects="2" leaves="2" largest="1" />
    <remembered-set count="67360" freebytes="9901568" totalbytes="10171008" percent="97" regionsoverflowed="0" regionsstable="2" regionsrebuilding="0"/>
  </mem-info>
</gc-end>
<cycle-end id="1164" type="partial gc" contextid="1156" timestamp="2019-06-15T09:17:29.121" />
  <attribute name="elasticGC enabled" value="1" />
  <attribute name= "numThreadsSpecified" value="1" />
  <attribute name="heapSize specified" value="0" />
  <attribute name="Current GC Util" value="71" />
  <attribute name= "Current Time Running" value="3791" />
  <attribute name ="GC Interval" value="0" />
  <attribute name="ProportionalT" value="25.500000" />
  <attribute name="ProportionalI" value="25.500000" />
  <attribute name="ProportionalH" value="25.500000" />
  <attribute name="Current Error" value="51.000000" />
  <attribute name="IntegralT" value="0.000000" />
  <attribute name="IntegralI" value="0.000000" />
  <attribute name="IntegralH" value="0.000000" />
  <attribute name="DerivativeT" value="inf" />
  <attribute name="DerivativeI" value="inf" />
  <attribute name="DerivativeH" value="inf" />
  <attribute name="Loop Time for DT" value="0.000000" />
  <attribute name="Output H" value="8388608"/>
  <attribute name="Output I" value="200"/>
  <attribute name="Output T" value="1"/>
  <attribute name="Target GC Util Change" value ="20.000000" />
  <attribute name="Current GC Util Change" value="71.000000"/>
  <attribute name="GC Util currently" value="71" />
  <attribute name="CPU Util currently" value="17799964515561" />
<exclusive-end id="1165" timestamp="2019-06-15T09:17:29.121" durationms="7.520" />

<exclusive-start id="1166" timestamp="2019-06-15T09:17:29.174" intervalms="61.061">
  <response-info timems="0.042" idlems="0.023" threads="1" lastid="0000000000DD1100" lastname="Thread-8" />
</exclusive-start>
<allocation-taxation id="1167" taxation-threshold="69206016" timestamp="2019-06-15T09:17:29.175" intervalms="61.021" />
<cycle-start id="1168" type="partial gc" contextid="0" timestamp="2019-06-15T09:17:29.175" intervalms="61.021" />
<gc-start id="1169" type="partial gc" contextid="1168" timestamp="2019-06-15T09:17:29.175">
  <mem-info id="1170" free="83886080" total="254803968" percent="32">
    <mem type="eden" free="0" total="69206016" percent="0" />
    <arraylet-primitive objects="2" leaves="2" largest="1" />
    <remembered-set count="66880" freebytes="9903488" totalbytes="10171008" percent="97" regionsoverflowed="0" regionsstable="2" regionsrebuilding="0"/>
  </mem-info>
</gc-start>
<allocation-stats totalBytes="69196904" >
  <allocated-bytes non-tlh="0" tlh="69196904" arrayletleaf="0"/>
  <largest-consumer threadName="Thread-9" threadId="0000000000DCD500" bytes="23081848" />
</allocation-stats>
<gc-op id="1171" type="copy forward" timems="3.584" contextid="1168" timestamp="2019-06-15T09:17:29.179">
  <memory-copied type="eden" objects="19298" bytes="876712" bytesdiscarded="0" />
  <memory-copied type="other" objects="6353" bytes="152472" bytesdiscarded="0" />
  <memory-cardclean objects="6712" bytes="331248" />
  <regions eden="66" other="3" />
  <remembered-set-cleared processed="61472" cleared="1283" durationms="0.599" />
  <stringconstants candidates="4597" cleared="0"  />
</gc-op>
<gc-op id="1172" type="classunload" timems="0.003" contextid="1168" timestamp="2019-06-15T09:17:29.179">
  <classunload-info classloadercandidates="8" classloadersunloaded="0" classesunloaded="0" anonymousclassesunloaded="0" quiescems="0.000" setupms="0.003" scanms="0.000" postms="0.000" />
</gc-op>
<gc-end id="1173" type="partial gc" contextid="1168" durationms="4.560" usertimems="8.000" systemtimems="0.000" timestamp="2019-06-15T09:17:29.180" activeThreads="1">
  <mem-info id="1174" free="152043520" total="254803968" percent="59">
    <mem type="eden" free="171864" total="1048576" percent="16" />
    <arraylet-primitive objects="2" leaves="2" largest="1" />
    <remembered-set count="67264" freebytes="9901952" totalbytes="10171008" percent="97" regionsoverflowed="0" regionsstable="2" regionsrebuilding="0"/>
  </mem-info>
</gc-end>
<cycle-end id="1175" type="partial gc" contextid="1168" timestamp="2019-06-15T09:17:29.180" />
  <attribute name="elasticGC enabled" value="1" />
  <attribute name= "numThreadsSpecified" value="1" />
  <attribute name="heapSize specified" value="0" />
  <attribute name="Current GC Util" value="98" />
  <attribute name= "Current Time Running" value="3852" />
  <attribute name ="GC Interval" value="0" />
  <attribute name="ProportionalT" value="39.000000" />
  <attribute name="ProportionalI" value="39.000000" />
  <attribute name="ProportionalH" value="39.000000" />
  <attribute name="Current Error" value="78.000000" />
  <attribute name="IntegralT" value="0.000000" />
  <attribute name="IntegralI" value="0.000000" />
  <attribute name="IntegralH" value="0.000000" />
  <attribute name="DerivativeT" value="inf" />
  <attribute name="DerivativeI" value="inf" />
  <attribute name="DerivativeH" value="inf" />
  <attribute name="Loop Time for DT" value="0.000000" />
  <attribute name="Output H" value="8388608"/>
  <attribute name="Output I" value="200"/>
  <attribute name="Output T" value="1"/>
  <attribute name="Target GC Util Change" value ="20.000000" />
  <attribute name="Current GC Util Change" value="98.000000"/>
  <attribute name="GC Util currently" value="98" />
  <attribute name="CPU Util currently" value="22102391105911" />
<exclusive-end id="1176" timestamp="2019-06-15T09:17:29.180" durationms="5.477" />

<exclusive-start id="1177" timestamp="2019-06-15T09:17:29.232" intervalms="57.325">
  <response-info timems="0.063" idlems="0.063" threads="0" lastid="0000000000DCD500" lastname="Thread-9" />
</exclusive-start>
<allocation-taxation id="1178" taxation-threshold="69206016" timestamp="2019-06-15T09:17:29.232" intervalms="57.322" />
<cycle-start id="1179" type="partial gc" contextid="0" timestamp="2019-06-15T09:17:29.232" intervalms="57.325" />
<gc-start id="1180" type="partial gc" contextid="1179" timestamp="2019-06-15T09:17:29.232">
  <mem-info id="1181" free="82837504" total="254803968" percent="32">
    <mem type="eden" free="0" total="69206016" percent="0" />
    <arraylet-primitive objects="2" leaves="2" largest="1" />
    <remembered-set count="66816" freebytes="9903744" totalbytes="10171008" percent="97" regionsoverflowed="0" regionsstable="2" regionsrebuilding="0"/>
  </mem-info>
</gc-start>
<allocation-stats totalBytes="69196560" >
  <allocated-bytes non-tlh="0" tlh="69196560" arrayletleaf="0"/>
  <largest-consumer threadName="Thread-10" threadId="0000000000DC5D00" bytes="23966736" />
</allocation-stats>
<gc-op id="1182" type="copy forward" timems="2.341" contextid="1179" timestamp="2019-06-15T09:17:29.235">
  <memory-copied type="eden" objects="10587" bytes="392664" bytesdiscarded="26664" />
  <memory-copied type="other" objects="16067" bytes="660360" bytesdiscarded="16584" />
  <memory-cardclean objects="4777" bytes="234312" />
  <regions eden="66" other="3" />
  <remembered-set-cleared processed="61714" cleared="951" durationms="0.265" />
  <stringconstants candidates="4597" cleared="0"  />
</gc-op>
<gc-op id="1183" type="classunload" timems="0.003" contextid="1179" timestamp="2019-06-15T09:17:29.235">
  <classunload-info classloadercandidates="8" classloadersunloaded="0" classesunloaded="0" anonymousclassesunloaded="0" quiescems="0.000" setupms="0.002" scanms="0.000" postms="0.000" />
</gc-op>
<gc-end id="1184" type="partial gc" contextid="1179" durationms="3.339" usertimems="4.000" systemtimems="4.000" timestamp="2019-06-15T09:17:29.236" activeThreads="4">
  <mem-info id="1185" free="150994944" total="254803968" percent="59">
    <mem type="eden" free="629248" total="1048576" percent="60" />
    <arraylet-primitive objects="2" leaves="2" largest="1" />
    <remembered-set count="66272" freebytes="9905920" totalbytes="10171008" percent="97" regionsoverflowed="0" regionsstable="2" regionsrebuilding="0"/>
  </mem-info>
</gc-end>
<cycle-end id="1186" type="partial gc" contextid="1179" timestamp="2019-06-15T09:17:29.236" />
  <attribute name="elasticGC enabled" value="1" />
  <attribute name= "numThreadsSpecified" value="4" />
  <attribute name="heapSize specified" value="0" />
  <attribute name="Current GC Util" value="74" />
  <attribute name= "Current Time Running" value="3910" />
  <attribute name ="GC Interval" value="0" />
  <attribute name="ProportionalT" value="27.000000" />
  <attribute name="ProportionalI" value="27.000000" />
  <attribute name="ProportionalH" value="27.000000" />
  <attribute name="Current Error" value="54.000000" />
  <attribute name="IntegralT" value="54.000000" />
  <attribute name="IntegralI" value="54.000000" />
  <attribute name="IntegralH" value="54.000000" />
  <attribute name="DerivativeT" value="81.000000" />
  <attribute name="DerivativeI" value="81.000000" />
  <attribute name="DerivativeH" value="81.000000" />
  <attribute name="Loop Time for DT" value="1.000000" />
  <attribute name="Output H" value="8388608"/>
  <attribute name="Output I" value="200"/>
  <attribute name="Output T" value="4"/>
  <attribute name="Target GC Util Change" value ="20.000000" />
  <attribute name="Current GC Util Change" value="74.000000"/>
  <attribute name="GC Util currently" value="74" />
  <attribute name="CPU Util currently" value="20010179358740" />
<exclusive-end id="1187" timestamp="2019-06-15T09:17:29.236" durationms="4.247" />

<exclusive-start id="1188" timestamp="2019-06-15T09:17:29.287" intervalms="54.876">
  <response-info timems="0.038" idlems="0.038" threads="0" lastid="0000000000DCD500" lastname="Thread-9" />
</exclusive-start>
<allocation-taxation id="1189" taxation-threshold="69206016" timestamp="2019-06-15T09:17:29.287" intervalms="54.905" />
<cycle-start id="1190" type="partial gc" contextid="0" timestamp="2019-06-15T09:17:29.287" intervalms="54.949" />
<gc-start id="1191" type="partial gc" contextid="1190" timestamp="2019-06-15T09:17:29.287">
  <mem-info id="1192" free="81788928" total="254803968" percent="32">
    <mem type="eden" free="0" total="69206016" percent="0" />
    <arraylet-primitive objects="2" leaves="2" largest="1" />
    <remembered-set count="65952" freebytes="9907200" totalbytes="10171008" percent="97" regionsoverflowed="0" regionsstable="2" regionsrebuilding="0"/>
  </mem-info>
</gc-start>
<allocation-stats totalBytes="69196928" >
  <allocated-bytes non-tlh="0" tlh="69196928" arrayletleaf="0"/>
  <largest-consumer threadName="Thread-9" threadId="0000000000DCD500" bytes="20608512" />
</allocation-stats>
<gc-op id="1193" type="copy forward" timems="2.427" contextid="1190" timestamp="2019-06-15T09:17:29.291">
  <memory-copied type="eden" objects="21365" bytes="926040" bytesdiscarded="49240" />
  <memory-copied type="other" objects="10685" bytes="393816" bytesdiscarded="38008" />
  <memory-cardclean objects="4943" bytes="245856" />
  <regions eden="66" other="4" />
  <remembered-set-cleared processed="62034" cleared="1298" durationms="0.264" />
  <stringconstants candidates="4597" cleared="0"  />
</gc-op>
<gc-op id="1194" type="classunload" timems="0.002" contextid="1190" timestamp="2019-06-15T09:17:29.291">
  <classunload-info classloadercandidates="8" classloadersunloaded="0" classesunloaded="0" anonymousclassesunloaded="0" quiescems="0.000" setupms="0.002" scanms="0.000" postms="0.000" />
</gc-op>
<gc-end id="1195" type="partial gc" contextid="1190" durationms="3.531" usertimems="8.000" systemtimems="0.000" timestamp="2019-06-15T09:17:29.291" activeThreads="4">
  <mem-info id="1196" free="149946368" total="254803968" percent="58">
    <mem type="eden" free="73296" total="1048576" percent="6" />
    <arraylet-primitive objects="2" leaves="2" largest="1" />
    <remembered-set count="66272" freebytes="9905920" totalbytes="10171008" percent="97" regionsoverflowed="0" regionsstable="2" regionsrebuilding="0"/>
  </mem-info>
</gc-end>
<cycle-end id="1197" type="partial gc" contextid="1190" timestamp="2019-06-15T09:17:29.291" />
  <attribute name="elasticGC enabled" value="1" />
  <attribute name= "numThreadsSpecified" value="4" />
  <attribute name="heapSize specified" value="0" />
  <attribute name="Current GC Util" value="66" />
  <attribute name= "Current Time Running" value="3965" />
  <attribute name ="GC Interval" value="0" />
  <attribute name="ProportionalT" value="23.000000" />
  <attribute name="ProportionalI" value="23.000000" />
  <attribute name="ProportionalH" value="23.000000" />
  <attribute name="Current Error" value="46.000000" />
  <attribute name="IntegralT" value="46.000000" />
  <attribute name="IntegralI" value="46.000000" />
  <attribute name="IntegralH" value="46.000000" />
  <attribute name="DerivativeT" value="69.000000" />
  <attribute name="DerivativeI" value="69.000000" />
  <attribute name="DerivativeH" value="69.000000" />
  <attribute name="Loop Time for DT" value="1.000000" />
  <attribute name="Output H" value="8388608"/>
  <attribute name="Output I" value="200"/>
  <attribute name="Output T" value="4"/>
  <attribute name="Target GC Util Change" value ="20.000000" />
  <attribute name="Current GC Util Change" value="66.000000"/>
  <attribute name="GC Util currently" value="66" />
  <attribute name="CPU Util currently" value="18340151066427" />
<exclusive-end id="1198" timestamp="2019-06-15T09:17:29.291" durationms="4.688" />

<exclusive-start id="1199" timestamp="2019-06-15T09:17:29.332" intervalms="45.457">
  <response-info timems="2.938" idlems="1.497" threads="1" lastid="0000000000DD1100" lastname="Thread-8" />
</exclusive-start>
<allocation-taxation id="1200" taxation-threshold="69206016" timestamp="2019-06-15T09:17:29.332" intervalms="45.491" />
<cycle-start id="1201" type="partial gc" contextid="0" timestamp="2019-06-15T09:17:29.333" intervalms="45.566" />
<gc-start id="1202" type="partial gc" contextid="1201" timestamp="2019-06-15T09:17:29.333">
  <mem-info id="1203" free="80740352" total="254803968" percent="31">
    <mem type="eden" free="0" total="69206016" percent="0" />
    <arraylet-primitive objects="2" leaves="2" largest="1" />
    <remembered-set count="66048" freebytes="9906816" totalbytes="10171008" percent="97" regionsoverflowed="0" regionsstable="2" regionsrebuilding="0"/>
  </mem-info>
</gc-start>
<allocation-stats totalBytes="69196384" >
  <allocated-bytes non-tlh="0" tlh="69196384" arrayletleaf="0"/>
  <largest-consumer threadName="Thread-10" threadId="0000000000DC5D00" bytes="20411496" />
</allocation-stats>
<gc-op id="1204" type="copy forward" timems="4.108" contextid="1201" timestamp="2019-06-15T09:17:29.338">
  <memory-copied type="eden" objects="22510" bytes="953928" bytesdiscarded="0" />
  <memory-copied type="other" objects="10849" bytes="397752" bytesdiscarded="0" />
  <memory-cardclean objects="4834" bytes="245160" />
  <regions eden="66" other="4" />
  <remembered-set-cleared processed="62057" cleared="3265" durationms="0.632" />
  <stringconstants candidates="4597" cleared="0"  />
</gc-op>
<gc-op id="1205" type="classunload" timems="0.003" contextid="1201" timestamp="2019-06-15T09:17:29.338">
  <classunload-info classloadercandidates="8" classloadersunloaded="0" classesunloaded="0" anonymousclassesunloaded="0" quiescems="0.000" setupms="0.002" scanms="0.000" postms="0.000" />
</gc-op>
<gc-end id="1206" type="partial gc" contextid="1201" durationms="5.442" usertimems="8.000" systemtimems="0.000" timestamp="2019-06-15T09:17:29.338" activeThreads="1">
  <mem-info id="1207" free="148897792" total="254803968" percent="58">
    <mem type="eden" free="94648" total="1048576" percent="9" />
    <arraylet-primitive objects="2" leaves="2" largest="1" />
    <remembered-set count="64064" freebytes="9914752" totalbytes="10171008" percent="97" regionsoverflowed="0" regionsstable="2" regionsrebuilding="0"/>
  </mem-info>
</gc-end>
<cycle-end id="1208" type="partial gc" contextid="1201" timestamp="2019-06-15T09:17:29.339" />
  <attribute name="elasticGC enabled" value="1" />
  <attribute name= "numThreadsSpecified" value="1" />
  <attribute name="heapSize specified" value="0" />
  <attribute name="Current GC Util" value="60" />
  <attribute name= "Current Time Running" value="4010" />
  <attribute name ="GC Interval" value="0" />
  <attribute name="ProportionalT" value="20.000000" />
  <attribute name="ProportionalI" value="20.000000" />
  <attribute name="ProportionalH" value="20.000000" />
  <attribute name="Current Error" value="40.000000" />
  <attribute name="IntegralT" value="0.000000" />
  <attribute name="IntegralI" value="0.000000" />
  <attribute name="IntegralH" value="0.000000" />
  <attribute name="DerivativeT" value="inf" />
  <attribute name="DerivativeI" value="inf" />
  <attribute name="DerivativeH" value="inf" />
  <attribute name="Loop Time for DT" value="0.000000" />
  <attribute name="Output H" value="8388608"/>
  <attribute name="Output I" value="200"/>
  <attribute name="Output T" value="1"/>
  <attribute name="Target GC Util Change" value ="20.000000" />
  <attribute name="Current GC Util Change" value="60.000000"/>
  <attribute name="GC Util currently" value="60" />
  <attribute name="CPU Util currently" value="17304962591897" />
<exclusive-end id="1209" timestamp="2019-06-15T09:17:29.339" durationms="6.836" />

<exclusive-start id="1210" timestamp="2019-06-15T09:17:29.383" intervalms="50.653">
  <response-info timems="0.039" idlems="0.039" threads="0" lastid="0000000000DC9900" lastname="Thread-7" />
</exclusive-start>
<allocation-taxation id="1211" taxation-threshold="69206016" timestamp="2019-06-15T09:17:29.383" intervalms="50.590" />
<cycle-start id="1212" type="partial gc" contextid="0" timestamp="2019-06-15T09:17:29.383" intervalms="50.491" />
<gc-start id="1213" type="partial gc" contextid="1212" timestamp="2019-06-15T09:17:29.383">
  <mem-info id="1214" free="79691776" total="254803968" percent="31">
    <mem type="eden" free="0" total="69206016" percent="0" />
    <arraylet-primitive objects="2" leaves="2" largest="1" />
    <remembered-set count="63936" freebytes="9915264" totalbytes="10171008" percent="97" regionsoverflowed="0" regionsstable="2" regionsrebuilding="0"/>
  </mem-info>
</gc-start>
<allocation-stats totalBytes="69196120" >
  <allocated-bytes non-tlh="0" tlh="69196120" arrayletleaf="0"/>
  <largest-consumer threadName="Thread-7" threadId="0000000000DC9900" bytes="23053072" />
</allocation-stats>
<gc-op id="1215" type="copy forward" timems="1.913" contextid="1212" timestamp="2019-06-15T09:17:29.386">
  <memory-copied type="eden" objects="9122" bytes="357736" bytesdiscarded="3336" />
  <memory-copied type="other" objects="21154" bytes="919824" bytesdiscarded="39848" />
  <memory-cardclean objects="2468" bytes="123480" />
  <regions eden="66" other="4" />
  <remembered-set-cleared processed="60155" cleared="686" durationms="0.246" />
  <stringconstants candidates="4597" cleared="0"  />
</gc-op>
<gc-op id="1216" type="classunload" timems="0.003" contextid="1212" timestamp="2019-06-15T09:17:29.386">
  <classunload-info classloadercandidates="8" classloadersunloaded="0" classesunloaded="0" anonymousclassesunloaded="0" quiescems="0.000" setupms="0.003" scanms="0.000" postms="0.000" />
</gc-op>
<gc-end id="1217" type="partial gc" contextid="1212" durationms="2.999" usertimems="4.000" systemtimems="0.000" timestamp="2019-06-15T09:17:29.386" activeThreads="4">
  <mem-info id="1218" free="147849216" total="254803968" percent="58">
    <mem type="eden" free="687504" total="1048576" percent="65" />
    <arraylet-primitive objects="2" leaves="2" largest="1" />
    <remembered-set count="64544" freebytes="9912832" totalbytes="10171008" percent="97" regionsoverflowed="0" regionsstable="2" regionsrebuilding="0"/>
  </mem-info>
</gc-end>
<cycle-end id="1219" type="partial gc" contextid="1212" timestamp="2019-06-15T09:17:29.387" />
  <attribute name="elasticGC enabled" value="1" />
  <attribute name= "numThreadsSpecified" value="4" />
  <attribute name="heapSize specified" value="0" />
  <attribute name="Current GC Util" value="68" />
  <attribute name= "Current Time Running" value="4061" />
  <attribute name ="GC Interval" value="0" />
  <attribute name="ProportionalT" value="24.000000" />
  <attribute name="ProportionalI" value="24.000000" />
  <attribute name="ProportionalH" value="24.000000" />
  <attribute name="Current Error" value="48.000000" />
  <attribute name="IntegralT" value="48.000000" />
  <attribute name="IntegralI" value="48.000000" />
  <attribute name="IntegralH" value="48.000000" />
  <attribute name="DerivativeT" value="72.000000" />
  <attribute name="DerivativeI" value="72.000000" />
  <attribute name="DerivativeH" value="72.000000" />
  <attribute name="Loop Time for DT" value="1.000000" />
  <attribute name="Output H" value="8388608"/>
  <attribute name="Output I" value="200"/>
  <attribute name="Output T" value="4"/>
  <attribute name="Target GC Util Change" value ="20.000000" />
  <attribute name="Current GC Util Change" value="68.000000"/>
  <attribute name="GC Util currently" value="68" />
  <attribute name="CPU Util currently" value="18331840049741" />
<exclusive-end id="1220" timestamp="2019-06-15T09:17:29.387" durationms="3.975" />

<exclusive-start id="1221" timestamp="2019-06-15T09:17:29.440" intervalms="56.807">
  <response-info timems="0.249" idlems="0.249" threads="0" lastid="0000000000DD1100" lastname="Thread-8" />
</exclusive-start>
<allocation-taxation id="1222" taxation-threshold="69206016" timestamp="2019-06-15T09:17:29.440" intervalms="57.024" />
<cycle-start id="1223" type="partial gc" contextid="0" timestamp="2019-06-15T09:17:29.440" intervalms="57.004" />
<gc-start id="1224" type="partial gc" contextid="1223" timestamp="2019-06-15T09:17:29.440">
  <mem-info id="1225" free="78643200" total="254803968" percent="30">
    <mem type="eden" free="0" total="69206016" percent="0" />
    <arraylet-primitive objects="2" leaves="2" largest="1" />
    <remembered-set count="64096" freebytes="9914624" totalbytes="10171008" percent="97" regionsoverflowed="0" regionsstable="2" regionsrebuilding="0"/>
  </mem-info>
</gc-start>
<allocation-stats totalBytes="69195608" >
  <allocated-bytes non-tlh="0" tlh="69195608" arrayletleaf="0"/>
  <largest-consumer threadName="Thread-10" threadId="0000000000DC5D00" bytes="29159200" />
</allocation-stats>
<gc-op id="1226" type="copy forward" timems="1.914" contextid="1223" timestamp="2019-06-15T09:17:29.443">
  <memory-copied type="eden" objects="13950" bytes="611104" bytesdiscarded="47456" />
  <memory-copied type="other" objects="14732" bytes="628320" bytesdiscarded="40608" />
  <memory-cardclean objects="1667" bytes="85032" />
  <regions eden="66" other="4" />
  <remembered-set-cleared processed="60477" cleared="799" durationms="0.253" />
  <stringconstants candidates="4597" cleared="0"  />
</gc-op>
<gc-op id="1227" type="classunload" timems="0.003" contextid="1223" timestamp="2019-06-15T09:17:29.443">
  <classunload-info classloadercandidates="8" classloadersunloaded="0" classesunloaded="0" anonymousclassesunloaded="0" quiescems="0.000" setupms="0.003" scanms="0.000" postms="0.000" />
</gc-op>
<gc-end id="1228" type="partial gc" contextid="1223" durationms="3.005" usertimems="8.000" systemtimems="0.000" timestamp="2019-06-15T09:17:29.443" activeThreads="4">
  <mem-info id="1229" free="146800640" total="254803968" percent="57">
    <mem type="eden" free="390016" total="1048576" percent="37" />
    <arraylet-primitive objects="2" leaves="2" largest="1" />
    <remembered-set count="64768" freebytes="9911936" totalbytes="10171008" percent="97" regionsoverflowed="0" regionsstable="2" regionsrebuilding="0"/>
  </mem-info>
</gc-end>
<cycle-end id="1230" type="partial gc" contextid="1223" timestamp="2019-06-15T09:17:29.444" />
  <attribute name="elasticGC enabled" value="1" />
  <attribute name= "numThreadsSpecified" value="4" />
  <attribute name="heapSize specified" value="0" />
  <attribute name="Current GC Util" value="62" />
  <attribute name= "Current Time Running" value="4118" />
  <attribute name ="GC Interval" value="0" />
  <attribute name="ProportionalT" value="21.000000" />
  <attribute name="ProportionalI" value="21.000000" />
  <attribute name="ProportionalH" value="21.000000" />
  <attribute name="Current Error" value="42.000000" />
  <attribute name="IntegralT" value="42.000000" />
  <attribute name="IntegralI" value="42.000000" />
  <attribute name="IntegralH" value="42.000000" />
  <attribute name="DerivativeT" value="63.000000" />
  <attribute name="DerivativeI" value="63.000000" />
  <attribute name="DerivativeH" value="63.000000" />
  <attribute name="Loop Time for DT" value="1.000000" />
  <attribute name="Output H" value="8388608"/>
  <attribute name="Output I" value="200"/>
  <attribute name="Output T" value="4"/>
  <attribute name="Target GC Util Change" value ="20.000000" />
  <attribute name="Current GC Util Change" value="62.000000"/>
  <attribute name="GC Util currently" value="62" />
  <attribute name="CPU Util currently" value="18270108612444" />
<exclusive-end id="1231" timestamp="2019-06-15T09:17:29.444" durationms="4.226" />

<exclusive-start id="1232" timestamp="2019-06-15T09:17:29.490" intervalms="50.342">
  <response-info timems="0.193" idlems="0.108" threads="1" lastid="0000000000DCD500" lastname="Thread-9" />
</exclusive-start>
<allocation-taxation id="1233" taxation-threshold="69206016" timestamp="2019-06-15T09:17:29.490" intervalms="50.153" />
<cycle-start id="1234" type="partial gc" contextid="0" timestamp="2019-06-15T09:17:29.490" intervalms="50.205" />
<gc-start id="1235" type="partial gc" contextid="1234" timestamp="2019-06-15T09:17:29.491">
  <mem-info id="1236" free="77594624" total="254803968" percent="30">
    <mem type="eden" free="0" total="69206016" percent="0" />
    <arraylet-primitive objects="2" leaves="2" largest="1" />
    <remembered-set count="64608" freebytes="9912576" totalbytes="10171008" percent="97" regionsoverflowed="0" regionsstable="2" regionsrebuilding="0"/>
  </mem-info>
</gc-start>
<allocation-stats totalBytes="69196024" >
  <allocated-bytes non-tlh="0" tlh="69196024" arrayletleaf="0"/>
  <largest-consumer threadName="Thread-7" threadId="0000000000DC9900" bytes="26812432" />
</allocation-stats>
<gc-op id="1237" type="copy forward" timems="4.005" contextid="1234" timestamp="2019-06-15T09:17:29.495">
  <memory-copied type="eden" objects="10784" bytes="397240" bytesdiscarded="0" />
  <memory-copied type="other" objects="20408" bytes="901920" bytesdiscarded="0" />
  <memory-cardclean objects="19" bytes="1872" />
  <regions eden="66" other="5" />
  <remembered-set-cleared processed="60719" cleared="2791" durationms="0.643" />
  <stringconstants candidates="4597" cleared="0"  />
</gc-op>
<gc-op id="1238" type="classunload" timems="0.002" contextid="1234" timestamp="2019-06-15T09:17:29.496">
  <classunload-info classloadercandidates="8" classloadersunloaded="0" classesunloaded="0" anonymousclassesunloaded="0" quiescems="0.000" setupms="0.002" scanms="0.000" postms="0.000" />
</gc-op>
<gc-end id="1239" type="partial gc" contextid="1234" durationms="5.184" usertimems="4.000" systemtimems="0.000" timestamp="2019-06-15T09:17:29.496" activeThreads="1">
  <mem-info id="1240" free="146800640" total="254803968" percent="57">
    <mem type="eden" free="651336" total="1048576" percent="62" />
    <arraylet-primitive objects="2" leaves="2" largest="1" />
    <remembered-set count="63168" freebytes="9918336" totalbytes="10171008" percent="97" regionsoverflowed="0" regionsstable="2" regionsrebuilding="0"/>
  </mem-info>
</gc-end>
<cycle-end id="1241" type="partial gc" contextid="1234" timestamp="2019-06-15T09:17:29.496" />
  <attribute name="elasticGC enabled" value="1" />
  <attribute name= "numThreadsSpecified" value="1" />
  <attribute name="heapSize specified" value="0" />
  <attribute name="Current GC Util" value="79" />
  <attribute name= "Current Time Running" value="4168" />
  <attribute name ="GC Interval" value="0" />
  <attribute name="ProportionalT" value="29.500000" />
  <attribute name="ProportionalI" value="29.500000" />
  <attribute name="ProportionalH" value="29.500000" />
  <attribute name="Current Error" value="59.000000" />
  <attribute name="IntegralT" value="0.000000" />
  <attribute name="IntegralI" value="0.000000" />
  <attribute name="IntegralH" value="0.000000" />
  <attribute name="DerivativeT" value="inf" />
  <attribute name="DerivativeI" value="inf" />
  <attribute name="DerivativeH" value="inf" />
  <attribute name="Loop Time for DT" value="0.000000" />
  <attribute name="Output H" value="8388608"/>
  <attribute name="Output I" value="200"/>
  <attribute name="Output T" value="1"/>
  <attribute name="Target GC Util Change" value ="20.000000" />
  <attribute name="Current GC Util Change" value="79.000000"/>
  <attribute name="GC Util currently" value="79" />
  <attribute name="CPU Util currently" value="19457769737400" />
<exclusive-end id="1242" timestamp="2019-06-15T09:17:29.496" durationms="6.382" />

<exclusive-start id="1243" timestamp="2019-06-15T09:17:29.527" intervalms="36.924">
  <response-info timems="0.908" idlems="0.482" threads="1" lastid="0000000000DCD500" lastname="Thread-9" />
</exclusive-start>
<allocation-taxation id="1244" taxation-threshold="69206016" timestamp="2019-06-15T09:17:29.527" intervalms="36.963" />
<cycle-start id="1245" type="partial gc" contextid="0" timestamp="2019-06-15T09:17:29.527" intervalms="37.011" />
<gc-start id="1246" type="partial gc" contextid="1245" timestamp="2019-06-15T09:17:29.528">
  <mem-info id="1247" free="77594624" total="254803968" percent="30">
    <mem type="eden" free="0" total="69206016" percent="0" />
    <arraylet-primitive objects="2" leaves="2" largest="1" />
    <remembered-set count="62912" freebytes="9919360" totalbytes="10171008" percent="97" regionsoverflowed="0" regionsstable="2" regionsrebuilding="0"/>
  </mem-info>
</gc-start>
<allocation-stats totalBytes="69195288" >
  <allocated-bytes non-tlh="0" tlh="69195288" arrayletleaf="0"/>
  <largest-consumer threadName="Thread-7" threadId="0000000000DC9900" bytes="24703064" />
</allocation-stats>
<gc-op id="1248" type="copy forward" timems="3.637" contextid="1245" timestamp="2019-06-15T09:17:29.532">
  <memory-copied type="eden" objects="17351" bytes="830248" bytesdiscarded="0" />
  <memory-copied type="other" objects="10841" bytes="397560" bytesdiscarded="0" />
  <memory-cardclean objects="4783" bytes="253440" />
  <regions eden="66" other="4" />
  <remembered-set-cleared processed="58831" cleared="902" durationms="0.608" />
  <stringconstants candidates="4597" cleared="0"  />
</gc-op>
<gc-op id="1249" type="classunload" timems="0.003" contextid="1245" timestamp="2019-06-15T09:17:29.532">
  <classunload-info classloadercandidates="8" classloadersunloaded="0" classesunloaded="0" anonymousclassesunloaded="0" quiescems="0.000" setupms="0.003" scanms="0.000" postms="0.000" />
</gc-op>
<gc-end id="1250" type="partial gc" contextid="1245" durationms="4.931" usertimems="0.000" systemtimems="4.000" timestamp="2019-06-15T09:17:29.533" activeThreads="1">
  <mem-info id="1251" free="145752064" total="254803968" percent="57">
    <mem type="eden" free="218328" total="1048576" percent="20" />
    <arraylet-primitive objects="2" leaves="2" largest="1" />
    <remembered-set count="62656" freebytes="9920384" totalbytes="10171008" percent="97" regionsoverflowed="0" regionsstable="2" regionsrebuilding="0"/>
  </mem-info>
</gc-end>
<cycle-end id="1252" type="partial gc" contextid="1245" timestamp="2019-06-15T09:17:29.533" />
  <attribute name="elasticGC enabled" value="1" />
  <attribute name= "numThreadsSpecified" value="1" />
  <attribute name="heapSize specified" value="0" />
  <attribute name="Current GC Util" value="74" />
  <attribute name= "Current Time Running" value="4205" />
  <attribute name ="GC Interval" value="0" />
  <attribute name="ProportionalT" value="27.000000" />
  <attribute name="ProportionalI" value="27.000000" />
  <attribute name="ProportionalH" value="27.000000" />
  <attribute name="Current Error" value="54.000000" />
  <attribute name="IntegralT" value="0.000000" />
  <attribute name="IntegralI" value="0.000000" />
  <attribute name="IntegralH" value="0.000000" />
  <attribute name="DerivativeT" value="inf" />
  <attribute name="DerivativeI" value="inf" />
  <attribute name="DerivativeH" value="inf" />
  <attribute name="Loop Time for DT" value="0.000000" />
  <attribute name="Output H" value="8388608"/>
  <attribute name="Output I" value="200"/>
  <attribute name="Output T" value="1"/>
  <attribute name="Target GC Util Change" value ="20.000000" />
  <attribute name="Current GC Util Change" value="74.000000"/>
  <attribute name="GC Util currently" value="74" />
  <attribute name="CPU Util currently" value="17616109238500" />
<exclusive-end id="1253" timestamp="2019-06-15T09:17:29.533" durationms="6.267" />

<exclusive-start id="1254" timestamp="2019-06-15T09:17:29.571" intervalms="44.275">
  <response-info timems="0.038" idlems="0.035" threads="1" lastid="0000000000DC9900" lastname="Thread-7" />
</exclusive-start>
<allocation-taxation id="1255" taxation-threshold="69206016" timestamp="2019-06-15T09:17:29.571" intervalms="44.251" />
<cycle-start id="1256" type="partial gc" contextid="0" timestamp="2019-06-15T09:17:29.571" intervalms="44.173" />
<gc-start id="1257" type="partial gc" contextid="1256" timestamp="2019-06-15T09:17:29.572">
  <mem-info id="1258" free="76546048" total="254803968" percent="30">
    <mem type="eden" free="0" total="69206016" percent="0" />
    <arraylet-primitive objects="2" leaves="2" largest="1" />
    <remembered-set count="62496" freebytes="9921024" totalbytes="10171008" percent="97" regionsoverflowed="0" regionsstable="2" regionsrebuilding="0"/>
  </mem-info>
</gc-start>
<allocation-stats totalBytes="69196488" >
  <allocated-bytes non-tlh="0" tlh="69196488" arrayletleaf="0"/>
  <largest-consumer threadName="Thread-7" threadId="0000000000DC9900" bytes="25281400" />
</allocation-stats>
<gc-op id="1259" type="copy forward" timems="3.754" contextid="1256" timestamp="2019-06-15T09:17:29.576">
  <memory-copied type="eden" objects="11787" bytes="421920" bytesdiscarded="0" />
  <memory-copied type="other" objects="15127" bytes="637800" bytesdiscarded="0" />
  <memory-cardclean objects="5086" bytes="268080" />
  <regions eden="66" other="3" />
  <remembered-set-cleared processed="58998" cleared="649" durationms="0.620" />
  <stringconstants candidates="4597" cleared="0"  />
</gc-op>
<gc-op id="1260" type="classunload" timems="0.003" contextid="1256" timestamp="2019-06-15T09:17:29.576">
  <classunload-info classloadercandidates="8" classloadersunloaded="0" classesunloaded="0" anonymousclassesunloaded="0" quiescems="0.000" setupms="0.002" scanms="0.000" postms="0.000" />
</gc-op>
<gc-end id="1261" type="partial gc" contextid="1256" durationms="4.836" usertimems="12.000" systemtimems="0.000" timestamp="2019-06-15T09:17:29.577" activeThreads="1">
  <mem-info id="1262" free="144703488" total="254803968" percent="56">
    <mem type="eden" free="626656" total="1048576" percent="59" />
    <arraylet-primitive objects="2" leaves="2" largest="1" />
    <remembered-set count="63840" freebytes="9915648" totalbytes="10171008" percent="97" regionsoverflowed="0" regionsstable="2" regionsrebuilding="0"/>
  </mem-info>
</gc-end>
<cycle-end id="1263" type="partial gc" contextid="1256" timestamp="2019-06-15T09:17:29.577" />
  <attribute name="elasticGC enabled" value="1" />
  <attribute name= "numThreadsSpecified" value="1" />
  <attribute name="heapSize specified" value="0" />
  <attribute name="Current GC Util" value="77" />
  <attribute name= "Current Time Running" value="4249" />
  <attribute name ="GC Interval" value="0" />
  <attribute name="ProportionalT" value="28.500000" />
  <attribute name="ProportionalI" value="28.500000" />
  <attribute name="ProportionalH" value="28.500000" />
  <attribute name="Current Error" value="57.000000" />
  <attribute name="IntegralT" value="0.000000" />
  <attribute name="IntegralI" value="0.000000" />
  <attribute name="IntegralH" value="0.000000" />
  <attribute name="DerivativeT" value="inf" />
  <attribute name="DerivativeI" value="inf" />
  <attribute name="DerivativeH" value="inf" />
  <attribute name="Loop Time for DT" value="0.000000" />
  <attribute name="Output H" value="8388608"/>
  <attribute name="Output I" value="200"/>
  <attribute name="Output T" value="1"/>
  <attribute name="Target GC Util Change" value ="20.000000" />
  <attribute name="Current GC Util Change" value="77.000000"/>
  <attribute name="GC Util currently" value="77" />
  <attribute name="CPU Util currently" value="19130387550320" />
<exclusive-end id="1264" timestamp="2019-06-15T09:17:29.577" durationms="5.956" />

<exclusive-start id="1265" timestamp="2019-06-15T09:17:29.613" intervalms="42.390">
  <response-info timems="0.037" idlems="0.037" threads="0" lastid="0000000000DD1100" lastname="Thread-8" />
</exclusive-start>
<allocation-taxation id="1266" taxation-threshold="69206016" timestamp="2019-06-15T09:17:29.614" intervalms="42.357" />
<cycle-start id="1267" type="partial gc" contextid="0" timestamp="2019-06-15T09:17:29.614" intervalms="42.335" />
<gc-start id="1268" type="partial gc" contextid="1267" timestamp="2019-06-15T09:17:29.614">
  <mem-info id="1269" free="75497472" total="254803968" percent="29">
    <mem type="eden" free="0" total="69206016" percent="0" />
    <arraylet-primitive objects="2" leaves="2" largest="1" />
    <remembered-set count="63520" freebytes="9916928" totalbytes="10171008" percent="97" regionsoverflowed="0" regionsstable="2" regionsrebuilding="0"/>
  </mem-info>
</gc-start>
<allocation-stats totalBytes="69196088" >
  <allocated-bytes non-tlh="0" tlh="69196088" arrayletleaf="0"/>
  <largest-consumer threadName="Thread-7" threadId="0000000000DC9900" bytes="22651912" />
</allocation-stats>
<gc-op id="1270" type="copy forward" timems="3.789" contextid="1267" timestamp="2019-06-15T09:17:29.619">
  <memory-copied type="eden" objects="9100" bytes="357488" bytesdiscarded="0" />
  <memory-copied type="other" objects="18271" bytes="713256" bytesdiscarded="0" />
  <memory-cardclean objects="5635" bytes="275424" />
  <regions eden="66" other="4" />
  <remembered-set-cleared processed="59324" cleared="975" durationms="0.618" />
  <stringconstants candidates="4597" cleared="0"  />
</gc-op>
<gc-op id="1271" type="classunload" timems="0.002" contextid="1267" timestamp="2019-06-15T09:17:29.619">
  <classunload-info classloadercandidates="8" classloadersunloaded="0" classesunloaded="0" anonymousclassesunloaded="0" quiescems="0.000" setupms="0.002" scanms="0.000" postms="0.000" />
</gc-op>
<heap-resize id="1272" type="expand" space="default" amount="23068672" count="1" timems="0.196" reason="excessive time being spent in gc" timestamp="2019-06-15T09:17:29.619" />
<gc-end id="1273" type="partial gc" contextid="1267" durationms="5.218" usertimems="8.000" systemtimems="0.000" timestamp="2019-06-15T09:17:29.619" activeThreads="1">
  <mem-info id="1274" free="166723584" total="277872640" percent="60">
    <mem type="eden" free="691088" total="1048576" percent="65" />
    <arraylet-primitive objects="2" leaves="2" largest="1" />
    <remembered-set count="64672" freebytes="10833152" totalbytes="11091840" percent="97" regionsoverflowed="0" regionsstable="2" regionsrebuilding="0"/>
  </mem-info>
</gc-end>
<cycle-end id="1275" type="partial gc" contextid="1267" timestamp="2019-06-15T09:17:29.620" />
  <attribute name="elasticGC enabled" value="1" />
  <attribute name= "numThreadsSpecified" value="1" />
  <attribute name="heapSize specified" value="0" />
  <attribute name="Current GC Util" value="78" />
  <attribute name= "Current Time Running" value="4291" />
  <attribute name ="GC Interval" value="0" />
  <attribute name="ProportionalT" value="29.000000" />
  <attribute name="ProportionalI" value="29.000000" />
  <attribute name="ProportionalH" value="29.000000" />
  <attribute name="Current Error" value="58.000000" />
  <attribute name="IntegralT" value="0.000000" />
  <attribute name="IntegralI" value="0.000000" />
  <attribute name="IntegralH" value="0.000000" />
  <attribute name="DerivativeT" value="inf" />
  <attribute name="DerivativeI" value="inf" />
  <attribute name="DerivativeH" value="inf" />
  <attribute name="Loop Time for DT" value="0.000000" />
  <attribute name="Output H" value="8388608"/>
  <attribute name="Output I" value="200"/>
  <attribute name="Output T" value="1"/>
  <attribute name="Target GC Util Change" value ="20.000000" />
  <attribute name="Current GC Util Change" value="78.000000"/>
  <attribute name="GC Util currently" value="78" />
  <attribute name="CPU Util currently" value="19624195766291" />
<exclusive-end id="1276" timestamp="2019-06-15T09:17:29.620" durationms="6.359" />

<exclusive-start id="1277" timestamp="2019-06-15T09:17:29.659" intervalms="45.908">
  <response-info timems="0.038" idlems="0.038" threads="0" lastid="0000000000DD1100" lastname="Thread-8" />
</exclusive-start>
<allocation-taxation id="1278" taxation-threshold="75497472" timestamp="2019-06-15T09:17:29.660" intervalms="45.910" />
<cycle-start id="1279" type="partial gc" contextid="0" timestamp="2019-06-15T09:17:29.660" intervalms="45.952" />
<gc-start id="1280" type="partial gc" contextid="1279" timestamp="2019-06-15T09:17:29.660">
  <mem-info id="1281" free="91226112" total="277872640" percent="32">
    <mem type="eden" free="0" total="75497472" percent="0" />
    <arraylet-primitive objects="2" leaves="2" largest="1" />
    <remembered-set count="64512" freebytes="10833792" totalbytes="11091840" percent="97" regionsoverflowed="0" regionsstable="2" regionsrebuilding="0"/>
  </mem-info>
</gc-start>
<allocation-stats totalBytes="75487760" >
  <allocated-bytes non-tlh="0" tlh="75487760" arrayletleaf="0"/>
  <largest-consumer threadName="Thread-10" threadId="0000000000DC5D00" bytes="31236512" />
</allocation-stats>
<gc-op id="1282" type="copy forward" timems="4.086" contextid="1279" timestamp="2019-06-15T09:17:29.665">
  <memory-copied type="eden" objects="17922" bytes="706368" bytesdiscarded="0" />
  <memory-copied type="other" objects="9295" bytes="360456" bytesdiscarded="0" />
  <memory-cardclean objects="3288" bytes="162840" />
  <regions eden="72" other="3" />
  <remembered-set-cleared processed="59976" cleared="957" durationms="0.631" />
  <stringconstants candidates="4597" cleared="0"  />
</gc-op>
<gc-op id="1283" type="classunload" timems="0.003" contextid="1279" timestamp="2019-06-15T09:17:29.665">
  <classunload-info classloadercandidates="8" classloadersunloaded="0" classesunloaded="0" anonymousclassesunloaded="0" quiescems="0.000" setupms="0.002" scanms="0.000" postms="0.000" />
</gc-op>
<heap-resize id="1284" type="expand" space="default" amount="3145728" count="1" timems="0.082" reason="excessive time being spent in gc" timestamp="2019-06-15T09:17:29.665" />
<gc-end id="1285" type="partial gc" contextid="1279" durationms="5.343" usertimems="8.000" systemtimems="0.000" timestamp="2019-06-15T09:17:29.665" activeThreads="1">
  <mem-info id="1286" free="168820736" total="281018368" percent="60">
    <mem type="eden" free="342208" total="1048576" percent="32" />
    <arraylet-primitive objects="2" leaves="2" largest="1" />
    <remembered-set count="65632" freebytes="10954880" totalbytes="11217408" percent="97" regionsoverflowed="0" regionsstable="2" regionsrebuilding="0"/>
  </mem-info>
</gc-end>
<cycle-end id="1287" type="partial gc" contextid="1279" timestamp="2019-06-15T09:17:29.666" />
  <attribute name="elasticGC enabled" value="1" />
  <attribute name= "numThreadsSpecified" value="1" />
  <attribute name="heapSize specified" value="0" />
  <attribute name="Current GC Util" value="72" />
  <attribute name= "Current Time Running" value="4337" />
  <attribute name ="GC Interval" value="0" />
  <attribute name="ProportionalT" value="26.000000" />
  <attribute name="ProportionalI" value="26.000000" />
  <attribute name="ProportionalH" value="26.000000" />
  <attribute name="Current Error" value="52.000000" />
  <attribute name="IntegralT" value="0.000000" />
  <attribute name="IntegralI" value="0.000000" />
  <attribute name="IntegralH" value="0.000000" />
  <attribute name="DerivativeT" value="inf" />
  <attribute name="DerivativeI" value="inf" />
  <attribute name="DerivativeH" value="inf" />
  <attribute name="Loop Time for DT" value="0.000000" />
  <attribute name="Output H" value="8388608"/>
  <attribute name="Output I" value="200"/>
  <attribute name="Output T" value="1"/>
  <attribute name="Target GC Util Change" value ="20.000000" />
  <attribute name="Current GC Util Change" value="72.000000"/>
  <attribute name="GC Util currently" value="72" />
  <attribute name="CPU Util currently" value="18461365421195" />
<exclusive-end id="1288" timestamp="2019-06-15T09:17:29.666" durationms="6.381" />

<exclusive-start id="1289" timestamp="2019-06-15T09:17:29.710" intervalms="50.717">
  <response-info timems="0.043" idlems="0.043" threads="0" lastid="0000000000DCD500" lastname="Thread-9" />
</exclusive-start>
<allocation-taxation id="1290" taxation-threshold="76546048" timestamp="2019-06-15T09:17:29.710" intervalms="50.752" />
<cycle-start id="1291" type="partial gc" contextid="0" timestamp="2019-06-15T09:17:29.710" intervalms="50.699" />
<gc-start id="1292" type="partial gc" contextid="1291" timestamp="2019-06-15T09:17:29.711">
  <mem-info id="1293" free="92274688" total="281018368" percent="32">
    <mem type="eden" free="0" total="76546048" percent="0" />
    <arraylet-primitive objects="2" leaves="2" largest="1" />
    <remembered-set count="65216" freebytes="10956544" totalbytes="11217408" percent="97" regionsoverflowed="0" regionsstable="2" regionsrebuilding="0"/>
  </mem-info>
</gc-start>
<allocation-stats totalBytes="76535736" >
  <allocated-bytes non-tlh="0" tlh="76535736" arrayletleaf="0"/>
  <largest-consumer threadName="Thread-10" threadId="0000000000DC5D00" bytes="25178800" />
</allocation-stats>
<gc-op id="1294" type="copy forward" timems="3.926" contextid="1291" timestamp="2019-06-15T09:17:29.715">
  <memory-copied type="eden" objects="16094" bytes="662608" bytesdiscarded="0" />
  <memory-copied type="other" objects="11201" bytes="406200" bytesdiscarded="0" />
  <memory-cardclean objects="7840" bytes="399624" />
  <regions eden="73" other="3" />
  <remembered-set-cleared processed="60318" cleared="903" durationms="0.624" />
  <stringconstants candidates="4597" cleared="0"  />
</gc-op>
<gc-op id="1295" type="classunload" timems="0.003" contextid="1291" timestamp="2019-06-15T09:17:29.715">
  <classunload-info classloadercandidates="8" classloadersunloaded="0" classesunloaded="0" anonymousclassesunloaded="0" quiescems="0.000" setupms="0.003" scanms="0.000" postms="0.000" />
</gc-op>
<gc-end id="1296" type="partial gc" contextid="1291" durationms="4.951" usertimems="8.000" systemtimems="0.000" timestamp="2019-06-15T09:17:29.716" activeThreads="1">
  <mem-info id="1297" free="167772160" total="281018368" percent="59">
    <mem type="eden" free="385968" total="1048576" percent="36" />
    <arraylet-primitive objects="2" leaves="2" largest="1" />
    <remembered-set count="66656" freebytes="10950784" totalbytes="11217408" percent="97" regionsoverflowed="0" regionsstable="2" regionsrebuilding="0"/>
  </mem-info>
</gc-end>
<cycle-end id="1298" type="partial gc" contextid="1291" timestamp="2019-06-15T09:17:29.716" />
  <attribute name="elasticGC enabled" value="1" />
  <attribute name= "numThreadsSpecified" value="1" />
  <attribute name="heapSize specified" value="0" />
  <attribute name="Current GC Util" value="71" />
  <attribute name= "Current Time Running" value="4388" />
  <attribute name ="GC Interval" value="0" />
  <attribute name="ProportionalT" value="25.500000" />
  <attribute name="ProportionalI" value="25.500000" />
  <attribute name="ProportionalH" value="25.500000" />
  <attribute name="Current Error" value="51.000000" />
  <attribute name="IntegralT" value="0.000000" />
  <attribute name="IntegralI" value="0.000000" />
  <attribute name="IntegralH" value="0.000000" />
  <attribute name="DerivativeT" value="inf" />
  <attribute name="DerivativeI" value="inf" />
  <attribute name="DerivativeH" value="inf" />
  <attribute name="Loop Time for DT" value="0.000000" />
  <attribute name="Output H" value="8388608"/>
  <attribute name="Output I" value="200"/>
  <attribute name="Output T" value="1"/>
  <attribute name="Target GC Util Change" value ="20.000000" />
  <attribute name="Current GC Util Change" value="71.000000"/>
  <attribute name="GC Util currently" value="71" />
  <attribute name="CPU Util currently" value="18428168425457" />
<exclusive-end id="1299" timestamp="2019-06-15T09:17:29.716" durationms="5.873" />

<exclusive-start id="1300" timestamp="2019-06-15T09:17:29.759" intervalms="48.684">
  <response-info timems="0.273" idlems="0.273" threads="0" lastid="0000000000DC9900" lastname="Thread-7" />
</exclusive-start>
<allocation-taxation id="1301" taxation-threshold="76546048" timestamp="2019-06-15T09:17:29.759" intervalms="48.630" />
<cycle-start id="1302" type="partial gc" contextid="0" timestamp="2019-06-15T09:17:29.759" intervalms="48.661" />
<gc-start id="1303" type="partial gc" contextid="1302" timestamp="2019-06-15T09:17:29.759">
  <mem-info id="1304" free="91226112" total="281018368" percent="32">
    <mem type="eden" free="0" total="76546048" percent="0" />
    <arraylet-primitive objects="2" leaves="2" largest="1" />
    <remembered-set count="66528" freebytes="10951296" totalbytes="11217408" percent="97" regionsoverflowed="0" regionsstable="2" regionsrebuilding="0"/>
  </mem-info>
</gc-start>
<allocation-stats totalBytes="76535264" >
  <allocated-bytes non-tlh="0" tlh="76535264" arrayletleaf="0"/>
  <largest-consumer threadName="Thread-9" threadId="0000000000DCD500" bytes="26034232" />
</allocation-stats>
<gc-op id="1305" type="copy forward" timems="4.244" contextid="1302" timestamp="2019-06-15T09:17:29.765">
  <memory-copied type="eden" objects="5564" bytes="134968" bytesdiscarded="0" />
  <memory-copied type="other" objects="27006" bytes="1060272" bytesdiscarded="0" />
  <memory-cardclean objects="7979" bytes="391800" />
  <regions eden="73" other="4" />
  <remembered-set-cleared processed="60441" cleared="1062" durationms="0.638" />
  <stringconstants candidates="4597" cleared="0"  />
</gc-op>
<gc-op id="1306" type="classunload" timems="0.002" contextid="1302" timestamp="2019-06-15T09:17:29.765">
  <classunload-info classloadercandidates="8" classloadersunloaded="0" classesunloaded="0" anonymousclassesunloaded="0" quiescems="0.000" setupms="0.002" scanms="0.000" postms="0.000" />
</gc-op>
<gc-end id="1307" type="partial gc" contextid="1302" durationms="5.546" usertimems="8.000" systemtimems="0.000" timestamp="2019-06-15T09:17:29.765" activeThreads="1">
  <mem-info id="1308" free="166723584" total="281018368" percent="59">
    <mem type="eden" free="913608" total="1048576" percent="87" />
    <arraylet-primitive objects="2" leaves="2" largest="1" />
    <remembered-set count="68416" freebytes="10943744" totalbytes="11217408" percent="97" regionsoverflowed="0" regionsstable="2" regionsrebuilding="0"/>
  </mem-info>
</gc-end>
<cycle-end id="1309" type="partial gc" contextid="1302" timestamp="2019-06-15T09:17:29.765" />
  <attribute name="elasticGC enabled" value="1" />
  <attribute name= "numThreadsSpecified" value="1" />
  <attribute name="heapSize specified" value="0" />
  <attribute name="Current GC Util" value="85" />
  <attribute name= "Current Time Running" value="4437" />
  <attribute name ="GC Interval" value="0" />
  <attribute name="ProportionalT" value="32.500000" />
  <attribute name="ProportionalI" value="32.500000" />
  <attribute name="ProportionalH" value="32.500000" />
  <attribute name="Current Error" value="65.000000" />
  <attribute name="IntegralT" value="0.000000" />
  <attribute name="IntegralI" value="0.000000" />
  <attribute name="IntegralH" value="0.000000" />
  <attribute name="DerivativeT" value="inf" />
  <attribute name="DerivativeI" value="inf" />
  <attribute name="DerivativeH" value="inf" />
  <attribute name="Loop Time for DT" value="0.000000" />
  <attribute name="Output H" value="8388608"/>
  <attribute name="Output I" value="200"/>
  <attribute name="Output T" value="1"/>
  <attribute name="Target GC Util Change" value ="20.000000" />
  <attribute name="Current GC Util Change" value="85.000000"/>
  <attribute name="GC Util currently" value="85" />
  <attribute name="CPU Util currently" value="18664295041719" />
<exclusive-end id="1310" timestamp="2019-06-15T09:17:29.766" durationms="6.735" />

<exclusive-start id="1311" timestamp="2019-06-15T09:17:29.803" intervalms="44.410">
  <response-info timems="0.218" idlems="0.218" threads="0" lastid="0000000000DCD500" lastname="Thread-9" />
</exclusive-start>
<allocation-taxation id="1312" taxation-threshold="76546048" timestamp="2019-06-15T09:17:29.803" intervalms="44.462" />
<cycle-start id="1313" type="partial gc" contextid="0" timestamp="2019-06-15T09:17:29.804" intervalms="44.500" />
<gc-start id="1314" type="partial gc" contextid="1313" timestamp="2019-06-15T09:17:29.804">
  <mem-info id="1315" free="90177536" total="281018368" percent="32">
    <mem type="eden" free="0" total="76546048" percent="0" />
    <arraylet-primitive objects="2" leaves="2" largest="1" />
    <remembered-set count="68256" freebytes="10944384" totalbytes="11217408" percent="97" regionsoverflowed="0" regionsstable="2" regionsrebuilding="0"/>
  </mem-info>
</gc-start>
<allocation-stats totalBytes="76535768" >
  <allocated-bytes non-tlh="0" tlh="76535768" arrayletleaf="0"/>
  <largest-consumer threadName="Thread-10" threadId="0000000000DC5D00" bytes="22103328" />
</allocation-stats>
<gc-op id="1316" type="copy forward" timems="4.207" contextid="1313" timestamp="2019-06-15T09:17:29.809">
  <memory-copied type="eden" objects="18151" bytes="849760" bytesdiscarded="0" />
  <memory-copied type="other" objects="14731" bytes="490920" bytesdiscarded="0" />
  <memory-cardclean objects="7313" bytes="360096" />
  <regions eden="73" other="4" />
  <remembered-set-cleared processed="60904" cleared="1390" durationms="0.636" />
  <stringconstants candidates="4597" cleared="0"  />
</gc-op>
<gc-op id="1317" type="classunload" timems="0.002" contextid="1313" timestamp="2019-06-15T09:17:29.809">
  <classunload-info classloadercandidates="8" classloadersunloaded="0" classesunloaded="0" anonymousclassesunloaded="0" quiescems="0.000" setupms="0.002" scanms="0.000" postms="0.000" />
</gc-op>
<gc-end id="1318" type="partial gc" contextid="1313" durationms="5.558" usertimems="8.000" systemtimems="0.000" timestamp="2019-06-15T09:17:29.810" activeThreads="1">
  <mem-info id="1319" free="165675008" total="281018368" percent="58">
    <mem type="eden" free="198816" total="1048576" percent="18" />
    <arraylet-primitive objects="2" leaves="2" largest="1" />
    <remembered-set count="68064" freebytes="10945152" totalbytes="11217408" percent="97" regionsoverflowed="0" regionsstable="2" regionsrebuilding="0"/>
  </mem-info>
</gc-end>
<cycle-end id="1320" type="partial gc" contextid="1313" timestamp="2019-06-15T09:17:29.810" />
  <attribute name="elasticGC enabled" value="1" />
  <attribute name= "numThreadsSpecified" value="1" />
  <attribute name="heapSize specified" value="0" />
  <attribute name="Current GC Util" value="72" />
  <attribute name= "Current Time Running" value="4481" />
  <attribute name ="GC Interval" value="0" />
  <attribute name="ProportionalT" value="26.000000" />
  <attribute name="ProportionalI" value="26.000000" />
  <attribute name="ProportionalH" value="26.000000" />
  <attribute name="Current Error" value="52.000000" />
  <attribute name="IntegralT" value="0.000000" />
  <attribute name="IntegralI" value="0.000000" />
  <attribute name="IntegralH" value="0.000000" />
  <attribute name="DerivativeT" value="inf" />
  <attribute name="DerivativeI" value="inf" />
  <attribute name="DerivativeH" value="inf" />
  <attribute name="Loop Time for DT" value="0.000000" />
  <attribute name="Output H" value="8388608"/>
  <attribute name="Output I" value="200"/>
  <attribute name="Output T" value="1"/>
  <attribute name="Target GC Util Change" value ="20.000000" />
  <attribute name="Current GC Util Change" value="72.000000"/>
  <attribute name="GC Util currently" value="72" />
  <attribute name="CPU Util currently" value="18258535038973" />
<exclusive-end id="1321" timestamp="2019-06-15T09:17:29.810" durationms="6.816" />

<exclusive-start id="1322" timestamp="2019-06-15T09:17:29.846" intervalms="42.846">
  <response-info timems="0.037" idlems="0.037" threads="0" lastid="0000000000DD1100" lastname="Thread-8" />
</exclusive-start>
<allocation-taxation id="1323" taxation-threshold="76546048" timestamp="2019-06-15T09:17:29.846" intervalms="42.852" />
<cycle-start id="1324" type="partial gc" contextid="0" timestamp="2019-06-15T09:17:29.847" intervalms="42.898" />
<gc-start id="1325" type="partial gc" contextid="1324" timestamp="2019-06-15T09:17:29.847">
  <mem-info id="1326" free="89128960" total="281018368" percent="31">
    <mem type="eden" free="0" total="76546048" percent="0" />
    <arraylet-primitive objects="2" leaves="2" largest="1" />
    <remembered-set count="67776" freebytes="10946304" totalbytes="11217408" percent="97" regionsoverflowed="0" regionsstable="2" regionsrebuilding="0"/>
  </mem-info>
</gc-start>
<allocation-stats totalBytes="76536392" >
  <allocated-bytes non-tlh="0" tlh="76536392" arrayletleaf="0"/>
  <largest-consumer threadName="Thread-7" threadId="0000000000DC9900" bytes="23303328" />
</allocation-stats>
<gc-op id="1327" type="copy forward" timems="4.414" contextid="1324" timestamp="2019-06-15T09:17:29.852">
  <memory-copied type="eden" objects="6077" bytes="147712" bytesdiscarded="0" />
  <memory-copied type="other" objects="29222" bytes="1250832" bytesdiscarded="0" />
  <memory-cardclean objects="4021" bytes="202080" />
  <regions eden="73" other="3" />
  <remembered-set-cleared processed="61407" cleared="1036" durationms="0.656" />
  <stringconstants candidates="4597" cleared="0"  />
</gc-op>
<gc-op id="1328" type="classunload" timems="0.003" contextid="1324" timestamp="2019-06-15T09:17:29.852">
  <classunload-info classloadercandidates="8" classloadersunloaded="0" classesunloaded="0" anonymousclassesunloaded="0" quiescems="0.000" setupms="0.001" scanms="0.000" postms="0.000" />
</gc-op>
<heap-resize id="1329" type="expand" space="default" amount="10485760" count="1" timems="0.128" reason="excessive time being spent in gc" timestamp="2019-06-15T09:17:29.853" />
<gc-end id="1330" type="partial gc" contextid="1324" durationms="5.950" usertimems="4.000" systemtimems="0.000" timestamp="2019-06-15T09:17:29.853" activeThreads="1">
  <mem-info id="1331" free="175112192" total="291504128" percent="60">
    <mem type="eden" free="900864" total="1048576" percent="85" />
    <arraylet-primitive objects="2" leaves="2" largest="1" />
    <remembered-set count="69632" freebytes="11357440" totalbytes="11635968" percent="97" regionsoverflowed="0" regionsstable="2" regionsrebuilding="0"/>
  </mem-info>
</gc-end>
<cycle-end id="1332" type="partial gc" contextid="1324" timestamp="2019-06-15T09:17:29.853" />
  <attribute name="elasticGC enabled" value="1" />
  <attribute name= "numThreadsSpecified" value="1" />
  <attribute name="heapSize specified" value="0" />
  <attribute name="Current GC Util" value="77" />
  <attribute name= "Current Time Running" value="4524" />
  <attribute name ="GC Interval" value="0" />
  <attribute name="ProportionalT" value="28.500000" />
  <attribute name="ProportionalI" value="28.500000" />
  <attribute name="ProportionalH" value="28.500000" />
  <attribute name="Current Error" value="57.000000" />
  <attribute name="IntegralT" value="0.000000" />
  <attribute name="IntegralI" value="0.000000" />
  <attribute name="IntegralH" value="0.000000" />
  <attribute name="DerivativeT" value="inf" />
  <attribute name="DerivativeI" value="inf" />
  <attribute name="DerivativeH" value="inf" />
  <attribute name="Loop Time for DT" value="0.000000" />
  <attribute name="Output H" value="8388608"/>
  <attribute name="Output I" value="200"/>
  <attribute name="Output T" value="1"/>
  <attribute name="Target GC Util Change" value ="20.000000" />
  <attribute name="Current GC Util Change" value="77.000000"/>
  <attribute name="GC Util currently" value="77" />
  <attribute name="CPU Util currently" value="17979703246082" />
<exclusive-end id="1333" timestamp="2019-06-15T09:17:29.853" durationms="7.262" />

<exclusive-start id="1334" timestamp="2019-06-15T09:17:29.884" intervalms="38.143">
  <response-info timems="0.032" idlems="0.032" threads="0" lastid="0000000000DCD500" lastname="Thread-9" />
</exclusive-start>
<allocation-taxation id="1335" taxation-threshold="78643200" timestamp="2019-06-15T09:17:29.884" intervalms="38.124" />
<cycle-start id="1336" type="partial gc" contextid="0" timestamp="2019-06-15T09:17:29.885" intervalms="38.101" />
<gc-start id="1337" type="partial gc" contextid="1336" timestamp="2019-06-15T09:17:29.885">
  <mem-info id="1338" free="96468992" total="291504128" percent="33">
    <mem type="eden" free="0" total="78643200" percent="0" />
    <arraylet-primitive objects="2" leaves="2" largest="1" />
    <remembered-set count="69280" freebytes="11358848" totalbytes="11635968" percent="97" regionsoverflowed="0" regionsstable="2" regionsrebuilding="0"/>
  </mem-info>
</gc-start>
<allocation-stats totalBytes="78632736" >
  <allocated-bytes non-tlh="0" tlh="78632736" arrayletleaf="0"/>
  <largest-consumer threadName="Thread-8" threadId="0000000000DD1100" bytes="23098656" />
</allocation-stats>
<gc-op id="1339" type="copy forward" timems="4.280" contextid="1336" timestamp="2019-06-15T09:17:29.890">
  <memory-copied type="eden" objects="16049" bytes="661976" bytesdiscarded="0" />
  <memory-copied type="other" objects="17748" bytes="700704" bytesdiscarded="0" />
  <memory-cardclean objects="4021" bytes="202080" />
  <regions eden="75" other="4" />
  <remembered-set-cleared processed="61840" cleared="1469" durationms="0.621" />
  <stringconstants candidates="4597" cleared="0"  />
</gc-op>
<gc-op id="1340" type="classunload" timems="0.002" contextid="1336" timestamp="2019-06-15T09:17:29.890">
  <classunload-info classloadercandidates="8" classloadersunloaded="0" classesunloaded="0" anonymousclassesunloaded="0" quiescems="0.000" setupms="0.002" scanms="0.000" postms="0.000" />
</gc-op>
<heap-resize id="1341" type="expand" space="default" amount="2097152" count="1" timems="0.065" reason="excessive time being spent in gc" timestamp="2019-06-15T09:17:29.890" />
<gc-end id="1342" type="partial gc" contextid="1336" durationms="5.673" usertimems="4.000" systemtimems="0.000" timestamp="2019-06-15T09:17:29.891" activeThreads="1">
  <mem-info id="1343" free="176160768" total="293601280" percent="60">
    <mem type="eden" free="386600" total="1048576" percent="36" />
    <arraylet-primitive objects="2" leaves="2" largest="1" />
    <remembered-set count="68608" freebytes="11445248" totalbytes="11719680" percent="97" regionsoverflowed="0" regionsstable="2" regionsrebuilding="0"/>
  </mem-info>
</gc-end>
<cycle-end id="1344" type="partial gc" contextid="1336" timestamp="2019-06-15T09:17:29.891" />
  <attribute name="elasticGC enabled" value="1" />
  <attribute name= "numThreadsSpecified" value="1" />
  <attribute name="heapSize specified" value="0" />
  <attribute name="Current GC Util" value="71" />
  <attribute name= "Current Time Running" value="4562" />
  <attribute name ="GC Interval" value="0" />
  <attribute name="ProportionalT" value="25.500000" />
  <attribute name="ProportionalI" value="25.500000" />
  <attribute name="ProportionalH" value="25.500000" />
  <attribute name="Current Error" value="51.000000" />
  <attribute name="IntegralT" value="0.000000" />
  <attribute name="IntegralI" value="0.000000" />
  <attribute name="IntegralH" value="0.000000" />
  <attribute name="DerivativeT" value="inf" />
  <attribute name="DerivativeI" value="inf" />
  <attribute name="DerivativeH" value="inf" />
  <attribute name="Loop Time for DT" value="0.000000" />
  <attribute name="Output H" value="8388608"/>
  <attribute name="Output I" value="200"/>
  <attribute name="Output T" value="1"/>
  <attribute name="Target GC Util Change" value ="20.000000" />
  <attribute name="Current GC Util Change" value="71.000000"/>
  <attribute name="GC Util currently" value="71" />
  <attribute name="CPU Util currently" value="18962290778704" />
<exclusive-end id="1345" timestamp="2019-06-15T09:17:29.891" durationms="6.894" />

<exclusive-start id="1346" timestamp="2019-06-15T09:17:29.923" intervalms="38.883">
  <response-info timems="0.028" idlems="0.028" threads="0" lastid="0000000000DCD500" lastname="Thread-9" />
</exclusive-start>
<allocation-taxation id="1347" taxation-threshold="79691776" timestamp="2019-06-15T09:17:29.923" intervalms="38.904" />
<cycle-start id="1348" type="partial gc" contextid="0" timestamp="2019-06-15T09:17:29.923" intervalms="38.850" />
<gc-start id="1349" type="partial gc" contextid="1348" timestamp="2019-06-15T09:17:29.924">
  <mem-info id="1350" free="96468992" total="293601280" percent="32">
    <mem type="eden" free="0" total="79691776" percent="0" />
    <arraylet-primitive objects="2" leaves="2" largest="1" />
    <remembered-set count="68416" freebytes="11446016" totalbytes="11719680" percent="97" regionsoverflowed="0" regionsstable="2" regionsrebuilding="0"/>
  </mem-info>
</gc-start>
<allocation-stats totalBytes="79681880" >
  <allocated-bytes non-tlh="0" tlh="79681880" arrayletleaf="0"/>
  <largest-consumer threadName="Thread-8" threadId="0000000000DD1100" bytes="24519736" />
</allocation-stats>
<gc-op id="1351" type="copy forward" timems="3.926" contextid="1348" timestamp="2019-06-15T09:17:29.928">
  <memory-copied type="eden" objects="11585" bytes="417856" bytesdiscarded="0" />
  <memory-copied type="other" objects="21465" bytes="927288" bytesdiscarded="0" />
  <memory-cardclean objects="19" bytes="1872" />
  <regions eden="76" other="3" />
  <remembered-set-cleared processed="62106" cleared="765" durationms="0.631" />
  <stringconstants candidates="4597" cleared="0"  />
</gc-op>
<gc-op id="1352" type="classunload" timems="0.002" contextid="1348" timestamp="2019-06-15T09:17:29.929">
  <classunload-info classloadercandidates="8" classloadersunloaded="0" classesunloaded="0" anonymousclassesunloaded="0" quiescems="0.000" setupms="0.002" scanms="0.000" postms="0.000" />
</gc-op>
<heap-resize id="1353" type="expand" space="default" amount="3145728" count="1" timems="0.072" reason="excessive time being spent in gc" timestamp="2019-06-15T09:17:29.929" />
<gc-end id="1354" type="partial gc" contextid="1348" durationms="5.298" usertimems="4.000" systemtimems="0.000" timestamp="2019-06-15T09:17:29.929" activeThreads="1">
  <mem-info id="1355" free="178257920" total="296747008" percent="60">
    <mem type="eden" free="630720" total="1048576" percent="60" />
    <arraylet-primitive objects="2" leaves="2" largest="1" />
    <remembered-set count="69632" freebytes="11566720" totalbytes="11845248" percent="97" regionsoverflowed="0" regionsstable="2" regionsrebuilding="0"/>
  </mem-info>
</gc-end>
<cycle-end id="1356" type="partial gc" contextid="1348" timestamp="2019-06-15T09:17:29.929" />
  <attribute name="elasticGC enabled" value="1" />
  <attribute name= "numThreadsSpecified" value="1" />
  <attribute name="heapSize specified" value="0" />
  <attribute name="Current GC Util" value="76" />
  <attribute name= "Current Time Running" value="4601" />
  <attribute name ="GC Interval" value="0" />
  <attribute name="ProportionalT" value="28.000000" />
  <attribute name="ProportionalI" value="28.000000" />
  <attribute name="ProportionalH" value="28.000000" />
  <attribute name="Current Error" value="56.000000" />
  <attribute name="IntegralT" value="0.000000" />
  <attribute name="IntegralI" value="0.000000" />
  <attribute name="IntegralH" value="0.000000" />
  <attribute name="DerivativeT" value="inf" />
  <attribute name="DerivativeI" value="inf" />
  <attribute name="DerivativeH" value="inf" />
  <attribute name="Loop Time for DT" value="0.000000" />
  <attribute name="Output H" value="8388608"/>
  <attribute name="Output I" value="200"/>
  <attribute name="Output T" value="1"/>
  <attribute name="Target GC Util Change" value ="20.000000" />
  <attribute name="Current GC Util Change" value="76.000000"/>
  <attribute name="GC Util currently" value="76" />
  <attribute name="CPU Util currently" value="19683917605823" />
<exclusive-end id="1357" timestamp="2019-06-15T09:17:29.929" durationms="6.424" />

<exclusive-start id="1358" timestamp="2019-06-15T09:17:29.956" intervalms="33.227">
  <response-info timems="0.037" idlems="0.037" threads="0" lastid="0000000000DC9900" lastname="Thread-7" />
</exclusive-start>
<allocation-taxation id="1359" taxation-threshold="79691776" timestamp="2019-06-15T09:17:29.956" intervalms="33.190" />
<cycle-start id="1360" type="partial gc" contextid="0" timestamp="2019-06-15T09:17:29.957" intervalms="33.238" />
<gc-start id="1361" type="partial gc" contextid="1360" timestamp="2019-06-15T09:17:29.957">
  <mem-info id="1362" free="98566144" total="296747008" percent="33">
    <mem type="eden" free="0" total="79691776" percent="0" />
    <arraylet-primitive objects="2" leaves="2" largest="1" />
    <remembered-set count="69472" freebytes="11567360" totalbytes="11845248" percent="97" regionsoverflowed="0" regionsstable="2" regionsrebuilding="0"/>
  </mem-info>
</gc-start>
<allocation-stats totalBytes="79682256" >
  <allocated-bytes non-tlh="0" tlh="79682256" arrayletleaf="0"/>
  <largest-consumer threadName="Thread-7" threadId="0000000000DC9900" bytes="23803336" />
</allocation-stats>
<gc-op id="1363" type="copy forward" timems="3.353" contextid="1360" timestamp="2019-06-15T09:17:29.961">
  <memory-copied type="eden" objects="18698" bytes="862576" bytesdiscarded="0" />
  <memory-copied type="other" objects="5385" bytes="266616" bytesdiscarded="0" />
  <memory-cardclean objects="19" bytes="1872" />
  <regions eden="76" other="4" />
  <remembered-set-cleared processed="62326" cleared="985" durationms="0.651" />
  <stringconstants candidates="4597" cleared="0"  />
</gc-op>
<gc-op id="1364" type="classunload" timems="0.002" contextid="1360" timestamp="2019-06-15T09:17:29.961">
  <classunload-info classloadercandidates="8" classloadersunloaded="0" classesunloaded="0" anonymousclassesunloaded="0" quiescems="0.000" setupms="0.002" scanms="0.000" postms="0.000" />
</gc-op>
<gc-end id="1365" type="partial gc" contextid="1360" durationms="4.719" usertimems="4.000" systemtimems="0.000" timestamp="2019-06-15T09:17:29.962" activeThreads="1">
  <mem-info id="1366" free="180355072" total="296747008" percent="60">
    <mem type="eden" free="186000" total="1048576" percent="17" />
    <arraylet-primitive objects="2" leaves="2" largest="1" />
    <remembered-set count="68096" freebytes="11572864" totalbytes="11845248" percent="97" regionsoverflowed="0" regionsstable="2" regionsrebuilding="0"/>
  </mem-info>
</gc-end>
<cycle-end id="1367" type="partial gc" contextid="1360" timestamp="2019-06-15T09:17:29.962" />
  <attribute name="elasticGC enabled" value="1" />
  <attribute name= "numThreadsSpecified" value="1" />
  <attribute name="heapSize specified" value="0" />
  <attribute name="Current GC Util" value="73" />
  <attribute name= "Current Time Running" value="4634" />
  <attribute name ="GC Interval" value="0" />
  <attribute name="ProportionalT" value="26.500000" />
  <attribute name="ProportionalI" value="26.500000" />
  <attribute name="ProportionalH" value="26.500000" />
  <attribute name="Current Error" value="53.000000" />
  <attribute name="IntegralT" value="0.000000" />
  <attribute name="IntegralI" value="0.000000" />
  <attribute name="IntegralH" value="0.000000" />
  <attribute name="DerivativeT" value="inf" />
  <attribute name="DerivativeI" value="inf" />
  <attribute name="DerivativeH" value="inf" />
  <attribute name="Loop Time for DT" value="0.000000" />
  <attribute name="Output H" value="8388608"/>
  <attribute name="Output I" value="200"/>
  <attribute name="Output T" value="1"/>
  <attribute name="Target GC Util Change" value ="20.000000" />
  <attribute name="Current GC Util Change" value="73.000000"/>
  <attribute name="GC Util currently" value="73" />
  <attribute name="CPU Util currently" value="17287966216393" />
<exclusive-end id="1368" timestamp="2019-06-15T09:17:29.962" durationms="5.910" />

<exclusive-start id="1369" timestamp="2019-06-15T09:17:29.986" intervalms="29.343">
  <response-info timems="0.044" idlems="0.044" threads="0" lastid="0000000000DCD500" lastname="Thread-9" />
</exclusive-start>
<allocation-taxation id="1370" taxation-threshold="79691776" timestamp="2019-06-15T09:17:29.986" intervalms="29.385" />
<cycle-start id="1371" type="partial gc" contextid="0" timestamp="2019-06-15T09:17:29.986" intervalms="29.426" />
<gc-start id="1372" type="partial gc" contextid="1371" timestamp="2019-06-15T09:17:29.986">
  <mem-info id="1373" free="100663296" total="296747008" percent="33">
    <mem type="eden" free="0" total="79691776" percent="0" />
    <arraylet-primitive objects="2" leaves="2" largest="1" />
    <remembered-set count="67776" freebytes="11574144" totalbytes="11845248" percent="97" regionsoverflowed="0" regionsstable="2" regionsrebuilding="0"/>
  </mem-info>
</gc-start>
<allocation-stats totalBytes="79683496" >
  <allocated-bytes non-tlh="0" tlh="79683496" arrayletleaf="0"/>
  <largest-consumer threadName="Thread-9" threadId="0000000000DCD500" bytes="23910200" />
</allocation-stats>
<gc-op id="1374" type="copy forward" timems="4.208" contextid="1371" timestamp="2019-06-15T09:17:29.992">
  <memory-copied type="eden" objects="5426" bytes="131776" bytesdiscarded="0" />
  <memory-copied type="other" objects="28608" bytes="1236096" bytesdiscarded="0" />
  <memory-cardclean objects="4021" bytes="202080" />
  <regions eden="76" other="4" />
  <remembered-set-cleared processed="61388" cleared="1017" durationms="0.668" />
  <stringconstants candidates="4597" cleared="0"  />
</gc-op>
<gc-op id="1375" type="classunload" timems="0.002" contextid="1371" timestamp="2019-06-15T09:17:29.992">
  <classunload-info classloadercandidates="8" classloadersunloaded="0" classesunloaded="0" anonymousclassesunloaded="0" quiescems="0.000" setupms="0.002" scanms="0.000" postms="0.000" />
</gc-op>
<gc-end id="1376" type="partial gc" contextid="1371" durationms="5.553" usertimems="4.000" systemtimems="4.000" timestamp="2019-06-15T09:17:29.992" activeThreads="1">
  <mem-info id="1377" free="179306496" total="296747008" percent="60">
    <mem type="eden" free="916800" total="1048576" percent="87" />
    <arraylet-primitive objects="2" leaves="2" largest="1" />
    <remembered-set count="69120" freebytes="11568768" totalbytes="11845248" percent="97" regionsoverflowed="0" regionsstable="2" regionsrebuilding="0"/>
  </mem-info>
</gc-end>
<cycle-end id="1378" type="partial gc" contextid="1371" timestamp="2019-06-15T09:17:29.992" />
  <attribute name="elasticGC enabled" value="1" />
  <attribute name= "numThreadsSpecified" value="1" />
  <attribute name="heapSize specified" value="0" />
  <attribute name="Current GC Util" value="72" />
  <attribute name= "Current Time Running" value="4664" />
  <attribute name ="GC Interval" value="0" />
  <attribute name="ProportionalT" value="26.000000" />
  <attribute name="ProportionalI" value="26.000000" />
  <attribute name="ProportionalH" value="26.000000" />
  <attribute name="Current Error" value="52.000000" />
  <attribute name="IntegralT" value="0.000000" />
  <attribute name="IntegralI" value="0.000000" />
  <attribute name="IntegralH" value="0.000000" />
  <attribute name="DerivativeT" value="inf" />
  <attribute name="DerivativeI" value="inf" />
  <attribute name="DerivativeH" value="inf" />
  <attribute name="Loop Time for DT" value="0.000000" />
  <attribute name="Output H" value="8388608"/>
  <attribute name="Output I" value="200"/>
  <attribute name="Output T" value="1"/>
  <attribute name="Target GC Util Change" value ="20.000000" />
  <attribute name="Current GC Util Change" value="72.000000"/>
  <attribute name="GC Util currently" value="72" />
  <attribute name="CPU Util currently" value="18977428835441" />
<exclusive-end id="1379" timestamp="2019-06-15T09:17:29.993" durationms="6.889" />

<exclusive-start id="1380" timestamp="2019-06-15T09:17:30.015" intervalms="29.667">
  <response-info timems="0.032" idlems="0.032" threads="0" lastid="0000000000DCD500" lastname="Thread-9" />
</exclusive-start>
<allocation-taxation id="1381" taxation-threshold="79691776" timestamp="2019-06-15T09:17:30.016" intervalms="29.656" />
<cycle-start id="1382" type="partial gc" contextid="0" timestamp="2019-06-15T09:17:30.016" intervalms="29.620" />
<gc-start id="1383" type="partial gc" contextid="1382" timestamp="2019-06-15T09:17:30.016">
  <mem-info id="1384" free="99614720" total="296747008" percent="33">
    <mem type="eden" free="0" total="79691776" percent="0" />
    <arraylet-primitive objects="2" leaves="2" largest="1" />
    <remembered-set count="68928" freebytes="11569536" totalbytes="11845248" percent="97" regionsoverflowed="0" regionsstable="2" regionsrebuilding="0"/>
  </mem-info>
</gc-start>
<allocation-stats totalBytes="79684280" >
  <allocated-bytes non-tlh="0" tlh="79684280" arrayletleaf="0"/>
  <largest-consumer threadName="Thread-9" threadId="0000000000DCD500" bytes="23599312" />
</allocation-stats>
<gc-op id="1385" type="copy forward" timems="3.930" contextid="1382" timestamp="2019-06-15T09:17:30.021">
  <memory-copied type="eden" objects="9178" bytes="359680" bytesdiscarded="0" />
  <memory-copied type="other" objects="21961" bytes="939192" bytesdiscarded="0" />
  <memory-cardclean objects="658" bytes="36600" />
  <regions eden="76" other="4" />
  <remembered-set-cleared processed="62148" cleared="1014" durationms="0.649" />
  <stringconstants candidates="4597" cleared="0"  />
</gc-op>
<gc-op id="1386" type="classunload" timems="0.003" contextid="1382" timestamp="2019-06-15T09:17:30.021">
  <classunload-info classloadercandidates="8" classloadersunloaded="0" classesunloaded="0" anonymousclassesunloaded="0" quiescems="0.000" setupms="0.002" scanms="0.000" postms="0.000" />
</gc-op>
<gc-end id="1387" type="partial gc" contextid="1382" durationms="5.204" usertimems="8.000" systemtimems="0.000" timestamp="2019-06-15T09:17:30.021" activeThreads="1">
  <mem-info id="1388" free="178257920" total="296747008" percent="60">
    <mem type="eden" free="688896" total="1048576" percent="65" />
    <arraylet-primitive objects="2" leaves="2" largest="1" />
    <remembered-set count="69440" freebytes="11567488" totalbytes="11845248" percent="97" regionsoverflowed="0" regionsstable="2" regionsrebuilding="0"/>
  </mem-info>
</gc-end>
<cycle-end id="1389" type="partial gc" contextid="1382" timestamp="2019-06-15T09:17:30.021" />
  <attribute name="elasticGC enabled" value="1" />
  <attribute name= "numThreadsSpecified" value="1" />
  <attribute name="heapSize specified" value="0" />
  <attribute name="Current GC Util" value="71" />
  <attribute name= "Current Time Running" value="4693" />
  <attribute name ="GC Interval" value="0" />
  <attribute name="ProportionalT" value="25.500000" />
  <attribute name="ProportionalI" value="25.500000" />
  <attribute name="ProportionalH" value="25.500000" />
  <attribute name="Current Error" value="51.000000" />
  <attribute name="IntegralT" value="0.000000" />
  <attribute name="IntegralI" value="0.000000" />
  <attribute name="IntegralH" value="0.000000" />
  <attribute name="DerivativeT" value="inf" />
  <attribute name="DerivativeI" value="inf" />
  <attribute name="DerivativeH" value="inf" />
  <attribute name="Loop Time for DT" value="0.000000" />
  <attribute name="Output H" value="8388608"/>
  <attribute name="Output I" value="200"/>
  <attribute name="Output T" value="1"/>
  <attribute name="Target GC Util Change" value ="20.000000" />
  <attribute name="Current GC Util Change" value="71.000000"/>
  <attribute name="GC Util currently" value="71" />
  <attribute name="CPU Util currently" value="18566909050318" />
<exclusive-end id="1390" timestamp="2019-06-15T09:17:30.022" durationms="6.490" />

<exclusive-start id="1391" timestamp="2019-06-15T09:17:30.045" intervalms="29.494">
  <response-info timems="0.030" idlems="0.030" threads="0" lastid="0000000000DCD500" lastname="Thread-9" />
</exclusive-start>
<allocation-taxation id="1392" taxation-threshold="79691776" timestamp="2019-06-15T09:17:30.045" intervalms="29.492" />
<cycle-start id="1393" type="partial gc" contextid="0" timestamp="2019-06-15T09:17:30.045" intervalms="29.493" />
<gc-start id="1394" type="partial gc" contextid="1393" timestamp="2019-06-15T09:17:30.046">
  <mem-info id="1395" free="98566144" total="296747008" percent="33">
    <mem type="eden" free="0" total="79691776" percent="0" />
    <arraylet-primitive objects="2" leaves="2" largest="1" />
    <remembered-set count="69280" freebytes="11568128" totalbytes="11845248" percent="97" regionsoverflowed="0" regionsstable="2" regionsrebuilding="0"/>
  </mem-info>
</gc-start>
<allocation-stats totalBytes="79683648" >
  <allocated-bytes non-tlh="0" tlh="79683648" arrayletleaf="0"/>
  <largest-consumer threadName="Thread-9" threadId="0000000000DCD500" bytes="24434616" />
</allocation-stats>
<gc-op id="1396" type="copy forward" timems="3.550" contextid="1393" timestamp="2019-06-15T09:17:30.050">
  <memory-copied type="eden" objects="15135" bytes="639728" bytesdiscarded="0" />
  <memory-copied type="other" objects="11518" bytes="551184" bytesdiscarded="0" />
  <memory-cardclean objects="19" bytes="1872" />
  <regions eden="76" other="4" />
  <remembered-set-cleared processed="62212" cleared="875" durationms="0.649" />
  <stringconstants candidates="4597" cleared="0"  />
</gc-op>
<gc-op id="1397" type="classunload" timems="0.002" contextid="1393" timestamp="2019-06-15T09:17:30.050">
  <classunload-info classloadercandidates="8" classloadersunloaded="0" classesunloaded="0" anonymousclassesunloaded="0" quiescems="0.000" setupms="0.002" scanms="0.000" postms="0.000" />
</gc-op>
<gc-end id="1398" type="partial gc" contextid="1393" durationms="4.830" usertimems="4.000" systemtimems="0.000" timestamp="2019-06-15T09:17:30.050" activeThreads="1">
  <mem-info id="1399" free="178257920" total="296747008" percent="60">
    <mem type="eden" free="408848" total="1048576" percent="38" />
    <arraylet-primitive objects="2" leaves="2" largest="1" />
    <remembered-set count="68608" freebytes="11570816" totalbytes="11845248" percent="97" regionsoverflowed="0" regionsstable="2" regionsrebuilding="0"/>
  </mem-info>
</gc-end>
<cycle-end id="1400" type="partial gc" contextid="1393" timestamp="2019-06-15T09:17:30.051" />
  <attribute name="elasticGC enabled" value="1" />
  <attribute name= "numThreadsSpecified" value="1" />
  <attribute name="heapSize specified" value="0" />
  <attribute name="Current GC Util" value="72" />
  <attribute name= "Current Time Running" value="4723" />
  <attribute name ="GC Interval" value="0" />
  <attribute name="ProportionalT" value="26.000000" />
  <attribute name="ProportionalI" value="26.000000" />
  <attribute name="ProportionalH" value="26.000000" />
  <attribute name="Current Error" value="52.000000" />
  <attribute name="IntegralT" value="0.000000" />
  <attribute name="IntegralI" value="0.000000" />
  <attribute name="IntegralH" value="0.000000" />
  <attribute name="DerivativeT" value="inf" />
  <attribute name="DerivativeI" value="inf" />
  <attribute name="DerivativeH" value="inf" />
  <attribute name="Loop Time for DT" value="0.000000" />
  <attribute name="Output H" value="8388608"/>
  <attribute name="Output I" value="200"/>
  <attribute name="Output T" value="1"/>
  <attribute name="Target GC Util Change" value ="20.000000" />
  <attribute name="Current GC Util Change" value="72.000000"/>
  <attribute name="GC Util currently" value="72" />
  <attribute name="CPU Util currently" value="19146987646640" />
<exclusive-end id="1401" timestamp="2019-06-15T09:17:30.051" durationms="6.129" />

<exclusive-start id="1402" timestamp="2019-06-15T09:17:30.074" intervalms="29.601">
  <response-info timems="0.047" idlems="0.047" threads="0" lastid="0000000000DC5D00" lastname="Thread-10" />
</exclusive-start>
<allocation-taxation id="1403" taxation-threshold="79691776" timestamp="2019-06-15T09:17:30.075" intervalms="29.554" />
<cycle-start id="1404" type="partial gc" contextid="0" timestamp="2019-06-15T09:17:30.075" intervalms="29.478" />
<gc-start id="1405" type="partial gc" contextid="1404" timestamp="2019-06-15T09:17:30.075">
  <mem-info id="1406" free="98566144" total="296747008" percent="33">
    <mem type="eden" free="0" total="79691776" percent="0" />
    <arraylet-primitive objects="2" leaves="2" largest="1" />
    <remembered-set count="68288" freebytes="11572096" totalbytes="11845248" percent="97" regionsoverflowed="0" regionsstable="2" regionsrebuilding="0"/>
  </mem-info>
</gc-start>
<allocation-stats totalBytes="79683136" >
  <allocated-bytes non-tlh="0" tlh="79683136" arrayletleaf="0"/>
  <largest-consumer threadName="Thread-9" threadId="0000000000DCD500" bytes="24409840" />
</allocation-stats>
<gc-op id="1407" type="copy forward" timems="3.549" contextid="1404" timestamp="2019-06-15T09:17:30.079">
  <memory-copied type="eden" objects="10316" bytes="386632" bytesdiscarded="0" />
  <memory-copied type="other" objects="13813" bytes="606264" bytesdiscarded="0" />
  <memory-cardclean objects="3502" bytes="188064" />
  <regions eden="76" other="3" />
  <remembered-set-cleared processed="61991" cleared="630" durationms="0.644" />
  <stringconstants candidates="4597" cleared="0"  />
</gc-op>
<gc-op id="1408" type="classunload" timems="0.002" contextid="1404" timestamp="2019-06-15T09:17:30.080">
  <classunload-info classloadercandidates="8" classloadersunloaded="0" classesunloaded="0" anonymousclassesunloaded="0" quiescems="0.000" setupms="0.002" scanms="0.000" postms="0.000" />
</gc-op>
<heap-resize id="1409" type="expand" space="default" amount="2097152" count="1" timems="0.084" reason="excessive time being spent in gc" timestamp="2019-06-15T09:17:30.080" />
<gc-end id="1410" type="partial gc" contextid="1404" durationms="5.082" usertimems="4.000" systemtimems="0.000" timestamp="2019-06-15T09:17:30.080" activeThreads="1">
  <mem-info id="1411" free="179306496" total="298844160" percent="60">
    <mem type="eden" free="661944" total="1048576" percent="63" />
    <arraylet-primitive objects="2" leaves="2" largest="1" />
    <remembered-set count="69152" freebytes="11652352" totalbytes="11928960" percent="97" regionsoverflowed="0" regionsstable="2" regionsrebuilding="0"/>
  </mem-info>
</gc-end>
<cycle-end id="1412" type="partial gc" contextid="1404" timestamp="2019-06-15T09:17:30.080" />
  <attribute name="elasticGC enabled" value="1" />
  <attribute name= "numThreadsSpecified" value="1" />
  <attribute name="heapSize specified" value="0" />
  <attribute name="Current GC Util" value="85" />
  <attribute name= "Current Time Running" value="4752" />
  <attribute name ="GC Interval" value="0" />
  <attribute name="ProportionalT" value="32.500000" />
  <attribute name="ProportionalI" value="32.500000" />
  <attribute name="ProportionalH" value="32.500000" />
  <attribute name="Current Error" value="65.000000" />
  <attribute name="IntegralT" value="0.000000" />
  <attribute name="IntegralI" value="0.000000" />
  <attribute name="IntegralH" value="0.000000" />
  <attribute name="DerivativeT" value="inf" />
  <attribute name="DerivativeI" value="inf" />
  <attribute name="DerivativeH" value="inf" />
  <attribute name="Loop Time for DT" value="0.000000" />
  <attribute name="Output H" value="8388608"/>
  <attribute name="Output I" value="200"/>
  <attribute name="Output T" value="1"/>
  <attribute name="Target GC Util Change" value ="20.000000" />
  <attribute name="Current GC Util Change" value="85.000000"/>
  <attribute name="GC Util currently" value="85" />
  <attribute name="CPU Util currently" value="18909652302307" />
<exclusive-end id="1413" timestamp="2019-06-15T09:17:30.080" durationms="6.109" />

<exclusive-start id="1414" timestamp="2019-06-15T09:17:30.107" intervalms="32.112">
  <response-info timems="0.032" idlems="0.032" threads="0" lastid="0000000000DD1100" lastname="Thread-8" />
</exclusive-start>
<allocation-taxation id="1415" taxation-threshold="80740352" timestamp="2019-06-15T09:17:30.107" intervalms="32.175" />
<cycle-start id="1416" type="partial gc" contextid="0" timestamp="2019-06-15T09:17:30.107" intervalms="32.267" />
<gc-start id="1417" type="partial gc" contextid="1416" timestamp="2019-06-15T09:17:30.107">
  <mem-info id="1418" free="98566144" total="298844160" percent="32">
    <mem type="eden" free="0" total="80740352" percent="0" />
    <arraylet-primitive objects="2" leaves="2" largest="1" />
    <remembered-set count="69120" freebytes="11652480" totalbytes="11928960" percent="97" regionsoverflowed="0" regionsstable="2" regionsrebuilding="0"/>
  </mem-info>
</gc-start>
<allocation-stats totalBytes="80731624" >
  <allocated-bytes non-tlh="0" tlh="80731624" arrayletleaf="0"/>
  <largest-consumer threadName="Thread-9" threadId="0000000000DCD500" bytes="22231056" />
</allocation-stats>
<gc-op id="1419" type="copy forward" timems="2.150" contextid="1416" timestamp="2019-06-15T09:17:30.110">
  <memory-copied type="eden" objects="9448" bytes="366208" bytesdiscarded="27232" />
  <memory-copied type="other" objects="15564" bytes="648288" bytesdiscarded="25032" />
  <memory-cardclean objects="4358" bytes="210144" />
  <regions eden="77" other="4" />
  <remembered-set-cleared processed="62220" cleared="872" durationms="0.272" />
  <stringconstants candidates="4597" cleared="0"  />
</gc-op>
<gc-op id="1420" type="classunload" timems="0.002" contextid="1416" timestamp="2019-06-15T09:17:30.110">
  <classunload-info classloadercandidates="8" classloadersunloaded="0" classesunloaded="0" anonymousclassesunloaded="0" quiescems="0.000" setupms="0.002" scanms="0.000" postms="0.000" />
</gc-op>
<heap-resize id="1421" type="expand" space="default" amount="3145728" count="1" timems="0.082" reason="excessive time being spent in gc" timestamp="2019-06-15T09:17:30.111" />
<gc-end id="1422" type="partial gc" contextid="1416" durationms="3.478" usertimems="8.000" systemtimems="0.000" timestamp="2019-06-15T09:17:30.111" activeThreads="4">
  <mem-info id="1423" free="181403648" total="301989888" percent="60">
    <mem type="eden" free="655136" total="1048576" percent="62" />
    <arraylet-primitive objects="2" leaves="2" largest="1" />
    <remembered-set count="66464" freebytes="11788672" totalbytes="12054528" percent="97" regionsoverflowed="0" regionsstable="2" regionsrebuilding="0"/>
  </mem-info>
</gc-end>
<cycle-end id="1424" type="partial gc" contextid="1416" timestamp="2019-06-15T09:17:30.111" />
  <attribute name="elasticGC enabled" value="1" />
  <attribute name= "numThreadsSpecified" value="4" />
  <attribute name="heapSize specified" value="0" />
  <attribute name="Current GC Util" value="75" />
  <attribute name= "Current Time Running" value="4785" />
  <attribute name ="GC Interval" value="0" />
  <attribute name="ProportionalT" value="27.500000" />
  <attribute name="ProportionalI" value="27.500000" />
  <attribute name="ProportionalH" value="27.500000" />
  <attribute name="Current Error" value="55.000000" />
  <attribute name="IntegralT" value="55.000000" />
  <attribute name="IntegralI" value="55.000000" />
  <attribute name="IntegralH" value="55.000000" />
  <attribute name="DerivativeT" value="82.500000" />
  <attribute name="DerivativeI" value="82.500000" />
  <attribute name="DerivativeH" value="82.500000" />
  <attribute name="Loop Time for DT" value="1.000000" />
  <attribute name="Output H" value="8388608"/>
  <attribute name="Output I" value="200"/>
  <attribute name="Output T" value="4"/>
  <attribute name="Target GC Util Change" value ="20.000000" />
  <attribute name="Current GC Util Change" value="75.000000"/>
  <attribute name="GC Util currently" value="75" />
  <attribute name="CPU Util currently" value="17392874935373" />
<exclusive-end id="1425" timestamp="2019-06-15T09:17:30.111" durationms="4.791" />

<exclusive-start id="1426" timestamp="2019-06-15T09:17:30.139" intervalms="32.196">
  <response-info timems="0.032" idlems="0.032" threads="0" lastid="0000000000DCD500" lastname="Thread-9" />
</exclusive-start>
<allocation-taxation id="1427" taxation-threshold="81788928" timestamp="2019-06-15T09:17:30.139" intervalms="32.186" />
<cycle-start id="1428" type="partial gc" contextid="0" timestamp="2019-06-15T09:17:30.139" intervalms="32.164" />
<gc-start id="1429" type="partial gc" contextid="1428" timestamp="2019-06-15T09:17:30.139">
  <mem-info id="1430" free="99614720" total="301989888" percent="32">
    <mem type="eden" free="0" total="81788928" percent="0" />
    <arraylet-primitive objects="2" leaves="2" largest="1" />
    <remembered-set count="66336" freebytes="11789184" totalbytes="12054528" percent="97" regionsoverflowed="0" regionsstable="3" regionsrebuilding="0"/>
  </mem-info>
</gc-start>
<allocation-stats totalBytes="81778704" >
  <allocated-bytes non-tlh="0" tlh="81778704" arrayletleaf="0"/>
  <largest-consumer threadName="Thread-8" threadId="0000000000DD1100" bytes="24453992" />
</allocation-stats>
<gc-op id="1431" type="copy forward" timems="2.339" contextid="1428" timestamp="2019-06-15T09:17:30.142">
  <memory-copied type="eden" objects="16706" bytes="677560" bytesdiscarded="28208" />
  <memory-copied type="other" objects="15460" bytes="645792" bytesdiscarded="27000" />
  <memory-cardclean objects="4405" bytes="216168" />
  <regions eden="78" other="4" />
  <remembered-set-cleared processed="62369" cleared="968" durationms="0.235" />
  <stringconstants candidates="4597" cleared="0"  />
</gc-op>
<gc-op id="1432" type="classunload" timems="0.003" contextid="1428" timestamp="2019-06-15T09:17:30.143">
  <classunload-info classloadercandidates="8" classloadersunloaded="0" classesunloaded="0" anonymousclassesunloaded="0" quiescems="0.000" setupms="0.003" scanms="0.000" postms="0.000" />
</gc-op>
<heap-resize id="1433" type="expand" space="default" amount="2097152" count="1" timems="0.066" reason="excessive time being spent in gc" timestamp="2019-06-15T09:17:30.143" />
<gc-end id="1434" type="partial gc" contextid="1428" durationms="3.559" usertimems="8.000" systemtimems="0.000" timestamp="2019-06-15T09:17:30.143" activeThreads="4">
  <mem-info id="1435" free="182452224" total="304087040" percent="60">
    <mem type="eden" free="342808" total="1048576" percent="32" />
    <arraylet-primitive objects="2" leaves="2" largest="1" />
    <remembered-set count="67072" freebytes="11869952" totalbytes="12138240" percent="97" regionsoverflowed="0" regionsstable="3" regionsrebuilding="0"/>
  </mem-info>
</gc-end>
<cycle-end id="1436" type="partial gc" contextid="1428" timestamp="2019-06-15T09:17:30.143" />
  <attribute name="elasticGC enabled" value="1" />
  <attribute name= "numThreadsSpecified" value="4" />
  <attribute name="heapSize specified" value="0" />
  <attribute name="Current GC Util" value="71" />
  <attribute name= "Current Time Running" value="4817" />
  <attribute name ="GC Interval" value="0" />
  <attribute name="ProportionalT" value="25.500000" />
  <attribute name="ProportionalI" value="25.500000" />
  <attribute name="ProportionalH" value="25.500000" />
  <attribute name="Current Error" value="51.000000" />
  <attribute name="IntegralT" value="51.000000" />
  <attribute name="IntegralI" value="51.000000" />
  <attribute name="IntegralH" value="51.000000" />
  <attribute name="DerivativeT" value="75.000000" />
  <attribute name="DerivativeI" value="75.000000" />
  <attribute name="DerivativeH" value="75.000000" />
  <attribute name="Loop Time for DT" value="1.000000" />
  <attribute name="Output H" value="8388608"/>
  <attribute name="Output I" value="200"/>
  <attribute name="Output T" value="4"/>
  <attribute name="Target GC Util Change" value ="20.000000" />
  <attribute name="Current GC Util Change" value="71.000000"/>
  <attribute name="GC Util currently" value="71" />
  <attribute name="CPU Util currently" value="20487094753461" />
<exclusive-end id="1437" timestamp="2019-06-15T09:17:30.143" durationms="4.779" />

<exclusive-start id="1438" timestamp="2019-06-15T09:17:30.173" intervalms="34.011">
  <response-info timems="0.040" idlems="0.040" threads="0" lastid="0000000000DC9900" lastname="Thread-7" />
</exclusive-start>
<allocation-taxation id="1439" taxation-threshold="81788928" timestamp="2019-06-15T09:17:30.173" intervalms="33.976" />
<cycle-start id="1440" type="partial gc" contextid="0" timestamp="2019-06-15T09:17:30.173" intervalms="33.877" />
<gc-start id="1441" type="partial gc" contextid="1440" timestamp="2019-06-15T09:17:30.173">
  <mem-info id="1442" free="100663296" total="304087040" percent="33">
    <mem type="eden" free="0" total="81788928" percent="0" />
    <arraylet-primitive objects="2" leaves="2" largest="1" />
    <remembered-set count="66752" freebytes="11871232" totalbytes="12138240" percent="97" regionsoverflowed="0" regionsstable="3" regionsrebuilding="0"/>
  </mem-info>
</gc-start>
<allocation-stats totalBytes="81778200" >
  <allocated-bytes non-tlh="0" tlh="81778200" arrayletleaf="0"/>
  <largest-consumer threadName="Thread-8" threadId="0000000000DD1100" bytes="24547904" />
</allocation-stats>
<gc-op id="1443" type="copy forward" timems="2.158" contextid="1440" timestamp="2019-06-15T09:17:30.176">
  <memory-copied type="eden" objects="9637" bytes="370696" bytesdiscarded="20336" />
  <memory-copied type="other" objects="19361" bytes="739416" bytesdiscarded="39824" />
  <memory-cardclean objects="7839" bytes="404352" />
  <regions eden="78" other="4" />
  <remembered-set-cleared processed="62713" cleared="1095" durationms="0.268" />
  <stringconstants candidates="4597" cleared="0"  />
</gc-op>
<gc-op id="1444" type="classunload" timems="0.002" contextid="1440" timestamp="2019-06-15T09:17:30.176">
  <classunload-info classloadercandidates="8" classloadersunloaded="0" classesunloaded="0" anonymousclassesunloaded="0" quiescems="0.000" setupms="0.002" scanms="0.000" postms="0.000" />
</gc-op>
<heap-resize id="1445" type="expand" space="default" amount="5242880" count="1" timems="0.083" reason="excessive time being spent in gc" timestamp="2019-06-15T09:17:30.177" />
<gc-end id="1446" type="partial gc" contextid="1440" durationms="3.358" usertimems="8.000" systemtimems="0.000" timestamp="2019-06-15T09:17:30.177" activeThreads="4">
  <mem-info id="1447" free="185597952" total="309329920" percent="60">
    <mem type="eden" free="1706120" total="2097152" percent="81" />
    <arraylet-primitive objects="2" leaves="2" largest="1" />
    <remembered-set count="67840" freebytes="12076160" totalbytes="12347520" percent="97" regionsoverflowed="0" regionsstable="3" regionsrebuilding="0"/>
  </mem-info>
</gc-end>
<cycle-end id="1448" type="partial gc" contextid="1440" timestamp="2019-06-15T09:17:30.177" />
  <attribute name="elasticGC enabled" value="1" />
  <attribute name= "numThreadsSpecified" value="4" />
  <attribute name="heapSize specified" value="0" />
  <attribute name="Current GC Util" value="0" />
  <attribute name= "Current Time Running" value="4851" />
  <attribute name ="GC Interval" value="0" />
  <attribute name="ProportionalT" value="-10.000000" />
  <attribute name="ProportionalI" value="-10.000000" />
  <attribute name="ProportionalH" value="-10.000000" />
  <attribute name="Current Error" value="-20.000000" />
  <attribute name="IntegralT" value="-20.000000" />
  <attribute name="IntegralI" value="-20.000000" />
  <attribute name="IntegralH" value="-20.000000" />
  <attribute name="DerivativeT" value="-30.000000" />
  <attribute name="DerivativeI" value="-30.000000" />
  <attribute name="DerivativeH" value="-30.000000" />
  <attribute name="Loop Time for DT" value="1.000000" />
  <attribute name="Output H" value="2091843584"/>
  <attribute name="Output I" value="200"/>
  <attribute name="Output T" value="4"/>
  <attribute name="Target GC Util Change" value ="20.000000" />
  <attribute name="Current GC Util Change" value="0.000000"/>
  <attribute name="GC Util currently" value="0" />
  <attribute name="CPU Util currently" value="27589279429388" />
<exclusive-end id="1449" timestamp="2019-06-15T09:17:30.177" durationms="4.402" />

<exclusive-start id="1450" timestamp="2019-06-15T09:17:30.210" intervalms="36.899">
  <response-info timems="0.035" idlems="0.035" threads="0" lastid="0000000000DD1100" lastname="Thread-8" />
</exclusive-start>
<allocation-taxation id="1451" taxation-threshold="82837504" timestamp="2019-06-15T09:17:30.210" intervalms="36.866" />
<cycle-start id="1452" type="partial gc" contextid="0" timestamp="2019-06-15T09:17:30.210" intervalms="36.993" />
<gc-start id="1453" type="partial gc" contextid="1452" timestamp="2019-06-15T09:17:30.210">
  <mem-info id="1454" free="102760448" total="309329920" percent="33">
    <mem type="eden" free="0" total="82837504" percent="0" />
    <arraylet-primitive objects="2" leaves="2" largest="1" />
    <remembered-set count="67744" freebytes="12076544" totalbytes="12347520" percent="97" regionsoverflowed="0" regionsstable="3" regionsrebuilding="0"/>
  </mem-info>
</gc-start>
<allocation-stats totalBytes="82826696" >
  <allocated-bytes non-tlh="0" tlh="82826696" arrayletleaf="0"/>
  <largest-consumer threadName="Thread-9" threadId="0000000000DCD500" bytes="23307400" />
</allocation-stats>
<gc-op id="1455" type="copy forward" timems="2.148" contextid="1452" timestamp="2019-06-15T09:17:30.213">
  <memory-copied type="eden" objects="18157" bytes="850096" bytesdiscarded="56568" />
  <memory-copied type="other" objects="11923" bytes="423528" bytesdiscarded="15720" />
  <memory-cardclean objects="7219" bytes="355584" />
  <regions eden="79" other="5" />
  <remembered-set-cleared processed="63120" cleared="1290" durationms="0.264" />
  <stringconstants candidates="4597" cleared="0"  />
</gc-op>
<gc-op id="1456" type="classunload" timems="0.002" contextid="1452" timestamp="2019-06-15T09:17:30.213">
  <classunload-info classloadercandidates="8" classloadersunloaded="0" classesunloaded="0" anonymousclassesunloaded="0" quiescems="0.000" setupms="0.002" scanms="0.000" postms="0.000" />
</gc-op>
<gc-end id="1457" type="partial gc" contextid="1452" durationms="3.221" usertimems="8.000" systemtimems="0.000" timestamp="2019-06-15T09:17:30.214" activeThreads="4">
  <mem-info id="1458" free="185597952" total="309329920" percent="60">
    <mem type="eden" free="141912" total="1048576" percent="13" />
    <arraylet-primitive objects="2" leaves="2" largest="1" />
    <remembered-set count="67616" freebytes="12077056" totalbytes="12347520" percent="97" regionsoverflowed="0" regionsstable="3" regionsrebuilding="0"/>
  </mem-info>
</gc-end>
<cycle-end id="1459" type="partial gc" contextid="1452" timestamp="2019-06-15T09:17:30.214" />
  <attribute name="elasticGC enabled" value="1" />
  <attribute name= "numThreadsSpecified" value="4" />
  <attribute name="heapSize specified" value="0" />
  <attribute name="Current GC Util" value="65" />
  <attribute name= "Current Time Running" value="4888" />
  <attribute name ="GC Interval" value="0" />
  <attribute name="ProportionalT" value="22.500000" />
  <attribute name="ProportionalI" value="22.500000" />
  <attribute name="ProportionalH" value="22.500000" />
  <attribute name="Current Error" value="45.000000" />
  <attribute name="IntegralT" value="45.000000" />
  <attribute name="IntegralI" value="45.000000" />
  <attribute name="IntegralH" value="45.000000" />
  <attribute name="DerivativeT" value="67.500000" />
  <attribute name="DerivativeI" value="67.500000" />
  <attribute name="DerivativeH" value="67.500000" />
  <attribute name="Loop Time for DT" value="1.000000" />
  <attribute name="Output H" value="8388608"/>
  <attribute name="Output I" value="200"/>
  <attribute name="Output T" value="4"/>
  <attribute name="Target GC Util Change" value ="20.000000" />
  <attribute name="Current GC Util Change" value="65.000000"/>
  <attribute name="GC Util currently" value="65" />
  <attribute name="CPU Util currently" value="17623783802906" />
<exclusive-end id="1460" timestamp="2019-06-15T09:17:30.214" durationms="4.391" />

<exclusive-start id="1461" timestamp="2019-06-15T09:17:30.249" intervalms="39.696">
  <response-info timems="0.028" idlems="0.028" threads="0" lastid="0000000000DC5D00" lastname="Thread-10" />
</exclusive-start>
<allocation-taxation id="1462" taxation-threshold="82837504" timestamp="2019-06-15T09:17:30.249" intervalms="39.716" />
<cycle-start id="1463" type="partial gc" contextid="0" timestamp="2019-06-15T09:17:30.250" intervalms="39.631" />
<gc-start id="1464" type="partial gc" contextid="1463" timestamp="2019-06-15T09:17:30.250">
  <mem-info id="1465" free="102760448" total="309329920" percent="33">
    <mem type="eden" free="0" total="82837504" percent="0" />
    <arraylet-primitive objects="2" leaves="2" largest="1" />
    <remembered-set count="67488" freebytes="12077568" totalbytes="12347520" percent="97" regionsoverflowed="0" regionsstable="3" regionsrebuilding="0"/>
  </mem-info>
</gc-start>
<allocation-stats totalBytes="82826592" >
  <allocated-bytes non-tlh="0" tlh="82826592" arrayletleaf="0"/>
  <largest-consumer threadName="Thread-10" threadId="0000000000DC5D00" bytes="22512592" />
</allocation-stats>
<gc-op id="1466" type="copy forward" timems="4.124" contextid="1463" timestamp="2019-06-15T09:17:30.255">
  <memory-copied type="eden" objects="4868" bytes="118928" bytesdiscarded="0" />
  <memory-copied type="other" objects="28087" bytes="1223592" bytesdiscarded="0" />
  <memory-cardclean objects="5577" bytes="276768" />
  <regions eden="79" other="4" />
  <remembered-set-cleared processed="63219" cleared="991" durationms="0.653" />
  <stringconstants candidates="4597" cleared="0"  />
</gc-op>
<gc-op id="1467" type="classunload" timems="0.003" contextid="1463" timestamp="2019-06-15T09:17:30.255">
  <classunload-info classloadercandidates="8" classloadersunloaded="0" classesunloaded="0" anonymousclassesunloaded="0" quiescems="0.000" setupms="0.002" scanms="0.000" postms="0.000" />
</gc-op>
<gc-end id="1468" type="partial gc" contextid="1463" durationms="5.263" usertimems="4.000" systemtimems="0.000" timestamp="2019-06-15T09:17:30.255" activeThreads="1">
  <mem-info id="1469" free="184549376" total="309329920" percent="59">
    <mem type="eden" free="929648" total="1048576" percent="88" />
    <arraylet-primitive objects="2" leaves="2" largest="1" />
    <remembered-set count="68448" freebytes="12073728" totalbytes="12347520" percent="97" regionsoverflowed="0" regionsstable="3" regionsrebuilding="0"/>
  </mem-info>
</gc-end>
<cycle-end id="1470" type="partial gc" contextid="1463" timestamp="2019-06-15T09:17:30.255" />
  <attribute name="elasticGC enabled" value="1" />
  <attribute name= "numThreadsSpecified" value="1" />
  <attribute name="heapSize specified" value="0" />
  <attribute name="Current GC Util" value="84" />
  <attribute name= "Current Time Running" value="4927" />
  <attribute name ="GC Interval" value="0" />
  <attribute name="ProportionalT" value="32.000000" />
  <attribute name="ProportionalI" value="32.000000" />
  <attribute name="ProportionalH" value="32.000000" />
  <attribute name="Current Error" value="64.000000" />
  <attribute name="IntegralT" value="0.000000" />
  <attribute name="IntegralI" value="0.000000" />
  <attribute name="IntegralH" value="0.000000" />
  <attribute name="DerivativeT" value="inf" />
  <attribute name="DerivativeI" value="inf" />
  <attribute name="DerivativeH" value="inf" />
  <attribute name="Loop Time for DT" value="0.000000" />
  <attribute name="Output H" value="8388608"/>
  <attribute name="Output I" value="200"/>
  <attribute name="Output T" value="1"/>
  <attribute name="Target GC Util Change" value ="20.000000" />
  <attribute name="Current GC Util Change" value="84.000000"/>
  <attribute name="GC Util currently" value="84" />
  <attribute name="CPU Util currently" value="22006833475696" />
<exclusive-end id="1471" timestamp="2019-06-15T09:17:30.256" durationms="6.292" />

<exclusive-start id="1472" timestamp="2019-06-15T09:17:30.289" intervalms="39.383">
  <response-info timems="0.030" idlems="0.030" threads="0" lastid="0000000000DD1100" lastname="Thread-8" />
</exclusive-start>
<allocation-taxation id="1473" taxation-threshold="82837504" timestamp="2019-06-15T09:17:30.289" intervalms="39.395" />
<cycle-start id="1474" type="partial gc" contextid="0" timestamp="2019-06-15T09:17:30.289" intervalms="39.426" />
<gc-start id="1475" type="partial gc" contextid="1474" timestamp="2019-06-15T09:17:30.289">
  <mem-info id="1476" free="101711872" total="309329920" percent="32">
    <mem type="eden" free="0" total="82837504" percent="0" />
    <arraylet-primitive objects="2" leaves="2" largest="1" />
    <remembered-set count="68384" freebytes="12073984" totalbytes="12347520" percent="97" regionsoverflowed="0" regionsstable="3" regionsrebuilding="0"/>
  </mem-info>
</gc-start>
<allocation-stats totalBytes="82827448" >
  <allocated-bytes non-tlh="0" tlh="82827448" arrayletleaf="0"/>
  <largest-consumer threadName="Thread-8" threadId="0000000000DD1100" bytes="21394800" />
</allocation-stats>
<gc-op id="1477" type="copy forward" timems="2.019" contextid="1474" timestamp="2019-06-15T09:17:30.292">
  <memory-copied type="eden" objects="18536" bytes="859264" bytesdiscarded="42320" />
  <memory-copied type="other" objects="9150" bytes="356976" bytesdiscarded="12488" />
  <memory-cardclean objects="3016" bytes="149784" />
  <regions eden="79" other="5" />
  <remembered-set-cleared processed="63831" cleared="2069" durationms="0.286" />
  <stringconstants candidates="4597" cleared="0"  />
</gc-op>
<gc-op id="1478" type="classunload" timems="0.002" contextid="1474" timestamp="2019-06-15T09:17:30.292">
  <classunload-info classloadercandidates="8" classloadersunloaded="0" classesunloaded="0" anonymousclassesunloaded="0" quiescems="0.000" setupms="0.002" scanms="0.000" postms="0.000" />
</gc-op>
<gc-end id="1479" type="partial gc" contextid="1474" durationms="3.047" usertimems="4.000" systemtimems="4.000" timestamp="2019-06-15T09:17:30.292" activeThreads="4">
  <mem-info id="1480" free="184549376" total="309329920" percent="59">
    <mem type="eden" free="146992" total="1048576" percent="14" />
    <arraylet-primitive objects="2" leaves="2" largest="1" />
    <remembered-set count="66432" freebytes="12081792" totalbytes="12347520" percent="97" regionsoverflowed="0" regionsstable="3" regionsrebuilding="0"/>
  </mem-info>
</gc-end>
<cycle-end id="1481" type="partial gc" contextid="1474" timestamp="2019-06-15T09:17:30.292" />
  <attribute name="elasticGC enabled" value="1" />
  <attribute name= "numThreadsSpecified" value="4" />
  <attribute name="heapSize specified" value="0" />
  <attribute name="Current GC Util" value="92" />
  <attribute name= "Current Time Running" value="4967" />
  <attribute name ="GC Interval" value="0" />
  <attribute name="ProportionalT" value="36.000000" />
  <attribute name="ProportionalI" value="36.000000" />
  <attribute name="ProportionalH" value="36.000000" />
  <attribute name="Current Error" value="72.000000" />
  <attribute name="IntegralT" value="72.000000" />
  <attribute name="IntegralI" value="72.000000" />
  <attribute name="IntegralH" value="72.000000" />
  <attribute name="DerivativeT" value="108.000000" />
  <attribute name="DerivativeI" value="108.000000" />
  <attribute name="DerivativeH" value="108.000000" />
  <attribute name="Loop Time for DT" value="1.000000" />
  <attribute name="Output H" value="8388608"/>
  <attribute name="Output I" value="216"/>
  <attribute name="Output T" value="4"/>
  <attribute name="Target GC Util Change" value ="20.000000" />
  <attribute name="Current GC Util Change" value="92.000000"/>
  <attribute name="GC Util currently" value="92" />
  <attribute name="CPU Util currently" value="20714482720442" />
<exclusive-end id="1482" timestamp="2019-06-15T09:17:30.293" durationms="3.985" />

<exclusive-start id="1483" timestamp="2019-06-15T09:17:30.328" intervalms="39.223">
  <response-info timems="0.031" idlems="0.031" threads="0" lastid="0000000000DC9900" lastname="Thread-7" />
</exclusive-start>
<allocation-taxation id="1484" taxation-threshold="82837504" timestamp="2019-06-15T09:17:30.328" intervalms="39.226" />
<cycle-start id="1485" type="partial gc" contextid="0" timestamp="2019-06-15T09:17:30.328" intervalms="39.203" />
<gc-start id="1486" type="partial gc" contextid="1485" timestamp="2019-06-15T09:17:30.329">
  <mem-info id="1487" free="101711872" total="309329920" percent="32">
    <mem type="eden" free="0" total="82837504" percent="0" />
    <arraylet-primitive objects="2" leaves="2" largest="1" />
    <remembered-set count="66368" freebytes="12082048" totalbytes="12347520" percent="97" regionsoverflowed="0" regionsstable="3" regionsrebuilding="0"/>
  </mem-info>
</gc-start>
<allocation-stats totalBytes="82826416" >
  <allocated-bytes non-tlh="0" tlh="82826416" arrayletleaf="0"/>
  <largest-consumer threadName="Thread-10" threadId="0000000000DC5D00" bytes="21837288" />
</allocation-stats>
<gc-op id="1488" type="copy forward" timems="3.850" contextid="1485" timestamp="2019-06-15T09:17:30.333">
  <memory-copied type="eden" objects="5177" bytes="126576" bytesdiscarded="0" />
  <memory-copied type="other" objects="25424" bytes="1159680" bytesdiscarded="0" />
  <memory-cardclean objects="1156" bytes="60504" />
  <regions eden="79" other="3" />
  <remembered-set-cleared processed="62892" cleared="659" durationms="0.654" />
  <stringconstants candidates="4597" cleared="0"  />
</gc-op>
<gc-op id="1489" type="classunload" timems="0.003" contextid="1485" timestamp="2019-06-15T09:17:30.333">
  <classunload-info classloadercandidates="8" classloadersunloaded="0" classesunloaded="0" anonymousclassesunloaded="0" quiescems="0.000" setupms="0.002" scanms="0.000" postms="0.000" />
</gc-op>
<gc-end id="1490" type="partial gc" contextid="1485" durationms="5.062" usertimems="4.000" systemtimems="0.000" timestamp="2019-06-15T09:17:30.334" activeThreads="1">
  <mem-info id="1491" free="183500800" total="309329920" percent="59">
    <mem type="eden" free="922000" total="1048576" percent="87" />
    <arraylet-primitive objects="2" leaves="2" largest="1" />
    <remembered-set count="67840" freebytes="12076160" totalbytes="12347520" percent="97" regionsoverflowed="0" regionsstable="3" regionsrebuilding="0"/>
  </mem-info>
</gc-end>
<cycle-end id="1492" type="partial gc" contextid="1485" timestamp="2019-06-15T09:17:30.334" />
  <attribute name="elasticGC enabled" value="1" />
  <attribute name= "numThreadsSpecified" value="1" />
  <attribute name="heapSize specified" value="0" />
  <attribute name="Current GC Util" value="63" />
  <attribute name= "Current Time Running" value="5006" />
  <attribute name ="GC Interval" value="0" />
  <attribute name="ProportionalT" value="21.500000" />
  <attribute name="ProportionalI" value="21.500000" />
  <attribute name="ProportionalH" value="21.500000" />
  <attribute name="Current Error" value="43.000000" />
  <attribute name="IntegralT" value="0.000000" />
  <attribute name="IntegralI" value="0.000000" />
  <attribute name="IntegralH" value="0.000000" />
  <attribute name="DerivativeT" value="inf" />
  <attribute name="DerivativeI" value="inf" />
  <attribute name="DerivativeH" value="inf" />
  <attribute name="Loop Time for DT" value="0.000000" />
  <attribute name="Output H" value="8388608"/>
  <attribute name="Output I" value="200"/>
  <attribute name="Output T" value="1"/>
  <attribute name="Target GC Util Change" value ="20.000000" />
  <attribute name="Current GC Util Change" value="63.000000"/>
  <attribute name="GC Util currently" value="63" />
  <attribute name="CPU Util currently" value="19514747088135" />
<exclusive-end id="1493" timestamp="2019-06-15T09:17:30.334" durationms="6.218" />

<exclusive-start id="1494" timestamp="2019-06-15T09:17:30.370" intervalms="41.824">
  <response-info timems="0.032" idlems="0.032" threads="0" lastid="0000000000DCD500" lastname="Thread-9" />
</exclusive-start>
<allocation-taxation id="1495" taxation-threshold="82837504" timestamp="2019-06-15T09:17:30.370" intervalms="41.856" />
<cycle-start id="1496" type="partial gc" contextid="0" timestamp="2019-06-15T09:17:30.370" intervalms="41.938" />
<gc-start id="1497" type="partial gc" contextid="1496" timestamp="2019-06-15T09:17:30.371">
  <mem-info id="1498" free="100663296" total="309329920" percent="32">
    <mem type="eden" free="0" total="82837504" percent="0" />
    <arraylet-primitive objects="2" leaves="2" largest="1" />
    <remembered-set count="67424" freebytes="12077824" totalbytes="12347520" percent="97" regionsoverflowed="0" regionsstable="3" regionsrebuilding="0"/>
  </mem-info>
</gc-start>
<allocation-stats totalBytes="82827144" >
  <allocated-bytes non-tlh="0" tlh="82827144" arrayletleaf="0"/>
  <largest-consumer threadName="Thread-8" threadId="0000000000DD1100" bytes="21046920" />
</allocation-stats>
<gc-op id="1499" type="copy forward" timems="4.298" contextid="1496" timestamp="2019-06-15T09:17:30.376">
  <memory-copied type="eden" objects="5037" bytes="122952" bytesdiscarded="0" />
  <memory-copied type="other" objects="30213" bytes="1274616" bytesdiscarded="0" />
  <memory-cardclean objects="1156" bytes="60504" />
  <regions eden="79" other="4" />
  <remembered-set-cleared processed="63251" cleared="1018" durationms="0.691" />
  <stringconstants candidates="4597" cleared="0"  />
</gc-op>
<gc-op id="1500" type="classunload" timems="0.002" contextid="1496" timestamp="2019-06-15T09:17:30.376">
  <classunload-info classloadercandidates="8" classloadersunloaded="0" classesunloaded="0" anonymousclassesunloaded="0" quiescems="0.000" setupms="0.002" scanms="0.000" postms="0.000" />
</gc-op>
<heap-resize id="1501" type="expand" space="default" amount="8388608" count="1" timems="0.117" reason="excessive time being spent in gc" timestamp="2019-06-15T09:17:30.376" />
<gc-end id="1502" type="partial gc" contextid="1496" durationms="5.842" usertimems="0.000" systemtimems="4.000" timestamp="2019-06-15T09:17:30.376" activeThreads="1">
  <mem-info id="1503" free="190840832" total="317718528" percent="60">
    <mem type="eden" free="925624" total="1048576" percent="88" />
    <arraylet-primitive objects="2" leaves="2" largest="1" />
    <remembered-set count="68864" freebytes="12406912" totalbytes="12682368" percent="97" regionsoverflowed="0" regionsstable="3" regionsrebuilding="0"/>
  </mem-info>
</gc-end>
<cycle-end id="1504" type="partial gc" contextid="1496" timestamp="2019-06-15T09:17:30.377" />
  <attribute name="elasticGC enabled" value="1" />
  <attribute name= "numThreadsSpecified" value="1" />
  <attribute name="heapSize specified" value="0" />
  <attribute name="Current GC Util" value="70" />
  <attribute name= "Current Time Running" value="5048" />
  <attribute name ="GC Interval" value="0" />
  <attribute name="ProportionalT" value="25.000000" />
  <attribute name="ProportionalI" value="25.000000" />
  <attribute name="ProportionalH" value="25.000000" />
  <attribute name="Current Error" value="50.000000" />
  <attribute name="IntegralT" value="0.000000" />
  <attribute name="IntegralI" value="0.000000" />
  <attribute name="IntegralH" value="0.000000" />
  <attribute name="DerivativeT" value="inf" />
  <attribute name="DerivativeI" value="inf" />
  <attribute name="DerivativeH" value="inf" />
  <attribute name="Loop Time for DT" value="0.000000" />
  <attribute name="Output H" value="8388608"/>
  <attribute name="Output I" value="200"/>
  <attribute name="Output T" value="1"/>
  <attribute name="Target GC Util Change" value ="20.000000" />
  <attribute name="Current GC Util Change" value="70.000000"/>
  <attribute name="GC Util currently" value="70" />
  <attribute name="CPU Util currently" value="18459887448863" />
<exclusive-end id="1505" timestamp="2019-06-15T09:17:30.377" durationms="7.158" />

<exclusive-start id="1506" timestamp="2019-06-15T09:17:30.413" intervalms="43.581">
  <response-info timems="0.030" idlems="0.030" threads="0" lastid="0000000000DD1100" lastname="Thread-8" />
</exclusive-start>
<allocation-taxation id="1507" taxation-threshold="84934656" timestamp="2019-06-15T09:17:30.414" intervalms="43.588" />
<cycle-start id="1508" type="partial gc" contextid="0" timestamp="2019-06-15T09:17:30.414" intervalms="43.478" />
<gc-start id="1509" type="partial gc" contextid="1508" timestamp="2019-06-15T09:17:30.414">
  <mem-info id="1510" free="105906176" total="317718528" percent="33">
    <mem type="eden" free="0" total="84934656" percent="0" />
    <arraylet-primitive objects="2" leaves="2" largest="1" />
    <remembered-set count="68480" freebytes="12408448" totalbytes="12682368" percent="97" regionsoverflowed="0" regionsstable="3" regionsrebuilding="0"/>
  </mem-info>
</gc-start>
<allocation-stats totalBytes="84923784" >
  <allocated-bytes non-tlh="0" tlh="84923784" arrayletleaf="0"/>
  <largest-consumer threadName="Thread-7" threadId="0000000000DC9900" bytes="21853256" />
</allocation-stats>
<gc-op id="1511" type="copy forward" timems="3.821" contextid="1508" timestamp="2019-06-15T09:17:30.419">
  <memory-copied type="eden" objects="16750" bytes="678576" bytesdiscarded="0" />
  <memory-copied type="other" objects="10459" bytes="388392" bytesdiscarded="0" />
  <memory-cardclean objects="3817" bytes="203184" />
  <regions eden="81" other="5" />
  <remembered-set-cleared processed="63669" cleared="2324" durationms="0.677" />
  <stringconstants candidates="4597" cleared="0"  />
</gc-op>
<gc-op id="1512" type="classunload" timems="0.002" contextid="1508" timestamp="2019-06-15T09:17:30.419">
  <classunload-info classloadercandidates="8" classloadersunloaded="0" classesunloaded="0" anonymousclassesunloaded="0" quiescems="0.000" setupms="0.002" scanms="0.000" postms="0.000" />
</gc-op>
<gc-end id="1513" type="partial gc" contextid="1508" durationms="5.062" usertimems="8.000" systemtimems="0.000" timestamp="2019-06-15T09:17:30.419" activeThreads="1">
  <mem-info id="1514" free="190840832" total="317718528" percent="60">
    <mem type="eden" free="370000" total="1048576" percent="35" />
    <arraylet-primitive objects="2" leaves="2" largest="1" />
    <remembered-set count="66848" freebytes="12414976" totalbytes="12682368" percent="97" regionsoverflowed="0" regionsstable="3" regionsrebuilding="0"/>
  </mem-info>
</gc-end>
<cycle-end id="1515" type="partial gc" contextid="1508" timestamp="2019-06-15T09:17:30.419" />
  <attribute name="elasticGC enabled" value="1" />
  <attribute name= "numThreadsSpecified" value="1" />
  <attribute name="heapSize specified" value="0" />
  <attribute name="Current GC Util" value="62" />
  <attribute name= "Current Time Running" value="5091" />
  <attribute name ="GC Interval" value="0" />
  <attribute name="ProportionalT" value="21.000000" />
  <attribute name="ProportionalI" value="21.000000" />
  <attribute name="ProportionalH" value="21.000000" />
  <attribute name="Current Error" value="42.000000" />
  <attribute name="IntegralT" value="0.000000" />
  <attribute name="IntegralI" value="0.000000" />
  <attribute name="IntegralH" value="0.000000" />
  <attribute name="DerivativeT" value="inf" />
  <attribute name="DerivativeI" value="inf" />
  <attribute name="DerivativeH" value="inf" />
  <attribute name="Loop Time for DT" value="0.000000" />
  <attribute name="Output H" value="8388608"/>
  <attribute name="Output I" value="200"/>
  <attribute name="Output T" value="1"/>
  <attribute name="Target GC Util Change" value ="20.000000" />
  <attribute name="Current GC Util Change" value="62.000000"/>
  <attribute name="GC Util currently" value="62" />
  <attribute name="CPU Util currently" value="15608706548886" />
<exclusive-end id="1516" timestamp="2019-06-15T09:17:30.419" durationms="6.188" />

<exclusive-start id="1517" timestamp="2019-06-15T09:17:30.457" intervalms="43.343">
  <response-info timems="0.038" idlems="0.038" threads="0" lastid="0000000000DC9900" lastname="Thread-7" />
</exclusive-start>
<allocation-taxation id="1518" taxation-threshold="84934656" timestamp="2019-06-15T09:17:30.457" intervalms="43.295" />
<cycle-start id="1519" type="partial gc" contextid="0" timestamp="2019-06-15T09:17:30.457" intervalms="43.357" />
<gc-start id="1520" type="partial gc" contextid="1519" timestamp="2019-06-15T09:17:30.457">
  <mem-info id="1521" free="105906176" total="317718528" percent="33">
    <mem type="eden" free="0" total="84934656" percent="0" />
    <arraylet-primitive objects="2" leaves="2" largest="1" />
    <remembered-set count="66368" freebytes="12416896" totalbytes="12682368" percent="97" regionsoverflowed="0" regionsstable="3" regionsrebuilding="0"/>
  </mem-info>
</gc-start>
<allocation-stats totalBytes="84923432" >
  <allocated-bytes non-tlh="0" tlh="84923432" arrayletleaf="0"/>
  <largest-consumer threadName="Thread-7" threadId="0000000000DC9900" bytes="22823888" />
</allocation-stats>
<gc-op id="1522" type="copy forward" timems="2.001" contextid="1519" timestamp="2019-06-15T09:17:30.460">
  <memory-copied type="eden" objects="11136" bytes="406568" bytesdiscarded="28072" />
  <memory-copied type="other" objects="11666" bytes="417360" bytesdiscarded="29752" />
  <memory-cardclean objects="7559" bytes="386712" />
  <regions eden="81" other="3" />
  <remembered-set-cleared processed="62508" cleared="830" durationms="0.284" />
  <stringconstants candidates="4597" cleared="0"  />
</gc-op>
<gc-op id="1523" type="classunload" timems="0.003" contextid="1519" timestamp="2019-06-15T09:17:30.460">
  <classunload-info classloadercandidates="8" classloadersunloaded="0" classesunloaded="0" anonymousclassesunloaded="0" quiescems="0.000" setupms="0.001" scanms="0.000" postms="0.000" />
</gc-op>
<heap-resize id="1524" type="expand" space="default" amount="2097152" count="1" timems="0.082" reason="excessive time being spent in gc" timestamp="2019-06-15T09:17:30.461" />
<gc-end id="1525" type="partial gc" contextid="1519" durationms="3.253" usertimems="4.000" systemtimems="0.000" timestamp="2019-06-15T09:17:30.461" activeThreads="4">
  <mem-info id="1526" free="191889408" total="319815680" percent="60">
    <mem type="eden" free="613936" total="1048576" percent="58" />
    <arraylet-primitive objects="2" leaves="2" largest="1" />
    <remembered-set count="67872" freebytes="12494592" totalbytes="12766080" percent="97" regionsoverflowed="0" regionsstable="3" regionsrebuilding="0"/>
  </mem-info>
</gc-end>
<cycle-end id="1527" type="partial gc" contextid="1519" timestamp="2019-06-15T09:17:30.461" />
  <attribute name="elasticGC enabled" value="1" />
  <attribute name= "numThreadsSpecified" value="4" />
  <attribute name="heapSize specified" value="0" />
  <attribute name="Current GC Util" value="72" />
  <attribute name= "Current Time Running" value="5135" />
  <attribute name ="GC Interval" value="0" />
  <attribute name="ProportionalT" value="26.000000" />
  <attribute name="ProportionalI" value="26.000000" />
  <attribute name="ProportionalH" value="26.000000" />
  <attribute name="Current Error" value="52.000000" />
  <attribute name="IntegralT" value="52.000000" />
  <attribute name="IntegralI" value="52.000000" />
  <attribute name="IntegralH" value="52.000000" />
  <attribute name="DerivativeT" value="78.000000" />
  <attribute name="DerivativeI" value="78.000000" />
  <attribute name="DerivativeH" value="78.000000" />
  <attribute name="Loop Time for DT" value="1.000000" />
  <attribute name="Output H" value="8388608"/>
  <attribute name="Output I" value="200"/>
  <attribute name="Output T" value="4"/>
  <attribute name="Target GC Util Change" value ="20.000000" />
  <attribute name="Current GC Util Change" value="72.000000"/>
  <attribute name="GC Util currently" value="72" />
  <attribute name="CPU Util currently" value="19000807556263" />
<exclusive-end id="1528" timestamp="2019-06-15T09:17:30.461" durationms="4.465" />

<exclusive-start id="1529" timestamp="2019-06-15T09:17:30.496" intervalms="39.356">
  <response-info timems="0.030" idlems="0.030" threads="0" lastid="0000000000DC9900" lastname="Thread-7" />
</exclusive-start>
<allocation-taxation id="1530" taxation-threshold="85983232" timestamp="2019-06-15T09:17:30.496" intervalms="39.366" />
<cycle-start id="1531" type="partial gc" contextid="0" timestamp="2019-06-15T09:17:30.496" intervalms="39.299" />
<gc-start id="1532" type="partial gc" contextid="1531" timestamp="2019-06-15T09:17:30.497">
  <mem-info id="1533" free="105906176" total="319815680" percent="33">
    <mem type="eden" free="0" total="85983232" percent="0" />
    <arraylet-primitive objects="2" leaves="2" largest="1" />
    <remembered-set count="67424" freebytes="12496384" totalbytes="12766080" percent="97" regionsoverflowed="0" regionsstable="3" regionsrebuilding="0"/>
  </mem-info>
</gc-start>
<allocation-stats totalBytes="85971400" >
  <allocated-bytes non-tlh="0" tlh="85971400" arrayletleaf="0"/>
  <largest-consumer threadName="Thread-8" threadId="0000000000DD1100" bytes="22324320" />
</allocation-stats>
<gc-op id="1534" type="copy forward" timems="4.659" contextid="1531" timestamp="2019-06-15T09:17:30.502">
  <memory-copied type="eden" objects="31925" bytes="1317272" bytesdiscarded="8" />
  <memory-copied type="other" objects="6362" bytes="152688" bytesdiscarded="0" />
  <memory-cardclean objects="8422" bytes="413016" />
  <regions eden="82" other="4" />
  <remembered-set-cleared processed="62737" cleared="1178" durationms="0.686" />
  <stringconstants candidates="4597" cleared="0"  />
</gc-op>
<gc-op id="1535" type="classunload" timems="0.002" contextid="1531" timestamp="2019-06-15T09:17:30.502">
  <classunload-info classloadercandidates="8" classloadersunloaded="0" classesunloaded="0" anonymousclassesunloaded="0" quiescems="0.000" setupms="0.002" scanms="0.000" postms="0.000" />
</gc-op>
<heap-resize id="1536" type="expand" space="default" amount="5242880" count="1" timems="0.092" reason="excessive time being spent in gc" timestamp="2019-06-15T09:17:30.503" />
<gc-end id="1537" type="partial gc" contextid="1531" durationms="6.128" usertimems="8.000" systemtimems="0.000" timestamp="2019-06-15T09:17:30.503" activeThreads="1">
  <mem-info id="1538" free="195035136" total="325058560" percent="60">
    <mem type="eden" free="779872" total="2097152" percent="37" />
    <arraylet-primitive objects="2" leaves="2" largest="1" />
    <remembered-set count="67808" freebytes="12704128" totalbytes="12975360" percent="97" regionsoverflowed="0" regionsstable="3" regionsrebuilding="0"/>
  </mem-info>
</gc-end>
<cycle-end id="1539" type="partial gc" contextid="1531" timestamp="2019-06-15T09:17:30.503" />
  <attribute name="elasticGC enabled" value="1" />
  <attribute name= "numThreadsSpecified" value="1" />
  <attribute name="heapSize specified" value="0" />
  <attribute name="Current GC Util" value="61" />
  <attribute name= "Current Time Running" value="5174" />
  <attribute name ="GC Interval" value="0" />
  <attribute name="ProportionalT" value="20.500000" />
  <attribute name="ProportionalI" value="20.500000" />
  <attribute name="ProportionalH" value="20.500000" />
  <attribute name="Current Error" value="41.000000" />
  <attribute name="IntegralT" value="0.000000" />
  <attribute name="IntegralI" value="0.000000" />
  <attribute name="IntegralH" value="0.000000" />
  <attribute name="DerivativeT" value="inf" />
  <attribute name="DerivativeI" value="inf" />
  <attribute name="DerivativeH" value="inf" />
  <attribute name="Loop Time for DT" value="0.000000" />
  <attribute name="Output H" value="8388608"/>
  <attribute name="Output I" value="200"/>
  <attribute name="Output T" value="1"/>
  <attribute name="Target GC Util Change" value ="20.000000" />
  <attribute name="Current GC Util Change" value="61.000000"/>
  <attribute name="GC Util currently" value="61" />
  <attribute name="CPU Util currently" value="17238143303921" />
<exclusive-end id="1540" timestamp="2019-06-15T09:17:30.503" durationms="7.246" />

<exclusive-start id="1541" timestamp="2019-06-15T09:17:30.534" intervalms="37.579">
  <response-info timems="0.030" idlems="0.030" threads="0" lastid="0000000000DC9900" lastname="Thread-7" />
</exclusive-start>
<allocation-taxation id="1542" taxation-threshold="87031808" timestamp="2019-06-15T09:17:30.534" intervalms="37.527" />
<cycle-start id="1543" type="partial gc" contextid="0" timestamp="2019-06-15T09:17:30.534" intervalms="37.507" />
<gc-start id="1544" type="partial gc" contextid="1543" timestamp="2019-06-15T09:17:30.534">
  <mem-info id="1545" free="108003328" total="325058560" percent="33">
    <mem type="eden" free="0" total="87031808" percent="0" />
    <arraylet-primitive objects="2" leaves="2" largest="1" />
    <remembered-set count="67488" freebytes="12705408" totalbytes="12975360" percent="97" regionsoverflowed="0" regionsstable="3" regionsrebuilding="0"/>
  </mem-info>
</gc-start>
<allocation-stats totalBytes="87019920" >
  <allocated-bytes non-tlh="0" tlh="87019920" arrayletleaf="0"/>
  <largest-consumer threadName="Thread-10" threadId="0000000000DC5D00" bytes="22082264" />
</allocation-stats>
<gc-op id="1546" type="copy forward" timems="4.231" contextid="1543" timestamp="2019-06-15T09:17:30.539">
  <memory-copied type="eden" objects="29467" bytes="1258024" bytesdiscarded="8" />
  <memory-copied type="other" objects="5786" bytes="138864" bytesdiscarded="0" />
  <memory-cardclean objects="4913" bytes="244896" />
  <regions eden="83" other="4" />
  <remembered-set-cleared processed="63397" cleared="1026" durationms="0.686" />
  <stringconstants candidates="4597" cleared="0"  />
</gc-op>
<gc-op id="1547" type="classunload" timems="0.002" contextid="1543" timestamp="2019-06-15T09:17:30.539">
  <classunload-info classloadercandidates="8" classloadersunloaded="0" classesunloaded="0" anonymousclassesunloaded="0" quiescems="0.000" setupms="0.002" scanms="0.000" postms="0.000" />
</gc-op>
<heap-resize id="1548" type="expand" space="default" amount="3145728" count="1" timems="0.085" reason="excessive time being spent in gc" timestamp="2019-06-15T09:17:30.540" />
<gc-end id="1549" type="partial gc" contextid="1543" durationms="5.646" usertimems="0.000" systemtimems="4.000" timestamp="2019-06-15T09:17:30.540" activeThreads="1">
  <mem-info id="1550" free="197132288" total="328204288" percent="60">
    <mem type="eden" free="839120" total="2097152" percent="40" />
    <arraylet-primitive objects="2" leaves="2" largest="1" />
    <remembered-set count="68096" freebytes="12828544" totalbytes="13100928" percent="97" regionsoverflowed="0" regionsstable="3" regionsrebuilding="0"/>
  </mem-info>
</gc-end>
<cycle-end id="1551" type="partial gc" contextid="1543" timestamp="2019-06-15T09:17:30.540" />
  <attribute name="elasticGC enabled" value="1" />
  <attribute name= "numThreadsSpecified" value="1" />
  <attribute name="heapSize specified" value="0" />
  <attribute name="Current GC Util" value="66" />
  <attribute name= "Current Time Running" value="5211" />
  <attribute name ="GC Interval" value="0" />
  <attribute name="ProportionalT" value="23.000000" />
  <attribute name="ProportionalI" value="23.000000" />
  <attribute name="ProportionalH" value="23.000000" />
  <attribute name="Current Error" value="46.000000" />
  <attribute name="IntegralT" value="0.000000" />
  <attribute name="IntegralI" value="0.000000" />
  <attribute name="IntegralH" value="0.000000" />
  <attribute name="DerivativeT" value="inf" />
  <attribute name="DerivativeI" value="inf" />
  <attribute name="DerivativeH" value="inf" />
  <attribute name="Loop Time for DT" value="0.000000" />
  <attribute name="Output H" value="8388608"/>
  <attribute name="Output I" value="200"/>
  <attribute name="Output T" value="1"/>
  <attribute name="Target GC Util Change" value ="20.000000" />
  <attribute name="Current GC Util Change" value="66.000000"/>
  <attribute name="GC Util currently" value="66" />
  <attribute name="CPU Util currently" value="17115246305090" />
<exclusive-end id="1552" timestamp="2019-06-15T09:17:30.540" durationms="6.673" />

<exclusive-start id="1553" timestamp="2019-06-15T09:17:30.571" intervalms="37.616">
  <response-info timems="0.028" idlems="0.028" threads="0" lastid="0000000000DD1100" lastname="Thread-8" />
</exclusive-start>
<allocation-taxation id="1554" taxation-threshold="88080384" timestamp="2019-06-15T09:17:30.571" intervalms="37.706" />
<cycle-start id="1555" type="partial gc" contextid="0" timestamp="2019-06-15T09:17:30.572" intervalms="37.752" />
<gc-start id="1556" type="partial gc" contextid="1555" timestamp="2019-06-15T09:17:30.572">
  <mem-info id="1557" free="109051904" total="328204288" percent="33">
    <mem type="eden" free="0" total="88080384" percent="0" />
    <arraylet-primitive objects="2" leaves="2" largest="1" />
    <remembered-set count="67744" freebytes="12829952" totalbytes="13100928" percent="97" regionsoverflowed="0" regionsstable="3" regionsrebuilding="0"/>
  </mem-info>
</gc-start>
<allocation-stats totalBytes="88068752" >
  <allocated-bytes non-tlh="0" tlh="88068752" arrayletleaf="0"/>
  <largest-consumer threadName="Thread-10" threadId="0000000000DC5D00" bytes="22508800" />
</allocation-stats>
<gc-op id="1558" type="copy forward" timems="4.249" contextid="1555" timestamp="2019-06-15T09:17:30.577">
  <memory-copied type="eden" objects="31263" bytes="1301416" bytesdiscarded="8" />
  <memory-copied type="other" objects="4376" bytes="105024" bytesdiscarded="0" />
  <memory-cardclean objects="3505" bytes="177312" />
  <regions eden="84" other="4" />
  <remembered-set-cleared processed="63617" cleared="863" durationms="0.692" />
  <stringconstants candidates="4597" cleared="0"  />
</gc-op>
<gc-op id="1559" type="classunload" timems="0.002" contextid="1555" timestamp="2019-06-15T09:17:30.577">
  <classunload-info classloadercandidates="8" classloadersunloaded="0" classesunloaded="0" anonymousclassesunloaded="0" quiescems="0.000" setupms="0.002" scanms="0.000" postms="0.000" />
</gc-op>
<gc-end id="1560" type="partial gc" contextid="1555" durationms="5.539" usertimems="4.000" systemtimems="0.000" timestamp="2019-06-15T09:17:30.577" activeThreads="1">
  <mem-info id="1561" free="197132288" total="328204288" percent="60">
    <mem type="eden" free="795728" total="2097152" percent="37" />
    <arraylet-primitive objects="2" leaves="2" largest="1" />
    <remembered-set count="68512" freebytes="12826880" totalbytes="13100928" percent="97" regionsoverflowed="0" regionsstable="3" regionsrebuilding="0"/>
  </mem-info>
</gc-end>
<cycle-end id="1562" type="partial gc" contextid="1555" timestamp="2019-06-15T09:17:30.578" />
  <attribute name="elasticGC enabled" value="1" />
  <attribute name= "numThreadsSpecified" value="1" />
  <attribute name="heapSize specified" value="0" />
  <attribute name="Current GC Util" value="70" />
  <attribute name= "Current Time Running" value="5249" />
  <attribute name ="GC Interval" value="0" />
  <attribute name="ProportionalT" value="25.000000" />
  <attribute name="ProportionalI" value="25.000000" />
  <attribute name="ProportionalH" value="25.000000" />
  <attribute name="Current Error" value="50.000000" />
  <attribute name="IntegralT" value="0.000000" />
  <attribute name="IntegralI" value="0.000000" />
  <attribute name="IntegralH" value="0.000000" />
  <attribute name="DerivativeT" value="inf" />
  <attribute name="DerivativeI" value="inf" />
  <attribute name="DerivativeH" value="inf" />
  <attribute name="Loop Time for DT" value="0.000000" />
  <attribute name="Output H" value="8388608"/>
  <attribute name="Output I" value="200"/>
  <attribute name="Output T" value="1"/>
  <attribute name="Target GC Util Change" value ="20.000000" />
  <attribute name="Current GC Util Change" value="70.000000"/>
  <attribute name="GC Util currently" value="70" />
  <attribute name="CPU Util currently" value="17365825559928" />
<exclusive-end id="1563" timestamp="2019-06-15T09:17:30.578" durationms="6.736" />

<exclusive-start id="1564" timestamp="2019-06-15T09:17:30.612" intervalms="40.547">
  <response-info timems="0.030" idlems="0.030" threads="0" lastid="0000000000DCD500" lastname="Thread-9" />
</exclusive-start>
<allocation-taxation id="1565" taxation-threshold="88080384" timestamp="2019-06-15T09:17:30.612" intervalms="40.553" />
<cycle-start id="1566" type="partial gc" contextid="0" timestamp="2019-06-15T09:17:30.612" intervalms="40.642" />
<gc-start id="1567" type="partial gc" contextid="1566" timestamp="2019-06-15T09:17:30.613">
  <mem-info id="1568" free="109051904" total="328204288" percent="33">
    <mem type="eden" free="0" total="88080384" percent="0" />
    <arraylet-primitive objects="2" leaves="2" largest="1" />
    <remembered-set count="68096" freebytes="12828544" totalbytes="13100928" percent="97" regionsoverflowed="0" regionsstable="3" regionsrebuilding="0"/>
  </mem-info>
</gc-start>
<allocation-stats totalBytes="88069544" >
  <allocated-bytes non-tlh="0" tlh="88069544" arrayletleaf="0"/>
  <largest-consumer threadName="Thread-10" threadId="0000000000DC5D00" bytes="22734080" />
</allocation-stats>
<gc-op id="1569" type="copy forward" timems="3.837" contextid="1566" timestamp="2019-06-15T09:17:30.617">
  <memory-copied type="eden" objects="26495" bytes="1053040" bytesdiscarded="0" />
  <memory-copied type="other" objects="4376" bytes="105024" bytesdiscarded="0" />
  <memory-cardclean objects="3505" bytes="177312" />
  <regions eden="84" other="4" />
  <remembered-set-cleared processed="63715" cleared="961" durationms="0.687" />
  <stringconstants candidates="4597" cleared="0"  />
</gc-op>
<gc-op id="1570" type="classunload" timems="0.002" contextid="1566" timestamp="2019-06-15T09:17:30.617">
  <classunload-info classloadercandidates="8" classloadersunloaded="0" classesunloaded="0" anonymousclassesunloaded="0" quiescems="0.000" setupms="0.002" scanms="0.000" postms="0.000" />
</gc-op>
<gc-end id="1571" type="partial gc" contextid="1566" durationms="5.098" usertimems="4.000" systemtimems="0.000" timestamp="2019-06-15T09:17:30.618" activeThreads="1">
  <mem-info id="1572" free="197132288" total="328204288" percent="60">
    <mem type="eden" free="1044112" total="2097152" percent="49" />
    <arraylet-primitive objects="2" leaves="2" largest="1" />
    <remembered-set count="67712" freebytes="12830080" totalbytes="13100928" percent="97" regionsoverflowed="0" regionsstable="3" regionsrebuilding="0"/>
  </mem-info>
</gc-end>
<cycle-end id="1573" type="partial gc" contextid="1566" timestamp="2019-06-15T09:17:30.618" />
  <attribute name="elasticGC enabled" value="1" />
  <attribute name= "numThreadsSpecified" value="1" />
  <attribute name="heapSize specified" value="0" />
  <attribute name="Current GC Util" value="82" />
  <attribute name= "Current Time Running" value="5290" />
  <attribute name ="GC Interval" value="0" />
  <attribute name="ProportionalT" value="31.000000" />
  <attribute name="ProportionalI" value="31.000000" />
  <attribute name="ProportionalH" value="31.000000" />
  <attribute name="Current Error" value="62.000000" />
  <attribute name="IntegralT" value="0.000000" />
  <attribute name="IntegralI" value="0.000000" />
  <attribute name="IntegralH" value="0.000000" />
  <attribute name="DerivativeT" value="inf" />
  <attribute name="DerivativeI" value="inf" />
  <attribute name="DerivativeH" value="inf" />
  <attribute name="Loop Time for DT" value="0.000000" />
  <attribute name="Output H" value="8388608"/>
  <attribute name="Output I" value="200"/>
  <attribute name="Output T" value="1"/>
  <attribute name="Target GC Util Change" value ="20.000000" />
  <attribute name="Current GC Util Change" value="82.000000"/>
  <attribute name="GC Util currently" value="82" />
  <attribute name="CPU Util currently" value="18961121304271" />
<exclusive-end id="1574" timestamp="2019-06-15T09:17:30.618" durationms="6.394" />

<exclusive-start id="1575" timestamp="2019-06-15T09:17:30.658" intervalms="46.711">
  <response-info timems="0.031" idlems="0.031" threads="0" lastid="0000000000DD1100" lastname="Thread-8" />
</exclusive-start>
<allocation-taxation id="1576" taxation-threshold="88080384" timestamp="2019-06-15T09:17:30.659" intervalms="46.629" />
<cycle-start id="1577" type="partial gc" contextid="0" timestamp="2019-06-15T09:17:30.659" intervalms="46.621" />
<gc-start id="1578" type="partial gc" contextid="1577" timestamp="2019-06-15T09:17:30.659">
  <mem-info id="1579" free="109051904" total="328204288" percent="33">
    <mem type="eden" free="0" total="88080384" percent="0" />
    <arraylet-primitive objects="2" leaves="2" largest="1" />
    <remembered-set count="67616" freebytes="12830464" totalbytes="13100928" percent="97" regionsoverflowed="0" regionsstable="3" regionsrebuilding="0"/>
  </mem-info>
</gc-start>
<allocation-stats totalBytes="88069424" >
  <allocated-bytes non-tlh="0" tlh="88069424" arrayletleaf="0"/>
  <largest-consumer threadName="Thread-8" threadId="0000000000DD1100" bytes="24728472" />
</allocation-stats>
<gc-op id="1580" type="copy forward" timems="2.029" contextid="1577" timestamp="2019-06-15T09:17:30.662">
  <memory-copied type="eden" objects="22116" bytes="1081744" bytesdiscarded="53928" />
  <memory-copied type="other" objects="4376" bytes="105024" bytesdiscarded="1408" />
  <memory-cardclean objects="3505" bytes="177312" />
  <regions eden="84" other="4" />
  <remembered-set-cleared processed="63665" cleared="911" durationms="0.280" />
  <stringconstants candidates="4597" cleared="0"  />
</gc-op>
<gc-op id="1581" type="classunload" timems="0.002" contextid="1577" timestamp="2019-06-15T09:17:30.662">
  <classunload-info classloadercandidates="8" classloadersunloaded="0" classesunloaded="0" anonymousclassesunloaded="0" quiescems="0.000" setupms="0.002" scanms="0.000" postms="0.000" />
</gc-op>
<gc-end id="1582" type="partial gc" contextid="1577" durationms="3.317" usertimems="4.000" systemtimems="0.000" timestamp="2019-06-15T09:17:30.663" activeThreads="4">
  <mem-info id="1583" free="197132288" total="328204288" percent="60">
    <mem type="eden" free="961480" total="2097152" percent="45" />
    <arraylet-primitive objects="2" leaves="2" largest="1" />
    <remembered-set count="67936" freebytes="12829184" totalbytes="13100928" percent="97" regionsoverflowed="0" regionsstable="3" regionsrebuilding="0"/>
  </mem-info>
</gc-end>
<cycle-end id="1584" type="partial gc" contextid="1577" timestamp="2019-06-15T09:17:30.663" />
  <attribute name="elasticGC enabled" value="1" />
  <attribute name= "numThreadsSpecified" value="4" />
  <attribute name="heapSize specified" value="0" />
  <attribute name="Current GC Util" value="83" />
  <attribute name= "Current Time Running" value="5337" />
  <attribute name ="GC Interval" value="0" />
  <attribute name="ProportionalT" value="31.500000" />
  <attribute name="ProportionalI" value="31.500000" />
  <attribute name="ProportionalH" value="31.500000" />
  <attribute name="Current Error" value="63.000000" />
  <attribute name="IntegralT" value="63.000000" />
  <attribute name="IntegralI" value="63.000000" />
  <attribute name="IntegralH" value="63.000000" />
  <attribute name="DerivativeT" value="94.500000" />
  <attribute name="DerivativeI" value="94.500000" />
  <attribute name="DerivativeH" value="94.500000" />
  <attribute name="Loop Time for DT" value="1.000000" />
  <attribute name="Output H" value="8388608"/>
  <attribute name="Output I" value="200"/>
  <attribute name="Output T" value="4"/>
  <attribute name="Target GC Util Change" value ="20.000000" />
  <attribute name="Current GC Util Change" value="83.000000"/>
  <attribute name="GC Util currently" value="83" />
  <attribute name="CPU Util currently" value="16958156984882" />
<exclusive-end id="1585" timestamp="2019-06-15T09:17:30.663" durationms="4.570" />

<exclusive-start id="1586" timestamp="2019-06-15T09:17:30.703" intervalms="44.964">
  <response-info timems="0.037" idlems="0.037" threads="0" lastid="0000000000DC9900" lastname="Thread-7" />
</exclusive-start>
<allocation-taxation id="1587" taxation-threshold="88080384" timestamp="2019-06-15T09:17:30.704" intervalms="45.002" />
<cycle-start id="1588" type="partial gc" contextid="0" timestamp="2019-06-15T09:17:30.704" intervalms="44.919" />
<gc-start id="1589" type="partial gc" contextid="1588" timestamp="2019-06-15T09:17:30.704">
  <mem-info id="1590" free="109051904" total="328204288" percent="33">
    <mem type="eden" free="0" total="88080384" percent="0" />
    <arraylet-primitive objects="2" leaves="2" largest="1" />
    <remembered-set count="67584" freebytes="12830592" totalbytes="13100928" percent="97" regionsoverflowed="0" regionsstable="3" regionsrebuilding="0"/>
  </mem-info>
</gc-start>
<allocation-stats totalBytes="88068056" >
  <allocated-bytes non-tlh="0" tlh="88068056" arrayletleaf="0"/>
  <largest-consumer threadName="Thread-8" threadId="0000000000DD1100" bytes="26341616" />
</allocation-stats>
<gc-op id="1591" type="copy forward" timems="3.836" contextid="1588" timestamp="2019-06-15T09:17:30.709">
  <memory-copied type="eden" objects="16954" bytes="683104" bytesdiscarded="0" />
  <memory-copied type="other" objects="13547" bytes="599880" bytesdiscarded="0" />
  <memory-cardclean objects="1586" bytes="81144" />
  <regions eden="84" other="5" />
  <remembered-set-cleared processed="63558" cleared="1553" durationms="0.684" />
  <stringconstants candidates="4597" cleared="0"  />
</gc-op>
<gc-op id="1592" type="classunload" timems="0.002" contextid="1588" timestamp="2019-06-15T09:17:30.709">
  <classunload-info classloadercandidates="8" classloadersunloaded="0" classesunloaded="0" anonymousclassesunloaded="0" quiescems="0.000" setupms="0.002" scanms="0.000" postms="0.000" />
</gc-op>
<gc-end id="1593" type="partial gc" contextid="1588" durationms="5.145" usertimems="8.000" systemtimems="0.000" timestamp="2019-06-15T09:17:30.709" activeThreads="1">
  <mem-info id="1594" free="198180864" total="328204288" percent="60">
    <mem type="eden" free="365472" total="1048576" percent="34" />
    <arraylet-primitive objects="2" leaves="2" largest="1" />
    <remembered-set count="66912" freebytes="12833280" totalbytes="13100928" percent="97" regionsoverflowed="0" regionsstable="3" regionsrebuilding="0"/>
  </mem-info>
</gc-end>
<cycle-end id="1595" type="partial gc" contextid="1588" timestamp="2019-06-15T09:17:30.709" />
  <attribute name="elasticGC enabled" value="1" />
  <attribute name= "numThreadsSpecified" value="1" />
  <attribute name="heapSize specified" value="0" />
  <attribute name="Current GC Util" value="63" />
  <attribute name= "Current Time Running" value="5381" />
  <attribute name ="GC Interval" value="0" />
  <attribute name="ProportionalT" value="21.500000" />
  <attribute name="ProportionalI" value="21.500000" />
  <attribute name="ProportionalH" value="21.500000" />
  <attribute name="Current Error" value="43.000000" />
  <attribute name="IntegralT" value="0.000000" />
  <attribute name="IntegralI" value="0.000000" />
  <attribute name="IntegralH" value="0.000000" />
  <attribute name="DerivativeT" value="inf" />
  <attribute name="DerivativeI" value="inf" />
  <attribute name="DerivativeH" value="inf" />
  <attribute name="Loop Time for DT" value="0.000000" />
  <attribute name="Output H" value="8388608"/>
  <attribute name="Output I" value="200"/>
  <attribute name="Output T" value="1"/>
  <attribute name="Target GC Util Change" value ="20.000000" />
  <attribute name="Current GC Util Change" value="63.000000"/>
  <attribute name="GC Util currently" value="63" />
  <attribute name="CPU Util currently" value="18909729829519" />
<exclusive-end id="1596" timestamp="2019-06-15T09:17:30.710" durationms="6.258" />

<exclusive-start id="1597" timestamp="2019-06-15T09:17:30.747" intervalms="43.091">
  <response-info timems="0.029" idlems="0.029" threads="0" lastid="0000000000DD1100" lastname="Thread-8" />
</exclusive-start>
<allocation-taxation id="1598" taxation-threshold="88080384" timestamp="2019-06-15T09:17:30.747" intervalms="43.128" />
<cycle-start id="1599" type="partial gc" contextid="0" timestamp="2019-06-15T09:17:30.747" intervalms="43.181" />
<gc-start id="1600" type="partial gc" contextid="1599" timestamp="2019-06-15T09:17:30.747">
  <mem-info id="1601" free="110100480" total="328204288" percent="33">
    <mem type="eden" free="0" total="88080384" percent="0" />
    <arraylet-primitive objects="2" leaves="2" largest="1" />
    <remembered-set count="66784" freebytes="12833792" totalbytes="13100928" percent="97" regionsoverflowed="0" regionsstable="3" regionsrebuilding="0"/>
  </mem-info>
</gc-start>
<allocation-stats totalBytes="88068536" >
  <allocated-bytes non-tlh="0" tlh="88068536" arrayletleaf="0"/>
  <largest-consumer threadName="Thread-9" threadId="0000000000DCD500" bytes="26256040" />
</allocation-stats>
<gc-op id="1602" type="copy forward" timems="1.853" contextid="1599" timestamp="2019-06-15T09:17:30.750">
  <memory-copied type="eden" objects="16215" bytes="802408" bytesdiscarded="90304" />
  <memory-copied type="other" objects="6373" bytes="290328" bytesdiscarded="51752" />
  <memory-cardclean objects="19" bytes="1872" />
  <regions eden="84" other="5" />
  <remembered-set-cleared processed="62800" cleared="1463" durationms="0.283" />
  <stringconstants candidates="4597" cleared="0"  />
</gc-op>
<gc-op id="1603" type="classunload" timems="0.003" contextid="1599" timestamp="2019-06-15T09:17:30.750">
  <classunload-info classloadercandidates="8" classloadersunloaded="0" classesunloaded="0" anonymousclassesunloaded="0" quiescems="0.000" setupms="0.003" scanms="0.000" postms="0.000" />
</gc-op>
<gc-end id="1604" type="partial gc" contextid="1599" durationms="3.015" usertimems="8.000" systemtimems="0.000" timestamp="2019-06-15T09:17:30.750" activeThreads="4">
  <mem-info id="1605" free="200278016" total="328204288" percent="61">
    <mem type="eden" free="155864" total="1048576" percent="14" />
    <arraylet-primitive objects="2" leaves="2" largest="1" />
    <remembered-set count="65440" freebytes="12839168" totalbytes="13100928" percent="98" regionsoverflowed="0" regionsstable="3" regionsrebuilding="0"/>
  </mem-info>
</gc-end>
<cycle-end id="1606" type="partial gc" contextid="1599" timestamp="2019-06-15T09:17:30.750" />
  <attribute name="elasticGC enabled" value="1" />
  <attribute name= "numThreadsSpecified" value="4" />
  <attribute name="heapSize specified" value="0" />
  <attribute name="Current GC Util" value="82" />
  <attribute name= "Current Time Running" value="5425" />
  <attribute name ="GC Interval" value="0" />
  <attribute name="ProportionalT" value="31.000000" />
  <attribute name="ProportionalI" value="31.000000" />
  <attribute name="ProportionalH" value="31.000000" />
  <attribute name="Current Error" value="62.000000" />
  <attribute name="IntegralT" value="62.000000" />
  <attribute name="IntegralI" value="62.000000" />
  <attribute name="IntegralH" value="62.000000" />
  <attribute name="DerivativeT" value="93.000000" />
  <attribute name="DerivativeI" value="93.000000" />
  <attribute name="DerivativeH" value="93.000000" />
  <attribute name="Loop Time for DT" value="1.000000" />
  <attribute name="Output H" value="8388608"/>
  <attribute name="Output I" value="200"/>
  <attribute name="Output T" value="4"/>
  <attribute name="Target GC Util Change" value ="20.000000" />
  <attribute name="Current GC Util Change" value="82.000000"/>
  <attribute name="GC Util currently" value="82" />
  <attribute name="CPU Util currently" value="18976804096899" />
<exclusive-end id="1607" timestamp="2019-06-15T09:17:30.751" durationms="4.192" />

<exclusive-start id="1608" timestamp="2019-06-15T09:17:30.783" intervalms="36.810">
  <response-info timems="0.040" idlems="0.040" threads="0" lastid="0000000000DC5D00" lastname="Thread-10" />
</exclusive-start>
<allocation-taxation id="1609" taxation-threshold="88080384" timestamp="2019-06-15T09:17:30.784" intervalms="36.842" />
<cycle-start id="1610" type="partial gc" contextid="0" timestamp="2019-06-15T09:17:30.784" intervalms="36.812" />
<gc-start id="1611" type="partial gc" contextid="1610" timestamp="2019-06-15T09:17:30.784">
  <mem-info id="1612" free="112197632" total="328204288" percent="34">
    <mem type="eden" free="0" total="88080384" percent="0" />
    <arraylet-primitive objects="2" leaves="2" largest="1" />
    <remembered-set count="65088" freebytes="12840576" totalbytes="13100928" percent="98" regionsoverflowed="0" regionsstable="3" regionsrebuilding="0"/>
  </mem-info>
</gc-start>
<allocation-stats totalBytes="88068824" >
  <allocated-bytes non-tlh="0" tlh="88068824" arrayletleaf="0"/>
  <largest-consumer threadName="Thread-9" threadId="0000000000DCD500" bytes="24249616" />
</allocation-stats>
<gc-op id="1613" type="copy forward" timems="1.908" contextid="1610" timestamp="2019-06-15T09:17:30.787">
  <memory-copied type="eden" objects="9129" bytes="224096" bytesdiscarded="26056" />
  <memory-copied type="other" objects="17570" bytes="833808" bytesdiscarded="38472" />
  <memory-cardclean objects="19" bytes="1872" />
  <regions eden="84" other="4" />
  <remembered-set-cleared processed="61687" cleared="350" durationms="0.281" />
  <stringconstants candidates="4597" cleared="0"  />
</gc-op>
<gc-op id="1614" type="classunload" timems="0.003" contextid="1610" timestamp="2019-06-15T09:17:30.787">
  <classunload-info classloadercandidates="8" classloadersunloaded="0" classesunloaded="0" anonymousclassesunloaded="0" quiescems="0.000" setupms="0.002" scanms="0.000" postms="0.000" />
</gc-op>
<gc-end id="1615" type="partial gc" contextid="1610" durationms="3.112" usertimems="8.000" systemtimems="0.000" timestamp="2019-06-15T09:17:30.787" activeThreads="4">
  <mem-info id="1616" free="200278016" total="328204288" percent="61">
    <mem type="eden" free="798424" total="1048576" percent="76" />
    <arraylet-primitive objects="2" leaves="2" largest="1" />
    <remembered-set count="66464" freebytes="12835072" totalbytes="13100928" percent="97" regionsoverflowed="0" regionsstable="3" regionsrebuilding="0"/>
  </mem-info>
</gc-end>
<cycle-end id="1617" type="partial gc" contextid="1610" timestamp="2019-06-15T09:17:30.787" />
  <attribute name="elasticGC enabled" value="1" />
  <attribute name= "numThreadsSpecified" value="4" />
  <attribute name="heapSize specified" value="0" />
  <attribute name="Current GC Util" value="64" />
  <attribute name= "Current Time Running" value="5462" />
  <attribute name ="GC Interval" value="0" />
  <attribute name="ProportionalT" value="22.000000" />
  <attribute name="ProportionalI" value="22.000000" />
  <attribute name="ProportionalH" value="22.000000" />
  <attribute name="Current Error" value="44.000000" />
  <attribute name="IntegralT" value="44.000000" />
  <attribute name="IntegralI" value="44.000000" />
  <attribute name="IntegralH" value="44.000000" />
  <attribute name="DerivativeT" value="66.000000" />
  <attribute name="DerivativeI" value="66.000000" />
  <attribute name="DerivativeH" value="66.000000" />
  <attribute name="Loop Time for DT" value="1.000000" />
  <attribute name="Output H" value="8388608"/>
  <attribute name="Output I" value="200"/>
  <attribute name="Output T" value="4"/>
  <attribute name="Target GC Util Change" value ="20.000000" />
  <attribute name="Current GC Util Change" value="64.000000"/>
  <attribute name="GC Util currently" value="64" />
  <attribute name="CPU Util currently" value="17885635835834" />
<exclusive-end id="1618" timestamp="2019-06-15T09:17:30.788" durationms="4.231" />

<exclusive-start id="1619" timestamp="2019-06-15T09:17:30.820" intervalms="36.711">
  <response-info timems="0.024" idlems="0.024" threads="0" lastid="0000000000DC5D00" lastname="Thread-10" />
</exclusive-start>
<allocation-taxation id="1620" taxation-threshold="88080384" timestamp="2019-06-15T09:17:30.820" intervalms="36.648" />
<cycle-start id="1621" type="partial gc" contextid="0" timestamp="2019-06-15T09:17:30.820" intervalms="36.633" />
<gc-start id="1622" type="partial gc" contextid="1621" timestamp="2019-06-15T09:17:30.821">
  <mem-info id="1623" free="112197632" total="328204288" percent="34">
    <mem type="eden" free="0" total="88080384" percent="0" />
    <arraylet-primitive objects="2" leaves="2" largest="1" />
    <remembered-set count="66144" freebytes="12836352" totalbytes="13100928" percent="97" regionsoverflowed="0" regionsstable="3" regionsrebuilding="0"/>
  </mem-info>
</gc-start>
<allocation-stats totalBytes="88068432" >
  <allocated-bytes non-tlh="0" tlh="88068432" arrayletleaf="0"/>
  <largest-consumer threadName="Thread-9" threadId="0000000000DCD500" bytes="23393152" />
</allocation-stats>
<gc-op id="1624" type="copy forward" timems="3.577" contextid="1621" timestamp="2019-06-15T09:17:30.825">
  <memory-copied type="eden" objects="28401" bytes="1231960" bytesdiscarded="0" />
  <memory-copied type="other" objects="0" bytes="0" bytesdiscarded="0" />
  <memory-cardclean objects="19" bytes="1872" />
  <regions eden="84" other="4" />
  <remembered-set-cleared processed="62085" cleared="748" durationms="0.664" />
  <stringconstants candidates="4597" cleared="0"  />
</gc-op>
<gc-op id="1625" type="classunload" timems="0.002" contextid="1621" timestamp="2019-06-15T09:17:30.825">
  <classunload-info classloadercandidates="8" classloadersunloaded="0" classesunloaded="0" anonymousclassesunloaded="0" quiescems="0.000" setupms="0.002" scanms="0.000" postms="0.000" />
</gc-op>
<heap-resize id="1626" type="contract" space="default" amount="5242880" count="1" timems="0.071" reason="excess free space following gc" timestamp="2019-06-15T09:17:30.826" />
<gc-end id="1627" type="partial gc" contextid="1621" durationms="4.935" usertimems="8.000" systemtimems="0.000" timestamp="2019-06-15T09:17:30.826" activeThreads="1">
  <mem-info id="1628" free="197132288" total="322961408" percent="61">
    <mem type="eden" free="865192" total="2097152" percent="41" />
    <arraylet-primitive objects="2" leaves="2" largest="1" />
    <remembered-set count="64960" freebytes="12841088" totalbytes="13100928" percent="98" regionsoverflowed="0" regionsstable="3" regionsrebuilding="0"/>
  </mem-info>
</gc-end>
<cycle-end id="1629" type="partial gc" contextid="1621" timestamp="2019-06-15T09:17:30.826" />
  <attribute name="elasticGC enabled" value="1" />
  <attribute name= "numThreadsSpecified" value="1" />
  <attribute name="heapSize specified" value="0" />
  <attribute name="Current GC Util" value="90" />
  <attribute name= "Current Time Running" value="5498" />
  <attribute name ="GC Interval" value="0" />
  <attribute name="ProportionalT" value="35.000000" />
  <attribute name="ProportionalI" value="35.000000" />
  <attribute name="ProportionalH" value="35.000000" />
  <attribute name="Current Error" value="70.000000" />
  <attribute name="IntegralT" value="0.000000" />
  <attribute name="IntegralI" value="0.000000" />
  <attribute name="IntegralH" value="0.000000" />
  <attribute name="DerivativeT" value="inf" />
  <attribute name="DerivativeI" value="inf" />
  <attribute name="DerivativeH" value="inf" />
  <attribute name="Loop Time for DT" value="0.000000" />
  <attribute name="Output H" value="8388608"/>
  <attribute name="Output I" value="200"/>
  <attribute name="Output T" value="1"/>
  <attribute name="Target GC Util Change" value ="20.000000" />
  <attribute name="Current GC Util Change" value="90.000000"/>
  <attribute name="GC Util currently" value="90" />
  <attribute name="CPU Util currently" value="19703681236035" />
<exclusive-end id="1630" timestamp="2019-06-15T09:17:30.826" durationms="5.964" />

<exclusive-start id="1631" timestamp="2019-06-15T09:17:30.857" intervalms="37.271">
  <response-info timems="0.029" idlems="0.029" threads="0" lastid="0000000000DC9900" lastname="Thread-7" />
</exclusive-start>
<allocation-taxation id="1632" taxation-threshold="85983232" timestamp="2019-06-15T09:17:30.858" intervalms="37.262" />
<cycle-start id="1633" type="partial gc" contextid="0" timestamp="2019-06-15T09:17:30.858" intervalms="37.264" />
<gc-start id="1634" type="partial gc" contextid="1633" timestamp="2019-06-15T09:17:30.858">
  <mem-info id="1635" free="111149056" total="322961408" percent="34">
    <mem type="eden" free="0" total="85983232" percent="0" />
    <arraylet-primitive objects="2" leaves="2" largest="1" />
    <remembered-set count="64512" freebytes="12842880" totalbytes="13100928" percent="98" regionsoverflowed="0" regionsstable="3" regionsrebuilding="0"/>
  </mem-info>
</gc-start>
<allocation-stats totalBytes="85971336" >
  <allocated-bytes non-tlh="0" tlh="85971336" arrayletleaf="0"/>
  <largest-consumer threadName="Thread-8" threadId="0000000000DD1100" bytes="22602744" />
</allocation-stats>
<gc-op id="1636" type="copy forward" timems="1.990" contextid="1633" timestamp="2019-06-15T09:17:30.862">
  <memory-copied type="eden" objects="25468" bytes="1161280" bytesdiscarded="70632" />
  <memory-copied type="other" objects="0" bytes="0" bytesdiscarded="0" />
  <memory-cardclean objects="19" bytes="1872" />
  <regions eden="82" other="4" />
  <remembered-set-cleared processed="61766" cleared="429" durationms="0.284" />
  <stringconstants candidates="4597" cleared="0"  />
</gc-op>
<gc-op id="1637" type="classunload" timems="0.003" contextid="1633" timestamp="2019-06-15T09:17:30.862">
  <classunload-info classloadercandidates="8" classloadersunloaded="0" classesunloaded="0" anonymousclassesunloaded="0" quiescems="0.000" setupms="0.003" scanms="0.000" postms="0.000" />
</gc-op>
<heap-resize id="1638" type="contract" space="default" amount="5242880" count="1" timems="0.069" reason="excess free space following gc" timestamp="2019-06-15T09:17:30.862" />
<gc-end id="1639" type="partial gc" contextid="1633" durationms="4.111" usertimems="4.000" systemtimems="0.000" timestamp="2019-06-15T09:17:30.862" activeThreads="4">
  <mem-info id="1640" free="193986560" total="317718528" percent="61">
    <mem type="eden" free="865240" total="2097152" percent="41" />
    <arraylet-primitive objects="2" leaves="2" largest="1" />
    <remembered-set count="65440" freebytes="12629888" totalbytes="12891648" percent="97" regionsoverflowed="0" regionsstable="3" regionsrebuilding="0"/>
  </mem-info>
</gc-end>
<cycle-end id="1641" type="partial gc" contextid="1633" timestamp="2019-06-15T09:17:30.862" />
  <attribute name="elasticGC enabled" value="1" />
  <attribute name= "numThreadsSpecified" value="4" />
  <attribute name="heapSize specified" value="0" />
  <attribute name="Current GC Util" value="27" />
  <attribute name= "Current Time Running" value="5536" />
  <attribute name ="GC Interval" value="0" />
  <attribute name="ProportionalT" value="3.500000" />
  <attribute name="ProportionalI" value="3.500000" />
  <attribute name="ProportionalH" value="3.500000" />
  <attribute name="Current Error" value="7.000000" />
  <attribute name="IntegralT" value="7.000000" />
  <attribute name="IntegralI" value="7.000000" />
  <attribute name="IntegralH" value="7.000000" />
  <attribute name="DerivativeT" value="10.500000" />
  <attribute name="DerivativeI" value="10.500000" />
  <attribute name="DerivativeH" value="10.500000" />
  <attribute name="Loop Time for DT" value="1.000000" />
  <attribute name="Output H" value="8388608"/>
  <attribute name="Output I" value="200"/>
  <attribute name="Output T" value="4"/>
  <attribute name="Target GC Util Change" value ="20.000000" />
  <attribute name="Current GC Util Change" value="27.000000"/>
  <attribute name="GC Util currently" value="27" />
  <attribute name="CPU Util currently" value="4647424696447" />
<exclusive-end id="1642" timestamp="2019-06-15T09:17:30.862" durationms="5.190" />

<exclusive-start id="1643" timestamp="2019-06-15T09:17:30.892" intervalms="34.965">
  <response-info timems="0.039" idlems="0.039" threads="0" lastid="0000000000DC5D00" lastname="Thread-10" />
</exclusive-start>
<allocation-taxation id="1644" taxation-threshold="84934656" timestamp="2019-06-15T09:17:30.892" intervalms="34.973" />
<cycle-start id="1645" type="partial gc" contextid="0" timestamp="2019-06-15T09:17:30.893" intervalms="34.971" />
<gc-start id="1646" type="partial gc" contextid="1645" timestamp="2019-06-15T09:17:30.893">
  <mem-info id="1647" free="109051904" total="317718528" percent="34">
    <mem type="eden" free="0" total="84934656" percent="0" />
    <arraylet-primitive objects="2" leaves="2" largest="1" />
    <remembered-set count="64992" freebytes="12631680" totalbytes="12891648" percent="97" regionsoverflowed="0" regionsstable="3" regionsrebuilding="0"/>
  </mem-info>
</gc-start>
<allocation-stats totalBytes="84922800" >
  <allocated-bytes non-tlh="0" tlh="84922800" arrayletleaf="0"/>
  <largest-consumer threadName="Thread-8" threadId="0000000000DD1100" bytes="22361064" />
</allocation-stats>
<gc-op id="1648" type="copy forward" timems="3.712" contextid="1645" timestamp="2019-06-15T09:17:30.898">
  <memory-copied type="eden" objects="31108" bytes="1297168" bytesdiscarded="16" />
  <memory-copied type="other" objects="0" bytes="0" bytesdiscarded="0" />
  <memory-cardclean objects="19" bytes="1872" />
  <regions eden="81" other="4" />
  <remembered-set-cleared processed="61569" cleared="232" durationms="0.640" />
  <stringconstants candidates="4597" cleared="0"  />
</gc-op>
<gc-op id="1649" type="classunload" timems="0.002" contextid="1645" timestamp="2019-06-15T09:17:30.898">
  <classunload-info classloadercandidates="8" classloadersunloaded="0" classesunloaded="0" anonymousclassesunloaded="0" quiescems="0.000" setupms="0.002" scanms="0.000" postms="0.000" />
</gc-op>
<heap-resize id="1650" type="contract" space="default" amount="5242880" count="1" timems="0.061" reason="excess free space following gc" timestamp="2019-06-15T09:17:30.899" />
<gc-end id="1651" type="partial gc" contextid="1645" durationms="5.873" usertimems="8.000" systemtimems="0.000" timestamp="2019-06-15T09:17:30.899" activeThreads="1">
  <mem-info id="1652" free="190840832" total="312475648" percent="61">
    <mem type="eden" free="799968" total="2097152" percent="38" />
    <arraylet-primitive objects="2" leaves="2" largest="1" />
    <remembered-set count="64928" freebytes="12422656" totalbytes="12682368" percent="97" regionsoverflowed="0" regionsstable="3" regionsrebuilding="0"/>
  </mem-info>
</gc-end>
<cycle-end id="1653" type="partial gc" contextid="1645" timestamp="2019-06-15T09:17:30.899" />
  <attribute name="elasticGC enabled" value="1" />
  <attribute name= "numThreadsSpecified" value="1" />
  <attribute name="heapSize specified" value="0" />
  <attribute name="Current GC Util" value="20" />
  <attribute name= "Current Time Running" value="5571" />
  <attribute name ="GC Interval" value="0" />
  <attribute name="ProportionalT" value="0.000000" />
  <attribute name="ProportionalI" value="0.000000" />
  <attribute name="ProportionalH" value="0.000000" />
  <attribute name="Current Error" value="0.000000" />
  <attribute name="IntegralT" value="0.000000" />
  <attribute name="IntegralI" value="0.000000" />
  <attribute name="IntegralH" value="0.000000" />
  <attribute name="DerivativeT" value="0.000000" />
  <attribute name="DerivativeI" value="0.000000" />
  <attribute name="DerivativeH" value="0.000000" />
  <attribute name="Loop Time for DT" value="1.000000" />
  <attribute name="Output H" value="8388608"/>
  <attribute name="Output I" value="200"/>
  <attribute name="Output T" value="1"/>
  <attribute name="Target GC Util Change" value ="20.000000" />
  <attribute name="Current GC Util Change" value="20.000000"/>
  <attribute name="GC Util currently" value="20" />
  <attribute name="CPU Util currently" value="4883512047973" />
<exclusive-end id="1654" timestamp="2019-06-15T09:17:30.899" durationms="6.946" />

<exclusive-start id="1655" timestamp="2019-06-15T09:17:30.927" intervalms="34.801">
  <response-info timems="0.044" idlems="0.044" threads="0" lastid="0000000000DC9900" lastname="Thread-7" />
</exclusive-start>
<allocation-taxation id="1656" taxation-threshold="83886080" timestamp="2019-06-15T09:17:30.927" intervalms="34.739" />
<cycle-start id="1657" type="partial gc" contextid="0" timestamp="2019-06-15T09:17:30.927" intervalms="34.724" />
<gc-start id="1658" type="partial gc" contextid="1657" timestamp="2019-06-15T09:17:30.928">
  <mem-info id="1659" free="106954752" total="312475648" percent="34">
    <mem type="eden" free="0" total="83886080" percent="0" />
    <arraylet-primitive objects="2" leaves="2" largest="1" />
    <remembered-set count="64512" freebytes="12424320" totalbytes="12682368" percent="97" regionsoverflowed="0" regionsstable="3" regionsrebuilding="0"/>
  </mem-info>
</gc-start>
<allocation-stats totalBytes="83874752" >
  <allocated-bytes non-tlh="0" tlh="83874752" arrayletleaf="0"/>
  <largest-consumer threadName="Thread-8" threadId="0000000000DD1100" bytes="21361664" />
</allocation-stats>
<gc-op id="1660" type="copy forward" timems="2.079" contextid="1657" timestamp="2019-06-15T09:17:30.931">
  <memory-copied type="eden" objects="22580" bytes="817968" bytesdiscarded="61048" />
  <memory-copied type="other" objects="12605" bytes="577272" bytesdiscarded="19544" />
  <memory-cardclean objects="19" bytes="1872" />
  <regions eden="80" other="4" />
  <remembered-set-cleared processed="61877" cleared="540" durationms="0.229" />
  <stringconstants candidates="4597" cleared="0"  />
</gc-op>
<gc-op id="1661" type="classunload" timems="0.002" contextid="1657" timestamp="2019-06-15T09:17:30.931">
  <classunload-info classloadercandidates="8" classloadersunloaded="0" classesunloaded="0" anonymousclassesunloaded="0" quiescems="0.000" setupms="0.002" scanms="0.000" postms="0.000" />
</gc-op>
<heap-resize id="1662" type="contract" space="default" amount="5242880" count="1" timems="0.062" reason="excess free space following gc" timestamp="2019-06-15T09:17:30.931" />
<gc-end id="1663" type="partial gc" contextid="1657" durationms="3.930" usertimems="4.000" systemtimems="4.000" timestamp="2019-06-15T09:17:30.932" activeThreads="4">
  <mem-info id="1664" free="187695104" total="307232768" percent="61">
    <mem type="eden" free="169560" total="1048576" percent="16" />
    <arraylet-primitive objects="2" leaves="2" largest="1" />
    <remembered-set count="65440" freebytes="12211328" totalbytes="12473088" percent="97" regionsoverflowed="0" regionsstable="3" regionsrebuilding="0"/>
  </mem-info>
</gc-end>
<cycle-end id="1665" type="partial gc" contextid="1657" timestamp="2019-06-15T09:17:30.932" />
  <attribute name="elasticGC enabled" value="1" />
  <attribute name= "numThreadsSpecified" value="4" />
  <attribute name="heapSize specified" value="0" />
  <attribute name="Current GC Util" value="27" />
  <attribute name= "Current Time Running" value="5606" />
  <attribute name ="GC Interval" value="0" />
  <attribute name="ProportionalT" value="3.500000" />
  <attribute name="ProportionalI" value="3.500000" />
  <attribute name="ProportionalH" value="3.500000" />
  <attribute name="Current Error" value="7.000000" />
  <attribute name="IntegralT" value="7.000000" />
  <attribute name="IntegralI" value="7.000000" />
  <attribute name="IntegralH" value="7.000000" />
  <attribute name="DerivativeT" value="10.500000" />
  <attribute name="DerivativeI" value="10.500000" />
  <attribute name="DerivativeH" value="10.500000" />
  <attribute name="Loop Time for DT" value="1.000000" />
  <attribute name="Output H" value="8388608"/>
  <attribute name="Output I" value="200"/>
  <attribute name="Output T" value="4"/>
  <attribute name="Target GC Util Change" value ="20.000000" />
  <attribute name="Current GC Util Change" value="27.000000"/>
  <attribute name="GC Util currently" value="27" />
  <attribute name="CPU Util currently" value="4924726222552" />
<exclusive-end id="1666" timestamp="2019-06-15T09:17:30.932" durationms="4.935" />

<exclusive-start id="1667" timestamp="2019-06-15T09:17:30.959" intervalms="31.812">
  <response-info timems="0.032" idlems="0.032" threads="0" lastid="0000000000DC5D00" lastname="Thread-10" />
</exclusive-start>
<allocation-taxation id="1668" taxation-threshold="82837504" timestamp="2019-06-15T09:17:30.959" intervalms="31.909" />
<cycle-start id="1669" type="partial gc" contextid="0" timestamp="2019-06-15T09:17:30.959" intervalms="31.923" />
<gc-start id="1670" type="partial gc" contextid="1669" timestamp="2019-06-15T09:17:30.960">
  <mem-info id="1671" free="104857600" total="307232768" percent="34">
    <mem type="eden" free="0" total="82837504" percent="0" />
    <arraylet-primitive objects="2" leaves="2" largest="1" />
    <remembered-set count="65440" freebytes="12211328" totalbytes="12473088" percent="97" regionsoverflowed="0" regionsstable="3" regionsrebuilding="0"/>
  </mem-info>
</gc-start>
<allocation-stats totalBytes="82826600" >
  <allocated-bytes non-tlh="0" tlh="82826600" arrayletleaf="0"/>
  <largest-consumer threadName="Thread-7" threadId="0000000000DC9900" bytes="21030320" />
</allocation-stats>
<gc-op id="1672" type="copy forward" timems="3.458" contextid="1669" timestamp="2019-06-15T09:17:30.965">
  <memory-copied type="eden" objects="20545" bytes="906600" bytesdiscarded="0" />
  <memory-copied type="other" objects="8073" bytes="331128" bytesdiscarded="0" />
  <memory-cardclean objects="19" bytes="1872" />
  <regions eden="79" other="3" />
  <remembered-set-cleared processed="62170" cleared="833" durationms="0.614" />
  <stringconstants candidates="4597" cleared="0"  />
</gc-op>
<gc-op id="1673" type="classunload" timems="0.002" contextid="1669" timestamp="2019-06-15T09:17:30.965">
  <classunload-info classloadercandidates="8" classloadersunloaded="0" classesunloaded="0" anonymousclassesunloaded="0" quiescems="0.000" setupms="0.002" scanms="0.000" postms="0.000" />
</gc-op>
<gc-op id="1674" type="compact" timems="1.216" contextid="1669" timestamp="2019-06-15T09:17:30.966">
  <compact-info movecount="0" movebytes="0" />
  <remembered-set-cleared processed="124550" cleared="833" durationms="0.614" />
</gc-op>
<gc-end id="1675" type="partial gc" contextid="1669" durationms="6.796" usertimems="4.000" systemtimems="4.000" timestamp="2019-06-15T09:17:30.966" activeThreads="4">
  <mem-info id="1676" free="187695104" total="307232768" percent="61">
    <mem type="eden" free="141976" total="1048576" percent="13" />
    <arraylet-primitive objects="2" leaves="2" largest="1" />
    <remembered-set count="64960" freebytes="12003968" totalbytes="12263808" percent="97" regionsoverflowed="0" regionsstable="3" regionsrebuilding="0"/>
  </mem-info>
</gc-end>
<cycle-end id="1677" type="partial gc" contextid="1669" timestamp="2019-06-15T09:17:30.967" />
  <attribute name="elasticGC enabled" value="1" />
  <attribute name= "numThreadsSpecified" value="4" />
  <attribute name="heapSize specified" value="0" />
  <attribute name="Current GC Util" value="0" />
  <attribute name= "Current Time Running" value="5642" />
  <attribute name ="GC Interval" value="0" />
  <attribute name="ProportionalT" value="-10.000000" />
  <attribute name="ProportionalI" value="-10.000000" />
  <attribute name="ProportionalH" value="-10.000000" />
  <attribute name="Current Error" value="-20.000000" />
  <attribute name="IntegralT" value="-80.000000" />
  <attribute name="IntegralI" value="-80.000000" />
  <attribute name="IntegralH" value="-80.000000" />
  <attribute name="DerivativeT" value="-7.500000" />
  <attribute name="DerivativeI" value="-7.500000" />
  <attribute name="DerivativeH" value="-7.500000" />
  <attribute name="Loop Time for DT" value="4.000000" />
  <attribute name="Output H" value="2091843584"/>
  <attribute name="Output I" value="200"/>
  <attribute name="Output T" value="4"/>
  <attribute name="Target GC Util Change" value ="20.000000" />
  <attribute name="Current GC Util Change" value="0.000000"/>
  <attribute name="GC Util currently" value="0" />
  <attribute name="CPU Util currently" value="1188277815189" />
<exclusive-end id="1678" timestamp="2019-06-15T09:17:30.967" durationms="7.746" />

<exclusive-start id="1679" timestamp="2019-06-15T09:17:30.999" intervalms="40.094">
  <response-info timems="0.058" idlems="0.058" threads="0" lastid="0000000000DC9900" lastname="Thread-7" />
</exclusive-start>
<allocation-taxation id="1680" taxation-threshold="82837504" timestamp="2019-06-15T09:17:30.999" intervalms="40.047" />
<cycle-start id="1681" type="partial gc" contextid="0" timestamp="2019-06-15T09:17:30.999" intervalms="40.086" />
<gc-start id="1682" type="partial gc" contextid="1681" timestamp="2019-06-15T09:17:31.000">
  <mem-info id="1683" free="104857600" total="307232768" percent="34">
    <mem type="eden" free="0" total="82837504" percent="0" />
    <arraylet-primitive objects="2" leaves="2" largest="1" />
    <remembered-set count="64960" freebytes="12003968" totalbytes="12263808" percent="97" regionsoverflowed="0" regionsstable="3" regionsrebuilding="0"/>
  </mem-info>
</gc-start>
<allocation-stats totalBytes="82826360" >
  <allocated-bytes non-tlh="0" tlh="82826360" arrayletleaf="0"/>
  <largest-consumer threadName="Thread-7" threadId="0000000000DC9900" bytes="24269520" />
</allocation-stats>
<gc-op id="1684" type="copy forward" timems="1.930" contextid="1681" timestamp="2019-06-15T09:17:31.002">
  <memory-copied type="eden" objects="6575" bytes="295312" bytesdiscarded="0" />
  <memory-copied type="other" objects="0" bytes="0" bytesdiscarded="0" />
  <memory-cardclean objects="19" bytes="1872" />
  <regions eden="79" other="3" />
  <remembered-set-cleared processed="61905" cleared="560" durationms="0.665" />
  <stringconstants candidates="4597" cleared="0"  />
</gc-op>
<gc-op id="1685" type="classunload" timems="0.003" contextid="1681" timestamp="2019-06-15T09:17:31.003">
  <classunload-info classloadercandidates="8" classloadersunloaded="0" classesunloaded="0" anonymousclassesunloaded="0" quiescems="0.000" setupms="0.002" scanms="0.000" postms="0.000" />
</gc-op>
<gc-op id="1686" type="compact" timems="1.127" contextid="1681" timestamp="2019-06-15T09:17:31.004">
  <compact-info movecount="0" movebytes="0" />
  <remembered-set-cleared processed="123390" cleared="560" durationms="0.665" />
</gc-op>
<heap-resize id="1687" type="contract" space="default" amount="5242880" count="1" timems="0.067" reason="excess free space following gc" timestamp="2019-06-15T09:17:31.004" />
<gc-end id="1688" type="partial gc" contextid="1681" durationms="4.787" usertimems="4.000" systemtimems="4.000" timestamp="2019-06-15T09:17:31.004" activeThreads="4">
  <mem-info id="1689" free="184549376" total="301989888" percent="61">
    <mem type="eden" free="753264" total="1048576" percent="71" />
    <arraylet-primitive objects="2" leaves="2" largest="1" />
    <remembered-set count="64096" freebytes="12007424" totalbytes="12263808" percent="97" regionsoverflowed="0" regionsstable="3" regionsrebuilding="0"/>
  </mem-info>
</gc-end>
<cycle-end id="1690" type="partial gc" contextid="1681" timestamp="2019-06-15T09:17:31.005" />
  <attribute name="elasticGC enabled" value="1" />
  <attribute name= "numThreadsSpecified" value="4" />
  <attribute name="heapSize specified" value="0" />
  <attribute name="Current GC Util" value="0" />
  <attribute name= "Current Time Running" value="5679" />
  <attribute name ="GC Interval" value="0" />
  <attribute name="ProportionalT" value="-10.000000" />
  <attribute name="ProportionalI" value="-10.000000" />
  <attribute name="ProportionalH" value="-10.000000" />
  <attribute name="Current Error" value="-20.000000" />
  <attribute name="IntegralT" value="-40.000000" />
  <attribute name="IntegralI" value="-40.000000" />
  <attribute name="IntegralH" value="-40.000000" />
  <attribute name="DerivativeT" value="-47.250000" />
  <attribute name="DerivativeI" value="-47.250000" />
  <attribute name="DerivativeH" value="-47.250000" />
  <attribute name="Loop Time for DT" value="2.000000" />
  <attribute name="Output H" value="2091843584"/>
  <attribute name="Output I" value="200"/>
  <attribute name="Output T" value="4"/>
  <attribute name="Target GC Util Change" value ="20.000000" />
  <attribute name="Current GC Util Change" value="0.000000"/>
  <attribute name="GC Util currently" value="0" />
  <attribute name="CPU Util currently" value="1946013438970" />
<exclusive-end id="1691" timestamp="2019-06-15T09:17:31.005" durationms="5.843" />

</verbosegc>

