<?xml version="1.0" ?>

<verbosegc xmlns="http://www.ibm.com/j9/verbosegc" version="10b4217_CMPRSS">

<initialized id="1" timestamp="2019-06-15T00:42:20.577">
  <attribute name="gcPolicy" value="-Xgcpolicy:balanced" />
  <attribute name="elasticGC enabled" value="1" />
  <attribute name= "numThreadsSpecified" value="0" />
  <attribute name="heapSize specified" value="0" />
  <attribute name="Current GC Util" value="0" />
  <attribute name= "Current Time Running" value="0" />
  <attribute name ="GC Interval" value="0" />
  <attribute name="ProportionalT" value="0.000000" />
  <attribute name="ProportionalI" value="0.000000" />
  <attribute name="ProportionalH" value="0.000000" />
  <attribute name="IntegralT" value="0.000000" />
  <attribute name="IntegralI" value="0.000000" />
  <attribute name="IntegralH" value="0.000000" />
  <attribute name="DerivativeT" value="0.000000" />
  <attribute name="DerivativeI" value="0.000000" />
  <attribute name="DerivativeH" value="0.000000" />
  <attribute name="Target GC Util Change" value ="0.000000" />
  <attribute name="Current GC Util Change" value="0.000000"/>
  <attribute name="Current Error" value="0.000000" />
  <attribute name="Loop Time for DT" value="0.000000" />
  <attribute name="Output H" value="0"/>
  <attribute name="Output I" value="0"/>
  <attribute name="Output T" value="0"/>
  <attribute name="GC Util currently" value="0" />
  <attribute name="CPU Util currently" value="0" />
  <attribute name="maxHeapSize" value="0x7cb00000" />
  <attribute name="initialHeapSize" value="0x800000" />
  <attribute name="compressedRefs" value="true" />
  <attribute name="compressedRefsDisplacement" value="0x0" />
  <attribute name="compressedRefsShift" value="0x0" />
  <attribute name="pageSize" value="0x1000" />
  <attribute name="pageType" value="not used" />
  <attribute name="requestedPageSize" value="0x1000" />
  <attribute name="requestedPageType" value="not used" />
  <attribute name="gcthreads" value="4" />
  <attribute name="packetListSplit" value="4" />
  <attribute name="cacheListSplit" value="4" />
  <attribute name="splitFreeListSplitAmount" value="1" />
  <attribute name="numaNodes" value="0" />
  <region>
    <attribute name="regionSize" value="1048576" />
    <attribute name="regionCount" value="1995" />
    <attribute name="arrayletLeafSize" value="1048576" />
  </region>
  <system>
    <attribute name="physicalMemory" value="8370958336" />
    <attribute name="numCPUs" value="4" />
    <attribute name="architecture" value="amd64" />
    <attribute name="os" value="Linux" />
    <attribute name="osVersion" value="4.4.0-150-generic" />
  </system>
  <vmargs>
    <vmarg name="-Xoptionsfile=/vagrant/jdk/lib/options.default" />
    <vmarg name="-Xlockword:mode=default,noLockword=java/lang/String,noLockword=java/util/MapEntry,noLockword=java/util/HashMap$Entry,noLockword..." />
    <vmarg name="-Xjcl:jclse29" />
    <vmarg name="-Dcom.ibm.oti.vm.bootstrap.library.path=/vagrant/jdk/lib/compressedrefs:/vagrant/jdk/lib" />
    <vmarg name="-Dsun.boot.library.path=/vagrant/jdk/lib/compressedrefs:/vagrant/jdk/lib" />
    <vmarg name="-Djava.library.path=/vagrant/jdk/lib/compressedrefs:/vagrant/jdk/lib:/usr/lib64:/usr/lib" />
    <vmarg name="-Djava.home=/vagrant/jdk" />
    <vmarg name="-Duser.dir=/vagrant" />
    <vmarg name="-Xgcpolicy:balanced" />
    <vmarg name="-Xgcelastic" />
    <vmarg name="-Xcheck:gc:::elasticGC" />
    <vmarg name="-verbose:gc" />
    <vmarg name="-Xloggc:jdk0.5-1-1-default-BAL-4CORE-elasticverbose1jython.txt" />
    <vmarg name="-Djava.class.path=dacapo-9.12-MR1-bach.jar" />
    <vmarg name="-Dsun.java.command=dacapo-9.12-MR1-bach.jar jython --size=default" />
    <vmarg name="-Dsun.java.launcher=SUN_STANDARD" />
    <vmarg name="-Dsun.java.launcher.pid=18939" />
  </vmargs>
</initialized>

<exclusive-start id="2" timestamp="2019-06-15T00:43:00.802" intervalms="40224.518">
  <response-info timems="0.183" idlems="0.183" threads="0" lastid="000000000120C700" lastname="main" />
</exclusive-start>
<allocation-taxation id="3" taxation-threshold="8388608" timestamp="2019-06-15T00:43:00.804" intervalms="40226.615" />
<cycle-start id="4" type="partial gc" contextid="0" timestamp="2019-06-15T00:43:00.806" intervalms="40229.488" />
<gc-start id="5" type="partial gc" contextid="4" timestamp="2019-06-15T00:43:00.809">
  <mem-info id="6" free="0" total="8388608" percent="0">
    <mem type="eden" free="32" total="8388608" percent="0" />
    <remembered-set count="0" freebytes="334848" totalbytes="334848" percent="100" regionsoverflowed="0" regionsstable="0" regionsrebuilding="0"/>
  </mem-info>
</gc-start>
<allocation-stats totalBytes="8327232" >
  <allocated-bytes non-tlh="357688" tlh="7969544" arrayletleaf="0"/>
  <largest-consumer threadName="main" threadId="000000000120C700" bytes="8212040" />
</allocation-stats>
<gc-op id="7" type="mark" timems="15.668" contextid="4" timestamp="2019-06-15T00:43:00.835">
  <trace-info objectcount="17736" scancount="14046" scanbytes="461596" />
  <remembered-set-cleared processed="0" cleared="0" durationms="1.018" />
  <finalization candidates="14" enqueued="1" />
  <references type="soft" candidates="64" cleared="0" enqueued="0" dynamicThreshold="32" maxThreshold="32" />
  <references type="weak" candidates="548" cleared="401" enqueued="362" />
  <references type="phantom" candidates="106" cleared="44" enqueued="44" />
  <stringconstants candidates="2406" cleared="0"  />
  <warning details="Mark for calibration purposes" />
</gc-op>
<gc-op id="8" type="classunload" timems="0.274" contextid="4" timestamp="2019-06-15T00:43:00.836">
  <classunload-info classloadercandidates="5" classloadersunloaded="0" classesunloaded="0" anonymousclassesunloaded="0" quiescems="0.000" setupms="0.273" scanms="0.000" postms="0.000" />
</gc-op>
<gc-op id="9" type="sweep" timems="4.585" contextid="4" timestamp="2019-06-15T00:43:00.842" />
<gc-op id="10" type="compact" timems="17.862" contextid="4" timestamp="2019-06-15T00:43:00.862">
  <compact-info movecount="17736" movebytes="966144" />
  <remembered-set-cleared processed="0" cleared="0" durationms="1.018" />
</gc-op>
<gc-end id="11" type="partial gc" contextid="4" durationms="56.384" usertimems="24.000" systemtimems="40.000" timestamp="2019-06-15T00:43:00.865" activeThreads="4">
  <mem-info id="12" free="7340032" total="8388608" percent="87">
    <mem type="eden" free="82432" total="1048576" percent="7" />
    <pending-finalizers system="1" default="0" reference="406" classloader="0" />
    <remembered-set count="0" freebytes="334848" totalbytes="334848" percent="100" regionsoverflowed="0" regionsstable="0" regionsrebuilding="0"/>
  </mem-info>
</gc-end>
<cycle-end id="13" type="partial gc" contextid="4" timestamp="2019-06-15T00:43:00.865" />
  <attribute name="elasticGC enabled" value="1" />
  <attribute name= "numThreadsSpecified" value="4" />
  <attribute name="heapSize specified" value="0" />
  <attribute name="Current GC Util" value="57" />
  <attribute name= "Current Time Running" value="40155" />
  <attribute name ="GC Interval" value="0" />
  <attribute name="ProportionalT" value="18.500000" />
  <attribute name="ProportionalI" value="18.500000" />
  <attribute name="ProportionalH" value="18.500000" />
  <attribute name="Current Error" value="37.000000" />
  <attribute name="IntegralT" value="-800487.000000" />
  <attribute name="IntegralI" value="-800487.000000" />
  <attribute name="IntegralH" value="-800487.000000" />
  <attribute name="DerivativeT" value="-6.000000" />
  <attribute name="DerivativeI" value="-6.000000" />
  <attribute name="DerivativeH" value="-6.000000" />
  <attribute name="Loop Time for DT" value="8.000000" />
  <attribute name="Output H" value="2091843584"/>
  <attribute name="Output I" value="200"/>
  <attribute name="Output T" value="4"/>
  <attribute name="Target GC Util Change" value ="20.000000" />
  <attribute name="Current GC Util Change" value="57.000000"/>
  <attribute name="GC Util currently" value="57" />
  <attribute name="CPU Util currently" value="632854321756" />
<exclusive-end id="14" timestamp="2019-06-15T00:43:00.866" durationms="64.380" />

<exclusive-start id="15" timestamp="2019-06-15T00:43:19.343" intervalms="18541.660">
  <response-info timems="0.028" idlems="0.028" threads="0" lastid="000000000120C700" lastname="main" />
</exclusive-start>
<allocation-taxation id="16" taxation-threshold="7340032" timestamp="2019-06-15T00:43:19.343" intervalms="18539.690" />
<cycle-start id="17" type="partial gc" contextid="0" timestamp="2019-06-15T00:43:19.343" intervalms="18536.928" />
<gc-start id="18" type="partial gc" contextid="17" timestamp="2019-06-15T00:43:19.344">
  <mem-info id="19" free="0" total="8388608" percent="0">
    <mem type="eden" free="0" total="7340032" percent="0" />
    <remembered-set count="0" freebytes="334848" totalbytes="334848" percent="100" regionsoverflowed="0" regionsstable="0" regionsrebuilding="0"/>
  </mem-info>
</gc-start>
<allocation-stats totalBytes="7332144" >
  <allocated-bytes non-tlh="543000" tlh="6789144" arrayletleaf="0"/>
  <largest-consumer threadName="main" threadId="000000000120C700" bytes="7323864" />
</allocation-stats>
<gc-op id="20" type="mark" timems="3.044" contextid="17" timestamp="2019-06-15T00:43:19.347">
  <trace-info objectcount="18987" scancount="15049" scanbytes="510684" />
  <remembered-set-cleared processed="0" cleared="0" durationms="0.051" />
  <finalization candidates="22" enqueued="0" />
  <ownableSynchronizers candidates="16" cleared="0" />
  <references type="soft" candidates="68" cleared="0" enqueued="0" dynamicThreshold="28" maxThreshold="32" />
  <references type="weak" candidates="683" cleared="361" enqueued="253" />
  <references type="phantom" candidates="89" cleared="2" enqueued="2" />
  <stringconstants candidates="2591" cleared="0"  />
  <warning details="Mark invoked due to insufficient free space for Copy-Forward" />
</gc-op>
<gc-op id="21" type="classunload" timems="0.001" contextid="17" timestamp="2019-06-15T00:43:19.347">
  <classunload-info classloadercandidates="6" classloadersunloaded="0" classesunloaded="0" anonymousclassesunloaded="0" quiescems="0.000" setupms="0.001" scanms="0.000" postms="0.000" />
</gc-op>
<gc-op id="22" type="sweep" timems="1.160" contextid="17" timestamp="2019-06-15T00:43:19.349" />
<gc-op id="23" type="compact" timems="5.194" contextid="17" timestamp="2019-06-15T00:43:19.354">
  <compact-info movecount="18590" movebytes="1483776" />
  <remembered-set-cleared processed="0" cleared="0" durationms="0.051" />
</gc-op>
<gc-end id="24" type="partial gc" contextid="17" durationms="10.772" usertimems="12.000" systemtimems="0.000" timestamp="2019-06-15T00:43:19.354" activeThreads="4">
  <mem-info id="25" free="6291456" total="8388608" percent="75">
    <mem type="eden" free="327320" total="1048576" percent="31" />
    <pending-finalizers system="0" default="0" reference="255" classloader="0" />
    <remembered-set count="1536" freebytes="328704" totalbytes="334848" percent="98" regionsoverflowed="0" regionsstable="0" regionsrebuilding="0"/>
  </mem-info>
</gc-end>
<cycle-end id="26" type="partial gc" contextid="17" timestamp="2019-06-15T00:43:19.355" />
  <attribute name="elasticGC enabled" value="1" />
  <attribute name= "numThreadsSpecified" value="4" />
  <attribute name="heapSize specified" value="0" />
  <attribute name="Current GC Util" value="108" />
  <attribute name= "Current Time Running" value="58659" />
  <attribute name ="GC Interval" value="0" />
  <attribute name="ProportionalT" value="44.000000" />
  <attribute name="ProportionalI" value="44.000000" />
  <attribute name="ProportionalH" value="44.000000" />
  <attribute name="Current Error" value="88.000000" />
  <attribute name="IntegralT" value="88.000000" />
  <attribute name="IntegralI" value="88.000000" />
  <attribute name="IntegralH" value="88.000000" />
  <attribute name="DerivativeT" value="-43.000000" />
  <attribute name="DerivativeI" value="-43.000000" />
  <attribute name="DerivativeH" value="-43.000000" />
  <attribute name="Loop Time for DT" value="1.000000" />
  <attribute name="Output H" value="8388608"/>
  <attribute name="Output I" value="200"/>
  <attribute name="Output T" value="4"/>
  <attribute name="Target GC Util Change" value ="20.000000" />
  <attribute name="Current GC Util Change" value="108.000000"/>
  <attribute name="GC Util currently" value="108" />
  <attribute name="CPU Util currently" value="3110724241449" />
<exclusive-end id="27" timestamp="2019-06-15T00:43:19.355" durationms="11.772" />

<exclusive-start id="28" timestamp="2019-06-15T00:43:19.473" intervalms="129.803">
  <response-info timems="0.065" idlems="0.065" threads="0" lastid="000000000120C700" lastname="main" />
</exclusive-start>
<allocation-taxation id="29" taxation-threshold="3145728" timestamp="2019-06-15T00:43:19.473" intervalms="129.789" />
<cycle-start id="30" type="global mark phase" contextid="0" timestamp="2019-06-15T00:43:19.473" intervalms="58896.401" />
<gc-start id="31" type="global mark phase" contextid="30" timestamp="2019-06-15T00:43:19.473">
  <mem-info id="32" free="3145728" total="8388608" percent="37">
    <remembered-set count="1536" freebytes="328704" totalbytes="334848" percent="98" regionsoverflowed="0" regionsstable="0" regionsrebuilding="0"/>
  </mem-info>
</gc-start>
<gc-op id="33" type="mark increment" timems="1.610" contextid="30" timestamp="2019-06-15T00:43:19.475">
  <trace-info objectcount="115" scancount="0" scanbytes="0" />
</gc-op>
<gc-end id="34" type="global mark phase" contextid="30" durationms="1.723" usertimems="4.000" systemtimems="0.000" timestamp="2019-06-15T00:43:19.475" activeThreads="4">
  <mem-info id="35" free="3145728" total="8388608" percent="37">
    <remembered-set count="1536" freebytes="328704" totalbytes="334848" percent="98" regionsoverflowed="0" regionsstable="0" regionsrebuilding="0"/>
  </mem-info>
</gc-end>
<concurrent-start id="36" type="GMP work packet processing" contextid="30" timestamp="2019-06-15T00:43:19.475">
  <concurrent-mark-start scanTarget="18446744073709551615" />
</concurrent-start>
<exclusive-end id="37" timestamp="2019-06-15T00:43:19.475" durationms="2.362" />

<concurrent-end id="38" type="GMP work packet processing" contextid="30" timestamp="2019-06-15T00:43:19.477">
  <concurrent-mark-end bytesScanned="752492" reasonForTermination="Completed all work in GC phase" />
</concurrent-end>

<exclusive-start id="39" timestamp="2019-06-15T00:43:19.574" intervalms="100.641">
  <response-info timems="0.026" idlems="0.026" threads="0" lastid="000000000120C700" lastname="main" />
</exclusive-start>
<allocation-taxation id="40" taxation-threshold="3145728" timestamp="2019-06-15T00:43:19.574" intervalms="100.603" />
<cycle-start id="41" type="partial gc" contextid="0" timestamp="2019-06-15T00:43:19.574" intervalms="230.356" />
<gc-start id="42" type="partial gc" contextid="41" timestamp="2019-06-15T00:43:19.574">
  <mem-info id="43" free="0" total="8388608" percent="0">
    <mem type="eden" free="0" total="6291456" percent="0" />
    <remembered-set count="1536" freebytes="328704" totalbytes="334848" percent="98" regionsoverflowed="0" regionsstable="0" regionsrebuilding="0"/>
  </mem-info>
</gc-start>
<allocation-stats totalBytes="6286552" >
  <allocated-bytes non-tlh="267024" tlh="6019528" arrayletleaf="0"/>
  <largest-consumer threadName="main" threadId="000000000120C700" bytes="3143920" />
</allocation-stats>
<gc-op id="44" type="mark" timems="4.259" contextid="41" timestamp="2019-06-15T00:43:19.579">
  <trace-info objectcount="19508" scancount="15497" scanbytes="517032" />
  <cardclean-info objects="771" bytes="34920" />
  <remembered-set-cleared processed="200" cleared="200" durationms="0.148" />
  <finalization candidates="50" enqueued="1" />
  <ownableSynchronizers candidates="17" cleared="0" />
  <references type="soft" candidates="358" cleared="0" enqueued="0" dynamicThreshold="12" maxThreshold="32" />
  <references type="weak" candidates="1240" cleared="153" enqueued="139" />
  <references type="phantom" candidates="41" cleared="4" enqueued="4" />
  <stringconstants candidates="4531" cleared="0"  />
  <warning details="Mark invoked due to insufficient free space for Copy-Forward" />
</gc-op>
<gc-op id="45" type="classunload" timems="0.002" contextid="41" timestamp="2019-06-15T00:43:19.579">
  <classunload-info classloadercandidates="10" classloadersunloaded="0" classesunloaded="0" anonymousclassesunloaded="0" quiescems="0.000" setupms="0.002" scanms="0.000" postms="0.000" />
</gc-op>
<gc-op id="46" type="sweep" timems="0.315" contextid="41" timestamp="2019-06-15T00:43:19.579" />
<gc-op id="47" type="compact" timems="5.000" contextid="41" timestamp="2019-06-15T00:43:19.584">
  <compact-info movecount="19373" movebytes="983272" />
  <remembered-set-cleared processed="3187" cleared="3187" durationms="0.148" />
</gc-op>
<gc-end id="48" type="partial gc" contextid="41" durationms="10.884" usertimems="16.000" systemtimems="0.000" timestamp="2019-06-15T00:43:19.585" activeThreads="4">
  <mem-info id="49" free="5242880" total="8388608" percent="62">
    <mem type="eden" free="402280" total="1048576" percent="38" />
    <pending-finalizers system="1" default="0" reference="143" classloader="0" />
    <remembered-set count="3072" freebytes="322560" totalbytes="334848" percent="96" regionsoverflowed="0" regionsstable="0" regionsrebuilding="0"/>
  </mem-info>
</gc-end>
<cycle-end id="50" type="partial gc" contextid="41" timestamp="2019-06-15T00:43:19.585" />
  <attribute name="elasticGC enabled" value="1" />
  <attribute name= "numThreadsSpecified" value="4" />
  <attribute name="heapSize specified" value="0" />
  <attribute name="Current GC Util" value="26" />
  <attribute name= "Current Time Running" value="58890" />
  <attribute name ="GC Interval" value="0" />
  <attribute name="ProportionalT" value="3.000000" />
  <attribute name="ProportionalI" value="3.000000" />
  <attribute name="ProportionalH" value="3.000000" />
  <attribute name="Current Error" value="6.000000" />
  <attribute name="IntegralT" value="6.000000" />
  <attribute name="IntegralI" value="6.000000" />
  <attribute name="IntegralH" value="6.000000" />
  <attribute name="DerivativeT" value="-87.000000" />
  <attribute name="DerivativeI" value="-87.000000" />
  <attribute name="DerivativeH" value="-87.000000" />
  <attribute name="Loop Time for DT" value="1.000000" />
  <attribute name="Output H" value="2091843584"/>
  <attribute name="Output I" value="200"/>
  <attribute name="Output T" value="4"/>
  <attribute name="Target GC Util Change" value ="20.000000" />
  <attribute name="Current GC Util Change" value="26.000000"/>
  <attribute name="GC Util currently" value="26" />
  <attribute name="CPU Util currently" value="8817502396981" />
<exclusive-end id="51" timestamp="2019-06-15T00:43:19.585" durationms="11.667" />

<exclusive-start id="52" timestamp="2019-06-15T00:43:22.232" intervalms="2658.176">
  <response-info timems="0.026" idlems="0.026" threads="0" lastid="000000000120C700" lastname="main" />
</exclusive-start>
<allocation-taxation id="53" taxation-threshold="2097152" timestamp="2019-06-15T00:43:22.232" intervalms="2658.191" />
<gc-start id="54" type="global mark phase" contextid="30" timestamp="2019-06-15T00:43:22.232">
  <mem-info id="55" free="3145728" total="8388608" percent="37">
    <remembered-set count="3072" freebytes="322560" totalbytes="334848" percent="96" regionsoverflowed="0" regionsstable="0" regionsrebuilding="0"/>
  </mem-info>
</gc-start>
<gc-op id="56" type="mark increment" timems="4.922" contextid="30" timestamp="2019-06-15T00:43:22.237">
  <trace-info objectcount="22547" scancount="18240" scanbytes="620864" />
  <cardclean-info objects="1231" bytes="58412" />
  <finalization candidates="62" enqueued="0" />
  <ownableSynchronizers candidates="17" cleared="0" />
  <references type="soft" candidates="585" cleared="0" enqueued="0" dynamicThreshold="20" maxThreshold="32" />
  <references type="weak" candidates="1419" cleared="12" enqueued="12" />
  <references type="phantom" candidates="97" cleared="2" enqueued="2" />
  <stringconstants candidates="4884" cleared="0"  />
</gc-op>
<gc-op id="57" type="classunload" timems="0.003" contextid="30" timestamp="2019-06-15T00:43:22.237">
  <classunload-info classloadercandidates="10" classloadersunloaded="0" classesunloaded="0" anonymousclassesunloaded="0" quiescems="0.000" setupms="0.003" scanms="0.000" postms="0.000" />
</gc-op>
<gc-end id="58" type="global mark phase" contextid="30" durationms="5.206" usertimems="8.000" systemtimems="0.000" timestamp="2019-06-15T00:43:22.237" activeThreads="4">
  <mem-info id="59" free="3145728" total="8388608" percent="37">
    <pending-finalizers system="0" default="0" reference="14" classloader="0" />
    <remembered-set count="3072" freebytes="322560" totalbytes="334848" percent="96" regionsoverflowed="0" regionsstable="0" regionsrebuilding="0"/>
  </mem-info>
</gc-end>
<cycle-end id="60" type="global mark phase" contextid="30" timestamp="2019-06-15T00:43:22.237" />
  <attribute name="elasticGC enabled" value="1" />
  <attribute name= "numThreadsSpecified" value="4" />
  <attribute name="heapSize specified" value="0" />
  <attribute name="Current GC Util" value="108" />
  <attribute name= "Current Time Running" value="61545" />
  <attribute name ="GC Interval" value="0" />
  <attribute name="ProportionalT" value="44.000000" />
  <attribute name="ProportionalI" value="44.000000" />
  <attribute name="ProportionalH" value="44.000000" />
  <attribute name="Current Error" value="88.000000" />
  <attribute name="IntegralT" value="88.000000" />
  <attribute name="IntegralI" value="88.000000" />
  <attribute name="IntegralH" value="88.000000" />
  <attribute name="DerivativeT" value="28.000000" />
  <attribute name="DerivativeI" value="28.000000" />
  <attribute name="DerivativeH" value="28.000000" />
  <attribute name="Loop Time for DT" value="1.000000" />
  <attribute name="Output H" value="8388608"/>
  <attribute name="Output I" value="200"/>
  <attribute name="Output T" value="4"/>
  <attribute name="Target GC Util Change" value ="20.000000" />
  <attribute name="Current GC Util Change" value="108.000000"/>
  <attribute name="GC Util currently" value="108" />
  <attribute name="CPU Util currently" value="3417364845487" />
<exclusive-end id="61" timestamp="2019-06-15T00:43:22.237" durationms="5.713" />

<exclusive-start id="62" timestamp="2019-06-15T00:43:22.284" intervalms="52.217">
  <response-info timems="0.024" idlems="0.024" threads="0" lastid="000000000120C700" lastname="main" />
</exclusive-start>
<allocation-taxation id="63" taxation-threshold="2097152" timestamp="2019-06-15T00:43:22.284" intervalms="52.204" />
<cycle-start id="64" type="partial gc" contextid="0" timestamp="2019-06-15T00:43:22.284" intervalms="2710.391" />
<gc-start id="65" type="partial gc" contextid="64" timestamp="2019-06-15T00:43:22.284">
  <mem-info id="66" free="1048576" total="8388608" percent="12">
    <mem type="eden" free="0" total="4194304" percent="0" />
    <remembered-set count="3072" freebytes="322560" totalbytes="334848" percent="96" regionsoverflowed="0" regionsstable="0" regionsrebuilding="0"/>
  </mem-info>
</gc-start>
<allocation-stats totalBytes="4161224" >
  <allocated-bytes non-tlh="77192" tlh="4084032" arrayletleaf="0"/>
  <largest-consumer threadName="main" threadId="000000000120C700" bytes="2076680" />
</allocation-stats>
<gc-op id="67" type="sweep" timems="1.592" contextid="64" timestamp="2019-06-15T00:43:22.286" />
<gc-op id="68" type="copy forward" timems="5.397" contextid="64" timestamp="2019-06-15T00:43:22.292">
  <memory-copied type="eden" objects="731" bytes="50640" bytesdiscarded="2831" />
  <memory-copied type="other" objects="20434" bytes="769120" bytesdiscarded="37617" />
  <memory-cardclean objects="662" bytes="34352" />
  <memory-traced type="eden" objects="980" bytes="53920" />
  <memory-traced type="other" objects="0" bytes="0" />
  <regions eden="2" other="3" evacuated="4" marked="1" />
  <remembered-set-cleared processed="1511" cleared="1389" durationms="0.115" />
  <finalization candidates="43" enqueued="0" />
  <ownableSynchronizers candidates="1" cleared="0" />
  <references type="soft" candidates="562" cleared="0" enqueued="0" dynamicThreshold="12" maxThreshold="32" />
  <references type="weak" candidates="1206" cleared="0" enqueued="0" />
  <references type="phantom" candidates="10" cleared="0" enqueued="0" />
  <stringconstants candidates="5071" cleared="0"  />
  <heap-resize type="expand" space="default" amount="1048576" count="1" timems="0.163" reason="continue current collection" />
</gc-op>
<gc-op id="69" type="classunload" timems="0.002" contextid="64" timestamp="2019-06-15T00:43:22.293">
  <classunload-info classloadercandidates="10" classloadersunloaded="0" classesunloaded="0" anonymousclassesunloaded="0" quiescems="0.000" setupms="0.002" scanms="0.000" postms="0.000" />
</gc-op>
<gc-op id="70" type="compact" timems="0.999" contextid="64" timestamp="2019-06-15T00:43:22.294">
  <compact-info movecount="1371" movebytes="104088" />
  <remembered-set-cleared processed="4137" cleared="2037" durationms="0.115" />
</gc-op>
<gc-end id="71" type="partial gc" contextid="64" durationms="10.126" usertimems="12.000" systemtimems="0.000" timestamp="2019-06-15T00:43:22.294" activeThreads="4">
  <mem-info id="72" free="4194304" total="9437184" percent="44">
    <mem type="eden" free="1779208" total="2097152" percent="84" />
    <remembered-set count="3712" freebytes="361856" totalbytes="376704" percent="96" regionsoverflowed="0" regionsstable="0" regionsrebuilding="0"/>
  </mem-info>
</gc-end>
<cycle-end id="73" type="partial gc" contextid="64" timestamp="2019-06-15T00:43:22.295" />
  <attribute name="elasticGC enabled" value="1" />
  <attribute name= "numThreadsSpecified" value="4" />
  <attribute name="heapSize specified" value="0" />
  <attribute name="Current GC Util" value="108" />
  <attribute name= "Current Time Running" value="61604" />
  <attribute name ="GC Interval" value="0" />
  <attribute name="ProportionalT" value="44.000000" />
  <attribute name="ProportionalI" value="44.000000" />
  <attribute name="ProportionalH" value="44.000000" />
  <attribute name="Current Error" value="88.000000" />
  <attribute name="IntegralT" value="528.000000" />
  <attribute name="IntegralI" value="528.000000" />
  <attribute name="IntegralH" value="528.000000" />
  <attribute name="DerivativeT" value="5.833333" />
  <attribute name="DerivativeI" value="5.833333" />
  <attribute name="DerivativeH" value="5.833333" />
  <attribute name="Loop Time for DT" value="6.000000" />
  <attribute name="Output H" value="8388608"/>
  <attribute name="Output I" value="584"/>
  <attribute name="Output T" value="4"/>
  <attribute name="Target GC Util Change" value ="20.000000" />
  <attribute name="Current GC Util Change" value="108.000000"/>
  <attribute name="GC Util currently" value="108" />
  <attribute name="CPU Util currently" value="767622312022" />
<exclusive-end id="74" timestamp="2019-06-15T00:43:22.295" durationms="10.906" />

<exclusive-start id="75" timestamp="2019-06-15T00:43:22.360" intervalms="76.307">
  <response-info timems="0.033" idlems="0.033" threads="0" lastid="000000000120C700" lastname="main" />
</exclusive-start>
<allocation-taxation id="76" taxation-threshold="2097152" timestamp="2019-06-15T00:43:22.360" intervalms="76.314" />
<cycle-start id="77" type="global mark phase" contextid="0" timestamp="2019-06-15T00:43:22.360" intervalms="2887.075" />
<gc-start id="78" type="global mark phase" contextid="77" timestamp="2019-06-15T00:43:22.360">
  <mem-info id="79" free="2097152" total="9437184" percent="22">
    <remembered-set count="3360" freebytes="363264" totalbytes="376704" percent="96" regionsoverflowed="0" regionsstable="0" regionsrebuilding="0"/>
  </mem-info>
</gc-start>
<gc-op id="80" type="mark increment" timems="0.417" contextid="77" timestamp="2019-06-15T00:43:22.361">
  <trace-info objectcount="131" scancount="0" scanbytes="0" />
</gc-op>
<gc-end id="81" type="global mark phase" contextid="77" durationms="0.535" usertimems="0.000" systemtimems="0.000" timestamp="2019-06-15T00:43:22.361" activeThreads="1">
  <mem-info id="82" free="2097152" total="9437184" percent="22">
    <remembered-set count="3360" freebytes="363264" totalbytes="376704" percent="96" regionsoverflowed="0" regionsstable="0" regionsrebuilding="0"/>
  </mem-info>
</gc-end>
<concurrent-start id="83" type="GMP work packet processing" contextid="77" timestamp="2019-06-15T00:43:22.361">
  <concurrent-mark-start scanTarget="18446744073709551615" />
</concurrent-start>
<exclusive-end id="84" timestamp="2019-06-15T00:43:22.361" durationms="0.911" />

<concurrent-end id="85" type="GMP work packet processing" contextid="77" timestamp="2019-06-15T00:43:22.364">
  <concurrent-mark-end bytesScanned="1170068" reasonForTermination="Completed all work in GC phase" />
</concurrent-end>

<exclusive-start id="86" timestamp="2019-06-15T00:43:22.464" intervalms="104.057">
  <response-info timems="0.032" idlems="0.032" threads="0" lastid="0000000001973900" lastname="process reaper" />
</exclusive-start>
<allocation-taxation id="87" taxation-threshold="2097152" timestamp="2019-06-15T00:43:22.464" intervalms="104.084" />
<cycle-start id="88" type="partial gc" contextid="0" timestamp="2019-06-15T00:43:22.464" intervalms="180.432" />
<gc-start id="89" type="partial gc" contextid="88" timestamp="2019-06-15T00:43:22.465">
  <mem-info id="90" free="0" total="9437184" percent="0">
    <mem type="eden" free="942400" total="5242880" percent="17" />
    <remembered-set count="3360" freebytes="363264" totalbytes="376704" percent="96" regionsoverflowed="0" regionsstable="0" regionsrebuilding="0"/>
  </mem-info>
</gc-start>
<allocation-stats totalBytes="4178584" >
  <allocated-bytes non-tlh="126056" tlh="4052528" arrayletleaf="0"/>
  <largest-consumer threadName="main" threadId="000000000120C700" bytes="2081480" />
</allocation-stats>
<gc-op id="91" type="mark" timems="2.198" contextid="88" timestamp="2019-06-15T00:43:22.468">
  <trace-info objectcount="15874" scancount="13679" scanbytes="495124" />
  <cardclean-info objects="1530" bytes="76096" />
  <remembered-set-cleared processed="2151" cleared="1046" durationms="0.081" />
  <finalization candidates="13" enqueued="0" />
  <ownableSynchronizers candidates="5" cleared="0" />
  <references type="soft" candidates="441" cleared="0" enqueued="0" dynamicThreshold="7" maxThreshold="32" />
  <references type="weak" candidates="2102" cleared="461" enqueued="312" />
  <references type="phantom" candidates="4" cleared="2" enqueued="2" />
  <stringconstants candidates="6046" cleared="0"  />
  <warning details="Mark invoked due to insufficient free space for Copy-Forward" />
</gc-op>
<gc-op id="92" type="classunload" timems="0.003" contextid="88" timestamp="2019-06-15T00:43:22.468">
  <classunload-info classloadercandidates="11" classloadersunloaded="0" classesunloaded="0" anonymousclassesunloaded="0" quiescems="0.000" setupms="0.002" scanms="0.000" postms="0.000" />
</gc-op>
<gc-op id="93" type="sweep" timems="0.848" contextid="88" timestamp="2019-06-15T00:43:22.469" />
<gc-op id="94" type="compact" timems="4.715" contextid="88" timestamp="2019-06-15T00:43:22.474">
  <compact-info movecount="15619" movebytes="729784" />
  <remembered-set-cleared processed="11025" cleared="8781" durationms="0.081" />
</gc-op>
<gc-end id="95" type="partial gc" contextid="88" durationms="9.213" usertimems="12.000" systemtimems="0.000" timestamp="2019-06-15T00:43:22.474" activeThreads="4">
  <mem-info id="96" free="4194304" total="9437184" percent="44">
    <mem type="eden" free="556040" total="1048576" percent="53" />
    <pending-finalizers system="0" default="0" reference="314" classloader="0" />
    <remembered-set count="4928" freebytes="356992" totalbytes="376704" percent="94" regionsoverflowed="0" regionsstable="0" regionsrebuilding="0"/>
  </mem-info>
</gc-end>
<cycle-end id="97" type="partial gc" contextid="88" timestamp="2019-06-15T00:43:22.474" />
  <attribute name="elasticGC enabled" value="1" />
  <attribute name= "numThreadsSpecified" value="4" />
  <attribute name="heapSize specified" value="0" />
  <attribute name="Current GC Util" value="61" />
  <attribute name= "Current Time Running" value="61779" />
  <attribute name ="GC Interval" value="0" />
  <attribute name="ProportionalT" value="20.500000" />
  <attribute name="ProportionalI" value="20.500000" />
  <attribute name="ProportionalH" value="20.500000" />
  <attribute name="Current Error" value="41.000000" />
  <attribute name="IntegralT" value="41.000000" />
  <attribute name="IntegralI" value="41.000000" />
  <attribute name="IntegralH" value="41.000000" />
  <attribute name="DerivativeT" value="41.000000" />
  <attribute name="DerivativeI" value="41.000000" />
  <attribute name="DerivativeH" value="41.000000" />
  <attribute name="Loop Time for DT" value="1.000000" />
  <attribute name="Output H" value="8388608"/>
  <attribute name="Output I" value="200"/>
  <attribute name="Output T" value="4"/>
  <attribute name="Target GC Util Change" value ="20.000000" />
  <attribute name="Current GC Util Change" value="61.000000"/>
  <attribute name="GC Util currently" value="61" />
  <attribute name="CPU Util currently" value="4189855548634" />
<exclusive-end id="98" timestamp="2019-06-15T00:43:22.474" durationms="10.194" />

<exclusive-start id="99" timestamp="2019-06-15T00:43:22.524" intervalms="59.906">
  <response-info timems="0.052" idlems="0.052" threads="0" lastid="000000000120C700" lastname="main" />
</exclusive-start>
<allocation-taxation id="100" taxation-threshold="2097152" timestamp="2019-06-15T00:43:22.524" intervalms="59.900" />
<gc-start id="101" type="global mark phase" contextid="77" timestamp="2019-06-15T00:43:22.524">
  <mem-info id="102" free="2097152" total="9437184" percent="22">
    <remembered-set count="4512" freebytes="358656" totalbytes="376704" percent="95" regionsoverflowed="0" regionsstable="0" regionsrebuilding="0"/>
  </mem-info>
</gc-start>
<gc-op id="103" type="mark increment" timems="2.580" contextid="77" timestamp="2019-06-15T00:43:22.527">
  <trace-info objectcount="18038" scancount="15591" scanbytes="568844" />
  <cardclean-info objects="2475" bytes="114376" />
  <finalization candidates="80" enqueued="0" />
  <ownableSynchronizers candidates="22" cleared="0" />
  <references type="soft" candidates="968" cleared="0" enqueued="0" dynamicThreshold="14" maxThreshold="32" />
  <references type="weak" candidates="3089" cleared="123" enqueued="87" />
  <references type="phantom" candidates="104" cleared="2" enqueued="2" />
  <stringconstants candidates="6211" cleared="0"  />
</gc-op>
<gc-op id="104" type="classunload" timems="0.004" contextid="77" timestamp="2019-06-15T00:43:22.527">
  <classunload-info classloadercandidates="11" classloadersunloaded="0" classesunloaded="0" anonymousclassesunloaded="0" quiescems="0.000" setupms="0.004" scanms="0.000" postms="0.000" />
</gc-op>
<gc-end id="105" type="global mark phase" contextid="77" durationms="2.879" usertimems="0.000" systemtimems="0.000" timestamp="2019-06-15T00:43:22.527" activeThreads="4">
  <mem-info id="106" free="2097152" total="9437184" percent="22">
    <pending-finalizers system="0" default="0" reference="89" classloader="0" />
    <remembered-set count="4512" freebytes="358656" totalbytes="376704" percent="95" regionsoverflowed="0" regionsstable="0" regionsrebuilding="0"/>
  </mem-info>
</gc-end>
<cycle-end id="107" type="global mark phase" contextid="77" timestamp="2019-06-15T00:43:22.527" />
  <attribute name="elasticGC enabled" value="1" />
  <attribute name= "numThreadsSpecified" value="4" />
  <attribute name="heapSize specified" value="0" />
  <attribute name="Current GC Util" value="0" />
  <attribute name= "Current Time Running" value="61837" />
  <attribute name ="GC Interval" value="0" />
  <attribute name="ProportionalT" value="-10.000000" />
  <attribute name="ProportionalI" value="-10.000000" />
  <attribute name="ProportionalH" value="-10.000000" />
  <attribute name="Current Error" value="-20.000000" />
  <attribute name="IntegralT" value="-40.000000" />
  <attribute name="IntegralI" value="-40.000000" />
  <attribute name="IntegralH" value="-40.000000" />
  <attribute name="DerivativeT" value="-41.500000" />
  <attribute name="DerivativeI" value="-41.500000" />
  <attribute name="DerivativeH" value="-41.500000" />
  <attribute name="Loop Time for DT" value="2.000000" />
  <attribute name="Output H" value="2091843584"/>
  <attribute name="Output I" value="200"/>
  <attribute name="Output T" value="4"/>
  <attribute name="Target GC Util Change" value ="20.000000" />
  <attribute name="Current GC Util Change" value="0.000000"/>
  <attribute name="GC Util currently" value="0" />
  <attribute name="CPU Util currently" value="3788470350568" />
<exclusive-end id="108" timestamp="2019-06-15T00:43:22.527" durationms="3.274" />

<exclusive-start id="109" timestamp="2019-06-15T00:43:22.560" intervalms="35.861">
  <response-info timems="0.021" idlems="0.021" threads="0" lastid="000000000120C700" lastname="main" />
</exclusive-start>
<allocation-taxation id="110" taxation-threshold="2097152" timestamp="2019-06-15T00:43:22.560" intervalms="35.863" />
<cycle-start id="111" type="partial gc" contextid="0" timestamp="2019-06-15T00:43:22.560" intervalms="95.765" />
<gc-start id="112" type="partial gc" contextid="111" timestamp="2019-06-15T00:43:22.561">
  <mem-info id="113" free="0" total="9437184" percent="0">
    <mem type="eden" free="0" total="4194304" percent="0" />
    <remembered-set count="4512" freebytes="358656" totalbytes="376704" percent="95" regionsoverflowed="0" regionsstable="0" regionsrebuilding="0"/>
  </mem-info>
</gc-start>
<allocation-stats totalBytes="4073136" >
  <allocated-bytes non-tlh="1464480" tlh="2608656" arrayletleaf="0"/>
  <largest-consumer threadName="main" threadId="000000000120C700" bytes="2043560" />
</allocation-stats>
<gc-op id="114" type="sweep" timems="0.366" contextid="111" timestamp="2019-06-15T00:43:22.561" />
<gc-op id="115" type="mark" timems="1.829" contextid="111" timestamp="2019-06-15T00:43:22.563">
  <trace-info objectcount="13441" scancount="11374" scanbytes="423700" />
  <cardclean-info objects="1274" bytes="70628" />
  <remembered-set-cleared processed="3759" cleared="1840" durationms="0.079" />
  <finalization candidates="15" enqueued="0" />
  <ownableSynchronizers candidates="5" cleared="0" />
  <references type="soft" candidates="338" cleared="0" enqueued="0" dynamicThreshold="7" maxThreshold="32" />
  <references type="weak" candidates="1520" cleared="1" enqueued="1" />
  <references type="phantom" candidates="5" cleared="0" enqueued="0" />
  <stringconstants candidates="6426" cleared="0"  />
  <warning details="Mark invoked due to insufficient free space for Copy-Forward" />
</gc-op>
<gc-op id="116" type="classunload" timems="0.003" contextid="111" timestamp="2019-06-15T00:43:22.563">
  <classunload-info classloadercandidates="11" classloadersunloaded="0" classesunloaded="0" anonymousclassesunloaded="0" quiescems="0.000" setupms="0.002" scanms="0.000" postms="0.000" />
</gc-op>
<gc-op id="117" type="sweep" timems="1.450" contextid="111" timestamp="2019-06-15T00:43:22.565" />
<gc-op id="118" type="compact" timems="4.115" contextid="111" timestamp="2019-06-15T00:43:22.569">
  <compact-info movecount="13438" movebytes="1406632" />
  <remembered-set-cleared processed="11996" cleared="8145" durationms="0.079" />
</gc-op>
<heap-resize id="119" type="expand" space="default" amount="2097152" count="1" timems="0.060" reason="insufficient free space following gc" timestamp="2019-06-15T00:43:22.570" />
<gc-end id="120" type="partial gc" contextid="111" durationms="9.360" usertimems="8.000" systemtimems="4.000" timestamp="2019-06-15T00:43:22.570" activeThreads="4">
  <mem-info id="121" free="5242880" total="11534336" percent="45">
    <mem type="eden" free="75744" total="1048576" percent="7" />
    <pending-finalizers system="0" default="0" reference="1" classloader="0" />
    <remembered-set count="6336" freebytes="435072" totalbytes="460416" percent="94" regionsoverflowed="0" regionsstable="0" regionsrebuilding="0"/>
  </mem-info>
</gc-end>
<cycle-end id="122" type="partial gc" contextid="111" timestamp="2019-06-15T00:43:22.570" />
  <attribute name="elasticGC enabled" value="1" />
  <attribute name= "numThreadsSpecified" value="4" />
  <attribute name="heapSize specified" value="0" />
  <attribute name="Current GC Util" value="100" />
  <attribute name= "Current Time Running" value="61876" />
  <attribute name ="GC Interval" value="0" />
  <attribute name="ProportionalT" value="40.000000" />
  <attribute name="ProportionalI" value="40.000000" />
  <attribute name="ProportionalH" value="40.000000" />
  <attribute name="Current Error" value="80.000000" />
  <attribute name="IntegralT" value="160.000000" />
  <attribute name="IntegralI" value="160.000000" />
  <attribute name="IntegralH" value="160.000000" />
  <attribute name="DerivativeT" value="40.000000" />
  <attribute name="DerivativeI" value="40.000000" />
  <attribute name="DerivativeH" value="40.000000" />
  <attribute name="Loop Time for DT" value="2.000000" />
  <attribute name="Output H" value="8388608"/>
  <attribute name="Output I" value="240"/>
  <attribute name="Output T" value="4"/>
  <attribute name="Target GC Util Change" value ="20.000000" />
  <attribute name="Current GC Util Change" value="100.000000"/>
  <attribute name="GC Util currently" value="100" />
  <attribute name="CPU Util currently" value="2727752701039" />
<exclusive-end id="123" timestamp="2019-06-15T00:43:22.570" durationms="10.115" />

<exclusive-start id="124" timestamp="2019-06-15T00:43:22.648" intervalms="87.634">
  <response-info timems="0.057" idlems="0.057" threads="0" lastid="000000000120C700" lastname="main" />
</exclusive-start>
<allocation-taxation id="125" taxation-threshold="2097152" timestamp="2019-06-15T00:43:22.648" intervalms="87.620" />
<cycle-start id="126" type="global mark phase" contextid="0" timestamp="2019-06-15T00:43:22.648" intervalms="287.481" />
<gc-start id="127" type="global mark phase" contextid="126" timestamp="2019-06-15T00:43:22.648">
  <mem-info id="128" free="3145728" total="11534336" percent="27">
    <remembered-set count="5856" freebytes="436992" totalbytes="460416" percent="94" regionsoverflowed="0" regionsstable="0" regionsrebuilding="0"/>
  </mem-info>
</gc-start>
<gc-op id="129" type="mark increment" timems="2.054" contextid="126" timestamp="2019-06-15T00:43:22.650">
  <trace-info objectcount="174" scancount="0" scanbytes="0" />
</gc-op>
<gc-end id="130" type="global mark phase" contextid="126" durationms="2.205" usertimems="4.000" systemtimems="0.000" timestamp="2019-06-15T00:43:22.650" activeThreads="4">
  <mem-info id="131" free="3145728" total="11534336" percent="27">
    <remembered-set count="5856" freebytes="436992" totalbytes="460416" percent="94" regionsoverflowed="0" regionsstable="0" regionsrebuilding="0"/>
  </mem-info>
</gc-end>
<concurrent-start id="132" type="GMP work packet processing" contextid="126" timestamp="2019-06-15T00:43:22.650">
  <concurrent-mark-start scanTarget="18446744073709551615" />
</concurrent-start>
<exclusive-end id="133" timestamp="2019-06-15T00:43:22.650" durationms="2.631" />

<concurrent-end id="134" type="GMP work packet processing" contextid="126" timestamp="2019-06-15T00:43:22.654">
  <concurrent-mark-end bytesScanned="1728468" reasonForTermination="Completed all work in GC phase" />
</concurrent-end>

<exclusive-start id="135" timestamp="2019-06-15T00:43:22.704" intervalms="56.786">
  <response-info timems="0.062" idlems="0.062" threads="0" lastid="000000000120C700" lastname="main" />
</exclusive-start>
<allocation-taxation id="136" taxation-threshold="2097152" timestamp="2019-06-15T00:43:22.705" intervalms="56.781" />
<cycle-start id="137" type="partial gc" contextid="0" timestamp="2019-06-15T00:43:22.705" intervalms="144.376" />
<gc-start id="138" type="partial gc" contextid="137" timestamp="2019-06-15T00:43:22.705">
  <mem-info id="139" free="1048576" total="11534336" percent="9">
    <mem type="eden" free="75744" total="5242880" percent="1" />
    <remembered-set count="5856" freebytes="436992" totalbytes="460416" percent="94" regionsoverflowed="0" regionsstable="0" regionsrebuilding="0"/>
  </mem-info>
</gc-start>
<allocation-stats totalBytes="4178952" >
  <allocated-bytes non-tlh="70168" tlh="4108784" arrayletleaf="0"/>
  <largest-consumer threadName="main" threadId="000000000120C700" bytes="2084112" />
</allocation-stats>
<gc-op id="140" type="copy forward" timems="3.350" contextid="137" timestamp="2019-06-15T00:43:22.709">
  <memory-copied type="eden" objects="8373" bytes="417080" bytesdiscarded="0" />
  <memory-copied type="other" objects="3330" bytes="948304" bytesdiscarded="0" />
  <memory-cardclean objects="750" bytes="51400" />
  <regions eden="4" other="1" />
  <remembered-set-cleared processed="4307" cleared="700" durationms="0.094" />
  <finalization candidates="5" enqueued="0" />
  <references type="soft" candidates="159" cleared="0" enqueued="0" dynamicThreshold="8" maxThreshold="32" />
  <references type="weak" candidates="531" cleared="0" enqueued="0" />
  <references type="phantom" candidates="4" cleared="0" enqueued="0" />
  <stringconstants candidates="7073" cleared="0"  />
  <heap-resize type="expand" space="default" amount="1048576" count="1" timems="0.069" reason="continue current collection" />
</gc-op>
<gc-op id="141" type="classunload" timems="0.003" contextid="137" timestamp="2019-06-15T00:43:22.709">
  <classunload-info classloadercandidates="11" classloadersunloaded="0" classesunloaded="0" anonymousclassesunloaded="0" quiescems="0.000" setupms="0.003" scanms="0.000" postms="0.000" />
</gc-op>
<gc-op id="142" type="compact" timems="2.505" contextid="137" timestamp="2019-06-15T00:43:22.712">
  <compact-info movecount="0" movebytes="0" />
  <remembered-set-cleared processed="9652" cleared="700" durationms="0.094" />
</gc-op>
<gc-end id="143" type="partial gc" contextid="137" durationms="7.268" usertimems="16.000" systemtimems="0.000" timestamp="2019-06-15T00:43:22.712" activeThreads="4">
  <mem-info id="144" free="5242880" total="12582912" percent="41">
    <mem type="eden" free="731272" total="2097152" percent="34" />
    <remembered-set count="6688" freebytes="475520" totalbytes="502272" percent="94" regionsoverflowed="0" regionsstable="0" regionsrebuilding="0"/>
  </mem-info>
</gc-end>
<cycle-end id="145" type="partial gc" contextid="137" timestamp="2019-06-15T00:43:22.712" />
  <attribute name="elasticGC enabled" value="1" />
  <attribute name= "numThreadsSpecified" value="4" />
  <attribute name="heapSize specified" value="0" />
  <attribute name="Current GC Util" value="0" />
  <attribute name= "Current Time Running" value="62020" />
  <attribute name ="GC Interval" value="0" />
  <attribute name="ProportionalT" value="-10.000000" />
  <attribute name="ProportionalI" value="-10.000000" />
  <attribute name="ProportionalH" value="-10.000000" />
  <attribute name="Current Error" value="-20.000000" />
  <attribute name="IntegralT" value="-80.000000" />
  <attribute name="IntegralI" value="-80.000000" />
  <attribute name="IntegralH" value="-80.000000" />
  <attribute name="DerivativeT" value="-28.500000" />
  <attribute name="DerivativeI" value="-28.500000" />
  <attribute name="DerivativeH" value="-28.500000" />
  <attribute name="Loop Time for DT" value="4.000000" />
  <attribute name="Output H" value="2091843584"/>
  <attribute name="Output I" value="200"/>
  <attribute name="Output T" value="4"/>
  <attribute name="Target GC Util Change" value ="20.000000" />
  <attribute name="Current GC Util Change" value="0.000000"/>
  <attribute name="GC Util currently" value="0" />
  <attribute name="CPU Util currently" value="1247071336572" />
<exclusive-end id="146" timestamp="2019-06-15T00:43:22.713" durationms="8.078" />

<exclusive-start id="147" timestamp="2019-06-15T00:43:22.770" intervalms="65.567">
  <response-info timems="0.025" idlems="0.025" threads="0" lastid="000000000120C700" lastname="main" />
</exclusive-start>
<allocation-taxation id="148" taxation-threshold="2097152" timestamp="2019-06-15T00:43:22.770" intervalms="65.595" />
<gc-start id="149" type="global mark phase" contextid="126" timestamp="2019-06-15T00:43:22.770">
  <mem-info id="150" free="3145728" total="12582912" percent="25">
    <remembered-set count="6688" freebytes="475520" totalbytes="502272" percent="94" regionsoverflowed="0" regionsstable="0" regionsrebuilding="0"/>
  </mem-info>
</gc-start>
<gc-op id="151" type="mark increment" timems="5.190" contextid="126" timestamp="2019-06-15T00:43:22.776">
  <trace-info objectcount="3596" scancount="3107" scanbytes="117124" />
  <cardclean-info objects="2759" bytes="149268" />
  <finalization candidates="80" enqueued="0" />
  <ownableSynchronizers candidates="22" cleared="0" />
  <references type="soft" candidates="1022" cleared="0" enqueued="0" dynamicThreshold="13" maxThreshold="32" />
  <references type="weak" candidates="3524" cleared="2" enqueued="2" />
  <references type="phantom" candidates="102" cleared="0" enqueued="0" />
  <stringconstants candidates="7231" cleared="0"  />
</gc-op>
<gc-op id="152" type="classunload" timems="0.005" contextid="126" timestamp="2019-06-15T00:43:22.776">
  <classunload-info classloadercandidates="11" classloadersunloaded="0" classesunloaded="0" anonymousclassesunloaded="0" quiescems="0.000" setupms="0.005" scanms="0.000" postms="0.000" />
</gc-op>
<gc-end id="153" type="global mark phase" contextid="126" durationms="5.546" usertimems="8.000" systemtimems="0.000" timestamp="2019-06-15T00:43:22.776" activeThreads="4">
  <mem-info id="154" free="3145728" total="12582912" percent="25">
    <pending-finalizers system="0" default="0" reference="2" classloader="0" />
    <remembered-set count="6688" freebytes="475520" totalbytes="502272" percent="94" regionsoverflowed="0" regionsstable="0" regionsrebuilding="0"/>
  </mem-info>
</gc-end>
<cycle-end id="155" type="global mark phase" contextid="126" timestamp="2019-06-15T00:43:22.776" />
  <attribute name="elasticGC enabled" value="1" />
  <attribute name= "numThreadsSpecified" value="4" />
  <attribute name="heapSize specified" value="0" />
  <attribute name="Current GC Util" value="117" />
  <attribute name= "Current Time Running" value="62083" />
  <attribute name ="GC Interval" value="0" />
  <attribute name="ProportionalT" value="48.500000" />
  <attribute name="ProportionalI" value="48.500000" />
  <attribute name="ProportionalH" value="48.500000" />
  <attribute name="Current Error" value="97.000000" />
  <attribute name="IntegralT" value="97.000000" />
  <attribute name="IntegralI" value="97.000000" />
  <attribute name="IntegralH" value="97.000000" />
  <attribute name="DerivativeT" value="-19.000000" />
  <attribute name="DerivativeI" value="-19.000000" />
  <attribute name="DerivativeH" value="-19.000000" />
  <attribute name="Loop Time for DT" value="1.000000" />
  <attribute name="Output H" value="8388608"/>
  <attribute name="Output I" value="200"/>
  <attribute name="Output T" value="4"/>
  <attribute name="Target GC Util Change" value ="20.000000" />
  <attribute name="Current GC Util Change" value="117.000000"/>
  <attribute name="GC Util currently" value="117" />
  <attribute name="CPU Util currently" value="4222854058312" />
<exclusive-end id="156" timestamp="2019-06-15T00:43:22.776" durationms="6.145" />

<exclusive-start id="157" timestamp="2019-06-15T00:43:22.821" intervalms="51.452">
  <response-info timems="0.031" idlems="0.031" threads="0" lastid="000000000120C700" lastname="main" />
</exclusive-start>
<allocation-taxation id="158" taxation-threshold="2097152" timestamp="2019-06-15T00:43:22.822" intervalms="51.461" />
<cycle-start id="159" type="partial gc" contextid="0" timestamp="2019-06-15T00:43:22.822" intervalms="117.126" />
<gc-start id="160" type="partial gc" contextid="159" timestamp="2019-06-15T00:43:22.822">
  <mem-info id="161" free="1048576" total="12582912" percent="8">
    <mem type="eden" free="0" total="4194304" percent="0" />
    <remembered-set count="6688" freebytes="475520" totalbytes="502272" percent="94" regionsoverflowed="0" regionsstable="0" regionsrebuilding="0"/>
  </mem-info>
</gc-start>
<allocation-stats totalBytes="4160992" >
  <allocated-bytes non-tlh="50704" tlh="4110288" arrayletleaf="0"/>
  <largest-consumer threadName="main" threadId="000000000120C700" bytes="2073488" />
</allocation-stats>
<gc-op id="162" type="sweep" timems="1.573" contextid="159" timestamp="2019-06-15T00:43:22.824" />
<gc-op id="163" type="copy forward" timems="2.936" contextid="159" timestamp="2019-06-15T00:43:22.828">
  <memory-copied type="eden" objects="1001" bytes="38312" bytesdiscarded="0" />
  <memory-copied type="other" objects="10364" bytes="452368" bytesdiscarded="0" />
  <memory-cardclean objects="534" bytes="26640" />
  <memory-traced type="eden" objects="935" bytes="57328" />
  <memory-traced type="other" objects="0" bytes="0" />
  <regions eden="2" other="3" evacuated="4" marked="1" />
  <remembered-set-cleared processed="5321" cleared="1107" durationms="0.105" />
  <references type="soft" candidates="54" cleared="0" enqueued="0" dynamicThreshold="8" maxThreshold="32" />
  <references type="weak" candidates="766" cleared="0" enqueued="0" />
  <stringconstants candidates="7366" cleared="0"  />
  <heap-resize type="expand" space="default" amount="1048576" count="1" timems="0.061" reason="continue current collection" />
</gc-op>
<gc-op id="164" type="classunload" timems="0.003" contextid="159" timestamp="2019-06-15T00:43:22.828">
  <classunload-info classloadercandidates="11" classloadersunloaded="0" classesunloaded="0" anonymousclassesunloaded="0" quiescems="0.000" setupms="0.003" scanms="0.000" postms="0.000" />
</gc-op>
<gc-op id="165" type="sweep" timems="1.487" contextid="159" timestamp="2019-06-15T00:43:22.830" />
<gc-op id="166" type="compact" timems="3.003" contextid="159" timestamp="2019-06-15T00:43:22.833">
  <compact-info movecount="1160" movebytes="92048" />
  <remembered-set-cleared processed="12125" cleared="1980" durationms="0.105" />
</gc-op>
<heap-resize id="167" type="expand" space="default" amount="2097152" count="1" timems="0.059" reason="insufficient free space following gc" timestamp="2019-06-15T00:43:22.833" />
<gc-end id="168" type="partial gc" contextid="159" durationms="11.218" usertimems="12.000" systemtimems="0.000" timestamp="2019-06-15T00:43:22.833" activeThreads="4">
  <mem-info id="169" free="6291456" total="15728640" percent="40">
    <mem type="eden" free="1877104" total="2097152" percent="89" />
    <remembered-set count="7360" freebytes="598400" totalbytes="627840" percent="95" regionsoverflowed="0" regionsstable="0" regionsrebuilding="0"/>
  </mem-info>
</gc-end>
<cycle-end id="170" type="partial gc" contextid="159" timestamp="2019-06-15T00:43:22.833" />
  <attribute name="elasticGC enabled" value="1" />
  <attribute name= "numThreadsSpecified" value="4" />
  <attribute name="heapSize specified" value="0" />
  <attribute name="Current GC Util" value="129" />
  <attribute name= "Current Time Running" value="62140" />
  <attribute name ="GC Interval" value="0" />
  <attribute name="ProportionalT" value="54.500000" />
  <attribute name="ProportionalI" value="54.500000" />
  <attribute name="ProportionalH" value="54.500000" />
  <attribute name="Current Error" value="109.000000" />
  <attribute name="IntegralT" value="109.000000" />
  <attribute name="IntegralI" value="109.000000" />
  <attribute name="IntegralH" value="109.000000" />
  <attribute name="DerivativeT" value="109.000000" />
  <attribute name="DerivativeI" value="109.000000" />
  <attribute name="DerivativeH" value="109.000000" />
  <attribute name="Loop Time for DT" value="1.000000" />
  <attribute name="Output H" value="8388608"/>
  <attribute name="Output I" value="272"/>
  <attribute name="Output T" value="4"/>
  <attribute name="Target GC Util Change" value ="20.000000" />
  <attribute name="Current GC Util Change" value="129.000000"/>
  <attribute name="GC Util currently" value="129" />
  <attribute name="CPU Util currently" value="2671850448499" />
<exclusive-end id="171" timestamp="2019-06-15T00:43:22.834" durationms="12.218" />

<exclusive-start id="172" timestamp="2019-06-15T00:43:22.938" intervalms="116.624">
  <response-info timems="0.030" idlems="0.030" threads="0" lastid="000000000120C700" lastname="main" />
</exclusive-start>
<allocation-taxation id="173" taxation-threshold="6291456" timestamp="2019-06-15T00:43:22.938" intervalms="116.585" />
<cycle-start id="174" type="partial gc" contextid="0" timestamp="2019-06-15T00:43:22.938" intervalms="116.523" />
<gc-start id="175" type="partial gc" contextid="174" timestamp="2019-06-15T00:43:22.939">
  <mem-info id="176" free="0" total="15728640" percent="0">
    <mem type="eden" free="952944" total="7340032" percent="12" />
    <remembered-set count="7360" freebytes="598400" totalbytes="627840" percent="95" regionsoverflowed="0" regionsstable="0" regionsrebuilding="0"/>
  </mem-info>
</gc-start>
<allocation-stats totalBytes="6260464" >
  <allocated-bytes non-tlh="34048" tlh="6226416" arrayletleaf="0"/>
  <largest-consumer threadName="main" threadId="000000000120C700" bytes="6260464" />
</allocation-stats>
<gc-op id="177" type="mark" timems="4.627" contextid="174" timestamp="2019-06-15T00:43:22.944">
  <trace-info objectcount="13075" scancount="11547" scanbytes="429580" />
  <cardclean-info objects="3156" bytes="156716" />
  <remembered-set-cleared processed="6325" cleared="1449" durationms="0.245" />
  <references type="soft" candidates="2" cleared="0" enqueued="0" dynamicThreshold="12" maxThreshold="32" />
  <references type="weak" candidates="633" cleared="2" enqueued="2" />
  <references type="phantom" candidates="1" cleared="0" enqueued="0" />
  <stringconstants candidates="7574" cleared="0"  />
  <warning details="Mark invoked due to insufficient free space for Copy-Forward" />
</gc-op>
<gc-op id="178" type="classunload" timems="0.003" contextid="174" timestamp="2019-06-15T00:43:22.944">
  <classunload-info classloadercandidates="11" classloadersunloaded="0" classesunloaded="0" anonymousclassesunloaded="0" quiescems="0.000" setupms="0.003" scanms="0.000" postms="0.000" />
</gc-op>
<gc-op id="179" type="sweep" timems="1.505" contextid="174" timestamp="2019-06-15T00:43:22.946" />
<gc-op id="180" type="compact" timems="4.747" contextid="174" timestamp="2019-06-15T00:43:22.951">
  <compact-info movecount="12801" movebytes="579704" />
  <remembered-set-cleared processed="16478" cleared="6705" durationms="0.245" />
</gc-op>
<heap-resize id="181" type="expand" space="default" amount="1048576" count="1" timems="0.053" reason="insufficient free space following gc" timestamp="2019-06-15T00:43:22.951" />
<gc-end id="182" type="partial gc" contextid="174" durationms="12.805" usertimems="20.000" systemtimems="0.000" timestamp="2019-06-15T00:43:22.951" activeThreads="4">
  <mem-info id="183" free="7340032" total="16777216" percent="43">
    <mem type="eden" free="1504840" total="2097152" percent="71" />
    <pending-finalizers system="0" default="0" reference="2" classloader="0" />
    <remembered-set count="9408" freebytes="632064" totalbytes="669696" percent="94" regionsoverflowed="0" regionsstable="0" regionsrebuilding="0"/>
  </mem-info>
</gc-end>
<cycle-end id="184" type="partial gc" contextid="174" timestamp="2019-06-15T00:43:22.952" />
  <attribute name="elasticGC enabled" value="1" />
  <attribute name= "numThreadsSpecified" value="4" />
  <attribute name="heapSize specified" value="0" />
  <attribute name="Current GC Util" value="97" />
  <attribute name= "Current Time Running" value="62256" />
  <attribute name ="GC Interval" value="0" />
  <attribute name="ProportionalT" value="38.500000" />
  <attribute name="ProportionalI" value="38.500000" />
  <attribute name="ProportionalH" value="38.500000" />
  <attribute name="Current Error" value="77.000000" />
  <attribute name="IntegralT" value="77.000000" />
  <attribute name="IntegralI" value="77.000000" />
  <attribute name="IntegralH" value="77.000000" />
  <attribute name="DerivativeT" value="-20.000000" />
  <attribute name="DerivativeI" value="-20.000000" />
  <attribute name="DerivativeH" value="-20.000000" />
  <attribute name="Loop Time for DT" value="1.000000" />
  <attribute name="Output H" value="8388608"/>
  <attribute name="Output I" value="200"/>
  <attribute name="Output T" value="4"/>
  <attribute name="Target GC Util Change" value ="20.000000" />
  <attribute name="Current GC Util Change" value="97.000000"/>
  <attribute name="GC Util currently" value="97" />
  <attribute name="CPU Util currently" value="2609219576303" />
<exclusive-end id="185" timestamp="2019-06-15T00:43:22.952" durationms="13.688" />

<exclusive-start id="186" timestamp="2019-06-15T00:43:23.112" intervalms="173.483">
  <response-info timems="0.033" idlems="0.033" threads="0" lastid="000000000120C700" lastname="main" />
</exclusive-start>
<allocation-taxation id="187" taxation-threshold="7340032" timestamp="2019-06-15T00:43:23.112" intervalms="173.563" />
<cycle-start id="188" type="partial gc" contextid="0" timestamp="2019-06-15T00:43:23.112" intervalms="173.635" />
<gc-start id="189" type="partial gc" contextid="188" timestamp="2019-06-15T00:43:23.112">
  <mem-info id="190" free="0" total="16777216" percent="0">
    <mem type="eden" free="0" total="7340032" percent="0" />
    <remembered-set count="9120" freebytes="633216" totalbytes="669696" percent="94" regionsoverflowed="0" regionsstable="0" regionsrebuilding="0"/>
  </mem-info>
</gc-start>
<allocation-stats totalBytes="7337032" >
  <allocated-bytes non-tlh="227928" tlh="7109104" arrayletleaf="0"/>
  <largest-consumer threadName="main" threadId="000000000120C700" bytes="7337032" />
</allocation-stats>
<gc-op id="191" type="mark" timems="4.580" contextid="188" timestamp="2019-06-15T00:43:23.118">
  <trace-info objectcount="18301" scancount="16253" scanbytes="685500" />
  <cardclean-info objects="2577" bytes="139732" />
  <remembered-set-cleared processed="7754" cleared="1863" durationms="0.269" />
  <references type="soft" candidates="73" cleared="0" enqueued="0" dynamicThreshold="14" maxThreshold="32" />
  <references type="weak" candidates="249" cleared="3" enqueued="3" />
  <references type="phantom" candidates="1" cleared="0" enqueued="0" />
  <stringconstants candidates="7809" cleared="0"  />
  <warning details="Mark invoked due to insufficient free space for Copy-Forward" />
</gc-op>
<gc-op id="192" type="classunload" timems="0.002" contextid="188" timestamp="2019-06-15T00:43:23.118">
  <classunload-info classloadercandidates="12" classloadersunloaded="0" classesunloaded="0" anonymousclassesunloaded="0" quiescems="0.000" setupms="0.002" scanms="0.000" postms="0.000" />
</gc-op>
<gc-op id="193" type="sweep" timems="1.449" contextid="188" timestamp="2019-06-15T00:43:23.119" />
<gc-op id="194" type="compact" timems="5.233" contextid="188" timestamp="2019-06-15T00:43:23.125">
  <compact-info movecount="13576" movebytes="959120" />
  <remembered-set-cleared processed="19003" cleared="7183" durationms="0.269" />
</gc-op>
<gc-end id="195" type="partial gc" contextid="188" durationms="13.034" usertimems="16.000" systemtimems="0.000" timestamp="2019-06-15T00:43:23.125" activeThreads="4">
  <mem-info id="196" free="6291456" total="16777216" percent="37">
    <mem type="eden" free="207512" total="1048576" percent="19" />
    <pending-finalizers system="0" default="0" reference="3" classloader="0" />
    <remembered-set count="10976" freebytes="625792" totalbytes="669696" percent="93" regionsoverflowed="0" regionsstable="0" regionsrebuilding="0"/>
  </mem-info>
</gc-end>
<cycle-end id="197" type="partial gc" contextid="188" timestamp="2019-06-15T00:43:23.125" />
  <attribute name="elasticGC enabled" value="1" />
  <attribute name= "numThreadsSpecified" value="4" />
  <attribute name="heapSize specified" value="0" />
  <attribute name="Current GC Util" value="101" />
  <attribute name= "Current Time Running" value="62430" />
  <attribute name ="GC Interval" value="0" />
  <attribute name="ProportionalT" value="40.500000" />
  <attribute name="ProportionalI" value="40.500000" />
  <attribute name="ProportionalH" value="40.500000" />
  <attribute name="Current Error" value="81.000000" />
  <attribute name="IntegralT" value="162.000000" />
  <attribute name="IntegralI" value="162.000000" />
  <attribute name="IntegralH" value="162.000000" />
  <attribute name="DerivativeT" value="-15.000000" />
  <attribute name="DerivativeI" value="-15.000000" />
  <attribute name="DerivativeH" value="-15.000000" />
  <attribute name="Loop Time for DT" value="2.000000" />
  <attribute name="Output H" value="8388608"/>
  <attribute name="Output I" value="200"/>
  <attribute name="Output T" value="4"/>
  <attribute name="Target GC Util Change" value ="20.000000" />
  <attribute name="Current GC Util Change" value="101.000000"/>
  <attribute name="GC Util currently" value="101" />
  <attribute name="CPU Util currently" value="2728808291835" />
<exclusive-end id="198" timestamp="2019-06-15T00:43:23.126" durationms="14.022" />

<exclusive-start id="199" timestamp="2019-06-15T00:43:23.171" intervalms="59.213">
  <response-info timems="0.065" idlems="0.065" threads="0" lastid="000000000120C700" lastname="main" />
</exclusive-start>
<allocation-taxation id="200" taxation-threshold="6291456" timestamp="2019-06-15T00:43:23.171" intervalms="59.165" />
<cycle-start id="201" type="partial gc" contextid="0" timestamp="2019-06-15T00:43:23.171" intervalms="59.154" />
<gc-start id="202" type="partial gc" contextid="201" timestamp="2019-06-15T00:43:23.171">
  <mem-info id="203" free="0" total="16777216" percent="0">
    <mem type="eden" free="0" total="6291456" percent="0" />
    <remembered-set count="10496" freebytes="627712" totalbytes="669696" percent="93" regionsoverflowed="0" regionsstable="0" regionsrebuilding="0"/>
  </mem-info>
</gc-start>
<allocation-stats totalBytes="6289136" >
  <allocated-bytes non-tlh="6640" tlh="6282496" arrayletleaf="0"/>
  <largest-consumer threadName="main" threadId="000000000120C700" bytes="6289136" />
</allocation-stats>
<gc-op id="204" type="mark" timems="4.745" contextid="201" timestamp="2019-06-15T00:43:23.177">
  <trace-info objectcount="15590" scancount="13860" scanbytes="526000" />
  <cardclean-info objects="862" bytes="58276" />
  <remembered-set-cleared processed="8851" cleared="1386" durationms="0.273" />
  <references type="soft" candidates="71" cleared="0" enqueued="0" dynamicThreshold="12" maxThreshold="32" />
  <references type="weak" candidates="114" cleared="0" enqueued="0" />
  <stringconstants candidates="7845" cleared="0"  />
  <warning details="Mark invoked due to insufficient free space for Copy-Forward" />
</gc-op>
<gc-op id="205" type="classunload" timems="0.003" contextid="201" timestamp="2019-06-15T00:43:23.177">
  <classunload-info classloadercandidates="12" classloadersunloaded="0" classesunloaded="0" anonymousclassesunloaded="0" quiescems="0.000" setupms="0.003" scanms="0.000" postms="0.000" />
</gc-op>
<gc-op id="206" type="sweep" timems="1.475" contextid="201" timestamp="2019-06-15T00:43:23.179" />
<gc-op id="207" type="compact" timems="3.587" contextid="201" timestamp="2019-06-15T00:43:23.183">
  <compact-info movecount="15554" movebytes="718984" />
  <remembered-set-cleared processed="20874" cleared="5916" durationms="0.273" />
</gc-op>
<heap-resize id="208" type="expand" space="default" amount="2097152" count="1" timems="0.065" reason="insufficient free space following gc" timestamp="2019-06-15T00:43:23.183" />
<gc-end id="209" type="partial gc" contextid="201" durationms="11.769" usertimems="16.000" systemtimems="0.000" timestamp="2019-06-15T00:43:23.183" activeThreads="4">
  <mem-info id="210" free="7340032" total="18874368" percent="38">
    <mem type="eden" free="690312" total="1048576" percent="65" />
    <remembered-set count="12064" freebytes="705152" totalbytes="753408" percent="93" regionsoverflowed="0" regionsstable="0" regionsrebuilding="0"/>
  </mem-info>
</gc-end>
<cycle-end id="211" type="partial gc" contextid="201" timestamp="2019-06-15T00:43:23.183" />
  <attribute name="elasticGC enabled" value="1" />
  <attribute name= "numThreadsSpecified" value="4" />
  <attribute name="heapSize specified" value="0" />
  <attribute name="Current GC Util" value="99" />
  <attribute name= "Current Time Running" value="62489" />
  <attribute name ="GC Interval" value="0" />
  <attribute name="ProportionalT" value="39.500000" />
  <attribute name="ProportionalI" value="39.500000" />
  <attribute name="ProportionalH" value="39.500000" />
  <attribute name="Current Error" value="79.000000" />
  <attribute name="IntegralT" value="79.000000" />
  <attribute name="IntegralI" value="79.000000" />
  <attribute name="IntegralH" value="79.000000" />
  <attribute name="DerivativeT" value="-25.000000" />
  <attribute name="DerivativeI" value="-25.000000" />
  <attribute name="DerivativeH" value="-25.000000" />
  <attribute name="Loop Time for DT" value="1.000000" />
  <attribute name="Output H" value="8388608"/>
  <attribute name="Output I" value="200"/>
  <attribute name="Output T" value="4"/>
  <attribute name="Target GC Util Change" value ="20.000000" />
  <attribute name="Current GC Util Change" value="99.000000"/>
  <attribute name="GC Util currently" value="99" />
  <attribute name="CPU Util currently" value="2719791137886" />
<exclusive-end id="212" timestamp="2019-06-15T00:43:23.183" durationms="12.670" />

<exclusive-start id="213" timestamp="2019-06-15T00:43:23.310" intervalms="139.640">
  <response-info timems="0.215" idlems="0.215" threads="0" lastid="000000000120C700" lastname="main" />
</exclusive-start>
<allocation-taxation id="214" taxation-threshold="3145728" timestamp="2019-06-15T00:43:23.311" intervalms="139.977" />
<cycle-start id="215" type="global mark phase" contextid="0" timestamp="2019-06-15T00:43:23.311" intervalms="663.632" />
<gc-start id="216" type="global mark phase" contextid="215" timestamp="2019-06-15T00:43:23.312">
  <mem-info id="217" free="4194304" total="18874368" percent="22">
    <remembered-set count="12064" freebytes="705152" totalbytes="753408" percent="93" regionsoverflowed="0" regionsstable="0" regionsrebuilding="0"/>
  </mem-info>
</gc-start>
<gc-op id="218" type="mark increment" timems="5.210" contextid="215" timestamp="2019-06-15T00:43:23.318">
  <trace-info objectcount="163" scancount="0" scanbytes="0" />
</gc-op>
<gc-end id="219" type="global mark phase" contextid="215" durationms="5.920" usertimems="8.000" systemtimems="0.000" timestamp="2019-06-15T00:43:23.318" activeThreads="4">
  <mem-info id="220" free="4194304" total="18874368" percent="22">
    <remembered-set count="12064" freebytes="705152" totalbytes="753408" percent="93" regionsoverflowed="0" regionsstable="0" regionsrebuilding="0"/>
  </mem-info>
</gc-end>
<concurrent-start id="221" type="GMP work packet processing" contextid="215" timestamp="2019-06-15T00:43:23.318">
  <concurrent-mark-start scanTarget="18446744073709551615" />
</concurrent-start>
<exclusive-end id="222" timestamp="2019-06-15T00:43:23.319" durationms="8.381" />

<concurrent-end id="223" type="GMP work packet processing" contextid="215" timestamp="2019-06-15T00:43:23.333">
  <concurrent-mark-end bytesScanned="1769292" reasonForTermination="Completed all work in GC phase" />
</concurrent-end>

<exclusive-start id="224" timestamp="2019-06-15T00:43:23.400" intervalms="89.401">
  <response-info timems="0.081" idlems="0.081" threads="0" lastid="000000000120C700" lastname="main" />
</exclusive-start>
<allocation-taxation id="225" taxation-threshold="3145728" timestamp="2019-06-15T00:43:23.400" intervalms="89.126" />
<cycle-start id="226" type="partial gc" contextid="0" timestamp="2019-06-15T00:43:23.400" intervalms="229.242" />
<gc-start id="227" type="partial gc" contextid="226" timestamp="2019-06-15T00:43:23.401">
  <mem-info id="228" free="1048576" total="18874368" percent="5">
    <mem type="eden" free="0" total="6291456" percent="0" />
    <remembered-set count="12064" freebytes="705152" totalbytes="753408" percent="93" regionsoverflowed="0" regionsstable="0" regionsrebuilding="0"/>
  </mem-info>
</gc-start>
<allocation-stats totalBytes="6289752" >
  <allocated-bytes non-tlh="322576" tlh="5967176" arrayletleaf="0"/>
  <largest-consumer threadName="main" threadId="000000000120C700" bytes="3145240" />
</allocation-stats>
<gc-op id="229" type="copy forward" timems="3.259" contextid="226" timestamp="2019-06-15T00:43:23.405">
  <memory-copied type="eden" objects="11783" bytes="848256" bytesdiscarded="99208" />
  <memory-copied type="other" objects="9212" bytes="353792" bytesdiscarded="6880" />
  <memory-cardclean objects="1522" bytes="86616" />
  <regions eden="6" other="1" />
  <remembered-set-cleared processed="10573" cleared="2079" durationms="0.103" />
  <references type="soft" candidates="224" cleared="0" enqueued="0" dynamicThreshold="7" maxThreshold="32" />
  <references type="weak" candidates="444" cleared="0" enqueued="0" />
  <references type="phantom" candidates="1" cleared="0" enqueued="0" />
  <stringconstants candidates="8285" cleared="0"  />
  <heap-resize type="expand" space="default" amount="1048576" count="1" timems="0.072" reason="continue current collection" />
</gc-op>
<gc-op id="230" type="classunload" timems="0.003" contextid="226" timestamp="2019-06-15T00:43:23.405">
  <classunload-info classloadercandidates="14" classloadersunloaded="0" classesunloaded="0" anonymousclassesunloaded="0" quiescems="0.000" setupms="0.002" scanms="0.000" postms="0.000" />
</gc-op>
<gc-end id="231" type="partial gc" contextid="226" durationms="4.244" usertimems="8.000" systemtimems="0.000" timestamp="2019-06-15T00:43:23.405" activeThreads="4">
  <mem-info id="232" free="7340032" total="19922944" percent="36">
    <mem type="eden" free="100848" total="1048576" percent="9" />
    <remembered-set count="13792" freebytes="740096" totalbytes="795264" percent="93" regionsoverflowed="0" regionsstable="0" regionsrebuilding="0"/>
  </mem-info>
</gc-end>
<cycle-end id="233" type="partial gc" contextid="226" timestamp="2019-06-15T00:43:23.405" />
  <attribute name="elasticGC enabled" value="1" />
  <attribute name= "numThreadsSpecified" value="4" />
  <attribute name="heapSize specified" value="0" />
  <attribute name="Current GC Util" value="57" />
  <attribute name= "Current Time Running" value="62712" />
  <attribute name ="GC Interval" value="0" />
  <attribute name="ProportionalT" value="18.500000" />
  <attribute name="ProportionalI" value="18.500000" />
  <attribute name="ProportionalH" value="18.500000" />
  <attribute name="Current Error" value="37.000000" />
  <attribute name="IntegralT" value="37.000000" />
  <attribute name="IntegralI" value="37.000000" />
  <attribute name="IntegralH" value="37.000000" />
  <attribute name="DerivativeT" value="36.000000" />
  <attribute name="DerivativeI" value="36.000000" />
  <attribute name="DerivativeH" value="36.000000" />
  <attribute name="Loop Time for DT" value="1.000000" />
  <attribute name="Output H" value="8388608"/>
  <attribute name="Output I" value="200"/>
  <attribute name="Output T" value="4"/>
  <attribute name="Target GC Util Change" value ="20.000000" />
  <attribute name="Current GC Util Change" value="57.000000"/>
  <attribute name="GC Util currently" value="57" />
  <attribute name="CPU Util currently" value="17897088660906" />
<exclusive-end id="234" timestamp="2019-06-15T00:43:23.405" durationms="5.272" />

<exclusive-start id="235" timestamp="2019-06-15T00:43:23.420" intervalms="19.832">
  <response-info timems="0.067" idlems="0.067" threads="0" lastid="000000000120C700" lastname="main" />
</exclusive-start>
<allocation-taxation id="236" taxation-threshold="3145728" timestamp="2019-06-15T00:43:23.420" intervalms="19.795" />
<gc-start id="237" type="global mark phase" contextid="215" timestamp="2019-06-15T00:43:23.420">
  <mem-info id="238" free="4194304" total="19922944" percent="21">
    <remembered-set count="13408" freebytes="741632" totalbytes="795264" percent="93" regionsoverflowed="0" regionsstable="0" regionsrebuilding="0"/>
  </mem-info>
</gc-start>
<gc-op id="239" type="mark increment" timems="1.833" contextid="215" timestamp="2019-06-15T00:43:23.422">
  <trace-info objectcount="16017" scancount="14491" scanbytes="588380" />
  <cardclean-info objects="1634" bytes="77892" />
  <finalization candidates="80" enqueued="0" />
  <ownableSynchronizers candidates="22" cleared="0" />
  <references type="soft" candidates="1319" cleared="0" enqueued="0" dynamicThreshold="11" maxThreshold="32" />
  <references type="weak" candidates="4277" cleared="8" enqueued="7" />
  <references type="phantom" candidates="101" cleared="0" enqueued="0" />
  <stringconstants candidates="8298" cleared="0"  />
</gc-op>
<gc-op id="240" type="classunload" timems="0.005" contextid="215" timestamp="2019-06-15T00:43:23.422">
  <classunload-info classloadercandidates="14" classloadersunloaded="0" classesunloaded="0" anonymousclassesunloaded="0" quiescems="0.000" setupms="0.005" scanms="0.000" postms="0.000" />
</gc-op>
<gc-end id="241" type="global mark phase" contextid="215" durationms="2.170" usertimems="4.000" systemtimems="0.000" timestamp="2019-06-15T00:43:23.422" activeThreads="4">
  <mem-info id="242" free="4194304" total="19922944" percent="21">
    <pending-finalizers system="0" default="0" reference="7" classloader="0" />
    <remembered-set count="13408" freebytes="741632" totalbytes="795264" percent="93" regionsoverflowed="0" regionsstable="0" regionsrebuilding="0"/>
  </mem-info>
</gc-end>
<cycle-end id="243" type="global mark phase" contextid="215" timestamp="2019-06-15T00:43:23.422" />
  <attribute name="elasticGC enabled" value="1" />
  <attribute name= "numThreadsSpecified" value="4" />
  <attribute name="heapSize specified" value="0" />
  <attribute name="Current GC Util" value="92" />
  <attribute name= "Current Time Running" value="62732" />
  <attribute name ="GC Interval" value="0" />
  <attribute name="ProportionalT" value="36.000000" />
  <attribute name="ProportionalI" value="36.000000" />
  <attribute name="ProportionalH" value="36.000000" />
  <attribute name="Current Error" value="72.000000" />
  <attribute name="IntegralT" value="72.000000" />
  <attribute name="IntegralI" value="72.000000" />
  <attribute name="IntegralH" value="72.000000" />
  <attribute name="DerivativeT" value="-36.000000" />
  <attribute name="DerivativeI" value="-36.000000" />
  <attribute name="DerivativeH" value="-36.000000" />
  <attribute name="Loop Time for DT" value="1.000000" />
  <attribute name="Output H" value="8388608"/>
  <attribute name="Output I" value="200"/>
  <attribute name="Output T" value="4"/>
  <attribute name="Target GC Util Change" value ="20.000000" />
  <attribute name="Current GC Util Change" value="92.000000"/>
  <attribute name="GC Util currently" value="92" />
  <attribute name="CPU Util currently" value="8988712690047" />
<exclusive-end id="244" timestamp="2019-06-15T00:43:23.422" durationms="2.611" />

<exclusive-start id="245" timestamp="2019-06-15T00:43:23.478" intervalms="57.835">
  <response-info timems="0.161" idlems="0.161" threads="0" lastid="000000000120C700" lastname="main" />
</exclusive-start>
<allocation-taxation id="246" taxation-threshold="3145728" timestamp="2019-06-15T00:43:23.478" intervalms="58.160" />
<cycle-start id="247" type="partial gc" contextid="0" timestamp="2019-06-15T00:43:23.478" intervalms="78.183" />
<gc-start id="248" type="partial gc" contextid="247" timestamp="2019-06-15T00:43:23.479">
  <mem-info id="249" free="1048576" total="19922944" percent="5">
    <mem type="eden" free="0" total="6291456" percent="0" />
    <remembered-set count="13408" freebytes="741632" totalbytes="795264" percent="93" regionsoverflowed="0" regionsstable="0" regionsrebuilding="0"/>
  </mem-info>
</gc-start>
<allocation-stats totalBytes="6286136" >
  <allocated-bytes non-tlh="2552" tlh="6283584" arrayletleaf="0"/>
  <largest-consumer threadName="main" threadId="000000000120C700" bytes="3140768" />
</allocation-stats>
<gc-op id="250" type="sweep" timems="2.132" contextid="247" timestamp="2019-06-15T00:43:23.483" />
<gc-op id="251" type="copy forward" timems="9.725" contextid="247" timestamp="2019-06-15T00:43:23.495">
  <memory-copied type="eden" objects="5" bytes="336" bytesdiscarded="1466" />
  <memory-copied type="other" objects="5680" bytes="220672" bytesdiscarded="34918" />
  <memory-cardclean objects="453" bytes="44464" />
  <memory-traced type="eden" objects="18" bytes="31704" />
  <memory-traced type="other" objects="0" bytes="0" />
  <regions eden="3" other="4" evacuated="6" marked="1" />
  <remembered-set-cleared processed="11677" cleared="1816" durationms="0.461" />
  <references type="soft" candidates="224" cleared="0" enqueued="0" dynamicThreshold="6" maxThreshold="32" />
  <references type="weak" candidates="400" cleared="0" enqueued="0" />
  <stringconstants candidates="8299" cleared="0"  />
  <heap-resize type="expand" space="default" amount="1048576" count="1" timems="0.266" reason="continue current collection" />
</gc-op>
<gc-op id="252" type="classunload" timems="0.010" contextid="247" timestamp="2019-06-15T00:43:23.495">
  <classunload-info classloadercandidates="14" classloadersunloaded="0" classesunloaded="0" anonymousclassesunloaded="0" quiescems="0.000" setupms="0.009" scanms="0.000" postms="0.000" />
</gc-op>
<gc-op id="253" type="compact" timems="4.017" contextid="247" timestamp="2019-06-15T00:43:23.500">
  <compact-info movecount="26" movebytes="36424" />
  <remembered-set-cleared processed="22883" cleared="1823" durationms="0.461" />
</gc-op>
<heap-resize id="254" type="expand" space="default" amount="3145728" count="1" timems="0.369" reason="insufficient free space following gc" timestamp="2019-06-15T00:43:23.501" />
<gc-end id="255" type="partial gc" contextid="247" durationms="22.571" usertimems="32.000" systemtimems="0.000" timestamp="2019-06-15T00:43:23.502" activeThreads="4">
  <mem-info id="256" free="9437184" total="24117248" percent="39">
    <mem type="eden" free="2038984" total="2097152" percent="97" />
    <remembered-set count="13568" freebytes="908416" totalbytes="962688" percent="94" regionsoverflowed="0" regionsstable="0" regionsrebuilding="0"/>
  </mem-info>
</gc-end>
<cycle-end id="257" type="partial gc" contextid="247" timestamp="2019-06-15T00:43:23.503" />
  <attribute name="elasticGC enabled" value="1" />
  <attribute name= "numThreadsSpecified" value="4" />
  <attribute name="heapSize specified" value="0" />
  <attribute name="Current GC Util" value="87" />
  <attribute name= "Current Time Running" value="62806" />
  <attribute name ="GC Interval" value="0" />
  <attribute name="ProportionalT" value="33.500000" />
  <attribute name="ProportionalI" value="33.500000" />
  <attribute name="ProportionalH" value="33.500000" />
  <attribute name="Current Error" value="67.000000" />
  <attribute name="IntegralT" value="737.000000" />
  <attribute name="IntegralI" value="737.000000" />
  <attribute name="IntegralH" value="737.000000" />
  <attribute name="DerivativeT" value="2.454545" />
  <attribute name="DerivativeI" value="2.454545" />
  <attribute name="DerivativeH" value="2.454545" />
  <attribute name="Loop Time for DT" value="11.000000" />
  <attribute name="Output H" value="8388608"/>
  <attribute name="Output I" value="776"/>
  <attribute name="Output T" value="4"/>
  <attribute name="Target GC Util Change" value ="20.000000" />
  <attribute name="Current GC Util Change" value="87.000000"/>
  <attribute name="GC Util currently" value="87" />
  <attribute name="CPU Util currently" value="419308489554" />
<exclusive-end id="258" timestamp="2019-06-15T00:43:23.503" durationms="25.621" />

<exclusive-start id="259" timestamp="2019-06-15T00:43:23.662" intervalms="184.494">
  <response-info timems="0.049" idlems="0.049" threads="0" lastid="000000000120C700" lastname="main" />
</exclusive-start>
<sys-start reason="explicit" id="260" timestamp="2019-06-15T00:43:23.662" intervalms="63085.221" />
<cycle-start id="261" type="global garbage collect" contextid="0" timestamp="2019-06-15T00:43:23.662" intervalms="63085.289" />
<gc-start id="262" type="global garbage collect" contextid="261" timestamp="2019-06-15T00:43:23.662">
  <mem-info id="263" free="5694976" total="24117248" percent="23">
    <mem type="eden" free="1464248" total="5242880" percent="27" />
    <remembered-set count="13088" freebytes="910336" totalbytes="962688" percent="94" regionsoverflowed="0" regionsstable="0" regionsrebuilding="0"/>
  </mem-info>
</gc-start>
<allocation-stats totalBytes="3740176" >
  <allocated-bytes non-tlh="432240" tlh="3307936" arrayletleaf="0"/>
  <largest-consumer threadName="main" threadId="000000000120C700" bytes="3740176" />
</allocation-stats>
<gc-op id="264" type="global mark" timems="3.262" contextid="261" timestamp="2019-06-15T00:43:23.666">
  <trace-info objectcount="74491" scancount="60775" scanbytes="2098584" />
  <finalization candidates="80" enqueued="0" />
  <ownableSynchronizers candidates="22" cleared="0" />
  <references type="soft" candidates="1640" cleared="0" enqueued="0" dynamicThreshold="12" maxThreshold="32" />
  <references type="weak" candidates="4517" cleared="32" enqueued="30" />
  <references type="phantom" candidates="102" cleared="2" enqueued="2" />
  <stringconstants candidates="8669" cleared="15"  />
</gc-op>
<gc-op id="265" type="classunload" timems="0.626" contextid="261" timestamp="2019-06-15T00:43:23.667">
  <classunload-info classloadercandidates="17" classloadersunloaded="1" classesunloaded="1" anonymousclassesunloaded="0" quiescems="0.000" setupms="0.613" scanms="0.009" postms="0.003" />
</gc-op>
<gc-op id="266" type="sweep" timems="0.502" contextid="261" timestamp="2019-06-15T00:43:23.667" />
<gc-op id="267" type="compact" timems="5.261" contextid="261" timestamp="2019-06-15T00:43:23.673">
  <compact-info movecount="73392" movebytes="4207072" />
  <remembered-set-cleared processed="22603" cleared="22603" durationms="0.091" />
</gc-op>
<gc-end id="268" type="global garbage collect" contextid="261" durationms="10.795" usertimems="24.000" systemtimems="0.000" timestamp="2019-06-15T00:43:23.673" activeThreads="4">
  <mem-info id="269" free="9437184" total="24117248" percent="39">
    <pending-finalizers system="0" default="0" reference="32" classloader="0" />
    <remembered-set count="10752" freebytes="919680" totalbytes="962688" percent="95" regionsoverflowed="0" regionsstable="0" regionsrebuilding="0"/>
  </mem-info>
</gc-end>
<cycle-end id="270" type="global garbage collect" contextid="261" timestamp="2019-06-15T00:43:23.673" />
  <attribute name="elasticGC enabled" value="1" />
  <attribute name= "numThreadsSpecified" value="4" />
  <attribute name="heapSize specified" value="0" />
  <attribute name="Current GC Util" value="32" />
  <attribute name= "Current Time Running" value="62978" />
  <attribute name ="GC Interval" value="0" />
  <attribute name="ProportionalT" value="6.000000" />
  <attribute name="ProportionalI" value="6.000000" />
  <attribute name="ProportionalH" value="6.000000" />
  <attribute name="Current Error" value="12.000000" />
  <attribute name="IntegralT" value="12.000000" />
  <attribute name="IntegralI" value="12.000000" />
  <attribute name="IntegralH" value="12.000000" />
  <attribute name="DerivativeT" value="-87.000000" />
  <attribute name="DerivativeI" value="-87.000000" />
  <attribute name="DerivativeH" value="-87.000000" />
  <attribute name="Loop Time for DT" value="1.000000" />
  <attribute name="Output H" value="2091843584"/>
  <attribute name="Output I" value="200"/>
  <attribute name="Output T" value="4"/>
  <attribute name="Target GC Util Change" value ="20.000000" />
  <attribute name="Current GC Util Change" value="32.000000"/>
  <attribute name="GC Util currently" value="32" />
  <attribute name="CPU Util currently" value="6205433771890" />
<sys-end id="271" timestamp="2019-06-15T00:43:23.674" />
<exclusive-end id="272" timestamp="2019-06-15T00:43:23.674" durationms="11.681" />

<exclusive-start id="273" timestamp="2019-06-15T00:43:23.778" intervalms="116.047">
  <response-info timems="0.067" idlems="0.067" threads="0" lastid="000000000120C700" lastname="main" />
</exclusive-start>
<allocation-taxation id="274" taxation-threshold="9437184" timestamp="2019-06-15T00:43:23.778" intervalms="300.233" />
<cycle-start id="275" type="partial gc" contextid="0" timestamp="2019-06-15T00:43:23.778" intervalms="299.824" />
<gc-start id="276" type="partial gc" contextid="275" timestamp="2019-06-15T00:43:23.779">
  <mem-info id="277" free="0" total="24117248" percent="0">
    <mem type="eden" free="0" total="9437184" percent="0" />
    <remembered-set count="10368" freebytes="921216" totalbytes="962688" percent="95" regionsoverflowed="0" regionsstable="0" regionsrebuilding="0"/>
  </mem-info>
</gc-start>
<allocation-stats totalBytes="9435208" >
  <allocated-bytes non-tlh="529840" tlh="8905368" arrayletleaf="0"/>
  <largest-consumer threadName="main" threadId="000000000120C700" bytes="9426960" />
</allocation-stats>
<gc-op id="278" type="mark" timems="1.784" contextid="275" timestamp="2019-06-15T00:43:23.781">
  <trace-info objectcount="19333" scancount="17412" scanbytes="748820" />
  <cardclean-info objects="582" bytes="24236" />
  <remembered-set-cleared processed="8692" cleared="118" durationms="0.127" />
  <references type="soft" candidates="2" cleared="0" enqueued="0" dynamicThreshold="12" maxThreshold="32" />
  <references type="weak" candidates="14" cleared="10" enqueued="10" />
  <references type="phantom" candidates="6" cleared="2" enqueued="2" />
  <stringconstants candidates="8677" cleared="0"  />
  <warning details="Mark invoked due to insufficient free space for Copy-Forward" />
</gc-op>
<gc-op id="279" type="classunload" timems="0.003" contextid="275" timestamp="2019-06-15T00:43:23.781">
  <classunload-info classloadercandidates="16" classloadersunloaded="0" classesunloaded="0" anonymousclassesunloaded="0" quiescems="0.000" setupms="0.003" scanms="0.000" postms="0.000" />
</gc-op>
<gc-op id="280" type="sweep" timems="0.400" contextid="275" timestamp="2019-06-15T00:43:23.782" />
<gc-op id="281" type="compact" timems="2.527" contextid="275" timestamp="2019-06-15T00:43:23.785">
  <compact-info movecount="19333" movebytes="1411200" />
  <remembered-set-cleared processed="20361" cleared="3196" durationms="0.127" />
</gc-op>
<heap-resize id="282" type="expand" space="default" amount="2097152" count="1" timems="0.071" reason="insufficient free space following gc" timestamp="2019-06-15T00:43:23.785" />
<gc-end id="283" type="partial gc" contextid="275" durationms="6.433" usertimems="16.000" systemtimems="0.000" timestamp="2019-06-15T00:43:23.785" activeThreads="4">
  <mem-info id="284" free="9437184" total="26214400" percent="36">
    <mem type="eden" free="685000" total="2097152" percent="32" />
    <pending-finalizers system="0" default="0" reference="12" classloader="0" />
    <remembered-set count="13056" freebytes="994176" totalbytes="1046400" percent="95" regionsoverflowed="0" regionsstable="0" regionsrebuilding="0"/>
  </mem-info>
</gc-end>
<cycle-end id="285" type="partial gc" contextid="275" timestamp="2019-06-15T00:43:23.785" />
  <attribute name="elasticGC enabled" value="1" />
  <attribute name= "numThreadsSpecified" value="4" />
  <attribute name="heapSize specified" value="0" />
  <attribute name="Current GC Util" value="31" />
  <attribute name= "Current Time Running" value="63092" />
  <attribute name ="GC Interval" value="0" />
  <attribute name="ProportionalT" value="5.500000" />
  <attribute name="ProportionalI" value="5.500000" />
  <attribute name="ProportionalH" value="5.500000" />
  <attribute name="Current Error" value="11.000000" />
  <attribute name="IntegralT" value="0.000000" />
  <attribute name="IntegralI" value="0.000000" />
  <attribute name="IntegralH" value="0.000000" />
  <attribute name="DerivativeT" value="-inf" />
  <attribute name="DerivativeI" value="-inf" />
  <attribute name="DerivativeH" value="-inf" />
  <attribute name="Loop Time for DT" value="0.000000" />
  <attribute name="Output H" value="2091843584"/>
  <attribute name="Output I" value="200"/>
  <attribute name="Output T" value="4"/>
  <attribute name="Target GC Util Change" value ="20.000000" />
  <attribute name="Current GC Util Change" value="31.000000"/>
  <attribute name="GC Util currently" value="31" />
  <attribute name="CPU Util currently" value="7081348942230" />
<exclusive-end id="286" timestamp="2019-06-15T00:43:23.785" durationms="7.432" />

<exclusive-start id="287" timestamp="2019-06-15T00:43:23.880" intervalms="101.863">
  <response-info timems="0.073" idlems="0.073" threads="0" lastid="000000000120C700" lastname="main" />
</exclusive-start>
<allocation-taxation id="288" taxation-threshold="9437184" timestamp="2019-06-15T00:43:23.880" intervalms="101.811" />
<cycle-start id="289" type="partial gc" contextid="0" timestamp="2019-06-15T00:43:23.880" intervalms="101.825" />
<gc-start id="290" type="partial gc" contextid="289" timestamp="2019-06-15T00:43:23.880">
  <mem-info id="291" free="0" total="26214400" percent="0">
    <mem type="eden" free="0" total="9437184" percent="0" />
    <remembered-set count="12800" freebytes="995200" totalbytes="1046400" percent="95" regionsoverflowed="0" regionsstable="0" regionsrebuilding="0"/>
  </mem-info>
</gc-start>
<allocation-stats totalBytes="9435568" >
  <allocated-bytes non-tlh="406192" tlh="9029376" arrayletleaf="0"/>
  <largest-consumer threadName="main" threadId="000000000120C700" bytes="9435568" />
</allocation-stats>
<gc-op id="292" type="mark" timems="1.912" contextid="289" timestamp="2019-06-15T00:43:23.883">
  <trace-info objectcount="17613" scancount="13171" scanbytes="445360" />
  <cardclean-info objects="691" bytes="41512" />
  <remembered-set-cleared processed="10419" cleared="2053" durationms="0.150" />
  <references type="soft" candidates="59" cleared="0" enqueued="0" dynamicThreshold="11" maxThreshold="32" />
  <references type="weak" candidates="166" cleared="18" enqueued="15" />
  <references type="phantom" candidates="4" cleared="0" enqueued="0" />
  <stringconstants candidates="10884" cleared="0"  />
  <warning details="Mark invoked due to insufficient free space for Copy-Forward" />
</gc-op>
<gc-op id="293" type="classunload" timems="0.003" contextid="289" timestamp="2019-06-15T00:43:23.883">
  <classunload-info classloadercandidates="17" classloadersunloaded="0" classesunloaded="0" anonymousclassesunloaded="0" quiescems="0.000" setupms="0.003" scanms="0.000" postms="0.000" />
</gc-op>
<gc-op id="294" type="sweep" timems="0.448" contextid="289" timestamp="2019-06-15T00:43:23.884" />
<gc-op id="295" type="compact" timems="3.119" contextid="289" timestamp="2019-06-15T00:43:23.887">
  <compact-info movecount="17533" movebytes="1296928" />
  <remembered-set-cleared processed="21875" cleared="5099" durationms="0.150" />
</gc-op>
<gc-end id="296" type="partial gc" contextid="289" durationms="6.868" usertimems="8.000" systemtimems="0.000" timestamp="2019-06-15T00:43:23.887" activeThreads="1">
  <mem-info id="297" free="9437184" total="26214400" percent="36">
    <mem type="eden" free="47616" total="1048576" percent="4" />
    <pending-finalizers system="0" default="0" reference="15" classloader="0" />
    <remembered-set count="11392" freebytes="1000832" totalbytes="1046400" percent="95" regionsoverflowed="0" regionsstable="0" regionsrebuilding="0"/>
  </mem-info>
</gc-end>
<cycle-end id="298" type="partial gc" contextid="289" timestamp="2019-06-15T00:43:23.887" />
  <attribute name="elasticGC enabled" value="1" />
  <attribute name= "numThreadsSpecified" value="1" />
  <attribute name="heapSize specified" value="0" />
  <attribute name="Current GC Util" value="34" />
  <attribute name= "Current Time Running" value="63194" />
  <attribute name ="GC Interval" value="0" />
  <attribute name="ProportionalT" value="7.000000" />
  <attribute name="ProportionalI" value="7.000000" />
  <attribute name="ProportionalH" value="7.000000" />
  <attribute name="Current Error" value="14.000000" />
  <attribute name="IntegralT" value="0.000000" />
  <attribute name="IntegralI" value="0.000000" />
  <attribute name="IntegralH" value="0.000000" />
  <attribute name="DerivativeT" value="inf" />
  <attribute name="DerivativeI" value="inf" />
  <attribute name="DerivativeH" value="inf" />
  <attribute name="Loop Time for DT" value="0.000000" />
  <attribute name="Output H" value="8388608"/>
  <attribute name="Output I" value="200"/>
  <attribute name="Output T" value="1"/>
  <attribute name="Target GC Util Change" value ="20.000000" />
  <attribute name="Current GC Util Change" value="34.000000"/>
  <attribute name="GC Util currently" value="34" />
  <attribute name="CPU Util currently" value="6457659695595" />
<exclusive-end id="299" timestamp="2019-06-15T00:43:23.888" durationms="7.769" />

<exclusive-start id="300" timestamp="2019-06-15T00:43:24.030" intervalms="150.583">
  <response-info timems="0.072" idlems="0.072" threads="0" lastid="000000000120C700" lastname="main" />
</exclusive-start>
<allocation-taxation id="301" taxation-threshold="9437184" timestamp="2019-06-15T00:43:24.031" intervalms="150.631" />
<cycle-start id="302" type="partial gc" contextid="0" timestamp="2019-06-15T00:43:24.031" intervalms="150.617" />
<gc-start id="303" type="partial gc" contextid="302" timestamp="2019-06-15T00:43:24.031">
  <mem-info id="304" free="0" total="26214400" percent="0">
    <mem type="eden" free="0" total="9437184" percent="0" />
    <remembered-set count="11328" freebytes="1001088" totalbytes="1046400" percent="95" regionsoverflowed="0" regionsstable="0" regionsrebuilding="0"/>
  </mem-info>
</gc-start>
<allocation-stats totalBytes="9434896" >
  <allocated-bytes non-tlh="219656" tlh="9215240" arrayletleaf="0"/>
  <largest-consumer threadName="main" threadId="000000000120C700" bytes="9434896" />
</allocation-stats>
<gc-op id="305" type="mark" timems="2.128" contextid="302" timestamp="2019-06-15T00:43:24.034">
  <trace-info objectcount="21058" scancount="15932" scanbytes="522420" />
  <cardclean-info objects="389" bytes="37736" />
  <remembered-set-cleared processed="9797" cleared="1229" durationms="0.155" />
  <references type="soft" candidates="89" cleared="0" enqueued="0" dynamicThreshold="11" maxThreshold="32" />
  <references type="weak" candidates="152" cleared="2" enqueued="2" />
  <stringconstants candidates="10993" cleared="0"  />
  <warning details="Mark invoked due to insufficient free space for Copy-Forward" />
</gc-op>
<gc-op id="306" type="classunload" timems="0.003" contextid="302" timestamp="2019-06-15T00:43:24.034">
  <classunload-info classloadercandidates="18" classloadersunloaded="0" classesunloaded="0" anonymousclassesunloaded="0" quiescems="0.000" setupms="0.003" scanms="0.000" postms="0.000" />
</gc-op>
<gc-op id="307" type="sweep" timems="0.505" contextid="302" timestamp="2019-06-15T00:43:24.035" />
<gc-op id="308" type="compact" timems="3.579" contextid="302" timestamp="2019-06-15T00:43:24.039">
  <compact-info movecount="20930" movebytes="885104" />
  <remembered-set-cleared processed="22221" cleared="5077" durationms="0.155" />
</gc-op>
<heap-resize id="309" type="expand" space="default" amount="3145728" count="1" timems="0.066" reason="insufficient free space following gc" timestamp="2019-06-15T00:43:24.039" />
<gc-end id="310" type="partial gc" contextid="302" durationms="7.989" usertimems="8.000" systemtimems="0.000" timestamp="2019-06-15T00:43:24.039" activeThreads="1">
  <mem-info id="311" free="11534336" total="29360128" percent="39">
    <mem type="eden" free="612744" total="1048576" percent="58" />
    <pending-finalizers system="0" default="0" reference="2" classloader="0" />
    <remembered-set count="12064" freebytes="1123712" totalbytes="1171968" percent="95" regionsoverflowed="0" regionsstable="0" regionsrebuilding="0"/>
  </mem-info>
</gc-end>
<cycle-end id="312" type="partial gc" contextid="302" timestamp="2019-06-15T00:43:24.039" />
  <attribute name="elasticGC enabled" value="1" />
  <attribute name= "numThreadsSpecified" value="1" />
  <attribute name="heapSize specified" value="0" />
  <attribute name="Current GC Util" value="37" />
  <attribute name= "Current Time Running" value="63345" />
  <attribute name ="GC Interval" value="0" />
  <attribute name="ProportionalT" value="8.500000" />
  <attribute name="ProportionalI" value="8.500000" />
  <attribute name="ProportionalH" value="8.500000" />
  <attribute name="Current Error" value="17.000000" />
  <attribute name="IntegralT" value="0.000000" />
  <attribute name="IntegralI" value="0.000000" />
  <attribute name="IntegralH" value="0.000000" />
  <attribute name="DerivativeT" value="inf" />
  <attribute name="DerivativeI" value="inf" />
  <attribute name="DerivativeH" value="inf" />
  <attribute name="Loop Time for DT" value="0.000000" />
  <attribute name="Output H" value="8388608"/>
  <attribute name="Output I" value="200"/>
  <attribute name="Output T" value="1"/>
  <attribute name="Target GC Util Change" value ="20.000000" />
  <attribute name="Current GC Util Change" value="37.000000"/>
  <attribute name="GC Util currently" value="37" />
  <attribute name="CPU Util currently" value="5973918688759" />
<exclusive-end id="313" timestamp="2019-06-15T00:43:24.039" durationms="8.922" />

<exclusive-start id="314" timestamp="2019-06-15T00:43:24.113" intervalms="82.442">
  <response-info timems="0.027" idlems="0.027" threads="0" lastid="000000000120C700" lastname="main" />
</exclusive-start>
<allocation-taxation id="315" taxation-threshold="11534336" timestamp="2019-06-15T00:43:24.113" intervalms="82.425" />
<cycle-start id="316" type="partial gc" contextid="0" timestamp="2019-06-15T00:43:24.113" intervalms="82.431" />
<gc-start id="317" type="partial gc" contextid="316" timestamp="2019-06-15T00:43:24.113">
  <mem-info id="318" free="0" total="29360128" percent="0">
    <mem type="eden" free="0" total="11534336" percent="0" />
    <remembered-set count="12032" freebytes="1123840" totalbytes="1171968" percent="95" regionsoverflowed="0" regionsstable="0" regionsrebuilding="0"/>
  </mem-info>
</gc-start>
<allocation-stats totalBytes="11532232" >
  <allocated-bytes non-tlh="217744" tlh="11314488" arrayletleaf="0"/>
  <largest-consumer threadName="main" threadId="000000000120C700" bytes="11528136" />
</allocation-stats>
<gc-op id="319" type="mark" timems="1.836" contextid="316" timestamp="2019-06-15T00:43:24.116">
  <trace-info objectcount="14970" scancount="13606" scanbytes="603904" />
  <cardclean-info objects="428" bytes="29588" />
  <remembered-set-cleared processed="10562" cleared="1284" durationms="0.159" />
  <references type="soft" candidates="33" cleared="0" enqueued="0" dynamicThreshold="12" maxThreshold="32" />
  <references type="weak" candidates="24" cleared="0" enqueued="0" />
  <references type="phantom" candidates="1" cleared="0" enqueued="0" />
  <stringconstants candidates="11056" cleared="0"  />
  <warning details="Mark invoked due to insufficient free space for Copy-Forward" />
</gc-op>
<gc-op id="320" type="classunload" timems="0.003" contextid="316" timestamp="2019-06-15T00:43:24.116">
  <classunload-info classloadercandidates="19" classloadersunloaded="0" classesunloaded="0" anonymousclassesunloaded="0" quiescems="0.000" setupms="0.003" scanms="0.000" postms="0.000" />
</gc-op>
<gc-op id="321" type="sweep" timems="0.457" contextid="316" timestamp="2019-06-15T00:43:24.117" />
<gc-op id="322" type="compact" timems="3.124" contextid="316" timestamp="2019-06-15T00:43:24.120">
  <compact-info movecount="14962" movebytes="984080" />
  <remembered-set-cleared processed="22730" cleared="4104" durationms="0.159" />
</gc-op>
<gc-end id="323" type="partial gc" contextid="316" durationms="6.840" usertimems="4.000" systemtimems="0.000" timestamp="2019-06-15T00:43:24.120" activeThreads="1">
  <mem-info id="324" free="10485760" total="29360128" percent="35">
    <mem type="eden" free="104080" total="1048576" percent="9" />
    <remembered-set count="12736" freebytes="1121024" totalbytes="1171968" percent="95" regionsoverflowed="0" regionsstable="0" regionsrebuilding="0"/>
  </mem-info>
</gc-end>
<cycle-end id="325" type="partial gc" contextid="316" timestamp="2019-06-15T00:43:24.120" />
  <attribute name="elasticGC enabled" value="1" />
  <attribute name= "numThreadsSpecified" value="1" />
  <attribute name="heapSize specified" value="0" />
  <attribute name="Current GC Util" value="34" />
  <attribute name= "Current Time Running" value="63427" />
  <attribute name ="GC Interval" value="0" />
  <attribute name="ProportionalT" value="7.000000" />
  <attribute name="ProportionalI" value="7.000000" />
  <attribute name="ProportionalH" value="7.000000" />
  <attribute name="Current Error" value="14.000000" />
  <attribute name="IntegralT" value="0.000000" />
  <attribute name="IntegralI" value="0.000000" />
  <attribute name="IntegralH" value="0.000000" />
  <attribute name="DerivativeT" value="inf" />
  <attribute name="DerivativeI" value="inf" />
  <attribute name="DerivativeH" value="inf" />
  <attribute name="Loop Time for DT" value="0.000000" />
  <attribute name="Output H" value="8388608"/>
  <attribute name="Output I" value="200"/>
  <attribute name="Output T" value="1"/>
  <attribute name="Target GC Util Change" value ="20.000000" />
  <attribute name="Current GC Util Change" value="34.000000"/>
  <attribute name="GC Util currently" value="34" />
  <attribute name="CPU Util currently" value="6862811816349" />
<exclusive-end id="326" timestamp="2019-06-15T00:43:24.121" durationms="7.711" />

<exclusive-start id="327" timestamp="2019-06-15T00:43:24.228" intervalms="114.777">
  <response-info timems="0.043" idlems="0.043" threads="0" lastid="000000000120C700" lastname="main" />
</exclusive-start>
<allocation-taxation id="328" taxation-threshold="10485760" timestamp="2019-06-15T00:43:24.228" intervalms="114.809" />
<cycle-start id="329" type="partial gc" contextid="0" timestamp="2019-06-15T00:43:24.228" intervalms="114.845" />
<gc-start id="330" type="partial gc" contextid="329" timestamp="2019-06-15T00:43:24.228">
  <mem-info id="331" free="0" total="29360128" percent="0">
    <mem type="eden" free="0" total="10485760" percent="0" />
    <remembered-set count="12576" freebytes="1121664" totalbytes="1171968" percent="95" regionsoverflowed="0" regionsstable="0" regionsrebuilding="0"/>
  </mem-info>
</gc-start>
<allocation-stats totalBytes="10484432" >
  <allocated-bytes non-tlh="203784" tlh="10280648" arrayletleaf="0"/>
  <largest-consumer threadName="main" threadId="000000000120C700" bytes="10484432" />
</allocation-stats>
<gc-op id="332" type="mark" timems="1.795" contextid="329" timestamp="2019-06-15T00:43:24.231">
  <trace-info objectcount="5137" scancount="4587" scanbytes="198048" />
  <cardclean-info objects="391" bytes="18344" />
  <remembered-set-cleared processed="11108" cleared="1605" durationms="0.173" />
  <references type="soft" candidates="11" cleared="0" enqueued="0" dynamicThreshold="11" maxThreshold="32" />
  <references type="weak" candidates="22" cleared="0" enqueued="0" />
  <references type="phantom" candidates="1" cleared="0" enqueued="0" />
  <stringconstants candidates="11120" cleared="0"  />
  <warning details="Mark invoked due to insufficient free space for Copy-Forward" />
</gc-op>
<gc-op id="333" type="classunload" timems="0.005" contextid="329" timestamp="2019-06-15T00:43:24.231">
  <classunload-info classloadercandidates="20" classloadersunloaded="0" classesunloaded="0" anonymousclassesunloaded="0" quiescems="0.000" setupms="0.004" scanms="0.000" postms="0.000" />
</gc-op>
<gc-op id="334" type="sweep" timems="0.570" contextid="329" timestamp="2019-06-15T00:43:24.232" />
<gc-op id="335" type="compact" timems="1.986" contextid="329" timestamp="2019-06-15T00:43:24.234">
  <compact-info movecount="5137" movebytes="473856" />
  <remembered-set-cleared processed="21885" cleared="2834" durationms="0.173" />
</gc-op>
<heap-resize id="336" type="expand" space="default" amount="1048576" count="1" timems="0.073" reason="insufficient free space following gc" timestamp="2019-06-15T00:43:24.235" />
<gc-end id="337" type="partial gc" contextid="329" durationms="6.397" usertimems="8.000" systemtimems="0.000" timestamp="2019-06-15T00:43:24.235" activeThreads="4">
  <mem-info id="338" free="10485760" total="30408704" percent="34">
    <mem type="eden" free="603184" total="1048576" percent="57" />
    <remembered-set count="12640" freebytes="1163264" totalbytes="1213824" percent="95" regionsoverflowed="0" regionsstable="0" regionsrebuilding="0"/>
  </mem-info>
</gc-end>
<cycle-end id="339" type="partial gc" contextid="329" timestamp="2019-06-15T00:43:24.235" />
  <attribute name="elasticGC enabled" value="1" />
  <attribute name= "numThreadsSpecified" value="4" />
  <attribute name="heapSize specified" value="0" />
  <attribute name="Current GC Util" value="26" />
  <attribute name= "Current Time Running" value="63543" />
  <attribute name ="GC Interval" value="0" />
  <attribute name="ProportionalT" value="3.000000" />
  <attribute name="ProportionalI" value="3.000000" />
  <attribute name="ProportionalH" value="3.000000" />
  <attribute name="Current Error" value="6.000000" />
  <attribute name="IntegralT" value="6.000000" />
  <attribute name="IntegralI" value="6.000000" />
  <attribute name="IntegralH" value="6.000000" />
  <attribute name="DerivativeT" value="-82.000000" />
  <attribute name="DerivativeI" value="-82.000000" />
  <attribute name="DerivativeH" value="-82.000000" />
  <attribute name="Loop Time for DT" value="1.000000" />
  <attribute name="Output H" value="2091843584"/>
  <attribute name="Output I" value="200"/>
  <attribute name="Output T" value="4"/>
  <attribute name="Target GC Util Change" value ="20.000000" />
  <attribute name="Current GC Util Change" value="26.000000"/>
  <attribute name="GC Util currently" value="26" />
  <attribute name="CPU Util currently" value="5236945932399" />
<exclusive-end id="340" timestamp="2019-06-15T00:43:24.235" durationms="7.422" />

<exclusive-start id="341" timestamp="2019-06-15T00:43:24.542" intervalms="314.180">
  <response-info timems="0.030" idlems="0.030" threads="0" lastid="000000000120C700" lastname="main" />
</exclusive-start>
<allocation-taxation id="342" taxation-threshold="10485760" timestamp="2019-06-15T00:43:24.542" intervalms="314.172" />
<cycle-start id="343" type="partial gc" contextid="0" timestamp="2019-06-15T00:43:24.542" intervalms="314.134" />
<gc-start id="344" type="partial gc" contextid="343" timestamp="2019-06-15T00:43:24.542">
  <mem-info id="345" free="0" total="30408704" percent="0">
    <mem type="eden" free="603184" total="11534336" percent="5" />
    <remembered-set count="12448" freebytes="1164032" totalbytes="1213824" percent="95" regionsoverflowed="0" regionsstable="0" regionsrebuilding="0"/>
  </mem-info>
</gc-start>
<allocation-stats totalBytes="10483224" >
  <allocated-bytes non-tlh="213320" tlh="10269904" arrayletleaf="0"/>
  <largest-consumer threadName="main" threadId="000000000120C700" bytes="10483224" />
</allocation-stats>
<gc-op id="346" type="mark" timems="1.845" contextid="343" timestamp="2019-06-15T00:43:24.545">
  <trace-info objectcount="21135" scancount="19105" scanbytes="847344" />
  <cardclean-info objects="395" bytes="26920" />
  <remembered-set-cleared processed="10494" cleared="826" durationms="0.134" />
  <references type="soft" candidates="11" cleared="0" enqueued="0" dynamicThreshold="11" maxThreshold="32" />
  <references type="weak" candidates="205" cleared="0" enqueued="0" />
  <references type="phantom" candidates="1" cleared="0" enqueued="0" />
  <stringconstants candidates="11306" cleared="0"  />
  <warning details="Mark invoked due to insufficient free space for Copy-Forward" />
</gc-op>
<gc-op id="347" type="classunload" timems="0.003" contextid="343" timestamp="2019-06-15T00:43:24.545">
  <classunload-info classloadercandidates="21" classloadersunloaded="0" classesunloaded="0" anonymousclassesunloaded="0" quiescems="0.000" setupms="0.003" scanms="0.000" postms="0.000" />
</gc-op>
<gc-op id="348" type="sweep" timems="0.356" contextid="343" timestamp="2019-06-15T00:43:24.546" />
<gc-op id="349" type="compact" timems="2.732" contextid="343" timestamp="2019-06-15T00:43:24.548">
  <compact-info movecount="21135" movebytes="1222496" />
  <remembered-set-cleared processed="24013" cleared="4642" durationms="0.134" />
</gc-op>
<heap-resize id="350" type="expand" space="default" amount="3145728" count="1" timems="0.064" reason="insufficient free space following gc" timestamp="2019-06-15T00:43:24.549" />
<gc-end id="351" type="partial gc" contextid="343" durationms="6.479" usertimems="12.000" systemtimems="0.000" timestamp="2019-06-15T00:43:24.549" activeThreads="4">
  <mem-info id="352" free="11534336" total="33554432" percent="34">
    <mem type="eden" free="1923232" total="3145728" percent="61" />
    <remembered-set count="14688" freebytes="1280640" totalbytes="1339392" percent="95" regionsoverflowed="0" regionsstable="0" regionsrebuilding="0"/>
  </mem-info>
</gc-end>
<cycle-end id="353" type="partial gc" contextid="343" timestamp="2019-06-15T00:43:24.549" />
  <attribute name="elasticGC enabled" value="1" />
  <attribute name= "numThreadsSpecified" value="4" />
  <attribute name="heapSize specified" value="0" />
  <attribute name="Current GC Util" value="36" />
  <attribute name= "Current Time Running" value="63856" />
  <attribute name ="GC Interval" value="0" />
  <attribute name="ProportionalT" value="8.000000" />
  <attribute name="ProportionalI" value="8.000000" />
  <attribute name="ProportionalH" value="8.000000" />
  <attribute name="Current Error" value="16.000000" />
  <attribute name="IntegralT" value="0.000000" />
  <attribute name="IntegralI" value="0.000000" />
  <attribute name="IntegralH" value="0.000000" />
  <attribute name="DerivativeT" value="-inf" />
  <attribute name="DerivativeI" value="-inf" />
  <attribute name="DerivativeH" value="-inf" />
  <attribute name="Loop Time for DT" value="0.000000" />
  <attribute name="Output H" value="2091843584"/>
  <attribute name="Output I" value="200"/>
  <attribute name="Output T" value="4"/>
  <attribute name="Target GC Util Change" value ="20.000000" />
  <attribute name="Current GC Util Change" value="36.000000"/>
  <attribute name="GC Util currently" value="36" />
  <attribute name="CPU Util currently" value="8037208621747" />
<exclusive-end id="354" timestamp="2019-06-15T00:43:24.549" durationms="7.321" />

<exclusive-start id="355" timestamp="2019-06-15T00:43:24.583" intervalms="41.576">
  <response-info timems="0.036" idlems="0.036" threads="0" lastid="000000000120C700" lastname="main" />
</exclusive-start>
<allocation-taxation id="356" taxation-threshold="11534336" timestamp="2019-06-15T00:43:24.584" intervalms="41.564" />
<cycle-start id="357" type="partial gc" contextid="0" timestamp="2019-06-15T00:43:24.584" intervalms="41.558" />
<gc-start id="358" type="partial gc" contextid="357" timestamp="2019-06-15T00:43:24.584">
  <mem-info id="359" free="0" total="33554432" percent="0">
    <mem type="eden" free="0" total="11534336" percent="0" />
    <remembered-set count="14528" freebytes="1281280" totalbytes="1339392" percent="95" regionsoverflowed="0" regionsstable="0" regionsrebuilding="0"/>
  </mem-info>
</gc-start>
<allocation-stats totalBytes="11532840" >
  <allocated-bytes non-tlh="0" tlh="11532840" arrayletleaf="0"/>
  <largest-consumer threadName="main" threadId="000000000120C700" bytes="11532840" />
</allocation-stats>
<gc-op id="360" type="mark" timems="2.780" contextid="357" timestamp="2019-06-15T00:43:24.587">
  <trace-info objectcount="32154" scancount="27647" scanbytes="1091700" />
  <cardclean-info objects="156" bytes="18476" />
  <remembered-set-cleared processed="12047" cleared="2117" durationms="0.175" />
  <references type="soft" candidates="1" cleared="0" enqueued="0" dynamicThreshold="11" maxThreshold="32" />
  <references type="weak" candidates="203" cleared="0" enqueued="0" />
  <stringconstants candidates="11306" cleared="0"  />
  <warning details="Mark invoked due to insufficient free space for Copy-Forward" />
</gc-op>
<gc-op id="361" type="classunload" timems="0.004" contextid="357" timestamp="2019-06-15T00:43:24.588">
  <classunload-info classloadercandidates="21" classloadersunloaded="0" classesunloaded="0" anonymousclassesunloaded="0" quiescems="0.000" setupms="0.004" scanms="0.000" postms="0.000" />
</gc-op>
<gc-op id="362" type="sweep" timems="0.522" contextid="357" timestamp="2019-06-15T00:43:24.588" />
<gc-op id="363" type="compact" timems="3.271" contextid="357" timestamp="2019-06-15T00:43:24.592">
  <compact-info movecount="31878" movebytes="1354968" />
  <remembered-set-cleared processed="27713" cleared="7850" durationms="0.175" />
</gc-op>
<gc-end id="364" type="partial gc" contextid="357" durationms="8.082" usertimems="12.000" systemtimems="0.000" timestamp="2019-06-15T00:43:24.592" activeThreads="4">
  <mem-info id="365" free="11534336" total="33554432" percent="34">
    <mem type="eden" free="213976" total="1048576" percent="20" />
    <remembered-set count="17024" freebytes="1271296" totalbytes="1339392" percent="94" regionsoverflowed="0" regionsstable="0" regionsrebuilding="0"/>
  </mem-info>
</gc-end>
<cycle-end id="366" type="partial gc" contextid="357" timestamp="2019-06-15T00:43:24.592" />
  <attribute name="elasticGC enabled" value="1" />
  <attribute name= "numThreadsSpecified" value="4" />
  <attribute name="heapSize specified" value="0" />
  <attribute name="Current GC Util" value="42" />
  <attribute name= "Current Time Running" value="63899" />
  <attribute name ="GC Interval" value="0" />
  <attribute name="ProportionalT" value="11.000000" />
  <attribute name="ProportionalI" value="11.000000" />
  <attribute name="ProportionalH" value="11.000000" />
  <attribute name="Current Error" value="22.000000" />
  <attribute name="IntegralT" value="22.000000" />
  <attribute name="IntegralI" value="22.000000" />
  <attribute name="IntegralH" value="22.000000" />
  <attribute name="DerivativeT" value="22.000000" />
  <attribute name="DerivativeI" value="22.000000" />
  <attribute name="DerivativeH" value="22.000000" />
  <attribute name="Loop Time for DT" value="1.000000" />
  <attribute name="Output H" value="8388608"/>
  <attribute name="Output I" value="200"/>
  <attribute name="Output T" value="4"/>
  <attribute name="Target GC Util Change" value ="20.000000" />
  <attribute name="Current GC Util Change" value="42.000000"/>
  <attribute name="GC Util currently" value="42" />
  <attribute name="CPU Util currently" value="5912304262442" />
<exclusive-end id="367" timestamp="2019-06-15T00:43:24.592" durationms="8.902" />

<exclusive-start id="368" timestamp="2019-06-15T00:43:24.913" intervalms="329.442">
  <response-info timems="0.035" idlems="0.035" threads="0" lastid="000000000120C700" lastname="main" />
</exclusive-start>
<allocation-taxation id="369" taxation-threshold="11534336" timestamp="2019-06-15T00:43:24.913" intervalms="329.405" />
<cycle-start id="370" type="partial gc" contextid="0" timestamp="2019-06-15T00:43:24.913" intervalms="329.410" />
<gc-start id="371" type="partial gc" contextid="370" timestamp="2019-06-15T00:43:24.913">
  <mem-info id="372" free="0" total="33554432" percent="0">
    <mem type="eden" free="0" total="11534336" percent="0" />
    <remembered-set count="16544" freebytes="1273216" totalbytes="1339392" percent="95" regionsoverflowed="0" regionsstable="0" regionsrebuilding="0"/>
  </mem-info>
</gc-start>
<allocation-stats totalBytes="11532032" >
  <allocated-bytes non-tlh="910064" tlh="10621968" arrayletleaf="0"/>
  <largest-consumer threadName="main" threadId="000000000120C700" bytes="11532032" />
</allocation-stats>
<gc-op id="373" type="mark" timems="2.493" contextid="370" timestamp="2019-06-15T00:43:24.916">
  <trace-info objectcount="22070" scancount="19743" scanbytes="798868" />
  <cardclean-info objects="1682" bytes="86808" />
  <remembered-set-cleared processed="14355" cleared="3196" durationms="0.203" />
  <finalization candidates="1" enqueued="1" />
  <references type="soft" candidates="25" cleared="0" enqueued="0" dynamicThreshold="11" maxThreshold="32" />
  <references type="weak" candidates="389" cleared="13" enqueued="13" />
  <references type="phantom" candidates="1" cleared="0" enqueued="0" />
  <stringconstants candidates="11656" cleared="0"  />
  <warning details="Mark invoked due to insufficient free space for Copy-Forward" />
</gc-op>
<gc-op id="374" type="classunload" timems="0.003" contextid="370" timestamp="2019-06-15T00:43:24.916">
  <classunload-info classloadercandidates="26" classloadersunloaded="0" classesunloaded="0" anonymousclassesunloaded="0" quiescems="0.000" setupms="0.003" scanms="0.000" postms="0.000" />
</gc-op>
<gc-op id="375" type="sweep" timems="0.487" contextid="370" timestamp="2019-06-15T00:43:24.917" />
<gc-op id="376" type="compact" timems="2.435" contextid="370" timestamp="2019-06-15T00:43:24.920">
  <compact-info movecount="11530" movebytes="859592" />
  <remembered-set-cleared processed="32673" cleared="10210" durationms="0.203" />
</gc-op>
<heap-resize id="377" type="expand" space="default" amount="1048576" count="1" timems="0.056" reason="insufficient free space following gc" timestamp="2019-06-15T00:43:24.920" />
<gc-end id="378" type="partial gc" contextid="370" durationms="6.985" usertimems="8.000" systemtimems="0.000" timestamp="2019-06-15T00:43:24.920" activeThreads="4">
  <mem-info id="379" free="11534336" total="34603008" percent="33">
    <mem type="eden" free="206360" total="1048576" percent="19" />
    <pending-finalizers system="0" default="1" reference="13" classloader="0" />
    <remembered-set count="18272" freebytes="1308160" totalbytes="1381248" percent="94" regionsoverflowed="0" regionsstable="0" regionsrebuilding="0"/>
  </mem-info>
</gc-end>
<cycle-end id="380" type="partial gc" contextid="370" timestamp="2019-06-15T00:43:24.921" />
  <attribute name="elasticGC enabled" value="1" />
  <attribute name= "numThreadsSpecified" value="4" />
  <attribute name="heapSize specified" value="0" />
  <attribute name="Current GC Util" value="33" />
  <attribute name= "Current Time Running" value="64228" />
  <attribute name ="GC Interval" value="0" />
  <attribute name="ProportionalT" value="6.500000" />
  <attribute name="ProportionalI" value="6.500000" />
  <attribute name="ProportionalH" value="6.500000" />
  <attribute name="Current Error" value="13.000000" />
  <attribute name="IntegralT" value="13.000000" />
  <attribute name="IntegralI" value="13.000000" />
  <attribute name="IntegralH" value="13.000000" />
  <attribute name="DerivativeT" value="13.000000" />
  <attribute name="DerivativeI" value="13.000000" />
  <attribute name="DerivativeH" value="13.000000" />
  <attribute name="Loop Time for DT" value="1.000000" />
  <attribute name="Output H" value="8388608"/>
  <attribute name="Output I" value="200"/>
  <attribute name="Output T" value="4"/>
  <attribute name="Target GC Util Change" value ="20.000000" />
  <attribute name="Current GC Util Change" value="33.000000"/>
  <attribute name="GC Util currently" value="33" />
  <attribute name="CPU Util currently" value="6134192616666" />
<exclusive-end id="381" timestamp="2019-06-15T00:43:24.921" durationms="7.844" />

<exclusive-start id="382" timestamp="2019-06-15T00:43:25.111" intervalms="197.696">
  <response-info timems="0.052" idlems="0.052" threads="0" lastid="000000000120C700" lastname="main" />
</exclusive-start>
<allocation-taxation id="383" taxation-threshold="11534336" timestamp="2019-06-15T00:43:25.111" intervalms="197.784" />
<cycle-start id="384" type="partial gc" contextid="0" timestamp="2019-06-15T00:43:25.111" intervalms="197.837" />
<gc-start id="385" type="partial gc" contextid="384" timestamp="2019-06-15T00:43:25.111">
  <mem-info id="386" free="0" total="34603008" percent="0">
    <mem type="eden" free="0" total="11534336" percent="0" />
    <remembered-set count="18208" freebytes="1308416" totalbytes="1381248" percent="94" regionsoverflowed="0" regionsstable="0" regionsrebuilding="0"/>
  </mem-info>
</gc-start>
<allocation-stats totalBytes="11532704" >
  <allocated-bytes non-tlh="878784" tlh="10653920" arrayletleaf="0"/>
  <largest-consumer threadName="main" threadId="000000000120C700" bytes="11524392" />
</allocation-stats>
<gc-op id="387" type="mark" timems="2.534" contextid="384" timestamp="2019-06-15T00:43:25.115">
  <trace-info objectcount="11887" scancount="10842" scanbytes="505936" />
  <cardclean-info objects="495" bytes="42556" />
  <remembered-set-cleared processed="15576" cleared="1885" durationms="0.244" />
  <references type="soft" candidates="50" cleared="0" enqueued="0" dynamicThreshold="10" maxThreshold="32" />
  <references type="weak" candidates="385" cleared="2" enqueued="2" />
  <references type="phantom" candidates="2" cleared="0" enqueued="0" />
  <stringconstants candidates="11783" cleared="6"  />
  <warning details="Mark invoked due to insufficient free space for Copy-Forward" />
</gc-op>
<gc-op id="388" type="classunload" timems="0.499" contextid="384" timestamp="2019-06-15T00:43:25.115">
  <classunload-info classloadercandidates="28" classloadersunloaded="1" classesunloaded="1" anonymousclassesunloaded="0" quiescems="0.000" setupms="0.481" scanms="0.011" postms="0.005" />
</gc-op>
<gc-op id="389" type="sweep" timems="0.603" contextid="384" timestamp="2019-06-15T00:43:25.117" />
<gc-op id="390" type="compact" timems="2.844" contextid="384" timestamp="2019-06-15T00:43:25.120">
  <compact-info movecount="11887" movebytes="1288216" />
  <remembered-set-cleared processed="32856" cleared="5466" durationms="0.244" />
</gc-op>
<heap-resize id="391" type="expand" space="default" amount="3145728" count="1" timems="0.082" reason="insufficient free space following gc" timestamp="2019-06-15T00:43:25.120" />
<gc-end id="392" type="partial gc" contextid="384" durationms="8.931" usertimems="16.000" systemtimems="0.000" timestamp="2019-06-15T00:43:25.120" activeThreads="4">
  <mem-info id="393" free="12582912" total="37748736" percent="33">
    <mem type="eden" free="984968" total="2097152" percent="46" />
    <pending-finalizers system="0" default="0" reference="2" classloader="0" />
    <remembered-set count="18208" freebytes="1433984" totalbytes="1506816" percent="95" regionsoverflowed="0" regionsstable="0" regionsrebuilding="0"/>
  </mem-info>
</gc-end>
<cycle-end id="394" type="partial gc" contextid="384" timestamp="2019-06-15T00:43:25.120" />
  <attribute name="elasticGC enabled" value="1" />
  <attribute name= "numThreadsSpecified" value="4" />
  <attribute name="heapSize specified" value="0" />
  <attribute name="Current GC Util" value="31" />
  <attribute name= "Current Time Running" value="64427" />
  <attribute name ="GC Interval" value="0" />
  <attribute name="ProportionalT" value="5.500000" />
  <attribute name="ProportionalI" value="5.500000" />
  <attribute name="ProportionalH" value="5.500000" />
  <attribute name="Current Error" value="11.000000" />
  <attribute name="IntegralT" value="11.000000" />
  <attribute name="IntegralI" value="11.000000" />
  <attribute name="IntegralH" value="11.000000" />
  <attribute name="DerivativeT" value="-74.000000" />
  <attribute name="DerivativeI" value="-74.000000" />
  <attribute name="DerivativeH" value="-74.000000" />
  <attribute name="Loop Time for DT" value="1.000000" />
  <attribute name="Output H" value="2091843584"/>
  <attribute name="Output I" value="200"/>
  <attribute name="Output T" value="4"/>
  <attribute name="Target GC Util Change" value ="20.000000" />
  <attribute name="Current GC Util Change" value="31.000000"/>
  <attribute name="GC Util currently" value="31" />
  <attribute name="CPU Util currently" value="4970367617359" />
<exclusive-end id="395" timestamp="2019-06-15T00:43:25.121" durationms="10.090" />

<exclusive-start id="396" timestamp="2019-06-15T00:43:25.248" intervalms="137.541">
  <response-info timems="0.027" idlems="0.027" threads="0" lastid="000000000120C700" lastname="main" />
</exclusive-start>
<allocation-taxation id="397" taxation-threshold="12582912" timestamp="2019-06-15T00:43:25.248" intervalms="137.475" />
<cycle-start id="398" type="partial gc" contextid="0" timestamp="2019-06-15T00:43:25.248" intervalms="137.422" />
<gc-start id="399" type="partial gc" contextid="398" timestamp="2019-06-15T00:43:25.249">
  <mem-info id="400" free="0" total="37748736" percent="0">
    <mem type="eden" free="0" total="12582912" percent="0" />
    <remembered-set count="17728" freebytes="1435904" totalbytes="1506816" percent="95" regionsoverflowed="0" regionsstable="0" regionsrebuilding="0"/>
  </mem-info>
</gc-start>
<allocation-stats totalBytes="12579776" >
  <allocated-bytes non-tlh="38616" tlh="12541160" arrayletleaf="0"/>
  <largest-consumer threadName="main" threadId="000000000120C700" bytes="12579776" />
</allocation-stats>
<gc-op id="401" type="mark" timems="1.339" contextid="398" timestamp="2019-06-15T00:43:25.251">
  <trace-info objectcount="5411" scancount="4967" scanbytes="198500" />
  <cardclean-info objects="501" bytes="31776" />
  <remembered-set-cleared processed="15516" cleared="638" durationms="0.131" />
  <references type="soft" candidates="115" cleared="0" enqueued="0" dynamicThreshold="10" maxThreshold="32" />
  <references type="weak" candidates="207" cleared="9" enqueued="9" />
  <references type="phantom" candidates="1" cleared="0" enqueued="0" />
  <stringconstants candidates="11959" cleared="1"  />
  <warning details="Mark invoked due to insufficient free space for Copy-Forward" />
</gc-op>
<gc-op id="402" type="classunload" timems="0.003" contextid="398" timestamp="2019-06-15T00:43:25.251">
  <classunload-info classloadercandidates="28" classloadersunloaded="0" classesunloaded="0" anonymousclassesunloaded="0" quiescems="0.000" setupms="0.003" scanms="0.000" postms="0.000" />
</gc-op>
<gc-op id="403" type="sweep" timems="0.384" contextid="398" timestamp="2019-06-15T00:43:25.251" />
<gc-op id="404" type="compact" timems="1.465" contextid="398" timestamp="2019-06-15T00:43:25.253">
  <compact-info movecount="5327" movebytes="511608" />
  <remembered-set-cleared processed="32548" cleared="2761" durationms="0.131" />
</gc-op>
<gc-end id="405" type="partial gc" contextid="398" durationms="4.623" usertimems="8.000" systemtimems="0.000" timestamp="2019-06-15T00:43:25.253" activeThreads="4">
  <mem-info id="406" free="12582912" total="37748736" percent="33">
    <mem type="eden" free="931128" total="1048576" percent="88" />
    <pending-finalizers system="0" default="0" reference="9" classloader="0" />
    <remembered-set count="18880" freebytes="1431296" totalbytes="1506816" percent="94" regionsoverflowed="0" regionsstable="0" regionsrebuilding="0"/>
  </mem-info>
</gc-end>
<cycle-end id="407" type="partial gc" contextid="398" timestamp="2019-06-15T00:43:25.253" />
  <attribute name="elasticGC enabled" value="1" />
  <attribute name= "numThreadsSpecified" value="4" />
  <attribute name="heapSize specified" value="0" />
  <attribute name="Current GC Util" value="27" />
  <attribute name= "Current Time Running" value="64562" />
  <attribute name ="GC Interval" value="0" />
  <attribute name="ProportionalT" value="3.500000" />
  <attribute name="ProportionalI" value="3.500000" />
  <attribute name="ProportionalH" value="3.500000" />
  <attribute name="Current Error" value="7.000000" />
  <attribute name="IntegralT" value="7.000000" />
  <attribute name="IntegralI" value="7.000000" />
  <attribute name="IntegralH" value="7.000000" />
  <attribute name="DerivativeT" value="-85.000000" />
  <attribute name="DerivativeI" value="-85.000000" />
  <attribute name="DerivativeH" value="-85.000000" />
  <attribute name="Loop Time for DT" value="1.000000" />
  <attribute name="Output H" value="2091843584"/>
  <attribute name="Output I" value="200"/>
  <attribute name="Output T" value="4"/>
  <attribute name="Target GC Util Change" value ="20.000000" />
  <attribute name="Current GC Util Change" value="27.000000"/>
  <attribute name="GC Util currently" value="27" />
  <attribute name="CPU Util currently" value="7355290137932" />
<exclusive-end id="408" timestamp="2019-06-15T00:43:25.254" durationms="5.498" />

<exclusive-start id="409" timestamp="2019-06-15T00:43:25.373" intervalms="125.312">
  <response-info timems="0.035" idlems="0.035" threads="0" lastid="000000000120C700" lastname="main" />
</exclusive-start>
<allocation-taxation id="410" taxation-threshold="12582912" timestamp="2019-06-15T00:43:25.374" intervalms="125.303" />
<cycle-start id="411" type="partial gc" contextid="0" timestamp="2019-06-15T00:43:25.374" intervalms="125.297" />
<gc-start id="412" type="partial gc" contextid="411" timestamp="2019-06-15T00:43:25.374">
  <mem-info id="413" free="0" total="37748736" percent="0">
    <mem type="eden" free="0" total="12582912" percent="0" />
    <remembered-set count="18496" freebytes="1432832" totalbytes="1506816" percent="95" regionsoverflowed="0" regionsstable="0" regionsrebuilding="0"/>
  </mem-info>
</gc-start>
<allocation-stats totalBytes="12581328" >
  <allocated-bytes non-tlh="621544" tlh="11959784" arrayletleaf="0"/>
  <largest-consumer threadName="main" threadId="000000000120C700" bytes="12581328" />
</allocation-stats>
<gc-op id="414" type="mark" timems="1.954" contextid="411" timestamp="2019-06-15T00:43:25.377">
  <trace-info objectcount="11614" scancount="10329" scanbytes="363404" />
  <cardclean-info objects="1920" bytes="102612" />
  <remembered-set-cleared processed="16080" cleared="825" durationms="0.209" />
  <references type="soft" candidates="92" cleared="0" enqueued="0" dynamicThreshold="10" maxThreshold="32" />
  <references type="weak" candidates="249" cleared="1" enqueued="1" />
  <stringconstants candidates="12276" cleared="2"  />
  <warning details="Mark invoked due to insufficient free space for Copy-Forward" />
</gc-op>
<gc-op id="415" type="classunload" timems="13.523" contextid="411" timestamp="2019-06-15T00:43:25.390">
  <classunload-info classloadercandidates="32" classloadersunloaded="1" classesunloaded="1" anonymousclassesunloaded="0" quiescems="13.111" setupms="0.384" scanms="13.132" postms="0.006" />
</gc-op>
<gc-op id="416" type="sweep" timems="0.445" contextid="411" timestamp="2019-06-15T00:43:25.391" />
<gc-op id="417" type="compact" timems="2.121" contextid="411" timestamp="2019-06-15T00:43:25.393">
  <compact-info movecount="11611" movebytes="477544" />
  <remembered-set-cleared processed="35266" cleared="4718" durationms="0.209" />
</gc-op>
<heap-resize id="418" type="expand" space="default" amount="3145728" count="1" timems="0.079" reason="insufficient free space following gc" timestamp="2019-06-15T00:43:25.394" />
<gc-end id="419" type="partial gc" contextid="411" durationms="19.785" usertimems="24.000" systemtimems="0.000" timestamp="2019-06-15T00:43:25.394" activeThreads="4">
  <mem-info id="420" free="14680064" total="40894464" percent="35">
    <mem type="eden" free="686984" total="1048576" percent="65" />
    <pending-finalizers system="0" default="0" reference="1" classloader="0" />
    <remembered-set count="20320" freebytes="1551104" totalbytes="1632384" percent="95" regionsoverflowed="0" regionsstable="0" regionsrebuilding="0"/>
  </mem-info>
</gc-end>
<cycle-end id="421" type="partial gc" contextid="411" timestamp="2019-06-15T00:43:25.394" />
  <attribute name="elasticGC enabled" value="1" />
  <attribute name= "numThreadsSpecified" value="4" />
  <attribute name="heapSize specified" value="0" />
  <attribute name="Current GC Util" value="43" />
  <attribute name= "Current Time Running" value="64702" />
  <attribute name ="GC Interval" value="0" />
  <attribute name="ProportionalT" value="11.500000" />
  <attribute name="ProportionalI" value="11.500000" />
  <attribute name="ProportionalH" value="11.500000" />
  <attribute name="Current Error" value="23.000000" />
  <attribute name="IntegralT" value="23.000000" />
  <attribute name="IntegralI" value="23.000000" />
  <attribute name="IntegralH" value="23.000000" />
  <attribute name="DerivativeT" value="23.000000" />
  <attribute name="DerivativeI" value="23.000000" />
  <attribute name="DerivativeH" value="23.000000" />
  <attribute name="Loop Time for DT" value="1.000000" />
  <attribute name="Output H" value="8388608"/>
  <attribute name="Output I" value="200"/>
  <attribute name="Output T" value="4"/>
  <attribute name="Target GC Util Change" value ="20.000000" />
  <attribute name="Current GC Util Change" value="43.000000"/>
  <attribute name="GC Util currently" value="43" />
  <attribute name="CPU Util currently" value="7085036999497" />
<exclusive-end id="422" timestamp="2019-06-15T00:43:25.394" durationms="20.664" />

<exclusive-start id="423" timestamp="2019-06-15T00:43:25.571" intervalms="197.339">
  <response-info timems="0.034" idlems="0.034" threads="0" lastid="000000000120C700" lastname="main" />
</exclusive-start>
<allocation-taxation id="424" taxation-threshold="14680064" timestamp="2019-06-15T00:43:25.571" intervalms="197.315" />
<cycle-start id="425" type="partial gc" contextid="0" timestamp="2019-06-15T00:43:25.571" intervalms="197.312" />
<gc-start id="426" type="partial gc" contextid="425" timestamp="2019-06-15T00:43:25.571">
  <mem-info id="427" free="0" total="40894464" percent="0">
    <mem type="eden" free="0" total="14680064" percent="0" />
    <remembered-set count="20288" freebytes="1551232" totalbytes="1632384" percent="95" regionsoverflowed="0" regionsstable="0" regionsrebuilding="0"/>
  </mem-info>
</gc-start>
<allocation-stats totalBytes="14677952" >
  <allocated-bytes non-tlh="1023864" tlh="13654088" arrayletleaf="0"/>
  <largest-consumer threadName="main" threadId="000000000120C700" bytes="14677952" />
</allocation-stats>
<gc-op id="428" type="mark" timems="1.993" contextid="425" timestamp="2019-06-15T00:43:25.574">
  <trace-info objectcount="14083" scancount="12667" scanbytes="511044" />
  <cardclean-info objects="1039" bytes="58136" />
  <remembered-set-cleared processed="17582" cleared="1866" durationms="0.230" />
  <references type="soft" candidates="40" cleared="0" enqueued="0" dynamicThreshold="11" maxThreshold="32" />
  <references type="weak" candidates="148" cleared="2" enqueued="2" />
  <references type="phantom" candidates="1" cleared="0" enqueued="0" />
  <stringconstants candidates="12459" cleared="0"  />
  <warning details="Mark invoked due to insufficient free space for Copy-Forward" />
</gc-op>
<gc-op id="429" type="classunload" timems="0.005" contextid="425" timestamp="2019-06-15T00:43:25.574">
  <classunload-info classloadercandidates="36" classloadersunloaded="0" classesunloaded="0" anonymousclassesunloaded="0" quiescems="0.000" setupms="0.005" scanms="0.000" postms="0.000" />
</gc-op>
<gc-op id="430" type="sweep" timems="0.385" contextid="425" timestamp="2019-06-15T00:43:25.574" />
<gc-op id="431" type="compact" timems="2.099" contextid="425" timestamp="2019-06-15T00:43:25.577">
  <compact-info movecount="14047" movebytes="865488" />
  <remembered-set-cleared processed="36962" cleared="5456" durationms="0.230" />
</gc-op>
<gc-end id="432" type="partial gc" contextid="425" durationms="5.661" usertimems="16.000" systemtimems="0.000" timestamp="2019-06-15T00:43:25.577" activeThreads="4">
  <mem-info id="433" free="13631488" total="40894464" percent="33">
    <mem type="eden" free="431640" total="1048576" percent="41" />
    <pending-finalizers system="0" default="0" reference="2" classloader="0" />
    <remembered-set count="20960" freebytes="1548544" totalbytes="1632384" percent="94" regionsoverflowed="0" regionsstable="0" regionsrebuilding="0"/>
  </mem-info>
</gc-end>
<cycle-end id="434" type="partial gc" contextid="425" timestamp="2019-06-15T00:43:25.577" />
  <attribute name="elasticGC enabled" value="1" />
  <attribute name= "numThreadsSpecified" value="4" />
  <attribute name="heapSize specified" value="0" />
  <attribute name="Current GC Util" value="35" />
  <attribute name= "Current Time Running" value="64885" />
  <attribute name ="GC Interval" value="0" />
  <attribute name="ProportionalT" value="7.500000" />
  <attribute name="ProportionalI" value="7.500000" />
  <attribute name="ProportionalH" value="7.500000" />
  <attribute name="Current Error" value="15.000000" />
  <attribute name="IntegralT" value="15.000000" />
  <attribute name="IntegralI" value="15.000000" />
  <attribute name="IntegralH" value="15.000000" />
  <attribute name="DerivativeT" value="15.000000" />
  <attribute name="DerivativeI" value="15.000000" />
  <attribute name="DerivativeH" value="15.000000" />
  <attribute name="Loop Time for DT" value="1.000000" />
  <attribute name="Output H" value="8388608"/>
  <attribute name="Output I" value="200"/>
  <attribute name="Output T" value="4"/>
  <attribute name="Target GC Util Change" value ="20.000000" />
  <attribute name="Current GC Util Change" value="35.000000"/>
  <attribute name="GC Util currently" value="35" />
  <attribute name="CPU Util currently" value="8035038092241" />
<exclusive-end id="435" timestamp="2019-06-15T00:43:25.577" durationms="6.441" />

<exclusive-start id="436" timestamp="2019-06-15T00:43:25.597" intervalms="25.729">
  <response-info timems="0.063" idlems="0.063" threads="0" lastid="000000000120C700" lastname="main" />
</exclusive-start>
<allocation-taxation id="437" taxation-threshold="13631488" timestamp="2019-06-15T00:43:25.597" intervalms="25.805" />
<cycle-start id="438" type="partial gc" contextid="0" timestamp="2019-06-15T00:43:25.597" intervalms="25.817" />
<gc-start id="439" type="partial gc" contextid="438" timestamp="2019-06-15T00:43:25.597">
  <mem-info id="440" free="0" total="40894464" percent="0">
    <mem type="eden" free="0" total="13631488" percent="0" />
    <remembered-set count="20768" freebytes="1549312" totalbytes="1632384" percent="94" regionsoverflowed="0" regionsstable="0" regionsrebuilding="0"/>
  </mem-info>
</gc-start>
<allocation-stats totalBytes="13630128" >
  <allocated-bytes non-tlh="0" tlh="13630128" arrayletleaf="0"/>
  <largest-consumer threadName="main" threadId="000000000120C700" bytes="13626032" />
</allocation-stats>
<gc-op id="441" type="mark" timems="2.433" contextid="438" timestamp="2019-06-15T00:43:25.600">
  <trace-info objectcount="22552" scancount="20292" scanbytes="897340" />
  <cardclean-info objects="224" bytes="25172" />
  <remembered-set-cleared processed="18102" cleared="906" durationms="0.229" />
  <references type="soft" candidates="38" cleared="0" enqueued="0" dynamicThreshold="10" maxThreshold="32" />
  <references type="weak" candidates="83" cleared="0" enqueued="0" />
  <references type="phantom" candidates="1" cleared="0" enqueued="0" />
  <stringconstants candidates="12459" cleared="0"  />
  <warning details="Mark invoked due to insufficient free space for Copy-Forward" />
</gc-op>
<gc-op id="442" type="classunload" timems="0.005" contextid="438" timestamp="2019-06-15T00:43:25.600">
  <classunload-info classloadercandidates="36" classloadersunloaded="0" classesunloaded="0" anonymousclassesunloaded="0" quiescems="0.000" setupms="0.005" scanms="0.000" postms="0.000" />
</gc-op>
<gc-op id="443" type="sweep" timems="0.383" contextid="438" timestamp="2019-06-15T00:43:25.601" />
<gc-op id="444" type="compact" timems="4.070" contextid="438" timestamp="2019-06-15T00:43:25.605">
  <compact-info movecount="21578" movebytes="917896" />
  <remembered-set-cleared processed="39527" cleared="5118" durationms="0.229" />
</gc-op>
<heap-resize id="445" type="expand" space="default" amount="2097152" count="1" timems="0.063" reason="insufficient free space following gc" timestamp="2019-06-15T00:43:25.605" />
<gc-end id="446" type="partial gc" contextid="438" durationms="8.296" usertimems="20.000" systemtimems="0.000" timestamp="2019-06-15T00:43:25.605" activeThreads="1">
  <mem-info id="447" free="14680064" total="42991616" percent="34">
    <mem type="eden" free="411712" total="1048576" percent="39" />
    <remembered-set count="23840" freebytes="1620736" totalbytes="1716096" percent="94" regionsoverflowed="0" regionsstable="0" regionsrebuilding="0"/>
  </mem-info>
</gc-end>
<cycle-end id="448" type="partial gc" contextid="438" timestamp="2019-06-15T00:43:25.606" />
  <attribute name="elasticGC enabled" value="1" />
  <attribute name= "numThreadsSpecified" value="1" />
  <attribute name="heapSize specified" value="0" />
  <attribute name="Current GC Util" value="41" />
  <attribute name= "Current Time Running" value="64911" />
  <attribute name ="GC Interval" value="0" />
  <attribute name="ProportionalT" value="10.500000" />
  <attribute name="ProportionalI" value="10.500000" />
  <attribute name="ProportionalH" value="10.500000" />
  <attribute name="Current Error" value="21.000000" />
  <attribute name="IntegralT" value="0.000000" />
  <attribute name="IntegralI" value="0.000000" />
  <attribute name="IntegralH" value="0.000000" />
  <attribute name="DerivativeT" value="inf" />
  <attribute name="DerivativeI" value="inf" />
  <attribute name="DerivativeH" value="inf" />
  <attribute name="Loop Time for DT" value="0.000000" />
  <attribute name="Output H" value="8388608"/>
  <attribute name="Output I" value="200"/>
  <attribute name="Output T" value="1"/>
  <attribute name="Target GC Util Change" value ="20.000000" />
  <attribute name="Current GC Util Change" value="41.000000"/>
  <attribute name="GC Util currently" value="41" />
  <attribute name="CPU Util currently" value="7668263511775" />
<exclusive-end id="449" timestamp="2019-06-15T00:43:25.606" durationms="9.183" />

<exclusive-start id="450" timestamp="2019-06-15T00:43:25.662" intervalms="65.574">
  <response-info timems="0.034" idlems="0.034" threads="0" lastid="000000000120C700" lastname="main" />
</exclusive-start>
<allocation-taxation id="451" taxation-threshold="14680064" timestamp="2019-06-15T00:43:25.662" intervalms="65.562" />
<cycle-start id="452" type="partial gc" contextid="0" timestamp="2019-06-15T00:43:25.662" intervalms="65.523" />
<gc-start id="453" type="partial gc" contextid="452" timestamp="2019-06-15T00:43:25.663">
  <mem-info id="454" free="0" total="42991616" percent="0">
    <mem type="eden" free="0" total="14680064" percent="0" />
    <remembered-set count="23424" freebytes="1622400" totalbytes="1716096" percent="94" regionsoverflowed="0" regionsstable="0" regionsrebuilding="0"/>
  </mem-info>
</gc-start>
<allocation-stats totalBytes="14677808" >
  <allocated-bytes non-tlh="266328" tlh="14411480" arrayletleaf="0"/>
  <largest-consumer threadName="main" threadId="000000000120C700" bytes="14677808" />
</allocation-stats>
<gc-op id="455" type="mark" timems="1.986" contextid="452" timestamp="2019-06-15T00:43:25.665">
  <trace-info objectcount="37402" scancount="33451" scanbytes="1463392" />
  <cardclean-info objects="1358" bytes="64720" />
  <remembered-set-cleared processed="20510" cleared="2275" durationms="0.131" />
  <references type="soft" candidates="1" cleared="0" enqueued="0" dynamicThreshold="10" maxThreshold="32" />
  <references type="phantom" candidates="1" cleared="0" enqueued="0" />
  <stringconstants candidates="12470" cleared="0"  />
  <warning details="Mark invoked due to insufficient free space for Copy-Forward" />
</gc-op>
<gc-op id="456" type="classunload" timems="0.004" contextid="452" timestamp="2019-06-15T00:43:25.665">
  <classunload-info classloadercandidates="37" classloadersunloaded="0" classesunloaded="0" anonymousclassesunloaded="0" quiescems="0.000" setupms="0.003" scanms="0.000" postms="0.000" />
</gc-op>
<gc-op id="457" type="sweep" timems="0.417" contextid="452" timestamp="2019-06-15T00:43:25.666" />
<gc-op id="458" type="compact" timems="3.914" contextid="452" timestamp="2019-06-15T00:43:25.670">
  <compact-info movecount="35846" movebytes="1854264" />
  <remembered-set-cleared processed="45590" cleared="9116" durationms="0.131" />
</gc-op>
<heap-resize id="459" type="expand" space="default" amount="2097152" count="1" timems="0.059" reason="insufficient free space following gc" timestamp="2019-06-15T00:43:25.670" />
<gc-end id="460" type="partial gc" contextid="452" durationms="7.803" usertimems="16.000" systemtimems="0.000" timestamp="2019-06-15T00:43:25.670" activeThreads="4">
  <mem-info id="461" free="14680064" total="45088768" percent="32">
    <mem type="eden" free="816136" total="2097152" percent="38" />
    <remembered-set count="27040" freebytes="1691648" totalbytes="1799808" percent="93" regionsoverflowed="0" regionsstable="0" regionsrebuilding="0"/>
  </mem-info>
</gc-end>
<cycle-end id="462" type="partial gc" contextid="452" timestamp="2019-06-15T00:43:25.671" />
  <attribute name="elasticGC enabled" value="1" />
  <attribute name= "numThreadsSpecified" value="4" />
  <attribute name="heapSize specified" value="0" />
  <attribute name="Current GC Util" value="37" />
  <attribute name= "Current Time Running" value="64976" />
  <attribute name ="GC Interval" value="0" />
  <attribute name="ProportionalT" value="8.500000" />
  <attribute name="ProportionalI" value="8.500000" />
  <attribute name="ProportionalH" value="8.500000" />
  <attribute name="Current Error" value="17.000000" />
  <attribute name="IntegralT" value="0.000000" />
  <attribute name="IntegralI" value="0.000000" />
  <attribute name="IntegralH" value="0.000000" />
  <attribute name="DerivativeT" value="-inf" />
  <attribute name="DerivativeI" value="-inf" />
  <attribute name="DerivativeH" value="-inf" />
  <attribute name="Loop Time for DT" value="0.000000" />
  <attribute name="Output H" value="2091843584"/>
  <attribute name="Output I" value="200"/>
  <attribute name="Output T" value="4"/>
  <attribute name="Target GC Util Change" value ="20.000000" />
  <attribute name="Current GC Util Change" value="37.000000"/>
  <attribute name="GC Util currently" value="37" />
  <attribute name="CPU Util currently" value="7254363622884" />
<exclusive-end id="463" timestamp="2019-06-15T00:43:25.671" durationms="8.718" />

<exclusive-start id="464" timestamp="2019-06-15T00:43:25.714" intervalms="51.789">
  <response-info timems="0.032" idlems="0.032" threads="0" lastid="000000000120C700" lastname="main" />
</exclusive-start>
<allocation-taxation id="465" taxation-threshold="14680064" timestamp="2019-06-15T00:43:25.714" intervalms="51.774" />
<cycle-start id="466" type="partial gc" contextid="0" timestamp="2019-06-15T00:43:25.714" intervalms="51.801" />
<gc-start id="467" type="partial gc" contextid="466" timestamp="2019-06-15T00:43:25.714">
  <mem-info id="468" free="0" total="45088768" percent="0">
    <mem type="eden" free="0" total="14680064" percent="0" />
    <remembered-set count="27008" freebytes="1691776" totalbytes="1799808" percent="93" regionsoverflowed="0" regionsstable="0" regionsrebuilding="0"/>
  </mem-info>
</gc-start>
<allocation-stats totalBytes="14678048" >
  <allocated-bytes non-tlh="200400" tlh="14477648" arrayletleaf="0"/>
  <largest-consumer threadName="main" threadId="000000000120C700" bytes="14678048" />
</allocation-stats>
<gc-op id="469" type="mark" timems="1.757" contextid="466" timestamp="2019-06-15T00:43:25.717">
  <trace-info objectcount="13644" scancount="12328" scanbytes="539956" />
  <cardclean-info objects="1297" bytes="85912" />
  <remembered-set-cleared processed="23675" cleared="2812" durationms="0.263" />
  <references type="soft" candidates="2" cleared="0" enqueued="0" dynamicThreshold="10" maxThreshold="32" />
  <references type="weak" candidates="18" cleared="0" enqueued="0" />
  <references type="phantom" candidates="1" cleared="0" enqueued="0" />
  <stringconstants candidates="12475" cleared="0"  />
  <warning details="Mark invoked due to insufficient free space for Copy-Forward" />
</gc-op>
<gc-op id="470" type="classunload" timems="0.003" contextid="466" timestamp="2019-06-15T00:43:25.717">
  <classunload-info classloadercandidates="38" classloadersunloaded="0" classesunloaded="0" anonymousclassesunloaded="0" quiescems="0.000" setupms="0.003" scanms="0.000" postms="0.000" />
</gc-op>
<gc-op id="471" type="sweep" timems="0.448" contextid="466" timestamp="2019-06-15T00:43:25.717" />
<gc-op id="472" type="compact" timems="2.084" contextid="466" timestamp="2019-06-15T00:43:25.720">
  <compact-info movecount="13644" movebytes="837448" />
  <remembered-set-cleared processed="47900" cleared="6170" durationms="0.263" />
</gc-op>
<heap-resize id="473" type="expand" space="default" amount="8388608" count="1" timems="0.094" reason="excessive time being spent in gc" timestamp="2019-06-15T00:43:25.720" />
<gc-end id="474" type="partial gc" contextid="466" durationms="5.794" usertimems="8.000" systemtimems="0.000" timestamp="2019-06-15T00:43:25.720" activeThreads="4">
  <mem-info id="475" free="23068672" total="53477376" percent="43">
    <mem type="eden" free="345712" total="1048576" percent="32" />
    <remembered-set count="26688" freebytes="2027904" totalbytes="2134656" percent="94" regionsoverflowed="0" regionsstable="0" regionsrebuilding="0"/>
  </mem-info>
</gc-end>
<cycle-end id="476" type="partial gc" contextid="466" timestamp="2019-06-15T00:43:25.720" />
  <attribute name="elasticGC enabled" value="1" />
  <attribute name= "numThreadsSpecified" value="4" />
  <attribute name="heapSize specified" value="0" />
  <attribute name="Current GC Util" value="38" />
  <attribute name= "Current Time Running" value="65028" />
  <attribute name ="GC Interval" value="0" />
  <attribute name="ProportionalT" value="9.000000" />
  <attribute name="ProportionalI" value="9.000000" />
  <attribute name="ProportionalH" value="9.000000" />
  <attribute name="Current Error" value="18.000000" />
  <attribute name="IntegralT" value="18.000000" />
  <attribute name="IntegralI" value="18.000000" />
  <attribute name="IntegralH" value="18.000000" />
  <attribute name="DerivativeT" value="18.000000" />
  <attribute name="DerivativeI" value="18.000000" />
  <attribute name="DerivativeH" value="18.000000" />
  <attribute name="Loop Time for DT" value="1.000000" />
  <attribute name="Output H" value="8388608"/>
  <attribute name="Output I" value="200"/>
  <attribute name="Output T" value="4"/>
  <attribute name="Target GC Util Change" value ="20.000000" />
  <attribute name="Current GC Util Change" value="38.000000"/>
  <attribute name="GC Util currently" value="38" />
  <attribute name="CPU Util currently" value="6963694825521" />
<exclusive-end id="477" timestamp="2019-06-15T00:43:25.721" durationms="6.648" />

<exclusive-start id="478" timestamp="2019-06-15T00:43:25.790" intervalms="76.326">
  <response-info timems="0.032" idlems="0.032" threads="0" lastid="000000000120C700" lastname="main" />
</exclusive-start>
<allocation-taxation id="479" taxation-threshold="19922944" timestamp="2019-06-15T00:43:25.790" intervalms="76.310" />
<cycle-start id="480" type="partial gc" contextid="0" timestamp="2019-06-15T00:43:25.790" intervalms="76.289" />
<gc-start id="481" type="partial gc" contextid="480" timestamp="2019-06-15T00:43:25.791">
  <mem-info id="482" free="3145728" total="53477376" percent="5">
    <mem type="eden" free="0" total="19922944" percent="0" />
    <remembered-set count="26208" freebytes="2029824" totalbytes="2134656" percent="95" regionsoverflowed="0" regionsstable="0" regionsrebuilding="0"/>
  </mem-info>
</gc-start>
<allocation-stats totalBytes="19919944" >
  <allocated-bytes non-tlh="402496" tlh="19517448" arrayletleaf="0"/>
  <largest-consumer threadName="main" threadId="000000000120C700" bytes="19919944" />
</allocation-stats>
<gc-op id="483" type="copy forward" timems="2.757" contextid="480" timestamp="2019-06-15T00:43:25.794">
  <memory-copied type="eden" objects="10791" bytes="753144" bytesdiscarded="90560" />
  <memory-copied type="other" objects="13450" bytes="554336" bytesdiscarded="11144" />
  <memory-cardclean objects="2211" bytes="109056" />
  <regions eden="19" other="2" />
  <remembered-set-cleared processed="22987" cleared="4716" durationms="0.165" />
  <references type="soft" candidates="4" cleared="0" enqueued="0" dynamicThreshold="13" maxThreshold="32" />
  <references type="weak" candidates="203" cleared="0" enqueued="0" />
  <references type="phantom" candidates="1" cleared="0" enqueued="0" />
  <stringconstants candidates="12494" cleared="0"  />
</gc-op>
<gc-op id="484" type="classunload" timems="0.004" contextid="480" timestamp="2019-06-15T00:43:25.794">
  <classunload-info classloadercandidates="40" classloadersunloaded="0" classesunloaded="0" anonymousclassesunloaded="0" quiescems="0.000" setupms="0.004" scanms="0.000" postms="0.000" />
</gc-op>
<gc-end id="485" type="partial gc" contextid="480" durationms="3.609" usertimems="8.000" systemtimems="0.000" timestamp="2019-06-15T00:43:25.794" activeThreads="4">
  <mem-info id="486" free="22020096" total="53477376" percent="41">
    <mem type="eden" free="204792" total="1048576" percent="19" />
    <remembered-set count="25056" freebytes="2034432" totalbytes="2134656" percent="95" regionsoverflowed="0" regionsstable="0" regionsrebuilding="0"/>
  </mem-info>
</gc-end>
<cycle-end id="487" type="partial gc" contextid="480" timestamp="2019-06-15T00:43:25.795" />
  <attribute name="elasticGC enabled" value="1" />
  <attribute name= "numThreadsSpecified" value="4" />
  <attribute name="heapSize specified" value="0" />
  <attribute name="Current GC Util" value="56" />
  <attribute name= "Current Time Running" value="65102" />
  <attribute name ="GC Interval" value="0" />
  <attribute name="ProportionalT" value="18.000000" />
  <attribute name="ProportionalI" value="18.000000" />
  <attribute name="ProportionalH" value="18.000000" />
  <attribute name="Current Error" value="36.000000" />
  <attribute name="IntegralT" value="36.000000" />
  <attribute name="IntegralI" value="36.000000" />
  <attribute name="IntegralH" value="36.000000" />
  <attribute name="DerivativeT" value="36.000000" />
  <attribute name="DerivativeI" value="36.000000" />
  <attribute name="DerivativeH" value="36.000000" />
  <attribute name="Loop Time for DT" value="1.000000" />
  <attribute name="Output H" value="8388608"/>
  <attribute name="Output I" value="200"/>
  <attribute name="Output T" value="4"/>
  <attribute name="Target GC Util Change" value ="20.000000" />
  <attribute name="Current GC Util Change" value="56.000000"/>
  <attribute name="GC Util currently" value="56" />
  <attribute name="CPU Util currently" value="20473997349170" />
<exclusive-end id="488" timestamp="2019-06-15T00:43:25.795" durationms="4.424" />

<exclusive-start id="489" timestamp="2019-06-15T00:43:25.862" intervalms="72.227">
  <response-info timems="0.040" idlems="0.040" threads="0" lastid="000000000120C700" lastname="main" />
</exclusive-start>
<allocation-taxation id="490" taxation-threshold="19922944" timestamp="2019-06-15T00:43:25.863" intervalms="72.202" />
<cycle-start id="491" type="partial gc" contextid="0" timestamp="2019-06-15T00:43:25.863" intervalms="72.196" />
<gc-start id="492" type="partial gc" contextid="491" timestamp="2019-06-15T00:43:25.863">
  <mem-info id="493" free="2097152" total="53477376" percent="3">
    <mem type="eden" free="0" total="19922944" percent="0" />
    <remembered-set count="24704" freebytes="2035840" totalbytes="2134656" percent="95" regionsoverflowed="0" regionsstable="0" regionsrebuilding="0"/>
  </mem-info>
</gc-start>
<allocation-stats totalBytes="19920776" >
  <allocated-bytes non-tlh="401360" tlh="19519416" arrayletleaf="0"/>
  <largest-consumer threadName="main" threadId="000000000120C700" bytes="19920776" />
</allocation-stats>
<gc-op id="494" type="copy forward" timems="1.606" contextid="491" timestamp="2019-06-15T00:43:25.865">
  <memory-copied type="eden" objects="2520" bytes="336656" bytesdiscarded="0" />
  <memory-copied type="other" objects="496" bytes="19048" bytesdiscarded="0" />
  <memory-cardclean objects="136" bytes="13192" />
  <regions eden="19" other="1" />
  <remembered-set-cleared processed="22108" cleared="530" durationms="0.280" />
  <references type="soft" candidates="4" cleared="0" enqueued="0" dynamicThreshold="13" maxThreshold="32" />
  <references type="weak" candidates="26" cleared="0" enqueued="0" />
  <references type="phantom" candidates="1" cleared="0" enqueued="0" />
  <stringconstants candidates="12517" cleared="0"  />
</gc-op>
<gc-op id="495" type="classunload" timems="0.006" contextid="491" timestamp="2019-06-15T00:43:25.865">
  <classunload-info classloadercandidates="42" classloadersunloaded="0" classesunloaded="0" anonymousclassesunloaded="0" quiescems="0.000" setupms="0.005" scanms="0.000" postms="0.000" />
</gc-op>
<gc-end id="496" type="partial gc" contextid="491" durationms="2.498" usertimems="0.000" systemtimems="0.000" timestamp="2019-06-15T00:43:25.865" activeThreads="1">
  <mem-info id="497" free="20971520" total="53477376" percent="39">
    <mem type="eden" free="711840" total="1048576" percent="67" />
    <remembered-set count="24672" freebytes="2035968" totalbytes="2134656" percent="95" regionsoverflowed="0" regionsstable="0" regionsrebuilding="0"/>
  </mem-info>
</gc-end>
<cycle-end id="498" type="partial gc" contextid="491" timestamp="2019-06-15T00:43:25.866" />
  <attribute name="elasticGC enabled" value="1" />
  <attribute name= "numThreadsSpecified" value="1" />
  <attribute name="heapSize specified" value="0" />
  <attribute name="Current GC Util" value="56" />
  <attribute name= "Current Time Running" value="65174" />
  <attribute name ="GC Interval" value="0" />
  <attribute name="ProportionalT" value="18.000000" />
  <attribute name="ProportionalI" value="18.000000" />
  <attribute name="ProportionalH" value="18.000000" />
  <attribute name="Current Error" value="36.000000" />
  <attribute name="IntegralT" value="0.000000" />
  <attribute name="IntegralI" value="0.000000" />
  <attribute name="IntegralH" value="0.000000" />
  <attribute name="DerivativeT" value="inf" />
  <attribute name="DerivativeI" value="inf" />
  <attribute name="DerivativeH" value="inf" />
  <attribute name="Loop Time for DT" value="0.000000" />
  <attribute name="Output H" value="8388608"/>
  <attribute name="Output I" value="200"/>
  <attribute name="Output T" value="1"/>
  <attribute name="Target GC Util Change" value ="20.000000" />
  <attribute name="Current GC Util Change" value="56.000000"/>
  <attribute name="GC Util currently" value="56" />
  <attribute name="CPU Util currently" value="20068259385232" />
<exclusive-end id="499" timestamp="2019-06-15T00:43:25.866" durationms="3.344" />

<exclusive-start id="500" timestamp="2019-06-15T00:43:25.950" intervalms="88.015">
  <response-info timems="0.061" idlems="0.061" threads="0" lastid="000000000120C700" lastname="main" />
</exclusive-start>
<allocation-taxation id="501" taxation-threshold="19922944" timestamp="2019-06-15T00:43:25.951" intervalms="88.085" />
<cycle-start id="502" type="partial gc" contextid="0" timestamp="2019-06-15T00:43:25.951" intervalms="88.173" />
<gc-start id="503" type="partial gc" contextid="502" timestamp="2019-06-15T00:43:25.951">
  <mem-info id="504" free="1048576" total="53477376" percent="1">
    <mem type="eden" free="0" total="19922944" percent="0" />
    <remembered-set count="24672" freebytes="2035968" totalbytes="2134656" percent="95" regionsoverflowed="0" regionsstable="0" regionsrebuilding="0"/>
  </mem-info>
</gc-start>
<allocation-stats totalBytes="19920352" >
  <allocated-bytes non-tlh="400824" tlh="19519528" arrayletleaf="0"/>
  <largest-consumer threadName="main" threadId="000000000120C700" bytes="19920352" />
</allocation-stats>
<gc-op id="505" type="copy forward" timems="2.272" contextid="502" timestamp="2019-06-15T00:43:25.954">
  <memory-copied type="eden" objects="11524" bytes="752328" bytesdiscarded="0" />
  <memory-copied type="other" objects="444" bytes="15720" bytesdiscarded="0" />
  <memory-cardclean objects="167" bytes="14320" />
  <regions eden="19" other="1" />
  <remembered-set-cleared processed="22125" cleared="392" durationms="0.259" />
  <references type="soft" candidates="4" cleared="0" enqueued="0" dynamicThreshold="12" maxThreshold="32" />
  <references type="weak" candidates="23" cleared="0" enqueued="0" />
  <references type="phantom" candidates="1" cleared="0" enqueued="0" />
  <stringconstants candidates="12527" cleared="0"  />
  <heap-resize type="expand" space="default" amount="1048576" count="1" timems="0.063" reason="continue current collection" />
</gc-op>
<gc-op id="506" type="classunload" timems="0.003" contextid="502" timestamp="2019-06-15T00:43:25.954">
  <classunload-info classloadercandidates="44" classloadersunloaded="0" classesunloaded="0" anonymousclassesunloaded="0" quiescems="0.000" setupms="0.003" scanms="0.000" postms="0.000" />
</gc-op>
<gc-end id="507" type="partial gc" contextid="502" durationms="3.336" usertimems="4.000" systemtimems="0.000" timestamp="2019-06-15T00:43:25.954" activeThreads="1">
  <mem-info id="508" free="20971520" total="54525952" percent="38">
    <mem type="eden" free="296152" total="1048576" percent="28" />
    <remembered-set count="25888" freebytes="2072960" totalbytes="2176512" percent="95" regionsoverflowed="0" regionsstable="0" regionsrebuilding="0"/>
  </mem-info>
</gc-end>
<cycle-end id="509" type="partial gc" contextid="502" timestamp="2019-06-15T00:43:25.955" />
  <attribute name="elasticGC enabled" value="1" />
  <attribute name= "numThreadsSpecified" value="1" />
  <attribute name="heapSize specified" value="0" />
  <attribute name="Current GC Util" value="62" />
  <attribute name= "Current Time Running" value="65262" />
  <attribute name ="GC Interval" value="0" />
  <attribute name="ProportionalT" value="21.000000" />
  <attribute name="ProportionalI" value="21.000000" />
  <attribute name="ProportionalH" value="21.000000" />
  <attribute name="Current Error" value="42.000000" />
  <attribute name="IntegralT" value="0.000000" />
  <attribute name="IntegralI" value="0.000000" />
  <attribute name="IntegralH" value="0.000000" />
  <attribute name="DerivativeT" value="inf" />
  <attribute name="DerivativeI" value="inf" />
  <attribute name="DerivativeH" value="inf" />
  <attribute name="Loop Time for DT" value="0.000000" />
  <attribute name="Output H" value="8388608"/>
  <attribute name="Output I" value="200"/>
  <attribute name="Output T" value="1"/>
  <attribute name="Target GC Util Change" value ="20.000000" />
  <attribute name="Current GC Util Change" value="62.000000"/>
  <attribute name="GC Util currently" value="62" />
  <attribute name="CPU Util currently" value="21208907274417" />
<exclusive-end id="510" timestamp="2019-06-15T00:43:25.955" durationms="4.253" />

<exclusive-start id="511" timestamp="2019-06-15T00:43:26.043" intervalms="92.215">
  <response-info timems="0.034" idlems="0.034" threads="0" lastid="000000000120C700" lastname="main" />
</exclusive-start>
<allocation-taxation id="512" taxation-threshold="19922944" timestamp="2019-06-15T00:43:26.043" intervalms="92.303" />
<cycle-start id="513" type="partial gc" contextid="0" timestamp="2019-06-15T00:43:26.043" intervalms="92.352" />
<gc-start id="514" type="partial gc" contextid="513" timestamp="2019-06-15T00:43:26.044">
  <mem-info id="515" free="1048576" total="54525952" percent="1">
    <mem type="eden" free="0" total="19922944" percent="0" />
    <remembered-set count="25792" freebytes="2073344" totalbytes="2176512" percent="95" regionsoverflowed="0" regionsstable="0" regionsrebuilding="0"/>
  </mem-info>
</gc-start>
<allocation-stats totalBytes="19920800" >
  <allocated-bytes non-tlh="200384" tlh="19720416" arrayletleaf="0"/>
  <largest-consumer threadName="main" threadId="000000000120C700" bytes="19920800" />
</allocation-stats>
<gc-op id="516" type="copy forward" timems="2.946" contextid="513" timestamp="2019-06-15T00:43:26.047">
  <memory-copied type="eden" objects="13676" bytes="829944" bytesdiscarded="55152" />
  <memory-copied type="other" objects="15203" bytes="644576" bytesdiscarded="12592" />
  <memory-cardclean objects="1850" bytes="98016" />
  <regions eden="19" other="2" />
  <remembered-set-cleared processed="22484" cleared="3777" durationms="0.175" />
  <references type="soft" candidates="3" cleared="0" enqueued="0" dynamicThreshold="12" maxThreshold="32" />
  <references type="weak" candidates="15" cleared="0" enqueued="0" />
  <references type="phantom" candidates="1" cleared="0" enqueued="0" />
  <stringconstants candidates="12532" cleared="0"  />
  <heap-resize type="expand" space="default" amount="2097152" count="2" timems="0.140" reason="continue current collection" />
</gc-op>
<gc-op id="517" type="classunload" timems="0.004" contextid="513" timestamp="2019-06-15T00:43:26.047">
  <classunload-info classloadercandidates="45" classloadersunloaded="0" classesunloaded="0" anonymousclassesunloaded="0" quiescems="0.000" setupms="0.003" scanms="0.000" postms="0.000" />
</gc-op>
<gc-op id="518" type="compact" timems="1.045" contextid="513" timestamp="2019-06-15T00:43:26.049">
  <compact-info movecount="0" movebytes="0" />
  <remembered-set-cleared processed="44698" cleared="3777" durationms="0.175" />
</gc-op>
<heap-resize id="519" type="contract" space="default" amount="3145728" count="1" timems="0.253" reason="insufficient time being spent in gc" timestamp="2019-06-15T00:43:26.049" />
<gc-end id="520" type="partial gc" contextid="513" durationms="5.755" usertimems="8.000" systemtimems="0.000" timestamp="2019-06-15T00:43:26.049" activeThreads="4">
  <mem-info id="521" free="18874368" total="53477376" percent="35">
    <mem type="eden" free="163424" total="1048576" percent="15" />
    <remembered-set count="25856" freebytes="2156800" totalbytes="2260224" percent="95" regionsoverflowed="0" regionsstable="0" regionsrebuilding="0"/>
  </mem-info>
</gc-end>
<cycle-end id="522" type="partial gc" contextid="513" timestamp="2019-06-15T00:43:26.049" />
  <attribute name="elasticGC enabled" value="1" />
  <attribute name= "numThreadsSpecified" value="4" />
  <attribute name="heapSize specified" value="0" />
  <attribute name="Current GC Util" value="123" />
  <attribute name= "Current Time Running" value="65358" />
  <attribute name ="GC Interval" value="0" />
  <attribute name="ProportionalT" value="51.500000" />
  <attribute name="ProportionalI" value="51.500000" />
  <attribute name="ProportionalH" value="51.500000" />
  <attribute name="Current Error" value="103.000000" />
  <attribute name="IntegralT" value="309.000000" />
  <attribute name="IntegralI" value="309.000000" />
  <attribute name="IntegralH" value="309.000000" />
  <attribute name="DerivativeT" value="21.333333" />
  <attribute name="DerivativeI" value="21.333333" />
  <attribute name="DerivativeH" value="21.333333" />
  <attribute name="Loop Time for DT" value="3.000000" />
  <attribute name="Output H" value="8388608"/>
  <attribute name="Output I" value="384"/>
  <attribute name="Output T" value="4"/>
  <attribute name="Target GC Util Change" value ="20.000000" />
  <attribute name="Current GC Util Change" value="123.000000"/>
  <attribute name="GC Util currently" value="123" />
  <attribute name="CPU Util currently" value="1414555579906" />
<exclusive-end id="523" timestamp="2019-06-15T00:43:26.050" durationms="6.960" />

<exclusive-start id="524" timestamp="2019-06-15T00:43:26.289" intervalms="246.127">
  <response-info timems="0.078" idlems="0.078" threads="0" lastid="000000000120C700" lastname="main" />
</exclusive-start>
<allocation-taxation id="525" taxation-threshold="18874368" timestamp="2019-06-15T00:43:26.289" intervalms="246.119" />
<cycle-start id="526" type="partial gc" contextid="0" timestamp="2019-06-15T00:43:26.289" intervalms="246.193" />
<gc-start id="527" type="partial gc" contextid="526" timestamp="2019-06-15T00:43:26.290">
  <mem-info id="528" free="0" total="53477376" percent="0">
    <mem type="eden" free="0" total="18874368" percent="0" />
    <remembered-set count="25408" freebytes="2158592" totalbytes="2260224" percent="95" regionsoverflowed="0" regionsstable="0" regionsrebuilding="0"/>
  </mem-info>
</gc-start>
<allocation-stats totalBytes="18870760" >
  <allocated-bytes non-tlh="1002488" tlh="17868272" arrayletleaf="0"/>
  <largest-consumer threadName="main" threadId="000000000120C700" bytes="18870760" />
</allocation-stats>
<gc-op id="529" type="mark" timems="3.951" contextid="526" timestamp="2019-06-15T00:43:26.295">
  <trace-info objectcount="19825" scancount="18013" scanbytes="805100" />
  <cardclean-info objects="3811" bytes="218640" />
  <remembered-set-cleared processed="21952" cleared="3316" durationms="0.482" />
  <references type="soft" candidates="42" cleared="0" enqueued="0" dynamicThreshold="11" maxThreshold="32" />
  <references type="weak" candidates="107" cleared="0" enqueued="0" />
  <references type="phantom" candidates="1" cleared="0" enqueued="0" />
  <stringconstants candidates="12567" cleared="4"  />
  <warning details="Mark invoked due to insufficient free space for Copy-Forward" />
</gc-op>
<gc-op id="530" type="classunload" timems="0.479" contextid="526" timestamp="2019-06-15T00:43:26.296">
  <classunload-info classloadercandidates="50" classloadersunloaded="2" classesunloaded="2" anonymousclassesunloaded="0" quiescems="0.000" setupms="0.459" scanms="0.013" postms="0.007" />
</gc-op>
<gc-op id="531" type="sweep" timems="0.672" contextid="526" timestamp="2019-06-15T00:43:26.297" />
<gc-op id="532" type="compact" timems="3.780" contextid="526" timestamp="2019-06-15T00:43:26.301">
  <compact-info movecount="19092" movebytes="1099808" />
  <remembered-set-cleared processed="45536" cleared="8264" durationms="0.482" />
</gc-op>
<gc-end id="533" type="partial gc" contextid="526" durationms="11.250" usertimems="16.000" systemtimems="0.000" timestamp="2019-06-15T00:43:26.301" activeThreads="4">
  <mem-info id="534" free="17825792" total="53477376" percent="33">
    <mem type="eden" free="273472" total="1048576" percent="26" />
    <remembered-set count="25856" freebytes="2031232" totalbytes="2134656" percent="95" regionsoverflowed="0" regionsstable="0" regionsrebuilding="0"/>
  </mem-info>
</gc-end>
<cycle-end id="535" type="partial gc" contextid="526" timestamp="2019-06-15T00:43:26.301" />
  <attribute name="elasticGC enabled" value="1" />
  <attribute name= "numThreadsSpecified" value="4" />
  <attribute name="heapSize specified" value="0" />
  <attribute name="Current GC Util" value="41" />
  <attribute name= "Current Time Running" value="65607" />
  <attribute name ="GC Interval" value="0" />
  <attribute name="ProportionalT" value="10.500000" />
  <attribute name="ProportionalI" value="10.500000" />
  <attribute name="ProportionalH" value="10.500000" />
  <attribute name="Current Error" value="21.000000" />
  <attribute name="IntegralT" value="21.000000" />
  <attribute name="IntegralI" value="21.000000" />
  <attribute name="IntegralH" value="21.000000" />
  <attribute name="DerivativeT" value="21.000000" />
  <attribute name="DerivativeI" value="21.000000" />
  <attribute name="DerivativeH" value="21.000000" />
  <attribute name="Loop Time for DT" value="1.000000" />
  <attribute name="Output H" value="8388608"/>
  <attribute name="Output I" value="200"/>
  <attribute name="Output T" value="4"/>
  <attribute name="Target GC Util Change" value ="20.000000" />
  <attribute name="Current GC Util Change" value="41.000000"/>
  <attribute name="GC Util currently" value="41" />
  <attribute name="CPU Util currently" value="4459160424010" />
<exclusive-end id="536" timestamp="2019-06-15T00:43:26.302" durationms="12.747" />

<exclusive-start id="537" timestamp="2019-06-15T00:43:26.379" intervalms="89.819">
  <response-info timems="0.037" idlems="0.037" threads="0" lastid="000000000120C700" lastname="main" />
</exclusive-start>
<allocation-taxation id="538" taxation-threshold="17825792" timestamp="2019-06-15T00:43:26.379" intervalms="89.736" />
<cycle-start id="539" type="partial gc" contextid="0" timestamp="2019-06-15T00:43:26.379" intervalms="89.591" />
<gc-start id="540" type="partial gc" contextid="539" timestamp="2019-06-15T00:43:26.379">
  <mem-info id="541" free="0" total="53477376" percent="0">
    <mem type="eden" free="0" total="17825792" percent="0" />
    <remembered-set count="25536" freebytes="2032512" totalbytes="2134656" percent="95" regionsoverflowed="0" regionsstable="0" regionsrebuilding="0"/>
  </mem-info>
</gc-start>
<allocation-stats totalBytes="17823072" >
  <allocated-bytes non-tlh="266728" tlh="17556344" arrayletleaf="0"/>
  <largest-consumer threadName="main" threadId="000000000120C700" bytes="17823072" />
</allocation-stats>
<gc-op id="542" type="mark" timems="2.500" contextid="539" timestamp="2019-06-15T00:43:26.383">
  <trace-info objectcount="16009" scancount="14490" scanbytes="622736" />
  <cardclean-info objects="1676" bytes="76624" />
  <remembered-set-cleared processed="22463" cleared="2625" durationms="0.327" />
  <references type="soft" candidates="29" cleared="0" enqueued="0" dynamicThreshold="10" maxThreshold="32" />
  <references type="weak" candidates="49" cleared="0" enqueued="0" />
  <references type="phantom" candidates="1" cleared="0" enqueued="0" />
  <stringconstants candidates="12586" cleared="0"  />
  <warning details="Mark invoked due to insufficient free space for Copy-Forward" />
</gc-op>
<gc-op id="543" type="classunload" timems="0.004" contextid="539" timestamp="2019-06-15T00:43:26.383">
  <classunload-info classloadercandidates="49" classloadersunloaded="0" classesunloaded="0" anonymousclassesunloaded="0" quiescems="0.000" setupms="0.004" scanms="0.000" postms="0.000" />
</gc-op>
<gc-op id="544" type="sweep" timems="0.511" contextid="539" timestamp="2019-06-15T00:43:26.383" />
<gc-op id="545" type="compact" timems="2.111" contextid="539" timestamp="2019-06-15T00:43:26.386">
  <compact-info movecount="15927" movebytes="1019952" />
  <remembered-set-cleared processed="46969" cleared="7289" durationms="0.327" />
</gc-op>
<heap-resize id="546" type="expand" space="default" amount="1048576" count="1" timems="0.050" reason="insufficient free space following gc" timestamp="2019-06-15T00:43:26.386" />
<gc-end id="547" type="partial gc" contextid="539" durationms="6.847" usertimems="8.000" systemtimems="0.000" timestamp="2019-06-15T00:43:26.386" activeThreads="4">
  <mem-info id="548" free="17825792" total="54525952" percent="32">
    <mem type="eden" free="132240" total="1048576" percent="12" />
    <remembered-set count="27040" freebytes="2068352" totalbytes="2176512" percent="95" regionsoverflowed="0" regionsstable="0" regionsrebuilding="0"/>
  </mem-info>
</gc-end>
<cycle-end id="549" type="partial gc" contextid="539" timestamp="2019-06-15T00:43:26.386" />
  <attribute name="elasticGC enabled" value="1" />
  <attribute name= "numThreadsSpecified" value="4" />
  <attribute name="heapSize specified" value="0" />
  <attribute name="Current GC Util" value="37" />
  <attribute name= "Current Time Running" value="65694" />
  <attribute name ="GC Interval" value="0" />
  <attribute name="ProportionalT" value="8.500000" />
  <attribute name="ProportionalI" value="8.500000" />
  <attribute name="ProportionalH" value="8.500000" />
  <attribute name="Current Error" value="17.000000" />
  <attribute name="IntegralT" value="17.000000" />
  <attribute name="IntegralI" value="17.000000" />
  <attribute name="IntegralH" value="17.000000" />
  <attribute name="DerivativeT" value="17.000000" />
  <attribute name="DerivativeI" value="17.000000" />
  <attribute name="DerivativeH" value="17.000000" />
  <attribute name="Loop Time for DT" value="1.000000" />
  <attribute name="Output H" value="8388608"/>
  <attribute name="Output I" value="200"/>
  <attribute name="Output T" value="4"/>
  <attribute name="Target GC Util Change" value ="20.000000" />
  <attribute name="Current GC Util Change" value="37.000000"/>
  <attribute name="GC Util currently" value="37" />
  <attribute name="CPU Util currently" value="6262474206845" />
<exclusive-end id="550" timestamp="2019-06-15T00:43:26.387" durationms="7.888" />

<exclusive-start id="551" timestamp="2019-06-15T00:43:26.398" intervalms="19.461">
  <response-info timems="0.071" idlems="0.071" threads="0" lastid="000000000120C700" lastname="main" />
</exclusive-start>
<allocation-taxation id="552" taxation-threshold="8388608" timestamp="2019-06-15T00:43:26.398" intervalms="19.400" />
<cycle-start id="553" type="global mark phase" contextid="0" timestamp="2019-06-15T00:43:26.398" intervalms="3086.785" />
<gc-start id="554" type="global mark phase" contextid="553" timestamp="2019-06-15T00:43:26.398">
  <mem-info id="555" free="9437184" total="54525952" percent="17">
    <remembered-set count="26976" freebytes="2068608" totalbytes="2176512" percent="95" regionsoverflowed="0" regionsstable="0" regionsrebuilding="0"/>
  </mem-info>
</gc-start>
<gc-op id="556" type="mark increment" timems="0.581" contextid="553" timestamp="2019-06-15T00:43:26.399">
  <trace-info objectcount="266" scancount="0" scanbytes="0" />
</gc-op>
<gc-end id="557" type="global mark phase" contextid="553" durationms="0.734" usertimems="0.000" systemtimems="0.000" timestamp="2019-06-15T00:43:26.399" activeThreads="1">
  <mem-info id="558" free="9437184" total="54525952" percent="17">
    <remembered-set count="26976" freebytes="2068608" totalbytes="2176512" percent="95" regionsoverflowed="0" regionsstable="0" regionsrebuilding="0"/>
  </mem-info>
</gc-end>
<concurrent-start id="559" type="GMP work packet processing" contextid="553" timestamp="2019-06-15T00:43:26.399">
  <concurrent-mark-start scanTarget="18446744073709551615" />
</concurrent-start>
<exclusive-end id="560" timestamp="2019-06-15T00:43:26.402" durationms="3.715" />

<concurrent-end id="561" type="GMP work packet processing" contextid="553" timestamp="2019-06-15T00:43:26.402">
  <concurrent-mark-end bytesScanned="3597540" reasonForTermination="Completed all work in GC phase" />
</concurrent-end>

<exclusive-start id="562" timestamp="2019-06-15T00:43:26.438" intervalms="39.912">
  <response-info timems="0.038" idlems="0.038" threads="0" lastid="000000000120C700" lastname="main" />
</exclusive-start>
<allocation-taxation id="563" taxation-threshold="8388608" timestamp="2019-06-15T00:43:26.438" intervalms="39.900" />
<cycle-start id="564" type="partial gc" contextid="0" timestamp="2019-06-15T00:43:26.438" intervalms="59.271" />
<gc-start id="565" type="partial gc" contextid="564" timestamp="2019-06-15T00:43:26.438">
  <mem-info id="566" free="1048576" total="54525952" percent="1">
    <mem type="eden" free="0" total="16777216" percent="0" />
    <remembered-set count="26976" freebytes="2068608" totalbytes="2176512" percent="95" regionsoverflowed="0" regionsstable="0" regionsrebuilding="0"/>
  </mem-info>
</gc-start>
<allocation-stats totalBytes="16775392" >
  <allocated-bytes non-tlh="200632" tlh="16574760" arrayletleaf="0"/>
  <largest-consumer threadName="main" threadId="000000000120C700" bytes="8387744" />
</allocation-stats>
<gc-op id="567" type="copy forward" timems="2.396" contextid="564" timestamp="2019-06-15T00:43:26.441">
  <memory-copied type="eden" objects="10362" bytes="708016" bytesdiscarded="0" />
  <memory-copied type="other" objects="380" bytes="12976" bytesdiscarded="0" />
  <memory-cardclean objects="107" bytes="12872" />
  <regions eden="16" other="1" />
  <remembered-set-cleared processed="23462" cleared="1756" durationms="0.279" />
  <references type="soft" candidates="2" cleared="0" enqueued="0" dynamicThreshold="5" maxThreshold="32" />
  <references type="weak" candidates="24" cleared="0" enqueued="0" />
  <references type="phantom" candidates="1" cleared="0" enqueued="0" />
  <stringconstants candidates="12595" cleared="0"  />
  <heap-resize type="expand" space="default" amount="1048576" count="1" timems="0.054" reason="continue current collection" />
</gc-op>
<gc-op id="568" type="classunload" timems="0.003" contextid="564" timestamp="2019-06-15T00:43:26.442">
  <classunload-info classloadercandidates="50" classloadersunloaded="0" classesunloaded="0" anonymousclassesunloaded="0" quiescems="0.000" setupms="0.003" scanms="0.000" postms="0.000" />
</gc-op>
<gc-op id="569" type="compact" timems="2.242" contextid="564" timestamp="2019-06-15T00:43:26.444">
  <compact-info movecount="0" movebytes="0" />
  <remembered-set-cleared processed="46007" cleared="1756" durationms="0.279" />
</gc-op>
<heap-resize id="570" type="expand" space="default" amount="10485760" count="1" timems="0.107" reason="excessive time being spent in gc" timestamp="2019-06-15T00:43:26.444" />
<gc-end id="571" type="partial gc" contextid="564" durationms="6.011" usertimems="8.000" systemtimems="0.000" timestamp="2019-06-15T00:43:26.444" activeThreads="4">
  <mem-info id="572" free="28311552" total="66060288" percent="42">
    <mem type="eden" free="340504" total="1048576" percent="32" />
    <remembered-set count="26528" freebytes="2530816" totalbytes="2636928" percent="95" regionsoverflowed="0" regionsstable="0" regionsrebuilding="0"/>
  </mem-info>
</gc-end>
<cycle-end id="573" type="partial gc" contextid="564" timestamp="2019-06-15T00:43:26.445" />
  <attribute name="elasticGC enabled" value="1" />
  <attribute name= "numThreadsSpecified" value="4" />
  <attribute name="heapSize specified" value="0" />
  <attribute name="Current GC Util" value="0" />
  <attribute name= "Current Time Running" value="65752" />
  <attribute name ="GC Interval" value="0" />
  <attribute name="ProportionalT" value="-10.000000" />
  <attribute name="ProportionalI" value="-10.000000" />
  <attribute name="ProportionalH" value="-10.000000" />
  <attribute name="Current Error" value="-20.000000" />
  <attribute name="IntegralT" value="-60.000000" />
  <attribute name="IntegralI" value="-60.000000" />
  <attribute name="IntegralH" value="-60.000000" />
  <attribute name="DerivativeT" value="-19.000000" />
  <attribute name="DerivativeI" value="-19.000000" />
  <attribute name="DerivativeH" value="-19.000000" />
  <attribute name="Loop Time for DT" value="3.000000" />
  <attribute name="Output H" value="2091843584"/>
  <attribute name="Output I" value="200"/>
  <attribute name="Output T" value="4"/>
  <attribute name="Target GC Util Change" value ="20.000000" />
  <attribute name="Current GC Util Change" value="0.000000"/>
  <attribute name="GC Util currently" value="0" />
  <attribute name="CPU Util currently" value="1660006034864" />
<exclusive-end id="574" timestamp="2019-06-15T00:43:26.445" durationms="6.755" />

<exclusive-start id="575" timestamp="2019-06-15T00:43:26.500" intervalms="61.900">
  <response-info timems="0.030" idlems="0.030" threads="0" lastid="000000000120C700" lastname="main" />
</exclusive-start>
<allocation-taxation id="576" taxation-threshold="11534336" timestamp="2019-06-15T00:43:26.500" intervalms="61.897" />
<gc-start id="577" type="global mark phase" contextid="553" timestamp="2019-06-15T00:43:26.500">
  <mem-info id="578" free="16777216" total="66060288" percent="25">
    <remembered-set count="26272" freebytes="2531840" totalbytes="2636928" percent="96" regionsoverflowed="0" regionsstable="0" regionsrebuilding="0"/>
  </mem-info>
</gc-start>
<gc-op id="579" type="mark increment" timems="2.427" contextid="553" timestamp="2019-06-15T00:43:26.503">
  <trace-info objectcount="5133" scancount="4743" scanbytes="215084" />
  <cardclean-info objects="165" bytes="14660" />
  <finalization candidates="80" enqueued="0" />
  <ownableSynchronizers candidates="22" cleared="0" />
  <references type="soft" candidates="1938" cleared="195" enqueued="189" dynamicThreshold="13" maxThreshold="32" />
  <references type="weak" candidates="5438" cleared="0" enqueued="0" />
  <references type="phantom" candidates="104" cleared="3" enqueued="3" />
  <stringconstants candidates="12616" cleared="0"  />
</gc-op>
<gc-op id="580" type="classunload" timems="0.007" contextid="553" timestamp="2019-06-15T00:43:26.503">
  <classunload-info classloadercandidates="51" classloadersunloaded="0" classesunloaded="0" anonymousclassesunloaded="0" quiescems="0.000" setupms="0.007" scanms="0.000" postms="0.000" />
</gc-op>
<gc-end id="581" type="global mark phase" contextid="553" durationms="2.716" usertimems="4.000" systemtimems="0.000" timestamp="2019-06-15T00:43:26.503" activeThreads="4">
  <mem-info id="582" free="16777216" total="66060288" percent="25">
    <pending-finalizers system="0" default="0" reference="192" classloader="0" />
    <remembered-set count="26272" freebytes="2531840" totalbytes="2636928" percent="96" regionsoverflowed="0" regionsstable="0" regionsrebuilding="0"/>
  </mem-info>
</gc-end>
<cycle-end id="583" type="global mark phase" contextid="553" timestamp="2019-06-15T00:43:26.503" />
  <attribute name="elasticGC enabled" value="1" />
  <attribute name= "numThreadsSpecified" value="4" />
  <attribute name="heapSize specified" value="0" />
  <attribute name="Current GC Util" value="0" />
  <attribute name= "Current Time Running" value="65811" />
  <attribute name ="GC Interval" value="0" />
  <attribute name="ProportionalT" value="-10.000000" />
  <attribute name="ProportionalI" value="-10.000000" />
  <attribute name="ProportionalH" value="-10.000000" />
  <attribute name="Current Error" value="-20.000000" />
  <attribute name="IntegralT" value="0.000000" />
  <attribute name="IntegralI" value="0.000000" />
  <attribute name="IntegralH" value="0.000000" />
  <attribute name="DerivativeT" value="-inf" />
  <attribute name="DerivativeI" value="-inf" />
  <attribute name="DerivativeH" value="-inf" />
  <attribute name="Loop Time for DT" value="0.000000" />
  <attribute name="Output H" value="2091843584"/>
  <attribute name="Output I" value="200"/>
  <attribute name="Output T" value="4"/>
  <attribute name="Target GC Util Change" value ="20.000000" />
  <attribute name="Current GC Util Change" value="0.000000"/>
  <attribute name="GC Util currently" value="0" />
  <attribute name="CPU Util currently" value="14031612848731" />
<exclusive-end id="584" timestamp="2019-06-15T00:43:26.503" durationms="3.166" />

<exclusive-start id="585" timestamp="2019-06-15T00:43:26.747" intervalms="246.796">
  <response-info timems="0.028" idlems="0.028" threads="0" lastid="000000000120C700" lastname="main" />
</exclusive-start>
<allocation-taxation id="586" taxation-threshold="11534336" timestamp="2019-06-15T00:43:26.747" intervalms="246.866" />
<cycle-start id="587" type="partial gc" contextid="0" timestamp="2019-06-15T00:43:26.747" intervalms="308.789" />
<gc-start id="588" type="partial gc" contextid="587" timestamp="2019-06-15T00:43:26.747">
  <mem-info id="589" free="5242880" total="66060288" percent="7">
    <mem type="eden" free="0" total="23068672" percent="0" />
    <remembered-set count="26272" freebytes="2531840" totalbytes="2636928" percent="96" regionsoverflowed="0" regionsstable="0" regionsrebuilding="0"/>
  </mem-info>
</gc-start>
<allocation-stats totalBytes="23063960" >
  <allocated-bytes non-tlh="632992" tlh="22430968" arrayletleaf="0"/>
  <largest-consumer threadName="main" threadId="000000000120C700" bytes="11531000" />
</allocation-stats>
<gc-op id="590" type="sweep" timems="0.947" contextid="587" timestamp="2019-06-15T00:43:26.749" />
<gc-op id="591" type="copy forward" timems="3.797" contextid="587" timestamp="2019-06-15T00:43:26.753">
  <memory-copied type="eden" objects="17639" bytes="1035088" bytesdiscarded="119697" />
  <memory-copied type="other" objects="698" bytes="23920" bytesdiscarded="3047" />
  <memory-cardclean objects="946" bytes="53016" />
  <regions eden="11" other="6" />
  <remembered-set-cleared processed="22189" cleared="4447" durationms="0.163" />
  <references type="soft" candidates="636" cleared="0" enqueued="0" dynamicThreshold="8" maxThreshold="32" />
  <references type="weak" candidates="79" cleared="0" enqueued="0" />
  <references type="phantom" candidates="1" cleared="0" enqueued="0" />
  <stringconstants candidates="13108" cleared="0"  />
</gc-op>
<gc-op id="592" type="classunload" timems="0.004" contextid="587" timestamp="2019-06-15T00:43:26.753">
  <classunload-info classloadercandidates="53" classloadersunloaded="0" classesunloaded="0" anonymousclassesunloaded="0" quiescems="0.000" setupms="0.004" scanms="0.000" postms="0.000" />
</gc-op>
<gc-end id="593" type="partial gc" contextid="587" durationms="6.006" usertimems="4.000" systemtimems="4.000" timestamp="2019-06-15T00:43:26.753" activeThreads="4">
  <mem-info id="594" free="28311552" total="66060288" percent="42">
    <mem type="eden" free="928960" total="2097152" percent="44" />
    <remembered-set count="23648" freebytes="2542336" totalbytes="2636928" percent="96" regionsoverflowed="0" regionsstable="0" regionsrebuilding="0"/>
  </mem-info>
</gc-end>
<cycle-end id="595" type="partial gc" contextid="587" timestamp="2019-06-15T00:43:26.753" />
  <attribute name="elasticGC enabled" value="1" />
  <attribute name= "numThreadsSpecified" value="4" />
  <attribute name="heapSize specified" value="0" />
  <attribute name="Current GC Util" value="64" />
  <attribute name= "Current Time Running" value="66060" />
  <attribute name ="GC Interval" value="0" />
  <attribute name="ProportionalT" value="22.000000" />
  <attribute name="ProportionalI" value="22.000000" />
  <attribute name="ProportionalH" value="22.000000" />
  <attribute name="Current Error" value="44.000000" />
  <attribute name="IntegralT" value="44.000000" />
  <attribute name="IntegralI" value="44.000000" />
  <attribute name="IntegralH" value="44.000000" />
  <attribute name="DerivativeT" value="-13.000000" />
  <attribute name="DerivativeI" value="-13.000000" />
  <attribute name="DerivativeH" value="-13.000000" />
  <attribute name="Loop Time for DT" value="1.000000" />
  <attribute name="Output H" value="8388608"/>
  <attribute name="Output I" value="200"/>
  <attribute name="Output T" value="4"/>
  <attribute name="Target GC Util Change" value ="20.000000" />
  <attribute name="Current GC Util Change" value="64.000000"/>
  <attribute name="GC Util currently" value="64" />
  <attribute name="CPU Util currently" value="20524386630518" />
<exclusive-end id="596" timestamp="2019-06-15T00:43:26.753" durationms="6.801" />

<exclusive-start id="597" timestamp="2019-06-15T00:43:27.182" intervalms="435.470">
  <response-info timems="0.068" idlems="0.068" threads="0" lastid="000000000120C700" lastname="main" />
</exclusive-start>
<allocation-taxation id="598" taxation-threshold="23068672" timestamp="2019-06-15T00:43:27.182" intervalms="435.483" />
<cycle-start id="599" type="partial gc" contextid="0" timestamp="2019-06-15T00:43:27.182" intervalms="435.461" />
<gc-start id="600" type="partial gc" contextid="599" timestamp="2019-06-15T00:43:27.183">
  <mem-info id="601" free="5242880" total="66060288" percent="7">
    <mem type="eden" free="0" total="23068672" percent="0" />
    <arraylet-primitive objects="1" leaves="1" largest="1" />
    <remembered-set count="23424" freebytes="2543232" totalbytes="2636928" percent="96" regionsoverflowed="0" regionsstable="0" regionsrebuilding="0"/>
  </mem-info>
</gc-start>
<allocation-stats totalBytes="23054176" >
  <allocated-bytes non-tlh="2085128" tlh="19920472" arrayletleaf="1048576"/>
  <largest-consumer threadName="main" threadId="000000000120C700" bytes="23054176" />
</allocation-stats>
<gc-op id="602" type="copy forward" timems="4.186" contextid="599" timestamp="2019-06-15T00:43:27.188">
  <memory-copied type="eden" objects="17310" bytes="1396612" bytesdiscarded="16" />
  <memory-copied type="other" objects="7199" bytes="268968" bytesdiscarded="0" />
  <memory-cardclean objects="995" bytes="56752" />
  <regions eden="21" other="4" />
  <remembered-set-cleared processed="19900" cleared="3074" durationms="0.279" />
  <finalization candidates="3" enqueued="2" />
  <references type="soft" candidates="780" cleared="0" enqueued="0" dynamicThreshold="13" maxThreshold="32" />
  <references type="weak" candidates="164" cleared="0" enqueued="0" />
  <references type="phantom" candidates="2" cleared="0" enqueued="0" />
  <stringconstants candidates="13308" cleared="0"  />
</gc-op>
<gc-op id="603" type="classunload" timems="0.004" contextid="599" timestamp="2019-06-15T00:43:27.188">
  <classunload-info classloadercandidates="55" classloadersunloaded="0" classesunloaded="0" anonymousclassesunloaded="0" quiescems="0.000" setupms="0.003" scanms="0.000" postms="0.000" />
</gc-op>
<heap-resize id="604" type="contract" space="default" amount="4194304" count="1" timems="0.290" reason="insufficient time being spent in gc" timestamp="2019-06-15T00:43:27.189" />
<gc-end id="605" type="partial gc" contextid="599" durationms="5.955" usertimems="4.000" systemtimems="0.000" timestamp="2019-06-15T00:43:27.189" activeThreads="1">
  <mem-info id="606" free="22020096" total="61865984" percent="35">
    <mem type="eden" free="700224" total="3145728" percent="22" />
    <arraylet-primitive objects="1" leaves="1" largest="1" />
    <pending-finalizers system="0" default="2" reference="0" classloader="0" />
    <remembered-set count="23424" freebytes="2543232" totalbytes="2636928" percent="96" regionsoverflowed="0" regionsstable="0" regionsrebuilding="0"/>
  </mem-info>
</gc-end>
<cycle-end id="607" type="partial gc" contextid="599" timestamp="2019-06-15T00:43:27.189" />
  <attribute name="elasticGC enabled" value="1" />
  <attribute name= "numThreadsSpecified" value="1" />
  <attribute name="heapSize specified" value="0" />
  <attribute name="Current GC Util" value="55" />
  <attribute name= "Current Time Running" value="66494" />
  <attribute name ="GC Interval" value="0" />
  <attribute name="ProportionalT" value="17.500000" />
  <attribute name="ProportionalI" value="17.500000" />
  <attribute name="ProportionalH" value="17.500000" />
  <attribute name="Current Error" value="35.000000" />
  <attribute name="IntegralT" value="0.000000" />
  <attribute name="IntegralI" value="0.000000" />
  <attribute name="IntegralH" value="0.000000" />
  <attribute name="DerivativeT" value="inf" />
  <attribute name="DerivativeI" value="inf" />
  <attribute name="DerivativeH" value="inf" />
  <attribute name="Loop Time for DT" value="0.000000" />
  <attribute name="Output H" value="8388608"/>
  <attribute name="Output I" value="200"/>
  <attribute name="Output T" value="1"/>
  <attribute name="Target GC Util Change" value ="20.000000" />
  <attribute name="Current GC Util Change" value="55.000000"/>
  <attribute name="GC Util currently" value="55" />
  <attribute name="CPU Util currently" value="16887488437317" />
<exclusive-end id="608" timestamp="2019-06-15T00:43:27.189" durationms="6.923" />

<exclusive-start id="609" timestamp="2019-06-15T00:43:27.402" intervalms="219.579">
  <response-info timems="0.045" idlems="0.045" threads="0" lastid="000000000120C700" lastname="main" />
</exclusive-start>
<allocation-taxation id="610" taxation-threshold="22020096" timestamp="2019-06-15T00:43:27.402" intervalms="219.584" />
<cycle-start id="611" type="partial gc" contextid="0" timestamp="2019-06-15T00:43:27.402" intervalms="219.610" />
<gc-start id="612" type="partial gc" contextid="611" timestamp="2019-06-15T00:43:27.402">
  <mem-info id="613" free="0" total="61865984" percent="0">
    <mem type="eden" free="0" total="22020096" percent="0" />
    <arraylet-primitive objects="1" leaves="1" largest="1" />
    <remembered-set count="23296" freebytes="2543744" totalbytes="2636928" percent="96" regionsoverflowed="0" regionsstable="0" regionsrebuilding="0"/>
  </mem-info>
</gc-start>
<allocation-stats totalBytes="22000208" >
  <allocated-bytes non-tlh="0" tlh="22000208" arrayletleaf="0"/>
  <largest-consumer threadName="main" threadId="000000000120C700" bytes="21996112" />
</allocation-stats>
<gc-op id="614" type="mark" timems="2.385" contextid="611" timestamp="2019-06-15T00:43:27.406">
  <trace-info objectcount="61517" scancount="52764" scanbytes="1302556" />
  <cardclean-info objects="363" bytes="30252" />
  <remembered-set-cleared processed="19905" cleared="1990" durationms="0.142" />
  <finalization candidates="1" enqueued="0" />
  <references type="soft" candidates="146" cleared="0" enqueued="0" dynamicThreshold="11" maxThreshold="32" />
  <references type="weak" candidates="97" cleared="4" enqueued="4" />
  <references type="phantom" candidates="2" cleared="0" enqueued="0" />
  <stringconstants candidates="13308" cleared="0"  />
  <warning details="Mark invoked due to insufficient free space for Copy-Forward" />
</gc-op>
<gc-op id="615" type="classunload" timems="0.005" contextid="611" timestamp="2019-06-15T00:43:27.406">
  <classunload-info classloadercandidates="55" classloadersunloaded="0" classesunloaded="0" anonymousclassesunloaded="0" quiescems="0.000" setupms="0.004" scanms="0.000" postms="0.000" />
</gc-op>
<gc-op id="616" type="sweep" timems="0.373" contextid="611" timestamp="2019-06-15T00:43:27.406" />
<gc-op id="617" type="compact" timems="3.852" contextid="611" timestamp="2019-06-15T00:43:27.410">
  <compact-info movecount="62885" movebytes="2553720" />
  <remembered-set-cleared processed="55815" cleared="23267" durationms="0.155" />
</gc-op>
<gc-end id="618" type="partial gc" contextid="611" durationms="8.005" usertimems="20.000" systemtimems="0.000" timestamp="2019-06-15T00:43:27.410" activeThreads="4">
  <mem-info id="619" free="20971520" total="61865984" percent="33">
    <mem type="eden" free="986376" total="2097152" percent="47" />
    <arraylet-primitive objects="1" leaves="1" largest="1" />
    <pending-finalizers system="0" default="0" reference="4" classloader="0" />
    <remembered-set count="30656" freebytes="2346880" totalbytes="2469504" percent="95" regionsoverflowed="0" regionsstable="0" regionsrebuilding="0"/>
  </mem-info>
</gc-end>
<cycle-end id="620" type="partial gc" contextid="611" timestamp="2019-06-15T00:43:27.411" />
  <attribute name="elasticGC enabled" value="1" />
  <attribute name= "numThreadsSpecified" value="4" />
  <attribute name="heapSize specified" value="0" />
  <attribute name="Current GC Util" value="40" />
  <attribute name= "Current Time Running" value="66717" />
  <attribute name ="GC Interval" value="0" />
  <attribute name="ProportionalT" value="10.000000" />
  <attribute name="ProportionalI" value="10.000000" />
  <attribute name="ProportionalH" value="10.000000" />
  <attribute name="Current Error" value="20.000000" />
  <attribute name="IntegralT" value="20.000000" />
  <attribute name="IntegralI" value="20.000000" />
  <attribute name="IntegralH" value="20.000000" />
  <attribute name="DerivativeT" value="-105.000000" />
  <attribute name="DerivativeI" value="-105.000000" />
  <attribute name="DerivativeH" value="-105.000000" />
  <attribute name="Loop Time for DT" value="1.000000" />
  <attribute name="Output H" value="2091843584"/>
  <attribute name="Output I" value="200"/>
  <attribute name="Output T" value="4"/>
  <attribute name="Target GC Util Change" value ="20.000000" />
  <attribute name="Current GC Util Change" value="40.000000"/>
  <attribute name="GC Util currently" value="40" />
  <attribute name="CPU Util currently" value="7839163818890" />
<exclusive-end id="621" timestamp="2019-06-15T00:43:27.411" durationms="8.928" />

<exclusive-start id="622" timestamp="2019-06-15T00:43:27.467" intervalms="64.976">
  <response-info timems="0.036" idlems="0.036" threads="0" lastid="000000000120C700" lastname="main" />
</exclusive-start>
<allocation-taxation id="623" taxation-threshold="10485760" timestamp="2019-06-15T00:43:27.467" intervalms="64.935" />
<cycle-start id="624" type="global mark phase" contextid="0" timestamp="2019-06-15T00:43:27.467" intervalms="1068.671" />
<gc-start id="625" type="global mark phase" contextid="624" timestamp="2019-06-15T00:43:27.467">
  <mem-info id="626" free="10485760" total="61865984" percent="16">
    <remembered-set count="30560" freebytes="2347264" totalbytes="2469504" percent="95" regionsoverflowed="0" regionsstable="0" regionsrebuilding="0"/>
  </mem-info>
</gc-start>
<gc-op id="627" type="mark increment" timems="0.513" contextid="624" timestamp="2019-06-15T00:43:27.468">
  <trace-info objectcount="192" scancount="0" scanbytes="0" />
</gc-op>
<gc-end id="628" type="global mark phase" contextid="624" durationms="0.634" usertimems="0.000" systemtimems="0.000" timestamp="2019-06-15T00:43:27.468" activeThreads="4">
  <mem-info id="629" free="10485760" total="61865984" percent="16">
    <remembered-set count="30560" freebytes="2347264" totalbytes="2469504" percent="95" regionsoverflowed="0" regionsstable="0" regionsrebuilding="0"/>
  </mem-info>
</gc-end>
<concurrent-start id="630" type="GMP work packet processing" contextid="624" timestamp="2019-06-15T00:43:27.468">
  <concurrent-mark-start scanTarget="1278417" />
</concurrent-start>
<concurrent-end id="631" type="GMP work packet processing" contextid="624" timestamp="2019-06-15T00:43:27.471">
  <concurrent-mark-end bytesScanned="1280944" reasonForTermination="Work target met" />
</concurrent-end>

<exclusive-end id="632" timestamp="2019-06-15T00:43:27.472" durationms="4.804" />

<exclusive-start id="633" timestamp="2019-06-15T00:43:27.504" intervalms="37.217">
  <response-info timems="0.037" idlems="0.037" threads="0" lastid="000000000120C700" lastname="main" />
</exclusive-start>
<allocation-taxation id="634" taxation-threshold="10485760" timestamp="2019-06-15T00:43:27.504" intervalms="37.218" />
<cycle-start id="635" type="partial gc" contextid="0" timestamp="2019-06-15T00:43:27.504" intervalms="102.088" />
<gc-start id="636" type="partial gc" contextid="635" timestamp="2019-06-15T00:43:27.504">
  <mem-info id="637" free="0" total="61865984" percent="0">
    <mem type="eden" free="0" total="22020096" percent="0" />
    <arraylet-primitive objects="1" leaves="1" largest="1" />
    <remembered-set count="30560" freebytes="2347264" totalbytes="2469504" percent="95" regionsoverflowed="0" regionsstable="0" regionsrebuilding="0"/>
  </mem-info>
</gc-start>
<allocation-stats totalBytes="20953136" >
  <allocated-bytes non-tlh="0" tlh="20953136" arrayletleaf="0"/>
  <largest-consumer threadName="main" threadId="000000000120C700" bytes="10476912" />
</allocation-stats>
<gc-op id="638" type="mark" timems="4.964" contextid="635" timestamp="2019-06-15T00:43:27.510">
  <trace-info objectcount="86605" scancount="74944" scanbytes="1825352" />
  <cardclean-info objects="889" bytes="36620" />
  <remembered-set-cleared processed="26754" cleared="8209" durationms="0.308" />
  <references type="soft" candidates="2" cleared="0" enqueued="0" dynamicThreshold="5" maxThreshold="32" />
  <references type="weak" candidates="11" cleared="0" enqueued="0" />
  <stringconstants candidates="13308" cleared="0"  />
  <warning details="Mark invoked due to insufficient free space for Copy-Forward" />
</gc-op>
<gc-op id="639" type="classunload" timems="0.006" contextid="635" timestamp="2019-06-15T00:43:27.510">
  <classunload-info classloadercandidates="55" classloadersunloaded="0" classesunloaded="0" anonymousclassesunloaded="0" quiescems="0.000" setupms="0.005" scanms="0.000" postms="0.000" />
</gc-op>
<gc-op id="640" type="sweep" timems="0.520" contextid="635" timestamp="2019-06-15T00:43:27.511" />
<gc-op id="641" type="compact" timems="11.401" contextid="635" timestamp="2019-06-15T00:43:27.522">
  <compact-info movecount="92846" movebytes="2423496" />
  <remembered-set-cleared processed="70897" cleared="42028" durationms="0.376" />
</gc-op>
<gc-end id="642" type="partial gc" contextid="635" durationms="18.203" usertimems="24.000" systemtimems="0.000" timestamp="2019-06-15T00:43:27.523" activeThreads="1">
  <mem-info id="643" free="20971520" total="61865984" percent="33">
    <mem type="eden" free="995264" total="3145728" percent="31" />
    <arraylet-primitive objects="1" leaves="1" largest="1" />
    <remembered-set count="36160" freebytes="2324864" totalbytes="2469504" percent="94" regionsoverflowed="0" regionsstable="0" regionsrebuilding="0"/>
  </mem-info>
</gc-end>
<cycle-end id="644" type="partial gc" contextid="635" timestamp="2019-06-15T00:43:27.523" />
  <attribute name="elasticGC enabled" value="1" />
  <attribute name= "numThreadsSpecified" value="1" />
  <attribute name="heapSize specified" value="0" />
  <attribute name="Current GC Util" value="46" />
  <attribute name= "Current Time Running" value="66821" />
  <attribute name ="GC Interval" value="0" />
  <attribute name="ProportionalT" value="13.000000" />
  <attribute name="ProportionalI" value="13.000000" />
  <attribute name="ProportionalH" value="13.000000" />
  <attribute name="Current Error" value="26.000000" />
  <attribute name="IntegralT" value="0.000000" />
  <attribute name="IntegralI" value="0.000000" />
  <attribute name="IntegralH" value="0.000000" />
  <attribute name="DerivativeT" value="inf" />
  <attribute name="DerivativeI" value="inf" />
  <attribute name="DerivativeH" value="inf" />
  <attribute name="Loop Time for DT" value="0.000000" />
  <attribute name="Output H" value="8388608"/>
  <attribute name="Output I" value="200"/>
  <attribute name="Output T" value="1"/>
  <attribute name="Target GC Util Change" value ="20.000000" />
  <attribute name="Current GC Util Change" value="46.000000"/>
  <attribute name="GC Util currently" value="46" />
  <attribute name="CPU Util currently" value="6229592042460" />
<exclusive-end id="645" timestamp="2019-06-15T00:43:27.523" durationms="19.090" />

<exclusive-start id="646" timestamp="2019-06-15T00:43:27.550" intervalms="45.657">
  <response-info timems="0.062" idlems="0.062" threads="0" lastid="000000000120C700" lastname="main" />
</exclusive-start>
<allocation-taxation id="647" taxation-threshold="10485760" timestamp="2019-06-15T00:43:27.550" intervalms="45.650" />
<gc-start id="648" type="global mark phase" contextid="624" timestamp="2019-06-15T00:43:27.550">
  <mem-info id="649" free="10485760" total="61865984" percent="16">
    <remembered-set count="35776" freebytes="2326400" totalbytes="2469504" percent="94" regionsoverflowed="0" regionsstable="0" regionsrebuilding="0"/>
  </mem-info>
</gc-start>
<gc-end id="650" type="global mark phase" contextid="624" durationms="0.061" usertimems="0.000" systemtimems="0.000" timestamp="2019-06-15T00:43:27.550" activeThreads="1">
  <mem-info id="651" free="10485760" total="61865984" percent="16">
    <remembered-set count="35776" freebytes="2326400" totalbytes="2469504" percent="94" regionsoverflowed="0" regionsstable="0" regionsrebuilding="0"/>
  </mem-info>
</gc-end>
<concurrent-start id="652" type="GMP work packet processing" contextid="624" timestamp="2019-06-15T00:43:27.550">
  <concurrent-mark-start scanTarget="2337023" />
</concurrent-start>
<concurrent-end id="653" type="GMP work packet processing" contextid="624" timestamp="2019-06-15T00:43:27.552">
  <concurrent-mark-end bytesScanned="2363984" reasonForTermination="Work target met" />
</concurrent-end>

<exclusive-end id="654" timestamp="2019-06-15T00:43:27.552" durationms="2.309" />

<exclusive-start id="655" timestamp="2019-06-15T00:43:27.576" intervalms="26.840">
  <response-info timems="0.034" idlems="0.034" threads="0" lastid="000000000120C700" lastname="main" />
</exclusive-start>
<allocation-taxation id="656" taxation-threshold="10485760" timestamp="2019-06-15T00:43:27.577" intervalms="26.876" />
<cycle-start id="657" type="partial gc" contextid="0" timestamp="2019-06-15T00:43:27.577" intervalms="72.563" />
<gc-start id="658" type="partial gc" contextid="657" timestamp="2019-06-15T00:43:27.577">
  <mem-info id="659" free="0" total="61865984" percent="0">
    <mem type="eden" free="0" total="22020096" percent="0" />
    <arraylet-primitive objects="1" leaves="1" largest="1" />
    <remembered-set count="35776" freebytes="2326400" totalbytes="2469504" percent="94" regionsoverflowed="0" regionsstable="0" regionsrebuilding="0"/>
  </mem-info>
</gc-start>
<allocation-stats totalBytes="20949080" >
  <allocated-bytes non-tlh="0" tlh="20949080" arrayletleaf="0"/>
  <largest-consumer threadName="main" threadId="000000000120C700" bytes="10473992" />
</allocation-stats>
<gc-op id="660" type="mark" timems="5.293" contextid="657" timestamp="2019-06-15T00:43:27.583">
  <trace-info objectcount="85546" scancount="74163" scanbytes="1807400" />
  <cardclean-info objects="6845" bytes="188800" />
  <remembered-set-cleared processed="32133" cleared="9753" durationms="0.366" />
  <references type="soft" candidates="2" cleared="0" enqueued="0" dynamicThreshold="5" maxThreshold="32" />
  <references type="weak" candidates="11" cleared="0" enqueued="0" />
  <stringconstants candidates="13308" cleared="0"  />
  <warning details="Mark invoked due to insufficient free space for Copy-Forward" />
</gc-op>
<gc-op id="661" type="classunload" timems="0.006" contextid="657" timestamp="2019-06-15T00:43:27.583">
  <classunload-info classloadercandidates="55" classloadersunloaded="0" classesunloaded="0" anonymousclassesunloaded="0" quiescems="0.000" setupms="0.006" scanms="0.000" postms="0.000" />
</gc-op>
<gc-op id="662" type="sweep" timems="0.494" contextid="657" timestamp="2019-06-15T00:43:27.583" />
<gc-op id="663" type="compact" timems="4.923" contextid="657" timestamp="2019-06-15T00:43:27.589">
  <compact-info movecount="91565" movebytes="2444032" />
  <remembered-set-cleared processed="83418" cleared="43835" durationms="0.366" />
</gc-op>
<heap-resize id="664" type="expand" space="default" amount="11534336" count="1" timems="0.102" reason="excessive time being spent in gc" timestamp="2019-06-15T00:43:27.589" />
<gc-end id="665" type="partial gc" contextid="657" durationms="12.096" usertimems="24.000" systemtimems="0.000" timestamp="2019-06-15T00:43:27.589" activeThreads="4">
  <mem-info id="666" free="32505856" total="73400320" percent="44">
    <mem type="eden" free="2023832" total="3145728" percent="64" />
    <arraylet-primitive objects="1" leaves="1" largest="1" />
    <remembered-set count="44064" freebytes="2753664" totalbytes="2929920" percent="93" regionsoverflowed="0" regionsstable="0" regionsrebuilding="0"/>
  </mem-info>
</gc-end>
<cycle-end id="667" type="partial gc" contextid="657" timestamp="2019-06-15T00:43:27.589" />
  <attribute name="elasticGC enabled" value="1" />
  <attribute name= "numThreadsSpecified" value="4" />
  <attribute name="heapSize specified" value="0" />
  <attribute name="Current GC Util" value="43" />
  <attribute name= "Current Time Running" value="66894" />
  <attribute name ="GC Interval" value="0" />
  <attribute name="ProportionalT" value="11.500000" />
  <attribute name="ProportionalI" value="11.500000" />
  <attribute name="ProportionalH" value="11.500000" />
  <attribute name="Current Error" value="23.000000" />
  <attribute name="IntegralT" value="23.000000" />
  <attribute name="IntegralI" value="23.000000" />
  <attribute name="IntegralH" value="23.000000" />
  <attribute name="DerivativeT" value="23.000000" />
  <attribute name="DerivativeI" value="23.000000" />
  <attribute name="DerivativeH" value="23.000000" />
  <attribute name="Loop Time for DT" value="1.000000" />
  <attribute name="Output H" value="8388608"/>
  <attribute name="Output I" value="200"/>
  <attribute name="Output T" value="4"/>
  <attribute name="Target GC Util Change" value ="20.000000" />
  <attribute name="Current GC Util Change" value="43.000000"/>
  <attribute name="GC Util currently" value="43" />
  <attribute name="CPU Util currently" value="6490286430541" />
<exclusive-end id="668" timestamp="2019-06-15T00:43:27.589" durationms="12.951" />

<exclusive-start id="669" timestamp="2019-06-15T00:43:27.616" intervalms="39.724">
  <response-info timems="0.068" idlems="0.068" threads="0" lastid="000000000120C700" lastname="main" />
</exclusive-start>
<allocation-taxation id="670" taxation-threshold="12582912" timestamp="2019-06-15T00:43:27.616" intervalms="39.735" />
<gc-start id="671" type="global mark phase" contextid="624" timestamp="2019-06-15T00:43:27.616">
  <mem-info id="672" free="19922944" total="73400320" percent="27">
    <remembered-set count="43584" freebytes="2755584" totalbytes="2929920" percent="94" regionsoverflowed="0" regionsstable="0" regionsrebuilding="0"/>
  </mem-info>
</gc-start>
<gc-end id="673" type="global mark phase" contextid="624" durationms="0.122" usertimems="0.000" systemtimems="0.000" timestamp="2019-06-15T00:43:27.617" activeThreads="4">
  <mem-info id="674" free="19922944" total="73400320" percent="27">
    <remembered-set count="43584" freebytes="2755584" totalbytes="2929920" percent="94" regionsoverflowed="0" regionsstable="0" regionsrebuilding="0"/>
  </mem-info>
</gc-end>
<concurrent-start id="675" type="GMP work packet processing" contextid="624" timestamp="2019-06-15T00:43:27.617">
  <concurrent-mark-start scanTarget="18446744073709551615" />
</concurrent-start>
<concurrent-end id="676" type="GMP work packet processing" contextid="624" timestamp="2019-06-15T00:43:27.619">
  <concurrent-mark-end bytesScanned="3255824" reasonForTermination="Completed all work in GC phase" />
</concurrent-end>

<exclusive-end id="677" timestamp="2019-06-15T00:43:27.619" durationms="3.145" />

<exclusive-start id="678" timestamp="2019-06-15T00:43:27.646" intervalms="29.496">
  <response-info timems="0.060" idlems="0.060" threads="0" lastid="000000000120C700" lastname="main" />
</exclusive-start>
<allocation-taxation id="679" taxation-threshold="12582912" timestamp="2019-06-15T00:43:27.646" intervalms="29.491" />
<cycle-start id="680" type="partial gc" contextid="0" timestamp="2019-06-15T00:43:27.646" intervalms="69.269" />
<gc-start id="681" type="partial gc" contextid="680" timestamp="2019-06-15T00:43:27.646">
  <mem-info id="682" free="7340032" total="73400320" percent="10">
    <mem type="eden" free="0" total="25165824" percent="0" />
    <arraylet-primitive objects="1" leaves="1" largest="1" />
    <remembered-set count="43584" freebytes="2755584" totalbytes="2929920" percent="94" regionsoverflowed="0" regionsstable="0" regionsrebuilding="0"/>
  </mem-info>
</gc-start>
<allocation-stats totalBytes="25133848" >
  <allocated-bytes non-tlh="65544" tlh="25068304" arrayletleaf="0"/>
  <largest-consumer threadName="main" threadId="000000000120C700" bytes="12568800" />
</allocation-stats>
<gc-op id="683" type="copy forward" timems="7.286" contextid="680" timestamp="2019-06-15T00:43:27.654">
  <memory-copied type="eden" objects="54109" bytes="1453752" bytesdiscarded="30024" />
  <memory-copied type="other" objects="48857" bytes="1621488" bytesdiscarded="86464" />
  <memory-cardclean objects="18680" bytes="664456" />
  <regions eden="24" other="6" />
  <remembered-set-cleared processed="38734" cleared="15660" durationms="0.254" />
  <finalization candidates="3" enqueued="0" />
  <references type="soft" candidates="160" cleared="0" enqueued="0" dynamicThreshold="8" maxThreshold="32" />
  <references type="weak" candidates="297" cleared="0" enqueued="0" />
  <references type="phantom" candidates="4" cleared="0" enqueued="0" />
  <stringconstants candidates="13308" cleared="13"  />
</gc-op>
<gc-op id="684" type="classunload" timems="0.006" contextid="680" timestamp="2019-06-15T00:43:27.655">
  <classunload-info classloadercandidates="55" classloadersunloaded="0" classesunloaded="0" anonymousclassesunloaded="0" quiescems="0.000" setupms="0.006" scanms="0.000" postms="0.000" />
</gc-op>
<heap-resize id="685" type="expand" space="default" amount="12582912" count="1" timems="0.117" reason="excessive time being spent in gc" timestamp="2019-06-15T00:43:27.655" />
<gc-end id="686" type="partial gc" contextid="680" durationms="8.697" usertimems="20.000" systemtimems="0.000" timestamp="2019-06-15T00:43:27.655" activeThreads="4">
  <mem-info id="687" free="46137344" total="85983232" percent="53">
    <mem type="eden" free="613376" total="2097152" percent="29" />
    <arraylet-primitive objects="1" leaves="1" largest="1" />
    <remembered-set count="42432" freebytes="3262464" totalbytes="3432192" percent="95" regionsoverflowed="0" regionsstable="0" regionsrebuilding="0"/>
  </mem-info>
</gc-end>
<cycle-end id="688" type="partial gc" contextid="680" timestamp="2019-06-15T00:43:27.655" />
  <attribute name="elasticGC enabled" value="1" />
  <attribute name= "numThreadsSpecified" value="4" />
  <attribute name="heapSize specified" value="0" />
  <attribute name="Current GC Util" value="51" />
  <attribute name= "Current Time Running" value="66958" />
  <attribute name ="GC Interval" value="0" />
  <attribute name="ProportionalT" value="15.500000" />
  <attribute name="ProportionalI" value="15.500000" />
  <attribute name="ProportionalH" value="15.500000" />
  <attribute name="Current Error" value="31.000000" />
  <attribute name="IntegralT" value="31.000000" />
  <attribute name="IntegralI" value="31.000000" />
  <attribute name="IntegralH" value="31.000000" />
  <attribute name="DerivativeT" value="31.000000" />
  <attribute name="DerivativeI" value="31.000000" />
  <attribute name="DerivativeH" value="31.000000" />
  <attribute name="Loop Time for DT" value="1.000000" />
  <attribute name="Output H" value="8388608"/>
  <attribute name="Output I" value="200"/>
  <attribute name="Output T" value="4"/>
  <attribute name="Target GC Util Change" value ="20.000000" />
  <attribute name="Current GC Util Change" value="51.000000"/>
  <attribute name="GC Util currently" value="51" />
  <attribute name="CPU Util currently" value="15773889914516" />
<exclusive-end id="689" timestamp="2019-06-15T00:43:27.655" durationms="9.799" />

<exclusive-start id="690" timestamp="2019-06-15T00:43:27.682" intervalms="36.073">
  <response-info timems="0.074" idlems="0.074" threads="0" lastid="000000000120C700" lastname="main" />
</exclusive-start>
<allocation-taxation id="691" taxation-threshold="13631488" timestamp="2019-06-15T00:43:27.682" intervalms="36.038" />
<gc-start id="692" type="global mark phase" contextid="624" timestamp="2019-06-15T00:43:27.682">
  <mem-info id="693" free="32505856" total="85983232" percent="37">
    <remembered-set count="42112" freebytes="3263744" totalbytes="3432192" percent="95" regionsoverflowed="0" regionsstable="0" regionsrebuilding="0"/>
  </mem-info>
</gc-start>
<gc-op id="694" type="mark increment" timems="4.499" contextid="624" timestamp="2019-06-15T00:43:27.687">
  <trace-info objectcount="62982" scancount="52932" scanbytes="1449224" />
  <cardclean-info objects="96451" bytes="2566940" />
  <finalization candidates="81" enqueued="0" />
  <ownableSynchronizers candidates="22" cleared="0" />
  <references type="soft" candidates="2521" cleared="14" enqueued="14" dynamicThreshold="17" maxThreshold="32" />
  <references type="weak" candidates="5560" cleared="20" enqueued="20" />
  <references type="phantom" candidates="102" cleared="0" enqueued="0" />
  <stringconstants candidates="13295" cleared="21"  />
</gc-op>
<gc-op id="695" type="classunload" timems="0.007" contextid="624" timestamp="2019-06-15T00:43:27.687">
  <classunload-info classloadercandidates="55" classloadersunloaded="0" classesunloaded="0" anonymousclassesunloaded="0" quiescems="0.000" setupms="0.006" scanms="0.000" postms="0.000" />
</gc-op>
<gc-end id="696" type="global mark phase" contextid="624" durationms="5.099" usertimems="8.000" systemtimems="0.000" timestamp="2019-06-15T00:43:27.687" activeThreads="4">
  <mem-info id="697" free="32505856" total="85983232" percent="37">
    <pending-finalizers system="0" default="0" reference="34" classloader="0" />
    <remembered-set count="42112" freebytes="3263744" totalbytes="3432192" percent="95" regionsoverflowed="0" regionsstable="0" regionsrebuilding="0"/>
  </mem-info>
</gc-end>
<cycle-end id="698" type="global mark phase" contextid="624" timestamp="2019-06-15T00:43:27.687" />
  <attribute name="elasticGC enabled" value="1" />
  <attribute name= "numThreadsSpecified" value="4" />
  <attribute name="heapSize specified" value="0" />
  <attribute name="Current GC Util" value="173" />
  <attribute name= "Current Time Running" value="66996" />
  <attribute name ="GC Interval" value="0" />
  <attribute name="ProportionalT" value="76.500000" />
  <attribute name="ProportionalI" value="76.500000" />
  <attribute name="ProportionalH" value="76.500000" />
  <attribute name="Current Error" value="153.000000" />
  <attribute name="IntegralT" value="153.000000" />
  <attribute name="IntegralI" value="153.000000" />
  <attribute name="IntegralH" value="153.000000" />
  <attribute name="DerivativeT" value="17.000000" />
  <attribute name="DerivativeI" value="17.000000" />
  <attribute name="DerivativeH" value="17.000000" />
  <attribute name="Loop Time for DT" value="1.000000" />
  <attribute name="Output H" value="8388608"/>
  <attribute name="Output I" value="248"/>
  <attribute name="Output T" value="4"/>
  <attribute name="Target GC Util Change" value ="20.000000" />
  <attribute name="Current GC Util Change" value="173.000000"/>
  <attribute name="GC Util currently" value="173" />
  <attribute name="CPU Util currently" value="3304745199546" />
<exclusive-end id="699" timestamp="2019-06-15T00:43:27.687" durationms="5.719" />

<exclusive-start id="700" timestamp="2019-06-15T00:43:27.714" intervalms="32.251">
  <response-info timems="0.069" idlems="0.069" threads="0" lastid="000000000120C700" lastname="main" />
</exclusive-start>
<allocation-taxation id="701" taxation-threshold="13631488" timestamp="2019-06-15T00:43:27.714" intervalms="32.243" />
<cycle-start id="702" type="partial gc" contextid="0" timestamp="2019-06-15T00:43:27.714" intervalms="68.250" />
<gc-start id="703" type="partial gc" contextid="702" timestamp="2019-06-15T00:43:27.714">
  <mem-info id="704" free="18874368" total="85983232" percent="21">
    <mem type="eden" free="0" total="27262976" percent="0" />
    <arraylet-primitive objects="1" leaves="1" largest="1" />
    <remembered-set count="42112" freebytes="3263744" totalbytes="3432192" percent="95" regionsoverflowed="0" regionsstable="0" regionsrebuilding="0"/>
  </mem-info>
</gc-start>
<allocation-stats totalBytes="27234016" >
  <allocated-bytes non-tlh="0" tlh="27234016" arrayletleaf="0"/>
  <largest-consumer threadName="main" threadId="000000000120C700" bytes="13613112" />
</allocation-stats>
<gc-op id="705" type="sweep" timems="1.050" contextid="702" timestamp="2019-06-15T00:43:27.716" />
<gc-op id="706" type="copy forward" timems="11.957" contextid="702" timestamp="2019-06-15T00:43:27.729">
  <memory-copied type="eden" objects="28218" bytes="700032" bytesdiscarded="12" />
  <memory-copied type="other" objects="85241" bytes="2537496" bytesdiscarded="28" />
  <memory-cardclean objects="12392" bytes="443152" />
  <regions eden="13" other="18" />
  <remembered-set-cleared processed="37552" cleared="7515" durationms="0.468" />
  <finalization candidates="5" enqueued="0" />
  <references type="soft" candidates="80" cleared="0" enqueued="0" dynamicThreshold="12" maxThreshold="32" />
  <references type="weak" candidates="205" cleared="0" enqueued="0" />
  <references type="phantom" candidates="2" cleared="0" enqueued="0" />
  <stringconstants candidates="13274" cleared="0"  />
</gc-op>
<gc-op id="707" type="classunload" timems="0.006" contextid="702" timestamp="2019-06-15T00:43:27.729">
  <classunload-info classloadercandidates="55" classloadersunloaded="0" classesunloaded="0" anonymousclassesunloaded="0" quiescems="0.000" setupms="0.006" scanms="0.000" postms="0.000" />
</gc-op>
<heap-resize id="708" type="expand" space="default" amount="14680064" count="1" timems="0.121" reason="excessive time being spent in gc" timestamp="2019-06-15T00:43:27.729" />
<gc-end id="709" type="partial gc" contextid="702" durationms="14.843" usertimems="16.000" systemtimems="0.000" timestamp="2019-06-15T00:43:27.729" activeThreads="1">
  <mem-info id="710" free="59768832" total="100663296" percent="59">
    <mem type="eden" free="719416" total="2097152" percent="34" />
    <arraylet-primitive objects="1" leaves="1" largest="1" />
    <remembered-set count="46496" freebytes="3832192" totalbytes="4018176" percent="95" regionsoverflowed="0" regionsstable="0" regionsrebuilding="0"/>
  </mem-info>
</gc-end>
<cycle-end id="711" type="partial gc" contextid="702" timestamp="2019-06-15T00:43:27.730" />
  <attribute name="elasticGC enabled" value="1" />
  <attribute name= "numThreadsSpecified" value="1" />
  <attribute name="heapSize specified" value="0" />
  <attribute name="Current GC Util" value="164" />
  <attribute name= "Current Time Running" value="67027" />
  <attribute name ="GC Interval" value="0" />
  <attribute name="ProportionalT" value="72.000000" />
  <attribute name="ProportionalI" value="72.000000" />
  <attribute name="ProportionalH" value="72.000000" />
  <attribute name="Current Error" value="144.000000" />
  <attribute name="IntegralT" value="0.000000" />
  <attribute name="IntegralI" value="0.000000" />
  <attribute name="IntegralH" value="0.000000" />
  <attribute name="DerivativeT" value="inf" />
  <attribute name="DerivativeI" value="inf" />
  <attribute name="DerivativeH" value="inf" />
  <attribute name="Loop Time for DT" value="0.000000" />
  <attribute name="Output H" value="8388608"/>
  <attribute name="Output I" value="200"/>
  <attribute name="Output T" value="1"/>
  <attribute name="Target GC Util Change" value ="20.000000" />
  <attribute name="Current GC Util Change" value="164.000000"/>
  <attribute name="GC Util currently" value="164" />
  <attribute name="CPU Util currently" value="12937711289820" />
<exclusive-end id="712" timestamp="2019-06-15T00:43:27.730" durationms="15.827" />

<exclusive-start id="713" timestamp="2019-06-15T00:43:27.791" intervalms="77.225">
  <response-info timems="0.074" idlems="0.074" threads="0" lastid="000000000120C700" lastname="main" />
</exclusive-start>
<allocation-taxation id="714" taxation-threshold="31457280" timestamp="2019-06-15T00:43:27.791" intervalms="77.282" />
<cycle-start id="715" type="partial gc" contextid="0" timestamp="2019-06-15T00:43:27.792" intervalms="77.374" />
<gc-start id="716" type="partial gc" contextid="715" timestamp="2019-06-15T00:43:27.792">
  <mem-info id="717" free="28311552" total="100663296" percent="28">
    <mem type="eden" free="0" total="31457280" percent="0" />
    <arraylet-primitive objects="1" leaves="1" largest="1" />
    <remembered-set count="46304" freebytes="3832960" totalbytes="4018176" percent="95" regionsoverflowed="0" regionsstable="0" regionsrebuilding="0"/>
  </mem-info>
</gc-start>
<allocation-stats totalBytes="31422552" >
  <allocated-bytes non-tlh="262160" tlh="31160392" arrayletleaf="0"/>
  <largest-consumer threadName="main" threadId="000000000120C700" bytes="31422552" />
</allocation-stats>
<gc-op id="718" type="copy forward" timems="15.070" contextid="715" timestamp="2019-06-15T00:43:27.808">
  <memory-copied type="eden" objects="65086" bytes="1871456" bytesdiscarded="16" />
  <memory-copied type="other" objects="58876" bytes="1493864" bytesdiscarded="464" />
  <memory-cardclean objects="49712" bytes="1716280" />
  <regions eden="30" other="6" />
  <remembered-set-cleared processed="36069" cleared="19033" durationms="0.439" />
  <references type="soft" candidates="3" cleared="0" enqueued="0" dynamicThreshold="19" maxThreshold="32" />
  <references type="weak" candidates="393" cleared="0" enqueued="0" />
  <stringconstants candidates="13274" cleared="0"  />
</gc-op>
<gc-op id="719" type="classunload" timems="0.007" contextid="715" timestamp="2019-06-15T00:43:27.808">
  <classunload-info classloadercandidates="55" classloadersunloaded="0" classesunloaded="0" anonymousclassesunloaded="0" quiescems="0.000" setupms="0.006" scanms="0.000" postms="0.000" />
</gc-op>
<heap-resize id="720" type="expand" space="default" amount="2097152" count="1" timems="0.061" reason="excessive time being spent in gc" timestamp="2019-06-15T00:43:27.808" />
<gc-end id="721" type="partial gc" contextid="715" durationms="16.635" usertimems="16.000" systemtimems="0.000" timestamp="2019-06-15T00:43:27.809" activeThreads="1">
  <mem-info id="722" free="61865984" total="102760448" percent="60">
    <mem type="eden" free="225680" total="2097152" percent="10" />
    <arraylet-primitive objects="1" leaves="1" largest="1" />
    <remembered-set count="56224" freebytes="3876992" totalbytes="4101888" percent="94" regionsoverflowed="0" regionsstable="0" regionsrebuilding="0"/>
  </mem-info>
</gc-end>
<cycle-end id="723" type="partial gc" contextid="715" timestamp="2019-06-15T00:43:27.809" />
  <attribute name="elasticGC enabled" value="1" />
  <attribute name= "numThreadsSpecified" value="1" />
  <attribute name="heapSize specified" value="0" />
  <attribute name="Current GC Util" value="273" />
  <attribute name= "Current Time Running" value="67103" />
  <attribute name ="GC Interval" value="0" />
  <attribute name="ProportionalT" value="126.500000" />
  <attribute name="ProportionalI" value="126.500000" />
  <attribute name="ProportionalH" value="126.500000" />
  <attribute name="Current Error" value="253.000000" />
  <attribute name="IntegralT" value="0.000000" />
  <attribute name="IntegralI" value="0.000000" />
  <attribute name="IntegralH" value="0.000000" />
  <attribute name="DerivativeT" value="inf" />
  <attribute name="DerivativeI" value="inf" />
  <attribute name="DerivativeH" value="inf" />
  <attribute name="Loop Time for DT" value="0.000000" />
  <attribute name="Output H" value="8388608"/>
  <attribute name="Output I" value="200"/>
  <attribute name="Output T" value="1"/>
  <attribute name="Target GC Util Change" value ="20.000000" />
  <attribute name="Current GC Util Change" value="273.000000"/>
  <attribute name="GC Util currently" value="273" />
  <attribute name="CPU Util currently" value="11779319404325" />
<exclusive-end id="724" timestamp="2019-06-15T00:43:27.809" durationms="17.858" />

<exclusive-start id="725" timestamp="2019-06-15T00:43:27.873" intervalms="81.640">
  <response-info timems="0.059" idlems="0.059" threads="0" lastid="000000000120C700" lastname="main" />
</exclusive-start>
<allocation-taxation id="726" taxation-threshold="32505856" timestamp="2019-06-15T00:43:27.873" intervalms="81.676" />
<cycle-start id="727" type="partial gc" contextid="0" timestamp="2019-06-15T00:43:27.873" intervalms="81.636" />
<gc-start id="728" type="partial gc" contextid="727" timestamp="2019-06-15T00:43:27.874">
  <mem-info id="729" free="29360128" total="102760448" percent="28">
    <mem type="eden" free="0" total="32505856" percent="0" />
    <arraylet-primitive objects="1" leaves="1" largest="1" />
    <remembered-set count="55936" freebytes="3878144" totalbytes="4101888" percent="94" regionsoverflowed="0" regionsstable="0" regionsrebuilding="0"/>
  </mem-info>
</gc-start>
<allocation-stats totalBytes="32470176" >
  <allocated-bytes non-tlh="0" tlh="32470176" arrayletleaf="0"/>
  <largest-consumer threadName="main" threadId="000000000120C700" bytes="32470176" />
</allocation-stats>
<gc-op id="730" type="copy forward" timems="15.550" contextid="727" timestamp="2019-06-15T00:43:27.890">
  <memory-copied type="eden" objects="67695" bytes="1699032" bytesdiscarded="0" />
  <memory-copied type="other" objects="73855" bytes="2211920" bytesdiscarded="152" />
  <memory-cardclean objects="24318" bytes="866120" />
  <regions eden="31" other="5" />
  <remembered-set-cleared processed="44513" cleared="12578" durationms="0.471" />
  <references type="soft" candidates="119" cleared="0" enqueued="0" dynamicThreshold="19" maxThreshold="32" />
  <references type="weak" candidates="783" cleared="0" enqueued="0" />
  <stringconstants candidates="13274" cleared="0"  />
</gc-op>
<gc-op id="731" type="classunload" timems="0.006" contextid="727" timestamp="2019-06-15T00:43:27.890">
  <classunload-info classloadercandidates="55" classloadersunloaded="0" classesunloaded="0" anonymousclassesunloaded="0" quiescems="0.000" setupms="0.006" scanms="0.000" postms="0.000" />
</gc-op>
<heap-resize id="732" type="expand" space="default" amount="2097152" count="1" timems="0.059" reason="excessive time being spent in gc" timestamp="2019-06-15T00:43:27.891" />
<gc-end id="733" type="partial gc" contextid="727" durationms="17.360" usertimems="20.000" systemtimems="0.000" timestamp="2019-06-15T00:43:27.891" activeThreads="1">
  <mem-info id="734" free="62914560" total="104857600" percent="60">
    <mem type="eden" free="398120" total="2097152" percent="18" />
    <arraylet-primitive objects="1" leaves="1" largest="1" />
    <remembered-set count="60896" freebytes="3942016" totalbytes="4185600" percent="94" regionsoverflowed="0" regionsstable="0" regionsrebuilding="0"/>
  </mem-info>
</gc-end>
<cycle-end id="735" type="partial gc" contextid="727" timestamp="2019-06-15T00:43:27.891" />
  <attribute name="elasticGC enabled" value="1" />
  <attribute name= "numThreadsSpecified" value="1" />
  <attribute name="heapSize specified" value="0" />
  <attribute name="Current GC Util" value="266" />
  <attribute name= "Current Time Running" value="67185" />
  <attribute name ="GC Interval" value="0" />
  <attribute name="ProportionalT" value="123.000000" />
  <attribute name="ProportionalI" value="123.000000" />
  <attribute name="ProportionalH" value="123.000000" />
  <attribute name="Current Error" value="246.000000" />
  <attribute name="IntegralT" value="0.000000" />
  <attribute name="IntegralI" value="0.000000" />
  <attribute name="IntegralH" value="0.000000" />
  <attribute name="DerivativeT" value="inf" />
  <attribute name="DerivativeI" value="inf" />
  <attribute name="DerivativeH" value="inf" />
  <attribute name="Loop Time for DT" value="0.000000" />
  <attribute name="Output H" value="8388608"/>
  <attribute name="Output I" value="200"/>
  <attribute name="Output T" value="1"/>
  <attribute name="Target GC Util Change" value ="20.000000" />
  <attribute name="Current GC Util Change" value="266.000000"/>
  <attribute name="GC Util currently" value="266" />
  <attribute name="CPU Util currently" value="10814511007775" />
<exclusive-end id="736" timestamp="2019-06-15T00:43:27.891" durationms="18.645" />

<exclusive-start id="737" timestamp="2019-06-15T00:43:27.994" intervalms="121.339">
  <response-info timems="0.068" idlems="0.068" threads="0" lastid="000000000120C700" lastname="main" />
</exclusive-start>
<allocation-taxation id="738" taxation-threshold="32505856" timestamp="2019-06-15T00:43:27.994" intervalms="121.357" />
<cycle-start id="739" type="partial gc" contextid="0" timestamp="2019-06-15T00:43:27.995" intervalms="121.351" />
<gc-start id="740" type="partial gc" contextid="739" timestamp="2019-06-15T00:43:27.995">
  <mem-info id="741" free="30408704" total="104857600" percent="29">
    <mem type="eden" free="0" total="32505856" percent="0" />
    <arraylet-primitive objects="2" leaves="2" largest="1" />
    <remembered-set count="60896" freebytes="3942016" totalbytes="4185600" percent="94" regionsoverflowed="0" regionsstable="0" regionsrebuilding="0"/>
  </mem-info>
</gc-start>
<allocation-stats totalBytes="32485232" >
  <allocated-bytes non-tlh="760960" tlh="30675696" arrayletleaf="1048576"/>
  <largest-consumer threadName="main" threadId="000000000120C700" bytes="32485232" />
</allocation-stats>
<gc-op id="742" type="copy forward" timems="14.946" contextid="739" timestamp="2019-06-15T00:43:28.011">
  <memory-copied type="eden" objects="70760" bytes="1860644" bytesdiscarded="8" />
  <memory-copied type="other" objects="71775" bytes="1854160" bytesdiscarded="392" />
  <memory-cardclean objects="13554" bytes="697864" />
  <regions eden="30" other="5" />
  <remembered-set-cleared processed="48906" cleared="9072" durationms="0.513" />
  <finalization candidates="1" enqueued="1" />
  <references type="soft" candidates="29" cleared="0" enqueued="0" dynamicThreshold="19" maxThreshold="32" />
  <references type="weak" candidates="380" cleared="0" enqueued="0" />
  <stringconstants candidates="13274" cleared="0"  />
</gc-op>
<gc-op id="743" type="classunload" timems="0.009" contextid="739" timestamp="2019-06-15T00:43:28.011">
  <classunload-info classloadercandidates="55" classloadersunloaded="0" classesunloaded="0" anonymousclassesunloaded="0" quiescems="0.000" setupms="0.009" scanms="0.000" postms="0.000" />
</gc-op>
<heap-resize id="744" type="expand" space="default" amount="5242880" count="1" timems="0.080" reason="excessive time being spent in gc" timestamp="2019-06-15T00:43:28.011" />
<gc-end id="745" type="partial gc" contextid="739" durationms="16.562" usertimems="28.000" systemtimems="0.000" timestamp="2019-06-15T00:43:28.012" activeThreads="1">
  <mem-info id="746" free="66060288" total="110100480" percent="60">
    <mem type="eden" free="236472" total="3145728" percent="7" />
    <arraylet-primitive objects="2" leaves="2" largest="1" />
    <pending-finalizers system="0" default="1" reference="0" classloader="0" />
    <remembered-set count="64384" freebytes="4137344" totalbytes="4394880" percent="94" regionsoverflowed="0" regionsstable="0" regionsrebuilding="0"/>
  </mem-info>
</gc-end>
<cycle-end id="747" type="partial gc" contextid="739" timestamp="2019-06-15T00:43:28.012" />
  <attribute name="elasticGC enabled" value="1" />
  <attribute name= "numThreadsSpecified" value="1" />
  <attribute name="heapSize specified" value="0" />
  <attribute name="Current GC Util" value="254" />
  <attribute name= "Current Time Running" value="67306" />
  <attribute name ="GC Interval" value="0" />
  <attribute name="ProportionalT" value="117.000000" />
  <attribute name="ProportionalI" value="117.000000" />
  <attribute name="ProportionalH" value="117.000000" />
  <attribute name="Current Error" value="234.000000" />
  <attribute name="IntegralT" value="0.000000" />
  <attribute name="IntegralI" value="0.000000" />
  <attribute name="IntegralH" value="0.000000" />
  <attribute name="DerivativeT" value="inf" />
  <attribute name="DerivativeI" value="inf" />
  <attribute name="DerivativeH" value="inf" />
  <attribute name="Loop Time for DT" value="0.000000" />
  <attribute name="Output H" value="8388608"/>
  <attribute name="Output I" value="200"/>
  <attribute name="Output T" value="1"/>
  <attribute name="Target GC Util Change" value ="20.000000" />
  <attribute name="Current GC Util Change" value="254.000000"/>
  <attribute name="GC Util currently" value="254" />
  <attribute name="CPU Util currently" value="18851369806203" />
<exclusive-end id="748" timestamp="2019-06-15T00:43:28.012" durationms="17.760" />

<exclusive-start id="749" timestamp="2019-06-15T00:43:28.232" intervalms="237.625">
  <response-info timems="0.068" idlems="0.068" threads="0" lastid="000000000120C700" lastname="main" />
</exclusive-start>
<allocation-taxation id="750" taxation-threshold="33554432" timestamp="2019-06-15T00:43:28.232" intervalms="237.584" />
<cycle-start id="751" type="partial gc" contextid="0" timestamp="2019-06-15T00:43:28.232" intervalms="237.542" />
<gc-start id="752" type="partial gc" contextid="751" timestamp="2019-06-15T00:43:28.232">
  <mem-info id="753" free="32505856" total="110100480" percent="29">
    <mem type="eden" free="0" total="33554432" percent="0" />
    <arraylet-primitive objects="2" leaves="2" largest="1" />
    <remembered-set count="64192" freebytes="4138112" totalbytes="4394880" percent="94" regionsoverflowed="0" regionsstable="0" regionsrebuilding="0"/>
  </mem-info>
</gc-start>
<allocation-stats totalBytes="33550904" >
  <allocated-bytes non-tlh="149376" tlh="33401528" arrayletleaf="0"/>
  <largest-consumer threadName="main" threadId="000000000120C700" bytes="33550904" />
</allocation-stats>
<gc-op id="754" type="copy forward" timems="8.260" contextid="751" timestamp="2019-06-15T00:43:28.241">
  <memory-copied type="eden" objects="41634" bytes="1123704" bytesdiscarded="120568" />
  <memory-copied type="other" objects="110226" bytes="2767360" bytesdiscarded="67352" />
  <memory-cardclean objects="70176" bytes="2677552" />
  <regions eden="32" other="7" />
  <remembered-set-cleared processed="45428" cleared="27700" durationms="0.214" />
  <finalization candidates="10" enqueued="0" />
  <ownableSynchronizers candidates="5" cleared="0" />
  <references type="soft" candidates="2331" cleared="0" enqueued="0" dynamicThreshold="19" maxThreshold="32" />
  <references type="weak" candidates="1287" cleared="0" enqueued="0" />
  <references type="phantom" candidates="1" cleared="0" enqueued="0" />
  <stringconstants candidates="13733" cleared="5"  />
</gc-op>
<gc-op id="755" type="classunload" timems="0.022" contextid="751" timestamp="2019-06-15T00:43:28.242">
  <classunload-info classloadercandidates="55" classloadersunloaded="0" classesunloaded="0" anonymousclassesunloaded="0" quiescems="0.000" setupms="0.021" scanms="0.000" postms="0.000" />
</gc-op>
<gc-end id="756" type="partial gc" contextid="751" durationms="9.337" usertimems="32.000" systemtimems="0.000" timestamp="2019-06-15T00:43:28.242" activeThreads="4">
  <mem-info id="757" free="66060288" total="110100480" percent="60">
    <mem type="eden" free="852840" total="2097152" percent="40" />
    <arraylet-primitive objects="1" leaves="1" largest="1" />
    <remembered-set count="58944" freebytes="4159104" totalbytes="4394880" percent="94" regionsoverflowed="0" regionsstable="0" regionsrebuilding="0"/>
  </mem-info>
</gc-end>
<cycle-end id="758" type="partial gc" contextid="751" timestamp="2019-06-15T00:43:28.242" />
  <attribute name="elasticGC enabled" value="1" />
  <attribute name= "numThreadsSpecified" value="4" />
  <attribute name="heapSize specified" value="0" />
  <attribute name="Current GC Util" value="87" />
  <attribute name= "Current Time Running" value="67544" />
  <attribute name ="GC Interval" value="0" />
  <attribute name="ProportionalT" value="33.500000" />
  <attribute name="ProportionalI" value="33.500000" />
  <attribute name="ProportionalH" value="33.500000" />
  <attribute name="Current Error" value="67.000000" />
  <attribute name="IntegralT" value="67.000000" />
  <attribute name="IntegralI" value="67.000000" />
  <attribute name="IntegralH" value="67.000000" />
  <attribute name="DerivativeT" value="67.000000" />
  <attribute name="DerivativeI" value="67.000000" />
  <attribute name="DerivativeH" value="67.000000" />
  <attribute name="Loop Time for DT" value="1.000000" />
  <attribute name="Output H" value="8388608"/>
  <attribute name="Output I" value="200"/>
  <attribute name="Output T" value="4"/>
  <attribute name="Target GC Util Change" value ="20.000000" />
  <attribute name="Current GC Util Change" value="87.000000"/>
  <attribute name="GC Util currently" value="87" />
  <attribute name="CPU Util currently" value="16337853831472" />
<exclusive-end id="759" timestamp="2019-06-15T00:43:28.242" durationms="10.354" />

<exclusive-start id="760" timestamp="2019-06-15T00:43:29.216" intervalms="983.739">
  <response-info timems="0.043" idlems="0.043" threads="0" lastid="000000000120C700" lastname="main" />
</exclusive-start>
<allocation-taxation id="761" taxation-threshold="33554432" timestamp="2019-06-15T00:43:29.216" intervalms="983.720" />
<cycle-start id="762" type="partial gc" contextid="0" timestamp="2019-06-15T00:43:29.216" intervalms="983.712" />
<gc-start id="763" type="partial gc" contextid="762" timestamp="2019-06-15T00:43:29.216">
  <mem-info id="764" free="32505856" total="110100480" percent="29">
    <mem type="eden" free="0" total="33554432" percent="0" />
    <arraylet-primitive objects="1" leaves="1" largest="1" />
    <remembered-set count="51744" freebytes="4187904" totalbytes="4394880" percent="95" regionsoverflowed="0" regionsstable="1" regionsrebuilding="0"/>
  </mem-info>
</gc-start>
<allocation-stats totalBytes="33461600" >
  <allocated-bytes non-tlh="64" tlh="33461536" arrayletleaf="0"/>
  <largest-consumer threadName="main" threadId="000000000120C700" bytes="33461600" />
</allocation-stats>
<gc-op id="765" type="copy forward" timems="7.766" contextid="762" timestamp="2019-06-15T00:43:29.225">
  <memory-copied type="eden" objects="86" bytes="3336" bytesdiscarded="0" />
  <memory-copied type="other" objects="74377" bytes="1893536" bytesdiscarded="8" />
  <memory-cardclean objects="8157" bytes="514568" />
  <regions eden="32" other="6" />
  <remembered-set-cleared processed="47527" cleared="5553" durationms="0.497" />
  <references type="soft" candidates="2230" cleared="0" enqueued="0" dynamicThreshold="19" maxThreshold="32" />
  <references type="weak" candidates="273" cleared="0" enqueued="0" />
  <stringconstants candidates="13729" cleared="0"  />
</gc-op>
<gc-op id="766" type="classunload" timems="0.005" contextid="762" timestamp="2019-06-15T00:43:29.225">
  <classunload-info classloadercandidates="55" classloadersunloaded="0" classesunloaded="0" anonymousclassesunloaded="0" quiescems="0.000" setupms="0.005" scanms="0.000" postms="0.000" />
</gc-op>
<gc-end id="767" type="partial gc" contextid="762" durationms="8.941" usertimems="12.000" systemtimems="0.000" timestamp="2019-06-15T00:43:29.225" activeThreads="1">
  <mem-info id="768" free="66060288" total="110100480" percent="60">
    <mem type="eden" free="1045240" total="1048576" percent="99" />
    <arraylet-primitive objects="1" leaves="1" largest="1" />
    <remembered-set count="51520" freebytes="4188800" totalbytes="4394880" percent="95" regionsoverflowed="0" regionsstable="1" regionsrebuilding="0"/>
  </mem-info>
</gc-end>
<cycle-end id="769" type="partial gc" contextid="762" timestamp="2019-06-15T00:43:29.225" />
  <attribute name="elasticGC enabled" value="1" />
  <attribute name= "numThreadsSpecified" value="1" />
  <attribute name="heapSize specified" value="0" />
  <attribute name="Current GC Util" value="61" />
  <attribute name= "Current Time Running" value="68527" />
  <attribute name ="GC Interval" value="0" />
  <attribute name="ProportionalT" value="20.500000" />
  <attribute name="ProportionalI" value="20.500000" />
  <attribute name="ProportionalH" value="20.500000" />
  <attribute name="Current Error" value="41.000000" />
  <attribute name="IntegralT" value="0.000000" />
  <attribute name="IntegralI" value="0.000000" />
  <attribute name="IntegralH" value="0.000000" />
  <attribute name="DerivativeT" value="inf" />
  <attribute name="DerivativeI" value="inf" />
  <attribute name="DerivativeH" value="inf" />
  <attribute name="Loop Time for DT" value="0.000000" />
  <attribute name="Output H" value="8388608"/>
  <attribute name="Output I" value="200"/>
  <attribute name="Output T" value="1"/>
  <attribute name="Target GC Util Change" value ="20.000000" />
  <attribute name="Current GC Util Change" value="61.000000"/>
  <attribute name="GC Util currently" value="61" />
  <attribute name="CPU Util currently" value="19911858553176" />
<exclusive-end id="770" timestamp="2019-06-15T00:43:29.225" durationms="9.933" />

<exclusive-start id="771" timestamp="2019-06-15T00:43:29.252" intervalms="36.949">
  <response-info timems="0.041" idlems="0.041" threads="0" lastid="000000000120C700" lastname="main" />
</exclusive-start>
<allocation-taxation id="772" taxation-threshold="33554432" timestamp="2019-06-15T00:43:29.253" intervalms="36.921" />
<cycle-start id="773" type="partial gc" contextid="0" timestamp="2019-06-15T00:43:29.253" intervalms="36.879" />
<gc-start id="774" type="partial gc" contextid="773" timestamp="2019-06-15T00:43:29.253">
  <mem-info id="775" free="32505856" total="110100480" percent="29">
    <mem type="eden" free="0" total="33554432" percent="0" />
    <arraylet-primitive objects="1" leaves="1" largest="1" />
    <remembered-set count="51488" freebytes="4188928" totalbytes="4394880" percent="95" regionsoverflowed="0" regionsstable="1" regionsrebuilding="0"/>
  </mem-info>
</gc-start>
<allocation-stats totalBytes="33430240" >
  <allocated-bytes non-tlh="0" tlh="33430240" arrayletleaf="0"/>
  <largest-consumer threadName="main" threadId="000000000120C700" bytes="33430240" />
</allocation-stats>
<gc-op id="776" type="copy forward" timems="3.725" contextid="773" timestamp="2019-06-15T00:43:29.257">
  <memory-copied type="eden" objects="2" bytes="56" bytesdiscarded="0" />
  <memory-copied type="other" objects="19260" bytes="660440" bytesdiscarded="224" />
  <memory-cardclean objects="4164" bytes="165464" />
  <regions eden="32" other="5" />
  <remembered-set-cleared processed="47604" cleared="2366" durationms="0.453" />
  <references type="soft" candidates="97" cleared="0" enqueued="0" dynamicThreshold="19" maxThreshold="32" />
  <references type="weak" candidates="278" cleared="0" enqueued="0" />
  <stringconstants candidates="13729" cleared="0"  />
</gc-op>
<gc-op id="777" type="classunload" timems="0.005" contextid="773" timestamp="2019-06-15T00:43:29.257">
  <classunload-info classloadercandidates="55" classloadersunloaded="0" classesunloaded="0" anonymousclassesunloaded="0" quiescems="0.000" setupms="0.004" scanms="0.000" postms="0.000" />
</gc-op>
<heap-resize id="778" type="contract" space="default" amount="6291456" count="1" timems="0.170" reason="insufficient time being spent in gc" timestamp="2019-06-15T00:43:29.258" />
<gc-end id="779" type="partial gc" contextid="773" durationms="4.944" usertimems="12.000" systemtimems="0.000" timestamp="2019-06-15T00:43:29.258" activeThreads="1">
  <mem-info id="780" free="60817408" total="103809024" percent="58">
    <mem type="eden" free="1048520" total="1048576" percent="99" />
    <arraylet-primitive objects="1" leaves="1" largest="1" />
    <remembered-set count="51616" freebytes="4188416" totalbytes="4394880" percent="95" regionsoverflowed="0" regionsstable="1" regionsrebuilding="0"/>
  </mem-info>
</gc-end>
<cycle-end id="781" type="partial gc" contextid="773" timestamp="2019-06-15T00:43:29.258" />
  <attribute name="elasticGC enabled" value="1" />
  <attribute name= "numThreadsSpecified" value="1" />
  <attribute name="heapSize specified" value="0" />
  <attribute name="Current GC Util" value="64" />
  <attribute name= "Current Time Running" value="68564" />
  <attribute name ="GC Interval" value="0" />
  <attribute name="ProportionalT" value="22.000000" />
  <attribute name="ProportionalI" value="22.000000" />
  <attribute name="ProportionalH" value="22.000000" />
  <attribute name="Current Error" value="44.000000" />
  <attribute name="IntegralT" value="0.000000" />
  <attribute name="IntegralI" value="0.000000" />
  <attribute name="IntegralH" value="0.000000" />
  <attribute name="DerivativeT" value="inf" />
  <attribute name="DerivativeI" value="inf" />
  <attribute name="DerivativeH" value="inf" />
  <attribute name="Loop Time for DT" value="0.000000" />
  <attribute name="Output H" value="8388608"/>
  <attribute name="Output I" value="200"/>
  <attribute name="Output T" value="1"/>
  <attribute name="Target GC Util Change" value ="20.000000" />
  <attribute name="Current GC Util Change" value="64.000000"/>
  <attribute name="GC Util currently" value="64" />
  <attribute name="CPU Util currently" value="20460099645454" />
<exclusive-end id="782" timestamp="2019-06-15T00:43:29.258" durationms="5.751" />

<exclusive-start id="783" timestamp="2019-06-15T00:43:29.282" intervalms="29.710">
  <response-info timems="0.221" idlems="0.221" threads="0" lastid="000000000120C700" lastname="main" />
</exclusive-start>
<allocation-taxation id="784" taxation-threshold="32505856" timestamp="2019-06-15T00:43:29.282" intervalms="29.740" />
<cycle-start id="785" type="partial gc" contextid="0" timestamp="2019-06-15T00:43:29.283" intervalms="29.806" />
<gc-start id="786" type="partial gc" contextid="785" timestamp="2019-06-15T00:43:29.283">
  <mem-info id="787" free="28311552" total="103809024" percent="27">
    <mem type="eden" free="1048520" total="33554432" percent="3" />
    <arraylet-primitive objects="1" leaves="1" largest="1" />
    <remembered-set count="51328" freebytes="4189568" totalbytes="4394880" percent="95" regionsoverflowed="0" regionsstable="1" regionsrebuilding="0"/>
  </mem-info>
</gc-start>
<allocation-stats totalBytes="32396976" >
  <allocated-bytes non-tlh="0" tlh="32396976" arrayletleaf="0"/>
  <largest-consumer threadName="main" threadId="000000000120C700" bytes="32396976" />
</allocation-stats>
<gc-op id="788" type="copy forward" timems="7.038" contextid="785" timestamp="2019-06-15T00:43:29.291">
  <memory-copied type="eden" objects="2" bytes="56" bytesdiscarded="0" />
  <memory-copied type="other" objects="30539" bytes="1036016" bytesdiscarded="248" />
  <memory-cardclean objects="35314" bytes="1419240" />
  <regions eden="31" other="4" />
  <remembered-set-cleared processed="44278" cleared="8131" durationms="0.453" />
  <finalization candidates="1" enqueued="0" />
  <references type="soft" candidates="1355" cleared="0" enqueued="0" dynamicThreshold="18" maxThreshold="32" />
  <references type="weak" candidates="682" cleared="0" enqueued="0" />
  <references type="phantom" candidates="2" cleared="0" enqueued="0" />
  <stringconstants candidates="13729" cleared="0"  />
</gc-op>
<gc-op id="789" type="classunload" timems="0.004" contextid="785" timestamp="2019-06-15T00:43:29.291">
  <classunload-info classloadercandidates="55" classloadersunloaded="0" classesunloaded="0" anonymousclassesunloaded="0" quiescems="0.000" setupms="0.004" scanms="0.000" postms="0.000" />
</gc-op>
<heap-resize id="790" type="contract" space="default" amount="5242880" count="1" timems="0.053" reason="insufficient time being spent in gc" timestamp="2019-06-15T00:43:29.291" />
<gc-end id="791" type="partial gc" contextid="785" durationms="8.509" usertimems="8.000" systemtimems="0.000" timestamp="2019-06-15T00:43:29.291" activeThreads="1">
  <mem-info id="792" free="56623104" total="98566144" percent="57">
    <mem type="eden" free="1048520" total="1048576" percent="99" />
    <arraylet-primitive objects="1" leaves="1" largest="1" />
    <remembered-set count="49216" freebytes="3946880" totalbytes="4143744" percent="95" regionsoverflowed="0" regionsstable="1" regionsrebuilding="0"/>
  </mem-info>
</gc-end>
<cycle-end id="793" type="partial gc" contextid="785" timestamp="2019-06-15T00:43:29.292" />
  <attribute name="elasticGC enabled" value="1" />
  <attribute name= "numThreadsSpecified" value="1" />
  <attribute name="heapSize specified" value="0" />
  <attribute name="Current GC Util" value="42" />
  <attribute name= "Current Time Running" value="68594" />
  <attribute name ="GC Interval" value="0" />
  <attribute name="ProportionalT" value="11.000000" />
  <attribute name="ProportionalI" value="11.000000" />
  <attribute name="ProportionalH" value="11.000000" />
  <attribute name="Current Error" value="22.000000" />
  <attribute name="IntegralT" value="0.000000" />
  <attribute name="IntegralI" value="0.000000" />
  <attribute name="IntegralH" value="0.000000" />
  <attribute name="DerivativeT" value="inf" />
  <attribute name="DerivativeI" value="inf" />
  <attribute name="DerivativeH" value="inf" />
  <attribute name="Loop Time for DT" value="0.000000" />
  <attribute name="Output H" value="8388608"/>
  <attribute name="Output I" value="200"/>
  <attribute name="Output T" value="1"/>
  <attribute name="Target GC Util Change" value ="20.000000" />
  <attribute name="Current GC Util Change" value="42.000000"/>
  <attribute name="GC Util currently" value="42" />
  <attribute name="CPU Util currently" value="10053115980261" />
<exclusive-end id="794" timestamp="2019-06-15T00:43:29.292" durationms="9.516" />

<exclusive-start id="795" timestamp="2019-06-15T00:43:29.311" intervalms="28.579">
  <response-info timems="0.032" idlems="0.032" threads="0" lastid="000000000120C700" lastname="main" />
</exclusive-start>
<allocation-taxation id="796" taxation-threshold="31457280" timestamp="2019-06-15T00:43:29.311" intervalms="28.531" />
<cycle-start id="797" type="partial gc" contextid="0" timestamp="2019-06-15T00:43:29.311" intervalms="28.461" />
<gc-start id="798" type="partial gc" contextid="797" timestamp="2019-06-15T00:43:29.311">
  <mem-info id="799" free="25165824" total="98566144" percent="25">
    <mem type="eden" free="1048520" total="32505856" percent="3" />
    <arraylet-primitive objects="1" leaves="1" largest="1" />
    <remembered-set count="49024" freebytes="3947648" totalbytes="4143744" percent="95" regionsoverflowed="0" regionsstable="1" regionsrebuilding="0"/>
  </mem-info>
</gc-start>
<allocation-stats totalBytes="31351832" >
  <allocated-bytes non-tlh="0" tlh="31351832" arrayletleaf="0"/>
  <largest-consumer threadName="main" threadId="000000000120C700" bytes="31351832" />
</allocation-stats>
<gc-op id="800" type="copy forward" timems="5.149" contextid="797" timestamp="2019-06-15T00:43:29.317">
  <memory-copied type="eden" objects="2" bytes="56" bytesdiscarded="0" />
  <memory-copied type="other" objects="78293" bytes="2567400" bytesdiscarded="107240" />
  <memory-cardclean objects="22061" bytes="1160464" />
  <regions eden="30" other="4" />
  <remembered-set-cleared processed="45284" cleared="11633" durationms="0.228" />
  <finalization candidates="3" enqueued="0" />
  <references type="soft" candidates="160" cleared="0" enqueued="0" dynamicThreshold="18" maxThreshold="32" />
  <references type="weak" candidates="295" cleared="0" enqueued="0" />
  <references type="phantom" candidates="4" cleared="0" enqueued="0" />
  <stringconstants candidates="13729" cleared="0"  />
</gc-op>
<gc-op id="801" type="classunload" timems="0.004" contextid="797" timestamp="2019-06-15T00:43:29.317">
  <classunload-info classloadercandidates="55" classloadersunloaded="0" classesunloaded="0" anonymousclassesunloaded="0" quiescems="0.000" setupms="0.004" scanms="0.000" postms="0.000" />
</gc-op>
<heap-resize id="802" type="expand" space="default" amount="6291456" count="1" timems="0.061" reason="excessive time being spent in gc" timestamp="2019-06-15T00:43:29.318" />
<gc-end id="803" type="partial gc" contextid="797" durationms="6.530" usertimems="12.000" systemtimems="0.000" timestamp="2019-06-15T00:43:29.318" activeThreads="4">
  <mem-info id="804" free="62914560" total="104857600" percent="60">
    <mem type="eden" free="1048520" total="1048576" percent="99" />
    <arraylet-primitive objects="1" leaves="1" largest="1" />
    <remembered-set count="50240" freebytes="3984640" totalbytes="4185600" percent="95" regionsoverflowed="0" regionsstable="1" regionsrebuilding="0"/>
  </mem-info>
</gc-end>
<cycle-end id="805" type="partial gc" contextid="797" timestamp="2019-06-15T00:43:29.318" />
  <attribute name="elasticGC enabled" value="1" />
  <attribute name= "numThreadsSpecified" value="4" />
  <attribute name="heapSize specified" value="0" />
  <attribute name="Current GC Util" value="35" />
  <attribute name= "Current Time Running" value="68623" />
  <attribute name ="GC Interval" value="0" />
  <attribute name="ProportionalT" value="7.500000" />
  <attribute name="ProportionalI" value="7.500000" />
  <attribute name="ProportionalH" value="7.500000" />
  <attribute name="Current Error" value="15.000000" />
  <attribute name="IntegralT" value="15.000000" />
  <attribute name="IntegralI" value="15.000000" />
  <attribute name="IntegralH" value="15.000000" />
  <attribute name="DerivativeT" value="6.000000" />
  <attribute name="DerivativeI" value="6.000000" />
  <attribute name="DerivativeH" value="6.000000" />
  <attribute name="Loop Time for DT" value="1.000000" />
  <attribute name="Output H" value="8388608"/>
  <attribute name="Output I" value="200"/>
  <attribute name="Output T" value="4"/>
  <attribute name="Target GC Util Change" value ="20.000000" />
  <attribute name="Current GC Util Change" value="35.000000"/>
  <attribute name="GC Util currently" value="35" />
  <attribute name="CPU Util currently" value="8669967945338" />
<exclusive-end id="806" timestamp="2019-06-15T00:43:29.318" durationms="7.327" />

<exclusive-start id="807" timestamp="2019-06-15T00:43:29.337" intervalms="26.565">
  <response-info timems="0.032" idlems="0.032" threads="0" lastid="000000000120C700" lastname="main" />
</exclusive-start>
<allocation-taxation id="808" taxation-threshold="32505856" timestamp="2019-06-15T00:43:29.337" intervalms="26.556" />
<cycle-start id="809" type="partial gc" contextid="0" timestamp="2019-06-15T00:43:29.338" intervalms="26.555" />
<gc-start id="810" type="partial gc" contextid="809" timestamp="2019-06-15T00:43:29.338">
  <mem-info id="811" free="30408704" total="104857600" percent="29">
    <mem type="eden" free="1048520" total="33554432" percent="3" />
    <arraylet-primitive objects="1" leaves="1" largest="1" />
    <remembered-set count="42080" freebytes="4017280" totalbytes="4185600" percent="95" regionsoverflowed="0" regionsstable="3" regionsrebuilding="0"/>
  </mem-info>
</gc-start>
<allocation-stats totalBytes="32396952" >
  <allocated-bytes non-tlh="0" tlh="32396952" arrayletleaf="0"/>
  <largest-consumer threadName="main" threadId="000000000120C700" bytes="32396952" />
</allocation-stats>
<gc-op id="812" type="copy forward" timems="18.715" contextid="809" timestamp="2019-06-15T00:43:29.357">
  <memory-copied type="eden" objects="2" bytes="56" bytesdiscarded="0" />
  <memory-copied type="other" objects="98279" bytes="2615016" bytesdiscarded="1048" />
  <memory-cardclean objects="175490" bytes="6135648" />
  <regions eden="31" other="4" />
  <remembered-set-cleared processed="20356" cleared="13891" durationms="0.285" />
  <finalization candidates="40" enqueued="0" />
  <ownableSynchronizers candidates="1" cleared="0" />
  <references type="soft" candidates="328" cleared="0" enqueued="0" dynamicThreshold="19" maxThreshold="32" />
  <references type="weak" candidates="811" cleared="0" enqueued="0" />
  <references type="phantom" candidates="8" cleared="0" enqueued="0" />
  <stringconstants candidates="13729" cleared="0"  />
</gc-op>
<gc-op id="813" type="classunload" timems="0.008" contextid="809" timestamp="2019-06-15T00:43:29.357">
  <classunload-info classloadercandidates="55" classloadersunloaded="0" classesunloaded="0" anonymousclassesunloaded="0" quiescems="0.000" setupms="0.007" scanms="0.000" postms="0.000" />
</gc-op>
<gc-end id="814" type="partial gc" contextid="809" durationms="19.818" usertimems="32.000" systemtimems="0.000" timestamp="2019-06-15T00:43:29.358" activeThreads="1">
  <mem-info id="815" free="65011712" total="104857600" percent="62">
    <mem type="eden" free="1048520" total="1048576" percent="99" />
    <arraylet-primitive objects="1" leaves="1" largest="1" />
    <remembered-set count="39552" freebytes="4027392" totalbytes="4185600" percent="96" regionsoverflowed="0" regionsstable="3" regionsrebuilding="0"/>
  </mem-info>
</gc-end>
<cycle-end id="816" type="partial gc" contextid="809" timestamp="2019-06-15T00:43:29.358" />
  <attribute name="elasticGC enabled" value="1" />
  <attribute name= "numThreadsSpecified" value="1" />
  <attribute name="heapSize specified" value="0" />
  <attribute name="Current GC Util" value="51" />
  <attribute name= "Current Time Running" value="68649" />
  <attribute name ="GC Interval" value="0" />
  <attribute name="ProportionalT" value="15.500000" />
  <attribute name="ProportionalI" value="15.500000" />
  <attribute name="ProportionalH" value="15.500000" />
  <attribute name="Current Error" value="31.000000" />
  <attribute name="IntegralT" value="0.000000" />
  <attribute name="IntegralI" value="0.000000" />
  <attribute name="IntegralH" value="0.000000" />
  <attribute name="DerivativeT" value="inf" />
  <attribute name="DerivativeI" value="inf" />
  <attribute name="DerivativeH" value="inf" />
  <attribute name="Loop Time for DT" value="0.000000" />
  <attribute name="Output H" value="8388608"/>
  <attribute name="Output I" value="200"/>
  <attribute name="Output T" value="1"/>
  <attribute name="Target GC Util Change" value ="20.000000" />
  <attribute name="Current GC Util Change" value="51.000000"/>
  <attribute name="GC Util currently" value="51" />
  <attribute name="CPU Util currently" value="16799334098233" />
<exclusive-end id="817" timestamp="2019-06-15T00:43:29.358" durationms="20.674" />

<exclusive-start id="818" timestamp="2019-06-15T00:43:29.377" intervalms="39.801">
  <response-info timems="0.075" idlems="0.075" threads="0" lastid="000000000120C700" lastname="main" />
</exclusive-start>
<allocation-taxation id="819" taxation-threshold="32505856" timestamp="2019-06-15T00:43:29.377" intervalms="39.836" />
<cycle-start id="820" type="partial gc" contextid="0" timestamp="2019-06-15T00:43:29.377" intervalms="39.887" />
<gc-start id="821" type="partial gc" contextid="820" timestamp="2019-06-15T00:43:29.378">
  <mem-info id="822" free="32505856" total="104857600" percent="31">
    <mem type="eden" free="1048520" total="33554432" percent="3" />
    <arraylet-primitive objects="1" leaves="1" largest="1" />
    <remembered-set count="39520" freebytes="4027520" totalbytes="4185600" percent="96" regionsoverflowed="0" regionsstable="3" regionsrebuilding="0"/>
  </mem-info>
</gc-start>
<allocation-stats totalBytes="32396976" >
  <allocated-bytes non-tlh="0" tlh="32396976" arrayletleaf="0"/>
  <largest-consumer threadName="main" threadId="000000000120C700" bytes="32396976" />
</allocation-stats>
<gc-op id="823" type="copy forward" timems="7.568" contextid="820" timestamp="2019-06-15T00:43:29.386">
  <memory-copied type="eden" objects="2" bytes="56" bytesdiscarded="0" />
  <memory-copied type="other" objects="71899" bytes="2077664" bytesdiscarded="304" />
  <memory-cardclean objects="6519" bytes="331064" />
  <regions eden="31" other="3" />
  <remembered-set-cleared processed="34587" cleared="8411" durationms="0.359" />
  <stringconstants candidates="13729" cleared="0"  />
</gc-op>
<gc-op id="824" type="classunload" timems="0.004" contextid="820" timestamp="2019-06-15T00:43:29.386">
  <classunload-info classloadercandidates="55" classloadersunloaded="0" classesunloaded="0" anonymousclassesunloaded="0" quiescems="0.000" setupms="0.004" scanms="0.000" postms="0.000" />
</gc-op>
<gc-end id="825" type="partial gc" contextid="820" durationms="8.785" usertimems="8.000" systemtimems="0.000" timestamp="2019-06-15T00:43:29.387" activeThreads="1">
  <mem-info id="826" free="65011712" total="104857600" percent="62">
    <mem type="eden" free="1048520" total="1048576" percent="99" />
    <arraylet-primitive objects="1" leaves="1" largest="1" />
    <remembered-set count="36064" freebytes="4041344" totalbytes="4185600" percent="96" regionsoverflowed="0" regionsstable="3" regionsrebuilding="0"/>
  </mem-info>
</gc-end>
<cycle-end id="827" type="partial gc" contextid="820" timestamp="2019-06-15T00:43:29.387" />
  <attribute name="elasticGC enabled" value="1" />
  <attribute name= "numThreadsSpecified" value="1" />
  <attribute name="heapSize specified" value="0" />
  <attribute name="Current GC Util" value="65" />
  <attribute name= "Current Time Running" value="68689" />
  <attribute name ="GC Interval" value="0" />
  <attribute name="ProportionalT" value="22.500000" />
  <attribute name="ProportionalI" value="22.500000" />
  <attribute name="ProportionalH" value="22.500000" />
  <attribute name="Current Error" value="45.000000" />
  <attribute name="IntegralT" value="0.000000" />
  <attribute name="IntegralI" value="0.000000" />
  <attribute name="IntegralH" value="0.000000" />
  <attribute name="DerivativeT" value="inf" />
  <attribute name="DerivativeI" value="inf" />
  <attribute name="DerivativeH" value="inf" />
  <attribute name="Loop Time for DT" value="0.000000" />
  <attribute name="Output H" value="8388608"/>
  <attribute name="Output I" value="200"/>
  <attribute name="Output T" value="1"/>
  <attribute name="Target GC Util Change" value ="20.000000" />
  <attribute name="Current GC Util Change" value="65.000000"/>
  <attribute name="GC Util currently" value="65" />
  <attribute name="CPU Util currently" value="16291335184934" />
<exclusive-end id="828" timestamp="2019-06-15T00:43:29.387" durationms="9.758" />

<exclusive-start id="829" timestamp="2019-06-15T00:43:29.403" intervalms="25.714">
  <response-info timems="0.065" idlems="0.065" threads="0" lastid="000000000120C700" lastname="main" />
</exclusive-start>
<allocation-taxation id="830" taxation-threshold="32505856" timestamp="2019-06-15T00:43:29.403" intervalms="25.686" />
<cycle-start id="831" type="partial gc" contextid="0" timestamp="2019-06-15T00:43:29.403" intervalms="25.705" />
<gc-start id="832" type="partial gc" contextid="831" timestamp="2019-06-15T00:43:29.403">
  <mem-info id="833" free="32505856" total="104857600" percent="31">
    <mem type="eden" free="1048520" total="33554432" percent="3" />
    <arraylet-primitive objects="1" leaves="1" largest="1" />
    <remembered-set count="35840" freebytes="4042240" totalbytes="4185600" percent="96" regionsoverflowed="0" regionsstable="3" regionsrebuilding="0"/>
  </mem-info>
</gc-start>
<allocation-stats totalBytes="32396976" >
  <allocated-bytes non-tlh="0" tlh="32396976" arrayletleaf="0"/>
  <largest-consumer threadName="main" threadId="000000000120C700" bytes="32396976" />
</allocation-stats>
<gc-op id="834" type="copy forward" timems="5.364" contextid="831" timestamp="2019-06-15T00:43:29.409">
  <memory-copied type="eden" objects="2" bytes="56" bytesdiscarded="0" />
  <memory-copied type="other" objects="44695" bytes="1205344" bytesdiscarded="712" />
  <memory-cardclean objects="12866" bytes="605176" />
  <regions eden="31" other="3" />
  <remembered-set-cleared processed="30913" cleared="4476" durationms="0.338" />
  <references type="soft" candidates="1" cleared="0" enqueued="0" dynamicThreshold="19" maxThreshold="32" />
  <stringconstants candidates="13729" cleared="0"  />
</gc-op>
<gc-op id="835" type="classunload" timems="0.004" contextid="831" timestamp="2019-06-15T00:43:29.409">
  <classunload-info classloadercandidates="55" classloadersunloaded="0" classesunloaded="0" anonymousclassesunloaded="0" quiescems="0.000" setupms="0.004" scanms="0.000" postms="0.000" />
</gc-op>
<heap-resize id="836" type="contract" space="default" amount="5242880" count="1" timems="0.149" reason="excess free space following gc" timestamp="2019-06-15T00:43:29.410" />
<gc-end id="837" type="partial gc" contextid="831" durationms="6.662" usertimems="4.000" systemtimems="4.000" timestamp="2019-06-15T00:43:29.410" activeThreads="1">
  <mem-info id="838" free="61865984" total="99614720" percent="62">
    <mem type="eden" free="1048520" total="1048576" percent="99" />
    <remembered-set count="35040" freebytes="4045440" totalbytes="4185600" percent="96" regionsoverflowed="0" regionsstable="3" regionsrebuilding="0"/>
  </mem-info>
</gc-end>
<cycle-end id="839" type="partial gc" contextid="831" timestamp="2019-06-15T00:43:29.410" />
  <attribute name="elasticGC enabled" value="1" />
  <attribute name= "numThreadsSpecified" value="1" />
  <attribute name="heapSize specified" value="0" />
  <attribute name="Current GC Util" value="66" />
  <attribute name= "Current Time Running" value="68714" />
  <attribute name ="GC Interval" value="0" />
  <attribute name="ProportionalT" value="23.000000" />
  <attribute name="ProportionalI" value="23.000000" />
  <attribute name="ProportionalH" value="23.000000" />
  <attribute name="Current Error" value="46.000000" />
  <attribute name="IntegralT" value="0.000000" />
  <attribute name="IntegralI" value="0.000000" />
  <attribute name="IntegralH" value="0.000000" />
  <attribute name="DerivativeT" value="inf" />
  <attribute name="DerivativeI" value="inf" />
  <attribute name="DerivativeH" value="inf" />
  <attribute name="Loop Time for DT" value="0.000000" />
  <attribute name="Output H" value="8388608"/>
  <attribute name="Output I" value="200"/>
  <attribute name="Output T" value="1"/>
  <attribute name="Target GC Util Change" value ="20.000000" />
  <attribute name="Current GC Util Change" value="66.000000"/>
  <attribute name="GC Util currently" value="66" />
  <attribute name="CPU Util currently" value="16605762716565" />
<exclusive-end id="840" timestamp="2019-06-15T00:43:29.410" durationms="7.549" />

<exclusive-start id="841" timestamp="2019-06-15T00:43:29.426" intervalms="22.836">
  <response-info timems="0.025" idlems="0.025" threads="0" lastid="000000000120C700" lastname="main" />
</exclusive-start>
<allocation-taxation id="842" taxation-threshold="31457280" timestamp="2019-06-15T00:43:29.426" intervalms="22.890" />
<cycle-start id="843" type="partial gc" contextid="0" timestamp="2019-06-15T00:43:29.426" intervalms="22.904" />
<gc-start id="844" type="partial gc" contextid="843" timestamp="2019-06-15T00:43:29.426">
  <mem-info id="845" free="30408704" total="99614720" percent="30">
    <mem type="eden" free="1048520" total="32505856" percent="3" />
    <remembered-set count="35008" freebytes="4045568" totalbytes="4185600" percent="96" regionsoverflowed="0" regionsstable="3" regionsrebuilding="0"/>
  </mem-info>
</gc-start>
<allocation-stats totalBytes="31351808" >
  <allocated-bytes non-tlh="0" tlh="31351808" arrayletleaf="0"/>
  <largest-consumer threadName="main" threadId="000000000120C700" bytes="31351808" />
</allocation-stats>
<gc-op id="846" type="copy forward" timems="4.326" contextid="843" timestamp="2019-06-15T00:43:29.432">
  <memory-copied type="eden" objects="2" bytes="56" bytesdiscarded="0" />
  <memory-copied type="other" objects="78917" bytes="2004808" bytesdiscarded="95392" />
  <memory-cardclean objects="52736" bytes="1887760" />
  <regions eden="30" other="3" />
  <remembered-set-cleared processed="26352" cleared="6915" durationms="0.212" />
  <references type="weak" candidates="6" cleared="0" enqueued="0" />
  <stringconstants candidates="13729" cleared="0"  />
</gc-op>
<gc-op id="847" type="classunload" timems="0.005" contextid="843" timestamp="2019-06-15T00:43:29.432">
  <classunload-info classloadercandidates="55" classloadersunloaded="0" classesunloaded="0" anonymousclassesunloaded="0" quiescems="0.000" setupms="0.005" scanms="0.000" postms="0.000" />
</gc-op>
<heap-resize id="848" type="contract" space="default" amount="2097152" count="1" timems="0.047" reason="excess free space following gc" timestamp="2019-06-15T00:43:29.432" />
<gc-end id="849" type="partial gc" contextid="843" durationms="5.619" usertimems="16.000" systemtimems="0.000" timestamp="2019-06-15T00:43:29.432" activeThreads="4">
  <mem-info id="850" free="59768832" total="97517568" percent="61">
    <mem type="eden" free="1048520" total="1048576" percent="99" />
    <remembered-set count="33952" freebytes="3840512" totalbytes="3976320" percent="96" regionsoverflowed="0" regionsstable="3" regionsrebuilding="0"/>
  </mem-info>
</gc-end>
<cycle-end id="851" type="partial gc" contextid="843" timestamp="2019-06-15T00:43:29.432" />
  <attribute name="elasticGC enabled" value="1" />
  <attribute name= "numThreadsSpecified" value="4" />
  <attribute name="heapSize specified" value="0" />
  <attribute name="Current GC Util" value="37" />
  <attribute name= "Current Time Running" value="68738" />
  <attribute name ="GC Interval" value="0" />
  <attribute name="ProportionalT" value="8.500000" />
  <attribute name="ProportionalI" value="8.500000" />
  <attribute name="ProportionalH" value="8.500000" />
  <attribute name="Current Error" value="17.000000" />
  <attribute name="IntegralT" value="17.000000" />
  <attribute name="IntegralI" value="17.000000" />
  <attribute name="IntegralH" value="17.000000" />
  <attribute name="DerivativeT" value="9.000000" />
  <attribute name="DerivativeI" value="9.000000" />
  <attribute name="DerivativeH" value="9.000000" />
  <attribute name="Loop Time for DT" value="1.000000" />
  <attribute name="Output H" value="8388608"/>
  <attribute name="Output I" value="200"/>
  <attribute name="Output T" value="4"/>
  <attribute name="Target GC Util Change" value ="20.000000" />
  <attribute name="Current GC Util Change" value="37.000000"/>
  <attribute name="GC Util currently" value="37" />
  <attribute name="CPU Util currently" value="9258963452368" />
<exclusive-end id="852" timestamp="2019-06-15T00:43:29.432" durationms="6.504" />

<exclusive-start id="853" timestamp="2019-06-15T00:43:29.447" intervalms="21.515">
  <response-info timems="0.104" idlems="0.104" threads="0" lastid="000000000120C700" lastname="main" />
</exclusive-start>
<allocation-taxation id="854" taxation-threshold="30408704" timestamp="2019-06-15T00:43:29.447" intervalms="21.466" />
<cycle-start id="855" type="partial gc" contextid="0" timestamp="2019-06-15T00:43:29.447" intervalms="21.410" />
<gc-start id="856" type="partial gc" contextid="855" timestamp="2019-06-15T00:43:29.448">
  <mem-info id="857" free="29360128" total="97517568" percent="30">
    <mem type="eden" free="1048520" total="31457280" percent="3" />
    <remembered-set count="33888" freebytes="3840768" totalbytes="3976320" percent="96" regionsoverflowed="0" regionsstable="3" regionsrebuilding="0"/>
  </mem-info>
</gc-start>
<allocation-stats totalBytes="30306688" >
  <allocated-bytes non-tlh="0" tlh="30306688" arrayletleaf="0"/>
  <largest-consumer threadName="main" threadId="000000000120C700" bytes="30306688" />
</allocation-stats>
<gc-op id="858" type="copy forward" timems="3.735" contextid="855" timestamp="2019-06-15T00:43:29.452">
  <memory-copied type="eden" objects="2" bytes="56" bytesdiscarded="0" />
  <memory-copied type="other" objects="77901" bytes="1961200" bytesdiscarded="31952" />
  <memory-cardclean objects="9351" bytes="558120" />
  <regions eden="29" other="3" />
  <remembered-set-cleared processed="30529" cleared="5560" durationms="0.206" />
  <references type="soft" candidates="1835" cleared="0" enqueued="0" dynamicThreshold="19" maxThreshold="32" />
  <references type="weak" candidates="78" cleared="0" enqueued="0" />
  <stringconstants candidates="13729" cleared="0"  />
</gc-op>
<gc-op id="859" type="classunload" timems="0.005" contextid="855" timestamp="2019-06-15T00:43:29.452">
  <classunload-info classloadercandidates="55" classloadersunloaded="0" classesunloaded="0" anonymousclassesunloaded="0" quiescems="0.000" setupms="0.005" scanms="0.000" postms="0.000" />
</gc-op>
<gc-end id="860" type="partial gc" contextid="855" durationms="4.793" usertimems="8.000" systemtimems="0.000" timestamp="2019-06-15T00:43:29.453" activeThreads="4">
  <mem-info id="861" free="59768832" total="97517568" percent="61">
    <mem type="eden" free="1048520" total="1048576" percent="99" />
    <remembered-set count="35040" freebytes="3752448" totalbytes="3892608" percent="96" regionsoverflowed="0" regionsstable="3" regionsrebuilding="0"/>
  </mem-info>
</gc-end>
<cycle-end id="862" type="partial gc" contextid="855" timestamp="2019-06-15T00:43:29.453" />
  <attribute name="elasticGC enabled" value="1" />
  <attribute name= "numThreadsSpecified" value="4" />
  <attribute name="heapSize specified" value="0" />
  <attribute name="Current GC Util" value="31" />
  <attribute name= "Current Time Running" value="68759" />
  <attribute name ="GC Interval" value="0" />
  <attribute name="ProportionalT" value="5.500000" />
  <attribute name="ProportionalI" value="5.500000" />
  <attribute name="ProportionalH" value="5.500000" />
  <attribute name="Current Error" value="11.000000" />
  <attribute name="IntegralT" value="11.000000" />
  <attribute name="IntegralI" value="11.000000" />
  <attribute name="IntegralH" value="11.000000" />
  <attribute name="DerivativeT" value="-29.000000" />
  <attribute name="DerivativeI" value="-29.000000" />
  <attribute name="DerivativeH" value="-29.000000" />
  <attribute name="Loop Time for DT" value="1.000000" />
  <attribute name="Output H" value="2091843584"/>
  <attribute name="Output I" value="200"/>
  <attribute name="Output T" value="4"/>
  <attribute name="Target GC Util Change" value ="20.000000" />
  <attribute name="Current GC Util Change" value="31.000000"/>
  <attribute name="GC Util currently" value="31" />
  <attribute name="CPU Util currently" value="9813141819579" />
<exclusive-end id="863" timestamp="2019-06-15T00:43:29.453" durationms="5.509" />

<exclusive-start id="864" timestamp="2019-06-15T00:43:29.470" intervalms="22.380">
  <response-info timems="0.148" idlems="0.148" threads="0" lastid="000000000120C700" lastname="main" />
</exclusive-start>
<allocation-taxation id="865" taxation-threshold="30408704" timestamp="2019-06-15T00:43:29.470" intervalms="22.393" />
<cycle-start id="866" type="partial gc" contextid="0" timestamp="2019-06-15T00:43:29.470" intervalms="22.405" />
<gc-start id="867" type="partial gc" contextid="866" timestamp="2019-06-15T00:43:29.470">
  <mem-info id="868" free="29360128" total="97517568" percent="30">
    <mem type="eden" free="1048520" total="31457280" percent="3" />
    <remembered-set count="34720" freebytes="3753728" totalbytes="3892608" percent="96" regionsoverflowed="0" regionsstable="3" regionsrebuilding="0"/>
  </mem-info>
</gc-start>
<allocation-stats totalBytes="30300368" >
  <allocated-bytes non-tlh="0" tlh="30300368" arrayletleaf="0"/>
  <largest-consumer threadName="main" threadId="000000000120C700" bytes="30300368" />
</allocation-stats>
<gc-op id="869" type="copy forward" timems="10.596" contextid="866" timestamp="2019-06-15T00:43:29.481">
  <memory-copied type="eden" objects="28" bytes="1960" bytesdiscarded="0" />
  <memory-copied type="other" objects="83712" bytes="2777064" bytesdiscarded="1040" />
  <memory-cardclean objects="29186" bytes="1374064" />
  <regions eden="29" other="5" />
  <remembered-set-cleared processed="28643" cleared="8522" durationms="0.354" />
  <finalization candidates="9" enqueued="0" />
  <ownableSynchronizers candidates="16" cleared="0" />
  <references type="soft" candidates="4" cleared="0" enqueued="0" dynamicThreshold="19" maxThreshold="32" />
  <references type="weak" candidates="180" cleared="0" enqueued="0" />
  <references type="phantom" candidates="29" cleared="0" enqueued="0" />
  <stringconstants candidates="13729" cleared="0"  />
</gc-op>
<gc-op id="870" type="classunload" timems="0.011" contextid="866" timestamp="2019-06-15T00:43:29.481">
  <classunload-info classloadercandidates="55" classloadersunloaded="0" classesunloaded="0" anonymousclassesunloaded="0" quiescems="0.000" setupms="0.010" scanms="0.000" postms="0.000" />
</gc-op>
<heap-resize id="871" type="contract" space="default" amount="5242880" count="1" timems="0.056" reason="excess free space following gc" timestamp="2019-06-15T00:43:29.482" />
<gc-end id="872" type="partial gc" contextid="866" durationms="11.660" usertimems="24.000" systemtimems="0.000" timestamp="2019-06-15T00:43:29.482" activeThreads="1">
  <mem-info id="873" free="56623104" total="92274688" percent="61">
    <mem type="eden" free="1046616" total="1048576" percent="99" />
    <remembered-set count="34752" freebytes="3753600" totalbytes="3892608" percent="96" regionsoverflowed="0" regionsstable="3" regionsrebuilding="0"/>
  </mem-info>
</gc-end>
<cycle-end id="874" type="partial gc" contextid="866" timestamp="2019-06-15T00:43:29.482" />
  <attribute name="elasticGC enabled" value="1" />
  <attribute name= "numThreadsSpecified" value="1" />
  <attribute name="heapSize specified" value="0" />
  <attribute name="Current GC Util" value="63" />
  <attribute name= "Current Time Running" value="68781" />
  <attribute name ="GC Interval" value="0" />
  <attribute name="ProportionalT" value="21.500000" />
  <attribute name="ProportionalI" value="21.500000" />
  <attribute name="ProportionalH" value="21.500000" />
  <attribute name="Current Error" value="43.000000" />
  <attribute name="IntegralT" value="0.000000" />
  <attribute name="IntegralI" value="0.000000" />
  <attribute name="IntegralH" value="0.000000" />
  <attribute name="DerivativeT" value="inf" />
  <attribute name="DerivativeI" value="inf" />
  <attribute name="DerivativeH" value="inf" />
  <attribute name="Loop Time for DT" value="0.000000" />
  <attribute name="Output H" value="8388608"/>
  <attribute name="Output I" value="200"/>
  <attribute name="Output T" value="1"/>
  <attribute name="Target GC Util Change" value ="20.000000" />
  <attribute name="Current GC Util Change" value="63.000000"/>
  <attribute name="GC Util currently" value="63" />
  <attribute name="CPU Util currently" value="20414723319428" />
<exclusive-end id="875" timestamp="2019-06-15T00:43:29.482" durationms="12.514" />

<exclusive-start id="876" timestamp="2019-06-15T00:43:29.507" intervalms="37.846">
  <response-info timems="0.027" idlems="0.027" threads="0" lastid="000000000120C700" lastname="main" />
</exclusive-start>
<allocation-taxation id="877" taxation-threshold="29360128" timestamp="2019-06-15T00:43:29.508" intervalms="37.802" />
<cycle-start id="878" type="partial gc" contextid="0" timestamp="2019-06-15T00:43:29.508" intervalms="37.759" />
<gc-start id="879" type="partial gc" contextid="878" timestamp="2019-06-15T00:43:29.508">
  <mem-info id="880" free="27262976" total="92274688" percent="29">
    <mem type="eden" free="0" total="29360128" percent="0" />
    <remembered-set count="34464" freebytes="3754752" totalbytes="3892608" percent="96" regionsoverflowed="0" regionsstable="3" regionsrebuilding="0"/>
  </mem-info>
</gc-start>
<allocation-stats totalBytes="29164800" >
  <allocated-bytes non-tlh="0" tlh="29164800" arrayletleaf="0"/>
  <largest-consumer threadName="main" threadId="000000000120C700" bytes="29164800" />
</allocation-stats>
<gc-op id="881" type="copy forward" timems="6.292" contextid="878" timestamp="2019-06-15T00:43:29.515">
  <memory-copied type="eden" objects="1" bytes="40" bytesdiscarded="0" />
  <memory-copied type="other" objects="65152" bytes="1592672" bytesdiscarded="392" />
  <memory-cardclean objects="7907" bytes="600976" />
  <regions eden="28" other="3" />
  <remembered-set-cleared processed="29850" cleared="4358" durationms="0.324" />
  <stringconstants candidates="13729" cleared="0"  />
</gc-op>
<gc-op id="882" type="classunload" timems="0.005" contextid="878" timestamp="2019-06-15T00:43:29.515">
  <classunload-info classloadercandidates="55" classloadersunloaded="0" classesunloaded="0" anonymousclassesunloaded="0" quiescems="0.000" setupms="0.005" scanms="0.000" postms="0.000" />
</gc-op>
<gc-end id="883" type="partial gc" contextid="878" durationms="7.404" usertimems="16.000" systemtimems="0.000" timestamp="2019-06-15T00:43:29.515" activeThreads="1">
  <mem-info id="884" free="55574528" total="92274688" percent="60">
    <mem type="eden" free="1048536" total="1048576" percent="99" />
    <remembered-set count="32128" freebytes="3554816" totalbytes="3683328" percent="96" regionsoverflowed="0" regionsstable="3" regionsrebuilding="0"/>
  </mem-info>
</gc-end>
<cycle-end id="885" type="partial gc" contextid="878" timestamp="2019-06-15T00:43:29.515" />
  <attribute name="elasticGC enabled" value="1" />
  <attribute name= "numThreadsSpecified" value="1" />
  <attribute name="heapSize specified" value="0" />
  <attribute name="Current GC Util" value="33" />
  <attribute name= "Current Time Running" value="68819" />
  <attribute name ="GC Interval" value="0" />
  <attribute name="ProportionalT" value="6.500000" />
  <attribute name="ProportionalI" value="6.500000" />
  <attribute name="ProportionalH" value="6.500000" />
  <attribute name="Current Error" value="13.000000" />
  <attribute name="IntegralT" value="0.000000" />
  <attribute name="IntegralI" value="0.000000" />
  <attribute name="IntegralH" value="0.000000" />
  <attribute name="DerivativeT" value="inf" />
  <attribute name="DerivativeI" value="inf" />
  <attribute name="DerivativeH" value="inf" />
  <attribute name="Loop Time for DT" value="0.000000" />
  <attribute name="Output H" value="8388608"/>
  <attribute name="Output I" value="200"/>
  <attribute name="Output T" value="1"/>
  <attribute name="Target GC Util Change" value ="20.000000" />
  <attribute name="Current GC Util Change" value="33.000000"/>
  <attribute name="GC Util currently" value="33" />
  <attribute name="CPU Util currently" value="9992277769485" />
<exclusive-end id="886" timestamp="2019-06-15T00:43:29.516" durationms="8.089" />

<exclusive-start id="887" timestamp="2019-06-15T00:43:29.541" intervalms="33.233">
  <response-info timems="0.032" idlems="0.032" threads="0" lastid="000000000120C700" lastname="main" />
</exclusive-start>
<allocation-taxation id="888" taxation-threshold="29360128" timestamp="2019-06-15T00:43:29.541" intervalms="33.292" />
<cycle-start id="889" type="partial gc" contextid="0" timestamp="2019-06-15T00:43:29.541" intervalms="33.325" />
<gc-start id="890" type="partial gc" contextid="889" timestamp="2019-06-15T00:43:29.541">
  <mem-info id="891" free="26214400" total="92274688" percent="28">
    <mem type="eden" free="1048536" total="30408704" percent="3" />
    <remembered-set count="32064" freebytes="3555072" totalbytes="3683328" percent="96" regionsoverflowed="0" regionsstable="3" regionsrebuilding="0"/>
  </mem-info>
</gc-start>
<allocation-stats totalBytes="29167008" >
  <allocated-bytes non-tlh="0" tlh="29167008" arrayletleaf="0"/>
  <largest-consumer threadName="main" threadId="000000000120C700" bytes="29167008" />
</allocation-stats>
<gc-op id="892" type="copy forward" timems="7.811" contextid="889" timestamp="2019-06-15T00:43:29.550">
  <memory-copied type="eden" objects="2" bytes="64" bytesdiscarded="0" />
  <memory-copied type="other" objects="84463" bytes="2068408" bytesdiscarded="504" />
  <memory-cardclean objects="15302" bytes="726408" />
  <regions eden="28" other="3" />
  <remembered-set-cleared processed="29398" cleared="6320" durationms="0.332" />
  <references type="weak" candidates="6" cleared="0" enqueued="0" />
  <stringconstants candidates="13729" cleared="0"  />
</gc-op>
<gc-op id="893" type="classunload" timems="0.006" contextid="889" timestamp="2019-06-15T00:43:29.550">
  <classunload-info classloadercandidates="55" classloadersunloaded="0" classesunloaded="0" anonymousclassesunloaded="0" quiescems="0.000" setupms="0.006" scanms="0.000" postms="0.000" />
</gc-op>
<gc-end id="894" type="partial gc" contextid="889" durationms="8.797" usertimems="8.000" systemtimems="4.000" timestamp="2019-06-15T00:43:29.550" activeThreads="1">
  <mem-info id="895" free="55574528" total="92274688" percent="60">
    <mem type="eden" free="1048512" total="1048576" percent="99" />
    <remembered-set count="32512" freebytes="3553280" totalbytes="3683328" percent="96" regionsoverflowed="0" regionsstable="3" regionsrebuilding="0"/>
  </mem-info>
</gc-end>
<cycle-end id="896" type="partial gc" contextid="889" timestamp="2019-06-15T00:43:29.550" />
  <attribute name="elasticGC enabled" value="1" />
  <attribute name= "numThreadsSpecified" value="1" />
  <attribute name="heapSize specified" value="0" />
  <attribute name="Current GC Util" value="65" />
  <attribute name= "Current Time Running" value="68852" />
  <attribute name ="GC Interval" value="0" />
  <attribute name="ProportionalT" value="22.500000" />
  <attribute name="ProportionalI" value="22.500000" />
  <attribute name="ProportionalH" value="22.500000" />
  <attribute name="Current Error" value="45.000000" />
  <attribute name="IntegralT" value="0.000000" />
  <attribute name="IntegralI" value="0.000000" />
  <attribute name="IntegralH" value="0.000000" />
  <attribute name="DerivativeT" value="inf" />
  <attribute name="DerivativeI" value="inf" />
  <attribute name="DerivativeH" value="inf" />
  <attribute name="Loop Time for DT" value="0.000000" />
  <attribute name="Output H" value="8388608"/>
  <attribute name="Output I" value="200"/>
  <attribute name="Output T" value="1"/>
  <attribute name="Target GC Util Change" value ="20.000000" />
  <attribute name="Current GC Util Change" value="65.000000"/>
  <attribute name="GC Util currently" value="65" />
  <attribute name="CPU Util currently" value="21073804452541" />
<exclusive-end id="897" timestamp="2019-06-15T00:43:29.550" durationms="9.753" />

<exclusive-start id="898" timestamp="2019-06-15T00:43:29.576" intervalms="35.057">
  <response-info timems="0.031" idlems="0.031" threads="0" lastid="000000000120C700" lastname="main" />
</exclusive-start>
<allocation-taxation id="899" taxation-threshold="29360128" timestamp="2019-06-15T00:43:29.576" intervalms="35.054" />
<cycle-start id="900" type="partial gc" contextid="0" timestamp="2019-06-15T00:43:29.576" intervalms="35.050" />
<gc-start id="901" type="partial gc" contextid="900" timestamp="2019-06-15T00:43:29.576">
  <mem-info id="902" free="26214400" total="92274688" percent="28">
    <mem type="eden" free="1048512" total="30408704" percent="3" />
    <remembered-set count="32256" freebytes="3554304" totalbytes="3683328" percent="96" regionsoverflowed="0" regionsstable="3" regionsrebuilding="0"/>
  </mem-info>
</gc-start>
<allocation-stats totalBytes="29176080" >
  <allocated-bytes non-tlh="0" tlh="29176080" arrayletleaf="0"/>
  <largest-consumer threadName="main" threadId="000000000120C700" bytes="29176080" />
</allocation-stats>
<gc-op id="903" type="copy forward" timems="6.755" contextid="900" timestamp="2019-06-15T00:43:29.584">
  <memory-copied type="eden" objects="2" bytes="64" bytesdiscarded="0" />
  <memory-copied type="other" objects="75196" bytes="1919376" bytesdiscarded="184" />
  <memory-cardclean objects="8317" bytes="376376" />
  <regions eden="28" other="3" />
  <remembered-set-cleared processed="29188" cleared="4860" durationms="0.316" />
  <stringconstants candidates="13729" cleared="0"  />
</gc-op>
<gc-op id="904" type="classunload" timems="0.006" contextid="900" timestamp="2019-06-15T00:43:29.584">
  <classunload-info classloadercandidates="55" classloadersunloaded="0" classesunloaded="0" anonymousclassesunloaded="0" quiescems="0.000" setupms="0.006" scanms="0.000" postms="0.000" />
</gc-op>
<gc-end id="905" type="partial gc" contextid="900" durationms="7.856" usertimems="16.000" systemtimems="0.000" timestamp="2019-06-15T00:43:29.584" activeThreads="1">
  <mem-info id="906" free="55574528" total="92274688" percent="60">
    <mem type="eden" free="1048512" total="1048576" percent="99" />
    <remembered-set count="33184" freebytes="3550592" totalbytes="3683328" percent="96" regionsoverflowed="0" regionsstable="3" regionsrebuilding="0"/>
  </mem-info>
</gc-end>
<cycle-end id="907" type="partial gc" contextid="900" timestamp="2019-06-15T00:43:29.584" />
  <attribute name="elasticGC enabled" value="1" />
  <attribute name= "numThreadsSpecified" value="1" />
  <attribute name="heapSize specified" value="0" />
  <attribute name="Current GC Util" value="56" />
  <attribute name= "Current Time Running" value="68887" />
  <attribute name ="GC Interval" value="0" />
  <attribute name="ProportionalT" value="18.000000" />
  <attribute name="ProportionalI" value="18.000000" />
  <attribute name="ProportionalH" value="18.000000" />
  <attribute name="Current Error" value="36.000000" />
  <attribute name="IntegralT" value="0.000000" />
  <attribute name="IntegralI" value="0.000000" />
  <attribute name="IntegralH" value="0.000000" />
  <attribute name="DerivativeT" value="inf" />
  <attribute name="DerivativeI" value="inf" />
  <attribute name="DerivativeH" value="inf" />
  <attribute name="Loop Time for DT" value="0.000000" />
  <attribute name="Output H" value="8388608"/>
  <attribute name="Output I" value="200"/>
  <attribute name="Output T" value="1"/>
  <attribute name="Target GC Util Change" value ="20.000000" />
  <attribute name="Current GC Util Change" value="56.000000"/>
  <attribute name="GC Util currently" value="56" />
  <attribute name="CPU Util currently" value="18459074650459" />
<exclusive-end id="908" timestamp="2019-06-15T00:43:29.584" durationms="8.742" />

<exclusive-start id="909" timestamp="2019-06-15T00:43:29.609" intervalms="33.073">
  <response-info timems="0.033" idlems="0.033" threads="0" lastid="000000000120C700" lastname="main" />
</exclusive-start>
<allocation-taxation id="910" taxation-threshold="29360128" timestamp="2019-06-15T00:43:29.609" intervalms="33.062" />
<cycle-start id="911" type="partial gc" contextid="0" timestamp="2019-06-15T00:43:29.609" intervalms="33.105" />
<gc-start id="912" type="partial gc" contextid="911" timestamp="2019-06-15T00:43:29.609">
  <mem-info id="913" free="26214400" total="92274688" percent="28">
    <mem type="eden" free="1048512" total="30408704" percent="3" />
    <remembered-set count="32704" freebytes="3552512" totalbytes="3683328" percent="96" regionsoverflowed="0" regionsstable="3" regionsrebuilding="0"/>
  </mem-info>
</gc-start>
<allocation-stats totalBytes="29176080" >
  <allocated-bytes non-tlh="0" tlh="29176080" arrayletleaf="0"/>
  <largest-consumer threadName="main" threadId="000000000120C700" bytes="29176080" />
</allocation-stats>
<gc-op id="914" type="copy forward" timems="7.048" contextid="911" timestamp="2019-06-15T00:43:29.617">
  <memory-copied type="eden" objects="2" bytes="64" bytesdiscarded="0" />
  <memory-copied type="other" objects="74720" bytes="2010464" bytesdiscarded="424" />
  <memory-cardclean objects="9675" bytes="425744" />
  <regions eden="28" other="3" />
  <remembered-set-cleared processed="28722" cleared="5079" durationms="0.357" />
  <stringconstants candidates="13729" cleared="0"  />
</gc-op>
<gc-op id="915" type="classunload" timems="0.007" contextid="911" timestamp="2019-06-15T00:43:29.617">
  <classunload-info classloadercandidates="55" classloadersunloaded="0" classesunloaded="0" anonymousclassesunloaded="0" quiescems="0.000" setupms="0.007" scanms="0.000" postms="0.000" />
</gc-op>
<gc-end id="916" type="partial gc" contextid="911" durationms="8.121" usertimems="12.000" systemtimems="4.000" timestamp="2019-06-15T00:43:29.618" activeThreads="1">
  <mem-info id="917" free="55574528" total="92274688" percent="60">
    <mem type="eden" free="1048512" total="1048576" percent="99" />
    <remembered-set count="33984" freebytes="3547392" totalbytes="3683328" percent="96" regionsoverflowed="0" regionsstable="3" regionsrebuilding="0"/>
  </mem-info>
</gc-end>
<cycle-end id="918" type="partial gc" contextid="911" timestamp="2019-06-15T00:43:29.618" />
  <attribute name="elasticGC enabled" value="1" />
  <attribute name= "numThreadsSpecified" value="1" />
  <attribute name="heapSize specified" value="0" />
  <attribute name="Current GC Util" value="56" />
  <attribute name= "Current Time Running" value="68920" />
  <attribute name ="GC Interval" value="0" />
  <attribute name="ProportionalT" value="18.000000" />
  <attribute name="ProportionalI" value="18.000000" />
  <attribute name="ProportionalH" value="18.000000" />
  <attribute name="Current Error" value="36.000000" />
  <attribute name="IntegralT" value="0.000000" />
  <attribute name="IntegralI" value="0.000000" />
  <attribute name="IntegralH" value="0.000000" />
  <attribute name="DerivativeT" value="inf" />
  <attribute name="DerivativeI" value="inf" />
  <attribute name="DerivativeH" value="inf" />
  <attribute name="Loop Time for DT" value="0.000000" />
  <attribute name="Output H" value="8388608"/>
  <attribute name="Output I" value="200"/>
  <attribute name="Output T" value="1"/>
  <attribute name="Target GC Util Change" value ="20.000000" />
  <attribute name="Current GC Util Change" value="56.000000"/>
  <attribute name="GC Util currently" value="56" />
  <attribute name="CPU Util currently" value="18251959080502" />
<exclusive-end id="919" timestamp="2019-06-15T00:43:29.618" durationms="9.082" />

<exclusive-start id="920" timestamp="2019-06-15T00:43:29.639" intervalms="29.751">
  <response-info timems="0.043" idlems="0.043" threads="0" lastid="000000000120C700" lastname="main" />
</exclusive-start>
<allocation-taxation id="921" taxation-threshold="29360128" timestamp="2019-06-15T00:43:29.639" intervalms="29.754" />
<cycle-start id="922" type="partial gc" contextid="0" timestamp="2019-06-15T00:43:29.639" intervalms="29.758" />
<gc-start id="923" type="partial gc" contextid="922" timestamp="2019-06-15T00:43:29.639">
  <mem-info id="924" free="26214400" total="92274688" percent="28">
    <mem type="eden" free="1048512" total="30408704" percent="3" />
    <remembered-set count="33504" freebytes="3549312" totalbytes="3683328" percent="96" regionsoverflowed="0" regionsstable="3" regionsrebuilding="0"/>
  </mem-info>
</gc-start>
<allocation-stats totalBytes="29176104" >
  <allocated-bytes non-tlh="0" tlh="29176104" arrayletleaf="0"/>
  <largest-consumer threadName="main" threadId="000000000120C700" bytes="29176104" />
</allocation-stats>
<gc-op id="925" type="copy forward" timems="7.697" contextid="922" timestamp="2019-06-15T00:43:29.647">
  <memory-copied type="eden" objects="2" bytes="64" bytesdiscarded="0" />
  <memory-copied type="other" objects="78865" bytes="2081320" bytesdiscarded="440" />
  <memory-cardclean objects="14970" bytes="669952" />
  <regions eden="28" other="3" />
  <remembered-set-cleared processed="29073" cleared="5607" durationms="0.331" />
  <references type="soft" candidates="1001" cleared="0" enqueued="0" dynamicThreshold="19" maxThreshold="32" />
  <references type="weak" candidates="82" cleared="0" enqueued="0" />
  <stringconstants candidates="13729" cleared="0"  />
</gc-op>
<gc-op id="926" type="classunload" timems="0.004" contextid="922" timestamp="2019-06-15T00:43:29.648">
  <classunload-info classloadercandidates="55" classloadersunloaded="0" classesunloaded="0" anonymousclassesunloaded="0" quiescems="0.000" setupms="0.003" scanms="0.000" postms="0.000" />
</gc-op>
<gc-end id="927" type="partial gc" contextid="922" durationms="8.652" usertimems="8.000" systemtimems="0.000" timestamp="2019-06-15T00:43:29.648" activeThreads="1">
  <mem-info id="928" free="55574528" total="92274688" percent="60">
    <mem type="eden" free="1048512" total="1048576" percent="99" />
    <remembered-set count="34176" freebytes="3546624" totalbytes="3683328" percent="96" regionsoverflowed="0" regionsstable="3" regionsrebuilding="0"/>
  </mem-info>
</gc-end>
<cycle-end id="929" type="partial gc" contextid="922" timestamp="2019-06-15T00:43:29.648" />
  <attribute name="elasticGC enabled" value="1" />
  <attribute name= "numThreadsSpecified" value="1" />
  <attribute name="heapSize specified" value="0" />
  <attribute name="Current GC Util" value="67" />
  <attribute name= "Current Time Running" value="68950" />
  <attribute name ="GC Interval" value="0" />
  <attribute name="ProportionalT" value="23.500000" />
  <attribute name="ProportionalI" value="23.500000" />
  <attribute name="ProportionalH" value="23.500000" />
  <attribute name="Current Error" value="47.000000" />
  <attribute name="IntegralT" value="0.000000" />
  <attribute name="IntegralI" value="0.000000" />
  <attribute name="IntegralH" value="0.000000" />
  <attribute name="DerivativeT" value="inf" />
  <attribute name="DerivativeI" value="inf" />
  <attribute name="DerivativeH" value="inf" />
  <attribute name="Loop Time for DT" value="0.000000" />
  <attribute name="Output H" value="8388608"/>
  <attribute name="Output I" value="200"/>
  <attribute name="Output T" value="1"/>
  <attribute name="Target GC Util Change" value ="20.000000" />
  <attribute name="Current GC Util Change" value="67.000000"/>
  <attribute name="GC Util currently" value="67" />
  <attribute name="CPU Util currently" value="20961732673113" />
<exclusive-end id="930" timestamp="2019-06-15T00:43:29.648" durationms="9.691" />

<exclusive-start id="931" timestamp="2019-06-15T00:43:29.669" intervalms="30.459">
  <response-info timems="0.070" idlems="0.070" threads="0" lastid="000000000120C700" lastname="main" />
</exclusive-start>
<allocation-taxation id="932" taxation-threshold="29360128" timestamp="2019-06-15T00:43:29.669" intervalms="30.487" />
<cycle-start id="933" type="partial gc" contextid="0" timestamp="2019-06-15T00:43:29.669" intervalms="30.483" />
<gc-start id="934" type="partial gc" contextid="933" timestamp="2019-06-15T00:43:29.670">
  <mem-info id="935" free="26214400" total="92274688" percent="28">
    <mem type="eden" free="1048512" total="30408704" percent="3" />
    <remembered-set count="33376" freebytes="3549824" totalbytes="3683328" percent="96" regionsoverflowed="0" regionsstable="4" regionsrebuilding="0"/>
  </mem-info>
</gc-start>
<allocation-stats totalBytes="29176080" >
  <allocated-bytes non-tlh="0" tlh="29176080" arrayletleaf="0"/>
  <largest-consumer threadName="main" threadId="000000000120C700" bytes="29176080" />
</allocation-stats>
<gc-op id="936" type="copy forward" timems="1.124" contextid="933" timestamp="2019-06-15T00:43:29.671">
  <memory-copied type="eden" objects="2" bytes="64" bytesdiscarded="0" />
  <memory-copied type="other" objects="0" bytes="0" bytesdiscarded="0" />
  <memory-cardclean objects="10" bytes="424" />
  <regions eden="28" other="1" />
  <remembered-set-cleared processed="29803" cleared="5" durationms="0.200" />
  <stringconstants candidates="13729" cleared="0"  />
</gc-op>
<gc-op id="937" type="classunload" timems="0.003" contextid="933" timestamp="2019-06-15T00:43:29.672">
  <classunload-info classloadercandidates="55" classloadersunloaded="0" classesunloaded="0" anonymousclassesunloaded="0" quiescems="0.000" setupms="0.003" scanms="0.000" postms="0.000" />
</gc-op>
<gc-end id="938" type="partial gc" contextid="933" durationms="2.100" usertimems="4.000" systemtimems="0.000" timestamp="2019-06-15T00:43:29.672" activeThreads="4">
  <mem-info id="939" free="55574528" total="92274688" percent="60">
    <mem type="eden" free="1048512" total="1048576" percent="99" />
    <remembered-set count="31296" freebytes="3558144" totalbytes="3683328" percent="96" regionsoverflowed="0" regionsstable="4" regionsrebuilding="0"/>
  </mem-info>
</gc-end>
<cycle-end id="940" type="partial gc" contextid="933" timestamp="2019-06-15T00:43:29.672" />
  <attribute name="elasticGC enabled" value="1" />
  <attribute name= "numThreadsSpecified" value="4" />
  <attribute name="heapSize specified" value="0" />
  <attribute name="Current GC Util" value="58" />
  <attribute name= "Current Time Running" value="68981" />
  <attribute name ="GC Interval" value="0" />
  <attribute name="ProportionalT" value="19.000000" />
  <attribute name="ProportionalI" value="19.000000" />
  <attribute name="ProportionalH" value="19.000000" />
  <attribute name="Current Error" value="38.000000" />
  <attribute name="IntegralT" value="38.000000" />
  <attribute name="IntegralI" value="38.000000" />
  <attribute name="IntegralH" value="38.000000" />
  <attribute name="DerivativeT" value="30.000000" />
  <attribute name="DerivativeI" value="30.000000" />
  <attribute name="DerivativeH" value="30.000000" />
  <attribute name="Loop Time for DT" value="1.000000" />
  <attribute name="Output H" value="8388608"/>
  <attribute name="Output I" value="200"/>
  <attribute name="Output T" value="4"/>
  <attribute name="Target GC Util Change" value ="20.000000" />
  <attribute name="Current GC Util Change" value="58.000000"/>
  <attribute name="GC Util currently" value="58" />
  <attribute name="CPU Util currently" value="17969684794193" />
<exclusive-end id="941" timestamp="2019-06-15T00:43:29.672" durationms="3.035" />

<exclusive-start id="942" timestamp="2019-06-15T00:43:29.822" intervalms="153.440">
  <response-info timems="0.093" idlems="0.093" threads="0" lastid="000000000120C700" lastname="main" />
</exclusive-start>
<allocation-taxation id="943" taxation-threshold="29360128" timestamp="2019-06-15T00:43:29.823" intervalms="153.439" />
<cycle-start id="944" type="partial gc" contextid="0" timestamp="2019-06-15T00:43:29.823" intervalms="153.412" />
<gc-start id="945" type="partial gc" contextid="944" timestamp="2019-06-15T00:43:29.823">
  <mem-info id="946" free="26214400" total="92274688" percent="28">
    <mem type="eden" free="1048512" total="30408704" percent="3" />
    <remembered-set count="31296" freebytes="3558144" totalbytes="3683328" percent="96" regionsoverflowed="0" regionsstable="4" regionsrebuilding="0"/>
  </mem-info>
</gc-start>
<allocation-stats totalBytes="29352312" >
  <allocated-bytes non-tlh="0" tlh="29352312" arrayletleaf="0"/>
  <largest-consumer threadName="main" threadId="000000000120C700" bytes="29352312" />
</allocation-stats>
<gc-op id="947" type="copy forward" timems="1.165" contextid="944" timestamp="2019-06-15T00:43:29.825">
  <memory-copied type="eden" objects="247" bytes="8000" bytesdiscarded="0" />
  <memory-copied type="other" objects="0" bytes="0" bytesdiscarded="0" />
  <memory-cardclean objects="148" bytes="13160" />
  <regions eden="28" other="1" />
  <remembered-set-cleared processed="29803" cleared="42" durationms="0.321" />
  <references type="weak" candidates="39" cleared="0" enqueued="0" />
  <stringconstants candidates="13729" cleared="0"  />
</gc-op>
<gc-op id="948" type="classunload" timems="0.003" contextid="944" timestamp="2019-06-15T00:43:29.825">
  <classunload-info classloadercandidates="55" classloadersunloaded="0" classesunloaded="0" anonymousclassesunloaded="0" quiescems="0.000" setupms="0.003" scanms="0.000" postms="0.000" />
</gc-op>
<gc-end id="949" type="partial gc" contextid="944" durationms="2.096" usertimems="4.000" systemtimems="0.000" timestamp="2019-06-15T00:43:29.825" activeThreads="1">
  <mem-info id="950" free="55574528" total="92274688" percent="60">
    <mem type="eden" free="1040528" total="1048576" percent="99" />
    <remembered-set count="31648" freebytes="3556736" totalbytes="3683328" percent="96" regionsoverflowed="0" regionsstable="4" regionsrebuilding="0"/>
  </mem-info>
</gc-end>
<cycle-end id="951" type="partial gc" contextid="944" timestamp="2019-06-15T00:43:29.825" />
  <attribute name="elasticGC enabled" value="1" />
  <attribute name= "numThreadsSpecified" value="1" />
  <attribute name="heapSize specified" value="0" />
  <attribute name="Current GC Util" value="54" />
  <attribute name= "Current Time Running" value="69134" />
  <attribute name ="GC Interval" value="0" />
  <attribute name="ProportionalT" value="17.000000" />
  <attribute name="ProportionalI" value="17.000000" />
  <attribute name="ProportionalH" value="17.000000" />
  <attribute name="Current Error" value="34.000000" />
  <attribute name="IntegralT" value="0.000000" />
  <attribute name="IntegralI" value="0.000000" />
  <attribute name="IntegralH" value="0.000000" />
  <attribute name="DerivativeT" value="inf" />
  <attribute name="DerivativeI" value="inf" />
  <attribute name="DerivativeH" value="inf" />
  <attribute name="Loop Time for DT" value="0.000000" />
  <attribute name="Output H" value="8388608"/>
  <attribute name="Output I" value="200"/>
  <attribute name="Output T" value="1"/>
  <attribute name="Target GC Util Change" value ="20.000000" />
  <attribute name="Current GC Util Change" value="54.000000"/>
  <attribute name="GC Util currently" value="54" />
  <attribute name="CPU Util currently" value="22114685767122" />
<exclusive-end id="952" timestamp="2019-06-15T00:43:29.826" durationms="3.050" />

<exclusive-start id="953" timestamp="2019-06-15T00:43:29.961" intervalms="139.023">
  <response-info timems="0.588" idlems="0.588" threads="0" lastid="000000000120C700" lastname="main" />
</exclusive-start>
<allocation-taxation id="954" taxation-threshold="29360128" timestamp="2019-06-15T00:43:29.962" intervalms="139.018" />
<cycle-start id="955" type="partial gc" contextid="0" timestamp="2019-06-15T00:43:29.962" intervalms="139.065" />
<gc-start id="956" type="partial gc" contextid="955" timestamp="2019-06-15T00:43:29.962">
  <mem-info id="957" free="26214400" total="92274688" percent="28">
    <mem type="eden" free="0" total="29360128" percent="0" />
    <remembered-set count="31264" freebytes="3558272" totalbytes="3683328" percent="96" regionsoverflowed="0" regionsstable="4" regionsrebuilding="0"/>
  </mem-info>
</gc-start>
<allocation-stats totalBytes="29355144" >
  <allocated-bytes non-tlh="0" tlh="29355144" arrayletleaf="0"/>
  <largest-consumer threadName="main" threadId="000000000120C700" bytes="29355144" />
</allocation-stats>
<gc-op id="958" type="copy forward" timems="1.148" contextid="955" timestamp="2019-06-15T00:43:29.964">
  <memory-copied type="eden" objects="23" bytes="904" bytesdiscarded="0" />
  <memory-copied type="other" objects="113" bytes="3768" bytesdiscarded="0" />
  <memory-cardclean objects="76" bytes="11280" />
  <regions eden="28" other="1" />
  <remembered-set-cleared processed="29842" cleared="76" durationms="0.329" />
  <references type="weak" candidates="39" cleared="0" enqueued="0" />
  <stringconstants candidates="13729" cleared="0"  />
</gc-op>
<gc-op id="959" type="classunload" timems="0.003" contextid="955" timestamp="2019-06-15T00:43:29.964">
  <classunload-info classloadercandidates="55" classloadersunloaded="0" classesunloaded="0" anonymousclassesunloaded="0" quiescems="0.000" setupms="0.003" scanms="0.000" postms="0.000" />
</gc-op>
<heap-resize id="960" type="contract" space="default" amount="5242880" count="1" timems="0.053" reason="insufficient time being spent in gc" timestamp="2019-06-15T00:43:29.964" />
<gc-end id="961" type="partial gc" contextid="955" durationms="2.424" usertimems="0.000" systemtimems="4.000" timestamp="2019-06-15T00:43:29.965" activeThreads="1">
  <mem-info id="962" free="49283072" total="87031808" percent="56">
    <mem type="eden" free="1047672" total="1048576" percent="99" />
    <remembered-set count="31648" freebytes="3556736" totalbytes="3683328" percent="96" regionsoverflowed="0" regionsstable="4" regionsrebuilding="0"/>
  </mem-info>
</gc-end>
<cycle-end id="963" type="partial gc" contextid="955" timestamp="2019-06-15T00:43:29.965" />
  <attribute name="elasticGC enabled" value="1" />
  <attribute name= "numThreadsSpecified" value="1" />
  <attribute name="heapSize specified" value="0" />
  <attribute name="Current GC Util" value="59" />
  <attribute name= "Current Time Running" value="69273" />
  <attribute name ="GC Interval" value="0" />
  <attribute name="ProportionalT" value="19.500000" />
  <attribute name="ProportionalI" value="19.500000" />
  <attribute name="ProportionalH" value="19.500000" />
  <attribute name="Current Error" value="39.000000" />
  <attribute name="IntegralT" value="0.000000" />
  <attribute name="IntegralI" value="0.000000" />
  <attribute name="IntegralH" value="0.000000" />
  <attribute name="DerivativeT" value="inf" />
  <attribute name="DerivativeI" value="inf" />
  <attribute name="DerivativeH" value="inf" />
  <attribute name="Loop Time for DT" value="0.000000" />
  <attribute name="Output H" value="8388608"/>
  <attribute name="Output I" value="200"/>
  <attribute name="Output T" value="1"/>
  <attribute name="Target GC Util Change" value ="20.000000" />
  <attribute name="Current GC Util Change" value="59.000000"/>
  <attribute name="GC Util currently" value="59" />
  <attribute name="CPU Util currently" value="16736659104864" />
<exclusive-end id="964" timestamp="2019-06-15T00:43:29.965" durationms="3.448" />

<exclusive-start id="965" timestamp="2019-06-15T00:43:29.999" intervalms="37.437">
  <response-info timems="0.150" idlems="0.150" threads="0" lastid="000000000120C700" lastname="main" />
</exclusive-start>
<allocation-taxation id="966" taxation-threshold="28311552" timestamp="2019-06-15T00:43:29.999" intervalms="37.423" />
<cycle-start id="967" type="partial gc" contextid="0" timestamp="2019-06-15T00:43:29.999" intervalms="37.380" />
<gc-start id="968" type="partial gc" contextid="967" timestamp="2019-06-15T00:43:30.000">
  <mem-info id="969" free="20971520" total="87031808" percent="24">
    <mem type="eden" free="0" total="28311552" percent="0" />
    <remembered-set count="31296" freebytes="3558144" totalbytes="3683328" percent="96" regionsoverflowed="0" regionsstable="4" regionsrebuilding="0"/>
  </mem-info>
</gc-start>
<allocation-stats totalBytes="28294808" >
  <allocated-bytes non-tlh="0" tlh="28294808" arrayletleaf="0"/>
  <largest-consumer threadName="main" threadId="000000000120C700" bytes="28294808" />
</allocation-stats>
<gc-op id="970" type="copy forward" timems="1.395" contextid="967" timestamp="2019-06-15T00:43:30.002">
  <memory-copied type="eden" objects="6" bytes="384" bytesdiscarded="0" />
  <memory-copied type="other" objects="18" bytes="568" bytesdiscarded="0" />
  <memory-cardclean objects="36" bytes="1480" />
  <regions eden="27" other="1" />
  <remembered-set-cleared processed="29841" cleared="21" durationms="0.191" />
  <stringconstants candidates="13729" cleared="0"  />
</gc-op>
<gc-op id="971" type="classunload" timems="0.006" contextid="967" timestamp="2019-06-15T00:43:30.002">
  <classunload-info classloadercandidates="55" classloadersunloaded="0" classesunloaded="0" anonymousclassesunloaded="0" quiescems="0.000" setupms="0.005" scanms="0.000" postms="0.000" />
</gc-op>
<heap-resize id="972" type="contract" space="default" amount="5242880" count="1" timems="0.166" reason="insufficient time being spent in gc" timestamp="2019-06-15T00:43:30.002" />
<gc-end id="973" type="partial gc" contextid="967" durationms="2.771" usertimems="8.000" systemtimems="0.000" timestamp="2019-06-15T00:43:30.002" activeThreads="4">
  <mem-info id="974" free="42991616" total="81788928" percent="52">
    <mem type="eden" free="1048192" total="1048576" percent="99" />
    <remembered-set count="32352" freebytes="3344640" totalbytes="3474048" percent="96" regionsoverflowed="0" regionsstable="4" regionsrebuilding="0"/>
  </mem-info>
</gc-end>
<cycle-end id="975" type="partial gc" contextid="967" timestamp="2019-06-15T00:43:30.002" />
  <attribute name="elasticGC enabled" value="1" />
  <attribute name= "numThreadsSpecified" value="4" />
  <attribute name="heapSize specified" value="0" />
  <attribute name="Current GC Util" value="33" />
  <attribute name= "Current Time Running" value="69311" />
  <attribute name ="GC Interval" value="0" />
  <attribute name="ProportionalT" value="6.500000" />
  <attribute name="ProportionalI" value="6.500000" />
  <attribute name="ProportionalH" value="6.500000" />
  <attribute name="Current Error" value="13.000000" />
  <attribute name="IntegralT" value="13.000000" />
  <attribute name="IntegralI" value="13.000000" />
  <attribute name="IntegralH" value="13.000000" />
  <attribute name="DerivativeT" value="13.000000" />
  <attribute name="DerivativeI" value="13.000000" />
  <attribute name="DerivativeH" value="13.000000" />
  <attribute name="Loop Time for DT" value="1.000000" />
  <attribute name="Output H" value="8388608"/>
  <attribute name="Output I" value="200"/>
  <attribute name="Output T" value="4"/>
  <attribute name="Target GC Util Change" value ="20.000000" />
  <attribute name="Current GC Util Change" value="33.000000"/>
  <attribute name="GC Util currently" value="33" />
  <attribute name="CPU Util currently" value="10160047050329" />
<exclusive-end id="976" timestamp="2019-06-15T00:43:30.003" durationms="3.653" />

<exclusive-start id="977" timestamp="2019-06-15T00:43:30.028" intervalms="28.765">
  <response-info timems="0.059" idlems="0.059" threads="0" lastid="000000000120C700" lastname="main" />
</exclusive-start>
<allocation-taxation id="978" taxation-threshold="27262976" timestamp="2019-06-15T00:43:30.028" intervalms="28.762" />
<cycle-start id="979" type="partial gc" contextid="0" timestamp="2019-06-15T00:43:30.028" intervalms="28.756" />
<gc-start id="980" type="partial gc" contextid="979" timestamp="2019-06-15T00:43:30.028">
  <mem-info id="981" free="15728640" total="81788928" percent="19">
    <mem type="eden" free="1048192" total="28311552" percent="3" />
    <remembered-set count="31232" freebytes="3349120" totalbytes="3474048" percent="96" regionsoverflowed="0" regionsstable="5" regionsrebuilding="0"/>
  </mem-info>
</gc-start>
<allocation-stats totalBytes="27249296" >
  <allocated-bytes non-tlh="0" tlh="27249296" arrayletleaf="0"/>
  <largest-consumer threadName="main" threadId="000000000120C700" bytes="27249296" />
</allocation-stats>
<gc-op id="982" type="copy forward" timems="1.482" contextid="979" timestamp="2019-06-15T00:43:30.031">
  <memory-copied type="eden" objects="5" bytes="256" bytesdiscarded="0" />
  <memory-copied type="other" objects="0" bytes="0" bytesdiscarded="0" />
  <memory-cardclean objects="16" bytes="528" />
  <regions eden="26" other="1" />
  <remembered-set-cleared processed="29186" cleared="7" durationms="0.190" />
  <stringconstants candidates="13729" cleared="0"  />
</gc-op>
<gc-op id="983" type="classunload" timems="0.005" contextid="979" timestamp="2019-06-15T00:43:30.031">
  <classunload-info classloadercandidates="55" classloadersunloaded="0" classesunloaded="0" anonymousclassesunloaded="0" quiescems="0.000" setupms="0.005" scanms="0.000" postms="0.000" />
</gc-op>
<heap-resize id="984" type="contract" space="default" amount="4194304" count="1" timems="0.248" reason="insufficient time being spent in gc" timestamp="2019-06-15T00:43:30.031" />
<gc-end id="985" type="partial gc" contextid="979" durationms="2.909" usertimems="8.000" systemtimems="0.000" timestamp="2019-06-15T00:43:30.031" activeThreads="4">
  <mem-info id="986" free="38797312" total="77594624" percent="50">
    <mem type="eden" free="1048320" total="1048576" percent="99" />
    <remembered-set count="30816" freebytes="3141504" totalbytes="3264768" percent="96" regionsoverflowed="0" regionsstable="5" regionsrebuilding="0"/>
  </mem-info>
</gc-end>
<cycle-end id="987" type="partial gc" contextid="979" timestamp="2019-06-15T00:43:30.031" />
  <attribute name="elasticGC enabled" value="1" />
  <attribute name= "numThreadsSpecified" value="4" />
  <attribute name="heapSize specified" value="0" />
  <attribute name="Current GC Util" value="34" />
  <attribute name= "Current Time Running" value="69340" />
  <attribute name ="GC Interval" value="0" />
  <attribute name="ProportionalT" value="7.000000" />
  <attribute name="ProportionalI" value="7.000000" />
  <attribute name="ProportionalH" value="7.000000" />
  <attribute name="Current Error" value="14.000000" />
  <attribute name="IntegralT" value="14.000000" />
  <attribute name="IntegralI" value="14.000000" />
  <attribute name="IntegralH" value="14.000000" />
  <attribute name="DerivativeT" value="14.000000" />
  <attribute name="DerivativeI" value="14.000000" />
  <attribute name="DerivativeH" value="14.000000" />
  <attribute name="Loop Time for DT" value="1.000000" />
  <attribute name="Output H" value="8388608"/>
  <attribute name="Output I" value="200"/>
  <attribute name="Output T" value="4"/>
  <attribute name="Target GC Util Change" value ="20.000000" />
  <attribute name="Current GC Util Change" value="34.000000"/>
  <attribute name="GC Util currently" value="34" />
  <attribute name="CPU Util currently" value="10088699965961" />
<exclusive-end id="988" timestamp="2019-06-15T00:43:30.032" durationms="3.885" />

<exclusive-start id="989" timestamp="2019-06-15T00:43:30.043" intervalms="15.599">
  <response-info timems="0.066" idlems="0.066" threads="0" lastid="000000000120C700" lastname="main" />
</exclusive-start>
<allocation-taxation id="990" taxation-threshold="12582912" timestamp="2019-06-15T00:43:30.044" intervalms="15.656" />
<cycle-start id="991" type="global mark phase" contextid="0" timestamp="2019-06-15T00:43:30.044" intervalms="2576.677" />
<gc-start id="992" type="global mark phase" contextid="991" timestamp="2019-06-15T00:43:30.044">
  <mem-info id="993" free="26214400" total="77594624" percent="33">
    <remembered-set count="30816" freebytes="3141504" totalbytes="3264768" percent="96" regionsoverflowed="0" regionsstable="5" regionsrebuilding="0"/>
  </mem-info>
</gc-start>
<gc-op id="994" type="mark increment" timems="0.953" contextid="991" timestamp="2019-06-15T00:43:30.045">
  <trace-info objectcount="3394" scancount="187" scanbytes="12308" />
</gc-op>
<gc-end id="995" type="global mark phase" contextid="991" durationms="1.122" usertimems="0.000" systemtimems="0.000" timestamp="2019-06-15T00:43:30.045" activeThreads="4">
  <mem-info id="996" free="26214400" total="77594624" percent="33">
    <remembered-set count="31328" freebytes="3139456" totalbytes="3264768" percent="96" regionsoverflowed="0" regionsstable="0" regionsrebuilding="5"/>
  </mem-info>
</gc-end>
<concurrent-start id="997" type="GMP work packet processing" contextid="991" timestamp="2019-06-15T00:43:30.045">
  <concurrent-mark-start scanTarget="1825956" />
</concurrent-start>
<concurrent-end id="998" type="GMP work packet processing" contextid="991" timestamp="2019-06-15T00:43:30.049">
  <concurrent-mark-end bytesScanned="1835568" reasonForTermination="Work target met" />
</concurrent-end>

<exclusive-end id="999" timestamp="2019-06-15T00:43:30.049" durationms="5.960" />

<exclusive-start id="1000" timestamp="2019-06-15T00:43:30.061" intervalms="17.652">
  <response-info timems="0.076" idlems="0.076" threads="0" lastid="000000000120C700" lastname="main" />
</exclusive-start>
<allocation-taxation id="1001" taxation-threshold="12582912" timestamp="2019-06-15T00:43:30.061" intervalms="17.564" />
<cycle-start id="1002" type="partial gc" contextid="0" timestamp="2019-06-15T00:43:30.061" intervalms="33.242" />
<gc-start id="1003" type="partial gc" contextid="1002" timestamp="2019-06-15T00:43:30.062">
  <mem-info id="1004" free="13631488" total="77594624" percent="17">
    <mem type="eden" free="1048320" total="26214400" percent="3" />
    <remembered-set count="32544" freebytes="3134592" totalbytes="3264768" percent="96" regionsoverflowed="0" regionsstable="0" regionsrebuilding="5"/>
  </mem-info>
</gc-start>
<allocation-stats totalBytes="25152608" >
  <allocated-bytes non-tlh="0" tlh="25152608" arrayletleaf="0"/>
  <largest-consumer threadName="main" threadId="000000000120C700" bytes="12576824" />
</allocation-stats>
<gc-op id="1005" type="copy forward" timems="2.532" contextid="1002" timestamp="2019-06-15T00:43:30.065">
  <memory-copied type="eden" objects="8" bytes="568" bytesdiscarded="0" />
  <memory-copied type="other" objects="0" bytes="0" bytesdiscarded="0" />
  <memory-cardclean objects="37111" bytes="1412912" />
  <regions eden="24" other="1" />
  <remembered-set-cleared processed="27756" cleared="2238" durationms="0.255" />
  <stringconstants candidates="13729" cleared="0"  />
</gc-op>
<gc-op id="1006" type="classunload" timems="0.004" contextid="1002" timestamp="2019-06-15T00:43:30.065">
  <classunload-info classloadercandidates="55" classloadersunloaded="0" classesunloaded="0" anonymousclassesunloaded="0" quiescems="0.000" setupms="0.004" scanms="0.000" postms="0.000" />
</gc-op>
<heap-resize id="1007" type="expand" space="default" amount="13631488" count="1" timems="0.085" reason="excessive time being spent in gc" timestamp="2019-06-15T00:43:30.065" />
<gc-end id="1008" type="partial gc" contextid="1002" durationms="3.958" usertimems="8.000" systemtimems="0.000" timestamp="2019-06-15T00:43:30.065" activeThreads="4">
  <mem-info id="1009" free="52428800" total="91226112" percent="57">
    <mem type="eden" free="1048008" total="1048576" percent="99" />
    <remembered-set count="34304" freebytes="3504256" totalbytes="3641472" percent="96" regionsoverflowed="0" regionsstable="0" regionsrebuilding="5"/>
  </mem-info>
</gc-end>
<cycle-end id="1010" type="partial gc" contextid="1002" timestamp="2019-06-15T00:43:30.066" />
  <attribute name="elasticGC enabled" value="1" />
  <attribute name= "numThreadsSpecified" value="4" />
  <attribute name="heapSize specified" value="0" />
  <attribute name="Current GC Util" value="33" />
  <attribute name= "Current Time Running" value="69373" />
  <attribute name ="GC Interval" value="0" />
  <attribute name="ProportionalT" value="6.500000" />
  <attribute name="ProportionalI" value="6.500000" />
  <attribute name="ProportionalH" value="6.500000" />
  <attribute name="Current Error" value="13.000000" />
  <attribute name="IntegralT" value="13.000000" />
  <attribute name="IntegralI" value="13.000000" />
  <attribute name="IntegralH" value="13.000000" />
  <attribute name="DerivativeT" value="13.000000" />
  <attribute name="DerivativeI" value="13.000000" />
  <attribute name="DerivativeH" value="13.000000" />
  <attribute name="Loop Time for DT" value="1.000000" />
  <attribute name="Output H" value="8388608"/>
  <attribute name="Output I" value="200"/>
  <attribute name="Output T" value="4"/>
  <attribute name="Target GC Util Change" value ="20.000000" />
  <attribute name="Current GC Util Change" value="33.000000"/>
  <attribute name="GC Util currently" value="33" />
  <attribute name="CPU Util currently" value="9132250397748" />
<exclusive-end id="1011" timestamp="2019-06-15T00:43:30.066" durationms="4.822" />

<exclusive-start id="1012" timestamp="2019-06-15T00:43:30.080" intervalms="18.605">
  <response-info timems="0.222" idlems="0.222" threads="0" lastid="000000000120C700" lastname="main" />
</exclusive-start>
<allocation-taxation id="1013" taxation-threshold="14680064" timestamp="2019-06-15T00:43:30.080" intervalms="18.629" />
<gc-start id="1014" type="global mark phase" contextid="991" timestamp="2019-06-15T00:43:30.080">
  <mem-info id="1015" free="37748736" total="91226112" percent="41">
    <remembered-set count="33248" freebytes="3508480" totalbytes="3641472" percent="96" regionsoverflowed="0" regionsstable="1" regionsrebuilding="5"/>
  </mem-info>
</gc-start>
<gc-end id="1016" type="global mark phase" contextid="991" durationms="0.118" usertimems="0.000" systemtimems="0.000" timestamp="2019-06-15T00:43:30.080" activeThreads="4">
  <mem-info id="1017" free="37748736" total="91226112" percent="41">
    <remembered-set count="33248" freebytes="3508480" totalbytes="3641472" percent="96" regionsoverflowed="0" regionsstable="1" regionsrebuilding="5"/>
  </mem-info>
</gc-end>
<concurrent-start id="1018" type="GMP work packet processing" contextid="991" timestamp="2019-06-15T00:43:30.080">
  <concurrent-mark-start scanTarget="1825956" />
</concurrent-start>
<exclusive-end id="1019" timestamp="2019-06-15T00:43:30.082" durationms="2.253" />

<concurrent-end id="1020" type="GMP work packet processing" contextid="991" timestamp="2019-06-15T00:43:30.082">
  <concurrent-mark-end bytesScanned="1853404" reasonForTermination="Work target met" />
</concurrent-end>

<exclusive-start id="1021" timestamp="2019-06-15T00:43:30.095" intervalms="15.905">
  <response-info timems="0.060" idlems="0.060" threads="0" lastid="000000000120C700" lastname="main" />
</exclusive-start>
<allocation-taxation id="1022" taxation-threshold="14680064" timestamp="2019-06-15T00:43:30.096" intervalms="15.896" />
<cycle-start id="1023" type="partial gc" contextid="0" timestamp="2019-06-15T00:43:30.096" intervalms="34.513" />
<gc-start id="1024" type="partial gc" contextid="1023" timestamp="2019-06-15T00:43:30.096">
  <mem-info id="1025" free="23068672" total="91226112" percent="25">
    <mem type="eden" free="1048008" total="30408704" percent="3" />
    <remembered-set count="36352" freebytes="3496064" totalbytes="3641472" percent="96" regionsoverflowed="0" regionsstable="1" regionsrebuilding="5"/>
  </mem-info>
</gc-start>
<allocation-stats totalBytes="29344472" >
  <allocated-bytes non-tlh="0" tlh="29344472" arrayletleaf="0"/>
  <largest-consumer threadName="main" threadId="000000000120C700" bytes="14672472" />
</allocation-stats>
<gc-op id="1026" type="copy forward" timems="1.632" contextid="1023" timestamp="2019-06-15T00:43:30.098">
  <memory-copied type="eden" objects="6" bytes="304" bytesdiscarded="0" />
  <memory-copied type="other" objects="0" bytes="0" bytesdiscarded="0" />
  <memory-cardclean objects="16" bytes="528" />
  <regions eden="28" other="1" />
  <remembered-set-cleared processed="33746" cleared="13" durationms="0.382" />
  <stringconstants candidates="13729" cleared="0"  />
</gc-op>
<gc-op id="1027" type="classunload" timems="0.004" contextid="1023" timestamp="2019-06-15T00:43:30.099">
  <classunload-info classloadercandidates="55" classloadersunloaded="0" classesunloaded="0" anonymousclassesunloaded="0" quiescems="0.000" setupms="0.003" scanms="0.000" postms="0.000" />
</gc-op>
<heap-resize id="1028" type="expand" space="default" amount="6291456" count="1" timems="0.069" reason="excessive time being spent in gc" timestamp="2019-06-15T00:43:30.099" />
<gc-end id="1029" type="partial gc" contextid="1023" durationms="2.889" usertimems="4.000" systemtimems="0.000" timestamp="2019-06-15T00:43:30.099" activeThreads="1">
  <mem-info id="1030" free="58720256" total="97517568" percent="60">
    <mem type="eden" free="1048272" total="1048576" percent="99" />
    <remembered-set count="36832" freebytes="3745280" totalbytes="3892608" percent="96" regionsoverflowed="0" regionsstable="1" regionsrebuilding="5"/>
  </mem-info>
</gc-end>
<cycle-end id="1031" type="partial gc" contextid="1023" timestamp="2019-06-15T00:43:30.099" />
  <attribute name="elasticGC enabled" value="1" />
  <attribute name= "numThreadsSpecified" value="1" />
  <attribute name="heapSize specified" value="0" />
  <attribute name="Current GC Util" value="53" />
  <attribute name= "Current Time Running" value="69407" />
  <attribute name ="GC Interval" value="0" />
  <attribute name="ProportionalT" value="16.500000" />
  <attribute name="ProportionalI" value="16.500000" />
  <attribute name="ProportionalH" value="16.500000" />
  <attribute name="Current Error" value="33.000000" />
  <attribute name="IntegralT" value="0.000000" />
  <attribute name="IntegralI" value="0.000000" />
  <attribute name="IntegralH" value="0.000000" />
  <attribute name="DerivativeT" value="inf" />
  <attribute name="DerivativeI" value="inf" />
  <attribute name="DerivativeH" value="inf" />
  <attribute name="Loop Time for DT" value="0.000000" />
  <attribute name="Output H" value="8388608"/>
  <attribute name="Output I" value="200"/>
  <attribute name="Output T" value="1"/>
  <attribute name="Target GC Util Change" value ="20.000000" />
  <attribute name="Current GC Util Change" value="53.000000"/>
  <attribute name="GC Util currently" value="53" />
  <attribute name="CPU Util currently" value="19582613921360" />
<exclusive-end id="1032" timestamp="2019-06-15T00:43:30.099" durationms="3.990" />

<exclusive-start id="1033" timestamp="2019-06-15T00:43:30.116" intervalms="20.685">
  <response-info timems="0.058" idlems="0.058" threads="0" lastid="000000000120C700" lastname="main" />
</exclusive-start>
<allocation-taxation id="1034" taxation-threshold="14680064" timestamp="2019-06-15T00:43:30.116" intervalms="20.712" />
<gc-start id="1035" type="global mark phase" contextid="991" timestamp="2019-06-15T00:43:30.116">
  <mem-info id="1036" free="44040192" total="97517568" percent="45">
    <remembered-set count="36000" freebytes="3748608" totalbytes="3892608" percent="96" regionsoverflowed="0" regionsstable="2" regionsrebuilding="5"/>
  </mem-info>
</gc-start>
<gc-end id="1037" type="global mark phase" contextid="991" durationms="0.101" usertimems="0.000" systemtimems="0.000" timestamp="2019-06-15T00:43:30.117" activeThreads="1">
  <mem-info id="1038" free="44040192" total="97517568" percent="45">
    <remembered-set count="36000" freebytes="3748608" totalbytes="3892608" percent="96" regionsoverflowed="0" regionsstable="2" regionsrebuilding="5"/>
  </mem-info>
</gc-end>
<concurrent-start id="1039" type="GMP work packet processing" contextid="991" timestamp="2019-06-15T00:43:30.117">
  <concurrent-mark-start scanTarget="1048576" />
</concurrent-start>
<concurrent-end id="1040" type="GMP work packet processing" contextid="991" timestamp="2019-06-15T00:43:30.117">
  <concurrent-mark-end bytesScanned="1091400" reasonForTermination="Work target met" />
</concurrent-end>

<exclusive-end id="1041" timestamp="2019-06-15T00:43:30.117" durationms="1.351" />

<exclusive-start id="1042" timestamp="2019-06-15T00:43:30.134" intervalms="18.053">
  <response-info timems="0.056" idlems="0.056" threads="0" lastid="000000000120C700" lastname="main" />
</exclusive-start>
<allocation-taxation id="1043" taxation-threshold="14680064" timestamp="2019-06-15T00:43:30.134" intervalms="18.026" />
<cycle-start id="1044" type="partial gc" contextid="0" timestamp="2019-06-15T00:43:30.134" intervalms="38.727" />
<gc-start id="1045" type="partial gc" contextid="1044" timestamp="2019-06-15T00:43:30.135">
  <mem-info id="1046" free="29360128" total="97517568" percent="30">
    <mem type="eden" free="1048272" total="30408704" percent="3" />
    <remembered-set count="36032" freebytes="3748480" totalbytes="3892608" percent="96" regionsoverflowed="0" regionsstable="2" regionsrebuilding="5"/>
  </mem-info>
</gc-start>
<allocation-stats totalBytes="29334856" >
  <allocated-bytes non-tlh="0" tlh="29334856" arrayletleaf="0"/>
  <largest-consumer threadName="main" threadId="000000000120C700" bytes="14666400" />
</allocation-stats>
<gc-op id="1047" type="copy forward" timems="1.500" contextid="1044" timestamp="2019-06-15T00:43:30.137">
  <memory-copied type="eden" objects="29" bytes="1320" bytesdiscarded="584" />
  <memory-copied type="other" objects="0" bytes="0" bytesdiscarded="0" />
  <memory-cardclean objects="67" bytes="2480" />
  <regions eden="28" other="1" />
  <remembered-set-cleared processed="33584" cleared="36" durationms="0.207" />
  <stringconstants candidates="13729" cleared="0"  />
</gc-op>
<gc-op id="1048" type="classunload" timems="0.005" contextid="1044" timestamp="2019-06-15T00:43:30.137">
  <classunload-info classloadercandidates="55" classloadersunloaded="0" classesunloaded="0" anonymousclassesunloaded="0" quiescems="0.000" setupms="0.005" scanms="0.000" postms="0.000" />
</gc-op>
<gc-end id="1049" type="partial gc" contextid="1044" durationms="2.356" usertimems="4.000" systemtimems="0.000" timestamp="2019-06-15T00:43:30.137" activeThreads="4">
  <mem-info id="1050" free="58720256" total="97517568" percent="60">
    <mem type="eden" free="1046672" total="1048576" percent="99" />
    <remembered-set count="36224" freebytes="3747712" totalbytes="3892608" percent="96" regionsoverflowed="0" regionsstable="2" regionsrebuilding="5"/>
  </mem-info>
</gc-end>
<cycle-end id="1051" type="partial gc" contextid="1044" timestamp="2019-06-15T00:43:30.137" />
  <attribute name="elasticGC enabled" value="1" />
  <attribute name= "numThreadsSpecified" value="4" />
  <attribute name="heapSize specified" value="0" />
  <attribute name="Current GC Util" value="58" />
  <attribute name= "Current Time Running" value="69446" />
  <attribute name ="GC Interval" value="0" />
  <attribute name="ProportionalT" value="19.000000" />
  <attribute name="ProportionalI" value="19.000000" />
  <attribute name="ProportionalH" value="19.000000" />
  <attribute name="Current Error" value="38.000000" />
  <attribute name="IntegralT" value="38.000000" />
  <attribute name="IntegralI" value="38.000000" />
  <attribute name="IntegralH" value="38.000000" />
  <attribute name="DerivativeT" value="38.000000" />
  <attribute name="DerivativeI" value="38.000000" />
  <attribute name="DerivativeH" value="38.000000" />
  <attribute name="Loop Time for DT" value="1.000000" />
  <attribute name="Output H" value="8388608"/>
  <attribute name="Output I" value="200"/>
  <attribute name="Output T" value="4"/>
  <attribute name="Target GC Util Change" value ="20.000000" />
  <attribute name="Current GC Util Change" value="58.000000"/>
  <attribute name="GC Util currently" value="58" />
  <attribute name="CPU Util currently" value="21713291566207" />
<exclusive-end id="1052" timestamp="2019-06-15T00:43:30.137" durationms="3.286" />

<exclusive-start id="1053" timestamp="2019-06-15T00:43:30.152" intervalms="18.095">
  <response-info timems="0.073" idlems="0.073" threads="0" lastid="000000000120C700" lastname="main" />
</exclusive-start>
<allocation-taxation id="1054" taxation-threshold="14680064" timestamp="2019-06-15T00:43:30.152" intervalms="18.087" />
<gc-start id="1055" type="global mark phase" contextid="991" timestamp="2019-06-15T00:43:30.153">
  <mem-info id="1056" free="44040192" total="97517568" percent="45">
    <remembered-set count="35808" freebytes="3749376" totalbytes="3892608" percent="96" regionsoverflowed="0" regionsstable="2" regionsrebuilding="5"/>
  </mem-info>
</gc-start>
<gc-end id="1057" type="global mark phase" contextid="991" durationms="0.129" usertimems="0.000" systemtimems="0.000" timestamp="2019-06-15T00:43:30.153" activeThreads="4">
  <mem-info id="1058" free="44040192" total="97517568" percent="45">
    <remembered-set count="35808" freebytes="3749376" totalbytes="3892608" percent="96" regionsoverflowed="0" regionsstable="2" regionsrebuilding="5"/>
  </mem-info>
</gc-end>
<concurrent-start id="1059" type="GMP work packet processing" contextid="991" timestamp="2019-06-15T00:43:30.153">
  <concurrent-mark-start scanTarget="1825956" />
</concurrent-start>
<exclusive-end id="1060" timestamp="2019-06-15T00:43:30.153" durationms="0.604" />

<concurrent-end id="1061" type="GMP work packet processing" contextid="991" timestamp="2019-06-15T00:43:30.156">
  <concurrent-mark-end bytesScanned="1827340" reasonForTermination="Work target met" />
</concurrent-end>

<exclusive-start id="1062" timestamp="2019-06-15T00:43:30.207" intervalms="54.634">
  <response-info timems="0.110" idlems="0.110" threads="0" lastid="000000000120C700" lastname="main" />
</exclusive-start>
<allocation-taxation id="1063" taxation-threshold="14680064" timestamp="2019-06-15T00:43:30.207" intervalms="54.637" />
<cycle-start id="1064" type="partial gc" contextid="0" timestamp="2019-06-15T00:43:30.207" intervalms="72.731" />
<gc-start id="1065" type="partial gc" contextid="1064" timestamp="2019-06-15T00:43:30.208">
  <mem-info id="1066" free="29360128" total="97517568" percent="30">
    <mem type="eden" free="0" total="29360128" percent="0" />
    <remembered-set count="40064" freebytes="3732352" totalbytes="3892608" percent="95" regionsoverflowed="0" regionsstable="2" regionsrebuilding="5"/>
  </mem-info>
</gc-start>
<allocation-stats totalBytes="29342032" >
  <allocated-bytes non-tlh="0" tlh="29342032" arrayletleaf="0"/>
  <largest-consumer threadName="main" threadId="000000000120C700" bytes="14674088" />
</allocation-stats>
<gc-op id="1067" type="copy forward" timems="2.304" contextid="1064" timestamp="2019-06-15T00:43:30.210">
  <memory-copied type="eden" objects="46" bytes="1912" bytesdiscarded="0" />
  <memory-copied type="other" objects="12" bytes="560" bytesdiscarded="320" />
  <memory-cardclean objects="83" bytes="2952" />
  <regions eden="28" other="1" />
  <remembered-set-cleared processed="37843" cleared="52" durationms="0.231" />
  <stringconstants candidates="13729" cleared="0"  />
</gc-op>
<gc-op id="1068" type="classunload" timems="0.004" contextid="1064" timestamp="2019-06-15T00:43:30.211">
  <classunload-info classloadercandidates="55" classloadersunloaded="0" classesunloaded="0" anonymousclassesunloaded="0" quiescems="0.000" setupms="0.004" scanms="0.000" postms="0.000" />
</gc-op>
<gc-end id="1069" type="partial gc" contextid="1064" durationms="3.263" usertimems="4.000" systemtimems="0.000" timestamp="2019-06-15T00:43:30.211" activeThreads="4">
  <mem-info id="1070" free="57671680" total="97517568" percent="59">
    <mem type="eden" free="1046664" total="1048576" percent="99" />
    <remembered-set count="40960" freebytes="3728768" totalbytes="3892608" percent="95" regionsoverflowed="0" regionsstable="2" regionsrebuilding="5"/>
  </mem-info>
</gc-end>
<cycle-end id="1071" type="partial gc" contextid="1064" timestamp="2019-06-15T00:43:30.211" />
  <attribute name="elasticGC enabled" value="1" />
  <attribute name= "numThreadsSpecified" value="4" />
  <attribute name="heapSize specified" value="0" />
  <attribute name="Current GC Util" value="81" />
  <attribute name= "Current Time Running" value="69519" />
  <attribute name ="GC Interval" value="0" />
  <attribute name="ProportionalT" value="30.500000" />
  <attribute name="ProportionalI" value="30.500000" />
  <attribute name="ProportionalH" value="30.500000" />
  <attribute name="Current Error" value="61.000000" />
  <attribute name="IntegralT" value="61.000000" />
  <attribute name="IntegralI" value="61.000000" />
  <attribute name="IntegralH" value="61.000000" />
  <attribute name="DerivativeT" value="61.000000" />
  <attribute name="DerivativeI" value="61.000000" />
  <attribute name="DerivativeH" value="61.000000" />
  <attribute name="Loop Time for DT" value="1.000000" />
  <attribute name="Output H" value="8388608"/>
  <attribute name="Output I" value="200"/>
  <attribute name="Output T" value="4"/>
  <attribute name="Target GC Util Change" value ="20.000000" />
  <attribute name="Current GC Util Change" value="81.000000"/>
  <attribute name="GC Util currently" value="81" />
  <attribute name="CPU Util currently" value="24807881803006" />
<exclusive-end id="1072" timestamp="2019-06-15T00:43:30.211" durationms="4.240" />

<exclusive-start id="1073" timestamp="2019-06-15T00:43:30.256" intervalms="48.762">
  <response-info timems="0.093" idlems="0.093" threads="0" lastid="000000000120C700" lastname="main" />
</exclusive-start>
<allocation-taxation id="1074" taxation-threshold="14680064" timestamp="2019-06-15T00:43:30.256" intervalms="48.809" />
<gc-start id="1075" type="global mark phase" contextid="991" timestamp="2019-06-15T00:43:30.256">
  <mem-info id="1076" free="42991616" total="97517568" percent="44">
    <remembered-set count="40960" freebytes="3728768" totalbytes="3892608" percent="95" regionsoverflowed="0" regionsstable="2" regionsrebuilding="5"/>
  </mem-info>
</gc-start>
<gc-end id="1077" type="global mark phase" contextid="991" durationms="0.187" usertimems="0.000" systemtimems="0.000" timestamp="2019-06-15T00:43:30.256" activeThreads="4">
  <mem-info id="1078" free="42991616" total="97517568" percent="44">
    <remembered-set count="40960" freebytes="3728768" totalbytes="3892608" percent="95" regionsoverflowed="0" regionsstable="2" regionsrebuilding="5"/>
  </mem-info>
</gc-end>
<concurrent-start id="1079" type="GMP work packet processing" contextid="991" timestamp="2019-06-15T00:43:30.256">
  <concurrent-mark-start scanTarget="1825956" />
</concurrent-start>
<concurrent-end id="1080" type="GMP work packet processing" contextid="991" timestamp="2019-06-15T00:43:30.258">
  <concurrent-mark-end bytesScanned="1875820" reasonForTermination="Work target met" />
</concurrent-end>

<exclusive-end id="1081" timestamp="2019-06-15T00:43:30.258" durationms="2.278" />

<exclusive-start id="1082" timestamp="2019-06-15T00:43:30.303" intervalms="46.855">
  <response-info timems="0.081" idlems="0.081" threads="0" lastid="000000000120C700" lastname="main" />
</exclusive-start>
<allocation-taxation id="1083" taxation-threshold="14680064" timestamp="2019-06-15T00:43:30.303" intervalms="46.799" />
<cycle-start id="1084" type="partial gc" contextid="0" timestamp="2019-06-15T00:43:30.303" intervalms="95.595" />
<gc-start id="1085" type="partial gc" contextid="1084" timestamp="2019-06-15T00:43:30.303">
  <mem-info id="1086" free="28311552" total="97517568" percent="29">
    <mem type="eden" free="0" total="29360128" percent="0" />
    <remembered-set count="40960" freebytes="3728768" totalbytes="3892608" percent="95" regionsoverflowed="0" regionsstable="2" regionsrebuilding="5"/>
  </mem-info>
</gc-start>
<allocation-stats totalBytes="29353984" >
  <allocated-bytes non-tlh="0" tlh="29353984" arrayletleaf="0"/>
  <largest-consumer threadName="main" threadId="000000000120C700" bytes="14676992" />
</allocation-stats>
<gc-op id="1087" type="copy forward" timems="1.615" contextid="1084" timestamp="2019-06-15T00:43:30.306">
  <memory-copied type="eden" objects="28" bytes="1328" bytesdiscarded="0" />
  <memory-copied type="other" objects="18" bytes="584" bytesdiscarded="0" />
  <memory-cardclean objects="38" bytes="1624" />
  <regions eden="28" other="1" />
  <remembered-set-cleared processed="38050" cleared="34" durationms="0.407" />
  <stringconstants candidates="13729" cleared="0"  />
</gc-op>
<gc-op id="1088" type="classunload" timems="0.004" contextid="1084" timestamp="2019-06-15T00:43:30.306">
  <classunload-info classloadercandidates="55" classloadersunloaded="0" classesunloaded="0" anonymousclassesunloaded="0" quiescems="0.000" setupms="0.004" scanms="0.000" postms="0.000" />
</gc-op>
<heap-resize id="1089" type="contract" space="default" amount="5242880" count="1" timems="0.064" reason="insufficient time being spent in gc" timestamp="2019-06-15T00:43:30.306" />
<gc-end id="1090" type="partial gc" contextid="1084" durationms="2.955" usertimems="4.000" systemtimems="0.000" timestamp="2019-06-15T00:43:30.306" activeThreads="1">
  <mem-info id="1091" free="51380224" total="92274688" percent="55">
    <mem type="eden" free="1047248" total="1048576" percent="99" />
    <remembered-set count="41216" freebytes="3727744" totalbytes="3892608" percent="95" regionsoverflowed="0" regionsstable="2" regionsrebuilding="5"/>
  </mem-info>
</gc-end>
<cycle-end id="1092" type="partial gc" contextid="1084" timestamp="2019-06-15T00:43:30.306" />
  <attribute name="elasticGC enabled" value="1" />
  <attribute name= "numThreadsSpecified" value="1" />
  <attribute name="heapSize specified" value="0" />
  <attribute name="Current GC Util" value="155" />
  <attribute name= "Current Time Running" value="69614" />
  <attribute name ="GC Interval" value="0" />
  <attribute name="ProportionalT" value="67.500000" />
  <attribute name="ProportionalI" value="67.500000" />
  <attribute name="ProportionalH" value="67.500000" />
  <attribute name="Current Error" value="135.000000" />
  <attribute name="IntegralT" value="0.000000" />
  <attribute name="IntegralI" value="0.000000" />
  <attribute name="IntegralH" value="0.000000" />
  <attribute name="DerivativeT" value="inf" />
  <attribute name="DerivativeI" value="inf" />
  <attribute name="DerivativeH" value="inf" />
  <attribute name="Loop Time for DT" value="0.000000" />
  <attribute name="Output H" value="8388608"/>
  <attribute name="Output I" value="200"/>
  <attribute name="Output T" value="1"/>
  <attribute name="Target GC Util Change" value ="20.000000" />
  <attribute name="Current GC Util Change" value="155.000000"/>
  <attribute name="GC Util currently" value="155" />
  <attribute name="CPU Util currently" value="13288552957270" />
<exclusive-end id="1093" timestamp="2019-06-15T00:43:30.306" durationms="3.813" />

<exclusive-start id="1094" timestamp="2019-06-15T00:43:31.166" intervalms="863.614">
  <response-info timems="0.089" idlems="0.089" threads="0" lastid="000000000120C700" lastname="main" />
</exclusive-start>
<allocation-taxation id="1095" taxation-threshold="14680064" timestamp="2019-06-15T00:43:31.166" intervalms="863.690" />
<gc-start id="1096" type="global mark phase" contextid="991" timestamp="2019-06-15T00:43:31.167">
  <mem-info id="1097" free="36700160" total="92274688" percent="39">
    <remembered-set count="40864" freebytes="3729152" totalbytes="3892608" percent="95" regionsoverflowed="0" regionsstable="2" regionsrebuilding="5"/>
  </mem-info>
</gc-start>
<gc-end id="1098" type="global mark phase" contextid="991" durationms="0.106" usertimems="0.000" systemtimems="0.000" timestamp="2019-06-15T00:43:31.167" activeThreads="1">
  <mem-info id="1099" free="36700160" total="92274688" percent="39">
    <remembered-set count="40864" freebytes="3729152" totalbytes="3892608" percent="95" regionsoverflowed="0" regionsstable="2" regionsrebuilding="5"/>
  </mem-info>
</gc-end>
<concurrent-start id="1100" type="GMP work packet processing" contextid="991" timestamp="2019-06-15T00:43:31.167">
  <concurrent-mark-start scanTarget="1048576" />
</concurrent-start>
<concurrent-end id="1101" type="GMP work packet processing" contextid="991" timestamp="2019-06-15T00:43:31.168">
  <concurrent-mark-end bytesScanned="1080172" reasonForTermination="Work target met" />
</concurrent-end>

<exclusive-end id="1102" timestamp="2019-06-15T00:43:31.168" durationms="1.681" />

<exclusive-start id="1103" timestamp="2019-06-15T00:43:31.176" intervalms="10.139">
  <response-info timems="0.037" idlems="0.037" threads="0" lastid="000000000120C700" lastname="main" />
</exclusive-start>
<allocation-taxation id="1104" taxation-threshold="14680064" timestamp="2019-06-15T00:43:31.176" intervalms="10.077" />
<cycle-start id="1105" type="partial gc" contextid="0" timestamp="2019-06-15T00:43:31.177" intervalms="873.731" />
<gc-start id="1106" type="partial gc" contextid="1105" timestamp="2019-06-15T00:43:31.177">
  <mem-info id="1107" free="22020096" total="92274688" percent="23">
    <mem type="eden" free="1047248" total="30408704" percent="3" />
    <remembered-set count="47520" freebytes="3702528" totalbytes="3892608" percent="95" regionsoverflowed="0" regionsstable="2" regionsrebuilding="5"/>
  </mem-info>
</gc-start>
<allocation-stats totalBytes="27669112" >
  <allocated-bytes non-tlh="0" tlh="27669112" arrayletleaf="0"/>
  <largest-consumer threadName="main" threadId="000000000120C700" bytes="13737216" />
</allocation-stats>
<gc-op id="1108" type="copy forward" timems="1.938" contextid="1105" timestamp="2019-06-15T00:43:31.179">
  <memory-copied type="eden" objects="104" bytes="41304" bytesdiscarded="2336" />
  <memory-copied type="other" objects="0" bytes="0" bytesdiscarded="0" />
  <memory-cardclean objects="15360" bytes="738576" />
  <regions eden="28" other="1" />
  <remembered-set-cleared processed="35284" cleared="2660" durationms="0.213" />
  <stringconstants candidates="13729" cleared="0"  />
</gc-op>
<gc-op id="1109" type="classunload" timems="0.005" contextid="1105" timestamp="2019-06-15T00:43:31.180">
  <classunload-info classloadercandidates="55" classloadersunloaded="0" classesunloaded="0" anonymousclassesunloaded="0" quiescems="0.000" setupms="0.004" scanms="0.000" postms="0.000" />
</gc-op>
<gc-end id="1110" type="partial gc" contextid="1105" durationms="3.025" usertimems="8.000" systemtimems="0.000" timestamp="2019-06-15T00:43:31.180" activeThreads="4">
  <mem-info id="1111" free="51380224" total="92274688" percent="55">
    <mem type="eden" free="1004936" total="1048576" percent="95" />
    <remembered-set count="38944" freebytes="3527552" totalbytes="3683328" percent="95" regionsoverflowed="0" regionsstable="2" regionsrebuilding="5"/>
  </mem-info>
</gc-end>
<cycle-end id="1112" type="partial gc" contextid="1105" timestamp="2019-06-15T00:43:31.180" />
  <attribute name="elasticGC enabled" value="1" />
  <attribute name= "numThreadsSpecified" value="4" />
  <attribute name="heapSize specified" value="0" />
  <attribute name="Current GC Util" value="66" />
  <attribute name= "Current Time Running" value="70488" />
  <attribute name ="GC Interval" value="0" />
  <attribute name="ProportionalT" value="23.000000" />
  <attribute name="ProportionalI" value="23.000000" />
  <attribute name="ProportionalH" value="23.000000" />
  <attribute name="Current Error" value="46.000000" />
  <attribute name="IntegralT" value="46.000000" />
  <attribute name="IntegralI" value="46.000000" />
  <attribute name="IntegralH" value="46.000000" />
  <attribute name="DerivativeT" value="46.000000" />
  <attribute name="DerivativeI" value="46.000000" />
  <attribute name="DerivativeH" value="46.000000" />
  <attribute name="Loop Time for DT" value="1.000000" />
  <attribute name="Output H" value="8388608"/>
  <attribute name="Output I" value="200"/>
  <attribute name="Output T" value="4"/>
  <attribute name="Target GC Util Change" value ="20.000000" />
  <attribute name="Current GC Util Change" value="66.000000"/>
  <attribute name="GC Util currently" value="66" />
  <attribute name="CPU Util currently" value="9347468989358" />
<exclusive-end id="1113" timestamp="2019-06-15T00:43:31.180" durationms="3.822" />

<exclusive-start id="1114" timestamp="2019-06-15T00:43:31.494" intervalms="318.202">
  <response-info timems="0.079" idlems="0.079" threads="0" lastid="000000000120C700" lastname="main" />
</exclusive-start>
<allocation-taxation id="1115" taxation-threshold="14680064" timestamp="2019-06-15T00:43:31.495" intervalms="318.271" />
<gc-start id="1116" type="global mark phase" contextid="991" timestamp="2019-06-15T00:43:31.495">
  <mem-info id="1117" free="36700160" total="92274688" percent="39">
    <remembered-set count="37632" freebytes="3532800" totalbytes="3683328" percent="95" regionsoverflowed="0" regionsstable="4" regionsrebuilding="5"/>
  </mem-info>
</gc-start>
<gc-end id="1118" type="global mark phase" contextid="991" durationms="0.114" usertimems="0.000" systemtimems="0.000" timestamp="2019-06-15T00:43:31.495" activeThreads="4">
  <mem-info id="1119" free="36700160" total="92274688" percent="39">
    <remembered-set count="37632" freebytes="3532800" totalbytes="3683328" percent="95" regionsoverflowed="0" regionsstable="4" regionsrebuilding="5"/>
  </mem-info>
</gc-end>
<concurrent-start id="1120" type="GMP work packet processing" contextid="991" timestamp="2019-06-15T00:43:31.495">
  <concurrent-mark-start scanTarget="1825956" />
</concurrent-start>
<concurrent-end id="1121" type="GMP work packet processing" contextid="991" timestamp="2019-06-15T00:43:31.496">
  <concurrent-mark-end bytesScanned="1861028" reasonForTermination="Work target met" />
</concurrent-end>

<exclusive-end id="1122" timestamp="2019-06-15T00:43:31.496" durationms="2.020" />

<exclusive-start id="1123" timestamp="2019-06-15T00:43:31.571" intervalms="76.081">
  <response-info timems="0.040" idlems="0.040" threads="0" lastid="000000000120C700" lastname="main" />
</exclusive-start>
<allocation-taxation id="1124" taxation-threshold="14680064" timestamp="2019-06-15T00:43:31.571" intervalms="76.020" />
<cycle-start id="1125" type="partial gc" contextid="0" timestamp="2019-06-15T00:43:31.571" intervalms="394.384" />
<gc-start id="1126" type="partial gc" contextid="1125" timestamp="2019-06-15T00:43:31.571">
  <mem-info id="1127" free="22020096" total="92274688" percent="23">
    <mem type="eden" free="0" total="29360128" percent="0" />
    <remembered-set count="50144" freebytes="3482752" totalbytes="3683328" percent="94" regionsoverflowed="0" regionsstable="4" regionsrebuilding="5"/>
  </mem-info>
</gc-start>
<allocation-stats totalBytes="29356384" >
  <allocated-bytes non-tlh="0" tlh="29356384" arrayletleaf="0"/>
  <largest-consumer threadName="main" threadId="000000000120C700" bytes="14677944" />
</allocation-stats>
<gc-op id="1128" type="copy forward" timems="1.398" contextid="1125" timestamp="2019-06-15T00:43:31.573">
  <memory-copied type="eden" objects="53" bytes="1648" bytesdiscarded="0" />
  <memory-copied type="other" objects="73" bytes="2464" bytesdiscarded="0" />
  <memory-cardclean objects="161" bytes="5800" />
  <regions eden="28" other="1" />
  <remembered-set-cleared processed="47787" cleared="89" durationms="0.422" />
  <stringconstants candidates="13729" cleared="0"  />
</gc-op>
<gc-op id="1129" type="classunload" timems="0.017" contextid="1125" timestamp="2019-06-15T00:43:31.573">
  <classunload-info classloadercandidates="55" classloadersunloaded="0" classesunloaded="0" anonymousclassesunloaded="0" quiescems="0.000" setupms="0.017" scanms="0.000" postms="0.000" />
</gc-op>
<heap-resize id="1130" type="contract" space="default" amount="5242880" count="1" timems="0.052" reason="insufficient time being spent in gc" timestamp="2019-06-15T00:43:31.574" />
<gc-end id="1131" type="partial gc" contextid="1125" durationms="2.647" usertimems="0.000" systemtimems="0.000" timestamp="2019-06-15T00:43:31.574" activeThreads="1">
  <mem-info id="1132" free="45088768" total="87031808" percent="51">
    <mem type="eden" free="1046928" total="1048576" percent="99" />
    <remembered-set count="50400" freebytes="3481728" totalbytes="3683328" percent="94" regionsoverflowed="0" regionsstable="4" regionsrebuilding="5"/>
  </mem-info>
</gc-end>
<cycle-end id="1133" type="partial gc" contextid="1125" timestamp="2019-06-15T00:43:31.574" />
  <attribute name="elasticGC enabled" value="1" />
  <attribute name= "numThreadsSpecified" value="1" />
  <attribute name="heapSize specified" value="0" />
  <attribute name="Current GC Util" value="58" />
  <attribute name= "Current Time Running" value="70882" />
  <attribute name ="GC Interval" value="0" />
  <attribute name="ProportionalT" value="19.000000" />
  <attribute name="ProportionalI" value="19.000000" />
  <attribute name="ProportionalH" value="19.000000" />
  <attribute name="Current Error" value="38.000000" />
  <attribute name="IntegralT" value="0.000000" />
  <attribute name="IntegralI" value="0.000000" />
  <attribute name="IntegralH" value="0.000000" />
  <attribute name="DerivativeT" value="inf" />
  <attribute name="DerivativeI" value="inf" />
  <attribute name="DerivativeH" value="inf" />
  <attribute name="Loop Time for DT" value="0.000000" />
  <attribute name="Output H" value="8388608"/>
  <attribute name="Output I" value="200"/>
  <attribute name="Output T" value="1"/>
  <attribute name="Target GC Util Change" value ="20.000000" />
  <attribute name="Current GC Util Change" value="58.000000"/>
  <attribute name="GC Util currently" value="58" />
  <attribute name="CPU Util currently" value="21715029665203" />
<exclusive-end id="1134" timestamp="2019-06-15T00:43:31.574" durationms="3.664" />

<exclusive-start id="1135" timestamp="2019-06-15T00:43:31.645" intervalms="74.141">
  <response-info timems="0.248" idlems="0.248" threads="0" lastid="000000000120C700" lastname="main" />
</exclusive-start>
<allocation-taxation id="1136" taxation-threshold="13631488" timestamp="2019-06-15T00:43:31.645" intervalms="74.188" />
<gc-start id="1137" type="global mark phase" contextid="991" timestamp="2019-06-15T00:43:31.645">
  <mem-info id="1138" free="31457280" total="87031808" percent="36">
    <remembered-set count="50176" freebytes="3482624" totalbytes="3683328" percent="94" regionsoverflowed="0" regionsstable="4" regionsrebuilding="5"/>
  </mem-info>
</gc-start>
<gc-end id="1139" type="global mark phase" contextid="991" durationms="0.130" usertimems="0.000" systemtimems="0.000" timestamp="2019-06-15T00:43:31.645" activeThreads="1">
  <mem-info id="1140" free="31457280" total="87031808" percent="36">
    <remembered-set count="50176" freebytes="3482624" totalbytes="3683328" percent="94" regionsoverflowed="0" regionsstable="4" regionsrebuilding="5"/>
  </mem-info>
</gc-end>
<concurrent-start id="1141" type="GMP work packet processing" contextid="991" timestamp="2019-06-15T00:43:31.645">
  <concurrent-mark-start scanTarget="1048576" />
</concurrent-start>
<exclusive-end id="1142" timestamp="2019-06-15T00:43:31.645" durationms="0.787" />

<concurrent-end id="1143" type="GMP work packet processing" contextid="991" timestamp="2019-06-15T00:43:31.646">
  <concurrent-mark-end bytesScanned="1087456" reasonForTermination="Work target met" />
</concurrent-end>

<exclusive-start id="1144" timestamp="2019-06-15T00:43:31.735" intervalms="90.560">
  <response-info timems="0.044" idlems="0.044" threads="0" lastid="000000000120C700" lastname="main" />
</exclusive-start>
<allocation-taxation id="1145" taxation-threshold="13631488" timestamp="2019-06-15T00:43:31.735" intervalms="90.542" />
<cycle-start id="1146" type="partial gc" contextid="0" timestamp="2019-06-15T00:43:31.736" intervalms="164.673" />
<gc-start id="1147" type="partial gc" contextid="1146" timestamp="2019-06-15T00:43:31.736">
  <mem-info id="1148" free="17825792" total="87031808" percent="20">
    <mem type="eden" free="0" total="27262976" percent="0" />
    <remembered-set count="50176" freebytes="3482624" totalbytes="3683328" percent="94" regionsoverflowed="0" regionsstable="4" regionsrebuilding="5"/>
  </mem-info>
</gc-start>
<allocation-stats totalBytes="27258664" >
  <allocated-bytes non-tlh="32" tlh="27258632" arrayletleaf="0"/>
  <largest-consumer threadName="main" threadId="000000000120C700" bytes="13629008" />
</allocation-stats>
<gc-op id="1149" type="copy forward" timems="3.744" contextid="1146" timestamp="2019-06-15T00:43:31.740">
  <memory-copied type="eden" objects="46" bytes="1664" bytesdiscarded="0" />
  <memory-copied type="other" objects="38" bytes="1072" bytesdiscarded="0" />
  <memory-cardclean objects="28604" bytes="1271848" />
  <regions eden="26" other="1" />
  <remembered-set-cleared processed="32713" cleared="5676" durationms="0.451" />
  <stringconstants candidates="13730" cleared="0"  />
</gc-op>
<gc-op id="1150" type="classunload" timems="0.007" contextid="1146" timestamp="2019-06-15T00:43:31.741">
  <classunload-info classloadercandidates="55" classloadersunloaded="0" classesunloaded="0" anonymousclassesunloaded="0" quiescems="0.000" setupms="0.007" scanms="0.000" postms="0.000" />
</gc-op>
<heap-resize id="1151" type="contract" space="default" amount="5242880" count="1" timems="0.059" reason="insufficient time being spent in gc" timestamp="2019-06-15T00:43:31.741" />
<gc-end id="1152" type="partial gc" contextid="1146" durationms="5.120" usertimems="12.000" systemtimems="0.000" timestamp="2019-06-15T00:43:31.741" activeThreads="1">
  <mem-info id="1153" free="38797312" total="81788928" percent="47">
    <mem type="eden" free="1046912" total="1048576" percent="99" />
    <remembered-set count="38016" freebytes="3321984" totalbytes="3474048" percent="95" regionsoverflowed="0" regionsstable="4" regionsrebuilding="5"/>
  </mem-info>
</gc-end>
<cycle-end id="1154" type="partial gc" contextid="1146" timestamp="2019-06-15T00:43:31.741" />
  <attribute name="elasticGC enabled" value="1" />
  <attribute name= "numThreadsSpecified" value="1" />
  <attribute name="heapSize specified" value="0" />
  <attribute name="Current GC Util" value="48" />
  <attribute name= "Current Time Running" value="71047" />
  <attribute name ="GC Interval" value="0" />
  <attribute name="ProportionalT" value="14.000000" />
  <attribute name="ProportionalI" value="14.000000" />
  <attribute name="ProportionalH" value="14.000000" />
  <attribute name="Current Error" value="28.000000" />
  <attribute name="IntegralT" value="0.000000" />
  <attribute name="IntegralI" value="0.000000" />
  <attribute name="IntegralH" value="0.000000" />
  <attribute name="DerivativeT" value="inf" />
  <attribute name="DerivativeI" value="inf" />
  <attribute name="DerivativeH" value="inf" />
  <attribute name="Loop Time for DT" value="0.000000" />
  <attribute name="Output H" value="8388608"/>
  <attribute name="Output I" value="200"/>
  <attribute name="Output T" value="1"/>
  <attribute name="Target GC Util Change" value ="20.000000" />
  <attribute name="Current GC Util Change" value="48.000000"/>
  <attribute name="GC Util currently" value="48" />
  <attribute name="CPU Util currently" value="9736340843661" />
<exclusive-end id="1155" timestamp="2019-06-15T00:43:31.741" durationms="6.104" />

<exclusive-start id="1156" timestamp="2019-06-15T00:43:31.844" intervalms="109.136">
  <response-info timems="0.081" idlems="0.081" threads="0" lastid="000000000120C700" lastname="main" />
</exclusive-start>
<allocation-taxation id="1157" taxation-threshold="13631488" timestamp="2019-06-15T00:43:31.845" intervalms="109.150" />
<gc-start id="1158" type="global mark phase" contextid="991" timestamp="2019-06-15T00:43:31.845">
  <mem-info id="1159" free="25165824" total="81788928" percent="30">
    <remembered-set count="37536" freebytes="3323904" totalbytes="3474048" percent="95" regionsoverflowed="0" regionsstable="4" regionsrebuilding="5"/>
  </mem-info>
</gc-start>
<gc-end id="1160" type="global mark phase" contextid="991" durationms="0.113" usertimems="0.000" systemtimems="0.000" timestamp="2019-06-15T00:43:31.845" activeThreads="1">
  <mem-info id="1161" free="25165824" total="81788928" percent="30">
    <remembered-set count="37536" freebytes="3323904" totalbytes="3474048" percent="95" regionsoverflowed="0" regionsstable="4" regionsrebuilding="5"/>
  </mem-info>
</gc-end>
<concurrent-start id="1162" type="GMP work packet processing" contextid="991" timestamp="2019-06-15T00:43:31.845">
  <concurrent-mark-start scanTarget="1048576" />
</concurrent-start>
<exclusive-end id="1163" timestamp="2019-06-15T00:43:31.845" durationms="0.791" />

<concurrent-end id="1164" type="GMP work packet processing" contextid="991" timestamp="2019-06-15T00:43:31.846">
  <concurrent-mark-end bytesScanned="1048084" reasonForTermination="Completed all work in GC phase" />
</concurrent-end>

<exclusive-start id="1165" timestamp="2019-06-15T00:43:32.036" intervalms="191.935">
  <response-info timems="0.036" idlems="0.036" threads="0" lastid="000000000120C700" lastname="main" />
</exclusive-start>
<allocation-taxation id="1166" taxation-threshold="13631488" timestamp="2019-06-15T00:43:32.036" intervalms="191.897" />
<cycle-start id="1167" type="partial gc" contextid="0" timestamp="2019-06-15T00:43:32.037" intervalms="301.022" />
<gc-start id="1168" type="partial gc" contextid="1167" timestamp="2019-06-15T00:43:32.037">
  <mem-info id="1169" free="11534336" total="81788928" percent="14">
    <mem type="eden" free="0" total="27262976" percent="0" />
    <remembered-set count="45344" freebytes="3292672" totalbytes="3474048" percent="94" regionsoverflowed="0" regionsstable="4" regionsrebuilding="5"/>
  </mem-info>
</gc-start>
<allocation-stats totalBytes="27253080" >
  <allocated-bytes non-tlh="0" tlh="27253080" arrayletleaf="0"/>
  <largest-consumer threadName="main" threadId="000000000120C700" bytes="13626672" />
</allocation-stats>
<gc-op id="1170" type="copy forward" timems="2.597" contextid="1167" timestamp="2019-06-15T00:43:32.040">
  <memory-copied type="eden" objects="30" bytes="912" bytesdiscarded="0" />
  <memory-copied type="other" objects="17" bytes="400" bytesdiscarded="0" />
  <memory-cardclean objects="18587" bytes="896928" />
  <regions eden="26" other="1" />
  <remembered-set-cleared processed="32941" cleared="1479" durationms="0.354" />
  <stringconstants candidates="13730" cleared="0"  />
</gc-op>
<gc-op id="1171" type="classunload" timems="0.019" contextid="1167" timestamp="2019-06-15T00:43:32.040">
  <classunload-info classloadercandidates="55" classloadersunloaded="0" classesunloaded="0" anonymousclassesunloaded="0" quiescems="0.000" setupms="0.019" scanms="0.000" postms="0.000" />
</gc-op>
<heap-resize id="1172" type="contract" space="default" amount="4194304" count="1" timems="0.053" reason="insufficient time being spent in gc" timestamp="2019-06-15T00:43:32.041" />
<gc-end id="1173" type="partial gc" contextid="1167" durationms="3.952" usertimems="8.000" systemtimems="0.000" timestamp="2019-06-15T00:43:32.041" activeThreads="1">
  <mem-info id="1174" free="33554432" total="77594624" percent="43">
    <mem type="eden" free="1047664" total="1048576" percent="99" />
    <remembered-set count="38912" freebytes="3109120" totalbytes="3264768" percent="95" regionsoverflowed="0" regionsstable="4" regionsrebuilding="5"/>
  </mem-info>
</gc-end>
<cycle-end id="1175" type="partial gc" contextid="1167" timestamp="2019-06-15T00:43:32.041" />
  <attribute name="elasticGC enabled" value="1" />
  <attribute name= "numThreadsSpecified" value="1" />
  <attribute name="heapSize specified" value="0" />
  <attribute name="Current GC Util" value="44" />
  <attribute name= "Current Time Running" value="71348" />
  <attribute name ="GC Interval" value="0" />
  <attribute name="ProportionalT" value="12.000000" />
  <attribute name="ProportionalI" value="12.000000" />
  <attribute name="ProportionalH" value="12.000000" />
  <attribute name="Current Error" value="24.000000" />
  <attribute name="IntegralT" value="0.000000" />
  <attribute name="IntegralI" value="0.000000" />
  <attribute name="IntegralH" value="0.000000" />
  <attribute name="DerivativeT" value="inf" />
  <attribute name="DerivativeI" value="inf" />
  <attribute name="DerivativeH" value="inf" />
  <attribute name="Loop Time for DT" value="0.000000" />
  <attribute name="Output H" value="8388608"/>
  <attribute name="Output I" value="200"/>
  <attribute name="Output T" value="1"/>
  <attribute name="Target GC Util Change" value ="20.000000" />
  <attribute name="Current GC Util Change" value="44.000000"/>
  <attribute name="GC Util currently" value="44" />
  <attribute name="CPU Util currently" value="9896746630902" />
<exclusive-end id="1176" timestamp="2019-06-15T00:43:32.041" durationms="4.775" />

<exclusive-start id="1177" timestamp="2019-06-15T00:43:32.209" intervalms="172.535">
  <response-info timems="0.043" idlems="0.043" threads="0" lastid="000000000120C700" lastname="main" />
</exclusive-start>
<allocation-taxation id="1178" taxation-threshold="12582912" timestamp="2019-06-15T00:43:32.212" intervalms="175.435" />
<gc-start id="1179" type="global mark phase" contextid="991" timestamp="2019-06-15T00:43:32.212">
  <mem-info id="1180" free="20971520" total="77594624" percent="27">
    <remembered-set count="38720" freebytes="3109888" totalbytes="3264768" percent="95" regionsoverflowed="0" regionsstable="4" regionsrebuilding="5"/>
  </mem-info>
</gc-start>
<gc-op id="1181" type="mark increment" timems="3.072" contextid="991" timestamp="2019-06-15T00:43:32.215">
  <trace-info objectcount="179" scancount="170" scanbytes="348420" />
  <cardclean-info objects="112170" bytes="3150772" />
  <finalization candidates="81" enqueued="1" />
  <ownableSynchronizers candidates="22" cleared="0" />
  <references type="soft" candidates="4645" cleared="0" enqueued="0" dynamicThreshold="13" maxThreshold="32" />
  <references type="weak" candidates="5634" cleared="11" enqueued="6" />
  <references type="phantom" candidates="102" cleared="0" enqueued="0" />
  <stringconstants candidates="13730" cleared="2"  />
</gc-op>
<gc-op id="1182" type="classunload" timems="2.296" contextid="991" timestamp="2019-06-15T00:43:32.218">
  <classunload-info classloadercandidates="55" classloadersunloaded="1" classesunloaded="1" anonymousclassesunloaded="0" quiescems="1.796" setupms="0.471" scanms="1.807" postms="0.018" />
</gc-op>
<gc-end id="1183" type="global mark phase" contextid="991" durationms="5.795" usertimems="12.000" systemtimems="0.000" timestamp="2019-06-15T00:43:32.218" activeThreads="4">
  <mem-info id="1184" free="20971520" total="77594624" percent="27">
    <pending-finalizers system="0" default="1" reference="6" classloader="0" />
    <remembered-set count="47424" freebytes="3075072" totalbytes="3264768" percent="94" regionsoverflowed="0" regionsstable="4" regionsrebuilding="0"/>
  </mem-info>
</gc-end>
<cycle-end id="1185" type="global mark phase" contextid="991" timestamp="2019-06-15T00:43:32.218" />
  <attribute name="elasticGC enabled" value="1" />
  <attribute name= "numThreadsSpecified" value="4" />
  <attribute name="heapSize specified" value="0" />
  <attribute name="Current GC Util" value="92" />
  <attribute name= "Current Time Running" value="71525" />
  <attribute name ="GC Interval" value="0" />
  <attribute name="ProportionalT" value="36.000000" />
  <attribute name="ProportionalI" value="36.000000" />
  <attribute name="ProportionalH" value="36.000000" />
  <attribute name="Current Error" value="72.000000" />
  <attribute name="IntegralT" value="0.000000" />
  <attribute name="IntegralI" value="0.000000" />
  <attribute name="IntegralH" value="0.000000" />
  <attribute name="DerivativeT" value="-inf" />
  <attribute name="DerivativeI" value="-inf" />
  <attribute name="DerivativeH" value="-inf" />
  <attribute name="Loop Time for DT" value="0.000000" />
  <attribute name="Output H" value="2091843584"/>
  <attribute name="Output I" value="200"/>
  <attribute name="Output T" value="4"/>
  <attribute name="Target GC Util Change" value ="20.000000" />
  <attribute name="Current GC Util Change" value="92.000000"/>
  <attribute name="GC Util currently" value="92" />
  <attribute name="CPU Util currently" value="13106891518638" />
<exclusive-end id="1186" timestamp="2019-06-15T00:43:32.218" durationms="9.544" />

<exclusive-start id="1187" timestamp="2019-06-15T00:43:32.363" intervalms="153.882">
  <response-info timems="0.065" idlems="0.065" threads="0" lastid="000000000120C700" lastname="main" />
</exclusive-start>
<allocation-taxation id="1188" taxation-threshold="12582912" timestamp="2019-06-15T00:43:32.363" intervalms="151.041" />
<cycle-start id="1189" type="partial gc" contextid="0" timestamp="2019-06-15T00:43:32.363" intervalms="326.480" />
<gc-start id="1190" type="partial gc" contextid="1189" timestamp="2019-06-15T00:43:32.363">
  <mem-info id="1191" free="8388608" total="77594624" percent="10">
    <mem type="eden" free="0" total="25165824" percent="0" />
    <remembered-set count="29248" freebytes="3147776" totalbytes="3264768" percent="96" regionsoverflowed="0" regionsstable="9" regionsrebuilding="0"/>
  </mem-info>
</gc-start>
<allocation-stats totalBytes="25163280" >
  <allocated-bytes non-tlh="0" tlh="25163280" arrayletleaf="0"/>
  <largest-consumer threadName="main" threadId="000000000120C700" bytes="12577304" />
</allocation-stats>
<gc-op id="1192" type="sweep" timems="0.624" contextid="1189" timestamp="2019-06-15T00:43:32.364" />
<gc-op id="1193" type="copy forward" timems="1.664" contextid="1189" timestamp="2019-06-15T00:43:32.367">
  <memory-copied type="eden" objects="27" bytes="1352" bytesdiscarded="0" />
  <memory-copied type="other" objects="21" bytes="480" bytesdiscarded="0" />
  <memory-cardclean objects="12221" bytes="661216" />
  <regions eden="12" other="4" />
  <remembered-set-cleared processed="25325" cleared="204" durationms="0.185" />
  <stringconstants candidates="13728" cleared="0"  />
</gc-op>
<gc-op id="1194" type="classunload" timems="0.005" contextid="1189" timestamp="2019-06-15T00:43:32.367">
  <classunload-info classloadercandidates="54" classloadersunloaded="0" classesunloaded="0" anonymousclassesunloaded="0" quiescems="0.000" setupms="0.005" scanms="0.000" postms="0.000" />
</gc-op>
<heap-resize id="1195" type="contract" space="default" amount="4194304" count="1" timems="0.320" reason="insufficient time being spent in gc" timestamp="2019-06-15T00:43:32.367" />
<gc-end id="1196" type="partial gc" contextid="1189" durationms="4.068" usertimems="12.000" systemtimems="0.000" timestamp="2019-06-15T00:43:32.367" activeThreads="4">
  <mem-info id="1197" free="28311552" total="73400320" percent="38">
    <mem type="eden" free="1047064" total="1048576" percent="99" />
    <remembered-set count="29056" freebytes="2981120" totalbytes="3097344" percent="96" regionsoverflowed="0" regionsstable="9" regionsrebuilding="0"/>
  </mem-info>
</gc-end>
<cycle-end id="1198" type="partial gc" contextid="1189" timestamp="2019-06-15T00:43:32.368" />
  <attribute name="elasticGC enabled" value="1" />
  <attribute name= "numThreadsSpecified" value="4" />
  <attribute name="heapSize specified" value="0" />
  <attribute name="Current GC Util" value="31" />
  <attribute name= "Current Time Running" value="71675" />
  <attribute name ="GC Interval" value="0" />
  <attribute name="ProportionalT" value="5.500000" />
  <attribute name="ProportionalI" value="5.500000" />
  <attribute name="ProportionalH" value="5.500000" />
  <attribute name="Current Error" value="11.000000" />
  <attribute name="IntegralT" value="0.000000" />
  <attribute name="IntegralI" value="0.000000" />
  <attribute name="IntegralH" value="0.000000" />
  <attribute name="DerivativeT" value="-inf" />
  <attribute name="DerivativeI" value="-inf" />
  <attribute name="DerivativeH" value="-inf" />
  <attribute name="Loop Time for DT" value="0.000000" />
  <attribute name="Output H" value="2091843584"/>
  <attribute name="Output I" value="200"/>
  <attribute name="Output T" value="4"/>
  <attribute name="Target GC Util Change" value ="20.000000" />
  <attribute name="Current GC Util Change" value="31.000000"/>
  <attribute name="GC Util currently" value="31" />
  <attribute name="CPU Util currently" value="11702767021154" />
<exclusive-end id="1199" timestamp="2019-06-15T00:43:32.368" durationms="5.052" />

<exclusive-start id="1200" timestamp="2019-06-15T00:43:32.486" intervalms="123.278">
  <response-info timems="0.034" idlems="0.034" threads="0" lastid="000000000120C700" lastname="main" />
</exclusive-start>
<allocation-taxation id="1201" taxation-threshold="12582912" timestamp="2019-06-15T00:43:32.486" intervalms="123.319" />
<cycle-start id="1202" type="global mark phase" contextid="0" timestamp="2019-06-15T00:43:32.486" intervalms="2442.824" />
<gc-start id="1203" type="global mark phase" contextid="1202" timestamp="2019-06-15T00:43:32.487">
  <mem-info id="1204" free="15728640" total="73400320" percent="21">
    <remembered-set count="28992" freebytes="2981376" totalbytes="3097344" percent="96" regionsoverflowed="0" regionsstable="9" regionsrebuilding="0"/>
  </mem-info>
</gc-start>
<gc-op id="1205" type="mark increment" timems="1.202" contextid="1202" timestamp="2019-06-15T00:43:32.488">
  <trace-info objectcount="11842" scancount="5202" scanbytes="192992" />
</gc-op>
<gc-end id="1206" type="global mark phase" contextid="1202" durationms="1.322" usertimems="4.000" systemtimems="0.000" timestamp="2019-06-15T00:43:32.488" activeThreads="4">
  <mem-info id="1207" free="15728640" total="73400320" percent="21">
    <remembered-set count="30528" freebytes="2975232" totalbytes="3097344" percent="96" regionsoverflowed="0" regionsstable="0" regionsrebuilding="9"/>
  </mem-info>
</gc-end>
<concurrent-start id="1208" type="GMP work packet processing" contextid="1202" timestamp="2019-06-15T00:43:32.488">
  <concurrent-mark-start scanTarget="1669299" />
</concurrent-start>
<exclusive-end id="1209" timestamp="2019-06-15T00:43:32.488" durationms="1.986" />

<concurrent-end id="1210" type="GMP work packet processing" contextid="1202" timestamp="2019-06-15T00:43:32.492">
  <concurrent-mark-end bytesScanned="1675288" reasonForTermination="Work target met" />
</concurrent-end>

<exclusive-start id="1211" timestamp="2019-06-15T00:43:32.593" intervalms="107.289">
  <response-info timems="0.037" idlems="0.037" threads="0" lastid="000000000120C700" lastname="main" />
</exclusive-start>
<allocation-taxation id="1212" taxation-threshold="12582912" timestamp="2019-06-15T00:43:32.593" intervalms="107.177" />
<cycle-start id="1213" type="partial gc" contextid="0" timestamp="2019-06-15T00:43:32.594" intervalms="230.496" />
<gc-start id="1214" type="partial gc" contextid="1213" timestamp="2019-06-15T00:43:32.594">
  <mem-info id="1215" free="3145728" total="73400320" percent="4">
    <mem type="eden" free="0" total="25165824" percent="0" />
    <remembered-set count="31904" freebytes="2969728" totalbytes="3097344" percent="95" regionsoverflowed="0" regionsstable="0" regionsrebuilding="9"/>
  </mem-info>
</gc-start>
<allocation-stats totalBytes="25162000" >
  <allocated-bytes non-tlh="0" tlh="25162000" arrayletleaf="0"/>
  <largest-consumer threadName="main" threadId="000000000120C700" bytes="12581656" />
</allocation-stats>
<gc-op id="1216" type="copy forward" timems="7.426" contextid="1213" timestamp="2019-06-15T00:43:32.602">
  <memory-copied type="eden" objects="3" bytes="88" bytesdiscarded="0" />
  <memory-copied type="other" objects="27119" bytes="764168" bytesdiscarded="0" />
  <memory-cardclean objects="56607" bytes="2175144" />
  <regions eden="24" other="15" />
  <remembered-set-cleared processed="23620" cleared="4389" durationms="0.296" />
  <references type="soft" candidates="1456" cleared="0" enqueued="0" dynamicThreshold="6" maxThreshold="32" />
  <references type="weak" candidates="145" cleared="0" enqueued="0" />
  <stringconstants candidates="13728" cleared="0"  />
  <heap-resize type="expand" space="default" amount="1048576" count="1" timems="0.050" reason="continue current collection" />
</gc-op>
<gc-op id="1217" type="classunload" timems="0.006" contextid="1213" timestamp="2019-06-15T00:43:32.602">
  <classunload-info classloadercandidates="54" classloadersunloaded="0" classesunloaded="0" anonymousclassesunloaded="0" quiescems="0.000" setupms="0.006" scanms="0.000" postms="0.000" />
</gc-op>
<heap-resize id="1218" type="contract" space="default" amount="4194304" count="1" timems="0.261" reason="insufficient time being spent in gc" timestamp="2019-06-15T00:43:32.603" />
<gc-end id="1219" type="partial gc" contextid="1213" durationms="8.860" usertimems="20.000" systemtimems="0.000" timestamp="2019-06-15T00:43:32.603" activeThreads="1">
  <mem-info id="1220" free="36700160" total="70254592" percent="52">
    <mem type="eden" free="1048488" total="1048576" percent="99" />
    <remembered-set count="31872" freebytes="2844288" totalbytes="2971776" percent="95" regionsoverflowed="0" regionsstable="0" regionsrebuilding="9"/>
  </mem-info>
</gc-end>
<cycle-end id="1221" type="partial gc" contextid="1213" timestamp="2019-06-15T00:43:32.603" />
  <attribute name="elasticGC enabled" value="1" />
  <attribute name= "numThreadsSpecified" value="1" />
  <attribute name="heapSize specified" value="0" />
  <attribute name="Current GC Util" value="41" />
  <attribute name= "Current Time Running" value="71905" />
  <attribute name ="GC Interval" value="0" />
  <attribute name="ProportionalT" value="10.500000" />
  <attribute name="ProportionalI" value="10.500000" />
  <attribute name="ProportionalH" value="10.500000" />
  <attribute name="Current Error" value="21.000000" />
  <attribute name="IntegralT" value="0.000000" />
  <attribute name="IntegralI" value="0.000000" />
  <attribute name="IntegralH" value="0.000000" />
  <attribute name="DerivativeT" value="inf" />
  <attribute name="DerivativeI" value="inf" />
  <attribute name="DerivativeH" value="inf" />
  <attribute name="Loop Time for DT" value="0.000000" />
  <attribute name="Output H" value="8388608"/>
  <attribute name="Output I" value="200"/>
  <attribute name="Output T" value="1"/>
  <attribute name="Target GC Util Change" value ="20.000000" />
  <attribute name="Current GC Util Change" value="41.000000"/>
  <attribute name="GC Util currently" value="41" />
  <attribute name="CPU Util currently" value="10720263873802" />
<exclusive-end id="1222" timestamp="2019-06-15T00:43:32.603" durationms="9.709" />

<exclusive-start id="1223" timestamp="2019-06-15T00:43:32.780" intervalms="186.921">
  <response-info timems="0.043" idlems="0.043" threads="0" lastid="000000000120C700" lastname="main" />
</exclusive-start>
<allocation-taxation id="1224" taxation-threshold="11534336" timestamp="2019-06-15T00:43:32.780" intervalms="186.984" />
<gc-start id="1225" type="global mark phase" contextid="1202" timestamp="2019-06-15T00:43:32.781">
  <mem-info id="1226" free="25165824" total="70254592" percent="35">
    <remembered-set count="31648" freebytes="2845184" totalbytes="2971776" percent="95" regionsoverflowed="0" regionsstable="0" regionsrebuilding="9"/>
  </mem-info>
</gc-start>
<gc-end id="1227" type="global mark phase" contextid="1202" durationms="0.108" usertimems="0.000" systemtimems="0.000" timestamp="2019-06-15T00:43:32.781" activeThreads="1">
  <mem-info id="1228" free="25165824" total="70254592" percent="35">
    <remembered-set count="31648" freebytes="2845184" totalbytes="2971776" percent="95" regionsoverflowed="0" regionsstable="0" regionsrebuilding="9"/>
  </mem-info>
</gc-end>
<concurrent-start id="1229" type="GMP work packet processing" contextid="1202" timestamp="2019-06-15T00:43:32.781">
  <concurrent-mark-start scanTarget="1669299" />
</concurrent-start>
<concurrent-end id="1230" type="GMP work packet processing" contextid="1202" timestamp="2019-06-15T00:43:32.782">
  <concurrent-mark-end bytesScanned="1713356" reasonForTermination="Work target met" />
</concurrent-end>

<exclusive-end id="1231" timestamp="2019-06-15T00:43:32.782" durationms="2.001" />

<exclusive-start id="1232" timestamp="2019-06-15T00:43:33.024" intervalms="244.205">
  <response-info timems="0.066" idlems="0.066" threads="0" lastid="000000000120C700" lastname="main" />
</exclusive-start>
<allocation-taxation id="1233" taxation-threshold="11534336" timestamp="2019-06-15T00:43:33.025" intervalms="244.148" />
<cycle-start id="1234" type="partial gc" contextid="0" timestamp="2019-06-15T00:43:33.025" intervalms="431.175" />
<gc-start id="1235" type="partial gc" contextid="1234" timestamp="2019-06-15T00:43:33.025">
  <mem-info id="1236" free="13631488" total="70254592" percent="19">
    <mem type="eden" free="1048488" total="24117248" percent="4" />
    <remembered-set count="35104" freebytes="2831360" totalbytes="2971776" percent="95" regionsoverflowed="0" regionsstable="0" regionsrebuilding="9"/>
  </mem-info>
</gc-start>
<allocation-stats totalBytes="23067744" >
  <allocated-bytes non-tlh="0" tlh="23067744" arrayletleaf="0"/>
  <largest-consumer threadName="main" threadId="000000000120C700" bytes="11533760" />
</allocation-stats>
<gc-op id="1237" type="copy forward" timems="7.580" contextid="1234" timestamp="2019-06-15T00:43:33.033">
  <memory-copied type="eden" objects="35" bytes="968" bytesdiscarded="0" />
  <memory-copied type="other" objects="32433" bytes="1350560" bytesdiscarded="152" />
  <memory-cardclean objects="58461" bytes="2098104" />
  <regions eden="22" other="5" />
  <remembered-set-cleared processed="27694" cleared="5644" durationms="0.339" />
  <ownableSynchronizers candidates="16" cleared="0" />
  <references type="soft" candidates="1590" cleared="0" enqueued="0" dynamicThreshold="11" maxThreshold="32" />
  <references type="weak" candidates="340" cleared="0" enqueued="0" />
  <references type="phantom" candidates="27" cleared="0" enqueued="0" />
  <stringconstants candidates="13728" cleared="0"  />
</gc-op>
<gc-op id="1238" type="classunload" timems="0.005" contextid="1234" timestamp="2019-06-15T00:43:33.034">
  <classunload-info classloadercandidates="54" classloadersunloaded="0" classesunloaded="0" anonymousclassesunloaded="0" quiescems="0.000" setupms="0.005" scanms="0.000" postms="0.000" />
</gc-op>
<heap-resize id="1239" type="contract" space="default" amount="4194304" count="1" timems="0.312" reason="insufficient time being spent in gc" timestamp="2019-06-15T00:43:33.034" />
<gc-end id="1240" type="partial gc" contextid="1234" durationms="9.307" usertimems="12.000" systemtimems="0.000" timestamp="2019-06-15T00:43:33.034" activeThreads="1">
  <mem-info id="1241" free="33554432" total="66060288" percent="50">
    <mem type="eden" free="1047608" total="1048576" percent="99" />
    <remembered-set count="36256" freebytes="2659328" totalbytes="2804352" percent="94" regionsoverflowed="0" regionsstable="0" regionsrebuilding="9"/>
  </mem-info>
</gc-end>
<cycle-end id="1242" type="partial gc" contextid="1234" timestamp="2019-06-15T00:43:33.035" />
  <attribute name="elasticGC enabled" value="1" />
  <attribute name= "numThreadsSpecified" value="1" />
  <attribute name="heapSize specified" value="0" />
  <attribute name="Current GC Util" value="49" />
  <attribute name= "Current Time Running" value="72336" />
  <attribute name ="GC Interval" value="0" />
  <attribute name="ProportionalT" value="14.500000" />
  <attribute name="ProportionalI" value="14.500000" />
  <attribute name="ProportionalH" value="14.500000" />
  <attribute name="Current Error" value="29.000000" />
  <attribute name="IntegralT" value="0.000000" />
  <attribute name="IntegralI" value="0.000000" />
  <attribute name="IntegralH" value="0.000000" />
  <attribute name="DerivativeT" value="inf" />
  <attribute name="DerivativeI" value="inf" />
  <attribute name="DerivativeH" value="inf" />
  <attribute name="Loop Time for DT" value="0.000000" />
  <attribute name="Output H" value="8388608"/>
  <attribute name="Output I" value="200"/>
  <attribute name="Output T" value="1"/>
  <attribute name="Target GC Util Change" value ="20.000000" />
  <attribute name="Current GC Util Change" value="49.000000"/>
  <attribute name="GC Util currently" value="49" />
  <attribute name="CPU Util currently" value="9848726741112" />
<exclusive-end id="1243" timestamp="2019-06-15T00:43:33.035" durationms="10.349" />

<exclusive-start id="1244" timestamp="2019-06-15T00:43:33.540" intervalms="515.779">
  <response-info timems="0.040" idlems="0.040" threads="0" lastid="000000000120C700" lastname="main" />
</exclusive-start>
<allocation-taxation id="1245" taxation-threshold="11534336" timestamp="2019-06-15T00:43:33.540" intervalms="515.787" />
<gc-start id="1246" type="global mark phase" contextid="1202" timestamp="2019-06-15T00:43:33.540">
  <mem-info id="1247" free="22020096" total="66060288" percent="33">
    <remembered-set count="34208" freebytes="2667520" totalbytes="2804352" percent="95" regionsoverflowed="0" regionsstable="2" regionsrebuilding="9"/>
  </mem-info>
</gc-start>
<gc-end id="1248" type="global mark phase" contextid="1202" durationms="0.065" usertimems="0.000" systemtimems="0.000" timestamp="2019-06-15T00:43:33.541" activeThreads="1">
  <mem-info id="1249" free="22020096" total="66060288" percent="33">
    <remembered-set count="34208" freebytes="2667520" totalbytes="2804352" percent="95" regionsoverflowed="0" regionsstable="2" regionsrebuilding="9"/>
  </mem-info>
</gc-end>
<concurrent-start id="1250" type="GMP work packet processing" contextid="1202" timestamp="2019-06-15T00:43:33.541">
  <concurrent-mark-start scanTarget="2086624" />
</concurrent-start>
<concurrent-end id="1251" type="GMP work packet processing" contextid="1202" timestamp="2019-06-15T00:43:33.542">
  <concurrent-mark-end bytesScanned="2140332" reasonForTermination="Work target met" />
</concurrent-end>

<exclusive-end id="1252" timestamp="2019-06-15T00:43:33.542" durationms="1.924" />

<exclusive-start id="1253" timestamp="2019-06-15T00:43:33.979" intervalms="439.156">
  <response-info timems="0.292" idlems="0.292" threads="0" lastid="000000000120C700" lastname="main" />
</exclusive-start>
<allocation-taxation id="1254" taxation-threshold="11534336" timestamp="2019-06-15T00:43:33.980" intervalms="439.208" />
<cycle-start id="1255" type="partial gc" contextid="0" timestamp="2019-06-15T00:43:33.980" intervalms="955.033" />
<gc-start id="1256" type="partial gc" contextid="1255" timestamp="2019-06-15T00:43:33.980">
  <mem-info id="1257" free="10485760" total="66060288" percent="15">
    <mem type="eden" free="0" total="23068672" percent="0" />
    <remembered-set count="39456" freebytes="2646528" totalbytes="2804352" percent="94" regionsoverflowed="0" regionsstable="2" regionsrebuilding="9"/>
  </mem-info>
</gc-start>
<allocation-stats totalBytes="23049944" >
  <allocated-bytes non-tlh="0" tlh="23049944" arrayletleaf="0"/>
  <largest-consumer threadName="main" threadId="000000000120C700" bytes="11533648" />
</allocation-stats>
<gc-op id="1258" type="copy forward" timems="5.722" contextid="1255" timestamp="2019-06-15T00:43:33.987">
  <memory-copied type="eden" objects="46" bytes="1232" bytesdiscarded="0" />
  <memory-copied type="other" objects="52454" bytes="1224944" bytesdiscarded="128" />
  <memory-cardclean objects="5083" bytes="551992" />
  <regions eden="22" other="4" />
  <remembered-set-cleared processed="36959" cleared="2968" durationms="0.376" />
  <references type="weak" candidates="2" cleared="0" enqueued="0" />
  <stringconstants candidates="13728" cleared="0"  />
</gc-op>
<gc-op id="1259" type="classunload" timems="0.006" contextid="1255" timestamp="2019-06-15T00:43:33.987">
  <classunload-info classloadercandidates="54" classloadersunloaded="0" classesunloaded="0" anonymousclassesunloaded="0" quiescems="0.000" setupms="0.006" scanms="0.000" postms="0.000" />
</gc-op>
<heap-resize id="1260" type="contract" space="default" amount="4194304" count="1" timems="0.289" reason="insufficient time being spent in gc" timestamp="2019-06-15T00:43:33.987" />
<gc-end id="1261" type="partial gc" contextid="1255" durationms="7.528" usertimems="12.000" systemtimems="0.000" timestamp="2019-06-15T00:43:33.988" activeThreads="1">
  <mem-info id="1262" free="29360128" total="61865984" percent="47">
    <mem type="eden" free="1047344" total="1048576" percent="99" />
    <remembered-set count="39168" freebytes="2480256" totalbytes="2636928" percent="94" regionsoverflowed="0" regionsstable="2" regionsrebuilding="9"/>
  </mem-info>
</gc-end>
<cycle-end id="1263" type="partial gc" contextid="1255" timestamp="2019-06-15T00:43:33.988" />
  <attribute name="elasticGC enabled" value="1" />
  <attribute name= "numThreadsSpecified" value="1" />
  <attribute name="heapSize specified" value="0" />
  <attribute name="Current GC Util" value="37" />
  <attribute name= "Current Time Running" value="73291" />
  <attribute name ="GC Interval" value="0" />
  <attribute name="ProportionalT" value="8.500000" />
  <attribute name="ProportionalI" value="8.500000" />
  <attribute name="ProportionalH" value="8.500000" />
  <attribute name="Current Error" value="17.000000" />
  <attribute name="IntegralT" value="0.000000" />
  <attribute name="IntegralI" value="0.000000" />
  <attribute name="IntegralH" value="0.000000" />
  <attribute name="DerivativeT" value="inf" />
  <attribute name="DerivativeI" value="inf" />
  <attribute name="DerivativeH" value="inf" />
  <attribute name="Loop Time for DT" value="0.000000" />
  <attribute name="Output H" value="8388608"/>
  <attribute name="Output I" value="200"/>
  <attribute name="Output T" value="1"/>
  <attribute name="Target GC Util Change" value ="20.000000" />
  <attribute name="Current GC Util Change" value="37.000000"/>
  <attribute name="GC Util currently" value="37" />
  <attribute name="CPU Util currently" value="10342190113836" />
<exclusive-end id="1264" timestamp="2019-06-15T00:43:33.988" durationms="8.721" />

<exclusive-start id="1265" timestamp="2019-06-15T00:43:34.163" intervalms="183.789">
  <response-info timems="1.438" idlems="0.422" threads="3" lastid="0000000001217B00" lastname="JIT Compilation Thread-2" />
</exclusive-start>
<allocation-taxation id="1266" taxation-threshold="10485760" timestamp="2019-06-15T00:43:34.163" intervalms="183.822" />
<gc-start id="1267" type="global mark phase" contextid="1202" timestamp="2019-06-15T00:43:34.164">
  <mem-info id="1268" free="18874368" total="61865984" percent="30">
    <remembered-set count="38624" freebytes="2482432" totalbytes="2636928" percent="94" regionsoverflowed="0" regionsstable="3" regionsrebuilding="9"/>
  </mem-info>
</gc-start>
<gc-end id="1269" type="global mark phase" contextid="1202" durationms="0.260" usertimems="0.000" systemtimems="0.000" timestamp="2019-06-15T00:43:34.164" activeThreads="1">
  <mem-info id="1270" free="18874368" total="61865984" percent="30">
    <remembered-set count="38624" freebytes="2482432" totalbytes="2636928" percent="94" regionsoverflowed="0" regionsstable="3" regionsrebuilding="9"/>
  </mem-info>
</gc-end>
<concurrent-start id="1271" type="GMP work packet processing" contextid="1202" timestamp="2019-06-15T00:43:34.164">
  <concurrent-mark-start scanTarget="2921273" />
</concurrent-start>
<exclusive-end id="1272" timestamp="2019-06-15T00:43:34.166" durationms="3.253" />

<concurrent-end id="1273" type="GMP work packet processing" contextid="1202" timestamp="2019-06-15T00:43:34.167">
  <concurrent-mark-end bytesScanned="2988068" reasonForTermination="Work target met" />
</concurrent-end>

<exclusive-start id="1274" timestamp="2019-06-15T00:43:34.236" intervalms="73.195">
  <response-info timems="0.064" idlems="0.064" threads="0" lastid="000000000120C700" lastname="main" />
</exclusive-start>
<allocation-taxation id="1275" taxation-threshold="10485760" timestamp="2019-06-15T00:43:34.237" intervalms="73.153" />
<cycle-start id="1276" type="partial gc" contextid="0" timestamp="2019-06-15T00:43:34.237" intervalms="256.978" />
<gc-start id="1277" type="partial gc" contextid="1276" timestamp="2019-06-15T00:43:34.237">
  <mem-info id="1278" free="8388608" total="61865984" percent="13">
    <mem type="eden" free="0" total="20971520" percent="0" />
    <remembered-set count="41280" freebytes="2471808" totalbytes="2636928" percent="93" regionsoverflowed="0" regionsstable="3" regionsrebuilding="9"/>
  </mem-info>
</gc-start>
<allocation-stats totalBytes="20969872" >
  <allocated-bytes non-tlh="0" tlh="20969872" arrayletleaf="0"/>
  <largest-consumer threadName="main" threadId="000000000120C700" bytes="10484904" />
</allocation-stats>
<gc-op id="1279" type="copy forward" timems="11.117" contextid="1276" timestamp="2019-06-15T00:43:34.249">
  <memory-copied type="eden" objects="32" bytes="936" bytesdiscarded="0" />
  <memory-copied type="other" objects="16113" bytes="757136" bytesdiscarded="376" />
  <memory-cardclean objects="142852" bytes="4338104" />
  <regions eden="20" other="4" />
  <remembered-set-cleared processed="24944" cleared="11039" durationms="0.343" />
  <finalization candidates="13" enqueued="0" />
  <references type="soft" candidates="49" cleared="0" enqueued="0" dynamicThreshold="9" maxThreshold="32" />
  <references type="weak" candidates="148" cleared="0" enqueued="0" />
  <references type="phantom" candidates="56" cleared="0" enqueued="0" />
  <stringconstants candidates="13728" cleared="0"  />
</gc-op>
<gc-op id="1280" type="classunload" timems="0.005" contextid="1276" timestamp="2019-06-15T00:43:34.249">
  <classunload-info classloadercandidates="54" classloadersunloaded="0" classesunloaded="0" anonymousclassesunloaded="0" quiescems="0.000" setupms="0.004" scanms="0.000" postms="0.000" />
</gc-op>
<heap-resize id="1281" type="contract" space="default" amount="3145728" count="1" timems="0.246" reason="insufficient time being spent in gc" timestamp="2019-06-15T00:43:34.250" />
<gc-end id="1282" type="partial gc" contextid="1276" durationms="12.861" usertimems="4.000" systemtimems="12.000" timestamp="2019-06-15T00:43:34.250" activeThreads="1">
  <mem-info id="1283" free="27262976" total="58720256" percent="46">
    <mem type="eden" free="1047640" total="1048576" percent="99" />
    <remembered-set count="36192" freebytes="2324736" totalbytes="2469504" percent="94" regionsoverflowed="0" regionsstable="3" regionsrebuilding="9"/>
  </mem-info>
</gc-end>
<cycle-end id="1284" type="partial gc" contextid="1276" timestamp="2019-06-15T00:43:34.250" />
  <attribute name="elasticGC enabled" value="1" />
  <attribute name= "numThreadsSpecified" value="1" />
  <attribute name="heapSize specified" value="0" />
  <attribute name="Current GC Util" value="49" />
  <attribute name= "Current Time Running" value="73548" />
  <attribute name ="GC Interval" value="0" />
  <attribute name="ProportionalT" value="14.500000" />
  <attribute name="ProportionalI" value="14.500000" />
  <attribute name="ProportionalH" value="14.500000" />
  <attribute name="Current Error" value="29.000000" />
  <attribute name="IntegralT" value="0.000000" />
  <attribute name="IntegralI" value="0.000000" />
  <attribute name="IntegralH" value="0.000000" />
  <attribute name="DerivativeT" value="inf" />
  <attribute name="DerivativeI" value="inf" />
  <attribute name="DerivativeH" value="inf" />
  <attribute name="Loop Time for DT" value="0.000000" />
  <attribute name="Output H" value="8388608"/>
  <attribute name="Output I" value="200"/>
  <attribute name="Output T" value="1"/>
  <attribute name="Target GC Util Change" value ="20.000000" />
  <attribute name="Current GC Util Change" value="49.000000"/>
  <attribute name="GC Util currently" value="49" />
  <attribute name="CPU Util currently" value="10410901925771" />
<exclusive-end id="1285" timestamp="2019-06-15T00:43:34.250" durationms="14.122" />

<exclusive-start id="1286" timestamp="2019-06-15T00:43:34.289" intervalms="52.994">
  <response-info timems="0.030" idlems="0.030" threads="0" lastid="000000000120C700" lastname="main" />
</exclusive-start>
<allocation-taxation id="1287" taxation-threshold="10485760" timestamp="2019-06-15T00:43:34.290" intervalms="52.945" />
<gc-start id="1288" type="global mark phase" contextid="1202" timestamp="2019-06-15T00:43:34.290">
  <mem-info id="1289" free="16777216" total="58720256" percent="28">
    <remembered-set count="35968" freebytes="2325632" totalbytes="2469504" percent="94" regionsoverflowed="0" regionsstable="3" regionsrebuilding="9"/>
  </mem-info>
</gc-start>
<gc-end id="1290" type="global mark phase" contextid="1202" durationms="0.140" usertimems="0.000" systemtimems="0.000" timestamp="2019-06-15T00:43:34.290" activeThreads="1">
  <mem-info id="1291" free="16777216" total="58720256" percent="28">
    <remembered-set count="35968" freebytes="2325632" totalbytes="2469504" percent="94" regionsoverflowed="0" regionsstable="3" regionsrebuilding="9"/>
  </mem-info>
</gc-end>
<concurrent-start id="1292" type="GMP work packet processing" contextid="1202" timestamp="2019-06-15T00:43:34.290">
  <concurrent-mark-start scanTarget="2921273" />
</concurrent-start>
<concurrent-end id="1293" type="GMP work packet processing" contextid="1202" timestamp="2019-06-15T00:43:34.292">
  <concurrent-mark-end bytesScanned="2961132" reasonForTermination="Work target met" />
</concurrent-end>

<exclusive-end id="1294" timestamp="2019-06-15T00:43:34.292" durationms="2.471" />

<exclusive-start id="1295" timestamp="2019-06-15T00:43:34.342" intervalms="52.845">
  <response-info timems="0.087" idlems="0.087" threads="0" lastid="000000000120C700" lastname="main" />
</exclusive-start>
<allocation-taxation id="1296" taxation-threshold="10485760" timestamp="2019-06-15T00:43:34.342" intervalms="52.883" />
<cycle-start id="1297" type="partial gc" contextid="0" timestamp="2019-06-15T00:43:34.343" intervalms="105.803" />
<gc-start id="1298" type="partial gc" contextid="1297" timestamp="2019-06-15T00:43:34.343">
  <mem-info id="1299" free="6291456" total="58720256" percent="10">
    <mem type="eden" free="0" total="20971520" percent="0" />
    <remembered-set count="49536" freebytes="2271360" totalbytes="2469504" percent="91" regionsoverflowed="0" regionsstable="3" regionsrebuilding="9"/>
  </mem-info>
</gc-start>
<allocation-stats totalBytes="20970152" >
  <allocated-bytes non-tlh="0" tlh="20970152" arrayletleaf="0"/>
  <largest-consumer threadName="main" threadId="000000000120C700" bytes="10485136" />
</allocation-stats>
<gc-op id="1300" type="copy forward" timems="6.627" contextid="1297" timestamp="2019-06-15T00:43:34.350">
  <memory-copied type="eden" objects="27" bytes="848" bytesdiscarded="0" />
  <memory-copied type="other" objects="44" bytes="1200" bytesdiscarded="0" />
  <memory-cardclean objects="89686" bytes="2996608" />
  <regions eden="20" other="2" />
  <remembered-set-cleared processed="39138" cleared="10421" durationms="0.454" />
  <stringconstants candidates="13728" cleared="0"  />
</gc-op>
<gc-op id="1301" type="classunload" timems="0.020" contextid="1297" timestamp="2019-06-15T00:43:34.350">
  <classunload-info classloadercandidates="54" classloadersunloaded="0" classesunloaded="0" anonymousclassesunloaded="0" quiescems="0.000" setupms="0.020" scanms="0.000" postms="0.000" />
</gc-op>
<gc-end id="1302" type="partial gc" contextid="1297" durationms="7.838" usertimems="12.000" systemtimems="0.000" timestamp="2019-06-15T00:43:34.351" activeThreads="1">
  <mem-info id="1303" free="26214400" total="58720256" percent="44">
    <mem type="eden" free="1047728" total="1048576" percent="99" />
    <remembered-set count="44288" freebytes="2166784" totalbytes="2343936" percent="92" regionsoverflowed="0" regionsstable="3" regionsrebuilding="9"/>
  </mem-info>
</gc-end>
<cycle-end id="1304" type="partial gc" contextid="1297" timestamp="2019-06-15T00:43:34.351" />
  <attribute name="elasticGC enabled" value="1" />
  <attribute name= "numThreadsSpecified" value="1" />
  <attribute name="heapSize specified" value="0" />
  <attribute name="Current GC Util" value="48" />
  <attribute name= "Current Time Running" value="73654" />
  <attribute name ="GC Interval" value="0" />
  <attribute name="ProportionalT" value="14.000000" />
  <attribute name="ProportionalI" value="14.000000" />
  <attribute name="ProportionalH" value="14.000000" />
  <attribute name="Current Error" value="28.000000" />
  <attribute name="IntegralT" value="0.000000" />
  <attribute name="IntegralI" value="0.000000" />
  <attribute name="IntegralH" value="0.000000" />
  <attribute name="DerivativeT" value="inf" />
  <attribute name="DerivativeI" value="inf" />
  <attribute name="DerivativeH" value="inf" />
  <attribute name="Loop Time for DT" value="0.000000" />
  <attribute name="Output H" value="8388608"/>
  <attribute name="Output I" value="200"/>
  <attribute name="Output T" value="1"/>
  <attribute name="Target GC Util Change" value ="20.000000" />
  <attribute name="Current GC Util Change" value="48.000000"/>
  <attribute name="GC Util currently" value="48" />
  <attribute name="CPU Util currently" value="12316550471239" />
<exclusive-end id="1305" timestamp="2019-06-15T00:43:34.351" durationms="8.949" />

<exclusive-start id="1306" timestamp="2019-06-15T00:43:34.409" intervalms="67.045">
  <response-info timems="0.093" idlems="0.093" threads="0" lastid="000000000120C700" lastname="main" />
</exclusive-start>
<allocation-taxation id="1307" taxation-threshold="10485760" timestamp="2019-06-15T00:43:34.409" intervalms="67.070" />
<gc-start id="1308" type="global mark phase" contextid="1202" timestamp="2019-06-15T00:43:34.410">
  <mem-info id="1309" free="15728640" total="58720256" percent="26">
    <remembered-set count="44096" freebytes="2167552" totalbytes="2343936" percent="92" regionsoverflowed="0" regionsstable="3" regionsrebuilding="9"/>
  </mem-info>
</gc-start>
<gc-end id="1310" type="global mark phase" contextid="1202" durationms="0.159" usertimems="0.000" systemtimems="0.000" timestamp="2019-06-15T00:43:34.410" activeThreads="1">
  <mem-info id="1311" free="15728640" total="58720256" percent="26">
    <remembered-set count="44096" freebytes="2167552" totalbytes="2343936" percent="92" regionsoverflowed="0" regionsstable="3" regionsrebuilding="9"/>
  </mem-info>
</gc-end>
<concurrent-start id="1312" type="GMP work packet processing" contextid="1202" timestamp="2019-06-15T00:43:34.410">
  <concurrent-mark-start scanTarget="2921273" />
</concurrent-start>
<concurrent-end id="1313" type="GMP work packet processing" contextid="1202" timestamp="2019-06-15T00:43:34.412">
  <concurrent-mark-end bytesScanned="1850464" reasonForTermination="Completed all work in GC phase" />
</concurrent-end>

<exclusive-end id="1314" timestamp="2019-06-15T00:43:34.412" durationms="2.330" />

<exclusive-start id="1315" timestamp="2019-06-15T00:43:34.470" intervalms="60.555">
  <response-info timems="0.202" idlems="0.202" threads="0" lastid="000000000120C700" lastname="main" />
</exclusive-start>
<allocation-taxation id="1316" taxation-threshold="10485760" timestamp="2019-06-15T00:43:34.470" intervalms="60.539" />
<cycle-start id="1317" type="partial gc" contextid="0" timestamp="2019-06-15T00:43:34.470" intervalms="127.614" />
<gc-start id="1318" type="partial gc" contextid="1317" timestamp="2019-06-15T00:43:34.471">
  <mem-info id="1319" free="5242880" total="58720256" percent="8">
    <mem type="eden" free="0" total="20971520" percent="0" />
    <remembered-set count="60480" freebytes="2102016" totalbytes="2343936" percent="89" regionsoverflowed="0" regionsstable="3" regionsrebuilding="9"/>
  </mem-info>
</gc-start>
<allocation-stats totalBytes="20969960" >
  <allocated-bytes non-tlh="0" tlh="20969960" arrayletleaf="0"/>
  <largest-consumer threadName="main" threadId="000000000120C700" bytes="10484992" />
</allocation-stats>
<gc-op id="1320" type="copy forward" timems="3.506" contextid="1317" timestamp="2019-06-15T00:43:34.475">
  <memory-copied type="eden" objects="11" bytes="304" bytesdiscarded="0" />
  <memory-copied type="other" objects="77" bytes="2280" bytesdiscarded="1304" />
  <memory-cardclean objects="80" bytes="11872" />
  <regions eden="20" other="2" />
  <remembered-set-cleared processed="58754" cleared="67" durationms="0.225" />
  <references type="weak" candidates="32" cleared="0" enqueued="0" />
  <stringconstants candidates="13728" cleared="0"  />
</gc-op>
<gc-op id="1321" type="classunload" timems="0.004" contextid="1317" timestamp="2019-06-15T00:43:34.475">
  <classunload-info classloadercandidates="54" classloadersunloaded="0" classesunloaded="0" anonymousclassesunloaded="0" quiescems="0.000" setupms="0.004" scanms="0.000" postms="0.000" />
</gc-op>
<gc-end id="1322" type="partial gc" contextid="1317" durationms="4.685" usertimems="12.000" systemtimems="0.000" timestamp="2019-06-15T00:43:34.475" activeThreads="4">
  <mem-info id="1323" free="25165824" total="58720256" percent="42">
    <mem type="eden" free="1048272" total="1048576" percent="99" />
    <remembered-set count="61152" freebytes="2099328" totalbytes="2343936" percent="89" regionsoverflowed="0" regionsstable="3" regionsrebuilding="9"/>
  </mem-info>
</gc-end>
<cycle-end id="1324" type="partial gc" contextid="1317" timestamp="2019-06-15T00:43:34.475" />
  <attribute name="elasticGC enabled" value="1" />
  <attribute name= "numThreadsSpecified" value="4" />
  <attribute name="heapSize specified" value="0" />
  <attribute name="Current GC Util" value="162" />
  <attribute name= "Current Time Running" value="73782" />
  <attribute name ="GC Interval" value="0" />
  <attribute name="ProportionalT" value="71.000000" />
  <attribute name="ProportionalI" value="71.000000" />
  <attribute name="ProportionalH" value="71.000000" />
  <attribute name="Current Error" value="142.000000" />
  <attribute name="IntegralT" value="142.000000" />
  <attribute name="IntegralI" value="142.000000" />
  <attribute name="IntegralH" value="142.000000" />
  <attribute name="DerivativeT" value="142.000000" />
  <attribute name="DerivativeI" value="142.000000" />
  <attribute name="DerivativeH" value="142.000000" />
  <attribute name="Loop Time for DT" value="1.000000" />
  <attribute name="Output H" value="8388608"/>
  <attribute name="Output I" value="360"/>
  <attribute name="Output T" value="4"/>
  <attribute name="Target GC Util Change" value ="20.000000" />
  <attribute name="Current GC Util Change" value="162.000000"/>
  <attribute name="GC Util currently" value="162" />
  <attribute name="CPU Util currently" value="13292881231120" />
<exclusive-end id="1325" timestamp="2019-06-15T00:43:34.476" durationms="5.719" />

<exclusive-start id="1326" timestamp="2019-06-15T00:43:34.955" intervalms="485.252">
  <response-info timems="0.080" idlems="0.080" threads="0" lastid="000000000120C700" lastname="main" />
</exclusive-start>
<allocation-taxation id="1327" taxation-threshold="10485760" timestamp="2019-06-15T00:43:34.955" intervalms="485.205" />
<gc-start id="1328" type="global mark phase" contextid="1202" timestamp="2019-06-15T00:43:34.955">
  <mem-info id="1329" free="14680064" total="58720256" percent="25">
    <remembered-set count="61152" freebytes="2099328" totalbytes="2343936" percent="89" regionsoverflowed="0" regionsstable="3" regionsrebuilding="9"/>
  </mem-info>
</gc-start>
<gc-op id="1330" type="mark increment" timems="5.689" contextid="1202" timestamp="2019-06-15T00:43:34.961">
  <trace-info objectcount="1449" scancount="1434" scanbytes="400632" />
  <cardclean-info objects="340887" bytes="8644520" />
  <finalization candidates="80" enqueued="0" />
  <ownableSynchronizers candidates="22" cleared="0" />
  <references type="soft" candidates="4645" cleared="2" enqueued="0" dynamicThreshold="13" maxThreshold="32" />
  <references type="weak" candidates="5629" cleared="0" enqueued="0" />
  <references type="phantom" candidates="102" cleared="1" enqueued="1" />
  <stringconstants candidates="13734" cleared="0"  />
</gc-op>
<gc-op id="1331" type="classunload" timems="0.010" contextid="1202" timestamp="2019-06-15T00:43:34.961">
  <classunload-info classloadercandidates="54" classloadersunloaded="0" classesunloaded="0" anonymousclassesunloaded="0" quiescems="0.000" setupms="0.009" scanms="0.000" postms="0.000" />
</gc-op>
<gc-end id="1332" type="global mark phase" contextid="1202" durationms="5.970" usertimems="20.000" systemtimems="4.000" timestamp="2019-06-15T00:43:34.961" activeThreads="4">
  <mem-info id="1333" free="14680064" total="58720256" percent="25">
    <pending-finalizers system="0" default="0" reference="1" classloader="0" />
    <remembered-set count="69344" freebytes="2066560" totalbytes="2343936" percent="88" regionsoverflowed="0" regionsstable="3" regionsrebuilding="0"/>
  </mem-info>
</gc-end>
<cycle-end id="1334" type="global mark phase" contextid="1202" timestamp="2019-06-15T00:43:34.961" />
  <attribute name="elasticGC enabled" value="1" />
  <attribute name= "numThreadsSpecified" value="4" />
  <attribute name="heapSize specified" value="0" />
  <attribute name="Current GC Util" value="128" />
  <attribute name= "Current Time Running" value="74271" />
  <attribute name ="GC Interval" value="0" />
  <attribute name="ProportionalT" value="54.000000" />
  <attribute name="ProportionalI" value="54.000000" />
  <attribute name="ProportionalH" value="54.000000" />
  <attribute name="Current Error" value="108.000000" />
  <attribute name="IntegralT" value="108.000000" />
  <attribute name="IntegralI" value="108.000000" />
  <attribute name="IntegralH" value="108.000000" />
  <attribute name="DerivativeT" value="-104.000000" />
  <attribute name="DerivativeI" value="-104.000000" />
  <attribute name="DerivativeH" value="-104.000000" />
  <attribute name="Loop Time for DT" value="1.000000" />
  <attribute name="Output H" value="8388608"/>
  <attribute name="Output I" value="200"/>
  <attribute name="Output T" value="4"/>
  <attribute name="Target GC Util Change" value ="20.000000" />
  <attribute name="Current GC Util Change" value="128.000000"/>
  <attribute name="GC Util currently" value="128" />
  <attribute name="CPU Util currently" value="16143855297902" />
<exclusive-end id="1335" timestamp="2019-06-15T00:43:34.961" durationms="6.413" />

<exclusive-start id="1336" timestamp="2019-06-15T00:43:35.323" intervalms="367.897">
  <response-info timems="0.036" idlems="0.036" threads="0" lastid="000000000120C700" lastname="main" />
</exclusive-start>
<allocation-taxation id="1337" taxation-threshold="10485760" timestamp="2019-06-15T00:43:35.323" intervalms="367.889" />
<cycle-start id="1338" type="partial gc" contextid="0" timestamp="2019-06-15T00:43:35.323" intervalms="853.028" />
<gc-start id="1339" type="partial gc" contextid="1338" timestamp="2019-06-15T00:43:35.323">
  <mem-info id="1340" free="4194304" total="58720256" percent="7">
    <mem type="eden" free="1048272" total="22020096" percent="4" />
    <remembered-set count="63680" freebytes="2089216" totalbytes="2343936" percent="89" regionsoverflowed="0" regionsstable="6" regionsrebuilding="0"/>
  </mem-info>
</gc-start>
<allocation-stats totalBytes="20956504" >
  <allocated-bytes non-tlh="360" tlh="20956144" arrayletleaf="0"/>
  <largest-consumer threadName="main" threadId="000000000120C700" bytes="10476496" />
</allocation-stats>
<gc-op id="1341" type="sweep" timems="0.560" contextid="1338" timestamp="2019-06-15T00:43:35.324" />
<gc-op id="1342" type="copy forward" timems="1.230" contextid="1338" timestamp="2019-06-15T00:43:35.326">
  <memory-copied type="eden" objects="2" bytes="56" bytesdiscarded="7" />
  <memory-copied type="other" objects="64" bytes="2528" bytesdiscarded="1433" />
  <memory-cardclean objects="128" bytes="12800" />
  <regions eden="10" other="2" />
  <remembered-set-cleared processed="61934" cleared="94" durationms="0.266" />
  <references type="weak" candidates="4" cleared="0" enqueued="0" />
  <stringconstants candidates="13734" cleared="0"  />
</gc-op>
<gc-op id="1343" type="classunload" timems="0.004" contextid="1338" timestamp="2019-06-15T00:43:35.326">
  <classunload-info classloadercandidates="54" classloadersunloaded="0" classesunloaded="0" anonymousclassesunloaded="0" quiescems="0.000" setupms="0.004" scanms="0.000" postms="0.000" />
</gc-op>
<heap-resize id="1344" type="contract" space="default" amount="3145728" count="1" timems="0.233" reason="insufficient time being spent in gc" timestamp="2019-06-15T00:43:35.326" />
<gc-end id="1345" type="partial gc" contextid="1338" durationms="3.002" usertimems="12.000" systemtimems="0.000" timestamp="2019-06-15T00:43:35.326" activeThreads="4">
  <mem-info id="1346" free="22020096" total="55574528" percent="39">
    <mem type="eden" free="1044552" total="1048576" percent="99" />
    <remembered-set count="64640" freebytes="2085376" totalbytes="2343936" percent="88" regionsoverflowed="0" regionsstable="6" regionsrebuilding="0"/>
  </mem-info>
</gc-end>
<cycle-end id="1347" type="partial gc" contextid="1338" timestamp="2019-06-15T00:43:35.327" />
  <attribute name="elasticGC enabled" value="1" />
  <attribute name= "numThreadsSpecified" value="4" />
  <attribute name="heapSize specified" value="0" />
  <attribute name="Current GC Util" value="63" />
  <attribute name= "Current Time Running" value="74635" />
  <attribute name ="GC Interval" value="0" />
  <attribute name="ProportionalT" value="21.500000" />
  <attribute name="ProportionalI" value="21.500000" />
  <attribute name="ProportionalH" value="21.500000" />
  <attribute name="Current Error" value="43.000000" />
  <attribute name="IntegralT" value="0.000000" />
  <attribute name="IntegralI" value="0.000000" />
  <attribute name="IntegralH" value="0.000000" />
  <attribute name="DerivativeT" value="-inf" />
  <attribute name="DerivativeI" value="-inf" />
  <attribute name="DerivativeH" value="-inf" />
  <attribute name="Loop Time for DT" value="0.000000" />
  <attribute name="Output H" value="2091843584"/>
  <attribute name="Output I" value="200"/>
  <attribute name="Output T" value="4"/>
  <attribute name="Target GC Util Change" value ="20.000000" />
  <attribute name="Current GC Util Change" value="63.000000"/>
  <attribute name="GC Util currently" value="63" />
  <attribute name="CPU Util currently" value="31316198285933" />
<exclusive-end id="1348" timestamp="2019-06-15T00:43:35.327" durationms="3.763" />

<exclusive-start id="1349" timestamp="2019-06-15T00:43:35.405" intervalms="82.009">
  <response-info timems="0.042" idlems="0.042" threads="0" lastid="000000000120C700" lastname="main" />
</exclusive-start>
<allocation-taxation id="1350" taxation-threshold="10485760" timestamp="2019-06-15T00:43:35.405" intervalms="82.021" />
<cycle-start id="1351" type="global mark phase" contextid="0" timestamp="2019-06-15T00:43:35.405" intervalms="2918.838" />
<gc-start id="1352" type="global mark phase" contextid="1351" timestamp="2019-06-15T00:43:35.405">
  <mem-info id="1353" free="11534336" total="55574528" percent="20">
    <remembered-set count="64224" freebytes="2087040" totalbytes="2343936" percent="89" regionsoverflowed="0" regionsstable="6" regionsrebuilding="0"/>
  </mem-info>
</gc-start>
<gc-op id="1354" type="mark increment" timems="5.213" contextid="1351" timestamp="2019-06-15T00:43:35.411">
  <trace-info objectcount="270177" scancount="225968" scanbytes="6257400" />
</gc-op>
<gc-end id="1355" type="global mark phase" contextid="1351" durationms="5.436" usertimems="12.000" systemtimems="0.000" timestamp="2019-06-15T00:43:35.411" activeThreads="4">
  <mem-info id="1356" free="11534336" total="55574528" percent="20">
    <remembered-set count="67808" freebytes="2072704" totalbytes="2343936" percent="88" regionsoverflowed="0" regionsstable="0" regionsrebuilding="6"/>
  </mem-info>
</gc-end>
<concurrent-start id="1357" type="GMP work packet processing" contextid="1351" timestamp="2019-06-15T00:43:35.411">
  <concurrent-mark-start scanTarget="7856832" />
</concurrent-start>
<exclusive-end id="1358" timestamp="2019-06-15T00:43:35.415" durationms="10.058" />

<concurrent-end id="1359" type="GMP work packet processing" contextid="1351" timestamp="2019-06-15T00:43:35.415">
  <concurrent-mark-end bytesScanned="7317900" reasonForTermination="Completed all work in GC phase" />
</concurrent-end>

<exclusive-start id="1360" timestamp="2019-06-15T00:43:35.432" intervalms="27.474">
  <response-info timems="0.108" idlems="0.108" threads="0" lastid="000000000120C700" lastname="main" />
</exclusive-start>
<allocation-taxation id="1361" taxation-threshold="10485760" timestamp="2019-06-15T00:43:35.433" intervalms="27.482" />
<cycle-start id="1362" type="partial gc" contextid="0" timestamp="2019-06-15T00:43:35.433" intervalms="109.535" />
<gc-start id="1363" type="partial gc" contextid="1362" timestamp="2019-06-15T00:43:35.433">
  <mem-info id="1364" free="1048576" total="55574528" percent="1">
    <mem type="eden" free="0" total="20971520" percent="0" />
    <remembered-set count="75104" freebytes="2043520" totalbytes="2343936" percent="87" regionsoverflowed="0" regionsstable="0" regionsrebuilding="6"/>
  </mem-info>
</gc-start>
<allocation-stats totalBytes="20956128" >
  <allocated-bytes non-tlh="0" tlh="20956128" arrayletleaf="0"/>
  <largest-consumer threadName="main" threadId="000000000120C700" bytes="10478336" />
</allocation-stats>
<gc-op id="1365" type="copy forward" timems="2.967" contextid="1362" timestamp="2019-06-15T00:43:35.437">
  <memory-copied type="eden" objects="1" bytes="24" bytesdiscarded="0" />
  <memory-copied type="other" objects="71" bytes="2688" bytesdiscarded="0" />
  <memory-cardclean objects="18225" bytes="692672" />
  <regions eden="20" other="2" />
  <remembered-set-cleared processed="71184" cleared="6716" durationms="0.704" />
  <references type="weak" candidates="4" cleared="0" enqueued="0" />
  <stringconstants candidates="13734" cleared="0"  />
  <heap-resize type="expand" space="default" amount="2097152" count="2" timems="0.100" reason="continue current collection" />
</gc-op>
<gc-op id="1366" type="classunload" timems="0.006" contextid="1362" timestamp="2019-06-15T00:43:35.437">
  <classunload-info classloadercandidates="54" classloadersunloaded="0" classesunloaded="0" anonymousclassesunloaded="0" quiescems="0.000" setupms="0.006" scanms="0.000" postms="0.000" />
</gc-op>
<gc-op id="1367" type="compact" timems="1.892" contextid="1362" timestamp="2019-06-15T00:43:35.439">
  <compact-info movecount="0" movebytes="0" />
  <remembered-set-cleared processed="139121" cleared="6716" durationms="0.704" />
</gc-op>
<heap-resize id="1368" type="contract" space="default" amount="3145728" count="1" timems="0.233" reason="insufficient time being spent in gc" timestamp="2019-06-15T00:43:35.440" />
<gc-end id="1369" type="partial gc" contextid="1362" durationms="6.612" usertimems="12.000" systemtimems="0.000" timestamp="2019-06-15T00:43:35.440" activeThreads="4">
  <mem-info id="1370" free="19922944" total="54525952" percent="36">
    <mem type="eden" free="1048552" total="1048576" percent="99" />
    <remembered-set count="70624" freebytes="2019584" totalbytes="2302080" percent="87" regionsoverflowed="0" regionsstable="0" regionsrebuilding="6"/>
  </mem-info>
</gc-end>
<cycle-end id="1371" type="partial gc" contextid="1362" timestamp="2019-06-15T00:43:35.440" />
  <attribute name="elasticGC enabled" value="1" />
  <attribute name= "numThreadsSpecified" value="4" />
  <attribute name="heapSize specified" value="0" />
  <attribute name="Current GC Util" value="0" />
  <attribute name= "Current Time Running" value="74748" />
  <attribute name ="GC Interval" value="0" />
  <attribute name="ProportionalT" value="-10.000000" />
  <attribute name="ProportionalI" value="-10.000000" />
  <attribute name="ProportionalH" value="-10.000000" />
  <attribute name="Current Error" value="-20.000000" />
  <attribute name="IntegralT" value="-80.000000" />
  <attribute name="IntegralI" value="-80.000000" />
  <attribute name="IntegralH" value="-80.000000" />
  <attribute name="DerivativeT" value="-11.750000" />
  <attribute name="DerivativeI" value="-11.750000" />
  <attribute name="DerivativeH" value="-11.750000" />
  <attribute name="Loop Time for DT" value="4.000000" />
  <attribute name="Output H" value="2091843584"/>
  <attribute name="Output I" value="200"/>
  <attribute name="Output T" value="4"/>
  <attribute name="Target GC Util Change" value ="20.000000" />
  <attribute name="Current GC Util Change" value="0.000000"/>
  <attribute name="GC Util currently" value="0" />
  <attribute name="CPU Util currently" value="1369111777624" />
<exclusive-end id="1372" timestamp="2019-06-15T00:43:35.440" durationms="7.528" />

<exclusive-start id="1373" timestamp="2019-06-15T00:43:35.600" intervalms="167.982">
  <response-info timems="0.043" idlems="0.043" threads="0" lastid="000000000120C700" lastname="main" />
</exclusive-start>
<allocation-taxation id="1374" taxation-threshold="9437184" timestamp="2019-06-15T00:43:35.601" intervalms="167.957" />
<gc-start id="1375" type="global mark phase" contextid="1351" timestamp="2019-06-15T00:43:35.601">
  <mem-info id="1376" free="10485760" total="54525952" percent="19">
    <remembered-set count="70624" freebytes="2019584" totalbytes="2302080" percent="87" regionsoverflowed="0" regionsstable="0" regionsrebuilding="6"/>
  </mem-info>
</gc-start>
<gc-op id="1377" type="mark increment" timems="1.703" contextid="1351" timestamp="2019-06-15T00:43:35.602">
  <trace-info objectcount="49" scancount="48" scanbytes="116212" />
  <cardclean-info objects="27039" bytes="742640" />
  <finalization candidates="80" enqueued="0" />
  <ownableSynchronizers candidates="22" cleared="0" />
  <references type="soft" candidates="4643" cleared="15" enqueued="14" dynamicThreshold="11" maxThreshold="32" />
  <references type="weak" candidates="5643" cleared="0" enqueued="0" />
  <references type="phantom" candidates="101" cleared="0" enqueued="0" />
  <stringconstants candidates="13734" cleared="0"  />
</gc-op>
<gc-op id="1378" type="classunload" timems="0.008" contextid="1351" timestamp="2019-06-15T00:43:35.603">
  <classunload-info classloadercandidates="54" classloadersunloaded="0" classesunloaded="0" anonymousclassesunloaded="0" quiescems="0.000" setupms="0.008" scanms="0.000" postms="0.000" />
</gc-op>
<gc-end id="1379" type="global mark phase" contextid="1351" durationms="2.034" usertimems="4.000" systemtimems="0.000" timestamp="2019-06-15T00:43:35.603" activeThreads="4">
  <mem-info id="1380" free="10485760" total="54525952" percent="19">
    <pending-finalizers system="0" default="0" reference="14" classloader="0" />
    <remembered-set count="71648" freebytes="2015488" totalbytes="2302080" percent="87" regionsoverflowed="0" regionsstable="0" regionsrebuilding="0"/>
  </mem-info>
</gc-end>
<cycle-end id="1381" type="global mark phase" contextid="1351" timestamp="2019-06-15T00:43:35.603" />
  <attribute name="elasticGC enabled" value="1" />
  <attribute name= "numThreadsSpecified" value="4" />
  <attribute name="heapSize specified" value="0" />
  <attribute name="Current GC Util" value="80" />
  <attribute name= "Current Time Running" value="74912" />
  <attribute name ="GC Interval" value="0" />
  <attribute name="ProportionalT" value="30.000000" />
  <attribute name="ProportionalI" value="30.000000" />
  <attribute name="ProportionalH" value="30.000000" />
  <attribute name="Current Error" value="60.000000" />
  <attribute name="IntegralT" value="0.000000" />
  <attribute name="IntegralI" value="0.000000" />
  <attribute name="IntegralH" value="0.000000" />
  <attribute name="DerivativeT" value="-inf" />
  <attribute name="DerivativeI" value="-inf" />
  <attribute name="DerivativeH" value="-inf" />
  <attribute name="Loop Time for DT" value="0.000000" />
  <attribute name="Output H" value="2091843584"/>
  <attribute name="Output I" value="200"/>
  <attribute name="Output T" value="4"/>
  <attribute name="Target GC Util Change" value ="20.000000" />
  <attribute name="Current GC Util Change" value="80.000000"/>
  <attribute name="GC Util currently" value="80" />
  <attribute name="CPU Util currently" value="21666976710826" />
<exclusive-end id="1382" timestamp="2019-06-15T00:43:35.603" durationms="2.509" />

<exclusive-start id="1383" timestamp="2019-06-15T00:43:35.629" intervalms="28.576">
  <response-info timems="0.041" idlems="0.041" threads="0" lastid="000000000120C700" lastname="main" />
</exclusive-start>
<allocation-taxation id="1384" taxation-threshold="9437184" timestamp="2019-06-15T00:43:35.629" intervalms="28.584" />
<cycle-start id="1385" type="partial gc" contextid="0" timestamp="2019-06-15T00:43:35.629" intervalms="196.501" />
<gc-start id="1386" type="partial gc" contextid="1385" timestamp="2019-06-15T00:43:35.629">
  <mem-info id="1387" free="1048576" total="54525952" percent="1">
    <mem type="eden" free="1048552" total="19922944" percent="5" />
    <remembered-set count="61728" freebytes="2055168" totalbytes="2302080" percent="89" regionsoverflowed="0" regionsstable="5" regionsrebuilding="0"/>
  </mem-info>
</gc-start>
<allocation-stats totalBytes="18868528" >
  <allocated-bytes non-tlh="0" tlh="18868528" arrayletleaf="0"/>
  <largest-consumer threadName="main" threadId="000000000120C700" bytes="9433744" />
</allocation-stats>
<gc-op id="1388" type="sweep" timems="0.536" contextid="1385" timestamp="2019-06-15T00:43:35.630" />
<gc-op id="1389" type="copy forward" timems="2.449" contextid="1385" timestamp="2019-06-15T00:43:35.633">
  <memory-copied type="eden" objects="23" bytes="1256" bytesdiscarded="0" />
  <memory-copied type="other" objects="22" bytes="632" bytesdiscarded="696" />
  <memory-cardclean objects="48668" bytes="2021904" />
  <regions eden="9" other="2" />
  <remembered-set-cleared processed="52232" cleared="19537" durationms="0.264" />
  <references type="weak" candidates="14" cleared="0" enqueued="0" />
  <stringconstants candidates="13734" cleared="0"  />
</gc-op>
<gc-op id="1390" type="classunload" timems="0.008" contextid="1385" timestamp="2019-06-15T00:43:35.633">
  <classunload-info classloadercandidates="54" classloadersunloaded="0" classesunloaded="0" anonymousclassesunloaded="0" quiescems="0.000" setupms="0.008" scanms="0.000" postms="0.000" />
</gc-op>
<gc-end id="1391" type="partial gc" contextid="1385" durationms="4.094" usertimems="12.000" systemtimems="4.000" timestamp="2019-06-15T00:43:35.634" activeThreads="4">
  <mem-info id="1392" free="19922944" total="54525952" percent="36">
    <mem type="eden" free="1045992" total="1048576" percent="99" />
    <remembered-set count="46176" freebytes="1991808" totalbytes="2176512" percent="91" regionsoverflowed="0" regionsstable="5" regionsrebuilding="0"/>
  </mem-info>
</gc-end>
<cycle-end id="1393" type="partial gc" contextid="1385" timestamp="2019-06-15T00:43:35.634" />
  <attribute name="elasticGC enabled" value="1" />
  <attribute name= "numThreadsSpecified" value="4" />
  <attribute name="heapSize specified" value="0" />
  <attribute name="Current GC Util" value="46" />
  <attribute name= "Current Time Running" value="74941" />
  <attribute name ="GC Interval" value="0" />
  <attribute name="ProportionalT" value="13.000000" />
  <attribute name="ProportionalI" value="13.000000" />
  <attribute name="ProportionalH" value="13.000000" />
  <attribute name="Current Error" value="26.000000" />
  <attribute name="IntegralT" value="0.000000" />
  <attribute name="IntegralI" value="0.000000" />
  <attribute name="IntegralH" value="0.000000" />
  <attribute name="DerivativeT" value="-inf" />
  <attribute name="DerivativeI" value="-inf" />
  <attribute name="DerivativeH" value="-inf" />
  <attribute name="Loop Time for DT" value="0.000000" />
  <attribute name="Output H" value="2091843584"/>
  <attribute name="Output I" value="200"/>
  <attribute name="Output T" value="4"/>
  <attribute name="Target GC Util Change" value ="20.000000" />
  <attribute name="Current GC Util Change" value="46.000000"/>
  <attribute name="GC Util currently" value="46" />
  <attribute name="CPU Util currently" value="14004682689619" />
<exclusive-end id="1394" timestamp="2019-06-15T00:43:35.634" durationms="4.777" />

<exclusive-start id="1395" timestamp="2019-06-15T00:43:35.641" intervalms="12.090">
  <response-info timems="0.037" idlems="0.037" threads="0" lastid="000000000120C700" lastname="main" />
</exclusive-start>
<allocation-taxation id="1396" taxation-threshold="9437184" timestamp="2019-06-15T00:43:35.641" intervalms="12.095" />
<cycle-start id="1397" type="global mark phase" contextid="0" timestamp="2019-06-15T00:43:35.641" intervalms="236.073" />
<gc-start id="1398" type="global mark phase" contextid="1397" timestamp="2019-06-15T00:43:35.641">
  <mem-info id="1399" free="10485760" total="54525952" percent="19">
    <remembered-set count="45312" freebytes="1995264" totalbytes="2176512" percent="91" regionsoverflowed="0" regionsstable="6" regionsrebuilding="0"/>
  </mem-info>
</gc-start>
<gc-op id="1400" type="mark increment" timems="0.510" contextid="1397" timestamp="2019-06-15T00:43:35.642">
  <trace-info objectcount="211" scancount="0" scanbytes="0" />
</gc-op>
<gc-end id="1401" type="global mark phase" contextid="1397" durationms="0.646" usertimems="4.000" systemtimems="0.000" timestamp="2019-06-15T00:43:35.642" activeThreads="1">
  <mem-info id="1402" free="10485760" total="54525952" percent="19">
    <remembered-set count="45312" freebytes="1995264" totalbytes="2176512" percent="91" regionsoverflowed="0" regionsstable="0" regionsrebuilding="6"/>
  </mem-info>
</gc-end>
<concurrent-start id="1403" type="GMP work packet processing" contextid="1397" timestamp="2019-06-15T00:43:35.642">
  <concurrent-mark-start scanTarget="18446744073709551615" />
</concurrent-start>
<concurrent-end id="1404" type="GMP work packet processing" contextid="1397" timestamp="2019-06-15T00:43:35.653">
  <concurrent-mark-end bytesScanned="13464744" reasonForTermination="Completed all work in GC phase" />
</concurrent-end>

<exclusive-end id="1405" timestamp="2019-06-15T00:43:35.653" durationms="12.080" />

<exclusive-start id="1406" timestamp="2019-06-15T00:43:35.659" intervalms="18.275">
  <response-info timems="0.073" idlems="0.073" threads="0" lastid="000000000120C700" lastname="main" />
</exclusive-start>
<allocation-taxation id="1407" taxation-threshold="9437184" timestamp="2019-06-15T00:43:35.660" intervalms="18.280" />
<cycle-start id="1408" type="partial gc" contextid="0" timestamp="2019-06-15T00:43:35.660" intervalms="30.416" />
<gc-start id="1409" type="partial gc" contextid="1408" timestamp="2019-06-15T00:43:35.660">
  <mem-info id="1410" free="1048576" total="54525952" percent="1">
    <mem type="eden" free="0" total="18874368" percent="0" />
    <remembered-set count="56928" freebytes="1948800" totalbytes="2176512" percent="89" regionsoverflowed="0" regionsstable="0" regionsrebuilding="6"/>
  </mem-info>
</gc-start>
<allocation-stats totalBytes="18845520" >
  <allocated-bytes non-tlh="0" tlh="18845520" arrayletleaf="0"/>
  <largest-consumer threadName="main" threadId="000000000120C700" bytes="9420360" />
</allocation-stats>
<gc-op id="1411" type="copy forward" timems="2.202" contextid="1408" timestamp="2019-06-15T00:43:35.663">
  <memory-copied type="eden" objects="3" bytes="72" bytesdiscarded="720" />
  <memory-copied type="other" objects="51" bytes="2016" bytesdiscarded="1736" />
  <memory-cardclean objects="70" bytes="11176" />
  <regions eden="18" other="2" />
  <remembered-set-cleared processed="54381" cleared="62" durationms="0.249" />
  <references type="weak" candidates="14" cleared="0" enqueued="0" />
  <stringconstants candidates="13734" cleared="0"  />
  <heap-resize type="expand" space="default" amount="2097152" count="2" timems="0.117" reason="continue current collection" />
</gc-op>
<gc-op id="1412" type="classunload" timems="0.005" contextid="1408" timestamp="2019-06-15T00:43:35.663">
  <classunload-info classloadercandidates="54" classloadersunloaded="0" classesunloaded="0" anonymousclassesunloaded="0" quiescems="0.000" setupms="0.005" scanms="0.000" postms="0.000" />
</gc-op>
<gc-op id="1413" type="compact" timems="0.899" contextid="1408" timestamp="2019-06-15T00:43:35.664">
  <compact-info movecount="0" movebytes="0" />
  <remembered-set-cleared processed="108777" cleared="62" durationms="0.249" />
</gc-op>
<heap-resize id="1414" type="expand" space="default" amount="10485760" count="1" timems="0.073" reason="excessive time being spent in gc" timestamp="2019-06-15T00:43:35.664" />
<gc-end id="1415" type="partial gc" contextid="1408" durationms="4.346" usertimems="12.000" systemtimems="0.000" timestamp="2019-06-15T00:43:35.664" activeThreads="4">
  <mem-info id="1416" free="31457280" total="67108864" percent="46">
    <mem type="eden" free="1047784" total="1048576" percent="99" />
    <remembered-set count="56864" freebytes="2451328" totalbytes="2678784" percent="91" regionsoverflowed="0" regionsstable="0" regionsrebuilding="6"/>
  </mem-info>
</gc-end>
<cycle-end id="1417" type="partial gc" contextid="1408" timestamp="2019-06-15T00:43:35.664" />
  <attribute name="elasticGC enabled" value="1" />
  <attribute name= "numThreadsSpecified" value="4" />
  <attribute name="heapSize specified" value="0" />
  <attribute name="Current GC Util" value="79" />
  <attribute name= "Current Time Running" value="74973" />
  <attribute name ="GC Interval" value="0" />
  <attribute name="ProportionalT" value="29.500000" />
  <attribute name="ProportionalI" value="29.500000" />
  <attribute name="ProportionalH" value="29.500000" />
  <attribute name="Current Error" value="59.000000" />
  <attribute name="IntegralT" value="118.000000" />
  <attribute name="IntegralI" value="118.000000" />
  <attribute name="IntegralH" value="118.000000" />
  <attribute name="DerivativeT" value="4.000000" />
  <attribute name="DerivativeI" value="4.000000" />
  <attribute name="DerivativeH" value="4.000000" />
  <attribute name="Loop Time for DT" value="2.000000" />
  <attribute name="Output H" value="8388608"/>
  <attribute name="Output I" value="200"/>
  <attribute name="Output T" value="4"/>
  <attribute name="Target GC Util Change" value ="20.000000" />
  <attribute name="Current GC Util Change" value="79.000000"/>
  <attribute name="GC Util currently" value="79" />
  <attribute name="CPU Util currently" value="1837948240683" />
<exclusive-end id="1418" timestamp="2019-06-15T00:43:35.665" durationms="5.225" />

<exclusive-start id="1419" timestamp="2019-06-15T00:43:35.671" intervalms="12.128">
  <response-info timems="0.073" idlems="0.073" threads="0" lastid="000000000120C700" lastname="main" />
</exclusive-start>
<allocation-taxation id="1420" taxation-threshold="11534336" timestamp="2019-06-15T00:43:35.672" intervalms="12.090" />
<gc-start id="1421" type="global mark phase" contextid="1397" timestamp="2019-06-15T00:43:35.672">
  <mem-info id="1422" free="19922944" total="67108864" percent="29">
    <remembered-set count="46816" freebytes="2491520" totalbytes="2678784" percent="93" regionsoverflowed="0" regionsstable="4" regionsrebuilding="6"/>
  </mem-info>
</gc-start>
<gc-op id="1423" type="mark increment" timems="1.045" contextid="1397" timestamp="2019-06-15T00:43:35.673">
  <trace-info objectcount="3" scancount="3" scanbytes="72" />
  <cardclean-info objects="101" bytes="11768" />
  <finalization candidates="80" enqueued="0" />
  <ownableSynchronizers candidates="22" cleared="0" />
  <references type="soft" candidates="4628" cleared="1091" enqueued="1086" dynamicThreshold="15" maxThreshold="32" />
  <references type="weak" candidates="5635" cleared="0" enqueued="0" />
  <references type="phantom" candidates="101" cleared="0" enqueued="0" />
  <stringconstants candidates="13734" cleared="5"  />
</gc-op>
<gc-op id="1424" type="classunload" timems="0.009" contextid="1397" timestamp="2019-06-15T00:43:35.673">
  <classunload-info classloadercandidates="54" classloadersunloaded="0" classesunloaded="0" anonymousclassesunloaded="0" quiescems="0.000" setupms="0.009" scanms="0.000" postms="0.000" />
</gc-op>
<gc-end id="1425" type="global mark phase" contextid="1397" durationms="1.242" usertimems="4.000" systemtimems="0.000" timestamp="2019-06-15T00:43:35.673" activeThreads="4">
  <mem-info id="1426" free="19922944" total="67108864" percent="29">
    <pending-finalizers system="0" default="0" reference="1086" classloader="0" />
    <remembered-set count="46816" freebytes="2491520" totalbytes="2678784" percent="93" regionsoverflowed="0" regionsstable="4" regionsrebuilding="0"/>
  </mem-info>
</gc-end>
<cycle-end id="1427" type="global mark phase" contextid="1397" timestamp="2019-06-15T00:43:35.673" />
  <attribute name="elasticGC enabled" value="1" />
  <attribute name= "numThreadsSpecified" value="4" />
  <attribute name="heapSize specified" value="0" />
  <attribute name="Current GC Util" value="0" />
  <attribute name= "Current Time Running" value="74983" />
  <attribute name ="GC Interval" value="0" />
  <attribute name="ProportionalT" value="-10.000000" />
  <attribute name="ProportionalI" value="-10.000000" />
  <attribute name="ProportionalH" value="-10.000000" />
  <attribute name="Current Error" value="-20.000000" />
  <attribute name="IntegralT" value="-20.000000" />
  <attribute name="IntegralI" value="-20.000000" />
  <attribute name="IntegralH" value="-20.000000" />
  <attribute name="DerivativeT" value="-139.000000" />
  <attribute name="DerivativeI" value="-139.000000" />
  <attribute name="DerivativeH" value="-139.000000" />
  <attribute name="Loop Time for DT" value="1.000000" />
  <attribute name="Output H" value="2091843584"/>
  <attribute name="Output I" value="200"/>
  <attribute name="Output T" value="4"/>
  <attribute name="Target GC Util Change" value ="20.000000" />
  <attribute name="Current GC Util Change" value="0.000000"/>
  <attribute name="GC Util currently" value="0" />
  <attribute name="CPU Util currently" value="87816547463661" />
<exclusive-end id="1428" timestamp="2019-06-15T00:43:35.673" durationms="1.653" />

<exclusive-start id="1429" timestamp="2019-06-15T00:43:35.682" intervalms="10.281">
  <response-info timems="0.036" idlems="0.036" threads="0" lastid="000000000120C700" lastname="main" />
</exclusive-start>
<allocation-taxation id="1430" taxation-threshold="11534336" timestamp="2019-06-15T00:43:35.682" intervalms="10.289" />
<cycle-start id="1431" type="partial gc" contextid="0" timestamp="2019-06-15T00:43:35.682" intervalms="22.324" />
<gc-start id="1432" type="partial gc" contextid="1431" timestamp="2019-06-15T00:43:35.682">
  <mem-info id="1433" free="8388608" total="67108864" percent="12">
    <mem type="eden" free="1047784" total="24117248" percent="4" />
    <remembered-set count="35136" freebytes="2538240" totalbytes="2678784" percent="94" regionsoverflowed="0" regionsstable="10" regionsrebuilding="0"/>
  </mem-info>
</gc-start>
<allocation-stats totalBytes="23023656" >
  <allocated-bytes non-tlh="0" tlh="23023656" arrayletleaf="0"/>
  <largest-consumer threadName="main" threadId="000000000120C700" bytes="11472808" />
</allocation-stats>
<gc-op id="1434" type="sweep" timems="0.542" contextid="1431" timestamp="2019-06-15T00:43:35.683" />
<gc-op id="1435" type="copy forward" timems="7.244" contextid="1431" timestamp="2019-06-15T00:43:35.691">
  <memory-copied type="eden" objects="7" bytes="4680" bytesdiscarded="224" />
  <memory-copied type="other" objects="17110" bytes="738472" bytesdiscarded="390960" />
  <memory-cardclean objects="196721" bytes="6519720" />
  <regions eden="11" other="3" />
  <remembered-set-cleared processed="18650" cleared="8678" durationms="0.150" />
  <finalization candidates="49" enqueued="0" />
  <ownableSynchronizers candidates="1" cleared="0" />
  <references type="soft" candidates="317" cleared="0" enqueued="0" dynamicThreshold="9" maxThreshold="32" />
  <references type="weak" candidates="903" cleared="0" enqueued="0" />
  <references type="phantom" candidates="12" cleared="0" enqueued="0" />
  <stringconstants candidates="13729" cleared="0"  />
</gc-op>
<gc-op id="1436" type="classunload" timems="0.006" contextid="1431" timestamp="2019-06-15T00:43:35.691">
  <classunload-info classloadercandidates="54" classloadersunloaded="0" classesunloaded="0" anonymousclassesunloaded="0" quiescems="0.000" setupms="0.006" scanms="0.000" postms="0.000" />
</gc-op>
<heap-resize id="1437" type="expand" space="default" amount="11534336" count="1" timems="0.073" reason="excessive time being spent in gc" timestamp="2019-06-15T00:43:35.691" />
<gc-end id="1438" type="partial gc" contextid="1431" durationms="9.052" usertimems="24.000" systemtimems="0.000" timestamp="2019-06-15T00:43:35.691" activeThreads="4">
  <mem-info id="1439" free="42991616" total="78643200" percent="54">
    <mem type="eden" free="1043672" total="1048576" percent="99" />
    <remembered-set count="33728" freebytes="3004288" totalbytes="3139200" percent="95" regionsoverflowed="0" regionsstable="10" regionsrebuilding="0"/>
  </mem-info>
</gc-end>
<cycle-end id="1440" type="partial gc" contextid="1431" timestamp="2019-06-15T00:43:35.691" />
  <attribute name="elasticGC enabled" value="1" />
  <attribute name= "numThreadsSpecified" value="4" />
  <attribute name="heapSize specified" value="0" />
  <attribute name="Current GC Util" value="31" />
  <attribute name= "Current Time Running" value="74994" />
  <attribute name ="GC Interval" value="0" />
  <attribute name="ProportionalT" value="5.500000" />
  <attribute name="ProportionalI" value="5.500000" />
  <attribute name="ProportionalH" value="5.500000" />
  <attribute name="Current Error" value="11.000000" />
  <attribute name="IntegralT" value="0.000000" />
  <attribute name="IntegralI" value="0.000000" />
  <attribute name="IntegralH" value="0.000000" />
  <attribute name="DerivativeT" value="-inf" />
  <attribute name="DerivativeI" value="-inf" />
  <attribute name="DerivativeH" value="-inf" />
  <attribute name="Loop Time for DT" value="0.000000" />
  <attribute name="Output H" value="2091843584"/>
  <attribute name="Output I" value="200"/>
  <attribute name="Output T" value="4"/>
  <attribute name="Target GC Util Change" value ="20.000000" />
  <attribute name="Current GC Util Change" value="31.000000"/>
  <attribute name="GC Util currently" value="31" />
  <attribute name="CPU Util currently" value="18191265822756" />
<exclusive-end id="1441" timestamp="2019-06-15T00:43:35.692" durationms="9.806" />

<exclusive-start id="1442" timestamp="2019-06-15T00:43:35.699" intervalms="17.565">
  <response-info timems="0.181" idlems="0.181" threads="0" lastid="000000000120C700" lastname="main" />
</exclusive-start>
<allocation-taxation id="1443" taxation-threshold="12582912" timestamp="2019-06-15T00:43:35.699" intervalms="17.576" />
<cycle-start id="1444" type="global mark phase" contextid="0" timestamp="2019-06-15T00:43:35.700" intervalms="58.188" />
<gc-start id="1445" type="global mark phase" contextid="1444" timestamp="2019-06-15T00:43:35.700">
  <mem-info id="1446" free="30408704" total="78643200" percent="38">
    <remembered-set count="17024" freebytes="3071104" totalbytes="3139200" percent="97" regionsoverflowed="0" regionsstable="17" regionsrebuilding="0"/>
  </mem-info>
</gc-start>
<gc-op id="1447" type="mark increment" timems="4.106" contextid="1444" timestamp="2019-06-15T00:43:35.704">
  <trace-info objectcount="169827" scancount="133164" scanbytes="4013796" />
</gc-op>
<gc-end id="1448" type="global mark phase" contextid="1444" durationms="4.249" usertimems="12.000" systemtimems="0.000" timestamp="2019-06-15T00:43:35.704" activeThreads="4">
  <mem-info id="1449" free="30408704" total="78643200" percent="38">
    <remembered-set count="33920" freebytes="3003520" totalbytes="3139200" percent="95" regionsoverflowed="0" regionsstable="0" regionsrebuilding="17"/>
  </mem-info>
</gc-end>
<concurrent-start id="1450" type="GMP work packet processing" contextid="1444" timestamp="2019-06-15T00:43:35.704">
  <concurrent-mark-start scanTarget="5114976" />
</concurrent-start>
<concurrent-end id="1451" type="GMP work packet processing" contextid="1444" timestamp="2019-06-15T00:43:35.707">
  <concurrent-mark-end bytesScanned="5164324" reasonForTermination="Work target met" />
</concurrent-end>

<exclusive-end id="1452" timestamp="2019-06-15T00:43:35.707" durationms="7.827" />

<exclusive-start id="1453" timestamp="2019-06-15T00:43:35.715" intervalms="15.970">
  <response-info timems="0.091" idlems="0.091" threads="0" lastid="000000000120C700" lastname="main" />
</exclusive-start>
<allocation-taxation id="1454" taxation-threshold="12582912" timestamp="2019-06-15T00:43:35.716" intervalms="16.025" />
<cycle-start id="1455" type="partial gc" contextid="0" timestamp="2019-06-15T00:43:35.716" intervalms="33.763" />
<gc-start id="1456" type="partial gc" contextid="1455" timestamp="2019-06-15T00:43:35.716">
  <mem-info id="1457" free="17825792" total="78643200" percent="22">
    <mem type="eden" free="0" total="25165824" percent="0" />
    <remembered-set count="51296" freebytes="2934016" totalbytes="3139200" percent="93" regionsoverflowed="0" regionsstable="0" regionsrebuilding="17"/>
  </mem-info>
</gc-start>
<allocation-stats totalBytes="25120968" >
  <allocated-bytes non-tlh="0" tlh="25120968" arrayletleaf="0"/>
  <largest-consumer threadName="main" threadId="000000000120C700" bytes="12560472" />
</allocation-stats>
<gc-op id="1458" type="copy forward" timems="2.304" contextid="1455" timestamp="2019-06-15T00:43:35.719">
  <memory-copied type="eden" objects="3" bytes="72" bytesdiscarded="0" />
  <memory-copied type="other" objects="3549" bytes="145984" bytesdiscarded="17480" />
  <memory-cardclean objects="3480" bytes="144776" />
  <regions eden="24" other="4" />
  <remembered-set-cleared processed="48679" cleared="2326" durationms="0.235" />
  <finalization candidates="5" enqueued="0" />
  <references type="soft" candidates="317" cleared="0" enqueued="0" dynamicThreshold="12" maxThreshold="32" />
  <references type="weak" candidates="900" cleared="0" enqueued="0" />
  <references type="phantom" candidates="12" cleared="0" enqueued="0" />
  <stringconstants candidates="13729" cleared="0"  />
</gc-op>
<gc-op id="1459" type="classunload" timems="0.006" contextid="1455" timestamp="2019-06-15T00:43:35.719">
  <classunload-info classloadercandidates="54" classloadersunloaded="0" classesunloaded="0" anonymousclassesunloaded="0" quiescems="0.000" setupms="0.005" scanms="0.000" postms="0.000" />
</gc-op>
<heap-resize id="1460" type="expand" space="default" amount="10485760" count="1" timems="0.082" reason="excessive time being spent in gc" timestamp="2019-06-15T00:43:35.719" />
<gc-end id="1461" type="partial gc" contextid="1455" durationms="3.294" usertimems="12.000" systemtimems="0.000" timestamp="2019-06-15T00:43:35.719" activeThreads="4">
  <mem-info id="1462" free="53477376" total="89128960" percent="60">
    <mem type="eden" free="1048504" total="1048576" percent="99" />
    <remembered-set count="51136" freebytes="3353216" totalbytes="3557760" percent="94" regionsoverflowed="0" regionsstable="0" regionsrebuilding="17"/>
  </mem-info>
</gc-end>
<cycle-end id="1463" type="partial gc" contextid="1455" timestamp="2019-06-15T00:43:35.720" />
  <attribute name="elasticGC enabled" value="1" />
  <attribute name= "numThreadsSpecified" value="4" />
  <attribute name="heapSize specified" value="0" />
  <attribute name="Current GC Util" value="64" />
  <attribute name= "Current Time Running" value="75027" />
  <attribute name ="GC Interval" value="0" />
  <attribute name="ProportionalT" value="22.000000" />
  <attribute name="ProportionalI" value="22.000000" />
  <attribute name="ProportionalH" value="22.000000" />
  <attribute name="Current Error" value="44.000000" />
  <attribute name="IntegralT" value="0.000000" />
  <attribute name="IntegralI" value="0.000000" />
  <attribute name="IntegralH" value="0.000000" />
  <attribute name="DerivativeT" value="-inf" />
  <attribute name="DerivativeI" value="-inf" />
  <attribute name="DerivativeH" value="-inf" />
  <attribute name="Loop Time for DT" value="0.000000" />
  <attribute name="Output H" value="2091843584"/>
  <attribute name="Output I" value="200"/>
  <attribute name="Output T" value="4"/>
  <attribute name="Target GC Util Change" value ="20.000000" />
  <attribute name="Current GC Util Change" value="64.000000"/>
  <attribute name="GC Util currently" value="64" />
  <attribute name="CPU Util currently" value="20570252234676" />
<exclusive-end id="1464" timestamp="2019-06-15T00:43:35.720" durationms="4.409" />

<exclusive-start id="1465" timestamp="2019-06-15T00:43:35.738" intervalms="22.273">
  <response-info timems="0.108" idlems="0.108" threads="0" lastid="000000000120C700" lastname="main" />
</exclusive-start>
<allocation-taxation id="1466" taxation-threshold="13631488" timestamp="2019-06-15T00:43:35.738" intervalms="22.297" />
<gc-start id="1467" type="global mark phase" contextid="1444" timestamp="2019-06-15T00:43:35.738">
  <mem-info id="1468" free="39845888" total="89128960" percent="44">
    <remembered-set count="50656" freebytes="3355136" totalbytes="3557760" percent="94" regionsoverflowed="0" regionsstable="0" regionsrebuilding="17"/>
  </mem-info>
</gc-start>
<gc-end id="1469" type="global mark phase" contextid="1444" durationms="0.136" usertimems="4.000" systemtimems="0.000" timestamp="2019-06-15T00:43:35.738" activeThreads="4">
  <mem-info id="1470" free="39845888" total="89128960" percent="44">
    <remembered-set count="50656" freebytes="3355136" totalbytes="3557760" percent="94" regionsoverflowed="0" regionsstable="0" regionsrebuilding="17"/>
  </mem-info>
</gc-end>
<concurrent-start id="1471" type="GMP work packet processing" contextid="1444" timestamp="2019-06-15T00:43:35.738">
  <concurrent-mark-start scanTarget="1704992" />
</concurrent-start>
<concurrent-end id="1472" type="GMP work packet processing" contextid="1444" timestamp="2019-06-15T00:43:35.739">
  <concurrent-mark-end bytesScanned="1727612" reasonForTermination="Work target met" />
</concurrent-end>

<exclusive-end id="1473" timestamp="2019-06-15T00:43:35.739" durationms="1.774" />

<exclusive-start id="1474" timestamp="2019-06-15T00:43:35.756" intervalms="18.215">
  <response-info timems="0.062" idlems="0.062" threads="0" lastid="000000000120C700" lastname="main" />
</exclusive-start>
<allocation-taxation id="1475" taxation-threshold="13631488" timestamp="2019-06-15T00:43:35.756" intervalms="18.157" />
<cycle-start id="1476" type="partial gc" contextid="0" timestamp="2019-06-15T00:43:35.756" intervalms="40.400" />
<gc-start id="1477" type="partial gc" contextid="1476" timestamp="2019-06-15T00:43:35.757">
  <mem-info id="1478" free="26214400" total="89128960" percent="29">
    <mem type="eden" free="1048504" total="28311552" percent="3" />
    <remembered-set count="56672" freebytes="3331072" totalbytes="3557760" percent="93" regionsoverflowed="0" regionsstable="0" regionsrebuilding="17"/>
  </mem-info>
</gc-start>
<allocation-stats totalBytes="27214608" >
  <allocated-bytes non-tlh="0" tlh="27214608" arrayletleaf="0"/>
  <largest-consumer threadName="main" threadId="000000000120C700" bytes="13607224" />
</allocation-stats>
<gc-op id="1479" type="copy forward" timems="2.525" contextid="1476" timestamp="2019-06-15T00:43:35.760">
  <memory-copied type="eden" objects="3" bytes="72" bytesdiscarded="0" />
  <memory-copied type="other" objects="7" bytes="160" bytesdiscarded="0" />
  <memory-cardclean objects="27" bytes="1040" />
  <regions eden="26" other="2" />
  <remembered-set-cleared processed="53609" cleared="16" durationms="0.274" />
  <stringconstants candidates="13729" cleared="0"  />
</gc-op>
<gc-op id="1480" type="classunload" timems="0.004" contextid="1476" timestamp="2019-06-15T00:43:35.760">
  <classunload-info classloadercandidates="54" classloadersunloaded="0" classesunloaded="0" anonymousclassesunloaded="0" quiescems="0.000" setupms="0.003" scanms="0.000" postms="0.000" />
</gc-op>
<gc-end id="1481" type="partial gc" contextid="1476" durationms="3.650" usertimems="4.000" systemtimems="4.000" timestamp="2019-06-15T00:43:35.760" activeThreads="4">
  <mem-info id="1482" free="53477376" total="89128960" percent="60">
    <mem type="eden" free="1048504" total="1048576" percent="99" />
    <remembered-set count="56064" freebytes="3333504" totalbytes="3557760" percent="93" regionsoverflowed="0" regionsstable="0" regionsrebuilding="17"/>
  </mem-info>
</gc-end>
<cycle-end id="1483" type="partial gc" contextid="1476" timestamp="2019-06-15T00:43:35.760" />
  <attribute name="elasticGC enabled" value="1" />
  <attribute name= "numThreadsSpecified" value="4" />
  <attribute name="heapSize specified" value="0" />
  <attribute name="Current GC Util" value="161" />
  <attribute name= "Current Time Running" value="75068" />
  <attribute name ="GC Interval" value="0" />
  <attribute name="ProportionalT" value="70.500000" />
  <attribute name="ProportionalI" value="70.500000" />
  <attribute name="ProportionalH" value="70.500000" />
  <attribute name="Current Error" value="141.000000" />
  <attribute name="IntegralT" value="141.000000" />
  <attribute name="IntegralI" value="141.000000" />
  <attribute name="IntegralH" value="141.000000" />
  <attribute name="DerivativeT" value="141.000000" />
  <attribute name="DerivativeI" value="141.000000" />
  <attribute name="DerivativeH" value="141.000000" />
  <attribute name="Loop Time for DT" value="1.000000" />
  <attribute name="Output H" value="8388608"/>
  <attribute name="Output I" value="352"/>
  <attribute name="Output T" value="4"/>
  <attribute name="Target GC Util Change" value ="20.000000" />
  <attribute name="Current GC Util Change" value="161.000000"/>
  <attribute name="GC Util currently" value="161" />
  <attribute name="CPU Util currently" value="12083389419202" />
<exclusive-end id="1484" timestamp="2019-06-15T00:43:35.760" durationms="4.644" />

<exclusive-start id="1485" timestamp="2019-06-15T00:43:35.855" intervalms="98.819">
  <response-info timems="0.061" idlems="0.061" threads="0" lastid="000000000120C700" lastname="main" />
</exclusive-start>
<allocation-taxation id="1486" taxation-threshold="13631488" timestamp="2019-06-15T00:43:35.855" intervalms="98.825" />
<gc-start id="1487" type="global mark phase" contextid="1444" timestamp="2019-06-15T00:43:35.855">
  <mem-info id="1488" free="39845888" total="89128960" percent="44">
    <remembered-set count="56064" freebytes="3333504" totalbytes="3557760" percent="93" regionsoverflowed="0" regionsstable="0" regionsrebuilding="17"/>
  </mem-info>
</gc-start>
<gc-end id="1489" type="global mark phase" contextid="1444" durationms="0.068" usertimems="0.000" systemtimems="0.000" timestamp="2019-06-15T00:43:35.855" activeThreads="4">
  <mem-info id="1490" free="39845888" total="89128960" percent="44">
    <remembered-set count="56064" freebytes="3333504" totalbytes="3557760" percent="93" regionsoverflowed="0" regionsstable="0" regionsrebuilding="17"/>
  </mem-info>
</gc-end>
<concurrent-start id="1491" type="GMP work packet processing" contextid="1444" timestamp="2019-06-15T00:43:35.855">
  <concurrent-mark-start scanTarget="1704992" />
</concurrent-start>
<concurrent-end id="1492" type="GMP work packet processing" contextid="1444" timestamp="2019-06-15T00:43:35.856">
  <concurrent-mark-end bytesScanned="1741052" reasonForTermination="Work target met" />
</concurrent-end>

<exclusive-end id="1493" timestamp="2019-06-15T00:43:35.856" durationms="1.597" />

<exclusive-start id="1494" timestamp="2019-06-15T00:43:35.889" intervalms="33.907">
  <response-info timems="0.096" idlems="0.096" threads="0" lastid="000000000120C700" lastname="main" />
</exclusive-start>
<allocation-taxation id="1495" taxation-threshold="13631488" timestamp="2019-06-15T00:43:35.889" intervalms="33.877" />
<cycle-start id="1496" type="partial gc" contextid="0" timestamp="2019-06-15T00:43:35.889" intervalms="132.616" />
<gc-start id="1497" type="partial gc" contextid="1496" timestamp="2019-06-15T00:43:35.889">
  <mem-info id="1498" free="26214400" total="89128960" percent="29">
    <mem type="eden" free="1048504" total="28311552" percent="3" />
    <remembered-set count="64448" freebytes="3299968" totalbytes="3557760" percent="92" regionsoverflowed="0" regionsstable="0" regionsrebuilding="17"/>
  </mem-info>
</gc-start>
<allocation-stats totalBytes="27235960" >
  <allocated-bytes non-tlh="0" tlh="27235960" arrayletleaf="0"/>
  <largest-consumer threadName="main" threadId="000000000120C700" bytes="13617040" />
</allocation-stats>
<gc-op id="1499" type="copy forward" timems="1.616" contextid="1496" timestamp="2019-06-15T00:43:35.891">
  <memory-copied type="eden" objects="33" bytes="1432" bytesdiscarded="0" />
  <memory-copied type="other" objects="7" bytes="160" bytesdiscarded="0" />
  <memory-cardclean objects="109" bytes="4224" />
  <regions eden="26" other="2" />
  <remembered-set-cleared processed="61770" cleared="64" durationms="0.545" />
  <stringconstants candidates="13729" cleared="0"  />
</gc-op>
<gc-op id="1500" type="classunload" timems="0.005" contextid="1496" timestamp="2019-06-15T00:43:35.891">
  <classunload-info classloadercandidates="54" classloadersunloaded="0" classesunloaded="0" anonymousclassesunloaded="0" quiescems="0.000" setupms="0.005" scanms="0.000" postms="0.000" />
</gc-op>
<heap-resize id="1501" type="contract" space="default" amount="5242880" count="1" timems="0.069" reason="insufficient time being spent in gc" timestamp="2019-06-15T00:43:35.892" />
<gc-end id="1502" type="partial gc" contextid="1496" durationms="2.670" usertimems="8.000" systemtimems="0.000" timestamp="2019-06-15T00:43:35.892" activeThreads="1">
  <mem-info id="1503" free="48234496" total="83886080" percent="57">
    <mem type="eden" free="1047144" total="1048576" percent="99" />
    <remembered-set count="64736" freebytes="3298816" totalbytes="3557760" percent="92" regionsoverflowed="0" regionsstable="0" regionsrebuilding="17"/>
  </mem-info>
</gc-end>
<cycle-end id="1504" type="partial gc" contextid="1496" timestamp="2019-06-15T00:43:35.892" />
  <attribute name="elasticGC enabled" value="1" />
  <attribute name= "numThreadsSpecified" value="1" />
  <attribute name="heapSize specified" value="0" />
  <attribute name="Current GC Util" value="63" />
  <attribute name= "Current Time Running" value="75200" />
  <attribute name ="GC Interval" value="0" />
  <attribute name="ProportionalT" value="21.500000" />
  <attribute name="ProportionalI" value="21.500000" />
  <attribute name="ProportionalH" value="21.500000" />
  <attribute name="Current Error" value="43.000000" />
  <attribute name="IntegralT" value="0.000000" />
  <attribute name="IntegralI" value="0.000000" />
  <attribute name="IntegralH" value="0.000000" />
  <attribute name="DerivativeT" value="inf" />
  <attribute name="DerivativeI" value="inf" />
  <attribute name="DerivativeH" value="inf" />
  <attribute name="Loop Time for DT" value="0.000000" />
  <attribute name="Output H" value="8388608"/>
  <attribute name="Output I" value="200"/>
  <attribute name="Output T" value="1"/>
  <attribute name="Target GC Util Change" value ="20.000000" />
  <attribute name="Current GC Util Change" value="63.000000"/>
  <attribute name="GC Util currently" value="63" />
  <attribute name="CPU Util currently" value="21540774665089" />
<exclusive-end id="1505" timestamp="2019-06-15T00:43:35.892" durationms="3.608" />

<exclusive-start id="1506" timestamp="2019-06-15T00:43:35.912" intervalms="23.939">
  <response-info timems="0.047" idlems="0.047" threads="0" lastid="000000000120C700" lastname="main" />
</exclusive-start>
<allocation-taxation id="1507" taxation-threshold="13631488" timestamp="2019-06-15T00:43:35.913" intervalms="24.007" />
<gc-start id="1508" type="global mark phase" contextid="1444" timestamp="2019-06-15T00:43:35.913">
  <mem-info id="1509" free="34603008" total="83886080" percent="41">
    <remembered-set count="64384" freebytes="3300224" totalbytes="3557760" percent="92" regionsoverflowed="0" regionsstable="0" regionsrebuilding="17"/>
  </mem-info>
</gc-start>
<gc-end id="1510" type="global mark phase" contextid="1444" durationms="0.070" usertimems="0.000" systemtimems="0.000" timestamp="2019-06-15T00:43:35.913" activeThreads="1">
  <mem-info id="1511" free="34603008" total="83886080" percent="41">
    <remembered-set count="64384" freebytes="3300224" totalbytes="3557760" percent="92" regionsoverflowed="0" regionsstable="0" regionsrebuilding="17"/>
  </mem-info>
</gc-end>
<concurrent-start id="1512" type="GMP work packet processing" contextid="1444" timestamp="2019-06-15T00:43:35.913">
  <concurrent-mark-start scanTarget="1048576" />
</concurrent-start>
<exclusive-end id="1513" timestamp="2019-06-15T00:43:35.914" durationms="1.341" />

<concurrent-end id="1514" type="GMP work packet processing" contextid="1444" timestamp="2019-06-15T00:43:35.914">
  <concurrent-mark-end bytesScanned="781984" reasonForTermination="Completed all work in GC phase" />
</concurrent-end>

<exclusive-start id="1515" timestamp="2019-06-15T00:43:35.927" intervalms="14.177">
  <response-info timems="0.043" idlems="0.043" threads="0" lastid="000000000120C700" lastname="main" />
</exclusive-start>
<allocation-taxation id="1516" taxation-threshold="13631488" timestamp="2019-06-15T00:43:35.927" intervalms="14.130" />
<cycle-start id="1517" type="partial gc" contextid="0" timestamp="2019-06-15T00:43:35.927" intervalms="38.145" />
<gc-start id="1518" type="partial gc" contextid="1517" timestamp="2019-06-15T00:43:35.927">
  <mem-info id="1519" free="20971520" total="83886080" percent="25">
    <mem type="eden" free="0" total="27262976" percent="0" />
    <remembered-set count="80672" freebytes="3235072" totalbytes="3557760" percent="90" regionsoverflowed="0" regionsstable="0" regionsrebuilding="17"/>
  </mem-info>
</gc-start>
<allocation-stats totalBytes="27241376" >
  <allocated-bytes non-tlh="0" tlh="27241376" arrayletleaf="0"/>
  <largest-consumer threadName="main" threadId="000000000120C700" bytes="13621632" />
</allocation-stats>
<gc-op id="1520" type="copy forward" timems="3.783" contextid="1517" timestamp="2019-06-15T00:43:35.932">
  <memory-copied type="eden" objects="29" bytes="1504" bytesdiscarded="0" />
  <memory-copied type="other" objects="22" bytes="504" bytesdiscarded="0" />
  <memory-cardclean objects="56565" bytes="1650784" />
  <regions eden="26" other="2" />
  <remembered-set-cleared processed="49769" cleared="6878" durationms="0.504" />
  <stringconstants candidates="13729" cleared="0"  />
</gc-op>
<gc-op id="1521" type="classunload" timems="0.004" contextid="1517" timestamp="2019-06-15T00:43:35.932">
  <classunload-info classloadercandidates="54" classloadersunloaded="0" classesunloaded="0" anonymousclassesunloaded="0" quiescems="0.000" setupms="0.004" scanms="0.000" postms="0.000" />
</gc-op>
<gc-end id="1522" type="partial gc" contextid="1517" durationms="4.862" usertimems="8.000" systemtimems="0.000" timestamp="2019-06-15T00:43:35.932" activeThreads="1">
  <mem-info id="1523" free="47185920" total="83886080" percent="56">
    <mem type="eden" free="1047072" total="1048576" percent="99" />
    <remembered-set count="55744" freebytes="3125504" totalbytes="3348480" percent="93" regionsoverflowed="0" regionsstable="0" regionsrebuilding="17"/>
  </mem-info>
</gc-end>
<cycle-end id="1524" type="partial gc" contextid="1517" timestamp="2019-06-15T00:43:35.932" />
  <attribute name="elasticGC enabled" value="1" />
  <attribute name= "numThreadsSpecified" value="1" />
  <attribute name="heapSize specified" value="0" />
  <attribute name="Current GC Util" value="61" />
  <attribute name= "Current Time Running" value="75238" />
  <attribute name ="GC Interval" value="0" />
  <attribute name="ProportionalT" value="20.500000" />
  <attribute name="ProportionalI" value="20.500000" />
  <attribute name="ProportionalH" value="20.500000" />
  <attribute name="Current Error" value="41.000000" />
  <attribute name="IntegralT" value="0.000000" />
  <attribute name="IntegralI" value="0.000000" />
  <attribute name="IntegralH" value="0.000000" />
  <attribute name="DerivativeT" value="inf" />
  <attribute name="DerivativeI" value="inf" />
  <attribute name="DerivativeH" value="inf" />
  <attribute name="Loop Time for DT" value="0.000000" />
  <attribute name="Output H" value="8388608"/>
  <attribute name="Output I" value="200"/>
  <attribute name="Output T" value="1"/>
  <attribute name="Target GC Util Change" value ="20.000000" />
  <attribute name="Current GC Util Change" value="61.000000"/>
  <attribute name="GC Util currently" value="61" />
  <attribute name="CPU Util currently" value="9872783960261" />
<exclusive-end id="1525" timestamp="2019-06-15T00:43:35.932" durationms="5.709" />

<exclusive-start id="1526" timestamp="2019-06-15T00:43:35.996" intervalms="69.503">
  <response-info timems="0.048" idlems="0.048" threads="0" lastid="000000000120C700" lastname="main" />
</exclusive-start>
<allocation-taxation id="1527" taxation-threshold="13631488" timestamp="2019-06-15T00:43:35.996" intervalms="69.487" />
<gc-start id="1528" type="global mark phase" contextid="1444" timestamp="2019-06-15T00:43:35.996">
  <mem-info id="1529" free="33554432" total="83886080" percent="40">
    <remembered-set count="55392" freebytes="3126912" totalbytes="3348480" percent="93" regionsoverflowed="0" regionsstable="0" regionsrebuilding="17"/>
  </mem-info>
</gc-start>
<gc-op id="1530" type="mark increment" timems="2.680" contextid="1444" timestamp="2019-06-15T00:43:35.999">
  <trace-info objectcount="1401" scancount="921" scanbytes="141676" />
  <cardclean-info objects="99432" bytes="2378672" />
  <finalization candidates="80" enqueued="0" />
  <ownableSynchronizers candidates="22" cleared="0" />
  <references type="soft" candidates="3552" cleared="0" enqueued="0" dynamicThreshold="18" maxThreshold="32" />
  <references type="weak" candidates="5697" cleared="10" enqueued="7" />
  <references type="phantom" candidates="101" cleared="0" enqueued="0" />
  <stringconstants candidates="13771" cleared="99"  />
</gc-op>
<gc-op id="1531" type="classunload" timems="0.008" contextid="1444" timestamp="2019-06-15T00:43:35.999">
  <classunload-info classloadercandidates="54" classloadersunloaded="0" classesunloaded="0" anonymousclassesunloaded="0" quiescems="0.000" setupms="0.008" scanms="0.000" postms="0.000" />
</gc-op>
<gc-end id="1532" type="global mark phase" contextid="1444" durationms="2.930" usertimems="0.000" systemtimems="4.000" timestamp="2019-06-15T00:43:35.999" activeThreads="4">
  <mem-info id="1533" free="33554432" total="83886080" percent="40">
    <pending-finalizers system="0" default="0" reference="7" classloader="0" />
    <remembered-set count="66656" freebytes="3081856" totalbytes="3348480" percent="92" regionsoverflowed="0" regionsstable="0" regionsrebuilding="0"/>
  </mem-info>
</gc-end>
<cycle-end id="1534" type="global mark phase" contextid="1444" timestamp="2019-06-15T00:43:35.999" />
  <attribute name="elasticGC enabled" value="1" />
  <attribute name= "numThreadsSpecified" value="4" />
  <attribute name="heapSize specified" value="0" />
  <attribute name="Current GC Util" value="88" />
  <attribute name= "Current Time Running" value="75309" />
  <attribute name ="GC Interval" value="0" />
  <attribute name="ProportionalT" value="34.000000" />
  <attribute name="ProportionalI" value="34.000000" />
  <attribute name="ProportionalH" value="34.000000" />
  <attribute name="Current Error" value="68.000000" />
  <attribute name="IntegralT" value="68.000000" />
  <attribute name="IntegralI" value="68.000000" />
  <attribute name="IntegralH" value="68.000000" />
  <attribute name="DerivativeT" value="-98.000000" />
  <attribute name="DerivativeI" value="-98.000000" />
  <attribute name="DerivativeH" value="-98.000000" />
  <attribute name="Loop Time for DT" value="1.000000" />
  <attribute name="Output H" value="8388608"/>
  <attribute name="Output I" value="200"/>
  <attribute name="Output T" value="4"/>
  <attribute name="Target GC Util Change" value ="20.000000" />
  <attribute name="Current GC Util Change" value="88.000000"/>
  <attribute name="GC Util currently" value="88" />
  <attribute name="CPU Util currently" value="18581122631910" />
<exclusive-end id="1535" timestamp="2019-06-15T00:43:35.999" durationms="3.371" />

<exclusive-start id="1536" timestamp="2019-06-15T00:43:36.105" intervalms="109.095">
  <response-info timems="0.130" idlems="0.130" threads="0" lastid="000000000120C700" lastname="main" />
</exclusive-start>
<allocation-taxation id="1537" taxation-threshold="13631488" timestamp="2019-06-15T00:43:36.105" intervalms="109.087" />
<cycle-start id="1538" type="partial gc" contextid="0" timestamp="2019-06-15T00:43:36.105" intervalms="178.572" />
<gc-start id="1539" type="partial gc" contextid="1538" timestamp="2019-06-15T00:43:36.106">
  <mem-info id="1540" free="19922944" total="83886080" percent="23">
    <mem type="eden" free="0" total="27262976" percent="0" />
    <remembered-set count="16448" freebytes="3282688" totalbytes="3348480" percent="98" regionsoverflowed="0" regionsstable="17" regionsrebuilding="0"/>
  </mem-info>
</gc-start>
<allocation-stats totalBytes="27229112" >
  <allocated-bytes non-tlh="25864" tlh="27203248" arrayletleaf="0"/>
  <largest-consumer threadName="main" threadId="000000000120C700" bytes="13608656" />
</allocation-stats>
<gc-op id="1541" type="sweep" timems="0.670" contextid="1538" timestamp="2019-06-15T00:43:36.107" />
<gc-op id="1542" type="copy forward" timems="1.678" contextid="1538" timestamp="2019-06-15T00:43:36.109">
  <memory-copied type="eden" objects="5" bytes="4120" bytesdiscarded="135" />
  <memory-copied type="other" objects="1380" bytes="102016" bytesdiscarded="4921" />
  <memory-cardclean objects="348" bytes="24816" />
  <regions eden="13" other="4" />
  <remembered-set-cleared processed="15022" cleared="32" durationms="0.185" />
  <references type="soft" candidates="15" cleared="0" enqueued="0" dynamicThreshold="12" maxThreshold="32" />
  <references type="weak" candidates="52" cleared="0" enqueued="0" />
  <stringconstants candidates="13672" cleared="0"  />
</gc-op>
<gc-op id="1543" type="classunload" timems="0.005" contextid="1538" timestamp="2019-06-15T00:43:36.109">
  <classunload-info classloadercandidates="54" classloadersunloaded="0" classesunloaded="0" anonymousclassesunloaded="0" quiescems="0.000" setupms="0.005" scanms="0.000" postms="0.000" />
</gc-op>
<gc-end id="1544" type="partial gc" contextid="1538" durationms="3.332" usertimems="8.000" systemtimems="0.000" timestamp="2019-06-15T00:43:36.109" activeThreads="4">
  <mem-info id="1545" free="46137344" total="83886080" percent="55">
    <mem type="eden" free="937696" total="1048576" percent="89" />
    <remembered-set count="17184" freebytes="3279744" totalbytes="3348480" percent="97" regionsoverflowed="0" regionsstable="17" regionsrebuilding="0"/>
  </mem-info>
</gc-end>
<cycle-end id="1546" type="partial gc" contextid="1538" timestamp="2019-06-15T00:43:36.109" />
  <attribute name="elasticGC enabled" value="1" />
  <attribute name= "numThreadsSpecified" value="4" />
  <attribute name="heapSize specified" value="0" />
  <attribute name="Current GC Util" value="49" />
  <attribute name= "Current Time Running" value="75417" />
  <attribute name ="GC Interval" value="0" />
  <attribute name="ProportionalT" value="14.500000" />
  <attribute name="ProportionalI" value="14.500000" />
  <attribute name="ProportionalH" value="14.500000" />
  <attribute name="Current Error" value="29.000000" />
  <attribute name="IntegralT" value="0.000000" />
  <attribute name="IntegralI" value="0.000000" />
  <attribute name="IntegralH" value="0.000000" />
  <attribute name="DerivativeT" value="-inf" />
  <attribute name="DerivativeI" value="-inf" />
  <attribute name="DerivativeH" value="-inf" />
  <attribute name="Loop Time for DT" value="0.000000" />
  <attribute name="Output H" value="2091843584"/>
  <attribute name="Output I" value="200"/>
  <attribute name="Output T" value="4"/>
  <attribute name="Target GC Util Change" value ="20.000000" />
  <attribute name="Current GC Util Change" value="49.000000"/>
  <attribute name="GC Util currently" value="49" />
  <attribute name="CPU Util currently" value="22085984062523" />
<exclusive-end id="1547" timestamp="2019-06-15T00:43:36.109" durationms="4.052" />

<exclusive-start id="1548" timestamp="2019-06-15T00:43:36.289" intervalms="183.579">
  <response-info timems="0.038" idlems="0.038" threads="0" lastid="000000000120C700" lastname="main" />
</exclusive-start>
<allocation-taxation id="1549" taxation-threshold="27262976" timestamp="2019-06-15T00:43:36.289" intervalms="183.637" />
<cycle-start id="1550" type="partial gc" contextid="0" timestamp="2019-06-15T00:43:36.289" intervalms="183.726" />
<gc-start id="1551" type="partial gc" contextid="1550" timestamp="2019-06-15T00:43:36.290">
  <mem-info id="1552" free="18874368" total="83886080" percent="22">
    <mem type="eden" free="0" total="27262976" percent="0" />
    <remembered-set count="16736" freebytes="3281536" totalbytes="3348480" percent="98" regionsoverflowed="0" regionsstable="17" regionsrebuilding="0"/>
  </mem-info>
</gc-start>
<allocation-stats totalBytes="27230920" >
  <allocated-bytes non-tlh="0" tlh="27230920" arrayletleaf="0"/>
  <largest-consumer threadName="main" threadId="000000000120C700" bytes="27230920" />
</allocation-stats>
<gc-op id="1553" type="copy forward" timems="1.797" contextid="1550" timestamp="2019-06-15T00:43:36.292">
  <memory-copied type="eden" objects="44" bytes="1360" bytesdiscarded="2584" />
  <memory-copied type="other" objects="3608" bytes="180768" bytesdiscarded="13616" />
  <memory-cardclean objects="625" bytes="41568" />
  <regions eden="26" other="4" />
  <remembered-set-cleared processed="14946" cleared="139" durationms="0.169" />
  <finalization candidates="5" enqueued="0" />
  <references type="soft" candidates="17" cleared="0" enqueued="0" dynamicThreshold="17" maxThreshold="32" />
  <references type="weak" candidates="132" cleared="0" enqueued="0" />
  <stringconstants candidates="13672" cleared="0"  />
</gc-op>
<gc-op id="1554" type="classunload" timems="0.004" contextid="1550" timestamp="2019-06-15T00:43:36.292">
  <classunload-info classloadercandidates="54" classloadersunloaded="0" classesunloaded="0" anonymousclassesunloaded="0" quiescems="0.000" setupms="0.004" scanms="0.000" postms="0.000" />
</gc-op>
<heap-resize id="1555" type="contract" space="default" amount="4194304" count="1" timems="0.145" reason="insufficient time being spent in gc" timestamp="2019-06-15T00:43:36.292" />
<gc-end id="1556" type="partial gc" contextid="1550" durationms="2.966" usertimems="4.000" systemtimems="0.000" timestamp="2019-06-15T00:43:36.292" activeThreads="4">
  <mem-info id="1557" free="41943040" total="79691776" percent="52">
    <mem type="eden" free="1044632" total="1048576" percent="99" />
    <remembered-set count="16864" freebytes="3281024" totalbytes="3348480" percent="97" regionsoverflowed="0" regionsstable="17" regionsrebuilding="0"/>
  </mem-info>
</gc-end>
<cycle-end id="1558" type="partial gc" contextid="1550" timestamp="2019-06-15T00:43:36.293" />
  <attribute name="elasticGC enabled" value="1" />
  <attribute name= "numThreadsSpecified" value="4" />
  <attribute name="heapSize specified" value="0" />
  <attribute name="Current GC Util" value="56" />
  <attribute name= "Current Time Running" value="75601" />
  <attribute name ="GC Interval" value="0" />
  <attribute name="ProportionalT" value="18.000000" />
  <attribute name="ProportionalI" value="18.000000" />
  <attribute name="ProportionalH" value="18.000000" />
  <attribute name="Current Error" value="36.000000" />
  <attribute name="IntegralT" value="36.000000" />
  <attribute name="IntegralI" value="36.000000" />
  <attribute name="IntegralH" value="36.000000" />
  <attribute name="DerivativeT" value="36.000000" />
  <attribute name="DerivativeI" value="36.000000" />
  <attribute name="DerivativeH" value="36.000000" />
  <attribute name="Loop Time for DT" value="1.000000" />
  <attribute name="Output H" value="8388608"/>
  <attribute name="Output I" value="200"/>
  <attribute name="Output T" value="4"/>
  <attribute name="Target GC Util Change" value ="20.000000" />
  <attribute name="Current GC Util Change" value="56.000000"/>
  <attribute name="GC Util currently" value="56" />
  <attribute name="CPU Util currently" value="21486979681250" />
<exclusive-end id="1559" timestamp="2019-06-15T00:43:36.293" durationms="3.901" />

<exclusive-start id="1560" timestamp="2019-06-15T00:43:36.594" intervalms="305.229">
  <response-info timems="0.083" idlems="0.083" threads="0" lastid="000000000120C700" lastname="main" />
</exclusive-start>
<allocation-taxation id="1561" taxation-threshold="26214400" timestamp="2019-06-15T00:43:36.594" intervalms="305.220" />
<cycle-start id="1562" type="partial gc" contextid="0" timestamp="2019-06-15T00:43:36.594" intervalms="305.181" />
<gc-start id="1563" type="partial gc" contextid="1562" timestamp="2019-06-15T00:43:36.595">
  <mem-info id="1564" free="15728640" total="79691776" percent="19">
    <mem type="eden" free="0" total="26214400" percent="0" />
    <remembered-set count="16544" freebytes="3282304" totalbytes="3348480" percent="98" regionsoverflowed="0" regionsstable="17" regionsrebuilding="0"/>
  </mem-info>
</gc-start>
<allocation-stats totalBytes="26210064" >
  <allocated-bytes non-tlh="0" tlh="26210064" arrayletleaf="0"/>
  <largest-consumer threadName="main" threadId="000000000120C700" bytes="26210064" />
</allocation-stats>
<gc-op id="1565" type="copy forward" timems="5.052" contextid="1562" timestamp="2019-06-15T00:43:36.601">
  <memory-copied type="eden" objects="42" bytes="1440" bytesdiscarded="24" />
  <memory-copied type="other" objects="14893" bytes="656640" bytesdiscarded="67544" />
  <memory-cardclean objects="195175" bytes="6467648" />
  <regions eden="25" other="4" />
  <remembered-set-cleared processed="157" cleared="102" durationms="0.088" />
  <finalization candidates="44" enqueued="0" />
  <ownableSynchronizers candidates="1" cleared="0" />
  <references type="soft" candidates="315" cleared="0" enqueued="0" dynamicThreshold="16" maxThreshold="32" />
  <references type="weak" candidates="875" cleared="0" enqueued="0" />
  <references type="phantom" candidates="12" cleared="0" enqueued="0" />
  <stringconstants candidates="13672" cleared="0"  />
</gc-op>
<gc-op id="1566" type="classunload" timems="0.005" contextid="1562" timestamp="2019-06-15T00:43:36.601">
  <classunload-info classloadercandidates="54" classloadersunloaded="0" classesunloaded="0" anonymousclassesunloaded="0" quiescems="0.000" setupms="0.005" scanms="0.000" postms="0.000" />
</gc-op>
<heap-resize id="1567" type="contract" space="default" amount="4194304" count="1" timems="0.111" reason="insufficient time being spent in gc" timestamp="2019-06-15T00:43:36.601" />
<gc-end id="1568" type="partial gc" contextid="1562" durationms="6.413" usertimems="16.000" systemtimems="0.000" timestamp="2019-06-15T00:43:36.601" activeThreads="4">
  <mem-info id="1569" free="38797312" total="75497472" percent="51">
    <mem type="eden" free="1047112" total="1048576" percent="99" />
    <remembered-set count="16864" freebytes="3113600" totalbytes="3181056" percent="97" regionsoverflowed="0" regionsstable="17" regionsrebuilding="0"/>
  </mem-info>
</gc-end>
<cycle-end id="1570" type="partial gc" contextid="1562" timestamp="2019-06-15T00:43:36.601" />
  <attribute name="elasticGC enabled" value="1" />
  <attribute name= "numThreadsSpecified" value="4" />
  <attribute name="heapSize specified" value="0" />
  <attribute name="Current GC Util" value="28" />
  <attribute name= "Current Time Running" value="75906" />
  <attribute name ="GC Interval" value="0" />
  <attribute name="ProportionalT" value="4.000000" />
  <attribute name="ProportionalI" value="4.000000" />
  <attribute name="ProportionalH" value="4.000000" />
  <attribute name="Current Error" value="8.000000" />
  <attribute name="IntegralT" value="8.000000" />
  <attribute name="IntegralI" value="8.000000" />
  <attribute name="IntegralH" value="8.000000" />
  <attribute name="DerivativeT" value="8.000000" />
  <attribute name="DerivativeI" value="8.000000" />
  <attribute name="DerivativeH" value="8.000000" />
  <attribute name="Loop Time for DT" value="1.000000" />
  <attribute name="Output H" value="8388608"/>
  <attribute name="Output I" value="200"/>
  <attribute name="Output T" value="4"/>
  <attribute name="Target GC Util Change" value ="20.000000" />
  <attribute name="Current GC Util Change" value="28.000000"/>
  <attribute name="GC Util currently" value="28" />
  <attribute name="CPU Util currently" value="9161531637314" />
<exclusive-end id="1571" timestamp="2019-06-15T00:43:36.602" durationms="7.538" />

<exclusive-start id="1572" timestamp="2019-06-15T00:43:36.655" intervalms="61.170">
  <response-info timems="0.125" idlems="0.125" threads="0" lastid="000000000120C700" lastname="main" />
</exclusive-start>
<allocation-taxation id="1573" taxation-threshold="25165824" timestamp="2019-06-15T00:43:36.655" intervalms="61.137" />
<cycle-start id="1574" type="partial gc" contextid="0" timestamp="2019-06-15T00:43:36.655" intervalms="61.082" />
<gc-start id="1575" type="partial gc" contextid="1574" timestamp="2019-06-15T00:43:36.656">
  <mem-info id="1576" free="13631488" total="75497472" percent="18">
    <mem type="eden" free="0" total="25165824" percent="0" />
    <remembered-set count="16736" freebytes="3114112" totalbytes="3181056" percent="97" regionsoverflowed="0" regionsstable="17" regionsrebuilding="0"/>
  </mem-info>
</gc-start>
<allocation-stats totalBytes="25161256" >
  <allocated-bytes non-tlh="0" tlh="25161256" arrayletleaf="0"/>
  <largest-consumer threadName="main" threadId="000000000120C700" bytes="25161256" />
</allocation-stats>
<gc-op id="1577" type="copy forward" timems="1.405" contextid="1574" timestamp="2019-06-15T00:43:36.658">
  <memory-copied type="eden" objects="4" bytes="200" bytesdiscarded="0" />
  <memory-copied type="other" objects="54" bytes="1600" bytesdiscarded="688" />
  <memory-cardclean objects="85" bytes="11728" />
  <regions eden="24" other="2" />
  <remembered-set-cleared processed="14928" cleared="31" durationms="0.182" />
  <references type="weak" candidates="16" cleared="0" enqueued="0" />
  <stringconstants candidates="13672" cleared="0"  />
</gc-op>
<gc-op id="1578" type="classunload" timems="0.004" contextid="1574" timestamp="2019-06-15T00:43:36.658">
  <classunload-info classloadercandidates="54" classloadersunloaded="0" classesunloaded="0" anonymousclassesunloaded="0" quiescems="0.000" setupms="0.004" scanms="0.000" postms="0.000" />
</gc-op>
<heap-resize id="1579" type="contract" space="default" amount="4194304" count="1" timems="0.081" reason="insufficient time being spent in gc" timestamp="2019-06-15T00:43:36.658" />
<gc-end id="1580" type="partial gc" contextid="1574" durationms="2.591" usertimems="4.000" systemtimems="0.000" timestamp="2019-06-15T00:43:36.658" activeThreads="4">
  <mem-info id="1581" free="33554432" total="71303168" percent="47">
    <mem type="eden" free="1048376" total="1048576" percent="99" />
    <remembered-set count="17216" freebytes="2944768" totalbytes="3013632" percent="97" regionsoverflowed="0" regionsstable="17" regionsrebuilding="0"/>
  </mem-info>
</gc-end>
<cycle-end id="1582" type="partial gc" contextid="1574" timestamp="2019-06-15T00:43:36.658" />
  <attribute name="elasticGC enabled" value="1" />
  <attribute name= "numThreadsSpecified" value="4" />
  <attribute name="heapSize specified" value="0" />
  <attribute name="Current GC Util" value="38" />
  <attribute name= "Current Time Running" value="75967" />
  <attribute name ="GC Interval" value="0" />
  <attribute name="ProportionalT" value="9.000000" />
  <attribute name="ProportionalI" value="9.000000" />
  <attribute name="ProportionalH" value="9.000000" />
  <attribute name="Current Error" value="18.000000" />
  <attribute name="IntegralT" value="18.000000" />
  <attribute name="IntegralI" value="18.000000" />
  <attribute name="IntegralH" value="18.000000" />
  <attribute name="DerivativeT" value="11.000000" />
  <attribute name="DerivativeI" value="11.000000" />
  <attribute name="DerivativeH" value="11.000000" />
  <attribute name="Loop Time for DT" value="1.000000" />
  <attribute name="Output H" value="8388608"/>
  <attribute name="Output I" value="200"/>
  <attribute name="Output T" value="4"/>
  <attribute name="Target GC Util Change" value ="20.000000" />
  <attribute name="Current GC Util Change" value="38.000000"/>
  <attribute name="GC Util currently" value="38" />
  <attribute name="CPU Util currently" value="10692772815321" />
<exclusive-end id="1583" timestamp="2019-06-15T00:43:36.659" durationms="3.438" />

<exclusive-start id="1584" timestamp="2019-06-15T00:43:36.681" intervalms="26.256">
  <response-info timems="0.045" idlems="0.045" threads="0" lastid="000000000120C700" lastname="main" />
</exclusive-start>
<allocation-taxation id="1585" taxation-threshold="11534336" timestamp="2019-06-15T00:43:36.682" intervalms="26.277" />
<cycle-start id="1586" type="global mark phase" contextid="0" timestamp="2019-06-15T00:43:36.682" intervalms="982.240" />
<gc-start id="1587" type="global mark phase" contextid="1586" timestamp="2019-06-15T00:43:36.682">
  <mem-info id="1588" free="22020096" total="71303168" percent="30">
    <remembered-set count="17056" freebytes="2945408" totalbytes="3013632" percent="97" regionsoverflowed="0" regionsstable="17" regionsrebuilding="0"/>
  </mem-info>
</gc-start>
<gc-op id="1589" type="mark increment" timems="0.786" contextid="1586" timestamp="2019-06-15T00:43:36.683">
  <trace-info objectcount="4389" scancount="492" scanbytes="25476" />
</gc-op>
<gc-end id="1590" type="global mark phase" contextid="1586" durationms="0.894" usertimems="4.000" systemtimems="0.000" timestamp="2019-06-15T00:43:36.683" activeThreads="4">
  <mem-info id="1591" free="22020096" total="71303168" percent="30">
    <remembered-set count="18080" freebytes="2941312" totalbytes="3013632" percent="97" regionsoverflowed="0" regionsstable="0" regionsrebuilding="17"/>
  </mem-info>
</gc-end>
<concurrent-start id="1592" type="GMP work packet processing" contextid="1586" timestamp="2019-06-15T00:43:36.683">
  <concurrent-mark-start scanTarget="1775225" />
</concurrent-start>
<exclusive-end id="1593" timestamp="2019-06-15T00:43:36.683" durationms="1.443" />

<concurrent-end id="1594" type="GMP work packet processing" contextid="1586" timestamp="2019-06-15T00:43:36.688">
  <concurrent-mark-end bytesScanned="1776920" reasonForTermination="Work target met" />
</concurrent-end>

<exclusive-start id="1595" timestamp="2019-06-15T00:43:36.705" intervalms="23.970">
  <response-info timems="0.159" idlems="0.159" threads="0" lastid="000000000120C700" lastname="main" />
</exclusive-start>
<allocation-taxation id="1596" taxation-threshold="11534336" timestamp="2019-06-15T00:43:36.706" intervalms="23.977" />
<cycle-start id="1597" type="partial gc" contextid="0" timestamp="2019-06-15T00:43:36.706" intervalms="50.349" />
<gc-start id="1598" type="partial gc" contextid="1597" timestamp="2019-06-15T00:43:36.706">
  <mem-info id="1599" free="10485760" total="71303168" percent="14">
    <mem type="eden" free="1048376" total="24117248" percent="4" />
    <remembered-set count="25216" freebytes="2912768" totalbytes="3013632" percent="96" regionsoverflowed="0" regionsstable="0" regionsrebuilding="17"/>
  </mem-info>
</gc-start>
<allocation-stats totalBytes="23064496" >
  <allocated-bytes non-tlh="0" tlh="23064496" arrayletleaf="0"/>
  <largest-consumer threadName="main" threadId="000000000120C700" bytes="11532416" />
</allocation-stats>
<gc-op id="1600" type="copy forward" timems="1.366" contextid="1597" timestamp="2019-06-15T00:43:36.708">
  <memory-copied type="eden" objects="13" bytes="464" bytesdiscarded="0" />
  <memory-copied type="other" objects="21" bytes="480" bytesdiscarded="0" />
  <memory-cardclean objects="70" bytes="2896" />
  <regions eden="22" other="2" />
  <remembered-set-cleared processed="22682" cleared="44" durationms="0.287" />
  <stringconstants candidates="13672" cleared="0"  />
</gc-op>
<gc-op id="1601" type="classunload" timems="0.005" contextid="1597" timestamp="2019-06-15T00:43:36.709">
  <classunload-info classloadercandidates="54" classloadersunloaded="0" classesunloaded="0" anonymousclassesunloaded="0" quiescems="0.000" setupms="0.004" scanms="0.000" postms="0.000" />
</gc-op>
<gc-end id="1602" type="partial gc" contextid="1597" durationms="2.678" usertimems="4.000" systemtimems="0.000" timestamp="2019-06-15T00:43:36.709" activeThreads="1">
  <mem-info id="1603" free="33554432" total="71303168" percent="47">
    <mem type="eden" free="1048112" total="1048576" percent="99" />
    <remembered-set count="24256" freebytes="2749184" totalbytes="2846208" percent="96" regionsoverflowed="0" regionsstable="0" regionsrebuilding="17"/>
  </mem-info>
</gc-end>
<cycle-end id="1604" type="partial gc" contextid="1597" timestamp="2019-06-15T00:43:36.709" />
  <attribute name="elasticGC enabled" value="1" />
  <attribute name= "numThreadsSpecified" value="1" />
  <attribute name="heapSize specified" value="0" />
  <attribute name="Current GC Util" value="38" />
  <attribute name= "Current Time Running" value="76017" />
  <attribute name ="GC Interval" value="0" />
  <attribute name="ProportionalT" value="9.000000" />
  <attribute name="ProportionalI" value="9.000000" />
  <attribute name="ProportionalH" value="9.000000" />
  <attribute name="Current Error" value="18.000000" />
  <attribute name="IntegralT" value="0.000000" />
  <attribute name="IntegralI" value="0.000000" />
  <attribute name="IntegralH" value="0.000000" />
  <attribute name="DerivativeT" value="inf" />
  <attribute name="DerivativeI" value="inf" />
  <attribute name="DerivativeH" value="inf" />
  <attribute name="Loop Time for DT" value="0.000000" />
  <attribute name="Output H" value="8388608"/>
  <attribute name="Output I" value="200"/>
  <attribute name="Output T" value="1"/>
  <attribute name="Target GC Util Change" value ="20.000000" />
  <attribute name="Current GC Util Change" value="38.000000"/>
  <attribute name="GC Util currently" value="38" />
  <attribute name="CPU Util currently" value="9268025320756" />
<exclusive-end id="1605" timestamp="2019-06-15T00:43:36.709" durationms="3.739" />

<exclusive-start id="1606" timestamp="2019-06-15T00:43:36.732" intervalms="26.512">
  <response-info timems="0.162" idlems="0.162" threads="0" lastid="000000000120C700" lastname="main" />
</exclusive-start>
<allocation-taxation id="1607" taxation-threshold="11534336" timestamp="2019-06-15T00:43:36.732" intervalms="26.552" />
<gc-start id="1608" type="global mark phase" contextid="1586" timestamp="2019-06-15T00:43:36.732">
  <mem-info id="1609" free="22020096" total="71303168" percent="30">
    <remembered-set count="24000" freebytes="2750208" totalbytes="2846208" percent="96" regionsoverflowed="0" regionsstable="0" regionsrebuilding="17"/>
  </mem-info>
</gc-start>
<gc-end id="1610" type="global mark phase" contextid="1586" durationms="0.069" usertimems="0.000" systemtimems="0.000" timestamp="2019-06-15T00:43:36.732" activeThreads="1">
  <mem-info id="1611" free="22020096" total="71303168" percent="30">
    <remembered-set count="24000" freebytes="2750208" totalbytes="2846208" percent="96" regionsoverflowed="0" regionsstable="0" regionsrebuilding="17"/>
  </mem-info>
</gc-end>
<concurrent-start id="1612" type="GMP work packet processing" contextid="1586" timestamp="2019-06-15T00:43:36.733">
  <concurrent-mark-start scanTarget="2219032" />
</concurrent-start>
<concurrent-end id="1613" type="GMP work packet processing" contextid="1586" timestamp="2019-06-15T00:43:36.734">
  <concurrent-mark-end bytesScanned="2269556" reasonForTermination="Work target met" />
</concurrent-end>

<exclusive-end id="1614" timestamp="2019-06-15T00:43:36.734" durationms="1.955" />

<exclusive-start id="1615" timestamp="2019-06-15T00:43:36.757" intervalms="24.813">
  <response-info timems="0.108" idlems="0.108" threads="0" lastid="000000000120C700" lastname="main" />
</exclusive-start>
<allocation-taxation id="1616" taxation-threshold="11534336" timestamp="2019-06-15T00:43:36.757" intervalms="24.758" />
<cycle-start id="1617" type="partial gc" contextid="0" timestamp="2019-06-15T00:43:36.757" intervalms="51.301" />
<gc-start id="1618" type="partial gc" contextid="1617" timestamp="2019-06-15T00:43:36.757">
  <mem-info id="1619" free="10485760" total="71303168" percent="14">
    <mem type="eden" free="1048112" total="24117248" percent="4" />
    <remembered-set count="35264" freebytes="2705152" totalbytes="2846208" percent="95" regionsoverflowed="0" regionsstable="0" regionsrebuilding="17"/>
  </mem-info>
</gc-start>
<allocation-stats totalBytes="23064416" >
  <allocated-bytes non-tlh="0" tlh="23064416" arrayletleaf="0"/>
  <largest-consumer threadName="main" threadId="000000000120C700" bytes="11531944" />
</allocation-stats>
<gc-op id="1620" type="copy forward" timems="1.580" contextid="1617" timestamp="2019-06-15T00:43:36.760">
  <memory-copied type="eden" objects="5" bytes="240" bytesdiscarded="0" />
  <memory-copied type="other" objects="86" bytes="2160" bytesdiscarded="784" />
  <memory-cardclean objects="125" bytes="5104" />
  <regions eden="22" other="4" />
  <remembered-set-cleared processed="32363" cleared="95" durationms="0.208" />
  <references type="soft" candidates="317" cleared="0" enqueued="0" dynamicThreshold="9" maxThreshold="32" />
  <references type="weak" candidates="844" cleared="0" enqueued="0" />
  <references type="phantom" candidates="12" cleared="0" enqueued="0" />
  <stringconstants candidates="13672" cleared="0"  />
</gc-op>
<gc-op id="1621" type="classunload" timems="0.006" contextid="1617" timestamp="2019-06-15T00:43:36.760">
  <classunload-info classloadercandidates="54" classloadersunloaded="0" classesunloaded="0" anonymousclassesunloaded="0" quiescems="0.000" setupms="0.006" scanms="0.000" postms="0.000" />
</gc-op>
<gc-end id="1622" type="partial gc" contextid="1617" durationms="2.576" usertimems="4.000" systemtimems="0.000" timestamp="2019-06-15T00:43:36.760" activeThreads="4">
  <mem-info id="1623" free="35651584" total="71303168" percent="50">
    <mem type="eden" free="1048336" total="1048576" percent="99" />
    <remembered-set count="36192" freebytes="2701440" totalbytes="2846208" percent="94" regionsoverflowed="0" regionsstable="0" regionsrebuilding="17"/>
  </mem-info>
</gc-end>
<cycle-end id="1624" type="partial gc" contextid="1617" timestamp="2019-06-15T00:43:36.760" />
  <attribute name="elasticGC enabled" value="1" />
  <attribute name= "numThreadsSpecified" value="4" />
  <attribute name="heapSize specified" value="0" />
  <attribute name="Current GC Util" value="50" />
  <attribute name= "Current Time Running" value="76069" />
  <attribute name ="GC Interval" value="0" />
  <attribute name="ProportionalT" value="15.000000" />
  <attribute name="ProportionalI" value="15.000000" />
  <attribute name="ProportionalH" value="15.000000" />
  <attribute name="Current Error" value="30.000000" />
  <attribute name="IntegralT" value="30.000000" />
  <attribute name="IntegralI" value="30.000000" />
  <attribute name="IntegralH" value="30.000000" />
  <attribute name="DerivativeT" value="30.000000" />
  <attribute name="DerivativeI" value="30.000000" />
  <attribute name="DerivativeH" value="30.000000" />
  <attribute name="Loop Time for DT" value="1.000000" />
  <attribute name="Output H" value="8388608"/>
  <attribute name="Output I" value="200"/>
  <attribute name="Output T" value="4"/>
  <attribute name="Target GC Util Change" value ="20.000000" />
  <attribute name="Current GC Util Change" value="50.000000"/>
  <attribute name="GC Util currently" value="50" />
  <attribute name="CPU Util currently" value="16480725269959" />
<exclusive-end id="1625" timestamp="2019-06-15T00:43:36.760" durationms="3.556" />

<exclusive-start id="1626" timestamp="2019-06-15T00:43:36.782" intervalms="25.546">
  <response-info timems="0.219" idlems="0.219" threads="0" lastid="000000000120C700" lastname="main" />
</exclusive-start>
<allocation-taxation id="1627" taxation-threshold="11534336" timestamp="2019-06-15T00:43:36.782" intervalms="25.558" />
<gc-start id="1628" type="global mark phase" contextid="1586" timestamp="2019-06-15T00:43:36.783">
  <mem-info id="1629" free="24117248" total="71303168" percent="33">
    <remembered-set count="35872" freebytes="2702720" totalbytes="2846208" percent="94" regionsoverflowed="0" regionsstable="0" regionsrebuilding="17"/>
  </mem-info>
</gc-start>
<gc-end id="1630" type="global mark phase" contextid="1586" durationms="0.070" usertimems="0.000" systemtimems="0.000" timestamp="2019-06-15T00:43:36.783" activeThreads="4">
  <mem-info id="1631" free="24117248" total="71303168" percent="33">
    <remembered-set count="35872" freebytes="2702720" totalbytes="2846208" percent="94" regionsoverflowed="0" regionsstable="0" regionsrebuilding="17"/>
  </mem-info>
</gc-end>
<concurrent-start id="1632" type="GMP work packet processing" contextid="1586" timestamp="2019-06-15T00:43:36.783">
  <concurrent-mark-start scanTarget="1775225" />
</concurrent-start>
<exclusive-end id="1633" timestamp="2019-06-15T00:43:36.784" durationms="1.498" />

<concurrent-end id="1634" type="GMP work packet processing" contextid="1586" timestamp="2019-06-15T00:43:36.784">
  <concurrent-mark-end bytesScanned="1823488" reasonForTermination="Work target met" />
</concurrent-end>

<exclusive-start id="1635" timestamp="2019-06-15T00:43:36.803" intervalms="20.392">
  <response-info timems="0.033" idlems="0.033" threads="0" lastid="000000000120C700" lastname="main" />
</exclusive-start>
<allocation-taxation id="1636" taxation-threshold="11534336" timestamp="2019-06-15T00:43:36.803" intervalms="20.373" />
<cycle-start id="1637" type="partial gc" contextid="0" timestamp="2019-06-15T00:43:36.803" intervalms="45.929" />
<gc-start id="1638" type="partial gc" contextid="1637" timestamp="2019-06-15T00:43:36.803">
  <mem-info id="1639" free="12582912" total="71303168" percent="17">
    <mem type="eden" free="1048336" total="24117248" percent="4" />
    <remembered-set count="40864" freebytes="2682752" totalbytes="2846208" percent="94" regionsoverflowed="0" regionsstable="0" regionsrebuilding="17"/>
  </mem-info>
</gc-start>
<allocation-stats totalBytes="23042544" >
  <allocated-bytes non-tlh="0" tlh="23042544" arrayletleaf="0"/>
  <largest-consumer threadName="main" threadId="000000000120C700" bytes="11517624" />
</allocation-stats>
<gc-op id="1640" type="copy forward" timems="1.619" contextid="1637" timestamp="2019-06-15T00:43:36.806">
  <memory-copied type="eden" objects="30" bytes="1456" bytesdiscarded="0" />
  <memory-copied type="other" objects="30" bytes="704" bytesdiscarded="0" />
  <memory-cardclean objects="87" bytes="11592" />
  <regions eden="22" other="2" />
  <remembered-set-cleared processed="38239" cleared="76" durationms="0.405" />
  <references type="weak" candidates="4" cleared="0" enqueued="0" />
  <stringconstants candidates="13672" cleared="0"  />
</gc-op>
<gc-op id="1641" type="classunload" timems="0.004" contextid="1637" timestamp="2019-06-15T00:43:36.806">
  <classunload-info classloadercandidates="54" classloadersunloaded="0" classesunloaded="0" anonymousclassesunloaded="0" quiescems="0.000" setupms="0.003" scanms="0.000" postms="0.000" />
</gc-op>
<gc-end id="1642" type="partial gc" contextid="1637" durationms="2.664" usertimems="4.000" systemtimems="0.000" timestamp="2019-06-15T00:43:36.806" activeThreads="1">
  <mem-info id="1643" free="35651584" total="71303168" percent="50">
    <mem type="eden" free="1047120" total="1048576" percent="99" />
    <remembered-set count="41024" freebytes="2682112" totalbytes="2846208" percent="94" regionsoverflowed="0" regionsstable="0" regionsrebuilding="17"/>
  </mem-info>
</gc-end>
<cycle-end id="1644" type="partial gc" contextid="1637" timestamp="2019-06-15T00:43:36.806" />
  <attribute name="elasticGC enabled" value="1" />
  <attribute name= "numThreadsSpecified" value="1" />
  <attribute name="heapSize specified" value="0" />
  <attribute name="Current GC Util" value="66" />
  <attribute name= "Current Time Running" value="76114" />
  <attribute name ="GC Interval" value="0" />
  <attribute name="ProportionalT" value="23.000000" />
  <attribute name="ProportionalI" value="23.000000" />
  <attribute name="ProportionalH" value="23.000000" />
  <attribute name="Current Error" value="46.000000" />
  <attribute name="IntegralT" value="0.000000" />
  <attribute name="IntegralI" value="0.000000" />
  <attribute name="IntegralH" value="0.000000" />
  <attribute name="DerivativeT" value="inf" />
  <attribute name="DerivativeI" value="inf" />
  <attribute name="DerivativeH" value="inf" />
  <attribute name="Loop Time for DT" value="0.000000" />
  <attribute name="Output H" value="8388608"/>
  <attribute name="Output I" value="200"/>
  <attribute name="Output T" value="1"/>
  <attribute name="Target GC Util Change" value ="20.000000" />
  <attribute name="Current GC Util Change" value="66.000000"/>
  <attribute name="GC Util currently" value="66" />
  <attribute name="CPU Util currently" value="18284523654284" />
<exclusive-end id="1645" timestamp="2019-06-15T00:43:36.806" durationms="3.694" />

<exclusive-start id="1646" timestamp="2019-06-15T00:43:36.814" intervalms="11.090">
  <response-info timems="0.123" idlems="0.123" threads="0" lastid="000000000120C700" lastname="main" />
</exclusive-start>
<allocation-taxation id="1647" taxation-threshold="11534336" timestamp="2019-06-15T00:43:36.814" intervalms="11.151" />
<gc-start id="1648" type="global mark phase" contextid="1586" timestamp="2019-06-15T00:43:36.814">
  <mem-info id="1649" free="24117248" total="71303168" percent="33">
    <remembered-set count="40736" freebytes="2683264" totalbytes="2846208" percent="94" regionsoverflowed="0" regionsstable="0" regionsrebuilding="17"/>
  </mem-info>
</gc-start>
<gc-end id="1650" type="global mark phase" contextid="1586" durationms="0.151" usertimems="0.000" systemtimems="0.000" timestamp="2019-06-15T00:43:36.814" activeThreads="1">
  <mem-info id="1651" free="24117248" total="71303168" percent="33">
    <remembered-set count="40736" freebytes="2683264" totalbytes="2846208" percent="94" regionsoverflowed="0" regionsstable="0" regionsrebuilding="17"/>
  </mem-info>
</gc-end>
<concurrent-start id="1652" type="GMP work packet processing" contextid="1586" timestamp="2019-06-15T00:43:36.815">
  <concurrent-mark-start scanTarget="1048576" />
</concurrent-start>
<exclusive-end id="1653" timestamp="2019-06-15T00:43:36.815" durationms="1.594" />

<concurrent-end id="1654" type="GMP work packet processing" contextid="1586" timestamp="2019-06-15T00:43:36.815">
  <concurrent-mark-end bytesScanned="1093576" reasonForTermination="Work target met" />
</concurrent-end>

<exclusive-start id="1655" timestamp="2019-06-15T00:43:36.823" intervalms="8.795">
  <response-info timems="0.078" idlems="0.078" threads="0" lastid="000000000120C700" lastname="main" />
</exclusive-start>
<allocation-taxation id="1656" taxation-threshold="11534336" timestamp="2019-06-15T00:43:36.823" intervalms="8.783" />
<cycle-start id="1657" type="partial gc" contextid="0" timestamp="2019-06-15T00:43:36.823" intervalms="19.973" />
<gc-start id="1658" type="partial gc" contextid="1657" timestamp="2019-06-15T00:43:36.823">
  <mem-info id="1659" free="12582912" total="71303168" percent="17">
    <mem type="eden" free="0" total="23068672" percent="0" />
    <remembered-set count="43456" freebytes="2672384" totalbytes="2846208" percent="93" regionsoverflowed="0" regionsstable="0" regionsrebuilding="17"/>
  </mem-info>
</gc-start>
<allocation-stats totalBytes="23037240" >
  <allocated-bytes non-tlh="0" tlh="23037240" arrayletleaf="0"/>
  <largest-consumer threadName="main" threadId="000000000120C700" bytes="11518416" />
</allocation-stats>
<gc-op id="1660" type="copy forward" timems="1.462" contextid="1657" timestamp="2019-06-15T00:43:36.826">
  <memory-copied type="eden" objects="4" bytes="112" bytesdiscarded="680" />
  <memory-copied type="other" objects="62" bytes="2288" bytesdiscarded="1816" />
  <memory-cardclean objects="81" bytes="11768" />
  <regions eden="22" other="2" />
  <remembered-set-cleared processed="40360" cleared="87" durationms="0.192" />
  <references type="weak" candidates="6" cleared="0" enqueued="0" />
  <stringconstants candidates="13672" cleared="0"  />
</gc-op>
<gc-op id="1661" type="classunload" timems="0.004" contextid="1657" timestamp="2019-06-15T00:43:36.826">
  <classunload-info classloadercandidates="54" classloadersunloaded="0" classesunloaded="0" anonymousclassesunloaded="0" quiescems="0.000" setupms="0.004" scanms="0.000" postms="0.000" />
</gc-op>
<heap-resize id="1662" type="expand" space="default" amount="12582912" count="1" timems="0.087" reason="excessive time being spent in gc" timestamp="2019-06-15T00:43:36.826" />
<gc-end id="1663" type="partial gc" contextid="1657" durationms="2.769" usertimems="4.000" systemtimems="0.000" timestamp="2019-06-15T00:43:36.826" activeThreads="4">
  <mem-info id="1664" free="47185920" total="83886080" percent="56">
    <mem type="eden" free="1047784" total="1048576" percent="99" />
    <remembered-set count="43552" freebytes="3174272" totalbytes="3348480" percent="94" regionsoverflowed="0" regionsstable="0" regionsrebuilding="17"/>
  </mem-info>
</gc-end>
<cycle-end id="1665" type="partial gc" contextid="1657" timestamp="2019-06-15T00:43:36.826" />
  <attribute name="elasticGC enabled" value="1" />
  <attribute name= "numThreadsSpecified" value="4" />
  <attribute name="heapSize specified" value="0" />
  <attribute name="Current GC Util" value="47" />
  <attribute name= "Current Time Running" value="76135" />
  <attribute name ="GC Interval" value="0" />
  <attribute name="ProportionalT" value="13.500000" />
  <attribute name="ProportionalI" value="13.500000" />
  <attribute name="ProportionalH" value="13.500000" />
  <attribute name="Current Error" value="27.000000" />
  <attribute name="IntegralT" value="27.000000" />
  <attribute name="IntegralI" value="27.000000" />
  <attribute name="IntegralH" value="27.000000" />
  <attribute name="DerivativeT" value="27.000000" />
  <attribute name="DerivativeI" value="27.000000" />
  <attribute name="DerivativeH" value="27.000000" />
  <attribute name="Loop Time for DT" value="1.000000" />
  <attribute name="Output H" value="8388608"/>
  <attribute name="Output I" value="200"/>
  <attribute name="Output T" value="4"/>
  <attribute name="Target GC Util Change" value ="20.000000" />
  <attribute name="Current GC Util Change" value="47.000000"/>
  <attribute name="GC Util currently" value="47" />
  <attribute name="CPU Util currently" value="15551072115495" />
<exclusive-end id="1666" timestamp="2019-06-15T00:43:36.826" durationms="3.864" />

<exclusive-start id="1667" timestamp="2019-06-15T00:43:36.835" intervalms="12.391">
  <response-info timems="0.078" idlems="0.078" threads="0" lastid="000000000120C700" lastname="main" />
</exclusive-start>
<allocation-taxation id="1668" taxation-threshold="13631488" timestamp="2019-06-15T00:43:36.835" intervalms="12.387" />
<gc-start id="1669" type="global mark phase" contextid="1586" timestamp="2019-06-15T00:43:36.835">
  <mem-info id="1670" free="33554432" total="83886080" percent="40">
    <remembered-set count="43296" freebytes="3175296" totalbytes="3348480" percent="94" regionsoverflowed="0" regionsstable="0" regionsrebuilding="17"/>
  </mem-info>
</gc-start>
<gc-end id="1671" type="global mark phase" contextid="1586" durationms="0.143" usertimems="0.000" systemtimems="0.000" timestamp="2019-06-15T00:43:36.836" activeThreads="4">
  <mem-info id="1672" free="33554432" total="83886080" percent="40">
    <remembered-set count="43296" freebytes="3175296" totalbytes="3348480" percent="94" regionsoverflowed="0" regionsstable="0" regionsrebuilding="17"/>
  </mem-info>
</gc-end>
<concurrent-start id="1673" type="GMP work packet processing" contextid="1586" timestamp="2019-06-15T00:43:36.836">
  <concurrent-mark-start scanTarget="1775225" />
</concurrent-start>
<concurrent-end id="1675" type="GMP work packet processing" contextid="1586" timestamp="2019-06-15T00:43:36.837">
  <concurrent-mark-end bytesScanned="1814560" reasonForTermination="Work target met" />
</concurrent-end>

<exclusive-end id="1674" timestamp="2019-06-15T00:43:36.837" durationms="1.843" />

<exclusive-start id="1676" timestamp="2019-06-15T00:43:36.845" intervalms="10.369">
  <response-info timems="0.079" idlems="0.079" threads="0" lastid="000000000120C700" lastname="main" />
</exclusive-start>
<allocation-taxation id="1677" taxation-threshold="13631488" timestamp="2019-06-15T00:43:36.846" intervalms="10.321" />
<cycle-start id="1678" type="partial gc" contextid="0" timestamp="2019-06-15T00:43:36.846" intervalms="22.694" />
<gc-start id="1679" type="partial gc" contextid="1678" timestamp="2019-06-15T00:43:36.846">
  <mem-info id="1680" free="19922944" total="83886080" percent="23">
    <mem type="eden" free="1047784" total="28311552" percent="3" />
    <remembered-set count="48096" freebytes="3156096" totalbytes="3348480" percent="94" regionsoverflowed="0" regionsstable="0" regionsrebuilding="17"/>
  </mem-info>
</gc-start>
<allocation-stats totalBytes="27225384" >
  <allocated-bytes non-tlh="0" tlh="27225384" arrayletleaf="0"/>
  <largest-consumer threadName="main" threadId="000000000120C700" bytes="13612704" />
</allocation-stats>
<gc-op id="1681" type="copy forward" timems="1.730" contextid="1678" timestamp="2019-06-15T00:43:36.849">
  <memory-copied type="eden" objects="4" bytes="112" bytesdiscarded="0" />
  <memory-copied type="other" objects="28" bytes="768" bytesdiscarded="0" />
  <memory-cardclean objects="23" bytes="9120" />
  <regions eden="26" other="2" />
  <remembered-set-cleared processed="45784" cleared="33" durationms="0.606" />
  <references type="weak" candidates="14" cleared="0" enqueued="0" />
  <stringconstants candidates="13672" cleared="0"  />
</gc-op>
<gc-op id="1682" type="classunload" timems="0.005" contextid="1678" timestamp="2019-06-15T00:43:36.849">
  <classunload-info classloadercandidates="54" classloadersunloaded="0" classesunloaded="0" anonymousclassesunloaded="0" quiescems="0.000" setupms="0.004" scanms="0.000" postms="0.000" />
</gc-op>
<heap-resize id="1683" type="expand" space="default" amount="8388608" count="1" timems="0.076" reason="excessive time being spent in gc" timestamp="2019-06-15T00:43:36.849" />
<gc-end id="1684" type="partial gc" contextid="1678" durationms="2.900" usertimems="8.000" systemtimems="0.000" timestamp="2019-06-15T00:43:36.849" activeThreads="1">
  <mem-info id="1685" free="55574528" total="92274688" percent="60">
    <mem type="eden" free="1048464" total="1048576" percent="99" />
    <remembered-set count="48320" freebytes="3490048" totalbytes="3683328" percent="94" regionsoverflowed="0" regionsstable="0" regionsrebuilding="17"/>
  </mem-info>
</gc-end>
<cycle-end id="1686" type="partial gc" contextid="1678" timestamp="2019-06-15T00:43:36.849" />
  <attribute name="elasticGC enabled" value="1" />
  <attribute name= "numThreadsSpecified" value="1" />
  <attribute name="heapSize specified" value="0" />
  <attribute name="Current GC Util" value="52" />
  <attribute name= "Current Time Running" value="76157" />
  <attribute name ="GC Interval" value="0" />
  <attribute name="ProportionalT" value="16.000000" />
  <attribute name="ProportionalI" value="16.000000" />
  <attribute name="ProportionalH" value="16.000000" />
  <attribute name="Current Error" value="32.000000" />
  <attribute name="IntegralT" value="0.000000" />
  <attribute name="IntegralI" value="0.000000" />
  <attribute name="IntegralH" value="0.000000" />
  <attribute name="DerivativeT" value="inf" />
  <attribute name="DerivativeI" value="inf" />
  <attribute name="DerivativeH" value="inf" />
  <attribute name="Loop Time for DT" value="0.000000" />
  <attribute name="Output H" value="8388608"/>
  <attribute name="Output I" value="200"/>
  <attribute name="Output T" value="1"/>
  <attribute name="Target GC Util Change" value ="20.000000" />
  <attribute name="Current GC Util Change" value="52.000000"/>
  <attribute name="GC Util currently" value="52" />
  <attribute name="CPU Util currently" value="18693952778526" />
<exclusive-end id="1687" timestamp="2019-06-15T00:43:36.849" durationms="3.922" />

<exclusive-start id="1688" timestamp="2019-06-15T00:43:36.858" intervalms="13.118">
  <response-info timems="0.091" idlems="0.091" threads="0" lastid="000000000120C700" lastname="main" />
</exclusive-start>
<allocation-taxation id="1689" taxation-threshold="14680064" timestamp="2019-06-15T00:43:36.859" intervalms="13.114" />
<gc-start id="1690" type="global mark phase" contextid="1586" timestamp="2019-06-15T00:43:36.859">
  <mem-info id="1691" free="40894464" total="92274688" percent="44">
    <remembered-set count="47904" freebytes="3491712" totalbytes="3683328" percent="94" regionsoverflowed="0" regionsstable="0" regionsrebuilding="17"/>
  </mem-info>
</gc-start>
<gc-end id="1692" type="global mark phase" contextid="1586" durationms="0.058" usertimems="4.000" systemtimems="0.000" timestamp="2019-06-15T00:43:36.859" activeThreads="1">
  <mem-info id="1693" free="40894464" total="92274688" percent="44">
    <remembered-set count="47904" freebytes="3491712" totalbytes="3683328" percent="94" regionsoverflowed="0" regionsstable="0" regionsrebuilding="17"/>
  </mem-info>
</gc-end>
<concurrent-start id="1694" type="GMP work packet processing" contextid="1586" timestamp="2019-06-15T00:43:36.859">
  <concurrent-mark-start scanTarget="1048576" />
</concurrent-start>
<exclusive-end id="1695" timestamp="2019-06-15T00:43:36.860" durationms="1.264" />

<concurrent-end id="1696" type="GMP work packet processing" contextid="1586" timestamp="2019-06-15T00:43:36.860">
  <concurrent-mark-end bytesScanned="1089192" reasonForTermination="Work target met" />
</concurrent-end>

</verbosegc>

