<?xml version="1.0" ?>

<verbosegc xmlns="http://www.ibm.com/j9/verbosegc" version="08cc62e_CMPRSS">

<initialized id="1" timestamp="2019-08-02T19:02:14.071">
  <attribute name="gcPolicy" value="-Xgcpolicy:optavgpause" />
  <attribute name="elasticGC enabled" value="1" />
  <attribute name= "numThreadsSpecified" value="0" />
  <attribute name="heapSize specified" value="0" />
  <attribute name= "numCores" value="0" />
  <attribute name ="GC Interval" value="0" />
  <attribute name="GC Util Range Max" value="0" />
  <attribute name="Current GC Util" value="0" />
  <attribute name= "Current Time Running" value="0" />
  <attribute name="maxHeapSize" value="0x7cba0000" />
  <attribute name="initialHeapSize" value="0x800000" />
  <attribute name="compressedRefs" value="true" />
  <attribute name="compressedRefsDisplacement" value="0x0" />
  <attribute name="compressedRefsShift" value="0x0" />
  <attribute name="pageSize" value="0x1000" />
  <attribute name="pageType" value="not used" />
  <attribute name="requestedPageSize" value="0x1000" />
  <attribute name="requestedPageType" value="not used" />
  <attribute name="gcthreads" value="8" />
  <attribute name="packetListSplit" value="8" />
  <attribute name="cacheListSplit" value="8" />
  <attribute name="splitFreeListSplitAmount" value="1" />
  <attribute name="numaNodes" value="0" />
  <system>
    <attribute name="physicalMemory" value="8370401280" />
    <attribute name="numCPUs" value="8" />
    <attribute name="architecture" value="amd64" />
    <attribute name="os" value="Linux" />
    <attribute name="osVersion" value="4.4.0-154-generic" />
  </system>
  <vmargs>
    <vmarg name="-Xoptionsfile=/vagrant/jdk/lib/options.default" />
    <vmarg name="-Xlockword:mode=default,noLockword=java/lang/String,noLockword=java/util/MapEntry,noLockword=java/util/HashMap$Entry,noLockword..." />
    <vmarg name="-Xjcl:jclse29" />
    <vmarg name="-Dcom.ibm.oti.vm.bootstrap.library.path=/vagrant/jdk/lib/compressedrefs:/vagrant/jdk/lib" />
    <vmarg name="-Dsun.boot.library.path=/vagrant/jdk/lib/compressedrefs:/vagrant/jdk/lib" />
    <vmarg name="-Djava.library.path=/vagrant/jdk/lib/compressedrefs:/vagrant/jdk/lib:/usr/lib64:/usr/lib" />
    <vmarg name="-Djava.home=/vagrant/jdk" />
    <vmarg name="-Duser.dir=/vagrant" />
    <vmarg name="-Xgcpolicy:optavgpause" />
    <vmarg name="-Xgcelastic" />
    <vmarg name="-Xcheck:gc:::elasticGC" />
    <vmarg name="-verbose:gc" />
    <vmarg name="-Xloggc:jdkA-small-OAP-8core-verbose11avrora.txt" />
    <vmarg name="-Djava.class.path=dacapo-9.12-MR1-bach.jar" />
    <vmarg name="-Dsun.java.command=dacapo-9.12-MR1-bach.jar avrora --size=small" />
    <vmarg name="-Dsun.java.launcher=SUN_STANDARD" />
    <vmarg name="-Dsun.java.launcher.pid=7307" />
  </vmargs>
</initialized>

<exclusive-start id="2" timestamp="2019-08-02T19:02:15.275" intervalms="1204.271">
  <response-info timems="0.057" idlems="0.057" threads="0" lastid="0000000000D42A00" lastname="main" />
</exclusive-start>
<sys-start reason="explicit" id="3" timestamp="2019-08-02T19:02:15.275" intervalms="1204.828" />
<cycle-start id="4" type="global" contextid="0" timestamp="2019-08-02T19:02:15.276" intervalms="1205.205" />
<gc-start id="5" type="global" contextid="4" timestamp="2019-08-02T19:02:15.276">
  <mem-info id="6" free="1673832" total="8388608" percent="19">
    <mem type="tenure" free="1673832" total="8388608" percent="19">
      <mem type="soa" free="1255016" total="7969792" percent="15" />
      <mem type="loa" free="418816" total="418816" percent="100" />
    </mem>
  </mem-info>
</gc-start>
<allocation-stats totalBytes="6672400" >
  <allocated-bytes non-tlh="529816" tlh="6142584" />
  <largest-consumer threadName="main" threadId="0000000000D42A00" bytes="6579496" />
</allocation-stats>
<gc-op id="7" type="mark" timems="2.384" contextid="4" timestamp="2019-08-02T19:02:15.279">
  <trace-info objectcount="17834" scancount="14742" scanbytes="464960" />
  <finalization candidates="14" enqueued="1" />
  <references type="soft" candidates="66" cleared="0" enqueued="0" dynamicThreshold="32" maxThreshold="32" />
  <references type="weak" candidates="553" cleared="411" enqueued="372" />
  <references type="phantom" candidates="99" cleared="41" enqueued="41" />
  <stringconstants candidates="2456" cleared="0"  />
</gc-op>
<gc-op id="8" type="classunload" timems="0.069" contextid="4" timestamp="2019-08-02T19:02:15.279">
  <classunload-info classloadercandidates="6" classloadersunloaded="0" classesunloaded="0" anonymousclassesunloaded="0" quiescems="0.000" setupms="0.068" scanms="0.000" postms="0.001" />
</gc-op>
<gc-op id="9" type="sweep" timems="0.580" contextid="4" timestamp="2019-08-02T19:02:15.280" />
<mem-info id="10" free="7129168" total="8388608" percent="84">
  <mem type="tenure" free="7129168" total="8388608" percent="84" micro-fragmented="175432">
    <mem type="soa" free="6710352" total="7969792" percent="84" />
    <mem type="loa" free="418816" total="418816" percent="100" />
  </mem>
  <pending-finalizers system="1" default="0" reference="413" classloader="0" />
</mem-info>
<gc-op id="11" type="compact" timems="4.002" contextid="4" timestamp="2019-08-02T19:02:15.284">
  <compact-info movecount="17833" movebytes="1021224" reason="no compaction" />
</gc-op>
<gc-end id="12" type="global" contextid="4" durationms="8.141" usertimems="8.000" systemtimems="4.000" timestamp="2019-08-02T19:02:15.284" activeThreads="8">
  <mem-info id="13" free="7367296" total="8388608" percent="87">
    <mem type="tenure" free="7367296" total="8388608" percent="87">
      <mem type="soa" free="6948480" total="7969792" percent="87" />
      <mem type="loa" free="418816" total="418816" percent="100" />
    </mem>
    <pending-finalizers system="1" default="0" reference="413" classloader="0" />
  </mem-info>
</gc-end>
<cycle-end id="14" type="global" contextid="4" timestamp="2019-08-02T19:02:15.284" />
  <attribute name="elasticGC enabled" value="1" />
  <attribute name= "numThreadsSpecified" value="0" />
  <attribute name="heapSize specified" value="8388608" />
  <attribute name= "numCores" value="8" />
  <attribute name ="GC Interval" value="0" />
  <attribute name ="Control flow" value="3" />
  <attribute name="GC Util Range Max" value="90" />
  <attribute name="Current GC Util" value="39" />
  <attribute name= "Current Time Running" value="7" />
<sys-end id="15" timestamp="2019-08-02T19:02:15.285" />
<exclusive-end id="16" timestamp="2019-08-02T19:02:15.285" durationms="9.885" />

<exclusive-start id="17" timestamp="2019-08-02T19:02:16.301" intervalms="1025.949">
  <response-info timems="0.035" idlems="0.035" threads="0" lastid="0000000001007700" lastname="node-2" />
</exclusive-start>
<af-start id="18" threadId="0000000001008088" totalBytesRequested="24" timestamp="2019-08-02T19:02:16.301" intervalms="2230.303" />
<cycle-start id="19" type="global" contextid="0" timestamp="2019-08-02T19:02:16.301" intervalms="1025.155" />
<gc-start id="20" type="global" contextid="19" timestamp="2019-08-02T19:02:16.301">
  <mem-info id="21" free="418816" total="8388608" percent="4">
    <mem type="tenure" free="418816" total="8388608" percent="4">
      <mem type="soa" free="0" total="7969792" percent="0" />
      <mem type="loa" free="418816" total="418816" percent="100" />
    </mem>
  </mem-info>
</gc-start>
<allocation-stats totalBytes="6924072" >
  <allocated-bytes non-tlh="172800" tlh="6751272" />
  <largest-consumer threadName="main" threadId="0000000000D42A00" bytes="6051592" />
</allocation-stats>
<gc-op id="22" type="mark" timems="1.517" contextid="19" timestamp="2019-08-02T19:02:16.303">
  <trace-info objectcount="40754" scancount="34989" scanbytes="1185796" />
  <finalization candidates="13" enqueued="0" />
  <references type="soft" candidates="66" cleared="0" enqueued="0" dynamicThreshold="28" maxThreshold="32" />
  <references type="weak" candidates="187" cleared="44" enqueued="44" />
  <references type="phantom" candidates="61" cleared="4" enqueued="4" />
  <stringconstants candidates="3831" cleared="0"  />
</gc-op>
<gc-op id="23" type="sweep" timems="0.247" contextid="19" timestamp="2019-08-02T19:02:16.303" />
<mem-info id="24" free="6092896" total="8388608" percent="72">
  <mem type="tenure" free="6092896" total="8388608" percent="72" micro-fragmented="229742">
    <mem type="soa" free="5674080" total="7969792" percent="71" />
    <mem type="loa" free="418816" total="418816" percent="100" />
  </mem>
  <pending-finalizers system="0" default="0" reference="48" classloader="0" />
</mem-info>
<gc-op id="25" type="compact" timems="8.235" contextid="19" timestamp="2019-08-02T19:02:16.311">
  <compact-info movecount="29646" movebytes="1527312" reason="no compaction" />
</gc-op>
<gc-end id="26" type="global" contextid="19" durationms="10.533" usertimems="12.000" systemtimems="0.000" timestamp="2019-08-02T19:02:16.311" activeThreads="8">
  <mem-info id="27" free="6360880" total="8388608" percent="75">
    <mem type="tenure" free="6360880" total="8388608" percent="75">
      <mem type="soa" free="5942064" total="7969792" percent="74" />
      <mem type="loa" free="418816" total="418816" percent="100" />
    </mem>
    <pending-finalizers system="0" default="0" reference="48" classloader="0" />
  </mem-info>
</gc-end>
<cycle-end id="28" type="global" contextid="19" timestamp="2019-08-02T19:02:16.312" />
  <attribute name="elasticGC enabled" value="1" />
  <attribute name= "numThreadsSpecified" value="0" />
  <attribute name="heapSize specified" value="8388608" />
  <attribute name= "numCores" value="8" />
  <attribute name ="GC Interval" value="0" />
  <attribute name ="Control flow" value="3" />
  <attribute name="GC Util Range Max" value="90" />
  <attribute name="Current GC Util" value="17" />
  <attribute name= "Current Time Running" value="1035" />
<allocation-satisfied id="29" threadId="0000000001007700" bytesRequested="24" />
<af-end id="30" timestamp="2019-08-02T19:02:16.312" threadId="0000000001008088" success="true" />
<exclusive-end id="31" timestamp="2019-08-02T19:02:16.312" durationms="11.284" />

<exclusive-start id="32" timestamp="2019-08-02T19:02:18.278" intervalms="1977.724">
  <response-info timems="0.030" idlems="0.030" threads="0" lastid="0000000001007700" lastname="node-2" />
</exclusive-start>
<af-start id="33" threadId="0000000001008088" totalBytesRequested="32" timestamp="2019-08-02T19:02:18.279" intervalms="1977.721" />
<cycle-start id="34" type="global" contextid="0" timestamp="2019-08-02T19:02:18.279" intervalms="1977.737" />
<gc-start id="35" type="global" contextid="34" timestamp="2019-08-02T19:02:18.279">
  <mem-info id="36" free="418816" total="8388608" percent="4">
    <mem type="tenure" free="418816" total="8388608" percent="4">
      <mem type="soa" free="0" total="7969792" percent="0" />
      <mem type="loa" free="418816" total="418816" percent="100" />
    </mem>
  </mem-info>
</gc-start>
<allocation-stats totalBytes="5965336" >
  <allocated-bytes non-tlh="0" tlh="5965336" />
  <largest-consumer threadName="node-0" threadId="000000000100EF00" bytes="2050320" />
</allocation-stats>
<gc-op id="37" type="mark" timems="1.401" contextid="34" timestamp="2019-08-02T19:02:18.280">
  <trace-info objectcount="40584" scancount="34865" scanbytes="1182484" />
  <finalization candidates="13" enqueued="0" />
  <references type="soft" candidates="66" cleared="0" enqueued="0" dynamicThreshold="24" maxThreshold="32" />
  <references type="weak" candidates="143" cleared="0" enqueued="0" />
  <references type="phantom" candidates="57" cleared="0" enqueued="0" />
  <stringconstants candidates="3831" cleared="0"  />
</gc-op>
<gc-op id="38" type="sweep" timems="0.210" contextid="34" timestamp="2019-08-02T19:02:18.281" />
<mem-info id="39" free="6384712" total="8388608" percent="76">
  <mem type="tenure" free="6384712" total="8388608" percent="76" micro-fragmented="0">
    <mem type="soa" free="5965896" total="7969792" percent="74" />
    <mem type="loa" free="418816" total="418816" percent="100" />
  </mem>
</mem-info>
<gc-op id="40" type="compact" timems="10.045" contextid="34" timestamp="2019-08-02T19:02:18.291">
  <compact-info movecount="24021" movebytes="1272672" reason="no compaction" />
</gc-op>
<gc-end id="41" type="global" contextid="34" durationms="12.208" usertimems="12.000" systemtimems="0.000" timestamp="2019-08-02T19:02:18.291" activeThreads="8">
  <mem-info id="42" free="6325208" total="8388608" percent="75">
    <mem type="tenure" free="6325208" total="8388608" percent="75">
      <mem type="soa" free="5906392" total="7969792" percent="74" />
      <mem type="loa" free="418816" total="418816" percent="100" />
    </mem>
  </mem-info>
</gc-end>
<cycle-end id="43" type="global" contextid="34" timestamp="2019-08-02T19:02:18.291" />
  <attribute name="elasticGC enabled" value="1" />
  <attribute name= "numThreadsSpecified" value="0" />
  <attribute name="heapSize specified" value="8388608" />
  <attribute name= "numCores" value="8" />
  <attribute name ="GC Interval" value="0" />
  <attribute name ="Control flow" value="3" />
  <attribute name="GC Util Range Max" value="90" />
  <attribute name="Current GC Util" value="11" />
  <attribute name= "Current Time Running" value="3014" />
<allocation-satisfied id="44" threadId="0000000001007700" bytesRequested="32" />
<af-end id="45" timestamp="2019-08-02T19:02:18.291" threadId="0000000001008088" success="true" />
<exclusive-end id="46" timestamp="2019-08-02T19:02:18.291" durationms="12.851" />

<exclusive-start id="47" timestamp="2019-08-02T19:02:20.132" intervalms="1853.611">
  <response-info timems="0.033" idlems="0.033" threads="0" lastid="000000000100B300" lastname="node-1" />
</exclusive-start>
<af-start id="48" threadId="000000000100BC88" totalBytesRequested="32" timestamp="2019-08-02T19:02:20.132" intervalms="1853.630" />
<cycle-start id="49" type="global" contextid="0" timestamp="2019-08-02T19:02:20.132" intervalms="1853.627" />
<gc-start id="50" type="global" contextid="49" timestamp="2019-08-02T19:02:20.132">
  <mem-info id="51" free="418816" total="8388608" percent="4">
    <mem type="tenure" free="418816" total="8388608" percent="4">
      <mem type="soa" free="0" total="7969792" percent="0" />
      <mem type="loa" free="418816" total="418816" percent="100" />
    </mem>
  </mem-info>
</gc-start>
<allocation-stats totalBytes="5969928" >
  <allocated-bytes non-tlh="0" tlh="5969928" />
  <largest-consumer threadName="node-2" threadId="0000000001007700" bytes="2064136" />
</allocation-stats>
<gc-op id="52" type="mark" timems="12.627" contextid="49" timestamp="2019-08-02T19:02:20.145">
  <trace-info objectcount="40584" scancount="34858" scanbytes="1182484" />
  <finalization candidates="13" enqueued="0" />
  <references type="soft" candidates="66" cleared="0" enqueued="0" dynamicThreshold="24" maxThreshold="32" />
  <references type="weak" candidates="143" cleared="0" enqueued="0" />
  <references type="phantom" candidates="57" cleared="0" enqueued="0" />
  <stringconstants candidates="3831" cleared="0"  />
</gc-op>
<gc-op id="53" type="sweep" timems="3.271" contextid="49" timestamp="2019-08-02T19:02:20.148" />
<mem-info id="54" free="6389232" total="8388608" percent="76">
  <mem type="tenure" free="6389232" total="8388608" percent="76" micro-fragmented="0">
    <mem type="soa" free="5970416" total="7969792" percent="74" />
    <mem type="loa" free="418816" total="418816" percent="100" />
  </mem>
</mem-info>
<gc-op id="55" type="compact" timems="10.933" contextid="49" timestamp="2019-08-02T19:02:20.160">
  <compact-info movecount="19" movebytes="336" reason="no compaction" />
</gc-op>
<gc-end id="56" type="global" contextid="49" durationms="28.838" usertimems="28.000" systemtimems="0.000" timestamp="2019-08-02T19:02:20.161" activeThreads="8">
  <mem-info id="57" free="6325208" total="8388608" percent="75">
    <mem type="tenure" free="6325208" total="8388608" percent="75">
      <mem type="soa" free="5906392" total="7969792" percent="74" />
      <mem type="loa" free="418816" total="418816" percent="100" />
    </mem>
  </mem-info>
</gc-end>
<cycle-end id="58" type="global" contextid="49" timestamp="2019-08-02T19:02:20.161" />
  <attribute name="elasticGC enabled" value="1" />
  <attribute name= "numThreadsSpecified" value="0" />
  <attribute name="heapSize specified" value="8388608" />
  <attribute name= "numCores" value="8" />
  <attribute name ="GC Interval" value="0" />
  <attribute name ="Control flow" value="3" />
  <attribute name="GC Util Range Max" value="90" />
  <attribute name="Current GC Util" value="97" />
  <attribute name= "Current Time Running" value="4883" />
<allocation-satisfied id="59" threadId="000000000100B300" bytesRequested="32" />
<af-end id="60" timestamp="2019-08-02T19:02:20.161" threadId="000000000100BC88" success="true" />
<exclusive-end id="61" timestamp="2019-08-02T19:02:20.162" durationms="29.564" />

<exclusive-start id="62" timestamp="2019-08-02T19:02:21.901" intervalms="1769.212">
  <response-info timems="0.185" idlems="0.101" threads="1" lastid="000000000100EF00" lastname="node-0" />
</exclusive-start>
<af-start id="63" threadId="000000000100BC88" totalBytesRequested="24" timestamp="2019-08-02T19:02:21.901" intervalms="1769.219" />
<cycle-start id="64" type="global" contextid="0" timestamp="2019-08-02T19:02:21.901" intervalms="1769.221" />
<gc-start id="65" type="global" contextid="64" timestamp="2019-08-02T19:02:21.902">
  <mem-info id="66" free="418816" total="8388608" percent="4">
    <mem type="tenure" free="418816" total="8388608" percent="4">
      <mem type="soa" free="0" total="7969792" percent="0" />
      <mem type="loa" free="418816" total="418816" percent="100" />
    </mem>
  </mem-info>
</gc-start>
<allocation-stats totalBytes="5970448" >
  <allocated-bytes non-tlh="0" tlh="5970448" />
  <largest-consumer threadName="node-0" threadId="000000000100EF00" bytes="2063360" />
</allocation-stats>
<gc-op id="67" type="mark" timems="9.528" contextid="64" timestamp="2019-08-02T19:02:21.911">
  <trace-info objectcount="40583" scancount="34856" scanbytes="1182460" />
  <finalization candidates="13" enqueued="0" />
  <references type="soft" candidates="66" cleared="0" enqueued="0" dynamicThreshold="24" maxThreshold="32" />
  <references type="weak" candidates="143" cleared="0" enqueued="0" />
  <references type="phantom" candidates="57" cleared="0" enqueued="0" />
  <stringconstants candidates="3831" cleared="0"  />
</gc-op>
<gc-op id="68" type="sweep" timems="2.612" contextid="64" timestamp="2019-08-02T19:02:21.914" />
<mem-info id="69" free="6390024" total="8388608" percent="76">
  <mem type="tenure" free="6390024" total="8388608" percent="76" micro-fragmented="0">
    <mem type="soa" free="5971208" total="7969792" percent="74" />
    <mem type="loa" free="418816" total="418816" percent="100" />
  </mem>
</mem-info>
<gc-op id="70" type="compact" timems="7.693" contextid="64" timestamp="2019-08-02T19:02:21.922">
  <compact-info movecount="18" movebytes="312" reason="no compaction" />
</gc-op>
<gc-end id="71" type="global" contextid="64" durationms="21.727" usertimems="8.000" systemtimems="16.000" timestamp="2019-08-02T19:02:21.923" activeThreads="8">
  <mem-info id="72" free="6325232" total="8388608" percent="75">
    <mem type="tenure" free="6325232" total="8388608" percent="75">
      <mem type="soa" free="5906416" total="7969792" percent="74" />
      <mem type="loa" free="418816" total="418816" percent="100" />
    </mem>
  </mem-info>
</gc-end>
<cycle-end id="73" type="global" contextid="64" timestamp="2019-08-02T19:02:21.923" />
  <attribute name="elasticGC enabled" value="1" />
  <attribute name= "numThreadsSpecified" value="0" />
  <attribute name="heapSize specified" value="8388608" />
  <attribute name= "numCores" value="8" />
  <attribute name ="GC Interval" value="0" />
  <attribute name ="Control flow" value="3" />
  <attribute name="GC Util Range Max" value="90" />
  <attribute name="Current GC Util" value="106" />
  <attribute name= "Current Time Running" value="6645" />
<allocation-satisfied id="74" threadId="000000000100B300" bytesRequested="24" />
<af-end id="75" timestamp="2019-08-02T19:02:21.924" threadId="000000000100BC88" success="true" />
<exclusive-end id="76" timestamp="2019-08-02T19:02:21.924" durationms="22.578" />

</verbosegc>

