<?xml version="1.0" ?>

<verbosegc xmlns="http://www.ibm.com/j9/verbosegc" version="10b4217_CMPRSS">

<initialized id="1" timestamp="2019-06-16T21:55:15.476">
  <attribute name="gcPolicy" value="-Xgcpolicy:optthruput" />
  <attribute name="elasticGC enabled" value="1" />
  <attribute name= "numThreadsSpecified" value="0" />
  <attribute name="heapSize specified" value="0" />
  <attribute name="Current GC Util" value="0" />
  <attribute name= "Current Time Running" value="0" />
  <attribute name ="GC Interval" value="0" />
  <attribute name="ProportionalT" value="0.000000" />
  <attribute name="ProportionalI" value="0.000000" />
  <attribute name="ProportionalH" value="0.000000" />
  <attribute name="IntegralT" value="0.000000" />
  <attribute name="IntegralI" value="0.000000" />
  <attribute name="IntegralH" value="0.000000" />
  <attribute name="DerivativeT" value="0.000000" />
  <attribute name="DerivativeI" value="0.000000" />
  <attribute name="DerivativeH" value="0.000000" />
  <attribute name="Target GC Util Change" value ="0.000000" />
  <attribute name="Current GC Util Change" value="0.000000"/>
  <attribute name="Current Error" value="0.000000" />
  <attribute name="Loop Time for DT" value="0.000000" />
  <attribute name="Output H" value="0"/>
  <attribute name="Output I" value="0"/>
  <attribute name="Output T" value="0"/>
  <attribute name="GC Util currently" value="0" />
  <attribute name="CPU Util currently" value="0" />
  <attribute name="maxHeapSize" value="0x7cbc0000" />
  <attribute name="initialHeapSize" value="0x800000" />
  <attribute name="compressedRefs" value="true" />
  <attribute name="compressedRefsDisplacement" value="0x0" />
  <attribute name="compressedRefsShift" value="0x0" />
  <attribute name="pageSize" value="0x1000" />
  <attribute name="pageType" value="not used" />
  <attribute name="requestedPageSize" value="0x1000" />
  <attribute name="requestedPageType" value="not used" />
  <attribute name="gcthreads" value="4" />
  <attribute name="packetListSplit" value="4" />
  <attribute name="cacheListSplit" value="4" />
  <attribute name="splitFreeListSplitAmount" value="1" />
  <attribute name="numaNodes" value="0" />
  <system>
    <attribute name="physicalMemory" value="8370962432" />
    <attribute name="numCPUs" value="4" />
    <attribute name="architecture" value="amd64" />
    <attribute name="os" value="Linux" />
    <attribute name="osVersion" value="4.4.0-148-generic" />
  </system>
  <vmargs>
    <vmarg name="-Xoptionsfile=/vagrant/jdk/lib/options.default" />
    <vmarg name="-Xlockword:mode=default,noLockword=java/lang/String,noLockword=java/util/MapEntry,noLockword=java/util/HashMap$Entry,noLockword..." />
    <vmarg name="-Xjcl:jclse29" />
    <vmarg name="-Dcom.ibm.oti.vm.bootstrap.library.path=/vagrant/jdk/lib/compressedrefs:/vagrant/jdk/lib" />
    <vmarg name="-Dsun.boot.library.path=/vagrant/jdk/lib/compressedrefs:/vagrant/jdk/lib" />
    <vmarg name="-Djava.library.path=/vagrant/jdk/lib/compressedrefs:/vagrant/jdk/lib:/usr/lib64:/usr/lib" />
    <vmarg name="-Djava.home=/vagrant/jdk" />
    <vmarg name="-Duser.dir=/vagrant" />
    <vmarg name="-Xgcpolicy:optthruput" />
    <vmarg name="-Xgcelastic" />
    <vmarg name="-Xcheck:gc:::elasticGC" />
    <vmarg name="-verbose:gc" />
    <vmarg name="-Xloggc:large-OPTTHRUPUT-jdk-1-1-0.5-verbose10sunflow.txt" />
    <vmarg name="-Djava.class.path=dacapo-9.12-MR1-bach.jar" />
    <vmarg name="-Dsun.java.command=dacapo-9.12-MR1-bach.jar sunflow --size=large" />
    <vmarg name="-Dsun.java.launcher=SUN_STANDARD" />
    <vmarg name="-Dsun.java.launcher.pid=883" />
  </vmargs>
</initialized>

<exclusive-start id="2" timestamp="2019-06-16T21:55:15.911" intervalms="434.720">
  <response-info timems="0.067" idlems="0.067" threads="0" lastid="0000000002585700" lastname="main" />
</exclusive-start>
<af-start id="3" threadId="0000000002586088" totalBytesRequested="16" timestamp="2019-06-16T21:55:15.911" intervalms="435.033" />
<cycle-start id="4" type="global" contextid="0" timestamp="2019-06-16T21:55:15.911" intervalms="435.223" />
<gc-start id="5" type="global" contextid="4" timestamp="2019-06-16T21:55:15.911">
  <mem-info id="6" free="418816" total="8388608" percent="4">
    <mem type="tenure" free="418816" total="8388608" percent="4">
      <mem type="soa" free="0" total="7969792" percent="0" />
      <mem type="loa" free="418816" total="418816" percent="100" />
    </mem>
  </mem-info>
</gc-start>
<allocation-stats totalBytes="7962832" >
  <allocated-bytes non-tlh="2337024" tlh="5625808" />
  <largest-consumer threadName="main" threadId="0000000002585700" bytes="7890168" />
</allocation-stats>
<gc-op id="7" type="mark" timems="2.041" contextid="4" timestamp="2019-06-16T21:55:15.914">
  <trace-info objectcount="30239" scancount="24262" scanbytes="765204" />
  <finalization candidates="125" enqueued="1" />
  <ownableSynchronizers candidates="3" cleared="0" />
  <references type="soft" candidates="131" cleared="0" enqueued="0" dynamicThreshold="32" maxThreshold="32" />
  <references type="weak" candidates="1321" cleared="568" enqueued="478" />
  <references type="phantom" candidates="106" cleared="42" enqueued="42" />
  <stringconstants candidates="3958" cleared="0"  />
</gc-op>
<gc-op id="8" type="classunload" timems="0.069" contextid="4" timestamp="2019-06-16T21:55:15.914">
  <classunload-info classloadercandidates="7" classloadersunloaded="0" classesunloaded="0" anonymousclassesunloaded="0" quiescems="0.000" setupms="0.069" scanms="0.000" postms="0.000" />
</gc-op>
<gc-op id="9" type="sweep" timems="0.649" contextid="4" timestamp="2019-06-16T21:55:15.915" />
<mem-info id="10" free="4709096" total="8388608" percent="56">
  <mem type="tenure" free="4709096" total="8388608" percent="56" micro-fragmented="398376" macro-fragmented="0">
    <mem type="soa" free="4290280" total="7969792" percent="53" />
    <mem type="loa" free="418816" total="418816" percent="100" />
  </mem>
  <pending-finalizers system="1" default="0" reference="520" classloader="0" />
</mem-info>
<gc-op id="11" type="compact" timems="6.454" contextid="4" timestamp="2019-06-16T21:55:15.921">
  <compact-info movecount="30238" movebytes="3169792" reason="compact to aid heap contraction" />
</gc-op>
<heap-resize id="12" type="expand" space="tenure" amount="2084241408" count="1" timems="0.087" reason="satisfy allocation request" timestamp="2019-06-16T21:55:15.922" />
<gc-end id="13" type="global" contextid="4" durationms="10.400" usertimems="12.000" systemtimems="0.000" timestamp="2019-06-16T21:55:15.922" activeThreads="4">
  <mem-info id="14" free="2089394600" total="2092630016" percent="99">
    <mem type="tenure" free="2089394600" total="2092630016" percent="99">
      <mem type="soa" free="1984763304" total="1987998720" percent="99" />
      <mem type="loa" free="104631296" total="104631296" percent="100" />
    </mem>
    <pending-finalizers system="1" default="0" reference="520" classloader="0" />
  </mem-info>
</gc-end>
<cycle-end id="15" type="global" contextid="4" timestamp="2019-06-16T21:55:15.922" />
  <attribute name="elasticGC enabled" value="1" />
  <attribute name= "numThreadsSpecified" value="4" />
  <attribute name="heapSize specified" value="8388608" />
  <attribute name="Current GC Util" value="31" />
  <attribute name= "Current Time Running" value="329" />
  <attribute name ="GC Interval" value="0" />
  <attribute name="ProportionalT" value="11.000000" />
  <attribute name="ProportionalI" value="11.000000" />
  <attribute name="ProportionalH" value="11.000000" />
  <attribute name="Current Error" value="11.000000" />
  <attribute name="IntegralT" value="-6205.000000" />
  <attribute name="IntegralI" value="-6205.000000" />
  <attribute name="IntegralH" value="-6205.000000" />
  <attribute name="DerivativeT" value="0.916667" />
  <attribute name="DerivativeI" value="0.916667" />
  <attribute name="DerivativeH" value="0.916667" />
  <attribute name="Loop Time for DT" value="6.000000" />
  <attribute name="Output H" value="2092630016"/>
  <attribute name="Output I" value="200"/>
  <attribute name="Output T" value="4"/>
  <attribute name="Target GC Util Change" value ="20.000000" />
  <attribute name="Current GC Util Change" value="31.000000"/>
  <attribute name="GC Util currently" value="31" />
  <attribute name="CPU Util currently" value="22" />
<allocation-satisfied id="16" threadId="0000000002585700" bytesRequested="16" />
<af-end id="17" timestamp="2019-06-16T21:55:15.922" threadId="0000000002586088" success="true" />
<exclusive-end id="18" timestamp="2019-06-16T21:55:15.922" durationms="11.370" />

<exclusive-start id="19" timestamp="2019-06-16T21:55:15.946" intervalms="34.861">
  <response-info timems="0.083" idlems="0.083" threads="0" lastid="0000000002585700" lastname="main" />
</exclusive-start>
<sys-start reason="explicit" id="20" timestamp="2019-06-16T21:55:15.946" intervalms="469.645" />
<cycle-start id="21" type="global" contextid="0" timestamp="2019-06-16T21:55:15.946" intervalms="34.513" />
<gc-start id="22" type="global" contextid="21" timestamp="2019-06-16T21:55:15.946">
  <mem-info id="23" free="2085413192" total="2092630016" percent="99">
    <mem type="tenure" free="2085413192" total="2092630016" percent="99">
      <mem type="soa" free="1980781896" total="1987998720" percent="99" />
      <mem type="loa" free="104631296" total="104631296" percent="100" />
    </mem>
  </mem-info>
</gc-start>
<allocation-stats totalBytes="4046544" >
  <allocated-bytes non-tlh="1048672" tlh="2997872" />
  <largest-consumer threadName="main" threadId="0000000002585700" bytes="4030472" />
</allocation-stats>
<gc-op id="24" type="mark" timems="8.850" contextid="21" timestamp="2019-06-16T21:55:15.955">
  <trace-info objectcount="29297" scancount="23493" scanbytes="750908" />
  <finalization candidates="124" enqueued="0" />
  <ownableSynchronizers candidates="3" cleared="0" />
  <references type="soft" candidates="131" cleared="0" enqueued="0" dynamicThreshold="31" maxThreshold="32" />
  <references type="weak" candidates="755" cleared="2" enqueued="2" />
  <references type="phantom" candidates="63" cleared="0" enqueued="0" />
  <stringconstants candidates="3958" cleared="0"  />
</gc-op>
<gc-op id="25" type="classunload" timems="0.004" contextid="21" timestamp="2019-06-16T21:55:15.955">
  <classunload-info classloadercandidates="7" classloadersunloaded="0" classesunloaded="0" anonymousclassesunloaded="0" quiescems="0.000" setupms="0.003" scanms="0.000" postms="0.001" />
</gc-op>
<gc-op id="26" type="sweep" timems="1.636" contextid="21" timestamp="2019-06-16T21:55:15.957" />
<mem-info id="27" free="2089208648" total="2092630016" percent="99">
  <mem type="tenure" free="2089208648" total="2092630016" percent="99" micro-fragmented="37733" macro-fragmented="0">
    <mem type="soa" free="1984577352" total="1987998720" percent="99" />
    <mem type="loa" free="104631296" total="104631296" percent="100" />
  </mem>
  <pending-finalizers system="0" default="0" reference="2" classloader="0" />
</mem-info>
<gc-op id="28" type="compact" timems="14.057" contextid="21" timestamp="2019-06-16T21:55:15.971">
  <compact-info movecount="18201" movebytes="2917056" reason="compact to aid heap contraction" />
</gc-op>
<gc-end id="29" type="global" contextid="21" durationms="25.553" usertimems="32.000" systemtimems="4.000" timestamp="2019-06-16T21:55:15.971" activeThreads="4">
  <mem-info id="30" free="2089237272" total="2092630016" percent="99">
    <mem type="tenure" free="2089237272" total="2092630016" percent="99">
      <mem type="soa" free="1984605976" total="1987998720" percent="99" />
      <mem type="loa" free="104631296" total="104631296" percent="100" />
    </mem>
    <pending-finalizers system="0" default="0" reference="2" classloader="0" />
  </mem-info>
</gc-end>
<cycle-end id="31" type="global" contextid="21" timestamp="2019-06-16T21:55:15.972" />
  <attribute name="elasticGC enabled" value="1" />
  <attribute name= "numThreadsSpecified" value="4" />
  <attribute name="heapSize specified" value="2092630016" />
  <attribute name="Current GC Util" value="98" />
  <attribute name= "Current Time Running" value="379" />
  <attribute name ="GC Interval" value="0" />
  <attribute name="ProportionalT" value="78.000000" />
  <attribute name="ProportionalI" value="78.000000" />
  <attribute name="ProportionalH" value="78.000000" />
  <attribute name="Current Error" value="78.000000" />
  <attribute name="IntegralT" value="1092.000000" />
  <attribute name="IntegralI" value="1092.000000" />
  <attribute name="IntegralH" value="1092.000000" />
  <attribute name="DerivativeT" value="0.607143" />
  <attribute name="DerivativeI" value="0.607143" />
  <attribute name="DerivativeH" value="0.607143" />
  <attribute name="Loop Time for DT" value="14.000000" />
  <attribute name="Output H" value="8388608"/>
  <attribute name="Output I" value="1176"/>
  <attribute name="Output T" value="4"/>
  <attribute name="Target GC Util Change" value ="20.000000" />
  <attribute name="Current GC Util Change" value="98.000000"/>
  <attribute name="GC Util currently" value="98" />
  <attribute name="CPU Util currently" value="324386380754" />
<sys-end id="32" timestamp="2019-06-16T21:55:15.972" />
<exclusive-end id="33" timestamp="2019-06-16T21:55:15.972" durationms="26.318" />

<exclusive-start id="34" timestamp="2019-06-16T21:55:17.876" intervalms="1930.616">
  <response-info timems="0.052" idlems="0.052" threads="0" lastid="00000000028D6D00" lastname="Thread-7" />
</exclusive-start>
<af-start id="35" threadId="00000000028D7688" totalBytesRequested="40" timestamp="2019-06-16T21:55:17.876" intervalms="1965.359" />
<cycle-start id="36" type="global" contextid="0" timestamp="2019-06-16T21:55:17.877" intervalms="1930.822" />
<gc-start id="37" type="global" contextid="36" timestamp="2019-06-16T21:55:17.877">
  <mem-info id="38" free="104631296" total="2092630016" percent="4">
    <mem type="tenure" free="104631296" total="2092630016" percent="4">
      <mem type="soa" free="0" total="1987998720" percent="0" />
      <mem type="loa" free="104631296" total="104631296" percent="100" />
    </mem>
  </mem-info>
</gc-start>
<allocation-stats totalBytes="1984345920" >
  <allocated-bytes non-tlh="1715912" tlh="1982630008" />
  <largest-consumer threadName="Thread-10" threadId="00000000028DA900" bytes="533388480" />
</allocation-stats>
<gc-op id="39" type="mark" timems="2.872" contextid="36" timestamp="2019-06-16T21:55:17.880">
  <trace-info objectcount="72270" scancount="63830" scanbytes="2420416" />
  <finalization candidates="124" enqueued="0" />
  <ownableSynchronizers candidates="3" cleared="0" />
  <references type="soft" candidates="148" cleared="0" enqueued="0" dynamicThreshold="31" maxThreshold="32" />
  <references type="weak" candidates="798" cleared="29" enqueued="28" />
  <references type="phantom" candidates="65" cleared="2" enqueued="2" />
  <stringconstants candidates="4598" cleared="1"  />
</gc-op>
<gc-op id="40" type="sweep" timems="1.611" contextid="36" timestamp="2019-06-16T21:55:17.882" />
<mem-info id="41" free="2085724656" total="2092630016" percent="99">
  <mem type="tenure" free="2085724656" total="2092630016" percent="99" micro-fragmented="867184" macro-fragmented="0">
    <mem type="soa" free="1981093360" total="1987998720" percent="99" />
    <mem type="loa" free="104631296" total="104631296" percent="100" />
  </mem>
  <pending-finalizers system="0" default="0" reference="30" classloader="0" />
</mem-info>
<gc-op id="42" type="compact" timems="14.451" contextid="36" timestamp="2019-06-16T21:55:17.896">
  <compact-info movecount="71645" movebytes="5848248" reason="compact to aid heap contraction" />
</gc-op>
<gc-end id="43" type="global" contextid="36" durationms="19.969" usertimems="40.000" systemtimems="0.000" timestamp="2019-06-16T21:55:17.897" activeThreads="4">
  <mem-info id="44" free="2086600800" total="2092630016" percent="99">
    <mem type="tenure" free="2086600800" total="2092630016" percent="99">
      <mem type="soa" free="1981969504" total="1987998720" percent="99" />
      <mem type="loa" free="104631296" total="104631296" percent="100" />
    </mem>
    <pending-finalizers system="0" default="0" reference="30" classloader="0" />
  </mem-info>
</gc-end>
<cycle-end id="45" type="global" contextid="36" timestamp="2019-06-16T21:55:17.897" />
  <attribute name="elasticGC enabled" value="1" />
  <attribute name= "numThreadsSpecified" value="4" />
  <attribute name="heapSize specified" value="2092630016" />
  <attribute name="Current GC Util" value="147" />
  <attribute name= "Current Time Running" value="2305" />
  <attribute name ="GC Interval" value="0" />
  <attribute name="ProportionalT" value="127.000000" />
  <attribute name="ProportionalI" value="127.000000" />
  <attribute name="ProportionalH" value="127.000000" />
  <attribute name="Current Error" value="127.000000" />
  <attribute name="IntegralT" value="1905.000000" />
  <attribute name="IntegralI" value="1905.000000" />
  <attribute name="IntegralH" value="1905.000000" />
  <attribute name="DerivativeT" value="0.133333" />
  <attribute name="DerivativeI" value="0.133333" />
  <attribute name="DerivativeH" value="0.133333" />
  <attribute name="Loop Time for DT" value="15.000000" />
  <attribute name="Output H" value="8388608"/>
  <attribute name="Output I" value="2032"/>
  <attribute name="Output T" value="4"/>
  <attribute name="Target GC Util Change" value ="20.000000" />
  <attribute name="Current GC Util Change" value="147.000000"/>
  <attribute name="GC Util currently" value="147" />
  <attribute name="CPU Util currently" value="316241810679" />
<allocation-satisfied id="46" threadId="00000000028D6D00" bytesRequested="40" />
<af-end id="47" timestamp="2019-06-16T21:55:17.897" threadId="00000000028D7688" success="true" />
<exclusive-end id="48" timestamp="2019-06-16T21:55:17.897" durationms="21.104" />

<exclusive-start id="49" timestamp="2019-06-16T21:55:18.832" intervalms="955.615">
  <response-info timems="0.037" idlems="0.037" threads="0" lastid="00000000028DA900" lastname="Thread-10" />
</exclusive-start>
<af-start id="50" threadId="00000000028DB288" totalBytesRequested="40" timestamp="2019-06-16T21:55:18.832" intervalms="955.605" />
<cycle-start id="51" type="global" contextid="0" timestamp="2019-06-16T21:55:18.832" intervalms="955.550" />
<gc-start id="52" type="global" contextid="51" timestamp="2019-06-16T21:55:18.832">
  <mem-info id="53" free="104631296" total="2092630016" percent="4">
    <mem type="tenure" free="104631296" total="2092630016" percent="4">
      <mem type="soa" free="0" total="1987998720" percent="0" />
      <mem type="loa" free="104631296" total="104631296" percent="100" />
    </mem>
  </mem-info>
</gc-start>
<allocation-stats totalBytes="1981795976" >
  <allocated-bytes non-tlh="0" tlh="1981795976" />
  <largest-consumer threadName="Thread-10" threadId="00000000028DA900" bytes="524192240" />
</allocation-stats>
<gc-op id="54" type="mark" timems="3.777" contextid="51" timestamp="2019-06-16T21:55:18.836">
  <trace-info objectcount="76990" scancount="68571" scanbytes="2533768" />
  <finalization candidates="124" enqueued="0" />
  <ownableSynchronizers candidates="3" cleared="0" />
  <references type="soft" candidates="148" cleared="0" enqueued="0" dynamicThreshold="31" maxThreshold="32" />
  <references type="weak" candidates="769" cleared="0" enqueued="0" />
  <references type="phantom" candidates="63" cleared="0" enqueued="0" />
  <stringconstants candidates="4597" cleared="0"  />
</gc-op>
<gc-op id="55" type="sweep" timems="2.184" contextid="51" timestamp="2019-06-16T21:55:18.839" />
<mem-info id="56" free="2086293528" total="2092630016" percent="99">
  <mem type="tenure" free="2086293528" total="2092630016" percent="99" micro-fragmented="5442" macro-fragmented="0">
    <mem type="soa" free="1981662232" total="1987998720" percent="99" />
    <mem type="loa" free="104631296" total="104631296" percent="100" />
  </mem>
</mem-info>
<gc-op id="57" type="compact" timems="12.108" contextid="51" timestamp="2019-06-16T21:55:18.851">
  <compact-info movecount="56397" movebytes="5117808" reason="compact to aid heap contraction" />
</gc-op>
<gc-end id="58" type="global" contextid="51" durationms="19.061" usertimems="56.000" systemtimems="0.000" timestamp="2019-06-16T21:55:18.851" activeThreads="4">
  <mem-info id="59" free="2086488840" total="2092630016" percent="99">
    <mem type="tenure" free="2086488840" total="2092630016" percent="99">
      <mem type="soa" free="1981857544" total="1987998720" percent="99" />
      <mem type="loa" free="104631296" total="104631296" percent="100" />
    </mem>
  </mem-info>
</gc-end>
<cycle-end id="60" type="global" contextid="51" timestamp="2019-06-16T21:55:18.852" />
  <attribute name="elasticGC enabled" value="1" />
  <attribute name= "numThreadsSpecified" value="4" />
  <attribute name="heapSize specified" value="2092630016" />
  <attribute name="Current GC Util" value="182" />
  <attribute name= "Current Time Running" value="3259" />
  <attribute name ="GC Interval" value="0" />
  <attribute name="ProportionalT" value="162.000000" />
  <attribute name="ProportionalI" value="162.000000" />
  <attribute name="ProportionalH" value="162.000000" />
  <attribute name="Current Error" value="162.000000" />
  <attribute name="IntegralT" value="1944.000000" />
  <attribute name="IntegralI" value="1944.000000" />
  <attribute name="IntegralH" value="1944.000000" />
  <attribute name="DerivativeT" value="-2.375000" />
  <attribute name="DerivativeI" value="-2.375000" />
  <attribute name="DerivativeH" value="-2.375000" />
  <attribute name="Loop Time for DT" value="12.000000" />
  <attribute name="Output H" value="8388608"/>
  <attribute name="Output I" value="2104"/>
  <attribute name="Output T" value="4"/>
  <attribute name="Target GC Util Change" value ="20.000000" />
  <attribute name="Current GC Util Change" value="182.000000"/>
  <attribute name="GC Util currently" value="182" />
  <attribute name="CPU Util currently" value="373535100513" />
<allocation-satisfied id="61" threadId="00000000028DA900" bytesRequested="40" />
<af-end id="62" timestamp="2019-06-16T21:55:18.852" threadId="00000000028DB288" success="true" />
<exclusive-end id="63" timestamp="2019-06-16T21:55:18.852" durationms="20.237" />

<exclusive-start id="64" timestamp="2019-06-16T21:55:19.765" intervalms="932.900">
  <response-info timems="0.031" idlems="0.031" threads="0" lastid="00000000028DE500" lastname="Thread-8" />
</exclusive-start>
<af-start id="65" threadId="00000000028DEE88" totalBytesRequested="40" timestamp="2019-06-16T21:55:19.765" intervalms="932.915" />
<cycle-start id="66" type="global" contextid="0" timestamp="2019-06-16T21:55:19.766" intervalms="933.330" />
<gc-start id="67" type="global" contextid="66" timestamp="2019-06-16T21:55:19.766">
  <mem-info id="68" free="104631296" total="2092630016" percent="4">
    <mem type="tenure" free="104631296" total="2092630016" percent="4">
      <mem type="soa" free="0" total="1987998720" percent="0" />
      <mem type="loa" free="104631296" total="104631296" percent="100" />
    </mem>
  </mem-info>
</gc-start>
<allocation-stats totalBytes="1981660744" >
  <allocated-bytes non-tlh="0" tlh="1981660744" />
  <largest-consumer threadName="Thread-7" threadId="00000000028D6D00" bytes="568728488" />
</allocation-stats>
<gc-op id="69" type="mark" timems="4.237" contextid="66" timestamp="2019-06-16T21:55:19.770">
  <trace-info objectcount="73553" scancount="65131" scanbytes="2451864" />
  <finalization candidates="124" enqueued="0" />
  <ownableSynchronizers candidates="3" cleared="0" />
  <references type="soft" candidates="148" cleared="0" enqueued="0" dynamicThreshold="31" maxThreshold="32" />
  <references type="weak" candidates="769" cleared="0" enqueued="0" />
  <references type="phantom" candidates="63" cleared="0" enqueued="0" />
  <stringconstants candidates="4597" cleared="0"  />
</gc-op>
<gc-op id="70" type="sweep" timems="2.166" contextid="66" timestamp="2019-06-16T21:55:19.773" />
<mem-info id="71" free="2086066744" total="2092630016" percent="99">
  <mem type="tenure" free="2086066744" total="2092630016" percent="99" micro-fragmented="187311" macro-fragmented="0">
    <mem type="soa" free="1981435448" total="1987998720" percent="99" />
    <mem type="loa" free="104631296" total="104631296" percent="100" />
  </mem>
</mem-info>
<gc-op id="72" type="compact" timems="5.504" contextid="66" timestamp="2019-06-16T21:55:19.779">
  <compact-info movecount="29108" movebytes="1249736" reason="compact to aid heap contraction" />
</gc-op>
<gc-end id="73" type="global" contextid="66" durationms="13.183" usertimems="32.000" systemtimems="0.000" timestamp="2019-06-16T21:55:19.779" activeThreads="4">
  <mem-info id="74" free="2086570744" total="2092630016" percent="99">
    <mem type="tenure" free="2086570744" total="2092630016" percent="99">
      <mem type="soa" free="1981939448" total="1987998720" percent="99" />
      <mem type="loa" free="104631296" total="104631296" percent="100" />
    </mem>
  </mem-info>
</gc-end>
<cycle-end id="75" type="global" contextid="66" timestamp="2019-06-16T21:55:19.779" />
  <attribute name="elasticGC enabled" value="1" />
  <attribute name= "numThreadsSpecified" value="4" />
  <attribute name="heapSize specified" value="2092630016" />
  <attribute name="Current GC Util" value="222" />
  <attribute name= "Current Time Running" value="4187" />
  <attribute name ="GC Interval" value="0" />
  <attribute name="ProportionalT" value="202.000000" />
  <attribute name="ProportionalI" value="202.000000" />
  <attribute name="ProportionalH" value="202.000000" />
  <attribute name="Current Error" value="202.000000" />
  <attribute name="IntegralT" value="1212.000000" />
  <attribute name="IntegralI" value="1212.000000" />
  <attribute name="IntegralH" value="1212.000000" />
  <attribute name="DerivativeT" value="0.166667" />
  <attribute name="DerivativeI" value="0.166667" />
  <attribute name="DerivativeH" value="0.166667" />
  <attribute name="Loop Time for DT" value="6.000000" />
  <attribute name="Output H" value="8388608"/>
  <attribute name="Output I" value="1416"/>
  <attribute name="Output T" value="4"/>
  <attribute name="Target GC Util Change" value ="20.000000" />
  <attribute name="Current GC Util Change" value="222.000000"/>
  <attribute name="GC Util currently" value="222" />
  <attribute name="CPU Util currently" value="813402012985" />
<allocation-satisfied id="76" threadId="00000000028DE500" bytesRequested="40" />
<af-end id="77" timestamp="2019-06-16T21:55:19.779" threadId="00000000028DEE88" success="true" />
<exclusive-end id="78" timestamp="2019-06-16T21:55:19.779" durationms="14.669" />

</verbosegc>

