<?xml version="1.0" ?>

<verbosegc xmlns="http://www.ibm.com/j9/verbosegc" version="08cc62e_CMPRSS">

<initialized id="1" timestamp="2019-08-02T20:29:32.262">
  <attribute name="gcPolicy" value="-Xgcpolicy:balanced" />
  <attribute name="elasticGC enabled" value="1" />
  <attribute name= "numThreadsSpecified" value="0" />
  <attribute name="heapSize specified" value="0" />
  <attribute name= "numCores" value="0" />
  <attribute name ="GC Interval" value="0" />
  <attribute name="GC Util Range Max" value="0" />
  <attribute name="Current GC Util" value="0" />
  <attribute name= "Current Time Running" value="0" />
  <attribute name="maxHeapSize" value="0x7cb00000" />
  <attribute name="initialHeapSize" value="0x800000" />
  <attribute name="compressedRefs" value="true" />
  <attribute name="compressedRefsDisplacement" value="0x0" />
  <attribute name="compressedRefsShift" value="0x0" />
  <attribute name="pageSize" value="0x1000" />
  <attribute name="pageType" value="not used" />
  <attribute name="requestedPageSize" value="0x1000" />
  <attribute name="requestedPageType" value="not used" />
  <attribute name="gcthreads" value="8" />
  <attribute name="packetListSplit" value="8" />
  <attribute name="cacheListSplit" value="8" />
  <attribute name="splitFreeListSplitAmount" value="1" />
  <attribute name="numaNodes" value="0" />
  <region>
    <attribute name="regionSize" value="1048576" />
    <attribute name="regionCount" value="1995" />
    <attribute name="arrayletLeafSize" value="1048576" />
  </region>
  <system>
    <attribute name="physicalMemory" value="8370401280" />
    <attribute name="numCPUs" value="8" />
    <attribute name="architecture" value="amd64" />
    <attribute name="os" value="Linux" />
    <attribute name="osVersion" value="4.4.0-154-generic" />
  </system>
  <vmargs>
    <vmarg name="-Xoptionsfile=/vagrant/jdk/lib/options.default" />
    <vmarg name="-Xlockword:mode=default,noLockword=java/lang/String,noLockword=java/util/MapEntry,noLockword=java/util/HashMap$Entry,noLockword..." />
    <vmarg name="-Xjcl:jclse29" />
    <vmarg name="-Dcom.ibm.oti.vm.bootstrap.library.path=/vagrant/jdk/lib/compressedrefs:/vagrant/jdk/lib" />
    <vmarg name="-Dsun.boot.library.path=/vagrant/jdk/lib/compressedrefs:/vagrant/jdk/lib" />
    <vmarg name="-Djava.library.path=/vagrant/jdk/lib/compressedrefs:/vagrant/jdk/lib:/usr/lib64:/usr/lib" />
    <vmarg name="-Djava.home=/vagrant/jdk" />
    <vmarg name="-Duser.dir=/vagrant" />
    <vmarg name="-Xgcpolicy:balanced" />
    <vmarg name="-Xgcelastic" />
    <vmarg name="-Xcheck:gc:::elasticGC" />
    <vmarg name="-verbose:gc" />
    <vmarg name="-Xloggc:jdkB-small-BAL-8core-verbose16avrora.txt" />
    <vmarg name="-Djava.class.path=dacapo-9.12-MR1-bach.jar" />
    <vmarg name="-Dsun.java.command=dacapo-9.12-MR1-bach.jar avrora --size=small" />
    <vmarg name="-Dsun.java.launcher=SUN_STANDARD" />
    <vmarg name="-Dsun.java.launcher.pid=24575" />
  </vmargs>
</initialized>

<exclusive-start id="2" timestamp="2019-08-02T20:29:33.056" intervalms="794.163">
  <response-info timems="0.022" idlems="0.022" threads="0" lastid="0000000002387A00" lastname="main" />
</exclusive-start>
<sys-start reason="explicit" id="3" timestamp="2019-08-02T20:29:33.056" intervalms="794.396" />
<cycle-start id="4" type="global garbage collect" contextid="0" timestamp="2019-08-02T20:29:33.056" intervalms="794.613" />
<gc-start id="5" type="global garbage collect" contextid="4" timestamp="2019-08-02T20:29:33.057">
  <mem-info id="6" free="1662824" total="8388608" percent="19">
    <mem type="eden" free="614248" total="7340032" percent="8" />
    <remembered-set count="0" freebytes="334848" totalbytes="334848" percent="100" regionsoverflowed="0" regionsstable="0" regionsrebuilding="0"/>
  </mem-info>
</gc-start>
<allocation-stats totalBytes="6672248" >
  <allocated-bytes non-tlh="529728" tlh="6142520" arrayletleaf="0"/>
  <largest-consumer threadName="main" threadId="0000000002387A00" bytes="6579296" />
</allocation-stats>
<gc-op id="7" type="global mark" timems="3.788" contextid="4" timestamp="2019-08-02T20:29:33.061">
  <trace-info objectcount="17877" scancount="14148" scanbytes="464872" />
  <finalization candidates="14" enqueued="1" />
  <references type="soft" candidates="66" cleared="0" enqueued="0" dynamicThreshold="32" maxThreshold="32" />
  <references type="weak" candidates="553" cleared="411" enqueued="372" />
  <references type="phantom" candidates="99" cleared="41" enqueued="41" />
  <stringconstants candidates="2456" cleared="0"  />
</gc-op>
<gc-op id="8" type="classunload" timems="0.046" contextid="4" timestamp="2019-08-02T20:29:33.061">
  <classunload-info classloadercandidates="6" classloadersunloaded="0" classesunloaded="0" anonymousclassesunloaded="0" quiescems="0.000" setupms="0.046" scanms="0.000" postms="0.000" />
</gc-op>
<gc-op id="9" type="sweep" timems="0.592" contextid="4" timestamp="2019-08-02T20:29:33.062" />
<gc-op id="10" type="compact" timems="4.657" contextid="4" timestamp="2019-08-02T20:29:33.067">
  <compact-info movecount="17877" movebytes="1022920" />
  <remembered-set-cleared processed="1169" cleared="1169" durationms="0.226" />
</gc-op>
<gc-end id="11" type="global garbage collect" contextid="4" durationms="10.881" usertimems="4.000" systemtimems="8.000" timestamp="2019-08-02T20:29:33.068" activeThreads="8">
  <mem-info id="12" free="7340032" total="8388608" percent="87">
    <pending-finalizers system="1" default="0" reference="413" classloader="0" />
    <remembered-set count="0" freebytes="334848" totalbytes="334848" percent="100" regionsoverflowed="0" regionsstable="0" regionsrebuilding="0"/>
  </mem-info>
</gc-end>
<cycle-end id="13" type="global garbage collect" contextid="4" timestamp="2019-08-02T20:29:33.068" />
  <attribute name="elasticGC enabled" value="1" />
  <attribute name= "numThreadsSpecified" value="0" />
  <attribute name="heapSize specified" value="0" />
  <attribute name= "numCores" value="8" />
  <attribute name ="GC Interval" value="0" />
  <attribute name ="Control flow" value="2" />
  <attribute name="GC Util Range Max" value="93" />
  <attribute name="Current GC Util" value="47" />
  <attribute name= "Current Time Running" value="5" />
<sys-end id="14" timestamp="2019-08-02T20:29:33.068" />
<exclusive-end id="15" timestamp="2019-08-02T20:29:33.068" durationms="12.134" />

<exclusive-start id="16" timestamp="2019-08-02T20:29:34.057" intervalms="1000.845">
  <response-info timems="0.029" idlems="0.029" threads="0" lastid="000000000264C700" lastname="node-0" />
</exclusive-start>
<allocation-taxation id="17" taxation-threshold="7340032" timestamp="2019-08-02T20:29:34.057" intervalms="1795.154" />
<cycle-start id="18" type="partial gc" contextid="0" timestamp="2019-08-02T20:29:34.057" intervalms="1795.336" />
<gc-start id="19" type="partial gc" contextid="18" timestamp="2019-08-02T20:29:34.058">
  <mem-info id="20" free="0" total="8388608" percent="0">
    <mem type="eden" free="0" total="7340032" percent="0" />
    <remembered-set count="0" freebytes="334848" totalbytes="334848" percent="100" regionsoverflowed="0" regionsstable="0" regionsrebuilding="0"/>
  </mem-info>
</gc-start>
<allocation-stats totalBytes="7329784" >
  <allocated-bytes non-tlh="172800" tlh="7156984" arrayletleaf="0"/>
  <largest-consumer threadName="main" threadId="0000000002387A00" bytes="6149688" />
</allocation-stats>
<gc-op id="21" type="mark" timems="3.716" contextid="18" timestamp="2019-08-02T20:29:34.062">
  <trace-info objectcount="23846" scancount="20749" scanbytes="741028" />
  <cardclean-info objects="1179" bytes="40672" />
  <remembered-set-cleared processed="0" cleared="0" durationms="0.064" />
  <references type="weak" candidates="45" cleared="44" enqueued="44" />
  <references type="phantom" candidates="4" cleared="2" enqueued="2" />
  <stringconstants candidates="3831" cleared="0"  />
  <warning details="Mark invoked due to insufficient free space for Copy-Forward" />
</gc-op>
<gc-op id="22" type="classunload" timems="0.002" contextid="18" timestamp="2019-08-02T20:29:34.062">
  <classunload-info classloadercandidates="6" classloadersunloaded="0" classesunloaded="0" anonymousclassesunloaded="0" quiescems="0.000" setupms="0.002" scanms="0.000" postms="0.000" />
</gc-op>
<gc-op id="23" type="sweep" timems="0.408" contextid="18" timestamp="2019-08-02T20:29:34.063" />
<gc-op id="24" type="compact" timems="4.261" contextid="18" timestamp="2019-08-02T20:29:34.067">
  <compact-info movecount="23846" movebytes="1030128" />
  <remembered-set-cleared processed="797" cleared="797" durationms="0.064" />
</gc-op>
<gc-end id="25" type="partial gc" contextid="18" durationms="10.356" usertimems="12.000" systemtimems="0.000" timestamp="2019-08-02T20:29:34.068" activeThreads="8">
  <mem-info id="26" free="6291456" total="8388608" percent="75">
    <mem type="eden" free="18448" total="1048576" percent="1" />
    <pending-finalizers system="0" default="0" reference="46" classloader="0" />
    <remembered-set count="2048" freebytes="326656" totalbytes="334848" percent="97" regionsoverflowed="0" regionsstable="0" regionsrebuilding="0"/>
  </mem-info>
</gc-end>
<cycle-end id="27" type="partial gc" contextid="18" timestamp="2019-08-02T20:29:34.068" />
  <attribute name="elasticGC enabled" value="1" />
  <attribute name= "numThreadsSpecified" value="0" />
  <attribute name="heapSize specified" value="0" />
  <attribute name= "numCores" value="8" />
  <attribute name ="GC Interval" value="0" />
  <attribute name ="Control flow" value="2" />
  <attribute name="GC Util Range Max" value="93" />
  <attribute name="Current GC Util" value="24" />
  <attribute name= "Current Time Running" value="1005" />
<exclusive-end id="28" timestamp="2019-08-02T20:29:34.068" durationms="11.356" />

<exclusive-start id="29" timestamp="2019-08-02T20:29:35.132" intervalms="1075.390">
  <response-info timems="0.029" idlems="0.029" threads="0" lastid="0000000002650300" lastname="node-2" />
</exclusive-start>
<allocation-taxation id="30" taxation-threshold="3145728" timestamp="2019-08-02T20:29:35.132" intervalms="1075.346" />
<cycle-start id="31" type="global mark phase" contextid="0" timestamp="2019-08-02T20:29:35.133" intervalms="2870.737" />
<gc-start id="32" type="global mark phase" contextid="31" timestamp="2019-08-02T20:29:35.133">
  <mem-info id="33" free="3145728" total="8388608" percent="37">
    <remembered-set count="2048" freebytes="326656" totalbytes="334848" percent="97" regionsoverflowed="0" regionsstable="0" regionsrebuilding="0"/>
  </mem-info>
</gc-start>
<gc-op id="34" type="mark increment" timems="0.532" contextid="31" timestamp="2019-08-02T20:29:35.133">
  <trace-info objectcount="148" scancount="0" scanbytes="0" />
</gc-op>
<gc-end id="35" type="global mark phase" contextid="31" durationms="0.658" usertimems="0.000" systemtimems="4.000" timestamp="2019-08-02T20:29:35.133" activeThreads="8">
  <mem-info id="36" free="3145728" total="8388608" percent="37">
    <remembered-set count="2048" freebytes="326656" totalbytes="334848" percent="97" regionsoverflowed="0" regionsstable="0" regionsrebuilding="0"/>
  </mem-info>
</gc-end>
<concurrent-start id="37" type="GMP work packet processing" contextid="31" timestamp="2019-08-02T20:29:35.133">
  <concurrent-mark-start scanTarget="18446744073709551615" />
</concurrent-start>
<concurrent-end id="38" type="GMP work packet processing" contextid="31" timestamp="2019-08-02T20:29:35.135">
  <concurrent-mark-end bytesScanned="1182388" reasonForTermination="Completed all work in GC phase" />
</concurrent-end>

<exclusive-end id="39" timestamp="2019-08-02T20:29:35.135" durationms="2.407" />

<exclusive-start id="40" timestamp="2019-08-02T20:29:36.061" intervalms="928.454">
  <response-info timems="0.027" idlems="0.027" threads="0" lastid="0000000002650300" lastname="node-2" />
</exclusive-start>
<allocation-taxation id="41" taxation-threshold="3145728" timestamp="2019-08-02T20:29:36.061" intervalms="928.440" />
<cycle-start id="42" type="partial gc" contextid="0" timestamp="2019-08-02T20:29:36.061" intervalms="2003.689" />
<gc-start id="43" type="partial gc" contextid="42" timestamp="2019-08-02T20:29:36.061">
  <mem-info id="44" free="0" total="8388608" percent="0">
    <mem type="eden" free="0" total="6291456" percent="0" />
    <remembered-set count="2048" freebytes="326656" totalbytes="334848" percent="97" regionsoverflowed="0" regionsstable="0" regionsrebuilding="0"/>
  </mem-info>
</gc-start>
<allocation-stats totalBytes="6290528" >
  <allocated-bytes non-tlh="0" tlh="6290528" arrayletleaf="0"/>
  <largest-consumer threadName="node-0" threadId="000000000264C700" bytes="1064880" />
</allocation-stats>
<gc-op id="45" type="mark" timems="2.317" contextid="42" timestamp="2019-08-02T20:29:36.064">
  <trace-info objectcount="23675" scancount="20619" scanbytes="737836" />
  <cardclean-info objects="52" bytes="4004" />
  <remembered-set-cleared processed="353" cleared="353" durationms="0.053" />
  <references type="weak" candidates="1" cleared="0" enqueued="0" />
  <references type="phantom" candidates="2" cleared="0" enqueued="0" />
  <stringconstants candidates="3831" cleared="0"  />
  <warning details="Mark invoked due to insufficient free space for Copy-Forward" />
</gc-op>
<gc-op id="46" type="classunload" timems="0.001" contextid="42" timestamp="2019-08-02T20:29:36.064">
  <classunload-info classloadercandidates="6" classloadersunloaded="0" classesunloaded="0" anonymousclassesunloaded="0" quiescems="0.000" setupms="0.001" scanms="0.000" postms="0.000" />
</gc-op>
<gc-op id="47" type="sweep" timems="0.365" contextid="42" timestamp="2019-08-02T20:29:36.065" />
<gc-op id="48" type="compact" timems="4.221" contextid="42" timestamp="2019-08-02T20:29:36.069">
  <compact-info movecount="23674" movebytes="1024768" />
  <remembered-set-cleared processed="1089" cleared="1089" durationms="0.053" />
</gc-op>
<gc-end id="49" type="partial gc" contextid="42" durationms="8.281" usertimems="0.000" systemtimems="12.000" timestamp="2019-08-02T20:29:36.069" activeThreads="8">
  <mem-info id="50" free="5242880" total="8388608" percent="62">
    <mem type="eden" free="1048264" total="1048576" percent="99" />
    <remembered-set count="2048" freebytes="326656" totalbytes="334848" percent="97" regionsoverflowed="0" regionsstable="0" regionsrebuilding="0"/>
  </mem-info>
</gc-end>
<cycle-end id="51" type="partial gc" contextid="42" timestamp="2019-08-02T20:29:36.070" />
  <attribute name="elasticGC enabled" value="1" />
  <attribute name= "numThreadsSpecified" value="0" />
  <attribute name="heapSize specified" value="0" />
  <attribute name= "numCores" value="8" />
  <attribute name ="GC Interval" value="0" />
  <attribute name ="Control flow" value="2" />
  <attribute name="GC Util Range Max" value="93" />
  <attribute name="Current GC Util" value="42" />
  <attribute name= "Current Time Running" value="3007" />
<exclusive-end id="52" timestamp="2019-08-02T20:29:36.070" durationms="9.115" />

<exclusive-start id="53" timestamp="2019-08-02T20:29:36.633" intervalms="572.115">
  <response-info timems="0.030" idlems="0.030" threads="0" lastid="000000000264C700" lastname="node-0" />
</exclusive-start>
<allocation-taxation id="54" taxation-threshold="2097152" timestamp="2019-08-02T20:29:36.633" intervalms="572.109" />
<gc-start id="55" type="global mark phase" contextid="31" timestamp="2019-08-02T20:29:36.633">
  <mem-info id="56" free="3145728" total="8388608" percent="37">
    <remembered-set count="1568" freebytes="328576" totalbytes="334848" percent="98" regionsoverflowed="0" regionsstable="0" regionsrebuilding="0"/>
  </mem-info>
</gc-start>
<gc-op id="57" type="mark increment" timems="1.807" contextid="31" timestamp="2019-08-02T20:29:36.635">
  <trace-info objectcount="23674" scancount="20618" scanbytes="737812" />
  <cardclean-info objects="312" bytes="12428" />
  <finalization candidates="13" enqueued="0" />
  <references type="soft" candidates="66" cleared="0" enqueued="0" dynamicThreshold="20" maxThreshold="32" />
  <references type="weak" candidates="143" cleared="0" enqueued="0" />
  <references type="phantom" candidates="59" cleared="2" enqueued="2" />
  <stringconstants candidates="3831" cleared="0"  />
</gc-op>
<gc-op id="58" type="classunload" timems="0.002" contextid="31" timestamp="2019-08-02T20:29:36.635">
  <classunload-info classloadercandidates="6" classloadersunloaded="0" classesunloaded="0" anonymousclassesunloaded="0" quiescems="0.000" setupms="0.002" scanms="0.000" postms="0.000" />
</gc-op>
<gc-end id="59" type="global mark phase" contextid="31" durationms="2.131" usertimems="0.000" systemtimems="4.000" timestamp="2019-08-02T20:29:36.635" activeThreads="8">
  <mem-info id="60" free="3145728" total="8388608" percent="37">
    <pending-finalizers system="0" default="0" reference="2" classloader="0" />
    <remembered-set count="1568" freebytes="328576" totalbytes="334848" percent="98" regionsoverflowed="0" regionsstable="0" regionsrebuilding="0"/>
  </mem-info>
</gc-end>
<cycle-end id="61" type="global mark phase" contextid="31" timestamp="2019-08-02T20:29:36.635" />
  <attribute name="elasticGC enabled" value="1" />
  <attribute name= "numThreadsSpecified" value="0" />
  <attribute name="heapSize specified" value="0" />
  <attribute name= "numCores" value="8" />
  <attribute name ="GC Interval" value="0" />
  <attribute name ="Control flow" value="2" />
  <attribute name="GC Util Range Max" value="93" />
  <attribute name="Current GC Util" value="93" />
  <attribute name= "Current Time Running" value="3576" />
<exclusive-end id="62" timestamp="2019-08-02T20:29:36.635" durationms="2.615" />

<exclusive-start id="63" timestamp="2019-08-02T20:29:37.218" intervalms="585.594">
  <response-info timems="0.030" idlems="0.030" threads="0" lastid="0000000002650300" lastname="node-2" />
</exclusive-start>
<allocation-taxation id="64" taxation-threshold="2097152" timestamp="2019-08-02T20:29:37.219" intervalms="585.599" />
<cycle-start id="65" type="partial gc" contextid="0" timestamp="2019-08-02T20:29:37.219" intervalms="1157.698" />
<gc-start id="66" type="partial gc" contextid="65" timestamp="2019-08-02T20:29:37.219">
  <mem-info id="67" free="1048576" total="8388608" percent="12">
    <mem type="eden" free="1048264" total="5242880" percent="19" />
    <remembered-set count="1568" freebytes="328576" totalbytes="334848" percent="98" regionsoverflowed="0" regionsstable="0" regionsrebuilding="0"/>
  </mem-info>
</gc-start>
<allocation-stats totalBytes="4193552" >
  <allocated-bytes non-tlh="0" tlh="4193552" arrayletleaf="0"/>
  <largest-consumer threadName="node-0" threadId="000000000264C700" bytes="745416" />
</allocation-stats>
<gc-op id="68" type="sweep" timems="0.431" contextid="65" timestamp="2019-08-02T20:29:37.219" />
<gc-op id="69" type="copy forward" timems="2.840" contextid="65" timestamp="2019-08-02T20:29:37.223">
  <memory-copied type="eden" objects="25" bytes="872" bytesdiscarded="680" />
  <memory-copied type="other" objects="0" bytes="0" bytesdiscarded="0" />
  <memory-cardclean objects="212" bytes="8256" />
  <regions eden="2" other="1" />
  <remembered-set-cleared processed="367" cleared="11" durationms="0.045" />
  <stringconstants candidates="3831" cleared="0"  />
</gc-op>
<gc-op id="70" type="classunload" timems="0.001" contextid="65" timestamp="2019-08-02T20:29:37.223">
  <classunload-info classloadercandidates="6" classloadersunloaded="0" classesunloaded="0" anonymousclassesunloaded="0" quiescems="0.000" setupms="0.001" scanms="0.000" postms="0.000" />
</gc-op>
<gc-end id="71" type="partial gc" contextid="65" durationms="4.364" usertimems="0.000" systemtimems="4.000" timestamp="2019-08-02T20:29:37.223" activeThreads="8">
  <mem-info id="72" free="5242880" total="8388608" percent="62">
    <mem type="eden" free="1047024" total="1048576" percent="99" />
    <remembered-set count="1472" freebytes="328960" totalbytes="334848" percent="98" regionsoverflowed="0" regionsstable="0" regionsrebuilding="0"/>
  </mem-info>
</gc-end>
<cycle-end id="73" type="partial gc" contextid="65" timestamp="2019-08-02T20:29:37.223" />
  <attribute name="elasticGC enabled" value="1" />
  <attribute name= "numThreadsSpecified" value="0" />
  <attribute name="heapSize specified" value="0" />
  <attribute name= "numCores" value="8" />
  <attribute name ="GC Interval" value="0" />
  <attribute name ="Control flow" value="2" />
  <attribute name="GC Util Range Max" value="93" />
  <attribute name="Current GC Util" value="32" />
  <attribute name= "Current Time Running" value="4162" />
<exclusive-end id="74" timestamp="2019-08-02T20:29:37.223" durationms="4.894" />

<exclusive-start id="75" timestamp="2019-08-02T20:29:37.826" intervalms="607.244">
  <response-info timems="0.024" idlems="0.024" threads="0" lastid="000000000264C700" lastname="node-0" />
</exclusive-start>
<allocation-taxation id="76" taxation-threshold="2097152" timestamp="2019-08-02T20:29:37.826" intervalms="607.238" />
<cycle-start id="77" type="global mark phase" contextid="0" timestamp="2019-08-02T20:29:37.826" intervalms="2693.260" />
<gc-start id="78" type="global mark phase" contextid="77" timestamp="2019-08-02T20:29:37.826">
  <mem-info id="79" free="3145728" total="8388608" percent="37">
    <remembered-set count="1088" freebytes="330496" totalbytes="334848" percent="98" regionsoverflowed="0" regionsstable="1" regionsrebuilding="0"/>
  </mem-info>
</gc-start>
<gc-op id="80" type="mark increment" timems="0.453" contextid="77" timestamp="2019-08-02T20:29:37.827">
  <trace-info objectcount="146" scancount="0" scanbytes="0" />
</gc-op>
<gc-end id="81" type="global mark phase" contextid="77" durationms="0.664" usertimems="0.000" systemtimems="0.000" timestamp="2019-08-02T20:29:37.827" activeThreads="8">
  <mem-info id="82" free="3145728" total="8388608" percent="37">
    <remembered-set count="1088" freebytes="330496" totalbytes="334848" percent="98" regionsoverflowed="0" regionsstable="0" regionsrebuilding="1"/>
  </mem-info>
</gc-end>
<concurrent-start id="83" type="GMP work packet processing" contextid="77" timestamp="2019-08-02T20:29:37.827">
  <concurrent-mark-start scanTarget="18446744073709551615" />
</concurrent-start>
<concurrent-end id="84" type="GMP work packet processing" contextid="77" timestamp="2019-08-02T20:29:37.828">
  <concurrent-mark-end bytesScanned="1182316" reasonForTermination="Completed all work in GC phase" />
</concurrent-end>

<exclusive-end id="85" timestamp="2019-08-02T20:29:37.828" durationms="2.374" />

<exclusive-start id="86" timestamp="2019-08-02T20:29:38.409" intervalms="583.301">
  <response-info timems="0.023" idlems="0.023" threads="0" lastid="0000000002650300" lastname="node-2" />
</exclusive-start>
<allocation-taxation id="87" taxation-threshold="2097152" timestamp="2019-08-02T20:29:38.409" intervalms="583.372" />
<cycle-start id="88" type="partial gc" contextid="0" timestamp="2019-08-02T20:29:38.409" intervalms="1190.697" />
<gc-start id="89" type="partial gc" contextid="88" timestamp="2019-08-02T20:29:38.410">
  <mem-info id="90" free="1048576" total="8388608" percent="12">
    <mem type="eden" free="1047024" total="5242880" percent="19" />
    <remembered-set count="2272" freebytes="325760" totalbytes="334848" percent="97" regionsoverflowed="0" regionsstable="0" regionsrebuilding="1"/>
  </mem-info>
</gc-start>
<allocation-stats totalBytes="4193176" >
  <allocated-bytes non-tlh="0" tlh="4193176" arrayletleaf="0"/>
  <largest-consumer threadName="node-0" threadId="000000000264C700" bytes="745408" />
</allocation-stats>
<gc-op id="91" type="copy forward" timems="1.821" contextid="88" timestamp="2019-08-02T20:29:38.412">
  <memory-copied type="eden" objects="27" bytes="1032" bytesdiscarded="680" />
  <memory-copied type="other" objects="0" bytes="0" bytesdiscarded="0" />
  <memory-cardclean objects="174" bytes="6320" />
  <regions eden="4" other="1" />
  <remembered-set-cleared processed="793" cleared="18" durationms="0.059" />
  <stringconstants candidates="3831" cleared="0"  />
</gc-op>
<gc-op id="92" type="classunload" timems="0.002" contextid="88" timestamp="2019-08-02T20:29:38.412">
  <classunload-info classloadercandidates="6" classloadersunloaded="0" classesunloaded="0" anonymousclassesunloaded="0" quiescems="0.000" setupms="0.001" scanms="0.000" postms="0.000" />
</gc-op>
<gc-op id="93" type="compact" timems="1.180" contextid="88" timestamp="2019-08-02T20:29:38.414">
  <compact-info movecount="0" movebytes="0" />
  <remembered-set-cleared processed="1591" cleared="18" durationms="0.059" />
</gc-op>
<gc-end id="94" type="partial gc" contextid="88" durationms="4.475" usertimems="8.000" systemtimems="0.000" timestamp="2019-08-02T20:29:38.414" activeThreads="8">
  <mem-info id="95" free="5242880" total="8388608" percent="62">
    <mem type="eden" free="1046864" total="1048576" percent="99" />
    <remembered-set count="992" freebytes="330880" totalbytes="334848" percent="98" regionsoverflowed="0" regionsstable="0" regionsrebuilding="1"/>
  </mem-info>
</gc-end>
<cycle-end id="96" type="partial gc" contextid="88" timestamp="2019-08-02T20:29:38.414" />
  <attribute name="elasticGC enabled" value="1" />
  <attribute name= "numThreadsSpecified" value="0" />
  <attribute name="heapSize specified" value="0" />
  <attribute name= "numCores" value="8" />
  <attribute name ="GC Interval" value="0" />
  <attribute name ="Control flow" value="2" />
  <attribute name="GC Util Range Max" value="93" />
  <attribute name="Current GC Util" value="111" />
  <attribute name= "Current Time Running" value="5355" />
<exclusive-end id="97" timestamp="2019-08-02T20:29:38.414" durationms="5.374" />

<exclusive-start id="98" timestamp="2019-08-02T20:29:39.023" intervalms="613.784">
  <response-info timems="0.027" idlems="0.027" threads="0" lastid="0000000002653F00" lastname="node-1" />
</exclusive-start>
<allocation-taxation id="99" taxation-threshold="2097152" timestamp="2019-08-02T20:29:39.023" intervalms="613.720" />
<gc-start id="100" type="global mark phase" contextid="77" timestamp="2019-08-02T20:29:39.023">
  <mem-info id="101" free="3145728" total="8388608" percent="37">
    <remembered-set count="992" freebytes="330880" totalbytes="334848" percent="98" regionsoverflowed="0" regionsstable="0" regionsrebuilding="1"/>
  </mem-info>
</gc-start>
<gc-op id="102" type="mark increment" timems="1.191" contextid="77" timestamp="2019-08-02T20:29:39.024">
  <trace-info objectcount="19" scancount="19" scanbytes="336" />
  <cardclean-info objects="174" bytes="6284" />
  <finalization candidates="13" enqueued="0" />
  <references type="soft" candidates="66" cleared="0" enqueued="0" dynamicThreshold="20" maxThreshold="32" />
  <references type="weak" candidates="143" cleared="0" enqueued="0" />
  <references type="phantom" candidates="57" cleared="0" enqueued="0" />
  <stringconstants candidates="3831" cleared="0"  />
</gc-op>
<gc-op id="103" type="classunload" timems="0.002" contextid="77" timestamp="2019-08-02T20:29:39.024">
  <classunload-info classloadercandidates="6" classloadersunloaded="0" classesunloaded="0" anonymousclassesunloaded="0" quiescems="0.000" setupms="0.002" scanms="0.000" postms="0.000" />
</gc-op>
<gc-end id="104" type="global mark phase" contextid="77" durationms="1.430" usertimems="4.000" systemtimems="0.000" timestamp="2019-08-02T20:29:39.024" activeThreads="8">
  <mem-info id="105" free="3145728" total="8388608" percent="37">
    <remembered-set count="992" freebytes="330880" totalbytes="334848" percent="98" regionsoverflowed="0" regionsstable="0" regionsrebuilding="0"/>
  </mem-info>
</gc-end>
<cycle-end id="106" type="global mark phase" contextid="77" timestamp="2019-08-02T20:29:39.024" />
  <attribute name="elasticGC enabled" value="1" />
  <attribute name= "numThreadsSpecified" value="0" />
  <attribute name="heapSize specified" value="0" />
  <attribute name= "numCores" value="8" />
  <attribute name ="GC Interval" value="0" />
  <attribute name ="Control flow" value="2" />
  <attribute name="GC Util Range Max" value="93" />
  <attribute name="Current GC Util" value="55" />
  <attribute name= "Current Time Running" value="5966" />
<exclusive-end id="107" timestamp="2019-08-02T20:29:39.025" durationms="1.765" />

<exclusive-start id="108" timestamp="2019-08-02T20:29:39.557" intervalms="534.631">
  <response-info timems="0.033" idlems="0.033" threads="0" lastid="0000000002653F00" lastname="node-1" />
</exclusive-start>
<allocation-taxation id="109" taxation-threshold="2097152" timestamp="2019-08-02T20:29:39.557" intervalms="534.632" />
<cycle-start id="110" type="partial gc" contextid="0" timestamp="2019-08-02T20:29:39.558" intervalms="1148.255" />
<gc-start id="111" type="partial gc" contextid="110" timestamp="2019-08-02T20:29:39.558">
  <mem-info id="112" free="1048576" total="8388608" percent="12">
    <mem type="eden" free="1046864" total="5242880" percent="19" />
    <remembered-set count="224" freebytes="333952" totalbytes="334848" percent="99" regionsoverflowed="0" regionsstable="1" regionsrebuilding="0"/>
  </mem-info>
</gc-start>
<allocation-stats totalBytes="4193416" >
  <allocated-bytes non-tlh="0" tlh="4193416" arrayletleaf="0"/>
  <largest-consumer threadName="node-2" threadId="0000000002650300" bytes="749512" />
</allocation-stats>
<gc-op id="113" type="sweep" timems="0.449" contextid="110" timestamp="2019-08-02T20:29:39.558" />
<gc-op id="114" type="copy forward" timems="1.306" contextid="110" timestamp="2019-08-02T20:29:39.560">
  <memory-copied type="eden" objects="19" bytes="336" bytesdiscarded="728" />
  <memory-copied type="other" objects="0" bytes="0" bytesdiscarded="0" />
  <memory-cardclean objects="174" bytes="6320" />
  <regions eden="2" other="1" />
  <remembered-set-cleared processed="34" cleared="4" durationms="0.052" />
  <stringconstants candidates="3831" cleared="0"  />
</gc-op>
<gc-op id="115" type="classunload" timems="0.001" contextid="110" timestamp="2019-08-02T20:29:39.560">
  <classunload-info classloadercandidates="6" classloadersunloaded="0" classesunloaded="0" anonymousclassesunloaded="0" quiescems="0.000" setupms="0.001" scanms="0.000" postms="0.000" />
</gc-op>
<gc-op id="116" type="compact" timems="1.046" contextid="110" timestamp="2019-08-02T20:29:39.562">
  <compact-info movecount="0" movebytes="0" />
  <remembered-set-cleared processed="78" cleared="4" durationms="0.052" />
</gc-op>
<gc-end id="117" type="partial gc" contextid="110" durationms="4.229" usertimems="0.000" systemtimems="4.000" timestamp="2019-08-02T20:29:39.562" activeThreads="8">
  <mem-info id="118" free="5242880" total="8388608" percent="62">
    <mem type="eden" free="1047512" total="1048576" percent="99" />
    <remembered-set count="224" freebytes="333952" totalbytes="334848" percent="99" regionsoverflowed="0" regionsstable="1" regionsrebuilding="0"/>
  </mem-info>
</gc-end>
<cycle-end id="119" type="partial gc" contextid="110" timestamp="2019-08-02T20:29:39.562" />
  <attribute name="elasticGC enabled" value="1" />
  <attribute name= "numThreadsSpecified" value="0" />
  <attribute name="heapSize specified" value="0" />
  <attribute name= "numCores" value="8" />
  <attribute name ="GC Interval" value="0" />
  <attribute name ="Control flow" value="2" />
  <attribute name="GC Util Range Max" value="93" />
  <attribute name="Current GC Util" value="102" />
  <attribute name= "Current Time Running" value="6503" />
<exclusive-end id="120" timestamp="2019-08-02T20:29:39.562" durationms="4.930" />

<exclusive-start id="121" timestamp="2019-08-02T20:29:40.120" intervalms="562.473">
  <response-info timems="0.037" idlems="0.037" threads="0" lastid="000000000264C700" lastname="node-0" />
</exclusive-start>
<allocation-taxation id="122" taxation-threshold="2097152" timestamp="2019-08-02T20:29:40.120" intervalms="562.465" />
<cycle-start id="123" type="global mark phase" contextid="0" timestamp="2019-08-02T20:29:40.120" intervalms="2294.147" />
<gc-start id="124" type="global mark phase" contextid="123" timestamp="2019-08-02T20:29:40.120">
  <mem-info id="125" free="3145728" total="8388608" percent="37">
    <remembered-set count="224" freebytes="333952" totalbytes="334848" percent="99" regionsoverflowed="0" regionsstable="1" regionsrebuilding="0"/>
  </mem-info>
</gc-start>
<gc-op id="126" type="mark increment" timems="0.450" contextid="123" timestamp="2019-08-02T20:29:40.121">
  <trace-info objectcount="141" scancount="0" scanbytes="0" />
</gc-op>
<gc-end id="127" type="global mark phase" contextid="123" durationms="0.562" usertimems="0.000" systemtimems="4.000" timestamp="2019-08-02T20:29:40.121" activeThreads="8">
  <mem-info id="128" free="3145728" total="8388608" percent="37">
    <remembered-set count="224" freebytes="333952" totalbytes="334848" percent="99" regionsoverflowed="0" regionsstable="0" regionsrebuilding="1"/>
  </mem-info>
</gc-end>
<concurrent-start id="129" type="GMP work packet processing" contextid="123" timestamp="2019-08-02T20:29:40.121">
  <concurrent-mark-start scanTarget="18446744073709551615" />
</concurrent-start>
<exclusive-end id="130" timestamp="2019-08-02T20:29:40.121" durationms="0.936" />

<concurrent-end id="131" type="GMP work packet processing" contextid="123" timestamp="2019-08-02T20:29:40.122">
  <concurrent-mark-end bytesScanned="1182260" reasonForTermination="Completed all work in GC phase" />
</concurrent-end>

<exclusive-start id="132" timestamp="2019-08-02T20:29:40.692" intervalms="572.469">
  <response-info timems="0.033" idlems="0.033" threads="0" lastid="0000000002653F00" lastname="node-1" />
</exclusive-start>
<allocation-taxation id="133" taxation-threshold="2097152" timestamp="2019-08-02T20:29:40.692" intervalms="572.468" />
<cycle-start id="134" type="partial gc" contextid="0" timestamp="2019-08-02T20:29:40.692" intervalms="1134.937" />
<gc-start id="135" type="partial gc" contextid="134" timestamp="2019-08-02T20:29:40.693">
  <mem-info id="136" free="1048576" total="8388608" percent="12">
    <mem type="eden" free="1047512" total="5242880" percent="19" />
    <remembered-set count="1952" freebytes="327040" totalbytes="334848" percent="97" regionsoverflowed="0" regionsstable="0" regionsrebuilding="1"/>
  </mem-info>
</gc-start>
<allocation-stats totalBytes="4193456" >
  <allocated-bytes non-tlh="0" tlh="4193456" arrayletleaf="0"/>
  <largest-consumer threadName="node-2" threadId="0000000002650300" bytes="778176" />
</allocation-stats>
<gc-op id="137" type="copy forward" timems="1.675" contextid="134" timestamp="2019-08-02T20:29:40.695">
  <memory-copied type="eden" objects="20" bytes="360" bytesdiscarded="664" />
  <memory-copied type="other" objects="0" bytes="0" bytesdiscarded="0" />
  <memory-cardclean objects="174" bytes="6320" />
  <regions eden="4" other="1" />
  <remembered-set-cleared processed="796" cleared="18" durationms="0.059" />
  <stringconstants candidates="3831" cleared="0"  />
</gc-op>
<gc-op id="138" type="classunload" timems="0.001" contextid="134" timestamp="2019-08-02T20:29:40.695">
  <classunload-info classloadercandidates="6" classloadersunloaded="0" classesunloaded="0" anonymousclassesunloaded="0" quiescems="0.000" setupms="0.001" scanms="0.000" postms="0.000" />
</gc-op>
<gc-op id="139" type="compact" timems="1.187" contextid="134" timestamp="2019-08-02T20:29:40.696">
  <compact-info movecount="0" movebytes="0" />
  <remembered-set-cleared processed="1593" cleared="18" durationms="0.059" />
</gc-op>
<gc-end id="140" type="partial gc" contextid="134" durationms="4.070" usertimems="4.000" systemtimems="0.000" timestamp="2019-08-02T20:29:40.697" activeThreads="8">
  <mem-info id="141" free="5242880" total="8388608" percent="62">
    <mem type="eden" free="1047552" total="1048576" percent="99" />
    <remembered-set count="1056" freebytes="330624" totalbytes="334848" percent="98" regionsoverflowed="0" regionsstable="0" regionsrebuilding="1"/>
  </mem-info>
</gc-end>
<cycle-end id="142" type="partial gc" contextid="134" timestamp="2019-08-02T20:29:40.697" />
  <attribute name="elasticGC enabled" value="1" />
  <attribute name= "numThreadsSpecified" value="0" />
  <attribute name="heapSize specified" value="0" />
  <attribute name= "numCores" value="8" />
  <attribute name ="GC Interval" value="0" />
  <attribute name ="Control flow" value="2" />
  <attribute name="GC Util Range Max" value="93" />
  <attribute name="Current GC Util" value="108" />
  <attribute name= "Current Time Running" value="7637" />
<exclusive-end id="143" timestamp="2019-08-02T20:29:40.697" durationms="4.921" />

</verbosegc>

