<?xml version="1.0" ?>

<verbosegc xmlns="http://www.ibm.com/j9/verbosegc" version="10b4217_CMPRSS">

<initialized id="1" timestamp="2019-06-17T05:58:15.446">
  <attribute name="gcPolicy" value="-Xgcpolicy:optthruput" />
  <attribute name="elasticGC enabled" value="1" />
  <attribute name= "numThreadsSpecified" value="0" />
  <attribute name="heapSize specified" value="0" />
  <attribute name="Current GC Util" value="0" />
  <attribute name= "Current Time Running" value="0" />
  <attribute name ="GC Interval" value="0" />
  <attribute name="ProportionalT" value="0.000000" />
  <attribute name="ProportionalI" value="0.000000" />
  <attribute name="ProportionalH" value="0.000000" />
  <attribute name="IntegralT" value="0.000000" />
  <attribute name="IntegralI" value="0.000000" />
  <attribute name="IntegralH" value="0.000000" />
  <attribute name="DerivativeT" value="0.000000" />
  <attribute name="DerivativeI" value="0.000000" />
  <attribute name="DerivativeH" value="0.000000" />
  <attribute name="Target GC Util Change" value ="0.000000" />
  <attribute name="Current GC Util Change" value="0.000000"/>
  <attribute name="Current Error" value="0.000000" />
  <attribute name="Loop Time for DT" value="0.000000" />
  <attribute name="Output H" value="0"/>
  <attribute name="Output I" value="0"/>
  <attribute name="Output T" value="0"/>
  <attribute name="GC Util currently" value="0" />
  <attribute name="CPU Util currently" value="0" />
  <attribute name="maxHeapSize" value="0x7cbc0000" />
  <attribute name="initialHeapSize" value="0x800000" />
  <attribute name="compressedRefs" value="true" />
  <attribute name="compressedRefsDisplacement" value="0x0" />
  <attribute name="compressedRefsShift" value="0x0" />
  <attribute name="pageSize" value="0x1000" />
  <attribute name="pageType" value="not used" />
  <attribute name="requestedPageSize" value="0x1000" />
  <attribute name="requestedPageType" value="not used" />
  <attribute name="gcthreads" value="4" />
  <attribute name="packetListSplit" value="4" />
  <attribute name="cacheListSplit" value="4" />
  <attribute name="splitFreeListSplitAmount" value="1" />
  <attribute name="numaNodes" value="0" />
  <system>
    <attribute name="physicalMemory" value="8370962432" />
    <attribute name="numCPUs" value="4" />
    <attribute name="architecture" value="amd64" />
    <attribute name="os" value="Linux" />
    <attribute name="osVersion" value="4.4.0-148-generic" />
  </system>
  <vmargs>
    <vmarg name="-Xoptionsfile=/vagrant/jdk/lib/options.default" />
    <vmarg name="-Xlockword:mode=default,noLockword=java/lang/String,noLockword=java/util/MapEntry,noLockword=java/util/HashMap$Entry,noLockword..." />
    <vmarg name="-Xjcl:jclse29" />
    <vmarg name="-Dcom.ibm.oti.vm.bootstrap.library.path=/vagrant/jdk/lib/compressedrefs:/vagrant/jdk/lib" />
    <vmarg name="-Dsun.boot.library.path=/vagrant/jdk/lib/compressedrefs:/vagrant/jdk/lib" />
    <vmarg name="-Djava.library.path=/vagrant/jdk/lib/compressedrefs:/vagrant/jdk/lib:/usr/lib64:/usr/lib" />
    <vmarg name="-Djava.home=/vagrant/jdk" />
    <vmarg name="-Duser.dir=/vagrant" />
    <vmarg name="-Xgcpolicy:optthruput" />
    <vmarg name="-Xgcelastic" />
    <vmarg name="-Xcheck:gc:::elasticGC" />
    <vmarg name="-verbose:gc" />
    <vmarg name="-Xloggc:small-OPTTHRUPUT-jdk-1-1-1-verbose16jython.txt" />
    <vmarg name="-Djava.class.path=dacapo-9.12-MR1-bach.jar" />
    <vmarg name="-Dsun.java.command=dacapo-9.12-MR1-bach.jar jython --size=small" />
    <vmarg name="-Dsun.java.launcher=SUN_STANDARD" />
    <vmarg name="-Dsun.java.launcher.pid=12312" />
  </vmargs>
</initialized>

<exclusive-start id="2" timestamp="2019-06-17T05:58:17.075" intervalms="1629.456">
  <response-info timems="0.023" idlems="0.023" threads="0" lastid="0000000001EF8700" lastname="main" />
</exclusive-start>
<af-start id="3" threadId="0000000001EF9088" totalBytesRequested="2056" timestamp="2019-06-17T05:58:17.076" intervalms="1629.701" />
<cycle-start id="4" type="global" contextid="0" timestamp="2019-06-17T05:58:17.076" intervalms="1629.991" />
<gc-start id="5" type="global" contextid="4" timestamp="2019-06-17T05:58:17.076">
  <mem-info id="6" free="418816" total="8388608" percent="4">
    <mem type="tenure" free="418816" total="8388608" percent="4">
      <mem type="soa" free="0" total="7969792" percent="0" />
      <mem type="loa" free="418816" total="418816" percent="100" />
    </mem>
  </mem-info>
</gc-start>
<allocation-stats totalBytes="7880736" >
  <allocated-bytes non-tlh="357688" tlh="7523048" />
  <largest-consumer threadName="main" threadId="0000000001EF8700" bytes="7808088" />
</allocation-stats>
<gc-op id="7" type="mark" timems="1.902" contextid="4" timestamp="2019-06-17T05:58:17.078">
  <trace-info objectcount="17668" scancount="14614" scanbytes="460792" />
  <finalization candidates="14" enqueued="1" />
  <references type="soft" candidates="63" cleared="0" enqueued="0" dynamicThreshold="32" maxThreshold="32" />
  <references type="weak" candidates="544" cleared="401" enqueued="362" />
  <references type="phantom" candidates="105" cleared="44" enqueued="44" />
  <stringconstants candidates="2406" cleared="0"  />
</gc-op>
<gc-op id="8" type="classunload" timems="0.113" contextid="4" timestamp="2019-06-17T05:58:17.078">
  <classunload-info classloadercandidates="5" classloadersunloaded="0" classesunloaded="0" anonymousclassesunloaded="0" quiescems="0.000" setupms="0.113" scanms="0.000" postms="0.000" />
</gc-op>
<gc-op id="9" type="sweep" timems="0.717" contextid="4" timestamp="2019-06-17T05:58:17.079" />
<mem-info id="10" free="7187288" total="8388608" percent="85">
  <mem type="tenure" free="7187288" total="8388608" percent="85" micro-fragmented="165945" macro-fragmented="0">
    <mem type="soa" free="6768472" total="7969792" percent="84" />
    <mem type="loa" free="418816" total="418816" percent="100" />
  </mem>
  <pending-finalizers system="1" default="0" reference="406" classloader="0" />
</mem-info>
<gc-op id="11" type="compact" timems="4.099" contextid="4" timestamp="2019-06-17T05:58:17.083">
  <compact-info movecount="17667" movebytes="963224" reason="compact to aid heap contraction" />
</gc-op>
<heap-resize id="12" type="expand" space="tenure" amount="2084241408" count="1" timems="0.161" reason="satisfy allocation request" timestamp="2019-06-17T05:58:17.084" />
<gc-end id="13" type="global" contextid="4" durationms="8.435" usertimems="4.000" systemtimems="4.000" timestamp="2019-06-17T05:58:17.085" activeThreads="4">
  <mem-info id="14" free="2091601168" total="2092630016" percent="99">
    <mem type="tenure" free="2091601168" total="2092630016" percent="99">
      <mem type="soa" free="1986969872" total="1987998720" percent="99" />
      <mem type="loa" free="104631296" total="104631296" percent="100" />
    </mem>
    <pending-finalizers system="1" default="0" reference="406" classloader="0" />
  </mem-info>
</gc-end>
<cycle-end id="15" type="global" contextid="4" timestamp="2019-06-17T05:58:17.085" />
  <attribute name="elasticGC enabled" value="1" />
  <attribute name= "numThreadsSpecified" value="4" />
  <attribute name="heapSize specified" value="8388608" />
  <attribute name="Current GC Util" value="29" />
  <attribute name= "Current Time Running" value="1496" />
  <attribute name ="GC Interval" value="0" />
  <attribute name="ProportionalT" value="9.000000" />
  <attribute name="ProportionalI" value="9.000000" />
  <attribute name="ProportionalH" value="9.000000" />
  <attribute name="Current Error" value="9.000000" />
  <attribute name="IntegralT" value="-29629.000000" />
  <attribute name="IntegralI" value="-29629.000000" />
  <attribute name="IntegralH" value="-29629.000000" />
  <attribute name="DerivativeT" value="2.250000" />
  <attribute name="DerivativeI" value="2.250000" />
  <attribute name="DerivativeH" value="2.250000" />
  <attribute name="Loop Time for DT" value="4.000000" />
  <attribute name="Output H" value="2092630016"/>
  <attribute name="Output I" value="200"/>
  <attribute name="Output T" value="4"/>
  <attribute name="Target GC Util Change" value ="20.000000" />
  <attribute name="Current GC Util Change" value="29.000000"/>
  <attribute name="GC Util currently" value="29" />
  <attribute name="CPU Util currently" value="1081013309968" />
<allocation-satisfied id="16" threadId="0000000001EF8700" bytesRequested="2056" />
<af-end id="17" timestamp="2019-06-17T05:58:17.085" threadId="0000000001EF9088" success="true" />
<exclusive-end id="18" timestamp="2019-06-17T05:58:17.085" durationms="9.568" />

<exclusive-start id="19" timestamp="2019-06-17T05:58:21.853" intervalms="4777.669">
  <response-info timems="0.019" idlems="0.019" threads="0" lastid="0000000001EF8700" lastname="main" />
</exclusive-start>
<sys-start reason="explicit" id="20" timestamp="2019-06-17T05:58:21.853" intervalms="6407.262" />
<cycle-start id="21" type="global" contextid="0" timestamp="2019-06-17T05:58:21.853" intervalms="4777.373" />
<gc-start id="22" type="global" contextid="21" timestamp="2019-06-17T05:58:21.853">
  <mem-info id="23" free="2021253488" total="2092630016" percent="96">
    <mem type="tenure" free="2021253488" total="2092630016" percent="96">
      <mem type="soa" free="1916622192" total="1987998720" percent="96" />
      <mem type="loa" free="104631296" total="104631296" percent="100" />
    </mem>
  </mem-info>
</gc-start>
<allocation-stats totalBytes="70373024" >
  <allocated-bytes non-tlh="3419040" tlh="66953984" />
  <largest-consumer threadName="main" threadId="0000000001EF8700" bytes="70303936" />
</allocation-stats>
<gc-op id="24" type="mark" timems="9.803" contextid="21" timestamp="2019-06-17T05:58:21.863">
  <trace-info objectcount="75488" scancount="63050" scanbytes="2110604" />
  <finalization candidates="81" enqueued="1" />
  <ownableSynchronizers candidates="21" cleared="0" />
  <references type="soft" candidates="1640" cleared="0" enqueued="0" dynamicThreshold="31" maxThreshold="32" />
  <references type="weak" candidates="5235" cleared="734" enqueued="570" />
  <references type="phantom" candidates="115" cleared="15" enqueued="15" />
  <stringconstants candidates="8680" cleared="15"  />
</gc-op>
<gc-op id="25" type="classunload" timems="0.436" contextid="21" timestamp="2019-06-17T05:58:21.864">
  <classunload-info classloadercandidates="17" classloadersunloaded="1" classesunloaded="1" anonymousclassesunloaded="0" quiescems="0.000" setupms="0.426" scanms="0.008" postms="0.002" />
</gc-op>
<gc-op id="26" type="sweep" timems="2.008" contextid="21" timestamp="2019-06-17T05:58:21.866" />
<mem-info id="27" free="2087389960" total="2092630016" percent="99">
  <mem type="tenure" free="2087389960" total="2092630016" percent="99" micro-fragmented="616079" macro-fragmented="0">
    <mem type="soa" free="1982758664" total="1987998720" percent="99" />
    <mem type="loa" free="104631296" total="104631296" percent="100" />
  </mem>
  <pending-finalizers system="1" default="0" reference="585" classloader="0" />
</mem-info>
<gc-op id="28" type="compact" timems="16.989" contextid="21" timestamp="2019-06-17T05:58:21.883">
  <compact-info movecount="74820" movebytes="4256704" reason="compact to aid heap contraction" />
</gc-op>
<gc-end id="29" type="global" contextid="21" durationms="30.255" usertimems="56.000" systemtimems="4.000" timestamp="2019-06-17T05:58:21.884" activeThreads="4">
  <mem-info id="30" free="2088354768" total="2092630016" percent="99">
    <mem type="tenure" free="2088354768" total="2092630016" percent="99">
      <mem type="soa" free="1983723472" total="1987998720" percent="99" />
      <mem type="loa" free="104631296" total="104631296" percent="100" />
    </mem>
    <pending-finalizers system="1" default="0" reference="585" classloader="0" />
  </mem-info>
</gc-end>
<cycle-end id="31" type="global" contextid="21" timestamp="2019-06-17T05:58:21.884" />
  <attribute name="elasticGC enabled" value="1" />
  <attribute name= "numThreadsSpecified" value="4" />
  <attribute name="heapSize specified" value="2092630016" />
  <attribute name="Current GC Util" value="119" />
  <attribute name= "Current Time Running" value="6296" />
  <attribute name ="GC Interval" value="0" />
  <attribute name="ProportionalT" value="99.000000" />
  <attribute name="ProportionalI" value="99.000000" />
  <attribute name="ProportionalH" value="99.000000" />
  <attribute name="Current Error" value="99.000000" />
  <attribute name="IntegralT" value="1683.000000" />
  <attribute name="IntegralI" value="1683.000000" />
  <attribute name="IntegralH" value="1683.000000" />
  <attribute name="DerivativeT" value="2.235294" />
  <attribute name="DerivativeI" value="2.235294" />
  <attribute name="DerivativeH" value="2.235294" />
  <attribute name="Loop Time for DT" value="17.000000" />
  <attribute name="Output H" value="8388608"/>
  <attribute name="Output I" value="1784"/>
  <attribute name="Output T" value="4"/>
  <attribute name="Target GC Util Change" value ="20.000000" />
  <attribute name="Current GC Util Change" value="119.000000"/>
  <attribute name="GC Util currently" value="119" />
  <attribute name="CPU Util currently" value="269507299760" />
<sys-end id="32" timestamp="2019-06-17T05:58:21.884" />
<exclusive-end id="33" timestamp="2019-06-17T05:58:21.884" durationms="30.932" />

</verbosegc>

