<?xml version="1.0" ?>

<verbosegc xmlns="http://www.ibm.com/j9/verbosegc" version="10b4217_CMPRSS">

<initialized id="1" timestamp="2019-06-17T01:16:04.396">
  <attribute name="gcPolicy" value="-Xgcpolicy:optavgpause" />
  <attribute name="elasticGC enabled" value="1" />
  <attribute name= "numThreadsSpecified" value="0" />
  <attribute name="heapSize specified" value="0" />
  <attribute name="Current GC Util" value="0" />
  <attribute name= "Current Time Running" value="0" />
  <attribute name ="GC Interval" value="0" />
  <attribute name="ProportionalT" value="0.000000" />
  <attribute name="ProportionalI" value="0.000000" />
  <attribute name="ProportionalH" value="0.000000" />
  <attribute name="IntegralT" value="0.000000" />
  <attribute name="IntegralI" value="0.000000" />
  <attribute name="IntegralH" value="0.000000" />
  <attribute name="DerivativeT" value="0.000000" />
  <attribute name="DerivativeI" value="0.000000" />
  <attribute name="DerivativeH" value="0.000000" />
  <attribute name="Target GC Util Change" value ="0.000000" />
  <attribute name="Current GC Util Change" value="0.000000"/>
  <attribute name="Current Error" value="0.000000" />
  <attribute name="Loop Time for DT" value="0.000000" />
  <attribute name="Output H" value="0"/>
  <attribute name="Output I" value="0"/>
  <attribute name="Output T" value="0"/>
  <attribute name="GC Util currently" value="0" />
  <attribute name="CPU Util currently" value="0" />
  <attribute name="maxHeapSize" value="0x7cbc0000" />
  <attribute name="initialHeapSize" value="0x800000" />
  <attribute name="compressedRefs" value="true" />
  <attribute name="compressedRefsDisplacement" value="0x0" />
  <attribute name="compressedRefsShift" value="0x0" />
  <attribute name="pageSize" value="0x1000" />
  <attribute name="pageType" value="not used" />
  <attribute name="requestedPageSize" value="0x1000" />
  <attribute name="requestedPageType" value="not used" />
  <attribute name="gcthreads" value="4" />
  <attribute name="packetListSplit" value="4" />
  <attribute name="cacheListSplit" value="4" />
  <attribute name="splitFreeListSplitAmount" value="1" />
  <attribute name="numaNodes" value="0" />
  <system>
    <attribute name="physicalMemory" value="8370958336" />
    <attribute name="numCPUs" value="4" />
    <attribute name="architecture" value="amd64" />
    <attribute name="os" value="Linux" />
    <attribute name="osVersion" value="4.4.0-150-generic" />
  </system>
  <vmargs>
    <vmarg name="-Xoptionsfile=/vagrant/jdk/lib/options.default" />
    <vmarg name="-Xlockword:mode=default,noLockword=java/lang/String,noLockword=java/util/MapEntry,noLockword=java/util/HashMap$Entry,noLockword..." />
    <vmarg name="-Xjcl:jclse29" />
    <vmarg name="-Dcom.ibm.oti.vm.bootstrap.library.path=/vagrant/jdk/lib/compressedrefs:/vagrant/jdk/lib" />
    <vmarg name="-Dsun.boot.library.path=/vagrant/jdk/lib/compressedrefs:/vagrant/jdk/lib" />
    <vmarg name="-Djava.library.path=/vagrant/jdk/lib/compressedrefs:/vagrant/jdk/lib:/usr/lib64:/usr/lib" />
    <vmarg name="-Djava.home=/vagrant/jdk" />
    <vmarg name="-Duser.dir=/vagrant" />
    <vmarg name="-Xgcpolicy:optavgpause" />
    <vmarg name="-Xgcelastic" />
    <vmarg name="-Xcheck:gc:::elasticGC" />
    <vmarg name="-verbose:gc" />
    <vmarg name="-Xloggc:jdk1.5-1-1.5-default-OAP-4CORE-elasticverbose7jython.txt" />
    <vmarg name="-Djava.class.path=dacapo-9.12-MR1-bach.jar" />
    <vmarg name="-Dsun.java.command=dacapo-9.12-MR1-bach.jar jython --size=default" />
    <vmarg name="-Dsun.java.launcher=SUN_STANDARD" />
    <vmarg name="-Dsun.java.launcher.pid=29240" />
  </vmargs>
</initialized>

<exclusive-start id="2" timestamp="2019-06-17T01:16:27.839" intervalms="23442.684">
  <response-info timems="0.177" idlems="0.177" threads="0" lastid="000000000179B700" lastname="main" />
</exclusive-start>
<af-start id="3" threadId="000000000179C088" totalBytesRequested="2056" timestamp="2019-06-17T01:16:27.840" intervalms="23444.158" />
<cycle-start id="4" type="global" contextid="0" timestamp="2019-06-17T01:16:27.842" intervalms="23446.316" />
<gc-start id="5" type="global" contextid="4" timestamp="2019-06-17T01:16:27.843">
  <mem-info id="6" free="418816" total="8388608" percent="4">
    <mem type="tenure" free="418816" total="8388608" percent="4">
      <mem type="soa" free="0" total="7969792" percent="0" />
      <mem type="loa" free="418816" total="418816" percent="100" />
    </mem>
  </mem-info>
</gc-start>
<allocation-stats totalBytes="7879872" >
  <allocated-bytes non-tlh="357688" tlh="7522184" />
  <largest-consumer threadName="main" threadId="000000000179B700" bytes="7806224" />
</allocation-stats>
<gc-op id="7" type="mark" timems="17.241" contextid="4" timestamp="2019-06-17T01:16:27.862">
  <trace-info objectcount="17675" scancount="14616" scanbytes="461016" />
  <finalization candidates="14" enqueued="1" />
  <references type="soft" candidates="63" cleared="0" enqueued="0" dynamicThreshold="32" maxThreshold="32" />
  <references type="weak" candidates="544" cleared="401" enqueued="362" />
  <references type="phantom" candidates="105" cleared="44" enqueued="44" />
  <stringconstants candidates="2406" cleared="0"  />
</gc-op>
<gc-op id="8" type="classunload" timems="0.156" contextid="4" timestamp="2019-06-17T01:16:27.863">
  <classunload-info classloadercandidates="5" classloadersunloaded="0" classesunloaded="0" anonymousclassesunloaded="0" quiescems="0.000" setupms="0.155" scanms="0.001" postms="0.000" />
</gc-op>
<gc-op id="9" type="sweep" timems="2.620" contextid="4" timestamp="2019-06-17T01:16:27.865" />
<mem-info id="10" free="7184976" total="8388608" percent="85">
  <mem type="tenure" free="7184976" total="8388608" percent="85" micro-fragmented="179400">
    <mem type="soa" free="6766160" total="7969792" percent="84" />
    <mem type="loa" free="418816" total="418816" percent="100" />
  </mem>
  <pending-finalizers system="1" default="0" reference="406" classloader="0" />
</mem-info>
<gc-op id="11" type="compact" timems="9.555" contextid="4" timestamp="2019-06-17T01:16:27.876">
  <compact-info movecount="17674" movebytes="963816" reason="compact to aid heap contraction" />
</gc-op>
<heap-resize id="12" type="expand" space="tenure" amount="2084241408" count="1" timems="0.354" reason="satisfy allocation request" timestamp="2019-06-17T01:16:27.877" />
<gc-end id="13" type="global" contextid="4" durationms="33.884" usertimems="44.000" systemtimems="0.000" timestamp="2019-06-17T01:16:27.877" activeThreads="4">
  <mem-info id="14" free="2091600576" total="2092630016" percent="99">
    <mem type="tenure" free="2091600576" total="2092630016" percent="99">
      <mem type="soa" free="1986969280" total="1987998720" percent="99" />
      <mem type="loa" free="104631296" total="104631296" percent="100" />
    </mem>
    <pending-finalizers system="1" default="0" reference="406" classloader="0" />
  </mem-info>
</gc-end>
<cycle-end id="15" type="global" contextid="4" timestamp="2019-06-17T01:16:27.877" />
  <attribute name="elasticGC enabled" value="1" />
  <attribute name= "numThreadsSpecified" value="4" />
  <attribute name="heapSize specified" value="8388608" />
  <attribute name="Current GC Util" value="60" />
  <attribute name= "Current Time Running" value="23359" />
  <attribute name ="GC Interval" value="0" />
  <attribute name="ProportionalT" value="60.000000" />
  <attribute name="ProportionalI" value="60.000000" />
  <attribute name="ProportionalH" value="60.000000" />
  <attribute name="Current Error" value="40.000000" />
  <attribute name="IntegralT" value="-464383.000000" />
  <attribute name="IntegralI" value="-464383.000000" />
  <attribute name="IntegralH" value="-464383.000000" />
  <attribute name="DerivativeT" value="5.833333" />
  <attribute name="DerivativeI" value="5.833333" />
  <attribute name="DerivativeH" value="5.833333" />
  <attribute name="Loop Time for DT" value="9.000000" />
  <attribute name="Output H" value="2092630016"/>
  <attribute name="Output I" value="200"/>
  <attribute name="Output T" value="4"/>
  <attribute name="Target GC Util Change" value ="20.000000" />
  <attribute name="Current GC Util Change" value="60.000000"/>
  <attribute name="GC Util currently" value="60" />
  <attribute name="CPU Util currently" value="475479782480" />
<allocation-satisfied id="16" threadId="000000000179B700" bytesRequested="2056" />
<af-end id="17" timestamp="2019-06-17T01:16:27.878" threadId="000000000179C088" success="true" />
<exclusive-end id="18" timestamp="2019-06-17T01:16:27.878" durationms="39.110" />

<exclusive-start id="19" timestamp="2019-06-17T01:16:47.993" intervalms="20153.927">
  <response-info timems="0.018" idlems="0.018" threads="0" lastid="000000000179B700" lastname="main" />
</exclusive-start>
<sys-start reason="explicit" id="20" timestamp="2019-06-17T01:16:47.993" intervalms="43596.708" />
<cycle-start id="21" type="global" contextid="0" timestamp="2019-06-17T01:16:47.993" intervalms="20150.455" />
<gc-start id="22" type="global" contextid="21" timestamp="2019-06-17T01:16:47.993">
  <mem-info id="23" free="2021668096" total="2092630016" percent="96">
    <mem type="tenure" free="2021668096" total="2092630016" percent="96">
      <mem type="soa" free="1917036800" total="1987998720" percent="96" />
      <mem type="loa" free="104631296" total="104631296" percent="100" />
    </mem>
  </mem-info>
</gc-start>
<allocation-stats totalBytes="69953456" >
  <allocated-bytes non-tlh="3397056" tlh="66556400" />
  <largest-consumer threadName="main" threadId="000000000179B700" bytes="69884368" />
</allocation-stats>
<gc-op id="24" type="mark" timems="11.650" contextid="21" timestamp="2019-06-17T01:16:48.004">
  <trace-info objectcount="75377" scancount="62940" scanbytes="2108900" />
  <finalization candidates="81" enqueued="1" />
  <ownableSynchronizers candidates="21" cleared="0" />
  <references type="soft" candidates="1639" cleared="0" enqueued="0" dynamicThreshold="31" maxThreshold="32" />
  <references type="weak" candidates="5217" cleared="732" enqueued="568" />
  <references type="phantom" candidates="113" cleared="14" enqueued="14" />
  <stringconstants candidates="8669" cleared="15"  />
</gc-op>
<gc-op id="25" type="classunload" timems="0.374" contextid="21" timestamp="2019-06-17T01:16:48.005">
  <classunload-info classloadercandidates="17" classloadersunloaded="1" classesunloaded="1" anonymousclassesunloaded="0" quiescems="0.000" setupms="0.364" scanms="0.007" postms="0.003" />
</gc-op>
<gc-op id="26" type="sweep" timems="3.159" contextid="21" timestamp="2019-06-17T01:16:48.008" />
<mem-info id="27" free="2087402224" total="2092630016" percent="99">
  <mem type="tenure" free="2087402224" total="2092630016" percent="99" micro-fragmented="810990">
    <mem type="soa" free="1982770928" total="1987998720" percent="99" />
    <mem type="loa" free="104631296" total="104631296" percent="100" />
  </mem>
  <pending-finalizers system="1" default="0" reference="582" classloader="0" />
</mem-info>
<gc-op id="28" type="compact" timems="21.510" contextid="21" timestamp="2019-06-17T01:16:48.030">
  <compact-info movecount="74677" movebytes="4252144" reason="compact to aid heap contraction" />
</gc-op>
<gc-end id="29" type="global" contextid="21" durationms="37.943" usertimems="44.000" systemtimems="20.000" timestamp="2019-06-17T01:16:48.031" activeThreads="4">
  <mem-info id="30" free="2088357656" total="2092630016" percent="99">
    <mem type="tenure" free="2088357656" total="2092630016" percent="99">
      <mem type="soa" free="1983726360" total="1987998720" percent="99" />
      <mem type="loa" free="104631296" total="104631296" percent="100" />
    </mem>
    <pending-finalizers system="1" default="0" reference="582" classloader="0" />
  </mem-info>
</gc-end>
<cycle-end id="31" type="global" contextid="21" timestamp="2019-06-17T01:16:48.031" />
  <attribute name="elasticGC enabled" value="1" />
  <attribute name= "numThreadsSpecified" value="4" />
  <attribute name="heapSize specified" value="2092630016" />
  <attribute name="Current GC Util" value="162" />
  <attribute name= "Current Time Running" value="43514" />
  <attribute name ="GC Interval" value="0" />
  <attribute name="ProportionalT" value="213.000000" />
  <attribute name="ProportionalI" value="213.000000" />
  <attribute name="ProportionalH" value="213.000000" />
  <attribute name="Current Error" value="142.000000" />
  <attribute name="IntegralT" value="3124.000000" />
  <attribute name="IntegralI" value="3124.000000" />
  <attribute name="IntegralH" value="3124.000000" />
  <attribute name="DerivativeT" value="4.636364" />
  <attribute name="DerivativeI" value="4.636364" />
  <attribute name="DerivativeH" value="4.636364" />
  <attribute name="Loop Time for DT" value="22.000000" />
  <attribute name="Output H" value="8388608"/>
  <attribute name="Output I" value="3344"/>
  <attribute name="Output T" value="4"/>
  <attribute name="Target GC Util Change" value ="20.000000" />
  <attribute name="Current GC Util Change" value="162.000000"/>
  <attribute name="GC Util currently" value="162" />
  <attribute name="CPU Util currently" value="213236824143" />
<sys-end id="32" timestamp="2019-06-17T01:16:48.031" />
<exclusive-end id="33" timestamp="2019-06-17T01:16:48.031" durationms="38.425" />

<exclusive-start id="34" timestamp="2019-06-17T01:17:00.082" intervalms="12089.275">
  <response-info timems="0.033" idlems="0.033" threads="0" lastid="000000000179B700" lastname="main" />
</exclusive-start>
<af-start id="35" threadId="000000000179C088" totalBytesRequested="40" timestamp="2019-06-17T01:17:00.082" intervalms="32241.924" />
<cycle-start id="36" type="global" contextid="0" timestamp="2019-06-17T01:17:00.082" intervalms="12089.461" />
<gc-start id="37" type="global" contextid="36" timestamp="2019-06-17T01:17:00.082">
  <mem-info id="38" free="104631296" total="2092630016" percent="4">
    <mem type="tenure" free="104631296" total="2092630016" percent="4">
      <mem type="soa" free="0" total="1987998720" percent="0" />
      <mem type="loa" free="104631296" total="104631296" percent="100" />
    </mem>
  </mem-info>
</gc-start>
<allocation-stats totalBytes="1981922792" >
  <allocated-bytes non-tlh="14347376" tlh="1967575416" />
  <largest-consumer threadName="main" threadId="000000000179B700" bytes="1981894912" />
</allocation-stats>
<gc-op id="39" type="mark" timems="14.560" contextid="36" timestamp="2019-06-17T01:17:00.097">
  <trace-info objectcount="609701" scancount="530036" scanbytes="13676380" />
  <finalization candidates="85" enqueued="5" />
  <ownableSynchronizers candidates="21" cleared="0" />
  <references type="soft" candidates="4867" cleared="0" enqueued="0" dynamicThreshold="31" maxThreshold="32" />
  <references type="weak" candidates="5727" cleared="86" enqueued="77" />
  <references type="phantom" candidates="106" cleared="5" enqueued="5" />
  <stringconstants candidates="13828" cleared="18"  />
</gc-op>
<gc-op id="40" type="sweep" timems="155.331" contextid="36" timestamp="2019-06-17T01:17:00.253" />
<mem-info id="41" free="2063034544" total="2092630016" percent="98">
  <mem type="tenure" free="2063034544" total="2092630016" percent="98" micro-fragmented="1629953">
    <mem type="soa" free="1958403248" total="1987998720" percent="98" />
    <mem type="loa" free="104631296" total="104631296" percent="100" />
  </mem>
  <pending-finalizers system="0" default="5" reference="82" classloader="0" />
</mem-info>
<gc-op id="42" type="compact" timems="48.162" contextid="36" timestamp="2019-06-17T01:17:00.301">
  <compact-info movecount="607745" movebytes="18168472" reason="compact to aid heap contraction" />
</gc-op>
<gc-end id="43" type="global" contextid="36" durationms="219.481" usertimems="304.000" systemtimems="20.000" timestamp="2019-06-17T01:17:00.302" activeThreads="4">
  <mem-info id="44" free="2074227120" total="2092630016" percent="99">
    <mem type="tenure" free="2074227120" total="2092630016" percent="99">
      <mem type="soa" free="1969595824" total="1987998720" percent="99" />
      <mem type="loa" free="104631296" total="104631296" percent="100" />
    </mem>
    <pending-finalizers system="0" default="5" reference="82" classloader="0" />
  </mem-info>
</gc-end>
<cycle-end id="45" type="global" contextid="36" timestamp="2019-06-17T01:17:00.302" />
  <attribute name="elasticGC enabled" value="1" />
  <attribute name= "numThreadsSpecified" value="4" />
  <attribute name="heapSize specified" value="2092630016" />
  <attribute name="Current GC Util" value="196" />
  <attribute name= "Current Time Running" value="55785" />
  <attribute name ="GC Interval" value="0" />
  <attribute name="ProportionalT" value="264.000000" />
  <attribute name="ProportionalI" value="264.000000" />
  <attribute name="ProportionalH" value="264.000000" />
  <attribute name="Current Error" value="176.000000" />
  <attribute name="IntegralT" value="8448.000000" />
  <attribute name="IntegralI" value="8448.000000" />
  <attribute name="IntegralH" value="8448.000000" />
  <attribute name="DerivativeT" value="5.500000" />
  <attribute name="DerivativeI" value="5.500000" />
  <attribute name="DerivativeH" value="5.500000" />
  <attribute name="Loop Time for DT" value="48.000000" />
  <attribute name="Output H" value="8388608"/>
  <attribute name="Output I" value="4000"/>
  <attribute name="Output T" value="4"/>
  <attribute name="Target GC Util Change" value ="20.000000" />
  <attribute name="Current GC Util Change" value="196.000000"/>
  <attribute name="GC Util currently" value="196" />
  <attribute name="CPU Util currently" value="95197714471" />
<allocation-satisfied id="46" threadId="000000000179B700" bytesRequested="40" />
<af-end id="47" timestamp="2019-06-17T01:17:00.302" threadId="000000000179C088" success="true" />
<exclusive-end id="48" timestamp="2019-06-17T01:17:00.302" durationms="220.702" />

</verbosegc>

