<?xml version="1.0" ?>

<verbosegc xmlns="http://www.ibm.com/j9/verbosegc" version="10b4217_CMPRSS">

<initialized id="1" timestamp="2019-06-16T05:50:26.331">
  <attribute name="gcPolicy" value="-Xgcpolicy:balanced" />
  <attribute name="elasticGC enabled" value="1" />
  <attribute name= "numThreadsSpecified" value="0" />
  <attribute name="heapSize specified" value="0" />
  <attribute name="Current GC Util" value="0" />
  <attribute name= "Current Time Running" value="0" />
  <attribute name ="GC Interval" value="0" />
  <attribute name="ProportionalT" value="0.000000" />
  <attribute name="ProportionalI" value="0.000000" />
  <attribute name="ProportionalH" value="0.000000" />
  <attribute name="IntegralT" value="0.000000" />
  <attribute name="IntegralI" value="0.000000" />
  <attribute name="IntegralH" value="0.000000" />
  <attribute name="DerivativeT" value="0.000000" />
  <attribute name="DerivativeI" value="0.000000" />
  <attribute name="DerivativeH" value="0.000000" />
  <attribute name="Target GC Util Change" value ="0.000000" />
  <attribute name="Current GC Util Change" value="0.000000"/>
  <attribute name="Current Error" value="0.000000" />
  <attribute name="Loop Time for DT" value="0.000000" />
  <attribute name="Output H" value="0"/>
  <attribute name="Output I" value="0"/>
  <attribute name="Output T" value="0"/>
  <attribute name="GC Util currently" value="0" />
  <attribute name="CPU Util currently" value="0" />
  <attribute name="maxHeapSize" value="0x7cb00000" />
  <attribute name="initialHeapSize" value="0x800000" />
  <attribute name="compressedRefs" value="true" />
  <attribute name="compressedRefsDisplacement" value="0x0" />
  <attribute name="compressedRefsShift" value="0x0" />
  <attribute name="pageSize" value="0x1000" />
  <attribute name="pageType" value="not used" />
  <attribute name="requestedPageSize" value="0x1000" />
  <attribute name="requestedPageType" value="not used" />
  <attribute name="gcthreads" value="4" />
  <attribute name="packetListSplit" value="4" />
  <attribute name="cacheListSplit" value="4" />
  <attribute name="splitFreeListSplitAmount" value="1" />
  <attribute name="numaNodes" value="0" />
  <region>
    <attribute name="regionSize" value="1048576" />
    <attribute name="regionCount" value="1995" />
    <attribute name="arrayletLeafSize" value="1048576" />
  </region>
  <system>
    <attribute name="physicalMemory" value="8370958336" />
    <attribute name="numCPUs" value="4" />
    <attribute name="architecture" value="amd64" />
    <attribute name="os" value="Linux" />
    <attribute name="osVersion" value="4.4.0-150-generic" />
  </system>
  <vmargs>
    <vmarg name="-Xoptionsfile=/vagrant/jdk/lib/options.default" />
    <vmarg name="-Xlockword:mode=default,noLockword=java/lang/String,noLockword=java/util/MapEntry,noLockword=java/util/HashMap$Entry,noLockword..." />
    <vmarg name="-Xjcl:jclse29" />
    <vmarg name="-Dcom.ibm.oti.vm.bootstrap.library.path=/vagrant/jdk/lib/compressedrefs:/vagrant/jdk/lib" />
    <vmarg name="-Dsun.boot.library.path=/vagrant/jdk/lib/compressedrefs:/vagrant/jdk/lib" />
    <vmarg name="-Djava.library.path=/vagrant/jdk/lib/compressedrefs:/vagrant/jdk/lib:/usr/lib64:/usr/lib" />
    <vmarg name="-Djava.home=/vagrant/jdk" />
    <vmarg name="-Duser.dir=/vagrant" />
    <vmarg name="-Xgcpolicy:balanced" />
    <vmarg name="-Xgcelastic" />
    <vmarg name="-Xcheck:gc:::elasticGC" />
    <vmarg name="-verbose:gc" />
    <vmarg name="-Xloggc:jdk1.5-1-1-large-BAL-4CORE-elasticverbose16sunflow.txt" />
    <vmarg name="-Djava.class.path=dacapo-9.12-MR1-bach.jar" />
    <vmarg name="-Dsun.java.command=dacapo-9.12-MR1-bach.jar sunflow --size=large" />
    <vmarg name="-Dsun.java.launcher=SUN_STANDARD" />
    <vmarg name="-Dsun.java.launcher.pid=30599" />
  </vmargs>
</initialized>

<exclusive-start id="2" timestamp="2019-06-16T05:50:26.889" intervalms="557.618">
  <response-info timems="0.075" idlems="0.075" threads="0" lastid="00000000024E2700" lastname="main" />
</exclusive-start>
<allocation-taxation id="3" taxation-threshold="8388608" timestamp="2019-06-16T05:50:26.889" intervalms="557.954" />
<cycle-start id="4" type="partial gc" contextid="0" timestamp="2019-06-16T05:50:26.889" intervalms="558.346" />
<gc-start id="5" type="partial gc" contextid="4" timestamp="2019-06-16T05:50:26.890">
  <mem-info id="6" free="0" total="8388608" percent="0">
    <mem type="eden" free="80" total="8388608" percent="0" />
    <arraylet-primitive objects="1" leaves="1" largest="1" />
    <remembered-set count="0" freebytes="334848" totalbytes="334848" percent="100" regionsoverflowed="0" regionsstable="0" regionsrebuilding="0"/>
  </mem-info>
</gc-start>
<allocation-stats totalBytes="8381112" >
  <allocated-bytes non-tlh="1288352" tlh="6044184" arrayletleaf="1048576"/>
  <largest-consumer threadName="main" threadId="00000000024E2700" bytes="8306720" />
</allocation-stats>
<gc-op id="7" type="mark" timems="3.247" contextid="4" timestamp="2019-06-16T05:50:26.894">
  <trace-info objectcount="30303" scancount="23632" scanbytes="765324" />
  <remembered-set-cleared processed="0" cleared="0" durationms="0.086" />
  <finalization candidates="125" enqueued="1" />
  <ownableSynchronizers candidates="3" cleared="0" />
  <references type="soft" candidates="131" cleared="0" enqueued="0" dynamicThreshold="32" maxThreshold="32" />
  <references type="weak" candidates="1321" cleared="568" enqueued="478" />
  <references type="phantom" candidates="106" cleared="42" enqueued="42" />
  <stringconstants candidates="3958" cleared="0"  />
  <warning details="Mark for calibration purposes" />
</gc-op>
<gc-op id="8" type="classunload" timems="0.047" contextid="4" timestamp="2019-06-16T05:50:26.894">
  <classunload-info classloadercandidates="7" classloadersunloaded="0" classesunloaded="0" anonymousclassesunloaded="0" quiescems="0.000" setupms="0.047" scanms="0.000" postms="0.000" />
</gc-op>
<gc-op id="9" type="sweep" timems="2.239" contextid="4" timestamp="2019-06-16T05:50:26.897" />
<gc-op id="10" type="compact" timems="8.466" contextid="4" timestamp="2019-06-16T05:50:26.906">
  <compact-info movecount="30303" movebytes="2124080" />
  <remembered-set-cleared processed="0" cleared="0" durationms="0.086" />
</gc-op>
<heap-resize id="11" type="expand" space="default" amount="1048576" count="1" timems="0.079" reason="insufficient free space following gc" timestamp="2019-06-16T05:50:26.907" />
<gc-end id="12" type="partial gc" contextid="4" durationms="17.324" usertimems="0.000" systemtimems="12.000" timestamp="2019-06-16T05:50:26.907" activeThreads="4">
  <mem-info id="13" free="5242880" total="9437184" percent="55">
    <mem type="eden" free="709000" total="4194304" percent="16" />
    <arraylet-primitive objects="1" leaves="1" largest="1" />
    <pending-finalizers system="1" default="0" reference="520" classloader="0" />
    <remembered-set count="1536" freebytes="370560" totalbytes="376704" percent="98" regionsoverflowed="0" regionsstable="0" regionsrebuilding="0"/>
  </mem-info>
</gc-end>
<cycle-end id="14" type="partial gc" contextid="4" timestamp="2019-06-16T05:50:26.907" />
  <attribute name="elasticGC enabled" value="1" />
  <attribute name= "numThreadsSpecified" value="4" />
  <attribute name="heapSize specified" value="0" />
  <attribute name="Current GC Util" value="63" />
  <attribute name= "Current Time Running" value="453" />
  <attribute name ="GC Interval" value="0" />
  <attribute name="ProportionalT" value="64.500000" />
  <attribute name="ProportionalI" value="64.500000" />
  <attribute name="ProportionalH" value="64.500000" />
  <attribute name="Current Error" value="43.000000" />
  <attribute name="IntegralT" value="-8871.000000" />
  <attribute name="IntegralI" value="-8871.000000" />
  <attribute name="IntegralH" value="-8871.000000" />
  <attribute name="DerivativeT" value="14.333333" />
  <attribute name="DerivativeI" value="14.333333" />
  <attribute name="DerivativeH" value="14.333333" />
  <attribute name="Loop Time for DT" value="3.000000" />
  <attribute name="Output H" value="2091843584"/>
  <attribute name="Output I" value="200"/>
  <attribute name="Output T" value="4"/>
  <attribute name="Target GC Util Change" value ="20.000000" />
  <attribute name="Current GC Util Change" value="63.000000"/>
  <attribute name="GC Util currently" value="63" />
  <attribute name="CPU Util currently" value="1594431011223" />
<exclusive-end id="15" timestamp="2019-06-16T05:50:26.908" durationms="18.823" />

<exclusive-start id="16" timestamp="2019-06-16T05:50:26.931" intervalms="41.938">
  <response-info timems="0.071" idlems="0.071" threads="0" lastid="00000000024E2700" lastname="main" />
</exclusive-start>
<sys-start reason="explicit" id="17" timestamp="2019-06-16T05:50:26.931" intervalms="599.663" />
<cycle-start id="18" type="global garbage collect" contextid="0" timestamp="2019-06-16T05:50:26.931" intervalms="599.875" />
<gc-start id="19" type="global garbage collect" contextid="18" timestamp="2019-06-16T05:50:26.931">
  <mem-info id="20" free="1572864" total="9437184" percent="16">
    <mem type="eden" free="524288" total="4194304" percent="12" />
    <arraylet-primitive objects="2" leaves="2" largest="1" />
    <remembered-set count="1536" freebytes="370560" totalbytes="376704" percent="98" regionsoverflowed="0" regionsstable="0" regionsrebuilding="0"/>
  </mem-info>
</gc-start>
<allocation-stats totalBytes="3669608" >
  <allocated-bytes non-tlh="88" tlh="2620944" arrayletleaf="1048576"/>
  <largest-consumer threadName="main" threadId="00000000024E2700" bytes="3653536" />
</allocation-stats>
<gc-op id="21" type="global mark" timems="2.458" contextid="18" timestamp="2019-06-16T05:50:26.934">
  <trace-info objectcount="29351" scancount="22832" scanbytes="751028" />
  <finalization candidates="124" enqueued="0" />
  <ownableSynchronizers candidates="3" cleared="0" />
  <references type="soft" candidates="131" cleared="0" enqueued="0" dynamicThreshold="17" maxThreshold="32" />
  <references type="weak" candidates="755" cleared="2" enqueued="2" />
  <references type="phantom" candidates="63" cleared="0" enqueued="0" />
  <stringconstants candidates="3958" cleared="0"  />
</gc-op>
<gc-op id="22" type="classunload" timems="0.004" contextid="18" timestamp="2019-06-16T05:50:26.934">
  <classunload-info classloadercandidates="7" classloadersunloaded="0" classesunloaded="0" anonymousclassesunloaded="0" quiescems="0.000" setupms="0.004" scanms="0.000" postms="0.000" />
</gc-op>
<gc-op id="23" type="sweep" timems="0.428" contextid="18" timestamp="2019-06-16T05:50:26.935" />
<gc-op id="24" type="compact" timems="3.353" contextid="18" timestamp="2019-06-16T05:50:26.939">
  <compact-info movecount="29351" movebytes="1297952" />
  <remembered-set-cleared processed="2650" cleared="2650" durationms="0.059" />
</gc-op>
<gc-end id="25" type="global garbage collect" contextid="18" durationms="7.806" usertimems="8.000" systemtimems="0.000" timestamp="2019-06-16T05:50:26.939" activeThreads="4">
  <mem-info id="26" free="4194304" total="9437184" percent="44">
    <arraylet-primitive objects="2" leaves="2" largest="1" />
    <pending-finalizers system="0" default="0" reference="2" classloader="0" />
    <remembered-set count="2560" freebytes="366464" totalbytes="376704" percent="97" regionsoverflowed="0" regionsstable="0" regionsrebuilding="0"/>
  </mem-info>
</gc-end>
<cycle-end id="27" type="global garbage collect" contextid="18" timestamp="2019-06-16T05:50:26.939" />
  <attribute name="elasticGC enabled" value="1" />
  <attribute name= "numThreadsSpecified" value="4" />
  <attribute name="heapSize specified" value="0" />
  <attribute name="Current GC Util" value="20" />
  <attribute name= "Current Time Running" value="491" />
  <attribute name ="GC Interval" value="0" />
  <attribute name="ProportionalT" value="0.000000" />
  <attribute name="ProportionalI" value="0.000000" />
  <attribute name="ProportionalH" value="0.000000" />
  <attribute name="Current Error" value="0.000000" />
  <attribute name="IntegralT" value="0.000000" />
  <attribute name="IntegralI" value="0.000000" />
  <attribute name="IntegralH" value="0.000000" />
  <attribute name="DerivativeT" value="-109.000000" />
  <attribute name="DerivativeI" value="-109.000000" />
  <attribute name="DerivativeH" value="-109.000000" />
  <attribute name="Loop Time for DT" value="1.000000" />
  <attribute name="Output H" value="2091843584"/>
  <attribute name="Output I" value="200"/>
  <attribute name="Output T" value="4"/>
  <attribute name="Target GC Util Change" value ="20.000000" />
  <attribute name="Current GC Util Change" value="20.000000"/>
  <attribute name="GC Util currently" value="20" />
  <attribute name="CPU Util currently" value="5698307712202" />
<sys-end id="28" timestamp="2019-06-16T05:50:26.939" />
<exclusive-end id="29" timestamp="2019-06-16T05:50:26.940" durationms="8.871" />

<exclusive-start id="30" timestamp="2019-06-16T05:50:27.133" intervalms="202.535">
  <response-info timems="0.060" idlems="0.060" threads="0" lastid="0000000002833D00" lastname="Thread-3" />
</exclusive-start>
<allocation-taxation id="31" taxation-threshold="4194304" timestamp="2019-06-16T05:50:27.133" intervalms="244.321" />
<cycle-start id="32" type="partial gc" contextid="0" timestamp="2019-06-16T05:50:27.134" intervalms="244.145" />
<gc-start id="33" type="partial gc" contextid="32" timestamp="2019-06-16T05:50:27.134">
  <mem-info id="34" free="0" total="9437184" percent="0">
    <mem type="eden" free="0" total="4194304" percent="0" />
    <arraylet-primitive objects="2" leaves="2" largest="1" />
    <remembered-set count="2272" freebytes="367616" totalbytes="376704" percent="97" regionsoverflowed="0" regionsstable="0" regionsrebuilding="0"/>
  </mem-info>
</gc-start>
<allocation-stats totalBytes="4179480" >
  <allocated-bytes non-tlh="489880" tlh="3689600" arrayletleaf="0"/>
  <largest-consumer threadName="main" threadId="00000000024E2700" bytes="3032456" />
</allocation-stats>
<gc-op id="35" type="mark" timems="1.454" contextid="32" timestamp="2019-06-16T05:50:27.136">
  <trace-info objectcount="11060" scancount="7686" scanbytes="228256" />
  <cardclean-info objects="471" bytes="21576" />
  <remembered-set-cleared processed="685" cleared="36" durationms="0.065" />
  <references type="soft" candidates="17" cleared="0" enqueued="0" dynamicThreshold="14" maxThreshold="32" />
  <references type="weak" candidates="45" cleared="29" enqueued="28" />
  <references type="phantom" candidates="2" cleared="0" enqueued="0" />
  <stringconstants candidates="4509" cleared="1"  />
  <warning details="Mark invoked due to insufficient free space for Copy-Forward" />
</gc-op>
<gc-op id="36" type="classunload" timems="0.002" contextid="32" timestamp="2019-06-16T05:50:27.136">
  <classunload-info classloadercandidates="8" classloadersunloaded="0" classesunloaded="0" anonymousclassesunloaded="0" quiescems="0.000" setupms="0.002" scanms="0.000" postms="0.000" />
</gc-op>
<gc-op id="37" type="sweep" timems="0.444" contextid="32" timestamp="2019-06-16T05:50:27.137" />
<gc-op id="38" type="compact" timems="1.784" contextid="32" timestamp="2019-06-16T05:50:27.139">
  <compact-info movecount="11041" movebytes="1582792" />
  <remembered-set-cleared processed="2727" cleared="1418" durationms="0.065" />
</gc-op>
<heap-resize id="39" type="expand" space="default" amount="4194304" count="1" timems="0.086" reason="insufficient free space following gc" timestamp="2019-06-16T05:50:27.139" />
<gc-end id="40" type="partial gc" contextid="32" durationms="5.592" usertimems="0.000" systemtimems="4.000" timestamp="2019-06-16T05:50:27.140" activeThreads="4">
  <mem-info id="41" free="6291456" total="13631488" percent="46">
    <mem type="eden" free="512000" total="2097152" percent="24" />
    <arraylet-primitive objects="2" leaves="2" largest="1" />
    <pending-finalizers system="0" default="0" reference="28" classloader="0" />
    <remembered-set count="2848" freebytes="532736" totalbytes="544128" percent="97" regionsoverflowed="0" regionsstable="0" regionsrebuilding="0"/>
  </mem-info>
</gc-end>
<cycle-end id="42" type="partial gc" contextid="32" timestamp="2019-06-16T05:50:27.140" />
  <attribute name="elasticGC enabled" value="1" />
  <attribute name= "numThreadsSpecified" value="4" />
  <attribute name="heapSize specified" value="0" />
  <attribute name="Current GC Util" value="24" />
  <attribute name= "Current Time Running" value="693" />
  <attribute name ="GC Interval" value="0" />
  <attribute name="ProportionalT" value="6.000000" />
  <attribute name="ProportionalI" value="6.000000" />
  <attribute name="ProportionalH" value="6.000000" />
  <attribute name="Current Error" value="4.000000" />
  <attribute name="IntegralT" value="4.000000" />
  <attribute name="IntegralI" value="4.000000" />
  <attribute name="IntegralH" value="4.000000" />
  <attribute name="DerivativeT" value="4.000000" />
  <attribute name="DerivativeI" value="4.000000" />
  <attribute name="DerivativeH" value="4.000000" />
  <attribute name="Loop Time for DT" value="1.000000" />
  <attribute name="Output H" value="8388608"/>
  <attribute name="Output I" value="200"/>
  <attribute name="Output T" value="4"/>
  <attribute name="Target GC Util Change" value ="20.000000" />
  <attribute name="Current GC Util Change" value="24.000000"/>
  <attribute name="GC Util currently" value="24" />
  <attribute name="CPU Util currently" value="6326616700349" />
<exclusive-end id="43" timestamp="2019-06-16T05:50:27.140" durationms="6.824" />

<exclusive-start id="44" timestamp="2019-06-16T05:50:27.227" intervalms="93.725">
  <response-info timems="0.032" idlems="0.032" threads="0" lastid="000000000283B500" lastname="Thread-5" />
</exclusive-start>
<allocation-taxation id="45" taxation-threshold="3145728" timestamp="2019-06-16T05:50:27.227" intervalms="93.742" />
<cycle-start id="46" type="global mark phase" contextid="0" timestamp="2019-06-16T05:50:27.227" intervalms="896.190" />
<gc-start id="47" type="global mark phase" contextid="46" timestamp="2019-06-16T05:50:27.227">
  <mem-info id="48" free="3145728" total="13631488" percent="23">
    <remembered-set count="2368" freebytes="534656" totalbytes="544128" percent="98" regionsoverflowed="0" regionsstable="0" regionsrebuilding="0"/>
  </mem-info>
</gc-start>
<gc-op id="49" type="mark increment" timems="0.575" contextid="46" timestamp="2019-06-16T05:50:27.228">
  <trace-info objectcount="173" scancount="0" scanbytes="0" />
</gc-op>
<gc-end id="50" type="global mark phase" contextid="46" durationms="0.726" usertimems="0.000" systemtimems="0.000" timestamp="2019-06-16T05:50:27.228" activeThreads="1">
  <mem-info id="51" free="3145728" total="13631488" percent="23">
    <remembered-set count="2368" freebytes="534656" totalbytes="544128" percent="98" regionsoverflowed="0" regionsstable="0" regionsrebuilding="0"/>
  </mem-info>
</gc-end>
<concurrent-start id="52" type="GMP work packet processing" contextid="46" timestamp="2019-06-16T05:50:27.228">
  <concurrent-mark-start scanTarget="18446744073709551615" />
</concurrent-start>
<exclusive-end id="53" timestamp="2019-06-16T05:50:27.228" durationms="1.440" />

<concurrent-end id="54" type="GMP work packet processing" contextid="46" timestamp="2019-06-16T05:50:27.230">
  <concurrent-mark-end bytesScanned="1187392" reasonForTermination="Completed all work in GC phase" />
</concurrent-end>

<exclusive-start id="55" timestamp="2019-06-16T05:50:27.239" intervalms="12.178">
  <response-info timems="0.041" idlems="0.041" threads="0" lastid="000000000283B500" lastname="Thread-5" />
</exclusive-start>
<allocation-taxation id="56" taxation-threshold="3145728" timestamp="2019-06-16T05:50:27.239" intervalms="12.166" />
<cycle-start id="57" type="partial gc" contextid="0" timestamp="2019-06-16T05:50:27.239" intervalms="105.847" />
<gc-start id="58" type="partial gc" contextid="57" timestamp="2019-06-16T05:50:27.240">
  <mem-info id="59" free="0" total="13631488" percent="0">
    <mem type="eden" free="0" total="6291456" percent="0" />
    <arraylet-primitive objects="2" leaves="2" largest="1" />
    <remembered-set count="2368" freebytes="534656" totalbytes="544128" percent="98" regionsoverflowed="0" regionsstable="0" regionsrebuilding="0"/>
  </mem-info>
</gc-start>
<allocation-stats totalBytes="6254432" >
  <allocated-bytes non-tlh="872240" tlh="5382192" arrayletleaf="0"/>
  <largest-consumer threadName="Thread-5" threadId="000000000283B500" bytes="3116656" />
</allocation-stats>
<gc-op id="60" type="mark" timems="1.415" contextid="57" timestamp="2019-06-16T05:50:27.242">
  <trace-info objectcount="14621" scancount="11770" scanbytes="438384" />
  <cardclean-info objects="132" bytes="10304" />
  <remembered-set-cleared processed="1243" cleared="587" durationms="0.066" />
  <references type="soft" candidates="17" cleared="0" enqueued="0" dynamicThreshold="7" maxThreshold="32" />
  <references type="weak" candidates="16" cleared="0" enqueued="0" />
  <references type="phantom" candidates="2" cleared="0" enqueued="0" />
  <stringconstants candidates="4533" cleared="0"  />
  <warning details="Mark invoked due to insufficient free space for Copy-Forward" />
</gc-op>
<gc-op id="61" type="classunload" timems="0.002" contextid="57" timestamp="2019-06-16T05:50:27.242">
  <classunload-info classloadercandidates="8" classloadersunloaded="0" classesunloaded="0" anonymousclassesunloaded="0" quiescems="0.000" setupms="0.002" scanms="0.000" postms="0.000" />
</gc-op>
<gc-op id="62" type="sweep" timems="0.484" contextid="57" timestamp="2019-06-16T05:50:27.243" />
<gc-op id="63" type="compact" timems="2.073" contextid="57" timestamp="2019-06-16T05:50:27.245">
  <compact-info movecount="14578" movebytes="1336184" />
  <remembered-set-cleared processed="3185" cleared="1868" durationms="0.066" />
</gc-op>
<gc-end id="64" type="partial gc" contextid="57" durationms="5.494" usertimems="4.000" systemtimems="0.000" timestamp="2019-06-16T05:50:27.245" activeThreads="1">
  <mem-info id="65" free="6291456" total="13631488" percent="46">
    <mem type="eden" free="406560" total="1048576" percent="38" />
    <arraylet-primitive objects="2" leaves="2" largest="1" />
    <remembered-set count="2656" freebytes="533504" totalbytes="544128" percent="98" regionsoverflowed="0" regionsstable="0" regionsrebuilding="0"/>
  </mem-info>
</gc-end>
<cycle-end id="66" type="partial gc" contextid="57" timestamp="2019-06-16T05:50:27.245" />
  <attribute name="elasticGC enabled" value="1" />
  <attribute name= "numThreadsSpecified" value="1" />
  <attribute name="heapSize specified" value="0" />
  <attribute name="Current GC Util" value="24" />
  <attribute name= "Current Time Running" value="798" />
  <attribute name ="GC Interval" value="0" />
  <attribute name="ProportionalT" value="6.000000" />
  <attribute name="ProportionalI" value="6.000000" />
  <attribute name="ProportionalH" value="6.000000" />
  <attribute name="Current Error" value="4.000000" />
  <attribute name="IntegralT" value="0.000000" />
  <attribute name="IntegralI" value="0.000000" />
  <attribute name="IntegralH" value="0.000000" />
  <attribute name="DerivativeT" value="inf" />
  <attribute name="DerivativeI" value="inf" />
  <attribute name="DerivativeH" value="inf" />
  <attribute name="Loop Time for DT" value="0.000000" />
  <attribute name="Output H" value="8388608"/>
  <attribute name="Output I" value="200"/>
  <attribute name="Output T" value="1"/>
  <attribute name="Target GC Util Change" value ="20.000000" />
  <attribute name="Current GC Util Change" value="24.000000"/>
  <attribute name="GC Util currently" value="24" />
  <attribute name="CPU Util currently" value="6284269475653" />
<exclusive-end id="67" timestamp="2019-06-16T05:50:27.246" durationms="6.547" />

<exclusive-start id="68" timestamp="2019-06-16T05:50:27.276" intervalms="36.726">
  <response-info timems="0.167" idlems="0.167" threads="0" lastid="000000000283B500" lastname="Thread-9" />
</exclusive-start>
<allocation-taxation id="69" taxation-threshold="3145728" timestamp="2019-06-16T05:50:27.276" intervalms="36.714" />
<gc-start id="70" type="global mark phase" contextid="46" timestamp="2019-06-16T05:50:27.276">
  <mem-info id="71" free="3145728" total="13631488" percent="23">
    <remembered-set count="2304" freebytes="534912" totalbytes="544128" percent="98" regionsoverflowed="0" regionsstable="0" regionsrebuilding="0"/>
  </mem-info>
</gc-start>
<gc-op id="72" type="mark increment" timems="2.375" contextid="46" timestamp="2019-06-16T05:50:27.279">
  <trace-info objectcount="34553" scancount="31635" scanbytes="1466728" />
  <cardclean-info objects="418" bytes="19376" />
  <finalization candidates="124" enqueued="0" />
  <ownableSynchronizers candidates="3" cleared="0" />
  <references type="soft" candidates="148" cleared="0" enqueued="0" dynamicThreshold="14" maxThreshold="32" />
  <references type="weak" candidates="769" cleared="0" enqueued="0" />
  <references type="phantom" candidates="65" cleared="2" enqueued="2" />
  <stringconstants candidates="4596" cleared="0"  />
</gc-op>
<gc-op id="73" type="classunload" timems="0.004" contextid="46" timestamp="2019-06-16T05:50:27.279">
  <classunload-info classloadercandidates="8" classloadersunloaded="0" classesunloaded="0" anonymousclassesunloaded="0" quiescems="0.000" setupms="0.004" scanms="0.000" postms="0.000" />
</gc-op>
<gc-end id="74" type="global mark phase" contextid="46" durationms="2.840" usertimems="4.000" systemtimems="0.000" timestamp="2019-06-16T05:50:27.279" activeThreads="4">
  <mem-info id="75" free="3145728" total="13631488" percent="23">
    <pending-finalizers system="0" default="0" reference="2" classloader="0" />
    <remembered-set count="2304" freebytes="534912" totalbytes="544128" percent="98" regionsoverflowed="0" regionsstable="0" regionsrebuilding="0"/>
  </mem-info>
</gc-end>
<cycle-end id="76" type="global mark phase" contextid="46" timestamp="2019-06-16T05:50:27.279" />
  <attribute name="elasticGC enabled" value="1" />
  <attribute name= "numThreadsSpecified" value="4" />
  <attribute name="heapSize specified" value="0" />
  <attribute name="Current GC Util" value="0" />
  <attribute name= "Current Time Running" value="834" />
  <attribute name ="GC Interval" value="0" />
  <attribute name="ProportionalT" value="-30.000000" />
  <attribute name="ProportionalI" value="-30.000000" />
  <attribute name="ProportionalH" value="-30.000000" />
  <attribute name="Current Error" value="-20.000000" />
  <attribute name="IntegralT" value="-40.000000" />
  <attribute name="IntegralI" value="-40.000000" />
  <attribute name="IntegralH" value="-40.000000" />
  <attribute name="DerivativeT" value="-47.500000" />
  <attribute name="DerivativeI" value="-47.500000" />
  <attribute name="DerivativeH" value="-47.500000" />
  <attribute name="Loop Time for DT" value="2.000000" />
  <attribute name="Output H" value="2091843584"/>
  <attribute name="Output I" value="200"/>
  <attribute name="Output T" value="4"/>
  <attribute name="Target GC Util Change" value ="20.000000" />
  <attribute name="Current GC Util Change" value="0.000000"/>
  <attribute name="GC Util currently" value="0" />
  <attribute name="CPU Util currently" value="3410473067113" />
<exclusive-end id="77" timestamp="2019-06-16T05:50:27.279" durationms="3.506" />

<exclusive-start id="78" timestamp="2019-06-16T05:50:27.343" intervalms="67.203">
  <response-info timems="0.157" idlems="0.157" threads="0" lastid="000000000283B500" lastname="Thread-9" />
</exclusive-start>
<allocation-taxation id="79" taxation-threshold="3145728" timestamp="2019-06-16T05:50:27.343" intervalms="67.161" />
<cycle-start id="80" type="partial gc" contextid="0" timestamp="2019-06-16T05:50:27.343" intervalms="103.834" />
<gc-start id="81" type="partial gc" contextid="80" timestamp="2019-06-16T05:50:27.344">
  <mem-info id="82" free="0" total="13631488" percent="0">
    <mem type="eden" free="0" total="6291456" percent="0" />
    <arraylet-primitive objects="2" leaves="2" largest="1" />
    <remembered-set count="2304" freebytes="534912" totalbytes="544128" percent="98" regionsoverflowed="0" regionsstable="0" regionsrebuilding="0"/>
  </mem-info>
</gc-start>
<allocation-stats totalBytes="6208400" >
  <allocated-bytes non-tlh="416744" tlh="5791656" arrayletleaf="0"/>
  <largest-consumer threadName="Thread-9" threadId="000000000283B500" bytes="1212208" />
</allocation-stats>
<gc-op id="83" type="sweep" timems="0.397" contextid="80" timestamp="2019-06-16T05:50:27.344" />
<gc-op id="84" type="mark" timems="1.605" contextid="80" timestamp="2019-06-16T05:50:27.346">
  <trace-info objectcount="25612" scancount="25368" scanbytes="1278384" />
  <cardclean-info objects="246" bytes="9600" />
  <remembered-set-cleared processed="1250" cleared="45" durationms="0.067" />
  <stringconstants candidates="4596" cleared="0"  />
  <warning details="Mark invoked due to insufficient free space for Copy-Forward" />
</gc-op>
<gc-op id="85" type="classunload" timems="0.003" contextid="80" timestamp="2019-06-16T05:50:27.346">
  <classunload-info classloadercandidates="8" classloadersunloaded="0" classesunloaded="0" anonymousclassesunloaded="0" quiescems="0.000" setupms="0.002" scanms="0.000" postms="0.000" />
</gc-op>
<gc-op id="86" type="sweep" timems="0.404" contextid="80" timestamp="2019-06-16T05:50:27.347" />
<gc-op id="87" type="compact" timems="2.835" contextid="80" timestamp="2019-06-16T05:50:27.350">
  <compact-info movecount="22994" movebytes="1780024" />
  <remembered-set-cleared processed="2630" cleared="204" durationms="0.067" />
</gc-op>
<heap-resize id="88" type="expand" space="default" amount="2097152" count="1" timems="0.067" reason="insufficient free space following gc" timestamp="2019-06-16T05:50:27.350" />
<gc-end id="89" type="partial gc" contextid="80" durationms="6.680" usertimems="12.000" systemtimems="0.000" timestamp="2019-06-16T05:50:27.350" activeThreads="1">
  <mem-info id="90" free="6291456" total="15728640" percent="40">
    <mem type="eden" free="702800" total="2097152" percent="33" />
    <arraylet-primitive objects="2" leaves="2" largest="1" />
    <remembered-set count="2720" freebytes="616960" totalbytes="627840" percent="98" regionsoverflowed="0" regionsstable="0" regionsrebuilding="0"/>
  </mem-info>
</gc-end>
<cycle-end id="91" type="partial gc" contextid="80" timestamp="2019-06-16T05:50:27.350" />
  <attribute name="elasticGC enabled" value="1" />
  <attribute name= "numThreadsSpecified" value="1" />
  <attribute name="heapSize specified" value="0" />
  <attribute name="Current GC Util" value="27" />
  <attribute name= "Current Time Running" value="902" />
  <attribute name ="GC Interval" value="0" />
  <attribute name="ProportionalT" value="10.500000" />
  <attribute name="ProportionalI" value="10.500000" />
  <attribute name="ProportionalH" value="10.500000" />
  <attribute name="Current Error" value="7.000000" />
  <attribute name="IntegralT" value="0.000000" />
  <attribute name="IntegralI" value="0.000000" />
  <attribute name="IntegralH" value="0.000000" />
  <attribute name="DerivativeT" value="inf" />
  <attribute name="DerivativeI" value="inf" />
  <attribute name="DerivativeH" value="inf" />
  <attribute name="Loop Time for DT" value="0.000000" />
  <attribute name="Output H" value="8388608"/>
  <attribute name="Output I" value="200"/>
  <attribute name="Output T" value="1"/>
  <attribute name="Target GC Util Change" value ="20.000000" />
  <attribute name="Current GC Util Change" value="27.000000"/>
  <attribute name="GC Util currently" value="27" />
  <attribute name="CPU Util currently" value="7398347639201" />
<exclusive-end id="92" timestamp="2019-06-16T05:50:27.351" durationms="7.527" />

<exclusive-start id="93" timestamp="2019-06-16T05:50:27.377" intervalms="33.917">
  <response-info timems="0.247" idlems="0.247" threads="0" lastid="0000000002837900" lastname="Thread-7" />
</exclusive-start>
<allocation-taxation id="94" taxation-threshold="6291456" timestamp="2019-06-16T05:50:27.377" intervalms="33.930" />
<cycle-start id="95" type="partial gc" contextid="0" timestamp="2019-06-16T05:50:27.377" intervalms="33.899" />
<gc-start id="96" type="partial gc" contextid="95" timestamp="2019-06-16T05:50:27.378">
  <mem-info id="97" free="0" total="15728640" percent="0">
    <mem type="eden" free="0" total="6291456" percent="0" />
    <arraylet-primitive objects="2" leaves="2" largest="1" />
    <remembered-set count="2528" freebytes="617728" totalbytes="627840" percent="98" regionsoverflowed="0" regionsstable="0" regionsrebuilding="0"/>
  </mem-info>
</gc-start>
<allocation-stats totalBytes="6290408" >
  <allocated-bytes non-tlh="0" tlh="6290408" arrayletleaf="0"/>
  <largest-consumer threadName="Thread-7" threadId="0000000002837900" bytes="2068120" />
</allocation-stats>
<gc-op id="98" type="mark" timems="1.229" contextid="95" timestamp="2019-06-16T05:50:27.379">
  <trace-info objectcount="23600" scancount="23515" scanbytes="1118648" />
  <cardclean-info objects="28" bytes="1900" />
  <remembered-set-cleared processed="1378" cleared="134" durationms="0.081" />
  <stringconstants candidates="4596" cleared="0"  />
  <warning details="Mark invoked due to insufficient free space for Copy-Forward" />
</gc-op>
<gc-op id="99" type="classunload" timems="0.003" contextid="95" timestamp="2019-06-16T05:50:27.379">
  <classunload-info classloadercandidates="8" classloadersunloaded="0" classesunloaded="0" anonymousclassesunloaded="0" quiescems="0.000" setupms="0.002" scanms="0.000" postms="0.000" />
</gc-op>
<gc-op id="100" type="sweep" timems="0.330" contextid="95" timestamp="2019-06-16T05:50:27.380" />
<gc-op id="101" type="compact" timems="2.459" contextid="95" timestamp="2019-06-16T05:50:27.382">
  <compact-info movecount="18994" movebytes="1123808" />
  <remembered-set-cleared processed="2852" cleared="404" durationms="0.081" />
</gc-op>
<heap-resize id="102" type="expand" space="default" amount="1048576" count="1" timems="0.063" reason="insufficient free space following gc" timestamp="2019-06-16T05:50:27.383" />
<gc-end id="103" type="partial gc" contextid="95" durationms="5.275" usertimems="8.000" systemtimems="0.000" timestamp="2019-06-16T05:50:27.383" activeThreads="4">
  <mem-info id="104" free="6291456" total="16777216" percent="37">
    <mem type="eden" free="986424" total="1048576" percent="94" />
    <arraylet-primitive objects="2" leaves="2" largest="1" />
    <remembered-set count="3872" freebytes="654208" totalbytes="669696" percent="97" regionsoverflowed="0" regionsstable="0" regionsrebuilding="0"/>
  </mem-info>
</gc-end>
<cycle-end id="105" type="partial gc" contextid="95" timestamp="2019-06-16T05:50:27.383" />
  <attribute name="elasticGC enabled" value="1" />
  <attribute name= "numThreadsSpecified" value="4" />
  <attribute name="heapSize specified" value="0" />
  <attribute name="Current GC Util" value="30" />
  <attribute name= "Current Time Running" value="935" />
  <attribute name ="GC Interval" value="0" />
  <attribute name="ProportionalT" value="15.000000" />
  <attribute name="ProportionalI" value="15.000000" />
  <attribute name="ProportionalH" value="15.000000" />
  <attribute name="Current Error" value="10.000000" />
  <attribute name="IntegralT" value="0.000000" />
  <attribute name="IntegralI" value="0.000000" />
  <attribute name="IntegralH" value="0.000000" />
  <attribute name="DerivativeT" value="-inf" />
  <attribute name="DerivativeI" value="-inf" />
  <attribute name="DerivativeH" value="-inf" />
  <attribute name="Loop Time for DT" value="0.000000" />
  <attribute name="Output H" value="2091843584"/>
  <attribute name="Output I" value="200"/>
  <attribute name="Output T" value="4"/>
  <attribute name="Target GC Util Change" value ="20.000000" />
  <attribute name="Current GC Util Change" value="30.000000"/>
  <attribute name="GC Util currently" value="30" />
  <attribute name="CPU Util currently" value="8137647151475" />
<exclusive-end id="106" timestamp="2019-06-16T05:50:27.383" durationms="6.183" />

<exclusive-start id="107" timestamp="2019-06-16T05:50:27.396" intervalms="18.939">
  <response-info timems="0.085" idlems="0.085" threads="0" lastid="000000000283F100" lastname="Thread-10" />
</exclusive-start>
<allocation-taxation id="108" taxation-threshold="6291456" timestamp="2019-06-16T05:50:27.396" intervalms="18.949" />
<cycle-start id="109" type="partial gc" contextid="0" timestamp="2019-06-16T05:50:27.396" intervalms="18.936" />
<gc-start id="110" type="partial gc" contextid="109" timestamp="2019-06-16T05:50:27.396">
  <mem-info id="111" free="0" total="16777216" percent="0">
    <mem type="eden" free="0" total="6291456" percent="0" />
    <arraylet-primitive objects="2" leaves="2" largest="1" />
    <remembered-set count="3552" freebytes="655488" totalbytes="669696" percent="97" regionsoverflowed="0" regionsstable="0" regionsrebuilding="0"/>
  </mem-info>
</gc-start>
<allocation-stats totalBytes="6290632" >
  <allocated-bytes non-tlh="0" tlh="6290632" arrayletleaf="0"/>
  <largest-consumer threadName="Thread-7" threadId="0000000002837900" bytes="2408184" />
</allocation-stats>
<gc-op id="112" type="mark" timems="2.496" contextid="109" timestamp="2019-06-16T05:50:27.400">
  <trace-info objectcount="5208" scancount="5208" scanbytes="126320" />
  <cardclean-info objects="6681" bytes="322552" />
  <remembered-set-cleared processed="1519" cleared="165" durationms="0.066" />
  <stringconstants candidates="4596" cleared="0"  />
  <warning details="Mark invoked due to insufficient free space for Copy-Forward" />
</gc-op>
<gc-op id="113" type="classunload" timems="0.003" contextid="109" timestamp="2019-06-16T05:50:27.400">
  <classunload-info classloadercandidates="8" classloadersunloaded="0" classesunloaded="0" anonymousclassesunloaded="0" quiescems="0.000" setupms="0.002" scanms="0.000" postms="0.000" />
</gc-op>
<gc-op id="114" type="sweep" timems="0.305" contextid="109" timestamp="2019-06-16T05:50:27.400" />
<gc-op id="115" type="compact" timems="1.238" contextid="109" timestamp="2019-06-16T05:50:27.402">
  <compact-info movecount="3272" movebytes="79856" />
  <remembered-set-cleared processed="3110" cleared="398" durationms="0.066" />
</gc-op>
<heap-resize id="116" type="expand" space="default" amount="2097152" count="1" timems="0.062" reason="insufficient free space following gc" timestamp="2019-06-16T05:50:27.402" />
<gc-end id="117" type="partial gc" contextid="109" durationms="5.488" usertimems="8.000" systemtimems="4.000" timestamp="2019-06-16T05:50:27.402" activeThreads="4">
  <mem-info id="118" free="7340032" total="18874368" percent="38">
    <mem type="eden" free="979304" total="1048576" percent="93" />
    <arraylet-primitive objects="2" leaves="2" largest="1" />
    <remembered-set count="4000" freebytes="737408" totalbytes="753408" percent="97" regionsoverflowed="0" regionsstable="0" regionsrebuilding="0"/>
  </mem-info>
</gc-end>
<cycle-end id="119" type="partial gc" contextid="109" timestamp="2019-06-16T05:50:27.402" />
  <attribute name="elasticGC enabled" value="1" />
  <attribute name= "numThreadsSpecified" value="4" />
  <attribute name="heapSize specified" value="0" />
  <attribute name="Current GC Util" value="29" />
  <attribute name= "Current Time Running" value="956" />
  <attribute name ="GC Interval" value="0" />
  <attribute name="ProportionalT" value="13.500000" />
  <attribute name="ProportionalI" value="13.500000" />
  <attribute name="ProportionalH" value="13.500000" />
  <attribute name="Current Error" value="9.000000" />
  <attribute name="IntegralT" value="9.000000" />
  <attribute name="IntegralI" value="9.000000" />
  <attribute name="IntegralH" value="9.000000" />
  <attribute name="DerivativeT" value="-16.000000" />
  <attribute name="DerivativeI" value="-16.000000" />
  <attribute name="DerivativeH" value="-16.000000" />
  <attribute name="Loop Time for DT" value="1.000000" />
  <attribute name="Output H" value="8388608"/>
  <attribute name="Output I" value="200"/>
  <attribute name="Output T" value="4"/>
  <attribute name="Target GC Util Change" value ="20.000000" />
  <attribute name="Current GC Util Change" value="29.000000"/>
  <attribute name="GC Util currently" value="29" />
  <attribute name="CPU Util currently" value="9019654125960" />
<exclusive-end id="120" timestamp="2019-06-16T05:50:27.402" durationms="6.308" />

<exclusive-start id="121" timestamp="2019-06-16T05:50:27.415" intervalms="19.370">
  <response-info timems="0.318" idlems="0.318" threads="0" lastid="0000000002833D00" lastname="Thread-8" />
</exclusive-start>
<allocation-taxation id="122" taxation-threshold="7340032" timestamp="2019-06-16T05:50:27.415" intervalms="19.346" />
<cycle-start id="123" type="partial gc" contextid="0" timestamp="2019-06-16T05:50:27.416" intervalms="19.412" />
<gc-start id="124" type="partial gc" contextid="123" timestamp="2019-06-16T05:50:27.416">
  <mem-info id="125" free="0" total="18874368" percent="0">
    <mem type="eden" free="0" total="7340032" percent="0" />
    <arraylet-primitive objects="2" leaves="2" largest="1" />
    <remembered-set count="3648" freebytes="738816" totalbytes="753408" percent="98" regionsoverflowed="0" regionsstable="0" regionsrebuilding="0"/>
  </mem-info>
</gc-start>
<allocation-stats totalBytes="7338896" >
  <allocated-bytes non-tlh="0" tlh="7338896" arrayletleaf="0"/>
  <largest-consumer threadName="Thread-10" threadId="000000000283F100" bytes="3169840" />
</allocation-stats>
<gc-op id="126" type="mark" timems="1.098" contextid="123" timestamp="2019-06-16T05:50:27.418">
  <trace-info objectcount="5672" scancount="5672" scanbytes="137696" />
  <cardclean-info objects="7814" bytes="376904" />
  <remembered-set-cleared processed="2099" cleared="427" durationms="0.064" />
  <stringconstants candidates="4596" cleared="0"  />
  <warning details="Mark invoked due to insufficient free space for Copy-Forward" />
</gc-op>
<gc-op id="127" type="classunload" timems="0.003" contextid="123" timestamp="2019-06-16T05:50:27.418">
  <classunload-info classloadercandidates="8" classloadersunloaded="0" classesunloaded="0" anonymousclassesunloaded="0" quiescems="0.000" setupms="0.002" scanms="0.000" postms="0.000" />
</gc-op>
<gc-op id="128" type="sweep" timems="0.290" contextid="123" timestamp="2019-06-16T05:50:27.419" />
<gc-op id="129" type="compact" timems="1.229" contextid="123" timestamp="2019-06-16T05:50:27.420">
  <compact-info movecount="4976" movebytes="120992" />
  <remembered-set-cleared processed="4277" cleared="930" durationms="0.064" />
</gc-op>
<heap-resize id="130" type="expand" space="default" amount="1048576" count="1" timems="0.054" reason="insufficient free space following gc" timestamp="2019-06-16T05:50:27.420" />
<gc-end id="131" type="partial gc" contextid="123" durationms="4.873" usertimems="8.000" systemtimems="0.000" timestamp="2019-06-16T05:50:27.421" activeThreads="4">
  <mem-info id="132" free="7340032" total="19922944" percent="36">
    <mem type="eden" free="972944" total="1048576" percent="92" />
    <arraylet-primitive objects="2" leaves="2" largest="1" />
    <remembered-set count="3776" freebytes="780160" totalbytes="795264" percent="98" regionsoverflowed="0" regionsstable="0" regionsrebuilding="0"/>
  </mem-info>
</gc-end>
<cycle-end id="133" type="partial gc" contextid="123" timestamp="2019-06-16T05:50:27.421" />
  <attribute name="elasticGC enabled" value="1" />
  <attribute name= "numThreadsSpecified" value="4" />
  <attribute name="heapSize specified" value="0" />
  <attribute name="Current GC Util" value="31" />
  <attribute name= "Current Time Running" value="975" />
  <attribute name ="GC Interval" value="0" />
  <attribute name="ProportionalT" value="16.500000" />
  <attribute name="ProportionalI" value="16.500000" />
  <attribute name="ProportionalH" value="16.500000" />
  <attribute name="Current Error" value="11.000000" />
  <attribute name="IntegralT" value="11.000000" />
  <attribute name="IntegralI" value="11.000000" />
  <attribute name="IntegralH" value="11.000000" />
  <attribute name="DerivativeT" value="-67.000000" />
  <attribute name="DerivativeI" value="-67.000000" />
  <attribute name="DerivativeH" value="-67.000000" />
  <attribute name="Loop Time for DT" value="1.000000" />
  <attribute name="Output H" value="2091843584"/>
  <attribute name="Output I" value="200"/>
  <attribute name="Output T" value="4"/>
  <attribute name="Target GC Util Change" value ="20.000000" />
  <attribute name="Current GC Util Change" value="31.000000"/>
  <attribute name="GC Util currently" value="31" />
  <attribute name="CPU Util currently" value="9254504185854" />
<exclusive-end id="134" timestamp="2019-06-16T05:50:27.421" durationms="5.768" />

<exclusive-start id="135" timestamp="2019-06-16T05:50:27.432" intervalms="16.893">
  <response-info timems="1.002" idlems="0.402" threads="2" lastid="0000000002837900" lastname="Thread-7" />
</exclusive-start>
<allocation-taxation id="136" taxation-threshold="7340032" timestamp="2019-06-16T05:50:27.432" intervalms="16.908" />
<cycle-start id="137" type="partial gc" contextid="0" timestamp="2019-06-16T05:50:27.432" intervalms="16.906" />
<gc-start id="138" type="partial gc" contextid="137" timestamp="2019-06-16T05:50:27.433">
  <mem-info id="139" free="0" total="19922944" percent="0">
    <mem type="eden" free="0" total="7340032" percent="0" />
    <arraylet-primitive objects="2" leaves="2" largest="1" />
    <remembered-set count="3776" freebytes="780160" totalbytes="795264" percent="98" regionsoverflowed="0" regionsstable="0" regionsrebuilding="0"/>
  </mem-info>
</gc-start>
<allocation-stats totalBytes="7339024" >
  <allocated-bytes non-tlh="0" tlh="7339024" arrayletleaf="0"/>
  <largest-consumer threadName="Thread-7" threadId="0000000002837900" bytes="2793064" />
</allocation-stats>
<gc-op id="140" type="mark" timems="1.169" contextid="137" timestamp="2019-06-16T05:50:27.434">
  <trace-info objectcount="5725" scancount="5725" scanbytes="138664" />
  <cardclean-info objects="8073" bytes="389344" />
  <remembered-set-cleared processed="2694" cleared="508" durationms="0.100" />
  <stringconstants candidates="4596" cleared="0"  />
  <warning details="Mark invoked due to insufficient free space for Copy-Forward" />
</gc-op>
<gc-op id="141" type="classunload" timems="0.003" contextid="137" timestamp="2019-06-16T05:50:27.434">
  <classunload-info classloadercandidates="8" classloadersunloaded="0" classesunloaded="0" anonymousclassesunloaded="0" quiescems="0.000" setupms="0.003" scanms="0.000" postms="0.000" />
</gc-op>
<gc-op id="142" type="sweep" timems="0.359" contextid="137" timestamp="2019-06-16T05:50:27.435" />
<gc-op id="143" type="compact" timems="1.257" contextid="137" timestamp="2019-06-16T05:50:27.436">
  <compact-info movecount="5309" movebytes="128680" />
  <remembered-set-cleared processed="5481" cleared="1106" durationms="0.100" />
</gc-op>
<heap-resize id="144" type="expand" space="default" amount="2097152" count="1" timems="0.069" reason="insufficient free space following gc" timestamp="2019-06-16T05:50:27.437" />
<gc-end id="145" type="partial gc" contextid="137" durationms="3.992" usertimems="0.000" systemtimems="8.000" timestamp="2019-06-16T05:50:27.437" activeThreads="4">
  <mem-info id="146" free="8388608" total="22020096" percent="38">
    <mem type="eden" free="976368" total="1048576" percent="93" />
    <arraylet-primitive objects="2" leaves="2" largest="1" />
    <remembered-set count="5856" freebytes="855552" totalbytes="878976" percent="97" regionsoverflowed="0" regionsstable="0" regionsrebuilding="0"/>
  </mem-info>
</gc-end>
<cycle-end id="147" type="partial gc" contextid="137" timestamp="2019-06-16T05:50:27.437" />
  <attribute name="elasticGC enabled" value="1" />
  <attribute name= "numThreadsSpecified" value="4" />
  <attribute name="heapSize specified" value="0" />
  <attribute name="Current GC Util" value="35" />
  <attribute name= "Current Time Running" value="991" />
  <attribute name ="GC Interval" value="0" />
  <attribute name="ProportionalT" value="22.500000" />
  <attribute name="ProportionalI" value="22.500000" />
  <attribute name="ProportionalH" value="22.500000" />
  <attribute name="Current Error" value="15.000000" />
  <attribute name="IntegralT" value="15.000000" />
  <attribute name="IntegralI" value="15.000000" />
  <attribute name="IntegralH" value="15.000000" />
  <attribute name="DerivativeT" value="15.000000" />
  <attribute name="DerivativeI" value="15.000000" />
  <attribute name="DerivativeH" value="15.000000" />
  <attribute name="Loop Time for DT" value="1.000000" />
  <attribute name="Output H" value="8388608"/>
  <attribute name="Output I" value="200"/>
  <attribute name="Output T" value="4"/>
  <attribute name="Target GC Util Change" value ="20.000000" />
  <attribute name="Current GC Util Change" value="35.000000"/>
  <attribute name="GC Util currently" value="35" />
  <attribute name="CPU Util currently" value="8324012434115" />
<exclusive-end id="148" timestamp="2019-06-16T05:50:27.437" durationms="4.851" />

<exclusive-start id="149" timestamp="2019-06-16T05:50:27.447" intervalms="14.424">
  <response-info timems="0.268" idlems="0.268" threads="0" lastid="0000000002837900" lastname="Thread-7" />
</exclusive-start>
<allocation-taxation id="150" taxation-threshold="8388608" timestamp="2019-06-16T05:50:27.449" intervalms="16.806" />
<cycle-start id="151" type="partial gc" contextid="0" timestamp="2019-06-16T05:50:27.449" intervalms="16.766" />
<gc-start id="152" type="partial gc" contextid="151" timestamp="2019-06-16T05:50:27.450">
  <mem-info id="153" free="0" total="22020096" percent="0">
    <mem type="eden" free="0" total="8388608" percent="0" />
    <arraylet-primitive objects="2" leaves="2" largest="1" />
    <remembered-set count="5408" freebytes="857344" totalbytes="878976" percent="97" regionsoverflowed="0" regionsstable="0" regionsrebuilding="0"/>
  </mem-info>
</gc-start>
<allocation-stats totalBytes="8387448" >
  <allocated-bytes non-tlh="0" tlh="8387448" arrayletleaf="0"/>
  <largest-consumer threadName="Thread-9" threadId="000000000283B500" bytes="3047072" />
</allocation-stats>
<gc-op id="154" type="mark" timems="1.282" contextid="151" timestamp="2019-06-16T05:50:27.451">
  <trace-info objectcount="6026" scancount="6026" scanbytes="145536" />
  <cardclean-info objects="7547" bytes="368096" />
  <remembered-set-cleared processed="3312" cleared="587" durationms="0.101" />
  <stringconstants candidates="4596" cleared="0"  />
  <warning details="Mark invoked due to insufficient free space for Copy-Forward" />
</gc-op>
<gc-op id="155" type="classunload" timems="0.002" contextid="151" timestamp="2019-06-16T05:50:27.451">
  <classunload-info classloadercandidates="8" classloadersunloaded="0" classesunloaded="0" anonymousclassesunloaded="0" quiescems="0.000" setupms="0.002" scanms="0.000" postms="0.000" />
</gc-op>
<gc-op id="156" type="sweep" timems="0.315" contextid="151" timestamp="2019-06-16T05:50:27.452" />
<gc-op id="157" type="compact" timems="1.365" contextid="151" timestamp="2019-06-16T05:50:27.453">
  <compact-info movecount="5845" movebytes="141192" />
  <remembered-set-cleared processed="6703" cleared="1249" durationms="0.101" />
</gc-op>
<heap-resize id="158" type="expand" space="default" amount="1048576" count="1" timems="0.065" reason="insufficient free space following gc" timestamp="2019-06-16T05:50:27.454" />
<gc-end id="159" type="partial gc" contextid="151" durationms="4.222" usertimems="12.000" systemtimems="0.000" timestamp="2019-06-16T05:50:27.454" activeThreads="4">
  <mem-info id="160" free="8388608" total="23068672" percent="36">
    <mem type="eden" free="968128" total="1048576" percent="92" />
    <arraylet-primitive objects="2" leaves="2" largest="1" />
    <remembered-set count="5984" freebytes="896896" totalbytes="920832" percent="97" regionsoverflowed="0" regionsstable="0" regionsrebuilding="0"/>
  </mem-info>
</gc-end>
<cycle-end id="161" type="partial gc" contextid="151" timestamp="2019-06-16T05:50:27.454" />
  <attribute name="elasticGC enabled" value="1" />
  <attribute name= "numThreadsSpecified" value="4" />
  <attribute name="heapSize specified" value="0" />
  <attribute name="Current GC Util" value="32" />
  <attribute name= "Current Time Running" value="1007" />
  <attribute name ="GC Interval" value="0" />
  <attribute name="ProportionalT" value="18.000000" />
  <attribute name="ProportionalI" value="18.000000" />
  <attribute name="ProportionalH" value="18.000000" />
  <attribute name="Current Error" value="12.000000" />
  <attribute name="IntegralT" value="0.000000" />
  <attribute name="IntegralI" value="0.000000" />
  <attribute name="IntegralH" value="0.000000" />
  <attribute name="DerivativeT" value="-inf" />
  <attribute name="DerivativeI" value="-inf" />
  <attribute name="DerivativeH" value="-inf" />
  <attribute name="Loop Time for DT" value="0.000000" />
  <attribute name="Output H" value="2091843584"/>
  <attribute name="Output I" value="200"/>
  <attribute name="Output T" value="4"/>
  <attribute name="Target GC Util Change" value ="20.000000" />
  <attribute name="Current GC Util Change" value="32.000000"/>
  <attribute name="GC Util currently" value="32" />
  <attribute name="CPU Util currently" value="8910196448437" />
<exclusive-end id="162" timestamp="2019-06-16T05:50:27.454" durationms="7.397" />

<exclusive-start id="163" timestamp="2019-06-16T05:50:27.465" intervalms="18.527">
  <response-info timems="2.942" idlems="2.835" threads="1" lastid="0000000002833D00" lastname="Thread-8" />
</exclusive-start>
<allocation-taxation id="164" taxation-threshold="8388608" timestamp="2019-06-16T05:50:27.465" intervalms="16.145" />
<cycle-start id="165" type="partial gc" contextid="0" timestamp="2019-06-16T05:50:27.465" intervalms="16.135" />
<gc-start id="166" type="partial gc" contextid="165" timestamp="2019-06-16T05:50:27.466">
  <mem-info id="167" free="0" total="23068672" percent="0">
    <mem type="eden" free="0" total="8388608" percent="0" />
    <arraylet-primitive objects="2" leaves="2" largest="1" />
    <remembered-set count="5536" freebytes="898688" totalbytes="920832" percent="97" regionsoverflowed="0" regionsstable="0" regionsrebuilding="0"/>
  </mem-info>
</gc-start>
<allocation-stats totalBytes="8387336" >
  <allocated-bytes non-tlh="168" tlh="8387168" arrayletleaf="0"/>
  <largest-consumer threadName="Thread-9" threadId="000000000283B500" bytes="3083704" />
</allocation-stats>
<gc-op id="168" type="mark" timems="1.223" contextid="165" timestamp="2019-06-16T05:50:27.467">
  <trace-info objectcount="5031" scancount="5026" scanbytes="121680" />
  <cardclean-info objects="6484" bytes="315588" />
  <remembered-set-cleared processed="3903" cleared="647" durationms="0.107" />
  <stringconstants candidates="4597" cleared="0"  />
  <warning details="Mark invoked due to insufficient free space for Copy-Forward" />
</gc-op>
<gc-op id="169" type="classunload" timems="0.003" contextid="165" timestamp="2019-06-16T05:50:27.467">
  <classunload-info classloadercandidates="8" classloadersunloaded="0" classesunloaded="0" anonymousclassesunloaded="0" quiescems="0.000" setupms="0.002" scanms="0.000" postms="0.000" />
</gc-op>
<gc-op id="170" type="sweep" timems="0.311" contextid="165" timestamp="2019-06-16T05:50:27.468" />
<gc-op id="171" type="compact" timems="1.342" contextid="165" timestamp="2019-06-16T05:50:27.469">
  <compact-info movecount="4849" movebytes="119552" />
  <remembered-set-cleared processed="7861" cleared="1337" durationms="0.107" />
</gc-op>
<heap-resize id="172" type="expand" space="default" amount="1048576" count="1" timems="0.065" reason="insufficient free space following gc" timestamp="2019-06-16T05:50:27.470" />
<gc-end id="173" type="partial gc" contextid="165" durationms="4.194" usertimems="12.000" systemtimems="0.000" timestamp="2019-06-16T05:50:27.470" activeThreads="4">
  <mem-info id="174" free="8388608" total="24117248" percent="34">
    <mem type="eden" free="1000016" total="1048576" percent="95" />
    <arraylet-primitive objects="2" leaves="2" largest="1" />
    <remembered-set count="7264" freebytes="933632" totalbytes="962688" percent="96" regionsoverflowed="0" regionsstable="0" regionsrebuilding="0"/>
  </mem-info>
</gc-end>
<cycle-end id="175" type="partial gc" contextid="165" timestamp="2019-06-16T05:50:27.470" />
  <attribute name="elasticGC enabled" value="1" />
  <attribute name= "numThreadsSpecified" value="4" />
  <attribute name="heapSize specified" value="0" />
  <attribute name="Current GC Util" value="31" />
  <attribute name= "Current Time Running" value="1024" />
  <attribute name ="GC Interval" value="0" />
  <attribute name="ProportionalT" value="16.500000" />
  <attribute name="ProportionalI" value="16.500000" />
  <attribute name="ProportionalH" value="16.500000" />
  <attribute name="Current Error" value="11.000000" />
  <attribute name="IntegralT" value="11.000000" />
  <attribute name="IntegralI" value="11.000000" />
  <attribute name="IntegralH" value="11.000000" />
  <attribute name="DerivativeT" value="-70.000000" />
  <attribute name="DerivativeI" value="-70.000000" />
  <attribute name="DerivativeH" value="-70.000000" />
  <attribute name="Loop Time for DT" value="1.000000" />
  <attribute name="Output H" value="2091843584"/>
  <attribute name="Output I" value="200"/>
  <attribute name="Output T" value="4"/>
  <attribute name="Target GC Util Change" value ="20.000000" />
  <attribute name="Current GC Util Change" value="31.000000"/>
  <attribute name="GC Util currently" value="31" />
  <attribute name="CPU Util currently" value="9000220564226" />
<exclusive-end id="176" timestamp="2019-06-16T05:50:27.470" durationms="5.157" />

<exclusive-start id="177" timestamp="2019-06-16T05:50:27.492" intervalms="27.307">
  <response-info timems="0.036" idlems="0.030" threads="1" lastid="0000000002837900" lastname="Thread-7" />
</exclusive-start>
<allocation-taxation id="178" taxation-threshold="8388608" timestamp="2019-06-16T05:50:27.493" intervalms="27.298" />
<cycle-start id="179" type="partial gc" contextid="0" timestamp="2019-06-16T05:50:27.493" intervalms="27.331" />
<gc-start id="180" type="partial gc" contextid="179" timestamp="2019-06-16T05:50:27.493">
  <mem-info id="181" free="0" total="24117248" percent="0">
    <mem type="eden" free="0" total="8388608" percent="0" />
    <arraylet-primitive objects="2" leaves="2" largest="1" />
    <remembered-set count="6816" freebytes="935424" totalbytes="962688" percent="97" regionsoverflowed="0" regionsstable="0" regionsrebuilding="0"/>
  </mem-info>
</gc-start>
<allocation-stats totalBytes="8387400" >
  <allocated-bytes non-tlh="88" tlh="8387312" arrayletleaf="0"/>
  <largest-consumer threadName="Thread-9" threadId="000000000283B500" bytes="4070832" />
</allocation-stats>
<gc-op id="182" type="mark" timems="1.130" contextid="179" timestamp="2019-06-16T05:50:27.495">
  <trace-info objectcount="2866" scancount="2850" scanbytes="70176" />
  <cardclean-info objects="4432" bytes="218316" />
  <remembered-set-cleared processed="4416" cleared="507" durationms="0.119" />
  <stringconstants candidates="4597" cleared="0"  />
  <warning details="Mark invoked due to insufficient free space for Copy-Forward" />
</gc-op>
<gc-op id="183" type="classunload" timems="0.002" contextid="179" timestamp="2019-06-16T05:50:27.495">
  <classunload-info classloadercandidates="8" classloadersunloaded="0" classesunloaded="0" anonymousclassesunloaded="0" quiescems="0.000" setupms="0.002" scanms="0.000" postms="0.000" />
</gc-op>
<gc-op id="184" type="sweep" timems="0.426" contextid="179" timestamp="2019-06-16T05:50:27.495" />
<gc-op id="185" type="compact" timems="1.223" contextid="179" timestamp="2019-06-16T05:50:27.497">
  <compact-info movecount="2853" movebytes="84448" />
  <remembered-set-cleared processed="8877" cleared="1053" durationms="0.119" />
</gc-op>
<heap-resize id="186" type="expand" space="default" amount="2097152" count="1" timems="0.085" reason="insufficient free space following gc" timestamp="2019-06-16T05:50:27.497" />
<gc-end id="187" type="partial gc" contextid="179" durationms="4.343" usertimems="0.000" systemtimems="4.000" timestamp="2019-06-16T05:50:27.497" activeThreads="4">
  <mem-info id="188" free="9437184" total="26214400" percent="36">
    <mem type="eden" free="1007040" total="1048576" percent="96" />
    <arraylet-primitive objects="2" leaves="2" largest="1" />
    <remembered-set count="7712" freebytes="1015552" totalbytes="1046400" percent="97" regionsoverflowed="0" regionsstable="0" regionsrebuilding="0"/>
  </mem-info>
</gc-end>
<cycle-end id="189" type="partial gc" contextid="179" timestamp="2019-06-16T05:50:27.497" />
  <attribute name="elasticGC enabled" value="1" />
  <attribute name= "numThreadsSpecified" value="4" />
  <attribute name="heapSize specified" value="0" />
  <attribute name="Current GC Util" value="29" />
  <attribute name= "Current Time Running" value="1051" />
  <attribute name ="GC Interval" value="0" />
  <attribute name="ProportionalT" value="13.500000" />
  <attribute name="ProportionalI" value="13.500000" />
  <attribute name="ProportionalH" value="13.500000" />
  <attribute name="Current Error" value="9.000000" />
  <attribute name="IntegralT" value="9.000000" />
  <attribute name="IntegralI" value="9.000000" />
  <attribute name="IntegralH" value="9.000000" />
  <attribute name="DerivativeT" value="9.000000" />
  <attribute name="DerivativeI" value="9.000000" />
  <attribute name="DerivativeH" value="9.000000" />
  <attribute name="Loop Time for DT" value="1.000000" />
  <attribute name="Output H" value="8388608"/>
  <attribute name="Output I" value="200"/>
  <attribute name="Output T" value="4"/>
  <attribute name="Target GC Util Change" value ="20.000000" />
  <attribute name="Current GC Util Change" value="29.000000"/>
  <attribute name="GC Util currently" value="29" />
  <attribute name="CPU Util currently" value="6644324372765" />
<exclusive-end id="190" timestamp="2019-06-16T05:50:27.498" durationms="5.213" />

<exclusive-start id="191" timestamp="2019-06-16T05:50:27.515" intervalms="22.324">
  <response-info timems="0.040" idlems="0.040" threads="0" lastid="000000000283B500" lastname="Thread-9" />
</exclusive-start>
<allocation-taxation id="192" taxation-threshold="9437184" timestamp="2019-06-16T05:50:27.515" intervalms="22.391" />
<cycle-start id="193" type="partial gc" contextid="0" timestamp="2019-06-16T05:50:27.515" intervalms="22.392" />
<gc-start id="194" type="partial gc" contextid="193" timestamp="2019-06-16T05:50:27.515">
  <mem-info id="195" free="0" total="26214400" percent="0">
    <mem type="eden" free="0" total="9437184" percent="0" />
    <arraylet-primitive objects="2" leaves="2" largest="1" />
    <remembered-set count="7264" freebytes="1017344" totalbytes="1046400" percent="97" regionsoverflowed="0" regionsstable="0" regionsrebuilding="0"/>
  </mem-info>
</gc-start>
<allocation-stats totalBytes="9435792" >
  <allocated-bytes non-tlh="0" tlh="9435792" arrayletleaf="0"/>
  <largest-consumer threadName="Thread-9" threadId="000000000283B500" bytes="5922064" />
</allocation-stats>
<gc-op id="196" type="mark" timems="1.104" contextid="193" timestamp="2019-06-16T05:50:27.517">
  <trace-info objectcount="3160" scancount="3141" scanbytes="76736" />
  <cardclean-info objects="3912" bytes="192944" />
  <remembered-set-cleared processed="4810" cleared="516" durationms="0.123" />
  <stringconstants candidates="4597" cleared="0"  />
  <warning details="Mark invoked due to insufficient free space for Copy-Forward" />
</gc-op>
<gc-op id="197" type="classunload" timems="0.002" contextid="193" timestamp="2019-06-16T05:50:27.517">
  <classunload-info classloadercandidates="8" classloadersunloaded="0" classesunloaded="0" anonymousclassesunloaded="0" quiescems="0.000" setupms="0.002" scanms="0.000" postms="0.000" />
</gc-op>
<gc-op id="198" type="sweep" timems="0.447" contextid="193" timestamp="2019-06-16T05:50:27.518" />
<gc-op id="199" type="compact" timems="1.325" contextid="193" timestamp="2019-06-16T05:50:27.519">
  <compact-info movecount="3001" movebytes="91520" />
  <remembered-set-cleared processed="9672" cleared="1076" durationms="0.123" />
</gc-op>
<heap-resize id="200" type="expand" space="default" amount="1048576" count="1" timems="0.066" reason="insufficient free space following gc" timestamp="2019-06-16T05:50:27.520" />
<gc-end id="201" type="partial gc" contextid="193" durationms="4.326" usertimems="4.000" systemtimems="0.000" timestamp="2019-06-16T05:50:27.520" activeThreads="1">
  <mem-info id="202" free="9437184" total="27262976" percent="34">
    <mem type="eden" free="989832" total="1048576" percent="94" />
    <arraylet-primitive objects="2" leaves="2" largest="1" />
    <remembered-set count="7936" freebytes="1056512" totalbytes="1088256" percent="97" regionsoverflowed="0" regionsstable="0" regionsrebuilding="0"/>
  </mem-info>
</gc-end>
<cycle-end id="203" type="partial gc" contextid="193" timestamp="2019-06-16T05:50:27.520" />
  <attribute name="elasticGC enabled" value="1" />
  <attribute name= "numThreadsSpecified" value="1" />
  <attribute name="heapSize specified" value="0" />
  <attribute name="Current GC Util" value="30" />
  <attribute name= "Current Time Running" value="1073" />
  <attribute name ="GC Interval" value="0" />
  <attribute name="ProportionalT" value="15.000000" />
  <attribute name="ProportionalI" value="15.000000" />
  <attribute name="ProportionalH" value="15.000000" />
  <attribute name="Current Error" value="10.000000" />
  <attribute name="IntegralT" value="0.000000" />
  <attribute name="IntegralI" value="0.000000" />
  <attribute name="IntegralH" value="0.000000" />
  <attribute name="DerivativeT" value="inf" />
  <attribute name="DerivativeI" value="inf" />
  <attribute name="DerivativeH" value="inf" />
  <attribute name="Loop Time for DT" value="0.000000" />
  <attribute name="Output H" value="8388608"/>
  <attribute name="Output I" value="200"/>
  <attribute name="Output T" value="1"/>
  <attribute name="Target GC Util Change" value ="20.000000" />
  <attribute name="Current GC Util Change" value="30.000000"/>
  <attribute name="GC Util currently" value="30" />
  <attribute name="CPU Util currently" value="6845890206233" />
<exclusive-end id="204" timestamp="2019-06-16T05:50:27.520" durationms="5.309" />

<exclusive-start id="205" timestamp="2019-06-16T05:50:27.535" intervalms="19.805">
  <response-info timems="0.032" idlems="0.032" threads="0" lastid="000000000283B500" lastname="Thread-9" />
</exclusive-start>
<allocation-taxation id="206" taxation-threshold="9437184" timestamp="2019-06-16T05:50:27.535" intervalms="19.763" />
<cycle-start id="207" type="partial gc" contextid="0" timestamp="2019-06-16T05:50:27.535" intervalms="19.758" />
<gc-start id="208" type="partial gc" contextid="207" timestamp="2019-06-16T05:50:27.535">
  <mem-info id="209" free="0" total="27262976" percent="0">
    <mem type="eden" free="0" total="9437184" percent="0" />
    <arraylet-primitive objects="2" leaves="2" largest="1" />
    <remembered-set count="7488" freebytes="1058304" totalbytes="1088256" percent="97" regionsoverflowed="0" regionsstable="0" regionsrebuilding="0"/>
  </mem-info>
</gc-start>
<allocation-stats totalBytes="9435528" >
  <allocated-bytes non-tlh="0" tlh="9435528" arrayletleaf="0"/>
  <largest-consumer threadName="Thread-9" threadId="000000000283B500" bytes="4873408" />
</allocation-stats>
<gc-op id="210" type="mark" timems="1.336" contextid="207" timestamp="2019-06-16T05:50:27.537">
  <trace-info objectcount="13852" scancount="13846" scanbytes="608352" />
  <cardclean-info objects="3079" bytes="152872" />
  <remembered-set-cleared processed="5136" cleared="448" durationms="0.127" />
  <stringconstants candidates="4597" cleared="0"  />
  <warning details="Mark invoked due to insufficient free space for Copy-Forward" />
</gc-op>
<gc-op id="211" type="classunload" timems="0.002" contextid="207" timestamp="2019-06-16T05:50:27.537">
  <classunload-info classloadercandidates="8" classloadersunloaded="0" classesunloaded="0" anonymousclassesunloaded="0" quiescems="0.000" setupms="0.002" scanms="0.000" postms="0.000" />
</gc-op>
<gc-op id="212" type="sweep" timems="0.429" contextid="207" timestamp="2019-06-16T05:50:27.538" />
<gc-op id="213" type="compact" timems="2.158" contextid="207" timestamp="2019-06-16T05:50:27.540">
  <compact-info movecount="13513" movebytes="606416" />
  <remembered-set-cleared processed="10382" cleared="998" durationms="0.127" />
</gc-op>
<heap-resize id="214" type="expand" space="default" amount="2097152" count="1" timems="0.070" reason="insufficient free space following gc" timestamp="2019-06-16T05:50:27.540" />
<gc-end id="215" type="partial gc" contextid="207" durationms="5.298" usertimems="8.000" systemtimems="0.000" timestamp="2019-06-16T05:50:27.540" activeThreads="1">
  <mem-info id="216" free="10485760" total="29360128" percent="35">
    <mem type="eden" free="492232" total="1048576" percent="46" />
    <arraylet-primitive objects="2" leaves="2" largest="1" />
    <remembered-set count="7776" freebytes="1140864" totalbytes="1171968" percent="97" regionsoverflowed="0" regionsstable="0" regionsrebuilding="0"/>
  </mem-info>
</gc-end>
<cycle-end id="217" type="partial gc" contextid="207" timestamp="2019-06-16T05:50:27.541" />
  <attribute name="elasticGC enabled" value="1" />
  <attribute name= "numThreadsSpecified" value="1" />
  <attribute name="heapSize specified" value="0" />
  <attribute name="Current GC Util" value="28" />
  <attribute name= "Current Time Running" value="1093" />
  <attribute name ="GC Interval" value="0" />
  <attribute name="ProportionalT" value="12.000000" />
  <attribute name="ProportionalI" value="12.000000" />
  <attribute name="ProportionalH" value="12.000000" />
  <attribute name="Current Error" value="8.000000" />
  <attribute name="IntegralT" value="0.000000" />
  <attribute name="IntegralI" value="0.000000" />
  <attribute name="IntegralH" value="0.000000" />
  <attribute name="DerivativeT" value="inf" />
  <attribute name="DerivativeI" value="inf" />
  <attribute name="DerivativeH" value="inf" />
  <attribute name="Loop Time for DT" value="0.000000" />
  <attribute name="Output H" value="8388608"/>
  <attribute name="Output I" value="200"/>
  <attribute name="Output T" value="1"/>
  <attribute name="Target GC Util Change" value ="20.000000" />
  <attribute name="Current GC Util Change" value="28.000000"/>
  <attribute name="GC Util currently" value="28" />
  <attribute name="CPU Util currently" value="6879786515311" />
<exclusive-end id="218" timestamp="2019-06-16T05:50:27.541" durationms="6.259" />

<exclusive-start id="219" timestamp="2019-06-16T05:50:27.554" intervalms="19.585">
  <response-info timems="0.034" idlems="0.034" threads="0" lastid="000000000283F100" lastname="Thread-10" />
</exclusive-start>
<allocation-taxation id="220" taxation-threshold="10485760" timestamp="2019-06-16T05:50:27.554" intervalms="19.614" />
<cycle-start id="221" type="partial gc" contextid="0" timestamp="2019-06-16T05:50:27.555" intervalms="19.652" />
<gc-start id="222" type="partial gc" contextid="221" timestamp="2019-06-16T05:50:27.555">
  <mem-info id="223" free="0" total="29360128" percent="0">
    <mem type="eden" free="0" total="10485760" percent="0" />
    <arraylet-primitive objects="2" leaves="2" largest="1" />
    <remembered-set count="7712" freebytes="1141120" totalbytes="1171968" percent="97" regionsoverflowed="0" regionsstable="0" regionsrebuilding="0"/>
  </mem-info>
</gc-start>
<allocation-stats totalBytes="10484312" >
  <allocated-bytes non-tlh="0" tlh="10484312" arrayletleaf="0"/>
  <largest-consumer threadName="Thread-9" threadId="000000000283B500" bytes="3956336" />
</allocation-stats>
<gc-op id="224" type="mark" timems="1.431" contextid="221" timestamp="2019-06-16T05:50:27.557">
  <trace-info objectcount="21093" scancount="21093" scanbytes="920124" />
  <cardclean-info objects="2017" bytes="102424" />
  <remembered-set-cleared processed="5518" cleared="324" durationms="0.119" />
  <stringconstants candidates="4597" cleared="0"  />
  <warning details="Mark invoked due to insufficient free space for Copy-Forward" />
</gc-op>
<gc-op id="225" type="classunload" timems="0.002" contextid="221" timestamp="2019-06-16T05:50:27.557">
  <classunload-info classloadercandidates="8" classloadersunloaded="0" classesunloaded="0" anonymousclassesunloaded="0" quiescems="0.000" setupms="0.002" scanms="0.000" postms="0.000" />
</gc-op>
<gc-op id="226" type="sweep" timems="0.415" contextid="221" timestamp="2019-06-16T05:50:27.557" />
<gc-op id="227" type="compact" timems="2.034" contextid="221" timestamp="2019-06-16T05:50:27.560">
  <compact-info movecount="21084" movebytes="919920" />
  <remembered-set-cleared processed="11143" cleared="745" durationms="0.119" />
</gc-op>
<heap-resize id="228" type="expand" space="default" amount="1048576" count="1" timems="0.057" reason="insufficient free space following gc" timestamp="2019-06-16T05:50:27.560" />
<gc-end id="229" type="partial gc" contextid="221" durationms="5.193" usertimems="8.000" systemtimems="0.000" timestamp="2019-06-16T05:50:27.560" activeThreads="4">
  <mem-info id="230" free="10485760" total="30408704" percent="34">
    <mem type="eden" free="679912" total="1048576" percent="64" />
    <arraylet-primitive objects="2" leaves="2" largest="1" />
    <remembered-set count="9184" freebytes="1177088" totalbytes="1213824" percent="96" regionsoverflowed="0" regionsstable="0" regionsrebuilding="0"/>
  </mem-info>
</gc-end>
<cycle-end id="231" type="partial gc" contextid="221" timestamp="2019-06-16T05:50:27.560" />
  <attribute name="elasticGC enabled" value="1" />
  <attribute name= "numThreadsSpecified" value="4" />
  <attribute name="heapSize specified" value="0" />
  <attribute name="Current GC Util" value="34" />
  <attribute name= "Current Time Running" value="1113" />
  <attribute name ="GC Interval" value="0" />
  <attribute name="ProportionalT" value="21.000000" />
  <attribute name="ProportionalI" value="21.000000" />
  <attribute name="ProportionalH" value="21.000000" />
  <attribute name="Current Error" value="14.000000" />
  <attribute name="IntegralT" value="14.000000" />
  <attribute name="IntegralI" value="14.000000" />
  <attribute name="IntegralH" value="14.000000" />
  <attribute name="DerivativeT" value="14.000000" />
  <attribute name="DerivativeI" value="14.000000" />
  <attribute name="DerivativeH" value="14.000000" />
  <attribute name="Loop Time for DT" value="1.000000" />
  <attribute name="Output H" value="8388608"/>
  <attribute name="Output I" value="200"/>
  <attribute name="Output T" value="4"/>
  <attribute name="Target GC Util Change" value ="20.000000" />
  <attribute name="Current GC Util Change" value="34.000000"/>
  <attribute name="GC Util currently" value="34" />
  <attribute name="CPU Util currently" value="7540732894360" />
<exclusive-end id="232" timestamp="2019-06-16T05:50:27.560" durationms="6.185" />

<exclusive-start id="233" timestamp="2019-06-16T05:50:27.570" intervalms="15.795">
  <response-info timems="0.032" idlems="0.032" threads="0" lastid="000000000283F100" lastname="Thread-10" />
</exclusive-start>
<allocation-taxation id="234" taxation-threshold="10485760" timestamp="2019-06-16T05:50:27.570" intervalms="15.690" />
<cycle-start id="235" type="partial gc" contextid="0" timestamp="2019-06-16T05:50:27.570" intervalms="15.608" />
<gc-start id="236" type="partial gc" contextid="235" timestamp="2019-06-16T05:50:27.570">
  <mem-info id="237" free="0" total="30408704" percent="0">
    <mem type="eden" free="0" total="10485760" percent="0" />
    <arraylet-primitive objects="2" leaves="2" largest="1" />
    <remembered-set count="8704" freebytes="1179008" totalbytes="1213824" percent="97" regionsoverflowed="0" regionsstable="0" regionsrebuilding="0"/>
  </mem-info>
</gc-start>
<allocation-stats totalBytes="10484008" >
  <allocated-bytes non-tlh="0" tlh="10484008" arrayletleaf="0"/>
  <largest-consumer threadName="Thread-9" threadId="000000000283B500" bytes="3530304" />
</allocation-stats>
<gc-op id="238" type="mark" timems="1.316" contextid="235" timestamp="2019-06-16T05:50:27.572">
  <trace-info objectcount="13249" scancount="13249" scanbytes="456236" />
  <cardclean-info objects="7178" bytes="350432" />
  <remembered-set-cleared processed="5744" cleared="371" durationms="0.118" />
  <stringconstants candidates="4597" cleared="0"  />
  <warning details="Mark invoked due to insufficient free space for Copy-Forward" />
</gc-op>
<gc-op id="239" type="classunload" timems="0.003" contextid="235" timestamp="2019-06-16T05:50:27.572">
  <classunload-info classloadercandidates="8" classloadersunloaded="0" classesunloaded="0" anonymousclassesunloaded="0" quiescems="0.000" setupms="0.002" scanms="0.000" postms="0.000" />
</gc-op>
<gc-op id="240" type="sweep" timems="0.368" contextid="235" timestamp="2019-06-16T05:50:27.573" />
<gc-op id="241" type="compact" timems="2.178" contextid="235" timestamp="2019-06-16T05:50:27.575">
  <compact-info movecount="12938" movebytes="448776" />
  <remembered-set-cleared processed="11618" cleared="861" durationms="0.123" />
</gc-op>
<heap-resize id="242" type="expand" space="default" amount="2097152" count="1" timems="0.060" reason="insufficient free space following gc" timestamp="2019-06-16T05:50:27.575" />
<gc-end id="243" type="partial gc" contextid="235" durationms="5.212" usertimems="4.000" systemtimems="0.000" timestamp="2019-06-16T05:50:27.576" activeThreads="1">
  <mem-info id="244" free="11534336" total="32505856" percent="35">
    <mem type="eden" free="951864" total="1048576" percent="90" />
    <arraylet-primitive objects="2" leaves="2" largest="1" />
    <remembered-set count="9792" freebytes="1258368" totalbytes="1297536" percent="96" regionsoverflowed="0" regionsstable="0" regionsrebuilding="0"/>
  </mem-info>
</gc-end>
<cycle-end id="245" type="partial gc" contextid="235" timestamp="2019-06-16T05:50:27.576" />
  <attribute name="elasticGC enabled" value="1" />
  <attribute name= "numThreadsSpecified" value="1" />
  <attribute name="heapSize specified" value="0" />
  <attribute name="Current GC Util" value="37" />
  <attribute name= "Current Time Running" value="1128" />
  <attribute name ="GC Interval" value="0" />
  <attribute name="ProportionalT" value="25.500000" />
  <attribute name="ProportionalI" value="25.500000" />
  <attribute name="ProportionalH" value="25.500000" />
  <attribute name="Current Error" value="17.000000" />
  <attribute name="IntegralT" value="0.000000" />
  <attribute name="IntegralI" value="0.000000" />
  <attribute name="IntegralH" value="0.000000" />
  <attribute name="DerivativeT" value="inf" />
  <attribute name="DerivativeI" value="inf" />
  <attribute name="DerivativeH" value="inf" />
  <attribute name="Loop Time for DT" value="0.000000" />
  <attribute name="Output H" value="8388608"/>
  <attribute name="Output I" value="200"/>
  <attribute name="Output T" value="1"/>
  <attribute name="Target GC Util Change" value ="20.000000" />
  <attribute name="Current GC Util Change" value="37.000000"/>
  <attribute name="GC Util currently" value="37" />
  <attribute name="CPU Util currently" value="8517823662003" />
<exclusive-end id="246" timestamp="2019-06-16T05:50:27.576" durationms="5.962" />

<exclusive-start id="247" timestamp="2019-06-16T05:50:27.587" intervalms="17.493">
  <response-info timems="0.215" idlems="0.191" threads="1" lastid="0000000002837900" lastname="Thread-7" />
</exclusive-start>
<allocation-taxation id="248" taxation-threshold="11534336" timestamp="2019-06-16T05:50:27.588" intervalms="17.611" />
<cycle-start id="249" type="partial gc" contextid="0" timestamp="2019-06-16T05:50:27.588" intervalms="17.687" />
<gc-start id="250" type="partial gc" contextid="249" timestamp="2019-06-16T05:50:27.588">
  <mem-info id="251" free="0" total="32505856" percent="0">
    <mem type="eden" free="0" total="11534336" percent="0" />
    <arraylet-primitive objects="2" leaves="2" largest="1" />
    <remembered-set count="9504" freebytes="1259520" totalbytes="1297536" percent="97" regionsoverflowed="0" regionsstable="0" regionsrebuilding="0"/>
  </mem-info>
</gc-start>
<allocation-stats totalBytes="11532768" >
  <allocated-bytes non-tlh="0" tlh="11532768" arrayletleaf="0"/>
  <largest-consumer threadName="Thread-7" threadId="0000000002837900" bytes="4263336" />
</allocation-stats>
<gc-op id="252" type="mark" timems="1.554" contextid="249" timestamp="2019-06-16T05:50:27.590">
  <trace-info objectcount="15529" scancount="15529" scanbytes="510996" />
  <cardclean-info objects="11190" bytes="546032" />
  <remembered-set-cleared processed="6447" cleared="504" durationms="0.131" />
  <stringconstants candidates="4597" cleared="0"  />
  <warning details="Mark invoked due to insufficient free space for Copy-Forward" />
</gc-op>
<gc-op id="253" type="classunload" timems="0.002" contextid="249" timestamp="2019-06-16T05:50:27.590">
  <classunload-info classloadercandidates="8" classloadersunloaded="0" classesunloaded="0" anonymousclassesunloaded="0" quiescems="0.000" setupms="0.002" scanms="0.000" postms="0.000" />
</gc-op>
<gc-op id="254" type="sweep" timems="0.452" contextid="249" timestamp="2019-06-16T05:50:27.591" />
<gc-op id="255" type="compact" timems="1.763" contextid="249" timestamp="2019-06-16T05:50:27.593">
  <compact-info movecount="11742" movebytes="419984" />
  <remembered-set-cleared processed="13049" cleared="1156" durationms="0.131" />
</gc-op>
<heap-resize id="256" type="expand" space="default" amount="1048576" count="1" timems="0.079" reason="insufficient free space following gc" timestamp="2019-06-16T05:50:27.593" />
<gc-end id="257" type="partial gc" contextid="249" durationms="5.266" usertimems="8.000" systemtimems="0.000" timestamp="2019-06-16T05:50:27.593" activeThreads="4">
  <mem-info id="258" free="11534336" total="33554432" percent="34">
    <mem type="eden" free="631280" total="1048576" percent="60" />
    <arraylet-primitive objects="2" leaves="2" largest="1" />
    <remembered-set count="9600" freebytes="1300992" totalbytes="1339392" percent="97" regionsoverflowed="0" regionsstable="0" regionsrebuilding="0"/>
  </mem-info>
</gc-end>
<cycle-end id="259" type="partial gc" contextid="249" timestamp="2019-06-16T05:50:27.593" />
  <attribute name="elasticGC enabled" value="1" />
  <attribute name= "numThreadsSpecified" value="4" />
  <attribute name="heapSize specified" value="0" />
  <attribute name="Current GC Util" value="32" />
  <attribute name= "Current Time Running" value="1147" />
  <attribute name ="GC Interval" value="0" />
  <attribute name="ProportionalT" value="18.000000" />
  <attribute name="ProportionalI" value="18.000000" />
  <attribute name="ProportionalH" value="18.000000" />
  <attribute name="Current Error" value="12.000000" />
  <attribute name="IntegralT" value="12.000000" />
  <attribute name="IntegralI" value="12.000000" />
  <attribute name="IntegralH" value="12.000000" />
  <attribute name="DerivativeT" value="12.000000" />
  <attribute name="DerivativeI" value="12.000000" />
  <attribute name="DerivativeH" value="12.000000" />
  <attribute name="Loop Time for DT" value="1.000000" />
  <attribute name="Output H" value="8388608"/>
  <attribute name="Output I" value="200"/>
  <attribute name="Output T" value="4"/>
  <attribute name="Target GC Util Change" value ="20.000000" />
  <attribute name="Current GC Util Change" value="32.000000"/>
  <attribute name="GC Util currently" value="32" />
  <attribute name="CPU Util currently" value="6815346532919" />
<exclusive-end id="260" timestamp="2019-06-16T05:50:27.594" durationms="6.261" />

<exclusive-start id="261" timestamp="2019-06-16T05:50:27.605" intervalms="17.133">
  <response-info timems="0.032" idlems="0.032" threads="0" lastid="0000000002833D00" lastname="Thread-8" />
</exclusive-start>
<allocation-taxation id="262" taxation-threshold="11534336" timestamp="2019-06-16T05:50:27.605" intervalms="17.100" />
<cycle-start id="263" type="partial gc" contextid="0" timestamp="2019-06-16T05:50:27.605" intervalms="17.102" />
<gc-start id="264" type="partial gc" contextid="263" timestamp="2019-06-16T05:50:27.605">
  <mem-info id="265" free="0" total="33554432" percent="0">
    <mem type="eden" free="0" total="11534336" percent="0" />
    <arraylet-primitive objects="2" leaves="2" largest="1" />
    <remembered-set count="9600" freebytes="1300992" totalbytes="1339392" percent="97" regionsoverflowed="0" regionsstable="0" regionsrebuilding="0"/>
  </mem-info>
</gc-start>
<allocation-stats totalBytes="11532424" >
  <allocated-bytes non-tlh="0" tlh="11532424" arrayletleaf="0"/>
  <largest-consumer threadName="Thread-9" threadId="000000000283B500" bytes="4287776" />
</allocation-stats>
<gc-op id="266" type="mark" timems="1.761" contextid="263" timestamp="2019-06-16T05:50:27.607">
  <trace-info objectcount="21375" scancount="21375" scanbytes="788896" />
  <cardclean-info objects="9167" bytes="451952" />
  <remembered-set-cleared processed="7191" cleared="790" durationms="0.153" />
  <stringconstants candidates="4597" cleared="0"  />
  <warning details="Mark invoked due to insufficient free space for Copy-Forward" />
</gc-op>
<gc-op id="267" type="classunload" timems="0.003" contextid="263" timestamp="2019-06-16T05:50:27.607">
  <classunload-info classloadercandidates="8" classloadersunloaded="0" classesunloaded="0" anonymousclassesunloaded="0" quiescems="0.000" setupms="0.002" scanms="0.000" postms="0.000" />
</gc-op>
<gc-op id="268" type="sweep" timems="0.472" contextid="263" timestamp="2019-06-16T05:50:27.608" />
<gc-op id="269" type="compact" timems="1.797" contextid="263" timestamp="2019-06-16T05:50:27.610">
  <compact-info movecount="10391" movebytes="387912" />
  <remembered-set-cleared processed="14511" cleared="1698" durationms="0.153" />
</gc-op>
<heap-resize id="270" type="expand" space="default" amount="1048576" count="1" timems="0.066" reason="insufficient free space following gc" timestamp="2019-06-16T05:50:27.610" />
<gc-end id="271" type="partial gc" contextid="263" durationms="5.465" usertimems="12.000" systemtimems="0.000" timestamp="2019-06-16T05:50:27.611" activeThreads="4">
  <mem-info id="272" free="11534336" total="34603008" percent="33">
    <mem type="eden" free="672376" total="1048576" percent="64" />
    <arraylet-primitive objects="2" leaves="2" largest="1" />
    <remembered-set count="10080" freebytes="1340928" totalbytes="1381248" percent="97" regionsoverflowed="0" regionsstable="0" regionsrebuilding="0"/>
  </mem-info>
</gc-end>
<cycle-end id="273" type="partial gc" contextid="263" timestamp="2019-06-16T05:50:27.611" />
  <attribute name="elasticGC enabled" value="1" />
  <attribute name= "numThreadsSpecified" value="4" />
  <attribute name="heapSize specified" value="0" />
  <attribute name="Current GC Util" value="34" />
  <attribute name= "Current Time Running" value="1164" />
  <attribute name ="GC Interval" value="0" />
  <attribute name="ProportionalT" value="21.000000" />
  <attribute name="ProportionalI" value="21.000000" />
  <attribute name="ProportionalH" value="21.000000" />
  <attribute name="Current Error" value="14.000000" />
  <attribute name="IntegralT" value="14.000000" />
  <attribute name="IntegralI" value="14.000000" />
  <attribute name="IntegralH" value="14.000000" />
  <attribute name="DerivativeT" value="14.000000" />
  <attribute name="DerivativeI" value="14.000000" />
  <attribute name="DerivativeH" value="14.000000" />
  <attribute name="Loop Time for DT" value="1.000000" />
  <attribute name="Output H" value="8388608"/>
  <attribute name="Output I" value="200"/>
  <attribute name="Output T" value="4"/>
  <attribute name="Target GC Util Change" value ="20.000000" />
  <attribute name="Current GC Util Change" value="34.000000"/>
  <attribute name="GC Util currently" value="34" />
  <attribute name="CPU Util currently" value="6170453684317" />
<exclusive-end id="274" timestamp="2019-06-16T05:50:27.611" durationms="6.404" />

<exclusive-start id="275" timestamp="2019-06-16T05:50:27.622" intervalms="17.751">
  <response-info timems="0.027" idlems="0.027" threads="0" lastid="0000000002833D00" lastname="Thread-8" />
</exclusive-start>
<allocation-taxation id="276" taxation-threshold="11534336" timestamp="2019-06-16T05:50:27.622" intervalms="17.732" />
<cycle-start id="277" type="partial gc" contextid="0" timestamp="2019-06-16T05:50:27.623" intervalms="17.715" />
<gc-start id="278" type="partial gc" contextid="277" timestamp="2019-06-16T05:50:27.623">
  <mem-info id="279" free="0" total="34603008" percent="0">
    <mem type="eden" free="0" total="11534336" percent="0" />
    <arraylet-primitive objects="2" leaves="2" largest="1" />
    <remembered-set count="9920" freebytes="1341568" totalbytes="1381248" percent="97" regionsoverflowed="0" regionsstable="0" regionsrebuilding="0"/>
  </mem-info>
</gc-start>
<allocation-stats totalBytes="11532728" >
  <allocated-bytes non-tlh="0" tlh="11532728" arrayletleaf="0"/>
  <largest-consumer threadName="Thread-10" threadId="000000000283F100" bytes="4083248" />
</allocation-stats>
<gc-op id="280" type="mark" timems="1.648" contextid="277" timestamp="2019-06-16T05:50:27.625">
  <trace-info objectcount="19978" scancount="19978" scanbytes="755384" />
  <cardclean-info objects="7564" bytes="372112" />
  <remembered-set-cleared processed="8031" cleared="544" durationms="0.152" />
  <stringconstants candidates="4597" cleared="0"  />
  <warning details="Mark invoked due to insufficient free space for Copy-Forward" />
</gc-op>
<gc-op id="281" type="classunload" timems="0.003" contextid="277" timestamp="2019-06-16T05:50:27.625">
  <classunload-info classloadercandidates="8" classloadersunloaded="0" classesunloaded="0" anonymousclassesunloaded="0" quiescems="0.000" setupms="0.002" scanms="0.000" postms="0.000" />
</gc-op>
<gc-op id="282" type="sweep" timems="0.401" contextid="277" timestamp="2019-06-16T05:50:27.626" />
<gc-op id="283" type="compact" timems="2.758" contextid="277" timestamp="2019-06-16T05:50:27.629">
  <compact-info movecount="16979" movebytes="615688" />
  <remembered-set-cleared processed="16218" cleared="1233" durationms="0.152" />
</gc-op>
<heap-resize id="284" type="expand" space="default" amount="2097152" count="1" timems="0.069" reason="insufficient free space following gc" timestamp="2019-06-16T05:50:27.629" />
<gc-end id="285" type="partial gc" contextid="277" durationms="6.215" usertimems="8.000" systemtimems="0.000" timestamp="2019-06-16T05:50:27.629" activeThreads="1">
  <mem-info id="286" free="12582912" total="36700160" percent="34">
    <mem type="eden" free="662520" total="1048576" percent="63" />
    <arraylet-primitive objects="2" leaves="2" largest="1" />
    <remembered-set count="10752" freebytes="1421952" totalbytes="1464960" percent="97" regionsoverflowed="0" regionsstable="0" regionsrebuilding="0"/>
  </mem-info>
</gc-end>
<cycle-end id="287" type="partial gc" contextid="277" timestamp="2019-06-16T05:50:27.629" />
  <attribute name="elasticGC enabled" value="1" />
  <attribute name= "numThreadsSpecified" value="1" />
  <attribute name="heapSize specified" value="0" />
  <attribute name="Current GC Util" value="34" />
  <attribute name= "Current Time Running" value="1181" />
  <attribute name ="GC Interval" value="0" />
  <attribute name="ProportionalT" value="21.000000" />
  <attribute name="ProportionalI" value="21.000000" />
  <attribute name="ProportionalH" value="21.000000" />
  <attribute name="Current Error" value="14.000000" />
  <attribute name="IntegralT" value="0.000000" />
  <attribute name="IntegralI" value="0.000000" />
  <attribute name="IntegralH" value="0.000000" />
  <attribute name="DerivativeT" value="inf" />
  <attribute name="DerivativeI" value="inf" />
  <attribute name="DerivativeH" value="inf" />
  <attribute name="Loop Time for DT" value="0.000000" />
  <attribute name="Output H" value="8388608"/>
  <attribute name="Output I" value="200"/>
  <attribute name="Output T" value="1"/>
  <attribute name="Target GC Util Change" value ="20.000000" />
  <attribute name="Current GC Util Change" value="34.000000"/>
  <attribute name="GC Util currently" value="34" />
  <attribute name="CPU Util currently" value="6919456091490" />
<exclusive-end id="288" timestamp="2019-06-16T05:50:27.631" durationms="8.894" />

<exclusive-start id="289" timestamp="2019-06-16T05:50:27.642" intervalms="19.982">
  <response-info timems="0.245" idlems="0.245" threads="0" lastid="000000000283B500" lastname="Thread-9" />
</exclusive-start>
<allocation-taxation id="290" taxation-threshold="12582912" timestamp="2019-06-16T05:50:27.643" intervalms="20.038" />
<cycle-start id="291" type="partial gc" contextid="0" timestamp="2019-06-16T05:50:27.643" intervalms="20.236" />
<gc-start id="292" type="partial gc" contextid="291" timestamp="2019-06-16T05:50:27.643">
  <mem-info id="293" free="0" total="36700160" percent="0">
    <mem type="eden" free="0" total="12582912" percent="0" />
    <arraylet-primitive objects="2" leaves="2" largest="1" />
    <remembered-set count="10464" freebytes="1423104" totalbytes="1464960" percent="97" regionsoverflowed="0" regionsstable="0" regionsrebuilding="0"/>
  </mem-info>
</gc-start>
<allocation-stats totalBytes="12581296" >
  <allocated-bytes non-tlh="0" tlh="12581296" arrayletleaf="0"/>
  <largest-consumer threadName="Thread-7" threadId="0000000002837900" bytes="3997240" />
</allocation-stats>
<gc-op id="294" type="mark" timems="1.733" contextid="291" timestamp="2019-06-16T05:50:27.645">
  <trace-info objectcount="24824" scancount="24823" scanbytes="1009004" />
  <cardclean-info objects="5300" bytes="267976" />
  <remembered-set-cleared processed="8765" cleared="336" durationms="0.155" />
  <stringconstants candidates="4597" cleared="0"  />
  <warning details="Mark invoked due to insufficient free space for Copy-Forward" />
</gc-op>
<gc-op id="295" type="classunload" timems="0.002" contextid="291" timestamp="2019-06-16T05:50:27.646">
  <classunload-info classloadercandidates="8" classloadersunloaded="0" classesunloaded="0" anonymousclassesunloaded="0" quiescems="0.000" setupms="0.002" scanms="0.000" postms="0.000" />
</gc-op>
<gc-op id="296" type="sweep" timems="0.524" contextid="291" timestamp="2019-06-16T05:50:27.646" />
<gc-op id="297" type="compact" timems="1.844" contextid="291" timestamp="2019-06-16T05:50:27.648">
  <compact-info movecount="24123" movebytes="992216" />
  <remembered-set-cleared processed="17675" cleared="806" durationms="0.155" />
</gc-op>
<heap-resize id="298" type="expand" space="default" amount="1048576" count="1" timems="0.063" reason="insufficient free space following gc" timestamp="2019-06-16T05:50:27.649" />
<gc-end id="299" type="partial gc" contextid="291" durationms="5.819" usertimems="8.000" systemtimems="0.000" timestamp="2019-06-16T05:50:27.649" activeThreads="4">
  <mem-info id="300" free="12582912" total="37748736" percent="33">
    <mem type="eden" free="418760" total="1048576" percent="39" />
    <arraylet-primitive objects="2" leaves="2" largest="1" />
    <remembered-set count="12160" freebytes="1458176" totalbytes="1506816" percent="96" regionsoverflowed="0" regionsstable="0" regionsrebuilding="0"/>
  </mem-info>
</gc-end>
<cycle-end id="301" type="partial gc" contextid="291" timestamp="2019-06-16T05:50:27.649" />
  <attribute name="elasticGC enabled" value="1" />
  <attribute name= "numThreadsSpecified" value="4" />
  <attribute name="heapSize specified" value="0" />
  <attribute name="Current GC Util" value="35" />
  <attribute name= "Current Time Running" value="1202" />
  <attribute name ="GC Interval" value="0" />
  <attribute name="ProportionalT" value="22.500000" />
  <attribute name="ProportionalI" value="22.500000" />
  <attribute name="ProportionalH" value="22.500000" />
  <attribute name="Current Error" value="15.000000" />
  <attribute name="IntegralT" value="15.000000" />
  <attribute name="IntegralI" value="15.000000" />
  <attribute name="IntegralH" value="15.000000" />
  <attribute name="DerivativeT" value="15.000000" />
  <attribute name="DerivativeI" value="15.000000" />
  <attribute name="DerivativeH" value="15.000000" />
  <attribute name="Loop Time for DT" value="1.000000" />
  <attribute name="Output H" value="8388608"/>
  <attribute name="Output I" value="200"/>
  <attribute name="Output T" value="4"/>
  <attribute name="Target GC Util Change" value ="20.000000" />
  <attribute name="Current GC Util Change" value="35.000000"/>
  <attribute name="GC Util currently" value="35" />
  <attribute name="CPU Util currently" value="5721382474350" />
<exclusive-end id="302" timestamp="2019-06-16T05:50:27.649" durationms="6.909" />

<exclusive-start id="303" timestamp="2019-06-16T05:50:27.659" intervalms="17.147">
  <response-info timems="0.029" idlems="0.029" threads="0" lastid="000000000283B500" lastname="Thread-9" />
</exclusive-start>
<allocation-taxation id="304" taxation-threshold="12582912" timestamp="2019-06-16T05:50:27.660" intervalms="17.080" />
<cycle-start id="305" type="partial gc" contextid="0" timestamp="2019-06-16T05:50:27.660" intervalms="16.879" />
<gc-start id="306" type="partial gc" contextid="305" timestamp="2019-06-16T05:50:27.660">
  <mem-info id="307" free="0" total="37748736" percent="0">
    <mem type="eden" free="0" total="12582912" percent="0" />
    <arraylet-primitive objects="2" leaves="2" largest="1" />
    <remembered-set count="11744" freebytes="1459840" totalbytes="1506816" percent="96" regionsoverflowed="0" regionsstable="0" regionsrebuilding="0"/>
  </mem-info>
</gc-start>
<allocation-stats totalBytes="12581032" >
  <allocated-bytes non-tlh="0" tlh="12581032" arrayletleaf="0"/>
  <largest-consumer threadName="Thread-9" threadId="000000000283B500" bytes="4033928" />
</allocation-stats>
<gc-op id="308" type="mark" timems="1.538" contextid="305" timestamp="2019-06-16T05:50:27.662">
  <trace-info objectcount="16788" scancount="16788" scanbytes="679208" />
  <cardclean-info objects="5688" bytes="282520" />
  <remembered-set-cleared processed="9353" cleared="377" durationms="0.165" />
  <stringconstants candidates="4597" cleared="0"  />
  <warning details="Mark invoked due to insufficient free space for Copy-Forward" />
</gc-op>
<gc-op id="309" type="classunload" timems="0.002" contextid="305" timestamp="2019-06-16T05:50:27.662">
  <classunload-info classloadercandidates="8" classloadersunloaded="0" classesunloaded="0" anonymousclassesunloaded="0" quiescems="0.000" setupms="0.002" scanms="0.000" postms="0.000" />
</gc-op>
<gc-op id="310" type="sweep" timems="0.488" contextid="305" timestamp="2019-06-16T05:50:27.663" />
<gc-op id="311" type="compact" timems="2.212" contextid="305" timestamp="2019-06-16T05:50:27.665">
  <compact-info movecount="3588" movebytes="110824" />
  <remembered-set-cleared processed="18832" cleared="869" durationms="0.165" />
</gc-op>
<heap-resize id="312" type="expand" space="default" amount="2097152" count="1" timems="0.073" reason="insufficient free space following gc" timestamp="2019-06-16T05:50:27.665" />
<gc-end id="313" type="partial gc" contextid="305" durationms="5.658" usertimems="8.000" systemtimems="0.000" timestamp="2019-06-16T05:50:27.666" activeThreads="1">
  <mem-info id="314" free="13631488" total="39845888" percent="34">
    <mem type="eden" free="992856" total="1048576" percent="94" />
    <arraylet-primitive objects="2" leaves="2" largest="1" />
    <remembered-set count="12384" freebytes="1540992" totalbytes="1590528" percent="96" regionsoverflowed="0" regionsstable="0" regionsrebuilding="0"/>
  </mem-info>
</gc-end>
<cycle-end id="315" type="partial gc" contextid="305" timestamp="2019-06-16T05:50:27.666" />
  <attribute name="elasticGC enabled" value="1" />
  <attribute name= "numThreadsSpecified" value="1" />
  <attribute name="heapSize specified" value="0" />
  <attribute name="Current GC Util" value="27" />
  <attribute name= "Current Time Running" value="1218" />
  <attribute name ="GC Interval" value="0" />
  <attribute name="ProportionalT" value="10.500000" />
  <attribute name="ProportionalI" value="10.500000" />
  <attribute name="ProportionalH" value="10.500000" />
  <attribute name="Current Error" value="7.000000" />
  <attribute name="IntegralT" value="0.000000" />
  <attribute name="IntegralI" value="0.000000" />
  <attribute name="IntegralH" value="0.000000" />
  <attribute name="DerivativeT" value="inf" />
  <attribute name="DerivativeI" value="inf" />
  <attribute name="DerivativeH" value="inf" />
  <attribute name="Loop Time for DT" value="0.000000" />
  <attribute name="Output H" value="8388608"/>
  <attribute name="Output I" value="200"/>
  <attribute name="Output T" value="1"/>
  <attribute name="Target GC Util Change" value ="20.000000" />
  <attribute name="Current GC Util Change" value="27.000000"/>
  <attribute name="GC Util currently" value="27" />
  <attribute name="CPU Util currently" value="5995267959360" />
<exclusive-end id="316" timestamp="2019-06-16T05:50:27.666" durationms="6.488" />

<exclusive-start id="317" timestamp="2019-06-16T05:50:27.675" intervalms="15.508">
  <response-info timems="0.189" idlems="0.104" threads="1" lastid="0000000002833D00" lastname="Thread-8" />
</exclusive-start>
<allocation-taxation id="318" taxation-threshold="13631488" timestamp="2019-06-16T05:50:27.675" intervalms="15.475" />
<cycle-start id="319" type="partial gc" contextid="0" timestamp="2019-06-16T05:50:27.675" intervalms="15.498" />
<gc-start id="320" type="partial gc" contextid="319" timestamp="2019-06-16T05:50:27.675">
  <mem-info id="321" free="0" total="39845888" percent="0">
    <mem type="eden" free="0" total="13631488" percent="0" />
    <arraylet-primitive objects="2" leaves="2" largest="1" />
    <remembered-set count="12192" freebytes="1541760" totalbytes="1590528" percent="96" regionsoverflowed="0" regionsstable="0" regionsrebuilding="0"/>
  </mem-info>
</gc-start>
<allocation-stats totalBytes="13629808" >
  <allocated-bytes non-tlh="0" tlh="13629808" arrayletleaf="0"/>
  <largest-consumer threadName="Thread-9" threadId="000000000283B500" bytes="3640928" />
</allocation-stats>
<gc-op id="322" type="mark" timems="1.004" contextid="319" timestamp="2019-06-16T05:50:27.677">
  <trace-info objectcount="3661" scancount="3661" scanbytes="89320" />
  <cardclean-info objects="5712" bytes="275104" />
  <remembered-set-cleared processed="9935" cleared="356" durationms="0.154" />
  <stringconstants candidates="4597" cleared="0"  />
  <warning details="Mark invoked due to insufficient free space for Copy-Forward" />
</gc-op>
<gc-op id="323" type="classunload" timems="0.002" contextid="319" timestamp="2019-06-16T05:50:27.677">
  <classunload-info classloadercandidates="8" classloadersunloaded="0" classesunloaded="0" anonymousclassesunloaded="0" quiescems="0.000" setupms="0.002" scanms="0.000" postms="0.000" />
</gc-op>
<gc-op id="324" type="sweep" timems="0.473" contextid="319" timestamp="2019-06-16T05:50:27.678" />
<gc-op id="325" type="compact" timems="1.417" contextid="319" timestamp="2019-06-16T05:50:27.679">
  <compact-info movecount="3489" movebytes="85192" />
  <remembered-set-cleared processed="19996" cleared="827" durationms="0.154" />
</gc-op>
<heap-resize id="326" type="expand" space="default" amount="1048576" count="1" timems="0.055" reason="insufficient free space following gc" timestamp="2019-06-16T05:50:27.680" />
<gc-end id="327" type="partial gc" contextid="319" durationms="4.210" usertimems="4.000" systemtimems="0.000" timestamp="2019-06-16T05:50:27.680" activeThreads="1">
  <mem-info id="328" free="13631488" total="40894464" percent="33">
    <mem type="eden" free="1005792" total="1048576" percent="95" />
    <arraylet-primitive objects="2" leaves="2" largest="1" />
    <remembered-set count="12992" freebytes="1580416" totalbytes="1632384" percent="96" regionsoverflowed="0" regionsstable="0" regionsrebuilding="0"/>
  </mem-info>
</gc-end>
<cycle-end id="329" type="partial gc" contextid="319" timestamp="2019-06-16T05:50:27.680" />
  <attribute name="elasticGC enabled" value="1" />
  <attribute name= "numThreadsSpecified" value="1" />
  <attribute name="heapSize specified" value="0" />
  <attribute name="Current GC Util" value="31" />
  <attribute name= "Current Time Running" value="1233" />
  <attribute name ="GC Interval" value="0" />
  <attribute name="ProportionalT" value="16.500000" />
  <attribute name="ProportionalI" value="16.500000" />
  <attribute name="ProportionalH" value="16.500000" />
  <attribute name="Current Error" value="11.000000" />
  <attribute name="IntegralT" value="0.000000" />
  <attribute name="IntegralI" value="0.000000" />
  <attribute name="IntegralH" value="0.000000" />
  <attribute name="DerivativeT" value="inf" />
  <attribute name="DerivativeI" value="inf" />
  <attribute name="DerivativeH" value="inf" />
  <attribute name="Loop Time for DT" value="0.000000" />
  <attribute name="Output H" value="8388608"/>
  <attribute name="Output I" value="200"/>
  <attribute name="Output T" value="1"/>
  <attribute name="Target GC Util Change" value ="20.000000" />
  <attribute name="Current GC Util Change" value="31.000000"/>
  <attribute name="GC Util currently" value="31" />
  <attribute name="CPU Util currently" value="6610750533003" />
<exclusive-end id="330" timestamp="2019-06-16T05:50:27.680" durationms="5.004" />

<exclusive-start id="331" timestamp="2019-06-16T05:50:27.690" intervalms="15.487">
  <response-info timems="0.209" idlems="0.209" threads="1" lastid="000000000283F100" lastname="Thread-10" />
</exclusive-start>
<allocation-taxation id="332" taxation-threshold="13631488" timestamp="2019-06-16T05:50:27.691" intervalms="15.521" />
<cycle-start id="333" type="partial gc" contextid="0" timestamp="2019-06-16T05:50:27.691" intervalms="15.511" />
<gc-start id="334" type="partial gc" contextid="333" timestamp="2019-06-16T05:50:27.691">
  <mem-info id="335" free="0" total="40894464" percent="0">
    <mem type="eden" free="0" total="13631488" percent="0" />
    <arraylet-primitive objects="2" leaves="2" largest="1" />
    <remembered-set count="12736" freebytes="1581440" totalbytes="1632384" percent="96" regionsoverflowed="0" regionsstable="0" regionsrebuilding="0"/>
  </mem-info>
</gc-start>
<allocation-stats totalBytes="13629632" >
  <allocated-bytes non-tlh="0" tlh="13629632" arrayletleaf="0"/>
  <largest-consumer threadName="Thread-9" threadId="000000000283B500" bytes="4083144" />
</allocation-stats>
<gc-op id="336" type="mark" timems="1.213" contextid="333" timestamp="2019-06-16T05:50:27.693">
  <trace-info objectcount="4357" scancount="4357" scanbytes="105464" />
  <cardclean-info objects="6492" bytes="316528" />
  <remembered-set-cleared processed="10475" cleared="488" durationms="0.174" />
  <stringconstants candidates="4597" cleared="0"  />
  <warning details="Mark invoked due to insufficient free space for Copy-Forward" />
</gc-op>
<gc-op id="337" type="classunload" timems="0.002" contextid="333" timestamp="2019-06-16T05:50:27.693">
  <classunload-info classloadercandidates="8" classloadersunloaded="0" classesunloaded="0" anonymousclassesunloaded="0" quiescems="0.000" setupms="0.002" scanms="0.000" postms="0.000" />
</gc-op>
<gc-op id="338" type="sweep" timems="0.524" contextid="333" timestamp="2019-06-16T05:50:27.694" />
<gc-op id="339" type="compact" timems="1.654" contextid="333" timestamp="2019-06-16T05:50:27.695">
  <compact-info movecount="4127" movebytes="99944" />
  <remembered-set-cleared processed="21054" cleared="1069" durationms="0.174" />
</gc-op>
<heap-resize id="340" type="expand" space="default" amount="2097152" count="1" timems="0.073" reason="insufficient free space following gc" timestamp="2019-06-16T05:50:27.696" />
<gc-end id="341" type="partial gc" contextid="333" durationms="4.964" usertimems="8.000" systemtimems="0.000" timestamp="2019-06-16T05:50:27.696" activeThreads="1">
  <mem-info id="342" free="14680064" total="42991616" percent="34">
    <mem type="eden" free="977360" total="1048576" percent="93" />
    <arraylet-primitive objects="2" leaves="2" largest="1" />
    <remembered-set count="13376" freebytes="1662592" totalbytes="1716096" percent="96" regionsoverflowed="0" regionsstable="0" regionsrebuilding="0"/>
  </mem-info>
</gc-end>
<cycle-end id="343" type="partial gc" contextid="333" timestamp="2019-06-16T05:50:27.696" />
  <attribute name="elasticGC enabled" value="1" />
  <attribute name= "numThreadsSpecified" value="1" />
  <attribute name="heapSize specified" value="0" />
  <attribute name="Current GC Util" value="25" />
  <attribute name= "Current Time Running" value="1249" />
  <attribute name ="GC Interval" value="0" />
  <attribute name="ProportionalT" value="7.500000" />
  <attribute name="ProportionalI" value="7.500000" />
  <attribute name="ProportionalH" value="7.500000" />
  <attribute name="Current Error" value="5.000000" />
  <attribute name="IntegralT" value="0.000000" />
  <attribute name="IntegralI" value="0.000000" />
  <attribute name="IntegralH" value="0.000000" />
  <attribute name="DerivativeT" value="inf" />
  <attribute name="DerivativeI" value="inf" />
  <attribute name="DerivativeH" value="inf" />
  <attribute name="Loop Time for DT" value="0.000000" />
  <attribute name="Output H" value="8388608"/>
  <attribute name="Output I" value="200"/>
  <attribute name="Output T" value="1"/>
  <attribute name="Target GC Util Change" value ="20.000000" />
  <attribute name="Current GC Util Change" value="25.000000"/>
  <attribute name="GC Util currently" value="25" />
  <attribute name="CPU Util currently" value="5938738762341" />
<exclusive-end id="344" timestamp="2019-06-16T05:50:27.696" durationms="5.796" />

<exclusive-start id="345" timestamp="2019-06-16T05:50:27.712" intervalms="21.606">
  <response-info timems="0.178" idlems="0.112" threads="2" lastid="000000000283B500" lastname="Thread-9" />
</exclusive-start>
<allocation-taxation id="346" taxation-threshold="14680064" timestamp="2019-06-16T05:50:27.712" intervalms="21.655" />
<cycle-start id="347" type="partial gc" contextid="0" timestamp="2019-06-16T05:50:27.712" intervalms="21.692" />
<gc-start id="348" type="partial gc" contextid="347" timestamp="2019-06-16T05:50:27.713">
  <mem-info id="349" free="0" total="42991616" percent="0">
    <mem type="eden" free="0" total="14680064" percent="0" />
    <arraylet-primitive objects="2" leaves="2" largest="1" />
    <remembered-set count="13344" freebytes="1662720" totalbytes="1716096" percent="96" regionsoverflowed="0" regionsstable="0" regionsrebuilding="0"/>
  </mem-info>
</gc-start>
<allocation-stats totalBytes="14678440" >
  <allocated-bytes non-tlh="0" tlh="14678440" arrayletleaf="0"/>
  <largest-consumer threadName="Thread-8" threadId="0000000002833D00" bytes="5983568" />
</allocation-stats>
<gc-op id="350" type="mark" timems="1.694" contextid="347" timestamp="2019-06-16T05:50:27.715">
  <trace-info objectcount="12463" scancount="12459" scanbytes="437844" />
  <cardclean-info objects="10446" bytes="511160" />
  <remembered-set-cleared processed="10611" cleared="1370" durationms="0.184" />
  <stringconstants candidates="4597" cleared="0"  />
  <warning details="Mark invoked due to insufficient free space for Copy-Forward" />
</gc-op>
<gc-op id="351" type="classunload" timems="0.002" contextid="347" timestamp="2019-06-16T05:50:27.715">
  <classunload-info classloadercandidates="8" classloadersunloaded="0" classesunloaded="0" anonymousclassesunloaded="0" quiescems="0.000" setupms="0.002" scanms="0.000" postms="0.000" />
</gc-op>
<gc-op id="352" type="sweep" timems="0.477" contextid="347" timestamp="2019-06-16T05:50:27.716" />
<gc-op id="353" type="compact" timems="1.671" contextid="347" timestamp="2019-06-16T05:50:27.718">
  <compact-info movecount="8497" movebytes="344864" />
  <remembered-set-cleared processed="21317" cleared="2827" durationms="0.184" />
</gc-op>
<heap-resize id="354" type="expand" space="default" amount="1048576" count="1" timems="0.068" reason="insufficient free space following gc" timestamp="2019-06-16T05:50:27.718" />
<gc-end id="355" type="partial gc" contextid="347" durationms="5.527" usertimems="8.000" systemtimems="0.000" timestamp="2019-06-16T05:50:27.718" activeThreads="4">
  <mem-info id="356" free="14680064" total="44040192" percent="33">
    <mem type="eden" free="717928" total="1048576" percent="68" />
    <arraylet-primitive objects="2" leaves="2" largest="1" />
    <remembered-set count="15040" freebytes="1697792" totalbytes="1757952" percent="96" regionsoverflowed="0" regionsstable="0" regionsrebuilding="0"/>
  </mem-info>
</gc-end>
<cycle-end id="357" type="partial gc" contextid="347" timestamp="2019-06-16T05:50:27.718" />
  <attribute name="elasticGC enabled" value="1" />
  <attribute name= "numThreadsSpecified" value="4" />
  <attribute name="heapSize specified" value="0" />
  <attribute name="Current GC Util" value="27" />
  <attribute name= "Current Time Running" value="1272" />
  <attribute name ="GC Interval" value="0" />
  <attribute name="ProportionalT" value="10.500000" />
  <attribute name="ProportionalI" value="10.500000" />
  <attribute name="ProportionalH" value="10.500000" />
  <attribute name="Current Error" value="7.000000" />
  <attribute name="IntegralT" value="7.000000" />
  <attribute name="IntegralI" value="7.000000" />
  <attribute name="IntegralH" value="7.000000" />
  <attribute name="DerivativeT" value="7.000000" />
  <attribute name="DerivativeI" value="7.000000" />
  <attribute name="DerivativeH" value="7.000000" />
  <attribute name="Loop Time for DT" value="1.000000" />
  <attribute name="Output H" value="8388608"/>
  <attribute name="Output I" value="200"/>
  <attribute name="Output T" value="4"/>
  <attribute name="Target GC Util Change" value ="20.000000" />
  <attribute name="Current GC Util Change" value="27.000000"/>
  <attribute name="GC Util currently" value="27" />
  <attribute name="CPU Util currently" value="6072466382691" />
<exclusive-end id="358" timestamp="2019-06-16T05:50:27.719" durationms="6.601" />

<exclusive-start id="359" timestamp="2019-06-16T05:50:27.733" intervalms="21.081">
  <response-info timems="0.036" idlems="0.036" threads="0" lastid="000000000283F100" lastname="Thread-10" />
</exclusive-start>
<allocation-taxation id="360" taxation-threshold="14680064" timestamp="2019-06-16T05:50:27.733" intervalms="21.042" />
<cycle-start id="361" type="partial gc" contextid="0" timestamp="2019-06-16T05:50:27.733" intervalms="21.060" />
<gc-start id="362" type="partial gc" contextid="361" timestamp="2019-06-16T05:50:27.734">
  <mem-info id="363" free="0" total="44040192" percent="0">
    <mem type="eden" free="0" total="14680064" percent="0" />
    <arraylet-primitive objects="2" leaves="2" largest="1" />
    <remembered-set count="14976" freebytes="1698048" totalbytes="1757952" percent="96" regionsoverflowed="0" regionsstable="0" regionsrebuilding="0"/>
  </mem-info>
</gc-start>
<allocation-stats totalBytes="14678024" >
  <allocated-bytes non-tlh="0" tlh="14678024" arrayletleaf="0"/>
  <largest-consumer threadName="Thread-9" threadId="000000000283B500" bytes="4615464" />
</allocation-stats>
<gc-op id="364" type="mark" timems="1.957" contextid="361" timestamp="2019-06-16T05:50:27.736">
  <trace-info objectcount="21624" scancount="21620" scanbytes="874252" />
  <cardclean-info objects="10015" bytes="497672" />
  <remembered-set-cleared processed="11220" cleared="1333" durationms="0.190" />
  <stringconstants candidates="4597" cleared="0"  />
  <warning details="Mark invoked due to insufficient free space for Copy-Forward" />
</gc-op>
<gc-op id="365" type="classunload" timems="0.002" contextid="361" timestamp="2019-06-16T05:50:27.736">
  <classunload-info classloadercandidates="8" classloadersunloaded="0" classesunloaded="0" anonymousclassesunloaded="0" quiescems="0.000" setupms="0.002" scanms="0.000" postms="0.000" />
</gc-op>
<gc-op id="366" type="sweep" timems="0.478" contextid="361" timestamp="2019-06-16T05:50:27.737" />
<gc-op id="367" type="compact" timems="1.844" contextid="361" timestamp="2019-06-16T05:50:27.739">
  <compact-info movecount="16722" movebytes="691032" />
  <remembered-set-cleared processed="22586" cleared="2804" durationms="0.190" />
</gc-op>
<heap-resize id="368" type="expand" space="default" amount="1048576" count="1" timems="0.067" reason="insufficient free space following gc" timestamp="2019-06-16T05:50:27.740" />
<gc-end id="369" type="partial gc" contextid="361" durationms="5.984" usertimems="12.000" systemtimems="0.000" timestamp="2019-06-16T05:50:27.740" activeThreads="4">
  <mem-info id="370" free="14680064" total="45088768" percent="32">
    <mem type="eden" free="538624" total="1048576" percent="51" />
    <arraylet-primitive objects="2" leaves="2" largest="1" />
    <remembered-set count="15296" freebytes="1738624" totalbytes="1799808" percent="96" regionsoverflowed="0" regionsstable="0" regionsrebuilding="0"/>
  </mem-info>
</gc-end>
<cycle-end id="371" type="partial gc" contextid="361" timestamp="2019-06-16T05:50:27.740" />
  <attribute name="elasticGC enabled" value="1" />
  <attribute name= "numThreadsSpecified" value="4" />
  <attribute name="heapSize specified" value="0" />
  <attribute name="Current GC Util" value="28" />
  <attribute name= "Current Time Running" value="1293" />
  <attribute name ="GC Interval" value="0" />
  <attribute name="ProportionalT" value="12.000000" />
  <attribute name="ProportionalI" value="12.000000" />
  <attribute name="ProportionalH" value="12.000000" />
  <attribute name="Current Error" value="8.000000" />
  <attribute name="IntegralT" value="8.000000" />
  <attribute name="IntegralI" value="8.000000" />
  <attribute name="IntegralH" value="8.000000" />
  <attribute name="DerivativeT" value="8.000000" />
  <attribute name="DerivativeI" value="8.000000" />
  <attribute name="DerivativeH" value="8.000000" />
  <attribute name="Loop Time for DT" value="1.000000" />
  <attribute name="Output H" value="8388608"/>
  <attribute name="Output I" value="200"/>
  <attribute name="Output T" value="4"/>
  <attribute name="Target GC Util Change" value ="20.000000" />
  <attribute name="Current GC Util Change" value="28.000000"/>
  <attribute name="GC Util currently" value="28" />
  <attribute name="CPU Util currently" value="6187657673151" />
<exclusive-end id="372" timestamp="2019-06-16T05:50:27.740" durationms="7.075" />

<exclusive-start id="373" timestamp="2019-06-16T05:50:27.753" intervalms="19.817">
  <response-info timems="0.051" idlems="0.051" threads="0" lastid="000000000283B500" lastname="Thread-9" />
</exclusive-start>
<allocation-taxation id="374" taxation-threshold="14680064" timestamp="2019-06-16T05:50:27.753" intervalms="19.822" />
<cycle-start id="375" type="partial gc" contextid="0" timestamp="2019-06-16T05:50:27.753" intervalms="19.751" />
<gc-start id="376" type="partial gc" contextid="375" timestamp="2019-06-16T05:50:27.753">
  <mem-info id="377" free="0" total="45088768" percent="0">
    <mem type="eden" free="0" total="14680064" percent="0" />
    <arraylet-primitive objects="2" leaves="2" largest="1" />
    <remembered-set count="14848" freebytes="1740416" totalbytes="1799808" percent="96" regionsoverflowed="0" regionsstable="0" regionsrebuilding="0"/>
  </mem-info>
</gc-start>
<allocation-stats totalBytes="14678152" >
  <allocated-bytes non-tlh="0" tlh="14678152" arrayletleaf="0"/>
  <largest-consumer threadName="Thread-10" threadId="000000000283F100" bytes="5033376" />
</allocation-stats>
<gc-op id="378" type="mark" timems="1.269" contextid="375" timestamp="2019-06-16T05:50:27.755">
  <trace-info objectcount="19129" scancount="19129" scanbytes="735064" />
  <cardclean-info objects="10871" bytes="531784" />
  <remembered-set-cleared processed="11593" cleared="1459" durationms="0.105" />
  <stringconstants candidates="4597" cleared="0"  />
  <warning details="Mark invoked due to insufficient free space for Copy-Forward" />
</gc-op>
<gc-op id="379" type="classunload" timems="0.003" contextid="375" timestamp="2019-06-16T05:50:27.755">
  <classunload-info classloadercandidates="8" classloadersunloaded="0" classesunloaded="0" anonymousclassesunloaded="0" quiescems="0.000" setupms="0.003" scanms="0.000" postms="0.000" />
</gc-op>
<gc-op id="380" type="sweep" timems="0.442" contextid="375" timestamp="2019-06-16T05:50:27.756" />
<gc-op id="381" type="compact" timems="1.619" contextid="375" timestamp="2019-06-16T05:50:27.758">
  <compact-info movecount="8845" movebytes="350880" />
  <remembered-set-cleared processed="23334" cleared="3059" durationms="0.105" />
</gc-op>
<heap-resize id="382" type="expand" space="default" amount="2097152" count="1" timems="0.061" reason="insufficient free space following gc" timestamp="2019-06-16T05:50:27.758" />
<gc-end id="383" type="partial gc" contextid="375" durationms="4.893" usertimems="12.000" systemtimems="0.000" timestamp="2019-06-16T05:50:27.758" activeThreads="4">
  <mem-info id="384" free="15728640" total="47185920" percent="33">
    <mem type="eden" free="882232" total="1048576" percent="84" />
    <arraylet-primitive objects="2" leaves="2" largest="1" />
    <remembered-set count="15200" freebytes="1822720" totalbytes="1883520" percent="96" regionsoverflowed="0" regionsstable="0" regionsrebuilding="0"/>
  </mem-info>
</gc-end>
<cycle-end id="385" type="partial gc" contextid="375" timestamp="2019-06-16T05:50:27.758" />
  <attribute name="elasticGC enabled" value="1" />
  <attribute name= "numThreadsSpecified" value="4" />
  <attribute name="heapSize specified" value="0" />
  <attribute name="Current GC Util" value="27" />
  <attribute name= "Current Time Running" value="1312" />
  <attribute name ="GC Interval" value="0" />
  <attribute name="ProportionalT" value="10.500000" />
  <attribute name="ProportionalI" value="10.500000" />
  <attribute name="ProportionalH" value="10.500000" />
  <attribute name="Current Error" value="7.000000" />
  <attribute name="IntegralT" value="7.000000" />
  <attribute name="IntegralI" value="7.000000" />
  <attribute name="IntegralH" value="7.000000" />
  <attribute name="DerivativeT" value="-92.000000" />
  <attribute name="DerivativeI" value="-92.000000" />
  <attribute name="DerivativeH" value="-92.000000" />
  <attribute name="Loop Time for DT" value="1.000000" />
  <attribute name="Output H" value="2091843584"/>
  <attribute name="Output I" value="200"/>
  <attribute name="Output T" value="4"/>
  <attribute name="Target GC Util Change" value ="20.000000" />
  <attribute name="Current GC Util Change" value="27.000000"/>
  <attribute name="GC Util currently" value="27" />
  <attribute name="CPU Util currently" value="6603017398084" />
<exclusive-end id="386" timestamp="2019-06-16T05:50:27.759" durationms="5.721" />

<exclusive-start id="387" timestamp="2019-06-16T05:50:27.772" intervalms="19.536">
  <response-info timems="0.029" idlems="0.029" threads="0" lastid="000000000283B500" lastname="Thread-9" />
</exclusive-start>
<allocation-taxation id="388" taxation-threshold="15728640" timestamp="2019-06-16T05:50:27.773" intervalms="19.534" />
<cycle-start id="389" type="partial gc" contextid="0" timestamp="2019-06-16T05:50:27.773" intervalms="19.562" />
<gc-start id="390" type="partial gc" contextid="389" timestamp="2019-06-16T05:50:27.773">
  <mem-info id="391" free="0" total="47185920" percent="0">
    <mem type="eden" free="0" total="15728640" percent="0" />
    <arraylet-primitive objects="2" leaves="2" largest="1" />
    <remembered-set count="15200" freebytes="1822720" totalbytes="1883520" percent="96" regionsoverflowed="0" regionsstable="0" regionsrebuilding="0"/>
  </mem-info>
</gc-start>
<allocation-stats totalBytes="15726704" >
  <allocated-bytes non-tlh="0" tlh="15726704" arrayletleaf="0"/>
  <largest-consumer threadName="Thread-10" threadId="000000000283F100" bytes="5357016" />
</allocation-stats>
<gc-op id="392" type="mark" timems="1.507" contextid="389" timestamp="2019-06-16T05:50:27.775">
  <trace-info objectcount="9922" scancount="9922" scanbytes="299124" />
  <cardclean-info objects="10689" bytes="531256" />
  <remembered-set-cleared processed="12273" cleared="1219" durationms="0.184" />
  <stringconstants candidates="4597" cleared="0"  />
  <warning details="Mark invoked due to insufficient free space for Copy-Forward" />
</gc-op>
<gc-op id="393" type="classunload" timems="0.002" contextid="389" timestamp="2019-06-16T05:50:27.775">
  <classunload-info classloadercandidates="8" classloadersunloaded="0" classesunloaded="0" anonymousclassesunloaded="0" quiescems="0.000" setupms="0.002" scanms="0.000" postms="0.000" />
</gc-op>
<gc-op id="394" type="sweep" timems="0.450" contextid="389" timestamp="2019-06-16T05:50:27.776" />
<gc-op id="395" type="compact" timems="3.181" contextid="389" timestamp="2019-06-16T05:50:27.779">
  <compact-info movecount="10642" movebytes="402448" />
  <remembered-set-cleared processed="23887" cleared="3029" durationms="0.184" />
</gc-op>
<heap-resize id="396" type="expand" space="default" amount="1048576" count="1" timems="0.055" reason="insufficient free space following gc" timestamp="2019-06-16T05:50:27.779" />
<gc-end id="397" type="partial gc" contextid="389" durationms="6.600" usertimems="12.000" systemtimems="0.000" timestamp="2019-06-16T05:50:27.780" activeThreads="1">
  <mem-info id="398" free="15728640" total="48234496" percent="32">
    <mem type="eden" free="977904" total="1048576" percent="93" />
    <arraylet-primitive objects="2" leaves="2" largest="1" />
    <remembered-set count="16000" freebytes="1861376" totalbytes="1925376" percent="96" regionsoverflowed="0" regionsstable="0" regionsrebuilding="0"/>
  </mem-info>
</gc-end>
<cycle-end id="399" type="partial gc" contextid="389" timestamp="2019-06-16T05:50:27.780" />
  <attribute name="elasticGC enabled" value="1" />
  <attribute name= "numThreadsSpecified" value="1" />
  <attribute name="heapSize specified" value="0" />
  <attribute name="Current GC Util" value="28" />
  <attribute name= "Current Time Running" value="1331" />
  <attribute name ="GC Interval" value="0" />
  <attribute name="ProportionalT" value="12.000000" />
  <attribute name="ProportionalI" value="12.000000" />
  <attribute name="ProportionalH" value="12.000000" />
  <attribute name="Current Error" value="8.000000" />
  <attribute name="IntegralT" value="0.000000" />
  <attribute name="IntegralI" value="0.000000" />
  <attribute name="IntegralH" value="0.000000" />
  <attribute name="DerivativeT" value="inf" />
  <attribute name="DerivativeI" value="inf" />
  <attribute name="DerivativeH" value="inf" />
  <attribute name="Loop Time for DT" value="0.000000" />
  <attribute name="Output H" value="8388608"/>
  <attribute name="Output I" value="200"/>
  <attribute name="Output T" value="1"/>
  <attribute name="Target GC Util Change" value ="20.000000" />
  <attribute name="Current GC Util Change" value="28.000000"/>
  <attribute name="GC Util currently" value="28" />
  <attribute name="CPU Util currently" value="6552989492100" />
<exclusive-end id="400" timestamp="2019-06-16T05:50:27.780" durationms="7.398" />

<exclusive-start id="401" timestamp="2019-06-16T05:50:27.794" intervalms="21.382">
  <response-info timems="0.045" idlems="0.045" threads="0" lastid="000000000283F100" lastname="Thread-10" />
</exclusive-start>
<allocation-taxation id="402" taxation-threshold="15728640" timestamp="2019-06-16T05:50:27.794" intervalms="21.383" />
<cycle-start id="403" type="partial gc" contextid="0" timestamp="2019-06-16T05:50:27.794" intervalms="21.384" />
<gc-start id="404" type="partial gc" contextid="403" timestamp="2019-06-16T05:50:27.794">
  <mem-info id="405" free="0" total="48234496" percent="0">
    <mem type="eden" free="0" total="15728640" percent="0" />
    <arraylet-primitive objects="2" leaves="2" largest="1" />
    <remembered-set count="15744" freebytes="1862400" totalbytes="1925376" percent="96" regionsoverflowed="0" regionsstable="0" regionsrebuilding="0"/>
  </mem-info>
</gc-start>
<allocation-stats totalBytes="15726336" >
  <allocated-bytes non-tlh="0" tlh="15726336" arrayletleaf="0"/>
  <largest-consumer threadName="Thread-9" threadId="000000000283B500" bytes="5340424" />
</allocation-stats>
<gc-op id="406" type="mark" timems="1.522" contextid="403" timestamp="2019-06-16T05:50:27.796">
  <trace-info objectcount="8088" scancount="8007" scanbytes="216996" />
  <cardclean-info objects="8889" bytes="475548" />
  <remembered-set-cleared processed="13048" cleared="807" durationms="0.188" />
  <stringconstants candidates="4597" cleared="0"  />
  <warning details="Mark invoked due to insufficient free space for Copy-Forward" />
</gc-op>
<gc-op id="407" type="classunload" timems="0.002" contextid="403" timestamp="2019-06-16T05:50:27.796">
  <classunload-info classloadercandidates="8" classloadersunloaded="0" classesunloaded="0" anonymousclassesunloaded="0" quiescems="0.000" setupms="0.002" scanms="0.000" postms="0.000" />
</gc-op>
<gc-op id="408" type="sweep" timems="0.419" contextid="403" timestamp="2019-06-16T05:50:27.797" />
<gc-op id="409" type="compact" timems="2.229" contextid="403" timestamp="2019-06-16T05:50:27.799">
  <compact-info movecount="16646" movebytes="803168" />
  <remembered-set-cleared processed="23593" cleared="5662" durationms="0.188" />
</gc-op>
<heap-resize id="410" type="expand" space="default" amount="2097152" count="1" timems="0.064" reason="insufficient free space following gc" timestamp="2019-06-16T05:50:27.800" />
<gc-end id="411" type="partial gc" contextid="403" durationms="5.453" usertimems="12.000" systemtimems="0.000" timestamp="2019-06-16T05:50:27.800" activeThreads="4">
  <mem-info id="412" free="16777216" total="50331648" percent="33">
    <mem type="eden" free="962152" total="1048576" percent="91" />
    <arraylet-primitive objects="2" leaves="2" largest="1" />
    <remembered-set count="16960" freebytes="1941248" totalbytes="2009088" percent="96" regionsoverflowed="0" regionsstable="0" regionsrebuilding="0"/>
  </mem-info>
</gc-end>
<cycle-end id="413" type="partial gc" contextid="403" timestamp="2019-06-16T05:50:27.800" />
  <attribute name="elasticGC enabled" value="1" />
  <attribute name= "numThreadsSpecified" value="4" />
  <attribute name="heapSize specified" value="0" />
  <attribute name="Current GC Util" value="32" />
  <attribute name= "Current Time Running" value="1353" />
  <attribute name ="GC Interval" value="0" />
  <attribute name="ProportionalT" value="18.000000" />
  <attribute name="ProportionalI" value="18.000000" />
  <attribute name="ProportionalH" value="18.000000" />
  <attribute name="Current Error" value="12.000000" />
  <attribute name="IntegralT" value="12.000000" />
  <attribute name="IntegralI" value="12.000000" />
  <attribute name="IntegralH" value="12.000000" />
  <attribute name="DerivativeT" value="12.000000" />
  <attribute name="DerivativeI" value="12.000000" />
  <attribute name="DerivativeH" value="12.000000" />
  <attribute name="Loop Time for DT" value="1.000000" />
  <attribute name="Output H" value="8388608"/>
  <attribute name="Output I" value="200"/>
  <attribute name="Output T" value="4"/>
  <attribute name="Target GC Util Change" value ="20.000000" />
  <attribute name="Current GC Util Change" value="32.000000"/>
  <attribute name="GC Util currently" value="32" />
  <attribute name="CPU Util currently" value="7171928067250" />
<exclusive-end id="414" timestamp="2019-06-16T05:50:27.800" durationms="6.363" />

<exclusive-start id="415" timestamp="2019-06-16T05:50:27.816" intervalms="22.221">
  <response-info timems="0.080" idlems="0.080" threads="0" lastid="000000000283B500" lastname="Thread-9" />
</exclusive-start>
<allocation-taxation id="416" taxation-threshold="16777216" timestamp="2019-06-16T05:50:27.816" intervalms="22.205" />
<cycle-start id="417" type="partial gc" contextid="0" timestamp="2019-06-16T05:50:27.816" intervalms="22.171" />
<gc-start id="418" type="partial gc" contextid="417" timestamp="2019-06-16T05:50:27.817">
  <mem-info id="419" free="0" total="50331648" percent="0">
    <mem type="eden" free="0" total="16777216" percent="0" />
    <arraylet-primitive objects="2" leaves="2" largest="1" />
    <remembered-set count="16960" freebytes="1941248" totalbytes="2009088" percent="96" regionsoverflowed="0" regionsstable="0" regionsrebuilding="0"/>
  </mem-info>
</gc-start>
<allocation-stats totalBytes="16774944" >
  <allocated-bytes non-tlh="0" tlh="16774944" arrayletleaf="0"/>
  <largest-consumer threadName="Thread-9" threadId="000000000283B500" bytes="5885136" />
</allocation-stats>
<gc-op id="420" type="mark" timems="1.231" contextid="417" timestamp="2019-06-16T05:50:27.818">
  <trace-info objectcount="12863" scancount="12863" scanbytes="446900" />
  <cardclean-info objects="8426" bytes="408664" />
  <remembered-set-cleared processed="13662" cleared="640" durationms="0.118" />
  <stringconstants candidates="4597" cleared="0"  />
  <warning details="Mark invoked due to insufficient free space for Copy-Forward" />
</gc-op>
<gc-op id="421" type="classunload" timems="0.003" contextid="417" timestamp="2019-06-16T05:50:27.818">
  <classunload-info classloadercandidates="8" classloadersunloaded="0" classesunloaded="0" anonymousclassesunloaded="0" quiescems="0.000" setupms="0.003" scanms="0.000" postms="0.000" />
</gc-op>
<gc-op id="422" type="sweep" timems="0.449" contextid="417" timestamp="2019-06-16T05:50:27.819" />
<gc-op id="423" type="compact" timems="1.686" contextid="417" timestamp="2019-06-16T05:50:27.821">
  <compact-info movecount="12856" movebytes="446736" />
  <remembered-set-cleared processed="27476" cleared="1426" durationms="0.118" />
</gc-op>
<heap-resize id="424" type="expand" space="default" amount="1048576" count="1" timems="0.067" reason="insufficient free space following gc" timestamp="2019-06-16T05:50:27.821" />
<gc-end id="425" type="partial gc" contextid="417" durationms="4.928" usertimems="8.000" systemtimems="4.000" timestamp="2019-06-16T05:50:27.821" activeThreads="4">
  <mem-info id="426" free="16777216" total="51380224" percent="32">
    <mem type="eden" free="684304" total="1048576" percent="65" />
    <arraylet-primitive objects="2" leaves="2" largest="1" />
    <remembered-set count="17632" freebytes="1980416" totalbytes="2050944" percent="96" regionsoverflowed="0" regionsstable="0" regionsrebuilding="0"/>
  </mem-info>
</gc-end>
<cycle-end id="427" type="partial gc" contextid="417" timestamp="2019-06-16T05:50:27.822" />
  <attribute name="elasticGC enabled" value="1" />
  <attribute name= "numThreadsSpecified" value="4" />
  <attribute name="heapSize specified" value="0" />
  <attribute name="Current GC Util" value="28" />
  <attribute name= "Current Time Running" value="1375" />
  <attribute name ="GC Interval" value="0" />
  <attribute name="ProportionalT" value="12.000000" />
  <attribute name="ProportionalI" value="12.000000" />
  <attribute name="ProportionalH" value="12.000000" />
  <attribute name="Current Error" value="8.000000" />
  <attribute name="IntegralT" value="8.000000" />
  <attribute name="IntegralI" value="8.000000" />
  <attribute name="IntegralH" value="8.000000" />
  <attribute name="DerivativeT" value="-86.000000" />
  <attribute name="DerivativeI" value="-86.000000" />
  <attribute name="DerivativeH" value="-86.000000" />
  <attribute name="Loop Time for DT" value="1.000000" />
  <attribute name="Output H" value="2091843584"/>
  <attribute name="Output I" value="200"/>
  <attribute name="Output T" value="4"/>
  <attribute name="Target GC Util Change" value ="20.000000" />
  <attribute name="Current GC Util Change" value="28.000000"/>
  <attribute name="GC Util currently" value="28" />
  <attribute name="CPU Util currently" value="6833747278798" />
<exclusive-end id="428" timestamp="2019-06-16T05:50:27.822" durationms="5.744" />

<exclusive-start id="429" timestamp="2019-06-16T05:50:27.837" intervalms="20.720">
  <response-info timems="0.047" idlems="0.047" threads="0" lastid="000000000283F100" lastname="Thread-10" />
</exclusive-start>
<allocation-taxation id="430" taxation-threshold="16777216" timestamp="2019-06-16T05:50:27.837" intervalms="20.768" />
<cycle-start id="431" type="partial gc" contextid="0" timestamp="2019-06-16T05:50:27.837" intervalms="20.756" />
<gc-start id="432" type="partial gc" contextid="431" timestamp="2019-06-16T05:50:27.837">
  <mem-info id="433" free="0" total="51380224" percent="0">
    <mem type="eden" free="0" total="16777216" percent="0" />
    <arraylet-primitive objects="2" leaves="2" largest="1" />
    <remembered-set count="17600" freebytes="1980544" totalbytes="2050944" percent="96" regionsoverflowed="0" regionsstable="0" regionsrebuilding="0"/>
  </mem-info>
</gc-start>
<allocation-stats totalBytes="16775136" >
  <allocated-bytes non-tlh="0" tlh="16775136" arrayletleaf="0"/>
  <largest-consumer threadName="Thread-9" threadId="000000000283B500" bytes="5635384" />
</allocation-stats>
<gc-op id="434" type="mark" timems="1.604" contextid="431" timestamp="2019-06-16T05:50:27.839">
  <trace-info objectcount="14370" scancount="14370" scanbytes="482980" />
  <cardclean-info objects="6624" bytes="322408" />
  <remembered-set-cleared processed="14420" cleared="670" durationms="0.214" />
  <stringconstants candidates="4597" cleared="0"  />
  <warning details="Mark invoked due to insufficient free space for Copy-Forward" />
</gc-op>
<gc-op id="435" type="classunload" timems="0.002" contextid="431" timestamp="2019-06-16T05:50:27.840">
  <classunload-info classloadercandidates="8" classloadersunloaded="0" classesunloaded="0" anonymousclassesunloaded="0" quiescems="0.000" setupms="0.002" scanms="0.000" postms="0.000" />
</gc-op>
<gc-op id="436" type="sweep" timems="0.473" contextid="431" timestamp="2019-06-16T05:50:27.840" />
<gc-op id="437" type="compact" timems="1.748" contextid="431" timestamp="2019-06-16T05:50:27.842">
  <compact-info movecount="14028" movebytes="474776" />
  <remembered-set-cleared processed="29000" cleared="1495" durationms="0.214" />
</gc-op>
<heap-resize id="438" type="expand" space="default" amount="2097152" count="1" timems="0.074" reason="insufficient free space following gc" timestamp="2019-06-16T05:50:27.843" />
<gc-end id="439" type="partial gc" contextid="431" durationms="5.548" usertimems="12.000" systemtimems="0.000" timestamp="2019-06-16T05:50:27.843" activeThreads="4">
  <mem-info id="440" free="17825792" total="53477376" percent="33">
    <mem type="eden" free="926048" total="1048576" percent="88" />
    <arraylet-primitive objects="2" leaves="2" largest="1" />
    <remembered-set count="17952" freebytes="2062848" totalbytes="2134656" percent="96" regionsoverflowed="0" regionsstable="0" regionsrebuilding="0"/>
  </mem-info>
</gc-end>
<cycle-end id="441" type="partial gc" contextid="431" timestamp="2019-06-16T05:50:27.843" />
  <attribute name="elasticGC enabled" value="1" />
  <attribute name= "numThreadsSpecified" value="4" />
  <attribute name="heapSize specified" value="0" />
  <attribute name="Current GC Util" value="27" />
  <attribute name= "Current Time Running" value="1396" />
  <attribute name ="GC Interval" value="0" />
  <attribute name="ProportionalT" value="10.500000" />
  <attribute name="ProportionalI" value="10.500000" />
  <attribute name="ProportionalH" value="10.500000" />
  <attribute name="Current Error" value="7.000000" />
  <attribute name="IntegralT" value="7.000000" />
  <attribute name="IntegralI" value="7.000000" />
  <attribute name="IntegralH" value="7.000000" />
  <attribute name="DerivativeT" value="7.000000" />
  <attribute name="DerivativeI" value="7.000000" />
  <attribute name="DerivativeH" value="7.000000" />
  <attribute name="Loop Time for DT" value="1.000000" />
  <attribute name="Output H" value="8388608"/>
  <attribute name="Output I" value="200"/>
  <attribute name="Output T" value="4"/>
  <attribute name="Target GC Util Change" value ="20.000000" />
  <attribute name="Current GC Util Change" value="27.000000"/>
  <attribute name="GC Util currently" value="27" />
  <attribute name="CPU Util currently" value="6103827743705" />
<exclusive-end id="442" timestamp="2019-06-16T05:50:27.843" durationms="6.509" />

<exclusive-start id="443" timestamp="2019-06-16T05:50:27.860" intervalms="23.177">
  <response-info timems="0.028" idlems="0.028" threads="0" lastid="000000000283B500" lastname="Thread-9" />
</exclusive-start>
<allocation-taxation id="444" taxation-threshold="17825792" timestamp="2019-06-16T05:50:27.860" intervalms="23.156" />
<cycle-start id="445" type="partial gc" contextid="0" timestamp="2019-06-16T05:50:27.860" intervalms="23.161" />
<gc-start id="446" type="partial gc" contextid="445" timestamp="2019-06-16T05:50:27.861">
  <mem-info id="447" free="0" total="53477376" percent="0">
    <mem type="eden" free="0" total="17825792" percent="0" />
    <arraylet-primitive objects="2" leaves="2" largest="1" />
    <remembered-set count="17888" freebytes="2063104" totalbytes="2134656" percent="96" regionsoverflowed="0" regionsstable="0" regionsrebuilding="0"/>
  </mem-info>
</gc-start>
<allocation-stats totalBytes="17823472" >
  <allocated-bytes non-tlh="0" tlh="17823472" arrayletleaf="0"/>
  <largest-consumer threadName="Thread-9" threadId="000000000283B500" bytes="6306960" />
</allocation-stats>
<gc-op id="448" type="mark" timems="1.320" contextid="445" timestamp="2019-06-16T05:50:27.862">
  <trace-info objectcount="15490" scancount="15490" scanbytes="509636" />
  <cardclean-info objects="10069" bytes="486856" />
  <remembered-set-cleared processed="15064" cleared="583" durationms="0.141" />
  <stringconstants candidates="4597" cleared="0"  />
  <warning details="Mark invoked due to insufficient free space for Copy-Forward" />
</gc-op>
<gc-op id="449" type="classunload" timems="0.002" contextid="445" timestamp="2019-06-16T05:50:27.862">
  <classunload-info classloadercandidates="8" classloadersunloaded="0" classesunloaded="0" anonymousclassesunloaded="0" quiescems="0.000" setupms="0.002" scanms="0.000" postms="0.000" />
</gc-op>
<gc-op id="450" type="sweep" timems="0.352" contextid="445" timestamp="2019-06-16T05:50:27.863" />
<gc-op id="451" type="compact" timems="1.632" contextid="445" timestamp="2019-06-16T05:50:27.865">
  <compact-info movecount="15319" movebytes="505536" />
  <remembered-set-cleared processed="30312" cleared="1344" durationms="0.141" />
</gc-op>
<heap-resize id="452" type="expand" space="default" amount="1048576" count="1" timems="0.065" reason="insufficient free space following gc" timestamp="2019-06-16T05:50:27.865" />
<gc-end id="453" type="partial gc" contextid="445" durationms="4.761" usertimems="8.000" systemtimems="0.000" timestamp="2019-06-16T05:50:27.865" activeThreads="4">
  <mem-info id="454" free="17825792" total="54525952" percent="32">
    <mem type="eden" free="657856" total="1048576" percent="62" />
    <arraylet-primitive objects="2" leaves="2" largest="1" />
    <remembered-set count="19712" freebytes="2097664" totalbytes="2176512" percent="96" regionsoverflowed="0" regionsstable="0" regionsrebuilding="0"/>
  </mem-info>
</gc-end>
<cycle-end id="455" type="partial gc" contextid="445" timestamp="2019-06-16T05:50:27.865" />
  <attribute name="elasticGC enabled" value="1" />
  <attribute name= "numThreadsSpecified" value="4" />
  <attribute name="heapSize specified" value="0" />
  <attribute name="Current GC Util" value="31" />
  <attribute name= "Current Time Running" value="1419" />
  <attribute name ="GC Interval" value="0" />
  <attribute name="ProportionalT" value="16.500000" />
  <attribute name="ProportionalI" value="16.500000" />
  <attribute name="ProportionalH" value="16.500000" />
  <attribute name="Current Error" value="11.000000" />
  <attribute name="IntegralT" value="11.000000" />
  <attribute name="IntegralI" value="11.000000" />
  <attribute name="IntegralH" value="11.000000" />
  <attribute name="DerivativeT" value="-83.000000" />
  <attribute name="DerivativeI" value="-83.000000" />
  <attribute name="DerivativeH" value="-83.000000" />
  <attribute name="Loop Time for DT" value="1.000000" />
  <attribute name="Output H" value="2091843584"/>
  <attribute name="Output I" value="200"/>
  <attribute name="Output T" value="4"/>
  <attribute name="Target GC Util Change" value ="20.000000" />
  <attribute name="Current GC Util Change" value="31.000000"/>
  <attribute name="GC Util currently" value="31" />
  <attribute name="CPU Util currently" value="7992094035263" />
<exclusive-end id="456" timestamp="2019-06-16T05:50:27.866" durationms="5.627" />

<exclusive-start id="457" timestamp="2019-06-16T05:50:27.883" intervalms="23.033">
  <response-info timems="0.035" idlems="0.020" threads="1" lastid="0000000002837900" lastname="Thread-7" />
</exclusive-start>
<allocation-taxation id="458" taxation-threshold="17825792" timestamp="2019-06-16T05:50:27.883" intervalms="23.032" />
<cycle-start id="459" type="partial gc" contextid="0" timestamp="2019-06-16T05:50:27.883" intervalms="23.084" />
<gc-start id="460" type="partial gc" contextid="459" timestamp="2019-06-16T05:50:27.884">
  <mem-info id="461" free="0" total="54525952" percent="0">
    <mem type="eden" free="0" total="17825792" percent="0" />
    <arraylet-primitive objects="2" leaves="2" largest="1" />
    <remembered-set count="19296" freebytes="2099328" totalbytes="2176512" percent="96" regionsoverflowed="0" regionsstable="0" regionsrebuilding="0"/>
  </mem-info>
</gc-start>
<allocation-stats totalBytes="17823472" >
  <allocated-bytes non-tlh="0" tlh="17823472" arrayletleaf="0"/>
  <largest-consumer threadName="Thread-9" threadId="000000000283B500" bytes="6651120" />
</allocation-stats>
<gc-op id="462" type="mark" timems="1.235" contextid="459" timestamp="2019-06-16T05:50:27.885">
  <trace-info objectcount="16240" scancount="16240" scanbytes="665184" />
  <cardclean-info objects="6625" bytes="326320" />
  <remembered-set-cleared processed="15982" cleared="767" durationms="0.109" />
  <stringconstants candidates="4597" cleared="0"  />
  <warning details="Mark invoked due to insufficient free space for Copy-Forward" />
</gc-op>
<gc-op id="463" type="classunload" timems="0.003" contextid="459" timestamp="2019-06-16T05:50:27.885">
  <classunload-info classloadercandidates="8" classloadersunloaded="0" classesunloaded="0" anonymousclassesunloaded="0" quiescems="0.000" setupms="0.002" scanms="0.000" postms="0.000" />
</gc-op>
<gc-op id="464" type="sweep" timems="0.344" contextid="459" timestamp="2019-06-16T05:50:27.886" />
<gc-op id="465" type="compact" timems="1.436" contextid="459" timestamp="2019-06-16T05:50:27.888">
  <compact-info movecount="16223" movebytes="664784" />
  <remembered-set-cleared processed="31992" cleared="1556" durationms="0.109" />
</gc-op>
<heap-resize id="466" type="expand" space="default" amount="1048576" count="1" timems="0.057" reason="insufficient free space following gc" timestamp="2019-06-16T05:50:27.888" />
<gc-end id="467" type="partial gc" contextid="459" durationms="4.433" usertimems="4.000" systemtimems="4.000" timestamp="2019-06-16T05:50:27.888" activeThreads="4">
  <mem-info id="468" free="17825792" total="55574528" percent="32">
    <mem type="eden" free="471296" total="1048576" percent="44" />
    <arraylet-primitive objects="2" leaves="2" largest="1" />
    <remembered-set count="20064" freebytes="2138112" totalbytes="2218368" percent="96" regionsoverflowed="0" regionsstable="0" regionsrebuilding="0"/>
  </mem-info>
</gc-end>
<cycle-end id="469" type="partial gc" contextid="459" timestamp="2019-06-16T05:50:27.888" />
  <attribute name="elasticGC enabled" value="1" />
  <attribute name= "numThreadsSpecified" value="4" />
  <attribute name="heapSize specified" value="0" />
  <attribute name="Current GC Util" value="31" />
  <attribute name= "Current Time Running" value="1442" />
  <attribute name ="GC Interval" value="0" />
  <attribute name="ProportionalT" value="16.500000" />
  <attribute name="ProportionalI" value="16.500000" />
  <attribute name="ProportionalH" value="16.500000" />
  <attribute name="Current Error" value="11.000000" />
  <attribute name="IntegralT" value="11.000000" />
  <attribute name="IntegralI" value="11.000000" />
  <attribute name="IntegralH" value="11.000000" />
  <attribute name="DerivativeT" value="-76.000000" />
  <attribute name="DerivativeI" value="-76.000000" />
  <attribute name="DerivativeH" value="-76.000000" />
  <attribute name="Loop Time for DT" value="1.000000" />
  <attribute name="Output H" value="2091843584"/>
  <attribute name="Output I" value="200"/>
  <attribute name="Output T" value="4"/>
  <attribute name="Target GC Util Change" value ="20.000000" />
  <attribute name="Current GC Util Change" value="31.000000"/>
  <attribute name="GC Util currently" value="31" />
  <attribute name="CPU Util currently" value="8093261380075" />
<exclusive-end id="470" timestamp="2019-06-16T05:50:27.888" durationms="5.373" />

<exclusive-start id="471" timestamp="2019-06-16T05:50:27.905" intervalms="22.205">
  <response-info timems="0.052" idlems="0.052" threads="0" lastid="000000000283B500" lastname="Thread-9" />
</exclusive-start>
<allocation-taxation id="472" taxation-threshold="17825792" timestamp="2019-06-16T05:50:27.905" intervalms="22.199" />
<cycle-start id="473" type="partial gc" contextid="0" timestamp="2019-06-16T05:50:27.906" intervalms="22.177" />
<gc-start id="474" type="partial gc" contextid="473" timestamp="2019-06-16T05:50:27.906">
  <mem-info id="475" free="0" total="55574528" percent="0">
    <mem type="eden" free="0" total="17825792" percent="0" />
    <arraylet-primitive objects="2" leaves="2" largest="1" />
    <remembered-set count="19808" freebytes="2139136" totalbytes="2218368" percent="96" regionsoverflowed="0" regionsstable="0" regionsrebuilding="0"/>
  </mem-info>
</gc-start>
<allocation-stats totalBytes="17823264" >
  <allocated-bytes non-tlh="0" tlh="17823264" arrayletleaf="0"/>
  <largest-consumer threadName="Thread-10" threadId="000000000283F100" bytes="6065256" />
</allocation-stats>
<gc-op id="476" type="mark" timems="1.829" contextid="473" timestamp="2019-06-16T05:50:27.908">
  <trace-info objectcount="24192" scancount="24192" scanbytes="993492" />
  <cardclean-info objects="4330" bytes="217144" />
  <remembered-set-cleared processed="16539" cleared="654" durationms="0.226" />
  <stringconstants candidates="4597" cleared="0"  />
  <warning details="Mark invoked due to insufficient free space for Copy-Forward" />
</gc-op>
<gc-op id="477" type="classunload" timems="0.003" contextid="473" timestamp="2019-06-16T05:50:27.908">
  <classunload-info classloadercandidates="8" classloadersunloaded="0" classesunloaded="0" anonymousclassesunloaded="0" quiescems="0.000" setupms="0.002" scanms="0.000" postms="0.000" />
</gc-op>
<gc-op id="478" type="sweep" timems="0.492" contextid="473" timestamp="2019-06-16T05:50:27.909" />
<gc-op id="479" type="compact" timems="2.061" contextid="473" timestamp="2019-06-16T05:50:27.911">
  <compact-info movecount="23885" movebytes="986136" />
  <remembered-set-cleared processed="33291" cleared="1515" durationms="0.226" />
</gc-op>
<heap-resize id="480" type="expand" space="default" amount="2097152" count="1" timems="0.074" reason="insufficient free space following gc" timestamp="2019-06-16T05:50:27.912" />
<gc-end id="481" type="partial gc" contextid="473" durationms="5.981" usertimems="12.000" systemtimems="0.000" timestamp="2019-06-16T05:50:27.912" activeThreads="4">
  <mem-info id="482" free="18874368" total="57671680" percent="32">
    <mem type="eden" free="629200" total="1048576" percent="60" />
    <arraylet-primitive objects="2" leaves="2" largest="1" />
    <remembered-set count="20448" freebytes="2220288" totalbytes="2302080" percent="96" regionsoverflowed="0" regionsstable="0" regionsrebuilding="0"/>
  </mem-info>
</gc-end>
<cycle-end id="483" type="partial gc" contextid="473" timestamp="2019-06-16T05:50:27.912" />
  <attribute name="elasticGC enabled" value="1" />
  <attribute name= "numThreadsSpecified" value="4" />
  <attribute name="heapSize specified" value="0" />
  <attribute name="Current GC Util" value="29" />
  <attribute name= "Current Time Running" value="1465" />
  <attribute name ="GC Interval" value="0" />
  <attribute name="ProportionalT" value="13.500000" />
  <attribute name="ProportionalI" value="13.500000" />
  <attribute name="ProportionalH" value="13.500000" />
  <attribute name="Current Error" value="9.000000" />
  <attribute name="IntegralT" value="9.000000" />
  <attribute name="IntegralI" value="9.000000" />
  <attribute name="IntegralH" value="9.000000" />
  <attribute name="DerivativeT" value="9.000000" />
  <attribute name="DerivativeI" value="9.000000" />
  <attribute name="DerivativeH" value="9.000000" />
  <attribute name="Loop Time for DT" value="1.000000" />
  <attribute name="Output H" value="8388608"/>
  <attribute name="Output I" value="200"/>
  <attribute name="Output T" value="4"/>
  <attribute name="Target GC Util Change" value ="20.000000" />
  <attribute name="Current GC Util Change" value="29.000000"/>
  <attribute name="GC Util currently" value="29" />
  <attribute name="CPU Util currently" value="6278554272521" />
<exclusive-end id="484" timestamp="2019-06-16T05:50:27.912" durationms="6.811" />

<exclusive-start id="485" timestamp="2019-06-16T05:50:27.930" intervalms="24.455">
  <response-info timems="0.048" idlems="0.026" threads="1" lastid="0000000002833D00" lastname="Thread-8" />
</exclusive-start>
<allocation-taxation id="486" taxation-threshold="18874368" timestamp="2019-06-16T05:50:27.930" intervalms="24.457" />
<cycle-start id="487" type="partial gc" contextid="0" timestamp="2019-06-16T05:50:27.930" intervalms="24.395" />
<gc-start id="488" type="partial gc" contextid="487" timestamp="2019-06-16T05:50:27.930">
  <mem-info id="489" free="0" total="57671680" percent="0">
    <mem type="eden" free="0" total="18874368" percent="0" />
    <arraylet-primitive objects="2" leaves="2" largest="1" />
    <remembered-set count="20320" freebytes="2220800" totalbytes="2302080" percent="96" regionsoverflowed="0" regionsstable="0" regionsrebuilding="0"/>
  </mem-info>
</gc-start>
<allocation-stats totalBytes="18871976" >
  <allocated-bytes non-tlh="0" tlh="18871976" arrayletleaf="0"/>
  <largest-consumer threadName="Thread-9" threadId="000000000283B500" bytes="6765824" />
</allocation-stats>
<gc-op id="490" type="mark" timems="1.998" contextid="487" timestamp="2019-06-16T05:50:27.933">
  <trace-info objectcount="20998" scancount="20998" scanbytes="641708" />
  <cardclean-info objects="11471" bytes="558784" />
  <remembered-set-cleared processed="17100" cleared="680" durationms="0.238" />
  <stringconstants candidates="4597" cleared="0"  />
  <warning details="Mark invoked due to insufficient free space for Copy-Forward" />
</gc-op>
<gc-op id="491" type="classunload" timems="0.003" contextid="487" timestamp="2019-06-16T05:50:27.933">
  <classunload-info classloadercandidates="8" classloadersunloaded="0" classesunloaded="0" anonymousclassesunloaded="0" quiescems="0.000" setupms="0.002" scanms="0.000" postms="0.000" />
</gc-op>
<gc-op id="492" type="sweep" timems="0.503" contextid="487" timestamp="2019-06-16T05:50:27.933" />
<gc-op id="493" type="compact" timems="2.100" contextid="487" timestamp="2019-06-16T05:50:27.936">
  <compact-info movecount="20505" movebytes="629880" />
  <remembered-set-cleared processed="34421" cleared="1575" durationms="0.238" />
</gc-op>
<heap-resize id="494" type="expand" space="default" amount="1048576" count="1" timems="0.065" reason="insufficient free space following gc" timestamp="2019-06-16T05:50:27.936" />
<gc-end id="495" type="partial gc" contextid="487" durationms="6.190" usertimems="12.000" systemtimems="0.000" timestamp="2019-06-16T05:50:27.936" activeThreads="4">
  <mem-info id="496" free="18874368" total="58720256" percent="32">
    <mem type="eden" free="822592" total="1048576" percent="78" />
    <arraylet-primitive objects="2" leaves="2" largest="1" />
    <remembered-set count="22528" freebytes="2253824" totalbytes="2343936" percent="96" regionsoverflowed="0" regionsstable="0" regionsrebuilding="0"/>
  </mem-info>
</gc-end>
<cycle-end id="497" type="partial gc" contextid="487" timestamp="2019-06-16T05:50:27.937" />
  <attribute name="elasticGC enabled" value="1" />
  <attribute name= "numThreadsSpecified" value="4" />
  <attribute name="heapSize specified" value="0" />
  <attribute name="Current GC Util" value="27" />
  <attribute name= "Current Time Running" value="1489" />
  <attribute name ="GC Interval" value="0" />
  <attribute name="ProportionalT" value="10.500000" />
  <attribute name="ProportionalI" value="10.500000" />
  <attribute name="ProportionalH" value="10.500000" />
  <attribute name="Current Error" value="7.000000" />
  <attribute name="IntegralT" value="7.000000" />
  <attribute name="IntegralI" value="7.000000" />
  <attribute name="IntegralH" value="7.000000" />
  <attribute name="DerivativeT" value="7.000000" />
  <attribute name="DerivativeI" value="7.000000" />
  <attribute name="DerivativeH" value="7.000000" />
  <attribute name="Loop Time for DT" value="1.000000" />
  <attribute name="Output H" value="8388608"/>
  <attribute name="Output I" value="200"/>
  <attribute name="Output T" value="4"/>
  <attribute name="Target GC Util Change" value ="20.000000" />
  <attribute name="Current GC Util Change" value="27.000000"/>
  <attribute name="GC Util currently" value="27" />
  <attribute name="CPU Util currently" value="6138471098147" />
<exclusive-end id="498" timestamp="2019-06-16T05:50:27.937" durationms="7.077" />

<exclusive-start id="499" timestamp="2019-06-16T05:50:27.958" intervalms="28.302">
  <response-info timems="0.030" idlems="0.030" threads="0" lastid="000000000283B500" lastname="Thread-9" />
</exclusive-start>
<allocation-taxation id="500" taxation-threshold="18874368" timestamp="2019-06-16T05:50:27.958" intervalms="28.320" />
<cycle-start id="501" type="partial gc" contextid="0" timestamp="2019-06-16T05:50:27.958" intervalms="28.387" />
<gc-start id="502" type="partial gc" contextid="501" timestamp="2019-06-16T05:50:27.959">
  <mem-info id="503" free="0" total="58720256" percent="0">
    <mem type="eden" free="0" total="18874368" percent="0" />
    <arraylet-primitive objects="2" leaves="2" largest="1" />
    <remembered-set count="22144" freebytes="2255360" totalbytes="2343936" percent="96" regionsoverflowed="0" regionsstable="0" regionsrebuilding="0"/>
  </mem-info>
</gc-start>
<allocation-stats totalBytes="18871328" >
  <allocated-bytes non-tlh="0" tlh="18871328" arrayletleaf="0"/>
  <largest-consumer threadName="Thread-7" threadId="0000000002837900" bytes="6458352" />
</allocation-stats>
<gc-op id="504" type="mark" timems="1.591" contextid="501" timestamp="2019-06-16T05:50:27.961">
  <trace-info objectcount="37274" scancount="37274" scanbytes="1444592" />
  <cardclean-info objects="11592" bytes="572176" />
  <remembered-set-cleared processed="18060" cleared="805" durationms="0.136" />
  <stringconstants candidates="4597" cleared="0"  />
  <warning details="Mark invoked due to insufficient free space for Copy-Forward" />
</gc-op>
<gc-op id="505" type="classunload" timems="0.002" contextid="501" timestamp="2019-06-16T05:50:27.961">
  <classunload-info classloadercandidates="8" classloadersunloaded="0" classesunloaded="0" anonymousclassesunloaded="0" quiescems="0.000" setupms="0.002" scanms="0.000" postms="0.000" />
</gc-op>
<gc-op id="506" type="sweep" timems="0.443" contextid="501" timestamp="2019-06-16T05:50:27.961" />
<gc-op id="507" type="compact" timems="2.199" contextid="501" timestamp="2019-06-16T05:50:27.964">
  <compact-info movecount="33364" movebytes="1350768" />
  <remembered-set-cleared processed="36342" cleared="1826" durationms="0.136" />
</gc-op>
<heap-resize id="508" type="expand" space="default" amount="3145728" count="1" timems="0.079" reason="insufficient free space following gc" timestamp="2019-06-16T05:50:27.964" />
<gc-end id="509" type="partial gc" contextid="501" durationms="5.799" usertimems="12.000" systemtimems="0.000" timestamp="2019-06-16T05:50:27.964" activeThreads="4">
  <mem-info id="510" free="19922944" total="61865984" percent="32">
    <mem type="eden" free="877024" total="2097152" percent="41" />
    <arraylet-primitive objects="2" leaves="2" largest="1" />
    <remembered-set count="22912" freebytes="2377856" totalbytes="2469504" percent="96" regionsoverflowed="0" regionsstable="0" regionsrebuilding="0"/>
  </mem-info>
</gc-end>
<cycle-end id="511" type="partial gc" contextid="501" timestamp="2019-06-16T05:50:27.965" />
  <attribute name="elasticGC enabled" value="1" />
  <attribute name= "numThreadsSpecified" value="4" />
  <attribute name="heapSize specified" value="0" />
  <attribute name="Current GC Util" value="29" />
  <attribute name= "Current Time Running" value="1517" />
  <attribute name ="GC Interval" value="0" />
  <attribute name="ProportionalT" value="13.500000" />
  <attribute name="ProportionalI" value="13.500000" />
  <attribute name="ProportionalH" value="13.500000" />
  <attribute name="Current Error" value="9.000000" />
  <attribute name="IntegralT" value="0.000000" />
  <attribute name="IntegralI" value="0.000000" />
  <attribute name="IntegralH" value="0.000000" />
  <attribute name="DerivativeT" value="-inf" />
  <attribute name="DerivativeI" value="-inf" />
  <attribute name="DerivativeH" value="-inf" />
  <attribute name="Loop Time for DT" value="0.000000" />
  <attribute name="Output H" value="2091843584"/>
  <attribute name="Output I" value="200"/>
  <attribute name="Output T" value="4"/>
  <attribute name="Target GC Util Change" value ="20.000000" />
  <attribute name="Current GC Util Change" value="29.000000"/>
  <attribute name="GC Util currently" value="29" />
  <attribute name="CPU Util currently" value="6980475456139" />
<exclusive-end id="512" timestamp="2019-06-16T05:50:27.965" durationms="6.747" />

<exclusive-start id="513" timestamp="2019-06-16T05:50:27.984" intervalms="26.232">
  <response-info timems="0.205" idlems="0.186" threads="1" lastid="000000000283F100" lastname="Thread-10" />
</exclusive-start>
<allocation-taxation id="514" taxation-threshold="19922944" timestamp="2019-06-16T05:50:27.984" intervalms="26.228" />
<cycle-start id="515" type="partial gc" contextid="0" timestamp="2019-06-16T05:50:27.984" intervalms="26.165" />
<gc-start id="516" type="partial gc" contextid="515" timestamp="2019-06-16T05:50:27.985">
  <mem-info id="517" free="0" total="61865984" percent="0">
    <mem type="eden" free="0" total="19922944" percent="0" />
    <arraylet-primitive objects="2" leaves="2" largest="1" />
    <remembered-set count="22592" freebytes="2379136" totalbytes="2469504" percent="96" regionsoverflowed="0" regionsstable="0" regionsrebuilding="0"/>
  </mem-info>
</gc-start>
<allocation-stats totalBytes="19920280" >
  <allocated-bytes non-tlh="0" tlh="19920280" arrayletleaf="0"/>
  <largest-consumer threadName="Thread-9" threadId="000000000283B500" bytes="7003248" />
</allocation-stats>
<gc-op id="518" type="mark" timems="2.053" contextid="515" timestamp="2019-06-16T05:50:27.987">
  <trace-info objectcount="29629" scancount="29629" scanbytes="1261368" />
  <cardclean-info objects="2270" bytes="122560" />
  <remembered-set-cleared processed="19356" cleared="554" durationms="0.257" />
  <stringconstants candidates="4597" cleared="0"  />
  <warning details="Mark invoked due to insufficient free space for Copy-Forward" />
</gc-op>
<gc-op id="519" type="classunload" timems="0.003" contextid="515" timestamp="2019-06-16T05:50:27.988">
  <classunload-info classloadercandidates="8" classloadersunloaded="0" classesunloaded="0" anonymousclassesunloaded="0" quiescems="0.000" setupms="0.003" scanms="0.000" postms="0.000" />
</gc-op>
<gc-op id="520" type="sweep" timems="0.418" contextid="515" timestamp="2019-06-16T05:50:27.988" />
<gc-op id="521" type="compact" timems="2.399" contextid="515" timestamp="2019-06-16T05:50:27.991">
  <compact-info movecount="25999" movebytes="1089832" />
  <remembered-set-cleared processed="38834" cleared="1224" durationms="0.257" />
</gc-op>
<heap-resize id="522" type="expand" space="default" amount="11534336" count="1" timems="0.123" reason="excessive time being spent in gc" timestamp="2019-06-16T05:50:27.991" />
<gc-end id="523" type="partial gc" contextid="515" durationms="6.720" usertimems="12.000" systemtimems="0.000" timestamp="2019-06-16T05:50:27.991" activeThreads="4">
  <mem-info id="524" free="31457280" total="73400320" percent="42">
    <mem type="eden" free="694176" total="1048576" percent="66" />
    <arraylet-primitive objects="2" leaves="2" largest="1" />
    <remembered-set count="23488" freebytes="2835968" totalbytes="2929920" percent="96" regionsoverflowed="0" regionsstable="0" regionsrebuilding="0"/>
  </mem-info>
</gc-end>
<cycle-end id="525" type="partial gc" contextid="515" timestamp="2019-06-16T05:50:27.992" />
  <attribute name="elasticGC enabled" value="1" />
  <attribute name= "numThreadsSpecified" value="4" />
  <attribute name="heapSize specified" value="0" />
  <attribute name="Current GC Util" value="32" />
  <attribute name= "Current Time Running" value="1544" />
  <attribute name ="GC Interval" value="0" />
  <attribute name="ProportionalT" value="18.000000" />
  <attribute name="ProportionalI" value="18.000000" />
  <attribute name="ProportionalH" value="18.000000" />
  <attribute name="Current Error" value="12.000000" />
  <attribute name="IntegralT" value="12.000000" />
  <attribute name="IntegralI" value="12.000000" />
  <attribute name="IntegralH" value="12.000000" />
  <attribute name="DerivativeT" value="12.000000" />
  <attribute name="DerivativeI" value="12.000000" />
  <attribute name="DerivativeH" value="12.000000" />
  <attribute name="Loop Time for DT" value="1.000000" />
  <attribute name="Output H" value="8388608"/>
  <attribute name="Output I" value="200"/>
  <attribute name="Output T" value="4"/>
  <attribute name="Target GC Util Change" value ="20.000000" />
  <attribute name="Current GC Util Change" value="32.000000"/>
  <attribute name="GC Util currently" value="32" />
  <attribute name="CPU Util currently" value="6580555236151" />
<exclusive-end id="526" timestamp="2019-06-16T05:50:27.992" durationms="7.709" />

<exclusive-start id="527" timestamp="2019-06-16T05:50:28.017" intervalms="32.604">
  <response-info timems="0.082" idlems="0.082" threads="0" lastid="000000000283B500" lastname="Thread-9" />
</exclusive-start>
<allocation-taxation id="528" taxation-threshold="25165824" timestamp="2019-06-16T05:50:28.017" intervalms="32.644" />
<cycle-start id="529" type="partial gc" contextid="0" timestamp="2019-06-16T05:50:28.017" intervalms="32.718" />
<gc-start id="530" type="partial gc" contextid="529" timestamp="2019-06-16T05:50:28.018">
  <mem-info id="531" free="6291456" total="73400320" percent="8">
    <mem type="eden" free="0" total="25165824" percent="0" />
    <arraylet-primitive objects="2" leaves="2" largest="1" />
    <remembered-set count="23072" freebytes="2837632" totalbytes="2929920" percent="96" regionsoverflowed="0" regionsstable="0" regionsrebuilding="0"/>
  </mem-info>
</gc-start>
<allocation-stats totalBytes="25162960" >
  <allocated-bytes non-tlh="0" tlh="25162960" arrayletleaf="0"/>
  <largest-consumer threadName="Thread-9" threadId="000000000283B500" bytes="9005936" />
</allocation-stats>
<gc-op id="532" type="copy forward" timems="3.555" contextid="529" timestamp="2019-06-16T05:50:28.022">
  <memory-copied type="eden" objects="10562" bytes="391664" bytesdiscarded="36640" />
  <memory-copied type="other" objects="21455" bytes="927048" bytesdiscarded="93032" />
  <memory-cardclean objects="2270" bytes="122560" />
  <regions eden="24" other="2" />
  <remembered-set-cleared processed="19470" cleared="659" durationms="0.143" />
  <stringconstants candidates="4597" cleared="0"  />
</gc-op>
<gc-op id="533" type="classunload" timems="0.004" contextid="529" timestamp="2019-06-16T05:50:28.022">
  <classunload-info classloadercandidates="8" classloadersunloaded="0" classesunloaded="0" anonymousclassesunloaded="0" quiescems="0.000" setupms="0.004" scanms="0.000" postms="0.000" />
</gc-op>
<heap-resize id="534" type="expand" space="default" amount="12582912" count="1" timems="0.126" reason="excessive time being spent in gc" timestamp="2019-06-16T05:50:28.022" />
<gc-end id="535" type="partial gc" contextid="529" durationms="4.895" usertimems="12.000" systemtimems="0.000" timestamp="2019-06-16T05:50:28.022" activeThreads="4">
  <mem-info id="536" free="41943040" total="85983232" percent="48">
    <mem type="eden" free="1668848" total="2097152" percent="79" />
    <arraylet-primitive objects="2" leaves="2" largest="1" />
    <remembered-set count="24512" freebytes="3334144" totalbytes="3432192" percent="97" regionsoverflowed="0" regionsstable="0" regionsrebuilding="0"/>
  </mem-info>
</gc-end>
<cycle-end id="537" type="partial gc" contextid="529" timestamp="2019-06-16T05:50:28.023" />
  <attribute name="elasticGC enabled" value="1" />
  <attribute name= "numThreadsSpecified" value="4" />
  <attribute name="heapSize specified" value="0" />
  <attribute name="Current GC Util" value="24" />
  <attribute name= "Current Time Running" value="1574" />
  <attribute name ="GC Interval" value="0" />
  <attribute name="ProportionalT" value="6.000000" />
  <attribute name="ProportionalI" value="6.000000" />
  <attribute name="ProportionalH" value="6.000000" />
  <attribute name="Current Error" value="4.000000" />
  <attribute name="IntegralT" value="0.000000" />
  <attribute name="IntegralI" value="0.000000" />
  <attribute name="IntegralH" value="0.000000" />
  <attribute name="DerivativeT" value="-inf" />
  <attribute name="DerivativeI" value="-inf" />
  <attribute name="DerivativeH" value="-inf" />
  <attribute name="Loop Time for DT" value="0.000000" />
  <attribute name="Output H" value="2091843584"/>
  <attribute name="Output I" value="200"/>
  <attribute name="Output T" value="4"/>
  <attribute name="Target GC Util Change" value ="20.000000" />
  <attribute name="Current GC Util Change" value="24.000000"/>
  <attribute name="GC Util currently" value="24" />
  <attribute name="CPU Util currently" value="8638380871509" />
<exclusive-end id="538" timestamp="2019-06-16T05:50:28.023" durationms="5.910" />

<exclusive-start id="539" timestamp="2019-06-16T05:50:28.048" intervalms="31.204">
  <response-info timems="0.209" idlems="0.188" threads="1" lastid="0000000002833D00" lastname="Thread-8" />
</exclusive-start>
<allocation-taxation id="540" taxation-threshold="28311552" timestamp="2019-06-16T05:50:28.048" intervalms="31.103" />
<cycle-start id="541" type="partial gc" contextid="0" timestamp="2019-06-16T05:50:28.048" intervalms="31.024" />
<gc-start id="542" type="partial gc" contextid="541" timestamp="2019-06-16T05:50:28.049">
  <mem-info id="543" free="13631488" total="85983232" percent="15">
    <mem type="eden" free="0" total="28311552" percent="0" />
    <arraylet-primitive objects="2" leaves="2" largest="1" />
    <remembered-set count="23808" freebytes="3336960" totalbytes="3432192" percent="97" regionsoverflowed="0" regionsstable="2" regionsrebuilding="0"/>
  </mem-info>
</gc-start>
<allocation-stats totalBytes="28308072" >
  <allocated-bytes non-tlh="0" tlh="28308072" arrayletleaf="0"/>
  <largest-consumer threadName="Thread-9" threadId="000000000283B500" bytes="9116568" />
</allocation-stats>
<gc-op id="544" type="copy forward" timems="2.305" contextid="541" timestamp="2019-06-16T05:50:28.052">
  <memory-copied type="eden" objects="12832" bytes="446376" bytesdiscarded="30440" />
  <memory-copied type="other" objects="16699" bytes="675528" bytesdiscarded="11592" />
  <memory-cardclean objects="5709" bytes="306256" />
  <regions eden="27" other="3" />
  <remembered-set-cleared processed="19394" cleared="1130" durationms="0.144" />
  <stringconstants candidates="4597" cleared="0"  />
</gc-op>
<gc-op id="545" type="classunload" timems="0.003" contextid="541" timestamp="2019-06-16T05:50:28.052">
  <classunload-info classloadercandidates="8" classloadersunloaded="0" classesunloaded="0" anonymousclassesunloaded="0" quiescems="0.000" setupms="0.002" scanms="0.000" postms="0.000" />
</gc-op>
<heap-resize id="546" type="expand" space="default" amount="14680064" count="1" timems="0.134" reason="excessive time being spent in gc" timestamp="2019-06-16T05:50:28.052" />
<gc-end id="547" type="partial gc" contextid="541" durationms="3.448" usertimems="0.000" systemtimems="4.000" timestamp="2019-06-16T05:50:28.052" activeThreads="4">
  <mem-info id="548" free="56623104" total="100663296" percent="56">
    <mem type="eden" free="571760" total="1048576" percent="54" />
    <arraylet-primitive objects="2" leaves="2" largest="1" />
    <remembered-set count="23840" freebytes="3922816" totalbytes="4018176" percent="97" regionsoverflowed="0" regionsstable="2" regionsrebuilding="0"/>
  </mem-info>
</gc-end>
<cycle-end id="549" type="partial gc" contextid="541" timestamp="2019-06-16T05:50:28.052" />
  <attribute name="elasticGC enabled" value="1" />
  <attribute name= "numThreadsSpecified" value="4" />
  <attribute name="heapSize specified" value="0" />
  <attribute name="Current GC Util" value="48" />
  <attribute name= "Current Time Running" value="1605" />
  <attribute name ="GC Interval" value="0" />
  <attribute name="ProportionalT" value="42.000000" />
  <attribute name="ProportionalI" value="42.000000" />
  <attribute name="ProportionalH" value="42.000000" />
  <attribute name="Current Error" value="28.000000" />
  <attribute name="IntegralT" value="28.000000" />
  <attribute name="IntegralI" value="28.000000" />
  <attribute name="IntegralH" value="28.000000" />
  <attribute name="DerivativeT" value="19.000000" />
  <attribute name="DerivativeI" value="19.000000" />
  <attribute name="DerivativeH" value="19.000000" />
  <attribute name="Loop Time for DT" value="1.000000" />
  <attribute name="Output H" value="8388608"/>
  <attribute name="Output I" value="200"/>
  <attribute name="Output T" value="4"/>
  <attribute name="Target GC Util Change" value ="20.000000" />
  <attribute name="Current GC Util Change" value="48.000000"/>
  <attribute name="GC Util currently" value="48" />
  <attribute name="CPU Util currently" value="17647185372497" />
<exclusive-end id="550" timestamp="2019-06-16T05:50:28.052" durationms="4.327" />

<exclusive-start id="551" timestamp="2019-06-16T05:50:28.084" intervalms="36.072">
  <response-info timems="0.042" idlems="0.023" threads="1" lastid="0000000002833D00" lastname="Thread-8" />
</exclusive-start>
<allocation-taxation id="552" taxation-threshold="31457280" timestamp="2019-06-16T05:50:28.084" intervalms="36.149" />
<cycle-start id="553" type="partial gc" contextid="0" timestamp="2019-06-16T05:50:28.084" intervalms="36.188" />
<gc-start id="554" type="partial gc" contextid="553" timestamp="2019-06-16T05:50:28.085">
  <mem-info id="555" free="25165824" total="100663296" percent="25">
    <mem type="eden" free="0" total="31457280" percent="0" />
    <arraylet-primitive objects="2" leaves="2" largest="1" />
    <remembered-set count="23584" freebytes="3923840" totalbytes="4018176" percent="97" regionsoverflowed="0" regionsstable="2" regionsrebuilding="0"/>
  </mem-info>
</gc-start>
<allocation-stats totalBytes="31453728" >
  <allocated-bytes non-tlh="0" tlh="31453728" arrayletleaf="0"/>
  <largest-consumer threadName="Thread-9" threadId="000000000283B500" bytes="10984344" />
</allocation-stats>
<gc-op id="556" type="copy forward" timems="4.659" contextid="553" timestamp="2019-06-16T05:50:28.090">
  <memory-copied type="eden" objects="28530" bytes="1098104" bytesdiscarded="8" />
  <memory-copied type="other" objects="12662" bytes="441264" bytesdiscarded="0" />
  <memory-cardclean objects="11409" bytes="598000" />
  <regions eden="30" other="1" />
  <remembered-set-cleared processed="20002" cleared="660" durationms="0.274" />
  <stringconstants candidates="4597" cleared="0"  />
</gc-op>
<gc-op id="557" type="classunload" timems="0.003" contextid="553" timestamp="2019-06-16T05:50:28.090">
  <classunload-info classloadercandidates="8" classloadersunloaded="0" classesunloaded="0" anonymousclassesunloaded="0" quiescems="0.000" setupms="0.002" scanms="0.000" postms="0.000" />
</gc-op>
<heap-resize id="558" type="expand" space="default" amount="14680064" count="1" timems="0.138" reason="excessive time being spent in gc" timestamp="2019-06-16T05:50:28.091" />
<gc-end id="559" type="partial gc" contextid="553" durationms="5.997" usertimems="12.000" systemtimems="0.000" timestamp="2019-06-16T05:50:28.091" activeThreads="1">
  <mem-info id="560" free="69206016" total="115343360" percent="60">
    <mem type="eden" free="999040" total="2097152" percent="47" />
    <arraylet-primitive objects="2" leaves="2" largest="1" />
    <remembered-set count="26048" freebytes="4499968" totalbytes="4604160" percent="97" regionsoverflowed="0" regionsstable="2" regionsrebuilding="0"/>
  </mem-info>
</gc-end>
<cycle-end id="561" type="partial gc" contextid="553" timestamp="2019-06-16T05:50:28.091" />
  <attribute name="elasticGC enabled" value="1" />
  <attribute name= "numThreadsSpecified" value="1" />
  <attribute name="heapSize specified" value="0" />
  <attribute name="Current GC Util" value="62" />
  <attribute name= "Current Time Running" value="1641" />
  <attribute name ="GC Interval" value="0" />
  <attribute name="ProportionalT" value="63.000000" />
  <attribute name="ProportionalI" value="63.000000" />
  <attribute name="ProportionalH" value="63.000000" />
  <attribute name="Current Error" value="42.000000" />
  <attribute name="IntegralT" value="0.000000" />
  <attribute name="IntegralI" value="0.000000" />
  <attribute name="IntegralH" value="0.000000" />
  <attribute name="DerivativeT" value="inf" />
  <attribute name="DerivativeI" value="inf" />
  <attribute name="DerivativeH" value="inf" />
  <attribute name="Loop Time for DT" value="0.000000" />
  <attribute name="Output H" value="8388608"/>
  <attribute name="Output I" value="200"/>
  <attribute name="Output T" value="1"/>
  <attribute name="Target GC Util Change" value ="20.000000" />
  <attribute name="Current GC Util Change" value="62.000000"/>
  <attribute name="GC Util currently" value="62" />
  <attribute name="CPU Util currently" value="17640704956834" />
<exclusive-end id="562" timestamp="2019-06-16T05:50:28.091" durationms="7.045" />

<exclusive-start id="563" timestamp="2019-06-16T05:50:28.126" intervalms="41.809">
  <response-info timems="0.036" idlems="0.036" threads="0" lastid="0000000002833D00" lastname="Thread-8" />
</exclusive-start>
<allocation-taxation id="564" taxation-threshold="35651584" timestamp="2019-06-16T05:50:28.126" intervalms="41.833" />
<cycle-start id="565" type="partial gc" contextid="0" timestamp="2019-06-16T05:50:28.126" intervalms="41.846" />
<gc-start id="566" type="partial gc" contextid="565" timestamp="2019-06-16T05:50:28.127">
  <mem-info id="567" free="33554432" total="115343360" percent="29">
    <mem type="eden" free="0" total="35651584" percent="0" />
    <arraylet-primitive objects="2" leaves="2" largest="1" />
    <remembered-set count="25632" freebytes="4501632" totalbytes="4604160" percent="97" regionsoverflowed="0" regionsstable="2" regionsrebuilding="0"/>
  </mem-info>
</gc-start>
<allocation-stats totalBytes="35647488" >
  <allocated-bytes non-tlh="0" tlh="35647488" arrayletleaf="0"/>
  <largest-consumer threadName="Thread-7" threadId="0000000002837900" bytes="13433168" />
</allocation-stats>
<gc-op id="568" type="copy forward" timems="4.121" contextid="565" timestamp="2019-06-16T05:50:28.132">
  <memory-copied type="eden" objects="19315" bytes="739600" bytesdiscarded="0" />
  <memory-copied type="other" objects="15455" bytes="645672" bytesdiscarded="0" />
  <memory-cardclean objects="4721" bytes="232096" />
  <regions eden="34" other="5" />
  <remembered-set-cleared processed="19751" cleared="883" durationms="0.258" />
  <stringconstants candidates="4597" cleared="0"  />
</gc-op>
<gc-op id="569" type="classunload" timems="0.002" contextid="565" timestamp="2019-06-16T05:50:28.132">
  <classunload-info classloadercandidates="8" classloadersunloaded="0" classesunloaded="0" anonymousclassesunloaded="0" quiescems="0.000" setupms="0.002" scanms="0.000" postms="0.000" />
</gc-op>
<gc-end id="570" type="partial gc" contextid="565" durationms="5.323" usertimems="4.000" systemtimems="0.000" timestamp="2019-06-16T05:50:28.132" activeThreads="1">
  <mem-info id="571" free="69206016" total="115343360" percent="60">
    <mem type="eden" free="308976" total="1048576" percent="29" />
    <arraylet-primitive objects="2" leaves="2" largest="1" />
    <remembered-set count="24416" freebytes="4506496" totalbytes="4604160" percent="97" regionsoverflowed="0" regionsstable="2" regionsrebuilding="0"/>
  </mem-info>
</gc-end>
<cycle-end id="572" type="partial gc" contextid="565" timestamp="2019-06-16T05:50:28.132" />
  <attribute name="elasticGC enabled" value="1" />
  <attribute name= "numThreadsSpecified" value="1" />
  <attribute name="heapSize specified" value="0" />
  <attribute name="Current GC Util" value="47" />
  <attribute name= "Current Time Running" value="1683" />
  <attribute name ="GC Interval" value="0" />
  <attribute name="ProportionalT" value="40.500000" />
  <attribute name="ProportionalI" value="40.500000" />
  <attribute name="ProportionalH" value="40.500000" />
  <attribute name="Current Error" value="27.000000" />
  <attribute name="IntegralT" value="0.000000" />
  <attribute name="IntegralI" value="0.000000" />
  <attribute name="IntegralH" value="0.000000" />
  <attribute name="DerivativeT" value="inf" />
  <attribute name="DerivativeI" value="inf" />
  <attribute name="DerivativeH" value="inf" />
  <attribute name="Loop Time for DT" value="0.000000" />
  <attribute name="Output H" value="8388608"/>
  <attribute name="Output I" value="200"/>
  <attribute name="Output T" value="1"/>
  <attribute name="Target GC Util Change" value ="20.000000" />
  <attribute name="Current GC Util Change" value="47.000000"/>
  <attribute name="GC Util currently" value="47" />
  <attribute name="CPU Util currently" value="14499102426623" />
<exclusive-end id="573" timestamp="2019-06-16T05:50:28.132" durationms="6.466" />

<exclusive-start id="574" timestamp="2019-06-16T05:50:28.162" intervalms="36.443">
  <response-info timems="0.032" idlems="0.032" threads="0" lastid="000000000283B500" lastname="Thread-9" />
</exclusive-start>
<allocation-taxation id="575" taxation-threshold="35651584" timestamp="2019-06-16T05:50:28.163" intervalms="36.435" />
<cycle-start id="576" type="partial gc" contextid="0" timestamp="2019-06-16T05:50:28.163" intervalms="36.462" />
<gc-start id="577" type="partial gc" contextid="576" timestamp="2019-06-16T05:50:28.163">
  <mem-info id="578" free="33554432" total="115343360" percent="29">
    <mem type="eden" free="0" total="35651584" percent="0" />
    <arraylet-primitive objects="2" leaves="2" largest="1" />
    <remembered-set count="24224" freebytes="4507264" totalbytes="4604160" percent="97" regionsoverflowed="0" regionsstable="2" regionsrebuilding="0"/>
  </mem-info>
</gc-start>
<allocation-stats totalBytes="35647096" >
  <allocated-bytes non-tlh="0" tlh="35647096" arrayletleaf="0"/>
  <largest-consumer threadName="Thread-7" threadId="0000000002837900" bytes="12069376" />
</allocation-stats>
<gc-op id="579" type="copy forward" timems="3.282" contextid="576" timestamp="2019-06-16T05:50:28.167">
  <memory-copied type="eden" objects="15587" bytes="650184" bytesdiscarded="0" />
  <memory-copied type="other" objects="15868" bytes="655584" bytesdiscarded="0" />
  <memory-cardclean objects="2725" bytes="136288" />
  <regions eden="34" other="3" />
  <remembered-set-cleared processed="19874" cleared="661" durationms="0.248" />
  <stringconstants candidates="4597" cleared="0"  />
</gc-op>
<gc-op id="580" type="classunload" timems="0.003" contextid="576" timestamp="2019-06-16T05:50:28.167">
  <classunload-info classloadercandidates="8" classloadersunloaded="0" classesunloaded="0" anonymousclassesunloaded="0" quiescems="0.000" setupms="0.002" scanms="0.000" postms="0.000" />
</gc-op>
<heap-resize id="581" type="expand" space="default" amount="3145728" count="1" timems="0.072" reason="excessive time being spent in gc" timestamp="2019-06-16T05:50:28.167" />
<gc-end id="582" type="partial gc" contextid="576" durationms="4.532" usertimems="8.000" systemtimems="0.000" timestamp="2019-06-16T05:50:28.168" activeThreads="1">
  <mem-info id="583" free="71303168" total="118489088" percent="60">
    <mem type="eden" free="398392" total="1048576" percent="37" />
    <arraylet-primitive objects="2" leaves="2" largest="1" />
    <remembered-set count="25216" freebytes="4628864" totalbytes="4729728" percent="97" regionsoverflowed="0" regionsstable="2" regionsrebuilding="0"/>
  </mem-info>
</gc-end>
<cycle-end id="584" type="partial gc" contextid="576" timestamp="2019-06-16T05:50:28.168" />
  <attribute name="elasticGC enabled" value="1" />
  <attribute name= "numThreadsSpecified" value="1" />
  <attribute name="heapSize specified" value="0" />
  <attribute name="Current GC Util" value="69" />
  <attribute name= "Current Time Running" value="1719" />
  <attribute name ="GC Interval" value="0" />
  <attribute name="ProportionalT" value="73.500000" />
  <attribute name="ProportionalI" value="73.500000" />
  <attribute name="ProportionalH" value="73.500000" />
  <attribute name="Current Error" value="49.000000" />
  <attribute name="IntegralT" value="0.000000" />
  <attribute name="IntegralI" value="0.000000" />
  <attribute name="IntegralH" value="0.000000" />
  <attribute name="DerivativeT" value="inf" />
  <attribute name="DerivativeI" value="inf" />
  <attribute name="DerivativeH" value="inf" />
  <attribute name="Loop Time for DT" value="0.000000" />
  <attribute name="Output H" value="8388608"/>
  <attribute name="Output I" value="200"/>
  <attribute name="Output T" value="1"/>
  <attribute name="Target GC Util Change" value ="20.000000" />
  <attribute name="Current GC Util Change" value="69.000000"/>
  <attribute name="GC Util currently" value="69" />
  <attribute name="CPU Util currently" value="21363651577350" />
<exclusive-end id="585" timestamp="2019-06-16T05:50:28.168" durationms="5.526" />

<exclusive-start id="586" timestamp="2019-06-16T05:50:28.198" intervalms="35.470">
  <response-info timems="0.034" idlems="0.034" threads="0" lastid="0000000002837900" lastname="Thread-7" />
</exclusive-start>
<allocation-taxation id="587" taxation-threshold="35651584" timestamp="2019-06-16T05:50:28.198" intervalms="35.470" />
<cycle-start id="588" type="partial gc" contextid="0" timestamp="2019-06-16T05:50:28.198" intervalms="35.452" />
<gc-start id="589" type="partial gc" contextid="588" timestamp="2019-06-16T05:50:28.198">
  <mem-info id="590" free="35651584" total="118489088" percent="30">
    <mem type="eden" free="0" total="35651584" percent="0" />
    <arraylet-primitive objects="2" leaves="2" largest="1" />
    <remembered-set count="25152" freebytes="4629120" totalbytes="4729728" percent="97" regionsoverflowed="0" regionsstable="2" regionsrebuilding="0"/>
  </mem-info>
</gc-start>
<allocation-stats totalBytes="35647584" >
  <allocated-bytes non-tlh="0" tlh="35647584" arrayletleaf="0"/>
  <largest-consumer threadName="Thread-7" threadId="0000000002837900" bytes="12233440" />
</allocation-stats>
<gc-op id="591" type="copy forward" timems="2.722" contextid="588" timestamp="2019-06-16T05:50:28.202">
  <memory-copied type="eden" objects="13941" bytes="473048" bytesdiscarded="58768" />
  <memory-copied type="other" objects="18390" bytes="716112" bytesdiscarded="7464" />
  <memory-cardclean objects="8134" bytes="433576" />
  <regions eden="34" other="2" />
  <remembered-set-cleared processed="20291" cleared="479" durationms="0.135" />
  <stringconstants candidates="4597" cleared="0"  />
</gc-op>
<gc-op id="592" type="classunload" timems="0.003" contextid="588" timestamp="2019-06-16T05:50:28.202">
  <classunload-info classloadercandidates="8" classloadersunloaded="0" classesunloaded="0" anonymousclassesunloaded="0" quiescems="0.000" setupms="0.003" scanms="0.000" postms="0.000" />
</gc-op>
<heap-resize id="593" type="expand" space="default" amount="2097152" count="1" timems="0.063" reason="excessive time being spent in gc" timestamp="2019-06-16T05:50:28.202" />
<gc-end id="594" type="partial gc" contextid="588" durationms="3.981" usertimems="8.000" systemtimems="0.000" timestamp="2019-06-16T05:50:28.202" activeThreads="4">
  <mem-info id="595" free="72351744" total="120586240" percent="60">
    <mem type="eden" free="516760" total="1048576" percent="49" />
    <arraylet-primitive objects="2" leaves="2" largest="1" />
    <remembered-set count="24992" freebytes="4713472" totalbytes="4813440" percent="97" regionsoverflowed="0" regionsstable="2" regionsrebuilding="0"/>
  </mem-info>
</gc-end>
<cycle-end id="596" type="partial gc" contextid="588" timestamp="2019-06-16T05:50:28.203" />
  <attribute name="elasticGC enabled" value="1" />
  <attribute name= "numThreadsSpecified" value="4" />
  <attribute name="heapSize specified" value="0" />
  <attribute name="Current GC Util" value="63" />
  <attribute name= "Current Time Running" value="1755" />
  <attribute name ="GC Interval" value="0" />
  <attribute name="ProportionalT" value="64.500000" />
  <attribute name="ProportionalI" value="64.500000" />
  <attribute name="ProportionalH" value="64.500000" />
  <attribute name="Current Error" value="43.000000" />
  <attribute name="IntegralT" value="43.000000" />
  <attribute name="IntegralI" value="43.000000" />
  <attribute name="IntegralH" value="43.000000" />
  <attribute name="DerivativeT" value="43.000000" />
  <attribute name="DerivativeI" value="43.000000" />
  <attribute name="DerivativeH" value="43.000000" />
  <attribute name="Loop Time for DT" value="1.000000" />
  <attribute name="Output H" value="8388608"/>
  <attribute name="Output I" value="200"/>
  <attribute name="Output T" value="4"/>
  <attribute name="Target GC Util Change" value ="20.000000" />
  <attribute name="Current GC Util Change" value="63.000000"/>
  <attribute name="GC Util currently" value="63" />
  <attribute name="CPU Util currently" value="18344017546879" />
<exclusive-end id="597" timestamp="2019-06-16T05:50:28.203" durationms="4.971" />

<exclusive-start id="598" timestamp="2019-06-16T05:50:28.231" intervalms="33.478">
  <response-info timems="0.041" idlems="0.022" threads="1" lastid="0000000002833D00" lastname="Thread-8" />
</exclusive-start>
<allocation-taxation id="599" taxation-threshold="36700160" timestamp="2019-06-16T05:50:28.231" intervalms="33.430" />
<cycle-start id="600" type="partial gc" contextid="0" timestamp="2019-06-16T05:50:28.232" intervalms="33.367" />
<gc-start id="601" type="partial gc" contextid="600" timestamp="2019-06-16T05:50:28.232">
  <mem-info id="602" free="35651584" total="120586240" percent="29">
    <mem type="eden" free="0" total="36700160" percent="0" />
    <arraylet-primitive objects="2" leaves="2" largest="1" />
    <remembered-set count="24608" freebytes="4715008" totalbytes="4813440" percent="97" regionsoverflowed="0" regionsstable="2" regionsrebuilding="0"/>
  </mem-info>
</gc-start>
<allocation-stats totalBytes="36695656" >
  <allocated-bytes non-tlh="0" tlh="36695656" arrayletleaf="0"/>
  <largest-consumer threadName="Thread-9" threadId="000000000283B500" bytes="12634624" />
</allocation-stats>
<gc-op id="603" type="copy forward" timems="3.448" contextid="600" timestamp="2019-06-16T05:50:28.236">
  <memory-copied type="eden" objects="16731" bytes="677624" bytesdiscarded="0" />
  <memory-copied type="other" objects="14897" bytes="494904" bytesdiscarded="0" />
  <memory-cardclean objects="9197" bytes="446920" />
  <regions eden="35" other="3" />
  <remembered-set-cleared processed="20610" cleared="801" durationms="0.248" />
  <stringconstants candidates="4597" cleared="0"  />
</gc-op>
<gc-op id="604" type="classunload" timems="0.002" contextid="600" timestamp="2019-06-16T05:50:28.236">
  <classunload-info classloadercandidates="8" classloadersunloaded="0" classesunloaded="0" anonymousclassesunloaded="0" quiescems="0.000" setupms="0.002" scanms="0.000" postms="0.000" />
</gc-op>
<heap-resize id="605" type="expand" space="default" amount="3145728" count="1" timems="0.067" reason="excessive time being spent in gc" timestamp="2019-06-16T05:50:28.236" />
<gc-end id="606" type="partial gc" contextid="600" durationms="4.693" usertimems="4.000" systemtimems="0.000" timestamp="2019-06-16T05:50:28.237" activeThreads="1">
  <mem-info id="607" free="74448896" total="123731968" percent="60">
    <mem type="eden" free="370952" total="1048576" percent="35" />
    <arraylet-primitive objects="2" leaves="2" largest="1" />
    <remembered-set count="24800" freebytes="4839808" totalbytes="4939008" percent="97" regionsoverflowed="0" regionsstable="2" regionsrebuilding="0"/>
  </mem-info>
</gc-end>
<cycle-end id="608" type="partial gc" contextid="600" timestamp="2019-06-16T05:50:28.237" />
  <attribute name="elasticGC enabled" value="1" />
  <attribute name= "numThreadsSpecified" value="1" />
  <attribute name="heapSize specified" value="0" />
  <attribute name="Current GC Util" value="46" />
  <attribute name= "Current Time Running" value="1788" />
  <attribute name ="GC Interval" value="0" />
  <attribute name="ProportionalT" value="39.000000" />
  <attribute name="ProportionalI" value="39.000000" />
  <attribute name="ProportionalH" value="39.000000" />
  <attribute name="Current Error" value="26.000000" />
  <attribute name="IntegralT" value="0.000000" />
  <attribute name="IntegralI" value="0.000000" />
  <attribute name="IntegralH" value="0.000000" />
  <attribute name="DerivativeT" value="inf" />
  <attribute name="DerivativeI" value="inf" />
  <attribute name="DerivativeH" value="inf" />
  <attribute name="Loop Time for DT" value="0.000000" />
  <attribute name="Output H" value="8388608"/>
  <attribute name="Output I" value="200"/>
  <attribute name="Output T" value="1"/>
  <attribute name="Target GC Util Change" value ="20.000000" />
  <attribute name="Current GC Util Change" value="46.000000"/>
  <attribute name="GC Util currently" value="46" />
  <attribute name="CPU Util currently" value="17766158061494" />
<exclusive-end id="609" timestamp="2019-06-16T05:50:28.237" durationms="5.657" />

<exclusive-start id="610" timestamp="2019-06-16T05:50:28.271" intervalms="39.366">
  <response-info timems="0.037" idlems="0.020" threads="1" lastid="0000000002837900" lastname="Thread-7" />
</exclusive-start>
<allocation-taxation id="611" taxation-threshold="37748736" timestamp="2019-06-16T05:50:28.271" intervalms="39.382" />
<cycle-start id="612" type="partial gc" contextid="0" timestamp="2019-06-16T05:50:28.271" intervalms="39.477" />
<gc-start id="613" type="partial gc" contextid="612" timestamp="2019-06-16T05:50:28.271">
  <mem-info id="614" free="36700160" total="123731968" percent="29">
    <mem type="eden" free="0" total="37748736" percent="0" />
    <arraylet-primitive objects="2" leaves="2" largest="1" />
    <remembered-set count="24672" freebytes="4840320" totalbytes="4939008" percent="98" regionsoverflowed="0" regionsstable="2" regionsrebuilding="0"/>
  </mem-info>
</gc-start>
<allocation-stats totalBytes="37743864" >
  <allocated-bytes non-tlh="0" tlh="37743864" arrayletleaf="0"/>
  <largest-consumer threadName="Thread-9" threadId="000000000283B500" bytes="12794112" />
</allocation-stats>
<gc-op id="615" type="copy forward" timems="2.337" contextid="612" timestamp="2019-06-16T05:50:28.274">
  <memory-copied type="eden" objects="20995" bytes="780200" bytesdiscarded="80352" />
  <memory-copied type="other" objects="11213" bytes="406488" bytesdiscarded="8040" />
  <memory-cardclean objects="8635" bytes="443008" />
  <regions eden="36" other="2" />
  <remembered-set-cleared processed="21365" cleared="795" durationms="0.150" />
  <stringconstants candidates="4597" cleared="0"  />
</gc-op>
<gc-op id="616" type="classunload" timems="0.003" contextid="612" timestamp="2019-06-16T05:50:28.275">
  <classunload-info classloadercandidates="8" classloadersunloaded="0" classesunloaded="0" anonymousclassesunloaded="0" quiescems="0.000" setupms="0.003" scanms="0.000" postms="0.000" />
</gc-op>
<heap-resize id="617" type="expand" space="default" amount="2097152" count="1" timems="0.072" reason="excessive time being spent in gc" timestamp="2019-06-16T05:50:28.275" />
<gc-end id="618" type="partial gc" contextid="612" durationms="3.598" usertimems="0.000" systemtimems="4.000" timestamp="2019-06-16T05:50:28.275" activeThreads="4">
  <mem-info id="619" free="75497472" total="125829120" percent="60">
    <mem type="eden" free="188024" total="1048576" percent="17" />
    <arraylet-primitive objects="2" leaves="2" largest="1" />
    <remembered-set count="26784" freebytes="4915584" totalbytes="5022720" percent="97" regionsoverflowed="0" regionsstable="2" regionsrebuilding="0"/>
  </mem-info>
</gc-end>
<cycle-end id="620" type="partial gc" contextid="612" timestamp="2019-06-16T05:50:28.275" />
  <attribute name="elasticGC enabled" value="1" />
  <attribute name= "numThreadsSpecified" value="4" />
  <attribute name="heapSize specified" value="0" />
  <attribute name="Current GC Util" value="57" />
  <attribute name= "Current Time Running" value="1828" />
  <attribute name ="GC Interval" value="0" />
  <attribute name="ProportionalT" value="55.500000" />
  <attribute name="ProportionalI" value="55.500000" />
  <attribute name="ProportionalH" value="55.500000" />
  <attribute name="Current Error" value="37.000000" />
  <attribute name="IntegralT" value="37.000000" />
  <attribute name="IntegralI" value="37.000000" />
  <attribute name="IntegralH" value="37.000000" />
  <attribute name="DerivativeT" value="37.000000" />
  <attribute name="DerivativeI" value="37.000000" />
  <attribute name="DerivativeH" value="37.000000" />
  <attribute name="Loop Time for DT" value="1.000000" />
  <attribute name="Output H" value="8388608"/>
  <attribute name="Output I" value="200"/>
  <attribute name="Output T" value="4"/>
  <attribute name="Target GC Util Change" value ="20.000000" />
  <attribute name="Current GC Util Change" value="57.000000"/>
  <attribute name="GC Util currently" value="57" />
  <attribute name="CPU Util currently" value="18561603244934" />
<exclusive-end id="621" timestamp="2019-06-16T05:50:28.275" durationms="4.790" />

<exclusive-start id="622" timestamp="2019-06-16T05:50:28.315" intervalms="44.207">
  <response-info timems="0.380" idlems="0.380" threads="0" lastid="0000000002833D00" lastname="Thread-8" />
</exclusive-start>
<allocation-taxation id="623" taxation-threshold="37748736" timestamp="2019-06-16T05:50:28.315" intervalms="44.209" />
<cycle-start id="624" type="partial gc" contextid="0" timestamp="2019-06-16T05:50:28.315" intervalms="44.234" />
<gc-start id="625" type="partial gc" contextid="624" timestamp="2019-06-16T05:50:28.316">
  <mem-info id="626" free="37748736" total="125829120" percent="30">
    <mem type="eden" free="0" total="37748736" percent="0" />
    <arraylet-primitive objects="2" leaves="2" largest="1" />
    <remembered-set count="26464" freebytes="4916864" totalbytes="5022720" percent="97" regionsoverflowed="0" regionsstable="2" regionsrebuilding="0"/>
  </mem-info>
</gc-start>
<allocation-stats totalBytes="37743992" >
  <allocated-bytes non-tlh="0" tlh="37743992" arrayletleaf="0"/>
  <largest-consumer threadName="Thread-9" threadId="000000000283B500" bytes="13977808" />
</allocation-stats>
<gc-op id="627" type="copy forward" timems="3.150" contextid="624" timestamp="2019-06-16T05:50:28.319">
  <memory-copied type="eden" objects="13923" bytes="610136" bytesdiscarded="0" />
  <memory-copied type="other" objects="11528" bytes="414048" bytesdiscarded="0" />
  <memory-cardclean objects="6192" bytes="302704" />
  <regions eden="36" other="2" />
  <remembered-set-cleared processed="22126" cleared="830" durationms="0.297" />
  <stringconstants candidates="4597" cleared="0"  />
</gc-op>
<gc-op id="628" type="classunload" timems="0.002" contextid="624" timestamp="2019-06-16T05:50:28.320">
  <classunload-info classloadercandidates="8" classloadersunloaded="0" classesunloaded="0" anonymousclassesunloaded="0" quiescems="0.000" setupms="0.002" scanms="0.000" postms="0.000" />
</gc-op>
<gc-end id="629" type="partial gc" contextid="624" durationms="4.327" usertimems="8.000" systemtimems="0.000" timestamp="2019-06-16T05:50:28.320" activeThreads="1">
  <mem-info id="630" free="74448896" total="125829120" percent="59">
    <mem type="eden" free="438440" total="1048576" percent="41" />
    <arraylet-primitive objects="2" leaves="2" largest="1" />
    <remembered-set count="26464" freebytes="4916864" totalbytes="5022720" percent="97" regionsoverflowed="0" regionsstable="2" regionsrebuilding="0"/>
  </mem-info>
</gc-end>
<cycle-end id="631" type="partial gc" contextid="624" timestamp="2019-06-16T05:50:28.320" />
  <attribute name="elasticGC enabled" value="1" />
  <attribute name= "numThreadsSpecified" value="1" />
  <attribute name="heapSize specified" value="0" />
  <attribute name="Current GC Util" value="53" />
  <attribute name= "Current Time Running" value="1872" />
  <attribute name ="GC Interval" value="0" />
  <attribute name="ProportionalT" value="49.500000" />
  <attribute name="ProportionalI" value="49.500000" />
  <attribute name="ProportionalH" value="49.500000" />
  <attribute name="Current Error" value="33.000000" />
  <attribute name="IntegralT" value="0.000000" />
  <attribute name="IntegralI" value="0.000000" />
  <attribute name="IntegralH" value="0.000000" />
  <attribute name="DerivativeT" value="inf" />
  <attribute name="DerivativeI" value="inf" />
  <attribute name="DerivativeH" value="inf" />
  <attribute name="Loop Time for DT" value="0.000000" />
  <attribute name="Output H" value="8388608"/>
  <attribute name="Output I" value="200"/>
  <attribute name="Output T" value="1"/>
  <attribute name="Target GC Util Change" value ="20.000000" />
  <attribute name="Current GC Util Change" value="53.000000"/>
  <attribute name="GC Util currently" value="53" />
  <attribute name="CPU Util currently" value="17171006913748" />
<exclusive-end id="632" timestamp="2019-06-16T05:50:28.320" durationms="5.462" />

<exclusive-start id="633" timestamp="2019-06-16T05:50:28.363" intervalms="48.028">
  <response-info timems="0.035" idlems="0.035" threads="0" lastid="000000000283F100" lastname="Thread-10" />
</exclusive-start>
<allocation-taxation id="634" taxation-threshold="37748736" timestamp="2019-06-16T05:50:28.365" intervalms="50.391" />
<cycle-start id="635" type="partial gc" contextid="0" timestamp="2019-06-16T05:50:28.366" intervalms="50.374" />
<gc-start id="636" type="partial gc" contextid="635" timestamp="2019-06-16T05:50:28.366">
  <mem-info id="637" free="36700160" total="125829120" percent="29">
    <mem type="eden" free="0" total="37748736" percent="0" />
    <arraylet-primitive objects="2" leaves="2" largest="1" />
    <remembered-set count="26272" freebytes="4917632" totalbytes="5022720" percent="97" regionsoverflowed="0" regionsstable="2" regionsrebuilding="0"/>
  </mem-info>
</gc-start>
<allocation-stats totalBytes="37744360" >
  <allocated-bytes non-tlh="0" tlh="37744360" arrayletleaf="0"/>
  <largest-consumer threadName="Thread-9" threadId="000000000283B500" bytes="14747952" />
</allocation-stats>
<gc-op id="638" type="copy forward" timems="3.807" contextid="635" timestamp="2019-06-16T05:50:28.370">
  <memory-copied type="eden" objects="10605" bytes="393376" bytesdiscarded="0" />
  <memory-copied type="other" objects="22993" bytes="963960" bytesdiscarded="0" />
  <memory-cardclean objects="3844" bytes="193720" />
  <regions eden="36" other="2" />
  <remembered-set-cleared processed="22493" cleared="759" durationms="0.298" />
  <stringconstants candidates="4597" cleared="0"  />
</gc-op>
<gc-op id="639" type="classunload" timems="0.003" contextid="635" timestamp="2019-06-16T05:50:28.371">
  <classunload-info classloadercandidates="8" classloadersunloaded="0" classesunloaded="0" anonymousclassesunloaded="0" quiescems="0.000" setupms="0.003" scanms="0.000" postms="0.000" />
</gc-op>
<gc-end id="640" type="partial gc" contextid="635" durationms="4.936" usertimems="12.000" systemtimems="0.000" timestamp="2019-06-16T05:50:28.371" activeThreads="1">
  <mem-info id="641" free="73400320" total="125829120" percent="58">
    <mem type="eden" free="655200" total="1048576" percent="62" />
    <arraylet-primitive objects="2" leaves="2" largest="1" />
    <remembered-set count="27808" freebytes="4911488" totalbytes="5022720" percent="97" regionsoverflowed="0" regionsstable="2" regionsrebuilding="0"/>
  </mem-info>
</gc-end>
<cycle-end id="642" type="partial gc" contextid="635" timestamp="2019-06-16T05:50:28.371" />
  <attribute name="elasticGC enabled" value="1" />
  <attribute name= "numThreadsSpecified" value="1" />
  <attribute name="heapSize specified" value="0" />
  <attribute name="Current GC Util" value="54" />
  <attribute name= "Current Time Running" value="1922" />
  <attribute name ="GC Interval" value="0" />
  <attribute name="ProportionalT" value="51.000000" />
  <attribute name="ProportionalI" value="51.000000" />
  <attribute name="ProportionalH" value="51.000000" />
  <attribute name="Current Error" value="34.000000" />
  <attribute name="IntegralT" value="0.000000" />
  <attribute name="IntegralI" value="0.000000" />
  <attribute name="IntegralH" value="0.000000" />
  <attribute name="DerivativeT" value="inf" />
  <attribute name="DerivativeI" value="inf" />
  <attribute name="DerivativeH" value="inf" />
  <attribute name="Loop Time for DT" value="0.000000" />
  <attribute name="Output H" value="8388608"/>
  <attribute name="Output I" value="200"/>
  <attribute name="Output T" value="1"/>
  <attribute name="Target GC Util Change" value ="20.000000" />
  <attribute name="Current GC Util Change" value="54.000000"/>
  <attribute name="GC Util currently" value="54" />
  <attribute name="CPU Util currently" value="17448547535557" />
<exclusive-end id="643" timestamp="2019-06-16T05:50:28.371" durationms="8.394" />

<exclusive-start id="644" timestamp="2019-06-16T05:50:28.411" intervalms="48.387">
  <response-info timems="0.030" idlems="0.030" threads="0" lastid="000000000283F100" lastname="Thread-10" />
</exclusive-start>
<allocation-taxation id="645" taxation-threshold="37748736" timestamp="2019-06-16T05:50:28.411" intervalms="46.013" />
<cycle-start id="646" type="partial gc" contextid="0" timestamp="2019-06-16T05:50:28.412" intervalms="46.037" />
<gc-start id="647" type="partial gc" contextid="646" timestamp="2019-06-16T05:50:28.412">
  <mem-info id="648" free="35651584" total="125829120" percent="28">
    <mem type="eden" free="0" total="37748736" percent="0" />
    <arraylet-primitive objects="2" leaves="2" largest="1" />
    <remembered-set count="27552" freebytes="4912512" totalbytes="5022720" percent="97" regionsoverflowed="0" regionsstable="2" regionsrebuilding="0"/>
  </mem-info>
</gc-start>
<allocation-stats totalBytes="37744256" >
  <allocated-bytes non-tlh="0" tlh="37744256" arrayletleaf="0"/>
  <largest-consumer threadName="Thread-9" threadId="000000000283B500" bytes="10902288" />
</allocation-stats>
<gc-op id="649" type="copy forward" timems="4.119" contextid="646" timestamp="2019-06-16T05:50:28.417">
  <memory-copied type="eden" objects="13243" bytes="456576" bytesdiscarded="0" />
  <memory-copied type="other" objects="23980" bytes="987648" bytesdiscarded="0" />
  <memory-cardclean objects="4675" bytes="252880" />
  <regions eden="36" other="2" />
  <remembered-set-cleared processed="23100" cleared="799" durationms="0.302" />
  <stringconstants candidates="4597" cleared="0"  />
</gc-op>
<gc-op id="650" type="classunload" timems="0.003" contextid="646" timestamp="2019-06-16T05:50:28.417">
  <classunload-info classloadercandidates="8" classloadersunloaded="0" classesunloaded="0" anonymousclassesunloaded="0" quiescems="0.000" setupms="0.002" scanms="0.000" postms="0.000" />
</gc-op>
<gc-end id="651" type="partial gc" contextid="646" durationms="5.365" usertimems="8.000" systemtimems="0.000" timestamp="2019-06-16T05:50:28.417" activeThreads="1">
  <mem-info id="652" free="72351744" total="125829120" percent="57">
    <mem type="eden" free="592000" total="1048576" percent="56" />
    <arraylet-primitive objects="2" leaves="2" largest="1" />
    <remembered-set count="28896" freebytes="4907136" totalbytes="5022720" percent="97" regionsoverflowed="0" regionsstable="2" regionsrebuilding="0"/>
  </mem-info>
</gc-end>
<cycle-end id="653" type="partial gc" contextid="646" timestamp="2019-06-16T05:50:28.418" />
  <attribute name="elasticGC enabled" value="1" />
  <attribute name= "numThreadsSpecified" value="1" />
  <attribute name="heapSize specified" value="0" />
  <attribute name="Current GC Util" value="60" />
  <attribute name= "Current Time Running" value="1968" />
  <attribute name ="GC Interval" value="0" />
  <attribute name="ProportionalT" value="60.000000" />
  <attribute name="ProportionalI" value="60.000000" />
  <attribute name="ProportionalH" value="60.000000" />
  <attribute name="Current Error" value="40.000000" />
  <attribute name="IntegralT" value="0.000000" />
  <attribute name="IntegralI" value="0.000000" />
  <attribute name="IntegralH" value="0.000000" />
  <attribute name="DerivativeT" value="inf" />
  <attribute name="DerivativeI" value="inf" />
  <attribute name="DerivativeH" value="inf" />
  <attribute name="Loop Time for DT" value="0.000000" />
  <attribute name="Output H" value="8388608"/>
  <attribute name="Output I" value="200"/>
  <attribute name="Output T" value="1"/>
  <attribute name="Target GC Util Change" value ="20.000000" />
  <attribute name="Current GC Util Change" value="60.000000"/>
  <attribute name="GC Util currently" value="60" />
  <attribute name="CPU Util currently" value="16160714072612" />
<exclusive-end id="654" timestamp="2019-06-16T05:50:28.418" durationms="6.560" />

<exclusive-start id="655" timestamp="2019-06-16T05:50:28.458" intervalms="46.587">
  <response-info timems="0.035" idlems="0.035" threads="0" lastid="000000000283B500" lastname="Thread-9" />
</exclusive-start>
<allocation-taxation id="656" taxation-threshold="37748736" timestamp="2019-06-16T05:50:28.458" intervalms="46.585" />
<cycle-start id="657" type="partial gc" contextid="0" timestamp="2019-06-16T05:50:28.458" intervalms="46.535" />
<gc-start id="658" type="partial gc" contextid="657" timestamp="2019-06-16T05:50:28.458">
  <mem-info id="659" free="34603008" total="125829120" percent="27">
    <mem type="eden" free="0" total="37748736" percent="0" />
    <arraylet-primitive objects="2" leaves="2" largest="1" />
    <remembered-set count="28736" freebytes="4907776" totalbytes="5022720" percent="97" regionsoverflowed="0" regionsstable="2" regionsrebuilding="0"/>
  </mem-info>
</gc-start>
<allocation-stats totalBytes="37744272" >
  <allocated-bytes non-tlh="0" tlh="37744272" arrayletleaf="0"/>
  <largest-consumer threadName="Thread-10" threadId="000000000283F100" bytes="13593032" />
</allocation-stats>
<gc-op id="660" type="copy forward" timems="4.392" contextid="657" timestamp="2019-06-16T05:50:28.464">
  <memory-copied type="eden" objects="16411" bytes="669680" bytesdiscarded="0" />
  <memory-copied type="other" objects="23273" bytes="833304" bytesdiscarded="0" />
  <memory-cardclean objects="10643" bytes="566536" />
  <regions eden="36" other="2" />
  <remembered-set-cleared processed="23790" cleared="966" durationms="0.307" />
  <stringconstants candidates="4597" cleared="0"  />
</gc-op>
<gc-op id="661" type="classunload" timems="0.002" contextid="657" timestamp="2019-06-16T05:50:28.464">
  <classunload-info classloadercandidates="8" classloadersunloaded="0" classesunloaded="0" anonymousclassesunloaded="0" quiescems="0.000" setupms="0.002" scanms="0.000" postms="0.000" />
</gc-op>
<gc-end id="662" type="partial gc" contextid="657" durationms="5.641" usertimems="4.000" systemtimems="0.000" timestamp="2019-06-16T05:50:28.464" activeThreads="1">
  <mem-info id="663" free="71303168" total="125829120" percent="56">
    <mem type="eden" free="378896" total="1048576" percent="36" />
    <arraylet-primitive objects="2" leaves="2" largest="1" />
    <remembered-set count="29952" freebytes="4902912" totalbytes="5022720" percent="97" regionsoverflowed="0" regionsstable="2" regionsrebuilding="0"/>
  </mem-info>
</gc-end>
<cycle-end id="664" type="partial gc" contextid="657" timestamp="2019-06-16T05:50:28.464" />
  <attribute name="elasticGC enabled" value="1" />
  <attribute name= "numThreadsSpecified" value="1" />
  <attribute name="heapSize specified" value="0" />
  <attribute name="Current GC Util" value="59" />
  <attribute name= "Current Time Running" value="2015" />
  <attribute name ="GC Interval" value="0" />
  <attribute name="ProportionalT" value="58.500000" />
  <attribute name="ProportionalI" value="58.500000" />
  <attribute name="ProportionalH" value="58.500000" />
  <attribute name="Current Error" value="39.000000" />
  <attribute name="IntegralT" value="0.000000" />
  <attribute name="IntegralI" value="0.000000" />
  <attribute name="IntegralH" value="0.000000" />
  <attribute name="DerivativeT" value="inf" />
  <attribute name="DerivativeI" value="inf" />
  <attribute name="DerivativeH" value="inf" />
  <attribute name="Loop Time for DT" value="0.000000" />
  <attribute name="Output H" value="8388608"/>
  <attribute name="Output I" value="200"/>
  <attribute name="Output T" value="1"/>
  <attribute name="Target GC Util Change" value ="20.000000" />
  <attribute name="Current GC Util Change" value="59.000000"/>
  <attribute name="GC Util currently" value="59" />
  <attribute name="CPU Util currently" value="15543367365069" />
<exclusive-end id="665" timestamp="2019-06-16T05:50:28.464" durationms="6.582" />

<exclusive-start id="666" timestamp="2019-06-16T05:50:28.505" intervalms="46.697">
  <response-info timems="0.033" idlems="0.033" threads="0" lastid="000000000283F100" lastname="Thread-10" />
</exclusive-start>
<allocation-taxation id="667" taxation-threshold="37748736" timestamp="2019-06-16T05:50:28.505" intervalms="46.716" />
<cycle-start id="668" type="partial gc" contextid="0" timestamp="2019-06-16T05:50:28.505" intervalms="46.677" />
<gc-start id="669" type="partial gc" contextid="668" timestamp="2019-06-16T05:50:28.505">
  <mem-info id="670" free="33554432" total="125829120" percent="26">
    <mem type="eden" free="0" total="37748736" percent="0" />
    <arraylet-primitive objects="2" leaves="2" largest="1" />
    <remembered-set count="29600" freebytes="4904320" totalbytes="5022720" percent="97" regionsoverflowed="0" regionsstable="2" regionsrebuilding="0"/>
  </mem-info>
</gc-start>
<allocation-stats totalBytes="37744496" >
  <allocated-bytes non-tlh="0" tlh="37744496" arrayletleaf="0"/>
  <largest-consumer threadName="Thread-7" threadId="0000000002837900" bytes="13322896" />
</allocation-stats>
<gc-op id="671" type="copy forward" timems="4.126" contextid="668" timestamp="2019-06-16T05:50:28.510">
  <memory-copied type="eden" objects="5750" bytes="139408" bytesdiscarded="0" />
  <memory-copied type="other" objects="29189" bytes="1112664" bytesdiscarded="0" />
  <memory-cardclean objects="10068" bytes="515872" />
  <regions eden="36" other="2" />
  <remembered-set-cleared processed="24689" cleared="1105" durationms="0.321" />
  <stringconstants candidates="4597" cleared="0"  />
</gc-op>
<gc-op id="672" type="classunload" timems="0.003" contextid="668" timestamp="2019-06-16T05:50:28.510">
  <classunload-info classloadercandidates="8" classloadersunloaded="0" classesunloaded="0" anonymousclassesunloaded="0" quiescems="0.000" setupms="0.002" scanms="0.000" postms="0.000" />
</gc-op>
<heap-resize id="673" type="expand" space="default" amount="13631488" count="1" timems="0.134" reason="excessive time being spent in gc" timestamp="2019-06-16T05:50:28.510" />
<gc-end id="674" type="partial gc" contextid="668" durationms="5.413" usertimems="12.000" systemtimems="0.000" timestamp="2019-06-16T05:50:28.511" activeThreads="1">
  <mem-info id="675" free="83886080" total="139460608" percent="60">
    <mem type="eden" free="909168" total="1048576" percent="86" />
    <arraylet-primitive objects="2" leaves="2" largest="1" />
    <remembered-set count="30720" freebytes="5443968" totalbytes="5566848" percent="97" regionsoverflowed="0" regionsstable="2" regionsrebuilding="0"/>
  </mem-info>
</gc-end>
<cycle-end id="676" type="partial gc" contextid="668" timestamp="2019-06-16T05:50:28.511" />
  <attribute name="elasticGC enabled" value="1" />
  <attribute name= "numThreadsSpecified" value="1" />
  <attribute name="heapSize specified" value="0" />
  <attribute name="Current GC Util" value="65" />
  <attribute name= "Current Time Running" value="2061" />
  <attribute name ="GC Interval" value="0" />
  <attribute name="ProportionalT" value="67.500000" />
  <attribute name="ProportionalI" value="67.500000" />
  <attribute name="ProportionalH" value="67.500000" />
  <attribute name="Current Error" value="45.000000" />
  <attribute name="IntegralT" value="0.000000" />
  <attribute name="IntegralI" value="0.000000" />
  <attribute name="IntegralH" value="0.000000" />
  <attribute name="DerivativeT" value="inf" />
  <attribute name="DerivativeI" value="inf" />
  <attribute name="DerivativeH" value="inf" />
  <attribute name="Loop Time for DT" value="0.000000" />
  <attribute name="Output H" value="8388608"/>
  <attribute name="Output I" value="200"/>
  <attribute name="Output T" value="1"/>
  <attribute name="Target GC Util Change" value ="20.000000" />
  <attribute name="Current GC Util Change" value="65.000000"/>
  <attribute name="GC Util currently" value="65" />
  <attribute name="CPU Util currently" value="19400960902392" />
<exclusive-end id="677" timestamp="2019-06-16T05:50:28.511" durationms="6.393" />

<exclusive-start id="678" timestamp="2019-06-16T05:50:28.553" intervalms="48.574">
  <response-info timems="0.102" idlems="0.102" threads="0" lastid="000000000283B500" lastname="Thread-9" />
</exclusive-start>
<allocation-taxation id="679" taxation-threshold="40894464" timestamp="2019-06-16T05:50:28.553" intervalms="48.592" />
<cycle-start id="680" type="partial gc" contextid="0" timestamp="2019-06-16T05:50:28.553" intervalms="48.586" />
<gc-start id="681" type="partial gc" contextid="680" timestamp="2019-06-16T05:50:28.554">
  <mem-info id="682" free="42991616" total="139460608" percent="30">
    <mem type="eden" free="0" total="40894464" percent="0" />
    <arraylet-primitive objects="2" leaves="2" largest="1" />
    <remembered-set count="30720" freebytes="5443968" totalbytes="5566848" percent="97" regionsoverflowed="0" regionsstable="2" regionsrebuilding="0"/>
  </mem-info>
</gc-start>
<allocation-stats totalBytes="40889312" >
  <allocated-bytes non-tlh="0" tlh="40889312" arrayletleaf="0"/>
  <largest-consumer threadName="Thread-9" threadId="000000000283B500" bytes="13924568" />
</allocation-stats>
<gc-op id="683" type="copy forward" timems="4.162" contextid="680" timestamp="2019-06-16T05:50:28.559">
  <memory-copied type="eden" objects="11038" bytes="403488" bytesdiscarded="0" />
  <memory-copied type="other" objects="21684" bytes="795168" bytesdiscarded="0" />
  <memory-cardclean objects="8500" bytes="440176" />
  <regions eden="39" other="2" />
  <remembered-set-cleared processed="25803" cleared="1022" durationms="0.327" />
  <stringconstants candidates="4597" cleared="0"  />
</gc-op>
<gc-op id="684" type="classunload" timems="0.002" contextid="680" timestamp="2019-06-16T05:50:28.559">
  <classunload-info classloadercandidates="8" classloadersunloaded="0" classesunloaded="0" anonymousclassesunloaded="0" quiescems="0.000" setupms="0.002" scanms="0.000" postms="0.000" />
</gc-op>
<heap-resize id="685" type="expand" space="default" amount="2097152" count="1" timems="0.072" reason="excessive time being spent in gc" timestamp="2019-06-16T05:50:28.559" />
<gc-end id="686" type="partial gc" contextid="680" durationms="5.446" usertimems="8.000" systemtimems="0.000" timestamp="2019-06-16T05:50:28.559" activeThreads="1">
  <mem-info id="687" free="84934656" total="141557760" percent="60">
    <mem type="eden" free="645088" total="1048576" percent="61" />
    <arraylet-primitive objects="2" leaves="2" largest="1" />
    <remembered-set count="31936" freebytes="5522816" totalbytes="5650560" percent="97" regionsoverflowed="0" regionsstable="2" regionsrebuilding="0"/>
  </mem-info>
</gc-end>
<cycle-end id="688" type="partial gc" contextid="680" timestamp="2019-06-16T05:50:28.559" />
  <attribute name="elasticGC enabled" value="1" />
  <attribute name= "numThreadsSpecified" value="1" />
  <attribute name="heapSize specified" value="0" />
  <attribute name="Current GC Util" value="51" />
  <attribute name= "Current Time Running" value="2110" />
  <attribute name ="GC Interval" value="0" />
  <attribute name="ProportionalT" value="46.500000" />
  <attribute name="ProportionalI" value="46.500000" />
  <attribute name="ProportionalH" value="46.500000" />
  <attribute name="Current Error" value="31.000000" />
  <attribute name="IntegralT" value="0.000000" />
  <attribute name="IntegralI" value="0.000000" />
  <attribute name="IntegralH" value="0.000000" />
  <attribute name="DerivativeT" value="inf" />
  <attribute name="DerivativeI" value="inf" />
  <attribute name="DerivativeH" value="inf" />
  <attribute name="Loop Time for DT" value="0.000000" />
  <attribute name="Output H" value="8388608"/>
  <attribute name="Output I" value="200"/>
  <attribute name="Output T" value="1"/>
  <attribute name="Target GC Util Change" value ="20.000000" />
  <attribute name="Current GC Util Change" value="51.000000"/>
  <attribute name="GC Util currently" value="51" />
  <attribute name="CPU Util currently" value="16415608028271" />
<exclusive-end id="689" timestamp="2019-06-16T05:50:28.560" durationms="6.424" />

<exclusive-start id="690" timestamp="2019-06-16T05:50:28.586" intervalms="33.135">
  <response-info timems="0.030" idlems="0.030" threads="0" lastid="000000000283B500" lastname="Thread-9" />
</exclusive-start>
<allocation-taxation id="691" taxation-threshold="41943040" timestamp="2019-06-16T05:50:28.586" intervalms="33.108" />
<cycle-start id="692" type="partial gc" contextid="0" timestamp="2019-06-16T05:50:28.587" intervalms="33.152" />
<gc-start id="693" type="partial gc" contextid="692" timestamp="2019-06-16T05:50:28.587">
  <mem-info id="694" free="42991616" total="141557760" percent="30">
    <mem type="eden" free="0" total="41943040" percent="0" />
    <arraylet-primitive objects="2" leaves="2" largest="1" />
    <remembered-set count="31776" freebytes="5523456" totalbytes="5650560" percent="97" regionsoverflowed="0" regionsstable="2" regionsrebuilding="0"/>
  </mem-info>
</gc-start>
<allocation-stats totalBytes="41938272" >
  <allocated-bytes non-tlh="0" tlh="41938272" arrayletleaf="0"/>
  <largest-consumer threadName="Thread-7" threadId="0000000002837900" bytes="13203928" />
</allocation-stats>
<gc-op id="695" type="copy forward" timems="4.306" contextid="692" timestamp="2019-06-16T05:50:28.592">
  <memory-copied type="eden" objects="18997" bytes="731968" bytesdiscarded="0" />
  <memory-copied type="other" objects="16276" bytes="528000" bytesdiscarded="0" />
  <memory-cardclean objects="13501" bytes="698824" />
  <regions eden="40" other="2" />
  <remembered-set-cleared processed="26644" cleared="1045" durationms="0.327" />
  <stringconstants candidates="4597" cleared="0"  />
</gc-op>
<gc-op id="696" type="classunload" timems="0.002" contextid="692" timestamp="2019-06-16T05:50:28.592">
  <classunload-info classloadercandidates="8" classloadersunloaded="0" classesunloaded="0" anonymousclassesunloaded="0" quiescems="0.000" setupms="0.002" scanms="0.000" postms="0.000" />
</gc-op>
<heap-resize id="697" type="expand" space="default" amount="3145728" count="1" timems="0.079" reason="excessive time being spent in gc" timestamp="2019-06-16T05:50:28.592" />
<gc-end id="698" type="partial gc" contextid="692" durationms="5.531" usertimems="8.000" systemtimems="0.000" timestamp="2019-06-16T05:50:28.592" activeThreads="1">
  <mem-info id="699" free="87031808" total="144703488" percent="60">
    <mem type="eden" free="316608" total="1048576" percent="30" />
    <arraylet-primitive objects="2" leaves="2" largest="1" />
    <remembered-set count="33280" freebytes="5643008" totalbytes="5776128" percent="97" regionsoverflowed="0" regionsstable="2" regionsrebuilding="0"/>
  </mem-info>
</gc-end>
<cycle-end id="700" type="partial gc" contextid="692" timestamp="2019-06-16T05:50:28.593" />
  <attribute name="elasticGC enabled" value="1" />
  <attribute name= "numThreadsSpecified" value="1" />
  <attribute name="heapSize specified" value="0" />
  <attribute name="Current GC Util" value="56" />
  <attribute name= "Current Time Running" value="2143" />
  <attribute name ="GC Interval" value="0" />
  <attribute name="ProportionalT" value="54.000000" />
  <attribute name="ProportionalI" value="54.000000" />
  <attribute name="ProportionalH" value="54.000000" />
  <attribute name="Current Error" value="36.000000" />
  <attribute name="IntegralT" value="0.000000" />
  <attribute name="IntegralI" value="0.000000" />
  <attribute name="IntegralH" value="0.000000" />
  <attribute name="DerivativeT" value="inf" />
  <attribute name="DerivativeI" value="inf" />
  <attribute name="DerivativeH" value="inf" />
  <attribute name="Loop Time for DT" value="0.000000" />
  <attribute name="Output H" value="8388608"/>
  <attribute name="Output I" value="200"/>
  <attribute name="Output T" value="1"/>
  <attribute name="Target GC Util Change" value ="20.000000" />
  <attribute name="Current GC Util Change" value="56.000000"/>
  <attribute name="GC Util currently" value="56" />
  <attribute name="CPU Util currently" value="19094980436128" />
<exclusive-end id="701" timestamp="2019-06-16T05:50:28.593" durationms="6.414" />

<exclusive-start id="702" timestamp="2019-06-16T05:50:28.627" intervalms="41.211">
  <response-info timems="0.460" idlems="0.241" threads="1" lastid="0000000002833D00" lastname="Thread-8" />
</exclusive-start>
<allocation-taxation id="703" taxation-threshold="42991616" timestamp="2019-06-16T05:50:28.628" intervalms="41.219" />
<cycle-start id="704" type="partial gc" contextid="0" timestamp="2019-06-16T05:50:28.628" intervalms="41.215" />
<gc-start id="705" type="partial gc" contextid="704" timestamp="2019-06-16T05:50:28.628">
  <mem-info id="706" free="44040192" total="144703488" percent="30">
    <mem type="eden" free="0" total="42991616" percent="0" />
    <arraylet-primitive objects="2" leaves="2" largest="1" />
    <remembered-set count="32864" freebytes="5644672" totalbytes="5776128" percent="97" regionsoverflowed="0" regionsstable="2" regionsrebuilding="0"/>
  </mem-info>
</gc-start>
<allocation-stats totalBytes="42986360" >
  <allocated-bytes non-tlh="0" tlh="42986360" arrayletleaf="0"/>
  <largest-consumer threadName="Thread-9" threadId="000000000283B500" bytes="11459248" />
</allocation-stats>
<gc-op id="707" type="copy forward" timems="4.275" contextid="704" timestamp="2019-06-16T05:50:28.633">
  <memory-copied type="eden" objects="23876" bytes="986704" bytesdiscarded="0" />
  <memory-copied type="other" objects="14499" bytes="485352" bytesdiscarded="0" />
  <memory-cardclean objects="8712" bytes="435640" />
  <regions eden="41" other="2" />
  <remembered-set-cleared processed="27836" cleared="1344" durationms="0.348" />
  <stringconstants candidates="4597" cleared="0"  />
</gc-op>
<gc-op id="708" type="classunload" timems="0.002" contextid="704" timestamp="2019-06-16T05:50:28.633">
  <classunload-info classloadercandidates="8" classloadersunloaded="0" classesunloaded="0" anonymousclassesunloaded="0" quiescems="0.000" setupms="0.002" scanms="0.000" postms="0.000" />
</gc-op>
<heap-resize id="709" type="expand" space="default" amount="2097152" count="1" timems="0.072" reason="excessive time being spent in gc" timestamp="2019-06-16T05:50:28.634" />
<gc-end id="710" type="partial gc" contextid="704" durationms="5.667" usertimems="4.000" systemtimems="0.000" timestamp="2019-06-16T05:50:28.634" activeThreads="1">
  <mem-info id="711" free="88080384" total="146800640" percent="60">
    <mem type="eden" free="61872" total="1048576" percent="5" />
    <arraylet-primitive objects="2" leaves="2" largest="1" />
    <remembered-set count="33152" freebytes="5727232" totalbytes="5859840" percent="97" regionsoverflowed="0" regionsstable="2" regionsrebuilding="0"/>
  </mem-info>
</gc-end>
<cycle-end id="712" type="partial gc" contextid="704" timestamp="2019-06-16T05:50:28.634" />
  <attribute name="elasticGC enabled" value="1" />
  <attribute name= "numThreadsSpecified" value="1" />
  <attribute name="heapSize specified" value="0" />
  <attribute name="Current GC Util" value="57" />
  <attribute name= "Current Time Running" value="2184" />
  <attribute name ="GC Interval" value="0" />
  <attribute name="ProportionalT" value="55.500000" />
  <attribute name="ProportionalI" value="55.500000" />
  <attribute name="ProportionalH" value="55.500000" />
  <attribute name="Current Error" value="37.000000" />
  <attribute name="IntegralT" value="0.000000" />
  <attribute name="IntegralI" value="0.000000" />
  <attribute name="IntegralH" value="0.000000" />
  <attribute name="DerivativeT" value="inf" />
  <attribute name="DerivativeI" value="inf" />
  <attribute name="DerivativeH" value="inf" />
  <attribute name="Loop Time for DT" value="0.000000" />
  <attribute name="Output H" value="8388608"/>
  <attribute name="Output I" value="200"/>
  <attribute name="Output T" value="1"/>
  <attribute name="Target GC Util Change" value ="20.000000" />
  <attribute name="Current GC Util Change" value="57.000000"/>
  <attribute name="GC Util currently" value="57" />
  <attribute name="CPU Util currently" value="18488083394199" />
<exclusive-end id="713" timestamp="2019-06-16T05:50:28.634" durationms="6.712" />

<exclusive-start id="714" timestamp="2019-06-16T05:50:28.652" intervalms="24.817">
  <response-info timems="0.035" idlems="0.035" threads="0" lastid="000000000283B500" lastname="Thread-9" />
</exclusive-start>
<allocation-taxation id="715" taxation-threshold="42991616" timestamp="2019-06-16T05:50:28.652" intervalms="24.802" />
<cycle-start id="716" type="partial gc" contextid="0" timestamp="2019-06-16T05:50:28.653" intervalms="24.798" />
<gc-start id="717" type="partial gc" contextid="716" timestamp="2019-06-16T05:50:28.653">
  <mem-info id="718" free="45088768" total="146800640" percent="30">
    <mem type="eden" free="0" total="42991616" percent="0" />
    <arraylet-primitive objects="2" leaves="2" largest="1" />
    <remembered-set count="33088" freebytes="5727488" totalbytes="5859840" percent="97" regionsoverflowed="0" regionsstable="2" regionsrebuilding="0"/>
  </mem-info>
</gc-start>
<allocation-stats totalBytes="42986608" >
  <allocated-bytes non-tlh="0" tlh="42986608" arrayletleaf="0"/>
  <largest-consumer threadName="Thread-10" threadId="000000000283F100" bytes="11311960" />
</allocation-stats>
<gc-op id="719" type="copy forward" timems="3.481" contextid="716" timestamp="2019-06-16T05:50:28.657">
  <memory-copied type="eden" objects="15452" bytes="646896" bytesdiscarded="0" />
  <memory-copied type="other" objects="16190" bytes="663312" bytesdiscarded="0" />
  <memory-cardclean objects="3802" bytes="196096" />
  <regions eden="41" other="2" />
  <remembered-set-cleared processed="28624" cleared="1072" durationms="0.338" />
  <stringconstants candidates="4597" cleared="0"  />
</gc-op>
<gc-op id="720" type="classunload" timems="0.002" contextid="716" timestamp="2019-06-16T05:50:28.657">
  <classunload-info classloadercandidates="8" classloadersunloaded="0" classesunloaded="0" anonymousclassesunloaded="0" quiescems="0.000" setupms="0.002" scanms="0.000" postms="0.000" />
</gc-op>
<heap-resize id="721" type="expand" space="default" amount="3145728" count="1" timems="0.077" reason="excessive time being spent in gc" timestamp="2019-06-16T05:50:28.657" />
<gc-end id="722" type="partial gc" contextid="716" durationms="4.737" usertimems="4.000" systemtimems="0.000" timestamp="2019-06-16T05:50:28.658" activeThreads="1">
  <mem-info id="723" free="90177536" total="149946368" percent="60">
    <mem type="eden" free="401680" total="1048576" percent="38" />
    <arraylet-primitive objects="2" leaves="2" largest="1" />
    <remembered-set count="33760" freebytes="5850368" totalbytes="5985408" percent="97" regionsoverflowed="0" regionsstable="2" regionsrebuilding="0"/>
  </mem-info>
</gc-end>
<cycle-end id="724" type="partial gc" contextid="716" timestamp="2019-06-16T05:50:28.658" />
  <attribute name="elasticGC enabled" value="1" />
  <attribute name= "numThreadsSpecified" value="1" />
  <attribute name="heapSize specified" value="0" />
  <attribute name="Current GC Util" value="71" />
  <attribute name= "Current Time Running" value="2209" />
  <attribute name ="GC Interval" value="0" />
  <attribute name="ProportionalT" value="76.500000" />
  <attribute name="ProportionalI" value="76.500000" />
  <attribute name="ProportionalH" value="76.500000" />
  <attribute name="Current Error" value="51.000000" />
  <attribute name="IntegralT" value="0.000000" />
  <attribute name="IntegralI" value="0.000000" />
  <attribute name="IntegralH" value="0.000000" />
  <attribute name="DerivativeT" value="inf" />
  <attribute name="DerivativeI" value="inf" />
  <attribute name="DerivativeH" value="inf" />
  <attribute name="Loop Time for DT" value="0.000000" />
  <attribute name="Output H" value="8388608"/>
  <attribute name="Output I" value="200"/>
  <attribute name="Output T" value="1"/>
  <attribute name="Target GC Util Change" value ="20.000000" />
  <attribute name="Current GC Util Change" value="71.000000"/>
  <attribute name="GC Util currently" value="71" />
  <attribute name="CPU Util currently" value="16484318848848" />
<exclusive-end id="725" timestamp="2019-06-16T05:50:28.658" durationms="5.509" />

<exclusive-start id="726" timestamp="2019-06-16T05:50:28.679" intervalms="26.785">
  <response-info timems="0.027" idlems="0.027" threads="0" lastid="000000000283F100" lastname="Thread-10" />
</exclusive-start>
<allocation-taxation id="727" taxation-threshold="44040192" timestamp="2019-06-16T05:50:28.679" intervalms="26.763" />
<cycle-start id="728" type="partial gc" contextid="0" timestamp="2019-06-16T05:50:28.679" intervalms="26.695" />
<gc-start id="729" type="partial gc" contextid="728" timestamp="2019-06-16T05:50:28.679">
  <mem-info id="730" free="46137344" total="149946368" percent="30">
    <mem type="eden" free="0" total="44040192" percent="0" />
    <arraylet-primitive objects="2" leaves="2" largest="1" />
    <remembered-set count="33408" freebytes="5851776" totalbytes="5985408" percent="97" regionsoverflowed="0" regionsstable="2" regionsrebuilding="0"/>
  </mem-info>
</gc-start>
<allocation-stats totalBytes="44034800" >
  <allocated-bytes non-tlh="0" tlh="44034800" arrayletleaf="0"/>
  <largest-consumer threadName="Thread-10" threadId="000000000283F100" bytes="12069424" />
</allocation-stats>
<gc-op id="731" type="copy forward" timems="3.182" contextid="728" timestamp="2019-06-16T05:50:28.683">
  <memory-copied type="eden" objects="21592" bytes="931320" bytesdiscarded="0" />
  <memory-copied type="other" objects="8749" bytes="347352" bytesdiscarded="0" />
  <memory-cardclean objects="1074" bytes="57040" />
  <regions eden="42" other="2" />
  <remembered-set-cleared processed="29009" cleared="664" durationms="0.308" />
  <stringconstants candidates="4597" cleared="0"  />
</gc-op>
<gc-op id="732" type="classunload" timems="0.002" contextid="728" timestamp="2019-06-16T05:50:28.683">
  <classunload-info classloadercandidates="8" classloadersunloaded="0" classesunloaded="0" anonymousclassesunloaded="0" quiescems="0.000" setupms="0.002" scanms="0.000" postms="0.000" />
</gc-op>
<heap-resize id="733" type="expand" space="default" amount="2097152" count="1" timems="0.062" reason="excessive time being spent in gc" timestamp="2019-06-16T05:50:28.684" />
<gc-end id="734" type="partial gc" contextid="728" durationms="4.183" usertimems="4.000" systemtimems="0.000" timestamp="2019-06-16T05:50:28.684" activeThreads="1">
  <mem-info id="735" free="91226112" total="152043520" percent="60">
    <mem type="eden" free="117256" total="1048576" percent="11" />
    <arraylet-primitive objects="2" leaves="2" largest="1" />
    <remembered-set count="33568" freebytes="5934848" totalbytes="6069120" percent="97" regionsoverflowed="0" regionsstable="2" regionsrebuilding="0"/>
  </mem-info>
</gc-end>
<cycle-end id="736" type="partial gc" contextid="728" timestamp="2019-06-16T05:50:28.684" />
  <attribute name="elasticGC enabled" value="1" />
  <attribute name= "numThreadsSpecified" value="1" />
  <attribute name="heapSize specified" value="0" />
  <attribute name="Current GC Util" value="83" />
  <attribute name= "Current Time Running" value="2235" />
  <attribute name ="GC Interval" value="0" />
  <attribute name="ProportionalT" value="94.500000" />
  <attribute name="ProportionalI" value="94.500000" />
  <attribute name="ProportionalH" value="94.500000" />
  <attribute name="Current Error" value="63.000000" />
  <attribute name="IntegralT" value="0.000000" />
  <attribute name="IntegralI" value="0.000000" />
  <attribute name="IntegralH" value="0.000000" />
  <attribute name="DerivativeT" value="inf" />
  <attribute name="DerivativeI" value="inf" />
  <attribute name="DerivativeH" value="inf" />
  <attribute name="Loop Time for DT" value="0.000000" />
  <attribute name="Output H" value="8388608"/>
  <attribute name="Output I" value="200"/>
  <attribute name="Output T" value="1"/>
  <attribute name="Target GC Util Change" value ="20.000000" />
  <attribute name="Current GC Util Change" value="83.000000"/>
  <attribute name="GC Util currently" value="83" />
  <attribute name="CPU Util currently" value="24528157229570" />
<exclusive-end id="737" timestamp="2019-06-16T05:50:28.684" durationms="4.942" />

<exclusive-start id="738" timestamp="2019-06-16T05:50:28.708" intervalms="29.112">
  <response-info timems="0.032" idlems="0.032" threads="0" lastid="000000000283F100" lastname="Thread-10" />
</exclusive-start>
<allocation-taxation id="739" taxation-threshold="44040192" timestamp="2019-06-16T05:50:28.708" intervalms="29.084" />
<cycle-start id="740" type="partial gc" contextid="0" timestamp="2019-06-16T05:50:28.708" intervalms="29.083" />
<gc-start id="741" type="partial gc" contextid="740" timestamp="2019-06-16T05:50:28.709">
  <mem-info id="742" free="47185920" total="152043520" percent="31">
    <mem type="eden" free="0" total="44040192" percent="0" />
    <arraylet-primitive objects="2" leaves="2" largest="1" />
    <remembered-set count="33184" freebytes="5936384" totalbytes="6069120" percent="97" regionsoverflowed="0" regionsstable="2" regionsrebuilding="0"/>
  </mem-info>
</gc-start>
<allocation-stats totalBytes="44034984" >
  <allocated-bytes non-tlh="0" tlh="44034984" arrayletleaf="0"/>
  <largest-consumer threadName="Thread-7" threadId="0000000002837900" bytes="13687336" />
</allocation-stats>
<gc-op id="743" type="copy forward" timems="3.242" contextid="740" timestamp="2019-06-16T05:50:28.713">
  <memory-copied type="eden" objects="19624" bytes="747200" bytesdiscarded="0" />
  <memory-copied type="other" objects="7501" bytes="317400" bytesdiscarded="0" />
  <memory-cardclean objects="3845" bytes="205000" />
  <regions eden="42" other="2" />
  <remembered-set-cleared processed="29095" cleared="450" durationms="0.348" />
  <stringconstants candidates="4597" cleared="0"  />
</gc-op>
<gc-op id="744" type="classunload" timems="0.002" contextid="740" timestamp="2019-06-16T05:50:28.713">
  <classunload-info classloadercandidates="8" classloadersunloaded="0" classesunloaded="0" anonymousclassesunloaded="0" quiescems="0.000" setupms="0.002" scanms="0.000" postms="0.000" />
</gc-op>
<heap-resize id="745" type="expand" space="default" amount="3145728" count="1" timems="0.078" reason="excessive time being spent in gc" timestamp="2019-06-16T05:50:28.713" />
<gc-end id="746" type="partial gc" contextid="740" durationms="4.470" usertimems="4.000" systemtimems="0.000" timestamp="2019-06-16T05:50:28.713" activeThreads="1">
  <mem-info id="747" free="93323264" total="155189248" percent="60">
    <mem type="eden" free="301376" total="1048576" percent="28" />
    <arraylet-primitive objects="2" leaves="2" largest="1" />
    <remembered-set count="34368" freebytes="6057216" totalbytes="6194688" percent="97" regionsoverflowed="0" regionsstable="2" regionsrebuilding="0"/>
  </mem-info>
</gc-end>
<cycle-end id="748" type="partial gc" contextid="740" timestamp="2019-06-16T05:50:28.713" />
  <attribute name="elasticGC enabled" value="1" />
  <attribute name= "numThreadsSpecified" value="1" />
  <attribute name="heapSize specified" value="0" />
  <attribute name="Current GC Util" value="53" />
  <attribute name= "Current Time Running" value="2265" />
  <attribute name ="GC Interval" value="0" />
  <attribute name="ProportionalT" value="49.500000" />
  <attribute name="ProportionalI" value="49.500000" />
  <attribute name="ProportionalH" value="49.500000" />
  <attribute name="Current Error" value="33.000000" />
  <attribute name="IntegralT" value="0.000000" />
  <attribute name="IntegralI" value="0.000000" />
  <attribute name="IntegralH" value="0.000000" />
  <attribute name="DerivativeT" value="inf" />
  <attribute name="DerivativeI" value="inf" />
  <attribute name="DerivativeH" value="inf" />
  <attribute name="Loop Time for DT" value="0.000000" />
  <attribute name="Output H" value="8388608"/>
  <attribute name="Output I" value="200"/>
  <attribute name="Output T" value="1"/>
  <attribute name="Target GC Util Change" value ="20.000000" />
  <attribute name="Current GC Util Change" value="53.000000"/>
  <attribute name="GC Util currently" value="53" />
  <attribute name="CPU Util currently" value="16838775672738" />
<exclusive-end id="749" timestamp="2019-06-16T05:50:28.714" durationms="5.363" />

<exclusive-start id="750" timestamp="2019-06-16T05:50:28.737" intervalms="28.818">
  <response-info timems="0.031" idlems="0.031" threads="0" lastid="000000000283F100" lastname="Thread-10" />
</exclusive-start>
<allocation-taxation id="751" taxation-threshold="45088768" timestamp="2019-06-16T05:50:28.737" intervalms="28.871" />
<cycle-start id="752" type="partial gc" contextid="0" timestamp="2019-06-16T05:50:28.737" intervalms="28.937" />
<gc-start id="753" type="partial gc" contextid="752" timestamp="2019-06-16T05:50:28.738">
  <mem-info id="754" free="48234496" total="155189248" percent="31">
    <mem type="eden" free="0" total="45088768" percent="0" />
    <arraylet-primitive objects="2" leaves="2" largest="1" />
    <remembered-set count="33984" freebytes="6058752" totalbytes="6194688" percent="97" regionsoverflowed="0" regionsstable="2" regionsrebuilding="0"/>
  </mem-info>
</gc-start>
<allocation-stats totalBytes="45083320" >
  <allocated-bytes non-tlh="0" tlh="45083320" arrayletleaf="0"/>
  <largest-consumer threadName="Thread-7" threadId="0000000002837900" bytes="11745760" />
</allocation-stats>
<gc-op id="755" type="copy forward" timems="3.598" contextid="752" timestamp="2019-06-16T05:50:28.742">
  <memory-copied type="eden" objects="31335" bytes="1302632" bytesdiscarded="0" />
  <memory-copied type="other" objects="1716" bytes="41184" bytesdiscarded="0" />
  <memory-cardclean objects="3012" bytes="149728" />
  <regions eden="43" other="2" />
  <remembered-set-cleared processed="29483" cleared="561" durationms="0.340" />
  <stringconstants candidates="4597" cleared="0"  />
</gc-op>
<gc-op id="756" type="classunload" timems="0.003" contextid="752" timestamp="2019-06-16T05:50:28.742">
  <classunload-info classloadercandidates="8" classloadersunloaded="0" classesunloaded="0" anonymousclassesunloaded="0" quiescems="0.000" setupms="0.002" scanms="0.000" postms="0.000" />
</gc-op>
<heap-resize id="757" type="expand" space="default" amount="5242880" count="1" timems="0.090" reason="excessive time being spent in gc" timestamp="2019-06-16T05:50:28.742" />
<gc-end id="758" type="partial gc" contextid="752" durationms="4.899" usertimems="4.000" systemtimems="0.000" timestamp="2019-06-16T05:50:28.742" activeThreads="1">
  <mem-info id="759" free="96468992" total="160432128" percent="60">
    <mem type="eden" free="794520" total="2097152" percent="37" />
    <arraylet-primitive objects="2" leaves="2" largest="1" />
    <remembered-set count="34688" freebytes="6265216" totalbytes="6403968" percent="97" regionsoverflowed="0" regionsstable="2" regionsrebuilding="0"/>
  </mem-info>
</gc-end>
<cycle-end id="760" type="partial gc" contextid="752" timestamp="2019-06-16T05:50:28.743" />
  <attribute name="elasticGC enabled" value="1" />
  <attribute name= "numThreadsSpecified" value="1" />
  <attribute name="heapSize specified" value="0" />
  <attribute name="Current GC Util" value="50" />
  <attribute name= "Current Time Running" value="2294" />
  <attribute name ="GC Interval" value="0" />
  <attribute name="ProportionalT" value="45.000000" />
  <attribute name="ProportionalI" value="45.000000" />
  <attribute name="ProportionalH" value="45.000000" />
  <attribute name="Current Error" value="30.000000" />
  <attribute name="IntegralT" value="0.000000" />
  <attribute name="IntegralI" value="0.000000" />
  <attribute name="IntegralH" value="0.000000" />
  <attribute name="DerivativeT" value="inf" />
  <attribute name="DerivativeI" value="inf" />
  <attribute name="DerivativeH" value="inf" />
  <attribute name="Loop Time for DT" value="0.000000" />
  <attribute name="Output H" value="8388608"/>
  <attribute name="Output I" value="200"/>
  <attribute name="Output T" value="1"/>
  <attribute name="Target GC Util Change" value ="20.000000" />
  <attribute name="Current GC Util Change" value="50.000000"/>
  <attribute name="GC Util currently" value="50" />
  <attribute name="CPU Util currently" value="17561905015526" />
<exclusive-end id="761" timestamp="2019-06-16T05:50:28.743" durationms="5.859" />

<exclusive-start id="762" timestamp="2019-06-16T05:50:28.770" intervalms="32.560">
  <response-info timems="0.024" idlems="0.024" threads="0" lastid="0000000002833D00" lastname="Thread-8" />
</exclusive-start>
<allocation-taxation id="763" taxation-threshold="46137344" timestamp="2019-06-16T05:50:28.770" intervalms="32.590" />
<cycle-start id="764" type="partial gc" contextid="0" timestamp="2019-06-16T05:50:28.770" intervalms="32.632" />
<gc-start id="765" type="partial gc" contextid="764" timestamp="2019-06-16T05:50:28.770">
  <mem-info id="766" free="50331648" total="160432128" percent="31">
    <mem type="eden" free="0" total="46137344" percent="0" />
    <arraylet-primitive objects="2" leaves="2" largest="1" />
    <remembered-set count="34272" freebytes="6266880" totalbytes="6403968" percent="97" regionsoverflowed="0" regionsstable="2" regionsrebuilding="0"/>
  </mem-info>
</gc-start>
<allocation-stats totalBytes="46131952" >
  <allocated-bytes non-tlh="0" tlh="46131952" arrayletleaf="0"/>
  <largest-consumer threadName="Thread-8" threadId="0000000002833D00" bytes="12937648" />
</allocation-stats>
<gc-op id="767" type="copy forward" timems="3.550" contextid="764" timestamp="2019-06-16T05:50:28.775">
  <memory-copied type="eden" objects="15846" bytes="656336" bytesdiscarded="0" />
  <memory-copied type="other" objects="15728" bytes="652224" bytesdiscarded="0" />
  <memory-cardclean objects="1945" bytes="98848" />
  <regions eden="44" other="3" />
  <remembered-set-cleared processed="29707" cleared="595" durationms="0.331" />
  <stringconstants candidates="4597" cleared="0"  />
</gc-op>
<gc-op id="768" type="classunload" timems="0.002" contextid="764" timestamp="2019-06-16T05:50:28.775">
  <classunload-info classloadercandidates="8" classloadersunloaded="0" classesunloaded="0" anonymousclassesunloaded="0" quiescems="0.000" setupms="0.002" scanms="0.000" postms="0.000" />
</gc-op>
<gc-end id="769" type="partial gc" contextid="764" durationms="4.766" usertimems="4.000" systemtimems="0.000" timestamp="2019-06-16T05:50:28.775" activeThreads="1">
  <mem-info id="770" free="96468992" total="160432128" percent="60">
    <mem type="eden" free="392240" total="1048576" percent="37" />
    <arraylet-primitive objects="2" leaves="2" largest="1" />
    <remembered-set count="34880" freebytes="6264448" totalbytes="6403968" percent="97" regionsoverflowed="0" regionsstable="2" regionsrebuilding="0"/>
  </mem-info>
</gc-end>
<cycle-end id="771" type="partial gc" contextid="764" timestamp="2019-06-16T05:50:28.775" />
  <attribute name="elasticGC enabled" value="1" />
  <attribute name= "numThreadsSpecified" value="1" />
  <attribute name="heapSize specified" value="0" />
  <attribute name="Current GC Util" value="58" />
  <attribute name= "Current Time Running" value="2326" />
  <attribute name ="GC Interval" value="0" />
  <attribute name="ProportionalT" value="57.000000" />
  <attribute name="ProportionalI" value="57.000000" />
  <attribute name="ProportionalH" value="57.000000" />
  <attribute name="Current Error" value="38.000000" />
  <attribute name="IntegralT" value="0.000000" />
  <attribute name="IntegralI" value="0.000000" />
  <attribute name="IntegralH" value="0.000000" />
  <attribute name="DerivativeT" value="inf" />
  <attribute name="DerivativeI" value="inf" />
  <attribute name="DerivativeH" value="inf" />
  <attribute name="Loop Time for DT" value="0.000000" />
  <attribute name="Output H" value="8388608"/>
  <attribute name="Output I" value="200"/>
  <attribute name="Output T" value="1"/>
  <attribute name="Target GC Util Change" value ="20.000000" />
  <attribute name="Current GC Util Change" value="58.000000"/>
  <attribute name="GC Util currently" value="58" />
  <attribute name="CPU Util currently" value="20257790508843" />
<exclusive-end id="772" timestamp="2019-06-16T05:50:28.775" durationms="5.804" />

<exclusive-start id="773" timestamp="2019-06-16T05:50:28.803" intervalms="33.386">
  <response-info timems="0.022" idlems="0.022" threads="0" lastid="000000000283B500" lastname="Thread-9" />
</exclusive-start>
<allocation-taxation id="774" taxation-threshold="46137344" timestamp="2019-06-16T05:50:28.803" intervalms="33.334" />
<cycle-start id="775" type="partial gc" contextid="0" timestamp="2019-06-16T05:50:28.803" intervalms="33.298" />
<gc-start id="776" type="partial gc" contextid="775" timestamp="2019-06-16T05:50:28.803">
  <mem-info id="777" free="50331648" total="160432128" percent="31">
    <mem type="eden" free="0" total="46137344" percent="0" />
    <arraylet-primitive objects="2" leaves="2" largest="1" />
    <remembered-set count="34592" freebytes="6265600" totalbytes="6403968" percent="97" regionsoverflowed="0" regionsstable="2" regionsrebuilding="0"/>
  </mem-info>
</gc-start>
<allocation-stats totalBytes="46131808" >
  <allocated-bytes non-tlh="0" tlh="46131808" arrayletleaf="0"/>
  <largest-consumer threadName="Thread-8" threadId="0000000002833D00" bytes="13273384" />
</allocation-stats>
<gc-op id="778" type="copy forward" timems="2.095" contextid="775" timestamp="2019-06-16T05:50:28.806">
  <memory-copied type="eden" objects="11974" bytes="563712" bytesdiscarded="25592" />
  <memory-copied type="other" objects="13149" bytes="590328" bytesdiscarded="24600" />
  <memory-cardclean objects="1945" bytes="98848" />
  <regions eden="44" other="3" />
  <remembered-set-cleared processed="29925" cleared="813" durationms="0.169" />
  <stringconstants candidates="4597" cleared="0"  />
</gc-op>
<gc-op id="779" type="classunload" timems="0.002" contextid="775" timestamp="2019-06-16T05:50:28.806">
  <classunload-info classloadercandidates="8" classloadersunloaded="0" classesunloaded="0" anonymousclassesunloaded="0" quiescems="0.000" setupms="0.002" scanms="0.000" postms="0.000" />
</gc-op>
<heap-resize id="780" type="expand" space="default" amount="5242880" count="1" timems="0.082" reason="excessive time being spent in gc" timestamp="2019-06-16T05:50:28.806" />
<gc-end id="781" type="partial gc" contextid="775" durationms="3.070" usertimems="4.000" systemtimems="0.000" timestamp="2019-06-16T05:50:28.807" activeThreads="4">
  <mem-info id="782" free="99614720" total="165675008" percent="60">
    <mem type="eden" free="1507848" total="2097152" percent="71" />
    <arraylet-primitive objects="2" leaves="2" largest="1" />
    <remembered-set count="34080" freebytes="6476928" totalbytes="6613248" percent="97" regionsoverflowed="0" regionsstable="2" regionsrebuilding="0"/>
  </mem-info>
</gc-end>
<cycle-end id="783" type="partial gc" contextid="775" timestamp="2019-06-16T05:50:28.807" />
  <attribute name="elasticGC enabled" value="1" />
  <attribute name= "numThreadsSpecified" value="4" />
  <attribute name="heapSize specified" value="0" />
  <attribute name="Current GC Util" value="67" />
  <attribute name= "Current Time Running" value="2360" />
  <attribute name ="GC Interval" value="0" />
  <attribute name="ProportionalT" value="70.500000" />
  <attribute name="ProportionalI" value="70.500000" />
  <attribute name="ProportionalH" value="70.500000" />
  <attribute name="Current Error" value="47.000000" />
  <attribute name="IntegralT" value="47.000000" />
  <attribute name="IntegralI" value="47.000000" />
  <attribute name="IntegralH" value="47.000000" />
  <attribute name="DerivativeT" value="47.000000" />
  <attribute name="DerivativeI" value="47.000000" />
  <attribute name="DerivativeH" value="47.000000" />
  <attribute name="Loop Time for DT" value="1.000000" />
  <attribute name="Output H" value="8388608"/>
  <attribute name="Output I" value="200"/>
  <attribute name="Output T" value="4"/>
  <attribute name="Target GC Util Change" value ="20.000000" />
  <attribute name="Current GC Util Change" value="67.000000"/>
  <attribute name="GC Util currently" value="67" />
  <attribute name="CPU Util currently" value="21253478393544" />
<exclusive-end id="784" timestamp="2019-06-16T05:50:28.807" durationms="3.877" />

<exclusive-start id="785" timestamp="2019-06-16T05:50:28.836" intervalms="33.015">
  <response-info timems="0.022" idlems="0.022" threads="0" lastid="000000000283B500" lastname="Thread-9" />
</exclusive-start>
<allocation-taxation id="786" taxation-threshold="47185920" timestamp="2019-06-16T05:50:28.836" intervalms="33.021" />
<cycle-start id="787" type="partial gc" contextid="0" timestamp="2019-06-16T05:50:28.836" intervalms="32.996" />
<gc-start id="788" type="partial gc" contextid="787" timestamp="2019-06-16T05:50:28.836">
  <mem-info id="789" free="52428800" total="165675008" percent="31">
    <mem type="eden" free="0" total="47185920" percent="0" />
    <arraylet-primitive objects="2" leaves="2" largest="1" />
    <remembered-set count="33984" freebytes="6477312" totalbytes="6613248" percent="97" regionsoverflowed="0" regionsstable="2" regionsrebuilding="0"/>
  </mem-info>
</gc-start>
<allocation-stats totalBytes="47180064" >
  <allocated-bytes non-tlh="0" tlh="47180064" arrayletleaf="0"/>
  <largest-consumer threadName="Thread-8" threadId="0000000002833D00" bytes="12839480" />
</allocation-stats>
<gc-op id="790" type="copy forward" timems="3.324" contextid="787" timestamp="2019-06-16T05:50:28.840">
  <memory-copied type="eden" objects="4732" bytes="114944" bytesdiscarded="0" />
  <memory-copied type="other" objects="23870" bytes="1122384" bytesdiscarded="0" />
  <memory-cardclean objects="1047" bytes="55744" />
  <regions eden="45" other="4" />
  <remembered-set-cleared processed="29974" cleared="630" durationms="0.370" />
  <stringconstants candidates="4597" cleared="0"  />
</gc-op>
<gc-op id="791" type="classunload" timems="0.018" contextid="787" timestamp="2019-06-16T05:50:28.840">
  <classunload-info classloadercandidates="8" classloadersunloaded="0" classesunloaded="0" anonymousclassesunloaded="0" quiescems="0.000" setupms="0.017" scanms="0.000" postms="0.000" />
</gc-op>
<gc-end id="792" type="partial gc" contextid="787" durationms="4.211" usertimems="4.000" systemtimems="0.000" timestamp="2019-06-16T05:50:28.841" activeThreads="1">
  <mem-info id="793" free="99614720" total="165675008" percent="60">
    <mem type="eden" free="933632" total="1048576" percent="89" />
    <arraylet-primitive objects="2" leaves="2" largest="1" />
    <remembered-set count="35328" freebytes="6471936" totalbytes="6613248" percent="97" regionsoverflowed="0" regionsstable="2" regionsrebuilding="0"/>
  </mem-info>
</gc-end>
<cycle-end id="794" type="partial gc" contextid="787" timestamp="2019-06-16T05:50:28.841" />
  <attribute name="elasticGC enabled" value="1" />
  <attribute name= "numThreadsSpecified" value="1" />
  <attribute name="heapSize specified" value="0" />
  <attribute name="Current GC Util" value="47" />
  <attribute name= "Current Time Running" value="2392" />
  <attribute name ="GC Interval" value="0" />
  <attribute name="ProportionalT" value="40.500000" />
  <attribute name="ProportionalI" value="40.500000" />
  <attribute name="ProportionalH" value="40.500000" />
  <attribute name="Current Error" value="27.000000" />
  <attribute name="IntegralT" value="0.000000" />
  <attribute name="IntegralI" value="0.000000" />
  <attribute name="IntegralH" value="0.000000" />
  <attribute name="DerivativeT" value="inf" />
  <attribute name="DerivativeI" value="inf" />
  <attribute name="DerivativeH" value="inf" />
  <attribute name="Loop Time for DT" value="0.000000" />
  <attribute name="Output H" value="8388608"/>
  <attribute name="Output I" value="200"/>
  <attribute name="Output T" value="1"/>
  <attribute name="Target GC Util Change" value ="20.000000" />
  <attribute name="Current GC Util Change" value="47.000000"/>
  <attribute name="GC Util currently" value="47" />
  <attribute name="CPU Util currently" value="21574028981383" />
<exclusive-end id="795" timestamp="2019-06-16T05:50:28.841" durationms="5.002" />

<exclusive-start id="796" timestamp="2019-06-16T05:50:28.870" intervalms="33.991">
  <response-info timems="0.030" idlems="0.030" threads="0" lastid="0000000002837900" lastname="Thread-7" />
</exclusive-start>
<allocation-taxation id="797" taxation-threshold="47185920" timestamp="2019-06-16T05:50:28.870" intervalms="33.982" />
<cycle-start id="798" type="partial gc" contextid="0" timestamp="2019-06-16T05:50:28.870" intervalms="34.009" />
<gc-start id="799" type="partial gc" contextid="798" timestamp="2019-06-16T05:50:28.870">
  <mem-info id="800" free="52428800" total="165675008" percent="31">
    <mem type="eden" free="0" total="47185920" percent="0" />
    <arraylet-primitive objects="2" leaves="2" largest="1" />
    <remembered-set count="34944" freebytes="6473472" totalbytes="6613248" percent="97" regionsoverflowed="0" regionsstable="2" regionsrebuilding="0"/>
  </mem-info>
</gc-start>
<allocation-stats totalBytes="47180312" >
  <allocated-bytes non-tlh="0" tlh="47180312" arrayletleaf="0"/>
  <largest-consumer threadName="Thread-8" threadId="0000000002833D00" bytes="13343192" />
</allocation-stats>
<gc-op id="801" type="copy forward" timems="2.108" contextid="798" timestamp="2019-06-16T05:50:28.873">
  <memory-copied type="eden" objects="8212" bytes="335536" bytesdiscarded="20896" />
  <memory-copied type="other" objects="19922" bytes="890256" bytesdiscarded="31952" />
  <memory-cardclean objects="10" bytes="1912" />
  <regions eden="45" other="3" />
  <remembered-set-cleared processed="30471" cleared="827" durationms="0.171" />
  <stringconstants candidates="4597" cleared="0"  />
</gc-op>
<gc-op id="802" type="classunload" timems="0.002" contextid="798" timestamp="2019-06-16T05:50:28.873">
  <classunload-info classloadercandidates="8" classloadersunloaded="0" classesunloaded="0" anonymousclassesunloaded="0" quiescems="0.000" setupms="0.002" scanms="0.000" postms="0.000" />
</gc-op>
<heap-resize id="803" type="expand" space="default" amount="2097152" count="1" timems="0.075" reason="excessive time being spent in gc" timestamp="2019-06-16T05:50:28.873" />
<gc-end id="804" type="partial gc" contextid="798" durationms="3.146" usertimems="4.000" systemtimems="0.000" timestamp="2019-06-16T05:50:28.874" activeThreads="4">
  <mem-info id="805" free="100663296" total="167772160" percent="60">
    <mem type="eden" free="692144" total="1048576" percent="66" />
    <arraylet-primitive objects="2" leaves="2" largest="1" />
    <remembered-set count="35776" freebytes="6553856" totalbytes="6696960" percent="97" regionsoverflowed="0" regionsstable="2" regionsrebuilding="0"/>
  </mem-info>
</gc-end>
<cycle-end id="806" type="partial gc" contextid="798" timestamp="2019-06-16T05:50:28.874" />
  <attribute name="elasticGC enabled" value="1" />
  <attribute name= "numThreadsSpecified" value="4" />
  <attribute name="heapSize specified" value="0" />
  <attribute name="Current GC Util" value="72" />
  <attribute name= "Current Time Running" value="2427" />
  <attribute name ="GC Interval" value="0" />
  <attribute name="ProportionalT" value="78.000000" />
  <attribute name="ProportionalI" value="78.000000" />
  <attribute name="ProportionalH" value="78.000000" />
  <attribute name="Current Error" value="52.000000" />
  <attribute name="IntegralT" value="52.000000" />
  <attribute name="IntegralI" value="52.000000" />
  <attribute name="IntegralH" value="52.000000" />
  <attribute name="DerivativeT" value="52.000000" />
  <attribute name="DerivativeI" value="52.000000" />
  <attribute name="DerivativeH" value="52.000000" />
  <attribute name="Loop Time for DT" value="1.000000" />
  <attribute name="Output H" value="8388608"/>
  <attribute name="Output I" value="200"/>
  <attribute name="Output T" value="4"/>
  <attribute name="Target GC Util Change" value ="20.000000" />
  <attribute name="Current GC Util Change" value="72.000000"/>
  <attribute name="GC Util currently" value="72" />
  <attribute name="CPU Util currently" value="17066412585971" />
<exclusive-end id="807" timestamp="2019-06-16T05:50:28.874" durationms="3.930" />

<exclusive-start id="808" timestamp="2019-06-16T05:50:28.906" intervalms="35.566">
  <response-info timems="0.029" idlems="0.029" threads="0" lastid="0000000002837900" lastname="Thread-7" />
</exclusive-start>
<allocation-taxation id="809" taxation-threshold="48234496" timestamp="2019-06-16T05:50:28.906" intervalms="35.559" />
<cycle-start id="810" type="partial gc" contextid="0" timestamp="2019-06-16T05:50:28.906" intervalms="35.562" />
<gc-start id="811" type="partial gc" contextid="810" timestamp="2019-06-16T05:50:28.906">
  <mem-info id="812" free="52428800" total="167772160" percent="31">
    <mem type="eden" free="0" total="48234496" percent="0" />
    <arraylet-primitive objects="2" leaves="2" largest="1" />
    <remembered-set count="35424" freebytes="6555264" totalbytes="6696960" percent="97" regionsoverflowed="0" regionsstable="2" regionsrebuilding="0"/>
  </mem-info>
</gc-start>
<allocation-stats totalBytes="48228848" >
  <allocated-bytes non-tlh="0" tlh="48228848" arrayletleaf="0"/>
  <largest-consumer threadName="Thread-9" threadId="000000000283B500" bytes="13572744" />
</allocation-stats>
<gc-op id="813" type="copy forward" timems="2.658" contextid="810" timestamp="2019-06-16T05:50:28.910">
  <memory-copied type="eden" objects="3632" bytes="88336" bytesdiscarded="0" />
  <memory-copied type="other" objects="10768" bytes="395808" bytesdiscarded="0" />
  <memory-cardclean objects="10371" bytes="556240" />
  <regions eden="46" other="2" />
  <remembered-set-cleared processed="30832" cleared="847" durationms="0.348" />
  <stringconstants candidates="4597" cleared="0"  />
</gc-op>
<gc-op id="814" type="classunload" timems="0.002" contextid="810" timestamp="2019-06-16T05:50:28.910">
  <classunload-info classloadercandidates="8" classloadersunloaded="0" classesunloaded="0" anonymousclassesunloaded="0" quiescems="0.000" setupms="0.002" scanms="0.000" postms="0.000" />
</gc-op>
<gc-end id="815" type="partial gc" contextid="810" durationms="3.818" usertimems="4.000" systemtimems="0.000" timestamp="2019-06-16T05:50:28.910" activeThreads="1">
  <mem-info id="816" free="99614720" total="167772160" percent="59">
    <mem type="eden" free="960240" total="1048576" percent="91" />
    <arraylet-primitive objects="2" leaves="2" largest="1" />
    <remembered-set count="37152" freebytes="6548352" totalbytes="6696960" percent="97" regionsoverflowed="0" regionsstable="2" regionsrebuilding="0"/>
  </mem-info>
</gc-end>
<cycle-end id="817" type="partial gc" contextid="810" timestamp="2019-06-16T05:50:28.910" />
  <attribute name="elasticGC enabled" value="1" />
  <attribute name= "numThreadsSpecified" value="1" />
  <attribute name="heapSize specified" value="0" />
  <attribute name="Current GC Util" value="49" />
  <attribute name= "Current Time Running" value="2462" />
  <attribute name ="GC Interval" value="0" />
  <attribute name="ProportionalT" value="43.500000" />
  <attribute name="ProportionalI" value="43.500000" />
  <attribute name="ProportionalH" value="43.500000" />
  <attribute name="Current Error" value="29.000000" />
  <attribute name="IntegralT" value="0.000000" />
  <attribute name="IntegralI" value="0.000000" />
  <attribute name="IntegralH" value="0.000000" />
  <attribute name="DerivativeT" value="inf" />
  <attribute name="DerivativeI" value="inf" />
  <attribute name="DerivativeH" value="inf" />
  <attribute name="Loop Time for DT" value="0.000000" />
  <attribute name="Output H" value="8388608"/>
  <attribute name="Output I" value="200"/>
  <attribute name="Output T" value="1"/>
  <attribute name="Target GC Util Change" value ="20.000000" />
  <attribute name="Current GC Util Change" value="49.000000"/>
  <attribute name="GC Util currently" value="49" />
  <attribute name="CPU Util currently" value="21534739547512" />
<exclusive-end id="818" timestamp="2019-06-16T05:50:28.910" durationms="4.805" />

<exclusive-start id="819" timestamp="2019-06-16T05:50:28.941" intervalms="35.381">
  <response-info timems="0.036" idlems="0.034" threads="1" lastid="0000000002833D00" lastname="Thread-8" />
</exclusive-start>
<allocation-taxation id="820" taxation-threshold="48234496" timestamp="2019-06-16T05:50:28.941" intervalms="35.331" />
<cycle-start id="821" type="partial gc" contextid="0" timestamp="2019-06-16T05:50:28.941" intervalms="35.264" />
<gc-start id="822" type="partial gc" contextid="821" timestamp="2019-06-16T05:50:28.941">
  <mem-info id="823" free="51380224" total="167772160" percent="30">
    <mem type="eden" free="0" total="48234496" percent="0" />
    <arraylet-primitive objects="2" leaves="2" largest="1" />
    <remembered-set count="36800" freebytes="6549760" totalbytes="6696960" percent="97" regionsoverflowed="0" regionsstable="2" regionsrebuilding="0"/>
  </mem-info>
</gc-start>
<allocation-stats totalBytes="48228736" >
  <allocated-bytes non-tlh="0" tlh="48228736" arrayletleaf="0"/>
  <largest-consumer threadName="Thread-10" threadId="000000000283F100" bytes="13240840" />
</allocation-stats>
<gc-op id="824" type="copy forward" timems="2.979" contextid="821" timestamp="2019-06-16T05:50:28.945">
  <memory-copied type="eden" objects="8661" bytes="346064" bytesdiscarded="0" />
  <memory-copied type="other" objects="11417" bytes="411384" bytesdiscarded="0" />
  <memory-cardclean objects="9600" bytes="484960" />
  <regions eden="46" other="2" />
  <remembered-set-cleared processed="31601" cleared="1079" durationms="0.362" />
  <stringconstants candidates="4597" cleared="0"  />
</gc-op>
<gc-op id="825" type="classunload" timems="0.002" contextid="821" timestamp="2019-06-16T05:50:28.945">
  <classunload-info classloadercandidates="8" classloadersunloaded="0" classesunloaded="0" anonymousclassesunloaded="0" quiescems="0.000" setupms="0.002" scanms="0.000" postms="0.000" />
</gc-op>
<gc-end id="826" type="partial gc" contextid="821" durationms="3.818" usertimems="0.000" systemtimems="4.000" timestamp="2019-06-16T05:50:28.945" activeThreads="1">
  <mem-info id="827" free="98566144" total="167772160" percent="58">
    <mem type="eden" free="702512" total="1048576" percent="66" />
    <arraylet-primitive objects="2" leaves="2" largest="1" />
    <remembered-set count="37728" freebytes="6546048" totalbytes="6696960" percent="97" regionsoverflowed="0" regionsstable="2" regionsrebuilding="0"/>
  </mem-info>
</gc-end>
<cycle-end id="828" type="partial gc" contextid="821" timestamp="2019-06-16T05:50:28.945" />
  <attribute name="elasticGC enabled" value="1" />
  <attribute name= "numThreadsSpecified" value="1" />
  <attribute name="heapSize specified" value="0" />
  <attribute name="Current GC Util" value="58" />
  <attribute name= "Current Time Running" value="2497" />
  <attribute name ="GC Interval" value="0" />
  <attribute name="ProportionalT" value="57.000000" />
  <attribute name="ProportionalI" value="57.000000" />
  <attribute name="ProportionalH" value="57.000000" />
  <attribute name="Current Error" value="38.000000" />
  <attribute name="IntegralT" value="0.000000" />
  <attribute name="IntegralI" value="0.000000" />
  <attribute name="IntegralH" value="0.000000" />
  <attribute name="DerivativeT" value="inf" />
  <attribute name="DerivativeI" value="inf" />
  <attribute name="DerivativeH" value="inf" />
  <attribute name="Loop Time for DT" value="0.000000" />
  <attribute name="Output H" value="8388608"/>
  <attribute name="Output I" value="200"/>
  <attribute name="Output T" value="1"/>
  <attribute name="Target GC Util Change" value ="20.000000" />
  <attribute name="Current GC Util Change" value="58.000000"/>
  <attribute name="GC Util currently" value="58" />
  <attribute name="CPU Util currently" value="22080273909538" />
<exclusive-end id="829" timestamp="2019-06-16T05:50:28.945" durationms="4.519" />

<exclusive-start id="830" timestamp="2019-06-16T05:50:28.974" intervalms="32.936">
  <response-info timems="0.201" idlems="0.201" threads="0" lastid="0000000002837900" lastname="Thread-7" />
</exclusive-start>
<allocation-taxation id="831" taxation-threshold="48234496" timestamp="2019-06-16T05:50:28.974" intervalms="32.970" />
<cycle-start id="832" type="partial gc" contextid="0" timestamp="2019-06-16T05:50:28.974" intervalms="33.081" />
<gc-start id="833" type="partial gc" contextid="832" timestamp="2019-06-16T05:50:28.974">
  <mem-info id="834" free="50331648" total="167772160" percent="30">
    <mem type="eden" free="0" total="48234496" percent="0" />
    <arraylet-primitive objects="2" leaves="2" largest="1" />
    <remembered-set count="37568" freebytes="6546688" totalbytes="6696960" percent="97" regionsoverflowed="0" regionsstable="2" regionsrebuilding="0"/>
  </mem-info>
</gc-start>
<allocation-stats totalBytes="48228904" >
  <allocated-bytes non-tlh="0" tlh="48228904" arrayletleaf="0"/>
  <largest-consumer threadName="Thread-9" threadId="000000000283B500" bytes="13216248" />
</allocation-stats>
<gc-op id="835" type="copy forward" timems="3.451" contextid="832" timestamp="2019-06-16T05:50:28.979">
  <memory-copied type="eden" objects="14729" bytes="629832" bytesdiscarded="0" />
  <memory-copied type="other" objects="11912" bytes="423264" bytesdiscarded="0" />
  <memory-cardclean objects="9944" bytes="509104" />
  <regions eden="46" other="2" />
  <remembered-set-cleared processed="32301" cleared="1164" durationms="0.371" />
  <stringconstants candidates="4597" cleared="0"  />
</gc-op>
<gc-op id="836" type="classunload" timems="0.002" contextid="832" timestamp="2019-06-16T05:50:28.979">
  <classunload-info classloadercandidates="8" classloadersunloaded="0" classesunloaded="0" anonymousclassesunloaded="0" quiescems="0.000" setupms="0.002" scanms="0.000" postms="0.000" />
</gc-op>
<gc-end id="837" type="partial gc" contextid="832" durationms="4.727" usertimems="4.000" systemtimems="0.000" timestamp="2019-06-16T05:50:28.979" activeThreads="1">
  <mem-info id="838" free="97517568" total="167772160" percent="58">
    <mem type="eden" free="418744" total="1048576" percent="39" />
    <arraylet-primitive objects="2" leaves="2" largest="1" />
    <remembered-set count="38336" freebytes="6543616" totalbytes="6696960" percent="97" regionsoverflowed="0" regionsstable="2" regionsrebuilding="0"/>
  </mem-info>
</gc-end>
<cycle-end id="839" type="partial gc" contextid="832" timestamp="2019-06-16T05:50:28.979" />
  <attribute name="elasticGC enabled" value="1" />
  <attribute name= "numThreadsSpecified" value="1" />
  <attribute name="heapSize specified" value="0" />
  <attribute name="Current GC Util" value="54" />
  <attribute name= "Current Time Running" value="2531" />
  <attribute name ="GC Interval" value="0" />
  <attribute name="ProportionalT" value="51.000000" />
  <attribute name="ProportionalI" value="51.000000" />
  <attribute name="ProportionalH" value="51.000000" />
  <attribute name="Current Error" value="34.000000" />
  <attribute name="IntegralT" value="0.000000" />
  <attribute name="IntegralI" value="0.000000" />
  <attribute name="IntegralH" value="0.000000" />
  <attribute name="DerivativeT" value="inf" />
  <attribute name="DerivativeI" value="inf" />
  <attribute name="DerivativeH" value="inf" />
  <attribute name="Loop Time for DT" value="0.000000" />
  <attribute name="Output H" value="8388608"/>
  <attribute name="Output I" value="200"/>
  <attribute name="Output T" value="1"/>
  <attribute name="Target GC Util Change" value ="20.000000" />
  <attribute name="Current GC Util Change" value="54.000000"/>
  <attribute name="GC Util currently" value="54" />
  <attribute name="CPU Util currently" value="17118994798049" />
<exclusive-end id="840" timestamp="2019-06-16T05:50:28.980" durationms="5.762" />

<exclusive-start id="841" timestamp="2019-06-16T05:50:29.008" intervalms="34.425">
  <response-info timems="0.022" idlems="0.022" threads="0" lastid="0000000002837900" lastname="Thread-7" />
</exclusive-start>
<allocation-taxation id="842" taxation-threshold="48234496" timestamp="2019-06-16T05:50:29.008" intervalms="34.466" />
<cycle-start id="843" type="partial gc" contextid="0" timestamp="2019-06-16T05:50:29.009" intervalms="34.403" />
<gc-start id="844" type="partial gc" contextid="843" timestamp="2019-06-16T05:50:29.009">
  <mem-info id="845" free="49283072" total="167772160" percent="29">
    <mem type="eden" free="0" total="48234496" percent="0" />
    <arraylet-primitive objects="2" leaves="2" largest="1" />
    <remembered-set count="38336" freebytes="6543616" totalbytes="6696960" percent="97" regionsoverflowed="0" regionsstable="2" regionsrebuilding="0"/>
  </mem-info>
</gc-start>
<allocation-stats totalBytes="48228656" >
  <allocated-bytes non-tlh="0" tlh="48228656" arrayletleaf="0"/>
  <largest-consumer threadName="Thread-10" threadId="000000000283F100" bytes="13715960" />
</allocation-stats>
<gc-op id="846" type="copy forward" timems="3.618" contextid="843" timestamp="2019-06-16T05:50:29.013">
  <memory-copied type="eden" objects="5114" bytes="124304" bytesdiscarded="0" />
  <memory-copied type="other" objects="22915" bytes="962088" bytesdiscarded="0" />
  <memory-cardclean objects="7158" bytes="357184" />
  <regions eden="46" other="2" />
  <remembered-set-cleared processed="33174" cleared="1231" durationms="0.388" />
  <stringconstants candidates="4597" cleared="0"  />
</gc-op>
<gc-op id="847" type="classunload" timems="0.003" contextid="843" timestamp="2019-06-16T05:50:29.013">
  <classunload-info classloadercandidates="8" classloadersunloaded="0" classesunloaded="0" anonymousclassesunloaded="0" quiescems="0.000" setupms="0.003" scanms="0.000" postms="0.000" />
</gc-op>
<heap-resize id="848" type="expand" space="default" amount="10485760" count="1" timems="0.119" reason="excessive time being spent in gc" timestamp="2019-06-16T05:50:29.014" />
<gc-end id="849" type="partial gc" contextid="843" durationms="5.112" usertimems="4.000" systemtimems="0.000" timestamp="2019-06-16T05:50:29.014" activeThreads="1">
  <mem-info id="850" free="106954752" total="178257920" percent="60">
    <mem type="eden" free="924272" total="1048576" percent="88" />
    <arraylet-primitive objects="2" leaves="2" largest="1" />
    <remembered-set count="39712" freebytes="6956672" totalbytes="7115520" percent="97" regionsoverflowed="0" regionsstable="2" regionsrebuilding="0"/>
  </mem-info>
</gc-end>
<cycle-end id="851" type="partial gc" contextid="843" timestamp="2019-06-16T05:50:29.014" />
  <attribute name="elasticGC enabled" value="1" />
  <attribute name= "numThreadsSpecified" value="1" />
  <attribute name="heapSize specified" value="0" />
  <attribute name="Current GC Util" value="60" />
  <attribute name= "Current Time Running" value="2565" />
  <attribute name ="GC Interval" value="0" />
  <attribute name="ProportionalT" value="60.000000" />
  <attribute name="ProportionalI" value="60.000000" />
  <attribute name="ProportionalH" value="60.000000" />
  <attribute name="Current Error" value="40.000000" />
  <attribute name="IntegralT" value="0.000000" />
  <attribute name="IntegralI" value="0.000000" />
  <attribute name="IntegralH" value="0.000000" />
  <attribute name="DerivativeT" value="inf" />
  <attribute name="DerivativeI" value="inf" />
  <attribute name="DerivativeH" value="inf" />
  <attribute name="Loop Time for DT" value="0.000000" />
  <attribute name="Output H" value="8388608"/>
  <attribute name="Output I" value="200"/>
  <attribute name="Output T" value="1"/>
  <attribute name="Target GC Util Change" value ="20.000000" />
  <attribute name="Current GC Util Change" value="60.000000"/>
  <attribute name="GC Util currently" value="60" />
  <attribute name="CPU Util currently" value="17546269484206" />
<exclusive-end id="852" timestamp="2019-06-16T05:50:29.014" durationms="6.157" />

<exclusive-start id="853" timestamp="2019-06-16T05:50:29.045" intervalms="37.176">
  <response-info timems="0.025" idlems="0.025" threads="0" lastid="000000000283F100" lastname="Thread-10" />
</exclusive-start>
<allocation-taxation id="854" taxation-threshold="50331648" timestamp="2019-06-16T05:50:29.046" intervalms="37.182" />
<cycle-start id="855" type="partial gc" contextid="0" timestamp="2019-06-16T05:50:29.046" intervalms="37.228" />
<gc-start id="856" type="partial gc" contextid="855" timestamp="2019-06-16T05:50:29.046">
  <mem-info id="857" free="56623104" total="178257920" percent="31">
    <mem type="eden" free="0" total="50331648" percent="0" />
    <arraylet-primitive objects="2" leaves="2" largest="1" />
    <remembered-set count="39456" freebytes="6957696" totalbytes="7115520" percent="97" regionsoverflowed="0" regionsstable="2" regionsrebuilding="0"/>
  </mem-info>
</gc-start>
<allocation-stats totalBytes="50325520" >
  <allocated-bytes non-tlh="0" tlh="50325520" arrayletleaf="0"/>
  <largest-consumer threadName="Thread-10" threadId="000000000283F100" bytes="14891192" />
</allocation-stats>
<gc-op id="858" type="copy forward" timems="3.502" contextid="855" timestamp="2019-06-16T05:50:29.050">
  <memory-copied type="eden" objects="5076" bytes="123632" bytesdiscarded="0" />
  <memory-copied type="other" objects="19206" bytes="735696" bytesdiscarded="0" />
  <memory-cardclean objects="9093" bytes="465016" />
  <regions eden="48" other="2" />
  <remembered-set-cleared processed="34047" cleared="1162" durationms="0.382" />
  <stringconstants candidates="4597" cleared="0"  />
</gc-op>
<gc-op id="859" type="classunload" timems="0.002" contextid="855" timestamp="2019-06-16T05:50:29.050">
  <classunload-info classloadercandidates="8" classloadersunloaded="0" classesunloaded="0" anonymousclassesunloaded="0" quiescems="0.000" setupms="0.002" scanms="0.000" postms="0.000" />
</gc-op>
<heap-resize id="860" type="expand" space="default" amount="3145728" count="1" timems="0.068" reason="excessive time being spent in gc" timestamp="2019-06-16T05:50:29.051" />
<gc-end id="861" type="partial gc" contextid="855" durationms="4.775" usertimems="4.000" systemtimems="0.000" timestamp="2019-06-16T05:50:29.051" activeThreads="1">
  <mem-info id="862" free="109051904" total="181403648" percent="60">
    <mem type="eden" free="924944" total="1048576" percent="88" />
    <arraylet-primitive objects="2" leaves="2" largest="1" />
    <remembered-set count="40640" freebytes="7078528" totalbytes="7241088" percent="97" regionsoverflowed="0" regionsstable="2" regionsrebuilding="0"/>
  </mem-info>
</gc-end>
<cycle-end id="863" type="partial gc" contextid="855" timestamp="2019-06-16T05:50:29.051" />
  <attribute name="elasticGC enabled" value="1" />
  <attribute name= "numThreadsSpecified" value="1" />
  <attribute name="heapSize specified" value="0" />
  <attribute name="Current GC Util" value="48" />
  <attribute name= "Current Time Running" value="2602" />
  <attribute name ="GC Interval" value="0" />
  <attribute name="ProportionalT" value="42.000000" />
  <attribute name="ProportionalI" value="42.000000" />
  <attribute name="ProportionalH" value="42.000000" />
  <attribute name="Current Error" value="28.000000" />
  <attribute name="IntegralT" value="0.000000" />
  <attribute name="IntegralI" value="0.000000" />
  <attribute name="IntegralH" value="0.000000" />
  <attribute name="DerivativeT" value="inf" />
  <attribute name="DerivativeI" value="inf" />
  <attribute name="DerivativeH" value="inf" />
  <attribute name="Loop Time for DT" value="0.000000" />
  <attribute name="Output H" value="8388608"/>
  <attribute name="Output I" value="200"/>
  <attribute name="Output T" value="1"/>
  <attribute name="Target GC Util Change" value ="20.000000" />
  <attribute name="Current GC Util Change" value="48.000000"/>
  <attribute name="GC Util currently" value="48" />
  <attribute name="CPU Util currently" value="16889591276336" />
<exclusive-end id="864" timestamp="2019-06-16T05:50:29.051" durationms="5.733" />

<exclusive-start id="865" timestamp="2019-06-16T05:50:29.082" intervalms="36.546">
  <response-info timems="0.032" idlems="0.032" threads="0" lastid="000000000283B500" lastname="Thread-9" />
</exclusive-start>
<allocation-taxation id="866" taxation-threshold="51380224" timestamp="2019-06-16T05:50:29.082" intervalms="36.552" />
<cycle-start id="867" type="partial gc" contextid="0" timestamp="2019-06-16T05:50:29.082" intervalms="36.487" />
<gc-start id="868" type="partial gc" contextid="867" timestamp="2019-06-16T05:50:29.083">
  <mem-info id="869" free="57671680" total="181403648" percent="31">
    <mem type="eden" free="0" total="51380224" percent="0" />
    <arraylet-primitive objects="2" leaves="2" largest="1" />
    <remembered-set count="40544" freebytes="7078912" totalbytes="7241088" percent="97" regionsoverflowed="0" regionsstable="2" regionsrebuilding="0"/>
  </mem-info>
</gc-start>
<allocation-stats totalBytes="51374456" >
  <allocated-bytes non-tlh="0" tlh="51374456" arrayletleaf="0"/>
  <largest-consumer threadName="Thread-8" threadId="0000000002833D00" bytes="14789096" />
</allocation-stats>
<gc-op id="870" type="copy forward" timems="2.555" contextid="867" timestamp="2019-06-16T05:50:29.086">
  <memory-copied type="eden" objects="23914" bytes="987168" bytesdiscarded="35008" />
  <memory-copied type="other" objects="9537" bytes="228888" bytesdiscarded="7904" />
  <memory-cardclean objects="15322" bytes="785896" />
  <regions eden="49" other="2" />
  <remembered-set-cleared processed="34882" cleared="1342" durationms="0.187" />
  <stringconstants candidates="4597" cleared="0"  />
</gc-op>
<gc-op id="871" type="classunload" timems="0.002" contextid="867" timestamp="2019-06-16T05:50:29.086">
  <classunload-info classloadercandidates="8" classloadersunloaded="0" classesunloaded="0" anonymousclassesunloaded="0" quiescems="0.000" setupms="0.002" scanms="0.000" postms="0.000" />
</gc-op>
<heap-resize id="872" type="expand" space="default" amount="2097152" count="1" timems="0.070" reason="excessive time being spent in gc" timestamp="2019-06-16T05:50:29.086" />
<gc-end id="873" type="partial gc" contextid="867" durationms="3.625" usertimems="8.000" systemtimems="0.000" timestamp="2019-06-16T05:50:29.086" activeThreads="4">
  <mem-info id="874" free="110100480" total="183500800" percent="60">
    <mem type="eden" free="26400" total="1048576" percent="2" />
    <arraylet-primitive objects="2" leaves="2" largest="1" />
    <remembered-set count="41312" freebytes="7159552" totalbytes="7324800" percent="97" regionsoverflowed="0" regionsstable="2" regionsrebuilding="0"/>
  </mem-info>
</gc-end>
<cycle-end id="875" type="partial gc" contextid="867" timestamp="2019-06-16T05:50:29.086" />
  <attribute name="elasticGC enabled" value="1" />
  <attribute name= "numThreadsSpecified" value="4" />
  <attribute name="heapSize specified" value="0" />
  <attribute name="Current GC Util" value="61" />
  <attribute name= "Current Time Running" value="2639" />
  <attribute name ="GC Interval" value="0" />
  <attribute name="ProportionalT" value="61.500000" />
  <attribute name="ProportionalI" value="61.500000" />
  <attribute name="ProportionalH" value="61.500000" />
  <attribute name="Current Error" value="41.000000" />
  <attribute name="IntegralT" value="41.000000" />
  <attribute name="IntegralI" value="41.000000" />
  <attribute name="IntegralH" value="41.000000" />
  <attribute name="DerivativeT" value="41.000000" />
  <attribute name="DerivativeI" value="41.000000" />
  <attribute name="DerivativeH" value="41.000000" />
  <attribute name="Loop Time for DT" value="1.000000" />
  <attribute name="Output H" value="8388608"/>
  <attribute name="Output I" value="200"/>
  <attribute name="Output T" value="4"/>
  <attribute name="Target GC Util Change" value ="20.000000" />
  <attribute name="Current GC Util Change" value="61.000000"/>
  <attribute name="GC Util currently" value="61" />
  <attribute name="CPU Util currently" value="19611010504837" />
<exclusive-end id="876" timestamp="2019-06-16T05:50:29.086" durationms="4.480" />

<exclusive-start id="877" timestamp="2019-06-16T05:50:29.117" intervalms="34.556">
  <response-info timems="0.039" idlems="0.022" threads="1" lastid="0000000002833D00" lastname="Thread-8" />
</exclusive-start>
<allocation-taxation id="878" taxation-threshold="52428800" timestamp="2019-06-16T05:50:29.117" intervalms="34.525" />
<cycle-start id="879" type="partial gc" contextid="0" timestamp="2019-06-16T05:50:29.117" intervalms="34.513" />
<gc-start id="880" type="partial gc" contextid="879" timestamp="2019-06-16T05:50:29.117">
  <mem-info id="881" free="57671680" total="183500800" percent="31">
    <mem type="eden" free="0" total="52428800" percent="0" />
    <arraylet-primitive objects="2" leaves="2" largest="1" />
    <remembered-set count="40960" freebytes="7160960" totalbytes="7324800" percent="97" regionsoverflowed="0" regionsstable="2" regionsrebuilding="0"/>
  </mem-info>
</gc-start>
<allocation-stats totalBytes="52422864" >
  <allocated-bytes non-tlh="0" tlh="52422864" arrayletleaf="0"/>
  <largest-consumer threadName="Thread-10" threadId="000000000283F100" bytes="16083336" />
</allocation-stats>
<gc-op id="882" type="copy forward" timems="3.951" contextid="879" timestamp="2019-06-16T05:50:29.122">
  <memory-copied type="eden" objects="9316" bytes="362696" bytesdiscarded="0" />
  <memory-copied type="other" objects="21414" bytes="788688" bytesdiscarded="0" />
  <memory-cardclean objects="12602" bytes="618496" />
  <regions eden="50" other="2" />
  <remembered-set-cleared processed="35945" cleared="1474" durationms="0.402" />
  <stringconstants candidates="4597" cleared="0"  />
</gc-op>
<gc-op id="883" type="classunload" timems="0.002" contextid="879" timestamp="2019-06-16T05:50:29.122">
  <classunload-info classloadercandidates="8" classloadersunloaded="0" classesunloaded="0" anonymousclassesunloaded="0" quiescems="0.000" setupms="0.002" scanms="0.000" postms="0.000" />
</gc-op>
<heap-resize id="884" type="expand" space="default" amount="3145728" count="1" timems="0.070" reason="excessive time being spent in gc" timestamp="2019-06-16T05:50:29.122" />
<gc-end id="885" type="partial gc" contextid="879" durationms="5.031" usertimems="0.000" systemtimems="4.000" timestamp="2019-06-16T05:50:29.122" activeThreads="1">
  <mem-info id="886" free="112197632" total="186646528" percent="60">
    <mem type="eden" free="685880" total="1048576" percent="65" />
    <arraylet-primitive objects="2" leaves="2" largest="1" />
    <remembered-set count="42144" freebytes="7281792" totalbytes="7450368" percent="97" regionsoverflowed="0" regionsstable="2" regionsrebuilding="0"/>
  </mem-info>
</gc-end>
<cycle-end id="887" type="partial gc" contextid="879" timestamp="2019-06-16T05:50:29.122" />
  <attribute name="elasticGC enabled" value="1" />
  <attribute name= "numThreadsSpecified" value="1" />
  <attribute name="heapSize specified" value="0" />
  <attribute name="Current GC Util" value="54" />
  <attribute name= "Current Time Running" value="2673" />
  <attribute name ="GC Interval" value="0" />
  <attribute name="ProportionalT" value="51.000000" />
  <attribute name="ProportionalI" value="51.000000" />
  <attribute name="ProportionalH" value="51.000000" />
  <attribute name="Current Error" value="34.000000" />
  <attribute name="IntegralT" value="0.000000" />
  <attribute name="IntegralI" value="0.000000" />
  <attribute name="IntegralH" value="0.000000" />
  <attribute name="DerivativeT" value="inf" />
  <attribute name="DerivativeI" value="inf" />
  <attribute name="DerivativeH" value="inf" />
  <attribute name="Loop Time for DT" value="0.000000" />
  <attribute name="Output H" value="8388608"/>
  <attribute name="Output I" value="200"/>
  <attribute name="Output T" value="1"/>
  <attribute name="Target GC Util Change" value ="20.000000" />
  <attribute name="Current GC Util Change" value="54.000000"/>
  <attribute name="GC Util currently" value="54" />
  <attribute name="CPU Util currently" value="18734658260656" />
<exclusive-end id="888" timestamp="2019-06-16T05:50:29.122" durationms="5.857" />

<exclusive-start id="889" timestamp="2019-06-16T05:50:29.154" intervalms="37.923">
  <response-info timems="0.225" idlems="0.225" threads="0" lastid="0000000002837900" lastname="Thread-7" />
</exclusive-start>
<allocation-taxation id="890" taxation-threshold="52428800" timestamp="2019-06-16T05:50:29.155" intervalms="37.971" />
<cycle-start id="891" type="partial gc" contextid="0" timestamp="2019-06-16T05:50:29.155" intervalms="38.049" />
<gc-start id="892" type="partial gc" contextid="891" timestamp="2019-06-16T05:50:29.155">
  <mem-info id="893" free="59768832" total="186646528" percent="32">
    <mem type="eden" free="0" total="52428800" percent="0" />
    <arraylet-primitive objects="2" leaves="2" largest="1" />
    <remembered-set count="41728" freebytes="7283456" totalbytes="7450368" percent="97" regionsoverflowed="0" regionsstable="2" regionsrebuilding="0"/>
  </mem-info>
</gc-start>
<allocation-stats totalBytes="52422320" >
  <allocated-bytes non-tlh="0" tlh="52422320" arrayletleaf="0"/>
  <largest-consumer threadName="Thread-7" threadId="0000000002837900" bytes="17852056" />
</allocation-stats>
<gc-op id="894" type="copy forward" timems="2.955" contextid="891" timestamp="2019-06-16T05:50:29.159">
  <memory-copied type="eden" objects="13961" bytes="474080" bytesdiscarded="32168" />
  <memory-copied type="other" objects="30395" bytes="1141608" bytesdiscarded="99248" />
  <memory-cardclean objects="13277" bytes="654568" />
  <regions eden="50" other="3" />
  <remembered-set-cleared processed="36188" cleared="1813" durationms="0.195" />
  <stringconstants candidates="4597" cleared="0"  />
</gc-op>
<gc-op id="895" type="classunload" timems="0.003" contextid="891" timestamp="2019-06-16T05:50:29.159">
  <classunload-info classloadercandidates="8" classloadersunloaded="0" classesunloaded="0" anonymousclassesunloaded="0" quiescems="0.000" setupms="0.003" scanms="0.000" postms="0.000" />
</gc-op>
<heap-resize id="896" type="expand" space="default" amount="2097152" count="1" timems="0.065" reason="excessive time being spent in gc" timestamp="2019-06-16T05:50:29.159" />
<gc-end id="897" type="partial gc" contextid="891" durationms="4.285" usertimems="12.000" systemtimems="0.000" timestamp="2019-06-16T05:50:29.159" activeThreads="4">
  <mem-info id="898" free="113246208" total="188743680" percent="60">
    <mem type="eden" free="542328" total="1048576" percent="51" />
    <arraylet-primitive objects="2" leaves="2" largest="1" />
    <remembered-set count="43264" freebytes="7361024" totalbytes="7534080" percent="97" regionsoverflowed="0" regionsstable="2" regionsrebuilding="0"/>
  </mem-info>
</gc-end>
<cycle-end id="899" type="partial gc" contextid="891" timestamp="2019-06-16T05:50:29.160" />
  <attribute name="elasticGC enabled" value="1" />
  <attribute name= "numThreadsSpecified" value="4" />
  <attribute name="heapSize specified" value="0" />
  <attribute name="Current GC Util" value="56" />
  <attribute name= "Current Time Running" value="2712" />
  <attribute name ="GC Interval" value="0" />
  <attribute name="ProportionalT" value="54.000000" />
  <attribute name="ProportionalI" value="54.000000" />
  <attribute name="ProportionalH" value="54.000000" />
  <attribute name="Current Error" value="36.000000" />
  <attribute name="IntegralT" value="36.000000" />
  <attribute name="IntegralI" value="36.000000" />
  <attribute name="IntegralH" value="36.000000" />
  <attribute name="DerivativeT" value="36.000000" />
  <attribute name="DerivativeI" value="36.000000" />
  <attribute name="DerivativeH" value="36.000000" />
  <attribute name="Loop Time for DT" value="1.000000" />
  <attribute name="Output H" value="8388608"/>
  <attribute name="Output I" value="200"/>
  <attribute name="Output T" value="4"/>
  <attribute name="Target GC Util Change" value ="20.000000" />
  <attribute name="Current GC Util Change" value="56.000000"/>
  <attribute name="GC Util currently" value="56" />
  <attribute name="CPU Util currently" value="16656803886365" />
<exclusive-end id="900" timestamp="2019-06-16T05:50:29.160" durationms="5.449" />

<exclusive-start id="901" timestamp="2019-06-16T05:50:29.195" intervalms="40.745">
  <response-info timems="0.060" idlems="0.060" threads="0" lastid="0000000002837900" lastname="Thread-7" />
</exclusive-start>
<allocation-taxation id="902" taxation-threshold="53477376" timestamp="2019-06-16T05:50:29.195" intervalms="40.750" />
<cycle-start id="903" type="partial gc" contextid="0" timestamp="2019-06-16T05:50:29.196" intervalms="40.938" />
<gc-start id="904" type="partial gc" contextid="903" timestamp="2019-06-16T05:50:29.196">
  <mem-info id="905" free="59768832" total="188743680" percent="31">
    <mem type="eden" free="0" total="53477376" percent="0" />
    <arraylet-primitive objects="2" leaves="2" largest="1" />
    <remembered-set count="42944" freebytes="7362304" totalbytes="7534080" percent="97" regionsoverflowed="0" regionsstable="2" regionsrebuilding="0"/>
  </mem-info>
</gc-start>
<allocation-stats totalBytes="53471152" >
  <allocated-bytes non-tlh="0" tlh="53471152" arrayletleaf="0"/>
  <largest-consumer threadName="Thread-7" threadId="0000000002837900" bytes="22222344" />
</allocation-stats>
<gc-op id="906" type="copy forward" timems="4.615" contextid="903" timestamp="2019-06-16T05:50:29.202">
  <memory-copied type="eden" objects="10470" bytes="390136" bytesdiscarded="0" />
  <memory-copied type="other" objects="30260" bytes="1138368" bytesdiscarded="0" />
  <memory-cardclean objects="8525" bytes="426856" />
  <regions eden="51" other="3" />
  <remembered-set-cleared processed="37352" cleared="1901" durationms="0.437" />
  <stringconstants candidates="4597" cleared="0"  />
</gc-op>
<gc-op id="907" type="classunload" timems="0.003" contextid="903" timestamp="2019-06-16T05:50:29.202">
  <classunload-info classloadercandidates="8" classloadersunloaded="0" classesunloaded="0" anonymousclassesunloaded="0" quiescems="0.000" setupms="0.002" scanms="0.000" postms="0.000" />
</gc-op>
<heap-resize id="908" type="expand" space="default" amount="3145728" count="1" timems="0.074" reason="excessive time being spent in gc" timestamp="2019-06-16T05:50:29.202" />
<gc-end id="909" type="partial gc" contextid="903" durationms="6.101" usertimems="0.000" systemtimems="4.000" timestamp="2019-06-16T05:50:29.202" activeThreads="1">
  <mem-info id="910" free="115343360" total="191889408" percent="60">
    <mem type="eden" free="658440" total="1048576" percent="62" />
    <arraylet-primitive objects="2" leaves="2" largest="1" />
    <remembered-set count="43744" freebytes="7484672" totalbytes="7659648" percent="97" regionsoverflowed="0" regionsstable="2" regionsrebuilding="0"/>
  </mem-info>
</gc-end>
<cycle-end id="911" type="partial gc" contextid="903" timestamp="2019-06-16T05:50:29.202" />
  <attribute name="elasticGC enabled" value="1" />
  <attribute name= "numThreadsSpecified" value="1" />
  <attribute name="heapSize specified" value="0" />
  <attribute name="Current GC Util" value="42" />
  <attribute name= "Current Time Running" value="2752" />
  <attribute name ="GC Interval" value="0" />
  <attribute name="ProportionalT" value="33.000000" />
  <attribute name="ProportionalI" value="33.000000" />
  <attribute name="ProportionalH" value="33.000000" />
  <attribute name="Current Error" value="22.000000" />
  <attribute name="IntegralT" value="0.000000" />
  <attribute name="IntegralI" value="0.000000" />
  <attribute name="IntegralH" value="0.000000" />
  <attribute name="DerivativeT" value="inf" />
  <attribute name="DerivativeI" value="inf" />
  <attribute name="DerivativeH" value="inf" />
  <attribute name="Loop Time for DT" value="0.000000" />
  <attribute name="Output H" value="8388608"/>
  <attribute name="Output I" value="200"/>
  <attribute name="Output T" value="1"/>
  <attribute name="Target GC Util Change" value ="20.000000" />
  <attribute name="Current GC Util Change" value="42.000000"/>
  <attribute name="GC Util currently" value="42" />
  <attribute name="CPU Util currently" value="15830364678588" />
<exclusive-end id="912" timestamp="2019-06-16T05:50:29.203" durationms="7.454" />

<exclusive-start id="913" timestamp="2019-06-16T05:50:29.238" intervalms="42.711">
  <response-info timems="0.419" idlems="0.419" threads="0" lastid="000000000283F100" lastname="Thread-10" />
</exclusive-start>
<allocation-taxation id="914" taxation-threshold="54525952" timestamp="2019-06-16T05:50:29.238" intervalms="42.620" />
<cycle-start id="915" type="partial gc" contextid="0" timestamp="2019-06-16T05:50:29.238" intervalms="42.359" />
<gc-start id="916" type="partial gc" contextid="915" timestamp="2019-06-16T05:50:29.238">
  <mem-info id="917" free="60817408" total="191889408" percent="31">
    <mem type="eden" free="0" total="54525952" percent="0" />
    <arraylet-primitive objects="2" leaves="2" largest="1" />
    <remembered-set count="43488" freebytes="7485696" totalbytes="7659648" percent="97" regionsoverflowed="0" regionsstable="2" regionsrebuilding="0"/>
  </mem-info>
</gc-start>
<allocation-stats totalBytes="54519536" >
  <allocated-bytes non-tlh="0" tlh="54519536" arrayletleaf="0"/>
  <largest-consumer threadName="Thread-9" threadId="000000000283B500" bytes="21153368" />
</allocation-stats>
<gc-op id="918" type="copy forward" timems="2.698" contextid="915" timestamp="2019-06-16T05:50:29.242">
  <memory-copied type="eden" objects="15666" bytes="652160" bytesdiscarded="25840" />
  <memory-copied type="other" objects="6746" bytes="161904" bytesdiscarded="5384" />
  <memory-cardclean objects="9850" bytes="538912" />
  <regions eden="52" other="2" />
  <remembered-set-cleared processed="38698" cleared="1157" durationms="0.200" />
  <stringconstants candidates="4597" cleared="0"  />
</gc-op>
<gc-op id="919" type="classunload" timems="0.003" contextid="915" timestamp="2019-06-16T05:50:29.242">
  <classunload-info classloadercandidates="8" classloadersunloaded="0" classesunloaded="0" anonymousclassesunloaded="0" quiescems="0.000" setupms="0.003" scanms="0.000" postms="0.000" />
</gc-op>
<heap-resize id="920" type="expand" space="default" amount="5242880" count="1" timems="0.081" reason="excessive time being spent in gc" timestamp="2019-06-16T05:50:29.242" />
<gc-end id="921" type="partial gc" contextid="915" durationms="3.962" usertimems="4.000" systemtimems="8.000" timestamp="2019-06-16T05:50:29.242" activeThreads="4">
  <mem-info id="922" free="118489088" total="197132288" percent="60">
    <mem type="eden" free="1419152" total="2097152" percent="67" />
    <arraylet-primitive objects="2" leaves="2" largest="1" />
    <remembered-set count="44032" freebytes="7692800" totalbytes="7868928" percent="97" regionsoverflowed="0" regionsstable="2" regionsrebuilding="0"/>
  </mem-info>
</gc-end>
<cycle-end id="923" type="partial gc" contextid="915" timestamp="2019-06-16T05:50:29.243" />
  <attribute name="elasticGC enabled" value="1" />
  <attribute name= "numThreadsSpecified" value="4" />
  <attribute name="heapSize specified" value="0" />
  <attribute name="Current GC Util" value="60" />
  <attribute name= "Current Time Running" value="2795" />
  <attribute name ="GC Interval" value="0" />
  <attribute name="ProportionalT" value="60.000000" />
  <attribute name="ProportionalI" value="60.000000" />
  <attribute name="ProportionalH" value="60.000000" />
  <attribute name="Current Error" value="40.000000" />
  <attribute name="IntegralT" value="40.000000" />
  <attribute name="IntegralI" value="40.000000" />
  <attribute name="IntegralH" value="40.000000" />
  <attribute name="DerivativeT" value="40.000000" />
  <attribute name="DerivativeI" value="40.000000" />
  <attribute name="DerivativeH" value="40.000000" />
  <attribute name="Loop Time for DT" value="1.000000" />
  <attribute name="Output H" value="8388608"/>
  <attribute name="Output I" value="200"/>
  <attribute name="Output T" value="4"/>
  <attribute name="Target GC Util Change" value ="20.000000" />
  <attribute name="Current GC Util Change" value="60.000000"/>
  <attribute name="GC Util currently" value="60" />
  <attribute name="CPU Util currently" value="15726392632953" />
<exclusive-end id="924" timestamp="2019-06-16T05:50:29.243" durationms="4.833" />

<exclusive-start id="925" timestamp="2019-06-16T05:50:29.285" intervalms="46.618">
  <response-info timems="0.038" idlems="0.038" threads="0" lastid="0000000002837900" lastname="Thread-7" />
</exclusive-start>
<allocation-taxation id="926" taxation-threshold="55574528" timestamp="2019-06-16T05:50:29.285" intervalms="46.665" />
<cycle-start id="927" type="partial gc" contextid="0" timestamp="2019-06-16T05:50:29.285" intervalms="46.709" />
<gc-start id="928" type="partial gc" contextid="927" timestamp="2019-06-16T05:50:29.285">
  <mem-info id="929" free="62914560" total="197132288" percent="31">
    <mem type="eden" free="0" total="55574528" percent="0" />
    <arraylet-primitive objects="2" leaves="2" largest="1" />
    <remembered-set count="43808" freebytes="7693696" totalbytes="7868928" percent="97" regionsoverflowed="0" regionsstable="2" regionsrebuilding="0"/>
  </mem-info>
</gc-start>
<allocation-stats totalBytes="55568432" >
  <allocated-bytes non-tlh="0" tlh="55568432" arrayletleaf="0"/>
  <largest-consumer threadName="Thread-7" threadId="0000000002837900" bytes="20002544" />
</allocation-stats>
<gc-op id="930" type="copy forward" timems="3.242" contextid="927" timestamp="2019-06-16T05:50:29.289">
  <memory-copied type="eden" objects="3695" bytes="90280" bytesdiscarded="0" />
  <memory-copied type="other" objects="17506" bytes="694896" bytesdiscarded="0" />
  <memory-cardclean objects="7120" bytes="347200" />
  <regions eden="53" other="3" />
  <remembered-set-cleared processed="39618" cleared="1133" durationms="0.421" />
  <stringconstants candidates="4597" cleared="0"  />
</gc-op>
<gc-op id="931" type="classunload" timems="0.002" contextid="927" timestamp="2019-06-16T05:50:29.289">
  <classunload-info classloadercandidates="8" classloadersunloaded="0" classesunloaded="0" anonymousclassesunloaded="0" quiescems="0.000" setupms="0.002" scanms="0.000" postms="0.000" />
</gc-op>
<gc-end id="932" type="partial gc" contextid="927" durationms="4.491" usertimems="8.000" systemtimems="0.000" timestamp="2019-06-16T05:50:29.290" activeThreads="1">
  <mem-info id="933" free="118489088" total="197132288" percent="60">
    <mem type="eden" free="958296" total="1048576" percent="91" />
    <arraylet-primitive objects="2" leaves="2" largest="1" />
    <remembered-set count="44896" freebytes="7689344" totalbytes="7868928" percent="97" regionsoverflowed="0" regionsstable="2" regionsrebuilding="0"/>
  </mem-info>
</gc-end>
<cycle-end id="934" type="partial gc" contextid="927" timestamp="2019-06-16T05:50:29.290" />
  <attribute name="elasticGC enabled" value="1" />
  <attribute name= "numThreadsSpecified" value="1" />
  <attribute name="heapSize specified" value="0" />
  <attribute name="Current GC Util" value="48" />
  <attribute name= "Current Time Running" value="2841" />
  <attribute name ="GC Interval" value="0" />
  <attribute name="ProportionalT" value="42.000000" />
  <attribute name="ProportionalI" value="42.000000" />
  <attribute name="ProportionalH" value="42.000000" />
  <attribute name="Current Error" value="28.000000" />
  <attribute name="IntegralT" value="0.000000" />
  <attribute name="IntegralI" value="0.000000" />
  <attribute name="IntegralH" value="0.000000" />
  <attribute name="DerivativeT" value="inf" />
  <attribute name="DerivativeI" value="inf" />
  <attribute name="DerivativeH" value="inf" />
  <attribute name="Loop Time for DT" value="0.000000" />
  <attribute name="Output H" value="8388608"/>
  <attribute name="Output I" value="200"/>
  <attribute name="Output T" value="1"/>
  <attribute name="Target GC Util Change" value ="20.000000" />
  <attribute name="Current GC Util Change" value="48.000000"/>
  <attribute name="GC Util currently" value="48" />
  <attribute name="CPU Util currently" value="16784354429775" />
<exclusive-end id="935" timestamp="2019-06-16T05:50:29.290" durationms="5.429" />

<exclusive-start id="936" timestamp="2019-06-16T05:50:29.335" intervalms="50.525">
  <response-info timems="0.037" idlems="0.037" threads="0" lastid="000000000283B500" lastname="Thread-9" />
</exclusive-start>
<allocation-taxation id="937" taxation-threshold="55574528" timestamp="2019-06-16T05:50:29.335" intervalms="50.578" />
<cycle-start id="938" type="partial gc" contextid="0" timestamp="2019-06-16T05:50:29.335" intervalms="50.576" />
<gc-start id="939" type="partial gc" contextid="938" timestamp="2019-06-16T05:50:29.336">
  <mem-info id="940" free="62914560" total="197132288" percent="31">
    <mem type="eden" free="0" total="55574528" percent="0" />
    <arraylet-primitive objects="2" leaves="2" largest="1" />
    <remembered-set count="44640" freebytes="7690368" totalbytes="7868928" percent="97" regionsoverflowed="0" regionsstable="2" regionsrebuilding="0"/>
  </mem-info>
</gc-start>
<allocation-stats totalBytes="55568048" >
  <allocated-bytes non-tlh="0" tlh="55568048" arrayletleaf="0"/>
  <largest-consumer threadName="Thread-8" threadId="0000000002833D00" bytes="15563104" />
</allocation-stats>
<gc-op id="941" type="copy forward" timems="4.049" contextid="938" timestamp="2019-06-16T05:50:29.340">
  <memory-copied type="eden" objects="12883" bytes="448056" bytesdiscarded="0" />
  <memory-copied type="other" objects="20880" bytes="775872" bytesdiscarded="0" />
  <memory-cardclean objects="8148" bytes="400480" />
  <regions eden="53" other="3" />
  <remembered-set-cleared processed="39908" cleared="1441" durationms="0.426" />
  <stringconstants candidates="4597" cleared="0"  />
</gc-op>
<gc-op id="942" type="classunload" timems="0.002" contextid="938" timestamp="2019-06-16T05:50:29.341">
  <classunload-info classloadercandidates="8" classloadersunloaded="0" classesunloaded="0" anonymousclassesunloaded="0" quiescems="0.000" setupms="0.002" scanms="0.000" postms="0.000" />
</gc-op>
<gc-end id="943" type="partial gc" contextid="938" durationms="5.152" usertimems="8.000" systemtimems="0.000" timestamp="2019-06-16T05:50:29.341" activeThreads="1">
  <mem-info id="944" free="117440512" total="197132288" percent="59">
    <mem type="eden" free="600520" total="1048576" percent="57" />
    <arraylet-primitive objects="2" leaves="2" largest="1" />
    <remembered-set count="46272" freebytes="7683840" totalbytes="7868928" percent="97" regionsoverflowed="0" regionsstable="2" regionsrebuilding="0"/>
  </mem-info>
</gc-end>
<cycle-end id="945" type="partial gc" contextid="938" timestamp="2019-06-16T05:50:29.341" />
  <attribute name="elasticGC enabled" value="1" />
  <attribute name= "numThreadsSpecified" value="1" />
  <attribute name="heapSize specified" value="0" />
  <attribute name="Current GC Util" value="69" />
  <attribute name= "Current Time Running" value="2892" />
  <attribute name ="GC Interval" value="0" />
  <attribute name="ProportionalT" value="73.500000" />
  <attribute name="ProportionalI" value="73.500000" />
  <attribute name="ProportionalH" value="73.500000" />
  <attribute name="Current Error" value="49.000000" />
  <attribute name="IntegralT" value="0.000000" />
  <attribute name="IntegralI" value="0.000000" />
  <attribute name="IntegralH" value="0.000000" />
  <attribute name="DerivativeT" value="inf" />
  <attribute name="DerivativeI" value="inf" />
  <attribute name="DerivativeH" value="inf" />
  <attribute name="Loop Time for DT" value="0.000000" />
  <attribute name="Output H" value="8388608"/>
  <attribute name="Output I" value="200"/>
  <attribute name="Output T" value="1"/>
  <attribute name="Target GC Util Change" value ="20.000000" />
  <attribute name="Current GC Util Change" value="69.000000"/>
  <attribute name="GC Util currently" value="69" />
  <attribute name="CPU Util currently" value="20092566322050" />
<exclusive-end id="946" timestamp="2019-06-16T05:50:29.341" durationms="6.128" />

<exclusive-start id="947" timestamp="2019-06-16T05:50:29.380" intervalms="44.571">
  <response-info timems="0.032" idlems="0.032" threads="0" lastid="0000000002837900" lastname="Thread-7" />
</exclusive-start>
<allocation-taxation id="948" taxation-threshold="55574528" timestamp="2019-06-16T05:50:29.380" intervalms="44.558" />
<cycle-start id="949" type="partial gc" contextid="0" timestamp="2019-06-16T05:50:29.380" intervalms="44.576" />
<gc-start id="950" type="partial gc" contextid="949" timestamp="2019-06-16T05:50:29.380">
  <mem-info id="951" free="61865984" total="197132288" percent="31">
    <mem type="eden" free="0" total="55574528" percent="0" />
    <arraylet-primitive objects="2" leaves="2" largest="1" />
    <remembered-set count="46016" freebytes="7684864" totalbytes="7868928" percent="97" regionsoverflowed="0" regionsstable="2" regionsrebuilding="0"/>
  </mem-info>
</gc-start>
<allocation-stats totalBytes="55568392" >
  <allocated-bytes non-tlh="0" tlh="55568392" arrayletleaf="0"/>
  <largest-consumer threadName="Thread-7" threadId="0000000002837900" bytes="19756992" />
</allocation-stats>
<gc-op id="952" type="copy forward" timems="2.239" contextid="949" timestamp="2019-06-16T05:50:29.383">
  <memory-copied type="eden" objects="15170" bytes="640288" bytesdiscarded="46656" />
  <memory-copied type="other" objects="7777" bytes="186648" bytesdiscarded="12688" />
  <memory-cardclean objects="11080" bytes="579112" />
  <regions eden="53" other="2" />
  <remembered-set-cleared processed="41080" cleared="1225" durationms="0.205" />
  <stringconstants candidates="4597" cleared="0"  />
</gc-op>
<gc-op id="953" type="classunload" timems="0.002" contextid="949" timestamp="2019-06-16T05:50:29.383">
  <classunload-info classloadercandidates="8" classloadersunloaded="0" classesunloaded="0" anonymousclassesunloaded="0" quiescems="0.000" setupms="0.002" scanms="0.000" postms="0.000" />
</gc-op>
<gc-end id="954" type="partial gc" contextid="949" durationms="3.352" usertimems="8.000" systemtimems="0.000" timestamp="2019-06-16T05:50:29.384" activeThreads="4">
  <mem-info id="955" free="116391936" total="197132288" percent="59">
    <mem type="eden" free="361632" total="1048576" percent="34" />
    <arraylet-primitive objects="2" leaves="2" largest="1" />
    <remembered-set count="46432" freebytes="7683200" totalbytes="7868928" percent="97" regionsoverflowed="0" regionsstable="2" regionsrebuilding="0"/>
  </mem-info>
</gc-end>
<cycle-end id="956" type="partial gc" contextid="949" timestamp="2019-06-16T05:50:29.384" />
  <attribute name="elasticGC enabled" value="1" />
  <attribute name= "numThreadsSpecified" value="4" />
  <attribute name="heapSize specified" value="0" />
  <attribute name="Current GC Util" value="63" />
  <attribute name= "Current Time Running" value="2937" />
  <attribute name ="GC Interval" value="0" />
  <attribute name="ProportionalT" value="64.500000" />
  <attribute name="ProportionalI" value="64.500000" />
  <attribute name="ProportionalH" value="64.500000" />
  <attribute name="Current Error" value="43.000000" />
  <attribute name="IntegralT" value="43.000000" />
  <attribute name="IntegralI" value="43.000000" />
  <attribute name="IntegralH" value="43.000000" />
  <attribute name="DerivativeT" value="43.000000" />
  <attribute name="DerivativeI" value="43.000000" />
  <attribute name="DerivativeH" value="43.000000" />
  <attribute name="Loop Time for DT" value="1.000000" />
  <attribute name="Output H" value="8388608"/>
  <attribute name="Output I" value="200"/>
  <attribute name="Output T" value="4"/>
  <attribute name="Target GC Util Change" value ="20.000000" />
  <attribute name="Current GC Util Change" value="63.000000"/>
  <attribute name="GC Util currently" value="63" />
  <attribute name="CPU Util currently" value="18448736492500" />
<exclusive-end id="957" timestamp="2019-06-16T05:50:29.384" durationms="4.321" />

<exclusive-start id="958" timestamp="2019-06-16T05:50:29.416" intervalms="36.373">
  <response-info timems="0.030" idlems="0.030" threads="0" lastid="000000000283B500" lastname="Thread-9" />
</exclusive-start>
<allocation-taxation id="959" taxation-threshold="55574528" timestamp="2019-06-16T05:50:29.416" intervalms="36.361" />
<cycle-start id="960" type="partial gc" contextid="0" timestamp="2019-06-16T05:50:29.416" intervalms="36.347" />
<gc-start id="961" type="partial gc" contextid="960" timestamp="2019-06-16T05:50:29.417">
  <mem-info id="962" free="60817408" total="197132288" percent="30">
    <mem type="eden" free="0" total="55574528" percent="0" />
    <arraylet-primitive objects="2" leaves="2" largest="1" />
    <remembered-set count="46080" freebytes="7684608" totalbytes="7868928" percent="97" regionsoverflowed="0" regionsstable="2" regionsrebuilding="0"/>
  </mem-info>
</gc-start>
<allocation-stats totalBytes="55568136" >
  <allocated-bytes non-tlh="0" tlh="55568136" arrayletleaf="0"/>
  <largest-consumer threadName="Thread-7" threadId="0000000002837900" bytes="20203088" />
</allocation-stats>
<gc-op id="963" type="copy forward" timems="2.523" contextid="960" timestamp="2019-06-16T05:50:29.420">
  <memory-copied type="eden" objects="20631" bytes="908600" bytesdiscarded="56032" />
  <memory-copied type="other" objects="7525" bytes="180600" bytesdiscarded="2864" />
  <memory-cardclean objects="8226" bytes="427264" />
  <regions eden="53" other="2" />
  <remembered-set-cleared processed="41765" cleared="1052" durationms="0.205" />
  <stringconstants candidates="4597" cleared="0"  />
</gc-op>
<gc-op id="964" type="classunload" timems="0.003" contextid="960" timestamp="2019-06-16T05:50:29.420">
  <classunload-info classloadercandidates="8" classloadersunloaded="0" classesunloaded="0" anonymousclassesunloaded="0" quiescems="0.000" setupms="0.003" scanms="0.000" postms="0.000" />
</gc-op>
<gc-end id="965" type="partial gc" contextid="960" durationms="3.485" usertimems="0.000" systemtimems="4.000" timestamp="2019-06-16T05:50:29.420" activeThreads="4">
  <mem-info id="966" free="114294784" total="197132288" percent="57">
    <mem type="eden" free="1132520" total="2097152" percent="54" />
    <arraylet-primitive objects="2" leaves="2" largest="1" />
    <remembered-set count="47360" freebytes="7679488" totalbytes="7868928" percent="97" regionsoverflowed="0" regionsstable="2" regionsrebuilding="0"/>
  </mem-info>
</gc-end>
<cycle-end id="967" type="partial gc" contextid="960" timestamp="2019-06-16T05:50:29.420" />
  <attribute name="elasticGC enabled" value="1" />
  <attribute name= "numThreadsSpecified" value="4" />
  <attribute name="heapSize specified" value="0" />
  <attribute name="Current GC Util" value="51" />
  <attribute name= "Current Time Running" value="2973" />
  <attribute name ="GC Interval" value="0" />
  <attribute name="ProportionalT" value="46.500000" />
  <attribute name="ProportionalI" value="46.500000" />
  <attribute name="ProportionalH" value="46.500000" />
  <attribute name="Current Error" value="31.000000" />
  <attribute name="IntegralT" value="31.000000" />
  <attribute name="IntegralI" value="31.000000" />
  <attribute name="IntegralH" value="31.000000" />
  <attribute name="DerivativeT" value="31.000000" />
  <attribute name="DerivativeI" value="31.000000" />
  <attribute name="DerivativeH" value="31.000000" />
  <attribute name="Loop Time for DT" value="1.000000" />
  <attribute name="Output H" value="8388608"/>
  <attribute name="Output I" value="200"/>
  <attribute name="Output T" value="4"/>
  <attribute name="Target GC Util Change" value ="20.000000" />
  <attribute name="Current GC Util Change" value="51.000000"/>
  <attribute name="GC Util currently" value="51" />
  <attribute name="CPU Util currently" value="18685772429295" />
<exclusive-end id="968" timestamp="2019-06-16T05:50:29.420" durationms="4.369" />

<exclusive-start id="969" timestamp="2019-06-16T05:50:29.444" intervalms="27.774">
  <response-info timems="0.026" idlems="0.026" threads="0" lastid="0000000002833D00" lastname="Thread-8" />
</exclusive-start>
<allocation-taxation id="970" taxation-threshold="55574528" timestamp="2019-06-16T05:50:29.444" intervalms="27.802" />
<cycle-start id="971" type="partial gc" contextid="0" timestamp="2019-06-16T05:50:29.444" intervalms="27.808" />
<gc-start id="972" type="partial gc" contextid="971" timestamp="2019-06-16T05:50:29.444">
  <mem-info id="973" free="58720256" total="197132288" percent="29">
    <mem type="eden" free="0" total="55574528" percent="0" />
    <arraylet-primitive objects="2" leaves="2" largest="1" />
    <remembered-set count="47072" freebytes="7680640" totalbytes="7868928" percent="97" regionsoverflowed="0" regionsstable="2" regionsrebuilding="0"/>
  </mem-info>
</gc-start>
<allocation-stats totalBytes="55568160" >
  <allocated-bytes non-tlh="0" tlh="55568160" arrayletleaf="0"/>
  <largest-consumer threadName="Thread-7" threadId="0000000002837900" bytes="15837256" />
</allocation-stats>
<gc-op id="974" type="copy forward" timems="3.521" contextid="971" timestamp="2019-06-16T05:50:29.448">
  <memory-copied type="eden" objects="11033" bytes="403720" bytesdiscarded="0" />
  <memory-copied type="other" objects="18285" bytes="713592" bytesdiscarded="0" />
  <memory-cardclean objects="4865" bytes="243064" />
  <regions eden="53" other="3" />
  <remembered-set-cleared processed="42525" cleared="910" durationms="0.426" />
  <stringconstants candidates="4597" cleared="0"  />
</gc-op>
<gc-op id="975" type="classunload" timems="0.002" contextid="971" timestamp="2019-06-16T05:50:29.449">
  <classunload-info classloadercandidates="8" classloadersunloaded="0" classesunloaded="0" anonymousclassesunloaded="0" quiescems="0.000" setupms="0.002" scanms="0.000" postms="0.000" />
</gc-op>
<heap-resize id="976" type="expand" space="default" amount="10485760" count="1" timems="0.108" reason="excessive time being spent in gc" timestamp="2019-06-16T05:50:29.449" />
<gc-end id="977" type="partial gc" contextid="971" durationms="4.718" usertimems="4.000" systemtimems="0.000" timestamp="2019-06-16T05:50:29.449" activeThreads="1">
  <mem-info id="978" free="124780544" total="207618048" percent="60">
    <mem type="eden" free="644856" total="1048576" percent="61" />
    <arraylet-primitive objects="2" leaves="2" largest="1" />
    <remembered-set count="48544" freebytes="8093312" totalbytes="8287488" percent="97" regionsoverflowed="0" regionsstable="2" regionsrebuilding="0"/>
  </mem-info>
</gc-end>
<cycle-end id="979" type="partial gc" contextid="971" timestamp="2019-06-16T05:50:29.449" />
  <attribute name="elasticGC enabled" value="1" />
  <attribute name= "numThreadsSpecified" value="1" />
  <attribute name="heapSize specified" value="0" />
  <attribute name="Current GC Util" value="55" />
  <attribute name= "Current Time Running" value="3000" />
  <attribute name ="GC Interval" value="0" />
  <attribute name="ProportionalT" value="52.500000" />
  <attribute name="ProportionalI" value="52.500000" />
  <attribute name="ProportionalH" value="52.500000" />
  <attribute name="Current Error" value="35.000000" />
  <attribute name="IntegralT" value="0.000000" />
  <attribute name="IntegralI" value="0.000000" />
  <attribute name="IntegralH" value="0.000000" />
  <attribute name="DerivativeT" value="inf" />
  <attribute name="DerivativeI" value="inf" />
  <attribute name="DerivativeH" value="inf" />
  <attribute name="Loop Time for DT" value="0.000000" />
  <attribute name="Output H" value="8388608"/>
  <attribute name="Output I" value="200"/>
  <attribute name="Output T" value="1"/>
  <attribute name="Target GC Util Change" value ="20.000000" />
  <attribute name="Current GC Util Change" value="55.000000"/>
  <attribute name="GC Util currently" value="55" />
  <attribute name="CPU Util currently" value="18713144350743" />
<exclusive-end id="980" timestamp="2019-06-16T05:50:29.450" durationms="5.703" />

<exclusive-start id="981" timestamp="2019-06-16T05:50:29.476" intervalms="32.580">
  <response-info timems="0.075" idlems="0.075" threads="0" lastid="0000000002837900" lastname="Thread-7" />
</exclusive-start>
<allocation-taxation id="982" taxation-threshold="57671680" timestamp="2019-06-16T05:50:29.477" intervalms="32.529" />
<cycle-start id="983" type="partial gc" contextid="0" timestamp="2019-06-16T05:50:29.477" intervalms="32.557" />
<gc-start id="984" type="partial gc" contextid="983" timestamp="2019-06-16T05:50:29.477">
  <mem-info id="985" free="67108864" total="207618048" percent="32">
    <mem type="eden" free="0" total="57671680" percent="0" />
    <arraylet-primitive objects="2" leaves="2" largest="1" />
    <remembered-set count="48064" freebytes="8095232" totalbytes="8287488" percent="97" regionsoverflowed="0" regionsstable="2" regionsrebuilding="0"/>
  </mem-info>
</gc-start>
<allocation-stats totalBytes="57665064" >
  <allocated-bytes non-tlh="0" tlh="57665064" arrayletleaf="0"/>
  <largest-consumer threadName="Thread-9" threadId="000000000283B500" bytes="18020336" />
</allocation-stats>
<gc-op id="986" type="copy forward" timems="3.351" contextid="983" timestamp="2019-06-16T05:50:29.481">
  <memory-copied type="eden" objects="14361" bytes="620888" bytesdiscarded="0" />
  <memory-copied type="other" objects="11157" bytes="405144" bytesdiscarded="0" />
  <memory-cardclean objects="5377" bytes="267640" />
  <regions eden="55" other="3" />
  <remembered-set-cleared processed="42845" cleared="1272" durationms="0.434" />
  <stringconstants candidates="4597" cleared="0"  />
</gc-op>
<gc-op id="987" type="classunload" timems="0.002" contextid="983" timestamp="2019-06-16T05:50:29.481">
  <classunload-info classloadercandidates="8" classloadersunloaded="0" classesunloaded="0" anonymousclassesunloaded="0" quiescems="0.000" setupms="0.002" scanms="0.000" postms="0.000" />
</gc-op>
<heap-resize id="988" type="expand" space="default" amount="2097152" count="1" timems="0.064" reason="excessive time being spent in gc" timestamp="2019-06-16T05:50:29.481" />
<gc-end id="989" type="partial gc" contextid="983" durationms="4.606" usertimems="4.000" systemtimems="0.000" timestamp="2019-06-16T05:50:29.481" activeThreads="1">
  <mem-info id="990" free="125829120" total="209715200" percent="60">
    <mem type="eden" free="427688" total="1048576" percent="40" />
    <arraylet-primitive objects="2" leaves="2" largest="1" />
    <remembered-set count="48000" freebytes="8179200" totalbytes="8371200" percent="97" regionsoverflowed="0" regionsstable="2" regionsrebuilding="0"/>
  </mem-info>
</gc-end>
<cycle-end id="991" type="partial gc" contextid="983" timestamp="2019-06-16T05:50:29.482" />
  <attribute name="elasticGC enabled" value="1" />
  <attribute name= "numThreadsSpecified" value="1" />
  <attribute name="heapSize specified" value="0" />
  <attribute name="Current GC Util" value="54" />
  <attribute name= "Current Time Running" value="3033" />
  <attribute name ="GC Interval" value="0" />
  <attribute name="ProportionalT" value="51.000000" />
  <attribute name="ProportionalI" value="51.000000" />
  <attribute name="ProportionalH" value="51.000000" />
  <attribute name="Current Error" value="34.000000" />
  <attribute name="IntegralT" value="0.000000" />
  <attribute name="IntegralI" value="0.000000" />
  <attribute name="IntegralH" value="0.000000" />
  <attribute name="DerivativeT" value="inf" />
  <attribute name="DerivativeI" value="inf" />
  <attribute name="DerivativeH" value="inf" />
  <attribute name="Loop Time for DT" value="0.000000" />
  <attribute name="Output H" value="8388608"/>
  <attribute name="Output I" value="200"/>
  <attribute name="Output T" value="1"/>
  <attribute name="Target GC Util Change" value ="20.000000" />
  <attribute name="Current GC Util Change" value="54.000000"/>
  <attribute name="GC Util currently" value="54" />
  <attribute name="CPU Util currently" value="18600683282148" />
<exclusive-end id="992" timestamp="2019-06-16T05:50:29.482" durationms="5.514" />

<exclusive-start id="993" timestamp="2019-06-16T05:50:29.512" intervalms="35.229">
  <response-info timems="0.024" idlems="0.024" threads="0" lastid="000000000283F100" lastname="Thread-10" />
</exclusive-start>
<allocation-taxation id="994" taxation-threshold="58720256" timestamp="2019-06-16T05:50:29.512" intervalms="35.147" />
<cycle-start id="995" type="partial gc" contextid="0" timestamp="2019-06-16T05:50:29.512" intervalms="35.032" />
<gc-start id="996" type="partial gc" contextid="995" timestamp="2019-06-16T05:50:29.512">
  <mem-info id="997" free="67108864" total="209715200" percent="32">
    <mem type="eden" free="0" total="58720256" percent="0" />
    <arraylet-primitive objects="2" leaves="2" largest="1" />
    <remembered-set count="47808" freebytes="8179968" totalbytes="8371200" percent="97" regionsoverflowed="0" regionsstable="2" regionsrebuilding="0"/>
  </mem-info>
</gc-start>
<allocation-stats totalBytes="58712656" >
  <allocated-bytes non-tlh="0" tlh="58712656" arrayletleaf="0"/>
  <largest-consumer threadName="Thread-10" threadId="000000000283F100" bytes="15980464" />
</allocation-stats>
<gc-op id="998" type="copy forward" timems="3.186" contextid="995" timestamp="2019-06-16T05:50:29.516">
  <memory-copied type="eden" objects="14492" bytes="624040" bytesdiscarded="0" />
  <memory-copied type="other" objects="11874" bytes="559728" bytesdiscarded="0" />
  <memory-cardclean objects="2003" bytes="101416" />
  <regions eden="56" other="2" />
  <remembered-set-cleared processed="43345" cleared="779" durationms="0.434" />
  <stringconstants candidates="4597" cleared="0"  />
</gc-op>
<gc-op id="999" type="classunload" timems="0.002" contextid="995" timestamp="2019-06-16T05:50:29.516">
  <classunload-info classloadercandidates="8" classloadersunloaded="0" classesunloaded="0" anonymousclassesunloaded="0" quiescems="0.000" setupms="0.002" scanms="0.000" postms="0.000" />
</gc-op>
<heap-resize id="1000" type="expand" space="default" amount="3145728" count="1" timems="0.070" reason="excessive time being spent in gc" timestamp="2019-06-16T05:50:29.516" />
<gc-end id="1001" type="partial gc" contextid="995" durationms="4.317" usertimems="4.000" systemtimems="0.000" timestamp="2019-06-16T05:50:29.516" activeThreads="1">
  <mem-info id="1002" free="127926272" total="212860928" percent="60">
    <mem type="eden" free="424536" total="1048576" percent="40" />
    <arraylet-primitive objects="2" leaves="2" largest="1" />
    <remembered-set count="48544" freebytes="8302592" totalbytes="8496768" percent="97" regionsoverflowed="0" regionsstable="2" regionsrebuilding="0"/>
  </mem-info>
</gc-end>
<cycle-end id="1003" type="partial gc" contextid="995" timestamp="2019-06-16T05:50:29.516" />
  <attribute name="elasticGC enabled" value="1" />
  <attribute name= "numThreadsSpecified" value="1" />
  <attribute name="heapSize specified" value="0" />
  <attribute name="Current GC Util" value="60" />
  <attribute name= "Current Time Running" value="3068" />
  <attribute name ="GC Interval" value="0" />
  <attribute name="ProportionalT" value="60.000000" />
  <attribute name="ProportionalI" value="60.000000" />
  <attribute name="ProportionalH" value="60.000000" />
  <attribute name="Current Error" value="40.000000" />
  <attribute name="IntegralT" value="0.000000" />
  <attribute name="IntegralI" value="0.000000" />
  <attribute name="IntegralH" value="0.000000" />
  <attribute name="DerivativeT" value="inf" />
  <attribute name="DerivativeI" value="inf" />
  <attribute name="DerivativeH" value="inf" />
  <attribute name="Loop Time for DT" value="0.000000" />
  <attribute name="Output H" value="8388608"/>
  <attribute name="Output I" value="200"/>
  <attribute name="Output T" value="1"/>
  <attribute name="Target GC Util Change" value ="20.000000" />
  <attribute name="Current GC Util Change" value="60.000000"/>
  <attribute name="GC Util currently" value="60" />
  <attribute name="CPU Util currently" value="21729866024817" />
<exclusive-end id="1004" timestamp="2019-06-16T05:50:29.517" durationms="5.047" />

<exclusive-start id="1005" timestamp="2019-06-16T05:50:29.546" intervalms="34.556">
  <response-info timems="0.024" idlems="0.024" threads="0" lastid="0000000002837900" lastname="Thread-7" />
</exclusive-start>
<allocation-taxation id="1006" taxation-threshold="59768832" timestamp="2019-06-16T05:50:29.546" intervalms="34.567" />
<cycle-start id="1007" type="partial gc" contextid="0" timestamp="2019-06-16T05:50:29.546" intervalms="34.628" />
<gc-start id="1008" type="partial gc" contextid="1007" timestamp="2019-06-16T05:50:29.547">
  <mem-info id="1009" free="68157440" total="212860928" percent="32">
    <mem type="eden" free="0" total="59768832" percent="0" />
    <arraylet-primitive objects="2" leaves="2" largest="1" />
    <remembered-set count="48096" freebytes="8304384" totalbytes="8496768" percent="97" regionsoverflowed="0" regionsstable="2" regionsrebuilding="0"/>
  </mem-info>
</gc-start>
<allocation-stats totalBytes="59761536" >
  <allocated-bytes non-tlh="0" tlh="59761536" arrayletleaf="0"/>
  <largest-consumer threadName="Thread-10" threadId="000000000283F100" bytes="18151144" />
</allocation-stats>
<gc-op id="1010" type="copy forward" timems="3.824" contextid="1007" timestamp="2019-06-16T05:50:29.551">
  <memory-copied type="eden" objects="5292" bytes="128680" bytesdiscarded="0" />
  <memory-copied type="other" objects="26076" bytes="1175328" bytesdiscarded="0" />
  <memory-cardclean objects="1974" bytes="100240" />
  <regions eden="57" other="3" />
  <remembered-set-cleared processed="43457" cleared="891" durationms="0.429" />
  <stringconstants candidates="4597" cleared="0"  />
</gc-op>
<gc-op id="1011" type="classunload" timems="0.002" contextid="1007" timestamp="2019-06-16T05:50:29.551">
  <classunload-info classloadercandidates="8" classloadersunloaded="0" classesunloaded="0" anonymousclassesunloaded="0" quiescems="0.000" setupms="0.002" scanms="0.000" postms="0.000" />
</gc-op>
<heap-resize id="1012" type="expand" space="default" amount="2097152" count="1" timems="0.065" reason="excessive time being spent in gc" timestamp="2019-06-16T05:50:29.551" />
<gc-end id="1013" type="partial gc" contextid="1007" durationms="5.014" usertimems="4.000" systemtimems="0.000" timestamp="2019-06-16T05:50:29.552" activeThreads="1">
  <mem-info id="1014" free="128974848" total="214958080" percent="60">
    <mem type="eden" free="919896" total="1048576" percent="87" />
    <arraylet-primitive objects="2" leaves="2" largest="1" />
    <remembered-set count="49568" freebytes="8382208" totalbytes="8580480" percent="97" regionsoverflowed="0" regionsstable="2" regionsrebuilding="0"/>
  </mem-info>
</gc-end>
<cycle-end id="1015" type="partial gc" contextid="1007" timestamp="2019-06-16T05:50:29.552" />
  <attribute name="elasticGC enabled" value="1" />
  <attribute name= "numThreadsSpecified" value="1" />
  <attribute name="heapSize specified" value="0" />
  <attribute name="Current GC Util" value="57" />
  <attribute name= "Current Time Running" value="3103" />
  <attribute name ="GC Interval" value="0" />
  <attribute name="ProportionalT" value="55.500000" />
  <attribute name="ProportionalI" value="55.500000" />
  <attribute name="ProportionalH" value="55.500000" />
  <attribute name="Current Error" value="37.000000" />
  <attribute name="IntegralT" value="0.000000" />
  <attribute name="IntegralI" value="0.000000" />
  <attribute name="IntegralH" value="0.000000" />
  <attribute name="DerivativeT" value="inf" />
  <attribute name="DerivativeI" value="inf" />
  <attribute name="DerivativeH" value="inf" />
  <attribute name="Loop Time for DT" value="0.000000" />
  <attribute name="Output H" value="8388608"/>
  <attribute name="Output I" value="200"/>
  <attribute name="Output T" value="1"/>
  <attribute name="Target GC Util Change" value ="20.000000" />
  <attribute name="Current GC Util Change" value="57.000000"/>
  <attribute name="GC Util currently" value="57" />
  <attribute name="CPU Util currently" value="21547417388666" />
<exclusive-end id="1016" timestamp="2019-06-16T05:50:29.552" durationms="5.872" />

<exclusive-start id="1017" timestamp="2019-06-16T05:50:29.580" intervalms="33.811">
  <response-info timems="0.022" idlems="0.022" threads="0" lastid="0000000002833D00" lastname="Thread-8" />
</exclusive-start>
<allocation-taxation id="1018" taxation-threshold="59768832" timestamp="2019-06-16T05:50:29.580" intervalms="33.925" />
<cycle-start id="1019" type="partial gc" contextid="0" timestamp="2019-06-16T05:50:29.580" intervalms="33.992" />
<gc-start id="1020" type="partial gc" contextid="1019" timestamp="2019-06-16T05:50:29.581">
  <mem-info id="1021" free="69206016" total="214958080" percent="32">
    <mem type="eden" free="0" total="59768832" percent="0" />
    <arraylet-primitive objects="2" leaves="2" largest="1" />
    <remembered-set count="49248" freebytes="8383488" totalbytes="8580480" percent="97" regionsoverflowed="0" regionsstable="2" regionsrebuilding="0"/>
  </mem-info>
</gc-start>
<allocation-stats totalBytes="59762032" >
  <allocated-bytes non-tlh="0" tlh="59762032" arrayletleaf="0"/>
  <largest-consumer threadName="Thread-10" threadId="000000000283F100" bytes="19601344" />
</allocation-stats>
<gc-op id="1022" type="copy forward" timems="4.007" contextid="1019" timestamp="2019-06-16T05:50:29.585">
  <memory-copied type="eden" objects="4932" bytes="120208" bytesdiscarded="0" />
  <memory-copied type="other" objects="30589" bytes="1283640" bytesdiscarded="0" />
  <memory-cardclean objects="1504" bytes="77680" />
  <regions eden="57" other="3" />
  <remembered-set-cleared processed="43929" cleared="1192" durationms="0.465" />
  <stringconstants candidates="4597" cleared="0"  />
</gc-op>
<gc-op id="1023" type="classunload" timems="0.003" contextid="1019" timestamp="2019-06-16T05:50:29.586">
  <classunload-info classloadercandidates="8" classloadersunloaded="0" classesunloaded="0" anonymousclassesunloaded="0" quiescems="0.000" setupms="0.002" scanms="0.000" postms="0.000" />
</gc-op>
<heap-resize id="1024" type="expand" space="default" amount="3145728" count="1" timems="0.078" reason="excessive time being spent in gc" timestamp="2019-06-16T05:50:29.586" />
<gc-end id="1025" type="partial gc" contextid="1019" durationms="5.493" usertimems="0.000" systemtimems="4.000" timestamp="2019-06-16T05:50:29.586" activeThreads="1">
  <mem-info id="1026" free="131072000" total="218103808" percent="60">
    <mem type="eden" free="928368" total="1048576" percent="88" />
    <arraylet-primitive objects="2" leaves="2" largest="1" />
    <remembered-set count="50752" freebytes="8503040" totalbytes="8706048" percent="97" regionsoverflowed="0" regionsstable="2" regionsrebuilding="0"/>
  </mem-info>
</gc-end>
<cycle-end id="1027" type="partial gc" contextid="1019" timestamp="2019-06-16T05:50:29.586" />
  <attribute name="elasticGC enabled" value="1" />
  <attribute name= "numThreadsSpecified" value="1" />
  <attribute name="heapSize specified" value="0" />
  <attribute name="Current GC Util" value="62" />
  <attribute name= "Current Time Running" value="3137" />
  <attribute name ="GC Interval" value="0" />
  <attribute name="ProportionalT" value="63.000000" />
  <attribute name="ProportionalI" value="63.000000" />
  <attribute name="ProportionalH" value="63.000000" />
  <attribute name="Current Error" value="42.000000" />
  <attribute name="IntegralT" value="0.000000" />
  <attribute name="IntegralI" value="0.000000" />
  <attribute name="IntegralH" value="0.000000" />
  <attribute name="DerivativeT" value="inf" />
  <attribute name="DerivativeI" value="inf" />
  <attribute name="DerivativeH" value="inf" />
  <attribute name="Loop Time for DT" value="0.000000" />
  <attribute name="Output H" value="8388608"/>
  <attribute name="Output I" value="200"/>
  <attribute name="Output T" value="1"/>
  <attribute name="Target GC Util Change" value ="20.000000" />
  <attribute name="Current GC Util Change" value="62.000000"/>
  <attribute name="GC Util currently" value="62" />
  <attribute name="CPU Util currently" value="15258660530365" />
<exclusive-end id="1028" timestamp="2019-06-16T05:50:29.587" durationms="6.538" />

<exclusive-start id="1029" timestamp="2019-06-16T05:50:29.613" intervalms="33.488">
  <response-info timems="0.022" idlems="0.022" threads="0" lastid="0000000002833D00" lastname="Thread-8" />
</exclusive-start>
<allocation-taxation id="1030" taxation-threshold="60817408" timestamp="2019-06-16T05:50:29.614" intervalms="33.441" />
<cycle-start id="1031" type="partial gc" contextid="0" timestamp="2019-06-16T05:50:29.614" intervalms="33.442" />
<gc-start id="1032" type="partial gc" contextid="1031" timestamp="2019-06-16T05:50:29.614">
  <mem-info id="1033" free="70254592" total="218103808" percent="32">
    <mem type="eden" free="0" total="60817408" percent="0" />
    <arraylet-primitive objects="2" leaves="2" largest="1" />
    <remembered-set count="50304" freebytes="8504832" totalbytes="8706048" percent="97" regionsoverflowed="0" regionsstable="2" regionsrebuilding="0"/>
  </mem-info>
</gc-start>
<allocation-stats totalBytes="60810280" >
  <allocated-bytes non-tlh="0" tlh="60810280" arrayletleaf="0"/>
  <largest-consumer threadName="Thread-8" threadId="0000000002833D00" bytes="18953992" />
</allocation-stats>
<gc-op id="1034" type="copy forward" timems="3.946" contextid="1031" timestamp="2019-06-16T05:50:29.619">
  <memory-copied type="eden" objects="17400" bytes="694248" bytesdiscarded="0" />
  <memory-copied type="other" objects="9559" bytes="229416" bytesdiscarded="0" />
  <memory-cardclean objects="15949" bytes="850264" />
  <regions eden="58" other="2" />
  <remembered-set-cleared processed="44815" cleared="1138" durationms="0.472" />
  <stringconstants candidates="4597" cleared="0"  />
</gc-op>
<gc-op id="1035" type="classunload" timems="0.002" contextid="1031" timestamp="2019-06-16T05:50:29.619">
  <classunload-info classloadercandidates="8" classloadersunloaded="0" classesunloaded="0" anonymousclassesunloaded="0" quiescems="0.000" setupms="0.002" scanms="0.000" postms="0.000" />
</gc-op>
<heap-resize id="1036" type="expand" space="default" amount="2097152" count="1" timems="0.074" reason="excessive time being spent in gc" timestamp="2019-06-16T05:50:29.619" />
<gc-end id="1037" type="partial gc" contextid="1031" durationms="5.405" usertimems="4.000" systemtimems="0.000" timestamp="2019-06-16T05:50:29.619" activeThreads="1">
  <mem-info id="1038" free="132120576" total="220200960" percent="60">
    <mem type="eden" free="354328" total="1048576" percent="33" />
    <arraylet-primitive objects="2" leaves="2" largest="1" />
    <remembered-set count="51776" freebytes="8582656" totalbytes="8789760" percent="97" regionsoverflowed="0" regionsstable="2" regionsrebuilding="0"/>
  </mem-info>
</gc-end>
<cycle-end id="1039" type="partial gc" contextid="1031" timestamp="2019-06-16T05:50:29.620" />
  <attribute name="elasticGC enabled" value="1" />
  <attribute name= "numThreadsSpecified" value="1" />
  <attribute name="heapSize specified" value="0" />
  <attribute name="Current GC Util" value="62" />
  <attribute name= "Current Time Running" value="3170" />
  <attribute name ="GC Interval" value="0" />
  <attribute name="ProportionalT" value="63.000000" />
  <attribute name="ProportionalI" value="63.000000" />
  <attribute name="ProportionalH" value="63.000000" />
  <attribute name="Current Error" value="42.000000" />
  <attribute name="IntegralT" value="0.000000" />
  <attribute name="IntegralI" value="0.000000" />
  <attribute name="IntegralH" value="0.000000" />
  <attribute name="DerivativeT" value="inf" />
  <attribute name="DerivativeI" value="inf" />
  <attribute name="DerivativeH" value="inf" />
  <attribute name="Loop Time for DT" value="0.000000" />
  <attribute name="Output H" value="8388608"/>
  <attribute name="Output I" value="200"/>
  <attribute name="Output T" value="1"/>
  <attribute name="Target GC Util Change" value ="20.000000" />
  <attribute name="Current GC Util Change" value="62.000000"/>
  <attribute name="GC Util currently" value="62" />
  <attribute name="CPU Util currently" value="16186181866006" />
<exclusive-end id="1040" timestamp="2019-06-16T05:50:29.620" durationms="6.369" />

<exclusive-start id="1041" timestamp="2019-06-16T05:50:29.651" intervalms="37.575">
  <response-info timems="0.552" idlems="0.303" threads="1" lastid="0000000002833D00" lastname="Thread-8" />
</exclusive-start>
<allocation-taxation id="1042" taxation-threshold="60817408" timestamp="2019-06-16T05:50:29.651" intervalms="37.617" />
<cycle-start id="1043" type="partial gc" contextid="0" timestamp="2019-06-16T05:50:29.651" intervalms="37.624" />
<gc-start id="1044" type="partial gc" contextid="1043" timestamp="2019-06-16T05:50:29.652">
  <mem-info id="1045" free="71303168" total="220200960" percent="32">
    <mem type="eden" free="0" total="60817408" percent="0" />
    <arraylet-primitive objects="2" leaves="2" largest="1" />
    <remembered-set count="51328" freebytes="8584448" totalbytes="8789760" percent="97" regionsoverflowed="0" regionsstable="2" regionsrebuilding="0"/>
  </mem-info>
</gc-start>
<allocation-stats totalBytes="60810824" >
  <allocated-bytes non-tlh="0" tlh="60810824" arrayletleaf="0"/>
  <largest-consumer threadName="Thread-10" threadId="000000000283F100" bytes="18860232" />
</allocation-stats>
<gc-op id="1046" type="copy forward" timems="4.751" contextid="1043" timestamp="2019-06-16T05:50:29.657">
  <memory-copied type="eden" objects="18026" bytes="709168" bytesdiscarded="0" />
  <memory-copied type="other" objects="21657" bytes="794520" bytesdiscarded="0" />
  <memory-cardclean objects="11724" bytes="579904" />
  <regions eden="58" other="2" />
  <remembered-set-cleared processed="45908" cleared="1323" durationms="0.521" />
  <stringconstants candidates="4597" cleared="0"  />
</gc-op>
<gc-op id="1047" type="classunload" timems="0.003" contextid="1043" timestamp="2019-06-16T05:50:29.658">
  <classunload-info classloadercandidates="8" classloadersunloaded="0" classesunloaded="0" anonymousclassesunloaded="0" quiescems="0.000" setupms="0.003" scanms="0.000" postms="0.000" />
</gc-op>
<heap-resize id="1048" type="expand" space="default" amount="3145728" count="1" timems="0.081" reason="excessive time being spent in gc" timestamp="2019-06-16T05:50:29.658" />
<gc-end id="1049" type="partial gc" contextid="1043" durationms="6.272" usertimems="4.000" systemtimems="0.000" timestamp="2019-06-16T05:50:29.658" activeThreads="1">
  <mem-info id="1050" free="134217728" total="223346688" percent="60">
    <mem type="eden" free="339408" total="1048576" percent="32" />
    <arraylet-primitive objects="2" leaves="2" largest="1" />
    <remembered-set count="52704" freebytes="8704512" totalbytes="8915328" percent="97" regionsoverflowed="0" regionsstable="2" regionsrebuilding="0"/>
  </mem-info>
</gc-end>
<cycle-end id="1051" type="partial gc" contextid="1043" timestamp="2019-06-16T05:50:29.658" />
  <attribute name="elasticGC enabled" value="1" />
  <attribute name= "numThreadsSpecified" value="1" />
  <attribute name="heapSize specified" value="0" />
  <attribute name="Current GC Util" value="62" />
  <attribute name= "Current Time Running" value="3208" />
  <attribute name ="GC Interval" value="0" />
  <attribute name="ProportionalT" value="63.000000" />
  <attribute name="ProportionalI" value="63.000000" />
  <attribute name="ProportionalH" value="63.000000" />
  <attribute name="Current Error" value="42.000000" />
  <attribute name="IntegralT" value="0.000000" />
  <attribute name="IntegralI" value="0.000000" />
  <attribute name="IntegralH" value="0.000000" />
  <attribute name="DerivativeT" value="inf" />
  <attribute name="DerivativeI" value="inf" />
  <attribute name="DerivativeH" value="inf" />
  <attribute name="Loop Time for DT" value="0.000000" />
  <attribute name="Output H" value="8388608"/>
  <attribute name="Output I" value="200"/>
  <attribute name="Output T" value="1"/>
  <attribute name="Target GC Util Change" value ="20.000000" />
  <attribute name="Current GC Util Change" value="62.000000"/>
  <attribute name="GC Util currently" value="62" />
  <attribute name="CPU Util currently" value="15089706778473" />
<exclusive-end id="1052" timestamp="2019-06-16T05:50:29.659" durationms="7.520" />

<exclusive-start id="1053" timestamp="2019-06-16T05:50:29.689" intervalms="38.359">
  <response-info timems="0.046" idlems="0.045" threads="1" lastid="000000000283F100" lastname="Thread-10" />
</exclusive-start>
<allocation-taxation id="1054" taxation-threshold="61865984" timestamp="2019-06-16T05:50:29.690" intervalms="38.368" />
<cycle-start id="1055" type="partial gc" contextid="0" timestamp="2019-06-16T05:50:29.690" intervalms="38.273" />
<gc-start id="1056" type="partial gc" contextid="1055" timestamp="2019-06-16T05:50:29.690">
  <mem-info id="1057" free="72351744" total="223346688" percent="32">
    <mem type="eden" free="0" total="61865984" percent="0" />
    <arraylet-primitive objects="2" leaves="2" largest="1" />
    <remembered-set count="52480" freebytes="8705408" totalbytes="8915328" percent="97" regionsoverflowed="0" regionsstable="2" regionsrebuilding="0"/>
  </mem-info>
</gc-start>
<allocation-stats totalBytes="61858592" >
  <allocated-bytes non-tlh="0" tlh="61858592" arrayletleaf="0"/>
  <largest-consumer threadName="Thread-9" threadId="000000000283B500" bytes="19638256" />
</allocation-stats>
<gc-op id="1058" type="copy forward" timems="4.635" contextid="1055" timestamp="2019-06-16T05:50:29.695">
  <memory-copied type="eden" objects="7888" bytes="328120" bytesdiscarded="0" />
  <memory-copied type="other" objects="30980" bytes="1155648" bytesdiscarded="0" />
  <memory-cardclean objects="11429" bytes="566248" />
  <regions eden="59" other="3" />
  <remembered-set-cleared processed="46380" cleared="1795" durationms="0.481" />
  <stringconstants candidates="4597" cleared="0"  />
</gc-op>
<gc-op id="1059" type="classunload" timems="0.002" contextid="1055" timestamp="2019-06-16T05:50:29.696">
  <classunload-info classloadercandidates="8" classloadersunloaded="0" classesunloaded="0" anonymousclassesunloaded="0" quiescems="0.000" setupms="0.002" scanms="0.000" postms="0.000" />
</gc-op>
<heap-resize id="1060" type="expand" space="default" amount="2097152" count="1" timems="0.065" reason="excessive time being spent in gc" timestamp="2019-06-16T05:50:29.696" />
<gc-end id="1061" type="partial gc" contextid="1055" durationms="6.061" usertimems="8.000" systemtimems="0.000" timestamp="2019-06-16T05:50:29.696" activeThreads="1">
  <mem-info id="1062" free="135266304" total="225443840" percent="60">
    <mem type="eden" free="720456" total="1048576" percent="68" />
    <arraylet-primitive objects="2" leaves="2" largest="1" />
    <remembered-set count="52704" freebytes="8788224" totalbytes="8999040" percent="97" regionsoverflowed="0" regionsstable="2" regionsrebuilding="0"/>
  </mem-info>
</gc-end>
<cycle-end id="1063" type="partial gc" contextid="1055" timestamp="2019-06-16T05:50:29.696" />
  <attribute name="elasticGC enabled" value="1" />
  <attribute name= "numThreadsSpecified" value="1" />
  <attribute name="heapSize specified" value="0" />
  <attribute name="Current GC Util" value="66" />
  <attribute name= "Current Time Running" value="3246" />
  <attribute name ="GC Interval" value="0" />
  <attribute name="ProportionalT" value="69.000000" />
  <attribute name="ProportionalI" value="69.000000" />
  <attribute name="ProportionalH" value="69.000000" />
  <attribute name="Current Error" value="46.000000" />
  <attribute name="IntegralT" value="0.000000" />
  <attribute name="IntegralI" value="0.000000" />
  <attribute name="IntegralH" value="0.000000" />
  <attribute name="DerivativeT" value="inf" />
  <attribute name="DerivativeI" value="inf" />
  <attribute name="DerivativeH" value="inf" />
  <attribute name="Loop Time for DT" value="0.000000" />
  <attribute name="Output H" value="8388608"/>
  <attribute name="Output I" value="200"/>
  <attribute name="Output T" value="1"/>
  <attribute name="Target GC Util Change" value ="20.000000" />
  <attribute name="Current GC Util Change" value="66.000000"/>
  <attribute name="GC Util currently" value="66" />
  <attribute name="CPU Util currently" value="15152723720191" />
<exclusive-end id="1064" timestamp="2019-06-16T05:50:29.696" durationms="6.979" />

<exclusive-start id="1065" timestamp="2019-06-16T05:50:29.719" intervalms="29.613">
  <response-info timems="0.031" idlems="0.031" threads="0" lastid="0000000002837900" lastname="Thread-7" />
</exclusive-start>
<allocation-taxation id="1066" taxation-threshold="62914560" timestamp="2019-06-16T05:50:29.719" intervalms="29.601" />
<cycle-start id="1067" type="partial gc" contextid="0" timestamp="2019-06-16T05:50:29.719" intervalms="29.635" />
<gc-start id="1068" type="partial gc" contextid="1067" timestamp="2019-06-16T05:50:29.720">
  <mem-info id="1069" free="72351744" total="225443840" percent="32">
    <mem type="eden" free="0" total="62914560" percent="0" />
    <arraylet-primitive objects="2" leaves="2" largest="1" />
    <remembered-set count="52640" freebytes="8788480" totalbytes="8999040" percent="97" regionsoverflowed="0" regionsstable="2" regionsrebuilding="0"/>
  </mem-info>
</gc-start>
<allocation-stats totalBytes="62907384" >
  <allocated-bytes non-tlh="0" tlh="62907384" arrayletleaf="0"/>
  <largest-consumer threadName="Thread-9" threadId="000000000283B500" bytes="18639200" />
</allocation-stats>
<gc-op id="1070" type="copy forward" timems="4.428" contextid="1067" timestamp="2019-06-16T05:50:29.725">
  <memory-copied type="eden" objects="4367" bytes="106376" bytesdiscarded="0" />
  <memory-copied type="other" objects="34003" bytes="1365576" bytesdiscarded="0" />
  <memory-cardclean objects="6803" bytes="344200" />
  <regions eden="60" other="3" />
  <remembered-set-cleared processed="47085" cleared="1432" durationms="0.492" />
  <stringconstants candidates="4597" cleared="0"  />
</gc-op>
<gc-op id="1071" type="classunload" timems="0.003" contextid="1067" timestamp="2019-06-16T05:50:29.725">
  <classunload-info classloadercandidates="8" classloadersunloaded="0" classesunloaded="0" anonymousclassesunloaded="0" quiescems="0.000" setupms="0.002" scanms="0.000" postms="0.000" />
</gc-op>
<heap-resize id="1072" type="expand" space="default" amount="3145728" count="1" timems="0.071" reason="excessive time being spent in gc" timestamp="2019-06-16T05:50:29.725" />
<gc-end id="1073" type="partial gc" contextid="1067" durationms="5.776" usertimems="8.000" systemtimems="0.000" timestamp="2019-06-16T05:50:29.725" activeThreads="1">
  <mem-info id="1074" free="137363456" total="228589568" percent="60">
    <mem type="eden" free="942200" total="1048576" percent="89" />
    <arraylet-primitive objects="2" leaves="2" largest="1" />
    <remembered-set count="54176" freebytes="8907904" totalbytes="9124608" percent="97" regionsoverflowed="0" regionsstable="2" regionsrebuilding="0"/>
  </mem-info>
</gc-end>
<cycle-end id="1075" type="partial gc" contextid="1067" timestamp="2019-06-16T05:50:29.726" />
  <attribute name="elasticGC enabled" value="1" />
  <attribute name= "numThreadsSpecified" value="1" />
  <attribute name="heapSize specified" value="0" />
  <attribute name="Current GC Util" value="61" />
  <attribute name= "Current Time Running" value="3276" />
  <attribute name ="GC Interval" value="0" />
  <attribute name="ProportionalT" value="61.500000" />
  <attribute name="ProportionalI" value="61.500000" />
  <attribute name="ProportionalH" value="61.500000" />
  <attribute name="Current Error" value="41.000000" />
  <attribute name="IntegralT" value="0.000000" />
  <attribute name="IntegralI" value="0.000000" />
  <attribute name="IntegralH" value="0.000000" />
  <attribute name="DerivativeT" value="inf" />
  <attribute name="DerivativeI" value="inf" />
  <attribute name="DerivativeH" value="inf" />
  <attribute name="Loop Time for DT" value="0.000000" />
  <attribute name="Output H" value="8388608"/>
  <attribute name="Output I" value="200"/>
  <attribute name="Output T" value="1"/>
  <attribute name="Target GC Util Change" value ="20.000000" />
  <attribute name="Current GC Util Change" value="61.000000"/>
  <attribute name="GC Util currently" value="61" />
  <attribute name="CPU Util currently" value="18794747569694" />
<exclusive-end id="1076" timestamp="2019-06-16T05:50:29.726" durationms="6.758" />

<exclusive-start id="1077" timestamp="2019-06-16T05:50:29.750" intervalms="31.080">
  <response-info timems="0.030" idlems="0.030" threads="0" lastid="000000000283B500" lastname="Thread-9" />
</exclusive-start>
<allocation-taxation id="1078" taxation-threshold="62914560" timestamp="2019-06-16T05:50:29.750" intervalms="31.057" />
<cycle-start id="1079" type="partial gc" contextid="0" timestamp="2019-06-16T05:50:29.750" intervalms="31.022" />
<gc-start id="1080" type="partial gc" contextid="1079" timestamp="2019-06-16T05:50:29.751">
  <mem-info id="1081" free="74448896" total="228589568" percent="32">
    <mem type="eden" free="0" total="62914560" percent="0" />
    <arraylet-primitive objects="2" leaves="2" largest="1" />
    <remembered-set count="53984" freebytes="8908672" totalbytes="9124608" percent="97" regionsoverflowed="0" regionsstable="2" regionsrebuilding="0"/>
  </mem-info>
</gc-start>
<allocation-stats totalBytes="62907176" >
  <allocated-bytes non-tlh="0" tlh="62907176" arrayletleaf="0"/>
  <largest-consumer threadName="Thread-10" threadId="000000000283F100" bytes="19310808" />
</allocation-stats>
<gc-op id="1082" type="copy forward" timems="3.115" contextid="1079" timestamp="2019-06-16T05:50:29.754">
  <memory-copied type="eden" objects="5360" bytes="130200" bytesdiscarded="0" />
  <memory-copied type="other" objects="11711" bytes="418440" bytesdiscarded="0" />
  <memory-cardclean objects="9096" bytes="494848" />
  <regions eden="60" other="2" />
  <remembered-set-cleared processed="48399" cleared="789" durationms="0.519" />
  <stringconstants candidates="4597" cleared="0"  />
</gc-op>
<gc-op id="1083" type="classunload" timems="0.002" contextid="1079" timestamp="2019-06-16T05:50:29.755">
  <classunload-info classloadercandidates="8" classloadersunloaded="0" classesunloaded="0" anonymousclassesunloaded="0" quiescems="0.000" setupms="0.002" scanms="0.000" postms="0.000" />
</gc-op>
<heap-resize id="1084" type="expand" space="default" amount="2097152" count="1" timems="0.076" reason="excessive time being spent in gc" timestamp="2019-06-16T05:50:29.755" />
<gc-end id="1085" type="partial gc" contextid="1079" durationms="4.485" usertimems="4.000" systemtimems="0.000" timestamp="2019-06-16T05:50:29.755" activeThreads="1">
  <mem-info id="1086" free="138412032" total="230686720" percent="60">
    <mem type="eden" free="918376" total="1048576" percent="87" />
    <arraylet-primitive objects="2" leaves="2" largest="1" />
    <remembered-set count="55616" freebytes="8985856" totalbytes="9208320" percent="97" regionsoverflowed="0" regionsstable="2" regionsrebuilding="0"/>
  </mem-info>
</gc-end>
<cycle-end id="1087" type="partial gc" contextid="1079" timestamp="2019-06-16T05:50:29.755" />
  <attribute name="elasticGC enabled" value="1" />
  <attribute name= "numThreadsSpecified" value="1" />
  <attribute name="heapSize specified" value="0" />
  <attribute name="Current GC Util" value="54" />
  <attribute name= "Current Time Running" value="3307" />
  <attribute name ="GC Interval" value="0" />
  <attribute name="ProportionalT" value="51.000000" />
  <attribute name="ProportionalI" value="51.000000" />
  <attribute name="ProportionalH" value="51.000000" />
  <attribute name="Current Error" value="34.000000" />
  <attribute name="IntegralT" value="0.000000" />
  <attribute name="IntegralI" value="0.000000" />
  <attribute name="IntegralH" value="0.000000" />
  <attribute name="DerivativeT" value="inf" />
  <attribute name="DerivativeI" value="inf" />
  <attribute name="DerivativeH" value="inf" />
  <attribute name="Loop Time for DT" value="0.000000" />
  <attribute name="Output H" value="8388608"/>
  <attribute name="Output I" value="200"/>
  <attribute name="Output T" value="1"/>
  <attribute name="Target GC Util Change" value ="20.000000" />
  <attribute name="Current GC Util Change" value="54.000000"/>
  <attribute name="GC Util currently" value="54" />
  <attribute name="CPU Util currently" value="16383183732873" />
<exclusive-end id="1088" timestamp="2019-06-16T05:50:29.755" durationms="5.322" />

<exclusive-start id="1089" timestamp="2019-06-16T05:50:29.788" intervalms="37.489">
  <response-info timems="0.039" idlems="0.039" threads="0" lastid="000000000283B500" lastname="Thread-9" />
</exclusive-start>
<allocation-taxation id="1090" taxation-threshold="63963136" timestamp="2019-06-16T05:50:29.788" intervalms="37.523" />
<cycle-start id="1091" type="partial gc" contextid="0" timestamp="2019-06-16T05:50:29.788" intervalms="37.562" />
<gc-start id="1092" type="partial gc" contextid="1091" timestamp="2019-06-16T05:50:29.788">
  <mem-info id="1093" free="74448896" total="230686720" percent="32">
    <mem type="eden" free="0" total="63963136" percent="0" />
    <arraylet-primitive objects="2" leaves="2" largest="1" />
    <remembered-set count="55456" freebytes="8986496" totalbytes="9208320" percent="97" regionsoverflowed="0" regionsstable="2" regionsrebuilding="0"/>
  </mem-info>
</gc-start>
<allocation-stats totalBytes="63955064" >
  <allocated-bytes non-tlh="0" tlh="63955064" arrayletleaf="0"/>
  <largest-consumer threadName="Thread-9" threadId="000000000283B500" bytes="24966280" />
</allocation-stats>
<gc-op id="1094" type="copy forward" timems="3.543" contextid="1091" timestamp="2019-06-16T05:50:29.792">
  <memory-copied type="eden" objects="14753" bytes="630528" bytesdiscarded="0" />
  <memory-copied type="other" objects="9150" bytes="219600" bytesdiscarded="0" />
  <memory-cardclean objects="12885" bytes="646600" />
  <regions eden="61" other="2" />
  <remembered-set-cleared processed="49089" cleared="1022" durationms="0.509" />
  <stringconstants candidates="4597" cleared="0"  />
</gc-op>
<gc-op id="1095" type="classunload" timems="0.002" contextid="1091" timestamp="2019-06-16T05:50:29.793">
  <classunload-info classloadercandidates="8" classloadersunloaded="0" classesunloaded="0" anonymousclassesunloaded="0" quiescems="0.000" setupms="0.002" scanms="0.000" postms="0.000" />
</gc-op>
<heap-resize id="1096" type="expand" space="default" amount="3145728" count="1" timems="0.075" reason="excessive time being spent in gc" timestamp="2019-06-16T05:50:29.793" />
<gc-end id="1097" type="partial gc" contextid="1091" durationms="4.826" usertimems="8.000" systemtimems="0.000" timestamp="2019-06-16T05:50:29.793" activeThreads="1">
  <mem-info id="1098" free="140509184" total="233832448" percent="60">
    <mem type="eden" free="418048" total="1048576" percent="39" />
    <arraylet-primitive objects="2" leaves="2" largest="1" />
    <remembered-set count="56832" freebytes="9106560" totalbytes="9333888" percent="97" regionsoverflowed="0" regionsstable="2" regionsrebuilding="0"/>
  </mem-info>
</gc-end>
<cycle-end id="1099" type="partial gc" contextid="1091" timestamp="2019-06-16T05:50:29.793" />
  <attribute name="elasticGC enabled" value="1" />
  <attribute name= "numThreadsSpecified" value="1" />
  <attribute name="heapSize specified" value="0" />
  <attribute name="Current GC Util" value="63" />
  <attribute name= "Current Time Running" value="3344" />
  <attribute name ="GC Interval" value="0" />
  <attribute name="ProportionalT" value="64.500000" />
  <attribute name="ProportionalI" value="64.500000" />
  <attribute name="ProportionalH" value="64.500000" />
  <attribute name="Current Error" value="43.000000" />
  <attribute name="IntegralT" value="0.000000" />
  <attribute name="IntegralI" value="0.000000" />
  <attribute name="IntegralH" value="0.000000" />
  <attribute name="DerivativeT" value="inf" />
  <attribute name="DerivativeI" value="inf" />
  <attribute name="DerivativeH" value="inf" />
  <attribute name="Loop Time for DT" value="0.000000" />
  <attribute name="Output H" value="8388608"/>
  <attribute name="Output I" value="200"/>
  <attribute name="Output T" value="1"/>
  <attribute name="Target GC Util Change" value ="20.000000" />
  <attribute name="Current GC Util Change" value="63.000000"/>
  <attribute name="GC Util currently" value="63" />
  <attribute name="CPU Util currently" value="17192836100229" />
<exclusive-end id="1100" timestamp="2019-06-16T05:50:29.793" durationms="5.787" />

<exclusive-start id="1101" timestamp="2019-06-16T05:50:29.828" intervalms="40.821">
  <response-info timems="0.034" idlems="0.034" threads="0" lastid="0000000002837900" lastname="Thread-7" />
</exclusive-start>
<allocation-taxation id="1102" taxation-threshold="65011712" timestamp="2019-06-16T05:50:29.829" intervalms="40.829" />
<cycle-start id="1103" type="partial gc" contextid="0" timestamp="2019-06-16T05:50:29.829" intervalms="40.854" />
<gc-start id="1104" type="partial gc" contextid="1103" timestamp="2019-06-16T05:50:29.829">
  <mem-info id="1105" free="75497472" total="233832448" percent="32">
    <mem type="eden" free="0" total="65011712" percent="0" />
    <arraylet-primitive objects="2" leaves="2" largest="1" />
    <remembered-set count="56800" freebytes="9106688" totalbytes="9333888" percent="97" regionsoverflowed="0" regionsstable="2" regionsrebuilding="0"/>
  </mem-info>
</gc-start>
<allocation-stats totalBytes="65004016" >
  <allocated-bytes non-tlh="0" tlh="65004016" arrayletleaf="0"/>
  <largest-consumer threadName="Thread-9" threadId="000000000283B500" bytes="24773800" />
</allocation-stats>
<gc-op id="1106" type="copy forward" timems="3.643" contextid="1103" timestamp="2019-06-16T05:50:29.833">
  <memory-copied type="eden" objects="12701" bytes="447280" bytesdiscarded="0" />
  <memory-copied type="other" objects="13287" bytes="456264" bytesdiscarded="0" />
  <memory-cardclean objects="9856" bytes="486640" />
  <regions eden="62" other="2" />
  <remembered-set-cleared processed="49949" cleared="1076" durationms="0.554" />
  <stringconstants candidates="4597" cleared="0"  />
</gc-op>
<gc-op id="1107" type="classunload" timems="0.002" contextid="1103" timestamp="2019-06-16T05:50:29.833">
  <classunload-info classloadercandidates="8" classloadersunloaded="0" classesunloaded="0" anonymousclassesunloaded="0" quiescems="0.000" setupms="0.002" scanms="0.000" postms="0.000" />
</gc-op>
<heap-resize id="1108" type="expand" space="default" amount="2097152" count="1" timems="0.068" reason="excessive time being spent in gc" timestamp="2019-06-16T05:50:29.834" />
<gc-end id="1109" type="partial gc" contextid="1103" durationms="4.883" usertimems="8.000" systemtimems="0.000" timestamp="2019-06-16T05:50:29.834" activeThreads="1">
  <mem-info id="1110" free="141557760" total="235929600" percent="60">
    <mem type="eden" free="601296" total="1048576" percent="57" />
    <arraylet-primitive objects="2" leaves="2" largest="1" />
    <remembered-set count="57632" freebytes="9187072" totalbytes="9417600" percent="97" regionsoverflowed="0" regionsstable="2" regionsrebuilding="0"/>
  </mem-info>
</gc-end>
<cycle-end id="1111" type="partial gc" contextid="1103" timestamp="2019-06-16T05:50:29.834" />
  <attribute name="elasticGC enabled" value="1" />
  <attribute name= "numThreadsSpecified" value="1" />
  <attribute name="heapSize specified" value="0" />
  <attribute name="Current GC Util" value="63" />
  <attribute name= "Current Time Running" value="3385" />
  <attribute name ="GC Interval" value="0" />
  <attribute name="ProportionalT" value="64.500000" />
  <attribute name="ProportionalI" value="64.500000" />
  <attribute name="ProportionalH" value="64.500000" />
  <attribute name="Current Error" value="43.000000" />
  <attribute name="IntegralT" value="0.000000" />
  <attribute name="IntegralI" value="0.000000" />
  <attribute name="IntegralH" value="0.000000" />
  <attribute name="DerivativeT" value="inf" />
  <attribute name="DerivativeI" value="inf" />
  <attribute name="DerivativeH" value="inf" />
  <attribute name="Loop Time for DT" value="0.000000" />
  <attribute name="Output H" value="8388608"/>
  <attribute name="Output I" value="200"/>
  <attribute name="Output T" value="1"/>
  <attribute name="Target GC Util Change" value ="20.000000" />
  <attribute name="Current GC Util Change" value="63.000000"/>
  <attribute name="GC Util currently" value="63" />
  <attribute name="CPU Util currently" value="19937253061058" />
<exclusive-end id="1112" timestamp="2019-06-16T05:50:29.834" durationms="5.953" />

<exclusive-start id="1113" timestamp="2019-06-16T05:50:29.873" intervalms="44.501">
  <response-info timems="0.037" idlems="0.037" threads="0" lastid="000000000283B500" lastname="Thread-9" />
</exclusive-start>
<allocation-taxation id="1114" taxation-threshold="65011712" timestamp="2019-06-16T05:50:29.873" intervalms="44.516" />
<cycle-start id="1115" type="partial gc" contextid="0" timestamp="2019-06-16T05:50:29.873" intervalms="44.420" />
<gc-start id="1116" type="partial gc" contextid="1115" timestamp="2019-06-16T05:50:29.873">
  <mem-info id="1117" free="76546048" total="235929600" percent="32">
    <mem type="eden" free="0" total="65011712" percent="0" />
    <arraylet-primitive objects="2" leaves="2" largest="1" />
    <remembered-set count="57600" freebytes="9187200" totalbytes="9417600" percent="97" regionsoverflowed="0" regionsstable="2" regionsrebuilding="0"/>
  </mem-info>
</gc-start>
<allocation-stats totalBytes="65003048" >
  <allocated-bytes non-tlh="0" tlh="65003048" arrayletleaf="0"/>
  <largest-consumer threadName="Thread-9" threadId="000000000283B500" bytes="20669952" />
</allocation-stats>
<gc-op id="1118" type="copy forward" timems="2.001" contextid="1115" timestamp="2019-06-16T05:50:29.876">
  <memory-copied type="eden" objects="16411" bytes="807400" bytesdiscarded="67440" />
  <memory-copied type="other" objects="5496" bytes="131904" bytesdiscarded="14984" />
  <memory-cardclean objects="4519" bytes="230512" />
  <regions eden="62" other="2" />
  <remembered-set-cleared processed="50875" cleared="850" durationms="0.240" />
  <stringconstants candidates="4597" cleared="0"  />
</gc-op>
<gc-op id="1119" type="classunload" timems="0.002" contextid="1115" timestamp="2019-06-16T05:50:29.876">
  <classunload-info classloadercandidates="8" classloadersunloaded="0" classesunloaded="0" anonymousclassesunloaded="0" quiescems="0.000" setupms="0.002" scanms="0.000" postms="0.000" />
</gc-op>
<heap-resize id="1120" type="expand" space="default" amount="3145728" count="1" timems="0.081" reason="excessive time being spent in gc" timestamp="2019-06-16T05:50:29.877" />
<gc-end id="1121" type="partial gc" contextid="1115" durationms="3.292" usertimems="8.000" systemtimems="0.000" timestamp="2019-06-16T05:50:29.877" activeThreads="4">
  <mem-info id="1122" free="143654912" total="239075328" percent="60">
    <mem type="eden" free="173736" total="1048576" percent="16" />
    <arraylet-primitive objects="2" leaves="2" largest="1" />
    <remembered-set count="56480" freebytes="9317248" totalbytes="9543168" percent="97" regionsoverflowed="0" regionsstable="2" regionsrebuilding="0"/>
  </mem-info>
</gc-end>
<cycle-end id="1123" type="partial gc" contextid="1115" timestamp="2019-06-16T05:50:29.877" />
  <attribute name="elasticGC enabled" value="1" />
  <attribute name= "numThreadsSpecified" value="4" />
  <attribute name="heapSize specified" value="0" />
  <attribute name="Current GC Util" value="55" />
  <attribute name= "Current Time Running" value="3430" />
  <attribute name ="GC Interval" value="0" />
  <attribute name="ProportionalT" value="52.500000" />
  <attribute name="ProportionalI" value="52.500000" />
  <attribute name="ProportionalH" value="52.500000" />
  <attribute name="Current Error" value="35.000000" />
  <attribute name="IntegralT" value="35.000000" />
  <attribute name="IntegralI" value="35.000000" />
  <attribute name="IntegralH" value="35.000000" />
  <attribute name="DerivativeT" value="35.000000" />
  <attribute name="DerivativeI" value="35.000000" />
  <attribute name="DerivativeH" value="35.000000" />
  <attribute name="Loop Time for DT" value="1.000000" />
  <attribute name="Output H" value="8388608"/>
  <attribute name="Output I" value="200"/>
  <attribute name="Output T" value="4"/>
  <attribute name="Target GC Util Change" value ="20.000000" />
  <attribute name="Current GC Util Change" value="55.000000"/>
  <attribute name="GC Util currently" value="55" />
  <attribute name="CPU Util currently" value="15754006256363" />
<exclusive-end id="1124" timestamp="2019-06-16T05:50:29.877" durationms="4.201" />

<exclusive-start id="1125" timestamp="2019-06-16T05:50:29.922" intervalms="49.552">
  <response-info timems="0.038" idlems="0.038" threads="0" lastid="000000000283B500" lastname="Thread-9" />
</exclusive-start>
<allocation-taxation id="1126" taxation-threshold="66060288" timestamp="2019-06-16T05:50:29.923" intervalms="49.534" />
<cycle-start id="1127" type="partial gc" contextid="0" timestamp="2019-06-16T05:50:29.923" intervalms="49.603" />
<gc-start id="1128" type="partial gc" contextid="1127" timestamp="2019-06-16T05:50:29.923">
  <mem-info id="1129" free="77594624" total="239075328" percent="32">
    <mem type="eden" free="0" total="66060288" percent="0" />
    <arraylet-primitive objects="2" leaves="2" largest="1" />
    <remembered-set count="56320" freebytes="9317888" totalbytes="9543168" percent="97" regionsoverflowed="0" regionsstable="2" regionsrebuilding="0"/>
  </mem-info>
</gc-start>
<allocation-stats totalBytes="66051008" >
  <allocated-bytes non-tlh="0" tlh="66051008" arrayletleaf="0"/>
  <largest-consumer threadName="Thread-7" threadId="0000000002837900" bytes="22070312" />
</allocation-stats>
<gc-op id="1130" type="copy forward" timems="3.514" contextid="1127" timestamp="2019-06-16T05:50:29.927">
  <memory-copied type="eden" objects="4040" bytes="98288" bytesdiscarded="0" />
  <memory-copied type="other" objects="18211" bytes="849192" bytesdiscarded="0" />
  <memory-cardclean objects="3060" bytes="152368" />
  <regions eden="63" other="2" />
  <remembered-set-cleared processed="51308" cleared="701" durationms="0.559" />
  <stringconstants candidates="4597" cleared="0"  />
</gc-op>
<gc-op id="1131" type="classunload" timems="0.003" contextid="1127" timestamp="2019-06-16T05:50:29.927">
  <classunload-info classloadercandidates="8" classloadersunloaded="0" classesunloaded="0" anonymousclassesunloaded="0" quiescems="0.000" setupms="0.002" scanms="0.000" postms="0.000" />
</gc-op>
<gc-end id="1132" type="partial gc" contextid="1127" durationms="4.638" usertimems="8.000" systemtimems="0.000" timestamp="2019-06-16T05:50:29.928" activeThreads="1">
  <mem-info id="1133" free="142606336" total="239075328" percent="59">
    <mem type="eden" free="950288" total="1048576" percent="90" />
    <arraylet-primitive objects="2" leaves="2" largest="1" />
    <remembered-set count="57376" freebytes="9313664" totalbytes="9543168" percent="97" regionsoverflowed="0" regionsstable="2" regionsrebuilding="0"/>
  </mem-info>
</gc-end>
<cycle-end id="1134" type="partial gc" contextid="1127" timestamp="2019-06-16T05:50:29.928" />
  <attribute name="elasticGC enabled" value="1" />
  <attribute name= "numThreadsSpecified" value="1" />
  <attribute name="heapSize specified" value="0" />
  <attribute name="Current GC Util" value="52" />
  <attribute name= "Current Time Running" value="3479" />
  <attribute name ="GC Interval" value="0" />
  <attribute name="ProportionalT" value="48.000000" />
  <attribute name="ProportionalI" value="48.000000" />
  <attribute name="ProportionalH" value="48.000000" />
  <attribute name="Current Error" value="32.000000" />
  <attribute name="IntegralT" value="0.000000" />
  <attribute name="IntegralI" value="0.000000" />
  <attribute name="IntegralH" value="0.000000" />
  <attribute name="DerivativeT" value="inf" />
  <attribute name="DerivativeI" value="inf" />
  <attribute name="DerivativeH" value="inf" />
  <attribute name="Loop Time for DT" value="0.000000" />
  <attribute name="Output H" value="8388608"/>
  <attribute name="Output I" value="200"/>
  <attribute name="Output T" value="1"/>
  <attribute name="Target GC Util Change" value ="20.000000" />
  <attribute name="Current GC Util Change" value="52.000000"/>
  <attribute name="GC Util currently" value="52" />
  <attribute name="CPU Util currently" value="16472189697712" />
<exclusive-end id="1135" timestamp="2019-06-16T05:50:29.928" durationms="5.646" />

<exclusive-start id="1136" timestamp="2019-06-16T05:50:29.970" intervalms="47.950">
  <response-info timems="0.033" idlems="0.033" threads="0" lastid="000000000283F100" lastname="Thread-10" />
</exclusive-start>
<allocation-taxation id="1137" taxation-threshold="66060288" timestamp="2019-06-16T05:50:29.973" intervalms="50.697" />
<cycle-start id="1138" type="partial gc" contextid="0" timestamp="2019-06-16T05:50:29.974" intervalms="50.767" />
<gc-start id="1139" type="partial gc" contextid="1138" timestamp="2019-06-16T05:50:29.974">
  <mem-info id="1140" free="76546048" total="239075328" percent="32">
    <mem type="eden" free="0" total="66060288" percent="0" />
    <arraylet-primitive objects="2" leaves="2" largest="1" />
    <remembered-set count="57280" freebytes="9314048" totalbytes="9543168" percent="97" regionsoverflowed="0" regionsstable="2" regionsrebuilding="0"/>
  </mem-info>
</gc-start>
<allocation-stats totalBytes="66050896" >
  <allocated-bytes non-tlh="0" tlh="66050896" arrayletleaf="0"/>
  <largest-consumer threadName="Thread-7" threadId="0000000002837900" bytes="20833576" />
</allocation-stats>
<gc-op id="1141" type="copy forward" timems="4.094" contextid="1138" timestamp="2019-06-16T05:50:29.979">
  <memory-copied type="eden" objects="10405" bytes="388664" bytesdiscarded="0" />
  <memory-copied type="other" objects="22002" bytes="940176" bytesdiscarded="0" />
  <memory-cardclean objects="3534" bytes="179080" />
  <regions eden="63" other="3" />
  <remembered-set-cleared processed="51578" cleared="1045" durationms="0.556" />
  <stringconstants candidates="4597" cleared="0"  />
</gc-op>
<gc-op id="1142" type="classunload" timems="0.003" contextid="1138" timestamp="2019-06-16T05:50:29.979">
  <classunload-info classloadercandidates="8" classloadersunloaded="0" classesunloaded="0" anonymousclassesunloaded="0" quiescems="0.000" setupms="0.003" scanms="0.000" postms="0.000" />
</gc-op>
<gc-end id="1143" type="partial gc" contextid="1138" durationms="5.498" usertimems="8.000" systemtimems="0.000" timestamp="2019-06-16T05:50:29.980" activeThreads="1">
  <mem-info id="1144" free="141557760" total="239075328" percent="59">
    <mem type="eden" free="659912" total="1048576" percent="62" />
    <arraylet-primitive objects="2" leaves="2" largest="1" />
    <remembered-set count="58368" freebytes="9309696" totalbytes="9543168" percent="97" regionsoverflowed="0" regionsstable="2" regionsrebuilding="0"/>
  </mem-info>
</gc-end>
<cycle-end id="1145" type="partial gc" contextid="1138" timestamp="2019-06-16T05:50:29.980" />
  <attribute name="elasticGC enabled" value="1" />
  <attribute name= "numThreadsSpecified" value="1" />
  <attribute name="heapSize specified" value="0" />
  <attribute name="Current GC Util" value="61" />
  <attribute name= "Current Time Running" value="3530" />
  <attribute name ="GC Interval" value="0" />
  <attribute name="ProportionalT" value="61.500000" />
  <attribute name="ProportionalI" value="61.500000" />
  <attribute name="ProportionalH" value="61.500000" />
  <attribute name="Current Error" value="41.000000" />
  <attribute name="IntegralT" value="0.000000" />
  <attribute name="IntegralI" value="0.000000" />
  <attribute name="IntegralH" value="0.000000" />
  <attribute name="DerivativeT" value="inf" />
  <attribute name="DerivativeI" value="inf" />
  <attribute name="DerivativeH" value="inf" />
  <attribute name="Loop Time for DT" value="0.000000" />
  <attribute name="Output H" value="8388608"/>
  <attribute name="Output I" value="200"/>
  <attribute name="Output T" value="1"/>
  <attribute name="Target GC Util Change" value ="20.000000" />
  <attribute name="Current GC Util Change" value="61.000000"/>
  <attribute name="GC Util currently" value="61" />
  <attribute name="CPU Util currently" value="15433351310582" />
<exclusive-end id="1146" timestamp="2019-06-16T05:50:29.980" durationms="9.513" />

<exclusive-start id="1147" timestamp="2019-06-16T05:50:30.020" intervalms="49.812">
  <response-info timems="0.039" idlems="0.039" threads="0" lastid="000000000283F100" lastname="Thread-10" />
</exclusive-start>
<allocation-taxation id="1148" taxation-threshold="66060288" timestamp="2019-06-16T05:50:30.021" intervalms="47.772" />
<cycle-start id="1149" type="partial gc" contextid="0" timestamp="2019-06-16T05:50:30.021" intervalms="47.752" />
<gc-start id="1150" type="partial gc" contextid="1149" timestamp="2019-06-16T05:50:30.022">
  <mem-info id="1151" free="75497472" total="239075328" percent="31">
    <mem type="eden" free="0" total="66060288" percent="0" />
    <arraylet-primitive objects="2" leaves="2" largest="1" />
    <remembered-set count="58272" freebytes="9310080" totalbytes="9543168" percent="97" regionsoverflowed="0" regionsstable="2" regionsrebuilding="0"/>
  </mem-info>
</gc-start>
<allocation-stats totalBytes="66051232" >
  <allocated-bytes non-tlh="0" tlh="66051232" arrayletleaf="0"/>
  <largest-consumer threadName="Thread-7" threadId="0000000002837900" bytes="19789224" />
</allocation-stats>
<gc-op id="1152" type="copy forward" timems="3.804" contextid="1149" timestamp="2019-06-16T05:50:30.027">
  <memory-copied type="eden" objects="10425" bytes="388768" bytesdiscarded="0" />
  <memory-copied type="other" objects="13874" bytes="470352" bytesdiscarded="0" />
  <memory-cardclean objects="11970" bytes="640816" />
  <regions eden="63" other="2" />
  <remembered-set-cleared processed="52196" cleared="1015" durationms="0.562" />
  <stringconstants candidates="4597" cleared="0"  />
</gc-op>
<gc-op id="1153" type="classunload" timems="0.003" contextid="1149" timestamp="2019-06-16T05:50:30.027">
  <classunload-info classloadercandidates="8" classloadersunloaded="0" classesunloaded="0" anonymousclassesunloaded="0" quiescems="0.000" setupms="0.002" scanms="0.000" postms="0.000" />
</gc-op>
<gc-end id="1154" type="partial gc" contextid="1149" durationms="5.182" usertimems="4.000" systemtimems="0.000" timestamp="2019-06-16T05:50:30.027" activeThreads="1">
  <mem-info id="1155" free="140509184" total="239075328" percent="58">
    <mem type="eden" free="659808" total="1048576" percent="62" />
    <arraylet-primitive objects="2" leaves="2" largest="1" />
    <remembered-set count="59520" freebytes="9305088" totalbytes="9543168" percent="97" regionsoverflowed="0" regionsstable="2" regionsrebuilding="0"/>
  </mem-info>
</gc-end>
<cycle-end id="1156" type="partial gc" contextid="1149" timestamp="2019-06-16T05:50:30.027" />
  <attribute name="elasticGC enabled" value="1" />
  <attribute name= "numThreadsSpecified" value="1" />
  <attribute name="heapSize specified" value="0" />
  <attribute name="Current GC Util" value="62" />
  <attribute name= "Current Time Running" value="3578" />
  <attribute name ="GC Interval" value="0" />
  <attribute name="ProportionalT" value="63.000000" />
  <attribute name="ProportionalI" value="63.000000" />
  <attribute name="ProportionalH" value="63.000000" />
  <attribute name="Current Error" value="42.000000" />
  <attribute name="IntegralT" value="0.000000" />
  <attribute name="IntegralI" value="0.000000" />
  <attribute name="IntegralH" value="0.000000" />
  <attribute name="DerivativeT" value="inf" />
  <attribute name="DerivativeI" value="inf" />
  <attribute name="DerivativeH" value="inf" />
  <attribute name="Loop Time for DT" value="0.000000" />
  <attribute name="Output H" value="8388608"/>
  <attribute name="Output I" value="200"/>
  <attribute name="Output T" value="1"/>
  <attribute name="Target GC Util Change" value ="20.000000" />
  <attribute name="Current GC Util Change" value="62.000000"/>
  <attribute name="GC Util currently" value="62" />
  <attribute name="CPU Util currently" value="15193860119443" />
<exclusive-end id="1157" timestamp="2019-06-16T05:50:30.027" durationms="7.203" />

<exclusive-start id="1158" timestamp="2019-06-16T05:50:30.066" intervalms="45.717">
  <response-info timems="0.158" idlems="0.106" threads="1" lastid="000000000283F100" lastname="Thread-10" />
</exclusive-start>
<allocation-taxation id="1159" taxation-threshold="66060288" timestamp="2019-06-16T05:50:30.066" intervalms="44.989" />
<cycle-start id="1160" type="partial gc" contextid="0" timestamp="2019-06-16T05:50:30.066" intervalms="44.994" />
<gc-start id="1161" type="partial gc" contextid="1160" timestamp="2019-06-16T05:50:30.067">
  <mem-info id="1162" free="74448896" total="239075328" percent="31">
    <mem type="eden" free="0" total="66060288" percent="0" />
    <arraylet-primitive objects="2" leaves="2" largest="1" />
    <remembered-set count="59200" freebytes="9306368" totalbytes="9543168" percent="97" regionsoverflowed="0" regionsstable="2" regionsrebuilding="0"/>
  </mem-info>
</gc-start>
<allocation-stats totalBytes="66051096" >
  <allocated-bytes non-tlh="0" tlh="66051096" arrayletleaf="0"/>
  <largest-consumer threadName="Thread-9" threadId="000000000283B500" bytes="21234768" />
</allocation-stats>
<gc-op id="1163" type="copy forward" timems="3.754" contextid="1160" timestamp="2019-06-16T05:50:30.071">
  <memory-copied type="eden" objects="3907" bytes="95352" bytesdiscarded="0" />
  <memory-copied type="other" objects="20249" bytes="760728" bytesdiscarded="0" />
  <memory-cardclean objects="10357" bytes="506680" />
  <regions eden="63" other="2" />
  <remembered-set-cleared processed="53137" cleared="1290" durationms="0.571" />
  <stringconstants candidates="4597" cleared="0"  />
</gc-op>
<gc-op id="1164" type="classunload" timems="0.003" contextid="1160" timestamp="2019-06-16T05:50:30.071">
  <classunload-info classloadercandidates="8" classloadersunloaded="0" classesunloaded="0" anonymousclassesunloaded="0" quiescems="0.000" setupms="0.003" scanms="0.000" postms="0.000" />
</gc-op>
<gc-end id="1165" type="partial gc" contextid="1160" durationms="5.045" usertimems="8.000" systemtimems="0.000" timestamp="2019-06-16T05:50:30.072" activeThreads="1">
  <mem-info id="1166" free="139460608" total="239075328" percent="58">
    <mem type="eden" free="953224" total="1048576" percent="90" />
    <arraylet-primitive objects="2" leaves="2" largest="1" />
    <remembered-set count="60832" freebytes="9299840" totalbytes="9543168" percent="97" regionsoverflowed="0" regionsstable="2" regionsrebuilding="0"/>
  </mem-info>
</gc-end>
<cycle-end id="1167" type="partial gc" contextid="1160" timestamp="2019-06-16T05:50:30.072" />
  <attribute name="elasticGC enabled" value="1" />
  <attribute name= "numThreadsSpecified" value="1" />
  <attribute name="heapSize specified" value="0" />
  <attribute name="Current GC Util" value="65" />
  <attribute name= "Current Time Running" value="3623" />
  <attribute name ="GC Interval" value="0" />
  <attribute name="ProportionalT" value="67.500000" />
  <attribute name="ProportionalI" value="67.500000" />
  <attribute name="ProportionalH" value="67.500000" />
  <attribute name="Current Error" value="45.000000" />
  <attribute name="IntegralT" value="0.000000" />
  <attribute name="IntegralI" value="0.000000" />
  <attribute name="IntegralH" value="0.000000" />
  <attribute name="DerivativeT" value="inf" />
  <attribute name="DerivativeI" value="inf" />
  <attribute name="DerivativeH" value="inf" />
  <attribute name="Loop Time for DT" value="0.000000" />
  <attribute name="Output H" value="8388608"/>
  <attribute name="Output I" value="200"/>
  <attribute name="Output T" value="1"/>
  <attribute name="Target GC Util Change" value ="20.000000" />
  <attribute name="Current GC Util Change" value="65.000000"/>
  <attribute name="GC Util currently" value="65" />
  <attribute name="CPU Util currently" value="17744897821006" />
<exclusive-end id="1168" timestamp="2019-06-16T05:50:30.072" durationms="6.206" />

<exclusive-start id="1169" timestamp="2019-06-16T05:50:30.112" intervalms="46.013">
  <response-info timems="0.061" idlems="0.061" threads="0" lastid="000000000283F100" lastname="Thread-10" />
</exclusive-start>
<allocation-taxation id="1170" taxation-threshold="66060288" timestamp="2019-06-16T05:50:30.112" intervalms="45.982" />
<cycle-start id="1171" type="partial gc" contextid="0" timestamp="2019-06-16T05:50:30.112" intervalms="45.912" />
<gc-start id="1172" type="partial gc" contextid="1171" timestamp="2019-06-16T05:50:30.112">
  <mem-info id="1173" free="73400320" total="239075328" percent="30">
    <mem type="eden" free="0" total="66060288" percent="0" />
    <arraylet-primitive objects="2" leaves="2" largest="1" />
    <remembered-set count="60704" freebytes="9300352" totalbytes="9543168" percent="97" regionsoverflowed="0" regionsstable="2" regionsrebuilding="0"/>
  </mem-info>
</gc-start>
<allocation-stats totalBytes="66050808" >
  <allocated-bytes non-tlh="0" tlh="66050808" arrayletleaf="0"/>
  <largest-consumer threadName="Thread-9" threadId="000000000283B500" bytes="26116320" />
</allocation-stats>
<gc-op id="1174" type="copy forward" timems="2.496" contextid="1171" timestamp="2019-06-16T05:50:30.116">
  <memory-copied type="eden" objects="14175" bytes="616056" bytesdiscarded="19872" />
  <memory-copied type="other" objects="7022" bytes="168528" bytesdiscarded="10784" />
  <memory-cardclean objects="10268" bytes="520984" />
  <regions eden="63" other="2" />
  <remembered-set-cleared processed="54074" cleared="1118" durationms="0.250" />
  <stringconstants candidates="4597" cleared="0"  />
</gc-op>
<gc-op id="1175" type="classunload" timems="0.003" contextid="1171" timestamp="2019-06-16T05:50:30.116">
  <classunload-info classloadercandidates="8" classloadersunloaded="0" classesunloaded="0" anonymousclassesunloaded="0" quiescems="0.000" setupms="0.002" scanms="0.000" postms="0.000" />
</gc-op>
<heap-resize id="1176" type="expand" space="default" amount="12582912" count="1" timems="0.122" reason="excessive time being spent in gc" timestamp="2019-06-16T05:50:30.116" />
<gc-end id="1177" type="partial gc" contextid="1171" durationms="3.715" usertimems="8.000" systemtimems="0.000" timestamp="2019-06-16T05:50:30.116" activeThreads="4">
  <mem-info id="1178" free="150994944" total="251658240" percent="60">
    <mem type="eden" free="412648" total="1048576" percent="39" />
    <arraylet-primitive objects="2" leaves="2" largest="1" />
    <remembered-set count="60608" freebytes="9803008" totalbytes="10045440" percent="97" regionsoverflowed="0" regionsstable="2" regionsrebuilding="0"/>
  </mem-info>
</gc-end>
<cycle-end id="1179" type="partial gc" contextid="1171" timestamp="2019-06-16T05:50:30.116" />
  <attribute name="elasticGC enabled" value="1" />
  <attribute name= "numThreadsSpecified" value="4" />
  <attribute name="heapSize specified" value="0" />
  <attribute name="Current GC Util" value="59" />
  <attribute name= "Current Time Running" value="3669" />
  <attribute name ="GC Interval" value="0" />
  <attribute name="ProportionalT" value="58.500000" />
  <attribute name="ProportionalI" value="58.500000" />
  <attribute name="ProportionalH" value="58.500000" />
  <attribute name="Current Error" value="39.000000" />
  <attribute name="IntegralT" value="39.000000" />
  <attribute name="IntegralI" value="39.000000" />
  <attribute name="IntegralH" value="39.000000" />
  <attribute name="DerivativeT" value="39.000000" />
  <attribute name="DerivativeI" value="39.000000" />
  <attribute name="DerivativeH" value="39.000000" />
  <attribute name="Loop Time for DT" value="1.000000" />
  <attribute name="Output H" value="8388608"/>
  <attribute name="Output I" value="200"/>
  <attribute name="Output T" value="4"/>
  <attribute name="Target GC Util Change" value ="20.000000" />
  <attribute name="Current GC Util Change" value="59.000000"/>
  <attribute name="GC Util currently" value="59" />
  <attribute name="CPU Util currently" value="17640907370441" />
<exclusive-end id="1180" timestamp="2019-06-16T05:50:30.117" durationms="4.662" />

<exclusive-start id="1181" timestamp="2019-06-16T05:50:30.158" intervalms="46.408">
  <response-info timems="0.039" idlems="0.039" threads="0" lastid="000000000283F100" lastname="Thread-10" />
</exclusive-start>
<allocation-taxation id="1182" taxation-threshold="69206016" timestamp="2019-06-16T05:50:30.159" intervalms="46.486" />
<cycle-start id="1183" type="partial gc" contextid="0" timestamp="2019-06-16T05:50:30.159" intervalms="46.492" />
<gc-start id="1184" type="partial gc" contextid="1183" timestamp="2019-06-16T05:50:30.159">
  <mem-info id="1185" free="81788928" total="251658240" percent="32">
    <mem type="eden" free="0" total="69206016" percent="0" />
    <arraylet-primitive objects="2" leaves="2" largest="1" />
    <remembered-set count="60192" freebytes="9804672" totalbytes="10045440" percent="97" regionsoverflowed="0" regionsstable="2" regionsrebuilding="0"/>
  </mem-info>
</gc-start>
<allocation-stats totalBytes="69196192" >
  <allocated-bytes non-tlh="0" tlh="69196192" arrayletleaf="0"/>
  <largest-consumer threadName="Thread-9" threadId="000000000283B500" bytes="26890232" />
</allocation-stats>
<gc-op id="1186" type="copy forward" timems="4.159" contextid="1183" timestamp="2019-06-16T05:50:30.164">
  <memory-copied type="eden" objects="5469" bytes="132776" bytesdiscarded="0" />
  <memory-copied type="other" objects="20999" bytes="778728" bytesdiscarded="0" />
  <memory-cardclean objects="11537" bytes="563320" />
  <regions eden="66" other="3" />
  <remembered-set-cleared processed="54206" cleared="1274" durationms="0.552" />
  <stringconstants candidates="4597" cleared="0"  />
</gc-op>
<gc-op id="1187" type="classunload" timems="0.002" contextid="1183" timestamp="2019-06-16T05:50:30.164">
  <classunload-info classloadercandidates="8" classloadersunloaded="0" classesunloaded="0" anonymousclassesunloaded="0" quiescems="0.000" setupms="0.002" scanms="0.000" postms="0.000" />
</gc-op>
<gc-end id="1188" type="partial gc" contextid="1183" durationms="5.270" usertimems="4.000" systemtimems="0.000" timestamp="2019-06-16T05:50:30.164" activeThreads="1">
  <mem-info id="1189" free="149946368" total="251658240" percent="59">
    <mem type="eden" free="915800" total="1048576" percent="87" />
    <arraylet-primitive objects="2" leaves="2" largest="1" />
    <remembered-set count="61600" freebytes="9799040" totalbytes="10045440" percent="97" regionsoverflowed="0" regionsstable="2" regionsrebuilding="0"/>
  </mem-info>
</gc-end>
<cycle-end id="1190" type="partial gc" contextid="1183" timestamp="2019-06-16T05:50:30.164" />
  <attribute name="elasticGC enabled" value="1" />
  <attribute name= "numThreadsSpecified" value="1" />
  <attribute name="heapSize specified" value="0" />
  <attribute name="Current GC Util" value="51" />
  <attribute name= "Current Time Running" value="3715" />
  <attribute name ="GC Interval" value="0" />
  <attribute name="ProportionalT" value="46.500000" />
  <attribute name="ProportionalI" value="46.500000" />
  <attribute name="ProportionalH" value="46.500000" />
  <attribute name="Current Error" value="31.000000" />
  <attribute name="IntegralT" value="0.000000" />
  <attribute name="IntegralI" value="0.000000" />
  <attribute name="IntegralH" value="0.000000" />
  <attribute name="DerivativeT" value="inf" />
  <attribute name="DerivativeI" value="inf" />
  <attribute name="DerivativeH" value="inf" />
  <attribute name="Loop Time for DT" value="0.000000" />
  <attribute name="Output H" value="8388608"/>
  <attribute name="Output I" value="200"/>
  <attribute name="Output T" value="1"/>
  <attribute name="Target GC Util Change" value ="20.000000" />
  <attribute name="Current GC Util Change" value="51.000000"/>
  <attribute name="GC Util currently" value="51" />
  <attribute name="CPU Util currently" value="19162740660550" />
<exclusive-end id="1191" timestamp="2019-06-16T05:50:30.165" durationms="6.369" />

<exclusive-start id="1192" timestamp="2019-06-16T05:50:30.205" intervalms="46.169">
  <response-info timems="0.088" idlems="0.088" threads="0" lastid="000000000283F100" lastname="Thread-10" />
</exclusive-start>
<allocation-taxation id="1193" taxation-threshold="69206016" timestamp="2019-06-16T05:50:30.205" intervalms="46.146" />
<cycle-start id="1194" type="partial gc" contextid="0" timestamp="2019-06-16T05:50:30.205" intervalms="46.224" />
<gc-start id="1195" type="partial gc" contextid="1194" timestamp="2019-06-16T05:50:30.205">
  <mem-info id="1196" free="80740352" total="251658240" percent="32">
    <mem type="eden" free="0" total="69206016" percent="0" />
    <arraylet-primitive objects="2" leaves="2" largest="1" />
    <remembered-set count="61440" freebytes="9799680" totalbytes="10045440" percent="97" regionsoverflowed="0" regionsstable="2" regionsrebuilding="0"/>
  </mem-info>
</gc-start>
<allocation-stats totalBytes="69196168" >
  <allocated-bytes non-tlh="0" tlh="69196168" arrayletleaf="0"/>
  <largest-consumer threadName="Thread-9" threadId="000000000283B500" bytes="24675248" />
</allocation-stats>
<gc-op id="1197" type="copy forward" timems="2.546" contextid="1194" timestamp="2019-06-16T05:50:30.209">
  <memory-copied type="eden" objects="15528" bytes="649200" bytesdiscarded="16096" />
  <memory-copied type="other" objects="12668" bytes="441408" bytesdiscarded="9568" />
  <memory-cardclean objects="8878" bytes="435424" />
  <regions eden="66" other="3" />
  <remembered-set-cleared processed="55241" cleared="1477" durationms="0.248" />
  <stringconstants candidates="4597" cleared="0"  />
</gc-op>
<gc-op id="1198" type="classunload" timems="0.003" contextid="1194" timestamp="2019-06-16T05:50:30.209">
  <classunload-info classloadercandidates="8" classloadersunloaded="0" classesunloaded="0" anonymousclassesunloaded="0" quiescems="0.000" setupms="0.003" scanms="0.000" postms="0.000" />
</gc-op>
<gc-end id="1199" type="partial gc" contextid="1194" durationms="3.845" usertimems="8.000" systemtimems="0.000" timestamp="2019-06-16T05:50:30.209" activeThreads="4">
  <mem-info id="1200" free="148897792" total="251658240" percent="59">
    <mem type="eden" free="383280" total="1048576" percent="36" />
    <arraylet-primitive objects="2" leaves="2" largest="1" />
    <remembered-set count="61408" freebytes="9799808" totalbytes="10045440" percent="97" regionsoverflowed="0" regionsstable="2" regionsrebuilding="0"/>
  </mem-info>
</gc-end>
<cycle-end id="1201" type="partial gc" contextid="1194" timestamp="2019-06-16T05:50:30.209" />
  <attribute name="elasticGC enabled" value="1" />
  <attribute name= "numThreadsSpecified" value="4" />
  <attribute name="heapSize specified" value="0" />
  <attribute name="Current GC Util" value="58" />
  <attribute name= "Current Time Running" value="3762" />
  <attribute name ="GC Interval" value="0" />
  <attribute name="ProportionalT" value="57.000000" />
  <attribute name="ProportionalI" value="57.000000" />
  <attribute name="ProportionalH" value="57.000000" />
  <attribute name="Current Error" value="38.000000" />
  <attribute name="IntegralT" value="38.000000" />
  <attribute name="IntegralI" value="38.000000" />
  <attribute name="IntegralH" value="38.000000" />
  <attribute name="DerivativeT" value="38.000000" />
  <attribute name="DerivativeI" value="38.000000" />
  <attribute name="DerivativeH" value="38.000000" />
  <attribute name="Loop Time for DT" value="1.000000" />
  <attribute name="Output H" value="8388608"/>
  <attribute name="Output I" value="200"/>
  <attribute name="Output T" value="4"/>
  <attribute name="Target GC Util Change" value ="20.000000" />
  <attribute name="Current GC Util Change" value="58.000000"/>
  <attribute name="GC Util currently" value="58" />
  <attribute name="CPU Util currently" value="17111435998405" />
<exclusive-end id="1202" timestamp="2019-06-16T05:50:30.210" durationms="5.072" />

<exclusive-start id="1203" timestamp="2019-06-16T05:50:30.250" intervalms="45.149">
  <response-info timems="0.048" idlems="0.048" threads="0" lastid="000000000283B500" lastname="Thread-9" />
</exclusive-start>
<allocation-taxation id="1204" taxation-threshold="69206016" timestamp="2019-06-16T05:50:30.250" intervalms="45.162" />
<cycle-start id="1205" type="partial gc" contextid="0" timestamp="2019-06-16T05:50:30.250" intervalms="45.099" />
<gc-start id="1206" type="partial gc" contextid="1205" timestamp="2019-06-16T05:50:30.250">
  <mem-info id="1207" free="79691776" total="251658240" percent="31">
    <mem type="eden" free="0" total="69206016" percent="0" />
    <arraylet-primitive objects="2" leaves="2" largest="1" />
    <remembered-set count="61056" freebytes="9801216" totalbytes="10045440" percent="97" regionsoverflowed="0" regionsstable="2" regionsrebuilding="0"/>
  </mem-info>
</gc-start>
<allocation-stats totalBytes="69196584" >
  <allocated-bytes non-tlh="0" tlh="69196584" arrayletleaf="0"/>
  <largest-consumer threadName="Thread-9" threadId="000000000283B500" bytes="23819560" />
</allocation-stats>
<gc-op id="1208" type="copy forward" timems="2.489" contextid="1205" timestamp="2019-06-16T05:50:30.254">
  <memory-copied type="eden" objects="11710" bytes="419760" bytesdiscarded="33120" />
  <memory-copied type="other" objects="25301" bytes="1019352" bytesdiscarded="59616" />
  <memory-cardclean objects="6156" bytes="308944" />
  <regions eden="66" other="3" />
  <remembered-set-cleared processed="55741" cleared="1357" durationms="0.249" />
  <stringconstants candidates="4597" cleared="0"  />
</gc-op>
<gc-op id="1209" type="classunload" timems="0.003" contextid="1205" timestamp="2019-06-16T05:50:30.254">
  <classunload-info classloadercandidates="8" classloadersunloaded="0" classesunloaded="0" anonymousclassesunloaded="0" quiescems="0.000" setupms="0.003" scanms="0.000" postms="0.000" />
</gc-op>
<gc-end id="1210" type="partial gc" contextid="1205" durationms="3.718" usertimems="8.000" systemtimems="0.000" timestamp="2019-06-16T05:50:30.254" activeThreads="4">
  <mem-info id="1211" free="147849216" total="251658240" percent="58">
    <mem type="eden" free="595696" total="1048576" percent="56" />
    <arraylet-primitive objects="2" leaves="2" largest="1" />
    <remembered-set count="62592" freebytes="9795072" totalbytes="10045440" percent="97" regionsoverflowed="0" regionsstable="2" regionsrebuilding="0"/>
  </mem-info>
</gc-end>
<cycle-end id="1212" type="partial gc" contextid="1205" timestamp="2019-06-16T05:50:30.254" />
  <attribute name="elasticGC enabled" value="1" />
  <attribute name= "numThreadsSpecified" value="4" />
  <attribute name="heapSize specified" value="0" />
  <attribute name="Current GC Util" value="55" />
  <attribute name= "Current Time Running" value="3807" />
  <attribute name ="GC Interval" value="0" />
  <attribute name="ProportionalT" value="52.500000" />
  <attribute name="ProportionalI" value="52.500000" />
  <attribute name="ProportionalH" value="52.500000" />
  <attribute name="Current Error" value="35.000000" />
  <attribute name="IntegralT" value="35.000000" />
  <attribute name="IntegralI" value="35.000000" />
  <attribute name="IntegralH" value="35.000000" />
  <attribute name="DerivativeT" value="35.000000" />
  <attribute name="DerivativeI" value="35.000000" />
  <attribute name="DerivativeH" value="35.000000" />
  <attribute name="Loop Time for DT" value="1.000000" />
  <attribute name="Output H" value="8388608"/>
  <attribute name="Output I" value="200"/>
  <attribute name="Output T" value="4"/>
  <attribute name="Target GC Util Change" value ="20.000000" />
  <attribute name="Current GC Util Change" value="55.000000"/>
  <attribute name="GC Util currently" value="55" />
  <attribute name="CPU Util currently" value="18114523653505" />
<exclusive-end id="1213" timestamp="2019-06-16T05:50:30.255" durationms="4.835" />

<exclusive-start id="1214" timestamp="2019-06-16T05:50:30.292" intervalms="42.031">
  <response-info timems="0.045" idlems="0.025" threads="1" lastid="0000000002837900" lastname="Thread-7" />
</exclusive-start>
<allocation-taxation id="1215" taxation-threshold="69206016" timestamp="2019-06-16T05:50:30.292" intervalms="42.002" />
<cycle-start id="1216" type="partial gc" contextid="0" timestamp="2019-06-16T05:50:30.292" intervalms="42.010" />
<gc-start id="1217" type="partial gc" contextid="1216" timestamp="2019-06-16T05:50:30.292">
  <mem-info id="1218" free="78643200" total="251658240" percent="31">
    <mem type="eden" free="0" total="69206016" percent="0" />
    <arraylet-primitive objects="2" leaves="2" largest="1" />
    <remembered-set count="62336" freebytes="9796096" totalbytes="10045440" percent="97" regionsoverflowed="0" regionsstable="2" regionsrebuilding="0"/>
  </mem-info>
</gc-start>
<allocation-stats totalBytes="69196296" >
  <allocated-bytes non-tlh="0" tlh="69196296" arrayletleaf="0"/>
  <largest-consumer threadName="Thread-10" threadId="000000000283F100" bytes="22840152" />
</allocation-stats>
<gc-op id="1219" type="copy forward" timems="2.355" contextid="1216" timestamp="2019-06-16T05:50:30.295">
  <memory-copied type="eden" objects="13511" bytes="600408" bytesdiscarded="51216" />
  <memory-copied type="other" objects="19973" bytes="754104" bytesdiscarded="22088" />
  <memory-cardclean objects="6137" bytes="308176" />
  <regions eden="66" other="4" />
  <remembered-set-cleared processed="56074" cleared="1690" durationms="0.250" />
  <stringconstants candidates="4597" cleared="0"  />
</gc-op>
<gc-op id="1220" type="classunload" timems="0.002" contextid="1216" timestamp="2019-06-16T05:50:30.296">
  <classunload-info classloadercandidates="8" classloadersunloaded="0" classesunloaded="0" anonymousclassesunloaded="0" quiescems="0.000" setupms="0.002" scanms="0.000" postms="0.000" />
</gc-op>
<gc-end id="1221" type="partial gc" contextid="1216" durationms="3.465" usertimems="8.000" systemtimems="0.000" timestamp="2019-06-16T05:50:30.296" activeThreads="4">
  <mem-info id="1222" free="146800640" total="251658240" percent="58">
    <mem type="eden" free="396952" total="1048576" percent="37" />
    <arraylet-primitive objects="2" leaves="2" largest="1" />
    <remembered-set count="62080" freebytes="9797120" totalbytes="10045440" percent="97" regionsoverflowed="0" regionsstable="2" regionsrebuilding="0"/>
  </mem-info>
</gc-end>
<cycle-end id="1223" type="partial gc" contextid="1216" timestamp="2019-06-16T05:50:30.296" />
  <attribute name="elasticGC enabled" value="1" />
  <attribute name= "numThreadsSpecified" value="4" />
  <attribute name="heapSize specified" value="0" />
  <attribute name="Current GC Util" value="57" />
  <attribute name= "Current Time Running" value="3849" />
  <attribute name ="GC Interval" value="0" />
  <attribute name="ProportionalT" value="55.500000" />
  <attribute name="ProportionalI" value="55.500000" />
  <attribute name="ProportionalH" value="55.500000" />
  <attribute name="Current Error" value="37.000000" />
  <attribute name="IntegralT" value="37.000000" />
  <attribute name="IntegralI" value="37.000000" />
  <attribute name="IntegralH" value="37.000000" />
  <attribute name="DerivativeT" value="37.000000" />
  <attribute name="DerivativeI" value="37.000000" />
  <attribute name="DerivativeH" value="37.000000" />
  <attribute name="Loop Time for DT" value="1.000000" />
  <attribute name="Output H" value="8388608"/>
  <attribute name="Output I" value="200"/>
  <attribute name="Output T" value="4"/>
  <attribute name="Target GC Util Change" value ="20.000000" />
  <attribute name="Current GC Util Change" value="57.000000"/>
  <attribute name="GC Util currently" value="57" />
  <attribute name="CPU Util currently" value="17489906226748" />
<exclusive-end id="1224" timestamp="2019-06-16T05:50:30.296" durationms="4.464" />

<exclusive-start id="1225" timestamp="2019-06-16T05:50:30.329" intervalms="36.931">
  <response-info timems="0.037" idlems="0.037" threads="0" lastid="000000000283F100" lastname="Thread-10" />
</exclusive-start>
<allocation-taxation id="1226" taxation-threshold="69206016" timestamp="2019-06-16T05:50:30.329" intervalms="36.958" />
<cycle-start id="1227" type="partial gc" contextid="0" timestamp="2019-06-16T05:50:30.329" intervalms="36.898" />
<gc-start id="1228" type="partial gc" contextid="1227" timestamp="2019-06-16T05:50:30.329">
  <mem-info id="1229" free="77594624" total="251658240" percent="30">
    <mem type="eden" free="0" total="69206016" percent="0" />
    <arraylet-primitive objects="2" leaves="2" largest="1" />
    <remembered-set count="61664" freebytes="9798784" totalbytes="10045440" percent="97" regionsoverflowed="0" regionsstable="2" regionsrebuilding="0"/>
  </mem-info>
</gc-start>
<allocation-stats totalBytes="69195224" >
  <allocated-bytes non-tlh="0" tlh="69195224" arrayletleaf="0"/>
  <largest-consumer threadName="Thread-9" threadId="000000000283B500" bytes="24862744" />
</allocation-stats>
<gc-op id="1230" type="copy forward" timems="2.263" contextid="1227" timestamp="2019-06-16T05:50:30.332">
  <memory-copied type="eden" objects="10567" bytes="392136" bytesdiscarded="45600" />
  <memory-copied type="other" objects="20010" bytes="892368" bytesdiscarded="16224" />
  <memory-cardclean objects="2298" bytes="119848" />
  <regions eden="66" other="3" />
  <remembered-set-cleared processed="56563" cleared="1137" durationms="0.256" />
  <stringconstants candidates="4597" cleared="0"  />
</gc-op>
<gc-op id="1231" type="classunload" timems="0.003" contextid="1227" timestamp="2019-06-16T05:50:30.333">
  <classunload-info classloadercandidates="8" classloadersunloaded="0" classesunloaded="0" anonymousclassesunloaded="0" quiescems="0.000" setupms="0.003" scanms="0.000" postms="0.000" />
</gc-op>
<gc-end id="1232" type="partial gc" contextid="1227" durationms="3.601" usertimems="8.000" systemtimems="0.000" timestamp="2019-06-16T05:50:30.333" activeThreads="4">
  <mem-info id="1233" free="145752064" total="251658240" percent="57">
    <mem type="eden" free="610840" total="1048576" percent="58" />
    <arraylet-primitive objects="2" leaves="2" largest="1" />
    <remembered-set count="62720" freebytes="9794560" totalbytes="10045440" percent="97" regionsoverflowed="0" regionsstable="2" regionsrebuilding="0"/>
  </mem-info>
</gc-end>
<cycle-end id="1234" type="partial gc" contextid="1227" timestamp="2019-06-16T05:50:30.333" />
  <attribute name="elasticGC enabled" value="1" />
  <attribute name= "numThreadsSpecified" value="4" />
  <attribute name="heapSize specified" value="0" />
  <attribute name="Current GC Util" value="46" />
  <attribute name= "Current Time Running" value="3886" />
  <attribute name ="GC Interval" value="0" />
  <attribute name="ProportionalT" value="39.000000" />
  <attribute name="ProportionalI" value="39.000000" />
  <attribute name="ProportionalH" value="39.000000" />
  <attribute name="Current Error" value="26.000000" />
  <attribute name="IntegralT" value="26.000000" />
  <attribute name="IntegralI" value="26.000000" />
  <attribute name="IntegralH" value="26.000000" />
  <attribute name="DerivativeT" value="26.000000" />
  <attribute name="DerivativeI" value="26.000000" />
  <attribute name="DerivativeH" value="26.000000" />
  <attribute name="Loop Time for DT" value="1.000000" />
  <attribute name="Output H" value="8388608"/>
  <attribute name="Output I" value="200"/>
  <attribute name="Output T" value="4"/>
  <attribute name="Target GC Util Change" value ="20.000000" />
  <attribute name="Current GC Util Change" value="46.000000"/>
  <attribute name="GC Util currently" value="46" />
  <attribute name="CPU Util currently" value="16309080249489" />
<exclusive-end id="1235" timestamp="2019-06-16T05:50:30.333" durationms="4.698" />

<exclusive-start id="1236" timestamp="2019-06-16T05:50:30.361" intervalms="32.270">
  <response-info timems="0.032" idlems="0.032" threads="0" lastid="0000000002837900" lastname="Thread-7" />
</exclusive-start>
<allocation-taxation id="1237" taxation-threshold="69206016" timestamp="2019-06-16T05:50:30.361" intervalms="32.266" />
<cycle-start id="1238" type="partial gc" contextid="0" timestamp="2019-06-16T05:50:30.361" intervalms="32.289" />
<gc-start id="1239" type="partial gc" contextid="1238" timestamp="2019-06-16T05:50:30.362">
  <mem-info id="1240" free="76546048" total="251658240" percent="30">
    <mem type="eden" free="0" total="69206016" percent="0" />
    <arraylet-primitive objects="2" leaves="2" largest="1" />
    <remembered-set count="62496" freebytes="9795456" totalbytes="10045440" percent="97" regionsoverflowed="0" regionsstable="2" regionsrebuilding="0"/>
  </mem-info>
</gc-start>
<allocation-stats totalBytes="69195488" >
  <allocated-bytes non-tlh="0" tlh="69195488" arrayletleaf="0"/>
  <largest-consumer threadName="Thread-7" threadId="0000000002837900" bytes="21234424" />
</allocation-stats>
<gc-op id="1241" type="copy forward" timems="4.318" contextid="1238" timestamp="2019-06-16T05:50:30.367">
  <memory-copied type="eden" objects="11063" bytes="403688" bytesdiscarded="0" />
  <memory-copied type="other" objects="23814" bytes="983664" bytesdiscarded="0" />
  <memory-cardclean objects="2298" bytes="119848" />
  <regions eden="66" other="4" />
  <remembered-set-cleared processed="56594" cleared="1168" durationms="0.600" />
  <stringconstants candidates="4597" cleared="0"  />
</gc-op>
<gc-op id="1242" type="classunload" timems="0.002" contextid="1238" timestamp="2019-06-16T05:50:30.367">
  <classunload-info classloadercandidates="8" classloadersunloaded="0" classesunloaded="0" anonymousclassesunloaded="0" quiescems="0.000" setupms="0.002" scanms="0.000" postms="0.000" />
</gc-op>
<gc-end id="1243" type="partial gc" contextid="1238" durationms="5.522" usertimems="8.000" systemtimems="0.000" timestamp="2019-06-16T05:50:30.367" activeThreads="1">
  <mem-info id="1244" free="144703488" total="251658240" percent="57">
    <mem type="eden" free="644888" total="1048576" percent="61" />
    <arraylet-primitive objects="2" leaves="2" largest="1" />
    <remembered-set count="63232" freebytes="9792512" totalbytes="10045440" percent="97" regionsoverflowed="0" regionsstable="2" regionsrebuilding="0"/>
  </mem-info>
</gc-end>
<cycle-end id="1245" type="partial gc" contextid="1238" timestamp="2019-06-16T05:50:30.367" />
  <attribute name="elasticGC enabled" value="1" />
  <attribute name= "numThreadsSpecified" value="1" />
  <attribute name="heapSize specified" value="0" />
  <attribute name="Current GC Util" value="42" />
  <attribute name= "Current Time Running" value="3918" />
  <attribute name ="GC Interval" value="0" />
  <attribute name="ProportionalT" value="33.000000" />
  <attribute name="ProportionalI" value="33.000000" />
  <attribute name="ProportionalH" value="33.000000" />
  <attribute name="Current Error" value="22.000000" />
  <attribute name="IntegralT" value="0.000000" />
  <attribute name="IntegralI" value="0.000000" />
  <attribute name="IntegralH" value="0.000000" />
  <attribute name="DerivativeT" value="inf" />
  <attribute name="DerivativeI" value="inf" />
  <attribute name="DerivativeH" value="inf" />
  <attribute name="Loop Time for DT" value="0.000000" />
  <attribute name="Output H" value="8388608"/>
  <attribute name="Output I" value="200"/>
  <attribute name="Output T" value="1"/>
  <attribute name="Target GC Util Change" value ="20.000000" />
  <attribute name="Current GC Util Change" value="42.000000"/>
  <attribute name="GC Util currently" value="42" />
  <attribute name="CPU Util currently" value="14656511512204" />
<exclusive-end id="1246" timestamp="2019-06-16T05:50:30.368" durationms="6.703" />

<exclusive-start id="1247" timestamp="2019-06-16T05:50:30.394" intervalms="32.762">
  <response-info timems="0.036" idlems="0.036" threads="0" lastid="000000000283F100" lastname="Thread-10" />
</exclusive-start>
<allocation-taxation id="1248" taxation-threshold="69206016" timestamp="2019-06-16T05:50:30.394" intervalms="32.736" />
<cycle-start id="1249" type="partial gc" contextid="0" timestamp="2019-06-16T05:50:30.394" intervalms="32.787" />
<gc-start id="1250" type="partial gc" contextid="1249" timestamp="2019-06-16T05:50:30.394">
  <mem-info id="1251" free="75497472" total="251658240" percent="30">
    <mem type="eden" free="0" total="69206016" percent="0" />
    <arraylet-primitive objects="2" leaves="2" largest="1" />
    <remembered-set count="63136" freebytes="9792896" totalbytes="10045440" percent="97" regionsoverflowed="0" regionsstable="2" regionsrebuilding="0"/>
  </mem-info>
</gc-start>
<allocation-stats totalBytes="69196112" >
  <allocated-bytes non-tlh="0" tlh="69196112" arrayletleaf="0"/>
  <largest-consumer threadName="Thread-7" threadId="0000000002837900" bytes="18969920" />
</allocation-stats>
<gc-op id="1252" type="copy forward" timems="4.036" contextid="1249" timestamp="2019-06-16T05:50:30.399">
  <memory-copied type="eden" objects="21264" bytes="923528" bytesdiscarded="0" />
  <memory-copied type="other" objects="11491" bytes="413160" bytesdiscarded="0" />
  <memory-cardclean objects="4760" bytes="252928" />
  <regions eden="66" other="3" />
  <remembered-set-cleared processed="57125" cleared="995" durationms="0.595" />
  <stringconstants candidates="4597" cleared="0"  />
</gc-op>
<gc-op id="1253" type="classunload" timems="0.003" contextid="1249" timestamp="2019-06-16T05:50:30.400">
  <classunload-info classloadercandidates="8" classloadersunloaded="0" classesunloaded="0" anonymousclassesunloaded="0" quiescems="0.000" setupms="0.003" scanms="0.000" postms="0.000" />
</gc-op>
<heap-resize id="1254" type="expand" space="default" amount="18874368" count="1" timems="0.173" reason="excessive time being spent in gc" timestamp="2019-06-16T05:50:30.400" />
<gc-end id="1255" type="partial gc" contextid="1249" durationms="5.693" usertimems="4.000" systemtimems="0.000" timestamp="2019-06-16T05:50:30.400" activeThreads="1">
  <mem-info id="1256" free="162529280" total="270532608" percent="60">
    <mem type="eden" free="125048" total="1048576" percent="11" />
    <arraylet-primitive objects="2" leaves="2" largest="1" />
    <remembered-set count="63488" freebytes="10544896" totalbytes="10798848" percent="97" regionsoverflowed="0" regionsstable="2" regionsrebuilding="0"/>
  </mem-info>
</gc-end>
<cycle-end id="1257" type="partial gc" contextid="1249" timestamp="2019-06-16T05:50:30.400" />
  <attribute name="elasticGC enabled" value="1" />
  <attribute name= "numThreadsSpecified" value="1" />
  <attribute name="heapSize specified" value="0" />
  <attribute name="Current GC Util" value="62" />
  <attribute name= "Current Time Running" value="3951" />
  <attribute name ="GC Interval" value="0" />
  <attribute name="ProportionalT" value="63.000000" />
  <attribute name="ProportionalI" value="63.000000" />
  <attribute name="ProportionalH" value="63.000000" />
  <attribute name="Current Error" value="42.000000" />
  <attribute name="IntegralT" value="0.000000" />
  <attribute name="IntegralI" value="0.000000" />
  <attribute name="IntegralH" value="0.000000" />
  <attribute name="DerivativeT" value="inf" />
  <attribute name="DerivativeI" value="inf" />
  <attribute name="DerivativeH" value="inf" />
  <attribute name="Loop Time for DT" value="0.000000" />
  <attribute name="Output H" value="8388608"/>
  <attribute name="Output I" value="200"/>
  <attribute name="Output T" value="1"/>
  <attribute name="Target GC Util Change" value ="20.000000" />
  <attribute name="Current GC Util Change" value="62.000000"/>
  <attribute name="GC Util currently" value="62" />
  <attribute name="CPU Util currently" value="15537920915912" />
<exclusive-end id="1258" timestamp="2019-06-16T05:50:30.401" durationms="6.859" />

<exclusive-start id="1259" timestamp="2019-06-16T05:50:30.435" intervalms="41.521">
  <response-info timems="0.036" idlems="0.036" threads="0" lastid="0000000002837900" lastname="Thread-7" />
</exclusive-start>
<allocation-taxation id="1260" taxation-threshold="73400320" timestamp="2019-06-16T05:50:30.435" intervalms="41.530" />
<cycle-start id="1261" type="partial gc" contextid="0" timestamp="2019-06-16T05:50:30.436" intervalms="41.559" />
<gc-start id="1262" type="partial gc" contextid="1261" timestamp="2019-06-16T05:50:30.436">
  <mem-info id="1263" free="89128960" total="270532608" percent="32">
    <mem type="eden" free="0" total="73400320" percent="0" />
    <arraylet-primitive objects="2" leaves="2" largest="1" />
    <remembered-set count="63200" freebytes="10546048" totalbytes="10798848" percent="97" regionsoverflowed="0" regionsstable="2" regionsrebuilding="0"/>
  </mem-info>
</gc-start>
<allocation-stats totalBytes="73389208" >
  <allocated-bytes non-tlh="0" tlh="73389208" arrayletleaf="0"/>
  <largest-consumer threadName="Thread-9" threadId="000000000283B500" bytes="22074176" />
</allocation-stats>
<gc-op id="1264" type="copy forward" timems="4.832" contextid="1261" timestamp="2019-06-16T05:50:30.442">
  <memory-copied type="eden" objects="21441" bytes="927688" bytesdiscarded="0" />
  <memory-copied type="other" objects="14263" bytes="479688" bytesdiscarded="0" />
  <memory-cardclean objects="9022" bytes="461152" />
  <regions eden="70" other="3" />
  <remembered-set-cleared processed="57275" cleared="1105" durationms="0.619" />
  <stringconstants candidates="4597" cleared="0"  />
</gc-op>
<gc-op id="1265" type="classunload" timems="0.003" contextid="1261" timestamp="2019-06-16T05:50:30.442">
  <classunload-info classloadercandidates="8" classloadersunloaded="0" classesunloaded="0" anonymousclassesunloaded="0" quiescems="0.000" setupms="0.003" scanms="0.000" postms="0.000" />
</gc-op>
<heap-resize id="1266" type="expand" space="default" amount="2097152" count="1" timems="0.076" reason="excessive time being spent in gc" timestamp="2019-06-16T05:50:30.442" />
<gc-end id="1267" type="partial gc" contextid="1261" durationms="6.427" usertimems="12.000" systemtimems="0.000" timestamp="2019-06-16T05:50:30.442" activeThreads="1">
  <mem-info id="1268" free="163577856" total="272629760" percent="60">
    <mem type="eden" free="120888" total="1048576" percent="11" />
    <arraylet-primitive objects="2" leaves="2" largest="1" />
    <remembered-set count="64384" freebytes="10625024" totalbytes="10882560" percent="97" regionsoverflowed="0" regionsstable="2" regionsrebuilding="0"/>
  </mem-info>
</gc-end>
<cycle-end id="1269" type="partial gc" contextid="1261" timestamp="2019-06-16T05:50:30.443" />
  <attribute name="elasticGC enabled" value="1" />
  <attribute name= "numThreadsSpecified" value="1" />
  <attribute name="heapSize specified" value="0" />
  <attribute name="Current GC Util" value="60" />
  <attribute name= "Current Time Running" value="3992" />
  <attribute name ="GC Interval" value="0" />
  <attribute name="ProportionalT" value="60.000000" />
  <attribute name="ProportionalI" value="60.000000" />
  <attribute name="ProportionalH" value="60.000000" />
  <attribute name="Current Error" value="40.000000" />
  <attribute name="IntegralT" value="0.000000" />
  <attribute name="IntegralI" value="0.000000" />
  <attribute name="IntegralH" value="0.000000" />
  <attribute name="DerivativeT" value="inf" />
  <attribute name="DerivativeI" value="inf" />
  <attribute name="DerivativeH" value="inf" />
  <attribute name="Loop Time for DT" value="0.000000" />
  <attribute name="Output H" value="8388608"/>
  <attribute name="Output I" value="200"/>
  <attribute name="Output T" value="1"/>
  <attribute name="Target GC Util Change" value ="20.000000" />
  <attribute name="Current GC Util Change" value="60.000000"/>
  <attribute name="GC Util currently" value="60" />
  <attribute name="CPU Util currently" value="16318255977509" />
<exclusive-end id="1270" timestamp="2019-06-16T05:50:30.443" durationms="7.606" />

<exclusive-start id="1271" timestamp="2019-06-16T05:50:30.481" intervalms="46.153">
  <response-info timems="0.040" idlems="0.040" threads="0" lastid="0000000002833D00" lastname="Thread-8" />
</exclusive-start>
<allocation-taxation id="1272" taxation-threshold="74448896" timestamp="2019-06-16T05:50:30.482" intervalms="46.179" />
<cycle-start id="1273" type="partial gc" contextid="0" timestamp="2019-06-16T05:50:30.482" intervalms="46.114" />
<gc-start id="1274" type="partial gc" contextid="1273" timestamp="2019-06-16T05:50:30.482">
  <mem-info id="1275" free="89128960" total="272629760" percent="32">
    <mem type="eden" free="0" total="74448896" percent="0" />
    <arraylet-primitive objects="2" leaves="2" largest="1" />
    <remembered-set count="64096" freebytes="10626176" totalbytes="10882560" percent="97" regionsoverflowed="0" regionsstable="2" regionsrebuilding="0"/>
  </mem-info>
</gc-start>
<allocation-stats totalBytes="74437960" >
  <allocated-bytes non-tlh="0" tlh="74437960" arrayletleaf="0"/>
  <largest-consumer threadName="Thread-9" threadId="000000000283B500" bytes="21460040" />
</allocation-stats>
<gc-op id="1276" type="copy forward" timems="4.615" contextid="1273" timestamp="2019-06-16T05:50:30.487">
  <memory-copied type="eden" objects="15258" bytes="642208" bytesdiscarded="0" />
  <memory-copied type="other" objects="21627" bytes="793800" bytesdiscarded="0" />
  <memory-cardclean objects="8851" bytes="434392" />
  <regions eden="71" other="4" />
  <remembered-set-cleared processed="57407" cleared="1237" durationms="0.614" />
  <stringconstants candidates="4597" cleared="0"  />
</gc-op>
<gc-op id="1277" type="classunload" timems="0.002" contextid="1273" timestamp="2019-06-16T05:50:30.488">
  <classunload-info classloadercandidates="8" classloadersunloaded="0" classesunloaded="0" anonymousclassesunloaded="0" quiescems="0.000" setupms="0.002" scanms="0.000" postms="0.000" />
</gc-op>
<heap-resize id="1278" type="expand" space="default" amount="3145728" count="1" timems="0.084" reason="excessive time being spent in gc" timestamp="2019-06-16T05:50:30.488" />
<gc-end id="1279" type="partial gc" contextid="1273" durationms="6.141" usertimems="4.000" systemtimems="0.000" timestamp="2019-06-16T05:50:30.488" activeThreads="1">
  <mem-info id="1280" free="165675008" total="275775488" percent="60">
    <mem type="eden" free="406368" total="1048576" percent="38" />
    <arraylet-primitive objects="2" leaves="2" largest="1" />
    <remembered-set count="65632" freebytes="10745600" totalbytes="11008128" percent="97" regionsoverflowed="0" regionsstable="2" regionsrebuilding="0"/>
  </mem-info>
</gc-end>
<cycle-end id="1281" type="partial gc" contextid="1273" timestamp="2019-06-16T05:50:30.488" />
  <attribute name="elasticGC enabled" value="1" />
  <attribute name= "numThreadsSpecified" value="1" />
  <attribute name="heapSize specified" value="0" />
  <attribute name="Current GC Util" value="52" />
  <attribute name= "Current Time Running" value="4038" />
  <attribute name ="GC Interval" value="0" />
  <attribute name="ProportionalT" value="48.000000" />
  <attribute name="ProportionalI" value="48.000000" />
  <attribute name="ProportionalH" value="48.000000" />
  <attribute name="Current Error" value="32.000000" />
  <attribute name="IntegralT" value="0.000000" />
  <attribute name="IntegralI" value="0.000000" />
  <attribute name="IntegralH" value="0.000000" />
  <attribute name="DerivativeT" value="inf" />
  <attribute name="DerivativeI" value="inf" />
  <attribute name="DerivativeH" value="inf" />
  <attribute name="Loop Time for DT" value="0.000000" />
  <attribute name="Output H" value="8388608"/>
  <attribute name="Output I" value="200"/>
  <attribute name="Output T" value="1"/>
  <attribute name="Target GC Util Change" value ="20.000000" />
  <attribute name="Current GC Util Change" value="52.000000"/>
  <attribute name="GC Util currently" value="52" />
  <attribute name="CPU Util currently" value="15527300898608" />
<exclusive-end id="1282" timestamp="2019-06-16T05:50:30.489" durationms="7.250" />

<exclusive-start id="1283" timestamp="2019-06-16T05:50:30.532" intervalms="50.205">
  <response-info timems="4.948" idlems="2.501" threads="1" lastid="000000000283F100" lastname="Thread-10" />
</exclusive-start>
<allocation-taxation id="1284" taxation-threshold="74448896" timestamp="2019-06-16T05:50:30.532" intervalms="50.199" />
<cycle-start id="1285" type="partial gc" contextid="0" timestamp="2019-06-16T05:50:30.532" intervalms="50.220" />
<gc-start id="1286" type="partial gc" contextid="1285" timestamp="2019-06-16T05:50:30.532">
  <mem-info id="1287" free="91226112" total="275775488" percent="33">
    <mem type="eden" free="0" total="74448896" percent="0" />
    <arraylet-primitive objects="2" leaves="2" largest="1" />
    <remembered-set count="65248" freebytes="10747136" totalbytes="11008128" percent="97" regionsoverflowed="0" regionsstable="2" regionsrebuilding="0"/>
  </mem-info>
</gc-start>
<allocation-stats totalBytes="74438264" >
  <allocated-bytes non-tlh="0" tlh="74438264" arrayletleaf="0"/>
  <largest-consumer threadName="Thread-7" threadId="0000000002837900" bytes="22946656" />
</allocation-stats>
<gc-op id="1288" type="copy forward" timems="2.699" contextid="1285" timestamp="2019-06-16T05:50:30.536">
  <memory-copied type="eden" objects="10553" bytes="392248" bytesdiscarded="14840" />
  <memory-copied type="other" objects="25591" bytes="1026312" bytesdiscarded="27256" />
  <memory-cardclean objects="6359" bytes="314776" />
  <regions eden="71" other="4" />
  <remembered-set-cleared processed="57994" cleared="1328" durationms="0.289" />
  <stringconstants candidates="4597" cleared="0"  />
</gc-op>
<gc-op id="1289" type="classunload" timems="0.003" contextid="1285" timestamp="2019-06-16T05:50:30.536">
  <classunload-info classloadercandidates="8" classloadersunloaded="0" classesunloaded="0" anonymousclassesunloaded="0" quiescems="0.000" setupms="0.003" scanms="0.000" postms="0.000" />
</gc-op>
<heap-resize id="1290" type="expand" space="default" amount="2097152" count="1" timems="0.077" reason="excessive time being spent in gc" timestamp="2019-06-16T05:50:30.536" />
<gc-end id="1291" type="partial gc" contextid="1285" durationms="4.251" usertimems="4.000" systemtimems="0.000" timestamp="2019-06-16T05:50:30.537" activeThreads="4">
  <mem-info id="1292" free="166723584" total="277872640" percent="60">
    <mem type="eden" free="641488" total="1048576" percent="61" />
    <arraylet-primitive objects="2" leaves="2" largest="1" />
    <remembered-set count="64576" freebytes="10833536" totalbytes="11091840" percent="97" regionsoverflowed="0" regionsstable="2" regionsrebuilding="0"/>
  </mem-info>
</gc-end>
<cycle-end id="1293" type="partial gc" contextid="1285" timestamp="2019-06-16T05:50:30.537" />
  <attribute name="elasticGC enabled" value="1" />
  <attribute name= "numThreadsSpecified" value="4" />
  <attribute name="heapSize specified" value="0" />
  <attribute name="Current GC Util" value="58" />
  <attribute name= "Current Time Running" value="4089" />
  <attribute name ="GC Interval" value="0" />
  <attribute name="ProportionalT" value="57.000000" />
  <attribute name="ProportionalI" value="57.000000" />
  <attribute name="ProportionalH" value="57.000000" />
  <attribute name="Current Error" value="38.000000" />
  <attribute name="IntegralT" value="38.000000" />
  <attribute name="IntegralI" value="38.000000" />
  <attribute name="IntegralH" value="38.000000" />
  <attribute name="DerivativeT" value="38.000000" />
  <attribute name="DerivativeI" value="38.000000" />
  <attribute name="DerivativeH" value="38.000000" />
  <attribute name="Loop Time for DT" value="1.000000" />
  <attribute name="Output H" value="8388608"/>
  <attribute name="Output I" value="200"/>
  <attribute name="Output T" value="4"/>
  <attribute name="Target GC Util Change" value ="20.000000" />
  <attribute name="Current GC Util Change" value="58.000000"/>
  <attribute name="GC Util currently" value="58" />
  <attribute name="CPU Util currently" value="17329282556581" />
<exclusive-end id="1294" timestamp="2019-06-16T05:50:30.537" durationms="5.353" />

<exclusive-start id="1295" timestamp="2019-06-16T05:50:30.586" intervalms="54.817">
  <response-info timems="0.353" idlems="0.353" threads="0" lastid="0000000002833D00" lastname="Thread-8" />
</exclusive-start>
<allocation-taxation id="1296" taxation-threshold="75497472" timestamp="2019-06-16T05:50:30.587" intervalms="54.834" />
<cycle-start id="1297" type="partial gc" contextid="0" timestamp="2019-06-16T05:50:30.587" intervalms="54.867" />
<gc-start id="1298" type="partial gc" contextid="1297" timestamp="2019-06-16T05:50:30.587">
  <mem-info id="1299" free="91226112" total="277872640" percent="32">
    <mem type="eden" free="0" total="75497472" percent="0" />
    <arraylet-primitive objects="2" leaves="2" largest="1" />
    <remembered-set count="64320" freebytes="10834560" totalbytes="11091840" percent="97" regionsoverflowed="0" regionsstable="2" regionsrebuilding="0"/>
  </mem-info>
</gc-start>
<allocation-stats totalBytes="75486976" >
  <allocated-bytes non-tlh="0" tlh="75486976" arrayletleaf="0"/>
  <largest-consumer threadName="Thread-9" threadId="000000000283B500" bytes="25764544" />
</allocation-stats>
<gc-op id="1300" type="copy forward" timems="2.363" contextid="1297" timestamp="2019-06-16T05:50:30.590">
  <memory-copied type="eden" objects="22688" bytes="957984" bytesdiscarded="44176" />
  <memory-copied type="other" objects="11195" bytes="406056" bytesdiscarded="20128" />
  <memory-cardclean objects="3794" bytes="191656" />
  <regions eden="72" other="4" />
  <remembered-set-cleared processed="58451" cleared="1241" durationms="0.275" />
  <stringconstants candidates="4597" cleared="0"  />
</gc-op>
<gc-op id="1301" type="classunload" timems="0.002" contextid="1297" timestamp="2019-06-16T05:50:30.590">
  <classunload-info classloadercandidates="8" classloadersunloaded="0" classesunloaded="0" anonymousclassesunloaded="0" quiescems="0.000" setupms="0.002" scanms="0.000" postms="0.000" />
</gc-op>
<gc-end id="1302" type="partial gc" contextid="1297" durationms="3.548" usertimems="8.000" systemtimems="0.000" timestamp="2019-06-16T05:50:30.591" activeThreads="4">
  <mem-info id="1303" free="165675008" total="277872640" percent="59">
    <mem type="eden" free="46416" total="1048576" percent="4" />
    <arraylet-primitive objects="2" leaves="2" largest="1" />
    <remembered-set count="64128" freebytes="10835328" totalbytes="11091840" percent="97" regionsoverflowed="0" regionsstable="2" regionsrebuilding="0"/>
  </mem-info>
</gc-end>
<cycle-end id="1304" type="partial gc" contextid="1297" timestamp="2019-06-16T05:50:30.591" />
  <attribute name="elasticGC enabled" value="1" />
  <attribute name= "numThreadsSpecified" value="4" />
  <attribute name="heapSize specified" value="0" />
  <attribute name="Current GC Util" value="50" />
  <attribute name= "Current Time Running" value="4144" />
  <attribute name ="GC Interval" value="0" />
  <attribute name="ProportionalT" value="45.000000" />
  <attribute name="ProportionalI" value="45.000000" />
  <attribute name="ProportionalH" value="45.000000" />
  <attribute name="Current Error" value="30.000000" />
  <attribute name="IntegralT" value="30.000000" />
  <attribute name="IntegralI" value="30.000000" />
  <attribute name="IntegralH" value="30.000000" />
  <attribute name="DerivativeT" value="30.000000" />
  <attribute name="DerivativeI" value="30.000000" />
  <attribute name="DerivativeH" value="30.000000" />
  <attribute name="Loop Time for DT" value="1.000000" />
  <attribute name="Output H" value="8388608"/>
  <attribute name="Output I" value="200"/>
  <attribute name="Output T" value="4"/>
  <attribute name="Target GC Util Change" value ="20.000000" />
  <attribute name="Current GC Util Change" value="50.000000"/>
  <attribute name="GC Util currently" value="50" />
  <attribute name="CPU Util currently" value="15598147857827" />
<exclusive-end id="1305" timestamp="2019-06-16T05:50:30.591" durationms="4.690" />

<exclusive-start id="1306" timestamp="2019-06-16T05:50:30.647" intervalms="60.505">
  <response-info timems="0.053" idlems="0.053" threads="0" lastid="000000000283B500" lastname="Thread-9" />
</exclusive-start>
<allocation-taxation id="1307" taxation-threshold="75497472" timestamp="2019-06-16T05:50:30.647" intervalms="60.459" />
<cycle-start id="1308" type="partial gc" contextid="0" timestamp="2019-06-16T05:50:30.647" intervalms="60.391" />
<gc-start id="1309" type="partial gc" contextid="1308" timestamp="2019-06-16T05:50:30.648">
  <mem-info id="1310" free="90177536" total="277872640" percent="32">
    <mem type="eden" free="0" total="75497472" percent="0" />
    <arraylet-primitive objects="2" leaves="2" largest="1" />
    <remembered-set count="63936" freebytes="10836096" totalbytes="11091840" percent="97" regionsoverflowed="0" regionsstable="2" regionsrebuilding="0"/>
  </mem-info>
</gc-start>
<allocation-stats totalBytes="75487152" >
  <allocated-bytes non-tlh="0" tlh="75487152" arrayletleaf="0"/>
  <largest-consumer threadName="Thread-9" threadId="000000000283B500" bytes="30081064" />
</allocation-stats>
<gc-op id="1311" type="copy forward" timems="3.631" contextid="1308" timestamp="2019-06-16T05:50:30.652">
  <memory-copied type="eden" objects="19146" bytes="872952" bytesdiscarded="0" />
  <memory-copied type="other" objects="8626" bytes="344400" bytesdiscarded="0" />
  <memory-cardclean objects="1478" bytes="76432" />
  <regions eden="72" other="4" />
  <remembered-set-cleared processed="58640" cleared="823" durationms="0.638" />
  <stringconstants candidates="4597" cleared="0"  />
</gc-op>
<gc-op id="1312" type="classunload" timems="0.002" contextid="1308" timestamp="2019-06-16T05:50:30.652">
  <classunload-info classloadercandidates="8" classloadersunloaded="0" classesunloaded="0" anonymousclassesunloaded="0" quiescems="0.000" setupms="0.002" scanms="0.000" postms="0.000" />
</gc-op>
<gc-end id="1313" type="partial gc" contextid="1308" durationms="4.855" usertimems="4.000" systemtimems="0.000" timestamp="2019-06-16T05:50:30.652" activeThreads="1">
  <mem-info id="1314" free="166723584" total="277872640" percent="60">
    <mem type="eden" free="175624" total="1048576" percent="16" />
    <arraylet-primitive objects="2" leaves="2" largest="1" />
    <remembered-set count="63936" freebytes="10836096" totalbytes="11091840" percent="97" regionsoverflowed="0" regionsstable="2" regionsrebuilding="0"/>
  </mem-info>
</gc-end>
<cycle-end id="1315" type="partial gc" contextid="1308" timestamp="2019-06-16T05:50:30.653" />
  <attribute name="elasticGC enabled" value="1" />
  <attribute name= "numThreadsSpecified" value="1" />
  <attribute name="heapSize specified" value="0" />
  <attribute name="Current GC Util" value="52" />
  <attribute name= "Current Time Running" value="4204" />
  <attribute name ="GC Interval" value="0" />
  <attribute name="ProportionalT" value="48.000000" />
  <attribute name="ProportionalI" value="48.000000" />
  <attribute name="ProportionalH" value="48.000000" />
  <attribute name="Current Error" value="32.000000" />
  <attribute name="IntegralT" value="0.000000" />
  <attribute name="IntegralI" value="0.000000" />
  <attribute name="IntegralH" value="0.000000" />
  <attribute name="DerivativeT" value="inf" />
  <attribute name="DerivativeI" value="inf" />
  <attribute name="DerivativeH" value="inf" />
  <attribute name="Loop Time for DT" value="0.000000" />
  <attribute name="Output H" value="8388608"/>
  <attribute name="Output I" value="200"/>
  <attribute name="Output T" value="1"/>
  <attribute name="Target GC Util Change" value ="20.000000" />
  <attribute name="Current GC Util Change" value="52.000000"/>
  <attribute name="GC Util currently" value="52" />
  <attribute name="CPU Util currently" value="19635057703762" />
<exclusive-end id="1316" timestamp="2019-06-16T05:50:30.653" durationms="5.930" />

<exclusive-start id="1317" timestamp="2019-06-16T05:50:30.708" intervalms="60.845">
  <response-info timems="0.265" idlems="0.265" threads="0" lastid="000000000283F100" lastname="Thread-10" />
</exclusive-start>
<allocation-taxation id="1318" taxation-threshold="75497472" timestamp="2019-06-16T05:50:30.708" intervalms="60.851" />
<cycle-start id="1319" type="partial gc" contextid="0" timestamp="2019-06-16T05:50:30.708" intervalms="60.897" />
<gc-start id="1320" type="partial gc" contextid="1319" timestamp="2019-06-16T05:50:30.708">
  <mem-info id="1321" free="91226112" total="277872640" percent="32">
    <mem type="eden" free="0" total="75497472" percent="0" />
    <arraylet-primitive objects="2" leaves="2" largest="1" />
    <remembered-set count="63456" freebytes="10838016" totalbytes="11091840" percent="97" regionsoverflowed="0" regionsstable="2" regionsrebuilding="0"/>
  </mem-info>
</gc-start>
<allocation-stats totalBytes="75487000" >
  <allocated-bytes non-tlh="0" tlh="75487000" arrayletleaf="0"/>
  <largest-consumer threadName="Thread-10" threadId="000000000283F100" bytes="26857960" />
</allocation-stats>
<gc-op id="1322" type="copy forward" timems="4.279" contextid="1319" timestamp="2019-06-16T05:50:30.714">
  <memory-copied type="eden" objects="19388" bytes="741104" bytesdiscarded="0" />
  <memory-copied type="other" objects="14907" bytes="632520" bytesdiscarded="0" />
  <memory-cardclean objects="3794" bytes="191656" />
  <regions eden="72" other="4" />
  <remembered-set-cleared processed="58174" cleared="964" durationms="0.632" />
  <stringconstants candidates="4597" cleared="0"  />
</gc-op>
<gc-op id="1323" type="classunload" timems="0.003" contextid="1319" timestamp="2019-06-16T05:50:30.714">
  <classunload-info classloadercandidates="8" classloadersunloaded="0" classesunloaded="0" anonymousclassesunloaded="0" quiescems="0.000" setupms="0.002" scanms="0.000" postms="0.000" />
</gc-op>
<gc-end id="1324" type="partial gc" contextid="1319" durationms="5.634" usertimems="12.000" systemtimems="0.000" timestamp="2019-06-16T05:50:30.714" activeThreads="1">
  <mem-info id="1325" free="166723584" total="277872640" percent="60">
    <mem type="eden" free="307472" total="1048576" percent="29" />
    <arraylet-primitive objects="2" leaves="2" largest="1" />
    <remembered-set count="64672" freebytes="10833152" totalbytes="11091840" percent="97" regionsoverflowed="0" regionsstable="2" regionsrebuilding="0"/>
  </mem-info>
</gc-end>
<cycle-end id="1326" type="partial gc" contextid="1319" timestamp="2019-06-16T05:50:30.714" />
  <attribute name="elasticGC enabled" value="1" />
  <attribute name= "numThreadsSpecified" value="1" />
  <attribute name="heapSize specified" value="0" />
  <attribute name="Current GC Util" value="53" />
  <attribute name= "Current Time Running" value="4265" />
  <attribute name ="GC Interval" value="0" />
  <attribute name="ProportionalT" value="49.500000" />
  <attribute name="ProportionalI" value="49.500000" />
  <attribute name="ProportionalH" value="49.500000" />
  <attribute name="Current Error" value="33.000000" />
  <attribute name="IntegralT" value="0.000000" />
  <attribute name="IntegralI" value="0.000000" />
  <attribute name="IntegralH" value="0.000000" />
  <attribute name="DerivativeT" value="inf" />
  <attribute name="DerivativeI" value="inf" />
  <attribute name="DerivativeH" value="inf" />
  <attribute name="Loop Time for DT" value="0.000000" />
  <attribute name="Output H" value="8388608"/>
  <attribute name="Output I" value="200"/>
  <attribute name="Output T" value="1"/>
  <attribute name="Target GC Util Change" value ="20.000000" />
  <attribute name="Current GC Util Change" value="53.000000"/>
  <attribute name="GC Util currently" value="53" />
  <attribute name="CPU Util currently" value="14563111649733" />
<exclusive-end id="1327" timestamp="2019-06-16T05:50:30.714" durationms="6.746" />

<exclusive-start id="1328" timestamp="2019-06-16T05:50:30.771" intervalms="63.289">
  <response-info timems="0.076" idlems="0.076" threads="0" lastid="0000000002833D00" lastname="Thread-8" />
</exclusive-start>
<allocation-taxation id="1329" taxation-threshold="75497472" timestamp="2019-06-16T05:50:30.771" intervalms="63.292" />
<cycle-start id="1330" type="partial gc" contextid="0" timestamp="2019-06-16T05:50:30.771" intervalms="63.216" />
<gc-start id="1331" type="partial gc" contextid="1330" timestamp="2019-06-16T05:50:30.772">
  <mem-info id="1332" free="91226112" total="277872640" percent="32">
    <mem type="eden" free="0" total="75497472" percent="0" />
    <arraylet-primitive objects="2" leaves="2" largest="1" />
    <remembered-set count="64192" freebytes="10835072" totalbytes="11091840" percent="97" regionsoverflowed="0" regionsstable="2" regionsrebuilding="0"/>
  </mem-info>
</gc-start>
<allocation-stats totalBytes="75487072" >
  <allocated-bytes non-tlh="0" tlh="75487072" arrayletleaf="0"/>
  <largest-consumer threadName="Thread-10" threadId="000000000283F100" bytes="29859688" />
</allocation-stats>
<gc-op id="1333" type="copy forward" timems="4.552" contextid="1330" timestamp="2019-06-16T05:50:30.777">
  <memory-copied type="eden" objects="11604" bytes="417976" bytesdiscarded="0" />
  <memory-copied type="other" objects="25673" bytes="1028280" bytesdiscarded="0" />
  <memory-cardclean objects="3794" bytes="191656" />
  <regions eden="72" other="4" />
  <remembered-set-cleared processed="58262" cleared="1052" durationms="0.646" />
  <stringconstants candidates="4597" cleared="0"  />
</gc-op>
<gc-op id="1334" type="classunload" timems="0.004" contextid="1330" timestamp="2019-06-16T05:50:30.777">
  <classunload-info classloadercandidates="8" classloadersunloaded="0" classesunloaded="0" anonymousclassesunloaded="0" quiescems="0.000" setupms="0.003" scanms="0.000" postms="0.000" />
</gc-op>
<gc-end id="1335" type="partial gc" contextid="1330" durationms="5.711" usertimems="4.000" systemtimems="8.000" timestamp="2019-06-16T05:50:30.777" activeThreads="1">
  <mem-info id="1336" free="165675008" total="277872640" percent="59">
    <mem type="eden" free="630600" total="1048576" percent="60" />
    <arraylet-primitive objects="2" leaves="2" largest="1" />
    <remembered-set count="65504" freebytes="10829824" totalbytes="11091840" percent="97" regionsoverflowed="0" regionsstable="2" regionsrebuilding="0"/>
  </mem-info>
</gc-end>
<cycle-end id="1337" type="partial gc" contextid="1330" timestamp="2019-06-16T05:50:30.778" />
  <attribute name="elasticGC enabled" value="1" />
  <attribute name= "numThreadsSpecified" value="1" />
  <attribute name="heapSize specified" value="0" />
  <attribute name="Current GC Util" value="77" />
  <attribute name= "Current Time Running" value="4328" />
  <attribute name ="GC Interval" value="0" />
  <attribute name="ProportionalT" value="85.500000" />
  <attribute name="ProportionalI" value="85.500000" />
  <attribute name="ProportionalH" value="85.500000" />
  <attribute name="Current Error" value="57.000000" />
  <attribute name="IntegralT" value="0.000000" />
  <attribute name="IntegralI" value="0.000000" />
  <attribute name="IntegralH" value="0.000000" />
  <attribute name="DerivativeT" value="inf" />
  <attribute name="DerivativeI" value="inf" />
  <attribute name="DerivativeH" value="inf" />
  <attribute name="Loop Time for DT" value="0.000000" />
  <attribute name="Output H" value="8388608"/>
  <attribute name="Output I" value="200"/>
  <attribute name="Output T" value="1"/>
  <attribute name="Target GC Util Change" value ="20.000000" />
  <attribute name="Current GC Util Change" value="77.000000"/>
  <attribute name="GC Util currently" value="77" />
  <attribute name="CPU Util currently" value="17333776865488" />
<exclusive-end id="1338" timestamp="2019-06-16T05:50:30.778" durationms="6.785" />

<exclusive-start id="1339" timestamp="2019-06-16T05:50:30.818" intervalms="46.523">
  <response-info timems="0.035" idlems="0.035" threads="0" lastid="0000000002833D00" lastname="Thread-8" />
</exclusive-start>
<allocation-taxation id="1340" taxation-threshold="75497472" timestamp="2019-06-16T05:50:30.818" intervalms="46.508" />
<cycle-start id="1341" type="partial gc" contextid="0" timestamp="2019-06-16T05:50:30.818" intervalms="46.532" />
<gc-start id="1342" type="partial gc" contextid="1341" timestamp="2019-06-16T05:50:30.818">
  <mem-info id="1343" free="90177536" total="277872640" percent="32">
    <mem type="eden" free="0" total="75497472" percent="0" />
    <arraylet-primitive objects="2" leaves="2" largest="1" />
    <remembered-set count="65344" freebytes="10830464" totalbytes="11091840" percent="97" regionsoverflowed="0" regionsstable="2" regionsrebuilding="0"/>
  </mem-info>
</gc-start>
<allocation-stats totalBytes="75486536" >
  <allocated-bytes non-tlh="0" tlh="75486536" arrayletleaf="0"/>
  <largest-consumer threadName="Thread-8" threadId="0000000002833D00" bytes="24322600" />
</allocation-stats>
<gc-op id="1344" type="copy forward" timems="3.939" contextid="1341" timestamp="2019-06-16T05:50:30.823">
  <memory-copied type="eden" objects="17756" bytes="839432" bytesdiscarded="0" />
  <memory-copied type="other" objects="11751" bytes="419400" bytesdiscarded="0" />
  <memory-cardclean objects="3794" bytes="191656" />
  <regions eden="72" other="5" />
  <remembered-set-cleared processed="58505" cleared="1295" durationms="0.626" />
  <stringconstants candidates="4597" cleared="0"  />
</gc-op>
<gc-op id="1345" type="classunload" timems="0.003" contextid="1341" timestamp="2019-06-16T05:50:30.823">
  <classunload-info classloadercandidates="8" classloadersunloaded="0" classesunloaded="0" anonymousclassesunloaded="0" quiescems="0.000" setupms="0.002" scanms="0.000" postms="0.000" />
</gc-op>
<gc-end id="1346" type="partial gc" contextid="1341" durationms="5.046" usertimems="8.000" systemtimems="0.000" timestamp="2019-06-16T05:50:30.823" activeThreads="1">
  <mem-info id="1347" free="164626432" total="277872640" percent="59">
    <mem type="eden" free="209144" total="1048576" percent="19" />
    <arraylet-primitive objects="2" leaves="2" largest="1" />
    <remembered-set count="65600" freebytes="10829440" totalbytes="11091840" percent="97" regionsoverflowed="0" regionsstable="2" regionsrebuilding="0"/>
  </mem-info>
</gc-end>
<cycle-end id="1348" type="partial gc" contextid="1341" timestamp="2019-06-16T05:50:30.823" />
  <attribute name="elasticGC enabled" value="1" />
  <attribute name= "numThreadsSpecified" value="1" />
  <attribute name="heapSize specified" value="0" />
  <attribute name="Current GC Util" value="76" />
  <attribute name= "Current Time Running" value="4374" />
  <attribute name ="GC Interval" value="0" />
  <attribute name="ProportionalT" value="84.000000" />
  <attribute name="ProportionalI" value="84.000000" />
  <attribute name="ProportionalH" value="84.000000" />
  <attribute name="Current Error" value="56.000000" />
  <attribute name="IntegralT" value="0.000000" />
  <attribute name="IntegralI" value="0.000000" />
  <attribute name="IntegralH" value="0.000000" />
  <attribute name="DerivativeT" value="inf" />
  <attribute name="DerivativeI" value="inf" />
  <attribute name="DerivativeH" value="inf" />
  <attribute name="Loop Time for DT" value="0.000000" />
  <attribute name="Output H" value="8388608"/>
  <attribute name="Output I" value="200"/>
  <attribute name="Output T" value="1"/>
  <attribute name="Target GC Util Change" value ="20.000000" />
  <attribute name="Current GC Util Change" value="76.000000"/>
  <attribute name="GC Util currently" value="76" />
  <attribute name="CPU Util currently" value="18969700719301" />
<exclusive-end id="1349" timestamp="2019-06-16T05:50:30.824" durationms="6.159" />

<exclusive-start id="1350" timestamp="2019-06-16T05:50:30.856" intervalms="38.428">
  <response-info timems="0.029" idlems="0.029" threads="0" lastid="000000000283F100" lastname="Thread-10" />
</exclusive-start>
<allocation-taxation id="1351" taxation-threshold="75497472" timestamp="2019-06-16T05:50:30.856" intervalms="38.477" />
<cycle-start id="1352" type="partial gc" contextid="0" timestamp="2019-06-16T05:50:30.856" intervalms="38.580" />
<gc-start id="1353" type="partial gc" contextid="1352" timestamp="2019-06-16T05:50:30.857">
  <mem-info id="1354" free="89128960" total="277872640" percent="32">
    <mem type="eden" free="0" total="75497472" percent="0" />
    <arraylet-primitive objects="2" leaves="2" largest="1" />
    <remembered-set count="65120" freebytes="10831360" totalbytes="11091840" percent="97" regionsoverflowed="0" regionsstable="2" regionsrebuilding="0"/>
  </mem-info>
</gc-start>
<allocation-stats totalBytes="75486240" >
  <allocated-bytes non-tlh="0" tlh="75486240" arrayletleaf="0"/>
  <largest-consumer threadName="Thread-10" threadId="000000000283F100" bytes="26361568" />
</allocation-stats>
<gc-op id="1355" type="copy forward" timems="4.243" contextid="1352" timestamp="2019-06-16T05:50:30.862">
  <memory-copied type="eden" objects="13026" bytes="451312" bytesdiscarded="0" />
  <memory-copied type="other" objects="19587" bytes="882216" bytesdiscarded="0" />
  <memory-cardclean objects="4711" bytes="250624" />
  <regions eden="72" other="3" />
  <remembered-set-cleared processed="58757" cleared="566" durationms="0.634" />
  <stringconstants candidates="4597" cleared="0"  />
</gc-op>
<gc-op id="1356" type="classunload" timems="0.002" contextid="1352" timestamp="2019-06-16T05:50:30.862">
  <classunload-info classloadercandidates="8" classloadersunloaded="0" classesunloaded="0" anonymousclassesunloaded="0" quiescems="0.000" setupms="0.002" scanms="0.000" postms="0.000" />
</gc-op>
<gc-end id="1357" type="partial gc" contextid="1352" durationms="5.588" usertimems="4.000" systemtimems="0.000" timestamp="2019-06-16T05:50:30.862" activeThreads="1">
  <mem-info id="1358" free="163577856" total="277872640" percent="58">
    <mem type="eden" free="597264" total="1048576" percent="56" />
    <arraylet-primitive objects="2" leaves="2" largest="1" />
    <remembered-set count="66592" freebytes="10825472" totalbytes="11091840" percent="97" regionsoverflowed="0" regionsstable="2" regionsrebuilding="0"/>
  </mem-info>
</gc-end>
<cycle-end id="1359" type="partial gc" contextid="1352" timestamp="2019-06-16T05:50:30.863" />
  <attribute name="elasticGC enabled" value="1" />
  <attribute name= "numThreadsSpecified" value="1" />
  <attribute name="heapSize specified" value="0" />
  <attribute name="Current GC Util" value="72" />
  <attribute name= "Current Time Running" value="4413" />
  <attribute name ="GC Interval" value="0" />
  <attribute name="ProportionalT" value="78.000000" />
  <attribute name="ProportionalI" value="78.000000" />
  <attribute name="ProportionalH" value="78.000000" />
  <attribute name="Current Error" value="52.000000" />
  <attribute name="IntegralT" value="0.000000" />
  <attribute name="IntegralI" value="0.000000" />
  <attribute name="IntegralH" value="0.000000" />
  <attribute name="DerivativeT" value="inf" />
  <attribute name="DerivativeI" value="inf" />
  <attribute name="DerivativeH" value="inf" />
  <attribute name="Loop Time for DT" value="0.000000" />
  <attribute name="Output H" value="8388608"/>
  <attribute name="Output I" value="200"/>
  <attribute name="Output T" value="1"/>
  <attribute name="Target GC Util Change" value ="20.000000" />
  <attribute name="Current GC Util Change" value="72.000000"/>
  <attribute name="GC Util currently" value="72" />
  <attribute name="CPU Util currently" value="17430740979148" />
<exclusive-end id="1360" timestamp="2019-06-16T05:50:30.863" durationms="6.882" />

<exclusive-start id="1361" timestamp="2019-06-16T05:50:30.895" intervalms="39.114">
  <response-info timems="0.034" idlems="0.034" threads="0" lastid="000000000283B500" lastname="Thread-9" />
</exclusive-start>
<allocation-taxation id="1362" taxation-threshold="75497472" timestamp="2019-06-16T05:50:30.895" intervalms="39.063" />
<cycle-start id="1363" type="partial gc" contextid="0" timestamp="2019-06-16T05:50:30.895" intervalms="38.994" />
<gc-start id="1364" type="partial gc" contextid="1363" timestamp="2019-06-16T05:50:30.896">
  <mem-info id="1365" free="88080384" total="277872640" percent="31">
    <mem type="eden" free="0" total="75497472" percent="0" />
    <arraylet-primitive objects="2" leaves="2" largest="1" />
    <remembered-set count="66528" freebytes="10825728" totalbytes="11091840" percent="97" regionsoverflowed="0" regionsstable="2" regionsrebuilding="0"/>
  </mem-info>
</gc-start>
<allocation-stats totalBytes="75487248" >
  <allocated-bytes non-tlh="0" tlh="75487248" arrayletleaf="0"/>
  <largest-consumer threadName="Thread-10" threadId="000000000283F100" bytes="23319512" />
</allocation-stats>
<gc-op id="1366" type="copy forward" timems="4.274" contextid="1363" timestamp="2019-06-16T05:50:30.901">
  <memory-copied type="eden" objects="13480" bytes="462048" bytesdiscarded="0" />
  <memory-copied type="other" objects="23841" bytes="984312" bytesdiscarded="0" />
  <memory-cardclean objects="4563" bytes="224512" />
  <regions eden="72" other="4" />
  <remembered-set-cleared processed="59212" cleared="1021" durationms="0.594" />
  <stringconstants candidates="4597" cleared="0"  />
</gc-op>
<gc-op id="1367" type="classunload" timems="0.002" contextid="1363" timestamp="2019-06-16T05:50:30.901">
  <classunload-info classloadercandidates="8" classloadersunloaded="0" classesunloaded="0" anonymousclassesunloaded="0" quiescems="0.000" setupms="0.002" scanms="0.000" postms="0.000" />
</gc-op>
<heap-resize id="1368" type="expand" space="default" amount="10485760" count="1" timems="0.115" reason="excessive time being spent in gc" timestamp="2019-06-16T05:50:30.901" />
<gc-end id="1369" type="partial gc" contextid="1363" durationms="5.588" usertimems="8.000" systemtimems="0.000" timestamp="2019-06-16T05:50:30.901" activeThreads="1">
  <mem-info id="1370" free="173015040" total="288358400" percent="60">
    <mem type="eden" free="586528" total="1048576" percent="55" />
    <arraylet-primitive objects="2" leaves="2" largest="1" />
    <remembered-set count="67104" freebytes="11241984" totalbytes="11510400" percent="97" regionsoverflowed="0" regionsstable="2" regionsrebuilding="0"/>
  </mem-info>
</gc-end>
<cycle-end id="1371" type="partial gc" contextid="1363" timestamp="2019-06-16T05:50:30.901" />
  <attribute name="elasticGC enabled" value="1" />
  <attribute name= "numThreadsSpecified" value="1" />
  <attribute name="heapSize specified" value="0" />
  <attribute name="Current GC Util" value="93" />
  <attribute name= "Current Time Running" value="4452" />
  <attribute name ="GC Interval" value="0" />
  <attribute name="ProportionalT" value="109.500000" />
  <attribute name="ProportionalI" value="109.500000" />
  <attribute name="ProportionalH" value="109.500000" />
  <attribute name="Current Error" value="73.000000" />
  <attribute name="IntegralT" value="0.000000" />
  <attribute name="IntegralI" value="0.000000" />
  <attribute name="IntegralH" value="0.000000" />
  <attribute name="DerivativeT" value="inf" />
  <attribute name="DerivativeI" value="inf" />
  <attribute name="DerivativeH" value="inf" />
  <attribute name="Loop Time for DT" value="0.000000" />
  <attribute name="Output H" value="8388608"/>
  <attribute name="Output I" value="200"/>
  <attribute name="Output T" value="1"/>
  <attribute name="Target GC Util Change" value ="20.000000" />
  <attribute name="Current GC Util Change" value="93.000000"/>
  <attribute name="GC Util currently" value="93" />
  <attribute name="CPU Util currently" value="22103026682623" />
<exclusive-end id="1372" timestamp="2019-06-16T05:50:30.902" durationms="6.556" />

<exclusive-start id="1373" timestamp="2019-06-16T05:50:30.933" intervalms="37.901">
  <response-info timems="0.049" idlems="0.049" threads="0" lastid="000000000283B500" lastname="Thread-9" />
</exclusive-start>
<allocation-taxation id="1374" taxation-threshold="77594624" timestamp="2019-06-16T05:50:30.933" intervalms="37.911" />
<cycle-start id="1375" type="partial gc" contextid="0" timestamp="2019-06-16T05:50:30.933" intervalms="37.833" />
<gc-start id="1376" type="partial gc" contextid="1375" timestamp="2019-06-16T05:50:30.933">
  <mem-info id="1377" free="95420416" total="288358400" percent="33">
    <mem type="eden" free="0" total="77594624" percent="0" />
    <arraylet-primitive objects="2" leaves="2" largest="1" />
    <remembered-set count="66976" freebytes="11242496" totalbytes="11510400" percent="97" regionsoverflowed="0" regionsstable="2" regionsrebuilding="0"/>
  </mem-info>
</gc-start>
<allocation-stats totalBytes="77584424" >
  <allocated-bytes non-tlh="0" tlh="77584424" arrayletleaf="0"/>
  <largest-consumer threadName="Thread-10" threadId="000000000283F100" bytes="22107552" />
</allocation-stats>
<gc-op id="1378" type="copy forward" timems="2.128" contextid="1375" timestamp="2019-06-16T05:50:30.936">
  <memory-copied type="eden" objects="21467" bytes="928856" bytesdiscarded="60280" />
  <memory-copied type="other" objects="11265" bytes="407736" bytesdiscarded="27488" />
  <memory-cardclean objects="4563" bytes="224512" />
  <regions eden="74" other="5" />
  <remembered-set-cleared processed="59339" cleared="1148" durationms="0.246" />
  <stringconstants candidates="4597" cleared="0"  />
</gc-op>
<gc-op id="1379" type="classunload" timems="0.003" contextid="1375" timestamp="2019-06-16T05:50:30.936">
  <classunload-info classloadercandidates="8" classloadersunloaded="0" classesunloaded="0" anonymousclassesunloaded="0" quiescems="0.000" setupms="0.003" scanms="0.000" postms="0.000" />
</gc-op>
<heap-resize id="1380" type="expand" space="default" amount="3145728" count="1" timems="0.073" reason="excessive time being spent in gc" timestamp="2019-06-16T05:50:30.936" />
<gc-end id="1381" type="partial gc" contextid="1375" durationms="3.146" usertimems="8.000" systemtimems="0.000" timestamp="2019-06-16T05:50:30.937" activeThreads="4">
  <mem-info id="1382" free="175112192" total="291504128" percent="60">
    <mem type="eden" free="59440" total="1048576" percent="5" />
    <arraylet-primitive objects="2" leaves="2" largest="1" />
    <remembered-set count="65120" freebytes="11375488" totalbytes="11635968" percent="97" regionsoverflowed="0" regionsstable="2" regionsrebuilding="0"/>
  </mem-info>
</gc-end>
<cycle-end id="1383" type="partial gc" contextid="1375" timestamp="2019-06-16T05:50:30.937" />
  <attribute name="elasticGC enabled" value="1" />
  <attribute name= "numThreadsSpecified" value="4" />
  <attribute name="heapSize specified" value="0" />
  <attribute name="Current GC Util" value="78" />
  <attribute name= "Current Time Running" value="4490" />
  <attribute name ="GC Interval" value="0" />
  <attribute name="ProportionalT" value="87.000000" />
  <attribute name="ProportionalI" value="87.000000" />
  <attribute name="ProportionalH" value="87.000000" />
  <attribute name="Current Error" value="58.000000" />
  <attribute name="IntegralT" value="58.000000" />
  <attribute name="IntegralI" value="58.000000" />
  <attribute name="IntegralH" value="58.000000" />
  <attribute name="DerivativeT" value="58.000000" />
  <attribute name="DerivativeI" value="58.000000" />
  <attribute name="DerivativeH" value="58.000000" />
  <attribute name="Loop Time for DT" value="1.000000" />
  <attribute name="Output H" value="8388608"/>
  <attribute name="Output I" value="208"/>
  <attribute name="Output T" value="4"/>
  <attribute name="Target GC Util Change" value ="20.000000" />
  <attribute name="Current GC Util Change" value="78.000000"/>
  <attribute name="GC Util currently" value="78" />
  <attribute name="CPU Util currently" value="18090576733499" />
<exclusive-end id="1384" timestamp="2019-06-16T05:50:30.937" durationms="3.901" />

<exclusive-start id="1385" timestamp="2019-06-16T05:50:30.967" intervalms="33.532">
  <response-info timems="0.030" idlems="0.030" threads="0" lastid="0000000002837900" lastname="Thread-7" />
</exclusive-start>
<allocation-taxation id="1386" taxation-threshold="78643200" timestamp="2019-06-16T05:50:30.967" intervalms="33.561" />
<cycle-start id="1387" type="partial gc" contextid="0" timestamp="2019-06-16T05:50:30.967" intervalms="33.657" />
<gc-start id="1388" type="partial gc" contextid="1387" timestamp="2019-06-16T05:50:30.967">
  <mem-info id="1389" free="96468992" total="291504128" percent="33">
    <mem type="eden" free="0" total="78643200" percent="0" />
    <arraylet-primitive objects="2" leaves="2" largest="1" />
    <remembered-set count="64768" freebytes="11376896" totalbytes="11635968" percent="97" regionsoverflowed="0" regionsstable="2" regionsrebuilding="0"/>
  </mem-info>
</gc-start>
<allocation-stats totalBytes="78633232" >
  <allocated-bytes non-tlh="0" tlh="78633232" arrayletleaf="0"/>
  <largest-consumer threadName="Thread-8" threadId="0000000002833D00" bytes="25183320" />
</allocation-stats>
<gc-op id="1390" type="copy forward" timems="2.119" contextid="1387" timestamp="2019-06-16T05:50:30.970">
  <memory-copied type="eden" objects="12496" bytes="438792" bytesdiscarded="18736" />
  <memory-copied type="other" objects="21388" bytes="925440" bytesdiscarded="56784" />
  <memory-cardclean objects="3027" bytes="150784" />
  <regions eden="75" other="4" />
  <remembered-set-cleared processed="59265" cleared="721" durationms="0.221" />
  <stringconstants candidates="4597" cleared="0"  />
</gc-op>
<gc-op id="1391" type="classunload" timems="0.002" contextid="1387" timestamp="2019-06-16T05:50:30.970">
  <classunload-info classloadercandidates="8" classloadersunloaded="0" classesunloaded="0" anonymousclassesunloaded="0" quiescems="0.000" setupms="0.002" scanms="0.000" postms="0.000" />
</gc-op>
<heap-resize id="1392" type="expand" space="default" amount="2097152" count="1" timems="0.068" reason="excessive time being spent in gc" timestamp="2019-06-16T05:50:30.970" />
<gc-end id="1393" type="partial gc" contextid="1387" durationms="3.217" usertimems="4.000" systemtimems="4.000" timestamp="2019-06-16T05:50:30.970" activeThreads="4">
  <mem-info id="1394" free="176160768" total="293601280" percent="60">
    <mem type="eden" free="591048" total="1048576" percent="56" />
    <arraylet-primitive objects="2" leaves="2" largest="1" />
    <remembered-set count="66016" freebytes="11455616" totalbytes="11719680" percent="97" regionsoverflowed="0" regionsstable="2" regionsrebuilding="0"/>
  </mem-info>
</gc-end>
<cycle-end id="1395" type="partial gc" contextid="1387" timestamp="2019-06-16T05:50:30.970" />
  <attribute name="elasticGC enabled" value="1" />
  <attribute name= "numThreadsSpecified" value="4" />
  <attribute name="heapSize specified" value="0" />
  <attribute name="Current GC Util" value="0" />
  <attribute name= "Current Time Running" value="4523" />
  <attribute name ="GC Interval" value="0" />
  <attribute name="ProportionalT" value="-30.000000" />
  <attribute name="ProportionalI" value="-30.000000" />
  <attribute name="ProportionalH" value="-30.000000" />
  <attribute name="Current Error" value="-20.000000" />
  <attribute name="IntegralT" value="0.000000" />
  <attribute name="IntegralI" value="0.000000" />
  <attribute name="IntegralH" value="0.000000" />
  <attribute name="DerivativeT" value="-inf" />
  <attribute name="DerivativeI" value="-inf" />
  <attribute name="DerivativeH" value="-inf" />
  <attribute name="Loop Time for DT" value="0.000000" />
  <attribute name="Output H" value="2091843584"/>
  <attribute name="Output I" value="200"/>
  <attribute name="Output T" value="4"/>
  <attribute name="Target GC Util Change" value ="20.000000" />
  <attribute name="Current GC Util Change" value="0.000000"/>
  <attribute name="GC Util currently" value="0" />
  <attribute name="CPU Util currently" value="27779902184742" />
<exclusive-end id="1396" timestamp="2019-06-16T05:50:30.971" durationms="4.259" />

<exclusive-start id="1397" timestamp="2019-06-16T05:50:31.004" intervalms="37.030">
  <response-info timems="0.028" idlems="0.028" threads="0" lastid="000000000283B500" lastname="Thread-9" />
</exclusive-start>
<allocation-taxation id="1398" taxation-threshold="79691776" timestamp="2019-06-16T05:50:31.004" intervalms="36.999" />
<cycle-start id="1399" type="partial gc" contextid="0" timestamp="2019-06-16T05:50:31.004" intervalms="36.972" />
<gc-start id="1400" type="partial gc" contextid="1399" timestamp="2019-06-16T05:50:31.004">
  <mem-info id="1401" free="96468992" total="293601280" percent="32">
    <mem type="eden" free="0" total="79691776" percent="0" />
    <arraylet-primitive objects="2" leaves="2" largest="1" />
    <remembered-set count="65920" freebytes="11456000" totalbytes="11719680" percent="97" regionsoverflowed="0" regionsstable="2" regionsrebuilding="0"/>
  </mem-info>
</gc-start>
<allocation-stats totalBytes="79681280" >
  <allocated-bytes non-tlh="0" tlh="79681280" arrayletleaf="0"/>
  <largest-consumer threadName="Thread-10" threadId="000000000283F100" bytes="21960048" />
</allocation-stats>
<gc-op id="1402" type="copy forward" timems="4.102" contextid="1399" timestamp="2019-06-16T05:50:31.009">
  <memory-copied type="eden" objects="9971" bytes="378384" bytesdiscarded="0" />
  <memory-copied type="other" objects="23902" bytes="985776" bytesdiscarded="0" />
  <memory-cardclean objects="2138" bytes="108112" />
  <regions eden="76" other="4" />
  <remembered-set-cleared processed="59814" cleared="1038" durationms="0.618" />
  <stringconstants candidates="4597" cleared="0"  />
</gc-op>
<gc-op id="1403" type="classunload" timems="0.002" contextid="1399" timestamp="2019-06-16T05:50:31.009">
  <classunload-info classloadercandidates="8" classloadersunloaded="0" classesunloaded="0" anonymousclassesunloaded="0" quiescems="0.000" setupms="0.002" scanms="0.000" postms="0.000" />
</gc-op>
<gc-end id="1404" type="partial gc" contextid="1399" durationms="5.104" usertimems="4.000" systemtimems="0.000" timestamp="2019-06-16T05:50:31.009" activeThreads="1">
  <mem-info id="1405" free="175112192" total="293601280" percent="59">
    <mem type="eden" free="670192" total="1048576" percent="63" />
    <arraylet-primitive objects="2" leaves="2" largest="1" />
    <remembered-set count="66400" freebytes="11454080" totalbytes="11719680" percent="97" regionsoverflowed="0" regionsstable="2" regionsrebuilding="0"/>
  </mem-info>
</gc-end>
<cycle-end id="1406" type="partial gc" contextid="1399" timestamp="2019-06-16T05:50:31.009" />
  <attribute name="elasticGC enabled" value="1" />
  <attribute name= "numThreadsSpecified" value="1" />
  <attribute name="heapSize specified" value="0" />
  <attribute name="Current GC Util" value="60" />
  <attribute name= "Current Time Running" value="4560" />
  <attribute name ="GC Interval" value="0" />
  <attribute name="ProportionalT" value="60.000000" />
  <attribute name="ProportionalI" value="60.000000" />
  <attribute name="ProportionalH" value="60.000000" />
  <attribute name="Current Error" value="40.000000" />
  <attribute name="IntegralT" value="0.000000" />
  <attribute name="IntegralI" value="0.000000" />
  <attribute name="IntegralH" value="0.000000" />
  <attribute name="DerivativeT" value="inf" />
  <attribute name="DerivativeI" value="inf" />
  <attribute name="DerivativeH" value="inf" />
  <attribute name="Loop Time for DT" value="0.000000" />
  <attribute name="Output H" value="8388608"/>
  <attribute name="Output I" value="200"/>
  <attribute name="Output T" value="1"/>
  <attribute name="Target GC Util Change" value ="20.000000" />
  <attribute name="Current GC Util Change" value="60.000000"/>
  <attribute name="GC Util currently" value="60" />
  <attribute name="CPU Util currently" value="19631881424676" />
<exclusive-end id="1407" timestamp="2019-06-16T05:50:31.010" durationms="6.003" />

<exclusive-start id="1408" timestamp="2019-06-16T05:50:31.042" intervalms="38.668">
  <response-info timems="0.028" idlems="0.028" threads="0" lastid="000000000283B500" lastname="Thread-9" />
</exclusive-start>
<allocation-taxation id="1409" taxation-threshold="79691776" timestamp="2019-06-16T05:50:31.042" intervalms="38.662" />
<cycle-start id="1410" type="partial gc" contextid="0" timestamp="2019-06-16T05:50:31.043" intervalms="38.635" />
<gc-start id="1411" type="partial gc" contextid="1410" timestamp="2019-06-16T05:50:31.043">
  <mem-info id="1412" free="95420416" total="293601280" percent="32">
    <mem type="eden" free="0" total="79691776" percent="0" />
    <arraylet-primitive objects="2" leaves="2" largest="1" />
    <remembered-set count="66176" freebytes="11454976" totalbytes="11719680" percent="97" regionsoverflowed="0" regionsstable="2" regionsrebuilding="0"/>
  </mem-info>
</gc-start>
<allocation-stats totalBytes="79681072" >
  <allocated-bytes non-tlh="0" tlh="79681072" arrayletleaf="0"/>
  <largest-consumer threadName="Thread-10" threadId="000000000283F100" bytes="21873728" />
</allocation-stats>
<gc-op id="1413" type="copy forward" timems="4.046" contextid="1410" timestamp="2019-06-16T05:50:31.047">
  <memory-copied type="eden" objects="22907" bytes="963952" bytesdiscarded="0" />
  <memory-copied type="other" objects="10062" bytes="378864" bytesdiscarded="0" />
  <memory-cardclean objects="4780" bytes="253624" />
  <regions eden="76" other="4" />
  <remembered-set-cleared processed="60118" cleared="885" durationms="0.605" />
  <stringconstants candidates="4597" cleared="0"  />
</gc-op>
<gc-op id="1414" type="classunload" timems="0.002" contextid="1410" timestamp="2019-06-16T05:50:31.048">
  <classunload-info classloadercandidates="8" classloadersunloaded="0" classesunloaded="0" anonymousclassesunloaded="0" quiescems="0.000" setupms="0.002" scanms="0.000" postms="0.000" />
</gc-op>
<gc-end id="1415" type="partial gc" contextid="1410" durationms="5.076" usertimems="8.000" systemtimems="0.000" timestamp="2019-06-16T05:50:31.048" activeThreads="1">
  <mem-info id="1416" free="174063616" total="293601280" percent="59">
    <mem type="eden" free="84624" total="1048576" percent="8" />
    <arraylet-primitive objects="2" leaves="2" largest="1" />
    <remembered-set count="66080" freebytes="11455360" totalbytes="11719680" percent="97" regionsoverflowed="0" regionsstable="2" regionsrebuilding="0"/>
  </mem-info>
</gc-end>
<cycle-end id="1417" type="partial gc" contextid="1410" timestamp="2019-06-16T05:50:31.048" />
  <attribute name="elasticGC enabled" value="1" />
  <attribute name= "numThreadsSpecified" value="1" />
  <attribute name="heapSize specified" value="0" />
  <attribute name="Current GC Util" value="68" />
  <attribute name= "Current Time Running" value="4599" />
  <attribute name ="GC Interval" value="0" />
  <attribute name="ProportionalT" value="72.000000" />
  <attribute name="ProportionalI" value="72.000000" />
  <attribute name="ProportionalH" value="72.000000" />
  <attribute name="Current Error" value="48.000000" />
  <attribute name="IntegralT" value="0.000000" />
  <attribute name="IntegralI" value="0.000000" />
  <attribute name="IntegralH" value="0.000000" />
  <attribute name="DerivativeT" value="inf" />
  <attribute name="DerivativeI" value="inf" />
  <attribute name="DerivativeH" value="inf" />
  <attribute name="Loop Time for DT" value="0.000000" />
  <attribute name="Output H" value="8388608"/>
  <attribute name="Output I" value="200"/>
  <attribute name="Output T" value="1"/>
  <attribute name="Target GC Util Change" value ="20.000000" />
  <attribute name="Current GC Util Change" value="68.000000"/>
  <attribute name="GC Util currently" value="68" />
  <attribute name="CPU Util currently" value="18821748523901" />
<exclusive-end id="1418" timestamp="2019-06-16T05:50:31.048" durationms="5.926" />

<exclusive-start id="1419" timestamp="2019-06-16T05:50:31.084" intervalms="41.368">
  <response-info timems="0.032" idlems="0.032" threads="0" lastid="0000000002833D00" lastname="Thread-8" />
</exclusive-start>
<allocation-taxation id="1420" taxation-threshold="79691776" timestamp="2019-06-16T05:50:31.084" intervalms="41.387" />
<cycle-start id="1421" type="partial gc" contextid="0" timestamp="2019-06-16T05:50:31.084" intervalms="41.454" />
<gc-start id="1422" type="partial gc" contextid="1421" timestamp="2019-06-16T05:50:31.084">
  <mem-info id="1423" free="94371840" total="293601280" percent="32">
    <mem type="eden" free="0" total="79691776" percent="0" />
    <arraylet-primitive objects="2" leaves="2" largest="1" />
    <remembered-set count="65952" freebytes="11455872" totalbytes="11719680" percent="97" regionsoverflowed="0" regionsstable="2" regionsrebuilding="0"/>
  </mem-info>
</gc-start>
<allocation-stats totalBytes="79680672" >
  <allocated-bytes non-tlh="0" tlh="79680672" arrayletleaf="0"/>
  <largest-consumer threadName="Thread-10" threadId="000000000283F100" bytes="21652408" />
</allocation-stats>
<gc-op id="1424" type="copy forward" timems="2.289" contextid="1421" timestamp="2019-06-16T05:50:31.087">
  <memory-copied type="eden" objects="10017" bytes="379312" bytesdiscarded="17848" />
  <memory-copied type="other" objects="22421" bytes="950232" bytesdiscarded="65800" />
  <memory-cardclean objects="4459" bytes="219520" />
  <regions eden="76" other="4" />
  <remembered-set-cleared processed="60236" cleared="949" durationms="0.237" />
  <stringconstants candidates="4597" cleared="0"  />
</gc-op>
<gc-op id="1425" type="classunload" timems="0.002" contextid="1421" timestamp="2019-06-16T05:50:31.087">
  <classunload-info classloadercandidates="8" classloadersunloaded="0" classesunloaded="0" anonymousclassesunloaded="0" quiescems="0.000" setupms="0.002" scanms="0.000" postms="0.000" />
</gc-op>
<heap-resize id="1426" type="expand" space="default" amount="8388608" count="1" timems="0.113" reason="excessive time being spent in gc" timestamp="2019-06-16T05:50:31.088" />
<gc-end id="1427" type="partial gc" contextid="1421" durationms="3.656" usertimems="8.000" systemtimems="0.000" timestamp="2019-06-16T05:50:31.088" activeThreads="4">
  <mem-info id="1428" free="181403648" total="301989888" percent="60">
    <mem type="eden" free="651416" total="1048576" percent="62" />
    <arraylet-primitive objects="2" leaves="2" largest="1" />
    <remembered-set count="67296" freebytes="11785344" totalbytes="12054528" percent="97" regionsoverflowed="0" regionsstable="2" regionsrebuilding="0"/>
  </mem-info>
</gc-end>
<cycle-end id="1429" type="partial gc" contextid="1421" timestamp="2019-06-16T05:50:31.088" />
  <attribute name="elasticGC enabled" value="1" />
  <attribute name= "numThreadsSpecified" value="4" />
  <attribute name="heapSize specified" value="0" />
  <attribute name="Current GC Util" value="64" />
  <attribute name= "Current Time Running" value="4641" />
  <attribute name ="GC Interval" value="0" />
  <attribute name="ProportionalT" value="66.000000" />
  <attribute name="ProportionalI" value="66.000000" />
  <attribute name="ProportionalH" value="66.000000" />
  <attribute name="Current Error" value="44.000000" />
  <attribute name="IntegralT" value="44.000000" />
  <attribute name="IntegralI" value="44.000000" />
  <attribute name="IntegralH" value="44.000000" />
  <attribute name="DerivativeT" value="44.000000" />
  <attribute name="DerivativeI" value="44.000000" />
  <attribute name="DerivativeH" value="44.000000" />
  <attribute name="Loop Time for DT" value="1.000000" />
  <attribute name="Output H" value="8388608"/>
  <attribute name="Output I" value="200"/>
  <attribute name="Output T" value="4"/>
  <attribute name="Target GC Util Change" value ="20.000000" />
  <attribute name="Current GC Util Change" value="64.000000"/>
  <attribute name="GC Util currently" value="64" />
  <attribute name="CPU Util currently" value="16125509206531" />
<exclusive-end id="1430" timestamp="2019-06-16T05:50:31.088" durationms="4.620" />

<exclusive-start id="1431" timestamp="2019-06-16T05:50:31.118" intervalms="34.646">
  <response-info timems="0.033" idlems="0.033" threads="0" lastid="000000000283F100" lastname="Thread-10" />
</exclusive-start>
<allocation-taxation id="1432" taxation-threshold="81788928" timestamp="2019-06-16T05:50:31.118" intervalms="34.675" />
<cycle-start id="1433" type="partial gc" contextid="0" timestamp="2019-06-16T05:50:31.119" intervalms="34.698" />
<gc-start id="1434" type="partial gc" contextid="1433" timestamp="2019-06-16T05:50:31.119">
  <mem-info id="1435" free="99614720" total="301989888" percent="32">
    <mem type="eden" free="0" total="81788928" percent="0" />
    <arraylet-primitive objects="2" leaves="2" largest="1" />
    <remembered-set count="66816" freebytes="11787264" totalbytes="12054528" percent="97" regionsoverflowed="0" regionsstable="2" regionsrebuilding="0"/>
  </mem-info>
</gc-start>
<allocation-stats totalBytes="81777624" >
  <allocated-bytes non-tlh="0" tlh="81777624" arrayletleaf="0"/>
  <largest-consumer threadName="Thread-10" threadId="000000000283F100" bytes="26001632" />
</allocation-stats>
<gc-op id="1436" type="copy forward" timems="4.126" contextid="1433" timestamp="2019-06-16T05:50:31.124">
  <memory-copied type="eden" objects="13889" bytes="610112" bytesdiscarded="0" />
  <memory-copied type="other" objects="16982" bytes="682320" bytesdiscarded="0" />
  <memory-cardclean objects="4459" bytes="219520" />
  <regions eden="78" other="5" />
  <remembered-set-cleared processed="60474" cleared="1187" durationms="0.648" />
  <stringconstants candidates="4597" cleared="0"  />
</gc-op>
<gc-op id="1437" type="classunload" timems="0.003" contextid="1433" timestamp="2019-06-16T05:50:31.124">
  <classunload-info classloadercandidates="8" classloadersunloaded="0" classesunloaded="0" anonymousclassesunloaded="0" quiescems="0.000" setupms="0.003" scanms="0.000" postms="0.000" />
</gc-op>
<heap-resize id="1438" type="expand" space="default" amount="2097152" count="1" timems="0.077" reason="excessive time being spent in gc" timestamp="2019-06-16T05:50:31.124" />
<gc-end id="1439" type="partial gc" contextid="1433" durationms="5.643" usertimems="4.000" systemtimems="0.000" timestamp="2019-06-16T05:50:31.125" activeThreads="1">
  <mem-info id="1440" free="182452224" total="304087040" percent="60">
    <mem type="eden" free="438464" total="1048576" percent="41" />
    <arraylet-primitive objects="2" leaves="2" largest="1" />
    <remembered-set count="66528" freebytes="11872128" totalbytes="12138240" percent="97" regionsoverflowed="0" regionsstable="2" regionsrebuilding="0"/>
  </mem-info>
</gc-end>
<cycle-end id="1441" type="partial gc" contextid="1433" timestamp="2019-06-16T05:50:31.125" />
  <attribute name="elasticGC enabled" value="1" />
  <attribute name= "numThreadsSpecified" value="1" />
  <attribute name="heapSize specified" value="0" />
  <attribute name="Current GC Util" value="67" />
  <attribute name= "Current Time Running" value="4675" />
  <attribute name ="GC Interval" value="0" />
  <attribute name="ProportionalT" value="70.500000" />
  <attribute name="ProportionalI" value="70.500000" />
  <attribute name="ProportionalH" value="70.500000" />
  <attribute name="Current Error" value="47.000000" />
  <attribute name="IntegralT" value="0.000000" />
  <attribute name="IntegralI" value="0.000000" />
  <attribute name="IntegralH" value="0.000000" />
  <attribute name="DerivativeT" value="inf" />
  <attribute name="DerivativeI" value="inf" />
  <attribute name="DerivativeH" value="inf" />
  <attribute name="Loop Time for DT" value="0.000000" />
  <attribute name="Output H" value="8388608"/>
  <attribute name="Output I" value="200"/>
  <attribute name="Output T" value="1"/>
  <attribute name="Target GC Util Change" value ="20.000000" />
  <attribute name="Current GC Util Change" value="67.000000"/>
  <attribute name="GC Util currently" value="67" />
  <attribute name="CPU Util currently" value="16195106024269" />
<exclusive-end id="1442" timestamp="2019-06-16T05:50:31.125" durationms="6.859" />

<exclusive-start id="1443" timestamp="2019-06-16T05:50:31.157" intervalms="38.771">
  <response-info timems="0.056" idlems="0.056" threads="0" lastid="0000000002833D00" lastname="Thread-8" />
</exclusive-start>
<allocation-taxation id="1444" taxation-threshold="81788928" timestamp="2019-06-16T05:50:31.157" intervalms="38.694" />
<cycle-start id="1445" type="partial gc" contextid="0" timestamp="2019-06-16T05:50:31.157" intervalms="38.566" />
<gc-start id="1446" type="partial gc" contextid="1445" timestamp="2019-06-16T05:50:31.158">
  <mem-info id="1447" free="100663296" total="304087040" percent="33">
    <mem type="eden" free="0" total="81788928" percent="0" />
    <arraylet-primitive objects="2" leaves="2" largest="1" />
    <remembered-set count="66368" freebytes="11872768" totalbytes="12138240" percent="97" regionsoverflowed="0" regionsstable="2" regionsrebuilding="0"/>
  </mem-info>
</gc-start>
<allocation-stats totalBytes="81778936" >
  <allocated-bytes non-tlh="0" tlh="81778936" arrayletleaf="0"/>
  <largest-consumer threadName="Thread-8" threadId="0000000002833D00" bytes="24552808" />
</allocation-stats>
<gc-op id="1448" type="copy forward" timems="4.140" contextid="1445" timestamp="2019-06-16T05:50:31.163">
  <memory-copied type="eden" objects="11095" bytes="405832" bytesdiscarded="0" />
  <memory-copied type="other" objects="21050" bytes="917328" bytesdiscarded="0" />
  <memory-cardclean objects="2483" bytes="124672" />
  <regions eden="78" other="4" />
  <remembered-set-cleared processed="60655" cleared="912" durationms="0.651" />
  <stringconstants candidates="4597" cleared="0"  />
</gc-op>
<gc-op id="1449" type="classunload" timems="0.003" contextid="1445" timestamp="2019-06-16T05:50:31.163">
  <classunload-info classloadercandidates="8" classloadersunloaded="0" classesunloaded="0" anonymousclassesunloaded="0" quiescems="0.000" setupms="0.002" scanms="0.000" postms="0.000" />
</gc-op>
<heap-resize id="1450" type="expand" space="default" amount="3145728" count="1" timems="0.084" reason="excessive time being spent in gc" timestamp="2019-06-16T05:50:31.163" />
<gc-end id="1451" type="partial gc" contextid="1445" durationms="5.668" usertimems="4.000" systemtimems="0.000" timestamp="2019-06-16T05:50:31.163" activeThreads="1">
  <mem-info id="1452" free="184549376" total="307232768" percent="60">
    <mem type="eden" free="642744" total="1048576" percent="61" />
    <arraylet-primitive objects="2" leaves="2" largest="1" />
    <remembered-set count="67936" freebytes="11992064" totalbytes="12263808" percent="97" regionsoverflowed="0" regionsstable="2" regionsrebuilding="0"/>
  </mem-info>
</gc-end>
<cycle-end id="1453" type="partial gc" contextid="1445" timestamp="2019-06-16T05:50:31.163" />
  <attribute name="elasticGC enabled" value="1" />
  <attribute name= "numThreadsSpecified" value="1" />
  <attribute name="heapSize specified" value="0" />
  <attribute name="Current GC Util" value="75" />
  <attribute name= "Current Time Running" value="4714" />
  <attribute name ="GC Interval" value="0" />
  <attribute name="ProportionalT" value="82.500000" />
  <attribute name="ProportionalI" value="82.500000" />
  <attribute name="ProportionalH" value="82.500000" />
  <attribute name="Current Error" value="55.000000" />
  <attribute name="IntegralT" value="0.000000" />
  <attribute name="IntegralI" value="0.000000" />
  <attribute name="IntegralH" value="0.000000" />
  <attribute name="DerivativeT" value="inf" />
  <attribute name="DerivativeI" value="inf" />
  <attribute name="DerivativeH" value="inf" />
  <attribute name="Loop Time for DT" value="0.000000" />
  <attribute name="Output H" value="8388608"/>
  <attribute name="Output I" value="200"/>
  <attribute name="Output T" value="1"/>
  <attribute name="Target GC Util Change" value ="20.000000" />
  <attribute name="Current GC Util Change" value="75.000000"/>
  <attribute name="GC Util currently" value="75" />
  <attribute name="CPU Util currently" value="17515081774721" />
<exclusive-end id="1454" timestamp="2019-06-16T05:50:31.164" durationms="6.716" />

<exclusive-start id="1455" timestamp="2019-06-16T05:50:31.194" intervalms="37.199">
  <response-info timems="0.033" idlems="0.033" threads="0" lastid="000000000283F100" lastname="Thread-10" />
</exclusive-start>
<allocation-taxation id="1456" taxation-threshold="82837504" timestamp="2019-06-16T05:50:31.194" intervalms="37.291" />
<cycle-start id="1457" type="partial gc" contextid="0" timestamp="2019-06-16T05:50:31.195" intervalms="37.419" />
<gc-start id="1458" type="partial gc" contextid="1457" timestamp="2019-06-16T05:50:31.195">
  <mem-info id="1459" free="101711872" total="307232768" percent="33">
    <mem type="eden" free="0" total="82837504" percent="0" />
    <arraylet-primitive objects="2" leaves="2" largest="1" />
    <remembered-set count="67680" freebytes="11993088" totalbytes="12263808" percent="97" regionsoverflowed="0" regionsstable="2" regionsrebuilding="0"/>
  </mem-info>
</gc-start>
<allocation-stats totalBytes="82826336" >
  <allocated-bytes non-tlh="0" tlh="82826336" arrayletleaf="0"/>
  <largest-consumer threadName="Thread-10" threadId="000000000283F100" bytes="22344904" />
</allocation-stats>
<gc-op id="1460" type="copy forward" timems="3.379" contextid="1457" timestamp="2019-06-16T05:50:31.199">
  <memory-copied type="eden" objects="17101" bytes="824600" bytesdiscarded="0" />
  <memory-copied type="other" objects="7209" bytes="310392" bytesdiscarded="0" />
  <memory-cardclean objects="1349" bytes="70240" />
  <regions eden="79" other="4" />
  <remembered-set-cleared processed="61042" cleared="1042" durationms="0.655" />
  <stringconstants candidates="4597" cleared="0"  />
</gc-op>
<gc-op id="1461" type="classunload" timems="0.003" contextid="1457" timestamp="2019-06-16T05:50:31.199">
  <classunload-info classloadercandidates="8" classloadersunloaded="0" classesunloaded="0" anonymousclassesunloaded="0" quiescems="0.000" setupms="0.002" scanms="0.000" postms="0.000" />
</gc-op>
<gc-end id="1462" type="partial gc" contextid="1457" durationms="4.721" usertimems="4.000" systemtimems="0.000" timestamp="2019-06-16T05:50:31.200" activeThreads="1">
  <mem-info id="1463" free="185597952" total="307232768" percent="60">
    <mem type="eden" free="223976" total="1048576" percent="21" />
    <arraylet-primitive objects="2" leaves="2" largest="1" />
    <remembered-set count="66144" freebytes="11999232" totalbytes="12263808" percent="97" regionsoverflowed="0" regionsstable="2" regionsrebuilding="0"/>
  </mem-info>
</gc-end>
<cycle-end id="1464" type="partial gc" contextid="1457" timestamp="2019-06-16T05:50:31.200" />
  <attribute name="elasticGC enabled" value="1" />
  <attribute name= "numThreadsSpecified" value="1" />
  <attribute name="heapSize specified" value="0" />
  <attribute name="Current GC Util" value="68" />
  <attribute name= "Current Time Running" value="4751" />
  <attribute name ="GC Interval" value="0" />
  <attribute name="ProportionalT" value="72.000000" />
  <attribute name="ProportionalI" value="72.000000" />
  <attribute name="ProportionalH" value="72.000000" />
  <attribute name="Current Error" value="48.000000" />
  <attribute name="IntegralT" value="0.000000" />
  <attribute name="IntegralI" value="0.000000" />
  <attribute name="IntegralH" value="0.000000" />
  <attribute name="DerivativeT" value="inf" />
  <attribute name="DerivativeI" value="inf" />
  <attribute name="DerivativeH" value="inf" />
  <attribute name="Loop Time for DT" value="0.000000" />
  <attribute name="Output H" value="8388608"/>
  <attribute name="Output I" value="200"/>
  <attribute name="Output T" value="1"/>
  <attribute name="Target GC Util Change" value ="20.000000" />
  <attribute name="Current GC Util Change" value="68.000000"/>
  <attribute name="GC Util currently" value="68" />
  <attribute name="CPU Util currently" value="17454821412689" />
<exclusive-end id="1465" timestamp="2019-06-16T05:50:31.200" durationms="6.009" />

<exclusive-start id="1466" timestamp="2019-06-16T05:50:31.224" intervalms="29.627">
  <response-info timems="0.031" idlems="0.031" threads="0" lastid="000000000283F100" lastname="Thread-10" />
</exclusive-start>
<allocation-taxation id="1467" taxation-threshold="82837504" timestamp="2019-06-16T05:50:31.224" intervalms="29.603" />
<cycle-start id="1468" type="partial gc" contextid="0" timestamp="2019-06-16T05:50:31.224" intervalms="29.585" />
<gc-start id="1469" type="partial gc" contextid="1468" timestamp="2019-06-16T05:50:31.225">
  <mem-info id="1470" free="102760448" total="307232768" percent="33">
    <mem type="eden" free="0" total="82837504" percent="0" />
    <arraylet-primitive objects="2" leaves="2" largest="1" />
    <remembered-set count="66080" freebytes="11999488" totalbytes="12263808" percent="97" regionsoverflowed="0" regionsstable="2" regionsrebuilding="0"/>
  </mem-info>
</gc-start>
<allocation-stats totalBytes="82828152" >
  <allocated-bytes non-tlh="0" tlh="82828152" arrayletleaf="0"/>
  <largest-consumer threadName="Thread-7" threadId="0000000002837900" bytes="24676048" />
</allocation-stats>
<gc-op id="1471" type="copy forward" timems="4.052" contextid="1468" timestamp="2019-06-16T05:50:31.230">
  <memory-copied type="eden" objects="5660" bytes="137408" bytesdiscarded="0" />
  <memory-copied type="other" objects="25054" bytes="1150800" bytesdiscarded="0" />
  <memory-cardclean objects="2483" bytes="124672" />
  <regions eden="79" other="4" />
  <remembered-set-cleared processed="60370" cleared="627" durationms="0.653" />
  <stringconstants candidates="4597" cleared="0"  />
</gc-op>
<gc-op id="1472" type="classunload" timems="0.003" contextid="1468" timestamp="2019-06-16T05:50:31.230">
  <classunload-info classloadercandidates="8" classloadersunloaded="0" classesunloaded="0" anonymousclassesunloaded="0" quiescems="0.000" setupms="0.002" scanms="0.000" postms="0.000" />
</gc-op>
<gc-end id="1473" type="partial gc" contextid="1468" durationms="5.347" usertimems="4.000" systemtimems="0.000" timestamp="2019-06-16T05:50:31.230" activeThreads="1">
  <mem-info id="1474" free="184549376" total="307232768" percent="60">
    <mem type="eden" free="911168" total="1048576" percent="86" />
    <arraylet-primitive objects="2" leaves="2" largest="1" />
    <remembered-set count="67424" freebytes="11994112" totalbytes="12263808" percent="97" regionsoverflowed="0" regionsstable="2" regionsrebuilding="0"/>
  </mem-info>
</gc-end>
<cycle-end id="1475" type="partial gc" contextid="1468" timestamp="2019-06-16T05:50:31.230" />
  <attribute name="elasticGC enabled" value="1" />
  <attribute name= "numThreadsSpecified" value="1" />
  <attribute name="heapSize specified" value="0" />
  <attribute name="Current GC Util" value="79" />
  <attribute name= "Current Time Running" value="4781" />
  <attribute name ="GC Interval" value="0" />
  <attribute name="ProportionalT" value="88.500000" />
  <attribute name="ProportionalI" value="88.500000" />
  <attribute name="ProportionalH" value="88.500000" />
  <attribute name="Current Error" value="59.000000" />
  <attribute name="IntegralT" value="0.000000" />
  <attribute name="IntegralI" value="0.000000" />
  <attribute name="IntegralH" value="0.000000" />
  <attribute name="DerivativeT" value="inf" />
  <attribute name="DerivativeI" value="inf" />
  <attribute name="DerivativeH" value="inf" />
  <attribute name="Loop Time for DT" value="0.000000" />
  <attribute name="Output H" value="8388608"/>
  <attribute name="Output I" value="200"/>
  <attribute name="Output T" value="1"/>
  <attribute name="Target GC Util Change" value ="20.000000" />
  <attribute name="Current GC Util Change" value="79.000000"/>
  <attribute name="GC Util currently" value="79" />
  <attribute name="CPU Util currently" value="17009884998838" />
<exclusive-end id="1476" timestamp="2019-06-16T05:50:31.230" durationms="6.559" />

<exclusive-start id="1477" timestamp="2019-06-16T05:50:31.253" intervalms="29.388">
  <response-info timems="0.050" idlems="0.050" threads="0" lastid="000000000283F100" lastname="Thread-10" />
</exclusive-start>
<allocation-taxation id="1478" taxation-threshold="82837504" timestamp="2019-06-16T05:50:31.253" intervalms="29.393" />
<cycle-start id="1479" type="partial gc" contextid="0" timestamp="2019-06-16T05:50:31.254" intervalms="29.418" />
<gc-start id="1480" type="partial gc" contextid="1479" timestamp="2019-06-16T05:50:31.254">
  <mem-info id="1481" free="101711872" total="307232768" percent="33">
    <mem type="eden" free="0" total="82837504" percent="0" />
    <arraylet-primitive objects="2" leaves="2" largest="1" />
    <remembered-set count="67360" freebytes="11994368" totalbytes="12263808" percent="97" regionsoverflowed="0" regionsstable="2" regionsrebuilding="0"/>
  </mem-info>
</gc-start>
<allocation-stats totalBytes="82828720" >
  <allocated-bytes non-tlh="0" tlh="82828720" arrayletleaf="0"/>
  <largest-consumer threadName="Thread-7" threadId="0000000002837900" bytes="24262304" />
</allocation-stats>
<gc-op id="1482" type="copy forward" timems="3.923" contextid="1479" timestamp="2019-06-16T05:50:31.259">
  <memory-copied type="eden" objects="9414" bytes="364816" bytesdiscarded="0" />
  <memory-copied type="other" objects="20967" bytes="915336" bytesdiscarded="0" />
  <memory-cardclean objects="1349" bytes="70240" />
  <regions eden="79" other="4" />
  <remembered-set-cleared processed="60994" cleared="992" durationms="0.652" />
  <stringconstants candidates="4597" cleared="0"  />
</gc-op>
<gc-op id="1483" type="classunload" timems="0.003" contextid="1479" timestamp="2019-06-16T05:50:31.259">
  <classunload-info classloadercandidates="8" classloadersunloaded="0" classesunloaded="0" anonymousclassesunloaded="0" quiescems="0.000" setupms="0.002" scanms="0.000" postms="0.000" />
</gc-op>
<gc-end id="1484" type="partial gc" contextid="1479" durationms="5.202" usertimems="4.000" systemtimems="0.000" timestamp="2019-06-16T05:50:31.259" activeThreads="1">
  <mem-info id="1485" free="184549376" total="307232768" percent="60">
    <mem type="eden" free="683760" total="1048576" percent="65" />
    <arraylet-primitive objects="2" leaves="2" largest="1" />
    <remembered-set count="67840" freebytes="11992448" totalbytes="12263808" percent="97" regionsoverflowed="0" regionsstable="2" regionsrebuilding="0"/>
  </mem-info>
</gc-end>
<cycle-end id="1486" type="partial gc" contextid="1479" timestamp="2019-06-16T05:50:31.259" />
  <attribute name="elasticGC enabled" value="1" />
  <attribute name= "numThreadsSpecified" value="1" />
  <attribute name="heapSize specified" value="0" />
  <attribute name="Current GC Util" value="70" />
  <attribute name= "Current Time Running" value="4810" />
  <attribute name ="GC Interval" value="0" />
  <attribute name="ProportionalT" value="75.000000" />
  <attribute name="ProportionalI" value="75.000000" />
  <attribute name="ProportionalH" value="75.000000" />
  <attribute name="Current Error" value="50.000000" />
  <attribute name="IntegralT" value="0.000000" />
  <attribute name="IntegralI" value="0.000000" />
  <attribute name="IntegralH" value="0.000000" />
  <attribute name="DerivativeT" value="inf" />
  <attribute name="DerivativeI" value="inf" />
  <attribute name="DerivativeH" value="inf" />
  <attribute name="Loop Time for DT" value="0.000000" />
  <attribute name="Output H" value="8388608"/>
  <attribute name="Output I" value="200"/>
  <attribute name="Output T" value="1"/>
  <attribute name="Target GC Util Change" value ="20.000000" />
  <attribute name="Current GC Util Change" value="70.000000"/>
  <attribute name="GC Util currently" value="70" />
  <attribute name="CPU Util currently" value="18302374869955" />
<exclusive-end id="1487" timestamp="2019-06-16T05:50:31.260" durationms="6.437" />

<exclusive-start id="1488" timestamp="2019-06-16T05:50:31.282" intervalms="29.093">
  <response-info timems="0.040" idlems="0.040" threads="0" lastid="0000000002833D00" lastname="Thread-8" />
</exclusive-start>
<allocation-taxation id="1489" taxation-threshold="82837504" timestamp="2019-06-16T05:50:31.282" intervalms="29.058" />
<cycle-start id="1490" type="partial gc" contextid="0" timestamp="2019-06-16T05:50:31.283" intervalms="29.058" />
<gc-start id="1491" type="partial gc" contextid="1490" timestamp="2019-06-16T05:50:31.283">
  <mem-info id="1492" free="101711872" total="307232768" percent="33">
    <mem type="eden" free="0" total="82837504" percent="0" />
    <arraylet-primitive objects="2" leaves="2" largest="1" />
    <remembered-set count="67776" freebytes="11992704" totalbytes="12263808" percent="97" regionsoverflowed="0" regionsstable="2" regionsrebuilding="0"/>
  </mem-info>
</gc-start>
<allocation-stats totalBytes="82829176" >
  <allocated-bytes non-tlh="0" tlh="82829176" arrayletleaf="0"/>
  <largest-consumer threadName="Thread-7" threadId="0000000002837900" bytes="24172592" />
</allocation-stats>
<gc-op id="1493" type="copy forward" timems="3.635" contextid="1490" timestamp="2019-06-16T05:50:31.288">
  <memory-copied type="eden" objects="13682" bytes="604752" bytesdiscarded="0" />
  <memory-copied type="other" objects="12931" bytes="585096" bytesdiscarded="0" />
  <memory-cardclean objects="1349" bytes="70240" />
  <regions eden="79" other="4" />
  <remembered-set-cleared processed="61060" cleared="1058" durationms="0.656" />
  <stringconstants candidates="4597" cleared="0"  />
</gc-op>
<gc-op id="1494" type="classunload" timems="0.002" contextid="1490" timestamp="2019-06-16T05:50:31.288">
  <classunload-info classloadercandidates="8" classloadersunloaded="0" classesunloaded="0" anonymousclassesunloaded="0" quiescems="0.000" setupms="0.002" scanms="0.000" postms="0.000" />
</gc-op>
<heap-resize id="1495" type="expand" space="default" amount="2097152" count="1" timems="0.082" reason="excessive time being spent in gc" timestamp="2019-06-16T05:50:31.288" />
<gc-end id="1496" type="partial gc" contextid="1490" durationms="5.170" usertimems="8.000" systemtimems="0.000" timestamp="2019-06-16T05:50:31.288" activeThreads="1">
  <mem-info id="1497" free="185597952" total="309329920" percent="60">
    <mem type="eden" free="443824" total="1048576" percent="42" />
    <arraylet-primitive objects="2" leaves="2" largest="1" />
    <remembered-set count="67328" freebytes="12078208" totalbytes="12347520" percent="97" regionsoverflowed="0" regionsstable="2" regionsrebuilding="0"/>
  </mem-info>
</gc-end>
<cycle-end id="1498" type="partial gc" contextid="1490" timestamp="2019-06-16T05:50:31.288" />
  <attribute name="elasticGC enabled" value="1" />
  <attribute name= "numThreadsSpecified" value="1" />
  <attribute name="heapSize specified" value="0" />
  <attribute name="Current GC Util" value="73" />
  <attribute name= "Current Time Running" value="4839" />
  <attribute name ="GC Interval" value="0" />
  <attribute name="ProportionalT" value="79.500000" />
  <attribute name="ProportionalI" value="79.500000" />
  <attribute name="ProportionalH" value="79.500000" />
  <attribute name="Current Error" value="53.000000" />
  <attribute name="IntegralT" value="0.000000" />
  <attribute name="IntegralI" value="0.000000" />
  <attribute name="IntegralH" value="0.000000" />
  <attribute name="DerivativeT" value="inf" />
  <attribute name="DerivativeI" value="inf" />
  <attribute name="DerivativeH" value="inf" />
  <attribute name="Loop Time for DT" value="0.000000" />
  <attribute name="Output H" value="8388608"/>
  <attribute name="Output I" value="200"/>
  <attribute name="Output T" value="1"/>
  <attribute name="Target GC Util Change" value ="20.000000" />
  <attribute name="Current GC Util Change" value="73.000000"/>
  <attribute name="GC Util currently" value="73" />
  <attribute name="CPU Util currently" value="18520827311656" />
<exclusive-end id="1499" timestamp="2019-06-16T05:50:31.289" durationms="6.394" />

<exclusive-start id="1500" timestamp="2019-06-16T05:50:31.312" intervalms="29.796">
  <response-info timems="0.035" idlems="0.035" threads="0" lastid="0000000002837900" lastname="Thread-7" />
</exclusive-start>
<allocation-taxation id="1501" taxation-threshold="82837504" timestamp="2019-06-16T05:50:31.312" intervalms="29.799" />
<cycle-start id="1502" type="partial gc" contextid="0" timestamp="2019-06-16T05:50:31.312" intervalms="29.680" />
<gc-start id="1503" type="partial gc" contextid="1502" timestamp="2019-06-16T05:50:31.313">
  <mem-info id="1504" free="102760448" total="309329920" percent="33">
    <mem type="eden" free="0" total="82837504" percent="0" />
    <arraylet-primitive objects="2" leaves="2" largest="1" />
    <remembered-set count="66880" freebytes="12080000" totalbytes="12347520" percent="97" regionsoverflowed="0" regionsstable="2" regionsrebuilding="0"/>
  </mem-info>
</gc-start>
<allocation-stats totalBytes="82828024" >
  <allocated-bytes non-tlh="0" tlh="82828024" arrayletleaf="0"/>
  <largest-consumer threadName="Thread-10" threadId="000000000283F100" bytes="25064976" />
</allocation-stats>
<gc-op id="1505" type="copy forward" timems="3.788" contextid="1502" timestamp="2019-06-16T05:50:31.317">
  <memory-copied type="eden" objects="9862" bytes="375480" bytesdiscarded="0" />
  <memory-copied type="other" objects="18412" bytes="854016" bytesdiscarded="0" />
  <memory-cardclean objects="10" bytes="1912" />
  <regions eden="79" other="4" />
  <remembered-set-cleared processed="60912" cleared="560" durationms="0.659" />
  <stringconstants candidates="4597" cleared="0"  />
</gc-op>
<gc-op id="1506" type="classunload" timems="0.002" contextid="1502" timestamp="2019-06-16T05:50:31.318">
  <classunload-info classloadercandidates="8" classloadersunloaded="0" classesunloaded="0" anonymousclassesunloaded="0" quiescems="0.000" setupms="0.002" scanms="0.000" postms="0.000" />
</gc-op>
<heap-resize id="1507" type="expand" space="default" amount="3145728" count="1" timems="0.083" reason="excessive time being spent in gc" timestamp="2019-06-16T05:50:31.318" />
<gc-end id="1508" type="partial gc" contextid="1502" durationms="5.476" usertimems="4.000" systemtimems="0.000" timestamp="2019-06-16T05:50:31.318" activeThreads="1">
  <mem-info id="1509" free="187695104" total="312475648" percent="60">
    <mem type="eden" free="673096" total="1048576" percent="64" />
    <arraylet-primitive objects="2" leaves="2" largest="1" />
    <remembered-set count="67744" freebytes="12202112" totalbytes="12473088" percent="97" regionsoverflowed="0" regionsstable="2" regionsrebuilding="0"/>
  </mem-info>
</gc-end>
<cycle-end id="1510" type="partial gc" contextid="1502" timestamp="2019-06-16T05:50:31.318" />
  <attribute name="elasticGC enabled" value="1" />
  <attribute name= "numThreadsSpecified" value="1" />
  <attribute name="heapSize specified" value="0" />
  <attribute name="Current GC Util" value="74" />
  <attribute name= "Current Time Running" value="4869" />
  <attribute name ="GC Interval" value="0" />
  <attribute name="ProportionalT" value="81.000000" />
  <attribute name="ProportionalI" value="81.000000" />
  <attribute name="ProportionalH" value="81.000000" />
  <attribute name="Current Error" value="54.000000" />
  <attribute name="IntegralT" value="0.000000" />
  <attribute name="IntegralI" value="0.000000" />
  <attribute name="IntegralH" value="0.000000" />
  <attribute name="DerivativeT" value="inf" />
  <attribute name="DerivativeI" value="inf" />
  <attribute name="DerivativeH" value="inf" />
  <attribute name="Loop Time for DT" value="0.000000" />
  <attribute name="Output H" value="8388608"/>
  <attribute name="Output I" value="200"/>
  <attribute name="Output T" value="1"/>
  <attribute name="Target GC Util Change" value ="20.000000" />
  <attribute name="Current GC Util Change" value="74.000000"/>
  <attribute name="GC Util currently" value="74" />
  <attribute name="CPU Util currently" value="17409092455206" />
<exclusive-end id="1511" timestamp="2019-06-16T05:50:31.319" durationms="6.484" />

<exclusive-start id="1512" timestamp="2019-06-16T05:50:31.344" intervalms="31.622">
  <response-info timems="0.032" idlems="0.032" threads="0" lastid="000000000283F100" lastname="Thread-10" />
</exclusive-start>
<allocation-taxation id="1513" taxation-threshold="83886080" timestamp="2019-06-16T05:50:31.344" intervalms="31.587" />
<cycle-start id="1514" type="partial gc" contextid="0" timestamp="2019-06-16T05:50:31.344" intervalms="31.658" />
<gc-start id="1515" type="partial gc" contextid="1514" timestamp="2019-06-16T05:50:31.344">
  <mem-info id="1516" free="103809024" total="312475648" percent="33">
    <mem type="eden" free="0" total="83886080" percent="0" />
    <arraylet-primitive objects="2" leaves="2" largest="1" />
    <remembered-set count="67712" freebytes="12202240" totalbytes="12473088" percent="97" regionsoverflowed="0" regionsstable="2" regionsrebuilding="0"/>
  </mem-info>
</gc-start>
<allocation-stats totalBytes="83877568" >
  <allocated-bytes non-tlh="0" tlh="83877568" arrayletleaf="0"/>
  <largest-consumer threadName="Thread-10" threadId="000000000283F100" bytes="24450904" />
</allocation-stats>
<gc-op id="1517" type="copy forward" timems="2.146" contextid="1514" timestamp="2019-06-16T05:50:31.347">
  <memory-copied type="eden" objects="9556" bytes="368728" bytesdiscarded="11000" />
  <memory-copied type="other" objects="15419" bytes="644808" bytesdiscarded="42400" />
  <memory-cardclean objects="4533" bytes="238024" />
  <regions eden="80" other="4" />
  <remembered-set-cleared processed="61182" cleared="830" durationms="0.253" />
  <stringconstants candidates="4597" cleared="0"  />
</gc-op>
<gc-op id="1518" type="classunload" timems="0.002" contextid="1514" timestamp="2019-06-16T05:50:31.347">
  <classunload-info classloadercandidates="8" classloadersunloaded="0" classesunloaded="0" anonymousclassesunloaded="0" quiescems="0.000" setupms="0.002" scanms="0.000" postms="0.000" />
</gc-op>
<heap-resize id="1519" type="expand" space="default" amount="2097152" count="1" timems="0.078" reason="excessive time being spent in gc" timestamp="2019-06-16T05:50:31.348" />
<gc-end id="1520" type="partial gc" contextid="1514" durationms="3.496" usertimems="8.000" systemtimems="0.000" timestamp="2019-06-16T05:50:31.348" activeThreads="4">
  <mem-info id="1521" free="188743680" total="314572800" percent="60">
    <mem type="eden" free="668848" total="1048576" percent="63" />
    <arraylet-primitive objects="2" leaves="2" largest="1" />
    <remembered-set count="67968" freebytes="12284928" totalbytes="12556800" percent="97" regionsoverflowed="0" regionsstable="2" regionsrebuilding="0"/>
  </mem-info>
</gc-end>
<cycle-end id="1522" type="partial gc" contextid="1514" timestamp="2019-06-16T05:50:31.348" />
  <attribute name="elasticGC enabled" value="1" />
  <attribute name= "numThreadsSpecified" value="4" />
  <attribute name="heapSize specified" value="0" />
  <attribute name="Current GC Util" value="73" />
  <attribute name= "Current Time Running" value="4901" />
  <attribute name ="GC Interval" value="0" />
  <attribute name="ProportionalT" value="79.500000" />
  <attribute name="ProportionalI" value="79.500000" />
  <attribute name="ProportionalH" value="79.500000" />
  <attribute name="Current Error" value="53.000000" />
  <attribute name="IntegralT" value="53.000000" />
  <attribute name="IntegralI" value="53.000000" />
  <attribute name="IntegralH" value="53.000000" />
  <attribute name="DerivativeT" value="53.000000" />
  <attribute name="DerivativeI" value="53.000000" />
  <attribute name="DerivativeH" value="53.000000" />
  <attribute name="Loop Time for DT" value="1.000000" />
  <attribute name="Output H" value="8388608"/>
  <attribute name="Output I" value="200"/>
  <attribute name="Output T" value="4"/>
  <attribute name="Target GC Util Change" value ="20.000000" />
  <attribute name="Current GC Util Change" value="73.000000"/>
  <attribute name="GC Util currently" value="73" />
  <attribute name="CPU Util currently" value="15942331293786" />
<exclusive-end id="1523" timestamp="2019-06-16T05:50:31.348" durationms="4.436" />

<exclusive-start id="1524" timestamp="2019-06-16T05:50:31.376" intervalms="32.336">
  <response-info timems="0.031" idlems="0.031" threads="0" lastid="0000000002833D00" lastname="Thread-8" />
</exclusive-start>
<allocation-taxation id="1525" taxation-threshold="84934656" timestamp="2019-06-16T05:50:31.376" intervalms="32.352" />
<cycle-start id="1526" type="partial gc" contextid="0" timestamp="2019-06-16T05:50:31.376" intervalms="32.274" />
<gc-start id="1527" type="partial gc" contextid="1526" timestamp="2019-06-16T05:50:31.377">
  <mem-info id="1528" free="103809024" total="314572800" percent="33">
    <mem type="eden" free="0" total="84934656" percent="0" />
    <arraylet-primitive objects="2" leaves="2" largest="1" />
    <remembered-set count="67488" freebytes="12286848" totalbytes="12556800" percent="97" regionsoverflowed="0" regionsstable="2" regionsrebuilding="0"/>
  </mem-info>
</gc-start>
<allocation-stats totalBytes="84924032" >
  <allocated-bytes non-tlh="0" tlh="84924032" arrayletleaf="0"/>
  <largest-consumer threadName="Thread-9" threadId="000000000283B500" bytes="24474632" />
</allocation-stats>
<gc-op id="1529" type="copy forward" timems="4.231" contextid="1526" timestamp="2019-06-16T05:50:31.382">
  <memory-copied type="eden" objects="16364" bytes="669040" bytesdiscarded="0" />
  <memory-copied type="other" objects="15387" bytes="644040" bytesdiscarded="0" />
  <memory-cardclean objects="4519" bytes="222352" />
  <regions eden="81" other="4" />
  <remembered-set-cleared processed="61386" cleared="991" durationms="0.667" />
  <stringconstants candidates="4597" cleared="0"  />
</gc-op>
<gc-op id="1530" type="classunload" timems="0.003" contextid="1526" timestamp="2019-06-16T05:50:31.382">
  <classunload-info classloadercandidates="8" classloadersunloaded="0" classesunloaded="0" anonymousclassesunloaded="0" quiescems="0.000" setupms="0.002" scanms="0.000" postms="0.000" />
</gc-op>
<heap-resize id="1531" type="expand" space="default" amount="3145728" count="1" timems="0.089" reason="excessive time being spent in gc" timestamp="2019-06-16T05:50:31.382" />
<gc-end id="1532" type="partial gc" contextid="1526" durationms="5.674" usertimems="0.000" systemtimems="4.000" timestamp="2019-06-16T05:50:31.382" activeThreads="1">
  <mem-info id="1533" free="190840832" total="317718528" percent="60">
    <mem type="eden" free="379536" total="1048576" percent="36" />
    <arraylet-primitive objects="2" leaves="2" largest="1" />
    <remembered-set count="68384" freebytes="12408832" totalbytes="12682368" percent="97" regionsoverflowed="0" regionsstable="2" regionsrebuilding="0"/>
  </mem-info>
</gc-end>
<cycle-end id="1534" type="partial gc" contextid="1526" timestamp="2019-06-16T05:50:31.382" />
  <attribute name="elasticGC enabled" value="1" />
  <attribute name= "numThreadsSpecified" value="1" />
  <attribute name="heapSize specified" value="0" />
  <attribute name="Current GC Util" value="56" />
  <attribute name= "Current Time Running" value="4933" />
  <attribute name ="GC Interval" value="0" />
  <attribute name="ProportionalT" value="54.000000" />
  <attribute name="ProportionalI" value="54.000000" />
  <attribute name="ProportionalH" value="54.000000" />
  <attribute name="Current Error" value="36.000000" />
  <attribute name="IntegralT" value="0.000000" />
  <attribute name="IntegralI" value="0.000000" />
  <attribute name="IntegralH" value="0.000000" />
  <attribute name="DerivativeT" value="inf" />
  <attribute name="DerivativeI" value="inf" />
  <attribute name="DerivativeH" value="inf" />
  <attribute name="Loop Time for DT" value="0.000000" />
  <attribute name="Output H" value="8388608"/>
  <attribute name="Output I" value="200"/>
  <attribute name="Output T" value="1"/>
  <attribute name="Target GC Util Change" value ="20.000000" />
  <attribute name="Current GC Util Change" value="56.000000"/>
  <attribute name="GC Util currently" value="56" />
  <attribute name="CPU Util currently" value="16543156113076" />
<exclusive-end id="1535" timestamp="2019-06-16T05:50:31.383" durationms="6.667" />

<exclusive-start id="1536" timestamp="2019-06-16T05:50:31.411" intervalms="35.128">
  <response-info timems="0.032" idlems="0.032" threads="0" lastid="0000000002833D00" lastname="Thread-8" />
</exclusive-start>
<allocation-taxation id="1537" taxation-threshold="84934656" timestamp="2019-06-16T05:50:31.411" intervalms="35.153" />
<cycle-start id="1538" type="partial gc" contextid="0" timestamp="2019-06-16T05:50:31.412" intervalms="35.196" />
<gc-start id="1539" type="partial gc" contextid="1538" timestamp="2019-06-16T05:50:31.412">
  <mem-info id="1540" free="105906176" total="317718528" percent="33">
    <mem type="eden" free="0" total="84934656" percent="0" />
    <arraylet-primitive objects="2" leaves="2" largest="1" />
    <remembered-set count="67968" freebytes="12410496" totalbytes="12682368" percent="97" regionsoverflowed="0" regionsstable="2" regionsrebuilding="0"/>
  </mem-info>
</gc-start>
<allocation-stats totalBytes="84924096" >
  <allocated-bytes non-tlh="0" tlh="84924096" arrayletleaf="0"/>
  <largest-consumer threadName="Thread-9" threadId="000000000283B500" bytes="25158512" />
</allocation-stats>
<gc-op id="1541" type="copy forward" timems="4.183" contextid="1538" timestamp="2019-06-16T05:50:31.417">
  <memory-copied type="eden" objects="9872" bytes="376264" bytesdiscarded="0" />
  <memory-copied type="other" objects="19320" bytes="738432" bytesdiscarded="0" />
  <memory-cardclean objects="8571" bytes="435808" />
  <regions eden="81" other="4" />
  <remembered-set-cleared processed="61691" cleared="1119" durationms="0.679" />
  <stringconstants candidates="4597" cleared="0"  />
</gc-op>
<gc-op id="1542" type="classunload" timems="0.002" contextid="1538" timestamp="2019-06-16T05:50:31.417">
  <classunload-info classloadercandidates="8" classloadersunloaded="0" classesunloaded="0" anonymousclassesunloaded="0" quiescems="0.000" setupms="0.002" scanms="0.000" postms="0.000" />
</gc-op>
<heap-resize id="1543" type="expand" space="default" amount="2097152" count="1" timems="0.077" reason="excessive time being spent in gc" timestamp="2019-06-16T05:50:31.417" />
<gc-end id="1544" type="partial gc" contextid="1538" durationms="5.543" usertimems="4.000" systemtimems="0.000" timestamp="2019-06-16T05:50:31.417" activeThreads="1">
  <mem-info id="1545" free="191889408" total="319815680" percent="60">
    <mem type="eden" free="672312" total="1048576" percent="64" />
    <arraylet-primitive objects="2" leaves="2" largest="1" />
    <remembered-set count="69408" freebytes="12488448" totalbytes="12766080" percent="97" regionsoverflowed="0" regionsstable="2" regionsrebuilding="0"/>
  </mem-info>
</gc-end>
<cycle-end id="1546" type="partial gc" contextid="1538" timestamp="2019-06-16T05:50:31.418" />
  <attribute name="elasticGC enabled" value="1" />
  <attribute name= "numThreadsSpecified" value="1" />
  <attribute name="heapSize specified" value="0" />
  <attribute name="Current GC Util" value="72" />
  <attribute name= "Current Time Running" value="4968" />
  <attribute name ="GC Interval" value="0" />
  <attribute name="ProportionalT" value="78.000000" />
  <attribute name="ProportionalI" value="78.000000" />
  <attribute name="ProportionalH" value="78.000000" />
  <attribute name="Current Error" value="52.000000" />
  <attribute name="IntegralT" value="0.000000" />
  <attribute name="IntegralI" value="0.000000" />
  <attribute name="IntegralH" value="0.000000" />
  <attribute name="DerivativeT" value="inf" />
  <attribute name="DerivativeI" value="inf" />
  <attribute name="DerivativeH" value="inf" />
  <attribute name="Loop Time for DT" value="0.000000" />
  <attribute name="Output H" value="8388608"/>
  <attribute name="Output I" value="200"/>
  <attribute name="Output T" value="1"/>
  <attribute name="Target GC Util Change" value ="20.000000" />
  <attribute name="Current GC Util Change" value="72.000000"/>
  <attribute name="GC Util currently" value="72" />
  <attribute name="CPU Util currently" value="18907326473014" />
<exclusive-end id="1547" timestamp="2019-06-16T05:50:31.418" durationms="6.596" />

<exclusive-start id="1548" timestamp="2019-06-16T05:50:31.450" intervalms="39.313">
  <response-info timems="0.036" idlems="0.036" threads="0" lastid="0000000002837900" lastname="Thread-7" />
</exclusive-start>
<allocation-taxation id="1549" taxation-threshold="85983232" timestamp="2019-06-16T05:50:31.451" intervalms="39.322" />
<cycle-start id="1550" type="partial gc" contextid="0" timestamp="2019-06-16T05:50:31.451" intervalms="39.369" />
<gc-start id="1551" type="partial gc" contextid="1550" timestamp="2019-06-16T05:50:31.451">
  <mem-info id="1552" free="105906176" total="319815680" percent="33">
    <mem type="eden" free="0" total="85983232" percent="0" />
    <arraylet-primitive objects="2" leaves="2" largest="1" />
    <remembered-set count="69056" freebytes="12489856" totalbytes="12766080" percent="97" regionsoverflowed="0" regionsstable="2" regionsrebuilding="0"/>
  </mem-info>
</gc-start>
<allocation-stats totalBytes="85972352" >
  <allocated-bytes non-tlh="0" tlh="85972352" arrayletleaf="0"/>
  <largest-consumer threadName="Thread-10" threadId="000000000283F100" bytes="24130816" />
</allocation-stats>
<gc-op id="1553" type="copy forward" timems="2.172" contextid="1550" timestamp="2019-06-16T05:50:31.454">
  <memory-copied type="eden" objects="17890" bytes="843720" bytesdiscarded="49224" />
  <memory-copied type="other" objects="12449" bytes="436152" bytesdiscarded="42520" />
  <memory-cardclean objects="7600" bytes="374248" />
  <regions eden="82" other="4" />
  <remembered-set-cleared processed="62133" cleared="1316" durationms="0.244" />
  <stringconstants candidates="4597" cleared="0"  />
</gc-op>
<gc-op id="1554" type="classunload" timems="0.002" contextid="1550" timestamp="2019-06-16T05:50:31.454">
  <classunload-info classloadercandidates="8" classloadersunloaded="0" classesunloaded="0" anonymousclassesunloaded="0" quiescems="0.000" setupms="0.002" scanms="0.000" postms="0.000" />
</gc-op>
<heap-resize id="1555" type="expand" space="default" amount="3145728" count="1" timems="0.086" reason="excessive time being spent in gc" timestamp="2019-06-16T05:50:31.455" />
<gc-end id="1556" type="partial gc" contextid="1550" durationms="3.408" usertimems="4.000" systemtimems="0.000" timestamp="2019-06-16T05:50:31.455" activeThreads="4">
  <mem-info id="1557" free="193986560" total="322961408" percent="60">
    <mem type="eden" free="155632" total="1048576" percent="14" />
    <arraylet-primitive objects="2" leaves="2" largest="1" />
    <remembered-set count="68448" freebytes="12617856" totalbytes="12891648" percent="97" regionsoverflowed="0" regionsstable="2" regionsrebuilding="0"/>
  </mem-info>
</gc-end>
<cycle-end id="1558" type="partial gc" contextid="1550" timestamp="2019-06-16T05:50:31.455" />
  <attribute name="elasticGC enabled" value="1" />
  <attribute name= "numThreadsSpecified" value="4" />
  <attribute name="heapSize specified" value="0" />
  <attribute name="Current GC Util" value="68" />
  <attribute name= "Current Time Running" value="5008" />
  <attribute name ="GC Interval" value="0" />
  <attribute name="ProportionalT" value="72.000000" />
  <attribute name="ProportionalI" value="72.000000" />
  <attribute name="ProportionalH" value="72.000000" />
  <attribute name="Current Error" value="48.000000" />
  <attribute name="IntegralT" value="48.000000" />
  <attribute name="IntegralI" value="48.000000" />
  <attribute name="IntegralH" value="48.000000" />
  <attribute name="DerivativeT" value="48.000000" />
  <attribute name="DerivativeI" value="48.000000" />
  <attribute name="DerivativeH" value="48.000000" />
  <attribute name="Loop Time for DT" value="1.000000" />
  <attribute name="Output H" value="8388608"/>
  <attribute name="Output I" value="200"/>
  <attribute name="Output T" value="4"/>
  <attribute name="Target GC Util Change" value ="20.000000" />
  <attribute name="Current GC Util Change" value="68.000000"/>
  <attribute name="GC Util currently" value="68" />
  <attribute name="CPU Util currently" value="17938300801651" />
<exclusive-end id="1559" timestamp="2019-06-16T05:50:31.455" durationms="4.450" />

<exclusive-start id="1560" timestamp="2019-06-16T05:50:31.490" intervalms="39.039">
  <response-info timems="0.031" idlems="0.031" threads="0" lastid="0000000002833D00" lastname="Thread-8" />
</exclusive-start>
<allocation-taxation id="1561" taxation-threshold="85983232" timestamp="2019-06-16T05:50:31.490" intervalms="39.018" />
<cycle-start id="1562" type="partial gc" contextid="0" timestamp="2019-06-16T05:50:31.490" intervalms="38.917" />
<gc-start id="1563" type="partial gc" contextid="1562" timestamp="2019-06-16T05:50:31.490">
  <mem-info id="1564" free="108003328" total="322961408" percent="33">
    <mem type="eden" free="0" total="85983232" percent="0" />
    <arraylet-primitive objects="2" leaves="2" largest="1" />
    <remembered-set count="68256" freebytes="12618624" totalbytes="12891648" percent="97" regionsoverflowed="0" regionsstable="2" regionsrebuilding="0"/>
  </mem-info>
</gc-start>
<allocation-stats totalBytes="85972032" >
  <allocated-bytes non-tlh="0" tlh="85972032" arrayletleaf="0"/>
  <largest-consumer threadName="Thread-7" threadId="0000000002837900" bytes="23368808" />
</allocation-stats>
<gc-op id="1565" type="copy forward" timems="4.504" contextid="1562" timestamp="2019-06-16T05:50:31.495">
  <memory-copied type="eden" objects="6718" bytes="162960" bytesdiscarded="0" />
  <memory-copied type="other" objects="28352" bytes="1229952" bytesdiscarded="0" />
  <memory-cardclean objects="5986" bytes="296872" />
  <regions eden="82" other="4" />
  <remembered-set-cleared processed="62273" cleared="1058" durationms="0.684" />
  <stringconstants candidates="4597" cleared="0"  />
</gc-op>
<gc-op id="1566" type="classunload" timems="0.002" contextid="1562" timestamp="2019-06-16T05:50:31.496">
  <classunload-info classloadercandidates="8" classloadersunloaded="0" classesunloaded="0" anonymousclassesunloaded="0" quiescems="0.000" setupms="0.002" scanms="0.000" postms="0.000" />
</gc-op>
<heap-resize id="1567" type="expand" space="default" amount="2097152" count="1" timems="0.077" reason="excessive time being spent in gc" timestamp="2019-06-16T05:50:31.496" />
<gc-end id="1568" type="partial gc" contextid="1562" durationms="5.982" usertimems="4.000" systemtimems="0.000" timestamp="2019-06-16T05:50:31.496" activeThreads="1">
  <mem-info id="1569" free="195035136" total="325058560" percent="60">
    <mem type="eden" free="885616" total="1048576" percent="84" />
    <arraylet-primitive objects="2" leaves="2" largest="1" />
    <remembered-set count="69952" freebytes="12695552" totalbytes="12975360" percent="97" regionsoverflowed="0" regionsstable="2" regionsrebuilding="0"/>
  </mem-info>
</gc-end>
<cycle-end id="1570" type="partial gc" contextid="1562" timestamp="2019-06-16T05:50:31.496" />
  <attribute name="elasticGC enabled" value="1" />
  <attribute name= "numThreadsSpecified" value="1" />
  <attribute name="heapSize specified" value="0" />
  <attribute name="Current GC Util" value="65" />
  <attribute name= "Current Time Running" value="5046" />
  <attribute name ="GC Interval" value="0" />
  <attribute name="ProportionalT" value="67.500000" />
  <attribute name="ProportionalI" value="67.500000" />
  <attribute name="ProportionalH" value="67.500000" />
  <attribute name="Current Error" value="45.000000" />
  <attribute name="IntegralT" value="0.000000" />
  <attribute name="IntegralI" value="0.000000" />
  <attribute name="IntegralH" value="0.000000" />
  <attribute name="DerivativeT" value="inf" />
  <attribute name="DerivativeI" value="inf" />
  <attribute name="DerivativeH" value="inf" />
  <attribute name="Loop Time for DT" value="0.000000" />
  <attribute name="Output H" value="8388608"/>
  <attribute name="Output I" value="200"/>
  <attribute name="Output T" value="1"/>
  <attribute name="Target GC Util Change" value ="20.000000" />
  <attribute name="Current GC Util Change" value="65.000000"/>
  <attribute name="GC Util currently" value="65" />
  <attribute name="CPU Util currently" value="19610176553417" />
<exclusive-end id="1571" timestamp="2019-06-16T05:50:31.496" durationms="6.970" />

<exclusive-start id="1572" timestamp="2019-06-16T05:50:31.530" intervalms="40.764">
  <response-info timems="0.050" idlems="0.050" threads="0" lastid="000000000283B500" lastname="Thread-9" />
</exclusive-start>
<allocation-taxation id="1573" taxation-threshold="87031808" timestamp="2019-06-16T05:50:31.530" intervalms="40.759" />
<cycle-start id="1574" type="partial gc" contextid="0" timestamp="2019-06-16T05:50:31.531" intervalms="40.792" />
<gc-start id="1575" type="partial gc" contextid="1574" timestamp="2019-06-16T05:50:31.531">
  <mem-info id="1576" free="108003328" total="325058560" percent="33">
    <mem type="eden" free="0" total="87031808" percent="0" />
    <arraylet-primitive objects="2" leaves="2" largest="1" />
    <remembered-set count="69728" freebytes="12696448" totalbytes="12975360" percent="97" regionsoverflowed="0" regionsstable="2" regionsrebuilding="0"/>
  </mem-info>
</gc-start>
<allocation-stats totalBytes="87020488" >
  <allocated-bytes non-tlh="0" tlh="87020488" arrayletleaf="0"/>
  <largest-consumer threadName="Thread-10" threadId="000000000283F100" bytes="22103160" />
</allocation-stats>
<gc-op id="1577" type="copy forward" timems="4.048" contextid="1574" timestamp="2019-06-16T05:50:31.536">
  <memory-copied type="eden" objects="19180" bytes="874912" bytesdiscarded="0" />
  <memory-copied type="other" objects="10689" bytes="393912" bytesdiscarded="0" />
  <memory-cardclean objects="4247" bytes="213400" />
  <regions eden="83" other="4" />
  <remembered-set-cleared processed="62919" cleared="1269" durationms="0.689" />
  <stringconstants candidates="4597" cleared="0"  />
</gc-op>
<gc-op id="1578" type="classunload" timems="0.003" contextid="1574" timestamp="2019-06-16T05:50:31.536">
  <classunload-info classloadercandidates="8" classloadersunloaded="0" classesunloaded="0" anonymousclassesunloaded="0" quiescems="0.000" setupms="0.002" scanms="0.000" postms="0.000" />
</gc-op>
<heap-resize id="1579" type="expand" space="default" amount="3145728" count="1" timems="0.085" reason="excessive time being spent in gc" timestamp="2019-06-16T05:50:31.536" />
<gc-end id="1580" type="partial gc" contextid="1574" durationms="5.344" usertimems="4.000" systemtimems="0.000" timestamp="2019-06-16T05:50:31.536" activeThreads="1">
  <mem-info id="1581" free="197132288" total="328204288" percent="60">
    <mem type="eden" free="173664" total="1048576" percent="16" />
    <arraylet-primitive objects="2" leaves="2" largest="1" />
    <remembered-set count="68864" freebytes="12825472" totalbytes="13100928" percent="97" regionsoverflowed="0" regionsstable="2" regionsrebuilding="0"/>
  </mem-info>
</gc-end>
<cycle-end id="1582" type="partial gc" contextid="1574" timestamp="2019-06-16T05:50:31.536" />
  <attribute name="elasticGC enabled" value="1" />
  <attribute name= "numThreadsSpecified" value="1" />
  <attribute name="heapSize specified" value="0" />
  <attribute name="Current GC Util" value="71" />
  <attribute name= "Current Time Running" value="5087" />
  <attribute name ="GC Interval" value="0" />
  <attribute name="ProportionalT" value="76.500000" />
  <attribute name="ProportionalI" value="76.500000" />
  <attribute name="ProportionalH" value="76.500000" />
  <attribute name="Current Error" value="51.000000" />
  <attribute name="IntegralT" value="0.000000" />
  <attribute name="IntegralI" value="0.000000" />
  <attribute name="IntegralH" value="0.000000" />
  <attribute name="DerivativeT" value="inf" />
  <attribute name="DerivativeI" value="inf" />
  <attribute name="DerivativeH" value="inf" />
  <attribute name="Loop Time for DT" value="0.000000" />
  <attribute name="Output H" value="8388608"/>
  <attribute name="Output I" value="200"/>
  <attribute name="Output T" value="1"/>
  <attribute name="Target GC Util Change" value ="20.000000" />
  <attribute name="Current GC Util Change" value="71.000000"/>
  <attribute name="GC Util currently" value="71" />
  <attribute name="CPU Util currently" value="18812534927397" />
<exclusive-end id="1583" timestamp="2019-06-16T05:50:31.537" durationms="6.231" />

<exclusive-start id="1584" timestamp="2019-06-16T05:50:31.572" intervalms="41.866">
  <response-info timems="0.047" idlems="0.047" threads="0" lastid="0000000002837900" lastname="Thread-7" />
</exclusive-start>
<allocation-taxation id="1585" taxation-threshold="88080384" timestamp="2019-06-16T05:50:31.572" intervalms="41.877" />
<cycle-start id="1586" type="partial gc" contextid="0" timestamp="2019-06-16T05:50:31.572" intervalms="41.905" />
<gc-start id="1587" type="partial gc" contextid="1586" timestamp="2019-06-16T05:50:31.573">
  <mem-info id="1588" free="109051904" total="328204288" percent="33">
    <mem type="eden" free="0" total="88080384" percent="0" />
    <arraylet-primitive objects="2" leaves="2" largest="1" />
    <remembered-set count="68800" freebytes="12825728" totalbytes="13100928" percent="97" regionsoverflowed="0" regionsstable="2" regionsrebuilding="0"/>
  </mem-info>
</gc-start>
<allocation-stats totalBytes="88069160" >
  <allocated-bytes non-tlh="0" tlh="88069160" arrayletleaf="0"/>
  <largest-consumer threadName="Thread-7" threadId="0000000002837900" bytes="22512744" />
</allocation-stats>
<gc-op id="1589" type="copy forward" timems="3.927" contextid="1586" timestamp="2019-06-16T05:50:31.577">
  <memory-copied type="eden" objects="5268" bytes="128312" bytesdiscarded="0" />
  <memory-copied type="other" objects="25671" bytes="1165608" bytesdiscarded="0" />
  <memory-cardclean objects="599" bytes="34240" />
  <regions eden="84" other="3" />
  <remembered-set-cleared processed="63206" cleared="623" durationms="0.663" />
  <stringconstants candidates="4597" cleared="0"  />
</gc-op>
<gc-op id="1590" type="classunload" timems="0.002" contextid="1586" timestamp="2019-06-16T05:50:31.578">
  <classunload-info classloadercandidates="8" classloadersunloaded="0" classesunloaded="0" anonymousclassesunloaded="0" quiescems="0.000" setupms="0.002" scanms="0.000" postms="0.000" />
</gc-op>
<heap-resize id="1591" type="expand" space="default" amount="2097152" count="1" timems="0.074" reason="excessive time being spent in gc" timestamp="2019-06-16T05:50:31.578" />
<gc-end id="1592" type="partial gc" contextid="1586" durationms="5.293" usertimems="4.000" systemtimems="0.000" timestamp="2019-06-16T05:50:31.578" activeThreads="1">
  <mem-info id="1593" free="198180864" total="330301440" percent="60">
    <mem type="eden" free="920264" total="1048576" percent="87" />
    <arraylet-primitive objects="2" leaves="2" largest="1" />
    <remembered-set count="70368" freebytes="12903168" totalbytes="13184640" percent="97" regionsoverflowed="0" regionsstable="2" regionsrebuilding="0"/>
  </mem-info>
</gc-end>
<cycle-end id="1594" type="partial gc" contextid="1586" timestamp="2019-06-16T05:50:31.578" />
  <attribute name="elasticGC enabled" value="1" />
  <attribute name= "numThreadsSpecified" value="1" />
  <attribute name="heapSize specified" value="0" />
  <attribute name="Current GC Util" value="66" />
  <attribute name= "Current Time Running" value="5129" />
  <attribute name ="GC Interval" value="0" />
  <attribute name="ProportionalT" value="69.000000" />
  <attribute name="ProportionalI" value="69.000000" />
  <attribute name="ProportionalH" value="69.000000" />
  <attribute name="Current Error" value="46.000000" />
  <attribute name="IntegralT" value="0.000000" />
  <attribute name="IntegralI" value="0.000000" />
  <attribute name="IntegralH" value="0.000000" />
  <attribute name="DerivativeT" value="inf" />
  <attribute name="DerivativeI" value="inf" />
  <attribute name="DerivativeH" value="inf" />
  <attribute name="Loop Time for DT" value="0.000000" />
  <attribute name="Output H" value="8388608"/>
  <attribute name="Output I" value="200"/>
  <attribute name="Output T" value="1"/>
  <attribute name="Target GC Util Change" value ="20.000000" />
  <attribute name="Current GC Util Change" value="66.000000"/>
  <attribute name="GC Util currently" value="66" />
  <attribute name="CPU Util currently" value="19000885832137" />
<exclusive-end id="1595" timestamp="2019-06-16T05:50:31.578" durationms="6.252" />

<exclusive-start id="1596" timestamp="2019-06-16T05:50:31.614" intervalms="42.090">
  <response-info timems="0.031" idlems="0.031" threads="0" lastid="000000000283F100" lastname="Thread-10" />
</exclusive-start>
<allocation-taxation id="1597" taxation-threshold="88080384" timestamp="2019-06-16T05:50:31.614" intervalms="42.072" />
<cycle-start id="1598" type="partial gc" contextid="0" timestamp="2019-06-16T05:50:31.615" intervalms="42.144" />
<gc-start id="1599" type="partial gc" contextid="1598" timestamp="2019-06-16T05:50:31.615">
  <mem-info id="1600" free="110100480" total="330301440" percent="33">
    <mem type="eden" free="0" total="88080384" percent="0" />
    <arraylet-primitive objects="2" leaves="2" largest="1" />
    <remembered-set count="69952" freebytes="12904832" totalbytes="13184640" percent="97" regionsoverflowed="0" regionsstable="2" regionsrebuilding="0"/>
  </mem-info>
</gc-start>
<allocation-stats totalBytes="88068904" >
  <allocated-bytes non-tlh="0" tlh="88068904" arrayletleaf="0"/>
  <largest-consumer threadName="Thread-8" threadId="0000000002833D00" bytes="22746312" />
</allocation-stats>
<gc-op id="1601" type="copy forward" timems="3.920" contextid="1598" timestamp="2019-06-16T05:50:31.620">
  <memory-copied type="eden" objects="8154" bytes="335504" bytesdiscarded="0" />
  <memory-copied type="other" objects="22957" bytes="963096" bytesdiscarded="0" />
  <memory-cardclean objects="599" bytes="34240" />
  <regions eden="84" other="4" />
  <remembered-set-cleared processed="63578" cleared="995" durationms="0.661" />
  <stringconstants candidates="4597" cleared="0"  />
</gc-op>
<gc-op id="1602" type="classunload" timems="0.003" contextid="1598" timestamp="2019-06-16T05:50:31.620">
  <classunload-info classloadercandidates="8" classloadersunloaded="0" classesunloaded="0" anonymousclassesunloaded="0" quiescems="0.000" setupms="0.002" scanms="0.000" postms="0.000" />
</gc-op>
<heap-resize id="1603" type="expand" space="default" amount="3145728" count="1" timems="0.076" reason="excessive time being spent in gc" timestamp="2019-06-16T05:50:31.620" />
<gc-end id="1604" type="partial gc" contextid="1598" durationms="5.294" usertimems="4.000" systemtimems="0.000" timestamp="2019-06-16T05:50:31.620" activeThreads="1">
  <mem-info id="1605" free="200278016" total="333447168" percent="60">
    <mem type="eden" free="713072" total="1048576" percent="68" />
    <arraylet-primitive objects="2" leaves="2" largest="1" />
    <remembered-set count="70368" freebytes="13028736" totalbytes="13310208" percent="97" regionsoverflowed="0" regionsstable="2" regionsrebuilding="0"/>
  </mem-info>
</gc-end>
<cycle-end id="1606" type="partial gc" contextid="1598" timestamp="2019-06-16T05:50:31.620" />
  <attribute name="elasticGC enabled" value="1" />
  <attribute name= "numThreadsSpecified" value="1" />
  <attribute name="heapSize specified" value="0" />
  <attribute name="Current GC Util" value="70" />
  <attribute name= "Current Time Running" value="5171" />
  <attribute name ="GC Interval" value="0" />
  <attribute name="ProportionalT" value="75.000000" />
  <attribute name="ProportionalI" value="75.000000" />
  <attribute name="ProportionalH" value="75.000000" />
  <attribute name="Current Error" value="50.000000" />
  <attribute name="IntegralT" value="0.000000" />
  <attribute name="IntegralI" value="0.000000" />
  <attribute name="IntegralH" value="0.000000" />
  <attribute name="DerivativeT" value="inf" />
  <attribute name="DerivativeI" value="inf" />
  <attribute name="DerivativeH" value="inf" />
  <attribute name="Loop Time for DT" value="0.000000" />
  <attribute name="Output H" value="8388608"/>
  <attribute name="Output I" value="200"/>
  <attribute name="Output T" value="1"/>
  <attribute name="Target GC Util Change" value ="20.000000" />
  <attribute name="Current GC Util Change" value="70.000000"/>
  <attribute name="GC Util currently" value="70" />
  <attribute name="CPU Util currently" value="19353575112691" />
<exclusive-end id="1607" timestamp="2019-06-16T05:50:31.621" durationms="6.305" />

<exclusive-start id="1608" timestamp="2019-06-16T05:50:31.657" intervalms="43.046">
  <response-info timems="0.057" idlems="0.057" threads="0" lastid="000000000283F100" lastname="Thread-10" />
</exclusive-start>
<allocation-taxation id="1609" taxation-threshold="89128960" timestamp="2019-06-16T05:50:31.657" intervalms="43.015" />
<cycle-start id="1610" type="partial gc" contextid="0" timestamp="2019-06-16T05:50:31.658" intervalms="42.898" />
<gc-start id="1611" type="partial gc" contextid="1610" timestamp="2019-06-16T05:50:31.658">
  <mem-info id="1612" free="111149056" total="333447168" percent="33">
    <mem type="eden" free="0" total="89128960" percent="0" />
    <arraylet-primitive objects="2" leaves="2" largest="1" />
    <remembered-set count="70272" freebytes="13029120" totalbytes="13310208" percent="97" regionsoverflowed="0" regionsstable="2" regionsrebuilding="0"/>
  </mem-info>
</gc-start>
<allocation-stats totalBytes="89116872" >
  <allocated-bytes non-tlh="0" tlh="89116872" arrayletleaf="0"/>
  <largest-consumer threadName="Thread-8" threadId="0000000002833D00" bytes="23569176" />
</allocation-stats>
<gc-op id="1613" type="copy forward" timems="3.585" contextid="1610" timestamp="2019-06-16T05:50:31.662">
  <memory-copied type="eden" objects="9054" bytes="356736" bytesdiscarded="0" />
  <memory-copied type="other" objects="15774" bytes="653328" bytesdiscarded="0" />
  <memory-cardclean objects="3891" bytes="207208" />
  <regions eden="85" other="4" />
  <remembered-set-cleared processed="63702" cleared="921" durationms="0.657" />
  <stringconstants candidates="4597" cleared="0"  />
</gc-op>
<gc-op id="1614" type="classunload" timems="0.002" contextid="1610" timestamp="2019-06-16T05:50:31.662">
  <classunload-info classloadercandidates="8" classloadersunloaded="0" classesunloaded="0" anonymousclassesunloaded="0" quiescems="0.000" setupms="0.002" scanms="0.000" postms="0.000" />
</gc-op>
<heap-resize id="1615" type="expand" space="default" amount="2097152" count="1" timems="0.069" reason="excessive time being spent in gc" timestamp="2019-06-16T05:50:31.662" />
<gc-end id="1616" type="partial gc" contextid="1610" durationms="4.782" usertimems="4.000" systemtimems="0.000" timestamp="2019-06-16T05:50:31.663" activeThreads="1">
  <mem-info id="1617" free="201326592" total="335544320" percent="60">
    <mem type="eden" free="691840" total="1048576" percent="65" />
    <arraylet-primitive objects="2" leaves="2" largest="1" />
    <remembered-set count="71136" freebytes="13109376" totalbytes="13393920" percent="97" regionsoverflowed="0" regionsstable="2" regionsrebuilding="0"/>
  </mem-info>
</gc-end>
<cycle-end id="1618" type="partial gc" contextid="1610" timestamp="2019-06-16T05:50:31.663" />
  <attribute name="elasticGC enabled" value="1" />
  <attribute name= "numThreadsSpecified" value="1" />
  <attribute name="heapSize specified" value="0" />
  <attribute name="Current GC Util" value="85" />
  <attribute name= "Current Time Running" value="5214" />
  <attribute name ="GC Interval" value="0" />
  <attribute name="ProportionalT" value="97.500000" />
  <attribute name="ProportionalI" value="97.500000" />
  <attribute name="ProportionalH" value="97.500000" />
  <attribute name="Current Error" value="65.000000" />
  <attribute name="IntegralT" value="0.000000" />
  <attribute name="IntegralI" value="0.000000" />
  <attribute name="IntegralH" value="0.000000" />
  <attribute name="DerivativeT" value="inf" />
  <attribute name="DerivativeI" value="inf" />
  <attribute name="DerivativeH" value="inf" />
  <attribute name="Loop Time for DT" value="0.000000" />
  <attribute name="Output H" value="8388608"/>
  <attribute name="Output I" value="200"/>
  <attribute name="Output T" value="1"/>
  <attribute name="Target GC Util Change" value ="20.000000" />
  <attribute name="Current GC Util Change" value="85.000000"/>
  <attribute name="GC Util currently" value="85" />
  <attribute name="CPU Util currently" value="21641151015839" />
<exclusive-end id="1619" timestamp="2019-06-16T05:50:31.663" durationms="5.661" />

<exclusive-start id="1620" timestamp="2019-06-16T05:50:31.700" intervalms="43.198">
  <response-info timems="0.204" idlems="0.204" threads="0" lastid="0000000002837900" lastname="Thread-7" />
</exclusive-start>
<allocation-taxation id="1621" taxation-threshold="89128960" timestamp="2019-06-16T05:50:31.701" intervalms="43.231" />
<cycle-start id="1622" type="partial gc" contextid="0" timestamp="2019-06-16T05:50:31.701" intervalms="43.372" />
<gc-start id="1623" type="partial gc" contextid="1622" timestamp="2019-06-16T05:50:31.701">
  <mem-info id="1624" free="112197632" total="335544320" percent="33">
    <mem type="eden" free="0" total="89128960" percent="0" />
    <arraylet-primitive objects="2" leaves="2" largest="1" />
    <remembered-set count="70944" freebytes="13110144" totalbytes="13393920" percent="97" regionsoverflowed="0" regionsstable="2" regionsrebuilding="0"/>
  </mem-info>
</gc-start>
<allocation-stats totalBytes="89116832" >
  <allocated-bytes non-tlh="0" tlh="89116832" arrayletleaf="0"/>
  <largest-consumer threadName="Thread-8" threadId="0000000002833D00" bytes="24343008" />
</allocation-stats>
<gc-op id="1625" type="copy forward" timems="2.231" contextid="1622" timestamp="2019-06-16T05:50:31.705">
  <memory-copied type="eden" objects="15696" bytes="515632" bytesdiscarded="22528" />
  <memory-copied type="other" objects="17025" bytes="683352" bytesdiscarded="55864" />
  <memory-cardclean objects="7567" bytes="387280" />
  <regions eden="85" other="3" />
  <remembered-set-cleared processed="63936" cleared="828" durationms="0.278" />
  <stringconstants candidates="4597" cleared="0"  />
</gc-op>
<gc-op id="1626" type="classunload" timems="0.002" contextid="1622" timestamp="2019-06-16T05:50:31.705">
  <classunload-info classloadercandidates="8" classloadersunloaded="0" classesunloaded="0" anonymousclassesunloaded="0" quiescems="0.000" setupms="0.002" scanms="0.000" postms="0.000" />
</gc-op>
<heap-resize id="1627" type="expand" space="default" amount="3145728" count="1" timems="0.086" reason="excessive time being spent in gc" timestamp="2019-06-16T05:50:31.705" />
<gc-end id="1628" type="partial gc" contextid="1622" durationms="3.657" usertimems="8.000" systemtimems="0.000" timestamp="2019-06-16T05:50:31.705" activeThreads="4">
  <mem-info id="1629" free="203423744" total="338690048" percent="60">
    <mem type="eden" free="510416" total="1048576" percent="48" />
    <arraylet-primitive objects="2" leaves="2" largest="1" />
    <remembered-set count="71360" freebytes="13234048" totalbytes="13519488" percent="97" regionsoverflowed="0" regionsstable="2" regionsrebuilding="0"/>
  </mem-info>
</gc-end>
<cycle-end id="1630" type="partial gc" contextid="1622" timestamp="2019-06-16T05:50:31.705" />
  <attribute name="elasticGC enabled" value="1" />
  <attribute name= "numThreadsSpecified" value="4" />
  <attribute name="heapSize specified" value="0" />
  <attribute name="Current GC Util" value="72" />
  <attribute name= "Current Time Running" value="5258" />
  <attribute name ="GC Interval" value="0" />
  <attribute name="ProportionalT" value="78.000000" />
  <attribute name="ProportionalI" value="78.000000" />
  <attribute name="ProportionalH" value="78.000000" />
  <attribute name="Current Error" value="52.000000" />
  <attribute name="IntegralT" value="52.000000" />
  <attribute name="IntegralI" value="52.000000" />
  <attribute name="IntegralH" value="52.000000" />
  <attribute name="DerivativeT" value="52.000000" />
  <attribute name="DerivativeI" value="52.000000" />
  <attribute name="DerivativeH" value="52.000000" />
  <attribute name="Loop Time for DT" value="1.000000" />
  <attribute name="Output H" value="8388608"/>
  <attribute name="Output I" value="200"/>
  <attribute name="Output T" value="4"/>
  <attribute name="Target GC Util Change" value ="20.000000" />
  <attribute name="Current GC Util Change" value="72.000000"/>
  <attribute name="GC Util currently" value="72" />
  <attribute name="CPU Util currently" value="15778153361813" />
<exclusive-end id="1631" timestamp="2019-06-16T05:50:31.705" durationms="4.777" />

<exclusive-start id="1632" timestamp="2019-06-16T05:50:31.738" intervalms="37.783">
  <response-info timems="0.033" idlems="0.033" threads="0" lastid="000000000283B500" lastname="Thread-9" />
</exclusive-start>
<allocation-taxation id="1633" taxation-threshold="90177536" timestamp="2019-06-16T05:50:31.738" intervalms="37.785" />
<cycle-start id="1634" type="partial gc" contextid="0" timestamp="2019-06-16T05:50:31.739" intervalms="37.652" />
<gc-start id="1635" type="partial gc" contextid="1634" timestamp="2019-06-16T05:50:31.739">
  <mem-info id="1636" free="113246208" total="338690048" percent="33">
    <mem type="eden" free="0" total="90177536" percent="0" />
    <arraylet-primitive objects="2" leaves="2" largest="1" />
    <remembered-set count="71232" freebytes="13234560" totalbytes="13519488" percent="97" regionsoverflowed="0" regionsstable="2" regionsrebuilding="0"/>
  </mem-info>
</gc-start>
<allocation-stats totalBytes="90165816" >
  <allocated-bytes non-tlh="0" tlh="90165816" arrayletleaf="0"/>
  <largest-consumer threadName="Thread-9" threadId="000000000283B500" bytes="23143632" />
</allocation-stats>
<gc-op id="1637" type="copy forward" timems="2.227" contextid="1634" timestamp="2019-06-16T05:50:31.742">
  <memory-copied type="eden" objects="26203" bytes="1179960" bytesdiscarded="38976" />
  <memory-copied type="other" objects="3432" bytes="82368" bytesdiscarded="0" />
  <memory-cardclean objects="4521" bytes="222328" />
  <regions eden="86" other="5" />
  <remembered-set-cleared processed="64247" cleared="1423" durationms="0.265" />
  <stringconstants candidates="4597" cleared="0"  />
</gc-op>
<gc-op id="1638" type="classunload" timems="0.002" contextid="1634" timestamp="2019-06-16T05:50:31.742">
  <classunload-info classloadercandidates="8" classloadersunloaded="0" classesunloaded="0" anonymousclassesunloaded="0" quiescems="0.000" setupms="0.002" scanms="0.000" postms="0.000" />
</gc-op>
<heap-resize id="1639" type="expand" space="default" amount="5242880" count="1" timems="0.096" reason="excessive time being spent in gc" timestamp="2019-06-16T05:50:31.742" />
<gc-end id="1640" type="partial gc" contextid="1634" durationms="3.423" usertimems="8.000" systemtimems="0.000" timestamp="2019-06-16T05:50:31.742" activeThreads="4">
  <mem-info id="1641" free="206569472" total="343932928" percent="60">
    <mem type="eden" free="878216" total="2097152" percent="41" />
    <arraylet-primitive objects="2" leaves="2" largest="1" />
    <remembered-set count="70048" freebytes="13448576" totalbytes="13728768" percent="97" regionsoverflowed="0" regionsstable="2" regionsrebuilding="0"/>
  </mem-info>
</gc-end>
<cycle-end id="1642" type="partial gc" contextid="1634" timestamp="2019-06-16T05:50:31.742" />
  <attribute name="elasticGC enabled" value="1" />
  <attribute name= "numThreadsSpecified" value="4" />
  <attribute name="heapSize specified" value="0" />
  <attribute name="Current GC Util" value="0" />
  <attribute name= "Current Time Running" value="5295" />
  <attribute name ="GC Interval" value="0" />
  <attribute name="ProportionalT" value="-30.000000" />
  <attribute name="ProportionalI" value="-30.000000" />
  <attribute name="ProportionalH" value="-30.000000" />
  <attribute name="Current Error" value="-20.000000" />
  <attribute name="IntegralT" value="0.000000" />
  <attribute name="IntegralI" value="0.000000" />
  <attribute name="IntegralH" value="0.000000" />
  <attribute name="DerivativeT" value="-inf" />
  <attribute name="DerivativeI" value="-inf" />
  <attribute name="DerivativeH" value="-inf" />
  <attribute name="Loop Time for DT" value="0.000000" />
  <attribute name="Output H" value="2091843584"/>
  <attribute name="Output I" value="200"/>
  <attribute name="Output T" value="4"/>
  <attribute name="Target GC Util Change" value ="20.000000" />
  <attribute name="Current GC Util Change" value="0.000000"/>
  <attribute name="GC Util currently" value="0" />
  <attribute name="CPU Util currently" value="23561828459343" />
<exclusive-end id="1643" timestamp="2019-06-16T05:50:31.743" durationms="4.248" />

<exclusive-start id="1644" timestamp="2019-06-16T05:50:31.773" intervalms="34.739">
  <response-info timems="0.056" idlems="0.056" threads="0" lastid="0000000002833D00" lastname="Thread-8" />
</exclusive-start>
<allocation-taxation id="1645" taxation-threshold="91226112" timestamp="2019-06-16T05:50:31.773" intervalms="34.704" />
<cycle-start id="1646" type="partial gc" contextid="0" timestamp="2019-06-16T05:50:31.773" intervalms="34.681" />
<gc-start id="1647" type="partial gc" contextid="1646" timestamp="2019-06-16T05:50:31.774">
  <mem-info id="1648" free="115343360" total="343932928" percent="33">
    <mem type="eden" free="0" total="91226112" percent="0" />
    <arraylet-primitive objects="2" leaves="2" largest="1" />
    <remembered-set count="69696" freebytes="13449984" totalbytes="13728768" percent="97" regionsoverflowed="0" regionsstable="2" regionsrebuilding="0"/>
  </mem-info>
</gc-start>
<allocation-stats totalBytes="91214264" >
  <allocated-bytes non-tlh="0" tlh="91214264" arrayletleaf="0"/>
  <largest-consumer threadName="Thread-7" threadId="0000000002837900" bytes="23065608" />
</allocation-stats>
<gc-op id="1649" type="copy forward" timems="1.907" contextid="1646" timestamp="2019-06-16T05:50:31.776">
  <memory-copied type="eden" objects="26222" bytes="1180416" bytesdiscarded="8296" />
  <memory-copied type="other" objects="2808" bytes="67392" bytesdiscarded="0" />
  <memory-cardclean objects="2430" bytes="122128" />
  <regions eden="87" other="4" />
  <remembered-set-cleared processed="63925" cleared="555" durationms="0.257" />
  <stringconstants candidates="4597" cleared="0"  />
</gc-op>
<gc-op id="1650" type="classunload" timems="0.002" contextid="1646" timestamp="2019-06-16T05:50:31.776">
  <classunload-info classloadercandidates="8" classloadersunloaded="0" classesunloaded="0" anonymousclassesunloaded="0" quiescems="0.000" setupms="0.002" scanms="0.000" postms="0.000" />
</gc-op>
<gc-end id="1651" type="partial gc" contextid="1646" durationms="2.807" usertimems="8.000" systemtimems="0.000" timestamp="2019-06-16T05:50:31.776" activeThreads="4">
  <mem-info id="1652" free="205520896" total="343932928" percent="59">
    <mem type="eden" free="908440" total="2097152" percent="43" />
    <arraylet-primitive objects="2" leaves="2" largest="1" />
    <remembered-set count="70176" freebytes="13448064" totalbytes="13728768" percent="97" regionsoverflowed="0" regionsstable="2" regionsrebuilding="0"/>
  </mem-info>
</gc-end>
<cycle-end id="1653" type="partial gc" contextid="1646" timestamp="2019-06-16T05:50:31.776" />
  <attribute name="elasticGC enabled" value="1" />
  <attribute name= "numThreadsSpecified" value="4" />
  <attribute name="heapSize specified" value="0" />
  <attribute name="Current GC Util" value="0" />
  <attribute name= "Current Time Running" value="5330" />
  <attribute name ="GC Interval" value="0" />
  <attribute name="ProportionalT" value="-30.000000" />
  <attribute name="ProportionalI" value="-30.000000" />
  <attribute name="ProportionalH" value="-30.000000" />
  <attribute name="Current Error" value="-20.000000" />
  <attribute name="IntegralT" value="-20.000000" />
  <attribute name="IntegralI" value="-20.000000" />
  <attribute name="IntegralH" value="-20.000000" />
  <attribute name="DerivativeT" value="-20.000000" />
  <attribute name="DerivativeI" value="-20.000000" />
  <attribute name="DerivativeH" value="-20.000000" />
  <attribute name="Loop Time for DT" value="1.000000" />
  <attribute name="Output H" value="2091843584"/>
  <attribute name="Output I" value="200"/>
  <attribute name="Output T" value="4"/>
  <attribute name="Target GC Util Change" value ="20.000000" />
  <attribute name="Current GC Util Change" value="0.000000"/>
  <attribute name="GC Util currently" value="0" />
  <attribute name="CPU Util currently" value="26340149179755" />
<exclusive-end id="1654" timestamp="2019-06-16T05:50:31.777" durationms="3.569" />

<exclusive-start id="1655" timestamp="2019-06-16T05:50:31.808" intervalms="35.436">
  <response-info timems="0.207" idlems="0.207" threads="0" lastid="0000000002837900" lastname="Thread-7" />
</exclusive-start>
<allocation-taxation id="1656" taxation-threshold="91226112" timestamp="2019-06-16T05:50:31.809" intervalms="35.501" />
<cycle-start id="1657" type="partial gc" contextid="0" timestamp="2019-06-16T05:50:31.809" intervalms="35.629" />
<gc-start id="1658" type="partial gc" contextid="1657" timestamp="2019-06-16T05:50:31.809">
  <mem-info id="1659" free="114294784" total="343932928" percent="33">
    <mem type="eden" free="0" total="91226112" percent="0" />
    <arraylet-primitive objects="2" leaves="2" largest="1" />
    <remembered-set count="70176" freebytes="13448064" totalbytes="13728768" percent="97" regionsoverflowed="0" regionsstable="2" regionsrebuilding="0"/>
  </mem-info>
</gc-start>
<allocation-stats totalBytes="91214392" >
  <allocated-bytes non-tlh="0" tlh="91214392" arrayletleaf="0"/>
  <largest-consumer threadName="Thread-10" threadId="000000000283F100" bytes="23409712" />
</allocation-stats>
<gc-op id="1660" type="copy forward" timems="1.887" contextid="1657" timestamp="2019-06-16T05:50:31.812">
  <memory-copied type="eden" objects="24422" bytes="1133984" bytesdiscarded="56568" />
  <memory-copied type="other" objects="2181" bytes="52344" bytesdiscarded="0" />
  <memory-cardclean objects="1811" bytes="92416" />
  <regions eden="87" other="4" />
  <remembered-set-cleared processed="64092" cleared="545" durationms="0.270" />
  <stringconstants candidates="4597" cleared="0"  />
</gc-op>
<gc-op id="1661" type="classunload" timems="0.002" contextid="1657" timestamp="2019-06-16T05:50:31.812">
  <classunload-info classloadercandidates="8" classloadersunloaded="0" classesunloaded="0" anonymousclassesunloaded="0" quiescems="0.000" setupms="0.002" scanms="0.000" postms="0.000" />
</gc-op>
<gc-end id="1662" type="partial gc" contextid="1657" durationms="3.063" usertimems="4.000" systemtimems="0.000" timestamp="2019-06-16T05:50:31.812" activeThreads="4">
  <mem-info id="1663" free="205520896" total="343932928" percent="59">
    <mem type="eden" free="906600" total="2097152" percent="43" />
    <arraylet-primitive objects="2" leaves="2" largest="1" />
    <remembered-set count="70400" freebytes="13447168" totalbytes="13728768" percent="97" regionsoverflowed="0" regionsstable="2" regionsrebuilding="0"/>
  </mem-info>
</gc-end>
<cycle-end id="1664" type="partial gc" contextid="1657" timestamp="2019-06-16T05:50:31.812" />
  <attribute name="elasticGC enabled" value="1" />
  <attribute name= "numThreadsSpecified" value="4" />
  <attribute name="heapSize specified" value="0" />
  <attribute name="Current GC Util" value="77" />
  <attribute name= "Current Time Running" value="5366" />
  <attribute name ="GC Interval" value="0" />
  <attribute name="ProportionalT" value="85.500000" />
  <attribute name="ProportionalI" value="85.500000" />
  <attribute name="ProportionalH" value="85.500000" />
  <attribute name="Current Error" value="57.000000" />
  <attribute name="IntegralT" value="57.000000" />
  <attribute name="IntegralI" value="57.000000" />
  <attribute name="IntegralH" value="57.000000" />
  <attribute name="DerivativeT" value="57.000000" />
  <attribute name="DerivativeI" value="57.000000" />
  <attribute name="DerivativeH" value="57.000000" />
  <attribute name="Loop Time for DT" value="1.000000" />
  <attribute name="Output H" value="8388608"/>
  <attribute name="Output I" value="200"/>
  <attribute name="Output T" value="4"/>
  <attribute name="Target GC Util Change" value ="20.000000" />
  <attribute name="Current GC Util Change" value="77.000000"/>
  <attribute name="GC Util currently" value="77" />
  <attribute name="CPU Util currently" value="16398854983725" />
<exclusive-end id="1665" timestamp="2019-06-16T05:50:31.813" durationms="4.109" />

<exclusive-start id="1666" timestamp="2019-06-16T05:50:31.850" intervalms="41.749">
  <response-info timems="0.032" idlems="0.032" threads="0" lastid="000000000283B500" lastname="Thread-9" />
</exclusive-start>
<allocation-taxation id="1667" taxation-threshold="91226112" timestamp="2019-06-16T05:50:31.850" intervalms="41.698" />
<cycle-start id="1668" type="partial gc" contextid="0" timestamp="2019-06-16T05:50:31.850" intervalms="41.599" />
<gc-start id="1669" type="partial gc" contextid="1668" timestamp="2019-06-16T05:50:31.851">
  <mem-info id="1670" free="114294784" total="343932928" percent="33">
    <mem type="eden" free="0" total="91226112" percent="0" />
    <arraylet-primitive objects="2" leaves="2" largest="1" />
    <remembered-set count="70080" freebytes="13448448" totalbytes="13728768" percent="97" regionsoverflowed="0" regionsstable="2" regionsrebuilding="0"/>
  </mem-info>
</gc-start>
<allocation-stats totalBytes="91214432" >
  <allocated-bytes non-tlh="0" tlh="91214432" arrayletleaf="0"/>
  <largest-consumer threadName="Thread-9" threadId="000000000283B500" bytes="23626680" />
</allocation-stats>
<gc-op id="1671" type="copy forward" timems="3.572" contextid="1668" timestamp="2019-06-16T05:50:31.855">
  <memory-copied type="eden" objects="24541" bytes="1139976" bytesdiscarded="8" />
  <memory-copied type="other" objects="2181" bytes="52344" bytesdiscarded="0" />
  <memory-cardclean objects="1811" bytes="92416" />
  <regions eden="87" other="4" />
  <remembered-set-cleared processed="64090" cleared="543" durationms="0.717" />
  <stringconstants candidates="4597" cleared="0"  />
</gc-op>
<gc-op id="1672" type="classunload" timems="0.003" contextid="1668" timestamp="2019-06-16T05:50:31.855">
  <classunload-info classloadercandidates="8" classloadersunloaded="0" classesunloaded="0" anonymousclassesunloaded="0" quiescems="0.000" setupms="0.003" scanms="0.000" postms="0.000" />
</gc-op>
<gc-end id="1673" type="partial gc" contextid="1668" durationms="4.700" usertimems="4.000" systemtimems="0.000" timestamp="2019-06-16T05:50:31.855" activeThreads="1">
  <mem-info id="1674" free="205520896" total="343932928" percent="59">
    <mem type="eden" free="957168" total="2097152" percent="45" />
    <arraylet-primitive objects="2" leaves="2" largest="1" />
    <remembered-set count="70624" freebytes="13446272" totalbytes="13728768" percent="97" regionsoverflowed="0" regionsstable="2" regionsrebuilding="0"/>
  </mem-info>
</gc-end>
<cycle-end id="1675" type="partial gc" contextid="1668" timestamp="2019-06-16T05:50:31.856" />
  <attribute name="elasticGC enabled" value="1" />
  <attribute name= "numThreadsSpecified" value="1" />
  <attribute name="heapSize specified" value="0" />
  <attribute name="Current GC Util" value="63" />
  <attribute name= "Current Time Running" value="5407" />
  <attribute name ="GC Interval" value="0" />
  <attribute name="ProportionalT" value="64.500000" />
  <attribute name="ProportionalI" value="64.500000" />
  <attribute name="ProportionalH" value="64.500000" />
  <attribute name="Current Error" value="43.000000" />
  <attribute name="IntegralT" value="0.000000" />
  <attribute name="IntegralI" value="0.000000" />
  <attribute name="IntegralH" value="0.000000" />
  <attribute name="DerivativeT" value="inf" />
  <attribute name="DerivativeI" value="inf" />
  <attribute name="DerivativeH" value="inf" />
  <attribute name="Loop Time for DT" value="0.000000" />
  <attribute name="Output H" value="8388608"/>
  <attribute name="Output I" value="200"/>
  <attribute name="Output T" value="1"/>
  <attribute name="Target GC Util Change" value ="20.000000" />
  <attribute name="Current GC Util Change" value="63.000000"/>
  <attribute name="GC Util currently" value="63" />
  <attribute name="CPU Util currently" value="19299471858031" />
<exclusive-end id="1676" timestamp="2019-06-16T05:50:31.856" durationms="5.598" />

<exclusive-start id="1677" timestamp="2019-06-16T05:50:31.898" intervalms="47.400">
  <response-info timems="0.028" idlems="0.028" threads="0" lastid="0000000002837900" lastname="Thread-7" />
</exclusive-start>
<allocation-taxation id="1678" taxation-threshold="91226112" timestamp="2019-06-16T05:50:31.898" intervalms="47.454" />
<cycle-start id="1679" type="partial gc" contextid="0" timestamp="2019-06-16T05:50:31.898" intervalms="47.492" />
<gc-start id="1680" type="partial gc" contextid="1679" timestamp="2019-06-16T05:50:31.898">
  <mem-info id="1681" free="114294784" total="343932928" percent="33">
    <mem type="eden" free="0" total="91226112" percent="0" />
    <arraylet-primitive objects="2" leaves="2" largest="1" />
    <remembered-set count="70144" freebytes="13448192" totalbytes="13728768" percent="97" regionsoverflowed="0" regionsstable="2" regionsrebuilding="0"/>
  </mem-info>
</gc-start>
<allocation-stats totalBytes="91213600" >
  <allocated-bytes non-tlh="0" tlh="91213600" arrayletleaf="0"/>
  <largest-consumer threadName="Thread-9" threadId="000000000283B500" bytes="27849160" />
</allocation-stats>
<gc-op id="1682" type="copy forward" timems="3.717" contextid="1679" timestamp="2019-06-16T05:50:31.903">
  <memory-copied type="eden" objects="16235" bytes="665944" bytesdiscarded="0" />
  <memory-copied type="other" objects="12582" bytes="576720" bytesdiscarded="0" />
  <memory-cardclean objects="1811" bytes="92416" />
  <regions eden="87" other="4" />
  <remembered-set-cleared processed="64109" cleared="562" durationms="0.685" />
  <stringconstants candidates="4597" cleared="0"  />
</gc-op>
<gc-op id="1683" type="classunload" timems="0.003" contextid="1679" timestamp="2019-06-16T05:50:31.903">
  <classunload-info classloadercandidates="8" classloadersunloaded="0" classesunloaded="0" anonymousclassesunloaded="0" quiescems="0.000" setupms="0.003" scanms="0.000" postms="0.000" />
</gc-op>
<gc-end id="1684" type="partial gc" contextid="1679" durationms="4.858" usertimems="4.000" systemtimems="0.000" timestamp="2019-06-16T05:50:31.903" activeThreads="1">
  <mem-info id="1685" free="205520896" total="343932928" percent="59">
    <mem type="eden" free="382632" total="1048576" percent="36" />
    <arraylet-primitive objects="2" leaves="2" largest="1" />
    <remembered-set count="70624" freebytes="13446272" totalbytes="13728768" percent="97" regionsoverflowed="0" regionsstable="2" regionsrebuilding="0"/>
  </mem-info>
</gc-end>
<cycle-end id="1686" type="partial gc" contextid="1679" timestamp="2019-06-16T05:50:31.903" />
  <attribute name="elasticGC enabled" value="1" />
  <attribute name= "numThreadsSpecified" value="1" />
  <attribute name="heapSize specified" value="0" />
  <attribute name="Current GC Util" value="69" />
  <attribute name= "Current Time Running" value="5454" />
  <attribute name ="GC Interval" value="0" />
  <attribute name="ProportionalT" value="73.500000" />
  <attribute name="ProportionalI" value="73.500000" />
  <attribute name="ProportionalH" value="73.500000" />
  <attribute name="Current Error" value="49.000000" />
  <attribute name="IntegralT" value="0.000000" />
  <attribute name="IntegralI" value="0.000000" />
  <attribute name="IntegralH" value="0.000000" />
  <attribute name="DerivativeT" value="inf" />
  <attribute name="DerivativeI" value="inf" />
  <attribute name="DerivativeH" value="inf" />
  <attribute name="Loop Time for DT" value="0.000000" />
  <attribute name="Output H" value="8388608"/>
  <attribute name="Output I" value="200"/>
  <attribute name="Output T" value="1"/>
  <attribute name="Target GC Util Change" value ="20.000000" />
  <attribute name="Current GC Util Change" value="69.000000"/>
  <attribute name="GC Util currently" value="69" />
  <attribute name="CPU Util currently" value="19688791730502" />
<exclusive-end id="1687" timestamp="2019-06-16T05:50:31.904" durationms="5.916" />

<exclusive-start id="1688" timestamp="2019-06-16T05:50:31.942" intervalms="44.240">
  <response-info timems="0.034" idlems="0.034" threads="0" lastid="0000000002837900" lastname="Thread-7" />
</exclusive-start>
<allocation-taxation id="1689" taxation-threshold="91226112" timestamp="2019-06-16T05:50:31.942" intervalms="44.230" />
<cycle-start id="1690" type="partial gc" contextid="0" timestamp="2019-06-16T05:50:31.942" intervalms="44.301" />
<gc-start id="1691" type="partial gc" contextid="1690" timestamp="2019-06-16T05:50:31.943">
  <mem-info id="1692" free="114294784" total="343932928" percent="33">
    <mem type="eden" free="0" total="91226112" percent="0" />
    <arraylet-primitive objects="2" leaves="2" largest="1" />
    <remembered-set count="70496" freebytes="13446784" totalbytes="13728768" percent="97" regionsoverflowed="0" regionsstable="2" regionsrebuilding="0"/>
  </mem-info>
</gc-start>
<allocation-stats totalBytes="91213840" >
  <allocated-bytes non-tlh="0" tlh="91213840" arrayletleaf="0"/>
  <largest-consumer threadName="Thread-7" threadId="0000000002837900" bytes="26903128" />
</allocation-stats>
<gc-op id="1693" type="copy forward" timems="3.892" contextid="1690" timestamp="2019-06-16T05:50:31.947">
  <memory-copied type="eden" objects="14929" bytes="634392" bytesdiscarded="0" />
  <memory-copied type="other" objects="14697" bytes="627480" bytesdiscarded="0" />
  <memory-cardclean objects="1811" bytes="92416" />
  <regions eden="87" other="4" />
  <remembered-set-cleared processed="64337" cleared="790" durationms="0.722" />
  <stringconstants candidates="4597" cleared="0"  />
</gc-op>
<gc-op id="1694" type="classunload" timems="0.002" contextid="1690" timestamp="2019-06-16T05:50:31.948">
  <classunload-info classloadercandidates="8" classloadersunloaded="0" classesunloaded="0" anonymousclassesunloaded="0" quiescems="0.000" setupms="0.002" scanms="0.000" postms="0.000" />
</gc-op>
<gc-end id="1695" type="partial gc" contextid="1690" durationms="5.195" usertimems="4.000" systemtimems="0.000" timestamp="2019-06-16T05:50:31.948" activeThreads="1">
  <mem-info id="1696" free="204472320" total="343932928" percent="59">
    <mem type="eden" free="414184" total="1048576" percent="39" />
    <arraylet-primitive objects="2" leaves="2" largest="1" />
    <remembered-set count="71136" freebytes="13444224" totalbytes="13728768" percent="97" regionsoverflowed="0" regionsstable="2" regionsrebuilding="0"/>
  </mem-info>
</gc-end>
<cycle-end id="1697" type="partial gc" contextid="1690" timestamp="2019-06-16T05:50:31.948" />
  <attribute name="elasticGC enabled" value="1" />
  <attribute name= "numThreadsSpecified" value="1" />
  <attribute name="heapSize specified" value="0" />
  <attribute name="Current GC Util" value="72" />
  <attribute name= "Current Time Running" value="5499" />
  <attribute name ="GC Interval" value="0" />
  <attribute name="ProportionalT" value="78.000000" />
  <attribute name="ProportionalI" value="78.000000" />
  <attribute name="ProportionalH" value="78.000000" />
  <attribute name="Current Error" value="52.000000" />
  <attribute name="IntegralT" value="0.000000" />
  <attribute name="IntegralI" value="0.000000" />
  <attribute name="IntegralH" value="0.000000" />
  <attribute name="DerivativeT" value="inf" />
  <attribute name="DerivativeI" value="inf" />
  <attribute name="DerivativeH" value="inf" />
  <attribute name="Loop Time for DT" value="0.000000" />
  <attribute name="Output H" value="8388608"/>
  <attribute name="Output I" value="200"/>
  <attribute name="Output T" value="1"/>
  <attribute name="Target GC Util Change" value ="20.000000" />
  <attribute name="Current GC Util Change" value="72.000000"/>
  <attribute name="GC Util currently" value="72" />
  <attribute name="CPU Util currently" value="18756755649870" />
<exclusive-end id="1698" timestamp="2019-06-16T05:50:31.948" durationms="6.573" />

<exclusive-start id="1699" timestamp="2019-06-16T05:50:31.983" intervalms="40.978">
  <response-info timems="0.030" idlems="0.030" threads="0" lastid="0000000002837900" lastname="Thread-7" />
</exclusive-start>
<allocation-taxation id="1700" taxation-threshold="91226112" timestamp="2019-06-16T05:50:31.983" intervalms="40.970" />
<cycle-start id="1701" type="partial gc" contextid="0" timestamp="2019-06-16T05:50:31.983" intervalms="40.978" />
<gc-start id="1702" type="partial gc" contextid="1701" timestamp="2019-06-16T05:50:31.984">
  <mem-info id="1703" free="113246208" total="343932928" percent="32">
    <mem type="eden" free="0" total="91226112" percent="0" />
    <arraylet-primitive objects="2" leaves="2" largest="1" />
    <remembered-set count="70976" freebytes="13444864" totalbytes="13728768" percent="97" regionsoverflowed="0" regionsstable="2" regionsrebuilding="0"/>
  </mem-info>
</gc-start>
<allocation-stats totalBytes="91214256" >
  <allocated-bytes non-tlh="0" tlh="91214256" arrayletleaf="0"/>
  <largest-consumer threadName="Thread-7" threadId="0000000002837900" bytes="26104376" />
</allocation-stats>
<gc-op id="1704" type="copy forward" timems="3.678" contextid="1701" timestamp="2019-06-16T05:50:31.988">
  <memory-copied type="eden" objects="20837" bytes="913544" bytesdiscarded="0" />
  <memory-copied type="other" objects="6803" bytes="300648" bytesdiscarded="0" />
  <memory-cardclean objects="10" bytes="1912" />
  <regions eden="87" other="3" />
  <remembered-set-cleared processed="64674" cleared="600" durationms="0.724" />
  <stringconstants candidates="4597" cleared="0"  />
</gc-op>
<gc-op id="1705" type="classunload" timems="0.002" contextid="1701" timestamp="2019-06-16T05:50:31.988">
  <classunload-info classloadercandidates="8" classloadersunloaded="0" classesunloaded="0" anonymousclassesunloaded="0" quiescems="0.000" setupms="0.002" scanms="0.000" postms="0.000" />
</gc-op>
<heap-resize id="1706" type="expand" space="default" amount="7340032" count="1" timems="0.116" reason="excessive time being spent in gc" timestamp="2019-06-16T05:50:31.989" />
<gc-end id="1707" type="partial gc" contextid="1701" durationms="5.220" usertimems="4.000" systemtimems="0.000" timestamp="2019-06-16T05:50:31.989" activeThreads="1">
  <mem-info id="1708" free="210763776" total="351272960" percent="60">
    <mem type="eden" free="135032" total="1048576" percent="12" />
    <arraylet-primitive objects="2" leaves="2" largest="1" />
    <remembered-set count="71200" freebytes="13736960" totalbytes="14021760" percent="97" regionsoverflowed="0" regionsstable="2" regionsrebuilding="0"/>
  </mem-info>
</gc-end>
<cycle-end id="1709" type="partial gc" contextid="1701" timestamp="2019-06-16T05:50:31.989" />
  <attribute name="elasticGC enabled" value="1" />
  <attribute name= "numThreadsSpecified" value="1" />
  <attribute name="heapSize specified" value="0" />
  <attribute name="Current GC Util" value="62" />
  <attribute name= "Current Time Running" value="5540" />
  <attribute name ="GC Interval" value="0" />
  <attribute name="ProportionalT" value="63.000000" />
  <attribute name="ProportionalI" value="63.000000" />
  <attribute name="ProportionalH" value="63.000000" />
  <attribute name="Current Error" value="42.000000" />
  <attribute name="IntegralT" value="0.000000" />
  <attribute name="IntegralI" value="0.000000" />
  <attribute name="IntegralH" value="0.000000" />
  <attribute name="DerivativeT" value="inf" />
  <attribute name="DerivativeI" value="inf" />
  <attribute name="DerivativeH" value="inf" />
  <attribute name="Loop Time for DT" value="0.000000" />
  <attribute name="Output H" value="8388608"/>
  <attribute name="Output I" value="200"/>
  <attribute name="Output T" value="1"/>
  <attribute name="Target GC Util Change" value ="20.000000" />
  <attribute name="Current GC Util Change" value="62.000000"/>
  <attribute name="GC Util currently" value="62" />
  <attribute name="CPU Util currently" value="15710534467049" />
<exclusive-end id="1710" timestamp="2019-06-16T05:50:31.989" durationms="6.387" />

<exclusive-start id="1711" timestamp="2019-06-16T05:50:32.022" intervalms="39.674">
  <response-info timems="0.030" idlems="0.030" threads="0" lastid="000000000283F100" lastname="Thread-10" />
</exclusive-start>
<allocation-taxation id="1712" taxation-threshold="93323264" timestamp="2019-06-16T05:50:32.023" intervalms="39.650" />
<cycle-start id="1713" type="partial gc" contextid="0" timestamp="2019-06-16T05:50:32.023" intervalms="39.642" />
<gc-start id="1714" type="partial gc" contextid="1713" timestamp="2019-06-16T05:50:32.023">
  <mem-info id="1715" free="117440512" total="351272960" percent="33">
    <mem type="eden" free="0" total="93323264" percent="0" />
    <arraylet-primitive objects="2" leaves="2" largest="1" />
    <remembered-set count="70720" freebytes="13738880" totalbytes="14021760" percent="97" regionsoverflowed="0" regionsstable="2" regionsrebuilding="0"/>
  </mem-info>
</gc-start>
<allocation-stats totalBytes="93311016" >
  <allocated-bytes non-tlh="0" tlh="93311016" arrayletleaf="0"/>
  <largest-consumer threadName="Thread-7" threadId="0000000002837900" bytes="24781800" />
</allocation-stats>
<gc-op id="1716" type="copy forward" timems="2.339" contextid="1713" timestamp="2019-06-16T05:50:32.026">
  <memory-copied type="eden" objects="27726" bytes="1215760" bytesdiscarded="64376" />
  <memory-copied type="other" objects="2420" bytes="58080" bytesdiscarded="0" />
  <memory-cardclean objects="4765" bytes="253216" />
  <regions eden="89" other="3" />
  <remembered-set-cleared processed="64673" cleared="598" durationms="0.255" />
  <stringconstants candidates="4597" cleared="0"  />
</gc-op>
<gc-op id="1717" type="classunload" timems="0.002" contextid="1713" timestamp="2019-06-16T05:50:32.027">
  <classunload-info classloadercandidates="8" classloadersunloaded="0" classesunloaded="0" anonymousclassesunloaded="0" quiescems="0.000" setupms="0.002" scanms="0.000" postms="0.000" />
</gc-op>
<heap-resize id="1718" type="expand" space="default" amount="5242880" count="1" timems="0.095" reason="excessive time being spent in gc" timestamp="2019-06-16T05:50:32.027" />
<gc-end id="1719" type="partial gc" contextid="1713" durationms="3.750" usertimems="8.000" systemtimems="0.000" timestamp="2019-06-16T05:50:32.027" activeThreads="4">
  <mem-info id="1720" free="213909504" total="356515840" percent="60">
    <mem type="eden" free="817016" total="2097152" percent="38" />
    <arraylet-primitive objects="2" leaves="2" largest="1" />
    <remembered-set count="71488" freebytes="13945088" totalbytes="14231040" percent="97" regionsoverflowed="0" regionsstable="2" regionsrebuilding="0"/>
  </mem-info>
</gc-end>
<cycle-end id="1721" type="partial gc" contextid="1713" timestamp="2019-06-16T05:50:32.027" />
  <attribute name="elasticGC enabled" value="1" />
  <attribute name= "numThreadsSpecified" value="4" />
  <attribute name="heapSize specified" value="0" />
  <attribute name="Current GC Util" value="67" />
  <attribute name= "Current Time Running" value="5580" />
  <attribute name ="GC Interval" value="0" />
  <attribute name="ProportionalT" value="70.500000" />
  <attribute name="ProportionalI" value="70.500000" />
  <attribute name="ProportionalH" value="70.500000" />
  <attribute name="Current Error" value="47.000000" />
  <attribute name="IntegralT" value="47.000000" />
  <attribute name="IntegralI" value="47.000000" />
  <attribute name="IntegralH" value="47.000000" />
  <attribute name="DerivativeT" value="47.000000" />
  <attribute name="DerivativeI" value="47.000000" />
  <attribute name="DerivativeH" value="47.000000" />
  <attribute name="Loop Time for DT" value="1.000000" />
  <attribute name="Output H" value="8388608"/>
  <attribute name="Output I" value="200"/>
  <attribute name="Output T" value="4"/>
  <attribute name="Target GC Util Change" value ="20.000000" />
  <attribute name="Current GC Util Change" value="67.000000"/>
  <attribute name="GC Util currently" value="67" />
  <attribute name="CPU Util currently" value="16804598614817" />
<exclusive-end id="1722" timestamp="2019-06-16T05:50:32.027" durationms="4.741" />

<exclusive-start id="1723" timestamp="2019-06-16T05:50:32.061" intervalms="38.251">
  <response-info timems="0.031" idlems="0.031" threads="0" lastid="000000000283B500" lastname="Thread-9" />
</exclusive-start>
<allocation-taxation id="1724" taxation-threshold="94371840" timestamp="2019-06-16T05:50:32.061" intervalms="38.269" />
<cycle-start id="1725" type="partial gc" contextid="0" timestamp="2019-06-16T05:50:32.061" intervalms="38.205" />
<gc-start id="1726" type="partial gc" contextid="1725" timestamp="2019-06-16T05:50:32.061">
  <mem-info id="1727" free="119537664" total="356515840" percent="33">
    <mem type="eden" free="0" total="94371840" percent="0" />
    <arraylet-primitive objects="2" leaves="2" largest="1" />
    <remembered-set count="71200" freebytes="13946240" totalbytes="14231040" percent="97" regionsoverflowed="0" regionsstable="2" regionsrebuilding="0"/>
  </mem-info>
</gc-start>
<allocation-stats totalBytes="94359496" >
  <allocated-bytes non-tlh="0" tlh="94359496" arrayletleaf="0"/>
  <largest-consumer threadName="Thread-7" threadId="0000000002837900" bytes="24671448" />
</allocation-stats>
<gc-op id="1728" type="copy forward" timems="2.397" contextid="1725" timestamp="2019-06-16T05:50:32.065">
  <memory-copied type="eden" objects="20772" bytes="774304" bytesdiscarded="56240" />
  <memory-copied type="other" objects="16548" bytes="671904" bytesdiscarded="22520" />
  <memory-cardclean objects="4189" bytes="225568" />
  <regions eden="90" other="4" />
  <remembered-set-cleared processed="64854" cleared="675" durationms="0.251" />
  <stringconstants candidates="4597" cleared="0"  />
</gc-op>
<gc-op id="1729" type="classunload" timems="0.002" contextid="1725" timestamp="2019-06-16T05:50:32.065">
  <classunload-info classloadercandidates="8" classloadersunloaded="0" classesunloaded="0" anonymousclassesunloaded="0" quiescems="0.000" setupms="0.002" scanms="0.000" postms="0.000" />
</gc-op>
<gc-end id="1730" type="partial gc" contextid="1725" durationms="3.441" usertimems="8.000" systemtimems="0.000" timestamp="2019-06-16T05:50:32.065" activeThreads="4">
  <mem-info id="1731" free="213909504" total="356515840" percent="60">
    <mem type="eden" free="218032" total="1048576" percent="20" />
    <arraylet-primitive objects="2" leaves="2" largest="1" />
    <remembered-set count="71584" freebytes="13944704" totalbytes="14231040" percent="97" regionsoverflowed="0" regionsstable="2" regionsrebuilding="0"/>
  </mem-info>
</gc-end>
<cycle-end id="1732" type="partial gc" contextid="1725" timestamp="2019-06-16T05:50:32.065" />
  <attribute name="elasticGC enabled" value="1" />
  <attribute name= "numThreadsSpecified" value="4" />
  <attribute name="heapSize specified" value="0" />
  <attribute name="Current GC Util" value="60" />
  <attribute name= "Current Time Running" value="5618" />
  <attribute name ="GC Interval" value="0" />
  <attribute name="ProportionalT" value="60.000000" />
  <attribute name="ProportionalI" value="60.000000" />
  <attribute name="ProportionalH" value="60.000000" />
  <attribute name="Current Error" value="40.000000" />
  <attribute name="IntegralT" value="40.000000" />
  <attribute name="IntegralI" value="40.000000" />
  <attribute name="IntegralH" value="40.000000" />
  <attribute name="DerivativeT" value="40.000000" />
  <attribute name="DerivativeI" value="40.000000" />
  <attribute name="DerivativeH" value="40.000000" />
  <attribute name="Loop Time for DT" value="1.000000" />
  <attribute name="Output H" value="8388608"/>
  <attribute name="Output I" value="200"/>
  <attribute name="Output T" value="4"/>
  <attribute name="Target GC Util Change" value ="20.000000" />
  <attribute name="Current GC Util Change" value="60.000000"/>
  <attribute name="GC Util currently" value="60" />
  <attribute name="CPU Util currently" value="18845592101976" />
<exclusive-end id="1733" timestamp="2019-06-16T05:50:32.065" durationms="4.273" />

<exclusive-start id="1734" timestamp="2019-06-16T05:50:32.098" intervalms="36.850">
  <response-info timems="0.033" idlems="0.033" threads="0" lastid="000000000283B500" lastname="Thread-9" />
</exclusive-start>
<allocation-taxation id="1735" taxation-threshold="94371840" timestamp="2019-06-16T05:50:32.098" intervalms="36.849" />
<cycle-start id="1736" type="partial gc" contextid="0" timestamp="2019-06-16T05:50:32.098" intervalms="36.846" />
<gc-start id="1737" type="partial gc" contextid="1736" timestamp="2019-06-16T05:50:32.098">
  <mem-info id="1738" free="119537664" total="356515840" percent="33">
    <mem type="eden" free="0" total="94371840" percent="0" />
    <arraylet-primitive objects="2" leaves="2" largest="1" />
    <remembered-set count="71456" freebytes="13945216" totalbytes="14231040" percent="97" regionsoverflowed="0" regionsstable="2" regionsrebuilding="0"/>
  </mem-info>
</gc-start>
<allocation-stats totalBytes="94358904" >
  <allocated-bytes non-tlh="0" tlh="94358904" arrayletleaf="0"/>
  <largest-consumer threadName="Thread-10" threadId="000000000283F100" bytes="24052536" />
</allocation-stats>
<gc-op id="1739" type="copy forward" timems="2.292" contextid="1736" timestamp="2019-06-16T05:50:32.101">
  <memory-copied type="eden" objects="29128" bytes="1249648" bytesdiscarded="61272" />
  <memory-copied type="other" objects="4524" bytes="108576" bytesdiscarded="0" />
  <memory-cardclean objects="4189" bytes="225568" />
  <regions eden="90" other="4" />
  <remembered-set-cleared processed="65171" cleared="992" durationms="0.244" />
  <stringconstants candidates="4597" cleared="0"  />
</gc-op>
<gc-op id="1740" type="classunload" timems="0.003" contextid="1736" timestamp="2019-06-16T05:50:32.101">
  <classunload-info classloadercandidates="8" classloadersunloaded="0" classesunloaded="0" anonymousclassesunloaded="0" quiescems="0.000" setupms="0.002" scanms="0.000" postms="0.000" />
</gc-op>
<gc-end id="1741" type="partial gc" contextid="1736" durationms="3.329" usertimems="4.000" systemtimems="4.000" timestamp="2019-06-16T05:50:32.102" activeThreads="4">
  <mem-info id="1742" free="211812352" total="356515840" percent="59">
    <mem type="eden" free="1834808" total="3145728" percent="58" />
    <arraylet-primitive objects="2" leaves="2" largest="1" />
    <remembered-set count="71584" freebytes="13944704" totalbytes="14231040" percent="97" regionsoverflowed="0" regionsstable="2" regionsrebuilding="0"/>
  </mem-info>
</gc-end>
<cycle-end id="1743" type="partial gc" contextid="1736" timestamp="2019-06-16T05:50:32.102" />
  <attribute name="elasticGC enabled" value="1" />
  <attribute name= "numThreadsSpecified" value="4" />
  <attribute name="heapSize specified" value="0" />
  <attribute name="Current GC Util" value="0" />
  <attribute name= "Current Time Running" value="5654" />
  <attribute name ="GC Interval" value="0" />
  <attribute name="ProportionalT" value="-30.000000" />
  <attribute name="ProportionalI" value="-30.000000" />
  <attribute name="ProportionalH" value="-30.000000" />
  <attribute name="Current Error" value="-20.000000" />
  <attribute name="IntegralT" value="0.000000" />
  <attribute name="IntegralI" value="0.000000" />
  <attribute name="IntegralH" value="0.000000" />
  <attribute name="DerivativeT" value="-inf" />
  <attribute name="DerivativeI" value="-inf" />
  <attribute name="DerivativeH" value="-inf" />
  <attribute name="Loop Time for DT" value="0.000000" />
  <attribute name="Output H" value="2091843584"/>
  <attribute name="Output I" value="200"/>
  <attribute name="Output T" value="4"/>
  <attribute name="Target GC Util Change" value ="20.000000" />
  <attribute name="Current GC Util Change" value="0.000000"/>
  <attribute name="GC Util currently" value="0" />
  <attribute name="CPU Util currently" value="25313481485618" />
<exclusive-end id="1744" timestamp="2019-06-16T05:50:32.102" durationms="4.201" />

<exclusive-start id="1745" timestamp="2019-06-16T05:50:32.132" intervalms="34.861">
  <response-info timems="0.032" idlems="0.032" threads="0" lastid="0000000002837900" lastname="Thread-7" />
</exclusive-start>
<allocation-taxation id="1746" taxation-threshold="94371840" timestamp="2019-06-16T05:50:32.133" intervalms="34.869" />
<cycle-start id="1747" type="partial gc" contextid="0" timestamp="2019-06-16T05:50:32.133" intervalms="34.892" />
<gc-start id="1748" type="partial gc" contextid="1747" timestamp="2019-06-16T05:50:32.133">
  <mem-info id="1749" free="117440512" total="356515840" percent="32">
    <mem type="eden" free="0" total="94371840" percent="0" />
    <arraylet-primitive objects="2" leaves="2" largest="1" />
    <remembered-set count="71328" freebytes="13945728" totalbytes="14231040" percent="97" regionsoverflowed="0" regionsstable="2" regionsrebuilding="0"/>
  </mem-info>
</gc-start>
<allocation-stats totalBytes="94358504" >
  <allocated-bytes non-tlh="0" tlh="94358504" arrayletleaf="0"/>
  <largest-consumer threadName="Thread-9" threadId="000000000283B500" bytes="23933784" />
</allocation-stats>
<gc-op id="1750" type="copy forward" timems="2.354" contextid="1747" timestamp="2019-06-16T05:50:32.136">
  <memory-copied type="eden" objects="22694" bytes="820832" bytesdiscarded="3112" />
  <memory-copied type="other" objects="15699" bytes="651528" bytesdiscarded="3408" />
  <memory-cardclean objects="3403" bytes="187840" />
  <regions eden="90" other="5" />
  <remembered-set-cleared processed="65174" cleared="785" durationms="0.288" />
  <stringconstants candidates="4597" cleared="0"  />
</gc-op>
<gc-op id="1751" type="classunload" timems="0.002" contextid="1747" timestamp="2019-06-16T05:50:32.136">
  <classunload-info classloadercandidates="8" classloadersunloaded="0" classesunloaded="0" anonymousclassesunloaded="0" quiescems="0.000" setupms="0.002" scanms="0.000" postms="0.000" />
</gc-op>
<gc-end id="1752" type="partial gc" contextid="1747" durationms="3.421" usertimems="4.000" systemtimems="4.000" timestamp="2019-06-16T05:50:32.137" activeThreads="4">
  <mem-info id="1753" free="211812352" total="356515840" percent="59">
    <mem type="eden" free="1273208" total="2097152" percent="60" />
    <arraylet-primitive objects="2" leaves="2" largest="1" />
    <remembered-set count="72832" freebytes="13939712" totalbytes="14231040" percent="97" regionsoverflowed="0" regionsstable="2" regionsrebuilding="0"/>
  </mem-info>
</gc-end>
<cycle-end id="1754" type="partial gc" contextid="1747" timestamp="2019-06-16T05:50:32.137" />
  <attribute name="elasticGC enabled" value="1" />
  <attribute name= "numThreadsSpecified" value="4" />
  <attribute name="heapSize specified" value="0" />
  <attribute name="Current GC Util" value="0" />
  <attribute name= "Current Time Running" value="5689" />
  <attribute name ="GC Interval" value="0" />
  <attribute name="ProportionalT" value="-30.000000" />
  <attribute name="ProportionalI" value="-30.000000" />
  <attribute name="ProportionalH" value="-30.000000" />
  <attribute name="Current Error" value="-20.000000" />
  <attribute name="IntegralT" value="0.000000" />
  <attribute name="IntegralI" value="0.000000" />
  <attribute name="IntegralH" value="0.000000" />
  <attribute name="DerivativeT" value="-inf" />
  <attribute name="DerivativeI" value="-inf" />
  <attribute name="DerivativeH" value="-inf" />
  <attribute name="Loop Time for DT" value="0.000000" />
  <attribute name="Output H" value="2091843584"/>
  <attribute name="Output I" value="200"/>
  <attribute name="Output T" value="4"/>
  <attribute name="Target GC Util Change" value ="20.000000" />
  <attribute name="Current GC Util Change" value="0.000000"/>
  <attribute name="GC Util currently" value="0" />
  <attribute name="CPU Util currently" value="25930053793978" />
<exclusive-end id="1755" timestamp="2019-06-16T05:50:32.137" durationms="4.414" />

<exclusive-start id="1756" timestamp="2019-06-16T05:50:32.167" intervalms="34.563">
  <response-info timems="0.042" idlems="0.042" threads="0" lastid="000000000283F100" lastname="Thread-10" />
</exclusive-start>
<allocation-taxation id="1757" taxation-threshold="94371840" timestamp="2019-06-16T05:50:32.167" intervalms="34.550" />
<cycle-start id="1758" type="partial gc" contextid="0" timestamp="2019-06-16T05:50:32.167" intervalms="34.596" />
<gc-start id="1759" type="partial gc" contextid="1758" timestamp="2019-06-16T05:50:32.168">
  <mem-info id="1760" free="117440512" total="356515840" percent="32">
    <mem type="eden" free="0" total="94371840" percent="0" />
    <arraylet-primitive objects="2" leaves="2" largest="1" />
    <remembered-set count="72448" freebytes="13941248" totalbytes="14231040" percent="97" regionsoverflowed="0" regionsstable="2" regionsrebuilding="0"/>
  </mem-info>
</gc-start>
<allocation-stats totalBytes="94359120" >
  <allocated-bytes non-tlh="0" tlh="94359120" arrayletleaf="0"/>
  <largest-consumer threadName="Thread-10" threadId="000000000283F100" bytes="23888816" />
</allocation-stats>
<gc-op id="1761" type="copy forward" timems="4.003" contextid="1758" timestamp="2019-06-16T05:50:32.173">
  <memory-copied type="eden" objects="27540" bytes="1211760" bytesdiscarded="0" />
  <memory-copied type="other" objects="3745" bytes="89880" bytesdiscarded="0" />
  <memory-cardclean objects="3403" bytes="187840" />
  <regions eden="90" other="5" />
  <remembered-set-cleared processed="65569" cleared="1180" durationms="0.752" />
  <stringconstants candidates="4597" cleared="0"  />
</gc-op>
<gc-op id="1762" type="classunload" timems="0.002" contextid="1758" timestamp="2019-06-16T05:50:32.173">
  <classunload-info classloadercandidates="8" classloadersunloaded="0" classesunloaded="0" anonymousclassesunloaded="0" quiescems="0.000" setupms="0.002" scanms="0.000" postms="0.000" />
</gc-op>
<gc-end id="1763" type="partial gc" contextid="1758" durationms="5.355" usertimems="4.000" systemtimems="0.000" timestamp="2019-06-16T05:50:32.173" activeThreads="1">
  <mem-info id="1764" free="212860928" total="356515840" percent="59">
    <mem type="eden" free="885392" total="2097152" percent="42" />
    <arraylet-primitive objects="2" leaves="2" largest="1" />
    <remembered-set count="71744" freebytes="13944064" totalbytes="14231040" percent="97" regionsoverflowed="0" regionsstable="2" regionsrebuilding="0"/>
  </mem-info>
</gc-end>
<cycle-end id="1765" type="partial gc" contextid="1758" timestamp="2019-06-16T05:50:32.173" />
  <attribute name="elasticGC enabled" value="1" />
  <attribute name= "numThreadsSpecified" value="1" />
  <attribute name="heapSize specified" value="0" />
  <attribute name="Current GC Util" value="64" />
  <attribute name= "Current Time Running" value="5724" />
  <attribute name ="GC Interval" value="0" />
  <attribute name="ProportionalT" value="66.000000" />
  <attribute name="ProportionalI" value="66.000000" />
  <attribute name="ProportionalH" value="66.000000" />
  <attribute name="Current Error" value="44.000000" />
  <attribute name="IntegralT" value="0.000000" />
  <attribute name="IntegralI" value="0.000000" />
  <attribute name="IntegralH" value="0.000000" />
  <attribute name="DerivativeT" value="inf" />
  <attribute name="DerivativeI" value="inf" />
  <attribute name="DerivativeH" value="inf" />
  <attribute name="Loop Time for DT" value="0.000000" />
  <attribute name="Output H" value="8388608"/>
  <attribute name="Output I" value="200"/>
  <attribute name="Output T" value="1"/>
  <attribute name="Target GC Util Change" value ="20.000000" />
  <attribute name="Current GC Util Change" value="64.000000"/>
  <attribute name="GC Util currently" value="64" />
  <attribute name="CPU Util currently" value="17584538878192" />
<exclusive-end id="1766" timestamp="2019-06-16T05:50:32.173" durationms="6.451" />

<exclusive-start id="1767" timestamp="2019-06-16T05:50:32.231" intervalms="63.872">
  <response-info timems="0.081" idlems="0.081" threads="0" lastid="000000000283B500" lastname="Thread-9" />
</exclusive-start>
<allocation-taxation id="1768" taxation-threshold="94371840" timestamp="2019-06-16T05:50:32.231" intervalms="63.869" />
<cycle-start id="1769" type="partial gc" contextid="0" timestamp="2019-06-16T05:50:32.231" intervalms="63.798" />
<gc-start id="1770" type="partial gc" contextid="1769" timestamp="2019-06-16T05:50:32.232">
  <mem-info id="1771" free="118489088" total="356515840" percent="33">
    <mem type="eden" free="0" total="94371840" percent="0" />
    <arraylet-primitive objects="2" leaves="2" largest="1" />
    <remembered-set count="71264" freebytes="13945984" totalbytes="14231040" percent="97" regionsoverflowed="0" regionsstable="2" regionsrebuilding="0"/>
  </mem-info>
</gc-start>
<allocation-stats totalBytes="94359488" >
  <allocated-bytes non-tlh="0" tlh="94359488" arrayletleaf="0"/>
  <largest-consumer threadName="Thread-9" threadId="000000000283B500" bytes="44001632" />
</allocation-stats>
<gc-op id="1772" type="copy forward" timems="2.749" contextid="1769" timestamp="2019-06-16T05:50:32.235">
  <memory-copied type="eden" objects="9409" bytes="363584" bytesdiscarded="0" />
  <memory-copied type="other" objects="3745" bytes="89880" bytesdiscarded="0" />
  <memory-cardclean objects="3403" bytes="187840" />
  <regions eden="90" other="4" />
  <remembered-set-cleared processed="65081" cleared="692" durationms="0.742" />
  <stringconstants candidates="4597" cleared="0"  />
</gc-op>
<gc-op id="1773" type="classunload" timems="0.002" contextid="1769" timestamp="2019-06-16T05:50:32.235">
  <classunload-info classloadercandidates="8" classloadersunloaded="0" classesunloaded="0" anonymousclassesunloaded="0" quiescems="0.000" setupms="0.002" scanms="0.000" postms="0.000" />
</gc-op>
<gc-end id="1774" type="partial gc" contextid="1769" durationms="4.023" usertimems="4.000" systemtimems="0.000" timestamp="2019-06-16T05:50:32.236" activeThreads="1">
  <mem-info id="1775" free="213909504" total="356515840" percent="60">
    <mem type="eden" free="684992" total="1048576" percent="65" />
    <arraylet-primitive objects="2" leaves="2" largest="1" />
    <remembered-set count="71232" freebytes="13946112" totalbytes="14231040" percent="97" regionsoverflowed="0" regionsstable="2" regionsrebuilding="0"/>
  </mem-info>
</gc-end>
<cycle-end id="1776" type="partial gc" contextid="1769" timestamp="2019-06-16T05:50:32.236" />
  <attribute name="elasticGC enabled" value="1" />
  <attribute name= "numThreadsSpecified" value="1" />
  <attribute name="heapSize specified" value="0" />
  <attribute name="Current GC Util" value="82" />
  <attribute name= "Current Time Running" value="5788" />
  <attribute name ="GC Interval" value="0" />
  <attribute name="ProportionalT" value="93.000000" />
  <attribute name="ProportionalI" value="93.000000" />
  <attribute name="ProportionalH" value="93.000000" />
  <attribute name="Current Error" value="62.000000" />
  <attribute name="IntegralT" value="0.000000" />
  <attribute name="IntegralI" value="0.000000" />
  <attribute name="IntegralH" value="0.000000" />
  <attribute name="DerivativeT" value="inf" />
  <attribute name="DerivativeI" value="inf" />
  <attribute name="DerivativeH" value="inf" />
  <attribute name="Loop Time for DT" value="0.000000" />
  <attribute name="Output H" value="8388608"/>
  <attribute name="Output I" value="200"/>
  <attribute name="Output T" value="1"/>
  <attribute name="Target GC Util Change" value ="20.000000" />
  <attribute name="Current GC Util Change" value="82.000000"/>
  <attribute name="GC Util currently" value="82" />
  <attribute name="CPU Util currently" value="17162316240496" />
<exclusive-end id="1777" timestamp="2019-06-16T05:50:32.236" durationms="5.024" />

</verbosegc>

