<?xml version="1.0" ?>

<verbosegc xmlns="http://www.ibm.com/j9/verbosegc" version="25b0271_CMPRSS">

<initialized id="1" timestamp="2019-07-02T19:17:30.667">
  <attribute name="gcPolicy" value="-Xgcpolicy:gencon" />
  <attribute name="GC Util" value="0" />
  <attribute name="CPU Util" value="0" />
  <attribute name="Time Running"value="0"/>
  <attribute name="Number of cores"value="0"/>
  <attribute name="maxHeapSize" value="0x7cbc0000" />
  <attribute name="initialHeapSize" value="0x800000" />
  <attribute name="compressedRefs" value="true" />
  <attribute name="compressedRefsDisplacement" value="0x0" />
  <attribute name="compressedRefsShift" value="0x0" />
  <attribute name="pageSize" value="0x1000" />
  <attribute name="pageType" value="not used" />
  <attribute name="requestedPageSize" value="0x1000" />
  <attribute name="requestedPageType" value="not used" />
  <attribute name="gcthreads" value="4" />
  <attribute name="gcthreads Concurrent Mark" value="1" />
  <attribute name="packetListSplit" value="4" />
  <attribute name="cacheListSplit" value="4" />
  <attribute name="splitFreeListSplitAmount" value="1" />
  <attribute name="numaNodes" value="0" />
  <system>
    <attribute name="physicalMemory" value="8370962432" />
    <attribute name="numCPUs" value="4" />
    <attribute name="architecture" value="amd64" />
    <attribute name="os" value="Linux" />
    <attribute name="osVersion" value="4.4.0-148-generic" />
  </system>
  <vmargs>
    <vmarg name="-Xoptionsfile=/vagrant/jdk/lib/options.default" />
    <vmarg name="-Xlockword:mode=default,noLockword=java/lang/String,noLockword=java/util/MapEntry,noLockword=java/util/HashMap$Entry,noLockword..." />
    <vmarg name="-Xjcl:jclse11_29" />
    <vmarg name="-Dcom.ibm.oti.vm.bootstrap.library.path=/vagrant/jdk/lib/compressedrefs:/vagrant/jdk/lib" />
    <vmarg name="-Dsun.boot.library.path=/vagrant/jdk/lib/compressedrefs:/vagrant/jdk/lib" />
    <vmarg name="-Djava.library.path=/vagrant/jdk/lib/compressedrefs:/vagrant/jdk/lib:/usr/lib64:/usr/lib" />
    <vmarg name="-Djava.home=/vagrant/jdk" />
    <vmarg name="-Duser.dir=/vagrant" />
    <vmarg name="-verbose:gc" />
    <vmarg name="-Xloggc:default-jdkF-verbose2xalan.txt" />
    <vmarg name="-Djava.class.path=dacapo-9.12-MR1-bach.jar" />
    <vmarg name="-Dsun.java.command=dacapo-9.12-MR1-bach.jar xalan --size=default" />
    <vmarg name="-Dsun.java.launcher=SUN_STANDARD" />
    <vmarg name="-Dsun.java.launcher.pid=11087" />
  </vmargs>
</initialized>

<exclusive-start id="2" timestamp="2019-07-02T19:17:30.791" intervalms="123.266">
  <response-info timems="0.023" idlems="0.023" threads="0" lastid="00000000006D9700" lastname="main" />
</exclusive-start>
<af-start id="3" threadId="00000000006DA088" totalBytesRequested="15632" timestamp="2019-07-02T19:17:30.791" intervalms="123.592" type="nursery" />
<cycle-start id="4" type="scavenge" contextid="0" timestamp="2019-07-02T19:17:30.791" intervalms="123.890" />
  <attribute name="GC Util" value="0" />
  <attribute name="CPU Util" value="79" />
  <attribute name="Time Running"value="0"/>
  <attribute name="Number of cores"value="4"/>
<gc-start id="5" type="scavenge" contextid="4" timestamp="2019-07-02T19:17:30.792">
  <mem-info id="6" free="6065704" total="8388608" percent="72">
    <mem type="nursery" free="0" total="2097152" percent="0">
      <mem type="allocate" free="0" total="1048576" percent="0" />
      <mem type="survivor" free="0" total="1048576" percent="0" />
    </mem>
    <mem type="tenure" free="6065704" total="6291456" percent="96">
      <mem type="soa" free="5751336" total="5977088" percent="96" />
      <mem type="loa" free="314368" total="314368" percent="100" />
    </mem>
    <remembered-set count="3122" />
  </mem-info>
</gc-start>
<allocation-stats totalBytes="1259600" >
  <allocated-bytes non-tlh="300120" tlh="959480" />
  <largest-consumer threadName="main" threadId="00000000006D9700" bytes="1183912" />
</allocation-stats>
<gc-op id="7" type="scavenge" timems="1.616" contextid="4" timestamp="2019-07-02T19:17:30.793">
  <scavenger-info tenureage="2" tenuremask="fffc" tiltratio="50" />
  <memory-copied type="nursery" objects="10438" bytes="495648" bytesdiscarded="103888" />
  <finalization candidates="16" enqueued="0" />
  <references type="soft" candidates="62" cleared="0" enqueued="0" dynamicThreshold="32" maxThreshold="32" />
  <references type="weak" candidates="307" cleared="155" enqueued="117" />
  <references type="phantom" candidates="19" cleared="3" enqueued="3" />
</gc-op>
<gc-end id="8" type="scavenge" contextid="4" durationms="2.042" usertimems="0.000" systemtimems="4.000" timestamp="2019-07-02T19:17:30.794" activeThreads="4">
  <mem-info id="9" free="6512656" total="8388608" percent="77">
    <mem type="nursery" free="446952" total="2097152" percent="21">
      <mem type="allocate" free="446952" total="1048576" percent="42" />
      <mem type="survivor" free="0" total="1048576" percent="0" />
    </mem>
    <mem type="tenure" free="6065704" total="6291456" percent="96">
      <mem type="soa" free="5751336" total="5977088" percent="96" />
      <mem type="loa" free="314368" total="314368" percent="100" />
    </mem>
    <pending-finalizers system="0" default="0" reference="120" classloader="0" />
    <remembered-set count="3122" />
  </mem-info>
</gc-end>
<cycle-end id="10" type="scavenge" contextid="4" timestamp="2019-07-02T19:17:30.794">
  <attribute name="GC Util" value="0" />
  <attribute name="CPU Util" value="96" />
  <attribute name="Time Running"value="20"/>
  <attribute name="Number of cores"value="4"/>
</cycle-end>
<allocation-satisfied id="11" threadId="00000000006D9700" bytesRequested="15632" />
<af-end id="12" timestamp="2019-07-02T19:17:30.794" threadId="00000000006DA088" success="true" from="nursery"/>
<exclusive-end id="13" timestamp="2019-07-02T19:17:30.794" durationms="3.125" />

<exclusive-start id="14" timestamp="2019-07-02T19:17:30.811" intervalms="20.661">
  <response-info timems="0.021" idlems="0.021" threads="0" lastid="00000000006D9700" lastname="main" />
</exclusive-start>
<af-start id="15" threadId="00000000006DA088" totalBytesRequested="112" timestamp="2019-07-02T19:17:30.811" intervalms="20.402" type="nursery" />
<cycle-start id="16" type="scavenge" contextid="0" timestamp="2019-07-02T19:17:30.812" intervalms="20.194" />
  <attribute name="GC Util" value="0" />
  <attribute name="CPU Util" value="96" />
  <attribute name="Time Running"value="20"/>
  <attribute name="Number of cores"value="4"/>
<gc-start id="17" type="scavenge" contextid="16" timestamp="2019-07-02T19:17:30.812">
  <mem-info id="18" free="6055824" total="8388608" percent="72">
    <mem type="nursery" free="0" total="2097152" percent="0">
      <mem type="allocate" free="0" total="1048576" percent="0" />
      <mem type="survivor" free="0" total="1048576" percent="0" />
    </mem>
    <mem type="tenure" free="6055824" total="6291456" percent="96">
      <mem type="soa" free="5741456" total="5977088" percent="96" />
      <mem type="loa" free="314368" total="314368" percent="100" />
    </mem>
    <remembered-set count="3259" />
  </mem-info>
</gc-start>
<allocation-stats totalBytes="456080" >
  <allocated-bytes non-tlh="25512" tlh="430568" />
  <largest-consumer threadName="main" threadId="00000000006D9700" bytes="444104" />
</allocation-stats>
<gc-op id="19" type="scavenge" timems="0.916" contextid="16" timestamp="2019-07-02T19:17:30.813">
  <scavenger-info tenureage="9" tenuremask="7e00" tiltratio="50" />
  <memory-copied type="nursery" objects="10922" bytes="485968" bytesdiscarded="120952" />
  <finalization candidates="16" enqueued="0" />
  <references type="soft" candidates="62" cleared="0" enqueued="0" dynamicThreshold="32" maxThreshold="32" />
  <references type="weak" candidates="281" cleared="117" enqueued="114" />
  <references type="phantom" candidates="41" cleared="14" enqueued="14" />
</gc-op>
<gc-end id="20" type="scavenge" contextid="16" durationms="1.105" usertimems="0.000" systemtimems="4.000" timestamp="2019-07-02T19:17:30.813" activeThreads="4">
  <mem-info id="21" free="6496016" total="8388608" percent="77">
    <mem type="nursery" free="440192" total="2097152" percent="20">
      <mem type="allocate" free="440192" total="1048576" percent="41" />
      <mem type="survivor" free="0" total="1048576" percent="0" />
    </mem>
    <mem type="tenure" free="6055824" total="6291456" percent="96">
      <mem type="soa" free="5741456" total="5977088" percent="96" />
      <mem type="loa" free="314368" total="314368" percent="100" />
    </mem>
    <pending-finalizers system="0" default="0" reference="128" classloader="0" />
    <remembered-set count="3259" />
  </mem-info>
</gc-end>
<cycle-end id="22" type="scavenge" contextid="16" timestamp="2019-07-02T19:17:30.813">
  <attribute name="GC Util" value="17" />
  <attribute name="CPU Util" value="131" />
  <attribute name="Time Running"value="40"/>
  <attribute name="Number of cores"value="4"/>
</cycle-end>
<allocation-satisfied id="23" threadId="00000000006D9700" bytesRequested="112" />
<af-end id="24" timestamp="2019-07-02T19:17:30.813" threadId="00000000006DA088" success="true" from="nursery"/>
<exclusive-end id="25" timestamp="2019-07-02T19:17:30.813" durationms="1.541" />

<exclusive-start id="26" timestamp="2019-07-02T19:17:30.830" intervalms="18.337">
  <response-info timems="0.025" idlems="0.025" threads="0" lastid="00000000006D9700" lastname="main" />
</exclusive-start>
<af-start id="27" threadId="00000000006DA088" totalBytesRequested="16392" timestamp="2019-07-02T19:17:30.830" intervalms="18.381" type="nursery" />
<cycle-start id="28" type="scavenge" contextid="0" timestamp="2019-07-02T19:17:30.830" intervalms="18.384" />
  <attribute name="GC Util" value="17" />
  <attribute name="CPU Util" value="131" />
  <attribute name="Time Running"value="40"/>
  <attribute name="Number of cores"value="4"/>
<gc-start id="29" type="scavenge" contextid="28" timestamp="2019-07-02T19:17:30.830">
  <mem-info id="30" free="6053048" total="8388608" percent="72">
    <mem type="nursery" free="0" total="2097152" percent="0">
      <mem type="allocate" free="0" total="1048576" percent="0" />
      <mem type="survivor" free="0" total="1048576" percent="0" />
    </mem>
    <mem type="tenure" free="6053048" total="6291456" percent="96">
      <mem type="soa" free="5738680" total="5977088" percent="96" />
      <mem type="loa" free="314368" total="314368" percent="100" />
    </mem>
    <remembered-set count="3293" />
  </mem-info>
</gc-start>
<allocation-stats totalBytes="427016" >
  <allocated-bytes non-tlh="2888" tlh="424128" />
  <largest-consumer threadName="main" threadId="00000000006D9700" bytes="418824" />
</allocation-stats>
<gc-op id="31" type="scavenge" timems="0.858" contextid="28" timestamp="2019-07-02T19:17:30.831">
  <scavenger-info tenureage="8" tenuremask="7f00" tiltratio="50" />
  <memory-copied type="nursery" objects="10868" bytes="520392" bytesdiscarded="86192" />
  <finalization candidates="16" enqueued="0" />
  <references type="soft" candidates="62" cleared="0" enqueued="0" dynamicThreshold="32" maxThreshold="32" />
  <references type="weak" candidates="244" cleared="78" enqueued="78" />
  <references type="phantom" candidates="39" cleared="10" enqueued="10" />
</gc-op>
<gc-end id="32" type="scavenge" contextid="28" durationms="1.044" usertimems="4.000" systemtimems="0.000" timestamp="2019-07-02T19:17:30.831" activeThreads="4">
  <mem-info id="33" free="6493584" total="8388608" percent="77">
    <mem type="nursery" free="440536" total="2097152" percent="21">
      <mem type="allocate" free="440536" total="1048576" percent="42" />
      <mem type="survivor" free="0" total="1048576" percent="0" />
    </mem>
    <mem type="tenure" free="6053048" total="6291456" percent="96">
      <mem type="soa" free="5738680" total="5977088" percent="96" />
      <mem type="loa" free="314368" total="314368" percent="100" />
    </mem>
    <pending-finalizers system="0" default="0" reference="88" classloader="0" />
    <remembered-set count="1066" />
  </mem-info>
</gc-end>
<cycle-end id="34" type="scavenge" contextid="28" timestamp="2019-07-02T19:17:30.831">
  <attribute name="GC Util" value="9" />
  <attribute name="CPU Util" value="242" />
  <attribute name="Time Running"value="59"/>
  <attribute name="Number of cores"value="4"/>
</cycle-end>
<allocation-satisfied id="35" threadId="00000000006D9700" bytesRequested="16392" />
<af-end id="36" timestamp="2019-07-02T19:17:30.831" threadId="00000000006DA088" success="true" from="nursery"/>
<exclusive-end id="37" timestamp="2019-07-02T19:17:30.831" durationms="1.534" />

<exclusive-start id="38" timestamp="2019-07-02T19:17:30.957" intervalms="126.964">
  <response-info timems="0.024" idlems="0.024" threads="0" lastid="00000000006D9700" lastname="main" />
</exclusive-start>
<af-start id="39" threadId="00000000006DA088" totalBytesRequested="2056" timestamp="2019-07-02T19:17:30.957" intervalms="126.931" type="nursery" />
<cycle-start id="40" type="scavenge" contextid="0" timestamp="2019-07-02T19:17:30.957" intervalms="126.888" />
  <attribute name="GC Util" value="9" />
  <attribute name="CPU Util" value="242" />
  <attribute name="Time Running"value="59"/>
  <attribute name="Number of cores"value="4"/>
<gc-start id="41" type="scavenge" contextid="40" timestamp="2019-07-02T19:17:30.957">
  <mem-info id="42" free="6048648" total="8388608" percent="72">
    <mem type="nursery" free="0" total="2097152" percent="0">
      <mem type="allocate" free="0" total="1048576" percent="0" />
      <mem type="survivor" free="0" total="1048576" percent="0" />
    </mem>
    <mem type="tenure" free="6048648" total="6291456" percent="96">
      <mem type="soa" free="5734280" total="5977088" percent="95" />
      <mem type="loa" free="314368" total="314368" percent="100" />
    </mem>
    <remembered-set count="1140" />
  </mem-info>
</gc-start>
<allocation-stats totalBytes="443664" >
  <allocated-bytes non-tlh="20792" tlh="422872" />
  <largest-consumer threadName="main" threadId="00000000006D9700" bytes="443664" />
</allocation-stats>
<gc-op id="43" type="scavenge" timems="1.115" contextid="40" timestamp="2019-07-02T19:17:30.958">
  <scavenger-info tenureage="3" tenuremask="fff8" tiltratio="50" />
  <memory-copied type="nursery" objects="760" bytes="123000" bytesdiscarded="142408" />
  <memory-copied type="tenure" objects="10227" bytes="457432" bytesdiscarded="40" />
  <finalization candidates="18" enqueued="0" />
  <references type="soft" candidates="1" cleared="0" enqueued="0" dynamicThreshold="32" maxThreshold="32" />
  <references type="weak" candidates="73" cleared="57" enqueued="57" />
  <references type="phantom" candidates="28" cleared="12" enqueued="12" />
</gc-op>
<gc-end id="44" type="scavenge" contextid="40" durationms="1.265" usertimems="0.000" systemtimems="0.000" timestamp="2019-07-02T19:17:30.958" activeThreads="4">
  <mem-info id="45" free="6257632" total="8388608" percent="74">
    <mem type="nursery" free="783096" total="2097152" percent="37">
      <mem type="allocate" free="783096" total="1048576" percent="74" />
      <mem type="survivor" free="0" total="1048576" percent="0" />
    </mem>
    <mem type="tenure" free="5474536" total="6291456" percent="87">
      <mem type="soa" free="5160168" total="5977088" percent="86" />
      <mem type="loa" free="314368" total="314368" percent="100" />
    </mem>
    <pending-finalizers system="0" default="0" reference="69" classloader="0" />
    <remembered-set count="218" />
  </mem-info>
</gc-end>
<cycle-end id="46" type="scavenge" contextid="40" timestamp="2019-07-02T19:17:30.958">
  <attribute name="GC Util" value="1" />
  <attribute name="CPU Util" value="104" />
  <attribute name="Time Running"value="186"/>
  <attribute name="Number of cores"value="4"/>
</cycle-end>
<allocation-satisfied id="47" threadId="00000000006D9700" bytesRequested="2056" />
<af-end id="48" timestamp="2019-07-02T19:17:30.958" threadId="00000000006DA088" success="true" from="nursery"/>
<exclusive-end id="49" timestamp="2019-07-02T19:17:30.958" durationms="1.664" />

<exclusive-start id="50" timestamp="2019-07-02T19:17:31.004" intervalms="47.430">
  <response-info timems="0.021" idlems="0.021" threads="0" lastid="00000000006D9700" lastname="main" />
</exclusive-start>
<af-start id="51" threadId="00000000006DA088" totalBytesRequested="28144" timestamp="2019-07-02T19:17:31.004" intervalms="47.429" type="nursery" />
<cycle-start id="52" type="scavenge" contextid="0" timestamp="2019-07-02T19:17:31.004" intervalms="47.439" />
  <attribute name="GC Util" value="1" />
  <attribute name="CPU Util" value="104" />
  <attribute name="Time Running"value="186"/>
  <attribute name="Number of cores"value="4"/>
<gc-start id="53" type="scavenge" contextid="52" timestamp="2019-07-02T19:17:31.004">
  <mem-info id="54" free="5473184" total="8388608" percent="65">
    <mem type="nursery" free="0" total="2097152" percent="0">
      <mem type="allocate" free="0" total="1048576" percent="0" />
      <mem type="survivor" free="0" total="1048576" percent="0" />
    </mem>
    <mem type="tenure" free="5473184" total="6291456" percent="86">
      <mem type="soa" free="5158816" total="5977088" percent="86" />
      <mem type="loa" free="314368" total="314368" percent="100" />
    </mem>
    <remembered-set count="243" />
  </mem-info>
</gc-start>
<allocation-stats totalBytes="775224" >
  <allocated-bytes non-tlh="329664" tlh="445560" />
  <largest-consumer threadName="main" threadId="00000000006D9700" bytes="775224" />
</allocation-stats>
<gc-op id="55" type="scavenge" timems="0.496" contextid="52" timestamp="2019-07-02T19:17:31.005">
  <scavenger-info tenureage="3" tenuremask="ffe8" tiltratio="50" />
  <memory-copied type="nursery" objects="968" bytes="538168" bytesdiscarded="151504" />
  <memory-copied type="tenure" objects="328" bytes="17248" bytesdiscarded="0" />
  <finalization candidates="3" enqueued="1" />
  <references type="soft" candidates="4" cleared="0" enqueued="0" dynamicThreshold="32" maxThreshold="32" />
  <references type="weak" candidates="6" cleared="5" enqueued="5" />
  <references type="phantom" candidates="26" cleared="3" enqueued="3" />
</gc-op>
<gc-end id="56" type="scavenge" contextid="52" durationms="0.636" usertimems="0.000" systemtimems="0.000" timestamp="2019-07-02T19:17:31.005" activeThreads="4">
  <mem-info id="57" free="5792832" total="8388608" percent="69">
    <mem type="nursery" free="358816" total="2097152" percent="17">
      <mem type="allocate" free="358816" total="1048576" percent="34" />
      <mem type="survivor" free="0" total="1048576" percent="0" />
    </mem>
    <mem type="tenure" free="5434016" total="6291456" percent="86">
      <mem type="soa" free="5119648" total="5977088" percent="85" />
      <mem type="loa" free="314368" total="314368" percent="100" />
    </mem>
    <pending-finalizers system="1" default="0" reference="8" classloader="0" />
    <remembered-set count="184" />
  </mem-info>
</gc-end>
<cycle-end id="58" type="scavenge" contextid="52" timestamp="2019-07-02T19:17:31.005">
  <attribute name="GC Util" value="4" />
  <attribute name="CPU Util" value="107" />
  <attribute name="Time Running"value="233"/>
  <attribute name="Number of cores"value="4"/>
</cycle-end>
<allocation-satisfied id="59" threadId="00000000006D9700" bytesRequested="28144" />
<af-end id="60" timestamp="2019-07-02T19:17:31.005" threadId="00000000006DA088" success="true" from="nursery"/>
<exclusive-end id="61" timestamp="2019-07-02T19:17:31.005" durationms="1.008" />

<exclusive-start id="62" timestamp="2019-07-02T19:17:31.016" intervalms="11.895">
  <response-info timems="0.063" idlems="0.063" threads="0" lastid="00000000006D9700" lastname="main" />
</exclusive-start>
<af-start id="63" threadId="00000000006DA088" totalBytesRequested="13744" timestamp="2019-07-02T19:17:31.016" intervalms="11.909" type="nursery" />
<cycle-start id="64" type="scavenge" contextid="0" timestamp="2019-07-02T19:17:31.016" intervalms="11.895" />
  <attribute name="GC Util" value="4" />
  <attribute name="CPU Util" value="107" />
  <attribute name="Time Running"value="233"/>
  <attribute name="Number of cores"value="4"/>
<gc-start id="65" type="scavenge" contextid="64" timestamp="2019-07-02T19:17:31.016">
  <mem-info id="66" free="5428936" total="8388608" percent="64">
    <mem type="nursery" free="0" total="2097152" percent="0">
      <mem type="allocate" free="0" total="1048576" percent="0" />
      <mem type="survivor" free="0" total="1048576" percent="0" />
    </mem>
    <mem type="tenure" free="5428936" total="6291456" percent="86">
      <mem type="soa" free="5114568" total="5977088" percent="85" />
      <mem type="loa" free="314368" total="314368" percent="100" />
    </mem>
    <remembered-set count="247" />
  </mem-info>
</gc-start>
<allocation-stats totalBytes="351448" >
  <allocated-bytes non-tlh="33224" tlh="318224" />
  <largest-consumer threadName="main" threadId="00000000006D9700" bytes="347352" />
</allocation-stats>
<gc-op id="67" type="scavenge" timems="0.362" contextid="64" timestamp="2019-07-02T19:17:31.017">
  <scavenger-info tenureage="6" tenuremask="7fc0" tiltratio="50" />
  <memory-copied type="nursery" objects="1630" bytes="588112" bytesdiscarded="137656" />
  <finalization candidates="2" enqueued="0" />
  <references type="soft" candidates="11" cleared="0" enqueued="0" dynamicThreshold="32" maxThreshold="32" />
  <references type="weak" candidates="32" cleared="31" enqueued="31" />
  <references type="phantom" candidates="29" cleared="1" enqueued="1" />
</gc-op>
<gc-end id="68" type="scavenge" contextid="64" durationms="0.510" usertimems="0.000" systemtimems="0.000" timestamp="2019-07-02T19:17:31.017" activeThreads="4">
  <mem-info id="69" free="5751648" total="8388608" percent="68">
    <mem type="nursery" free="322712" total="2097152" percent="15">
      <mem type="allocate" free="322712" total="1048576" percent="30" />
      <mem type="survivor" free="0" total="1048576" percent="0" />
    </mem>
    <mem type="tenure" free="5428936" total="6291456" percent="86">
      <mem type="soa" free="5114568" total="5977088" percent="85" />
      <mem type="loa" free="314368" total="314368" percent="100" />
    </mem>
    <pending-finalizers system="0" default="0" reference="32" classloader="0" />
    <remembered-set count="179" />
  </mem-info>
</gc-end>
<cycle-end id="70" type="scavenge" contextid="64" timestamp="2019-07-02T19:17:31.017">
  <attribute name="GC Util" value="6" />
  <attribute name="CPU Util" value="1" />
  <attribute name="Time Running"value="245"/>
  <attribute name="Number of cores"value="4"/>
</cycle-end>
<allocation-satisfied id="71" threadId="00000000006D9700" bytesRequested="13744" />
<af-end id="72" timestamp="2019-07-02T19:17:31.017" threadId="00000000006DA088" success="true" from="nursery"/>
<exclusive-end id="73" timestamp="2019-07-02T19:17:31.017" durationms="0.909" />

<exclusive-start id="74" timestamp="2019-07-02T19:17:31.026" intervalms="9.556">
  <response-info timems="0.021" idlems="0.021" threads="0" lastid="00000000006D9700" lastname="main" />
</exclusive-start>
<af-start id="75" threadId="00000000006DA088" totalBytesRequested="7176" timestamp="2019-07-02T19:17:31.026" intervalms="9.552" type="nursery" />
<cycle-start id="76" type="scavenge" contextid="0" timestamp="2019-07-02T19:17:31.026" intervalms="9.584" />
  <attribute name="GC Util" value="6" />
  <attribute name="CPU Util" value="1" />
  <attribute name="Time Running"value="245"/>
  <attribute name="Number of cores"value="4"/>
<gc-start id="77" type="scavenge" contextid="76" timestamp="2019-07-02T19:17:31.026">
  <mem-info id="78" free="5423472" total="8388608" percent="64">
    <mem type="nursery" free="0" total="2097152" percent="0">
      <mem type="allocate" free="0" total="1048576" percent="0" />
      <mem type="survivor" free="0" total="1048576" percent="0" />
    </mem>
    <mem type="tenure" free="5423472" total="6291456" percent="86">
      <mem type="soa" free="5109104" total="5977088" percent="85" />
      <mem type="loa" free="314368" total="314368" percent="100" />
    </mem>
    <remembered-set count="240" />
  </mem-info>
</gc-start>
<allocation-stats totalBytes="326344" >
  <allocated-bytes non-tlh="19208" tlh="307136" />
  <largest-consumer threadName="main" threadId="00000000006D9700" bytes="322248" />
</allocation-stats>
<gc-op id="79" type="scavenge" timems="0.345" contextid="76" timestamp="2019-07-02T19:17:31.026">
  <scavenger-info tenureage="5" tenuremask="ffe0" tiltratio="50" />
  <memory-copied type="nursery" objects="1592" bytes="608944" bytesdiscarded="77000" />
  <finalization candidates="2" enqueued="0" />
  <references type="soft" candidates="11" cleared="0" enqueued="0" dynamicThreshold="32" maxThreshold="32" />
  <references type="weak" candidates="8" cleared="6" enqueued="6" />
  <references type="phantom" candidates="29" cleared="0" enqueued="0" />
</gc-op>
<gc-end id="80" type="scavenge" contextid="76" durationms="0.498" usertimems="0.000" systemtimems="0.000" timestamp="2019-07-02T19:17:31.026" activeThreads="4">
  <mem-info id="81" free="5786000" total="8388608" percent="68">
    <mem type="nursery" free="362528" total="2097152" percent="17">
      <mem type="allocate" free="362528" total="1048576" percent="34" />
      <mem type="survivor" free="0" total="1048576" percent="0" />
    </mem>
    <mem type="tenure" free="5423472" total="6291456" percent="86">
      <mem type="soa" free="5109104" total="5977088" percent="85" />
      <mem type="loa" free="314368" total="314368" percent="100" />
    </mem>
    <pending-finalizers system="0" default="0" reference="6" classloader="0" />
    <remembered-set count="217" />
  </mem-info>
</gc-end>
<cycle-end id="82" type="scavenge" contextid="76" timestamp="2019-07-02T19:17:31.026">
  <attribute name="GC Util" value="7" />
  <attribute name="CPU Util" value="98" />
  <attribute name="Time Running"value="254"/>
  <attribute name="Number of cores"value="4"/>
</cycle-end>
<allocation-satisfied id="83" threadId="00000000006D9700" bytesRequested="7176" />
<af-end id="84" timestamp="2019-07-02T19:17:31.026" threadId="00000000006DA088" success="true" from="nursery"/>
<exclusive-end id="85" timestamp="2019-07-02T19:17:31.026" durationms="0.909" />

<exclusive-start id="86" timestamp="2019-07-02T19:17:31.036" intervalms="10.905">
  <response-info timems="0.020" idlems="0.020" threads="0" lastid="00000000006D9700" lastname="main" />
</exclusive-start>
<af-start id="87" threadId="00000000006DA088" totalBytesRequested="944" timestamp="2019-07-02T19:17:31.037" intervalms="10.876" type="nursery" />
<cycle-start id="88" type="scavenge" contextid="0" timestamp="2019-07-02T19:17:31.037" intervalms="10.843" />
  <attribute name="GC Util" value="7" />
  <attribute name="CPU Util" value="98" />
  <attribute name="Time Running"value="254"/>
  <attribute name="Number of cores"value="4"/>
<gc-start id="89" type="scavenge" contextid="88" timestamp="2019-07-02T19:17:31.037">
  <mem-info id="90" free="5416344" total="8388608" percent="64">
    <mem type="nursery" free="0" total="2097152" percent="0">
      <mem type="allocate" free="0" total="1048576" percent="0" />
      <mem type="survivor" free="0" total="1048576" percent="0" />
    </mem>
    <mem type="tenure" free="5416344" total="6291456" percent="86">
      <mem type="soa" free="5101976" total="5977088" percent="85" />
      <mem type="loa" free="314368" total="314368" percent="100" />
    </mem>
    <remembered-set count="295" />
  </mem-info>
</gc-start>
<allocation-stats totalBytes="363720" >
  <allocated-bytes non-tlh="36680" tlh="327040" />
  <largest-consumer threadName="main" threadId="00000000006D9700" bytes="363720" />
</allocation-stats>
<gc-op id="91" type="scavenge" timems="0.469" contextid="88" timestamp="2019-07-02T19:17:31.037">
  <scavenger-info tenureage="3" tenuremask="fff8" tiltratio="50" />
  <memory-copied type="nursery" objects="751" bytes="75336" bytesdiscarded="31128" />
  <memory-copied type="tenure" objects="912" bytes="510080" bytesdiscarded="96" />
  <finalization candidates="2" enqueued="0" />
  <references type="soft" candidates="7" cleared="0" enqueued="0" dynamicThreshold="32" maxThreshold="32" />
  <references type="weak" candidates="6" cleared="6" enqueued="6" />
  <references type="phantom" candidates="5" cleared="0" enqueued="0" />
</gc-op>
<gc-end id="92" type="scavenge" contextid="88" durationms="0.653" usertimems="0.000" systemtimems="0.000" timestamp="2019-07-02T19:17:31.037" activeThreads="4">
  <mem-info id="93" free="5923672" total="8388608" percent="70">
    <mem type="nursery" free="1007632" total="2097152" percent="48">
      <mem type="allocate" free="1007632" total="1114112" percent="90" />
      <mem type="survivor" free="0" total="983040" percent="0" />
    </mem>
    <mem type="tenure" free="4916040" total="6291456" percent="78">
      <mem type="soa" free="4601672" total="5977088" percent="76" />
      <mem type="loa" free="314368" total="314368" percent="100" />
    </mem>
    <pending-finalizers system="0" default="0" reference="6" classloader="0" />
    <remembered-set count="245" />
  </mem-info>
</gc-end>
<cycle-end id="94" type="scavenge" contextid="88" timestamp="2019-07-02T19:17:31.037">
  <attribute name="GC Util" value="6" />
  <attribute name="CPU Util" value="1706699368936" />
  <attribute name="Time Running"value="265"/>
  <attribute name="Number of cores"value="4"/>
</cycle-end>
<allocation-satisfied id="95" threadId="00000000006D9700" bytesRequested="944" />
<af-end id="96" timestamp="2019-07-02T19:17:31.037" threadId="00000000006DA088" success="true" from="nursery"/>
<exclusive-end id="97" timestamp="2019-07-02T19:17:31.037" durationms="0.991" />

<exclusive-start id="98" timestamp="2019-07-02T19:17:31.056" intervalms="19.120">
  <response-info timems="0.020" idlems="0.020" threads="0" lastid="00000000006D9700" lastname="main" />
</exclusive-start>
<af-start id="99" threadId="00000000006DA088" totalBytesRequested="7176" timestamp="2019-07-02T19:17:31.056" intervalms="19.127" type="nursery" />
<cycle-start id="100" type="scavenge" contextid="0" timestamp="2019-07-02T19:17:31.056" intervalms="19.134" />
  <attribute name="GC Util" value="6" />
  <attribute name="CPU Util" value="1706699368936" />
  <attribute name="Time Running"value="265"/>
  <attribute name="Number of cores"value="4"/>
<gc-start id="101" type="scavenge" contextid="100" timestamp="2019-07-02T19:17:31.056">
  <mem-info id="102" free="4899768" total="8388608" percent="58">
    <mem type="nursery" free="0" total="2097152" percent="0">
      <mem type="allocate" free="0" total="1114112" percent="0" />
      <mem type="survivor" free="0" total="983040" percent="0" />
    </mem>
    <mem type="tenure" free="4899768" total="6291456" percent="77">
      <mem type="soa" free="4585400" total="5977088" percent="76" />
      <mem type="loa" free="314368" total="314368" percent="100" />
    </mem>
    <remembered-set count="459" />
  </mem-info>
</gc-start>
<allocation-stats totalBytes="990144" >
  <allocated-bytes non-tlh="17216" tlh="972928" />
  <largest-consumer threadName="main" threadId="00000000006D9700" bytes="990144" />
</allocation-stats>
<gc-op id="103" type="scavenge" timems="0.388" contextid="100" timestamp="2019-07-02T19:17:31.056">
  <scavenger-info tenureage="3" tenuremask="ffe8" tiltratio="53" />
  <memory-copied type="nursery" objects="416" bytes="24424" bytesdiscarded="95064" />
  <memory-copied type="tenure" objects="575" bytes="69040" bytesdiscarded="0" />
  <references type="weak" candidates="7" cleared="6" enqueued="6" />
  <references type="phantom" candidates="1" cleared="0" enqueued="0" />
</gc-op>
<gc-end id="104" type="scavenge" contextid="100" durationms="0.543" usertimems="0.000" systemtimems="0.000" timestamp="2019-07-02T19:17:31.056" activeThreads="4">
  <mem-info id="105" free="5986288" total="8388608" percent="71">
    <mem type="nursery" free="1125688" total="2097152" percent="53">
      <mem type="allocate" free="1125688" total="1245184" percent="90" />
      <mem type="survivor" free="0" total="851968" percent="0" />
    </mem>
    <mem type="tenure" free="4860600" total="6291456" percent="77">
      <mem type="soa" free="4546232" total="5977088" percent="76" />
      <mem type="loa" free="314368" total="314368" percent="100" />
    </mem>
    <pending-finalizers system="0" default="0" reference="6" classloader="0" />
    <remembered-set count="393" />
  </mem-info>
</gc-end>
<cycle-end id="106" type="scavenge" contextid="100" timestamp="2019-07-02T19:17:31.056">
  <attribute name="GC Util" value="4" />
  <attribute name="CPU Util" value="41" />
  <attribute name="Time Running"value="284"/>
  <attribute name="Number of cores"value="4"/>
</cycle-end>
<allocation-satisfied id="107" threadId="00000000006D9700" bytesRequested="7176" />
<af-end id="108" timestamp="2019-07-02T19:17:31.056" threadId="00000000006DA088" success="true" from="nursery"/>
<exclusive-end id="109" timestamp="2019-07-02T19:17:31.056" durationms="0.896" />

<exclusive-start id="110" timestamp="2019-07-02T19:17:31.079" intervalms="23.187">
  <response-info timems="0.022" idlems="0.022" threads="0" lastid="00000000006D9700" lastname="main" />
</exclusive-start>
<af-start id="111" threadId="00000000006DA088" totalBytesRequested="3080" timestamp="2019-07-02T19:17:31.079" intervalms="23.197" type="nursery" />
<cycle-start id="112" type="scavenge" contextid="0" timestamp="2019-07-02T19:17:31.079" intervalms="23.193" />
  <attribute name="GC Util" value="4" />
  <attribute name="CPU Util" value="41" />
  <attribute name="Time Running"value="284"/>
  <attribute name="Number of cores"value="4"/>
<gc-start id="113" type="scavenge" contextid="112" timestamp="2019-07-02T19:17:31.079">
  <mem-info id="114" free="4846224" total="8388608" percent="57">
    <mem type="nursery" free="0" total="2097152" percent="0">
      <mem type="allocate" free="0" total="1245184" percent="0" />
      <mem type="survivor" free="0" total="851968" percent="0" />
    </mem>
    <mem type="tenure" free="4846224" total="6291456" percent="77">
      <mem type="soa" free="4531856" total="5977088" percent="75" />
      <mem type="loa" free="314368" total="314368" percent="100" />
    </mem>
    <remembered-set count="585" />
  </mem-info>
</gc-start>
<allocation-stats totalBytes="1136304" >
  <allocated-bytes non-tlh="21552" tlh="1114752" />
  <largest-consumer threadName="main" threadId="00000000006D9700" bytes="1136304" />
</allocation-stats>
<gc-op id="115" type="scavenge" timems="0.360" contextid="112" timestamp="2019-07-02T19:17:31.079">
  <scavenger-info tenureage="3" tenuremask="ffe8" tiltratio="59" />
  <memory-copied type="nursery" objects="1055" bytes="51464" bytesdiscarded="27888" />
  <memory-copied type="tenure" objects="57" bytes="1792" bytesdiscarded="0" />
  <finalization candidates="1" enqueued="0" />
  <references type="soft" candidates="1" cleared="0" enqueued="0" dynamicThreshold="32" maxThreshold="32" />
  <references type="weak" candidates="9" cleared="7" enqueued="7" />
  <references type="phantom" candidates="4" cleared="1" enqueued="1" />
</gc-op>
<gc-end id="116" type="scavenge" contextid="112" durationms="0.508" usertimems="0.000" systemtimems="0.000" timestamp="2019-07-02T19:17:31.079" activeThreads="4">
  <mem-info id="117" free="6208648" total="8388608" percent="74">
    <mem type="nursery" free="1362424" total="2097152" percent="64">
      <mem type="allocate" free="1362424" total="1441792" percent="94" />
      <mem type="survivor" free="0" total="655360" percent="0" />
    </mem>
    <mem type="tenure" free="4846224" total="6291456" percent="77">
      <mem type="soa" free="4531856" total="5977088" percent="75" />
      <mem type="loa" free="314368" total="314368" percent="100" />
    </mem>
    <pending-finalizers system="0" default="0" reference="8" classloader="0" />
    <remembered-set count="511" />
  </mem-info>
</gc-end>
<cycle-end id="118" type="scavenge" contextid="112" timestamp="2019-07-02T19:17:31.080">
  <attribute name="GC Util" value="3" />
  <attribute name="CPU Util" value="117" />
  <attribute name="Time Running"value="308"/>
  <attribute name="Number of cores"value="4"/>
</cycle-end>
<allocation-satisfied id="119" threadId="00000000006D9700" bytesRequested="3080" />
<af-end id="120" timestamp="2019-07-02T19:17:31.080" threadId="00000000006DA088" success="true" from="nursery"/>
<exclusive-end id="121" timestamp="2019-07-02T19:17:31.080" durationms="0.852" />

<exclusive-start id="122" timestamp="2019-07-02T19:17:31.105" intervalms="25.876">
  <response-info timems="0.024" idlems="0.024" threads="0" lastid="00000000006D9700" lastname="main" />
</exclusive-start>
<af-start id="123" threadId="00000000006DA088" totalBytesRequested="22872" timestamp="2019-07-02T19:17:31.105" intervalms="25.879" type="nursery" />
<cycle-start id="124" type="scavenge" contextid="0" timestamp="2019-07-02T19:17:31.105" intervalms="25.880" />
  <attribute name="GC Util" value="3" />
  <attribute name="CPU Util" value="117" />
  <attribute name="Time Running"value="308"/>
  <attribute name="Number of cores"value="4"/>
<gc-start id="125" type="scavenge" contextid="124" timestamp="2019-07-02T19:17:31.105">
  <mem-info id="126" free="4821560" total="8388608" percent="57">
    <mem type="nursery" free="0" total="2097152" percent="0">
      <mem type="allocate" free="0" total="1441792" percent="0" />
      <mem type="survivor" free="0" total="655360" percent="0" />
    </mem>
    <mem type="tenure" free="4821560" total="6291456" percent="76">
      <mem type="soa" free="4507192" total="5977088" percent="75" />
      <mem type="loa" free="314368" total="314368" percent="100" />
    </mem>
    <remembered-set count="751" />
  </mem-info>
</gc-start>
<allocation-stats totalBytes="1358184" >
  <allocated-bytes non-tlh="109008" tlh="1249176" />
  <largest-consumer threadName="main" threadId="00000000006D9700" bytes="1354088" />
</allocation-stats>
<gc-op id="127" type="scavenge" timems="0.355" contextid="124" timestamp="2019-07-02T19:17:31.105">
  <scavenger-info tenureage="5" tenuremask="ffe0" tiltratio="68" />
  <memory-copied type="nursery" objects="1215" bytes="82608" bytesdiscarded="11072" />
  <finalization candidates="1" enqueued="0" />
  <references type="soft" candidates="1" cleared="0" enqueued="0" dynamicThreshold="32" maxThreshold="32" />
  <references type="weak" candidates="5" cleared="3" enqueued="3" />
  <references type="phantom" candidates="3" cleared="0" enqueued="0" />
</gc-op>
<gc-end id="128" type="scavenge" contextid="124" durationms="0.500" usertimems="4.000" systemtimems="0.000" timestamp="2019-07-02T19:17:31.105" activeThreads="4">
  <mem-info id="129" free="6235184" total="8388608" percent="74">
    <mem type="nursery" free="1413624" total="2097152" percent="67">
      <mem type="allocate" free="1413624" total="1507328" percent="93" />
      <mem type="survivor" free="0" total="589824" percent="0" />
    </mem>
    <mem type="tenure" free="4821560" total="6291456" percent="76">
      <mem type="soa" free="4507192" total="5977088" percent="75" />
      <mem type="loa" free="314368" total="314368" percent="100" />
    </mem>
    <pending-finalizers system="0" default="0" reference="3" classloader="0" />
    <remembered-set count="568" />
  </mem-info>
</gc-end>
<cycle-end id="130" type="scavenge" contextid="124" timestamp="2019-07-02T19:17:31.105">
  <attribute name="GC Util" value="2" />
  <attribute name="CPU Util" value="102" />
  <attribute name="Time Running"value="333"/>
  <attribute name="Number of cores"value="4"/>
</cycle-end>
<allocation-satisfied id="131" threadId="00000000006D9700" bytesRequested="22872" />
<af-end id="132" timestamp="2019-07-02T19:17:31.105" threadId="00000000006DA088" success="true" from="nursery"/>
<exclusive-end id="133" timestamp="2019-07-02T19:17:31.106" durationms="0.853" />

<exclusive-start id="134" timestamp="2019-07-02T19:17:31.142" intervalms="37.301">
  <response-info timems="0.017" idlems="0.017" threads="0" lastid="00000000006D9700" lastname="main" />
</exclusive-start>
<af-start id="135" threadId="00000000006DA088" totalBytesRequested="9984" timestamp="2019-07-02T19:17:31.142" intervalms="37.294" type="nursery" />
<cycle-start id="136" type="scavenge" contextid="0" timestamp="2019-07-02T19:17:31.142" intervalms="37.298" />
  <attribute name="GC Util" value="2" />
  <attribute name="CPU Util" value="102" />
  <attribute name="Time Running"value="333"/>
  <attribute name="Number of cores"value="4"/>
<gc-start id="137" type="scavenge" contextid="136" timestamp="2019-07-02T19:17:31.142">
  <mem-info id="138" free="4788792" total="8388608" percent="57">
    <mem type="nursery" free="0" total="2097152" percent="0">
      <mem type="allocate" free="0" total="1507328" percent="0" />
      <mem type="survivor" free="0" total="589824" percent="0" />
    </mem>
    <mem type="tenure" free="4788792" total="6291456" percent="76">
      <mem type="soa" free="4474424" total="5977088" percent="74" />
      <mem type="loa" free="314368" total="314368" percent="100" />
    </mem>
    <remembered-set count="958" />
  </mem-info>
</gc-start>
<allocation-stats totalBytes="1435432" >
  <allocated-bytes non-tlh="121184" tlh="1314248" />
  <largest-consumer threadName="main" threadId="00000000006D9700" bytes="1435432" />
</allocation-stats>
<gc-op id="139" type="scavenge" timems="0.441" contextid="136" timestamp="2019-07-02T19:17:31.143">
  <scavenger-info tenureage="3" tenuremask="fff8" tiltratio="71" />
  <memory-copied type="nursery" objects="1382" bytes="153472" bytesdiscarded="67352" />
  <memory-copied type="tenure" objects="289" bytes="9144" bytesdiscarded="0" />
  <finalization candidates="1" enqueued="0" />
  <references type="soft" candidates="1" cleared="0" enqueued="0" dynamicThreshold="32" maxThreshold="32" />
  <references type="weak" candidates="14" cleared="12" enqueued="12" />
  <references type="phantom" candidates="4" cleared="0" enqueued="0" />
</gc-op>
<gc-end id="140" type="scavenge" contextid="136" durationms="0.606" usertimems="0.000" systemtimems="0.000" timestamp="2019-07-02T19:17:31.143" activeThreads="4">
  <mem-info id="141" free="6140712" total="8388608" percent="73">
    <mem type="nursery" free="1351920" total="2097152" percent="64">
      <mem type="allocate" free="1351920" total="1572864" percent="85" />
      <mem type="survivor" free="0" total="524288" percent="0" />
    </mem>
    <mem type="tenure" free="4788792" total="6291456" percent="76">
      <mem type="soa" free="4474424" total="5977088" percent="74" />
      <mem type="loa" free="314368" total="314368" percent="100" />
    </mem>
    <pending-finalizers system="0" default="0" reference="12" classloader="0" />
    <remembered-set count="765" />
  </mem-info>
</gc-end>
<cycle-end id="142" type="scavenge" contextid="136" timestamp="2019-07-02T19:17:31.143">
  <attribute name="GC Util" value="1" />
  <attribute name="CPU Util" value="122" />
  <attribute name="Time Running"value="371"/>
  <attribute name="Number of cores"value="4"/>
</cycle-end>
<allocation-satisfied id="143" threadId="00000000006D9700" bytesRequested="9984" />
<af-end id="144" timestamp="2019-07-02T19:17:31.143" threadId="00000000006DA088" success="true" from="nursery"/>
<exclusive-end id="145" timestamp="2019-07-02T19:17:31.143" durationms="0.958" />

<exclusive-start id="146" timestamp="2019-07-02T19:17:31.167" intervalms="25.374">
  <response-info timems="0.021" idlems="0.021" threads="0" lastid="00000000006D9700" lastname="main" />
</exclusive-start>
<af-start id="147" threadId="00000000006DA088" totalBytesRequested="19408" timestamp="2019-07-02T19:17:31.167" intervalms="25.371" type="nursery" />
<cycle-start id="148" type="scavenge" contextid="0" timestamp="2019-07-02T19:17:31.167" intervalms="25.371" />
  <attribute name="GC Util" value="1" />
  <attribute name="CPU Util" value="122" />
  <attribute name="Time Running"value="371"/>
  <attribute name="Number of cores"value="4"/>
<gc-start id="149" type="scavenge" contextid="148" timestamp="2019-07-02T19:17:31.168">
  <mem-info id="150" free="4772496" total="8388608" percent="56">
    <mem type="nursery" free="0" total="2097152" percent="0">
      <mem type="allocate" free="0" total="1572864" percent="0" />
      <mem type="survivor" free="0" total="524288" percent="0" />
    </mem>
    <mem type="tenure" free="4772496" total="6291456" percent="75">
      <mem type="soa" free="4458128" total="5977088" percent="74" />
      <mem type="loa" free="314368" total="314368" percent="100" />
    </mem>
    <remembered-set count="958" />
  </mem-info>
</gc-start>
<allocation-stats totalBytes="1298392" >
  <allocated-bytes non-tlh="91824" tlh="1206568" />
  <largest-consumer threadName="main" threadId="00000000006D9700" bytes="1298392" />
</allocation-stats>
<gc-op id="151" type="scavenge" timems="0.451" contextid="148" timestamp="2019-07-02T19:17:31.168">
  <scavenger-info tenureage="6" tenuremask="ffc0" tiltratio="75" />
  <memory-copied type="nursery" objects="1691" bytes="247784" bytesdiscarded="116664" />
  <finalization candidates="1" enqueued="0" />
  <references type="soft" candidates="7" cleared="0" enqueued="0" dynamicThreshold="32" maxThreshold="32" />
  <references type="weak" candidates="11" cleared="9" enqueued="9" />
  <references type="phantom" candidates="4" cleared="0" enqueued="0" />
</gc-op>
<gc-end id="152" type="scavenge" contextid="148" durationms="0.613" usertimems="0.000" systemtimems="0.000" timestamp="2019-07-02T19:17:31.168" activeThreads="4">
  <mem-info id="153" free="5980792" total="8388608" percent="71">
    <mem type="nursery" free="1208296" total="2097152" percent="57">
      <mem type="allocate" free="1208296" total="1572864" percent="76" />
      <mem type="survivor" free="0" total="524288" percent="0" />
    </mem>
    <mem type="tenure" free="4772496" total="6291456" percent="75">
      <mem type="soa" free="4458128" total="5977088" percent="74" />
      <mem type="loa" free="314368" total="314368" percent="100" />
    </mem>
    <pending-finalizers system="0" default="0" reference="9" classloader="0" />
    <remembered-set count="802" />
  </mem-info>
</gc-end>
<cycle-end id="154" type="scavenge" contextid="148" timestamp="2019-07-02T19:17:31.168">
  <attribute name="GC Util" value="3" />
  <attribute name="CPU Util" value="98" />
  <attribute name="Time Running"value="396"/>
  <attribute name="Number of cores"value="4"/>
</cycle-end>
<allocation-satisfied id="155" threadId="00000000006D9700" bytesRequested="19408" />
<af-end id="156" timestamp="2019-07-02T19:17:31.168" threadId="00000000006DA088" success="true" from="nursery"/>
<exclusive-end id="157" timestamp="2019-07-02T19:17:31.168" durationms="0.957" />

<exclusive-start id="158" timestamp="2019-07-02T19:17:31.213" intervalms="45.928">
  <response-info timems="0.034" idlems="0.034" threads="0" lastid="00000000006D9700" lastname="main" />
</exclusive-start>
<af-start id="159" threadId="00000000006DA088" totalBytesRequested="2008" timestamp="2019-07-02T19:17:31.213" intervalms="45.996" type="nursery" />
<cycle-start id="160" type="scavenge" contextid="0" timestamp="2019-07-02T19:17:31.214" intervalms="46.078" />
  <attribute name="GC Util" value="3" />
  <attribute name="CPU Util" value="98" />
  <attribute name="Time Running"value="396"/>
  <attribute name="Number of cores"value="4"/>
<gc-start id="161" type="scavenge" contextid="160" timestamp="2019-07-02T19:17:31.214">
  <mem-info id="162" free="4756504" total="8388608" percent="56">
    <mem type="nursery" free="0" total="2097152" percent="0">
      <mem type="allocate" free="0" total="1572864" percent="0" />
      <mem type="survivor" free="0" total="524288" percent="0" />
    </mem>
    <mem type="tenure" free="4756504" total="6291456" percent="75">
      <mem type="soa" free="4442136" total="5977088" percent="74" />
      <mem type="loa" free="314368" total="314368" percent="100" />
    </mem>
    <remembered-set count="1063" />
  </mem-info>
</gc-start>
<allocation-stats totalBytes="1210064" >
  <allocated-bytes non-tlh="35400" tlh="1174664" />
  <largest-consumer threadName="main" threadId="00000000006D9700" bytes="1210064" />
</allocation-stats>
<gc-op id="163" type="scavenge" timems="0.727" contextid="160" timestamp="2019-07-02T19:17:31.215">
  <scavenger-info tenureage="3" tenuremask="fff8" tiltratio="75" />
  <memory-copied type="nursery" objects="3219" bytes="287856" bytesdiscarded="38832" />
  <memory-copied type="tenure" objects="833" bytes="30688" bytesdiscarded="8" />
  <finalization candidates="2" enqueued="0" />
  <references type="soft" candidates="45" cleared="0" enqueued="0" dynamicThreshold="32" maxThreshold="32" />
  <references type="weak" candidates="2" cleared="1" enqueued="1" />
  <references type="phantom" candidates="2" cleared="0" enqueued="0" />
</gc-op>
<gc-end id="164" type="scavenge" contextid="160" durationms="1.076" usertimems="0.000" systemtimems="0.000" timestamp="2019-07-02T19:17:31.215" activeThreads="4">
  <mem-info id="165" free="6032904" total="8388608" percent="71">
    <mem type="nursery" free="1377008" total="2097152" percent="65">
      <mem type="allocate" free="1377008" total="1703936" percent="80" />
      <mem type="survivor" free="0" total="393216" percent="0" />
    </mem>
    <mem type="tenure" free="4655896" total="6291456" percent="74">
      <mem type="soa" free="4341528" total="5977088" percent="72" />
      <mem type="loa" free="314368" total="314368" percent="100" />
    </mem>
    <pending-finalizers system="0" default="0" reference="1" classloader="0" />
    <remembered-set count="647" />
  </mem-info>
</gc-end>
<cycle-end id="166" type="scavenge" contextid="160" timestamp="2019-07-02T19:17:31.215">
  <attribute name="GC Util" value="1" />
  <attribute name="CPU Util" value="117" />
  <attribute name="Time Running"value="442"/>
  <attribute name="Number of cores"value="4"/>
</cycle-end>
<allocation-satisfied id="167" threadId="00000000006D9700" bytesRequested="2008" />
<af-end id="168" timestamp="2019-07-02T19:17:31.215" threadId="00000000006DA088" success="true" from="nursery"/>
<exclusive-end id="169" timestamp="2019-07-02T19:17:31.215" durationms="1.782" />

<exclusive-start id="170" timestamp="2019-07-02T19:17:31.268" intervalms="54.303">
  <response-info timems="0.028" idlems="0.028" threads="0" lastid="00000000006D9700" lastname="main" />
</exclusive-start>
<af-start id="171" threadId="00000000006DA088" totalBytesRequested="10032" timestamp="2019-07-02T19:17:31.268" intervalms="54.304" type="nursery" />
<cycle-start id="172" type="scavenge" contextid="0" timestamp="2019-07-02T19:17:31.268" intervalms="54.271" />
  <attribute name="GC Util" value="1" />
  <attribute name="CPU Util" value="117" />
  <attribute name="Time Running"value="442"/>
  <attribute name="Number of cores"value="4"/>
<gc-start id="173" type="scavenge" contextid="172" timestamp="2019-07-02T19:17:31.268">
  <mem-info id="174" free="4653192" total="8388608" percent="55">
    <mem type="nursery" free="0" total="2097152" percent="0">
      <mem type="allocate" free="0" total="1703936" percent="0" />
      <mem type="survivor" free="0" total="393216" percent="0" />
    </mem>
    <mem type="tenure" free="4653192" total="6291456" percent="73">
      <mem type="soa" free="4338824" total="5977088" percent="72" />
      <mem type="loa" free="314368" total="314368" percent="100" />
    </mem>
    <remembered-set count="699" />
  </mem-info>
</gc-start>
<allocation-stats totalBytes="1371896" >
  <allocated-bytes non-tlh="4712" tlh="1367184" />
  <largest-consumer threadName="main" threadId="00000000006D9700" bytes="1371896" />
</allocation-stats>
<gc-op id="175" type="scavenge" timems="1.068" contextid="172" timestamp="2019-07-02T19:17:31.269">
  <scavenger-info tenureage="3" tenuremask="ffc8" tiltratio="81" />
  <memory-copied type="nursery" objects="5618" bytes="328904" bytesdiscarded="64176" />
  <memory-copied type="tenure" objects="1508" bytes="142808" bytesdiscarded="688" />
  <copy-failed type="nursery" objects="1069" bytes="41784" />
  <finalization candidates="1" enqueued="0" />
  <references type="soft" candidates="54" cleared="0" enqueued="0" dynamicThreshold="32" maxThreshold="32" />
  <references type="weak" candidates="1" cleared="0" enqueued="0" />
  <references type="phantom" candidates="1" cleared="0" enqueued="0" />
</gc-op>
<gc-end id="176" type="scavenge" contextid="172" durationms="1.359" usertimems="4.000" systemtimems="0.000" timestamp="2019-07-02T19:17:31.269" activeThreads="4">
  <mem-info id="177" free="5719256" total="8388608" percent="68">
    <mem type="nursery" free="1179648" total="2097152" percent="56">
      <mem type="allocate" free="1179648" total="1572864" percent="75" />
      <mem type="survivor" free="0" total="524288" percent="0" />
    </mem>
    <mem type="tenure" free="4539608" total="6291456" percent="72">
      <mem type="soa" free="4225240" total="5977088" percent="70" />
      <mem type="loa" free="314368" total="314368" percent="100" />
    </mem>
    <remembered-set count="673" />
  </mem-info>
</gc-end>
<cycle-end id="178" type="scavenge" contextid="172" timestamp="2019-07-02T19:17:31.269">
  <attribute name="GC Util" value="2" />
  <attribute name="CPU Util" value="152" />
  <attribute name="Time Running"value="497"/>
  <attribute name="Number of cores"value="4"/>
</cycle-end>
<allocation-satisfied id="179" threadId="00000000006D9700" bytesRequested="10032" />
<af-end id="180" timestamp="2019-07-02T19:17:31.269" threadId="00000000006DA088" success="true" from="nursery"/>
<exclusive-end id="181" timestamp="2019-07-02T19:17:31.270" durationms="1.942" />

<exclusive-start id="182" timestamp="2019-07-02T19:17:31.291" intervalms="23.390">
  <response-info timems="0.051" idlems="0.051" threads="0" lastid="00000000006D9700" lastname="main" />
</exclusive-start>
<sys-start reason="explicit" id="183" timestamp="2019-07-02T19:17:31.291" intervalms="623.596" />
<cycle-start id="184" type="global" contextid="0" timestamp="2019-07-02T19:17:31.291" intervalms="623.825" />
  <attribute name="GC Util" value="2" />
  <attribute name="CPU Util" value="152" />
  <attribute name="Time Running"value="497"/>
  <attribute name="Number of cores"value="4"/>
<gc-start id="185" type="global" contextid="184" timestamp="2019-07-02T19:17:31.291">
  <mem-info id="186" free="5013096" total="8388608" percent="59">
    <mem type="nursery" free="477392" total="2097152" percent="22">
      <mem type="allocate" free="477392" total="1572864" percent="30" />
      <mem type="survivor" free="0" total="524288" percent="0" />
    </mem>
    <mem type="tenure" free="4535704" total="6291456" percent="72">
      <mem type="soa" free="4221336" total="5977088" percent="70" />
      <mem type="loa" free="314368" total="314368" percent="100" />
    </mem>
    <remembered-set count="769" />
  </mem-info>
</gc-start>
<allocation-stats totalBytes="705560" >
  <allocated-bytes non-tlh="13936" tlh="691624" />
  <largest-consumer threadName="main" threadId="00000000006D9700" bytes="693224" />
</allocation-stats>
<gc-op id="187" type="mark" timems="2.136" contextid="184" timestamp="2019-07-02T19:17:31.296">
  <trace-info objectcount="29311" scancount="23735" scanbytes="867356" />
  <finalization candidates="20" enqueued="0" />
  <references type="soft" candidates="133" cleared="0" enqueued="0" dynamicThreshold="32" maxThreshold="32" />
  <references type="weak" candidates="183" cleared="31" enqueued="22" />
  <references type="phantom" candidates="60" cleared="2" enqueued="2" />
  <stringconstants candidates="3521" cleared="22"  />
</gc-op>
<gc-op id="188" type="classunload" timems="0.035" contextid="184" timestamp="2019-07-02T19:17:31.296">
  <classunload-info classloadercandidates="19" classloadersunloaded="0" classesunloaded="0" anonymousclassesunloaded="0" quiescems="2.298" setupms="0.034" scanms="0.000" postms="0.001" />
</gc-op>
<gc-op id="189" type="sweep" timems="0.339" contextid="184" timestamp="2019-07-02T19:17:31.296" />
<gc-end id="190" type="global" contextid="184" durationms="5.049" usertimems="8.000" systemtimems="0.000" timestamp="2019-07-02T19:17:31.296" activeThreads="4">
  <mem-info id="191" free="5851176" total="8388608" percent="69">
    <mem type="nursery" free="1146088" total="2097152" percent="54">
      <mem type="allocate" free="1146088" total="1572864" percent="72" />
      <mem type="survivor" free="0" total="524288" percent="0" />
    </mem>
    <mem type="tenure" free="4705088" total="6291456" percent="74" micro-fragmented="3364" macro-fragmented="0">
      <mem type="soa" free="4390720" total="5977088" percent="73" />
      <mem type="loa" free="314368" total="314368" percent="100" />
    </mem>
    <pending-finalizers system="0" default="0" reference="24" classloader="0" />
    <remembered-set count="680" />
  </mem-info>
</gc-end>
<cycle-end id="192" type="global" contextid="184" timestamp="2019-07-02T19:17:31.296">
  <attribute name="GC Util" value="68" />
  <attribute name="CPU Util" value="8164985757086" />
  <attribute name="Time Running"value="525"/>
  <attribute name="Number of cores"value="4"/>
</cycle-end>
<sys-end id="193" timestamp="2019-07-02T19:17:31.297" />
<exclusive-end id="194" timestamp="2019-07-02T19:17:31.297" durationms="5.611" />

<exclusive-start id="195" timestamp="2019-07-02T19:17:31.315" intervalms="23.601">
  <response-info timems="0.033" idlems="0.014" threads="2" lastid="0000000000A0B200" lastname="Thread-3" />
</exclusive-start>
<af-start id="196" threadId="0000000000A0F788" totalBytesRequested="8200" timestamp="2019-07-02T19:17:31.315" intervalms="46.943" type="nursery" />
<cycle-start id="197" type="scavenge" contextid="0" timestamp="2019-07-02T19:17:31.315" intervalms="46.901" />
  <attribute name="GC Util" value="68" />
  <attribute name="CPU Util" value="8164985757086" />
  <attribute name="Time Running"value="525"/>
  <attribute name="Number of cores"value="4"/>
<gc-start id="198" type="scavenge" contextid="197" timestamp="2019-07-02T19:17:31.315">
  <mem-info id="199" free="4696496" total="8388608" percent="55">
    <mem type="nursery" free="0" total="2097152" percent="0">
      <mem type="allocate" free="0" total="1572864" percent="0" />
      <mem type="survivor" free="0" total="524288" percent="0" />
    </mem>
    <mem type="tenure" free="4696496" total="6291456" percent="74">
      <mem type="soa" free="4382128" total="5977088" percent="73" />
      <mem type="loa" free="314368" total="314368" percent="100" />
    </mem>
    <remembered-set count="800" />
  </mem-info>
</gc-start>
<allocation-stats totalBytes="1131224" >
  <allocated-bytes non-tlh="433416" tlh="697808" />
  <largest-consumer threadName="Thread-3" threadId="0000000000A0B200" bytes="491472" />
</allocation-stats>
<gc-op id="200" type="scavenge" timems="0.954" contextid="197" timestamp="2019-07-02T19:17:31.316">
  <scavenger-info tenureage="3" tenuremask="ffe8" tiltratio="75" />
  <memory-copied type="nursery" objects="8639" bytes="433416" bytesdiscarded="90528" />
  <memory-copied type="tenure" objects="268" bytes="75088" bytesdiscarded="0" />
  <finalization candidates="4" enqueued="2" />
  <references type="soft" candidates="57" cleared="0" enqueued="0" dynamicThreshold="23" maxThreshold="32" />
  <references type="weak" candidates="24" cleared="5" enqueued="5" />
  <references type="phantom" candidates="14" cleared="0" enqueued="0" />
</gc-op>
<gc-end id="201" type="scavenge" contextid="197" durationms="1.169" usertimems="4.000" systemtimems="0.000" timestamp="2019-07-02T19:17:31.316" activeThreads="4">
  <mem-info id="202" free="5595400" total="8388608" percent="66">
    <mem type="nursery" free="983040" total="2097152" percent="46">
      <mem type="allocate" free="983040" total="1507328" percent="65" />
      <mem type="survivor" free="0" total="589824" percent="0" />
    </mem>
    <mem type="tenure" free="4612360" total="6291456" percent="73">
      <mem type="soa" free="4297992" total="5977088" percent="71" />
      <mem type="loa" free="314368" total="314368" percent="100" />
    </mem>
    <pending-finalizers system="2" default="0" reference="5" classloader="0" />
    <remembered-set count="514" />
  </mem-info>
</gc-end>
<cycle-end id="203" type="scavenge" contextid="197" timestamp="2019-07-02T19:17:31.316">
  <attribute name="GC Util" value="10" />
  <attribute name="CPU Util" value="42" />
  <attribute name="Time Running"value="543"/>
  <attribute name="Number of cores"value="4"/>
</cycle-end>
<allocation-satisfied id="204" threadId="0000000000A0EE00" bytesRequested="8200" />
<af-end id="205" timestamp="2019-07-02T19:17:31.316" threadId="0000000000A0F788" success="true" from="nursery"/>
<exclusive-end id="206" timestamp="2019-07-02T19:17:31.316" durationms="1.660" />

<exclusive-start id="207" timestamp="2019-07-02T19:17:31.322" intervalms="7.190">
  <response-info timems="0.026" idlems="0.026" threads="0" lastid="0000000000A0EE00" lastname="Thread-4" />
</exclusive-start>
<af-start id="208" threadId="0000000000A0F788" totalBytesRequested="32776" timestamp="2019-07-02T19:17:31.322" intervalms="7.194" type="nursery" />
<cycle-start id="209" type="scavenge" contextid="0" timestamp="2019-07-02T19:17:31.322" intervalms="7.219" />
  <attribute name="GC Util" value="10" />
  <attribute name="CPU Util" value="42" />
  <attribute name="Time Running"value="543"/>
  <attribute name="Number of cores"value="4"/>
<gc-start id="210" type="scavenge" contextid="209" timestamp="2019-07-02T19:17:31.322">
  <mem-info id="211" free="4632240" total="8388608" percent="55">
    <mem type="nursery" free="22440" total="2097152" percent="1">
      <mem type="allocate" free="22440" total="1507328" percent="1" />
      <mem type="survivor" free="0" total="589824" percent="0" />
    </mem>
    <mem type="tenure" free="4609800" total="6291456" percent="73">
      <mem type="soa" free="4295432" total="5977088" percent="71" />
      <mem type="loa" free="314368" total="314368" percent="100" />
    </mem>
    <remembered-set count="545" />
  </mem-info>
</gc-start>
<allocation-stats totalBytes="858800" >
  <allocated-bytes non-tlh="70232" tlh="788568" />
  <largest-consumer threadName="Thread-6" threadId="0000000000A16500" bytes="496200" />
</allocation-stats>
<gc-op id="212" type="scavenge" timems="0.737" contextid="209" timestamp="2019-07-02T19:17:31.323">
  <scavenger-info tenureage="5" tenuremask="ffe0" tiltratio="71" />
  <memory-copied type="nursery" objects="4707" bytes="582344" bytesdiscarded="7144" />
  <memory-copied type="tenure" objects="4015" bytes="186616" bytesdiscarded="704" />
  <copy-failed type="nursery" objects="4015" bytes="186640" />
  <finalization candidates="2" enqueued="0" />
  <references type="soft" candidates="8" cleared="0" enqueued="0" dynamicThreshold="23" maxThreshold="32" />
  <references type="weak" candidates="17" cleared="0" enqueued="0" />
  <references type="phantom" candidates="14" cleared="0" enqueued="0" />
</gc-op>
<gc-end id="213" type="scavenge" contextid="209" durationms="1.011" usertimems="0.000" systemtimems="0.000" timestamp="2019-07-02T19:17:31.323" activeThreads="4">
  <mem-info id="214" free="4793240" total="8388608" percent="57">
    <mem type="nursery" free="458752" total="2097152" percent="21">
      <mem type="allocate" free="458752" total="1048576" percent="43" />
      <mem type="survivor" free="0" total="1048576" percent="0" />
    </mem>
    <mem type="tenure" free="4334488" total="6291456" percent="68">
      <mem type="soa" free="4020120" total="5977088" percent="67" />
      <mem type="loa" free="314368" total="314368" percent="100" />
    </mem>
    <remembered-set count="1362" />
  </mem-info>
</gc-end>
<cycle-end id="215" type="scavenge" contextid="209" timestamp="2019-07-02T19:17:31.323">
  <attribute name="GC Util" value="19" />
  <attribute name="CPU Util" value="2530825486050" />
  <attribute name="Time Running"value="551"/>
  <attribute name="Number of cores"value="4"/>
</cycle-end>
<allocation-satisfied id="216" threadId="0000000000A0EE00" bytesRequested="32776" />
<af-end id="217" timestamp="2019-07-02T19:17:31.323" threadId="0000000000A0F788" success="true" from="nursery"/>
<exclusive-end id="218" timestamp="2019-07-02T19:17:31.323" durationms="1.529" />

<exclusive-start id="219" timestamp="2019-07-02T19:17:31.330" intervalms="8.211">
  <response-info timems="0.026" idlems="0.026" threads="0" lastid="0000000000A12A00" lastname="Thread-5" />
</exclusive-start>
<af-start id="220" threadId="0000000000A13388" totalBytesRequested="520" timestamp="2019-07-02T19:17:31.330" intervalms="8.213" type="nursery" />
<cycle-start id="221" type="scavenge" contextid="0" timestamp="2019-07-02T19:17:31.330" intervalms="8.210" />
  <attribute name="GC Util" value="19" />
  <attribute name="CPU Util" value="2530825486050" />
  <attribute name="Time Running"value="551"/>
  <attribute name="Number of cores"value="4"/>
<gc-start id="222" type="scavenge" contextid="221" timestamp="2019-07-02T19:17:31.330">
  <mem-info id="223" free="4331480" total="8388608" percent="51">
    <mem type="nursery" free="0" total="2097152" percent="0">
      <mem type="allocate" free="0" total="1048576" percent="0" />
      <mem type="survivor" free="0" total="1048576" percent="0" />
    </mem>
    <mem type="tenure" free="4331480" total="6291456" percent="68">
      <mem type="soa" free="4017112" total="5977088" percent="67" />
      <mem type="loa" free="314368" total="314368" percent="100" />
    </mem>
    <remembered-set count="1400" />
  </mem-info>
</gc-start>
<allocation-stats totalBytes="460848" >
  <allocated-bytes non-tlh="101336" tlh="359512" />
  <largest-consumer threadName="Thread-5" threadId="0000000000A12A00" bytes="292704" />
</allocation-stats>
<gc-op id="224" type="scavenge" timems="0.693" contextid="221" timestamp="2019-07-02T19:17:31.331">
  <scavenger-info tenureage="3" tenuremask="7f18" tiltratio="50" />
  <memory-copied type="nursery" objects="2104" bytes="589488" bytesdiscarded="37104" />
  <memory-copied type="tenure" objects="2676" bytes="126776" bytesdiscarded="160" />
  <finalization candidates="2" enqueued="0" />
  <references type="soft" candidates="7" cleared="0" enqueued="0" dynamicThreshold="23" maxThreshold="32" />
  <references type="weak" candidates="16" cleared="0" enqueued="0" />
  <references type="phantom" candidates="17" cleared="0" enqueued="0" />
</gc-op>
<gc-end id="225" type="scavenge" contextid="221" durationms="0.928" usertimems="0.000" systemtimems="0.000" timestamp="2019-07-02T19:17:31.331" activeThreads="4">
  <mem-info id="226" free="4557360" total="8388608" percent="54">
    <mem type="nursery" free="421720" total="2097152" percent="20">
      <mem type="allocate" free="421720" total="1048576" percent="40" />
      <mem type="survivor" free="0" total="1048576" percent="0" />
    </mem>
    <mem type="tenure" free="4135640" total="6291456" percent="65">
      <mem type="soa" free="3821272" total="5977088" percent="63" />
      <mem type="loa" free="314368" total="314368" percent="100" />
    </mem>
    <remembered-set count="1481" />
  </mem-info>
</gc-end>
<cycle-end id="227" type="scavenge" contextid="221" timestamp="2019-07-02T19:17:31.331">
  <attribute name="GC Util" value="17" />
  <attribute name="CPU Util" value="2248710581583" />
  <attribute name="Time Running"value="559"/>
  <attribute name="Number of cores"value="4"/>
</cycle-end>
<allocation-satisfied id="228" threadId="0000000000A12A00" bytesRequested="520" />
<af-end id="229" timestamp="2019-07-02T19:17:31.331" threadId="0000000000A13388" success="true" from="nursery"/>
<exclusive-end id="230" timestamp="2019-07-02T19:17:31.331" durationms="1.424" />

<exclusive-start id="231" timestamp="2019-07-02T19:17:31.340" intervalms="9.847">
  <response-info timems="0.022" idlems="0.022" threads="0" lastid="0000000000A0B200" lastname="Thread-3" />
</exclusive-start>
<af-start id="232" threadId="0000000000A0BB88" totalBytesRequested="104" timestamp="2019-07-02T19:17:31.340" intervalms="9.875" type="nursery" />
<cycle-start id="233" type="scavenge" contextid="0" timestamp="2019-07-02T19:17:31.340" intervalms="9.903" />
  <attribute name="GC Util" value="17" />
  <attribute name="CPU Util" value="2248710581583" />
  <attribute name="Time Running"value="559"/>
  <attribute name="Number of cores"value="4"/>
<gc-start id="234" type="scavenge" contextid="233" timestamp="2019-07-02T19:17:31.340">
  <mem-info id="235" free="4127160" total="8388608" percent="49">
    <mem type="nursery" free="0" total="2097152" percent="0">
      <mem type="allocate" free="0" total="1048576" percent="0" />
      <mem type="survivor" free="0" total="1048576" percent="0" />
    </mem>
    <mem type="tenure" free="4127160" total="6291456" percent="65">
      <mem type="soa" free="3812792" total="5977088" percent="63" />
      <mem type="loa" free="314368" total="314368" percent="100" />
    </mem>
    <remembered-set count="1659" />
  </mem-info>
</gc-start>
<allocation-stats totalBytes="428888" >
  <allocated-bytes non-tlh="9000" tlh="419888" />
  <largest-consumer threadName="Thread-5" threadId="0000000000A12A00" bytes="288808" />
</allocation-stats>
<gc-op id="236" type="scavenge" timems="0.575" contextid="233" timestamp="2019-07-02T19:17:31.341">
  <scavenger-info tenureage="2" tenuremask="7f8c" tiltratio="50" />
  <memory-copied type="nursery" objects="921" bytes="308296" bytesdiscarded="16048" />
  <memory-copied type="tenure" objects="2017" bytes="455080" bytesdiscarded="728" />
  <finalization candidates="1" enqueued="0" />
  <references type="soft" candidates="2" cleared="0" enqueued="0" dynamicThreshold="23" maxThreshold="32" />
  <references type="weak" candidates="2" cleared="2" enqueued="2" />
  <references type="phantom" candidates="4" cleared="0" enqueued="0" />
</gc-op>
<gc-end id="237" type="scavenge" contextid="233" durationms="0.818" usertimems="0.000" systemtimems="0.000" timestamp="2019-07-02T19:17:31.341" activeThreads="4">
  <mem-info id="238" free="4302624" total="8388608" percent="51">
    <mem type="nursery" free="724192" total="2097152" percent="34">
      <mem type="allocate" free="724192" total="1048576" percent="69" />
      <mem type="survivor" free="0" total="1048576" percent="0" />
    </mem>
    <mem type="tenure" free="3578432" total="6291456" percent="56">
      <mem type="soa" free="3264064" total="5977088" percent="54" />
      <mem type="loa" free="314368" total="314368" percent="100" />
    </mem>
    <pending-finalizers system="0" default="0" reference="2" classloader="0" />
    <remembered-set count="295" />
  </mem-info>
</gc-end>
<cycle-end id="239" type="scavenge" contextid="233" timestamp="2019-07-02T19:17:31.341">
  <attribute name="GC Util" value="11" />
  <attribute name="CPU Util" value="1857841487182" />
  <attribute name="Time Running"value="569"/>
  <attribute name="Number of cores"value="4"/>
</cycle-end>
<allocation-satisfied id="240" threadId="0000000000A0B200" bytesRequested="104" />
<af-end id="241" timestamp="2019-07-02T19:17:31.341" threadId="0000000000A0BB88" success="true" from="nursery"/>
<exclusive-end id="242" timestamp="2019-07-02T19:17:31.341" durationms="1.430" />

<exclusive-start id="243" timestamp="2019-07-02T19:17:31.351" intervalms="11.386">
  <response-info timems="0.031" idlems="0.031" threads="0" lastid="0000000000A16500" lastname="Thread-6" />
</exclusive-start>
<af-start id="244" threadId="0000000000A16E88" totalBytesRequested="5720" timestamp="2019-07-02T19:17:31.351" intervalms="11.358" type="nursery" />
<cycle-start id="245" type="scavenge" contextid="0" timestamp="2019-07-02T19:17:31.351" intervalms="11.331" />
  <attribute name="GC Util" value="11" />
  <attribute name="CPU Util" value="1857841487182" />
  <attribute name="Time Running"value="569"/>
  <attribute name="Number of cores"value="4"/>
<gc-start id="246" type="scavenge" contextid="245" timestamp="2019-07-02T19:17:31.351">
  <mem-info id="247" free="3569440" total="8388608" percent="42">
    <mem type="nursery" free="0" total="2097152" percent="0">
      <mem type="allocate" free="0" total="1048576" percent="0" />
      <mem type="survivor" free="0" total="1048576" percent="0" />
    </mem>
    <mem type="tenure" free="3569440" total="6291456" percent="56">
      <mem type="soa" free="3255072" total="5977088" percent="54" />
      <mem type="loa" free="314368" total="314368" percent="100" />
    </mem>
    <remembered-set count="459" />
  </mem-info>
</gc-start>
<allocation-stats totalBytes="725480" >
  <allocated-bytes non-tlh="25488" tlh="699992" />
  <largest-consumer threadName="Thread-3" threadId="0000000000A0B200" bytes="243856" />
</allocation-stats>
<gc-op id="248" type="scavenge" timems="0.530" contextid="245" timestamp="2019-07-02T19:17:31.352">
  <scavenger-info tenureage="2" tenuremask="7f84" tiltratio="50" />
  <memory-copied type="nursery" objects="4193" bytes="335240" bytesdiscarded="108608" />
  <memory-copied type="tenure" objects="70" bytes="133520" bytesdiscarded="752" />
  <finalization candidates="4" enqueued="0" />
  <references type="soft" candidates="21" cleared="0" enqueued="0" dynamicThreshold="23" maxThreshold="32" />
  <references type="weak" candidates="94" cleared="27" enqueued="17" />
  <references type="phantom" candidates="3" cleared="0" enqueued="0" />
</gc-op>
<gc-end id="249" type="scavenge" contextid="245" durationms="0.749" usertimems="4.000" systemtimems="0.000" timestamp="2019-07-02T19:17:31.352" activeThreads="4">
  <mem-info id="250" free="4036328" total="8388608" percent="48">
    <mem type="nursery" free="735720" total="2097152" percent="35">
      <mem type="allocate" free="735720" total="1179648" percent="62" />
      <mem type="survivor" free="0" total="917504" percent="0" />
    </mem>
    <mem type="tenure" free="3300608" total="6291456" percent="52">
      <mem type="soa" free="2986240" total="5977088" percent="49" />
      <mem type="loa" free="314368" total="314368" percent="100" />
    </mem>
    <pending-finalizers system="0" default="0" reference="17" classloader="0" />
    <remembered-set count="427" />
  </mem-info>
</gc-end>
<cycle-end id="251" type="scavenge" contextid="245" timestamp="2019-07-02T19:17:31.352">
  <attribute name="GC Util" value="10" />
  <attribute name="CPU Util" value="1631397562340" />
  <attribute name="Time Running"value="580"/>
  <attribute name="Number of cores"value="4"/>
</cycle-end>
<allocation-satisfied id="252" threadId="0000000000A16500" bytesRequested="5720" />
<af-end id="253" timestamp="2019-07-02T19:17:31.352" threadId="0000000000A16E88" success="true" from="nursery"/>
<exclusive-end id="254" timestamp="2019-07-02T19:17:31.352" durationms="1.200" />

<exclusive-start id="255" timestamp="2019-07-02T19:17:31.366" intervalms="14.893">
  <response-info timems="0.025" idlems="0.025" threads="0" lastid="0000000000A0B200" lastname="Thread-3" />
</exclusive-start>
<af-start id="256" threadId="0000000000A0BB88" totalBytesRequested="1032" timestamp="2019-07-02T19:17:31.366" intervalms="14.930" type="nursery" />
<cycle-start id="257" type="scavenge" contextid="0" timestamp="2019-07-02T19:17:31.366" intervalms="14.981" />
  <attribute name="GC Util" value="10" />
  <attribute name="CPU Util" value="1631397562340" />
  <attribute name="Time Running"value="580"/>
  <attribute name="Number of cores"value="4"/>
<gc-start id="258" type="scavenge" contextid="257" timestamp="2019-07-02T19:17:31.366">
  <mem-info id="259" free="3295520" total="8388608" percent="39">
    <mem type="nursery" free="0" total="2097152" percent="0">
      <mem type="allocate" free="0" total="1179648" percent="0" />
      <mem type="survivor" free="0" total="917504" percent="0" />
    </mem>
    <mem type="tenure" free="3295520" total="6291456" percent="52">
      <mem type="soa" free="2981152" total="5977088" percent="49" />
      <mem type="loa" free="314368" total="314368" percent="100" />
    </mem>
    <remembered-set count="504" />
  </mem-info>
</gc-start>
<allocation-stats totalBytes="724520" >
  <allocated-bytes non-tlh="10808" tlh="713712" />
  <largest-consumer threadName="Thread-6" threadId="0000000000A16500" bytes="285704" />
</allocation-stats>
<gc-op id="260" type="scavenge" timems="0.673" contextid="257" timestamp="2019-07-02T19:17:31.367">
  <scavenger-info tenureage="2" tenuremask="7f84" tiltratio="56" />
  <memory-copied type="nursery" objects="5606" bytes="231456" bytesdiscarded="66736" />
  <memory-copied type="tenure" objects="788" bytes="162984" bytesdiscarded="720" />
  <finalization candidates="4" enqueued="0" />
  <references type="soft" candidates="21" cleared="0" enqueued="0" dynamicThreshold="23" maxThreshold="32" />
  <references type="weak" candidates="67" cleared="1" enqueued="1" />
  <references type="phantom" candidates="2" cleared="0" enqueued="0" />
</gc-op>
<gc-end id="261" type="scavenge" contextid="257" durationms="0.986" usertimems="4.000" systemtimems="0.000" timestamp="2019-07-02T19:17:31.367" activeThreads="4">
  <mem-info id="262" free="4203256" total="8388608" percent="50">
    <mem type="nursery" free="946904" total="2097152" percent="45">
      <mem type="allocate" free="946904" total="1245184" percent="76" />
      <mem type="survivor" free="0" total="851968" percent="0" />
    </mem>
    <mem type="tenure" free="3256352" total="6291456" percent="51">
      <mem type="soa" free="2941984" total="5977088" percent="49" />
      <mem type="loa" free="314368" total="314368" percent="100" />
    </mem>
    <pending-finalizers system="0" default="0" reference="1" classloader="0" />
    <remembered-set count="321" />
  </mem-info>
</gc-end>
<cycle-end id="263" type="scavenge" contextid="257" timestamp="2019-07-02T19:17:31.368">
  <attribute name="GC Util" value="7" />
  <attribute name="CPU Util" value="77" />
  <attribute name="Time Running"value="595"/>
  <attribute name="Number of cores"value="4"/>
</cycle-end>
<allocation-satisfied id="264" threadId="0000000000A0B200" bytesRequested="1032" />
<af-end id="265" timestamp="2019-07-02T19:17:31.368" threadId="0000000000A0BB88" success="true" from="nursery"/>
<exclusive-end id="266" timestamp="2019-07-02T19:17:31.368" durationms="1.569" />

<exclusive-start id="267" timestamp="2019-07-02T19:17:31.392" intervalms="25.611">
  <response-info timems="0.206" idlems="0.187" threads="1" lastid="0000000000A0B200" lastname="Thread-3" />
</exclusive-start>
<af-start id="268" threadId="0000000000A0F788" totalBytesRequested="40" timestamp="2019-07-02T19:17:31.392" intervalms="25.562" type="nursery" />
<cycle-start id="269" type="scavenge" contextid="0" timestamp="2019-07-02T19:17:31.392" intervalms="25.487" />
  <attribute name="GC Util" value="7" />
  <attribute name="CPU Util" value="77" />
  <attribute name="Time Running"value="595"/>
  <attribute name="Number of cores"value="4"/>
<gc-start id="270" type="scavenge" contextid="269" timestamp="2019-07-02T19:17:31.392">
  <mem-info id="271" free="3242024" total="8388608" percent="38">
    <mem type="nursery" free="0" total="2097152" percent="0">
      <mem type="allocate" free="0" total="1245184" percent="0" />
      <mem type="survivor" free="0" total="851968" percent="0" />
    </mem>
    <mem type="tenure" free="3242024" total="6291456" percent="51">
      <mem type="soa" free="2927656" total="5977088" percent="48" />
      <mem type="loa" free="314368" total="314368" percent="100" />
    </mem>
    <remembered-set count="539" />
  </mem-info>
</gc-start>
<allocation-stats totalBytes="954328" >
  <allocated-bytes non-tlh="15360" tlh="938968" />
  <largest-consumer threadName="Thread-6" threadId="0000000000A16500" bytes="317552" />
</allocation-stats>
<gc-op id="272" type="scavenge" timems="0.719" contextid="269" timestamp="2019-07-02T19:17:31.393">
  <scavenger-info tenureage="7" tenuremask="7f80" tiltratio="59" />
  <memory-copied type="nursery" objects="7357" bytes="488472" bytesdiscarded="122776" />
  <finalization candidates="4" enqueued="0" />
  <references type="soft" candidates="22" cleared="0" enqueued="0" dynamicThreshold="23" maxThreshold="32" />
  <references type="weak" candidates="83" cleared="5" enqueued="3" />
  <references type="phantom" candidates="1" cleared="0" enqueued="0" />
</gc-op>
<gc-end id="273" type="scavenge" contextid="269" durationms="0.903" usertimems="0.000" systemtimems="0.000" timestamp="2019-07-02T19:17:31.393" activeThreads="4">
  <mem-info id="274" free="3875800" total="8388608" percent="46">
    <mem type="nursery" free="633776" total="2097152" percent="30">
      <mem type="allocate" free="633776" total="1245184" percent="50" />
      <mem type="survivor" free="0" total="851968" percent="0" />
    </mem>
    <mem type="tenure" free="3242024" total="6291456" percent="51">
      <mem type="soa" free="2927656" total="5977088" percent="48" />
      <mem type="loa" free="314368" total="314368" percent="100" />
    </mem>
    <pending-finalizers system="0" default="0" reference="3" classloader="0" />
    <remembered-set count="464" />
  </mem-info>
</gc-end>
<cycle-end id="275" type="scavenge" contextid="269" timestamp="2019-07-02T19:17:31.393">
  <attribute name="GC Util" value="4" />
  <attribute name="CPU Util" value="81" />
  <attribute name="Time Running"value="621"/>
  <attribute name="Number of cores"value="4"/>
</cycle-end>
<allocation-satisfied id="276" threadId="0000000000A0EE00" bytesRequested="40" />
<af-end id="277" timestamp="2019-07-02T19:17:31.393" threadId="0000000000A0F788" success="true" from="nursery"/>
<exclusive-end id="278" timestamp="2019-07-02T19:17:31.393" durationms="1.277" />

<exclusive-start id="279" timestamp="2019-07-02T19:17:31.418" intervalms="26.588">
  <response-info timems="0.030" idlems="0.030" threads="0" lastid="0000000000A0EE00" lastname="Thread-4" />
</exclusive-start>
<af-start id="280" threadId="0000000000A0F788" totalBytesRequested="48" timestamp="2019-07-02T19:17:31.418" intervalms="26.583" type="nursery" />
<cycle-start id="281" type="scavenge" contextid="0" timestamp="2019-07-02T19:17:31.418" intervalms="26.586" />
  <attribute name="GC Util" value="4" />
  <attribute name="CPU Util" value="81" />
  <attribute name="Time Running"value="621"/>
  <attribute name="Number of cores"value="4"/>
<gc-start id="282" type="scavenge" contextid="281" timestamp="2019-07-02T19:17:31.418">
  <mem-info id="283" free="3239928" total="8388608" percent="38">
    <mem type="nursery" free="0" total="2097152" percent="0">
      <mem type="allocate" free="0" total="1245184" percent="0" />
      <mem type="survivor" free="0" total="851968" percent="0" />
    </mem>
    <mem type="tenure" free="3239928" total="6291456" percent="51">
      <mem type="soa" free="2925560" total="5977088" percent="48" />
      <mem type="loa" free="314368" total="314368" percent="100" />
    </mem>
    <remembered-set count="547" />
  </mem-info>
</gc-start>
<allocation-stats totalBytes="630240" >
  <allocated-bytes non-tlh="2136" tlh="628104" />
  <largest-consumer threadName="Thread-5" threadId="0000000000A12A00" bytes="215680" />
</allocation-stats>
<gc-op id="284" type="scavenge" timems="0.648" contextid="281" timestamp="2019-07-02T19:17:31.419">
  <scavenger-info tenureage="6" tenuremask="7fc0" tiltratio="59" />
  <memory-copied type="nursery" objects="7688" bytes="522448" bytesdiscarded="186536" />
  <finalization candidates="4" enqueued="0" />
  <references type="soft" candidates="25" cleared="0" enqueued="0" dynamicThreshold="23" maxThreshold="32" />
  <references type="weak" candidates="93" cleared="6" enqueued="5" />
  <references type="phantom" candidates="1" cleared="0" enqueued="0" />
</gc-op>
<gc-end id="285" type="scavenge" contextid="281" durationms="0.835" usertimems="0.000" systemtimems="0.000" timestamp="2019-07-02T19:17:31.419" activeThreads="4">
  <mem-info id="286" free="3972568" total="8388608" percent="47">
    <mem type="nursery" free="732640" total="2097152" percent="34">
      <mem type="allocate" free="732640" total="1441792" percent="50" />
      <mem type="survivor" free="0" total="655360" percent="0" />
    </mem>
    <mem type="tenure" free="3239928" total="6291456" percent="51">
      <mem type="soa" free="2925560" total="5977088" percent="48" />
      <mem type="loa" free="314368" total="314368" percent="100" />
    </mem>
    <pending-finalizers system="0" default="0" reference="5" classloader="0" />
    <remembered-set count="488" />
  </mem-info>
</gc-end>
<cycle-end id="287" type="scavenge" contextid="281" timestamp="2019-07-02T19:17:31.419">
  <attribute name="GC Util" value="4" />
  <attribute name="CPU Util" value="223" />
  <attribute name="Time Running"value="647"/>
  <attribute name="Number of cores"value="4"/>
</cycle-end>
<allocation-satisfied id="288" threadId="0000000000A0EE00" bytesRequested="48" />
<af-end id="289" timestamp="2019-07-02T19:17:31.419" threadId="0000000000A0F788" success="true" from="nursery"/>
<exclusive-end id="290" timestamp="2019-07-02T19:17:31.420" durationms="1.252" />

<exclusive-start id="291" timestamp="2019-07-02T19:17:31.423" intervalms="4.972">
  <response-info timems="0.035" idlems="0.035" threads="0" lastid="0000000000A0B200" lastname="Thread-3" />
</exclusive-start>
<af-start id="292" threadId="0000000000A0BB88" totalBytesRequested="8200" timestamp="2019-07-02T19:17:31.423" intervalms="4.959" type="nursery" />
<cycle-start id="293" type="scavenge" contextid="0" timestamp="2019-07-02T19:17:31.423" intervalms="4.953" />
  <attribute name="GC Util" value="4" />
  <attribute name="CPU Util" value="223" />
  <attribute name="Time Running"value="647"/>
  <attribute name="Number of cores"value="4"/>
<gc-start id="294" type="scavenge" contextid="293" timestamp="2019-07-02T19:17:31.423">
  <mem-info id="295" free="3239888" total="8388608" percent="38">
    <mem type="nursery" free="0" total="2097152" percent="0">
      <mem type="allocate" free="0" total="1441792" percent="0" />
      <mem type="survivor" free="0" total="655360" percent="0" />
    </mem>
    <mem type="tenure" free="3239888" total="6291456" percent="51">
      <mem type="soa" free="2925520" total="5977088" percent="48" />
      <mem type="loa" free="314368" total="314368" percent="100" />
    </mem>
    <remembered-set count="507" />
  </mem-info>
</gc-start>
<allocation-stats totalBytes="672816" >
  <allocated-bytes non-tlh="114808" tlh="558008" />
  <largest-consumer threadName="Thread-5" threadId="0000000000A12A00" bytes="324912" />
</allocation-stats>
<gc-op id="296" type="scavenge" timems="0.896" contextid="293" timestamp="2019-07-02T19:17:31.424">
  <scavenger-info tenureage="3" tenuremask="7ff8" tiltratio="68" />
  <memory-copied type="nursery" objects="2054" bytes="583976" bytesdiscarded="71272" />
  <memory-copied type="tenure" objects="6029" bytes="322080" bytesdiscarded="64" />
  <copy-failed type="nursery" objects="967" bytes="147040" />
  <finalization candidates="4" enqueued="0" />
  <references type="soft" candidates="3" cleared="0" enqueued="0" dynamicThreshold="23" maxThreshold="32" />
  <references type="weak" candidates="18" cleared="0" enqueued="0" />
  <references type="phantom" candidates="2" cleared="0" enqueued="0" />
</gc-op>
<heap-resize id="297" type="expand" space="nursery" amount="262144" count="1" timems="0.088" reason="excessive time being spent scavenging" timestamp="2019-07-02T19:17:31.425" />
<gc-end id="298" type="scavenge" contextid="293" durationms="1.204" usertimems="0.000" systemtimems="0.000" timestamp="2019-07-02T19:17:31.425" activeThreads="4">
  <mem-info id="299" free="3283312" total="8650752" percent="37">
    <mem type="nursery" free="524288" total="2359296" percent="22">
      <mem type="allocate" free="524288" total="1179648" percent="44" />
      <mem type="survivor" free="0" total="1179648" percent="0" />
    </mem>
    <mem type="tenure" free="2759024" total="6291456" percent="43">
      <mem type="soa" free="2444656" total="5977088" percent="40" />
      <mem type="loa" free="314368" total="314368" percent="100" />
    </mem>
    <remembered-set count="355" />
  </mem-info>
</gc-end>
<cycle-end id="300" type="scavenge" contextid="293" timestamp="2019-07-02T19:17:31.425">
  <attribute name="GC Util" value="25" />
  <attribute name="CPU Util" value="3738340514615" />
  <attribute name="Time Running"value="652"/>
  <attribute name="Number of cores"value="4"/>
</cycle-end>
<allocation-satisfied id="301" threadId="0000000000A0B200" bytesRequested="8200" />
<af-end id="302" timestamp="2019-07-02T19:17:31.425" threadId="0000000000A0BB88" success="true" from="nursery"/>
<exclusive-end id="303" timestamp="2019-07-02T19:17:31.425" durationms="1.594" />

<exclusive-start id="304" timestamp="2019-07-02T19:17:31.432" intervalms="8.319">
  <response-info timems="0.028" idlems="0.028" threads="0" lastid="0000000000A16500" lastname="Thread-6" />
</exclusive-start>
<af-start id="305" threadId="0000000000A16E88" totalBytesRequested="32776" timestamp="2019-07-02T19:17:31.432" intervalms="8.314" type="nursery" />
<cycle-start id="306" type="scavenge" contextid="0" timestamp="2019-07-02T19:17:31.432" intervalms="8.304" />
  <attribute name="GC Util" value="25" />
  <attribute name="CPU Util" value="3738340514615" />
  <attribute name="Time Running"value="652"/>
  <attribute name="Number of cores"value="4"/>
<gc-start id="307" type="scavenge" contextid="306" timestamp="2019-07-02T19:17:31.432">
  <mem-info id="308" free="2783584" total="8650752" percent="32">
    <mem type="nursery" free="24560" total="2359296" percent="1">
      <mem type="allocate" free="24560" total="1179648" percent="2" />
      <mem type="survivor" free="0" total="1179648" percent="0" />
    </mem>
    <mem type="tenure" free="2759024" total="6291456" percent="43">
      <mem type="soa" free="2444656" total="5977088" percent="40" />
      <mem type="loa" free="314368" total="314368" percent="100" />
    </mem>
    <remembered-set count="369" />
  </mem-info>
</gc-start>
<allocation-stats totalBytes="469408" >
  <allocated-bytes non-tlh="57368" tlh="412040" />
  <largest-consumer threadName="Thread-6" threadId="0000000000A16500" bytes="278392" />
</allocation-stats>
<gc-op id="309" type="scavenge" timems="0.542" contextid="306" timestamp="2019-07-02T19:17:31.432">
  <scavenger-info tenureage="3" tenuremask="7ff8" tiltratio="50" />
  <memory-copied type="nursery" objects="1612" bytes="693400" bytesdiscarded="231816" />
  <memory-copied type="tenure" objects="842" bytes="128816" bytesdiscarded="360" />
  <references type="soft" candidates="3" cleared="0" enqueued="0" dynamicThreshold="23" maxThreshold="32" />
  <references type="weak" candidates="8" cleared="0" enqueued="0" />
  <references type="phantom" candidates="2" cleared="0" enqueued="0" />
</gc-op>
<gc-end id="310" type="scavenge" contextid="306" durationms="0.705" usertimems="0.000" systemtimems="0.000" timestamp="2019-07-02T19:17:31.432" activeThreads="4">
  <mem-info id="311" free="2969016" total="8650752" percent="34">
    <mem type="nursery" free="450976" total="2359296" percent="19">
      <mem type="allocate" free="450976" total="1376256" percent="32" />
      <mem type="survivor" free="0" total="983040" percent="0" />
    </mem>
    <mem type="tenure" free="2518040" total="6291456" percent="40">
      <mem type="soa" free="2203672" total="5977088" percent="36" />
      <mem type="loa" free="314368" total="314368" percent="100" />
    </mem>
    <remembered-set count="221" />
  </mem-info>
</gc-end>
<cycle-end id="312" type="scavenge" contextid="306" timestamp="2019-07-02T19:17:31.432">
  <attribute name="GC Util" value="20" />
  <attribute name="CPU Util" value="2225306120738" />
  <attribute name="Time Running"value="660"/>
  <attribute name="Number of cores"value="4"/>
</cycle-end>
<allocation-satisfied id="313" threadId="0000000000A16500" bytesRequested="32776" />
<af-end id="314" timestamp="2019-07-02T19:17:31.433" threadId="0000000000A16E88" success="true" from="nursery"/>
<exclusive-end id="315" timestamp="2019-07-02T19:17:31.433" durationms="1.038" />

<exclusive-start id="316" timestamp="2019-07-02T19:17:31.436" intervalms="4.332">
  <response-info timems="0.192" idlems="0.179" threads="1" lastid="0000000000A16500" lastname="Thread-6" />
</exclusive-start>
<af-start id="317" threadId="0000000000A0F788" totalBytesRequested="32776" timestamp="2019-07-02T19:17:31.436" intervalms="4.329" type="nursery" />
<cycle-start id="318" type="scavenge" contextid="0" timestamp="2019-07-02T19:17:31.436" intervalms="4.329" />
  <attribute name="GC Util" value="20" />
  <attribute name="CPU Util" value="2225306120738" />
  <attribute name="Time Running"value="660"/>
  <attribute name="Number of cores"value="4"/>
<gc-start id="319" type="scavenge" contextid="318" timestamp="2019-07-02T19:17:31.436">
  <mem-info id="320" free="2517968" total="8650752" percent="29">
    <mem type="nursery" free="0" total="2359296" percent="0">
      <mem type="allocate" free="0" total="1376256" percent="0" />
      <mem type="survivor" free="0" total="983040" percent="0" />
    </mem>
    <mem type="tenure" free="2517968" total="6291456" percent="40">
      <mem type="soa" free="2203600" total="5977088" percent="36" />
      <mem type="loa" free="314368" total="314368" percent="100" />
    </mem>
    <remembered-set count="249" />
  </mem-info>
</gc-start>
<allocation-stats totalBytes="427432" >
  <allocated-bytes non-tlh="90216" tlh="337216" />
  <largest-consumer threadName="Thread-4" threadId="0000000000A0EE00" bytes="219944" />
</allocation-stats>
<gc-op id="321" type="scavenge" timems="0.553" contextid="318" timestamp="2019-07-02T19:17:31.437">
  <scavenger-info tenureage="2" tenuremask="7ffc" tiltratio="58" />
  <memory-copied type="nursery" objects="1064" bytes="499632" bytesdiscarded="130400" />
  <memory-copied type="tenure" objects="1168" bytes="453064" bytesdiscarded="112" />
  <references type="phantom" candidates="1" cleared="0" enqueued="0" />
</gc-op>
<gc-end id="322" type="scavenge" contextid="318" durationms="0.711" usertimems="0.000" systemtimems="0.000" timestamp="2019-07-02T19:17:31.437" activeThreads="4">
  <mem-info id="323" free="2820984" total="8650752" percent="32">
    <mem type="nursery" free="746184" total="2359296" percent="31">
      <mem type="allocate" free="746184" total="1376256" percent="54" />
      <mem type="survivor" free="0" total="983040" percent="0" />
    </mem>
    <mem type="tenure" free="2074800" total="6291456" percent="32">
      <mem type="soa" free="1760432" total="5977088" percent="29" />
      <mem type="loa" free="314368" total="314368" percent="100" />
    </mem>
    <remembered-set count="170" />
  </mem-info>
</gc-end>
<cycle-end id="324" type="scavenge" contextid="318" timestamp="2019-07-02T19:17:31.437">
  <attribute name="GC Util" value="25" />
  <attribute name="CPU Util" value="4282696748322" />
  <attribute name="Time Running"value="665"/>
  <attribute name="Number of cores"value="4"/>
</cycle-end>
<allocation-satisfied id="325" threadId="0000000000A0EE00" bytesRequested="32776" />
<af-end id="326" timestamp="2019-07-02T19:17:31.437" threadId="0000000000A0F788" success="true" from="nursery"/>
<exclusive-end id="327" timestamp="2019-07-02T19:17:31.437" durationms="1.034" />

<exclusive-start id="328" timestamp="2019-07-02T19:17:31.464" intervalms="28.371">
  <response-info timems="0.036" idlems="0.036" threads="0" lastid="0000000000A0B200" lastname="Thread-3" />
</exclusive-start>
<af-start id="329" threadId="0000000000A0BB88" totalBytesRequested="16392" timestamp="2019-07-02T19:17:31.464" intervalms="28.392" type="nursery" />
<cycle-start id="330" type="scavenge" contextid="0" timestamp="2019-07-02T19:17:31.464" intervalms="28.404" />
  <attribute name="GC Util" value="25" />
  <attribute name="CPU Util" value="4282696748322" />
  <attribute name="Time Running"value="665"/>
  <attribute name="Number of cores"value="4"/>
<gc-start id="331" type="scavenge" contextid="330" timestamp="2019-07-02T19:17:31.464">
  <mem-info id="332" free="2074128" total="8650752" percent="23">
    <mem type="nursery" free="0" total="2359296" percent="0">
      <mem type="allocate" free="0" total="1376256" percent="0" />
      <mem type="survivor" free="0" total="983040" percent="0" />
    </mem>
    <mem type="tenure" free="2074128" total="6291456" percent="32">
      <mem type="soa" free="1759760" total="5977088" percent="29" />
      <mem type="loa" free="314368" total="314368" percent="100" />
    </mem>
    <remembered-set count="287" />
  </mem-info>
</gc-start>
<allocation-stats totalBytes="742384" >
  <allocated-bytes non-tlh="66224" tlh="676160" />
  <largest-consumer threadName="Thread-3" threadId="0000000000A0B200" bytes="242288" />
</allocation-stats>
<gc-op id="333" type="scavenge" timems="0.630" contextid="330" timestamp="2019-07-02T19:17:31.465">
  <scavenger-info tenureage="2" tenuremask="7ffc" tiltratio="58" />
  <memory-copied type="nursery" objects="1705" bytes="507400" bytesdiscarded="163928" />
  <memory-copied type="tenure" objects="414" bytes="236472" bytesdiscarded="392" />
  <references type="weak" candidates="2" cleared="1" enqueued="1" />
  <references type="phantom" candidates="1" cleared="0" enqueued="0" />
</gc-op>
<gc-end id="334" type="scavenge" contextid="330" durationms="0.816" usertimems="0.000" systemtimems="0.000" timestamp="2019-07-02T19:17:31.465" activeThreads="4">
  <mem-info id="335" free="2776680" total="8650752" percent="32">
    <mem type="nursery" free="835936" total="2359296" percent="35">
      <mem type="allocate" free="835936" total="1507328" percent="55" />
      <mem type="survivor" free="0" total="851968" percent="0" />
    </mem>
    <mem type="tenure" free="1940744" total="6291456" percent="30">
      <mem type="soa" free="1626376" total="5977088" percent="27" />
      <mem type="loa" free="314368" total="314368" percent="100" />
    </mem>
    <pending-finalizers system="0" default="0" reference="1" classloader="0" />
    <remembered-set count="219" />
  </mem-info>
</gc-end>
<cycle-end id="336" type="scavenge" contextid="330" timestamp="2019-07-02T19:17:31.465">
  <attribute name="GC Util" value="4" />
  <attribute name="CPU Util" value="260" />
  <attribute name="Time Running"value="693"/>
  <attribute name="Number of cores"value="4"/>
</cycle-end>
<allocation-satisfied id="337" threadId="0000000000A0B200" bytesRequested="16392" />
<af-end id="338" timestamp="2019-07-02T19:17:31.465" threadId="0000000000A0BB88" success="true" from="nursery"/>
<exclusive-end id="339" timestamp="2019-07-02T19:17:31.466" durationms="1.230" />

<exclusive-start id="340" timestamp="2019-07-02T19:17:31.478" intervalms="13.876">
  <response-info timems="0.030" idlems="0.030" threads="0" lastid="0000000000A0EE00" lastname="Thread-4" />
</exclusive-start>
<af-start id="341" threadId="0000000000A0F788" totalBytesRequested="2056" timestamp="2019-07-02T19:17:31.478" intervalms="13.865" type="nursery" />
<cycle-start id="342" type="scavenge" contextid="0" timestamp="2019-07-02T19:17:31.478" intervalms="13.856" />
  <attribute name="GC Util" value="4" />
  <attribute name="CPU Util" value="260" />
  <attribute name="Time Running"value="693"/>
  <attribute name="Number of cores"value="4"/>
<gc-start id="343" type="scavenge" contextid="342" timestamp="2019-07-02T19:17:31.478">
  <mem-info id="344" free="1940696" total="8650752" percent="22">
    <mem type="nursery" free="0" total="2359296" percent="0">
      <mem type="allocate" free="0" total="1507328" percent="0" />
      <mem type="survivor" free="0" total="851968" percent="0" />
    </mem>
    <mem type="tenure" free="1940696" total="6291456" percent="30">
      <mem type="soa" free="1626328" total="5977088" percent="27" />
      <mem type="loa" free="314368" total="314368" percent="100" />
    </mem>
    <remembered-set count="298" />
  </mem-info>
</gc-start>
<allocation-stats totalBytes="810864" >
  <allocated-bytes non-tlh="98384" tlh="712480" />
  <largest-consumer threadName="Thread-4" threadId="0000000000A0EE00" bytes="328744" />
</allocation-stats>
<gc-op id="345" type="scavenge" timems="0.566" contextid="342" timestamp="2019-07-02T19:17:31.479">
  <scavenger-info tenureage="1" tenuremask="7ffe" tiltratio="63" />
  <memory-copied type="nursery" objects="1040" bytes="398240" bytesdiscarded="30816" />
  <memory-copied type="tenure" objects="1027" bytes="278160" bytesdiscarded="552" />
  <references type="phantom" candidates="1" cleared="0" enqueued="0" />
</gc-op>
<gc-end id="346" type="scavenge" contextid="342" durationms="0.720" usertimems="0.000" systemtimems="4.000" timestamp="2019-07-02T19:17:31.479" activeThreads="4">
  <mem-info id="347" free="2801496" total="8650752" percent="32">
    <mem type="nursery" free="1078240" total="2359296" percent="45">
      <mem type="allocate" free="1078240" total="1507328" percent="71" />
      <mem type="survivor" free="0" total="851968" percent="0" />
    </mem>
    <mem type="tenure" free="1723256" total="6291456" percent="27">
      <mem type="soa" free="1408888" total="5977088" percent="23" />
      <mem type="loa" free="314368" total="314368" percent="100" />
    </mem>
    <remembered-set count="150" />
  </mem-info>
</gc-end>
<cycle-end id="348" type="scavenge" contextid="342" timestamp="2019-07-02T19:17:31.479">
  <attribute name="GC Util" value="8" />
  <attribute name="CPU Util" value="165" />
  <attribute name="Time Running"value="707"/>
  <attribute name="Number of cores"value="4"/>
</cycle-end>
<allocation-satisfied id="349" threadId="0000000000A0EE00" bytesRequested="2056" />
<af-end id="350" timestamp="2019-07-02T19:17:31.479" threadId="0000000000A0F788" success="true" from="nursery"/>
<exclusive-end id="351" timestamp="2019-07-02T19:17:31.479" durationms="1.063" />

<exclusive-start id="352" timestamp="2019-07-02T19:17:31.511" intervalms="33.252">
  <response-info timems="0.026" idlems="0.026" threads="0" lastid="0000000000A0B200" lastname="Thread-3" />
</exclusive-start>
<af-start id="353" threadId="0000000000A0BB88" totalBytesRequested="1032" timestamp="2019-07-02T19:17:31.511" intervalms="33.268" type="nursery" />
<cycle-start id="354" type="scavenge" contextid="0" timestamp="2019-07-02T19:17:31.512" intervalms="33.278" />
  <attribute name="GC Util" value="8" />
  <attribute name="CPU Util" value="165" />
  <attribute name="Time Running"value="707"/>
  <attribute name="Number of cores"value="4"/>
<gc-start id="355" type="scavenge" contextid="354" timestamp="2019-07-02T19:17:31.512">
  <mem-info id="356" free="1723000" total="8650752" percent="19">
    <mem type="nursery" free="0" total="2359296" percent="0">
      <mem type="allocate" free="0" total="1507328" percent="0" />
      <mem type="survivor" free="0" total="851968" percent="0" />
    </mem>
    <mem type="tenure" free="1723000" total="6291456" percent="27">
      <mem type="soa" free="1408632" total="5977088" percent="23" />
      <mem type="loa" free="314368" total="314368" percent="100" />
    </mem>
    <remembered-set count="244" />
  </mem-info>
</gc-start>
<allocation-stats totalBytes="1063776" >
  <allocated-bytes non-tlh="35088" tlh="1028688" />
  <largest-consumer threadName="Thread-4" threadId="0000000000A0EE00" bytes="533944" />
</allocation-stats>
<gc-op id="357" type="scavenge" timems="0.508" contextid="354" timestamp="2019-07-02T19:17:31.512">
  <scavenger-info tenureage="1" tenuremask="7ffe" tiltratio="63" />
  <memory-copied type="nursery" objects="702" bytes="209824" bytesdiscarded="135048" />
  <memory-copied type="tenure" objects="629" bytes="229056" bytesdiscarded="1056" />
</gc-op>
<gc-end id="358" type="scavenge" contextid="354" durationms="0.684" usertimems="0.000" systemtimems="0.000" timestamp="2019-07-02T19:17:31.512" activeThreads="4">
  <mem-info id="359" free="2688232" total="8650752" percent="31">
    <mem type="nursery" free="1293512" total="2359296" percent="54">
      <mem type="allocate" free="1293512" total="1638400" percent="78" />
      <mem type="survivor" free="0" total="720896" percent="0" />
    </mem>
    <mem type="tenure" free="1394720" total="6291456" percent="22">
      <mem type="soa" free="1080352" total="5977088" percent="18" />
      <mem type="loa" free="314368" total="314368" percent="100" />
    </mem>
    <remembered-set count="130" />
  </mem-info>
</gc-end>
<cycle-end id="360" type="scavenge" contextid="354" timestamp="2019-07-02T19:17:31.512">
  <attribute name="GC Util" value="3" />
  <attribute name="CPU Util" value="215" />
  <attribute name="Time Running"value="740"/>
  <attribute name="Number of cores"value="4"/>
</cycle-end>
<allocation-satisfied id="361" threadId="0000000000A0B200" bytesRequested="1032" />
<af-end id="362" timestamp="2019-07-02T19:17:31.512" threadId="0000000000A0BB88" success="true" from="nursery"/>
<exclusive-end id="363" timestamp="2019-07-02T19:17:31.513" durationms="1.110" />

<exclusive-start id="364" timestamp="2019-07-02T19:17:31.525" intervalms="13.981">
  <response-info timems="0.032" idlems="0.018" threads="1" lastid="0000000000A16500" lastname="Thread-6" />
</exclusive-start>
<af-start id="365" threadId="0000000000A0F788" totalBytesRequested="2056" timestamp="2019-07-02T19:17:31.525" intervalms="13.960" type="nursery" />
<cycle-start id="366" type="scavenge" contextid="0" timestamp="2019-07-02T19:17:31.525" intervalms="13.948" />
  <attribute name="GC Util" value="3" />
  <attribute name="CPU Util" value="215" />
  <attribute name="Time Running"value="740"/>
  <attribute name="Number of cores"value="4"/>
<gc-start id="367" type="scavenge" contextid="366" timestamp="2019-07-02T19:17:31.526">
  <mem-info id="368" free="1394680" total="8650752" percent="16">
    <mem type="nursery" free="0" total="2359296" percent="0">
      <mem type="allocate" free="0" total="1638400" percent="0" />
      <mem type="survivor" free="0" total="720896" percent="0" />
    </mem>
    <mem type="tenure" free="1394680" total="6291456" percent="22">
      <mem type="soa" free="1080312" total="5977088" percent="18" />
      <mem type="loa" free="314368" total="314368" percent="100" />
    </mem>
    <remembered-set count="189" />
  </mem-info>
</gc-start>
<allocation-stats totalBytes="1217528" >
  <allocated-bytes non-tlh="164960" tlh="1052568" />
  <largest-consumer threadName="Thread-6" threadId="0000000000A16500" bytes="400120" />
</allocation-stats>
<gc-op id="369" type="scavenge" timems="0.524" contextid="366" timestamp="2019-07-02T19:17:31.526">
  <scavenger-info tenureage="1" tenuremask="7ffe" tiltratio="69" />
  <memory-copied type="nursery" objects="1332" bytes="648640" bytesdiscarded="72200" />
  <memory-copied type="tenure" objects="170" bytes="45080" bytesdiscarded="0" />
  <copy-failed type="nursery" objects="104" bytes="40744" />
  <references type="phantom" candidates="3" cleared="0" enqueued="0" />
</gc-op>
<gc-end id="370" type="scavenge" contextid="366" durationms="0.675" usertimems="0.000" systemtimems="0.000" timestamp="2019-07-02T19:17:31.526" activeThreads="4">
  <mem-info id="371" free="1853432" total="8650752" percent="21">
    <mem type="nursery" free="458752" total="2359296" percent="19">
      <mem type="allocate" free="458752" total="1179648" percent="38" />
      <mem type="survivor" free="0" total="1179648" percent="0" />
    </mem>
    <mem type="tenure" free="1394680" total="6291456" percent="22">
      <mem type="soa" free="1080312" total="5977088" percent="18" />
      <mem type="loa" free="314368" total="314368" percent="100" />
    </mem>
    <remembered-set count="136" />
  </mem-info>
</gc-end>
<cycle-end id="372" type="scavenge" contextid="366" timestamp="2019-07-02T19:17:31.526">
  <attribute name="GC Util" value="7" />
  <attribute name="CPU Util" value="220" />
  <attribute name="Time Running"value="754"/>
  <attribute name="Number of cores"value="4"/>
</cycle-end>
<allocation-satisfied id="373" threadId="0000000000A0EE00" bytesRequested="2056" />
<af-end id="374" timestamp="2019-07-02T19:17:31.526" threadId="0000000000A0F788" success="true" from="nursery"/>
<exclusive-end id="375" timestamp="2019-07-02T19:17:31.526" durationms="1.096" />

<exclusive-start id="376" timestamp="2019-07-02T19:17:31.539" intervalms="13.572">
  <response-info timems="0.031" idlems="0.031" threads="0" lastid="0000000000A12A00" lastname="Thread-5" />
</exclusive-start>
<af-start id="377" threadId="0000000000A13388" totalBytesRequested="16392" timestamp="2019-07-02T19:17:31.539" intervalms="13.582" type="nursery" />
<cycle-start id="378" type="scavenge" contextid="0" timestamp="2019-07-02T19:17:31.539" intervalms="13.596" />
  <attribute name="GC Util" value="7" />
  <attribute name="CPU Util" value="220" />
  <attribute name="Time Running"value="754"/>
  <attribute name="Number of cores"value="4"/>
<gc-start id="379" type="scavenge" contextid="378" timestamp="2019-07-02T19:17:31.539">
  <mem-info id="380" free="1394680" total="8650752" percent="16">
    <mem type="nursery" free="0" total="2359296" percent="0">
      <mem type="allocate" free="0" total="1179648" percent="0" />
      <mem type="survivor" free="0" total="1179648" percent="0" />
    </mem>
    <mem type="tenure" free="1394680" total="6291456" percent="22">
      <mem type="soa" free="1080312" total="5977088" percent="18" />
      <mem type="loa" free="314368" total="314368" percent="100" />
    </mem>
    <remembered-set count="204" />
  </mem-info>
</gc-start>
<allocation-stats totalBytes="429648" >
  <allocated-bytes non-tlh="34832" tlh="394816" />
  <largest-consumer threadName="Thread-5" threadId="0000000000A12A00" bytes="150200" />
</allocation-stats>
<gc-op id="381" type="scavenge" timems="2.425" contextid="378" timestamp="2019-07-02T19:17:31.542">
  <scavenger-info tenureage="1" tenuremask="7ffe" tiltratio="50" />
  <memory-copied type="nursery" objects="474" bytes="156440" bytesdiscarded="18160" />
  <memory-copied type="tenure" objects="1291" bytes="642232" bytesdiscarded="872" />
</gc-op>
<heap-resize id="382" type="expand" space="nursery" amount="262144" count="1" timems="0.015" reason="excessive time being spent scavenging" timestamp="2019-07-02T19:17:31.542" />
<gc-end id="383" type="scavenge" contextid="378" durationms="2.851" usertimems="4.000" systemtimems="0.000" timestamp="2019-07-02T19:17:31.542" activeThreads="4">
  <mem-info id="384" free="1923480" total="8912896" percent="21">
    <mem type="nursery" free="1136112" total="2621440" percent="43">
      <mem type="allocate" free="1136112" total="1310720" percent="86" />
      <mem type="survivor" free="0" total="1310720" percent="0" />
    </mem>
    <mem type="tenure" free="787368" total="6291456" percent="12">
      <mem type="soa" free="473000" total="5977088" percent="7" />
      <mem type="loa" free="314368" total="314368" percent="100" />
    </mem>
    <remembered-set count="166" />
  </mem-info>
</gc-end>
<cycle-end id="385" type="scavenge" contextid="378" timestamp="2019-07-02T19:17:31.542">
  <attribute name="GC Util" value="7" />
  <attribute name="CPU Util" value="1353510291661" />
  <attribute name="Time Running"value="768"/>
  <attribute name="Number of cores"value="4"/>
</cycle-end>
<allocation-satisfied id="386" threadId="0000000000A12A00" bytesRequested="16392" />
<af-end id="387" timestamp="2019-07-02T19:17:31.542" threadId="0000000000A13388" success="true" from="nursery"/>
<exclusive-end id="388" timestamp="2019-07-02T19:17:31.542" durationms="3.421" />

<concurrent-kickoff id="389" timestamp="2019-07-02T19:17:31.548">
  <kickoff reason="threshold reached" targetBytes="1867303" thresholdFreeBytes="258146"  remainingFree="234960" tenureFreeBytes="787336" nurseryFreeBytes="234960" />
</concurrent-kickoff>
<exclusive-start id="390" timestamp="2019-07-02T19:17:31.549" intervalms="9.918">
  <response-info timems="0.025" idlems="0.025" threads="0" lastid="0000000000A16500" lastname="Thread-6" />
</exclusive-start>
<cycle-start id="391" type="global" contextid="0" timestamp="2019-07-02T19:17:31.549" intervalms="257.662" />
  <attribute name="GC Util" value="7" />
  <attribute name="CPU Util" value="1353510291661" />
  <attribute name="Time Running"value="768"/>
  <attribute name="Number of cores"value="4"/>
<exclusive-end id="392" timestamp="2019-07-02T19:17:31.549" durationms="0.114" />

<exclusive-start id="393" timestamp="2019-07-02T19:17:31.552" intervalms="3.115">
  <response-info timems="0.046" idlems="0.046" threads="0" lastid="0000000000A16500" lastname="Thread-6" />
</exclusive-start>
<af-start id="394" threadId="0000000000A16E88" totalBytesRequested="32776" timestamp="2019-07-02T19:17:31.552" intervalms="13.021" type="nursery" />
<cycle-start id="395" type="scavenge" contextid="0" timestamp="2019-07-02T19:17:31.552" intervalms="13.009" />
  <attribute name="GC Util" value="7" />
  <attribute name="CPU Util" value="1353510291661" />
  <attribute name="Time Running"value="768"/>
  <attribute name="Number of cores"value="4"/>
<gc-start id="396" type="scavenge" contextid="395" timestamp="2019-07-02T19:17:31.552">
  <mem-info id="397" free="805208" total="8912896" percent="9">
    <mem type="nursery" free="17872" total="2621440" percent="0">
      <mem type="allocate" free="17872" total="1310720" percent="1" />
      <mem type="survivor" free="0" total="1310720" percent="0" />
    </mem>
    <mem type="tenure" free="787336" total="6291456" percent="12">
      <mem type="soa" free="472968" total="5977088" percent="7" />
      <mem type="loa" free="314368" total="314368" percent="100" />
    </mem>
    <remembered-set count="228" />
  </mem-info>
</gc-start>
<allocation-stats totalBytes="1055536" >
  <allocated-bytes non-tlh="147536" tlh="908000" />
  <largest-consumer threadName="Thread-5" threadId="0000000000A12A00" bytes="668968" />
</allocation-stats>
<gc-op id="398" type="scavenge" timems="0.488" contextid="395" timestamp="2019-07-02T19:17:31.553">
  <scavenger-info tenureage="1" tenuremask="7ffe" tiltratio="50" />
  <memory-copied type="nursery" objects="727" bytes="345840" bytesdiscarded="185632" />
  <memory-copied type="tenure" objects="420" bytes="151536" bytesdiscarded="120" />
</gc-op>
<gc-end id="399" type="scavenge" contextid="395" durationms="0.641" usertimems="4.000" systemtimems="0.000" timestamp="2019-07-02T19:17:31.553" activeThreads="4">
  <mem-info id="400" free="1685032" total="8912896" percent="18">
    <mem type="nursery" free="1041360" total="2621440" percent="39">
      <mem type="allocate" free="1041360" total="1572864" percent="66" />
      <mem type="survivor" free="0" total="1048576" percent="0" />
    </mem>
    <mem type="tenure" free="643672" total="6291456" percent="10">
      <mem type="soa" free="329304" total="5977088" percent="5" />
      <mem type="loa" free="314368" total="314368" percent="100" />
    </mem>
    <remembered-set count="130" />
  </mem-info>
</gc-end>
<cycle-end id="401" type="scavenge" contextid="395" timestamp="2019-07-02T19:17:31.553">
  <attribute name="GC Util" value="20" />
  <attribute name="CPU Util" value="1421397125728" />
  <attribute name="Time Running"value="781"/>
  <attribute name="Number of cores"value="4"/>
</cycle-end>
<allocation-satisfied id="402" threadId="0000000000A16500" bytesRequested="32776" />
<af-end id="403" timestamp="2019-07-02T19:17:31.553" threadId="0000000000A16E88" success="true" from="nursery"/>
<exclusive-end id="404" timestamp="2019-07-02T19:17:31.553" durationms="1.005" />

<exclusive-start id="405" timestamp="2019-07-02T19:17:31.553" intervalms="1.096">
  <response-info timems="0.022" idlems="0.022" threads="0" lastid="0000000000A16500" lastname="Thread-6" />
</exclusive-start>
<concurrent-collection-start id="406" timestamp="2019-07-02T19:17:31.553" intervalms="885.671" >
  <concurrent-trace-info reason="card cleaning threshold reached" tracedByMutators="618092" tracedByHelpers="1083880" cardsCleaned="81" workStackOverflowCount="0" />
</concurrent-collection-start>
<gc-start id="407" type="global" contextid="391" timestamp="2019-07-02T19:17:31.553">
  <mem-info id="408" free="1619488" total="8912896" percent="18">
    <mem type="nursery" free="975816" total="2621440" percent="37">
      <mem type="allocate" free="975816" total="1572864" percent="62" />
      <mem type="survivor" free="0" total="1048576" percent="0" />
    </mem>
    <mem type="tenure" free="643672" total="6291456" percent="10">
      <mem type="soa" free="329304" total="5977088" percent="5" />
      <mem type="loa" free="314368" total="314368" percent="100" />
    </mem>
    <remembered-set count="130" />
  </mem-info>
</gc-start>
<allocation-stats totalBytes="65544" >
  <allocated-bytes non-tlh="32776" tlh="32768" />
  <largest-consumer threadName="Thread-6" threadId="0000000000A16500" bytes="65544" />
</allocation-stats>
<gc-op id="409" type="rs-scan" timems="0.231" contextid="391" timestamp="2019-07-02T19:17:31.553">
  <scan objectsFound="88" bytesTraced="15404" workStackOverflowCount="0" />
</gc-op>
<gc-op id="410" type="card-cleaning" timems="0.191" contextid="391" timestamp="2019-07-02T19:17:31.554">
  <card-cleaning cardsCleaned="71" bytesTraced="301580" workStackOverflowCount="0" />
</gc-op>
<gc-op id="411" type="mark" timems="0.911" contextid="391" timestamp="2019-07-02T19:17:31.555">
  <trace-info objectcount="301" scancount="263" scanbytes="91988" />
  <finalization candidates="25" enqueued="0" />
  <references type="soft" candidates="164" cleared="0" enqueued="0" dynamicThreshold="23" maxThreshold="32" />
  <references type="weak" candidates="249" cleared="3" enqueued="2" />
  <references type="phantom" candidates="72" cleared="2" enqueued="2" />
  <stringconstants candidates="3946" cleared="0"  />
</gc-op>
<gc-op id="412" type="classunload" timems="0.326" contextid="391" timestamp="2019-07-02T19:17:31.555">
  <classunload-info classloadercandidates="20" classloadersunloaded="0" classesunloaded="1" anonymousclassesunloaded="1" quiescems="0.000" setupms="0.324" scanms="0.002" postms="0.000" />
</gc-op>
<gc-op id="413" type="sweep" timems="0.319" contextid="391" timestamp="2019-07-02T19:17:31.555" />
<gc-end id="414" type="global" contextid="391" durationms="2.413" usertimems="0.000" systemtimems="0.000" timestamp="2019-07-02T19:17:31.556" activeThreads="4">
  <mem-info id="415" free="4337768" total="8912896" percent="48">
    <mem type="nursery" free="1194192" total="2621440" percent="45">
      <mem type="allocate" free="1194192" total="1572864" percent="75" />
      <mem type="survivor" free="0" total="1048576" percent="0" />
    </mem>
    <mem type="tenure" free="3143576" total="6291456" percent="49" micro-fragmented="15234" macro-fragmented="0">
      <mem type="soa" free="2829208" total="5977088" percent="47" />
      <mem type="loa" free="314368" total="314368" percent="100" />
    </mem>
    <pending-finalizers system="0" default="0" reference="4" classloader="0" />
    <remembered-set count="130" />
  </mem-info>
</gc-end>
<cycle-end id="416" type="global" contextid="391" timestamp="2019-07-02T19:17:31.556">
  <attribute name="GC Util" value="51" />
  <attribute name="CPU Util" value="13441181042916" />
  <attribute name="Time Running"value="784"/>
  <attribute name="Number of cores"value="4"/>
</cycle-end>
<concurrent-collection-end id="417" timestamp="2019-07-02T19:17:31.556" />
<exclusive-end id="418" timestamp="2019-07-02T19:17:31.556" durationms="2.703" />

<exclusive-start id="419" timestamp="2019-07-02T19:17:31.587" intervalms="33.961">
  <response-info timems="0.042" idlems="0.042" threads="0" lastid="0000000000A12A00" lastname="Thread-5" />
</exclusive-start>
<af-start id="420" threadId="0000000000A13388" totalBytesRequested="32776" timestamp="2019-07-02T19:17:31.587" intervalms="35.069" type="nursery" />
<cycle-start id="421" type="scavenge" contextid="0" timestamp="2019-07-02T19:17:31.587" intervalms="35.078" />
  <attribute name="GC Util" value="51" />
  <attribute name="CPU Util" value="13441181042916" />
  <attribute name="Time Running"value="784"/>
  <attribute name="Number of cores"value="4"/>
<gc-start id="422" type="scavenge" contextid="421" timestamp="2019-07-02T19:17:31.587">
  <mem-info id="423" free="3143544" total="8912896" percent="35">
    <mem type="nursery" free="0" total="2621440" percent="0">
      <mem type="allocate" free="0" total="1572864" percent="0" />
      <mem type="survivor" free="0" total="1048576" percent="0" />
    </mem>
    <mem type="tenure" free="3143544" total="6291456" percent="49">
      <mem type="soa" free="2829176" total="5977088" percent="47" />
      <mem type="loa" free="314368" total="314368" percent="100" />
    </mem>
    <remembered-set count="253" />
  </mem-info>
</gc-start>
<allocation-stats totalBytes="1136688" >
  <allocated-bytes non-tlh="32808" tlh="1103880" />
  <largest-consumer threadName="Thread-5" threadId="0000000000A12A00" bytes="550368" />
</allocation-stats>
<gc-op id="424" type="scavenge" timems="2.269" contextid="421" timestamp="2019-07-02T19:17:31.590">
  <scavenger-info tenureage="1" tenuremask="7ffe" tiltratio="60" />
  <memory-copied type="nursery" objects="1254" bytes="421784" bytesdiscarded="103560" />
  <memory-copied type="tenure" objects="182" bytes="145280" bytesdiscarded="72" />
</gc-op>
<gc-end id="425" type="scavenge" contextid="421" durationms="2.623" usertimems="4.000" systemtimems="0.000" timestamp="2019-07-02T19:17:31.590" activeThreads="4">
  <mem-info id="426" free="4106640" total="8912896" percent="46">
    <mem type="nursery" free="1113024" total="2621440" percent="42">
      <mem type="allocate" free="1113024" total="1638400" percent="67" />
      <mem type="survivor" free="0" total="983040" percent="0" />
    </mem>
    <mem type="tenure" free="2993616" total="6291456" percent="47">
      <mem type="soa" free="2679248" total="5977088" percent="44" />
      <mem type="loa" free="314368" total="314368" percent="100" />
    </mem>
    <remembered-set count="142" />
  </mem-info>
</gc-end>
<cycle-end id="427" type="scavenge" contextid="421" timestamp="2019-07-02T19:17:31.590">
  <attribute name="GC Util" value="4" />
  <attribute name="CPU Util" value="259" />
  <attribute name="Time Running"value="816"/>
  <attribute name="Number of cores"value="4"/>
</cycle-end>
<allocation-satisfied id="428" threadId="0000000000A12A00" bytesRequested="32776" />
<af-end id="429" timestamp="2019-07-02T19:17:31.590" threadId="0000000000A13388" success="true" from="nursery"/>
<exclusive-end id="430" timestamp="2019-07-02T19:17:31.590" durationms="3.044" />

<exclusive-start id="431" timestamp="2019-07-02T19:17:31.614" intervalms="26.558">
  <response-info timems="0.040" idlems="0.040" threads="0" lastid="0000000000A0B200" lastname="Thread-3" />
</exclusive-start>
<af-start id="432" threadId="0000000000A0BB88" totalBytesRequested="32776" timestamp="2019-07-02T19:17:31.614" intervalms="26.563" type="nursery" />
<cycle-start id="433" type="scavenge" contextid="0" timestamp="2019-07-02T19:17:31.614" intervalms="26.565" />
  <attribute name="GC Util" value="4" />
  <attribute name="CPU Util" value="259" />
  <attribute name="Time Running"value="816"/>
  <attribute name="Number of cores"value="4"/>
<gc-start id="434" type="scavenge" contextid="433" timestamp="2019-07-02T19:17:31.614">
  <mem-info id="435" free="2993616" total="8912896" percent="33">
    <mem type="nursery" free="0" total="2621440" percent="0">
      <mem type="allocate" free="0" total="1638400" percent="0" />
      <mem type="survivor" free="0" total="983040" percent="0" />
    </mem>
    <mem type="tenure" free="2993616" total="6291456" percent="47">
      <mem type="soa" free="2679248" total="5977088" percent="44" />
      <mem type="loa" free="314368" total="314368" percent="100" />
    </mem>
    <remembered-set count="226" />
  </mem-info>
</gc-start>
<allocation-stats totalBytes="1065992" >
  <allocated-bytes non-tlh="65552" tlh="1000440" />
  <largest-consumer threadName="Thread-5" threadId="0000000000A12A00" bytes="495384" />
</allocation-stats>
<gc-op id="436" type="scavenge" timems="0.501" contextid="433" timestamp="2019-07-02T19:17:31.614">
  <scavenger-info tenureage="1" tenuremask="7ffe" tiltratio="62" />
  <memory-copied type="nursery" objects="743" bytes="358840" bytesdiscarded="148048" />
  <memory-copied type="tenure" objects="686" bytes="201432" bytesdiscarded="2616" />
</gc-op>
<gc-end id="437" type="scavenge" contextid="433" durationms="0.688" usertimems="0.000" systemtimems="0.000" timestamp="2019-07-02T19:17:31.614" activeThreads="4">
  <mem-info id="438" free="3970952" total="8912896" percent="44">
    <mem type="nursery" free="1262552" total="2621440" percent="48">
      <mem type="allocate" free="1262552" total="1769472" percent="71" />
      <mem type="survivor" free="0" total="851968" percent="0" />
    </mem>
    <mem type="tenure" free="2708400" total="6291456" percent="43">
      <mem type="soa" free="2394032" total="5977088" percent="40" />
      <mem type="loa" free="314368" total="314368" percent="100" />
    </mem>
    <remembered-set count="143" />
  </mem-info>
</gc-end>
<cycle-end id="439" type="scavenge" contextid="433" timestamp="2019-07-02T19:17:31.615">
  <attribute name="GC Util" value="9" />
  <attribute name="CPU Util" value="116" />
  <attribute name="Time Running"value="842"/>
  <attribute name="Number of cores"value="4"/>
</cycle-end>
<allocation-satisfied id="440" threadId="0000000000A0B200" bytesRequested="32776" />
<af-end id="441" timestamp="2019-07-02T19:17:31.615" threadId="0000000000A0BB88" success="true" from="nursery"/>
<exclusive-end id="442" timestamp="2019-07-02T19:17:31.615" durationms="1.228" />

<exclusive-start id="443" timestamp="2019-07-02T19:17:31.634" intervalms="20.102">
  <response-info timems="0.048" idlems="0.048" threads="0" lastid="0000000000A16500" lastname="Thread-6" />
</exclusive-start>
<af-start id="444" threadId="0000000000A16E88" totalBytesRequested="48" timestamp="2019-07-02T19:17:31.634" intervalms="20.125" type="nursery" />
<cycle-start id="445" type="scavenge" contextid="0" timestamp="2019-07-02T19:17:31.634" intervalms="20.115" />
  <attribute name="GC Util" value="9" />
  <attribute name="CPU Util" value="116" />
  <attribute name="Time Running"value="842"/>
  <attribute name="Number of cores"value="4"/>
<gc-start id="446" type="scavenge" contextid="445" timestamp="2019-07-02T19:17:31.634">
  <mem-info id="447" free="2708400" total="8912896" percent="30">
    <mem type="nursery" free="0" total="2621440" percent="0">
      <mem type="allocate" free="0" total="1769472" percent="0" />
      <mem type="survivor" free="0" total="851968" percent="0" />
    </mem>
    <mem type="tenure" free="2708400" total="6291456" percent="43">
      <mem type="soa" free="2394032" total="5977088" percent="40" />
      <mem type="loa" free="314368" total="314368" percent="100" />
    </mem>
    <remembered-set count="232" />
  </mem-info>
</gc-start>
<allocation-stats totalBytes="1179712" >
  <allocated-bytes non-tlh="131112" tlh="1048600" />
  <largest-consumer threadName="Thread-5" threadId="0000000000A12A00" bytes="443024" />
</allocation-stats>
<gc-op id="448" type="scavenge" timems="0.535" contextid="445" timestamp="2019-07-02T19:17:31.635">
  <scavenger-info tenureage="1" tenuremask="7ffe" tiltratio="67" />
  <memory-copied type="nursery" objects="1744" bytes="605352" bytesdiscarded="129984" />
  <memory-copied type="tenure" objects="155" bytes="144720" bytesdiscarded="384" />
  <references type="phantom" candidates="1" cleared="0" enqueued="0" />
</gc-op>
<gc-end id="449" type="scavenge" contextid="445" durationms="0.691" usertimems="0.000" systemtimems="0.000" timestamp="2019-07-02T19:17:31.635" activeThreads="4">
  <mem-info id="450" free="3573512" total="8912896" percent="40">
    <mem type="nursery" free="968552" total="2621440" percent="36">
      <mem type="allocate" free="968552" total="1703936" percent="56" />
      <mem type="survivor" free="0" total="917504" percent="0" />
    </mem>
    <mem type="tenure" free="2604960" total="6291456" percent="41">
      <mem type="soa" free="2290592" total="5977088" percent="38" />
      <mem type="loa" free="314368" total="314368" percent="100" />
    </mem>
    <remembered-set count="134" />
  </mem-info>
</gc-end>
<cycle-end id="451" type="scavenge" contextid="445" timestamp="2019-07-02T19:17:31.635">
  <attribute name="GC Util" value="4" />
  <attribute name="CPU Util" value="99" />
  <attribute name="Time Running"value="863"/>
  <attribute name="Number of cores"value="4"/>
</cycle-end>
<allocation-satisfied id="452" threadId="0000000000A16500" bytesRequested="48" />
<af-end id="453" timestamp="2019-07-02T19:17:31.635" threadId="0000000000A16E88" success="true" from="nursery"/>
<exclusive-end id="454" timestamp="2019-07-02T19:17:31.635" durationms="1.073" />

<exclusive-start id="455" timestamp="2019-07-02T19:17:31.663" intervalms="29.728">
  <response-info timems="0.031" idlems="0.031" threads="0" lastid="0000000000A12A00" lastname="Thread-5" />
</exclusive-start>
<af-start id="456" threadId="0000000000A13388" totalBytesRequested="24" timestamp="2019-07-02T19:17:31.664" intervalms="29.707" type="nursery" />
<cycle-start id="457" type="scavenge" contextid="0" timestamp="2019-07-02T19:17:31.664" intervalms="29.721" />
  <attribute name="GC Util" value="4" />
  <attribute name="CPU Util" value="99" />
  <attribute name="Time Running"value="863"/>
  <attribute name="Number of cores"value="4"/>
<gc-start id="458" type="scavenge" contextid="457" timestamp="2019-07-02T19:17:31.664">
  <mem-info id="459" free="2604960" total="8912896" percent="29">
    <mem type="nursery" free="0" total="2621440" percent="0">
      <mem type="allocate" free="0" total="1703936" percent="0" />
      <mem type="survivor" free="0" total="917504" percent="0" />
    </mem>
    <mem type="tenure" free="2604960" total="6291456" percent="41">
      <mem type="soa" free="2290592" total="5977088" percent="38" />
      <mem type="loa" free="314368" total="314368" percent="100" />
    </mem>
    <remembered-set count="221" />
  </mem-info>
</gc-start>
<allocation-stats totalBytes="966112" >
  <allocated-bytes non-tlh="65600" tlh="900512" />
  <largest-consumer threadName="Thread-3" threadId="0000000000A0B200" bytes="542656" />
</allocation-stats>
<gc-op id="460" type="scavenge" timems="2.450" contextid="457" timestamp="2019-07-02T19:17:31.666">
  <scavenger-info tenureage="1" tenuremask="7ffe" tiltratio="65" />
  <memory-copied type="nursery" objects="868" bytes="329792" bytesdiscarded="113616" />
  <memory-copied type="tenure" objects="1243" bytes="493096" bytesdiscarded="2432" />
</gc-op>
<gc-end id="461" type="scavenge" contextid="457" durationms="2.812" usertimems="4.000" systemtimems="0.000" timestamp="2019-07-02T19:17:31.666" activeThreads="4">
  <mem-info id="462" free="3359256" total="8912896" percent="37">
    <mem type="nursery" free="1260504" total="2621440" percent="48">
      <mem type="allocate" free="1260504" total="1703936" percent="73" />
      <mem type="survivor" free="0" total="917504" percent="0" />
    </mem>
    <mem type="tenure" free="2098752" total="6291456" percent="33">
      <mem type="soa" free="1784384" total="5977088" percent="29" />
      <mem type="loa" free="314368" total="314368" percent="100" />
    </mem>
    <remembered-set count="177" />
  </mem-info>
</gc-end>
<cycle-end id="463" type="scavenge" contextid="457" timestamp="2019-07-02T19:17:31.667">
  <attribute name="GC Util" value="3" />
  <attribute name="CPU Util" value="130" />
  <attribute name="Time Running"value="892"/>
  <attribute name="Number of cores"value="4"/>
</cycle-end>
<allocation-satisfied id="464" threadId="0000000000A12A00" bytesRequested="24" />
<af-end id="465" timestamp="2019-07-02T19:17:31.667" threadId="0000000000A13388" success="true" from="nursery"/>
<exclusive-end id="466" timestamp="2019-07-02T19:17:31.667" durationms="3.546" />

<exclusive-start id="467" timestamp="2019-07-02T19:17:31.688" intervalms="24.328">
  <response-info timems="0.036" idlems="0.036" threads="0" lastid="0000000000A0EE00" lastname="Thread-4" />
</exclusive-start>
<af-start id="468" threadId="0000000000A0F788" totalBytesRequested="8200" timestamp="2019-07-02T19:17:31.688" intervalms="24.327" type="nursery" />
<cycle-start id="469" type="scavenge" contextid="0" timestamp="2019-07-02T19:17:31.688" intervalms="24.326" />
  <attribute name="GC Util" value="3" />
  <attribute name="CPU Util" value="130" />
  <attribute name="Time Running"value="892"/>
  <attribute name="Number of cores"value="4"/>
<gc-start id="470" type="scavenge" contextid="469" timestamp="2019-07-02T19:17:31.688">
  <mem-info id="471" free="2098752" total="8912896" percent="23">
    <mem type="nursery" free="0" total="2621440" percent="0">
      <mem type="allocate" free="0" total="1703936" percent="0" />
      <mem type="survivor" free="0" total="917504" percent="0" />
    </mem>
    <mem type="tenure" free="2098752" total="6291456" percent="33">
      <mem type="soa" free="1784384" total="5977088" percent="29" />
      <mem type="loa" free="314368" total="314368" percent="100" />
    </mem>
    <remembered-set count="262" />
  </mem-info>
</gc-start>
<allocation-stats totalBytes="1195672" >
  <allocated-bytes non-tlh="98352" tlh="1097320" />
  <largest-consumer threadName="Thread-3" threadId="0000000000A0B200" bytes="462760" />
</allocation-stats>
<gc-op id="472" type="scavenge" timems="3.812" contextid="469" timestamp="2019-07-02T19:17:31.692">
  <scavenger-info tenureage="1" tenuremask="7ffe" tiltratio="65" />
  <memory-copied type="nursery" objects="1377" bytes="534912" bytesdiscarded="74424" />
  <memory-copied type="tenure" objects="233" bytes="114032" bytesdiscarded="1464" />
  <references type="weak" candidates="1" cleared="0" enqueued="0" />
  <references type="phantom" candidates="2" cleared="0" enqueued="0" />
</gc-op>
<heap-resize id="473" type="expand" space="nursery" amount="262144" count="1" timems="0.015" reason="excessive time being spent scavenging" timestamp="2019-07-02T19:17:31.692" />
<gc-end id="474" type="scavenge" contextid="469" durationms="4.310" usertimems="4.000" systemtimems="0.000" timestamp="2019-07-02T19:17:31.692" activeThreads="4">
  <mem-info id="475" free="3280904" total="9175040" percent="35">
    <mem type="nursery" free="1291160" total="2883584" percent="44">
      <mem type="allocate" free="1291160" total="1900544" percent="67" />
      <mem type="survivor" free="0" total="983040" percent="0" />
    </mem>
    <mem type="tenure" free="1989744" total="6291456" percent="31">
      <mem type="soa" free="1675376" total="5977088" percent="28" />
      <mem type="loa" free="314368" total="314368" percent="100" />
    </mem>
    <remembered-set count="148" />
  </mem-info>
</gc-end>
<cycle-end id="476" type="scavenge" contextid="469" timestamp="2019-07-02T19:17:31.692">
  <attribute name="GC Util" value="11" />
  <attribute name="CPU Util" value="66" />
  <attribute name="Time Running"value="917"/>
  <attribute name="Number of cores"value="4"/>
</cycle-end>
<allocation-satisfied id="477" threadId="0000000000A0EE00" bytesRequested="8200" />
<af-end id="478" timestamp="2019-07-02T19:17:31.693" threadId="0000000000A0F788" success="true" from="nursery"/>
<exclusive-end id="479" timestamp="2019-07-02T19:17:31.693" durationms="5.023" />

<exclusive-start id="480" timestamp="2019-07-02T19:17:31.722" intervalms="33.752">
  <response-info timems="0.040" idlems="0.040" threads="0" lastid="0000000000A0B200" lastname="Thread-3" />
</exclusive-start>
<af-start id="481" threadId="0000000000A0BB88" totalBytesRequested="16392" timestamp="2019-07-02T19:17:31.722" intervalms="33.753" type="nursery" />
<cycle-start id="482" type="scavenge" contextid="0" timestamp="2019-07-02T19:17:31.722" intervalms="33.749" />
  <attribute name="GC Util" value="11" />
  <attribute name="CPU Util" value="66" />
  <attribute name="Time Running"value="917"/>
  <attribute name="Number of cores"value="4"/>
<gc-start id="483" type="scavenge" contextid="482" timestamp="2019-07-02T19:17:31.722">
  <mem-info id="484" free="1989744" total="9175040" percent="21">
    <mem type="nursery" free="0" total="2883584" percent="0">
      <mem type="allocate" free="0" total="1900544" percent="0" />
      <mem type="survivor" free="0" total="983040" percent="0" />
    </mem>
    <mem type="tenure" free="1989744" total="6291456" percent="31">
      <mem type="soa" free="1675376" total="5977088" percent="28" />
      <mem type="loa" free="314368" total="314368" percent="100" />
    </mem>
    <remembered-set count="258" />
  </mem-info>
</gc-start>
<allocation-stats totalBytes="1243208" >
  <allocated-bytes non-tlh="57368" tlh="1185840" />
  <largest-consumer threadName="Thread-3" threadId="0000000000A0B200" bytes="605152" />
</allocation-stats>
<gc-op id="485" type="scavenge" timems="0.541" contextid="482" timestamp="2019-07-02T19:17:31.722">
  <scavenger-info tenureage="1" tenuremask="7ffe" tiltratio="65" />
  <memory-copied type="nursery" objects="798" bytes="271688" bytesdiscarded="99792" />
  <memory-copied type="tenure" objects="684" bytes="307792" bytesdiscarded="2256" />
</gc-op>
<gc-end id="486" type="scavenge" contextid="482" durationms="0.761" usertimems="0.000" systemtimems="0.000" timestamp="2019-07-02T19:17:31.722" activeThreads="4">
  <mem-info id="487" free="3415952" total="9175040" percent="37">
    <mem type="nursery" free="1725640" total="2883584" percent="59">
      <mem type="allocate" free="1725640" total="2097152" percent="82" />
      <mem type="survivor" free="0" total="786432" percent="0" />
    </mem>
    <mem type="tenure" free="1690312" total="6291456" percent="26">
      <mem type="soa" free="1375944" total="5977088" percent="23" />
      <mem type="loa" free="314368" total="314368" percent="100" />
    </mem>
    <remembered-set count="130" />
  </mem-info>
</gc-end>
<cycle-end id="488" type="scavenge" contextid="482" timestamp="2019-07-02T19:17:31.723">
  <attribute name="GC Util" value="12" />
  <attribute name="CPU Util" value="154" />
  <attribute name="Time Running"value="950"/>
  <attribute name="Number of cores"value="4"/>
</cycle-end>
<allocation-satisfied id="489" threadId="0000000000A0B200" bytesRequested="16392" />
<af-end id="490" timestamp="2019-07-02T19:17:31.723" threadId="0000000000A0BB88" success="true" from="nursery"/>
<exclusive-end id="491" timestamp="2019-07-02T19:17:31.723" durationms="1.328" />

<exclusive-start id="492" timestamp="2019-07-02T19:17:31.749" intervalms="27.341">
  <response-info timems="0.056" idlems="0.029" threads="1" lastid="0000000000A12A00" lastname="Thread-5" />
</exclusive-start>
<af-start id="493" threadId="0000000000A0BB88" totalBytesRequested="2056" timestamp="2019-07-02T19:17:31.749" intervalms="27.339" type="nursery" />
<cycle-start id="494" type="scavenge" contextid="0" timestamp="2019-07-02T19:17:31.749" intervalms="27.340" />
  <attribute name="GC Util" value="12" />
  <attribute name="CPU Util" value="154" />
  <attribute name="Time Running"value="950"/>
  <attribute name="Number of cores"value="4"/>
<gc-start id="495" type="scavenge" contextid="494" timestamp="2019-07-02T19:17:31.749">
  <mem-info id="496" free="1690312" total="9175040" percent="18">
    <mem type="nursery" free="0" total="2883584" percent="0">
      <mem type="allocate" free="0" total="2097152" percent="0" />
      <mem type="survivor" free="0" total="786432" percent="0" />
    </mem>
    <mem type="tenure" free="1690312" total="6291456" percent="26">
      <mem type="soa" free="1375944" total="5977088" percent="23" />
      <mem type="loa" free="314368" total="314368" percent="100" />
    </mem>
    <remembered-set count="221" />
  </mem-info>
</gc-start>
<allocation-stats totalBytes="1650408" >
  <allocated-bytes non-tlh="98336" tlh="1552072" />
  <largest-consumer threadName="Thread-3" threadId="0000000000A0B200" bytes="1039672" />
</allocation-stats>
<gc-op id="497" type="scavenge" timems="0.531" contextid="494" timestamp="2019-07-02T19:17:31.750">
  <scavenger-info tenureage="1" tenuremask="7ffe" tiltratio="72" />
  <memory-copied type="nursery" objects="1013" bytes="465248" bytesdiscarded="158624" />
  <memory-copied type="tenure" objects="674" bytes="230256" bytesdiscarded="2672" />
  <references type="phantom" candidates="2" cleared="0" enqueued="0" />
</gc-op>
<gc-end id="498" type="scavenge" contextid="494" durationms="0.717" usertimems="0.000" systemtimems="0.000" timestamp="2019-07-02T19:17:31.750" activeThreads="4">
  <mem-info id="499" free="2902280" total="9175040" percent="31">
    <mem type="nursery" free="1473232" total="2883584" percent="51">
      <mem type="allocate" free="1473232" total="2097152" percent="70" />
      <mem type="survivor" free="0" total="786432" percent="0" />
    </mem>
    <mem type="tenure" free="1429048" total="6291456" percent="22">
      <mem type="soa" free="1114680" total="5977088" percent="18" />
      <mem type="loa" free="314368" total="314368" percent="100" />
    </mem>
    <remembered-set count="139" />
  </mem-info>
</gc-end>
<cycle-end id="500" type="scavenge" contextid="494" timestamp="2019-07-02T19:17:31.750">
  <attribute name="GC Util" value="4" />
  <attribute name="CPU Util" value="113" />
  <attribute name="Time Running"value="978"/>
  <attribute name="Number of cores"value="4"/>
</cycle-end>
<allocation-satisfied id="501" threadId="0000000000A0B200" bytesRequested="2056" />
<af-end id="502" timestamp="2019-07-02T19:17:31.750" threadId="0000000000A0BB88" success="true" from="nursery"/>
<exclusive-end id="503" timestamp="2019-07-02T19:17:31.750" durationms="1.183" />

<exclusive-start id="504" timestamp="2019-07-02T19:17:31.779" intervalms="29.975">
  <response-info timems="0.032" idlems="0.032" threads="0" lastid="0000000000A12A00" lastname="Thread-5" />
</exclusive-start>
<af-start id="505" threadId="0000000000A13388" totalBytesRequested="8200" timestamp="2019-07-02T19:17:31.779" intervalms="29.993" type="nursery" />
<cycle-start id="506" type="scavenge" contextid="0" timestamp="2019-07-02T19:17:31.779" intervalms="29.995" />
  <attribute name="GC Util" value="4" />
  <attribute name="CPU Util" value="113" />
  <attribute name="Time Running"value="978"/>
  <attribute name="Number of cores"value="4"/>
<gc-start id="507" type="scavenge" contextid="506" timestamp="2019-07-02T19:17:31.779">
  <mem-info id="508" free="1429048" total="9175040" percent="15">
    <mem type="nursery" free="0" total="2883584" percent="0">
      <mem type="allocate" free="0" total="2097152" percent="0" />
      <mem type="survivor" free="0" total="786432" percent="0" />
    </mem>
    <mem type="tenure" free="1429048" total="6291456" percent="22">
      <mem type="soa" free="1114680" total="5977088" percent="18" />
      <mem type="loa" free="314368" total="314368" percent="100" />
    </mem>
    <remembered-set count="240" />
  </mem-info>
</gc-start>
<allocation-stats totalBytes="1425552" >
  <allocated-bytes non-tlh="67608" tlh="1357944" />
  <largest-consumer threadName="Thread-4" threadId="0000000000A0EE00" bytes="712080" />
</allocation-stats>
<gc-op id="509" type="scavenge" timems="3.352" contextid="506" timestamp="2019-07-02T19:17:31.783">
  <scavenger-info tenureage="1" tenuremask="7ffe" tiltratio="72" />
  <memory-copied type="nursery" objects="670" bytes="443328" bytesdiscarded="55128" />
  <memory-copied type="tenure" objects="962" bytes="460472" bytesdiscarded="4256" />
  <references type="phantom" candidates="1" cleared="0" enqueued="0" />
</gc-op>
<heap-resize id="510" type="expand" space="nursery" amount="131072" count="1" timems="0.015" reason="excessive time being spent scavenging" timestamp="2019-07-02T19:17:31.783" />
<gc-end id="511" type="scavenge" contextid="506" durationms="3.866" usertimems="4.000" systemtimems="0.000" timestamp="2019-07-02T19:17:31.783" activeThreads="4">
  <mem-info id="512" free="2694536" total="9306112" percent="28">
    <mem type="nursery" free="1729712" total="3014656" percent="57">
      <mem type="allocate" free="1729712" total="2228224" percent="77" />
      <mem type="survivor" free="0" total="786432" percent="0" />
    </mem>
    <mem type="tenure" free="964824" total="6291456" percent="15">
      <mem type="soa" free="650456" total="5977088" percent="10" />
      <mem type="loa" free="314368" total="314368" percent="100" />
    </mem>
    <remembered-set count="191" />
  </mem-info>
</gc-end>
<cycle-end id="513" type="scavenge" contextid="506" timestamp="2019-07-02T19:17:31.783">
  <attribute name="GC Util" value="3" />
  <attribute name="CPU Util" value="132" />
  <attribute name="Time Running"value="1008"/>
  <attribute name="Number of cores"value="4"/>
</cycle-end>
<allocation-satisfied id="514" threadId="0000000000A12A00" bytesRequested="8200" />
<af-end id="515" timestamp="2019-07-02T19:17:31.783" threadId="0000000000A13388" success="true" from="nursery"/>
<exclusive-end id="516" timestamp="2019-07-02T19:17:31.783" durationms="4.620" />

<exclusive-start id="517" timestamp="2019-07-02T19:17:31.846" intervalms="67.246">
  <response-info timems="0.069" idlems="0.069" threads="0" lastid="0000000000A0B200" lastname="Thread-3" />
</exclusive-start>
<af-start id="518" threadId="0000000000A0BB88" totalBytesRequested="16392" timestamp="2019-07-02T19:17:31.846" intervalms="67.238" type="nursery" />
<cycle-start id="519" type="scavenge" contextid="0" timestamp="2019-07-02T19:17:31.846" intervalms="67.237" />
  <attribute name="GC Util" value="3" />
  <attribute name="CPU Util" value="132" />
  <attribute name="Time Running"value="1008"/>
  <attribute name="Number of cores"value="4"/>
<gc-start id="520" type="scavenge" contextid="519" timestamp="2019-07-02T19:17:31.846">
  <mem-info id="521" free="964824" total="9306112" percent="10">
    <mem type="nursery" free="0" total="3014656" percent="0">
      <mem type="allocate" free="0" total="2228224" percent="0" />
      <mem type="survivor" free="0" total="786432" percent="0" />
    </mem>
    <mem type="tenure" free="964824" total="6291456" percent="15">
      <mem type="soa" free="650456" total="5977088" percent="10" />
      <mem type="loa" free="314368" total="314368" percent="100" />
    </mem>
    <remembered-set count="330" />
  </mem-info>
</gc-start>
<allocation-stats totalBytes="1675192" >
  <allocated-bytes non-tlh="40976" tlh="1634216" />
  <largest-consumer threadName="Thread-4" threadId="0000000000A0EE00" bytes="591304" />
</allocation-stats>
<gc-op id="522" type="scavenge" timems="0.709" contextid="519" timestamp="2019-07-02T19:17:31.847">
  <scavenger-info tenureage="1" tenuremask="7ffe" tiltratio="73" />
  <memory-copied type="nursery" objects="1799" bytes="641848" bytesdiscarded="88792" />
  <memory-copied type="tenure" objects="527" bytes="302864" bytesdiscarded="680" />
  <references type="weak" candidates="1" cleared="0" enqueued="0" />
  <references type="phantom" candidates="1" cleared="0" enqueued="0" />
</gc-op>
<gc-end id="523" type="scavenge" contextid="519" durationms="0.900" usertimems="0.000" systemtimems="0.000" timestamp="2019-07-02T19:17:31.847" activeThreads="4">
  <mem-info id="524" free="1952944" total="9306112" percent="20">
    <mem type="nursery" free="1366472" total="3014656" percent="45">
      <mem type="allocate" free="1366472" total="2097152" percent="65" />
      <mem type="survivor" free="0" total="917504" percent="0" />
    </mem>
    <mem type="tenure" free="586472" total="6291456" percent="9">
      <mem type="soa" free="272104" total="5977088" percent="4" />
      <mem type="loa" free="314368" total="314368" percent="100" />
    </mem>
    <remembered-set count="154" />
  </mem-info>
</gc-end>
<cycle-end id="525" type="scavenge" contextid="519" timestamp="2019-07-02T19:17:31.847">
  <attribute name="GC Util" value="5" />
  <attribute name="CPU Util" value="277" />
  <attribute name="Time Running"value="1075"/>
  <attribute name="Number of cores"value="4"/>
</cycle-end>
<allocation-satisfied id="526" threadId="0000000000A0B200" bytesRequested="16392" />
<af-end id="527" timestamp="2019-07-02T19:17:31.847" threadId="0000000000A0BB88" success="true" from="nursery"/>
<exclusive-end id="528" timestamp="2019-07-02T19:17:31.847" durationms="1.345" />

<concurrent-kickoff id="529" timestamp="2019-07-02T19:17:31.869">
  <kickoff reason="threshold reached" targetBytes="1830585" thresholdFreeBytes="252663"  remainingFree="231864" tenureFreeBytes="586472" nurseryFreeBytes="231864" />
</concurrent-kickoff>
<exclusive-start id="530" timestamp="2019-07-02T19:17:31.869" intervalms="23.346">
  <response-info timems="0.052" idlems="0.052" threads="0" lastid="0000000000A0EE00" lastname="Thread-4" />
</exclusive-start>
<cycle-start id="531" type="global" contextid="0" timestamp="2019-07-02T19:17:31.869" intervalms="320.524" />
  <attribute name="GC Util" value="5" />
  <attribute name="CPU Util" value="277" />
  <attribute name="Time Running"value="1075"/>
  <attribute name="Number of cores"value="4"/>
<exclusive-end id="532" timestamp="2019-07-02T19:17:31.870" durationms="0.098" />

<exclusive-start id="533" timestamp="2019-07-02T19:17:31.892" intervalms="22.338">
  <response-info timems="0.035" idlems="0.035" threads="0" lastid="0000000000A0B200" lastname="Thread-3" />
</exclusive-start>
<af-start id="534" threadId="0000000000A0BB88" totalBytesRequested="8200" timestamp="2019-07-02T19:17:31.892" intervalms="45.685" type="nursery" />
<cycle-start id="535" type="scavenge" contextid="0" timestamp="2019-07-02T19:17:31.892" intervalms="45.685" />
  <attribute name="GC Util" value="5" />
  <attribute name="CPU Util" value="277" />
  <attribute name="Time Running"value="1075"/>
  <attribute name="Number of cores"value="4"/>
<gc-start id="536" type="scavenge" contextid="535" timestamp="2019-07-02T19:17:31.892">
  <mem-info id="537" free="586472" total="9306112" percent="6">
    <mem type="nursery" free="0" total="3014656" percent="0">
      <mem type="allocate" free="0" total="2097152" percent="0" />
      <mem type="survivor" free="0" total="917504" percent="0" />
    </mem>
    <mem type="tenure" free="586472" total="6291456" percent="9">
      <mem type="soa" free="272104" total="5977088" percent="4" />
      <mem type="loa" free="314368" total="314368" percent="100" />
    </mem>
    <remembered-set count="260" />
  </mem-info>
</gc-start>
<allocation-stats totalBytes="1360496" >
  <allocated-bytes non-tlh="49168" tlh="1311328" />
  <largest-consumer threadName="Thread-4" threadId="0000000000A0EE00" bytes="554784" />
</allocation-stats>
<gc-op id="538" type="scavenge" timems="0.559" contextid="535" timestamp="2019-07-02T19:17:31.893">
  <scavenger-info tenureage="1" tenuremask="7ffe" tiltratio="69" />
  <memory-copied type="nursery" objects="1226" bytes="445080" bytesdiscarded="78216" />
  <memory-copied type="tenure" objects="665" bytes="202576" bytesdiscarded="0" />
  <references type="weak" candidates="1" cleared="0" enqueued="0" />
  <references type="phantom" candidates="1" cleared="0" enqueued="0" />
</gc-op>
<gc-end id="539" type="scavenge" contextid="535" durationms="0.736" usertimems="0.000" systemtimems="0.000" timestamp="2019-07-02T19:17:31.893" activeThreads="4">
  <mem-info id="540" free="2094504" total="9306112" percent="22">
    <mem type="nursery" free="1639360" total="3014656" percent="54">
      <mem type="allocate" free="1639360" total="2162688" percent="75" />
      <mem type="survivor" free="0" total="851968" percent="0" />
    </mem>
    <mem type="tenure" free="455144" total="6291456" percent="7">
      <mem type="soa" free="140776" total="5977088" percent="2" />
      <mem type="loa" free="314368" total="314368" percent="100" />
    </mem>
    <remembered-set count="122" />
  </mem-info>
</gc-end>
<cycle-end id="541" type="scavenge" contextid="535" timestamp="2019-07-02T19:17:31.893">
  <attribute name="GC Util" value="3" />
  <attribute name="CPU Util" value="207" />
  <attribute name="Time Running"value="1121"/>
  <attribute name="Number of cores"value="4"/>
</cycle-end>
<allocation-satisfied id="542" threadId="0000000000A0B200" bytesRequested="8200" />
<af-end id="543" timestamp="2019-07-02T19:17:31.893" threadId="0000000000A0BB88" success="true" from="nursery"/>
<exclusive-end id="544" timestamp="2019-07-02T19:17:31.893" durationms="1.184" />

<exclusive-start id="545" timestamp="2019-07-02T19:17:31.893" intervalms="1.547">
  <response-info timems="0.286" idlems="0.286" threads="0" lastid="0000000000A0EE00" lastname="Thread-4" />
</exclusive-start>
<concurrent-collection-start id="546" timestamp="2019-07-02T19:17:31.893" intervalms="340.239" >
  <concurrent-trace-info reason="card cleaning threshold reached" tracedByMutators="419516" tracedByHelpers="1177368" cardsCleaned="99" workStackOverflowCount="0" />
</concurrent-collection-start>
<gc-start id="547" type="global" contextid="531" timestamp="2019-07-02T19:17:31.893">
  <mem-info id="548" free="1955232" total="9306112" percent="21">
    <mem type="nursery" free="1500088" total="3014656" percent="49">
      <mem type="allocate" free="1500088" total="2162688" percent="69" />
      <mem type="survivor" free="0" total="851968" percent="0" />
    </mem>
    <mem type="tenure" free="455144" total="6291456" percent="7">
      <mem type="soa" free="140776" total="5977088" percent="2" />
      <mem type="loa" free="314368" total="314368" percent="100" />
    </mem>
    <remembered-set count="122" />
  </mem-info>
</gc-start>
<allocation-stats totalBytes="139272" >
  <allocated-bytes non-tlh="8200" tlh="131072" />
  <largest-consumer threadName="Thread-3" threadId="0000000000A0B200" bytes="57352" />
</allocation-stats>
<gc-op id="549" type="rs-scan" timems="0.166" contextid="531" timestamp="2019-07-02T19:17:31.894">
  <scan objectsFound="60" bytesTraced="21096" workStackOverflowCount="0" />
</gc-op>
<gc-op id="550" type="card-cleaning" timems="0.149" contextid="531" timestamp="2019-07-02T19:17:31.894">
  <card-cleaning cardsCleaned="97" bytesTraced="202576" workStackOverflowCount="0" />
</gc-op>
<gc-op id="551" type="mark" timems="0.657" contextid="531" timestamp="2019-07-02T19:17:31.895">
  <trace-info objectcount="1389" scancount="1231" scanbytes="214152" />
  <finalization candidates="25" enqueued="0" />
  <references type="soft" candidates="164" cleared="0" enqueued="0" dynamicThreshold="15" maxThreshold="32" />
  <references type="weak" candidates="247" cleared="0" enqueued="0" />
  <references type="phantom" candidates="71" cleared="0" enqueued="0" />
  <stringconstants candidates="3947" cleared="0"  />
</gc-op>
<gc-op id="552" type="sweep" timems="0.253" contextid="531" timestamp="2019-07-02T19:17:31.895" />
<gc-end id="553" type="global" contextid="531" durationms="1.741" usertimems="0.000" systemtimems="4.000" timestamp="2019-07-02T19:17:31.895" activeThreads="4">
  <mem-info id="554" free="4916960" total="9306112" percent="52">
    <mem type="nursery" free="1691904" total="3014656" percent="56">
      <mem type="allocate" free="1691904" total="2162688" percent="78" />
      <mem type="survivor" free="0" total="851968" percent="0" />
    </mem>
    <mem type="tenure" free="3225056" total="6291456" percent="51" micro-fragmented="28680" macro-fragmented="0">
      <mem type="soa" free="2910688" total="5977088" percent="48" />
      <mem type="loa" free="314368" total="314368" percent="100" />
    </mem>
    <remembered-set count="122" />
  </mem-info>
</gc-end>
<cycle-end id="555" type="global" contextid="531" timestamp="2019-07-02T19:17:31.895">
  <attribute name="GC Util" value="67" />
  <attribute name="CPU Util" value="23643760940565" />
  <attribute name="Time Running"value="1123"/>
  <attribute name="Number of cores"value="4"/>
</cycle-end>
<concurrent-collection-end id="556" timestamp="2019-07-02T19:17:31.895" />
<exclusive-end id="557" timestamp="2019-07-02T19:17:31.896" durationms="2.253" />

<exclusive-start id="558" timestamp="2019-07-02T19:17:31.915" intervalms="21.658">
  <response-info timems="0.087" idlems="0.087" threads="0" lastid="0000000000A0EE00" lastname="Thread-4" />
</exclusive-start>
<af-start id="559" threadId="0000000000A0F788" totalBytesRequested="32776" timestamp="2019-07-02T19:17:31.915" intervalms="23.195" type="nursery" />
<cycle-start id="560" type="scavenge" contextid="0" timestamp="2019-07-02T19:17:31.915" intervalms="23.193" />
  <attribute name="GC Util" value="67" />
  <attribute name="CPU Util" value="23643760940565" />
  <attribute name="Time Running"value="1123"/>
  <attribute name="Number of cores"value="4"/>
<gc-start id="561" type="scavenge" contextid="560" timestamp="2019-07-02T19:17:31.915">
  <mem-info id="562" free="3225056" total="9306112" percent="34">
    <mem type="nursery" free="0" total="3014656" percent="0">
      <mem type="allocate" free="0" total="2162688" percent="0" />
      <mem type="survivor" free="0" total="851968" percent="0" />
    </mem>
    <mem type="tenure" free="3225056" total="6291456" percent="51">
      <mem type="soa" free="2910688" total="5977088" percent="48" />
      <mem type="loa" free="314368" total="314368" percent="100" />
    </mem>
    <remembered-set count="249" />
  </mem-info>
</gc-start>
<allocation-stats totalBytes="1632456" >
  <allocated-bytes non-tlh="303208" tlh="1329248" />
  <largest-consumer threadName="Thread-3" threadId="0000000000A0B200" bytes="457400" />
</allocation-stats>
<gc-op id="563" type="scavenge" timems="0.454" contextid="560" timestamp="2019-07-02T19:17:31.916">
  <scavenger-info tenureage="1" tenuremask="7ffe" tiltratio="71" />
  <memory-copied type="nursery" objects="1794" bytes="767040" bytesdiscarded="84856" />
  <memory-copied type="tenure" objects="249" bytes="106768" bytesdiscarded="0" />
  <copy-failed type="nursery" objects="197" bytes="103288" />
  <references type="phantom" candidates="1" cleared="0" enqueued="0" />
</gc-op>
<gc-end id="564" type="scavenge" contextid="560" durationms="0.642" usertimems="0.000" systemtimems="0.000" timestamp="2019-07-02T19:17:31.916" activeThreads="4">
  <mem-info id="565" free="3834280" total="9306112" percent="41">
    <mem type="nursery" free="720896" total="3014656" percent="23">
      <mem type="allocate" free="720896" total="1572864" percent="45" />
      <mem type="survivor" free="0" total="1441792" percent="0" />
    </mem>
    <mem type="tenure" free="3113384" total="6291456" percent="49">
      <mem type="soa" free="2799016" total="5977088" percent="46" />
      <mem type="loa" free="314368" total="314368" percent="100" />
    </mem>
    <remembered-set count="140" />
  </mem-info>
</gc-end>
<cycle-end id="566" type="scavenge" contextid="560" timestamp="2019-07-02T19:17:31.916">
  <attribute name="GC Util" value="6" />
  <attribute name="CPU Util" value="58" />
  <attribute name="Time Running"value="1144"/>
  <attribute name="Number of cores"value="4"/>
</cycle-end>
<allocation-satisfied id="567" threadId="0000000000A0EE00" bytesRequested="32776" />
<af-end id="568" timestamp="2019-07-02T19:17:31.916" threadId="0000000000A0F788" success="true" from="nursery"/>
<exclusive-end id="569" timestamp="2019-07-02T19:17:31.916" durationms="1.054" />

<exclusive-start id="570" timestamp="2019-07-02T19:17:31.925" intervalms="9.858">
  <response-info timems="0.058" idlems="0.058" threads="0" lastid="0000000000A16500" lastname="Thread-6" />
</exclusive-start>
<af-start id="571" threadId="0000000000A16E88" totalBytesRequested="48" timestamp="2019-07-02T19:17:31.925" intervalms="9.845" type="nursery" />
<cycle-start id="572" type="scavenge" contextid="0" timestamp="2019-07-02T19:17:31.925" intervalms="9.840" />
  <attribute name="GC Util" value="6" />
  <attribute name="CPU Util" value="58" />
  <attribute name="Time Running"value="1144"/>
  <attribute name="Number of cores"value="4"/>
<gc-start id="573" type="scavenge" contextid="572" timestamp="2019-07-02T19:17:31.925">
  <mem-info id="574" free="3113384" total="9306112" percent="33">
    <mem type="nursery" free="0" total="3014656" percent="0">
      <mem type="allocate" free="0" total="1572864" percent="0" />
      <mem type="survivor" free="0" total="1441792" percent="0" />
    </mem>
    <mem type="tenure" free="3113384" total="6291456" percent="49">
      <mem type="soa" free="2799016" total="5977088" percent="46" />
      <mem type="loa" free="314368" total="314368" percent="100" />
    </mem>
    <remembered-set count="251" />
  </mem-info>
</gc-start>
<allocation-stats totalBytes="696968" >
  <allocated-bytes non-tlh="65552" tlh="631416" />
  <largest-consumer threadName="Thread-3" threadId="0000000000A0B200" bytes="296344" />
</allocation-stats>
<gc-op id="575" type="scavenge" timems="0.477" contextid="572" timestamp="2019-07-02T19:17:31.926">
  <scavenger-info tenureage="1" tenuremask="7ffe" tiltratio="52" />
  <memory-copied type="nursery" objects="812" bytes="302240" bytesdiscarded="149336" />
  <memory-copied type="tenure" objects="1179" bytes="550480" bytesdiscarded="5464" />
</gc-op>
<gc-end id="576" type="scavenge" contextid="572" durationms="0.639" usertimems="0.000" systemtimems="0.000" timestamp="2019-07-02T19:17:31.926" activeThreads="4">
  <mem-info id="577" free="3763640" total="9306112" percent="40">
    <mem type="nursery" free="1252336" total="3014656" percent="41">
      <mem type="allocate" free="1252336" total="1703936" percent="73" />
      <mem type="survivor" free="0" total="1310720" percent="0" />
    </mem>
    <mem type="tenure" free="2511304" total="6291456" percent="39">
      <mem type="soa" free="2196936" total="5977088" percent="36" />
      <mem type="loa" free="314368" total="314368" percent="100" />
    </mem>
    <remembered-set count="155" />
  </mem-info>
</gc-end>
<cycle-end id="578" type="scavenge" contextid="572" timestamp="2019-07-02T19:17:31.926">
  <attribute name="GC Util" value="9" />
  <attribute name="CPU Util" value="1877345665869" />
  <attribute name="Time Running"value="1154"/>
  <attribute name="Number of cores"value="4"/>
</cycle-end>
<allocation-satisfied id="579" threadId="0000000000A16500" bytesRequested="48" />
<af-end id="580" timestamp="2019-07-02T19:17:31.926" threadId="0000000000A16E88" success="true" from="nursery"/>
<exclusive-end id="581" timestamp="2019-07-02T19:17:31.926" durationms="0.989" />

<exclusive-start id="582" timestamp="2019-07-02T19:17:31.940" intervalms="14.827">
  <response-info timems="0.038" idlems="0.038" threads="0" lastid="0000000000A12A00" lastname="Thread-5" />
</exclusive-start>
<af-start id="583" threadId="0000000000A13388" totalBytesRequested="16392" timestamp="2019-07-02T19:17:31.940" intervalms="14.818" type="nursery" />
<cycle-start id="584" type="scavenge" contextid="0" timestamp="2019-07-02T19:17:31.940" intervalms="14.815" />
  <attribute name="GC Util" value="9" />
  <attribute name="CPU Util" value="1877345665869" />
  <attribute name="Time Running"value="1154"/>
  <attribute name="Number of cores"value="4"/>
<gc-start id="585" type="scavenge" contextid="584" timestamp="2019-07-02T19:17:31.940">
  <mem-info id="586" free="2511304" total="9306112" percent="26">
    <mem type="nursery" free="0" total="3014656" percent="0">
      <mem type="allocate" free="0" total="1703936" percent="0" />
      <mem type="survivor" free="0" total="1310720" percent="0" />
    </mem>
    <mem type="tenure" free="2511304" total="6291456" percent="39">
      <mem type="soa" free="2196936" total="5977088" percent="36" />
      <mem type="loa" free="314368" total="314368" percent="100" />
    </mem>
    <remembered-set count="315" />
  </mem-info>
</gc-start>
<allocation-stats totalBytes="1168704" >
  <allocated-bytes non-tlh="98376" tlh="1070328" />
  <largest-consumer threadName="Thread-4" threadId="0000000000A0EE00" bytes="652048" />
</allocation-stats>
<gc-op id="587" type="scavenge" timems="0.559" contextid="584" timestamp="2019-07-02T19:17:31.940">
  <scavenger-info tenureage="1" tenuremask="7ffe" tiltratio="56" />
  <memory-copied type="nursery" objects="829" bytes="394032" bytesdiscarded="38904" />
  <memory-copied type="tenure" objects="261" bytes="189224" bytesdiscarded="408" />
</gc-op>
<gc-end id="588" type="scavenge" contextid="584" durationms="0.747" usertimems="0.000" systemtimems="0.000" timestamp="2019-07-02T19:17:31.941" activeThreads="4">
  <mem-info id="589" free="3720616" total="9306112" percent="39">
    <mem type="nursery" free="1402024" total="3014656" percent="46">
      <mem type="allocate" free="1402024" total="1835008" percent="76" />
      <mem type="survivor" free="0" total="1179648" percent="0" />
    </mem>
    <mem type="tenure" free="2318592" total="6291456" percent="36">
      <mem type="soa" free="2004224" total="5977088" percent="33" />
      <mem type="loa" free="314368" total="314368" percent="100" />
    </mem>
    <remembered-set count="145" />
  </mem-info>
</gc-end>
<cycle-end id="590" type="scavenge" contextid="584" timestamp="2019-07-02T19:17:31.941">
  <attribute name="GC Util" value="6" />
  <attribute name="CPU Util" value="1245138231748" />
  <attribute name="Time Running"value="1168"/>
  <attribute name="Number of cores"value="4"/>
</cycle-end>
<allocation-satisfied id="591" threadId="0000000000A12A00" bytesRequested="16392" />
<af-end id="592" timestamp="2019-07-02T19:17:31.941" threadId="0000000000A13388" success="true" from="nursery"/>
<exclusive-end id="593" timestamp="2019-07-02T19:17:31.941" durationms="1.129" />

<exclusive-start id="594" timestamp="2019-07-02T19:17:31.964" intervalms="24.249">
  <response-info timems="0.144" idlems="0.144" threads="0" lastid="0000000000A0B200" lastname="Thread-3" />
</exclusive-start>
<af-start id="595" threadId="0000000000A0BB88" totalBytesRequested="48" timestamp="2019-07-02T19:17:31.964" intervalms="24.273" type="nursery" />
<cycle-start id="596" type="scavenge" contextid="0" timestamp="2019-07-02T19:17:31.964" intervalms="24.283" />
  <attribute name="GC Util" value="6" />
  <attribute name="CPU Util" value="1245138231748" />
  <attribute name="Time Running"value="1168"/>
  <attribute name="Number of cores"value="4"/>
<gc-start id="597" type="scavenge" contextid="596" timestamp="2019-07-02T19:17:31.964">
  <mem-info id="598" free="2318592" total="9306112" percent="24">
    <mem type="nursery" free="0" total="3014656" percent="0">
      <mem type="allocate" free="0" total="1835008" percent="0" />
      <mem type="survivor" free="0" total="1179648" percent="0" />
    </mem>
    <mem type="tenure" free="2318592" total="6291456" percent="36">
      <mem type="soa" free="2004224" total="5977088" percent="33" />
      <mem type="loa" free="314368" total="314368" percent="100" />
    </mem>
    <remembered-set count="282" />
  </mem-info>
</gc-start>
<allocation-stats totalBytes="1383816" >
  <allocated-bytes non-tlh="81944" tlh="1301872" />
  <largest-consumer threadName="Thread-4" threadId="0000000000A0EE00" bytes="578080" />
</allocation-stats>
<gc-op id="599" type="scavenge" timems="0.481" contextid="596" timestamp="2019-07-02T19:17:31.965">
  <scavenger-info tenureage="1" tenuremask="7ffe" tiltratio="60" />
  <memory-copied type="nursery" objects="1124" bytes="430808" bytesdiscarded="203408" />
  <memory-copied type="tenure" objects="714" bytes="254904" bytesdiscarded="3560" />
</gc-op>
<gc-end id="600" type="scavenge" contextid="596" durationms="0.667" usertimems="0.000" systemtimems="0.000" timestamp="2019-07-02T19:17:31.965" activeThreads="4">
  <mem-info id="601" free="3381656" total="9306112" percent="36">
    <mem type="nursery" free="1331840" total="3014656" percent="44">
      <mem type="allocate" free="1331840" total="1966080" percent="67" />
      <mem type="survivor" free="0" total="1048576" percent="0" />
    </mem>
    <mem type="tenure" free="2049816" total="6291456" percent="32">
      <mem type="soa" free="1735448" total="5977088" percent="29" />
      <mem type="loa" free="314368" total="314368" percent="100" />
    </mem>
    <remembered-set count="138" />
  </mem-info>
</gc-end>
<cycle-end id="602" type="scavenge" contextid="596" timestamp="2019-07-02T19:17:31.965">
  <attribute name="GC Util" value="3" />
  <attribute name="CPU Util" value="78" />
  <attribute name="Time Running"value="1193"/>
  <attribute name="Number of cores"value="4"/>
</cycle-end>
<allocation-satisfied id="603" threadId="0000000000A0B200" bytesRequested="48" />
<af-end id="604" timestamp="2019-07-02T19:17:31.965" threadId="0000000000A0BB88" success="true" from="nursery"/>
<exclusive-end id="605" timestamp="2019-07-02T19:17:31.965" durationms="1.102" />

<exclusive-start id="606" timestamp="2019-07-02T19:17:31.975" intervalms="11.144">
  <response-info timems="0.040" idlems="0.040" threads="0" lastid="0000000000A12A00" lastname="Thread-5" />
</exclusive-start>
<af-start id="607" threadId="0000000000A13388" totalBytesRequested="48" timestamp="2019-07-02T19:17:31.975" intervalms="11.134" type="nursery" />
<cycle-start id="608" type="scavenge" contextid="0" timestamp="2019-07-02T19:17:31.975" intervalms="11.132" />
  <attribute name="GC Util" value="3" />
  <attribute name="CPU Util" value="78" />
  <attribute name="Time Running"value="1193"/>
  <attribute name="Number of cores"value="4"/>
<gc-start id="609" type="scavenge" contextid="608" timestamp="2019-07-02T19:17:31.975">
  <mem-info id="610" free="2049816" total="9306112" percent="22">
    <mem type="nursery" free="0" total="3014656" percent="0">
      <mem type="allocate" free="0" total="1966080" percent="0" />
      <mem type="survivor" free="0" total="1048576" percent="0" />
    </mem>
    <mem type="tenure" free="2049816" total="6291456" percent="32">
      <mem type="soa" free="1735448" total="5977088" percent="29" />
      <mem type="loa" free="314368" total="314368" percent="100" />
    </mem>
    <remembered-set count="255" />
  </mem-info>
</gc-start>
<allocation-stats totalBytes="1254608" >
  <allocated-bytes non-tlh="114768" tlh="1139840" />
  <largest-consumer threadName="Thread-3" threadId="0000000000A0B200" bytes="527016" />
</allocation-stats>
<gc-op id="611" type="scavenge" timems="2.584" contextid="608" timestamp="2019-07-02T19:17:31.978">
  <scavenger-info tenureage="1" tenuremask="7ffe" tiltratio="65" />
  <memory-copied type="nursery" objects="757" bytes="310792" bytesdiscarded="131160" />
  <memory-copied type="tenure" objects="625" bytes="217928" bytesdiscarded="1336" />
  <references type="weak" candidates="1" cleared="0" enqueued="0" />
  <references type="phantom" candidates="1" cleared="0" enqueued="0" />
</gc-op>
<heap-resize id="612" type="expand" space="nursery" amount="262144" count="1" timems="0.015" reason="excessive time being spent scavenging" timestamp="2019-07-02T19:17:31.978" />
<gc-end id="613" type="scavenge" contextid="608" durationms="2.971" usertimems="0.000" systemtimems="0.000" timestamp="2019-07-02T19:17:31.978" activeThreads="4">
  <mem-info id="614" free="3522080" total="9568256" percent="36">
    <mem type="nursery" free="1786240" total="3276800" percent="54">
      <mem type="allocate" free="1786240" total="2228224" percent="80" />
      <mem type="survivor" free="0" total="1048576" percent="0" />
    </mem>
    <mem type="tenure" free="1735840" total="6291456" percent="27">
      <mem type="soa" free="1421472" total="5977088" percent="23" />
      <mem type="loa" free="314368" total="314368" percent="100" />
    </mem>
    <remembered-set count="139" />
  </mem-info>
</gc-end>
<cycle-end id="615" type="scavenge" contextid="608" timestamp="2019-07-02T19:17:31.978">
  <attribute name="GC Util" value="9" />
  <attribute name="CPU Util" value="1658373998554" />
  <attribute name="Time Running"value="1204"/>
  <attribute name="Number of cores"value="4"/>
</cycle-end>
<allocation-satisfied id="616" threadId="0000000000A12A00" bytesRequested="48" />
<af-end id="617" timestamp="2019-07-02T19:17:31.979" threadId="0000000000A13388" success="true" from="nursery"/>
<exclusive-end id="618" timestamp="2019-07-02T19:17:31.979" durationms="3.689" />

<exclusive-start id="619" timestamp="2019-07-02T19:17:31.996" intervalms="21.035">
  <response-info timems="0.032" idlems="0.032" threads="0" lastid="0000000000A0EE00" lastname="Thread-4" />
</exclusive-start>
<af-start id="620" threadId="0000000000A0F788" totalBytesRequested="16" timestamp="2019-07-02T19:17:31.996" intervalms="21.036" type="nursery" />
<cycle-start id="621" type="scavenge" contextid="0" timestamp="2019-07-02T19:17:31.996" intervalms="21.036" />
  <attribute name="GC Util" value="9" />
  <attribute name="CPU Util" value="1658373998554" />
  <attribute name="Time Running"value="1204"/>
  <attribute name="Number of cores"value="4"/>
<gc-start id="622" type="scavenge" contextid="621" timestamp="2019-07-02T19:17:31.996">
  <mem-info id="623" free="1735840" total="9568256" percent="18">
    <mem type="nursery" free="0" total="3276800" percent="0">
      <mem type="allocate" free="0" total="2228224" percent="0" />
      <mem type="survivor" free="0" total="1048576" percent="0" />
    </mem>
    <mem type="tenure" free="1735840" total="6291456" percent="27">
      <mem type="soa" free="1421472" total="5977088" percent="23" />
      <mem type="loa" free="314368" total="314368" percent="100" />
    </mem>
    <remembered-set count="310" />
  </mem-info>
</gc-start>
<allocation-stats totalBytes="1784792" >
  <allocated-bytes non-tlh="32824" tlh="1751968" />
  <largest-consumer threadName="Thread-3" threadId="0000000000A0B200" bytes="782224" />
</allocation-stats>
<gc-op id="624" type="scavenge" timems="0.374" contextid="621" timestamp="2019-07-02T19:17:31.997">
  <scavenger-info tenureage="1" tenuremask="7ffe" tiltratio="68" />
  <memory-copied type="nursery" objects="1349" bytes="559936" bytesdiscarded="311104" />
  <memory-copied type="tenure" objects="643" bytes="263824" bytesdiscarded="2472" />
</gc-op>
<gc-end id="625" type="scavenge" contextid="621" durationms="0.559" usertimems="0.000" systemtimems="0.000" timestamp="2019-07-02T19:17:31.997" activeThreads="4">
  <mem-info id="626" free="2953912" total="9568256" percent="30">
    <mem type="nursery" free="1488216" total="3276800" percent="45">
      <mem type="allocate" free="1488216" total="2359296" percent="63" />
      <mem type="survivor" free="0" total="917504" percent="0" />
    </mem>
    <mem type="tenure" free="1465696" total="6291456" percent="23">
      <mem type="soa" free="1151328" total="5977088" percent="19" />
      <mem type="loa" free="314368" total="314368" percent="100" />
    </mem>
    <remembered-set count="152" />
  </mem-info>
</gc-end>
<cycle-end id="627" type="scavenge" contextid="621" timestamp="2019-07-02T19:17:31.997">
  <attribute name="GC Util" value="13" />
  <attribute name="CPU Util" value="876985686599" />
  <attribute name="Time Running"value="1225"/>
  <attribute name="Number of cores"value="4"/>
</cycle-end>
<allocation-satisfied id="628" threadId="0000000000A0EE00" bytesRequested="16" />
<af-end id="629" timestamp="2019-07-02T19:17:31.997" threadId="0000000000A0F788" success="true" from="nursery"/>
<exclusive-end id="630" timestamp="2019-07-02T19:17:31.997" durationms="0.953" />

<exclusive-start id="631" timestamp="2019-07-02T19:17:32.007" intervalms="10.707">
  <response-info timems="0.019" idlems="0.019" threads="0" lastid="0000000000A16500" lastname="Thread-6" />
</exclusive-start>
<af-start id="632" threadId="0000000000A16E88" totalBytesRequested="48" timestamp="2019-07-02T19:17:32.007" intervalms="10.694" type="nursery" />
<cycle-start id="633" type="scavenge" contextid="0" timestamp="2019-07-02T19:17:32.007" intervalms="10.690" />
  <attribute name="GC Util" value="13" />
  <attribute name="CPU Util" value="876985686599" />
  <attribute name="Time Running"value="1225"/>
  <attribute name="Number of cores"value="4"/>
<gc-start id="634" type="scavenge" contextid="633" timestamp="2019-07-02T19:17:32.007">
  <mem-info id="635" free="1465696" total="9568256" percent="15">
    <mem type="nursery" free="0" total="3276800" percent="0">
      <mem type="allocate" free="0" total="2359296" percent="0" />
      <mem type="survivor" free="0" total="917504" percent="0" />
    </mem>
    <mem type="tenure" free="1465696" total="6291456" percent="23">
      <mem type="soa" free="1151328" total="5977088" percent="19" />
      <mem type="loa" free="314368" total="314368" percent="100" />
    </mem>
    <remembered-set count="309" />
  </mem-info>
</gc-start>
<allocation-stats totalBytes="1451496" >
  <allocated-bytes non-tlh="163896" tlh="1287600" />
  <largest-consumer threadName="Thread-3" threadId="0000000000A0B200" bytes="499616" />
</allocation-stats>
<gc-op id="636" type="scavenge" timems="0.402" contextid="633" timestamp="2019-07-02T19:17:32.007">
  <scavenger-info tenureage="1" tenuremask="7ffe" tiltratio="72" />
  <memory-copied type="nursery" objects="1829" bytes="729120" bytesdiscarded="188320" />
  <memory-copied type="tenure" objects="796" bytes="342976" bytesdiscarded="3312" />
</gc-op>
<gc-end id="637" type="scavenge" contextid="633" durationms="0.581" usertimems="4.000" systemtimems="0.000" timestamp="2019-07-02T19:17:32.008" activeThreads="4">
  <mem-info id="638" free="2535496" total="9568256" percent="26">
    <mem type="nursery" free="1376256" total="3276800" percent="42">
      <mem type="allocate" free="1376256" total="2293760" percent="60" />
      <mem type="survivor" free="0" total="983040" percent="0" />
    </mem>
    <mem type="tenure" free="1159240" total="6291456" percent="18">
      <mem type="soa" free="844872" total="5977088" percent="14" />
      <mem type="loa" free="314368" total="314368" percent="100" />
    </mem>
    <remembered-set count="149" />
  </mem-info>
</gc-end>
<cycle-end id="639" type="scavenge" contextid="633" timestamp="2019-07-02T19:17:32.008">
  <attribute name="GC Util" value="10" />
  <attribute name="CPU Util" value="1726834366242" />
  <attribute name="Time Running"value="1236"/>
  <attribute name="Number of cores"value="4"/>
</cycle-end>
<allocation-satisfied id="640" threadId="0000000000A16500" bytesRequested="48" />
<af-end id="641" timestamp="2019-07-02T19:17:32.008" threadId="0000000000A16E88" success="true" from="nursery"/>
<exclusive-end id="642" timestamp="2019-07-02T19:17:32.008" durationms="0.957" />

<exclusive-start id="643" timestamp="2019-07-02T19:17:32.020" intervalms="13.539">
  <response-info timems="0.048" idlems="0.048" threads="0" lastid="0000000000A12A00" lastname="Thread-5" />
</exclusive-start>
<af-start id="644" threadId="0000000000A13388" totalBytesRequested="48" timestamp="2019-07-02T19:17:32.020" intervalms="13.545" type="nursery" />
<cycle-start id="645" type="scavenge" contextid="0" timestamp="2019-07-02T19:17:32.020" intervalms="13.549" />
  <attribute name="GC Util" value="10" />
  <attribute name="CPU Util" value="1726834366242" />
  <attribute name="Time Running"value="1236"/>
  <attribute name="Number of cores"value="4"/>
<gc-start id="646" type="scavenge" contextid="645" timestamp="2019-07-02T19:17:32.021">
  <mem-info id="647" free="1159240" total="9568256" percent="12">
    <mem type="nursery" free="0" total="3276800" percent="0">
      <mem type="allocate" free="0" total="2293760" percent="0" />
      <mem type="survivor" free="0" total="983040" percent="0" />
    </mem>
    <mem type="tenure" free="1159240" total="6291456" percent="18">
      <mem type="soa" free="844872" total="5977088" percent="14" />
      <mem type="loa" free="314368" total="314368" percent="100" />
    </mem>
    <remembered-set count="273" />
  </mem-info>
</gc-start>
<allocation-stats totalBytes="1327888" >
  <allocated-bytes non-tlh="65600" tlh="1262288" />
  <largest-consumer threadName="Thread-3" threadId="0000000000A0B200" bytes="564720" />
</allocation-stats>
<gc-op id="648" type="scavenge" timems="3.287" contextid="645" timestamp="2019-07-02T19:17:32.024">
  <scavenger-info tenureage="1" tenuremask="7ffe" tiltratio="70" />
  <memory-copied type="nursery" objects="1381" bytes="520192" bytesdiscarded="237360" />
  <memory-copied type="tenure" objects="687" bytes="301336" bytesdiscarded="1856" />
</gc-op>
<heap-resize id="649" type="expand" space="nursery" amount="393216" count="1" timems="0.014" reason="excessive time being spent scavenging" timestamp="2019-07-02T19:17:32.024" />
<gc-end id="650" type="scavenge" contextid="645" durationms="3.531" usertimems="4.000" systemtimems="0.000" timestamp="2019-07-02T19:17:32.024" activeThreads="4">
  <mem-info id="651" free="2499384" total="9961472" percent="25">
    <mem type="nursery" free="1798320" total="3670016" percent="49">
      <mem type="allocate" free="1798320" total="2555904" percent="70" />
      <mem type="survivor" free="0" total="1114112" percent="0" />
    </mem>
    <mem type="tenure" free="701064" total="6291456" percent="11">
      <mem type="soa" free="386696" total="5977088" percent="6" />
      <mem type="loa" free="314368" total="314368" percent="100" />
    </mem>
    <remembered-set count="128" />
  </mem-info>
</gc-end>
<cycle-end id="652" type="scavenge" contextid="645" timestamp="2019-07-02T19:17:32.024">
  <attribute name="GC Util" value="8" />
  <attribute name="CPU Util" value="1360947923155" />
  <attribute name="Time Running"value="1249"/>
  <attribute name="Number of cores"value="4"/>
</cycle-end>
<allocation-satisfied id="653" threadId="0000000000A12A00" bytesRequested="48" />
<af-end id="654" timestamp="2019-07-02T19:17:32.024" threadId="0000000000A13388" success="true" from="nursery"/>
<exclusive-end id="655" timestamp="2019-07-02T19:17:32.024" durationms="3.926" />

<concurrent-kickoff id="656" timestamp="2019-07-02T19:17:32.039">
  <kickoff reason="threshold reached" targetBytes="1780158" thresholdFreeBytes="245843"  remainingFree="233632" tenureFreeBytes="701064" nurseryFreeBytes="233632" />
</concurrent-kickoff>
<exclusive-start id="657" timestamp="2019-07-02T19:17:32.040" intervalms="19.278">
  <response-info timems="0.033" idlems="0.033" threads="0" lastid="0000000000A16500" lastname="Thread-6" />
</exclusive-start>
<cycle-start id="658" type="global" contextid="0" timestamp="2019-07-02T19:17:32.040" intervalms="170.203" />
  <attribute name="GC Util" value="8" />
  <attribute name="CPU Util" value="1360947923155" />
  <attribute name="Time Running"value="1249"/>
  <attribute name="Number of cores"value="4"/>
<exclusive-end id="659" timestamp="2019-07-02T19:17:32.040" durationms="0.124" />

<exclusive-start id="660" timestamp="2019-07-02T19:17:32.043" intervalms="3.010">
  <response-info timems="0.034" idlems="0.034" threads="0" lastid="0000000000A16500" lastname="Thread-6" />
</exclusive-start>
<af-start id="661" threadId="0000000000A16E88" totalBytesRequested="2056" timestamp="2019-07-02T19:17:32.043" intervalms="22.323" type="nursery" />
<cycle-start id="662" type="scavenge" contextid="0" timestamp="2019-07-02T19:17:32.043" intervalms="22.322" />
  <attribute name="GC Util" value="8" />
  <attribute name="CPU Util" value="1360947923155" />
  <attribute name="Time Running"value="1249"/>
  <attribute name="Number of cores"value="4"/>
<gc-start id="663" type="scavenge" contextid="662" timestamp="2019-07-02T19:17:32.043">
  <mem-info id="664" free="701064" total="9961472" percent="7">
    <mem type="nursery" free="0" total="3670016" percent="0">
      <mem type="allocate" free="0" total="2555904" percent="0" />
      <mem type="survivor" free="0" total="1114112" percent="0" />
    </mem>
    <mem type="tenure" free="701064" total="6291456" percent="11">
      <mem type="soa" free="386696" total="5977088" percent="6" />
      <mem type="loa" free="314368" total="314368" percent="100" />
    </mem>
    <remembered-set count="298" />
  </mem-info>
</gc-start>
<allocation-stats totalBytes="1773464" >
  <allocated-bytes non-tlh="114768" tlh="1658696" />
  <largest-consumer threadName="Thread-6" threadId="0000000000A16500" bytes="827840" />
</allocation-stats>
<gc-op id="665" type="scavenge" timems="0.577" contextid="662" timestamp="2019-07-02T19:17:32.044">
  <scavenger-info tenureage="1" tenuremask="7ffe" tiltratio="69" />
  <memory-copied type="nursery" objects="1263" bytes="503408" bytesdiscarded="424104" />
  <memory-copied type="tenure" objects="1345" bytes="518560" bytesdiscarded="2160" />
  <references type="phantom" candidates="1" cleared="0" enqueued="0" />
  <heap-resize type="expand" space="tenure" amount="131072" count="2" timems="0.086" reason="continue current collection" />
</gc-op>
<gc-end id="666" type="scavenge" contextid="662" durationms="0.774" usertimems="0.000" systemtimems="0.000" timestamp="2019-07-02T19:17:32.044" activeThreads="4">
  <mem-info id="667" free="2210992" total="10092544" percent="21">
    <mem type="nursery" free="1890480" total="3670016" percent="51">
      <mem type="allocate" free="1890480" total="2818048" percent="67" />
      <mem type="survivor" free="0" total="851968" percent="0" />
    </mem>
    <mem type="tenure" free="320512" total="6422528" percent="4">
      <mem type="soa" free="0" total="6102016" percent="0" />
      <mem type="loa" free="320512" total="320512" percent="100" />
    </mem>
    <remembered-set count="171" />
  </mem-info>
</gc-end>
<cycle-end id="668" type="scavenge" contextid="662" timestamp="2019-07-02T19:17:32.044">
  <attribute name="GC Util" value="23" />
  <attribute name="CPU Util" value="826145083402" />
  <attribute name="Time Running"value="1271"/>
  <attribute name="Number of cores"value="4"/>
</cycle-end>
<allocation-satisfied id="669" threadId="0000000000A16500" bytesRequested="2056" />
<af-end id="670" timestamp="2019-07-02T19:17:32.044" threadId="0000000000A16E88" success="true" from="nursery"/>
<exclusive-end id="671" timestamp="2019-07-02T19:17:32.044" durationms="1.236" />

<exclusive-start id="672" timestamp="2019-07-02T19:17:32.045" intervalms="2.872">
  <response-info timems="0.105" idlems="0.091" threads="1" lastid="0000000000A16500" lastname="Thread-6" />
</exclusive-start>
<concurrent-collection-start id="673" timestamp="2019-07-02T19:17:32.046" intervalms="152.179" >
  <concurrent-trace-info reason="card cleaning threshold reached" tracedByMutators="256860" tracedByHelpers="1222764" cardsCleaned="116" workStackOverflowCount="0" />
</concurrent-collection-start>
<gc-start id="674" type="global" contextid="658" timestamp="2019-07-02T19:17:32.046">
  <mem-info id="675" free="1856664" total="10092544" percent="18">
    <mem type="nursery" free="1536152" total="3670016" percent="41">
      <mem type="allocate" free="1536152" total="2818048" percent="54" />
      <mem type="survivor" free="0" total="851968" percent="0" />
    </mem>
    <mem type="tenure" free="320512" total="6422528" percent="4">
      <mem type="soa" free="0" total="6102016" percent="0" />
      <mem type="loa" free="320512" total="320512" percent="100" />
    </mem>
    <remembered-set count="197" />
  </mem-info>
</gc-start>
<allocation-stats totalBytes="340608" >
  <allocated-bytes non-tlh="51224" tlh="289384" />
  <largest-consumer threadName="Thread-4" threadId="0000000000A0EE00" bytes="199288" />
</allocation-stats>
<gc-op id="676" type="rs-scan" timems="0.226" contextid="658" timestamp="2019-07-02T19:17:32.046">
  <scan objectsFound="61" bytesTraced="13020" workStackOverflowCount="0" />
</gc-op>
<gc-op id="677" type="card-cleaning" timems="0.161" contextid="658" timestamp="2019-07-02T19:17:32.046">
  <card-cleaning cardsCleaned="73" bytesTraced="320068" workStackOverflowCount="0" />
</gc-op>
<gc-op id="678" type="mark" timems="0.559" contextid="658" timestamp="2019-07-02T19:17:32.047">
  <trace-info objectcount="925" scancount="813" scanbytes="147916" />
  <finalization candidates="25" enqueued="0" />
  <references type="soft" candidates="164" cleared="0" enqueued="0" dynamicThreshold="16" maxThreshold="32" />
  <references type="weak" candidates="246" cleared="0" enqueued="0" />
  <references type="phantom" candidates="71" cleared="0" enqueued="0" />
  <stringconstants candidates="3947" cleared="0"  />
</gc-op>
<gc-op id="679" type="sweep" timems="0.320" contextid="658" timestamp="2019-07-02T19:17:32.047" />
<gc-end id="680" type="global" contextid="658" durationms="1.751" usertimems="4.000" systemtimems="0.000" timestamp="2019-07-02T19:17:32.047" activeThreads="4">
  <mem-info id="681" free="5715864" total="10092544" percent="56">
    <mem type="nursery" free="2288104" total="3670016" percent="62">
      <mem type="allocate" free="2288104" total="2818048" percent="81" />
      <mem type="survivor" free="0" total="851968" percent="0" />
    </mem>
    <mem type="tenure" free="3427760" total="6422528" percent="53" micro-fragmented="21766" macro-fragmented="0">
      <mem type="soa" free="3107248" total="6102016" percent="50" />
      <mem type="loa" free="320512" total="320512" percent="100" />
    </mem>
    <remembered-set count="160" />
  </mem-info>
</gc-end>
<cycle-end id="682" type="global" contextid="658" timestamp="2019-07-02T19:17:32.048">
  <attribute name="GC Util" value="112" />
  <attribute name="CPU Util" value="28103243283363" />
  <attribute name="Time Running"value="1275"/>
  <attribute name="Number of cores"value="4"/>
</cycle-end>
<concurrent-collection-end id="683" timestamp="2019-07-02T19:17:32.048" />
<exclusive-end id="684" timestamp="2019-07-02T19:17:32.048" durationms="2.220" />

<exclusive-start id="685" timestamp="2019-07-02T19:17:32.063" intervalms="17.205">
  <response-info timems="0.044" idlems="0.044" threads="0" lastid="0000000000A12A00" lastname="Thread-5" />
</exclusive-start>
<af-start id="686" threadId="0000000000A13388" totalBytesRequested="32776" timestamp="2019-07-02T19:17:32.063" intervalms="20.049" type="nursery" />
<cycle-start id="687" type="scavenge" contextid="0" timestamp="2019-07-02T19:17:32.063" intervalms="20.050" />
  <attribute name="GC Util" value="112" />
  <attribute name="CPU Util" value="28103243283363" />
  <attribute name="Time Running"value="1275"/>
  <attribute name="Number of cores"value="4"/>
<gc-start id="688" type="scavenge" contextid="687" timestamp="2019-07-02T19:17:32.063">
  <mem-info id="689" free="3427760" total="10092544" percent="33">
    <mem type="nursery" free="0" total="3670016" percent="0">
      <mem type="allocate" free="0" total="2818048" percent="0" />
      <mem type="survivor" free="0" total="851968" percent="0" />
    </mem>
    <mem type="tenure" free="3427760" total="6422528" percent="53">
      <mem type="soa" free="3107248" total="6102016" percent="50" />
      <mem type="loa" free="320512" total="320512" percent="100" />
    </mem>
    <remembered-set count="305" />
  </mem-info>
</gc-start>
<allocation-stats totalBytes="2196536" >
  <allocated-bytes non-tlh="139320" tlh="2057216" />
  <largest-consumer threadName="Thread-5" threadId="0000000000A12A00" bytes="1109824" />
</allocation-stats>
<gc-op id="690" type="scavenge" timems="4.791" contextid="687" timestamp="2019-07-02T19:17:32.068">
  <scavenger-info tenureage="1" tenuremask="7ffe" tiltratio="76" />
  <memory-copied type="nursery" objects="1012" bytes="476440" bytesdiscarded="286200" />
  <memory-copied type="tenure" objects="500" bytes="202344" bytesdiscarded="5864" />
</gc-op>
<heap-resize id="691" type="expand" space="nursery" amount="393216" count="1" timems="0.015" reason="excessive time being spent scavenging" timestamp="2019-07-02T19:17:32.068" />
<gc-end id="692" type="scavenge" contextid="687" durationms="5.087" usertimems="0.000" systemtimems="8.000" timestamp="2019-07-02T19:17:32.068" activeThreads="4">
  <mem-info id="693" free="5529808" total="10485760" percent="52">
    <mem type="nursery" free="2317512" total="4063232" percent="57">
      <mem type="allocate" free="2317512" total="3080192" percent="75" />
      <mem type="survivor" free="0" total="983040" percent="0" />
    </mem>
    <mem type="tenure" free="3212296" total="6422528" percent="50">
      <mem type="soa" free="2891784" total="6102016" percent="47" />
      <mem type="loa" free="320512" total="320512" percent="100" />
    </mem>
    <remembered-set count="167" />
  </mem-info>
</gc-end>
<cycle-end id="694" type="scavenge" contextid="687" timestamp="2019-07-02T19:17:32.068">
  <attribute name="GC Util" value="6" />
  <attribute name="CPU Util" value="1146415880801" />
  <attribute name="Time Running"value="1292"/>
  <attribute name="Number of cores"value="4"/>
</cycle-end>
<allocation-satisfied id="695" threadId="0000000000A12A00" bytesRequested="32776" />
<af-end id="696" timestamp="2019-07-02T19:17:32.068" threadId="0000000000A13388" success="true" from="nursery"/>
<exclusive-end id="697" timestamp="2019-07-02T19:17:32.069" durationms="5.844" />

<exclusive-start id="698" timestamp="2019-07-02T19:17:32.087" intervalms="24.320">
  <response-info timems="0.047" idlems="0.047" threads="0" lastid="0000000000A12A00" lastname="Thread-5" />
</exclusive-start>
<af-start id="699" threadId="0000000000A13388" totalBytesRequested="8200" timestamp="2019-07-02T19:17:32.087" intervalms="24.320" type="nursery" />
<cycle-start id="700" type="scavenge" contextid="0" timestamp="2019-07-02T19:17:32.087" intervalms="24.320" />
  <attribute name="GC Util" value="6" />
  <attribute name="CPU Util" value="1146415880801" />
  <attribute name="Time Running"value="1292"/>
  <attribute name="Number of cores"value="4"/>
<gc-start id="701" type="scavenge" contextid="700" timestamp="2019-07-02T19:17:32.087">
  <mem-info id="702" free="3212296" total="10485760" percent="30">
    <mem type="nursery" free="0" total="4063232" percent="0">
      <mem type="allocate" free="0" total="3080192" percent="0" />
      <mem type="survivor" free="0" total="983040" percent="0" />
    </mem>
    <mem type="tenure" free="3212296" total="6422528" percent="50">
      <mem type="soa" free="2891784" total="6102016" percent="47" />
      <mem type="loa" free="320512" total="320512" percent="100" />
    </mem>
    <remembered-set count="346" />
  </mem-info>
</gc-start>
<allocation-stats totalBytes="2264824" >
  <allocated-bytes non-tlh="98328" tlh="2166496" />
  <largest-consumer threadName="Thread-3" threadId="0000000000A0B200" bytes="945848" />
</allocation-stats>
<gc-op id="703" type="scavenge" timems="2.505" contextid="700" timestamp="2019-07-02T19:17:32.090">
  <scavenger-info tenureage="1" tenuremask="7ffe" tiltratio="75" />
  <memory-copied type="nursery" objects="1721" bytes="735424" bytesdiscarded="112200" />
  <memory-copied type="tenure" objects="864" bytes="368400" bytesdiscarded="2760" />
  <references type="phantom" candidates="1" cleared="0" enqueued="0" />
</gc-op>
<heap-resize id="704" type="expand" space="nursery" amount="262144" count="1" timems="0.014" reason="excessive time being spent scavenging" timestamp="2019-07-02T19:17:32.090" />
<gc-end id="705" type="scavenge" contextid="700" durationms="2.757" usertimems="0.000" systemtimems="4.000" timestamp="2019-07-02T19:17:32.090" activeThreads="4">
  <mem-info id="706" free="5143168" total="10747904" percent="47">
    <mem type="nursery" free="2363576" total="4325376" percent="54">
      <mem type="allocate" free="2363576" total="3211264" percent="73" />
      <mem type="survivor" free="0" total="1114112" percent="0" />
    </mem>
    <mem type="tenure" free="2779592" total="6422528" percent="43">
      <mem type="soa" free="2459080" total="6102016" percent="40" />
      <mem type="loa" free="320512" total="320512" percent="100" />
    </mem>
    <remembered-set count="159" />
  </mem-info>
</gc-end>
<cycle-end id="707" type="scavenge" contextid="700" timestamp="2019-07-02T19:17:32.090">
  <attribute name="GC Util" value="30" />
  <attribute name="CPU Util" value="758476507620" />
  <attribute name="Time Running"value="1316"/>
  <attribute name="Number of cores"value="4"/>
</cycle-end>
<allocation-satisfied id="708" threadId="0000000000A12A00" bytesRequested="8200" />
<af-end id="709" timestamp="2019-07-02T19:17:32.090" threadId="0000000000A13388" success="true" from="nursery"/>
<exclusive-end id="710" timestamp="2019-07-02T19:17:32.090" durationms="3.163" />

<exclusive-start id="711" timestamp="2019-07-02T19:17:32.110" intervalms="23.341">
  <response-info timems="0.048" idlems="0.030" threads="1" lastid="00000000006DD300" lastname="JIT Compilation Thread-0" />
</exclusive-start>
<af-start id="712" threadId="0000000000A0F788" totalBytesRequested="48" timestamp="2019-07-02T19:17:32.111" intervalms="23.519" type="nursery" />
<cycle-start id="713" type="scavenge" contextid="0" timestamp="2019-07-02T19:17:32.111" intervalms="23.518" />
  <attribute name="GC Util" value="30" />
  <attribute name="CPU Util" value="758476507620" />
  <attribute name="Time Running"value="1316"/>
  <attribute name="Number of cores"value="4"/>
<gc-start id="714" type="scavenge" contextid="713" timestamp="2019-07-02T19:17:32.111">
  <mem-info id="715" free="2779592" total="10747904" percent="25">
    <mem type="nursery" free="0" total="4325376" percent="0">
      <mem type="allocate" free="0" total="3211264" percent="0" />
      <mem type="survivor" free="0" total="1114112" percent="0" />
    </mem>
    <mem type="tenure" free="2779592" total="6422528" percent="43">
      <mem type="soa" free="2459080" total="6102016" percent="40" />
      <mem type="loa" free="320512" total="320512" percent="100" />
    </mem>
    <remembered-set count="297" />
  </mem-info>
</gc-start>
<allocation-stats totalBytes="2271704" >
  <allocated-bytes non-tlh="73752" tlh="2197952" />
  <largest-consumer threadName="Thread-5" threadId="0000000000A12A00" bytes="978352" />
</allocation-stats>
<gc-op id="716" type="scavenge" timems="0.479" contextid="713" timestamp="2019-07-02T19:17:32.111">
  <scavenger-info tenureage="1" tenuremask="7ffe" tiltratio="74" />
  <memory-copied type="nursery" objects="1142" bytes="445160" bytesdiscarded="141864" />
  <memory-copied type="tenure" objects="797" bytes="378000" bytesdiscarded="4632" />
  <references type="phantom" candidates="2" cleared="0" enqueued="0" />
</gc-op>
<gc-end id="717" type="scavenge" contextid="713" durationms="0.667" usertimems="0.000" systemtimems="0.000" timestamp="2019-07-02T19:17:32.111" activeThreads="4">
  <mem-info id="718" free="5096904" total="10747904" percent="47">
    <mem type="nursery" free="2755264" total="4325376" percent="63">
      <mem type="allocate" free="2755264" total="3342336" percent="82" />
      <mem type="survivor" free="0" total="983040" percent="0" />
    </mem>
    <mem type="tenure" free="2341640" total="6422528" percent="36">
      <mem type="soa" free="2021128" total="6102016" percent="33" />
      <mem type="loa" free="320512" total="320512" percent="100" />
    </mem>
    <remembered-set count="135" />
  </mem-info>
</gc-end>
<cycle-end id="719" type="scavenge" contextid="713" timestamp="2019-07-02T19:17:32.111">
  <attribute name="GC Util" value="17" />
  <attribute name="CPU Util" value="784153447699" />
  <attribute name="Time Running"value="1339"/>
  <attribute name="Number of cores"value="4"/>
</cycle-end>
<allocation-satisfied id="720" threadId="0000000000A0EE00" bytesRequested="48" />
<af-end id="721" timestamp="2019-07-02T19:17:32.112" threadId="0000000000A0F788" success="true" from="nursery"/>
<exclusive-end id="722" timestamp="2019-07-02T19:17:32.112" durationms="1.251" />

<exclusive-start id="723" timestamp="2019-07-02T19:17:32.142" intervalms="31.719">
  <response-info timems="0.033" idlems="0.033" threads="0" lastid="0000000000A0B200" lastname="Thread-3" />
</exclusive-start>
<af-start id="724" threadId="0000000000A0BB88" totalBytesRequested="16392" timestamp="2019-07-02T19:17:32.142" intervalms="31.543" type="nursery" />
<cycle-start id="725" type="scavenge" contextid="0" timestamp="2019-07-02T19:17:32.142" intervalms="31.545" />
  <attribute name="GC Util" value="17" />
  <attribute name="CPU Util" value="784153447699" />
  <attribute name="Time Running"value="1339"/>
  <attribute name="Number of cores"value="4"/>
<gc-start id="726" type="scavenge" contextid="725" timestamp="2019-07-02T19:17:32.142">
  <mem-info id="727" free="2341640" total="10747904" percent="21">
    <mem type="nursery" free="0" total="4325376" percent="0">
      <mem type="allocate" free="0" total="3342336" percent="0" />
      <mem type="survivor" free="0" total="983040" percent="0" />
    </mem>
    <mem type="tenure" free="2341640" total="6422528" percent="36">
      <mem type="soa" free="2021128" total="6102016" percent="33" />
      <mem type="loa" free="320512" total="320512" percent="100" />
    </mem>
    <remembered-set count="344" />
  </mem-info>
</gc-start>
<allocation-stats totalBytes="2706888" >
  <allocated-bytes non-tlh="81992" tlh="2624896" />
  <largest-consumer threadName="Thread-4" threadId="0000000000A0EE00" bytes="854296" />
</allocation-stats>
<gc-op id="728" type="scavenge" timems="0.835" contextid="725" timestamp="2019-07-02T19:17:32.143">
  <scavenger-info tenureage="1" tenuremask="7ffe" tiltratio="77" />
  <memory-copied type="nursery" objects="1492" bytes="609768" bytesdiscarded="112416" />
  <memory-copied type="tenure" objects="557" bytes="217768" bytesdiscarded="2648" />
  <references type="weak" candidates="1" cleared="0" enqueued="0" />
  <references type="phantom" candidates="2" cleared="0" enqueued="0" />
</gc-op>
<gc-end id="729" type="scavenge" contextid="725" durationms="1.183" usertimems="4.000" systemtimems="0.000" timestamp="2019-07-02T19:17:32.143" activeThreads="4">
  <mem-info id="730" free="4718872" total="10747904" percent="43">
    <mem type="nursery" free="2620088" total="4325376" percent="60">
      <mem type="allocate" free="2620088" total="3342336" percent="78" />
      <mem type="survivor" free="0" total="983040" percent="0" />
    </mem>
    <mem type="tenure" free="2098784" total="6422528" percent="32">
      <mem type="soa" free="1778272" total="6102016" percent="29" />
      <mem type="loa" free="320512" total="320512" percent="100" />
    </mem>
    <remembered-set count="176" />
  </mem-info>
</gc-end>
<cycle-end id="731" type="scavenge" contextid="725" timestamp="2019-07-02T19:17:32.144">
  <attribute name="GC Util" value="3" />
  <attribute name="CPU Util" value="5" />
  <attribute name="Time Running"value="1371"/>
  <attribute name="Number of cores"value="4"/>
</cycle-end>
<allocation-satisfied id="732" threadId="0000000000A0B200" bytesRequested="16392" />
<af-end id="733" timestamp="2019-07-02T19:17:32.144" threadId="0000000000A0BB88" success="true" from="nursery"/>
<exclusive-end id="734" timestamp="2019-07-02T19:17:32.144" durationms="1.660" />

<exclusive-start id="735" timestamp="2019-07-02T19:17:32.162" intervalms="20.240">
  <response-info timems="0.051" idlems="0.051" threads="0" lastid="0000000000A12A00" lastname="Thread-5" />
</exclusive-start>
<af-start id="736" threadId="0000000000A13388" totalBytesRequested="16392" timestamp="2019-07-02T19:17:32.162" intervalms="20.213" type="nursery" />
<cycle-start id="737" type="scavenge" contextid="0" timestamp="2019-07-02T19:17:32.162" intervalms="20.212" />
  <attribute name="GC Util" value="3" />
  <attribute name="CPU Util" value="5" />
  <attribute name="Time Running"value="1371"/>
  <attribute name="Number of cores"value="4"/>
<gc-start id="738" type="scavenge" contextid="737" timestamp="2019-07-02T19:17:32.162">
  <mem-info id="739" free="2098784" total="10747904" percent="19">
    <mem type="nursery" free="0" total="4325376" percent="0">
      <mem type="allocate" free="0" total="3342336" percent="0" />
      <mem type="survivor" free="0" total="983040" percent="0" />
    </mem>
    <mem type="tenure" free="2098784" total="6422528" percent="32">
      <mem type="soa" free="1778272" total="6102016" percent="29" />
      <mem type="loa" free="320512" total="320512" percent="100" />
    </mem>
    <remembered-set count="346" />
  </mem-info>
</gc-start>
<allocation-stats totalBytes="2572264" >
  <allocated-bytes non-tlh="81944" tlh="2490320" />
  <largest-consumer threadName="Thread-6" threadId="0000000000A16500" bytes="1218056" />
</allocation-stats>
<gc-op id="740" type="scavenge" timems="2.640" contextid="737" timestamp="2019-07-02T19:17:32.165">
  <scavenger-info tenureage="1" tenuremask="7ffe" tiltratio="77" />
  <memory-copied type="nursery" objects="1019" bytes="486064" bytesdiscarded="140152" />
  <memory-copied type="tenure" objects="754" bytes="359584" bytesdiscarded="2472" />
  <references type="weak" candidates="1" cleared="0" enqueued="0" />
  <references type="phantom" candidates="1" cleared="0" enqueued="0" />
</gc-op>
<heap-resize id="741" type="expand" space="nursery" amount="262144" count="1" timems="0.014" reason="excessive time being spent scavenging" timestamp="2019-07-02T19:17:32.165" />
<gc-end id="742" type="scavenge" contextid="737" durationms="2.885" usertimems="0.000" systemtimems="4.000" timestamp="2019-07-02T19:17:32.165" activeThreads="4">
  <mem-info id="743" free="4740560" total="11010048" percent="43">
    <mem type="nursery" free="2978224" total="4587520" percent="64">
      <mem type="allocate" free="2978224" total="3604480" percent="82" />
      <mem type="survivor" free="0" total="983040" percent="0" />
    </mem>
    <mem type="tenure" free="1762336" total="6422528" percent="27">
      <mem type="soa" free="1441824" total="6102016" percent="23" />
      <mem type="loa" free="320512" total="320512" percent="100" />
    </mem>
    <remembered-set count="150" />
  </mem-info>
</gc-end>
<cycle-end id="744" type="scavenge" contextid="737" timestamp="2019-07-02T19:17:32.165">
  <attribute name="GC Util" value="8" />
  <attribute name="CPU Util" value="912822896031" />
  <attribute name="Time Running"value="1391"/>
  <attribute name="Number of cores"value="4"/>
</cycle-end>
<allocation-satisfied id="745" threadId="0000000000A12A00" bytesRequested="16392" />
<af-end id="746" timestamp="2019-07-02T19:17:32.166" threadId="0000000000A13388" success="true" from="nursery"/>
<exclusive-end id="747" timestamp="2019-07-02T19:17:32.166" durationms="3.273" />

<exclusive-start id="748" timestamp="2019-07-02T19:17:32.188" intervalms="25.954">
  <response-info timems="0.028" idlems="0.028" threads="0" lastid="0000000000A0EE00" lastname="Thread-4" />
</exclusive-start>
<af-start id="749" threadId="0000000000A0F788" totalBytesRequested="48" timestamp="2019-07-02T19:17:32.188" intervalms="26.005" type="nursery" />
<cycle-start id="750" type="scavenge" contextid="0" timestamp="2019-07-02T19:17:32.188" intervalms="25.982" />
  <attribute name="GC Util" value="8" />
  <attribute name="CPU Util" value="912822896031" />
  <attribute name="Time Running"value="1391"/>
  <attribute name="Number of cores"value="4"/>
<gc-start id="751" type="scavenge" contextid="750" timestamp="2019-07-02T19:17:32.188">
  <mem-info id="752" free="1762336" total="11010048" percent="16">
    <mem type="nursery" free="0" total="4587520" percent="0">
      <mem type="allocate" free="0" total="3604480" percent="0" />
      <mem type="survivor" free="0" total="983040" percent="0" />
    </mem>
    <mem type="tenure" free="1762336" total="6422528" percent="27">
      <mem type="soa" free="1441824" total="6102016" percent="23" />
      <mem type="loa" free="320512" total="320512" percent="100" />
    </mem>
    <remembered-set count="334" />
  </mem-info>
</gc-start>
<allocation-stats totalBytes="2953304" >
  <allocated-bytes non-tlh="114720" tlh="2838584" />
  <largest-consumer threadName="Thread-5" threadId="0000000000A12A00" bytes="1615520" />
</allocation-stats>
<gc-op id="753" type="scavenge" timems="0.378" contextid="750" timestamp="2019-07-02T19:17:32.189">
  <scavenger-info tenureage="1" tenuremask="7ffe" tiltratio="78" />
  <memory-copied type="nursery" objects="1400" bytes="608312" bytesdiscarded="169288" />
  <memory-copied type="tenure" objects="797" bytes="332464" bytesdiscarded="2560" />
</gc-op>
<gc-end id="754" type="scavenge" contextid="750" durationms="0.570" usertimems="0.000" systemtimems="4.000" timestamp="2019-07-02T19:17:32.189" activeThreads="4">
  <mem-info id="755" free="4318376" total="11010048" percent="39">
    <mem type="nursery" free="2892368" total="4587520" percent="63">
      <mem type="allocate" free="2892368" total="3670016" percent="78" />
      <mem type="survivor" free="0" total="917504" percent="0" />
    </mem>
    <mem type="tenure" free="1426008" total="6422528" percent="22">
      <mem type="soa" free="1105496" total="6102016" percent="18" />
      <mem type="loa" free="320512" total="320512" percent="100" />
    </mem>
    <remembered-set count="131" />
  </mem-info>
</gc-end>
<cycle-end id="756" type="scavenge" contextid="750" timestamp="2019-07-02T19:17:32.189">
  <attribute name="GC Util" value="14" />
  <attribute name="CPU Util" value="709993323280" />
  <attribute name="Time Running"value="1417"/>
  <attribute name="Number of cores"value="4"/>
</cycle-end>
<allocation-satisfied id="757" threadId="0000000000A0EE00" bytesRequested="48" />
<af-end id="758" timestamp="2019-07-02T19:17:32.189" threadId="0000000000A0F788" success="true" from="nursery"/>
<exclusive-end id="759" timestamp="2019-07-02T19:17:32.189" durationms="0.995" />

<exclusive-start id="760" timestamp="2019-07-02T19:17:32.212" intervalms="23.743">
  <response-info timems="0.032" idlems="0.032" threads="0" lastid="0000000000A0EE00" lastname="Thread-4" />
</exclusive-start>
<af-start id="761" threadId="0000000000A0F788" totalBytesRequested="48" timestamp="2019-07-02T19:17:32.212" intervalms="23.745" type="nursery" />
<cycle-start id="762" type="scavenge" contextid="0" timestamp="2019-07-02T19:17:32.212" intervalms="23.767" />
  <attribute name="GC Util" value="14" />
  <attribute name="CPU Util" value="709993323280" />
  <attribute name="Time Running"value="1417"/>
  <attribute name="Number of cores"value="4"/>
<gc-start id="763" type="scavenge" contextid="762" timestamp="2019-07-02T19:17:32.212">
  <mem-info id="764" free="1426008" total="11010048" percent="12">
    <mem type="nursery" free="0" total="4587520" percent="0">
      <mem type="allocate" free="0" total="3670016" percent="0" />
      <mem type="survivor" free="0" total="917504" percent="0" />
    </mem>
    <mem type="tenure" free="1426008" total="6422528" percent="22">
      <mem type="soa" free="1105496" total="6102016" percent="18" />
      <mem type="loa" free="320512" total="320512" percent="100" />
    </mem>
    <remembered-set count="296" />
  </mem-info>
</gc-start>
<allocation-stats totalBytes="2889088" >
  <allocated-bytes non-tlh="65600" tlh="2823488" />
  <largest-consumer threadName="Thread-3" threadId="0000000000A0B200" bytes="1113648" />
</allocation-stats>
<gc-op id="765" type="scavenge" timems="0.394" contextid="762" timestamp="2019-07-02T19:17:32.213">
  <scavenger-info tenureage="1" tenuremask="7ffe" tiltratio="80" />
  <memory-copied type="nursery" objects="2044" bytes="773920" bytesdiscarded="143528" />
  <memory-copied type="tenure" objects="775" bytes="380288" bytesdiscarded="1488" />
  <copy-failed type="nursery" objects="2" bytes="4112" />
</gc-op>
<gc-end id="766" type="scavenge" contextid="762" durationms="0.578" usertimems="0.000" systemtimems="0.000" timestamp="2019-07-02T19:17:32.213" activeThreads="4">
  <mem-info id="767" free="3699008" total="11010048" percent="33">
    <mem type="nursery" free="2621440" total="4587520" percent="57">
      <mem type="allocate" free="2621440" total="3538944" percent="74" />
      <mem type="survivor" free="0" total="1048576" percent="0" />
    </mem>
    <mem type="tenure" free="1077568" total="6422528" percent="16">
      <mem type="soa" free="757056" total="6102016" percent="12" />
      <mem type="loa" free="320512" total="320512" percent="100" />
    </mem>
    <remembered-set count="123" />
  </mem-info>
</gc-end>
<cycle-end id="768" type="scavenge" contextid="762" timestamp="2019-07-02T19:17:32.213">
  <attribute name="GC Util" value="4" />
  <attribute name="CPU Util" value="776389063912" />
  <attribute name="Time Running"value="1441"/>
  <attribute name="Number of cores"value="4"/>
</cycle-end>
<allocation-satisfied id="769" threadId="0000000000A0EE00" bytesRequested="48" />
<af-end id="770" timestamp="2019-07-02T19:17:32.213" threadId="0000000000A0F788" success="true" from="nursery"/>
<exclusive-end id="771" timestamp="2019-07-02T19:17:32.213" durationms="1.001" />

<exclusive-start id="772" timestamp="2019-07-02T19:17:32.237" intervalms="24.531">
  <response-info timems="0.039" idlems="0.039" threads="0" lastid="0000000000A0B200" lastname="Thread-3" />
</exclusive-start>
<af-start id="773" threadId="0000000000A0BB88" totalBytesRequested="16" timestamp="2019-07-02T19:17:32.237" intervalms="24.504" type="nursery" />
<cycle-start id="774" type="scavenge" contextid="0" timestamp="2019-07-02T19:17:32.237" intervalms="24.502" />
  <attribute name="GC Util" value="4" />
  <attribute name="CPU Util" value="776389063912" />
  <attribute name="Time Running"value="1441"/>
  <attribute name="Number of cores"value="4"/>
<gc-start id="775" type="scavenge" contextid="774" timestamp="2019-07-02T19:17:32.237">
  <mem-info id="776" free="1077568" total="11010048" percent="9">
    <mem type="nursery" free="0" total="4587520" percent="0">
      <mem type="allocate" free="0" total="3538944" percent="0" />
      <mem type="survivor" free="0" total="1048576" percent="0" />
    </mem>
    <mem type="tenure" free="1077568" total="6422528" percent="16">
      <mem type="soa" free="757056" total="6102016" percent="12" />
      <mem type="loa" free="320512" total="320512" percent="100" />
    </mem>
    <remembered-set count="315" />
  </mem-info>
</gc-start>
<allocation-stats totalBytes="2571480" >
  <allocated-bytes non-tlh="65600" tlh="2505880" />
  <largest-consumer threadName="Thread-4" threadId="0000000000A0EE00" bytes="923280" />
</allocation-stats>
<gc-op id="777" type="scavenge" timems="1.025" contextid="774" timestamp="2019-07-02T19:17:32.238">
  <scavenger-info tenureage="1" tenuremask="7ffe" tiltratio="77" />
  <memory-copied type="nursery" objects="1974" bytes="774472" bytesdiscarded="133416" />
  <memory-copied type="tenure" objects="796" bytes="337464" bytesdiscarded="1272" />
</gc-op>
<gc-end id="778" type="scavenge" contextid="774" durationms="1.381" usertimems="4.000" systemtimems="0.000" timestamp="2019-07-02T19:17:32.238" activeThreads="4">
  <mem-info id="779" free="3358480" total="11010048" percent="30">
    <mem type="nursery" free="2631000" total="4587520" percent="57">
      <mem type="allocate" free="2631000" total="3538944" percent="74" />
      <mem type="survivor" free="0" total="1048576" percent="0" />
    </mem>
    <mem type="tenure" free="727480" total="6422528" percent="11">
      <mem type="soa" free="406968" total="6102016" percent="6" />
      <mem type="loa" free="320512" total="320512" percent="100" />
    </mem>
    <remembered-set count="135" />
  </mem-info>
</gc-end>
<cycle-end id="780" type="scavenge" contextid="774" timestamp="2019-07-02T19:17:32.238">
  <attribute name="GC Util" value="4" />
  <attribute name="CPU Util" value="752585764516" />
  <attribute name="Time Running"value="1465"/>
  <attribute name="Number of cores"value="4"/>
</cycle-end>
<allocation-satisfied id="781" threadId="0000000000A0B200" bytesRequested="16" />
<af-end id="782" timestamp="2019-07-02T19:17:32.238" threadId="0000000000A0BB88" success="true" from="nursery"/>
<exclusive-end id="783" timestamp="2019-07-02T19:17:32.239" durationms="2.071" />

<concurrent-kickoff id="784" timestamp="2019-07-02T19:17:32.258">
  <kickoff reason="threshold reached" targetBytes="1779611" thresholdFreeBytes="244180"  remainingFree="177480" tenureFreeBytes="727480" nurseryFreeBytes="177480" />
</concurrent-kickoff>
<exclusive-start id="785" timestamp="2019-07-02T19:17:32.258" intervalms="21.805">
  <response-info timems="0.036" idlems="0.036" threads="0" lastid="0000000000A12A00" lastname="Thread-5" />
</exclusive-start>
<cycle-start id="786" type="global" contextid="0" timestamp="2019-07-02T19:17:32.258" intervalms="218.745" />
  <attribute name="GC Util" value="4" />
  <attribute name="CPU Util" value="752585764516" />
  <attribute name="Time Running"value="1465"/>
  <attribute name="Number of cores"value="4"/>
<exclusive-end id="787" timestamp="2019-07-02T19:17:32.258" durationms="0.128" />

<exclusive-start id="788" timestamp="2019-07-02T19:17:32.259" intervalms="0.962">
  <response-info timems="0.025" idlems="0.025" threads="0" lastid="0000000000A12A00" lastname="Thread-5" />
</exclusive-start>
<af-start id="789" threadId="0000000000A13388" totalBytesRequested="824" timestamp="2019-07-02T19:17:32.259" intervalms="22.761" type="nursery" />
<cycle-start id="790" type="scavenge" contextid="0" timestamp="2019-07-02T19:17:32.259" intervalms="22.767" />
  <attribute name="GC Util" value="4" />
  <attribute name="CPU Util" value="752585764516" />
  <attribute name="Time Running"value="1465"/>
  <attribute name="Number of cores"value="4"/>
<gc-start id="791" type="scavenge" contextid="790" timestamp="2019-07-02T19:17:32.260">
  <mem-info id="792" free="727480" total="11010048" percent="6">
    <mem type="nursery" free="0" total="4587520" percent="0">
      <mem type="allocate" free="0" total="3538944" percent="0" />
      <mem type="survivor" free="0" total="1048576" percent="0" />
    </mem>
    <mem type="tenure" free="727480" total="6422528" percent="11">
      <mem type="soa" free="406968" total="6102016" percent="6" />
      <mem type="loa" free="320512" total="320512" percent="100" />
    </mem>
    <remembered-set count="298" />
  </mem-info>
</gc-start>
<allocation-stats totalBytes="2612552" >
  <allocated-bytes non-tlh="16" tlh="2612536" />
  <largest-consumer threadName="Thread-5" threadId="0000000000A12A00" bytes="1225648" />
</allocation-stats>
<gc-op id="793" type="scavenge" timems="2.791" contextid="790" timestamp="2019-07-02T19:17:32.262">
  <scavenger-info tenureage="1" tenuremask="7ffe" tiltratio="77" />
  <memory-copied type="nursery" objects="1117" bytes="445184" bytesdiscarded="152424" />
  <memory-copied type="tenure" objects="1324" bytes="568464" bytesdiscarded="1712" />
  <references type="phantom" candidates="1" cleared="0" enqueued="0" />
  <heap-resize type="expand" space="tenure" amount="262144" count="4" timems="0.049" reason="continue current collection" />
</gc-op>
<heap-resize id="794" type="expand" space="nursery" amount="262144" count="1" timems="0.012" reason="excessive time being spent scavenging" timestamp="2019-07-02T19:17:32.262" />
<gc-end id="795" type="scavenge" contextid="790" durationms="3.045" usertimems="0.000" systemtimems="4.000" timestamp="2019-07-02T19:17:32.263" activeThreads="4">
  <mem-info id="796" free="3559728" total="11534336" percent="30">
    <mem type="nursery" free="3203432" total="4849664" percent="66">
      <mem type="allocate" free="3203432" total="3801088" percent="84" />
      <mem type="survivor" free="0" total="1048576" percent="0" />
    </mem>
    <mem type="tenure" free="356296" total="6684672" percent="5">
      <mem type="soa" free="22472" total="6350848" percent="0" />
      <mem type="loa" free="333824" total="333824" percent="100" />
    </mem>
    <remembered-set count="150" />
  </mem-info>
</gc-end>
<cycle-end id="797" type="scavenge" contextid="790" timestamp="2019-07-02T19:17:32.263">
  <attribute name="GC Util" value="8" />
  <attribute name="CPU Util" value="810099355469" />
  <attribute name="Time Running"value="1488"/>
  <attribute name="Number of cores"value="4"/>
</cycle-end>
<allocation-satisfied id="798" threadId="0000000000A12A00" bytesRequested="824" />
<af-end id="799" timestamp="2019-07-02T19:17:32.263" threadId="0000000000A13388" success="true" from="nursery"/>
<exclusive-end id="800" timestamp="2019-07-02T19:17:32.264" durationms="4.279" />

<exclusive-start id="801" timestamp="2019-07-02T19:17:32.298" intervalms="38.554">
  <response-info timems="0.036" idlems="0.036" threads="0" lastid="0000000000A0B200" lastname="Thread-3" />
</exclusive-start>
<af-start id="802" threadId="0000000000A0BB88" totalBytesRequested="16392" timestamp="2019-07-02T19:17:32.298" intervalms="38.566" type="nursery" />
<cycle-start id="803" type="scavenge" contextid="0" timestamp="2019-07-02T19:17:32.298" intervalms="38.563" />
  <attribute name="GC Util" value="8" />
  <attribute name="CPU Util" value="810099355469" />
  <attribute name="Time Running"value="1488"/>
  <attribute name="Number of cores"value="4"/>
<gc-start id="804" type="scavenge" contextid="803" timestamp="2019-07-02T19:17:32.298">
  <mem-info id="805" free="356296" total="11534336" percent="3">
    <mem type="nursery" free="0" total="4849664" percent="0">
      <mem type="allocate" free="0" total="3801088" percent="0" />
      <mem type="survivor" free="0" total="1048576" percent="0" />
    </mem>
    <mem type="tenure" free="356296" total="6684672" percent="5">
      <mem type="soa" free="22472" total="6350848" percent="0" />
      <mem type="loa" free="333824" total="333824" percent="100" />
    </mem>
    <remembered-set count="288" />
  </mem-info>
</gc-start>
<allocation-stats totalBytes="3188944" >
  <allocated-bytes non-tlh="66376" tlh="3122568" />
  <largest-consumer threadName="Thread-6" threadId="0000000000A16500" bytes="1034832" />
</allocation-stats>
<gc-op id="806" type="scavenge" timems="0.672" contextid="803" timestamp="2019-07-02T19:17:32.299">
  <scavenger-info tenureage="1" tenuremask="7ffe" tiltratio="78" />
  <memory-copied type="nursery" objects="1801" bytes="733816" bytesdiscarded="106440" />
  <memory-copied type="tenure" objects="455" bytes="215984" bytesdiscarded="560" />
  <heap-resize type="expand" space="tenure" amount="196608" count="3" timems="0.035" reason="continue current collection" />
</gc-op>
<gc-end id="807" type="scavenge" contextid="803" durationms="1.026" usertimems="4.000" systemtimems="0.000" timestamp="2019-07-02T19:17:32.299" activeThreads="4">
  <mem-info id="808" free="3239304" total="11730944" percent="27">
    <mem type="nursery" free="2895240" total="4849664" percent="59">
      <mem type="allocate" free="2895240" total="3735552" percent="77" />
      <mem type="survivor" free="0" total="1114112" percent="0" />
    </mem>
    <mem type="tenure" free="344064" total="6881280" percent="5">
      <mem type="soa" free="0" total="6537216" percent="0" />
      <mem type="loa" free="344064" total="344064" percent="100" />
    </mem>
    <remembered-set count="165" />
  </mem-info>
</gc-end>
<cycle-end id="809" type="scavenge" contextid="803" timestamp="2019-07-02T19:17:32.299">
  <attribute name="GC Util" value="11" />
  <attribute name="CPU Util" value="478264005172" />
  <attribute name="Time Running"value="1527"/>
  <attribute name="Number of cores"value="4"/>
</cycle-end>
<allocation-satisfied id="810" threadId="0000000000A0B200" bytesRequested="16392" />
<af-end id="811" timestamp="2019-07-02T19:17:32.299" threadId="0000000000A0BB88" success="true" from="nursery"/>
<exclusive-end id="812" timestamp="2019-07-02T19:17:32.300" durationms="1.657" />

<exclusive-start id="813" timestamp="2019-07-02T19:17:32.300" intervalms="2.103">
  <response-info timems="0.352" idlems="0.149" threads="2" lastid="00000000006DD300" lastname="JIT Compilation Thread-0" />
</exclusive-start>
<concurrent-collection-start id="814" timestamp="2019-07-02T19:17:32.300" intervalms="254.469" >
  <concurrent-trace-info reason="card cleaning threshold reached" tracedByMutators="666792" tracedByHelpers="616800" cardsCleaned="177" workStackOverflowCount="0" />
</concurrent-collection-start>
<gc-start id="815" type="global" contextid="786" timestamp="2019-07-02T19:17:32.300">
  <mem-info id="816" free="2997632" total="11730944" percent="25">
    <mem type="nursery" free="2653568" total="4849664" percent="54">
      <mem type="allocate" free="2653568" total="3735552" percent="71" />
      <mem type="survivor" free="0" total="1114112" percent="0" />
    </mem>
    <mem type="tenure" free="344064" total="6881280" percent="5">
      <mem type="soa" free="0" total="6537216" percent="0" />
      <mem type="loa" free="344064" total="344064" percent="100" />
    </mem>
    <remembered-set count="166" />
  </mem-info>
</gc-start>
<allocation-stats totalBytes="241672" >
  <allocated-bytes non-tlh="16392" tlh="225280" />
  <largest-consumer threadName="Thread-3" threadId="0000000000A0B200" bytes="81928" />
</allocation-stats>
<gc-op id="817" type="rs-scan" timems="0.468" contextid="786" timestamp="2019-07-02T19:17:32.301">
  <scan objectsFound="49" bytesTraced="4136" workStackOverflowCount="0" />
</gc-op>
<gc-op id="818" type="card-cleaning" timems="0.508" contextid="786" timestamp="2019-07-02T19:17:32.301">
  <card-cleaning cardsCleaned="97" bytesTraced="135292" workStackOverflowCount="0" />
</gc-op>
<gc-op id="819" type="mark" timems="1.170" contextid="786" timestamp="2019-07-02T19:17:32.302">
  <trace-info objectcount="1553" scancount="1366" scanbytes="233436" />
  <finalization candidates="25" enqueued="0" />
  <references type="soft" candidates="164" cleared="0" enqueued="0" dynamicThreshold="17" maxThreshold="32" />
  <references type="weak" candidates="246" cleared="0" enqueued="0" />
  <references type="phantom" candidates="70" cleared="0" enqueued="0" />
  <stringconstants candidates="3947" cleared="0"  />
</gc-op>
<gc-op id="820" type="sweep" timems="0.674" contextid="786" timestamp="2019-07-02T19:17:32.303" />
<gc-end id="821" type="global" contextid="786" durationms="3.297" usertimems="0.000" systemtimems="4.000" timestamp="2019-07-02T19:17:32.303" activeThreads="4">
  <mem-info id="822" free="7285032" total="11730944" percent="62">
    <mem type="nursery" free="3060488" total="4849664" percent="63">
      <mem type="allocate" free="3060488" total="3735552" percent="81" />
      <mem type="survivor" free="0" total="1114112" percent="0" />
    </mem>
    <mem type="tenure" free="4224544" total="6881280" percent="61" micro-fragmented="50930" macro-fragmented="0">
      <mem type="soa" free="3880480" total="6537216" percent="59" />
      <mem type="loa" free="344064" total="344064" percent="100" />
    </mem>
    <remembered-set count="124" />
  </mem-info>
</gc-end>
<cycle-end id="823" type="global" contextid="786" timestamp="2019-07-02T19:17:32.304">
  <attribute name="GC Util" value="121" />
  <attribute name="CPU Util" value="14140181963001" />
  <attribute name="Time Running"value="1531"/>
  <attribute name="Number of cores"value="4"/>
</cycle-end>
<concurrent-collection-end id="824" timestamp="2019-07-02T19:17:32.304" />
<exclusive-end id="825" timestamp="2019-07-02T19:17:32.304" durationms="3.807" />

<exclusive-start id="826" timestamp="2019-07-02T19:17:32.325" intervalms="24.921">
  <response-info timems="0.032" idlems="0.032" threads="0" lastid="0000000000A0EE00" lastname="Thread-4" />
</exclusive-start>
<af-start id="827" threadId="0000000000A0F788" totalBytesRequested="16392" timestamp="2019-07-02T19:17:32.325" intervalms="27.017" type="nursery" />
<cycle-start id="828" type="scavenge" contextid="0" timestamp="2019-07-02T19:17:32.325" intervalms="27.016" />
  <attribute name="GC Util" value="121" />
  <attribute name="CPU Util" value="14140181963001" />
  <attribute name="Time Running"value="1531"/>
  <attribute name="Number of cores"value="4"/>
<gc-start id="829" type="scavenge" contextid="828" timestamp="2019-07-02T19:17:32.325">
  <mem-info id="830" free="4224544" total="11730944" percent="36">
    <mem type="nursery" free="0" total="4849664" percent="0">
      <mem type="allocate" free="0" total="3735552" percent="0" />
      <mem type="survivor" free="0" total="1114112" percent="0" />
    </mem>
    <mem type="tenure" free="4224544" total="6881280" percent="61">
      <mem type="soa" free="3880480" total="6537216" percent="59" />
      <mem type="loa" free="344064" total="344064" percent="100" />
    </mem>
    <remembered-set count="319" />
  </mem-info>
</gc-start>
<allocation-stats totalBytes="3034480" >
  <allocated-bytes non-tlh="147504" tlh="2886976" />
  <largest-consumer threadName="Thread-5" threadId="0000000000A12A00" bytes="1044296" />
</allocation-stats>
<gc-op id="831" type="scavenge" timems="0.435" contextid="828" timestamp="2019-07-02T19:17:32.326">
  <scavenger-info tenureage="1" tenuremask="7ffe" tiltratio="77" />
  <memory-copied type="nursery" objects="1235" bytes="502056" bytesdiscarded="267472" />
  <memory-copied type="tenure" objects="1006" bytes="425504" bytesdiscarded="5144" />
  <references type="weak" candidates="1" cleared="0" enqueued="0" />
  <references type="phantom" candidates="2" cleared="0" enqueued="0" />
</gc-op>
<gc-end id="832" type="scavenge" contextid="828" durationms="0.621" usertimems="4.000" systemtimems="0.000" timestamp="2019-07-02T19:17:32.326" activeThreads="4">
  <mem-info id="833" free="6764504" total="11730944" percent="57">
    <mem type="nursery" free="3031504" total="4849664" percent="62">
      <mem type="allocate" free="3031504" total="3801088" percent="79" />
      <mem type="survivor" free="0" total="1048576" percent="0" />
    </mem>
    <mem type="tenure" free="3733000" total="6881280" percent="54">
      <mem type="soa" free="3388936" total="6537216" percent="51" />
      <mem type="loa" free="344064" total="344064" percent="100" />
    </mem>
    <remembered-set count="135" />
  </mem-info>
</gc-end>
<cycle-end id="834" type="scavenge" contextid="828" timestamp="2019-07-02T19:17:32.326">
  <attribute name="GC Util" value="9" />
  <attribute name="CPU Util" value="815700043419" />
  <attribute name="Time Running"value="1554"/>
  <attribute name="Number of cores"value="4"/>
</cycle-end>
<allocation-satisfied id="835" threadId="0000000000A0EE00" bytesRequested="16392" />
<af-end id="836" timestamp="2019-07-02T19:17:32.326" threadId="0000000000A0F788" success="true" from="nursery"/>
<exclusive-end id="837" timestamp="2019-07-02T19:17:32.326" durationms="1.137" />

<exclusive-start id="838" timestamp="2019-07-02T19:17:32.351" intervalms="26.471">
  <response-info timems="0.032" idlems="0.032" threads="0" lastid="0000000000A0B200" lastname="Thread-3" />
</exclusive-start>
<af-start id="839" threadId="0000000000A0BB88" totalBytesRequested="16392" timestamp="2019-07-02T19:17:32.351" intervalms="26.514" type="nursery" />
<cycle-start id="840" type="scavenge" contextid="0" timestamp="2019-07-02T19:17:32.352" intervalms="26.516" />
  <attribute name="GC Util" value="9" />
  <attribute name="CPU Util" value="815700043419" />
  <attribute name="Time Running"value="1554"/>
  <attribute name="Number of cores"value="4"/>
<gc-start id="841" type="scavenge" contextid="840" timestamp="2019-07-02T19:17:32.352">
  <mem-info id="842" free="3733000" total="11730944" percent="31">
    <mem type="nursery" free="0" total="4849664" percent="0">
      <mem type="allocate" free="0" total="3801088" percent="0" />
      <mem type="survivor" free="0" total="1048576" percent="0" />
    </mem>
    <mem type="tenure" free="3733000" total="6881280" percent="54">
      <mem type="soa" free="3388936" total="6537216" percent="51" />
      <mem type="loa" free="344064" total="344064" percent="100" />
    </mem>
    <remembered-set count="300" />
  </mem-info>
</gc-start>
<allocation-stats totalBytes="3019912" >
  <allocated-bytes non-tlh="16392" tlh="3003520" />
  <largest-consumer threadName="Thread-3" threadId="0000000000A0B200" bytes="1435624" />
</allocation-stats>
<gc-op id="843" type="scavenge" timems="0.750" contextid="840" timestamp="2019-07-02T19:17:32.352">
  <scavenger-info tenureage="1" tenuremask="7ffe" tiltratio="78" />
  <memory-copied type="nursery" objects="1364" bytes="526584" bytesdiscarded="177240" />
  <memory-copied type="tenure" objects="133" bytes="59176" bytesdiscarded="528" />
  <references type="weak" candidates="1" cleared="0" enqueued="0" />
  <references type="phantom" candidates="1" cleared="0" enqueued="0" />
</gc-op>
<gc-end id="844" type="scavenge" contextid="840" durationms="1.095" usertimems="4.000" systemtimems="0.000" timestamp="2019-07-02T19:17:32.353" activeThreads="4">
  <mem-info id="845" free="6825808" total="11730944" percent="58">
    <mem type="nursery" free="3162760" total="4849664" percent="65">
      <mem type="allocate" free="3162760" total="3866624" percent="81" />
      <mem type="survivor" free="0" total="983040" percent="0" />
    </mem>
    <mem type="tenure" free="3663048" total="6881280" percent="53">
      <mem type="soa" free="3318984" total="6537216" percent="50" />
      <mem type="loa" free="344064" total="344064" percent="100" />
    </mem>
    <remembered-set count="125" />
  </mem-info>
</gc-end>
<cycle-end id="846" type="scavenge" contextid="840" timestamp="2019-07-02T19:17:32.353">
  <attribute name="GC Util" value="4" />
  <attribute name="CPU Util" value="695491254932" />
  <attribute name="Time Running"value="1580"/>
  <attribute name="Number of cores"value="4"/>
</cycle-end>
<allocation-satisfied id="847" threadId="0000000000A0B200" bytesRequested="16392" />
<af-end id="848" timestamp="2019-07-02T19:17:32.353" threadId="0000000000A0BB88" success="true" from="nursery"/>
<exclusive-end id="849" timestamp="2019-07-02T19:17:32.353" durationms="1.554" />

<exclusive-start id="850" timestamp="2019-07-02T19:17:32.375" intervalms="23.252">
  <response-info timems="0.044" idlems="0.044" threads="0" lastid="0000000000A12A00" lastname="Thread-5" />
</exclusive-start>
<af-start id="851" threadId="0000000000A13388" totalBytesRequested="2056" timestamp="2019-07-02T19:17:32.375" intervalms="23.206" type="nursery" />
<cycle-start id="852" type="scavenge" contextid="0" timestamp="2019-07-02T19:17:32.375" intervalms="23.204" />
  <attribute name="GC Util" value="4" />
  <attribute name="CPU Util" value="695491254932" />
  <attribute name="Time Running"value="1580"/>
  <attribute name="Number of cores"value="4"/>
<gc-start id="853" type="scavenge" contextid="852" timestamp="2019-07-02T19:17:32.375">
  <mem-info id="854" free="3663048" total="11730944" percent="31">
    <mem type="nursery" free="0" total="4849664" percent="0">
      <mem type="allocate" free="0" total="3866624" percent="0" />
      <mem type="survivor" free="0" total="983040" percent="0" />
    </mem>
    <mem type="tenure" free="3663048" total="6881280" percent="53">
      <mem type="soa" free="3318984" total="6537216" percent="50" />
      <mem type="loa" free="344064" total="344064" percent="100" />
    </mem>
    <remembered-set count="310" />
  </mem-info>
</gc-start>
<allocation-stats totalBytes="3078032" >
  <allocated-bytes non-tlh="81944" tlh="2996088" />
  <largest-consumer threadName="Thread-5" threadId="0000000000A12A00" bytes="1226776" />
</allocation-stats>
<gc-op id="855" type="scavenge" timems="3.608" contextid="852" timestamp="2019-07-02T19:17:32.378">
  <scavenger-info tenureage="1" tenuremask="7ffe" tiltratio="79" />
  <memory-copied type="nursery" objects="2418" bytes="898520" bytesdiscarded="84432" />
  <memory-copied type="tenure" objects="135" bytes="214712" bytesdiscarded="952" />
  <copy-failed type="nursery" objects="49" bytes="112064" />
  <references type="phantom" candidates="1" cleared="0" enqueued="0" />
</gc-op>
<heap-resize id="856" type="expand" space="nursery" amount="393216" count="1" timems="0.016" reason="excessive time being spent scavenging" timestamp="2019-07-02T19:17:32.379" />
<gc-end id="857" type="scavenge" contextid="852" durationms="3.860" usertimems="4.000" systemtimems="0.000" timestamp="2019-07-02T19:17:32.379" activeThreads="4">
  <mem-info id="858" free="5975544" total="12124160" percent="49">
    <mem type="nursery" free="2490368" total="5242880" percent="47">
      <mem type="allocate" free="2490368" total="3473408" percent="71" />
      <mem type="survivor" free="0" total="1769472" percent="0" />
    </mem>
    <mem type="tenure" free="3485176" total="6881280" percent="50">
      <mem type="soa" free="3141112" total="6537216" percent="48" />
      <mem type="loa" free="344064" total="344064" percent="100" />
    </mem>
    <remembered-set count="136" />
  </mem-info>
</gc-end>
<cycle-end id="859" type="scavenge" contextid="852" timestamp="2019-07-02T19:17:32.379">
  <attribute name="GC Util" value="6" />
  <attribute name="CPU Util" value="795068586943" />
  <attribute name="Time Running"value="1603"/>
  <attribute name="Number of cores"value="4"/>
</cycle-end>
<allocation-satisfied id="860" threadId="0000000000A12A00" bytesRequested="2056" />
<af-end id="861" timestamp="2019-07-02T19:17:32.379" threadId="0000000000A13388" success="true" from="nursery"/>
<exclusive-end id="862" timestamp="2019-07-02T19:17:32.379" durationms="4.261" />

<exclusive-start id="863" timestamp="2019-07-02T19:17:32.402" intervalms="27.318">
  <response-info timems="0.025" idlems="0.025" threads="0" lastid="0000000000A16500" lastname="Thread-6" />
</exclusive-start>
<af-start id="864" threadId="0000000000A16E88" totalBytesRequested="16392" timestamp="2019-07-02T19:17:32.402" intervalms="27.350" type="nursery" />
<cycle-start id="865" type="scavenge" contextid="0" timestamp="2019-07-02T19:17:32.402" intervalms="27.355" />
  <attribute name="GC Util" value="6" />
  <attribute name="CPU Util" value="795068586943" />
  <attribute name="Time Running"value="1603"/>
  <attribute name="Number of cores"value="4"/>
<gc-start id="866" type="scavenge" contextid="865" timestamp="2019-07-02T19:17:32.402">
  <mem-info id="867" free="3485176" total="12124160" percent="28">
    <mem type="nursery" free="0" total="5242880" percent="0">
      <mem type="allocate" free="0" total="3473408" percent="0" />
      <mem type="survivor" free="0" total="1769472" percent="0" />
    </mem>
    <mem type="tenure" free="3485176" total="6881280" percent="50">
      <mem type="soa" free="3141112" total="6537216" percent="48" />
      <mem type="loa" free="344064" total="344064" percent="100" />
    </mem>
    <remembered-set count="283" />
  </mem-info>
</gc-start>
<allocation-stats totalBytes="2433392" >
  <allocated-bytes non-tlh="34832" tlh="2398560" />
  <largest-consumer threadName="Thread-6" threadId="0000000000A16500" bytes="709280" />
</allocation-stats>
<gc-op id="868" type="scavenge" timems="1.189" contextid="865" timestamp="2019-07-02T19:17:32.403">
  <scavenger-info tenureage="1" tenuremask="7ffe" tiltratio="66" />
  <memory-copied type="nursery" objects="1422" bytes="632136" bytesdiscarded="166904" />
  <memory-copied type="tenure" objects="636" bytes="300832" bytesdiscarded="4480" />
  <references type="phantom" candidates="1" cleared="0" enqueued="0" />
</gc-op>
<gc-end id="869" type="scavenge" contextid="865" durationms="1.533" usertimems="4.000" systemtimems="0.000" timestamp="2019-07-02T19:17:32.404" activeThreads="4">
  <mem-info id="870" free="6021096" total="12124160" percent="49">
    <mem type="nursery" free="2870920" total="5242880" percent="54">
      <mem type="allocate" free="2870920" total="3670016" percent="78" />
      <mem type="survivor" free="0" total="1572864" percent="0" />
    </mem>
    <mem type="tenure" free="3150176" total="6881280" percent="45">
      <mem type="soa" free="2806112" total="6537216" percent="42" />
      <mem type="loa" free="344064" total="344064" percent="100" />
    </mem>
    <remembered-set count="146" />
  </mem-info>
</gc-end>
<cycle-end id="871" type="scavenge" contextid="865" timestamp="2019-07-02T19:17:32.404">
  <attribute name="GC Util" value="20" />
  <attribute name="CPU Util" value="674412311947" />
  <attribute name="Time Running"value="1631"/>
  <attribute name="Number of cores"value="4"/>
</cycle-end>
<allocation-satisfied id="872" threadId="0000000000A16500" bytesRequested="16392" />
<af-end id="873" timestamp="2019-07-02T19:17:32.404" threadId="0000000000A16E88" success="true" from="nursery"/>
<exclusive-end id="874" timestamp="2019-07-02T19:17:32.404" durationms="2.012" />

<exclusive-start id="875" timestamp="2019-07-02T19:17:32.424" intervalms="21.656">
  <response-info timems="0.074" idlems="0.045" threads="1" lastid="00000000006DD300" lastname="JIT Compilation Thread-0" />
</exclusive-start>
<af-start id="876" threadId="0000000000A0F788" totalBytesRequested="2056" timestamp="2019-07-02T19:17:32.424" intervalms="21.628" type="nursery" />
<cycle-start id="877" type="scavenge" contextid="0" timestamp="2019-07-02T19:17:32.424" intervalms="21.623" />
  <attribute name="GC Util" value="20" />
  <attribute name="CPU Util" value="674412311947" />
  <attribute name="Time Running"value="1631"/>
  <attribute name="Number of cores"value="4"/>
<gc-start id="878" type="scavenge" contextid="877" timestamp="2019-07-02T19:17:32.424">
  <mem-info id="879" free="3150176" total="12124160" percent="25">
    <mem type="nursery" free="0" total="5242880" percent="0">
      <mem type="allocate" free="0" total="3670016" percent="0" />
      <mem type="survivor" free="0" total="1572864" percent="0" />
    </mem>
    <mem type="tenure" free="3150176" total="6881280" percent="45">
      <mem type="soa" free="2806112" total="6537216" percent="42" />
      <mem type="loa" free="344064" total="344064" percent="100" />
    </mem>
    <remembered-set count="341" />
  </mem-info>
</gc-start>
<allocation-stats totalBytes="2832504" >
  <allocated-bytes non-tlh="49168" tlh="2783336" />
  <largest-consumer threadName="Thread-4" threadId="0000000000A0EE00" bytes="1577312" />
</allocation-stats>
<gc-op id="880" type="scavenge" timems="0.446" contextid="877" timestamp="2019-07-02T19:17:32.424">
  <scavenger-info tenureage="1" tenuremask="7ffe" tiltratio="70" />
  <memory-copied type="nursery" objects="1828" bytes="655832" bytesdiscarded="204896" />
  <memory-copied type="tenure" objects="352" bytes="222280" bytesdiscarded="2704" />
  <references type="phantom" candidates="1" cleared="0" enqueued="0" />
</gc-op>
<gc-end id="881" type="scavenge" contextid="877" durationms="0.634" usertimems="0.000" systemtimems="0.000" timestamp="2019-07-02T19:17:32.424" activeThreads="4">
  <mem-info id="882" free="5953392" total="12124160" percent="49">
    <mem type="nursery" free="3005848" total="5242880" percent="57">
      <mem type="allocate" free="3005848" total="3866624" percent="77" />
      <mem type="survivor" free="0" total="1376256" percent="0" />
    </mem>
    <mem type="tenure" free="2947544" total="6881280" percent="42">
      <mem type="soa" free="2603480" total="6537216" percent="39" />
      <mem type="loa" free="344064" total="344064" percent="100" />
    </mem>
    <remembered-set count="134" />
  </mem-info>
</gc-end>
<cycle-end id="883" type="scavenge" contextid="877" timestamp="2019-07-02T19:17:32.424">
  <attribute name="GC Util" value="10" />
  <attribute name="CPU Util" value="852773209510" />
  <attribute name="Time Running"value="1652"/>
  <attribute name="Number of cores"value="4"/>
</cycle-end>
<allocation-satisfied id="884" threadId="0000000000A0EE00" bytesRequested="2056" />
<af-end id="885" timestamp="2019-07-02T19:17:32.425" threadId="0000000000A0F788" success="true" from="nursery"/>
<exclusive-end id="886" timestamp="2019-07-02T19:17:32.425" durationms="1.040" />

<exclusive-start id="887" timestamp="2019-07-02T19:17:32.445" intervalms="21.118">
  <response-info timems="0.030" idlems="0.030" threads="0" lastid="0000000000A12A00" lastname="Thread-5" />
</exclusive-start>
<af-start id="888" threadId="0000000000A13388" totalBytesRequested="8200" timestamp="2019-07-02T19:17:32.445" intervalms="21.120" type="nursery" />
<cycle-start id="889" type="scavenge" contextid="0" timestamp="2019-07-02T19:17:32.445" intervalms="21.120" />
  <attribute name="GC Util" value="10" />
  <attribute name="CPU Util" value="852773209510" />
  <attribute name="Time Running"value="1652"/>
  <attribute name="Number of cores"value="4"/>
<gc-start id="890" type="scavenge" contextid="889" timestamp="2019-07-02T19:17:32.445">
  <mem-info id="891" free="2947544" total="12124160" percent="24">
    <mem type="nursery" free="0" total="5242880" percent="0">
      <mem type="allocate" free="0" total="3866624" percent="0" />
      <mem type="survivor" free="0" total="1376256" percent="0" />
    </mem>
    <mem type="tenure" free="2947544" total="6881280" percent="42">
      <mem type="soa" free="2603480" total="6537216" percent="39" />
      <mem type="loa" free="344064" total="344064" percent="100" />
    </mem>
    <remembered-set count="311" />
  </mem-info>
</gc-start>
<allocation-stats totalBytes="2889440" >
  <allocated-bytes non-tlh="100384" tlh="2789056" />
  <largest-consumer threadName="Thread-5" threadId="0000000000A12A00" bytes="1153024" />
</allocation-stats>
<gc-op id="892" type="scavenge" timems="7.121" contextid="889" timestamp="2019-07-02T19:17:32.452">
  <scavenger-info tenureage="1" tenuremask="7ffe" tiltratio="73" />
  <memory-copied type="nursery" objects="1474" bytes="729392" bytesdiscarded="215880" />
  <memory-copied type="tenure" objects="732" bytes="306696" bytesdiscarded="2856" />
  <references type="phantom" candidates="1" cleared="0" enqueued="0" />
</gc-op>
<heap-resize id="893" type="expand" space="nursery" amount="786432" count="1" timems="0.013" reason="excessive time being spent scavenging" timestamp="2019-07-02T19:17:32.452" />
<gc-end id="894" type="scavenge" contextid="889" durationms="7.474" usertimems="12.000" systemtimems="0.000" timestamp="2019-07-02T19:17:32.452" activeThreads="4">
  <mem-info id="895" free="6164456" total="12910592" percent="47">
    <mem type="nursery" free="3576640" total="6029312" percent="59">
      <mem type="allocate" free="3576640" total="4521984" percent="79" />
      <mem type="survivor" free="0" total="1507328" percent="0" />
    </mem>
    <mem type="tenure" free="2587816" total="6881280" percent="37">
      <mem type="soa" free="2243752" total="6537216" percent="34" />
      <mem type="loa" free="344064" total="344064" percent="100" />
    </mem>
    <remembered-set count="146" />
  </mem-info>
</gc-end>
<cycle-end id="896" type="scavenge" contextid="889" timestamp="2019-07-02T19:17:32.453">
  <attribute name="GC Util" value="5" />
  <attribute name="CPU Util" value="873423231469" />
  <attribute name="Time Running"value="1674"/>
  <attribute name="Number of cores"value="4"/>
</cycle-end>
<allocation-satisfied id="897" threadId="0000000000A12A00" bytesRequested="8200" />
<af-end id="898" timestamp="2019-07-02T19:17:32.453" threadId="0000000000A13388" success="true" from="nursery"/>
<exclusive-end id="899" timestamp="2019-07-02T19:17:32.453" durationms="8.259" />

<exclusive-start id="900" timestamp="2019-07-02T19:17:32.487" intervalms="42.063">
  <response-info timems="0.035" idlems="0.035" threads="0" lastid="0000000000A0B200" lastname="Thread-3" />
</exclusive-start>
<af-start id="901" threadId="0000000000A0BB88" totalBytesRequested="16392" timestamp="2019-07-02T19:17:32.487" intervalms="42.061" type="nursery" />
<cycle-start id="902" type="scavenge" contextid="0" timestamp="2019-07-02T19:17:32.487" intervalms="42.064" />
  <attribute name="GC Util" value="5" />
  <attribute name="CPU Util" value="873423231469" />
  <attribute name="Time Running"value="1674"/>
  <attribute name="Number of cores"value="4"/>
<gc-start id="903" type="scavenge" contextid="902" timestamp="2019-07-02T19:17:32.487">
  <mem-info id="904" free="2587816" total="12910592" percent="20">
    <mem type="nursery" free="0" total="6029312" percent="0">
      <mem type="allocate" free="0" total="4521984" percent="0" />
      <mem type="survivor" free="0" total="1507328" percent="0" />
    </mem>
    <mem type="tenure" free="2587816" total="6881280" percent="37">
      <mem type="soa" free="2243752" total="6537216" percent="34" />
      <mem type="loa" free="344064" total="344064" percent="100" />
    </mem>
    <remembered-set count="342" />
  </mem-info>
</gc-start>
<allocation-stats totalBytes="3550352" >
  <allocated-bytes non-tlh="73752" tlh="3476600" />
  <largest-consumer threadName="Thread-5" threadId="0000000000A12A00" bytes="1187336" />
</allocation-stats>
<gc-op id="905" type="scavenge" timems="0.670" contextid="902" timestamp="2019-07-02T19:17:32.488">
  <scavenger-info tenureage="1" tenuremask="7ffe" tiltratio="75" />
  <memory-copied type="nursery" objects="2136" bytes="805256" bytesdiscarded="48312" />
  <memory-copied type="tenure" objects="81" bytes="75088" bytesdiscarded="688" />
</gc-op>
<gc-end id="906" type="scavenge" contextid="902" durationms="1.018" usertimems="0.000" systemtimems="0.000" timestamp="2019-07-02T19:17:32.488" activeThreads="4">
  <mem-info id="907" free="6452752" total="12910592" percent="49">
    <mem type="nursery" free="3930488" total="6029312" percent="65">
      <mem type="allocate" free="3930488" total="4784128" percent="82" />
      <mem type="survivor" free="0" total="1245184" percent="0" />
    </mem>
    <mem type="tenure" free="2522264" total="6881280" percent="36">
      <mem type="soa" free="2178200" total="6537216" percent="33" />
      <mem type="loa" free="344064" total="344064" percent="100" />
    </mem>
    <remembered-set count="125" />
  </mem-info>
</gc-end>
<cycle-end id="908" type="scavenge" contextid="902" timestamp="2019-07-02T19:17:32.488">
  <attribute name="GC Util" value="27" />
  <attribute name="CPU Util" value="438487214747" />
  <attribute name="Time Running"value="1716"/>
  <attribute name="Number of cores"value="4"/>
</cycle-end>
<allocation-satisfied id="909" threadId="0000000000A0B200" bytesRequested="16392" />
<af-end id="910" timestamp="2019-07-02T19:17:32.488" threadId="0000000000A0BB88" success="true" from="nursery"/>
<exclusive-end id="911" timestamp="2019-07-02T19:17:32.488" durationms="1.441" />

<exclusive-start id="912" timestamp="2019-07-02T19:17:32.517" intervalms="29.894">
  <response-info timems="0.042" idlems="0.042" threads="0" lastid="0000000000A0B200" lastname="Thread-3" />
</exclusive-start>
<af-start id="913" threadId="0000000000A0BB88" totalBytesRequested="16" timestamp="2019-07-02T19:17:32.517" intervalms="29.900" type="nursery" />
<cycle-start id="914" type="scavenge" contextid="0" timestamp="2019-07-02T19:17:32.517" intervalms="29.898" />
  <attribute name="GC Util" value="27" />
  <attribute name="CPU Util" value="438487214747" />
  <attribute name="Time Running"value="1716"/>
  <attribute name="Number of cores"value="4"/>
<gc-start id="915" type="scavenge" contextid="914" timestamp="2019-07-02T19:17:32.517">
  <mem-info id="916" free="2522264" total="12910592" percent="19">
    <mem type="nursery" free="0" total="6029312" percent="0">
      <mem type="allocate" free="0" total="4784128" percent="0" />
      <mem type="survivor" free="0" total="1245184" percent="0" />
    </mem>
    <mem type="tenure" free="2522264" total="6881280" percent="36">
      <mem type="soa" free="2178200" total="6537216" percent="33" />
      <mem type="loa" free="344064" total="344064" percent="100" />
    </mem>
    <remembered-set count="311" />
  </mem-info>
</gc-start>
<allocation-stats totalBytes="3911448" >
  <allocated-bytes non-tlh="16392" tlh="3895056" />
  <largest-consumer threadName="Thread-3" threadId="0000000000A0B200" bytes="1573672" />
</allocation-stats>
<gc-op id="917" type="scavenge" timems="0.887" contextid="914" timestamp="2019-07-02T19:17:32.518">
  <scavenger-info tenureage="1" tenuremask="7ffe" tiltratio="79" />
  <memory-copied type="nursery" objects="1891" bytes="718448" bytesdiscarded="137160" />
  <memory-copied type="tenure" objects="821" bytes="344024" bytesdiscarded="2496" />
</gc-op>
<gc-end id="918" type="scavenge" contextid="914" durationms="1.244" usertimems="4.000" systemtimems="0.000" timestamp="2019-07-02T19:17:32.518" activeThreads="4">
  <mem-info id="919" free="6132072" total="12910592" percent="47">
    <mem type="nursery" free="3994008" total="6029312" percent="66">
      <mem type="allocate" free="3994008" total="4849664" percent="82" />
      <mem type="survivor" free="0" total="1179648" percent="0" />
    </mem>
    <mem type="tenure" free="2138064" total="6881280" percent="31">
      <mem type="soa" free="1794000" total="6537216" percent="27" />
      <mem type="loa" free="344064" total="344064" percent="100" />
    </mem>
    <remembered-set count="121" />
  </mem-info>
</gc-end>
<cycle-end id="920" type="scavenge" contextid="914" timestamp="2019-07-02T19:17:32.518">
  <attribute name="GC Util" value="4" />
  <attribute name="CPU Util" value="616972537847" />
  <attribute name="Time Running"value="1746"/>
  <attribute name="Number of cores"value="4"/>
</cycle-end>
<allocation-satisfied id="921" threadId="0000000000A0B200" bytesRequested="16" />
<af-end id="922" timestamp="2019-07-02T19:17:32.518" threadId="0000000000A0BB88" success="true" from="nursery"/>
<exclusive-end id="923" timestamp="2019-07-02T19:17:32.519" durationms="1.931" />

<exclusive-start id="924" timestamp="2019-07-02T19:17:32.556" intervalms="38.902">
  <response-info timems="0.050" idlems="0.050" threads="0" lastid="0000000000A0EE00" lastname="Thread-4" />
</exclusive-start>
<af-start id="925" threadId="0000000000A0F788" totalBytesRequested="16392" timestamp="2019-07-02T19:17:32.556" intervalms="38.900" type="nursery" />
<cycle-start id="926" type="scavenge" contextid="0" timestamp="2019-07-02T19:17:32.556" intervalms="38.901" />
  <attribute name="GC Util" value="4" />
  <attribute name="CPU Util" value="616972537847" />
  <attribute name="Time Running"value="1746"/>
  <attribute name="Number of cores"value="4"/>
<gc-start id="927" type="scavenge" contextid="926" timestamp="2019-07-02T19:17:32.556">
  <mem-info id="928" free="2138064" total="12910592" percent="16">
    <mem type="nursery" free="0" total="6029312" percent="0">
      <mem type="allocate" free="0" total="4849664" percent="0" />
      <mem type="survivor" free="0" total="1179648" percent="0" />
    </mem>
    <mem type="tenure" free="2138064" total="6881280" percent="31">
      <mem type="soa" free="1794000" total="6537216" percent="27" />
      <mem type="loa" free="344064" total="344064" percent="100" />
    </mem>
    <remembered-set count="325" />
  </mem-info>
</gc-start>
<allocation-stats totalBytes="3950640" >
  <allocated-bytes non-tlh="32792" tlh="3917848" />
  <largest-consumer threadName="Thread-4" threadId="0000000000A0EE00" bytes="1110200" />
</allocation-stats>
<gc-op id="929" type="scavenge" timems="0.376" contextid="926" timestamp="2019-07-02T19:17:32.556">
  <scavenger-info tenureage="1" tenuremask="7ffe" tiltratio="80" />
  <memory-copied type="nursery" objects="2133" bytes="892224" bytesdiscarded="228312" />
  <memory-copied type="tenure" objects="19" bytes="1792" bytesdiscarded="0" />
</gc-op>
<gc-end id="930" type="scavenge" contextid="926" durationms="0.561" usertimems="4.000" systemtimems="0.000" timestamp="2019-07-02T19:17:32.556" activeThreads="4">
  <mem-info id="931" free="5859792" total="12910592" percent="45">
    <mem type="nursery" free="3729048" total="6029312" percent="61">
      <mem type="allocate" free="3729048" total="4849664" percent="76" />
      <mem type="survivor" free="0" total="1179648" percent="0" />
    </mem>
    <mem type="tenure" free="2130744" total="6881280" percent="30">
      <mem type="soa" free="1786680" total="6537216" percent="27" />
      <mem type="loa" free="344064" total="344064" percent="100" />
    </mem>
    <remembered-set count="120" />
  </mem-info>
</gc-end>
<cycle-end id="932" type="scavenge" contextid="926" timestamp="2019-07-02T19:17:32.556">
  <attribute name="GC Util" value="4" />
  <attribute name="CPU Util" value="474197205463" />
  <attribute name="Time Running"value="1784"/>
  <attribute name="Number of cores"value="4"/>
</cycle-end>
<allocation-satisfied id="933" threadId="0000000000A0EE00" bytesRequested="16392" />
<af-end id="934" timestamp="2019-07-02T19:17:32.556" threadId="0000000000A0F788" success="true" from="nursery"/>
<exclusive-end id="935" timestamp="2019-07-02T19:17:32.557" durationms="0.981" />

<exclusive-start id="936" timestamp="2019-07-02T19:17:32.588" intervalms="32.737">
  <response-info timems="0.043" idlems="0.043" threads="0" lastid="0000000000A0EE00" lastname="Thread-4" />
</exclusive-start>
<af-start id="937" threadId="0000000000A0F788" totalBytesRequested="520" timestamp="2019-07-02T19:17:32.588" intervalms="32.737" type="nursery" />
<cycle-start id="938" type="scavenge" contextid="0" timestamp="2019-07-02T19:17:32.588" intervalms="32.739" />
  <attribute name="GC Util" value="4" />
  <attribute name="CPU Util" value="474197205463" />
  <attribute name="Time Running"value="1784"/>
  <attribute name="Number of cores"value="4"/>
<gc-start id="939" type="scavenge" contextid="938" timestamp="2019-07-02T19:17:32.589">
  <mem-info id="940" free="2130744" total="12910592" percent="16">
    <mem type="nursery" free="0" total="6029312" percent="0">
      <mem type="allocate" free="0" total="4849664" percent="0" />
      <mem type="survivor" free="0" total="1179648" percent="0" />
    </mem>
    <mem type="tenure" free="2130744" total="6881280" percent="30">
      <mem type="soa" free="1786680" total="6537216" percent="27" />
      <mem type="loa" free="344064" total="344064" percent="100" />
    </mem>
    <remembered-set count="314" />
  </mem-info>
</gc-start>
<allocation-stats totalBytes="3698616" >
  <allocated-bytes non-tlh="16392" tlh="3682224" />
  <largest-consumer threadName="Thread-4" threadId="0000000000A0EE00" bytes="1137232" />
</allocation-stats>
<gc-op id="941" type="scavenge" timems="0.471" contextid="938" timestamp="2019-07-02T19:17:32.589">
  <scavenger-info tenureage="1" tenuremask="7ffe" tiltratio="80" />
  <memory-copied type="nursery" objects="2021" bytes="742544" bytesdiscarded="297960" />
  <memory-copied type="tenure" objects="753" bytes="338352" bytesdiscarded="2664" />
</gc-op>
<gc-end id="942" type="scavenge" contextid="938" durationms="0.670" usertimems="0.000" systemtimems="0.000" timestamp="2019-07-02T19:17:32.589" activeThreads="4">
  <mem-info id="943" free="5611128" total="12910592" percent="43">
    <mem type="nursery" free="3874648" total="6029312" percent="64">
      <mem type="allocate" free="3874648" total="4915200" percent="78" />
      <mem type="survivor" free="0" total="1114112" percent="0" />
    </mem>
    <mem type="tenure" free="1736480" total="6881280" percent="25">
      <mem type="soa" free="1392416" total="6537216" percent="21" />
      <mem type="loa" free="344064" total="344064" percent="100" />
    </mem>
    <remembered-set count="119" />
  </mem-info>
</gc-end>
<cycle-end id="944" type="scavenge" contextid="938" timestamp="2019-07-02T19:17:32.589">
  <attribute name="GC Util" value="3" />
  <attribute name="CPU Util" value="563516995634" />
  <attribute name="Time Running"value="1817"/>
  <attribute name="Number of cores"value="4"/>
</cycle-end>
<allocation-satisfied id="945" threadId="0000000000A0EE00" bytesRequested="520" />
<af-end id="946" timestamp="2019-07-02T19:17:32.589" threadId="0000000000A0F788" success="true" from="nursery"/>
<exclusive-end id="947" timestamp="2019-07-02T19:17:32.589" durationms="1.094" />

<exclusive-start id="948" timestamp="2019-07-02T19:17:32.621" intervalms="32.762">
  <response-info timems="0.047" idlems="0.047" threads="0" lastid="0000000000A16500" lastname="Thread-6" />
</exclusive-start>
<af-start id="949" threadId="0000000000A16E88" totalBytesRequested="48" timestamp="2019-07-02T19:17:32.621" intervalms="32.760" type="nursery" />
<cycle-start id="950" type="scavenge" contextid="0" timestamp="2019-07-02T19:17:32.621" intervalms="32.756" />
  <attribute name="GC Util" value="3" />
  <attribute name="CPU Util" value="563516995634" />
  <attribute name="Time Running"value="1817"/>
  <attribute name="Number of cores"value="4"/>
<gc-start id="951" type="scavenge" contextid="950" timestamp="2019-07-02T19:17:32.621">
  <mem-info id="952" free="1736480" total="12910592" percent="13">
    <mem type="nursery" free="0" total="6029312" percent="0">
      <mem type="allocate" free="0" total="4915200" percent="0" />
      <mem type="survivor" free="0" total="1114112" percent="0" />
    </mem>
    <mem type="tenure" free="1736480" total="6881280" percent="25">
      <mem type="soa" free="1392416" total="6537216" percent="21" />
      <mem type="loa" free="344064" total="344064" percent="100" />
    </mem>
    <remembered-set count="305" />
  </mem-info>
</gc-start>
<allocation-stats totalBytes="3872712" >
  <allocated-bytes non-tlh="520" tlh="3872192" />
  <largest-consumer threadName="Thread-5" threadId="0000000000A12A00" bytes="1460664" />
</allocation-stats>
<gc-op id="953" type="scavenge" timems="0.427" contextid="950" timestamp="2019-07-02T19:17:32.622">
  <scavenger-info tenureage="1" tenuremask="7ffe" tiltratio="81" />
  <memory-copied type="nursery" objects="1885" bytes="771248" bytesdiscarded="132712" />
  <memory-copied type="tenure" objects="702" bytes="289400" bytesdiscarded="1112" />
</gc-op>
<gc-end id="954" type="scavenge" contextid="950" durationms="0.613" usertimems="0.000" systemtimems="0.000" timestamp="2019-07-02T19:17:32.622" activeThreads="4">
  <mem-info id="955" free="5527320" total="12910592" percent="42">
    <mem type="nursery" free="4011184" total="6029312" percent="66">
      <mem type="allocate" free="4011184" total="4915200" percent="81" />
      <mem type="survivor" free="0" total="1114112" percent="0" />
    </mem>
    <mem type="tenure" free="1516136" total="6881280" percent="22">
      <mem type="soa" free="1172072" total="6537216" percent="17" />
      <mem type="loa" free="344064" total="344064" percent="100" />
    </mem>
    <remembered-set count="142" />
  </mem-info>
</gc-end>
<cycle-end id="956" type="scavenge" contextid="950" timestamp="2019-07-02T19:17:32.622">
  <attribute name="GC Util" value="3" />
  <attribute name="CPU Util" value="563213701817" />
  <attribute name="Time Running"value="1850"/>
  <attribute name="Number of cores"value="4"/>
</cycle-end>
<allocation-satisfied id="957" threadId="0000000000A16500" bytesRequested="48" />
<af-end id="958" timestamp="2019-07-02T19:17:32.622" threadId="0000000000A16E88" success="true" from="nursery"/>
<exclusive-end id="959" timestamp="2019-07-02T19:17:32.622" durationms="1.022" />

<exclusive-start id="960" timestamp="2019-07-02T19:17:32.656" intervalms="34.849">
  <response-info timems="0.035" idlems="0.035" threads="0" lastid="0000000000A0B200" lastname="Thread-3" />
</exclusive-start>
<af-start id="961" threadId="0000000000A0BB88" totalBytesRequested="48" timestamp="2019-07-02T19:17:32.656" intervalms="34.851" type="nursery" />
<cycle-start id="962" type="scavenge" contextid="0" timestamp="2019-07-02T19:17:32.656" intervalms="34.854" />
  <attribute name="GC Util" value="3" />
  <attribute name="CPU Util" value="563213701817" />
  <attribute name="Time Running"value="1850"/>
  <attribute name="Number of cores"value="4"/>
<gc-start id="963" type="scavenge" contextid="962" timestamp="2019-07-02T19:17:32.656">
  <mem-info id="964" free="1516136" total="12910592" percent="11">
    <mem type="nursery" free="0" total="6029312" percent="0">
      <mem type="allocate" free="0" total="4915200" percent="0" />
      <mem type="survivor" free="0" total="1114112" percent="0" />
    </mem>
    <mem type="tenure" free="1516136" total="6881280" percent="22">
      <mem type="soa" free="1172072" total="6537216" percent="17" />
      <mem type="loa" free="344064" total="344064" percent="100" />
    </mem>
    <remembered-set count="363" />
  </mem-info>
</gc-start>
<allocation-stats totalBytes="4007064" >
  <allocated-bytes non-tlh="32824" tlh="3974240" />
  <largest-consumer threadName="Thread-3" threadId="0000000000A0B200" bytes="1476328" />
</allocation-stats>
<gc-op id="965" type="scavenge" timems="0.628" contextid="962" timestamp="2019-07-02T19:17:32.657">
  <scavenger-info tenureage="1" tenuremask="7ffe" tiltratio="81" />
  <memory-copied type="nursery" objects="2712" bytes="1024560" bytesdiscarded="89480" />
  <memory-copied type="tenure" objects="88" bytes="40320" bytesdiscarded="0" />
</gc-op>
<gc-end id="966" type="scavenge" contextid="962" durationms="1.007" usertimems="4.000" systemtimems="0.000" timestamp="2019-07-02T19:17:32.657" activeThreads="4">
  <mem-info id="967" free="5022304" total="12910592" percent="38">
    <mem type="nursery" free="3538944" total="6029312" percent="58">
      <mem type="allocate" free="3538944" total="4653056" percent="76" />
      <mem type="survivor" free="0" total="1376256" percent="0" />
    </mem>
    <mem type="tenure" free="1483360" total="6881280" percent="21">
      <mem type="soa" free="1139296" total="6537216" percent="17" />
      <mem type="loa" free="344064" total="344064" percent="100" />
    </mem>
    <remembered-set count="132" />
  </mem-info>
</gc-end>
<cycle-end id="968" type="scavenge" contextid="962" timestamp="2019-07-02T19:17:32.657">
  <attribute name="GC Util" value="3" />
  <attribute name="CPU Util" value="528997660379" />
  <attribute name="Time Running"value="1885"/>
  <attribute name="Number of cores"value="4"/>
</cycle-end>
<allocation-satisfied id="969" threadId="0000000000A0B200" bytesRequested="48" />
<af-end id="970" timestamp="2019-07-02T19:17:32.657" threadId="0000000000A0BB88" success="true" from="nursery"/>
<exclusive-end id="971" timestamp="2019-07-02T19:17:32.657" durationms="1.449" />

<exclusive-start id="972" timestamp="2019-07-02T19:17:32.679" intervalms="22.752">
  <response-info timems="0.062" idlems="0.062" threads="0" lastid="0000000000A12A00" lastname="Thread-5" />
</exclusive-start>
<af-start id="973" threadId="0000000000A13388" totalBytesRequested="2008" timestamp="2019-07-02T19:17:32.679" intervalms="22.750" type="nursery" />
<cycle-start id="974" type="scavenge" contextid="0" timestamp="2019-07-02T19:17:32.679" intervalms="22.749" />
  <attribute name="GC Util" value="3" />
  <attribute name="CPU Util" value="528997660379" />
  <attribute name="Time Running"value="1885"/>
  <attribute name="Number of cores"value="4"/>
<gc-start id="975" type="scavenge" contextid="974" timestamp="2019-07-02T19:17:32.679">
  <mem-info id="976" free="1483360" total="12910592" percent="11">
    <mem type="nursery" free="0" total="6029312" percent="0">
      <mem type="allocate" free="0" total="4653056" percent="0" />
      <mem type="survivor" free="0" total="1376256" percent="0" />
    </mem>
    <mem type="tenure" free="1483360" total="6881280" percent="21">
      <mem type="soa" free="1139296" total="6537216" percent="17" />
      <mem type="loa" free="344064" total="344064" percent="100" />
    </mem>
    <remembered-set count="283" />
  </mem-info>
</gc-start>
<allocation-stats totalBytes="3440496" >
  <allocated-bytes non-tlh="48" tlh="3440448" />
  <largest-consumer threadName="Thread-5" threadId="0000000000A12A00" bytes="1589168" />
</allocation-stats>
<gc-op id="977" type="scavenge" timems="3.694" contextid="974" timestamp="2019-07-02T19:17:32.683">
  <scavenger-info tenureage="1" tenuremask="7ffe" tiltratio="77" />
  <memory-copied type="nursery" objects="1866" bytes="717088" bytesdiscarded="209768" />
  <memory-copied type="tenure" objects="810" bytes="342096" bytesdiscarded="2248" />
</gc-op>
<heap-resize id="978" type="expand" space="nursery" amount="393216" count="1" timems="0.018" reason="excessive time being spent scavenging" timestamp="2019-07-02T19:17:32.683" />
<gc-end id="979" type="scavenge" contextid="974" durationms="4.062" usertimems="4.000" systemtimems="0.000" timestamp="2019-07-02T19:17:32.683" activeThreads="4">
  <mem-info id="980" free="5176880" total="13303808" percent="38">
    <mem type="nursery" free="4053832" total="6422528" percent="63">
      <mem type="allocate" free="4053832" total="4980736" percent="81" />
      <mem type="survivor" free="0" total="1441792" percent="0" />
    </mem>
    <mem type="tenure" free="1123048" total="6881280" percent="16">
      <mem type="soa" free="778984" total="6537216" percent="11" />
      <mem type="loa" free="344064" total="344064" percent="100" />
    </mem>
    <remembered-set count="112" />
  </mem-info>
</gc-end>
<cycle-end id="981" type="scavenge" contextid="974" timestamp="2019-07-02T19:17:32.683">
  <attribute name="GC Util" value="5" />
  <attribute name="CPU Util" value="811376336875" />
  <attribute name="Time Running"value="1908"/>
  <attribute name="Number of cores"value="4"/>
</cycle-end>
<allocation-satisfied id="982" threadId="0000000000A12A00" bytesRequested="2008" />
<af-end id="983" timestamp="2019-07-02T19:17:32.683" threadId="0000000000A13388" success="true" from="nursery"/>
<exclusive-end id="984" timestamp="2019-07-02T19:17:32.683" durationms="4.797" />

<exclusive-start id="985" timestamp="2019-07-02T19:17:32.737" intervalms="58.425">
  <response-info timems="0.053" idlems="0.053" threads="0" lastid="0000000000A16500" lastname="Thread-6" />
</exclusive-start>
<af-start id="986" threadId="0000000000A16E88" totalBytesRequested="32776" timestamp="2019-07-02T19:17:32.737" intervalms="58.467" type="nursery" />
<cycle-start id="987" type="scavenge" contextid="0" timestamp="2019-07-02T19:17:32.737" intervalms="58.466" />
  <attribute name="GC Util" value="5" />
  <attribute name="CPU Util" value="811376336875" />
  <attribute name="Time Running"value="1908"/>
  <attribute name="Number of cores"value="4"/>
<gc-start id="988" type="scavenge" contextid="987" timestamp="2019-07-02T19:17:32.737">
  <mem-info id="989" free="1123048" total="13303808" percent="8">
    <mem type="nursery" free="0" total="6422528" percent="0">
      <mem type="allocate" free="0" total="4980736" percent="0" />
      <mem type="survivor" free="0" total="1441792" percent="0" />
    </mem>
    <mem type="tenure" free="1123048" total="6881280" percent="16">
      <mem type="soa" free="778984" total="6537216" percent="11" />
      <mem type="loa" free="344064" total="344064" percent="100" />
    </mem>
    <remembered-set count="308" />
  </mem-info>
</gc-start>
<allocation-stats totalBytes="4009720" >
  <allocated-bytes non-tlh="34784" tlh="3974936" />
  <largest-consumer threadName="Thread-3" threadId="0000000000A0B200" bytes="1505016" />
</allocation-stats>
<gc-op id="990" type="scavenge" timems="0.401" contextid="987" timestamp="2019-07-02T19:17:32.738">
  <scavenger-info tenureage="1" tenuremask="7ffe" tiltratio="77" />
  <memory-copied type="nursery" objects="2085" bytes="931376" bytesdiscarded="158192" />
  <memory-copied type="tenure" objects="4" bytes="880" bytesdiscarded="0" />
  <references type="phantom" candidates="1" cleared="0" enqueued="0" />
</gc-op>
<gc-end id="991" type="scavenge" contextid="987" durationms="0.593" usertimems="0.000" systemtimems="0.000" timestamp="2019-07-02T19:17:32.738" activeThreads="4">
  <mem-info id="992" free="5145216" total="13303808" percent="38">
    <mem type="nursery" free="4022168" total="6422528" percent="62">
      <mem type="allocate" free="4022168" total="5111808" percent="78" />
      <mem type="survivor" free="0" total="1310720" percent="0" />
    </mem>
    <mem type="tenure" free="1123048" total="6881280" percent="16">
      <mem type="soa" free="778984" total="6537216" percent="11" />
      <mem type="loa" free="344064" total="344064" percent="100" />
    </mem>
    <remembered-set count="118" />
  </mem-info>
</gc-end>
<cycle-end id="993" type="scavenge" contextid="987" timestamp="2019-07-02T19:17:32.738">
  <attribute name="GC Util" value="9" />
  <attribute name="CPU Util" value="315482924950" />
  <attribute name="Time Running"value="1966"/>
  <attribute name="Number of cores"value="4"/>
</cycle-end>
<allocation-satisfied id="994" threadId="0000000000A16500" bytesRequested="32776" />
<af-end id="995" timestamp="2019-07-02T19:17:32.738" threadId="0000000000A16E88" success="true" from="nursery"/>
<exclusive-end id="996" timestamp="2019-07-02T19:17:32.738" durationms="1.135" />

<exclusive-start id="997" timestamp="2019-07-02T19:17:32.774" intervalms="36.826">
  <response-info timems="0.025" idlems="0.025" threads="0" lastid="0000000000A16500" lastname="Thread-6" />
</exclusive-start>
<af-start id="998" threadId="0000000000A16E88" totalBytesRequested="8200" timestamp="2019-07-02T19:17:32.774" intervalms="36.822" type="nursery" />
<cycle-start id="999" type="scavenge" contextid="0" timestamp="2019-07-02T19:17:32.774" intervalms="36.823" />
  <attribute name="GC Util" value="9" />
  <attribute name="CPU Util" value="315482924950" />
  <attribute name="Time Running"value="1966"/>
  <attribute name="Number of cores"value="4"/>
<gc-start id="1000" type="scavenge" contextid="999" timestamp="2019-07-02T19:17:32.774">
  <mem-info id="1001" free="1123048" total="13303808" percent="8">
    <mem type="nursery" free="0" total="6422528" percent="0">
      <mem type="allocate" free="0" total="5111808" percent="0" />
      <mem type="survivor" free="0" total="1310720" percent="0" />
    </mem>
    <mem type="tenure" free="1123048" total="6881280" percent="16">
      <mem type="soa" free="778984" total="6537216" percent="11" />
      <mem type="loa" free="344064" total="344064" percent="100" />
    </mem>
    <remembered-set count="321" />
  </mem-info>
</gc-start>
<allocation-stats totalBytes="4004720" >
  <allocated-bytes non-tlh="32776" tlh="3971944" />
  <largest-consumer threadName="Thread-6" threadId="0000000000A16500" bytes="1323360" />
</allocation-stats>
<gc-op id="1002" type="scavenge" timems="0.468" contextid="999" timestamp="2019-07-02T19:17:32.775">
  <scavenger-info tenureage="1" tenuremask="7ffe" tiltratio="79" />
  <memory-copied type="nursery" objects="1607" bytes="721688" bytesdiscarded="370032" />
  <memory-copied type="tenure" objects="674" bytes="294456" bytesdiscarded="1080" />
  <references type="phantom" candidates="1" cleared="0" enqueued="0" />
</gc-op>
<gc-end id="1003" type="scavenge" contextid="999" durationms="0.661" usertimems="4.000" systemtimems="0.000" timestamp="2019-07-02T19:17:32.775" activeThreads="4">
  <mem-info id="1004" free="4849192" total="13303808" percent="36">
    <mem type="nursery" free="4085568" total="6422528" percent="63">
      <mem type="allocate" free="4085568" total="5177344" percent="78" />
      <mem type="survivor" free="0" total="1245184" percent="0" />
    </mem>
    <mem type="tenure" free="763624" total="6881280" percent="11">
      <mem type="soa" free="419560" total="6537216" percent="6" />
      <mem type="loa" free="344064" total="344064" percent="100" />
    </mem>
    <remembered-set count="144" />
  </mem-info>
</gc-end>
<cycle-end id="1005" type="scavenge" contextid="999" timestamp="2019-07-02T19:17:32.775">
  <attribute name="GC Util" value="2" />
  <attribute name="CPU Util" value="500909836390" />
  <attribute name="Time Running"value="2003"/>
  <attribute name="Number of cores"value="4"/>
</cycle-end>
<allocation-satisfied id="1006" threadId="0000000000A16500" bytesRequested="8200" />
<af-end id="1007" timestamp="2019-07-02T19:17:32.775" threadId="0000000000A16E88" success="true" from="nursery"/>
<exclusive-end id="1008" timestamp="2019-07-02T19:17:32.775" durationms="1.131" />

<exclusive-start id="1009" timestamp="2019-07-02T19:17:32.807" intervalms="32.632">
  <response-info timems="0.030" idlems="0.030" threads="0" lastid="0000000000A0EE00" lastname="Thread-4" />
</exclusive-start>
<af-start id="1010" threadId="0000000000A0F788" totalBytesRequested="32776" timestamp="2019-07-02T19:17:32.807" intervalms="32.594" type="nursery" />
<cycle-start id="1011" type="scavenge" contextid="0" timestamp="2019-07-02T19:17:32.807" intervalms="32.593" />
  <attribute name="GC Util" value="2" />
  <attribute name="CPU Util" value="500909836390" />
  <attribute name="Time Running"value="2003"/>
  <attribute name="Number of cores"value="4"/>
<gc-start id="1012" type="scavenge" contextid="1011" timestamp="2019-07-02T19:17:32.807">
  <mem-info id="1013" free="763624" total="13303808" percent="5">
    <mem type="nursery" free="0" total="6422528" percent="0">
      <mem type="allocate" free="0" total="5177344" percent="0" />
      <mem type="survivor" free="0" total="1245184" percent="0" />
    </mem>
    <mem type="tenure" free="763624" total="6881280" percent="11">
      <mem type="soa" free="419560" total="6537216" percent="6" />
      <mem type="loa" free="344064" total="344064" percent="100" />
    </mem>
    <remembered-set count="341" />
  </mem-info>
</gc-start>
<allocation-stats totalBytes="3995824" >
  <allocated-bytes non-tlh="8200" tlh="3987624" />
  <largest-consumer threadName="Thread-3" threadId="0000000000A0B200" bytes="1480728" />
</allocation-stats>
<gc-op id="1014" type="scavenge" timems="0.350" contextid="1011" timestamp="2019-07-02T19:17:32.807">
  <scavenger-info tenureage="1" tenuremask="7ffe" tiltratio="80" />
  <memory-copied type="nursery" objects="2403" bytes="985376" bytesdiscarded="188432" />
  <memory-copied type="tenure" objects="143" bytes="48616" bytesdiscarded="208" />
</gc-op>
<gc-end id="1015" type="scavenge" contextid="1011" durationms="0.534" usertimems="0.000" systemtimems="0.000" timestamp="2019-07-02T19:17:32.807" activeThreads="4">
  <mem-info id="1016" free="4590504" total="13303808" percent="34">
    <mem type="nursery" free="3872384" total="6422528" percent="60">
      <mem type="allocate" free="3872384" total="5046272" percent="76" />
      <mem type="survivor" free="0" total="1376256" percent="0" />
    </mem>
    <mem type="tenure" free="718120" total="6881280" percent="10">
      <mem type="soa" free="374056" total="6537216" percent="5" />
      <mem type="loa" free="344064" total="344064" percent="100" />
    </mem>
    <remembered-set count="116" />
  </mem-info>
</gc-end>
<cycle-end id="1017" type="scavenge" contextid="1011" timestamp="2019-07-02T19:17:32.807">
  <attribute name="GC Util" value="3" />
  <attribute name="CPU Util" value="566169089613" />
  <attribute name="Time Running"value="2035"/>
  <attribute name="Number of cores"value="4"/>
</cycle-end>
<allocation-satisfied id="1018" threadId="0000000000A0EE00" bytesRequested="32776" />
<af-end id="1019" timestamp="2019-07-02T19:17:32.808" threadId="0000000000A0F788" success="true" from="nursery"/>
<exclusive-end id="1020" timestamp="2019-07-02T19:17:32.808" durationms="1.062" />

<exclusive-start id="1021" timestamp="2019-07-02T19:17:32.840" intervalms="33.500">
  <response-info timems="0.050" idlems="0.030" threads="1" lastid="0000000000A0B200" lastname="Thread-3" />
</exclusive-start>
<af-start id="1022" threadId="0000000000A16E88" totalBytesRequested="520" timestamp="2019-07-02T19:17:32.840" intervalms="33.496" type="nursery" />
<cycle-start id="1023" type="scavenge" contextid="0" timestamp="2019-07-02T19:17:32.840" intervalms="33.494" />
  <attribute name="GC Util" value="3" />
  <attribute name="CPU Util" value="566169089613" />
  <attribute name="Time Running"value="2035"/>
  <attribute name="Number of cores"value="4"/>
<gc-start id="1024" type="scavenge" contextid="1023" timestamp="2019-07-02T19:17:32.840">
  <mem-info id="1025" free="718120" total="13303808" percent="5">
    <mem type="nursery" free="0" total="6422528" percent="0">
      <mem type="allocate" free="0" total="5046272" percent="0" />
      <mem type="survivor" free="0" total="1376256" percent="0" />
    </mem>
    <mem type="tenure" free="718120" total="6881280" percent="10">
      <mem type="soa" free="374056" total="6537216" percent="5" />
      <mem type="loa" free="344064" total="344064" percent="100" />
    </mem>
    <remembered-set count="317" />
  </mem-info>
</gc-start>
<allocation-stats totalBytes="3857664" >
  <allocated-bytes non-tlh="65552" tlh="3792112" />
  <largest-consumer threadName="Thread-4" threadId="0000000000A0EE00" bytes="1378504" />
</allocation-stats>
<gc-op id="1026" type="scavenge" timems="0.363" contextid="1023" timestamp="2019-07-02T19:17:32.841">
  <scavenger-info tenureage="1" tenuremask="7ffe" tiltratio="78" />
  <memory-copied type="nursery" objects="2521" bytes="964520" bytesdiscarded="299824" />
  <memory-copied type="tenure" objects="50" bytes="37792" bytesdiscarded="0" />
</gc-op>
<gc-end id="1027" type="scavenge" contextid="1023" durationms="0.549" usertimems="0.000" systemtimems="0.000" timestamp="2019-07-02T19:17:32.841" activeThreads="4">
  <mem-info id="1028" free="4526352" total="13303808" percent="34">
    <mem type="nursery" free="3847400" total="6422528" percent="59">
      <mem type="allocate" free="3847400" total="5111808" percent="75" />
      <mem type="survivor" free="0" total="1310720" percent="0" />
    </mem>
    <mem type="tenure" free="678952" total="6881280" percent="9">
      <mem type="soa" free="334888" total="6537216" percent="5" />
      <mem type="loa" free="344064" total="344064" percent="100" />
    </mem>
    <remembered-set count="103" />
  </mem-info>
</gc-end>
<cycle-end id="1029" type="scavenge" contextid="1023" timestamp="2019-07-02T19:17:32.841">
  <attribute name="GC Util" value="3" />
  <attribute name="CPU Util" value="550789536082" />
  <attribute name="Time Running"value="2069"/>
  <attribute name="Number of cores"value="4"/>
</cycle-end>
<allocation-satisfied id="1030" threadId="0000000000A16500" bytesRequested="520" />
<af-end id="1031" timestamp="2019-07-02T19:17:32.841" threadId="0000000000A16E88" success="true" from="nursery"/>
<exclusive-end id="1032" timestamp="2019-07-02T19:17:32.841" durationms="0.955" />

<exclusive-start id="1033" timestamp="2019-07-02T19:17:32.868" intervalms="28.402">
  <response-info timems="0.028" idlems="0.028" threads="0" lastid="0000000000A0EE00" lastname="Thread-4" />
</exclusive-start>
<af-start id="1034" threadId="0000000000A0F788" totalBytesRequested="88" timestamp="2019-07-02T19:17:32.869" intervalms="28.448" type="nursery" />
<cycle-start id="1035" type="scavenge" contextid="0" timestamp="2019-07-02T19:17:32.869" intervalms="28.449" />
  <attribute name="GC Util" value="3" />
  <attribute name="CPU Util" value="550789536082" />
  <attribute name="Time Running"value="2069"/>
  <attribute name="Number of cores"value="4"/>
<gc-start id="1036" type="scavenge" contextid="1035" timestamp="2019-07-02T19:17:32.869">
  <mem-info id="1037" free="678952" total="13303808" percent="5">
    <mem type="nursery" free="0" total="6422528" percent="0">
      <mem type="allocate" free="0" total="5111808" percent="0" />
      <mem type="survivor" free="0" total="1310720" percent="0" />
    </mem>
    <mem type="tenure" free="678952" total="6881280" percent="9">
      <mem type="soa" free="334888" total="6537216" percent="5" />
      <mem type="loa" free="344064" total="344064" percent="100" />
    </mem>
    <remembered-set count="291" />
  </mem-info>
</gc-start>
<allocation-stats totalBytes="3845304" >
  <allocated-bytes non-tlh="33296" tlh="3812008" />
  <largest-consumer threadName="Thread-6" threadId="0000000000A16500" bytes="1412880" />
</allocation-stats>
<gc-op id="1038" type="scavenge" timems="0.368" contextid="1035" timestamp="2019-07-02T19:17:32.869">
  <scavenger-info tenureage="1" tenuremask="7ffe" tiltratio="79" />
  <memory-copied type="nursery" objects="2526" bytes="1016600" bytesdiscarded="212800" />
  <memory-copied type="tenure" objects="6" bytes="176" bytesdiscarded="0" />
</gc-op>
<gc-end id="1039" type="scavenge" contextid="1035" durationms="0.553" usertimems="0.000" systemtimems="0.000" timestamp="2019-07-02T19:17:32.869" activeThreads="4">
  <mem-info id="1040" free="4692368" total="13303808" percent="35">
    <mem type="nursery" free="4013416" total="6422528" percent="62">
      <mem type="allocate" free="4013416" total="5242880" percent="76" />
      <mem type="survivor" free="0" total="1179648" percent="0" />
    </mem>
    <mem type="tenure" free="678952" total="6881280" percent="9">
      <mem type="soa" free="334888" total="6537216" percent="5" />
      <mem type="loa" free="344064" total="344064" percent="100" />
    </mem>
    <remembered-set count="96" />
  </mem-info>
</gc-end>
<cycle-end id="1041" type="scavenge" contextid="1035" timestamp="2019-07-02T19:17:32.869">
  <attribute name="GC Util" value="3" />
  <attribute name="CPU Util" value="648318375259" />
  <attribute name="Time Running"value="2097"/>
  <attribute name="Number of cores"value="4"/>
</cycle-end>
<allocation-satisfied id="1042" threadId="0000000000A0EE00" bytesRequested="88" />
<af-end id="1043" timestamp="2019-07-02T19:17:32.869" threadId="0000000000A0F788" success="true" from="nursery"/>
<exclusive-end id="1044" timestamp="2019-07-02T19:17:32.869" durationms="1.005" />

<exclusive-start id="1045" timestamp="2019-07-02T19:17:32.900" intervalms="31.113">
  <response-info timems="0.031" idlems="0.031" threads="0" lastid="0000000000A0EE00" lastname="Thread-4" />
</exclusive-start>
<af-start id="1046" threadId="0000000000A0F788" totalBytesRequested="48" timestamp="2019-07-02T19:17:32.900" intervalms="31.069" type="nursery" />
<cycle-start id="1047" type="scavenge" contextid="0" timestamp="2019-07-02T19:17:32.900" intervalms="31.071" />
  <attribute name="GC Util" value="3" />
  <attribute name="CPU Util" value="648318375259" />
  <attribute name="Time Running"value="2097"/>
  <attribute name="Number of cores"value="4"/>
<gc-start id="1048" type="scavenge" contextid="1047" timestamp="2019-07-02T19:17:32.900">
  <mem-info id="1049" free="678952" total="13303808" percent="5">
    <mem type="nursery" free="0" total="6422528" percent="0">
      <mem type="allocate" free="0" total="5242880" percent="0" />
      <mem type="survivor" free="0" total="1179648" percent="0" />
    </mem>
    <mem type="tenure" free="678952" total="6881280" percent="9">
      <mem type="soa" free="334888" total="6537216" percent="5" />
      <mem type="loa" free="344064" total="344064" percent="100" />
    </mem>
    <remembered-set count="270" />
  </mem-info>
</gc-start>
<allocation-stats totalBytes="4002040" >
  <allocated-bytes non-tlh="32864" tlh="3969176" />
  <largest-consumer threadName="Thread-5" threadId="0000000000A12A00" bytes="1547784" />
</allocation-stats>
<gc-op id="1050" type="scavenge" timems="0.384" contextid="1047" timestamp="2019-07-02T19:17:32.900">
  <scavenger-info tenureage="1" tenuremask="7ffe" tiltratio="81" />
  <memory-copied type="nursery" objects="2035" bytes="742352" bytesdiscarded="146552" />
  <memory-copied type="tenure" objects="666" bytes="299776" bytesdiscarded="616" />
</gc-op>
<gc-end id="1051" type="scavenge" contextid="1047" durationms="0.574" usertimems="0.000" systemtimems="0.000" timestamp="2019-07-02T19:17:32.900" activeThreads="4">
  <mem-info id="1052" free="4773712" total="13303808" percent="35">
    <mem type="nursery" free="4353928" total="6422528" percent="67">
      <mem type="allocate" free="4353928" total="5242880" percent="83" />
      <mem type="survivor" free="0" total="1179648" percent="0" />
    </mem>
    <mem type="tenure" free="419784" total="6881280" percent="6">
      <mem type="soa" free="75720" total="6537216" percent="1" />
      <mem type="loa" free="344064" total="344064" percent="100" />
    </mem>
    <remembered-set count="120" />
  </mem-info>
</gc-end>
<cycle-end id="1053" type="scavenge" contextid="1047" timestamp="2019-07-02T19:17:32.900">
  <attribute name="GC Util" value="3" />
  <attribute name="CPU Util" value="593732523876" />
  <attribute name="Time Running"value="2128"/>
  <attribute name="Number of cores"value="4"/>
</cycle-end>
<allocation-satisfied id="1054" threadId="0000000000A0EE00" bytesRequested="48" />
<af-end id="1055" timestamp="2019-07-02T19:17:32.901" threadId="0000000000A0F788" success="true" from="nursery"/>
<exclusive-end id="1056" timestamp="2019-07-02T19:17:32.901" durationms="1.045" />

<concurrent-kickoff id="1057" timestamp="2019-07-02T19:17:32.929">
  <kickoff reason="threshold reached" targetBytes="1784984" thresholdFreeBytes="246361"  remainingFree="241488" tenureFreeBytes="419784" nurseryFreeBytes="241488" />
</concurrent-kickoff>
<exclusive-start id="1058" timestamp="2019-07-02T19:17:32.929" intervalms="29.292">
  <response-info timems="0.027" idlems="0.027" threads="0" lastid="0000000000A16500" lastname="Thread-6" />
</exclusive-start>
<cycle-start id="1059" type="global" contextid="0" timestamp="2019-07-02T19:17:32.929" intervalms="670.478" />
  <attribute name="GC Util" value="3" />
  <attribute name="CPU Util" value="593732523876" />
  <attribute name="Time Running"value="2128"/>
  <attribute name="Number of cores"value="4"/>
<exclusive-end id="1060" timestamp="2019-07-02T19:17:32.929" durationms="0.101" />

<exclusive-start id="1061" timestamp="2019-07-02T19:17:32.933" intervalms="4.457">
  <response-info timems="0.033" idlems="0.033" threads="0" lastid="0000000000A0EE00" lastname="Thread-4" />
</exclusive-start>
<af-start id="1062" threadId="0000000000A0F788" totalBytesRequested="16392" timestamp="2019-07-02T19:17:32.933" intervalms="33.746" type="nursery" />
<cycle-start id="1063" type="scavenge" contextid="0" timestamp="2019-07-02T19:17:32.933" intervalms="33.744" />
  <attribute name="GC Util" value="3" />
  <attribute name="CPU Util" value="593732523876" />
  <attribute name="Time Running"value="2128"/>
  <attribute name="Number of cores"value="4"/>
<gc-start id="1064" type="scavenge" contextid="1063" timestamp="2019-07-02T19:17:32.933">
  <mem-info id="1065" free="419784" total="13303808" percent="3">
    <mem type="nursery" free="0" total="6422528" percent="0">
      <mem type="allocate" free="0" total="5242880" percent="0" />
      <mem type="survivor" free="0" total="1179648" percent="0" />
    </mem>
    <mem type="tenure" free="419784" total="6881280" percent="6">
      <mem type="soa" free="75720" total="6537216" percent="1" />
      <mem type="loa" free="344064" total="344064" percent="100" />
    </mem>
    <remembered-set count="328" />
  </mem-info>
</gc-start>
<allocation-stats totalBytes="4303400" >
  <allocated-bytes non-tlh="32824" tlh="4270576" />
  <largest-consumer threadName="Thread-3" threadId="0000000000A0B200" bytes="1829208" />
</allocation-stats>
<gc-op id="1066" type="scavenge" timems="0.341" contextid="1063" timestamp="2019-07-02T19:17:32.934">
  <scavenger-info tenureage="1" tenuremask="7ffe" tiltratio="81" />
  <memory-copied type="nursery" objects="1442" bytes="598768" bytesdiscarded="109608" />
  <memory-copied type="tenure" objects="43" bytes="2944" bytesdiscarded="40" />
  <references type="weak" candidates="1" cleared="0" enqueued="0" />
  <references type="phantom" candidates="1" cleared="0" enqueued="0" />
</gc-op>
<gc-end id="1067" type="scavenge" contextid="1063" durationms="0.529" usertimems="0.000" systemtimems="0.000" timestamp="2019-07-02T19:17:32.934" activeThreads="4">
  <mem-info id="1068" free="4960584" total="13303808" percent="37">
    <mem type="nursery" free="4599992" total="6422528" percent="71">
      <mem type="allocate" free="4599992" total="5308416" percent="86" />
      <mem type="survivor" free="0" total="1114112" percent="0" />
    </mem>
    <mem type="tenure" free="360592" total="6881280" percent="5">
      <mem type="soa" free="16528" total="6537216" percent="0" />
      <mem type="loa" free="344064" total="344064" percent="100" />
    </mem>
    <remembered-set count="122" />
  </mem-info>
</gc-end>
<cycle-end id="1069" type="scavenge" contextid="1063" timestamp="2019-07-02T19:17:32.934">
  <attribute name="GC Util" value="3" />
  <attribute name="CPU Util" value="546728834990" />
  <attribute name="Time Running"value="2162"/>
  <attribute name="Number of cores"value="4"/>
</cycle-end>
<allocation-satisfied id="1070" threadId="0000000000A0EE00" bytesRequested="16392" />
<af-end id="1071" timestamp="2019-07-02T19:17:32.935" threadId="0000000000A0F788" success="true" from="nursery"/>
<exclusive-end id="1072" timestamp="2019-07-02T19:17:32.935" durationms="1.810" />

<exclusive-start id="1073" timestamp="2019-07-02T19:17:32.969" intervalms="35.543">
  <response-info timems="0.043" idlems="0.043" threads="0" lastid="0000000000A12A00" lastname="Thread-5" />
</exclusive-start>
<af-start id="1074" threadId="0000000000A13388" totalBytesRequested="24" timestamp="2019-07-02T19:17:32.969" intervalms="35.544" type="nursery" />
<cycle-start id="1075" type="scavenge" contextid="0" timestamp="2019-07-02T19:17:32.969" intervalms="35.545" />
  <attribute name="GC Util" value="3" />
  <attribute name="CPU Util" value="546728834990" />
  <attribute name="Time Running"value="2162"/>
  <attribute name="Number of cores"value="4"/>
<gc-start id="1076" type="scavenge" contextid="1075" timestamp="2019-07-02T19:17:32.969">
  <mem-info id="1077" free="360592" total="13303808" percent="2">
    <mem type="nursery" free="0" total="6422528" percent="0">
      <mem type="allocate" free="0" total="5308416" percent="0" />
      <mem type="survivor" free="0" total="1114112" percent="0" />
    </mem>
    <mem type="tenure" free="360592" total="6881280" percent="5">
      <mem type="soa" free="16528" total="6537216" percent="0" />
      <mem type="loa" free="344064" total="344064" percent="100" />
    </mem>
    <remembered-set count="273" />
  </mem-info>
</gc-start>
<allocation-stats totalBytes="4572040" >
  <allocated-bytes non-tlh="81944" tlh="4490096" />
  <largest-consumer threadName="Thread-5" threadId="0000000000A12A00" bytes="1744528" />
</allocation-stats>
<gc-op id="1078" type="scavenge" timems="1.445" contextid="1075" timestamp="2019-07-02T19:17:32.971">
  <scavenger-info tenureage="1" tenuremask="7ffe" tiltratio="82" />
  <memory-copied type="nursery" objects="2621" bytes="1016616" bytesdiscarded="97432" />
  <memory-copied type="tenure" objects="107" bytes="69040" bytesdiscarded="512" />
  <copy-failed type="nursery" objects="69" bytes="31816" />
  <heap-resize type="expand" space="tenure" amount="131072" count="2" timems="0.018" reason="continue current collection" />
</gc-op>
<gc-end id="1079" type="scavenge" contextid="1075" durationms="1.613" usertimems="0.000" systemtimems="4.000" timestamp="2019-07-02T19:17:32.971" activeThreads="4">
  <mem-info id="1080" free="4049912" total="13434880" percent="30">
    <mem type="nursery" free="3670016" total="6422528" percent="57">
      <mem type="allocate" free="3670016" total="4784128" percent="76" />
      <mem type="survivor" free="0" total="1638400" percent="0" />
    </mem>
    <mem type="tenure" free="379896" total="7012352" percent="5">
      <mem type="soa" free="29688" total="6662144" percent="0" />
      <mem type="loa" free="350208" total="350208" percent="100" />
    </mem>
    <remembered-set count="113" />
  </mem-info>
</gc-end>
<cycle-end id="1081" type="scavenge" contextid="1075" timestamp="2019-07-02T19:17:32.971">
  <attribute name="GC Util" value="2" />
  <attribute name="CPU Util" value="519219788342" />
  <attribute name="Time Running"value="2198"/>
  <attribute name="Number of cores"value="4"/>
</cycle-end>
<allocation-satisfied id="1082" threadId="0000000000A12A00" bytesRequested="24" />
<af-end id="1083" timestamp="2019-07-02T19:17:32.971" threadId="0000000000A13388" success="true" from="nursery"/>
<exclusive-end id="1084" timestamp="2019-07-02T19:17:32.971" durationms="2.024" />

<exclusive-start id="1085" timestamp="2019-07-02T19:17:32.971" intervalms="2.116">
  <response-info timems="0.029" idlems="0.029" threads="0" lastid="0000000000A12A00" lastname="Thread-5" />
</exclusive-start>
<concurrent-collection-start id="1086" timestamp="2019-07-02T19:17:32.971" intervalms="671.005" >
  <concurrent-trace-info reason="card cleaning threshold reached" tracedByMutators="538632" tracedByHelpers="740896" cardsCleaned="146" workStackOverflowCount="0" />
</concurrent-collection-start>
<gc-start id="1087" type="global" contextid="1059" timestamp="2019-07-02T19:17:32.971">
  <mem-info id="1088" free="3984352" total="13434880" percent="29">
    <mem type="nursery" free="3604456" total="6422528" percent="56">
      <mem type="allocate" free="3604456" total="4784128" percent="75" />
      <mem type="survivor" free="0" total="1638400" percent="0" />
    </mem>
    <mem type="tenure" free="379896" total="7012352" percent="5">
      <mem type="soa" free="29688" total="6662144" percent="0" />
      <mem type="loa" free="350208" total="350208" percent="100" />
    </mem>
    <remembered-set count="113" />
  </mem-info>
</gc-start>
<allocation-stats totalBytes="65560" >
  <allocated-bytes non-tlh="24" tlh="65536" />
  <largest-consumer threadName="Thread-5" threadId="0000000000A12A00" bytes="65560" />
</allocation-stats>
<gc-op id="1089" type="rs-scan" timems="0.847" contextid="1059" timestamp="2019-07-02T19:17:32.972">
  <scan objectsFound="52" bytesTraced="4376" workStackOverflowCount="0" />
</gc-op>
<gc-op id="1090" type="card-cleaning" timems="1.711" contextid="1059" timestamp="2019-07-02T19:17:32.974">
  <card-cleaning cardsCleaned="106" bytesTraced="455268" workStackOverflowCount="0" />
</gc-op>
<gc-op id="1091" type="mark" timems="2.224" contextid="1059" timestamp="2019-07-02T19:17:32.976">
  <trace-info objectcount="254" scancount="220" scanbytes="6496" />
  <finalization candidates="25" enqueued="0" />
  <references type="soft" candidates="164" cleared="0" enqueued="0" dynamicThreshold="19" maxThreshold="32" />
  <references type="weak" candidates="246" cleared="0" enqueued="0" />
  <references type="phantom" candidates="70" cleared="0" enqueued="0" />
  <stringconstants candidates="3947" cleared="0"  />
</gc-op>
<gc-op id="1092" type="sweep" timems="1.335" contextid="1059" timestamp="2019-07-02T19:17:32.978" />
<heap-resize id="1093" type="contract" space="tenure" amount="327680" count="1" timems="0.011" reason="excess free space following gc" timestamp="2019-07-02T19:17:32.978" />
<gc-end id="1094" type="global" contextid="1059" durationms="6.770" usertimems="4.000" systemtimems="4.000" timestamp="2019-07-02T19:17:32.978" activeThreads="4">
  <mem-info id="1095" free="7856040" total="13107200" percent="59">
    <mem type="nursery" free="3766232" total="6422528" percent="58">
      <mem type="allocate" free="3766232" total="4784128" percent="78" />
      <mem type="survivor" free="0" total="1638400" percent="0" />
    </mem>
    <mem type="tenure" free="4089808" total="6684672" percent="61" micro-fragmented="32081" macro-fragmented="0">
      <mem type="soa" free="3860032" total="6350848" percent="60" />
      <mem type="loa" free="229776" total="333824" percent="68" />
    </mem>
    <remembered-set count="113" />
  </mem-info>
</gc-end>
<cycle-end id="1096" type="global" contextid="1059" timestamp="2019-07-02T19:17:32.978">
  <attribute name="GC Util" value="124" />
  <attribute name="CPU Util" value="7737205690605" />
  <attribute name="Time Running"value="2205"/>
  <attribute name="Number of cores"value="4"/>
</cycle-end>
<concurrent-collection-end id="1097" timestamp="2019-07-02T19:17:32.978" />
<exclusive-end id="1098" timestamp="2019-07-02T19:17:32.978" durationms="7.200" />

<exclusive-start id="1099" timestamp="2019-07-02T19:17:33.009" intervalms="38.361">
  <response-info timems="0.050" idlems="0.050" threads="0" lastid="0000000000A0EE00" lastname="Thread-4" />
</exclusive-start>
<af-start id="1100" threadId="0000000000A0F788" totalBytesRequested="16392" timestamp="2019-07-02T19:17:33.009" intervalms="40.466" type="nursery" />
<cycle-start id="1101" type="scavenge" contextid="0" timestamp="2019-07-02T19:17:33.009" intervalms="40.455" />
  <attribute name="GC Util" value="124" />
  <attribute name="CPU Util" value="7737205690605" />
  <attribute name="Time Running"value="2205"/>
  <attribute name="Number of cores"value="4"/>
<gc-start id="1102" type="scavenge" contextid="1101" timestamp="2019-07-02T19:17:33.009">
  <mem-info id="1103" free="4089808" total="13107200" percent="31">
    <mem type="nursery" free="0" total="6422528" percent="0">
      <mem type="allocate" free="0" total="4784128" percent="0" />
      <mem type="survivor" free="0" total="1638400" percent="0" />
    </mem>
    <mem type="tenure" free="4089808" total="6684672" percent="61">
      <mem type="soa" free="3860032" total="6350848" percent="60" />
      <mem type="loa" free="229776" total="333824" percent="68" />
    </mem>
    <remembered-set count="287" />
  </mem-info>
</gc-start>
<allocation-stats totalBytes="3721536" >
  <allocated-bytes non-tlh="98328" tlh="3623208" />
  <largest-consumer threadName="Thread-3" threadId="0000000000A0B200" bytes="1709680" />
</allocation-stats>
<gc-op id="1104" type="scavenge" timems="0.438" contextid="1101" timestamp="2019-07-02T19:17:33.010">
  <scavenger-info tenureage="1" tenuremask="7ffe" tiltratio="74" />
  <memory-copied type="nursery" objects="1193" bytes="544960" bytesdiscarded="266648" />
  <memory-copied type="tenure" objects="1041" bytes="510688" bytesdiscarded="8464" />
  <references type="phantom" candidates="1" cleared="0" enqueued="0" />
</gc-op>
<gc-end id="1105" type="scavenge" contextid="1101" durationms="0.593" usertimems="4.000" systemtimems="0.000" timestamp="2019-07-02T19:17:33.010" activeThreads="4">
  <mem-info id="1106" free="7582984" total="13107200" percent="57">
    <mem type="nursery" free="4038000" total="6422528" percent="62">
      <mem type="allocate" free="4038000" total="4849664" percent="83" />
      <mem type="survivor" free="0" total="1572864" percent="0" />
    </mem>
    <mem type="tenure" free="3544984" total="6684672" percent="53">
      <mem type="soa" free="3315208" total="6350848" percent="52" />
      <mem type="loa" free="229776" total="333824" percent="68" />
    </mem>
    <remembered-set count="108" />
  </mem-info>
</gc-end>
<cycle-end id="1107" type="scavenge" contextid="1101" timestamp="2019-07-02T19:17:33.010">
  <attribute name="GC Util" value="7" />
  <attribute name="CPU Util" value="553639307263" />
  <attribute name="Time Running"value="2238"/>
  <attribute name="Number of cores"value="4"/>
</cycle-end>
<allocation-satisfied id="1108" threadId="0000000000A0EE00" bytesRequested="16392" />
<af-end id="1109" timestamp="2019-07-02T19:17:33.010" threadId="0000000000A0F788" success="true" from="nursery"/>
<exclusive-end id="1110" timestamp="2019-07-02T19:17:33.010" durationms="0.929" />

<exclusive-start id="1111" timestamp="2019-07-02T19:17:33.034" intervalms="24.671">
  <response-info timems="0.032" idlems="0.032" threads="0" lastid="0000000000A12A00" lastname="Thread-5" />
</exclusive-start>
<af-start id="1112" threadId="0000000000A13388" totalBytesRequested="16392" timestamp="2019-07-02T19:17:33.034" intervalms="24.683" type="nursery" />
<cycle-start id="1113" type="scavenge" contextid="0" timestamp="2019-07-02T19:17:33.034" intervalms="24.693" />
  <attribute name="GC Util" value="7" />
  <attribute name="CPU Util" value="553639307263" />
  <attribute name="Time Running"value="2238"/>
  <attribute name="Number of cores"value="4"/>
<gc-start id="1114" type="scavenge" contextid="1113" timestamp="2019-07-02T19:17:33.034">
  <mem-info id="1115" free="3544984" total="13107200" percent="27">
    <mem type="nursery" free="0" total="6422528" percent="0">
      <mem type="allocate" free="0" total="4849664" percent="0" />
      <mem type="survivor" free="0" total="1572864" percent="0" />
    </mem>
    <mem type="tenure" free="3544984" total="6684672" percent="53">
      <mem type="soa" free="3315208" total="6350848" percent="52" />
      <mem type="loa" free="229776" total="333824" percent="68" />
    </mem>
    <remembered-set count="293" />
  </mem-info>
</gc-start>
<allocation-stats totalBytes="3996312" >
  <allocated-bytes non-tlh="81944" tlh="3914368" />
  <largest-consumer threadName="Thread-6" threadId="0000000000A16500" bytes="1707120" />
</allocation-stats>
<gc-op id="1116" type="scavenge" timems="2.117" contextid="1113" timestamp="2019-07-02T19:17:33.036">
  <scavenger-info tenureage="1" tenuremask="7ffe" tiltratio="75" />
  <memory-copied type="nursery" objects="1661" bytes="682880" bytesdiscarded="181336" />
  <memory-copied type="tenure" objects="437" bytes="224032" bytesdiscarded="1000" />
  <references type="weak" candidates="1" cleared="0" enqueued="0" />
  <references type="phantom" candidates="1" cleared="0" enqueued="0" />
</gc-op>
<gc-end id="1117" type="scavenge" contextid="1113" durationms="2.297" usertimems="0.000" systemtimems="0.000" timestamp="2019-07-02T19:17:33.036" activeThreads="4">
  <mem-info id="1118" free="7437008" total="13107200" percent="56">
    <mem type="nursery" free="4116472" total="6422528" percent="64">
      <mem type="allocate" free="4116472" total="4980736" percent="82" />
      <mem type="survivor" free="0" total="1441792" percent="0" />
    </mem>
    <mem type="tenure" free="3320536" total="6684672" percent="49">
      <mem type="soa" free="3090760" total="6350848" percent="48" />
      <mem type="loa" free="229776" total="333824" percent="68" />
    </mem>
    <remembered-set count="148" />
  </mem-info>
</gc-end>
<cycle-end id="1119" type="scavenge" contextid="1113" timestamp="2019-07-02T19:17:33.037">
  <attribute name="GC Util" value="4" />
  <attribute name="CPU Util" value="746123922525" />
  <attribute name="Time Running"value="2263"/>
  <attribute name="Number of cores"value="4"/>
</cycle-end>
<allocation-satisfied id="1120" threadId="0000000000A12A00" bytesRequested="16392" />
<af-end id="1121" timestamp="2019-07-02T19:17:33.037" threadId="0000000000A13388" success="true" from="nursery"/>
<exclusive-end id="1122" timestamp="2019-07-02T19:17:33.037" durationms="2.707" />

<exclusive-start id="1123" timestamp="2019-07-02T19:17:33.074" intervalms="39.859">
  <response-info timems="0.033" idlems="0.033" threads="0" lastid="0000000000A12A00" lastname="Thread-5" />
</exclusive-start>
<af-start id="1124" threadId="0000000000A13388" totalBytesRequested="16392" timestamp="2019-07-02T19:17:33.074" intervalms="39.865" type="nursery" />
<cycle-start id="1125" type="scavenge" contextid="0" timestamp="2019-07-02T19:17:33.074" intervalms="39.872" />
  <attribute name="GC Util" value="4" />
  <attribute name="CPU Util" value="746123922525" />
  <attribute name="Time Running"value="2263"/>
  <attribute name="Number of cores"value="4"/>
<gc-start id="1126" type="scavenge" contextid="1125" timestamp="2019-07-02T19:17:33.074">
  <mem-info id="1127" free="3320536" total="13107200" percent="25">
    <mem type="nursery" free="0" total="6422528" percent="0">
      <mem type="allocate" free="0" total="4980736" percent="0" />
      <mem type="survivor" free="0" total="1441792" percent="0" />
    </mem>
    <mem type="tenure" free="3320536" total="6684672" percent="49">
      <mem type="soa" free="3090760" total="6350848" percent="48" />
      <mem type="loa" free="229776" total="333824" percent="68" />
    </mem>
    <remembered-set count="352" />
  </mem-info>
</gc-start>
<allocation-stats totalBytes="4060576" >
  <allocated-bytes non-tlh="49168" tlh="4011408" />
  <largest-consumer threadName="Thread-3" threadId="0000000000A0B200" bytes="1501864" />
</allocation-stats>
<gc-op id="1128" type="scavenge" timems="5.605" contextid="1125" timestamp="2019-07-02T19:17:33.080">
  <scavenger-info tenureage="1" tenuremask="7ffe" tiltratio="77" />
  <memory-copied type="nursery" objects="1516" bytes="591320" bytesdiscarded="159336" />
  <memory-copied type="tenure" objects="953" bytes="436784" bytesdiscarded="7080" />
</gc-op>
<heap-resize id="1129" type="expand" space="nursery" amount="524288" count="1" timems="0.014" reason="excessive time being spent scavenging" timestamp="2019-07-02T19:17:33.080" />
<gc-end id="1130" type="scavenge" contextid="1125" durationms="5.932" usertimems="8.000" systemtimems="4.000" timestamp="2019-07-02T19:17:33.080" activeThreads="4">
  <mem-info id="1131" free="7611528" total="13631488" percent="55">
    <mem type="nursery" free="4754320" total="6946816" percent="68">
      <mem type="allocate" free="4754320" total="5505024" percent="86" />
      <mem type="survivor" free="0" total="1441792" percent="0" />
    </mem>
    <mem type="tenure" free="2857208" total="6684672" percent="42">
      <mem type="soa" free="2627432" total="6350848" percent="41" />
      <mem type="loa" free="229776" total="333824" percent="68" />
    </mem>
    <remembered-set count="141" />
  </mem-info>
</gc-end>
<cycle-end id="1132" type="scavenge" contextid="1125" timestamp="2019-07-02T19:17:33.080">
  <attribute name="GC Util" value="7" />
  <attribute name="CPU Util" value="462425543611" />
  <attribute name="Time Running"value="2303"/>
  <attribute name="Number of cores"value="4"/>
</cycle-end>
<allocation-satisfied id="1133" threadId="0000000000A12A00" bytesRequested="16392" />
<af-end id="1134" timestamp="2019-07-02T19:17:33.080" threadId="0000000000A13388" success="true" from="nursery"/>
<exclusive-end id="1135" timestamp="2019-07-02T19:17:33.080" durationms="6.633" />

<exclusive-start id="1136" timestamp="2019-07-02T19:17:33.118" intervalms="44.207">
  <response-info timems="0.044" idlems="0.044" threads="0" lastid="0000000000A0EE00" lastname="Thread-4" />
</exclusive-start>
<af-start id="1137" threadId="0000000000A0F788" totalBytesRequested="48" timestamp="2019-07-02T19:17:33.118" intervalms="44.242" type="nursery" />
<cycle-start id="1138" type="scavenge" contextid="0" timestamp="2019-07-02T19:17:33.118" intervalms="44.236" />
  <attribute name="GC Util" value="7" />
  <attribute name="CPU Util" value="462425543611" />
  <attribute name="Time Running"value="2303"/>
  <attribute name="Number of cores"value="4"/>
<gc-start id="1139" type="scavenge" contextid="1138" timestamp="2019-07-02T19:17:33.118">
  <mem-info id="1140" free="2857208" total="13631488" percent="20">
    <mem type="nursery" free="0" total="6946816" percent="0">
      <mem type="allocate" free="0" total="5505024" percent="0" />
      <mem type="survivor" free="0" total="1441792" percent="0" />
    </mem>
    <mem type="tenure" free="2857208" total="6684672" percent="42">
      <mem type="soa" free="2627432" total="6350848" percent="41" />
      <mem type="loa" free="229776" total="333824" percent="68" />
    </mem>
    <remembered-set count="349" />
  </mem-info>
</gc-start>
<allocation-stats totalBytes="4722888" >
  <allocated-bytes non-tlh="49168" tlh="4673720" />
  <largest-consumer threadName="Thread-6" threadId="0000000000A16500" bytes="1988640" />
</allocation-stats>
<gc-op id="1141" type="scavenge" timems="0.683" contextid="1138" timestamp="2019-07-02T19:17:33.119">
  <scavenger-info tenureage="1" tenuremask="7ffe" tiltratio="79" />
  <memory-copied type="nursery" objects="2508" bytes="1055488" bytesdiscarded="125080" />
  <memory-copied type="tenure" objects="58" bytes="38608" bytesdiscarded="520" />
</gc-op>
<gc-end id="1142" type="scavenge" contextid="1138" durationms="1.038" usertimems="0.000" systemtimems="0.000" timestamp="2019-07-02T19:17:33.119" activeThreads="4">
  <mem-info id="1143" free="7004136" total="13631488" percent="51">
    <mem type="nursery" free="4193312" total="6946816" percent="60">
      <mem type="allocate" free="4193312" total="5373952" percent="78" />
      <mem type="survivor" free="0" total="1572864" percent="0" />
    </mem>
    <mem type="tenure" free="2810824" total="6684672" percent="42">
      <mem type="soa" free="2581048" total="6350848" percent="40" />
      <mem type="loa" free="229776" total="333824" percent="68" />
    </mem>
    <remembered-set count="124" />
  </mem-info>
</gc-end>
<cycle-end id="1144" type="scavenge" contextid="1138" timestamp="2019-07-02T19:17:33.119">
  <attribute name="GC Util" value="21" />
  <attribute name="CPU Util" value="417058418083" />
  <attribute name="Time Running"value="2347"/>
  <attribute name="Number of cores"value="4"/>
</cycle-end>
<allocation-satisfied id="1145" threadId="0000000000A0EE00" bytesRequested="48" />
<af-end id="1146" timestamp="2019-07-02T19:17:33.120" threadId="0000000000A0F788" success="true" from="nursery"/>
<exclusive-end id="1147" timestamp="2019-07-02T19:17:33.120" durationms="1.694" />

<exclusive-start id="1148" timestamp="2019-07-02T19:17:33.152" intervalms="34.396">
  <response-info timems="0.027" idlems="0.027" threads="0" lastid="0000000000A0EE00" lastname="Thread-4" />
</exclusive-start>
<af-start id="1149" threadId="0000000000A0F788" totalBytesRequested="2056" timestamp="2019-07-02T19:17:33.153" intervalms="34.356" type="nursery" />
<cycle-start id="1150" type="scavenge" contextid="0" timestamp="2019-07-02T19:17:33.153" intervalms="34.358" />
  <attribute name="GC Util" value="21" />
  <attribute name="CPU Util" value="417058418083" />
  <attribute name="Time Running"value="2347"/>
  <attribute name="Number of cores"value="4"/>
<gc-start id="1151" type="scavenge" contextid="1150" timestamp="2019-07-02T19:17:33.153">
  <mem-info id="1152" free="2810824" total="13631488" percent="20">
    <mem type="nursery" free="0" total="6946816" percent="0">
      <mem type="allocate" free="0" total="5373952" percent="0" />
      <mem type="survivor" free="0" total="1572864" percent="0" />
    </mem>
    <mem type="tenure" free="2810824" total="6684672" percent="42">
      <mem type="soa" free="2581048" total="6350848" percent="40" />
      <mem type="loa" free="229776" total="333824" percent="68" />
    </mem>
    <remembered-set count="319" />
  </mem-info>
</gc-start>
<allocation-stats totalBytes="4148160" >
  <allocated-bytes non-tlh="32824" tlh="4115336" />
  <largest-consumer threadName="Thread-4" threadId="0000000000A0EE00" bytes="1264240" />
</allocation-stats>
<gc-op id="1153" type="scavenge" timems="0.963" contextid="1150" timestamp="2019-07-02T19:17:33.154">
  <scavenger-info tenureage="1" tenuremask="7ffe" tiltratio="77" />
  <memory-copied type="nursery" objects="2525" bytes="947128" bytesdiscarded="167832" />
  <memory-copied type="tenure" objects="38" bytes="37368" bytesdiscarded="0" />
  <references type="phantom" candidates="1" cleared="0" enqueued="0" />
</gc-op>
<gc-end id="1154" type="scavenge" contextid="1150" durationms="1.336" usertimems="0.000" systemtimems="4.000" timestamp="2019-07-02T19:17:33.154" activeThreads="4">
  <mem-info id="1155" free="7102504" total="13631488" percent="52">
    <mem type="nursery" free="4324456" total="6946816" percent="62">
      <mem type="allocate" free="4324456" total="5439488" percent="79" />
      <mem type="survivor" free="0" total="1507328" percent="0" />
    </mem>
    <mem type="tenure" free="2778048" total="6684672" percent="41">
      <mem type="soa" free="2548272" total="6350848" percent="40" />
      <mem type="loa" free="229776" total="333824" percent="68" />
    </mem>
    <remembered-set count="105" />
  </mem-info>
</gc-end>
<cycle-end id="1156" type="scavenge" contextid="1150" timestamp="2019-07-02T19:17:33.154">
  <attribute name="GC Util" value="4" />
  <attribute name="CPU Util" value="537008562059" />
  <attribute name="Time Running"value="2381"/>
  <attribute name="Number of cores"value="4"/>
</cycle-end>
<allocation-satisfied id="1157" threadId="0000000000A0EE00" bytesRequested="2056" />
<af-end id="1158" timestamp="2019-07-02T19:17:33.154" threadId="0000000000A0F788" success="true" from="nursery"/>
<exclusive-end id="1159" timestamp="2019-07-02T19:17:33.154" durationms="1.877" />

<exclusive-start id="1160" timestamp="2019-07-02T19:17:33.185" intervalms="32.217">
  <response-info timems="0.040" idlems="0.040" threads="0" lastid="0000000000A16500" lastname="Thread-6" />
</exclusive-start>
<af-start id="1161" threadId="0000000000A16E88" totalBytesRequested="48" timestamp="2019-07-02T19:17:33.185" intervalms="32.223" type="nursery" />
<cycle-start id="1162" type="scavenge" contextid="0" timestamp="2019-07-02T19:17:33.185" intervalms="32.223" />
  <attribute name="GC Util" value="4" />
  <attribute name="CPU Util" value="537008562059" />
  <attribute name="Time Running"value="2381"/>
  <attribute name="Number of cores"value="4"/>
<gc-start id="1163" type="scavenge" contextid="1162" timestamp="2019-07-02T19:17:33.185">
  <mem-info id="1164" free="2778048" total="13631488" percent="20">
    <mem type="nursery" free="0" total="6946816" percent="0">
      <mem type="allocate" free="0" total="5439488" percent="0" />
      <mem type="survivor" free="0" total="1507328" percent="0" />
    </mem>
    <mem type="tenure" free="2778048" total="6684672" percent="41">
      <mem type="soa" free="2548272" total="6350848" percent="40" />
      <mem type="loa" free="229776" total="333824" percent="68" />
    </mem>
    <remembered-set count="306" />
  </mem-info>
</gc-start>
<allocation-stats totalBytes="4259296" >
  <allocated-bytes non-tlh="2056" tlh="4257240" />
  <largest-consumer threadName="Thread-3" threadId="0000000000A0B200" bytes="1419608" />
</allocation-stats>
<gc-op id="1165" type="scavenge" timems="0.373" contextid="1162" timestamp="2019-07-02T19:17:33.185">
  <scavenger-info tenureage="1" tenuremask="7ffe" tiltratio="78" />
  <memory-copied type="nursery" objects="2532" bytes="1016104" bytesdiscarded="184712" />
  <memory-copied type="tenure" objects="2" bytes="32" bytesdiscarded="0" />
</gc-op>
<gc-end id="1166" type="scavenge" contextid="1162" durationms="0.573" usertimems="0.000" systemtimems="0.000" timestamp="2019-07-02T19:17:33.185" activeThreads="4">
  <mem-info id="1167" free="7277744" total="13631488" percent="53">
    <mem type="nursery" free="4500752" total="6946816" percent="64">
      <mem type="allocate" free="4500752" total="5701632" percent="78" />
      <mem type="survivor" free="0" total="1245184" percent="0" />
    </mem>
    <mem type="tenure" free="2776992" total="6684672" percent="41">
      <mem type="soa" free="2547216" total="6350848" percent="40" />
      <mem type="loa" free="229776" total="333824" percent="68" />
    </mem>
    <remembered-set count="106" />
  </mem-info>
</gc-end>
<cycle-end id="1168" type="scavenge" contextid="1162" timestamp="2019-07-02T19:17:33.186">
  <attribute name="GC Util" value="6" />
  <attribute name="CPU Util" value="572282854625" />
  <attribute name="Time Running"value="2414"/>
  <attribute name="Number of cores"value="4"/>
</cycle-end>
<allocation-satisfied id="1169" threadId="0000000000A16500" bytesRequested="48" />
<af-end id="1170" timestamp="2019-07-02T19:17:33.186" threadId="0000000000A16E88" success="true" from="nursery"/>
<exclusive-end id="1171" timestamp="2019-07-02T19:17:33.186" durationms="1.133" />

<exclusive-start id="1172" timestamp="2019-07-02T19:17:33.218" intervalms="33.747">
  <response-info timems="0.038" idlems="0.025" threads="1" lastid="0000000000A0EE00" lastname="Thread-4" />
</exclusive-start>
<af-start id="1173" threadId="0000000000A16E88" totalBytesRequested="48" timestamp="2019-07-02T19:17:33.218" intervalms="33.745" type="nursery" />
<cycle-start id="1174" type="scavenge" contextid="0" timestamp="2019-07-02T19:17:33.219" intervalms="33.746" />
  <attribute name="GC Util" value="6" />
  <attribute name="CPU Util" value="572282854625" />
  <attribute name="Time Running"value="2414"/>
  <attribute name="Number of cores"value="4"/>
<gc-start id="1175" type="scavenge" contextid="1174" timestamp="2019-07-02T19:17:33.219">
  <mem-info id="1176" free="2776992" total="13631488" percent="20">
    <mem type="nursery" free="0" total="6946816" percent="0">
      <mem type="allocate" free="0" total="5701632" percent="0" />
      <mem type="survivor" free="0" total="1245184" percent="0" />
    </mem>
    <mem type="tenure" free="2776992" total="6684672" percent="41">
      <mem type="soa" free="2547216" total="6350848" percent="40" />
      <mem type="loa" free="229776" total="333824" percent="68" />
    </mem>
    <remembered-set count="293" />
  </mem-info>
</gc-start>
<allocation-stats totalBytes="4462504" >
  <allocated-bytes non-tlh="48" tlh="4462456" />
  <largest-consumer threadName="Thread-4" threadId="0000000000A0EE00" bytes="1505024" />
</allocation-stats>
<gc-op id="1177" type="scavenge" timems="0.379" contextid="1174" timestamp="2019-07-02T19:17:33.219">
  <scavenger-info tenureage="1" tenuremask="7ffe" tiltratio="82" />
  <memory-copied type="nursery" objects="2619" bytes="957056" bytesdiscarded="168728" />
  <memory-copied type="tenure" objects="6" bytes="176" bytesdiscarded="0" />
</gc-op>
<gc-end id="1178" type="scavenge" contextid="1174" durationms="0.621" usertimems="0.000" systemtimems="0.000" timestamp="2019-07-02T19:17:33.219" activeThreads="4">
  <mem-info id="1179" free="7352776" total="13631488" percent="53">
    <mem type="nursery" free="4575784" total="6946816" percent="65">
      <mem type="allocate" free="4575784" total="5701632" percent="80" />
      <mem type="survivor" free="0" total="1245184" percent="0" />
    </mem>
    <mem type="tenure" free="2776992" total="6684672" percent="41">
      <mem type="soa" free="2547216" total="6350848" percent="40" />
      <mem type="loa" free="229776" total="333824" percent="68" />
    </mem>
    <remembered-set count="104" />
  </mem-info>
</gc-end>
<cycle-end id="1180" type="scavenge" contextid="1174" timestamp="2019-07-02T19:17:33.219">
  <attribute name="GC Util" value="3" />
  <attribute name="CPU Util" value="546184224256" />
  <attribute name="Time Running"value="2447"/>
  <attribute name="Number of cores"value="4"/>
</cycle-end>
<allocation-satisfied id="1181" threadId="0000000000A16500" bytesRequested="48" />
<af-end id="1182" timestamp="2019-07-02T19:17:33.219" threadId="0000000000A16E88" success="true" from="nursery"/>
<exclusive-end id="1183" timestamp="2019-07-02T19:17:33.219" durationms="1.043" />

<exclusive-start id="1184" timestamp="2019-07-02T19:17:33.254" intervalms="35.593">
  <response-info timems="0.041" idlems="0.041" threads="0" lastid="0000000000A12A00" lastname="Thread-5" />
</exclusive-start>
<af-start id="1185" threadId="0000000000A13388" totalBytesRequested="16392" timestamp="2019-07-02T19:17:33.254" intervalms="35.592" type="nursery" />
<cycle-start id="1186" type="scavenge" contextid="0" timestamp="2019-07-02T19:17:33.254" intervalms="35.594" />
  <attribute name="GC Util" value="3" />
  <attribute name="CPU Util" value="546184224256" />
  <attribute name="Time Running"value="2447"/>
  <attribute name="Number of cores"value="4"/>
<gc-start id="1187" type="scavenge" contextid="1186" timestamp="2019-07-02T19:17:33.254">
  <mem-info id="1188" free="2776992" total="13631488" percent="20">
    <mem type="nursery" free="0" total="6946816" percent="0">
      <mem type="allocate" free="0" total="5701632" percent="0" />
      <mem type="survivor" free="0" total="1245184" percent="0" />
    </mem>
    <mem type="tenure" free="2776992" total="6684672" percent="41">
      <mem type="soa" free="2547216" total="6350848" percent="40" />
      <mem type="loa" free="229776" total="333824" percent="68" />
    </mem>
    <remembered-set count="286" />
  </mem-info>
</gc-start>
<allocation-stats totalBytes="4553288" >
  <allocated-bytes non-tlh="32824" tlh="4520464" />
  <largest-consumer threadName="Thread-5" threadId="0000000000A12A00" bytes="1557664" />
</allocation-stats>
<gc-op id="1189" type="scavenge" timems="5.379" contextid="1186" timestamp="2019-07-02T19:17:33.260">
  <scavenger-info tenureage="1" tenuremask="7ffe" tiltratio="82" />
  <memory-copied type="nursery" objects="1399" bytes="539456" bytesdiscarded="222488" />
  <memory-copied type="tenure" objects="752" bytes="303720" bytesdiscarded="2184" />
</gc-op>
<heap-resize id="1190" type="expand" space="nursery" amount="524288" count="1" timems="0.027" reason="excessive time being spent scavenging" timestamp="2019-07-02T19:17:33.260" />
<gc-end id="1191" type="scavenge" contextid="1186" durationms="5.873" usertimems="8.000" systemtimems="0.000" timestamp="2019-07-02T19:17:33.260" activeThreads="4">
  <mem-info id="1192" free="7903664" total="14155776" percent="55">
    <mem type="nursery" free="5398392" total="7471104" percent="72">
      <mem type="allocate" free="5398392" total="6160384" percent="87" />
      <mem type="survivor" free="0" total="1310720" percent="0" />
    </mem>
    <mem type="tenure" free="2505272" total="6684672" percent="37">
      <mem type="soa" free="2275496" total="6350848" percent="35" />
      <mem type="loa" free="229776" total="333824" percent="68" />
    </mem>
    <remembered-set count="115" />
  </mem-info>
</gc-end>
<cycle-end id="1193" type="scavenge" contextid="1186" timestamp="2019-07-02T19:17:33.260">
  <attribute name="GC Util" value="2" />
  <attribute name="CPU Util" value="518638462851" />
  <attribute name="Time Running"value="2483"/>
  <attribute name="Number of cores"value="4"/>
</cycle-end>
<allocation-satisfied id="1194" threadId="0000000000A12A00" bytesRequested="16392" />
<af-end id="1195" timestamp="2019-07-02T19:17:33.261" threadId="0000000000A13388" success="true" from="nursery"/>
<exclusive-end id="1196" timestamp="2019-07-02T19:17:33.261" durationms="6.636" />

<exclusive-start id="1197" timestamp="2019-07-02T19:17:33.304" intervalms="50.114">
  <response-info timems="0.044" idlems="0.044" threads="0" lastid="0000000000A0B200" lastname="Thread-3" />
</exclusive-start>
<af-start id="1198" threadId="0000000000A0BB88" totalBytesRequested="16392" timestamp="2019-07-02T19:17:33.304" intervalms="50.110" type="nursery" />
<cycle-start id="1199" type="scavenge" contextid="0" timestamp="2019-07-02T19:17:33.304" intervalms="50.103" />
  <attribute name="GC Util" value="2" />
  <attribute name="CPU Util" value="518638462851" />
  <attribute name="Time Running"value="2483"/>
  <attribute name="Number of cores"value="4"/>
<gc-start id="1200" type="scavenge" contextid="1199" timestamp="2019-07-02T19:17:33.304">
  <mem-info id="1201" free="2505272" total="14155776" percent="17">
    <mem type="nursery" free="0" total="7471104" percent="0">
      <mem type="allocate" free="0" total="6160384" percent="0" />
      <mem type="survivor" free="0" total="1310720" percent="0" />
    </mem>
    <mem type="tenure" free="2505272" total="6684672" percent="37">
      <mem type="soa" free="2275496" total="6350848" percent="35" />
      <mem type="loa" free="229776" total="333824" percent="68" />
    </mem>
    <remembered-set count="326" />
  </mem-info>
</gc-start>
<allocation-stats totalBytes="5379104" >
  <allocated-bytes non-tlh="49168" tlh="5329936" />
  <largest-consumer threadName="Thread-6" threadId="0000000000A16500" bytes="1739832" />
</allocation-stats>
<gc-op id="1202" type="scavenge" timems="0.751" contextid="1199" timestamp="2019-07-02T19:17:33.305">
  <scavenger-info tenureage="2" tenuremask="7ffc" tiltratio="82" />
  <memory-copied type="nursery" objects="2040" bytes="892032" bytesdiscarded="85472" />
  <references type="phantom" candidates="1" cleared="0" enqueued="0" />
</gc-op>
<gc-end id="1203" type="scavenge" contextid="1199" durationms="1.163" usertimems="0.000" systemtimems="4.000" timestamp="2019-07-02T19:17:33.305" activeThreads="4">
  <mem-info id="1204" free="7753608" total="14155776" percent="54">
    <mem type="nursery" free="5248336" total="7471104" percent="70">
      <mem type="allocate" free="5248336" total="6225920" percent="84" />
      <mem type="survivor" free="0" total="1245184" percent="0" />
    </mem>
    <mem type="tenure" free="2505272" total="6684672" percent="37">
      <mem type="soa" free="2275496" total="6350848" percent="35" />
      <mem type="loa" free="229776" total="333824" percent="68" />
    </mem>
    <remembered-set count="130" />
  </mem-info>
</gc-end>
<cycle-end id="1205" type="scavenge" contextid="1199" timestamp="2019-07-02T19:17:33.306">
  <attribute name="GC Util" value="18" />
  <attribute name="CPU Util" value="368163571202" />
  <attribute name="Time Running"value="2533"/>
  <attribute name="Number of cores"value="4"/>
</cycle-end>
<allocation-satisfied id="1206" threadId="0000000000A0B200" bytesRequested="16392" />
<af-end id="1207" timestamp="2019-07-02T19:17:33.306" threadId="0000000000A0BB88" success="true" from="nursery"/>
<exclusive-end id="1208" timestamp="2019-07-02T19:17:33.306" durationms="1.607" />

<exclusive-start id="1209" timestamp="2019-07-02T19:17:33.344" intervalms="40.030">
  <response-info timems="0.038" idlems="0.038" threads="0" lastid="0000000000A12A00" lastname="Thread-5" />
</exclusive-start>
<af-start id="1210" threadId="0000000000A13388" totalBytesRequested="16392" timestamp="2019-07-02T19:17:33.344" intervalms="40.040" type="nursery" />
<cycle-start id="1211" type="scavenge" contextid="0" timestamp="2019-07-02T19:17:33.344" intervalms="40.047" />
  <attribute name="GC Util" value="18" />
  <attribute name="CPU Util" value="368163571202" />
  <attribute name="Time Running"value="2533"/>
  <attribute name="Number of cores"value="4"/>
<gc-start id="1212" type="scavenge" contextid="1211" timestamp="2019-07-02T19:17:33.344">
  <mem-info id="1213" free="2505272" total="14155776" percent="17">
    <mem type="nursery" free="0" total="7471104" percent="0">
      <mem type="allocate" free="0" total="6225920" percent="0" />
      <mem type="survivor" free="0" total="1245184" percent="0" />
    </mem>
    <mem type="tenure" free="2505272" total="6684672" percent="37">
      <mem type="soa" free="2275496" total="6350848" percent="35" />
      <mem type="loa" free="229776" total="333824" percent="68" />
    </mem>
    <remembered-set count="338" />
  </mem-info>
</gc-start>
<allocation-stats totalBytes="5203328" >
  <allocated-bytes non-tlh="49168" tlh="5154160" />
  <largest-consumer threadName="Thread-5" threadId="0000000000A12A00" bytes="2509480" />
</allocation-stats>
<gc-op id="1214" type="scavenge" timems="4.366" contextid="1211" timestamp="2019-07-02T19:17:33.349">
  <scavenger-info tenureage="2" tenuremask="7ffc" tiltratio="83" />
  <memory-copied type="nursery" objects="2143" bytes="903520" bytesdiscarded="208448" />
  <memory-copied type="tenure" objects="19" bytes="1792" bytesdiscarded="248" />
  <references type="weak" candidates="1" cleared="0" enqueued="0" />
  <references type="phantom" candidates="1" cleared="0" enqueued="0" />
</gc-op>
<heap-resize id="1215" type="expand" space="nursery" amount="393216" count="1" timems="0.029" reason="excessive time being spent scavenging" timestamp="2019-07-02T19:17:33.349" />
<gc-end id="1216" type="scavenge" contextid="1211" durationms="4.785" usertimems="8.000" systemtimems="0.000" timestamp="2019-07-02T19:17:33.349" activeThreads="4">
  <mem-info id="1217" free="8010936" total="14548992" percent="55">
    <mem type="nursery" free="5507096" total="7864320" percent="70">
      <mem type="allocate" free="5507096" total="6619136" percent="83" />
      <mem type="survivor" free="0" total="1245184" percent="0" />
    </mem>
    <mem type="tenure" free="2503840" total="6684672" percent="37">
      <mem type="soa" free="2274064" total="6350848" percent="35" />
      <mem type="loa" free="229776" total="333824" percent="68" />
    </mem>
    <remembered-set count="115" />
  </mem-info>
</gc-end>
<cycle-end id="1218" type="scavenge" contextid="1211" timestamp="2019-07-02T19:17:33.349">
  <attribute name="GC Util" value="3" />
  <attribute name="CPU Util" value="460166267367" />
  <attribute name="Time Running"value="2573"/>
  <attribute name="Number of cores"value="4"/>
</cycle-end>
<allocation-satisfied id="1219" threadId="0000000000A12A00" bytesRequested="16392" />
<af-end id="1220" timestamp="2019-07-02T19:17:33.350" threadId="0000000000A13388" success="true" from="nursery"/>
<exclusive-end id="1221" timestamp="2019-07-02T19:17:33.350" durationms="5.536" />

<exclusive-start id="1222" timestamp="2019-07-02T19:17:33.394" intervalms="49.699">
  <response-info timems="0.044" idlems="0.044" threads="0" lastid="0000000000A12A00" lastname="Thread-5" />
</exclusive-start>
<af-start id="1223" threadId="0000000000A13388" totalBytesRequested="16" timestamp="2019-07-02T19:17:33.394" intervalms="49.697" type="nursery" />
<cycle-start id="1224" type="scavenge" contextid="0" timestamp="2019-07-02T19:17:33.394" intervalms="49.700" />
  <attribute name="GC Util" value="3" />
  <attribute name="CPU Util" value="460166267367" />
  <attribute name="Time Running"value="2573"/>
  <attribute name="Number of cores"value="4"/>
<gc-start id="1225" type="scavenge" contextid="1224" timestamp="2019-07-02T19:17:33.394">
  <mem-info id="1226" free="2503840" total="14548992" percent="17">
    <mem type="nursery" free="0" total="7864320" percent="0">
      <mem type="allocate" free="0" total="6619136" percent="0" />
      <mem type="survivor" free="0" total="1245184" percent="0" />
    </mem>
    <mem type="tenure" free="2503840" total="6684672" percent="37">
      <mem type="soa" free="2274064" total="6350848" percent="35" />
      <mem type="loa" free="229776" total="333824" percent="68" />
    </mem>
    <remembered-set count="327" />
  </mem-info>
</gc-start>
<allocation-stats totalBytes="5407936" >
  <allocated-bytes non-tlh="16392" tlh="5391544" />
  <largest-consumer threadName="Thread-3" threadId="0000000000A0B200" bytes="2234392" />
</allocation-stats>
<gc-op id="1227" type="scavenge" timems="2.617" contextid="1224" timestamp="2019-07-02T19:17:33.397">
  <scavenger-info tenureage="2" tenuremask="7ffc" tiltratio="84" />
  <memory-copied type="nursery" objects="2595" bytes="969016" bytesdiscarded="90320" />
  <memory-copied type="tenure" objects="64" bytes="38768" bytesdiscarded="1400" />
</gc-op>
<gc-end id="1228" type="scavenge" contextid="1224" durationms="2.879" usertimems="4.000" systemtimems="0.000" timestamp="2019-07-02T19:17:33.397" activeThreads="4">
  <mem-info id="1229" free="8055064" total="14548992" percent="55">
    <mem type="nursery" free="5625272" total="7864320" percent="71">
      <mem type="allocate" free="5625272" total="6684672" percent="84" />
      <mem type="survivor" free="0" total="1179648" percent="0" />
    </mem>
    <mem type="tenure" free="2429792" total="6684672" percent="36">
      <mem type="soa" free="2200016" total="6350848" percent="34" />
      <mem type="loa" free="229776" total="333824" percent="68" />
    </mem>
    <remembered-set count="104" />
  </mem-info>
</gc-end>
<cycle-end id="1230" type="scavenge" contextid="1224" timestamp="2019-07-02T19:17:33.397">
  <attribute name="GC Util" value="13" />
  <attribute name="CPU Util" value="371110583788" />
  <attribute name="Time Running"value="2623"/>
  <attribute name="Number of cores"value="4"/>
</cycle-end>
<allocation-satisfied id="1231" threadId="0000000000A12A00" bytesRequested="16" />
<af-end id="1232" timestamp="2019-07-02T19:17:33.397" threadId="0000000000A13388" success="true" from="nursery"/>
<exclusive-end id="1233" timestamp="2019-07-02T19:17:33.397" durationms="3.501" />

<exclusive-start id="1234" timestamp="2019-07-02T19:17:33.443" intervalms="48.852">
  <response-info timems="0.043" idlems="0.043" threads="0" lastid="0000000000A12A00" lastname="Thread-5" />
</exclusive-start>
<af-start id="1235" threadId="0000000000A13388" totalBytesRequested="16392" timestamp="2019-07-02T19:17:33.443" intervalms="48.852" type="nursery" />
<cycle-start id="1236" type="scavenge" contextid="0" timestamp="2019-07-02T19:17:33.443" intervalms="48.851" />
  <attribute name="GC Util" value="13" />
  <attribute name="CPU Util" value="371110583788" />
  <attribute name="Time Running"value="2623"/>
  <attribute name="Number of cores"value="4"/>
<gc-start id="1237" type="scavenge" contextid="1236" timestamp="2019-07-02T19:17:33.443">
  <mem-info id="1238" free="2429792" total="14548992" percent="16">
    <mem type="nursery" free="0" total="7864320" percent="0">
      <mem type="allocate" free="0" total="6684672" percent="0" />
      <mem type="survivor" free="0" total="1179648" percent="0" />
    </mem>
    <mem type="tenure" free="2429792" total="6684672" percent="36">
      <mem type="soa" free="2200016" total="6350848" percent="34" />
      <mem type="loa" free="229776" total="333824" percent="68" />
    </mem>
    <remembered-set count="314" />
  </mem-info>
</gc-start>
<allocation-stats totalBytes="5603320" >
  <allocated-bytes non-tlh="16" tlh="5603304" />
  <largest-consumer threadName="Thread-5" threadId="0000000000A12A00" bytes="1888600" />
</allocation-stats>
<gc-op id="1239" type="scavenge" timems="3.920" contextid="1236" timestamp="2019-07-02T19:17:33.447">
  <scavenger-info tenureage="2" tenuremask="7ffc" tiltratio="85" />
  <memory-copied type="nursery" objects="2463" bytes="966760" bytesdiscarded="183008" />
  <memory-copied type="tenure" objects="4" bytes="144" bytesdiscarded="0" />
  <references type="weak" candidates="1" cleared="0" enqueued="0" />
  <references type="phantom" candidates="1" cleared="0" enqueued="0" />
</gc-op>
<heap-resize id="1240" type="expand" space="nursery" amount="393216" count="1" timems="0.029" reason="excessive time being spent scavenging" timestamp="2019-07-02T19:17:33.447" />
<gc-end id="1241" type="scavenge" contextid="1236" durationms="4.323" usertimems="8.000" systemtimems="0.000" timestamp="2019-07-02T19:17:33.447" activeThreads="4">
  <mem-info id="1242" free="8349208" total="14942208" percent="55">
    <mem type="nursery" free="5928056" total="8257536" percent="71">
      <mem type="allocate" free="5928056" total="7077888" percent="83" />
      <mem type="survivor" free="0" total="1179648" percent="0" />
    </mem>
    <mem type="tenure" free="2421152" total="6684672" percent="36">
      <mem type="soa" free="2191376" total="6350848" percent="34" />
      <mem type="loa" free="229776" total="333824" percent="68" />
    </mem>
    <remembered-set count="103" />
  </mem-info>
</gc-end>
<cycle-end id="1243" type="scavenge" contextid="1236" timestamp="2019-07-02T19:17:33.447">
  <attribute name="GC Util" value="8" />
  <attribute name="CPU Util" value="377601330184" />
  <attribute name="Time Running"value="2672"/>
  <attribute name="Number of cores"value="4"/>
</cycle-end>
<allocation-satisfied id="1244" threadId="0000000000A12A00" bytesRequested="16392" />
<af-end id="1245" timestamp="2019-07-02T19:17:33.448" threadId="0000000000A13388" success="true" from="nursery"/>
<exclusive-end id="1246" timestamp="2019-07-02T19:17:33.448" durationms="5.090" />

<exclusive-start id="1247" timestamp="2019-07-02T19:17:33.489" intervalms="45.827">
  <response-info timems="0.053" idlems="0.053" threads="0" lastid="0000000000A0EE00" lastname="Thread-4" />
</exclusive-start>
<af-start id="1248" threadId="0000000000A0F788" totalBytesRequested="16392" timestamp="2019-07-02T19:17:33.489" intervalms="45.807" type="nursery" />
<cycle-start id="1249" type="scavenge" contextid="0" timestamp="2019-07-02T19:17:33.489" intervalms="45.789" />
  <attribute name="GC Util" value="8" />
  <attribute name="CPU Util" value="377601330184" />
  <attribute name="Time Running"value="2672"/>
  <attribute name="Number of cores"value="4"/>
<gc-start id="1250" type="scavenge" contextid="1249" timestamp="2019-07-02T19:17:33.489">
  <mem-info id="1251" free="2421152" total="14942208" percent="16">
    <mem type="nursery" free="0" total="8257536" percent="0">
      <mem type="allocate" free="0" total="7077888" percent="0" />
      <mem type="survivor" free="0" total="1179648" percent="0" />
    </mem>
    <mem type="tenure" free="2421152" total="6684672" percent="36">
      <mem type="soa" free="2191376" total="6350848" percent="34" />
      <mem type="loa" free="229776" total="333824" percent="68" />
    </mem>
    <remembered-set count="313" />
  </mem-info>
</gc-start>
<allocation-stats totalBytes="5907312" >
  <allocated-bytes non-tlh="16392" tlh="5890920" />
  <largest-consumer threadName="Thread-3" threadId="0000000000A0B200" bytes="2048888" />
</allocation-stats>
<gc-op id="1252" type="scavenge" timems="0.378" contextid="1249" timestamp="2019-07-02T19:17:33.489">
  <scavenger-info tenureage="2" tenuremask="7ffc" tiltratio="85" />
  <memory-copied type="nursery" objects="2145" bytes="907712" bytesdiscarded="194528" />
  <memory-copied type="tenure" objects="5" bytes="256" bytesdiscarded="0" />
</gc-op>
<gc-end id="1253" type="scavenge" contextid="1249" durationms="0.540" usertimems="4.000" systemtimems="0.000" timestamp="2019-07-02T19:17:33.489" activeThreads="4">
  <mem-info id="1254" free="8462272" total="14942208" percent="56">
    <mem type="nursery" free="6041120" total="8257536" percent="73">
      <mem type="allocate" free="6041120" total="7143424" percent="84" />
      <mem type="survivor" free="0" total="1114112" percent="0" />
    </mem>
    <mem type="tenure" free="2421152" total="6684672" percent="36">
      <mem type="soa" free="2191376" total="6350848" percent="34" />
      <mem type="loa" free="229776" total="333824" percent="68" />
    </mem>
    <remembered-set count="104" />
  </mem-info>
</gc-end>
<cycle-end id="1255" type="scavenge" contextid="1249" timestamp="2019-07-02T19:17:33.489">
  <attribute name="GC Util" value="13" />
  <attribute name="CPU Util" value="403627098603" />
  <attribute name="Time Running"value="2717"/>
  <attribute name="Number of cores"value="4"/>
</cycle-end>
<allocation-satisfied id="1256" threadId="0000000000A0EE00" bytesRequested="16392" />
<af-end id="1257" timestamp="2019-07-02T19:17:33.489" threadId="0000000000A0F788" success="true" from="nursery"/>
<exclusive-end id="1258" timestamp="2019-07-02T19:17:33.489" durationms="0.876" />

<exclusive-start id="1259" timestamp="2019-07-02T19:17:33.539" intervalms="50.309">
  <response-info timems="0.032" idlems="0.032" threads="0" lastid="0000000000A16500" lastname="Thread-6" />
</exclusive-start>
<af-start id="1260" threadId="0000000000A16E88" totalBytesRequested="2056" timestamp="2019-07-02T19:17:33.539" intervalms="50.331" type="nursery" />
<cycle-start id="1261" type="scavenge" contextid="0" timestamp="2019-07-02T19:17:33.539" intervalms="50.344" />
  <attribute name="GC Util" value="13" />
  <attribute name="CPU Util" value="403627098603" />
  <attribute name="Time Running"value="2717"/>
  <attribute name="Number of cores"value="4"/>
<gc-start id="1262" type="scavenge" contextid="1261" timestamp="2019-07-02T19:17:33.539">
  <mem-info id="1263" free="2421152" total="14942208" percent="16">
    <mem type="nursery" free="0" total="8257536" percent="0">
      <mem type="allocate" free="0" total="7143424" percent="0" />
      <mem type="survivor" free="0" total="1114112" percent="0" />
    </mem>
    <mem type="tenure" free="2421152" total="6684672" percent="36">
      <mem type="soa" free="2191376" total="6350848" percent="34" />
      <mem type="loa" free="229776" total="333824" percent="68" />
    </mem>
    <remembered-set count="314" />
  </mem-info>
</gc-start>
<allocation-stats totalBytes="6021104" >
  <allocated-bytes non-tlh="49168" tlh="5971936" />
  <largest-consumer threadName="Thread-3" threadId="0000000000A0B200" bytes="1810024" />
</allocation-stats>
<gc-op id="1264" type="scavenge" timems="0.429" contextid="1261" timestamp="2019-07-02T19:17:33.540">
  <scavenger-info tenureage="2" tenuremask="7ffc" tiltratio="86" />
  <memory-copied type="nursery" objects="2458" bytes="939208" bytesdiscarded="85192" />
  <references type="phantom" candidates="1" cleared="0" enqueued="0" />
</gc-op>
<gc-end id="1265" type="scavenge" contextid="1261" durationms="0.624" usertimems="0.000" systemtimems="0.000" timestamp="2019-07-02T19:17:33.540" activeThreads="4">
  <mem-info id="1266" free="8540104" total="14942208" percent="57">
    <mem type="nursery" free="6118952" total="8257536" percent="74">
      <mem type="allocate" free="6118952" total="7143424" percent="85" />
      <mem type="survivor" free="0" total="1114112" percent="0" />
    </mem>
    <mem type="tenure" free="2421152" total="6684672" percent="36">
      <mem type="soa" free="2191376" total="6350848" percent="34" />
      <mem type="loa" free="229776" total="333824" percent="68" />
    </mem>
    <remembered-set count="106" />
  </mem-info>
</gc-end>
<cycle-end id="1267" type="scavenge" contextid="1261" timestamp="2019-07-02T19:17:33.540">
  <attribute name="GC Util" value="1" />
  <attribute name="CPU Util" value="366188089779" />
  <attribute name="Time Running"value="2768"/>
  <attribute name="Number of cores"value="4"/>
</cycle-end>
<allocation-satisfied id="1268" threadId="0000000000A16500" bytesRequested="2056" />
<af-end id="1269" timestamp="2019-07-02T19:17:33.540" threadId="0000000000A16E88" success="true" from="nursery"/>
<exclusive-end id="1270" timestamp="2019-07-02T19:17:33.540" durationms="1.054" />

<exclusive-start id="1271" timestamp="2019-07-02T19:17:33.586" intervalms="46.929">
  <response-info timems="0.035" idlems="0.035" threads="0" lastid="0000000000A12A00" lastname="Thread-5" />
</exclusive-start>
<af-start id="1272" threadId="0000000000A13388" totalBytesRequested="272" timestamp="2019-07-02T19:17:33.586" intervalms="46.925" type="nursery" />
<cycle-start id="1273" type="scavenge" contextid="0" timestamp="2019-07-02T19:17:33.586" intervalms="46.924" />
  <attribute name="GC Util" value="1" />
  <attribute name="CPU Util" value="366188089779" />
  <attribute name="Time Running"value="2768"/>
  <attribute name="Number of cores"value="4"/>
<gc-start id="1274" type="scavenge" contextid="1273" timestamp="2019-07-02T19:17:33.586">
  <mem-info id="1275" free="2421152" total="14942208" percent="16">
    <mem type="nursery" free="0" total="8257536" percent="0">
      <mem type="allocate" free="0" total="7143424" percent="0" />
      <mem type="survivor" free="0" total="1114112" percent="0" />
    </mem>
    <mem type="tenure" free="2421152" total="6684672" percent="36">
      <mem type="soa" free="2191376" total="6350848" percent="34" />
      <mem type="loa" free="229776" total="333824" percent="68" />
    </mem>
    <remembered-set count="318" />
  </mem-info>
</gc-start>
<allocation-stats totalBytes="6116096" >
  <allocated-bytes non-tlh="2056" tlh="6114040" />
  <largest-consumer threadName="Thread-4" threadId="0000000000A0EE00" bytes="1956304" />
</allocation-stats>
<gc-op id="1276" type="scavenge" timems="3.338" contextid="1273" timestamp="2019-07-02T19:17:33.589">
  <scavenger-info tenureage="2" tenuremask="7ffc" tiltratio="86" />
  <memory-copied type="nursery" objects="2039" bytes="824808" bytesdiscarded="153544" />
  <memory-copied type="tenure" objects="4" bytes="144" bytesdiscarded="0" />
  <references type="weak" candidates="1" cleared="0" enqueued="0" />
  <references type="phantom" candidates="1" cleared="0" enqueued="0" />
</gc-op>
<gc-end id="1277" type="scavenge" contextid="1273" durationms="3.518" usertimems="4.000" systemtimems="0.000" timestamp="2019-07-02T19:17:33.589" activeThreads="4">
  <mem-info id="1278" free="8651704" total="14942208" percent="57">
    <mem type="nursery" free="6230552" total="8257536" percent="75">
      <mem type="allocate" free="6230552" total="7208960" percent="86" />
      <mem type="survivor" free="0" total="1048576" percent="0" />
    </mem>
    <mem type="tenure" free="2421152" total="6684672" percent="36">
      <mem type="soa" free="2191376" total="6350848" percent="34" />
      <mem type="loa" free="229776" total="333824" percent="68" />
    </mem>
    <remembered-set count="105" />
  </mem-info>
</gc-end>
<cycle-end id="1279" type="scavenge" contextid="1273" timestamp="2019-07-02T19:17:33.590">
  <attribute name="GC Util" value="2" />
  <attribute name="CPU Util" value="393166361026" />
  <attribute name="Time Running"value="2815"/>
  <attribute name="Number of cores"value="4"/>
</cycle-end>
<allocation-satisfied id="1280" threadId="0000000000A12A00" bytesRequested="272" />
<af-end id="1281" timestamp="2019-07-02T19:17:33.590" threadId="0000000000A13388" success="true" from="nursery"/>
<exclusive-end id="1282" timestamp="2019-07-02T19:17:33.590" durationms="4.185" />

<exclusive-start id="1283" timestamp="2019-07-02T19:17:33.638" intervalms="52.214">
  <response-info timems="0.026" idlems="0.026" threads="0" lastid="0000000000A0EE00" lastname="Thread-4" />
</exclusive-start>
<af-start id="1284" threadId="0000000000A0F788" totalBytesRequested="16392" timestamp="2019-07-02T19:17:33.638" intervalms="52.218" type="nursery" />
<cycle-start id="1285" type="scavenge" contextid="0" timestamp="2019-07-02T19:17:33.638" intervalms="52.222" />
  <attribute name="GC Util" value="2" />
  <attribute name="CPU Util" value="393166361026" />
  <attribute name="Time Running"value="2815"/>
  <attribute name="Number of cores"value="4"/>
<gc-start id="1286" type="scavenge" contextid="1285" timestamp="2019-07-02T19:17:33.638">
  <mem-info id="1287" free="2421152" total="14942208" percent="16">
    <mem type="nursery" free="0" total="8257536" percent="0">
      <mem type="allocate" free="0" total="7208960" percent="0" />
      <mem type="survivor" free="0" total="1048576" percent="0" />
    </mem>
    <mem type="tenure" free="2421152" total="6684672" percent="36">
      <mem type="soa" free="2191376" total="6350848" percent="34" />
      <mem type="loa" free="229776" total="333824" percent="68" />
    </mem>
    <remembered-set count="313" />
  </mem-info>
</gc-start>
<allocation-stats totalBytes="6205560" >
  <allocated-bytes non-tlh="272" tlh="6205288" />
  <largest-consumer threadName="Thread-4" threadId="0000000000A0EE00" bytes="2027656" />
</allocation-stats>
<gc-op id="1288" type="scavenge" timems="1.815" contextid="1285" timestamp="2019-07-02T19:17:33.640">
  <scavenger-info tenureage="2" tenuremask="7ffc" tiltratio="87" />
  <memory-copied type="nursery" objects="2214" bytes="879520" bytesdiscarded="168992" />
</gc-op>
<gc-end id="1289" type="scavenge" contextid="1285" durationms="2.004" usertimems="0.000" systemtimems="0.000" timestamp="2019-07-02T19:17:33.640" activeThreads="4">
  <mem-info id="1290" free="8581536" total="14942208" percent="57">
    <mem type="nursery" free="6160384" total="8257536" percent="74">
      <mem type="allocate" free="6160384" total="7208960" percent="85" />
      <mem type="survivor" free="0" total="1048576" percent="0" />
    </mem>
    <mem type="tenure" free="2421152" total="6684672" percent="36">
      <mem type="soa" free="2191376" total="6350848" percent="34" />
      <mem type="loa" free="229776" total="333824" percent="68" />
    </mem>
    <remembered-set count="106" />
  </mem-info>
</gc-end>
<cycle-end id="1291" type="scavenge" contextid="1285" timestamp="2019-07-02T19:17:33.640">
  <attribute name="GC Util" value="9" />
  <attribute name="CPU Util" value="353165558715" />
  <attribute name="Time Running"value="2867"/>
  <attribute name="Number of cores"value="4"/>
</cycle-end>
<allocation-satisfied id="1292" threadId="0000000000A0EE00" bytesRequested="16392" />
<af-end id="1293" timestamp="2019-07-02T19:17:33.640" threadId="0000000000A0F788" success="true" from="nursery"/>
<exclusive-end id="1294" timestamp="2019-07-02T19:17:33.640" durationms="2.462" />

<exclusive-start id="1295" timestamp="2019-07-02T19:17:33.684" intervalms="46.168">
  <response-info timems="0.033" idlems="0.033" threads="0" lastid="0000000000A16500" lastname="Thread-6" />
</exclusive-start>
<af-start id="1296" threadId="0000000000A16E88" totalBytesRequested="2008" timestamp="2019-07-02T19:17:33.684" intervalms="46.170" type="nursery" />
<cycle-start id="1297" type="scavenge" contextid="0" timestamp="2019-07-02T19:17:33.684" intervalms="46.167" />
  <attribute name="GC Util" value="9" />
  <attribute name="CPU Util" value="353165558715" />
  <attribute name="Time Running"value="2867"/>
  <attribute name="Number of cores"value="4"/>
<gc-start id="1298" type="scavenge" contextid="1297" timestamp="2019-07-02T19:17:33.684">
  <mem-info id="1299" free="2421152" total="14942208" percent="16">
    <mem type="nursery" free="0" total="8257536" percent="0">
      <mem type="allocate" free="0" total="7208960" percent="0" />
      <mem type="survivor" free="0" total="1048576" percent="0" />
    </mem>
    <mem type="tenure" free="2421152" total="6684672" percent="36">
      <mem type="soa" free="2191376" total="6350848" percent="34" />
      <mem type="loa" free="229776" total="333824" percent="68" />
    </mem>
    <remembered-set count="306" />
  </mem-info>
</gc-start>
<allocation-stats totalBytes="6129528" >
  <allocated-bytes non-tlh="16392" tlh="6113136" />
  <largest-consumer threadName="Thread-5" threadId="0000000000A12A00" bytes="1879104" />
</allocation-stats>
<gc-op id="1300" type="scavenge" timems="0.409" contextid="1297" timestamp="2019-07-02T19:17:33.685">
  <scavenger-info tenureage="2" tenuremask="7ffc" tiltratio="87" />
  <memory-copied type="nursery" objects="2494" bytes="918376" bytesdiscarded="130136" />
  <memory-copied type="tenure" objects="107" bytes="37544" bytesdiscarded="736" />
  <copy-failed type="nursery" objects="106" bytes="37432" />
</gc-op>
<gc-end id="1301" type="scavenge" contextid="1297" durationms="0.628" usertimems="4.000" systemtimems="0.000" timestamp="2019-07-02T19:17:33.685" activeThreads="4">
  <mem-info id="1302" free="8401240" total="14942208" percent="56">
    <mem type="nursery" free="6029312" total="8257536" percent="73">
      <mem type="allocate" free="6029312" total="7077888" percent="85" />
      <mem type="survivor" free="0" total="1179648" percent="0" />
    </mem>
    <mem type="tenure" free="2371928" total="6684672" percent="35">
      <mem type="soa" free="2142152" total="6350848" percent="33" />
      <mem type="loa" free="229776" total="333824" percent="68" />
    </mem>
    <remembered-set count="115" />
  </mem-info>
</gc-end>
<cycle-end id="1303" type="scavenge" contextid="1297" timestamp="2019-07-02T19:17:33.685">
  <attribute name="GC Util" value="5" />
  <attribute name="CPU Util" value="399492138796" />
  <attribute name="Time Running"value="2913"/>
  <attribute name="Number of cores"value="4"/>
</cycle-end>
<allocation-satisfied id="1304" threadId="0000000000A16500" bytesRequested="2008" />
<af-end id="1305" timestamp="2019-07-02T19:17:33.685" threadId="0000000000A16E88" success="true" from="nursery"/>
<exclusive-end id="1306" timestamp="2019-07-02T19:17:33.685" durationms="1.165" />

<exclusive-start id="1307" timestamp="2019-07-02T19:17:33.732" intervalms="48.075">
  <response-info timems="0.026" idlems="0.026" threads="0" lastid="0000000000A0EE00" lastname="Thread-4" />
</exclusive-start>
<af-start id="1308" threadId="0000000000A0F788" totalBytesRequested="2056" timestamp="2019-07-02T19:17:33.732" intervalms="48.098" type="nursery" />
<cycle-start id="1309" type="scavenge" contextid="0" timestamp="2019-07-02T19:17:33.732" intervalms="48.103" />
  <attribute name="GC Util" value="5" />
  <attribute name="CPU Util" value="399492138796" />
  <attribute name="Time Running"value="2913"/>
  <attribute name="Number of cores"value="4"/>
<gc-start id="1310" type="scavenge" contextid="1309" timestamp="2019-07-02T19:17:33.732">
  <mem-info id="1311" free="2371928" total="14942208" percent="15">
    <mem type="nursery" free="0" total="8257536" percent="0">
      <mem type="allocate" free="0" total="7077888" percent="0" />
      <mem type="survivor" free="0" total="1179648" percent="0" />
    </mem>
    <mem type="tenure" free="2371928" total="6684672" percent="35">
      <mem type="soa" free="2142152" total="6350848" percent="33" />
      <mem type="loa" free="229776" total="333824" percent="68" />
    </mem>
    <remembered-set count="322" />
  </mem-info>
</gc-start>
<allocation-stats totalBytes="5950232" >
  <allocated-bytes non-tlh="2008" tlh="5948224" />
  <largest-consumer threadName="Thread-5" threadId="0000000000A12A00" bytes="2613952" />
</allocation-stats>
<gc-op id="1312" type="scavenge" timems="1.042" contextid="1309" timestamp="2019-07-02T19:17:33.734">
  <scavenger-info tenureage="2" tenuremask="7ffc" tiltratio="85" />
  <memory-copied type="nursery" objects="2356" bytes="994416" bytesdiscarded="185168" />
  <memory-copied type="tenure" objects="499" bytes="188304" bytesdiscarded="1136" />
  <copy-failed type="nursery" objects="495" bytes="188192" />
  <references type="phantom" candidates="1" cleared="0" enqueued="0" />
</gc-op>
<gc-end id="1313" type="scavenge" contextid="1309" durationms="1.249" usertimems="4.000" systemtimems="0.000" timestamp="2019-07-02T19:17:33.734" activeThreads="4">
  <mem-info id="1314" free="7685736" total="14942208" percent="51">
    <mem type="nursery" free="5505024" total="8257536" percent="66">
      <mem type="allocate" free="5505024" total="6684672" percent="82" />
      <mem type="survivor" free="0" total="1572864" percent="0" />
    </mem>
    <mem type="tenure" free="2180712" total="6684672" percent="32">
      <mem type="soa" free="1950936" total="6350848" percent="30" />
      <mem type="loa" free="229776" total="333824" percent="68" />
    </mem>
    <remembered-set count="117" />
  </mem-info>
</gc-end>
<cycle-end id="1315" type="scavenge" contextid="1309" timestamp="2019-07-02T19:17:33.734">
  <attribute name="GC Util" value="2" />
  <attribute name="CPU Util" value="383558756934" />
  <attribute name="Time Running"value="2961"/>
  <attribute name="Number of cores"value="4"/>
</cycle-end>
<allocation-satisfied id="1316" threadId="0000000000A0EE00" bytesRequested="2056" />
<af-end id="1317" timestamp="2019-07-02T19:17:33.734" threadId="0000000000A0F788" success="true" from="nursery"/>
<exclusive-end id="1318" timestamp="2019-07-02T19:17:33.734" durationms="1.801" />

<exclusive-start id="1319" timestamp="2019-07-02T19:17:33.777" intervalms="44.947">
  <response-info timems="0.045" idlems="0.045" threads="0" lastid="0000000000A0B200" lastname="Thread-3" />
</exclusive-start>
<af-start id="1320" threadId="0000000000A0BB88" totalBytesRequested="2056" timestamp="2019-07-02T19:17:33.777" intervalms="44.926" type="nursery" />
<cycle-start id="1321" type="scavenge" contextid="0" timestamp="2019-07-02T19:17:33.777" intervalms="44.924" />
  <attribute name="GC Util" value="2" />
  <attribute name="CPU Util" value="383558756934" />
  <attribute name="Time Running"value="2961"/>
  <attribute name="Number of cores"value="4"/>
<gc-start id="1322" type="scavenge" contextid="1321" timestamp="2019-07-02T19:17:33.777">
  <mem-info id="1323" free="2180712" total="14942208" percent="14">
    <mem type="nursery" free="0" total="8257536" percent="0">
      <mem type="allocate" free="0" total="6684672" percent="0" />
      <mem type="survivor" free="0" total="1572864" percent="0" />
    </mem>
    <mem type="tenure" free="2180712" total="6684672" percent="32">
      <mem type="soa" free="1950936" total="6350848" percent="30" />
      <mem type="loa" free="229776" total="333824" percent="68" />
    </mem>
    <remembered-set count="335" />
  </mem-info>
</gc-start>
<allocation-stats totalBytes="5472096" >
  <allocated-bytes non-tlh="2056" tlh="5470040" />
  <largest-consumer threadName="Thread-3" threadId="0000000000A0B200" bytes="1475952" />
</allocation-stats>
<gc-op id="1324" type="scavenge" timems="0.881" contextid="1321" timestamp="2019-07-02T19:17:33.778">
  <scavenger-info tenureage="2" tenuremask="7ffc" tiltratio="80" />
  <memory-copied type="nursery" objects="2428" bytes="928248" bytesdiscarded="306312" />
  <memory-copied type="tenure" objects="33" bytes="1016" bytesdiscarded="472" />
  <references type="phantom" candidates="1" cleared="0" enqueued="0" />
</gc-op>
<gc-end id="1325" type="scavenge" contextid="1321" durationms="1.247" usertimems="4.000" systemtimems="0.000" timestamp="2019-07-02T19:17:33.779" activeThreads="4">
  <mem-info id="1326" free="7694792" total="14942208" percent="51">
    <mem type="nursery" free="5515568" total="8257536" percent="66">
      <mem type="allocate" free="5515568" total="6750208" percent="81" />
      <mem type="survivor" free="0" total="1507328" percent="0" />
    </mem>
    <mem type="tenure" free="2179224" total="6684672" percent="32">
      <mem type="soa" free="1949448" total="6350848" percent="30" />
      <mem type="loa" free="229776" total="333824" percent="68" />
    </mem>
    <remembered-set count="108" />
  </mem-info>
</gc-end>
<cycle-end id="1327" type="scavenge" contextid="1321" timestamp="2019-07-02T19:17:33.779">
  <attribute name="GC Util" value="5" />
  <attribute name="CPU Util" value="410594999566" />
  <attribute name="Time Running"value="3006"/>
  <attribute name="Number of cores"value="4"/>
</cycle-end>
<allocation-satisfied id="1328" threadId="0000000000A0B200" bytesRequested="2056" />
<af-end id="1329" timestamp="2019-07-02T19:17:33.779" threadId="0000000000A0BB88" success="true" from="nursery"/>
<exclusive-end id="1330" timestamp="2019-07-02T19:17:33.779" durationms="1.721" />

<exclusive-start id="1331" timestamp="2019-07-02T19:17:33.821" intervalms="43.753">
  <response-info timems="0.040" idlems="0.040" threads="0" lastid="0000000000A0EE00" lastname="Thread-4" />
</exclusive-start>
<af-start id="1332" threadId="0000000000A0F788" totalBytesRequested="2056" timestamp="2019-07-02T19:17:33.821" intervalms="43.759" type="nursery" />
<cycle-start id="1333" type="scavenge" contextid="0" timestamp="2019-07-02T19:17:33.821" intervalms="43.740" />
  <attribute name="GC Util" value="5" />
  <attribute name="CPU Util" value="410594999566" />
  <attribute name="Time Running"value="3006"/>
  <attribute name="Number of cores"value="4"/>
<gc-start id="1334" type="scavenge" contextid="1333" timestamp="2019-07-02T19:17:33.821">
  <mem-info id="1335" free="2179224" total="14942208" percent="14">
    <mem type="nursery" free="0" total="8257536" percent="0">
      <mem type="allocate" free="0" total="6750208" percent="0" />
      <mem type="survivor" free="0" total="1507328" percent="0" />
    </mem>
    <mem type="tenure" free="2179224" total="6684672" percent="32">
      <mem type="soa" free="1949448" total="6350848" percent="30" />
      <mem type="loa" free="229776" total="333824" percent="68" />
    </mem>
    <remembered-set count="314" />
  </mem-info>
</gc-start>
<allocation-stats totalBytes="5495672" >
  <allocated-bytes non-tlh="2056" tlh="5493616" />
  <largest-consumer threadName="Thread-4" threadId="0000000000A0EE00" bytes="2097688" />
</allocation-stats>
<gc-op id="1336" type="scavenge" timems="1.804" contextid="1333" timestamp="2019-07-02T19:17:33.823">
  <scavenger-info tenureage="2" tenuremask="7ffc" tiltratio="81" />
  <memory-copied type="nursery" objects="2646" bytes="1079904" bytesdiscarded="254608" />
  <memory-copied type="tenure" objects="26" bytes="2040" bytesdiscarded="0" />
  <references type="phantom" candidates="1" cleared="0" enqueued="0" />
</gc-op>
<gc-end id="1337" type="scavenge" contextid="1333" durationms="2.177" usertimems="4.000" systemtimems="0.000" timestamp="2019-07-02T19:17:33.823" activeThreads="4">
  <mem-info id="1338" free="7594848" total="14942208" percent="50">
    <mem type="nursery" free="5415624" total="8257536" percent="65">
      <mem type="allocate" free="5415624" total="6750208" percent="80" />
      <mem type="survivor" free="0" total="1507328" percent="0" />
    </mem>
    <mem type="tenure" free="2179224" total="6684672" percent="32">
      <mem type="soa" free="1949448" total="6350848" percent="30" />
      <mem type="loa" free="229776" total="333824" percent="68" />
    </mem>
    <remembered-set count="107" />
  </mem-info>
</gc-end>
<cycle-end id="1339" type="scavenge" contextid="1333" timestamp="2019-07-02T19:17:33.823">
  <attribute name="GC Util" value="5" />
  <attribute name="CPU Util" value="421728268089" />
  <attribute name="Time Running"value="3050"/>
  <attribute name="Number of cores"value="4"/>
</cycle-end>
<allocation-satisfied id="1340" threadId="0000000000A0EE00" bytesRequested="2056" />
<af-end id="1341" timestamp="2019-07-02T19:17:33.824" threadId="0000000000A0F788" success="true" from="nursery"/>
<exclusive-end id="1342" timestamp="2019-07-02T19:17:33.824" durationms="2.626" />

<exclusive-start id="1343" timestamp="2019-07-02T19:17:33.865" intervalms="44.533">
  <response-info timems="0.036" idlems="0.036" threads="0" lastid="0000000000A0B200" lastname="Thread-3" />
</exclusive-start>
<af-start id="1344" threadId="0000000000A0BB88" totalBytesRequested="16392" timestamp="2019-07-02T19:17:33.866" intervalms="44.519" type="nursery" />
<cycle-start id="1345" type="scavenge" contextid="0" timestamp="2019-07-02T19:17:33.866" intervalms="44.538" />
  <attribute name="GC Util" value="5" />
  <attribute name="CPU Util" value="421728268089" />
  <attribute name="Time Running"value="3050"/>
  <attribute name="Number of cores"value="4"/>
<gc-start id="1346" type="scavenge" contextid="1345" timestamp="2019-07-02T19:17:33.866">
  <mem-info id="1347" free="2179224" total="14942208" percent="14">
    <mem type="nursery" free="0" total="8257536" percent="0">
      <mem type="allocate" free="0" total="6750208" percent="0" />
      <mem type="survivor" free="0" total="1507328" percent="0" />
    </mem>
    <mem type="tenure" free="2179224" total="6684672" percent="32">
      <mem type="soa" free="1949448" total="6350848" percent="30" />
      <mem type="loa" free="229776" total="333824" percent="68" />
    </mem>
    <remembered-set count="317" />
  </mem-info>
</gc-start>
<allocation-stats totalBytes="5358064" >
  <allocated-bytes non-tlh="2056" tlh="5356008" />
  <largest-consumer threadName="Thread-3" threadId="0000000000A0B200" bytes="1863304" />
</allocation-stats>
<gc-op id="1348" type="scavenge" timems="1.680" contextid="1345" timestamp="2019-07-02T19:17:33.867">
  <scavenger-info tenureage="2" tenuremask="7ffc" tiltratio="81" />
  <memory-copied type="nursery" objects="2125" bytes="847960" bytesdiscarded="230104" />
  <memory-copied type="tenure" objects="5" bytes="248" bytesdiscarded="0" />
  <references type="weak" candidates="1" cleared="0" enqueued="0" />
  <references type="phantom" candidates="1" cleared="0" enqueued="0" />
</gc-op>
<gc-end id="1349" type="scavenge" contextid="1345" durationms="2.035" usertimems="0.000" systemtimems="4.000" timestamp="2019-07-02T19:17:33.868" activeThreads="4">
  <mem-info id="1350" free="7912088" total="14942208" percent="52">
    <mem type="nursery" free="5737624" total="8257536" percent="69">
      <mem type="allocate" free="5737624" total="6815744" percent="84" />
      <mem type="survivor" free="0" total="1441792" percent="0" />
    </mem>
    <mem type="tenure" free="2174464" total="6684672" percent="32">
      <mem type="soa" free="1944688" total="6350848" percent="30" />
      <mem type="loa" free="229776" total="333824" percent="68" />
    </mem>
    <remembered-set count="107" />
  </mem-info>
</gc-end>
<cycle-end id="1351" type="scavenge" contextid="1345" timestamp="2019-07-02T19:17:33.868">
  <attribute name="GC Util" value="9" />
  <attribute name="CPU Util" value="414272796627" />
  <attribute name="Time Running"value="3094"/>
  <attribute name="Number of cores"value="4"/>
</cycle-end>
<allocation-satisfied id="1352" threadId="0000000000A0B200" bytesRequested="16392" />
<af-end id="1353" timestamp="2019-07-02T19:17:33.868" threadId="0000000000A0BB88" success="true" from="nursery"/>
<exclusive-end id="1354" timestamp="2019-07-02T19:17:33.868" durationms="2.534" />

<exclusive-start id="1355" timestamp="2019-07-02T19:17:33.917" intervalms="51.794">
  <response-info timems="0.037" idlems="0.037" threads="0" lastid="0000000000A0B200" lastname="Thread-3" />
</exclusive-start>
<af-start id="1356" threadId="0000000000A0BB88" totalBytesRequested="48" timestamp="2019-07-02T19:17:33.917" intervalms="51.788" type="nursery" />
<cycle-start id="1357" type="scavenge" contextid="0" timestamp="2019-07-02T19:17:33.917" intervalms="51.783" />
  <attribute name="GC Util" value="9" />
  <attribute name="CPU Util" value="414272796627" />
  <attribute name="Time Running"value="3094"/>
  <attribute name="Number of cores"value="4"/>
<gc-start id="1358" type="scavenge" contextid="1357" timestamp="2019-07-02T19:17:33.917">
  <mem-info id="1359" free="2174464" total="14942208" percent="14">
    <mem type="nursery" free="0" total="8257536" percent="0">
      <mem type="allocate" free="0" total="6815744" percent="0" />
      <mem type="survivor" free="0" total="1441792" percent="0" />
    </mem>
    <mem type="tenure" free="2174464" total="6684672" percent="32">
      <mem type="soa" free="1944688" total="6350848" percent="30" />
      <mem type="loa" free="229776" total="333824" percent="68" />
    </mem>
    <remembered-set count="300" />
  </mem-info>
</gc-start>
<allocation-stats totalBytes="5723776" >
  <allocated-bytes non-tlh="49168" tlh="5674608" />
  <largest-consumer threadName="Thread-4" threadId="0000000000A0EE00" bytes="1558848" />
</allocation-stats>
<gc-op id="1360" type="scavenge" timems="0.411" contextid="1357" timestamp="2019-07-02T19:17:33.918">
  <scavenger-info tenureage="2" tenuremask="7ffc" tiltratio="82" />
  <memory-copied type="nursery" objects="2194" bytes="875984" bytesdiscarded="237032" />
  <references type="weak" candidates="1" cleared="0" enqueued="0" />
  <references type="phantom" candidates="1" cleared="0" enqueued="0" />
</gc-op>
<gc-end id="1361" type="scavenge" contextid="1357" durationms="0.599" usertimems="0.000" systemtimems="0.000" timestamp="2019-07-02T19:17:33.918" activeThreads="4">
  <mem-info id="1362" free="8008208" total="14942208" percent="53">
    <mem type="nursery" free="5833744" total="8257536" percent="70">
      <mem type="allocate" free="5833744" total="6946816" percent="83" />
      <mem type="survivor" free="0" total="1310720" percent="0" />
    </mem>
    <mem type="tenure" free="2174464" total="6684672" percent="32">
      <mem type="soa" free="1944688" total="6350848" percent="30" />
      <mem type="loa" free="229776" total="333824" percent="68" />
    </mem>
    <remembered-set count="101" />
  </mem-info>
</gc-end>
<cycle-end id="1363" type="scavenge" contextid="1357" timestamp="2019-07-02T19:17:33.918">
  <attribute name="GC Util" value="7" />
  <attribute name="CPU Util" value="356277743785" />
  <attribute name="Time Running"value="3146"/>
  <attribute name="Number of cores"value="4"/>
</cycle-end>
<allocation-satisfied id="1364" threadId="0000000000A0B200" bytesRequested="48" />
<af-end id="1365" timestamp="2019-07-02T19:17:33.918" threadId="0000000000A0BB88" success="true" from="nursery"/>
<exclusive-end id="1366" timestamp="2019-07-02T19:17:33.918" durationms="1.007" />

<exclusive-start id="1367" timestamp="2019-07-02T19:17:33.955" intervalms="37.246">
  <response-info timems="0.042" idlems="0.042" threads="0" lastid="0000000000A0EE00" lastname="Thread-4" />
</exclusive-start>
<af-start id="1368" threadId="0000000000A0F788" totalBytesRequested="16392" timestamp="2019-07-02T19:17:33.955" intervalms="37.257" type="nursery" />
<cycle-start id="1369" type="scavenge" contextid="0" timestamp="2019-07-02T19:17:33.955" intervalms="37.258" />
  <attribute name="GC Util" value="7" />
  <attribute name="CPU Util" value="356277743785" />
  <attribute name="Time Running"value="3146"/>
  <attribute name="Number of cores"value="4"/>
<gc-start id="1370" type="scavenge" contextid="1369" timestamp="2019-07-02T19:17:33.955">
  <mem-info id="1371" free="2174464" total="14942208" percent="14">
    <mem type="nursery" free="0" total="8257536" percent="0">
      <mem type="allocate" free="0" total="6946816" percent="0" />
      <mem type="survivor" free="0" total="1310720" percent="0" />
    </mem>
    <mem type="tenure" free="2174464" total="6684672" percent="32">
      <mem type="soa" free="1944688" total="6350848" percent="30" />
      <mem type="loa" free="229776" total="333824" percent="68" />
    </mem>
    <remembered-set count="319" />
  </mem-info>
</gc-start>
<allocation-stats totalBytes="5822760" >
  <allocated-bytes non-tlh="48" tlh="5822712" />
  <largest-consumer threadName="Thread-4" threadId="0000000000A0EE00" bytes="2179000" />
</allocation-stats>
<gc-op id="1372" type="scavenge" timems="0.858" contextid="1369" timestamp="2019-07-02T19:17:33.956">
  <scavenger-info tenureage="2" tenuremask="7ffc" tiltratio="84" />
  <memory-copied type="nursery" objects="2001" bytes="835272" bytesdiscarded="347080" />
  <memory-copied type="tenure" objects="4" bytes="144" bytesdiscarded="0" />
  <references type="weak" candidates="1" cleared="0" enqueued="0" />
  <references type="phantom" candidates="1" cleared="0" enqueued="0" />
</gc-op>
<gc-end id="1373" type="scavenge" contextid="1369" durationms="1.224" usertimems="4.000" systemtimems="0.000" timestamp="2019-07-02T19:17:33.956" activeThreads="4">
  <mem-info id="1374" free="8004408" total="14942208" percent="53">
    <mem type="nursery" free="5829944" total="8257536" percent="70">
      <mem type="allocate" free="5829944" total="7012352" percent="83" />
      <mem type="survivor" free="0" total="1245184" percent="0" />
    </mem>
    <mem type="tenure" free="2174464" total="6684672" percent="32">
      <mem type="soa" free="1944688" total="6350848" percent="30" />
      <mem type="loa" free="229776" total="333824" percent="68" />
    </mem>
    <remembered-set count="110" />
  </mem-info>
</gc-end>
<cycle-end id="1375" type="scavenge" contextid="1369" timestamp="2019-07-02T19:17:33.956">
  <attribute name="GC Util" value="2" />
  <attribute name="CPU Util" value="494925874411" />
  <attribute name="Time Running"value="3183"/>
  <attribute name="Number of cores"value="4"/>
</cycle-end>
<allocation-satisfied id="1376" threadId="0000000000A0EE00" bytesRequested="16392" />
<af-end id="1377" timestamp="2019-07-02T19:17:33.956" threadId="0000000000A0F788" success="true" from="nursery"/>
<exclusive-end id="1378" timestamp="2019-07-02T19:17:33.956" durationms="1.662" />

<exclusive-start id="1379" timestamp="2019-07-02T19:17:34.000" intervalms="45.173">
  <response-info timems="0.026" idlems="0.026" threads="0" lastid="0000000000A0EE00" lastname="Thread-4" />
</exclusive-start>
<af-start id="1380" threadId="0000000000A0F788" totalBytesRequested="48" timestamp="2019-07-02T19:17:34.000" intervalms="45.164" type="nursery" />
<cycle-start id="1381" type="scavenge" contextid="0" timestamp="2019-07-02T19:17:34.000" intervalms="45.166" />
  <attribute name="GC Util" value="2" />
  <attribute name="CPU Util" value="494925874411" />
  <attribute name="Time Running"value="3183"/>
  <attribute name="Number of cores"value="4"/>
<gc-start id="1382" type="scavenge" contextid="1381" timestamp="2019-07-02T19:17:34.000">
  <mem-info id="1383" free="2174464" total="14942208" percent="14">
    <mem type="nursery" free="0" total="8257536" percent="0">
      <mem type="allocate" free="0" total="7012352" percent="0" />
      <mem type="survivor" free="0" total="1245184" percent="0" />
    </mem>
    <mem type="tenure" free="2174464" total="6684672" percent="32">
      <mem type="soa" free="1944688" total="6350848" percent="30" />
      <mem type="loa" free="229776" total="333824" percent="68" />
    </mem>
    <remembered-set count="317" />
  </mem-info>
</gc-start>
<allocation-stats totalBytes="5818208" >
  <allocated-bytes non-tlh="16392" tlh="5801816" />
  <largest-consumer threadName="Thread-4" threadId="0000000000A0EE00" bytes="1870800" />
</allocation-stats>
<gc-op id="1384" type="scavenge" timems="0.863" contextid="1381" timestamp="2019-07-02T19:17:34.001">
  <scavenger-info tenureage="2" tenuremask="7ffc" tiltratio="84" />
  <memory-copied type="nursery" objects="2606" bytes="1007328" bytesdiscarded="214112" />
  <references type="phantom" candidates="1" cleared="0" enqueued="0" />
</gc-op>
<gc-end id="1385" type="scavenge" contextid="1381" durationms="1.246" usertimems="0.000" systemtimems="0.000" timestamp="2019-07-02T19:17:34.001" activeThreads="4">
  <mem-info id="1386" free="7899768" total="14942208" percent="52">
    <mem type="nursery" free="5725304" total="8257536" percent="69">
      <mem type="allocate" free="5725304" total="6946816" percent="82" />
      <mem type="survivor" free="0" total="1310720" percent="0" />
    </mem>
    <mem type="tenure" free="2174464" total="6684672" percent="32">
      <mem type="soa" free="1944688" total="6350848" percent="30" />
      <mem type="loa" free="229776" total="333824" percent="68" />
    </mem>
    <remembered-set count="111" />
  </mem-info>
</gc-end>
<cycle-end id="1387" type="scavenge" contextid="1381" timestamp="2019-07-02T19:17:34.001">
  <attribute name="GC Util" value="5" />
  <attribute name="CPU Util" value="408497342190" />
  <attribute name="Time Running"value="3229"/>
  <attribute name="Number of cores"value="4"/>
</cycle-end>
<allocation-satisfied id="1388" threadId="0000000000A0EE00" bytesRequested="48" />
<af-end id="1389" timestamp="2019-07-02T19:17:34.001" threadId="0000000000A0F788" success="true" from="nursery"/>
<exclusive-end id="1390" timestamp="2019-07-02T19:17:34.001" durationms="1.671" />

<exclusive-start id="1391" timestamp="2019-07-02T19:17:34.043" intervalms="43.480">
  <response-info timems="0.044" idlems="0.044" threads="0" lastid="0000000000A16500" lastname="Thread-6" />
</exclusive-start>
<af-start id="1392" threadId="0000000000A16E88" totalBytesRequested="16392" timestamp="2019-07-02T19:17:34.043" intervalms="43.486" type="nursery" />
<cycle-start id="1393" type="scavenge" contextid="0" timestamp="2019-07-02T19:17:34.043" intervalms="43.483" />
  <attribute name="GC Util" value="5" />
  <attribute name="CPU Util" value="408497342190" />
  <attribute name="Time Running"value="3229"/>
  <attribute name="Number of cores"value="4"/>
<gc-start id="1394" type="scavenge" contextid="1393" timestamp="2019-07-02T19:17:34.043">
  <mem-info id="1395" free="2174464" total="14942208" percent="14">
    <mem type="nursery" free="0" total="8257536" percent="0">
      <mem type="allocate" free="0" total="6946816" percent="0" />
      <mem type="survivor" free="0" total="1310720" percent="0" />
    </mem>
    <mem type="tenure" free="2174464" total="6684672" percent="32">
      <mem type="soa" free="1944688" total="6350848" percent="30" />
      <mem type="loa" free="229776" total="333824" percent="68" />
    </mem>
    <remembered-set count="311" />
  </mem-info>
</gc-start>
<allocation-stats totalBytes="5675936" >
  <allocated-bytes non-tlh="48" tlh="5675888" />
  <largest-consumer threadName="Thread-5" threadId="0000000000A12A00" bytes="2250808" />
</allocation-stats>
<gc-op id="1396" type="scavenge" timems="0.384" contextid="1393" timestamp="2019-07-02T19:17:34.044">
  <scavenger-info tenureage="2" tenuremask="7ffc" tiltratio="84" />
  <memory-copied type="nursery" objects="1848" bytes="765104" bytesdiscarded="347528" />
  <memory-copied type="tenure" objects="4" bytes="144" bytesdiscarded="0" />
  <references type="phantom" candidates="1" cleared="0" enqueued="0" />
</gc-op>
<gc-end id="1397" type="scavenge" contextid="1393" durationms="0.564" usertimems="0.000" systemtimems="0.000" timestamp="2019-07-02T19:17:34.044" activeThreads="4">
  <mem-info id="1398" free="8074112" total="14942208" percent="54">
    <mem type="nursery" free="5899648" total="8257536" percent="71">
      <mem type="allocate" free="5899648" total="7012352" percent="84" />
      <mem type="survivor" free="0" total="1245184" percent="0" />
    </mem>
    <mem type="tenure" free="2174464" total="6684672" percent="32">
      <mem type="soa" free="1944688" total="6350848" percent="30" />
      <mem type="loa" free="229776" total="333824" percent="68" />
    </mem>
    <remembered-set count="101" />
  </mem-info>
</gc-end>
<cycle-end id="1399" type="scavenge" contextid="1393" timestamp="2019-07-02T19:17:34.044">
  <attribute name="GC Util" value="5" />
  <attribute name="CPU Util" value="424184818018" />
  <attribute name="Time Running"value="3272"/>
  <attribute name="Number of cores"value="4"/>
</cycle-end>
<allocation-satisfied id="1400" threadId="0000000000A16500" bytesRequested="16392" />
<af-end id="1401" timestamp="2019-07-02T19:17:34.044" threadId="0000000000A16E88" success="true" from="nursery"/>
<exclusive-end id="1402" timestamp="2019-07-02T19:17:34.044" durationms="0.987" />

<exclusive-start id="1403" timestamp="2019-07-02T19:17:34.094" intervalms="50.838">
  <response-info timems="0.039" idlems="0.039" threads="0" lastid="0000000000A12A00" lastname="Thread-5" />
</exclusive-start>
<af-start id="1404" threadId="0000000000A13388" totalBytesRequested="16392" timestamp="2019-07-02T19:17:34.094" intervalms="50.831" type="nursery" />
<cycle-start id="1405" type="scavenge" contextid="0" timestamp="2019-07-02T19:17:34.094" intervalms="50.831" />
  <attribute name="GC Util" value="5" />
  <attribute name="CPU Util" value="424184818018" />
  <attribute name="Time Running"value="3272"/>
  <attribute name="Number of cores"value="4"/>
<gc-start id="1406" type="scavenge" contextid="1405" timestamp="2019-07-02T19:17:34.094">
  <mem-info id="1407" free="2174464" total="14942208" percent="14">
    <mem type="nursery" free="0" total="8257536" percent="0">
      <mem type="allocate" free="0" total="7012352" percent="0" />
      <mem type="survivor" free="0" total="1245184" percent="0" />
    </mem>
    <mem type="tenure" free="2174464" total="6684672" percent="32">
      <mem type="soa" free="1944688" total="6350848" percent="30" />
      <mem type="loa" free="229776" total="333824" percent="68" />
    </mem>
    <remembered-set count="318" />
  </mem-info>
</gc-start>
<allocation-stats totalBytes="5887448" >
  <allocated-bytes non-tlh="16392" tlh="5871056" />
  <largest-consumer threadName="Thread-5" threadId="0000000000A12A00" bytes="2452136" />
</allocation-stats>
<gc-op id="1408" type="scavenge" timems="0.639" contextid="1405" timestamp="2019-07-02T19:17:34.095">
  <scavenger-info tenureage="2" tenuremask="7ffc" tiltratio="84" />
  <memory-copied type="nursery" objects="1850" bytes="727888" bytesdiscarded="270056" />
  <memory-copied type="tenure" objects="4" bytes="144" bytesdiscarded="0" />
</gc-op>
<gc-end id="1409" type="scavenge" contextid="1405" durationms="0.817" usertimems="0.000" systemtimems="0.000" timestamp="2019-07-02T19:17:34.095" activeThreads="4">
  <mem-info id="1410" free="8254352" total="14942208" percent="55">
    <mem type="nursery" free="6079888" total="8257536" percent="73">
      <mem type="allocate" free="6079888" total="7077888" percent="85" />
      <mem type="survivor" free="0" total="1179648" percent="0" />
    </mem>
    <mem type="tenure" free="2174464" total="6684672" percent="32">
      <mem type="soa" free="1944688" total="6350848" percent="30" />
      <mem type="loa" free="229776" total="333824" percent="68" />
    </mem>
    <remembered-set count="97" />
  </mem-info>
</gc-end>
<cycle-end id="1411" type="scavenge" contextid="1405" timestamp="2019-07-02T19:17:34.095">
  <attribute name="GC Util" value="1" />
  <attribute name="CPU Util" value="362978676924" />
  <attribute name="Time Running"value="3323"/>
  <attribute name="Number of cores"value="4"/>
</cycle-end>
<allocation-satisfied id="1412" threadId="0000000000A12A00" bytesRequested="16392" />
<af-end id="1413" timestamp="2019-07-02T19:17:34.095" threadId="0000000000A13388" success="true" from="nursery"/>
<exclusive-end id="1414" timestamp="2019-07-02T19:17:34.095" durationms="1.226" />

<exclusive-start id="1415" timestamp="2019-07-02T19:17:34.140" intervalms="45.749">
  <response-info timems="0.030" idlems="0.030" threads="0" lastid="0000000000A0B200" lastname="Thread-3" />
</exclusive-start>
<af-start id="1416" threadId="0000000000A0BB88" totalBytesRequested="24" timestamp="2019-07-02T19:17:34.140" intervalms="45.751" type="nursery" />
<cycle-start id="1417" type="scavenge" contextid="0" timestamp="2019-07-02T19:17:34.140" intervalms="45.754" />
  <attribute name="GC Util" value="1" />
  <attribute name="CPU Util" value="362978676924" />
  <attribute name="Time Running"value="3323"/>
  <attribute name="Number of cores"value="4"/>
<gc-start id="1418" type="scavenge" contextid="1417" timestamp="2019-07-02T19:17:34.140">
  <mem-info id="1419" free="2174464" total="14942208" percent="14">
    <mem type="nursery" free="0" total="8257536" percent="0">
      <mem type="allocate" free="0" total="7077888" percent="0" />
      <mem type="survivor" free="0" total="1179648" percent="0" />
    </mem>
    <mem type="tenure" free="2174464" total="6684672" percent="32">
      <mem type="soa" free="1944688" total="6350848" percent="30" />
      <mem type="loa" free="229776" total="333824" percent="68" />
    </mem>
    <remembered-set count="315" />
  </mem-info>
</gc-start>
<allocation-stats totalBytes="6073952" >
  <allocated-bytes non-tlh="16392" tlh="6057560" />
  <largest-consumer threadName="Thread-4" threadId="0000000000A0EE00" bytes="1925416" />
</allocation-stats>
<gc-op id="1420" type="scavenge" timems="0.382" contextid="1417" timestamp="2019-07-02T19:17:34.140">
  <scavenger-info tenureage="2" tenuremask="7ffc" tiltratio="85" />
  <memory-copied type="nursery" objects="2644" bytes="998640" bytesdiscarded="180944" />
  <memory-copied type="tenure" objects="47" bytes="2536" bytesdiscarded="0" />
  <copy-failed type="nursery" objects="47" bytes="2536" />
</gc-op>
<gc-end id="1421" type="scavenge" contextid="1417" durationms="0.578" usertimems="0.000" systemtimems="0.000" timestamp="2019-07-02T19:17:34.141" activeThreads="4">
  <mem-info id="1422" free="7810560" total="14942208" percent="52">
    <mem type="nursery" free="5636096" total="8257536" percent="68">
      <mem type="allocate" free="5636096" total="6815744" percent="82" />
      <mem type="survivor" free="0" total="1441792" percent="0" />
    </mem>
    <mem type="tenure" free="2174464" total="6684672" percent="32">
      <mem type="soa" free="1944688" total="6350848" percent="30" />
      <mem type="loa" free="229776" total="333824" percent="68" />
    </mem>
    <remembered-set count="109" />
  </mem-info>
</gc-end>
<cycle-end id="1423" type="scavenge" contextid="1417" timestamp="2019-07-02T19:17:34.141">
  <attribute name="GC Util" value="3" />
  <attribute name="CPU Util" value="403088153398" />
  <attribute name="Time Running"value="3369"/>
  <attribute name="Number of cores"value="4"/>
</cycle-end>
<allocation-satisfied id="1424" threadId="0000000000A0B200" bytesRequested="24" />
<af-end id="1425" timestamp="2019-07-02T19:17:34.141" threadId="0000000000A0BB88" success="true" from="nursery"/>
<exclusive-end id="1426" timestamp="2019-07-02T19:17:34.141" durationms="1.001" />

<exclusive-start id="1427" timestamp="2019-07-02T19:17:34.176" intervalms="36.374">
  <response-info timems="0.027" idlems="0.027" threads="0" lastid="0000000000A0EE00" lastname="Thread-4" />
</exclusive-start>
<af-start id="1428" threadId="0000000000A0F788" totalBytesRequested="16" timestamp="2019-07-02T19:17:34.176" intervalms="36.375" type="nursery" />
<cycle-start id="1429" type="scavenge" contextid="0" timestamp="2019-07-02T19:17:34.176" intervalms="36.376" />
  <attribute name="GC Util" value="3" />
  <attribute name="CPU Util" value="403088153398" />
  <attribute name="Time Running"value="3369"/>
  <attribute name="Number of cores"value="4"/>
<gc-start id="1430" type="scavenge" contextid="1429" timestamp="2019-07-02T19:17:34.176">
  <mem-info id="1431" free="2174464" total="14942208" percent="14">
    <mem type="nursery" free="0" total="8257536" percent="0">
      <mem type="allocate" free="0" total="6815744" percent="0" />
      <mem type="survivor" free="0" total="1441792" percent="0" />
    </mem>
    <mem type="tenure" free="2174464" total="6684672" percent="32">
      <mem type="soa" free="1944688" total="6350848" percent="30" />
      <mem type="loa" free="229776" total="333824" percent="68" />
    </mem>
    <remembered-set count="318" />
  </mem-info>
</gc-start>
<allocation-stats totalBytes="5633744" >
  <allocated-bytes non-tlh="24" tlh="5633720" />
  <largest-consumer threadName="Thread-3" threadId="0000000000A0B200" bytes="1969712" />
</allocation-stats>
<gc-op id="1432" type="scavenge" timems="0.721" contextid="1429" timestamp="2019-07-02T19:17:34.177">
  <scavenger-info tenureage="2" tenuremask="7ffc" tiltratio="82" />
  <memory-copied type="nursery" objects="2516" bytes="1016896" bytesdiscarded="148040" />
  <memory-copied type="tenure" objects="4" bytes="144" bytesdiscarded="0" />
</gc-op>
<gc-end id="1433" type="scavenge" contextid="1429" durationms="1.078" usertimems="0.000" systemtimems="0.000" timestamp="2019-07-02T19:17:34.177" activeThreads="4">
  <mem-info id="1434" free="8087352" total="14942208" percent="54">
    <mem type="nursery" free="5912888" total="8257536" percent="71">
      <mem type="allocate" free="5912888" total="7077888" percent="83" />
      <mem type="survivor" free="0" total="1179648" percent="0" />
    </mem>
    <mem type="tenure" free="2174464" total="6684672" percent="32">
      <mem type="soa" free="1944688" total="6350848" percent="30" />
      <mem type="loa" free="229776" total="333824" percent="68" />
    </mem>
    <remembered-set count="106" />
  </mem-info>
</gc-end>
<cycle-end id="1435" type="scavenge" contextid="1429" timestamp="2019-07-02T19:17:34.177">
  <attribute name="GC Util" value="3" />
  <attribute name="CPU Util" value="507186089841" />
  <attribute name="Time Running"value="3405"/>
  <attribute name="Number of cores"value="4"/>
</cycle-end>
<allocation-satisfied id="1436" threadId="0000000000A0EE00" bytesRequested="16" />
<af-end id="1437" timestamp="2019-07-02T19:17:34.178" threadId="0000000000A0F788" success="true" from="nursery"/>
<exclusive-end id="1438" timestamp="2019-07-02T19:17:34.178" durationms="1.506" />

<exclusive-start id="1439" timestamp="2019-07-02T19:17:34.222" intervalms="45.583">
  <response-info timems="0.047" idlems="0.047" threads="0" lastid="0000000000A0B200" lastname="Thread-3" />
</exclusive-start>
<af-start id="1440" threadId="0000000000A0BB88" totalBytesRequested="16392" timestamp="2019-07-02T19:17:34.222" intervalms="45.579" type="nursery" />
<cycle-start id="1441" type="scavenge" contextid="0" timestamp="2019-07-02T19:17:34.222" intervalms="45.573" />
  <attribute name="GC Util" value="3" />
  <attribute name="CPU Util" value="507186089841" />
  <attribute name="Time Running"value="3405"/>
  <attribute name="Number of cores"value="4"/>
<gc-start id="1442" type="scavenge" contextid="1441" timestamp="2019-07-02T19:17:34.222">
  <mem-info id="1443" free="2174464" total="14942208" percent="14">
    <mem type="nursery" free="0" total="8257536" percent="0">
      <mem type="allocate" free="0" total="7077888" percent="0" />
      <mem type="survivor" free="0" total="1179648" percent="0" />
    </mem>
    <mem type="tenure" free="2174464" total="6684672" percent="32">
      <mem type="soa" free="1944688" total="6350848" percent="30" />
      <mem type="loa" free="229776" total="333824" percent="68" />
    </mem>
    <remembered-set count="324" />
  </mem-info>
</gc-start>
<allocation-stats totalBytes="5811320" >
  <allocated-bytes non-tlh="16" tlh="5811304" />
  <largest-consumer threadName="Thread-4" threadId="0000000000A0EE00" bytes="2230168" />
</allocation-stats>
<gc-op id="1444" type="scavenge" timems="0.355" contextid="1441" timestamp="2019-07-02T19:17:34.222">
  <scavenger-info tenureage="2" tenuremask="7ffc" tiltratio="85" />
  <memory-copied type="nursery" objects="1667" bytes="701600" bytesdiscarded="334768" />
  <memory-copied type="tenure" objects="20" bytes="1048" bytesdiscarded="0" />
  <references type="phantom" candidates="2" cleared="0" enqueued="0" />
</gc-op>
<gc-end id="1445" type="scavenge" contextid="1441" durationms="0.538" usertimems="0.000" systemtimems="4.000" timestamp="2019-07-02T19:17:34.222" activeThreads="4">
  <mem-info id="1446" free="8215904" total="14942208" percent="54">
    <mem type="nursery" free="6041440" total="8257536" percent="73">
      <mem type="allocate" free="6041440" total="7077888" percent="85" />
      <mem type="survivor" free="0" total="1179648" percent="0" />
    </mem>
    <mem type="tenure" free="2174464" total="6684672" percent="32">
      <mem type="soa" free="1944688" total="6350848" percent="30" />
      <mem type="loa" free="229776" total="333824" percent="68" />
    </mem>
    <remembered-set count="97" />
  </mem-info>
</gc-end>
<cycle-end id="1447" type="scavenge" contextid="1441" timestamp="2019-07-02T19:17:34.222">
  <attribute name="GC Util" value="4" />
  <attribute name="CPU Util" value="404881570705" />
  <attribute name="Time Running"value="3451"/>
  <attribute name="Number of cores"value="4"/>
</cycle-end>
<allocation-satisfied id="1448" threadId="0000000000A0B200" bytesRequested="16392" />
<af-end id="1449" timestamp="2019-07-02T19:17:34.223" threadId="0000000000A0BB88" success="true" from="nursery"/>
<exclusive-end id="1450" timestamp="2019-07-02T19:17:34.223" durationms="0.939" />

<exclusive-start id="1451" timestamp="2019-07-02T19:17:34.266" intervalms="44.644">
  <response-info timems="0.042" idlems="0.042" threads="0" lastid="0000000000A12A00" lastname="Thread-5" />
</exclusive-start>
<af-start id="1452" threadId="0000000000A13388" totalBytesRequested="48" timestamp="2019-07-02T19:17:34.266" intervalms="44.648" type="nursery" />
<cycle-start id="1453" type="scavenge" contextid="0" timestamp="2019-07-02T19:17:34.266" intervalms="44.649" />
  <attribute name="GC Util" value="4" />
  <attribute name="CPU Util" value="404881570705" />
  <attribute name="Time Running"value="3451"/>
  <attribute name="Number of cores"value="4"/>
<gc-start id="1454" type="scavenge" contextid="1453" timestamp="2019-07-02T19:17:34.267">
  <mem-info id="1455" free="2174464" total="14942208" percent="14">
    <mem type="nursery" free="0" total="8257536" percent="0">
      <mem type="allocate" free="0" total="7077888" percent="0" />
      <mem type="survivor" free="0" total="1179648" percent="0" />
    </mem>
    <mem type="tenure" free="2174464" total="6684672" percent="32">
      <mem type="soa" free="1944688" total="6350848" percent="30" />
      <mem type="loa" free="229776" total="333824" percent="68" />
    </mem>
    <remembered-set count="292" />
  </mem-info>
</gc-start>
<allocation-stats totalBytes="6037984" >
  <allocated-bytes non-tlh="16392" tlh="6021592" />
  <largest-consumer threadName="Thread-5" threadId="0000000000A12A00" bytes="2070872" />
</allocation-stats>
<gc-op id="1456" type="scavenge" timems="0.684" contextid="1453" timestamp="2019-07-02T19:17:34.267">
  <scavenger-info tenureage="3" tenuremask="7ff8" tiltratio="85" />
  <memory-copied type="nursery" objects="2438" bytes="952704" bytesdiscarded="226880" />
  <memory-copied type="tenure" objects="258" bytes="76080" bytesdiscarded="64" />
  <copy-failed type="nursery" objects="258" bytes="76080" />
</gc-op>
<gc-end id="1457" type="scavenge" contextid="1453" durationms="0.863" usertimems="0.000" systemtimems="0.000" timestamp="2019-07-02T19:17:34.267" activeThreads="4">
  <mem-info id="1458" free="7672264" total="14942208" percent="51">
    <mem type="nursery" free="5570560" total="8257536" percent="67">
      <mem type="allocate" free="5570560" total="6750208" percent="82" />
      <mem type="survivor" free="0" total="1507328" percent="0" />
    </mem>
    <mem type="tenure" free="2101704" total="6684672" percent="31">
      <mem type="soa" free="1871928" total="6350848" percent="29" />
      <mem type="loa" free="229776" total="333824" percent="68" />
    </mem>
    <remembered-set count="116" />
  </mem-info>
</gc-end>
<cycle-end id="1459" type="scavenge" contextid="1453" timestamp="2019-07-02T19:17:34.267">
  <attribute name="GC Util" value="2" />
  <attribute name="CPU Util" value="413119230544" />
  <attribute name="Time Running"value="3495"/>
  <attribute name="Number of cores"value="4"/>
</cycle-end>
<allocation-satisfied id="1460" threadId="0000000000A12A00" bytesRequested="48" />
<af-end id="1461" timestamp="2019-07-02T19:17:34.268" threadId="0000000000A13388" success="true" from="nursery"/>
<exclusive-end id="1462" timestamp="2019-07-02T19:17:34.268" durationms="1.272" />

<exclusive-start id="1463" timestamp="2019-07-02T19:17:34.301" intervalms="34.976">
  <response-info timems="0.063" idlems="0.063" threads="0" lastid="0000000000A0B200" lastname="Thread-3" />
</exclusive-start>
<af-start id="1464" threadId="0000000000A0BB88" totalBytesRequested="32776" timestamp="2019-07-02T19:17:34.301" intervalms="34.977" type="nursery" />
<cycle-start id="1465" type="scavenge" contextid="0" timestamp="2019-07-02T19:17:34.301" intervalms="34.984" />
  <attribute name="GC Util" value="2" />
  <attribute name="CPU Util" value="413119230544" />
  <attribute name="Time Running"value="3495"/>
  <attribute name="Number of cores"value="4"/>
<gc-start id="1466" type="scavenge" contextid="1465" timestamp="2019-07-02T19:17:34.302">
  <mem-info id="1467" free="2101704" total="14942208" percent="14">
    <mem type="nursery" free="0" total="8257536" percent="0">
      <mem type="allocate" free="0" total="6750208" percent="0" />
      <mem type="survivor" free="0" total="1507328" percent="0" />
    </mem>
    <mem type="tenure" free="2101704" total="6684672" percent="31">
      <mem type="soa" free="1871928" total="6350848" percent="29" />
      <mem type="loa" free="229776" total="333824" percent="68" />
    </mem>
    <remembered-set count="326" />
  </mem-info>
</gc-start>
<allocation-stats totalBytes="5484496" >
  <allocated-bytes non-tlh="32824" tlh="5451672" />
  <largest-consumer threadName="Thread-4" threadId="0000000000A0EE00" bytes="2162096" />
</allocation-stats>
<gc-op id="1468" type="scavenge" timems="0.373" contextid="1465" timestamp="2019-07-02T19:17:34.302">
  <scavenger-info tenureage="3" tenuremask="7ff8" tiltratio="81" />
  <memory-copied type="nursery" objects="2064" bytes="919448" bytesdiscarded="224168" />
</gc-op>
<gc-end id="1469" type="scavenge" contextid="1465" durationms="0.588" usertimems="4.000" systemtimems="0.000" timestamp="2019-07-02T19:17:34.302" activeThreads="4">
  <mem-info id="1470" free="7773768" total="14942208" percent="52">
    <mem type="nursery" free="5672064" total="8257536" percent="68">
      <mem type="allocate" free="5672064" total="6815744" percent="83" />
      <mem type="survivor" free="0" total="1441792" percent="0" />
    </mem>
    <mem type="tenure" free="2101704" total="6684672" percent="31">
      <mem type="soa" free="1871928" total="6350848" percent="29" />
      <mem type="loa" free="229776" total="333824" percent="68" />
    </mem>
    <remembered-set count="113" />
  </mem-info>
</gc-end>
<cycle-end id="1471" type="scavenge" contextid="1465" timestamp="2019-07-02T19:17:34.302">
  <attribute name="GC Util" value="5" />
  <attribute name="CPU Util" value="526968752255" />
  <attribute name="Time Running"value="3530"/>
  <attribute name="Number of cores"value="4"/>
</cycle-end>
<allocation-satisfied id="1472" threadId="0000000000A0B200" bytesRequested="32776" />
<af-end id="1473" timestamp="2019-07-02T19:17:34.302" threadId="0000000000A0BB88" success="true" from="nursery"/>
<exclusive-end id="1474" timestamp="2019-07-02T19:17:34.302" durationms="1.035" />

<exclusive-start id="1475" timestamp="2019-07-02T19:17:34.352" intervalms="50.738">
  <response-info timems="0.040" idlems="0.040" threads="0" lastid="0000000000A0EE00" lastname="Thread-4" />
</exclusive-start>
<af-start id="1476" threadId="0000000000A0F788" totalBytesRequested="96" timestamp="2019-07-02T19:17:34.352" intervalms="50.730" type="nursery" />
<cycle-start id="1477" type="scavenge" contextid="0" timestamp="2019-07-02T19:17:34.352" intervalms="50.726" />
  <attribute name="GC Util" value="5" />
  <attribute name="CPU Util" value="526968752255" />
  <attribute name="Time Running"value="3530"/>
  <attribute name="Number of cores"value="4"/>
<gc-start id="1478" type="scavenge" contextid="1477" timestamp="2019-07-02T19:17:34.352">
  <mem-info id="1479" free="2101704" total="14942208" percent="14">
    <mem type="nursery" free="0" total="8257536" percent="0">
      <mem type="allocate" free="0" total="6815744" percent="0" />
      <mem type="survivor" free="0" total="1441792" percent="0" />
    </mem>
    <mem type="tenure" free="2101704" total="6684672" percent="31">
      <mem type="soa" free="1871928" total="6350848" percent="29" />
      <mem type="loa" free="229776" total="333824" percent="68" />
    </mem>
    <remembered-set count="307" />
  </mem-info>
</gc-start>
<allocation-stats totalBytes="5630152" >
  <allocated-bytes non-tlh="32776" tlh="5597376" />
  <largest-consumer threadName="Thread-4" threadId="0000000000A0EE00" bytes="2050712" />
</allocation-stats>
<gc-op id="1480" type="scavenge" timems="0.648" contextid="1477" timestamp="2019-07-02T19:17:34.353">
  <scavenger-info tenureage="3" tenuremask="7ff8" tiltratio="82" />
  <memory-copied type="nursery" objects="2168" bytes="871456" bytesdiscarded="151944" />
  <memory-copied type="tenure" objects="10" bytes="240" bytesdiscarded="0" />
</gc-op>
<gc-end id="1481" type="scavenge" contextid="1477" durationms="1.005" usertimems="0.000" systemtimems="4.000" timestamp="2019-07-02T19:17:34.353" activeThreads="4">
  <mem-info id="1482" free="7959528" total="14942208" percent="53">
    <mem type="nursery" free="5857824" total="8257536" percent="70">
      <mem type="allocate" free="5857824" total="6881280" percent="85" />
      <mem type="survivor" free="0" total="1376256" percent="0" />
    </mem>
    <mem type="tenure" free="2101704" total="6684672" percent="31">
      <mem type="soa" free="1871928" total="6350848" percent="29" />
      <mem type="loa" free="229776" total="333824" percent="68" />
    </mem>
    <remembered-set count="106" />
  </mem-info>
</gc-end>
<cycle-end id="1483" type="scavenge" contextid="1477" timestamp="2019-07-02T19:17:34.353">
  <attribute name="GC Util" value="2" />
  <attribute name="CPU Util" value="363760647823" />
  <attribute name="Time Running"value="3581"/>
  <attribute name="Number of cores"value="4"/>
</cycle-end>
<allocation-satisfied id="1484" threadId="0000000000A0EE00" bytesRequested="96" />
<af-end id="1485" timestamp="2019-07-02T19:17:34.353" threadId="0000000000A0F788" success="true" from="nursery"/>
<exclusive-end id="1486" timestamp="2019-07-02T19:17:34.353" durationms="1.423" />

<exclusive-start id="1487" timestamp="2019-07-02T19:17:34.392" intervalms="40.132">
  <response-info timems="0.041" idlems="0.041" threads="0" lastid="0000000000A0B200" lastname="Thread-3" />
</exclusive-start>
<af-start id="1488" threadId="0000000000A0BB88" totalBytesRequested="16392" timestamp="2019-07-02T19:17:34.392" intervalms="40.135" type="nursery" />
<cycle-start id="1489" type="scavenge" contextid="0" timestamp="2019-07-02T19:17:34.392" intervalms="40.132" />
  <attribute name="GC Util" value="2" />
  <attribute name="CPU Util" value="363760647823" />
  <attribute name="Time Running"value="3581"/>
  <attribute name="Number of cores"value="4"/>
<gc-start id="1490" type="scavenge" contextid="1489" timestamp="2019-07-02T19:17:34.392">
  <mem-info id="1491" free="2101704" total="14942208" percent="14">
    <mem type="nursery" free="0" total="8257536" percent="0">
      <mem type="allocate" free="0" total="6881280" percent="0" />
      <mem type="survivor" free="0" total="1376256" percent="0" />
    </mem>
    <mem type="tenure" free="2101704" total="6684672" percent="31">
      <mem type="soa" free="1871928" total="6350848" percent="29" />
      <mem type="loa" free="229776" total="333824" percent="68" />
    </mem>
    <remembered-set count="316" />
  </mem-info>
</gc-start>
<allocation-stats totalBytes="5830320" >
  <allocated-bytes non-tlh="96" tlh="5830224" />
  <largest-consumer threadName="Thread-4" threadId="0000000000A0EE00" bytes="2219296" />
</allocation-stats>
<gc-op id="1492" type="scavenge" timems="0.307" contextid="1489" timestamp="2019-07-02T19:17:34.393">
  <scavenger-info tenureage="3" tenuremask="7ff8" tiltratio="83" />
  <memory-copied type="nursery" objects="2086" bytes="872184" bytesdiscarded="136112" />
  <memory-copied type="tenure" objects="6" bytes="232" bytesdiscarded="696" />
</gc-op>
<gc-end id="1493" type="scavenge" contextid="1489" durationms="0.488" usertimems="0.000" systemtimems="0.000" timestamp="2019-07-02T19:17:34.393" activeThreads="4">
  <mem-info id="1494" free="8105696" total="14942208" percent="54">
    <mem type="nursery" free="6003992" total="8257536" percent="72">
      <mem type="allocate" free="6003992" total="7012352" percent="85" />
      <mem type="survivor" free="0" total="1245184" percent="0" />
    </mem>
    <mem type="tenure" free="2101704" total="6684672" percent="31">
      <mem type="soa" free="1871928" total="6350848" percent="29" />
      <mem type="loa" free="229776" total="333824" percent="68" />
    </mem>
    <remembered-set count="107" />
  </mem-info>
</gc-end>
<cycle-end id="1495" type="scavenge" contextid="1489" timestamp="2019-07-02T19:17:34.393">
  <attribute name="GC Util" value="4" />
  <attribute name="CPU Util" value="459767311154" />
  <attribute name="Time Running"value="3621"/>
  <attribute name="Number of cores"value="4"/>
</cycle-end>
<allocation-satisfied id="1496" threadId="0000000000A0B200" bytesRequested="16392" />
<af-end id="1497" timestamp="2019-07-02T19:17:34.393" threadId="0000000000A0BB88" success="true" from="nursery"/>
<exclusive-end id="1498" timestamp="2019-07-02T19:17:34.393" durationms="0.886" />

<exclusive-start id="1499" timestamp="2019-07-02T19:17:34.443" intervalms="50.398">
  <response-info timems="0.038" idlems="0.038" threads="0" lastid="0000000000A0EE00" lastname="Thread-4" />
</exclusive-start>
<af-start id="1500" threadId="0000000000A0F788" totalBytesRequested="16392" timestamp="2019-07-02T19:17:34.443" intervalms="50.403" type="nursery" />
<cycle-start id="1501" type="scavenge" contextid="0" timestamp="2019-07-02T19:17:34.443" intervalms="50.407" />
  <attribute name="GC Util" value="4" />
  <attribute name="CPU Util" value="459767311154" />
  <attribute name="Time Running"value="3621"/>
  <attribute name="Number of cores"value="4"/>
<gc-start id="1502" type="scavenge" contextid="1501" timestamp="2019-07-02T19:17:34.443">
  <mem-info id="1503" free="2101704" total="14942208" percent="14">
    <mem type="nursery" free="0" total="8257536" percent="0">
      <mem type="allocate" free="0" total="7012352" percent="0" />
      <mem type="survivor" free="0" total="1245184" percent="0" />
    </mem>
    <mem type="tenure" free="2101704" total="6684672" percent="31">
      <mem type="soa" free="1871928" total="6350848" percent="29" />
      <mem type="loa" free="229776" total="333824" percent="68" />
    </mem>
    <remembered-set count="323" />
  </mem-info>
</gc-start>
<allocation-stats totalBytes="5970848" >
  <allocated-bytes non-tlh="16392" tlh="5954456" />
  <largest-consumer threadName="Thread-5" threadId="0000000000A12A00" bytes="2319800" />
</allocation-stats>
<gc-op id="1504" type="scavenge" timems="1.665" contextid="1501" timestamp="2019-07-02T19:17:34.445">
  <scavenger-info tenureage="3" tenuremask="7ff8" tiltratio="84" />
  <memory-copied type="nursery" objects="1852" bytes="756064" bytesdiscarded="360840" />
  <memory-copied type="tenure" objects="9" bytes="328" bytesdiscarded="0" />
  <references type="weak" candidates="1" cleared="0" enqueued="0" />
  <references type="phantom" candidates="1" cleared="0" enqueued="0" />
</gc-op>
<gc-end id="1505" type="scavenge" contextid="1501" durationms="2.028" usertimems="0.000" systemtimems="4.000" timestamp="2019-07-02T19:17:34.445" activeThreads="4">
  <mem-info id="1506" free="7997096" total="14942208" percent="53">
    <mem type="nursery" free="5895392" total="8257536" percent="71">
      <mem type="allocate" free="5895392" total="7012352" percent="84" />
      <mem type="survivor" free="0" total="1245184" percent="0" />
    </mem>
    <mem type="tenure" free="2101704" total="6684672" percent="31">
      <mem type="soa" free="1871928" total="6350848" percent="29" />
      <mem type="loa" free="229776" total="333824" percent="68" />
    </mem>
    <remembered-set count="106" />
  </mem-info>
</gc-end>
<cycle-end id="1507" type="scavenge" contextid="1501" timestamp="2019-07-02T19:17:34.445">
  <attribute name="GC Util" value="1" />
  <attribute name="CPU Util" value="365796740155" />
  <attribute name="Time Running"value="3671"/>
  <attribute name="Number of cores"value="4"/>
</cycle-end>
<allocation-satisfied id="1508" threadId="0000000000A0EE00" bytesRequested="16392" />
<af-end id="1509" timestamp="2019-07-02T19:17:34.445" threadId="0000000000A0F788" success="true" from="nursery"/>
<exclusive-end id="1510" timestamp="2019-07-02T19:17:34.445" durationms="2.619" />

<exclusive-start id="1511" timestamp="2019-07-02T19:17:34.493" intervalms="50.766">
  <response-info timems="0.047" idlems="0.047" threads="0" lastid="0000000000A12A00" lastname="Thread-5" />
</exclusive-start>
<af-start id="1512" threadId="0000000000A13388" totalBytesRequested="8200" timestamp="2019-07-02T19:17:34.493" intervalms="50.778" type="nursery" />
<cycle-start id="1513" type="scavenge" contextid="0" timestamp="2019-07-02T19:17:34.494" intervalms="50.775" />
  <attribute name="GC Util" value="1" />
  <attribute name="CPU Util" value="365796740155" />
  <attribute name="Time Running"value="3671"/>
  <attribute name="Number of cores"value="4"/>
<gc-start id="1514" type="scavenge" contextid="1513" timestamp="2019-07-02T19:17:34.494">
  <mem-info id="1515" free="2101704" total="14942208" percent="14">
    <mem type="nursery" free="0" total="8257536" percent="0">
      <mem type="allocate" free="0" total="7012352" percent="0" />
      <mem type="survivor" free="0" total="1245184" percent="0" />
    </mem>
    <mem type="tenure" free="2101704" total="6684672" percent="31">
      <mem type="soa" free="1871928" total="6350848" percent="29" />
      <mem type="loa" free="229776" total="333824" percent="68" />
    </mem>
    <remembered-set count="320" />
  </mem-info>
</gc-start>
<allocation-stats totalBytes="5885856" >
  <allocated-bytes non-tlh="16392" tlh="5869464" />
  <largest-consumer threadName="Thread-4" threadId="0000000000A0EE00" bytes="2230576" />
</allocation-stats>
<gc-op id="1516" type="scavenge" timems="0.860" contextid="1513" timestamp="2019-07-02T19:17:34.495">
  <scavenger-info tenureage="3" tenuremask="7ff8" tiltratio="84" />
  <memory-copied type="nursery" objects="2201" bytes="851880" bytesdiscarded="240280" />
  <memory-copied type="tenure" objects="4" bytes="144" bytesdiscarded="0" />
  <references type="weak" candidates="1" cleared="0" enqueued="0" />
  <references type="phantom" candidates="1" cleared="0" enqueued="0" />
</gc-op>
<gc-end id="1517" type="scavenge" contextid="1513" durationms="1.038" usertimems="4.000" systemtimems="0.000" timestamp="2019-07-02T19:17:34.495" activeThreads="4">
  <mem-info id="1518" free="8087376" total="14942208" percent="54">
    <mem type="nursery" free="5985672" total="8257536" percent="72">
      <mem type="allocate" free="5985672" total="7077888" percent="84" />
      <mem type="survivor" free="0" total="1179648" percent="0" />
    </mem>
    <mem type="tenure" free="2101704" total="6684672" percent="31">
      <mem type="soa" free="1871928" total="6350848" percent="29" />
      <mem type="loa" free="229776" total="333824" percent="68" />
    </mem>
    <remembered-set count="104" />
  </mem-info>
</gc-end>
<cycle-end id="1519" type="scavenge" contextid="1513" timestamp="2019-07-02T19:17:34.495">
  <attribute name="GC Util" value="7" />
  <attribute name="CPU Util" value="363392040520" />
  <attribute name="Time Running"value="3722"/>
  <attribute name="Number of cores"value="4"/>
</cycle-end>
<allocation-satisfied id="1520" threadId="0000000000A12A00" bytesRequested="8200" />
<af-end id="1521" timestamp="2019-07-02T19:17:34.495" threadId="0000000000A13388" success="true" from="nursery"/>
<exclusive-end id="1522" timestamp="2019-07-02T19:17:34.495" durationms="1.465" />

<exclusive-start id="1523" timestamp="2019-07-02T19:17:34.540" intervalms="46.417">
  <response-info timems="0.047" idlems="0.047" threads="0" lastid="0000000000A0B200" lastname="Thread-3" />
</exclusive-start>
<af-start id="1524" threadId="0000000000A0BB88" totalBytesRequested="48" timestamp="2019-07-02T19:17:34.540" intervalms="46.405" type="nursery" />
<cycle-start id="1525" type="scavenge" contextid="0" timestamp="2019-07-02T19:17:34.540" intervalms="46.405" />
  <attribute name="GC Util" value="7" />
  <attribute name="CPU Util" value="363392040520" />
  <attribute name="Time Running"value="3722"/>
  <attribute name="Number of cores"value="4"/>
<gc-start id="1526" type="scavenge" contextid="1525" timestamp="2019-07-02T19:17:34.540">
  <mem-info id="1527" free="2101704" total="14942208" percent="14">
    <mem type="nursery" free="0" total="8257536" percent="0">
      <mem type="allocate" free="0" total="7077888" percent="0" />
      <mem type="survivor" free="0" total="1179648" percent="0" />
    </mem>
    <mem type="tenure" free="2101704" total="6684672" percent="31">
      <mem type="soa" free="1871928" total="6350848" percent="29" />
      <mem type="loa" free="229776" total="333824" percent="68" />
    </mem>
    <remembered-set count="325" />
  </mem-info>
</gc-start>
<allocation-stats totalBytes="5981384" >
  <allocated-bytes non-tlh="8200" tlh="5973184" />
  <largest-consumer threadName="Thread-5" threadId="0000000000A12A00" bytes="1973416" />
</allocation-stats>
<gc-op id="1528" type="scavenge" timems="0.400" contextid="1525" timestamp="2019-07-02T19:17:34.540">
  <scavenger-info tenureage="3" tenuremask="7ff8" tiltratio="85" />
  <memory-copied type="nursery" objects="2484" bytes="964784" bytesdiscarded="214800" />
  <memory-copied type="tenure" objects="54" bytes="53296" bytesdiscarded="56" />
  <copy-failed type="nursery" objects="54" bytes="53296" />
</gc-op>
<gc-end id="1529" type="scavenge" contextid="1525" durationms="0.598" usertimems="0.000" systemtimems="0.000" timestamp="2019-07-02T19:17:34.541" activeThreads="4">
  <mem-info id="1530" free="7813016" total="14942208" percent="52">
    <mem type="nursery" free="5767168" total="8257536" percent="69">
      <mem type="allocate" free="5767168" total="6946816" percent="83" />
      <mem type="survivor" free="0" total="1310720" percent="0" />
    </mem>
    <mem type="tenure" free="2045848" total="6684672" percent="30">
      <mem type="soa" free="1816072" total="6350848" percent="28" />
      <mem type="loa" free="229776" total="333824" percent="68" />
    </mem>
    <remembered-set count="110" />
  </mem-info>
</gc-end>
<cycle-end id="1531" type="scavenge" contextid="1525" timestamp="2019-07-02T19:17:34.541">
  <attribute name="GC Util" value="5" />
  <attribute name="CPU Util" value="397441696843" />
  <attribute name="Time Running"value="3769"/>
  <attribute name="Number of cores"value="4"/>
</cycle-end>
<allocation-satisfied id="1532" threadId="0000000000A0B200" bytesRequested="48" />
<af-end id="1533" timestamp="2019-07-02T19:17:34.541" threadId="0000000000A0BB88" success="true" from="nursery"/>
<exclusive-end id="1534" timestamp="2019-07-02T19:17:34.541" durationms="1.146" />

<exclusive-start id="1535" timestamp="2019-07-02T19:17:34.590" intervalms="50.679">
  <response-info timems="0.038" idlems="0.038" threads="0" lastid="0000000000A0EE00" lastname="Thread-4" />
</exclusive-start>
<af-start id="1536" threadId="0000000000A0F788" totalBytesRequested="2056" timestamp="2019-07-02T19:17:34.591" intervalms="50.683" type="nursery" />
<cycle-start id="1537" type="scavenge" contextid="0" timestamp="2019-07-02T19:17:34.591" intervalms="50.687" />
  <attribute name="GC Util" value="5" />
  <attribute name="CPU Util" value="397441696843" />
  <attribute name="Time Running"value="3769"/>
  <attribute name="Number of cores"value="4"/>
<gc-start id="1538" type="scavenge" contextid="1537" timestamp="2019-07-02T19:17:34.591">
  <mem-info id="1539" free="2045848" total="14942208" percent="13">
    <mem type="nursery" free="0" total="8257536" percent="0">
      <mem type="allocate" free="0" total="6946816" percent="0" />
      <mem type="survivor" free="0" total="1310720" percent="0" />
    </mem>
    <mem type="tenure" free="2045848" total="6684672" percent="30">
      <mem type="soa" free="1816072" total="6350848" percent="28" />
      <mem type="loa" free="229776" total="333824" percent="68" />
    </mem>
    <remembered-set count="327" />
  </mem-info>
</gc-start>
<allocation-stats totalBytes="5713128" >
  <allocated-bytes non-tlh="48" tlh="5713080" />
  <largest-consumer threadName="Thread-4" threadId="0000000000A0EE00" bytes="2137480" />
</allocation-stats>
<gc-op id="1540" type="scavenge" timems="0.881" contextid="1537" timestamp="2019-07-02T19:17:34.592">
  <scavenger-info tenureage="3" tenuremask="7ff8" tiltratio="84" />
  <memory-copied type="nursery" objects="2493" bytes="1010888" bytesdiscarded="218536" />
  <memory-copied type="tenure" objects="7" bytes="440" bytesdiscarded="0" />
  <references type="phantom" candidates="1" cleared="0" enqueued="0" />
</gc-op>
<gc-end id="1541" type="scavenge" contextid="1537" durationms="1.245" usertimems="4.000" systemtimems="0.000" timestamp="2019-07-02T19:17:34.592" activeThreads="4">
  <mem-info id="1542" free="7828704" total="14942208" percent="52">
    <mem type="nursery" free="5782856" total="8257536" percent="70">
      <mem type="allocate" free="5782856" total="7012352" percent="82" />
      <mem type="survivor" free="0" total="1245184" percent="0" />
    </mem>
    <mem type="tenure" free="2045848" total="6684672" percent="30">
      <mem type="soa" free="1816072" total="6350848" percent="28" />
      <mem type="loa" free="229776" total="333824" percent="68" />
    </mem>
    <remembered-set count="107" />
  </mem-info>
</gc-end>
<cycle-end id="1543" type="scavenge" contextid="1537" timestamp="2019-07-02T19:17:34.592">
  <attribute name="GC Util" value="2" />
  <attribute name="CPU Util" value="363941695710" />
  <attribute name="Time Running"value="3819"/>
  <attribute name="Number of cores"value="4"/>
</cycle-end>
<allocation-satisfied id="1544" threadId="0000000000A0EE00" bytesRequested="2056" />
<af-end id="1545" timestamp="2019-07-02T19:17:34.592" threadId="0000000000A0F788" success="true" from="nursery"/>
<exclusive-end id="1546" timestamp="2019-07-02T19:17:34.592" durationms="1.801" />

<exclusive-start id="1547" timestamp="2019-07-02T19:17:34.633" intervalms="42.316">
  <response-info timems="0.037" idlems="0.037" threads="0" lastid="0000000000A12A00" lastname="Thread-5" />
</exclusive-start>
<af-start id="1548" threadId="0000000000A13388" totalBytesRequested="16392" timestamp="2019-07-02T19:17:34.633" intervalms="42.306" type="nursery" />
<cycle-start id="1549" type="scavenge" contextid="0" timestamp="2019-07-02T19:17:34.633" intervalms="42.300" />
  <attribute name="GC Util" value="2" />
  <attribute name="CPU Util" value="363941695710" />
  <attribute name="Time Running"value="3819"/>
  <attribute name="Number of cores"value="4"/>
<gc-start id="1550" type="scavenge" contextid="1549" timestamp="2019-07-02T19:17:34.633">
  <mem-info id="1551" free="2045848" total="14942208" percent="13">
    <mem type="nursery" free="0" total="8257536" percent="0">
      <mem type="allocate" free="0" total="7012352" percent="0" />
      <mem type="survivor" free="0" total="1245184" percent="0" />
    </mem>
    <mem type="tenure" free="2045848" total="6684672" percent="30">
      <mem type="soa" free="1816072" total="6350848" percent="28" />
      <mem type="loa" free="229776" total="333824" percent="68" />
    </mem>
    <remembered-set count="287" />
  </mem-info>
</gc-start>
<allocation-stats totalBytes="5766224" >
  <allocated-bytes non-tlh="2056" tlh="5764168" />
  <largest-consumer threadName="Thread-3" threadId="0000000000A0B200" bytes="2038616" />
</allocation-stats>
<gc-op id="1552" type="scavenge" timems="0.651" contextid="1549" timestamp="2019-07-02T19:17:34.634">
  <scavenger-info tenureage="3" tenuremask="7ff8" tiltratio="84" />
  <memory-copied type="nursery" objects="2067" bytes="876656" bytesdiscarded="202984" />
  <memory-copied type="tenure" objects="1" bytes="104" bytesdiscarded="0" />
</gc-op>
<gc-end id="1553" type="scavenge" contextid="1549" durationms="0.824" usertimems="0.000" systemtimems="0.000" timestamp="2019-07-02T19:17:34.634" activeThreads="4">
  <mem-info id="1554" free="7978488" total="14942208" percent="53">
    <mem type="nursery" free="5932640" total="8257536" percent="71">
      <mem type="allocate" free="5932640" total="7012352" percent="84" />
      <mem type="survivor" free="0" total="1245184" percent="0" />
    </mem>
    <mem type="tenure" free="2045848" total="6684672" percent="30">
      <mem type="soa" free="1816072" total="6350848" percent="28" />
      <mem type="loa" free="229776" total="333824" percent="68" />
    </mem>
    <remembered-set count="107" />
  </mem-info>
</gc-end>
<cycle-end id="1555" type="scavenge" contextid="1549" timestamp="2019-07-02T19:17:34.634">
  <attribute name="GC Util" value="5" />
  <attribute name="CPU Util" value="436260958179" />
  <attribute name="Time Running"value="3862"/>
  <attribute name="Number of cores"value="4"/>
</cycle-end>
<allocation-satisfied id="1556" threadId="0000000000A12A00" bytesRequested="16392" />
<af-end id="1557" timestamp="2019-07-02T19:17:34.634" threadId="0000000000A13388" success="true" from="nursery"/>
<exclusive-end id="1558" timestamp="2019-07-02T19:17:34.634" durationms="1.233" />

<exclusive-start id="1559" timestamp="2019-07-02T19:17:34.672" intervalms="39.192">
  <response-info timems="0.037" idlems="0.037" threads="0" lastid="0000000000A0B200" lastname="Thread-3" />
</exclusive-start>
<af-start id="1560" threadId="0000000000A0BB88" totalBytesRequested="40" timestamp="2019-07-02T19:17:34.672" intervalms="39.200" type="nursery" />
<cycle-start id="1561" type="scavenge" contextid="0" timestamp="2019-07-02T19:17:34.672" intervalms="39.203" />
  <attribute name="GC Util" value="5" />
  <attribute name="CPU Util" value="436260958179" />
  <attribute name="Time Running"value="3862"/>
  <attribute name="Number of cores"value="4"/>
<gc-start id="1562" type="scavenge" contextid="1561" timestamp="2019-07-02T19:17:34.672">
  <mem-info id="1563" free="2045848" total="14942208" percent="13">
    <mem type="nursery" free="0" total="8257536" percent="0">
      <mem type="allocate" free="0" total="7012352" percent="0" />
      <mem type="survivor" free="0" total="1245184" percent="0" />
    </mem>
    <mem type="tenure" free="2045848" total="6684672" percent="30">
      <mem type="soa" free="1816072" total="6350848" percent="28" />
      <mem type="loa" free="229776" total="333824" percent="68" />
    </mem>
    <remembered-set count="320" />
  </mem-info>
</gc-start>
<allocation-stats totalBytes="5900144" >
  <allocated-bytes non-tlh="81944" tlh="5818200" />
  <largest-consumer threadName="Thread-5" threadId="0000000000A12A00" bytes="2099840" />
</allocation-stats>
<gc-op id="1564" type="scavenge" timems="0.401" contextid="1561" timestamp="2019-07-02T19:17:34.673">
  <scavenger-info tenureage="3" tenuremask="7ff8" tiltratio="84" />
  <memory-copied type="nursery" objects="2409" bytes="1004752" bytesdiscarded="240360" />
  <references type="phantom" candidates="1" cleared="0" enqueued="0" />
</gc-op>
<gc-end id="1565" type="scavenge" contextid="1561" durationms="0.578" usertimems="0.000" systemtimems="0.000" timestamp="2019-07-02T19:17:34.673" activeThreads="4">
  <mem-info id="1566" free="7813016" total="14942208" percent="52">
    <mem type="nursery" free="5767168" total="8257536" percent="69">
      <mem type="allocate" free="5767168" total="7012352" percent="82" />
      <mem type="survivor" free="0" total="1245184" percent="0" />
    </mem>
    <mem type="tenure" free="2045848" total="6684672" percent="30">
      <mem type="soa" free="1816072" total="6350848" percent="28" />
      <mem type="loa" free="229776" total="333824" percent="68" />
    </mem>
    <remembered-set count="113" />
  </mem-info>
</gc-end>
<cycle-end id="1567" type="scavenge" contextid="1561" timestamp="2019-07-02T19:17:34.673">
  <attribute name="GC Util" value="4" />
  <attribute name="CPU Util" value="470431563513" />
  <attribute name="Time Running"value="3901"/>
  <attribute name="Number of cores"value="4"/>
</cycle-end>
<allocation-satisfied id="1568" threadId="0000000000A0B200" bytesRequested="40" />
<af-end id="1569" timestamp="2019-07-02T19:17:34.673" threadId="0000000000A0BB88" success="true" from="nursery"/>
<exclusive-end id="1570" timestamp="2019-07-02T19:17:34.673" durationms="0.987" />

<exclusive-start id="1571" timestamp="2019-07-02T19:17:34.728" intervalms="56.443">
  <response-info timems="0.025" idlems="0.025" threads="0" lastid="0000000000A16500" lastname="Thread-6" />
</exclusive-start>
<af-start id="1572" threadId="0000000000A16E88" totalBytesRequested="32776" timestamp="2019-07-02T19:17:34.728" intervalms="56.461" type="nursery" />
<cycle-start id="1573" type="scavenge" contextid="0" timestamp="2019-07-02T19:17:34.729" intervalms="56.465" />
  <attribute name="GC Util" value="4" />
  <attribute name="CPU Util" value="470431563513" />
  <attribute name="Time Running"value="3901"/>
  <attribute name="Number of cores"value="4"/>
<gc-start id="1574" type="scavenge" contextid="1573" timestamp="2019-07-02T19:17:34.729">
  <mem-info id="1575" free="2045848" total="14942208" percent="13">
    <mem type="nursery" free="0" total="8257536" percent="0">
      <mem type="allocate" free="0" total="7012352" percent="0" />
      <mem type="survivor" free="0" total="1245184" percent="0" />
    </mem>
    <mem type="tenure" free="2045848" total="6684672" percent="30">
      <mem type="soa" free="1816072" total="6350848" percent="28" />
      <mem type="loa" free="229776" total="333824" percent="68" />
    </mem>
    <remembered-set count="309" />
  </mem-info>
</gc-start>
<allocation-stats totalBytes="5684744" >
  <allocated-bytes non-tlh="40" tlh="5684704" />
  <largest-consumer threadName="Thread-4" threadId="0000000000A0EE00" bytes="2052600" />
</allocation-stats>
<gc-op id="1576" type="scavenge" timems="0.700" contextid="1573" timestamp="2019-07-02T19:17:34.729">
  <scavenger-info tenureage="3" tenuremask="7ff8" tiltratio="84" />
  <memory-copied type="nursery" objects="2550" bytes="1031840" bytesdiscarded="213272" />
  <memory-copied type="tenure" objects="19" bytes="648" bytesdiscarded="0" />
  <copy-failed type="nursery" objects="15" bytes="504" />
</gc-op>
<gc-end id="1577" type="scavenge" contextid="1573" durationms="1.047" usertimems="4.000" systemtimems="0.000" timestamp="2019-07-02T19:17:34.730" activeThreads="4">
  <mem-info id="1578" free="7878552" total="14942208" percent="52">
    <mem type="nursery" free="5832704" total="8257536" percent="70">
      <mem type="allocate" free="5832704" total="7077888" percent="82" />
      <mem type="survivor" free="0" total="1179648" percent="0" />
    </mem>
    <mem type="tenure" free="2045848" total="6684672" percent="30">
      <mem type="soa" free="1816072" total="6350848" percent="28" />
      <mem type="loa" free="229776" total="333824" percent="68" />
    </mem>
    <remembered-set count="96" />
  </mem-info>
</gc-end>
<cycle-end id="1579" type="scavenge" contextid="1573" timestamp="2019-07-02T19:17:34.730">
  <attribute name="GC Util" value="1" />
  <attribute name="CPU Util" value="326692125793" />
  <attribute name="Time Running"value="3957"/>
  <attribute name="Number of cores"value="4"/>
</cycle-end>
<allocation-satisfied id="1580" threadId="0000000000A16500" bytesRequested="32776" />
<af-end id="1581" timestamp="2019-07-02T19:17:34.730" threadId="0000000000A16E88" success="true" from="nursery"/>
<exclusive-end id="1582" timestamp="2019-07-02T19:17:34.730" durationms="1.613" />

<exclusive-start id="1583" timestamp="2019-07-02T19:17:34.770" intervalms="41.979">
  <response-info timems="0.035" idlems="0.035" threads="0" lastid="0000000000A12A00" lastname="Thread-5" />
</exclusive-start>
<af-start id="1584" threadId="0000000000A13388" totalBytesRequested="32776" timestamp="2019-07-02T19:17:34.770" intervalms="41.953" type="nursery" />
<cycle-start id="1585" type="scavenge" contextid="0" timestamp="2019-07-02T19:17:34.771" intervalms="41.947" />
  <attribute name="GC Util" value="1" />
  <attribute name="CPU Util" value="326692125793" />
  <attribute name="Time Running"value="3957"/>
  <attribute name="Number of cores"value="4"/>
<gc-start id="1586" type="scavenge" contextid="1585" timestamp="2019-07-02T19:17:34.771">
  <mem-info id="1587" free="2045848" total="14942208" percent="13">
    <mem type="nursery" free="0" total="8257536" percent="0">
      <mem type="allocate" free="0" total="7077888" percent="0" />
      <mem type="survivor" free="0" total="1179648" percent="0" />
    </mem>
    <mem type="tenure" free="2045848" total="6684672" percent="30">
      <mem type="soa" free="1816072" total="6350848" percent="28" />
      <mem type="loa" free="229776" total="333824" percent="68" />
    </mem>
    <remembered-set count="312" />
  </mem-info>
</gc-start>
<allocation-stats totalBytes="5813688" >
  <allocated-bytes non-tlh="32776" tlh="5780912" />
  <largest-consumer threadName="Thread-5" threadId="0000000000A12A00" bytes="2455816" />
</allocation-stats>
<gc-op id="1588" type="scavenge" timems="1.558" contextid="1585" timestamp="2019-07-02T19:17:34.772">
  <scavenger-info tenureage="3" tenuremask="7ff8" tiltratio="85" />
  <memory-copied type="nursery" objects="2045" bytes="909328" bytesdiscarded="270256" />
</gc-op>
<gc-end id="1589" type="scavenge" contextid="1585" durationms="1.813" usertimems="0.000" systemtimems="0.000" timestamp="2019-07-02T19:17:34.772" activeThreads="4">
  <mem-info id="1590" free="7944088" total="14942208" percent="53">
    <mem type="nursery" free="5898240" total="8257536" percent="71">
      <mem type="allocate" free="5898240" total="7077888" percent="83" />
      <mem type="survivor" free="0" total="1179648" percent="0" />
    </mem>
    <mem type="tenure" free="2045848" total="6684672" percent="30">
      <mem type="soa" free="1816072" total="6350848" percent="28" />
      <mem type="loa" free="229776" total="333824" percent="68" />
    </mem>
    <remembered-set count="102" />
  </mem-info>
</gc-end>
<cycle-end id="1591" type="scavenge" contextid="1585" timestamp="2019-07-02T19:17:34.772">
  <attribute name="GC Util" value="4" />
  <attribute name="CPU Util" value="439864186376" />
  <attribute name="Time Running"value="3999"/>
  <attribute name="Number of cores"value="4"/>
</cycle-end>
<allocation-satisfied id="1592" threadId="0000000000A12A00" bytesRequested="32776" />
<af-end id="1593" timestamp="2019-07-02T19:17:34.773" threadId="0000000000A13388" success="true" from="nursery"/>
<exclusive-end id="1594" timestamp="2019-07-02T19:17:34.773" durationms="2.356" />

<exclusive-start id="1595" timestamp="2019-07-02T19:17:34.816" intervalms="45.888">
  <response-info timems="0.049" idlems="0.049" threads="0" lastid="0000000000A12A00" lastname="Thread-5" />
</exclusive-start>
<af-start id="1596" threadId="0000000000A13388" totalBytesRequested="32776" timestamp="2019-07-02T19:17:34.816" intervalms="45.890" type="nursery" />
<cycle-start id="1597" type="scavenge" contextid="0" timestamp="2019-07-02T19:17:34.816" intervalms="45.891" />
  <attribute name="GC Util" value="4" />
  <attribute name="CPU Util" value="439864186376" />
  <attribute name="Time Running"value="3999"/>
  <attribute name="Number of cores"value="4"/>
<gc-start id="1598" type="scavenge" contextid="1597" timestamp="2019-07-02T19:17:34.816">
  <mem-info id="1599" free="2045848" total="14942208" percent="13">
    <mem type="nursery" free="0" total="8257536" percent="0">
      <mem type="allocate" free="0" total="7077888" percent="0" />
      <mem type="survivor" free="0" total="1179648" percent="0" />
    </mem>
    <mem type="tenure" free="2045848" total="6684672" percent="30">
      <mem type="soa" free="1816072" total="6350848" percent="28" />
      <mem type="loa" free="229776" total="333824" percent="68" />
    </mem>
    <remembered-set count="313" />
  </mem-info>
</gc-start>
<allocation-stats totalBytes="5835984" >
  <allocated-bytes non-tlh="32776" tlh="5803208" />
  <largest-consumer threadName="Thread-4" threadId="0000000000A0EE00" bytes="2033736" />
</allocation-stats>
<gc-op id="1600" type="scavenge" timems="0.671" contextid="1597" timestamp="2019-07-02T19:17:34.817">
  <scavenger-info tenureage="3" tenuremask="7ff8" tiltratio="85" />
  <memory-copied type="nursery" objects="1631" bytes="834888" bytesdiscarded="255392" />
</gc-op>
<gc-end id="1601" type="scavenge" contextid="1597" durationms="0.878" usertimems="0.000" systemtimems="0.000" timestamp="2019-07-02T19:17:34.817" activeThreads="4">
  <mem-info id="1602" free="8098920" total="14942208" percent="54">
    <mem type="nursery" free="6053072" total="8257536" percent="73">
      <mem type="allocate" free="6053072" total="7143424" percent="84" />
      <mem type="survivor" free="0" total="1114112" percent="0" />
    </mem>
    <mem type="tenure" free="2045848" total="6684672" percent="30">
      <mem type="soa" free="1816072" total="6350848" percent="28" />
      <mem type="loa" free="229776" total="333824" percent="68" />
    </mem>
    <remembered-set count="101" />
  </mem-info>
</gc-end>
<cycle-end id="1603" type="scavenge" contextid="1597" timestamp="2019-07-02T19:17:34.817">
  <attribute name="GC Util" value="8" />
  <attribute name="CPU Util" value="401866113232" />
  <attribute name="Time Running"value="4045"/>
  <attribute name="Number of cores"value="4"/>
</cycle-end>
<allocation-satisfied id="1604" threadId="0000000000A12A00" bytesRequested="32776" />
<af-end id="1605" timestamp="2019-07-02T19:17:34.818" threadId="0000000000A13388" success="true" from="nursery"/>
<exclusive-end id="1606" timestamp="2019-07-02T19:17:34.818" durationms="1.294" />

<exclusive-start id="1607" timestamp="2019-07-02T19:17:34.864" intervalms="47.825">
  <response-info timems="0.038" idlems="0.038" threads="0" lastid="0000000000A0EE00" lastname="Thread-4" />
</exclusive-start>
<af-start id="1608" threadId="0000000000A0F788" totalBytesRequested="392" timestamp="2019-07-02T19:17:34.864" intervalms="47.825" type="nursery" />
<cycle-start id="1609" type="scavenge" contextid="0" timestamp="2019-07-02T19:17:34.864" intervalms="47.828" />
  <attribute name="GC Util" value="8" />
  <attribute name="CPU Util" value="401866113232" />
  <attribute name="Time Running"value="4045"/>
  <attribute name="Number of cores"value="4"/>
<gc-start id="1610" type="scavenge" contextid="1609" timestamp="2019-07-02T19:17:34.864">
  <mem-info id="1611" free="2045848" total="14942208" percent="13">
    <mem type="nursery" free="0" total="8257536" percent="0">
      <mem type="allocate" free="0" total="7143424" percent="0" />
      <mem type="survivor" free="0" total="1114112" percent="0" />
    </mem>
    <mem type="tenure" free="2045848" total="6684672" percent="30">
      <mem type="soa" free="1816072" total="6350848" percent="28" />
      <mem type="loa" free="229776" total="333824" percent="68" />
    </mem>
    <remembered-set count="315" />
  </mem-info>
</gc-start>
<allocation-stats totalBytes="6048264" >
  <allocated-bytes non-tlh="32776" tlh="6015488" />
  <largest-consumer threadName="Thread-5" threadId="0000000000A12A00" bytes="1857640" />
</allocation-stats>
<gc-op id="1612" type="scavenge" timems="0.687" contextid="1609" timestamp="2019-07-02T19:17:34.865">
  <scavenger-info tenureage="3" tenuremask="7ff8" tiltratio="86" />
  <memory-copied type="nursery" objects="2620" bytes="941200" bytesdiscarded="172848" />
  <memory-copied type="tenure" objects="9" bytes="16728" bytesdiscarded="0" />
  <copy-failed type="nursery" objects="2" bytes="16528" />
</gc-op>
<gc-end id="1613" type="scavenge" contextid="1609" durationms="1.047" usertimems="0.000" systemtimems="4.000" timestamp="2019-07-02T19:17:34.865" activeThreads="4">
  <mem-info id="1614" free="7991400" total="14942208" percent="53">
    <mem type="nursery" free="5963776" total="8257536" percent="72">
      <mem type="allocate" free="5963776" total="7077888" percent="84" />
      <mem type="survivor" free="0" total="1179648" percent="0" />
    </mem>
    <mem type="tenure" free="2027624" total="6684672" percent="30">
      <mem type="soa" free="1797848" total="6350848" percent="28" />
      <mem type="loa" free="229776" total="333824" percent="68" />
    </mem>
    <remembered-set count="103" />
  </mem-info>
</gc-end>
<cycle-end id="1615" type="scavenge" contextid="1609" timestamp="2019-07-02T19:17:34.865">
  <attribute name="GC Util" value="3" />
  <attribute name="CPU Util" value="385648227369" />
  <attribute name="Time Running"value="4093"/>
  <attribute name="Number of cores"value="4"/>
</cycle-end>
<allocation-satisfied id="1616" threadId="0000000000A0EE00" bytesRequested="392" />
<af-end id="1617" timestamp="2019-07-02T19:17:34.866" threadId="0000000000A0F788" success="true" from="nursery"/>
<exclusive-end id="1618" timestamp="2019-07-02T19:17:34.866" durationms="1.552" />

<exclusive-start id="1619" timestamp="2019-07-02T19:17:34.908" intervalms="44.061">
  <response-info timems="0.030" idlems="0.030" threads="0" lastid="0000000000A0EE00" lastname="Thread-4" />
</exclusive-start>
<af-start id="1620" threadId="0000000000A0F788" totalBytesRequested="8200" timestamp="2019-07-02T19:17:34.908" intervalms="44.062" type="nursery" />
<cycle-start id="1621" type="scavenge" contextid="0" timestamp="2019-07-02T19:17:34.908" intervalms="44.058" />
  <attribute name="GC Util" value="3" />
  <attribute name="CPU Util" value="385648227369" />
  <attribute name="Time Running"value="4093"/>
  <attribute name="Number of cores"value="4"/>
<gc-start id="1622" type="scavenge" contextid="1621" timestamp="2019-07-02T19:17:34.908">
  <mem-info id="1623" free="2027624" total="14942208" percent="13">
    <mem type="nursery" free="0" total="8257536" percent="0">
      <mem type="allocate" free="0" total="7077888" percent="0" />
      <mem type="survivor" free="0" total="1179648" percent="0" />
    </mem>
    <mem type="tenure" free="2027624" total="6684672" percent="30">
      <mem type="soa" free="1797848" total="6350848" percent="28" />
      <mem type="loa" free="229776" total="333824" percent="68" />
    </mem>
    <remembered-set count="316" />
  </mem-info>
</gc-start>
<allocation-stats totalBytes="5874704" >
  <allocated-bytes non-tlh="392" tlh="5874312" />
  <largest-consumer threadName="Thread-5" threadId="0000000000A12A00" bytes="2468776" />
</allocation-stats>
<gc-op id="1624" type="scavenge" timems="0.891" contextid="1621" timestamp="2019-07-02T19:17:34.909">
  <scavenger-info tenureage="3" tenuremask="7ff8" tiltratio="85" />
  <memory-copied type="nursery" objects="2425" bytes="1010488" bytesdiscarded="169096" />
  <memory-copied type="tenure" objects="21" bytes="3024" bytesdiscarded="0" />
  <copy-failed type="nursery" objects="21" bytes="3032" />
  <references type="phantom" candidates="2" cleared="0" enqueued="0" />
</gc-op>
<gc-end id="1625" type="scavenge" contextid="1621" durationms="1.245" usertimems="4.000" systemtimems="0.000" timestamp="2019-07-02T19:17:34.910" activeThreads="4">
  <mem-info id="1626" free="7912288" total="14942208" percent="52">
    <mem type="nursery" free="5898240" total="8257536" percent="71">
      <mem type="allocate" free="5898240" total="7077888" percent="83" />
      <mem type="survivor" free="0" total="1179648" percent="0" />
    </mem>
    <mem type="tenure" free="2014048" total="6684672" percent="30">
      <mem type="soa" free="1784272" total="6350848" percent="28" />
      <mem type="loa" free="229776" total="333824" percent="68" />
    </mem>
    <remembered-set count="100" />
  </mem-info>
</gc-end>
<cycle-end id="1627" type="scavenge" contextid="1621" timestamp="2019-07-02T19:17:34.910">
  <attribute name="GC Util" value="4" />
  <attribute name="CPU Util" value="418743594112" />
  <attribute name="Time Running"value="4137"/>
  <attribute name="Number of cores"value="4"/>
</cycle-end>
<allocation-satisfied id="1628" threadId="0000000000A0EE00" bytesRequested="8200" />
<af-end id="1629" timestamp="2019-07-02T19:17:34.910" threadId="0000000000A0F788" success="true" from="nursery"/>
<exclusive-end id="1630" timestamp="2019-07-02T19:17:34.910" durationms="1.672" />

<exclusive-start id="1631" timestamp="2019-07-02T19:17:34.958" intervalms="49.885">
  <response-info timems="0.029" idlems="0.029" threads="0" lastid="0000000000A12A00" lastname="Thread-5" />
</exclusive-start>
<af-start id="1632" threadId="0000000000A13388" totalBytesRequested="8200" timestamp="2019-07-02T19:17:34.958" intervalms="49.882" type="nursery" />
<cycle-start id="1633" type="scavenge" contextid="0" timestamp="2019-07-02T19:17:34.958" intervalms="49.883" />
  <attribute name="GC Util" value="4" />
  <attribute name="CPU Util" value="418743594112" />
  <attribute name="Time Running"value="4137"/>
  <attribute name="Number of cores"value="4"/>
<gc-start id="1634" type="scavenge" contextid="1633" timestamp="2019-07-02T19:17:34.958">
  <mem-info id="1635" free="2014048" total="14942208" percent="13">
    <mem type="nursery" free="0" total="8257536" percent="0">
      <mem type="allocate" free="0" total="7077888" percent="0" />
      <mem type="survivor" free="0" total="1179648" percent="0" />
    </mem>
    <mem type="tenure" free="2014048" total="6684672" percent="30">
      <mem type="soa" free="1784272" total="6350848" percent="28" />
      <mem type="loa" free="229776" total="333824" percent="68" />
    </mem>
    <remembered-set count="318" />
  </mem-info>
</gc-start>
<allocation-stats totalBytes="5882976" >
  <allocated-bytes non-tlh="8200" tlh="5874776" />
  <largest-consumer threadName="Thread-4" threadId="0000000000A0EE00" bytes="1998176" />
</allocation-stats>
<gc-op id="1636" type="scavenge" timems="0.904" contextid="1633" timestamp="2019-07-02T19:17:34.959">
  <scavenger-info tenureage="3" tenuremask="7ff8" tiltratio="85" />
  <memory-copied type="nursery" objects="2182" bytes="860192" bytesdiscarded="310624" />
  <references type="weak" candidates="1" cleared="0" enqueued="0" />
  <references type="phantom" candidates="1" cleared="0" enqueued="0" />
</gc-op>
<gc-end id="1637" type="scavenge" contextid="1633" durationms="1.083" usertimems="4.000" systemtimems="0.000" timestamp="2019-07-02T19:17:34.959" activeThreads="4">
  <mem-info id="1638" free="7921056" total="14942208" percent="53">
    <mem type="nursery" free="5907008" total="8257536" percent="71">
      <mem type="allocate" free="5907008" total="7077888" percent="83" />
      <mem type="survivor" free="0" total="1179648" percent="0" />
    </mem>
    <mem type="tenure" free="2014048" total="6684672" percent="30">
      <mem type="soa" free="1784272" total="6350848" percent="28" />
      <mem type="loa" free="229776" total="333824" percent="68" />
    </mem>
    <remembered-set count="102" />
  </mem-info>
</gc-end>
<cycle-end id="1639" type="scavenge" contextid="1633" timestamp="2019-07-02T19:17:34.959">
  <attribute name="GC Util" value="4" />
  <attribute name="CPU Util" value="369851128049" />
  <attribute name="Time Running"value="4187"/>
  <attribute name="Number of cores"value="4"/>
</cycle-end>
<allocation-satisfied id="1640" threadId="0000000000A12A00" bytesRequested="8200" />
<af-end id="1641" timestamp="2019-07-02T19:17:34.959" threadId="0000000000A13388" success="true" from="nursery"/>
<exclusive-end id="1642" timestamp="2019-07-02T19:17:34.960" durationms="1.494" />

<exclusive-start id="1643" timestamp="2019-07-02T19:17:35.004" intervalms="46.392">
  <response-info timems="0.032" idlems="0.032" threads="0" lastid="0000000000A0EE00" lastname="Thread-4" />
</exclusive-start>
<af-start id="1644" threadId="0000000000A0F788" totalBytesRequested="16" timestamp="2019-07-02T19:17:35.004" intervalms="46.390" type="nursery" />
<cycle-start id="1645" type="scavenge" contextid="0" timestamp="2019-07-02T19:17:35.005" intervalms="46.391" />
  <attribute name="GC Util" value="4" />
  <attribute name="CPU Util" value="369851128049" />
  <attribute name="Time Running"value="4187"/>
  <attribute name="Number of cores"value="4"/>
<gc-start id="1646" type="scavenge" contextid="1645" timestamp="2019-07-02T19:17:35.005">
  <mem-info id="1647" free="2014048" total="14942208" percent="13">
    <mem type="nursery" free="0" total="8257536" percent="0">
      <mem type="allocate" free="0" total="7077888" percent="0" />
      <mem type="survivor" free="0" total="1179648" percent="0" />
    </mem>
    <mem type="tenure" free="2014048" total="6684672" percent="30">
      <mem type="soa" free="1784272" total="6350848" percent="28" />
      <mem type="loa" free="229776" total="333824" percent="68" />
    </mem>
    <remembered-set count="305" />
  </mem-info>
</gc-start>
<allocation-stats totalBytes="5864544" >
  <allocated-bytes non-tlh="8200" tlh="5856344" />
  <largest-consumer threadName="Thread-5" threadId="0000000000A12A00" bytes="1957312" />
</allocation-stats>
<gc-op id="1648" type="scavenge" timems="0.682" contextid="1645" timestamp="2019-07-02T19:17:35.005">
  <scavenger-info tenureage="3" tenuremask="7ff8" tiltratio="85" />
  <memory-copied type="nursery" objects="2628" bytes="1018248" bytesdiscarded="161336" />
  <memory-copied type="tenure" objects="13" bytes="26728" bytesdiscarded="0" />
  <copy-failed type="nursery" objects="13" bytes="26728" />
</gc-op>
<gc-end id="1649" type="scavenge" contextid="1645" durationms="1.034" usertimems="0.000" systemtimems="0.000" timestamp="2019-07-02T19:17:35.006" activeThreads="4">
  <mem-info id="1650" free="7688600" total="14942208" percent="51">
    <mem type="nursery" free="5701632" total="8257536" percent="69">
      <mem type="allocate" free="5701632" total="6881280" percent="82" />
      <mem type="survivor" free="0" total="1376256" percent="0" />
    </mem>
    <mem type="tenure" free="1986968" total="6684672" percent="29">
      <mem type="soa" free="1757192" total="6350848" percent="27" />
      <mem type="loa" free="229776" total="333824" percent="68" />
    </mem>
    <remembered-set count="99" />
  </mem-info>
</gc-end>
<cycle-end id="1651" type="scavenge" contextid="1645" timestamp="2019-07-02T19:17:35.006">
  <attribute name="GC Util" value="5" />
  <attribute name="CPU Util" value="397618293375" />
  <attribute name="Time Running"value="4233"/>
  <attribute name="Number of cores"value="4"/>
</cycle-end>
<allocation-satisfied id="1652" threadId="0000000000A0EE00" bytesRequested="16" />
<af-end id="1653" timestamp="2019-07-02T19:17:35.006" threadId="0000000000A0F788" success="true" from="nursery"/>
<exclusive-end id="1654" timestamp="2019-07-02T19:17:35.006" durationms="1.451" />

<exclusive-start id="1655" timestamp="2019-07-02T19:17:35.047" intervalms="42.215">
  <response-info timems="0.036" idlems="0.036" threads="0" lastid="0000000000A0B200" lastname="Thread-3" />
</exclusive-start>
<af-start id="1656" threadId="0000000000A0BB88" totalBytesRequested="2056" timestamp="2019-07-02T19:17:35.047" intervalms="42.225" type="nursery" />
<cycle-start id="1657" type="scavenge" contextid="0" timestamp="2019-07-02T19:17:35.047" intervalms="42.224" />
  <attribute name="GC Util" value="5" />
  <attribute name="CPU Util" value="397618293375" />
  <attribute name="Time Running"value="4233"/>
  <attribute name="Number of cores"value="4"/>
<gc-start id="1658" type="scavenge" contextid="1657" timestamp="2019-07-02T19:17:35.047">
  <mem-info id="1659" free="1986968" total="14942208" percent="13">
    <mem type="nursery" free="0" total="8257536" percent="0">
      <mem type="allocate" free="0" total="6881280" percent="0" />
      <mem type="survivor" free="0" total="1376256" percent="0" />
    </mem>
    <mem type="tenure" free="1986968" total="6684672" percent="29">
      <mem type="soa" free="1757192" total="6350848" percent="27" />
      <mem type="loa" free="229776" total="333824" percent="68" />
    </mem>
    <remembered-set count="302" />
  </mem-info>
</gc-start>
<allocation-stats totalBytes="5689048" >
  <allocated-bytes non-tlh="16" tlh="5689032" />
  <largest-consumer threadName="Thread-3" threadId="0000000000A0B200" bytes="2437440" />
</allocation-stats>
<gc-op id="1660" type="scavenge" timems="0.397" contextid="1657" timestamp="2019-07-02T19:17:35.047">
  <scavenger-info tenureage="3" tenuremask="7ff8" tiltratio="83" />
  <memory-copied type="nursery" objects="2643" bytes="1030840" bytesdiscarded="267320" />
  <memory-copied type="tenure" objects="8" bytes="784" bytesdiscarded="336" />
  <references type="phantom" candidates="1" cleared="0" enqueued="0" />
</gc-op>
<gc-end id="1661" type="scavenge" contextid="1657" durationms="0.592" usertimems="0.000" systemtimems="0.000" timestamp="2019-07-02T19:17:35.047" activeThreads="4">
  <mem-info id="1662" free="7635552" total="14942208" percent="51">
    <mem type="nursery" free="5648584" total="8257536" percent="68">
      <mem type="allocate" free="5648584" total="6946816" percent="81" />
      <mem type="survivor" free="0" total="1310720" percent="0" />
    </mem>
    <mem type="tenure" free="1986968" total="6684672" percent="29">
      <mem type="soa" free="1757192" total="6350848" percent="27" />
      <mem type="loa" free="229776" total="333824" percent="68" />
    </mem>
    <remembered-set count="114" />
  </mem-info>
</gc-end>
<cycle-end id="1663" type="scavenge" contextid="1657" timestamp="2019-07-02T19:17:35.048">
  <attribute name="GC Util" value="4" />
  <attribute name="CPU Util" value="436810724859" />
  <attribute name="Time Running"value="4276"/>
  <attribute name="Number of cores"value="4"/>
</cycle-end>
<allocation-satisfied id="1664" threadId="0000000000A0B200" bytesRequested="2056" />
<af-end id="1665" timestamp="2019-07-02T19:17:35.048" threadId="0000000000A0BB88" success="true" from="nursery"/>
<exclusive-end id="1666" timestamp="2019-07-02T19:17:35.048" durationms="1.156" />

<exclusive-start id="1667" timestamp="2019-07-02T19:17:35.094" intervalms="47.746">
  <response-info timems="0.030" idlems="0.030" threads="0" lastid="0000000000A0EE00" lastname="Thread-4" />
</exclusive-start>
<af-start id="1668" threadId="0000000000A0F788" totalBytesRequested="16392" timestamp="2019-07-02T19:17:35.094" intervalms="47.741" type="nursery" />
<cycle-start id="1669" type="scavenge" contextid="0" timestamp="2019-07-02T19:17:35.095" intervalms="47.740" />
  <attribute name="GC Util" value="4" />
  <attribute name="CPU Util" value="436810724859" />
  <attribute name="Time Running"value="4276"/>
  <attribute name="Number of cores"value="4"/>
<gc-start id="1670" type="scavenge" contextid="1669" timestamp="2019-07-02T19:17:35.095">
  <mem-info id="1671" free="1986968" total="14942208" percent="13">
    <mem type="nursery" free="0" total="8257536" percent="0">
      <mem type="allocate" free="0" total="6946816" percent="0" />
      <mem type="survivor" free="0" total="1310720" percent="0" />
    </mem>
    <mem type="tenure" free="1986968" total="6684672" percent="29">
      <mem type="soa" free="1757192" total="6350848" percent="27" />
      <mem type="loa" free="229776" total="333824" percent="68" />
    </mem>
    <remembered-set count="317" />
  </mem-info>
</gc-start>
<allocation-stats totalBytes="5622712" >
  <allocated-bytes non-tlh="51224" tlh="5571488" />
  <largest-consumer threadName="Thread-5" threadId="0000000000A12A00" bytes="1690456" />
</allocation-stats>
<gc-op id="1672" type="scavenge" timems="0.641" contextid="1669" timestamp="2019-07-02T19:17:35.095">
  <scavenger-info tenureage="3" tenuremask="7ff8" tiltratio="84" />
  <memory-copied type="nursery" objects="2128" bytes="856296" bytesdiscarded="319856" />
  <memory-copied type="tenure" objects="4" bytes="144" bytesdiscarded="0" />
</gc-op>
<gc-end id="1673" type="scavenge" contextid="1669" durationms="0.998" usertimems="0.000" systemtimems="4.000" timestamp="2019-07-02T19:17:35.096" activeThreads="4">
  <mem-info id="1674" free="7757568" total="14942208" percent="51">
    <mem type="nursery" free="5770600" total="8257536" percent="69">
      <mem type="allocate" free="5770600" total="6946816" percent="83" />
      <mem type="survivor" free="0" total="1310720" percent="0" />
    </mem>
    <mem type="tenure" free="1986968" total="6684672" percent="29">
      <mem type="soa" free="1757192" total="6350848" percent="27" />
      <mem type="loa" free="229776" total="333824" percent="68" />
    </mem>
    <remembered-set count="104" />
  </mem-info>
</gc-end>
<cycle-end id="1675" type="scavenge" contextid="1669" timestamp="2019-07-02T19:17:35.096">
  <attribute name="GC Util" value="2" />
  <attribute name="CPU Util" value="386433356263" />
  <attribute name="Time Running"value="4323"/>
  <attribute name="Number of cores"value="4"/>
</cycle-end>
<allocation-satisfied id="1676" threadId="0000000000A0EE00" bytesRequested="16392" />
<af-end id="1677" timestamp="2019-07-02T19:17:35.096" threadId="0000000000A0F788" success="true" from="nursery"/>
<exclusive-end id="1678" timestamp="2019-07-02T19:17:35.096" durationms="1.500" />

<exclusive-start id="1679" timestamp="2019-07-02T19:17:35.135" intervalms="40.424">
  <response-info timems="0.034" idlems="0.034" threads="0" lastid="0000000000A0EE00" lastname="Thread-4" />
</exclusive-start>
<af-start id="1680" threadId="0000000000A0F788" totalBytesRequested="16392" timestamp="2019-07-02T19:17:35.135" intervalms="40.422" type="nursery" />
<cycle-start id="1681" type="scavenge" contextid="0" timestamp="2019-07-02T19:17:35.135" intervalms="40.426" />
  <attribute name="GC Util" value="2" />
  <attribute name="CPU Util" value="386433356263" />
  <attribute name="Time Running"value="4323"/>
  <attribute name="Number of cores"value="4"/>
<gc-start id="1682" type="scavenge" contextid="1681" timestamp="2019-07-02T19:17:35.135">
  <mem-info id="1683" free="1986968" total="14942208" percent="13">
    <mem type="nursery" free="0" total="8257536" percent="0">
      <mem type="allocate" free="0" total="6946816" percent="0" />
      <mem type="survivor" free="0" total="1310720" percent="0" />
    </mem>
    <mem type="tenure" free="1986968" total="6684672" percent="29">
      <mem type="soa" free="1757192" total="6350848" percent="27" />
      <mem type="loa" free="229776" total="333824" percent="68" />
    </mem>
    <remembered-set count="309" />
  </mem-info>
</gc-start>
<allocation-stats totalBytes="5731712" >
  <allocated-bytes non-tlh="81944" tlh="5649768" />
  <largest-consumer threadName="Thread-4" threadId="0000000000A0EE00" bytes="2154440" />
</allocation-stats>
<gc-op id="1684" type="scavenge" timems="0.648" contextid="1681" timestamp="2019-07-02T19:17:35.136">
  <scavenger-info tenureage="3" tenuremask="7ff8" tiltratio="84" />
  <memory-copied type="nursery" objects="2040" bytes="858648" bytesdiscarded="354600" />
</gc-op>
<gc-end id="1685" type="scavenge" contextid="1681" durationms="0.993" usertimems="0.000" systemtimems="0.000" timestamp="2019-07-02T19:17:35.136" activeThreads="4">
  <mem-info id="1686" free="7786008" total="14942208" percent="52">
    <mem type="nursery" free="5799040" total="8257536" percent="70">
      <mem type="allocate" free="5799040" total="7012352" percent="82" />
      <mem type="survivor" free="0" total="1245184" percent="0" />
    </mem>
    <mem type="tenure" free="1986968" total="6684672" percent="29">
      <mem type="soa" free="1757192" total="6350848" percent="27" />
      <mem type="loa" free="229776" total="333824" percent="68" />
    </mem>
    <remembered-set count="103" />
  </mem-info>
</gc-end>
<cycle-end id="1687" type="scavenge" contextid="1681" timestamp="2019-07-02T19:17:35.136">
  <attribute name="GC Util" value="4" />
  <attribute name="CPU Util" value="456295547398" />
  <attribute name="Time Running"value="4364"/>
  <attribute name="Number of cores"value="4"/>
</cycle-end>
<allocation-satisfied id="1688" threadId="0000000000A0EE00" bytesRequested="16392" />
<af-end id="1689" timestamp="2019-07-02T19:17:35.136" threadId="0000000000A0F788" success="true" from="nursery"/>
<exclusive-end id="1690" timestamp="2019-07-02T19:17:35.136" durationms="1.424" />

<exclusive-start id="1691" timestamp="2019-07-02T19:17:35.177" intervalms="41.772">
  <response-info timems="0.042" idlems="0.042" threads="0" lastid="0000000000A16500" lastname="Thread-6" />
</exclusive-start>
<af-start id="1692" threadId="0000000000A16E88" totalBytesRequested="16392" timestamp="2019-07-02T19:17:35.177" intervalms="41.773" type="nursery" />
<cycle-start id="1693" type="scavenge" contextid="0" timestamp="2019-07-02T19:17:35.177" intervalms="41.770" />
  <attribute name="GC Util" value="4" />
  <attribute name="CPU Util" value="456295547398" />
  <attribute name="Time Running"value="4364"/>
  <attribute name="Number of cores"value="4"/>
<gc-start id="1694" type="scavenge" contextid="1693" timestamp="2019-07-02T19:17:35.177">
  <mem-info id="1695" free="1986968" total="14942208" percent="13">
    <mem type="nursery" free="0" total="8257536" percent="0">
      <mem type="allocate" free="0" total="7012352" percent="0" />
      <mem type="survivor" free="0" total="1245184" percent="0" />
    </mem>
    <mem type="tenure" free="1986968" total="6684672" percent="29">
      <mem type="soa" free="1757192" total="6350848" percent="27" />
      <mem type="loa" free="229776" total="333824" percent="68" />
    </mem>
    <remembered-set count="322" />
  </mem-info>
</gc-start>
<allocation-stats totalBytes="5764704" >
  <allocated-bytes non-tlh="16392" tlh="5748312" />
  <largest-consumer threadName="Thread-6" threadId="0000000000A16500" bytes="2072016" />
</allocation-stats>
<gc-op id="1696" type="scavenge" timems="0.359" contextid="1693" timestamp="2019-07-02T19:17:35.177">
  <scavenger-info tenureage="3" tenuremask="7ff8" tiltratio="84" />
  <memory-copied type="nursery" objects="2210" bytes="927688" bytesdiscarded="285744" />
  <memory-copied type="tenure" objects="4" bytes="144" bytesdiscarded="0" />
</gc-op>
<gc-end id="1697" type="scavenge" contextid="1693" durationms="0.543" usertimems="0.000" systemtimems="0.000" timestamp="2019-07-02T19:17:35.177" activeThreads="4">
  <mem-info id="1698" free="7851360" total="14942208" percent="52">
    <mem type="nursery" free="5864392" total="8257536" percent="71">
      <mem type="allocate" free="5864392" total="7077888" percent="82" />
      <mem type="survivor" free="0" total="1179648" percent="0" />
    </mem>
    <mem type="tenure" free="1986968" total="6684672" percent="29">
      <mem type="soa" free="1757192" total="6350848" percent="27" />
      <mem type="loa" free="229776" total="333824" percent="68" />
    </mem>
    <remembered-set count="107" />
  </mem-info>
</gc-end>
<cycle-end id="1699" type="scavenge" contextid="1693" timestamp="2019-07-02T19:17:35.177">
  <attribute name="GC Util" value="4" />
  <attribute name="CPU Util" value="441692787327" />
  <attribute name="Time Running"value="4405"/>
  <attribute name="Number of cores"value="4"/>
</cycle-end>
<allocation-satisfied id="1700" threadId="0000000000A16500" bytesRequested="16392" />
<af-end id="1701" timestamp="2019-07-02T19:17:35.177" threadId="0000000000A16E88" success="true" from="nursery"/>
<exclusive-end id="1702" timestamp="2019-07-02T19:17:35.178" durationms="0.954" />

<exclusive-start id="1703" timestamp="2019-07-02T19:17:35.234" intervalms="57.141">
  <response-info timems="0.032" idlems="0.032" threads="0" lastid="0000000000A0EE00" lastname="Thread-4" />
</exclusive-start>
<af-start id="1704" threadId="0000000000A0F788" totalBytesRequested="824" timestamp="2019-07-02T19:17:35.234" intervalms="57.147" type="nursery" />
<cycle-start id="1705" type="scavenge" contextid="0" timestamp="2019-07-02T19:17:35.234" intervalms="57.148" />
  <attribute name="GC Util" value="4" />
  <attribute name="CPU Util" value="441692787327" />
  <attribute name="Time Running"value="4405"/>
  <attribute name="Number of cores"value="4"/>
<gc-start id="1706" type="scavenge" contextid="1705" timestamp="2019-07-02T19:17:35.234">
  <mem-info id="1707" free="1986968" total="14942208" percent="13">
    <mem type="nursery" free="0" total="8257536" percent="0">
      <mem type="allocate" free="0" total="7077888" percent="0" />
      <mem type="survivor" free="0" total="1179648" percent="0" />
    </mem>
    <mem type="tenure" free="1986968" total="6684672" percent="29">
      <mem type="soa" free="1757192" total="6350848" percent="27" />
      <mem type="loa" free="229776" total="333824" percent="68" />
    </mem>
    <remembered-set count="304" />
  </mem-info>
</gc-start>
<allocation-stats totalBytes="5808776" >
  <allocated-bytes non-tlh="49168" tlh="5759608" />
  <largest-consumer threadName="Thread-6" threadId="0000000000A16500" bytes="2192816" />
</allocation-stats>
<gc-op id="1708" type="scavenge" timems="0.690" contextid="1705" timestamp="2019-07-02T19:17:35.235">
  <scavenger-info tenureage="3" tenuremask="7ff8" tiltratio="85" />
  <memory-copied type="nursery" objects="1932" bytes="826008" bytesdiscarded="255968" />
  <memory-copied type="tenure" objects="4" bytes="144" bytesdiscarded="0" />
  <references type="phantom" candidates="2" cleared="0" enqueued="0" />
</gc-op>
<gc-end id="1709" type="scavenge" contextid="1705" durationms="1.044" usertimems="0.000" systemtimems="0.000" timestamp="2019-07-02T19:17:35.235" activeThreads="4">
  <mem-info id="1710" free="7982800" total="14942208" percent="53">
    <mem type="nursery" free="5995832" total="8257536" percent="72">
      <mem type="allocate" free="5995832" total="7077888" percent="84" />
      <mem type="survivor" free="0" total="1179648" percent="0" />
    </mem>
    <mem type="tenure" free="1986968" total="6684672" percent="29">
      <mem type="soa" free="1757192" total="6350848" percent="27" />
      <mem type="loa" free="229776" total="333824" percent="68" />
    </mem>
    <remembered-set count="101" />
  </mem-info>
</gc-end>
<cycle-end id="1711" type="scavenge" contextid="1705" timestamp="2019-07-02T19:17:35.235">
  <attribute name="GC Util" value="1" />
  <attribute name="CPU Util" value="322744603051" />
  <attribute name="Time Running"value="4463"/>
  <attribute name="Number of cores"value="4"/>
</cycle-end>
<allocation-satisfied id="1712" threadId="0000000000A0EE00" bytesRequested="824" />
<af-end id="1713" timestamp="2019-07-02T19:17:35.235" threadId="0000000000A0F788" success="true" from="nursery"/>
<exclusive-end id="1714" timestamp="2019-07-02T19:17:35.235" durationms="1.474" />

<exclusive-start id="1715" timestamp="2019-07-02T19:17:35.285" intervalms="51.710">
  <response-info timems="0.032" idlems="0.032" threads="0" lastid="0000000000A0EE00" lastname="Thread-4" />
</exclusive-start>
<af-start id="1716" threadId="0000000000A0F788" totalBytesRequested="16392" timestamp="2019-07-02T19:17:35.286" intervalms="51.710" type="nursery" />
<cycle-start id="1717" type="scavenge" contextid="0" timestamp="2019-07-02T19:17:35.286" intervalms="51.712" />
  <attribute name="GC Util" value="1" />
  <attribute name="CPU Util" value="322744603051" />
  <attribute name="Time Running"value="4463"/>
  <attribute name="Number of cores"value="4"/>
<gc-start id="1718" type="scavenge" contextid="1717" timestamp="2019-07-02T19:17:35.286">
  <mem-info id="1719" free="1986968" total="14942208" percent="13">
    <mem type="nursery" free="0" total="8257536" percent="0">
      <mem type="allocate" free="0" total="7077888" percent="0" />
      <mem type="survivor" free="0" total="1179648" percent="0" />
    </mem>
    <mem type="tenure" free="1986968" total="6684672" percent="29">
      <mem type="soa" free="1757192" total="6350848" percent="27" />
      <mem type="loa" free="229776" total="333824" percent="68" />
    </mem>
    <remembered-set count="304" />
  </mem-info>
</gc-start>
<allocation-stats totalBytes="5941600" >
  <allocated-bytes non-tlh="824" tlh="5940776" />
  <largest-consumer threadName="Thread-6" threadId="0000000000A16500" bytes="2391096" />
</allocation-stats>
<gc-op id="1720" type="scavenge" timems="0.672" contextid="1717" timestamp="2019-07-02T19:17:35.286">
  <scavenger-info tenureage="3" tenuremask="7ff8" tiltratio="85" />
  <memory-copied type="nursery" objects="2244" bytes="918232" bytesdiscarded="261352" />
</gc-op>
<gc-end id="1721" type="scavenge" contextid="1717" durationms="1.025" usertimems="0.000" systemtimems="0.000" timestamp="2019-07-02T19:17:35.287" activeThreads="4">
  <mem-info id="1722" free="7885208" total="14942208" percent="52">
    <mem type="nursery" free="5898240" total="8257536" percent="71">
      <mem type="allocate" free="5898240" total="7077888" percent="83" />
      <mem type="survivor" free="0" total="1179648" percent="0" />
    </mem>
    <mem type="tenure" free="1986968" total="6684672" percent="29">
      <mem type="soa" free="1757192" total="6350848" percent="27" />
      <mem type="loa" free="229776" total="333824" percent="68" />
    </mem>
    <remembered-set count="106" />
  </mem-info>
</gc-end>
<cycle-end id="1723" type="scavenge" contextid="1717" timestamp="2019-07-02T19:17:35.287">
  <attribute name="GC Util" value="3" />
  <attribute name="CPU Util" value="356655441172" />
  <attribute name="Time Running"value="4514"/>
  <attribute name="Number of cores"value="4"/>
</cycle-end>
<allocation-satisfied id="1724" threadId="0000000000A0EE00" bytesRequested="16392" />
<af-end id="1725" timestamp="2019-07-02T19:17:35.287" threadId="0000000000A0F788" success="true" from="nursery"/>
<exclusive-end id="1726" timestamp="2019-07-02T19:17:35.287" durationms="1.465" />

<exclusive-start id="1727" timestamp="2019-07-02T19:17:35.340" intervalms="54.298">
  <response-info timems="0.028" idlems="0.028" threads="0" lastid="0000000000A0EE00" lastname="Thread-4" />
</exclusive-start>
<af-start id="1728" threadId="0000000000A0F788" totalBytesRequested="48" timestamp="2019-07-02T19:17:35.340" intervalms="54.299" type="nursery" />
<cycle-start id="1729" type="scavenge" contextid="0" timestamp="2019-07-02T19:17:35.340" intervalms="54.295" />
  <attribute name="GC Util" value="3" />
  <attribute name="CPU Util" value="356655441172" />
  <attribute name="Time Running"value="4514"/>
  <attribute name="Number of cores"value="4"/>
<gc-start id="1730" type="scavenge" contextid="1729" timestamp="2019-07-02T19:17:35.340">
  <mem-info id="1731" free="1986968" total="14942208" percent="13">
    <mem type="nursery" free="0" total="8257536" percent="0">
      <mem type="allocate" free="0" total="7077888" percent="0" />
      <mem type="survivor" free="0" total="1179648" percent="0" />
    </mem>
    <mem type="tenure" free="1986968" total="6684672" percent="29">
      <mem type="soa" free="1757192" total="6350848" percent="27" />
      <mem type="loa" free="229776" total="333824" percent="68" />
    </mem>
    <remembered-set count="317" />
  </mem-info>
</gc-start>
<allocation-stats totalBytes="5870040" >
  <allocated-bytes non-tlh="49168" tlh="5820872" />
  <largest-consumer threadName="Thread-3" threadId="0000000000A0B200" bytes="1919832" />
</allocation-stats>
<gc-op id="1732" type="scavenge" timems="0.784" contextid="1729" timestamp="2019-07-02T19:17:35.341">
  <scavenger-info tenureage="3" tenuremask="7ff8" tiltratio="85" />
  <memory-copied type="nursery" objects="2466" bytes="945104" bytesdiscarded="202584" />
  <memory-copied type="tenure" objects="4" bytes="144" bytesdiscarded="0" />
  <references type="phantom" candidates="1" cleared="0" enqueued="0" />
</gc-op>
<gc-end id="1733" type="scavenge" contextid="1729" durationms="1.147" usertimems="0.000" systemtimems="4.000" timestamp="2019-07-02T19:17:35.341" activeThreads="4">
  <mem-info id="1734" free="7982632" total="14942208" percent="53">
    <mem type="nursery" free="5995664" total="8257536" percent="72">
      <mem type="allocate" free="5995664" total="7143424" percent="83" />
      <mem type="survivor" free="0" total="1114112" percent="0" />
    </mem>
    <mem type="tenure" free="1986968" total="6684672" percent="29">
      <mem type="soa" free="1757192" total="6350848" percent="27" />
      <mem type="loa" free="229776" total="333824" percent="68" />
    </mem>
    <remembered-set count="108" />
  </mem-info>
</gc-end>
<cycle-end id="1735" type="scavenge" contextid="1729" timestamp="2019-07-02T19:17:35.341">
  <attribute name="GC Util" value="3" />
  <attribute name="CPU Util" value="339789892441" />
  <attribute name="Time Running"value="4569"/>
  <attribute name="Number of cores"value="4"/>
</cycle-end>
<allocation-satisfied id="1736" threadId="0000000000A0EE00" bytesRequested="48" />
<af-end id="1737" timestamp="2019-07-02T19:17:35.341" threadId="0000000000A0F788" success="true" from="nursery"/>
<exclusive-end id="1738" timestamp="2019-07-02T19:17:35.341" durationms="1.646" />

<exclusive-start id="1739" timestamp="2019-07-02T19:17:35.384" intervalms="44.396">
  <response-info timems="0.033" idlems="0.033" threads="0" lastid="0000000000A0EE00" lastname="Thread-4" />
</exclusive-start>
<af-start id="1740" threadId="0000000000A0F788" totalBytesRequested="16392" timestamp="2019-07-02T19:17:35.384" intervalms="44.393" type="nursery" />
<cycle-start id="1741" type="scavenge" contextid="0" timestamp="2019-07-02T19:17:35.384" intervalms="44.395" />
  <attribute name="GC Util" value="3" />
  <attribute name="CPU Util" value="339789892441" />
  <attribute name="Time Running"value="4569"/>
  <attribute name="Number of cores"value="4"/>
<gc-start id="1742" type="scavenge" contextid="1741" timestamp="2019-07-02T19:17:35.384">
  <mem-info id="1743" free="1986968" total="14942208" percent="13">
    <mem type="nursery" free="0" total="8257536" percent="0">
      <mem type="allocate" free="0" total="7143424" percent="0" />
      <mem type="survivor" free="0" total="1114112" percent="0" />
    </mem>
    <mem type="tenure" free="1986968" total="6684672" percent="29">
      <mem type="soa" free="1757192" total="6350848" percent="27" />
      <mem type="loa" free="229776" total="333824" percent="68" />
    </mem>
    <remembered-set count="308" />
  </mem-info>
</gc-start>
<allocation-stats totalBytes="5894624" >
  <allocated-bytes non-tlh="16440" tlh="5878184" />
  <largest-consumer threadName="Thread-4" threadId="0000000000A0EE00" bytes="2209176" />
</allocation-stats>
<gc-op id="1744" type="scavenge" timems="0.832" contextid="1741" timestamp="2019-07-02T19:17:35.385">
  <scavenger-info tenureage="3" tenuremask="7ff8" tiltratio="86" />
  <memory-copied type="nursery" objects="1903" bytes="773344" bytesdiscarded="114512" />
  <references type="phantom" candidates="1" cleared="0" enqueued="0" />
</gc-op>
<gc-end id="1745" type="scavenge" contextid="1741" durationms="1.183" usertimems="4.000" systemtimems="0.000" timestamp="2019-07-02T19:17:35.386" activeThreads="4">
  <mem-info id="1746" free="8242464" total="14942208" percent="55">
    <mem type="nursery" free="6255496" total="8257536" percent="75">
      <mem type="allocate" free="6255496" total="7143424" percent="87" />
      <mem type="survivor" free="0" total="1114112" percent="0" />
    </mem>
    <mem type="tenure" free="1986968" total="6684672" percent="29">
      <mem type="soa" free="1757192" total="6350848" percent="27" />
      <mem type="loa" free="229776" total="333824" percent="68" />
    </mem>
    <remembered-set count="101" />
  </mem-info>
</gc-end>
<cycle-end id="1747" type="scavenge" contextid="1741" timestamp="2019-07-02T19:17:35.386">
  <attribute name="GC Util" value="5" />
  <attribute name="CPU Util" value="415517472939" />
  <attribute name="Time Running"value="4613"/>
  <attribute name="Number of cores"value="4"/>
</cycle-end>
<allocation-satisfied id="1748" threadId="0000000000A0EE00" bytesRequested="16392" />
<af-end id="1749" timestamp="2019-07-02T19:17:35.386" threadId="0000000000A0F788" success="true" from="nursery"/>
<exclusive-end id="1750" timestamp="2019-07-02T19:17:35.386" durationms="1.757" />

<exclusive-start id="1751" timestamp="2019-07-02T19:17:35.431" intervalms="46.676">
  <response-info timems="0.036" idlems="0.036" threads="0" lastid="0000000000A0EE00" lastname="Thread-4" />
</exclusive-start>
<af-start id="1752" threadId="0000000000A0F788" totalBytesRequested="8200" timestamp="2019-07-02T19:17:35.431" intervalms="46.672" type="nursery" />
<cycle-start id="1753" type="scavenge" contextid="0" timestamp="2019-07-02T19:17:35.431" intervalms="46.674" />
  <attribute name="GC Util" value="5" />
  <attribute name="CPU Util" value="415517472939" />
  <attribute name="Time Running"value="4613"/>
  <attribute name="Number of cores"value="4"/>
<gc-start id="1754" type="scavenge" contextid="1753" timestamp="2019-07-02T19:17:35.431">
  <mem-info id="1755" free="1986968" total="14942208" percent="13">
    <mem type="nursery" free="0" total="8257536" percent="0">
      <mem type="allocate" free="0" total="7143424" percent="0" />
      <mem type="survivor" free="0" total="1114112" percent="0" />
    </mem>
    <mem type="tenure" free="1986968" total="6684672" percent="29">
      <mem type="soa" free="1757192" total="6350848" percent="27" />
      <mem type="loa" free="229776" total="333824" percent="68" />
    </mem>
    <remembered-set count="307" />
  </mem-info>
</gc-start>
<allocation-stats totalBytes="6177352" >
  <allocated-bytes non-tlh="16392" tlh="6160960" />
  <largest-consumer threadName="Thread-4" threadId="0000000000A0EE00" bytes="2381904" />
</allocation-stats>
<gc-op id="1756" type="scavenge" timems="0.861" contextid="1753" timestamp="2019-07-02T19:17:35.432">
  <scavenger-info tenureage="3" tenuremask="7ff8" tiltratio="86" />
  <memory-copied type="nursery" objects="2410" bytes="958976" bytesdiscarded="155072" />
  <memory-copied type="tenure" objects="19" bytes="16896" bytesdiscarded="0" />
  <copy-failed type="nursery" objects="19" bytes="16904" />
  <references type="phantom" candidates="1" cleared="0" enqueued="0" />
</gc-op>
<gc-end id="1757" type="scavenge" contextid="1753" durationms="1.213" usertimems="0.000" systemtimems="0.000" timestamp="2019-07-02T19:17:35.432" activeThreads="4">
  <mem-info id="1758" free="7819672" total="14942208" percent="52">
    <mem type="nursery" free="5832704" total="8257536" percent="70">
      <mem type="allocate" free="5832704" total="6946816" percent="83" />
      <mem type="survivor" free="0" total="1310720" percent="0" />
    </mem>
    <mem type="tenure" free="1986968" total="6684672" percent="29">
      <mem type="soa" free="1757192" total="6350848" percent="27" />
      <mem type="loa" free="229776" total="333824" percent="68" />
    </mem>
    <remembered-set count="95" />
  </mem-info>
</gc-end>
<cycle-end id="1759" type="scavenge" contextid="1753" timestamp="2019-07-02T19:17:35.432">
  <attribute name="GC Util" value="5" />
  <attribute name="CPU Util" value="395270937718" />
  <attribute name="Time Running"value="4660"/>
  <attribute name="Number of cores"value="4"/>
</cycle-end>
<allocation-satisfied id="1760" threadId="0000000000A0EE00" bytesRequested="8200" />
<af-end id="1761" timestamp="2019-07-02T19:17:35.432" threadId="0000000000A0F788" success="true" from="nursery"/>
<exclusive-end id="1762" timestamp="2019-07-02T19:17:35.432" durationms="1.639" />

<exclusive-start id="1763" timestamp="2019-07-02T19:17:35.479" intervalms="48.360">
  <response-info timems="0.032" idlems="0.032" threads="0" lastid="0000000000A0B200" lastname="Thread-3" />
</exclusive-start>
<af-start id="1764" threadId="0000000000A0BB88" totalBytesRequested="32776" timestamp="2019-07-02T19:17:35.479" intervalms="48.368" type="nursery" />
<cycle-start id="1765" type="scavenge" contextid="0" timestamp="2019-07-02T19:17:35.479" intervalms="48.368" />
  <attribute name="GC Util" value="5" />
  <attribute name="CPU Util" value="395270937718" />
  <attribute name="Time Running"value="4660"/>
  <attribute name="Number of cores"value="4"/>
<gc-start id="1766" type="scavenge" contextid="1765" timestamp="2019-07-02T19:17:35.479">
  <mem-info id="1767" free="1986968" total="14942208" percent="13">
    <mem type="nursery" free="0" total="8257536" percent="0">
      <mem type="allocate" free="0" total="6946816" percent="0" />
      <mem type="survivor" free="0" total="1310720" percent="0" />
    </mem>
    <mem type="tenure" free="1986968" total="6684672" percent="29">
      <mem type="soa" free="1757192" total="6350848" percent="27" />
      <mem type="loa" free="229776" total="333824" percent="68" />
    </mem>
    <remembered-set count="316" />
  </mem-info>
</gc-start>
<allocation-stats totalBytes="5792640" >
  <allocated-bytes non-tlh="8200" tlh="5784440" />
  <largest-consumer threadName="Thread-3" threadId="0000000000A0B200" bytes="1861968" />
</allocation-stats>
<gc-op id="1768" type="scavenge" timems="0.316" contextid="1765" timestamp="2019-07-02T19:17:35.480">
  <scavenger-info tenureage="3" tenuremask="7ff8" tiltratio="84" />
  <memory-copied type="nursery" objects="1766" bytes="777448" bytesdiscarded="423232" />
  <references type="phantom" candidates="1" cleared="0" enqueued="0" />
</gc-op>
<gc-end id="1769" type="scavenge" contextid="1765" durationms="0.502" usertimems="0.000" systemtimems="0.000" timestamp="2019-07-02T19:17:35.480" activeThreads="4">
  <mem-info id="1770" free="7798568" total="14942208" percent="52">
    <mem type="nursery" free="5811600" total="8257536" percent="70">
      <mem type="allocate" free="5811600" total="7012352" percent="82" />
      <mem type="survivor" free="0" total="1245184" percent="0" />
    </mem>
    <mem type="tenure" free="1986968" total="6684672" percent="29">
      <mem type="soa" free="1757192" total="6350848" percent="27" />
      <mem type="loa" free="229776" total="333824" percent="68" />
    </mem>
    <remembered-set count="100" />
  </mem-info>
</gc-end>
<cycle-end id="1771" type="scavenge" contextid="1765" timestamp="2019-07-02T19:17:35.480">
  <attribute name="GC Util" value="5" />
  <attribute name="CPU Util" value="381390121354" />
  <attribute name="Time Running"value="4708"/>
  <attribute name="Number of cores"value="4"/>
</cycle-end>
<allocation-satisfied id="1772" threadId="0000000000A0B200" bytesRequested="32776" />
<af-end id="1773" timestamp="2019-07-02T19:17:35.480" threadId="0000000000A0BB88" success="true" from="nursery"/>
<exclusive-end id="1774" timestamp="2019-07-02T19:17:35.480" durationms="0.925" />

<exclusive-start id="1775" timestamp="2019-07-02T19:17:35.522" intervalms="42.552">
  <response-info timems="0.028" idlems="0.028" threads="0" lastid="0000000000A0B200" lastname="Thread-3" />
</exclusive-start>
<af-start id="1776" threadId="0000000000A0BB88" totalBytesRequested="32776" timestamp="2019-07-02T19:17:35.522" intervalms="42.550" type="nursery" />
<cycle-start id="1777" type="scavenge" contextid="0" timestamp="2019-07-02T19:17:35.522" intervalms="42.547" />
  <attribute name="GC Util" value="5" />
  <attribute name="CPU Util" value="381390121354" />
  <attribute name="Time Running"value="4708"/>
  <attribute name="Number of cores"value="4"/>
<gc-start id="1778" type="scavenge" contextid="1777" timestamp="2019-07-02T19:17:35.522">
  <mem-info id="1779" free="1986968" total="14942208" percent="13">
    <mem type="nursery" free="0" total="8257536" percent="0">
      <mem type="allocate" free="0" total="7012352" percent="0" />
      <mem type="survivor" free="0" total="1245184" percent="0" />
    </mem>
    <mem type="tenure" free="1986968" total="6684672" percent="29">
      <mem type="soa" free="1757192" total="6350848" percent="27" />
      <mem type="loa" free="229776" total="333824" percent="68" />
    </mem>
    <remembered-set count="312" />
  </mem-info>
</gc-start>
<allocation-stats totalBytes="5779104" >
  <allocated-bytes non-tlh="32776" tlh="5746328" />
  <largest-consumer threadName="Thread-3" threadId="0000000000A0B200" bytes="2079128" />
</allocation-stats>
<gc-op id="1780" type="scavenge" timems="0.325" contextid="1777" timestamp="2019-07-02T19:17:35.522">
  <scavenger-info tenureage="3" tenuremask="7ff8" tiltratio="84" />
  <memory-copied type="nursery" objects="2531" bytes="1020312" bytesdiscarded="224800" />
  <memory-copied type="tenure" objects="1" bytes="24" bytesdiscarded="0" />
</gc-op>
<gc-end id="1781" type="scavenge" contextid="1777" durationms="0.514" usertimems="0.000" systemtimems="0.000" timestamp="2019-07-02T19:17:35.522" activeThreads="4">
  <mem-info id="1782" free="7622184" total="14942208" percent="51">
    <mem type="nursery" free="5636096" total="8257536" percent="68">
      <mem type="allocate" free="5636096" total="6881280" percent="81" />
      <mem type="survivor" free="0" total="1376256" percent="0" />
    </mem>
    <mem type="tenure" free="1986088" total="6684672" percent="29">
      <mem type="soa" free="1756312" total="6350848" percent="27" />
      <mem type="loa" free="229776" total="333824" percent="68" />
    </mem>
    <remembered-set count="104" />
  </mem-info>
</gc-end>
<cycle-end id="1783" type="scavenge" contextid="1777" timestamp="2019-07-02T19:17:35.523">
  <attribute name="GC Util" value="2" />
  <attribute name="CPU Util" value="433576049196" />
  <attribute name="Time Running"value="4751"/>
  <attribute name="Number of cores"value="4"/>
</cycle-end>
<allocation-satisfied id="1784" threadId="0000000000A0B200" bytesRequested="32776" />
<af-end id="1785" timestamp="2019-07-02T19:17:35.523" threadId="0000000000A0BB88" success="true" from="nursery"/>
<exclusive-end id="1786" timestamp="2019-07-02T19:17:35.523" durationms="0.933" />

<exclusive-start id="1787" timestamp="2019-07-02T19:17:35.564" intervalms="41.833">
  <response-info timems="0.107" idlems="0.062" threads="1" lastid="0000000000A12A00" lastname="Thread-5" />
</exclusive-start>
<af-start id="1788" threadId="0000000000A16E88" totalBytesRequested="8200" timestamp="2019-07-02T19:17:35.564" intervalms="41.820" type="nursery" />
<cycle-start id="1789" type="scavenge" contextid="0" timestamp="2019-07-02T19:17:35.564" intervalms="41.824" />
  <attribute name="GC Util" value="2" />
  <attribute name="CPU Util" value="433576049196" />
  <attribute name="Time Running"value="4751"/>
  <attribute name="Number of cores"value="4"/>
<gc-start id="1790" type="scavenge" contextid="1789" timestamp="2019-07-02T19:17:35.564">
  <mem-info id="1791" free="1986088" total="14942208" percent="13">
    <mem type="nursery" free="0" total="8257536" percent="0">
      <mem type="allocate" free="0" total="6881280" percent="0" />
      <mem type="survivor" free="0" total="1376256" percent="0" />
    </mem>
    <mem type="tenure" free="1986088" total="6684672" percent="29">
      <mem type="soa" free="1756312" total="6350848" percent="27" />
      <mem type="loa" free="229776" total="333824" percent="68" />
    </mem>
    <remembered-set count="314" />
  </mem-info>
</gc-start>
<allocation-stats totalBytes="5605264" >
  <allocated-bytes non-tlh="32776" tlh="5572488" />
  <largest-consumer threadName="Thread-6" threadId="0000000000A16500" bytes="1653080" />
</allocation-stats>
<gc-op id="1792" type="scavenge" timems="0.855" contextid="1789" timestamp="2019-07-02T19:17:35.565">
  <scavenger-info tenureage="3" tenuremask="7ff8" tiltratio="83" />
  <memory-copied type="nursery" objects="2252" bytes="880624" bytesdiscarded="298616" />
  <memory-copied type="tenure" objects="1" bytes="32" bytesdiscarded="0" />
  <references type="weak" candidates="1" cleared="0" enqueued="0" />
  <references type="phantom" candidates="2" cleared="0" enqueued="0" />
</gc-op>
<gc-end id="1793" type="scavenge" contextid="1789" durationms="1.231" usertimems="4.000" systemtimems="0.000" timestamp="2019-07-02T19:17:35.565" activeThreads="4">
  <mem-info id="1794" free="7753592" total="14942208" percent="51">
    <mem type="nursery" free="5767504" total="8257536" percent="69">
      <mem type="allocate" free="5767504" total="6946816" percent="83" />
      <mem type="survivor" free="0" total="1310720" percent="0" />
    </mem>
    <mem type="tenure" free="1986088" total="6684672" percent="29">
      <mem type="soa" free="1756312" total="6350848" percent="27" />
      <mem type="loa" free="229776" total="333824" percent="68" />
    </mem>
    <remembered-set count="101" />
  </mem-info>
</gc-end>
<cycle-end id="1795" type="scavenge" contextid="1789" timestamp="2019-07-02T19:17:35.565">
  <attribute name="GC Util" value="2" />
  <attribute name="CPU Util" value="441116482539" />
  <attribute name="Time Running"value="4792"/>
  <attribute name="Number of cores"value="4"/>
</cycle-end>
<allocation-satisfied id="1796" threadId="0000000000A16500" bytesRequested="8200" />
<af-end id="1797" timestamp="2019-07-02T19:17:35.565" threadId="0000000000A16E88" success="true" from="nursery"/>
<exclusive-end id="1798" timestamp="2019-07-02T19:17:35.565" durationms="1.764" />

<exclusive-start id="1799" timestamp="2019-07-02T19:17:35.610" intervalms="46.100">
  <response-info timems="0.195" idlems="0.105" threads="1" lastid="0000000000A12A00" lastname="Thread-5" />
</exclusive-start>
<af-start id="1800" threadId="0000000000A16E88" totalBytesRequested="16392" timestamp="2019-07-02T19:17:35.610" intervalms="46.112" type="nursery" />
<cycle-start id="1801" type="scavenge" contextid="0" timestamp="2019-07-02T19:17:35.610" intervalms="46.106" />
  <attribute name="GC Util" value="2" />
  <attribute name="CPU Util" value="441116482539" />
  <attribute name="Time Running"value="4792"/>
  <attribute name="Number of cores"value="4"/>
<gc-start id="1802" type="scavenge" contextid="1801" timestamp="2019-07-02T19:17:35.610">
  <mem-info id="1803" free="1986088" total="14942208" percent="13">
    <mem type="nursery" free="0" total="8257536" percent="0">
      <mem type="allocate" free="0" total="6946816" percent="0" />
      <mem type="survivor" free="0" total="1310720" percent="0" />
    </mem>
    <mem type="tenure" free="1986088" total="6684672" percent="29">
      <mem type="soa" free="1756312" total="6350848" percent="27" />
      <mem type="loa" free="229776" total="333824" percent="68" />
    </mem>
    <remembered-set count="313" />
  </mem-info>
</gc-start>
<allocation-stats totalBytes="5745008" >
  <allocated-bytes non-tlh="8200" tlh="5736808" />
  <largest-consumer threadName="Thread-3" threadId="0000000000A0B200" bytes="2266848" />
</allocation-stats>
<gc-op id="1804" type="scavenge" timems="0.834" contextid="1801" timestamp="2019-07-02T19:17:35.611">
  <scavenger-info tenureage="3" tenuremask="7ff8" tiltratio="84" />
  <memory-copied type="nursery" objects="2124" bytes="834336" bytesdiscarded="311096" />
  <references type="phantom" candidates="1" cleared="0" enqueued="0" />
</gc-op>
<gc-end id="1805" type="scavenge" contextid="1801" durationms="1.180" usertimems="0.000" systemtimems="0.000" timestamp="2019-07-02T19:17:35.611" activeThreads="4">
  <mem-info id="1806" free="7852936" total="14942208" percent="52">
    <mem type="nursery" free="5866848" total="8257536" percent="71">
      <mem type="allocate" free="5866848" total="7012352" percent="83" />
      <mem type="survivor" free="0" total="1245184" percent="0" />
    </mem>
    <mem type="tenure" free="1986088" total="6684672" percent="29">
      <mem type="soa" free="1756312" total="6350848" percent="27" />
      <mem type="loa" free="229776" total="333824" percent="68" />
    </mem>
    <remembered-set count="99" />
  </mem-info>
</gc-end>
<cycle-end id="1807" type="scavenge" contextid="1801" timestamp="2019-07-02T19:17:35.611">
  <attribute name="GC Util" value="5" />
  <attribute name="CPU Util" value="400027828033" />
  <attribute name="Time Running"value="4839"/>
  <attribute name="Number of cores"value="4"/>
</cycle-end>
<allocation-satisfied id="1808" threadId="0000000000A16500" bytesRequested="16392" />
<af-end id="1809" timestamp="2019-07-02T19:17:35.611" threadId="0000000000A16E88" success="true" from="nursery"/>
<exclusive-end id="1810" timestamp="2019-07-02T19:17:35.611" durationms="1.603" />

<exclusive-start id="1811" timestamp="2019-07-02T19:17:35.654" intervalms="44.572">
  <response-info timems="0.061" idlems="0.061" threads="0" lastid="0000000000A0B200" lastname="Thread-3" />
</exclusive-start>
<af-start id="1812" threadId="0000000000A0BB88" totalBytesRequested="16392" timestamp="2019-07-02T19:17:35.654" intervalms="44.558" type="nursery" />
<cycle-start id="1813" type="scavenge" contextid="0" timestamp="2019-07-02T19:17:35.654" intervalms="44.549" />
  <attribute name="GC Util" value="5" />
  <attribute name="CPU Util" value="400027828033" />
  <attribute name="Time Running"value="4839"/>
  <attribute name="Number of cores"value="4"/>
<gc-start id="1814" type="scavenge" contextid="1813" timestamp="2019-07-02T19:17:35.654">
  <mem-info id="1815" free="1986088" total="14942208" percent="13">
    <mem type="nursery" free="0" total="8257536" percent="0">
      <mem type="allocate" free="0" total="7012352" percent="0" />
      <mem type="survivor" free="0" total="1245184" percent="0" />
    </mem>
    <mem type="tenure" free="1986088" total="6684672" percent="29">
      <mem type="soa" free="1756312" total="6350848" percent="27" />
      <mem type="loa" free="229776" total="333824" percent="68" />
    </mem>
    <remembered-set count="302" />
  </mem-info>
</gc-start>
<allocation-stats totalBytes="5832984" >
  <allocated-bytes non-tlh="16392" tlh="5816592" />
  <largest-consumer threadName="Thread-6" threadId="0000000000A16500" bytes="2856520" />
</allocation-stats>
<gc-op id="1816" type="scavenge" timems="0.639" contextid="1813" timestamp="2019-07-02T19:17:35.655">
  <scavenger-info tenureage="3" tenuremask="7ff8" tiltratio="84" />
  <memory-copied type="nursery" objects="2016" bytes="817440" bytesdiscarded="276784" />
</gc-op>
<gc-end id="1817" type="scavenge" contextid="1813" durationms="0.788" usertimems="0.000" systemtimems="0.000" timestamp="2019-07-02T19:17:35.655" activeThreads="4">
  <mem-info id="1818" free="7969696" total="14942208" percent="53">
    <mem type="nursery" free="5983608" total="8257536" percent="72">
      <mem type="allocate" free="5983608" total="7077888" percent="84" />
      <mem type="survivor" free="0" total="1179648" percent="0" />
    </mem>
    <mem type="tenure" free="1986088" total="6684672" percent="29">
      <mem type="soa" free="1756312" total="6350848" percent="27" />
      <mem type="loa" free="229776" total="333824" percent="68" />
    </mem>
    <remembered-set count="106" />
  </mem-info>
</gc-end>
<cycle-end id="1819" type="scavenge" contextid="1813" timestamp="2019-07-02T19:17:35.655">
  <attribute name="GC Util" value="5" />
  <attribute name="CPU Util" value="414357923711" />
  <attribute name="Time Running"value="4883"/>
  <attribute name="Number of cores"value="4"/>
</cycle-end>
<allocation-satisfied id="1820" threadId="0000000000A0B200" bytesRequested="16392" />
<af-end id="1821" timestamp="2019-07-02T19:17:35.655" threadId="0000000000A0BB88" success="true" from="nursery"/>
<exclusive-end id="1822" timestamp="2019-07-02T19:17:35.655" durationms="1.129" />

<exclusive-start id="1823" timestamp="2019-07-02T19:17:35.708" intervalms="54.000">
  <response-info timems="0.043" idlems="0.023" threads="1" lastid="0000000000A0B200" lastname="Thread-3" />
</exclusive-start>
<af-start id="1824" threadId="0000000000A13388" totalBytesRequested="48" timestamp="2019-07-02T19:17:35.708" intervalms="54.018" type="nursery" />
<cycle-start id="1825" type="scavenge" contextid="0" timestamp="2019-07-02T19:17:35.708" intervalms="54.032" />
  <attribute name="GC Util" value="5" />
  <attribute name="CPU Util" value="414357923711" />
  <attribute name="Time Running"value="4883"/>
  <attribute name="Number of cores"value="4"/>
<gc-start id="1826" type="scavenge" contextid="1825" timestamp="2019-07-02T19:17:35.708">
  <mem-info id="1827" free="1986088" total="14942208" percent="13">
    <mem type="nursery" free="0" total="8257536" percent="0">
      <mem type="allocate" free="0" total="7077888" percent="0" />
      <mem type="survivor" free="0" total="1179648" percent="0" />
    </mem>
    <mem type="tenure" free="1986088" total="6684672" percent="29">
      <mem type="soa" free="1756312" total="6350848" percent="27" />
      <mem type="loa" free="229776" total="333824" percent="68" />
    </mem>
    <remembered-set count="316" />
  </mem-info>
</gc-start>
<allocation-stats totalBytes="5979928" >
  <allocated-bytes non-tlh="49168" tlh="5930760" />
  <largest-consumer threadName="Thread-4" threadId="0000000000A0EE00" bytes="2206192" />
</allocation-stats>
<gc-op id="1828" type="scavenge" timems="0.740" contextid="1825" timestamp="2019-07-02T19:17:35.709">
  <scavenger-info tenureage="3" tenuremask="7ff8" tiltratio="85" />
  <memory-copied type="nursery" objects="2645" bytes="969888" bytesdiscarded="209696" />
  <memory-copied type="tenure" objects="4" bytes="144" bytesdiscarded="0" />
</gc-op>
<gc-end id="1829" type="scavenge" contextid="1825" durationms="0.924" usertimems="0.000" systemtimems="4.000" timestamp="2019-07-02T19:17:35.709" activeThreads="4">
  <mem-info id="1830" free="7818792" total="14942208" percent="52">
    <mem type="nursery" free="5832704" total="8257536" percent="70">
      <mem type="allocate" free="5832704" total="7012352" percent="83" />
      <mem type="survivor" free="0" total="1245184" percent="0" />
    </mem>
    <mem type="tenure" free="1986088" total="6684672" percent="29">
      <mem type="soa" free="1756312" total="6350848" percent="27" />
      <mem type="loa" free="229776" total="333824" percent="68" />
    </mem>
    <remembered-set count="106" />
  </mem-info>
</gc-end>
<cycle-end id="1831" type="scavenge" contextid="1825" timestamp="2019-07-02T19:17:35.710">
  <attribute name="GC Util" value="3" />
  <attribute name="CPU Util" value="341164462284" />
  <attribute name="Time Running"value="4937"/>
  <attribute name="Number of cores"value="4"/>
</cycle-end>
<allocation-satisfied id="1832" threadId="0000000000A12A00" bytesRequested="48" />
<af-end id="1833" timestamp="2019-07-02T19:17:35.710" threadId="0000000000A13388" success="true" from="nursery"/>
<exclusive-end id="1834" timestamp="2019-07-02T19:17:35.710" durationms="1.429" />

<exclusive-start id="1835" timestamp="2019-07-02T19:17:35.753" intervalms="44.513">
  <response-info timems="0.041" idlems="0.041" threads="0" lastid="0000000000A0EE00" lastname="Thread-4" />
</exclusive-start>
<af-start id="1836" threadId="0000000000A0F788" totalBytesRequested="32776" timestamp="2019-07-02T19:17:35.753" intervalms="44.511" type="nursery" />
<cycle-start id="1837" type="scavenge" contextid="0" timestamp="2019-07-02T19:17:35.753" intervalms="44.509" />
  <attribute name="GC Util" value="3" />
  <attribute name="CPU Util" value="341164462284" />
  <attribute name="Time Running"value="4937"/>
  <attribute name="Number of cores"value="4"/>
<gc-start id="1838" type="scavenge" contextid="1837" timestamp="2019-07-02T19:17:35.753">
  <mem-info id="1839" free="1986088" total="14942208" percent="13">
    <mem type="nursery" free="0" total="8257536" percent="0">
      <mem type="allocate" free="0" total="7012352" percent="0" />
      <mem type="survivor" free="0" total="1245184" percent="0" />
    </mem>
    <mem type="tenure" free="1986088" total="6684672" percent="29">
      <mem type="soa" free="1756312" total="6350848" percent="27" />
      <mem type="loa" free="229776" total="333824" percent="68" />
    </mem>
    <remembered-set count="301" />
  </mem-info>
</gc-start>
<allocation-stats totalBytes="5813936" >
  <allocated-bytes non-tlh="48" tlh="5813888" />
  <largest-consumer threadName="Thread-6" threadId="0000000000A16500" bytes="1858656" />
</allocation-stats>
<gc-op id="1840" type="scavenge" timems="0.352" contextid="1837" timestamp="2019-07-02T19:17:35.753">
  <scavenger-info tenureage="3" tenuremask="7ff8" tiltratio="84" />
  <memory-copied type="nursery" objects="1783" bytes="825648" bytesdiscarded="276760" />
  <references type="phantom" candidates="2" cleared="0" enqueued="0" />
</gc-op>
<gc-end id="1841" type="scavenge" contextid="1837" durationms="0.544" usertimems="0.000" systemtimems="0.000" timestamp="2019-07-02T19:17:35.753" activeThreads="4">
  <mem-info id="1842" free="7961488" total="14942208" percent="53">
    <mem type="nursery" free="5975400" total="8257536" percent="72">
      <mem type="allocate" free="5975400" total="7077888" percent="84" />
      <mem type="survivor" free="0" total="1179648" percent="0" />
    </mem>
    <mem type="tenure" free="1986088" total="6684672" percent="29">
      <mem type="soa" free="1756312" total="6350848" percent="27" />
      <mem type="loa" free="229776" total="333824" percent="68" />
    </mem>
    <remembered-set count="102" />
  </mem-info>
</gc-end>
<cycle-end id="1843" type="scavenge" contextid="1837" timestamp="2019-07-02T19:17:35.754">
  <attribute name="GC Util" value="4" />
  <attribute name="CPU Util" value="414447918519" />
  <attribute name="Time Running"value="4982"/>
  <attribute name="Number of cores"value="4"/>
</cycle-end>
<allocation-satisfied id="1844" threadId="0000000000A0EE00" bytesRequested="32776" />
<af-end id="1845" timestamp="2019-07-02T19:17:35.754" threadId="0000000000A0F788" success="true" from="nursery"/>
<exclusive-end id="1846" timestamp="2019-07-02T19:17:35.754" durationms="1.057" />

<exclusive-start id="1847" timestamp="2019-07-02T19:17:35.795" intervalms="42.708">
  <response-info timems="0.026" idlems="0.026" threads="0" lastid="0000000000A0EE00" lastname="Thread-4" />
</exclusive-start>
<af-start id="1848" threadId="0000000000A0F788" totalBytesRequested="264" timestamp="2019-07-02T19:17:35.796" intervalms="42.738" type="nursery" />
<cycle-start id="1849" type="scavenge" contextid="0" timestamp="2019-07-02T19:17:35.796" intervalms="42.738" />
  <attribute name="GC Util" value="4" />
  <attribute name="CPU Util" value="414447918519" />
  <attribute name="Time Running"value="4982"/>
  <attribute name="Number of cores"value="4"/>
<gc-start id="1850" type="scavenge" contextid="1849" timestamp="2019-07-02T19:17:35.796">
  <mem-info id="1851" free="1986088" total="14942208" percent="13">
    <mem type="nursery" free="0" total="8257536" percent="0">
      <mem type="allocate" free="0" total="7077888" percent="0" />
      <mem type="survivor" free="0" total="1179648" percent="0" />
    </mem>
    <mem type="tenure" free="1986088" total="6684672" percent="29">
      <mem type="soa" free="1756312" total="6350848" percent="27" />
      <mem type="loa" free="229776" total="333824" percent="68" />
    </mem>
    <remembered-set count="315" />
  </mem-info>
</gc-start>
<allocation-stats totalBytes="5967928" >
  <allocated-bytes non-tlh="32776" tlh="5935152" />
  <largest-consumer threadName="Thread-6" threadId="0000000000A16500" bytes="2720504" />
</allocation-stats>
<gc-op id="1852" type="scavenge" timems="0.419" contextid="1849" timestamp="2019-07-02T19:17:35.796">
  <scavenger-info tenureage="3" tenuremask="7ff8" tiltratio="85" />
  <memory-copied type="nursery" objects="2018" bytes="780552" bytesdiscarded="187264" />
  <memory-copied type="tenure" objects="2" bytes="208" bytesdiscarded="0" />
  <references type="weak" candidates="1" cleared="0" enqueued="0" />
  <references type="phantom" candidates="1" cleared="0" enqueued="0" />
</gc-op>
<gc-end id="1853" type="scavenge" contextid="1849" durationms="0.622" usertimems="0.000" systemtimems="0.000" timestamp="2019-07-02T19:17:35.796" activeThreads="4">
  <mem-info id="1854" free="8096104" total="14942208" percent="54">
    <mem type="nursery" free="6110016" total="8257536" percent="73">
      <mem type="allocate" free="6110016" total="7077888" percent="86" />
      <mem type="survivor" free="0" total="1179648" percent="0" />
    </mem>
    <mem type="tenure" free="1986088" total="6684672" percent="29">
      <mem type="soa" free="1756312" total="6350848" percent="27" />
      <mem type="loa" free="229776" total="333824" percent="68" />
    </mem>
    <remembered-set count="108" />
  </mem-info>
</gc-end>
<cycle-end id="1855" type="scavenge" contextid="1849" timestamp="2019-07-02T19:17:35.796">
  <attribute name="GC Util" value="2" />
  <attribute name="CPU Util" value="431634668129" />
  <attribute name="Time Running"value="5024"/>
  <attribute name="Number of cores"value="4"/>
</cycle-end>
<allocation-satisfied id="1856" threadId="0000000000A0EE00" bytesRequested="264" />
<af-end id="1857" timestamp="2019-07-02T19:17:35.796" threadId="0000000000A0F788" success="true" from="nursery"/>
<exclusive-end id="1858" timestamp="2019-07-02T19:17:35.797" durationms="1.075" />

<exclusive-start id="1859" timestamp="2019-07-02T19:17:35.846" intervalms="50.909">
  <response-info timems="0.034" idlems="0.034" threads="0" lastid="0000000000A0B200" lastname="Thread-3" />
</exclusive-start>
<af-start id="1860" threadId="0000000000A0BB88" totalBytesRequested="16392" timestamp="2019-07-02T19:17:35.846" intervalms="50.876" type="nursery" />
<cycle-start id="1861" type="scavenge" contextid="0" timestamp="2019-07-02T19:17:35.846" intervalms="50.876" />
  <attribute name="GC Util" value="2" />
  <attribute name="CPU Util" value="431634668129" />
  <attribute name="Time Running"value="5024"/>
  <attribute name="Number of cores"value="4"/>
<gc-start id="1862" type="scavenge" contextid="1861" timestamp="2019-07-02T19:17:35.847">
  <mem-info id="1863" free="1986088" total="14942208" percent="13">
    <mem type="nursery" free="0" total="8257536" percent="0">
      <mem type="allocate" free="0" total="7077888" percent="0" />
      <mem type="survivor" free="0" total="1179648" percent="0" />
    </mem>
    <mem type="tenure" free="1986088" total="6684672" percent="29">
      <mem type="soa" free="1756312" total="6350848" percent="27" />
      <mem type="loa" free="229776" total="333824" percent="68" />
    </mem>
    <remembered-set count="317" />
  </mem-info>
</gc-start>
<allocation-stats totalBytes="6048056" >
  <allocated-bytes non-tlh="264" tlh="6047792" />
  <largest-consumer threadName="Thread-4" threadId="0000000000A0EE00" bytes="1896096" />
</allocation-stats>
<gc-op id="1864" type="scavenge" timems="0.360" contextid="1861" timestamp="2019-07-02T19:17:35.847">
  <scavenger-info tenureage="3" tenuremask="7ff8" tiltratio="85" />
  <memory-copied type="nursery" objects="1518" bytes="619648" bytesdiscarded="396560" />
  <memory-copied type="tenure" objects="4" bytes="144" bytesdiscarded="712" />
  <references type="weak" candidates="1" cleared="0" enqueued="0" />
  <references type="phantom" candidates="1" cleared="0" enqueued="0" />
</gc-op>
<gc-end id="1865" type="scavenge" contextid="1861" durationms="0.547" usertimems="0.000" systemtimems="0.000" timestamp="2019-07-02T19:17:35.847" activeThreads="4">
  <mem-info id="1866" free="8113248" total="14942208" percent="54">
    <mem type="nursery" free="6127160" total="8257536" percent="74">
      <mem type="allocate" free="6127160" total="7143424" percent="85" />
      <mem type="survivor" free="0" total="1114112" percent="0" />
    </mem>
    <mem type="tenure" free="1986088" total="6684672" percent="29">
      <mem type="soa" free="1756312" total="6350848" percent="27" />
      <mem type="loa" free="229776" total="333824" percent="68" />
    </mem>
    <remembered-set count="101" />
  </mem-info>
</gc-end>
<cycle-end id="1867" type="scavenge" contextid="1861" timestamp="2019-07-02T19:17:35.847">
  <attribute name="GC Util" value="2" />
  <attribute name="CPU Util" value="362642183292" />
  <attribute name="Time Running"value="5075"/>
  <attribute name="Number of cores"value="4"/>
</cycle-end>
<allocation-satisfied id="1868" threadId="0000000000A0B200" bytesRequested="16392" />
<af-end id="1869" timestamp="2019-07-02T19:17:35.847" threadId="0000000000A0BB88" success="true" from="nursery"/>
<exclusive-end id="1870" timestamp="2019-07-02T19:17:35.847" durationms="0.966" />

<exclusive-start id="1871" timestamp="2019-07-02T19:17:35.897" intervalms="50.262">
  <response-info timems="0.038" idlems="0.038" threads="0" lastid="0000000000A12A00" lastname="Thread-5" />
</exclusive-start>
<af-start id="1872" threadId="0000000000A13388" totalBytesRequested="40" timestamp="2019-07-02T19:17:35.897" intervalms="50.264" type="nursery" />
<cycle-start id="1873" type="scavenge" contextid="0" timestamp="2019-07-02T19:17:35.897" intervalms="50.264" />
  <attribute name="GC Util" value="2" />
  <attribute name="CPU Util" value="362642183292" />
  <attribute name="Time Running"value="5075"/>
  <attribute name="Number of cores"value="4"/>
<gc-start id="1874" type="scavenge" contextid="1873" timestamp="2019-07-02T19:17:35.897">
  <mem-info id="1875" free="1986088" total="14942208" percent="13">
    <mem type="nursery" free="0" total="8257536" percent="0">
      <mem type="allocate" free="0" total="7143424" percent="0" />
      <mem type="survivor" free="0" total="1114112" percent="0" />
    </mem>
    <mem type="tenure" free="1986088" total="6684672" percent="29">
      <mem type="soa" free="1756312" total="6350848" percent="27" />
      <mem type="loa" free="229776" total="333824" percent="68" />
    </mem>
    <remembered-set count="308" />
  </mem-info>
</gc-start>
<allocation-stats totalBytes="6120976" >
  <allocated-bytes non-tlh="49168" tlh="6071808" />
  <largest-consumer threadName="Thread-6" threadId="0000000000A16500" bytes="2514928" />
</allocation-stats>
<gc-op id="1876" type="scavenge" timems="1.864" contextid="1873" timestamp="2019-07-02T19:17:35.899">
  <scavenger-info tenureage="4" tenuremask="7ff0" tiltratio="86" />
  <memory-copied type="nursery" objects="2462" bytes="987512" bytesdiscarded="126528" />
  <memory-copied type="tenure" objects="67" bytes="55888" bytesdiscarded="0" />
  <copy-failed type="nursery" objects="67" bytes="55888" />
  <references type="weak" candidates="1" cleared="0" enqueued="0" />
  <references type="phantom" candidates="2" cleared="0" enqueued="0" />
</gc-op>
<gc-end id="1877" type="scavenge" contextid="1873" durationms="2.054" usertimems="4.000" systemtimems="0.000" timestamp="2019-07-02T19:17:35.899" activeThreads="4">
  <mem-info id="1878" free="7365848" total="14942208" percent="49">
    <mem type="nursery" free="5505024" total="8257536" percent="66">
      <mem type="allocate" free="5505024" total="6619136" percent="83" />
      <mem type="survivor" free="0" total="1638400" percent="0" />
    </mem>
    <mem type="tenure" free="1860824" total="6684672" percent="27">
      <mem type="soa" free="1631048" total="6350848" percent="25" />
      <mem type="loa" free="229776" total="333824" percent="68" />
    </mem>
    <remembered-set count="100" />
  </mem-info>
</gc-end>
<cycle-end id="1879" type="scavenge" contextid="1873" timestamp="2019-07-02T19:17:35.899">
  <attribute name="GC Util" value="1" />
  <attribute name="CPU Util" value="366943851029" />
  <attribute name="Time Running"value="5125"/>
  <attribute name="Number of cores"value="4"/>
</cycle-end>
<allocation-satisfied id="1880" threadId="0000000000A12A00" bytesRequested="40" />
<af-end id="1881" timestamp="2019-07-02T19:17:35.899" threadId="0000000000A13388" success="true" from="nursery"/>
<exclusive-end id="1882" timestamp="2019-07-02T19:17:35.899" durationms="2.516" />

<exclusive-start id="1883" timestamp="2019-07-02T19:17:35.935" intervalms="38.625">
  <response-info timems="0.185" idlems="0.100" threads="1" lastid="0000000000A12A00" lastname="Thread-5" />
</exclusive-start>
<af-start id="1884" threadId="0000000000A16E88" totalBytesRequested="16392" timestamp="2019-07-02T19:17:35.935" intervalms="38.618" type="nursery" />
<cycle-start id="1885" type="scavenge" contextid="0" timestamp="2019-07-02T19:17:35.935" intervalms="38.620" />
  <attribute name="GC Util" value="1" />
  <attribute name="CPU Util" value="366943851029" />
  <attribute name="Time Running"value="5125"/>
  <attribute name="Number of cores"value="4"/>
<gc-start id="1886" type="scavenge" contextid="1885" timestamp="2019-07-02T19:17:35.935">
  <mem-info id="1887" free="1860824" total="14942208" percent="12">
    <mem type="nursery" free="0" total="8257536" percent="0">
      <mem type="allocate" free="0" total="6619136" percent="0" />
      <mem type="survivor" free="0" total="1638400" percent="0" />
    </mem>
    <mem type="tenure" free="1860824" total="6684672" percent="27">
      <mem type="soa" free="1631048" total="6350848" percent="25" />
      <mem type="loa" free="229776" total="333824" percent="68" />
    </mem>
    <remembered-set count="301" />
  </mem-info>
</gc-start>
<allocation-stats totalBytes="5452824" >
  <allocated-bytes non-tlh="32816" tlh="5420008" />
  <largest-consumer threadName="Thread-4" threadId="0000000000A0EE00" bytes="1912072" />
</allocation-stats>
<gc-op id="1888" type="scavenge" timems="1.014" contextid="1885" timestamp="2019-07-02T19:17:35.937">
  <scavenger-info tenureage="4" tenuremask="7ff0" tiltratio="80" />
  <memory-copied type="nursery" objects="1994" bytes="859288" bytesdiscarded="309040" />
</gc-op>
<gc-end id="1889" type="scavenge" contextid="1885" durationms="1.385" usertimems="0.000" systemtimems="0.000" timestamp="2019-07-02T19:17:35.937" activeThreads="4">
  <mem-info id="1890" free="7442640" total="14942208" percent="49">
    <mem type="nursery" free="5581816" total="8257536" percent="67">
      <mem type="allocate" free="5581816" total="6750208" percent="82" />
      <mem type="survivor" free="0" total="1507328" percent="0" />
    </mem>
    <mem type="tenure" free="1860824" total="6684672" percent="27">
      <mem type="soa" free="1631048" total="6350848" percent="25" />
      <mem type="loa" free="229776" total="333824" percent="68" />
    </mem>
    <remembered-set count="99" />
  </mem-info>
</gc-end>
<cycle-end id="1891" type="scavenge" contextid="1885" timestamp="2019-07-02T19:17:35.937">
  <attribute name="GC Util" value="11" />
  <attribute name="CPU Util" value="477679757330" />
  <attribute name="Time Running"value="5164"/>
  <attribute name="Number of cores"value="4"/>
</cycle-end>
<allocation-satisfied id="1892" threadId="0000000000A16500" bytesRequested="16392" />
<af-end id="1893" timestamp="2019-07-02T19:17:35.937" threadId="0000000000A16E88" success="true" from="nursery"/>
<exclusive-end id="1894" timestamp="2019-07-02T19:17:35.937" durationms="1.942" />

<exclusive-start id="1895" timestamp="2019-07-02T19:17:35.979" intervalms="44.141">
  <response-info timems="0.076" idlems="0.046" threads="1" lastid="0000000000A0B200" lastname="Thread-3" />
</exclusive-start>
<af-start id="1896" threadId="0000000000A0F788" totalBytesRequested="16392" timestamp="2019-07-02T19:17:35.979" intervalms="44.141" type="nursery" />
<cycle-start id="1897" type="scavenge" contextid="0" timestamp="2019-07-02T19:17:35.980" intervalms="44.136" />
  <attribute name="GC Util" value="11" />
  <attribute name="CPU Util" value="477679757330" />
  <attribute name="Time Running"value="5164"/>
  <attribute name="Number of cores"value="4"/>
<gc-start id="1898" type="scavenge" contextid="1897" timestamp="2019-07-02T19:17:35.980">
  <mem-info id="1899" free="1860824" total="14942208" percent="12">
    <mem type="nursery" free="0" total="8257536" percent="0">
      <mem type="allocate" free="0" total="6750208" percent="0" />
      <mem type="survivor" free="0" total="1507328" percent="0" />
    </mem>
    <mem type="tenure" free="1860824" total="6684672" percent="27">
      <mem type="soa" free="1631048" total="6350848" percent="25" />
      <mem type="loa" free="229776" total="333824" percent="68" />
    </mem>
    <remembered-set count="304" />
  </mem-info>
</gc-start>
<allocation-stats totalBytes="5509304" >
  <allocated-bytes non-tlh="16392" tlh="5492912" />
  <largest-consumer threadName="Thread-3" threadId="0000000000A0B200" bytes="1995824" />
</allocation-stats>
<gc-op id="1900" type="scavenge" timems="0.339" contextid="1897" timestamp="2019-07-02T19:17:35.980">
  <scavenger-info tenureage="4" tenuremask="7ff0" tiltratio="81" />
  <memory-copied type="nursery" objects="1562" bytes="762792" bytesdiscarded="320520" />
  <references type="phantom" candidates="2" cleared="0" enqueued="0" />
</gc-op>
<gc-end id="1901" type="scavenge" contextid="1897" durationms="0.526" usertimems="0.000" systemtimems="0.000" timestamp="2019-07-02T19:17:35.980" activeThreads="4">
  <mem-info id="1902" free="7593176" total="14942208" percent="50">
    <mem type="nursery" free="5732352" total="8257536" percent="69">
      <mem type="allocate" free="5732352" total="6815744" percent="84" />
      <mem type="survivor" free="0" total="1441792" percent="0" />
    </mem>
    <mem type="tenure" free="1860824" total="6684672" percent="27">
      <mem type="soa" free="1631048" total="6350848" percent="25" />
      <mem type="loa" free="229776" total="333824" percent="68" />
    </mem>
    <remembered-set count="98" />
  </mem-info>
</gc-end>
<cycle-end id="1903" type="scavenge" contextid="1897" timestamp="2019-07-02T19:17:35.980">
  <attribute name="GC Util" value="5" />
  <attribute name="CPU Util" value="417969281621" />
  <attribute name="Time Running"value="5208"/>
  <attribute name="Number of cores"value="4"/>
</cycle-end>
<allocation-satisfied id="1904" threadId="0000000000A0EE00" bytesRequested="16392" />
<af-end id="1905" timestamp="2019-07-02T19:17:35.980" threadId="0000000000A0F788" success="true" from="nursery"/>
<exclusive-end id="1906" timestamp="2019-07-02T19:17:35.980" durationms="0.939" />

<exclusive-start id="1907" timestamp="2019-07-02T19:17:36.021" intervalms="41.977">
  <response-info timems="0.037" idlems="0.037" threads="0" lastid="0000000000A12A00" lastname="Thread-5" />
</exclusive-start>
<af-start id="1908" threadId="0000000000A13388" totalBytesRequested="16392" timestamp="2019-07-02T19:17:36.021" intervalms="41.980" type="nursery" />
<cycle-start id="1909" type="scavenge" contextid="0" timestamp="2019-07-02T19:17:36.021" intervalms="41.984" />
  <attribute name="GC Util" value="5" />
  <attribute name="CPU Util" value="417969281621" />
  <attribute name="Time Running"value="5208"/>
  <attribute name="Number of cores"value="4"/>
<gc-start id="1910" type="scavenge" contextid="1909" timestamp="2019-07-02T19:17:36.022">
  <mem-info id="1911" free="1860824" total="14942208" percent="12">
    <mem type="nursery" free="0" total="8257536" percent="0">
      <mem type="allocate" free="0" total="6815744" percent="0" />
      <mem type="survivor" free="0" total="1441792" percent="0" />
    </mem>
    <mem type="tenure" free="1860824" total="6684672" percent="27">
      <mem type="soa" free="1631048" total="6350848" percent="25" />
      <mem type="loa" free="229776" total="333824" percent="68" />
    </mem>
    <remembered-set count="319" />
  </mem-info>
</gc-start>
<allocation-stats totalBytes="5626752" >
  <allocated-bytes non-tlh="16392" tlh="5610360" />
  <largest-consumer threadName="Thread-4" threadId="0000000000A0EE00" bytes="2219552" />
</allocation-stats>
<gc-op id="1912" type="scavenge" timems="0.661" contextid="1909" timestamp="2019-07-02T19:17:36.022">
  <scavenger-info tenureage="4" tenuremask="7ff0" tiltratio="82" />
  <memory-copied type="nursery" objects="1480" bytes="740984" bytesdiscarded="233800" />
</gc-op>
<gc-end id="1913" type="scavenge" contextid="1909" durationms="0.836" usertimems="0.000" systemtimems="0.000" timestamp="2019-07-02T19:17:36.022" activeThreads="4">
  <mem-info id="1914" free="7832784" total="14942208" percent="52">
    <mem type="nursery" free="5971960" total="8257536" percent="72">
      <mem type="allocate" free="5971960" total="6946816" percent="85" />
      <mem type="survivor" free="0" total="1310720" percent="0" />
    </mem>
    <mem type="tenure" free="1860824" total="6684672" percent="27">
      <mem type="soa" free="1631048" total="6350848" percent="25" />
      <mem type="loa" free="229776" total="333824" percent="68" />
    </mem>
    <remembered-set count="103" />
  </mem-info>
</gc-end>
<cycle-end id="1915" type="scavenge" contextid="1909" timestamp="2019-07-02T19:17:36.023">
  <attribute name="GC Util" value="2" />
  <attribute name="CPU Util" value="439339334447" />
  <attribute name="Time Running"value="5250"/>
  <attribute name="Number of cores"value="4"/>
</cycle-end>
<allocation-satisfied id="1916" threadId="0000000000A12A00" bytesRequested="16392" />
<af-end id="1917" timestamp="2019-07-02T19:17:36.023" threadId="0000000000A13388" success="true" from="nursery"/>
<exclusive-end id="1918" timestamp="2019-07-02T19:17:36.023" durationms="1.339" />

<exclusive-start id="1919" timestamp="2019-07-02T19:17:36.069" intervalms="48.034">
  <response-info timems="0.052" idlems="0.052" threads="0" lastid="0000000000A0B200" lastname="Thread-3" />
</exclusive-start>
<af-start id="1920" threadId="0000000000A0BB88" totalBytesRequested="16392" timestamp="2019-07-02T19:17:36.069" intervalms="48.019" type="nursery" />
<cycle-start id="1921" type="scavenge" contextid="0" timestamp="2019-07-02T19:17:36.070" intervalms="48.005" />
  <attribute name="GC Util" value="2" />
  <attribute name="CPU Util" value="439339334447" />
  <attribute name="Time Running"value="5250"/>
  <attribute name="Number of cores"value="4"/>
<gc-start id="1922" type="scavenge" contextid="1921" timestamp="2019-07-02T19:17:36.070">
  <mem-info id="1923" free="1860824" total="14942208" percent="12">
    <mem type="nursery" free="0" total="8257536" percent="0">
      <mem type="allocate" free="0" total="6946816" percent="0" />
      <mem type="survivor" free="0" total="1310720" percent="0" />
    </mem>
    <mem type="tenure" free="1860824" total="6684672" percent="27">
      <mem type="soa" free="1631048" total="6350848" percent="25" />
      <mem type="loa" free="229776" total="333824" percent="68" />
    </mem>
    <remembered-set count="310" />
  </mem-info>
</gc-start>
<allocation-stats totalBytes="5936336" >
  <allocated-bytes non-tlh="49168" tlh="5887168" />
  <largest-consumer threadName="Thread-4" threadId="0000000000A0EE00" bytes="1806016" />
</allocation-stats>
<gc-op id="1924" type="scavenge" timems="0.641" contextid="1921" timestamp="2019-07-02T19:17:36.070">
  <scavenger-info tenureage="4" tenuremask="7ff0" tiltratio="84" />
  <memory-copied type="nursery" objects="2104" bytes="806200" bytesdiscarded="389224" />
  <memory-copied type="tenure" objects="4" bytes="144" bytesdiscarded="0" />
</gc-op>
<gc-end id="1925" type="scavenge" contextid="1921" durationms="0.792" usertimems="0.000" systemtimems="4.000" timestamp="2019-07-02T19:17:36.070" activeThreads="4">
  <mem-info id="1926" free="7638520" total="14942208" percent="51">
    <mem type="nursery" free="5816864" total="8257536" percent="70">
      <mem type="allocate" free="5816864" total="7012352" percent="82" />
      <mem type="survivor" free="0" total="1245184" percent="0" />
    </mem>
    <mem type="tenure" free="1821656" total="6684672" percent="27">
      <mem type="soa" free="1591880" total="6350848" percent="25" />
      <mem type="loa" free="229776" total="333824" percent="68" />
    </mem>
    <remembered-set count="103" />
  </mem-info>
</gc-end>
<cycle-end id="1927" type="scavenge" contextid="1921" timestamp="2019-07-02T19:17:36.070">
  <attribute name="GC Util" value="3" />
  <attribute name="CPU Util" value="384587556164" />
  <attribute name="Time Running"value="5298"/>
  <attribute name="Number of cores"value="4"/>
</cycle-end>
<allocation-satisfied id="1928" threadId="0000000000A0B200" bytesRequested="16392" />
<af-end id="1929" timestamp="2019-07-02T19:17:36.070" threadId="0000000000A0BB88" success="true" from="nursery"/>
<exclusive-end id="1930" timestamp="2019-07-02T19:17:36.071" durationms="1.124" />

<exclusive-start id="1931" timestamp="2019-07-02T19:17:36.109" intervalms="39.374">
  <response-info timems="0.044" idlems="0.044" threads="0" lastid="0000000000A0EE00" lastname="Thread-4" />
</exclusive-start>
<af-start id="1932" threadId="0000000000A0F788" totalBytesRequested="32776" timestamp="2019-07-02T19:17:36.109" intervalms="39.389" type="nursery" />
<cycle-start id="1933" type="scavenge" contextid="0" timestamp="2019-07-02T19:17:36.109" intervalms="39.401" />
  <attribute name="GC Util" value="3" />
  <attribute name="CPU Util" value="384587556164" />
  <attribute name="Time Running"value="5298"/>
  <attribute name="Number of cores"value="4"/>
<gc-start id="1934" type="scavenge" contextid="1933" timestamp="2019-07-02T19:17:36.109">
  <mem-info id="1935" free="1821656" total="14942208" percent="12">
    <mem type="nursery" free="0" total="8257536" percent="0">
      <mem type="allocate" free="0" total="7012352" percent="0" />
      <mem type="survivor" free="0" total="1245184" percent="0" />
    </mem>
    <mem type="tenure" free="1821656" total="6684672" percent="27">
      <mem type="soa" free="1591880" total="6350848" percent="25" />
      <mem type="loa" free="229776" total="333824" percent="68" />
    </mem>
    <remembered-set count="307" />
  </mem-info>
</gc-start>
<allocation-stats totalBytes="5780408" >
  <allocated-bytes non-tlh="16392" tlh="5764016" />
  <largest-consumer threadName="Thread-4" threadId="0000000000A0EE00" bytes="2415392" />
</allocation-stats>
<gc-op id="1936" type="scavenge" timems="0.307" contextid="1933" timestamp="2019-07-02T19:17:36.109">
  <scavenger-info tenureage="4" tenuremask="7ff0" tiltratio="84" />
  <memory-copied type="nursery" objects="2055" bytes="908440" bytesdiscarded="276032" />
</gc-op>
<gc-end id="1937" type="scavenge" contextid="1933" durationms="0.490" usertimems="0.000" systemtimems="0.000" timestamp="2019-07-02T19:17:36.109" activeThreads="4">
  <mem-info id="1938" free="7780544" total="14942208" percent="52">
    <mem type="nursery" free="5958888" total="8257536" percent="72">
      <mem type="allocate" free="5958888" total="7143424" percent="83" />
      <mem type="survivor" free="0" total="1114112" percent="0" />
    </mem>
    <mem type="tenure" free="1821656" total="6684672" percent="27">
      <mem type="soa" free="1591880" total="6350848" percent="25" />
      <mem type="loa" free="229776" total="333824" percent="68" />
    </mem>
    <remembered-set count="107" />
  </mem-info>
</gc-end>
<cycle-end id="1939" type="scavenge" contextid="1933" timestamp="2019-07-02T19:17:36.110">
  <attribute name="GC Util" value="4" />
  <attribute name="CPU Util" value="467784915997" />
  <attribute name="Time Running"value="5338"/>
  <attribute name="Number of cores"value="4"/>
</cycle-end>
<allocation-satisfied id="1940" threadId="0000000000A0EE00" bytesRequested="32776" />
<af-end id="1941" timestamp="2019-07-02T19:17:36.110" threadId="0000000000A0F788" success="true" from="nursery"/>
<exclusive-end id="1942" timestamp="2019-07-02T19:17:36.110" durationms="0.910" />

<exclusive-start id="1943" timestamp="2019-07-02T19:17:36.154" intervalms="44.753">
  <response-info timems="0.056" idlems="0.030" threads="2" lastid="0000000000A0EE00" lastname="Thread-4" />
</exclusive-start>
<af-start id="1944" threadId="0000000000A16E88" totalBytesRequested="2056" timestamp="2019-07-02T19:17:36.154" intervalms="44.751" type="nursery" />
<cycle-start id="1945" type="scavenge" contextid="0" timestamp="2019-07-02T19:17:36.154" intervalms="44.754" />
  <attribute name="GC Util" value="4" />
  <attribute name="CPU Util" value="467784915997" />
  <attribute name="Time Running"value="5338"/>
  <attribute name="Number of cores"value="4"/>
<gc-start id="1946" type="scavenge" contextid="1945" timestamp="2019-07-02T19:17:36.154">
  <mem-info id="1947" free="1821656" total="14942208" percent="12">
    <mem type="nursery" free="0" total="8257536" percent="0">
      <mem type="allocate" free="0" total="7143424" percent="0" />
      <mem type="survivor" free="0" total="1114112" percent="0" />
    </mem>
    <mem type="tenure" free="1821656" total="6684672" percent="27">
      <mem type="soa" free="1591880" total="6350848" percent="25" />
      <mem type="loa" free="229776" total="333824" percent="68" />
    </mem>
    <remembered-set count="316" />
  </mem-info>
</gc-start>
<allocation-stats totalBytes="5917696" >
  <allocated-bytes non-tlh="32776" tlh="5884920" />
  <largest-consumer threadName="Thread-6" threadId="0000000000A16500" bytes="1796288" />
</allocation-stats>
<gc-op id="1948" type="scavenge" timems="0.861" contextid="1945" timestamp="2019-07-02T19:17:36.155">
  <scavenger-info tenureage="4" tenuremask="7ff0" tiltratio="86" />
  <memory-copied type="nursery" objects="2407" bytes="950768" bytesdiscarded="137680" />
  <references type="phantom" candidates="1" cleared="0" enqueued="0" />
</gc-op>
<gc-end id="1949" type="scavenge" contextid="1945" durationms="1.210" usertimems="4.000" systemtimems="0.000" timestamp="2019-07-02T19:17:36.155" activeThreads="4">
  <mem-info id="1950" free="7876552" total="14942208" percent="52">
    <mem type="nursery" free="6054896" total="8257536" percent="73">
      <mem type="allocate" free="6054896" total="7143424" percent="84" />
      <mem type="survivor" free="0" total="1114112" percent="0" />
    </mem>
    <mem type="tenure" free="1821656" total="6684672" percent="27">
      <mem type="soa" free="1591880" total="6350848" percent="25" />
      <mem type="loa" free="229776" total="333824" percent="68" />
    </mem>
    <remembered-set count="102" />
  </mem-info>
</gc-end>
<cycle-end id="1951" type="scavenge" contextid="1945" timestamp="2019-07-02T19:17:36.155">
  <attribute name="GC Util" value="2" />
  <attribute name="CPU Util" value="412132361362" />
  <attribute name="Time Running"value="5382"/>
  <attribute name="Number of cores"value="4"/>
</cycle-end>
<allocation-satisfied id="1952" threadId="0000000000A16500" bytesRequested="2056" />
<af-end id="1953" timestamp="2019-07-02T19:17:36.155" threadId="0000000000A16E88" success="true" from="nursery"/>
<exclusive-end id="1954" timestamp="2019-07-02T19:17:36.155" durationms="1.638" />

<exclusive-start id="1955" timestamp="2019-07-02T19:17:36.202" intervalms="48.054">
  <response-info timems="0.023" idlems="0.023" threads="0" lastid="0000000000A0B200" lastname="Thread-3" />
</exclusive-start>
<af-start id="1956" threadId="0000000000A0BB88" totalBytesRequested="520" timestamp="2019-07-02T19:17:36.202" intervalms="48.062" type="nursery" />
<cycle-start id="1957" type="scavenge" contextid="0" timestamp="2019-07-02T19:17:36.202" intervalms="48.059" />
  <attribute name="GC Util" value="2" />
  <attribute name="CPU Util" value="412132361362" />
  <attribute name="Time Running"value="5382"/>
  <attribute name="Number of cores"value="4"/>
<gc-start id="1958" type="scavenge" contextid="1957" timestamp="2019-07-02T19:17:36.202">
  <mem-info id="1959" free="1821656" total="14942208" percent="12">
    <mem type="nursery" free="0" total="8257536" percent="0">
      <mem type="allocate" free="0" total="7143424" percent="0" />
      <mem type="survivor" free="0" total="1114112" percent="0" />
    </mem>
    <mem type="tenure" free="1821656" total="6684672" percent="27">
      <mem type="soa" free="1591880" total="6350848" percent="25" />
      <mem type="loa" free="229776" total="333824" percent="68" />
    </mem>
    <remembered-set count="305" />
  </mem-info>
</gc-start>
<allocation-stats totalBytes="6012360" >
  <allocated-bytes non-tlh="34832" tlh="5977528" />
  <largest-consumer threadName="Thread-4" threadId="0000000000A0EE00" bytes="2186368" />
</allocation-stats>
<gc-op id="1960" type="scavenge" timems="0.388" contextid="1957" timestamp="2019-07-02T19:17:36.202">
  <scavenger-info tenureage="4" tenuremask="7ff0" tiltratio="86" />
  <memory-copied type="nursery" objects="2160" bytes="916568" bytesdiscarded="196920" />
  <memory-copied type="tenure" objects="396" bytes="38360" bytesdiscarded="664" />
  <copy-failed type="nursery" objects="394" bytes="38136" />
  <references type="phantom" candidates="1" cleared="0" enqueued="0" />
</gc-op>
<gc-end id="1961" type="scavenge" contextid="1957" durationms="0.583" usertimems="0.000" systemtimems="0.000" timestamp="2019-07-02T19:17:36.202" activeThreads="4">
  <mem-info id="1962" free="7916504" total="14942208" percent="52">
    <mem type="nursery" free="6094848" total="8257536" percent="73">
      <mem type="allocate" free="6094848" total="7208960" percent="84" />
      <mem type="survivor" free="0" total="1048576" percent="0" />
    </mem>
    <mem type="tenure" free="1821656" total="6684672" percent="27">
      <mem type="soa" free="1591880" total="6350848" percent="25" />
      <mem type="loa" free="229776" total="333824" percent="68" />
    </mem>
    <remembered-set count="116" />
  </mem-info>
</gc-end>
<cycle-end id="1963" type="scavenge" contextid="1957" timestamp="2019-07-02T19:17:36.202">
  <attribute name="GC Util" value="4" />
  <attribute name="CPU Util" value="383836488252" />
  <attribute name="Time Running"value="5430"/>
  <attribute name="Number of cores"value="4"/>
</cycle-end>
<allocation-satisfied id="1964" threadId="0000000000A0B200" bytesRequested="520" />
<af-end id="1965" timestamp="2019-07-02T19:17:36.203" threadId="0000000000A0BB88" success="true" from="nursery"/>
<exclusive-end id="1966" timestamp="2019-07-02T19:17:36.203" durationms="1.004" />

<exclusive-start id="1967" timestamp="2019-07-02T19:17:36.248" intervalms="45.944">
  <response-info timems="0.051" idlems="0.051" threads="0" lastid="0000000000A0B200" lastname="Thread-3" />
</exclusive-start>
<af-start id="1968" threadId="0000000000A0BB88" totalBytesRequested="488" timestamp="2019-07-02T19:17:36.248" intervalms="45.967" type="nursery" />
<cycle-start id="1969" type="scavenge" contextid="0" timestamp="2019-07-02T19:17:36.248" intervalms="45.971" />
  <attribute name="GC Util" value="4" />
  <attribute name="CPU Util" value="383836488252" />
  <attribute name="Time Running"value="5430"/>
  <attribute name="Number of cores"value="4"/>
<gc-start id="1970" type="scavenge" contextid="1969" timestamp="2019-07-02T19:17:36.248">
  <mem-info id="1971" free="1821656" total="14942208" percent="12">
    <mem type="nursery" free="0" total="8257536" percent="0">
      <mem type="allocate" free="0" total="7208960" percent="0" />
      <mem type="survivor" free="0" total="1048576" percent="0" />
    </mem>
    <mem type="tenure" free="1821656" total="6684672" percent="27">
      <mem type="soa" free="1591880" total="6350848" percent="25" />
      <mem type="loa" free="229776" total="333824" percent="68" />
    </mem>
    <remembered-set count="333" />
  </mem-info>
</gc-start>
<allocation-stats totalBytes="6091432" >
  <allocated-bytes non-tlh="520" tlh="6090912" />
  <largest-consumer threadName="Thread-6" threadId="0000000000A16500" bytes="2055376" />
</allocation-stats>
<gc-op id="1972" type="scavenge" timems="0.308" contextid="1969" timestamp="2019-07-02T19:17:36.248">
  <scavenger-info tenureage="4" tenuremask="7ff0" tiltratio="87" />
  <memory-copied type="nursery" objects="1902" bytes="772480" bytesdiscarded="276040" />
  <memory-copied type="tenure" objects="128" bytes="50768" bytesdiscarded="440" />
  <copy-failed type="nursery" objects="124" bytes="50624" />
</gc-op>
<gc-end id="1973" type="scavenge" contextid="1969" durationms="0.499" usertimems="0.000" systemtimems="0.000" timestamp="2019-07-02T19:17:36.248" activeThreads="4">
  <mem-info id="1974" free="7898928" total="14942208" percent="52">
    <mem type="nursery" free="6160384" total="8257536" percent="74">
      <mem type="allocate" free="6160384" total="7208960" percent="85" />
      <mem type="survivor" free="0" total="1048576" percent="0" />
    </mem>
    <mem type="tenure" free="1738544" total="6684672" percent="26">
      <mem type="soa" free="1508768" total="6350848" percent="23" />
      <mem type="loa" free="229776" total="333824" percent="68" />
    </mem>
    <remembered-set count="115" />
  </mem-info>
</gc-end>
<cycle-end id="1975" type="scavenge" contextid="1969" timestamp="2019-07-02T19:17:36.248">
  <attribute name="GC Util" value="2" />
  <attribute name="CPU Util" value="401163445539" />
  <attribute name="Time Running"value="5476"/>
  <attribute name="Number of cores"value="4"/>
</cycle-end>
<allocation-satisfied id="1976" threadId="0000000000A0B200" bytesRequested="488" />
<af-end id="1977" timestamp="2019-07-02T19:17:36.248" threadId="0000000000A0BB88" success="true" from="nursery"/>
<exclusive-end id="1978" timestamp="2019-07-02T19:17:36.248" durationms="0.968" />

<exclusive-start id="1979" timestamp="2019-07-02T19:17:36.294" intervalms="46.517">
  <response-info timems="0.029" idlems="0.029" threads="0" lastid="0000000000A0EE00" lastname="Thread-4" />
</exclusive-start>
<af-start id="1980" threadId="0000000000A0F788" totalBytesRequested="48" timestamp="2019-07-02T19:17:36.294" intervalms="46.496" type="nursery" />
<cycle-start id="1981" type="scavenge" contextid="0" timestamp="2019-07-02T19:17:36.294" intervalms="46.495" />
  <attribute name="GC Util" value="2" />
  <attribute name="CPU Util" value="401163445539" />
  <attribute name="Time Running"value="5476"/>
  <attribute name="Number of cores"value="4"/>
<gc-start id="1982" type="scavenge" contextid="1981" timestamp="2019-07-02T19:17:36.294">
  <mem-info id="1983" free="1738544" total="14942208" percent="11">
    <mem type="nursery" free="0" total="8257536" percent="0">
      <mem type="allocate" free="0" total="7208960" percent="0" />
      <mem type="survivor" free="0" total="1048576" percent="0" />
    </mem>
    <mem type="tenure" free="1738544" total="6684672" percent="26">
      <mem type="soa" free="1508768" total="6350848" percent="23" />
      <mem type="loa" free="229776" total="333824" percent="68" />
    </mem>
    <remembered-set count="325" />
  </mem-info>
</gc-start>
<allocation-stats totalBytes="6119376" >
  <allocated-bytes non-tlh="488" tlh="6118888" />
  <largest-consumer threadName="Thread-6" threadId="0000000000A16500" bytes="1682480" />
</allocation-stats>
<gc-op id="1984" type="scavenge" timems="0.369" contextid="1981" timestamp="2019-07-02T19:17:36.295">
  <scavenger-info tenureage="4" tenuremask="7ff0" tiltratio="87" />
  <memory-copied type="nursery" objects="2416" bytes="950856" bytesdiscarded="97656" />
  <memory-copied type="tenure" objects="193" bytes="101320" bytesdiscarded="1168" />
  <copy-failed type="nursery" objects="193" bytes="101320" />
</gc-op>
<gc-end id="1985" type="scavenge" contextid="1981" durationms="0.558" usertimems="0.000" systemtimems="4.000" timestamp="2019-07-02T19:17:36.295" activeThreads="4">
  <mem-info id="1986" free="7432992" total="14942208" percent="49">
    <mem type="nursery" free="5767168" total="8257536" percent="69">
      <mem type="allocate" free="5767168" total="6815744" percent="84" />
      <mem type="survivor" free="0" total="1441792" percent="0" />
    </mem>
    <mem type="tenure" free="1665824" total="6684672" percent="24">
      <mem type="soa" free="1436048" total="6350848" percent="22" />
      <mem type="loa" free="229776" total="333824" percent="68" />
    </mem>
    <remembered-set count="125" />
  </mem-info>
</gc-end>
<cycle-end id="1987" type="scavenge" contextid="1981" timestamp="2019-07-02T19:17:36.295">
  <attribute name="GC Util" value="2" />
  <attribute name="CPU Util" value="396871951773" />
  <attribute name="Time Running"value="5523"/>
  <attribute name="Number of cores"value="4"/>
</cycle-end>
<allocation-satisfied id="1988" threadId="0000000000A0EE00" bytesRequested="48" />
<af-end id="1989" timestamp="2019-07-02T19:17:36.295" threadId="0000000000A0F788" success="true" from="nursery"/>
<exclusive-end id="1990" timestamp="2019-07-02T19:17:36.295" durationms="0.985" />

<exclusive-start id="1991" timestamp="2019-07-02T19:17:36.338" intervalms="44.007">
  <response-info timems="0.036" idlems="0.036" threads="0" lastid="0000000000A0EE00" lastname="Thread-4" />
</exclusive-start>
<af-start id="1992" threadId="0000000000A0F788" totalBytesRequested="16392" timestamp="2019-07-02T19:17:36.338" intervalms="44.000" type="nursery" />
<cycle-start id="1993" type="scavenge" contextid="0" timestamp="2019-07-02T19:17:36.338" intervalms="44.001" />
  <attribute name="GC Util" value="2" />
  <attribute name="CPU Util" value="396871951773" />
  <attribute name="Time Running"value="5523"/>
  <attribute name="Number of cores"value="4"/>
<gc-start id="1994" type="scavenge" contextid="1993" timestamp="2019-07-02T19:17:36.338">
  <mem-info id="1995" free="1665824" total="14942208" percent="11">
    <mem type="nursery" free="0" total="8257536" percent="0">
      <mem type="allocate" free="0" total="6815744" percent="0" />
      <mem type="survivor" free="0" total="1441792" percent="0" />
    </mem>
    <mem type="tenure" free="1665824" total="6684672" percent="24">
      <mem type="soa" free="1436048" total="6350848" percent="22" />
      <mem type="loa" free="229776" total="333824" percent="68" />
    </mem>
    <remembered-set count="318" />
  </mem-info>
</gc-start>
<allocation-stats totalBytes="5744680" >
  <allocated-bytes non-tlh="48" tlh="5744632" />
  <largest-consumer threadName="Thread-4" threadId="0000000000A0EE00" bytes="1798584" />
</allocation-stats>
<gc-op id="1996" type="scavenge" timems="0.353" contextid="1993" timestamp="2019-07-02T19:17:36.339">
  <scavenger-info tenureage="4" tenuremask="7ff0" tiltratio="82" />
  <memory-copied type="nursery" objects="2323" bytes="1011680" bytesdiscarded="299256" />
  <memory-copied type="tenure" objects="2" bytes="40" bytesdiscarded="0" />
</gc-op>
<gc-end id="1997" type="scavenge" contextid="1993" durationms="0.544" usertimems="0.000" systemtimems="4.000" timestamp="2019-07-02T19:17:36.339" activeThreads="4">
  <mem-info id="1998" free="7236088" total="14942208" percent="48">
    <mem type="nursery" free="5570264" total="8257536" percent="67">
      <mem type="allocate" free="5570264" total="6881280" percent="80" />
      <mem type="survivor" free="0" total="1376256" percent="0" />
    </mem>
    <mem type="tenure" free="1665824" total="6684672" percent="24">
      <mem type="soa" free="1436048" total="6350848" percent="22" />
      <mem type="loa" free="229776" total="333824" percent="68" />
    </mem>
    <remembered-set count="120" />
  </mem-info>
</gc-end>
<cycle-end id="1999" type="scavenge" contextid="1993" timestamp="2019-07-02T19:17:36.339">
  <attribute name="GC Util" value="2" />
  <attribute name="CPU Util" value="419254912080" />
  <attribute name="Time Running"value="5567"/>
  <attribute name="Number of cores"value="4"/>
</cycle-end>
<allocation-satisfied id="2000" threadId="0000000000A0EE00" bytesRequested="16392" />
<af-end id="2001" timestamp="2019-07-02T19:17:36.339" threadId="0000000000A0F788" success="true" from="nursery"/>
<exclusive-end id="2002" timestamp="2019-07-02T19:17:36.339" durationms="0.963" />

<exclusive-start id="2003" timestamp="2019-07-02T19:17:36.383" intervalms="45.091">
  <response-info timems="0.046" idlems="0.046" threads="0" lastid="0000000000A12A00" lastname="Thread-5" />
</exclusive-start>
<af-start id="2004" threadId="0000000000A13388" totalBytesRequested="8200" timestamp="2019-07-02T19:17:36.383" intervalms="45.089" type="nursery" />
<cycle-start id="2005" type="scavenge" contextid="0" timestamp="2019-07-02T19:17:36.383" intervalms="45.085" />
  <attribute name="GC Util" value="2" />
  <attribute name="CPU Util" value="419254912080" />
  <attribute name="Time Running"value="5567"/>
  <attribute name="Number of cores"value="4"/>
<gc-start id="2006" type="scavenge" contextid="2005" timestamp="2019-07-02T19:17:36.383">
  <mem-info id="2007" free="1665824" total="14942208" percent="11">
    <mem type="nursery" free="0" total="8257536" percent="0">
      <mem type="allocate" free="0" total="6881280" percent="0" />
      <mem type="survivor" free="0" total="1376256" percent="0" />
    </mem>
    <mem type="tenure" free="1665824" total="6684672" percent="24">
      <mem type="soa" free="1436048" total="6350848" percent="22" />
      <mem type="loa" free="229776" total="333824" percent="68" />
    </mem>
    <remembered-set count="339" />
  </mem-info>
</gc-start>
<allocation-stats totalBytes="5481776" >
  <allocated-bytes non-tlh="16392" tlh="5465384" />
  <largest-consumer threadName="Thread-6" threadId="0000000000A16500" bytes="1877896" />
</allocation-stats>
<gc-op id="2008" type="scavenge" timems="1.514" contextid="2005" timestamp="2019-07-02T19:17:36.385">
  <scavenger-info tenureage="4" tenuremask="7ff0" tiltratio="83" />
  <memory-copied type="nursery" objects="2392" bytes="1023800" bytesdiscarded="312248" />
  <memory-copied type="tenure" objects="9" bytes="552" bytesdiscarded="0" />
  <references type="phantom" candidates="1" cleared="0" enqueued="0" />
</gc-op>
<gc-end id="2009" type="scavenge" contextid="2005" durationms="1.715" usertimems="4.000" systemtimems="0.000" timestamp="2019-07-02T19:17:36.385" activeThreads="4">
  <mem-info id="2010" free="7276504" total="14942208" percent="48">
    <mem type="nursery" free="5610680" total="8257536" percent="67">
      <mem type="allocate" free="5610680" total="6946816" percent="80" />
      <mem type="survivor" free="0" total="1310720" percent="0" />
    </mem>
    <mem type="tenure" free="1665824" total="6684672" percent="24">
      <mem type="soa" free="1436048" total="6350848" percent="22" />
      <mem type="loa" free="229776" total="333824" percent="68" />
    </mem>
    <remembered-set count="122" />
  </mem-info>
</gc-end>
<cycle-end id="2011" type="scavenge" contextid="2005" timestamp="2019-07-02T19:17:36.385">
  <attribute name="GC Util" value="2" />
  <attribute name="CPU Util" value="409079922898" />
  <attribute name="Time Running"value="5612"/>
  <attribute name="Number of cores"value="4"/>
</cycle-end>
<allocation-satisfied id="2012" threadId="0000000000A12A00" bytesRequested="8200" />
<af-end id="2013" timestamp="2019-07-02T19:17:36.385" threadId="0000000000A13388" success="true" from="nursery"/>
<exclusive-end id="2014" timestamp="2019-07-02T19:17:36.385" durationms="2.178" />

<exclusive-start id="2015" timestamp="2019-07-02T19:17:36.434" intervalms="51.064">
  <response-info timems="0.114" idlems="0.064" threads="1" lastid="0000000000A12A00" lastname="Thread-5" />
</exclusive-start>
<af-start id="2016" threadId="0000000000A0BB88" totalBytesRequested="48" timestamp="2019-07-02T19:17:36.434" intervalms="51.066" type="nursery" />
<cycle-start id="2017" type="scavenge" contextid="0" timestamp="2019-07-02T19:17:36.434" intervalms="51.067" />
  <attribute name="GC Util" value="2" />
  <attribute name="CPU Util" value="409079922898" />
  <attribute name="Time Running"value="5612"/>
  <attribute name="Number of cores"value="4"/>
<gc-start id="2018" type="scavenge" contextid="2017" timestamp="2019-07-02T19:17:36.434">
  <mem-info id="2019" free="1665824" total="14942208" percent="11">
    <mem type="nursery" free="0" total="8257536" percent="0">
      <mem type="allocate" free="0" total="6946816" percent="0" />
      <mem type="survivor" free="0" total="1310720" percent="0" />
    </mem>
    <mem type="tenure" free="1665824" total="6684672" percent="24">
      <mem type="soa" free="1436048" total="6350848" percent="22" />
      <mem type="loa" free="229776" total="333824" percent="68" />
    </mem>
    <remembered-set count="333" />
  </mem-info>
</gc-start>
<allocation-stats totalBytes="5596192" >
  <allocated-bytes non-tlh="8200" tlh="5587992" />
  <largest-consumer threadName="Thread-3" threadId="0000000000A0B200" bytes="1580528" />
</allocation-stats>
<gc-op id="2020" type="scavenge" timems="0.405" contextid="2017" timestamp="2019-07-02T19:17:36.435">
  <scavenger-info tenureage="4" tenuremask="7ff0" tiltratio="84" />
  <memory-copied type="nursery" objects="2882" bytes="1142912" bytesdiscarded="144392" />
  <memory-copied type="tenure" objects="15" bytes="864" bytesdiscarded="0" />
</gc-op>
<gc-end id="2021" type="scavenge" contextid="2017" durationms="0.595" usertimems="0.000" systemtimems="0.000" timestamp="2019-07-02T19:17:36.435" activeThreads="4">
  <mem-info id="2022" free="7259720" total="14942208" percent="48">
    <mem type="nursery" free="5593896" total="8257536" percent="67">
      <mem type="allocate" free="5593896" total="6881280" percent="81" />
      <mem type="survivor" free="0" total="1376256" percent="0" />
    </mem>
    <mem type="tenure" free="1665824" total="6684672" percent="24">
      <mem type="soa" free="1436048" total="6350848" percent="22" />
      <mem type="loa" free="229776" total="333824" percent="68" />
    </mem>
    <remembered-set count="118" />
  </mem-info>
</gc-end>
<cycle-end id="2023" type="scavenge" contextid="2017" timestamp="2019-07-02T19:17:36.435">
  <attribute name="GC Util" value="7" />
  <attribute name="CPU Util" value="361236653318" />
  <attribute name="Time Running"value="5663"/>
  <attribute name="Number of cores"value="4"/>
</cycle-end>
<allocation-satisfied id="2024" threadId="0000000000A0B200" bytesRequested="48" />
<af-end id="2025" timestamp="2019-07-02T19:17:36.435" threadId="0000000000A0BB88" success="true" from="nursery"/>
<exclusive-end id="2026" timestamp="2019-07-02T19:17:36.435" durationms="1.209" />

<exclusive-start id="2027" timestamp="2019-07-02T19:17:36.472" intervalms="38.265">
  <response-info timems="0.034" idlems="0.034" threads="0" lastid="0000000000A16500" lastname="Thread-6" />
</exclusive-start>
<af-start id="2028" threadId="0000000000A16E88" totalBytesRequested="8200" timestamp="2019-07-02T19:17:36.473" intervalms="38.262" type="nursery" />
<cycle-start id="2029" type="scavenge" contextid="0" timestamp="2019-07-02T19:17:36.473" intervalms="38.263" />
  <attribute name="GC Util" value="7" />
  <attribute name="CPU Util" value="361236653318" />
  <attribute name="Time Running"value="5663"/>
  <attribute name="Number of cores"value="4"/>
<gc-start id="2030" type="scavenge" contextid="2029" timestamp="2019-07-02T19:17:36.473">
  <mem-info id="2031" free="1665824" total="14942208" percent="11">
    <mem type="nursery" free="0" total="8257536" percent="0">
      <mem type="allocate" free="0" total="6881280" percent="0" />
      <mem type="survivor" free="0" total="1376256" percent="0" />
    </mem>
    <mem type="tenure" free="1665824" total="6684672" percent="24">
      <mem type="soa" free="1436048" total="6350848" percent="22" />
      <mem type="loa" free="229776" total="333824" percent="68" />
    </mem>
    <remembered-set count="326" />
  </mem-info>
</gc-start>
<allocation-stats totalBytes="5552800" >
  <allocated-bytes non-tlh="32824" tlh="5519976" />
  <largest-consumer threadName="Thread-6" threadId="0000000000A16500" bytes="1937032" />
</allocation-stats>
<gc-op id="2032" type="scavenge" timems="0.994" contextid="2029" timestamp="2019-07-02T19:17:36.474">
  <scavenger-info tenureage="4" tenuremask="7ff0" tiltratio="83" />
  <memory-copied type="nursery" objects="2584" bytes="1056688" bytesdiscarded="292440" />
  <memory-copied type="tenure" objects="157" bytes="115152" bytesdiscarded="872" />
  <references type="weak" candidates="1" cleared="0" enqueued="0" />
  <references type="phantom" candidates="1" cleared="0" enqueued="0" />
</gc-op>
<gc-end id="2033" type="scavenge" contextid="2029" durationms="1.351" usertimems="4.000" systemtimems="0.000" timestamp="2019-07-02T19:17:36.474" activeThreads="4">
  <mem-info id="2034" free="7040576" total="14942208" percent="47">
    <mem type="nursery" free="5532080" total="8257536" percent="66">
      <mem type="allocate" free="5532080" total="6881280" percent="80" />
      <mem type="survivor" free="0" total="1376256" percent="0" />
    </mem>
    <mem type="tenure" free="1508496" total="6684672" percent="22">
      <mem type="soa" free="1278720" total="6350848" percent="20" />
      <mem type="loa" free="229776" total="333824" percent="68" />
    </mem>
    <remembered-set count="113" />
  </mem-info>
</gc-end>
<cycle-end id="2035" type="scavenge" contextid="2029" timestamp="2019-07-02T19:17:36.474">
  <attribute name="GC Util" value="3" />
  <attribute name="CPU Util" value="482150425621" />
  <attribute name="Time Running"value="5701"/>
  <attribute name="Number of cores"value="4"/>
</cycle-end>
<allocation-satisfied id="2036" threadId="0000000000A16500" bytesRequested="8200" />
<af-end id="2037" timestamp="2019-07-02T19:17:36.474" threadId="0000000000A16E88" success="true" from="nursery"/>
<exclusive-end id="2038" timestamp="2019-07-02T19:17:36.474" durationms="1.778" />

<exclusive-start id="2039" timestamp="2019-07-02T19:17:36.513" intervalms="40.797">
  <response-info timems="0.149" idlems="0.082" threads="1" lastid="0000000000A12A00" lastname="Thread-5" />
</exclusive-start>
<af-start id="2040" threadId="0000000000A0F788" totalBytesRequested="48" timestamp="2019-07-02T19:17:36.513" intervalms="40.804" type="nursery" />
<cycle-start id="2041" type="scavenge" contextid="0" timestamp="2019-07-02T19:17:36.513" intervalms="40.803" />
  <attribute name="GC Util" value="3" />
  <attribute name="CPU Util" value="482150425621" />
  <attribute name="Time Running"value="5701"/>
  <attribute name="Number of cores"value="4"/>
<gc-start id="2042" type="scavenge" contextid="2041" timestamp="2019-07-02T19:17:36.513">
  <mem-info id="2043" free="1508496" total="14942208" percent="10">
    <mem type="nursery" free="0" total="8257536" percent="0">
      <mem type="allocate" free="0" total="6881280" percent="0" />
      <mem type="survivor" free="0" total="1376256" percent="0" />
    </mem>
    <mem type="tenure" free="1508496" total="6684672" percent="22">
      <mem type="soa" free="1278720" total="6350848" percent="20" />
      <mem type="loa" free="229776" total="333824" percent="68" />
    </mem>
    <remembered-set count="318" />
  </mem-info>
</gc-start>
<allocation-stats totalBytes="5451208" >
  <allocated-bytes non-tlh="8200" tlh="5443008" />
  <largest-consumer threadName="Thread-6" threadId="0000000000A16500" bytes="1914400" />
</allocation-stats>
<gc-op id="2044" type="scavenge" timems="0.409" contextid="2041" timestamp="2019-07-02T19:17:36.514">
  <scavenger-info tenureage="4" tenuremask="7ff0" tiltratio="83" />
  <memory-copied type="nursery" objects="2280" bytes="931968" bytesdiscarded="384536" />
  <memory-copied type="tenure" objects="28" bytes="36776" bytesdiscarded="224" />
  <references type="phantom" candidates="2" cleared="0" enqueued="0" />
</gc-op>
<gc-end id="2045" type="scavenge" contextid="2041" durationms="0.599" usertimems="0.000" systemtimems="0.000" timestamp="2019-07-02T19:17:36.514" activeThreads="4">
  <mem-info id="2046" free="7065752" total="14942208" percent="47">
    <mem type="nursery" free="5630232" total="8257536" percent="68">
      <mem type="allocate" free="5630232" total="6946816" percent="81" />
      <mem type="survivor" free="0" total="1310720" percent="0" />
    </mem>
    <mem type="tenure" free="1435520" total="6684672" percent="21">
      <mem type="soa" free="1205744" total="6350848" percent="18" />
      <mem type="loa" free="229776" total="333824" percent="68" />
    </mem>
    <remembered-set count="109" />
  </mem-info>
</gc-end>
<cycle-end id="2047" type="scavenge" contextid="2041" timestamp="2019-07-02T19:17:36.514">
  <attribute name="GC Util" value="6" />
  <attribute name="CPU Util" value="452099640635" />
  <attribute name="Time Running"value="5742"/>
  <attribute name="Number of cores"value="4"/>
</cycle-end>
<allocation-satisfied id="2048" threadId="0000000000A0EE00" bytesRequested="48" />
<af-end id="2049" timestamp="2019-07-02T19:17:36.514" threadId="0000000000A0F788" success="true" from="nursery"/>
<exclusive-end id="2050" timestamp="2019-07-02T19:17:36.514" durationms="1.096" />

<exclusive-start id="2051" timestamp="2019-07-02T19:17:36.558" intervalms="45.060">
  <response-info timems="0.171" idlems="0.093" threads="1" lastid="0000000000A12A00" lastname="Thread-5" />
</exclusive-start>
<af-start id="2052" threadId="0000000000A16E88" totalBytesRequested="48" timestamp="2019-07-02T19:17:36.558" intervalms="45.053" type="nursery" />
<cycle-start id="2053" type="scavenge" contextid="0" timestamp="2019-07-02T19:17:36.558" intervalms="45.054" />
  <attribute name="GC Util" value="6" />
  <attribute name="CPU Util" value="452099640635" />
  <attribute name="Time Running"value="5742"/>
  <attribute name="Number of cores"value="4"/>
<gc-start id="2054" type="scavenge" contextid="2053" timestamp="2019-07-02T19:17:36.559">
  <mem-info id="2055" free="1435520" total="14942208" percent="9">
    <mem type="nursery" free="0" total="8257536" percent="0">
      <mem type="allocate" free="0" total="6946816" percent="0" />
      <mem type="survivor" free="0" total="1310720" percent="0" />
    </mem>
    <mem type="tenure" free="1435520" total="6684672" percent="21">
      <mem type="soa" free="1205744" total="6350848" percent="18" />
      <mem type="loa" free="229776" total="333824" percent="68" />
    </mem>
    <remembered-set count="303" />
  </mem-info>
</gc-start>
<allocation-stats totalBytes="5617416" >
  <allocated-bytes non-tlh="48" tlh="5617368" />
  <largest-consumer threadName="Thread-3" threadId="0000000000A0B200" bytes="2227304" />
</allocation-stats>
<gc-op id="2056" type="scavenge" timems="0.863" contextid="2053" timestamp="2019-07-02T19:17:36.559">
  <scavenger-info tenureage="4" tenuremask="7ff0" tiltratio="84" />
  <memory-copied type="nursery" objects="2506" bytes="1023160" bytesdiscarded="157368" />
  <memory-copied type="tenure" objects="4" bytes="144" bytesdiscarded="0" />
  <references type="phantom" candidates="1" cleared="0" enqueued="0" />
</gc-op>
<gc-end id="2057" type="scavenge" contextid="2053" durationms="1.214" usertimems="0.000" systemtimems="4.000" timestamp="2019-07-02T19:17:36.560" activeThreads="4">
  <mem-info id="2058" free="7201736" total="14942208" percent="48">
    <mem type="nursery" free="5766216" total="8257536" percent="69">
      <mem type="allocate" free="5766216" total="6946816" percent="83" />
      <mem type="survivor" free="0" total="1310720" percent="0" />
    </mem>
    <mem type="tenure" free="1435520" total="6684672" percent="21">
      <mem type="soa" free="1205744" total="6350848" percent="18" />
      <mem type="loa" free="229776" total="333824" percent="68" />
    </mem>
    <remembered-set count="107" />
  </mem-info>
</gc-end>
<cycle-end id="2059" type="scavenge" contextid="2053" timestamp="2019-07-02T19:17:36.560">
  <attribute name="GC Util" value="2" />
  <attribute name="CPU Util" value="409432450599" />
  <attribute name="Time Running"value="5787"/>
  <attribute name="Number of cores"value="4"/>
</cycle-end>
<allocation-satisfied id="2060" threadId="0000000000A16500" bytesRequested="48" />
<af-end id="2061" timestamp="2019-07-02T19:17:36.560" threadId="0000000000A16E88" success="true" from="nursery"/>
<exclusive-end id="2062" timestamp="2019-07-02T19:17:36.560" durationms="1.640" />

<exclusive-start id="2063" timestamp="2019-07-02T19:17:36.602" intervalms="44.145">
  <response-info timems="0.024" idlems="0.024" threads="0" lastid="0000000000A0B200" lastname="Thread-3" />
</exclusive-start>
<af-start id="2064" threadId="0000000000A0BB88" totalBytesRequested="8200" timestamp="2019-07-02T19:17:36.603" intervalms="44.150" type="nursery" />
<cycle-start id="2065" type="scavenge" contextid="0" timestamp="2019-07-02T19:17:36.603" intervalms="44.148" />
  <attribute name="GC Util" value="2" />
  <attribute name="CPU Util" value="409432450599" />
  <attribute name="Time Running"value="5787"/>
  <attribute name="Number of cores"value="4"/>
<gc-start id="2066" type="scavenge" contextid="2065" timestamp="2019-07-02T19:17:36.603">
  <mem-info id="2067" free="1435520" total="14942208" percent="9">
    <mem type="nursery" free="0" total="8257536" percent="0">
      <mem type="allocate" free="0" total="6946816" percent="0" />
      <mem type="survivor" free="0" total="1310720" percent="0" />
    </mem>
    <mem type="tenure" free="1435520" total="6684672" percent="21">
      <mem type="soa" free="1205744" total="6350848" percent="18" />
      <mem type="loa" free="229776" total="333824" percent="68" />
    </mem>
    <remembered-set count="314" />
  </mem-info>
</gc-start>
<allocation-stats totalBytes="5740992" >
  <allocated-bytes non-tlh="48" tlh="5740944" />
  <largest-consumer threadName="Thread-6" threadId="0000000000A16500" bytes="2291984" />
</allocation-stats>
<gc-op id="2068" type="scavenge" timems="0.384" contextid="2065" timestamp="2019-07-02T19:17:36.603">
  <scavenger-info tenureage="4" tenuremask="7ff0" tiltratio="84" />
  <memory-copied type="nursery" objects="2282" bytes="915080" bytesdiscarded="312312" />
  <references type="phantom" candidates="1" cleared="0" enqueued="0" />
</gc-op>
<gc-end id="2069" type="scavenge" contextid="2065" durationms="0.560" usertimems="0.000" systemtimems="0.000" timestamp="2019-07-02T19:17:36.603" activeThreads="4">
  <mem-info id="2070" free="7220408" total="14942208" percent="48">
    <mem type="nursery" free="5784888" total="8257536" percent="70">
      <mem type="allocate" free="5784888" total="7012352" percent="82" />
      <mem type="survivor" free="0" total="1245184" percent="0" />
    </mem>
    <mem type="tenure" free="1435520" total="6684672" percent="21">
      <mem type="soa" free="1205744" total="6350848" percent="18" />
      <mem type="loa" free="229776" total="333824" percent="68" />
    </mem>
    <remembered-set count="104" />
  </mem-info>
</gc-end>
<cycle-end id="2071" type="scavenge" contextid="2065" timestamp="2019-07-02T19:17:36.603">
  <attribute name="GC Util" value="5" />
  <attribute name="CPU Util" value="417827576479" />
  <attribute name="Time Running"value="5831"/>
  <attribute name="Number of cores"value="4"/>
</cycle-end>
<allocation-satisfied id="2072" threadId="0000000000A0B200" bytesRequested="8200" />
<af-end id="2073" timestamp="2019-07-02T19:17:36.603" threadId="0000000000A0BB88" success="true" from="nursery"/>
<exclusive-end id="2074" timestamp="2019-07-02T19:17:36.603" durationms="0.978" />

<exclusive-start id="2075" timestamp="2019-07-02T19:17:36.661" intervalms="58.405">
  <response-info timems="0.189" idlems="0.102" threads="1" lastid="0000000000A0EE00" lastname="Thread-4" />
</exclusive-start>
<af-start id="2076" threadId="0000000000A0BB88" totalBytesRequested="32776" timestamp="2019-07-02T19:17:36.661" intervalms="58.404" type="nursery" />
<cycle-start id="2077" type="scavenge" contextid="0" timestamp="2019-07-02T19:17:36.661" intervalms="58.402" />
  <attribute name="GC Util" value="5" />
  <attribute name="CPU Util" value="417827576479" />
  <attribute name="Time Running"value="5831"/>
  <attribute name="Number of cores"value="4"/>
<gc-start id="2078" type="scavenge" contextid="2077" timestamp="2019-07-02T19:17:36.661">
  <mem-info id="2079" free="1435520" total="14942208" percent="9">
    <mem type="nursery" free="0" total="8257536" percent="0">
      <mem type="allocate" free="0" total="7012352" percent="0" />
      <mem type="survivor" free="0" total="1245184" percent="0" />
    </mem>
    <mem type="tenure" free="1435520" total="6684672" percent="21">
      <mem type="soa" free="1205744" total="6350848" percent="18" />
      <mem type="loa" free="229776" total="333824" percent="68" />
    </mem>
    <remembered-set count="315" />
  </mem-info>
</gc-start>
<allocation-stats totalBytes="5741752" >
  <allocated-bytes non-tlh="8200" tlh="5733552" />
  <largest-consumer threadName="Thread-6" threadId="0000000000A16500" bytes="2046872" />
</allocation-stats>
<gc-op id="2080" type="scavenge" timems="0.303" contextid="2077" timestamp="2019-07-02T19:17:36.661">
  <scavenger-info tenureage="4" tenuremask="7ff0" tiltratio="84" />
  <memory-copied type="nursery" objects="2452" bytes="959000" bytesdiscarded="286104" />
</gc-op>
<gc-end id="2081" type="scavenge" contextid="2077" durationms="0.530" usertimems="4.000" systemtimems="0.000" timestamp="2019-07-02T19:17:36.662" activeThreads="4">
  <mem-info id="2082" free="7202688" total="14942208" percent="48">
    <mem type="nursery" free="5767168" total="8257536" percent="69">
      <mem type="allocate" free="5767168" total="7012352" percent="82" />
      <mem type="survivor" free="0" total="1245184" percent="0" />
    </mem>
    <mem type="tenure" free="1435520" total="6684672" percent="21">
      <mem type="soa" free="1205744" total="6350848" percent="18" />
      <mem type="loa" free="229776" total="333824" percent="68" />
    </mem>
    <remembered-set count="98" />
  </mem-info>
</gc-end>
<cycle-end id="2083" type="scavenge" contextid="2077" timestamp="2019-07-02T19:17:36.662">
  <attribute name="GC Util" value="1" />
  <attribute name="CPU Util" value="315791444139" />
  <attribute name="Time Running"value="5890"/>
  <attribute name="Number of cores"value="4"/>
</cycle-end>
<allocation-satisfied id="2084" threadId="0000000000A0B200" bytesRequested="32776" />
<af-end id="2085" timestamp="2019-07-02T19:17:36.662" threadId="0000000000A0BB88" success="true" from="nursery"/>
<exclusive-end id="2086" timestamp="2019-07-02T19:17:36.662" durationms="1.113" />

<exclusive-start id="2087" timestamp="2019-07-02T19:17:36.718" intervalms="56.803">
  <response-info timems="0.047" idlems="0.047" threads="0" lastid="0000000000A12A00" lastname="Thread-5" />
</exclusive-start>
<af-start id="2088" threadId="0000000000A13388" totalBytesRequested="48" timestamp="2019-07-02T19:17:36.718" intervalms="56.801" type="nursery" />
<cycle-start id="2089" type="scavenge" contextid="0" timestamp="2019-07-02T19:17:36.718" intervalms="56.803" />
  <attribute name="GC Util" value="1" />
  <attribute name="CPU Util" value="315791444139" />
  <attribute name="Time Running"value="5890"/>
  <attribute name="Number of cores"value="4"/>
<gc-start id="2090" type="scavenge" contextid="2089" timestamp="2019-07-02T19:17:36.718">
  <mem-info id="2091" free="1435520" total="14942208" percent="9">
    <mem type="nursery" free="0" total="8257536" percent="0">
      <mem type="allocate" free="0" total="7012352" percent="0" />
      <mem type="survivor" free="0" total="1245184" percent="0" />
    </mem>
    <mem type="tenure" free="1435520" total="6684672" percent="21">
      <mem type="soa" free="1205744" total="6350848" percent="18" />
      <mem type="loa" free="229776" total="333824" percent="68" />
    </mem>
    <remembered-set count="293" />
  </mem-info>
</gc-start>
<allocation-stats totalBytes="5734144" >
  <allocated-bytes non-tlh="32776" tlh="5701368" />
  <largest-consumer threadName="Thread-3" threadId="0000000000A0B200" bytes="2141440" />
</allocation-stats>
<gc-op id="2092" type="scavenge" timems="0.701" contextid="2089" timestamp="2019-07-02T19:17:36.719">
  <scavenger-info tenureage="4" tenuremask="7ff0" tiltratio="84" />
  <memory-copied type="nursery" objects="2639" bytes="1036856" bytesdiscarded="174288" />
  <memory-copied type="tenure" objects="4" bytes="144" bytesdiscarded="0" />
</gc-op>
<gc-end id="2093" type="scavenge" contextid="2089" durationms="0.879" usertimems="0.000" systemtimems="4.000" timestamp="2019-07-02T19:17:36.719" activeThreads="4">
  <mem-info id="2094" free="7236664" total="14942208" percent="48">
    <mem type="nursery" free="5801144" total="8257536" percent="70">
      <mem type="allocate" free="5801144" total="7012352" percent="82" />
      <mem type="survivor" free="0" total="1245184" percent="0" />
    </mem>
    <mem type="tenure" free="1435520" total="6684672" percent="21">
      <mem type="soa" free="1205744" total="6350848" percent="18" />
      <mem type="loa" free="229776" total="333824" percent="68" />
    </mem>
    <remembered-set count="107" />
  </mem-info>
</gc-end>
<cycle-end id="2095" type="scavenge" contextid="2089" timestamp="2019-07-02T19:17:36.719">
  <attribute name="GC Util" value="2" />
  <attribute name="CPU Util" value="324835367835" />
  <attribute name="Time Running"value="5947"/>
  <attribute name="Number of cores"value="4"/>
</cycle-end>
<allocation-satisfied id="2096" threadId="0000000000A12A00" bytesRequested="48" />
<af-end id="2097" timestamp="2019-07-02T19:17:36.719" threadId="0000000000A13388" success="true" from="nursery"/>
<exclusive-end id="2098" timestamp="2019-07-02T19:17:36.719" durationms="1.291" />

<exclusive-start id="2099" timestamp="2019-07-02T19:17:36.762" intervalms="43.951">
  <response-info timems="0.040" idlems="0.040" threads="0" lastid="0000000000A0B200" lastname="Thread-3" />
</exclusive-start>
<af-start id="2100" threadId="0000000000A0BB88" totalBytesRequested="32776" timestamp="2019-07-02T19:17:36.762" intervalms="43.955" type="nursery" />
<cycle-start id="2101" type="scavenge" contextid="0" timestamp="2019-07-02T19:17:36.762" intervalms="43.959" />
  <attribute name="GC Util" value="2" />
  <attribute name="CPU Util" value="324835367835" />
  <attribute name="Time Running"value="5947"/>
  <attribute name="Number of cores"value="4"/>
<gc-start id="2102" type="scavenge" contextid="2101" timestamp="2019-07-02T19:17:36.762">
  <mem-info id="2103" free="1435520" total="14942208" percent="9">
    <mem type="nursery" free="0" total="8257536" percent="0">
      <mem type="allocate" free="0" total="7012352" percent="0" />
      <mem type="survivor" free="0" total="1245184" percent="0" />
    </mem>
    <mem type="tenure" free="1435520" total="6684672" percent="21">
      <mem type="soa" free="1205744" total="6350848" percent="18" />
      <mem type="loa" free="229776" total="333824" percent="68" />
    </mem>
    <remembered-set count="301" />
  </mem-info>
</gc-start>
<allocation-stats totalBytes="5727552" >
  <allocated-bytes non-tlh="65600" tlh="5661952" />
  <largest-consumer threadName="Thread-6" threadId="0000000000A16500" bytes="1916488" />
</allocation-stats>
<gc-op id="2104" type="scavenge" timems="0.387" contextid="2101" timestamp="2019-07-02T19:17:36.762">
  <scavenger-info tenureage="4" tenuremask="7ff0" tiltratio="84" />
  <memory-copied type="nursery" objects="2009" bytes="944088" bytesdiscarded="301016" />
</gc-op>
<gc-end id="2105" type="scavenge" contextid="2101" durationms="0.741" usertimems="0.000" systemtimems="0.000" timestamp="2019-07-02T19:17:36.763" activeThreads="4">
  <mem-info id="2106" free="7202688" total="14942208" percent="48">
    <mem type="nursery" free="5767168" total="8257536" percent="69">
      <mem type="allocate" free="5767168" total="7012352" percent="82" />
      <mem type="survivor" free="0" total="1245184" percent="0" />
    </mem>
    <mem type="tenure" free="1435520" total="6684672" percent="21" macro-fragmented="2539">
      <mem type="soa" free="1205744" total="6350848" percent="18" />
      <mem type="loa" free="229776" total="333824" percent="68" />
    </mem>
    <remembered-set count="96" />
  </mem-info>
</gc-end>
<cycle-end id="2107" type="scavenge" contextid="2101" timestamp="2019-07-02T19:17:36.763">
  <attribute name="GC Util" value="4" />
  <attribute name="CPU Util" value="419590679004" />
  <attribute name="Time Running"value="5990"/>
  <attribute name="Number of cores"value="4"/>
</cycle-end>
<allocation-satisfied id="2108" threadId="0000000000A0B200" bytesRequested="32776" />
<af-end id="2109" timestamp="2019-07-02T19:17:36.763" threadId="0000000000A0BB88" success="true" from="nursery"/>
<exclusive-end id="2110" timestamp="2019-07-02T19:17:36.763" durationms="1.170" />

<exclusive-start id="2111" timestamp="2019-07-02T19:17:36.813" intervalms="51.055">
  <response-info timems="0.040" idlems="0.040" threads="0" lastid="0000000000A0B200" lastname="Thread-3" />
</exclusive-start>
<af-start id="2112" threadId="0000000000A0BB88" totalBytesRequested="2056" timestamp="2019-07-02T19:17:36.813" intervalms="51.057" type="nursery" />
<cycle-start id="2113" type="scavenge" contextid="0" timestamp="2019-07-02T19:17:36.813" intervalms="51.055" />
  <attribute name="GC Util" value="4" />
  <attribute name="CPU Util" value="419590679004" />
  <attribute name="Time Running"value="5990"/>
  <attribute name="Number of cores"value="4"/>
<gc-start id="2114" type="scavenge" contextid="2113" timestamp="2019-07-02T19:17:36.813">
  <mem-info id="2115" free="1435520" total="14942208" percent="9">
    <mem type="nursery" free="0" total="8257536" percent="0">
      <mem type="allocate" free="0" total="7012352" percent="0" />
      <mem type="survivor" free="0" total="1245184" percent="0" />
    </mem>
    <mem type="tenure" free="1435520" total="6684672" percent="21">
      <mem type="soa" free="1205744" total="6350848" percent="18" />
      <mem type="loa" free="229776" total="333824" percent="68" />
    </mem>
    <remembered-set count="304" />
  </mem-info>
</gc-start>
<allocation-stats totalBytes="5706032" >
  <allocated-bytes non-tlh="32776" tlh="5673256" />
  <largest-consumer threadName="Thread-3" threadId="0000000000A0B200" bytes="1871136" />
</allocation-stats>
<gc-op id="2116" type="scavenge" timems="0.412" contextid="2113" timestamp="2019-07-02T19:17:36.813">
  <scavenger-info tenureage="4" tenuremask="7ff0" tiltratio="84" />
  <memory-copied type="nursery" objects="2434" bytes="942160" bytesdiscarded="281984" />
  <references type="phantom" candidates="1" cleared="0" enqueued="0" />
</gc-op>
<gc-end id="2117" type="scavenge" contextid="2113" durationms="0.716" usertimems="0.000" systemtimems="0.000" timestamp="2019-07-02T19:17:36.814" activeThreads="4">
  <mem-info id="2118" free="7289192" total="14942208" percent="48">
    <mem type="nursery" free="5853672" total="8257536" percent="70">
      <mem type="allocate" free="5853672" total="7077888" percent="82" />
      <mem type="survivor" free="0" total="1179648" percent="0" />
    </mem>
    <mem type="tenure" free="1435520" total="6684672" percent="21" macro-fragmented="6319">
      <mem type="soa" free="1205744" total="6350848" percent="18" />
      <mem type="loa" free="229776" total="333824" percent="68" />
    </mem>
    <remembered-set count="106" />
  </mem-info>
</gc-end>
<cycle-end id="2119" type="scavenge" contextid="2113" timestamp="2019-07-02T19:17:36.814">
  <attribute name="GC Util" value="2" />
  <attribute name="CPU Util" value="361227443322" />
  <attribute name="Time Running"value="6042"/>
  <attribute name="Number of cores"value="4"/>
</cycle-end>
<allocation-satisfied id="2120" threadId="0000000000A0B200" bytesRequested="2056" />
<af-end id="2121" timestamp="2019-07-02T19:17:36.814" threadId="0000000000A0BB88" success="true" from="nursery"/>
<exclusive-end id="2122" timestamp="2019-07-02T19:17:36.814" durationms="1.250" />

<exclusive-start id="2123" timestamp="2019-07-02T19:17:36.863" intervalms="49.853">
  <response-info timems="0.030" idlems="0.030" threads="0" lastid="0000000000A16500" lastname="Thread-6" />
</exclusive-start>
<af-start id="2124" threadId="0000000000A16E88" totalBytesRequested="16392" timestamp="2019-07-02T19:17:36.863" intervalms="49.887" type="nursery" />
<cycle-start id="2125" type="scavenge" contextid="0" timestamp="2019-07-02T19:17:36.863" intervalms="49.886" />
  <attribute name="GC Util" value="2" />
  <attribute name="CPU Util" value="361227443322" />
  <attribute name="Time Running"value="6042"/>
  <attribute name="Number of cores"value="4"/>
<gc-start id="2126" type="scavenge" contextid="2125" timestamp="2019-07-02T19:17:36.863">
  <mem-info id="2127" free="1435520" total="14942208" percent="9">
    <mem type="nursery" free="0" total="8257536" percent="0">
      <mem type="allocate" free="0" total="7077888" percent="0" />
      <mem type="survivor" free="0" total="1179648" percent="0" />
    </mem>
    <mem type="tenure" free="1435520" total="6684672" percent="21">
      <mem type="soa" free="1205744" total="6350848" percent="18" />
      <mem type="loa" free="229776" total="333824" percent="68" />
    </mem>
    <remembered-set count="299" />
  </mem-info>
</gc-start>
<allocation-stats totalBytes="5824224" >
  <allocated-bytes non-tlh="2056" tlh="5822168" />
  <largest-consumer threadName="Thread-3" threadId="0000000000A0B200" bytes="2028080" />
</allocation-stats>
<gc-op id="2128" type="scavenge" timems="0.905" contextid="2125" timestamp="2019-07-02T19:17:36.864">
  <scavenger-info tenureage="4" tenuremask="7ff0" tiltratio="85" />
  <memory-copied type="nursery" objects="2461" bytes="944912" bytesdiscarded="234672" />
  <memory-copied type="tenure" objects="217" bytes="138648" bytesdiscarded="8" />
  <copy-failed type="nursery" objects="213" bytes="138512" />
  <references type="phantom" candidates="2" cleared="0" enqueued="0" />
</gc-op>
<gc-end id="2129" type="scavenge" contextid="2125" durationms="1.355" usertimems="4.000" systemtimems="0.000" timestamp="2019-07-02T19:17:36.864" activeThreads="4">
  <mem-info id="2130" free="6999120" total="14942208" percent="46">
    <mem type="nursery" free="5701632" total="8257536" percent="69">
      <mem type="allocate" free="5701632" total="6881280" percent="82" />
      <mem type="survivor" free="0" total="1376256" percent="0" />
    </mem>
    <mem type="tenure" free="1297488" total="6684672" percent="19" macro-fragmented="5266">
      <mem type="soa" free="1067712" total="6350848" percent="16" />
      <mem type="loa" free="229776" total="333824" percent="68" />
    </mem>
    <remembered-set count="116" />
  </mem-info>
</gc-end>
<cycle-end id="2131" type="scavenge" contextid="2125" timestamp="2019-07-02T19:17:36.864">
  <attribute name="GC Util" value="2" />
  <attribute name="CPU Util" value="369827474394" />
  <attribute name="Time Running"value="6091"/>
  <attribute name="Number of cores"value="4"/>
</cycle-end>
<allocation-satisfied id="2132" threadId="0000000000A16500" bytesRequested="16392" />
<af-end id="2133" timestamp="2019-07-02T19:17:36.864" threadId="0000000000A16E88" success="true" from="nursery"/>
<exclusive-end id="2134" timestamp="2019-07-02T19:17:36.864" durationms="1.831" />

<exclusive-start id="2135" timestamp="2019-07-02T19:17:36.913" intervalms="50.147">
  <response-info timems="0.056" idlems="0.056" threads="0" lastid="0000000000A0B200" lastname="Thread-3" />
</exclusive-start>
<af-start id="2136" threadId="0000000000A0BB88" totalBytesRequested="16392" timestamp="2019-07-02T19:17:36.913" intervalms="50.127" type="nursery" />
<cycle-start id="2137" type="scavenge" contextid="0" timestamp="2019-07-02T19:17:36.913" intervalms="50.132" />
  <attribute name="GC Util" value="2" />
  <attribute name="CPU Util" value="369827474394" />
  <attribute name="Time Running"value="6091"/>
  <attribute name="Number of cores"value="4"/>
<gc-start id="2138" type="scavenge" contextid="2137" timestamp="2019-07-02T19:17:36.913">
  <mem-info id="2139" free="1297488" total="14942208" percent="8">
    <mem type="nursery" free="0" total="8257536" percent="0">
      <mem type="allocate" free="0" total="6881280" percent="0" />
      <mem type="survivor" free="0" total="1376256" percent="0" />
    </mem>
    <mem type="tenure" free="1297488" total="6684672" percent="19">
      <mem type="soa" free="1067712" total="6350848" percent="16" />
      <mem type="loa" free="229776" total="333824" percent="68" />
    </mem>
    <remembered-set count="340" />
  </mem-info>
</gc-start>
<allocation-stats totalBytes="5667696" >
  <allocated-bytes non-tlh="16392" tlh="5651304" />
  <largest-consumer threadName="Thread-6" threadId="0000000000A16500" bytes="1777624" />
</allocation-stats>
<gc-op id="2140" type="scavenge" timems="0.320" contextid="2137" timestamp="2019-07-02T19:17:36.913">
  <scavenger-info tenureage="4" tenuremask="7ff0" tiltratio="83" />
  <memory-copied type="nursery" objects="1693" bytes="753632" bytesdiscarded="267688" />
</gc-op>
<gc-end id="2141" type="scavenge" contextid="2137" durationms="0.599" usertimems="0.000" systemtimems="0.000" timestamp="2019-07-02T19:17:36.914" activeThreads="4">
  <mem-info id="2142" free="7222896" total="14942208" percent="48">
    <mem type="nursery" free="5925408" total="8257536" percent="71">
      <mem type="allocate" free="5925408" total="6946816" percent="85" />
      <mem type="survivor" free="0" total="1310720" percent="0" />
    </mem>
    <mem type="tenure" free="1297488" total="6684672" percent="19" macro-fragmented="0">
      <mem type="soa" free="1067712" total="6350848" percent="16" />
      <mem type="loa" free="229776" total="333824" percent="68" />
    </mem>
    <remembered-set count="126" />
  </mem-info>
</gc-end>
<cycle-end id="2143" type="scavenge" contextid="2137" timestamp="2019-07-02T19:17:36.914">
  <attribute name="GC Util" value="5" />
  <attribute name="CPU Util" value="367918704282" />
  <attribute name="Time Running"value="6142"/>
  <attribute name="Number of cores"value="4"/>
</cycle-end>
<allocation-satisfied id="2144" threadId="0000000000A0B200" bytesRequested="16392" />
<af-end id="2145" timestamp="2019-07-02T19:17:36.914" threadId="0000000000A0BB88" success="true" from="nursery"/>
<exclusive-end id="2146" timestamp="2019-07-02T19:17:36.914" durationms="1.082" />

<exclusive-start id="2147" timestamp="2019-07-02T19:17:36.956" intervalms="43.627">
  <response-info timems="0.038" idlems="0.038" threads="0" lastid="0000000000A0B200" lastname="Thread-3" />
</exclusive-start>
<af-start id="2148" threadId="0000000000A0BB88" totalBytesRequested="2056" timestamp="2019-07-02T19:17:36.956" intervalms="43.613" type="nursery" />
<cycle-start id="2149" type="scavenge" contextid="0" timestamp="2019-07-02T19:17:36.956" intervalms="43.611" />
  <attribute name="GC Util" value="5" />
  <attribute name="CPU Util" value="367918704282" />
  <attribute name="Time Running"value="6142"/>
  <attribute name="Number of cores"value="4"/>
<gc-start id="2150" type="scavenge" contextid="2149" timestamp="2019-07-02T19:17:36.957">
  <mem-info id="2151" free="1297488" total="14942208" percent="8">
    <mem type="nursery" free="0" total="8257536" percent="0">
      <mem type="allocate" free="0" total="6946816" percent="0" />
      <mem type="survivor" free="0" total="1310720" percent="0" />
    </mem>
    <mem type="tenure" free="1297488" total="6684672" percent="19">
      <mem type="soa" free="1067712" total="6350848" percent="16" />
      <mem type="loa" free="229776" total="333824" percent="68" />
    </mem>
    <remembered-set count="331" />
  </mem-info>
</gc-start>
<allocation-stats totalBytes="5877328" >
  <allocated-bytes non-tlh="16392" tlh="5860936" />
  <largest-consumer threadName="Thread-3" threadId="0000000000A0B200" bytes="2152248" />
</allocation-stats>
<gc-op id="2152" type="scavenge" timems="0.469" contextid="2149" timestamp="2019-07-02T19:17:36.957">
  <scavenger-info tenureage="4" tenuremask="7ff0" tiltratio="84" />
  <memory-copied type="nursery" objects="2509" bytes="1013472" bytesdiscarded="297160" />
  <memory-copied type="tenure" objects="1" bytes="32776" bytesdiscarded="0" />
  <copy-failed type="nursery" objects="1" bytes="32776" />
  <references type="phantom" candidates="1" cleared="0" enqueued="0" />
</gc-op>
<gc-end id="2153" type="scavenge" contextid="2149" durationms="0.770" usertimems="0.000" systemtimems="0.000" timestamp="2019-07-02T19:17:36.957" activeThreads="4">
  <mem-info id="2154" free="6704200" total="14942208" percent="44">
    <mem type="nursery" free="5439488" total="8257536" percent="65">
      <mem type="allocate" free="5439488" total="6750208" percent="80" />
      <mem type="survivor" free="0" total="1507328" percent="0" />
    </mem>
    <mem type="tenure" free="1264712" total="6684672" percent="18" macro-fragmented="10920">
      <mem type="soa" free="1034936" total="6350848" percent="16" />
      <mem type="loa" free="229776" total="333824" percent="68" />
    </mem>
    <remembered-set count="131" />
  </mem-info>
</gc-end>
<cycle-end id="2155" type="scavenge" contextid="2149" timestamp="2019-07-02T19:17:36.957">
  <attribute name="GC Util" value="2" />
  <attribute name="CPU Util" value="423097252667" />
  <attribute name="Time Running"value="6185"/>
  <attribute name="Number of cores"value="4"/>
</cycle-end>
<allocation-satisfied id="2156" threadId="0000000000A0B200" bytesRequested="2056" />
<af-end id="2157" timestamp="2019-07-02T19:17:36.957" threadId="0000000000A0BB88" success="true" from="nursery"/>
<exclusive-end id="2158" timestamp="2019-07-02T19:17:36.958" durationms="1.204" />

<exclusive-start id="2159" timestamp="2019-07-02T19:17:37.000" intervalms="43.738">
  <response-info timems="0.036" idlems="0.036" threads="0" lastid="0000000000A0B200" lastname="Thread-3" />
</exclusive-start>
<af-start id="2160" threadId="0000000000A0BB88" totalBytesRequested="16392" timestamp="2019-07-02T19:17:37.000" intervalms="43.733" type="nursery" />
<cycle-start id="2161" type="scavenge" contextid="0" timestamp="2019-07-02T19:17:37.000" intervalms="43.731" />
  <attribute name="GC Util" value="2" />
  <attribute name="CPU Util" value="423097252667" />
  <attribute name="Time Running"value="6185"/>
  <attribute name="Number of cores"value="4"/>
<gc-start id="2162" type="scavenge" contextid="2161" timestamp="2019-07-02T19:17:37.000">
  <mem-info id="2163" free="1264712" total="14942208" percent="8">
    <mem type="nursery" free="0" total="8257536" percent="0">
      <mem type="allocate" free="0" total="6750208" percent="0" />
      <mem type="survivor" free="0" total="1507328" percent="0" />
    </mem>
    <mem type="tenure" free="1264712" total="6684672" percent="18">
      <mem type="soa" free="1034936" total="6350848" percent="16" />
      <mem type="loa" free="229776" total="333824" percent="68" />
    </mem>
    <remembered-set count="339" />
  </mem-info>
</gc-start>
<allocation-stats totalBytes="5414928" >
  <allocated-bytes non-tlh="2056" tlh="5412872" />
  <largest-consumer threadName="Thread-3" threadId="0000000000A0B200" bytes="1843600" />
</allocation-stats>
<gc-op id="2164" type="scavenge" timems="0.413" contextid="2161" timestamp="2019-07-02T19:17:37.001">
  <scavenger-info tenureage="4" tenuremask="7ff0" tiltratio="81" />
  <memory-copied type="nursery" objects="2337" bytes="924936" bytesdiscarded="295296" />
  <memory-copied type="tenure" objects="1" bytes="24" bytesdiscarded="0" />
</gc-op>
<gc-end id="2165" type="scavenge" contextid="2161" durationms="0.684" usertimems="4.000" systemtimems="0.000" timestamp="2019-07-02T19:17:37.001" activeThreads="4">
  <mem-info id="2166" free="6860144" total="14942208" percent="45">
    <mem type="nursery" free="5595432" total="8257536" percent="67">
      <mem type="allocate" free="5595432" total="6815744" percent="82" />
      <mem type="survivor" free="0" total="1441792" percent="0" />
    </mem>
    <mem type="tenure" free="1264712" total="6684672" percent="18" macro-fragmented="23080">
      <mem type="soa" free="1034936" total="6350848" percent="16" />
      <mem type="loa" free="229776" total="333824" percent="68" />
    </mem>
    <remembered-set count="130" />
  </mem-info>
</gc-end>
<cycle-end id="2167" type="scavenge" contextid="2161" timestamp="2019-07-02T19:17:37.001">
  <attribute name="GC Util" value="3" />
  <attribute name="CPU Util" value="421713950732" />
  <attribute name="Time Running"value="6229"/>
  <attribute name="Number of cores"value="4"/>
</cycle-end>
<allocation-satisfied id="2168" threadId="0000000000A0B200" bytesRequested="16392" />
<af-end id="2169" timestamp="2019-07-02T19:17:37.001" threadId="0000000000A0BB88" success="true" from="nursery"/>
<exclusive-end id="2170" timestamp="2019-07-02T19:17:37.001" durationms="1.185" />

<exclusive-start id="2171" timestamp="2019-07-02T19:17:37.049" intervalms="48.652">
  <response-info timems="0.042" idlems="0.042" threads="0" lastid="0000000000A0B200" lastname="Thread-3" />
</exclusive-start>
<af-start id="2172" threadId="0000000000A0BB88" totalBytesRequested="32776" timestamp="2019-07-02T19:17:37.049" intervalms="48.651" type="nursery" />
<cycle-start id="2173" type="scavenge" contextid="0" timestamp="2019-07-02T19:17:37.049" intervalms="48.650" />
  <attribute name="GC Util" value="3" />
  <attribute name="CPU Util" value="421713950732" />
  <attribute name="Time Running"value="6229"/>
  <attribute name="Number of cores"value="4"/>
<gc-start id="2174" type="scavenge" contextid="2173" timestamp="2019-07-02T19:17:37.049">
  <mem-info id="2175" free="1264712" total="14942208" percent="8">
    <mem type="nursery" free="0" total="8257536" percent="0">
      <mem type="allocate" free="0" total="6815744" percent="0" />
      <mem type="survivor" free="0" total="1441792" percent="0" />
    </mem>
    <mem type="tenure" free="1264712" total="6684672" percent="18">
      <mem type="soa" free="1034936" total="6350848" percent="16" />
      <mem type="loa" free="229776" total="333824" percent="68" />
    </mem>
    <remembered-set count="335" />
  </mem-info>
</gc-start>
<allocation-stats totalBytes="5593264" >
  <allocated-bytes non-tlh="16392" tlh="5576872" />
  <largest-consumer threadName="Thread-3" threadId="0000000000A0B200" bytes="1838208" />
</allocation-stats>
<gc-op id="2176" type="scavenge" timems="0.410" contextid="2173" timestamp="2019-07-02T19:17:37.049">
  <scavenger-info tenureage="4" tenuremask="7ff0" tiltratio="82" />
  <memory-copied type="nursery" objects="2753" bytes="1056840" bytesdiscarded="104248" />
  <memory-copied type="tenure" objects="98" bytes="25712" bytesdiscarded="0" />
</gc-op>
<gc-end id="2177" type="scavenge" contextid="2173" durationms="0.711" usertimems="0.000" systemtimems="0.000" timestamp="2019-07-02T19:17:37.050" activeThreads="4">
  <mem-info id="2178" free="7050360" total="14942208" percent="47">
    <mem type="nursery" free="5785648" total="8257536" percent="70">
      <mem type="allocate" free="5785648" total="6946816" percent="83" />
      <mem type="survivor" free="0" total="1310720" percent="0" />
    </mem>
    <mem type="tenure" free="1264712" total="6684672" percent="18" macro-fragmented="18870">
      <mem type="soa" free="1034936" total="6350848" percent="16" />
      <mem type="loa" free="229776" total="333824" percent="68" />
    </mem>
    <remembered-set count="113" />
  </mem-info>
</gc-end>
<cycle-end id="2179" type="scavenge" contextid="2173" timestamp="2019-07-02T19:17:37.050">
  <attribute name="GC Util" value="2" />
  <attribute name="CPU Util" value="379004616741" />
  <attribute name="Time Running"value="6278"/>
  <attribute name="Number of cores"value="4"/>
</cycle-end>
<allocation-satisfied id="2180" threadId="0000000000A0B200" bytesRequested="32776" />
<af-end id="2181" timestamp="2019-07-02T19:17:37.050" threadId="0000000000A0BB88" success="true" from="nursery"/>
<exclusive-end id="2182" timestamp="2019-07-02T19:17:37.050" durationms="1.151" />

<exclusive-start id="2183" timestamp="2019-07-02T19:17:37.094" intervalms="45.600">
  <response-info timems="0.028" idlems="0.028" threads="0" lastid="0000000000A16500" lastname="Thread-6" />
</exclusive-start>
<af-start id="2184" threadId="0000000000A16E88" totalBytesRequested="32776" timestamp="2019-07-02T19:17:37.094" intervalms="45.638" type="nursery" />
<cycle-start id="2185" type="scavenge" contextid="0" timestamp="2019-07-02T19:17:37.094" intervalms="45.638" />
  <attribute name="GC Util" value="2" />
  <attribute name="CPU Util" value="379004616741" />
  <attribute name="Time Running"value="6278"/>
  <attribute name="Number of cores"value="4"/>
<gc-start id="2186" type="scavenge" contextid="2185" timestamp="2019-07-02T19:17:37.095">
  <mem-info id="2187" free="1264712" total="14942208" percent="8">
    <mem type="nursery" free="0" total="8257536" percent="0">
      <mem type="allocate" free="0" total="6946816" percent="0" />
      <mem type="survivor" free="0" total="1310720" percent="0" />
    </mem>
    <mem type="tenure" free="1264712" total="6684672" percent="18">
      <mem type="soa" free="1034936" total="6350848" percent="16" />
      <mem type="loa" free="229776" total="333824" percent="68" />
    </mem>
    <remembered-set count="310" />
  </mem-info>
</gc-start>
<allocation-stats totalBytes="5754416" >
  <allocated-bytes non-tlh="32776" tlh="5721640" />
  <largest-consumer threadName="Thread-5" threadId="0000000000A12A00" bytes="2884512" />
</allocation-stats>
<gc-op id="2188" type="scavenge" timems="0.902" contextid="2185" timestamp="2019-07-02T19:17:37.096">
  <scavenger-info tenureage="4" tenuremask="7ff0" tiltratio="84" />
  <memory-copied type="nursery" objects="2681" bytes="1114880" bytesdiscarded="134328" />
  <memory-copied type="tenure" objects="67" bytes="6200" bytesdiscarded="0" />
  <references type="phantom" candidates="1" cleared="0" enqueued="0" />
</gc-op>
<gc-end id="2189" type="scavenge" contextid="2185" durationms="1.334" usertimems="0.000" systemtimems="0.000" timestamp="2019-07-02T19:17:37.096" activeThreads="4">
  <mem-info id="2190" free="6962240" total="14942208" percent="46">
    <mem type="nursery" free="5697528" total="8257536" percent="68">
      <mem type="allocate" free="5697528" total="6946816" percent="82" />
      <mem type="survivor" free="0" total="1310720" percent="0" />
    </mem>
    <mem type="tenure" free="1264712" total="6684672" percent="18" macro-fragmented="4128">
      <mem type="soa" free="1034936" total="6350848" percent="16" />
      <mem type="loa" free="229776" total="333824" percent="68" />
    </mem>
    <remembered-set count="102" />
  </mem-info>
</gc-end>
<cycle-end id="2191" type="scavenge" contextid="2185" timestamp="2019-07-02T19:17:37.096">
  <attribute name="GC Util" value="2" />
  <attribute name="CPU Util" value="404422742024" />
  <attribute name="Time Running"value="6323"/>
  <attribute name="Number of cores"value="4"/>
</cycle-end>
<allocation-satisfied id="2192" threadId="0000000000A16500" bytesRequested="32776" />
<af-end id="2193" timestamp="2019-07-02T19:17:37.096" threadId="0000000000A16E88" success="true" from="nursery"/>
<exclusive-end id="2194" timestamp="2019-07-02T19:17:37.096" durationms="1.946" />

<exclusive-start id="2195" timestamp="2019-07-02T19:17:37.143" intervalms="48.384">
  <response-info timems="0.029" idlems="0.029" threads="0" lastid="0000000000A16500" lastname="Thread-6" />
</exclusive-start>
<af-start id="2196" threadId="0000000000A16E88" totalBytesRequested="16392" timestamp="2019-07-02T19:17:37.143" intervalms="48.367" type="nursery" />
<cycle-start id="2197" type="scavenge" contextid="0" timestamp="2019-07-02T19:17:37.143" intervalms="48.370" />
  <attribute name="GC Util" value="2" />
  <attribute name="CPU Util" value="404422742024" />
  <attribute name="Time Running"value="6323"/>
  <attribute name="Number of cores"value="4"/>
<gc-start id="2198" type="scavenge" contextid="2197" timestamp="2019-07-02T19:17:37.143">
  <mem-info id="2199" free="1264712" total="14942208" percent="8">
    <mem type="nursery" free="0" total="8257536" percent="0">
      <mem type="allocate" free="0" total="6946816" percent="0" />
      <mem type="survivor" free="0" total="1310720" percent="0" />
    </mem>
    <mem type="tenure" free="1264712" total="6684672" percent="18">
      <mem type="soa" free="1034936" total="6350848" percent="16" />
      <mem type="loa" free="229776" total="333824" percent="68" />
    </mem>
    <remembered-set count="315" />
  </mem-info>
</gc-start>
<allocation-stats totalBytes="5665840" >
  <allocated-bytes non-tlh="32776" tlh="5633064" />
  <largest-consumer threadName="Thread-6" threadId="0000000000A16500" bytes="1880664" />
</allocation-stats>
<gc-op id="2200" type="scavenge" timems="0.634" contextid="2197" timestamp="2019-07-02T19:17:37.144">
  <scavenger-info tenureage="4" tenuremask="7ff0" tiltratio="84" />
  <memory-copied type="nursery" objects="1934" bytes="798160" bytesdiscarded="327376" />
</gc-op>
<gc-end id="2201" type="scavenge" contextid="2197" durationms="1.070" usertimems="0.000" systemtimems="0.000" timestamp="2019-07-02T19:17:37.144" activeThreads="4">
  <mem-info id="2202" free="7085920" total="14942208" percent="47">
    <mem type="nursery" free="5821208" total="8257536" percent="70">
      <mem type="allocate" free="5821208" total="6946816" percent="83" />
      <mem type="survivor" free="0" total="1310720" percent="0" />
    </mem>
    <mem type="tenure" free="1264712" total="6684672" percent="18" macro-fragmented="0">
      <mem type="soa" free="1034936" total="6350848" percent="16" />
      <mem type="loa" free="229776" total="333824" percent="68" />
    </mem>
    <remembered-set count="103" />
  </mem-info>
</gc-end>
<cycle-end id="2203" type="scavenge" contextid="2197" timestamp="2019-07-02T19:17:37.144">
  <attribute name="GC Util" value="4" />
  <attribute name="CPU Util" value="381410127389" />
  <attribute name="Time Running"value="6372"/>
  <attribute name="Number of cores"value="4"/>
</cycle-end>
<allocation-satisfied id="2204" threadId="0000000000A16500" bytesRequested="16392" />
<af-end id="2205" timestamp="2019-07-02T19:17:37.144" threadId="0000000000A16E88" success="true" from="nursery"/>
<exclusive-end id="2206" timestamp="2019-07-02T19:17:37.144" durationms="1.524" />

<exclusive-start id="2207" timestamp="2019-07-02T19:17:37.188" intervalms="45.804">
  <response-info timems="0.045" idlems="0.045" threads="0" lastid="0000000000A12A00" lastname="Thread-5" />
</exclusive-start>
<af-start id="2208" threadId="0000000000A13388" totalBytesRequested="48" timestamp="2019-07-02T19:17:37.189" intervalms="45.790" type="nursery" />
<cycle-start id="2209" type="scavenge" contextid="0" timestamp="2019-07-02T19:17:37.189" intervalms="45.793" />
  <attribute name="GC Util" value="4" />
  <attribute name="CPU Util" value="381410127389" />
  <attribute name="Time Running"value="6372"/>
  <attribute name="Number of cores"value="4"/>
<gc-start id="2210" type="scavenge" contextid="2209" timestamp="2019-07-02T19:17:37.189">
  <mem-info id="2211" free="1264712" total="14942208" percent="8">
    <mem type="nursery" free="0" total="8257536" percent="0">
      <mem type="allocate" free="0" total="6946816" percent="0" />
      <mem type="survivor" free="0" total="1310720" percent="0" />
    </mem>
    <mem type="tenure" free="1264712" total="6684672" percent="18">
      <mem type="soa" free="1034936" total="6350848" percent="16" />
      <mem type="loa" free="229776" total="333824" percent="68" />
    </mem>
    <remembered-set count="311" />
  </mem-info>
</gc-start>
<allocation-stats totalBytes="5790144" >
  <allocated-bytes non-tlh="16392" tlh="5773752" />
  <largest-consumer threadName="Thread-6" threadId="0000000000A16500" bytes="1817104" />
</allocation-stats>
<gc-op id="2212" type="scavenge" timems="0.888" contextid="2209" timestamp="2019-07-02T19:17:37.190">
  <scavenger-info tenureage="4" tenuremask="7ff0" tiltratio="84" />
  <memory-copied type="nursery" objects="2350" bytes="939400" bytesdiscarded="265400" />
  <references type="phantom" candidates="1" cleared="0" enqueued="0" />
</gc-op>
<gc-end id="2213" type="scavenge" contextid="2209" durationms="1.330" usertimems="4.000" systemtimems="0.000" timestamp="2019-07-02T19:17:37.190" activeThreads="4">
  <mem-info id="2214" free="7072192" total="14942208" percent="47">
    <mem type="nursery" free="5807480" total="8257536" percent="70">
      <mem type="allocate" free="5807480" total="7012352" percent="82" />
      <mem type="survivor" free="0" total="1245184" percent="0" />
    </mem>
    <mem type="tenure" free="1264712" total="6684672" percent="18" macro-fragmented="16400">
      <mem type="soa" free="1034936" total="6350848" percent="16" />
      <mem type="loa" free="229776" total="333824" percent="68" />
    </mem>
    <remembered-set count="110" />
  </mem-info>
</gc-end>
<cycle-end id="2215" type="scavenge" contextid="2209" timestamp="2019-07-02T19:17:37.190">
  <attribute name="GC Util" value="4" />
  <attribute name="CPU Util" value="402775735813" />
  <attribute name="Time Running"value="6417"/>
  <attribute name="Number of cores"value="4"/>
</cycle-end>
<allocation-satisfied id="2216" threadId="0000000000A12A00" bytesRequested="48" />
<af-end id="2217" timestamp="2019-07-02T19:17:37.190" threadId="0000000000A13388" success="true" from="nursery"/>
<exclusive-end id="2218" timestamp="2019-07-02T19:17:37.190" durationms="1.766" />

<exclusive-start id="2219" timestamp="2019-07-02T19:17:37.237" intervalms="48.097">
  <response-info timems="0.063" idlems="0.063" threads="0" lastid="0000000000A0EE00" lastname="Thread-4" />
</exclusive-start>
<af-start id="2220" threadId="0000000000A0F788" totalBytesRequested="16392" timestamp="2019-07-02T19:17:37.237" intervalms="48.100" type="nursery" />
<cycle-start id="2221" type="scavenge" contextid="0" timestamp="2019-07-02T19:17:37.237" intervalms="48.095" />
  <attribute name="GC Util" value="4" />
  <attribute name="CPU Util" value="402775735813" />
  <attribute name="Time Running"value="6417"/>
  <attribute name="Number of cores"value="4"/>
<gc-start id="2222" type="scavenge" contextid="2221" timestamp="2019-07-02T19:17:37.237">
  <mem-info id="2223" free="1264712" total="14942208" percent="8">
    <mem type="nursery" free="0" total="8257536" percent="0">
      <mem type="allocate" free="0" total="7012352" percent="0" />
      <mem type="survivor" free="0" total="1245184" percent="0" />
    </mem>
    <mem type="tenure" free="1264712" total="6684672" percent="18">
      <mem type="soa" free="1034936" total="6350848" percent="16" />
      <mem type="loa" free="229776" total="333824" percent="68" />
    </mem>
    <remembered-set count="302" />
  </mem-info>
</gc-start>
<allocation-stats totalBytes="5782936" >
  <allocated-bytes non-tlh="48" tlh="5782888" />
  <largest-consumer threadName="Thread-5" threadId="0000000000A12A00" bytes="2026664" />
</allocation-stats>
<gc-op id="2224" type="scavenge" timems="1.759" contextid="2221" timestamp="2019-07-02T19:17:37.239">
  <scavenger-info tenureage="4" tenuremask="7ff0" tiltratio="84" />
  <memory-copied type="nursery" objects="2154" bytes="849552" bytesdiscarded="250064" />
  <references type="weak" candidates="1" cleared="0" enqueued="0" />
  <references type="phantom" candidates="1" cleared="0" enqueued="0" />
</gc-op>
<gc-end id="2225" type="scavenge" contextid="2221" durationms="2.081" usertimems="4.000" systemtimems="0.000" timestamp="2019-07-02T19:17:37.239" activeThreads="4">
  <mem-info id="2226" free="7177392" total="14942208" percent="48">
    <mem type="nursery" free="5912680" total="8257536" percent="71">
      <mem type="allocate" free="5912680" total="7012352" percent="84" />
      <mem type="survivor" free="0" total="1245184" percent="0" />
    </mem>
    <mem type="tenure" free="1264712" total="6684672" percent="18" macro-fragmented="13104">
      <mem type="soa" free="1034936" total="6350848" percent="16" />
      <mem type="loa" free="229776" total="333824" percent="68" />
    </mem>
    <remembered-set count="110" />
  </mem-info>
</gc-end>
<cycle-end id="2227" type="scavenge" contextid="2221" timestamp="2019-07-02T19:17:37.239">
  <attribute name="GC Util" value="5" />
  <attribute name="CPU Util" value="383538396915" />
  <attribute name="Time Running"value="6465"/>
  <attribute name="Number of cores"value="4"/>
</cycle-end>
<allocation-satisfied id="2228" threadId="0000000000A0EE00" bytesRequested="16392" />
<af-end id="2229" timestamp="2019-07-02T19:17:37.239" threadId="0000000000A0F788" success="true" from="nursery"/>
<exclusive-end id="2230" timestamp="2019-07-02T19:17:37.239" durationms="2.630" />

<exclusive-start id="2231" timestamp="2019-07-02T19:17:37.290" intervalms="53.597">
  <response-info timems="0.037" idlems="0.037" threads="0" lastid="0000000000A16500" lastname="Thread-6" />
</exclusive-start>
<af-start id="2232" threadId="0000000000A16E88" totalBytesRequested="48" timestamp="2019-07-02T19:17:37.290" intervalms="53.601" type="nursery" />
<cycle-start id="2233" type="scavenge" contextid="0" timestamp="2019-07-02T19:17:37.290" intervalms="53.607" />
  <attribute name="GC Util" value="5" />
  <attribute name="CPU Util" value="383538396915" />
  <attribute name="Time Running"value="6465"/>
  <attribute name="Number of cores"value="4"/>
<gc-start id="2234" type="scavenge" contextid="2233" timestamp="2019-07-02T19:17:37.290">
  <mem-info id="2235" free="1264712" total="14942208" percent="8">
    <mem type="nursery" free="0" total="8257536" percent="0">
      <mem type="allocate" free="0" total="7012352" percent="0" />
      <mem type="survivor" free="0" total="1245184" percent="0" />
    </mem>
    <mem type="tenure" free="1264712" total="6684672" percent="18">
      <mem type="soa" free="1034936" total="6350848" percent="16" />
      <mem type="loa" free="229776" total="333824" percent="68" />
    </mem>
    <remembered-set count="302" />
  </mem-info>
</gc-start>
<allocation-stats totalBytes="5882832" >
  <allocated-bytes non-tlh="16392" tlh="5866440" />
  <largest-consumer threadName="Thread-4" threadId="0000000000A0EE00" bytes="1993808" />
</allocation-stats>
<gc-op id="2236" type="scavenge" timems="0.436" contextid="2233" timestamp="2019-07-02T19:17:37.291">
  <scavenger-info tenureage="4" tenuremask="7ff0" tiltratio="84" />
  <memory-copied type="nursery" objects="2429" bytes="930024" bytesdiscarded="314184" />
  <memory-copied type="tenure" objects="1" bytes="104" bytesdiscarded="0" />
  <references type="phantom" candidates="1" cleared="0" enqueued="0" />
</gc-op>
<gc-end id="2237" type="scavenge" contextid="2233" durationms="0.731" usertimems="0.000" systemtimems="0.000" timestamp="2019-07-02T19:17:37.291" activeThreads="4">
  <mem-info id="2238" free="7098320" total="14942208" percent="47">
    <mem type="nursery" free="5833608" total="8257536" percent="70">
      <mem type="allocate" free="5833608" total="7077888" percent="82" />
      <mem type="survivor" free="0" total="1179648" percent="0" />
    </mem>
    <mem type="tenure" free="1264712" total="6684672" percent="18" macro-fragmented="590">
      <mem type="soa" free="1034936" total="6350848" percent="16" />
      <mem type="loa" free="229776" total="333824" percent="68" />
    </mem>
    <remembered-set count="111" />
  </mem-info>
</gc-end>
<cycle-end id="2239" type="scavenge" contextid="2233" timestamp="2019-07-02T19:17:37.291">
  <attribute name="GC Util" value="6" />
  <attribute name="CPU Util" value="344045071104" />
  <attribute name="Time Running"value="6519"/>
  <attribute name="Number of cores"value="4"/>
</cycle-end>
<allocation-satisfied id="2240" threadId="0000000000A16500" bytesRequested="48" />
<af-end id="2241" timestamp="2019-07-02T19:17:37.291" threadId="0000000000A16E88" success="true" from="nursery"/>
<exclusive-end id="2242" timestamp="2019-07-02T19:17:37.291" durationms="1.208" />

<exclusive-start id="2243" timestamp="2019-07-02T19:17:37.334" intervalms="43.705">
  <response-info timems="0.168" idlems="0.092" threads="1" lastid="0000000000A0EE00" lastname="Thread-4" />
</exclusive-start>
<af-start id="2244" threadId="0000000000A13388" totalBytesRequested="8200" timestamp="2019-07-02T19:17:37.334" intervalms="43.702" type="nursery" />
<cycle-start id="2245" type="scavenge" contextid="0" timestamp="2019-07-02T19:17:37.334" intervalms="43.694" />
  <attribute name="GC Util" value="6" />
  <attribute name="CPU Util" value="344045071104" />
  <attribute name="Time Running"value="6519"/>
  <attribute name="Number of cores"value="4"/>
<gc-start id="2246" type="scavenge" contextid="2245" timestamp="2019-07-02T19:17:37.334">
  <mem-info id="2247" free="1264712" total="14942208" percent="8">
    <mem type="nursery" free="0" total="8257536" percent="0">
      <mem type="allocate" free="0" total="7077888" percent="0" />
      <mem type="survivor" free="0" total="1179648" percent="0" />
    </mem>
    <mem type="tenure" free="1264712" total="6684672" percent="18">
      <mem type="soa" free="1034936" total="6350848" percent="16" />
      <mem type="loa" free="229776" total="333824" percent="68" />
    </mem>
    <remembered-set count="319" />
  </mem-info>
</gc-start>
<allocation-stats totalBytes="5779232" >
  <allocated-bytes non-tlh="48" tlh="5779184" />
  <largest-consumer threadName="Thread-5" threadId="0000000000A12A00" bytes="1949296" />
</allocation-stats>
<gc-op id="2248" type="scavenge" timems="0.727" contextid="2245" timestamp="2019-07-02T19:17:37.335">
  <scavenger-info tenureage="4" tenuremask="7ff0" tiltratio="85" />
  <memory-copied type="nursery" objects="2338" bytes="994192" bytesdiscarded="185392" />
  <memory-copied type="tenure" objects="27" bytes="2928" bytesdiscarded="0" />
  <copy-failed type="nursery" objects="23" bytes="2792" />
  <references type="phantom" candidates="2" cleared="0" enqueued="0" />
</gc-op>
<gc-end id="2249" type="scavenge" contextid="2245" durationms="1.170" usertimems="0.000" systemtimems="4.000" timestamp="2019-07-02T19:17:37.335" activeThreads="4">
  <mem-info id="2250" free="7162952" total="14942208" percent="47">
    <mem type="nursery" free="5898240" total="8257536" percent="71">
      <mem type="allocate" free="5898240" total="7077888" percent="83" />
      <mem type="survivor" free="0" total="1179648" percent="0" />
    </mem>
    <mem type="tenure" free="1264712" total="6684672" percent="18" macro-fragmented="10920">
      <mem type="soa" free="1034936" total="6350848" percent="16" />
      <mem type="loa" free="229776" total="333824" percent="68" />
    </mem>
    <remembered-set count="100" />
  </mem-info>
</gc-end>
<cycle-end id="2251" type="scavenge" contextid="2245" timestamp="2019-07-02T19:17:37.335">
  <attribute name="GC Util" value="2" />
  <attribute name="CPU Util" value="422376527227" />
  <attribute name="Time Running"value="6563"/>
  <attribute name="Number of cores"value="4"/>
</cycle-end>
<allocation-satisfied id="2252" threadId="0000000000A12A00" bytesRequested="8200" />
<af-end id="2253" timestamp="2019-07-02T19:17:37.335" threadId="0000000000A13388" success="true" from="nursery"/>
<exclusive-end id="2254" timestamp="2019-07-02T19:17:37.335" durationms="1.607" />

<exclusive-start id="2255" timestamp="2019-07-02T19:17:37.383" intervalms="48.762">
  <response-info timems="0.039" idlems="0.039" threads="0" lastid="0000000000A12A00" lastname="Thread-5" />
</exclusive-start>
<af-start id="2256" threadId="0000000000A13388" totalBytesRequested="16392" timestamp="2019-07-02T19:17:37.383" intervalms="48.758" type="nursery" />
<cycle-start id="2257" type="scavenge" contextid="0" timestamp="2019-07-02T19:17:37.383" intervalms="48.758" />
  <attribute name="GC Util" value="2" />
  <attribute name="CPU Util" value="422376527227" />
  <attribute name="Time Running"value="6563"/>
  <attribute name="Number of cores"value="4"/>
<gc-start id="2258" type="scavenge" contextid="2257" timestamp="2019-07-02T19:17:37.383">
  <mem-info id="2259" free="1264712" total="14942208" percent="8">
    <mem type="nursery" free="0" total="8257536" percent="0">
      <mem type="allocate" free="0" total="7077888" percent="0" />
      <mem type="survivor" free="0" total="1179648" percent="0" />
    </mem>
    <mem type="tenure" free="1264712" total="6684672" percent="18">
      <mem type="soa" free="1034936" total="6350848" percent="16" />
      <mem type="loa" free="229776" total="333824" percent="68" />
    </mem>
    <remembered-set count="317" />
  </mem-info>
</gc-start>
<allocation-stats totalBytes="5865704" >
  <allocated-bytes non-tlh="8200" tlh="5857504" />
  <largest-consumer threadName="Thread-5" threadId="0000000000A12A00" bytes="2422688" />
</allocation-stats>
<gc-op id="2260" type="scavenge" timems="0.657" contextid="2257" timestamp="2019-07-02T19:17:37.384">
  <scavenger-info tenureage="4" tenuremask="7ff0" tiltratio="85" />
  <memory-copied type="nursery" objects="2174" bytes="893328" bytesdiscarded="286240" />
</gc-op>
<gc-end id="2261" type="scavenge" contextid="2257" durationms="1.113" usertimems="0.000" systemtimems="4.000" timestamp="2019-07-02T19:17:37.384" activeThreads="4">
  <mem-info id="2262" free="7162952" total="14942208" percent="47">
    <mem type="nursery" free="5898240" total="8257536" percent="71">
      <mem type="allocate" free="5898240" total="7077888" percent="83" />
      <mem type="survivor" free="0" total="1179648" percent="0" />
    </mem>
    <mem type="tenure" free="1264712" total="6684672" percent="18" macro-fragmented="1469">
      <mem type="soa" free="1034936" total="6350848" percent="16" />
      <mem type="loa" free="229776" total="333824" percent="68" />
    </mem>
    <remembered-set count="103" />
  </mem-info>
</gc-end>
<cycle-end id="2263" type="scavenge" contextid="2257" timestamp="2019-07-02T19:17:37.384">
  <attribute name="GC Util" value="4" />
  <attribute name="CPU Util" value="378300651831" />
  <attribute name="Time Running"value="6612"/>
  <attribute name="Number of cores"value="4"/>
</cycle-end>
<allocation-satisfied id="2264" threadId="0000000000A12A00" bytesRequested="16392" />
<af-end id="2265" timestamp="2019-07-02T19:17:37.384" threadId="0000000000A13388" success="true" from="nursery"/>
<exclusive-end id="2266" timestamp="2019-07-02T19:17:37.384" durationms="1.549" />

<exclusive-start id="2267" timestamp="2019-07-02T19:17:37.436" intervalms="52.933">
  <response-info timems="0.055" idlems="0.055" threads="0" lastid="0000000000A0EE00" lastname="Thread-4" />
</exclusive-start>
<af-start id="2268" threadId="0000000000A0F788" totalBytesRequested="16392" timestamp="2019-07-02T19:17:37.436" intervalms="52.934" type="nursery" />
<cycle-start id="2269" type="scavenge" contextid="0" timestamp="2019-07-02T19:17:37.436" intervalms="52.937" />
  <attribute name="GC Util" value="4" />
  <attribute name="CPU Util" value="378300651831" />
  <attribute name="Time Running"value="6612"/>
  <attribute name="Number of cores"value="4"/>
<gc-start id="2270" type="scavenge" contextid="2269" timestamp="2019-07-02T19:17:37.436">
  <mem-info id="2271" free="1264712" total="14942208" percent="8">
    <mem type="nursery" free="0" total="8257536" percent="0">
      <mem type="allocate" free="0" total="7077888" percent="0" />
      <mem type="survivor" free="0" total="1179648" percent="0" />
    </mem>
    <mem type="tenure" free="1264712" total="6684672" percent="18">
      <mem type="soa" free="1034936" total="6350848" percent="16" />
      <mem type="loa" free="229776" total="333824" percent="68" />
    </mem>
    <remembered-set count="303" />
  </mem-info>
</gc-start>
<allocation-stats totalBytes="5825712" >
  <allocated-bytes non-tlh="16392" tlh="5809320" />
  <largest-consumer threadName="Thread-3" threadId="0000000000A0B200" bytes="1850528" />
</allocation-stats>
<gc-op id="2272" type="scavenge" timems="0.641" contextid="2269" timestamp="2019-07-02T19:17:37.437">
  <scavenger-info tenureage="4" tenuremask="7ff0" tiltratio="85" />
  <memory-copied type="nursery" objects="2145" bytes="907096" bytesdiscarded="181800" />
</gc-op>
<gc-end id="2273" type="scavenge" contextid="2269" durationms="0.929" usertimems="4.000" systemtimems="0.000" timestamp="2019-07-02T19:17:37.437" activeThreads="4">
  <mem-info id="2274" free="7319160" total="14942208" percent="48">
    <mem type="nursery" free="6054448" total="8257536" percent="73">
      <mem type="allocate" free="6054448" total="7143424" percent="84" />
      <mem type="survivor" free="0" total="1114112" percent="0" />
    </mem>
    <mem type="tenure" free="1264712" total="6684672" percent="18" macro-fragmented="0">
      <mem type="soa" free="1034936" total="6350848" percent="16" />
      <mem type="loa" free="229776" total="333824" percent="68" />
    </mem>
    <remembered-set count="100" />
  </mem-info>
</gc-end>
<cycle-end id="2275" type="scavenge" contextid="2269" timestamp="2019-07-02T19:17:37.437">
  <attribute name="GC Util" value="3" />
  <attribute name="CPU Util" value="348451593169" />
  <attribute name="Time Running"value="6664"/>
  <attribute name="Number of cores"value="4"/>
</cycle-end>
<allocation-satisfied id="2276" threadId="0000000000A0EE00" bytesRequested="16392" />
<af-end id="2277" timestamp="2019-07-02T19:17:37.437" threadId="0000000000A0F788" success="true" from="nursery"/>
<exclusive-end id="2278" timestamp="2019-07-02T19:17:37.437" durationms="1.374" />

<exclusive-start id="2279" timestamp="2019-07-02T19:17:37.480" intervalms="43.995">
  <response-info timems="0.050" idlems="0.050" threads="0" lastid="0000000000A12A00" lastname="Thread-5" />
</exclusive-start>
<af-start id="2280" threadId="0000000000A13388" totalBytesRequested="2056" timestamp="2019-07-02T19:17:37.480" intervalms="43.994" type="nursery" />
<cycle-start id="2281" type="scavenge" contextid="0" timestamp="2019-07-02T19:17:37.480" intervalms="43.991" />
  <attribute name="GC Util" value="3" />
  <attribute name="CPU Util" value="348451593169" />
  <attribute name="Time Running"value="6664"/>
  <attribute name="Number of cores"value="4"/>
<gc-start id="2282" type="scavenge" contextid="2281" timestamp="2019-07-02T19:17:37.480">
  <mem-info id="2283" free="1264712" total="14942208" percent="8">
    <mem type="nursery" free="0" total="8257536" percent="0">
      <mem type="allocate" free="0" total="7143424" percent="0" />
      <mem type="survivor" free="0" total="1114112" percent="0" />
    </mem>
    <mem type="tenure" free="1264712" total="6684672" percent="18">
      <mem type="soa" free="1034936" total="6350848" percent="16" />
      <mem type="loa" free="229776" total="333824" percent="68" />
    </mem>
    <remembered-set count="302" />
  </mem-info>
</gc-start>
<allocation-stats totalBytes="6020896" >
  <allocated-bytes non-tlh="16392" tlh="6004504" />
  <largest-consumer threadName="Thread-5" threadId="0000000000A12A00" bytes="2204312" />
</allocation-stats>
<gc-op id="2284" type="scavenge" timems="0.944" contextid="2281" timestamp="2019-07-02T19:17:37.481">
  <scavenger-info tenureage="4" tenuremask="7ff0" tiltratio="86" />
  <memory-copied type="nursery" objects="2651" bytes="1039376" bytesdiscarded="74656" />
  <references type="phantom" candidates="1" cleared="0" enqueued="0" />
</gc-op>
<gc-end id="2285" type="scavenge" contextid="2281" durationms="1.414" usertimems="4.000" systemtimems="0.000" timestamp="2019-07-02T19:17:37.481" activeThreads="4">
  <mem-info id="2286" free="7162952" total="14942208" percent="47">
    <mem type="nursery" free="5898240" total="8257536" percent="71">
      <mem type="allocate" free="5898240" total="7012352" percent="84" />
      <mem type="survivor" free="0" total="1245184" percent="0" />
    </mem>
    <mem type="tenure" free="1264712" total="6684672" percent="18" macro-fragmented="6319">
      <mem type="soa" free="1034936" total="6350848" percent="16" />
      <mem type="loa" free="229776" total="333824" percent="68" />
    </mem>
    <remembered-set count="115" />
  </mem-info>
</gc-end>
<cycle-end id="2287" type="scavenge" contextid="2281" timestamp="2019-07-02T19:17:37.481">
  <attribute name="GC Util" value="4" />
  <attribute name="CPU Util" value="419320260970" />
  <attribute name="Time Running"value="6708"/>
  <attribute name="Number of cores"value="4"/>
</cycle-end>
<allocation-satisfied id="2288" threadId="0000000000A12A00" bytesRequested="2056" />
<af-end id="2289" timestamp="2019-07-02T19:17:37.481" threadId="0000000000A13388" success="true" from="nursery"/>
<exclusive-end id="2290" timestamp="2019-07-02T19:17:37.481" durationms="1.846" />

<exclusive-start id="2291" timestamp="2019-07-02T19:17:37.526" intervalms="46.420">
  <response-info timems="0.029" idlems="0.029" threads="0" lastid="0000000000A0B200" lastname="Thread-3" />
</exclusive-start>
<af-start id="2292" threadId="0000000000A0BB88" totalBytesRequested="16392" timestamp="2019-07-02T19:17:37.526" intervalms="46.422" type="nursery" />
<cycle-start id="2293" type="scavenge" contextid="0" timestamp="2019-07-02T19:17:37.526" intervalms="46.425" />
  <attribute name="GC Util" value="4" />
  <attribute name="CPU Util" value="419320260970" />
  <attribute name="Time Running"value="6708"/>
  <attribute name="Number of cores"value="4"/>
<gc-start id="2294" type="scavenge" contextid="2293" timestamp="2019-07-02T19:17:37.526">
  <mem-info id="2295" free="1264712" total="14942208" percent="8">
    <mem type="nursery" free="0" total="8257536" percent="0">
      <mem type="allocate" free="0" total="7012352" percent="0" />
      <mem type="survivor" free="0" total="1245184" percent="0" />
    </mem>
    <mem type="tenure" free="1264712" total="6684672" percent="18">
      <mem type="soa" free="1034936" total="6350848" percent="16" />
      <mem type="loa" free="229776" total="333824" percent="68" />
    </mem>
    <remembered-set count="319" />
  </mem-info>
</gc-start>
<allocation-stats totalBytes="5828704" >
  <allocated-bytes non-tlh="34832" tlh="5793872" />
  <largest-consumer threadName="Thread-6" threadId="0000000000A16500" bytes="1670680" />
</allocation-stats>
<gc-op id="2296" type="scavenge" timems="0.717" contextid="2293" timestamp="2019-07-02T19:17:37.527">
  <scavenger-info tenureage="4" tenuremask="7ff0" tiltratio="84" />
  <memory-copied type="nursery" objects="1340" bytes="700864" bytesdiscarded="264904" />
  <memory-copied type="tenure" objects="13" bytes="952" bytesdiscarded="0" />
  <references type="phantom" candidates="1" cleared="0" enqueued="0" />
</gc-op>
<gc-end id="2297" type="scavenge" contextid="2293" durationms="0.992" usertimems="0.000" systemtimems="4.000" timestamp="2019-07-02T19:17:37.527" activeThreads="4">
  <mem-info id="2298" free="7311224" total="14942208" percent="48">
    <mem type="nursery" free="6046512" total="8257536" percent="73">
      <mem type="allocate" free="6046512" total="7012352" percent="86" />
      <mem type="survivor" free="0" total="1245184" percent="0" />
    </mem>
    <mem type="tenure" free="1264712" total="6684672" percent="18" macro-fragmented="2539">
      <mem type="soa" free="1034936" total="6350848" percent="16" />
      <mem type="loa" free="229776" total="333824" percent="68" />
    </mem>
    <remembered-set count="98" />
  </mem-info>
</gc-end>
<cycle-end id="2299" type="scavenge" contextid="2293" timestamp="2019-07-02T19:17:37.527">
  <attribute name="GC Util" value="5" />
  <attribute name="CPU Util" value="397398184132" />
  <attribute name="Time Running"value="6755"/>
  <attribute name="Number of cores"value="4"/>
</cycle-end>
<allocation-satisfied id="2300" threadId="0000000000A0B200" bytesRequested="16392" />
<af-end id="2301" timestamp="2019-07-02T19:17:37.528" threadId="0000000000A0BB88" success="true" from="nursery"/>
<exclusive-end id="2302" timestamp="2019-07-02T19:17:37.528" durationms="1.681" />

<exclusive-start id="2303" timestamp="2019-07-02T19:17:37.573" intervalms="46.505">
  <response-info timems="0.228" idlems="0.228" threads="0" lastid="0000000000A0EE00" lastname="Thread-4" />
</exclusive-start>
<af-start id="2304" threadId="0000000000A0F788" totalBytesRequested="16392" timestamp="2019-07-02T19:17:37.573" intervalms="46.504" type="nursery" />
<cycle-start id="2305" type="scavenge" contextid="0" timestamp="2019-07-02T19:17:37.573" intervalms="46.503" />
  <attribute name="GC Util" value="5" />
  <attribute name="CPU Util" value="397398184132" />
  <attribute name="Time Running"value="6755"/>
  <attribute name="Number of cores"value="4"/>
<gc-start id="2306" type="scavenge" contextid="2305" timestamp="2019-07-02T19:17:37.573">
  <mem-info id="2307" free="1264712" total="14942208" percent="8">
    <mem type="nursery" free="0" total="8257536" percent="0">
      <mem type="allocate" free="0" total="7012352" percent="0" />
      <mem type="survivor" free="0" total="1245184" percent="0" />
    </mem>
    <mem type="tenure" free="1264712" total="6684672" percent="18">
      <mem type="soa" free="1034936" total="6350848" percent="16" />
      <mem type="loa" free="229776" total="333824" percent="68" />
    </mem>
    <remembered-set count="316" />
  </mem-info>
</gc-start>
<allocation-stats totalBytes="6010352" >
  <allocated-bytes non-tlh="16392" tlh="5993960" />
  <largest-consumer threadName="Thread-5" threadId="0000000000A12A00" bytes="2413856" />
</allocation-stats>
<gc-op id="2308" type="scavenge" timems="0.721" contextid="2305" timestamp="2019-07-02T19:17:37.574">
  <scavenger-info tenureage="5" tenuremask="7fe0" tiltratio="84" />
  <memory-copied type="nursery" objects="2094" bytes="840416" bytesdiscarded="243320" />
</gc-op>
<gc-end id="2309" type="scavenge" contextid="2305" durationms="1.032" usertimems="0.000" systemtimems="0.000" timestamp="2019-07-02T19:17:37.574" activeThreads="4">
  <mem-info id="2310" free="7193264" total="14942208" percent="48">
    <mem type="nursery" free="5928552" total="8257536" percent="71">
      <mem type="allocate" free="5928552" total="7012352" percent="84" />
      <mem type="survivor" free="0" total="1245184" percent="0" />
    </mem>
    <mem type="tenure" free="1264712" total="6684672" percent="18" macro-fragmented="6168">
      <mem type="soa" free="1034936" total="6350848" percent="16" />
      <mem type="loa" free="229776" total="333824" percent="68" />
    </mem>
    <remembered-set count="107" />
  </mem-info>
</gc-end>
<cycle-end id="2311" type="scavenge" contextid="2305" timestamp="2019-07-02T19:17:37.574">
  <attribute name="GC Util" value="4" />
  <attribute name="CPU Util" value="396142443061" />
  <attribute name="Time Running"value="6801"/>
  <attribute name="Number of cores"value="4"/>
</cycle-end>
<allocation-satisfied id="2312" threadId="0000000000A0EE00" bytesRequested="16392" />
<af-end id="2313" timestamp="2019-07-02T19:17:37.574" threadId="0000000000A0F788" success="true" from="nursery"/>
<exclusive-end id="2314" timestamp="2019-07-02T19:17:37.574" durationms="1.600" />

<exclusive-start id="2315" timestamp="2019-07-02T19:17:37.619" intervalms="46.582">
  <response-info timems="0.043" idlems="0.043" threads="0" lastid="0000000000A16500" lastname="Thread-6" />
</exclusive-start>
<af-start id="2316" threadId="0000000000A16E88" totalBytesRequested="8200" timestamp="2019-07-02T19:17:37.619" intervalms="46.587" type="nursery" />
<cycle-start id="2317" type="scavenge" contextid="0" timestamp="2019-07-02T19:17:37.619" intervalms="46.595" />
  <attribute name="GC Util" value="4" />
  <attribute name="CPU Util" value="396142443061" />
  <attribute name="Time Running"value="6801"/>
  <attribute name="Number of cores"value="4"/>
<gc-start id="2318" type="scavenge" contextid="2317" timestamp="2019-07-02T19:17:37.619">
  <mem-info id="2319" free="1264712" total="14942208" percent="8">
    <mem type="nursery" free="0" total="8257536" percent="0">
      <mem type="allocate" free="0" total="7012352" percent="0" />
      <mem type="survivor" free="0" total="1245184" percent="0" />
    </mem>
    <mem type="tenure" free="1264712" total="6684672" percent="18">
      <mem type="soa" free="1034936" total="6350848" percent="16" />
      <mem type="loa" free="229776" total="333824" percent="68" />
    </mem>
    <remembered-set count="318" />
  </mem-info>
</gc-start>
<allocation-stats totalBytes="5869128" >
  <allocated-bytes non-tlh="16392" tlh="5852736" />
  <largest-consumer threadName="Thread-5" threadId="0000000000A12A00" bytes="2054960" />
</allocation-stats>
<gc-op id="2320" type="scavenge" timems="0.453" contextid="2317" timestamp="2019-07-02T19:17:37.620">
  <scavenger-info tenureage="5" tenuremask="7fe0" tiltratio="84" />
  <memory-copied type="nursery" objects="2242" bytes="974440" bytesdiscarded="270680" />
  <memory-copied type="tenure" objects="364" bytes="42144" bytesdiscarded="0" />
  <copy-failed type="nursery" objects="360" bytes="42000" />
  <references type="weak" candidates="1" cleared="0" enqueued="0" />
  <references type="phantom" candidates="1" cleared="0" enqueued="0" />
</gc-op>
<gc-end id="2321" type="scavenge" contextid="2317" durationms="0.744" usertimems="0.000" systemtimems="0.000" timestamp="2019-07-02T19:17:37.620" activeThreads="4">
  <mem-info id="2322" free="6966344" total="14942208" percent="46">
    <mem type="nursery" free="5701632" total="8257536" percent="69">
      <mem type="allocate" free="5701632" total="6946816" percent="82" />
      <mem type="survivor" free="0" total="1310720" percent="0" />
    </mem>
    <mem type="tenure" free="1264712" total="6684672" percent="18" macro-fragmented="0">
      <mem type="soa" free="1034936" total="6350848" percent="16" />
      <mem type="loa" free="229776" total="333824" percent="68" />
    </mem>
    <remembered-set count="134" />
  </mem-info>
</gc-end>
<cycle-end id="2323" type="scavenge" contextid="2317" timestamp="2019-07-02T19:17:37.620">
  <attribute name="GC Util" value="4" />
  <attribute name="CPU Util" value="396321931235" />
  <attribute name="Time Running"value="6848"/>
  <attribute name="Number of cores"value="4"/>
</cycle-end>
<allocation-satisfied id="2324" threadId="0000000000A16500" bytesRequested="8200" />
<af-end id="2325" timestamp="2019-07-02T19:17:37.620" threadId="0000000000A16E88" success="true" from="nursery"/>
<exclusive-end id="2326" timestamp="2019-07-02T19:17:37.620" durationms="1.204" />

<exclusive-start id="2327" timestamp="2019-07-02T19:17:37.663" intervalms="43.820">
  <response-info timems="0.048" idlems="0.048" threads="0" lastid="0000000000A0EE00" lastname="Thread-4" />
</exclusive-start>
<af-start id="2328" threadId="0000000000A0F788" totalBytesRequested="2056" timestamp="2019-07-02T19:17:37.663" intervalms="43.814" type="nursery" />
<cycle-start id="2329" type="scavenge" contextid="0" timestamp="2019-07-02T19:17:37.663" intervalms="43.806" />
  <attribute name="GC Util" value="4" />
  <attribute name="CPU Util" value="396321931235" />
  <attribute name="Time Running"value="6848"/>
  <attribute name="Number of cores"value="4"/>
<gc-start id="2330" type="scavenge" contextid="2329" timestamp="2019-07-02T19:17:37.663">
  <mem-info id="2331" free="1264712" total="14942208" percent="8">
    <mem type="nursery" free="0" total="8257536" percent="0">
      <mem type="allocate" free="0" total="6946816" percent="0" />
      <mem type="survivor" free="0" total="1310720" percent="0" />
    </mem>
    <mem type="tenure" free="1264712" total="6684672" percent="18">
      <mem type="soa" free="1034936" total="6350848" percent="16" />
      <mem type="loa" free="229776" total="333824" percent="68" />
    </mem>
    <remembered-set count="334" />
  </mem-info>
</gc-start>
<allocation-stats totalBytes="5668832" >
  <allocated-bytes non-tlh="8200" tlh="5660632" />
  <largest-consumer threadName="Thread-5" threadId="0000000000A12A00" bytes="2055920" />
</allocation-stats>
<gc-op id="2332" type="scavenge" timems="1.513" contextid="2329" timestamp="2019-07-02T19:17:37.665">
  <scavenger-info tenureage="5" tenuremask="7fe0" tiltratio="84" />
  <memory-copied type="nursery" objects="2418" bytes="926056" bytesdiscarded="173728" />
  <references type="phantom" candidates="1" cleared="0" enqueued="0" />
</gc-op>
<gc-end id="2333" type="scavenge" contextid="2329" durationms="1.776" usertimems="0.000" systemtimems="4.000" timestamp="2019-07-02T19:17:37.665" activeThreads="4">
  <mem-info id="2334" free="7111672" total="14942208" percent="47">
    <mem type="nursery" free="5846960" total="8257536" percent="70">
      <mem type="allocate" free="5846960" total="6946816" percent="84" />
      <mem type="survivor" free="0" total="1310720" percent="0" />
    </mem>
    <mem type="tenure" free="1264712" total="6684672" percent="18" macro-fragmented="0">
      <mem type="soa" free="1034936" total="6350848" percent="16" />
      <mem type="loa" free="229776" total="333824" percent="68" />
    </mem>
    <remembered-set count="133" />
  </mem-info>
</gc-end>
<cycle-end id="2335" type="scavenge" contextid="2329" timestamp="2019-07-02T19:17:37.665">
  <attribute name="GC Util" value="2" />
  <attribute name="CPU Util" value="421201506292" />
  <attribute name="Time Running"value="6892"/>
  <attribute name="Number of cores"value="4"/>
</cycle-end>
<allocation-satisfied id="2336" threadId="0000000000A0EE00" bytesRequested="2056" />
<af-end id="2337" timestamp="2019-07-02T19:17:37.665" threadId="0000000000A0F788" success="true" from="nursery"/>
<exclusive-end id="2338" timestamp="2019-07-02T19:17:37.665" durationms="2.259" />

<exclusive-start id="2339" timestamp="2019-07-02T19:17:37.709" intervalms="45.751">
  <response-info timems="0.037" idlems="0.037" threads="0" lastid="0000000000A0EE00" lastname="Thread-4" />
</exclusive-start>
<af-start id="2340" threadId="0000000000A0F788" totalBytesRequested="32776" timestamp="2019-07-02T19:17:37.709" intervalms="45.766" type="nursery" />
<cycle-start id="2341" type="scavenge" contextid="0" timestamp="2019-07-02T19:17:37.709" intervalms="45.772" />
  <attribute name="GC Util" value="2" />
  <attribute name="CPU Util" value="421201506292" />
  <attribute name="Time Running"value="6892"/>
  <attribute name="Number of cores"value="4"/>
<gc-start id="2342" type="scavenge" contextid="2341" timestamp="2019-07-02T19:17:37.709">
  <mem-info id="2343" free="1264712" total="14942208" percent="8">
    <mem type="nursery" free="0" total="8257536" percent="0">
      <mem type="allocate" free="0" total="6946816" percent="0" />
      <mem type="survivor" free="0" total="1310720" percent="0" />
    </mem>
    <mem type="tenure" free="1264712" total="6684672" percent="18">
      <mem type="soa" free="1034936" total="6350848" percent="16" />
      <mem type="loa" free="229776" total="333824" percent="68" />
    </mem>
    <remembered-set count="346" />
  </mem-info>
</gc-start>
<allocation-stats totalBytes="5821808" >
  <allocated-bytes non-tlh="2056" tlh="5819752" />
  <largest-consumer threadName="Thread-4" threadId="0000000000A0EE00" bytes="2717624" />
</allocation-stats>
<gc-op id="2344" type="scavenge" timems="0.660" contextid="2341" timestamp="2019-07-02T19:17:37.710">
  <scavenger-info tenureage="5" tenuremask="7fe0" tiltratio="84" />
  <memory-copied type="nursery" objects="2136" bytes="923536" bytesdiscarded="256688" />
  <memory-copied type="tenure" objects="4" bytes="144" bytesdiscarded="0" />
</gc-op>
<gc-end id="2345" type="scavenge" contextid="2341" durationms="0.914" usertimems="0.000" systemtimems="0.000" timestamp="2019-07-02T19:17:37.710" activeThreads="4">
  <mem-info id="2346" free="7096776" total="14942208" percent="47">
    <mem type="nursery" free="5832064" total="8257536" percent="70">
      <mem type="allocate" free="5832064" total="7012352" percent="83" />
      <mem type="survivor" free="0" total="1245184" percent="0" />
    </mem>
    <mem type="tenure" free="1264712" total="6684672" percent="18" macro-fragmented="0">
      <mem type="soa" free="1034936" total="6350848" percent="16" />
      <mem type="loa" free="229776" total="333824" percent="68" />
    </mem>
    <remembered-set count="132" />
  </mem-info>
</gc-end>
<cycle-end id="2347" type="scavenge" contextid="2341" timestamp="2019-07-02T19:17:37.710">
  <attribute name="GC Util" value="7" />
  <attribute name="CPU Util" value="403073734934" />
  <attribute name="Time Running"value="6938"/>
  <attribute name="Number of cores"value="4"/>
</cycle-end>
<allocation-satisfied id="2348" threadId="0000000000A0EE00" bytesRequested="32776" />
<af-end id="2349" timestamp="2019-07-02T19:17:37.710" threadId="0000000000A0F788" success="true" from="nursery"/>
<exclusive-end id="2350" timestamp="2019-07-02T19:17:37.710" durationms="1.376" />

<exclusive-start id="2351" timestamp="2019-07-02T19:17:37.753" intervalms="44.579">
  <response-info timems="0.050" idlems="0.050" threads="0" lastid="0000000000A12A00" lastname="Thread-5" />
</exclusive-start>
<af-start id="2352" threadId="0000000000A13388" totalBytesRequested="16392" timestamp="2019-07-02T19:17:37.753" intervalms="44.565" type="nursery" />
<cycle-start id="2353" type="scavenge" contextid="0" timestamp="2019-07-02T19:17:37.753" intervalms="44.558" />
  <attribute name="GC Util" value="7" />
  <attribute name="CPU Util" value="403073734934" />
  <attribute name="Time Running"value="6938"/>
  <attribute name="Number of cores"value="4"/>
<gc-start id="2354" type="scavenge" contextid="2353" timestamp="2019-07-02T19:17:37.753">
  <mem-info id="2355" free="1264712" total="14942208" percent="8">
    <mem type="nursery" free="0" total="8257536" percent="0">
      <mem type="allocate" free="0" total="7012352" percent="0" />
      <mem type="survivor" free="0" total="1245184" percent="0" />
    </mem>
    <mem type="tenure" free="1264712" total="6684672" percent="18">
      <mem type="soa" free="1034936" total="6350848" percent="16" />
      <mem type="loa" free="229776" total="333824" percent="68" />
    </mem>
    <remembered-set count="346" />
  </mem-info>
</gc-start>
<allocation-stats totalBytes="5815792" >
  <allocated-bytes non-tlh="32776" tlh="5783016" />
  <largest-consumer threadName="Thread-5" threadId="0000000000A12A00" bytes="2151472" />
</allocation-stats>
<gc-op id="2356" type="scavenge" timems="0.660" contextid="2353" timestamp="2019-07-02T19:17:37.754">
  <scavenger-info tenureage="5" tenuremask="7fe0" tiltratio="84" />
  <memory-copied type="nursery" objects="2214" bytes="927240" bytesdiscarded="246472" />
</gc-op>
<gc-end id="2357" type="scavenge" contextid="2353" durationms="1.099" usertimems="0.000" systemtimems="0.000" timestamp="2019-07-02T19:17:37.755" activeThreads="4">
  <mem-info id="2358" free="7168824" total="14942208" percent="47">
    <mem type="nursery" free="5904112" total="8257536" percent="71">
      <mem type="allocate" free="5904112" total="7077888" percent="83" />
      <mem type="survivor" free="0" total="1179648" percent="0" />
    </mem>
    <mem type="tenure" free="1264712" total="6684672" percent="18" macro-fragmented="0">
      <mem type="soa" free="1034936" total="6350848" percent="16" />
      <mem type="loa" free="229776" total="333824" percent="68" />
    </mem>
    <remembered-set count="132" />
  </mem-info>
</gc-end>
<cycle-end id="2359" type="scavenge" contextid="2353" timestamp="2019-07-02T19:17:37.755">
  <attribute name="GC Util" value="4" />
  <attribute name="CPU Util" value="413898662858" />
  <attribute name="Time Running"value="6982"/>
  <attribute name="Number of cores"value="4"/>
</cycle-end>
<allocation-satisfied id="2360" threadId="0000000000A12A00" bytesRequested="16392" />
<af-end id="2361" timestamp="2019-07-02T19:17:37.755" threadId="0000000000A13388" success="true" from="nursery"/>
<exclusive-end id="2362" timestamp="2019-07-02T19:17:37.755" durationms="1.537" />

<exclusive-start id="2363" timestamp="2019-07-02T19:17:37.800" intervalms="46.781">
  <response-info timems="0.034" idlems="0.034" threads="0" lastid="0000000000A16500" lastname="Thread-6" />
</exclusive-start>
<af-start id="2364" threadId="0000000000A16E88" totalBytesRequested="88" timestamp="2019-07-02T19:17:37.800" intervalms="46.782" type="nursery" />
<cycle-start id="2365" type="scavenge" contextid="0" timestamp="2019-07-02T19:17:37.800" intervalms="46.790" />
  <attribute name="GC Util" value="4" />
  <attribute name="CPU Util" value="413898662858" />
  <attribute name="Time Running"value="6982"/>
  <attribute name="Number of cores"value="4"/>
<gc-start id="2366" type="scavenge" contextid="2365" timestamp="2019-07-02T19:17:37.800">
  <mem-info id="2367" free="1264712" total="14942208" percent="8">
    <mem type="nursery" free="0" total="8257536" percent="0">
      <mem type="allocate" free="0" total="7077888" percent="0" />
      <mem type="survivor" free="0" total="1179648" percent="0" />
    </mem>
    <mem type="tenure" free="1264712" total="6684672" percent="18">
      <mem type="soa" free="1034936" total="6350848" percent="16" />
      <mem type="loa" free="229776" total="333824" percent="68" />
    </mem>
    <remembered-set count="331" />
  </mem-info>
</gc-start>
<allocation-stats totalBytes="5902296" >
  <allocated-bytes non-tlh="49168" tlh="5853128" />
  <largest-consumer threadName="Thread-5" threadId="0000000000A12A00" bytes="2174600" />
</allocation-stats>
<gc-op id="2368" type="scavenge" timems="0.374" contextid="2365" timestamp="2019-07-02T19:17:37.801">
  <scavenger-info tenureage="5" tenuremask="7fe0" tiltratio="85" />
  <memory-copied type="nursery" objects="2531" bytes="1018408" bytesdiscarded="161176" />
  <memory-copied type="tenure" objects="183" bytes="31288" bytesdiscarded="0" />
  <copy-failed type="nursery" objects="183" bytes="31288" />
</gc-op>
<gc-end id="2369" type="scavenge" contextid="2365" durationms="0.650" usertimems="0.000" systemtimems="4.000" timestamp="2019-07-02T19:17:37.801" activeThreads="4">
  <mem-info id="2370" free="7031880" total="14942208" percent="47">
    <mem type="nursery" free="5767168" total="8257536" percent="69">
      <mem type="allocate" free="5767168" total="6946816" percent="83" />
      <mem type="survivor" free="0" total="1310720" percent="0" />
    </mem>
    <mem type="tenure" free="1264712" total="6684672" percent="18" macro-fragmented="0">
      <mem type="soa" free="1034936" total="6350848" percent="16" />
      <mem type="loa" free="229776" total="333824" percent="68" />
    </mem>
    <remembered-set count="146" />
  </mem-info>
</gc-end>
<cycle-end id="2371" type="scavenge" contextid="2365" timestamp="2019-07-02T19:17:37.801">
  <attribute name="GC Util" value="4" />
  <attribute name="CPU Util" value="394138644086" />
  <attribute name="Time Running"value="7029"/>
  <attribute name="Number of cores"value="4"/>
</cycle-end>
<allocation-satisfied id="2372" threadId="0000000000A16500" bytesRequested="88" />
<af-end id="2373" timestamp="2019-07-02T19:17:37.801" threadId="0000000000A16E88" success="true" from="nursery"/>
<exclusive-end id="2374" timestamp="2019-07-02T19:17:37.801" durationms="1.385" />

<exclusive-start id="2375" timestamp="2019-07-02T19:17:37.842" intervalms="42.182">
  <response-info timems="0.029" idlems="0.029" threads="0" lastid="0000000000A16500" lastname="Thread-6" />
</exclusive-start>
<af-start id="2376" threadId="0000000000A16E88" totalBytesRequested="2056" timestamp="2019-07-02T19:17:37.842" intervalms="42.187" type="nursery" />
<cycle-start id="2377" type="scavenge" contextid="0" timestamp="2019-07-02T19:17:37.842" intervalms="42.185" />
  <attribute name="GC Util" value="4" />
  <attribute name="CPU Util" value="394138644086" />
  <attribute name="Time Running"value="7029"/>
  <attribute name="Number of cores"value="4"/>
<gc-start id="2378" type="scavenge" contextid="2377" timestamp="2019-07-02T19:17:37.842">
  <mem-info id="2379" free="1264712" total="14942208" percent="8">
    <mem type="nursery" free="0" total="8257536" percent="0">
      <mem type="allocate" free="0" total="6946816" percent="0" />
      <mem type="survivor" free="0" total="1310720" percent="0" />
    </mem>
    <mem type="tenure" free="1264712" total="6684672" percent="18">
      <mem type="soa" free="1034936" total="6350848" percent="16" />
      <mem type="loa" free="229776" total="333824" percent="68" />
    </mem>
    <remembered-set count="352" />
  </mem-info>
</gc-start>
<allocation-stats totalBytes="5676168" >
  <allocated-bytes non-tlh="88" tlh="5676080" />
  <largest-consumer threadName="Thread-4" threadId="0000000000A0EE00" bytes="1887808" />
</allocation-stats>
<gc-op id="2380" type="scavenge" timems="0.381" contextid="2377" timestamp="2019-07-02T19:17:37.843">
  <scavenger-info tenureage="5" tenuremask="7fe0" tiltratio="84" />
  <memory-copied type="nursery" objects="2205" bytes="886176" bytesdiscarded="398856" />
  <memory-copied type="tenure" objects="27" bytes="744" bytesdiscarded="0" />
  <references type="phantom" candidates="1" cleared="0" enqueued="0" />
</gc-op>
<gc-end id="2381" type="scavenge" contextid="2377" durationms="0.655" usertimems="4.000" systemtimems="0.000" timestamp="2019-07-02T19:17:37.843" activeThreads="4">
  <mem-info id="2382" free="6991944" total="14942208" percent="46">
    <mem type="nursery" free="5727232" total="8257536" percent="69">
      <mem type="allocate" free="5727232" total="7012352" percent="81" />
      <mem type="survivor" free="0" total="1245184" percent="0" />
    </mem>
    <mem type="tenure" free="1264712" total="6684672" percent="18" macro-fragmented="0">
      <mem type="soa" free="1034936" total="6350848" percent="16" />
      <mem type="loa" free="229776" total="333824" percent="68" />
    </mem>
    <remembered-set count="114" />
  </mem-info>
</gc-end>
<cycle-end id="2383" type="scavenge" contextid="2377" timestamp="2019-07-02T19:17:37.843">
  <attribute name="GC Util" value="3" />
  <attribute name="CPU Util" value="437237209524" />
  <attribute name="Time Running"value="7071"/>
  <attribute name="Number of cores"value="4"/>
</cycle-end>
<allocation-satisfied id="2384" threadId="0000000000A16500" bytesRequested="2056" />
<af-end id="2385" timestamp="2019-07-02T19:17:37.843" threadId="0000000000A16E88" success="true" from="nursery"/>
<exclusive-end id="2386" timestamp="2019-07-02T19:17:37.843" durationms="1.132" />

<exclusive-start id="2387" timestamp="2019-07-02T19:17:37.889" intervalms="47.132">
  <response-info timems="0.041" idlems="0.041" threads="0" lastid="0000000000A12A00" lastname="Thread-5" />
</exclusive-start>
<af-start id="2388" threadId="0000000000A13388" totalBytesRequested="16392" timestamp="2019-07-02T19:17:37.889" intervalms="47.119" type="nursery" />
<cycle-start id="2389" type="scavenge" contextid="0" timestamp="2019-07-02T19:17:37.889" intervalms="47.112" />
  <attribute name="GC Util" value="3" />
  <attribute name="CPU Util" value="437237209524" />
  <attribute name="Time Running"value="7071"/>
  <attribute name="Number of cores"value="4"/>
<gc-start id="2390" type="scavenge" contextid="2389" timestamp="2019-07-02T19:17:37.890">
  <mem-info id="2391" free="1264712" total="14942208" percent="8">
    <mem type="nursery" free="0" total="8257536" percent="0">
      <mem type="allocate" free="0" total="7012352" percent="0" />
      <mem type="survivor" free="0" total="1245184" percent="0" />
    </mem>
    <mem type="tenure" free="1264712" total="6684672" percent="18">
      <mem type="soa" free="1034936" total="6350848" percent="16" />
      <mem type="loa" free="229776" total="333824" percent="68" />
    </mem>
    <remembered-set count="321" />
  </mem-info>
</gc-start>
<allocation-stats totalBytes="5652760" >
  <allocated-bytes non-tlh="2056" tlh="5650704" />
  <largest-consumer threadName="Thread-3" threadId="0000000000A0B200" bytes="1698968" />
</allocation-stats>
<gc-op id="2392" type="scavenge" timems="0.662" contextid="2389" timestamp="2019-07-02T19:17:37.890">
  <scavenger-info tenureage="5" tenuremask="7fe0" tiltratio="84" />
  <memory-copied type="nursery" objects="2072" bytes="807008" bytesdiscarded="242912" />
  <memory-copied type="tenure" objects="2" bytes="200" bytesdiscarded="0" />
</gc-op>
<gc-end id="2393" type="scavenge" contextid="2389" durationms="1.093" usertimems="0.000" systemtimems="0.000" timestamp="2019-07-02T19:17:37.891" activeThreads="4">
  <mem-info id="2394" free="7227072" total="14942208" percent="48">
    <mem type="nursery" free="5962360" total="8257536" percent="72">
      <mem type="allocate" free="5962360" total="7012352" percent="85" />
      <mem type="survivor" free="0" total="1245184" percent="0" />
    </mem>
    <mem type="tenure" free="1264712" total="6684672" percent="18" macro-fragmented="0">
      <mem type="soa" free="1034936" total="6350848" percent="16" />
      <mem type="loa" free="229776" total="333824" percent="68" />
    </mem>
    <remembered-set count="106" />
  </mem-info>
</gc-end>
<cycle-end id="2395" type="scavenge" contextid="2389" timestamp="2019-07-02T19:17:37.891">
  <attribute name="GC Util" value="2" />
  <attribute name="CPU Util" value="391761432757" />
  <attribute name="Time Running"value="7118"/>
  <attribute name="Number of cores"value="4"/>
</cycle-end>
<allocation-satisfied id="2396" threadId="0000000000A12A00" bytesRequested="16392" />
<af-end id="2397" timestamp="2019-07-02T19:17:37.891" threadId="0000000000A13388" success="true" from="nursery"/>
<exclusive-end id="2398" timestamp="2019-07-02T19:17:37.891" durationms="1.532" />

<exclusive-start id="2399" timestamp="2019-07-02T19:17:37.936" intervalms="46.212">
  <response-info timems="0.034" idlems="0.034" threads="0" lastid="0000000000A16500" lastname="Thread-6" />
</exclusive-start>
<af-start id="2400" threadId="0000000000A16E88" totalBytesRequested="16392" timestamp="2019-07-02T19:17:37.936" intervalms="46.223" type="nursery" />
<cycle-start id="2401" type="scavenge" contextid="0" timestamp="2019-07-02T19:17:37.936" intervalms="46.227" />
  <attribute name="GC Util" value="2" />
  <attribute name="CPU Util" value="391761432757" />
  <attribute name="Time Running"value="7118"/>
  <attribute name="Number of cores"value="4"/>
<gc-start id="2402" type="scavenge" contextid="2401" timestamp="2019-07-02T19:17:37.936">
  <mem-info id="2403" free="1264712" total="14942208" percent="8">
    <mem type="nursery" free="0" total="8257536" percent="0">
      <mem type="allocate" free="0" total="7012352" percent="0" />
      <mem type="survivor" free="0" total="1245184" percent="0" />
    </mem>
    <mem type="tenure" free="1264712" total="6684672" percent="18">
      <mem type="soa" free="1034936" total="6350848" percent="16" />
      <mem type="loa" free="229776" total="333824" percent="68" />
    </mem>
    <remembered-set count="319" />
  </mem-info>
</gc-start>
<allocation-stats totalBytes="5941480" >
  <allocated-bytes non-tlh="16392" tlh="5925088" />
  <largest-consumer threadName="Thread-5" threadId="0000000000A12A00" bytes="2489152" />
</allocation-stats>
<gc-op id="2404" type="scavenge" timems="0.288" contextid="2401" timestamp="2019-07-02T19:17:37.936">
  <scavenger-info tenureage="5" tenuremask="7fe0" tiltratio="84" />
  <memory-copied type="nursery" objects="1942" bytes="788848" bytesdiscarded="257944" />
</gc-op>
<gc-end id="2405" type="scavenge" contextid="2401" durationms="0.547" usertimems="0.000" systemtimems="0.000" timestamp="2019-07-02T19:17:37.936" activeThreads="4">
  <mem-info id="2406" free="7295736" total="14942208" percent="48">
    <mem type="nursery" free="6031024" total="8257536" percent="73">
      <mem type="allocate" free="6031024" total="7077888" percent="85" />
      <mem type="survivor" free="0" total="1179648" percent="0" />
    </mem>
    <mem type="tenure" free="1264712" total="6684672" percent="18" macro-fragmented="0">
      <mem type="soa" free="1034936" total="6350848" percent="16" />
      <mem type="loa" free="229776" total="333824" percent="68" />
    </mem>
    <remembered-set count="105" />
  </mem-info>
</gc-end>
<cycle-end id="2407" type="scavenge" contextid="2401" timestamp="2019-07-02T19:17:37.936">
  <attribute name="GC Util" value="4" />
  <attribute name="CPU Util" value="398972196983" />
  <attribute name="Time Running"value="7164"/>
  <attribute name="Number of cores"value="4"/>
</cycle-end>
<allocation-satisfied id="2408" threadId="0000000000A16500" bytesRequested="16392" />
<af-end id="2409" timestamp="2019-07-02T19:17:37.936" threadId="0000000000A16E88" success="true" from="nursery"/>
<exclusive-end id="2410" timestamp="2019-07-02T19:17:37.937" durationms="0.994" />

<exclusive-start id="2411" timestamp="2019-07-02T19:17:37.978" intervalms="42.180">
  <response-info timems="0.079" idlems="0.048" threads="1" lastid="0000000000A16500" lastname="Thread-6" />
</exclusive-start>
<af-start id="2412" threadId="0000000000A0F788" totalBytesRequested="32776" timestamp="2019-07-02T19:17:37.978" intervalms="42.174" type="nursery" />
<cycle-start id="2413" type="scavenge" contextid="0" timestamp="2019-07-02T19:17:37.978" intervalms="42.173" />
  <attribute name="GC Util" value="4" />
  <attribute name="CPU Util" value="398972196983" />
  <attribute name="Time Running"value="7164"/>
  <attribute name="Number of cores"value="4"/>
<gc-start id="2414" type="scavenge" contextid="2413" timestamp="2019-07-02T19:17:37.978">
  <mem-info id="2415" free="1264712" total="14942208" percent="8">
    <mem type="nursery" free="0" total="8257536" percent="0">
      <mem type="allocate" free="0" total="7077888" percent="0" />
      <mem type="survivor" free="0" total="1179648" percent="0" />
    </mem>
    <mem type="tenure" free="1264712" total="6684672" percent="18">
      <mem type="soa" free="1034936" total="6350848" percent="16" />
      <mem type="loa" free="229776" total="333824" percent="68" />
    </mem>
    <remembered-set count="323" />
  </mem-info>
</gc-start>
<allocation-stats totalBytes="5988688" >
  <allocated-bytes non-tlh="49168" tlh="5939520" />
  <largest-consumer threadName="Thread-5" threadId="0000000000A12A00" bytes="2238920" />
</allocation-stats>
<gc-op id="2416" type="scavenge" timems="0.691" contextid="2413" timestamp="2019-07-02T19:17:37.979">
  <scavenger-info tenureage="5" tenuremask="7fe0" tiltratio="85" />
  <memory-copied type="nursery" objects="1929" bytes="883672" bytesdiscarded="295920" />
  <memory-copied type="tenure" objects="62" bytes="5144" bytesdiscarded="0" />
  <copy-failed type="nursery" objects="62" bytes="5168" />
  <references type="phantom" candidates="1" cleared="0" enqueued="0" />
</gc-op>
<gc-end id="2417" type="scavenge" contextid="2413" durationms="1.107" usertimems="0.000" systemtimems="0.000" timestamp="2019-07-02T19:17:37.979" activeThreads="4">
  <mem-info id="2418" free="7228488" total="14942208" percent="48">
    <mem type="nursery" free="5963776" total="8257536" percent="72">
      <mem type="allocate" free="5963776" total="7143424" percent="83" />
      <mem type="survivor" free="0" total="1114112" percent="0" />
    </mem>
    <mem type="tenure" free="1264712" total="6684672" percent="18" macro-fragmented="0">
      <mem type="soa" free="1034936" total="6350848" percent="16" />
      <mem type="loa" free="229776" total="333824" percent="68" />
    </mem>
    <remembered-set count="89" />
  </mem-info>
</gc-end>
<cycle-end id="2419" type="scavenge" contextid="2413" timestamp="2019-07-02T19:17:37.979">
  <attribute name="GC Util" value="2" />
  <attribute name="CPU Util" value="435715969595" />
  <attribute name="Time Running"value="7207"/>
  <attribute name="Number of cores"value="4"/>
</cycle-end>
<allocation-satisfied id="2420" threadId="0000000000A0EE00" bytesRequested="32776" />
<af-end id="2421" timestamp="2019-07-02T19:17:37.979" threadId="0000000000A0F788" success="true" from="nursery"/>
<exclusive-end id="2422" timestamp="2019-07-02T19:17:37.979" durationms="1.540" />

<exclusive-start id="2423" timestamp="2019-07-02T19:17:38.025" intervalms="47.752">
  <response-info timems="0.050" idlems="0.026" threads="1" lastid="0000000000A0B200" lastname="Thread-3" />
</exclusive-start>
<af-start id="2424" threadId="0000000000A13388" totalBytesRequested="2056" timestamp="2019-07-02T19:17:38.026" intervalms="47.762" type="nursery" />
<cycle-start id="2425" type="scavenge" contextid="0" timestamp="2019-07-02T19:17:38.026" intervalms="47.764" />
  <attribute name="GC Util" value="2" />
  <attribute name="CPU Util" value="435715969595" />
  <attribute name="Time Running"value="7207"/>
  <attribute name="Number of cores"value="4"/>
<gc-start id="2426" type="scavenge" contextid="2425" timestamp="2019-07-02T19:17:38.026">
  <mem-info id="2427" free="1264712" total="14942208" percent="8">
    <mem type="nursery" free="0" total="8257536" percent="0">
      <mem type="allocate" free="0" total="7143424" percent="0" />
      <mem type="survivor" free="0" total="1114112" percent="0" />
    </mem>
    <mem type="tenure" free="1264712" total="6684672" percent="18">
      <mem type="soa" free="1034936" total="6350848" percent="16" />
      <mem type="loa" free="229776" total="333824" percent="68" />
    </mem>
    <remembered-set count="301" />
  </mem-info>
</gc-start>
<allocation-stats totalBytes="5892408" >
  <allocated-bytes non-tlh="32776" tlh="5859632" />
  <largest-consumer threadName="Thread-4" threadId="0000000000A0EE00" bytes="2239544" />
</allocation-stats>
<gc-op id="2428" type="scavenge" timems="0.817" contextid="2425" timestamp="2019-07-02T19:17:38.027">
  <scavenger-info tenureage="5" tenuremask="7fe0" tiltratio="86" />
  <memory-copied type="nursery" objects="1310" bytes="755000" bytesdiscarded="81456" />
  <references type="phantom" candidates="2" cleared="0" enqueued="0" />
</gc-op>
<gc-end id="2429" type="scavenge" contextid="2425" durationms="1.251" usertimems="0.000" systemtimems="0.000" timestamp="2019-07-02T19:17:38.027" activeThreads="4">
  <mem-info id="2430" free="7637120" total="14942208" percent="51">
    <mem type="nursery" free="6372408" total="8257536" percent="77">
      <mem type="allocate" free="6372408" total="7208960" percent="88" />
      <mem type="survivor" free="0" total="1048576" percent="0" />
    </mem>
    <mem type="tenure" free="1264712" total="6684672" percent="18" macro-fragmented="4388">
      <mem type="soa" free="1034936" total="6350848" percent="16" />
      <mem type="loa" free="229776" total="333824" percent="68" />
    </mem>
    <remembered-set count="93" />
  </mem-info>
</gc-end>
<cycle-end id="2431" type="scavenge" contextid="2425" timestamp="2019-07-02T19:17:38.027">
  <attribute name="GC Util" value="4" />
  <attribute name="CPU Util" value="387502562249" />
  <attribute name="Time Running"value="7254"/>
  <attribute name="Number of cores"value="4"/>
</cycle-end>
<allocation-satisfied id="2432" threadId="0000000000A12A00" bytesRequested="2056" />
<af-end id="2433" timestamp="2019-07-02T19:17:38.027" threadId="0000000000A13388" success="true" from="nursery"/>
<exclusive-end id="2434" timestamp="2019-07-02T19:17:38.027" durationms="1.705" />

<exclusive-start id="2435" timestamp="2019-07-02T19:17:38.074" intervalms="48.511">
  <response-info timems="0.039" idlems="0.039" threads="0" lastid="0000000000A0B200" lastname="Thread-3" />
</exclusive-start>
<af-start id="2436" threadId="0000000000A0BB88" totalBytesRequested="16" timestamp="2019-07-02T19:17:38.074" intervalms="48.500" type="nursery" />
<cycle-start id="2437" type="scavenge" contextid="0" timestamp="2019-07-02T19:17:38.074" intervalms="48.496" />
  <attribute name="GC Util" value="4" />
  <attribute name="CPU Util" value="387502562249" />
  <attribute name="Time Running"value="7254"/>
  <attribute name="Number of cores"value="4"/>
<gc-start id="2438" type="scavenge" contextid="2437" timestamp="2019-07-02T19:17:38.074">
  <mem-info id="2439" free="1264712" total="14942208" percent="8">
    <mem type="nursery" free="0" total="8257536" percent="0">
      <mem type="allocate" free="0" total="7208960" percent="0" />
      <mem type="survivor" free="0" total="1048576" percent="0" />
    </mem>
    <mem type="tenure" free="1264712" total="6684672" percent="18">
      <mem type="soa" free="1034936" total="6350848" percent="16" />
      <mem type="loa" free="229776" total="333824" percent="68" />
    </mem>
    <remembered-set count="317" />
  </mem-info>
</gc-start>
<allocation-stats totalBytes="6325920" >
  <allocated-bytes non-tlh="2056" tlh="6323864" />
  <largest-consumer threadName="Thread-3" threadId="0000000000A0B200" bytes="2704760" />
</allocation-stats>
<gc-op id="2440" type="scavenge" timems="0.694" contextid="2437" timestamp="2019-07-02T19:17:38.075">
  <scavenger-info tenureage="5" tenuremask="7fe0" tiltratio="87" />
  <memory-copied type="nursery" objects="2214" bytes="960360" bytesdiscarded="88152" />
  <memory-copied type="tenure" objects="269" bytes="54912" bytesdiscarded="920" />
  <copy-failed type="nursery" objects="269" bytes="54920" />
</gc-op>
<gc-end id="2441" type="scavenge" contextid="2437" durationms="0.991" usertimems="0.000" systemtimems="0.000" timestamp="2019-07-02T19:17:38.075" activeThreads="4">
  <mem-info id="2442" free="6921776" total="14942208" percent="46">
    <mem type="nursery" free="5767168" total="8257536" percent="69">
      <mem type="allocate" free="5767168" total="6815744" percent="84" />
      <mem type="survivor" free="0" total="1441792" percent="0" />
    </mem>
    <mem type="tenure" free="1154608" total="6684672" percent="17" macro-fragmented="0">
      <mem type="soa" free="924832" total="6350848" percent="14" />
      <mem type="loa" free="229776" total="333824" percent="68" />
    </mem>
    <remembered-set count="113" />
  </mem-info>
</gc-end>
<cycle-end id="2443" type="scavenge" contextid="2437" timestamp="2019-07-02T19:17:38.075">
  <attribute name="GC Util" value="4" />
  <attribute name="CPU Util" value="380447770688" />
  <attribute name="Time Running"value="7303"/>
  <attribute name="Number of cores"value="4"/>
</cycle-end>
<allocation-satisfied id="2444" threadId="0000000000A0B200" bytesRequested="16" />
<af-end id="2445" timestamp="2019-07-02T19:17:38.075" threadId="0000000000A0BB88" success="true" from="nursery"/>
<exclusive-end id="2446" timestamp="2019-07-02T19:17:38.075" durationms="1.484" />

<exclusive-start id="2447" timestamp="2019-07-02T19:17:38.121" intervalms="46.698">
  <response-info timems="0.038" idlems="0.038" threads="0" lastid="0000000000A12A00" lastname="Thread-5" />
</exclusive-start>
<af-start id="2448" threadId="0000000000A13388" totalBytesRequested="16392" timestamp="2019-07-02T19:17:38.121" intervalms="46.700" type="nursery" />
<cycle-start id="2449" type="scavenge" contextid="0" timestamp="2019-07-02T19:17:38.121" intervalms="46.703" />
  <attribute name="GC Util" value="4" />
  <attribute name="CPU Util" value="380447770688" />
  <attribute name="Time Running"value="7303"/>
  <attribute name="Number of cores"value="4"/>
<gc-start id="2450" type="scavenge" contextid="2449" timestamp="2019-07-02T19:17:38.121">
  <mem-info id="2451" free="1154608" total="14942208" percent="7">
    <mem type="nursery" free="0" total="8257536" percent="0">
      <mem type="allocate" free="0" total="6815744" percent="0" />
      <mem type="survivor" free="0" total="1441792" percent="0" />
    </mem>
    <mem type="tenure" free="1154608" total="6684672" percent="17">
      <mem type="soa" free="924832" total="6350848" percent="14" />
      <mem type="loa" free="229776" total="333824" percent="68" />
    </mem>
    <remembered-set count="335" />
  </mem-info>
</gc-start>
<allocation-stats totalBytes="5755112" >
  <allocated-bytes non-tlh="16" tlh="5755096" />
  <largest-consumer threadName="Thread-5" threadId="0000000000A12A00" bytes="2342552" />
</allocation-stats>
<gc-op id="2452" type="scavenge" timems="1.505" contextid="2449" timestamp="2019-07-02T19:17:38.123">
  <scavenger-info tenureage="5" tenuremask="7fe0" tiltratio="82" />
  <memory-copied type="nursery" objects="2304" bytes="1088664" bytesdiscarded="280520" />
  <references type="weak" candidates="1" cleared="0" enqueued="0" />
  <references type="phantom" candidates="1" cleared="0" enqueued="0" />
</gc-op>
<gc-end id="2453" type="scavenge" contextid="2449" durationms="1.953" usertimems="4.000" systemtimems="0.000" timestamp="2019-07-02T19:17:38.123" activeThreads="4">
  <mem-info id="2454" free="6732168" total="14942208" percent="45">
    <mem type="nursery" free="5577560" total="8257536" percent="67">
      <mem type="allocate" free="5577560" total="6946816" percent="80" />
      <mem type="survivor" free="0" total="1310720" percent="0" />
    </mem>
    <mem type="tenure" free="1154608" total="6684672" percent="17" macro-fragmented="4128">
      <mem type="soa" free="924832" total="6350848" percent="14" />
      <mem type="loa" free="229776" total="333824" percent="68" />
    </mem>
    <remembered-set count="118" />
  </mem-info>
</gc-end>
<cycle-end id="2455" type="scavenge" contextid="2449" timestamp="2019-07-02T19:17:38.123">
  <attribute name="GC Util" value="4" />
  <attribute name="CPU Util" value="394841970936" />
  <attribute name="Time Running"value="7350"/>
  <attribute name="Number of cores"value="4"/>
</cycle-end>
<allocation-satisfied id="2456" threadId="0000000000A12A00" bytesRequested="16392" />
<af-end id="2457" timestamp="2019-07-02T19:17:38.123" threadId="0000000000A13388" success="true" from="nursery"/>
<exclusive-end id="2458" timestamp="2019-07-02T19:17:38.123" durationms="2.413" />

<exclusive-start id="2459" timestamp="2019-07-02T19:17:38.166" intervalms="45.593">
  <response-info timems="0.041" idlems="0.041" threads="0" lastid="0000000000A12A00" lastname="Thread-5" />
</exclusive-start>
<af-start id="2460" threadId="0000000000A13388" totalBytesRequested="16392" timestamp="2019-07-02T19:17:38.166" intervalms="45.598" type="nursery" />
<cycle-start id="2461" type="scavenge" contextid="0" timestamp="2019-07-02T19:17:38.166" intervalms="45.598" />
  <attribute name="GC Util" value="4" />
  <attribute name="CPU Util" value="394841970936" />
  <attribute name="Time Running"value="7350"/>
  <attribute name="Number of cores"value="4"/>
<gc-start id="2462" type="scavenge" contextid="2461" timestamp="2019-07-02T19:17:38.166">
  <mem-info id="2463" free="1154608" total="14942208" percent="7">
    <mem type="nursery" free="0" total="8257536" percent="0">
      <mem type="allocate" free="0" total="6946816" percent="0" />
      <mem type="survivor" free="0" total="1310720" percent="0" />
    </mem>
    <mem type="tenure" free="1154608" total="6684672" percent="17">
      <mem type="soa" free="924832" total="6350848" percent="14" />
      <mem type="loa" free="229776" total="333824" percent="68" />
    </mem>
    <remembered-set count="313" />
  </mem-info>
</gc-start>
<allocation-stats totalBytes="5490048" >
  <allocated-bytes non-tlh="49168" tlh="5440880" />
  <largest-consumer threadName="Thread-5" threadId="0000000000A12A00" bytes="1584456" />
</allocation-stats>
<gc-op id="2464" type="scavenge" timems="1.702" contextid="2461" timestamp="2019-07-02T19:17:38.168">
  <scavenger-info tenureage="5" tenuremask="7fe0" tiltratio="84" />
  <memory-copied type="nursery" objects="2196" bytes="1043504" bytesdiscarded="105800" />
</gc-op>
<gc-end id="2465" type="scavenge" contextid="2461" durationms="2.139" usertimems="0.000" systemtimems="4.000" timestamp="2019-07-02T19:17:38.169" activeThreads="4">
  <mem-info id="2466" free="6952040" total="14942208" percent="46">
    <mem type="nursery" free="5797432" total="8257536" percent="70">
      <mem type="allocate" free="5797432" total="6946816" percent="83" />
      <mem type="survivor" free="0" total="1310720" percent="0" />
    </mem>
    <mem type="tenure" free="1154608" total="6684672" percent="17" macro-fragmented="0">
      <mem type="soa" free="924832" total="6350848" percent="14" />
      <mem type="loa" free="229776" total="333824" percent="68" />
    </mem>
    <remembered-set count="116" />
  </mem-info>
</gc-end>
<cycle-end id="2467" type="scavenge" contextid="2461" timestamp="2019-07-02T19:17:38.169">
  <attribute name="GC Util" value="8" />
  <attribute name="CPU Util" value="404629197018" />
  <attribute name="Time Running"value="7395"/>
  <attribute name="Number of cores"value="4"/>
</cycle-end>
<allocation-satisfied id="2468" threadId="0000000000A12A00" bytesRequested="16392" />
<af-end id="2469" timestamp="2019-07-02T19:17:38.169" threadId="0000000000A13388" success="true" from="nursery"/>
<exclusive-end id="2470" timestamp="2019-07-02T19:17:38.169" durationms="2.638" />

<exclusive-start id="2471" timestamp="2019-07-02T19:17:38.211" intervalms="45.184">
  <response-info timems="0.039" idlems="0.039" threads="0" lastid="0000000000A16500" lastname="Thread-6" />
</exclusive-start>
<af-start id="2472" threadId="0000000000A16E88" totalBytesRequested="16392" timestamp="2019-07-02T19:17:38.212" intervalms="45.183" type="nursery" />
<cycle-start id="2473" type="scavenge" contextid="0" timestamp="2019-07-02T19:17:38.212" intervalms="45.180" />
  <attribute name="GC Util" value="8" />
  <attribute name="CPU Util" value="404629197018" />
  <attribute name="Time Running"value="7395"/>
  <attribute name="Number of cores"value="4"/>
<gc-start id="2474" type="scavenge" contextid="2473" timestamp="2019-07-02T19:17:38.212">
  <mem-info id="2475" free="1154608" total="14942208" percent="7">
    <mem type="nursery" free="0" total="8257536" percent="0">
      <mem type="allocate" free="0" total="6946816" percent="0" />
      <mem type="survivor" free="0" total="1310720" percent="0" />
    </mem>
    <mem type="tenure" free="1154608" total="6684672" percent="17">
      <mem type="soa" free="924832" total="6350848" percent="14" />
      <mem type="loa" free="229776" total="333824" percent="68" />
    </mem>
    <remembered-set count="315" />
  </mem-info>
</gc-start>
<allocation-stats totalBytes="5765232" >
  <allocated-bytes non-tlh="16392" tlh="5748840" />
  <largest-consumer threadName="Thread-3" threadId="0000000000A0B200" bytes="2214544" />
</allocation-stats>
<gc-op id="2476" type="scavenge" timems="0.423" contextid="2473" timestamp="2019-07-02T19:17:38.212">
  <scavenger-info tenureage="5" tenuremask="7fe0" tiltratio="84" />
  <memory-copied type="nursery" objects="1986" bytes="955560" bytesdiscarded="298472" />
  <references type="weak" candidates="1" cleared="0" enqueued="0" />
  <references type="phantom" candidates="2" cleared="0" enqueued="0" />
</gc-op>
<gc-end id="2477" type="scavenge" contextid="2473" durationms="0.864" usertimems="4.000" systemtimems="0.000" timestamp="2019-07-02T19:17:38.213" activeThreads="4">
  <mem-info id="2478" free="6912848" total="14942208" percent="46">
    <mem type="nursery" free="5758240" total="8257536" percent="69">
      <mem type="allocate" free="5758240" total="7012352" percent="82" />
      <mem type="survivor" free="0" total="1245184" percent="0" />
    </mem>
    <mem type="tenure" free="1154608" total="6684672" percent="17" macro-fragmented="5160">
      <mem type="soa" free="924832" total="6350848" percent="14" />
      <mem type="loa" free="229776" total="333824" percent="68" />
    </mem>
    <remembered-set count="126" />
  </mem-info>
</gc-end>
<cycle-end id="2479" type="scavenge" contextid="2473" timestamp="2019-07-02T19:17:38.213">
  <attribute name="GC Util" value="8" />
  <attribute name="CPU Util" value="408317974272" />
  <attribute name="Time Running"value="7440"/>
  <attribute name="Number of cores"value="4"/>
</cycle-end>
<allocation-satisfied id="2480" threadId="0000000000A16500" bytesRequested="16392" />
<af-end id="2481" timestamp="2019-07-02T19:17:38.213" threadId="0000000000A16E88" success="true" from="nursery"/>
<exclusive-end id="2482" timestamp="2019-07-02T19:17:38.213" durationms="1.419" />

<exclusive-start id="2483" timestamp="2019-07-02T19:17:38.261" intervalms="49.902">
  <response-info timems="0.039" idlems="0.039" threads="0" lastid="0000000000A0EE00" lastname="Thread-4" />
</exclusive-start>
<af-start id="2484" threadId="0000000000A0F788" totalBytesRequested="8200" timestamp="2019-07-02T19:17:38.261" intervalms="49.886" type="nursery" />
<cycle-start id="2485" type="scavenge" contextid="0" timestamp="2019-07-02T19:17:38.261" intervalms="49.885" />
  <attribute name="GC Util" value="8" />
  <attribute name="CPU Util" value="408317974272" />
  <attribute name="Time Running"value="7440"/>
  <attribute name="Number of cores"value="4"/>
<gc-start id="2486" type="scavenge" contextid="2485" timestamp="2019-07-02T19:17:38.262">
  <mem-info id="2487" free="1154608" total="14942208" percent="7">
    <mem type="nursery" free="0" total="8257536" percent="0">
      <mem type="allocate" free="0" total="7012352" percent="0" />
      <mem type="survivor" free="0" total="1245184" percent="0" />
    </mem>
    <mem type="tenure" free="1154608" total="6684672" percent="17">
      <mem type="soa" free="924832" total="6350848" percent="14" />
      <mem type="loa" free="229776" total="333824" percent="68" />
    </mem>
    <remembered-set count="341" />
  </mem-info>
</gc-start>
<allocation-stats totalBytes="5721176" >
  <allocated-bytes non-tlh="49168" tlh="5672008" />
  <largest-consumer threadName="Thread-6" threadId="0000000000A16500" bytes="1781208" />
</allocation-stats>
<gc-op id="2488" type="scavenge" timems="2.342" contextid="2485" timestamp="2019-07-02T19:17:38.264">
  <scavenger-info tenureage="5" tenuremask="7fe0" tiltratio="84" />
  <memory-copied type="nursery" objects="2586" bytes="1173944" bytesdiscarded="59536" />
  <references type="weak" candidates="1" cleared="0" enqueued="0" />
  <references type="phantom" candidates="2" cleared="0" enqueued="0" />
</gc-op>
<gc-end id="2489" type="scavenge" contextid="2485" durationms="2.786" usertimems="4.000" systemtimems="0.000" timestamp="2019-07-02T19:17:38.264" activeThreads="4">
  <mem-info id="2490" free="6671240" total="14942208" percent="44">
    <mem type="nursery" free="5516632" total="8257536" percent="66">
      <mem type="allocate" free="5516632" total="6750208" percent="81" />
      <mem type="survivor" free="0" total="1507328" percent="0" />
    </mem>
    <mem type="tenure" free="1154608" total="6684672" percent="17" macro-fragmented="0">
      <mem type="soa" free="924832" total="6350848" percent="14" />
      <mem type="loa" free="229776" total="333824" percent="68" />
    </mem>
    <remembered-set count="120" />
  </mem-info>
</gc-end>
<cycle-end id="2491" type="scavenge" contextid="2485" timestamp="2019-07-02T19:17:38.264">
  <attribute name="GC Util" value="2" />
  <attribute name="CPU Util" value="369896678755" />
  <attribute name="Time Running"value="7490"/>
  <attribute name="Number of cores"value="4"/>
</cycle-end>
<allocation-satisfied id="2492" threadId="0000000000A0EE00" bytesRequested="8200" />
<af-end id="2493" timestamp="2019-07-02T19:17:38.265" threadId="0000000000A0F788" success="true" from="nursery"/>
<exclusive-end id="2494" timestamp="2019-07-02T19:17:38.265" durationms="3.197" />

<exclusive-start id="2495" timestamp="2019-07-02T19:17:38.306" intervalms="45.129">
  <response-info timems="0.042" idlems="0.040" threads="1" lastid="0000000000A0B200" lastname="Thread-3" />
</exclusive-start>
<af-start id="2496" threadId="0000000000A16E88" totalBytesRequested="8200" timestamp="2019-07-02T19:17:38.307" intervalms="45.139" type="nursery" />
<cycle-start id="2497" type="scavenge" contextid="0" timestamp="2019-07-02T19:17:38.307" intervalms="45.140" />
  <attribute name="GC Util" value="2" />
  <attribute name="CPU Util" value="369896678755" />
  <attribute name="Time Running"value="7490"/>
  <attribute name="Number of cores"value="4"/>
<gc-start id="2498" type="scavenge" contextid="2497" timestamp="2019-07-02T19:17:38.307">
  <mem-info id="2499" free="1154608" total="14942208" percent="7">
    <mem type="nursery" free="0" total="8257536" percent="0">
      <mem type="allocate" free="0" total="6750208" percent="0" />
      <mem type="survivor" free="0" total="1507328" percent="0" />
    </mem>
    <mem type="tenure" free="1154608" total="6684672" percent="17">
      <mem type="soa" free="924832" total="6350848" percent="14" />
      <mem type="loa" free="229776" total="333824" percent="68" />
    </mem>
    <remembered-set count="322" />
  </mem-info>
</gc-start>
<allocation-stats totalBytes="5438976" >
  <allocated-bytes non-tlh="8200" tlh="5430776" />
  <largest-consumer threadName="Thread-6" threadId="0000000000A16500" bytes="2295360" />
</allocation-stats>
<gc-op id="2500" type="scavenge" timems="0.325" contextid="2497" timestamp="2019-07-02T19:17:38.307">
  <scavenger-info tenureage="5" tenuremask="7fe0" tiltratio="81" />
  <memory-copied type="nursery" objects="1658" bytes="803528" bytesdiscarded="202144" />
  <memory-copied type="tenure" objects="155" bytes="187504" bytesdiscarded="1104" />
  <references type="phantom" candidates="2" cleared="0" enqueued="0" />
</gc-op>
<gc-end id="2501" type="scavenge" contextid="2497" durationms="0.594" usertimems="0.000" systemtimems="0.000" timestamp="2019-07-02T19:17:38.307" activeThreads="4">
  <mem-info id="2502" free="6859904" total="14942208" percent="45">
    <mem type="nursery" free="5809984" total="8257536" percent="70">
      <mem type="allocate" free="5809984" total="6815744" percent="85" />
      <mem type="survivor" free="0" total="1441792" percent="0" />
    </mem>
    <mem type="tenure" free="1049920" total="6684672" percent="15" macro-fragmented="0">
      <mem type="soa" free="820144" total="6350848" percent="12" />
      <mem type="loa" free="229776" total="333824" percent="68" />
    </mem>
    <remembered-set count="107" />
  </mem-info>
</gc-end>
<cycle-end id="2503" type="scavenge" contextid="2497" timestamp="2019-07-02T19:17:38.307">
  <attribute name="GC Util" value="12" />
  <attribute name="CPU Util" value="408487581344" />
  <attribute name="Time Running"value="7535"/>
  <attribute name="Number of cores"value="4"/>
</cycle-end>
<allocation-satisfied id="2504" threadId="0000000000A16500" bytesRequested="8200" />
<af-end id="2505" timestamp="2019-07-02T19:17:38.307" threadId="0000000000A16E88" success="true" from="nursery"/>
<exclusive-end id="2506" timestamp="2019-07-02T19:17:38.308" durationms="1.026" />

<exclusive-start id="2507" timestamp="2019-07-02T19:17:38.355" intervalms="48.642">
  <response-info timems="0.052" idlems="0.052" threads="0" lastid="0000000000A0B200" lastname="Thread-3" />
</exclusive-start>
<af-start id="2508" threadId="0000000000A0BB88" totalBytesRequested="16392" timestamp="2019-07-02T19:17:38.355" intervalms="48.628" type="nursery" />
<cycle-start id="2509" type="scavenge" contextid="0" timestamp="2019-07-02T19:17:38.355" intervalms="48.617" />
  <attribute name="GC Util" value="12" />
  <attribute name="CPU Util" value="408487581344" />
  <attribute name="Time Running"value="7535"/>
  <attribute name="Number of cores"value="4"/>
<gc-start id="2510" type="scavenge" contextid="2509" timestamp="2019-07-02T19:17:38.355">
  <mem-info id="2511" free="1049920" total="14942208" percent="7">
    <mem type="nursery" free="0" total="8257536" percent="0">
      <mem type="allocate" free="0" total="6815744" percent="0" />
      <mem type="survivor" free="0" total="1441792" percent="0" />
    </mem>
    <mem type="tenure" free="1049920" total="6684672" percent="15">
      <mem type="soa" free="820144" total="6350848" percent="12" />
      <mem type="loa" free="229776" total="333824" percent="68" />
    </mem>
    <remembered-set count="326" />
  </mem-info>
</gc-start>
<allocation-stats totalBytes="5794016" >
  <allocated-bytes non-tlh="8200" tlh="5785816" />
  <largest-consumer threadName="Thread-3" threadId="0000000000A0B200" bytes="1771824" />
</allocation-stats>
<gc-op id="2512" type="scavenge" timems="0.839" contextid="2509" timestamp="2019-07-02T19:17:38.356">
  <scavenger-info tenureage="5" tenuremask="7fe0" tiltratio="82" />
  <memory-copied type="nursery" objects="1661" bytes="820464" bytesdiscarded="263328" />
  <memory-copied type="tenure" objects="39" bytes="37768" bytesdiscarded="8" />
  <references type="phantom" candidates="1" cleared="0" enqueued="0" />
</gc-op>
<gc-end id="2513" type="scavenge" contextid="2509" durationms="1.068" usertimems="4.000" systemtimems="0.000" timestamp="2019-07-02T19:17:38.356" activeThreads="4">
  <mem-info id="2514" free="6792456" total="14942208" percent="45">
    <mem type="nursery" free="5797416" total="8257536" percent="70">
      <mem type="allocate" free="5797416" total="6881280" percent="84" />
      <mem type="survivor" free="0" total="1376256" percent="0" />
    </mem>
    <mem type="tenure" free="995040" total="6684672" percent="14" macro-fragmented="0">
      <mem type="soa" free="765264" total="6350848" percent="12" />
      <mem type="loa" free="229776" total="333824" percent="68" />
    </mem>
    <remembered-set count="107" />
  </mem-info>
</gc-end>
<cycle-end id="2515" type="scavenge" contextid="2509" timestamp="2019-07-02T19:17:38.356">
  <attribute name="GC Util" value="2" />
  <attribute name="CPU Util" value="379831901054" />
  <attribute name="Time Running"value="7584"/>
  <attribute name="Number of cores"value="4"/>
</cycle-end>
<allocation-satisfied id="2516" threadId="0000000000A0B200" bytesRequested="16392" />
<af-end id="2517" timestamp="2019-07-02T19:17:38.357" threadId="0000000000A0BB88" success="true" from="nursery"/>
<exclusive-end id="2518" timestamp="2019-07-02T19:17:38.357" durationms="1.410" />

<exclusive-start id="2519" timestamp="2019-07-02T19:17:38.397" intervalms="41.604">
  <response-info timems="0.041" idlems="0.041" threads="0" lastid="0000000000A12A00" lastname="Thread-5" />
</exclusive-start>
<af-start id="2520" threadId="0000000000A13388" totalBytesRequested="8200" timestamp="2019-07-02T19:17:38.397" intervalms="41.609" type="nursery" />
<cycle-start id="2521" type="scavenge" contextid="0" timestamp="2019-07-02T19:17:38.397" intervalms="41.626" />
  <attribute name="GC Util" value="2" />
  <attribute name="CPU Util" value="379831901054" />
  <attribute name="Time Running"value="7584"/>
  <attribute name="Number of cores"value="4"/>
<gc-start id="2522" type="scavenge" contextid="2521" timestamp="2019-07-02T19:17:38.397">
  <mem-info id="2523" free="995040" total="14942208" percent="6">
    <mem type="nursery" free="0" total="8257536" percent="0">
      <mem type="allocate" free="0" total="6881280" percent="0" />
      <mem type="survivor" free="0" total="1376256" percent="0" />
    </mem>
    <mem type="tenure" free="995040" total="6684672" percent="14">
      <mem type="soa" free="765264" total="6350848" percent="12" />
      <mem type="loa" free="229776" total="333824" percent="68" />
    </mem>
    <remembered-set count="301" />
  </mem-info>
</gc-start>
<allocation-stats totalBytes="5782072" >
  <allocated-bytes non-tlh="49168" tlh="5732904" />
  <largest-consumer threadName="Thread-4" threadId="0000000000A0EE00" bytes="2072136" />
</allocation-stats>
<gc-op id="2524" type="scavenge" timems="0.844" contextid="2521" timestamp="2019-07-02T19:17:38.398">
  <scavenger-info tenureage="5" tenuremask="7fe0" tiltratio="83" />
  <memory-copied type="nursery" objects="2156" bytes="958184" bytesdiscarded="128440" />
  <references type="phantom" candidates="1" cleared="0" enqueued="0" />
</gc-op>
<gc-end id="2525" type="scavenge" contextid="2521" durationms="1.167" usertimems="0.000" systemtimems="0.000" timestamp="2019-07-02T19:17:38.398" activeThreads="4">
  <mem-info id="2526" free="6855160" total="14942208" percent="45">
    <mem type="nursery" free="5860120" total="8257536" percent="70">
      <mem type="allocate" free="5860120" total="6946816" percent="84" />
      <mem type="survivor" free="0" total="1310720" percent="0" />
    </mem>
    <mem type="tenure" free="995040" total="6684672" percent="14" macro-fragmented="0">
      <mem type="soa" free="765264" total="6350848" percent="12" />
      <mem type="loa" free="229776" total="333824" percent="68" />
    </mem>
    <remembered-set count="107" />
  </mem-info>
</gc-end>
<cycle-end id="2527" type="scavenge" contextid="2521" timestamp="2019-07-02T19:17:38.398">
  <attribute name="GC Util" value="5" />
  <attribute name="CPU Util" value="442597200309" />
  <attribute name="Time Running"value="7626"/>
  <attribute name="Number of cores"value="4"/>
</cycle-end>
<allocation-satisfied id="2528" threadId="0000000000A12A00" bytesRequested="8200" />
<af-end id="2529" timestamp="2019-07-02T19:17:38.398" threadId="0000000000A13388" success="true" from="nursery"/>
<exclusive-end id="2530" timestamp="2019-07-02T19:17:38.398" durationms="1.595" />

<exclusive-start id="2531" timestamp="2019-07-02T19:17:38.447" intervalms="50.268">
  <response-info timems="0.035" idlems="0.035" threads="0" lastid="0000000000A0EE00" lastname="Thread-4" />
</exclusive-start>
<af-start id="2532" threadId="0000000000A0F788" totalBytesRequested="16392" timestamp="2019-07-02T19:17:38.447" intervalms="50.312" type="nursery" />
<cycle-start id="2533" type="scavenge" contextid="0" timestamp="2019-07-02T19:17:38.447" intervalms="50.307" />
  <attribute name="GC Util" value="5" />
  <attribute name="CPU Util" value="442597200309" />
  <attribute name="Time Running"value="7626"/>
  <attribute name="Number of cores"value="4"/>
<gc-start id="2534" type="scavenge" contextid="2533" timestamp="2019-07-02T19:17:38.447">
  <mem-info id="2535" free="995040" total="14942208" percent="6">
    <mem type="nursery" free="0" total="8257536" percent="0">
      <mem type="allocate" free="0" total="6946816" percent="0" />
      <mem type="survivor" free="0" total="1310720" percent="0" />
    </mem>
    <mem type="tenure" free="995040" total="6684672" percent="14">
      <mem type="soa" free="765264" total="6350848" percent="12" />
      <mem type="loa" free="229776" total="333824" percent="68" />
    </mem>
    <remembered-set count="316" />
  </mem-info>
</gc-start>
<allocation-stats totalBytes="5848520" >
  <allocated-bytes non-tlh="8200" tlh="5840320" />
  <largest-consumer threadName="Thread-5" threadId="0000000000A12A00" bytes="2092248" />
</allocation-stats>
<gc-op id="2536" type="scavenge" timems="0.639" contextid="2533" timestamp="2019-07-02T19:17:38.448">
  <scavenger-info tenureage="5" tenuremask="7fe0" tiltratio="84" />
  <memory-copied type="nursery" objects="2038" bytes="869424" bytesdiscarded="279672" />
  <memory-copied type="tenure" objects="4" bytes="144" bytesdiscarded="0" />
</gc-op>
<gc-end id="2537" type="scavenge" contextid="2533" durationms="1.065" usertimems="0.000" systemtimems="0.000" timestamp="2019-07-02T19:17:38.448" activeThreads="4">
  <mem-info id="2538" free="6858232" total="14942208" percent="45">
    <mem type="nursery" free="5863192" total="8257536" percent="71">
      <mem type="allocate" free="5863192" total="7012352" percent="83" />
      <mem type="survivor" free="0" total="1245184" percent="0" />
    </mem>
    <mem type="tenure" free="995040" total="6684672" percent="14" macro-fragmented="0">
      <mem type="soa" free="765264" total="6350848" percent="12" />
      <mem type="loa" free="229776" total="333824" percent="68" />
    </mem>
    <remembered-set count="104" />
  </mem-info>
</gc-end>
<cycle-end id="2539" type="scavenge" contextid="2533" timestamp="2019-07-02T19:17:38.448">
  <attribute name="GC Util" value="4" />
  <attribute name="CPU Util" value="366759279490" />
  <attribute name="Time Running"value="7676"/>
  <attribute name="Number of cores"value="4"/>
</cycle-end>
<allocation-satisfied id="2540" threadId="0000000000A0EE00" bytesRequested="16392" />
<af-end id="2541" timestamp="2019-07-02T19:17:38.449" threadId="0000000000A0F788" success="true" from="nursery"/>
<exclusive-end id="2542" timestamp="2019-07-02T19:17:38.449" durationms="1.559" />

<exclusive-start id="2543" timestamp="2019-07-02T19:17:38.493" intervalms="46.273">
  <response-info timems="0.045" idlems="0.045" threads="0" lastid="0000000000A0B200" lastname="Thread-3" />
</exclusive-start>
<af-start id="2544" threadId="0000000000A0BB88" totalBytesRequested="2056" timestamp="2019-07-02T19:17:38.493" intervalms="46.238" type="nursery" />
<cycle-start id="2545" type="scavenge" contextid="0" timestamp="2019-07-02T19:17:38.493" intervalms="46.239" />
  <attribute name="GC Util" value="4" />
  <attribute name="CPU Util" value="366759279490" />
  <attribute name="Time Running"value="7676"/>
  <attribute name="Number of cores"value="4"/>
<gc-start id="2546" type="scavenge" contextid="2545" timestamp="2019-07-02T19:17:38.493">
  <mem-info id="2547" free="995040" total="14942208" percent="6">
    <mem type="nursery" free="0" total="8257536" percent="0">
      <mem type="allocate" free="0" total="7012352" percent="0" />
      <mem type="survivor" free="0" total="1245184" percent="0" />
    </mem>
    <mem type="tenure" free="995040" total="6684672" percent="14">
      <mem type="soa" free="765264" total="6350848" percent="12" />
      <mem type="loa" free="229776" total="333824" percent="68" />
    </mem>
    <remembered-set count="319" />
  </mem-info>
</gc-start>
<allocation-stats totalBytes="5788352" >
  <allocated-bytes non-tlh="16392" tlh="5771960" />
  <largest-consumer threadName="Thread-5" threadId="0000000000A12A00" bytes="1711624" />
</allocation-stats>
<gc-op id="2548" type="scavenge" timems="0.707" contextid="2545" timestamp="2019-07-02T19:17:38.494">
  <scavenger-info tenureage="5" tenuremask="7fe0" tiltratio="84" />
  <memory-copied type="nursery" objects="2587" bytes="972448" bytesdiscarded="231160" />
  <memory-copied type="tenure" objects="4" bytes="144" bytesdiscarded="0" />
  <references type="phantom" candidates="1" cleared="0" enqueued="0" />
</gc-op>
<gc-end id="2549" type="scavenge" contextid="2545" durationms="1.161" usertimems="4.000" systemtimems="0.000" timestamp="2019-07-02T19:17:38.495" activeThreads="4">
  <mem-info id="2550" free="6803712" total="14942208" percent="45">
    <mem type="nursery" free="5808672" total="8257536" percent="70">
      <mem type="allocate" free="5808672" total="7012352" percent="82" />
      <mem type="survivor" free="0" total="1245184" percent="0" />
    </mem>
    <mem type="tenure" free="995040" total="6684672" percent="14" macro-fragmented="0">
      <mem type="soa" free="765264" total="6350848" percent="12" />
      <mem type="loa" free="229776" total="333824" percent="68" />
    </mem>
    <remembered-set count="105" />
  </mem-info>
</gc-end>
<cycle-end id="2551" type="scavenge" contextid="2545" timestamp="2019-07-02T19:17:38.495">
  <attribute name="GC Util" value="4" />
  <attribute name="CPU Util" value="398936225333" />
  <attribute name="Time Running"value="7722"/>
  <attribute name="Number of cores"value="4"/>
</cycle-end>
<allocation-satisfied id="2552" threadId="0000000000A0B200" bytesRequested="2056" />
<af-end id="2553" timestamp="2019-07-02T19:17:38.495" threadId="0000000000A0BB88" success="true" from="nursery"/>
<exclusive-end id="2554" timestamp="2019-07-02T19:17:38.495" durationms="1.589" />

<exclusive-start id="2555" timestamp="2019-07-02T19:17:38.536" intervalms="43.124">
  <response-info timems="0.039" idlems="0.039" threads="0" lastid="0000000000A0B200" lastname="Thread-3" />
</exclusive-start>
<af-start id="2556" threadId="0000000000A0BB88" totalBytesRequested="16392" timestamp="2019-07-02T19:17:38.536" intervalms="43.119" type="nursery" />
<cycle-start id="2557" type="scavenge" contextid="0" timestamp="2019-07-02T19:17:38.537" intervalms="43.117" />
  <attribute name="GC Util" value="4" />
  <attribute name="CPU Util" value="398936225333" />
  <attribute name="Time Running"value="7722"/>
  <attribute name="Number of cores"value="4"/>
<gc-start id="2558" type="scavenge" contextid="2557" timestamp="2019-07-02T19:17:38.537">
  <mem-info id="2559" free="995040" total="14942208" percent="6">
    <mem type="nursery" free="0" total="8257536" percent="0">
      <mem type="allocate" free="0" total="7012352" percent="0" />
      <mem type="survivor" free="0" total="1245184" percent="0" />
    </mem>
    <mem type="tenure" free="995040" total="6684672" percent="14">
      <mem type="soa" free="765264" total="6350848" percent="12" />
      <mem type="loa" free="229776" total="333824" percent="68" />
    </mem>
    <remembered-set count="313" />
  </mem-info>
</gc-start>
<allocation-stats totalBytes="5787040" >
  <allocated-bytes non-tlh="2056" tlh="5784984" />
  <largest-consumer threadName="Thread-6" threadId="0000000000A16500" bytes="1753256" />
</allocation-stats>
<gc-op id="2560" type="scavenge" timems="0.671" contextid="2557" timestamp="2019-07-02T19:17:38.537">
  <scavenger-info tenureage="5" tenuremask="7fe0" tiltratio="84" />
  <memory-copied type="nursery" objects="1952" bytes="782400" bytesdiscarded="292120" />
</gc-op>
<gc-end id="2561" type="scavenge" contextid="2557" durationms="1.111" usertimems="0.000" systemtimems="0.000" timestamp="2019-07-02T19:17:38.538" activeThreads="4">
  <mem-info id="2562" free="6932808" total="14942208" percent="46">
    <mem type="nursery" free="5937768" total="8257536" percent="71">
      <mem type="allocate" free="5937768" total="7012352" percent="84" />
      <mem type="survivor" free="0" total="1245184" percent="0" />
    </mem>
    <mem type="tenure" free="995040" total="6684672" percent="14" macro-fragmented="0">
      <mem type="soa" free="765264" total="6350848" percent="12" />
      <mem type="loa" free="229776" total="333824" percent="68" />
    </mem>
    <remembered-set count="106" />
  </mem-info>
</gc-end>
<cycle-end id="2563" type="scavenge" contextid="2557" timestamp="2019-07-02T19:17:38.538">
  <attribute name="GC Util" value="4" />
  <attribute name="CPU Util" value="427883322017" />
  <attribute name="Time Running"value="7765"/>
  <attribute name="Number of cores"value="4"/>
</cycle-end>
<allocation-satisfied id="2564" threadId="0000000000A0B200" bytesRequested="16392" />
<af-end id="2565" timestamp="2019-07-02T19:17:38.538" threadId="0000000000A0BB88" success="true" from="nursery"/>
<exclusive-end id="2566" timestamp="2019-07-02T19:17:38.538" durationms="1.581" />

<exclusive-start id="2567" timestamp="2019-07-02T19:17:38.581" intervalms="44.436">
  <response-info timems="0.040" idlems="0.040" threads="0" lastid="0000000000A0EE00" lastname="Thread-4" />
</exclusive-start>
<af-start id="2568" threadId="0000000000A0F788" totalBytesRequested="32776" timestamp="2019-07-02T19:17:38.581" intervalms="44.443" type="nursery" />
<cycle-start id="2569" type="scavenge" contextid="0" timestamp="2019-07-02T19:17:38.581" intervalms="44.444" />
  <attribute name="GC Util" value="4" />
  <attribute name="CPU Util" value="427883322017" />
  <attribute name="Time Running"value="7765"/>
  <attribute name="Number of cores"value="4"/>
<gc-start id="2570" type="scavenge" contextid="2569" timestamp="2019-07-02T19:17:38.581">
  <mem-info id="2571" free="995040" total="14942208" percent="6">
    <mem type="nursery" free="0" total="8257536" percent="0">
      <mem type="allocate" free="0" total="7012352" percent="0" />
      <mem type="survivor" free="0" total="1245184" percent="0" />
    </mem>
    <mem type="tenure" free="995040" total="6684672" percent="14">
      <mem type="soa" free="765264" total="6350848" percent="12" />
      <mem type="loa" free="229776" total="333824" percent="68" />
    </mem>
    <remembered-set count="307" />
  </mem-info>
</gc-start>
<allocation-stats totalBytes="5880392" >
  <allocated-bytes non-tlh="16392" tlh="5864000" />
  <largest-consumer threadName="Thread-4" threadId="0000000000A0EE00" bytes="1903888" />
</allocation-stats>
<gc-op id="2572" type="scavenge" timems="0.676" contextid="2569" timestamp="2019-07-02T19:17:38.582">
  <scavenger-info tenureage="5" tenuremask="7fe0" tiltratio="84" />
  <memory-copied type="nursery" objects="2480" bytes="1011704" bytesdiscarded="233408" />
  <memory-copied type="tenure" objects="17" bytes="624" bytesdiscarded="0" />
  <copy-failed type="nursery" objects="16" bytes="520" />
</gc-op>
<gc-end id="2573" type="scavenge" contextid="2569" durationms="1.135" usertimems="0.000" systemtimems="4.000" timestamp="2019-07-02T19:17:38.582" activeThreads="4">
  <mem-info id="2574" free="6631136" total="14942208" percent="44">
    <mem type="nursery" free="5636096" total="8257536" percent="68">
      <mem type="allocate" free="5636096" total="6881280" percent="81" />
      <mem type="survivor" free="0" total="1376256" percent="0" />
    </mem>
    <mem type="tenure" free="995040" total="6684672" percent="14" macro-fragmented="0">
      <mem type="soa" free="765264" total="6350848" percent="12" />
      <mem type="loa" free="229776" total="333824" percent="68" />
    </mem>
    <remembered-set count="94" />
  </mem-info>
</gc-end>
<cycle-end id="2575" type="scavenge" contextid="2569" timestamp="2019-07-02T19:17:38.582">
  <attribute name="GC Util" value="4" />
  <attribute name="CPU Util" value="414964502973" />
  <attribute name="Time Running"value="7810"/>
  <attribute name="Number of cores"value="4"/>
</cycle-end>
<allocation-satisfied id="2576" threadId="0000000000A0EE00" bytesRequested="32776" />
<af-end id="2577" timestamp="2019-07-02T19:17:38.582" threadId="0000000000A0F788" success="true" from="nursery"/>
<exclusive-end id="2578" timestamp="2019-07-02T19:17:38.583" durationms="1.720" />

<exclusive-start id="2579" timestamp="2019-07-02T19:17:38.627" intervalms="45.939">
  <response-info timems="0.048" idlems="0.048" threads="0" lastid="0000000000A16500" lastname="Thread-6" />
</exclusive-start>
<af-start id="2580" threadId="0000000000A16E88" totalBytesRequested="32776" timestamp="2019-07-02T19:17:38.627" intervalms="45.939" type="nursery" />
<cycle-start id="2581" type="scavenge" contextid="0" timestamp="2019-07-02T19:17:38.627" intervalms="45.939" />
  <attribute name="GC Util" value="4" />
  <attribute name="CPU Util" value="414964502973" />
  <attribute name="Time Running"value="7810"/>
  <attribute name="Number of cores"value="4"/>
<gc-start id="2582" type="scavenge" contextid="2581" timestamp="2019-07-02T19:17:38.627">
  <mem-info id="2583" free="995040" total="14942208" percent="6">
    <mem type="nursery" free="0" total="8257536" percent="0">
      <mem type="allocate" free="0" total="6881280" percent="0" />
      <mem type="survivor" free="0" total="1376256" percent="0" />
    </mem>
    <mem type="tenure" free="995040" total="6684672" percent="14">
      <mem type="soa" free="765264" total="6350848" percent="12" />
      <mem type="loa" free="229776" total="333824" percent="68" />
    </mem>
    <remembered-set count="302" />
  </mem-info>
</gc-start>
<allocation-stats totalBytes="5585296" >
  <allocated-bytes non-tlh="32776" tlh="5552520" />
  <largest-consumer threadName="Thread-3" threadId="0000000000A0B200" bytes="1592632" />
</allocation-stats>
<gc-op id="2584" type="scavenge" timems="0.377" contextid="2581" timestamp="2019-07-02T19:17:38.627">
  <scavenger-info tenureage="5" tenuremask="7fe0" tiltratio="83" />
  <memory-copied type="nursery" objects="2188" bytes="933288" bytesdiscarded="296432" />
</gc-op>
<gc-end id="2585" type="scavenge" contextid="2581" durationms="0.609" usertimems="0.000" systemtimems="0.000" timestamp="2019-07-02T19:17:38.628" activeThreads="4">
  <mem-info id="2586" free="6712072" total="14942208" percent="44">
    <mem type="nursery" free="5717032" total="8257536" percent="69">
      <mem type="allocate" free="5717032" total="6946816" percent="82" />
      <mem type="survivor" free="0" total="1310720" percent="0" />
    </mem>
    <mem type="tenure" free="995040" total="6684672" percent="14" macro-fragmented="581482">
      <mem type="soa" free="765264" total="6350848" percent="12" />
      <mem type="loa" free="229776" total="333824" percent="68" />
    </mem>
    <remembered-set count="102" />
  </mem-info>
</gc-end>
<cycle-end id="2587" type="scavenge" contextid="2581" timestamp="2019-07-02T19:17:38.628">
  <attribute name="GC Util" value="4" />
  <attribute name="CPU Util" value="401575447216" />
  <attribute name="Time Running"value="7856"/>
  <attribute name="Number of cores"value="4"/>
</cycle-end>
<allocation-satisfied id="2588" threadId="0000000000A16500" bytesRequested="32776" />
<af-end id="2589" timestamp="2019-07-02T19:17:38.628" threadId="0000000000A16E88" success="true" from="nursery"/>
<exclusive-end id="2590" timestamp="2019-07-02T19:17:38.628" durationms="1.042" />

<exclusive-start id="2591" timestamp="2019-07-02T19:17:38.668" intervalms="41.153">
  <response-info timems="0.044" idlems="0.044" threads="0" lastid="0000000000A12A00" lastname="Thread-5" />
</exclusive-start>
<af-start id="2592" threadId="0000000000A13388" totalBytesRequested="16392" timestamp="2019-07-02T19:17:38.668" intervalms="41.158" type="nursery" />
<cycle-start id="2593" type="scavenge" contextid="0" timestamp="2019-07-02T19:17:38.668" intervalms="41.160" />
  <attribute name="GC Util" value="4" />
  <attribute name="CPU Util" value="401575447216" />
  <attribute name="Time Running"value="7856"/>
  <attribute name="Number of cores"value="4"/>
<gc-start id="2594" type="scavenge" contextid="2593" timestamp="2019-07-02T19:17:38.668">
  <mem-info id="2595" free="995040" total="14942208" percent="6">
    <mem type="nursery" free="0" total="8257536" percent="0">
      <mem type="allocate" free="0" total="6946816" percent="0" />
      <mem type="survivor" free="0" total="1310720" percent="0" />
    </mem>
    <mem type="tenure" free="995040" total="6684672" percent="14">
      <mem type="soa" free="765264" total="6350848" percent="12" />
      <mem type="loa" free="229776" total="333824" percent="68" />
    </mem>
    <remembered-set count="322" />
  </mem-info>
</gc-start>
<allocation-stats totalBytes="5667432" >
  <allocated-bytes non-tlh="32776" tlh="5634656" />
  <largest-consumer threadName="Thread-4" threadId="0000000000A0EE00" bytes="1792456" />
</allocation-stats>
<gc-op id="2596" type="scavenge" timems="0.926" contextid="2593" timestamp="2019-07-02T19:17:38.669">
  <scavenger-info tenureage="5" tenuremask="7fe0" tiltratio="84" />
  <memory-copied type="nursery" objects="1983" bytes="833656" bytesdiscarded="282656" />
  <references type="weak" candidates="1" cleared="0" enqueued="0" />
  <references type="phantom" candidates="1" cleared="0" enqueued="0" />
</gc-op>
<gc-end id="2597" type="scavenge" contextid="2593" durationms="1.220" usertimems="0.000" systemtimems="0.000" timestamp="2019-07-02T19:17:38.669" activeThreads="4">
  <mem-info id="2598" free="6891024" total="14942208" percent="46">
    <mem type="nursery" free="5895984" total="8257536" percent="71">
      <mem type="allocate" free="5895984" total="7012352" percent="84" />
      <mem type="survivor" free="0" total="1245184" percent="0" />
    </mem>
    <mem type="tenure" free="995040" total="6684672" percent="14" macro-fragmented="0">
      <mem type="soa" free="765264" total="6350848" percent="12" />
      <mem type="loa" free="229776" total="333824" percent="68" />
    </mem>
    <remembered-set count="109" />
  </mem-info>
</gc-end>
<cycle-end id="2599" type="scavenge" contextid="2593" timestamp="2019-07-02T19:17:38.669">
  <attribute name="GC Util" value="2" />
  <attribute name="CPU Util" value="447974421619" />
  <attribute name="Time Running"value="7897"/>
  <attribute name="Number of cores"value="4"/>
</cycle-end>
<allocation-satisfied id="2600" threadId="0000000000A12A00" bytesRequested="16392" />
<af-end id="2601" timestamp="2019-07-02T19:17:38.670" threadId="0000000000A13388" success="true" from="nursery"/>
<exclusive-end id="2602" timestamp="2019-07-02T19:17:38.670" durationms="1.682" />

<exclusive-start id="2603" timestamp="2019-07-02T19:17:38.717" intervalms="49.192">
  <response-info timems="0.043" idlems="0.043" threads="0" lastid="0000000000A0EE00" lastname="Thread-4" />
</exclusive-start>
<af-start id="2604" threadId="0000000000A0F788" totalBytesRequested="224" timestamp="2019-07-02T19:17:38.717" intervalms="49.185" type="nursery" />
<cycle-start id="2605" type="scavenge" contextid="0" timestamp="2019-07-02T19:17:38.717" intervalms="49.190" />
  <attribute name="GC Util" value="2" />
  <attribute name="CPU Util" value="447974421619" />
  <attribute name="Time Running"value="7897"/>
  <attribute name="Number of cores"value="4"/>
<gc-start id="2606" type="scavenge" contextid="2605" timestamp="2019-07-02T19:17:38.717">
  <mem-info id="2607" free="995040" total="14942208" percent="6">
    <mem type="nursery" free="0" total="8257536" percent="0">
      <mem type="allocate" free="0" total="7012352" percent="0" />
      <mem type="survivor" free="0" total="1245184" percent="0" />
    </mem>
    <mem type="tenure" free="995040" total="6684672" percent="14">
      <mem type="soa" free="765264" total="6350848" percent="12" />
      <mem type="loa" free="229776" total="333824" percent="68" />
    </mem>
    <remembered-set count="320" />
  </mem-info>
</gc-start>
<allocation-stats totalBytes="5888552" >
  <allocated-bytes non-tlh="16392" tlh="5872160" />
  <largest-consumer threadName="Thread-4" threadId="0000000000A0EE00" bytes="1805896" />
</allocation-stats>
<gc-op id="2608" type="scavenge" timems="0.687" contextid="2605" timestamp="2019-07-02T19:17:38.718">
  <scavenger-info tenureage="5" tenuremask="7fe0" tiltratio="84" />
  <memory-copied type="nursery" objects="2380" bytes="910912" bytesdiscarded="172608" />
  <references type="phantom" candidates="1" cleared="0" enqueued="0" />
</gc-op>
<gc-end id="2609" type="scavenge" contextid="2605" durationms="1.145" usertimems="4.000" systemtimems="0.000" timestamp="2019-07-02T19:17:38.718" activeThreads="4">
  <mem-info id="2610" free="6923800" total="14942208" percent="46">
    <mem type="nursery" free="5928760" total="8257536" percent="71">
      <mem type="allocate" free="5928760" total="7012352" percent="84" />
      <mem type="survivor" free="0" total="1245184" percent="0" />
    </mem>
    <mem type="tenure" free="995040" total="6684672" percent="14" macro-fragmented="0">
      <mem type="soa" free="765264" total="6350848" percent="12" />
      <mem type="loa" free="229776" total="333824" percent="68" />
    </mem>
    <remembered-set count="108" />
  </mem-info>
</gc-end>
<cycle-end id="2611" type="scavenge" contextid="2605" timestamp="2019-07-02T19:17:38.719">
  <attribute name="GC Util" value="5" />
  <attribute name="CPU Util" value="375091879105" />
  <attribute name="Time Running"value="7946"/>
  <attribute name="Number of cores"value="4"/>
</cycle-end>
<allocation-satisfied id="2612" threadId="0000000000A0EE00" bytesRequested="224" />
<af-end id="2613" timestamp="2019-07-02T19:17:38.719" threadId="0000000000A0F788" success="true" from="nursery"/>
<exclusive-end id="2614" timestamp="2019-07-02T19:17:38.719" durationms="1.700" />

<exclusive-start id="2615" timestamp="2019-07-02T19:17:38.764" intervalms="47.375">
  <response-info timems="0.032" idlems="0.032" threads="0" lastid="0000000000A12A00" lastname="Thread-5" />
</exclusive-start>
<af-start id="2616" threadId="0000000000A13388" totalBytesRequested="16392" timestamp="2019-07-02T19:17:38.765" intervalms="47.385" type="nursery" />
<cycle-start id="2617" type="scavenge" contextid="0" timestamp="2019-07-02T19:17:38.765" intervalms="47.382" />
  <attribute name="GC Util" value="5" />
  <attribute name="CPU Util" value="375091879105" />
  <attribute name="Time Running"value="7946"/>
  <attribute name="Number of cores"value="4"/>
<gc-start id="2618" type="scavenge" contextid="2617" timestamp="2019-07-02T19:17:38.765">
  <mem-info id="2619" free="995040" total="14942208" percent="6">
    <mem type="nursery" free="0" total="8257536" percent="0">
      <mem type="allocate" free="0" total="7012352" percent="0" />
      <mem type="survivor" free="0" total="1245184" percent="0" />
    </mem>
    <mem type="tenure" free="995040" total="6684672" percent="14">
      <mem type="soa" free="765264" total="6350848" percent="12" />
      <mem type="loa" free="229776" total="333824" percent="68" />
    </mem>
    <remembered-set count="315" />
  </mem-info>
</gc-start>
<allocation-stats totalBytes="5895008" >
  <allocated-bytes non-tlh="224" tlh="5894784" />
  <largest-consumer threadName="Thread-3" threadId="0000000000A0B200" bytes="2650144" />
</allocation-stats>
<gc-op id="2620" type="scavenge" timems="0.892" contextid="2617" timestamp="2019-07-02T19:17:38.766">
  <scavenger-info tenureage="5" tenuremask="7fe0" tiltratio="84" />
  <memory-copied type="nursery" objects="2125" bytes="865368" bytesdiscarded="299080" />
  <references type="weak" candidates="1" cleared="0" enqueued="0" />
  <references type="phantom" candidates="1" cleared="0" enqueued="0" />
</gc-op>
<gc-end id="2621" type="scavenge" contextid="2617" durationms="1.180" usertimems="0.000" systemtimems="0.000" timestamp="2019-07-02T19:17:38.766" activeThreads="4">
  <mem-info id="2622" free="6908416" total="14942208" percent="46">
    <mem type="nursery" free="5913376" total="8257536" percent="71">
      <mem type="allocate" free="5913376" total="7077888" percent="83" />
      <mem type="survivor" free="0" total="1179648" percent="0" />
    </mem>
    <mem type="tenure" free="995040" total="6684672" percent="14" macro-fragmented="0">
      <mem type="soa" free="765264" total="6350848" percent="12" />
      <mem type="loa" free="229776" total="333824" percent="68" />
    </mem>
    <remembered-set count="100" />
  </mem-info>
</gc-end>
<cycle-end id="2623" type="scavenge" contextid="2617" timestamp="2019-07-02T19:17:38.766">
  <attribute name="GC Util" value="4" />
  <attribute name="CPU Util" value="389355173525" />
  <attribute name="Time Running"value="7993"/>
  <attribute name="Number of cores"value="4"/>
</cycle-end>
<allocation-satisfied id="2624" threadId="0000000000A12A00" bytesRequested="16392" />
<af-end id="2625" timestamp="2019-07-02T19:17:38.766" threadId="0000000000A13388" success="true" from="nursery"/>
<exclusive-end id="2626" timestamp="2019-07-02T19:17:38.766" durationms="1.648" />

<exclusive-start id="2627" timestamp="2019-07-02T19:17:38.808" intervalms="43.630">
  <response-info timems="0.026" idlems="0.026" threads="0" lastid="0000000000A0EE00" lastname="Thread-4" />
</exclusive-start>
<af-start id="2628" threadId="0000000000A0F788" totalBytesRequested="16392" timestamp="2019-07-02T19:17:38.808" intervalms="43.658" type="nursery" />
<cycle-start id="2629" type="scavenge" contextid="0" timestamp="2019-07-02T19:17:38.808" intervalms="43.655" />
  <attribute name="GC Util" value="4" />
  <attribute name="CPU Util" value="389355173525" />
  <attribute name="Time Running"value="7993"/>
  <attribute name="Number of cores"value="4"/>
<gc-start id="2630" type="scavenge" contextid="2629" timestamp="2019-07-02T19:17:38.808">
  <mem-info id="2631" free="995040" total="14942208" percent="6">
    <mem type="nursery" free="0" total="8257536" percent="0">
      <mem type="allocate" free="0" total="7077888" percent="0" />
      <mem type="survivor" free="0" total="1179648" percent="0" />
    </mem>
    <mem type="tenure" free="995040" total="6684672" percent="14">
      <mem type="soa" free="765264" total="6350848" percent="12" />
      <mem type="loa" free="229776" total="333824" percent="68" />
    </mem>
    <remembered-set count="305" />
  </mem-info>
</gc-start>
<allocation-stats totalBytes="5866672" >
  <allocated-bytes non-tlh="49168" tlh="5817504" />
  <largest-consumer threadName="Thread-4" threadId="0000000000A0EE00" bytes="2325688" />
</allocation-stats>
<gc-op id="2632" type="scavenge" timems="0.700" contextid="2629" timestamp="2019-07-02T19:17:38.809">
  <scavenger-info tenureage="5" tenuremask="7fe0" tiltratio="85" />
  <memory-copied type="nursery" objects="2181" bytes="893592" bytesdiscarded="206328" />
  <memory-copied type="tenure" objects="2" bytes="56" bytesdiscarded="0" />
</gc-op>
<gc-end id="2633" type="scavenge" contextid="2629" durationms="1.163" usertimems="0.000" systemtimems="0.000" timestamp="2019-07-02T19:17:38.810" activeThreads="4">
  <mem-info id="2634" free="6972944" total="14942208" percent="46">
    <mem type="nursery" free="5977904" total="8257536" percent="72">
      <mem type="allocate" free="5977904" total="7077888" percent="84" />
      <mem type="survivor" free="0" total="1179648" percent="0" />
    </mem>
    <mem type="tenure" free="995040" total="6684672" percent="14" macro-fragmented="0">
      <mem type="soa" free="765264" total="6350848" percent="12" />
      <mem type="loa" free="229776" total="333824" percent="68" />
    </mem>
    <remembered-set count="104" />
  </mem-info>
</gc-end>
<cycle-end id="2635" type="scavenge" contextid="2629" timestamp="2019-07-02T19:17:38.810">
  <attribute name="GC Util" value="5" />
  <attribute name="CPU Util" value="422595286552" />
  <attribute name="Time Running"value="8037"/>
  <attribute name="Number of cores"value="4"/>
</cycle-end>
<allocation-satisfied id="2636" threadId="0000000000A0EE00" bytesRequested="16392" />
<af-end id="2637" timestamp="2019-07-02T19:17:38.810" threadId="0000000000A0F788" success="true" from="nursery"/>
<exclusive-end id="2638" timestamp="2019-07-02T19:17:38.810" durationms="1.717" />

<exclusive-start id="2639" timestamp="2019-07-02T19:17:38.858" intervalms="49.978">
  <response-info timems="0.032" idlems="0.032" threads="0" lastid="0000000000A0B200" lastname="Thread-3" />
</exclusive-start>
<af-start id="2640" threadId="0000000000A0BB88" totalBytesRequested="32776" timestamp="2019-07-02T19:17:38.858" intervalms="49.940" type="nursery" />
<cycle-start id="2641" type="scavenge" contextid="0" timestamp="2019-07-02T19:17:38.858" intervalms="49.936" />
  <attribute name="GC Util" value="5" />
  <attribute name="CPU Util" value="422595286552" />
  <attribute name="Time Running"value="8037"/>
  <attribute name="Number of cores"value="4"/>
<gc-start id="2642" type="scavenge" contextid="2641" timestamp="2019-07-02T19:17:38.858">
  <mem-info id="2643" free="995040" total="14942208" percent="6">
    <mem type="nursery" free="0" total="8257536" percent="0">
      <mem type="allocate" free="0" total="7077888" percent="0" />
      <mem type="survivor" free="0" total="1179648" percent="0" />
    </mem>
    <mem type="tenure" free="995040" total="6684672" percent="14">
      <mem type="soa" free="765264" total="6350848" percent="12" />
      <mem type="loa" free="229776" total="333824" percent="68" />
    </mem>
    <remembered-set count="328" />
  </mem-info>
</gc-start>
<allocation-stats totalBytes="5973096" >
  <allocated-bytes non-tlh="49168" tlh="5923928" />
  <largest-consumer threadName="Thread-3" threadId="0000000000A0B200" bytes="2145216" />
</allocation-stats>
<gc-op id="2644" type="scavenge" timems="0.685" contextid="2641" timestamp="2019-07-02T19:17:38.859">
  <scavenger-info tenureage="5" tenuremask="7fe0" tiltratio="85" />
  <memory-copied type="nursery" objects="2570" bytes="969688" bytesdiscarded="52544" />
</gc-op>
<gc-end id="2645" type="scavenge" contextid="2641" durationms="1.099" usertimems="0.000" systemtimems="4.000" timestamp="2019-07-02T19:17:38.859" activeThreads="4">
  <mem-info id="2646" free="7050624" total="14942208" percent="47">
    <mem type="nursery" free="6055584" total="8257536" percent="73">
      <mem type="allocate" free="6055584" total="7077888" percent="85" />
      <mem type="survivor" free="0" total="1179648" percent="0" />
    </mem>
    <mem type="tenure" free="995040" total="6684672" percent="14" macro-fragmented="0">
      <mem type="soa" free="765264" total="6350848" percent="12" />
      <mem type="loa" free="229776" total="333824" percent="68" />
    </mem>
    <remembered-set count="107" />
  </mem-info>
</gc-end>
<cycle-end id="2647" type="scavenge" contextid="2641" timestamp="2019-07-02T19:17:38.859">
  <attribute name="GC Util" value="4" />
  <attribute name="CPU Util" value="369437441378" />
  <attribute name="Time Running"value="8087"/>
  <attribute name="Number of cores"value="4"/>
</cycle-end>
<allocation-satisfied id="2648" threadId="0000000000A0B200" bytesRequested="32776" />
<af-end id="2649" timestamp="2019-07-02T19:17:38.860" threadId="0000000000A0BB88" success="true" from="nursery"/>
<exclusive-end id="2650" timestamp="2019-07-02T19:17:38.860" durationms="1.522" />

<exclusive-start id="2651" timestamp="2019-07-02T19:17:38.911" intervalms="52.602">
  <response-info timems="0.032" idlems="0.032" threads="0" lastid="0000000000A16500" lastname="Thread-6" />
</exclusive-start>
<af-start id="2652" threadId="0000000000A16E88" totalBytesRequested="16392" timestamp="2019-07-02T19:17:38.911" intervalms="52.604" type="nursery" />
<cycle-start id="2653" type="scavenge" contextid="0" timestamp="2019-07-02T19:17:38.911" intervalms="52.606" />
  <attribute name="GC Util" value="4" />
  <attribute name="CPU Util" value="369437441378" />
  <attribute name="Time Running"value="8087"/>
  <attribute name="Number of cores"value="4"/>
<gc-start id="2654" type="scavenge" contextid="2653" timestamp="2019-07-02T19:17:38.911">
  <mem-info id="2655" free="995040" total="14942208" percent="6">
    <mem type="nursery" free="0" total="8257536" percent="0">
      <mem type="allocate" free="0" total="7077888" percent="0" />
      <mem type="survivor" free="0" total="1179648" percent="0" />
    </mem>
    <mem type="tenure" free="995040" total="6684672" percent="14">
      <mem type="soa" free="765264" total="6350848" percent="12" />
      <mem type="loa" free="229776" total="333824" percent="68" />
    </mem>
    <remembered-set count="320" />
  </mem-info>
</gc-start>
<allocation-stats totalBytes="5986128" >
  <allocated-bytes non-tlh="32776" tlh="5953352" />
  <largest-consumer threadName="Thread-3" threadId="0000000000A0B200" bytes="2346712" />
</allocation-stats>
<gc-op id="2656" type="scavenge" timems="0.472" contextid="2653" timestamp="2019-07-02T19:17:38.911">
  <scavenger-info tenureage="5" tenuremask="7fe0" tiltratio="85" />
  <memory-copied type="nursery" objects="2575" bytes="1026784" bytesdiscarded="152584" />
  <memory-copied type="tenure" objects="27" bytes="15280" bytesdiscarded="272" />
  <copy-failed type="nursery" objects="27" bytes="15280" />
  <references type="weak" candidates="1" cleared="0" enqueued="0" />
  <references type="phantom" candidates="1" cleared="0" enqueued="0" />
</gc-op>
<gc-end id="2657" type="scavenge" contextid="2653" durationms="0.750" usertimems="0.000" systemtimems="0.000" timestamp="2019-07-02T19:17:38.912" activeThreads="4">
  <mem-info id="2658" free="6817464" total="14942208" percent="45">
    <mem type="nursery" free="5832704" total="8257536" percent="70">
      <mem type="allocate" free="5832704" total="7012352" percent="83" />
      <mem type="survivor" free="0" total="1245184" percent="0" />
    </mem>
    <mem type="tenure" free="984760" total="6684672" percent="14" macro-fragmented="0">
      <mem type="soa" free="754984" total="6350848" percent="11" />
      <mem type="loa" free="229776" total="333824" percent="68" />
    </mem>
    <remembered-set count="110" />
  </mem-info>
</gc-end>
<cycle-end id="2659" type="scavenge" contextid="2653" timestamp="2019-07-02T19:17:38.912">
  <attribute name="GC Util" value="3" />
  <attribute name="CPU Util" value="350585202276" />
  <attribute name="Time Running"value="8140"/>
  <attribute name="Number of cores"value="4"/>
</cycle-end>
<allocation-satisfied id="2660" threadId="0000000000A16500" bytesRequested="16392" />
<af-end id="2661" timestamp="2019-07-02T19:17:38.912" threadId="0000000000A16E88" success="true" from="nursery"/>
<exclusive-end id="2662" timestamp="2019-07-02T19:17:38.912" durationms="1.184" />

<exclusive-start id="2663" timestamp="2019-07-02T19:17:38.955" intervalms="44.327">
  <response-info timems="0.040" idlems="0.040" threads="0" lastid="0000000000A12A00" lastname="Thread-5" />
</exclusive-start>
<af-start id="2664" threadId="0000000000A13388" totalBytesRequested="16392" timestamp="2019-07-02T19:17:38.955" intervalms="44.322" type="nursery" />
<cycle-start id="2665" type="scavenge" contextid="0" timestamp="2019-07-02T19:17:38.955" intervalms="44.325" />
  <attribute name="GC Util" value="3" />
  <attribute name="CPU Util" value="350585202276" />
  <attribute name="Time Running"value="8140"/>
  <attribute name="Number of cores"value="4"/>
<gc-start id="2666" type="scavenge" contextid="2665" timestamp="2019-07-02T19:17:38.955">
  <mem-info id="2667" free="984760" total="14942208" percent="6">
    <mem type="nursery" free="0" total="8257536" percent="0">
      <mem type="allocate" free="0" total="7012352" percent="0" />
      <mem type="survivor" free="0" total="1245184" percent="0" />
    </mem>
    <mem type="tenure" free="984760" total="6684672" percent="14">
      <mem type="soa" free="754984" total="6350848" percent="11" />
      <mem type="loa" free="229776" total="333824" percent="68" />
    </mem>
    <remembered-set count="320" />
  </mem-info>
</gc-start>
<allocation-stats totalBytes="5792112" >
  <allocated-bytes non-tlh="16392" tlh="5775720" />
  <largest-consumer threadName="Thread-3" threadId="0000000000A0B200" bytes="2302208" />
</allocation-stats>
<gc-op id="2668" type="scavenge" timems="0.656" contextid="2665" timestamp="2019-07-02T19:17:38.956">
  <scavenger-info tenureage="5" tenuremask="7fe0" tiltratio="84" />
  <memory-copied type="nursery" objects="2165" bytes="860024" bytesdiscarded="207344" />
  <memory-copied type="tenure" objects="4" bytes="144" bytesdiscarded="0" />
</gc-op>
<gc-end id="2669" type="scavenge" contextid="2665" durationms="0.953" usertimems="0.000" systemtimems="0.000" timestamp="2019-07-02T19:17:38.956" activeThreads="4">
  <mem-info id="2670" free="6929680" total="14942208" percent="46">
    <mem type="nursery" free="5944920" total="8257536" percent="71">
      <mem type="allocate" free="5944920" total="7012352" percent="84" />
      <mem type="survivor" free="0" total="1245184" percent="0" />
    </mem>
    <mem type="tenure" free="984760" total="6684672" percent="14" macro-fragmented="13848">
      <mem type="soa" free="754984" total="6350848" percent="11" />
      <mem type="loa" free="229776" total="333824" percent="68" />
    </mem>
    <remembered-set count="108" />
  </mem-info>
</gc-end>
<cycle-end id="2671" type="scavenge" contextid="2665" timestamp="2019-07-02T19:17:38.956">
  <attribute name="GC Util" value="2" />
  <attribute name="CPU Util" value="416222154389" />
  <attribute name="Time Running"value="8184"/>
  <attribute name="Number of cores"value="4"/>
</cycle-end>
<allocation-satisfied id="2672" threadId="0000000000A12A00" bytesRequested="16392" />
<af-end id="2673" timestamp="2019-07-02T19:17:38.957" threadId="0000000000A13388" success="true" from="nursery"/>
<exclusive-end id="2674" timestamp="2019-07-02T19:17:38.957" durationms="1.558" />

<exclusive-start id="2675" timestamp="2019-07-02T19:17:39.005" intervalms="50.233">
  <response-info timems="0.039" idlems="0.039" threads="0" lastid="0000000000A16500" lastname="Thread-6" />
</exclusive-start>
<af-start id="2676" threadId="0000000000A16E88" totalBytesRequested="2056" timestamp="2019-07-02T19:17:39.005" intervalms="50.239" type="nursery" />
<cycle-start id="2677" type="scavenge" contextid="0" timestamp="2019-07-02T19:17:39.005" intervalms="50.243" />
  <attribute name="GC Util" value="2" />
  <attribute name="CPU Util" value="416222154389" />
  <attribute name="Time Running"value="8184"/>
  <attribute name="Number of cores"value="4"/>
<gc-start id="2678" type="scavenge" contextid="2677" timestamp="2019-07-02T19:17:39.005">
  <mem-info id="2679" free="984760" total="14942208" percent="6">
    <mem type="nursery" free="0" total="8257536" percent="0">
      <mem type="allocate" free="0" total="7012352" percent="0" />
      <mem type="survivor" free="0" total="1245184" percent="0" />
    </mem>
    <mem type="tenure" free="984760" total="6684672" percent="14">
      <mem type="soa" free="754984" total="6350848" percent="11" />
      <mem type="loa" free="229776" total="333824" percent="68" />
    </mem>
    <remembered-set count="307" />
  </mem-info>
</gc-start>
<allocation-stats totalBytes="5931720" >
  <allocated-bytes non-tlh="16392" tlh="5915328" />
  <largest-consumer threadName="Thread-5" threadId="0000000000A12A00" bytes="2088176" />
</allocation-stats>
<gc-op id="2680" type="scavenge" timems="0.438" contextid="2677" timestamp="2019-07-02T19:17:39.006">
  <scavenger-info tenureage="5" tenuremask="7fe0" tiltratio="84" />
  <memory-copied type="nursery" objects="1877" bytes="751128" bytesdiscarded="334624" />
  <references type="weak" candidates="1" cleared="0" enqueued="0" />
  <references type="phantom" candidates="2" cleared="0" enqueued="0" />
</gc-op>
<gc-end id="2681" type="scavenge" contextid="2677" durationms="0.707" usertimems="4.000" systemtimems="0.000" timestamp="2019-07-02T19:17:39.006" activeThreads="4">
  <mem-info id="2682" free="6976832" total="14942208" percent="46">
    <mem type="nursery" free="5992072" total="8257536" percent="72">
      <mem type="allocate" free="5992072" total="7077888" percent="84" />
      <mem type="survivor" free="0" total="1179648" percent="0" />
    </mem>
    <mem type="tenure" free="984760" total="6684672" percent="14" macro-fragmented="0">
      <mem type="soa" free="754984" total="6350848" percent="11" />
      <mem type="loa" free="229776" total="333824" percent="68" />
    </mem>
    <remembered-set count="101" />
  </mem-info>
</gc-end>
<cycle-end id="2683" type="scavenge" contextid="2677" timestamp="2019-07-02T19:17:39.006">
  <attribute name="GC Util" value="4" />
  <attribute name="CPU Util" value="367115646614" />
  <attribute name="Time Running"value="8234"/>
  <attribute name="Number of cores"value="4"/>
</cycle-end>
<allocation-satisfied id="2684" threadId="0000000000A16500" bytesRequested="2056" />
<af-end id="2685" timestamp="2019-07-02T19:17:39.006" threadId="0000000000A16E88" success="true" from="nursery"/>
<exclusive-end id="2686" timestamp="2019-07-02T19:17:39.006" durationms="1.154" />

<exclusive-start id="2687" timestamp="2019-07-02T19:17:39.051" intervalms="45.877">
  <response-info timems="0.170" idlems="0.092" threads="1" lastid="0000000000A16500" lastname="Thread-6" />
</exclusive-start>
<af-start id="2688" threadId="0000000000A13388" totalBytesRequested="48" timestamp="2019-07-02T19:17:39.051" intervalms="45.867" type="nursery" />
<cycle-start id="2689" type="scavenge" contextid="0" timestamp="2019-07-02T19:17:39.051" intervalms="45.859" />
  <attribute name="GC Util" value="4" />
  <attribute name="CPU Util" value="367115646614" />
  <attribute name="Time Running"value="8234"/>
  <attribute name="Number of cores"value="4"/>
<gc-start id="2690" type="scavenge" contextid="2689" timestamp="2019-07-02T19:17:39.051">
  <mem-info id="2691" free="984760" total="14942208" percent="6">
    <mem type="nursery" free="0" total="8257536" percent="0">
      <mem type="allocate" free="0" total="7077888" percent="0" />
      <mem type="survivor" free="0" total="1179648" percent="0" />
    </mem>
    <mem type="tenure" free="984760" total="6684672" percent="14">
      <mem type="soa" free="754984" total="6350848" percent="11" />
      <mem type="loa" free="229776" total="333824" percent="68" />
    </mem>
    <remembered-set count="321" />
  </mem-info>
</gc-start>
<allocation-stats totalBytes="5981968" >
  <allocated-bytes non-tlh="2056" tlh="5979912" />
  <largest-consumer threadName="Thread-6" threadId="0000000000A16500" bytes="2305872" />
</allocation-stats>
<gc-op id="2692" type="scavenge" timems="0.661" contextid="2689" timestamp="2019-07-02T19:17:39.052">
  <scavenger-info tenureage="5" tenuremask="7fe0" tiltratio="85" />
  <memory-copied type="nursery" objects="1987" bytes="804168" bytesdiscarded="248640" />
</gc-op>
<gc-end id="2693" type="scavenge" contextid="2689" durationms="0.938" usertimems="4.000" systemtimems="0.000" timestamp="2019-07-02T19:17:39.052" activeThreads="4">
  <mem-info id="2694" free="7075320" total="14942208" percent="47">
    <mem type="nursery" free="6090560" total="8257536" percent="73">
      <mem type="allocate" free="6090560" total="7143424" percent="85" />
      <mem type="survivor" free="0" total="1114112" percent="0" />
    </mem>
    <mem type="tenure" free="984760" total="6684672" percent="14" macro-fragmented="10920">
      <mem type="soa" free="754984" total="6350848" percent="11" />
      <mem type="loa" free="229776" total="333824" percent="68" />
    </mem>
    <remembered-set count="111" />
  </mem-info>
</gc-end>
<cycle-end id="2695" type="scavenge" contextid="2689" timestamp="2019-07-02T19:17:39.052">
  <attribute name="GC Util" value="2" />
  <attribute name="CPU Util" value="402271375198" />
  <attribute name="Time Running"value="8280"/>
  <attribute name="Number of cores"value="4"/>
</cycle-end>
<allocation-satisfied id="2696" threadId="0000000000A12A00" bytesRequested="48" />
<af-end id="2697" timestamp="2019-07-02T19:17:39.052" threadId="0000000000A13388" success="true" from="nursery"/>
<exclusive-end id="2698" timestamp="2019-07-02T19:17:39.053" durationms="1.367" />

<exclusive-start id="2699" timestamp="2019-07-02T19:17:39.102" intervalms="50.796">
  <response-info timems="0.045" idlems="0.045" threads="0" lastid="0000000000A0B200" lastname="Thread-3" />
</exclusive-start>
<af-start id="2700" threadId="0000000000A0BB88" totalBytesRequested="16392" timestamp="2019-07-02T19:17:39.102" intervalms="50.806" type="nursery" />
<cycle-start id="2701" type="scavenge" contextid="0" timestamp="2019-07-02T19:17:39.102" intervalms="50.808" />
  <attribute name="GC Util" value="2" />
  <attribute name="CPU Util" value="402271375198" />
  <attribute name="Time Running"value="8280"/>
  <attribute name="Number of cores"value="4"/>
<gc-start id="2702" type="scavenge" contextid="2701" timestamp="2019-07-02T19:17:39.102">
  <mem-info id="2703" free="984760" total="14942208" percent="6">
    <mem type="nursery" free="0" total="8257536" percent="0">
      <mem type="allocate" free="0" total="7143424" percent="0" />
      <mem type="survivor" free="0" total="1114112" percent="0" />
    </mem>
    <mem type="tenure" free="984760" total="6684672" percent="14">
      <mem type="soa" free="754984" total="6350848" percent="11" />
      <mem type="loa" free="229776" total="333824" percent="68" />
    </mem>
    <remembered-set count="326" />
  </mem-info>
</gc-start>
<allocation-stats totalBytes="6056864" >
  <allocated-bytes non-tlh="48" tlh="6056816" />
  <largest-consumer threadName="Thread-3" threadId="0000000000A0B200" bytes="2358496" />
</allocation-stats>
<gc-op id="2704" type="scavenge" timems="0.974" contextid="2701" timestamp="2019-07-02T19:17:39.103">
  <scavenger-info tenureage="5" tenuremask="7fe0" tiltratio="86" />
  <memory-copied type="nursery" objects="2169" bytes="978872" bytesdiscarded="135176" />
  <memory-copied type="tenure" objects="447" bytes="81976" bytesdiscarded="1216" />
  <copy-failed type="nursery" objects="443" bytes="81832" />
  <references type="phantom" candidates="1" cleared="0" enqueued="0" />
</gc-op>
<gc-end id="2705" type="scavenge" contextid="2701" durationms="1.481" usertimems="0.000" systemtimems="4.000" timestamp="2019-07-02T19:17:39.104" activeThreads="4">
  <mem-info id="2706" free="6603776" total="14942208" percent="44">
    <mem type="nursery" free="5701632" total="8257536" percent="69">
      <mem type="allocate" free="5701632" total="6815744" percent="83" />
      <mem type="survivor" free="0" total="1441792" percent="0" />
    </mem>
    <mem type="tenure" free="902144" total="6684672" percent="13" macro-fragmented="10280">
      <mem type="soa" free="672368" total="6350848" percent="10" />
      <mem type="loa" free="229776" total="333824" percent="68" />
    </mem>
    <remembered-set count="127" />
  </mem-info>
</gc-end>
<cycle-end id="2707" type="scavenge" contextid="2701" timestamp="2019-07-02T19:17:39.104">
  <attribute name="GC Util" value="3" />
  <attribute name="CPU Util" value="362801903294" />
  <attribute name="Time Running"value="8331"/>
  <attribute name="Number of cores"value="4"/>
</cycle-end>
<allocation-satisfied id="2708" threadId="0000000000A0B200" bytesRequested="16392" />
<af-end id="2709" timestamp="2019-07-02T19:17:39.104" threadId="0000000000A0BB88" success="true" from="nursery"/>
<exclusive-end id="2710" timestamp="2019-07-02T19:17:39.104" durationms="2.375" />

<exclusive-start id="2711" timestamp="2019-07-02T19:17:39.159" intervalms="56.587">
  <response-info timems="0.040" idlems="0.040" threads="0" lastid="0000000000A0B200" lastname="Thread-3" />
</exclusive-start>
<af-start id="2712" threadId="0000000000A0BB88" totalBytesRequested="24" timestamp="2019-07-02T19:17:39.159" intervalms="56.576" type="nursery" />
<cycle-start id="2713" type="scavenge" contextid="0" timestamp="2019-07-02T19:17:39.159" intervalms="56.550" />
  <attribute name="GC Util" value="3" />
  <attribute name="CPU Util" value="362801903294" />
  <attribute name="Time Running"value="8331"/>
  <attribute name="Number of cores"value="4"/>
<gc-start id="2714" type="scavenge" contextid="2713" timestamp="2019-07-02T19:17:39.159">
  <mem-info id="2715" free="902144" total="14942208" percent="6">
    <mem type="nursery" free="0" total="8257536" percent="0">
      <mem type="allocate" free="0" total="6815744" percent="0" />
      <mem type="survivor" free="0" total="1441792" percent="0" />
    </mem>
    <mem type="tenure" free="902144" total="6684672" percent="13">
      <mem type="soa" free="672368" total="6350848" percent="10" />
      <mem type="loa" free="229776" total="333824" percent="68" />
    </mem>
    <remembered-set count="342" />
  </mem-info>
</gc-start>
<allocation-stats totalBytes="5697544" >
  <allocated-bytes non-tlh="16392" tlh="5681152" />
  <largest-consumer threadName="Thread-3" threadId="0000000000A0B200" bytes="1846112" />
</allocation-stats>
<gc-op id="2716" type="scavenge" timems="1.706" contextid="2713" timestamp="2019-07-02T19:17:39.160">
  <scavenger-info tenureage="5" tenuremask="7fe0" tiltratio="82" />
  <memory-copied type="nursery" objects="3082" bytes="1174992" bytesdiscarded="252880" />
  <memory-copied type="tenure" objects="3" bytes="49176" bytesdiscarded="0" />
  <copy-failed type="nursery" objects="3" bytes="49176" />
</gc-op>
<gc-end id="2717" type="scavenge" contextid="2713" durationms="2.172" usertimems="0.000" systemtimems="4.000" timestamp="2019-07-02T19:17:39.161" activeThreads="4">
  <mem-info id="2718" free="6191600" total="14942208" percent="41">
    <mem type="nursery" free="5322240" total="8257536" percent="64">
      <mem type="allocate" free="5322240" total="6750208" percent="78" />
      <mem type="survivor" free="0" total="1507328" percent="0" />
    </mem>
    <mem type="tenure" free="869360" total="6684672" percent="13" macro-fragmented="0">
      <mem type="soa" free="639584" total="6350848" percent="10" />
      <mem type="loa" free="229776" total="333824" percent="68" />
    </mem>
    <remembered-set count="139" />
  </mem-info>
</gc-end>
<cycle-end id="2719" type="scavenge" contextid="2713" timestamp="2019-07-02T19:17:39.161">
  <attribute name="GC Util" value="4" />
  <attribute name="CPU Util" value="326462558954" />
  <attribute name="Time Running"value="8387"/>
  <attribute name="Number of cores"value="4"/>
</cycle-end>
<allocation-satisfied id="2720" threadId="0000000000A0B200" bytesRequested="24" />
<af-end id="2721" timestamp="2019-07-02T19:17:39.161" threadId="0000000000A0BB88" success="true" from="nursery"/>
<exclusive-end id="2722" timestamp="2019-07-02T19:17:39.161" durationms="2.555" />

<exclusive-start id="2723" timestamp="2019-07-02T19:17:39.201" intervalms="42.911">
  <response-info timems="0.064" idlems="0.064" threads="0" lastid="0000000000A16500" lastname="Thread-6" />
</exclusive-start>
<af-start id="2724" threadId="0000000000A16E88" totalBytesRequested="16392" timestamp="2019-07-02T19:17:39.202" intervalms="42.921" type="nursery" />
<cycle-start id="2725" type="scavenge" contextid="0" timestamp="2019-07-02T19:17:39.202" intervalms="42.947" />
  <attribute name="GC Util" value="4" />
  <attribute name="CPU Util" value="326462558954" />
  <attribute name="Time Running"value="8387"/>
  <attribute name="Number of cores"value="4"/>
<gc-start id="2726" type="scavenge" contextid="2725" timestamp="2019-07-02T19:17:39.202">
  <mem-info id="2727" free="869360" total="14942208" percent="5">
    <mem type="nursery" free="0" total="8257536" percent="0">
      <mem type="allocate" free="0" total="6750208" percent="0" />
      <mem type="survivor" free="0" total="1507328" percent="0" />
    </mem>
    <mem type="tenure" free="869360" total="6684672" percent="13">
      <mem type="soa" free="639584" total="6350848" percent="10" />
      <mem type="loa" free="229776" total="333824" percent="68" />
    </mem>
    <remembered-set count="335" />
  </mem-info>
</gc-start>
<allocation-stats totalBytes="5299880" >
  <allocated-bytes non-tlh="24" tlh="5299856" />
  <largest-consumer threadName="Thread-3" threadId="0000000000A0B200" bytes="1842912" />
</allocation-stats>
<gc-op id="2728" type="scavenge" timems="0.467" contextid="2725" timestamp="2019-07-02T19:17:39.202">
  <scavenger-info tenureage="5" tenuremask="7fe0" tiltratio="81" />
  <memory-copied type="nursery" objects="3067" bytes="1159016" bytesdiscarded="265472" />
  <references type="weak" candidates="1" cleared="0" enqueued="0" />
  <references type="phantom" candidates="1" cleared="0" enqueued="0" />
</gc-op>
<gc-end id="2729" type="scavenge" contextid="2725" durationms="0.741" usertimems="4.000" systemtimems="0.000" timestamp="2019-07-02T19:17:39.202" activeThreads="4">
  <mem-info id="2730" free="6194992" total="14942208" percent="41">
    <mem type="nursery" free="5325632" total="8257536" percent="64">
      <mem type="allocate" free="5325632" total="6750208" percent="78" />
      <mem type="survivor" free="0" total="1507328" percent="0" />
    </mem>
    <mem type="tenure" free="869360" total="6684672" percent="13" macro-fragmented="2539">
      <mem type="soa" free="639584" total="6350848" percent="10" />
      <mem type="loa" free="229776" total="333824" percent="68" />
    </mem>
    <remembered-set count="142" />
  </mem-info>
</gc-end>
<cycle-end id="2731" type="scavenge" contextid="2725" timestamp="2019-07-02T19:17:39.202">
  <attribute name="GC Util" value="9" />
  <attribute name="CPU Util" value="429459301606" />
  <attribute name="Time Running"value="8430"/>
  <attribute name="Number of cores"value="4"/>
</cycle-end>
<allocation-satisfied id="2732" threadId="0000000000A16500" bytesRequested="16392" />
<af-end id="2733" timestamp="2019-07-02T19:17:39.203" threadId="0000000000A16E88" success="true" from="nursery"/>
<exclusive-end id="2734" timestamp="2019-07-02T19:17:39.203" durationms="1.176" />

<exclusive-start id="2735" timestamp="2019-07-02T19:17:39.244" intervalms="42.452">
  <response-info timems="0.032" idlems="0.032" threads="0" lastid="0000000000A0EE00" lastname="Thread-4" />
</exclusive-start>
<af-start id="2736" threadId="0000000000A0F788" totalBytesRequested="8200" timestamp="2019-07-02T19:17:39.244" intervalms="42.449" type="nursery" />
<cycle-start id="2737" type="scavenge" contextid="0" timestamp="2019-07-02T19:17:39.244" intervalms="42.448" />
  <attribute name="GC Util" value="9" />
  <attribute name="CPU Util" value="429459301606" />
  <attribute name="Time Running"value="8430"/>
  <attribute name="Number of cores"value="4"/>
<gc-start id="2738" type="scavenge" contextid="2737" timestamp="2019-07-02T19:17:39.244">
  <mem-info id="2739" free="869360" total="14942208" percent="5">
    <mem type="nursery" free="0" total="8257536" percent="0">
      <mem type="allocate" free="0" total="6750208" percent="0" />
      <mem type="survivor" free="0" total="1507328" percent="0" />
    </mem>
    <mem type="tenure" free="869360" total="6684672" percent="13">
      <mem type="soa" free="639584" total="6350848" percent="10" />
      <mem type="loa" free="229776" total="333824" percent="68" />
    </mem>
    <remembered-set count="332" />
  </mem-info>
</gc-start>
<allocation-stats totalBytes="5262864" >
  <allocated-bytes non-tlh="49168" tlh="5213696" />
  <largest-consumer threadName="Thread-4" threadId="0000000000A0EE00" bytes="1588936" />
</allocation-stats>
<gc-op id="2740" type="scavenge" timems="0.937" contextid="2737" timestamp="2019-07-02T19:17:39.245">
  <scavenger-info tenureage="5" tenuremask="7fe0" tiltratio="81" />
  <memory-copied type="nursery" objects="2664" bytes="1023216" bytesdiscarded="102696" />
  <references type="phantom" candidates="1" cleared="0" enqueued="0" />
</gc-op>
<gc-end id="2741" type="scavenge" contextid="2737" durationms="1.260" usertimems="0.000" systemtimems="4.000" timestamp="2019-07-02T19:17:39.245" activeThreads="4">
  <mem-info id="2742" free="6559088" total="14942208" percent="43">
    <mem type="nursery" free="5689728" total="8257536" percent="68">
      <mem type="allocate" free="5689728" total="6815744" percent="83" />
      <mem type="survivor" free="0" total="1441792" percent="0" />
    </mem>
    <mem type="tenure" free="869360" total="6684672" percent="13" macro-fragmented="1032">
      <mem type="soa" free="639584" total="6350848" percent="10" />
      <mem type="loa" free="229776" total="333824" percent="68" />
    </mem>
    <remembered-set count="135" />
  </mem-info>
</gc-end>
<cycle-end id="2743" type="scavenge" contextid="2737" timestamp="2019-07-02T19:17:39.245">
  <attribute name="GC Util" value="3" />
  <attribute name="CPU Util" value="434574765549" />
  <attribute name="Time Running"value="8473"/>
  <attribute name="Number of cores"value="4"/>
</cycle-end>
<allocation-satisfied id="2744" threadId="0000000000A0EE00" bytesRequested="8200" />
<af-end id="2745" timestamp="2019-07-02T19:17:39.246" threadId="0000000000A0F788" success="true" from="nursery"/>
<exclusive-end id="2746" timestamp="2019-07-02T19:17:39.246" durationms="1.737" />

<exclusive-start id="2747" timestamp="2019-07-02T19:17:39.289" intervalms="44.691">
  <response-info timems="0.031" idlems="0.031" threads="0" lastid="0000000000A0EE00" lastname="Thread-4" />
</exclusive-start>
<af-start id="2748" threadId="0000000000A0F788" totalBytesRequested="152" timestamp="2019-07-02T19:17:39.289" intervalms="44.714" type="nursery" />
<cycle-start id="2749" type="scavenge" contextid="0" timestamp="2019-07-02T19:17:39.289" intervalms="44.713" />
  <attribute name="GC Util" value="3" />
  <attribute name="CPU Util" value="434574765549" />
  <attribute name="Time Running"value="8473"/>
  <attribute name="Number of cores"value="4"/>
<gc-start id="2750" type="scavenge" contextid="2749" timestamp="2019-07-02T19:17:39.289">
  <mem-info id="2751" free="869360" total="14942208" percent="5">
    <mem type="nursery" free="0" total="8257536" percent="0">
      <mem type="allocate" free="0" total="6815744" percent="0" />
      <mem type="survivor" free="0" total="1441792" percent="0" />
    </mem>
    <mem type="tenure" free="869360" total="6684672" percent="13">
      <mem type="soa" free="639584" total="6350848" percent="10" />
      <mem type="loa" free="229776" total="333824" percent="68" />
    </mem>
    <remembered-set count="356" />
  </mem-info>
</gc-start>
<allocation-stats totalBytes="5654696" >
  <allocated-bytes non-tlh="8200" tlh="5646496" />
  <largest-consumer threadName="Thread-5" threadId="0000000000A12A00" bytes="2288488" />
</allocation-stats>
<gc-op id="2752" type="scavenge" timems="0.770" contextid="2749" timestamp="2019-07-02T19:17:39.290">
  <scavenger-info tenureage="5" tenuremask="7fe0" tiltratio="82" />
  <memory-copied type="nursery" objects="2959" bytes="1155832" bytesdiscarded="164752" />
</gc-op>
<gc-end id="2753" type="scavenge" contextid="2749" durationms="1.039" usertimems="0.000" systemtimems="4.000" timestamp="2019-07-02T19:17:39.290" activeThreads="4">
  <mem-info id="2754" free="6364432" total="14942208" percent="42">
    <mem type="nursery" free="5495072" total="8257536" percent="66">
      <mem type="allocate" free="5495072" total="6815744" percent="80" />
      <mem type="survivor" free="0" total="1441792" percent="0" />
    </mem>
    <mem type="tenure" free="869360" total="6684672" percent="13" macro-fragmented="5266">
      <mem type="soa" free="639584" total="6350848" percent="10" />
      <mem type="loa" free="229776" total="333824" percent="68" />
    </mem>
    <remembered-set count="145" />
  </mem-info>
</gc-end>
<cycle-end id="2755" type="scavenge" contextid="2749" timestamp="2019-07-02T19:17:39.290">
  <attribute name="GC Util" value="5" />
  <attribute name="CPU Util" value="412590956645" />
  <attribute name="Time Running"value="8517"/>
  <attribute name="Number of cores"value="4"/>
</cycle-end>
<allocation-satisfied id="2756" threadId="0000000000A0EE00" bytesRequested="152" />
<af-end id="2757" timestamp="2019-07-02T19:17:39.290" threadId="0000000000A0F788" success="true" from="nursery"/>
<exclusive-end id="2758" timestamp="2019-07-02T19:17:39.290" durationms="1.589" />

<exclusive-start id="2759" timestamp="2019-07-02T19:17:39.330" intervalms="41.775">
  <response-info timems="0.175" idlems="0.095" threads="1" lastid="0000000000A16500" lastname="Thread-6" />
</exclusive-start>
<af-start id="2760" threadId="0000000000A0BB88" totalBytesRequested="2056" timestamp="2019-07-02T19:17:39.330" intervalms="41.747" type="nursery" />
<cycle-start id="2761" type="scavenge" contextid="0" timestamp="2019-07-02T19:17:39.330" intervalms="41.747" />
  <attribute name="GC Util" value="5" />
  <attribute name="CPU Util" value="412590956645" />
  <attribute name="Time Running"value="8517"/>
  <attribute name="Number of cores"value="4"/>
<gc-start id="2762" type="scavenge" contextid="2761" timestamp="2019-07-02T19:17:39.331">
  <mem-info id="2763" free="869360" total="14942208" percent="5">
    <mem type="nursery" free="0" total="8257536" percent="0">
      <mem type="allocate" free="0" total="6815744" percent="0" />
      <mem type="survivor" free="0" total="1441792" percent="0" />
    </mem>
    <mem type="tenure" free="869360" total="6684672" percent="13">
      <mem type="soa" free="639584" total="6350848" percent="10" />
      <mem type="loa" free="229776" total="333824" percent="68" />
    </mem>
    <remembered-set count="357" />
  </mem-info>
</gc-start>
<allocation-stats totalBytes="5483768" >
  <allocated-bytes non-tlh="32928" tlh="5450840" />
  <largest-consumer threadName="Thread-3" threadId="0000000000A0B200" bytes="1608176" />
</allocation-stats>
<gc-op id="2764" type="scavenge" timems="1.158" contextid="2761" timestamp="2019-07-02T19:17:39.332">
  <scavenger-info tenureage="5" tenuremask="7fe0" tiltratio="82" />
  <memory-copied type="nursery" objects="2502" bytes="1051496" bytesdiscarded="247344" />
  <memory-copied type="tenure" objects="349" bytes="88992" bytesdiscarded="480" />
  <references type="phantom" candidates="2" cleared="0" enqueued="0" />
</gc-op>
<gc-end id="2765" type="scavenge" contextid="2761" durationms="1.670" usertimems="4.000" systemtimems="0.000" timestamp="2019-07-02T19:17:39.332" activeThreads="4">
  <mem-info id="2766" free="6196816" total="14942208" percent="41">
    <mem type="nursery" free="5516816" total="8257536" percent="66">
      <mem type="allocate" free="5516816" total="6815744" percent="80" />
      <mem type="survivor" free="0" total="1441792" percent="0" />
    </mem>
    <mem type="tenure" free="680000" total="6684672" percent="10" macro-fragmented="3657">
      <mem type="soa" free="450224" total="6350848" percent="7" />
      <mem type="loa" free="229776" total="333824" percent="68" />
    </mem>
    <remembered-set count="115" />
  </mem-info>
</gc-end>
<cycle-end id="2767" type="scavenge" contextid="2761" timestamp="2019-07-02T19:17:39.332">
  <attribute name="GC Util" value="5" />
  <attribute name="CPU Util" value="441891366262" />
  <attribute name="Time Running"value="8559"/>
  <attribute name="Number of cores"value="4"/>
</cycle-end>
<allocation-satisfied id="2768" threadId="0000000000A0B200" bytesRequested="2056" />
<af-end id="2769" timestamp="2019-07-02T19:17:39.333" threadId="0000000000A0BB88" success="true" from="nursery"/>
<exclusive-end id="2770" timestamp="2019-07-02T19:17:39.333" durationms="2.304" />

<exclusive-start id="2771" timestamp="2019-07-02T19:17:39.379" intervalms="48.976">
  <response-info timems="0.025" idlems="0.025" threads="0" lastid="0000000000A0B200" lastname="Thread-3" />
</exclusive-start>
<af-start id="2772" threadId="0000000000A0BB88" totalBytesRequested="16392" timestamp="2019-07-02T19:17:39.379" intervalms="48.974" type="nursery" />
<cycle-start id="2773" type="scavenge" contextid="0" timestamp="2019-07-02T19:17:39.379" intervalms="48.974" />
  <attribute name="GC Util" value="5" />
  <attribute name="CPU Util" value="441891366262" />
  <attribute name="Time Running"value="8559"/>
  <attribute name="Number of cores"value="4"/>
<gc-start id="2774" type="scavenge" contextid="2773" timestamp="2019-07-02T19:17:39.380">
  <mem-info id="2775" free="680000" total="14942208" percent="4">
    <mem type="nursery" free="0" total="8257536" percent="0">
      <mem type="allocate" free="0" total="6815744" percent="0" />
      <mem type="survivor" free="0" total="1441792" percent="0" />
    </mem>
    <mem type="tenure" free="680000" total="6684672" percent="10">
      <mem type="soa" free="450224" total="6350848" percent="7" />
      <mem type="loa" free="229776" total="333824" percent="68" />
    </mem>
    <remembered-set count="316" />
  </mem-info>
</gc-start>
<allocation-stats totalBytes="5452496" >
  <allocated-bytes non-tlh="2056" tlh="5450440" />
  <largest-consumer threadName="Thread-5" threadId="0000000000A12A00" bytes="2088560" />
</allocation-stats>
<gc-op id="2776" type="scavenge" timems="1.184" contextid="2773" timestamp="2019-07-02T19:17:39.381">
  <scavenger-info tenureage="5" tenuremask="7fe0" tiltratio="82" />
  <memory-copied type="nursery" objects="1970" bytes="799656" bytesdiscarded="239016" />
  <memory-copied type="tenure" objects="29" bytes="36824" bytesdiscarded="0" />
</gc-op>
<gc-end id="2777" type="scavenge" contextid="2773" durationms="1.661" usertimems="4.000" systemtimems="0.000" timestamp="2019-07-02T19:17:39.381" activeThreads="4">
  <mem-info id="2778" free="6522544" total="14942208" percent="43">
    <mem type="nursery" free="5842544" total="8257536" percent="70">
      <mem type="allocate" free="5842544" total="6881280" percent="84" />
      <mem type="survivor" free="0" total="1376256" percent="0" />
    </mem>
    <mem type="tenure" free="680000" total="6684672" percent="10" macro-fragmented="0">
      <mem type="soa" free="450224" total="6350848" percent="7" />
      <mem type="loa" free="229776" total="333824" percent="68" />
    </mem>
    <remembered-set count="106" />
  </mem-info>
</gc-end>
<cycle-end id="2779" type="scavenge" contextid="2773" timestamp="2019-07-02T19:17:39.381">
  <attribute name="GC Util" value="5" />
  <attribute name="CPU Util" value="376770239841" />
  <attribute name="Time Running"value="8608"/>
  <attribute name="Number of cores"value="4"/>
</cycle-end>
<allocation-satisfied id="2780" threadId="0000000000A0B200" bytesRequested="16392" />
<af-end id="2781" timestamp="2019-07-02T19:17:39.381" threadId="0000000000A0BB88" success="true" from="nursery"/>
<exclusive-end id="2782" timestamp="2019-07-02T19:17:39.381" durationms="2.148" />

<exclusive-start id="2783" timestamp="2019-07-02T19:17:39.421" intervalms="41.535">
  <response-info timems="0.070" idlems="0.070" threads="0" lastid="0000000000A0EE00" lastname="Thread-4" />
</exclusive-start>
<af-start id="2784" threadId="0000000000A0F788" totalBytesRequested="16392" timestamp="2019-07-02T19:17:39.421" intervalms="41.520" type="nursery" />
<cycle-start id="2785" type="scavenge" contextid="0" timestamp="2019-07-02T19:17:39.421" intervalms="41.508" />
  <attribute name="GC Util" value="5" />
  <attribute name="CPU Util" value="376770239841" />
  <attribute name="Time Running"value="8608"/>
  <attribute name="Number of cores"value="4"/>
<gc-start id="2786" type="scavenge" contextid="2785" timestamp="2019-07-02T19:17:39.421">
  <mem-info id="2787" free="680000" total="14942208" percent="4">
    <mem type="nursery" free="0" total="8257536" percent="0">
      <mem type="allocate" free="0" total="6881280" percent="0" />
      <mem type="survivor" free="0" total="1376256" percent="0" />
    </mem>
    <mem type="tenure" free="680000" total="6684672" percent="10">
      <mem type="soa" free="450224" total="6350848" percent="7" />
      <mem type="loa" free="229776" total="333824" percent="68" />
    </mem>
    <remembered-set count="322" />
  </mem-info>
</gc-start>
<allocation-stats totalBytes="5816520" >
  <allocated-bytes non-tlh="16392" tlh="5800128" />
  <largest-consumer threadName="Thread-5" threadId="0000000000A12A00" bytes="1952640" />
</allocation-stats>
<gc-op id="2788" type="scavenge" timems="0.615" contextid="2785" timestamp="2019-07-02T19:17:39.422">
  <scavenger-info tenureage="5" tenuremask="7fe0" tiltratio="83" />
  <memory-copied type="nursery" objects="2126" bytes="822816" bytesdiscarded="299880" />
</gc-op>
<gc-end id="2789" type="scavenge" contextid="2785" durationms="0.855" usertimems="0.000" systemtimems="0.000" timestamp="2019-07-02T19:17:39.422" activeThreads="4">
  <mem-info id="2790" free="6504064" total="14942208" percent="43">
    <mem type="nursery" free="5824064" total="8257536" percent="70">
      <mem type="allocate" free="5824064" total="6946816" percent="83" />
      <mem type="survivor" free="0" total="1310720" percent="0" />
    </mem>
    <mem type="tenure" free="680000" total="6684672" percent="10" macro-fragmented="0">
      <mem type="soa" free="450224" total="6350848" percent="7" />
      <mem type="loa" free="229776" total="333824" percent="68" />
    </mem>
    <remembered-set count="109" />
  </mem-info>
</gc-end>
<cycle-end id="2791" type="scavenge" contextid="2785" timestamp="2019-07-02T19:17:39.422">
  <attribute name="GC Util" value="6" />
  <attribute name="CPU Util" value="444575262603" />
  <attribute name="Time Running"value="8650"/>
  <attribute name="Number of cores"value="4"/>
</cycle-end>
<allocation-satisfied id="2792" threadId="0000000000A0EE00" bytesRequested="16392" />
<af-end id="2793" timestamp="2019-07-02T19:17:39.422" threadId="0000000000A0F788" success="true" from="nursery"/>
<exclusive-end id="2794" timestamp="2019-07-02T19:17:39.422" durationms="1.185" />

</verbosegc>

