<?xml version="1.0" ?>

<verbosegc xmlns="http://www.ibm.com/j9/verbosegc" version="25b0271_CMPRSS">

<initialized id="1" timestamp="2019-07-02T19:17:49.121">
  <attribute name="gcPolicy" value="-Xgcpolicy:gencon" />
  <attribute name="GC Util" value="0" />
  <attribute name="CPU Util" value="0" />
  <attribute name="Time Running"value="0"/>
  <attribute name="Number of cores"value="0"/>
  <attribute name="maxHeapSize" value="0x7cbc0000" />
  <attribute name="initialHeapSize" value="0x800000" />
  <attribute name="compressedRefs" value="true" />
  <attribute name="compressedRefsDisplacement" value="0x0" />
  <attribute name="compressedRefsShift" value="0x0" />
  <attribute name="pageSize" value="0x1000" />
  <attribute name="pageType" value="not used" />
  <attribute name="requestedPageSize" value="0x1000" />
  <attribute name="requestedPageType" value="not used" />
  <attribute name="gcthreads" value="4" />
  <attribute name="gcthreads Concurrent Mark" value="1" />
  <attribute name="packetListSplit" value="4" />
  <attribute name="cacheListSplit" value="4" />
  <attribute name="splitFreeListSplitAmount" value="1" />
  <attribute name="numaNodes" value="0" />
  <system>
    <attribute name="physicalMemory" value="8370962432" />
    <attribute name="numCPUs" value="4" />
    <attribute name="architecture" value="amd64" />
    <attribute name="os" value="Linux" />
    <attribute name="osVersion" value="4.4.0-148-generic" />
  </system>
  <vmargs>
    <vmarg name="-Xoptionsfile=/vagrant/jdk/lib/options.default" />
    <vmarg name="-Xlockword:mode=default,noLockword=java/lang/String,noLockword=java/util/MapEntry,noLockword=java/util/HashMap$Entry,noLockword..." />
    <vmarg name="-Xjcl:jclse11_29" />
    <vmarg name="-Dcom.ibm.oti.vm.bootstrap.library.path=/vagrant/jdk/lib/compressedrefs:/vagrant/jdk/lib" />
    <vmarg name="-Dsun.boot.library.path=/vagrant/jdk/lib/compressedrefs:/vagrant/jdk/lib" />
    <vmarg name="-Djava.library.path=/vagrant/jdk/lib/compressedrefs:/vagrant/jdk/lib:/usr/lib64:/usr/lib" />
    <vmarg name="-Djava.home=/vagrant/jdk" />
    <vmarg name="-Duser.dir=/vagrant" />
    <vmarg name="-verbose:gc" />
    <vmarg name="-Xloggc:default-jdkF-verbose4xalan.txt" />
    <vmarg name="-Djava.class.path=dacapo-9.12-MR1-bach.jar" />
    <vmarg name="-Dsun.java.command=dacapo-9.12-MR1-bach.jar xalan --size=default" />
    <vmarg name="-Dsun.java.launcher=SUN_STANDARD" />
    <vmarg name="-Dsun.java.launcher.pid=11141" />
  </vmargs>
</initialized>

<exclusive-start id="2" timestamp="2019-07-02T19:17:49.258" intervalms="137.204">
  <response-info timems="0.020" idlems="0.020" threads="0" lastid="0000000001409700" lastname="main" />
</exclusive-start>
<af-start id="3" threadId="000000000140A088" totalBytesRequested="15632" timestamp="2019-07-02T19:17:49.258" intervalms="137.557" type="nursery" />
<cycle-start id="4" type="scavenge" contextid="0" timestamp="2019-07-02T19:17:49.259" intervalms="137.941" />
  <attribute name="GC Util" value="0" />
  <attribute name="CPU Util" value="81" />
  <attribute name="Time Running"value="0"/>
  <attribute name="Number of cores"value="4"/>
<gc-start id="5" type="scavenge" contextid="4" timestamp="2019-07-02T19:17:49.259">
  <mem-info id="6" free="6065704" total="8388608" percent="72">
    <mem type="nursery" free="0" total="2097152" percent="0">
      <mem type="allocate" free="0" total="1048576" percent="0" />
      <mem type="survivor" free="0" total="1048576" percent="0" />
    </mem>
    <mem type="tenure" free="6065704" total="6291456" percent="96">
      <mem type="soa" free="5751336" total="5977088" percent="96" />
      <mem type="loa" free="314368" total="314368" percent="100" />
    </mem>
    <remembered-set count="3122" />
  </mem-info>
</gc-start>
<allocation-stats totalBytes="1259576" >
  <allocated-bytes non-tlh="300120" tlh="959456" />
  <largest-consumer threadName="main" threadId="0000000001409700" bytes="1183888" />
</allocation-stats>
<gc-op id="7" type="scavenge" timems="1.945" contextid="4" timestamp="2019-07-02T19:17:49.261">
  <scavenger-info tenureage="2" tenuremask="fffc" tiltratio="50" />
  <memory-copied type="nursery" objects="10438" bytes="495648" bytesdiscarded="159576" />
  <finalization candidates="16" enqueued="0" />
  <references type="soft" candidates="62" cleared="0" enqueued="0" dynamicThreshold="32" maxThreshold="32" />
  <references type="weak" candidates="307" cleared="155" enqueued="117" />
  <references type="phantom" candidates="19" cleared="3" enqueued="3" />
</gc-op>
<gc-end id="8" type="scavenge" contextid="4" durationms="2.571" usertimems="0.000" systemtimems="4.000" timestamp="2019-07-02T19:17:49.261" activeThreads="4">
  <mem-info id="9" free="6456968" total="8388608" percent="76">
    <mem type="nursery" free="391264" total="2097152" percent="18">
      <mem type="allocate" free="391264" total="1048576" percent="37" />
      <mem type="survivor" free="0" total="1048576" percent="0" />
    </mem>
    <mem type="tenure" free="6065704" total="6291456" percent="96">
      <mem type="soa" free="5751336" total="5977088" percent="96" />
      <mem type="loa" free="314368" total="314368" percent="100" />
    </mem>
    <pending-finalizers system="0" default="0" reference="120" classloader="0" />
    <remembered-set count="3122" />
  </mem-info>
</gc-end>
<cycle-end id="10" type="scavenge" contextid="4" timestamp="2019-07-02T19:17:49.262">
  <attribute name="GC Util" value="0" />
  <attribute name="CPU Util" value="97" />
  <attribute name="Time Running"value="20"/>
  <attribute name="Number of cores"value="4"/>
</cycle-end>
<allocation-satisfied id="11" threadId="0000000001409700" bytesRequested="15632" />
<af-end id="12" timestamp="2019-07-02T19:17:49.262" threadId="000000000140A088" success="true" from="nursery"/>
<exclusive-end id="13" timestamp="2019-07-02T19:17:49.262" durationms="4.014" />

<exclusive-start id="14" timestamp="2019-07-02T19:17:49.278" intervalms="20.507">
  <response-info timems="0.035" idlems="0.035" threads="0" lastid="0000000001409700" lastname="main" />
</exclusive-start>
<af-start id="15" threadId="000000000140A088" totalBytesRequested="96" timestamp="2019-07-02T19:17:49.278" intervalms="20.267" type="nursery" />
<cycle-start id="16" type="scavenge" contextid="0" timestamp="2019-07-02T19:17:49.278" intervalms="19.945" />
  <attribute name="GC Util" value="0" />
  <attribute name="CPU Util" value="97" />
  <attribute name="Time Running"value="20"/>
  <attribute name="Number of cores"value="4"/>
<gc-start id="17" type="scavenge" contextid="16" timestamp="2019-07-02T19:17:49.279">
  <mem-info id="18" free="6055824" total="8388608" percent="72">
    <mem type="nursery" free="0" total="2097152" percent="0">
      <mem type="allocate" free="0" total="1048576" percent="0" />
      <mem type="survivor" free="0" total="1048576" percent="0" />
    </mem>
    <mem type="tenure" free="6055824" total="6291456" percent="96">
      <mem type="soa" free="5741456" total="5977088" percent="96" />
      <mem type="loa" free="314368" total="314368" percent="100" />
    </mem>
    <remembered-set count="3259" />
  </mem-info>
</gc-start>
<allocation-stats totalBytes="400424" >
  <allocated-bytes non-tlh="25512" tlh="374912" />
  <largest-consumer threadName="main" threadId="0000000001409700" bytes="388448" />
</allocation-stats>
<gc-op id="19" type="scavenge" timems="0.846" contextid="16" timestamp="2019-07-02T19:17:49.280">
  <scavenger-info tenureage="9" tenuremask="7e00" tiltratio="50" />
  <memory-copied type="nursery" objects="10924" bytes="486112" bytesdiscarded="143584" />
  <finalization candidates="16" enqueued="0" />
  <references type="soft" candidates="62" cleared="0" enqueued="0" dynamicThreshold="32" maxThreshold="32" />
  <references type="weak" candidates="281" cleared="117" enqueued="114" />
  <references type="phantom" candidates="41" cleared="14" enqueued="14" />
</gc-op>
<gc-end id="20" type="scavenge" contextid="16" durationms="1.136" usertimems="0.000" systemtimems="0.000" timestamp="2019-07-02T19:17:49.280" activeThreads="4">
  <mem-info id="21" free="6473240" total="8388608" percent="77">
    <mem type="nursery" free="417416" total="2097152" percent="19">
      <mem type="allocate" free="417416" total="1048576" percent="39" />
      <mem type="survivor" free="0" total="1048576" percent="0" />
    </mem>
    <mem type="tenure" free="6055824" total="6291456" percent="96">
      <mem type="soa" free="5741456" total="5977088" percent="96" />
      <mem type="loa" free="314368" total="314368" percent="100" />
    </mem>
    <pending-finalizers system="0" default="0" reference="128" classloader="0" />
    <remembered-set count="3259" />
  </mem-info>
</gc-end>
<cycle-end id="22" type="scavenge" contextid="16" timestamp="2019-07-02T19:17:49.280">
  <attribute name="GC Util" value="18" />
  <attribute name="CPU Util" value="235" />
  <attribute name="Time Running"value="40"/>
  <attribute name="Number of cores"value="4"/>
</cycle-end>
<allocation-satisfied id="23" threadId="0000000001409700" bytesRequested="96" />
<af-end id="24" timestamp="2019-07-02T19:17:49.280" threadId="000000000140A088" success="true" from="nursery"/>
<exclusive-end id="25" timestamp="2019-07-02T19:17:49.280" durationms="1.794" />

<exclusive-start id="26" timestamp="2019-07-02T19:17:49.298" intervalms="20.121">
  <response-info timems="0.037" idlems="0.037" threads="0" lastid="0000000001409700" lastname="main" />
</exclusive-start>
<af-start id="27" threadId="000000000140A088" totalBytesRequested="2944" timestamp="2019-07-02T19:17:49.298" intervalms="20.097" type="nursery" />
<cycle-start id="28" type="scavenge" contextid="0" timestamp="2019-07-02T19:17:49.299" intervalms="20.112" />
  <attribute name="GC Util" value="18" />
  <attribute name="CPU Util" value="235" />
  <attribute name="Time Running"value="40"/>
  <attribute name="Number of cores"value="4"/>
<gc-start id="29" type="scavenge" contextid="28" timestamp="2019-07-02T19:17:49.299">
  <mem-info id="30" free="6054192" total="8388608" percent="72">
    <mem type="nursery" free="0" total="2097152" percent="0">
      <mem type="allocate" free="0" total="1048576" percent="0" />
      <mem type="survivor" free="0" total="1048576" percent="0" />
    </mem>
    <mem type="tenure" free="6054192" total="6291456" percent="96">
      <mem type="soa" free="5739824" total="5977088" percent="96" />
      <mem type="loa" free="314368" total="314368" percent="100" />
    </mem>
    <remembered-set count="3279" />
  </mem-info>
</gc-start>
<allocation-stats totalBytes="390336" >
  <allocated-bytes non-tlh="1728" tlh="388608" />
  <largest-consumer threadName="main" threadId="0000000001409700" bytes="382144" />
</allocation-stats>
<gc-op id="31" type="scavenge" timems="0.915" contextid="28" timestamp="2019-07-02T19:17:49.300">
  <scavenger-info tenureage="8" tenuremask="7f00" tiltratio="50" />
  <memory-copied type="nursery" objects="10894" bytes="521680" bytesdiscarded="38352" />
  <finalization candidates="16" enqueued="0" />
  <references type="soft" candidates="62" cleared="0" enqueued="0" dynamicThreshold="32" maxThreshold="32" />
  <references type="weak" candidates="237" cleared="68" enqueued="68" />
  <references type="phantom" candidates="39" cleared="9" enqueued="9" />
</gc-op>
<gc-end id="32" type="scavenge" contextid="28" durationms="1.167" usertimems="4.000" systemtimems="0.000" timestamp="2019-07-02T19:17:49.300" activeThreads="4">
  <mem-info id="33" free="6541248" total="8388608" percent="77">
    <mem type="nursery" free="487056" total="2097152" percent="23">
      <mem type="allocate" free="487056" total="1048576" percent="46" />
      <mem type="survivor" free="0" total="1048576" percent="0" />
    </mem>
    <mem type="tenure" free="6054192" total="6291456" percent="96">
      <mem type="soa" free="5739824" total="5977088" percent="96" />
      <mem type="loa" free="314368" total="314368" percent="100" />
    </mem>
    <pending-finalizers system="0" default="0" reference="77" classloader="0" />
    <remembered-set count="1052" />
  </mem-info>
</gc-end>
<cycle-end id="34" type="scavenge" contextid="28" timestamp="2019-07-02T19:17:49.300">
  <attribute name="GC Util" value="8" />
  <attribute name="CPU Util" value="23" />
  <attribute name="Time Running"value="60"/>
  <attribute name="Number of cores"value="4"/>
</cycle-end>
<allocation-satisfied id="35" threadId="0000000001409700" bytesRequested="2944" />
<af-end id="36" timestamp="2019-07-02T19:17:49.300" threadId="000000000140A088" success="true" from="nursery"/>
<exclusive-end id="37" timestamp="2019-07-02T19:17:49.300" durationms="1.798" />

<exclusive-start id="38" timestamp="2019-07-02T19:17:49.418" intervalms="120.096">
  <response-info timems="0.096" idlems="0.096" threads="0" lastid="0000000001409700" lastname="main" />
</exclusive-start>
<af-start id="39" threadId="000000000140A088" totalBytesRequested="8200" timestamp="2019-07-02T19:17:49.419" intervalms="120.136" type="nursery" />
<cycle-start id="40" type="scavenge" contextid="0" timestamp="2019-07-02T19:17:49.419" intervalms="120.167" />
  <attribute name="GC Util" value="8" />
  <attribute name="CPU Util" value="23" />
  <attribute name="Time Running"value="60"/>
  <attribute name="Number of cores"value="4"/>
<gc-start id="41" type="scavenge" contextid="40" timestamp="2019-07-02T19:17:49.419">
  <mem-info id="42" free="6048648" total="8388608" percent="72">
    <mem type="nursery" free="0" total="2097152" percent="0">
      <mem type="allocate" free="0" total="1048576" percent="0" />
      <mem type="survivor" free="0" total="1048576" percent="0" />
    </mem>
    <mem type="tenure" free="6048648" total="6291456" percent="96">
      <mem type="soa" free="5734280" total="5977088" percent="95" />
      <mem type="loa" free="314368" total="314368" percent="100" />
    </mem>
    <remembered-set count="1140" />
  </mem-info>
</gc-start>
<allocation-stats totalBytes="469712" >
  <allocated-bytes non-tlh="8488" tlh="461224" />
  <largest-consumer threadName="main" threadId="0000000001409700" bytes="469712" />
</allocation-stats>
<gc-op id="43" type="scavenge" timems="1.071" contextid="40" timestamp="2019-07-02T19:17:49.420">
  <scavenger-info tenureage="3" tenuremask="fff8" tiltratio="50" />
  <memory-copied type="nursery" objects="768" bytes="96816" bytesdiscarded="20632" />
  <memory-copied type="tenure" objects="10227" bytes="457432" bytesdiscarded="56" />
  <finalization candidates="18" enqueued="0" />
  <references type="soft" candidates="1" cleared="0" enqueued="0" dynamicThreshold="32" maxThreshold="32" />
  <references type="weak" candidates="81" cleared="66" enqueued="66" />
  <references type="phantom" candidates="26" cleared="12" enqueued="12" />
</gc-op>
<gc-end id="44" type="scavenge" contextid="40" durationms="1.369" usertimems="4.000" systemtimems="0.000" timestamp="2019-07-02T19:17:49.420" activeThreads="4">
  <mem-info id="45" free="6422256" total="8388608" percent="76">
    <mem type="nursery" free="931072" total="2097152" percent="44">
      <mem type="allocate" free="931072" total="1048576" percent="88" />
      <mem type="survivor" free="0" total="1048576" percent="0" />
    </mem>
    <mem type="tenure" free="5491184" total="6291456" percent="87">
      <mem type="soa" free="5176816" total="5977088" percent="86" />
      <mem type="loa" free="314368" total="314368" percent="100" />
    </mem>
    <pending-finalizers system="0" default="0" reference="78" classloader="0" />
    <remembered-set count="222" />
  </mem-info>
</gc-end>
<cycle-end id="46" type="scavenge" contextid="40" timestamp="2019-07-02T19:17:49.420">
  <attribute name="GC Util" value="1" />
  <attribute name="CPU Util" value="143" />
  <attribute name="Time Running"value="180"/>
  <attribute name="Number of cores"value="4"/>
</cycle-end>
<allocation-satisfied id="47" threadId="0000000001409700" bytesRequested="8200" />
<af-end id="48" timestamp="2019-07-02T19:17:49.420" threadId="000000000140A088" success="true" from="nursery"/>
<exclusive-end id="49" timestamp="2019-07-02T19:17:49.420" durationms="1.965" />

<exclusive-start id="50" timestamp="2019-07-02T19:17:49.524" intervalms="105.307">
  <response-info timems="0.030" idlems="0.030" threads="0" lastid="0000000001409700" lastname="main" />
</exclusive-start>
<af-start id="51" threadId="000000000140A088" totalBytesRequested="8200" timestamp="2019-07-02T19:17:49.524" intervalms="105.273" type="nursery" />
<cycle-start id="52" type="scavenge" contextid="0" timestamp="2019-07-02T19:17:49.524" intervalms="105.240" />
  <attribute name="GC Util" value="1" />
  <attribute name="CPU Util" value="143" />
  <attribute name="Time Running"value="180"/>
  <attribute name="Number of cores"value="4"/>
<gc-start id="53" type="scavenge" contextid="52" timestamp="2019-07-02T19:17:49.524">
  <mem-info id="54" free="5489832" total="8388608" percent="65">
    <mem type="nursery" free="0" total="2097152" percent="0">
      <mem type="allocate" free="0" total="1048576" percent="0" />
      <mem type="survivor" free="0" total="1048576" percent="0" />
    </mem>
    <mem type="tenure" free="5489832" total="6291456" percent="87">
      <mem type="soa" free="5175464" total="5977088" percent="86" />
      <mem type="loa" free="314368" total="314368" percent="100" />
    </mem>
    <remembered-set count="247" />
  </mem-info>
</gc-start>
<allocation-stats totalBytes="872144" >
  <allocated-bytes non-tlh="335808" tlh="536336" />
  <largest-consumer threadName="main" threadId="0000000001409700" bytes="872144" />
</allocation-stats>
<gc-op id="55" type="scavenge" timems="0.533" contextid="52" timestamp="2019-07-02T19:17:49.525">
  <scavenger-info tenureage="3" tenuremask="ffe8" tiltratio="50" />
  <memory-copied type="nursery" objects="1038" bytes="596472" bytesdiscarded="90200" />
  <memory-copied type="tenure" objects="328" bytes="17248" bytesdiscarded="584" />
  <finalization candidates="3" enqueued="1" />
  <references type="soft" candidates="4" cleared="0" enqueued="0" dynamicThreshold="32" maxThreshold="32" />
  <references type="weak" candidates="7" cleared="6" enqueued="6" />
  <references type="phantom" candidates="31" cleared="4" enqueued="4" />
</gc-op>
<gc-end id="56" type="scavenge" contextid="52" durationms="0.744" usertimems="0.000" systemtimems="0.000" timestamp="2019-07-02T19:17:49.525" activeThreads="4">
  <mem-info id="57" free="5812472" total="8388608" percent="69">
    <mem type="nursery" free="361808" total="2097152" percent="17">
      <mem type="allocate" free="361808" total="1048576" percent="34" />
      <mem type="survivor" free="0" total="1048576" percent="0" />
    </mem>
    <mem type="tenure" free="5450664" total="6291456" percent="86">
      <mem type="soa" free="5136296" total="5977088" percent="85" />
      <mem type="loa" free="314368" total="314368" percent="100" />
    </mem>
    <pending-finalizers system="1" default="0" reference="10" classloader="0" />
    <remembered-set count="198" />
  </mem-info>
</gc-end>
<cycle-end id="58" type="scavenge" contextid="52" timestamp="2019-07-02T19:17:49.525">
  <attribute name="GC Util" value="1" />
  <attribute name="CPU Util" value="134" />
  <attribute name="Time Running"value="285"/>
  <attribute name="Number of cores"value="4"/>
</cycle-end>
<allocation-satisfied id="59" threadId="0000000001409700" bytesRequested="8200" />
<af-end id="60" timestamp="2019-07-02T19:17:49.525" threadId="000000000140A088" success="true" from="nursery"/>
<exclusive-end id="61" timestamp="2019-07-02T19:17:49.525" durationms="1.217" />

<exclusive-start id="62" timestamp="2019-07-02T19:17:49.538" intervalms="13.727">
  <response-info timems="0.036" idlems="0.036" threads="0" lastid="0000000001409700" lastname="main" />
</exclusive-start>
<af-start id="63" threadId="000000000140A088" totalBytesRequested="3696" timestamp="2019-07-02T19:17:49.538" intervalms="13.747" type="nursery" />
<cycle-start id="64" type="scavenge" contextid="0" timestamp="2019-07-02T19:17:49.538" intervalms="13.783" />
  <attribute name="GC Util" value="1" />
  <attribute name="CPU Util" value="134" />
  <attribute name="Time Running"value="285"/>
  <attribute name="Number of cores"value="4"/>
<gc-start id="65" type="scavenge" contextid="64" timestamp="2019-07-02T19:17:49.538">
  <mem-info id="66" free="5445072" total="8388608" percent="64">
    <mem type="nursery" free="0" total="2097152" percent="0">
      <mem type="allocate" free="0" total="1048576" percent="0" />
      <mem type="survivor" free="0" total="1048576" percent="0" />
    </mem>
    <mem type="tenure" free="5445072" total="6291456" percent="86">
      <mem type="soa" free="5130704" total="5977088" percent="85" />
      <mem type="loa" free="314368" total="314368" percent="100" />
    </mem>
    <remembered-set count="267" />
  </mem-info>
</gc-start>
<allocation-stats totalBytes="363888" >
  <allocated-bytes non-tlh="13792" tlh="350096" />
  <largest-consumer threadName="main" threadId="0000000001409700" bytes="359792" />
</allocation-stats>
<gc-op id="67" type="scavenge" timems="0.391" contextid="64" timestamp="2019-07-02T19:17:49.538">
  <scavenger-info tenureage="7" tenuremask="ff80" tiltratio="50" />
  <memory-copied type="nursery" objects="1661" bytes="598000" bytesdiscarded="56992" />
  <finalization candidates="2" enqueued="0" />
  <references type="soft" candidates="11" cleared="0" enqueued="0" dynamicThreshold="32" maxThreshold="32" />
  <references type="weak" candidates="33" cleared="31" enqueued="31" />
  <references type="phantom" candidates="30" cleared="1" enqueued="1" />
</gc-op>
<gc-end id="68" type="scavenge" contextid="64" durationms="0.675" usertimems="4.000" systemtimems="0.000" timestamp="2019-07-02T19:17:49.539" activeThreads="4">
  <mem-info id="69" free="5838544" total="8388608" percent="69">
    <mem type="nursery" free="393472" total="2097152" percent="18">
      <mem type="allocate" free="393472" total="1048576" percent="37" />
      <mem type="survivor" free="0" total="1048576" percent="0" />
    </mem>
    <mem type="tenure" free="5445072" total="6291456" percent="86">
      <mem type="soa" free="5130704" total="5977088" percent="85" />
      <mem type="loa" free="314368" total="314368" percent="100" />
    </mem>
    <pending-finalizers system="0" default="0" reference="32" classloader="0" />
    <remembered-set count="185" />
  </mem-info>
</gc-end>
<cycle-end id="70" type="scavenge" contextid="64" timestamp="2019-07-02T19:17:49.539">
  <attribute name="GC Util" value="6" />
  <attribute name="CPU Util" value="72" />
  <attribute name="Time Running"value="299"/>
  <attribute name="Number of cores"value="4"/>
</cycle-end>
<allocation-satisfied id="71" threadId="0000000001409700" bytesRequested="3696" />
<af-end id="72" timestamp="2019-07-02T19:17:49.539" threadId="000000000140A088" success="true" from="nursery"/>
<exclusive-end id="73" timestamp="2019-07-02T19:17:49.539" durationms="1.446" />

<exclusive-start id="74" timestamp="2019-07-02T19:17:49.551" intervalms="13.822">
  <response-info timems="0.024" idlems="0.024" threads="0" lastid="0000000001409700" lastname="main" />
</exclusive-start>
<af-start id="75" threadId="000000000140A088" totalBytesRequested="7456" timestamp="2019-07-02T19:17:49.551" intervalms="13.807" type="nursery" />
<cycle-start id="76" type="scavenge" contextid="0" timestamp="2019-07-02T19:17:49.552" intervalms="13.778" />
  <attribute name="GC Util" value="6" />
  <attribute name="CPU Util" value="72" />
  <attribute name="Time Running"value="299"/>
  <attribute name="Number of cores"value="4"/>
<gc-start id="77" type="scavenge" contextid="76" timestamp="2019-07-02T19:17:49.552">
  <mem-info id="78" free="5438008" total="8388608" percent="64">
    <mem type="nursery" free="0" total="2097152" percent="0">
      <mem type="allocate" free="0" total="1048576" percent="0" />
      <mem type="survivor" free="0" total="1048576" percent="0" />
    </mem>
    <mem type="tenure" free="5438008" total="6291456" percent="86">
      <mem type="soa" free="5123640" total="5977088" percent="85" />
      <mem type="loa" free="314368" total="314368" percent="100" />
    </mem>
    <remembered-set count="264" />
  </mem-info>
</gc-start>
<allocation-stats totalBytes="376568" >
  <allocated-bytes non-tlh="10760" tlh="365808" />
  <largest-consumer threadName="main" threadId="0000000001409700" bytes="372472" />
</allocation-stats>
<gc-op id="79" type="scavenge" timems="0.379" contextid="76" timestamp="2019-07-02T19:17:49.552">
  <scavenger-info tenureage="3" tenuremask="fff8" tiltratio="50" />
  <memory-copied type="nursery" objects="1413" bytes="541264" bytesdiscarded="184456" />
  <memory-copied type="tenure" objects="221" bytes="58016" bytesdiscarded="0" />
  <finalization candidates="2" enqueued="0" />
  <references type="soft" candidates="10" cleared="0" enqueued="0" dynamicThreshold="32" maxThreshold="32" />
  <references type="weak" candidates="9" cleared="8" enqueued="8" />
  <references type="phantom" candidates="27" cleared="0" enqueued="0" />
</gc-op>
<gc-end id="80" type="scavenge" contextid="76" durationms="0.582" usertimems="0.000" systemtimems="0.000" timestamp="2019-07-02T19:17:49.552" activeThreads="4">
  <mem-info id="81" free="5713440" total="8388608" percent="68">
    <mem type="nursery" free="322800" total="2097152" percent="15">
      <mem type="allocate" free="322800" total="1048576" percent="30" />
      <mem type="survivor" free="0" total="1048576" percent="0" />
    </mem>
    <mem type="tenure" free="5390640" total="6291456" percent="85">
      <mem type="soa" free="5076272" total="5977088" percent="84" />
      <mem type="loa" free="314368" total="314368" percent="100" />
    </mem>
    <pending-finalizers system="0" default="0" reference="8" classloader="0" />
    <remembered-set count="219" />
  </mem-info>
</gc-end>
<cycle-end id="82" type="scavenge" contextid="76" timestamp="2019-07-02T19:17:49.552">
  <attribute name="GC Util" value="6" />
  <attribute name="CPU Util" value="1351800012138" />
  <attribute name="Time Running"value="313"/>
  <attribute name="Number of cores"value="4"/>
</cycle-end>
<allocation-satisfied id="83" threadId="0000000001409700" bytesRequested="7456" />
<af-end id="84" timestamp="2019-07-02T19:17:49.552" threadId="000000000140A088" success="true" from="nursery"/>
<exclusive-end id="85" timestamp="2019-07-02T19:17:49.553" durationms="1.186" />

<exclusive-start id="86" timestamp="2019-07-02T19:17:49.564" intervalms="12.612">
  <response-info timems="0.019" idlems="0.019" threads="0" lastid="0000000001409700" lastname="main" />
</exclusive-start>
<af-start id="87" threadId="000000000140A088" totalBytesRequested="520" timestamp="2019-07-02T19:17:49.564" intervalms="12.586" type="nursery" />
<cycle-start id="88" type="scavenge" contextid="0" timestamp="2019-07-02T19:17:49.564" intervalms="12.562" />
  <attribute name="GC Util" value="6" />
  <attribute name="CPU Util" value="1351800012138" />
  <attribute name="Time Running"value="313"/>
  <attribute name="Number of cores"value="4"/>
<gc-start id="89" type="scavenge" contextid="88" timestamp="2019-07-02T19:17:49.564">
  <mem-info id="90" free="5383472" total="8388608" percent="64">
    <mem type="nursery" free="0" total="2097152" percent="0">
      <mem type="allocate" free="0" total="1048576" percent="0" />
      <mem type="survivor" free="0" total="1048576" percent="0" />
    </mem>
    <mem type="tenure" free="5383472" total="6291456" percent="85">
      <mem type="soa" free="5069104" total="5977088" percent="84" />
      <mem type="loa" free="314368" total="314368" percent="100" />
    </mem>
    <remembered-set count="295" />
  </mem-info>
</gc-start>
<allocation-stats totalBytes="329456" >
  <allocated-bytes non-tlh="14624" tlh="314832" />
  <largest-consumer threadName="main" threadId="0000000001409700" bytes="329456" />
</allocation-stats>
<gc-op id="91" type="scavenge" timems="0.417" contextid="88" timestamp="2019-07-02T19:17:49.565">
  <scavenger-info tenureage="3" tenuremask="ffe8" tiltratio="50" />
  <memory-copied type="nursery" objects="707" bytes="29768" bytesdiscarded="48552" />
  <memory-copied type="tenure" objects="758" bytes="502120" bytesdiscarded="672" />
  <references type="soft" candidates="7" cleared="0" enqueued="0" dynamicThreshold="32" maxThreshold="32" />
  <references type="weak" candidates="4" cleared="4" enqueued="4" />
  <references type="phantom" candidates="1" cleared="0" enqueued="0" />
</gc-op>
<gc-end id="92" type="scavenge" contextid="88" durationms="0.640" usertimems="0.000" systemtimems="0.000" timestamp="2019-07-02T19:17:49.565" activeThreads="4">
  <mem-info id="93" free="5769912" total="8388608" percent="68">
    <mem type="nursery" free="1035776" total="2097152" percent="49">
      <mem type="allocate" free="1035776" total="1114112" percent="92" />
      <mem type="survivor" free="0" total="983040" percent="0" />
    </mem>
    <mem type="tenure" free="4734136" total="6291456" percent="75">
      <mem type="soa" free="4419768" total="5977088" percent="73" />
      <mem type="loa" free="314368" total="314368" percent="100" />
    </mem>
    <pending-finalizers system="0" default="0" reference="4" classloader="0" />
    <remembered-set count="261" />
  </mem-info>
</gc-end>
<cycle-end id="94" type="scavenge" contextid="88" timestamp="2019-07-02T19:17:49.565">
  <attribute name="GC Util" value="5" />
  <attribute name="CPU Util" value="148" />
  <attribute name="Time Running"value="325"/>
  <attribute name="Number of cores"value="4"/>
</cycle-end>
<allocation-satisfied id="95" threadId="0000000001409700" bytesRequested="520" />
<af-end id="96" timestamp="2019-07-02T19:17:49.565" threadId="000000000140A088" success="true" from="nursery"/>
<exclusive-end id="97" timestamp="2019-07-02T19:17:49.565" durationms="1.033" />

<exclusive-start id="98" timestamp="2019-07-02T19:17:49.583" intervalms="19.074">
  <response-info timems="0.017" idlems="0.017" threads="0" lastid="0000000001409700" lastname="main" />
</exclusive-start>
<af-start id="99" threadId="000000000140A088" totalBytesRequested="4792" timestamp="2019-07-02T19:17:49.583" intervalms="19.081" type="nursery" />
<cycle-start id="100" type="scavenge" contextid="0" timestamp="2019-07-02T19:17:49.583" intervalms="19.085" />
  <attribute name="GC Util" value="5" />
  <attribute name="CPU Util" value="148" />
  <attribute name="Time Running"value="325"/>
  <attribute name="Number of cores"value="4"/>
<gc-start id="101" type="scavenge" contextid="100" timestamp="2019-07-02T19:17:49.583">
  <mem-info id="102" free="4719432" total="8388608" percent="56">
    <mem type="nursery" free="0" total="2097152" percent="0">
      <mem type="allocate" free="0" total="1114112" percent="0" />
      <mem type="survivor" free="0" total="983040" percent="0" />
    </mem>
    <mem type="tenure" free="4719432" total="6291456" percent="75">
      <mem type="soa" free="4405064" total="5977088" percent="73" />
      <mem type="loa" free="314368" total="314368" percent="100" />
    </mem>
    <remembered-set count="459" />
  </mem-info>
</gc-start>
<allocation-stats totalBytes="1032472" >
  <allocated-bytes non-tlh="15224" tlh="1017248" />
  <largest-consumer threadName="main" threadId="0000000001409700" bytes="1032472" />
</allocation-stats>
<gc-op id="103" type="scavenge" timems="0.340" contextid="100" timestamp="2019-07-02T19:17:49.584">
  <scavenger-info tenureage="3" tenuremask="ffe8" tiltratio="53" />
  <memory-copied type="nursery" objects="428" bytes="50952" bytesdiscarded="45256" />
  <memory-copied type="tenure" objects="515" bytes="19160" bytesdiscarded="0" />
  <references type="weak" candidates="6" cleared="6" enqueued="6" />
</gc-op>
<gc-end id="104" type="scavenge" contextid="100" durationms="0.520" usertimems="0.000" systemtimems="0.000" timestamp="2019-07-02T19:17:49.584" activeThreads="4">
  <mem-info id="105" free="5868400" total="8388608" percent="69">
    <mem type="nursery" free="1148968" total="2097152" percent="54">
      <mem type="allocate" free="1148968" total="1245184" percent="92" />
      <mem type="survivor" free="0" total="851968" percent="0" />
    </mem>
    <mem type="tenure" free="4719432" total="6291456" percent="75">
      <mem type="soa" free="4405064" total="5977088" percent="73" />
      <mem type="loa" free="314368" total="314368" percent="100" />
    </mem>
    <pending-finalizers system="0" default="0" reference="6" classloader="0" />
    <remembered-set count="379" />
  </mem-info>
</gc-end>
<cycle-end id="106" type="scavenge" contextid="100" timestamp="2019-07-02T19:17:49.584">
  <attribute name="GC Util" value="4" />
  <attribute name="CPU Util" value="93" />
  <attribute name="Time Running"value="344"/>
  <attribute name="Number of cores"value="4"/>
</cycle-end>
<allocation-satisfied id="107" threadId="0000000001409700" bytesRequested="4792" />
<af-end id="108" timestamp="2019-07-02T19:17:49.584" threadId="000000000140A088" success="true" from="nursery"/>
<exclusive-end id="109" timestamp="2019-07-02T19:17:49.584" durationms="0.945" />

<exclusive-start id="110" timestamp="2019-07-02T19:17:49.609" intervalms="25.535">
  <response-info timems="0.020" idlems="0.020" threads="0" lastid="0000000001409700" lastname="main" />
</exclusive-start>
<af-start id="111" threadId="000000000140A088" totalBytesRequested="40632" timestamp="2019-07-02T19:17:49.609" intervalms="25.533" type="nursery" />
<cycle-start id="112" type="scavenge" contextid="0" timestamp="2019-07-02T19:17:49.609" intervalms="25.532" />
  <attribute name="GC Util" value="4" />
  <attribute name="CPU Util" value="93" />
  <attribute name="Time Running"value="344"/>
  <attribute name="Number of cores"value="4"/>
<gc-start id="113" type="scavenge" contextid="112" timestamp="2019-07-02T19:17:49.609">
  <mem-info id="114" free="4704400" total="8388608" percent="56">
    <mem type="nursery" free="0" total="2097152" percent="0">
      <mem type="allocate" free="0" total="1245184" percent="0" />
      <mem type="survivor" free="0" total="851968" percent="0" />
    </mem>
    <mem type="tenure" free="4704400" total="6291456" percent="74">
      <mem type="soa" free="4390032" total="5977088" percent="73" />
      <mem type="loa" free="314368" total="314368" percent="100" />
    </mem>
    <remembered-set count="582" />
  </mem-info>
</gc-start>
<allocation-stats totalBytes="1148840" >
  <allocated-bytes non-tlh="19824" tlh="1129016" />
  <largest-consumer threadName="main" threadId="0000000001409700" bytes="1148840" />
</allocation-stats>
<gc-op id="115" type="scavenge" timems="0.351" contextid="112" timestamp="2019-07-02T19:17:49.609">
  <scavenger-info tenureage="5" tenuremask="ffe0" tiltratio="59" />
  <memory-copied type="nursery" objects="1120" bytes="117040" bytesdiscarded="33664" />
  <finalization candidates="1" enqueued="0" />
  <references type="soft" candidates="1" cleared="0" enqueued="0" dynamicThreshold="32" maxThreshold="32" />
  <references type="weak" candidates="9" cleared="7" enqueued="7" />
  <references type="phantom" candidates="4" cleared="1" enqueued="1" />
</gc-op>
<gc-end id="116" type="scavenge" contextid="112" durationms="0.531" usertimems="4.000" systemtimems="0.000" timestamp="2019-07-02T19:17:49.609" activeThreads="4">
  <mem-info id="117" free="5929936" total="8388608" percent="70">
    <mem type="nursery" free="1225536" total="2097152" percent="58">
      <mem type="allocate" free="1225536" total="1376256" percent="89" />
      <mem type="survivor" free="0" total="720896" percent="0" />
    </mem>
    <mem type="tenure" free="4704400" total="6291456" percent="74">
      <mem type="soa" free="4390032" total="5977088" percent="73" />
      <mem type="loa" free="314368" total="314368" percent="100" />
    </mem>
    <pending-finalizers system="0" default="0" reference="8" classloader="0" />
    <remembered-set count="539" />
  </mem-info>
</gc-end>
<cycle-end id="118" type="scavenge" contextid="112" timestamp="2019-07-02T19:17:49.609">
  <attribute name="GC Util" value="2" />
  <attribute name="CPU Util" value="106" />
  <attribute name="Time Running"value="370"/>
  <attribute name="Number of cores"value="4"/>
</cycle-end>
<allocation-satisfied id="119" threadId="0000000001409700" bytesRequested="40632" />
<af-end id="120" timestamp="2019-07-02T19:17:49.609" threadId="000000000140A088" success="true" from="nursery"/>
<exclusive-end id="121" timestamp="2019-07-02T19:17:49.610" durationms="0.950" />

<exclusive-start id="122" timestamp="2019-07-02T19:17:49.637" intervalms="28.535">
  <response-info timems="0.040" idlems="0.040" threads="0" lastid="0000000001409700" lastname="main" />
</exclusive-start>
<af-start id="123" threadId="000000000140A088" totalBytesRequested="56" timestamp="2019-07-02T19:17:49.637" intervalms="28.542" type="nursery" />
<cycle-start id="124" type="scavenge" contextid="0" timestamp="2019-07-02T19:17:49.637" intervalms="28.547" />
  <attribute name="GC Util" value="2" />
  <attribute name="CPU Util" value="106" />
  <attribute name="Time Running"value="370"/>
  <attribute name="Number of cores"value="4"/>
<gc-start id="125" type="scavenge" contextid="124" timestamp="2019-07-02T19:17:49.637">
  <mem-info id="126" free="4680192" total="8388608" percent="55">
    <mem type="nursery" free="0" total="2097152" percent="0">
      <mem type="allocate" free="0" total="1376256" percent="0" />
      <mem type="survivor" free="0" total="720896" percent="0" />
    </mem>
    <mem type="tenure" free="4680192" total="6291456" percent="74">
      <mem type="soa" free="4365824" total="5977088" percent="73" />
      <mem type="loa" free="314368" total="314368" percent="100" />
    </mem>
    <remembered-set count="773" />
  </mem-info>
</gc-start>
<allocation-stats totalBytes="1248592" >
  <allocated-bytes non-tlh="64840" tlh="1183752" />
  <largest-consumer threadName="main" threadId="0000000001409700" bytes="1244496" />
</allocation-stats>
<gc-op id="127" type="scavenge" timems="0.388" contextid="124" timestamp="2019-07-02T19:17:49.638">
  <scavenger-info tenureage="4" tenuremask="fff0" tiltratio="65" />
  <memory-copied type="nursery" objects="1187" bytes="44016" bytesdiscarded="34296" />
  <memory-copied type="tenure" objects="84" bytes="2536" bytesdiscarded="0" />
  <finalization candidates="1" enqueued="0" />
  <references type="soft" candidates="1" cleared="0" enqueued="0" dynamicThreshold="32" maxThreshold="32" />
  <references type="weak" candidates="4" cleared="3" enqueued="3" />
  <references type="phantom" candidates="2" cleared="0" enqueued="0" />
</gc-op>
<gc-end id="128" type="scavenge" contextid="124" durationms="0.578" usertimems="4.000" systemtimems="0.000" timestamp="2019-07-02T19:17:49.638" activeThreads="4">
  <mem-info id="129" free="6109184" total="8388608" percent="72">
    <mem type="nursery" free="1428992" total="2097152" percent="68">
      <mem type="allocate" free="1428992" total="1507328" percent="94" />
      <mem type="survivor" free="0" total="589824" percent="0" />
    </mem>
    <mem type="tenure" free="4680192" total="6291456" percent="74">
      <mem type="soa" free="4365824" total="5977088" percent="73" />
      <mem type="loa" free="314368" total="314368" percent="100" />
    </mem>
    <pending-finalizers system="0" default="0" reference="3" classloader="0" />
    <remembered-set count="562" />
  </mem-info>
</gc-end>
<cycle-end id="130" type="scavenge" contextid="124" timestamp="2019-07-02T19:17:49.638">
  <attribute name="GC Util" value="2" />
  <attribute name="CPU Util" value="127" />
  <attribute name="Time Running"value="398"/>
  <attribute name="Number of cores"value="4"/>
</cycle-end>
<allocation-satisfied id="131" threadId="0000000001409700" bytesRequested="56" />
<af-end id="132" timestamp="2019-07-02T19:17:49.638" threadId="000000000140A088" success="true" from="nursery"/>
<exclusive-end id="133" timestamp="2019-07-02T19:17:49.638" durationms="1.011" />

<exclusive-start id="134" timestamp="2019-07-02T19:17:49.676" intervalms="39.385">
  <response-info timems="0.023" idlems="0.023" threads="0" lastid="0000000001409700" lastname="main" />
</exclusive-start>
<af-start id="135" threadId="000000000140A088" totalBytesRequested="22360" timestamp="2019-07-02T19:17:49.677" intervalms="39.385" type="nursery" />
<cycle-start id="136" type="scavenge" contextid="0" timestamp="2019-07-02T19:17:49.677" intervalms="39.382" />
  <attribute name="GC Util" value="2" />
  <attribute name="CPU Util" value="127" />
  <attribute name="Time Running"value="398"/>
  <attribute name="Number of cores"value="4"/>
<gc-start id="137" type="scavenge" contextid="136" timestamp="2019-07-02T19:17:49.677">
  <mem-info id="138" free="4648048" total="8388608" percent="55">
    <mem type="nursery" free="0" total="2097152" percent="0">
      <mem type="allocate" free="0" total="1507328" percent="0" />
      <mem type="survivor" free="0" total="589824" percent="0" />
    </mem>
    <mem type="tenure" free="4648048" total="6291456" percent="73">
      <mem type="soa" free="4333680" total="5977088" percent="72" />
      <mem type="loa" free="314368" total="314368" percent="100" />
    </mem>
    <remembered-set count="950" />
  </mem-info>
</gc-start>
<allocation-stats totalBytes="1422184" >
  <allocated-bytes non-tlh="32200" tlh="1389984" />
  <largest-consumer threadName="main" threadId="0000000001409700" bytes="1422184" />
</allocation-stats>
<gc-op id="139" type="scavenge" timems="0.455" contextid="136" timestamp="2019-07-02T19:17:49.677">
  <scavenger-info tenureage="3" tenuremask="ffd8" tiltratio="71" />
  <memory-copied type="nursery" objects="1377" bytes="136432" bytesdiscarded="15536" />
  <memory-copied type="tenure" objects="260" bytes="8360" bytesdiscarded="0" />
  <finalization candidates="1" enqueued="0" />
  <references type="soft" candidates="1" cleared="0" enqueued="0" dynamicThreshold="32" maxThreshold="32" />
  <references type="weak" candidates="13" cleared="12" enqueued="12" />
  <references type="phantom" candidates="3" cleared="0" enqueued="0" />
</gc-op>
<gc-end id="140" type="scavenge" contextid="136" durationms="0.643" usertimems="0.000" systemtimems="4.000" timestamp="2019-07-02T19:17:49.677" activeThreads="4">
  <mem-info id="141" free="6068832" total="8388608" percent="72">
    <mem type="nursery" free="1420784" total="2097152" percent="67">
      <mem type="allocate" free="1420784" total="1572864" percent="90" />
      <mem type="survivor" free="0" total="524288" percent="0" />
    </mem>
    <mem type="tenure" free="4648048" total="6291456" percent="73">
      <mem type="soa" free="4333680" total="5977088" percent="72" />
      <mem type="loa" free="314368" total="314368" percent="100" />
    </mem>
    <pending-finalizers system="0" default="0" reference="12" classloader="0" />
    <remembered-set count="753" />
  </mem-info>
</gc-end>
<cycle-end id="142" type="scavenge" contextid="136" timestamp="2019-07-02T19:17:49.677">
  <attribute name="GC Util" value="1" />
  <attribute name="CPU Util" value="141" />
  <attribute name="Time Running"value="438"/>
  <attribute name="Number of cores"value="4"/>
</cycle-end>
<allocation-satisfied id="143" threadId="0000000001409700" bytesRequested="22360" />
<af-end id="144" timestamp="2019-07-02T19:17:49.678" threadId="000000000140A088" success="true" from="nursery"/>
<exclusive-end id="145" timestamp="2019-07-02T19:17:49.678" durationms="1.086" />

<exclusive-start id="146" timestamp="2019-07-02T19:17:49.709" intervalms="32.382">
  <response-info timems="0.021" idlems="0.021" threads="0" lastid="0000000001409700" lastname="main" />
</exclusive-start>
<af-start id="147" threadId="000000000140A088" totalBytesRequested="152" timestamp="2019-07-02T19:17:49.709" intervalms="32.389" type="nursery" />
<cycle-start id="148" type="scavenge" contextid="0" timestamp="2019-07-02T19:17:49.709" intervalms="32.801" />
  <attribute name="GC Util" value="1" />
  <attribute name="CPU Util" value="141" />
  <attribute name="Time Running"value="438"/>
  <attribute name="Number of cores"value="4"/>
<gc-start id="149" type="scavenge" contextid="148" timestamp="2019-07-02T19:17:49.710">
  <mem-info id="150" free="4626304" total="8388608" percent="55">
    <mem type="nursery" free="0" total="2097152" percent="0">
      <mem type="allocate" free="0" total="1572864" percent="0" />
      <mem type="survivor" free="0" total="524288" percent="0" />
    </mem>
    <mem type="tenure" free="4626304" total="6291456" percent="73">
      <mem type="soa" free="4311936" total="5977088" percent="72" />
      <mem type="loa" free="314368" total="314368" percent="100" />
    </mem>
    <remembered-set count="1021" />
  </mem-info>
</gc-start>
<allocation-stats totalBytes="1440592" >
  <allocated-bytes non-tlh="109648" tlh="1330944" />
  <largest-consumer threadName="main" threadId="0000000001409700" bytes="1440592" />
</allocation-stats>
<gc-op id="151" type="scavenge" timems="0.500" contextid="148" timestamp="2019-07-02T19:17:49.710">
  <scavenger-info tenureage="6" tenuremask="ffc0" tiltratio="75" />
  <memory-copied type="nursery" objects="1801" bytes="216040" bytesdiscarded="32416" />
  <finalization candidates="2" enqueued="0" />
  <references type="soft" candidates="9" cleared="0" enqueued="0" dynamicThreshold="32" maxThreshold="32" />
  <references type="weak" candidates="11" cleared="9" enqueued="9" />
  <references type="phantom" candidates="4" cleared="0" enqueued="0" />
</gc-op>
<gc-end id="152" type="scavenge" contextid="148" durationms="0.687" usertimems="0.000" systemtimems="0.000" timestamp="2019-07-02T19:17:49.710" activeThreads="4">
  <mem-info id="153" free="5950576" total="8388608" percent="70">
    <mem type="nursery" free="1324272" total="2097152" percent="63">
      <mem type="allocate" free="1324272" total="1572864" percent="84" />
      <mem type="survivor" free="0" total="524288" percent="0" />
    </mem>
    <mem type="tenure" free="4626304" total="6291456" percent="73">
      <mem type="soa" free="4311936" total="5977088" percent="72" />
      <mem type="loa" free="314368" total="314368" percent="100" />
    </mem>
    <pending-finalizers system="0" default="0" reference="9" classloader="0" />
    <remembered-set count="867" />
  </mem-info>
</gc-end>
<cycle-end id="154" type="scavenge" contextid="148" timestamp="2019-07-02T19:17:49.710">
  <attribute name="GC Util" value="2" />
  <attribute name="CPU Util" value="106" />
  <attribute name="Time Running"value="471"/>
  <attribute name="Number of cores"value="4"/>
</cycle-end>
<allocation-satisfied id="155" threadId="0000000001409700" bytesRequested="152" />
<af-end id="156" timestamp="2019-07-02T19:17:49.710" threadId="000000000140A088" success="true" from="nursery"/>
<exclusive-end id="157" timestamp="2019-07-02T19:17:49.710" durationms="1.556" />

<exclusive-start id="158" timestamp="2019-07-02T19:17:49.763" intervalms="54.475">
  <response-info timems="0.027" idlems="0.027" threads="0" lastid="0000000001409700" lastname="main" />
</exclusive-start>
<af-start id="159" threadId="000000000140A088" totalBytesRequested="2008" timestamp="2019-07-02T19:17:49.763" intervalms="54.525" type="nursery" />
<cycle-start id="160" type="scavenge" contextid="0" timestamp="2019-07-02T19:17:49.764" intervalms="54.151" />
  <attribute name="GC Util" value="2" />
  <attribute name="CPU Util" value="106" />
  <attribute name="Time Running"value="471"/>
  <attribute name="Number of cores"value="4"/>
<gc-start id="161" type="scavenge" contextid="160" timestamp="2019-07-02T19:17:49.764">
  <mem-info id="162" free="4615376" total="8388608" percent="55">
    <mem type="nursery" free="0" total="2097152" percent="0">
      <mem type="allocate" free="0" total="1572864" percent="0" />
      <mem type="survivor" free="0" total="524288" percent="0" />
    </mem>
    <mem type="tenure" free="4615376" total="6291456" percent="73">
      <mem type="soa" free="4301008" total="5977088" percent="71" />
      <mem type="loa" free="314368" total="314368" percent="100" />
    </mem>
    <remembered-set count="1066" />
  </mem-info>
</gc-start>
<allocation-stats totalBytes="1331936" >
  <allocated-bytes non-tlh="11080" tlh="1320856" />
  <largest-consumer threadName="main" threadId="0000000001409700" bytes="1331936" />
</allocation-stats>
<gc-op id="163" type="scavenge" timems="0.866" contextid="160" timestamp="2019-07-02T19:17:49.765">
  <scavenger-info tenureage="3" tenuremask="fff8" tiltratio="75" />
  <memory-copied type="nursery" objects="4092" bytes="331960" bytesdiscarded="33872" />
  <memory-copied type="tenure" objects="836" bytes="30784" bytesdiscarded="8" />
  <finalization candidates="2" enqueued="0" />
  <references type="soft" candidates="45" cleared="0" enqueued="0" dynamicThreshold="32" maxThreshold="32" />
  <references type="weak" candidates="2" cleared="1" enqueued="1" />
  <references type="phantom" candidates="2" cleared="0" enqueued="0" />
</gc-op>
<gc-end id="164" type="scavenge" contextid="160" durationms="1.237" usertimems="0.000" systemtimems="4.000" timestamp="2019-07-02T19:17:49.765" activeThreads="4">
  <mem-info id="165" free="5782976" total="8388608" percent="68">
    <mem type="nursery" free="1206768" total="2097152" percent="57">
      <mem type="allocate" free="1206768" total="1572864" percent="76" />
      <mem type="survivor" free="0" total="524288" percent="0" />
    </mem>
    <mem type="tenure" free="4576208" total="6291456" percent="72">
      <mem type="soa" free="4261840" total="5977088" percent="71" />
      <mem type="loa" free="314368" total="314368" percent="100" />
    </mem>
    <pending-finalizers system="0" default="0" reference="1" classloader="0" />
    <remembered-set count="651" />
  </mem-info>
</gc-end>
<cycle-end id="166" type="scavenge" contextid="160" timestamp="2019-07-02T19:17:49.765">
  <attribute name="GC Util" value="1" />
  <attribute name="CPU Util" value="154" />
  <attribute name="Time Running"value="525"/>
  <attribute name="Number of cores"value="4"/>
</cycle-end>
<allocation-satisfied id="167" threadId="0000000001409700" bytesRequested="2008" />
<af-end id="168" timestamp="2019-07-02T19:17:49.765" threadId="000000000140A088" success="true" from="nursery"/>
<exclusive-end id="169" timestamp="2019-07-02T19:17:49.765" durationms="1.935" />

<exclusive-start id="170" timestamp="2019-07-02T19:17:49.811" intervalms="47.679">
  <response-info timems="0.064" idlems="0.064" threads="0" lastid="0000000001409700" lastname="main" />
</exclusive-start>
<af-start id="171" threadId="000000000140A088" totalBytesRequested="824" timestamp="2019-07-02T19:17:49.811" intervalms="47.666" type="nursery" />
<cycle-start id="172" type="scavenge" contextid="0" timestamp="2019-07-02T19:17:49.811" intervalms="47.668" />
  <attribute name="GC Util" value="1" />
  <attribute name="CPU Util" value="154" />
  <attribute name="Time Running"value="525"/>
  <attribute name="Number of cores"value="4"/>
<gc-start id="173" type="scavenge" contextid="172" timestamp="2019-07-02T19:17:49.811">
  <mem-info id="174" free="4573800" total="8388608" percent="54">
    <mem type="nursery" free="0" total="2097152" percent="0">
      <mem type="allocate" free="0" total="1572864" percent="0" />
      <mem type="survivor" free="0" total="524288" percent="0" />
    </mem>
    <mem type="tenure" free="4573800" total="6291456" percent="72">
      <mem type="soa" free="4259432" total="5977088" percent="71" />
      <mem type="loa" free="314368" total="314368" percent="100" />
    </mem>
    <remembered-set count="695" />
  </mem-info>
</gc-start>
<allocation-stats totalBytes="1205952" >
  <allocated-bytes non-tlh="4416" tlh="1201536" />
  <largest-consumer threadName="main" threadId="0000000001409700" bytes="1205952" />
</allocation-stats>
<gc-op id="175" type="scavenge" timems="0.830" contextid="172" timestamp="2019-07-02T19:17:49.812">
  <scavenger-info tenureage="3" tenuremask="ffc8" tiltratio="75" />
  <memory-copied type="nursery" objects="7092" bytes="391480" bytesdiscarded="48608" />
  <memory-copied type="tenure" objects="441" bytes="101376" bytesdiscarded="0" />
  <finalization candidates="1" enqueued="0" />
  <references type="soft" candidates="56" cleared="0" enqueued="0" dynamicThreshold="32" maxThreshold="32" />
  <references type="weak" candidates="2" cleared="1" enqueued="1" />
  <references type="phantom" candidates="1" cleared="0" enqueued="0" />
</gc-op>
<gc-end id="176" type="scavenge" contextid="172" durationms="1.135" usertimems="4.000" systemtimems="0.000" timestamp="2019-07-02T19:17:49.812" activeThreads="4">
  <mem-info id="177" free="5640792" total="8388608" percent="67">
    <mem type="nursery" free="1132536" total="2097152" percent="54">
      <mem type="allocate" free="1132536" total="1572864" percent="72" />
      <mem type="survivor" free="0" total="524288" percent="0" />
    </mem>
    <mem type="tenure" free="4508256" total="6291456" percent="71">
      <mem type="soa" free="4193888" total="5977088" percent="70" />
      <mem type="loa" free="314368" total="314368" percent="100" />
    </mem>
    <pending-finalizers system="0" default="0" reference="1" classloader="0" />
    <remembered-set count="427" />
  </mem-info>
</gc-end>
<cycle-end id="178" type="scavenge" contextid="172" timestamp="2019-07-02T19:17:49.813">
  <attribute name="GC Util" value="2" />
  <attribute name="CPU Util" value="173" />
  <attribute name="Time Running"value="573"/>
  <attribute name="Number of cores"value="4"/>
</cycle-end>
<allocation-satisfied id="179" threadId="0000000001409700" bytesRequested="824" />
<af-end id="180" timestamp="2019-07-02T19:17:49.813" threadId="000000000140A088" success="true" from="nursery"/>
<exclusive-end id="181" timestamp="2019-07-02T19:17:49.813" durationms="1.774" />

<exclusive-start id="182" timestamp="2019-07-02T19:17:49.831" intervalms="19.888">
  <response-info timems="0.046" idlems="0.046" threads="0" lastid="0000000001409700" lastname="main" />
</exclusive-start>
<sys-start reason="explicit" id="183" timestamp="2019-07-02T19:17:49.831" intervalms="710.453" />
<cycle-start id="184" type="global" contextid="0" timestamp="2019-07-02T19:17:49.831" intervalms="710.632" />
  <attribute name="GC Util" value="2" />
  <attribute name="CPU Util" value="173" />
  <attribute name="Time Running"value="573"/>
  <attribute name="Number of cores"value="4"/>
<gc-start id="185" type="global" contextid="184" timestamp="2019-07-02T19:17:49.831">
  <mem-info id="186" free="5050584" total="8388608" percent="60">
    <mem type="nursery" free="545984" total="2097152" percent="26">
      <mem type="allocate" free="545984" total="1572864" percent="34" />
      <mem type="survivor" free="0" total="524288" percent="0" />
    </mem>
    <mem type="tenure" free="4504600" total="6291456" percent="71">
      <mem type="soa" free="4190232" total="5977088" percent="70" />
      <mem type="loa" free="314368" total="314368" percent="100" />
    </mem>
    <remembered-set count="493" />
  </mem-info>
</gc-start>
<allocation-stats totalBytes="587736" >
  <allocated-bytes non-tlh="4480" tlh="583256" />
  <largest-consumer threadName="main" threadId="0000000001409700" bytes="571304" />
</allocation-stats>
<gc-op id="187" type="mark" timems="1.769" contextid="184" timestamp="2019-07-02T19:17:49.833">
  <trace-info objectcount="29311" scancount="23718" scanbytes="867460" />
  <finalization candidates="20" enqueued="0" />
  <references type="soft" candidates="133" cleared="0" enqueued="0" dynamicThreshold="32" maxThreshold="32" />
  <references type="weak" candidates="183" cleared="31" enqueued="22" />
  <references type="phantom" candidates="60" cleared="2" enqueued="2" />
  <stringconstants candidates="3521" cleared="22"  />
</gc-op>
<gc-op id="188" type="classunload" timems="0.099" contextid="184" timestamp="2019-07-02T19:17:49.833">
  <classunload-info classloadercandidates="19" classloadersunloaded="0" classesunloaded="0" anonymousclassesunloaded="0" quiescems="0.000" setupms="0.098" scanms="0.001" postms="0.000" />
</gc-op>
<gc-op id="189" type="sweep" timems="0.429" contextid="184" timestamp="2019-07-02T19:17:49.834" />
<gc-end id="190" type="global" contextid="184" durationms="2.739" usertimems="0.000" systemtimems="0.000" timestamp="2019-07-02T19:17:49.834" activeThreads="4">
  <mem-info id="191" free="5862216" total="8388608" percent="69">
    <mem type="nursery" free="1119256" total="2097152" percent="53">
      <mem type="allocate" free="1119256" total="1572864" percent="71" />
      <mem type="survivor" free="0" total="524288" percent="0" />
    </mem>
    <mem type="tenure" free="4742960" total="6291456" percent="75" micro-fragmented="4109" macro-fragmented="0">
      <mem type="soa" free="4428592" total="5977088" percent="74" />
      <mem type="loa" free="314368" total="314368" percent="100" />
    </mem>
    <pending-finalizers system="0" default="0" reference="24" classloader="0" />
    <remembered-set count="405" />
  </mem-info>
</gc-end>
<cycle-end id="192" type="global" contextid="184" timestamp="2019-07-02T19:17:49.834">
  <attribute name="GC Util" value="74" />
  <attribute name="CPU Util" value="8905202508043" />
  <attribute name="Time Running"value="594"/>
  <attribute name="Number of cores"value="4"/>
</cycle-end>
<sys-end id="193" timestamp="2019-07-02T19:17:49.834" />
<exclusive-end id="194" timestamp="2019-07-02T19:17:49.834" durationms="3.345" />

<exclusive-start id="195" timestamp="2019-07-02T19:17:49.851" intervalms="19.771">
  <response-info timems="0.042" idlems="0.023" threads="1" lastid="000000000173EE00" lastname="Thread-4" />
</exclusive-start>
<af-start id="196" threadId="000000000173BB88" totalBytesRequested="12848" timestamp="2019-07-02T19:17:49.851" intervalms="39.626" type="nursery" />
<cycle-start id="197" type="scavenge" contextid="0" timestamp="2019-07-02T19:17:49.851" intervalms="39.588" />
  <attribute name="GC Util" value="74" />
  <attribute name="CPU Util" value="8905202508043" />
  <attribute name="Time Running"value="594"/>
  <attribute name="Number of cores"value="4"/>
<gc-start id="198" type="scavenge" contextid="197" timestamp="2019-07-02T19:17:49.851">
  <mem-info id="199" free="4735064" total="8388608" percent="56">
    <mem type="nursery" free="0" total="2097152" percent="0">
      <mem type="allocate" free="0" total="1572864" percent="0" />
      <mem type="survivor" free="0" total="524288" percent="0" />
    </mem>
    <mem type="tenure" free="4735064" total="6291456" percent="75">
      <mem type="soa" free="4420696" total="5977088" percent="73" />
      <mem type="loa" free="314368" total="314368" percent="100" />
    </mem>
    <remembered-set count="523" />
  </mem-info>
</gc-start>
<allocation-stats totalBytes="1081496" >
  <allocated-bytes non-tlh="452912" tlh="628584" />
  <largest-consumer threadName="Thread-3" threadId="000000000173B200" bytes="461008" />
</allocation-stats>
<gc-op id="200" type="scavenge" timems="5.172" contextid="197" timestamp="2019-07-02T19:17:49.856">
  <scavenger-info tenureage="3" tenuremask="ffe8" tiltratio="75" />
  <memory-copied type="nursery" objects="9460" bytes="476656" bytesdiscarded="47224" />
  <memory-copied type="tenure" objects="406" bytes="79752" bytesdiscarded="0" />
  <copy-failed type="nursery" objects="9" bytes="392" />
  <finalization candidates="3" enqueued="1" />
  <references type="soft" candidates="55" cleared="0" enqueued="0" dynamicThreshold="24" maxThreshold="32" />
  <references type="weak" candidates="20" cleared="5" enqueued="5" />
  <references type="phantom" candidates="13" cleared="0" enqueued="0" />
</gc-op>
<heap-resize id="201" type="expand" space="nursery" amount="131072" count="1" timems="0.261" reason="excessive time being spent scavenging" timestamp="2019-07-02T19:17:49.857" />
<gc-end id="202" type="scavenge" contextid="197" durationms="6.027" usertimems="0.000" systemtimems="4.000" timestamp="2019-07-02T19:17:49.857" activeThreads="4">
  <mem-info id="203" free="5580032" total="8519680" percent="65">
    <mem type="nursery" free="983040" total="2228224" percent="44">
      <mem type="allocate" free="983040" total="1507328" percent="65" />
      <mem type="survivor" free="0" total="720896" percent="0" />
    </mem>
    <mem type="tenure" free="4596992" total="6291456" percent="73">
      <mem type="soa" free="4282624" total="5977088" percent="71" />
      <mem type="loa" free="314368" total="314368" percent="100" />
    </mem>
    <pending-finalizers system="1" default="0" reference="5" classloader="0" />
    <remembered-set count="322" />
  </mem-info>
</gc-end>
<cycle-end id="204" type="scavenge" contextid="197" timestamp="2019-07-02T19:17:49.857">
  <attribute name="GC Util" value="9" />
  <attribute name="CPU Util" value="103" />
  <attribute name="Time Running"value="612"/>
  <attribute name="Number of cores"value="4"/>
</cycle-end>
<allocation-satisfied id="205" threadId="000000000173B200" bytesRequested="12848" />
<af-end id="206" timestamp="2019-07-02T19:17:49.857" threadId="000000000173BB88" success="true" from="nursery"/>
<exclusive-end id="207" timestamp="2019-07-02T19:17:49.857" durationms="6.753" />

<exclusive-start id="208" timestamp="2019-07-02T19:17:49.865" intervalms="14.172">
  <response-info timems="0.022" idlems="0.022" threads="0" lastid="0000000001746500" lastname="Thread-6" />
</exclusive-start>
<af-start id="209" threadId="0000000001746E88" totalBytesRequested="3080" timestamp="2019-07-02T19:17:49.865" intervalms="14.156" type="nursery" />
<cycle-start id="210" type="scavenge" contextid="0" timestamp="2019-07-02T19:17:49.865" intervalms="14.197" />
  <attribute name="GC Util" value="9" />
  <attribute name="CPU Util" value="103" />
  <attribute name="Time Running"value="612"/>
  <attribute name="Number of cores"value="4"/>
<gc-start id="211" type="scavenge" contextid="210" timestamp="2019-07-02T19:17:49.865">
  <mem-info id="212" free="4592944" total="8519680" percent="53">
    <mem type="nursery" free="0" total="2228224" percent="0">
      <mem type="allocate" free="0" total="1507328" percent="0" />
      <mem type="survivor" free="0" total="720896" percent="0" />
    </mem>
    <mem type="tenure" free="4592944" total="6291456" percent="73">
      <mem type="soa" free="4278576" total="5977088" percent="71" />
      <mem type="loa" free="314368" total="314368" percent="100" />
    </mem>
    <remembered-set count="363" />
  </mem-info>
</gc-start>
<allocation-stats totalBytes="903608" >
  <allocated-bytes non-tlh="114496" tlh="789112" />
  <largest-consumer threadName="Thread-3" threadId="000000000173B200" bytes="468656" />
</allocation-stats>
<gc-op id="213" type="scavenge" timems="1.197" contextid="210" timestamp="2019-07-02T19:17:49.867">
  <scavenger-info tenureage="5" tenuremask="ffe0" tiltratio="67" />
  <memory-copied type="nursery" objects="3865" bytes="709816" bytesdiscarded="10720" />
  <memory-copied type="tenure" objects="5821" bytes="239016" bytesdiscarded="464" />
  <copy-failed type="nursery" objects="5821" bytes="239112" />
  <finalization candidates="1" enqueued="0" />
  <references type="soft" candidates="14" cleared="0" enqueued="0" dynamicThreshold="24" maxThreshold="32" />
  <references type="weak" candidates="15" cleared="0" enqueued="0" />
  <references type="phantom" candidates="17" cleared="0" enqueued="0" />
</gc-op>
<heap-resize id="214" type="expand" space="nursery" amount="131072" count="1" timems="0.022" reason="excessive time being spent scavenging" timestamp="2019-07-02T19:17:49.867" />
<gc-end id="215" type="scavenge" contextid="210" durationms="1.627" usertimems="4.000" systemtimems="0.000" timestamp="2019-07-02T19:17:49.867" activeThreads="4">
  <mem-info id="216" free="4745240" total="8650752" percent="54">
    <mem type="nursery" free="458752" total="2359296" percent="19">
      <mem type="allocate" free="458752" total="1179648" percent="38" />
      <mem type="survivor" free="0" total="1179648" percent="0" />
    </mem>
    <mem type="tenure" free="4286488" total="6291456" percent="68">
      <mem type="soa" free="3972120" total="5977088" percent="66" />
      <mem type="loa" free="314368" total="314368" percent="100" />
    </mem>
    <remembered-set count="1389" />
  </mem-info>
</gc-end>
<cycle-end id="217" type="scavenge" contextid="210" timestamp="2019-07-02T19:17:49.867">
  <attribute name="GC Util" value="38" />
  <attribute name="CPU Util" value="1294896370490" />
  <attribute name="Time Running"value="626"/>
  <attribute name="Number of cores"value="4"/>
</cycle-end>
<allocation-satisfied id="218" threadId="0000000001746500" bytesRequested="3080" />
<af-end id="219" timestamp="2019-07-02T19:17:49.867" threadId="0000000001746E88" success="true" from="nursery"/>
<exclusive-end id="220" timestamp="2019-07-02T19:17:49.867" durationms="2.117" />

<exclusive-start id="221" timestamp="2019-07-02T19:17:49.876" intervalms="10.780">
  <response-info timems="0.021" idlems="0.021" threads="0" lastid="0000000001742A00" lastname="Thread-5" />
</exclusive-start>
<af-start id="222" threadId="0000000001743388" totalBytesRequested="520" timestamp="2019-07-02T19:17:49.876" intervalms="10.802" type="nursery" />
<cycle-start id="223" type="scavenge" contextid="0" timestamp="2019-07-02T19:17:49.876" intervalms="10.783" />
  <attribute name="GC Util" value="38" />
  <attribute name="CPU Util" value="1294896370490" />
  <attribute name="Time Running"value="626"/>
  <attribute name="Number of cores"value="4"/>
<gc-start id="224" type="scavenge" contextid="223" timestamp="2019-07-02T19:17:49.876">
  <mem-info id="225" free="4280416" total="8650752" percent="49">
    <mem type="nursery" free="0" total="2359296" percent="0">
      <mem type="allocate" free="0" total="1179648" percent="0" />
      <mem type="survivor" free="0" total="1179648" percent="0" />
    </mem>
    <mem type="tenure" free="4280416" total="6291456" percent="68">
      <mem type="soa" free="3966048" total="5977088" percent="66" />
      <mem type="loa" free="314368" total="314368" percent="100" />
    </mem>
    <remembered-set count="1497" />
  </mem-info>
</gc-start>
<allocation-stats totalBytes="462576" >
  <allocated-bytes non-tlh="54616" tlh="407960" />
  <largest-consumer threadName="Thread-5" threadId="0000000001742A00" bytes="324352" />
</allocation-stats>
<gc-op id="226" type="scavenge" timems="0.686" contextid="223" timestamp="2019-07-02T19:17:49.877">
  <scavenger-info tenureage="3" tenuremask="fff8" tiltratio="50" />
  <memory-copied type="nursery" objects="1491" bytes="690280" bytesdiscarded="35616" />
  <memory-copied type="tenure" objects="2901" bytes="133888" bytesdiscarded="120" />
  <finalization candidates="1" enqueued="0" />
  <references type="soft" candidates="5" cleared="0" enqueued="0" dynamicThreshold="24" maxThreshold="32" />
  <references type="weak" candidates="15" cleared="1" enqueued="1" />
  <references type="phantom" candidates="16" cleared="0" enqueued="0" />
</gc-op>
<gc-end id="227" type="scavenge" contextid="223" durationms="0.929" usertimems="4.000" systemtimems="0.000" timestamp="2019-07-02T19:17:49.877" activeThreads="4">
  <mem-info id="228" free="4577280" total="8650752" percent="52">
    <mem type="nursery" free="453536" total="2359296" percent="19">
      <mem type="allocate" free="453536" total="1179648" percent="38" />
      <mem type="survivor" free="0" total="1179648" percent="0" />
    </mem>
    <mem type="tenure" free="4123744" total="6291456" percent="65">
      <mem type="soa" free="3809376" total="5977088" percent="63" />
      <mem type="loa" free="314368" total="314368" percent="100" />
    </mem>
    <pending-finalizers system="0" default="0" reference="1" classloader="0" />
    <remembered-set count="1474" />
  </mem-info>
</gc-end>
<cycle-end id="229" type="scavenge" contextid="223" timestamp="2019-07-02T19:17:49.877">
  <attribute name="GC Util" value="15" />
  <attribute name="CPU Util" value="1715660032585" />
  <attribute name="Time Running"value="637"/>
  <attribute name="Number of cores"value="4"/>
</cycle-end>
<allocation-satisfied id="230" threadId="0000000001742A00" bytesRequested="520" />
<af-end id="231" timestamp="2019-07-02T19:17:49.877" threadId="0000000001743388" success="true" from="nursery"/>
<exclusive-end id="232" timestamp="2019-07-02T19:17:49.877" durationms="1.457" />

<exclusive-start id="233" timestamp="2019-07-02T19:17:49.885" intervalms="9.467">
  <response-info timems="0.140" idlems="0.140" threads="0" lastid="000000000173EE00" lastname="Thread-4" />
</exclusive-start>
<af-start id="234" threadId="000000000173F788" totalBytesRequested="72" timestamp="2019-07-02T19:17:49.885" intervalms="9.454" type="nursery" />
<cycle-start id="235" type="scavenge" contextid="0" timestamp="2019-07-02T19:17:49.885" intervalms="9.445" />
  <attribute name="GC Util" value="15" />
  <attribute name="CPU Util" value="1715660032585" />
  <attribute name="Time Running"value="637"/>
  <attribute name="Number of cores"value="4"/>
<gc-start id="236" type="scavenge" contextid="235" timestamp="2019-07-02T19:17:49.885">
  <mem-info id="237" free="4110768" total="8650752" percent="47">
    <mem type="nursery" free="0" total="2359296" percent="0">
      <mem type="allocate" free="0" total="1179648" percent="0" />
      <mem type="survivor" free="0" total="1179648" percent="0" />
    </mem>
    <mem type="tenure" free="4110768" total="6291456" percent="65">
      <mem type="soa" free="3796400" total="5977088" percent="63" />
      <mem type="loa" free="314368" total="314368" percent="100" />
    </mem>
    <remembered-set count="1706" />
  </mem-info>
</gc-start>
<allocation-stats totalBytes="463200" >
  <allocated-bytes non-tlh="13496" tlh="449704" />
  <largest-consumer threadName="Thread-6" threadId="0000000001746500" bytes="215384" />
</allocation-stats>
<gc-op id="238" type="scavenge" timems="0.578" contextid="235" timestamp="2019-07-02T19:17:49.886">
  <scavenger-info tenureage="3" tenuremask="ffc8" tiltratio="50" />
  <memory-copied type="nursery" objects="1646" bytes="686464" bytesdiscarded="120952" />
  <memory-copied type="tenure" objects="692" bytes="97704" bytesdiscarded="56" />
  <finalization candidates="5" enqueued="0" />
  <references type="soft" candidates="16" cleared="0" enqueued="0" dynamicThreshold="24" maxThreshold="32" />
  <references type="weak" candidates="94" cleared="26" enqueued="15" />
  <references type="phantom" candidates="4" cleared="0" enqueued="0" />
</gc-op>
<gc-end id="239" type="scavenge" contextid="235" durationms="0.761" usertimems="4.000" systemtimems="0.000" timestamp="2019-07-02T19:17:49.886" activeThreads="4">
  <mem-info id="240" free="4295976" total="8650752" percent="49">
    <mem type="nursery" free="372096" total="2359296" percent="15">
      <mem type="allocate" free="372096" total="1179648" percent="31" />
      <mem type="survivor" free="0" total="1179648" percent="0" />
    </mem>
    <mem type="tenure" free="3923880" total="6291456" percent="62">
      <mem type="soa" free="3609512" total="5977088" percent="60" />
      <mem type="loa" free="314368" total="314368" percent="100" />
    </mem>
    <pending-finalizers system="0" default="0" reference="15" classloader="0" />
    <remembered-set count="444" />
  </mem-info>
</gc-end>
<cycle-end id="241" type="scavenge" contextid="235" timestamp="2019-07-02T19:17:49.886">
  <attribute name="GC Util" value="14" />
  <attribute name="CPU Util" value="1965401765858" />
  <attribute name="Time Running"value="646"/>
  <attribute name="Number of cores"value="4"/>
</cycle-end>
<allocation-satisfied id="242" threadId="000000000173EE00" bytesRequested="72" />
<af-end id="243" timestamp="2019-07-02T19:17:49.886" threadId="000000000173F788" success="true" from="nursery"/>
<exclusive-end id="244" timestamp="2019-07-02T19:17:49.886" durationms="1.180" />

<exclusive-start id="245" timestamp="2019-07-02T19:17:49.888" intervalms="3.215">
  <response-info timems="0.022" idlems="0.022" threads="0" lastid="000000000173EE00" lastname="Thread-4" />
</exclusive-start>
<af-start id="246" threadId="000000000173F788" totalBytesRequested="64" timestamp="2019-07-02T19:17:49.888" intervalms="3.208" type="nursery" />
<cycle-start id="247" type="scavenge" contextid="0" timestamp="2019-07-02T19:17:49.888" intervalms="3.202" />
  <attribute name="GC Util" value="14" />
  <attribute name="CPU Util" value="1965401765858" />
  <attribute name="Time Running"value="646"/>
  <attribute name="Number of cores"value="4"/>
<gc-start id="248" type="scavenge" contextid="247" timestamp="2019-07-02T19:17:49.889">
  <mem-info id="249" free="3923080" total="8650752" percent="45">
    <mem type="nursery" free="0" total="2359296" percent="0">
      <mem type="allocate" free="0" total="1179648" percent="0" />
      <mem type="survivor" free="0" total="1179648" percent="0" />
    </mem>
    <mem type="tenure" free="3923080" total="6291456" percent="62">
      <mem type="soa" free="3608712" total="5977088" percent="60" />
      <mem type="loa" free="314368" total="314368" percent="100" />
    </mem>
    <remembered-set count="462" />
  </mem-info>
</gc-start>
<allocation-stats totalBytes="371256" >
  <allocated-bytes non-tlh="50048" tlh="321208" />
  <largest-consumer threadName="Thread-3" threadId="000000000173B200" bytes="98296" />
</allocation-stats>
<gc-op id="250" type="scavenge" timems="0.978" contextid="247" timestamp="2019-07-02T19:17:49.890">
  <scavenger-info tenureage="2" tenuremask="ffec" tiltratio="50" />
  <memory-copied type="nursery" objects="3053" bytes="187728" bytesdiscarded="51376" />
  <memory-copied type="tenure" objects="790" bytes="592216" bytesdiscarded="1320" />
  <finalization candidates="4" enqueued="0" />
  <references type="soft" candidates="19" cleared="0" enqueued="0" dynamicThreshold="24" maxThreshold="32" />
  <references type="weak" candidates="74" cleared="2" enqueued="2" />
  <references type="phantom" candidates="4" cleared="0" enqueued="0" />
</gc-op>
<heap-resize id="251" type="expand" space="nursery" amount="393216" count="1" timems="0.015" reason="excessive time being spent scavenging" timestamp="2019-07-02T19:17:49.890" />
<gc-end id="252" type="scavenge" contextid="247" durationms="1.180" usertimems="4.000" systemtimems="0.000" timestamp="2019-07-02T19:17:49.890" activeThreads="4">
  <mem-info id="253" free="4475264" total="9043968" percent="49">
    <mem type="nursery" free="1137080" total="2752512" percent="41">
      <mem type="allocate" free="1137080" total="1376256" percent="82" />
      <mem type="survivor" free="0" total="1376256" percent="0" />
    </mem>
    <mem type="tenure" free="3338184" total="6291456" percent="53">
      <mem type="soa" free="3023816" total="5977088" percent="50" />
      <mem type="loa" free="314368" total="314368" percent="100" />
    </mem>
    <pending-finalizers system="0" default="0" reference="2" classloader="0" />
    <remembered-set count="376" />
  </mem-info>
</gc-end>
<cycle-end id="254" type="scavenge" contextid="247" timestamp="2019-07-02T19:17:49.890">
  <attribute name="GC Util" value="37" />
  <attribute name="CPU Util" value="5895178353612" />
  <attribute name="Time Running"value="650"/>
  <attribute name="Number of cores"value="4"/>
</cycle-end>
<allocation-satisfied id="255" threadId="000000000173EE00" bytesRequested="64" />
<af-end id="256" timestamp="2019-07-02T19:17:49.890" threadId="000000000173F788" success="true" from="nursery"/>
<exclusive-end id="257" timestamp="2019-07-02T19:17:49.890" durationms="1.548" />

<exclusive-start id="258" timestamp="2019-07-02T19:17:49.914" intervalms="25.334">
  <response-info timems="0.023" idlems="0.023" threads="0" lastid="000000000173B200" lastname="Thread-3" />
</exclusive-start>
<af-start id="259" threadId="000000000173BB88" totalBytesRequested="5752" timestamp="2019-07-02T19:17:49.914" intervalms="25.345" type="nursery" />
<cycle-start id="260" type="scavenge" contextid="0" timestamp="2019-07-02T19:17:49.914" intervalms="25.338" />
  <attribute name="GC Util" value="37" />
  <attribute name="CPU Util" value="5895178353612" />
  <attribute name="Time Running"value="650"/>
  <attribute name="Number of cores"value="4"/>
<gc-start id="261" type="scavenge" contextid="260" timestamp="2019-07-02T19:17:49.914">
  <mem-info id="262" free="3328216" total="9043968" percent="36">
    <mem type="nursery" free="0" total="2752512" percent="0">
      <mem type="allocate" free="0" total="1376256" percent="0" />
      <mem type="survivor" free="0" total="1376256" percent="0" />
    </mem>
    <mem type="tenure" free="3328216" total="6291456" percent="52">
      <mem type="soa" free="3013848" total="5977088" percent="50" />
      <mem type="loa" free="314368" total="314368" percent="100" />
    </mem>
    <remembered-set count="506" />
  </mem-info>
</gc-start>
<allocation-stats totalBytes="1133176" >
  <allocated-bytes non-tlh="10032" tlh="1123144" />
  <largest-consumer threadName="Thread-3" threadId="000000000173B200" bytes="436152" />
</allocation-stats>
<gc-op id="263" type="scavenge" timems="2.435" contextid="260" timestamp="2019-07-02T19:17:49.916">
  <scavenger-info tenureage="6" tenuremask="ffc0" tiltratio="50" />
  <memory-copied type="nursery" objects="6368" bytes="288224" bytesdiscarded="49616" />
  <finalization candidates="4" enqueued="0" />
  <references type="soft" candidates="21" cleared="0" enqueued="0" dynamicThreshold="24" maxThreshold="32" />
  <references type="weak" candidates="75" cleared="6" enqueued="6" />
  <references type="phantom" candidates="2" cleared="0" enqueued="0" />
</gc-op>
<gc-end id="264" type="scavenge" contextid="260" durationms="2.819" usertimems="4.000" systemtimems="0.000" timestamp="2019-07-02T19:17:49.917" activeThreads="4">
  <mem-info id="265" free="4628672" total="9043968" percent="51">
    <mem type="nursery" free="1300456" total="2752512" percent="47">
      <mem type="allocate" free="1300456" total="1638400" percent="79" />
      <mem type="survivor" free="0" total="1114112" percent="0" />
    </mem>
    <mem type="tenure" free="3328216" total="6291456" percent="52">
      <mem type="soa" free="3013848" total="5977088" percent="50" />
      <mem type="loa" free="314368" total="314368" percent="100" />
    </mem>
    <pending-finalizers system="0" default="0" reference="6" classloader="0" />
    <remembered-set count="362" />
  </mem-info>
</gc-end>
<cycle-end id="266" type="scavenge" contextid="260" timestamp="2019-07-02T19:17:49.917">
  <attribute name="GC Util" value="7" />
  <attribute name="CPU Util" value="65" />
  <attribute name="Time Running"value="675"/>
  <attribute name="Number of cores"value="4"/>
</cycle-end>
<allocation-satisfied id="267" threadId="000000000173B200" bytesRequested="5752" />
<af-end id="268" timestamp="2019-07-02T19:17:49.917" threadId="000000000173BB88" success="true" from="nursery"/>
<exclusive-end id="269" timestamp="2019-07-02T19:17:49.917" durationms="3.577" />

<exclusive-start id="270" timestamp="2019-07-02T19:17:49.964" intervalms="50.806">
  <response-info timems="0.099" idlems="0.083" threads="1" lastid="0000000001746500" lastname="Thread-6" />
</exclusive-start>
<af-start id="271" threadId="0000000001743388" totalBytesRequested="16" timestamp="2019-07-02T19:17:49.965" intervalms="50.799" type="nursery" />
<cycle-start id="272" type="scavenge" contextid="0" timestamp="2019-07-02T19:17:49.965" intervalms="50.800" />
  <attribute name="GC Util" value="7" />
  <attribute name="CPU Util" value="65" />
  <attribute name="Time Running"value="675"/>
  <attribute name="Number of cores"value="4"/>
<gc-start id="273" type="scavenge" contextid="272" timestamp="2019-07-02T19:17:49.965">
  <mem-info id="274" free="3316504" total="9043968" percent="36">
    <mem type="nursery" free="0" total="2752512" percent="0">
      <mem type="allocate" free="0" total="1638400" percent="0" />
      <mem type="survivor" free="0" total="1114112" percent="0" />
    </mem>
    <mem type="tenure" free="3316504" total="6291456" percent="52">
      <mem type="soa" free="3002136" total="5977088" percent="50" />
      <mem type="loa" free="314368" total="314368" percent="100" />
    </mem>
    <remembered-set count="622" />
  </mem-info>
</gc-start>
<allocation-stats totalBytes="1305376" >
  <allocated-bytes non-tlh="50240" tlh="1255136" />
  <largest-consumer threadName="Thread-4" threadId="000000000173EE00" bytes="389256" />
</allocation-stats>
<gc-op id="275" type="scavenge" timems="0.803" contextid="272" timestamp="2019-07-02T19:17:49.966">
  <scavenger-info tenureage="6" tenuremask="7fc0" tiltratio="59" />
  <memory-copied type="nursery" objects="7757" bytes="584416" bytesdiscarded="120336" />
  <finalization candidates="4" enqueued="0" />
  <references type="soft" candidates="25" cleared="0" enqueued="0" dynamicThreshold="24" maxThreshold="32" />
  <references type="weak" candidates="101" cleared="11" enqueued="8" />
  <references type="phantom" candidates="2" cleared="0" enqueued="0" />
</gc-op>
<gc-end id="276" type="scavenge" contextid="272" durationms="1.008" usertimems="4.000" systemtimems="0.000" timestamp="2019-07-02T19:17:49.966" activeThreads="4">
  <mem-info id="277" free="4315520" total="9043968" percent="47">
    <mem type="nursery" free="999016" total="2752512" percent="36">
      <mem type="allocate" free="999016" total="1703936" percent="58" />
      <mem type="survivor" free="0" total="1048576" percent="0" />
    </mem>
    <mem type="tenure" free="3316504" total="6291456" percent="52">
      <mem type="soa" free="3002136" total="5977088" percent="50" />
      <mem type="loa" free="314368" total="314368" percent="100" />
    </mem>
    <pending-finalizers system="0" default="0" reference="8" classloader="0" />
    <remembered-set count="592" />
  </mem-info>
</gc-end>
<cycle-end id="278" type="scavenge" contextid="272" timestamp="2019-07-02T19:17:49.966">
  <attribute name="GC Util" value="7" />
  <attribute name="CPU Util" value="183" />
  <attribute name="Time Running"value="726"/>
  <attribute name="Number of cores"value="4"/>
</cycle-end>
<allocation-satisfied id="279" threadId="0000000001742A00" bytesRequested="16" />
<af-end id="280" timestamp="2019-07-02T19:17:49.966" threadId="0000000001743388" success="true" from="nursery"/>
<exclusive-end id="281" timestamp="2019-07-02T19:17:49.966" durationms="1.540" />

<exclusive-start id="282" timestamp="2019-07-02T19:17:49.986" intervalms="21.358">
  <response-info timems="0.204" idlems="0.186" threads="1" lastid="0000000001746500" lastname="Thread-6" />
</exclusive-start>
<af-start id="283" threadId="0000000001743388" totalBytesRequested="32776" timestamp="2019-07-02T19:17:49.986" intervalms="21.351" type="nursery" />
<cycle-start id="284" type="scavenge" contextid="0" timestamp="2019-07-02T19:17:49.986" intervalms="21.348" />
  <attribute name="GC Util" value="7" />
  <attribute name="CPU Util" value="183" />
  <attribute name="Time Running"value="726"/>
  <attribute name="Number of cores"value="4"/>
<gc-start id="285" type="scavenge" contextid="284" timestamp="2019-07-02T19:17:49.986">
  <mem-info id="286" free="3316464" total="9043968" percent="36">
    <mem type="nursery" free="0" total="2752512" percent="0">
      <mem type="allocate" free="0" total="1703936" percent="0" />
      <mem type="survivor" free="0" total="1048576" percent="0" />
    </mem>
    <mem type="tenure" free="3316464" total="6291456" percent="52">
      <mem type="soa" free="3002096" total="5977088" percent="50" />
      <mem type="loa" free="314368" total="314368" percent="100" />
    </mem>
    <remembered-set count="611" />
  </mem-info>
</gc-start>
<allocation-stats totalBytes="947000" >
  <allocated-bytes non-tlh="65608" tlh="881392" />
  <largest-consumer threadName="Thread-6" threadId="0000000001746500" bytes="411632" />
</allocation-stats>
<gc-op id="287" type="scavenge" timems="0.648" contextid="284" timestamp="2019-07-02T19:17:49.987">
  <scavenger-info tenureage="4" tenuremask="7ff0" tiltratio="61" />
  <memory-copied type="nursery" objects="7902" bytes="976608" bytesdiscarded="71816" />
  <memory-copied type="tenure" objects="780" bytes="75232" bytesdiscarded="8" />
  <copy-failed type="nursery" objects="53" bytes="11816" />
  <finalization candidates="4" enqueued="0" />
  <references type="soft" candidates="9" cleared="0" enqueued="0" dynamicThreshold="24" maxThreshold="32" />
  <references type="weak" candidates="30" cleared="0" enqueued="0" />
  <references type="phantom" candidates="4" cleared="0" enqueued="0" />
</gc-op>
<gc-end id="288" type="scavenge" contextid="284" durationms="0.845" usertimems="4.000" systemtimems="0.000" timestamp="2019-07-02T19:17:49.987" activeThreads="4">
  <mem-info id="289" free="3512816" total="9043968" percent="38">
    <mem type="nursery" free="327680" total="2752512" percent="11">
      <mem type="allocate" free="327680" total="1376256" percent="23" />
      <mem type="survivor" free="0" total="1376256" percent="0" />
    </mem>
    <mem type="tenure" free="3185136" total="6291456" percent="50">
      <mem type="soa" free="2870768" total="5977088" percent="48" />
      <mem type="loa" free="314368" total="314368" percent="100" />
    </mem>
    <remembered-set count="424" />
  </mem-info>
</gc-end>
<cycle-end id="290" type="scavenge" contextid="284" timestamp="2019-07-02T19:17:49.987">
  <attribute name="GC Util" value="7" />
  <attribute name="CPU Util" value="195" />
  <attribute name="Time Running"value="747"/>
  <attribute name="Number of cores"value="4"/>
</cycle-end>
<allocation-satisfied id="291" threadId="0000000001742A00" bytesRequested="32776" />
<af-end id="292" timestamp="2019-07-02T19:17:49.987" threadId="0000000001743388" success="true" from="nursery"/>
<exclusive-end id="293" timestamp="2019-07-02T19:17:49.987" durationms="1.321" />

<exclusive-start id="294" timestamp="2019-07-02T19:17:49.989" intervalms="3.528">
  <response-info timems="0.199" idlems="0.183" threads="1" lastid="0000000001746500" lastname="Thread-6" />
</exclusive-start>
<af-start id="295" threadId="0000000001743388" totalBytesRequested="32776" timestamp="2019-07-02T19:17:49.989" intervalms="3.514" type="nursery" />
<cycle-start id="296" type="scavenge" contextid="0" timestamp="2019-07-02T19:17:49.989" intervalms="3.513" />
  <attribute name="GC Util" value="7" />
  <attribute name="CPU Util" value="195" />
  <attribute name="Time Running"value="747"/>
  <attribute name="Number of cores"value="4"/>
<gc-start id="297" type="scavenge" contextid="296" timestamp="2019-07-02T19:17:49.990">
  <mem-info id="298" free="3213768" total="9043968" percent="35">
    <mem type="nursery" free="28664" total="2752512" percent="1">
      <mem type="allocate" free="28664" total="1376256" percent="2" />
      <mem type="survivor" free="0" total="1376256" percent="0" />
    </mem>
    <mem type="tenure" free="3185104" total="6291456" percent="50">
      <mem type="soa" free="2870736" total="5977088" percent="48" />
      <mem type="loa" free="314368" total="314368" percent="100" />
    </mem>
    <remembered-set count="429" />
  </mem-info>
</gc-start>
<allocation-stats totalBytes="284296" >
  <allocated-bytes non-tlh="32808" tlh="251488" />
  <largest-consumer threadName="Thread-5" threadId="0000000001742A00" bytes="181864" />
</allocation-stats>
<gc-op id="299" type="scavenge" timems="0.513" contextid="296" timestamp="2019-07-02T19:17:49.990">
  <scavenger-info tenureage="4" tenuremask="7ff0" tiltratio="50" />
  <memory-copied type="nursery" objects="6758" bytes="1069696" bytesdiscarded="211760" />
  <memory-copied type="tenure" objects="996" bytes="25176" bytesdiscarded="0" />
  <references type="soft" candidates="6" cleared="0" enqueued="0" dynamicThreshold="24" maxThreshold="32" />
  <references type="weak" candidates="28" cleared="0" enqueued="0" />
  <references type="phantom" candidates="2" cleared="0" enqueued="0" />
</gc-op>
<gc-end id="300" type="scavenge" contextid="296" durationms="0.698" usertimems="0.000" systemtimems="0.000" timestamp="2019-07-02T19:17:49.990" activeThreads="4">
  <mem-info id="301" free="3345280" total="9043968" percent="36">
    <mem type="nursery" free="160176" total="2752512" percent="5">
      <mem type="allocate" free="160176" total="1441792" percent="11" />
      <mem type="survivor" free="0" total="1310720" percent="0" />
    </mem>
    <mem type="tenure" free="3185104" total="6291456" percent="50">
      <mem type="soa" free="2870736" total="5977088" percent="48" />
      <mem type="loa" free="314368" total="314368" percent="100" />
    </mem>
    <remembered-set count="277" />
  </mem-info>
</gc-end>
<cycle-end id="302" type="scavenge" contextid="296" timestamp="2019-07-02T19:17:49.990">
  <attribute name="GC Util" value="44" />
  <attribute name="CPU Util" value="5276208671475" />
  <attribute name="Time Running"value="751"/>
  <attribute name="Number of cores"value="4"/>
</cycle-end>
<allocation-satisfied id="303" threadId="0000000001742A00" bytesRequested="32776" />
<af-end id="304" timestamp="2019-07-02T19:17:49.990" threadId="0000000001743388" success="true" from="nursery"/>
<exclusive-end id="305" timestamp="2019-07-02T19:17:49.990" durationms="1.098" />

<exclusive-start id="306" timestamp="2019-07-02T19:17:49.993" intervalms="3.623">
  <response-info timems="0.200" idlems="0.183" threads="1" lastid="0000000001746500" lastname="Thread-6" />
</exclusive-start>
<af-start id="307" threadId="0000000001743388" totalBytesRequested="2056" timestamp="2019-07-02T19:17:49.993" intervalms="3.622" type="nursery" />
<cycle-start id="308" type="scavenge" contextid="0" timestamp="2019-07-02T19:17:49.993" intervalms="3.623" />
  <attribute name="GC Util" value="44" />
  <attribute name="CPU Util" value="5276208671475" />
  <attribute name="Time Running"value="751"/>
  <attribute name="Number of cores"value="4"/>
<gc-start id="309" type="scavenge" contextid="308" timestamp="2019-07-02T19:17:49.993">
  <mem-info id="310" free="3185104" total="9043968" percent="35">
    <mem type="nursery" free="0" total="2752512" percent="0">
      <mem type="allocate" free="0" total="1441792" percent="0" />
      <mem type="survivor" free="0" total="1310720" percent="0" />
    </mem>
    <mem type="tenure" free="3185104" total="6291456" percent="50">
      <mem type="soa" free="2870736" total="5977088" percent="48" />
      <mem type="loa" free="314368" total="314368" percent="100" />
    </mem>
    <remembered-set count="277" />
  </mem-info>
</gc-start>
<allocation-stats totalBytes="152152" >
  <allocated-bytes non-tlh="32776" tlh="119376" />
  <largest-consumer threadName="Thread-5" threadId="0000000001742A00" bytes="78000" />
</allocation-stats>
<gc-op id="311" type="scavenge" timems="0.664" contextid="308" timestamp="2019-07-02T19:17:49.994">
  <scavenger-info tenureage="2" tenuremask="7ffc" tiltratio="52" />
  <memory-copied type="nursery" objects="453" bytes="216752" bytesdiscarded="245096" />
  <memory-copied type="tenure" objects="6612" bytes="921216" bytesdiscarded="136" />
  <references type="phantom" candidates="1" cleared="0" enqueued="0" />
</gc-op>
<gc-end id="312" type="scavenge" contextid="308" durationms="0.854" usertimems="4.000" systemtimems="0.000" timestamp="2019-07-02T19:17:49.994" activeThreads="4">
  <mem-info id="313" free="3229184" total="9043968" percent="35">
    <mem type="nursery" free="979928" total="2752512" percent="35">
      <mem type="allocate" free="979928" total="1441792" percent="67" />
      <mem type="survivor" free="0" total="1310720" percent="0" />
    </mem>
    <mem type="tenure" free="2249256" total="6291456" percent="35">
      <mem type="soa" free="1934888" total="5977088" percent="32" />
      <mem type="loa" free="314368" total="314368" percent="100" />
    </mem>
    <remembered-set count="142" />
  </mem-info>
</gc-end>
<cycle-end id="314" type="scavenge" contextid="308" timestamp="2019-07-02T19:17:49.994">
  <attribute name="GC Util" value="37" />
  <attribute name="CPU Util" value="5086284699569" />
  <attribute name="Time Running"value="754"/>
  <attribute name="Number of cores"value="4"/>
</cycle-end>
<allocation-satisfied id="315" threadId="0000000001742A00" bytesRequested="2056" />
<af-end id="316" timestamp="2019-07-02T19:17:49.994" threadId="0000000001743388" success="true" from="nursery"/>
<exclusive-end id="317" timestamp="2019-07-02T19:17:49.994" durationms="1.255" />

<exclusive-start id="318" timestamp="2019-07-02T19:17:50.014" intervalms="20.548">
  <response-info timems="0.044" idlems="0.044" threads="0" lastid="000000000173EE00" lastname="Thread-4" />
</exclusive-start>
<af-start id="319" threadId="000000000173F788" totalBytesRequested="16392" timestamp="2019-07-02T19:17:50.014" intervalms="20.559" type="nursery" />
<cycle-start id="320" type="scavenge" contextid="0" timestamp="2019-07-02T19:17:50.014" intervalms="20.557" />
  <attribute name="GC Util" value="37" />
  <attribute name="CPU Util" value="5086284699569" />
  <attribute name="Time Running"value="754"/>
  <attribute name="Number of cores"value="4"/>
<gc-start id="321" type="scavenge" contextid="320" timestamp="2019-07-02T19:17:50.014">
  <mem-info id="322" free="2248544" total="9043968" percent="24">
    <mem type="nursery" free="0" total="2752512" percent="0">
      <mem type="allocate" free="0" total="1441792" percent="0" />
      <mem type="survivor" free="0" total="1310720" percent="0" />
    </mem>
    <mem type="tenure" free="2248544" total="6291456" percent="35">
      <mem type="soa" free="1934176" total="5977088" percent="32" />
      <mem type="loa" free="314368" total="314368" percent="100" />
    </mem>
    <remembered-set count="288" />
  </mem-info>
</gc-start>
<allocation-stats totalBytes="921928" >
  <allocated-bytes non-tlh="109304" tlh="812624" />
  <largest-consumer threadName="Thread-4" threadId="000000000173EE00" bytes="645928" />
</allocation-stats>
<gc-op id="323" type="scavenge" timems="2.216" contextid="320" timestamp="2019-07-02T19:17:50.016">
  <scavenger-info tenureage="2" tenuremask="7ffc" tiltratio="52" />
  <memory-copied type="nursery" objects="1048" bytes="298184" bytesdiscarded="138024" />
  <memory-copied type="tenure" objects="111" bytes="144760" bytesdiscarded="0" />
  <references type="weak" candidates="1" cleared="1" enqueued="1" />
</gc-op>
<heap-resize id="324" type="expand" space="nursery" amount="262144" count="1" timems="0.015" reason="excessive time being spent scavenging" timestamp="2019-07-02T19:17:50.016" />
<gc-end id="325" type="scavenge" contextid="320" durationms="2.710" usertimems="4.000" systemtimems="0.000" timestamp="2019-07-02T19:17:50.016" activeThreads="4">
  <mem-info id="326" free="3516192" total="9306112" percent="37">
    <mem type="nursery" free="1333208" total="3014656" percent="44">
      <mem type="allocate" free="1333208" total="1769472" percent="75" />
      <mem type="survivor" free="0" total="1245184" percent="0" />
    </mem>
    <mem type="tenure" free="2182984" total="6291456" percent="34">
      <mem type="soa" free="1868616" total="5977088" percent="31" />
      <mem type="loa" free="314368" total="314368" percent="100" />
    </mem>
    <pending-finalizers system="0" default="0" reference="1" classloader="0" />
    <remembered-set count="227" />
  </mem-info>
</gc-end>
<cycle-end id="327" type="scavenge" contextid="320" timestamp="2019-07-02T19:17:50.017">
  <attribute name="GC Util" value="8" />
  <attribute name="CPU Util" value="130" />
  <attribute name="Time Running"value="775"/>
  <attribute name="Number of cores"value="4"/>
</cycle-end>
<allocation-satisfied id="328" threadId="000000000173EE00" bytesRequested="16392" />
<af-end id="329" timestamp="2019-07-02T19:17:50.017" threadId="000000000173F788" success="true" from="nursery"/>
<exclusive-end id="330" timestamp="2019-07-02T19:17:50.017" durationms="3.293" />

<exclusive-start id="331" timestamp="2019-07-02T19:17:50.057" intervalms="43.348">
  <response-info timems="0.037" idlems="0.037" threads="0" lastid="000000000173EE00" lastname="Thread-4" />
</exclusive-start>
<af-start id="332" threadId="000000000173F788" totalBytesRequested="48" timestamp="2019-07-02T19:17:50.057" intervalms="43.351" type="nursery" />
<cycle-start id="333" type="scavenge" contextid="0" timestamp="2019-07-02T19:17:50.057" intervalms="43.353" />
  <attribute name="GC Util" value="8" />
  <attribute name="CPU Util" value="130" />
  <attribute name="Time Running"value="775"/>
  <attribute name="Number of cores"value="4"/>
<gc-start id="334" type="scavenge" contextid="333" timestamp="2019-07-02T19:17:50.057">
  <mem-info id="335" free="2182680" total="9306112" percent="23">
    <mem type="nursery" free="0" total="3014656" percent="0">
      <mem type="allocate" free="0" total="1769472" percent="0" />
      <mem type="survivor" free="0" total="1245184" percent="0" />
    </mem>
    <mem type="tenure" free="2182680" total="6291456" percent="34">
      <mem type="soa" free="1868312" total="5977088" percent="31" />
      <mem type="loa" free="314368" total="314368" percent="100" />
    </mem>
    <remembered-set count="332" />
  </mem-info>
</gc-start>
<allocation-stats totalBytes="1282088" >
  <allocated-bytes non-tlh="82248" tlh="1199840" />
  <largest-consumer threadName="Thread-6" threadId="0000000001746500" bytes="491056" />
</allocation-stats>
<gc-op id="336" type="scavenge" timems="2.193" contextid="333" timestamp="2019-07-02T19:17:50.059">
  <scavenger-info tenureage="2" tenuremask="7ffc" tiltratio="58" />
  <memory-copied type="nursery" objects="1874" bytes="620064" bytesdiscarded="89104" />
  <memory-copied type="tenure" objects="327" bytes="71336" bytesdiscarded="0" />
</gc-op>
<gc-end id="337" type="scavenge" contextid="333" durationms="2.589" usertimems="0.000" systemtimems="4.000" timestamp="2019-07-02T19:17:50.060" activeThreads="4">
  <mem-info id="338" free="3341208" total="9306112" percent="35">
    <mem type="nursery" free="1191304" total="3014656" percent="39">
      <mem type="allocate" free="1191304" total="1900544" percent="62" />
      <mem type="survivor" free="0" total="1114112" percent="0" />
    </mem>
    <mem type="tenure" free="2149904" total="6291456" percent="34">
      <mem type="soa" free="1835536" total="5977088" percent="30" />
      <mem type="loa" free="314368" total="314368" percent="100" />
    </mem>
    <remembered-set count="240" />
  </mem-info>
</gc-end>
<cycle-end id="339" type="scavenge" contextid="333" timestamp="2019-07-02T19:17:50.060">
  <attribute name="GC Util" value="8" />
  <attribute name="CPU Util" value="192" />
  <attribute name="Time Running"value="818"/>
  <attribute name="Number of cores"value="4"/>
</cycle-end>
<allocation-satisfied id="340" threadId="000000000173EE00" bytesRequested="48" />
<af-end id="341" timestamp="2019-07-02T19:17:50.060" threadId="000000000173F788" success="true" from="nursery"/>
<exclusive-end id="342" timestamp="2019-07-02T19:17:50.060" durationms="3.290" />

<exclusive-start id="343" timestamp="2019-07-02T19:17:50.077" intervalms="20.538">
  <response-info timems="0.049" idlems="0.049" threads="0" lastid="0000000001742A00" lastname="Thread-5" />
</exclusive-start>
<af-start id="344" threadId="0000000001743388" totalBytesRequested="32776" timestamp="2019-07-02T19:17:50.077" intervalms="20.535" type="nursery" />
<cycle-start id="345" type="scavenge" contextid="0" timestamp="2019-07-02T19:17:50.078" intervalms="20.532" />
  <attribute name="GC Util" value="8" />
  <attribute name="CPU Util" value="192" />
  <attribute name="Time Running"value="818"/>
  <attribute name="Number of cores"value="4"/>
<gc-start id="346" type="scavenge" contextid="345" timestamp="2019-07-02T19:17:50.078">
  <mem-info id="347" free="2165608" total="9306112" percent="23">
    <mem type="nursery" free="15744" total="3014656" percent="0">
      <mem type="allocate" free="15744" total="1900544" percent="0" />
      <mem type="survivor" free="0" total="1114112" percent="0" />
    </mem>
    <mem type="tenure" free="2149864" total="6291456" percent="34">
      <mem type="soa" free="1835496" total="5977088" percent="30" />
      <mem type="loa" free="314368" total="314368" percent="100" />
    </mem>
    <remembered-set count="291" />
  </mem-info>
</gc-start>
<allocation-stats totalBytes="1127624" >
  <allocated-bytes non-tlh="82032" tlh="1045592" />
  <largest-consumer threadName="Thread-4" threadId="000000000173EE00" bytes="462104" />
</allocation-stats>
<gc-op id="348" type="scavenge" timems="0.485" contextid="345" timestamp="2019-07-02T19:17:50.078">
  <scavenger-info tenureage="2" tenuremask="7ffc" tiltratio="63" />
  <memory-copied type="nursery" objects="1363" bytes="506144" bytesdiscarded="284744" />
  <memory-copied type="tenure" objects="552" bytes="133440" bytesdiscarded="472" />
  <references type="phantom" candidates="1" cleared="0" enqueued="0" />
</gc-op>
<gc-end id="349" type="scavenge" contextid="345" durationms="0.675" usertimems="4.000" systemtimems="0.000" timestamp="2019-07-02T19:17:50.078" activeThreads="4">
  <mem-info id="350" free="3060296" total="9306112" percent="32">
    <mem type="nursery" free="1175144" total="3014656" percent="38">
      <mem type="allocate" free="1175144" total="1966080" percent="59" />
      <mem type="survivor" free="0" total="1048576" percent="0" />
    </mem>
    <mem type="tenure" free="1885152" total="6291456" percent="29">
      <mem type="soa" free="1570784" total="5977088" percent="26" />
      <mem type="loa" free="314368" total="314368" percent="100" />
    </mem>
    <remembered-set count="159" />
  </mem-info>
</gc-end>
<cycle-end id="351" type="scavenge" contextid="345" timestamp="2019-07-02T19:17:50.078">
  <attribute name="GC Util" value="18" />
  <attribute name="CPU Util" value="144" />
  <attribute name="Time Running"value="839"/>
  <attribute name="Number of cores"value="4"/>
</cycle-end>
<allocation-satisfied id="352" threadId="0000000001742A00" bytesRequested="32776" />
<af-end id="353" timestamp="2019-07-02T19:17:50.078" threadId="0000000001743388" success="true" from="nursery"/>
<exclusive-end id="354" timestamp="2019-07-02T19:17:50.078" durationms="1.089" />

<exclusive-start id="355" timestamp="2019-07-02T19:17:50.096" intervalms="18.593">
  <response-info timems="0.026" idlems="0.026" threads="0" lastid="0000000001746500" lastname="Thread-6" />
</exclusive-start>
<af-start id="356" threadId="0000000001746E88" totalBytesRequested="824" timestamp="2019-07-02T19:17:50.096" intervalms="18.602" type="nursery" />
<cycle-start id="357" type="scavenge" contextid="0" timestamp="2019-07-02T19:17:50.096" intervalms="18.604" />
  <attribute name="GC Util" value="18" />
  <attribute name="CPU Util" value="144" />
  <attribute name="Time Running"value="839"/>
  <attribute name="Number of cores"value="4"/>
<gc-start id="358" type="scavenge" contextid="357" timestamp="2019-07-02T19:17:50.096">
  <mem-info id="359" free="1885152" total="9306112" percent="20">
    <mem type="nursery" free="0" total="3014656" percent="0">
      <mem type="allocate" free="0" total="1966080" percent="0" />
      <mem type="survivor" free="0" total="1048576" percent="0" />
    </mem>
    <mem type="tenure" free="1885152" total="6291456" percent="29">
      <mem type="soa" free="1570784" total="5977088" percent="26" />
      <mem type="loa" free="314368" total="314368" percent="100" />
    </mem>
    <remembered-set count="225" />
  </mem-info>
</gc-start>
<allocation-stats totalBytes="1164016" >
  <allocated-bytes non-tlh="98336" tlh="1065680" />
  <largest-consumer threadName="Thread-5" threadId="0000000001742A00" bytes="804200" />
</allocation-stats>
<gc-op id="360" type="scavenge" timems="2.254" contextid="357" timestamp="2019-07-02T19:17:50.099">
  <scavenger-info tenureage="2" tenuremask="7ffc" tiltratio="65" />
  <memory-copied type="nursery" objects="1928" bytes="752344" bytesdiscarded="215472" />
  <memory-copied type="tenure" objects="118" bytes="44064" bytesdiscarded="16" />
  <references type="phantom" candidates="1" cleared="0" enqueued="0" />
</gc-op>
<heap-resize id="361" type="expand" space="nursery" amount="262144" count="1" timems="0.013" reason="excessive time being spent scavenging" timestamp="2019-07-02T19:17:50.099" />
<gc-end id="362" type="scavenge" contextid="357" durationms="2.746" usertimems="4.000" systemtimems="0.000" timestamp="2019-07-02T19:17:50.099" activeThreads="4">
  <mem-info id="363" free="2869512" total="9568256" percent="29">
    <mem type="nursery" free="1063728" total="3276800" percent="32">
      <mem type="allocate" free="1063728" total="2031616" percent="52" />
      <mem type="survivor" free="0" total="1245184" percent="0" />
    </mem>
    <mem type="tenure" free="1805784" total="6291456" percent="28">
      <mem type="soa" free="1491416" total="5977088" percent="24" />
      <mem type="loa" free="314368" total="314368" percent="100" />
    </mem>
    <remembered-set count="124" />
  </mem-info>
</gc-end>
<cycle-end id="364" type="scavenge" contextid="357" timestamp="2019-07-02T19:17:50.099">
  <attribute name="GC Util" value="6" />
  <attribute name="CPU Util" value="45" />
  <attribute name="Time Running"value="857"/>
  <attribute name="Number of cores"value="4"/>
</cycle-end>
<allocation-satisfied id="365" threadId="0000000001746500" bytesRequested="824" />
<af-end id="366" timestamp="2019-07-02T19:17:50.099" threadId="0000000001746E88" success="true" from="nursery"/>
<exclusive-end id="367" timestamp="2019-07-02T19:17:50.099" durationms="3.416" />

<exclusive-start id="368" timestamp="2019-07-02T19:17:50.110" intervalms="13.577">
  <response-info timems="0.033" idlems="0.033" threads="0" lastid="000000000173B200" lastname="Thread-3" />
</exclusive-start>
<af-start id="369" threadId="000000000173BB88" totalBytesRequested="16392" timestamp="2019-07-02T19:17:50.110" intervalms="13.567" type="nursery" />
<cycle-start id="370" type="scavenge" contextid="0" timestamp="2019-07-02T19:17:50.110" intervalms="13.566" />
  <attribute name="GC Util" value="6" />
  <attribute name="CPU Util" value="45" />
  <attribute name="Time Running"value="857"/>
  <attribute name="Number of cores"value="4"/>
<gc-start id="371" type="scavenge" contextid="370" timestamp="2019-07-02T19:17:50.110">
  <mem-info id="372" free="1805752" total="9568256" percent="18">
    <mem type="nursery" free="0" total="3276800" percent="0">
      <mem type="allocate" free="0" total="2031616" percent="0" />
      <mem type="survivor" free="0" total="1245184" percent="0" />
    </mem>
    <mem type="tenure" free="1805752" total="6291456" percent="28">
      <mem type="soa" free="1491384" total="5977088" percent="24" />
      <mem type="loa" free="314368" total="314368" percent="100" />
    </mem>
    <remembered-set count="200" />
  </mem-info>
</gc-start>
<allocation-stats totalBytes="1006360" >
  <allocated-bytes non-tlh="115576" tlh="890784" />
  <largest-consumer threadName="Thread-6" threadId="0000000001746500" bytes="676968" />
</allocation-stats>
<gc-op id="373" type="scavenge" timems="0.544" contextid="370" timestamp="2019-07-02T19:17:50.110">
  <scavenger-info tenureage="1" tenuremask="7ffe" tiltratio="62" />
  <memory-copied type="nursery" objects="771" bytes="272376" bytesdiscarded="234744" />
  <memory-copied type="tenure" objects="1291" bytes="543352" bytesdiscarded="1152" />
</gc-op>
<gc-end id="374" type="scavenge" contextid="370" durationms="0.727" usertimems="0.000" systemtimems="0.000" timestamp="2019-07-02T19:17:50.110" activeThreads="4">
  <mem-info id="375" free="2732504" total="9568256" percent="28">
    <mem type="nursery" free="1721072" total="3276800" percent="52">
      <mem type="allocate" free="1721072" total="2228224" percent="77" />
      <mem type="survivor" free="0" total="1048576" percent="0" />
    </mem>
    <mem type="tenure" free="1011432" total="6291456" percent="16">
      <mem type="soa" free="697064" total="5977088" percent="11" />
      <mem type="loa" free="314368" total="314368" percent="100" />
    </mem>
    <remembered-set count="137" />
  </mem-info>
</gc-end>
<cycle-end id="376" type="scavenge" contextid="370" timestamp="2019-07-02T19:17:50.111">
  <attribute name="GC Util" value="26" />
  <attribute name="CPU Util" value="1359715542500" />
  <attribute name="Time Running"value="871"/>
  <attribute name="Number of cores"value="4"/>
</cycle-end>
<allocation-satisfied id="377" threadId="000000000173B200" bytesRequested="16392" />
<af-end id="378" timestamp="2019-07-02T19:17:50.111" threadId="000000000173BB88" success="true" from="nursery"/>
<exclusive-end id="379" timestamp="2019-07-02T19:17:50.111" durationms="1.144" />

<exclusive-start id="380" timestamp="2019-07-02T19:17:50.166" intervalms="56.239">
  <response-info timems="0.068" idlems="0.037" threads="1" lastid="0000000001410F00" lastname="JIT Compilation Thread-1" />
</exclusive-start>
<af-start id="381" threadId="0000000001743388" totalBytesRequested="32776" timestamp="2019-07-02T19:17:50.166" intervalms="56.253" type="nursery" />
<cycle-start id="382" type="scavenge" contextid="0" timestamp="2019-07-02T19:17:50.166" intervalms="56.254" />
  <attribute name="GC Util" value="26" />
  <attribute name="CPU Util" value="1359715542500" />
  <attribute name="Time Running"value="871"/>
  <attribute name="Number of cores"value="4"/>
<gc-start id="383" type="scavenge" contextid="382" timestamp="2019-07-02T19:17:50.166">
  <mem-info id="384" free="1011400" total="9568256" percent="10">
    <mem type="nursery" free="0" total="3276800" percent="0">
      <mem type="allocate" free="0" total="2228224" percent="0" />
      <mem type="survivor" free="0" total="1048576" percent="0" />
    </mem>
    <mem type="tenure" free="1011400" total="6291456" percent="16">
      <mem type="soa" free="697032" total="5977088" percent="11" />
      <mem type="loa" free="314368" total="314368" percent="100" />
    </mem>
    <remembered-set count="259" />
  </mem-info>
</gc-start>
<allocation-stats totalBytes="1675328" >
  <allocated-bytes non-tlh="147536" tlh="1527792" />
  <largest-consumer threadName="Thread-3" threadId="000000000173B200" bytes="618144" />
</allocation-stats>
<gc-op id="385" type="scavenge" timems="0.410" contextid="382" timestamp="2019-07-02T19:17:50.167">
  <scavenger-info tenureage="1" tenuremask="7ffe" tiltratio="68" />
  <memory-copied type="nursery" objects="1334" bytes="640208" bytesdiscarded="154984" />
  <memory-copied type="tenure" objects="164" bytes="68280" bytesdiscarded="0" />
</gc-op>
<gc-end id="386" type="scavenge" contextid="382" durationms="0.603" usertimems="0.000" systemtimems="0.000" timestamp="2019-07-02T19:17:50.167" activeThreads="4">
  <mem-info id="387" free="2444392" total="9568256" percent="25">
    <mem type="nursery" free="1432992" total="3276800" percent="43">
      <mem type="allocate" free="1432992" total="2228224" percent="64" />
      <mem type="survivor" free="0" total="1048576" percent="0" />
    </mem>
    <mem type="tenure" free="1011400" total="6291456" percent="16">
      <mem type="soa" free="697032" total="5977088" percent="11" />
      <mem type="loa" free="314368" total="314368" percent="100" />
    </mem>
    <remembered-set count="137" />
  </mem-info>
</gc-end>
<cycle-end id="388" type="scavenge" contextid="382" timestamp="2019-07-02T19:17:50.167">
  <attribute name="GC Util" value="2" />
  <attribute name="CPU Util" value="272" />
  <attribute name="Time Running"value="927"/>
  <attribute name="Number of cores"value="4"/>
</cycle-end>
<allocation-satisfied id="389" threadId="0000000001742A00" bytesRequested="32776" />
<af-end id="390" timestamp="2019-07-02T19:17:50.167" threadId="0000000001743388" success="true" from="nursery"/>
<exclusive-end id="391" timestamp="2019-07-02T19:17:50.167" durationms="1.046" />

<exclusive-start id="392" timestamp="2019-07-02T19:17:50.206" intervalms="39.790">
  <response-info timems="0.030" idlems="0.030" threads="0" lastid="0000000001746500" lastname="Thread-6" />
</exclusive-start>
<af-start id="393" threadId="0000000001746E88" totalBytesRequested="32776" timestamp="2019-07-02T19:17:50.206" intervalms="39.785" type="nursery" />
<cycle-start id="394" type="scavenge" contextid="0" timestamp="2019-07-02T19:17:50.206" intervalms="39.787" />
  <attribute name="GC Util" value="2" />
  <attribute name="CPU Util" value="272" />
  <attribute name="Time Running"value="927"/>
  <attribute name="Number of cores"value="4"/>
<gc-start id="395" type="scavenge" contextid="394" timestamp="2019-07-02T19:17:50.206">
  <mem-info id="396" free="1011400" total="9568256" percent="10">
    <mem type="nursery" free="0" total="3276800" percent="0">
      <mem type="allocate" free="0" total="2228224" percent="0" />
      <mem type="survivor" free="0" total="1048576" percent="0" />
    </mem>
    <mem type="tenure" free="1011400" total="6291456" percent="16">
      <mem type="soa" free="697032" total="5977088" percent="11" />
      <mem type="loa" free="314368" total="314368" percent="100" />
    </mem>
    <remembered-set count="250" />
  </mem-info>
</gc-start>
<allocation-stats totalBytes="1402000" >
  <allocated-bytes non-tlh="98328" tlh="1303672" />
  <largest-consumer threadName="Thread-3" threadId="000000000173B200" bytes="559000" />
</allocation-stats>
<gc-op id="397" type="scavenge" timems="1.869" contextid="394" timestamp="2019-07-02T19:17:50.208">
  <scavenger-info tenureage="1" tenuremask="7ffe" tiltratio="68" />
  <memory-copied type="nursery" objects="1724" bytes="591040" bytesdiscarded="170904" />
  <memory-copied type="tenure" objects="193" bytes="227512" bytesdiscarded="0" />
</gc-op>
<gc-end id="398" type="scavenge" contextid="394" durationms="2.260" usertimems="4.000" systemtimems="0.000" timestamp="2019-07-02T19:17:50.208" activeThreads="4">
  <mem-info id="399" free="2428424" total="9568256" percent="25">
    <mem type="nursery" free="1531760" total="3276800" percent="46">
      <mem type="allocate" free="1531760" total="2293760" percent="66" />
      <mem type="survivor" free="0" total="983040" percent="0" />
    </mem>
    <mem type="tenure" free="896664" total="6291456" percent="14">
      <mem type="soa" free="582296" total="5977088" percent="9" />
      <mem type="loa" free="314368" total="314368" percent="100" />
    </mem>
    <remembered-set count="127" />
  </mem-info>
</gc-end>
<cycle-end id="400" type="scavenge" contextid="394" timestamp="2019-07-02T19:17:50.208">
  <attribute name="GC Util" value="2" />
  <attribute name="CPU Util" value="232" />
  <attribute name="Time Running"value="967"/>
  <attribute name="Number of cores"value="4"/>
</cycle-end>
<allocation-satisfied id="401" threadId="0000000001746500" bytesRequested="32776" />
<af-end id="402" timestamp="2019-07-02T19:17:50.208" threadId="0000000001746E88" success="true" from="nursery"/>
<exclusive-end id="403" timestamp="2019-07-02T19:17:50.209" durationms="2.970" />

<exclusive-start id="404" timestamp="2019-07-02T19:17:50.242" intervalms="35.945">
  <response-info timems="0.199" idlems="0.179" threads="2" lastid="0000000001746500" lastname="Thread-6" />
</exclusive-start>
<af-start id="405" threadId="000000000173F788" totalBytesRequested="48" timestamp="2019-07-02T19:17:50.242" intervalms="35.940" type="nursery" />
<cycle-start id="406" type="scavenge" contextid="0" timestamp="2019-07-02T19:17:50.242" intervalms="35.939" />
  <attribute name="GC Util" value="2" />
  <attribute name="CPU Util" value="232" />
  <attribute name="Time Running"value="967"/>
  <attribute name="Number of cores"value="4"/>
<gc-start id="407" type="scavenge" contextid="406" timestamp="2019-07-02T19:17:50.242">
  <mem-info id="408" free="896664" total="9568256" percent="9">
    <mem type="nursery" free="0" total="3276800" percent="0">
      <mem type="allocate" free="0" total="2293760" percent="0" />
      <mem type="survivor" free="0" total="983040" percent="0" />
    </mem>
    <mem type="tenure" free="896664" total="6291456" percent="14">
      <mem type="soa" free="582296" total="5977088" percent="9" />
      <mem type="loa" free="314368" total="314368" percent="100" />
    </mem>
    <remembered-set count="222" />
  </mem-info>
</gc-start>
<allocation-stats totalBytes="1508704" >
  <allocated-bytes non-tlh="147496" tlh="1361208" />
  <largest-consumer threadName="Thread-3" threadId="000000000173B200" bytes="547472" />
</allocation-stats>
<gc-op id="409" type="scavenge" timems="2.852" contextid="406" timestamp="2019-07-02T19:17:50.245">
  <scavenger-info tenureage="1" tenuremask="7ffe" tiltratio="70" />
  <memory-copied type="nursery" objects="1985" bytes="772168" bytesdiscarded="151880" />
  <memory-copied type="tenure" objects="556" bytes="147904" bytesdiscarded="168" />
  <references type="phantom" candidates="1" cleared="0" enqueued="0" />
</gc-op>
<heap-resize id="410" type="expand" space="nursery" amount="262144" count="1" timems="0.024" reason="excessive time being spent scavenging" timestamp="2019-07-02T19:17:50.245" />
<gc-end id="411" type="scavenge" contextid="406" durationms="3.441" usertimems="0.000" systemtimems="4.000" timestamp="2019-07-02T19:17:50.245" activeThreads="4">
  <mem-info id="412" free="2194360" total="9830400" percent="22">
    <mem type="nursery" free="1435192" total="3538944" percent="40">
      <mem type="allocate" free="1435192" total="2359296" percent="60" />
      <mem type="survivor" free="0" total="1179648" percent="0" />
    </mem>
    <mem type="tenure" free="759168" total="6291456" percent="12">
      <mem type="soa" free="444800" total="5977088" percent="7" />
      <mem type="loa" free="314368" total="314368" percent="100" />
    </mem>
    <remembered-set count="135" />
  </mem-info>
</gc-end>
<cycle-end id="413" type="scavenge" contextid="406" timestamp="2019-07-02T19:17:50.245">
  <attribute name="GC Util" value="8" />
  <attribute name="CPU Util" value="220" />
  <attribute name="Time Running"value="1003"/>
  <attribute name="Number of cores"value="4"/>
</cycle-end>
<allocation-satisfied id="414" threadId="000000000173EE00" bytesRequested="48" />
<af-end id="415" timestamp="2019-07-02T19:17:50.246" threadId="000000000173F788" success="true" from="nursery"/>
<exclusive-end id="416" timestamp="2019-07-02T19:17:50.246" durationms="4.122" />

<exclusive-start id="417" timestamp="2019-07-02T19:17:50.280" intervalms="38.745">
  <response-info timems="0.048" idlems="0.048" threads="0" lastid="0000000001742A00" lastname="Thread-5" />
</exclusive-start>
<af-start id="418" threadId="0000000001743388" totalBytesRequested="16392" timestamp="2019-07-02T19:17:50.280" intervalms="38.753" type="nursery" />
<cycle-start id="419" type="scavenge" contextid="0" timestamp="2019-07-02T19:17:50.280" intervalms="38.755" />
  <attribute name="GC Util" value="8" />
  <attribute name="CPU Util" value="220" />
  <attribute name="Time Running"value="1003"/>
  <attribute name="Number of cores"value="4"/>
<gc-start id="420" type="scavenge" contextid="419" timestamp="2019-07-02T19:17:50.281">
  <mem-info id="421" free="759168" total="9830400" percent="7">
    <mem type="nursery" free="0" total="3538944" percent="0">
      <mem type="allocate" free="0" total="2359296" percent="0" />
      <mem type="survivor" free="0" total="1179648" percent="0" />
    </mem>
    <mem type="tenure" free="759168" total="6291456" percent="12">
      <mem type="soa" free="444800" total="5977088" percent="7" />
      <mem type="loa" free="314368" total="314368" percent="100" />
    </mem>
    <remembered-set count="264" />
  </mem-info>
</gc-start>
<allocation-stats totalBytes="1388240" >
  <allocated-bytes non-tlh="147544" tlh="1240696" />
  <largest-consumer threadName="Thread-5" threadId="0000000001742A00" bytes="585384" />
</allocation-stats>
<gc-op id="422" type="scavenge" timems="0.676" contextid="419" timestamp="2019-07-02T19:17:50.281">
  <scavenger-info tenureage="1" tenuremask="7ffe" tiltratio="66" />
  <memory-copied type="nursery" objects="906" bytes="318224" bytesdiscarded="283624" />
  <memory-copied type="tenure" objects="1356" bytes="554800" bytesdiscarded="2328" />
  <heap-resize type="expand" space="tenure" amount="65536" count="1" timems="0.026" reason="continue current collection" />
</gc-op>
<gc-end id="423" type="scavenge" contextid="419" durationms="0.871" usertimems="0.000" systemtimems="4.000" timestamp="2019-07-02T19:17:50.281" activeThreads="4">
  <mem-info id="424" free="2271456" total="9895936" percent="22">
    <mem type="nursery" free="1954016" total="3538944" percent="55">
      <mem type="allocate" free="1954016" total="2555904" percent="76" />
      <mem type="survivor" free="0" total="983040" percent="0" />
    </mem>
    <mem type="tenure" free="317440" total="6356992" percent="4">
      <mem type="soa" free="0" total="6039552" percent="0" />
      <mem type="loa" free="317440" total="317440" percent="100" />
    </mem>
    <remembered-set count="158" />
  </mem-info>
</gc-end>
<cycle-end id="425" type="scavenge" contextid="419" timestamp="2019-07-02T19:17:50.281">
  <attribute name="GC Util" value="11" />
  <attribute name="CPU Util" value="167" />
  <attribute name="Time Running"value="1042"/>
  <attribute name="Number of cores"value="4"/>
</cycle-end>
<allocation-satisfied id="426" threadId="0000000001742A00" bytesRequested="16392" />
<af-end id="427" timestamp="2019-07-02T19:17:50.282" threadId="0000000001743388" success="true" from="nursery"/>
<exclusive-end id="428" timestamp="2019-07-02T19:17:50.282" durationms="1.314" />

<concurrent-kickoff id="429" timestamp="2019-07-02T19:17:50.317">
  <kickoff reason="threshold reached" targetBytes="1886753" thresholdFreeBytes="261075"  remainingFree="217296" tenureFreeBytes="317440" nurseryFreeBytes="217296" />
</concurrent-kickoff>
<exclusive-start id="430" timestamp="2019-07-02T19:17:50.318" intervalms="37.396">
  <response-info timems="0.024" idlems="0.024" threads="0" lastid="0000000001742A00" lastname="Thread-5" />
</exclusive-start>
<cycle-start id="431" type="global" contextid="0" timestamp="2019-07-02T19:17:50.318" intervalms="486.554" />
  <attribute name="GC Util" value="11" />
  <attribute name="CPU Util" value="167" />
  <attribute name="Time Running"value="1042"/>
  <attribute name="Number of cores"value="4"/>
<exclusive-end id="432" timestamp="2019-07-02T19:17:50.318" durationms="0.118" />

<exclusive-start id="433" timestamp="2019-07-02T19:17:50.329" intervalms="11.011">
  <response-info timems="0.063" idlems="0.040" threads="1" lastid="0000000001414B00" lastname="JIT Compilation Thread-2" />
</exclusive-start>
<af-start id="434" threadId="0000000001746E88" totalBytesRequested="48" timestamp="2019-07-02T19:17:50.329" intervalms="48.393" type="nursery" />
<cycle-start id="435" type="scavenge" contextid="0" timestamp="2019-07-02T19:17:50.329" intervalms="48.390" />
  <attribute name="GC Util" value="11" />
  <attribute name="CPU Util" value="167" />
  <attribute name="Time Running"value="1042"/>
  <attribute name="Number of cores"value="4"/>
<gc-start id="436" type="scavenge" contextid="435" timestamp="2019-07-02T19:17:50.329">
  <mem-info id="437" free="317440" total="9895936" percent="3">
    <mem type="nursery" free="0" total="3538944" percent="0">
      <mem type="allocate" free="0" total="2555904" percent="0" />
      <mem type="survivor" free="0" total="983040" percent="0" />
    </mem>
    <mem type="tenure" free="317440" total="6356992" percent="4">
      <mem type="soa" free="0" total="6039552" percent="0" />
      <mem type="loa" free="317440" total="317440" percent="100" />
    </mem>
    <remembered-set count="275" />
  </mem-info>
</gc-start>
<allocation-stats totalBytes="1916256" >
  <allocated-bytes non-tlh="49168" tlh="1867088" />
  <largest-consumer threadName="Thread-5" threadId="0000000001742A00" bytes="1080824" />
</allocation-stats>
<gc-op id="438" type="scavenge" timems="2.592" contextid="435" timestamp="2019-07-02T19:17:50.332">
  <scavenger-info tenureage="1" tenuremask="7ffe" tiltratio="72" />
  <memory-copied type="nursery" objects="1239" bytes="539672" bytesdiscarded="168512" />
  <memory-copied type="tenure" objects="800" bytes="293904" bytesdiscarded="792" />
  <heap-resize type="expand" space="tenure" amount="262144" count="4" timems="0.039" reason="continue current collection" />
</gc-op>
<gc-end id="439" type="scavenge" contextid="435" durationms="2.981" usertimems="4.000" systemtimems="0.000" timestamp="2019-07-02T19:17:50.332" activeThreads="4">
  <mem-info id="440" free="2178432" total="10158080" percent="21">
    <mem type="nursery" free="1847680" total="3538944" percent="52">
      <mem type="allocate" free="1847680" total="2555904" percent="72" />
      <mem type="survivor" free="0" total="983040" percent="0" />
    </mem>
    <mem type="tenure" free="330752" total="6619136" percent="4">
      <mem type="soa" free="0" total="6288384" percent="0" />
      <mem type="loa" free="330752" total="330752" percent="100" />
    </mem>
    <remembered-set count="146" />
  </mem-info>
</gc-end>
<cycle-end id="441" type="scavenge" contextid="435" timestamp="2019-07-02T19:17:50.332">
  <attribute name="GC Util" value="3" />
  <attribute name="CPU Util" value="233" />
  <attribute name="Time Running"value="1090"/>
  <attribute name="Number of cores"value="4"/>
</cycle-end>
<allocation-satisfied id="442" threadId="0000000001746500" bytesRequested="48" />
<af-end id="443" timestamp="2019-07-02T19:17:50.333" threadId="0000000001746E88" success="true" from="nursery"/>
<exclusive-end id="444" timestamp="2019-07-02T19:17:50.333" durationms="4.571" />

<exclusive-start id="445" timestamp="2019-07-02T19:17:50.368" intervalms="39.450">
  <response-info timems="0.045" idlems="0.045" threads="0" lastid="0000000001742A00" lastname="Thread-5" />
</exclusive-start>
<concurrent-collection-start id="446" timestamp="2019-07-02T19:17:50.368" intervalms="1247.672" >
  <concurrent-trace-info reason="card cleaning threshold reached" tracedByMutators="182464" tracedByHelpers="1251544" cardsCleaned="162" workStackOverflowCount="0" />
</concurrent-collection-start>
<gc-start id="447" type="global" contextid="431" timestamp="2019-07-02T19:17:50.368">
  <mem-info id="448" free="330752" total="10158080" percent="3">
    <mem type="nursery" free="0" total="3538944" percent="0">
      <mem type="allocate" free="0" total="2555904" percent="0" />
      <mem type="survivor" free="0" total="983040" percent="0" />
    </mem>
    <mem type="tenure" free="330752" total="6619136" percent="4">
      <mem type="soa" free="0" total="6288384" percent="0" />
      <mem type="loa" free="330752" total="330752" percent="100" />
    </mem>
    <remembered-set count="256" />
  </mem-info>
</gc-start>
<allocation-stats totalBytes="1846512" >
  <allocated-bytes non-tlh="48" tlh="1846464" />
  <largest-consumer threadName="Thread-4" threadId="000000000173EE00" bytes="924688" />
</allocation-stats>
<gc-op id="449" type="rs-scan" timems="0.331" contextid="431" timestamp="2019-07-02T19:17:50.369">
  <scan objectsFound="132" bytesTraced="20312" workStackOverflowCount="0" />
</gc-op>
<gc-op id="450" type="card-cleaning" timems="0.288" contextid="431" timestamp="2019-07-02T19:17:50.369">
  <card-cleaning cardsCleaned="38" bytesTraced="401516" workStackOverflowCount="0" />
</gc-op>
<gc-op id="451" type="mark" timems="0.931" contextid="431" timestamp="2019-07-02T19:17:50.370">
  <trace-info objectcount="238" scancount="206" scanbytes="5848" />
  <finalization candidates="25" enqueued="0" />
  <references type="soft" candidates="164" cleared="0" enqueued="0" dynamicThreshold="24" maxThreshold="32" />
  <references type="weak" candidates="247" cleared="3" enqueued="2" />
  <references type="phantom" candidates="72" cleared="2" enqueued="2" />
  <stringconstants candidates="3947" cleared="0"  />
</gc-op>
<gc-op id="452" type="classunload" timems="0.329" contextid="431" timestamp="2019-07-02T19:17:50.370">
  <classunload-info classloadercandidates="20" classloadersunloaded="0" classesunloaded="2" anonymousclassesunloaded="2" quiescems="0.000" setupms="0.326" scanms="0.003" postms="0.000" />
</gc-op>
<gc-op id="453" type="sweep" timems="0.349" contextid="431" timestamp="2019-07-02T19:17:50.371" />
<gc-end id="454" type="global" contextid="431" durationms="2.629" usertimems="0.000" systemtimems="0.000" timestamp="2019-07-02T19:17:50.371" activeThreads="4">
  <mem-info id="455" free="5670456" total="10158080" percent="55">
    <mem type="nursery" free="1824288" total="3538944" percent="51">
      <mem type="allocate" free="1824288" total="2555904" percent="71" />
      <mem type="survivor" free="0" total="983040" percent="0" />
    </mem>
    <mem type="tenure" free="3846168" total="6619136" percent="58" micro-fragmented="16775" macro-fragmented="0">
      <mem type="soa" free="3515416" total="6288384" percent="55" />
      <mem type="loa" free="330752" total="330752" percent="100" />
    </mem>
    <pending-finalizers system="0" default="0" reference="4" classloader="0" />
    <remembered-set count="213" />
  </mem-info>
</gc-end>
<cycle-end id="456" type="global" contextid="431" timestamp="2019-07-02T19:17:50.371">
  <attribute name="GC Util" value="77" />
  <attribute name="CPU Util" value="13422832787823" />
  <attribute name="Time Running"value="1131"/>
  <attribute name="Number of cores"value="4"/>
</cycle-end>
<concurrent-collection-end id="457" timestamp="2019-07-02T19:17:50.371" />
<exclusive-end id="458" timestamp="2019-07-02T19:17:50.371" durationms="2.955" />

<exclusive-start id="459" timestamp="2019-07-02T19:17:50.404" intervalms="35.477">
  <response-info timems="0.036" idlems="0.036" threads="0" lastid="0000000001746500" lastname="Thread-6" />
</exclusive-start>
<af-start id="460" threadId="0000000001746E88" totalBytesRequested="48" timestamp="2019-07-02T19:17:50.404" intervalms="74.940" type="nursery" />
<cycle-start id="461" type="scavenge" contextid="0" timestamp="2019-07-02T19:17:50.404" intervalms="74.940" />
  <attribute name="GC Util" value="77" />
  <attribute name="CPU Util" value="13422832787823" />
  <attribute name="Time Running"value="1131"/>
  <attribute name="Number of cores"value="4"/>
<gc-start id="462" type="scavenge" contextid="461" timestamp="2019-07-02T19:17:50.404">
  <mem-info id="463" free="3846168" total="10158080" percent="37">
    <mem type="nursery" free="0" total="3538944" percent="0">
      <mem type="allocate" free="0" total="2555904" percent="0" />
      <mem type="survivor" free="0" total="983040" percent="0" />
    </mem>
    <mem type="tenure" free="3846168" total="6619136" percent="58">
      <mem type="soa" free="3515416" total="6288384" percent="55" />
      <mem type="loa" free="330752" total="330752" percent="100" />
    </mem>
    <remembered-set count="290" />
  </mem-info>
</gc-start>
<allocation-stats totalBytes="1778936" >
  <allocated-bytes non-tlh="299176" tlh="1479760" />
  <largest-consumer threadName="Thread-5" threadId="0000000001742A00" bytes="934088" />
</allocation-stats>
<gc-op id="464" type="scavenge" timems="0.439" contextid="461" timestamp="2019-07-02T19:17:50.404">
  <scavenger-info tenureage="1" tenuremask="7ffe" tiltratio="72" />
  <memory-copied type="nursery" objects="1360" bytes="520848" bytesdiscarded="232192" />
  <memory-copied type="tenure" objects="667" bytes="287240" bytesdiscarded="1912" />
</gc-op>
<gc-end id="465" type="scavenge" contextid="461" durationms="0.636" usertimems="0.000" systemtimems="0.000" timestamp="2019-07-02T19:17:50.404" activeThreads="4">
  <mem-info id="466" free="5297928" total="10158080" percent="52">
    <mem type="nursery" free="1868368" total="3538944" percent="52">
      <mem type="allocate" free="1868368" total="2621440" percent="71" />
      <mem type="survivor" free="0" total="917504" percent="0" />
    </mem>
    <mem type="tenure" free="3429560" total="6619136" percent="51">
      <mem type="soa" free="3098808" total="6288384" percent="49" />
      <mem type="loa" free="330752" total="330752" percent="100" />
    </mem>
    <remembered-set count="143" />
  </mem-info>
</gc-end>
<cycle-end id="467" type="scavenge" contextid="461" timestamp="2019-07-02T19:17:50.405">
  <attribute name="GC Util" value="4" />
  <attribute name="CPU Util" value="78" />
  <attribute name="Time Running"value="1165"/>
  <attribute name="Number of cores"value="4"/>
</cycle-end>
<allocation-satisfied id="468" threadId="0000000001746500" bytesRequested="48" />
<af-end id="469" timestamp="2019-07-02T19:17:50.405" threadId="0000000001746E88" success="true" from="nursery"/>
<exclusive-end id="470" timestamp="2019-07-02T19:17:50.405" durationms="1.064" />

<exclusive-start id="471" timestamp="2019-07-02T19:17:50.426" intervalms="22.599">
  <response-info timems="0.042" idlems="0.042" threads="0" lastid="000000000173B200" lastname="Thread-3" />
</exclusive-start>
<af-start id="472" threadId="000000000173BB88" totalBytesRequested="16392" timestamp="2019-07-02T19:17:50.426" intervalms="22.601" type="nursery" />
<cycle-start id="473" type="scavenge" contextid="0" timestamp="2019-07-02T19:17:50.426" intervalms="22.602" />
  <attribute name="GC Util" value="4" />
  <attribute name="CPU Util" value="78" />
  <attribute name="Time Running"value="1165"/>
  <attribute name="Number of cores"value="4"/>
<gc-start id="474" type="scavenge" contextid="473" timestamp="2019-07-02T19:17:50.426">
  <mem-info id="475" free="3429560" total="10158080" percent="33">
    <mem type="nursery" free="0" total="3538944" percent="0">
      <mem type="allocate" free="0" total="2621440" percent="0" />
      <mem type="survivor" free="0" total="917504" percent="0" />
    </mem>
    <mem type="tenure" free="3429560" total="6619136" percent="51">
      <mem type="soa" free="3098808" total="6288384" percent="49" />
      <mem type="loa" free="330752" total="330752" percent="100" />
    </mem>
    <remembered-set count="320" />
  </mem-info>
</gc-start>
<allocation-stats totalBytes="1839136" >
  <allocated-bytes non-tlh="98376" tlh="1740760" />
  <largest-consumer threadName="Thread-6" threadId="0000000001746500" bytes="585584" />
</allocation-stats>
<gc-op id="476" type="scavenge" timems="0.427" contextid="473" timestamp="2019-07-02T19:17:50.427">
  <scavenger-info tenureage="1" tenuremask="7ffe" tiltratio="74" />
  <memory-copied type="nursery" objects="1490" bytes="608304" bytesdiscarded="253456" />
  <memory-copied type="tenure" objects="770" bytes="306632" bytesdiscarded="328" />
</gc-op>
<gc-end id="477" type="scavenge" contextid="473" durationms="0.611" usertimems="0.000" systemtimems="0.000" timestamp="2019-07-02T19:17:50.427" activeThreads="4">
  <mem-info id="478" free="5040520" total="10158080" percent="49">
    <mem type="nursery" free="1825160" total="3538944" percent="51">
      <mem type="allocate" free="1825160" total="2686976" percent="67" />
      <mem type="survivor" free="0" total="851968" percent="0" />
    </mem>
    <mem type="tenure" free="3215360" total="6619136" percent="48">
      <mem type="soa" free="2884608" total="6288384" percent="45" />
      <mem type="loa" free="330752" total="330752" percent="100" />
    </mem>
    <remembered-set count="160" />
  </mem-info>
</gc-end>
<cycle-end id="479" type="scavenge" contextid="473" timestamp="2019-07-02T19:17:50.427">
  <attribute name="GC Util" value="5" />
  <attribute name="CPU Util" value="110" />
  <attribute name="Time Running"value="1188"/>
  <attribute name="Number of cores"value="4"/>
</cycle-end>
<allocation-satisfied id="480" threadId="000000000173B200" bytesRequested="16392" />
<af-end id="481" timestamp="2019-07-02T19:17:50.427" threadId="000000000173BB88" success="true" from="nursery"/>
<exclusive-end id="482" timestamp="2019-07-02T19:17:50.427" durationms="1.053" />

<exclusive-start id="483" timestamp="2019-07-02T19:17:50.453" intervalms="26.917">
  <response-info timems="0.035" idlems="0.035" threads="0" lastid="000000000173B200" lastname="Thread-3" />
</exclusive-start>
<af-start id="484" threadId="000000000173BB88" totalBytesRequested="8200" timestamp="2019-07-02T19:17:50.453" intervalms="26.906" type="nursery" />
<cycle-start id="485" type="scavenge" contextid="0" timestamp="2019-07-02T19:17:50.453" intervalms="26.904" />
  <attribute name="GC Util" value="5" />
  <attribute name="CPU Util" value="110" />
  <attribute name="Time Running"value="1188"/>
  <attribute name="Number of cores"value="4"/>
<gc-start id="486" type="scavenge" contextid="485" timestamp="2019-07-02T19:17:50.453">
  <mem-info id="487" free="3215360" total="10158080" percent="31">
    <mem type="nursery" free="0" total="3538944" percent="0">
      <mem type="allocate" free="0" total="2686976" percent="0" />
      <mem type="survivor" free="0" total="851968" percent="0" />
    </mem>
    <mem type="tenure" free="3215360" total="6619136" percent="48">
      <mem type="soa" free="2884608" total="6288384" percent="45" />
      <mem type="loa" free="330752" total="330752" percent="100" />
    </mem>
    <remembered-set count="310" />
  </mem-info>
</gc-start>
<allocation-stats totalBytes="1762272" >
  <allocated-bytes non-tlh="81944" tlh="1680328" />
  <largest-consumer threadName="Thread-4" threadId="000000000173EE00" bytes="571928" />
</allocation-stats>
<gc-op id="488" type="scavenge" timems="0.475" contextid="485" timestamp="2019-07-02T19:17:50.454">
  <scavenger-info tenureage="1" tenuremask="7ffe" tiltratio="75" />
  <memory-copied type="nursery" objects="1404" bytes="499256" bytesdiscarded="161448" />
  <memory-copied type="tenure" objects="851" bytes="379728" bytesdiscarded="5808" />
  <references type="weak" candidates="1" cleared="0" enqueued="0" />
  <references type="phantom" candidates="1" cleared="0" enqueued="0" />
</gc-op>
<gc-end id="489" type="scavenge" contextid="485" durationms="0.667" usertimems="0.000" systemtimems="4.000" timestamp="2019-07-02T19:17:50.454" activeThreads="4">
  <mem-info id="490" free="4811472" total="10158080" percent="47">
    <mem type="nursery" free="2026224" total="3538944" percent="57">
      <mem type="allocate" free="2026224" total="2686976" percent="75" />
      <mem type="survivor" free="0" total="851968" percent="0" />
    </mem>
    <mem type="tenure" free="2785248" total="6619136" percent="42">
      <mem type="soa" free="2454496" total="6288384" percent="39" />
      <mem type="loa" free="330752" total="330752" percent="100" />
    </mem>
    <remembered-set count="139" />
  </mem-info>
</gc-end>
<cycle-end id="491" type="scavenge" contextid="485" timestamp="2019-07-02T19:17:50.454">
  <attribute name="GC Util" value="4" />
  <attribute name="CPU Util" value="89" />
  <attribute name="Time Running"value="1214"/>
  <attribute name="Number of cores"value="4"/>
</cycle-end>
<allocation-satisfied id="492" threadId="000000000173B200" bytesRequested="8200" />
<af-end id="493" timestamp="2019-07-02T19:17:50.454" threadId="000000000173BB88" success="true" from="nursery"/>
<exclusive-end id="494" timestamp="2019-07-02T19:17:50.454" durationms="1.088" />

<exclusive-start id="495" timestamp="2019-07-02T19:17:50.472" intervalms="18.939">
  <response-info timems="0.039" idlems="0.039" threads="0" lastid="0000000001742A00" lastname="Thread-5" />
</exclusive-start>
<af-start id="496" threadId="0000000001743388" totalBytesRequested="40" timestamp="2019-07-02T19:17:50.472" intervalms="18.935" type="nursery" />
<cycle-start id="497" type="scavenge" contextid="0" timestamp="2019-07-02T19:17:50.472" intervalms="18.932" />
  <attribute name="GC Util" value="4" />
  <attribute name="CPU Util" value="89" />
  <attribute name="Time Running"value="1214"/>
  <attribute name="Number of cores"value="4"/>
<gc-start id="498" type="scavenge" contextid="497" timestamp="2019-07-02T19:17:50.472">
  <mem-info id="499" free="2785248" total="10158080" percent="27">
    <mem type="nursery" free="0" total="3538944" percent="0">
      <mem type="allocate" free="0" total="2686976" percent="0" />
      <mem type="survivor" free="0" total="851968" percent="0" />
    </mem>
    <mem type="tenure" free="2785248" total="6619136" percent="42">
      <mem type="soa" free="2454496" total="6288384" percent="39" />
      <mem type="loa" free="330752" total="330752" percent="100" />
    </mem>
    <remembered-set count="297" />
  </mem-info>
</gc-start>
<allocation-stats totalBytes="2023840" >
  <allocated-bytes non-tlh="40976" tlh="1982864" />
  <largest-consumer threadName="Thread-4" threadId="000000000173EE00" bytes="1291216" />
</allocation-stats>
<gc-op id="500" type="scavenge" timems="0.343" contextid="497" timestamp="2019-07-02T19:17:50.473">
  <scavenger-info tenureage="1" tenuremask="7ffe" tiltratio="75" />
  <memory-copied type="nursery" objects="1364" bytes="518936" bytesdiscarded="300024" />
  <memory-copied type="tenure" objects="722" bytes="278232" bytesdiscarded="336" />
</gc-op>
<gc-end id="501" type="scavenge" contextid="497" durationms="0.532" usertimems="0.000" systemtimems="0.000" timestamp="2019-07-02T19:17:50.473" activeThreads="4">
  <mem-info id="502" free="4499288" total="10158080" percent="44">
    <mem type="nursery" free="1933520" total="3538944" percent="54">
      <mem type="allocate" free="1933520" total="2752512" percent="70" />
      <mem type="survivor" free="0" total="786432" percent="0" />
    </mem>
    <mem type="tenure" free="2565768" total="6619136" percent="38">
      <mem type="soa" free="2235016" total="6288384" percent="35" />
      <mem type="loa" free="330752" total="330752" percent="100" />
    </mem>
    <remembered-set count="143" />
  </mem-info>
</gc-end>
<cycle-end id="503" type="scavenge" contextid="497" timestamp="2019-07-02T19:17:50.473">
  <attribute name="GC Util" value="6" />
  <attribute name="CPU Util" value="974805629028" />
  <attribute name="Time Running"value="1233"/>
  <attribute name="Number of cores"value="4"/>
</cycle-end>
<allocation-satisfied id="504" threadId="0000000001742A00" bytesRequested="40" />
<af-end id="505" timestamp="2019-07-02T19:17:50.473" threadId="0000000001743388" success="true" from="nursery"/>
<exclusive-end id="506" timestamp="2019-07-02T19:17:50.473" durationms="0.943" />

<exclusive-start id="507" timestamp="2019-07-02T19:17:50.489" intervalms="17.165">
  <response-info timems="0.026" idlems="0.026" threads="0" lastid="000000000173B200" lastname="Thread-3" />
</exclusive-start>
<af-start id="508" threadId="000000000173BB88" totalBytesRequested="16392" timestamp="2019-07-02T19:17:50.489" intervalms="17.150" type="nursery" />
<cycle-start id="509" type="scavenge" contextid="0" timestamp="2019-07-02T19:17:50.489" intervalms="17.138" />
  <attribute name="GC Util" value="6" />
  <attribute name="CPU Util" value="974805629028" />
  <attribute name="Time Running"value="1233"/>
  <attribute name="Number of cores"value="4"/>
<gc-start id="510" type="scavenge" contextid="509" timestamp="2019-07-02T19:17:50.489">
  <mem-info id="511" free="2565768" total="10158080" percent="25">
    <mem type="nursery" free="0" total="3538944" percent="0">
      <mem type="allocate" free="0" total="2752512" percent="0" />
      <mem type="survivor" free="0" total="786432" percent="0" />
    </mem>
    <mem type="tenure" free="2565768" total="6619136" percent="38">
      <mem type="soa" free="2235016" total="6288384" percent="35" />
      <mem type="loa" free="330752" total="330752" percent="100" />
    </mem>
    <remembered-set count="276" />
  </mem-info>
</gc-start>
<allocation-stats totalBytes="1902448" >
  <allocated-bytes non-tlh="73792" tlh="1828656" />
  <largest-consumer threadName="Thread-6" threadId="0000000001746500" bytes="961752" />
</allocation-stats>
<gc-op id="512" type="scavenge" timems="0.589" contextid="509" timestamp="2019-07-02T19:17:50.490">
  <scavenger-info tenureage="1" tenuremask="7ffe" tiltratio="77" />
  <memory-copied type="nursery" objects="800" bytes="326224" bytesdiscarded="125328" />
  <memory-copied type="tenure" objects="740" bytes="372856" bytesdiscarded="4840" />
</gc-op>
<gc-end id="513" type="scavenge" contextid="509" durationms="0.736" usertimems="0.000" systemtimems="0.000" timestamp="2019-07-02T19:17:50.490" activeThreads="4">
  <mem-info id="514" free="4454880" total="10158080" percent="43">
    <mem type="nursery" free="2300912" total="3538944" percent="65">
      <mem type="allocate" free="2300912" total="2752512" percent="83" />
      <mem type="survivor" free="0" total="786432" percent="0" />
    </mem>
    <mem type="tenure" free="2153968" total="6619136" percent="32">
      <mem type="soa" free="1823216" total="6288384" percent="28" />
      <mem type="loa" free="330752" total="330752" percent="100" />
    </mem>
    <remembered-set count="148" />
  </mem-info>
</gc-end>
<cycle-end id="515" type="scavenge" contextid="509" timestamp="2019-07-02T19:17:50.490">
  <attribute name="GC Util" value="5" />
  <attribute name="CPU Util" value="1078823900645" />
  <attribute name="Time Running"value="1250"/>
  <attribute name="Number of cores"value="4"/>
</cycle-end>
<allocation-satisfied id="516" threadId="000000000173B200" bytesRequested="16392" />
<af-end id="517" timestamp="2019-07-02T19:17:50.490" threadId="000000000173BB88" success="true" from="nursery"/>
<exclusive-end id="518" timestamp="2019-07-02T19:17:50.490" durationms="1.058" />

<exclusive-start id="519" timestamp="2019-07-02T19:17:50.506" intervalms="16.587">
  <response-info timems="0.030" idlems="0.030" threads="0" lastid="0000000001742A00" lastname="Thread-5" />
</exclusive-start>
<af-start id="520" threadId="0000000001743388" totalBytesRequested="2008" timestamp="2019-07-02T19:17:50.506" intervalms="16.601" type="nursery" />
<cycle-start id="521" type="scavenge" contextid="0" timestamp="2019-07-02T19:17:50.506" intervalms="16.613" />
  <attribute name="GC Util" value="5" />
  <attribute name="CPU Util" value="1078823900645" />
  <attribute name="Time Running"value="1250"/>
  <attribute name="Number of cores"value="4"/>
<gc-start id="522" type="scavenge" contextid="521" timestamp="2019-07-02T19:17:50.506">
  <mem-info id="523" free="2153968" total="10158080" percent="21">
    <mem type="nursery" free="0" total="3538944" percent="0">
      <mem type="allocate" free="0" total="2752512" percent="0" />
      <mem type="survivor" free="0" total="786432" percent="0" />
    </mem>
    <mem type="tenure" free="2153968" total="6619136" percent="32">
      <mem type="soa" free="1823216" total="6288384" percent="28" />
      <mem type="loa" free="330752" total="330752" percent="100" />
    </mem>
    <remembered-set count="327" />
  </mem-info>
</gc-start>
<allocation-stats totalBytes="2180840" >
  <allocated-bytes non-tlh="81944" tlh="2098896" />
  <largest-consumer threadName="Thread-3" threadId="000000000173B200" bytes="755472" />
</allocation-stats>
<gc-op id="524" type="scavenge" timems="0.407" contextid="521" timestamp="2019-07-02T19:17:50.507">
  <scavenger-info tenureage="1" tenuremask="7ffe" tiltratio="77" />
  <memory-copied type="nursery" objects="1050" bytes="663160" bytesdiscarded="123192" />
  <memory-copied type="tenure" objects="875" bytes="306712" bytesdiscarded="2896" />
  <copy-failed type="nursery" objects="779" bytes="230784" />
  <references type="phantom" candidates="2" cleared="0" enqueued="0" />
</gc-op>
<gc-end id="525" type="scavenge" contextid="521" durationms="0.601" usertimems="4.000" systemtimems="0.000" timestamp="2019-07-02T19:17:50.507" activeThreads="4">
  <mem-info id="526" free="2956560" total="10158080" percent="29">
    <mem type="nursery" free="1114112" total="3538944" percent="31">
      <mem type="allocate" free="1114112" total="1900544" percent="58" />
      <mem type="survivor" free="0" total="1638400" percent="0" />
    </mem>
    <mem type="tenure" free="1842448" total="6619136" percent="27">
      <mem type="soa" free="1511696" total="6288384" percent="24" />
      <mem type="loa" free="330752" total="330752" percent="100" />
    </mem>
    <remembered-set count="147" />
  </mem-info>
</gc-end>
<cycle-end id="527" type="scavenge" contextid="521" timestamp="2019-07-02T19:17:50.507">
  <attribute name="GC Util" value="7" />
  <attribute name="CPU Util" value="1107779556602" />
  <attribute name="Time Running"value="1267"/>
  <attribute name="Number of cores"value="4"/>
</cycle-end>
<allocation-satisfied id="528" threadId="0000000001742A00" bytesRequested="2008" />
<af-end id="529" timestamp="2019-07-02T19:17:50.507" threadId="0000000001743388" success="true" from="nursery"/>
<exclusive-end id="530" timestamp="2019-07-02T19:17:50.507" durationms="1.009" />

<exclusive-start id="531" timestamp="2019-07-02T19:17:50.517" intervalms="10.835">
  <response-info timems="0.035" idlems="0.035" threads="0" lastid="000000000173EE00" lastname="Thread-4" />
</exclusive-start>
<af-start id="532" threadId="000000000173F788" totalBytesRequested="8200" timestamp="2019-07-02T19:17:50.517" intervalms="10.833" type="nursery" />
<cycle-start id="533" type="scavenge" contextid="0" timestamp="2019-07-02T19:17:50.517" intervalms="10.836" />
  <attribute name="GC Util" value="7" />
  <attribute name="CPU Util" value="1107779556602" />
  <attribute name="Time Running"value="1267"/>
  <attribute name="Number of cores"value="4"/>
<gc-start id="534" type="scavenge" contextid="533" timestamp="2019-07-02T19:17:50.517">
  <mem-info id="535" free="1842448" total="10158080" percent="18">
    <mem type="nursery" free="0" total="3538944" percent="0">
      <mem type="allocate" free="0" total="1900544" percent="0" />
      <mem type="survivor" free="0" total="1638400" percent="0" />
    </mem>
    <mem type="tenure" free="1842448" total="6619136" percent="27">
      <mem type="soa" free="1511696" total="6288384" percent="24" />
      <mem type="loa" free="330752" total="330752" percent="100" />
    </mem>
    <remembered-set count="299" />
  </mem-info>
</gc-start>
<allocation-stats totalBytes="1104768" >
  <allocated-bytes non-tlh="67560" tlh="1037208" />
  <largest-consumer threadName="Thread-6" threadId="0000000001746500" bytes="502376" />
</allocation-stats>
<gc-op id="536" type="scavenge" timems="3.679" contextid="533" timestamp="2019-07-02T19:17:50.521">
  <scavenger-info tenureage="1" tenuremask="7ffe" tiltratio="53" />
  <memory-copied type="nursery" objects="895" bytes="338952" bytesdiscarded="160240" />
  <memory-copied type="tenure" objects="827" bytes="491768" bytesdiscarded="1256" />
  <references type="weak" candidates="1" cleared="0" enqueued="0" />
  <references type="phantom" candidates="1" cleared="0" enqueued="0" />
</gc-op>
<heap-resize id="537" type="expand" space="nursery" amount="524288" count="1" timems="0.016" reason="excessive time being spent scavenging" timestamp="2019-07-02T19:17:50.521" />
<gc-end id="538" type="scavenge" contextid="533" durationms="4.195" usertimems="4.000" systemtimems="0.000" timestamp="2019-07-02T19:17:50.521" activeThreads="4">
  <mem-info id="539" free="3121560" total="10682368" percent="29">
    <mem type="nursery" free="1794544" total="4063232" percent="44">
      <mem type="allocate" free="1794544" total="2293760" percent="78" />
      <mem type="survivor" free="0" total="1769472" percent="0" />
    </mem>
    <mem type="tenure" free="1327016" total="6619136" percent="20">
      <mem type="soa" free="996264" total="6288384" percent="15" />
      <mem type="loa" free="330752" total="330752" percent="100" />
    </mem>
    <remembered-set count="163" />
  </mem-info>
</gc-end>
<cycle-end id="540" type="scavenge" contextid="533" timestamp="2019-07-02T19:17:50.521">
  <attribute name="GC Util" value="10" />
  <attribute name="CPU Util" value="1701246248518" />
  <attribute name="Time Running"value="1278"/>
  <attribute name="Number of cores"value="4"/>
</cycle-end>
<allocation-satisfied id="541" threadId="000000000173EE00" bytesRequested="8200" />
<af-end id="542" timestamp="2019-07-02T19:17:50.521" threadId="000000000173F788" success="true" from="nursery"/>
<exclusive-end id="543" timestamp="2019-07-02T19:17:50.521" durationms="4.736" />

<exclusive-start id="544" timestamp="2019-07-02T19:17:50.538" intervalms="21.012">
  <response-info timems="0.032" idlems="0.032" threads="0" lastid="0000000001746500" lastname="Thread-6" />
</exclusive-start>
<af-start id="545" threadId="0000000001746E88" totalBytesRequested="16" timestamp="2019-07-02T19:17:50.538" intervalms="21.015" type="nursery" />
<cycle-start id="546" type="scavenge" contextid="0" timestamp="2019-07-02T19:17:50.538" intervalms="21.012" />
  <attribute name="GC Util" value="10" />
  <attribute name="CPU Util" value="1701246248518" />
  <attribute name="Time Running"value="1278"/>
  <attribute name="Number of cores"value="4"/>
<gc-start id="547" type="scavenge" contextid="546" timestamp="2019-07-02T19:17:50.538">
  <mem-info id="548" free="1327016" total="10682368" percent="12">
    <mem type="nursery" free="0" total="4063232" percent="0">
      <mem type="allocate" free="0" total="2293760" percent="0" />
      <mem type="survivor" free="0" total="1769472" percent="0" />
    </mem>
    <mem type="tenure" free="1327016" total="6619136" percent="20">
      <mem type="soa" free="996264" total="6288384" percent="15" />
      <mem type="loa" free="330752" total="330752" percent="100" />
    </mem>
    <remembered-set count="325" />
  </mem-info>
</gc-start>
<allocation-stats totalBytes="1791832" >
  <allocated-bytes non-tlh="106528" tlh="1685304" />
  <largest-consumer threadName="Thread-6" threadId="0000000001746500" bytes="569520" />
</allocation-stats>
<gc-op id="549" type="scavenge" timems="0.370" contextid="546" timestamp="2019-07-02T19:17:50.538">
  <scavenger-info tenureage="1" tenuremask="7ffe" tiltratio="56" />
  <memory-copied type="nursery" objects="2027" bytes="762000" bytesdiscarded="159344" />
  <memory-copied type="tenure" objects="224" bytes="108352" bytesdiscarded="336" />
</gc-op>
<gc-end id="550" type="scavenge" contextid="546" durationms="0.570" usertimems="0.000" systemtimems="0.000" timestamp="2019-07-02T19:17:50.538" activeThreads="4">
  <mem-info id="551" free="2815184" total="10682368" percent="26">
    <mem type="nursery" free="1700040" total="4063232" percent="41">
      <mem type="allocate" free="1700040" total="2621440" percent="64" />
      <mem type="survivor" free="0" total="1441792" percent="0" />
    </mem>
    <mem type="tenure" free="1115144" total="6619136" percent="16">
      <mem type="soa" free="784392" total="6288384" percent="12" />
      <mem type="loa" free="330752" total="330752" percent="100" />
    </mem>
    <remembered-set count="152" />
  </mem-info>
</gc-end>
<cycle-end id="552" type="scavenge" contextid="546" timestamp="2019-07-02T19:17:50.539">
  <attribute name="GC Util" value="26" />
  <attribute name="CPU Util" value="878193406802" />
  <attribute name="Time Running"value="1299"/>
  <attribute name="Number of cores"value="4"/>
</cycle-end>
<allocation-satisfied id="553" threadId="0000000001746500" bytesRequested="16" />
<af-end id="554" timestamp="2019-07-02T19:17:50.539" threadId="0000000001746E88" success="true" from="nursery"/>
<exclusive-end id="555" timestamp="2019-07-02T19:17:50.539" durationms="0.979" />

<exclusive-start id="556" timestamp="2019-07-02T19:17:50.554" intervalms="16.777">
  <response-info timems="0.037" idlems="0.037" threads="0" lastid="0000000001742A00" lastname="Thread-5" />
</exclusive-start>
<af-start id="557" threadId="0000000001743388" totalBytesRequested="32776" timestamp="2019-07-02T19:17:50.555" intervalms="16.772" type="nursery" />
<cycle-start id="558" type="scavenge" contextid="0" timestamp="2019-07-02T19:17:50.555" intervalms="16.773" />
  <attribute name="GC Util" value="26" />
  <attribute name="CPU Util" value="878193406802" />
  <attribute name="Time Running"value="1299"/>
  <attribute name="Number of cores"value="4"/>
<gc-start id="559" type="scavenge" contextid="558" timestamp="2019-07-02T19:17:50.555">
  <mem-info id="560" free="1115144" total="10682368" percent="10">
    <mem type="nursery" free="0" total="4063232" percent="0">
      <mem type="allocate" free="0" total="2621440" percent="0" />
      <mem type="survivor" free="0" total="1441792" percent="0" />
    </mem>
    <mem type="tenure" free="1115144" total="6619136" percent="16">
      <mem type="soa" free="784392" total="6288384" percent="12" />
      <mem type="loa" free="330752" total="330752" percent="100" />
    </mem>
    <remembered-set count="302" />
  </mem-info>
</gc-start>
<allocation-stats totalBytes="1686288" >
  <allocated-bytes non-tlh="49184" tlh="1637104" />
  <largest-consumer threadName="Thread-5" threadId="0000000001742A00" bytes="695568" />
</allocation-stats>
<gc-op id="561" type="scavenge" timems="0.375" contextid="558" timestamp="2019-07-02T19:17:50.555">
  <scavenger-info tenureage="1" tenuremask="7ffe" tiltratio="64" />
  <memory-copied type="nursery" objects="764" bytes="352016" bytesdiscarded="183776" />
  <memory-copied type="tenure" objects="781" bytes="325640" bytesdiscarded="1000" />
</gc-op>
<gc-end id="562" type="scavenge" contextid="558" durationms="0.567" usertimems="0.000" systemtimems="0.000" timestamp="2019-07-02T19:17:50.555" activeThreads="4">
  <mem-info id="563" free="2896272" total="10682368" percent="27">
    <mem type="nursery" free="2216688" total="4063232" percent="54">
      <mem type="allocate" free="2216688" total="2752512" percent="80" />
      <mem type="survivor" free="0" total="1310720" percent="0" />
    </mem>
    <mem type="tenure" free="679584" total="6619136" percent="10">
      <mem type="soa" free="348832" total="6288384" percent="5" />
      <mem type="loa" free="330752" total="330752" percent="100" />
    </mem>
    <remembered-set count="126" />
  </mem-info>
</gc-end>
<cycle-end id="564" type="scavenge" contextid="558" timestamp="2019-07-02T19:17:50.555">
  <attribute name="GC Util" value="6" />
  <attribute name="CPU Util" value="1100115151813" />
  <attribute name="Time Running"value="1316"/>
  <attribute name="Number of cores"value="4"/>
</cycle-end>
<allocation-satisfied id="565" threadId="0000000001742A00" bytesRequested="32776" />
<af-end id="566" timestamp="2019-07-02T19:17:50.555" threadId="0000000001743388" success="true" from="nursery"/>
<exclusive-end id="567" timestamp="2019-07-02T19:17:50.555" durationms="1.013" />

<concurrent-kickoff id="568" timestamp="2019-07-02T19:17:50.569">
  <kickoff reason="threshold reached" targetBytes="1883873" thresholdFreeBytes="261213"  remainingFree="226000" tenureFreeBytes="679584" nurseryFreeBytes="226000" />
</concurrent-kickoff>
<exclusive-start id="569" timestamp="2019-07-02T19:17:50.569" intervalms="14.281">
  <response-info timems="0.025" idlems="0.025" threads="0" lastid="000000000173B200" lastname="Thread-3" />
</exclusive-start>
<cycle-start id="570" type="global" contextid="0" timestamp="2019-07-02T19:17:50.569" intervalms="251.027" />
  <attribute name="GC Util" value="6" />
  <attribute name="CPU Util" value="1100115151813" />
  <attribute name="Time Running"value="1316"/>
  <attribute name="Number of cores"value="4"/>
<exclusive-end id="571" timestamp="2019-07-02T19:17:50.569" durationms="0.078" />

<exclusive-start id="572" timestamp="2019-07-02T19:17:50.570" intervalms="1.488">
  <response-info timems="0.023" idlems="0.023" threads="0" lastid="0000000001746500" lastname="Thread-6" />
</exclusive-start>
<af-start id="573" threadId="0000000001746E88" totalBytesRequested="16392" timestamp="2019-07-02T19:17:50.570" intervalms="15.768" type="nursery" />
<cycle-start id="574" type="scavenge" contextid="0" timestamp="2019-07-02T19:17:50.570" intervalms="15.771" />
  <attribute name="GC Util" value="6" />
  <attribute name="CPU Util" value="1100115151813" />
  <attribute name="Time Running"value="1316"/>
  <attribute name="Number of cores"value="4"/>
<gc-start id="575" type="scavenge" contextid="574" timestamp="2019-07-02T19:17:50.570">
  <mem-info id="576" free="679584" total="10682368" percent="6">
    <mem type="nursery" free="0" total="4063232" percent="0">
      <mem type="allocate" free="0" total="2752512" percent="0" />
      <mem type="survivor" free="0" total="1310720" percent="0" />
    </mem>
    <mem type="tenure" free="679584" total="6619136" percent="10">
      <mem type="soa" free="348832" total="6288384" percent="5" />
      <mem type="loa" free="330752" total="330752" percent="100" />
    </mem>
    <remembered-set count="300" />
  </mem-info>
</gc-start>
<allocation-stats totalBytes="2175768" >
  <allocated-bytes non-tlh="114720" tlh="2061048" />
  <largest-consumer threadName="Thread-6" threadId="0000000001746500" bytes="790440" />
</allocation-stats>
<gc-op id="577" type="scavenge" timems="0.293" contextid="574" timestamp="2019-07-02T19:17:50.571">
  <scavenger-info tenureage="1" tenuremask="7ffe" tiltratio="67" />
  <memory-copied type="nursery" objects="1461" bytes="619344" bytesdiscarded="232360" />
  <memory-copied type="tenure" objects="23" bytes="1568" bytesdiscarded="0" />
</gc-op>
<gc-end id="578" type="scavenge" contextid="574" durationms="0.482" usertimems="0.000" systemtimems="0.000" timestamp="2019-07-02T19:17:50.571" activeThreads="4">
  <mem-info id="579" free="2645872" total="10682368" percent="24">
    <mem type="nursery" free="1966288" total="4063232" percent="48">
      <mem type="allocate" free="1966288" total="2818048" percent="69" />
      <mem type="survivor" free="0" total="1245184" percent="0" />
    </mem>
    <mem type="tenure" free="679584" total="6619136" percent="10">
      <mem type="soa" free="348832" total="6288384" percent="5" />
      <mem type="loa" free="330752" total="330752" percent="100" />
    </mem>
    <remembered-set count="134" />
  </mem-info>
</gc-end>
<cycle-end id="580" type="scavenge" contextid="574" timestamp="2019-07-02T19:17:50.571">
  <attribute name="GC Util" value="6" />
  <attribute name="CPU Util" value="1169544681442" />
  <attribute name="Time Running"value="1331"/>
  <attribute name="Number of cores"value="4"/>
</cycle-end>
<allocation-satisfied id="581" threadId="0000000001746500" bytesRequested="16392" />
<af-end id="582" timestamp="2019-07-02T19:17:50.571" threadId="0000000001746E88" success="true" from="nursery"/>
<exclusive-end id="583" timestamp="2019-07-02T19:17:50.571" durationms="0.892" />

<exclusive-start id="584" timestamp="2019-07-02T19:17:50.584" intervalms="14.124">
  <response-info timems="0.043" idlems="0.043" threads="0" lastid="0000000001742A00" lastname="Thread-5" />
</exclusive-start>
<concurrent-collection-start id="585" timestamp="2019-07-02T19:17:50.584" intervalms="216.183" >
  <concurrent-trace-info reason="card cleaning threshold reached" tracedByMutators="629816" tracedByHelpers="721848" cardsCleaned="156" workStackOverflowCount="0" />
</concurrent-collection-start>
<gc-start id="586" type="global" contextid="570" timestamp="2019-07-02T19:17:50.584">
  <mem-info id="587" free="716656" total="10682368" percent="6">
    <mem type="nursery" free="37072" total="4063232" percent="0">
      <mem type="allocate" free="37072" total="2818048" percent="1" />
      <mem type="survivor" free="0" total="1245184" percent="0" />
    </mem>
    <mem type="tenure" free="679584" total="6619136" percent="10">
      <mem type="soa" free="348832" total="6288384" percent="5" />
      <mem type="loa" free="330752" total="330752" percent="100" />
    </mem>
    <remembered-set count="253" />
  </mem-info>
</gc-start>
<allocation-stats totalBytes="1857320" >
  <allocated-bytes non-tlh="114720" tlh="1742600" />
  <largest-consumer threadName="Thread-3" threadId="000000000173B200" bytes="783856" />
</allocation-stats>
<gc-op id="588" type="rs-scan" timems="0.180" contextid="570" timestamp="2019-07-02T19:17:50.585">
  <scan objectsFound="122" bytesTraced="10580" workStackOverflowCount="0" />
</gc-op>
<gc-op id="589" type="card-cleaning" timems="0.154" contextid="570" timestamp="2019-07-02T19:17:50.585">
  <card-cleaning cardsCleaned="64" bytesTraced="162824" workStackOverflowCount="0" />
</gc-op>
<gc-op id="590" type="mark" timems="0.581" contextid="570" timestamp="2019-07-02T19:17:50.586">
  <trace-info objectcount="2059" scancount="1799" scanbytes="319188" />
  <finalization candidates="25" enqueued="0" />
  <references type="soft" candidates="164" cleared="0" enqueued="0" dynamicThreshold="18" maxThreshold="32" />
  <references type="weak" candidates="244" cleared="0" enqueued="0" />
  <references type="phantom" candidates="70" cleared="0" enqueued="0" />
  <stringconstants candidates="3947" cleared="0"  />
</gc-op>
<gc-op id="591" type="sweep" timems="0.204" contextid="570" timestamp="2019-07-02T19:17:50.586" />
<gc-end id="592" type="global" contextid="570" durationms="1.482" usertimems="4.000" systemtimems="0.000" timestamp="2019-07-02T19:17:50.586" activeThreads="4">
  <mem-info id="593" free="5612912" total="10682368" percent="52">
    <mem type="nursery" free="1742600" total="4063232" percent="42">
      <mem type="allocate" free="1742600" total="2818048" percent="61" />
      <mem type="survivor" free="0" total="1245184" percent="0" />
    </mem>
    <mem type="tenure" free="3870312" total="6619136" percent="58" micro-fragmented="51179" macro-fragmented="0">
      <mem type="soa" free="3539560" total="6288384" percent="56" />
      <mem type="loa" free="330752" total="330752" percent="100" />
    </mem>
    <remembered-set count="230" />
  </mem-info>
</gc-end>
<cycle-end id="594" type="global" contextid="570" timestamp="2019-07-02T19:17:50.586">
  <attribute name="GC Util" value="122" />
  <attribute name="CPU Util" value="29304408295513" />
  <attribute name="Time Running"value="1347"/>
  <attribute name="Number of cores"value="4"/>
</cycle-end>
<concurrent-collection-end id="595" timestamp="2019-07-02T19:17:50.586" />
<exclusive-end id="596" timestamp="2019-07-02T19:17:50.586" durationms="1.773" />

<exclusive-start id="597" timestamp="2019-07-02T19:17:50.600" intervalms="15.731">
  <response-info timems="0.034" idlems="0.034" threads="0" lastid="000000000173B200" lastname="Thread-3" />
</exclusive-start>
<af-start id="598" threadId="000000000173BB88" totalBytesRequested="2056" timestamp="2019-07-02T19:17:50.600" intervalms="29.842" type="nursery" />
<cycle-start id="599" type="scavenge" contextid="0" timestamp="2019-07-02T19:17:50.600" intervalms="29.827" />
  <attribute name="GC Util" value="122" />
  <attribute name="CPU Util" value="29304408295513" />
  <attribute name="Time Running"value="1347"/>
  <attribute name="Number of cores"value="4"/>
<gc-start id="600" type="scavenge" contextid="599" timestamp="2019-07-02T19:17:50.600">
  <mem-info id="601" free="3870312" total="10682368" percent="36">
    <mem type="nursery" free="0" total="4063232" percent="0">
      <mem type="allocate" free="0" total="2818048" percent="0" />
      <mem type="survivor" free="0" total="1245184" percent="0" />
    </mem>
    <mem type="tenure" free="3870312" total="6619136" percent="58">
      <mem type="soa" free="3539560" total="6288384" percent="56" />
      <mem type="loa" free="330752" total="330752" percent="100" />
    </mem>
    <remembered-set count="272" />
  </mem-info>
</gc-start>
<allocation-stats totalBytes="1683992" >
  <allocated-bytes non-tlh="446728" tlh="1237264" />
  <largest-consumer threadName="Thread-3" threadId="000000000173B200" bytes="731472" />
</allocation-stats>
<gc-op id="602" type="scavenge" timems="0.803" contextid="599" timestamp="2019-07-02T19:17:50.601">
  <scavenger-info tenureage="1" tenuremask="7ffe" tiltratio="69" />
  <memory-copied type="nursery" objects="1797" bytes="755400" bytesdiscarded="113336" />
  <memory-copied type="tenure" objects="677" bytes="286784" bytesdiscarded="1576" />
  <references type="phantom" candidates="1" cleared="0" enqueued="0" />
</gc-op>
<gc-end id="603" type="scavenge" contextid="599" durationms="0.969" usertimems="4.000" systemtimems="0.000" timestamp="2019-07-02T19:17:50.601" activeThreads="4">
  <mem-info id="604" free="5598952" total="10682368" percent="52">
    <mem type="nursery" free="2145856" total="4063232" percent="52">
      <mem type="allocate" free="2145856" total="3014656" percent="71" />
      <mem type="survivor" free="0" total="1048576" percent="0" />
    </mem>
    <mem type="tenure" free="3453096" total="6619136" percent="52">
      <mem type="soa" free="3122344" total="6288384" percent="49" />
      <mem type="loa" free="330752" total="330752" percent="100" />
    </mem>
    <remembered-set count="137" />
  </mem-info>
</gc-end>
<cycle-end id="605" type="scavenge" contextid="599" timestamp="2019-07-02T19:17:50.601">
  <attribute name="GC Util" value="8" />
  <attribute name="CPU Util" value="1262042165846" />
  <attribute name="Time Running"value="1361"/>
  <attribute name="Number of cores"value="4"/>
</cycle-end>
<allocation-satisfied id="606" threadId="000000000173B200" bytesRequested="2056" />
<af-end id="607" timestamp="2019-07-02T19:17:50.601" threadId="000000000173BB88" success="true" from="nursery"/>
<exclusive-end id="608" timestamp="2019-07-02T19:17:50.601" durationms="1.287" />

<exclusive-start id="609" timestamp="2019-07-02T19:17:50.617" intervalms="17.306">
  <response-info timems="0.030" idlems="0.030" threads="0" lastid="0000000001746500" lastname="Thread-6" />
</exclusive-start>
<af-start id="610" threadId="0000000001746E88" totalBytesRequested="24" timestamp="2019-07-02T19:17:50.617" intervalms="17.324" type="nursery" />
<cycle-start id="611" type="scavenge" contextid="0" timestamp="2019-07-02T19:17:50.618" intervalms="17.336" />
  <attribute name="GC Util" value="8" />
  <attribute name="CPU Util" value="1262042165846" />
  <attribute name="Time Running"value="1361"/>
  <attribute name="Number of cores"value="4"/>
<gc-start id="612" type="scavenge" contextid="611" timestamp="2019-07-02T19:17:50.618">
  <mem-info id="613" free="3453096" total="10682368" percent="32">
    <mem type="nursery" free="0" total="4063232" percent="0">
      <mem type="allocate" free="0" total="3014656" percent="0" />
      <mem type="survivor" free="0" total="1048576" percent="0" />
    </mem>
    <mem type="tenure" free="3453096" total="6619136" percent="52">
      <mem type="soa" free="3122344" total="6288384" percent="49" />
      <mem type="loa" free="330752" total="330752" percent="100" />
    </mem>
    <remembered-set count="322" />
  </mem-info>
</gc-start>
<allocation-stats totalBytes="2105840" >
  <allocated-bytes non-tlh="100384" tlh="2005456" />
  <largest-consumer threadName="Thread-6" threadId="0000000001746500" bytes="585112" />
</allocation-stats>
<gc-op id="614" type="scavenge" timems="0.361" contextid="611" timestamp="2019-07-02T19:17:50.618">
  <scavenger-info tenureage="1" tenuremask="7ffe" tiltratio="74" />
  <memory-copied type="nursery" objects="2402" bytes="927624" bytesdiscarded="120880" />
  <memory-copied type="tenure" objects="46" bytes="38096" bytesdiscarded="72" />
  <references type="phantom" candidates="1" cleared="0" enqueued="0" />
</gc-op>
<gc-end id="615" type="scavenge" contextid="611" durationms="0.553" usertimems="0.000" systemtimems="0.000" timestamp="2019-07-02T19:17:50.618" activeThreads="4">
  <mem-info id="616" free="5242824" total="10682368" percent="49">
    <mem type="nursery" free="1835008" total="4063232" percent="45">
      <mem type="allocate" free="1835008" total="2883584" percent="63" />
      <mem type="survivor" free="0" total="1179648" percent="0" />
    </mem>
    <mem type="tenure" free="3407816" total="6619136" percent="51">
      <mem type="soa" free="3077064" total="6288384" percent="48" />
      <mem type="loa" free="330752" total="330752" percent="100" />
    </mem>
    <remembered-set count="118" />
  </mem-info>
</gc-end>
<cycle-end id="617" type="scavenge" contextid="611" timestamp="2019-07-02T19:17:50.618">
  <attribute name="GC Util" value="9" />
  <attribute name="CPU Util" value="1061528296732" />
  <attribute name="Time Running"value="1379"/>
  <attribute name="Number of cores"value="4"/>
</cycle-end>
<allocation-satisfied id="618" threadId="0000000001746500" bytesRequested="24" />
<af-end id="619" timestamp="2019-07-02T19:17:50.618" threadId="0000000001746E88" success="true" from="nursery"/>
<exclusive-end id="620" timestamp="2019-07-02T19:17:50.618" durationms="0.968" />

<exclusive-start id="621" timestamp="2019-07-02T19:17:50.633" intervalms="15.942">
  <response-info timems="0.051" idlems="0.051" threads="0" lastid="000000000173B200" lastname="Thread-3" />
</exclusive-start>
<af-start id="622" threadId="000000000173BB88" totalBytesRequested="32776" timestamp="2019-07-02T19:17:50.633" intervalms="15.928" type="nursery" />
<cycle-start id="623" type="scavenge" contextid="0" timestamp="2019-07-02T19:17:50.633" intervalms="15.915" />
  <attribute name="GC Util" value="9" />
  <attribute name="CPU Util" value="1061528296732" />
  <attribute name="Time Running"value="1379"/>
  <attribute name="Number of cores"value="4"/>
<gc-start id="624" type="scavenge" contextid="623" timestamp="2019-07-02T19:17:50.633">
  <mem-info id="625" free="3407816" total="10682368" percent="31">
    <mem type="nursery" free="0" total="4063232" percent="0">
      <mem type="allocate" free="0" total="2883584" percent="0" />
      <mem type="survivor" free="0" total="1179648" percent="0" />
    </mem>
    <mem type="tenure" free="3407816" total="6619136" percent="51">
      <mem type="soa" free="3077064" total="6288384" percent="48" />
      <mem type="loa" free="330752" total="330752" percent="100" />
    </mem>
    <remembered-set count="264" />
  </mem-info>
</gc-start>
<allocation-stats totalBytes="1775776" >
  <allocated-bytes non-tlh="65576" tlh="1710200" />
  <largest-consumer threadName="Thread-6" threadId="0000000001746500" bytes="895736" />
</allocation-stats>
<gc-op id="626" type="scavenge" timems="0.758" contextid="623" timestamp="2019-07-02T19:17:50.634">
  <scavenger-info tenureage="1" tenuremask="7ffe" tiltratio="70" />
  <memory-copied type="nursery" objects="997" bytes="470824" bytesdiscarded="109832" />
  <memory-copied type="tenure" objects="636" bytes="266984" bytesdiscarded="2056" />
  <references type="weak" candidates="1" cleared="0" enqueued="0" />
  <references type="phantom" candidates="1" cleared="0" enqueued="0" />
</gc-op>
<gc-end id="627" type="scavenge" contextid="623" durationms="0.921" usertimems="0.000" systemtimems="0.000" timestamp="2019-07-02T19:17:50.634" activeThreads="4">
  <mem-info id="628" free="5440216" total="10682368" percent="50">
    <mem type="nursery" free="2302904" total="4063232" percent="56">
      <mem type="allocate" free="2302904" total="2883584" percent="79" />
      <mem type="survivor" free="0" total="1179648" percent="0" />
    </mem>
    <mem type="tenure" free="3137312" total="6619136" percent="47">
      <mem type="soa" free="2806560" total="6288384" percent="44" />
      <mem type="loa" free="330752" total="330752" percent="100" />
    </mem>
    <remembered-set count="135" />
  </mem-info>
</gc-end>
<cycle-end id="629" type="scavenge" contextid="623" timestamp="2019-07-02T19:17:50.634">
  <attribute name="GC Util" value="6" />
  <attribute name="CPU Util" value="1161755639372" />
  <attribute name="Time Running"value="1395"/>
  <attribute name="Number of cores"value="4"/>
</cycle-end>
<allocation-satisfied id="630" threadId="000000000173B200" bytesRequested="32776" />
<af-end id="631" timestamp="2019-07-02T19:17:50.635" threadId="000000000173BB88" success="true" from="nursery"/>
<exclusive-end id="632" timestamp="2019-07-02T19:17:50.635" durationms="1.244" />

<exclusive-start id="633" timestamp="2019-07-02T19:17:50.646" intervalms="12.857">
  <response-info timems="0.034" idlems="0.034" threads="0" lastid="000000000173EE00" lastname="Thread-4" />
</exclusive-start>
<af-start id="634" threadId="000000000173F788" totalBytesRequested="16392" timestamp="2019-07-02T19:17:50.646" intervalms="12.869" type="nursery" />
<cycle-start id="635" type="scavenge" contextid="0" timestamp="2019-07-02T19:17:50.646" intervalms="12.894" />
  <attribute name="GC Util" value="6" />
  <attribute name="CPU Util" value="1161755639372" />
  <attribute name="Time Running"value="1395"/>
  <attribute name="Number of cores"value="4"/>
<gc-start id="636" type="scavenge" contextid="635" timestamp="2019-07-02T19:17:50.646">
  <mem-info id="637" free="3137312" total="10682368" percent="29">
    <mem type="nursery" free="0" total="4063232" percent="0">
      <mem type="allocate" free="0" total="2883584" percent="0" />
      <mem type="survivor" free="0" total="1179648" percent="0" />
    </mem>
    <mem type="tenure" free="3137312" total="6619136" percent="47">
      <mem type="soa" free="2806560" total="6288384" percent="44" />
      <mem type="loa" free="330752" total="330752" percent="100" />
    </mem>
    <remembered-set count="282" />
  </mem-info>
</gc-start>
<allocation-stats totalBytes="2202832" >
  <allocated-bytes non-tlh="98328" tlh="2104504" />
  <largest-consumer threadName="Thread-4" threadId="000000000173EE00" bytes="945320" />
</allocation-stats>
<gc-op id="638" type="scavenge" timems="3.705" contextid="635" timestamp="2019-07-02T19:17:50.650">
  <scavenger-info tenureage="1" tenuremask="7ffe" tiltratio="70" />
  <memory-copied type="nursery" objects="1296" bytes="596512" bytesdiscarded="216656" />
  <memory-copied type="tenure" objects="200" bytes="75856" bytesdiscarded="864" />
  <references type="phantom" candidates="1" cleared="0" enqueued="0" />
</gc-op>
<heap-resize id="639" type="expand" space="nursery" amount="524288" count="1" timems="0.015" reason="excessive time being spent scavenging" timestamp="2019-07-02T19:17:50.651" />
<gc-end id="640" type="scavenge" contextid="635" durationms="4.234" usertimems="4.000" systemtimems="0.000" timestamp="2019-07-02T19:17:50.651" activeThreads="4">
  <mem-info id="641" free="5530304" total="11206656" percent="49">
    <mem type="nursery" free="2463584" total="4587520" percent="53">
      <mem type="allocate" free="2463584" total="3276800" percent="75" />
      <mem type="survivor" free="0" total="1310720" percent="0" />
    </mem>
    <mem type="tenure" free="3066720" total="6619136" percent="46">
      <mem type="soa" free="2735968" total="6288384" percent="43" />
      <mem type="loa" free="330752" total="330752" percent="100" />
    </mem>
    <remembered-set count="113" />
  </mem-info>
</gc-end>
<cycle-end id="642" type="scavenge" contextid="635" timestamp="2019-07-02T19:17:50.651">
  <attribute name="GC Util" value="11" />
  <attribute name="CPU Util" value="1426196648409" />
  <attribute name="Time Running"value="1407"/>
  <attribute name="Number of cores"value="4"/>
</cycle-end>
<allocation-satisfied id="643" threadId="000000000173EE00" bytesRequested="16392" />
<af-end id="644" timestamp="2019-07-02T19:17:50.651" threadId="000000000173F788" success="true" from="nursery"/>
<exclusive-end id="645" timestamp="2019-07-02T19:17:50.651" durationms="4.922" />

<exclusive-start id="646" timestamp="2019-07-02T19:17:50.677" intervalms="30.367">
  <response-info timems="0.040" idlems="0.040" threads="0" lastid="0000000001746500" lastname="Thread-6" />
</exclusive-start>
<af-start id="647" threadId="0000000001746E88" totalBytesRequested="32776" timestamp="2019-07-02T19:17:50.677" intervalms="30.372" type="nursery" />
<cycle-start id="648" type="scavenge" contextid="0" timestamp="2019-07-02T19:17:50.677" intervalms="30.362" />
  <attribute name="GC Util" value="11" />
  <attribute name="CPU Util" value="1426196648409" />
  <attribute name="Time Running"value="1407"/>
  <attribute name="Number of cores"value="4"/>
<gc-start id="649" type="scavenge" contextid="648" timestamp="2019-07-02T19:17:50.677">
  <mem-info id="650" free="3066720" total="11206656" percent="27">
    <mem type="nursery" free="0" total="4587520" percent="0">
      <mem type="allocate" free="0" total="3276800" percent="0" />
      <mem type="survivor" free="0" total="1310720" percent="0" />
    </mem>
    <mem type="tenure" free="3066720" total="6619136" percent="46">
      <mem type="soa" free="2735968" total="6288384" percent="43" />
      <mem type="loa" free="330752" total="330752" percent="100" />
    </mem>
    <remembered-set count="277" />
  </mem-info>
</gc-start>
<allocation-stats totalBytes="2434112" >
  <allocated-bytes non-tlh="49168" tlh="2384944" />
  <largest-consumer threadName="Thread-4" threadId="000000000173EE00" bytes="1220296" />
</allocation-stats>
<gc-op id="651" type="scavenge" timems="0.383" contextid="648" timestamp="2019-07-02T19:17:50.677">
  <scavenger-info tenureage="1" tenuremask="7ffe" tiltratio="71" />
  <memory-copied type="nursery" objects="1312" bytes="526304" bytesdiscarded="168312" />
  <memory-copied type="tenure" objects="663" bytes="286920" bytesdiscarded="4704" />
</gc-op>
<gc-end id="652" type="scavenge" contextid="648" durationms="0.582" usertimems="0.000" systemtimems="0.000" timestamp="2019-07-02T19:17:50.677" activeThreads="4">
  <mem-info id="653" free="5623320" total="11206656" percent="50">
    <mem type="nursery" free="2909824" total="4587520" percent="63">
      <mem type="allocate" free="2909824" total="3604480" percent="80" />
      <mem type="survivor" free="0" total="983040" percent="0" />
    </mem>
    <mem type="tenure" free="2713496" total="6619136" percent="40">
      <mem type="soa" free="2382744" total="6288384" percent="37" />
      <mem type="loa" free="330752" total="330752" percent="100" />
    </mem>
    <remembered-set count="127" />
  </mem-info>
</gc-end>
<cycle-end id="654" type="scavenge" contextid="648" timestamp="2019-07-02T19:17:50.677">
  <attribute name="GC Util" value="20" />
  <attribute name="CPU Util" value="607475169196" />
  <attribute name="Time Running"value="1438"/>
  <attribute name="Number of cores"value="4"/>
</cycle-end>
<allocation-satisfied id="655" threadId="0000000001746500" bytesRequested="32776" />
<af-end id="656" timestamp="2019-07-02T19:17:50.678" threadId="0000000001746E88" success="true" from="nursery"/>
<exclusive-end id="657" timestamp="2019-07-02T19:17:50.678" durationms="1.001" />

<exclusive-start id="658" timestamp="2019-07-02T19:17:50.698" intervalms="21.124">
  <response-info timems="0.036" idlems="0.036" threads="0" lastid="0000000001742A00" lastname="Thread-5" />
</exclusive-start>
<af-start id="659" threadId="0000000001743388" totalBytesRequested="1032" timestamp="2019-07-02T19:17:50.698" intervalms="21.133" type="nursery" />
<cycle-start id="660" type="scavenge" contextid="0" timestamp="2019-07-02T19:17:50.698" intervalms="21.132" />
  <attribute name="GC Util" value="20" />
  <attribute name="CPU Util" value="607475169196" />
  <attribute name="Time Running"value="1438"/>
  <attribute name="Number of cores"value="4"/>
<gc-start id="661" type="scavenge" contextid="660" timestamp="2019-07-02T19:17:50.698">
  <mem-info id="662" free="2713496" total="11206656" percent="24">
    <mem type="nursery" free="0" total="4587520" percent="0">
      <mem type="allocate" free="0" total="3604480" percent="0" />
      <mem type="survivor" free="0" total="983040" percent="0" />
    </mem>
    <mem type="tenure" free="2713496" total="6619136" percent="40">
      <mem type="soa" free="2382744" total="6288384" percent="37" />
      <mem type="loa" free="330752" total="330752" percent="100" />
    </mem>
    <remembered-set count="321" />
  </mem-info>
</gc-start>
<allocation-stats totalBytes="2836776" >
  <allocated-bytes non-tlh="98328" tlh="2738448" />
  <largest-consumer threadName="Thread-6" threadId="0000000001746500" bytes="953552" />
</allocation-stats>
<gc-op id="663" type="scavenge" timems="0.361" contextid="660" timestamp="2019-07-02T19:17:50.698">
  <scavenger-info tenureage="1" tenuremask="7ffe" tiltratio="78" />
  <memory-copied type="nursery" objects="1996" bytes="830272" bytesdiscarded="152696" />
  <memory-copied type="tenure" objects="56" bytes="4400" bytesdiscarded="0" />
  <references type="phantom" candidates="1" cleared="0" enqueued="0" />
</gc-op>
<gc-end id="664" type="scavenge" contextid="660" durationms="0.563" usertimems="0.000" systemtimems="0.000" timestamp="2019-07-02T19:17:50.698" activeThreads="4">
  <mem-info id="665" free="5057104" total="11206656" percent="45">
    <mem type="nursery" free="2424832" total="4587520" percent="52">
      <mem type="allocate" free="2424832" total="3407872" percent="71" />
      <mem type="survivor" free="0" total="1179648" percent="0" />
    </mem>
    <mem type="tenure" free="2632272" total="6619136" percent="39">
      <mem type="soa" free="2301520" total="6288384" percent="36" />
      <mem type="loa" free="330752" total="330752" percent="100" />
    </mem>
    <remembered-set count="135" />
  </mem-info>
</gc-end>
<cycle-end id="666" type="scavenge" contextid="660" timestamp="2019-07-02T19:17:50.699">
  <attribute name="GC Util" value="5" />
  <attribute name="CPU Util" value="872751355307" />
  <attribute name="Time Running"value="1459"/>
  <attribute name="Number of cores"value="4"/>
</cycle-end>
<allocation-satisfied id="667" threadId="0000000001742A00" bytesRequested="1032" />
<af-end id="668" timestamp="2019-07-02T19:17:50.699" threadId="0000000001743388" success="true" from="nursery"/>
<exclusive-end id="669" timestamp="2019-07-02T19:17:50.699" durationms="1.038" />

<exclusive-start id="670" timestamp="2019-07-02T19:17:50.719" intervalms="21.755">
  <response-info timems="0.035" idlems="0.035" threads="0" lastid="000000000173EE00" lastname="Thread-4" />
</exclusive-start>
<af-start id="671" threadId="000000000173F788" totalBytesRequested="16392" timestamp="2019-07-02T19:17:50.720" intervalms="21.755" type="nursery" />
<cycle-start id="672" type="scavenge" contextid="0" timestamp="2019-07-02T19:17:50.720" intervalms="21.764" />
  <attribute name="GC Util" value="5" />
  <attribute name="CPU Util" value="872751355307" />
  <attribute name="Time Running"value="1459"/>
  <attribute name="Number of cores"value="4"/>
<gc-start id="673" type="scavenge" contextid="672" timestamp="2019-07-02T19:17:50.720">
  <mem-info id="674" free="2632272" total="11206656" percent="23">
    <mem type="nursery" free="0" total="4587520" percent="0">
      <mem type="allocate" free="0" total="3407872" percent="0" />
      <mem type="survivor" free="0" total="1179648" percent="0" />
    </mem>
    <mem type="tenure" free="2632272" total="6619136" percent="39">
      <mem type="soa" free="2301520" total="6288384" percent="36" />
      <mem type="loa" free="330752" total="330752" percent="100" />
    </mem>
    <remembered-set count="331" />
  </mem-info>
</gc-start>
<allocation-stats totalBytes="2361968" >
  <allocated-bytes non-tlh="33808" tlh="2328160" />
  <largest-consumer threadName="Thread-4" threadId="000000000173EE00" bytes="949344" />
</allocation-stats>
<gc-op id="675" type="scavenge" timems="1.998" contextid="672" timestamp="2019-07-02T19:17:50.722">
  <scavenger-info tenureage="1" tenuremask="7ffe" tiltratio="74" />
  <memory-copied type="nursery" objects="1405" bytes="462896" bytesdiscarded="211224" />
  <memory-copied type="tenure" objects="786" bytes="387960" bytesdiscarded="3208" />
</gc-op>
<heap-resize id="676" type="expand" space="nursery" amount="262144" count="1" timems="0.014" reason="excessive time being spent scavenging" timestamp="2019-07-02T19:17:50.722" />
<gc-end id="677" type="scavenge" contextid="672" durationms="2.570" usertimems="4.000" systemtimems="0.000" timestamp="2019-07-02T19:17:50.722" activeThreads="4">
  <mem-info id="678" free="5196576" total="11468800" percent="45">
    <mem type="nursery" free="2930320" total="4849664" percent="60">
      <mem type="allocate" free="2930320" total="3604480" percent="81" />
      <mem type="survivor" free="0" total="1245184" percent="0" />
    </mem>
    <mem type="tenure" free="2266256" total="6619136" percent="34">
      <mem type="soa" free="1935504" total="6288384" percent="30" />
      <mem type="loa" free="330752" total="330752" percent="100" />
    </mem>
    <remembered-set count="130" />
  </mem-info>
</gc-end>
<cycle-end id="679" type="scavenge" contextid="672" timestamp="2019-07-02T19:17:50.722">
  <attribute name="GC Util" value="4" />
  <attribute name="CPU Util" value="845865583520" />
  <attribute name="Time Running"value="1481"/>
  <attribute name="Number of cores"value="4"/>
</cycle-end>
<allocation-satisfied id="680" threadId="000000000173EE00" bytesRequested="16392" />
<af-end id="681" timestamp="2019-07-02T19:17:50.723" threadId="000000000173F788" success="true" from="nursery"/>
<exclusive-end id="682" timestamp="2019-07-02T19:17:50.723" durationms="3.309" />

<exclusive-start id="683" timestamp="2019-07-02T19:17:50.743" intervalms="23.770">
  <response-info timems="0.059" idlems="0.059" threads="0" lastid="000000000173B200" lastname="Thread-3" />
</exclusive-start>
<af-start id="684" threadId="000000000173BB88" totalBytesRequested="16" timestamp="2019-07-02T19:17:50.743" intervalms="23.769" type="nursery" />
<cycle-start id="685" type="scavenge" contextid="0" timestamp="2019-07-02T19:17:50.743" intervalms="23.753" />
  <attribute name="GC Util" value="4" />
  <attribute name="CPU Util" value="845865583520" />
  <attribute name="Time Running"value="1481"/>
  <attribute name="Number of cores"value="4"/>
<gc-start id="686" type="scavenge" contextid="685" timestamp="2019-07-02T19:17:50.743">
  <mem-info id="687" free="2266256" total="11468800" percent="19">
    <mem type="nursery" free="0" total="4849664" percent="0">
      <mem type="allocate" free="0" total="3604480" percent="0" />
      <mem type="survivor" free="0" total="1245184" percent="0" />
    </mem>
    <mem type="tenure" free="2266256" total="6619136" percent="34">
      <mem type="soa" free="1935504" total="6288384" percent="30" />
      <mem type="loa" free="330752" total="330752" percent="100" />
    </mem>
    <remembered-set count="280" />
  </mem-info>
</gc-start>
<allocation-stats totalBytes="2906584" >
  <allocated-bytes non-tlh="65560" tlh="2841024" />
  <largest-consumer threadName="Thread-4" threadId="000000000173EE00" bytes="1354296" />
</allocation-stats>
<gc-op id="688" type="scavenge" timems="0.539" contextid="685" timestamp="2019-07-02T19:17:50.744">
  <scavenger-info tenureage="1" tenuremask="7ffe" tiltratio="74" />
  <memory-copied type="nursery" objects="1908" bytes="753960" bytesdiscarded="163896" />
  <memory-copied type="tenure" objects="167" bytes="98624" bytesdiscarded="224" />
</gc-op>
<gc-end id="689" type="scavenge" contextid="685" durationms="0.730" usertimems="0.000" systemtimems="0.000" timestamp="2019-07-02T19:17:50.744" activeThreads="4">
  <mem-info id="690" free="4924272" total="11468800" percent="42">
    <mem type="nursery" free="2752104" total="4849664" percent="56">
      <mem type="allocate" free="2752104" total="3670016" percent="74" />
      <mem type="survivor" free="0" total="1179648" percent="0" />
    </mem>
    <mem type="tenure" free="2172168" total="6619136" percent="32">
      <mem type="soa" free="1841416" total="6288384" percent="29" />
      <mem type="loa" free="330752" total="330752" percent="100" />
    </mem>
    <remembered-set count="126" />
  </mem-info>
</gc-end>
<cycle-end id="691" type="scavenge" contextid="685" timestamp="2019-07-02T19:17:50.744">
  <attribute name="GC Util" value="13" />
  <attribute name="CPU Util" value="777194629771" />
  <attribute name="Time Running"value="1504"/>
  <attribute name="Number of cores"value="4"/>
</cycle-end>
<allocation-satisfied id="692" threadId="000000000173B200" bytesRequested="16" />
<af-end id="693" timestamp="2019-07-02T19:17:50.744" threadId="000000000173BB88" success="true" from="nursery"/>
<exclusive-end id="694" timestamp="2019-07-02T19:17:50.744" durationms="1.127" />

<exclusive-start id="695" timestamp="2019-07-02T19:17:50.771" intervalms="27.897">
  <response-info timems="0.036" idlems="0.036" threads="0" lastid="0000000001742A00" lastname="Thread-5" />
</exclusive-start>
<af-start id="696" threadId="0000000001743388" totalBytesRequested="16392" timestamp="2019-07-02T19:17:50.771" intervalms="27.894" type="nursery" />
<cycle-start id="697" type="scavenge" contextid="0" timestamp="2019-07-02T19:17:50.771" intervalms="27.905" />
  <attribute name="GC Util" value="13" />
  <attribute name="CPU Util" value="777194629771" />
  <attribute name="Time Running"value="1504"/>
  <attribute name="Number of cores"value="4"/>
<gc-start id="698" type="scavenge" contextid="697" timestamp="2019-07-02T19:17:50.771">
  <mem-info id="699" free="2172168" total="11468800" percent="18">
    <mem type="nursery" free="0" total="4849664" percent="0">
      <mem type="allocate" free="0" total="3670016" percent="0" />
      <mem type="survivor" free="0" total="1179648" percent="0" />
    </mem>
    <mem type="tenure" free="2172168" total="6619136" percent="32">
      <mem type="soa" free="1841416" total="6288384" percent="29" />
      <mem type="loa" free="330752" total="330752" percent="100" />
    </mem>
    <remembered-set count="285" />
  </mem-info>
</gc-start>
<allocation-stats totalBytes="2710744" >
  <allocated-bytes non-tlh="16" tlh="2710728" />
  <largest-consumer threadName="Thread-4" threadId="000000000173EE00" bytes="1276016" />
</allocation-stats>
<gc-op id="700" type="scavenge" timems="0.384" contextid="697" timestamp="2019-07-02T19:17:50.772">
  <scavenger-info tenureage="1" tenuremask="7ffe" tiltratio="75" />
  <memory-copied type="nursery" objects="919" bytes="471816" bytesdiscarded="247048" />
  <memory-copied type="tenure" objects="34" bytes="36920" bytesdiscarded="0" />
  <references type="weak" candidates="1" cleared="0" enqueued="0" />
  <references type="phantom" candidates="1" cleared="0" enqueued="0" />
</gc-op>
<gc-end id="701" type="scavenge" contextid="697" durationms="0.576" usertimems="0.000" systemtimems="0.000" timestamp="2019-07-02T19:17:50.772" activeThreads="4">
  <mem-info id="702" free="5188816" total="11468800" percent="45">
    <mem type="nursery" free="3016648" total="4849664" percent="62">
      <mem type="allocate" free="3016648" total="3735552" percent="80" />
      <mem type="survivor" free="0" total="1114112" percent="0" />
    </mem>
    <mem type="tenure" free="2172168" total="6619136" percent="32">
      <mem type="soa" free="1841416" total="6288384" percent="29" />
      <mem type="loa" free="330752" total="330752" percent="100" />
    </mem>
    <remembered-set count="109" />
  </mem-info>
</gc-end>
<cycle-end id="703" type="scavenge" contextid="697" timestamp="2019-07-02T19:17:50.772">
  <attribute name="GC Util" value="4" />
  <attribute name="CPU Util" value="661321910386" />
  <attribute name="Time Running"value="1532"/>
  <attribute name="Number of cores"value="4"/>
</cycle-end>
<allocation-satisfied id="704" threadId="0000000001742A00" bytesRequested="16392" />
<af-end id="705" timestamp="2019-07-02T19:17:50.772" threadId="0000000001743388" success="true" from="nursery"/>
<exclusive-end id="706" timestamp="2019-07-02T19:17:50.772" durationms="1.024" />

<exclusive-start id="707" timestamp="2019-07-02T19:17:50.798" intervalms="26.961">
  <response-info timems="0.029" idlems="0.029" threads="0" lastid="000000000173EE00" lastname="Thread-4" />
</exclusive-start>
<af-start id="708" threadId="000000000173F788" totalBytesRequested="48" timestamp="2019-07-02T19:17:50.798" intervalms="26.987" type="nursery" />
<cycle-start id="709" type="scavenge" contextid="0" timestamp="2019-07-02T19:17:50.798" intervalms="26.994" />
  <attribute name="GC Util" value="4" />
  <attribute name="CPU Util" value="661321910386" />
  <attribute name="Time Running"value="1532"/>
  <attribute name="Number of cores"value="4"/>
<gc-start id="710" type="scavenge" contextid="709" timestamp="2019-07-02T19:17:50.798">
  <mem-info id="711" free="2172168" total="11468800" percent="18">
    <mem type="nursery" free="0" total="4849664" percent="0">
      <mem type="allocate" free="0" total="3735552" percent="0" />
      <mem type="survivor" free="0" total="1114112" percent="0" />
    </mem>
    <mem type="tenure" free="2172168" total="6619136" percent="32">
      <mem type="soa" free="1841416" total="6288384" percent="29" />
      <mem type="loa" free="330752" total="330752" percent="100" />
    </mem>
    <remembered-set count="296" />
  </mem-info>
</gc-start>
<allocation-stats totalBytes="2947320" >
  <allocated-bytes non-tlh="49168" tlh="2898152" />
  <largest-consumer threadName="Thread-5" threadId="0000000001742A00" bytes="886704" />
</allocation-stats>
<gc-op id="712" type="scavenge" timems="4.422" contextid="709" timestamp="2019-07-02T19:17:50.803">
  <scavenger-info tenureage="1" tenuremask="7ffe" tiltratio="77" />
  <memory-copied type="nursery" objects="2667" bytes="995376" bytesdiscarded="118664" />
  <memory-copied type="tenure" objects="47" bytes="2464" bytesdiscarded="0" />
</gc-op>
<heap-resize id="713" type="expand" space="nursery" amount="393216" count="1" timems="0.015" reason="excessive time being spent scavenging" timestamp="2019-07-02T19:17:50.803" />
<gc-end id="714" type="scavenge" contextid="709" durationms="4.948" usertimems="8.000" systemtimems="0.000" timestamp="2019-07-02T19:17:50.803" activeThreads="4">
  <mem-info id="715" free="4597000" total="11862016" percent="38">
    <mem type="nursery" free="2424832" total="5242880" percent="46">
      <mem type="allocate" free="2424832" total="3538944" percent="68" />
      <mem type="survivor" free="0" total="1703936" percent="0" />
    </mem>
    <mem type="tenure" free="2172168" total="6619136" percent="32">
      <mem type="soa" free="1841416" total="6288384" percent="29" />
      <mem type="loa" free="330752" total="330752" percent="100" />
    </mem>
    <remembered-set count="119" />
  </mem-info>
</gc-end>
<cycle-end id="716" type="scavenge" contextid="709" timestamp="2019-07-02T19:17:50.804">
  <attribute name="GC Util" value="3" />
  <attribute name="CPU Util" value="683134435953" />
  <attribute name="Time Running"value="1559"/>
  <attribute name="Number of cores"value="4"/>
</cycle-end>
<allocation-satisfied id="717" threadId="000000000173EE00" bytesRequested="48" />
<af-end id="718" timestamp="2019-07-02T19:17:50.804" threadId="000000000173F788" success="true" from="nursery"/>
<exclusive-end id="719" timestamp="2019-07-02T19:17:50.804" durationms="5.851" />

<exclusive-start id="720" timestamp="2019-07-02T19:17:50.826" intervalms="28.087">
  <response-info timems="0.044" idlems="0.044" threads="0" lastid="0000000001746500" lastname="Thread-6" />
</exclusive-start>
<af-start id="721" threadId="0000000001746E88" totalBytesRequested="48" timestamp="2019-07-02T19:17:50.826" intervalms="28.054" type="nursery" />
<cycle-start id="722" type="scavenge" contextid="0" timestamp="2019-07-02T19:17:50.826" intervalms="28.047" />
  <attribute name="GC Util" value="3" />
  <attribute name="CPU Util" value="683134435953" />
  <attribute name="Time Running"value="1559"/>
  <attribute name="Number of cores"value="4"/>
<gc-start id="723" type="scavenge" contextid="722" timestamp="2019-07-02T19:17:50.826">
  <mem-info id="724" free="2172168" total="11862016" percent="18">
    <mem type="nursery" free="0" total="5242880" percent="0">
      <mem type="allocate" free="0" total="3538944" percent="0" />
      <mem type="survivor" free="0" total="1703936" percent="0" />
    </mem>
    <mem type="tenure" free="2172168" total="6619136" percent="32">
      <mem type="soa" free="1841416" total="6288384" percent="29" />
      <mem type="loa" free="330752" total="330752" percent="100" />
    </mem>
    <remembered-set count="301" />
  </mem-info>
</gc-start>
<allocation-stats totalBytes="2423280" >
  <allocated-bytes non-tlh="32824" tlh="2390456" />
  <largest-consumer threadName="Thread-6" threadId="0000000001746500" bytes="920264" />
</allocation-stats>
<gc-op id="725" type="scavenge" timems="3.870" contextid="722" timestamp="2019-07-02T19:17:50.830">
  <scavenger-info tenureage="1" tenuremask="7ffe" tiltratio="67" />
  <memory-copied type="nursery" objects="1985" bytes="742312" bytesdiscarded="190056" />
  <memory-copied type="tenure" objects="798" bytes="341960" bytesdiscarded="1440" />
</gc-op>
<heap-resize id="726" type="expand" space="nursery" amount="393216" count="1" timems="0.013" reason="excessive time being spent scavenging" timestamp="2019-07-02T19:17:50.831" />
<gc-end id="727" type="scavenge" contextid="722" durationms="4.390" usertimems="8.000" systemtimems="0.000" timestamp="2019-07-02T19:17:50.831" activeThreads="4">
  <mem-info id="728" free="5004680" total="12255232" percent="40">
    <mem type="nursery" free="3130808" total="5636096" percent="55">
      <mem type="allocate" free="3130808" total="4063232" percent="77" />
      <mem type="survivor" free="0" total="1572864" percent="0" />
    </mem>
    <mem type="tenure" free="1873872" total="6619136" percent="28">
      <mem type="soa" free="1543120" total="6288384" percent="24" />
      <mem type="loa" free="330752" total="330752" percent="100" />
    </mem>
    <remembered-set count="112" />
  </mem-info>
</gc-end>
<cycle-end id="729" type="scavenge" contextid="722" timestamp="2019-07-02T19:17:50.831">
  <attribute name="GC Util" value="25" />
  <attribute name="CPU Util" value="658293270959" />
  <attribute name="Time Running"value="1587"/>
  <attribute name="Number of cores"value="4"/>
</cycle-end>
<allocation-satisfied id="730" threadId="0000000001746500" bytesRequested="48" />
<af-end id="731" timestamp="2019-07-02T19:17:50.831" threadId="0000000001746E88" success="true" from="nursery"/>
<exclusive-end id="732" timestamp="2019-07-02T19:17:50.831" durationms="5.014" />

<exclusive-start id="733" timestamp="2019-07-02T19:17:50.852" intervalms="26.213">
  <response-info timems="0.039" idlems="0.039" threads="0" lastid="0000000001746500" lastname="Thread-6" />
</exclusive-start>
<af-start id="734" threadId="0000000001746E88" totalBytesRequested="8200" timestamp="2019-07-02T19:17:50.852" intervalms="26.214" type="nursery" />
<cycle-start id="735" type="scavenge" contextid="0" timestamp="2019-07-02T19:17:50.852" intervalms="26.211" />
  <attribute name="GC Util" value="25" />
  <attribute name="CPU Util" value="658293270959" />
  <attribute name="Time Running"value="1587"/>
  <attribute name="Number of cores"value="4"/>
<gc-start id="736" type="scavenge" contextid="735" timestamp="2019-07-02T19:17:50.853">
  <mem-info id="737" free="1873872" total="12255232" percent="15">
    <mem type="nursery" free="0" total="5636096" percent="0">
      <mem type="allocate" free="0" total="4063232" percent="0" />
      <mem type="survivor" free="0" total="1572864" percent="0" />
    </mem>
    <mem type="tenure" free="1873872" total="6619136" percent="28">
      <mem type="soa" free="1543120" total="6288384" percent="24" />
      <mem type="loa" free="330752" total="330752" percent="100" />
    </mem>
    <remembered-set count="288" />
  </mem-info>
</gc-start>
<allocation-stats totalBytes="3106960" >
  <allocated-bytes non-tlh="65600" tlh="3041360" />
  <largest-consumer threadName="Thread-3" threadId="000000000173B200" bytes="1010784" />
</allocation-stats>
<gc-op id="738" type="scavenge" timems="3.979" contextid="735" timestamp="2019-07-02T19:17:50.857">
  <scavenger-info tenureage="1" tenuremask="7ffe" tiltratio="72" />
  <memory-copied type="nursery" objects="1879" bytes="783160" bytesdiscarded="140784" />
  <memory-copied type="tenure" objects="708" bytes="288904" bytesdiscarded="1096" />
  <references type="weak" candidates="1" cleared="0" enqueued="0" />
  <references type="phantom" candidates="1" cleared="0" enqueued="0" />
</gc-op>
<heap-resize id="739" type="expand" space="nursery" amount="393216" count="1" timems="0.013" reason="excessive time being spent scavenging" timestamp="2019-07-02T19:17:50.857" />
<gc-end id="740" type="scavenge" contextid="735" durationms="4.492" usertimems="8.000" systemtimems="0.000" timestamp="2019-07-02T19:17:50.857" activeThreads="4">
  <mem-info id="741" free="5153040" total="12648448" percent="40">
    <mem type="nursery" free="3597984" total="6029312" percent="59">
      <mem type="allocate" free="3597984" total="4521984" percent="79" />
      <mem type="survivor" free="0" total="1507328" percent="0" />
    </mem>
    <mem type="tenure" free="1555056" total="6619136" percent="23">
      <mem type="soa" free="1224304" total="6288384" percent="19" />
      <mem type="loa" free="330752" total="330752" percent="100" />
    </mem>
    <remembered-set count="132" />
  </mem-info>
</gc-end>
<cycle-end id="742" type="scavenge" contextid="735" timestamp="2019-07-02T19:17:50.857">
  <attribute name="GC Util" value="25" />
  <attribute name="CPU Util" value="703809224895" />
  <attribute name="Time Running"value="1614"/>
  <attribute name="Number of cores"value="4"/>
</cycle-end>
<allocation-satisfied id="743" threadId="0000000001746500" bytesRequested="8200" />
<af-end id="744" timestamp="2019-07-02T19:17:50.857" threadId="0000000001746E88" success="true" from="nursery"/>
<exclusive-end id="745" timestamp="2019-07-02T19:17:50.857" durationms="5.106" />

<exclusive-start id="746" timestamp="2019-07-02T19:17:50.886" intervalms="33.332">
  <response-info timems="0.040" idlems="0.040" threads="0" lastid="000000000173B200" lastname="Thread-3" />
</exclusive-start>
<af-start id="747" threadId="000000000173BB88" totalBytesRequested="32776" timestamp="2019-07-02T19:17:50.886" intervalms="33.333" type="nursery" />
<cycle-start id="748" type="scavenge" contextid="0" timestamp="2019-07-02T19:17:50.886" intervalms="33.333" />
  <attribute name="GC Util" value="25" />
  <attribute name="CPU Util" value="703809224895" />
  <attribute name="Time Running"value="1614"/>
  <attribute name="Number of cores"value="4"/>
<gc-start id="749" type="scavenge" contextid="748" timestamp="2019-07-02T19:17:50.886">
  <mem-info id="750" free="1555056" total="12648448" percent="12">
    <mem type="nursery" free="0" total="6029312" percent="0">
      <mem type="allocate" free="0" total="4521984" percent="0" />
      <mem type="survivor" free="0" total="1507328" percent="0" />
    </mem>
    <mem type="tenure" free="1555056" total="6619136" percent="23">
      <mem type="soa" free="1224304" total="6288384" percent="19" />
      <mem type="loa" free="330752" total="330752" percent="100" />
    </mem>
    <remembered-set count="314" />
  </mem-info>
</gc-start>
<allocation-stats totalBytes="3514120" >
  <allocated-bytes non-tlh="106528" tlh="3407592" />
  <largest-consumer threadName="Thread-5" threadId="0000000001742A00" bytes="1074488" />
</allocation-stats>
<gc-op id="751" type="scavenge" timems="0.420" contextid="748" timestamp="2019-07-02T19:17:50.886">
  <scavenger-info tenureage="1" tenuremask="7ffe" tiltratio="75" />
  <memory-copied type="nursery" objects="2092" bytes="783592" bytesdiscarded="355400" />
  <memory-copied type="tenure" objects="693" bytes="337024" bytesdiscarded="1664" />
</gc-op>
<gc-end id="752" type="scavenge" contextid="748" durationms="0.611" usertimems="0.000" systemtimems="0.000" timestamp="2019-07-02T19:17:50.887" activeThreads="4">
  <mem-info id="753" free="4871552" total="12648448" percent="38">
    <mem type="nursery" free="3645072" total="6029312" percent="60">
      <mem type="allocate" free="3645072" total="4784128" percent="76" />
      <mem type="survivor" free="0" total="1245184" percent="0" />
    </mem>
    <mem type="tenure" free="1226480" total="6619136" percent="18">
      <mem type="soa" free="895728" total="6288384" percent="14" />
      <mem type="loa" free="330752" total="330752" percent="100" />
    </mem>
    <remembered-set count="131" />
  </mem-info>
</gc-end>
<cycle-end id="754" type="scavenge" contextid="748" timestamp="2019-07-02T19:17:50.887">
  <attribute name="GC Util" value="18" />
  <attribute name="CPU Util" value="553472413781" />
  <attribute name="Time Running"value="1647"/>
  <attribute name="Number of cores"value="4"/>
</cycle-end>
<allocation-satisfied id="755" threadId="000000000173B200" bytesRequested="32776" />
<af-end id="756" timestamp="2019-07-02T19:17:50.887" threadId="000000000173BB88" success="true" from="nursery"/>
<exclusive-end id="757" timestamp="2019-07-02T19:17:50.887" durationms="1.035" />

<exclusive-start id="758" timestamp="2019-07-02T19:17:50.909" intervalms="23.222">
  <response-info timems="0.038" idlems="0.038" threads="0" lastid="0000000001742A00" lastname="Thread-5" />
</exclusive-start>
<af-start id="759" threadId="0000000001743388" totalBytesRequested="16392" timestamp="2019-07-02T19:17:50.909" intervalms="23.224" type="nursery" />
<cycle-start id="760" type="scavenge" contextid="0" timestamp="2019-07-02T19:17:50.909" intervalms="23.235" />
  <attribute name="GC Util" value="18" />
  <attribute name="CPU Util" value="553472413781" />
  <attribute name="Time Running"value="1647"/>
  <attribute name="Number of cores"value="4"/>
<gc-start id="761" type="scavenge" contextid="760" timestamp="2019-07-02T19:17:50.909">
  <mem-info id="762" free="1226480" total="12648448" percent="9">
    <mem type="nursery" free="0" total="6029312" percent="0">
      <mem type="allocate" free="0" total="4784128" percent="0" />
      <mem type="survivor" free="0" total="1245184" percent="0" />
    </mem>
    <mem type="tenure" free="1226480" total="6619136" percent="18">
      <mem type="soa" free="895728" total="6288384" percent="14" />
      <mem type="loa" free="330752" total="330752" percent="100" />
    </mem>
    <remembered-set count="310" />
  </mem-info>
</gc-start>
<allocation-stats totalBytes="3559216" >
  <allocated-bytes non-tlh="32776" tlh="3526440" />
  <largest-consumer threadName="Thread-3" threadId="000000000173B200" bytes="1266248" />
</allocation-stats>
<gc-op id="763" type="scavenge" timems="0.456" contextid="760" timestamp="2019-07-02T19:17:50.910">
  <scavenger-info tenureage="1" tenuremask="7ffe" tiltratio="79" />
  <memory-copied type="nursery" objects="1173" bytes="536672" bytesdiscarded="368344" />
  <memory-copied type="tenure" objects="836" bytes="346584" bytesdiscarded="1832" />
  <references type="weak" candidates="1" cleared="0" enqueued="0" />
  <references type="phantom" candidates="2" cleared="0" enqueued="0" />
</gc-op>
<gc-end id="764" type="scavenge" contextid="760" durationms="0.658" usertimems="4.000" systemtimems="0.000" timestamp="2019-07-02T19:17:50.910" activeThreads="4">
  <mem-info id="765" free="4869896" total="12648448" percent="38">
    <mem type="nursery" free="3944600" total="6029312" percent="65">
      <mem type="allocate" free="3944600" total="4849664" percent="81" />
      <mem type="survivor" free="0" total="1179648" percent="0" />
    </mem>
    <mem type="tenure" free="925296" total="6619136" percent="13">
      <mem type="soa" free="594544" total="6288384" percent="9" />
      <mem type="loa" free="330752" total="330752" percent="100" />
    </mem>
    <remembered-set count="120" />
  </mem-info>
</gc-end>
<cycle-end id="766" type="scavenge" contextid="760" timestamp="2019-07-02T19:17:50.910">
  <attribute name="GC Util" value="5" />
  <attribute name="CPU Util" value="793751247451" />
  <attribute name="Time Running"value="1670"/>
  <attribute name="Number of cores"value="4"/>
</cycle-end>
<allocation-satisfied id="767" threadId="0000000001742A00" bytesRequested="16392" />
<af-end id="768" timestamp="2019-07-02T19:17:50.910" threadId="0000000001743388" success="true" from="nursery"/>
<exclusive-end id="769" timestamp="2019-07-02T19:17:50.910" durationms="1.234" />

<exclusive-start id="770" timestamp="2019-07-02T19:17:50.947" intervalms="38.257">
  <response-info timems="0.048" idlems="0.048" threads="0" lastid="0000000001746500" lastname="Thread-6" />
</exclusive-start>
<af-start id="771" threadId="0000000001746E88" totalBytesRequested="8200" timestamp="2019-07-02T19:17:50.947" intervalms="38.261" type="nursery" />
<cycle-start id="772" type="scavenge" contextid="0" timestamp="2019-07-02T19:17:50.947" intervalms="38.252" />
  <attribute name="GC Util" value="5" />
  <attribute name="CPU Util" value="793751247451" />
  <attribute name="Time Running"value="1670"/>
  <attribute name="Number of cores"value="4"/>
<gc-start id="773" type="scavenge" contextid="772" timestamp="2019-07-02T19:17:50.947">
  <mem-info id="774" free="925296" total="12648448" percent="7">
    <mem type="nursery" free="0" total="6029312" percent="0">
      <mem type="allocate" free="0" total="4849664" percent="0" />
      <mem type="survivor" free="0" total="1179648" percent="0" />
    </mem>
    <mem type="tenure" free="925296" total="6619136" percent="13">
      <mem type="soa" free="594544" total="6288384" percent="9" />
      <mem type="loa" free="330752" total="330752" percent="100" />
    </mem>
    <remembered-set count="308" />
  </mem-info>
</gc-start>
<allocation-stats totalBytes="3927368" >
  <allocated-bytes non-tlh="49168" tlh="3878200" />
  <largest-consumer threadName="Thread-5" threadId="0000000001742A00" bytes="1469624" />
</allocation-stats>
<gc-op id="775" type="scavenge" timems="0.954" contextid="772" timestamp="2019-07-02T19:17:50.948">
  <scavenger-info tenureage="1" tenuremask="7ffe" tiltratio="80" />
  <memory-copied type="nursery" objects="1488" bytes="696032" bytesdiscarded="196440" />
  <memory-copied type="tenure" objects="674" bytes="320144" bytesdiscarded="432" />
  <references type="phantom" candidates="1" cleared="0" enqueued="0" />
</gc-op>
<gc-end id="776" type="scavenge" contextid="772" durationms="1.398" usertimems="0.000" systemtimems="0.000" timestamp="2019-07-02T19:17:50.949" activeThreads="4">
  <mem-info id="777" free="4549144" total="12648448" percent="35">
    <mem type="nursery" free="4022664" total="6029312" percent="66">
      <mem type="allocate" free="4022664" total="4915200" percent="81" />
      <mem type="survivor" free="0" total="1114112" percent="0" />
    </mem>
    <mem type="tenure" free="526480" total="6619136" percent="7">
      <mem type="soa" free="195728" total="6288384" percent="3" />
      <mem type="loa" free="330752" total="330752" percent="100" />
    </mem>
    <remembered-set count="141" />
  </mem-info>
</gc-end>
<cycle-end id="778" type="scavenge" contextid="772" timestamp="2019-07-02T19:17:50.949">
  <attribute name="GC Util" value="3" />
  <attribute name="CPU Util" value="481989877669" />
  <attribute name="Time Running"value="1708"/>
  <attribute name="Number of cores"value="4"/>
</cycle-end>
<allocation-satisfied id="779" threadId="0000000001746500" bytesRequested="8200" />
<af-end id="780" timestamp="2019-07-02T19:17:50.949" threadId="0000000001746E88" success="true" from="nursery"/>
<exclusive-end id="781" timestamp="2019-07-02T19:17:50.949" durationms="2.041" />

<concurrent-kickoff id="782" timestamp="2019-07-02T19:17:50.974">
  <kickoff reason="threshold reached" targetBytes="1771986" thresholdFreeBytes="246562"  remainingFree="164208" tenureFreeBytes="526480" nurseryFreeBytes="164208" />
</concurrent-kickoff>
<exclusive-start id="783" timestamp="2019-07-02T19:17:50.974" intervalms="26.819">
  <response-info timems="0.037" idlems="0.037" threads="0" lastid="0000000001742A00" lastname="Thread-5" />
</exclusive-start>
<cycle-start id="784" type="global" contextid="0" timestamp="2019-07-02T19:17:50.974" intervalms="405.260" />
  <attribute name="GC Util" value="3" />
  <attribute name="CPU Util" value="481989877669" />
  <attribute name="Time Running"value="1708"/>
  <attribute name="Number of cores"value="4"/>
<exclusive-end id="785" timestamp="2019-07-02T19:17:50.974" durationms="0.097" />

<exclusive-start id="786" timestamp="2019-07-02T19:17:50.975" intervalms="0.662">
  <response-info timems="0.023" idlems="0.023" threads="0" lastid="0000000001742A00" lastname="Thread-5" />
</exclusive-start>
<af-start id="787" threadId="0000000001743388" totalBytesRequested="8200" timestamp="2019-07-02T19:17:50.975" intervalms="27.465" type="nursery" />
<cycle-start id="788" type="scavenge" contextid="0" timestamp="2019-07-02T19:17:50.975" intervalms="27.462" />
  <attribute name="GC Util" value="3" />
  <attribute name="CPU Util" value="481989877669" />
  <attribute name="Time Running"value="1708"/>
  <attribute name="Number of cores"value="4"/>
<gc-start id="789" type="scavenge" contextid="788" timestamp="2019-07-02T19:17:50.975">
  <mem-info id="790" free="526480" total="12648448" percent="4">
    <mem type="nursery" free="0" total="6029312" percent="0">
      <mem type="allocate" free="0" total="4915200" percent="0" />
      <mem type="survivor" free="0" total="1114112" percent="0" />
    </mem>
    <mem type="tenure" free="526480" total="6619136" percent="7">
      <mem type="soa" free="195728" total="6288384" percent="3" />
      <mem type="loa" free="330752" total="330752" percent="100" />
    </mem>
    <remembered-set count="353" />
  </mem-info>
</gc-start>
<allocation-stats totalBytes="3947600" >
  <allocated-bytes non-tlh="73752" tlh="3873848" />
  <largest-consumer threadName="Thread-5" threadId="0000000001742A00" bytes="1172520" />
</allocation-stats>
<gc-op id="791" type="scavenge" timems="0.387" contextid="788" timestamp="2019-07-02T19:17:50.975">
  <scavenger-info tenureage="1" tenuremask="7ffe" tiltratio="81" />
  <memory-copied type="nursery" objects="1958" bytes="912176" bytesdiscarded="201848" />
  <memory-copied type="tenure" objects="119" bytes="42360" bytesdiscarded="0" />
  <references type="phantom" candidates="2" cleared="0" enqueued="0" />
</gc-op>
<gc-end id="792" type="scavenge" contextid="788" durationms="0.592" usertimems="4.000" systemtimems="0.000" timestamp="2019-07-02T19:17:50.975" activeThreads="4">
  <mem-info id="793" free="4124840" total="12648448" percent="32">
    <mem type="nursery" free="3670016" total="6029312" percent="60">
      <mem type="allocate" free="3670016" total="4784128" percent="76" />
      <mem type="survivor" free="0" total="1245184" percent="0" />
    </mem>
    <mem type="tenure" free="454824" total="6619136" percent="6">
      <mem type="soa" free="124072" total="6288384" percent="1" />
      <mem type="loa" free="330752" total="330752" percent="100" />
    </mem>
    <remembered-set count="122" />
  </mem-info>
</gc-end>
<cycle-end id="794" type="scavenge" contextid="788" timestamp="2019-07-02T19:17:50.976">
  <attribute name="GC Util" value="7" />
  <attribute name="CPU Util" value="672168982004" />
  <attribute name="Time Running"value="1736"/>
  <attribute name="Number of cores"value="4"/>
</cycle-end>
<allocation-satisfied id="795" threadId="0000000001742A00" bytesRequested="8200" />
<af-end id="796" timestamp="2019-07-02T19:17:50.976" threadId="0000000001743388" success="true" from="nursery"/>
<exclusive-end id="797" timestamp="2019-07-02T19:17:50.977" durationms="1.917" />

<exclusive-start id="798" timestamp="2019-07-02T19:17:51.008" intervalms="33.217">
  <response-info timems="0.032" idlems="0.032" threads="0" lastid="0000000001746500" lastname="Thread-6" />
</exclusive-start>
<af-start id="799" threadId="0000000001746E88" totalBytesRequested="2056" timestamp="2019-07-02T19:17:51.008" intervalms="33.233" type="nursery" />
<cycle-start id="800" type="scavenge" contextid="0" timestamp="2019-07-02T19:17:51.008" intervalms="33.238" />
  <attribute name="GC Util" value="7" />
  <attribute name="CPU Util" value="672168982004" />
  <attribute name="Time Running"value="1736"/>
  <attribute name="Number of cores"value="4"/>
<gc-start id="801" type="scavenge" contextid="800" timestamp="2019-07-02T19:17:51.008">
  <mem-info id="802" free="454824" total="12648448" percent="3">
    <mem type="nursery" free="0" total="6029312" percent="0">
      <mem type="allocate" free="0" total="4784128" percent="0" />
      <mem type="survivor" free="0" total="1245184" percent="0" />
    </mem>
    <mem type="tenure" free="454824" total="6619136" percent="6">
      <mem type="soa" free="124072" total="6288384" percent="1" />
      <mem type="loa" free="330752" total="330752" percent="100" />
    </mem>
    <remembered-set count="252" />
  </mem-info>
</gc-start>
<allocation-stats totalBytes="3660512" >
  <allocated-bytes non-tlh="8200" tlh="3652312" />
  <largest-consumer threadName="Thread-6" threadId="0000000001746500" bytes="1404712" />
</allocation-stats>
<gc-op id="803" type="scavenge" timems="2.284" contextid="800" timestamp="2019-07-02T19:17:51.010">
  <scavenger-info tenureage="1" tenuremask="7ffe" tiltratio="79" />
  <memory-copied type="nursery" objects="1567" bytes="561720" bytesdiscarded="263264" />
  <memory-copied type="tenure" objects="866" bytes="478728" bytesdiscarded="1456" />
  <references type="phantom" candidates="2" cleared="0" enqueued="0" />
  <heap-resize type="expand" space="tenure" amount="327680" count="5" timems="0.120" reason="continue current collection" />
</gc-op>
<gc-end id="804" type="scavenge" contextid="800" durationms="2.712" usertimems="4.000" systemtimems="0.000" timestamp="2019-07-02T19:17:51.011" activeThreads="4">
  <mem-info id="805" free="4391056" total="12976128" percent="33">
    <mem type="nursery" free="4024632" total="6029312" percent="66">
      <mem type="allocate" free="4024632" total="4849664" percent="82" />
      <mem type="survivor" free="0" total="1179648" percent="0" />
    </mem>
    <mem type="tenure" free="366424" total="6946816" percent="5">
      <mem type="soa" free="19288" total="6599680" percent="0" />
      <mem type="loa" free="347136" total="347136" percent="100" />
    </mem>
    <remembered-set count="126" />
  </mem-info>
</gc-end>
<cycle-end id="806" type="scavenge" contextid="800" timestamp="2019-07-02T19:17:51.011">
  <attribute name="GC Util" value="3" />
  <attribute name="CPU Util" value="554249481355" />
  <attribute name="Time Running"value="1769"/>
  <attribute name="Number of cores"value="4"/>
</cycle-end>
<allocation-satisfied id="807" threadId="0000000001746500" bytesRequested="2056" />
<af-end id="808" timestamp="2019-07-02T19:17:51.011" threadId="0000000001746E88" success="true" from="nursery"/>
<exclusive-end id="809" timestamp="2019-07-02T19:17:51.011" durationms="3.507" />

<exclusive-start id="810" timestamp="2019-07-02T19:17:51.014" intervalms="6.041">
  <response-info timems="0.045" idlems="0.045" threads="0" lastid="000000000173B200" lastname="Thread-3" />
</exclusive-start>
<concurrent-collection-start id="811" timestamp="2019-07-02T19:17:51.014" intervalms="429.556" >
  <concurrent-trace-info reason="card cleaning threshold reached" tracedByMutators="508048" tracedByHelpers="777180" cardsCleaned="151" workStackOverflowCount="0" />
</concurrent-collection-start>
<gc-start id="812" type="global" contextid="784" timestamp="2019-07-02T19:17:51.014">
  <mem-info id="813" free="4098184" total="12976128" percent="31">
    <mem type="nursery" free="3731760" total="6029312" percent="61">
      <mem type="allocate" free="3731760" total="4849664" percent="76" />
      <mem type="survivor" free="0" total="1179648" percent="0" />
    </mem>
    <mem type="tenure" free="366424" total="6946816" percent="5">
      <mem type="soa" free="19288" total="6599680" percent="0" />
      <mem type="loa" free="347136" total="347136" percent="100" />
    </mem>
    <remembered-set count="173" />
  </mem-info>
</gc-start>
<allocation-stats totalBytes="292512" >
  <allocated-bytes non-tlh="2056" tlh="290456" />
  <largest-consumer threadName="Thread-3" threadId="000000000173B200" bytes="134808" />
</allocation-stats>
<gc-op id="814" type="rs-scan" timems="0.177" contextid="784" timestamp="2019-07-02T19:17:51.014">
  <scan objectsFound="49" bytesTraced="4248" workStackOverflowCount="0" />
</gc-op>
<gc-op id="815" type="card-cleaning" timems="0.191" contextid="784" timestamp="2019-07-02T19:17:51.015">
  <card-cleaning cardsCleaned="140" bytesTraced="460316" workStackOverflowCount="0" />
</gc-op>
<gc-op id="816" type="mark" timems="0.607" contextid="784" timestamp="2019-07-02T19:17:51.015">
  <trace-info objectcount="253" scancount="219" scanbytes="8304" />
  <finalization candidates="25" enqueued="0" />
  <references type="soft" candidates="164" cleared="0" enqueued="0" dynamicThreshold="18" maxThreshold="32" />
  <references type="weak" candidates="244" cleared="0" enqueued="0" />
  <references type="phantom" candidates="70" cleared="0" enqueued="0" />
  <stringconstants candidates="3947" cleared="0"  />
</gc-op>
<gc-op id="817" type="sweep" timems="0.227" contextid="784" timestamp="2019-07-02T19:17:51.016" />
<gc-end id="818" type="global" contextid="784" durationms="1.632" usertimems="0.000" systemtimems="0.000" timestamp="2019-07-02T19:17:51.016" activeThreads="4">
  <mem-info id="819" free="8187224" total="12976128" percent="63">
    <mem type="nursery" free="4167792" total="6029312" percent="69">
      <mem type="allocate" free="4167792" total="4849664" percent="85" />
      <mem type="survivor" free="0" total="1179648" percent="0" />
    </mem>
    <mem type="tenure" free="4019432" total="6946816" percent="57" micro-fragmented="38811" macro-fragmented="0">
      <mem type="soa" free="3672296" total="6599680" percent="55" />
      <mem type="loa" free="347136" total="347136" percent="100" />
    </mem>
    <remembered-set count="173" />
  </mem-info>
</gc-end>
<cycle-end id="820" type="global" contextid="784" timestamp="2019-07-02T19:17:51.016">
  <attribute name="GC Util" value="104" />
  <attribute name="CPU Util" value="26867777096076" />
  <attribute name="Time Running"value="1776"/>
  <attribute name="Number of cores"value="4"/>
</cycle-end>
<concurrent-collection-end id="821" timestamp="2019-07-02T19:17:51.016" />
<exclusive-end id="822" timestamp="2019-07-02T19:17:51.016" durationms="2.022" />

<exclusive-start id="823" timestamp="2019-07-02T19:17:51.054" intervalms="39.933">
  <response-info timems="0.035" idlems="0.018" threads="1" lastid="0000000001746500" lastname="Thread-6" />
</exclusive-start>
<af-start id="824" threadId="0000000001743388" totalBytesRequested="8200" timestamp="2019-07-02T19:17:51.054" intervalms="45.975" type="nursery" />
<cycle-start id="825" type="scavenge" contextid="0" timestamp="2019-07-02T19:17:51.054" intervalms="45.970" />
  <attribute name="GC Util" value="104" />
  <attribute name="CPU Util" value="26867777096076" />
  <attribute name="Time Running"value="1776"/>
  <attribute name="Number of cores"value="4"/>
<gc-start id="826" type="scavenge" contextid="825" timestamp="2019-07-02T19:17:51.054">
  <mem-info id="827" free="4019432" total="12976128" percent="30">
    <mem type="nursery" free="0" total="6029312" percent="0">
      <mem type="allocate" free="0" total="4849664" percent="0" />
      <mem type="survivor" free="0" total="1179648" percent="0" />
    </mem>
    <mem type="tenure" free="4019432" total="6946816" percent="57">
      <mem type="soa" free="3672296" total="6599680" percent="55" />
      <mem type="loa" free="347136" total="347136" percent="100" />
    </mem>
    <remembered-set count="322" />
  </mem-info>
</gc-start>
<allocation-stats totalBytes="4153288" >
  <allocated-bytes non-tlh="237656" tlh="3915632" />
  <largest-consumer threadName="Thread-4" threadId="000000000173EE00" bytes="1402896" />
</allocation-stats>
<gc-op id="828" type="scavenge" timems="0.464" contextid="825" timestamp="2019-07-02T19:17:51.055">
  <scavenger-info tenureage="1" tenuremask="7ffe" tiltratio="80" />
  <memory-copied type="nursery" objects="2281" bytes="881896" bytesdiscarded="121632" />
  <memory-copied type="tenure" objects="593" bytes="244592" bytesdiscarded="2752" />
  <references type="weak" candidates="1" cleared="0" enqueued="0" />
  <references type="phantom" candidates="1" cleared="0" enqueued="0" />
</gc-op>
<gc-end id="829" type="scavenge" contextid="825" durationms="0.658" usertimems="0.000" systemtimems="0.000" timestamp="2019-07-02T19:17:51.055" activeThreads="4">
  <mem-info id="830" free="7466344" total="12976128" percent="57">
    <mem type="nursery" free="3715000" total="6029312" percent="61">
      <mem type="allocate" free="3715000" total="4718592" percent="78" />
      <mem type="survivor" free="0" total="1310720" percent="0" />
    </mem>
    <mem type="tenure" free="3751344" total="6946816" percent="54">
      <mem type="soa" free="3404208" total="6599680" percent="51" />
      <mem type="loa" free="347136" total="347136" percent="100" />
    </mem>
    <remembered-set count="168" />
  </mem-info>
</gc-end>
<cycle-end id="831" type="scavenge" contextid="825" timestamp="2019-07-02T19:17:51.055">
  <attribute name="GC Util" value="3" />
  <attribute name="CPU Util" value="475151172281" />
  <attribute name="Time Running"value="1815"/>
  <attribute name="Number of cores"value="4"/>
</cycle-end>
<allocation-satisfied id="832" threadId="0000000001742A00" bytesRequested="8200" />
<af-end id="833" timestamp="2019-07-02T19:17:51.055" threadId="0000000001743388" success="true" from="nursery"/>
<exclusive-end id="834" timestamp="2019-07-02T19:17:51.055" durationms="1.083" />

<exclusive-start id="835" timestamp="2019-07-02T19:17:51.078" intervalms="24.311">
  <response-info timems="0.032" idlems="0.017" threads="1" lastid="000000000173EE00" lastname="Thread-4" />
</exclusive-start>
<af-start id="836" threadId="000000000173BB88" totalBytesRequested="16392" timestamp="2019-07-02T19:17:51.078" intervalms="24.308" type="nursery" />
<cycle-start id="837" type="scavenge" contextid="0" timestamp="2019-07-02T19:17:51.078" intervalms="24.308" />
  <attribute name="GC Util" value="3" />
  <attribute name="CPU Util" value="475151172281" />
  <attribute name="Time Running"value="1815"/>
  <attribute name="Number of cores"value="4"/>
<gc-start id="838" type="scavenge" contextid="837" timestamp="2019-07-02T19:17:51.078">
  <mem-info id="839" free="3751344" total="12976128" percent="28">
    <mem type="nursery" free="0" total="6029312" percent="0">
      <mem type="allocate" free="0" total="4718592" percent="0" />
      <mem type="survivor" free="0" total="1310720" percent="0" />
    </mem>
    <mem type="tenure" free="3751344" total="6946816" percent="54">
      <mem type="soa" free="3404208" total="6599680" percent="51" />
      <mem type="loa" free="347136" total="347136" percent="100" />
    </mem>
    <remembered-set count="346" />
  </mem-info>
</gc-start>
<allocation-stats totalBytes="3593840" >
  <allocated-bytes non-tlh="40976" tlh="3552864" />
  <largest-consumer threadName="Thread-3" threadId="000000000173B200" bytes="1357040" />
</allocation-stats>
<gc-op id="840" type="scavenge" timems="0.447" contextid="837" timestamp="2019-07-02T19:17:51.079">
  <scavenger-info tenureage="1" tenuremask="7ffe" tiltratio="78" />
  <memory-copied type="nursery" objects="1396" bytes="579736" bytesdiscarded="157032" />
  <memory-copied type="tenure" objects="953" bytes="437760" bytesdiscarded="3000" />
  <references type="weak" candidates="1" cleared="0" enqueued="0" />
  <references type="phantom" candidates="1" cleared="0" enqueued="0" />
</gc-op>
<gc-end id="841" type="scavenge" contextid="837" durationms="0.630" usertimems="0.000" systemtimems="0.000" timestamp="2019-07-02T19:17:51.079" activeThreads="4">
  <mem-info id="842" free="7349936" total="12976128" percent="56">
    <mem type="nursery" free="4047312" total="6029312" percent="67">
      <mem type="allocate" free="4047312" total="4784128" percent="84" />
      <mem type="survivor" free="0" total="1245184" percent="0" />
    </mem>
    <mem type="tenure" free="3302624" total="6946816" percent="47">
      <mem type="soa" free="2955488" total="6599680" percent="44" />
      <mem type="loa" free="347136" total="347136" percent="100" />
    </mem>
    <remembered-set count="128" />
  </mem-info>
</gc-end>
<cycle-end id="843" type="scavenge" contextid="837" timestamp="2019-07-02T19:17:51.079">
  <attribute name="GC Util" value="5" />
  <attribute name="CPU Util" value="758996802948" />
  <attribute name="Time Running"value="1839"/>
  <attribute name="Number of cores"value="4"/>
</cycle-end>
<allocation-satisfied id="844" threadId="000000000173B200" bytesRequested="16392" />
<af-end id="845" timestamp="2019-07-02T19:17:51.079" threadId="000000000173BB88" success="true" from="nursery"/>
<exclusive-end id="846" timestamp="2019-07-02T19:17:51.079" durationms="1.048" />

<exclusive-start id="847" timestamp="2019-07-02T19:17:51.114" intervalms="35.678">
  <response-info timems="0.028" idlems="0.028" threads="0" lastid="0000000001746500" lastname="Thread-6" />
</exclusive-start>
<af-start id="848" threadId="0000000001746E88" totalBytesRequested="2008" timestamp="2019-07-02T19:17:51.114" intervalms="35.697" type="nursery" />
<cycle-start id="849" type="scavenge" contextid="0" timestamp="2019-07-02T19:17:51.114" intervalms="35.699" />
  <attribute name="GC Util" value="5" />
  <attribute name="CPU Util" value="758996802948" />
  <attribute name="Time Running"value="1839"/>
  <attribute name="Number of cores"value="4"/>
<gc-start id="850" type="scavenge" contextid="849" timestamp="2019-07-02T19:17:51.114">
  <mem-info id="851" free="3302624" total="12976128" percent="25">
    <mem type="nursery" free="0" total="6029312" percent="0">
      <mem type="allocate" free="0" total="4784128" percent="0" />
      <mem type="survivor" free="0" total="1245184" percent="0" />
    </mem>
    <mem type="tenure" free="3302624" total="6946816" percent="47">
      <mem type="soa" free="2955488" total="6599680" percent="44" />
      <mem type="loa" free="347136" total="347136" percent="100" />
    </mem>
    <remembered-set count="316" />
  </mem-info>
</gc-start>
<allocation-stats totalBytes="4041840" >
  <allocated-bytes non-tlh="49168" tlh="3992672" />
  <largest-consumer threadName="Thread-6" threadId="0000000001746500" bytes="1390224" />
</allocation-stats>
<gc-op id="852" type="scavenge" timems="0.650" contextid="849" timestamp="2019-07-02T19:17:51.115">
  <scavenger-info tenureage="1" tenuremask="7ffe" tiltratio="79" />
  <memory-copied type="nursery" objects="2154" bytes="873024" bytesdiscarded="40000" />
  <memory-copied type="tenure" objects="715" bytes="324232" bytesdiscarded="4288" />
</gc-op>
<gc-end id="853" type="scavenge" contextid="849" durationms="1.005" usertimems="0.000" systemtimems="0.000" timestamp="2019-07-02T19:17:51.115" activeThreads="4">
  <mem-info id="854" free="6756560" total="12976128" percent="52">
    <mem type="nursery" free="3805512" total="6029312" percent="63">
      <mem type="allocate" free="3805512" total="4718592" percent="80" />
      <mem type="survivor" free="0" total="1310720" percent="0" />
    </mem>
    <mem type="tenure" free="2951048" total="6946816" percent="42">
      <mem type="soa" free="2603912" total="6599680" percent="39" />
      <mem type="loa" free="347136" total="347136" percent="100" />
    </mem>
    <remembered-set count="138" />
  </mem-info>
</gc-end>
<cycle-end id="855" type="scavenge" contextid="849" timestamp="2019-07-02T19:17:51.115">
  <attribute name="GC Util" value="3" />
  <attribute name="CPU Util" value="516757975252" />
  <attribute name="Time Running"value="1875"/>
  <attribute name="Number of cores"value="4"/>
</cycle-end>
<allocation-satisfied id="856" threadId="0000000001746500" bytesRequested="2008" />
<af-end id="857" timestamp="2019-07-02T19:17:51.115" threadId="0000000001746E88" success="true" from="nursery"/>
<exclusive-end id="858" timestamp="2019-07-02T19:17:51.115" durationms="1.451" />

<exclusive-start id="859" timestamp="2019-07-02T19:17:51.143" intervalms="28.913">
  <response-info timems="0.035" idlems="0.035" threads="0" lastid="000000000173EE00" lastname="Thread-4" />
</exclusive-start>
<af-start id="860" threadId="000000000173F788" totalBytesRequested="16" timestamp="2019-07-02T19:17:51.143" intervalms="28.882" type="nursery" />
<cycle-start id="861" type="scavenge" contextid="0" timestamp="2019-07-02T19:17:51.143" intervalms="28.880" />
  <attribute name="GC Util" value="3" />
  <attribute name="CPU Util" value="516757975252" />
  <attribute name="Time Running"value="1875"/>
  <attribute name="Number of cores"value="4"/>
<gc-start id="862" type="scavenge" contextid="861" timestamp="2019-07-02T19:17:51.143">
  <mem-info id="863" free="2951048" total="12976128" percent="22">
    <mem type="nursery" free="0" total="6029312" percent="0">
      <mem type="allocate" free="0" total="4718592" percent="0" />
      <mem type="survivor" free="0" total="1310720" percent="0" />
    </mem>
    <mem type="tenure" free="2951048" total="6946816" percent="42">
      <mem type="soa" free="2603912" total="6599680" percent="39" />
      <mem type="loa" free="347136" total="347136" percent="100" />
    </mem>
    <remembered-set count="340" />
  </mem-info>
</gc-start>
<allocation-stats totalBytes="3786856" >
  <allocated-bytes non-tlh="67560" tlh="3719296" />
  <largest-consumer threadName="Thread-4" threadId="000000000173EE00" bytes="1243936" />
</allocation-stats>
<gc-op id="864" type="scavenge" timems="0.648" contextid="861" timestamp="2019-07-02T19:17:51.144">
  <scavenger-info tenureage="1" tenuremask="7ffe" tiltratio="78" />
  <memory-copied type="nursery" objects="2042" bytes="779840" bytesdiscarded="93160" />
  <memory-copied type="tenure" objects="813" bytes="342064" bytesdiscarded="3000" />
</gc-op>
<gc-end id="865" type="scavenge" contextid="861" durationms="1.003" usertimems="4.000" systemtimems="0.000" timestamp="2019-07-02T19:17:51.144" activeThreads="4">
  <mem-info id="866" free="6463208" total="12976128" percent="49">
    <mem type="nursery" free="3911072" total="6029312" percent="64">
      <mem type="allocate" free="3911072" total="4784128" percent="81" />
      <mem type="survivor" free="0" total="1245184" percent="0" />
    </mem>
    <mem type="tenure" free="2552136" total="6946816" percent="36">
      <mem type="soa" free="2205000" total="6599680" percent="33" />
      <mem type="loa" free="347136" total="347136" percent="100" />
    </mem>
    <remembered-set count="148" />
  </mem-info>
</gc-end>
<cycle-end id="867" type="scavenge" contextid="861" timestamp="2019-07-02T19:17:51.144">
  <attribute name="GC Util" value="4" />
  <attribute name="CPU Util" value="638743779692" />
  <attribute name="Time Running"value="1904"/>
  <attribute name="Number of cores"value="4"/>
</cycle-end>
<allocation-satisfied id="868" threadId="000000000173EE00" bytesRequested="16" />
<af-end id="869" timestamp="2019-07-02T19:17:51.144" threadId="000000000173F788" success="true" from="nursery"/>
<exclusive-end id="870" timestamp="2019-07-02T19:17:51.144" durationms="1.415" />

<exclusive-start id="871" timestamp="2019-07-02T19:17:51.170" intervalms="27.083">
  <response-info timems="0.062" idlems="0.040" threads="1" lastid="000000000173B200" lastname="Thread-3" />
</exclusive-start>
<af-start id="872" threadId="000000000173F788" totalBytesRequested="8200" timestamp="2019-07-02T19:17:51.170" intervalms="27.089" type="nursery" />
<cycle-start id="873" type="scavenge" contextid="0" timestamp="2019-07-02T19:17:51.170" intervalms="27.090" />
  <attribute name="GC Util" value="4" />
  <attribute name="CPU Util" value="638743779692" />
  <attribute name="Time Running"value="1904"/>
  <attribute name="Number of cores"value="4"/>
<gc-start id="874" type="scavenge" contextid="873" timestamp="2019-07-02T19:17:51.170">
  <mem-info id="875" free="2552136" total="12976128" percent="19">
    <mem type="nursery" free="0" total="6029312" percent="0">
      <mem type="allocate" free="0" total="4784128" percent="0" />
      <mem type="survivor" free="0" total="1245184" percent="0" />
    </mem>
    <mem type="tenure" free="2552136" total="6946816" percent="36">
      <mem type="soa" free="2205000" total="6599680" percent="33" />
      <mem type="loa" free="347136" total="347136" percent="100" />
    </mem>
    <remembered-set count="325" />
  </mem-info>
</gc-start>
<allocation-stats totalBytes="3897448" >
  <allocated-bytes non-tlh="16" tlh="3897432" />
  <largest-consumer threadName="Thread-5" threadId="0000000001742A00" bytes="1931224" />
</allocation-stats>
<gc-op id="876" type="scavenge" timems="1.010" contextid="873" timestamp="2019-07-02T19:17:51.171">
  <scavenger-info tenureage="1" tenuremask="7ffe" tiltratio="79" />
  <memory-copied type="nursery" objects="1383" bytes="576192" bytesdiscarded="61824" />
  <memory-copied type="tenure" objects="741" bytes="327376" bytesdiscarded="1248" />
  <references type="weak" candidates="1" cleared="0" enqueued="0" />
  <references type="phantom" candidates="2" cleared="0" enqueued="0" />
</gc-op>
<gc-end id="877" type="scavenge" contextid="873" durationms="1.371" usertimems="4.000" systemtimems="0.000" timestamp="2019-07-02T19:17:51.171" activeThreads="4">
  <mem-info id="878" free="6471000" total="12976128" percent="49">
    <mem type="nursery" free="4211600" total="6029312" percent="69">
      <mem type="allocate" free="4211600" total="4849664" percent="86" />
      <mem type="survivor" free="0" total="1179648" percent="0" />
    </mem>
    <mem type="tenure" free="2259400" total="6946816" percent="32">
      <mem type="soa" free="1912264" total="6599680" percent="28" />
      <mem type="loa" free="347136" total="347136" percent="100" />
    </mem>
    <remembered-set count="134" />
  </mem-info>
</gc-end>
<cycle-end id="879" type="scavenge" contextid="873" timestamp="2019-07-02T19:17:51.171">
  <attribute name="GC Util" value="5" />
  <attribute name="CPU Util" value="680691914133" />
  <attribute name="Time Running"value="1931"/>
  <attribute name="Number of cores"value="4"/>
</cycle-end>
<allocation-satisfied id="880" threadId="000000000173EE00" bytesRequested="8200" />
<af-end id="881" timestamp="2019-07-02T19:17:51.172" threadId="000000000173F788" success="true" from="nursery"/>
<exclusive-end id="882" timestamp="2019-07-02T19:17:51.172" durationms="1.860" />

<exclusive-start id="883" timestamp="2019-07-02T19:17:51.209" intervalms="39.412">
  <response-info timems="0.030" idlems="0.030" threads="0" lastid="000000000173EE00" lastname="Thread-4" />
</exclusive-start>
<af-start id="884" threadId="000000000173F788" totalBytesRequested="16392" timestamp="2019-07-02T19:17:51.209" intervalms="39.465" type="nursery" />
<cycle-start id="885" type="scavenge" contextid="0" timestamp="2019-07-02T19:17:51.209" intervalms="39.468" />
  <attribute name="GC Util" value="5" />
  <attribute name="CPU Util" value="680691914133" />
  <attribute name="Time Running"value="1931"/>
  <attribute name="Number of cores"value="4"/>
<gc-start id="886" type="scavenge" contextid="885" timestamp="2019-07-02T19:17:51.210">
  <mem-info id="887" free="2259400" total="12976128" percent="17">
    <mem type="nursery" free="0" total="6029312" percent="0">
      <mem type="allocate" free="0" total="4849664" percent="0" />
      <mem type="survivor" free="0" total="1179648" percent="0" />
    </mem>
    <mem type="tenure" free="2259400" total="6946816" percent="32">
      <mem type="soa" free="1912264" total="6599680" percent="28" />
      <mem type="loa" free="347136" total="347136" percent="100" />
    </mem>
    <remembered-set count="355" />
  </mem-info>
</gc-start>
<allocation-stats totalBytes="4177040" >
  <allocated-bytes non-tlh="73752" tlh="4103288" />
  <largest-consumer threadName="Thread-4" threadId="000000000173EE00" bytes="1568280" />
</allocation-stats>
<gc-op id="888" type="scavenge" timems="0.586" contextid="885" timestamp="2019-07-02T19:17:51.210">
  <scavenger-info tenureage="1" tenuremask="7ffe" tiltratio="80" />
  <memory-copied type="nursery" objects="2173" bytes="829384" bytesdiscarded="219816" />
  <memory-copied type="tenure" objects="88" bytes="40392" bytesdiscarded="576" />
</gc-op>
<gc-end id="889" type="scavenge" contextid="885" durationms="0.941" usertimems="4.000" systemtimems="0.000" timestamp="2019-07-02T19:17:51.210" activeThreads="4">
  <mem-info id="890" free="6019816" total="12976128" percent="46">
    <mem type="nursery" free="3800392" total="6029312" percent="63">
      <mem type="allocate" free="3800392" total="4849664" percent="78" />
      <mem type="survivor" free="0" total="1179648" percent="0" />
    </mem>
    <mem type="tenure" free="2219424" total="6946816" percent="31">
      <mem type="soa" free="1872288" total="6599680" percent="28" />
      <mem type="loa" free="347136" total="347136" percent="100" />
    </mem>
    <remembered-set count="119" />
  </mem-info>
</gc-end>
<cycle-end id="891" type="scavenge" contextid="885" timestamp="2019-07-02T19:17:51.211">
  <attribute name="GC Util" value="5" />
  <attribute name="CPU Util" value="467340108332" />
  <attribute name="Time Running"value="1971"/>
  <attribute name="Number of cores"value="4"/>
</cycle-end>
<allocation-satisfied id="892" threadId="000000000173EE00" bytesRequested="16392" />
<af-end id="893" timestamp="2019-07-02T19:17:51.211" threadId="000000000173F788" success="true" from="nursery"/>
<exclusive-end id="894" timestamp="2019-07-02T19:17:51.211" durationms="1.478" />

<exclusive-start id="895" timestamp="2019-07-02T19:17:51.232" intervalms="22.404">
  <response-info timems="0.037" idlems="0.037" threads="0" lastid="0000000001742A00" lastname="Thread-5" />
</exclusive-start>
<af-start id="896" threadId="0000000001743388" totalBytesRequested="48" timestamp="2019-07-02T19:17:51.232" intervalms="22.353" type="nursery" />
<cycle-start id="897" type="scavenge" contextid="0" timestamp="2019-07-02T19:17:51.232" intervalms="22.348" />
  <attribute name="GC Util" value="5" />
  <attribute name="CPU Util" value="467340108332" />
  <attribute name="Time Running"value="1971"/>
  <attribute name="Number of cores"value="4"/>
<gc-start id="898" type="scavenge" contextid="897" timestamp="2019-07-02T19:17:51.232">
  <mem-info id="899" free="2219424" total="12976128" percent="17">
    <mem type="nursery" free="0" total="6029312" percent="0">
      <mem type="allocate" free="0" total="4849664" percent="0" />
      <mem type="survivor" free="0" total="1179648" percent="0" />
    </mem>
    <mem type="tenure" free="2219424" total="6946816" percent="31">
      <mem type="soa" free="1872288" total="6599680" percent="28" />
      <mem type="loa" free="347136" total="347136" percent="100" />
    </mem>
    <remembered-set count="285" />
  </mem-info>
</gc-start>
<allocation-stats totalBytes="3778504" >
  <allocated-bytes non-tlh="16392" tlh="3762112" />
  <largest-consumer threadName="Thread-3" threadId="000000000173B200" bytes="1653736" />
</allocation-stats>
<gc-op id="900" type="scavenge" timems="0.473" contextid="897" timestamp="2019-07-02T19:17:51.232">
  <scavenger-info tenureage="1" tenuremask="7ffe" tiltratio="80" />
  <memory-copied type="nursery" objects="1865" bytes="757928" bytesdiscarded="336648" />
  <memory-copied type="tenure" objects="823" bytes="343184" bytesdiscarded="4656" />
  <references type="phantom" candidates="1" cleared="0" enqueued="0" />
</gc-op>
<gc-end id="901" type="scavenge" contextid="897" durationms="0.655" usertimems="0.000" systemtimems="0.000" timestamp="2019-07-02T19:17:51.232" activeThreads="4">
  <mem-info id="902" free="5672328" total="12976128" percent="43">
    <mem type="nursery" free="3820568" total="6029312" percent="63">
      <mem type="allocate" free="3820568" total="4915200" percent="77" />
      <mem type="survivor" free="0" total="1114112" percent="0" />
    </mem>
    <mem type="tenure" free="1851760" total="6946816" percent="26">
      <mem type="soa" free="1504624" total="6599680" percent="22" />
      <mem type="loa" free="347136" total="347136" percent="100" />
    </mem>
    <remembered-set count="119" />
  </mem-info>
</gc-end>
<cycle-end id="903" type="scavenge" contextid="897" timestamp="2019-07-02T19:17:51.233">
  <attribute name="GC Util" value="5" />
  <attribute name="CPU Util" value="825780024887" />
  <attribute name="Time Running"value="1993"/>
  <attribute name="Number of cores"value="4"/>
</cycle-end>
<allocation-satisfied id="904" threadId="0000000001742A00" bytesRequested="48" />
<af-end id="905" timestamp="2019-07-02T19:17:51.233" threadId="0000000001743388" success="true" from="nursery"/>
<exclusive-end id="906" timestamp="2019-07-02T19:17:51.233" durationms="1.127" />

<exclusive-start id="907" timestamp="2019-07-02T19:17:51.267" intervalms="35.618">
  <response-info timems="0.023" idlems="0.023" threads="0" lastid="000000000173B200" lastname="Thread-3" />
</exclusive-start>
<af-start id="908" threadId="000000000173BB88" totalBytesRequested="16392" timestamp="2019-07-02T19:17:51.267" intervalms="35.654" type="nursery" />
<cycle-start id="909" type="scavenge" contextid="0" timestamp="2019-07-02T19:17:51.267" intervalms="35.656" />
  <attribute name="GC Util" value="5" />
  <attribute name="CPU Util" value="825780024887" />
  <attribute name="Time Running"value="1993"/>
  <attribute name="Number of cores"value="4"/>
<gc-start id="910" type="scavenge" contextid="909" timestamp="2019-07-02T19:17:51.268">
  <mem-info id="911" free="1851760" total="12976128" percent="14">
    <mem type="nursery" free="0" total="6029312" percent="0">
      <mem type="allocate" free="0" total="4915200" percent="0" />
      <mem type="survivor" free="0" total="1114112" percent="0" />
    </mem>
    <mem type="tenure" free="1851760" total="6946816" percent="26">
      <mem type="soa" free="1504624" total="6599680" percent="22" />
      <mem type="loa" free="347136" total="347136" percent="100" />
    </mem>
    <remembered-set count="313" />
  </mem-info>
</gc-start>
<allocation-stats totalBytes="3785600" >
  <allocated-bytes non-tlh="48" tlh="3785552" />
  <largest-consumer threadName="Thread-5" threadId="0000000001742A00" bytes="1779576" />
</allocation-stats>
<gc-op id="912" type="scavenge" timems="1.356" contextid="909" timestamp="2019-07-02T19:17:51.269">
  <scavenger-info tenureage="1" tenuremask="7ffe" tiltratio="81" />
  <memory-copied type="nursery" objects="2211" bytes="856568" bytesdiscarded="107200" />
  <memory-copied type="tenure" objects="526" bytes="239224" bytesdiscarded="360" />
  <references type="weak" candidates="1" cleared="0" enqueued="0" />
  <references type="phantom" candidates="1" cleared="0" enqueued="0" />
</gc-op>
<gc-end id="913" type="scavenge" contextid="909" durationms="1.723" usertimems="4.000" systemtimems="0.000" timestamp="2019-07-02T19:17:51.269" activeThreads="4">
  <mem-info id="914" free="5619200" total="12976128" percent="43">
    <mem type="nursery" free="4016912" total="6029312" percent="66">
      <mem type="allocate" free="4016912" total="4980736" percent="80" />
      <mem type="survivor" free="0" total="1048576" percent="0" />
    </mem>
    <mem type="tenure" free="1602288" total="6946816" percent="23">
      <mem type="soa" free="1255152" total="6599680" percent="19" />
      <mem type="loa" free="347136" total="347136" percent="100" />
    </mem>
    <remembered-set count="161" />
  </mem-info>
</gc-end>
<cycle-end id="915" type="scavenge" contextid="909" timestamp="2019-07-02T19:17:51.269">
  <attribute name="GC Util" value="3" />
  <attribute name="CPU Util" value="517260759251" />
  <attribute name="Time Running"value="2029"/>
  <attribute name="Number of cores"value="4"/>
</cycle-end>
<allocation-satisfied id="916" threadId="000000000173B200" bytesRequested="16392" />
<af-end id="917" timestamp="2019-07-02T19:17:51.269" threadId="000000000173BB88" success="true" from="nursery"/>
<exclusive-end id="918" timestamp="2019-07-02T19:17:51.269" durationms="2.191" />

<exclusive-start id="919" timestamp="2019-07-02T19:17:51.296" intervalms="28.607">
  <response-info timems="0.036" idlems="0.036" threads="0" lastid="0000000001742A00" lastname="Thread-5" />
</exclusive-start>
<af-start id="920" threadId="0000000001743388" totalBytesRequested="2056" timestamp="2019-07-02T19:17:51.296" intervalms="28.572" type="nursery" />
<cycle-start id="921" type="scavenge" contextid="0" timestamp="2019-07-02T19:17:51.296" intervalms="28.570" />
  <attribute name="GC Util" value="3" />
  <attribute name="CPU Util" value="517260759251" />
  <attribute name="Time Running"value="2029"/>
  <attribute name="Number of cores"value="4"/>
<gc-start id="922" type="scavenge" contextid="921" timestamp="2019-07-02T19:17:51.296">
  <mem-info id="923" free="1602288" total="12976128" percent="12">
    <mem type="nursery" free="0" total="6029312" percent="0">
      <mem type="allocate" free="0" total="4980736" percent="0" />
      <mem type="survivor" free="0" total="1048576" percent="0" />
    </mem>
    <mem type="tenure" free="1602288" total="6946816" percent="23">
      <mem type="soa" free="1255152" total="6599680" percent="19" />
      <mem type="loa" free="347136" total="347136" percent="100" />
    </mem>
    <remembered-set count="344" />
  </mem-info>
</gc-start>
<allocation-stats totalBytes="3976336" >
  <allocated-bytes non-tlh="49168" tlh="3927168" />
  <largest-consumer threadName="Thread-5" threadId="0000000001742A00" bytes="2008576" />
</allocation-stats>
<gc-op id="924" type="scavenge" timems="0.434" contextid="921" timestamp="2019-07-02T19:17:51.297">
  <scavenger-info tenureage="1" tenuremask="7ffe" tiltratio="82" />
  <memory-copied type="nursery" objects="1740" bytes="744504" bytesdiscarded="261088" />
  <memory-copied type="tenure" objects="957" bytes="403664" bytesdiscarded="2096" />
  <references type="phantom" candidates="1" cleared="0" enqueued="0" />
</gc-op>
<gc-end id="925" type="scavenge" contextid="921" durationms="0.623" usertimems="4.000" systemtimems="0.000" timestamp="2019-07-02T19:17:51.297" activeThreads="4">
  <mem-info id="926" free="5156064" total="12976128" percent="39">
    <mem type="nursery" free="3975080" total="6029312" percent="65">
      <mem type="allocate" free="3975080" total="4980736" percent="79" />
      <mem type="survivor" free="0" total="1048576" percent="0" />
    </mem>
    <mem type="tenure" free="1180984" total="6946816" percent="17">
      <mem type="soa" free="833848" total="6599680" percent="12" />
      <mem type="loa" free="347136" total="347136" percent="100" />
    </mem>
    <remembered-set count="128" />
  </mem-info>
</gc-end>
<cycle-end id="927" type="scavenge" contextid="921" timestamp="2019-07-02T19:17:51.297">
  <attribute name="GC Util" value="9" />
  <attribute name="CPU Util" value="645877144961" />
  <attribute name="Time Running"value="2057"/>
  <attribute name="Number of cores"value="4"/>
</cycle-end>
<allocation-satisfied id="928" threadId="0000000001742A00" bytesRequested="2056" />
<af-end id="929" timestamp="2019-07-02T19:17:51.297" threadId="0000000001743388" success="true" from="nursery"/>
<exclusive-end id="930" timestamp="2019-07-02T19:17:51.297" durationms="1.036" />

<exclusive-start id="931" timestamp="2019-07-02T19:17:51.326" intervalms="29.636">
  <response-info timems="0.034" idlems="0.034" threads="0" lastid="000000000173B200" lastname="Thread-3" />
</exclusive-start>
<af-start id="932" threadId="000000000173BB88" totalBytesRequested="2056" timestamp="2019-07-02T19:17:51.326" intervalms="29.626" type="nursery" />
<cycle-start id="933" type="scavenge" contextid="0" timestamp="2019-07-02T19:17:51.326" intervalms="29.627" />
  <attribute name="GC Util" value="9" />
  <attribute name="CPU Util" value="645877144961" />
  <attribute name="Time Running"value="2057"/>
  <attribute name="Number of cores"value="4"/>
<gc-start id="934" type="scavenge" contextid="933" timestamp="2019-07-02T19:17:51.326">
  <mem-info id="935" free="1180984" total="12976128" percent="9">
    <mem type="nursery" free="0" total="6029312" percent="0">
      <mem type="allocate" free="0" total="4980736" percent="0" />
      <mem type="survivor" free="0" total="1048576" percent="0" />
    </mem>
    <mem type="tenure" free="1180984" total="6946816" percent="17">
      <mem type="soa" free="833848" total="6599680" percent="12" />
      <mem type="loa" free="347136" total="347136" percent="100" />
    </mem>
    <remembered-set count="327" />
  </mem-info>
</gc-start>
<allocation-stats totalBytes="3908784" >
  <allocated-bytes non-tlh="34832" tlh="3873952" />
  <largest-consumer threadName="Thread-5" threadId="0000000001742A00" bytes="1238440" />
</allocation-stats>
<gc-op id="936" type="scavenge" timems="0.752" contextid="933" timestamp="2019-07-02T19:17:51.327">
  <scavenger-info tenureage="1" tenuremask="7ffe" tiltratio="82" />
  <memory-copied type="nursery" objects="2358" bytes="964200" bytesdiscarded="84304" />
  <memory-copied type="tenure" objects="37" bytes="38360" bytesdiscarded="0" />
  <references type="phantom" candidates="1" cleared="0" enqueued="0" />
</gc-op>
<gc-end id="937" type="scavenge" contextid="933" durationms="1.107" usertimems="0.000" systemtimems="0.000" timestamp="2019-07-02T19:17:51.327" activeThreads="4">
  <mem-info id="938" free="4877368" total="12976128" percent="37">
    <mem type="nursery" free="3735552" total="6029312" percent="61">
      <mem type="allocate" free="3735552" total="4784128" percent="78" />
      <mem type="survivor" free="0" total="1245184" percent="0" />
    </mem>
    <mem type="tenure" free="1141816" total="6946816" percent="16">
      <mem type="soa" free="794680" total="6599680" percent="12" />
      <mem type="loa" free="347136" total="347136" percent="100" />
    </mem>
    <remembered-set count="126" />
  </mem-info>
</gc-end>
<cycle-end id="939" type="scavenge" contextid="933" timestamp="2019-07-02T19:17:51.327">
  <attribute name="GC Util" value="4" />
  <attribute name="CPU Util" value="622609208130" />
  <attribute name="Time Running"value="2087"/>
  <attribute name="Number of cores"value="4"/>
</cycle-end>
<allocation-satisfied id="940" threadId="000000000173B200" bytesRequested="2056" />
<af-end id="941" timestamp="2019-07-02T19:17:51.327" threadId="000000000173BB88" success="true" from="nursery"/>
<exclusive-end id="942" timestamp="2019-07-02T19:17:51.327" durationms="1.513" />

<exclusive-start id="943" timestamp="2019-07-02T19:17:51.357" intervalms="31.135">
  <response-info timems="0.046" idlems="0.046" threads="0" lastid="000000000173EE00" lastname="Thread-4" />
</exclusive-start>
<af-start id="944" threadId="000000000173F788" totalBytesRequested="288" timestamp="2019-07-02T19:17:51.357" intervalms="31.134" type="nursery" />
<cycle-start id="945" type="scavenge" contextid="0" timestamp="2019-07-02T19:17:51.357" intervalms="31.131" />
  <attribute name="GC Util" value="4" />
  <attribute name="CPU Util" value="622609208130" />
  <attribute name="Time Running"value="2087"/>
  <attribute name="Number of cores"value="4"/>
<gc-start id="946" type="scavenge" contextid="945" timestamp="2019-07-02T19:17:51.357">
  <mem-info id="947" free="1141816" total="12976128" percent="8">
    <mem type="nursery" free="0" total="6029312" percent="0">
      <mem type="allocate" free="0" total="4784128" percent="0" />
      <mem type="survivor" free="0" total="1245184" percent="0" />
    </mem>
    <mem type="tenure" free="1141816" total="6946816" percent="16">
      <mem type="soa" free="794680" total="6599680" percent="12" />
      <mem type="loa" free="347136" total="347136" percent="100" />
    </mem>
    <remembered-set count="294" />
  </mem-info>
</gc-start>
<allocation-stats totalBytes="3713168" >
  <allocated-bytes non-tlh="2056" tlh="3711112" />
  <largest-consumer threadName="Thread-4" threadId="000000000173EE00" bytes="1385968" />
</allocation-stats>
<gc-op id="948" type="scavenge" timems="0.451" contextid="945" timestamp="2019-07-02T19:17:51.357">
  <scavenger-info tenureage="1" tenuremask="7ffe" tiltratio="79" />
  <memory-copied type="nursery" objects="1848" bytes="738472" bytesdiscarded="319208" />
  <memory-copied type="tenure" objects="762" bytes="340704" bytesdiscarded="304" />
  <references type="phantom" candidates="1" cleared="0" enqueued="0" />
</gc-op>
<gc-end id="949" type="scavenge" contextid="945" durationms="0.628" usertimems="0.000" systemtimems="0.000" timestamp="2019-07-02T19:17:51.357" activeThreads="4">
  <mem-info id="950" free="4482928" total="12976128" percent="34">
    <mem type="nursery" free="3726392" total="6029312" percent="61">
      <mem type="allocate" free="3726392" total="4784128" percent="77" />
      <mem type="survivor" free="0" total="1245184" percent="0" />
    </mem>
    <mem type="tenure" free="756536" total="6946816" percent="10">
      <mem type="soa" free="409400" total="6599680" percent="6" />
      <mem type="loa" free="347136" total="347136" percent="100" />
    </mem>
    <remembered-set count="121" />
  </mem-info>
</gc-end>
<cycle-end id="951" type="scavenge" contextid="945" timestamp="2019-07-02T19:17:51.358">
  <attribute name="GC Util" value="4" />
  <attribute name="CPU Util" value="592844338844" />
  <attribute name="Time Running"value="2118"/>
  <attribute name="Number of cores"value="4"/>
</cycle-end>
<allocation-satisfied id="952" threadId="000000000173EE00" bytesRequested="288" />
<af-end id="953" timestamp="2019-07-02T19:17:51.358" threadId="000000000173F788" success="true" from="nursery"/>
<exclusive-end id="954" timestamp="2019-07-02T19:17:51.358" durationms="1.013" />

<concurrent-kickoff id="955" timestamp="2019-07-02T19:17:51.376">
  <kickoff reason="threshold reached" targetBytes="1752900" thresholdFreeBytes="244168"  remainingFree="224016" tenureFreeBytes="756536" nurseryFreeBytes="224016" />
</concurrent-kickoff>
<exclusive-start id="956" timestamp="2019-07-02T19:17:51.377" intervalms="19.890">
  <response-info timems="0.035" idlems="0.035" threads="0" lastid="0000000001742A00" lastname="Thread-5" />
</exclusive-start>
<cycle-start id="957" type="global" contextid="0" timestamp="2019-07-02T19:17:51.377" intervalms="402.544" />
  <attribute name="GC Util" value="4" />
  <attribute name="CPU Util" value="592844338844" />
  <attribute name="Time Running"value="2118"/>
  <attribute name="Number of cores"value="4"/>
<exclusive-end id="958" timestamp="2019-07-02T19:17:51.377" durationms="0.105" />

<exclusive-start id="959" timestamp="2019-07-02T19:17:51.379" intervalms="2.034">
  <response-info timems="0.036" idlems="0.036" threads="0" lastid="0000000001742A00" lastname="Thread-5" />
</exclusive-start>
<af-start id="960" threadId="0000000001743388" totalBytesRequested="2056" timestamp="2019-07-02T19:17:51.379" intervalms="21.921" type="nursery" />
<cycle-start id="961" type="scavenge" contextid="0" timestamp="2019-07-02T19:17:51.379" intervalms="21.921" />
  <attribute name="GC Util" value="4" />
  <attribute name="CPU Util" value="592844338844" />
  <attribute name="Time Running"value="2118"/>
  <attribute name="Number of cores"value="4"/>
<gc-start id="962" type="scavenge" contextid="961" timestamp="2019-07-02T19:17:51.379">
  <mem-info id="963" free="756536" total="12976128" percent="5">
    <mem type="nursery" free="0" total="6029312" percent="0">
      <mem type="allocate" free="0" total="4784128" percent="0" />
      <mem type="survivor" free="0" total="1245184" percent="0" />
    </mem>
    <mem type="tenure" free="756536" total="6946816" percent="10">
      <mem type="soa" free="409400" total="6599680" percent="6" />
      <mem type="loa" free="347136" total="347136" percent="100" />
    </mem>
    <remembered-set count="308" />
  </mem-info>
</gc-start>
<allocation-stats totalBytes="3613712" >
  <allocated-bytes non-tlh="33064" tlh="3580648" />
  <largest-consumer threadName="Thread-3" threadId="000000000173B200" bytes="1064488" />
</allocation-stats>
<gc-op id="964" type="scavenge" timems="0.449" contextid="961" timestamp="2019-07-02T19:17:51.379">
  <scavenger-info tenureage="1" tenuremask="7ffe" tiltratio="79" />
  <memory-copied type="nursery" objects="2160" bytes="979792" bytesdiscarded="265312" />
  <memory-copied type="tenure" objects="353" bytes="62408" bytesdiscarded="8" />
  <copy-failed type="nursery" objects="330" bytes="61008" />
  <references type="phantom" candidates="1" cleared="0" enqueued="0" />
</gc-op>
<gc-end id="965" type="scavenge" contextid="961" durationms="0.636" usertimems="4.000" systemtimems="0.000" timestamp="2019-07-02T19:17:51.379" activeThreads="4">
  <mem-info id="966" free="3902008" total="12976128" percent="30">
    <mem type="nursery" free="3276800" total="6029312" percent="54">
      <mem type="allocate" free="3276800" total="4521984" percent="72" />
      <mem type="survivor" free="0" total="1507328" percent="0" />
    </mem>
    <mem type="tenure" free="625208" total="6946816" percent="8">
      <mem type="soa" free="278072" total="6599680" percent="4" />
      <mem type="loa" free="347136" total="347136" percent="100" />
    </mem>
    <remembered-set count="133" />
  </mem-info>
</gc-end>
<cycle-end id="967" type="scavenge" contextid="961" timestamp="2019-07-02T19:17:51.379">
  <attribute name="GC Util" value="4" />
  <attribute name="CPU Util" value="841223720229" />
  <attribute name="Time Running"value="2140"/>
  <attribute name="Number of cores"value="4"/>
</cycle-end>
<allocation-satisfied id="968" threadId="0000000001742A00" bytesRequested="2056" />
<af-end id="969" timestamp="2019-07-02T19:17:51.380" threadId="0000000001743388" success="true" from="nursery"/>
<exclusive-end id="970" timestamp="2019-07-02T19:17:51.380" durationms="1.774" />

<exclusive-start id="971" timestamp="2019-07-02T19:17:51.409" intervalms="30.466">
  <response-info timems="0.066" idlems="0.066" threads="0" lastid="000000000173EE00" lastname="Thread-4" />
</exclusive-start>
<af-start id="972" threadId="000000000173F788" totalBytesRequested="48" timestamp="2019-07-02T19:17:51.409" intervalms="30.452" type="nursery" />
<cycle-start id="973" type="scavenge" contextid="0" timestamp="2019-07-02T19:17:51.409" intervalms="30.456" />
  <attribute name="GC Util" value="4" />
  <attribute name="CPU Util" value="841223720229" />
  <attribute name="Time Running"value="2140"/>
  <attribute name="Number of cores"value="4"/>
<gc-start id="974" type="scavenge" contextid="973" timestamp="2019-07-02T19:17:51.409">
  <mem-info id="975" free="625208" total="12976128" percent="4">
    <mem type="nursery" free="0" total="6029312" percent="0">
      <mem type="allocate" free="0" total="4521984" percent="0" />
      <mem type="survivor" free="0" total="1507328" percent="0" />
    </mem>
    <mem type="tenure" free="625208" total="6946816" percent="8">
      <mem type="soa" free="278072" total="6599680" percent="4" />
      <mem type="loa" free="347136" total="347136" percent="100" />
    </mem>
    <remembered-set count="266" />
  </mem-info>
</gc-start>
<allocation-stats totalBytes="3196312" >
  <allocated-bytes non-tlh="34832" tlh="3161480" />
  <largest-consumer threadName="Thread-4" threadId="000000000173EE00" bytes="1060504" />
</allocation-stats>
<gc-op id="976" type="scavenge" timems="0.562" contextid="973" timestamp="2019-07-02T19:17:51.410">
  <scavenger-info tenureage="1" tenuremask="7ffe" tiltratio="75" />
  <memory-copied type="nursery" objects="2003" bytes="820136" bytesdiscarded="175296" />
  <memory-copied type="tenure" objects="578" bytes="427952" bytesdiscarded="2032" />
  <references type="weak" candidates="1" cleared="0" enqueued="0" />
  <references type="phantom" candidates="2" cleared="0" enqueued="0" />
  <heap-resize type="expand" space="tenure" amount="196608" count="3" timems="0.024" reason="continue current collection" />
</gc-op>
<gc-end id="977" type="scavenge" contextid="973" durationms="0.743" usertimems="0.000" systemtimems="0.000" timestamp="2019-07-02T19:17:51.410" activeThreads="4">
  <mem-info id="978" free="3978064" total="13172736" percent="30">
    <mem type="nursery" free="3592032" total="6029312" percent="59">
      <mem type="allocate" free="3592032" total="4587520" percent="78" />
      <mem type="survivor" free="0" total="1441792" percent="0" />
    </mem>
    <mem type="tenure" free="386032" total="7143424" percent="5">
      <mem type="soa" free="29680" total="6787072" percent="0" />
      <mem type="loa" free="356352" total="356352" percent="100" />
    </mem>
    <remembered-set count="122" />
  </mem-info>
</gc-end>
<cycle-end id="979" type="scavenge" contextid="973" timestamp="2019-07-02T19:17:51.410">
  <attribute name="GC Util" value="3" />
  <attribute name="CPU Util" value="605621960448" />
  <attribute name="Time Running"value="2170"/>
  <attribute name="Number of cores"value="4"/>
</cycle-end>
<concurrent-collection-start id="980" timestamp="2019-07-02T19:17:51.410" intervalms="396.099" >
  <concurrent-trace-info reason="card cleaning threshold reached" tracedByMutators="299344" tracedByHelpers="986500" cardsCleaned="172" workStackOverflowCount="0" />
</concurrent-collection-start>
<gc-start id="981" type="global" contextid="957" timestamp="2019-07-02T19:17:51.410">
  <mem-info id="982" free="3978016" total="13172736" percent="30">
    <mem type="nursery" free="3591984" total="6029312" percent="59">
      <mem type="allocate" free="3591984" total="4587520" percent="78" />
      <mem type="survivor" free="0" total="1441792" percent="0" />
    </mem>
    <mem type="tenure" free="386032" total="7143424" percent="5">
      <mem type="soa" free="29680" total="6787072" percent="0" />
      <mem type="loa" free="356352" total="356352" percent="100" />
    </mem>
    <remembered-set count="122" />
  </mem-info>
</gc-start>
<allocation-stats totalBytes="48" >
  <allocated-bytes non-tlh="48" tlh="0" />
  <largest-consumer threadName="Thread-4" threadId="000000000173EE00" bytes="48" />
</allocation-stats>
<gc-op id="983" type="rs-scan" timems="0.159" contextid="957" timestamp="2019-07-02T19:17:51.410">
  <scan objectsFound="56" bytesTraced="4548" workStackOverflowCount="0" />
</gc-op>
<gc-op id="984" type="card-cleaning" timems="0.172" contextid="957" timestamp="2019-07-02T19:17:51.411">
  <card-cleaning cardsCleaned="108" bytesTraced="346084" workStackOverflowCount="0" />
</gc-op>
<gc-op id="985" type="mark" timems="0.528" contextid="957" timestamp="2019-07-02T19:17:51.411">
  <trace-info objectcount="918" scancount="798" scanbytes="111156" />
  <finalization candidates="25" enqueued="0" />
  <references type="soft" candidates="164" cleared="0" enqueued="0" dynamicThreshold="18" maxThreshold="32" />
  <references type="weak" candidates="245" cleared="0" enqueued="0" />
  <references type="phantom" candidates="72" cleared="0" enqueued="0" />
  <stringconstants candidates="3947" cleared="0"  />
</gc-op>
<gc-op id="986" type="sweep" timems="0.199" contextid="957" timestamp="2019-07-02T19:17:51.411" />
<gc-end id="987" type="global" contextid="957" durationms="1.383" usertimems="0.000" systemtimems="4.000" timestamp="2019-07-02T19:17:51.412" activeThreads="4">
  <mem-info id="988" free="8172944" total="13172736" percent="62">
    <mem type="nursery" free="3802632" total="6029312" percent="63">
      <mem type="allocate" free="3802632" total="4587520" percent="82" />
      <mem type="survivor" free="0" total="1441792" percent="0" />
    </mem>
    <mem type="tenure" free="4370312" total="7143424" percent="61" micro-fragmented="61509" macro-fragmented="0">
      <mem type="soa" free="4013960" total="6787072" percent="59" />
      <mem type="loa" free="356352" total="356352" percent="100" />
    </mem>
    <remembered-set count="117" />
  </mem-info>
</gc-end>
<cycle-end id="989" type="global" contextid="957" timestamp="2019-07-02T19:17:51.412">
  <attribute name="GC Util" value="122" />
  <attribute name="CPU Util" value="31435633437842" />
  <attribute name="Time Running"value="2172"/>
  <attribute name="Number of cores"value="4"/>
</cycle-end>
<concurrent-collection-end id="990" timestamp="2019-07-02T19:17:51.412" />
<allocation-satisfied id="991" threadId="000000000173EE00" bytesRequested="48" />
<af-end id="992" timestamp="2019-07-02T19:17:51.412" threadId="000000000173F788" success="true" from="nursery"/>
<exclusive-end id="993" timestamp="2019-07-02T19:17:51.412" durationms="2.968" />

<exclusive-start id="994" timestamp="2019-07-02T19:17:51.441" intervalms="31.812">
  <response-info timems="0.045" idlems="0.045" threads="0" lastid="0000000001746500" lastname="Thread-6" />
</exclusive-start>
<af-start id="995" threadId="0000000001746E88" totalBytesRequested="48" timestamp="2019-07-02T19:17:51.441" intervalms="31.828" type="nursery" />
<cycle-start id="996" type="scavenge" contextid="0" timestamp="2019-07-02T19:17:51.441" intervalms="31.818" />
  <attribute name="GC Util" value="122" />
  <attribute name="CPU Util" value="31435633437842" />
  <attribute name="Time Running"value="2172"/>
  <attribute name="Number of cores"value="4"/>
<gc-start id="997" type="scavenge" contextid="996" timestamp="2019-07-02T19:17:51.441">
  <mem-info id="998" free="4370312" total="13172736" percent="33">
    <mem type="nursery" free="0" total="6029312" percent="0">
      <mem type="allocate" free="0" total="4587520" percent="0" />
      <mem type="survivor" free="0" total="1441792" percent="0" />
    </mem>
    <mem type="tenure" free="4370312" total="7143424" percent="61">
      <mem type="soa" free="4013960" total="6787072" percent="59" />
      <mem type="loa" free="356352" total="356352" percent="100" />
    </mem>
    <remembered-set count="314" />
  </mem-info>
</gc-start>
<allocation-stats totalBytes="3792952" >
  <allocated-bytes non-tlh="133160" tlh="3659792" />
  <largest-consumer threadName="Thread-4" threadId="000000000173EE00" bytes="1672896" />
</allocation-stats>
<gc-op id="999" type="scavenge" timems="3.211" contextid="996" timestamp="2019-07-02T19:17:51.444">
  <scavenger-info tenureage="1" tenuremask="7ffe" tiltratio="76" />
  <memory-copied type="nursery" objects="1848" bytes="701240" bytesdiscarded="169432" />
  <memory-copied type="tenure" objects="749" bytes="311704" bytesdiscarded="3736" />
  <references type="phantom" candidates="1" cleared="0" enqueued="0" />
</gc-op>
<heap-resize id="1000" type="expand" space="nursery" amount="393216" count="1" timems="0.016" reason="excessive time being spent scavenging" timestamp="2019-07-02T19:17:51.444" />
<gc-end id="1001" type="scavenge" contextid="996" durationms="3.429" usertimems="4.000" systemtimems="0.000" timestamp="2019-07-02T19:17:51.444" activeThreads="4">
  <mem-info id="1002" free="8035088" total="13565952" percent="59">
    <mem type="nursery" free="4110000" total="6422528" percent="63">
      <mem type="allocate" free="4110000" total="4980736" percent="82" />
      <mem type="survivor" free="0" total="1441792" percent="0" />
    </mem>
    <mem type="tenure" free="3925088" total="7143424" percent="54">
      <mem type="soa" free="3568736" total="6787072" percent="52" />
      <mem type="loa" free="356352" total="356352" percent="100" />
    </mem>
    <remembered-set count="132" />
  </mem-info>
</gc-end>
<cycle-end id="1003" type="scavenge" contextid="996" timestamp="2019-07-02T19:17:51.444">
  <attribute name="GC Util" value="3" />
  <attribute name="CPU Util" value="617875746888" />
  <attribute name="Time Running"value="2202"/>
  <attribute name="Number of cores"value="4"/>
</cycle-end>
<allocation-satisfied id="1004" threadId="0000000001746500" bytesRequested="48" />
<af-end id="1005" timestamp="2019-07-02T19:17:51.445" threadId="0000000001746E88" success="true" from="nursery"/>
<exclusive-end id="1006" timestamp="2019-07-02T19:17:51.445" durationms="3.764" />

<exclusive-start id="1007" timestamp="2019-07-02T19:17:51.477" intervalms="36.130">
  <response-info timems="0.032" idlems="0.032" threads="0" lastid="0000000001742A00" lastname="Thread-5" />
</exclusive-start>
<af-start id="1008" threadId="0000000001743388" totalBytesRequested="16392" timestamp="2019-07-02T19:17:51.477" intervalms="36.156" type="nursery" />
<cycle-start id="1009" type="scavenge" contextid="0" timestamp="2019-07-02T19:17:51.477" intervalms="36.166" />
  <attribute name="GC Util" value="3" />
  <attribute name="CPU Util" value="617875746888" />
  <attribute name="Time Running"value="2202"/>
  <attribute name="Number of cores"value="4"/>
<gc-start id="1010" type="scavenge" contextid="1009" timestamp="2019-07-02T19:17:51.477">
  <mem-info id="1011" free="3925088" total="13565952" percent="28">
    <mem type="nursery" free="0" total="6422528" percent="0">
      <mem type="allocate" free="0" total="4980736" percent="0" />
      <mem type="survivor" free="0" total="1441792" percent="0" />
    </mem>
    <mem type="tenure" free="3925088" total="7143424" percent="54">
      <mem type="soa" free="3568736" total="6787072" percent="52" />
      <mem type="loa" free="356352" total="356352" percent="100" />
    </mem>
    <remembered-set count="337" />
  </mem-info>
</gc-start>
<allocation-stats totalBytes="4095472" >
  <allocated-bytes non-tlh="65600" tlh="4029872" />
  <largest-consumer threadName="Thread-5" threadId="0000000001742A00" bytes="2306984" />
</allocation-stats>
<gc-op id="1012" type="scavenge" timems="0.372" contextid="1009" timestamp="2019-07-02T19:17:51.478">
  <scavenger-info tenureage="1" tenuremask="7ffe" tiltratio="77" />
  <memory-copied type="nursery" objects="1757" bytes="758216" bytesdiscarded="259656" />
  <memory-copied type="tenure" objects="478" bytes="228832" bytesdiscarded="2304" />
</gc-op>
<gc-end id="1013" type="scavenge" contextid="1009" durationms="0.564" usertimems="0.000" systemtimems="0.000" timestamp="2019-07-02T19:17:51.478" activeThreads="4">
  <mem-info id="1014" free="7847768" total="13565952" percent="57">
    <mem type="nursery" free="4159416" total="6422528" percent="64">
      <mem type="allocate" free="4159416" total="5177344" percent="80" />
      <mem type="survivor" free="0" total="1245184" percent="0" />
    </mem>
    <mem type="tenure" free="3688352" total="7143424" percent="51">
      <mem type="soa" free="3332000" total="6787072" percent="49" />
      <mem type="loa" free="356352" total="356352" percent="100" />
    </mem>
    <remembered-set count="155" />
  </mem-info>
</gc-end>
<cycle-end id="1015" type="scavenge" contextid="1009" timestamp="2019-07-02T19:17:51.478">
  <attribute name="GC Util" value="13" />
  <attribute name="CPU Util" value="509640524641" />
  <attribute name="Time Running"value="2238"/>
  <attribute name="Number of cores"value="4"/>
</cycle-end>
<allocation-satisfied id="1016" threadId="0000000001742A00" bytesRequested="16392" />
<af-end id="1017" timestamp="2019-07-02T19:17:51.478" threadId="0000000001743388" success="true" from="nursery"/>
<exclusive-end id="1018" timestamp="2019-07-02T19:17:51.478" durationms="0.996" />

<exclusive-start id="1019" timestamp="2019-07-02T19:17:51.510" intervalms="32.736">
  <response-info timems="0.053" idlems="0.053" threads="0" lastid="000000000173EE00" lastname="Thread-4" />
</exclusive-start>
<af-start id="1020" threadId="000000000173F788" totalBytesRequested="16392" timestamp="2019-07-02T19:17:51.510" intervalms="32.723" type="nursery" />
<cycle-start id="1021" type="scavenge" contextid="0" timestamp="2019-07-02T19:17:51.510" intervalms="32.722" />
  <attribute name="GC Util" value="13" />
  <attribute name="CPU Util" value="509640524641" />
  <attribute name="Time Running"value="2238"/>
  <attribute name="Number of cores"value="4"/>
<gc-start id="1022" type="scavenge" contextid="1021" timestamp="2019-07-02T19:17:51.510">
  <mem-info id="1023" free="3688352" total="13565952" percent="27">
    <mem type="nursery" free="0" total="6422528" percent="0">
      <mem type="allocate" free="0" total="5177344" percent="0" />
      <mem type="survivor" free="0" total="1245184" percent="0" />
    </mem>
    <mem type="tenure" free="3688352" total="7143424" percent="51">
      <mem type="soa" free="3332000" total="6787072" percent="49" />
      <mem type="loa" free="356352" total="356352" percent="100" />
    </mem>
    <remembered-set count="373" />
  </mem-info>
</gc-start>
<allocation-stats totalBytes="4115808" >
  <allocated-bytes non-tlh="81944" tlh="4033864" />
  <largest-consumer threadName="Thread-3" threadId="000000000173B200" bytes="1192120" />
</allocation-stats>
<gc-op id="1024" type="scavenge" timems="0.433" contextid="1021" timestamp="2019-07-02T19:17:51.510">
  <scavenger-info tenureage="1" tenuremask="7ffe" tiltratio="80" />
  <memory-copied type="nursery" objects="2078" bytes="891200" bytesdiscarded="175872" />
  <memory-copied type="tenure" objects="295" bytes="137024" bytesdiscarded="2264" />
  <references type="phantom" candidates="1" cleared="0" enqueued="0" />
</gc-op>
<gc-end id="1025" type="scavenge" contextid="1021" durationms="0.634" usertimems="0.000" systemtimems="0.000" timestamp="2019-07-02T19:17:51.511" activeThreads="4">
  <mem-info id="1026" free="7548968" total="13565952" percent="55">
    <mem type="nursery" free="4110192" total="6422528" percent="63">
      <mem type="allocate" free="4110192" total="5177344" percent="79" />
      <mem type="survivor" free="0" total="1245184" percent="0" />
    </mem>
    <mem type="tenure" free="3438776" total="7143424" percent="48">
      <mem type="soa" free="3082424" total="6787072" percent="45" />
      <mem type="loa" free="356352" total="356352" percent="100" />
    </mem>
    <remembered-set count="118" />
  </mem-info>
</gc-end>
<cycle-end id="1027" type="scavenge" contextid="1021" timestamp="2019-07-02T19:17:51.511">
  <attribute name="GC Util" value="3" />
  <attribute name="CPU Util" value="563544419597" />
  <attribute name="Time Running"value="2271"/>
  <attribute name="Number of cores"value="4"/>
</cycle-end>
<allocation-satisfied id="1028" threadId="000000000173EE00" bytesRequested="16392" />
<af-end id="1029" timestamp="2019-07-02T19:17:51.511" threadId="000000000173F788" success="true" from="nursery"/>
<exclusive-end id="1030" timestamp="2019-07-02T19:17:51.511" durationms="1.076" />

<exclusive-start id="1031" timestamp="2019-07-02T19:17:51.536" intervalms="25.881">
  <response-info timems="0.037" idlems="0.037" threads="0" lastid="0000000001742A00" lastname="Thread-5" />
</exclusive-start>
<af-start id="1032" threadId="0000000001743388" totalBytesRequested="16392" timestamp="2019-07-02T19:17:51.536" intervalms="25.879" type="nursery" />
<cycle-start id="1033" type="scavenge" contextid="0" timestamp="2019-07-02T19:17:51.536" intervalms="25.880" />
  <attribute name="GC Util" value="3" />
  <attribute name="CPU Util" value="563544419597" />
  <attribute name="Time Running"value="2271"/>
  <attribute name="Number of cores"value="4"/>
<gc-start id="1034" type="scavenge" contextid="1033" timestamp="2019-07-02T19:17:51.536">
  <mem-info id="1035" free="3438776" total="13565952" percent="25">
    <mem type="nursery" free="0" total="6422528" percent="0">
      <mem type="allocate" free="0" total="5177344" percent="0" />
      <mem type="survivor" free="0" total="1245184" percent="0" />
    </mem>
    <mem type="tenure" free="3438776" total="7143424" percent="48">
      <mem type="soa" free="3082424" total="6787072" percent="45" />
      <mem type="loa" free="356352" total="356352" percent="100" />
    </mem>
    <remembered-set count="313" />
  </mem-info>
</gc-start>
<allocation-stats totalBytes="3986152" >
  <allocated-bytes non-tlh="49168" tlh="3936984" />
  <largest-consumer threadName="Thread-6" threadId="0000000001746500" bytes="1638912" />
</allocation-stats>
<gc-op id="1036" type="scavenge" timems="0.374" contextid="1033" timestamp="2019-07-02T19:17:51.536">
  <scavenger-info tenureage="1" tenuremask="7ffe" tiltratio="80" />
  <memory-copied type="nursery" objects="1942" bytes="811976" bytesdiscarded="374400" />
  <memory-copied type="tenure" objects="42" bytes="37432" bytesdiscarded="144" />
  <references type="phantom" candidates="1" cleared="0" enqueued="0" />
</gc-op>
<gc-end id="1037" type="scavenge" contextid="1033" durationms="0.563" usertimems="0.000" systemtimems="0.000" timestamp="2019-07-02T19:17:51.537" activeThreads="4">
  <mem-info id="1038" free="7438184" total="13565952" percent="54">
    <mem type="nursery" free="4056432" total="6422528" percent="63">
      <mem type="allocate" free="4056432" total="5242880" percent="77" />
      <mem type="survivor" free="0" total="1179648" percent="0" />
    </mem>
    <mem type="tenure" free="3381752" total="7143424" percent="47">
      <mem type="soa" free="3025400" total="6787072" percent="44" />
      <mem type="loa" free="356352" total="356352" percent="100" />
    </mem>
    <remembered-set count="106" />
  </mem-info>
</gc-end>
<cycle-end id="1039" type="scavenge" contextid="1033" timestamp="2019-07-02T19:17:51.537">
  <attribute name="GC Util" value="4" />
  <attribute name="CPU Util" value="708719777826" />
  <attribute name="Time Running"value="2297"/>
  <attribute name="Number of cores"value="4"/>
</cycle-end>
<allocation-satisfied id="1040" threadId="0000000001742A00" bytesRequested="16392" />
<af-end id="1041" timestamp="2019-07-02T19:17:51.537" threadId="0000000001743388" success="true" from="nursery"/>
<exclusive-end id="1042" timestamp="2019-07-02T19:17:51.537" durationms="1.231" />

<exclusive-start id="1043" timestamp="2019-07-02T19:17:51.573" intervalms="37.598">
  <response-info timems="0.046" idlems="0.046" threads="0" lastid="000000000173B200" lastname="Thread-3" />
</exclusive-start>
<af-start id="1044" threadId="000000000173BB88" totalBytesRequested="32776" timestamp="2019-07-02T19:17:51.573" intervalms="37.599" type="nursery" />
<cycle-start id="1045" type="scavenge" contextid="0" timestamp="2019-07-02T19:17:51.573" intervalms="37.601" />
  <attribute name="GC Util" value="4" />
  <attribute name="CPU Util" value="708719777826" />
  <attribute name="Time Running"value="2297"/>
  <attribute name="Number of cores"value="4"/>
<gc-start id="1046" type="scavenge" contextid="1045" timestamp="2019-07-02T19:17:51.573">
  <mem-info id="1047" free="3381752" total="13565952" percent="24">
    <mem type="nursery" free="0" total="6422528" percent="0">
      <mem type="allocate" free="0" total="5242880" percent="0" />
      <mem type="survivor" free="0" total="1179648" percent="0" />
    </mem>
    <mem type="tenure" free="3381752" total="7143424" percent="47">
      <mem type="soa" free="3025400" total="6787072" percent="44" />
      <mem type="loa" free="356352" total="356352" percent="100" />
    </mem>
    <remembered-set count="280" />
  </mem-info>
</gc-start>
<allocation-stats totalBytes="4046776" >
  <allocated-bytes non-tlh="81944" tlh="3964832" />
  <largest-consumer threadName="Thread-5" threadId="0000000001742A00" bytes="1733920" />
</allocation-stats>
<gc-op id="1048" type="scavenge" timems="0.616" contextid="1045" timestamp="2019-07-02T19:17:51.574">
  <scavenger-info tenureage="1" tenuremask="7ffe" tiltratio="81" />
  <memory-copied type="nursery" objects="2123" bytes="788232" bytesdiscarded="18264" />
  <memory-copied type="tenure" objects="557" bytes="255624" bytesdiscarded="4008" />
</gc-op>
<gc-end id="1049" type="scavenge" contextid="1045" durationms="1.075" usertimems="4.000" systemtimems="0.000" timestamp="2019-07-02T19:17:51.574" activeThreads="4">
  <mem-info id="1050" free="7616416" total="13565952" percent="56">
    <mem type="nursery" free="4501864" total="6422528" percent="70">
      <mem type="allocate" free="4501864" total="5308416" percent="84" />
      <mem type="survivor" free="0" total="1114112" percent="0" />
    </mem>
    <mem type="tenure" free="3114552" total="7143424" percent="43">
      <mem type="soa" free="2758200" total="6787072" percent="40" />
      <mem type="loa" free="356352" total="356352" percent="100" />
    </mem>
    <remembered-set count="132" />
  </mem-info>
</gc-end>
<cycle-end id="1051" type="scavenge" contextid="1045" timestamp="2019-07-02T19:17:51.575">
  <attribute name="GC Util" value="2" />
  <attribute name="CPU Util" value="492058640688" />
  <attribute name="Time Running"value="2335"/>
  <attribute name="Number of cores"value="4"/>
</cycle-end>
<allocation-satisfied id="1052" threadId="000000000173B200" bytesRequested="32776" />
<af-end id="1053" timestamp="2019-07-02T19:17:51.575" threadId="000000000173BB88" success="true" from="nursery"/>
<exclusive-end id="1054" timestamp="2019-07-02T19:17:51.575" durationms="1.542" />

<exclusive-start id="1055" timestamp="2019-07-02T19:17:51.617" intervalms="43.386">
  <response-info timems="0.048" idlems="0.048" threads="0" lastid="0000000001746500" lastname="Thread-6" />
</exclusive-start>
<af-start id="1056" threadId="0000000001746E88" totalBytesRequested="16392" timestamp="2019-07-02T19:17:51.617" intervalms="43.373" type="nursery" />
<cycle-start id="1057" type="scavenge" contextid="0" timestamp="2019-07-02T19:17:51.617" intervalms="43.359" />
  <attribute name="GC Util" value="2" />
  <attribute name="CPU Util" value="492058640688" />
  <attribute name="Time Running"value="2335"/>
  <attribute name="Number of cores"value="4"/>
<gc-start id="1058" type="scavenge" contextid="1057" timestamp="2019-07-02T19:17:51.617">
  <mem-info id="1059" free="3114552" total="13565952" percent="22">
    <mem type="nursery" free="0" total="6422528" percent="0">
      <mem type="allocate" free="0" total="5308416" percent="0" />
      <mem type="survivor" free="0" total="1114112" percent="0" />
    </mem>
    <mem type="tenure" free="3114552" total="7143424" percent="43">
      <mem type="soa" free="2758200" total="6787072" percent="40" />
      <mem type="loa" free="356352" total="356352" percent="100" />
    </mem>
    <remembered-set count="343" />
  </mem-info>
</gc-start>
<allocation-stats totalBytes="4486760" >
  <allocated-bytes non-tlh="65552" tlh="4421208" />
  <largest-consumer threadName="Thread-3" threadId="000000000173B200" bytes="2267536" />
</allocation-stats>
<gc-op id="1060" type="scavenge" timems="2.776" contextid="1057" timestamp="2019-07-02T19:17:51.620">
  <scavenger-info tenureage="1" tenuremask="7ffe" tiltratio="82" />
  <memory-copied type="nursery" objects="1462" bytes="610808" bytesdiscarded="226888" />
  <memory-copied type="tenure" objects="850" bytes="347472" bytesdiscarded="1768" />
</gc-op>
<gc-end id="1061" type="scavenge" contextid="1057" durationms="2.939" usertimems="4.000" systemtimems="0.000" timestamp="2019-07-02T19:17:51.620" activeThreads="4">
  <mem-info id="1062" free="7417184" total="13565952" percent="54">
    <mem type="nursery" free="4536200" total="6422528" percent="70">
      <mem type="allocate" free="4536200" total="5373952" percent="84" />
      <mem type="survivor" free="0" total="1048576" percent="0" />
    </mem>
    <mem type="tenure" free="2880984" total="7143424" percent="40">
      <mem type="soa" free="2524632" total="6787072" percent="37" />
      <mem type="loa" free="356352" total="356352" percent="100" />
    </mem>
    <remembered-set count="128" />
  </mem-info>
</gc-end>
<cycle-end id="1063" type="scavenge" contextid="1057" timestamp="2019-07-02T19:17:51.620">
  <attribute name="GC Util" value="3" />
  <attribute name="CPU Util" value="426212505928" />
  <attribute name="Time Running"value="2378"/>
  <attribute name="Number of cores"value="4"/>
</cycle-end>
<allocation-satisfied id="1064" threadId="0000000001746500" bytesRequested="16392" />
<af-end id="1065" timestamp="2019-07-02T19:17:51.620" threadId="0000000001746E88" success="true" from="nursery"/>
<exclusive-end id="1066" timestamp="2019-07-02T19:17:51.620" durationms="3.455" />

<exclusive-start id="1067" timestamp="2019-07-02T19:17:51.651" intervalms="34.050">
  <response-info timems="0.038" idlems="0.038" threads="0" lastid="000000000173EE00" lastname="Thread-4" />
</exclusive-start>
<af-start id="1068" threadId="000000000173F788" totalBytesRequested="48" timestamp="2019-07-02T19:17:51.651" intervalms="34.066" type="nursery" />
<cycle-start id="1069" type="scavenge" contextid="0" timestamp="2019-07-02T19:17:51.651" intervalms="34.078" />
  <attribute name="GC Util" value="3" />
  <attribute name="CPU Util" value="426212505928" />
  <attribute name="Time Running"value="2378"/>
  <attribute name="Number of cores"value="4"/>
<gc-start id="1070" type="scavenge" contextid="1069" timestamp="2019-07-02T19:17:51.651">
  <mem-info id="1071" free="2880984" total="13565952" percent="21">
    <mem type="nursery" free="0" total="6422528" percent="0">
      <mem type="allocate" free="0" total="5373952" percent="0" />
      <mem type="survivor" free="0" total="1048576" percent="0" />
    </mem>
    <mem type="tenure" free="2880984" total="7143424" percent="40">
      <mem type="soa" free="2524632" total="6787072" percent="37" />
      <mem type="loa" free="356352" total="356352" percent="100" />
    </mem>
    <remembered-set count="340" />
  </mem-info>
</gc-start>
<allocation-stats totalBytes="4533776" >
  <allocated-bytes non-tlh="81944" tlh="4451832" />
  <largest-consumer threadName="Thread-3" threadId="000000000173B200" bytes="1568096" />
</allocation-stats>
<gc-op id="1072" type="scavenge" timems="0.377" contextid="1069" timestamp="2019-07-02T19:17:51.651">
  <scavenger-info tenureage="1" tenuremask="7ffe" tiltratio="83" />
  <memory-copied type="nursery" objects="2395" bytes="968176" bytesdiscarded="80328" />
  <memory-copied type="tenure" objects="377" bytes="156152" bytesdiscarded="1744" />
  <copy-failed type="nursery" objects="301" bytes="115936" />
</gc-op>
<gc-end id="1073" type="scavenge" contextid="1069" durationms="0.566" usertimems="0.000" systemtimems="0.000" timestamp="2019-07-02T19:17:51.651" activeThreads="4">
  <mem-info id="1074" free="6399192" total="13565952" percent="47">
    <mem type="nursery" free="3670016" total="6422528" percent="57">
      <mem type="allocate" free="3670016" total="4718592" percent="77" />
      <mem type="survivor" free="0" total="1703936" percent="0" />
    </mem>
    <mem type="tenure" free="2729176" total="7143424" percent="38">
      <mem type="soa" free="2372824" total="6787072" percent="34" />
      <mem type="loa" free="356352" total="356352" percent="100" />
    </mem>
    <remembered-set count="129" />
  </mem-info>
</gc-end>
<cycle-end id="1075" type="scavenge" contextid="1069" timestamp="2019-07-02T19:17:51.652">
  <attribute name="GC Util" value="13" />
  <attribute name="CPU Util" value="540600190387" />
  <attribute name="Time Running"value="2412"/>
  <attribute name="Number of cores"value="4"/>
</cycle-end>
<allocation-satisfied id="1076" threadId="000000000173EE00" bytesRequested="48" />
<af-end id="1077" timestamp="2019-07-02T19:17:51.652" threadId="000000000173F788" success="true" from="nursery"/>
<exclusive-end id="1078" timestamp="2019-07-02T19:17:51.652" durationms="1.058" />

<exclusive-start id="1079" timestamp="2019-07-02T19:17:51.682" intervalms="31.155">
  <response-info timems="0.043" idlems="0.043" threads="0" lastid="0000000001742A00" lastname="Thread-5" />
</exclusive-start>
<af-start id="1080" threadId="0000000001743388" totalBytesRequested="296" timestamp="2019-07-02T19:17:51.682" intervalms="31.155" type="nursery" />
<cycle-start id="1081" type="scavenge" contextid="0" timestamp="2019-07-02T19:17:51.682" intervalms="31.153" />
  <attribute name="GC Util" value="13" />
  <attribute name="CPU Util" value="540600190387" />
  <attribute name="Time Running"value="2412"/>
  <attribute name="Number of cores"value="4"/>
<gc-start id="1082" type="scavenge" contextid="1081" timestamp="2019-07-02T19:17:51.682">
  <mem-info id="1083" free="2729176" total="13565952" percent="20">
    <mem type="nursery" free="0" total="6422528" percent="0">
      <mem type="allocate" free="0" total="4718592" percent="0" />
      <mem type="survivor" free="0" total="1703936" percent="0" />
    </mem>
    <mem type="tenure" free="2729176" total="7143424" percent="38">
      <mem type="soa" free="2372824" total="6787072" percent="34" />
      <mem type="loa" free="356352" total="356352" percent="100" />
    </mem>
    <remembered-set count="320" />
  </mem-info>
</gc-start>
<allocation-stats totalBytes="3665896" >
  <allocated-bytes non-tlh="48" tlh="3665848" />
  <largest-consumer threadName="Thread-6" threadId="0000000001746500" bytes="1324432" />
</allocation-stats>
<gc-op id="1084" type="scavenge" timems="0.395" contextid="1081" timestamp="2019-07-02T19:17:51.682">
  <scavenger-info tenureage="1" tenuremask="7ffe" tiltratio="73" />
  <memory-copied type="nursery" objects="1436" bytes="590768" bytesdiscarded="230008" />
  <memory-copied type="tenure" objects="917" bytes="438960" bytesdiscarded="2096" />
</gc-op>
<gc-end id="1085" type="scavenge" contextid="1081" durationms="0.583" usertimems="0.000" systemtimems="0.000" timestamp="2019-07-02T19:17:51.683" activeThreads="4">
  <mem-info id="1086" free="6277352" total="13565952" percent="46">
    <mem type="nursery" free="3963304" total="6422528" percent="61">
      <mem type="allocate" free="3963304" total="4784128" percent="82" />
      <mem type="survivor" free="0" total="1638400" percent="0" />
    </mem>
    <mem type="tenure" free="2314048" total="7143424" percent="32">
      <mem type="soa" free="1957696" total="6787072" percent="28" />
      <mem type="loa" free="356352" total="356352" percent="100" />
    </mem>
    <remembered-set count="120" />
  </mem-info>
</gc-end>
<cycle-end id="1087" type="scavenge" contextid="1081" timestamp="2019-07-02T19:17:51.683">
  <attribute name="GC Util" value="3" />
  <attribute name="CPU Util" value="592502497912" />
  <attribute name="Time Running"value="2443"/>
  <attribute name="Number of cores"value="4"/>
</cycle-end>
<allocation-satisfied id="1088" threadId="0000000001742A00" bytesRequested="296" />
<af-end id="1089" timestamp="2019-07-02T19:17:51.683" threadId="0000000001743388" success="true" from="nursery"/>
<exclusive-end id="1090" timestamp="2019-07-02T19:17:51.683" durationms="0.997" />

<exclusive-start id="1091" timestamp="2019-07-02T19:17:51.710" intervalms="28.133">
  <response-info timems="0.044" idlems="0.044" threads="0" lastid="000000000173B200" lastname="Thread-3" />
</exclusive-start>
<af-start id="1092" threadId="000000000173BB88" totalBytesRequested="16392" timestamp="2019-07-02T19:17:51.710" intervalms="28.125" type="nursery" />
<cycle-start id="1093" type="scavenge" contextid="0" timestamp="2019-07-02T19:17:51.710" intervalms="28.127" />
  <attribute name="GC Util" value="3" />
  <attribute name="CPU Util" value="592502497912" />
  <attribute name="Time Running"value="2443"/>
  <attribute name="Number of cores"value="4"/>
<gc-start id="1094" type="scavenge" contextid="1093" timestamp="2019-07-02T19:17:51.710">
  <mem-info id="1095" free="2314048" total="13565952" percent="17">
    <mem type="nursery" free="0" total="6422528" percent="0">
      <mem type="allocate" free="0" total="4784128" percent="0" />
      <mem type="survivor" free="0" total="1638400" percent="0" />
    </mem>
    <mem type="tenure" free="2314048" total="7143424" percent="32">
      <mem type="soa" free="1957696" total="6787072" percent="28" />
      <mem type="loa" free="356352" total="356352" percent="100" />
    </mem>
    <remembered-set count="303" />
  </mem-info>
</gc-start>
<allocation-stats totalBytes="3957888" >
  <allocated-bytes non-tlh="33072" tlh="3924816" />
  <largest-consumer threadName="Thread-3" threadId="000000000173B200" bytes="1391856" />
</allocation-stats>
<gc-op id="1096" type="scavenge" timems="0.842" contextid="1093" timestamp="2019-07-02T19:17:51.711">
  <scavenger-info tenureage="1" tenuremask="7ffe" tiltratio="74" />
  <memory-copied type="nursery" objects="1925" bytes="779040" bytesdiscarded="177152" />
  <memory-copied type="tenure" objects="716" bytes="325248" bytesdiscarded="2680" />
  <references type="weak" candidates="1" cleared="0" enqueued="0" />
  <references type="phantom" candidates="1" cleared="0" enqueued="0" />
</gc-op>
<gc-end id="1097" type="scavenge" contextid="1093" durationms="1.198" usertimems="0.000" systemtimems="0.000" timestamp="2019-07-02T19:17:51.711" activeThreads="4">
  <mem-info id="1098" free="5854088" total="13565952" percent="43">
    <mem type="nursery" free="3958952" total="6422528" percent="61">
      <mem type="allocate" free="3958952" total="4915200" percent="80" />
      <mem type="survivor" free="0" total="1507328" percent="0" />
    </mem>
    <mem type="tenure" free="1895136" total="7143424" percent="26">
      <mem type="soa" free="1538784" total="6787072" percent="22" />
      <mem type="loa" free="356352" total="356352" percent="100" />
    </mem>
    <remembered-set count="137" />
  </mem-info>
</gc-end>
<cycle-end id="1099" type="scavenge" contextid="1093" timestamp="2019-07-02T19:17:51.711">
  <attribute name="GC Util" value="3" />
  <attribute name="CPU Util" value="655694297652" />
  <attribute name="Time Running"value="2471"/>
  <attribute name="Number of cores"value="4"/>
</cycle-end>
<allocation-satisfied id="1100" threadId="000000000173B200" bytesRequested="16392" />
<af-end id="1101" timestamp="2019-07-02T19:17:51.711" threadId="000000000173BB88" success="true" from="nursery"/>
<exclusive-end id="1102" timestamp="2019-07-02T19:17:51.712" durationms="1.620" />

<exclusive-start id="1103" timestamp="2019-07-02T19:17:51.744" intervalms="33.922">
  <response-info timems="0.048" idlems="0.048" threads="0" lastid="0000000001742A00" lastname="Thread-5" />
</exclusive-start>
<af-start id="1104" threadId="0000000001743388" totalBytesRequested="16392" timestamp="2019-07-02T19:17:51.744" intervalms="33.915" type="nursery" />
<cycle-start id="1105" type="scavenge" contextid="0" timestamp="2019-07-02T19:17:51.744" intervalms="33.912" />
  <attribute name="GC Util" value="3" />
  <attribute name="CPU Util" value="655694297652" />
  <attribute name="Time Running"value="2471"/>
  <attribute name="Number of cores"value="4"/>
<gc-start id="1106" type="scavenge" contextid="1105" timestamp="2019-07-02T19:17:51.744">
  <mem-info id="1107" free="1895136" total="13565952" percent="13">
    <mem type="nursery" free="0" total="6422528" percent="0">
      <mem type="allocate" free="0" total="4915200" percent="0" />
      <mem type="survivor" free="0" total="1507328" percent="0" />
    </mem>
    <mem type="tenure" free="1895136" total="7143424" percent="26">
      <mem type="soa" free="1538784" total="6787072" percent="22" />
      <mem type="loa" free="356352" total="356352" percent="100" />
    </mem>
    <remembered-set count="338" />
  </mem-info>
</gc-start>
<allocation-stats totalBytes="3905600" >
  <allocated-bytes non-tlh="49168" tlh="3856432" />
  <largest-consumer threadName="Thread-3" threadId="000000000173B200" bytes="1286872" />
</allocation-stats>
<gc-op id="1108" type="scavenge" timems="0.365" contextid="1105" timestamp="2019-07-02T19:17:51.744">
  <scavenger-info tenureage="1" tenuremask="7ffe" tiltratio="76" />
  <memory-copied type="nursery" objects="1410" bytes="585944" bytesdiscarded="312904" />
  <memory-copied type="tenure" objects="66" bytes="39104" bytesdiscarded="24" />
  <references type="phantom" candidates="1" cleared="0" enqueued="0" />
</gc-op>
<gc-end id="1109" type="scavenge" contextid="1105" durationms="0.554" usertimems="0.000" systemtimems="0.000" timestamp="2019-07-02T19:17:51.745" activeThreads="4">
  <mem-info id="1110" free="5992592" total="13565952" percent="44">
    <mem type="nursery" free="4147360" total="6422528" percent="64">
      <mem type="allocate" free="4147360" total="5046272" percent="82" />
      <mem type="survivor" free="0" total="1376256" percent="0" />
    </mem>
    <mem type="tenure" free="1845232" total="7143424" percent="25">
      <mem type="soa" free="1488880" total="6787072" percent="21" />
      <mem type="loa" free="356352" total="356352" percent="100" />
    </mem>
    <remembered-set count="116" />
  </mem-info>
</gc-end>
<cycle-end id="1111" type="scavenge" contextid="1105" timestamp="2019-07-02T19:17:51.745">
  <attribute name="GC Util" value="5" />
  <attribute name="CPU Util" value="544069858918" />
  <attribute name="Time Running"value="2505"/>
  <attribute name="Number of cores"value="4"/>
</cycle-end>
<allocation-satisfied id="1112" threadId="0000000001742A00" bytesRequested="16392" />
<af-end id="1113" timestamp="2019-07-02T19:17:51.745" threadId="0000000001743388" success="true" from="nursery"/>
<exclusive-end id="1114" timestamp="2019-07-02T19:17:51.745" durationms="0.947" />

<exclusive-start id="1115" timestamp="2019-07-02T19:17:51.772" intervalms="28.137">
  <response-info timems="0.051" idlems="0.051" threads="0" lastid="0000000001746500" lastname="Thread-6" />
</exclusive-start>
<af-start id="1116" threadId="0000000001746E88" totalBytesRequested="16392" timestamp="2019-07-02T19:17:51.772" intervalms="28.134" type="nursery" />
<cycle-start id="1117" type="scavenge" contextid="0" timestamp="2019-07-02T19:17:51.772" intervalms="28.123" />
  <attribute name="GC Util" value="5" />
  <attribute name="CPU Util" value="544069858918" />
  <attribute name="Time Running"value="2505"/>
  <attribute name="Number of cores"value="4"/>
<gc-start id="1118" type="scavenge" contextid="1117" timestamp="2019-07-02T19:17:51.772">
  <mem-info id="1119" free="1845232" total="13565952" percent="13">
    <mem type="nursery" free="0" total="6422528" percent="0">
      <mem type="allocate" free="0" total="5046272" percent="0" />
      <mem type="survivor" free="0" total="1376256" percent="0" />
    </mem>
    <mem type="tenure" free="1845232" total="7143424" percent="25">
      <mem type="soa" free="1488880" total="6787072" percent="21" />
      <mem type="loa" free="356352" total="356352" percent="100" />
    </mem>
    <remembered-set count="317" />
  </mem-info>
</gc-start>
<allocation-stats totalBytes="4019672" >
  <allocated-bytes non-tlh="16392" tlh="4003280" />
  <largest-consumer threadName="Thread-3" threadId="000000000173B200" bytes="1680056" />
</allocation-stats>
<gc-op id="1120" type="scavenge" timems="2.235" contextid="1117" timestamp="2019-07-02T19:17:51.774">
  <scavenger-info tenureage="1" tenuremask="7ffe" tiltratio="78" />
  <memory-copied type="nursery" objects="1825" bytes="780208" bytesdiscarded="248296" />
  <memory-copied type="tenure" objects="63" bytes="38912" bytesdiscarded="448" />
  <references type="phantom" candidates="1" cleared="0" enqueued="0" />
</gc-op>
<gc-end id="1121" type="scavenge" contextid="1117" durationms="2.387" usertimems="4.000" systemtimems="0.000" timestamp="2019-07-02T19:17:51.775" activeThreads="4">
  <mem-info id="1122" free="5886312" total="13565952" percent="43">
    <mem type="nursery" free="4083240" total="6422528" percent="63">
      <mem type="allocate" free="4083240" total="5111808" percent="79" />
      <mem type="survivor" free="0" total="1310720" percent="0" />
    </mem>
    <mem type="tenure" free="1803072" total="7143424" percent="25">
      <mem type="soa" free="1446720" total="6787072" percent="21" />
      <mem type="loa" free="356352" total="356352" percent="100" />
    </mem>
    <remembered-set count="100" />
  </mem-info>
</gc-end>
<cycle-end id="1123" type="scavenge" contextid="1117" timestamp="2019-07-02T19:17:51.775">
  <attribute name="GC Util" value="2" />
  <attribute name="CPU Util" value="656593354197" />
  <attribute name="Time Running"value="2533"/>
  <attribute name="Number of cores"value="4"/>
</cycle-end>
<allocation-satisfied id="1124" threadId="0000000001746500" bytesRequested="16392" />
<af-end id="1125" timestamp="2019-07-02T19:17:51.775" threadId="0000000001746E88" success="true" from="nursery"/>
<exclusive-end id="1126" timestamp="2019-07-02T19:17:51.775" durationms="2.719" />

<exclusive-start id="1127" timestamp="2019-07-02T19:17:51.807" intervalms="34.712">
  <response-info timems="0.033" idlems="0.033" threads="0" lastid="000000000173B200" lastname="Thread-3" />
</exclusive-start>
<af-start id="1128" threadId="000000000173BB88" totalBytesRequested="32776" timestamp="2019-07-02T19:17:51.807" intervalms="34.722" type="nursery" />
<cycle-start id="1129" type="scavenge" contextid="0" timestamp="2019-07-02T19:17:51.807" intervalms="34.737" />
  <attribute name="GC Util" value="2" />
  <attribute name="CPU Util" value="656593354197" />
  <attribute name="Time Running"value="2533"/>
  <attribute name="Number of cores"value="4"/>
<gc-start id="1130" type="scavenge" contextid="1129" timestamp="2019-07-02T19:17:51.807">
  <mem-info id="1131" free="1803072" total="13565952" percent="13">
    <mem type="nursery" free="0" total="6422528" percent="0">
      <mem type="allocate" free="0" total="5111808" percent="0" />
      <mem type="survivor" free="0" total="1310720" percent="0" />
    </mem>
    <mem type="tenure" free="1803072" total="7143424" percent="25">
      <mem type="soa" free="1446720" total="6787072" percent="21" />
      <mem type="loa" free="356352" total="356352" percent="100" />
    </mem>
    <remembered-set count="297" />
  </mem-info>
</gc-start>
<allocation-stats totalBytes="4043888" >
  <allocated-bytes non-tlh="114720" tlh="3929168" />
  <largest-consumer threadName="Thread-5" threadId="0000000001742A00" bytes="1289544" />
</allocation-stats>
<gc-op id="1132" type="scavenge" timems="0.710" contextid="1129" timestamp="2019-07-02T19:17:51.808">
  <scavenger-info tenureage="1" tenuremask="7ffe" tiltratio="79" />
  <memory-copied type="nursery" objects="1556" bytes="774496" bytesdiscarded="113912" />
  <memory-copied type="tenure" objects="6" bytes="176" bytesdiscarded="0" />
  <references type="phantom" candidates="1" cleared="0" enqueued="0" />
</gc-op>
<gc-end id="1133" type="scavenge" contextid="1129" durationms="1.069" usertimems="0.000" systemtimems="4.000" timestamp="2019-07-02T19:17:51.808" activeThreads="4">
  <mem-info id="1134" free="6091944" total="13565952" percent="44">
    <mem type="nursery" free="4288872" total="6422528" percent="66">
      <mem type="allocate" free="4288872" total="5177344" percent="82" />
      <mem type="survivor" free="0" total="1245184" percent="0" />
    </mem>
    <mem type="tenure" free="1803072" total="7143424" percent="25">
      <mem type="soa" free="1446720" total="6787072" percent="21" />
      <mem type="loa" free="356352" total="356352" percent="100" />
    </mem>
    <remembered-set count="91" />
  </mem-info>
</gc-end>
<cycle-end id="1135" type="scavenge" contextid="1129" timestamp="2019-07-02T19:17:51.808">
  <attribute name="GC Util" value="9" />
  <attribute name="CPU Util" value="530487769964" />
  <attribute name="Time Running"value="2568"/>
  <attribute name="Number of cores"value="4"/>
</cycle-end>
<allocation-satisfied id="1136" threadId="000000000173B200" bytesRequested="32776" />
<af-end id="1137" timestamp="2019-07-02T19:17:51.808" threadId="000000000173BB88" success="true" from="nursery"/>
<exclusive-end id="1138" timestamp="2019-07-02T19:17:51.808" durationms="1.507" />

<exclusive-start id="1139" timestamp="2019-07-02T19:17:51.840" intervalms="33.084">
  <response-info timems="0.048" idlems="0.048" threads="0" lastid="0000000001746500" lastname="Thread-6" />
</exclusive-start>
<af-start id="1140" threadId="0000000001746E88" totalBytesRequested="2056" timestamp="2019-07-02T19:17:51.840" intervalms="33.078" type="nursery" />
<cycle-start id="1141" type="scavenge" contextid="0" timestamp="2019-07-02T19:17:51.840" intervalms="33.063" />
  <attribute name="GC Util" value="9" />
  <attribute name="CPU Util" value="530487769964" />
  <attribute name="Time Running"value="2568"/>
  <attribute name="Number of cores"value="4"/>
<gc-start id="1142" type="scavenge" contextid="1141" timestamp="2019-07-02T19:17:51.840">
  <mem-info id="1143" free="1803072" total="13565952" percent="13">
    <mem type="nursery" free="0" total="6422528" percent="0">
      <mem type="allocate" free="0" total="5177344" percent="0" />
      <mem type="survivor" free="0" total="1245184" percent="0" />
    </mem>
    <mem type="tenure" free="1803072" total="7143424" percent="25">
      <mem type="soa" free="1446720" total="6787072" percent="21" />
      <mem type="loa" free="356352" total="356352" percent="100" />
    </mem>
    <remembered-set count="295" />
  </mem-info>
</gc-start>
<allocation-stats totalBytes="4284296" >
  <allocated-bytes non-tlh="32776" tlh="4251520" />
  <largest-consumer threadName="Thread-3" threadId="000000000173B200" bytes="2062864" />
</allocation-stats>
<gc-op id="1144" type="scavenge" timems="5.452" contextid="1141" timestamp="2019-07-02T19:17:51.845">
  <scavenger-info tenureage="1" tenuremask="7ffe" tiltratio="80" />
  <memory-copied type="nursery" objects="1713" bytes="688864" bytesdiscarded="269944" />
  <memory-copied type="tenure" objects="750" bytes="303648" bytesdiscarded="9248" />
  <references type="phantom" candidates="1" cleared="0" enqueued="0" />
</gc-op>
<heap-resize id="1145" type="expand" space="nursery" amount="524288" count="1" timems="0.028" reason="excessive time being spent scavenging" timestamp="2019-07-02T19:17:51.846" />
<gc-end id="1146" type="scavenge" contextid="1141" durationms="5.728" usertimems="4.000" systemtimems="4.000" timestamp="2019-07-02T19:17:51.846" activeThreads="4">
  <mem-info id="1147" free="6221816" total="14090240" percent="44">
    <mem type="nursery" free="4677232" total="6946816" percent="67">
      <mem type="allocate" free="4677232" total="5636096" percent="82" />
      <mem type="survivor" free="0" total="1310720" percent="0" />
    </mem>
    <mem type="tenure" free="1544584" total="7143424" percent="21">
      <mem type="soa" free="1188232" total="6787072" percent="17" />
      <mem type="loa" free="356352" total="356352" percent="100" />
    </mem>
    <remembered-set count="121" />
  </mem-info>
</gc-end>
<cycle-end id="1148" type="scavenge" contextid="1141" timestamp="2019-07-02T19:17:51.846">
  <attribute name="GC Util" value="4" />
  <attribute name="CPU Util" value="558577644313" />
  <attribute name="Time Running"value="2601"/>
  <attribute name="Number of cores"value="4"/>
</cycle-end>
<allocation-satisfied id="1149" threadId="0000000001746500" bytesRequested="2056" />
<af-end id="1150" timestamp="2019-07-02T19:17:51.846" threadId="0000000001746E88" success="true" from="nursery"/>
<exclusive-end id="1151" timestamp="2019-07-02T19:17:51.846" durationms="6.310" />

<exclusive-start id="1152" timestamp="2019-07-02T19:17:51.880" intervalms="40.006">
  <response-info timems="0.035" idlems="0.035" threads="0" lastid="0000000001742A00" lastname="Thread-5" />
</exclusive-start>
<af-start id="1153" threadId="0000000001743388" totalBytesRequested="16392" timestamp="2019-07-02T19:17:51.880" intervalms="40.022" type="nursery" />
<cycle-start id="1154" type="scavenge" contextid="0" timestamp="2019-07-02T19:17:51.880" intervalms="40.038" />
  <attribute name="GC Util" value="4" />
  <attribute name="CPU Util" value="558577644313" />
  <attribute name="Time Running"value="2601"/>
  <attribute name="Number of cores"value="4"/>
<gc-start id="1155" type="scavenge" contextid="1154" timestamp="2019-07-02T19:17:51.880">
  <mem-info id="1156" free="1544584" total="14090240" percent="10">
    <mem type="nursery" free="0" total="6946816" percent="0">
      <mem type="allocate" free="0" total="5636096" percent="0" />
      <mem type="survivor" free="0" total="1310720" percent="0" />
    </mem>
    <mem type="tenure" free="1544584" total="7143424" percent="21">
      <mem type="soa" free="1188232" total="6787072" percent="17" />
      <mem type="loa" free="356352" total="356352" percent="100" />
    </mem>
    <remembered-set count="325" />
  </mem-info>
</gc-start>
<allocation-stats totalBytes="4651520" >
  <allocated-bytes non-tlh="34832" tlh="4616688" />
  <largest-consumer threadName="Thread-4" threadId="000000000173EE00" bytes="1527320" />
</allocation-stats>
<gc-op id="1157" type="scavenge" timems="0.310" contextid="1154" timestamp="2019-07-02T19:17:51.880">
  <scavenger-info tenureage="1" tenuremask="7ffe" tiltratio="81" />
  <memory-copied type="nursery" objects="2147" bytes="895360" bytesdiscarded="247928" />
  <memory-copied type="tenure" objects="47" bytes="3392" bytesdiscarded="0" />
</gc-op>
<gc-end id="1158" type="scavenge" contextid="1154" durationms="0.500" usertimems="4.000" systemtimems="0.000" timestamp="2019-07-02T19:17:51.880" activeThreads="4">
  <mem-info id="1159" free="6168392" total="14090240" percent="43">
    <mem type="nursery" free="4623808" total="6946816" percent="66">
      <mem type="allocate" free="4623808" total="5767168" percent="80" />
      <mem type="survivor" free="0" total="1179648" percent="0" />
    </mem>
    <mem type="tenure" free="1544584" total="7143424" percent="21">
      <mem type="soa" free="1188232" total="6787072" percent="17" />
      <mem type="loa" free="356352" total="356352" percent="100" />
    </mem>
    <remembered-set count="118" />
  </mem-info>
</gc-end>
<cycle-end id="1160" type="scavenge" contextid="1154" timestamp="2019-07-02T19:17:51.881">
  <attribute name="GC Util" value="22" />
  <attribute name="CPU Util" value="460310536635" />
  <attribute name="Time Running"value="2641"/>
  <attribute name="Number of cores"value="4"/>
</cycle-end>
<allocation-satisfied id="1161" threadId="0000000001742A00" bytesRequested="16392" />
<af-end id="1162" timestamp="2019-07-02T19:17:51.881" threadId="0000000001743388" success="true" from="nursery"/>
<exclusive-end id="1163" timestamp="2019-07-02T19:17:51.881" durationms="1.049" />

<exclusive-start id="1164" timestamp="2019-07-02T19:17:51.911" intervalms="31.510">
  <response-info timems="0.040" idlems="0.040" threads="0" lastid="0000000001742A00" lastname="Thread-5" />
</exclusive-start>
<af-start id="1165" threadId="0000000001743388" totalBytesRequested="32776" timestamp="2019-07-02T19:17:51.911" intervalms="31.499" type="nursery" />
<cycle-start id="1166" type="scavenge" contextid="0" timestamp="2019-07-02T19:17:51.911" intervalms="31.495" />
  <attribute name="GC Util" value="22" />
  <attribute name="CPU Util" value="460310536635" />
  <attribute name="Time Running"value="2641"/>
  <attribute name="Number of cores"value="4"/>
<gc-start id="1167" type="scavenge" contextid="1166" timestamp="2019-07-02T19:17:51.911">
  <mem-info id="1168" free="1544584" total="14090240" percent="10">
    <mem type="nursery" free="0" total="6946816" percent="0">
      <mem type="allocate" free="0" total="5767168" percent="0" />
      <mem type="survivor" free="0" total="1179648" percent="0" />
    </mem>
    <mem type="tenure" free="1544584" total="7143424" percent="21">
      <mem type="soa" free="1188232" total="6787072" percent="17" />
      <mem type="loa" free="356352" total="356352" percent="100" />
    </mem>
    <remembered-set count="314" />
  </mem-info>
</gc-start>
<allocation-stats totalBytes="4564912" >
  <allocated-bytes non-tlh="16392" tlh="4548520" />
  <largest-consumer threadName="Thread-5" threadId="0000000001742A00" bytes="1976416" />
</allocation-stats>
<gc-op id="1169" type="scavenge" timems="0.442" contextid="1166" timestamp="2019-07-02T19:17:51.912">
  <scavenger-info tenureage="1" tenuremask="7ffe" tiltratio="83" />
  <memory-copied type="nursery" objects="1811" bytes="712288" bytesdiscarded="223680" />
  <memory-copied type="tenure" objects="781" bytes="340528" bytesdiscarded="1400" />
</gc-op>
<gc-end id="1170" type="scavenge" contextid="1166" durationms="0.626" usertimems="0.000" systemtimems="0.000" timestamp="2019-07-02T19:17:51.912" activeThreads="4">
  <mem-info id="1171" free="6102240" total="14090240" percent="43">
    <mem type="nursery" free="4831144" total="6946816" percent="69">
      <mem type="allocate" free="4831144" total="5767168" percent="83" />
      <mem type="survivor" free="0" total="1179648" percent="0" />
    </mem>
    <mem type="tenure" free="1271096" total="7143424" percent="17">
      <mem type="soa" free="914744" total="6787072" percent="13" />
      <mem type="loa" free="356352" total="356352" percent="100" />
    </mem>
    <remembered-set count="115" />
  </mem-info>
</gc-end>
<cycle-end id="1172" type="scavenge" contextid="1166" timestamp="2019-07-02T19:17:51.912">
  <attribute name="GC Util" value="3" />
  <attribute name="CPU Util" value="585753511780" />
  <attribute name="Time Running"value="2673"/>
  <attribute name="Number of cores"value="4"/>
</cycle-end>
<allocation-satisfied id="1173" threadId="0000000001742A00" bytesRequested="32776" />
<af-end id="1174" timestamp="2019-07-02T19:17:51.912" threadId="0000000001743388" success="true" from="nursery"/>
<exclusive-end id="1175" timestamp="2019-07-02T19:17:51.912" durationms="1.123" />

<exclusive-start id="1176" timestamp="2019-07-02T19:17:51.954" intervalms="42.710">
  <response-info timems="0.040" idlems="0.040" threads="0" lastid="000000000173B200" lastname="Thread-3" />
</exclusive-start>
<af-start id="1177" threadId="000000000173BB88" totalBytesRequested="112" timestamp="2019-07-02T19:17:51.954" intervalms="42.723" type="nursery" />
<cycle-start id="1178" type="scavenge" contextid="0" timestamp="2019-07-02T19:17:51.954" intervalms="42.728" />
  <attribute name="GC Util" value="3" />
  <attribute name="CPU Util" value="585753511780" />
  <attribute name="Time Running"value="2673"/>
  <attribute name="Number of cores"value="4"/>
<gc-start id="1179" type="scavenge" contextid="1178" timestamp="2019-07-02T19:17:51.954">
  <mem-info id="1180" free="1271096" total="14090240" percent="9">
    <mem type="nursery" free="0" total="6946816" percent="0">
      <mem type="allocate" free="0" total="5767168" percent="0" />
      <mem type="survivor" free="0" total="1179648" percent="0" />
    </mem>
    <mem type="tenure" free="1271096" total="7143424" percent="17">
      <mem type="soa" free="914744" total="6787072" percent="13" />
      <mem type="loa" free="356352" total="356352" percent="100" />
    </mem>
    <remembered-set count="312" />
  </mem-info>
</gc-start>
<allocation-stats totalBytes="4828720" >
  <allocated-bytes non-tlh="65552" tlh="4763168" />
  <largest-consumer threadName="Thread-5" threadId="0000000001742A00" bytes="2295208" />
</allocation-stats>
<gc-op id="1181" type="scavenge" timems="1.234" contextid="1178" timestamp="2019-07-02T19:17:51.956">
  <scavenger-info tenureage="1" tenuremask="7ffe" tiltratio="83" />
  <memory-copied type="nursery" objects="2172" bytes="887744" bytesdiscarded="183184" />
  <memory-copied type="tenure" objects="657" bytes="286856" bytesdiscarded="1608" />
  <references type="weak" candidates="1" cleared="0" enqueued="0" />
  <references type="phantom" candidates="1" cleared="0" enqueued="0" />
</gc-op>
<gc-end id="1182" type="scavenge" contextid="1178" durationms="1.603" usertimems="4.000" systemtimems="0.000" timestamp="2019-07-02T19:17:51.956" activeThreads="4">
  <mem-info id="1183" free="5620512" total="14090240" percent="39">
    <mem type="nursery" free="4696184" total="6946816" percent="67">
      <mem type="allocate" free="4696184" total="5767168" percent="81" />
      <mem type="survivor" free="0" total="1179648" percent="0" />
    </mem>
    <mem type="tenure" free="924328" total="7143424" percent="12">
      <mem type="soa" free="567976" total="6787072" percent="8" />
      <mem type="loa" free="356352" total="356352" percent="100" />
    </mem>
    <remembered-set count="136" />
  </mem-info>
</gc-end>
<cycle-end id="1184" type="scavenge" contextid="1178" timestamp="2019-07-02T19:17:51.956">
  <attribute name="GC Util" value="2" />
  <attribute name="CPU Util" value="431456066781" />
  <attribute name="Time Running"value="2715"/>
  <attribute name="Number of cores"value="4"/>
</cycle-end>
<allocation-satisfied id="1185" threadId="000000000173B200" bytesRequested="112" />
<af-end id="1186" timestamp="2019-07-02T19:17:51.956" threadId="000000000173BB88" success="true" from="nursery"/>
<exclusive-end id="1187" timestamp="2019-07-02T19:17:51.956" durationms="2.221" />

<exclusive-start id="1188" timestamp="2019-07-02T19:17:51.995" intervalms="40.609">
  <response-info timems="0.053" idlems="0.053" threads="0" lastid="0000000001746500" lastname="Thread-6" />
</exclusive-start>
<af-start id="1189" threadId="0000000001746E88" totalBytesRequested="32776" timestamp="2019-07-02T19:17:51.995" intervalms="40.601" type="nursery" />
<cycle-start id="1190" type="scavenge" contextid="0" timestamp="2019-07-02T19:17:51.995" intervalms="40.586" />
  <attribute name="GC Util" value="2" />
  <attribute name="CPU Util" value="431456066781" />
  <attribute name="Time Running"value="2715"/>
  <attribute name="Number of cores"value="4"/>
<gc-start id="1191" type="scavenge" contextid="1190" timestamp="2019-07-02T19:17:51.995">
  <mem-info id="1192" free="924328" total="14090240" percent="6">
    <mem type="nursery" free="0" total="6946816" percent="0">
      <mem type="allocate" free="0" total="5767168" percent="0" />
      <mem type="survivor" free="0" total="1179648" percent="0" />
    </mem>
    <mem type="tenure" free="924328" total="7143424" percent="12">
      <mem type="soa" free="567976" total="6787072" percent="8" />
      <mem type="loa" free="356352" total="356352" percent="100" />
    </mem>
    <remembered-set count="349" />
  </mem-info>
</gc-start>
<allocation-stats totalBytes="4616824" >
  <allocated-bytes non-tlh="112" tlh="4616712" />
  <largest-consumer threadName="Thread-3" threadId="000000000173B200" bytes="1565160" />
</allocation-stats>
<gc-op id="1193" type="scavenge" timems="2.048" contextid="1190" timestamp="2019-07-02T19:17:51.997">
  <scavenger-info tenureage="1" tenuremask="7ffe" tiltratio="83" />
  <memory-copied type="nursery" objects="1959" bytes="775408" bytesdiscarded="22128" />
  <memory-copied type="tenure" objects="59" bytes="38568" bytesdiscarded="1000" />
</gc-op>
<gc-end id="1194" type="scavenge" contextid="1190" durationms="2.199" usertimems="4.000" systemtimems="0.000" timestamp="2019-07-02T19:17:51.997" activeThreads="4">
  <mem-info id="1195" free="5900672" total="14090240" percent="41">
    <mem type="nursery" free="5035096" total="6946816" percent="72">
      <mem type="allocate" free="5035096" total="5832704" percent="86" />
      <mem type="survivor" free="0" total="1114112" percent="0" />
    </mem>
    <mem type="tenure" free="865576" total="7143424" percent="12">
      <mem type="soa" free="509224" total="6787072" percent="7" />
      <mem type="loa" free="356352" total="356352" percent="100" />
    </mem>
    <remembered-set count="108" />
  </mem-info>
</gc-end>
<cycle-end id="1196" type="scavenge" contextid="1190" timestamp="2019-07-02T19:17:51.997">
  <attribute name="GC Util" value="6" />
  <attribute name="CPU Util" value="455116103507" />
  <attribute name="Time Running"value="2756"/>
  <attribute name="Number of cores"value="4"/>
</cycle-end>
<allocation-satisfied id="1197" threadId="0000000001746500" bytesRequested="32776" />
<af-end id="1198" timestamp="2019-07-02T19:17:51.997" threadId="0000000001746E88" success="true" from="nursery"/>
<exclusive-end id="1199" timestamp="2019-07-02T19:17:51.997" durationms="2.632" />

<exclusive-start id="1200" timestamp="2019-07-02T19:17:52.037" intervalms="41.950">
  <response-info timems="0.038" idlems="0.038" threads="0" lastid="000000000173EE00" lastname="Thread-4" />
</exclusive-start>
<af-start id="1201" threadId="000000000173F788" totalBytesRequested="2056" timestamp="2019-07-02T19:17:52.037" intervalms="41.949" type="nursery" />
<cycle-start id="1202" type="scavenge" contextid="0" timestamp="2019-07-02T19:17:52.037" intervalms="41.952" />
  <attribute name="GC Util" value="6" />
  <attribute name="CPU Util" value="455116103507" />
  <attribute name="Time Running"value="2756"/>
  <attribute name="Number of cores"value="4"/>
<gc-start id="1203" type="scavenge" contextid="1202" timestamp="2019-07-02T19:17:52.037">
  <mem-info id="1204" free="865576" total="14090240" percent="6">
    <mem type="nursery" free="0" total="6946816" percent="0">
      <mem type="allocate" free="0" total="5832704" percent="0" />
      <mem type="survivor" free="0" total="1114112" percent="0" />
    </mem>
    <mem type="tenure" free="865576" total="7143424" percent="12">
      <mem type="soa" free="509224" total="6787072" percent="7" />
      <mem type="loa" free="356352" total="356352" percent="100" />
    </mem>
    <remembered-set count="304" />
  </mem-info>
</gc-start>
<allocation-stats totalBytes="4975032" >
  <allocated-bytes non-tlh="65552" tlh="4909480" />
  <largest-consumer threadName="Thread-3" threadId="000000000173B200" bytes="2183752" />
</allocation-stats>
<gc-op id="1205" type="scavenge" timems="0.539" contextid="1202" timestamp="2019-07-02T19:17:52.037">
  <scavenger-info tenureage="1" tenuremask="7ffe" tiltratio="83" />
  <memory-copied type="nursery" objects="2598" bytes="1034256" bytesdiscarded="56624" />
  <memory-copied type="tenure" objects="34" bytes="37040" bytesdiscarded="8" />
  <references type="phantom" candidates="1" cleared="0" enqueued="0" />
</gc-op>
<gc-end id="1206" type="scavenge" contextid="1202" durationms="0.742" usertimems="0.000" systemtimems="0.000" timestamp="2019-07-02T19:17:52.037" activeThreads="4">
  <mem-info id="1207" free="5255480" total="14090240" percent="37">
    <mem type="nursery" free="4479616" total="6946816" percent="64">
      <mem type="allocate" free="4479616" total="5570560" percent="80" />
      <mem type="survivor" free="0" total="1376256" percent="0" />
    </mem>
    <mem type="tenure" free="775864" total="7143424" percent="10">
      <mem type="soa" free="419512" total="6787072" percent="6" />
      <mem type="loa" free="356352" total="356352" percent="100" />
    </mem>
    <remembered-set count="106" />
  </mem-info>
</gc-end>
<cycle-end id="1208" type="scavenge" contextid="1202" timestamp="2019-07-02T19:17:52.038">
  <attribute name="GC Util" value="7" />
  <attribute name="CPU Util" value="439131803964" />
  <attribute name="Time Running"value="2798"/>
  <attribute name="Number of cores"value="4"/>
</cycle-end>
<allocation-satisfied id="1209" threadId="000000000173EE00" bytesRequested="2056" />
<af-end id="1210" timestamp="2019-07-02T19:17:52.038" threadId="000000000173F788" success="true" from="nursery"/>
<exclusive-end id="1211" timestamp="2019-07-02T19:17:52.038" durationms="1.159" />

<exclusive-start id="1212" timestamp="2019-07-02T19:17:52.074" intervalms="37.293">
  <response-info timems="0.075" idlems="0.075" threads="0" lastid="0000000001742A00" lastname="Thread-5" />
</exclusive-start>
<af-start id="1213" threadId="0000000001743388" totalBytesRequested="16392" timestamp="2019-07-02T19:17:52.074" intervalms="37.301" type="nursery" />
<cycle-start id="1214" type="scavenge" contextid="0" timestamp="2019-07-02T19:17:52.074" intervalms="37.310" />
  <attribute name="GC Util" value="7" />
  <attribute name="CPU Util" value="439131803964" />
  <attribute name="Time Running"value="2798"/>
  <attribute name="Number of cores"value="4"/>
<gc-start id="1215" type="scavenge" contextid="1214" timestamp="2019-07-02T19:17:52.074">
  <mem-info id="1216" free="775864" total="14090240" percent="5">
    <mem type="nursery" free="0" total="6946816" percent="0">
      <mem type="allocate" free="0" total="5570560" percent="0" />
      <mem type="survivor" free="0" total="1376256" percent="0" />
    </mem>
    <mem type="tenure" free="775864" total="7143424" percent="10">
      <mem type="soa" free="419512" total="6787072" percent="6" />
      <mem type="loa" free="356352" total="356352" percent="100" />
    </mem>
    <remembered-set count="305" />
  </mem-info>
</gc-start>
<allocation-stats totalBytes="4382424" >
  <allocated-bytes non-tlh="2056" tlh="4380368" />
  <largest-consumer threadName="Thread-3" threadId="000000000173B200" bytes="1880376" />
</allocation-stats>
<gc-op id="1217" type="scavenge" timems="0.390" contextid="1214" timestamp="2019-07-02T19:17:52.075">
  <scavenger-info tenureage="1" tenuremask="7ffe" tiltratio="80" />
  <memory-copied type="nursery" objects="2007" bytes="782152" bytesdiscarded="228120" />
  <memory-copied type="tenure" objects="2" bytes="296" bytesdiscarded="0" />
</gc-op>
<gc-end id="1218" type="scavenge" contextid="1214" durationms="0.585" usertimems="0.000" systemtimems="4.000" timestamp="2019-07-02T19:17:52.075" activeThreads="4">
  <mem-info id="1219" free="5401624" total="14090240" percent="38">
    <mem type="nursery" free="4625760" total="6946816" percent="66">
      <mem type="allocate" free="4625760" total="5636096" percent="82" />
      <mem type="survivor" free="0" total="1310720" percent="0" />
    </mem>
    <mem type="tenure" free="775864" total="7143424" percent="10">
      <mem type="soa" free="419512" total="6787072" percent="6" />
      <mem type="loa" free="356352" total="356352" percent="100" />
    </mem>
    <remembered-set count="102" />
  </mem-info>
</gc-end>
<cycle-end id="1220" type="scavenge" contextid="1214" timestamp="2019-07-02T19:17:52.075">
  <attribute name="GC Util" value="3" />
  <attribute name="CPU Util" value="494565218361" />
  <attribute name="Time Running"value="2835"/>
  <attribute name="Number of cores"value="4"/>
</cycle-end>
<allocation-satisfied id="1221" threadId="0000000001742A00" bytesRequested="16392" />
<af-end id="1222" timestamp="2019-07-02T19:17:52.075" threadId="0000000001743388" success="true" from="nursery"/>
<exclusive-end id="1223" timestamp="2019-07-02T19:17:52.075" durationms="1.010" />

<exclusive-start id="1224" timestamp="2019-07-02T19:17:52.108" intervalms="33.847">
  <response-info timems="0.060" idlems="0.060" threads="0" lastid="000000000173B200" lastname="Thread-3" />
</exclusive-start>
<af-start id="1225" threadId="000000000173BB88" totalBytesRequested="8200" timestamp="2019-07-02T19:17:52.108" intervalms="33.848" type="nursery" />
<cycle-start id="1226" type="scavenge" contextid="0" timestamp="2019-07-02T19:17:52.108" intervalms="33.856" />
  <attribute name="GC Util" value="3" />
  <attribute name="CPU Util" value="494565218361" />
  <attribute name="Time Running"value="2835"/>
  <attribute name="Number of cores"value="4"/>
<gc-start id="1227" type="scavenge" contextid="1226" timestamp="2019-07-02T19:17:52.108">
  <mem-info id="1228" free="775864" total="14090240" percent="5">
    <mem type="nursery" free="0" total="6946816" percent="0">
      <mem type="allocate" free="0" total="5636096" percent="0" />
      <mem type="survivor" free="0" total="1310720" percent="0" />
    </mem>
    <mem type="tenure" free="775864" total="7143424" percent="10">
      <mem type="soa" free="419512" total="6787072" percent="6" />
      <mem type="loa" free="356352" total="356352" percent="100" />
    </mem>
    <remembered-set count="292" />
  </mem-info>
</gc-start>
<allocation-stats totalBytes="4485424" >
  <allocated-bytes non-tlh="49168" tlh="4436256" />
  <largest-consumer threadName="Thread-5" threadId="0000000001742A00" bytes="1676208" />
</allocation-stats>
<gc-op id="1229" type="scavenge" timems="1.491" contextid="1226" timestamp="2019-07-02T19:17:52.110">
  <scavenger-info tenureage="1" tenuremask="7ffe" tiltratio="81" />
  <memory-copied type="nursery" objects="2147" bytes="956864" bytesdiscarded="253136" />
  <memory-copied type="tenure" objects="6" bytes="176" bytesdiscarded="0" />
  <references type="phantom" candidates="1" cleared="0" enqueued="0" />
</gc-op>
<gc-end id="1230" type="scavenge" contextid="1226" durationms="1.878" usertimems="4.000" systemtimems="0.000" timestamp="2019-07-02T19:17:52.110" activeThreads="4">
  <mem-info id="1231" free="5267424" total="14090240" percent="37">
    <mem type="nursery" free="4491560" total="6946816" percent="64">
      <mem type="allocate" free="4491560" total="5701632" percent="78" />
      <mem type="survivor" free="0" total="1245184" percent="0" />
    </mem>
    <mem type="tenure" free="775864" total="7143424" percent="10">
      <mem type="soa" free="419512" total="6787072" percent="6" />
      <mem type="loa" free="356352" total="356352" percent="100" />
    </mem>
    <remembered-set count="102" />
  </mem-info>
</gc-end>
<cycle-end id="1232" type="scavenge" contextid="1226" timestamp="2019-07-02T19:17:52.110">
  <attribute name="GC Util" value="2" />
  <attribute name="CPU Util" value="544793393010" />
  <attribute name="Time Running"value="2869"/>
  <attribute name="Number of cores"value="4"/>
</cycle-end>
<allocation-satisfied id="1233" threadId="000000000173B200" bytesRequested="8200" />
<af-end id="1234" timestamp="2019-07-02T19:17:52.110" threadId="000000000173BB88" success="true" from="nursery"/>
<exclusive-end id="1235" timestamp="2019-07-02T19:17:52.110" durationms="2.629" />

<exclusive-start id="1236" timestamp="2019-07-02T19:17:52.142" intervalms="34.782">
  <response-info timems="0.048" idlems="0.048" threads="0" lastid="000000000173B200" lastname="Thread-3" />
</exclusive-start>
<af-start id="1237" threadId="000000000173BB88" totalBytesRequested="8200" timestamp="2019-07-02T19:17:52.143" intervalms="34.774" type="nursery" />
<cycle-start id="1238" type="scavenge" contextid="0" timestamp="2019-07-02T19:17:52.143" intervalms="34.768" />
  <attribute name="GC Util" value="2" />
  <attribute name="CPU Util" value="544793393010" />
  <attribute name="Time Running"value="2869"/>
  <attribute name="Number of cores"value="4"/>
<gc-start id="1239" type="scavenge" contextid="1238" timestamp="2019-07-02T19:17:52.143">
  <mem-info id="1240" free="775864" total="14090240" percent="5">
    <mem type="nursery" free="0" total="6946816" percent="0">
      <mem type="allocate" free="0" total="5701632" percent="0" />
      <mem type="survivor" free="0" total="1245184" percent="0" />
    </mem>
    <mem type="tenure" free="775864" total="7143424" percent="10">
      <mem type="soa" free="419512" total="6787072" percent="6" />
      <mem type="loa" free="356352" total="356352" percent="100" />
    </mem>
    <remembered-set count="287" />
  </mem-info>
</gc-start>
<allocation-stats totalBytes="4418872" >
  <allocated-bytes non-tlh="40976" tlh="4377896" />
  <largest-consumer threadName="Thread-4" threadId="000000000173EE00" bytes="1712144" />
</allocation-stats>
<gc-op id="1241" type="scavenge" timems="0.800" contextid="1238" timestamp="2019-07-02T19:17:52.144">
  <scavenger-info tenureage="1" tenuremask="7ffe" tiltratio="82" />
  <memory-copied type="nursery" objects="1563" bytes="668408" bytesdiscarded="97912" />
  <memory-copied type="tenure" objects="750" bytes="302856" bytesdiscarded="616" />
  <references type="phantom" candidates="1" cleared="0" enqueued="0" />
</gc-op>
<gc-end id="1242" type="scavenge" contextid="1238" durationms="1.155" usertimems="0.000" systemtimems="0.000" timestamp="2019-07-02T19:17:52.144" activeThreads="4">
  <mem-info id="1243" free="5459336" total="14090240" percent="38">
    <mem type="nursery" free="4935256" total="6946816" percent="71">
      <mem type="allocate" free="4935256" total="5701632" percent="86" />
      <mem type="survivor" free="0" total="1245184" percent="0" />
    </mem>
    <mem type="tenure" free="524080" total="7143424" percent="7">
      <mem type="soa" free="167728" total="6787072" percent="2" />
      <mem type="loa" free="356352" total="356352" percent="100" />
    </mem>
    <remembered-set count="116" />
  </mem-info>
</gc-end>
<cycle-end id="1244" type="scavenge" contextid="1238" timestamp="2019-07-02T19:17:52.144">
  <attribute name="GC Util" value="7" />
  <attribute name="CPU Util" value="530759291810" />
  <attribute name="Time Running"value="2904"/>
  <attribute name="Number of cores"value="4"/>
</cycle-end>
<allocation-satisfied id="1245" threadId="000000000173B200" bytesRequested="8200" />
<af-end id="1246" timestamp="2019-07-02T19:17:52.144" threadId="000000000173BB88" success="true" from="nursery"/>
<exclusive-end id="1247" timestamp="2019-07-02T19:17:52.144" durationms="1.657" />

<concurrent-kickoff id="1248" timestamp="2019-07-02T19:17:52.183">
  <kickoff reason="threshold reached" targetBytes="1701398" thresholdFreeBytes="237446"  remainingFree="179784" tenureFreeBytes="524080" nurseryFreeBytes="179784" />
</concurrent-kickoff>
<exclusive-start id="1249" timestamp="2019-07-02T19:17:52.183" intervalms="40.853">
  <response-info timems="0.063" idlems="0.063" threads="0" lastid="0000000001746500" lastname="Thread-6" />
</exclusive-start>
<cycle-start id="1250" type="global" contextid="0" timestamp="2019-07-02T19:17:52.183" intervalms="806.786" />
  <attribute name="GC Util" value="7" />
  <attribute name="CPU Util" value="530759291810" />
  <attribute name="Time Running"value="2904"/>
  <attribute name="Number of cores"value="4"/>
<exclusive-end id="1251" timestamp="2019-07-02T19:17:52.183" durationms="0.086" />

<exclusive-start id="1252" timestamp="2019-07-02T19:17:52.188" intervalms="4.221">
  <response-info timems="0.027" idlems="0.027" threads="0" lastid="0000000001742A00" lastname="Thread-5" />
</exclusive-start>
<af-start id="1253" threadId="0000000001743388" totalBytesRequested="16" timestamp="2019-07-02T19:17:52.188" intervalms="45.067" type="nursery" />
<cycle-start id="1254" type="scavenge" contextid="0" timestamp="2019-07-02T19:17:52.188" intervalms="45.063" />
  <attribute name="GC Util" value="7" />
  <attribute name="CPU Util" value="530759291810" />
  <attribute name="Time Running"value="2904"/>
  <attribute name="Number of cores"value="4"/>
<gc-start id="1255" type="scavenge" contextid="1254" timestamp="2019-07-02T19:17:52.188">
  <mem-info id="1256" free="524080" total="14090240" percent="3">
    <mem type="nursery" free="0" total="6946816" percent="0">
      <mem type="allocate" free="0" total="5701632" percent="0" />
      <mem type="survivor" free="0" total="1245184" percent="0" />
    </mem>
    <mem type="tenure" free="524080" total="7143424" percent="7">
      <mem type="soa" free="167728" total="6787072" percent="2" />
      <mem type="loa" free="356352" total="356352" percent="100" />
    </mem>
    <remembered-set count="314" />
  </mem-info>
</gc-start>
<allocation-stats totalBytes="4933024" >
  <allocated-bytes non-tlh="40976" tlh="4892048" />
  <largest-consumer threadName="Thread-3" threadId="000000000173B200" bytes="1739328" />
</allocation-stats>
<gc-op id="1257" type="scavenge" timems="0.575" contextid="1254" timestamp="2019-07-02T19:17:52.188">
  <scavenger-info tenureage="1" tenuremask="7ffe" tiltratio="82" />
  <memory-copied type="nursery" objects="2146" bytes="790352" bytesdiscarded="170008" />
  <memory-copied type="tenure" objects="605" bytes="284728" bytesdiscarded="928" />
  <heap-resize type="expand" space="tenure" amount="131072" count="2" timems="0.143" reason="continue current collection" />
</gc-op>
<gc-end id="1258" type="scavenge" contextid="1254" durationms="0.785" usertimems="4.000" systemtimems="0.000" timestamp="2019-07-02T19:17:52.189" activeThreads="4">
  <mem-info id="1259" free="5170272" total="14221312" percent="36">
    <mem type="nursery" free="4806752" total="6946816" percent="69">
      <mem type="allocate" free="4806752" total="5767168" percent="83" />
      <mem type="survivor" free="0" total="1179648" percent="0" />
    </mem>
    <mem type="tenure" free="363520" total="7274496" percent="4">
      <mem type="soa" free="0" total="6910976" percent="0" />
      <mem type="loa" free="363520" total="363520" percent="100" />
    </mem>
    <remembered-set count="141" />
  </mem-info>
</gc-end>
<cycle-end id="1260" type="scavenge" contextid="1254" timestamp="2019-07-02T19:17:52.189">
  <attribute name="GC Util" value="3" />
  <attribute name="CPU Util" value="409431315025" />
  <attribute name="Time Running"value="2949"/>
  <attribute name="Number of cores"value="4"/>
</cycle-end>
<allocation-satisfied id="1261" threadId="0000000001742A00" bytesRequested="16" />
<af-end id="1262" timestamp="2019-07-02T19:17:52.189" threadId="0000000001743388" success="true" from="nursery"/>
<exclusive-end id="1263" timestamp="2019-07-02T19:17:52.189" durationms="1.224" />

<exclusive-start id="1264" timestamp="2019-07-02T19:17:52.225" intervalms="37.210">
  <response-info timems="0.045" idlems="0.045" threads="0" lastid="0000000001742A00" lastname="Thread-5" />
</exclusive-start>
<af-start id="1265" threadId="0000000001743388" totalBytesRequested="16392" timestamp="2019-07-02T19:17:52.225" intervalms="37.217" type="nursery" />
<cycle-start id="1266" type="scavenge" contextid="0" timestamp="2019-07-02T19:17:52.225" intervalms="37.217" />
  <attribute name="GC Util" value="3" />
  <attribute name="CPU Util" value="409431315025" />
  <attribute name="Time Running"value="2949"/>
  <attribute name="Number of cores"value="4"/>
<gc-start id="1267" type="scavenge" contextid="1266" timestamp="2019-07-02T19:17:52.225">
  <mem-info id="1268" free="363520" total="14221312" percent="2">
    <mem type="nursery" free="0" total="6946816" percent="0">
      <mem type="allocate" free="0" total="5767168" percent="0" />
      <mem type="survivor" free="0" total="1179648" percent="0" />
    </mem>
    <mem type="tenure" free="363520" total="7274496" percent="4">
      <mem type="soa" free="0" total="6910976" percent="0" />
      <mem type="loa" free="363520" total="363520" percent="100" />
    </mem>
    <remembered-set count="300" />
  </mem-info>
</gc-start>
<allocation-stats totalBytes="4774480" >
  <allocated-bytes non-tlh="65568" tlh="4708912" />
  <largest-consumer threadName="Thread-3" threadId="000000000173B200" bytes="1907352" />
</allocation-stats>
<gc-op id="1269" type="scavenge" timems="0.355" contextid="1266" timestamp="2019-07-02T19:17:52.225">
  <scavenger-info tenureage="1" tenuremask="7ffe" tiltratio="83" />
  <memory-copied type="nursery" objects="2052" bytes="836168" bytesdiscarded="155968" />
  <memory-copied type="tenure" objects="116" bytes="41752" bytesdiscarded="504" />
  <heap-resize type="expand" space="tenure" amount="65536" count="1" timems="0.018" reason="continue current collection" />
</gc-op>
<gc-end id="1270" type="scavenge" contextid="1266" durationms="0.558" usertimems="0.000" systemtimems="4.000" timestamp="2019-07-02T19:17:52.226" activeThreads="4">
  <mem-info id="1271" free="5207096" total="14286848" percent="36">
    <mem type="nursery" free="4840504" total="6946816" percent="69">
      <mem type="allocate" free="4840504" total="5832704" percent="82" />
      <mem type="survivor" free="0" total="1114112" percent="0" />
    </mem>
    <mem type="tenure" free="366592" total="7340032" percent="4">
      <mem type="soa" free="0" total="6973440" percent="0" />
      <mem type="loa" free="366592" total="366592" percent="100" />
    </mem>
    <remembered-set count="118" />
  </mem-info>
</gc-end>
<cycle-end id="1272" type="scavenge" contextid="1266" timestamp="2019-07-02T19:17:52.226">
  <attribute name="GC Util" value="3" />
  <attribute name="CPU Util" value="495651843765" />
  <attribute name="Time Running"value="2986"/>
  <attribute name="Number of cores"value="4"/>
</cycle-end>
<concurrent-collection-start id="1273" timestamp="2019-07-02T19:17:52.226" intervalms="815.645" >
  <concurrent-trace-info reason="card cleaning threshold reached" tracedByMutators="358100" tracedByHelpers="920708" cardsCleaned="172" workStackOverflowCount="0" />
</concurrent-collection-start>
<gc-start id="1274" type="global" contextid="1250" timestamp="2019-07-02T19:17:52.226">
  <mem-info id="1275" free="5190704" total="14286848" percent="36">
    <mem type="nursery" free="4824112" total="6946816" percent="69">
      <mem type="allocate" free="4824112" total="5832704" percent="82" />
      <mem type="survivor" free="0" total="1114112" percent="0" />
    </mem>
    <mem type="tenure" free="366592" total="7340032" percent="4">
      <mem type="soa" free="0" total="6973440" percent="0" />
      <mem type="loa" free="366592" total="366592" percent="100" />
    </mem>
    <remembered-set count="118" />
  </mem-info>
</gc-start>
<allocation-stats totalBytes="16392" >
  <allocated-bytes non-tlh="16392" tlh="0" />
  <largest-consumer threadName="Thread-5" threadId="0000000001742A00" bytes="16392" />
</allocation-stats>
<gc-op id="1276" type="rs-scan" timems="0.186" contextid="1250" timestamp="2019-07-02T19:17:52.226">
  <scan objectsFound="57" bytesTraced="4408" workStackOverflowCount="0" />
</gc-op>
<gc-op id="1277" type="card-cleaning" timems="0.186" contextid="1250" timestamp="2019-07-02T19:17:52.226">
  <card-cleaning cardsCleaned="110" bytesTraced="245104" workStackOverflowCount="0" />
</gc-op>
<gc-op id="1278" type="mark" timems="0.552" contextid="1250" timestamp="2019-07-02T19:17:52.227">
  <trace-info objectcount="946" scancount="830" scanbytes="148572" />
  <finalization candidates="25" enqueued="0" />
  <references type="soft" candidates="164" cleared="0" enqueued="0" dynamicThreshold="19" maxThreshold="32" />
  <references type="weak" candidates="244" cleared="0" enqueued="0" />
  <references type="phantom" candidates="70" cleared="0" enqueued="0" />
  <stringconstants candidates="3947" cleared="0"  />
</gc-op>
<gc-op id="1279" type="sweep" timems="0.200" contextid="1250" timestamp="2019-07-02T19:17:52.227" />
<heap-resize id="1280" type="contract" space="tenure" amount="327680" count="1" timems="0.067" reason="excess free space following gc" timestamp="2019-07-02T19:17:52.227" />
<gc-end id="1281" type="global" contextid="1250" durationms="1.574" usertimems="0.000" systemtimems="0.000" timestamp="2019-07-02T19:17:52.227" activeThreads="4">
  <mem-info id="1282" free="9477720" total="13959168" percent="67">
    <mem type="nursery" free="5014664" total="6946816" percent="72">
      <mem type="allocate" free="5014664" total="5832704" percent="85" />
      <mem type="survivor" free="0" total="1114112" percent="0" />
    </mem>
    <mem type="tenure" free="4463056" total="7012352" percent="63" micro-fragmented="43120" macro-fragmented="0">
      <mem type="soa" free="4174488" total="6662144" percent="62" />
      <mem type="loa" free="288568" total="350208" percent="82" />
    </mem>
    <remembered-set count="100" />
  </mem-info>
</gc-end>
<cycle-end id="1283" type="global" contextid="1250" timestamp="2019-07-02T19:17:52.227">
  <attribute name="GC Util" value="129" />
  <attribute name="CPU Util" value="30273020668832" />
  <attribute name="Time Running"value="2988"/>
  <attribute name="Number of cores"value="4"/>
</cycle-end>
<concurrent-collection-end id="1284" timestamp="2019-07-02T19:17:52.228" />
<allocation-satisfied id="1285" threadId="0000000001742A00" bytesRequested="16392" />
<af-end id="1286" timestamp="2019-07-02T19:17:52.228" threadId="0000000001743388" success="true" from="nursery"/>
<exclusive-end id="1287" timestamp="2019-07-02T19:17:52.228" durationms="2.924" />

<exclusive-start id="1288" timestamp="2019-07-02T19:17:52.263" intervalms="37.950">
  <response-info timems="0.053" idlems="0.053" threads="0" lastid="0000000001742A00" lastname="Thread-5" />
</exclusive-start>
<af-start id="1289" threadId="0000000001743388" totalBytesRequested="24" timestamp="2019-07-02T19:17:52.263" intervalms="37.952" type="nursery" />
<cycle-start id="1290" type="scavenge" contextid="0" timestamp="2019-07-02T19:17:52.263" intervalms="37.952" />
  <attribute name="GC Util" value="129" />
  <attribute name="CPU Util" value="30273020668832" />
  <attribute name="Time Running"value="2988"/>
  <attribute name="Number of cores"value="4"/>
<gc-start id="1291" type="scavenge" contextid="1290" timestamp="2019-07-02T19:17:52.263">
  <mem-info id="1292" free="4463056" total="13959168" percent="31">
    <mem type="nursery" free="0" total="6946816" percent="0">
      <mem type="allocate" free="0" total="5832704" percent="0" />
      <mem type="survivor" free="0" total="1114112" percent="0" />
    </mem>
    <mem type="tenure" free="4463056" total="7012352" percent="63">
      <mem type="soa" free="4174488" total="6662144" percent="62" />
      <mem type="loa" free="288568" total="350208" percent="82" />
    </mem>
    <remembered-set count="294" />
  </mem-info>
</gc-start>
<allocation-stats totalBytes="5009352" >
  <allocated-bytes non-tlh="163888" tlh="4845464" />
  <largest-consumer threadName="Thread-5" threadId="0000000001742A00" bytes="1943904" />
</allocation-stats>
<gc-op id="1293" type="scavenge" timems="0.458" contextid="1290" timestamp="2019-07-02T19:17:52.263">
  <scavenger-info tenureage="1" tenuremask="7ffe" tiltratio="83" />
  <memory-copied type="nursery" objects="1919" bytes="836928" bytesdiscarded="277112" />
  <memory-copied type="tenure" objects="434" bytes="137304" bytesdiscarded="888" />
  <copy-failed type="nursery" objects="428" bytes="137128" />
  <references type="phantom" candidates="1" cleared="0" enqueued="0" />
</gc-op>
<gc-end id="1294" type="scavenge" contextid="1290" durationms="0.642" usertimems="0.000" systemtimems="0.000" timestamp="2019-07-02T19:17:52.264" activeThreads="4">
  <mem-info id="1295" free="8910960" total="13959168" percent="63">
    <mem type="nursery" free="4587520" total="6946816" percent="66">
      <mem type="allocate" free="4587520" total="5701632" percent="80" />
      <mem type="survivor" free="0" total="1245184" percent="0" />
    </mem>
    <mem type="tenure" free="4323440" total="7012352" percent="61">
      <mem type="soa" free="4034872" total="6662144" percent="60" />
      <mem type="loa" free="288568" total="350208" percent="82" />
    </mem>
    <remembered-set count="114" />
  </mem-info>
</gc-end>
<cycle-end id="1296" type="scavenge" contextid="1290" timestamp="2019-07-02T19:17:52.264">
  <attribute name="GC Util" value="3" />
  <attribute name="CPU Util" value="512099552078" />
  <attribute name="Time Running"value="3024"/>
  <attribute name="Number of cores"value="4"/>
</cycle-end>
<allocation-satisfied id="1297" threadId="0000000001742A00" bytesRequested="24" />
<af-end id="1298" timestamp="2019-07-02T19:17:52.264" threadId="0000000001743388" success="true" from="nursery"/>
<exclusive-end id="1299" timestamp="2019-07-02T19:17:52.264" durationms="1.112" />

<exclusive-start id="1300" timestamp="2019-07-02T19:17:52.296" intervalms="33.435">
  <response-info timems="0.043" idlems="0.043" threads="0" lastid="0000000001742A00" lastname="Thread-5" />
</exclusive-start>
<af-start id="1301" threadId="0000000001743388" totalBytesRequested="16392" timestamp="2019-07-02T19:17:52.296" intervalms="33.440" type="nursery" />
<cycle-start id="1302" type="scavenge" contextid="0" timestamp="2019-07-02T19:17:52.296" intervalms="33.442" />
  <attribute name="GC Util" value="3" />
  <attribute name="CPU Util" value="512099552078" />
  <attribute name="Time Running"value="3024"/>
  <attribute name="Number of cores"value="4"/>
<gc-start id="1303" type="scavenge" contextid="1302" timestamp="2019-07-02T19:17:52.296">
  <mem-info id="1304" free="4323440" total="13959168" percent="30">
    <mem type="nursery" free="0" total="6946816" percent="0">
      <mem type="allocate" free="0" total="5701632" percent="0" />
      <mem type="survivor" free="0" total="1245184" percent="0" />
    </mem>
    <mem type="tenure" free="4323440" total="7012352" percent="61">
      <mem type="soa" free="4034872" total="6662144" percent="60" />
      <mem type="loa" free="288568" total="350208" percent="82" />
    </mem>
    <remembered-set count="323" />
  </mem-info>
</gc-start>
<allocation-stats totalBytes="4514800" >
  <allocated-bytes non-tlh="24" tlh="4514776" />
  <largest-consumer threadName="Thread-4" threadId="000000000173EE00" bytes="1554816" />
</allocation-stats>
<gc-op id="1305" type="scavenge" timems="0.406" contextid="1302" timestamp="2019-07-02T19:17:52.297">
  <scavenger-info tenureage="1" tenuremask="7ffe" tiltratio="82" />
  <memory-copied type="nursery" objects="2091" bytes="856488" bytesdiscarded="266896" />
  <memory-copied type="tenure" objects="358" bytes="252664" bytesdiscarded="3056" />
</gc-op>
<gc-end id="1306" type="scavenge" contextid="1302" durationms="0.587" usertimems="4.000" systemtimems="0.000" timestamp="2019-07-02T19:17:52.297" activeThreads="4">
  <mem-info id="1307" free="8708496" total="13959168" percent="62">
    <mem type="nursery" free="4643712" total="6946816" percent="66">
      <mem type="allocate" free="4643712" total="5767168" percent="80" />
      <mem type="survivor" free="0" total="1179648" percent="0" />
    </mem>
    <mem type="tenure" free="4064784" total="7012352" percent="57">
      <mem type="soa" free="3776216" total="6662144" percent="56" />
      <mem type="loa" free="288568" total="350208" percent="82" />
    </mem>
    <remembered-set count="111" />
  </mem-info>
</gc-end>
<cycle-end id="1308" type="scavenge" contextid="1302" timestamp="2019-07-02T19:17:52.297">
  <attribute name="GC Util" value="3" />
  <attribute name="CPU Util" value="551576152390" />
  <attribute name="Time Running"value="3057"/>
  <attribute name="Number of cores"value="4"/>
</cycle-end>
<allocation-satisfied id="1309" threadId="0000000001742A00" bytesRequested="16392" />
<af-end id="1310" timestamp="2019-07-02T19:17:52.297" threadId="0000000001743388" success="true" from="nursery"/>
<exclusive-end id="1311" timestamp="2019-07-02T19:17:52.297" durationms="1.004" />

<exclusive-start id="1312" timestamp="2019-07-02T19:17:52.332" intervalms="35.866">
  <response-info timems="0.037" idlems="0.037" threads="0" lastid="000000000173B200" lastname="Thread-3" />
</exclusive-start>
<af-start id="1313" threadId="000000000173BB88" totalBytesRequested="8200" timestamp="2019-07-02T19:17:52.332" intervalms="35.866" type="nursery" />
<cycle-start id="1314" type="scavenge" contextid="0" timestamp="2019-07-02T19:17:52.332" intervalms="35.875" />
  <attribute name="GC Util" value="3" />
  <attribute name="CPU Util" value="551576152390" />
  <attribute name="Time Running"value="3057"/>
  <attribute name="Number of cores"value="4"/>
<gc-start id="1315" type="scavenge" contextid="1314" timestamp="2019-07-02T19:17:52.332">
  <mem-info id="1316" free="4064784" total="13959168" percent="29">
    <mem type="nursery" free="0" total="6946816" percent="0">
      <mem type="allocate" free="0" total="5767168" percent="0" />
      <mem type="survivor" free="0" total="1179648" percent="0" />
    </mem>
    <mem type="tenure" free="4064784" total="7012352" percent="57">
      <mem type="soa" free="3776216" total="6662144" percent="56" />
      <mem type="loa" free="288568" total="350208" percent="82" />
    </mem>
    <remembered-set count="314" />
  </mem-info>
</gc-start>
<allocation-stats totalBytes="4608976" >
  <allocated-bytes non-tlh="49168" tlh="4559808" />
  <largest-consumer threadName="Thread-5" threadId="0000000001742A00" bytes="1679704" />
</allocation-stats>
<gc-op id="1317" type="scavenge" timems="0.790" contextid="1314" timestamp="2019-07-02T19:17:52.333">
  <scavenger-info tenureage="1" tenuremask="7ffe" tiltratio="83" />
  <memory-copied type="nursery" objects="2130" bytes="841336" bytesdiscarded="51264" />
  <memory-copied type="tenure" objects="331" bytes="130984" bytesdiscarded="1976" />
  <references type="weak" candidates="1" cleared="0" enqueued="0" />
  <references type="phantom" candidates="1" cleared="0" enqueued="0" />
</gc-op>
<gc-end id="1318" type="scavenge" contextid="1314" durationms="1.195" usertimems="0.000" systemtimems="4.000" timestamp="2019-07-02T19:17:52.333" activeThreads="4">
  <mem-info id="1319" free="8705336" total="13959168" percent="62">
    <mem type="nursery" free="4874512" total="6946816" percent="70">
      <mem type="allocate" free="4874512" total="5767168" percent="84" />
      <mem type="survivor" free="0" total="1179648" percent="0" />
    </mem>
    <mem type="tenure" free="3830824" total="7012352" percent="54">
      <mem type="soa" free="3542256" total="6662144" percent="53" />
      <mem type="loa" free="288568" total="350208" percent="82" />
    </mem>
    <remembered-set count="103" />
  </mem-info>
</gc-end>
<cycle-end id="1320" type="scavenge" contextid="1314" timestamp="2019-07-02T19:17:52.334">
  <attribute name="GC Util" value="2" />
  <attribute name="CPU Util" value="513926282138" />
  <attribute name="Time Running"value="3093"/>
  <attribute name="Number of cores"value="4"/>
</cycle-end>
<allocation-satisfied id="1321" threadId="000000000173B200" bytesRequested="8200" />
<af-end id="1322" timestamp="2019-07-02T19:17:52.334" threadId="000000000173BB88" success="true" from="nursery"/>
<exclusive-end id="1323" timestamp="2019-07-02T19:17:52.334" durationms="1.829" />

<exclusive-start id="1324" timestamp="2019-07-02T19:17:52.368" intervalms="35.738">
  <response-info timems="0.045" idlems="0.045" threads="0" lastid="000000000173EE00" lastname="Thread-4" />
</exclusive-start>
<af-start id="1325" threadId="000000000173F788" totalBytesRequested="16392" timestamp="2019-07-02T19:17:52.368" intervalms="35.732" type="nursery" />
<cycle-start id="1326" type="scavenge" contextid="0" timestamp="2019-07-02T19:17:52.368" intervalms="35.721" />
  <attribute name="GC Util" value="2" />
  <attribute name="CPU Util" value="513926282138" />
  <attribute name="Time Running"value="3093"/>
  <attribute name="Number of cores"value="4"/>
<gc-start id="1327" type="scavenge" contextid="1326" timestamp="2019-07-02T19:17:52.368">
  <mem-info id="1328" free="3830824" total="13959168" percent="27">
    <mem type="nursery" free="0" total="6946816" percent="0">
      <mem type="allocate" free="0" total="5767168" percent="0" />
      <mem type="survivor" free="0" total="1179648" percent="0" />
    </mem>
    <mem type="tenure" free="3830824" total="7012352" percent="54">
      <mem type="soa" free="3542256" total="6662144" percent="53" />
      <mem type="loa" free="288568" total="350208" percent="82" />
    </mem>
    <remembered-set count="290" />
  </mem-info>
</gc-start>
<allocation-stats totalBytes="4805152" >
  <allocated-bytes non-tlh="8200" tlh="4796952" />
  <largest-consumer threadName="Thread-5" threadId="0000000001742A00" bytes="2152480" />
</allocation-stats>
<gc-op id="1329" type="scavenge" timems="0.419" contextid="1326" timestamp="2019-07-02T19:17:52.368">
  <scavenger-info tenureage="1" tenuremask="7ffe" tiltratio="83" />
  <memory-copied type="nursery" objects="1725" bytes="720616" bytesdiscarded="240280" />
  <memory-copied type="tenure" objects="7" bytes="384" bytesdiscarded="0" />
  <references type="phantom" candidates="1" cleared="0" enqueued="0" />
</gc-op>
<gc-end id="1330" type="scavenge" contextid="1326" durationms="0.617" usertimems="0.000" systemtimems="0.000" timestamp="2019-07-02T19:17:52.369" activeThreads="4">
  <mem-info id="1331" free="8699808" total="13959168" percent="62">
    <mem type="nursery" free="4871744" total="6946816" percent="70">
      <mem type="allocate" free="4871744" total="5832704" percent="83" />
      <mem type="survivor" free="0" total="1114112" percent="0" />
    </mem>
    <mem type="tenure" free="3828064" total="7012352" percent="54">
      <mem type="soa" free="3539496" total="6662144" percent="53" />
      <mem type="loa" free="288568" total="350208" percent="82" />
    </mem>
    <remembered-set count="94" />
  </mem-info>
</gc-end>
<cycle-end id="1332" type="scavenge" contextid="1326" timestamp="2019-07-02T19:17:52.369">
  <attribute name="GC Util" value="4" />
  <attribute name="CPU Util" value="516575841803" />
  <attribute name="Time Running"value="3129"/>
  <attribute name="Number of cores"value="4"/>
</cycle-end>
<allocation-satisfied id="1333" threadId="000000000173EE00" bytesRequested="16392" />
<af-end id="1334" timestamp="2019-07-02T19:17:52.369" threadId="000000000173F788" success="true" from="nursery"/>
<exclusive-end id="1335" timestamp="2019-07-02T19:17:52.369" durationms="1.035" />

<exclusive-start id="1336" timestamp="2019-07-02T19:17:52.409" intervalms="41.339">
  <response-info timems="0.289" idlems="0.152" threads="1" lastid="0000000001742A00" lastname="Thread-5" />
</exclusive-start>
<af-start id="1337" threadId="0000000001746E88" totalBytesRequested="32776" timestamp="2019-07-02T19:17:52.409" intervalms="41.340" type="nursery" />
<cycle-start id="1338" type="scavenge" contextid="0" timestamp="2019-07-02T19:17:52.409" intervalms="41.331" />
  <attribute name="GC Util" value="4" />
  <attribute name="CPU Util" value="516575841803" />
  <attribute name="Time Running"value="3129"/>
  <attribute name="Number of cores"value="4"/>
<gc-start id="1339" type="scavenge" contextid="1338" timestamp="2019-07-02T19:17:52.409">
  <mem-info id="1340" free="3828064" total="13959168" percent="27">
    <mem type="nursery" free="0" total="6946816" percent="0">
      <mem type="allocate" free="0" total="5832704" percent="0" />
      <mem type="survivor" free="0" total="1114112" percent="0" />
    </mem>
    <mem type="tenure" free="3828064" total="7012352" percent="54">
      <mem type="soa" free="3539496" total="6662144" percent="53" />
      <mem type="loa" free="288568" total="350208" percent="82" />
    </mem>
    <remembered-set count="281" />
  </mem-info>
</gc-start>
<allocation-stats totalBytes="4854752" >
  <allocated-bytes non-tlh="49168" tlh="4805584" />
  <largest-consumer threadName="Thread-4" threadId="000000000173EE00" bytes="1980512" />
</allocation-stats>
<gc-op id="1341" type="scavenge" timems="1.904" contextid="1338" timestamp="2019-07-02T19:17:52.411">
  <scavenger-info tenureage="1" tenuremask="7ffe" tiltratio="83" />
  <memory-copied type="nursery" objects="2019" bytes="751304" bytesdiscarded="145032" />
  <memory-copied type="tenure" objects="625" bytes="284048" bytesdiscarded="2128" />
</gc-op>
<gc-end id="1342" type="scavenge" contextid="1338" durationms="2.060" usertimems="4.000" systemtimems="0.000" timestamp="2019-07-02T19:17:52.411" activeThreads="4">
  <mem-info id="1343" free="8520016" total="13959168" percent="61">
    <mem type="nursery" free="5001848" total="6946816" percent="72">
      <mem type="allocate" free="5001848" total="5898240" percent="84" />
      <mem type="survivor" free="0" total="1048576" percent="0" />
    </mem>
    <mem type="tenure" free="3518168" total="7012352" percent="50">
      <mem type="soa" free="3229600" total="6662144" percent="48" />
      <mem type="loa" free="288568" total="350208" percent="82" />
    </mem>
    <remembered-set count="110" />
  </mem-info>
</gc-end>
<cycle-end id="1344" type="scavenge" contextid="1338" timestamp="2019-07-02T19:17:52.411">
  <attribute name="GC Util" value="2" />
  <attribute name="CPU Util" value="446756093578" />
  <attribute name="Time Running"value="3170"/>
  <attribute name="Number of cores"value="4"/>
</cycle-end>
<allocation-satisfied id="1345" threadId="0000000001746500" bytesRequested="32776" />
<af-end id="1346" timestamp="2019-07-02T19:17:52.411" threadId="0000000001746E88" success="true" from="nursery"/>
<exclusive-end id="1347" timestamp="2019-07-02T19:17:52.411" durationms="2.413" />

<exclusive-start id="1348" timestamp="2019-07-02T19:17:52.442" intervalms="33.030">
  <response-info timems="0.054" idlems="0.054" threads="0" lastid="0000000001746500" lastname="Thread-6" />
</exclusive-start>
<af-start id="1349" threadId="0000000001746E88" totalBytesRequested="16392" timestamp="2019-07-02T19:17:52.442" intervalms="33.016" type="nursery" />
<cycle-start id="1350" type="scavenge" contextid="0" timestamp="2019-07-02T19:17:52.442" intervalms="33.015" />
  <attribute name="GC Util" value="2" />
  <attribute name="CPU Util" value="446756093578" />
  <attribute name="Time Running"value="3170"/>
  <attribute name="Number of cores"value="4"/>
<gc-start id="1351" type="scavenge" contextid="1350" timestamp="2019-07-02T19:17:52.442">
  <mem-info id="1352" free="3518168" total="13959168" percent="25">
    <mem type="nursery" free="0" total="6946816" percent="0">
      <mem type="allocate" free="0" total="5898240" percent="0" />
      <mem type="survivor" free="0" total="1048576" percent="0" />
    </mem>
    <mem type="tenure" free="3518168" total="7012352" percent="50">
      <mem type="soa" free="3229600" total="6662144" percent="48" />
      <mem type="loa" free="288568" total="350208" percent="82" />
    </mem>
    <remembered-set count="321" />
  </mem-info>
</gc-start>
<allocation-stats totalBytes="4889568" >
  <allocated-bytes non-tlh="98328" tlh="4791240" />
  <largest-consumer threadName="Thread-3" threadId="000000000173B200" bytes="1732952" />
</allocation-stats>
<gc-op id="1353" type="scavenge" timems="3.157" contextid="1350" timestamp="2019-07-02T19:17:52.446">
  <scavenger-info tenureage="1" tenuremask="7ffe" tiltratio="84" />
  <memory-copied type="nursery" objects="1429" bytes="663032" bytesdiscarded="204432" />
  <memory-copied type="tenure" objects="40" bytes="5304" bytesdiscarded="0" />
  <references type="weak" candidates="1" cleared="0" enqueued="0" />
  <references type="phantom" candidates="1" cleared="0" enqueued="0" />
</gc-op>
<heap-resize id="1354" type="expand" space="nursery" amount="393216" count="1" timems="0.016" reason="excessive time being spent scavenging" timestamp="2019-07-02T19:17:52.446" />
<gc-end id="1355" type="scavenge" contextid="1350" durationms="3.446" usertimems="0.000" systemtimems="4.000" timestamp="2019-07-02T19:17:52.446" activeThreads="4">
  <mem-info id="1356" free="8876568" total="14352384" percent="61">
    <mem type="nursery" free="5358400" total="7340032" percent="73">
      <mem type="allocate" free="5358400" total="6225920" percent="86" />
      <mem type="survivor" free="0" total="1114112" percent="0" />
    </mem>
    <mem type="tenure" free="3518168" total="7012352" percent="50">
      <mem type="soa" free="3229600" total="6662144" percent="48" />
      <mem type="loa" free="288568" total="350208" percent="82" />
    </mem>
    <remembered-set count="106" />
  </mem-info>
</gc-end>
<cycle-end id="1357" type="scavenge" contextid="1350" timestamp="2019-07-02T19:17:52.446">
  <attribute name="GC Util" value="9" />
  <attribute name="CPU Util" value="558793855537" />
  <attribute name="Time Running"value="3203"/>
  <attribute name="Number of cores"value="4"/>
</cycle-end>
<allocation-satisfied id="1358" threadId="0000000001746500" bytesRequested="16392" />
<af-end id="1359" timestamp="2019-07-02T19:17:52.446" threadId="0000000001746E88" success="true" from="nursery"/>
<exclusive-end id="1360" timestamp="2019-07-02T19:17:52.446" durationms="4.166" />

<exclusive-start id="1361" timestamp="2019-07-02T19:17:52.490" intervalms="47.960">
  <response-info timems="0.046" idlems="0.046" threads="0" lastid="000000000173B200" lastname="Thread-3" />
</exclusive-start>
<af-start id="1362" threadId="000000000173BB88" totalBytesRequested="40" timestamp="2019-07-02T19:17:52.490" intervalms="47.973" type="nursery" />
<cycle-start id="1363" type="scavenge" contextid="0" timestamp="2019-07-02T19:17:52.490" intervalms="47.988" />
  <attribute name="GC Util" value="9" />
  <attribute name="CPU Util" value="558793855537" />
  <attribute name="Time Running"value="3203"/>
  <attribute name="Number of cores"value="4"/>
<gc-start id="1364" type="scavenge" contextid="1363" timestamp="2019-07-02T19:17:52.490">
  <mem-info id="1365" free="3518168" total="14352384" percent="24">
    <mem type="nursery" free="0" total="7340032" percent="0">
      <mem type="allocate" free="0" total="6225920" percent="0" />
      <mem type="survivor" free="0" total="1114112" percent="0" />
    </mem>
    <mem type="tenure" free="3518168" total="7012352" percent="50">
      <mem type="soa" free="3229600" total="6662144" percent="48" />
      <mem type="loa" free="288568" total="350208" percent="82" />
    </mem>
    <remembered-set count="319" />
  </mem-info>
</gc-start>
<allocation-stats totalBytes="5319592" >
  <allocated-bytes non-tlh="16392" tlh="5303200" />
  <largest-consumer threadName="Thread-4" threadId="000000000173EE00" bytes="1709736" />
</allocation-stats>
<gc-op id="1366" type="scavenge" timems="0.750" contextid="1363" timestamp="2019-07-02T19:17:52.491">
  <scavenger-info tenureage="1" tenuremask="7ffe" tiltratio="84" />
  <memory-copied type="nursery" objects="2607" bytes="957232" bytesdiscarded="155016" />
  <memory-copied type="tenure" objects="10" bytes="33072" bytesdiscarded="0" />
</gc-op>
<gc-end id="1367" type="scavenge" contextid="1363" durationms="1.108" usertimems="0.000" systemtimems="4.000" timestamp="2019-07-02T19:17:52.491" activeThreads="4">
  <mem-info id="1368" free="8435168" total="14352384" percent="58">
    <mem type="nursery" free="4917000" total="7340032" percent="66">
      <mem type="allocate" free="4917000" total="6029312" percent="81" />
      <mem type="survivor" free="0" total="1310720" percent="0" />
    </mem>
    <mem type="tenure" free="3518168" total="7012352" percent="50">
      <mem type="soa" free="3229600" total="6662144" percent="48" />
      <mem type="loa" free="288568" total="350208" percent="82" />
    </mem>
    <remembered-set count="101" />
  </mem-info>
</gc-end>
<cycle-end id="1369" type="scavenge" contextid="1363" timestamp="2019-07-02T19:17:52.491">
  <attribute name="GC Util" value="9" />
  <attribute name="CPU Util" value="384058338121" />
  <attribute name="Time Running"value="3251"/>
  <attribute name="Number of cores"value="4"/>
</cycle-end>
<allocation-satisfied id="1370" threadId="000000000173B200" bytesRequested="40" />
<af-end id="1371" timestamp="2019-07-02T19:17:52.492" threadId="000000000173BB88" success="true" from="nursery"/>
<exclusive-end id="1372" timestamp="2019-07-02T19:17:52.492" durationms="1.542" />

<exclusive-start id="1373" timestamp="2019-07-02T19:17:52.522" intervalms="32.346">
  <response-info timems="0.038" idlems="0.038" threads="0" lastid="0000000001742A00" lastname="Thread-5" />
</exclusive-start>
<af-start id="1374" threadId="0000000001743388" totalBytesRequested="16392" timestamp="2019-07-02T19:17:52.522" intervalms="32.345" type="nursery" />
<cycle-start id="1375" type="scavenge" contextid="0" timestamp="2019-07-02T19:17:52.523" intervalms="32.357" />
  <attribute name="GC Util" value="9" />
  <attribute name="CPU Util" value="384058338121" />
  <attribute name="Time Running"value="3251"/>
  <attribute name="Number of cores"value="4"/>
<gc-start id="1376" type="scavenge" contextid="1375" timestamp="2019-07-02T19:17:52.523">
  <mem-info id="1377" free="3518168" total="14352384" percent="24">
    <mem type="nursery" free="0" total="7340032" percent="0">
      <mem type="allocate" free="0" total="6029312" percent="0" />
      <mem type="survivor" free="0" total="1310720" percent="0" />
    </mem>
    <mem type="tenure" free="3518168" total="7012352" percent="50">
      <mem type="soa" free="3229600" total="6662144" percent="48" />
      <mem type="loa" free="288568" total="350208" percent="82" />
    </mem>
    <remembered-set count="310" />
  </mem-info>
</gc-start>
<allocation-stats totalBytes="4826840" >
  <allocated-bytes non-tlh="32816" tlh="4794024" />
  <largest-consumer threadName="Thread-5" threadId="0000000001742A00" bytes="1920904" />
</allocation-stats>
<gc-op id="1378" type="scavenge" timems="0.398" contextid="1375" timestamp="2019-07-02T19:17:52.523">
  <scavenger-info tenureage="1" tenuremask="7ffe" tiltratio="82" />
  <memory-copied type="nursery" objects="2034" bytes="836872" bytesdiscarded="142392" />
  <memory-copied type="tenure" objects="2" bytes="56" bytesdiscarded="0" />
</gc-op>
<gc-end id="1379" type="scavenge" contextid="1375" durationms="0.596" usertimems="0.000" systemtimems="0.000" timestamp="2019-07-02T19:17:52.523" activeThreads="4">
  <mem-info id="1380" free="8633688" total="14352384" percent="60">
    <mem type="nursery" free="5115520" total="7340032" percent="69">
      <mem type="allocate" free="5115520" total="6094848" percent="83" />
      <mem type="survivor" free="0" total="1245184" percent="0" />
    </mem>
    <mem type="tenure" free="3518168" total="7012352" percent="50">
      <mem type="soa" free="3229600" total="6662144" percent="48" />
      <mem type="loa" free="288568" total="350208" percent="82" />
    </mem>
    <remembered-set count="102" />
  </mem-info>
</gc-end>
<cycle-end id="1381" type="scavenge" contextid="1375" timestamp="2019-07-02T19:17:52.523">
  <attribute name="GC Util" value="4" />
  <attribute name="CPU Util" value="570094030751" />
  <attribute name="Time Running"value="3284"/>
  <attribute name="Number of cores"value="4"/>
</cycle-end>
<allocation-satisfied id="1382" threadId="0000000001742A00" bytesRequested="16392" />
<af-end id="1383" timestamp="2019-07-02T19:17:52.523" threadId="0000000001743388" success="true" from="nursery"/>
<exclusive-end id="1384" timestamp="2019-07-02T19:17:52.524" durationms="1.135" />

<exclusive-start id="1385" timestamp="2019-07-02T19:17:52.568" intervalms="46.032">
  <response-info timems="0.036" idlems="0.036" threads="0" lastid="000000000173B200" lastname="Thread-3" />
</exclusive-start>
<af-start id="1386" threadId="000000000173BB88" totalBytesRequested="520" timestamp="2019-07-02T19:17:52.569" intervalms="46.040" type="nursery" />
<cycle-start id="1387" type="scavenge" contextid="0" timestamp="2019-07-02T19:17:52.569" intervalms="46.027" />
  <attribute name="GC Util" value="4" />
  <attribute name="CPU Util" value="570094030751" />
  <attribute name="Time Running"value="3284"/>
  <attribute name="Number of cores"value="4"/>
<gc-start id="1388" type="scavenge" contextid="1387" timestamp="2019-07-02T19:17:52.569">
  <mem-info id="1389" free="3518168" total="14352384" percent="24">
    <mem type="nursery" free="0" total="7340032" percent="0">
      <mem type="allocate" free="0" total="6094848" percent="0" />
      <mem type="survivor" free="0" total="1245184" percent="0" />
    </mem>
    <mem type="tenure" free="3518168" total="7012352" percent="50">
      <mem type="soa" free="3229600" total="6662144" percent="48" />
      <mem type="loa" free="288568" total="350208" percent="82" />
    </mem>
    <remembered-set count="312" />
  </mem-info>
</gc-start>
<allocation-stats totalBytes="5112056" >
  <allocated-bytes non-tlh="16392" tlh="5095664" />
  <largest-consumer threadName="Thread-4" threadId="000000000173EE00" bytes="1686808" />
</allocation-stats>
<gc-op id="1390" type="scavenge" timems="1.619" contextid="1387" timestamp="2019-07-02T19:17:52.570">
  <scavenger-info tenureage="1" tenuremask="7ffe" tiltratio="83" />
  <memory-copied type="nursery" objects="2673" bytes="989760" bytesdiscarded="149160" />
  <memory-copied type="tenure" objects="4" bytes="144" bytesdiscarded="0" />
</gc-op>
<gc-end id="1391" type="scavenge" contextid="1387" durationms="2.093" usertimems="4.000" systemtimems="0.000" timestamp="2019-07-02T19:17:52.571" activeThreads="4">
  <mem-info id="1392" free="8474032" total="14352384" percent="59">
    <mem type="nursery" free="4955864" total="7340032" percent="67">
      <mem type="allocate" free="4955864" total="6094848" percent="81" />
      <mem type="survivor" free="0" total="1245184" percent="0" />
    </mem>
    <mem type="tenure" free="3518168" total="7012352" percent="50">
      <mem type="soa" free="3229600" total="6662144" percent="48" />
      <mem type="loa" free="288568" total="350208" percent="82" />
    </mem>
    <remembered-set count="106" />
  </mem-info>
</gc-end>
<cycle-end id="1393" type="scavenge" contextid="1387" timestamp="2019-07-02T19:17:52.571">
  <attribute name="GC Util" value="1" />
  <attribute name="CPU Util" value="400460979615" />
  <attribute name="Time Running"value="3330"/>
  <attribute name="Number of cores"value="4"/>
</cycle-end>
<allocation-satisfied id="1394" threadId="000000000173B200" bytesRequested="520" />
<af-end id="1395" timestamp="2019-07-02T19:17:52.571" threadId="000000000173BB88" success="true" from="nursery"/>
<exclusive-end id="1396" timestamp="2019-07-02T19:17:52.571" durationms="2.832" />

<exclusive-start id="1397" timestamp="2019-07-02T19:17:52.605" intervalms="36.095">
  <response-info timems="0.035" idlems="0.035" threads="0" lastid="000000000173B200" lastname="Thread-3" />
</exclusive-start>
<af-start id="1398" threadId="000000000173BB88" totalBytesRequested="32776" timestamp="2019-07-02T19:17:52.605" intervalms="36.085" type="nursery" />
<cycle-start id="1399" type="scavenge" contextid="0" timestamp="2019-07-02T19:17:52.605" intervalms="36.084" />
  <attribute name="GC Util" value="1" />
  <attribute name="CPU Util" value="400460979615" />
  <attribute name="Time Running"value="3330"/>
  <attribute name="Number of cores"value="4"/>
<gc-start id="1400" type="scavenge" contextid="1399" timestamp="2019-07-02T19:17:52.605">
  <mem-info id="1401" free="3518168" total="14352384" percent="24">
    <mem type="nursery" free="0" total="7340032" percent="0">
      <mem type="allocate" free="0" total="6094848" percent="0" />
      <mem type="survivor" free="0" total="1245184" percent="0" />
    </mem>
    <mem type="tenure" free="3518168" total="7012352" percent="50">
      <mem type="soa" free="3229600" total="6662144" percent="48" />
      <mem type="loa" free="288568" total="350208" percent="82" />
    </mem>
    <remembered-set count="307" />
  </mem-info>
</gc-start>
<allocation-stats totalBytes="4914432" >
  <allocated-bytes non-tlh="33296" tlh="4881136" />
  <largest-consumer threadName="Thread-6" threadId="0000000001746500" bytes="1638016" />
</allocation-stats>
<gc-op id="1402" type="scavenge" timems="0.729" contextid="1399" timestamp="2019-07-02T19:17:52.606">
  <scavenger-info tenureage="1" tenuremask="7ffe" tiltratio="83" />
  <memory-copied type="nursery" objects="1870" bytes="882448" bytesdiscarded="92248" />
  <memory-copied type="tenure" objects="8" bytes="208" bytesdiscarded="0" />
  <references type="phantom" candidates="1" cleared="0" enqueued="0" />
</gc-op>
<gc-end id="1403" type="scavenge" contextid="1399" durationms="1.121" usertimems="4.000" systemtimems="0.000" timestamp="2019-07-02T19:17:52.606" activeThreads="4">
  <mem-info id="1404" free="8638248" total="14352384" percent="60">
    <mem type="nursery" free="5120080" total="7340032" percent="69">
      <mem type="allocate" free="5120080" total="6094848" percent="84" />
      <mem type="survivor" free="0" total="1245184" percent="0" />
    </mem>
    <mem type="tenure" free="3518168" total="7012352" percent="50">
      <mem type="soa" free="3229600" total="6662144" percent="48" />
      <mem type="loa" free="288568" total="350208" percent="82" />
    </mem>
    <remembered-set count="102" />
  </mem-info>
</gc-end>
<cycle-end id="1405" type="scavenge" contextid="1399" timestamp="2019-07-02T19:17:52.606">
  <attribute name="GC Util" value="8" />
  <attribute name="CPU Util" value="511840745689" />
  <attribute name="Time Running"value="3366"/>
  <attribute name="Number of cores"value="4"/>
</cycle-end>
<allocation-satisfied id="1406" threadId="000000000173B200" bytesRequested="32776" />
<af-end id="1407" timestamp="2019-07-02T19:17:52.606" threadId="000000000173BB88" success="true" from="nursery"/>
<exclusive-end id="1408" timestamp="2019-07-02T19:17:52.606" durationms="1.664" />

<exclusive-start id="1409" timestamp="2019-07-02T19:17:52.650" intervalms="45.665">
  <response-info timems="0.044" idlems="0.044" threads="0" lastid="000000000173EE00" lastname="Thread-4" />
</exclusive-start>
<af-start id="1410" threadId="000000000173F788" totalBytesRequested="2056" timestamp="2019-07-02T19:17:52.650" intervalms="45.671" type="nursery" />
<cycle-start id="1411" type="scavenge" contextid="0" timestamp="2019-07-02T19:17:52.650" intervalms="45.669" />
  <attribute name="GC Util" value="8" />
  <attribute name="CPU Util" value="511840745689" />
  <attribute name="Time Running"value="3366"/>
  <attribute name="Number of cores"value="4"/>
<gc-start id="1412" type="scavenge" contextid="1411" timestamp="2019-07-02T19:17:52.650">
  <mem-info id="1413" free="3518168" total="14352384" percent="24">
    <mem type="nursery" free="0" total="7340032" percent="0">
      <mem type="allocate" free="0" total="6094848" percent="0" />
      <mem type="survivor" free="0" total="1245184" percent="0" />
    </mem>
    <mem type="tenure" free="3518168" total="7012352" percent="50">
      <mem type="soa" free="3229600" total="6662144" percent="48" />
      <mem type="loa" free="288568" total="350208" percent="82" />
    </mem>
    <remembered-set count="315" />
  </mem-info>
</gc-start>
<allocation-stats totalBytes="5091208" >
  <allocated-bytes non-tlh="32776" tlh="5058432" />
  <largest-consumer threadName="Thread-4" threadId="000000000173EE00" bytes="1524384" />
</allocation-stats>
<gc-op id="1414" type="scavenge" timems="0.419" contextid="1411" timestamp="2019-07-02T19:17:52.651">
  <scavenger-info tenureage="1" tenuremask="7ffe" tiltratio="83" />
  <memory-copied type="nursery" objects="2355" bytes="929632" bytesdiscarded="163208" />
  <memory-copied type="tenure" objects="2" bytes="56" bytesdiscarded="0" />
  <references type="phantom" candidates="1" cleared="0" enqueued="0" />
</gc-op>
<gc-end id="1415" type="scavenge" contextid="1411" durationms="0.637" usertimems="0.000" systemtimems="0.000" timestamp="2019-07-02T19:17:52.651" activeThreads="4">
  <mem-info id="1416" free="8585640" total="14352384" percent="59">
    <mem type="nursery" free="5067472" total="7340032" percent="69">
      <mem type="allocate" free="5067472" total="6160384" percent="82" />
      <mem type="survivor" free="0" total="1179648" percent="0" />
    </mem>
    <mem type="tenure" free="3518168" total="7012352" percent="50">
      <mem type="soa" free="3229600" total="6662144" percent="48" />
      <mem type="loa" free="288568" total="350208" percent="82" />
    </mem>
    <remembered-set count="104" />
  </mem-info>
</gc-end>
<cycle-end id="1417" type="scavenge" contextid="1411" timestamp="2019-07-02T19:17:52.651">
  <attribute name="GC Util" value="3" />
  <attribute name="CPU Util" value="404014241975" />
  <attribute name="Time Running"value="3411"/>
  <attribute name="Number of cores"value="4"/>
</cycle-end>
<allocation-satisfied id="1418" threadId="000000000173EE00" bytesRequested="2056" />
<af-end id="1419" timestamp="2019-07-02T19:17:52.651" threadId="000000000173F788" success="true" from="nursery"/>
<exclusive-end id="1420" timestamp="2019-07-02T19:17:52.651" durationms="1.069" />

<exclusive-start id="1421" timestamp="2019-07-02T19:17:52.681" intervalms="30.643">
  <response-info timems="0.025" idlems="0.025" threads="0" lastid="000000000173B200" lastname="Thread-3" />
</exclusive-start>
<af-start id="1422" threadId="000000000173BB88" totalBytesRequested="16" timestamp="2019-07-02T19:17:52.681" intervalms="30.638" type="nursery" />
<cycle-start id="1423" type="scavenge" contextid="0" timestamp="2019-07-02T19:17:52.681" intervalms="30.640" />
  <attribute name="GC Util" value="3" />
  <attribute name="CPU Util" value="404014241975" />
  <attribute name="Time Running"value="3411"/>
  <attribute name="Number of cores"value="4"/>
<gc-start id="1424" type="scavenge" contextid="1423" timestamp="2019-07-02T19:17:52.681">
  <mem-info id="1425" free="3518168" total="14352384" percent="24">
    <mem type="nursery" free="0" total="7340032" percent="0">
      <mem type="allocate" free="0" total="6160384" percent="0" />
      <mem type="survivor" free="0" total="1179648" percent="0" />
    </mem>
    <mem type="tenure" free="3518168" total="7012352" percent="50">
      <mem type="soa" free="3229600" total="6662144" percent="48" />
      <mem type="loa" free="288568" total="350208" percent="82" />
    </mem>
    <remembered-set count="298" />
  </mem-info>
</gc-start>
<allocation-stats totalBytes="5046496" >
  <allocated-bytes non-tlh="2056" tlh="5044440" />
  <largest-consumer threadName="Thread-4" threadId="000000000173EE00" bytes="1853272" />
</allocation-stats>
<gc-op id="1426" type="scavenge" timems="0.947" contextid="1423" timestamp="2019-07-02T19:17:52.682">
  <scavenger-info tenureage="1" tenuremask="7ffe" tiltratio="83" />
  <memory-copied type="nursery" objects="2430" bytes="1006144" bytesdiscarded="173440" />
  <memory-copied type="tenure" objects="95" bytes="11176" bytesdiscarded="0" />
  <copy-failed type="nursery" objects="91" bytes="11032" />
</gc-op>
<gc-end id="1427" type="scavenge" contextid="1423" durationms="1.303" usertimems="0.000" systemtimems="4.000" timestamp="2019-07-02T19:17:52.682" activeThreads="4">
  <mem-info id="1428" free="8389584" total="14352384" percent="58">
    <mem type="nursery" free="4915200" total="7340032" percent="66">
      <mem type="allocate" free="4915200" total="6094848" percent="80" />
      <mem type="survivor" free="0" total="1245184" percent="0" />
    </mem>
    <mem type="tenure" free="3474384" total="7012352" percent="49">
      <mem type="soa" free="3185816" total="6662144" percent="47" />
      <mem type="loa" free="288568" total="350208" percent="82" />
    </mem>
    <remembered-set count="109" />
  </mem-info>
</gc-end>
<cycle-end id="1429" type="scavenge" contextid="1423" timestamp="2019-07-02T19:17:52.682">
  <attribute name="GC Util" value="3" />
  <attribute name="CPU Util" value="601495580550" />
  <attribute name="Time Running"value="3442"/>
  <attribute name="Number of cores"value="4"/>
</cycle-end>
<allocation-satisfied id="1430" threadId="000000000173B200" bytesRequested="16" />
<af-end id="1431" timestamp="2019-07-02T19:17:52.683" threadId="000000000173BB88" success="true" from="nursery"/>
<exclusive-end id="1432" timestamp="2019-07-02T19:17:52.683" durationms="1.811" />

<exclusive-start id="1433" timestamp="2019-07-02T19:17:52.728" intervalms="46.804">
  <response-info timems="0.077" idlems="0.077" threads="0" lastid="0000000001746500" lastname="Thread-6" />
</exclusive-start>
<af-start id="1434" threadId="0000000001746E88" totalBytesRequested="8200" timestamp="2019-07-02T19:17:52.728" intervalms="46.788" type="nursery" />
<cycle-start id="1435" type="scavenge" contextid="0" timestamp="2019-07-02T19:17:52.728" intervalms="46.773" />
  <attribute name="GC Util" value="3" />
  <attribute name="CPU Util" value="601495580550" />
  <attribute name="Time Running"value="3442"/>
  <attribute name="Number of cores"value="4"/>
<gc-start id="1436" type="scavenge" contextid="1435" timestamp="2019-07-02T19:17:52.728">
  <mem-info id="1437" free="3474384" total="14352384" percent="24">
    <mem type="nursery" free="0" total="7340032" percent="0">
      <mem type="allocate" free="0" total="6094848" percent="0" />
      <mem type="survivor" free="0" total="1245184" percent="0" />
    </mem>
    <mem type="tenure" free="3474384" total="7012352" percent="49">
      <mem type="soa" free="3185816" total="6662144" percent="47" />
      <mem type="loa" free="288568" total="350208" percent="82" />
    </mem>
    <remembered-set count="315" />
  </mem-info>
</gc-start>
<allocation-stats totalBytes="4860352" >
  <allocated-bytes non-tlh="16" tlh="4860336" />
  <largest-consumer threadName="Thread-4" threadId="000000000173EE00" bytes="1907744" />
</allocation-stats>
<gc-op id="1438" type="scavenge" timems="7.694" contextid="1435" timestamp="2019-07-02T19:17:52.736">
  <scavenger-info tenureage="1" tenuremask="7ffe" tiltratio="83" />
  <memory-copied type="nursery" objects="2708" bytes="1011656" bytesdiscarded="233456" />
  <memory-copied type="tenure" objects="285" bytes="223496" bytesdiscarded="2832" />
  <references type="weak" candidates="1" cleared="0" enqueued="0" />
  <references type="phantom" candidates="1" cleared="0" enqueued="0" />
</gc-op>
<heap-resize id="1439" type="expand" space="nursery" amount="524288" count="1" timems="0.045" reason="excessive time being spent scavenging" timestamp="2019-07-02T19:17:52.736" />
<gc-end id="1440" type="scavenge" contextid="1435" durationms="7.978" usertimems="8.000" systemtimems="4.000" timestamp="2019-07-02T19:17:52.736" activeThreads="4">
  <mem-info id="1441" free="8557816" total="14876672" percent="57">
    <mem type="nursery" free="5308416" total="7864320" percent="67">
      <mem type="allocate" free="5308416" total="6553600" percent="81" />
      <mem type="survivor" free="0" total="1310720" percent="0" />
    </mem>
    <mem type="tenure" free="3249400" total="7012352" percent="46">
      <mem type="soa" free="2960832" total="6662144" percent="44" />
      <mem type="loa" free="288568" total="350208" percent="82" />
    </mem>
    <remembered-set count="109" />
  </mem-info>
</gc-end>
<cycle-end id="1442" type="scavenge" contextid="1435" timestamp="2019-07-02T19:17:52.736">
  <attribute name="GC Util" value="4" />
  <attribute name="CPU Util" value="394941731018" />
  <attribute name="Time Running"value="3489"/>
  <attribute name="Number of cores"value="4"/>
</cycle-end>
<allocation-satisfied id="1443" threadId="0000000001746500" bytesRequested="8200" />
<af-end id="1444" timestamp="2019-07-02T19:17:52.736" threadId="0000000001746E88" success="true" from="nursery"/>
<exclusive-end id="1445" timestamp="2019-07-02T19:17:52.736" durationms="8.427" />

<exclusive-start id="1446" timestamp="2019-07-02T19:17:52.770" intervalms="42.598">
  <response-info timems="0.026" idlems="0.026" threads="0" lastid="000000000173B200" lastname="Thread-3" />
</exclusive-start>
<af-start id="1447" threadId="000000000173BB88" totalBytesRequested="16392" timestamp="2019-07-02T19:17:52.770" intervalms="42.616" type="nursery" />
<cycle-start id="1448" type="scavenge" contextid="0" timestamp="2019-07-02T19:17:52.770" intervalms="42.631" />
  <attribute name="GC Util" value="4" />
  <attribute name="CPU Util" value="394941731018" />
  <attribute name="Time Running"value="3489"/>
  <attribute name="Number of cores"value="4"/>
<gc-start id="1449" type="scavenge" contextid="1448" timestamp="2019-07-02T19:17:52.770">
  <mem-info id="1450" free="3249400" total="14876672" percent="21">
    <mem type="nursery" free="0" total="7864320" percent="0">
      <mem type="allocate" free="0" total="6553600" percent="0" />
      <mem type="survivor" free="0" total="1310720" percent="0" />
    </mem>
    <mem type="tenure" free="3249400" total="7012352" percent="46">
      <mem type="soa" free="2960832" total="6662144" percent="44" />
      <mem type="loa" free="288568" total="350208" percent="82" />
    </mem>
    <remembered-set count="301" />
  </mem-info>
</gc-start>
<allocation-stats totalBytes="5279944" >
  <allocated-bytes non-tlh="40976" tlh="5238968" />
  <largest-consumer threadName="Thread-4" threadId="000000000173EE00" bytes="1665488" />
</allocation-stats>
<gc-op id="1451" type="scavenge" timems="0.820" contextid="1448" timestamp="2019-07-02T19:17:52.771">
  <scavenger-info tenureage="1" tenuremask="7ffe" tiltratio="83" />
  <memory-copied type="nursery" objects="2010" bytes="850176" bytesdiscarded="196320" />
  <memory-copied type="tenure" objects="35" bytes="37008" bytesdiscarded="0" />
  <references type="phantom" candidates="1" cleared="0" enqueued="0" />
</gc-op>
<gc-end id="1452" type="scavenge" contextid="1448" durationms="1.177" usertimems="0.000" systemtimems="4.000" timestamp="2019-07-02T19:17:52.772" activeThreads="4">
  <mem-info id="1453" free="8887504" total="14876672" percent="59">
    <mem type="nursery" free="5638104" total="7864320" percent="71">
      <mem type="allocate" free="5638104" total="6684672" percent="84" />
      <mem type="survivor" free="0" total="1179648" percent="0" />
    </mem>
    <mem type="tenure" free="3249400" total="7012352" percent="46">
      <mem type="soa" free="2960832" total="6662144" percent="44" />
      <mem type="loa" free="288568" total="350208" percent="82" />
    </mem>
    <remembered-set count="104" />
  </mem-info>
</gc-end>
<cycle-end id="1454" type="scavenge" contextid="1448" timestamp="2019-07-02T19:17:52.772">
  <attribute name="GC Util" value="31" />
  <attribute name="CPU Util" value="432204786603" />
  <attribute name="Time Running"value="3532"/>
  <attribute name="Number of cores"value="4"/>
</cycle-end>
<allocation-satisfied id="1455" threadId="000000000173B200" bytesRequested="16392" />
<af-end id="1456" timestamp="2019-07-02T19:17:52.772" threadId="000000000173BB88" success="true" from="nursery"/>
<exclusive-end id="1457" timestamp="2019-07-02T19:17:52.772" durationms="1.608" />

<exclusive-start id="1458" timestamp="2019-07-02T19:17:52.815" intervalms="44.723">
  <response-info timems="0.035" idlems="0.035" threads="0" lastid="000000000173EE00" lastname="Thread-4" />
</exclusive-start>
<af-start id="1459" threadId="000000000173F788" totalBytesRequested="2056" timestamp="2019-07-02T19:17:52.815" intervalms="44.716" type="nursery" />
<cycle-start id="1460" type="scavenge" contextid="0" timestamp="2019-07-02T19:17:52.815" intervalms="44.711" />
  <attribute name="GC Util" value="31" />
  <attribute name="CPU Util" value="432204786603" />
  <attribute name="Time Running"value="3532"/>
  <attribute name="Number of cores"value="4"/>
<gc-start id="1461" type="scavenge" contextid="1460" timestamp="2019-07-02T19:17:52.815">
  <mem-info id="1462" free="3249400" total="14876672" percent="21">
    <mem type="nursery" free="0" total="7864320" percent="0">
      <mem type="allocate" free="0" total="6684672" percent="0" />
      <mem type="survivor" free="0" total="1179648" percent="0" />
    </mem>
    <mem type="tenure" free="3249400" total="7012352" percent="46">
      <mem type="soa" free="2960832" total="6662144" percent="44" />
      <mem type="loa" free="288568" total="350208" percent="82" />
    </mem>
    <remembered-set count="313" />
  </mem-info>
</gc-start>
<allocation-stats totalBytes="5541984" >
  <allocated-bytes non-tlh="16392" tlh="5525592" />
  <largest-consumer threadName="Thread-4" threadId="000000000173EE00" bytes="2217648" />
</allocation-stats>
<gc-op id="1463" type="scavenge" timems="0.402" contextid="1460" timestamp="2019-07-02T19:17:52.816">
  <scavenger-info tenureage="1" tenuremask="7ffe" tiltratio="85" />
  <memory-copied type="nursery" objects="2560" bytes="1001912" bytesdiscarded="177672" />
  <memory-copied type="tenure" objects="65" bytes="40528" bytesdiscarded="880" />
  <copy-failed type="nursery" objects="9" bytes="2416" />
  <references type="phantom" candidates="1" cleared="0" enqueued="0" />
</gc-op>
<gc-end id="1464" type="scavenge" contextid="1460" durationms="0.592" usertimems="0.000" systemtimems="0.000" timestamp="2019-07-02T19:17:52.816" activeThreads="4">
  <mem-info id="1465" free="8572808" total="14876672" percent="57">
    <mem type="nursery" free="5373952" total="7864320" percent="68">
      <mem type="allocate" free="5373952" total="6553600" percent="82" />
      <mem type="survivor" free="0" total="1310720" percent="0" />
    </mem>
    <mem type="tenure" free="3198856" total="7012352" percent="45">
      <mem type="soa" free="2910288" total="6662144" percent="43" />
      <mem type="loa" free="288568" total="350208" percent="82" />
    </mem>
    <remembered-set count="116" />
  </mem-info>
</gc-end>
<cycle-end id="1466" type="scavenge" contextid="1460" timestamp="2019-07-02T19:17:52.816">
  <attribute name="GC Util" value="3" />
  <attribute name="CPU Util" value="412704301969" />
  <attribute name="Time Running"value="3576"/>
  <attribute name="Number of cores"value="4"/>
</cycle-end>
<allocation-satisfied id="1467" threadId="000000000173EE00" bytesRequested="2056" />
<af-end id="1468" timestamp="2019-07-02T19:17:52.816" threadId="000000000173F788" success="true" from="nursery"/>
<exclusive-end id="1469" timestamp="2019-07-02T19:17:52.816" durationms="0.994" />

<exclusive-start id="1470" timestamp="2019-07-02T19:17:52.857" intervalms="41.671">
  <response-info timems="0.028" idlems="0.028" threads="0" lastid="000000000173B200" lastname="Thread-3" />
</exclusive-start>
<af-start id="1471" threadId="000000000173BB88" totalBytesRequested="16392" timestamp="2019-07-02T19:17:52.857" intervalms="41.673" type="nursery" />
<cycle-start id="1472" type="scavenge" contextid="0" timestamp="2019-07-02T19:17:52.857" intervalms="41.675" />
  <attribute name="GC Util" value="3" />
  <attribute name="CPU Util" value="412704301969" />
  <attribute name="Time Running"value="3576"/>
  <attribute name="Number of cores"value="4"/>
<gc-start id="1473" type="scavenge" contextid="1472" timestamp="2019-07-02T19:17:52.857">
  <mem-info id="1474" free="3198856" total="14876672" percent="21">
    <mem type="nursery" free="0" total="7864320" percent="0">
      <mem type="allocate" free="0" total="6553600" percent="0" />
      <mem type="survivor" free="0" total="1310720" percent="0" />
    </mem>
    <mem type="tenure" free="3198856" total="7012352" percent="45">
      <mem type="soa" free="2910288" total="6662144" percent="43" />
      <mem type="loa" free="288568" total="350208" percent="82" />
    </mem>
    <remembered-set count="285" />
  </mem-info>
</gc-start>
<allocation-stats totalBytes="5339768" >
  <allocated-bytes non-tlh="34832" tlh="5304936" />
  <largest-consumer threadName="Thread-3" threadId="000000000173B200" bytes="2371896" />
</allocation-stats>
<gc-op id="1475" type="scavenge" timems="0.961" contextid="1472" timestamp="2019-07-02T19:17:52.858">
  <scavenger-info tenureage="1" tenuremask="7ffe" tiltratio="83" />
  <memory-copied type="nursery" objects="1485" bytes="644216" bytesdiscarded="48096" />
  <memory-copied type="tenure" objects="703" bytes="354272" bytesdiscarded="3608" />
</gc-op>
<gc-end id="1476" type="scavenge" contextid="1472" durationms="1.318" usertimems="0.000" systemtimems="0.000" timestamp="2019-07-02T19:17:52.858" activeThreads="4">
  <mem-info id="1477" free="8820000" total="14876672" percent="59">
    <mem type="nursery" free="5926768" total="7864320" percent="75">
      <mem type="allocate" free="5926768" total="6619136" percent="89" />
      <mem type="survivor" free="0" total="1245184" percent="0" />
    </mem>
    <mem type="tenure" free="2893232" total="7012352" percent="41">
      <mem type="soa" free="2604664" total="6662144" percent="39" />
      <mem type="loa" free="288568" total="350208" percent="82" />
    </mem>
    <remembered-set count="120" />
  </mem-info>
</gc-end>
<cycle-end id="1478" type="scavenge" contextid="1472" timestamp="2019-07-02T19:17:52.858">
  <attribute name="GC Util" value="2" />
  <attribute name="CPU Util" value="442555810366" />
  <attribute name="Time Running"value="3618"/>
  <attribute name="Number of cores"value="4"/>
</cycle-end>
<allocation-satisfied id="1479" threadId="000000000173B200" bytesRequested="16392" />
<af-end id="1480" timestamp="2019-07-02T19:17:52.858" threadId="000000000173BB88" success="true" from="nursery"/>
<exclusive-end id="1481" timestamp="2019-07-02T19:17:52.858" durationms="1.799" />

<exclusive-start id="1482" timestamp="2019-07-02T19:17:52.905" intervalms="48.171">
  <response-info timems="0.034" idlems="0.034" threads="0" lastid="000000000173B200" lastname="Thread-3" />
</exclusive-start>
<af-start id="1483" threadId="000000000173BB88" totalBytesRequested="32776" timestamp="2019-07-02T19:17:52.905" intervalms="48.172" type="nursery" />
<cycle-start id="1484" type="scavenge" contextid="0" timestamp="2019-07-02T19:17:52.905" intervalms="48.175" />
  <attribute name="GC Util" value="2" />
  <attribute name="CPU Util" value="442555810366" />
  <attribute name="Time Running"value="3618"/>
  <attribute name="Number of cores"value="4"/>
<gc-start id="1485" type="scavenge" contextid="1484" timestamp="2019-07-02T19:17:52.905">
  <mem-info id="1486" free="2893232" total="14876672" percent="19">
    <mem type="nursery" free="0" total="7864320" percent="0">
      <mem type="allocate" free="0" total="6619136" percent="0" />
      <mem type="survivor" free="0" total="1245184" percent="0" />
    </mem>
    <mem type="tenure" free="2893232" total="7012352" percent="41">
      <mem type="soa" free="2604664" total="6662144" percent="39" />
      <mem type="loa" free="288568" total="350208" percent="82" />
    </mem>
    <remembered-set count="355" />
  </mem-info>
</gc-start>
<allocation-stats totalBytes="5916912" >
  <allocated-bytes non-tlh="81944" tlh="5834968" />
  <largest-consumer threadName="Thread-3" threadId="000000000173B200" bytes="2143968" />
</allocation-stats>
<gc-op id="1487" type="scavenge" timems="0.616" contextid="1484" timestamp="2019-07-02T19:17:52.906">
  <scavenger-info tenureage="2" tenuremask="7ffc" tiltratio="84" />
  <memory-copied type="nursery" objects="2744" bytes="1141128" bytesdiscarded="103968" />
</gc-op>
<gc-end id="1488" type="scavenge" contextid="1484" durationms="0.971" usertimems="0.000" systemtimems="4.000" timestamp="2019-07-02T19:17:52.906" activeThreads="4">
  <mem-info id="1489" free="7808432" total="14876672" percent="52">
    <mem type="nursery" free="4915200" total="7864320" percent="62">
      <mem type="allocate" free="4915200" total="6160384" percent="79" />
      <mem type="survivor" free="0" total="1703936" percent="0" />
    </mem>
    <mem type="tenure" free="2893232" total="7012352" percent="41">
      <mem type="soa" free="2604664" total="6662144" percent="39" />
      <mem type="loa" free="288568" total="350208" percent="82" />
    </mem>
    <remembered-set count="136" />
  </mem-info>
</gc-end>
<cycle-end id="1490" type="scavenge" contextid="1484" timestamp="2019-07-02T19:17:52.906">
  <attribute name="GC Util" value="3" />
  <attribute name="CPU Util" value="382891776604" />
  <attribute name="Time Running"value="3666"/>
  <attribute name="Number of cores"value="4"/>
</cycle-end>
<allocation-satisfied id="1491" threadId="000000000173B200" bytesRequested="32776" />
<af-end id="1492" timestamp="2019-07-02T19:17:52.906" threadId="000000000173BB88" success="true" from="nursery"/>
<exclusive-end id="1493" timestamp="2019-07-02T19:17:52.906" durationms="1.389" />

<exclusive-start id="1494" timestamp="2019-07-02T19:17:52.941" intervalms="36.568">
  <response-info timems="0.042" idlems="0.042" threads="0" lastid="000000000173EE00" lastname="Thread-4" />
</exclusive-start>
<af-start id="1495" threadId="000000000173F788" totalBytesRequested="16392" timestamp="2019-07-02T19:17:52.941" intervalms="36.570" type="nursery" />
<cycle-start id="1496" type="scavenge" contextid="0" timestamp="2019-07-02T19:17:52.942" intervalms="36.566" />
  <attribute name="GC Util" value="3" />
  <attribute name="CPU Util" value="382891776604" />
  <attribute name="Time Running"value="3666"/>
  <attribute name="Number of cores"value="4"/>
<gc-start id="1497" type="scavenge" contextid="1496" timestamp="2019-07-02T19:17:52.942">
  <mem-info id="1498" free="2893232" total="14876672" percent="19">
    <mem type="nursery" free="0" total="7864320" percent="0">
      <mem type="allocate" free="0" total="6160384" percent="0" />
      <mem type="survivor" free="0" total="1703936" percent="0" />
    </mem>
    <mem type="tenure" free="2893232" total="7012352" percent="41">
      <mem type="soa" free="2604664" total="6662144" percent="39" />
      <mem type="loa" free="288568" total="350208" percent="82" />
    </mem>
    <remembered-set count="334" />
  </mem-info>
</gc-start>
<allocation-stats totalBytes="4877152" >
  <allocated-bytes non-tlh="65552" tlh="4811600" />
  <largest-consumer threadName="Thread-3" threadId="000000000173B200" bytes="1596776" />
</allocation-stats>
<gc-op id="1499" type="scavenge" timems="0.360" contextid="1496" timestamp="2019-07-02T19:17:52.942">
  <scavenger-info tenureage="2" tenuremask="7ffc" tiltratio="78" />
  <memory-copied type="nursery" objects="2129" bytes="866920" bytesdiscarded="143608" />
  <memory-copied type="tenure" objects="43" bytes="37936" bytesdiscarded="288" />
</gc-op>
<gc-end id="1500" type="scavenge" contextid="1496" durationms="0.547" usertimems="0.000" systemtimems="0.000" timestamp="2019-07-02T19:17:52.942" activeThreads="4">
  <mem-info id="1501" free="8070104" total="14876672" percent="54">
    <mem type="nursery" free="5215320" total="7864320" percent="66">
      <mem type="allocate" free="5215320" total="6225920" percent="83" />
      <mem type="survivor" free="0" total="1638400" percent="0" />
    </mem>
    <mem type="tenure" free="2854784" total="7012352" percent="40">
      <mem type="soa" free="2566216" total="6662144" percent="38" />
      <mem type="loa" free="288568" total="350208" percent="82" />
    </mem>
    <remembered-set count="109" />
  </mem-info>
</gc-end>
<cycle-end id="1502" type="scavenge" contextid="1496" timestamp="2019-07-02T19:17:52.942">
  <attribute name="GC Util" value="4" />
  <attribute name="CPU Util" value="504603729800" />
  <attribute name="Time Running"value="3703"/>
  <attribute name="Number of cores"value="4"/>
</cycle-end>
<allocation-satisfied id="1503" threadId="000000000173EE00" bytesRequested="16392" />
<af-end id="1504" timestamp="2019-07-02T19:17:52.942" threadId="000000000173F788" success="true" from="nursery"/>
<exclusive-end id="1505" timestamp="2019-07-02T19:17:52.942" durationms="0.952" />

<exclusive-start id="1506" timestamp="2019-07-02T19:17:52.975" intervalms="34.108">
  <response-info timems="0.047" idlems="0.047" threads="0" lastid="0000000001742A00" lastname="Thread-5" />
</exclusive-start>
<af-start id="1507" threadId="0000000001743388" totalBytesRequested="16392" timestamp="2019-07-02T19:17:52.976" intervalms="34.103" type="nursery" />
<cycle-start id="1508" type="scavenge" contextid="0" timestamp="2019-07-02T19:17:52.976" intervalms="34.103" />
  <attribute name="GC Util" value="4" />
  <attribute name="CPU Util" value="504603729800" />
  <attribute name="Time Running"value="3703"/>
  <attribute name="Number of cores"value="4"/>
<gc-start id="1509" type="scavenge" contextid="1508" timestamp="2019-07-02T19:17:52.976">
  <mem-info id="1510" free="2854784" total="14876672" percent="19">
    <mem type="nursery" free="0" total="7864320" percent="0">
      <mem type="allocate" free="0" total="6225920" percent="0" />
      <mem type="survivor" free="0" total="1638400" percent="0" />
    </mem>
    <mem type="tenure" free="2854784" total="7012352" percent="40">
      <mem type="soa" free="2566216" total="6662144" percent="38" />
      <mem type="loa" free="288568" total="350208" percent="82" />
    </mem>
    <remembered-set count="324" />
  </mem-info>
</gc-start>
<allocation-stats totalBytes="5197888" >
  <allocated-bytes non-tlh="49168" tlh="5148720" />
  <largest-consumer threadName="Thread-4" threadId="000000000173EE00" bytes="2064680" />
</allocation-stats>
<gc-op id="1511" type="scavenge" timems="0.430" contextid="1508" timestamp="2019-07-02T19:17:52.976">
  <scavenger-info tenureage="2" tenuremask="7ffc" tiltratio="79" />
  <memory-copied type="nursery" objects="1953" bytes="832872" bytesdiscarded="346344" />
  <memory-copied type="tenure" objects="64" bytes="38936" bytesdiscarded="120" />
  <references type="weak" candidates="1" cleared="0" enqueued="0" />
  <references type="phantom" candidates="1" cleared="0" enqueued="0" />
</gc-op>
<gc-end id="1512" type="scavenge" contextid="1508" durationms="0.611" usertimems="0.000" systemtimems="0.000" timestamp="2019-07-02T19:17:52.976" activeThreads="4">
  <mem-info id="1513" free="7968448" total="14876672" percent="53">
    <mem type="nursery" free="5177720" total="7864320" percent="65">
      <mem type="allocate" free="5177720" total="6356992" percent="81" />
      <mem type="survivor" free="0" total="1507328" percent="0" />
    </mem>
    <mem type="tenure" free="2790728" total="7012352" percent="39">
      <mem type="soa" free="2502160" total="6662144" percent="37" />
      <mem type="loa" free="288568" total="350208" percent="82" />
    </mem>
    <remembered-set count="102" />
  </mem-info>
</gc-end>
<cycle-end id="1514" type="scavenge" contextid="1508" timestamp="2019-07-02T19:17:52.976">
  <attribute name="GC Util" value="2" />
  <attribute name="CPU Util" value="540927733053" />
  <attribute name="Time Running"value="3737"/>
  <attribute name="Number of cores"value="4"/>
</cycle-end>
<allocation-satisfied id="1515" threadId="0000000001742A00" bytesRequested="16392" />
<af-end id="1516" timestamp="2019-07-02T19:17:52.976" threadId="0000000001743388" success="true" from="nursery"/>
<exclusive-end id="1517" timestamp="2019-07-02T19:17:52.977" durationms="1.021" />

<exclusive-start id="1518" timestamp="2019-07-02T19:17:53.019" intervalms="43.576">
  <response-info timems="0.031" idlems="0.016" threads="1" lastid="0000000001746500" lastname="Thread-6" />
</exclusive-start>
<af-start id="1519" threadId="000000000173BB88" totalBytesRequested="16392" timestamp="2019-07-02T19:17:53.019" intervalms="43.582" type="nursery" />
<cycle-start id="1520" type="scavenge" contextid="0" timestamp="2019-07-02T19:17:53.019" intervalms="43.586" />
  <attribute name="GC Util" value="2" />
  <attribute name="CPU Util" value="540927733053" />
  <attribute name="Time Running"value="3737"/>
  <attribute name="Number of cores"value="4"/>
<gc-start id="1521" type="scavenge" contextid="1520" timestamp="2019-07-02T19:17:53.019">
  <mem-info id="1522" free="2790728" total="14876672" percent="18">
    <mem type="nursery" free="0" total="7864320" percent="0">
      <mem type="allocate" free="0" total="6356992" percent="0" />
      <mem type="survivor" free="0" total="1507328" percent="0" />
    </mem>
    <mem type="tenure" free="2790728" total="7012352" percent="39">
      <mem type="soa" free="2502160" total="6662144" percent="37" />
      <mem type="loa" free="288568" total="350208" percent="82" />
    </mem>
    <remembered-set count="304" />
  </mem-info>
</gc-start>
<allocation-stats totalBytes="5139440" >
  <allocated-bytes non-tlh="16392" tlh="5123048" />
  <largest-consumer threadName="Thread-4" threadId="000000000173EE00" bytes="1965160" />
</allocation-stats>
<gc-op id="1523" type="scavenge" timems="0.939" contextid="1520" timestamp="2019-07-02T19:17:53.020">
  <scavenger-info tenureage="2" tenuremask="7ffc" tiltratio="80" />
  <memory-copied type="nursery" objects="2440" bytes="944960" bytesdiscarded="31776" />
  <references type="weak" candidates="1" cleared="0" enqueued="0" />
  <references type="phantom" candidates="2" cleared="0" enqueued="0" />
</gc-op>
<gc-end id="1524" type="scavenge" contextid="1520" durationms="1.298" usertimems="4.000" systemtimems="0.000" timestamp="2019-07-02T19:17:53.021" activeThreads="4">
  <mem-info id="1525" free="8236448" total="14876672" percent="55">
    <mem type="nursery" free="5445720" total="7864320" percent="69">
      <mem type="allocate" free="5445720" total="6422528" percent="84" />
      <mem type="survivor" free="0" total="1441792" percent="0" />
    </mem>
    <mem type="tenure" free="2790728" total="7012352" percent="39">
      <mem type="soa" free="2502160" total="6662144" percent="37" />
      <mem type="loa" free="288568" total="350208" percent="82" />
    </mem>
    <remembered-set count="104" />
  </mem-info>
</gc-end>
<cycle-end id="1526" type="scavenge" contextid="1520" timestamp="2019-07-02T19:17:53.021">
  <attribute name="GC Util" value="2" />
  <attribute name="CPU Util" value="423099319899" />
  <attribute name="Time Running"value="3780"/>
  <attribute name="Number of cores"value="4"/>
</cycle-end>
<allocation-satisfied id="1527" threadId="000000000173B200" bytesRequested="16392" />
<af-end id="1528" timestamp="2019-07-02T19:17:53.021" threadId="000000000173BB88" success="true" from="nursery"/>
<exclusive-end id="1529" timestamp="2019-07-02T19:17:53.021" durationms="1.729" />

<exclusive-start id="1530" timestamp="2019-07-02T19:17:53.060" intervalms="40.668">
  <response-info timems="0.034" idlems="0.034" threads="0" lastid="000000000173B200" lastname="Thread-3" />
</exclusive-start>
<af-start id="1531" threadId="000000000173BB88" totalBytesRequested="16392" timestamp="2019-07-02T19:17:53.060" intervalms="40.663" type="nursery" />
<cycle-start id="1532" type="scavenge" contextid="0" timestamp="2019-07-02T19:17:53.060" intervalms="40.660" />
  <attribute name="GC Util" value="2" />
  <attribute name="CPU Util" value="423099319899" />
  <attribute name="Time Running"value="3780"/>
  <attribute name="Number of cores"value="4"/>
<gc-start id="1533" type="scavenge" contextid="1532" timestamp="2019-07-02T19:17:53.060">
  <mem-info id="1534" free="2790728" total="14876672" percent="18">
    <mem type="nursery" free="0" total="7864320" percent="0">
      <mem type="allocate" free="0" total="6422528" percent="0" />
      <mem type="survivor" free="0" total="1441792" percent="0" />
    </mem>
    <mem type="tenure" free="2790728" total="7012352" percent="39">
      <mem type="soa" free="2502160" total="6662144" percent="37" />
      <mem type="loa" free="288568" total="350208" percent="82" />
    </mem>
    <remembered-set count="308" />
  </mem-info>
</gc-start>
<allocation-stats totalBytes="5424840" >
  <allocated-bytes non-tlh="16392" tlh="5408448" />
  <largest-consumer threadName="Thread-3" threadId="000000000173B200" bytes="2048336" />
</allocation-stats>
<gc-op id="1535" type="scavenge" timems="0.662" contextid="1532" timestamp="2019-07-02T19:17:53.061">
  <scavenger-info tenureage="2" tenuremask="7ffc" tiltratio="81" />
  <memory-copied type="nursery" objects="1518" bytes="648040" bytesdiscarded="4784" />
  <memory-copied type="tenure" objects="4" bytes="144" bytesdiscarded="0" />
</gc-op>
<gc-end id="1536" type="scavenge" contextid="1532" durationms="1.017" usertimems="0.000" systemtimems="4.000" timestamp="2019-07-02T19:17:53.061" activeThreads="4">
  <mem-info id="1537" free="8624824" total="14876672" percent="57">
    <mem type="nursery" free="5835184" total="7864320" percent="74">
      <mem type="allocate" free="5835184" total="6488064" percent="89" />
      <mem type="survivor" free="0" total="1376256" percent="0" />
    </mem>
    <mem type="tenure" free="2789640" total="7012352" percent="39">
      <mem type="soa" free="2501072" total="6662144" percent="37" />
      <mem type="loa" free="288568" total="350208" percent="82" />
    </mem>
    <remembered-set count="100" />
  </mem-info>
</gc-end>
<cycle-end id="1538" type="scavenge" contextid="1532" timestamp="2019-07-02T19:17:53.061">
  <attribute name="GC Util" value="4" />
  <attribute name="CPU Util" value="453834321080" />
  <attribute name="Time Running"value="3821"/>
  <attribute name="Number of cores"value="4"/>
</cycle-end>
<allocation-satisfied id="1539" threadId="000000000173B200" bytesRequested="16392" />
<af-end id="1540" timestamp="2019-07-02T19:17:53.061" threadId="000000000173BB88" success="true" from="nursery"/>
<exclusive-end id="1541" timestamp="2019-07-02T19:17:53.061" durationms="1.431" />

<exclusive-start id="1542" timestamp="2019-07-02T19:17:53.104" intervalms="43.941">
  <response-info timems="0.083" idlems="0.083" threads="0" lastid="0000000001746500" lastname="Thread-6" />
</exclusive-start>
<af-start id="1543" threadId="0000000001746E88" totalBytesRequested="32776" timestamp="2019-07-02T19:17:53.104" intervalms="43.928" type="nursery" />
<cycle-start id="1544" type="scavenge" contextid="0" timestamp="2019-07-02T19:17:53.104" intervalms="43.915" />
  <attribute name="GC Util" value="4" />
  <attribute name="CPU Util" value="453834321080" />
  <attribute name="Time Running"value="3821"/>
  <attribute name="Number of cores"value="4"/>
<gc-start id="1545" type="scavenge" contextid="1544" timestamp="2019-07-02T19:17:53.104">
  <mem-info id="1546" free="2789640" total="14876672" percent="18">
    <mem type="nursery" free="0" total="7864320" percent="0">
      <mem type="allocate" free="0" total="6488064" percent="0" />
      <mem type="survivor" free="0" total="1376256" percent="0" />
    </mem>
    <mem type="tenure" free="2789640" total="7012352" percent="39">
      <mem type="soa" free="2501072" total="6662144" percent="37" />
      <mem type="loa" free="288568" total="350208" percent="82" />
    </mem>
    <remembered-set count="319" />
  </mem-info>
</gc-start>
<allocation-stats totalBytes="5785848" >
  <allocated-bytes non-tlh="16392" tlh="5769456" />
  <largest-consumer threadName="Thread-3" threadId="000000000173B200" bytes="2163800" />
</allocation-stats>
<gc-op id="1547" type="scavenge" timems="2.733" contextid="1544" timestamp="2019-07-02T19:17:53.107">
  <scavenger-info tenureage="3" tenuremask="7ff8" tiltratio="82" />
  <memory-copied type="nursery" objects="2583" bytes="1030224" bytesdiscarded="108064" />
</gc-op>
<gc-end id="1548" type="scavenge" contextid="1544" durationms="2.898" usertimems="4.000" systemtimems="0.000" timestamp="2019-07-02T19:17:53.107" activeThreads="4">
  <mem-info id="1549" free="8008272" total="14876672" percent="53">
    <mem type="nursery" free="5218632" total="7864320" percent="66">
      <mem type="allocate" free="5218632" total="6356992" percent="82" />
      <mem type="survivor" free="0" total="1507328" percent="0" />
    </mem>
    <mem type="tenure" free="2789640" total="7012352" percent="39">
      <mem type="soa" free="2501072" total="6662144" percent="37" />
      <mem type="loa" free="288568" total="350208" percent="82" />
    </mem>
    <remembered-set count="101" />
  </mem-info>
</gc-end>
<cycle-end id="1550" type="scavenge" contextid="1544" timestamp="2019-07-02T19:17:53.107">
  <attribute name="GC Util" value="3" />
  <attribute name="CPU Util" value="420392743852" />
  <attribute name="Time Running"value="3865"/>
  <attribute name="Number of cores"value="4"/>
</cycle-end>
<allocation-satisfied id="1551" threadId="0000000001746500" bytesRequested="32776" />
<af-end id="1552" timestamp="2019-07-02T19:17:53.107" threadId="0000000001746E88" success="true" from="nursery"/>
<exclusive-end id="1553" timestamp="2019-07-02T19:17:53.107" durationms="3.467" />

<exclusive-start id="1554" timestamp="2019-07-02T19:17:53.145" intervalms="40.894">
  <response-info timems="0.025" idlems="0.025" threads="0" lastid="000000000173B200" lastname="Thread-3" />
</exclusive-start>
<af-start id="1555" threadId="000000000173BB88" totalBytesRequested="296" timestamp="2019-07-02T19:17:53.145" intervalms="40.916" type="nursery" />
<cycle-start id="1556" type="scavenge" contextid="0" timestamp="2019-07-02T19:17:53.145" intervalms="40.929" />
  <attribute name="GC Util" value="3" />
  <attribute name="CPU Util" value="420392743852" />
  <attribute name="Time Running"value="3865"/>
  <attribute name="Number of cores"value="4"/>
<gc-start id="1557" type="scavenge" contextid="1556" timestamp="2019-07-02T19:17:53.145">
  <mem-info id="1558" free="2789640" total="14876672" percent="18">
    <mem type="nursery" free="0" total="7864320" percent="0">
      <mem type="allocate" free="0" total="6356992" percent="0" />
      <mem type="survivor" free="0" total="1507328" percent="0" />
    </mem>
    <mem type="tenure" free="2789640" total="7012352" percent="39">
      <mem type="soa" free="2501072" total="6662144" percent="37" />
      <mem type="loa" free="288568" total="350208" percent="82" />
    </mem>
    <remembered-set count="305" />
  </mem-info>
</gc-start>
<allocation-stats totalBytes="5201432" >
  <allocated-bytes non-tlh="32776" tlh="5168656" />
  <largest-consumer threadName="Thread-4" threadId="000000000173EE00" bytes="2111104" />
</allocation-stats>
<gc-op id="1559" type="scavenge" timems="0.770" contextid="1556" timestamp="2019-07-02T19:17:53.146">
  <scavenger-info tenureage="3" tenuremask="7ff8" tiltratio="80" />
  <memory-copied type="nursery" objects="2589" bytes="1036776" bytesdiscarded="151288" />
  <memory-copied type="tenure" objects="4" bytes="144" bytesdiscarded="0" />
  <references type="phantom" candidates="1" cleared="0" enqueued="0" />
</gc-op>
<gc-end id="1560" type="scavenge" contextid="1556" durationms="1.126" usertimems="4.000" systemtimems="0.000" timestamp="2019-07-02T19:17:53.146" activeThreads="4">
  <mem-info id="1561" free="8220640" total="14876672" percent="55">
    <mem type="nursery" free="5431000" total="7864320" percent="69">
      <mem type="allocate" free="5431000" total="6619136" percent="82" />
      <mem type="survivor" free="0" total="1245184" percent="0" />
    </mem>
    <mem type="tenure" free="2789640" total="7012352" percent="39">
      <mem type="soa" free="2501072" total="6662144" percent="37" />
      <mem type="loa" free="288568" total="350208" percent="82" />
    </mem>
    <remembered-set count="107" />
  </mem-info>
</gc-end>
<cycle-end id="1562" type="scavenge" contextid="1556" timestamp="2019-07-02T19:17:53.146">
  <attribute name="GC Util" value="10" />
  <attribute name="CPU Util" value="450247433427" />
  <attribute name="Time Running"value="3906"/>
  <attribute name="Number of cores"value="4"/>
</cycle-end>
<allocation-satisfied id="1563" threadId="000000000173B200" bytesRequested="296" />
<af-end id="1564" timestamp="2019-07-02T19:17:53.146" threadId="000000000173BB88" success="true" from="nursery"/>
<exclusive-end id="1565" timestamp="2019-07-02T19:17:53.146" durationms="1.595" />

<exclusive-start id="1566" timestamp="2019-07-02T19:17:53.185" intervalms="40.636">
  <response-info timems="0.036" idlems="0.036" threads="0" lastid="000000000173EE00" lastname="Thread-4" />
</exclusive-start>
<af-start id="1567" threadId="000000000173F788" totalBytesRequested="48" timestamp="2019-07-02T19:17:53.185" intervalms="40.625" type="nursery" />
<cycle-start id="1568" type="scavenge" contextid="0" timestamp="2019-07-02T19:17:53.185" intervalms="40.626" />
  <attribute name="GC Util" value="10" />
  <attribute name="CPU Util" value="450247433427" />
  <attribute name="Time Running"value="3906"/>
  <attribute name="Number of cores"value="4"/>
<gc-start id="1569" type="scavenge" contextid="1568" timestamp="2019-07-02T19:17:53.185">
  <mem-info id="1570" free="2789640" total="14876672" percent="18">
    <mem type="nursery" free="0" total="7864320" percent="0">
      <mem type="allocate" free="0" total="6619136" percent="0" />
      <mem type="survivor" free="0" total="1245184" percent="0" />
    </mem>
    <mem type="tenure" free="2789640" total="7012352" percent="39">
      <mem type="soa" free="2501072" total="6662144" percent="37" />
      <mem type="loa" free="288568" total="350208" percent="82" />
    </mem>
    <remembered-set count="309" />
  </mem-info>
</gc-start>
<allocation-stats totalBytes="5375944" >
  <allocated-bytes non-tlh="296" tlh="5375648" />
  <largest-consumer threadName="Thread-5" threadId="0000000001742A00" bytes="2238208" />
</allocation-stats>
<gc-op id="1571" type="scavenge" timems="0.368" contextid="1568" timestamp="2019-07-02T19:17:53.186">
  <scavenger-info tenureage="3" tenuremask="7ff8" tiltratio="84" />
  <memory-copied type="nursery" objects="2053" bytes="898872" bytesdiscarded="52056" />
</gc-op>
<gc-end id="1572" type="scavenge" contextid="1568" durationms="0.556" usertimems="0.000" systemtimems="0.000" timestamp="2019-07-02T19:17:53.186" activeThreads="4">
  <mem-info id="1573" free="8457776" total="14876672" percent="56">
    <mem type="nursery" free="5668136" total="7864320" percent="72">
      <mem type="allocate" free="5668136" total="6619136" percent="85" />
      <mem type="survivor" free="0" total="1245184" percent="0" />
    </mem>
    <mem type="tenure" free="2789640" total="7012352" percent="39">
      <mem type="soa" free="2501072" total="6662144" percent="37" />
      <mem type="loa" free="288568" total="350208" percent="82" />
    </mem>
    <remembered-set count="104" />
  </mem-info>
</gc-end>
<cycle-end id="1574" type="scavenge" contextid="1568" timestamp="2019-07-02T19:17:53.186">
  <attribute name="GC Util" value="3" />
  <attribute name="CPU Util" value="454092578962" />
  <attribute name="Time Running"value="3946"/>
  <attribute name="Number of cores"value="4"/>
</cycle-end>
<allocation-satisfied id="1575" threadId="000000000173EE00" bytesRequested="48" />
<af-end id="1576" timestamp="2019-07-02T19:17:53.186" threadId="000000000173F788" success="true" from="nursery"/>
<exclusive-end id="1577" timestamp="2019-07-02T19:17:53.186" durationms="0.955" />

<exclusive-start id="1578" timestamp="2019-07-02T19:17:53.229" intervalms="44.071">
  <response-info timems="0.045" idlems="0.045" threads="0" lastid="0000000001742A00" lastname="Thread-5" />
</exclusive-start>
<af-start id="1579" threadId="0000000001743388" totalBytesRequested="48" timestamp="2019-07-02T19:17:53.229" intervalms="44.079" type="nursery" />
<cycle-start id="1580" type="scavenge" contextid="0" timestamp="2019-07-02T19:17:53.229" intervalms="44.081" />
  <attribute name="GC Util" value="3" />
  <attribute name="CPU Util" value="454092578962" />
  <attribute name="Time Running"value="3946"/>
  <attribute name="Number of cores"value="4"/>
<gc-start id="1581" type="scavenge" contextid="1580" timestamp="2019-07-02T19:17:53.229">
  <mem-info id="1582" free="2789640" total="14876672" percent="18">
    <mem type="nursery" free="0" total="7864320" percent="0">
      <mem type="allocate" free="0" total="6619136" percent="0" />
      <mem type="survivor" free="0" total="1245184" percent="0" />
    </mem>
    <mem type="tenure" free="2789640" total="7012352" percent="39">
      <mem type="soa" free="2501072" total="6662144" percent="37" />
      <mem type="loa" free="288568" total="350208" percent="82" />
    </mem>
    <remembered-set count="306" />
  </mem-info>
</gc-start>
<allocation-stats totalBytes="5645048" >
  <allocated-bytes non-tlh="48" tlh="5645000" />
  <largest-consumer threadName="Thread-4" threadId="000000000173EE00" bytes="1526752" />
</allocation-stats>
<gc-op id="1583" type="scavenge" timems="0.323" contextid="1580" timestamp="2019-07-02T19:17:53.230">
  <scavenger-info tenureage="3" tenuremask="7ff8" tiltratio="84" />
  <memory-copied type="nursery" objects="2122" bytes="882528" bytesdiscarded="133352" />
  <memory-copied type="tenure" objects="4" bytes="144" bytesdiscarded="0" />
</gc-op>
<gc-end id="1584" type="scavenge" contextid="1580" durationms="0.506" usertimems="0.000" systemtimems="4.000" timestamp="2019-07-02T19:17:53.230" activeThreads="4">
  <mem-info id="1585" free="8458360" total="14876672" percent="56">
    <mem type="nursery" free="5668720" total="7864320" percent="72">
      <mem type="allocate" free="5668720" total="6684672" percent="84" />
      <mem type="survivor" free="0" total="1179648" percent="0" />
    </mem>
    <mem type="tenure" free="2789640" total="7012352" percent="39">
      <mem type="soa" free="2501072" total="6662144" percent="37" />
      <mem type="loa" free="288568" total="350208" percent="82" />
    </mem>
    <remembered-set count="99" />
  </mem-info>
</gc-end>
<cycle-end id="1586" type="scavenge" contextid="1580" timestamp="2019-07-02T19:17:53.230">
  <attribute name="GC Util" value="2" />
  <attribute name="CPU Util" value="418351952538" />
  <attribute name="Time Running"value="3991"/>
  <attribute name="Number of cores"value="4"/>
</cycle-end>
<allocation-satisfied id="1587" threadId="0000000001742A00" bytesRequested="48" />
<af-end id="1588" timestamp="2019-07-02T19:17:53.230" threadId="0000000001743388" success="true" from="nursery"/>
<exclusive-end id="1589" timestamp="2019-07-02T19:17:53.230" durationms="0.927" />

<exclusive-start id="1590" timestamp="2019-07-02T19:17:53.273" intervalms="43.813">
  <response-info timems="0.038" idlems="0.038" threads="0" lastid="000000000173B200" lastname="Thread-3" />
</exclusive-start>
<af-start id="1591" threadId="000000000173BB88" totalBytesRequested="16392" timestamp="2019-07-02T19:17:53.273" intervalms="43.819" type="nursery" />
<cycle-start id="1592" type="scavenge" contextid="0" timestamp="2019-07-02T19:17:53.273" intervalms="43.821" />
  <attribute name="GC Util" value="2" />
  <attribute name="CPU Util" value="418351952538" />
  <attribute name="Time Running"value="3991"/>
  <attribute name="Number of cores"value="4"/>
<gc-start id="1593" type="scavenge" contextid="1592" timestamp="2019-07-02T19:17:53.273">
  <mem-info id="1594" free="2789640" total="14876672" percent="18">
    <mem type="nursery" free="0" total="7864320" percent="0">
      <mem type="allocate" free="0" total="6684672" percent="0" />
      <mem type="survivor" free="0" total="1179648" percent="0" />
    </mem>
    <mem type="tenure" free="2789640" total="7012352" percent="39">
      <mem type="soa" free="2501072" total="6662144" percent="37" />
      <mem type="loa" free="288568" total="350208" percent="82" />
    </mem>
    <remembered-set count="307" />
  </mem-info>
</gc-start>
<allocation-stats totalBytes="5609936" >
  <allocated-bytes non-tlh="48" tlh="5609888" />
  <largest-consumer threadName="Thread-4" threadId="000000000173EE00" bytes="2378144" />
</allocation-stats>
<gc-op id="1595" type="scavenge" timems="1.078" contextid="1592" timestamp="2019-07-02T19:17:53.274">
  <scavenger-info tenureage="3" tenuremask="7ff8" tiltratio="85" />
  <memory-copied type="nursery" objects="1780" bytes="730072" bytesdiscarded="91808" />
</gc-op>
<gc-end id="1596" type="scavenge" contextid="1592" durationms="1.457" usertimems="0.000" systemtimems="0.000" timestamp="2019-07-02T19:17:53.275" activeThreads="4">
  <mem-info id="1597" free="8717912" total="14876672" percent="58">
    <mem type="nursery" free="5928272" total="7864320" percent="75">
      <mem type="allocate" free="5928272" total="6750208" percent="87" />
      <mem type="survivor" free="0" total="1114112" percent="0" />
    </mem>
    <mem type="tenure" free="2789640" total="7012352" percent="39">
      <mem type="soa" free="2501072" total="6662144" percent="37" />
      <mem type="loa" free="288568" total="350208" percent="82" />
    </mem>
    <remembered-set count="100" />
  </mem-info>
</gc-end>
<cycle-end id="1598" type="scavenge" contextid="1592" timestamp="2019-07-02T19:17:53.275">
  <attribute name="GC Util" value="2" />
  <attribute name="CPU Util" value="420939017597" />
  <attribute name="Time Running"value="4034"/>
  <attribute name="Number of cores"value="4"/>
</cycle-end>
<allocation-satisfied id="1599" threadId="000000000173B200" bytesRequested="16392" />
<af-end id="1600" timestamp="2019-07-02T19:17:53.275" threadId="000000000173BB88" success="true" from="nursery"/>
<exclusive-end id="1601" timestamp="2019-07-02T19:17:53.275" durationms="2.206" />

<exclusive-start id="1602" timestamp="2019-07-02T19:17:53.330" intervalms="56.415">
  <response-info timems="0.043" idlems="0.043" threads="0" lastid="0000000001742A00" lastname="Thread-5" />
</exclusive-start>
<af-start id="1603" threadId="0000000001743388" totalBytesRequested="16392" timestamp="2019-07-02T19:17:53.330" intervalms="56.420" type="nursery" />
<cycle-start id="1604" type="scavenge" contextid="0" timestamp="2019-07-02T19:17:53.330" intervalms="56.417" />
  <attribute name="GC Util" value="2" />
  <attribute name="CPU Util" value="420939017597" />
  <attribute name="Time Running"value="4034"/>
  <attribute name="Number of cores"value="4"/>
<gc-start id="1605" type="scavenge" contextid="1604" timestamp="2019-07-02T19:17:53.330">
  <mem-info id="1606" free="2789640" total="14876672" percent="18">
    <mem type="nursery" free="0" total="7864320" percent="0">
      <mem type="allocate" free="0" total="6750208" percent="0" />
      <mem type="survivor" free="0" total="1114112" percent="0" />
    </mem>
    <mem type="tenure" free="2789640" total="7012352" percent="39">
      <mem type="soa" free="2501072" total="6662144" percent="37" />
      <mem type="loa" free="288568" total="350208" percent="82" />
    </mem>
    <remembered-set count="310" />
  </mem-info>
</gc-start>
<allocation-stats totalBytes="5880752" >
  <allocated-bytes non-tlh="49168" tlh="5831584" />
  <largest-consumer threadName="Thread-5" threadId="0000000001742A00" bytes="1922544" />
</allocation-stats>
<gc-op id="1607" type="scavenge" timems="0.374" contextid="1604" timestamp="2019-07-02T19:17:53.330">
  <scavenger-info tenureage="3" tenuremask="7ff8" tiltratio="85" />
  <memory-copied type="nursery" objects="2195" bytes="862304" bytesdiscarded="251744" />
</gc-op>
<gc-end id="1608" type="scavenge" contextid="1604" durationms="0.583" usertimems="0.000" systemtimems="0.000" timestamp="2019-07-02T19:17:53.330" activeThreads="4">
  <mem-info id="1609" free="8425736" total="14876672" percent="56">
    <mem type="nursery" free="5636096" total="7864320" percent="71">
      <mem type="allocate" free="5636096" total="6750208" percent="83" />
      <mem type="survivor" free="0" total="1114112" percent="0" />
    </mem>
    <mem type="tenure" free="2789640" total="7012352" percent="39">
      <mem type="soa" free="2501072" total="6662144" percent="37" />
      <mem type="loa" free="288568" total="350208" percent="82" />
    </mem>
    <remembered-set count="105" />
  </mem-info>
</gc-end>
<cycle-end id="1610" type="scavenge" contextid="1604" timestamp="2019-07-02T19:17:53.330">
  <attribute name="GC Util" value="3" />
  <attribute name="CPU Util" value="326822101630" />
  <attribute name="Time Running"value="4091"/>
  <attribute name="Number of cores"value="4"/>
</cycle-end>
<allocation-satisfied id="1611" threadId="0000000001742A00" bytesRequested="16392" />
<af-end id="1612" timestamp="2019-07-02T19:17:53.331" threadId="0000000001743388" success="true" from="nursery"/>
<exclusive-end id="1613" timestamp="2019-07-02T19:17:53.331" durationms="1.140" />

<exclusive-start id="1614" timestamp="2019-07-02T19:17:53.370" intervalms="40.354">
  <response-info timems="0.034" idlems="0.034" threads="0" lastid="000000000173EE00" lastname="Thread-4" />
</exclusive-start>
<af-start id="1615" threadId="000000000173F788" totalBytesRequested="16" timestamp="2019-07-02T19:17:53.370" intervalms="40.340" type="nursery" />
<cycle-start id="1616" type="scavenge" contextid="0" timestamp="2019-07-02T19:17:53.370" intervalms="40.337" />
  <attribute name="GC Util" value="3" />
  <attribute name="CPU Util" value="326822101630" />
  <attribute name="Time Running"value="4091"/>
  <attribute name="Number of cores"value="4"/>
<gc-start id="1617" type="scavenge" contextid="1616" timestamp="2019-07-02T19:17:53.370">
  <mem-info id="1618" free="2789640" total="14876672" percent="18">
    <mem type="nursery" free="0" total="7864320" percent="0">
      <mem type="allocate" free="0" total="6750208" percent="0" />
      <mem type="survivor" free="0" total="1114112" percent="0" />
    </mem>
    <mem type="tenure" free="2789640" total="7012352" percent="39">
      <mem type="soa" free="2501072" total="6662144" percent="37" />
      <mem type="loa" free="288568" total="350208" percent="82" />
    </mem>
    <remembered-set count="276" />
  </mem-info>
</gc-start>
<allocation-stats totalBytes="5633712" >
  <allocated-bytes non-tlh="16392" tlh="5617320" />
  <largest-consumer threadName="Thread-5" threadId="0000000001742A00" bytes="2239104" />
</allocation-stats>
<gc-op id="1619" type="scavenge" timems="0.367" contextid="1616" timestamp="2019-07-02T19:17:53.371">
  <scavenger-info tenureage="3" tenuremask="7ff8" tiltratio="85" />
  <memory-copied type="nursery" objects="2663" bytes="1033192" bytesdiscarded="80856" />
  <copy-failed type="nursery" objects="1" bytes="2056" />
</gc-op>
<gc-end id="1620" type="scavenge" contextid="1616" durationms="0.554" usertimems="0.000" systemtimems="4.000" timestamp="2019-07-02T19:17:53.371" activeThreads="4">
  <mem-info id="1621" free="8229128" total="14876672" percent="55">
    <mem type="nursery" free="5439488" total="7864320" percent="69">
      <mem type="allocate" free="5439488" total="6553600" percent="83" />
      <mem type="survivor" free="0" total="1310720" percent="0" />
    </mem>
    <mem type="tenure" free="2789640" total="7012352" percent="39">
      <mem type="soa" free="2501072" total="6662144" percent="37" />
      <mem type="loa" free="288568" total="350208" percent="82" />
    </mem>
    <remembered-set count="109" />
  </mem-info>
</gc-end>
<cycle-end id="1622" type="scavenge" contextid="1616" timestamp="2019-07-02T19:17:53.371">
  <attribute name="GC Util" value="2" />
  <attribute name="CPU Util" value="457704362908" />
  <attribute name="Time Running"value="4131"/>
  <attribute name="Number of cores"value="4"/>
</cycle-end>
<allocation-satisfied id="1623" threadId="000000000173EE00" bytesRequested="16" />
<af-end id="1624" timestamp="2019-07-02T19:17:53.371" threadId="000000000173F788" success="true" from="nursery"/>
<exclusive-end id="1625" timestamp="2019-07-02T19:17:53.371" durationms="0.969" />

<exclusive-start id="1626" timestamp="2019-07-02T19:17:53.405" intervalms="34.939">
  <response-info timems="0.033" idlems="0.033" threads="0" lastid="000000000173B200" lastname="Thread-3" />
</exclusive-start>
<af-start id="1627" threadId="000000000173BB88" totalBytesRequested="48" timestamp="2019-07-02T19:17:53.405" intervalms="34.943" type="nursery" />
<cycle-start id="1628" type="scavenge" contextid="0" timestamp="2019-07-02T19:17:53.405" intervalms="34.948" />
  <attribute name="GC Util" value="2" />
  <attribute name="CPU Util" value="457704362908" />
  <attribute name="Time Running"value="4131"/>
  <attribute name="Number of cores"value="4"/>
<gc-start id="1629" type="scavenge" contextid="1628" timestamp="2019-07-02T19:17:53.405">
  <mem-info id="1630" free="2789640" total="14876672" percent="18">
    <mem type="nursery" free="0" total="7864320" percent="0">
      <mem type="allocate" free="0" total="6553600" percent="0" />
      <mem type="survivor" free="0" total="1310720" percent="0" />
    </mem>
    <mem type="tenure" free="2789640" total="7012352" percent="39">
      <mem type="soa" free="2501072" total="6662144" percent="37" />
      <mem type="loa" free="288568" total="350208" percent="82" />
    </mem>
    <remembered-set count="300" />
  </mem-info>
</gc-start>
<allocation-stats totalBytes="5437888" >
  <allocated-bytes non-tlh="32792" tlh="5405096" />
  <largest-consumer threadName="Thread-4" threadId="000000000173EE00" bytes="2825696" />
</allocation-stats>
<gc-op id="1631" type="scavenge" timems="0.915" contextid="1628" timestamp="2019-07-02T19:17:53.406">
  <scavenger-info tenureage="3" tenuremask="7ff8" tiltratio="83" />
  <memory-copied type="nursery" objects="2479" bytes="1006296" bytesdiscarded="146216" />
  <memory-copied type="tenure" objects="4" bytes="144" bytesdiscarded="656" />
  <references type="phantom" candidates="1" cleared="0" enqueued="0" />
</gc-op>
<gc-end id="1632" type="scavenge" contextid="1628" durationms="1.284" usertimems="0.000" systemtimems="0.000" timestamp="2019-07-02T19:17:53.406" activeThreads="4">
  <mem-info id="1633" free="8190656" total="14876672" percent="55">
    <mem type="nursery" free="5401016" total="7864320" percent="68">
      <mem type="allocate" free="5401016" total="6553600" percent="82" />
      <mem type="survivor" free="0" total="1310720" percent="0" />
    </mem>
    <mem type="tenure" free="2789640" total="7012352" percent="39">
      <mem type="soa" free="2501072" total="6662144" percent="37" />
      <mem type="loa" free="288568" total="350208" percent="82" />
    </mem>
    <remembered-set count="110" />
  </mem-info>
</gc-end>
<cycle-end id="1634" type="scavenge" contextid="1628" timestamp="2019-07-02T19:17:53.406">
  <attribute name="GC Util" value="2" />
  <attribute name="CPU Util" value="527608476998" />
  <attribute name="Time Running"value="4166"/>
  <attribute name="Number of cores"value="4"/>
</cycle-end>
<allocation-satisfied id="1635" threadId="000000000173B200" bytesRequested="48" />
<af-end id="1636" timestamp="2019-07-02T19:17:53.407" threadId="000000000173BB88" success="true" from="nursery"/>
<exclusive-end id="1637" timestamp="2019-07-02T19:17:53.407" durationms="1.759" />

<exclusive-start id="1638" timestamp="2019-07-02T19:17:53.454" intervalms="48.918">
  <response-info timems="0.042" idlems="0.042" threads="0" lastid="0000000001742A00" lastname="Thread-5" />
</exclusive-start>
<af-start id="1639" threadId="0000000001743388" totalBytesRequested="32776" timestamp="2019-07-02T19:17:53.454" intervalms="48.924" type="nursery" />
<cycle-start id="1640" type="scavenge" contextid="0" timestamp="2019-07-02T19:17:53.454" intervalms="48.923" />
  <attribute name="GC Util" value="2" />
  <attribute name="CPU Util" value="527608476998" />
  <attribute name="Time Running"value="4166"/>
  <attribute name="Number of cores"value="4"/>
<gc-start id="1641" type="scavenge" contextid="1640" timestamp="2019-07-02T19:17:53.454">
  <mem-info id="1642" free="2789640" total="14876672" percent="18">
    <mem type="nursery" free="0" total="7864320" percent="0">
      <mem type="allocate" free="0" total="6553600" percent="0" />
      <mem type="survivor" free="0" total="1310720" percent="0" />
    </mem>
    <mem type="tenure" free="2789640" total="7012352" percent="39">
      <mem type="soa" free="2501072" total="6662144" percent="37" />
      <mem type="loa" free="288568" total="350208" percent="82" />
    </mem>
    <remembered-set count="305" />
  </mem-info>
</gc-start>
<allocation-stats totalBytes="5343496" >
  <allocated-bytes non-tlh="32824" tlh="5310672" />
  <largest-consumer threadName="Thread-3" threadId="000000000173B200" bytes="2088768" />
</allocation-stats>
<gc-op id="1643" type="scavenge" timems="0.416" contextid="1640" timestamp="2019-07-02T19:17:53.454">
  <scavenger-info tenureage="3" tenuremask="7ff8" tiltratio="83" />
  <memory-copied type="nursery" objects="2119" bytes="849896" bytesdiscarded="202864" />
  <memory-copied type="tenure" objects="4" bytes="144" bytesdiscarded="0" />
</gc-op>
<gc-end id="1644" type="scavenge" contextid="1640" durationms="0.622" usertimems="4.000" systemtimems="0.000" timestamp="2019-07-02T19:17:53.455" activeThreads="4">
  <mem-info id="1645" free="8355952" total="14876672" percent="56">
    <mem type="nursery" free="5566312" total="7864320" percent="70">
      <mem type="allocate" free="5566312" total="6619136" percent="84" />
      <mem type="survivor" free="0" total="1245184" percent="0" />
    </mem>
    <mem type="tenure" free="2789640" total="7012352" percent="39">
      <mem type="soa" free="2501072" total="6662144" percent="37" />
      <mem type="loa" free="288568" total="350208" percent="82" />
    </mem>
    <remembered-set count="102" />
  </mem-info>
</gc-end>
<cycle-end id="1646" type="scavenge" contextid="1640" timestamp="2019-07-02T19:17:53.455">
  <attribute name="GC Util" value="3" />
  <attribute name="CPU Util" value="376825948124" />
  <attribute name="Time Running"value="4215"/>
  <attribute name="Number of cores"value="4"/>
</cycle-end>
<allocation-satisfied id="1647" threadId="0000000001742A00" bytesRequested="32776" />
<af-end id="1648" timestamp="2019-07-02T19:17:53.455" threadId="0000000001743388" success="true" from="nursery"/>
<exclusive-end id="1649" timestamp="2019-07-02T19:17:53.455" durationms="1.124" />

<exclusive-start id="1650" timestamp="2019-07-02T19:17:53.491" intervalms="37.018">
  <response-info timems="0.042" idlems="0.042" threads="0" lastid="0000000001742A00" lastname="Thread-5" />
</exclusive-start>
<af-start id="1651" threadId="0000000001743388" totalBytesRequested="48" timestamp="2019-07-02T19:17:53.491" intervalms="37.004" type="nursery" />
<cycle-start id="1652" type="scavenge" contextid="0" timestamp="2019-07-02T19:17:53.491" intervalms="36.999" />
  <attribute name="GC Util" value="3" />
  <attribute name="CPU Util" value="376825948124" />
  <attribute name="Time Running"value="4215"/>
  <attribute name="Number of cores"value="4"/>
<gc-start id="1653" type="scavenge" contextid="1652" timestamp="2019-07-02T19:17:53.491">
  <mem-info id="1654" free="2789640" total="14876672" percent="18">
    <mem type="nursery" free="0" total="7864320" percent="0">
      <mem type="allocate" free="0" total="6619136" percent="0" />
      <mem type="survivor" free="0" total="1245184" percent="0" />
    </mem>
    <mem type="tenure" free="2789640" total="7012352" percent="39">
      <mem type="soa" free="2501072" total="6662144" percent="37" />
      <mem type="loa" free="288568" total="350208" percent="82" />
    </mem>
    <remembered-set count="318" />
  </mem-info>
</gc-start>
<allocation-stats totalBytes="5562528" >
  <allocated-bytes non-tlh="32776" tlh="5529752" />
  <largest-consumer threadName="Thread-5" threadId="0000000001742A00" bytes="2341872" />
</allocation-stats>
<gc-op id="1655" type="scavenge" timems="0.381" contextid="1652" timestamp="2019-07-02T19:17:53.491">
  <scavenger-info tenureage="3" tenuremask="7ff8" tiltratio="84" />
  <memory-copied type="nursery" objects="2586" bytes="1030480" bytesdiscarded="105592" />
</gc-op>
<gc-end id="1656" type="scavenge" contextid="1652" durationms="0.556" usertimems="0.000" systemtimems="0.000" timestamp="2019-07-02T19:17:53.491" activeThreads="4">
  <mem-info id="1657" free="8207104" total="14876672" percent="55">
    <mem type="nursery" free="5417464" total="7864320" percent="68">
      <mem type="allocate" free="5417464" total="6553600" percent="82" />
      <mem type="survivor" free="0" total="1310720" percent="0" />
    </mem>
    <mem type="tenure" free="2789640" total="7012352" percent="39">
      <mem type="soa" free="2501072" total="6662144" percent="37" />
      <mem type="loa" free="288568" total="350208" percent="82" />
    </mem>
    <remembered-set count="115" />
  </mem-info>
</gc-end>
<cycle-end id="1658" type="scavenge" contextid="1652" timestamp="2019-07-02T19:17:53.492">
  <attribute name="GC Util" value="2" />
  <attribute name="CPU Util" value="499350487595" />
  <attribute name="Time Running"value="4252"/>
  <attribute name="Number of cores"value="4"/>
</cycle-end>
<allocation-satisfied id="1659" threadId="0000000001742A00" bytesRequested="48" />
<af-end id="1660" timestamp="2019-07-02T19:17:53.492" threadId="0000000001743388" success="true" from="nursery"/>
<exclusive-end id="1661" timestamp="2019-07-02T19:17:53.492" durationms="0.959" />

<exclusive-start id="1662" timestamp="2019-07-02T19:17:53.528" intervalms="36.953">
  <response-info timems="0.031" idlems="0.031" threads="0" lastid="000000000173EE00" lastname="Thread-4" />
</exclusive-start>
<af-start id="1663" threadId="000000000173F788" totalBytesRequested="8200" timestamp="2019-07-02T19:17:53.528" intervalms="36.953" type="nursery" />
<cycle-start id="1664" type="scavenge" contextid="0" timestamp="2019-07-02T19:17:53.528" intervalms="36.953" />
  <attribute name="GC Util" value="2" />
  <attribute name="CPU Util" value="499350487595" />
  <attribute name="Time Running"value="4252"/>
  <attribute name="Number of cores"value="4"/>
<gc-start id="1665" type="scavenge" contextid="1664" timestamp="2019-07-02T19:17:53.528">
  <mem-info id="1666" free="2789640" total="14876672" percent="18">
    <mem type="nursery" free="0" total="7864320" percent="0">
      <mem type="allocate" free="0" total="6553600" percent="0" />
      <mem type="survivor" free="0" total="1310720" percent="0" />
    </mem>
    <mem type="tenure" free="2789640" total="7012352" percent="39">
      <mem type="soa" free="2501072" total="6662144" percent="37" />
      <mem type="loa" free="288568" total="350208" percent="82" />
    </mem>
    <remembered-set count="314" />
  </mem-info>
</gc-start>
<allocation-stats totalBytes="5366232" >
  <allocated-bytes non-tlh="48" tlh="5366184" />
  <largest-consumer threadName="Thread-5" threadId="0000000001742A00" bytes="1933336" />
</allocation-stats>
<gc-op id="1667" type="scavenge" timems="0.357" contextid="1664" timestamp="2019-07-02T19:17:53.528">
  <scavenger-info tenureage="3" tenuremask="7ff8" tiltratio="83" />
  <memory-copied type="nursery" objects="2384" bytes="910008" bytesdiscarded="239600" />
  <references type="phantom" candidates="1" cleared="0" enqueued="0" />
</gc-op>
<gc-end id="1668" type="scavenge" contextid="1664" durationms="0.540" usertimems="0.000" systemtimems="0.000" timestamp="2019-07-02T19:17:53.528" activeThreads="4">
  <mem-info id="1669" free="8193560" total="14876672" percent="55">
    <mem type="nursery" free="5403920" total="7864320" percent="68">
      <mem type="allocate" free="5403920" total="6553600" percent="82" />
      <mem type="survivor" free="0" total="1310720" percent="0" />
    </mem>
    <mem type="tenure" free="2789640" total="7012352" percent="39">
      <mem type="soa" free="2501072" total="6662144" percent="37" />
      <mem type="loa" free="288568" total="350208" percent="82" />
    </mem>
    <remembered-set count="105" />
  </mem-info>
</gc-end>
<cycle-end id="1670" type="scavenge" contextid="1664" timestamp="2019-07-02T19:17:53.528">
  <attribute name="GC Util" value="2" />
  <attribute name="CPU Util" value="499155981359" />
  <attribute name="Time Running"value="4289"/>
  <attribute name="Number of cores"value="4"/>
</cycle-end>
<allocation-satisfied id="1671" threadId="000000000173EE00" bytesRequested="8200" />
<af-end id="1672" timestamp="2019-07-02T19:17:53.529" threadId="000000000173F788" success="true" from="nursery"/>
<exclusive-end id="1673" timestamp="2019-07-02T19:17:53.529" durationms="0.944" />

<exclusive-start id="1674" timestamp="2019-07-02T19:17:53.576" intervalms="48.612">
  <response-info timems="0.030" idlems="0.030" threads="0" lastid="0000000001742A00" lastname="Thread-5" />
</exclusive-start>
<af-start id="1675" threadId="0000000001743388" totalBytesRequested="2056" timestamp="2019-07-02T19:17:53.576" intervalms="48.625" type="nursery" />
<cycle-start id="1676" type="scavenge" contextid="0" timestamp="2019-07-02T19:17:53.576" intervalms="48.628" />
  <attribute name="GC Util" value="2" />
  <attribute name="CPU Util" value="499155981359" />
  <attribute name="Time Running"value="4289"/>
  <attribute name="Number of cores"value="4"/>
<gc-start id="1677" type="scavenge" contextid="1676" timestamp="2019-07-02T19:17:53.577">
  <mem-info id="1678" free="2789640" total="14876672" percent="18">
    <mem type="nursery" free="0" total="7864320" percent="0">
      <mem type="allocate" free="0" total="6553600" percent="0" />
      <mem type="survivor" free="0" total="1310720" percent="0" />
    </mem>
    <mem type="tenure" free="2789640" total="7012352" percent="39">
      <mem type="soa" free="2501072" total="6662144" percent="37" />
      <mem type="loa" free="288568" total="350208" percent="82" />
    </mem>
    <remembered-set count="296" />
  </mem-info>
</gc-start>
<allocation-stats totalBytes="5330016" >
  <allocated-bytes non-tlh="8200" tlh="5321816" />
  <largest-consumer threadName="Thread-5" threadId="0000000001742A00" bytes="2218720" />
</allocation-stats>
<gc-op id="1679" type="scavenge" timems="0.479" contextid="1676" timestamp="2019-07-02T19:17:53.577">
  <scavenger-info tenureage="3" tenuremask="7ff8" tiltratio="83" />
  <memory-copied type="nursery" objects="2178" bytes="970504" bytesdiscarded="207560" />
  <references type="phantom" candidates="1" cleared="0" enqueued="0" />
</gc-op>
<gc-end id="1680" type="scavenge" contextid="1676" durationms="0.666" usertimems="0.000" systemtimems="0.000" timestamp="2019-07-02T19:17:53.577" activeThreads="4">
  <mem-info id="1681" free="8230640" total="14876672" percent="55">
    <mem type="nursery" free="5441000" total="7864320" percent="69">
      <mem type="allocate" free="5441000" total="6619136" percent="82" />
      <mem type="survivor" free="0" total="1245184" percent="0" />
    </mem>
    <mem type="tenure" free="2789640" total="7012352" percent="39">
      <mem type="soa" free="2501072" total="6662144" percent="37" />
      <mem type="loa" free="288568" total="350208" percent="82" />
    </mem>
    <remembered-set count="105" />
  </mem-info>
</gc-end>
<cycle-end id="1682" type="scavenge" contextid="1676" timestamp="2019-07-02T19:17:53.577">
  <attribute name="GC Util" value="1" />
  <attribute name="CPU Util" value="379169141545" />
  <attribute name="Time Running"value="4338"/>
  <attribute name="Number of cores"value="4"/>
</cycle-end>
<allocation-satisfied id="1683" threadId="0000000001742A00" bytesRequested="2056" />
<af-end id="1684" timestamp="2019-07-02T19:17:53.577" threadId="0000000001743388" success="true" from="nursery"/>
<exclusive-end id="1685" timestamp="2019-07-02T19:17:53.577" durationms="1.091" />

<exclusive-start id="1686" timestamp="2019-07-02T19:17:53.615" intervalms="38.774">
  <response-info timems="0.030" idlems="0.030" threads="0" lastid="000000000173EE00" lastname="Thread-4" />
</exclusive-start>
<af-start id="1687" threadId="000000000173F788" totalBytesRequested="48" timestamp="2019-07-02T19:17:53.615" intervalms="38.764" type="nursery" />
<cycle-start id="1688" type="scavenge" contextid="0" timestamp="2019-07-02T19:17:53.615" intervalms="38.762" />
  <attribute name="GC Util" value="1" />
  <attribute name="CPU Util" value="379169141545" />
  <attribute name="Time Running"value="4338"/>
  <attribute name="Number of cores"value="4"/>
<gc-start id="1689" type="scavenge" contextid="1688" timestamp="2019-07-02T19:17:53.615">
  <mem-info id="1690" free="2789640" total="14876672" percent="18">
    <mem type="nursery" free="0" total="7864320" percent="0">
      <mem type="allocate" free="0" total="6619136" percent="0" />
      <mem type="survivor" free="0" total="1245184" percent="0" />
    </mem>
    <mem type="tenure" free="2789640" total="7012352" percent="39">
      <mem type="soa" free="2501072" total="6662144" percent="37" />
      <mem type="loa" free="288568" total="350208" percent="82" />
    </mem>
    <remembered-set count="313" />
  </mem-info>
</gc-start>
<allocation-stats totalBytes="5437232" >
  <allocated-bytes non-tlh="67608" tlh="5369624" />
  <largest-consumer threadName="Thread-3" threadId="000000000173B200" bytes="2151344" />
</allocation-stats>
<gc-op id="1691" type="scavenge" timems="0.412" contextid="1688" timestamp="2019-07-02T19:17:53.616">
  <scavenger-info tenureage="3" tenuremask="7ff8" tiltratio="84" />
  <memory-copied type="nursery" objects="2602" bytes="1044952" bytesdiscarded="154000" />
  <references type="phantom" candidates="1" cleared="0" enqueued="0" />
</gc-op>
<gc-end id="1692" type="scavenge" contextid="1688" durationms="0.595" usertimems="0.000" systemtimems="0.000" timestamp="2019-07-02T19:17:53.616" activeThreads="4">
  <mem-info id="1693" free="8209752" total="14876672" percent="55">
    <mem type="nursery" free="5420112" total="7864320" percent="68">
      <mem type="allocate" free="5420112" total="6619136" percent="81" />
      <mem type="survivor" free="0" total="1245184" percent="0" />
    </mem>
    <mem type="tenure" free="2789640" total="7012352" percent="39">
      <mem type="soa" free="2501072" total="6662144" percent="37" />
      <mem type="loa" free="288568" total="350208" percent="82" />
    </mem>
    <remembered-set count="110" />
  </mem-info>
</gc-end>
<cycle-end id="1694" type="scavenge" contextid="1688" timestamp="2019-07-02T19:17:53.616">
  <attribute name="GC Util" value="2" />
  <attribute name="CPU Util" value="476148335126" />
  <attribute name="Time Running"value="4376"/>
  <attribute name="Number of cores"value="4"/>
</cycle-end>
<allocation-satisfied id="1695" threadId="000000000173EE00" bytesRequested="48" />
<af-end id="1696" timestamp="2019-07-02T19:17:53.616" threadId="000000000173F788" success="true" from="nursery"/>
<exclusive-end id="1697" timestamp="2019-07-02T19:17:53.616" durationms="1.001" />

<exclusive-start id="1698" timestamp="2019-07-02T19:17:53.659" intervalms="43.879">
  <response-info timems="0.050" idlems="0.050" threads="0" lastid="000000000173EE00" lastname="Thread-4" />
</exclusive-start>
<af-start id="1699" threadId="000000000173F788" totalBytesRequested="16" timestamp="2019-07-02T19:17:53.659" intervalms="43.884" type="nursery" />
<cycle-start id="1700" type="scavenge" contextid="0" timestamp="2019-07-02T19:17:53.659" intervalms="43.886" />
  <attribute name="GC Util" value="2" />
  <attribute name="CPU Util" value="476148335126" />
  <attribute name="Time Running"value="4376"/>
  <attribute name="Number of cores"value="4"/>
<gc-start id="1701" type="scavenge" contextid="1700" timestamp="2019-07-02T19:17:53.659">
  <mem-info id="1702" free="2789640" total="14876672" percent="18">
    <mem type="nursery" free="0" total="7864320" percent="0">
      <mem type="allocate" free="0" total="6619136" percent="0" />
      <mem type="survivor" free="0" total="1245184" percent="0" />
    </mem>
    <mem type="tenure" free="2789640" total="7012352" percent="39">
      <mem type="soa" free="2501072" total="6662144" percent="37" />
      <mem type="loa" free="288568" total="350208" percent="82" />
    </mem>
    <remembered-set count="283" />
  </mem-info>
</gc-start>
<allocation-stats totalBytes="5372544" >
  <allocated-bytes non-tlh="48" tlh="5372496" />
  <largest-consumer threadName="Thread-3" threadId="000000000173B200" bytes="1871264" />
</allocation-stats>
<gc-op id="1703" type="scavenge" timems="0.387" contextid="1700" timestamp="2019-07-02T19:17:53.660">
  <scavenger-info tenureage="3" tenuremask="7ff8" tiltratio="84" />
  <memory-copied type="nursery" objects="2140" bytes="943808" bytesdiscarded="199640" />
  <memory-copied type="tenure" objects="6" bytes="440" bytesdiscarded="0" />
</gc-op>
<gc-end id="1704" type="scavenge" contextid="1700" durationms="0.575" usertimems="0.000" systemtimems="4.000" timestamp="2019-07-02T19:17:53.660" activeThreads="4">
  <mem-info id="1705" free="8265256" total="14876672" percent="55">
    <mem type="nursery" free="5475616" total="7864320" percent="69">
      <mem type="allocate" free="5475616" total="6619136" percent="82" />
      <mem type="survivor" free="0" total="1245184" percent="0" />
    </mem>
    <mem type="tenure" free="2789640" total="7012352" percent="39">
      <mem type="soa" free="2501072" total="6662144" percent="37" />
      <mem type="loa" free="288568" total="350208" percent="82" />
    </mem>
    <remembered-set count="98" />
  </mem-info>
</gc-end>
<cycle-end id="1706" type="scavenge" contextid="1700" timestamp="2019-07-02T19:17:53.660">
  <attribute name="GC Util" value="2" />
  <attribute name="CPU Util" value="420303347542" />
  <attribute name="Time Running"value="4420"/>
  <attribute name="Number of cores"value="4"/>
</cycle-end>
<allocation-satisfied id="1707" threadId="000000000173EE00" bytesRequested="16" />
<af-end id="1708" timestamp="2019-07-02T19:17:53.660" threadId="000000000173F788" success="true" from="nursery"/>
<exclusive-end id="1709" timestamp="2019-07-02T19:17:53.660" durationms="1.056" />

<exclusive-start id="1710" timestamp="2019-07-02T19:17:53.703" intervalms="44.330">
  <response-info timems="0.171" idlems="0.094" threads="1" lastid="000000000173EE00" lastname="Thread-4" />
</exclusive-start>
<af-start id="1711" threadId="000000000173BB88" totalBytesRequested="16392" timestamp="2019-07-02T19:17:53.703" intervalms="44.325" type="nursery" />
<cycle-start id="1712" type="scavenge" contextid="0" timestamp="2019-07-02T19:17:53.703" intervalms="44.328" />
  <attribute name="GC Util" value="2" />
  <attribute name="CPU Util" value="420303347542" />
  <attribute name="Time Running"value="4420"/>
  <attribute name="Number of cores"value="4"/>
<gc-start id="1713" type="scavenge" contextid="1712" timestamp="2019-07-02T19:17:53.703">
  <mem-info id="1714" free="2789640" total="14876672" percent="18">
    <mem type="nursery" free="0" total="7864320" percent="0">
      <mem type="allocate" free="0" total="6619136" percent="0" />
      <mem type="survivor" free="0" total="1245184" percent="0" />
    </mem>
    <mem type="tenure" free="2789640" total="7012352" percent="39">
      <mem type="soa" free="2501072" total="6662144" percent="37" />
      <mem type="loa" free="288568" total="350208" percent="82" />
    </mem>
    <remembered-set count="316" />
  </mem-info>
</gc-start>
<allocation-stats totalBytes="5430912" >
  <allocated-bytes non-tlh="32792" tlh="5398120" />
  <largest-consumer threadName="Thread-3" threadId="000000000173B200" bytes="1739816" />
</allocation-stats>
<gc-op id="1715" type="scavenge" timems="0.731" contextid="1712" timestamp="2019-07-02T19:17:53.704">
  <scavenger-info tenureage="3" tenuremask="7ff8" tiltratio="84" />
  <memory-copied type="nursery" objects="1895" bytes="768408" bytesdiscarded="92160" />
  <references type="weak" candidates="2" cleared="0" enqueued="0" />
  <references type="phantom" candidates="2" cleared="0" enqueued="0" />
</gc-op>
<gc-end id="1716" type="scavenge" contextid="1712" durationms="1.082" usertimems="0.000" systemtimems="4.000" timestamp="2019-07-02T19:17:53.705" activeThreads="4">
  <mem-info id="1717" free="8613688" total="14876672" percent="57">
    <mem type="nursery" free="5824048" total="7864320" percent="74">
      <mem type="allocate" free="5824048" total="6684672" percent="87" />
      <mem type="survivor" free="0" total="1179648" percent="0" />
    </mem>
    <mem type="tenure" free="2789640" total="7012352" percent="39">
      <mem type="soa" free="2501072" total="6662144" percent="37" />
      <mem type="loa" free="288568" total="350208" percent="82" />
    </mem>
    <remembered-set count="102" />
  </mem-info>
</gc-end>
<cycle-end id="1718" type="scavenge" contextid="1712" timestamp="2019-07-02T19:17:53.705">
  <attribute name="GC Util" value="2" />
  <attribute name="CPU Util" value="416143798313" />
  <attribute name="Time Running"value="4465"/>
  <attribute name="Number of cores"value="4"/>
</cycle-end>
<allocation-satisfied id="1719" threadId="000000000173B200" bytesRequested="16392" />
<af-end id="1720" timestamp="2019-07-02T19:17:53.705" threadId="000000000173BB88" success="true" from="nursery"/>
<exclusive-end id="1721" timestamp="2019-07-02T19:17:53.705" durationms="1.490" />

<exclusive-start id="1722" timestamp="2019-07-02T19:17:53.756" intervalms="53.034">
  <response-info timems="0.038" idlems="0.038" threads="0" lastid="0000000001742A00" lastname="Thread-5" />
</exclusive-start>
<af-start id="1723" threadId="0000000001743388" totalBytesRequested="8200" timestamp="2019-07-02T19:17:53.756" intervalms="53.048" type="nursery" />
<cycle-start id="1724" type="scavenge" contextid="0" timestamp="2019-07-02T19:17:53.756" intervalms="53.047" />
  <attribute name="GC Util" value="2" />
  <attribute name="CPU Util" value="416143798313" />
  <attribute name="Time Running"value="4465"/>
  <attribute name="Number of cores"value="4"/>
<gc-start id="1725" type="scavenge" contextid="1724" timestamp="2019-07-02T19:17:53.757">
  <mem-info id="1726" free="2789640" total="14876672" percent="18">
    <mem type="nursery" free="0" total="7864320" percent="0">
      <mem type="allocate" free="0" total="6684672" percent="0" />
      <mem type="survivor" free="0" total="1179648" percent="0" />
    </mem>
    <mem type="tenure" free="2789640" total="7012352" percent="39">
      <mem type="soa" free="2501072" total="6662144" percent="37" />
      <mem type="loa" free="288568" total="350208" percent="82" />
    </mem>
    <remembered-set count="312" />
  </mem-info>
</gc-start>
<allocation-stats totalBytes="5788744" >
  <allocated-bytes non-tlh="16392" tlh="5772352" />
  <largest-consumer threadName="Thread-3" threadId="000000000173B200" bytes="1833008" />
</allocation-stats>
<gc-op id="1727" type="scavenge" timems="0.446" contextid="1724" timestamp="2019-07-02T19:17:53.757">
  <scavenger-info tenureage="3" tenuremask="7ff8" tiltratio="85" />
  <memory-copied type="nursery" objects="1842" bytes="820016" bytesdiscarded="201104" />
  <memory-copied type="tenure" objects="4" bytes="144" bytesdiscarded="0" />
  <references type="phantom" candidates="1" cleared="0" enqueued="0" />
</gc-op>
<gc-end id="1728" type="scavenge" contextid="1724" durationms="0.630" usertimems="4.000" systemtimems="0.000" timestamp="2019-07-02T19:17:53.757" activeThreads="4">
  <mem-info id="1729" free="8453112" total="14876672" percent="56">
    <mem type="nursery" free="5663472" total="7864320" percent="72">
      <mem type="allocate" free="5663472" total="6684672" percent="84" />
      <mem type="survivor" free="0" total="1179648" percent="0" />
    </mem>
    <mem type="tenure" free="2789640" total="7012352" percent="39">
      <mem type="soa" free="2501072" total="6662144" percent="37" />
      <mem type="loa" free="288568" total="350208" percent="82" />
    </mem>
    <remembered-set count="99" />
  </mem-info>
</gc-end>
<cycle-end id="1730" type="scavenge" contextid="1724" timestamp="2019-07-02T19:17:53.757">
  <attribute name="GC Util" value="2" />
  <attribute name="CPU Util" value="347652302513" />
  <attribute name="Time Running"value="4518"/>
  <attribute name="Number of cores"value="4"/>
</cycle-end>
<allocation-satisfied id="1731" threadId="0000000001742A00" bytesRequested="8200" />
<af-end id="1732" timestamp="2019-07-02T19:17:53.757" threadId="0000000001743388" success="true" from="nursery"/>
<exclusive-end id="1733" timestamp="2019-07-02T19:17:53.757" durationms="1.141" />

<exclusive-start id="1734" timestamp="2019-07-02T19:17:53.799" intervalms="42.769">
  <response-info timems="0.920" idlems="0.473" threads="1" lastid="0000000001742A00" lastname="Thread-5" />
</exclusive-start>
<af-start id="1735" threadId="0000000001746E88" totalBytesRequested="1032" timestamp="2019-07-02T19:17:53.799" intervalms="42.755" type="nursery" />
<cycle-start id="1736" type="scavenge" contextid="0" timestamp="2019-07-02T19:17:53.799" intervalms="42.743" />
  <attribute name="GC Util" value="2" />
  <attribute name="CPU Util" value="347652302513" />
  <attribute name="Time Running"value="4518"/>
  <attribute name="Number of cores"value="4"/>
<gc-start id="1737" type="scavenge" contextid="1736" timestamp="2019-07-02T19:17:53.799">
  <mem-info id="1738" free="2789640" total="14876672" percent="18">
    <mem type="nursery" free="0" total="7864320" percent="0">
      <mem type="allocate" free="0" total="6684672" percent="0" />
      <mem type="survivor" free="0" total="1179648" percent="0" />
    </mem>
    <mem type="tenure" free="2789640" total="7012352" percent="39">
      <mem type="soa" free="2501072" total="6662144" percent="37" />
      <mem type="loa" free="288568" total="350208" percent="82" />
    </mem>
    <remembered-set count="316" />
  </mem-info>
</gc-start>
<allocation-stats totalBytes="5633968" >
  <allocated-bytes non-tlh="8200" tlh="5625768" />
  <largest-consumer threadName="Thread-5" threadId="0000000001742A00" bytes="1964976" />
</allocation-stats>
<gc-op id="1739" type="scavenge" timems="3.917" contextid="1736" timestamp="2019-07-02T19:17:53.803">
  <scavenger-info tenureage="3" tenuremask="7ff8" tiltratio="85" />
  <memory-copied type="nursery" objects="2327" bytes="943360" bytesdiscarded="181528" />
</gc-op>
<heap-resize id="1740" type="expand" space="nursery" amount="393216" count="1" timems="0.018" reason="excessive time being spent scavenging" timestamp="2019-07-02T19:17:53.803" />
<gc-end id="1741" type="scavenge" contextid="1736" durationms="4.278" usertimems="8.000" systemtimems="0.000" timestamp="2019-07-02T19:17:53.804" activeThreads="4">
  <mem-info id="1742" free="8677040" total="15269888" percent="56">
    <mem type="nursery" free="5887400" total="8257536" percent="71">
      <mem type="allocate" free="5887400" total="7012352" percent="83" />
      <mem type="survivor" free="0" total="1245184" percent="0" />
    </mem>
    <mem type="tenure" free="2789640" total="7012352" percent="39">
      <mem type="soa" free="2501072" total="6662144" percent="37" />
      <mem type="loa" free="288568" total="350208" percent="82" />
    </mem>
    <remembered-set count="104" />
  </mem-info>
</gc-end>
<cycle-end id="1743" type="scavenge" contextid="1736" timestamp="2019-07-02T19:17:53.804">
  <attribute name="GC Util" value="2" />
  <attribute name="CPU Util" value="431976847980" />
  <attribute name="Time Running"value="4560"/>
  <attribute name="Number of cores"value="4"/>
</cycle-end>
<allocation-satisfied id="1744" threadId="0000000001746500" bytesRequested="1032" />
<af-end id="1745" timestamp="2019-07-02T19:17:53.804" threadId="0000000001746E88" success="true" from="nursery"/>
<exclusive-end id="1746" timestamp="2019-07-02T19:17:53.804" durationms="4.844" />

<exclusive-start id="1747" timestamp="2019-07-02T19:17:53.847" intervalms="48.388">
  <response-info timems="0.042" idlems="0.042" threads="0" lastid="000000000173B200" lastname="Thread-3" />
</exclusive-start>
<af-start id="1748" threadId="000000000173BB88" totalBytesRequested="32776" timestamp="2019-07-02T19:17:53.848" intervalms="48.394" type="nursery" />
<cycle-start id="1749" type="scavenge" contextid="0" timestamp="2019-07-02T19:17:53.848" intervalms="48.408" />
  <attribute name="GC Util" value="2" />
  <attribute name="CPU Util" value="431976847980" />
  <attribute name="Time Running"value="4560"/>
  <attribute name="Number of cores"value="4"/>
<gc-start id="1750" type="scavenge" contextid="1749" timestamp="2019-07-02T19:17:53.848">
  <mem-info id="1751" free="2789640" total="15269888" percent="18">
    <mem type="nursery" free="0" total="8257536" percent="0">
      <mem type="allocate" free="0" total="7012352" percent="0" />
      <mem type="survivor" free="0" total="1245184" percent="0" />
    </mem>
    <mem type="tenure" free="2789640" total="7012352" percent="39">
      <mem type="soa" free="2501072" total="6662144" percent="37" />
      <mem type="loa" free="288568" total="350208" percent="82" />
    </mem>
    <remembered-set count="317" />
  </mem-info>
</gc-start>
<allocation-stats totalBytes="5823000" >
  <allocated-bytes non-tlh="1032" tlh="5821968" />
  <largest-consumer threadName="Thread-6" threadId="0000000001746500" bytes="1695600" />
</allocation-stats>
<gc-op id="1752" type="scavenge" timems="0.950" contextid="1749" timestamp="2019-07-02T19:17:53.849">
  <scavenger-info tenureage="3" tenuremask="7ff8" tiltratio="84" />
  <memory-copied type="nursery" objects="2433" bytes="955152" bytesdiscarded="120144" />
  <memory-copied type="tenure" objects="4" bytes="144" bytesdiscarded="0" />
  <references type="weak" candidates="1" cleared="0" enqueued="0" />
  <references type="phantom" candidates="1" cleared="0" enqueued="0" />
</gc-op>
<gc-end id="1753" type="scavenge" contextid="1749" durationms="1.337" usertimems="0.000" systemtimems="4.000" timestamp="2019-07-02T19:17:53.849" activeThreads="4">
  <mem-info id="1754" free="8855256" total="15269888" percent="57">
    <mem type="nursery" free="6068056" total="8257536" percent="73">
      <mem type="allocate" free="6068056" total="7143424" percent="84" />
      <mem type="survivor" free="0" total="1114112" percent="0" />
    </mem>
    <mem type="tenure" free="2787200" total="7012352" percent="39">
      <mem type="soa" free="2498632" total="6662144" percent="37" />
      <mem type="loa" free="288568" total="350208" percent="82" />
    </mem>
    <remembered-set count="101" />
  </mem-info>
</gc-end>
<cycle-end id="1755" type="scavenge" contextid="1749" timestamp="2019-07-02T19:17:53.849">
  <attribute name="GC Util" value="13" />
  <attribute name="CPU Util" value="380774980139" />
  <attribute name="Time Running"value="4609"/>
  <attribute name="Number of cores"value="4"/>
</cycle-end>
<allocation-satisfied id="1756" threadId="000000000173B200" bytesRequested="32776" />
<af-end id="1757" timestamp="2019-07-02T19:17:53.849" threadId="000000000173BB88" success="true" from="nursery"/>
<exclusive-end id="1758" timestamp="2019-07-02T19:17:53.850" durationms="2.164" />

<exclusive-start id="1759" timestamp="2019-07-02T19:17:53.895" intervalms="47.691">
  <response-info timems="0.040" idlems="0.040" threads="0" lastid="000000000173EE00" lastname="Thread-4" />
</exclusive-start>
<af-start id="1760" threadId="000000000173F788" totalBytesRequested="2056" timestamp="2019-07-02T19:17:53.895" intervalms="47.692" type="nursery" />
<cycle-start id="1761" type="scavenge" contextid="0" timestamp="2019-07-02T19:17:53.895" intervalms="47.689" />
  <attribute name="GC Util" value="13" />
  <attribute name="CPU Util" value="380774980139" />
  <attribute name="Time Running"value="4609"/>
  <attribute name="Number of cores"value="4"/>
<gc-start id="1762" type="scavenge" contextid="1761" timestamp="2019-07-02T19:17:53.895">
  <mem-info id="1763" free="2787200" total="15269888" percent="18">
    <mem type="nursery" free="0" total="8257536" percent="0">
      <mem type="allocate" free="0" total="7143424" percent="0" />
      <mem type="survivor" free="0" total="1114112" percent="0" />
    </mem>
    <mem type="tenure" free="2787200" total="7012352" percent="39">
      <mem type="soa" free="2498632" total="6662144" percent="37" />
      <mem type="loa" free="288568" total="350208" percent="82" />
    </mem>
    <remembered-set count="310" />
  </mem-info>
</gc-start>
<allocation-stats totalBytes="6062872" >
  <allocated-bytes non-tlh="32776" tlh="6030096" />
  <largest-consumer threadName="Thread-3" threadId="000000000173B200" bytes="1998048" />
</allocation-stats>
<gc-op id="1764" type="scavenge" timems="0.379" contextid="1761" timestamp="2019-07-02T19:17:53.896">
  <scavenger-info tenureage="3" tenuremask="7ff8" tiltratio="86" />
  <memory-copied type="nursery" objects="2093" bytes="886840" bytesdiscarded="176408" />
  <references type="phantom" candidates="1" cleared="0" enqueued="0" />
</gc-op>
<gc-end id="1765" type="scavenge" contextid="1761" durationms="0.564" usertimems="0.000" systemtimems="0.000" timestamp="2019-07-02T19:17:53.896" activeThreads="4">
  <mem-info id="1766" free="8867304" total="15269888" percent="58">
    <mem type="nursery" free="6080104" total="8257536" percent="73">
      <mem type="allocate" free="6080104" total="7143424" percent="85" />
      <mem type="survivor" free="0" total="1114112" percent="0" />
    </mem>
    <mem type="tenure" free="2787200" total="7012352" percent="39">
      <mem type="soa" free="2498632" total="6662144" percent="37" />
      <mem type="loa" free="288568" total="350208" percent="82" />
    </mem>
    <remembered-set count="102" />
  </mem-info>
</gc-end>
<cycle-end id="1767" type="scavenge" contextid="1761" timestamp="2019-07-02T19:17:53.896">
  <attribute name="GC Util" value="4" />
  <attribute name="CPU Util" value="386870336919" />
  <attribute name="Time Running"value="4656"/>
  <attribute name="Number of cores"value="4"/>
</cycle-end>
<allocation-satisfied id="1768" threadId="000000000173EE00" bytesRequested="2056" />
<af-end id="1769" timestamp="2019-07-02T19:17:53.896" threadId="000000000173F788" success="true" from="nursery"/>
<exclusive-end id="1770" timestamp="2019-07-02T19:17:53.896" durationms="1.140" />

<exclusive-start id="1771" timestamp="2019-07-02T19:17:53.942" intervalms="46.849">
  <response-info timems="0.042" idlems="0.042" threads="0" lastid="0000000001742A00" lastname="Thread-5" />
</exclusive-start>
<af-start id="1772" threadId="0000000001743388" totalBytesRequested="32776" timestamp="2019-07-02T19:17:53.942" intervalms="46.845" type="nursery" />
<cycle-start id="1773" type="scavenge" contextid="0" timestamp="2019-07-02T19:17:53.942" intervalms="46.846" />
  <attribute name="GC Util" value="4" />
  <attribute name="CPU Util" value="386870336919" />
  <attribute name="Time Running"value="4656"/>
  <attribute name="Number of cores"value="4"/>
<gc-start id="1774" type="scavenge" contextid="1773" timestamp="2019-07-02T19:17:53.942">
  <mem-info id="1775" free="2787200" total="15269888" percent="18">
    <mem type="nursery" free="0" total="8257536" percent="0">
      <mem type="allocate" free="0" total="7143424" percent="0" />
      <mem type="survivor" free="0" total="1114112" percent="0" />
    </mem>
    <mem type="tenure" free="2787200" total="7012352" percent="39">
      <mem type="soa" free="2498632" total="6662144" percent="37" />
      <mem type="loa" free="288568" total="350208" percent="82" />
    </mem>
    <remembered-set count="318" />
  </mem-info>
</gc-start>
<allocation-stats totalBytes="6020152" >
  <allocated-bytes non-tlh="2056" tlh="6018096" />
  <largest-consumer threadName="Thread-4" threadId="000000000173EE00" bytes="1662392" />
</allocation-stats>
<gc-op id="1776" type="scavenge" timems="0.375" contextid="1773" timestamp="2019-07-02T19:17:53.943">
  <scavenger-info tenureage="3" tenuremask="7ff8" tiltratio="86" />
  <memory-copied type="nursery" objects="1886" bytes="893424" bytesdiscarded="220608" />
  <memory-copied type="tenure" objects="119" bytes="52344" bytesdiscarded="1192" />
  <copy-failed type="nursery" objects="119" bytes="52344" />
</gc-op>
<gc-end id="1777" type="scavenge" contextid="1773" durationms="0.558" usertimems="0.000" systemtimems="0.000" timestamp="2019-07-02T19:17:53.943" activeThreads="4">
  <mem-info id="1778" free="8776192" total="15269888" percent="57">
    <mem type="nursery" free="6029312" total="8257536" percent="73">
      <mem type="allocate" free="6029312" total="7143424" percent="84" />
      <mem type="survivor" free="0" total="1114112" percent="0" />
    </mem>
    <mem type="tenure" free="2746880" total="7012352" percent="39">
      <mem type="soa" free="2458312" total="6662144" percent="36" />
      <mem type="loa" free="288568" total="350208" percent="82" />
    </mem>
    <remembered-set count="100" />
  </mem-info>
</gc-end>
<cycle-end id="1779" type="scavenge" contextid="1773" timestamp="2019-07-02T19:17:53.943">
  <attribute name="GC Util" value="2" />
  <attribute name="CPU Util" value="393733517372" />
  <attribute name="Time Running"value="4703"/>
  <attribute name="Number of cores"value="4"/>
</cycle-end>
<allocation-satisfied id="1780" threadId="0000000001742A00" bytesRequested="32776" />
<af-end id="1781" timestamp="2019-07-02T19:17:53.943" threadId="0000000001743388" success="true" from="nursery"/>
<exclusive-end id="1782" timestamp="2019-07-02T19:17:53.943" durationms="0.975" />

<exclusive-start id="1783" timestamp="2019-07-02T19:17:53.991" intervalms="49.448">
  <response-info timems="0.186" idlems="0.101" threads="1" lastid="000000000173EE00" lastname="Thread-4" />
</exclusive-start>
<af-start id="1784" threadId="000000000173BB88" totalBytesRequested="32776" timestamp="2019-07-02T19:17:53.992" intervalms="49.451" type="nursery" />
<cycle-start id="1785" type="scavenge" contextid="0" timestamp="2019-07-02T19:17:53.992" intervalms="49.452" />
  <attribute name="GC Util" value="2" />
  <attribute name="CPU Util" value="393733517372" />
  <attribute name="Time Running"value="4703"/>
  <attribute name="Number of cores"value="4"/>
<gc-start id="1786" type="scavenge" contextid="1785" timestamp="2019-07-02T19:17:53.992">
  <mem-info id="1787" free="2746880" total="15269888" percent="17">
    <mem type="nursery" free="0" total="8257536" percent="0">
      <mem type="allocate" free="0" total="7143424" percent="0" />
      <mem type="survivor" free="0" total="1114112" percent="0" />
    </mem>
    <mem type="tenure" free="2746880" total="7012352" percent="39">
      <mem type="soa" free="2458312" total="6662144" percent="36" />
      <mem type="loa" free="288568" total="350208" percent="82" />
    </mem>
    <remembered-set count="316" />
  </mem-info>
</gc-start>
<allocation-stats totalBytes="5997072" >
  <allocated-bytes non-tlh="32776" tlh="5964296" />
  <largest-consumer threadName="Thread-3" threadId="000000000173B200" bytes="1794656" />
</allocation-stats>
<gc-op id="1788" type="scavenge" timems="0.632" contextid="1785" timestamp="2019-07-02T19:17:53.992">
  <scavenger-info tenureage="3" tenuremask="7ff8" tiltratio="86" />
  <memory-copied type="nursery" objects="2344" bytes="1091296" bytesdiscarded="22728" />
  <memory-copied type="tenure" objects="595" bytes="182792" bytesdiscarded="1344" />
  <copy-failed type="nursery" objects="591" bytes="182648" />
</gc-op>
<gc-end id="1789" type="scavenge" contextid="1785" durationms="0.995" usertimems="0.000" systemtimems="0.000" timestamp="2019-07-02T19:17:53.993" activeThreads="4">
  <mem-info id="1790" free="7903696" total="15269888" percent="51">
    <mem type="nursery" free="5373952" total="8257536" percent="65">
      <mem type="allocate" free="5373952" total="6488064" percent="82" />
      <mem type="survivor" free="0" total="1769472" percent="0" />
    </mem>
    <mem type="tenure" free="2529744" total="7012352" percent="36">
      <mem type="soa" free="2241176" total="6662144" percent="33" />
      <mem type="loa" free="288568" total="350208" percent="82" />
    </mem>
    <remembered-set count="184" />
  </mem-info>
</gc-end>
<cycle-end id="1791" type="scavenge" contextid="1785" timestamp="2019-07-02T19:17:53.993">
  <attribute name="GC Util" value="2" />
  <attribute name="CPU Util" value="373001243724" />
  <attribute name="Time Running"value="4753"/>
  <attribute name="Number of cores"value="4"/>
</cycle-end>
<allocation-satisfied id="1792" threadId="000000000173B200" bytesRequested="32776" />
<af-end id="1793" timestamp="2019-07-02T19:17:53.993" threadId="000000000173BB88" success="true" from="nursery"/>
<exclusive-end id="1794" timestamp="2019-07-02T19:17:53.993" durationms="1.520" />

<exclusive-start id="1795" timestamp="2019-07-02T19:17:54.031" intervalms="39.625">
  <response-info timems="0.139" idlems="0.077" threads="1" lastid="0000000001742A00" lastname="Thread-5" />
</exclusive-start>
<af-start id="1796" threadId="0000000001746E88" totalBytesRequested="16392" timestamp="2019-07-02T19:17:54.031" intervalms="39.619" type="nursery" />
<cycle-start id="1797" type="scavenge" contextid="0" timestamp="2019-07-02T19:17:54.031" intervalms="39.606" />
  <attribute name="GC Util" value="2" />
  <attribute name="CPU Util" value="373001243724" />
  <attribute name="Time Running"value="4753"/>
  <attribute name="Number of cores"value="4"/>
<gc-start id="1798" type="scavenge" contextid="1797" timestamp="2019-07-02T19:17:54.031">
  <mem-info id="1799" free="2529744" total="15269888" percent="16">
    <mem type="nursery" free="0" total="8257536" percent="0">
      <mem type="allocate" free="0" total="6488064" percent="0" />
      <mem type="survivor" free="0" total="1769472" percent="0" />
    </mem>
    <mem type="tenure" free="2529744" total="7012352" percent="36">
      <mem type="soa" free="2241176" total="6662144" percent="33" />
      <mem type="loa" free="288568" total="350208" percent="82" />
    </mem>
    <remembered-set count="377" />
  </mem-info>
</gc-start>
<allocation-stats totalBytes="5285256" >
  <allocated-bytes non-tlh="32776" tlh="5252480" />
  <largest-consumer threadName="Thread-3" threadId="000000000173B200" bytes="1945184" />
</allocation-stats>
<gc-op id="1800" type="scavenge" timems="1.748" contextid="1797" timestamp="2019-07-02T19:17:54.033">
  <scavenger-info tenureage="3" tenuremask="7ff8" tiltratio="78" />
  <memory-copied type="nursery" objects="3102" bytes="1478952" bytesdiscarded="143776" />
  <references type="weak" candidates="1" cleared="0" enqueued="0" />
  <references type="phantom" candidates="2" cleared="0" enqueued="0" />
</gc-op>
<gc-end id="1801" type="scavenge" contextid="1797" durationms="1.900" usertimems="0.000" systemtimems="0.000" timestamp="2019-07-02T19:17:54.033" activeThreads="4">
  <mem-info id="1802" free="7329424" total="15269888" percent="47">
    <mem type="nursery" free="4799680" total="8257536" percent="58">
      <mem type="allocate" free="4799680" total="6422528" percent="74" />
      <mem type="survivor" free="0" total="1835008" percent="0" />
    </mem>
    <mem type="tenure" free="2529744" total="7012352" percent="36">
      <mem type="soa" free="2241176" total="6662144" percent="33" />
      <mem type="loa" free="288568" total="350208" percent="82" />
    </mem>
    <remembered-set count="187" />
  </mem-info>
</gc-end>
<cycle-end id="1803" type="scavenge" contextid="1797" timestamp="2019-07-02T19:17:54.033">
  <attribute name="GC Util" value="3" />
  <attribute name="CPU Util" value="466171943240" />
  <attribute name="Time Running"value="4792"/>
  <attribute name="Number of cores"value="4"/>
</cycle-end>
<allocation-satisfied id="1804" threadId="0000000001746500" bytesRequested="16392" />
<af-end id="1805" timestamp="2019-07-02T19:17:54.033" threadId="0000000001746E88" success="true" from="nursery"/>
<exclusive-end id="1806" timestamp="2019-07-02T19:17:54.033" durationms="2.352" />

<exclusive-start id="1807" timestamp="2019-07-02T19:17:54.068" intervalms="36.807">
  <response-info timems="0.041" idlems="0.041" threads="0" lastid="0000000001742A00" lastname="Thread-5" />
</exclusive-start>
<af-start id="1808" threadId="0000000001743388" totalBytesRequested="16392" timestamp="2019-07-02T19:17:54.068" intervalms="36.809" type="nursery" />
<cycle-start id="1809" type="scavenge" contextid="0" timestamp="2019-07-02T19:17:54.068" intervalms="36.819" />
  <attribute name="GC Util" value="3" />
  <attribute name="CPU Util" value="466171943240" />
  <attribute name="Time Running"value="4792"/>
  <attribute name="Number of cores"value="4"/>
<gc-start id="1810" type="scavenge" contextid="1809" timestamp="2019-07-02T19:17:54.068">
  <mem-info id="1811" free="2529744" total="15269888" percent="16">
    <mem type="nursery" free="0" total="8257536" percent="0">
      <mem type="allocate" free="0" total="6422528" percent="0" />
      <mem type="survivor" free="0" total="1835008" percent="0" />
    </mem>
    <mem type="tenure" free="2529744" total="7012352" percent="36">
      <mem type="soa" free="2241176" total="6662144" percent="33" />
      <mem type="loa" free="288568" total="350208" percent="82" />
    </mem>
    <remembered-set count="380" />
  </mem-info>
</gc-start>
<allocation-stats totalBytes="4757016" >
  <allocated-bytes non-tlh="24592" tlh="4732424" />
  <largest-consumer threadName="Thread-5" threadId="0000000001742A00" bytes="1643536" />
</allocation-stats>
<gc-op id="1812" type="scavenge" timems="0.438" contextid="1809" timestamp="2019-07-02T19:17:54.069">
  <scavenger-info tenureage="3" tenuremask="7ff8" tiltratio="77" />
  <memory-copied type="nursery" objects="2708" bytes="1234584" bytesdiscarded="276144" />
  <memory-copied type="tenure" objects="268" bytes="179864" bytesdiscarded="2048" />
</gc-op>
<gc-end id="1813" type="scavenge" contextid="1809" durationms="0.619" usertimems="0.000" systemtimems="0.000" timestamp="2019-07-02T19:17:54.069" activeThreads="4">
  <mem-info id="1814" free="7229264" total="15269888" percent="47">
    <mem type="nursery" free="4977232" total="8257536" percent="60">
      <mem type="allocate" free="4977232" total="6488064" percent="76" />
      <mem type="survivor" free="0" total="1769472" percent="0" />
    </mem>
    <mem type="tenure" free="2252032" total="7012352" percent="32">
      <mem type="soa" free="1963464" total="6662144" percent="29" />
      <mem type="loa" free="288568" total="350208" percent="82" />
    </mem>
    <remembered-set count="189" />
  </mem-info>
</gc-end>
<cycle-end id="1815" type="scavenge" contextid="1809" timestamp="2019-07-02T19:17:54.069">
  <attribute name="GC Util" value="7" />
  <attribute name="CPU Util" value="500635540760" />
  <attribute name="Time Running"value="4829"/>
  <attribute name="Number of cores"value="4"/>
</cycle-end>
<allocation-satisfied id="1816" threadId="0000000001742A00" bytesRequested="16392" />
<af-end id="1817" timestamp="2019-07-02T19:17:54.069" threadId="0000000001743388" success="true" from="nursery"/>
<exclusive-end id="1818" timestamp="2019-07-02T19:17:54.069" durationms="1.041" />

<exclusive-start id="1819" timestamp="2019-07-02T19:17:54.107" intervalms="39.205">
  <response-info timems="0.027" idlems="0.027" threads="0" lastid="000000000173B200" lastname="Thread-3" />
</exclusive-start>
<af-start id="1820" threadId="000000000173BB88" totalBytesRequested="16392" timestamp="2019-07-02T19:17:54.107" intervalms="39.206" type="nursery" />
<cycle-start id="1821" type="scavenge" contextid="0" timestamp="2019-07-02T19:17:54.107" intervalms="39.209" />
  <attribute name="GC Util" value="7" />
  <attribute name="CPU Util" value="500635540760" />
  <attribute name="Time Running"value="4829"/>
  <attribute name="Number of cores"value="4"/>
<gc-start id="1822" type="scavenge" contextid="1821" timestamp="2019-07-02T19:17:54.107">
  <mem-info id="1823" free="2252032" total="15269888" percent="14">
    <mem type="nursery" free="0" total="8257536" percent="0">
      <mem type="allocate" free="0" total="6488064" percent="0" />
      <mem type="survivor" free="0" total="1769472" percent="0" />
    </mem>
    <mem type="tenure" free="2252032" total="7012352" percent="32">
      <mem type="soa" free="1963464" total="6662144" percent="29" />
      <mem type="loa" free="288568" total="350208" percent="82" />
    </mem>
    <remembered-set count="364" />
  </mem-info>
</gc-start>
<allocation-stats totalBytes="4902728" >
  <allocated-bytes non-tlh="49168" tlh="4853560" />
  <largest-consumer threadName="Thread-3" threadId="000000000173B200" bytes="1734984" />
</allocation-stats>
<gc-op id="1824" type="scavenge" timems="0.781" contextid="1821" timestamp="2019-07-02T19:17:54.108">
  <scavenger-info tenureage="3" tenuremask="7ff8" tiltratio="78" />
  <memory-copied type="nursery" objects="1784" bytes="783320" bytesdiscarded="140080" />
  <memory-copied type="tenure" objects="467" bytes="283176" bytesdiscarded="440" />
  <references type="phantom" candidates="1" cleared="0" enqueued="0" />
</gc-op>
<gc-end id="1825" type="scavenge" contextid="1821" durationms="1.139" usertimems="0.000" systemtimems="0.000" timestamp="2019-07-02T19:17:54.108" activeThreads="4">
  <mem-info id="1826" free="7577984" total="15269888" percent="49">
    <mem type="nursery" free="5630112" total="8257536" percent="68">
      <mem type="allocate" free="5630112" total="6553600" percent="85" />
      <mem type="survivor" free="0" total="1703936" percent="0" />
    </mem>
    <mem type="tenure" free="1947872" total="7012352" percent="27">
      <mem type="soa" free="1659304" total="6662144" percent="24" />
      <mem type="loa" free="288568" total="350208" percent="82" />
    </mem>
    <remembered-set count="109" />
  </mem-info>
</gc-end>
<cycle-end id="1827" type="scavenge" contextid="1821" timestamp="2019-07-02T19:17:54.109">
  <attribute name="GC Util" value="2" />
  <attribute name="CPU Util" value="470472020866" />
  <attribute name="Time Running"value="4868"/>
  <attribute name="Number of cores"value="4"/>
</cycle-end>
<allocation-satisfied id="1828" threadId="000000000173B200" bytesRequested="16392" />
<af-end id="1829" timestamp="2019-07-02T19:17:54.109" threadId="000000000173BB88" success="true" from="nursery"/>
<exclusive-end id="1830" timestamp="2019-07-02T19:17:54.109" durationms="1.572" />

<exclusive-start id="1831" timestamp="2019-07-02T19:17:54.146" intervalms="38.446">
  <response-info timems="0.039" idlems="0.039" threads="0" lastid="0000000001742A00" lastname="Thread-5" />
</exclusive-start>
<af-start id="1832" threadId="0000000001743388" totalBytesRequested="520" timestamp="2019-07-02T19:17:54.146" intervalms="38.447" type="nursery" />
<cycle-start id="1833" type="scavenge" contextid="0" timestamp="2019-07-02T19:17:54.146" intervalms="38.443" />
  <attribute name="GC Util" value="2" />
  <attribute name="CPU Util" value="470472020866" />
  <attribute name="Time Running"value="4868"/>
  <attribute name="Number of cores"value="4"/>
<gc-start id="1834" type="scavenge" contextid="1833" timestamp="2019-07-02T19:17:54.146">
  <mem-info id="1835" free="1947872" total="15269888" percent="12">
    <mem type="nursery" free="0" total="8257536" percent="0">
      <mem type="allocate" free="0" total="6553600" percent="0" />
      <mem type="survivor" free="0" total="1703936" percent="0" />
    </mem>
    <mem type="tenure" free="1947872" total="7012352" percent="27">
      <mem type="soa" free="1659304" total="6662144" percent="24" />
      <mem type="loa" free="288568" total="350208" percent="82" />
    </mem>
    <remembered-set count="327" />
  </mem-info>
</gc-start>
<allocation-stats totalBytes="5587464" >
  <allocated-bytes non-tlh="49168" tlh="5538296" />
  <largest-consumer threadName="Thread-5" threadId="0000000001742A00" bytes="2205728" />
</allocation-stats>
<gc-op id="1836" type="scavenge" timems="0.416" contextid="1833" timestamp="2019-07-02T19:17:54.146">
  <scavenger-info tenureage="3" tenuremask="7ff8" tiltratio="79" />
  <memory-copied type="nursery" objects="2622" bytes="1020752" bytesdiscarded="155520" />
  <memory-copied type="tenure" objects="63" bytes="73888" bytesdiscarded="16" />
</gc-op>
<gc-end id="1837" type="scavenge" contextid="1833" durationms="0.600" usertimems="0.000" systemtimems="0.000" timestamp="2019-07-02T19:17:54.146" activeThreads="4">
  <mem-info id="1838" free="7352032" total="15269888" percent="48">
    <mem type="nursery" free="5442800" total="8257536" percent="65">
      <mem type="allocate" free="5442800" total="6619136" percent="82" />
      <mem type="survivor" free="0" total="1638400" percent="0" />
    </mem>
    <mem type="tenure" free="1909232" total="7012352" percent="27">
      <mem type="soa" free="1620664" total="6662144" percent="24" />
      <mem type="loa" free="288568" total="350208" percent="82" />
    </mem>
    <remembered-set count="109" />
  </mem-info>
</gc-end>
<cycle-end id="1839" type="scavenge" contextid="1833" timestamp="2019-07-02T19:17:54.146">
  <attribute name="GC Util" value="4" />
  <attribute name="CPU Util" value="479839803871" />
  <attribute name="Time Running"value="4907"/>
  <attribute name="Number of cores"value="4"/>
</cycle-end>
<allocation-satisfied id="1840" threadId="0000000001742A00" bytesRequested="520" />
<af-end id="1841" timestamp="2019-07-02T19:17:54.147" threadId="0000000001743388" success="true" from="nursery"/>
<exclusive-end id="1842" timestamp="2019-07-02T19:17:54.147" durationms="1.013" />

<exclusive-start id="1843" timestamp="2019-07-02T19:17:54.194" intervalms="48.896">
  <response-info timems="0.365" idlems="0.191" threads="1" lastid="0000000001742A00" lastname="Thread-5" />
</exclusive-start>
<af-start id="1844" threadId="0000000001746E88" totalBytesRequested="16392" timestamp="2019-07-02T19:17:54.195" intervalms="48.895" type="nursery" />
<cycle-start id="1845" type="scavenge" contextid="0" timestamp="2019-07-02T19:17:54.195" intervalms="48.885" />
  <attribute name="GC Util" value="4" />
  <attribute name="CPU Util" value="479839803871" />
  <attribute name="Time Running"value="4907"/>
  <attribute name="Number of cores"value="4"/>
<gc-start id="1846" type="scavenge" contextid="1845" timestamp="2019-07-02T19:17:54.195">
  <mem-info id="1847" free="1909232" total="15269888" percent="12">
    <mem type="nursery" free="0" total="8257536" percent="0">
      <mem type="allocate" free="0" total="6619136" percent="0" />
      <mem type="survivor" free="0" total="1638400" percent="0" />
    </mem>
    <mem type="tenure" free="1909232" total="7012352" percent="27">
      <mem type="soa" free="1620664" total="6662144" percent="24" />
      <mem type="loa" free="288568" total="350208" percent="82" />
    </mem>
    <remembered-set count="314" />
  </mem-info>
</gc-start>
<allocation-stats totalBytes="5437872" >
  <allocated-bytes non-tlh="520" tlh="5437352" />
  <largest-consumer threadName="Thread-3" threadId="000000000173B200" bytes="2100904" />
</allocation-stats>
<gc-op id="1848" type="scavenge" timems="2.780" contextid="1845" timestamp="2019-07-02T19:17:54.197">
  <scavenger-info tenureage="3" tenuremask="7ff8" tiltratio="80" />
  <memory-copied type="nursery" objects="2645" bytes="968016" bytesdiscarded="228280" />
  <references type="weak" candidates="1" cleared="0" enqueued="0" />
  <references type="phantom" candidates="1" cleared="0" enqueued="0" />
</gc-op>
<gc-end id="1849" type="scavenge" contextid="1845" durationms="2.996" usertimems="4.000" systemtimems="0.000" timestamp="2019-07-02T19:17:54.198" activeThreads="4">
  <mem-info id="1850" free="7397544" total="15269888" percent="48">
    <mem type="nursery" free="5488312" total="8257536" percent="66">
      <mem type="allocate" free="5488312" total="6684672" percent="82" />
      <mem type="survivor" free="0" total="1572864" percent="0" />
    </mem>
    <mem type="tenure" free="1909232" total="7012352" percent="27">
      <mem type="soa" free="1620664" total="6662144" percent="24" />
      <mem type="loa" free="288568" total="350208" percent="82" />
    </mem>
    <remembered-set count="102" />
  </mem-info>
</gc-end>
<cycle-end id="1851" type="scavenge" contextid="1845" timestamp="2019-07-02T19:17:54.198">
  <attribute name="GC Util" value="2" />
  <attribute name="CPU Util" value="377615885099" />
  <attribute name="Time Running"value="4956"/>
  <attribute name="Number of cores"value="4"/>
</cycle-end>
<allocation-satisfied id="1852" threadId="0000000001746500" bytesRequested="16392" />
<af-end id="1853" timestamp="2019-07-02T19:17:54.198" threadId="0000000001746E88" success="true" from="nursery"/>
<exclusive-end id="1854" timestamp="2019-07-02T19:17:54.198" durationms="3.560" />

<exclusive-start id="1855" timestamp="2019-07-02T19:17:54.235" intervalms="40.813">
  <response-info timems="0.038" idlems="0.038" threads="0" lastid="0000000001742A00" lastname="Thread-5" />
</exclusive-start>
<af-start id="1856" threadId="0000000001743388" totalBytesRequested="1032" timestamp="2019-07-02T19:17:54.235" intervalms="40.819" type="nursery" />
<cycle-start id="1857" type="scavenge" contextid="0" timestamp="2019-07-02T19:17:54.235" intervalms="40.830" />
  <attribute name="GC Util" value="2" />
  <attribute name="CPU Util" value="377615885099" />
  <attribute name="Time Running"value="4956"/>
  <attribute name="Number of cores"value="4"/>
<gc-start id="1858" type="scavenge" contextid="1857" timestamp="2019-07-02T19:17:54.235">
  <mem-info id="1859" free="1909232" total="15269888" percent="12">
    <mem type="nursery" free="0" total="8257536" percent="0">
      <mem type="allocate" free="0" total="6684672" percent="0" />
      <mem type="survivor" free="0" total="1572864" percent="0" />
    </mem>
    <mem type="tenure" free="1909232" total="7012352" percent="27">
      <mem type="soa" free="1620664" total="6662144" percent="24" />
      <mem type="loa" free="288568" total="350208" percent="82" />
    </mem>
    <remembered-set count="296" />
  </mem-info>
</gc-start>
<allocation-stats totalBytes="5406528" >
  <allocated-bytes non-tlh="16392" tlh="5390136" />
  <largest-consumer threadName="Thread-6" threadId="0000000001746500" bytes="1854296" />
</allocation-stats>
<gc-op id="1860" type="scavenge" timems="0.397" contextid="1857" timestamp="2019-07-02T19:17:54.236">
  <scavenger-info tenureage="3" tenuremask="7ff8" tiltratio="80" />
  <memory-copied type="nursery" objects="1772" bytes="794784" bytesdiscarded="293208" />
  <references type="phantom" candidates="2" cleared="0" enqueued="0" />
</gc-op>
<gc-end id="1861" type="scavenge" contextid="1857" durationms="0.574" usertimems="0.000" systemtimems="0.000" timestamp="2019-07-02T19:17:54.236" activeThreads="4">
  <mem-info id="1862" free="7636912" total="15269888" percent="50">
    <mem type="nursery" free="5727680" total="8257536" percent="69">
      <mem type="allocate" free="5727680" total="6815744" percent="84" />
      <mem type="survivor" free="0" total="1441792" percent="0" />
    </mem>
    <mem type="tenure" free="1909232" total="7012352" percent="27">
      <mem type="soa" free="1620664" total="6662144" percent="24" />
      <mem type="loa" free="288568" total="350208" percent="82" />
    </mem>
    <remembered-set count="107" />
  </mem-info>
</gc-end>
<cycle-end id="1863" type="scavenge" contextid="1857" timestamp="2019-07-02T19:17:54.236">
  <attribute name="GC Util" value="10" />
  <attribute name="CPU Util" value="451363518742" />
  <attribute name="Time Running"value="4997"/>
  <attribute name="Number of cores"value="4"/>
</cycle-end>
<allocation-satisfied id="1864" threadId="0000000001742A00" bytesRequested="1032" />
<af-end id="1865" timestamp="2019-07-02T19:17:54.236" threadId="0000000001743388" success="true" from="nursery"/>
<exclusive-end id="1866" timestamp="2019-07-02T19:17:54.236" durationms="1.129" />

<exclusive-start id="1867" timestamp="2019-07-02T19:17:54.285" intervalms="50.129">
  <response-info timems="0.046" idlems="0.046" threads="0" lastid="000000000173EE00" lastname="Thread-4" />
</exclusive-start>
<af-start id="1868" threadId="000000000173F788" totalBytesRequested="8200" timestamp="2019-07-02T19:17:54.285" intervalms="50.135" type="nursery" />
<cycle-start id="1869" type="scavenge" contextid="0" timestamp="2019-07-02T19:17:54.286" intervalms="50.142" />
  <attribute name="GC Util" value="10" />
  <attribute name="CPU Util" value="451363518742" />
  <attribute name="Time Running"value="4997"/>
  <attribute name="Number of cores"value="4"/>
<gc-start id="1870" type="scavenge" contextid="1869" timestamp="2019-07-02T19:17:54.286">
  <mem-info id="1871" free="1909232" total="15269888" percent="12">
    <mem type="nursery" free="0" total="8257536" percent="0">
      <mem type="allocate" free="0" total="6815744" percent="0" />
      <mem type="survivor" free="0" total="1441792" percent="0" />
    </mem>
    <mem type="tenure" free="1909232" total="7012352" percent="27">
      <mem type="soa" free="1620664" total="6662144" percent="24" />
      <mem type="loa" free="288568" total="350208" percent="82" />
    </mem>
    <remembered-set count="322" />
  </mem-info>
</gc-start>
<allocation-stats totalBytes="5708864" >
  <allocated-bytes non-tlh="1032" tlh="5707832" />
  <largest-consumer threadName="Thread-3" threadId="000000000173B200" bytes="1982056" />
</allocation-stats>
<gc-op id="1872" type="scavenge" timems="0.477" contextid="1869" timestamp="2019-07-02T19:17:54.286">
  <scavenger-info tenureage="3" tenuremask="7ff8" tiltratio="82" />
  <memory-copied type="nursery" objects="2562" bytes="951608" bytesdiscarded="183560" />
  <memory-copied type="tenure" objects="5" bytes="248" bytesdiscarded="0" />
  <references type="weak" candidates="1" cleared="0" enqueued="0" />
  <references type="phantom" candidates="1" cleared="0" enqueued="0" />
</gc-op>
<gc-end id="1873" type="scavenge" contextid="1869" durationms="0.733" usertimems="0.000" systemtimems="0.000" timestamp="2019-07-02T19:17:54.286" activeThreads="4">
  <mem-info id="1874" free="7655280" total="15269888" percent="50">
    <mem type="nursery" free="5746048" total="8257536" percent="69">
      <mem type="allocate" free="5746048" total="6881280" percent="83" />
      <mem type="survivor" free="0" total="1376256" percent="0" />
    </mem>
    <mem type="tenure" free="1909232" total="7012352" percent="27">
      <mem type="soa" free="1620664" total="6662144" percent="24" />
      <mem type="loa" free="288568" total="350208" percent="82" />
    </mem>
    <remembered-set count="102" />
  </mem-info>
</gc-end>
<cycle-end id="1875" type="scavenge" contextid="1869" timestamp="2019-07-02T19:17:54.286">
  <attribute name="GC Util" value="2" />
  <attribute name="CPU Util" value="367791168298" />
  <attribute name="Time Running"value="5047"/>
  <attribute name="Number of cores"value="4"/>
</cycle-end>
<allocation-satisfied id="1876" threadId="000000000173EE00" bytesRequested="8200" />
<af-end id="1877" timestamp="2019-07-02T19:17:54.287" threadId="000000000173F788" success="true" from="nursery"/>
<exclusive-end id="1878" timestamp="2019-07-02T19:17:54.287" durationms="1.195" />

<exclusive-start id="1879" timestamp="2019-07-02T19:17:54.329" intervalms="43.890">
  <response-info timems="0.042" idlems="0.042" threads="0" lastid="0000000001742A00" lastname="Thread-5" />
</exclusive-start>
<af-start id="1880" threadId="0000000001743388" totalBytesRequested="48" timestamp="2019-07-02T19:17:54.329" intervalms="43.878" type="nursery" />
<cycle-start id="1881" type="scavenge" contextid="0" timestamp="2019-07-02T19:17:54.329" intervalms="43.846" />
  <attribute name="GC Util" value="2" />
  <attribute name="CPU Util" value="367791168298" />
  <attribute name="Time Running"value="5047"/>
  <attribute name="Number of cores"value="4"/>
<gc-start id="1882" type="scavenge" contextid="1881" timestamp="2019-07-02T19:17:54.329">
  <mem-info id="1883" free="1909232" total="15269888" percent="12">
    <mem type="nursery" free="0" total="8257536" percent="0">
      <mem type="allocate" free="0" total="6881280" percent="0" />
      <mem type="survivor" free="0" total="1376256" percent="0" />
    </mem>
    <mem type="tenure" free="1909232" total="7012352" percent="27">
      <mem type="soa" free="1620664" total="6662144" percent="24" />
      <mem type="loa" free="288568" total="350208" percent="82" />
    </mem>
    <remembered-set count="310" />
  </mem-info>
</gc-start>
<allocation-stats totalBytes="5715736" >
  <allocated-bytes non-tlh="8200" tlh="5707536" />
  <largest-consumer threadName="Thread-3" threadId="000000000173B200" bytes="1982688" />
</allocation-stats>
<gc-op id="1884" type="scavenge" timems="0.372" contextid="1881" timestamp="2019-07-02T19:17:54.330">
  <scavenger-info tenureage="3" tenuremask="7ff8" tiltratio="83" />
  <memory-copied type="nursery" objects="2763" bytes="1120592" bytesdiscarded="44024" />
</gc-op>
<gc-end id="1885" type="scavenge" contextid="1881" durationms="0.540" usertimems="0.000" systemtimems="0.000" timestamp="2019-07-02T19:17:54.330" activeThreads="4">
  <mem-info id="1886" free="7560296" total="15269888" percent="49">
    <mem type="nursery" free="5651064" total="8257536" percent="68">
      <mem type="allocate" free="5651064" total="6815744" percent="82" />
      <mem type="survivor" free="0" total="1441792" percent="0" />
    </mem>
    <mem type="tenure" free="1909232" total="7012352" percent="27">
      <mem type="soa" free="1620664" total="6662144" percent="24" />
      <mem type="loa" free="288568" total="350208" percent="82" />
    </mem>
    <remembered-set count="107" />
  </mem-info>
</gc-end>
<cycle-end id="1887" type="scavenge" contextid="1881" timestamp="2019-07-02T19:17:54.330">
  <attribute name="GC Util" value="2" />
  <attribute name="CPU Util" value="420969603501" />
  <attribute name="Time Running"value="5091"/>
  <attribute name="Number of cores"value="4"/>
</cycle-end>
<allocation-satisfied id="1888" threadId="0000000001742A00" bytesRequested="48" />
<af-end id="1889" timestamp="2019-07-02T19:17:54.330" threadId="0000000001743388" success="true" from="nursery"/>
<exclusive-end id="1890" timestamp="2019-07-02T19:17:54.330" durationms="0.921" />

<exclusive-start id="1891" timestamp="2019-07-02T19:17:54.379" intervalms="49.751">
  <response-info timems="0.046" idlems="0.046" threads="0" lastid="000000000173EE00" lastname="Thread-4" />
</exclusive-start>
<af-start id="1892" threadId="000000000173F788" totalBytesRequested="16392" timestamp="2019-07-02T19:17:54.379" intervalms="49.762" type="nursery" />
<cycle-start id="1893" type="scavenge" contextid="0" timestamp="2019-07-02T19:17:54.379" intervalms="49.793" />
  <attribute name="GC Util" value="2" />
  <attribute name="CPU Util" value="420969603501" />
  <attribute name="Time Running"value="5091"/>
  <attribute name="Number of cores"value="4"/>
<gc-start id="1894" type="scavenge" contextid="1893" timestamp="2019-07-02T19:17:54.379">
  <mem-info id="1895" free="1909232" total="15269888" percent="12">
    <mem type="nursery" free="0" total="8257536" percent="0">
      <mem type="allocate" free="0" total="6815744" percent="0" />
      <mem type="survivor" free="0" total="1441792" percent="0" />
    </mem>
    <mem type="tenure" free="1909232" total="7012352" percent="27">
      <mem type="soa" free="1620664" total="6662144" percent="24" />
      <mem type="loa" free="288568" total="350208" percent="82" />
    </mem>
    <remembered-set count="320" />
  </mem-info>
</gc-start>
<allocation-stats totalBytes="5628336" >
  <allocated-bytes non-tlh="48" tlh="5628288" />
  <largest-consumer threadName="Thread-5" threadId="0000000001742A00" bytes="2022952" />
</allocation-stats>
<gc-op id="1896" type="scavenge" timems="0.351" contextid="1893" timestamp="2019-07-02T19:17:54.380">
  <scavenger-info tenureage="3" tenuremask="7ff8" tiltratio="82" />
  <memory-copied type="nursery" objects="2032" bytes="848944" bytesdiscarded="191584" />
</gc-op>
<gc-end id="1897" type="scavenge" contextid="1893" durationms="0.604" usertimems="0.000" systemtimems="0.000" timestamp="2019-07-02T19:17:54.380" activeThreads="4">
  <mem-info id="1898" free="7749920" total="15269888" percent="50">
    <mem type="nursery" free="5840688" total="8257536" percent="70">
      <mem type="allocate" free="5840688" total="6881280" percent="84" />
      <mem type="survivor" free="0" total="1376256" percent="0" />
    </mem>
    <mem type="tenure" free="1909232" total="7012352" percent="27">
      <mem type="soa" free="1620664" total="6662144" percent="24" />
      <mem type="loa" free="288568" total="350208" percent="82" />
    </mem>
    <remembered-set count="101" />
  </mem-info>
</gc-end>
<cycle-end id="1899" type="scavenge" contextid="1893" timestamp="2019-07-02T19:17:54.380">
  <attribute name="GC Util" value="2" />
  <attribute name="CPU Util" value="370280480380" />
  <attribute name="Time Running"value="5140"/>
  <attribute name="Number of cores"value="4"/>
</cycle-end>
<allocation-satisfied id="1900" threadId="000000000173EE00" bytesRequested="16392" />
<af-end id="1901" timestamp="2019-07-02T19:17:54.380" threadId="000000000173F788" success="true" from="nursery"/>
<exclusive-end id="1902" timestamp="2019-07-02T19:17:54.380" durationms="1.208" />

<exclusive-start id="1903" timestamp="2019-07-02T19:17:54.428" intervalms="48.474">
  <response-info timems="0.131" idlems="0.074" threads="1" lastid="000000000173EE00" lastname="Thread-4" />
</exclusive-start>
<af-start id="1904" threadId="000000000173BB88" totalBytesRequested="16392" timestamp="2019-07-02T19:17:54.428" intervalms="48.467" type="nursery" />
<cycle-start id="1905" type="scavenge" contextid="0" timestamp="2019-07-02T19:17:54.428" intervalms="48.464" />
  <attribute name="GC Util" value="2" />
  <attribute name="CPU Util" value="370280480380" />
  <attribute name="Time Running"value="5140"/>
  <attribute name="Number of cores"value="4"/>
<gc-start id="1906" type="scavenge" contextid="1905" timestamp="2019-07-02T19:17:54.428">
  <mem-info id="1907" free="1909232" total="15269888" percent="12">
    <mem type="nursery" free="0" total="8257536" percent="0">
      <mem type="allocate" free="0" total="6881280" percent="0" />
      <mem type="survivor" free="0" total="1376256" percent="0" />
    </mem>
    <mem type="tenure" free="1909232" total="7012352" percent="27">
      <mem type="soa" free="1620664" total="6662144" percent="24" />
      <mem type="loa" free="288568" total="350208" percent="82" />
    </mem>
    <remembered-set count="301" />
  </mem-info>
</gc-start>
<allocation-stats totalBytes="5806472" >
  <allocated-bytes non-tlh="49168" tlh="5757304" />
  <largest-consumer threadName="Thread-3" threadId="000000000173B200" bytes="1745952" />
</allocation-stats>
<gc-op id="1908" type="scavenge" timems="1.109" contextid="1905" timestamp="2019-07-02T19:17:54.429">
  <scavenger-info tenureage="3" tenuremask="7ff8" tiltratio="83" />
  <memory-copied type="nursery" objects="2626" bytes="967032" bytesdiscarded="145136" />
  <references type="weak" candidates="1" cleared="0" enqueued="0" />
  <references type="phantom" candidates="1" cleared="0" enqueued="0" />
</gc-op>
<gc-end id="1909" type="scavenge" contextid="1905" durationms="1.516" usertimems="0.000" systemtimems="0.000" timestamp="2019-07-02T19:17:54.429" activeThreads="4">
  <mem-info id="1910" free="7678280" total="15269888" percent="50">
    <mem type="nursery" free="5769048" total="8257536" percent="69">
      <mem type="allocate" free="5769048" total="6881280" percent="83" />
      <mem type="survivor" free="0" total="1376256" percent="0" />
    </mem>
    <mem type="tenure" free="1909232" total="7012352" percent="27">
      <mem type="soa" free="1620664" total="6662144" percent="24" />
      <mem type="loa" free="288568" total="350208" percent="82" />
    </mem>
    <remembered-set count="100" />
  </mem-info>
</gc-end>
<cycle-end id="1911" type="scavenge" contextid="1905" timestamp="2019-07-02T19:17:54.429">
  <attribute name="GC Util" value="2" />
  <attribute name="CPU Util" value="380711089822" />
  <attribute name="Time Running"value="5189"/>
  <attribute name="Number of cores"value="4"/>
</cycle-end>
<allocation-satisfied id="1912" threadId="000000000173B200" bytesRequested="16392" />
<af-end id="1913" timestamp="2019-07-02T19:17:54.430" threadId="000000000173BB88" success="true" from="nursery"/>
<exclusive-end id="1914" timestamp="2019-07-02T19:17:54.430" durationms="2.179" />

<exclusive-start id="1915" timestamp="2019-07-02T19:17:54.468" intervalms="40.366">
  <response-info timems="0.039" idlems="0.039" threads="0" lastid="000000000173B200" lastname="Thread-3" />
</exclusive-start>
<af-start id="1916" threadId="000000000173BB88" totalBytesRequested="32776" timestamp="2019-07-02T19:17:54.468" intervalms="40.373" type="nursery" />
<cycle-start id="1917" type="scavenge" contextid="0" timestamp="2019-07-02T19:17:54.468" intervalms="40.376" />
  <attribute name="GC Util" value="2" />
  <attribute name="CPU Util" value="380711089822" />
  <attribute name="Time Running"value="5189"/>
  <attribute name="Number of cores"value="4"/>
<gc-start id="1918" type="scavenge" contextid="1917" timestamp="2019-07-02T19:17:54.468">
  <mem-info id="1919" free="1909232" total="15269888" percent="12">
    <mem type="nursery" free="0" total="8257536" percent="0">
      <mem type="allocate" free="0" total="6881280" percent="0" />
      <mem type="survivor" free="0" total="1376256" percent="0" />
    </mem>
    <mem type="tenure" free="1909232" total="7012352" percent="27">
      <mem type="soa" free="1620664" total="6662144" percent="24" />
      <mem type="loa" free="288568" total="350208" percent="82" />
    </mem>
    <remembered-set count="318" />
  </mem-info>
</gc-start>
<allocation-stats totalBytes="5730960" >
  <allocated-bytes non-tlh="16392" tlh="5714568" />
  <largest-consumer threadName="Thread-5" threadId="0000000001742A00" bytes="1812760" />
</allocation-stats>
<gc-op id="1920" type="scavenge" timems="0.707" contextid="1917" timestamp="2019-07-02T19:17:54.469">
  <scavenger-info tenureage="3" tenuremask="7ff8" tiltratio="83" />
  <memory-copied type="nursery" objects="1988" bytes="909536" bytesdiscarded="114800" />
</gc-op>
<gc-end id="1921" type="scavenge" contextid="1917" durationms="1.082" usertimems="0.000" systemtimems="0.000" timestamp="2019-07-02T19:17:54.469" activeThreads="4">
  <mem-info id="1922" free="7831648" total="15269888" percent="51">
    <mem type="nursery" free="5922416" total="8257536" percent="71">
      <mem type="allocate" free="5922416" total="6946816" percent="85" />
      <mem type="survivor" free="0" total="1310720" percent="0" />
    </mem>
    <mem type="tenure" free="1909232" total="7012352" percent="27">
      <mem type="soa" free="1620664" total="6662144" percent="24" />
      <mem type="loa" free="288568" total="350208" percent="82" />
    </mem>
    <remembered-set count="103" />
  </mem-info>
</gc-end>
<cycle-end id="1923" type="scavenge" contextid="1917" timestamp="2019-07-02T19:17:54.469">
  <attribute name="GC Util" value="5" />
  <attribute name="CPU Util" value="456868486534" />
  <attribute name="Time Running"value="5229"/>
  <attribute name="Number of cores"value="4"/>
</cycle-end>
<allocation-satisfied id="1924" threadId="000000000173B200" bytesRequested="32776" />
<af-end id="1925" timestamp="2019-07-02T19:17:54.470" threadId="000000000173BB88" success="true" from="nursery"/>
<exclusive-end id="1926" timestamp="2019-07-02T19:17:54.470" durationms="1.794" />

<exclusive-start id="1927" timestamp="2019-07-02T19:17:54.515" intervalms="47.064">
  <response-info timems="0.025" idlems="0.025" threads="0" lastid="0000000001746500" lastname="Thread-6" />
</exclusive-start>
<af-start id="1928" threadId="0000000001746E88" totalBytesRequested="2056" timestamp="2019-07-02T19:17:54.515" intervalms="47.056" type="nursery" />
<cycle-start id="1929" type="scavenge" contextid="0" timestamp="2019-07-02T19:17:54.515" intervalms="47.059" />
  <attribute name="GC Util" value="5" />
  <attribute name="CPU Util" value="456868486534" />
  <attribute name="Time Running"value="5229"/>
  <attribute name="Number of cores"value="4"/>
<gc-start id="1930" type="scavenge" contextid="1929" timestamp="2019-07-02T19:17:54.515">
  <mem-info id="1931" free="1909232" total="15269888" percent="12">
    <mem type="nursery" free="0" total="8257536" percent="0">
      <mem type="allocate" free="0" total="6946816" percent="0" />
      <mem type="survivor" free="0" total="1310720" percent="0" />
    </mem>
    <mem type="tenure" free="1909232" total="7012352" percent="27">
      <mem type="soa" free="1620664" total="6662144" percent="24" />
      <mem type="loa" free="288568" total="350208" percent="82" />
    </mem>
    <remembered-set count="322" />
  </mem-info>
</gc-start>
<allocation-stats totalBytes="5895600" >
  <allocated-bytes non-tlh="32776" tlh="5862824" />
  <largest-consumer threadName="Thread-6" threadId="0000000001746500" bytes="1585112" />
</allocation-stats>
<gc-op id="1932" type="scavenge" timems="1.092" contextid="1929" timestamp="2019-07-02T19:17:54.516">
  <scavenger-info tenureage="3" tenuremask="7ff8" tiltratio="84" />
  <memory-copied type="nursery" objects="2668" bytes="1040096" bytesdiscarded="120192" />
  <memory-copied type="tenure" objects="4" bytes="144" bytesdiscarded="0" />
  <references type="phantom" candidates="1" cleared="0" enqueued="0" />
</gc-op>
<gc-end id="1933" type="scavenge" contextid="1929" durationms="1.448" usertimems="0.000" systemtimems="0.000" timestamp="2019-07-02T19:17:54.517" activeThreads="4">
  <mem-info id="1934" free="7693088" total="15269888" percent="50">
    <mem type="nursery" free="5786456" total="8257536" percent="70">
      <mem type="allocate" free="5786456" total="6946816" percent="83" />
      <mem type="survivor" free="0" total="1310720" percent="0" />
    </mem>
    <mem type="tenure" free="1906632" total="7012352" percent="27">
      <mem type="soa" free="1618064" total="6662144" percent="24" />
      <mem type="loa" free="288568" total="350208" percent="82" />
    </mem>
    <remembered-set count="109" />
  </mem-info>
</gc-end>
<cycle-end id="1935" type="scavenge" contextid="1929" timestamp="2019-07-02T19:17:54.517">
  <attribute name="GC Util" value="3" />
  <attribute name="CPU Util" value="392002303685" />
  <attribute name="Time Running"value="5276"/>
  <attribute name="Number of cores"value="4"/>
</cycle-end>
<allocation-satisfied id="1936" threadId="0000000001746500" bytesRequested="2056" />
<af-end id="1937" timestamp="2019-07-02T19:17:54.517" threadId="0000000001746E88" success="true" from="nursery"/>
<exclusive-end id="1938" timestamp="2019-07-02T19:17:54.517" durationms="1.884" />

<exclusive-start id="1939" timestamp="2019-07-02T19:17:54.563" intervalms="48.116">
  <response-info timems="0.152" idlems="0.083" threads="1" lastid="000000000173EE00" lastname="Thread-4" />
</exclusive-start>
<af-start id="1940" threadId="0000000001743388" totalBytesRequested="824" timestamp="2019-07-02T19:17:54.563" intervalms="48.110" type="nursery" />
<cycle-start id="1941" type="scavenge" contextid="0" timestamp="2019-07-02T19:17:54.563" intervalms="48.091" />
  <attribute name="GC Util" value="3" />
  <attribute name="CPU Util" value="392002303685" />
  <attribute name="Time Running"value="5276"/>
  <attribute name="Number of cores"value="4"/>
<gc-start id="1942" type="scavenge" contextid="1941" timestamp="2019-07-02T19:17:54.563">
  <mem-info id="1943" free="1906632" total="15269888" percent="12">
    <mem type="nursery" free="0" total="8257536" percent="0">
      <mem type="allocate" free="0" total="6946816" percent="0" />
      <mem type="survivor" free="0" total="1310720" percent="0" />
    </mem>
    <mem type="tenure" free="1906632" total="7012352" percent="27">
      <mem type="soa" free="1618064" total="6662144" percent="24" />
      <mem type="loa" free="288568" total="350208" percent="82" />
    </mem>
    <remembered-set count="309" />
  </mem-info>
</gc-start>
<allocation-stats totalBytes="5750904" >
  <allocated-bytes non-tlh="2056" tlh="5748848" />
  <largest-consumer threadName="Thread-4" threadId="000000000173EE00" bytes="2190128" />
</allocation-stats>
<gc-op id="1944" type="scavenge" timems="1.772" contextid="1941" timestamp="2019-07-02T19:17:54.565">
  <scavenger-info tenureage="3" tenuremask="7ff8" tiltratio="84" />
  <memory-copied type="nursery" objects="2353" bytes="950768" bytesdiscarded="214968" />
  <references type="phantom" candidates="1" cleared="0" enqueued="0" />
</gc-op>
<gc-end id="1945" type="scavenge" contextid="1941" durationms="1.938" usertimems="0.000" systemtimems="4.000" timestamp="2019-07-02T19:17:54.565" activeThreads="4">
  <mem-info id="1946" free="7753168" total="15269888" percent="50">
    <mem type="nursery" free="5846536" total="8257536" percent="70">
      <mem type="allocate" free="5846536" total="7012352" percent="83" />
      <mem type="survivor" free="0" total="1245184" percent="0" />
    </mem>
    <mem type="tenure" free="1906632" total="7012352" percent="27">
      <mem type="soa" free="1618064" total="6662144" percent="24" />
      <mem type="loa" free="288568" total="350208" percent="82" />
    </mem>
    <remembered-set count="95" />
  </mem-info>
</gc-end>
<cycle-end id="1947" type="scavenge" contextid="1941" timestamp="2019-07-02T19:17:54.565">
  <attribute name="GC Util" value="4" />
  <attribute name="CPU Util" value="383850234072" />
  <attribute name="Time Running"value="5324"/>
  <attribute name="Number of cores"value="4"/>
</cycle-end>
<allocation-satisfied id="1948" threadId="0000000001742A00" bytesRequested="824" />
<af-end id="1949" timestamp="2019-07-02T19:17:54.565" threadId="0000000001743388" success="true" from="nursery"/>
<exclusive-end id="1950" timestamp="2019-07-02T19:17:54.565" durationms="2.388" />

<exclusive-start id="1951" timestamp="2019-07-02T19:17:54.608" intervalms="45.061">
  <response-info timems="0.025" idlems="0.025" threads="0" lastid="000000000173EE00" lastname="Thread-4" />
</exclusive-start>
<af-start id="1952" threadId="000000000173F788" totalBytesRequested="280" timestamp="2019-07-02T19:17:54.608" intervalms="45.064" type="nursery" />
<cycle-start id="1953" type="scavenge" contextid="0" timestamp="2019-07-02T19:17:54.608" intervalms="45.074" />
  <attribute name="GC Util" value="4" />
  <attribute name="CPU Util" value="383850234072" />
  <attribute name="Time Running"value="5324"/>
  <attribute name="Number of cores"value="4"/>
<gc-start id="1954" type="scavenge" contextid="1953" timestamp="2019-07-02T19:17:54.608">
  <mem-info id="1955" free="1906632" total="15269888" percent="12">
    <mem type="nursery" free="0" total="8257536" percent="0">
      <mem type="allocate" free="0" total="7012352" percent="0" />
      <mem type="survivor" free="0" total="1245184" percent="0" />
    </mem>
    <mem type="tenure" free="1906632" total="7012352" percent="27">
      <mem type="soa" free="1618064" total="6662144" percent="24" />
      <mem type="loa" free="288568" total="350208" percent="82" />
    </mem>
    <remembered-set count="316" />
  </mem-info>
</gc-start>
<allocation-stats totalBytes="5786232" >
  <allocated-bytes non-tlh="33600" tlh="5752632" />
  <largest-consumer threadName="Thread-3" threadId="000000000173B200" bytes="1851056" />
</allocation-stats>
<gc-op id="1956" type="scavenge" timems="0.378" contextid="1953" timestamp="2019-07-02T19:17:54.609">
  <scavenger-info tenureage="3" tenuremask="7ff8" tiltratio="84" />
  <memory-copied type="nursery" objects="2679" bytes="1024400" bytesdiscarded="220720" />
  <memory-copied type="tenure" objects="4" bytes="144" bytesdiscarded="0" />
</gc-op>
<gc-end id="1957" type="scavenge" contextid="1953" durationms="0.558" usertimems="0.000" systemtimems="4.000" timestamp="2019-07-02T19:17:54.609" activeThreads="4">
  <mem-info id="1958" free="7673800" total="15269888" percent="50">
    <mem type="nursery" free="5767168" total="8257536" percent="69">
      <mem type="allocate" free="5767168" total="7012352" percent="82" />
      <mem type="survivor" free="0" total="1245184" percent="0" />
    </mem>
    <mem type="tenure" free="1906632" total="7012352" percent="27">
      <mem type="soa" free="1618064" total="6662144" percent="24" />
      <mem type="loa" free="288568" total="350208" percent="82" />
    </mem>
    <remembered-set count="108" />
  </mem-info>
</gc-end>
<cycle-end id="1959" type="scavenge" contextid="1953" timestamp="2019-07-02T19:17:54.609">
  <attribute name="GC Util" value="6" />
  <attribute name="CPU Util" value="409014615944" />
  <attribute name="Time Running"value="5369"/>
  <attribute name="Number of cores"value="4"/>
</cycle-end>
<allocation-satisfied id="1960" threadId="000000000173EE00" bytesRequested="280" />
<af-end id="1961" timestamp="2019-07-02T19:17:54.609" threadId="000000000173F788" success="true" from="nursery"/>
<exclusive-end id="1962" timestamp="2019-07-02T19:17:54.609" durationms="0.978" />

<exclusive-start id="1963" timestamp="2019-07-02T19:17:54.653" intervalms="45.212">
  <response-info timems="0.039" idlems="0.039" threads="0" lastid="0000000001746500" lastname="Thread-6" />
</exclusive-start>
<af-start id="1964" threadId="0000000001746E88" totalBytesRequested="16392" timestamp="2019-07-02T19:17:54.653" intervalms="45.213" type="nursery" />
<cycle-start id="1965" type="scavenge" contextid="0" timestamp="2019-07-02T19:17:54.653" intervalms="45.217" />
  <attribute name="GC Util" value="6" />
  <attribute name="CPU Util" value="409014615944" />
  <attribute name="Time Running"value="5369"/>
  <attribute name="Number of cores"value="4"/>
<gc-start id="1966" type="scavenge" contextid="1965" timestamp="2019-07-02T19:17:54.654">
  <mem-info id="1967" free="1906632" total="15269888" percent="12">
    <mem type="nursery" free="0" total="8257536" percent="0">
      <mem type="allocate" free="0" total="7012352" percent="0" />
      <mem type="survivor" free="0" total="1245184" percent="0" />
    </mem>
    <mem type="tenure" free="1906632" total="7012352" percent="27">
      <mem type="soa" free="1618064" total="6662144" percent="24" />
      <mem type="loa" free="288568" total="350208" percent="82" />
    </mem>
    <remembered-set count="315" />
  </mem-info>
</gc-start>
<allocation-stats totalBytes="5739712" >
  <allocated-bytes non-tlh="33056" tlh="5706656" />
  <largest-consumer threadName="Thread-3" threadId="000000000173B200" bytes="2178416" />
</allocation-stats>
<gc-op id="1968" type="scavenge" timems="0.753" contextid="1965" timestamp="2019-07-02T19:17:54.654">
  <scavenger-info tenureage="3" tenuremask="7ff8" tiltratio="84" />
  <memory-copied type="nursery" objects="1975" bytes="885112" bytesdiscarded="229112" />
  <memory-copied type="tenure" objects="4" bytes="144" bytesdiscarded="0" />
  <references type="phantom" candidates="1" cleared="0" enqueued="0" />
</gc-op>
<gc-end id="1969" type="scavenge" contextid="1965" durationms="1.112" usertimems="4.000" systemtimems="0.000" timestamp="2019-07-02T19:17:54.655" activeThreads="4">
  <mem-info id="1970" free="7870224" total="15269888" percent="51">
    <mem type="nursery" free="5963592" total="8257536" percent="72">
      <mem type="allocate" free="5963592" total="7077888" percent="84" />
      <mem type="survivor" free="0" total="1179648" percent="0" />
    </mem>
    <mem type="tenure" free="1906632" total="7012352" percent="27">
      <mem type="soa" free="1618064" total="6662144" percent="24" />
      <mem type="loa" free="288568" total="350208" percent="82" />
    </mem>
    <remembered-set count="105" />
  </mem-info>
</gc-end>
<cycle-end id="1971" type="scavenge" contextid="1965" timestamp="2019-07-02T19:17:54.655">
  <attribute name="GC Util" value="2" />
  <attribute name="CPU Util" value="407871114181" />
  <attribute name="Time Running"value="5415"/>
  <attribute name="Number of cores"value="4"/>
</cycle-end>
<allocation-satisfied id="1972" threadId="0000000001746500" bytesRequested="16392" />
<af-end id="1973" timestamp="2019-07-02T19:17:54.655" threadId="0000000001746E88" success="true" from="nursery"/>
<exclusive-end id="1974" timestamp="2019-07-02T19:17:54.655" durationms="1.543" />

<exclusive-start id="1975" timestamp="2019-07-02T19:17:54.699" intervalms="45.227">
  <response-info timems="0.046" idlems="0.046" threads="0" lastid="000000000173B200" lastname="Thread-3" />
</exclusive-start>
<af-start id="1976" threadId="000000000173BB88" totalBytesRequested="16392" timestamp="2019-07-02T19:17:54.699" intervalms="45.227" type="nursery" />
<cycle-start id="1977" type="scavenge" contextid="0" timestamp="2019-07-02T19:17:54.699" intervalms="45.223" />
  <attribute name="GC Util" value="2" />
  <attribute name="CPU Util" value="407871114181" />
  <attribute name="Time Running"value="5415"/>
  <attribute name="Number of cores"value="4"/>
<gc-start id="1978" type="scavenge" contextid="1977" timestamp="2019-07-02T19:17:54.699">
  <mem-info id="1979" free="1906632" total="15269888" percent="12">
    <mem type="nursery" free="0" total="8257536" percent="0">
      <mem type="allocate" free="0" total="7077888" percent="0" />
      <mem type="survivor" free="0" total="1179648" percent="0" />
    </mem>
    <mem type="tenure" free="1906632" total="7012352" percent="27">
      <mem type="soa" free="1618064" total="6662144" percent="24" />
      <mem type="loa" free="288568" total="350208" percent="82" />
    </mem>
    <remembered-set count="319" />
  </mem-info>
</gc-start>
<allocation-stats totalBytes="5919624" >
  <allocated-bytes non-tlh="114720" tlh="5804904" />
  <largest-consumer threadName="Thread-3" threadId="000000000173B200" bytes="2136880" />
</allocation-stats>
<gc-op id="1980" type="scavenge" timems="0.427" contextid="1977" timestamp="2019-07-02T19:17:54.699">
  <scavenger-info tenureage="3" tenuremask="7ff8" tiltratio="85" />
  <memory-copied type="nursery" objects="2068" bytes="894544" bytesdiscarded="213864" />
</gc-op>
<gc-end id="1981" type="scavenge" contextid="1977" durationms="0.630" usertimems="0.000" systemtimems="0.000" timestamp="2019-07-02T19:17:54.699" activeThreads="4">
  <mem-info id="1982" free="7876048" total="15269888" percent="51">
    <mem type="nursery" free="5969416" total="8257536" percent="72">
      <mem type="allocate" free="5969416" total="7077888" percent="84" />
      <mem type="survivor" free="0" total="1179648" percent="0" />
    </mem>
    <mem type="tenure" free="1906632" total="7012352" percent="27">
      <mem type="soa" free="1618064" total="6662144" percent="24" />
      <mem type="loa" free="288568" total="350208" percent="82" />
    </mem>
    <remembered-set count="106" />
  </mem-info>
</gc-end>
<cycle-end id="1983" type="scavenge" contextid="1977" timestamp="2019-07-02T19:17:54.699">
  <attribute name="GC Util" value="3" />
  <attribute name="CPU Util" value="407897296007" />
  <attribute name="Time Running"value="5460"/>
  <attribute name="Number of cores"value="4"/>
</cycle-end>
<allocation-satisfied id="1984" threadId="000000000173B200" bytesRequested="16392" />
<af-end id="1985" timestamp="2019-07-02T19:17:54.700" threadId="000000000173BB88" success="true" from="nursery"/>
<exclusive-end id="1986" timestamp="2019-07-02T19:17:54.700" durationms="1.042" />

<exclusive-start id="1987" timestamp="2019-07-02T19:17:54.741" intervalms="42.152">
  <response-info timems="0.042" idlems="0.042" threads="0" lastid="000000000173B200" lastname="Thread-3" />
</exclusive-start>
<af-start id="1988" threadId="000000000173BB88" totalBytesRequested="824" timestamp="2019-07-02T19:17:54.741" intervalms="42.153" type="nursery" />
<cycle-start id="1989" type="scavenge" contextid="0" timestamp="2019-07-02T19:17:54.741" intervalms="42.153" />
  <attribute name="GC Util" value="3" />
  <attribute name="CPU Util" value="407897296007" />
  <attribute name="Time Running"value="5460"/>
  <attribute name="Number of cores"value="4"/>
<gc-start id="1990" type="scavenge" contextid="1989" timestamp="2019-07-02T19:17:54.741">
  <mem-info id="1991" free="1906632" total="15269888" percent="12">
    <mem type="nursery" free="0" total="8257536" percent="0">
      <mem type="allocate" free="0" total="7077888" percent="0" />
      <mem type="survivor" free="0" total="1179648" percent="0" />
    </mem>
    <mem type="tenure" free="1906632" total="7012352" percent="27">
      <mem type="soa" free="1618064" total="6662144" percent="24" />
      <mem type="loa" free="288568" total="350208" percent="82" />
    </mem>
    <remembered-set count="312" />
  </mem-info>
</gc-start>
<allocation-stats totalBytes="5961648" >
  <allocated-bytes non-tlh="49168" tlh="5912480" />
  <largest-consumer threadName="Thread-3" threadId="000000000173B200" bytes="1823864" />
</allocation-stats>
<gc-op id="1992" type="scavenge" timems="0.370" contextid="1989" timestamp="2019-07-02T19:17:54.741">
  <scavenger-info tenureage="3" tenuremask="7ff8" tiltratio="85" />
  <memory-copied type="nursery" objects="2394" bytes="972544" bytesdiscarded="20624" />
  <memory-copied type="tenure" objects="4" bytes="144" bytesdiscarded="0" />
</gc-op>
<gc-end id="1993" type="scavenge" contextid="1989" durationms="0.553" usertimems="4.000" systemtimems="0.000" timestamp="2019-07-02T19:17:54.741" activeThreads="4">
  <mem-info id="1994" free="7991280" total="15269888" percent="52">
    <mem type="nursery" free="6084648" total="8257536" percent="73">
      <mem type="allocate" free="6084648" total="7077888" percent="85" />
      <mem type="survivor" free="0" total="1179648" percent="0" />
    </mem>
    <mem type="tenure" free="1906632" total="7012352" percent="27">
      <mem type="soa" free="1618064" total="6662144" percent="24" />
      <mem type="loa" free="288568" total="350208" percent="82" />
    </mem>
    <remembered-set count="102" />
  </mem-info>
</gc-end>
<cycle-end id="1995" type="scavenge" contextid="1989" timestamp="2019-07-02T19:17:54.742">
  <attribute name="GC Util" value="2" />
  <attribute name="CPU Util" value="437711063536" />
  <attribute name="Time Running"value="5502"/>
  <attribute name="Number of cores"value="4"/>
</cycle-end>
<allocation-satisfied id="1996" threadId="000000000173B200" bytesRequested="824" />
<af-end id="1997" timestamp="2019-07-02T19:17:54.742" threadId="000000000173BB88" success="true" from="nursery"/>
<exclusive-end id="1998" timestamp="2019-07-02T19:17:54.742" durationms="0.965" />

<exclusive-start id="1999" timestamp="2019-07-02T19:17:54.794" intervalms="52.868">
  <response-info timems="0.034" idlems="0.034" threads="0" lastid="0000000001746500" lastname="Thread-6" />
</exclusive-start>
<af-start id="2000" threadId="0000000001746E88" totalBytesRequested="8200" timestamp="2019-07-02T19:17:54.794" intervalms="52.872" type="nursery" />
<cycle-start id="2001" type="scavenge" contextid="0" timestamp="2019-07-02T19:17:54.794" intervalms="52.873" />
  <attribute name="GC Util" value="2" />
  <attribute name="CPU Util" value="437711063536" />
  <attribute name="Time Running"value="5502"/>
  <attribute name="Number of cores"value="4"/>
<gc-start id="2002" type="scavenge" contextid="2001" timestamp="2019-07-02T19:17:54.794">
  <mem-info id="2003" free="1906632" total="15269888" percent="12">
    <mem type="nursery" free="0" total="8257536" percent="0">
      <mem type="allocate" free="0" total="7077888" percent="0" />
      <mem type="survivor" free="0" total="1179648" percent="0" />
    </mem>
    <mem type="tenure" free="1906632" total="7012352" percent="27">
      <mem type="soa" free="1618064" total="6662144" percent="24" />
      <mem type="loa" free="288568" total="350208" percent="82" />
    </mem>
    <remembered-set count="291" />
  </mem-info>
</gc-start>
<allocation-stats totalBytes="6075704" >
  <allocated-bytes non-tlh="824" tlh="6074880" />
  <largest-consumer threadName="Thread-3" threadId="000000000173B200" bytes="2433256" />
</allocation-stats>
<gc-op id="2004" type="scavenge" timems="0.758" contextid="2001" timestamp="2019-07-02T19:17:54.795">
  <scavenger-info tenureage="3" tenuremask="7ff8" tiltratio="85" />
  <memory-copied type="nursery" objects="2204" bytes="838840" bytesdiscarded="198304" />
  <memory-copied type="tenure" objects="3" bytes="152" bytesdiscarded="0" />
  <references type="weak" candidates="1" cleared="0" enqueued="0" />
  <references type="phantom" candidates="1" cleared="0" enqueued="0" />
</gc-op>
<gc-end id="2005" type="scavenge" contextid="2001" durationms="1.115" usertimems="4.000" systemtimems="0.000" timestamp="2019-07-02T19:17:54.795" activeThreads="4">
  <mem-info id="2006" free="7947320" total="15269888" percent="52">
    <mem type="nursery" free="6040688" total="8257536" percent="73">
      <mem type="allocate" free="6040688" total="7077888" percent="85" />
      <mem type="survivor" free="0" total="1179648" percent="0" />
    </mem>
    <mem type="tenure" free="1906632" total="7012352" percent="27">
      <mem type="soa" free="1618064" total="6662144" percent="24" />
      <mem type="loa" free="288568" total="350208" percent="82" />
    </mem>
    <remembered-set count="107" />
  </mem-info>
</gc-end>
<cycle-end id="2007" type="scavenge" contextid="2001" timestamp="2019-07-02T19:17:54.795">
  <attribute name="GC Util" value="1" />
  <attribute name="CPU Util" value="348869867847" />
  <attribute name="Time Running"value="5555"/>
  <attribute name="Number of cores"value="4"/>
</cycle-end>
<allocation-satisfied id="2008" threadId="0000000001746500" bytesRequested="8200" />
<af-end id="2009" timestamp="2019-07-02T19:17:54.795" threadId="0000000001746E88" success="true" from="nursery"/>
<exclusive-end id="2010" timestamp="2019-07-02T19:17:54.795" durationms="1.548" />

<exclusive-start id="2011" timestamp="2019-07-02T19:17:54.834" intervalms="40.587">
  <response-info timems="0.061" idlems="0.061" threads="0" lastid="0000000001742A00" lastname="Thread-5" />
</exclusive-start>
<af-start id="2012" threadId="0000000001743388" totalBytesRequested="2056" timestamp="2019-07-02T19:17:54.834" intervalms="40.582" type="nursery" />
<cycle-start id="2013" type="scavenge" contextid="0" timestamp="2019-07-02T19:17:54.834" intervalms="40.572" />
  <attribute name="GC Util" value="1" />
  <attribute name="CPU Util" value="348869867847" />
  <attribute name="Time Running"value="5555"/>
  <attribute name="Number of cores"value="4"/>
<gc-start id="2014" type="scavenge" contextid="2013" timestamp="2019-07-02T19:17:54.834">
  <mem-info id="2015" free="1906632" total="15269888" percent="12">
    <mem type="nursery" free="0" total="8257536" percent="0">
      <mem type="allocate" free="0" total="7077888" percent="0" />
      <mem type="survivor" free="0" total="1179648" percent="0" />
    </mem>
    <mem type="tenure" free="1906632" total="7012352" percent="27">
      <mem type="soa" free="1618064" total="6662144" percent="24" />
      <mem type="loa" free="288568" total="350208" percent="82" />
    </mem>
    <remembered-set count="318" />
  </mem-info>
</gc-start>
<allocation-stats totalBytes="5956048" >
  <allocated-bytes non-tlh="73752" tlh="5882296" />
  <largest-consumer threadName="Thread-6" threadId="0000000001746500" bytes="2882448" />
</allocation-stats>
<gc-op id="2016" type="scavenge" timems="4.385" contextid="2013" timestamp="2019-07-02T19:17:54.839">
  <scavenger-info tenureage="3" tenuremask="7ff8" tiltratio="85" />
  <memory-copied type="nursery" objects="2438" bytes="1003048" bytesdiscarded="94720" />
  <memory-copied type="tenure" objects="4" bytes="144" bytesdiscarded="0" />
  <references type="phantom" candidates="1" cleared="0" enqueued="0" />
</gc-op>
<heap-resize id="2017" type="expand" space="nursery" amount="393216" count="1" timems="0.029" reason="excessive time being spent scavenging" timestamp="2019-07-02T19:17:54.839" />
<gc-end id="2018" type="scavenge" contextid="2013" durationms="4.718" usertimems="8.000" systemtimems="0.000" timestamp="2019-07-02T19:17:54.839" activeThreads="4">
  <mem-info id="2019" free="8148824" total="15663104" percent="52">
    <mem type="nursery" free="6242192" total="8650752" percent="72">
      <mem type="allocate" free="6242192" total="7340032" percent="85" />
      <mem type="survivor" free="0" total="1310720" percent="0" />
    </mem>
    <mem type="tenure" free="1906632" total="7012352" percent="27">
      <mem type="soa" free="1618064" total="6662144" percent="24" />
      <mem type="loa" free="288568" total="350208" percent="82" />
    </mem>
    <remembered-set count="110" />
  </mem-info>
</gc-end>
<cycle-end id="2020" type="scavenge" contextid="2013" timestamp="2019-07-02T19:17:54.839">
  <attribute name="GC Util" value="3" />
  <attribute name="CPU Util" value="455004092087" />
  <attribute name="Time Running"value="5595"/>
  <attribute name="Number of cores"value="4"/>
</cycle-end>
<allocation-satisfied id="2021" threadId="0000000001742A00" bytesRequested="2056" />
<af-end id="2022" timestamp="2019-07-02T19:17:54.839" threadId="0000000001743388" success="true" from="nursery"/>
<exclusive-end id="2023" timestamp="2019-07-02T19:17:54.839" durationms="5.234" />

<exclusive-start id="2024" timestamp="2019-07-02T19:17:54.890" intervalms="55.366">
  <response-info timems="0.036" idlems="0.036" threads="0" lastid="000000000173EE00" lastname="Thread-4" />
</exclusive-start>
<af-start id="2025" threadId="000000000173F788" totalBytesRequested="16392" timestamp="2019-07-02T19:17:54.890" intervalms="55.367" type="nursery" />
<cycle-start id="2026" type="scavenge" contextid="0" timestamp="2019-07-02T19:17:54.890" intervalms="55.381" />
  <attribute name="GC Util" value="3" />
  <attribute name="CPU Util" value="455004092087" />
  <attribute name="Time Running"value="5595"/>
  <attribute name="Number of cores"value="4"/>
<gc-start id="2027" type="scavenge" contextid="2026" timestamp="2019-07-02T19:17:54.890">
  <mem-info id="2028" free="1906632" total="15663104" percent="12">
    <mem type="nursery" free="0" total="8650752" percent="0">
      <mem type="allocate" free="0" total="7340032" percent="0" />
      <mem type="survivor" free="0" total="1310720" percent="0" />
    </mem>
    <mem type="tenure" free="1906632" total="7012352" percent="27">
      <mem type="soa" free="1618064" total="6662144" percent="24" />
      <mem type="loa" free="288568" total="350208" percent="82" />
    </mem>
    <remembered-set count="315" />
  </mem-info>
</gc-start>
<allocation-stats totalBytes="6204128" >
  <allocated-bytes non-tlh="34832" tlh="6169296" />
  <largest-consumer threadName="Thread-6" threadId="0000000001746500" bytes="1727944" />
</allocation-stats>
<gc-op id="2029" type="scavenge" timems="0.535" contextid="2026" timestamp="2019-07-02T19:17:54.890">
  <scavenger-info tenureage="3" tenuremask="7ff8" tiltratio="84" />
  <memory-copied type="nursery" objects="2578" bytes="1020096" bytesdiscarded="195488" />
  <memory-copied type="tenure" objects="4" bytes="144" bytesdiscarded="0" />
  <references type="weak" candidates="1" cleared="0" enqueued="0" />
  <references type="phantom" candidates="1" cleared="0" enqueued="0" />
</gc-op>
<gc-end id="2030" type="scavenge" contextid="2026" durationms="0.729" usertimems="0.000" systemtimems="0.000" timestamp="2019-07-02T19:17:54.890" activeThreads="4">
  <mem-info id="2031" free="8162088" total="15663104" percent="52">
    <mem type="nursery" free="6255456" total="8650752" percent="72">
      <mem type="allocate" free="6255456" total="7471104" percent="83" />
      <mem type="survivor" free="0" total="1179648" percent="0" />
    </mem>
    <mem type="tenure" free="1906632" total="7012352" percent="27">
      <mem type="soa" free="1618064" total="6662144" percent="24" />
      <mem type="loa" free="288568" total="350208" percent="82" />
    </mem>
    <remembered-set count="106" />
  </mem-info>
</gc-end>
<cycle-end id="2032" type="scavenge" contextid="2026" timestamp="2019-07-02T19:17:54.891">
  <attribute name="GC Util" value="13" />
  <attribute name="CPU Util" value="332912635278" />
  <attribute name="Time Running"value="5651"/>
  <attribute name="Number of cores"value="4"/>
</cycle-end>
<allocation-satisfied id="2033" threadId="000000000173EE00" bytesRequested="16392" />
<af-end id="2034" timestamp="2019-07-02T19:17:54.891" threadId="000000000173F788" success="true" from="nursery"/>
<exclusive-end id="2035" timestamp="2019-07-02T19:17:54.891" durationms="1.169" />

<exclusive-start id="2036" timestamp="2019-07-02T19:17:54.946" intervalms="56.820">
  <response-info timems="0.051" idlems="0.051" threads="0" lastid="0000000001742A00" lastname="Thread-5" />
</exclusive-start>
<af-start id="2037" threadId="0000000001743388" totalBytesRequested="48" timestamp="2019-07-02T19:17:54.946" intervalms="56.827" type="nursery" />
<cycle-start id="2038" type="scavenge" contextid="0" timestamp="2019-07-02T19:17:54.946" intervalms="56.813" />
  <attribute name="GC Util" value="13" />
  <attribute name="CPU Util" value="332912635278" />
  <attribute name="Time Running"value="5651"/>
  <attribute name="Number of cores"value="4"/>
<gc-start id="2039" type="scavenge" contextid="2038" timestamp="2019-07-02T19:17:54.947">
  <mem-info id="2040" free="1906632" total="15663104" percent="12">
    <mem type="nursery" free="0" total="8650752" percent="0">
      <mem type="allocate" free="0" total="7471104" percent="0" />
      <mem type="survivor" free="0" total="1179648" percent="0" />
    </mem>
    <mem type="tenure" free="1906632" total="7012352" percent="27">
      <mem type="soa" free="1618064" total="6662144" percent="24" />
      <mem type="loa" free="288568" total="350208" percent="82" />
    </mem>
    <remembered-set count="303" />
  </mem-info>
</gc-start>
<allocation-stats totalBytes="6211944" >
  <allocated-bytes non-tlh="16392" tlh="6195552" />
  <largest-consumer threadName="Thread-6" threadId="0000000001746500" bytes="2036136" />
</allocation-stats>
<gc-op id="2041" type="scavenge" timems="2.382" contextid="2038" timestamp="2019-07-02T19:17:54.949">
  <scavenger-info tenureage="3" tenuremask="7ff8" tiltratio="86" />
  <memory-copied type="nursery" objects="2477" bytes="943288" bytesdiscarded="60904" />
  <references type="phantom" candidates="1" cleared="0" enqueued="0" />
</gc-op>
<gc-end id="2042" type="scavenge" contextid="2038" durationms="2.545" usertimems="8.000" systemtimems="0.000" timestamp="2019-07-02T19:17:54.949" activeThreads="4">
  <mem-info id="2043" free="8373472" total="15663104" percent="53">
    <mem type="nursery" free="6466840" total="8650752" percent="74">
      <mem type="allocate" free="6466840" total="7471104" percent="86" />
      <mem type="survivor" free="0" total="1179648" percent="0" />
    </mem>
    <mem type="tenure" free="1906632" total="7012352" percent="27">
      <mem type="soa" free="1618064" total="6662144" percent="24" />
      <mem type="loa" free="288568" total="350208" percent="82" />
    </mem>
    <remembered-set count="106" />
  </mem-info>
</gc-end>
<cycle-end id="2044" type="scavenge" contextid="2038" timestamp="2019-07-02T19:17:54.949">
  <attribute name="GC Util" value="2" />
  <attribute name="CPU Util" value="324839681006" />
  <attribute name="Time Running"value="5708"/>
  <attribute name="Number of cores"value="4"/>
</cycle-end>
<allocation-satisfied id="2045" threadId="0000000001742A00" bytesRequested="48" />
<af-end id="2046" timestamp="2019-07-02T19:17:54.949" threadId="0000000001743388" success="true" from="nursery"/>
<exclusive-end id="2047" timestamp="2019-07-02T19:17:54.949" durationms="2.912" />

<exclusive-start id="2048" timestamp="2019-07-02T19:17:55.005" intervalms="58.879">
  <response-info timems="0.031" idlems="0.031" threads="0" lastid="000000000173B200" lastname="Thread-3" />
</exclusive-start>
<af-start id="2049" threadId="000000000173BB88" totalBytesRequested="16392" timestamp="2019-07-02T19:17:55.005" intervalms="58.917" type="nursery" />
<cycle-start id="2050" type="scavenge" contextid="0" timestamp="2019-07-02T19:17:55.005" intervalms="58.935" />
  <attribute name="GC Util" value="2" />
  <attribute name="CPU Util" value="324839681006" />
  <attribute name="Time Running"value="5708"/>
  <attribute name="Number of cores"value="4"/>
<gc-start id="2051" type="scavenge" contextid="2050" timestamp="2019-07-02T19:17:55.005">
  <mem-info id="2052" free="1906632" total="15663104" percent="12">
    <mem type="nursery" free="0" total="8650752" percent="0">
      <mem type="allocate" free="0" total="7471104" percent="0" />
      <mem type="survivor" free="0" total="1179648" percent="0" />
    </mem>
    <mem type="tenure" free="1906632" total="7012352" percent="27">
      <mem type="soa" free="1618064" total="6662144" percent="24" />
      <mem type="loa" free="288568" total="350208" percent="82" />
    </mem>
    <remembered-set count="328" />
  </mem-info>
</gc-start>
<allocation-stats totalBytes="6408912" >
  <allocated-bytes non-tlh="48" tlh="6408864" />
  <largest-consumer threadName="Thread-6" threadId="0000000001746500" bytes="2464856" />
</allocation-stats>
<gc-op id="2053" type="scavenge" timems="0.518" contextid="2050" timestamp="2019-07-02T19:17:55.006">
  <scavenger-info tenureage="3" tenuremask="7ff8" tiltratio="86" />
  <memory-copied type="nursery" objects="2044" bytes="859320" bytesdiscarded="123848" />
  <memory-copied type="tenure" objects="4" bytes="144" bytesdiscarded="0" />
</gc-op>
<gc-end id="2054" type="scavenge" contextid="2050" durationms="0.723" usertimems="0.000" systemtimems="0.000" timestamp="2019-07-02T19:17:55.006" activeThreads="4">
  <mem-info id="2055" free="8460040" total="15663104" percent="54">
    <mem type="nursery" free="6553408" total="8650752" percent="75">
      <mem type="allocate" free="6553408" total="7536640" percent="86" />
      <mem type="survivor" free="0" total="1114112" percent="0" />
    </mem>
    <mem type="tenure" free="1906632" total="7012352" percent="27">
      <mem type="soa" free="1618064" total="6662144" percent="24" />
      <mem type="loa" free="288568" total="350208" percent="82" />
    </mem>
    <remembered-set count="102" />
  </mem-info>
</gc-end>
<cycle-end id="2056" type="scavenge" contextid="2050" timestamp="2019-07-02T19:17:55.006">
  <attribute name="GC Util" value="6" />
  <attribute name="CPU Util" value="312818283985" />
  <attribute name="Time Running"value="5767"/>
  <attribute name="Number of cores"value="4"/>
</cycle-end>
<allocation-satisfied id="2057" threadId="000000000173B200" bytesRequested="16392" />
<af-end id="2058" timestamp="2019-07-02T19:17:55.007" threadId="000000000173BB88" success="true" from="nursery"/>
<exclusive-end id="2059" timestamp="2019-07-02T19:17:55.007" durationms="1.644" />

<exclusive-start id="2060" timestamp="2019-07-02T19:17:55.074" intervalms="68.363">
  <response-info timems="0.067" idlems="0.067" threads="0" lastid="0000000001742A00" lastname="Thread-5" />
</exclusive-start>
<af-start id="2061" threadId="0000000001743388" totalBytesRequested="520" timestamp="2019-07-02T19:17:55.074" intervalms="68.305" type="nursery" />
<cycle-start id="2062" type="scavenge" contextid="0" timestamp="2019-07-02T19:17:55.074" intervalms="68.285" />
  <attribute name="GC Util" value="6" />
  <attribute name="CPU Util" value="312818283985" />
  <attribute name="Time Running"value="5767"/>
  <attribute name="Number of cores"value="4"/>
<gc-start id="2063" type="scavenge" contextid="2062" timestamp="2019-07-02T19:17:55.074">
  <mem-info id="2064" free="1906632" total="15663104" percent="12">
    <mem type="nursery" free="0" total="8650752" percent="0">
      <mem type="allocate" free="0" total="7536640" percent="0" />
      <mem type="survivor" free="0" total="1114112" percent="0" />
    </mem>
    <mem type="tenure" free="1906632" total="7012352" percent="27">
      <mem type="soa" free="1618064" total="6662144" percent="24" />
      <mem type="loa" free="288568" total="350208" percent="82" />
    </mem>
    <remembered-set count="313" />
  </mem-info>
</gc-start>
<allocation-stats totalBytes="6475144" >
  <allocated-bytes non-tlh="16392" tlh="6458752" />
  <largest-consumer threadName="Thread-5" threadId="0000000001742A00" bytes="2055368" />
</allocation-stats>
<gc-op id="2065" type="scavenge" timems="2.967" contextid="2062" timestamp="2019-07-02T19:17:55.077">
  <scavenger-info tenureage="3" tenuremask="7ff8" tiltratio="87" />
  <memory-copied type="nursery" objects="2414" bytes="971712" bytesdiscarded="89448" />
  <memory-copied type="tenure" objects="4" bytes="144" bytesdiscarded="0" />
</gc-op>
<gc-end id="2066" type="scavenge" contextid="2062" durationms="3.121" usertimems="4.000" systemtimems="0.000" timestamp="2019-07-02T19:17:55.077" activeThreads="4">
  <mem-info id="2067" free="8316512" total="15663104" percent="53">
    <mem type="nursery" free="6409880" total="8650752" percent="74">
      <mem type="allocate" free="6409880" total="7471104" percent="85" />
      <mem type="survivor" free="0" total="1179648" percent="0" />
    </mem>
    <mem type="tenure" free="1906632" total="7012352" percent="27">
      <mem type="soa" free="1618064" total="6662144" percent="24" />
      <mem type="loa" free="288568" total="350208" percent="82" />
    </mem>
    <remembered-set count="99" />
  </mem-info>
</gc-end>
<cycle-end id="2068" type="scavenge" contextid="2062" timestamp="2019-07-02T19:17:55.077">
  <attribute name="GC Util" value="1" />
  <attribute name="CPU Util" value="270270998862" />
  <attribute name="Time Running"value="5835"/>
  <attribute name="Number of cores"value="4"/>
</cycle-end>
<allocation-satisfied id="2069" threadId="0000000001742A00" bytesRequested="520" />
<af-end id="2070" timestamp="2019-07-02T19:17:55.077" threadId="0000000001743388" success="true" from="nursery"/>
<exclusive-end id="2071" timestamp="2019-07-02T19:17:55.077" durationms="3.488" />

<exclusive-start id="2072" timestamp="2019-07-02T19:17:55.143" intervalms="69.873">
  <response-info timems="0.044" idlems="0.044" threads="0" lastid="000000000173B200" lastname="Thread-3" />
</exclusive-start>
<af-start id="2073" threadId="000000000173BB88" totalBytesRequested="32776" timestamp="2019-07-02T19:17:55.144" intervalms="69.884" type="nursery" />
<cycle-start id="2074" type="scavenge" contextid="0" timestamp="2019-07-02T19:17:55.144" intervalms="69.895" />
  <attribute name="GC Util" value="1" />
  <attribute name="CPU Util" value="270270998862" />
  <attribute name="Time Running"value="5835"/>
  <attribute name="Number of cores"value="4"/>
<gc-start id="2075" type="scavenge" contextid="2074" timestamp="2019-07-02T19:17:55.144">
  <mem-info id="2076" free="1906632" total="15663104" percent="12">
    <mem type="nursery" free="0" total="8650752" percent="0">
      <mem type="allocate" free="0" total="7471104" percent="0" />
      <mem type="survivor" free="0" total="1179648" percent="0" />
    </mem>
    <mem type="tenure" free="1906632" total="7012352" percent="27">
      <mem type="soa" free="1618064" total="6662144" percent="24" />
      <mem type="loa" free="288568" total="350208" percent="82" />
    </mem>
    <remembered-set count="318" />
  </mem-info>
</gc-start>
<allocation-stats totalBytes="6390104" >
  <allocated-bytes non-tlh="520" tlh="6389584" />
  <largest-consumer threadName="Thread-5" threadId="0000000001742A00" bytes="2062968" />
</allocation-stats>
<gc-op id="2077" type="scavenge" timems="0.392" contextid="2074" timestamp="2019-07-02T19:17:55.144">
  <scavenger-info tenureage="3" tenuremask="7ff8" tiltratio="86" />
  <memory-copied type="nursery" objects="2561" bytes="952040" bytesdiscarded="227536" />
  <memory-copied type="tenure" objects="84" bytes="9840" bytesdiscarded="0" />
  <copy-failed type="nursery" objects="84" bytes="9840" />
</gc-op>
<gc-end id="2078" type="scavenge" contextid="2074" durationms="0.588" usertimems="0.000" systemtimems="0.000" timestamp="2019-07-02T19:17:55.144" activeThreads="4">
  <mem-info id="2079" free="8240456" total="15663104" percent="52">
    <mem type="nursery" free="6356992" total="8650752" percent="73">
      <mem type="allocate" free="6356992" total="7536640" percent="84" />
      <mem type="survivor" free="0" total="1114112" percent="0" />
    </mem>
    <mem type="tenure" free="1883464" total="7012352" percent="26">
      <mem type="soa" free="1594896" total="6662144" percent="23" />
      <mem type="loa" free="288568" total="350208" percent="82" />
    </mem>
    <remembered-set count="104" />
  </mem-info>
</gc-end>
<cycle-end id="2080" type="scavenge" contextid="2074" timestamp="2019-07-02T19:17:55.144">
  <attribute name="GC Util" value="7" />
  <attribute name="CPU Util" value="263819767526" />
  <attribute name="Time Running"value="5905"/>
  <attribute name="Number of cores"value="4"/>
</cycle-end>
<allocation-satisfied id="2081" threadId="000000000173B200" bytesRequested="32776" />
<af-end id="2082" timestamp="2019-07-02T19:17:55.144" threadId="000000000173BB88" success="true" from="nursery"/>
<exclusive-end id="2083" timestamp="2019-07-02T19:17:55.144" durationms="1.025" />

<exclusive-start id="2084" timestamp="2019-07-02T19:17:55.186" intervalms="42.961">
  <response-info timems="0.170" idlems="0.092" threads="1" lastid="000000000173B200" lastname="Thread-3" />
</exclusive-start>
<af-start id="2085" threadId="000000000173F788" totalBytesRequested="32776" timestamp="2019-07-02T19:17:55.186" intervalms="42.959" type="nursery" />
<cycle-start id="2086" type="scavenge" contextid="0" timestamp="2019-07-02T19:17:55.187" intervalms="42.958" />
  <attribute name="GC Util" value="7" />
  <attribute name="CPU Util" value="263819767526" />
  <attribute name="Time Running"value="5905"/>
  <attribute name="Number of cores"value="4"/>
<gc-start id="2087" type="scavenge" contextid="2086" timestamp="2019-07-02T19:17:55.187">
  <mem-info id="2088" free="1883464" total="15663104" percent="12">
    <mem type="nursery" free="0" total="8650752" percent="0">
      <mem type="allocate" free="0" total="7536640" percent="0" />
      <mem type="survivor" free="0" total="1114112" percent="0" />
    </mem>
    <mem type="tenure" free="1883464" total="7012352" percent="26">
      <mem type="soa" free="1594896" total="6662144" percent="23" />
      <mem type="loa" free="288568" total="350208" percent="82" />
    </mem>
    <remembered-set count="309" />
  </mem-info>
</gc-start>
<allocation-stats totalBytes="6260320" >
  <allocated-bytes non-tlh="65552" tlh="6194768" />
  <largest-consumer threadName="Thread-5" threadId="0000000001742A00" bytes="1858320" />
</allocation-stats>
<gc-op id="2089" type="scavenge" timems="0.373" contextid="2086" timestamp="2019-07-02T19:17:55.187">
  <scavenger-info tenureage="3" tenuremask="7ff8" tiltratio="87" />
  <memory-copied type="nursery" objects="1465" bytes="758968" bytesdiscarded="205736" />
  <references type="phantom" candidates="1" cleared="0" enqueued="0" />
</gc-op>
<gc-end id="2090" type="scavenge" contextid="2086" durationms="0.550" usertimems="0.000" systemtimems="4.000" timestamp="2019-07-02T19:17:55.187" activeThreads="4">
  <mem-info id="2091" free="8520864" total="15663104" percent="54">
    <mem type="nursery" free="6637400" total="8650752" percent="76">
      <mem type="allocate" free="6637400" total="7602176" percent="87" />
      <mem type="survivor" free="0" total="1048576" percent="0" />
    </mem>
    <mem type="tenure" free="1883464" total="7012352" percent="26">
      <mem type="soa" free="1594896" total="6662144" percent="23" />
      <mem type="loa" free="288568" total="350208" percent="82" />
    </mem>
    <remembered-set count="104" />
  </mem-info>
</gc-end>
<cycle-end id="2092" type="scavenge" contextid="2086" timestamp="2019-07-02T19:17:55.187">
  <attribute name="GC Util" value="2" />
  <attribute name="CPU Util" value="429493878668" />
  <attribute name="Time Running"value="5948"/>
  <attribute name="Number of cores"value="4"/>
</cycle-end>
<allocation-satisfied id="2093" threadId="000000000173EE00" bytesRequested="32776" />
<af-end id="2094" timestamp="2019-07-02T19:17:55.187" threadId="000000000173F788" success="true" from="nursery"/>
<exclusive-end id="2095" timestamp="2019-07-02T19:17:55.187" durationms="0.960" />

<exclusive-start id="2096" timestamp="2019-07-02T19:17:55.238" intervalms="51.824">
  <response-info timems="0.042" idlems="0.042" threads="0" lastid="0000000001746500" lastname="Thread-6" />
</exclusive-start>
<af-start id="2097" threadId="0000000001746E88" totalBytesRequested="16392" timestamp="2019-07-02T19:17:55.238" intervalms="51.832" type="nursery" />
<cycle-start id="2098" type="scavenge" contextid="0" timestamp="2019-07-02T19:17:55.238" intervalms="51.836" />
  <attribute name="GC Util" value="2" />
  <attribute name="CPU Util" value="429493878668" />
  <attribute name="Time Running"value="5948"/>
  <attribute name="Number of cores"value="4"/>
<gc-start id="2099" type="scavenge" contextid="2098" timestamp="2019-07-02T19:17:55.238">
  <mem-info id="2100" free="1883464" total="15663104" percent="12">
    <mem type="nursery" free="0" total="8650752" percent="0">
      <mem type="allocate" free="0" total="7602176" percent="0" />
      <mem type="survivor" free="0" total="1048576" percent="0" />
    </mem>
    <mem type="tenure" free="1883464" total="7012352" percent="26">
      <mem type="soa" free="1594896" total="6662144" percent="23" />
      <mem type="loa" free="288568" total="350208" percent="82" />
    </mem>
    <remembered-set count="322" />
  </mem-info>
</gc-start>
<allocation-stats totalBytes="6543248" >
  <allocated-bytes non-tlh="32776" tlh="6510472" />
  <largest-consumer threadName="Thread-6" threadId="0000000001746500" bytes="1985360" />
</allocation-stats>
<gc-op id="2101" type="scavenge" timems="1.560" contextid="2098" timestamp="2019-07-02T19:17:55.240">
  <scavenger-info tenureage="4" tenuremask="7ff0" tiltratio="87" />
  <memory-copied type="nursery" objects="1923" bytes="767744" bytesdiscarded="280768" />
  <references type="weak" candidates="1" cleared="0" enqueued="0" />
  <references type="phantom" candidates="2" cleared="0" enqueued="0" />
</gc-op>
<gc-end id="2102" type="scavenge" contextid="2098" durationms="2.122" usertimems="4.000" systemtimems="0.000" timestamp="2019-07-02T19:17:55.241" activeThreads="4">
  <mem-info id="2103" free="8437064" total="15663104" percent="53">
    <mem type="nursery" free="6553600" total="8650752" percent="75">
      <mem type="allocate" free="6553600" total="7602176" percent="86" />
      <mem type="survivor" free="0" total="1048576" percent="0" />
    </mem>
    <mem type="tenure" free="1883464" total="7012352" percent="26" macro-fragmented="0">
      <mem type="soa" free="1594896" total="6662144" percent="23" />
      <mem type="loa" free="288568" total="350208" percent="82" />
    </mem>
    <remembered-set count="109" />
  </mem-info>
</gc-end>
<cycle-end id="2104" type="scavenge" contextid="2098" timestamp="2019-07-02T19:17:55.241">
  <attribute name="GC Util" value="1" />
  <attribute name="CPU Util" value="355787487347" />
  <attribute name="Time Running"value="6000"/>
  <attribute name="Number of cores"value="4"/>
</cycle-end>
<allocation-satisfied id="2105" threadId="0000000001746500" bytesRequested="16392" />
<af-end id="2106" timestamp="2019-07-02T19:17:55.241" threadId="0000000001746E88" success="true" from="nursery"/>
<exclusive-end id="2107" timestamp="2019-07-02T19:17:55.241" durationms="2.562" />

<exclusive-start id="2108" timestamp="2019-07-02T19:17:55.293" intervalms="54.299">
  <response-info timems="0.049" idlems="0.049" threads="0" lastid="000000000173B200" lastname="Thread-3" />
</exclusive-start>
<af-start id="2109" threadId="000000000173BB88" totalBytesRequested="16392" timestamp="2019-07-02T19:17:55.293" intervalms="54.297" type="nursery" />
<cycle-start id="2110" type="scavenge" contextid="0" timestamp="2019-07-02T19:17:55.293" intervalms="54.461" />
  <attribute name="GC Util" value="1" />
  <attribute name="CPU Util" value="355787487347" />
  <attribute name="Time Running"value="6000"/>
  <attribute name="Number of cores"value="4"/>
<gc-start id="2111" type="scavenge" contextid="2110" timestamp="2019-07-02T19:17:55.293">
  <mem-info id="2112" free="1883464" total="15663104" percent="12">
    <mem type="nursery" free="0" total="8650752" percent="0">
      <mem type="allocate" free="0" total="7602176" percent="0" />
      <mem type="survivor" free="0" total="1048576" percent="0" />
    </mem>
    <mem type="tenure" free="1883464" total="7012352" percent="26">
      <mem type="soa" free="1594896" total="6662144" percent="23" />
      <mem type="loa" free="288568" total="350208" percent="82" />
    </mem>
    <remembered-set count="317" />
  </mem-info>
</gc-start>
<allocation-stats totalBytes="6504424" >
  <allocated-bytes non-tlh="16392" tlh="6488032" />
  <largest-consumer threadName="Thread-4" threadId="000000000173EE00" bytes="2019664" />
</allocation-stats>
<gc-op id="2113" type="scavenge" timems="0.396" contextid="2110" timestamp="2019-07-02T19:17:55.293">
  <scavenger-info tenureage="4" tenuremask="7ff0" tiltratio="87" />
  <memory-copied type="nursery" objects="2119" bytes="794792" bytesdiscarded="253720" />
</gc-op>
<gc-end id="2114" type="scavenge" contextid="2110" durationms="0.655" usertimems="0.000" systemtimems="0.000" timestamp="2019-07-02T19:17:55.294" activeThreads="4">
  <mem-info id="2115" free="8502600" total="15663104" percent="54">
    <mem type="nursery" free="6619136" total="8650752" percent="76">
      <mem type="allocate" free="6619136" total="7667712" percent="86" />
      <mem type="survivor" free="0" total="983040" percent="0" />
    </mem>
    <mem type="tenure" free="1883464" total="7012352" percent="26" macro-fragmented="10920">
      <mem type="soa" free="1594896" total="6662144" percent="23" />
      <mem type="loa" free="288568" total="350208" percent="82" />
    </mem>
    <remembered-set count="106" />
  </mem-info>
</gc-end>
<cycle-end id="2116" type="scavenge" contextid="2110" timestamp="2019-07-02T19:17:55.294">
  <attribute name="GC Util" value="5" />
  <attribute name="CPU Util" value="338651928008" />
  <attribute name="Time Running"value="6054"/>
  <attribute name="Number of cores"value="4"/>
</cycle-end>
<allocation-satisfied id="2117" threadId="000000000173B200" bytesRequested="16392" />
<af-end id="2118" timestamp="2019-07-02T19:17:55.294" threadId="000000000173BB88" success="true" from="nursery"/>
<exclusive-end id="2119" timestamp="2019-07-02T19:17:55.294" durationms="1.428" />

<exclusive-start id="2120" timestamp="2019-07-02T19:17:55.342" intervalms="49.089">
  <response-info timems="0.108" idlems="0.063" threads="1" lastid="000000000173B200" lastname="Thread-3" />
</exclusive-start>
<af-start id="2121" threadId="0000000001743388" totalBytesRequested="520" timestamp="2019-07-02T19:17:55.342" intervalms="49.081" type="nursery" />
<cycle-start id="2122" type="scavenge" contextid="0" timestamp="2019-07-02T19:17:55.342" intervalms="48.909" />
  <attribute name="GC Util" value="5" />
  <attribute name="CPU Util" value="338651928008" />
  <attribute name="Time Running"value="6054"/>
  <attribute name="Number of cores"value="4"/>
<gc-start id="2123" type="scavenge" contextid="2122" timestamp="2019-07-02T19:17:55.342">
  <mem-info id="2124" free="1883464" total="15663104" percent="12">
    <mem type="nursery" free="0" total="8650752" percent="0">
      <mem type="allocate" free="0" total="7667712" percent="0" />
      <mem type="survivor" free="0" total="983040" percent="0" />
    </mem>
    <mem type="tenure" free="1883464" total="7012352" percent="26">
      <mem type="soa" free="1594896" total="6662144" percent="23" />
      <mem type="loa" free="288568" total="350208" percent="82" />
    </mem>
    <remembered-set count="317" />
  </mem-info>
</gc-start>
<allocation-stats totalBytes="6599656" >
  <allocated-bytes non-tlh="16392" tlh="6583264" />
  <largest-consumer threadName="Thread-6" threadId="0000000001746500" bytes="2137488" />
</allocation-stats>
<gc-op id="2125" type="scavenge" timems="3.230" contextid="2122" timestamp="2019-07-02T19:17:55.345">
  <scavenger-info tenureage="4" tenuremask="7ff0" tiltratio="88" />
  <memory-copied type="nursery" objects="2428" bytes="950736" bytesdiscarded="32232" />
  <memory-copied type="tenure" objects="25" bytes="57904" bytesdiscarded="720" />
  <copy-failed type="nursery" objects="23" bytes="57864" />
  <references type="phantom" candidates="1" cleared="0" enqueued="0" />
</gc-op>
<gc-end id="2126" type="scavenge" contextid="2122" durationms="3.505" usertimems="4.000" systemtimems="0.000" timestamp="2019-07-02T19:17:55.345" activeThreads="4">
  <mem-info id="2127" free="8117464" total="15663104" percent="51">
    <mem type="nursery" free="6291456" total="8650752" percent="72">
      <mem type="allocate" free="6291456" total="7274496" percent="86" />
      <mem type="survivor" free="0" total="1376256" percent="0" />
    </mem>
    <mem type="tenure" free="1826008" total="7012352" percent="26" macro-fragmented="13104">
      <mem type="soa" free="1537440" total="6662144" percent="23" />
      <mem type="loa" free="288568" total="350208" percent="82" />
    </mem>
    <remembered-set count="112" />
  </mem-info>
</gc-end>
<cycle-end id="2128" type="scavenge" contextid="2122" timestamp="2019-07-02T19:17:55.345">
  <attribute name="GC Util" value="2" />
  <attribute name="CPU Util" value="377411467079" />
  <attribute name="Time Running"value="6103"/>
  <attribute name="Number of cores"value="4"/>
</cycle-end>
<allocation-satisfied id="2129" threadId="0000000001742A00" bytesRequested="520" />
<af-end id="2130" timestamp="2019-07-02T19:17:55.345" threadId="0000000001743388" success="true" from="nursery"/>
<exclusive-end id="2131" timestamp="2019-07-02T19:17:55.345" durationms="3.870" />

<exclusive-start id="2132" timestamp="2019-07-02T19:17:55.392" intervalms="50.338">
  <response-info timems="0.044" idlems="0.044" threads="0" lastid="000000000173B200" lastname="Thread-3" />
</exclusive-start>
<af-start id="2133" threadId="000000000173BB88" totalBytesRequested="16392" timestamp="2019-07-02T19:17:55.392" intervalms="50.344" type="nursery" />
<cycle-start id="2134" type="scavenge" contextid="0" timestamp="2019-07-02T19:17:55.392" intervalms="50.349" />
  <attribute name="GC Util" value="2" />
  <attribute name="CPU Util" value="377411467079" />
  <attribute name="Time Running"value="6103"/>
  <attribute name="Number of cores"value="4"/>
<gc-start id="2135" type="scavenge" contextid="2134" timestamp="2019-07-02T19:17:55.392">
  <mem-info id="2136" free="1826008" total="15663104" percent="11">
    <mem type="nursery" free="0" total="8650752" percent="0">
      <mem type="allocate" free="0" total="7274496" percent="0" />
      <mem type="survivor" free="0" total="1376256" percent="0" />
    </mem>
    <mem type="tenure" free="1826008" total="7012352" percent="26">
      <mem type="soa" free="1537440" total="6662144" percent="23" />
      <mem type="loa" free="288568" total="350208" percent="82" />
    </mem>
    <remembered-set count="326" />
  </mem-info>
</gc-start>
<allocation-stats totalBytes="6260248" >
  <allocated-bytes non-tlh="520" tlh="6259728" />
  <largest-consumer threadName="Thread-6" threadId="0000000001746500" bytes="2743400" />
</allocation-stats>
<gc-op id="2137" type="scavenge" timems="0.352" contextid="2134" timestamp="2019-07-02T19:17:55.393">
  <scavenger-info tenureage="4" tenuremask="7ff0" tiltratio="84" />
  <memory-copied type="nursery" objects="2016" bytes="782688" bytesdiscarded="223760" />
  <memory-copied type="tenure" objects="4" bytes="144" bytesdiscarded="0" />
</gc-op>
<gc-end id="2138" type="scavenge" contextid="2134" durationms="0.623" usertimems="0.000" systemtimems="0.000" timestamp="2019-07-02T19:17:55.393" activeThreads="4">
  <mem-info id="2139" free="8159528" total="15663104" percent="52">
    <mem type="nursery" free="6333520" total="8650752" percent="73">
      <mem type="allocate" free="6333520" total="7340032" percent="86" />
      <mem type="survivor" free="0" total="1310720" percent="0" />
    </mem>
    <mem type="tenure" free="1826008" total="7012352" percent="26" macro-fragmented="0">
      <mem type="soa" free="1537440" total="6662144" percent="23" />
      <mem type="loa" free="288568" total="350208" percent="82" />
    </mem>
    <remembered-set count="106" />
  </mem-info>
</gc-end>
<cycle-end id="2140" type="scavenge" contextid="2134" timestamp="2019-07-02T19:17:55.393">
  <attribute name="GC Util" value="11" />
  <attribute name="CPU Util" value="366276257439" />
  <attribute name="Time Running"value="6153"/>
  <attribute name="Number of cores"value="4"/>
</cycle-end>
<allocation-satisfied id="2141" threadId="000000000173B200" bytesRequested="16392" />
<af-end id="2142" timestamp="2019-07-02T19:17:55.393" threadId="000000000173BB88" success="true" from="nursery"/>
<exclusive-end id="2143" timestamp="2019-07-02T19:17:55.393" durationms="1.044" />

<exclusive-start id="2144" timestamp="2019-07-02T19:17:55.436" intervalms="44.306">
  <response-info timems="0.041" idlems="0.022" threads="1" lastid="0000000001742A00" lastname="Thread-5" />
</exclusive-start>
<af-start id="2145" threadId="0000000001746E88" totalBytesRequested="16392" timestamp="2019-07-02T19:17:55.436" intervalms="44.311" type="nursery" />
<cycle-start id="2146" type="scavenge" contextid="0" timestamp="2019-07-02T19:17:55.436" intervalms="44.310" />
  <attribute name="GC Util" value="11" />
  <attribute name="CPU Util" value="366276257439" />
  <attribute name="Time Running"value="6153"/>
  <attribute name="Number of cores"value="4"/>
<gc-start id="2147" type="scavenge" contextid="2146" timestamp="2019-07-02T19:17:55.436">
  <mem-info id="2148" free="1826008" total="15663104" percent="11">
    <mem type="nursery" free="0" total="8650752" percent="0">
      <mem type="allocate" free="0" total="7340032" percent="0" />
      <mem type="survivor" free="0" total="1310720" percent="0" />
    </mem>
    <mem type="tenure" free="1826008" total="7012352" percent="26">
      <mem type="soa" free="1537440" total="6662144" percent="23" />
      <mem type="loa" free="288568" total="350208" percent="82" />
    </mem>
    <remembered-set count="316" />
  </mem-info>
</gc-start>
<allocation-stats totalBytes="6269232" >
  <allocated-bytes non-tlh="16392" tlh="6252840" />
  <largest-consumer threadName="Thread-3" threadId="000000000173B200" bytes="1897512" />
</allocation-stats>
<gc-op id="2149" type="scavenge" timems="0.760" contextid="2146" timestamp="2019-07-02T19:17:55.437">
  <scavenger-info tenureage="4" tenuremask="7ff0" tiltratio="84" />
  <memory-copied type="nursery" objects="1927" bytes="770784" bytesdiscarded="120504" />
  <memory-copied type="tenure" objects="1" bytes="104" bytesdiscarded="0" />
  <references type="weak" candidates="1" cleared="0" enqueued="0" />
  <references type="phantom" candidates="2" cleared="0" enqueued="0" />
</gc-op>
<gc-end id="2150" type="scavenge" contextid="2146" durationms="1.050" usertimems="4.000" systemtimems="0.000" timestamp="2019-07-02T19:17:55.438" activeThreads="4">
  <mem-info id="2151" free="8340224" total="15663104" percent="53">
    <mem type="nursery" free="6514216" total="8650752" percent="75">
      <mem type="allocate" free="6514216" total="7405568" percent="87" />
      <mem type="survivor" free="0" total="1245184" percent="0" />
    </mem>
    <mem type="tenure" free="1826008" total="7012352" percent="26" macro-fragmented="0">
      <mem type="soa" free="1537440" total="6662144" percent="23" />
      <mem type="loa" free="288568" total="350208" percent="82" />
    </mem>
    <remembered-set count="104" />
  </mem-info>
</gc-end>
<cycle-end id="2152" type="scavenge" contextid="2146" timestamp="2019-07-02T19:17:55.438">
  <attribute name="GC Util" value="2" />
  <attribute name="CPU Util" value="416287472770" />
  <attribute name="Time Running"value="6198"/>
  <attribute name="Number of cores"value="4"/>
</cycle-end>
<allocation-satisfied id="2153" threadId="0000000001746500" bytesRequested="16392" />
<af-end id="2154" timestamp="2019-07-02T19:17:55.438" threadId="0000000001746E88" success="true" from="nursery"/>
<exclusive-end id="2155" timestamp="2019-07-02T19:17:55.438" durationms="1.584" />

<exclusive-start id="2156" timestamp="2019-07-02T19:17:55.499" intervalms="62.577">
  <response-info timems="0.061" idlems="0.061" threads="0" lastid="0000000001742A00" lastname="Thread-5" />
</exclusive-start>
<af-start id="2157" threadId="0000000001743388" totalBytesRequested="48" timestamp="2019-07-02T19:17:55.499" intervalms="62.564" type="nursery" />
<cycle-start id="2158" type="scavenge" contextid="0" timestamp="2019-07-02T19:17:55.499" intervalms="62.555" />
  <attribute name="GC Util" value="2" />
  <attribute name="CPU Util" value="416287472770" />
  <attribute name="Time Running"value="6198"/>
  <attribute name="Number of cores"value="4"/>
<gc-start id="2159" type="scavenge" contextid="2158" timestamp="2019-07-02T19:17:55.499">
  <mem-info id="2160" free="1826008" total="15663104" percent="11">
    <mem type="nursery" free="0" total="8650752" percent="0">
      <mem type="allocate" free="0" total="7405568" percent="0" />
      <mem type="survivor" free="0" total="1245184" percent="0" />
    </mem>
    <mem type="tenure" free="1826008" total="7012352" percent="26">
      <mem type="soa" free="1537440" total="6662144" percent="23" />
      <mem type="loa" free="288568" total="350208" percent="82" />
    </mem>
    <remembered-set count="317" />
  </mem-info>
</gc-start>
<allocation-stats totalBytes="6510440" >
  <allocated-bytes non-tlh="16392" tlh="6494048" />
  <largest-consumer threadName="Thread-6" threadId="0000000001746500" bytes="2042456" />
</allocation-stats>
<gc-op id="2161" type="scavenge" timems="3.196" contextid="2158" timestamp="2019-07-02T19:17:55.502">
  <scavenger-info tenureage="4" tenuremask="7ff0" tiltratio="85" />
  <memory-copied type="nursery" objects="2662" bytes="1047968" bytesdiscarded="197152" />
  <memory-copied type="tenure" objects="4" bytes="144" bytesdiscarded="0" />
</gc-op>
<gc-end id="2162" type="scavenge" contextid="2158" durationms="3.542" usertimems="4.000" systemtimems="0.000" timestamp="2019-07-02T19:17:55.503" activeThreads="4">
  <mem-info id="2163" free="7782656" total="15663104" percent="49">
    <mem type="nursery" free="5963776" total="8650752" percent="68">
      <mem type="allocate" free="5963776" total="7208960" percent="82" />
      <mem type="survivor" free="0" total="1441792" percent="0" />
    </mem>
    <mem type="tenure" free="1818880" total="7012352" percent="25" macro-fragmented="4616">
      <mem type="soa" free="1530312" total="6662144" percent="22" />
      <mem type="loa" free="288568" total="350208" percent="82" />
    </mem>
    <remembered-set count="108" />
  </mem-info>
</gc-end>
<cycle-end id="2164" type="scavenge" contextid="2158" timestamp="2019-07-02T19:17:55.503">
  <attribute name="GC Util" value="2" />
  <attribute name="CPU Util" value="295011637788" />
  <attribute name="Time Running"value="6260"/>
  <attribute name="Number of cores"value="4"/>
</cycle-end>
<allocation-satisfied id="2165" threadId="0000000001742A00" bytesRequested="48" />
<af-end id="2166" timestamp="2019-07-02T19:17:55.503" threadId="0000000001743388" success="true" from="nursery"/>
<exclusive-end id="2167" timestamp="2019-07-02T19:17:55.503" durationms="4.320" />

<exclusive-start id="2168" timestamp="2019-07-02T19:17:55.543" intervalms="44.215">
  <response-info timems="0.036" idlems="0.036" threads="0" lastid="000000000173B200" lastname="Thread-3" />
</exclusive-start>
<af-start id="2169" threadId="000000000173BB88" totalBytesRequested="16392" timestamp="2019-07-02T19:17:55.543" intervalms="44.229" type="nursery" />
<cycle-start id="2170" type="scavenge" contextid="0" timestamp="2019-07-02T19:17:55.543" intervalms="44.240" />
  <attribute name="GC Util" value="2" />
  <attribute name="CPU Util" value="295011637788" />
  <attribute name="Time Running"value="6260"/>
  <attribute name="Number of cores"value="4"/>
<gc-start id="2171" type="scavenge" contextid="2170" timestamp="2019-07-02T19:17:55.543">
  <mem-info id="2172" free="1818880" total="15663104" percent="11">
    <mem type="nursery" free="0" total="8650752" percent="0">
      <mem type="allocate" free="0" total="7208960" percent="0" />
      <mem type="survivor" free="0" total="1441792" percent="0" />
    </mem>
    <mem type="tenure" free="1818880" total="7012352" percent="25">
      <mem type="soa" free="1530312" total="6662144" percent="22" />
      <mem type="loa" free="288568" total="350208" percent="82" />
    </mem>
    <remembered-set count="309" />
  </mem-info>
</gc-start>
<allocation-stats totalBytes="5931912" >
  <allocated-bytes non-tlh="48" tlh="5931864" />
  <largest-consumer threadName="Thread-4" threadId="000000000173EE00" bytes="1848416" />
</allocation-stats>
<gc-op id="2173" type="scavenge" timems="0.463" contextid="2170" timestamp="2019-07-02T19:17:55.544">
  <scavenger-info tenureage="4" tenuremask="7ff0" tiltratio="83" />
  <memory-copied type="nursery" objects="1933" bytes="745352" bytesdiscarded="162168" />
  <memory-copied type="tenure" objects="1" bytes="104" bytesdiscarded="0" />
  <references type="weak" candidates="1" cleared="0" enqueued="0" />
  <references type="phantom" candidates="1" cleared="0" enqueued="0" />
</gc-op>
<gc-end id="2174" type="scavenge" contextid="2170" durationms="0.899" usertimems="0.000" systemtimems="4.000" timestamp="2019-07-02T19:17:55.544" activeThreads="4">
  <mem-info id="2175" free="8185800" total="15663104" percent="52">
    <mem type="nursery" free="6366920" total="8650752" percent="73">
      <mem type="allocate" free="6366920" total="7274496" percent="87" />
      <mem type="survivor" free="0" total="1376256" percent="0" />
    </mem>
    <mem type="tenure" free="1818880" total="7012352" percent="25" macro-fragmented="8200">
      <mem type="soa" free="1530312" total="6662144" percent="22" />
      <mem type="loa" free="288568" total="350208" percent="82" />
    </mem>
    <remembered-set count="107" />
  </mem-info>
</gc-end>
<cycle-end id="2176" type="scavenge" contextid="2170" timestamp="2019-07-02T19:17:55.544">
  <attribute name="GC Util" value="11" />
  <attribute name="CPU Util" value="416719629104" />
  <attribute name="Time Running"value="6304"/>
  <attribute name="Number of cores"value="4"/>
</cycle-end>
<allocation-satisfied id="2177" threadId="000000000173B200" bytesRequested="16392" />
<af-end id="2178" timestamp="2019-07-02T19:17:55.544" threadId="000000000173BB88" success="true" from="nursery"/>
<exclusive-end id="2179" timestamp="2019-07-02T19:17:55.545" durationms="1.448" />

<exclusive-start id="2180" timestamp="2019-07-02T19:17:55.604" intervalms="61.119">
  <response-info timems="0.036" idlems="0.036" threads="0" lastid="000000000173B200" lastname="Thread-3" />
</exclusive-start>
<af-start id="2181" threadId="000000000173BB88" totalBytesRequested="8200" timestamp="2019-07-02T19:17:55.604" intervalms="61.114" type="nursery" />
<cycle-start id="2182" type="scavenge" contextid="0" timestamp="2019-07-02T19:17:55.604" intervalms="61.114" />
  <attribute name="GC Util" value="11" />
  <attribute name="CPU Util" value="416719629104" />
  <attribute name="Time Running"value="6304"/>
  <attribute name="Number of cores"value="4"/>
<gc-start id="2183" type="scavenge" contextid="2182" timestamp="2019-07-02T19:17:55.604">
  <mem-info id="2184" free="1818880" total="15663104" percent="11">
    <mem type="nursery" free="0" total="8650752" percent="0">
      <mem type="allocate" free="0" total="7274496" percent="0" />
      <mem type="survivor" free="0" total="1376256" percent="0" />
    </mem>
    <mem type="tenure" free="1818880" total="7012352" percent="25">
      <mem type="soa" free="1530312" total="6662144" percent="22" />
      <mem type="loa" free="288568" total="350208" percent="82" />
    </mem>
    <remembered-set count="318" />
  </mem-info>
</gc-start>
<allocation-stats totalBytes="6359384" >
  <allocated-bytes non-tlh="16392" tlh="6342992" />
  <largest-consumer threadName="Thread-6" threadId="0000000001746500" bytes="2194480" />
</allocation-stats>
<gc-op id="2185" type="scavenge" timems="0.424" contextid="2182" timestamp="2019-07-02T19:17:55.605">
  <scavenger-info tenureage="4" tenuremask="7ff0" tiltratio="84" />
  <memory-copied type="nursery" objects="2184" bytes="908880" bytesdiscarded="242360" />
  <references type="phantom" candidates="1" cleared="0" enqueued="0" />
</gc-op>
<gc-end id="2186" type="scavenge" contextid="2182" durationms="0.859" usertimems="0.000" systemtimems="0.000" timestamp="2019-07-02T19:17:55.605" activeThreads="4">
  <mem-info id="2187" free="8007600" total="15663104" percent="51">
    <mem type="nursery" free="6188720" total="8650752" percent="71">
      <mem type="allocate" free="6188720" total="7340032" percent="84" />
      <mem type="survivor" free="0" total="1310720" percent="0" />
    </mem>
    <mem type="tenure" free="1818880" total="7012352" percent="25" macro-fragmented="0">
      <mem type="soa" free="1530312" total="6662144" percent="22" />
      <mem type="loa" free="288568" total="350208" percent="82" />
    </mem>
    <remembered-set count="107" />
  </mem-info>
</gc-end>
<cycle-end id="2188" type="scavenge" contextid="2182" timestamp="2019-07-02T19:17:55.605">
  <attribute name="GC Util" value="1" />
  <attribute name="CPU Util" value="301859477384" />
  <attribute name="Time Running"value="6365"/>
  <attribute name="Number of cores"value="4"/>
</cycle-end>
<allocation-satisfied id="2189" threadId="000000000173B200" bytesRequested="8200" />
<af-end id="2190" timestamp="2019-07-02T19:17:55.605" threadId="000000000173BB88" success="true" from="nursery"/>
<exclusive-end id="2191" timestamp="2019-07-02T19:17:55.605" durationms="1.284" />

<exclusive-start id="2192" timestamp="2019-07-02T19:17:55.643" intervalms="38.624">
  <response-info timems="0.039" idlems="0.039" threads="0" lastid="000000000173EE00" lastname="Thread-4" />
</exclusive-start>
<af-start id="2193" threadId="000000000173F788" totalBytesRequested="2056" timestamp="2019-07-02T19:17:55.643" intervalms="38.627" type="nursery" />
<cycle-start id="2194" type="scavenge" contextid="0" timestamp="2019-07-02T19:17:55.643" intervalms="38.627" />
  <attribute name="GC Util" value="1" />
  <attribute name="CPU Util" value="301859477384" />
  <attribute name="Time Running"value="6365"/>
  <attribute name="Number of cores"value="4"/>
<gc-start id="2195" type="scavenge" contextid="2194" timestamp="2019-07-02T19:17:55.643">
  <mem-info id="2196" free="1818880" total="15663104" percent="11">
    <mem type="nursery" free="0" total="8650752" percent="0">
      <mem type="allocate" free="0" total="7340032" percent="0" />
      <mem type="survivor" free="0" total="1310720" percent="0" />
    </mem>
    <mem type="tenure" free="1818880" total="7012352" percent="25">
      <mem type="soa" free="1530312" total="6662144" percent="22" />
      <mem type="loa" free="288568" total="350208" percent="82" />
    </mem>
    <remembered-set count="313" />
  </mem-info>
</gc-start>
<allocation-stats totalBytes="6171160" >
  <allocated-bytes non-tlh="40976" tlh="6130184" />
  <largest-consumer threadName="Thread-4" threadId="000000000173EE00" bytes="2107120" />
</allocation-stats>
<gc-op id="2197" type="scavenge" timems="0.510" contextid="2194" timestamp="2019-07-02T19:17:55.644">
  <scavenger-info tenureage="4" tenuremask="7ff0" tiltratio="84" />
  <memory-copied type="nursery" objects="2653" bytes="1063512" bytesdiscarded="157752" />
  <memory-copied type="tenure" objects="4" bytes="144" bytesdiscarded="0" />
  <references type="phantom" candidates="1" cleared="0" enqueued="0" />
</gc-op>
<gc-end id="2198" type="scavenge" contextid="2194" durationms="0.965" usertimems="4.000" systemtimems="0.000" timestamp="2019-07-02T19:17:55.644" activeThreads="4">
  <mem-info id="2199" free="7872040" total="15663104" percent="50">
    <mem type="nursery" free="6053160" total="8650752" percent="69">
      <mem type="allocate" free="6053160" total="7274496" percent="83" />
      <mem type="survivor" free="0" total="1376256" percent="0" />
    </mem>
    <mem type="tenure" free="1818880" total="7012352" percent="25" macro-fragmented="1763">
      <mem type="soa" free="1530312" total="6662144" percent="22" />
      <mem type="loa" free="288568" total="350208" percent="82" />
    </mem>
    <remembered-set count="114" />
  </mem-info>
</gc-end>
<cycle-end id="2200" type="scavenge" contextid="2194" timestamp="2019-07-02T19:17:55.644">
  <attribute name="GC Util" value="2" />
  <attribute name="CPU Util" value="477527066856" />
  <attribute name="Time Running"value="6404"/>
  <attribute name="Number of cores"value="4"/>
</cycle-end>
<allocation-satisfied id="2201" threadId="000000000173EE00" bytesRequested="2056" />
<af-end id="2202" timestamp="2019-07-02T19:17:55.644" threadId="000000000173F788" success="true" from="nursery"/>
<exclusive-end id="2203" timestamp="2019-07-02T19:17:55.644" durationms="1.444" />

<exclusive-start id="2204" timestamp="2019-07-02T19:17:55.690" intervalms="46.811">
  <response-info timems="0.030" idlems="0.030" threads="0" lastid="000000000173B200" lastname="Thread-3" />
</exclusive-start>
<af-start id="2205" threadId="000000000173BB88" totalBytesRequested="32776" timestamp="2019-07-02T19:17:55.690" intervalms="46.812" type="nursery" />
<cycle-start id="2206" type="scavenge" contextid="0" timestamp="2019-07-02T19:17:55.690" intervalms="46.822" />
  <attribute name="GC Util" value="2" />
  <attribute name="CPU Util" value="477527066856" />
  <attribute name="Time Running"value="6404"/>
  <attribute name="Number of cores"value="4"/>
<gc-start id="2207" type="scavenge" contextid="2206" timestamp="2019-07-02T19:17:55.690">
  <mem-info id="2208" free="1818880" total="15663104" percent="11">
    <mem type="nursery" free="0" total="8650752" percent="0">
      <mem type="allocate" free="0" total="7274496" percent="0" />
      <mem type="survivor" free="0" total="1376256" percent="0" />
    </mem>
    <mem type="tenure" free="1818880" total="7012352" percent="25">
      <mem type="soa" free="1530312" total="6662144" percent="22" />
      <mem type="loa" free="288568" total="350208" percent="82" />
    </mem>
    <remembered-set count="320" />
  </mem-info>
</gc-start>
<allocation-stats totalBytes="6023888" >
  <allocated-bytes non-tlh="2056" tlh="6021832" />
  <largest-consumer threadName="Thread-6" threadId="0000000001746500" bytes="2481416" />
</allocation-stats>
<gc-op id="2209" type="scavenge" timems="0.413" contextid="2206" timestamp="2019-07-02T19:17:55.690">
  <scavenger-info tenureage="4" tenuremask="7ff0" tiltratio="84" />
  <memory-copied type="nursery" objects="2194" bytes="926992" bytesdiscarded="269440" />
</gc-op>
<gc-end id="2210" type="scavenge" contextid="2206" durationms="0.854" usertimems="0.000" systemtimems="0.000" timestamp="2019-07-02T19:17:55.691" activeThreads="4">
  <mem-info id="2211" free="7962416" total="15663104" percent="50">
    <mem type="nursery" free="6143536" total="8650752" percent="71">
      <mem type="allocate" free="6143536" total="7340032" percent="83" />
      <mem type="survivor" free="0" total="1310720" percent="0" />
    </mem>
    <mem type="tenure" free="1818880" total="7012352" percent="25" macro-fragmented="0">
      <mem type="soa" free="1530312" total="6662144" percent="22" />
      <mem type="loa" free="288568" total="350208" percent="82" />
    </mem>
    <remembered-set count="106" />
  </mem-info>
</gc-end>
<cycle-end id="2212" type="scavenge" contextid="2206" timestamp="2019-07-02T19:17:55.691">
  <attribute name="GC Util" value="2" />
  <attribute name="CPU Util" value="393963214316" />
  <attribute name="Time Running"value="6451"/>
  <attribute name="Number of cores"value="4"/>
</cycle-end>
<allocation-satisfied id="2213" threadId="000000000173B200" bytesRequested="32776" />
<af-end id="2214" timestamp="2019-07-02T19:17:55.691" threadId="000000000173BB88" success="true" from="nursery"/>
<exclusive-end id="2215" timestamp="2019-07-02T19:17:55.691" durationms="1.532" />

<exclusive-start id="2216" timestamp="2019-07-02T19:17:55.738" intervalms="47.937">
  <response-info timems="0.043" idlems="0.043" threads="0" lastid="000000000173EE00" lastname="Thread-4" />
</exclusive-start>
<af-start id="2217" threadId="000000000173F788" totalBytesRequested="24" timestamp="2019-07-02T19:17:55.738" intervalms="47.937" type="nursery" />
<cycle-start id="2218" type="scavenge" contextid="0" timestamp="2019-07-02T19:17:55.738" intervalms="47.927" />
  <attribute name="GC Util" value="2" />
  <attribute name="CPU Util" value="393963214316" />
  <attribute name="Time Running"value="6451"/>
  <attribute name="Number of cores"value="4"/>
<gc-start id="2219" type="scavenge" contextid="2218" timestamp="2019-07-02T19:17:55.738">
  <mem-info id="2220" free="1818880" total="15663104" percent="11">
    <mem type="nursery" free="0" total="8650752" percent="0">
      <mem type="allocate" free="0" total="7340032" percent="0" />
      <mem type="survivor" free="0" total="1310720" percent="0" />
    </mem>
    <mem type="tenure" free="1818880" total="7012352" percent="25">
      <mem type="soa" free="1530312" total="6662144" percent="22" />
      <mem type="loa" free="288568" total="350208" percent="82" />
    </mem>
    <remembered-set count="313" />
  </mem-info>
</gc-start>
<allocation-stats totalBytes="6138152" >
  <allocated-bytes non-tlh="65552" tlh="6072600" />
  <largest-consumer threadName="Thread-6" threadId="0000000001746500" bytes="2344112" />
</allocation-stats>
<gc-op id="2221" type="scavenge" timems="0.456" contextid="2218" timestamp="2019-07-02T19:17:55.738">
  <scavenger-info tenureage="4" tenuremask="7ff0" tiltratio="84" />
  <memory-copied type="nursery" objects="2322" bytes="925360" bytesdiscarded="125704" />
  <references type="phantom" candidates="1" cleared="0" enqueued="0" />
</gc-op>
<gc-end id="2222" type="scavenge" contextid="2218" durationms="0.887" usertimems="4.000" systemtimems="0.000" timestamp="2019-07-02T19:17:55.739" activeThreads="4">
  <mem-info id="2223" free="8173312" total="15663104" percent="52">
    <mem type="nursery" free="6354432" total="8650752" percent="73">
      <mem type="allocate" free="6354432" total="7405568" percent="85" />
      <mem type="survivor" free="0" total="1245184" percent="0" />
    </mem>
    <mem type="tenure" free="1818880" total="7012352" percent="25" macro-fragmented="1224">
      <mem type="soa" free="1530312" total="6662144" percent="22" />
      <mem type="loa" free="288568" total="350208" percent="82" />
    </mem>
    <remembered-set count="101" />
  </mem-info>
</gc-end>
<cycle-end id="2224" type="scavenge" contextid="2218" timestamp="2019-07-02T19:17:55.739">
  <attribute name="GC Util" value="2" />
  <attribute name="CPU Util" value="384847132303" />
  <attribute name="Time Running"value="6499"/>
  <attribute name="Number of cores"value="4"/>
</cycle-end>
<allocation-satisfied id="2225" threadId="000000000173EE00" bytesRequested="24" />
<af-end id="2226" timestamp="2019-07-02T19:17:55.739" threadId="000000000173F788" success="true" from="nursery"/>
<exclusive-end id="2227" timestamp="2019-07-02T19:17:55.739" durationms="1.487" />

<exclusive-start id="2228" timestamp="2019-07-02T19:17:55.783" intervalms="44.952">
  <response-info timems="0.030" idlems="0.030" threads="0" lastid="0000000001746500" lastname="Thread-6" />
</exclusive-start>
<af-start id="2229" threadId="0000000001746E88" totalBytesRequested="2056" timestamp="2019-07-02T19:17:55.783" intervalms="44.962" type="nursery" />
<cycle-start id="2230" type="scavenge" contextid="0" timestamp="2019-07-02T19:17:55.783" intervalms="44.965" />
  <attribute name="GC Util" value="2" />
  <attribute name="CPU Util" value="384847132303" />
  <attribute name="Time Running"value="6499"/>
  <attribute name="Number of cores"value="4"/>
<gc-start id="2231" type="scavenge" contextid="2230" timestamp="2019-07-02T19:17:55.783">
  <mem-info id="2232" free="1818880" total="15663104" percent="11">
    <mem type="nursery" free="0" total="8650752" percent="0">
      <mem type="allocate" free="0" total="7405568" percent="0" />
      <mem type="survivor" free="0" total="1245184" percent="0" />
    </mem>
    <mem type="tenure" free="1818880" total="7012352" percent="25">
      <mem type="soa" free="1530312" total="6662144" percent="22" />
      <mem type="loa" free="288568" total="350208" percent="82" />
    </mem>
    <remembered-set count="314" />
  </mem-info>
</gc-start>
<allocation-stats totalBytes="6332352" >
  <allocated-bytes non-tlh="24" tlh="6332328" />
  <largest-consumer threadName="Thread-3" threadId="000000000173B200" bytes="2018688" />
</allocation-stats>
<gc-op id="2233" type="scavenge" timems="0.803" contextid="2230" timestamp="2019-07-02T19:17:55.784">
  <scavenger-info tenureage="4" tenuremask="7ff0" tiltratio="85" />
  <memory-copied type="nursery" objects="2651" bytes="1074288" bytesdiscarded="15432" />
  <references type="phantom" candidates="1" cleared="0" enqueued="0" />
</gc-op>
<gc-end id="2234" type="scavenge" contextid="2230" durationms="1.089" usertimems="0.000" systemtimems="0.000" timestamp="2019-07-02T19:17:55.784" activeThreads="4">
  <mem-info id="2235" free="8069120" total="15663104" percent="51">
    <mem type="nursery" free="6250240" total="8650752" percent="72">
      <mem type="allocate" free="6250240" total="7340032" percent="85" />
      <mem type="survivor" free="0" total="1310720" percent="0" />
    </mem>
    <mem type="tenure" free="1818880" total="7012352" percent="25" macro-fragmented="1224">
      <mem type="soa" free="1530312" total="6662144" percent="22" />
      <mem type="loa" free="288568" total="350208" percent="82" />
    </mem>
    <remembered-set count="113" />
  </mem-info>
</gc-end>
<cycle-end id="2236" type="scavenge" contextid="2230" timestamp="2019-07-02T19:17:55.784">
  <attribute name="GC Util" value="2" />
  <attribute name="CPU Util" value="410254244303" />
  <attribute name="Time Running"value="6544"/>
  <attribute name="Number of cores"value="4"/>
</cycle-end>
<allocation-satisfied id="2237" threadId="0000000001746500" bytesRequested="2056" />
<af-end id="2238" timestamp="2019-07-02T19:17:55.784" threadId="0000000001746E88" success="true" from="nursery"/>
<exclusive-end id="2239" timestamp="2019-07-02T19:17:55.784" durationms="1.592" />

<exclusive-start id="2240" timestamp="2019-07-02T19:17:55.828" intervalms="45.063">
  <response-info timems="0.055" idlems="0.055" threads="0" lastid="0000000001746500" lastname="Thread-6" />
</exclusive-start>
<af-start id="2241" threadId="0000000001746E88" totalBytesRequested="32776" timestamp="2019-07-02T19:17:55.828" intervalms="45.046" type="nursery" />
<cycle-start id="2242" type="scavenge" contextid="0" timestamp="2019-07-02T19:17:55.828" intervalms="45.051" />
  <attribute name="GC Util" value="2" />
  <attribute name="CPU Util" value="410254244303" />
  <attribute name="Time Running"value="6544"/>
  <attribute name="Number of cores"value="4"/>
<gc-start id="2243" type="scavenge" contextid="2242" timestamp="2019-07-02T19:17:55.828">
  <mem-info id="2244" free="1818880" total="15663104" percent="11">
    <mem type="nursery" free="0" total="8650752" percent="0">
      <mem type="allocate" free="0" total="7340032" percent="0" />
      <mem type="survivor" free="0" total="1310720" percent="0" />
    </mem>
    <mem type="tenure" free="1818880" total="7012352" percent="25">
      <mem type="soa" free="1530312" total="6662144" percent="22" />
      <mem type="loa" free="288568" total="350208" percent="82" />
    </mem>
    <remembered-set count="319" />
  </mem-info>
</gc-start>
<allocation-stats totalBytes="6153136" >
  <allocated-bytes non-tlh="2056" tlh="6151080" />
  <largest-consumer threadName="Thread-4" threadId="000000000173EE00" bytes="2578088" />
</allocation-stats>
<gc-op id="2245" type="scavenge" timems="1.152" contextid="2242" timestamp="2019-07-02T19:17:55.829">
  <scavenger-info tenureage="4" tenuremask="7ff0" tiltratio="84" />
  <memory-copied type="nursery" objects="2573" bytes="1023032" bytesdiscarded="146536" />
  <references type="phantom" candidates="1" cleared="0" enqueued="0" />
</gc-op>
<gc-end id="2246" type="scavenge" contextid="2242" durationms="1.447" usertimems="0.000" systemtimems="0.000" timestamp="2019-07-02T19:17:55.829" activeThreads="4">
  <mem-info id="2247" free="7989264" total="15663104" percent="51">
    <mem type="nursery" free="6170384" total="8650752" percent="71">
      <mem type="allocate" free="6170384" total="7340032" percent="84" />
      <mem type="survivor" free="0" total="1310720" percent="0" />
    </mem>
    <mem type="tenure" free="1818880" total="7012352" percent="25" macro-fragmented="0">
      <mem type="soa" free="1530312" total="6662144" percent="22" />
      <mem type="loa" free="288568" total="350208" percent="82" />
    </mem>
    <remembered-set count="104" />
  </mem-info>
</gc-end>
<cycle-end id="2248" type="scavenge" contextid="2242" timestamp="2019-07-02T19:17:55.829">
  <attribute name="GC Util" value="3" />
  <attribute name="CPU Util" value="409421872945" />
  <attribute name="Time Running"value="6589"/>
  <attribute name="Number of cores"value="4"/>
</cycle-end>
<allocation-satisfied id="2249" threadId="0000000001746500" bytesRequested="32776" />
<af-end id="2250" timestamp="2019-07-02T19:17:55.829" threadId="0000000001746E88" success="true" from="nursery"/>
<exclusive-end id="2251" timestamp="2019-07-02T19:17:55.829" durationms="1.913" />

<exclusive-start id="2252" timestamp="2019-07-02T19:17:55.881" intervalms="53.229">
  <response-info timems="0.033" idlems="0.033" threads="0" lastid="0000000001746500" lastname="Thread-6" />
</exclusive-start>
<af-start id="2253" threadId="0000000001746E88" totalBytesRequested="16392" timestamp="2019-07-02T19:17:55.881" intervalms="53.234" type="nursery" />
<cycle-start id="2254" type="scavenge" contextid="0" timestamp="2019-07-02T19:17:55.881" intervalms="53.226" />
  <attribute name="GC Util" value="3" />
  <attribute name="CPU Util" value="409421872945" />
  <attribute name="Time Running"value="6589"/>
  <attribute name="Number of cores"value="4"/>
<gc-start id="2255" type="scavenge" contextid="2254" timestamp="2019-07-02T19:17:55.881">
  <mem-info id="2256" free="1818880" total="15663104" percent="11">
    <mem type="nursery" free="0" total="8650752" percent="0">
      <mem type="allocate" free="0" total="7340032" percent="0" />
      <mem type="survivor" free="0" total="1310720" percent="0" />
    </mem>
    <mem type="tenure" free="1818880" total="7012352" percent="25">
      <mem type="soa" free="1530312" total="6662144" percent="22" />
      <mem type="loa" free="288568" total="350208" percent="82" />
    </mem>
    <remembered-set count="306" />
  </mem-info>
</gc-start>
<allocation-stats totalBytes="6161104" >
  <allocated-bytes non-tlh="65552" tlh="6095552" />
  <largest-consumer threadName="Thread-3" threadId="000000000173B200" bytes="2190488" />
</allocation-stats>
<gc-op id="2257" type="scavenge" timems="1.067" contextid="2254" timestamp="2019-07-02T19:17:55.882">
  <scavenger-info tenureage="4" tenuremask="7ff0" tiltratio="84" />
  <memory-copied type="nursery" objects="1983" bytes="760520" bytesdiscarded="104160" />
  <references type="weak" candidates="1" cleared="0" enqueued="0" />
  <references type="phantom" candidates="2" cleared="0" enqueued="0" />
</gc-op>
<gc-end id="2258" type="scavenge" contextid="2254" durationms="1.366" usertimems="4.000" systemtimems="0.000" timestamp="2019-07-02T19:17:55.882" activeThreads="4">
  <mem-info id="2259" free="8359704" total="15663104" percent="53">
    <mem type="nursery" free="6540824" total="8650752" percent="75">
      <mem type="allocate" free="6540824" total="7405568" percent="88" />
      <mem type="survivor" free="0" total="1245184" percent="0" />
    </mem>
    <mem type="tenure" free="1818880" total="7012352" percent="25" macro-fragmented="3296">
      <mem type="soa" free="1530312" total="6662144" percent="22" />
      <mem type="loa" free="288568" total="350208" percent="82" />
    </mem>
    <remembered-set count="105" />
  </mem-info>
</gc-end>
<cycle-end id="2260" type="scavenge" contextid="2254" timestamp="2019-07-02T19:17:55.882">
  <attribute name="GC Util" value="4" />
  <attribute name="CPU Util" value="346649778858" />
  <attribute name="Time Running"value="6642"/>
  <attribute name="Number of cores"value="4"/>
</cycle-end>
<allocation-satisfied id="2261" threadId="0000000001746500" bytesRequested="16392" />
<af-end id="2262" timestamp="2019-07-02T19:17:55.883" threadId="0000000001746E88" success="true" from="nursery"/>
<exclusive-end id="2263" timestamp="2019-07-02T19:17:55.883" durationms="1.807" />

<exclusive-start id="2264" timestamp="2019-07-02T19:17:55.929" intervalms="47.746">
  <response-info timems="0.071" idlems="0.071" threads="0" lastid="0000000001742A00" lastname="Thread-5" />
</exclusive-start>
<af-start id="2265" threadId="0000000001743388" totalBytesRequested="824" timestamp="2019-07-02T19:17:55.929" intervalms="47.727" type="nursery" />
<cycle-start id="2266" type="scavenge" contextid="0" timestamp="2019-07-02T19:17:55.929" intervalms="47.714" />
  <attribute name="GC Util" value="4" />
  <attribute name="CPU Util" value="346649778858" />
  <attribute name="Time Running"value="6642"/>
  <attribute name="Number of cores"value="4"/>
<gc-start id="2267" type="scavenge" contextid="2266" timestamp="2019-07-02T19:17:55.929">
  <mem-info id="2268" free="1818880" total="15663104" percent="11">
    <mem type="nursery" free="0" total="8650752" percent="0">
      <mem type="allocate" free="0" total="7405568" percent="0" />
      <mem type="survivor" free="0" total="1245184" percent="0" />
    </mem>
    <mem type="tenure" free="1818880" total="7012352" percent="25">
      <mem type="soa" free="1530312" total="6662144" percent="22" />
      <mem type="loa" free="288568" total="350208" percent="82" />
    </mem>
    <remembered-set count="315" />
  </mem-info>
</gc-start>
<allocation-stats totalBytes="6532296" >
  <allocated-bytes non-tlh="16392" tlh="6515904" />
  <largest-consumer threadName="Thread-6" threadId="0000000001746500" bytes="2369488" />
</allocation-stats>
<gc-op id="2269" type="scavenge" timems="3.085" contextid="2266" timestamp="2019-07-02T19:17:55.932">
  <scavenger-info tenureage="4" tenuremask="7ff0" tiltratio="85" />
  <memory-copied type="nursery" objects="2387" bytes="993296" bytesdiscarded="208216" />
  <memory-copied type="tenure" objects="4" bytes="144" bytesdiscarded="0" />
  <references type="phantom" candidates="1" cleared="0" enqueued="0" />
</gc-op>
<heap-resize id="2270" type="expand" space="nursery" amount="393216" count="1" timems="0.019" reason="excessive time being spent scavenging" timestamp="2019-07-02T19:17:55.932" />
<gc-end id="2271" type="scavenge" contextid="2266" durationms="3.489" usertimems="4.000" systemtimems="4.000" timestamp="2019-07-02T19:17:55.932" activeThreads="4">
  <mem-info id="2272" free="8285008" total="16056320" percent="51">
    <mem type="nursery" free="6466128" total="9043968" percent="71">
      <mem type="allocate" free="6466128" total="7667712" percent="84" />
      <mem type="survivor" free="0" total="1376256" percent="0" />
    </mem>
    <mem type="tenure" free="1818880" total="7012352" percent="25" macro-fragmented="290741">
      <mem type="soa" free="1530312" total="6662144" percent="22" />
      <mem type="loa" free="288568" total="350208" percent="82" />
    </mem>
    <remembered-set count="100" />
  </mem-info>
</gc-end>
<cycle-end id="2273" type="scavenge" contextid="2266" timestamp="2019-07-02T19:17:55.932">
  <attribute name="GC Util" value="4" />
  <attribute name="CPU Util" value="386917011494" />
  <attribute name="Time Running"value="6690"/>
  <attribute name="Number of cores"value="4"/>
</cycle-end>
<allocation-satisfied id="2274" threadId="0000000001742A00" bytesRequested="824" />
<af-end id="2275" timestamp="2019-07-02T19:17:55.933" threadId="0000000001743388" success="true" from="nursery"/>
<exclusive-end id="2276" timestamp="2019-07-02T19:17:55.933" durationms="4.146" />

<exclusive-start id="2277" timestamp="2019-07-02T19:17:55.977" intervalms="48.087">
  <response-info timems="0.043" idlems="0.043" threads="0" lastid="0000000001746500" lastname="Thread-6" />
</exclusive-start>
<af-start id="2278" threadId="0000000001746E88" totalBytesRequested="2008" timestamp="2019-07-02T19:17:55.977" intervalms="48.105" type="nursery" />
<cycle-start id="2279" type="scavenge" contextid="0" timestamp="2019-07-02T19:17:55.977" intervalms="48.119" />
  <attribute name="GC Util" value="4" />
  <attribute name="CPU Util" value="386917011494" />
  <attribute name="Time Running"value="6690"/>
  <attribute name="Number of cores"value="4"/>
<gc-start id="2280" type="scavenge" contextid="2279" timestamp="2019-07-02T19:17:55.977">
  <mem-info id="2281" free="1818880" total="16056320" percent="11">
    <mem type="nursery" free="0" total="9043968" percent="0">
      <mem type="allocate" free="0" total="7667712" percent="0" />
      <mem type="survivor" free="0" total="1376256" percent="0" />
    </mem>
    <mem type="tenure" free="1818880" total="7012352" percent="25">
      <mem type="soa" free="1530312" total="6662144" percent="22" />
      <mem type="loa" free="288568" total="350208" percent="82" />
    </mem>
    <remembered-set count="309" />
  </mem-info>
</gc-start>
<allocation-stats totalBytes="6423400" >
  <allocated-bytes non-tlh="824" tlh="6422576" />
  <largest-consumer threadName="Thread-6" threadId="0000000001746500" bytes="2310744" />
</allocation-stats>
<gc-op id="2282" type="scavenge" timems="0.728" contextid="2279" timestamp="2019-07-02T19:17:55.978">
  <scavenger-info tenureage="4" tenuremask="7ff0" tiltratio="84" />
  <memory-copied type="nursery" objects="2756" bytes="1120920" bytesdiscarded="78032" />
</gc-op>
<gc-end id="2283" type="scavenge" contextid="2279" durationms="1.184" usertimems="0.000" systemtimems="0.000" timestamp="2019-07-02T19:17:55.978" activeThreads="4">
  <mem-info id="2284" free="8287576" total="16056320" percent="51">
    <mem type="nursery" free="6468696" total="9043968" percent="71">
      <mem type="allocate" free="6468696" total="7667712" percent="84" />
      <mem type="survivor" free="0" total="1376256" percent="0" />
    </mem>
    <mem type="tenure" free="1818880" total="7012352" percent="25" macro-fragmented="1763">
      <mem type="soa" free="1530312" total="6662144" percent="22" />
      <mem type="loa" free="288568" total="350208" percent="82" />
    </mem>
    <remembered-set count="106" />
  </mem-info>
</gc-end>
<cycle-end id="2285" type="scavenge" contextid="2279" timestamp="2019-07-02T19:17:55.978">
  <attribute name="GC Util" value="10" />
  <attribute name="CPU Util" value="382996958975" />
  <attribute name="Time Running"value="6738"/>
  <attribute name="Number of cores"value="4"/>
</cycle-end>
<allocation-satisfied id="2286" threadId="0000000001746500" bytesRequested="2008" />
<af-end id="2287" timestamp="2019-07-02T19:17:55.978" threadId="0000000001746E88" success="true" from="nursery"/>
<exclusive-end id="2288" timestamp="2019-07-02T19:17:55.978" durationms="1.748" />

<exclusive-start id="2289" timestamp="2019-07-02T19:17:56.031" intervalms="54.492">
  <response-info timems="0.060" idlems="0.037" threads="1" lastid="000000000173EE00" lastname="Thread-4" />
</exclusive-start>
<af-start id="2290" threadId="0000000001746E88" totalBytesRequested="16392" timestamp="2019-07-02T19:17:56.031" intervalms="54.494" type="nursery" />
<cycle-start id="2291" type="scavenge" contextid="0" timestamp="2019-07-02T19:17:56.031" intervalms="54.494" />
  <attribute name="GC Util" value="10" />
  <attribute name="CPU Util" value="382996958975" />
  <attribute name="Time Running"value="6738"/>
  <attribute name="Number of cores"value="4"/>
<gc-start id="2292" type="scavenge" contextid="2291" timestamp="2019-07-02T19:17:56.031">
  <mem-info id="2293" free="1818880" total="16056320" percent="11">
    <mem type="nursery" free="0" total="9043968" percent="0">
      <mem type="allocate" free="0" total="7667712" percent="0" />
      <mem type="survivor" free="0" total="1376256" percent="0" />
    </mem>
    <mem type="tenure" free="1818880" total="7012352" percent="25">
      <mem type="soa" free="1530312" total="6662144" percent="22" />
      <mem type="loa" free="288568" total="350208" percent="82" />
    </mem>
    <remembered-set count="322" />
  </mem-info>
</gc-start>
<allocation-stats totalBytes="6463280" >
  <allocated-bytes non-tlh="2008" tlh="6461272" />
  <largest-consumer threadName="Thread-3" threadId="000000000173B200" bytes="2502656" />
</allocation-stats>
<gc-op id="2294" type="scavenge" timems="1.781" contextid="2291" timestamp="2019-07-02T19:17:56.033">
  <scavenger-info tenureage="4" tenuremask="7ff0" tiltratio="84" />
  <memory-copied type="nursery" objects="2143" bytes="796040" bytesdiscarded="132472" />
</gc-op>
<gc-end id="2295" type="scavenge" contextid="2291" durationms="2.253" usertimems="4.000" systemtimems="0.000" timestamp="2019-07-02T19:17:56.034" activeThreads="4">
  <mem-info id="2296" free="8623552" total="16056320" percent="53">
    <mem type="nursery" free="6804672" total="9043968" percent="75">
      <mem type="allocate" free="6804672" total="7733248" percent="87" />
      <mem type="survivor" free="0" total="1310720" percent="0" />
    </mem>
    <mem type="tenure" free="1818880" total="7012352" percent="25" macro-fragmented="0">
      <mem type="soa" free="1530312" total="6662144" percent="22" />
      <mem type="loa" free="288568" total="350208" percent="82" />
    </mem>
    <remembered-set count="103" />
  </mem-info>
</gc-end>
<cycle-end id="2297" type="scavenge" contextid="2291" timestamp="2019-07-02T19:17:56.034">
  <attribute name="GC Util" value="3" />
  <attribute name="CPU Util" value="338511392961" />
  <attribute name="Time Running"value="6792"/>
  <attribute name="Number of cores"value="4"/>
</cycle-end>
<allocation-satisfied id="2298" threadId="0000000001746500" bytesRequested="16392" />
<af-end id="2299" timestamp="2019-07-02T19:17:56.034" threadId="0000000001746E88" success="true" from="nursery"/>
<exclusive-end id="2300" timestamp="2019-07-02T19:17:56.034" durationms="2.927" />

<exclusive-start id="2301" timestamp="2019-07-02T19:17:56.085" intervalms="54.354">
  <response-info timems="0.041" idlems="0.041" threads="0" lastid="000000000173B200" lastname="Thread-3" />
</exclusive-start>
<af-start id="2302" threadId="000000000173BB88" totalBytesRequested="16392" timestamp="2019-07-02T19:17:56.086" intervalms="54.347" type="nursery" />
<cycle-start id="2303" type="scavenge" contextid="0" timestamp="2019-07-02T19:17:56.086" intervalms="54.344" />
  <attribute name="GC Util" value="3" />
  <attribute name="CPU Util" value="338511392961" />
  <attribute name="Time Running"value="6792"/>
  <attribute name="Number of cores"value="4"/>
<gc-start id="2304" type="scavenge" contextid="2303" timestamp="2019-07-02T19:17:56.086">
  <mem-info id="2305" free="1818880" total="16056320" percent="11">
    <mem type="nursery" free="0" total="9043968" percent="0">
      <mem type="allocate" free="0" total="7733248" percent="0" />
      <mem type="survivor" free="0" total="1310720" percent="0" />
    </mem>
    <mem type="tenure" free="1818880" total="7012352" percent="25">
      <mem type="soa" free="1530312" total="6662144" percent="22" />
      <mem type="loa" free="288568" total="350208" percent="82" />
    </mem>
    <remembered-set count="310" />
  </mem-info>
</gc-start>
<allocation-stats totalBytes="6756960" >
  <allocated-bytes non-tlh="16392" tlh="6740568" />
  <largest-consumer threadName="Thread-4" threadId="000000000173EE00" bytes="2566400" />
</allocation-stats>
<gc-op id="2306" type="scavenge" timems="0.347" contextid="2303" timestamp="2019-07-02T19:17:56.086">
  <scavenger-info tenureage="4" tenuremask="7ff0" tiltratio="85" />
  <memory-copied type="nursery" objects="2046" bytes="816856" bytesdiscarded="192984" />
</gc-op>
<gc-end id="2307" type="scavenge" contextid="2303" durationms="0.624" usertimems="0.000" systemtimems="0.000" timestamp="2019-07-02T19:17:56.086" activeThreads="4">
  <mem-info id="2308" free="8607760" total="16056320" percent="53">
    <mem type="nursery" free="6788880" total="9043968" percent="75">
      <mem type="allocate" free="6788880" total="7798784" percent="87" />
      <mem type="survivor" free="0" total="1245184" percent="0" />
    </mem>
    <mem type="tenure" free="1818880" total="7012352" percent="25" macro-fragmented="0">
      <mem type="soa" free="1530312" total="6662144" percent="22" />
      <mem type="loa" free="288568" total="350208" percent="82" />
    </mem>
    <remembered-set count="102" />
  </mem-info>
</gc-end>
<cycle-end id="2309" type="scavenge" contextid="2303" timestamp="2019-07-02T19:17:56.086">
  <attribute name="GC Util" value="6" />
  <attribute name="CPU Util" value="339517914846" />
  <attribute name="Time Running"value="6847"/>
  <attribute name="Number of cores"value="4"/>
</cycle-end>
<allocation-satisfied id="2310" threadId="000000000173B200" bytesRequested="16392" />
<af-end id="2311" timestamp="2019-07-02T19:17:56.086" threadId="000000000173BB88" success="true" from="nursery"/>
<exclusive-end id="2312" timestamp="2019-07-02T19:17:56.087" durationms="1.035" />

<exclusive-start id="2313" timestamp="2019-07-02T19:17:56.136" intervalms="50.701">
  <response-info timems="0.038" idlems="0.038" threads="0" lastid="000000000173B200" lastname="Thread-3" />
</exclusive-start>
<af-start id="2314" threadId="000000000173BB88" totalBytesRequested="16" timestamp="2019-07-02T19:17:56.136" intervalms="50.695" type="nursery" />
<cycle-start id="2315" type="scavenge" contextid="0" timestamp="2019-07-02T19:17:56.136" intervalms="50.693" />
  <attribute name="GC Util" value="6" />
  <attribute name="CPU Util" value="339517914846" />
  <attribute name="Time Running"value="6847"/>
  <attribute name="Number of cores"value="4"/>
<gc-start id="2316" type="scavenge" contextid="2315" timestamp="2019-07-02T19:17:56.136">
  <mem-info id="2317" free="1818880" total="16056320" percent="11">
    <mem type="nursery" free="0" total="9043968" percent="0">
      <mem type="allocate" free="0" total="7798784" percent="0" />
      <mem type="survivor" free="0" total="1245184" percent="0" />
    </mem>
    <mem type="tenure" free="1818880" total="7012352" percent="25">
      <mem type="soa" free="1530312" total="6662144" percent="22" />
      <mem type="loa" free="288568" total="350208" percent="82" />
    </mem>
    <remembered-set count="317" />
  </mem-info>
</gc-start>
<allocation-stats totalBytes="6757320" >
  <allocated-bytes non-tlh="16392" tlh="6740928" />
  <largest-consumer threadName="Thread-3" threadId="000000000173B200" bytes="2532000" />
</allocation-stats>
<gc-op id="2318" type="scavenge" timems="0.367" contextid="2315" timestamp="2019-07-02T19:17:56.137">
  <scavenger-info tenureage="4" tenuremask="7ff0" tiltratio="86" />
  <memory-copied type="nursery" objects="2488" bytes="1019160" bytesdiscarded="225960" />
</gc-op>
<gc-end id="2319" type="scavenge" contextid="2315" durationms="0.811" usertimems="4.000" systemtimems="0.000" timestamp="2019-07-02T19:17:56.137" activeThreads="4">
  <mem-info id="2320" free="8306944" total="16056320" percent="51">
    <mem type="nursery" free="6488064" total="9043968" percent="71">
      <mem type="allocate" free="6488064" total="7733248" percent="83" />
      <mem type="survivor" free="0" total="1310720" percent="0" />
    </mem>
    <mem type="tenure" free="1818880" total="7012352" percent="25" macro-fragmented="0">
      <mem type="soa" free="1530312" total="6662144" percent="22" />
      <mem type="loa" free="288568" total="350208" percent="82" />
    </mem>
    <remembered-set count="108" />
  </mem-info>
</gc-end>
<cycle-end id="2321" type="scavenge" contextid="2315" timestamp="2019-07-02T19:17:56.137">
  <attribute name="GC Util" value="1" />
  <attribute name="CPU Util" value="363919358908" />
  <attribute name="Time Running"value="6897"/>
  <attribute name="Number of cores"value="4"/>
</cycle-end>
<allocation-satisfied id="2322" threadId="000000000173B200" bytesRequested="16" />
<af-end id="2323" timestamp="2019-07-02T19:17:56.137" threadId="000000000173BB88" success="true" from="nursery"/>
<exclusive-end id="2324" timestamp="2019-07-02T19:17:56.138" durationms="1.389" />

<exclusive-start id="2325" timestamp="2019-07-02T19:17:56.186" intervalms="49.502">
  <response-info timems="0.022" idlems="0.022" threads="0" lastid="0000000001746500" lastname="Thread-6" />
</exclusive-start>
<af-start id="2326" threadId="0000000001746E88" totalBytesRequested="2056" timestamp="2019-07-02T19:17:56.186" intervalms="49.503" type="nursery" />
<cycle-start id="2327" type="scavenge" contextid="0" timestamp="2019-07-02T19:17:56.186" intervalms="49.506" />
  <attribute name="GC Util" value="1" />
  <attribute name="CPU Util" value="363919358908" />
  <attribute name="Time Running"value="6897"/>
  <attribute name="Number of cores"value="4"/>
<gc-start id="2328" type="scavenge" contextid="2327" timestamp="2019-07-02T19:17:56.186">
  <mem-info id="2329" free="1818880" total="16056320" percent="11">
    <mem type="nursery" free="0" total="9043968" percent="0">
      <mem type="allocate" free="0" total="7733248" percent="0" />
      <mem type="survivor" free="0" total="1310720" percent="0" />
    </mem>
    <mem type="tenure" free="1818880" total="7012352" percent="25">
      <mem type="soa" free="1530312" total="6662144" percent="22" />
      <mem type="loa" free="288568" total="350208" percent="82" />
    </mem>
    <remembered-set count="317" />
  </mem-info>
</gc-start>
<allocation-stats totalBytes="6407240" >
  <allocated-bytes non-tlh="16" tlh="6407224" />
  <largest-consumer threadName="Thread-3" threadId="000000000173B200" bytes="2317464" />
</allocation-stats>
<gc-op id="2330" type="scavenge" timems="0.745" contextid="2327" timestamp="2019-07-02T19:17:56.187">
  <scavenger-info tenureage="4" tenuremask="7ff0" tiltratio="85" />
  <memory-copied type="nursery" objects="2172" bytes="911304" bytesdiscarded="108000" />
  <references type="phantom" candidates="3" cleared="0" enqueued="0" />
</gc-op>
<gc-end id="2331" type="scavenge" contextid="2327" durationms="1.046" usertimems="0.000" systemtimems="0.000" timestamp="2019-07-02T19:17:56.187" activeThreads="4">
  <mem-info id="2332" free="8532736" total="16056320" percent="53">
    <mem type="nursery" free="6713856" total="9043968" percent="74">
      <mem type="allocate" free="6713856" total="7733248" percent="86" />
      <mem type="survivor" free="0" total="1310720" percent="0" />
    </mem>
    <mem type="tenure" free="1818880" total="7012352" percent="25" macro-fragmented="8200">
      <mem type="soa" free="1530312" total="6662144" percent="22" />
      <mem type="loa" free="288568" total="350208" percent="82" />
    </mem>
    <remembered-set count="107" />
  </mem-info>
</gc-end>
<cycle-end id="2333" type="scavenge" contextid="2327" timestamp="2019-07-02T19:17:56.187">
  <attribute name="GC Util" value="2" />
  <attribute name="CPU Util" value="372539363230" />
  <attribute name="Time Running"value="6947"/>
  <attribute name="Number of cores"value="4"/>
</cycle-end>
<allocation-satisfied id="2334" threadId="0000000001746500" bytesRequested="2056" />
<af-end id="2335" timestamp="2019-07-02T19:17:56.187" threadId="0000000001746E88" success="true" from="nursery"/>
<exclusive-end id="2336" timestamp="2019-07-02T19:17:56.187" durationms="1.622" />

<exclusive-start id="2337" timestamp="2019-07-02T19:17:56.241" intervalms="55.595">
  <response-info timems="0.062" idlems="0.062" threads="0" lastid="0000000001742A00" lastname="Thread-5" />
</exclusive-start>
<af-start id="2338" threadId="0000000001743388" totalBytesRequested="32776" timestamp="2019-07-02T19:17:56.241" intervalms="55.593" type="nursery" />
<cycle-start id="2339" type="scavenge" contextid="0" timestamp="2019-07-02T19:17:56.241" intervalms="55.583" />
  <attribute name="GC Util" value="2" />
  <attribute name="CPU Util" value="372539363230" />
  <attribute name="Time Running"value="6947"/>
  <attribute name="Number of cores"value="4"/>
<gc-start id="2340" type="scavenge" contextid="2339" timestamp="2019-07-02T19:17:56.241">
  <mem-info id="2341" free="1818880" total="16056320" percent="11">
    <mem type="nursery" free="0" total="9043968" percent="0">
      <mem type="allocate" free="0" total="7733248" percent="0" />
      <mem type="survivor" free="0" total="1310720" percent="0" />
    </mem>
    <mem type="tenure" free="1818880" total="7012352" percent="25">
      <mem type="soa" free="1530312" total="6662144" percent="22" />
      <mem type="loa" free="288568" total="350208" percent="82" />
    </mem>
    <remembered-set count="313" />
  </mem-info>
</gc-start>
<allocation-stats totalBytes="6670856" >
  <allocated-bytes non-tlh="2056" tlh="6668800" />
  <largest-consumer threadName="Thread-6" threadId="0000000001746500" bytes="3196320" />
</allocation-stats>
<gc-op id="2342" type="scavenge" timems="0.777" contextid="2339" timestamp="2019-07-02T19:17:56.242">
  <scavenger-info tenureage="4" tenuremask="7ff0" tiltratio="85" />
  <memory-copied type="nursery" objects="2666" bytes="1032336" bytesdiscarded="84496" />
  <memory-copied type="tenure" objects="4" bytes="144" bytesdiscarded="0" />
</gc-op>
<gc-end id="2343" type="scavenge" contextid="2339" durationms="1.008" usertimems="0.000" systemtimems="0.000" timestamp="2019-07-02T19:17:56.242" activeThreads="4">
  <mem-info id="2344" free="8435224" total="16056320" percent="52">
    <mem type="nursery" free="6616344" total="9043968" percent="73">
      <mem type="allocate" free="6616344" total="7733248" percent="85" />
      <mem type="survivor" free="0" total="1310720" percent="0" />
    </mem>
    <mem type="tenure" free="1818880" total="7012352" percent="25" macro-fragmented="0">
      <mem type="soa" free="1530312" total="6662144" percent="22" />
      <mem type="loa" free="288568" total="350208" percent="82" />
    </mem>
    <remembered-set count="102" />
  </mem-info>
</gc-end>
<cycle-end id="2345" type="scavenge" contextid="2339" timestamp="2019-07-02T19:17:56.243">
  <attribute name="GC Util" value="3" />
  <attribute name="CPU Util" value="332054718875" />
  <attribute name="Time Running"value="7003"/>
  <attribute name="Number of cores"value="4"/>
</cycle-end>
<allocation-satisfied id="2346" threadId="0000000001742A00" bytesRequested="32776" />
<af-end id="2347" timestamp="2019-07-02T19:17:56.243" threadId="0000000001743388" success="true" from="nursery"/>
<exclusive-end id="2348" timestamp="2019-07-02T19:17:56.243" durationms="1.456" />

<exclusive-start id="2349" timestamp="2019-07-02T19:17:56.288" intervalms="47.102">
  <response-info timems="0.035" idlems="0.035" threads="0" lastid="000000000173B200" lastname="Thread-3" />
</exclusive-start>
<af-start id="2350" threadId="000000000173BB88" totalBytesRequested="824" timestamp="2019-07-02T19:17:56.288" intervalms="47.107" type="nursery" />
<cycle-start id="2351" type="scavenge" contextid="0" timestamp="2019-07-02T19:17:56.289" intervalms="47.115" />
  <attribute name="GC Util" value="3" />
  <attribute name="CPU Util" value="332054718875" />
  <attribute name="Time Running"value="7003"/>
  <attribute name="Number of cores"value="4"/>
<gc-start id="2352" type="scavenge" contextid="2351" timestamp="2019-07-02T19:17:56.289">
  <mem-info id="2353" free="1818880" total="16056320" percent="11">
    <mem type="nursery" free="0" total="9043968" percent="0">
      <mem type="allocate" free="0" total="7733248" percent="0" />
      <mem type="survivor" free="0" total="1310720" percent="0" />
    </mem>
    <mem type="tenure" free="1818880" total="7012352" percent="25">
      <mem type="soa" free="1530312" total="6662144" percent="22" />
      <mem type="loa" free="288568" total="350208" percent="82" />
    </mem>
    <remembered-set count="318" />
  </mem-info>
</gc-start>
<allocation-stats totalBytes="6568496" >
  <allocated-bytes non-tlh="65552" tlh="6502944" />
  <largest-consumer threadName="Thread-6" threadId="0000000001746500" bytes="2054616" />
</allocation-stats>
<gc-op id="2354" type="scavenge" timems="0.355" contextid="2351" timestamp="2019-07-02T19:17:56.289">
  <scavenger-info tenureage="4" tenuremask="7ff0" tiltratio="85" />
  <memory-copied type="nursery" objects="2204" bytes="905048" bytesdiscarded="70512" />
  <references type="phantom" candidates="1" cleared="0" enqueued="0" />
</gc-op>
<gc-end id="2355" type="scavenge" contextid="2351" durationms="0.588" usertimems="0.000" systemtimems="0.000" timestamp="2019-07-02T19:17:56.289" activeThreads="4">
  <mem-info id="2356" free="8642032" total="16056320" percent="53">
    <mem type="nursery" free="6823152" total="9043968" percent="75">
      <mem type="allocate" free="6823152" total="7798784" percent="87" />
      <mem type="survivor" free="0" total="1245184" percent="0" />
    </mem>
    <mem type="tenure" free="1818880" total="7012352" percent="25" macro-fragmented="0">
      <mem type="soa" free="1530312" total="6662144" percent="22" />
      <mem type="loa" free="288568" total="350208" percent="82" />
    </mem>
    <remembered-set count="106" />
  </mem-info>
</gc-end>
<cycle-end id="2357" type="scavenge" contextid="2351" timestamp="2019-07-02T19:17:56.289">
  <attribute name="GC Util" value="3" />
  <attribute name="CPU Util" value="391357821178" />
  <attribute name="Time Running"value="7050"/>
  <attribute name="Number of cores"value="4"/>
</cycle-end>
<allocation-satisfied id="2358" threadId="000000000173B200" bytesRequested="824" />
<af-end id="2359" timestamp="2019-07-02T19:17:56.289" threadId="000000000173BB88" success="true" from="nursery"/>
<exclusive-end id="2360" timestamp="2019-07-02T19:17:56.289" durationms="1.005" />

<exclusive-start id="2361" timestamp="2019-07-02T19:17:56.336" intervalms="47.515">
  <response-info timems="0.031" idlems="0.031" threads="0" lastid="000000000173EE00" lastname="Thread-4" />
</exclusive-start>
<af-start id="2362" threadId="000000000173F788" totalBytesRequested="16392" timestamp="2019-07-02T19:17:56.336" intervalms="47.518" type="nursery" />
<cycle-start id="2363" type="scavenge" contextid="0" timestamp="2019-07-02T19:17:56.336" intervalms="47.519" />
  <attribute name="GC Util" value="3" />
  <attribute name="CPU Util" value="391357821178" />
  <attribute name="Time Running"value="7050"/>
  <attribute name="Number of cores"value="4"/>
<gc-start id="2364" type="scavenge" contextid="2363" timestamp="2019-07-02T19:17:56.336">
  <mem-info id="2365" free="1818880" total="16056320" percent="11">
    <mem type="nursery" free="0" total="9043968" percent="0">
      <mem type="allocate" free="0" total="7798784" percent="0" />
      <mem type="survivor" free="0" total="1245184" percent="0" />
    </mem>
    <mem type="tenure" free="1818880" total="7012352" percent="25">
      <mem type="soa" free="1530312" total="6662144" percent="22" />
      <mem type="loa" free="288568" total="350208" percent="82" />
    </mem>
    <remembered-set count="316" />
  </mem-info>
</gc-start>
<allocation-stats totalBytes="6765136" >
  <allocated-bytes non-tlh="824" tlh="6764312" />
  <largest-consumer threadName="Thread-3" threadId="000000000173B200" bytes="2472392" />
</allocation-stats>
<gc-op id="2366" type="scavenge" timems="0.326" contextid="2363" timestamp="2019-07-02T19:17:56.337">
  <scavenger-info tenureage="4" tenuremask="7ff0" tiltratio="86" />
  <memory-copied type="nursery" objects="1938" bytes="804040" bytesdiscarded="150192" />
</gc-op>
<gc-end id="2367" type="scavenge" contextid="2363" durationms="0.615" usertimems="0.000" systemtimems="0.000" timestamp="2019-07-02T19:17:56.337" activeThreads="4">
  <mem-info id="2368" free="8728904" total="16056320" percent="54">
    <mem type="nursery" free="6910024" total="9043968" percent="76">
      <mem type="allocate" free="6910024" total="7864320" percent="87" />
      <mem type="survivor" free="0" total="1179648" percent="0" />
    </mem>
    <mem type="tenure" free="1818880" total="7012352" percent="25" macro-fragmented="850">
      <mem type="soa" free="1530312" total="6662144" percent="22" />
      <mem type="loa" free="288568" total="350208" percent="82" />
    </mem>
    <remembered-set count="105" />
  </mem-info>
</gc-end>
<cycle-end id="2369" type="scavenge" contextid="2363" timestamp="2019-07-02T19:17:56.337">
  <attribute name="GC Util" value="2" />
  <attribute name="CPU Util" value="388208811767" />
  <attribute name="Time Running"value="7097"/>
  <attribute name="Number of cores"value="4"/>
</cycle-end>
<allocation-satisfied id="2370" threadId="000000000173EE00" bytesRequested="16392" />
<af-end id="2371" timestamp="2019-07-02T19:17:56.337" threadId="000000000173F788" success="true" from="nursery"/>
<exclusive-end id="2372" timestamp="2019-07-02T19:17:56.337" durationms="1.031" />

<exclusive-start id="2373" timestamp="2019-07-02T19:17:56.393" intervalms="57.227">
  <response-info timems="0.112" idlems="0.064" threads="1" lastid="000000000173EE00" lastname="Thread-4" />
</exclusive-start>
<af-start id="2374" threadId="0000000001746E88" totalBytesRequested="2056" timestamp="2019-07-02T19:17:56.393" intervalms="57.226" type="nursery" />
<cycle-start id="2375" type="scavenge" contextid="0" timestamp="2019-07-02T19:17:56.393" intervalms="57.225" />
  <attribute name="GC Util" value="2" />
  <attribute name="CPU Util" value="388208811767" />
  <attribute name="Time Running"value="7097"/>
  <attribute name="Number of cores"value="4"/>
<gc-start id="2376" type="scavenge" contextid="2375" timestamp="2019-07-02T19:17:56.393">
  <mem-info id="2377" free="1818880" total="16056320" percent="11">
    <mem type="nursery" free="0" total="9043968" percent="0">
      <mem type="allocate" free="0" total="7864320" percent="0" />
      <mem type="survivor" free="0" total="1179648" percent="0" />
    </mem>
    <mem type="tenure" free="1818880" total="7012352" percent="25">
      <mem type="soa" free="1530312" total="6662144" percent="22" />
      <mem type="loa" free="288568" total="350208" percent="82" />
    </mem>
    <remembered-set count="326" />
  </mem-info>
</gc-start>
<allocation-stats totalBytes="6880120" >
  <allocated-bytes non-tlh="49168" tlh="6830952" />
  <largest-consumer threadName="Thread-6" threadId="0000000001746500" bytes="2702656" />
</allocation-stats>
<gc-op id="2378" type="scavenge" timems="0.753" contextid="2375" timestamp="2019-07-02T19:17:56.394">
  <scavenger-info tenureage="4" tenuremask="7ff0" tiltratio="86" />
  <memory-copied type="nursery" objects="2202" bytes="892272" bytesdiscarded="104944" />
  <memory-copied type="tenure" objects="4" bytes="144" bytesdiscarded="0" />
  <references type="phantom" candidates="2" cleared="0" enqueued="0" />
</gc-op>
<gc-end id="2379" type="scavenge" contextid="2375" durationms="1.011" usertimems="0.000" systemtimems="0.000" timestamp="2019-07-02T19:17:56.394" activeThreads="4">
  <mem-info id="2380" free="8685904" total="16056320" percent="54">
    <mem type="nursery" free="6867024" total="9043968" percent="75">
      <mem type="allocate" free="6867024" total="7864320" percent="87" />
      <mem type="survivor" free="0" total="1179648" percent="0" />
    </mem>
    <mem type="tenure" free="1818880" total="7012352" percent="25" macro-fragmented="1763">
      <mem type="soa" free="1530312" total="6662144" percent="22" />
      <mem type="loa" free="288568" total="350208" percent="82" />
    </mem>
    <remembered-set count="103" />
  </mem-info>
</gc-end>
<cycle-end id="2381" type="scavenge" contextid="2375" timestamp="2019-07-02T19:17:56.394">
  <attribute name="GC Util" value="1" />
  <attribute name="CPU Util" value="322323409143" />
  <attribute name="Time Running"value="7154"/>
  <attribute name="Number of cores"value="4"/>
</cycle-end>
<allocation-satisfied id="2382" threadId="0000000001746500" bytesRequested="2056" />
<af-end id="2383" timestamp="2019-07-02T19:17:56.395" threadId="0000000001746E88" success="true" from="nursery"/>
<exclusive-end id="2384" timestamp="2019-07-02T19:17:56.395" durationms="1.494" />

<exclusive-start id="2385" timestamp="2019-07-02T19:17:56.447" intervalms="53.493">
  <response-info timems="0.037" idlems="0.037" threads="0" lastid="000000000173EE00" lastname="Thread-4" />
</exclusive-start>
<af-start id="2386" threadId="000000000173F788" totalBytesRequested="48" timestamp="2019-07-02T19:17:56.447" intervalms="53.500" type="nursery" />
<cycle-start id="2387" type="scavenge" contextid="0" timestamp="2019-07-02T19:17:56.447" intervalms="53.504" />
  <attribute name="GC Util" value="1" />
  <attribute name="CPU Util" value="322323409143" />
  <attribute name="Time Running"value="7154"/>
  <attribute name="Number of cores"value="4"/>
<gc-start id="2388" type="scavenge" contextid="2387" timestamp="2019-07-02T19:17:56.447">
  <mem-info id="2389" free="1818880" total="16056320" percent="11">
    <mem type="nursery" free="0" total="9043968" percent="0">
      <mem type="allocate" free="0" total="7864320" percent="0" />
      <mem type="survivor" free="0" total="1179648" percent="0" />
    </mem>
    <mem type="tenure" free="1818880" total="7012352" percent="25">
      <mem type="soa" free="1530312" total="6662144" percent="22" />
      <mem type="loa" free="288568" total="350208" percent="82" />
    </mem>
    <remembered-set count="311" />
  </mem-info>
</gc-start>
<allocation-stats totalBytes="6831200" >
  <allocated-bytes non-tlh="2056" tlh="6829144" />
  <largest-consumer threadName="Thread-3" threadId="000000000173B200" bytes="2528176" />
</allocation-stats>
<gc-op id="2390" type="scavenge" timems="0.355" contextid="2387" timestamp="2019-07-02T19:17:56.447">
  <scavenger-info tenureage="4" tenuremask="7ff0" tiltratio="86" />
  <memory-copied type="nursery" objects="2639" bytes="954568" bytesdiscarded="225016" />
  <memory-copied type="tenure" objects="63" bytes="88168" bytesdiscarded="0" />
  <copy-failed type="nursery" objects="63" bytes="88168" />
</gc-op>
<gc-end id="2391" type="scavenge" contextid="2387" durationms="0.655" usertimems="0.000" systemtimems="0.000" timestamp="2019-07-02T19:17:56.447" activeThreads="4">
  <mem-info id="2392" free="8372480" total="16056320" percent="52">
    <mem type="nursery" free="6553600" total="9043968" percent="72">
      <mem type="allocate" free="6553600" total="7733248" percent="84" />
      <mem type="survivor" free="0" total="1310720" percent="0" />
    </mem>
    <mem type="tenure" free="1818880" total="7012352" percent="25" macro-fragmented="0">
      <mem type="soa" free="1530312" total="6662144" percent="22" />
      <mem type="loa" free="288568" total="350208" percent="82" />
    </mem>
    <remembered-set count="107" />
  </mem-info>
</gc-end>
<cycle-end id="2393" type="scavenge" contextid="2387" timestamp="2019-07-02T19:17:56.448">
  <attribute name="GC Util" value="3" />
  <attribute name="CPU Util" value="344749935164" />
  <attribute name="Time Running"value="7208"/>
  <attribute name="Number of cores"value="4"/>
</cycle-end>
<allocation-satisfied id="2394" threadId="000000000173EE00" bytesRequested="48" />
<af-end id="2395" timestamp="2019-07-02T19:17:56.448" threadId="000000000173F788" success="true" from="nursery"/>
<exclusive-end id="2396" timestamp="2019-07-02T19:17:56.448" durationms="1.110" />

<exclusive-start id="2397" timestamp="2019-07-02T19:17:56.491" intervalms="44.643">
  <response-info timems="0.037" idlems="0.037" threads="0" lastid="000000000173EE00" lastname="Thread-4" />
</exclusive-start>
<af-start id="2398" threadId="000000000173F788" totalBytesRequested="16392" timestamp="2019-07-02T19:17:56.491" intervalms="44.618" type="nursery" />
<cycle-start id="2399" type="scavenge" contextid="0" timestamp="2019-07-02T19:17:56.491" intervalms="44.616" />
  <attribute name="GC Util" value="3" />
  <attribute name="CPU Util" value="344749935164" />
  <attribute name="Time Running"value="7208"/>
  <attribute name="Number of cores"value="4"/>
<gc-start id="2400" type="scavenge" contextid="2399" timestamp="2019-07-02T19:17:56.491">
  <mem-info id="2401" free="1818880" total="16056320" percent="11">
    <mem type="nursery" free="0" total="9043968" percent="0">
      <mem type="allocate" free="0" total="7733248" percent="0" />
      <mem type="survivor" free="0" total="1310720" percent="0" />
    </mem>
    <mem type="tenure" free="1818880" total="7012352" percent="25">
      <mem type="soa" free="1530312" total="6662144" percent="22" />
      <mem type="loa" free="288568" total="350208" percent="82" />
    </mem>
    <remembered-set count="327" />
  </mem-info>
</gc-start>
<allocation-stats totalBytes="6538640" >
  <allocated-bytes non-tlh="48" tlh="6538592" />
  <largest-consumer threadName="Thread-6" threadId="0000000001746500" bytes="2386712" />
</allocation-stats>
<gc-op id="2402" type="scavenge" timems="0.347" contextid="2399" timestamp="2019-07-02T19:17:56.492">
  <scavenger-info tenureage="4" tenuremask="7ff0" tiltratio="85" />
  <memory-copied type="nursery" objects="2049" bytes="875440" bytesdiscarded="310952" />
</gc-op>
<gc-end id="2403" type="scavenge" contextid="2399" durationms="0.641" usertimems="0.000" systemtimems="0.000" timestamp="2019-07-02T19:17:56.492" activeThreads="4">
  <mem-info id="2404" free="8365672" total="16056320" percent="52">
    <mem type="nursery" free="6546792" total="9043968" percent="72">
      <mem type="allocate" free="6546792" total="7733248" percent="84" />
      <mem type="survivor" free="0" total="1310720" percent="0" />
    </mem>
    <mem type="tenure" free="1818880" total="7012352" percent="25" macro-fragmented="0">
      <mem type="soa" free="1530312" total="6662144" percent="22" />
      <mem type="loa" free="288568" total="350208" percent="82" />
    </mem>
    <remembered-set count="104" />
  </mem-info>
</gc-end>
<cycle-end id="2405" type="scavenge" contextid="2399" timestamp="2019-07-02T19:17:56.492">
  <attribute name="GC Util" value="2" />
  <attribute name="CPU Util" value="413464494253" />
  <attribute name="Time Running"value="7253"/>
  <attribute name="Number of cores"value="4"/>
</cycle-end>
<allocation-satisfied id="2406" threadId="000000000173EE00" bytesRequested="16392" />
<af-end id="2407" timestamp="2019-07-02T19:17:56.492" threadId="000000000173F788" success="true" from="nursery"/>
<exclusive-end id="2408" timestamp="2019-07-02T19:17:56.492" durationms="1.085" />

<exclusive-start id="2409" timestamp="2019-07-02T19:17:56.550" intervalms="59.068">
  <response-info timems="0.029" idlems="0.029" threads="0" lastid="0000000001746500" lastname="Thread-6" />
</exclusive-start>
<af-start id="2410" threadId="0000000001746E88" totalBytesRequested="48" timestamp="2019-07-02T19:17:56.550" intervalms="59.097" type="nursery" />
<cycle-start id="2411" type="scavenge" contextid="0" timestamp="2019-07-02T19:17:56.550" intervalms="59.101" />
  <attribute name="GC Util" value="2" />
  <attribute name="CPU Util" value="413464494253" />
  <attribute name="Time Running"value="7253"/>
  <attribute name="Number of cores"value="4"/>
<gc-start id="2412" type="scavenge" contextid="2411" timestamp="2019-07-02T19:17:56.551">
  <mem-info id="2413" free="1818880" total="16056320" percent="11">
    <mem type="nursery" free="0" total="9043968" percent="0">
      <mem type="allocate" free="0" total="7733248" percent="0" />
      <mem type="survivor" free="0" total="1310720" percent="0" />
    </mem>
    <mem type="tenure" free="1818880" total="7012352" percent="25">
      <mem type="soa" free="1530312" total="6662144" percent="22" />
      <mem type="loa" free="288568" total="350208" percent="82" />
    </mem>
    <remembered-set count="324" />
  </mem-info>
</gc-start>
<allocation-stats totalBytes="6543480" >
  <allocated-bytes non-tlh="16392" tlh="6527088" />
  <largest-consumer threadName="Thread-6" threadId="0000000001746500" bytes="2838704" />
</allocation-stats>
<gc-op id="2414" type="scavenge" timems="1.802" contextid="2411" timestamp="2019-07-02T19:17:56.552">
  <scavenger-info tenureage="4" tenuremask="7ff0" tiltratio="85" />
  <memory-copied type="nursery" objects="2749" bytes="1067344" bytesdiscarded="78016" />
  <memory-copied type="tenure" objects="4" bytes="144" bytesdiscarded="0" />
</gc-op>
<gc-end id="2415" type="scavenge" contextid="2411" durationms="2.253" usertimems="0.000" systemtimems="4.000" timestamp="2019-07-02T19:17:56.553" activeThreads="4">
  <mem-info id="2416" free="8341168" total="16056320" percent="51">
    <mem type="nursery" free="6522288" total="9043968" percent="72">
      <mem type="allocate" free="6522288" total="7667712" percent="85" />
      <mem type="survivor" free="0" total="1376256" percent="0" />
    </mem>
    <mem type="tenure" free="1818880" total="7012352" percent="25" macro-fragmented="0">
      <mem type="soa" free="1530312" total="6662144" percent="22" />
      <mem type="loa" free="288568" total="350208" percent="82" />
    </mem>
    <remembered-set count="111" />
  </mem-info>
</gc-end>
<cycle-end id="2417" type="scavenge" contextid="2411" timestamp="2019-07-02T19:17:56.553">
  <attribute name="GC Util" value="1" />
  <attribute name="CPU Util" value="312090995367" />
  <attribute name="Time Running"value="7312"/>
  <attribute name="Number of cores"value="4"/>
</cycle-end>
<allocation-satisfied id="2418" threadId="0000000001746500" bytesRequested="48" />
<af-end id="2419" timestamp="2019-07-02T19:17:56.553" threadId="0000000001746E88" success="true" from="nursery"/>
<exclusive-end id="2420" timestamp="2019-07-02T19:17:56.553" durationms="2.721" />

<exclusive-start id="2421" timestamp="2019-07-02T19:17:56.607" intervalms="56.960">
  <response-info timems="0.041" idlems="0.041" threads="0" lastid="000000000173EE00" lastname="Thread-4" />
</exclusive-start>
<af-start id="2422" threadId="000000000173F788" totalBytesRequested="16392" timestamp="2019-07-02T19:17:56.607" intervalms="56.955" type="nursery" />
<cycle-start id="2423" type="scavenge" contextid="0" timestamp="2019-07-02T19:17:56.607" intervalms="56.951" />
  <attribute name="GC Util" value="1" />
  <attribute name="CPU Util" value="312090995367" />
  <attribute name="Time Running"value="7312"/>
  <attribute name="Number of cores"value="4"/>
<gc-start id="2424" type="scavenge" contextid="2423" timestamp="2019-07-02T19:17:56.607">
  <mem-info id="2425" free="1818880" total="16056320" percent="11">
    <mem type="nursery" free="0" total="9043968" percent="0">
      <mem type="allocate" free="0" total="7667712" percent="0" />
      <mem type="survivor" free="0" total="1376256" percent="0" />
    </mem>
    <mem type="tenure" free="1818880" total="7012352" percent="25">
      <mem type="soa" free="1530312" total="6662144" percent="22" />
      <mem type="loa" free="288568" total="350208" percent="82" />
    </mem>
    <remembered-set count="309" />
  </mem-info>
</gc-start>
<allocation-stats totalBytes="6451408" >
  <allocated-bytes non-tlh="48" tlh="6451360" />
  <largest-consumer threadName="Thread-6" threadId="0000000001746500" bytes="2458432" />
</allocation-stats>
<gc-op id="2426" type="scavenge" timems="0.410" contextid="2423" timestamp="2019-07-02T19:17:56.608">
  <scavenger-info tenureage="4" tenuremask="7ff0" tiltratio="84" />
  <memory-copied type="nursery" objects="2179" bytes="880976" bytesdiscarded="242552" />
</gc-op>
<gc-end id="2427" type="scavenge" contextid="2423" durationms="0.713" usertimems="4.000" systemtimems="0.000" timestamp="2019-07-02T19:17:56.608" activeThreads="4">
  <mem-info id="2428" free="8428536" total="16056320" percent="52">
    <mem type="nursery" free="6609656" total="9043968" percent="73">
      <mem type="allocate" free="6609656" total="7733248" percent="85" />
      <mem type="survivor" free="0" total="1310720" percent="0" />
    </mem>
    <mem type="tenure" free="1818880" total="7012352" percent="25" macro-fragmented="0">
      <mem type="soa" free="1530312" total="6662144" percent="22" />
      <mem type="loa" free="288568" total="350208" percent="82" />
    </mem>
    <remembered-set count="103" />
  </mem-info>
</gc-end>
<cycle-end id="2429" type="scavenge" contextid="2423" timestamp="2019-07-02T19:17:56.608">
  <attribute name="GC Util" value="6" />
  <attribute name="CPU Util" value="323743477154" />
  <attribute name="Time Running"value="7369"/>
  <attribute name="Number of cores"value="4"/>
</cycle-end>
<allocation-satisfied id="2430" threadId="000000000173EE00" bytesRequested="16392" />
<af-end id="2431" timestamp="2019-07-02T19:17:56.608" threadId="000000000173F788" success="true" from="nursery"/>
<exclusive-end id="2432" timestamp="2019-07-02T19:17:56.609" durationms="1.227" />

<exclusive-start id="2433" timestamp="2019-07-02T19:17:56.657" intervalms="49.226">
  <response-info timems="0.037" idlems="0.037" threads="0" lastid="0000000001746500" lastname="Thread-6" />
</exclusive-start>
<af-start id="2434" threadId="0000000001746E88" totalBytesRequested="48" timestamp="2019-07-02T19:17:56.657" intervalms="49.224" type="nursery" />
<cycle-start id="2435" type="scavenge" contextid="0" timestamp="2019-07-02T19:17:56.657" intervalms="49.226" />
  <attribute name="GC Util" value="6" />
  <attribute name="CPU Util" value="323743477154" />
  <attribute name="Time Running"value="7369"/>
  <attribute name="Number of cores"value="4"/>
<gc-start id="2436" type="scavenge" contextid="2435" timestamp="2019-07-02T19:17:56.657">
  <mem-info id="2437" free="1818880" total="16056320" percent="11">
    <mem type="nursery" free="0" total="9043968" percent="0">
      <mem type="allocate" free="0" total="7733248" percent="0" />
      <mem type="survivor" free="0" total="1310720" percent="0" />
    </mem>
    <mem type="tenure" free="1818880" total="7012352" percent="25">
      <mem type="soa" free="1530312" total="6662144" percent="22" />
      <mem type="loa" free="288568" total="350208" percent="82" />
    </mem>
    <remembered-set count="319" />
  </mem-info>
</gc-start>
<allocation-stats totalBytes="6573432" >
  <allocated-bytes non-tlh="16392" tlh="6557040" />
  <largest-consumer threadName="Thread-3" threadId="000000000173B200" bytes="2697336" />
</allocation-stats>
<gc-op id="2438" type="scavenge" timems="0.928" contextid="2435" timestamp="2019-07-02T19:17:56.658">
  <scavenger-info tenureage="4" tenuremask="7ff0" tiltratio="85" />
  <memory-copied type="nursery" objects="2601" bytes="1033912" bytesdiscarded="107752" />
</gc-op>
<gc-end id="2439" type="scavenge" contextid="2435" durationms="1.369" usertimems="0.000" systemtimems="0.000" timestamp="2019-07-02T19:17:56.658" activeThreads="4">
  <mem-info id="2440" free="8410400" total="16056320" percent="52">
    <mem type="nursery" free="6591520" total="9043968" percent="72">
      <mem type="allocate" free="6591520" total="7733248" percent="85" />
      <mem type="survivor" free="0" total="1310720" percent="0" />
    </mem>
    <mem type="tenure" free="1818880" total="7012352" percent="25" macro-fragmented="0">
      <mem type="soa" free="1530312" total="6662144" percent="22" />
      <mem type="loa" free="288568" total="350208" percent="82" />
    </mem>
    <remembered-set count="108" />
  </mem-info>
</gc-end>
<cycle-end id="2441" type="scavenge" contextid="2435" timestamp="2019-07-02T19:17:56.658">
  <attribute name="GC Util" value="2" />
  <attribute name="CPU Util" value="374935437655" />
  <attribute name="Time Running"value="7418"/>
  <attribute name="Number of cores"value="4"/>
</cycle-end>
<allocation-satisfied id="2442" threadId="0000000001746500" bytesRequested="48" />
<af-end id="2443" timestamp="2019-07-02T19:17:56.658" threadId="0000000001746E88" success="true" from="nursery"/>
<exclusive-end id="2444" timestamp="2019-07-02T19:17:56.658" durationms="1.851" />

<exclusive-start id="2445" timestamp="2019-07-02T19:17:56.710" intervalms="53.709">
  <response-info timems="0.069" idlems="0.069" threads="0" lastid="0000000001742A00" lastname="Thread-5" />
</exclusive-start>
<af-start id="2446" threadId="0000000001743388" totalBytesRequested="16392" timestamp="2019-07-02T19:17:56.710" intervalms="53.782" type="nursery" />
<cycle-start id="2447" type="scavenge" contextid="0" timestamp="2019-07-02T19:17:56.710" intervalms="53.789" />
  <attribute name="GC Util" value="2" />
  <attribute name="CPU Util" value="374935437655" />
  <attribute name="Time Running"value="7418"/>
  <attribute name="Number of cores"value="4"/>
<gc-start id="2448" type="scavenge" contextid="2447" timestamp="2019-07-02T19:17:56.711">
  <mem-info id="2449" free="1818880" total="16056320" percent="11">
    <mem type="nursery" free="0" total="9043968" percent="0">
      <mem type="allocate" free="0" total="7733248" percent="0" />
      <mem type="survivor" free="0" total="1310720" percent="0" />
    </mem>
    <mem type="tenure" free="1818880" total="7012352" percent="25">
      <mem type="soa" free="1530312" total="6662144" percent="22" />
      <mem type="loa" free="288568" total="350208" percent="82" />
    </mem>
    <remembered-set count="315" />
  </mem-info>
</gc-start>
<allocation-stats totalBytes="6564552" >
  <allocated-bytes non-tlh="48" tlh="6564504" />
  <largest-consumer threadName="Thread-3" threadId="000000000173B200" bytes="2721936" />
</allocation-stats>
<gc-op id="2450" type="scavenge" timems="1.216" contextid="2447" timestamp="2019-07-02T19:17:56.712">
  <scavenger-info tenureage="4" tenuremask="7ff0" tiltratio="85" />
  <memory-copied type="nursery" objects="1922" bytes="754160" bytesdiscarded="57760" />
</gc-op>
<gc-end id="2451" type="scavenge" contextid="2447" durationms="1.438" usertimems="0.000" systemtimems="4.000" timestamp="2019-07-02T19:17:56.712" activeThreads="4">
  <mem-info id="2452" free="8740144" total="16056320" percent="54">
    <mem type="nursery" free="6921264" total="9043968" percent="76">
      <mem type="allocate" free="6921264" total="7733248" percent="89" />
      <mem type="survivor" free="0" total="1310720" percent="0" />
    </mem>
    <mem type="tenure" free="1818880" total="7012352" percent="25" macro-fragmented="0">
      <mem type="soa" free="1530312" total="6662144" percent="22" />
      <mem type="loa" free="288568" total="350208" percent="82" />
    </mem>
    <remembered-set count="103" />
  </mem-info>
</gc-end>
<cycle-end id="2453" type="scavenge" contextid="2447" timestamp="2019-07-02T19:17:56.712">
  <attribute name="GC Util" value="3" />
  <attribute name="CPU Util" value="343060094692" />
  <attribute name="Time Running"value="7472"/>
  <attribute name="Number of cores"value="4"/>
</cycle-end>
<allocation-satisfied id="2454" threadId="0000000001742A00" bytesRequested="16392" />
<af-end id="2455" timestamp="2019-07-02T19:17:56.712" threadId="0000000001743388" success="true" from="nursery"/>
<exclusive-end id="2456" timestamp="2019-07-02T19:17:56.712" durationms="1.954" />

<exclusive-start id="2457" timestamp="2019-07-02T19:17:56.778" intervalms="67.940">
  <response-info timems="0.034" idlems="0.034" threads="0" lastid="000000000173EE00" lastname="Thread-4" />
</exclusive-start>
<af-start id="2458" threadId="000000000173F788" totalBytesRequested="8200" timestamp="2019-07-02T19:17:56.778" intervalms="67.899" type="nursery" />
<cycle-start id="2459" type="scavenge" contextid="0" timestamp="2019-07-02T19:17:56.778" intervalms="67.895" />
  <attribute name="GC Util" value="3" />
  <attribute name="CPU Util" value="343060094692" />
  <attribute name="Time Running"value="7472"/>
  <attribute name="Number of cores"value="4"/>
<gc-start id="2460" type="scavenge" contextid="2459" timestamp="2019-07-02T19:17:56.778">
  <mem-info id="2461" free="1818880" total="16056320" percent="11">
    <mem type="nursery" free="0" total="9043968" percent="0">
      <mem type="allocate" free="0" total="7733248" percent="0" />
      <mem type="survivor" free="0" total="1310720" percent="0" />
    </mem>
    <mem type="tenure" free="1818880" total="7012352" percent="25">
      <mem type="soa" free="1530312" total="6662144" percent="22" />
      <mem type="loa" free="288568" total="350208" percent="82" />
    </mem>
    <remembered-set count="327" />
  </mem-info>
</gc-start>
<allocation-stats totalBytes="6856464" >
  <allocated-bytes non-tlh="16392" tlh="6840072" />
  <largest-consumer threadName="Thread-6" threadId="0000000001746500" bytes="2210952" />
</allocation-stats>
<gc-op id="2462" type="scavenge" timems="0.506" contextid="2459" timestamp="2019-07-02T19:17:56.779">
  <scavenger-info tenureage="5" tenuremask="7fe0" tiltratio="85" />
  <memory-copied type="nursery" objects="1969" bytes="877840" bytesdiscarded="195472" />
  <references type="phantom" candidates="2" cleared="0" enqueued="0" />
</gc-op>
<gc-end id="2463" type="scavenge" contextid="2459" durationms="0.781" usertimems="4.000" systemtimems="0.000" timestamp="2019-07-02T19:17:56.779" activeThreads="4">
  <mem-info id="2464" free="8544272" total="16056320" percent="53">
    <mem type="nursery" free="6725392" total="9043968" percent="74">
      <mem type="allocate" free="6725392" total="7798784" percent="86" />
      <mem type="survivor" free="0" total="1245184" percent="0" />
    </mem>
    <mem type="tenure" free="1818880" total="7012352" percent="25" macro-fragmented="0">
      <mem type="soa" free="1530312" total="6662144" percent="22" />
      <mem type="loa" free="288568" total="350208" percent="82" />
    </mem>
    <remembered-set count="107" />
  </mem-info>
</gc-end>
<cycle-end id="2465" type="scavenge" contextid="2459" timestamp="2019-07-02T19:17:56.779">
  <attribute name="GC Util" value="3" />
  <attribute name="CPU Util" value="271629665088" />
  <attribute name="Time Running"value="7539"/>
  <attribute name="Number of cores"value="4"/>
</cycle-end>
<allocation-satisfied id="2466" threadId="000000000173EE00" bytesRequested="8200" />
<af-end id="2467" timestamp="2019-07-02T19:17:56.779" threadId="000000000173F788" success="true" from="nursery"/>
<exclusive-end id="2468" timestamp="2019-07-02T19:17:56.779" durationms="1.271" />

<exclusive-start id="2469" timestamp="2019-07-02T19:17:56.827" intervalms="48.770">
  <response-info timems="0.048" idlems="0.048" threads="0" lastid="000000000173B200" lastname="Thread-3" />
</exclusive-start>
<af-start id="2470" threadId="000000000173BB88" totalBytesRequested="16392" timestamp="2019-07-02T19:17:56.827" intervalms="48.741" type="nursery" />
<cycle-start id="2471" type="scavenge" contextid="0" timestamp="2019-07-02T19:17:56.827" intervalms="48.736" />
  <attribute name="GC Util" value="3" />
  <attribute name="CPU Util" value="271629665088" />
  <attribute name="Time Running"value="7539"/>
  <attribute name="Number of cores"value="4"/>
<gc-start id="2472" type="scavenge" contextid="2471" timestamp="2019-07-02T19:17:56.827">
  <mem-info id="2473" free="1818880" total="16056320" percent="11">
    <mem type="nursery" free="0" total="9043968" percent="0">
      <mem type="allocate" free="0" total="7798784" percent="0" />
      <mem type="survivor" free="0" total="1245184" percent="0" />
    </mem>
    <mem type="tenure" free="1818880" total="7012352" percent="25">
      <mem type="soa" free="1530312" total="6662144" percent="22" />
      <mem type="loa" free="288568" total="350208" percent="82" />
    </mem>
    <remembered-set count="314" />
  </mem-info>
</gc-start>
<allocation-stats totalBytes="6690560" >
  <allocated-bytes non-tlh="8200" tlh="6682360" />
  <largest-consumer threadName="Thread-6" threadId="0000000001746500" bytes="2578848" />
</allocation-stats>
<gc-op id="2474" type="scavenge" timems="0.403" contextid="2471" timestamp="2019-07-02T19:17:56.828">
  <scavenger-info tenureage="5" tenuremask="7fe0" tiltratio="86" />
  <memory-copied type="nursery" objects="2565" bytes="1034816" bytesdiscarded="210296" />
  <references type="weak" candidates="1" cleared="0" enqueued="0" />
  <references type="phantom" candidates="2" cleared="0" enqueued="0" />
</gc-op>
<gc-end id="2475" type="scavenge" contextid="2471" durationms="0.656" usertimems="0.000" systemtimems="4.000" timestamp="2019-07-02T19:17:56.828" activeThreads="4">
  <mem-info id="2476" free="8306944" total="16056320" percent="51">
    <mem type="nursery" free="6488064" total="9043968" percent="71">
      <mem type="allocate" free="6488064" total="7733248" percent="83" />
      <mem type="survivor" free="0" total="1310720" percent="0" />
    </mem>
    <mem type="tenure" free="1818880" total="7012352" percent="25" macro-fragmented="0">
      <mem type="soa" free="1530312" total="6662144" percent="22" />
      <mem type="loa" free="288568" total="350208" percent="82" />
    </mem>
    <remembered-set count="106" />
  </mem-info>
</gc-end>
<cycle-end id="2477" type="scavenge" contextid="2471" timestamp="2019-07-02T19:17:56.828">
  <attribute name="GC Util" value="2" />
  <attribute name="CPU Util" value="378495891524" />
  <attribute name="Time Running"value="7588"/>
  <attribute name="Number of cores"value="4"/>
</cycle-end>
<allocation-satisfied id="2478" threadId="000000000173B200" bytesRequested="16392" />
<af-end id="2479" timestamp="2019-07-02T19:17:56.828" threadId="000000000173BB88" success="true" from="nursery"/>
<exclusive-end id="2480" timestamp="2019-07-02T19:17:56.828" durationms="1.123" />

<exclusive-start id="2481" timestamp="2019-07-02T19:17:56.873" intervalms="45.863">
  <response-info timems="0.047" idlems="0.047" threads="0" lastid="000000000173EE00" lastname="Thread-4" />
</exclusive-start>
<af-start id="2482" threadId="000000000173F788" totalBytesRequested="32776" timestamp="2019-07-02T19:17:56.873" intervalms="45.852" type="nursery" />
<cycle-start id="2483" type="scavenge" contextid="0" timestamp="2019-07-02T19:17:56.873" intervalms="45.850" />
  <attribute name="GC Util" value="2" />
  <attribute name="CPU Util" value="378495891524" />
  <attribute name="Time Running"value="7588"/>
  <attribute name="Number of cores"value="4"/>
<gc-start id="2484" type="scavenge" contextid="2483" timestamp="2019-07-02T19:17:56.873">
  <mem-info id="2485" free="1818880" total="16056320" percent="11">
    <mem type="nursery" free="0" total="9043968" percent="0">
      <mem type="allocate" free="0" total="7733248" percent="0" />
      <mem type="survivor" free="0" total="1310720" percent="0" />
    </mem>
    <mem type="tenure" free="1818880" total="7012352" percent="25">
      <mem type="soa" free="1530312" total="6662144" percent="22" />
      <mem type="loa" free="288568" total="350208" percent="82" />
    </mem>
    <remembered-set count="318" />
  </mem-info>
</gc-start>
<allocation-stats totalBytes="6384864" >
  <allocated-bytes non-tlh="16392" tlh="6368472" />
  <largest-consumer threadName="Thread-3" threadId="000000000173B200" bytes="2318928" />
</allocation-stats>
<gc-op id="2486" type="scavenge" timems="0.339" contextid="2483" timestamp="2019-07-02T19:17:56.873">
  <scavenger-info tenureage="5" tenuremask="7fe0" tiltratio="85" />
  <memory-copied type="nursery" objects="2113" bytes="923056" bytesdiscarded="219888" />
</gc-op>
<gc-end id="2487" type="scavenge" contextid="2483" durationms="0.584" usertimems="0.000" systemtimems="0.000" timestamp="2019-07-02T19:17:56.874" activeThreads="4">
  <mem-info id="2488" free="8474656" total="16056320" percent="52">
    <mem type="nursery" free="6655776" total="9043968" percent="73">
      <mem type="allocate" free="6655776" total="7798784" percent="85" />
      <mem type="survivor" free="0" total="1245184" percent="0" />
    </mem>
    <mem type="tenure" free="1818880" total="7012352" percent="25" macro-fragmented="15725">
      <mem type="soa" free="1530312" total="6662144" percent="22" />
      <mem type="loa" free="288568" total="350208" percent="82" />
    </mem>
    <remembered-set count="107" />
  </mem-info>
</gc-end>
<cycle-end id="2489" type="scavenge" contextid="2483" timestamp="2019-07-02T19:17:56.874">
  <attribute name="GC Util" value="2" />
  <attribute name="CPU Util" value="402652915218" />
  <attribute name="Time Running"value="7634"/>
  <attribute name="Number of cores"value="4"/>
</cycle-end>
<allocation-satisfied id="2490" threadId="000000000173EE00" bytesRequested="32776" />
<af-end id="2491" timestamp="2019-07-02T19:17:56.874" threadId="000000000173F788" success="true" from="nursery"/>
<exclusive-end id="2492" timestamp="2019-07-02T19:17:56.874" durationms="0.991" />

<exclusive-start id="2493" timestamp="2019-07-02T19:17:56.922" intervalms="48.891">
  <response-info timems="0.026" idlems="0.026" threads="0" lastid="000000000173B200" lastname="Thread-3" />
</exclusive-start>
<af-start id="2494" threadId="000000000173BB88" totalBytesRequested="32776" timestamp="2019-07-02T19:17:56.922" intervalms="48.891" type="nursery" />
<cycle-start id="2495" type="scavenge" contextid="0" timestamp="2019-07-02T19:17:56.922" intervalms="48.890" />
  <attribute name="GC Util" value="2" />
  <attribute name="CPU Util" value="402652915218" />
  <attribute name="Time Running"value="7634"/>
  <attribute name="Number of cores"value="4"/>
<gc-start id="2496" type="scavenge" contextid="2495" timestamp="2019-07-02T19:17:56.922">
  <mem-info id="2497" free="1818880" total="16056320" percent="11">
    <mem type="nursery" free="0" total="9043968" percent="0">
      <mem type="allocate" free="0" total="7798784" percent="0" />
      <mem type="survivor" free="0" total="1245184" percent="0" />
    </mem>
    <mem type="tenure" free="1818880" total="7012352" percent="25">
      <mem type="soa" free="1530312" total="6662144" percent="22" />
      <mem type="loa" free="288568" total="350208" percent="82" />
    </mem>
    <remembered-set count="322" />
  </mem-info>
</gc-start>
<allocation-stats totalBytes="6579248" >
  <allocated-bytes non-tlh="32776" tlh="6546472" />
  <largest-consumer threadName="Thread-6" threadId="0000000001746500" bytes="2166664" />
</allocation-stats>
<gc-op id="2498" type="scavenge" timems="0.330" contextid="2495" timestamp="2019-07-02T19:17:56.922">
  <scavenger-info tenureage="5" tenuremask="7fe0" tiltratio="86" />
  <memory-copied type="nursery" objects="1869" bytes="837808" bytesdiscarded="237480" />
  <memory-copied type="tenure" objects="4" bytes="144" bytesdiscarded="0" />
  <references type="phantom" candidates="1" cleared="0" enqueued="0" />
</gc-op>
<gc-end id="2499" type="scavenge" contextid="2495" durationms="0.603" usertimems="0.000" systemtimems="0.000" timestamp="2019-07-02T19:17:56.922" activeThreads="4">
  <mem-info id="2500" free="8542304" total="16056320" percent="53">
    <mem type="nursery" free="6723424" total="9043968" percent="74">
      <mem type="allocate" free="6723424" total="7798784" percent="86" />
      <mem type="survivor" free="0" total="1245184" percent="0" />
    </mem>
    <mem type="tenure" free="1818880" total="7012352" percent="25" macro-fragmented="0">
      <mem type="soa" free="1530312" total="6662144" percent="22" />
      <mem type="loa" free="288568" total="350208" percent="82" />
    </mem>
    <remembered-set count="103" />
  </mem-info>
</gc-end>
<cycle-end id="2501" type="scavenge" contextid="2495" timestamp="2019-07-02T19:17:56.923">
  <attribute name="GC Util" value="2" />
  <attribute name="CPU Util" value="377179542848" />
  <attribute name="Time Running"value="7683"/>
  <attribute name="Number of cores"value="4"/>
</cycle-end>
<allocation-satisfied id="2502" threadId="000000000173B200" bytesRequested="32776" />
<af-end id="2503" timestamp="2019-07-02T19:17:56.923" threadId="000000000173BB88" success="true" from="nursery"/>
<exclusive-end id="2504" timestamp="2019-07-02T19:17:56.923" durationms="1.005" />

<exclusive-start id="2505" timestamp="2019-07-02T19:17:56.980" intervalms="57.946">
  <response-info timems="0.041" idlems="0.041" threads="0" lastid="0000000001742A00" lastname="Thread-5" />
</exclusive-start>
<af-start id="2506" threadId="0000000001743388" totalBytesRequested="136" timestamp="2019-07-02T19:17:56.980" intervalms="57.951" type="nursery" />
<cycle-start id="2507" type="scavenge" contextid="0" timestamp="2019-07-02T19:17:56.980" intervalms="57.950" />
  <attribute name="GC Util" value="2" />
  <attribute name="CPU Util" value="377179542848" />
  <attribute name="Time Running"value="7683"/>
  <attribute name="Number of cores"value="4"/>
<gc-start id="2508" type="scavenge" contextid="2507" timestamp="2019-07-02T19:17:56.980">
  <mem-info id="2509" free="1818880" total="16056320" percent="11">
    <mem type="nursery" free="0" total="9043968" percent="0">
      <mem type="allocate" free="0" total="7798784" percent="0" />
      <mem type="survivor" free="0" total="1245184" percent="0" />
    </mem>
    <mem type="tenure" free="1818880" total="7012352" percent="25">
      <mem type="soa" free="1530312" total="6662144" percent="22" />
      <mem type="loa" free="288568" total="350208" percent="82" />
    </mem>
    <remembered-set count="314" />
  </mem-info>
</gc-start>
<allocation-stats totalBytes="6719176" >
  <allocated-bytes non-tlh="32776" tlh="6686400" />
  <largest-consumer threadName="Thread-6" threadId="0000000001746500" bytes="2519464" />
</allocation-stats>
<gc-op id="2510" type="scavenge" timems="4.422" contextid="2507" timestamp="2019-07-02T19:17:56.984">
  <scavenger-info tenureage="5" tenuremask="7fe0" tiltratio="86" />
  <memory-copied type="nursery" objects="2755" bytes="1035120" bytesdiscarded="210000" />
  <memory-copied type="tenure" objects="4" bytes="144" bytesdiscarded="0" />
</gc-op>
<gc-end id="2511" type="scavenge" contextid="2507" durationms="4.735" usertimems="4.000" systemtimems="4.000" timestamp="2019-07-02T19:17:56.985" activeThreads="4">
  <mem-info id="2512" free="8306944" total="16056320" percent="51">
    <mem type="nursery" free="6488064" total="9043968" percent="71">
      <mem type="allocate" free="6488064" total="7733248" percent="83" />
      <mem type="survivor" free="0" total="1310720" percent="0" />
    </mem>
    <mem type="tenure" free="1818880" total="7012352" percent="25" macro-fragmented="0">
      <mem type="soa" free="1530312" total="6662144" percent="22" />
      <mem type="loa" free="288568" total="350208" percent="82" />
    </mem>
    <remembered-set count="105" />
  </mem-info>
</gc-end>
<cycle-end id="2513" type="scavenge" contextid="2507" timestamp="2019-07-02T19:17:56.985">
  <attribute name="GC Util" value="1" />
  <attribute name="CPU Util" value="318328861996" />
  <attribute name="Time Running"value="7741"/>
  <attribute name="Number of cores"value="4"/>
</cycle-end>
<allocation-satisfied id="2514" threadId="0000000001742A00" bytesRequested="136" />
<af-end id="2515" timestamp="2019-07-02T19:17:56.985" threadId="0000000001743388" success="true" from="nursery"/>
<exclusive-end id="2516" timestamp="2019-07-02T19:17:56.985" durationms="5.370" />

<exclusive-start id="2517" timestamp="2019-07-02T19:17:57.029" intervalms="49.351">
  <response-info timems="0.036" idlems="0.036" threads="0" lastid="0000000001746500" lastname="Thread-6" />
</exclusive-start>
<af-start id="2518" threadId="0000000001746E88" totalBytesRequested="8200" timestamp="2019-07-02T19:17:57.029" intervalms="49.371" type="nursery" />
<cycle-start id="2519" type="scavenge" contextid="0" timestamp="2019-07-02T19:17:57.029" intervalms="49.378" />
  <attribute name="GC Util" value="1" />
  <attribute name="CPU Util" value="318328861996" />
  <attribute name="Time Running"value="7741"/>
  <attribute name="Number of cores"value="4"/>
<gc-start id="2520" type="scavenge" contextid="2519" timestamp="2019-07-02T19:17:57.029">
  <mem-info id="2521" free="1818880" total="16056320" percent="11">
    <mem type="nursery" free="0" total="9043968" percent="0">
      <mem type="allocate" free="0" total="7733248" percent="0" />
      <mem type="survivor" free="0" total="1310720" percent="0" />
    </mem>
    <mem type="tenure" free="1818880" total="7012352" percent="25">
      <mem type="soa" free="1530312" total="6662144" percent="22" />
      <mem type="loa" free="288568" total="350208" percent="82" />
    </mem>
    <remembered-set count="324" />
  </mem-info>
</gc-start>
<allocation-stats totalBytes="6454528" >
  <allocated-bytes non-tlh="32912" tlh="6421616" />
  <largest-consumer threadName="Thread-6" threadId="0000000001746500" bytes="2712272" />
</allocation-stats>
<gc-op id="2522" type="scavenge" timems="0.790" contextid="2519" timestamp="2019-07-02T19:17:57.030">
  <scavenger-info tenureage="5" tenuremask="7fe0" tiltratio="85" />
  <memory-copied type="nursery" objects="2062" bytes="828472" bytesdiscarded="124512" />
  <references type="weak" candidates="1" cleared="0" enqueued="0" />
  <references type="phantom" candidates="1" cleared="0" enqueued="0" />
</gc-op>
<gc-end id="2523" type="scavenge" contextid="2519" durationms="1.273" usertimems="0.000" systemtimems="4.000" timestamp="2019-07-02T19:17:57.030" activeThreads="4">
  <mem-info id="2524" free="8599080" total="16056320" percent="53">
    <mem type="nursery" free="6780200" total="9043968" percent="74">
      <mem type="allocate" free="6780200" total="7733248" percent="87" />
      <mem type="survivor" free="0" total="1310720" percent="0" />
    </mem>
    <mem type="tenure" free="1818880" total="7012352" percent="25" macro-fragmented="5266">
      <mem type="soa" free="1530312" total="6662144" percent="22" />
      <mem type="loa" free="288568" total="350208" percent="82" />
    </mem>
    <remembered-set count="106" />
  </mem-info>
</gc-end>
<cycle-end id="2525" type="scavenge" contextid="2519" timestamp="2019-07-02T19:17:57.031">
  <attribute name="GC Util" value="14" />
  <attribute name="CPU Util" value="373360940454" />
  <attribute name="Time Running"value="7790"/>
  <attribute name="Number of cores"value="4"/>
</cycle-end>
<allocation-satisfied id="2526" threadId="0000000001746500" bytesRequested="8200" />
<af-end id="2527" timestamp="2019-07-02T19:17:57.031" threadId="0000000001746E88" success="true" from="nursery"/>
<exclusive-end id="2528" timestamp="2019-07-02T19:17:57.031" durationms="2.092" />

<exclusive-start id="2529" timestamp="2019-07-02T19:17:57.077" intervalms="47.687">
  <response-info timems="0.025" idlems="0.025" threads="0" lastid="000000000173EE00" lastname="Thread-4" />
</exclusive-start>
<af-start id="2530" threadId="000000000173F788" totalBytesRequested="8200" timestamp="2019-07-02T19:17:57.077" intervalms="47.673" type="nursery" />
<cycle-start id="2531" type="scavenge" contextid="0" timestamp="2019-07-02T19:17:57.077" intervalms="47.671" />
  <attribute name="GC Util" value="14" />
  <attribute name="CPU Util" value="373360940454" />
  <attribute name="Time Running"value="7790"/>
  <attribute name="Number of cores"value="4"/>
<gc-start id="2532" type="scavenge" contextid="2531" timestamp="2019-07-02T19:17:57.077">
  <mem-info id="2533" free="1818880" total="16056320" percent="11">
    <mem type="nursery" free="0" total="9043968" percent="0">
      <mem type="allocate" free="0" total="7733248" percent="0" />
      <mem type="survivor" free="0" total="1310720" percent="0" />
    </mem>
    <mem type="tenure" free="1818880" total="7012352" percent="25">
      <mem type="soa" free="1530312" total="6662144" percent="22" />
      <mem type="loa" free="288568" total="350208" percent="82" />
    </mem>
    <remembered-set count="323" />
  </mem-info>
</gc-start>
<allocation-stats totalBytes="6707000" >
  <allocated-bytes non-tlh="40976" tlh="6666024" />
  <largest-consumer threadName="Thread-4" threadId="000000000173EE00" bytes="2799968" />
</allocation-stats>
<gc-op id="2534" type="scavenge" timems="0.398" contextid="2531" timestamp="2019-07-02T19:17:57.077">
  <scavenger-info tenureage="5" tenuremask="7fe0" tiltratio="85" />
  <memory-copied type="nursery" objects="2438" bytes="976432" bytesdiscarded="106280" />
  <references type="phantom" candidates="1" cleared="0" enqueued="0" />
</gc-op>
<gc-end id="2535" type="scavenge" contextid="2531" durationms="0.658" usertimems="0.000" systemtimems="0.000" timestamp="2019-07-02T19:17:57.078" activeThreads="4">
  <mem-info id="2536" free="8469344" total="16056320" percent="52">
    <mem type="nursery" free="6650464" total="9043968" percent="73">
      <mem type="allocate" free="6650464" total="7733248" percent="85" />
      <mem type="survivor" free="0" total="1310720" percent="0" />
    </mem>
    <mem type="tenure" free="1818880" total="7012352" percent="25" macro-fragmented="0">
      <mem type="soa" free="1530312" total="6662144" percent="22" />
      <mem type="loa" free="288568" total="350208" percent="82" />
    </mem>
    <remembered-set count="109" />
  </mem-info>
</gc-end>
<cycle-end id="2537" type="scavenge" contextid="2531" timestamp="2019-07-02T19:17:57.078">
  <attribute name="GC Util" value="3" />
  <attribute name="CPU Util" value="386922724870" />
  <attribute name="Time Running"value="7838"/>
  <attribute name="Number of cores"value="4"/>
</cycle-end>
<allocation-satisfied id="2538" threadId="000000000173EE00" bytesRequested="8200" />
<af-end id="2539" timestamp="2019-07-02T19:17:57.078" threadId="000000000173F788" success="true" from="nursery"/>
<exclusive-end id="2540" timestamp="2019-07-02T19:17:57.078" durationms="1.097" />

<exclusive-start id="2541" timestamp="2019-07-02T19:17:57.135" intervalms="58.036">
  <response-info timems="0.024" idlems="0.024" threads="0" lastid="000000000173B200" lastname="Thread-3" />
</exclusive-start>
<af-start id="2542" threadId="000000000173BB88" totalBytesRequested="16392" timestamp="2019-07-02T19:17:57.135" intervalms="58.029" type="nursery" />
<cycle-start id="2543" type="scavenge" contextid="0" timestamp="2019-07-02T19:17:57.135" intervalms="58.026" />
  <attribute name="GC Util" value="3" />
  <attribute name="CPU Util" value="386922724870" />
  <attribute name="Time Running"value="7838"/>
  <attribute name="Number of cores"value="4"/>
<gc-start id="2544" type="scavenge" contextid="2543" timestamp="2019-07-02T19:17:57.135">
  <mem-info id="2545" free="1818880" total="16056320" percent="11">
    <mem type="nursery" free="0" total="9043968" percent="0">
      <mem type="allocate" free="0" total="7733248" percent="0" />
      <mem type="survivor" free="0" total="1310720" percent="0" />
    </mem>
    <mem type="tenure" free="1818880" total="7012352" percent="25">
      <mem type="soa" free="1530312" total="6662144" percent="22" />
      <mem type="loa" free="288568" total="350208" percent="82" />
    </mem>
    <remembered-set count="333" />
  </mem-info>
</gc-start>
<allocation-stats totalBytes="6562224" >
  <allocated-bytes non-tlh="8200" tlh="6554024" />
  <largest-consumer threadName="Thread-6" threadId="0000000001746500" bytes="2442672" />
</allocation-stats>
<gc-op id="2546" type="scavenge" timems="0.354" contextid="2543" timestamp="2019-07-02T19:17:57.135">
  <scavenger-info tenureage="5" tenuremask="7fe0" tiltratio="85" />
  <memory-copied type="nursery" objects="1806" bytes="723984" bytesdiscarded="214096" />
  <memory-copied type="tenure" objects="4" bytes="144" bytesdiscarded="0" />
  <references type="phantom" candidates="1" cleared="0" enqueued="0" />
</gc-op>
<gc-end id="2547" type="scavenge" contextid="2543" durationms="0.609" usertimems="4.000" systemtimems="0.000" timestamp="2019-07-02T19:17:57.136" activeThreads="4">
  <mem-info id="2548" free="8679520" total="16056320" percent="54">
    <mem type="nursery" free="6860640" total="9043968" percent="75">
      <mem type="allocate" free="6860640" total="7798784" percent="87" />
      <mem type="survivor" free="0" total="1245184" percent="0" />
    </mem>
    <mem type="tenure" free="1818880" total="7012352" percent="25" macro-fragmented="0">
      <mem type="soa" free="1530312" total="6662144" percent="22" />
      <mem type="loa" free="288568" total="350208" percent="82" />
    </mem>
    <remembered-set count="100" />
  </mem-info>
</gc-end>
<cycle-end id="2549" type="scavenge" contextid="2543" timestamp="2019-07-02T19:17:57.136">
  <attribute name="GC Util" value="1" />
  <attribute name="CPU Util" value="318054697640" />
  <attribute name="Time Running"value="7896"/>
  <attribute name="Number of cores"value="4"/>
</cycle-end>
<allocation-satisfied id="2550" threadId="000000000173B200" bytesRequested="16392" />
<af-end id="2551" timestamp="2019-07-02T19:17:57.136" threadId="000000000173BB88" success="true" from="nursery"/>
<exclusive-end id="2552" timestamp="2019-07-02T19:17:57.136" durationms="1.022" />

<exclusive-start id="2553" timestamp="2019-07-02T19:17:57.184" intervalms="48.886">
  <response-info timems="0.086" idlems="0.050" threads="1" lastid="000000000173B200" lastname="Thread-3" />
</exclusive-start>
<af-start id="2554" threadId="000000000173F788" totalBytesRequested="48" timestamp="2019-07-02T19:17:57.184" intervalms="48.893" type="nursery" />
<cycle-start id="2555" type="scavenge" contextid="0" timestamp="2019-07-02T19:17:57.184" intervalms="48.896" />
  <attribute name="GC Util" value="1" />
  <attribute name="CPU Util" value="318054697640" />
  <attribute name="Time Running"value="7896"/>
  <attribute name="Number of cores"value="4"/>
<gc-start id="2556" type="scavenge" contextid="2555" timestamp="2019-07-02T19:17:57.184">
  <mem-info id="2557" free="1818880" total="16056320" percent="11">
    <mem type="nursery" free="0" total="9043968" percent="0">
      <mem type="allocate" free="0" total="7798784" percent="0" />
      <mem type="survivor" free="0" total="1245184" percent="0" />
    </mem>
    <mem type="tenure" free="1818880" total="7012352" percent="25">
      <mem type="soa" free="1530312" total="6662144" percent="22" />
      <mem type="loa" free="288568" total="350208" percent="82" />
    </mem>
    <remembered-set count="316" />
  </mem-info>
</gc-start>
<allocation-stats totalBytes="6849360" >
  <allocated-bytes non-tlh="16392" tlh="6832968" />
  <largest-consumer threadName="Thread-4" threadId="000000000173EE00" bytes="2453032" />
</allocation-stats>
<gc-op id="2558" type="scavenge" timems="0.466" contextid="2555" timestamp="2019-07-02T19:17:57.184">
  <scavenger-info tenureage="6" tenuremask="7fc0" tiltratio="86" />
  <memory-copied type="nursery" objects="2524" bytes="1023584" bytesdiscarded="221528" />
  <references type="phantom" candidates="1" cleared="0" enqueued="0" />
</gc-op>
<gc-end id="2559" type="scavenge" contextid="2555" durationms="0.747" usertimems="0.000" systemtimems="0.000" timestamp="2019-07-02T19:17:57.185" activeThreads="4">
  <mem-info id="2560" free="8175872" total="16056320" percent="50">
    <mem type="nursery" free="6356992" total="9043968" percent="70">
      <mem type="allocate" free="6356992" total="7602176" percent="83" />
      <mem type="survivor" free="0" total="1441792" percent="0" />
    </mem>
    <mem type="tenure" free="1818880" total="7012352" percent="25" macro-fragmented="15725">
      <mem type="soa" free="1530312" total="6662144" percent="22" />
      <mem type="loa" free="288568" total="350208" percent="82" />
    </mem>
    <remembered-set count="112" />
  </mem-info>
</gc-end>
<cycle-end id="2561" type="scavenge" contextid="2555" timestamp="2019-07-02T19:17:57.185">
  <attribute name="GC Util" value="1" />
  <attribute name="CPU Util" value="377186784751" />
  <attribute name="Time Running"value="7945"/>
  <attribute name="Number of cores"value="4"/>
</cycle-end>
<allocation-satisfied id="2562" threadId="000000000173EE00" bytesRequested="48" />
<af-end id="2563" timestamp="2019-07-02T19:17:57.185" threadId="000000000173F788" success="true" from="nursery"/>
<exclusive-end id="2564" timestamp="2019-07-02T19:17:57.185" durationms="1.170" />

<exclusive-start id="2565" timestamp="2019-07-02T19:17:57.230" intervalms="46.134">
  <response-info timems="0.040" idlems="0.040" threads="0" lastid="000000000173B200" lastname="Thread-3" />
</exclusive-start>
<af-start id="2566" threadId="000000000173BB88" totalBytesRequested="16392" timestamp="2019-07-02T19:17:57.230" intervalms="46.127" type="nursery" />
<cycle-start id="2567" type="scavenge" contextid="0" timestamp="2019-07-02T19:17:57.230" intervalms="46.126" />
  <attribute name="GC Util" value="1" />
  <attribute name="CPU Util" value="377186784751" />
  <attribute name="Time Running"value="7945"/>
  <attribute name="Number of cores"value="4"/>
<gc-start id="2568" type="scavenge" contextid="2567" timestamp="2019-07-02T19:17:57.230">
  <mem-info id="2569" free="1818880" total="16056320" percent="11">
    <mem type="nursery" free="0" total="9043968" percent="0">
      <mem type="allocate" free="0" total="7602176" percent="0" />
      <mem type="survivor" free="0" total="1441792" percent="0" />
    </mem>
    <mem type="tenure" free="1818880" total="7012352" percent="25">
      <mem type="soa" free="1530312" total="6662144" percent="22" />
      <mem type="loa" free="288568" total="350208" percent="82" />
    </mem>
    <remembered-set count="322" />
  </mem-info>
</gc-start>
<allocation-stats totalBytes="6279672" >
  <allocated-bytes non-tlh="48" tlh="6279624" />
  <largest-consumer threadName="Thread-6" threadId="0000000001746500" bytes="2459744" />
</allocation-stats>
<gc-op id="2570" type="scavenge" timems="0.353" contextid="2567" timestamp="2019-07-02T19:17:57.230">
  <scavenger-info tenureage="6" tenuremask="7fc0" tiltratio="84" />
  <memory-copied type="nursery" objects="2083" bytes="904888" bytesdiscarded="269648" />
</gc-op>
<gc-end id="2571" type="scavenge" contextid="2567" durationms="0.604" usertimems="0.000" systemtimems="0.000" timestamp="2019-07-02T19:17:57.231" activeThreads="4">
  <mem-info id="2572" free="8311992" total="16056320" percent="51">
    <mem type="nursery" free="6493112" total="9043968" percent="71">
      <mem type="allocate" free="6493112" total="7667712" percent="84" />
      <mem type="survivor" free="0" total="1376256" percent="0" />
    </mem>
    <mem type="tenure" free="1818880" total="7012352" percent="25" macro-fragmented="0">
      <mem type="soa" free="1530312" total="6662144" percent="22" />
      <mem type="loa" free="288568" total="350208" percent="82" />
    </mem>
    <remembered-set count="109" />
  </mem-info>
</gc-end>
<cycle-end id="2573" type="scavenge" contextid="2567" timestamp="2019-07-02T19:17:57.231">
  <attribute name="GC Util" value="2" />
  <attribute name="CPU Util" value="399984094135" />
  <attribute name="Time Running"value="7991"/>
  <attribute name="Number of cores"value="4"/>
</cycle-end>
<allocation-satisfied id="2574" threadId="000000000173B200" bytesRequested="16392" />
<af-end id="2575" timestamp="2019-07-02T19:17:57.231" threadId="000000000173BB88" success="true" from="nursery"/>
<exclusive-end id="2576" timestamp="2019-07-02T19:17:57.231" durationms="1.162" />

<exclusive-start id="2577" timestamp="2019-07-02T19:17:57.283" intervalms="53.393">
  <response-info timems="0.053" idlems="0.053" threads="0" lastid="0000000001742A00" lastname="Thread-5" />
</exclusive-start>
<af-start id="2578" threadId="0000000001743388" totalBytesRequested="2056" timestamp="2019-07-02T19:17:57.283" intervalms="53.377" type="nursery" />
<cycle-start id="2579" type="scavenge" contextid="0" timestamp="2019-07-02T19:17:57.283" intervalms="53.365" />
  <attribute name="GC Util" value="2" />
  <attribute name="CPU Util" value="399984094135" />
  <attribute name="Time Running"value="7991"/>
  <attribute name="Number of cores"value="4"/>
<gc-start id="2580" type="scavenge" contextid="2579" timestamp="2019-07-02T19:17:57.283">
  <mem-info id="2581" free="1818880" total="16056320" percent="11">
    <mem type="nursery" free="0" total="9043968" percent="0">
      <mem type="allocate" free="0" total="7667712" percent="0" />
      <mem type="survivor" free="0" total="1376256" percent="0" />
    </mem>
    <mem type="tenure" free="1818880" total="7012352" percent="25">
      <mem type="soa" free="1530312" total="6662144" percent="22" />
      <mem type="loa" free="288568" total="350208" percent="82" />
    </mem>
    <remembered-set count="324" />
  </mem-info>
</gc-start>
<allocation-stats totalBytes="6435784" >
  <allocated-bytes non-tlh="49168" tlh="6386616" />
  <largest-consumer threadName="Thread-4" threadId="000000000173EE00" bytes="2210760" />
</allocation-stats>
<gc-op id="2582" type="scavenge" timems="2.270" contextid="2579" timestamp="2019-07-02T19:17:57.286">
  <scavenger-info tenureage="6" tenuremask="7fc0" tiltratio="84" />
  <memory-copied type="nursery" objects="2636" bytes="1016792" bytesdiscarded="174144" />
  <references type="phantom" candidates="1" cleared="0" enqueued="0" />
</gc-op>
<gc-end id="2583" type="scavenge" contextid="2579" durationms="2.488" usertimems="0.000" systemtimems="0.000" timestamp="2019-07-02T19:17:57.286" activeThreads="4">
  <mem-info id="2584" free="8426656" total="16056320" percent="52">
    <mem type="nursery" free="6607776" total="9043968" percent="73">
      <mem type="allocate" free="6607776" total="7798784" percent="84" />
      <mem type="survivor" free="0" total="1245184" percent="0" />
    </mem>
    <mem type="tenure" free="1818880" total="7012352" percent="25" macro-fragmented="0">
      <mem type="soa" free="1530312" total="6662144" percent="22" />
      <mem type="loa" free="288568" total="350208" percent="82" />
    </mem>
    <remembered-set count="112" />
  </mem-info>
</gc-end>
<cycle-end id="2585" type="scavenge" contextid="2579" timestamp="2019-07-02T19:17:57.286">
  <attribute name="GC Util" value="1" />
  <attribute name="CPU Util" value="345900346056" />
  <attribute name="Time Running"value="8044"/>
  <attribute name="Number of cores"value="4"/>
</cycle-end>
<allocation-satisfied id="2586" threadId="0000000001742A00" bytesRequested="2056" />
<af-end id="2587" timestamp="2019-07-02T19:17:57.286" threadId="0000000001743388" success="true" from="nursery"/>
<exclusive-end id="2588" timestamp="2019-07-02T19:17:57.286" durationms="2.918" />

<exclusive-start id="2589" timestamp="2019-07-02T19:17:57.334" intervalms="51.204">
  <response-info timems="0.035" idlems="0.035" threads="0" lastid="0000000001746500" lastname="Thread-6" />
</exclusive-start>
<af-start id="2590" threadId="0000000001746E88" totalBytesRequested="16" timestamp="2019-07-02T19:17:57.334" intervalms="51.214" type="nursery" />
<cycle-start id="2591" type="scavenge" contextid="0" timestamp="2019-07-02T19:17:57.334" intervalms="51.226" />
  <attribute name="GC Util" value="1" />
  <attribute name="CPU Util" value="345900346056" />
  <attribute name="Time Running"value="8044"/>
  <attribute name="Number of cores"value="4"/>
<gc-start id="2592" type="scavenge" contextid="2591" timestamp="2019-07-02T19:17:57.335">
  <mem-info id="2593" free="1818880" total="16056320" percent="11">
    <mem type="nursery" free="0" total="9043968" percent="0">
      <mem type="allocate" free="0" total="7798784" percent="0" />
      <mem type="survivor" free="0" total="1245184" percent="0" />
    </mem>
    <mem type="tenure" free="1818880" total="7012352" percent="25">
      <mem type="soa" free="1530312" total="6662144" percent="22" />
      <mem type="loa" free="288568" total="350208" percent="82" />
    </mem>
    <remembered-set count="317" />
  </mem-info>
</gc-start>
<allocation-stats totalBytes="6605328" >
  <allocated-bytes non-tlh="2056" tlh="6603272" />
  <largest-consumer threadName="Thread-6" threadId="0000000001746500" bytes="2477024" />
</allocation-stats>
<gc-op id="2594" type="scavenge" timems="0.912" contextid="2591" timestamp="2019-07-02T19:17:57.336">
  <scavenger-info tenureage="6" tenuremask="7fc0" tiltratio="86" />
  <memory-copied type="nursery" objects="2702" bytes="1028832" bytesdiscarded="91400" />
</gc-op>
<gc-end id="2595" type="scavenge" contextid="2591" durationms="1.323" usertimems="0.000" systemtimems="4.000" timestamp="2019-07-02T19:17:57.336" activeThreads="4">
  <mem-info id="2596" free="8562904" total="16056320" percent="53">
    <mem type="nursery" free="6744024" total="9043968" percent="74">
      <mem type="allocate" free="6744024" total="7864320" percent="85" />
      <mem type="survivor" free="0" total="1179648" percent="0" />
    </mem>
    <mem type="tenure" free="1818880" total="7012352" percent="25" macro-fragmented="0">
      <mem type="soa" free="1530312" total="6662144" percent="22" />
      <mem type="loa" free="288568" total="350208" percent="82" />
    </mem>
    <remembered-set count="106" />
  </mem-info>
</gc-end>
<cycle-end id="2597" type="scavenge" contextid="2591" timestamp="2019-07-02T19:17:57.336">
  <attribute name="GC Util" value="6" />
  <attribute name="CPU Util" value="359791127475" />
  <attribute name="Time Running"value="8096"/>
  <attribute name="Number of cores"value="4"/>
</cycle-end>
<allocation-satisfied id="2598" threadId="0000000001746500" bytesRequested="16" />
<af-end id="2599" timestamp="2019-07-02T19:17:57.336" threadId="0000000001746E88" success="true" from="nursery"/>
<exclusive-end id="2600" timestamp="2019-07-02T19:17:57.336" durationms="1.737" />

<exclusive-start id="2601" timestamp="2019-07-02T19:17:57.383" intervalms="48.391">
  <response-info timems="0.039" idlems="0.039" threads="0" lastid="000000000173B200" lastname="Thread-3" />
</exclusive-start>
<af-start id="2602" threadId="000000000173BB88" totalBytesRequested="8200" timestamp="2019-07-02T19:17:57.383" intervalms="48.392" type="nursery" />
<cycle-start id="2603" type="scavenge" contextid="0" timestamp="2019-07-02T19:17:57.383" intervalms="48.391" />
  <attribute name="GC Util" value="6" />
  <attribute name="CPU Util" value="359791127475" />
  <attribute name="Time Running"value="8096"/>
  <attribute name="Number of cores"value="4"/>
<gc-start id="2604" type="scavenge" contextid="2603" timestamp="2019-07-02T19:17:57.383">
  <mem-info id="2605" free="1818880" total="16056320" percent="11">
    <mem type="nursery" free="0" total="9043968" percent="0">
      <mem type="allocate" free="0" total="7864320" percent="0" />
      <mem type="survivor" free="0" total="1179648" percent="0" />
    </mem>
    <mem type="tenure" free="1818880" total="7012352" percent="25">
      <mem type="soa" free="1530312" total="6662144" percent="22" />
      <mem type="loa" free="288568" total="350208" percent="82" />
    </mem>
    <remembered-set count="325" />
  </mem-info>
</gc-start>
<allocation-stats totalBytes="6670912" >
  <allocated-bytes non-tlh="32792" tlh="6638120" />
  <largest-consumer threadName="Thread-6" threadId="0000000001746500" bytes="2625648" />
</allocation-stats>
<gc-op id="2606" type="scavenge" timems="0.382" contextid="2603" timestamp="2019-07-02T19:17:57.383">
  <scavenger-info tenureage="6" tenuremask="7fc0" tiltratio="86" />
  <memory-copied type="nursery" objects="1594" bytes="866384" bytesdiscarded="21312" />
  <references type="phantom" candidates="1" cleared="0" enqueued="0" />
</gc-op>
<gc-end id="2607" type="scavenge" contextid="2603" durationms="0.627" usertimems="0.000" systemtimems="0.000" timestamp="2019-07-02T19:17:57.384" activeThreads="4">
  <mem-info id="2608" free="8795424" total="16056320" percent="54">
    <mem type="nursery" free="6976544" total="9043968" percent="77">
      <mem type="allocate" free="6976544" total="7864320" percent="88" />
      <mem type="survivor" free="0" total="1179648" percent="0" />
    </mem>
    <mem type="tenure" free="1818880" total="7012352" percent="25" macro-fragmented="0">
      <mem type="soa" free="1530312" total="6662144" percent="22" />
      <mem type="loa" free="288568" total="350208" percent="82" />
    </mem>
    <remembered-set count="105" />
  </mem-info>
</gc-end>
<cycle-end id="2609" type="scavenge" contextid="2603" timestamp="2019-07-02T19:17:57.384">
  <attribute name="GC Util" value="3" />
  <attribute name="CPU Util" value="381309242793" />
  <attribute name="Time Running"value="8144"/>
  <attribute name="Number of cores"value="4"/>
</cycle-end>
<allocation-satisfied id="2610" threadId="000000000173B200" bytesRequested="8200" />
<af-end id="2611" timestamp="2019-07-02T19:17:57.384" threadId="000000000173BB88" success="true" from="nursery"/>
<exclusive-end id="2612" timestamp="2019-07-02T19:17:57.384" durationms="1.031" />

<exclusive-start id="2613" timestamp="2019-07-02T19:17:57.438" intervalms="55.305">
  <response-info timems="0.098" idlems="0.056" threads="1" lastid="000000000173B200" lastname="Thread-3" />
</exclusive-start>
<af-start id="2614" threadId="000000000173F788" totalBytesRequested="32776" timestamp="2019-07-02T19:17:57.438" intervalms="55.311" type="nursery" />
<cycle-start id="2615" type="scavenge" contextid="0" timestamp="2019-07-02T19:17:57.438" intervalms="55.312" />
  <attribute name="GC Util" value="3" />
  <attribute name="CPU Util" value="381309242793" />
  <attribute name="Time Running"value="8144"/>
  <attribute name="Number of cores"value="4"/>
<gc-start id="2616" type="scavenge" contextid="2615" timestamp="2019-07-02T19:17:57.438">
  <mem-info id="2617" free="1818880" total="16056320" percent="11">
    <mem type="nursery" free="0" total="9043968" percent="0">
      <mem type="allocate" free="0" total="7864320" percent="0" />
      <mem type="survivor" free="0" total="1179648" percent="0" />
    </mem>
    <mem type="tenure" free="1818880" total="7012352" percent="25">
      <mem type="soa" free="1530312" total="6662144" percent="22" />
      <mem type="loa" free="288568" total="350208" percent="82" />
    </mem>
    <remembered-set count="320" />
  </mem-info>
</gc-start>
<allocation-stats totalBytes="6872528" >
  <allocated-bytes non-tlh="8200" tlh="6864328" />
  <largest-consumer threadName="Thread-4" threadId="000000000173EE00" bytes="2385608" />
</allocation-stats>
<gc-op id="2618" type="scavenge" timems="0.331" contextid="2615" timestamp="2019-07-02T19:17:57.439">
  <scavenger-info tenureage="6" tenuremask="7fc0" tiltratio="86" />
  <memory-copied type="nursery" objects="1959" bytes="823848" bytesdiscarded="274808" />
</gc-op>
<gc-end id="2619" type="scavenge" contextid="2615" durationms="0.586" usertimems="0.000" systemtimems="0.000" timestamp="2019-07-02T19:17:57.439" activeThreads="4">
  <mem-info id="2620" free="8650008" total="16056320" percent="53">
    <mem type="nursery" free="6831128" total="9043968" percent="75">
      <mem type="allocate" free="6831128" total="7929856" percent="86" />
      <mem type="survivor" free="0" total="1114112" percent="0" />
    </mem>
    <mem type="tenure" free="1818880" total="7012352" percent="25" macro-fragmented="15725">
      <mem type="soa" free="1530312" total="6662144" percent="22" />
      <mem type="loa" free="288568" total="350208" percent="82" />
    </mem>
    <remembered-set count="99" />
  </mem-info>
</gc-end>
<cycle-end id="2621" type="scavenge" contextid="2615" timestamp="2019-07-02T19:17:57.439">
  <attribute name="GC Util" value="1" />
  <attribute name="CPU Util" value="333470668691" />
  <attribute name="Time Running"value="8199"/>
  <attribute name="Number of cores"value="4"/>
</cycle-end>
<allocation-satisfied id="2622" threadId="000000000173EE00" bytesRequested="32776" />
<af-end id="2623" timestamp="2019-07-02T19:17:57.439" threadId="000000000173F788" success="true" from="nursery"/>
<exclusive-end id="2624" timestamp="2019-07-02T19:17:57.439" durationms="0.997" />

<exclusive-start id="2625" timestamp="2019-07-02T19:17:57.492" intervalms="53.705">
  <response-info timems="0.044" idlems="0.044" threads="0" lastid="000000000173EE00" lastname="Thread-4" />
</exclusive-start>
<af-start id="2626" threadId="000000000173F788" totalBytesRequested="2056" timestamp="2019-07-02T19:17:57.492" intervalms="53.707" type="nursery" />
<cycle-start id="2627" type="scavenge" contextid="0" timestamp="2019-07-02T19:17:57.492" intervalms="53.708" />
  <attribute name="GC Util" value="1" />
  <attribute name="CPU Util" value="333470668691" />
  <attribute name="Time Running"value="8199"/>
  <attribute name="Number of cores"value="4"/>
<gc-start id="2628" type="scavenge" contextid="2627" timestamp="2019-07-02T19:17:57.492">
  <mem-info id="2629" free="1818880" total="16056320" percent="11">
    <mem type="nursery" free="0" total="9043968" percent="0">
      <mem type="allocate" free="0" total="7929856" percent="0" />
      <mem type="survivor" free="0" total="1114112" percent="0" />
    </mem>
    <mem type="tenure" free="1818880" total="7012352" percent="25">
      <mem type="soa" free="1530312" total="6662144" percent="22" />
      <mem type="loa" free="288568" total="350208" percent="82" />
    </mem>
    <remembered-set count="325" />
  </mem-info>
</gc-start>
<allocation-stats totalBytes="6769192" >
  <allocated-bytes non-tlh="65552" tlh="6703640" />
  <largest-consumer threadName="Thread-4" threadId="000000000173EE00" bytes="2159328" />
</allocation-stats>
<gc-op id="2630" type="scavenge" timems="0.395" contextid="2627" timestamp="2019-07-02T19:17:57.492">
  <scavenger-info tenureage="6" tenuremask="7fc0" tiltratio="87" />
  <memory-copied type="nursery" objects="2301" bytes="907608" bytesdiscarded="172600" />
  <references type="phantom" candidates="2" cleared="0" enqueued="0" />
</gc-op>
<gc-end id="2631" type="scavenge" contextid="2627" durationms="0.834" usertimems="0.000" systemtimems="0.000" timestamp="2019-07-02T19:17:57.493" activeThreads="4">
  <mem-info id="2632" free="8668448" total="16056320" percent="53">
    <mem type="nursery" free="6849568" total="9043968" percent="75">
      <mem type="allocate" free="6849568" total="7929856" percent="86" />
      <mem type="survivor" free="0" total="1114112" percent="0" />
    </mem>
    <mem type="tenure" free="1818880" total="7012352" percent="25" macro-fragmented="0">
      <mem type="soa" free="1530312" total="6662144" percent="22" />
      <mem type="loa" free="288568" total="350208" percent="82" />
    </mem>
    <remembered-set count="104" />
  </mem-info>
</gc-end>
<cycle-end id="2633" type="scavenge" contextid="2627" timestamp="2019-07-02T19:17:57.493">
  <attribute name="GC Util" value="1" />
  <attribute name="CPU Util" value="343455113729" />
  <attribute name="Time Running"value="8253"/>
  <attribute name="Number of cores"value="4"/>
</cycle-end>
<allocation-satisfied id="2634" threadId="000000000173EE00" bytesRequested="2056" />
<af-end id="2635" timestamp="2019-07-02T19:17:57.493" threadId="000000000173F788" success="true" from="nursery"/>
<exclusive-end id="2636" timestamp="2019-07-02T19:17:57.493" durationms="1.345" />

<exclusive-start id="2637" timestamp="2019-07-02T19:17:57.550" intervalms="58.526">
  <response-info timems="0.045" idlems="0.045" threads="0" lastid="000000000173B200" lastname="Thread-3" />
</exclusive-start>
<af-start id="2638" threadId="000000000173BB88" totalBytesRequested="16392" timestamp="2019-07-02T19:17:57.550" intervalms="58.531" type="nursery" />
<cycle-start id="2639" type="scavenge" contextid="0" timestamp="2019-07-02T19:17:57.550" intervalms="58.532" />
  <attribute name="GC Util" value="1" />
  <attribute name="CPU Util" value="343455113729" />
  <attribute name="Time Running"value="8253"/>
  <attribute name="Number of cores"value="4"/>
<gc-start id="2640" type="scavenge" contextid="2639" timestamp="2019-07-02T19:17:57.550">
  <mem-info id="2641" free="1818880" total="16056320" percent="11">
    <mem type="nursery" free="0" total="9043968" percent="0">
      <mem type="allocate" free="0" total="7929856" percent="0" />
      <mem type="survivor" free="0" total="1114112" percent="0" />
    </mem>
    <mem type="tenure" free="1818880" total="7012352" percent="25">
      <mem type="soa" free="1530312" total="6662144" percent="22" />
      <mem type="loa" free="288568" total="350208" percent="82" />
    </mem>
    <remembered-set count="321" />
  </mem-info>
</gc-start>
<allocation-stats totalBytes="6826880" >
  <allocated-bytes non-tlh="2056" tlh="6824824" />
  <largest-consumer threadName="Thread-6" threadId="0000000001746500" bytes="2206232" />
</allocation-stats>
<gc-op id="2642" type="scavenge" timems="0.460" contextid="2639" timestamp="2019-07-02T19:17:57.551">
  <scavenger-info tenureage="6" tenuremask="7fc0" tiltratio="87" />
  <memory-copied type="nursery" objects="2010" bytes="837312" bytesdiscarded="276728" />
  <memory-copied type="tenure" objects="4" bytes="144" bytesdiscarded="0" />
  <references type="phantom" candidates="1" cleared="0" enqueued="0" />
</gc-op>
<gc-end id="2643" type="scavenge" contextid="2639" durationms="0.919" usertimems="0.000" systemtimems="0.000" timestamp="2019-07-02T19:17:57.551" activeThreads="4">
  <mem-info id="2644" free="8634624" total="16056320" percent="53">
    <mem type="nursery" free="6815744" total="9043968" percent="75">
      <mem type="allocate" free="6815744" total="7929856" percent="85" />
      <mem type="survivor" free="0" total="1114112" percent="0" />
    </mem>
    <mem type="tenure" free="1818880" total="7012352" percent="25" macro-fragmented="0">
      <mem type="soa" free="1530312" total="6662144" percent="22" />
      <mem type="loa" free="288568" total="350208" percent="82" />
    </mem>
    <remembered-set count="103" />
  </mem-info>
</gc-end>
<cycle-end id="2645" type="scavenge" contextid="2639" timestamp="2019-07-02T19:17:57.552">
  <attribute name="GC Util" value="1" />
  <attribute name="CPU Util" value="315099646258" />
  <attribute name="Time Running"value="8312"/>
  <attribute name="Number of cores"value="4"/>
</cycle-end>
<allocation-satisfied id="2646" threadId="000000000173B200" bytesRequested="16392" />
<af-end id="2647" timestamp="2019-07-02T19:17:57.552" threadId="000000000173BB88" success="true" from="nursery"/>
<exclusive-end id="2648" timestamp="2019-07-02T19:17:57.552" durationms="1.409" />

<exclusive-start id="2649" timestamp="2019-07-02T19:17:57.604" intervalms="53.885">
  <response-info timems="0.062" idlems="0.062" threads="0" lastid="0000000001742A00" lastname="Thread-5" />
</exclusive-start>
<af-start id="2650" threadId="0000000001743388" totalBytesRequested="16392" timestamp="2019-07-02T19:17:57.604" intervalms="53.874" type="nursery" />
<cycle-start id="2651" type="scavenge" contextid="0" timestamp="2019-07-02T19:17:57.604" intervalms="53.863" />
  <attribute name="GC Util" value="1" />
  <attribute name="CPU Util" value="315099646258" />
  <attribute name="Time Running"value="8312"/>
  <attribute name="Number of cores"value="4"/>
<gc-start id="2652" type="scavenge" contextid="2651" timestamp="2019-07-02T19:17:57.604">
  <mem-info id="2653" free="1818880" total="16056320" percent="11">
    <mem type="nursery" free="0" total="9043968" percent="0">
      <mem type="allocate" free="0" total="7929856" percent="0" />
      <mem type="survivor" free="0" total="1114112" percent="0" />
    </mem>
    <mem type="tenure" free="1818880" total="7012352" percent="25">
      <mem type="soa" free="1530312" total="6662144" percent="22" />
      <mem type="loa" free="288568" total="350208" percent="82" />
    </mem>
    <remembered-set count="319" />
  </mem-info>
</gc-start>
<allocation-stats totalBytes="6743216" >
  <allocated-bytes non-tlh="16392" tlh="6726824" />
  <largest-consumer threadName="Thread-5" threadId="0000000001742A00" bytes="2130888" />
</allocation-stats>
<gc-op id="2654" type="scavenge" timems="3.328" contextid="2651" timestamp="2019-07-02T19:17:57.608">
  <scavenger-info tenureage="6" tenuremask="7fc0" tiltratio="87" />
  <memory-copied type="nursery" objects="2601" bytes="1029408" bytesdiscarded="57304" />
  <references type="weak" candidates="1" cleared="0" enqueued="0" />
  <references type="phantom" candidates="1" cleared="0" enqueued="0" />
</gc-op>
<gc-end id="2655" type="scavenge" contextid="2651" durationms="3.564" usertimems="8.000" systemtimems="0.000" timestamp="2019-07-02T19:17:57.608" activeThreads="4">
  <mem-info id="2656" free="8465352" total="16056320" percent="52">
    <mem type="nursery" free="6646472" total="9043968" percent="73">
      <mem type="allocate" free="6646472" total="7733248" percent="85" />
      <mem type="survivor" free="0" total="1310720" percent="0" />
    </mem>
    <mem type="tenure" free="1818880" total="7012352" percent="25" macro-fragmented="0">
      <mem type="soa" free="1530312" total="6662144" percent="22" />
      <mem type="loa" free="288568" total="350208" percent="82" />
    </mem>
    <remembered-set count="106" />
  </mem-info>
</gc-end>
<cycle-end id="2657" type="scavenge" contextid="2651" timestamp="2019-07-02T19:17:57.608">
  <attribute name="GC Util" value="2" />
  <attribute name="CPU Util" value="342702626119" />
  <attribute name="Time Running"value="8365"/>
  <attribute name="Number of cores"value="4"/>
</cycle-end>
<allocation-satisfied id="2658" threadId="0000000001742A00" bytesRequested="16392" />
<af-end id="2659" timestamp="2019-07-02T19:17:57.608" threadId="0000000001743388" success="true" from="nursery"/>
<exclusive-end id="2660" timestamp="2019-07-02T19:17:57.608" durationms="4.103" />

<exclusive-start id="2661" timestamp="2019-07-02T19:17:57.658" intervalms="54.097">
  <response-info timems="0.033" idlems="0.033" threads="0" lastid="000000000173EE00" lastname="Thread-4" />
</exclusive-start>
<af-start id="2662" threadId="000000000173F788" totalBytesRequested="8200" timestamp="2019-07-02T19:17:57.658" intervalms="54.117" type="nursery" />
<cycle-start id="2663" type="scavenge" contextid="0" timestamp="2019-07-02T19:17:57.658" intervalms="54.130" />
  <attribute name="GC Util" value="2" />
  <attribute name="CPU Util" value="342702626119" />
  <attribute name="Time Running"value="8365"/>
  <attribute name="Number of cores"value="4"/>
<gc-start id="2664" type="scavenge" contextid="2663" timestamp="2019-07-02T19:17:57.658">
  <mem-info id="2665" free="1818880" total="16056320" percent="11">
    <mem type="nursery" free="0" total="9043968" percent="0">
      <mem type="allocate" free="0" total="7733248" percent="0" />
      <mem type="survivor" free="0" total="1310720" percent="0" />
    </mem>
    <mem type="tenure" free="1818880" total="7012352" percent="25">
      <mem type="soa" free="1530312" total="6662144" percent="22" />
      <mem type="loa" free="288568" total="350208" percent="82" />
    </mem>
    <remembered-set count="325" />
  </mem-info>
</gc-start>
<allocation-stats totalBytes="6621064" >
  <allocated-bytes non-tlh="16392" tlh="6604672" />
  <largest-consumer threadName="Thread-3" threadId="000000000173B200" bytes="2349536" />
</allocation-stats>
<gc-op id="2666" type="scavenge" timems="0.476" contextid="2663" timestamp="2019-07-02T19:17:57.659">
  <scavenger-info tenureage="6" tenuremask="7fc0" tiltratio="85" />
  <memory-copied type="nursery" objects="1619" bytes="710808" bytesdiscarded="178072" />
  <references type="phantom" candidates="1" cleared="0" enqueued="0" />
</gc-op>
<gc-end id="2667" type="scavenge" contextid="2663" durationms="0.987" usertimems="0.000" systemtimems="0.000" timestamp="2019-07-02T19:17:57.659" activeThreads="4">
  <mem-info id="2668" free="8728720" total="16056320" percent="54">
    <mem type="nursery" free="6909840" total="9043968" percent="76">
      <mem type="allocate" free="6909840" total="7798784" percent="88" />
      <mem type="survivor" free="0" total="1245184" percent="0" />
    </mem>
    <mem type="tenure" free="1818880" total="7012352" percent="25" macro-fragmented="0">
      <mem type="soa" free="1530312" total="6662144" percent="22" />
      <mem type="loa" free="288568" total="350208" percent="82" />
    </mem>
    <remembered-set count="104" />
  </mem-info>
</gc-end>
<cycle-end id="2669" type="scavenge" contextid="2663" timestamp="2019-07-02T19:17:57.660">
  <attribute name="GC Util" value="10" />
  <attribute name="CPU Util" value="340451176224" />
  <attribute name="Time Running"value="8420"/>
  <attribute name="Number of cores"value="4"/>
</cycle-end>
<allocation-satisfied id="2670" threadId="000000000173EE00" bytesRequested="8200" />
<af-end id="2671" timestamp="2019-07-02T19:17:57.660" threadId="000000000173F788" success="true" from="nursery"/>
<exclusive-end id="2672" timestamp="2019-07-02T19:17:57.660" durationms="1.765" />

<exclusive-start id="2673" timestamp="2019-07-02T19:17:57.720" intervalms="61.819">
  <response-info timems="0.039" idlems="0.039" threads="0" lastid="000000000173B200" lastname="Thread-3" />
</exclusive-start>
<af-start id="2674" threadId="000000000173BB88" totalBytesRequested="48" timestamp="2019-07-02T19:17:57.720" intervalms="61.815" type="nursery" />
<cycle-start id="2675" type="scavenge" contextid="0" timestamp="2019-07-02T19:17:57.720" intervalms="61.816" />
  <attribute name="GC Util" value="10" />
  <attribute name="CPU Util" value="340451176224" />
  <attribute name="Time Running"value="8420"/>
  <attribute name="Number of cores"value="4"/>
<gc-start id="2676" type="scavenge" contextid="2675" timestamp="2019-07-02T19:17:57.720">
  <mem-info id="2677" free="1818880" total="16056320" percent="11">
    <mem type="nursery" free="0" total="9043968" percent="0">
      <mem type="allocate" free="0" total="7798784" percent="0" />
      <mem type="survivor" free="0" total="1245184" percent="0" />
    </mem>
    <mem type="tenure" free="1818880" total="7012352" percent="25">
      <mem type="soa" free="1530312" total="6662144" percent="22" />
      <mem type="loa" free="288568" total="350208" percent="82" />
    </mem>
    <remembered-set count="314" />
  </mem-info>
</gc-start>
<allocation-stats totalBytes="6905552" >
  <allocated-bytes non-tlh="8200" tlh="6897352" />
  <largest-consumer threadName="Thread-3" threadId="000000000173B200" bytes="2676504" />
</allocation-stats>
<gc-op id="2678" type="scavenge" timems="0.489" contextid="2675" timestamp="2019-07-02T19:17:57.721">
  <scavenger-info tenureage="7" tenuremask="7f80" tiltratio="86" />
  <memory-copied type="nursery" objects="2683" bytes="1002160" bytesdiscarded="242800" />
  <memory-copied type="tenure" objects="67" bytes="43552" bytesdiscarded="600" />
  <copy-failed type="nursery" objects="67" bytes="43552" />
</gc-op>
<gc-end id="2679" type="scavenge" contextid="2675" durationms="0.956" usertimems="0.000" systemtimems="0.000" timestamp="2019-07-02T19:17:57.721" activeThreads="4">
  <mem-info id="2680" free="8007552" total="16056320" percent="49">
    <mem type="nursery" free="6291456" total="9043968" percent="69">
      <mem type="allocate" free="6291456" total="7536640" percent="83" />
      <mem type="survivor" free="0" total="1507328" percent="0" />
    </mem>
    <mem type="tenure" free="1716096" total="7012352" percent="24" macro-fragmented="0">
      <mem type="soa" free="1427528" total="6662144" percent="21" />
      <mem type="loa" free="288568" total="350208" percent="82" />
    </mem>
    <remembered-set count="122" />
  </mem-info>
</gc-end>
<cycle-end id="2681" type="scavenge" contextid="2675" timestamp="2019-07-02T19:17:57.721">
  <attribute name="GC Util" value="1" />
  <attribute name="CPU Util" value="298429038885" />
  <attribute name="Time Running"value="8481"/>
  <attribute name="Number of cores"value="4"/>
</cycle-end>
<allocation-satisfied id="2682" threadId="000000000173B200" bytesRequested="48" />
<af-end id="2683" timestamp="2019-07-02T19:17:57.721" threadId="000000000173BB88" success="true" from="nursery"/>
<exclusive-end id="2684" timestamp="2019-07-02T19:17:57.721" durationms="1.406" />

<exclusive-start id="2685" timestamp="2019-07-02T19:17:57.755" intervalms="35.033">
  <response-info timems="0.044" idlems="0.044" threads="0" lastid="0000000001742A00" lastname="Thread-5" />
</exclusive-start>
<af-start id="2686" threadId="0000000001743388" totalBytesRequested="136" timestamp="2019-07-02T19:17:57.755" intervalms="35.018" type="nursery" />
<cycle-start id="2687" type="scavenge" contextid="0" timestamp="2019-07-02T19:17:57.755" intervalms="35.004" />
  <attribute name="GC Util" value="1" />
  <attribute name="CPU Util" value="298429038885" />
  <attribute name="Time Running"value="8481"/>
  <attribute name="Number of cores"value="4"/>
<gc-start id="2688" type="scavenge" contextid="2687" timestamp="2019-07-02T19:17:57.755">
  <mem-info id="2689" free="1716096" total="16056320" percent="10">
    <mem type="nursery" free="0" total="9043968" percent="0">
      <mem type="allocate" free="0" total="7536640" percent="0" />
      <mem type="survivor" free="0" total="1507328" percent="0" />
    </mem>
    <mem type="tenure" free="1716096" total="7012352" percent="24">
      <mem type="soa" free="1427528" total="6662144" percent="21" />
      <mem type="loa" free="288568" total="350208" percent="82" />
    </mem>
    <remembered-set count="333" />
  </mem-info>
</gc-start>
<allocation-stats totalBytes="6251376" >
  <allocated-bytes non-tlh="48" tlh="6251328" />
  <largest-consumer threadName="Thread-6" threadId="0000000001746500" bytes="2643272" />
</allocation-stats>
<gc-op id="2690" type="scavenge" timems="2.406" contextid="2687" timestamp="2019-07-02T19:17:57.758">
  <scavenger-info tenureage="7" tenuremask="7f80" tiltratio="83" />
  <memory-copied type="nursery" objects="2843" bytes="1032536" bytesdiscarded="175344" />
</gc-op>
<heap-resize id="2691" type="expand" space="nursery" amount="393216" count="1" timems="0.018" reason="excessive time being spent scavenging" timestamp="2019-07-02T19:17:57.758" />
<gc-end id="2692" type="scavenge" contextid="2687" durationms="2.779" usertimems="4.000" systemtimems="0.000" timestamp="2019-07-02T19:17:57.758" activeThreads="4">
  <mem-info id="2693" free="8438000" total="16449536" percent="51">
    <mem type="nursery" free="6721904" total="9437184" percent="71">
      <mem type="allocate" free="6721904" total="7929856" percent="84" />
      <mem type="survivor" free="0" total="1507328" percent="0" />
    </mem>
    <mem type="tenure" free="1716096" total="7012352" percent="24" macro-fragmented="1763">
      <mem type="soa" free="1427528" total="6662144" percent="21" />
      <mem type="loa" free="288568" total="350208" percent="82" />
    </mem>
    <remembered-set count="120" />
  </mem-info>
</gc-end>
<cycle-end id="2694" type="scavenge" contextid="2687" timestamp="2019-07-02T19:17:57.758">
  <attribute name="GC Util" value="3" />
  <attribute name="CPU Util" value="527638312188" />
  <attribute name="Time Running"value="8516"/>
  <attribute name="Number of cores"value="4"/>
</cycle-end>
<allocation-satisfied id="2695" threadId="0000000001742A00" bytesRequested="136" />
<af-end id="2696" timestamp="2019-07-02T19:17:57.758" threadId="0000000001743388" success="true" from="nursery"/>
<exclusive-end id="2697" timestamp="2019-07-02T19:17:57.758" durationms="3.234" />

<exclusive-start id="2698" timestamp="2019-07-02T19:17:57.813" intervalms="57.473">
  <response-info timems="0.075" idlems="0.075" threads="0" lastid="0000000001742A00" lastname="Thread-5" />
</exclusive-start>
<af-start id="2699" threadId="0000000001743388" totalBytesRequested="32776" timestamp="2019-07-02T19:17:57.813" intervalms="57.472" type="nursery" />
<cycle-start id="2700" type="scavenge" contextid="0" timestamp="2019-07-02T19:17:57.813" intervalms="57.472" />
  <attribute name="GC Util" value="3" />
  <attribute name="CPU Util" value="527638312188" />
  <attribute name="Time Running"value="8516"/>
  <attribute name="Number of cores"value="4"/>
<gc-start id="2701" type="scavenge" contextid="2700" timestamp="2019-07-02T19:17:57.813">
  <mem-info id="2702" free="1716096" total="16449536" percent="10">
    <mem type="nursery" free="0" total="9437184" percent="0">
      <mem type="allocate" free="0" total="7929856" percent="0" />
      <mem type="survivor" free="0" total="1507328" percent="0" />
    </mem>
    <mem type="tenure" free="1716096" total="7012352" percent="24">
      <mem type="soa" free="1427528" total="6662144" percent="21" />
      <mem type="loa" free="288568" total="350208" percent="82" />
    </mem>
    <remembered-set count="332" />
  </mem-info>
</gc-start>
<allocation-stats totalBytes="6644848" >
  <allocated-bytes non-tlh="136" tlh="6644712" />
  <largest-consumer threadName="Thread-6" threadId="0000000001746500" bytes="2211280" />
</allocation-stats>
<gc-op id="2703" type="scavenge" timems="1.654" contextid="2700" timestamp="2019-07-02T19:17:57.814">
  <scavenger-info tenureage="7" tenuremask="7f80" tiltratio="84" />
  <memory-copied type="nursery" objects="2979" bytes="1056192" bytesdiscarded="91560" />
  <memory-copied type="tenure" objects="4" bytes="144" bytesdiscarded="0" />
</gc-op>
<gc-end id="2704" type="scavenge" contextid="2700" durationms="1.909" usertimems="4.000" systemtimems="0.000" timestamp="2019-07-02T19:17:57.815" activeThreads="4">
  <mem-info id="2705" free="8760264" total="16449536" percent="53">
    <mem type="nursery" free="7044168" total="9437184" percent="74">
      <mem type="allocate" free="7044168" total="8192000" percent="85" />
      <mem type="survivor" free="0" total="1245184" percent="0" />
    </mem>
    <mem type="tenure" free="1716096" total="7012352" percent="24" macro-fragmented="10280">
      <mem type="soa" free="1427528" total="6662144" percent="21" />
      <mem type="loa" free="288568" total="350208" percent="82" />
    </mem>
    <remembered-set count="117" />
  </mem-info>
</gc-end>
<cycle-end id="2706" type="scavenge" contextid="2700" timestamp="2019-07-02T19:17:57.815">
  <attribute name="GC Util" value="6" />
  <attribute name="CPU Util" value="320978732424" />
  <attribute name="Time Running"value="8574"/>
  <attribute name="Number of cores"value="4"/>
</cycle-end>
<allocation-satisfied id="2707" threadId="0000000001742A00" bytesRequested="32776" />
<af-end id="2708" timestamp="2019-07-02T19:17:57.815" threadId="0000000001743388" success="true" from="nursery"/>
<exclusive-end id="2709" timestamp="2019-07-02T19:17:57.815" durationms="2.283" />

</verbosegc>

