<?xml version="1.0" ?>

<verbosegc xmlns="http://www.ibm.com/j9/verbosegc" version="10b4217_CMPRSS">

<initialized id="1" timestamp="2019-06-16T01:38:36.107">
  <attribute name="gcPolicy" value="-Xgcpolicy:gencon" />
  <attribute name="elasticGC enabled" value="1" />
  <attribute name= "numThreadsSpecified" value="0" />
  <attribute name="heapSize specified" value="0" />
  <attribute name="Current GC Util" value="0" />
  <attribute name= "Current Time Running" value="0" />
  <attribute name ="GC Interval" value="0" />
  <attribute name="ProportionalT" value="0.000000" />
  <attribute name="ProportionalI" value="0.000000" />
  <attribute name="ProportionalH" value="0.000000" />
  <attribute name="IntegralT" value="0.000000" />
  <attribute name="IntegralI" value="0.000000" />
  <attribute name="IntegralH" value="0.000000" />
  <attribute name="DerivativeT" value="0.000000" />
  <attribute name="DerivativeI" value="0.000000" />
  <attribute name="DerivativeH" value="0.000000" />
  <attribute name="Target GC Util Change" value ="0.000000" />
  <attribute name="Current GC Util Change" value="0.000000"/>
  <attribute name="Current Error" value="0.000000" />
  <attribute name="Loop Time for DT" value="0.000000" />
  <attribute name="Output H" value="0"/>
  <attribute name="Output I" value="0"/>
  <attribute name="Output T" value="0"/>
  <attribute name="GC Util currently" value="0" />
  <attribute name="CPU Util currently" value="0" />
  <attribute name="maxHeapSize" value="0x7cbc0000" />
  <attribute name="initialHeapSize" value="0x800000" />
  <attribute name="compressedRefs" value="true" />
  <attribute name="compressedRefsDisplacement" value="0x0" />
  <attribute name="compressedRefsShift" value="0x0" />
  <attribute name="pageSize" value="0x1000" />
  <attribute name="pageType" value="not used" />
  <attribute name="requestedPageSize" value="0x1000" />
  <attribute name="requestedPageType" value="not used" />
  <attribute name="gcthreads" value="4" />
  <attribute name="gcthreads Concurrent Mark" value="1" />
  <attribute name="packetListSplit" value="4" />
  <attribute name="cacheListSplit" value="4" />
  <attribute name="splitFreeListSplitAmount" value="1" />
  <attribute name="numaNodes" value="0" />
  <system>
    <attribute name="physicalMemory" value="8370958336" />
    <attribute name="numCPUs" value="4" />
    <attribute name="architecture" value="amd64" />
    <attribute name="os" value="Linux" />
    <attribute name="osVersion" value="4.4.0-150-generic" />
  </system>
  <vmargs>
    <vmarg name="-Xoptionsfile=/vagrant/jdk/lib/options.default" />
    <vmarg name="-Xlockword:mode=default,noLockword=java/lang/String,noLockword=java/util/MapEntry,noLockword=java/util/HashMap$Entry,noLockword..." />
    <vmarg name="-Xjcl:jclse29" />
    <vmarg name="-Dcom.ibm.oti.vm.bootstrap.library.path=/vagrant/jdk/lib/compressedrefs:/vagrant/jdk/lib" />
    <vmarg name="-Dsun.boot.library.path=/vagrant/jdk/lib/compressedrefs:/vagrant/jdk/lib" />
    <vmarg name="-Djava.library.path=/vagrant/jdk/lib/compressedrefs:/vagrant/jdk/lib:/usr/lib64:/usr/lib" />
    <vmarg name="-Djava.home=/vagrant/jdk" />
    <vmarg name="-Duser.dir=/vagrant" />
    <vmarg name="-Xgcpolicy:gencon" />
    <vmarg name="-Xgcelastic" />
    <vmarg name="-Xcheck:gc:::elasticGC" />
    <vmarg name="-verbose:gc" />
    <vmarg name="-Xloggc:jdk1.5-1-1-default-GEN-4CORE-elasticverbose11pmd.txt" />
    <vmarg name="-Djava.class.path=dacapo-9.12-MR1-bach.jar" />
    <vmarg name="-Dsun.java.command=dacapo-9.12-MR1-bach.jar pmd --size=default" />
    <vmarg name="-Dsun.java.launcher=SUN_STANDARD" />
    <vmarg name="-Dsun.java.launcher.pid=18412" />
  </vmargs>
</initialized>

<exclusive-start id="2" timestamp="2019-06-16T01:38:36.291" intervalms="183.641">
  <response-info timems="0.022" idlems="0.022" threads="0" lastid="0000000000D19700" lastname="main" />
</exclusive-start>
<af-start id="3" threadId="0000000000D1A088" totalBytesRequested="3080" timestamp="2019-06-16T01:38:36.291" intervalms="183.872" type="nursery" />
<cycle-start id="4" type="scavenge" contextid="0" timestamp="2019-06-16T01:38:36.291" intervalms="184.371" />
<gc-start id="5" type="scavenge" contextid="4" timestamp="2019-06-16T01:38:36.296">
  <mem-info id="6" free="6062624" total="8388608" percent="72">
    <mem type="nursery" free="0" total="2097152" percent="0">
      <mem type="allocate" free="0" total="1048576" percent="0" />
      <mem type="survivor" free="0" total="1048576" percent="0" />
    </mem>
    <mem type="tenure" free="6062624" total="6291456" percent="96">
      <mem type="soa" free="5748256" total="5977088" percent="96" />
      <mem type="loa" free="314368" total="314368" percent="100" />
    </mem>
    <remembered-set count="3161" />
  </mem-info>
</gc-start>
<allocation-stats totalBytes="1271016" >
  <allocated-bytes non-tlh="344784" tlh="926232" />
  <largest-consumer threadName="main" threadId="0000000000D19700" bytes="1197368" />
</allocation-stats>
<gc-op id="7" type="scavenge" timems="1.924" contextid="4" timestamp="2019-06-16T01:38:36.298">
  <scavenger-info tenureage="2" tenuremask="fffc" tiltratio="50" />
  <memory-copied type="nursery" objects="10578" bytes="477552" bytesdiscarded="86088" />
  <finalization candidates="11" enqueued="0" />
  <references type="soft" candidates="62" cleared="0" enqueued="0" dynamicThreshold="32" maxThreshold="32" />
  <references type="weak" candidates="309" cleared="177" enqueued="141" />
  <references type="phantom" candidates="25" cleared="6" enqueued="6" />
</gc-op>
<gc-end id="8" type="scavenge" contextid="4" durationms="5.685" usertimems="4.000" systemtimems="4.000" timestamp="2019-06-16T01:38:36.302" activeThreads="4">
  <mem-info id="9" free="6545464" total="8388608" percent="78">
    <mem type="nursery" free="482840" total="2097152" percent="23">
      <mem type="allocate" free="482840" total="1048576" percent="46" />
      <mem type="survivor" free="0" total="1048576" percent="0" />
    </mem>
    <mem type="tenure" free="6062624" total="6291456" percent="96">
      <mem type="soa" free="5748256" total="5977088" percent="96" />
      <mem type="loa" free="314368" total="314368" percent="100" />
    </mem>
    <pending-finalizers system="0" default="0" reference="147" classloader="0" />
    <remembered-set count="3161" />
  </mem-info>
</gc-end>
<cycle-end id="10" type="scavenge" contextid="4" timestamp="2019-06-16T01:38:36.302" />
  <attribute name="elasticGC enabled" value="1" />
  <attribute name= "numThreadsSpecified" value="0" />
  <attribute name="heapSize specified" value="0" />
  <attribute name="Current GC Util" value="0" />
  <attribute name= "Current Time Running" value="72" />
  <attribute name ="GC Interval" value="1" />
  <attribute name="ProportionalT" value="0.000000" />
  <attribute name="ProportionalI" value="0.000000" />
  <attribute name="ProportionalH" value="0.000000" />
  <attribute name="Current Error" value="0.000000" />
  <attribute name="IntegralT" value="0.000000" />
  <attribute name="IntegralI" value="0.000000" />
  <attribute name="IntegralH" value="0.000000" />
  <attribute name="DerivativeT" value="0.000000" />
  <attribute name="DerivativeI" value="0.000000" />
  <attribute name="DerivativeH" value="0.000000" />
  <attribute name="Loop Time for DT" value="0.000000" />
  <attribute name="Output H" value="0"/>
  <attribute name="Output I" value="0"/>
  <attribute name="Output T" value="0"/>
  <attribute name="Target GC Util Change" value ="20.000000" />
  <attribute name="Current GC Util Change" value="0.000000"/>
  <attribute name="GC Util currently" value="0" />
  <attribute name="CPU Util currently" value="23" />
<allocation-satisfied id="11" threadId="0000000000D19700" bytesRequested="3080" />
<af-end id="12" timestamp="2019-06-16T01:38:36.302" threadId="0000000000D1A088" success="true" from="nursery"/>
<exclusive-end id="13" timestamp="2019-06-16T01:38:36.302" durationms="11.834" />

<exclusive-start id="14" timestamp="2019-06-16T01:38:36.339" intervalms="48.301">
  <response-info timems="0.070" idlems="0.070" threads="0" lastid="0000000000D19700" lastname="main" />
</exclusive-start>
<af-start id="15" threadId="0000000000D1A088" totalBytesRequested="3616" timestamp="2019-06-16T01:38:36.339" intervalms="48.195" type="nursery" />
<cycle-start id="16" type="scavenge" contextid="0" timestamp="2019-06-16T01:38:36.339" intervalms="47.844" />
<gc-start id="17" type="scavenge" contextid="16" timestamp="2019-06-16T01:38:36.343">
  <mem-info id="18" free="6054720" total="8388608" percent="72">
    <mem type="nursery" free="0" total="2097152" percent="0">
      <mem type="allocate" free="0" total="1048576" percent="0" />
      <mem type="survivor" free="0" total="1048576" percent="0" />
    </mem>
    <mem type="tenure" free="6054720" total="6291456" percent="96">
      <mem type="soa" free="5740352" total="5977088" percent="96" />
      <mem type="loa" free="314368" total="314368" percent="100" />
    </mem>
    <remembered-set count="3264" />
  </mem-info>
</gc-start>
<allocation-stats totalBytes="487728" >
  <allocated-bytes non-tlh="10984" tlh="476744" />
  <largest-consumer threadName="main" threadId="0000000000D19700" bytes="475752" />
</allocation-stats>
<gc-op id="19" type="scavenge" timems="0.770" contextid="16" timestamp="2019-06-16T01:38:36.344">
  <scavenger-info tenureage="5" tenuremask="7fe0" tiltratio="50" />
  <memory-copied type="nursery" objects="10917" bytes="486760" bytesdiscarded="197904" />
  <finalization candidates="11" enqueued="0" />
  <references type="soft" candidates="62" cleared="0" enqueued="0" dynamicThreshold="32" maxThreshold="32" />
  <references type="weak" candidates="249" cleared="104" enqueued="101" />
  <references type="phantom" candidates="39" cleared="13" enqueued="13" />
</gc-op>
<gc-end id="20" type="scavenge" contextid="16" durationms="1.126" usertimems="0.000" systemtimems="0.000" timestamp="2019-06-16T01:38:36.344" activeThreads="4">
  <mem-info id="21" free="6417168" total="8388608" percent="76">
    <mem type="nursery" free="362448" total="2097152" percent="17">
      <mem type="allocate" free="362448" total="1048576" percent="34" />
      <mem type="survivor" free="0" total="1048576" percent="0" />
    </mem>
    <mem type="tenure" free="6054720" total="6291456" percent="96">
      <mem type="soa" free="5740352" total="5977088" percent="96" />
      <mem type="loa" free="314368" total="314368" percent="100" />
    </mem>
    <pending-finalizers system="0" default="0" reference="114" classloader="0" />
    <remembered-set count="3264" />
  </mem-info>
</gc-end>
<cycle-end id="22" type="scavenge" contextid="16" timestamp="2019-06-16T01:38:36.344" />
  <attribute name="elasticGC enabled" value="1" />
  <attribute name= "numThreadsSpecified" value="4" />
  <attribute name="heapSize specified" value="0" />
  <attribute name="Current GC Util" value="23" />
  <attribute name= "Current Time Running" value="120" />
  <attribute name ="GC Interval" value="200" />
  <attribute name="ProportionalT" value="4.500000" />
  <attribute name="ProportionalI" value="4.500000" />
  <attribute name="ProportionalH" value="4.500000" />
  <attribute name="Current Error" value="3.000000" />
  <attribute name="IntegralT" value="144.000000" />
  <attribute name="IntegralI" value="144.000000" />
  <attribute name="IntegralH" value="144.000000" />
  <attribute name="DerivativeT" value="0.062500" />
  <attribute name="DerivativeI" value="0.062500" />
  <attribute name="DerivativeH" value="0.062500" />
  <attribute name="Loop Time for DT" value="48.000000" />
  <attribute name="Output H" value="8388608"/>
  <attribute name="Output I" value="200"/>
  <attribute name="Output T" value="4"/>
  <attribute name="Target GC Util Change" value ="20.000000" />
  <attribute name="Current GC Util Change" value="23.000000"/>
  <attribute name="GC Util currently" value="23" />
  <attribute name="CPU Util currently" value="15" />
<allocation-satisfied id="23" threadId="0000000000D19700" bytesRequested="3616" />
<af-end id="24" timestamp="2019-06-16T01:38:36.345" threadId="0000000000D1A088" success="true" from="nursery"/>
<exclusive-end id="25" timestamp="2019-06-16T01:38:36.345" durationms="6.123" />

<exclusive-start id="26" timestamp="2019-06-16T01:38:36.355" intervalms="15.734">
  <response-info timems="0.070" idlems="0.070" threads="0" lastid="0000000000D19700" lastname="main" />
</exclusive-start>
<af-start id="27" threadId="0000000000D1A088" totalBytesRequested="20232" timestamp="2019-06-16T01:38:36.355" intervalms="15.769" type="nursery" />
<cycle-start id="28" type="scavenge" contextid="0" timestamp="2019-06-16T01:38:36.355" intervalms="15.736" />
<gc-start id="29" type="scavenge" contextid="28" timestamp="2019-06-16T01:38:36.355">
  <mem-info id="30" free="6052200" total="8388608" percent="72">
    <mem type="nursery" free="0" total="2097152" percent="0">
      <mem type="allocate" free="0" total="1048576" percent="0" />
      <mem type="survivor" free="0" total="1048576" percent="0" />
    </mem>
    <mem type="tenure" free="6052200" total="6291456" percent="96">
      <mem type="soa" free="5737832" total="5977088" percent="95" />
      <mem type="loa" free="314368" total="314368" percent="100" />
    </mem>
    <remembered-set count="3295" />
  </mem-info>
</gc-start>
<allocation-stats totalBytes="344520" >
  <allocated-bytes non-tlh="6136" tlh="338384" />
  <largest-consumer threadName="main" threadId="0000000000D19700" bytes="336328" />
</allocation-stats>
<gc-op id="31" type="scavenge" timems="0.821" contextid="28" timestamp="2019-06-16T01:38:36.356">
  <scavenger-info tenureage="4" tenuremask="7ff0" tiltratio="50" />
  <memory-copied type="nursery" objects="10904" bytes="540224" bytesdiscarded="152992" />
  <finalization candidates="11" enqueued="0" />
  <references type="soft" candidates="62" cleared="0" enqueued="0" dynamicThreshold="32" maxThreshold="32" />
  <references type="weak" candidates="214" cleared="67" enqueued="67" />
  <references type="phantom" candidates="36" cleared="8" enqueued="8" />
</gc-op>
<gc-end id="32" type="scavenge" contextid="28" durationms="1.179" usertimems="0.000" systemtimems="0.000" timestamp="2019-06-16T01:38:36.356" activeThreads="4">
  <mem-info id="33" free="6406104" total="8388608" percent="76">
    <mem type="nursery" free="353904" total="2097152" percent="16">
      <mem type="allocate" free="353904" total="1048576" percent="33" />
      <mem type="survivor" free="0" total="1048576" percent="0" />
    </mem>
    <mem type="tenure" free="6052200" total="6291456" percent="96">
      <mem type="soa" free="5737832" total="5977088" percent="95" />
      <mem type="loa" free="314368" total="314368" percent="100" />
    </mem>
    <pending-finalizers system="0" default="0" reference="75" classloader="0" />
    <remembered-set count="1025" />
  </mem-info>
</gc-end>
<cycle-end id="34" type="scavenge" contextid="28" timestamp="2019-06-16T01:38:36.356" />
  <attribute name="elasticGC enabled" value="1" />
  <attribute name= "numThreadsSpecified" value="4" />
  <attribute name="heapSize specified" value="0" />
  <attribute name="Current GC Util" value="45" />
  <attribute name= "Current Time Running" value="131" />
  <attribute name ="GC Interval" value="464" />
  <attribute name="ProportionalT" value="37.500000" />
  <attribute name="ProportionalI" value="37.500000" />
  <attribute name="ProportionalH" value="37.500000" />
  <attribute name="Current Error" value="25.000000" />
  <attribute name="IntegralT" value="419.000000" />
  <attribute name="IntegralI" value="419.000000" />
  <attribute name="IntegralH" value="419.000000" />
  <attribute name="DerivativeT" value="2.000000" />
  <attribute name="DerivativeI" value="2.000000" />
  <attribute name="DerivativeH" value="2.000000" />
  <attribute name="Loop Time for DT" value="11.000000" />
  <attribute name="Output H" value="8388608"/>
  <attribute name="Output I" value="464"/>
  <attribute name="Output T" value="4"/>
  <attribute name="Target GC Util Change" value ="20.000000" />
  <attribute name="Current GC Util Change" value="45.000000"/>
  <attribute name="GC Util currently" value="45" />
  <attribute name="CPU Util currently" value="7" />
<allocation-satisfied id="35" threadId="0000000000D19700" bytesRequested="20232" />
<af-end id="36" timestamp="2019-06-16T01:38:36.356" threadId="0000000000D1A088" success="true" from="nursery"/>
<exclusive-end id="37" timestamp="2019-06-16T01:38:36.356" durationms="1.892" />

<exclusive-start id="38" timestamp="2019-06-16T01:38:36.455" intervalms="100.974">
  <response-info timems="0.083" idlems="0.083" threads="0" lastid="0000000000D19700" lastname="main" />
</exclusive-start>
<af-start id="39" threadId="0000000000D1A088" totalBytesRequested="2056" timestamp="2019-06-16T01:38:36.456" intervalms="101.049" type="nursery" />
<cycle-start id="40" type="scavenge" contextid="0" timestamp="2019-06-16T01:38:36.456" intervalms="101.118" />
<gc-start id="41" type="scavenge" contextid="40" timestamp="2019-06-16T01:38:36.456">
  <mem-info id="42" free="6048488" total="8388608" percent="72">
    <mem type="nursery" free="0" total="2097152" percent="0">
      <mem type="allocate" free="0" total="1048576" percent="0" />
      <mem type="survivor" free="0" total="1048576" percent="0" />
    </mem>
    <mem type="tenure" free="6048488" total="6291456" percent="96">
      <mem type="soa" free="5734120" total="5977088" percent="95" />
      <mem type="loa" free="314368" total="314368" percent="100" />
    </mem>
    <remembered-set count="1091" />
  </mem-info>
</gc-start>
<allocation-stats totalBytes="354080" >
  <allocated-bytes non-tlh="23944" tlh="330136" />
  <largest-consumer threadName="main" threadId="0000000000D19700" bytes="354080" />
</allocation-stats>
<gc-op id="43" type="scavenge" timems="1.112" contextid="40" timestamp="2019-06-16T01:38:36.457">
  <scavenger-info tenureage="3" tenuremask="fff8" tiltratio="50" />
  <memory-copied type="nursery" objects="811" bytes="109104" bytesdiscarded="71840" />
  <memory-copied type="tenure" objects="10289" bytes="459840" bytesdiscarded="120" />
  <finalization candidates="13" enqueued="0" />
  <references type="soft" candidates="1" cleared="0" enqueued="0" dynamicThreshold="32" maxThreshold="32" />
  <references type="weak" candidates="61" cleared="45" enqueued="45" />
  <references type="phantom" candidates="21" cleared="9" enqueued="9" />
</gc-op>
<gc-end id="44" type="scavenge" contextid="40" durationms="1.584" usertimems="4.000" systemtimems="0.000" timestamp="2019-06-16T01:38:36.458" activeThreads="4">
  <mem-info id="45" free="6381104" total="8388608" percent="76">
    <mem type="nursery" free="867560" total="2097152" percent="41">
      <mem type="allocate" free="867560" total="1048576" percent="82" />
      <mem type="survivor" free="0" total="1048576" percent="0" />
    </mem>
    <mem type="tenure" free="5513544" total="6291456" percent="87">
      <mem type="soa" free="5199176" total="5977088" percent="86" />
      <mem type="loa" free="314368" total="314368" percent="100" />
    </mem>
    <pending-finalizers system="0" default="0" reference="54" classloader="0" />
    <remembered-set count="203" />
  </mem-info>
</gc-end>
<cycle-end id="46" type="scavenge" contextid="40" timestamp="2019-06-16T01:38:36.458" />
  <attribute name="elasticGC enabled" value="1" />
  <attribute name= "numThreadsSpecified" value="4" />
  <attribute name="heapSize specified" value="0" />
  <attribute name="Current GC Util" value="1" />
  <attribute name= "Current Time Running" value="232" />
  <attribute name ="GC Interval" value="200" />
  <attribute name="ProportionalT" value="-28.500000" />
  <attribute name="ProportionalI" value="-28.500000" />
  <attribute name="ProportionalH" value="-28.500000" />
  <attribute name="Current Error" value="-19.000000" />
  <attribute name="IntegralT" value="-1500.000000" />
  <attribute name="IntegralI" value="-1500.000000" />
  <attribute name="IntegralH" value="-1500.000000" />
  <attribute name="DerivativeT" value="-0.435644" />
  <attribute name="DerivativeI" value="-0.435644" />
  <attribute name="DerivativeH" value="-0.435644" />
  <attribute name="Loop Time for DT" value="101.000000" />
  <attribute name="Output H" value="2092630016"/>
  <attribute name="Output I" value="200"/>
  <attribute name="Output T" value="4"/>
  <attribute name="Target GC Util Change" value ="20.000000" />
  <attribute name="Current GC Util Change" value="1.000000"/>
  <attribute name="GC Util currently" value="1" />
  <attribute name="CPU Util currently" value="0" />
<allocation-satisfied id="47" threadId="0000000000D19700" bytesRequested="2056" />
<af-end id="48" timestamp="2019-06-16T01:38:36.458" threadId="0000000000D1A088" success="true" from="nursery"/>
<exclusive-end id="49" timestamp="2019-06-16T01:38:36.458" durationms="2.510" />

<exclusive-start id="50" timestamp="2019-06-16T01:38:38.782" intervalms="2326.064">
  <response-info timems="0.191" idlems="0.191" threads="0" lastid="0000000000D19700" lastname="main" />
</exclusive-start>
<af-start id="51" threadId="0000000000D1A088" totalBytesRequested="2056" timestamp="2019-06-16T01:38:38.782" intervalms="2326.386" type="nursery" />
<cycle-start id="52" type="scavenge" contextid="0" timestamp="2019-06-16T01:38:38.783" intervalms="2326.709" />
<gc-start id="53" type="scavenge" contextid="52" timestamp="2019-06-16T01:38:38.783">
  <mem-info id="54" free="5512624" total="8388608" percent="65">
    <mem type="nursery" free="0" total="2097152" percent="0">
      <mem type="allocate" free="0" total="1048576" percent="0" />
      <mem type="survivor" free="0" total="1048576" percent="0" />
    </mem>
    <mem type="tenure" free="5512624" total="6291456" percent="87">
      <mem type="soa" free="5198256" total="5977088" percent="86" />
      <mem type="loa" free="314368" total="314368" percent="100" />
    </mem>
    <remembered-set count="222" />
  </mem-info>
</gc-start>
<allocation-stats totalBytes="860200" >
  <allocated-bytes non-tlh="46024" tlh="814176" />
  <largest-consumer threadName="main" threadId="0000000000D19700" bytes="860200" />
</allocation-stats>
<gc-op id="55" type="scavenge" timems="3.281" contextid="52" timestamp="2019-06-16T01:38:38.787">
  <scavenger-info tenureage="3" tenuremask="fff8" tiltratio="50" />
  <memory-copied type="nursery" objects="489" bytes="165512" bytesdiscarded="83312" />
  <memory-copied type="tenure" objects="307" bytes="15688" bytesdiscarded="0" />
  <finalization candidates="3" enqueued="1" />
  <references type="soft" candidates="1" cleared="0" enqueued="0" dynamicThreshold="32" maxThreshold="32" />
  <references type="weak" candidates="9" cleared="7" enqueued="7" />
  <references type="phantom" candidates="10" cleared="5" enqueued="5" />
</gc-op>
<gc-end id="56" type="scavenge" contextid="52" durationms="4.809" usertimems="0.000" systemtimems="4.000" timestamp="2019-06-16T01:38:38.788" activeThreads="4">
  <mem-info id="57" free="6273128" total="8388608" percent="74">
    <mem type="nursery" free="799672" total="2097152" percent="38">
      <mem type="allocate" free="799672" total="1048576" percent="76" />
      <mem type="survivor" free="0" total="1048576" percent="0" />
    </mem>
    <mem type="tenure" free="5473456" total="6291456" percent="86">
      <mem type="soa" free="5159088" total="5977088" percent="86" />
      <mem type="loa" free="314368" total="314368" percent="100" />
    </mem>
    <pending-finalizers system="1" default="0" reference="12" classloader="0" />
    <remembered-set count="172" />
  </mem-info>
</gc-end>
<cycle-end id="58" type="scavenge" contextid="52" timestamp="2019-06-16T01:38:38.789" />
  <attribute name="elasticGC enabled" value="1" />
  <attribute name= "numThreadsSpecified" value="4" />
  <attribute name="heapSize specified" value="0" />
  <attribute name="Current GC Util" value="0" />
  <attribute name= "Current Time Running" value="2560" />
  <attribute name ="GC Interval" value="200" />
  <attribute name="ProportionalT" value="-30.000000" />
  <attribute name="ProportionalI" value="-30.000000" />
  <attribute name="ProportionalH" value="-30.000000" />
  <attribute name="Current Error" value="-20.000000" />
  <attribute name="IntegralT" value="-48060.000000" />
  <attribute name="IntegralI" value="-48060.000000" />
  <attribute name="IntegralH" value="-48060.000000" />
  <attribute name="DerivativeT" value="-0.008591" />
  <attribute name="DerivativeI" value="-0.008591" />
  <attribute name="DerivativeH" value="-0.008591" />
  <attribute name="Loop Time for DT" value="2328.000000" />
  <attribute name="Output H" value="2092630016"/>
  <attribute name="Output I" value="200"/>
  <attribute name="Output T" value="4"/>
  <attribute name="Target GC Util Change" value ="20.000000" />
  <attribute name="Current GC Util Change" value="0.000000"/>
  <attribute name="GC Util currently" value="0" />
  <attribute name="CPU Util currently" value="3" />
<allocation-satisfied id="59" threadId="0000000000D19700" bytesRequested="2056" />
<af-end id="60" timestamp="2019-06-16T01:38:38.789" threadId="0000000000D1A088" success="true" from="nursery"/>
<exclusive-end id="61" timestamp="2019-06-16T01:38:38.790" durationms="8.259" />

<exclusive-start id="62" timestamp="2019-06-16T01:38:41.339" intervalms="2557.125">
  <response-info timems="0.193" idlems="0.193" threads="0" lastid="0000000000D19700" lastname="main" />
</exclusive-start>
<af-start id="63" threadId="0000000000D1A088" totalBytesRequested="2056" timestamp="2019-06-16T01:38:41.339" intervalms="2557.197" type="nursery" />
<cycle-start id="64" type="scavenge" contextid="0" timestamp="2019-06-16T01:38:41.340" intervalms="2557.220" />
<gc-start id="65" type="scavenge" contextid="64" timestamp="2019-06-16T01:38:41.340">
  <mem-info id="66" free="5473456" total="8388608" percent="65">
    <mem type="nursery" free="0" total="2097152" percent="0">
      <mem type="allocate" free="0" total="1048576" percent="0" />
      <mem type="survivor" free="0" total="1048576" percent="0" />
    </mem>
    <mem type="tenure" free="5473456" total="6291456" percent="86">
      <mem type="soa" free="5159088" total="5977088" percent="86" />
      <mem type="loa" free="314368" total="314368" percent="100" />
    </mem>
    <remembered-set count="174" />
  </mem-info>
</gc-start>
<allocation-stats totalBytes="797664" >
  <allocated-bytes non-tlh="2056" tlh="795608" />
  <largest-consumer threadName="main" threadId="0000000000D19700" bytes="797664" />
</allocation-stats>
<gc-op id="67" type="scavenge" timems="2.990" contextid="64" timestamp="2019-06-16T01:38:41.344">
  <scavenger-info tenureage="3" tenuremask="fff8" tiltratio="50" />
  <memory-copied type="nursery" objects="429" bytes="84896" bytesdiscarded="17952" />
  <memory-copied type="tenure" objects="29" bytes="1760" bytesdiscarded="0" />
  <finalization candidates="2" enqueued="0" />
  <references type="soft" candidates="1" cleared="0" enqueued="0" dynamicThreshold="32" maxThreshold="32" />
  <references type="weak" candidates="1" cleared="0" enqueued="0" />
  <references type="phantom" candidates="5" cleared="0" enqueued="0" />
</gc-op>
<gc-end id="68" type="scavenge" contextid="64" durationms="5.750" usertimems="8.000" systemtimems="0.000" timestamp="2019-06-16T01:38:41.346" activeThreads="4">
  <mem-info id="69" free="6484640" total="8388608" percent="77">
    <mem type="nursery" free="1011184" total="2097152" percent="48">
      <mem type="allocate" free="1011184" total="1114112" percent="90" />
      <mem type="survivor" free="0" total="983040" percent="0" />
    </mem>
    <mem type="tenure" free="5473456" total="6291456" percent="86">
      <mem type="soa" free="5159088" total="5977088" percent="86" />
      <mem type="loa" free="314368" total="314368" percent="100" />
    </mem>
    <remembered-set count="94" />
  </mem-info>
</gc-end>
<cycle-end id="70" type="scavenge" contextid="64" timestamp="2019-06-16T01:38:41.347" />
  <attribute name="elasticGC enabled" value="1" />
  <attribute name= "numThreadsSpecified" value="4" />
  <attribute name="heapSize specified" value="0" />
  <attribute name="Current GC Util" value="0" />
  <attribute name= "Current Time Running" value="5117" />
  <attribute name ="GC Interval" value="200" />
  <attribute name="ProportionalT" value="-30.000000" />
  <attribute name="ProportionalI" value="-30.000000" />
  <attribute name="ProportionalH" value="-30.000000" />
  <attribute name="Current Error" value="-20.000000" />
  <attribute name="IntegralT" value="-99200.000000" />
  <attribute name="IntegralI" value="-99200.000000" />
  <attribute name="IntegralH" value="-99200.000000" />
  <attribute name="DerivativeT" value="-0.007822" />
  <attribute name="DerivativeI" value="-0.007822" />
  <attribute name="DerivativeH" value="-0.007822" />
  <attribute name="Loop Time for DT" value="2557.000000" />
  <attribute name="Output H" value="2092630016"/>
  <attribute name="Output I" value="200"/>
  <attribute name="Output T" value="4"/>
  <attribute name="Target GC Util Change" value ="20.000000" />
  <attribute name="Current GC Util Change" value="0.000000"/>
  <attribute name="GC Util currently" value="0" />
  <attribute name="CPU Util currently" value="3" />
<allocation-satisfied id="71" threadId="0000000000D19700" bytesRequested="2056" />
<af-end id="72" timestamp="2019-06-16T01:38:41.348" threadId="0000000000D1A088" success="true" from="nursery"/>
<exclusive-end id="73" timestamp="2019-06-16T01:38:41.348" durationms="9.428" />

<exclusive-start id="74" timestamp="2019-06-16T01:38:45.414" intervalms="4075.741">
  <response-info timems="0.181" idlems="0.181" threads="0" lastid="0000000000D19700" lastname="main" />
</exclusive-start>
<af-start id="75" threadId="0000000000D1A088" totalBytesRequested="2056" timestamp="2019-06-16T01:38:45.415" intervalms="4075.710" type="nursery" />
<cycle-start id="76" type="scavenge" contextid="0" timestamp="2019-06-16T01:38:45.416" intervalms="4075.779" />
<gc-start id="77" type="scavenge" contextid="76" timestamp="2019-06-16T01:38:45.416">
  <mem-info id="78" free="5473456" total="8388608" percent="65">
    <mem type="nursery" free="0" total="2097152" percent="0">
      <mem type="allocate" free="0" total="1114112" percent="0" />
      <mem type="survivor" free="0" total="983040" percent="0" />
    </mem>
    <mem type="tenure" free="5473456" total="6291456" percent="86">
      <mem type="soa" free="5159088" total="5977088" percent="86" />
      <mem type="loa" free="314368" total="314368" percent="100" />
    </mem>
    <remembered-set count="94" />
  </mem-info>
</gc-start>
<allocation-stats totalBytes="994208" >
  <allocated-bytes non-tlh="2056" tlh="992152" />
  <largest-consumer threadName="main" threadId="0000000000D19700" bytes="994208" />
</allocation-stats>
<gc-op id="79" type="scavenge" timems="2.079" contextid="76" timestamp="2019-06-16T01:38:45.419">
  <scavenger-info tenureage="4" tenuremask="fff0" tiltratio="53" />
  <memory-copied type="nursery" objects="429" bytes="84984" bytesdiscarded="57032" />
  <finalization candidates="2" enqueued="0" />
  <references type="soft" candidates="1" cleared="0" enqueued="0" dynamicThreshold="32" maxThreshold="32" />
  <references type="weak" candidates="1" cleared="0" enqueued="0" />
  <references type="phantom" candidates="5" cleared="0" enqueued="0" />
</gc-op>
<gc-end id="80" type="scavenge" contextid="76" durationms="4.083" usertimems="4.000" systemtimems="0.000" timestamp="2019-06-16T01:38:45.420" activeThreads="4">
  <mem-info id="81" free="6642080" total="8388608" percent="79">
    <mem type="nursery" free="1168624" total="2097152" percent="55">
      <mem type="allocate" free="1168624" total="1310720" percent="89" />
      <mem type="survivor" free="0" total="786432" percent="0" />
    </mem>
    <mem type="tenure" free="5473456" total="6291456" percent="86">
      <mem type="soa" free="5159088" total="5977088" percent="86" />
      <mem type="loa" free="314368" total="314368" percent="100" />
    </mem>
    <remembered-set count="82" />
  </mem-info>
</gc-end>
<cycle-end id="82" type="scavenge" contextid="76" timestamp="2019-06-16T01:38:45.421" />
  <attribute name="elasticGC enabled" value="1" />
  <attribute name= "numThreadsSpecified" value="4" />
  <attribute name="heapSize specified" value="0" />
  <attribute name="Current GC Util" value="0" />
  <attribute name= "Current Time Running" value="9193" />
  <attribute name ="GC Interval" value="200" />
  <attribute name="ProportionalT" value="-30.000000" />
  <attribute name="ProportionalI" value="-30.000000" />
  <attribute name="ProportionalH" value="-30.000000" />
  <attribute name="Current Error" value="-20.000000" />
  <attribute name="IntegralT" value="-81520.000000" />
  <attribute name="IntegralI" value="-81520.000000" />
  <attribute name="IntegralH" value="-81520.000000" />
  <attribute name="DerivativeT" value="-0.004907" />
  <attribute name="DerivativeI" value="-0.004907" />
  <attribute name="DerivativeH" value="-0.004907" />
  <attribute name="Loop Time for DT" value="4076.000000" />
  <attribute name="Output H" value="2092630016"/>
  <attribute name="Output I" value="200"/>
  <attribute name="Output T" value="4"/>
  <attribute name="Target GC Util Change" value ="20.000000" />
  <attribute name="Current GC Util Change" value="0.000000"/>
  <attribute name="GC Util currently" value="0" />
  <attribute name="CPU Util currently" value="4" />
<allocation-satisfied id="83" threadId="0000000000D19700" bytesRequested="2056" />
<af-end id="84" timestamp="2019-06-16T01:38:45.422" threadId="0000000000D1A088" success="true" from="nursery"/>
<exclusive-end id="85" timestamp="2019-06-16T01:38:45.422" durationms="7.711" />

<exclusive-start id="86" timestamp="2019-06-16T01:38:48.219" intervalms="2804.346">
  <response-info timems="0.024" idlems="0.024" threads="0" lastid="0000000000D19700" lastname="main" />
</exclusive-start>
<af-start id="87" threadId="0000000000D1A088" totalBytesRequested="89408" timestamp="2019-06-16T01:38:48.221" intervalms="2806.252" type="nursery" />
<cycle-start id="88" type="scavenge" contextid="0" timestamp="2019-06-16T01:38:48.221" intervalms="2805.731" />
<gc-start id="89" type="scavenge" contextid="88" timestamp="2019-06-16T01:38:48.221">
  <mem-info id="90" free="5472976" total="8388608" percent="65">
    <mem type="nursery" free="0" total="2097152" percent="0">
      <mem type="allocate" free="0" total="1310720" percent="0" />
      <mem type="survivor" free="0" total="786432" percent="0" />
    </mem>
    <mem type="tenure" free="5472976" total="6291456" percent="86">
      <mem type="soa" free="5158608" total="5977088" percent="86" />
      <mem type="loa" free="314368" total="314368" percent="100" />
    </mem>
    <remembered-set count="92" />
  </mem-info>
</gc-start>
<allocation-stats totalBytes="1166736" >
  <allocated-bytes non-tlh="81264" tlh="1085472" />
  <largest-consumer threadName="main" threadId="0000000000D19700" bytes="1166736" />
</allocation-stats>
<gc-op id="91" type="scavenge" timems="0.443" contextid="88" timestamp="2019-06-16T01:38:48.222">
  <scavenger-info tenureage="3" tenuremask="fff8" tiltratio="62" />
  <memory-copied type="nursery" objects="348" bytes="228744" bytesdiscarded="42800" />
  <memory-copied type="tenure" objects="370" bytes="63336" bytesdiscarded="16" />
  <finalization candidates="2" enqueued="0" />
  <references type="soft" candidates="1" cleared="0" enqueued="0" dynamicThreshold="32" maxThreshold="32" />
  <references type="phantom" candidates="20" cleared="0" enqueued="0" />
</gc-op>
<gc-end id="92" type="scavenge" contextid="88" durationms="0.653" usertimems="0.000" systemtimems="0.000" timestamp="2019-06-16T01:38:48.222" activeThreads="4">
  <mem-info id="93" free="6482936" total="8388608" percent="77">
    <mem type="nursery" free="1104696" total="2097152" percent="52">
      <mem type="allocate" free="1104696" total="1376256" percent="80" />
      <mem type="survivor" free="0" total="720896" percent="0" />
    </mem>
    <mem type="tenure" free="5378240" total="6291456" percent="85">
      <mem type="soa" free="5063872" total="5977088" percent="84" />
      <mem type="loa" free="314368" total="314368" percent="100" />
    </mem>
    <remembered-set count="81" />
  </mem-info>
</gc-end>
<cycle-end id="94" type="scavenge" contextid="88" timestamp="2019-06-16T01:38:48.222" />
  <attribute name="elasticGC enabled" value="1" />
  <attribute name= "numThreadsSpecified" value="4" />
  <attribute name="heapSize specified" value="0" />
  <attribute name="Current GC Util" value="0" />
  <attribute name= "Current Time Running" value="11998" />
  <attribute name ="GC Interval" value="200" />
  <attribute name="ProportionalT" value="-30.000000" />
  <attribute name="ProportionalI" value="-30.000000" />
  <attribute name="ProportionalH" value="-30.000000" />
  <attribute name="Current Error" value="-20.000000" />
  <attribute name="IntegralT" value="-56100.000000" />
  <attribute name="IntegralI" value="-56100.000000" />
  <attribute name="IntegralH" value="-56100.000000" />
  <attribute name="DerivativeT" value="-0.007130" />
  <attribute name="DerivativeI" value="-0.007130" />
  <attribute name="DerivativeH" value="-0.007130" />
  <attribute name="Loop Time for DT" value="2805.000000" />
  <attribute name="Output H" value="2092630016"/>
  <attribute name="Output I" value="200"/>
  <attribute name="Output T" value="4"/>
  <attribute name="Target GC Util Change" value ="20.000000" />
  <attribute name="Current GC Util Change" value="0.000000"/>
  <attribute name="GC Util currently" value="0" />
  <attribute name="CPU Util currently" value="2" />
<allocation-satisfied id="95" threadId="0000000000D19700" bytesRequested="89408" />
<af-end id="96" timestamp="2019-06-16T01:38:48.222" threadId="0000000000D1A088" success="true" from="nursery"/>
<exclusive-end id="97" timestamp="2019-06-16T01:38:48.222" durationms="3.573" />

<exclusive-start id="98" timestamp="2019-06-16T01:38:48.269" intervalms="49.808">
  <response-info timems="0.064" idlems="0.064" threads="0" lastid="0000000000D19700" lastname="main" />
</exclusive-start>
<af-start id="99" threadId="0000000000D1A088" totalBytesRequested="7984" timestamp="2019-06-16T01:38:48.269" intervalms="47.399" type="nursery" />
<cycle-start id="100" type="scavenge" contextid="0" timestamp="2019-06-16T01:38:48.269" intervalms="47.393" />
<gc-start id="101" type="scavenge" contextid="100" timestamp="2019-06-16T01:38:48.269">
  <mem-info id="102" free="5362912" total="8388608" percent="63">
    <mem type="nursery" free="0" total="2097152" percent="0">
      <mem type="allocate" free="0" total="1376256" percent="0" />
      <mem type="survivor" free="0" total="720896" percent="0" />
    </mem>
    <mem type="tenure" free="5362912" total="6291456" percent="85">
      <mem type="soa" free="5048544" total="5977088" percent="84" />
      <mem type="loa" free="314368" total="314368" percent="100" />
    </mem>
    <remembered-set count="343" />
  </mem-info>
</gc-start>
<allocation-stats totalBytes="1105248" >
  <allocated-bytes non-tlh="104736" tlh="1000512" />
  <largest-consumer threadName="main" threadId="0000000000D19700" bytes="1105248" />
</allocation-stats>
<gc-op id="103" type="scavenge" timems="0.521" contextid="100" timestamp="2019-06-16T01:38:48.269">
  <scavenger-info tenureage="3" tenuremask="ffe8" tiltratio="65" />
  <memory-copied type="nursery" objects="2863" bytes="428984" bytesdiscarded="68056" />
  <finalization candidates="32" enqueued="0" />
  <ownableSynchronizers candidates="4" cleared="3" />
  <references type="soft" candidates="3" cleared="0" enqueued="0" dynamicThreshold="32" maxThreshold="32" />
  <references type="weak" candidates="487" cleared="236" enqueued="172" />
  <references type="phantom" candidates="27" cleared="3" enqueued="3" />
</gc-op>
<gc-end id="104" type="scavenge" contextid="100" durationms="0.730" usertimems="0.000" systemtimems="0.000" timestamp="2019-06-16T01:38:48.270" activeThreads="4">
  <mem-info id="105" free="6242000" total="8388608" percent="74">
    <mem type="nursery" free="879088" total="2097152" percent="41">
      <mem type="allocate" free="879088" total="1376256" percent="63" />
      <mem type="survivor" free="0" total="720896" percent="0" />
    </mem>
    <mem type="tenure" free="5362912" total="6291456" percent="85">
      <mem type="soa" free="5048544" total="5977088" percent="84" />
      <mem type="loa" free="314368" total="314368" percent="100" />
    </mem>
    <pending-finalizers system="0" default="0" reference="175" classloader="0" />
    <remembered-set count="340" />
  </mem-info>
</gc-end>
<cycle-end id="106" type="scavenge" contextid="100" timestamp="2019-06-16T01:38:48.270" />
  <attribute name="elasticGC enabled" value="1" />
  <attribute name= "numThreadsSpecified" value="4" />
  <attribute name="heapSize specified" value="0" />
  <attribute name="Current GC Util" value="1" />
  <attribute name= "Current Time Running" value="12045" />
  <attribute name ="GC Interval" value="200" />
  <attribute name="ProportionalT" value="-28.500000" />
  <attribute name="ProportionalI" value="-28.500000" />
  <attribute name="ProportionalH" value="-28.500000" />
  <attribute name="Current Error" value="-19.000000" />
  <attribute name="IntegralT" value="-893.000000" />
  <attribute name="IntegralI" value="-893.000000" />
  <attribute name="IntegralH" value="-893.000000" />
  <attribute name="DerivativeT" value="-0.404255" />
  <attribute name="DerivativeI" value="-0.404255" />
  <attribute name="DerivativeH" value="-0.404255" />
  <attribute name="Loop Time for DT" value="47.000000" />
  <attribute name="Output H" value="2092630016"/>
  <attribute name="Output I" value="200"/>
  <attribute name="Output T" value="4"/>
  <attribute name="Target GC Util Change" value ="20.000000" />
  <attribute name="Current GC Util Change" value="1.000000"/>
  <attribute name="GC Util currently" value="1" />
  <attribute name="CPU Util currently" value="24" />
<allocation-satisfied id="107" threadId="0000000000D19700" bytesRequested="7984" />
<af-end id="108" timestamp="2019-06-16T01:38:48.270" threadId="0000000000D1A088" success="true" from="nursery"/>
<exclusive-end id="109" timestamp="2019-06-16T01:38:48.270" durationms="1.233" />

<exclusive-start id="110" timestamp="2019-06-16T01:38:48.270" intervalms="1.426">
  <response-info timems="0.025" idlems="0.025" threads="0" lastid="0000000000D19700" lastname="main" />
</exclusive-start>
<af-start id="111" threadId="0000000000D1A088" totalBytesRequested="13088" timestamp="2019-06-16T01:38:48.270" intervalms="1.396" type="nursery" />
<cycle-start id="112" type="scavenge" contextid="0" timestamp="2019-06-16T01:38:48.270" intervalms="1.386" />
<gc-start id="113" type="scavenge" contextid="112" timestamp="2019-06-16T01:38:48.270">
  <mem-info id="114" free="5362912" total="8388608" percent="63">
    <mem type="nursery" free="0" total="2097152" percent="0">
      <mem type="allocate" free="0" total="1376256" percent="0" />
      <mem type="survivor" free="0" total="720896" percent="0" />
    </mem>
    <mem type="tenure" free="5362912" total="6291456" percent="85">
      <mem type="soa" free="5048544" total="5977088" percent="84" />
      <mem type="loa" free="314368" total="314368" percent="100" />
    </mem>
    <pending-finalizers system="0" default="0" reference="75" classloader="0" />
    <remembered-set count="344" />
  </mem-info>
</gc-start>
<allocation-stats totalBytes="848120" >
  <allocated-bytes non-tlh="7984" tlh="840136" />
  <largest-consumer threadName="main" threadId="0000000000D19700" bytes="844024" />
</allocation-stats>
<gc-op id="115" type="scavenge" timems="0.413" contextid="112" timestamp="2019-06-16T01:38:48.271">
  <scavenger-info tenureage="3" tenuremask="fff8" tiltratio="65" />
  <memory-copied type="nursery" objects="2792" bytes="430256" bytesdiscarded="114600" />
  <finalization candidates="32" enqueued="0" />
  <ownableSynchronizers candidates="1" cleared="0" />
  <references type="soft" candidates="3" cleared="0" enqueued="0" dynamicThreshold="32" maxThreshold="32" />
  <references type="weak" candidates="251" cleared="0" enqueued="0" />
  <references type="phantom" candidates="24" cleared="0" enqueued="0" />
</gc-op>
<gc-end id="116" type="scavenge" contextid="112" durationms="0.595" usertimems="4.000" systemtimems="0.000" timestamp="2019-06-16T01:38:48.271" activeThreads="4">
  <mem-info id="117" free="6390808" total="8388608" percent="76">
    <mem type="nursery" free="1027896" total="2097152" percent="49">
      <mem type="allocate" free="1027896" total="1572864" percent="65" />
      <mem type="survivor" free="0" total="524288" percent="0" />
    </mem>
    <mem type="tenure" free="5362912" total="6291456" percent="85">
      <mem type="soa" free="5048544" total="5977088" percent="84" />
      <mem type="loa" free="314368" total="314368" percent="100" />
    </mem>
    <pending-finalizers system="0" default="0" reference="75" classloader="0" />
    <remembered-set count="327" />
  </mem-info>
</gc-end>
<cycle-end id="118" type="scavenge" contextid="112" timestamp="2019-06-16T01:38:48.271" />
  <attribute name="elasticGC enabled" value="1" />
  <attribute name= "numThreadsSpecified" value="4" />
  <attribute name="heapSize specified" value="0" />
  <attribute name="Current GC Util" value="71" />
  <attribute name= "Current Time Running" value="12046" />
  <attribute name ="GC Interval" value="200" />
  <attribute name="ProportionalT" value="76.500000" />
  <attribute name="ProportionalI" value="76.500000" />
  <attribute name="ProportionalH" value="76.500000" />
  <attribute name="Current Error" value="51.000000" />
  <attribute name="IntegralT" value="51.000000" />
  <attribute name="IntegralI" value="51.000000" />
  <attribute name="IntegralH" value="51.000000" />
  <attribute name="DerivativeT" value="51.000000" />
  <attribute name="DerivativeI" value="51.000000" />
  <attribute name="DerivativeH" value="51.000000" />
  <attribute name="Loop Time for DT" value="1.000000" />
  <attribute name="Output H" value="8388608"/>
  <attribute name="Output I" value="200"/>
  <attribute name="Output T" value="4"/>
  <attribute name="Target GC Util Change" value ="20.000000" />
  <attribute name="Current GC Util Change" value="71.000000"/>
  <attribute name="GC Util currently" value="71" />
  <attribute name="CPU Util currently" value="3411903721692" />
<allocation-satisfied id="119" threadId="0000000000D19700" bytesRequested="13088" />
<af-end id="120" timestamp="2019-06-16T01:38:48.271" threadId="0000000000D1A088" success="true" from="nursery"/>
<exclusive-end id="121" timestamp="2019-06-16T01:38:48.271" durationms="1.106" />

<exclusive-start id="122" timestamp="2019-06-16T01:38:48.271" intervalms="1.302">
  <response-info timems="0.030" idlems="0.030" threads="0" lastid="0000000000D19700" lastname="main" />
</exclusive-start>
<af-start id="123" threadId="0000000000D1A088" totalBytesRequested="17016" timestamp="2019-06-16T01:38:48.271" intervalms="1.334" type="nursery" />
<cycle-start id="124" type="scavenge" contextid="0" timestamp="2019-06-16T01:38:48.271" intervalms="1.365" />
<gc-start id="125" type="scavenge" contextid="124" timestamp="2019-06-16T01:38:48.272">
  <mem-info id="126" free="5362912" total="8388608" percent="63">
    <mem type="nursery" free="0" total="2097152" percent="0">
      <mem type="allocate" free="0" total="1572864" percent="0" />
      <mem type="survivor" free="0" total="524288" percent="0" />
    </mem>
    <mem type="tenure" free="5362912" total="6291456" percent="85">
      <mem type="soa" free="5048544" total="5977088" percent="84" />
      <mem type="loa" free="314368" total="314368" percent="100" />
    </mem>
    <pending-finalizers system="0" default="0" reference="42" classloader="0" />
    <remembered-set count="327" />
  </mem-info>
</gc-start>
<allocation-stats totalBytes="964336" >
  <allocated-bytes non-tlh="13088" tlh="951248" />
  <largest-consumer threadName="main" threadId="0000000000D19700" bytes="960240" />
</allocation-stats>
<gc-op id="127" type="scavenge" timems="0.437" contextid="124" timestamp="2019-06-16T01:38:48.272">
  <scavenger-info tenureage="3" tenuremask="fff8" tiltratio="75" />
  <memory-copied type="nursery" objects="2469" bytes="252912" bytesdiscarded="62952" />
  <memory-copied type="tenure" objects="321" bytes="180240" bytesdiscarded="376" />
  <finalization candidates="32" enqueued="0" />
  <ownableSynchronizers candidates="1" cleared="0" />
  <references type="soft" candidates="2" cleared="0" enqueued="0" dynamicThreshold="32" maxThreshold="32" />
  <references type="weak" candidates="251" cleared="0" enqueued="0" />
  <references type="phantom" candidates="4" cleared="0" enqueued="0" />
</gc-op>
<gc-end id="128" type="scavenge" contextid="124" durationms="0.599" usertimems="0.000" systemtimems="0.000" timestamp="2019-06-16T01:38:48.272" activeThreads="4">
  <mem-info id="129" free="6449720" total="8388608" percent="76">
    <mem type="nursery" free="1256896" total="2097152" percent="59">
      <mem type="allocate" free="1256896" total="1572864" percent="79" />
      <mem type="survivor" free="0" total="524288" percent="0" />
    </mem>
    <mem type="tenure" free="5192824" total="6291456" percent="82">
      <mem type="soa" free="4878456" total="5977088" percent="81" />
      <mem type="loa" free="314368" total="314368" percent="100" />
    </mem>
    <pending-finalizers system="0" default="0" reference="42" classloader="0" />
    <remembered-set count="213" />
  </mem-info>
</gc-end>
<cycle-end id="130" type="scavenge" contextid="124" timestamp="2019-06-16T01:38:48.272" />
  <attribute name="elasticGC enabled" value="1" />
  <attribute name= "numThreadsSpecified" value="4" />
  <attribute name="heapSize specified" value="0" />
  <attribute name="Current GC Util" value="58" />
  <attribute name= "Current Time Running" value="12048" />
  <attribute name ="GC Interval" value="200" />
  <attribute name="ProportionalT" value="57.000000" />
  <attribute name="ProportionalI" value="57.000000" />
  <attribute name="ProportionalH" value="57.000000" />
  <attribute name="Current Error" value="38.000000" />
  <attribute name="IntegralT" value="76.000000" />
  <attribute name="IntegralI" value="76.000000" />
  <attribute name="IntegralH" value="76.000000" />
  <attribute name="DerivativeT" value="-6.500000" />
  <attribute name="DerivativeI" value="-6.500000" />
  <attribute name="DerivativeH" value="-6.500000" />
  <attribute name="Loop Time for DT" value="2.000000" />
  <attribute name="Output H" value="8388608"/>
  <attribute name="Output I" value="200"/>
  <attribute name="Output T" value="4"/>
  <attribute name="Target GC Util Change" value ="20.000000" />
  <attribute name="Current GC Util Change" value="58.000000"/>
  <attribute name="GC Util currently" value="58" />
  <attribute name="CPU Util currently" value="3424058258645" />
<allocation-satisfied id="131" threadId="0000000000D19700" bytesRequested="17016" />
<af-end id="132" timestamp="2019-06-16T01:38:48.272" threadId="0000000000D1A088" success="true" from="nursery"/>
<exclusive-end id="133" timestamp="2019-06-16T01:38:48.272" durationms="1.060" />

<exclusive-start id="134" timestamp="2019-06-16T01:38:48.273" intervalms="1.223">
  <response-info timems="0.028" idlems="0.028" threads="0" lastid="0000000000D19700" lastname="main" />
</exclusive-start>
<af-start id="135" threadId="0000000000D1A088" totalBytesRequested="10408" timestamp="2019-06-16T01:38:48.273" intervalms="1.188" type="nursery" />
<cycle-start id="136" type="scavenge" contextid="0" timestamp="2019-06-16T01:38:48.273" intervalms="1.152" />
<gc-start id="137" type="scavenge" contextid="136" timestamp="2019-06-16T01:38:48.273">
  <mem-info id="138" free="5192824" total="8388608" percent="61">
    <mem type="nursery" free="0" total="2097152" percent="0">
      <mem type="allocate" free="0" total="1572864" percent="0" />
      <mem type="survivor" free="0" total="524288" percent="0" />
    </mem>
    <mem type="tenure" free="5192824" total="6291456" percent="82">
      <mem type="soa" free="4878456" total="5977088" percent="81" />
      <mem type="loa" free="314368" total="314368" percent="100" />
    </mem>
    <remembered-set count="213" />
  </mem-info>
</gc-start>
<allocation-stats totalBytes="1153992" >
  <allocated-bytes non-tlh="17016" tlh="1136976" />
  <largest-consumer threadName="main" threadId="0000000000D19700" bytes="1153992" />
</allocation-stats>
<gc-op id="139" type="scavenge" timems="0.366" contextid="136" timestamp="2019-06-16T01:38:48.273">
  <scavenger-info tenureage="3" tenuremask="fff8" tiltratio="75" />
  <memory-copied type="nursery" objects="6" bytes="22912" bytesdiscarded="86144" />
  <memory-copied type="tenure" objects="2373" bytes="239392" bytesdiscarded="656" />
  <finalization candidates="32" enqueued="0" />
  <ownableSynchronizers candidates="1" cleared="0" />
</gc-op>
<gc-end id="140" type="scavenge" contextid="136" durationms="0.536" usertimems="0.000" systemtimems="0.000" timestamp="2019-06-16T01:38:48.273" activeThreads="4">
  <mem-info id="141" free="6526280" total="8388608" percent="77">
    <mem type="nursery" free="1529344" total="2097152" percent="72">
      <mem type="allocate" free="1529344" total="1638400" percent="93" />
      <mem type="survivor" free="0" total="458752" percent="0" />
    </mem>
    <mem type="tenure" free="4996936" total="6291456" percent="79">
      <mem type="soa" free="4682568" total="5977088" percent="78" />
      <mem type="loa" free="314368" total="314368" percent="100" />
    </mem>
    <remembered-set count="60" />
  </mem-info>
</gc-end>
<cycle-end id="142" type="scavenge" contextid="136" timestamp="2019-06-16T01:38:48.273" />
  <attribute name="elasticGC enabled" value="1" />
  <attribute name= "numThreadsSpecified" value="4" />
  <attribute name="heapSize specified" value="0" />
  <attribute name="Current GC Util" value="69" />
  <attribute name= "Current Time Running" value="12049" />
  <attribute name ="GC Interval" value="200" />
  <attribute name="ProportionalT" value="73.500000" />
  <attribute name="ProportionalI" value="73.500000" />
  <attribute name="ProportionalH" value="73.500000" />
  <attribute name="Current Error" value="49.000000" />
  <attribute name="IntegralT" value="49.000000" />
  <attribute name="IntegralI" value="49.000000" />
  <attribute name="IntegralH" value="49.000000" />
  <attribute name="DerivativeT" value="11.000000" />
  <attribute name="DerivativeI" value="11.000000" />
  <attribute name="DerivativeH" value="11.000000" />
  <attribute name="Loop Time for DT" value="1.000000" />
  <attribute name="Output H" value="8388608"/>
  <attribute name="Output I" value="200"/>
  <attribute name="Output T" value="4"/>
  <attribute name="Target GC Util Change" value ="20.000000" />
  <attribute name="Current GC Util Change" value="69.000000"/>
  <attribute name="GC Util currently" value="69" />
  <attribute name="CPU Util currently" value="3996850504424" />
<allocation-satisfied id="143" threadId="0000000000D19700" bytesRequested="10408" />
<af-end id="144" timestamp="2019-06-16T01:38:48.273" threadId="0000000000D1A088" success="true" from="nursery"/>
<exclusive-end id="145" timestamp="2019-06-16T01:38:48.273" durationms="0.940" />

<exclusive-start id="146" timestamp="2019-06-16T01:38:48.274" intervalms="1.124">
  <response-info timems="0.026" idlems="0.026" threads="0" lastid="0000000000D19700" lastname="main" />
</exclusive-start>
<af-start id="147" threadId="0000000000D1A088" totalBytesRequested="12392" timestamp="2019-06-16T01:38:48.274" intervalms="1.122" type="nursery" />
<cycle-start id="148" type="scavenge" contextid="0" timestamp="2019-06-16T01:38:48.274" intervalms="1.121" />
<gc-start id="149" type="scavenge" contextid="148" timestamp="2019-06-16T01:38:48.274">
  <mem-info id="150" free="4996936" total="8388608" percent="59">
    <mem type="nursery" free="0" total="2097152" percent="0">
      <mem type="allocate" free="0" total="1638400" percent="0" />
      <mem type="survivor" free="0" total="458752" percent="0" />
    </mem>
    <mem type="tenure" free="4996936" total="6291456" percent="79">
      <mem type="soa" free="4682568" total="5977088" percent="78" />
      <mem type="loa" free="314368" total="314368" percent="100" />
    </mem>
    <remembered-set count="60" />
  </mem-info>
</gc-start>
<allocation-stats totalBytes="1411016" >
  <allocated-bytes non-tlh="10408" tlh="1400608" />
  <largest-consumer threadName="main" threadId="0000000000D19700" bytes="1411016" />
</allocation-stats>
<gc-op id="151" type="scavenge" timems="0.138" contextid="148" timestamp="2019-06-16T01:38:48.274">
  <scavenger-info tenureage="3" tenuremask="ffe8" tiltratio="78" />
  <memory-copied type="nursery" objects="4" bytes="25608" bytesdiscarded="52728" />
  <memory-copied type="tenure" objects="2" bytes="1040" bytesdiscarded="0" />
</gc-op>
<gc-end id="152" type="scavenge" contextid="148" durationms="0.301" usertimems="0.000" systemtimems="0.000" timestamp="2019-06-16T01:38:48.274" activeThreads="4">
  <mem-info id="153" free="6622536" total="8388608" percent="78">
    <mem type="nursery" free="1625600" total="2097152" percent="77">
      <mem type="allocate" free="1625600" total="1703936" percent="95" />
      <mem type="survivor" free="0" total="393216" percent="0" />
    </mem>
    <mem type="tenure" free="4996936" total="6291456" percent="79">
      <mem type="soa" free="4682568" total="5977088" percent="78" />
      <mem type="loa" free="314368" total="314368" percent="100" />
    </mem>
    <remembered-set count="58" />
  </mem-info>
</gc-end>
<cycle-end id="154" type="scavenge" contextid="148" timestamp="2019-06-16T01:38:48.274" />
  <attribute name="elasticGC enabled" value="1" />
  <attribute name= "numThreadsSpecified" value="4" />
  <attribute name="heapSize specified" value="0" />
  <attribute name="Current GC Util" value="64" />
  <attribute name= "Current Time Running" value="12050" />
  <attribute name ="GC Interval" value="200" />
  <attribute name="ProportionalT" value="66.000000" />
  <attribute name="ProportionalI" value="66.000000" />
  <attribute name="ProportionalH" value="66.000000" />
  <attribute name="Current Error" value="44.000000" />
  <attribute name="IntegralT" value="44.000000" />
  <attribute name="IntegralI" value="44.000000" />
  <attribute name="IntegralH" value="44.000000" />
  <attribute name="DerivativeT" value="-5.000000" />
  <attribute name="DerivativeI" value="-5.000000" />
  <attribute name="DerivativeH" value="-5.000000" />
  <attribute name="Loop Time for DT" value="1.000000" />
  <attribute name="Output H" value="8388608"/>
  <attribute name="Output I" value="200"/>
  <attribute name="Output T" value="4"/>
  <attribute name="Target GC Util Change" value ="20.000000" />
  <attribute name="Current GC Util Change" value="64.000000"/>
  <attribute name="GC Util currently" value="64" />
  <attribute name="CPU Util currently" value="4105794637088" />
<allocation-satisfied id="155" threadId="0000000000D19700" bytesRequested="12392" />
<af-end id="156" timestamp="2019-06-16T01:38:48.274" threadId="0000000000D1A088" success="true" from="nursery"/>
<exclusive-end id="157" timestamp="2019-06-16T01:38:48.274" durationms="0.697" />

<exclusive-start id="158" timestamp="2019-06-16T01:38:48.275" intervalms="0.873">
  <response-info timems="0.024" idlems="0.024" threads="0" lastid="0000000000D19700" lastname="main" />
</exclusive-start>
<af-start id="159" threadId="0000000000D1A088" totalBytesRequested="27960" timestamp="2019-06-16T01:38:48.275" intervalms="0.873" type="nursery" />
<cycle-start id="160" type="scavenge" contextid="0" timestamp="2019-06-16T01:38:48.275" intervalms="0.873" />
<gc-start id="161" type="scavenge" contextid="160" timestamp="2019-06-16T01:38:48.275">
  <mem-info id="162" free="4996936" total="8388608" percent="59">
    <mem type="nursery" free="0" total="2097152" percent="0">
      <mem type="allocate" free="0" total="1703936" percent="0" />
      <mem type="survivor" free="0" total="393216" percent="0" />
    </mem>
    <mem type="tenure" free="4996936" total="6291456" percent="79">
      <mem type="soa" free="4682568" total="5977088" percent="78" />
      <mem type="loa" free="314368" total="314368" percent="100" />
    </mem>
    <remembered-set count="58" />
  </mem-info>
</gc-start>
<allocation-stats totalBytes="1449984" >
  <allocated-bytes non-tlh="12392" tlh="1437592" />
  <largest-consumer threadName="main" threadId="0000000000D19700" bytes="1449984" />
</allocation-stats>
<gc-op id="163" type="scavenge" timems="0.138" contextid="160" timestamp="2019-06-16T01:38:48.275">
  <scavenger-info tenureage="3" tenuremask="ffe8" tiltratio="81" />
  <memory-copied type="nursery" objects="2" bytes="14008" bytesdiscarded="25160" />
  <memory-copied type="tenure" objects="2" bytes="1040" bytesdiscarded="0" />
</gc-op>
<gc-end id="164" type="scavenge" contextid="160" durationms="0.299" usertimems="0.000" systemtimems="4.000" timestamp="2019-06-16T01:38:48.275" activeThreads="4">
  <mem-info id="165" free="6727240" total="8388608" percent="80">
    <mem type="nursery" free="1730304" total="2097152" percent="82">
      <mem type="allocate" free="1730304" total="1769472" percent="97" />
      <mem type="survivor" free="0" total="327680" percent="0" />
    </mem>
    <mem type="tenure" free="4996936" total="6291456" percent="79">
      <mem type="soa" free="4682568" total="5977088" percent="78" />
      <mem type="loa" free="314368" total="314368" percent="100" />
    </mem>
    <remembered-set count="56" />
  </mem-info>
</gc-end>
<cycle-end id="166" type="scavenge" contextid="160" timestamp="2019-06-16T01:38:48.275" />
  <attribute name="elasticGC enabled" value="1" />
  <attribute name= "numThreadsSpecified" value="4" />
  <attribute name="heapSize specified" value="0" />
  <attribute name="Current GC Util" value="41" />
  <attribute name= "Current Time Running" value="12051" />
  <attribute name ="GC Interval" value="200" />
  <attribute name="ProportionalT" value="31.500000" />
  <attribute name="ProportionalI" value="31.500000" />
  <attribute name="ProportionalH" value="31.500000" />
  <attribute name="Current Error" value="21.000000" />
  <attribute name="IntegralT" value="21.000000" />
  <attribute name="IntegralI" value="21.000000" />
  <attribute name="IntegralH" value="21.000000" />
  <attribute name="DerivativeT" value="-23.000000" />
  <attribute name="DerivativeI" value="-23.000000" />
  <attribute name="DerivativeH" value="-23.000000" />
  <attribute name="Loop Time for DT" value="1.000000" />
  <attribute name="Output H" value="8388608"/>
  <attribute name="Output I" value="200"/>
  <attribute name="Output T" value="4"/>
  <attribute name="Target GC Util Change" value ="20.000000" />
  <attribute name="Current GC Util Change" value="41.000000"/>
  <attribute name="GC Util currently" value="41" />
  <attribute name="CPU Util currently" value="5294337953175" />
<allocation-satisfied id="167" threadId="0000000000D19700" bytesRequested="27960" />
<af-end id="168" timestamp="2019-06-16T01:38:48.275" threadId="0000000000D1A088" success="true" from="nursery"/>
<exclusive-end id="169" timestamp="2019-06-16T01:38:48.275" durationms="0.691" />

<exclusive-start id="170" timestamp="2019-06-16T01:38:48.275" intervalms="0.902">
  <response-info timems="0.052" idlems="0.034" threads="1" lastid="0000000000D1D300" lastname="JIT Compilation Thread-0" />
</exclusive-start>
<af-start id="171" threadId="0000000000D1A088" totalBytesRequested="31040" timestamp="2019-06-16T01:38:48.275" intervalms="0.902" type="nursery" />
<cycle-start id="172" type="scavenge" contextid="0" timestamp="2019-06-16T01:38:48.276" intervalms="0.903" />
<gc-start id="173" type="scavenge" contextid="172" timestamp="2019-06-16T01:38:48.276">
  <mem-info id="174" free="4996936" total="8388608" percent="59">
    <mem type="nursery" free="0" total="2097152" percent="0">
      <mem type="allocate" free="0" total="1769472" percent="0" />
      <mem type="survivor" free="0" total="327680" percent="0" />
    </mem>
    <mem type="tenure" free="4996936" total="6291456" percent="79">
      <mem type="soa" free="4682568" total="5977088" percent="78" />
      <mem type="loa" free="314368" total="314368" percent="100" />
    </mem>
    <remembered-set count="56" />
  </mem-info>
</gc-start>
<allocation-stats totalBytes="1542288" >
  <allocated-bytes non-tlh="27960" tlh="1514328" />
  <largest-consumer threadName="main" threadId="0000000000D19700" bytes="1542288" />
</allocation-stats>
<gc-op id="175" type="scavenge" timems="0.132" contextid="172" timestamp="2019-06-16T01:38:48.276">
  <scavenger-info tenureage="3" tenuremask="ffe8" tiltratio="84" />
  <memory-copied type="nursery" objects="2" bytes="15552" bytesdiscarded="23616" />
</gc-op>
<gc-end id="176" type="scavenge" contextid="172" durationms="0.295" usertimems="0.000" systemtimems="0.000" timestamp="2019-06-16T01:38:48.276" activeThreads="4">
  <mem-info id="177" free="6792776" total="8388608" percent="80">
    <mem type="nursery" free="1795840" total="2097152" percent="85">
      <mem type="allocate" free="1795840" total="1835008" percent="97" />
      <mem type="survivor" free="0" total="262144" percent="0" />
    </mem>
    <mem type="tenure" free="4996936" total="6291456" percent="79">
      <mem type="soa" free="4682568" total="5977088" percent="78" />
      <mem type="loa" free="314368" total="314368" percent="100" />
    </mem>
    <remembered-set count="56" />
  </mem-info>
</gc-end>
<cycle-end id="178" type="scavenge" contextid="172" timestamp="2019-06-16T01:38:48.276" />
  <attribute name="elasticGC enabled" value="1" />
  <attribute name= "numThreadsSpecified" value="4" />
  <attribute name="heapSize specified" value="0" />
  <attribute name="Current GC Util" value="39" />
  <attribute name= "Current Time Running" value="12052" />
  <attribute name ="GC Interval" value="200" />
  <attribute name="ProportionalT" value="28.500000" />
  <attribute name="ProportionalI" value="28.500000" />
  <attribute name="ProportionalH" value="28.500000" />
  <attribute name="Current Error" value="19.000000" />
  <attribute name="IntegralT" value="19.000000" />
  <attribute name="IntegralI" value="19.000000" />
  <attribute name="IntegralH" value="19.000000" />
  <attribute name="DerivativeT" value="-2.000000" />
  <attribute name="DerivativeI" value="-2.000000" />
  <attribute name="DerivativeH" value="-2.000000" />
  <attribute name="Loop Time for DT" value="1.000000" />
  <attribute name="Output H" value="8388608"/>
  <attribute name="Output I" value="200"/>
  <attribute name="Output T" value="4"/>
  <attribute name="Target GC Util Change" value ="20.000000" />
  <attribute name="Current GC Util Change" value="39.000000"/>
  <attribute name="GC Util currently" value="39" />
  <attribute name="CPU Util currently" value="5106003303278" />
<allocation-satisfied id="179" threadId="0000000000D19700" bytesRequested="31040" />
<af-end id="180" timestamp="2019-06-16T01:38:48.276" threadId="0000000000D1A088" success="true" from="nursery"/>
<exclusive-end id="181" timestamp="2019-06-16T01:38:48.276" durationms="0.688" />

<exclusive-start id="182" timestamp="2019-06-16T01:38:48.276" intervalms="0.869">
  <response-info timems="0.019" idlems="0.019" threads="0" lastid="0000000000D19700" lastname="main" />
</exclusive-start>
<af-start id="183" threadId="0000000000D1A088" totalBytesRequested="33984" timestamp="2019-06-16T01:38:48.276" intervalms="0.870" type="nursery" />
<cycle-start id="184" type="scavenge" contextid="0" timestamp="2019-06-16T01:38:48.276" intervalms="0.871" />
<gc-start id="185" type="scavenge" contextid="184" timestamp="2019-06-16T01:38:48.276">
  <mem-info id="186" free="4996936" total="8388608" percent="59">
    <mem type="nursery" free="0" total="2097152" percent="0">
      <mem type="allocate" free="0" total="1835008" percent="0" />
      <mem type="survivor" free="0" total="262144" percent="0" />
    </mem>
    <mem type="tenure" free="4996936" total="6291456" percent="79">
      <mem type="soa" free="4682568" total="5977088" percent="78" />
      <mem type="loa" free="314368" total="314368" percent="100" />
    </mem>
    <remembered-set count="56" />
  </mem-info>
</gc-start>
<allocation-stats totalBytes="1566288" >
  <allocated-bytes non-tlh="31040" tlh="1535248" />
  <largest-consumer threadName="main" threadId="0000000000D19700" bytes="1566288" />
</allocation-stats>
<gc-op id="187" type="scavenge" timems="0.120" contextid="184" timestamp="2019-06-16T01:38:48.277">
  <scavenger-info tenureage="3" tenuremask="fff8" tiltratio="87" />
  <memory-copied type="nursery" objects="2" bytes="17016" bytesdiscarded="22152" />
</gc-op>
<gc-end id="188" type="scavenge" contextid="184" durationms="0.274" usertimems="0.000" systemtimems="0.000" timestamp="2019-06-16T01:38:48.277" activeThreads="4">
  <mem-info id="189" free="6792776" total="8388608" percent="80">
    <mem type="nursery" free="1795840" total="2097152" percent="85">
      <mem type="allocate" free="1795840" total="1835008" percent="97" />
      <mem type="survivor" free="0" total="262144" percent="0" />
    </mem>
    <mem type="tenure" free="4996936" total="6291456" percent="79">
      <mem type="soa" free="4682568" total="5977088" percent="78" />
      <mem type="loa" free="314368" total="314368" percent="100" />
    </mem>
    <remembered-set count="56" />
  </mem-info>
</gc-end>
<cycle-end id="190" type="scavenge" contextid="184" timestamp="2019-06-16T01:38:48.277" />
  <attribute name="elasticGC enabled" value="1" />
  <attribute name= "numThreadsSpecified" value="4" />
  <attribute name="heapSize specified" value="0" />
  <attribute name="Current GC Util" value="40" />
  <attribute name= "Current Time Running" value="12053" />
  <attribute name ="GC Interval" value="200" />
  <attribute name="ProportionalT" value="30.000000" />
  <attribute name="ProportionalI" value="30.000000" />
  <attribute name="ProportionalH" value="30.000000" />
  <attribute name="Current Error" value="20.000000" />
  <attribute name="IntegralT" value="20.000000" />
  <attribute name="IntegralI" value="20.000000" />
  <attribute name="IntegralH" value="20.000000" />
  <attribute name="DerivativeT" value="1.000000" />
  <attribute name="DerivativeI" value="1.000000" />
  <attribute name="DerivativeH" value="1.000000" />
  <attribute name="Loop Time for DT" value="1.000000" />
  <attribute name="Output H" value="8388608"/>
  <attribute name="Output I" value="200"/>
  <attribute name="Output T" value="4"/>
  <attribute name="Target GC Util Change" value ="20.000000" />
  <attribute name="Current GC Util Change" value="40.000000"/>
  <attribute name="GC Util currently" value="40" />
  <attribute name="CPU Util currently" value="5319154895150" />
<allocation-satisfied id="191" threadId="0000000000D19700" bytesRequested="33984" />
<af-end id="192" timestamp="2019-06-16T01:38:48.277" threadId="0000000000D1A088" success="true" from="nursery"/>
<exclusive-end id="193" timestamp="2019-06-16T01:38:48.277" durationms="0.669" />

<exclusive-start id="194" timestamp="2019-06-16T01:38:48.277" intervalms="0.883">
  <response-info timems="0.020" idlems="0.020" threads="0" lastid="0000000000D19700" lastname="main" />
</exclusive-start>
<af-start id="195" threadId="0000000000D1A088" totalBytesRequested="36528" timestamp="2019-06-16T01:38:48.277" intervalms="0.880" type="nursery" />
<cycle-start id="196" type="scavenge" contextid="0" timestamp="2019-06-16T01:38:48.277" intervalms="0.877" />
<gc-start id="197" type="scavenge" contextid="196" timestamp="2019-06-16T01:38:48.277">
  <mem-info id="198" free="4996936" total="8388608" percent="59">
    <mem type="nursery" free="0" total="2097152" percent="0">
      <mem type="allocate" free="0" total="1835008" percent="0" />
      <mem type="survivor" free="0" total="262144" percent="0" />
    </mem>
    <mem type="tenure" free="4996936" total="6291456" percent="79">
      <mem type="soa" free="4682568" total="5977088" percent="78" />
      <mem type="loa" free="314368" total="314368" percent="100" />
    </mem>
    <remembered-set count="56" />
  </mem-info>
</gc-start>
<allocation-stats totalBytes="1556616" >
  <allocated-bytes non-tlh="33984" tlh="1522632" />
  <largest-consumer threadName="main" threadId="0000000000D19700" bytes="1556616" />
</allocation-stats>
<gc-op id="199" type="scavenge" timems="0.127" contextid="196" timestamp="2019-06-16T01:38:48.278">
  <scavenger-info tenureage="3" tenuremask="fff8" tiltratio="87" />
  <memory-copied type="nursery" objects="2" bytes="18296" bytesdiscarded="20872" />
</gc-op>
<gc-end id="200" type="scavenge" contextid="196" durationms="0.288" usertimems="0.000" systemtimems="0.000" timestamp="2019-06-16T01:38:48.278" activeThreads="4">
  <mem-info id="201" free="6792776" total="8388608" percent="80">
    <mem type="nursery" free="1795840" total="2097152" percent="85">
      <mem type="allocate" free="1795840" total="1835008" percent="97" />
      <mem type="survivor" free="0" total="262144" percent="0" />
    </mem>
    <mem type="tenure" free="4996936" total="6291456" percent="79">
      <mem type="soa" free="4682568" total="5977088" percent="78" />
      <mem type="loa" free="314368" total="314368" percent="100" />
    </mem>
    <remembered-set count="56" />
  </mem-info>
</gc-end>
<cycle-end id="202" type="scavenge" contextid="196" timestamp="2019-06-16T01:38:48.278" />
  <attribute name="elasticGC enabled" value="1" />
  <attribute name= "numThreadsSpecified" value="4" />
  <attribute name="heapSize specified" value="0" />
  <attribute name="Current GC Util" value="39" />
  <attribute name= "Current Time Running" value="12053" />
  <attribute name ="GC Interval" value="200" />
  <attribute name="ProportionalT" value="28.500000" />
  <attribute name="ProportionalI" value="28.500000" />
  <attribute name="ProportionalH" value="28.500000" />
  <attribute name="Current Error" value="19.000000" />
  <attribute name="IntegralT" value="0.000000" />
  <attribute name="IntegralI" value="0.000000" />
  <attribute name="IntegralH" value="0.000000" />
  <attribute name="DerivativeT" value="-inf" />
  <attribute name="DerivativeI" value="-inf" />
  <attribute name="DerivativeH" value="-inf" />
  <attribute name="Loop Time for DT" value="0.000000" />
  <attribute name="Output H" value="2092630016"/>
  <attribute name="Output I" value="200"/>
  <attribute name="Output T" value="4"/>
  <attribute name="Target GC Util Change" value ="20.000000" />
  <attribute name="Current GC Util Change" value="39.000000"/>
  <attribute name="GC Util currently" value="39" />
  <attribute name="CPU Util currently" value="5232697300662" />
<allocation-satisfied id="203" threadId="0000000000D19700" bytesRequested="36528" />
<af-end id="204" timestamp="2019-06-16T01:38:48.278" threadId="0000000000D1A088" success="true" from="nursery"/>
<exclusive-end id="205" timestamp="2019-06-16T01:38:48.278" durationms="0.681" />

<exclusive-start id="206" timestamp="2019-06-16T01:38:48.278" intervalms="0.865">
  <response-info timems="0.020" idlems="0.020" threads="0" lastid="0000000000D19700" lastname="main" />
</exclusive-start>
<af-start id="207" threadId="0000000000D1A088" totalBytesRequested="19584" timestamp="2019-06-16T01:38:48.278" intervalms="0.868" type="nursery" />
<cycle-start id="208" type="scavenge" contextid="0" timestamp="2019-06-16T01:38:48.278" intervalms="0.870" />
<gc-start id="209" type="scavenge" contextid="208" timestamp="2019-06-16T01:38:48.278">
  <mem-info id="210" free="4996936" total="8388608" percent="59">
    <mem type="nursery" free="0" total="2097152" percent="0">
      <mem type="allocate" free="0" total="1835008" percent="0" />
      <mem type="survivor" free="0" total="262144" percent="0" />
    </mem>
    <mem type="tenure" free="4996936" total="6291456" percent="79">
      <mem type="soa" free="4682568" total="5977088" percent="78" />
      <mem type="loa" free="314368" total="314368" percent="100" />
    </mem>
    <remembered-set count="56" />
  </mem-info>
</gc-start>
<allocation-stats totalBytes="1569128" >
  <allocated-bytes non-tlh="73296" tlh="1495832" />
  <largest-consumer threadName="main" threadId="0000000000D19700" bytes="1569128" />
</allocation-stats>
<gc-op id="211" type="scavenge" timems="0.131" contextid="208" timestamp="2019-06-16T01:38:48.278">
  <scavenger-info tenureage="3" tenuremask="fff8" tiltratio="87" />
  <memory-copied type="nursery" objects="4" bytes="19664" bytesdiscarded="19504" />
</gc-op>
<gc-end id="212" type="scavenge" contextid="208" durationms="0.291" usertimems="0.000" systemtimems="0.000" timestamp="2019-06-16T01:38:48.278" activeThreads="4">
  <mem-info id="213" free="6792776" total="8388608" percent="80">
    <mem type="nursery" free="1795840" total="2097152" percent="85">
      <mem type="allocate" free="1795840" total="1835008" percent="97" />
      <mem type="survivor" free="0" total="262144" percent="0" />
    </mem>
    <mem type="tenure" free="4996936" total="6291456" percent="79">
      <mem type="soa" free="4682568" total="5977088" percent="78" />
      <mem type="loa" free="314368" total="314368" percent="100" />
    </mem>
    <remembered-set count="56" />
  </mem-info>
</gc-end>
<cycle-end id="214" type="scavenge" contextid="208" timestamp="2019-06-16T01:38:48.279" />
  <attribute name="elasticGC enabled" value="1" />
  <attribute name= "numThreadsSpecified" value="4" />
  <attribute name="heapSize specified" value="0" />
  <attribute name="Current GC Util" value="39" />
  <attribute name= "Current Time Running" value="12054" />
  <attribute name ="GC Interval" value="200" />
  <attribute name="ProportionalT" value="28.500000" />
  <attribute name="ProportionalI" value="28.500000" />
  <attribute name="ProportionalH" value="28.500000" />
  <attribute name="Current Error" value="19.000000" />
  <attribute name="IntegralT" value="19.000000" />
  <attribute name="IntegralI" value="19.000000" />
  <attribute name="IntegralH" value="19.000000" />
  <attribute name="DerivativeT" value="0.000000" />
  <attribute name="DerivativeI" value="0.000000" />
  <attribute name="DerivativeH" value="0.000000" />
  <attribute name="Loop Time for DT" value="1.000000" />
  <attribute name="Output H" value="8388608"/>
  <attribute name="Output I" value="200"/>
  <attribute name="Output T" value="4"/>
  <attribute name="Target GC Util Change" value ="20.000000" />
  <attribute name="Current GC Util Change" value="39.000000"/>
  <attribute name="GC Util currently" value="39" />
  <attribute name="CPU Util currently" value="5321898724086" />
<allocation-satisfied id="215" threadId="0000000000D19700" bytesRequested="19584" />
<af-end id="216" timestamp="2019-06-16T01:38:48.279" threadId="0000000000D1A088" success="true" from="nursery"/>
<exclusive-end id="217" timestamp="2019-06-16T01:38:48.279" durationms="0.686" />

<exclusive-start id="218" timestamp="2019-06-16T01:38:48.279" intervalms="0.875">
  <response-info timems="0.023" idlems="0.023" threads="0" lastid="0000000000D19700" lastname="main" />
</exclusive-start>
<af-start id="219" threadId="0000000000D1A088" totalBytesRequested="41216" timestamp="2019-06-16T01:38:48.279" intervalms="0.875" type="nursery" />
<cycle-start id="220" type="scavenge" contextid="0" timestamp="2019-06-16T01:38:48.279" intervalms="0.875" />
<gc-start id="221" type="scavenge" contextid="220" timestamp="2019-06-16T01:38:48.279">
  <mem-info id="222" free="4996936" total="8388608" percent="59">
    <mem type="nursery" free="0" total="2097152" percent="0">
      <mem type="allocate" free="0" total="1835008" percent="0" />
      <mem type="survivor" free="0" total="262144" percent="0" />
    </mem>
    <mem type="tenure" free="4996936" total="6291456" percent="79">
      <mem type="soa" free="4682568" total="5977088" percent="78" />
      <mem type="loa" free="314368" total="314368" percent="100" />
    </mem>
    <remembered-set count="56" />
  </mem-info>
</gc-start>
<allocation-stats totalBytes="1548336" >
  <allocated-bytes non-tlh="97896" tlh="1450440" />
  <largest-consumer threadName="main" threadId="0000000000D19700" bytes="1548336" />
</allocation-stats>
<gc-op id="223" type="scavenge" timems="0.116" contextid="220" timestamp="2019-06-16T01:38:48.279">
  <scavenger-info tenureage="3" tenuremask="fff8" tiltratio="87" />
  <memory-copied type="nursery" objects="2" bytes="20640" bytesdiscarded="18528" />
</gc-op>
<gc-end id="224" type="scavenge" contextid="220" durationms="0.274" usertimems="4.000" systemtimems="0.000" timestamp="2019-06-16T01:38:48.279" activeThreads="4">
  <mem-info id="225" free="6792776" total="8388608" percent="80">
    <mem type="nursery" free="1795840" total="2097152" percent="85">
      <mem type="allocate" free="1795840" total="1835008" percent="97" />
      <mem type="survivor" free="0" total="262144" percent="0" />
    </mem>
    <mem type="tenure" free="4996936" total="6291456" percent="79">
      <mem type="soa" free="4682568" total="5977088" percent="78" />
      <mem type="loa" free="314368" total="314368" percent="100" />
    </mem>
    <remembered-set count="56" />
  </mem-info>
</gc-end>
<cycle-end id="226" type="scavenge" contextid="220" timestamp="2019-06-16T01:38:48.279" />
  <attribute name="elasticGC enabled" value="1" />
  <attribute name= "numThreadsSpecified" value="4" />
  <attribute name="heapSize specified" value="0" />
  <attribute name="Current GC Util" value="39" />
  <attribute name= "Current Time Running" value="12055" />
  <attribute name ="GC Interval" value="200" />
  <attribute name="ProportionalT" value="28.500000" />
  <attribute name="ProportionalI" value="28.500000" />
  <attribute name="ProportionalH" value="28.500000" />
  <attribute name="Current Error" value="19.000000" />
  <attribute name="IntegralT" value="19.000000" />
  <attribute name="IntegralI" value="19.000000" />
  <attribute name="IntegralH" value="19.000000" />
  <attribute name="DerivativeT" value="0.000000" />
  <attribute name="DerivativeI" value="0.000000" />
  <attribute name="DerivativeH" value="0.000000" />
  <attribute name="Loop Time for DT" value="1.000000" />
  <attribute name="Output H" value="8388608"/>
  <attribute name="Output I" value="200"/>
  <attribute name="Output T" value="4"/>
  <attribute name="Target GC Util Change" value ="20.000000" />
  <attribute name="Current GC Util Change" value="39.000000"/>
  <attribute name="GC Util currently" value="39" />
  <attribute name="CPU Util currently" value="5275943078914" />
<allocation-satisfied id="227" threadId="0000000000D19700" bytesRequested="41216" />
<af-end id="228" timestamp="2019-06-16T01:38:48.280" threadId="0000000000D1A088" success="true" from="nursery"/>
<exclusive-end id="229" timestamp="2019-06-16T01:38:48.280" durationms="0.671" />

<exclusive-start id="230" timestamp="2019-06-16T01:38:48.280" intervalms="0.851">
  <response-info timems="0.024" idlems="0.024" threads="0" lastid="0000000000D19700" lastname="main" />
</exclusive-start>
<af-start id="231" threadId="0000000000D1A088" totalBytesRequested="43168" timestamp="2019-06-16T01:38:48.280" intervalms="0.848" type="nursery" />
<cycle-start id="232" type="scavenge" contextid="0" timestamp="2019-06-16T01:38:48.280" intervalms="0.855" />
<gc-start id="233" type="scavenge" contextid="232" timestamp="2019-06-16T01:38:48.280">
  <mem-info id="234" free="4996936" total="8388608" percent="59">
    <mem type="nursery" free="0" total="2097152" percent="0">
      <mem type="allocate" free="0" total="1835008" percent="0" />
      <mem type="survivor" free="0" total="262144" percent="0" />
    </mem>
    <mem type="tenure" free="4996936" total="6291456" percent="79">
      <mem type="soa" free="4682568" total="5977088" percent="78" />
      <mem type="loa" free="314368" total="314368" percent="100" />
    </mem>
    <remembered-set count="56" />
  </mem-info>
</gc-start>
<allocation-stats totalBytes="1522536" >
  <allocated-bytes non-tlh="124288" tlh="1398248" />
  <largest-consumer threadName="main" threadId="0000000000D19700" bytes="1522536" />
</allocation-stats>
<gc-op id="235" type="scavenge" timems="0.129" contextid="232" timestamp="2019-06-16T01:38:48.280">
  <scavenger-info tenureage="3" tenuremask="fff8" tiltratio="87" />
  <memory-copied type="nursery" objects="2" bytes="21616" bytesdiscarded="17552" />
</gc-op>
<gc-end id="236" type="scavenge" contextid="232" durationms="0.291" usertimems="0.000" systemtimems="0.000" timestamp="2019-06-16T01:38:48.280" activeThreads="4">
  <mem-info id="237" free="6792776" total="8388608" percent="80">
    <mem type="nursery" free="1795840" total="2097152" percent="85">
      <mem type="allocate" free="1795840" total="1835008" percent="97" />
      <mem type="survivor" free="0" total="262144" percent="0" />
    </mem>
    <mem type="tenure" free="4996936" total="6291456" percent="79">
      <mem type="soa" free="4682568" total="5977088" percent="78" />
      <mem type="loa" free="314368" total="314368" percent="100" />
    </mem>
    <remembered-set count="56" />
  </mem-info>
</gc-end>
<cycle-end id="238" type="scavenge" contextid="232" timestamp="2019-06-16T01:38:48.280" />
  <attribute name="elasticGC enabled" value="1" />
  <attribute name= "numThreadsSpecified" value="4" />
  <attribute name="heapSize specified" value="0" />
  <attribute name="Current GC Util" value="40" />
  <attribute name= "Current Time Running" value="12056" />
  <attribute name ="GC Interval" value="200" />
  <attribute name="ProportionalT" value="30.000000" />
  <attribute name="ProportionalI" value="30.000000" />
  <attribute name="ProportionalH" value="30.000000" />
  <attribute name="Current Error" value="20.000000" />
  <attribute name="IntegralT" value="20.000000" />
  <attribute name="IntegralI" value="20.000000" />
  <attribute name="IntegralH" value="20.000000" />
  <attribute name="DerivativeT" value="1.000000" />
  <attribute name="DerivativeI" value="1.000000" />
  <attribute name="DerivativeH" value="1.000000" />
  <attribute name="Loop Time for DT" value="1.000000" />
  <attribute name="Output H" value="8388608"/>
  <attribute name="Output I" value="200"/>
  <attribute name="Output T" value="4"/>
  <attribute name="Target GC Util Change" value ="20.000000" />
  <attribute name="Current GC Util Change" value="40.000000"/>
  <attribute name="GC Util currently" value="40" />
  <attribute name="CPU Util currently" value="5380688660046" />
<allocation-satisfied id="239" threadId="0000000000D19700" bytesRequested="43168" />
<af-end id="240" timestamp="2019-06-16T01:38:48.280" threadId="0000000000D1A088" success="true" from="nursery"/>
<exclusive-end id="241" timestamp="2019-06-16T01:38:48.280" durationms="0.687" />

<exclusive-start id="242" timestamp="2019-06-16T01:38:48.281" intervalms="0.870">
  <response-info timems="0.024" idlems="0.024" threads="0" lastid="0000000000D19700" lastname="main" />
</exclusive-start>
<af-start id="243" threadId="0000000000D1A088" totalBytesRequested="22608" timestamp="2019-06-16T01:38:48.281" intervalms="0.868" type="nursery" />
<cycle-start id="244" type="scavenge" contextid="0" timestamp="2019-06-16T01:38:48.281" intervalms="0.862" />
<gc-start id="245" type="scavenge" contextid="244" timestamp="2019-06-16T01:38:48.281">
  <mem-info id="246" free="4996936" total="8388608" percent="59">
    <mem type="nursery" free="0" total="2097152" percent="0">
      <mem type="allocate" free="0" total="1835008" percent="0" />
      <mem type="survivor" free="0" total="262144" percent="0" />
    </mem>
    <mem type="tenure" free="4996936" total="6291456" percent="79">
      <mem type="soa" free="4682568" total="5977088" percent="78" />
      <mem type="loa" free="314368" total="314368" percent="100" />
    </mem>
    <remembered-set count="56" />
  </mem-info>
</gc-start>
<allocation-stats totalBytes="1571648" >
  <allocated-bytes non-tlh="130200" tlh="1441448" />
  <largest-consumer threadName="main" threadId="0000000000D19700" bytes="1571648" />
</allocation-stats>
<gc-op id="247" type="scavenge" timems="0.118" contextid="244" timestamp="2019-06-16T01:38:48.281">
  <scavenger-info tenureage="3" tenuremask="fff8" tiltratio="87" />
  <memory-copied type="nursery" objects="4" bytes="22688" bytesdiscarded="16480" />
</gc-op>
<gc-end id="248" type="scavenge" contextid="244" durationms="0.274" usertimems="0.000" systemtimems="0.000" timestamp="2019-06-16T01:38:48.281" activeThreads="4">
  <mem-info id="249" free="6792776" total="8388608" percent="80">
    <mem type="nursery" free="1795840" total="2097152" percent="85">
      <mem type="allocate" free="1795840" total="1835008" percent="97" />
      <mem type="survivor" free="0" total="262144" percent="0" />
    </mem>
    <mem type="tenure" free="4996936" total="6291456" percent="79">
      <mem type="soa" free="4682568" total="5977088" percent="78" />
      <mem type="loa" free="314368" total="314368" percent="100" />
    </mem>
    <remembered-set count="56" />
  </mem-info>
</gc-end>
<cycle-end id="250" type="scavenge" contextid="244" timestamp="2019-06-16T01:38:48.281" />
  <attribute name="elasticGC enabled" value="1" />
  <attribute name= "numThreadsSpecified" value="4" />
  <attribute name="heapSize specified" value="0" />
  <attribute name="Current GC Util" value="39" />
  <attribute name= "Current Time Running" value="12057" />
  <attribute name ="GC Interval" value="200" />
  <attribute name="ProportionalT" value="28.500000" />
  <attribute name="ProportionalI" value="28.500000" />
  <attribute name="ProportionalH" value="28.500000" />
  <attribute name="Current Error" value="19.000000" />
  <attribute name="IntegralT" value="19.000000" />
  <attribute name="IntegralI" value="19.000000" />
  <attribute name="IntegralH" value="19.000000" />
  <attribute name="DerivativeT" value="-1.000000" />
  <attribute name="DerivativeI" value="-1.000000" />
  <attribute name="DerivativeH" value="-1.000000" />
  <attribute name="Loop Time for DT" value="1.000000" />
  <attribute name="Output H" value="8388608"/>
  <attribute name="Output I" value="200"/>
  <attribute name="Output T" value="4"/>
  <attribute name="Target GC Util Change" value ="20.000000" />
  <attribute name="Current GC Util Change" value="39.000000"/>
  <attribute name="GC Util currently" value="39" />
  <attribute name="CPU Util currently" value="5353492738781" />
<allocation-satisfied id="251" threadId="0000000000D19700" bytesRequested="22608" />
<af-end id="252" timestamp="2019-06-16T01:38:48.281" threadId="0000000000D1A088" success="true" from="nursery"/>
<exclusive-end id="253" timestamp="2019-06-16T01:38:48.281" durationms="0.653" />

<exclusive-start id="254" timestamp="2019-06-16T01:38:48.281" intervalms="0.833">
  <response-info timems="0.023" idlems="0.023" threads="0" lastid="0000000000D19700" lastname="main" />
</exclusive-start>
<af-start id="255" threadId="0000000000D1A088" totalBytesRequested="23608" timestamp="2019-06-16T01:38:48.282" intervalms="0.837" type="nursery" />
<cycle-start id="256" type="scavenge" contextid="0" timestamp="2019-06-16T01:38:48.282" intervalms="0.837" />
<gc-start id="257" type="scavenge" contextid="256" timestamp="2019-06-16T01:38:48.282">
  <mem-info id="258" free="4996936" total="8388608" percent="59">
    <mem type="nursery" free="0" total="2097152" percent="0">
      <mem type="allocate" free="0" total="1835008" percent="0" />
      <mem type="survivor" free="0" total="262144" percent="0" />
    </mem>
    <mem type="tenure" free="4996936" total="6291456" percent="79">
      <mem type="soa" free="4682568" total="5977088" percent="78" />
      <mem type="loa" free="314368" total="314368" percent="100" />
    </mem>
    <remembered-set count="56" />
  </mem-info>
</gc-start>
<allocation-stats totalBytes="1548392" >
  <allocated-bytes non-tlh="158936" tlh="1389456" />
  <largest-consumer threadName="main" threadId="0000000000D19700" bytes="1548392" />
</allocation-stats>
<gc-op id="259" type="scavenge" timems="0.127" contextid="256" timestamp="2019-06-16T01:38:48.282">
  <scavenger-info tenureage="3" tenuremask="fff8" tiltratio="87" />
  <memory-copied type="nursery" objects="2" bytes="46992" bytesdiscarded="39144" />
</gc-op>
<gc-end id="260" type="scavenge" contextid="256" durationms="0.289" usertimems="0.000" systemtimems="0.000" timestamp="2019-06-16T01:38:48.282" activeThreads="4">
  <mem-info id="261" free="6745808" total="8388608" percent="80">
    <mem type="nursery" free="1748872" total="2097152" percent="83">
      <mem type="allocate" free="1748872" total="1835008" percent="95" />
      <mem type="survivor" free="0" total="262144" percent="0" />
    </mem>
    <mem type="tenure" free="4996936" total="6291456" percent="79">
      <mem type="soa" free="4682568" total="5977088" percent="78" />
      <mem type="loa" free="314368" total="314368" percent="100" />
    </mem>
    <remembered-set count="56" />
  </mem-info>
</gc-end>
<cycle-end id="262" type="scavenge" contextid="256" timestamp="2019-06-16T01:38:48.282" />
  <attribute name="elasticGC enabled" value="1" />
  <attribute name= "numThreadsSpecified" value="4" />
  <attribute name="heapSize specified" value="0" />
  <attribute name="Current GC Util" value="41" />
  <attribute name= "Current Time Running" value="12058" />
  <attribute name ="GC Interval" value="200" />
  <attribute name="ProportionalT" value="31.500000" />
  <attribute name="ProportionalI" value="31.500000" />
  <attribute name="ProportionalH" value="31.500000" />
  <attribute name="Current Error" value="21.000000" />
  <attribute name="IntegralT" value="21.000000" />
  <attribute name="IntegralI" value="21.000000" />
  <attribute name="IntegralH" value="21.000000" />
  <attribute name="DerivativeT" value="2.000000" />
  <attribute name="DerivativeI" value="2.000000" />
  <attribute name="DerivativeH" value="2.000000" />
  <attribute name="Loop Time for DT" value="1.000000" />
  <attribute name="Output H" value="8388608"/>
  <attribute name="Output I" value="200"/>
  <attribute name="Output T" value="4"/>
  <attribute name="Target GC Util Change" value ="20.000000" />
  <attribute name="Current GC Util Change" value="41.000000"/>
  <attribute name="GC Util currently" value="41" />
  <attribute name="CPU Util currently" value="5509615623695" />
<allocation-satisfied id="263" threadId="0000000000D19700" bytesRequested="23608" />
<af-end id="264" timestamp="2019-06-16T01:38:48.282" threadId="0000000000D1A088" success="true" from="nursery"/>
<exclusive-end id="265" timestamp="2019-06-16T01:38:48.282" durationms="0.678" />

<exclusive-start id="266" timestamp="2019-06-16T01:38:48.282" intervalms="0.881">
  <response-info timems="0.048" idlems="0.032" threads="1" lastid="0000000000D1D300" lastname="JIT Compilation Thread-0" />
</exclusive-start>
<af-start id="267" threadId="0000000000D1A088" totalBytesRequested="48912" timestamp="2019-06-16T01:38:48.282" intervalms="0.878" type="nursery" />
<cycle-start id="268" type="scavenge" contextid="0" timestamp="2019-06-16T01:38:48.282" intervalms="0.875" />
<gc-start id="269" type="scavenge" contextid="268" timestamp="2019-06-16T01:38:48.283">
  <mem-info id="270" free="4996936" total="8388608" percent="59">
    <mem type="nursery" free="0" total="2097152" percent="0">
      <mem type="allocate" free="0" total="1835008" percent="0" />
      <mem type="survivor" free="0" total="262144" percent="0" />
    </mem>
    <mem type="tenure" free="4996936" total="6291456" percent="79">
      <mem type="soa" free="4682568" total="5977088" percent="78" />
      <mem type="loa" free="314368" total="314368" percent="100" />
    </mem>
    <remembered-set count="56" />
  </mem-info>
</gc-start>
<allocation-stats totalBytes="1490040" >
  <allocated-bytes non-tlh="166008" tlh="1324032" />
  <largest-consumer threadName="main" threadId="0000000000D19700" bytes="1490040" />
</allocation-stats>
<gc-op id="271" type="scavenge" timems="0.129" contextid="268" timestamp="2019-06-16T01:38:48.283">
  <scavenger-info tenureage="3" tenuremask="fff8" tiltratio="87" />
  <memory-copied type="nursery" objects="2" bytes="24488" bytesdiscarded="14680" />
</gc-op>
<gc-end id="272" type="scavenge" contextid="268" durationms="0.295" usertimems="0.000" systemtimems="0.000" timestamp="2019-06-16T01:38:48.283" activeThreads="4">
  <mem-info id="273" free="6792776" total="8388608" percent="80">
    <mem type="nursery" free="1795840" total="2097152" percent="85">
      <mem type="allocate" free="1795840" total="1835008" percent="97" />
      <mem type="survivor" free="0" total="262144" percent="0" />
    </mem>
    <mem type="tenure" free="4996936" total="6291456" percent="79">
      <mem type="soa" free="4682568" total="5977088" percent="78" />
      <mem type="loa" free="314368" total="314368" percent="100" />
    </mem>
    <remembered-set count="56" />
  </mem-info>
</gc-end>
<cycle-end id="274" type="scavenge" contextid="268" timestamp="2019-06-16T01:38:48.283" />
  <attribute name="elasticGC enabled" value="1" />
  <attribute name= "numThreadsSpecified" value="4" />
  <attribute name="heapSize specified" value="0" />
  <attribute name="Current GC Util" value="39" />
  <attribute name= "Current Time Running" value="12059" />
  <attribute name ="GC Interval" value="200" />
  <attribute name="ProportionalT" value="28.500000" />
  <attribute name="ProportionalI" value="28.500000" />
  <attribute name="ProportionalH" value="28.500000" />
  <attribute name="Current Error" value="19.000000" />
  <attribute name="IntegralT" value="19.000000" />
  <attribute name="IntegralI" value="19.000000" />
  <attribute name="IntegralH" value="19.000000" />
  <attribute name="DerivativeT" value="-2.000000" />
  <attribute name="DerivativeI" value="-2.000000" />
  <attribute name="DerivativeH" value="-2.000000" />
  <attribute name="Loop Time for DT" value="1.000000" />
  <attribute name="Output H" value="8388608"/>
  <attribute name="Output I" value="200"/>
  <attribute name="Output T" value="4"/>
  <attribute name="Target GC Util Change" value ="20.000000" />
  <attribute name="Current GC Util Change" value="39.000000"/>
  <attribute name="GC Util currently" value="39" />
  <attribute name="CPU Util currently" value="5252878649803" />
<allocation-satisfied id="275" threadId="0000000000D19700" bytesRequested="48912" />
<af-end id="276" timestamp="2019-06-16T01:38:48.283" threadId="0000000000D1A088" success="true" from="nursery"/>
<exclusive-end id="277" timestamp="2019-06-16T01:38:48.283" durationms="0.681" />

<exclusive-start id="278" timestamp="2019-06-16T01:38:48.283" intervalms="0.862">
  <response-info timems="0.023" idlems="0.023" threads="0" lastid="0000000000D19700" lastname="main" />
</exclusive-start>
<af-start id="279" threadId="0000000000D1A088" totalBytesRequested="25472" timestamp="2019-06-16T01:38:48.283" intervalms="0.864" type="nursery" />
<cycle-start id="280" type="scavenge" contextid="0" timestamp="2019-06-16T01:38:48.283" intervalms="0.867" />
<gc-start id="281" type="scavenge" contextid="280" timestamp="2019-06-16T01:38:48.283">
  <mem-info id="282" free="4996936" total="8388608" percent="59">
    <mem type="nursery" free="0" total="2097152" percent="0">
      <mem type="allocate" free="0" total="1835008" percent="0" />
      <mem type="survivor" free="0" total="262144" percent="0" />
    </mem>
    <mem type="tenure" free="4996936" total="6291456" percent="79">
      <mem type="soa" free="4682568" total="5977088" percent="78" />
      <mem type="loa" free="314368" total="314368" percent="100" />
    </mem>
    <remembered-set count="56" />
  </mem-info>
</gc-start>
<allocation-stats totalBytes="1575208" >
  <allocated-bytes non-tlh="246256" tlh="1328952" />
  <largest-consumer threadName="main" threadId="0000000000D19700" bytes="1575208" />
</allocation-stats>
<gc-op id="283" type="scavenge" timems="0.131" contextid="280" timestamp="2019-06-16T01:38:48.284">
  <scavenger-info tenureage="3" tenuremask="fff8" tiltratio="87" />
  <memory-copied type="nursery" objects="4" bytes="25552" bytesdiscarded="13616" />
</gc-op>
<gc-end id="284" type="scavenge" contextid="280" durationms="0.292" usertimems="0.000" systemtimems="0.000" timestamp="2019-06-16T01:38:48.284" activeThreads="4">
  <mem-info id="285" free="6792776" total="8388608" percent="80">
    <mem type="nursery" free="1795840" total="2097152" percent="85">
      <mem type="allocate" free="1795840" total="1835008" percent="97" />
      <mem type="survivor" free="0" total="262144" percent="0" />
    </mem>
    <mem type="tenure" free="4996936" total="6291456" percent="79">
      <mem type="soa" free="4682568" total="5977088" percent="78" />
      <mem type="loa" free="314368" total="314368" percent="100" />
    </mem>
    <remembered-set count="56" />
  </mem-info>
</gc-end>
<cycle-end id="286" type="scavenge" contextid="280" timestamp="2019-06-16T01:38:48.284" />
  <attribute name="elasticGC enabled" value="1" />
  <attribute name= "numThreadsSpecified" value="4" />
  <attribute name="heapSize specified" value="0" />
  <attribute name="Current GC Util" value="40" />
  <attribute name= "Current Time Running" value="12060" />
  <attribute name ="GC Interval" value="200" />
  <attribute name="ProportionalT" value="30.000000" />
  <attribute name="ProportionalI" value="30.000000" />
  <attribute name="ProportionalH" value="30.000000" />
  <attribute name="Current Error" value="20.000000" />
  <attribute name="IntegralT" value="20.000000" />
  <attribute name="IntegralI" value="20.000000" />
  <attribute name="IntegralH" value="20.000000" />
  <attribute name="DerivativeT" value="1.000000" />
  <attribute name="DerivativeI" value="1.000000" />
  <attribute name="DerivativeH" value="1.000000" />
  <attribute name="Loop Time for DT" value="1.000000" />
  <attribute name="Output H" value="8388608"/>
  <attribute name="Output I" value="200"/>
  <attribute name="Output T" value="4"/>
  <attribute name="Target GC Util Change" value ="20.000000" />
  <attribute name="Current GC Util Change" value="40.000000"/>
  <attribute name="GC Util currently" value="40" />
  <attribute name="CPU Util currently" value="5322543658224" />
<allocation-satisfied id="287" threadId="0000000000D19700" bytesRequested="25472" />
<af-end id="288" timestamp="2019-06-16T01:38:48.284" threadId="0000000000D1A088" success="true" from="nursery"/>
<exclusive-end id="289" timestamp="2019-06-16T01:38:48.284" durationms="0.678" />

<exclusive-start id="290" timestamp="2019-06-16T01:38:48.284" intervalms="0.855">
  <response-info timems="0.024" idlems="0.024" threads="0" lastid="0000000000D19700" lastname="main" />
</exclusive-start>
<af-start id="291" threadId="0000000000D1A088" totalBytesRequested="26392" timestamp="2019-06-16T01:38:48.284" intervalms="0.856" type="nursery" />
<cycle-start id="292" type="scavenge" contextid="0" timestamp="2019-06-16T01:38:48.284" intervalms="0.853" />
<gc-start id="293" type="scavenge" contextid="292" timestamp="2019-06-16T01:38:48.284">
  <mem-info id="294" free="4996936" total="8388608" percent="59">
    <mem type="nursery" free="0" total="2097152" percent="0">
      <mem type="allocate" free="0" total="1835008" percent="0" />
      <mem type="survivor" free="0" total="262144" percent="0" />
    </mem>
    <mem type="tenure" free="4996936" total="6291456" percent="79">
      <mem type="soa" free="4682568" total="5977088" percent="78" />
      <mem type="loa" free="314368" total="314368" percent="100" />
    </mem>
    <remembered-set count="56" />
  </mem-info>
</gc-start>
<allocation-stats totalBytes="1557112" >
  <allocated-bytes non-tlh="230280" tlh="1326832" />
  <largest-consumer threadName="main" threadId="0000000000D19700" bytes="1557112" />
</allocation-stats>
<gc-op id="295" type="scavenge" timems="0.091" contextid="292" timestamp="2019-06-16T01:38:48.284">
  <scavenger-info tenureage="14" tenuremask="4000" tiltratio="87" />
  <memory-copied type="nursery" objects="4" bytes="26472" bytesdiscarded="12696" />
</gc-op>
<gc-end id="296" type="scavenge" contextid="292" durationms="0.251" usertimems="0.000" systemtimems="0.000" timestamp="2019-06-16T01:38:48.284" activeThreads="1">
  <mem-info id="297" free="6792776" total="8388608" percent="80">
    <mem type="nursery" free="1795840" total="2097152" percent="85">
      <mem type="allocate" free="1795840" total="1835008" percent="97" />
      <mem type="survivor" free="0" total="262144" percent="0" />
    </mem>
    <mem type="tenure" free="4996936" total="6291456" percent="79">
      <mem type="soa" free="4682568" total="5977088" percent="78" />
      <mem type="loa" free="314368" total="314368" percent="100" />
    </mem>
    <remembered-set count="56" />
  </mem-info>
</gc-end>
<cycle-end id="298" type="scavenge" contextid="292" timestamp="2019-06-16T01:38:48.285" />
  <attribute name="elasticGC enabled" value="1" />
  <attribute name= "numThreadsSpecified" value="1" />
  <attribute name="heapSize specified" value="0" />
  <attribute name="Current GC Util" value="41" />
  <attribute name= "Current Time Running" value="12060" />
  <attribute name ="GC Interval" value="200" />
  <attribute name="ProportionalT" value="31.500000" />
  <attribute name="ProportionalI" value="31.500000" />
  <attribute name="ProportionalH" value="31.500000" />
  <attribute name="Current Error" value="21.000000" />
  <attribute name="IntegralT" value="0.000000" />
  <attribute name="IntegralI" value="0.000000" />
  <attribute name="IntegralH" value="0.000000" />
  <attribute name="DerivativeT" value="inf" />
  <attribute name="DerivativeI" value="inf" />
  <attribute name="DerivativeH" value="inf" />
  <attribute name="Loop Time for DT" value="0.000000" />
  <attribute name="Output H" value="8388608"/>
  <attribute name="Output I" value="200"/>
  <attribute name="Output T" value="1"/>
  <attribute name="Target GC Util Change" value ="20.000000" />
  <attribute name="Current GC Util Change" value="41.000000"/>
  <attribute name="GC Util currently" value="41" />
  <attribute name="CPU Util currently" value="5459386851355" />
<allocation-satisfied id="299" threadId="0000000000D19700" bytesRequested="26392" />
<af-end id="300" timestamp="2019-06-16T01:38:48.285" threadId="0000000000D1A088" success="true" from="nursery"/>
<exclusive-end id="301" timestamp="2019-06-16T01:38:48.285" durationms="0.635" />

<exclusive-start id="302" timestamp="2019-06-16T01:38:48.285" intervalms="0.881">
  <response-info timems="0.067" idlems="0.041" threads="1" lastid="0000000000D1D300" lastname="JIT Compilation Thread-0" />
</exclusive-start>
<sys-start reason="explicit" id="303" timestamp="2019-06-16T01:38:48.285" intervalms="12178.165" />
<cycle-start id="304" type="global" contextid="0" timestamp="2019-06-16T01:38:48.285" intervalms="12178.331" />
<gc-start id="305" type="global" contextid="304" timestamp="2019-06-16T01:38:48.285">
  <mem-info id="306" free="6321336" total="8388608" percent="75">
    <mem type="nursery" free="1324400" total="2097152" percent="63">
      <mem type="allocate" free="1324400" total="1835008" percent="72" />
      <mem type="survivor" free="0" total="262144" percent="0" />
    </mem>
    <mem type="tenure" free="4996936" total="6291456" percent="79">
      <mem type="soa" free="4682568" total="5977088" percent="78" />
      <mem type="loa" free="314368" total="314368" percent="100" />
    </mem>
    <remembered-set count="56" />
  </mem-info>
</gc-start>
<allocation-stats totalBytes="429952" >
  <allocated-bytes non-tlh="237968" tlh="191984" />
  <largest-consumer threadName="main" threadId="0000000000D19700" bytes="429952" />
</allocation-stats>
<gc-op id="307" type="mark" timems="1.507" contextid="304" timestamp="2019-06-16T01:38:48.287">
  <trace-info objectcount="18975" scancount="15690" scanbytes="514964" />
  <finalization candidates="45" enqueued="0" />
  <ownableSynchronizers candidates="1" cleared="0" />
  <references type="soft" candidates="66" cleared="0" enqueued="0" dynamicThreshold="32" maxThreshold="32" />
  <references type="weak" candidates="396" cleared="28" enqueued="14" />
  <references type="phantom" candidates="52" cleared="0" enqueued="0" />
  <stringconstants candidates="2485" cleared="0"  />
</gc-op>
<gc-op id="308" type="classunload" timems="0.134" contextid="304" timestamp="2019-06-16T01:38:48.287">
  <classunload-info classloadercandidates="6" classloadersunloaded="0" classesunloaded="0" anonymousclassesunloaded="0" quiescems="0.000" setupms="0.133" scanms="0.000" postms="0.001" />
</gc-op>
<gc-op id="309" type="sweep" timems="0.535" contextid="304" timestamp="2019-06-16T01:38:48.288" />
<mem-info id="310" free="6914776" total="8388608" percent="82">
  <mem type="nursery" free="1805880" total="2097152" percent="86">
    <mem type="allocate" free="1805880" total="1835008" percent="98" />
    <mem type="survivor" free="0" total="262144" percent="0" />
  </mem>
  <mem type="tenure" free="5108896" total="6291456" percent="81" micro-fragmented="0" macro-fragmented="0">
    <mem type="soa" free="4794528" total="5977088" percent="80" />
    <mem type="loa" free="314368" total="314368" percent="100" />
  </mem>
  <pending-finalizers system="0" default="0" reference="14" classloader="0" />
  <remembered-set count="54" />
</mem-info>
<gc-op id="311" type="compact" timems="3.981" contextid="304" timestamp="2019-06-16T01:38:48.292">
  <compact-info movecount="14552" movebytes="1022368" reason="compact to aid heap contraction" />
</gc-op>
<gc-end id="312" type="global" contextid="304" durationms="7.169" usertimems="4.000" systemtimems="4.000" timestamp="2019-06-16T01:38:48.292" activeThreads="4">
  <mem-info id="313" free="6920288" total="8388608" percent="82">
    <mem type="nursery" free="1806600" total="2097152" percent="86">
      <mem type="allocate" free="1806600" total="1835008" percent="98" />
      <mem type="survivor" free="0" total="262144" percent="0" />
    </mem>
    <mem type="tenure" free="5113688" total="6291456" percent="81">
      <mem type="soa" free="4799320" total="5977088" percent="80" />
      <mem type="loa" free="314368" total="314368" percent="100" />
    </mem>
    <pending-finalizers system="0" default="0" reference="14" classloader="0" />
    <remembered-set count="54" />
  </mem-info>
</gc-end>
<cycle-end id="314" type="global" contextid="304" timestamp="2019-06-16T01:38:48.292" />
  <attribute name="elasticGC enabled" value="1" />
  <attribute name= "numThreadsSpecified" value="4" />
  <attribute name="heapSize specified" value="8388608" />
  <attribute name="Current GC Util" value="31" />
  <attribute name= "Current Time Running" value="12068" />
  <attribute name ="GC Interval" value="200" />
  <attribute name="ProportionalT" value="16.500000" />
  <attribute name="ProportionalI" value="16.500000" />
  <attribute name="ProportionalH" value="16.500000" />
  <attribute name="Current Error" value="11.000000" />
  <attribute name="IntegralT" value="44.000000" />
  <attribute name="IntegralI" value="44.000000" />
  <attribute name="IntegralH" value="44.000000" />
  <attribute name="DerivativeT" value="1.750000" />
  <attribute name="DerivativeI" value="1.750000" />
  <attribute name="DerivativeH" value="1.750000" />
  <attribute name="Loop Time for DT" value="4.000000" />
  <attribute name="Output H" value="8388608"/>
  <attribute name="Output I" value="200"/>
  <attribute name="Output T" value="4"/>
  <attribute name="Target GC Util Change" value ="20.000000" />
  <attribute name="Current GC Util Change" value="31.000000"/>
  <attribute name="GC Util currently" value="31" />
  <attribute name="CPU Util currently" value="1143531963387" />
<sys-end id="315" timestamp="2019-06-16T01:38:48.293" />
<exclusive-end id="316" timestamp="2019-06-16T01:38:48.293" durationms="7.798" />

<exclusive-start id="317" timestamp="2019-06-16T01:38:48.561" intervalms="276.014">
  <response-info timems="0.026" idlems="0.026" threads="0" lastid="0000000000D19700" lastname="main" />
</exclusive-start>
<af-start id="318" threadId="0000000000D1A088" totalBytesRequested="200" timestamp="2019-06-16T01:38:48.561" intervalms="277.007" type="nursery" />
<cycle-start id="319" type="scavenge" contextid="0" timestamp="2019-06-16T01:38:48.561" intervalms="277.092" />
<gc-start id="320" type="scavenge" contextid="319" timestamp="2019-06-16T01:38:48.561">
  <mem-info id="321" free="5083448" total="8388608" percent="60">
    <mem type="nursery" free="0" total="2097152" percent="0">
      <mem type="allocate" free="0" total="1835008" percent="0" />
      <mem type="survivor" free="0" total="262144" percent="0" />
    </mem>
    <mem type="tenure" free="5083448" total="6291456" percent="80">
      <mem type="soa" free="4769080" total="5977088" percent="79" />
      <mem type="loa" free="314368" total="314368" percent="100" />
    </mem>
    <remembered-set count="479" />
  </mem-info>
</gc-start>
<allocation-stats totalBytes="1835136" >
  <allocated-bytes non-tlh="30240" tlh="1804896" />
  <largest-consumer threadName="main" threadId="0000000000D19700" bytes="1831040" />
</allocation-stats>
<gc-op id="322" type="scavenge" timems="0.387" contextid="319" timestamp="2019-06-16T01:38:48.562">
  <scavenger-info tenureage="14" tenuremask="4000" tiltratio="87" />
  <memory-copied type="nursery" objects="2133" bytes="126296" bytesdiscarded="30304" />
  <ownableSynchronizers candidates="2" cleared="2" />
  <references type="soft" candidates="2" cleared="0" enqueued="0" dynamicThreshold="26" maxThreshold="32" />
  <references type="weak" candidates="49" cleared="45" enqueued="45" />
  <references type="phantom" candidates="7" cleared="2" enqueued="2" />
</gc-op>
<gc-end id="323" type="scavenge" contextid="319" durationms="0.666" usertimems="0.000" systemtimems="0.000" timestamp="2019-06-16T01:38:48.562" activeThreads="4">
  <mem-info id="324" free="6761784" total="8388608" percent="80">
    <mem type="nursery" free="1678336" total="2097152" percent="80">
      <mem type="allocate" free="1678336" total="1835008" percent="91" />
      <mem type="survivor" free="0" total="262144" percent="0" />
    </mem>
    <mem type="tenure" free="5083448" total="6291456" percent="80">
      <mem type="soa" free="4769080" total="5977088" percent="79" />
      <mem type="loa" free="314368" total="314368" percent="100" />
    </mem>
    <pending-finalizers system="0" default="0" reference="47" classloader="0" />
    <remembered-set count="477" />
  </mem-info>
</gc-end>
<cycle-end id="325" type="scavenge" contextid="319" timestamp="2019-06-16T01:38:48.562" />
  <attribute name="elasticGC enabled" value="1" />
  <attribute name= "numThreadsSpecified" value="4" />
  <attribute name="heapSize specified" value="8388608" />
  <attribute name="Current GC Util" value="2" />
  <attribute name= "Current Time Running" value="12338" />
  <attribute name ="GC Interval" value="200" />
  <attribute name="ProportionalT" value="-27.000000" />
  <attribute name="ProportionalI" value="-27.000000" />
  <attribute name="ProportionalH" value="-27.000000" />
  <attribute name="Current Error" value="-18.000000" />
  <attribute name="IntegralT" value="-4860.000000" />
  <attribute name="IntegralI" value="-4860.000000" />
  <attribute name="IntegralH" value="-4860.000000" />
  <attribute name="DerivativeT" value="-0.107407" />
  <attribute name="DerivativeI" value="-0.107407" />
  <attribute name="DerivativeH" value="-0.107407" />
  <attribute name="Loop Time for DT" value="270.000000" />
  <attribute name="Output H" value="2092630016"/>
  <attribute name="Output I" value="200"/>
  <attribute name="Output T" value="4"/>
  <attribute name="Target GC Util Change" value ="20.000000" />
  <attribute name="Current GC Util Change" value="2.000000"/>
  <attribute name="GC Util currently" value="2" />
  <attribute name="CPU Util currently" value="5" />
<allocation-satisfied id="326" threadId="0000000000D19700" bytesRequested="200" />
<af-end id="327" timestamp="2019-06-16T01:38:48.562" threadId="0000000000D1A088" success="true" from="nursery"/>
<exclusive-end id="328" timestamp="2019-06-16T01:38:48.562" durationms="1.379" />

<exclusive-start id="329" timestamp="2019-06-16T01:38:48.613" intervalms="52.099">
  <response-info timems="0.050" idlems="0.050" threads="0" lastid="0000000000D19700" lastname="main" />
</exclusive-start>
<af-start id="330" threadId="0000000000D1A088" totalBytesRequested="64" timestamp="2019-06-16T01:38:48.613" intervalms="52.061" type="nursery" />
<cycle-start id="331" type="scavenge" contextid="0" timestamp="2019-06-16T01:38:48.613" intervalms="52.038" />
<gc-start id="332" type="scavenge" contextid="331" timestamp="2019-06-16T01:38:48.613">
  <mem-info id="333" free="5054120" total="8388608" percent="60">
    <mem type="nursery" free="0" total="2097152" percent="0">
      <mem type="allocate" free="0" total="1835008" percent="0" />
      <mem type="survivor" free="0" total="262144" percent="0" />
    </mem>
    <mem type="tenure" free="5054120" total="6291456" percent="80">
      <mem type="soa" free="4739752" total="5977088" percent="79" />
      <mem type="loa" free="314368" total="314368" percent="100" />
    </mem>
    <remembered-set count="761" />
  </mem-info>
</gc-start>
<allocation-stats totalBytes="1705928" >
  <allocated-bytes non-tlh="29528" tlh="1676400" />
  <largest-consumer threadName="main" threadId="0000000000D19700" bytes="1701832" />
</allocation-stats>
<gc-op id="334" type="scavenge" timems="0.382" contextid="331" timestamp="2019-06-16T01:38:48.614">
  <scavenger-info tenureage="14" tenuremask="c000" tiltratio="87" />
  <memory-copied type="nursery" objects="2354" bytes="129024" bytesdiscarded="27560" />
  <references type="soft" candidates="2" cleared="0" enqueued="0" dynamicThreshold="26" maxThreshold="32" />
  <references type="weak" candidates="15" cleared="11" enqueued="11" />
  <references type="phantom" candidates="5" cleared="0" enqueued="0" />
</gc-op>
<gc-end id="335" type="scavenge" contextid="331" durationms="0.622" usertimems="0.000" systemtimems="4.000" timestamp="2019-06-16T01:38:48.614" activeThreads="4">
  <mem-info id="336" free="6732456" total="8388608" percent="80">
    <mem type="nursery" free="1678336" total="2097152" percent="80">
      <mem type="allocate" free="1678336" total="1835008" percent="91" />
      <mem type="survivor" free="0" total="262144" percent="0" />
    </mem>
    <mem type="tenure" free="5054120" total="6291456" percent="80">
      <mem type="soa" free="4739752" total="5977088" percent="79" />
      <mem type="loa" free="314368" total="314368" percent="100" />
    </mem>
    <pending-finalizers system="0" default="0" reference="11" classloader="0" />
    <remembered-set count="756" />
  </mem-info>
</gc-end>
<cycle-end id="337" type="scavenge" contextid="331" timestamp="2019-06-16T01:38:48.614" />
  <attribute name="elasticGC enabled" value="1" />
  <attribute name= "numThreadsSpecified" value="4" />
  <attribute name="heapSize specified" value="8388608" />
  <attribute name="Current GC Util" value="1" />
  <attribute name= "Current Time Running" value="12390" />
  <attribute name ="GC Interval" value="200" />
  <attribute name="ProportionalT" value="-28.500000" />
  <attribute name="ProportionalI" value="-28.500000" />
  <attribute name="ProportionalH" value="-28.500000" />
  <attribute name="Current Error" value="-19.000000" />
  <attribute name="IntegralT" value="-988.000000" />
  <attribute name="IntegralI" value="-988.000000" />
  <attribute name="IntegralH" value="-988.000000" />
  <attribute name="DerivativeT" value="-0.365385" />
  <attribute name="DerivativeI" value="-0.365385" />
  <attribute name="DerivativeH" value="-0.365385" />
  <attribute name="Loop Time for DT" value="52.000000" />
  <attribute name="Output H" value="2092630016"/>
  <attribute name="Output I" value="200"/>
  <attribute name="Output T" value="4"/>
  <attribute name="Target GC Util Change" value ="20.000000" />
  <attribute name="Current GC Util Change" value="1.000000"/>
  <attribute name="GC Util currently" value="1" />
  <attribute name="CPU Util currently" value="88757663167" />
<allocation-satisfied id="338" threadId="0000000000D19700" bytesRequested="64" />
<af-end id="339" timestamp="2019-06-16T01:38:48.614" threadId="0000000000D1A088" success="true" from="nursery"/>
<exclusive-end id="340" timestamp="2019-06-16T01:38:48.614" durationms="1.226" />

<exclusive-start id="341" timestamp="2019-06-16T01:38:48.693" intervalms="80.305">
  <response-info timems="0.038" idlems="0.038" threads="0" lastid="0000000000D19700" lastname="main" />
</exclusive-start>
<af-start id="342" threadId="0000000000D1A088" totalBytesRequested="520" timestamp="2019-06-16T01:38:48.693" intervalms="80.298" type="nursery" />
<cycle-start id="343" type="scavenge" contextid="0" timestamp="2019-06-16T01:38:48.694" intervalms="80.272" />
<gc-start id="344" type="scavenge" contextid="343" timestamp="2019-06-16T01:38:48.694">
  <mem-info id="345" free="5015544" total="8388608" percent="59">
    <mem type="nursery" free="0" total="2097152" percent="0">
      <mem type="allocate" free="0" total="1835008" percent="0" />
      <mem type="survivor" free="0" total="262144" percent="0" />
    </mem>
    <mem type="tenure" free="5015544" total="6291456" percent="79">
      <mem type="soa" free="4701176" total="5977088" percent="78" />
      <mem type="loa" free="314368" total="314368" percent="100" />
    </mem>
    <remembered-set count="1213" />
  </mem-info>
</gc-start>
<allocation-stats totalBytes="1715112" >
  <allocated-bytes non-tlh="104184" tlh="1610928" />
  <largest-consumer threadName="main" threadId="0000000000D19700" bytes="1715112" />
</allocation-stats>
<gc-op id="346" type="scavenge" timems="0.486" contextid="343" timestamp="2019-06-16T01:38:48.694">
  <scavenger-info tenureage="14" tenuremask="c000" tiltratio="87" />
  <memory-copied type="nursery" objects="2858" bytes="183136" bytesdiscarded="78856" />
  <memory-copied type="tenure" objects="2112" bytes="175408" bytesdiscarded="0" />
  <copy-failed type="nursery" objects="2112" bytes="175408" />
  <references type="soft" candidates="2" cleared="0" enqueued="0" dynamicThreshold="26" maxThreshold="32" />
  <references type="weak" candidates="10" cleared="6" enqueued="6" />
  <references type="phantom" candidates="4" cleared="0" enqueued="0" />
</gc-op>
<gc-end id="347" type="scavenge" contextid="343" durationms="0.683" usertimems="0.000" systemtimems="4.000" timestamp="2019-06-16T01:38:48.694" activeThreads="4">
  <mem-info id="348" free="5932536" total="8388608" percent="70">
    <mem type="nursery" free="1179648" total="2097152" percent="56">
      <mem type="allocate" free="1179648" total="1441792" percent="81" />
      <mem type="survivor" free="0" total="655360" percent="0" />
    </mem>
    <mem type="tenure" free="4752888" total="6291456" percent="75">
      <mem type="soa" free="4438520" total="5977088" percent="74" />
      <mem type="loa" free="314368" total="314368" percent="100" />
    </mem>
    <pending-finalizers system="0" default="0" reference="6" classloader="0" />
    <remembered-set count="960" />
  </mem-info>
</gc-end>
<cycle-end id="349" type="scavenge" contextid="343" timestamp="2019-06-16T01:38:48.694" />
  <attribute name="elasticGC enabled" value="1" />
  <attribute name= "numThreadsSpecified" value="4" />
  <attribute name="heapSize specified" value="8388608" />
  <attribute name="Current GC Util" value="0" />
  <attribute name= "Current Time Running" value="12470" />
  <attribute name ="GC Interval" value="200" />
  <attribute name="ProportionalT" value="-30.000000" />
  <attribute name="ProportionalI" value="-30.000000" />
  <attribute name="ProportionalH" value="-30.000000" />
  <attribute name="Current Error" value="-20.000000" />
  <attribute name="IntegralT" value="-1600.000000" />
  <attribute name="IntegralI" value="-1600.000000" />
  <attribute name="IntegralH" value="-1600.000000" />
  <attribute name="DerivativeT" value="-0.250000" />
  <attribute name="DerivativeI" value="-0.250000" />
  <attribute name="DerivativeH" value="-0.250000" />
  <attribute name="Loop Time for DT" value="80.000000" />
  <attribute name="Output H" value="2092630016"/>
  <attribute name="Output I" value="200"/>
  <attribute name="Output T" value="4"/>
  <attribute name="Target GC Util Change" value ="20.000000" />
  <attribute name="Current GC Util Change" value="0.000000"/>
  <attribute name="GC Util currently" value="0" />
  <attribute name="CPU Util currently" value="6" />
<allocation-satisfied id="350" threadId="0000000000D19700" bytesRequested="520" />
<af-end id="351" timestamp="2019-06-16T01:38:48.695" threadId="0000000000D1A088" success="true" from="nursery"/>
<exclusive-end id="352" timestamp="2019-06-16T01:38:48.695" durationms="1.207" />

<exclusive-start id="353" timestamp="2019-06-16T01:38:48.751" intervalms="57.212">
  <response-info timems="0.030" idlems="0.030" threads="0" lastid="0000000000D19700" lastname="main" />
</exclusive-start>
<af-start id="354" threadId="0000000000D1A088" totalBytesRequested="128" timestamp="2019-06-16T01:38:48.751" intervalms="57.171" type="nursery" />
<cycle-start id="355" type="scavenge" contextid="0" timestamp="2019-06-16T01:38:48.751" intervalms="57.147" />
<gc-start id="356" type="scavenge" contextid="355" timestamp="2019-06-16T01:38:48.751">
  <mem-info id="357" free="4724648" total="8388608" percent="56">
    <mem type="nursery" free="0" total="2097152" percent="0">
      <mem type="allocate" free="0" total="1441792" percent="0" />
      <mem type="survivor" free="0" total="655360" percent="0" />
    </mem>
    <mem type="tenure" free="4724648" total="6291456" percent="75">
      <mem type="soa" free="4410280" total="5977088" percent="73" />
      <mem type="loa" free="314368" total="314368" percent="100" />
    </mem>
    <remembered-set count="1332" />
  </mem-info>
</gc-start>
<allocation-stats totalBytes="1206632" >
  <allocated-bytes non-tlh="28760" tlh="1177872" />
  <largest-consumer threadName="main" threadId="0000000000D19700" bytes="1206632" />
</allocation-stats>
<gc-op id="358" type="scavenge" timems="0.746" contextid="355" timestamp="2019-06-16T01:38:48.752">
  <scavenger-info tenureage="3" tenuremask="fff8" tiltratio="68" />
  <memory-copied type="nursery" objects="3397" bytes="220040" bytesdiscarded="94608" />
  <memory-copied type="tenure" objects="1511" bytes="62352" bytesdiscarded="88" />
  <finalization candidates="5" enqueued="0" />
  <references type="soft" candidates="1" cleared="0" enqueued="0" dynamicThreshold="26" maxThreshold="32" />
  <references type="weak" candidates="105" cleared="35" enqueued="24" />
  <references type="phantom" candidates="2" cleared="1" enqueued="1" />
</gc-op>
<gc-end id="359" type="scavenge" contextid="355" durationms="0.947" usertimems="0.000" systemtimems="0.000" timestamp="2019-06-16T01:38:48.752" activeThreads="4">
  <mem-info id="360" free="5838904" total="8388608" percent="69">
    <mem type="nursery" free="1192592" total="2097152" percent="56">
      <mem type="allocate" free="1192592" total="1507328" percent="79" />
      <mem type="survivor" free="0" total="589824" percent="0" />
    </mem>
    <mem type="tenure" free="4646312" total="6291456" percent="73">
      <mem type="soa" free="4331944" total="5977088" percent="72" />
      <mem type="loa" free="314368" total="314368" percent="100" />
    </mem>
    <pending-finalizers system="0" default="0" reference="25" classloader="0" />
    <remembered-set count="979" />
  </mem-info>
</gc-end>
<cycle-end id="361" type="scavenge" contextid="355" timestamp="2019-06-16T01:38:48.752" />
  <attribute name="elasticGC enabled" value="1" />
  <attribute name= "numThreadsSpecified" value="4" />
  <attribute name="heapSize specified" value="8388608" />
  <attribute name="Current GC Util" value="1" />
  <attribute name= "Current Time Running" value="12527" />
  <attribute name ="GC Interval" value="200" />
  <attribute name="ProportionalT" value="-28.500000" />
  <attribute name="ProportionalI" value="-28.500000" />
  <attribute name="ProportionalH" value="-28.500000" />
  <attribute name="Current Error" value="-19.000000" />
  <attribute name="IntegralT" value="-1083.000000" />
  <attribute name="IntegralI" value="-1083.000000" />
  <attribute name="IntegralH" value="-1083.000000" />
  <attribute name="DerivativeT" value="-0.333333" />
  <attribute name="DerivativeI" value="-0.333333" />
  <attribute name="DerivativeH" value="-0.333333" />
  <attribute name="Loop Time for DT" value="57.000000" />
  <attribute name="Output H" value="2092630016"/>
  <attribute name="Output I" value="200"/>
  <attribute name="Output T" value="4"/>
  <attribute name="Target GC Util Change" value ="20.000000" />
  <attribute name="Current GC Util Change" value="1.000000"/>
  <attribute name="GC Util currently" value="1" />
  <attribute name="CPU Util currently" value="12" />
<allocation-satisfied id="362" threadId="0000000000D19700" bytesRequested="128" />
<af-end id="363" timestamp="2019-06-16T01:38:48.752" threadId="0000000000D1A088" success="true" from="nursery"/>
<exclusive-end id="364" timestamp="2019-06-16T01:38:48.752" durationms="1.485" />

<exclusive-start id="365" timestamp="2019-06-16T01:38:49.116" intervalms="365.798">
  <response-info timems="0.389" idlems="0.137" threads="3" lastid="000000000102D800" lastname="PmdThread 2" />
</exclusive-start>
<af-start id="366" threadId="0000000001039988" totalBytesRequested="112" timestamp="2019-06-16T01:38:49.116" intervalms="365.808" type="nursery" />
<cycle-start id="367" type="scavenge" contextid="0" timestamp="2019-06-16T01:38:49.117" intervalms="365.789" />
<gc-start id="368" type="scavenge" contextid="367" timestamp="2019-06-16T01:38:49.117">
  <mem-info id="369" free="4643176" total="8388608" percent="55">
    <mem type="nursery" free="0" total="2097152" percent="0">
      <mem type="allocate" free="0" total="1507328" percent="0" />
      <mem type="survivor" free="0" total="589824" percent="0" />
    </mem>
    <mem type="tenure" free="4643176" total="6291456" percent="73">
      <mem type="soa" free="4328808" total="5977088" percent="72" />
      <mem type="loa" free="314368" total="314368" percent="100" />
    </mem>
    <remembered-set count="1047" />
  </mem-info>
</gc-start>
<allocation-stats totalBytes="1193424" >
  <allocated-bytes non-tlh="3264" tlh="1190160" />
  <largest-consumer threadName="main" threadId="0000000000D19700" bytes="1115880" />
</allocation-stats>
<gc-op id="370" type="scavenge" timems="4.541" contextid="367" timestamp="2019-06-16T01:38:49.121">
  <scavenger-info tenureage="3" tenuremask="ffe8" tiltratio="71" />
  <memory-copied type="nursery" objects="6261" bytes="413000" bytesdiscarded="138192" />
  <memory-copied type="tenure" objects="143" bytes="5464" bytesdiscarded="0" />
  <finalization candidates="6" enqueued="0" />
  <ownableSynchronizers candidates="7" cleared="0" />
  <references type="soft" candidates="1" cleared="0" enqueued="0" dynamicThreshold="26" maxThreshold="32" />
  <references type="weak" candidates="411" cleared="188" enqueued="126" />
  <references type="phantom" candidates="5" cleared="0" enqueued="0" />
</gc-op>
<gc-end id="371" type="scavenge" contextid="367" durationms="4.740" usertimems="8.000" systemtimems="0.000" timestamp="2019-06-16T01:38:49.121" activeThreads="4">
  <mem-info id="372" free="5455264" total="8388608" percent="65">
    <mem type="nursery" free="890424" total="2097152" percent="42">
      <mem type="allocate" free="890424" total="1441792" percent="61" />
      <mem type="survivor" free="0" total="655360" percent="0" />
    </mem>
    <mem type="tenure" free="4564840" total="6291456" percent="72">
      <mem type="soa" free="4250472" total="5977088" percent="71" />
      <mem type="loa" free="314368" total="314368" percent="100" />
    </mem>
    <pending-finalizers system="0" default="0" reference="126" classloader="0" />
    <remembered-set count="623" />
  </mem-info>
</gc-end>
<cycle-end id="373" type="scavenge" contextid="367" timestamp="2019-06-16T01:38:49.121" />
  <attribute name="elasticGC enabled" value="1" />
  <attribute name= "numThreadsSpecified" value="4" />
  <attribute name="heapSize specified" value="8388608" />
  <attribute name="Current GC Util" value="0" />
  <attribute name= "Current Time Running" value="12893" />
  <attribute name ="GC Interval" value="200" />
  <attribute name="ProportionalT" value="-30.000000" />
  <attribute name="ProportionalI" value="-30.000000" />
  <attribute name="ProportionalH" value="-30.000000" />
  <attribute name="Current Error" value="-20.000000" />
  <attribute name="IntegralT" value="-7320.000000" />
  <attribute name="IntegralI" value="-7320.000000" />
  <attribute name="IntegralH" value="-7320.000000" />
  <attribute name="DerivativeT" value="-0.054645" />
  <attribute name="DerivativeI" value="-0.054645" />
  <attribute name="DerivativeH" value="-0.054645" />
  <attribute name="Loop Time for DT" value="366.000000" />
  <attribute name="Output H" value="2092630016"/>
  <attribute name="Output I" value="200"/>
  <attribute name="Output T" value="4"/>
  <attribute name="Target GC Util Change" value ="20.000000" />
  <attribute name="Current GC Util Change" value="0.000000"/>
  <attribute name="GC Util currently" value="0" />
  <attribute name="CPU Util currently" value="7" />
<allocation-satisfied id="374" threadId="0000000001039000" bytesRequested="112" />
<af-end id="375" timestamp="2019-06-16T01:38:49.122" threadId="0000000001039988" success="true" from="nursery"/>
<exclusive-end id="376" timestamp="2019-06-16T01:38:49.122" durationms="5.393" />

<exclusive-start id="377" timestamp="2019-06-16T01:38:49.155" intervalms="38.679">
  <response-info timems="0.061" idlems="0.061" threads="0" lastid="0000000001029C00" lastname="PmdThread 1" />
</exclusive-start>
<af-start id="378" threadId="000000000102A588" totalBytesRequested="2888" timestamp="2019-06-16T01:38:49.155" intervalms="38.636" type="nursery" />
<cycle-start id="379" type="scavenge" contextid="0" timestamp="2019-06-16T01:38:49.155" intervalms="38.626" />
<gc-start id="380" type="scavenge" contextid="379" timestamp="2019-06-16T01:38:49.155">
  <mem-info id="381" free="4564840" total="8388608" percent="54">
    <mem type="nursery" free="0" total="2097152" percent="0">
      <mem type="allocate" free="0" total="1441792" percent="0" />
      <mem type="survivor" free="0" total="655360" percent="0" />
    </mem>
    <mem type="tenure" free="4564840" total="6291456" percent="72">
      <mem type="soa" free="4250472" total="5977088" percent="71" />
      <mem type="loa" free="314368" total="314368" percent="100" />
    </mem>
    <remembered-set count="627" />
  </mem-info>
</gc-start>
<allocation-stats totalBytes="884440" >
  <allocated-bytes non-tlh="8320" tlh="876120" />
  <largest-consumer threadName="PmdThread 1" threadId="0000000001029C00" bytes="367568" />
</allocation-stats>
<gc-op id="382" type="scavenge" timems="2.265" contextid="379" timestamp="2019-06-16T01:38:49.158">
  <scavenger-info tenureage="3" tenuremask="ffe8" tiltratio="68" />
  <memory-copied type="nursery" objects="9276" bytes="654240" bytesdiscarded="1040" />
  <memory-copied type="tenure" objects="6487" bytes="419040" bytesdiscarded="112" />
  <copy-failed type="nursery" objects="5410" bytes="317000" />
  <finalization candidates="6" enqueued="0" />
  <ownableSynchronizers candidates="7" cleared="0" />
  <references type="soft" candidates="1" cleared="0" enqueued="0" dynamicThreshold="26" maxThreshold="32" />
  <references type="weak" candidates="223" cleared="0" enqueued="0" />
  <references type="phantom" candidates="4" cleared="0" enqueued="0" />
</gc-op>
<gc-end id="383" type="scavenge" contextid="379" durationms="2.600" usertimems="4.000" systemtimems="0.000" timestamp="2019-06-16T01:38:49.158" activeThreads="4">
  <mem-info id="384" free="4514584" total="8388608" percent="53">
    <mem type="nursery" free="393216" total="2097152" percent="18">
      <mem type="allocate" free="393216" total="1048576" percent="37" />
      <mem type="survivor" free="0" total="1048576" percent="0" />
    </mem>
    <mem type="tenure" free="4121368" total="6291456" percent="65">
      <mem type="soa" free="3807000" total="5977088" percent="63" />
      <mem type="loa" free="314368" total="314368" percent="100" />
    </mem>
    <remembered-set count="505" />
  </mem-info>
</gc-end>
<cycle-end id="385" type="scavenge" contextid="379" timestamp="2019-06-16T01:38:49.158" />
  <attribute name="elasticGC enabled" value="1" />
  <attribute name= "numThreadsSpecified" value="4" />
  <attribute name="heapSize specified" value="8388608" />
  <attribute name="Current GC Util" value="19" />
  <attribute name= "Current Time Running" value="12931" />
  <attribute name ="GC Interval" value="200" />
  <attribute name="ProportionalT" value="-1.500000" />
  <attribute name="ProportionalI" value="-1.500000" />
  <attribute name="ProportionalH" value="-1.500000" />
  <attribute name="Current Error" value="-1.000000" />
  <attribute name="IntegralT" value="-38.000000" />
  <attribute name="IntegralI" value="-38.000000" />
  <attribute name="IntegralH" value="-38.000000" />
  <attribute name="DerivativeT" value="-0.026316" />
  <attribute name="DerivativeI" value="-0.026316" />
  <attribute name="DerivativeH" value="-0.026316" />
  <attribute name="Loop Time for DT" value="38.000000" />
  <attribute name="Output H" value="2092630016"/>
  <attribute name="Output I" value="200"/>
  <attribute name="Output T" value="4"/>
  <attribute name="Target GC Util Change" value ="20.000000" />
  <attribute name="Current GC Util Change" value="19.000000"/>
  <attribute name="GC Util currently" value="19" />
  <attribute name="CPU Util currently" value="26" />
<allocation-satisfied id="386" threadId="0000000001029C00" bytesRequested="2888" />
<af-end id="387" timestamp="2019-06-16T01:38:49.158" threadId="000000000102A588" success="true" from="nursery"/>
<exclusive-end id="388" timestamp="2019-06-16T01:38:49.158" durationms="3.091" />

<exclusive-start id="389" timestamp="2019-06-16T01:38:49.169" intervalms="13.459">
  <response-info timems="0.048" idlems="0.048" threads="0" lastid="0000000001039000" lastname="PmdThread 4" />
</exclusive-start>
<af-start id="390" threadId="0000000001039988" totalBytesRequested="48" timestamp="2019-06-16T01:38:49.169" intervalms="13.468" type="nursery" />
<cycle-start id="391" type="scavenge" contextid="0" timestamp="2019-06-16T01:38:49.169" intervalms="13.492" />
<gc-start id="392" type="scavenge" contextid="391" timestamp="2019-06-16T01:38:49.169">
  <mem-info id="393" free="4121368" total="8388608" percent="49">
    <mem type="nursery" free="0" total="2097152" percent="0">
      <mem type="allocate" free="0" total="1048576" percent="0" />
      <mem type="survivor" free="0" total="1048576" percent="0" />
    </mem>
    <mem type="tenure" free="4121368" total="6291456" percent="65">
      <mem type="soa" free="3807000" total="5977088" percent="63" />
      <mem type="loa" free="314368" total="314368" percent="100" />
    </mem>
    <remembered-set count="507" />
  </mem-info>
</gc-start>
<allocation-stats totalBytes="392800" >
  <allocated-bytes non-tlh="2888" tlh="389912" />
  <largest-consumer threadName="PmdThread 1" threadId="0000000001029C00" bytes="129832" />
</allocation-stats>
<gc-op id="394" type="scavenge" timems="4.446" contextid="391" timestamp="2019-06-16T01:38:49.174">
  <scavenger-info tenureage="3" tenuremask="ffe8" tiltratio="50" />
  <memory-copied type="nursery" objects="11819" bytes="762256" bytesdiscarded="232288" />
  <memory-copied type="tenure" objects="1536" bytes="64368" bytesdiscarded="8" />
  <finalization candidates="6" enqueued="0" />
  <ownableSynchronizers candidates="5" cleared="0" />
  <references type="weak" candidates="153" cleared="0" enqueued="0" />
  <references type="phantom" candidates="1" cleared="0" enqueued="0" />
</gc-op>
<heap-resize id="395" type="expand" space="nursery" amount="393216" count="1" timems="0.098" reason="excessive time being spent scavenging" timestamp="2019-06-16T01:38:49.174" />
<gc-end id="396" type="scavenge" contextid="391" durationms="4.877" usertimems="4.000" systemtimems="0.000" timestamp="2019-06-16T01:38:49.174" activeThreads="4">
  <mem-info id="397" free="4332776" total="8781824" percent="49">
    <mem type="nursery" free="250576" total="2490368" percent="10">
      <mem type="allocate" free="250576" total="1245184" percent="20" />
      <mem type="survivor" free="0" total="1245184" percent="0" />
    </mem>
    <mem type="tenure" free="4082200" total="6291456" percent="64">
      <mem type="soa" free="3767832" total="5977088" percent="63" />
      <mem type="loa" free="314368" total="314368" percent="100" />
    </mem>
    <remembered-set count="193" />
  </mem-info>
</gc-end>
<cycle-end id="398" type="scavenge" contextid="391" timestamp="2019-06-16T01:38:49.174" />
  <attribute name="elasticGC enabled" value="1" />
  <attribute name= "numThreadsSpecified" value="4" />
  <attribute name="heapSize specified" value="8388608" />
  <attribute name="Current GC Util" value="32" />
  <attribute name= "Current Time Running" value="12945" />
  <attribute name ="GC Interval" value="200" />
  <attribute name="ProportionalT" value="18.000000" />
  <attribute name="ProportionalI" value="18.000000" />
  <attribute name="ProportionalH" value="18.000000" />
  <attribute name="Current Error" value="12.000000" />
  <attribute name="IntegralT" value="168.000000" />
  <attribute name="IntegralI" value="168.000000" />
  <attribute name="IntegralH" value="168.000000" />
  <attribute name="DerivativeT" value="0.857143" />
  <attribute name="DerivativeI" value="0.857143" />
  <attribute name="DerivativeH" value="0.857143" />
  <attribute name="Loop Time for DT" value="14.000000" />
  <attribute name="Output H" value="8388608"/>
  <attribute name="Output I" value="200"/>
  <attribute name="Output T" value="4"/>
  <attribute name="Target GC Util Change" value ="20.000000" />
  <attribute name="Current GC Util Change" value="32.000000"/>
  <attribute name="GC Util currently" value="32" />
  <attribute name="CPU Util currently" value="329757241375" />
<allocation-satisfied id="399" threadId="0000000001039000" bytesRequested="48" />
<af-end id="400" timestamp="2019-06-16T01:38:49.174" threadId="0000000001039988" success="true" from="nursery"/>
<exclusive-end id="401" timestamp="2019-06-16T01:38:49.174" durationms="5.729" />

<exclusive-start id="402" timestamp="2019-06-16T01:38:49.178" intervalms="9.514">
  <response-info timems="0.062" idlems="0.062" threads="0" lastid="000000000102D800" lastname="PmdThread 2" />
</exclusive-start>
<af-start id="403" threadId="000000000102E188" totalBytesRequested="32" timestamp="2019-06-16T01:38:49.178" intervalms="9.550" type="nursery" />
<cycle-start id="404" type="scavenge" contextid="0" timestamp="2019-06-16T01:38:49.178" intervalms="9.572" />
<gc-start id="405" type="scavenge" contextid="404" timestamp="2019-06-16T01:38:49.178">
  <mem-info id="406" free="4079504" total="8781824" percent="46">
    <mem type="nursery" free="0" total="2490368" percent="0">
      <mem type="allocate" free="0" total="1245184" percent="0" />
      <mem type="survivor" free="0" total="1245184" percent="0" />
    </mem>
    <mem type="tenure" free="4079504" total="6291456" percent="64">
      <mem type="soa" free="3765136" total="5977088" percent="62" />
      <mem type="loa" free="314368" total="314368" percent="100" />
    </mem>
    <remembered-set count="225" />
  </mem-info>
</gc-start>
<allocation-stats totalBytes="252720" >
  <allocated-bytes non-tlh="2744" tlh="249976" />
  <largest-consumer threadName="PmdThread 1" threadId="0000000001029C00" bytes="133976" />
</allocation-stats>
<gc-op id="407" type="scavenge" timems="0.911" contextid="404" timestamp="2019-06-16T01:38:49.179">
  <scavenger-info tenureage="5" tenuremask="ffe0" tiltratio="50" />
  <memory-copied type="nursery" objects="12289" bytes="805136" bytesdiscarded="165616" />
  <finalization candidates="1" enqueued="0" />
  <ownableSynchronizers candidates="5" cleared="0" />
  <references type="weak" candidates="153" cleared="0" enqueued="0" />
  <references type="phantom" candidates="1" cleared="0" enqueued="0" />
</gc-op>
<heap-resize id="408" type="expand" space="nursery" amount="262144" count="1" timems="0.054" reason="excessive time being spent scavenging" timestamp="2019-06-16T01:38:49.179" />
<gc-end id="409" type="scavenge" contextid="404" durationms="1.206" usertimems="0.000" systemtimems="0.000" timestamp="2019-06-16T01:38:49.179" activeThreads="4">
  <mem-info id="410" free="4484952" total="9043968" percent="49">
    <mem type="nursery" free="405448" total="2752512" percent="14">
      <mem type="allocate" free="405448" total="1376256" percent="29" />
      <mem type="survivor" free="0" total="1376256" percent="0" />
    </mem>
    <mem type="tenure" free="4079504" total="6291456" percent="64">
      <mem type="soa" free="3765136" total="5977088" percent="62" />
      <mem type="loa" free="314368" total="314368" percent="100" />
    </mem>
    <remembered-set count="223" />
  </mem-info>
</gc-end>
<cycle-end id="411" type="scavenge" contextid="404" timestamp="2019-06-16T01:38:49.180" />
  <attribute name="elasticGC enabled" value="1" />
  <attribute name= "numThreadsSpecified" value="4" />
  <attribute name="heapSize specified" value="8388608" />
  <attribute name="Current GC Util" value="74" />
  <attribute name= "Current Time Running" value="12954" />
  <attribute name ="GC Interval" value="576" />
  <attribute name="ProportionalT" value="81.000000" />
  <attribute name="ProportionalI" value="81.000000" />
  <attribute name="ProportionalH" value="81.000000" />
  <attribute name="Current Error" value="54.000000" />
  <attribute name="IntegralT" value="486.000000" />
  <attribute name="IntegralI" value="486.000000" />
  <attribute name="IntegralH" value="486.000000" />
  <attribute name="DerivativeT" value="4.666667" />
  <attribute name="DerivativeI" value="4.666667" />
  <attribute name="DerivativeH" value="4.666667" />
  <attribute name="Loop Time for DT" value="9.000000" />
  <attribute name="Output H" value="8388608"/>
  <attribute name="Output I" value="576"/>
  <attribute name="Output T" value="4"/>
  <attribute name="Target GC Util Change" value ="20.000000" />
  <attribute name="Current GC Util Change" value="74.000000"/>
  <attribute name="GC Util currently" value="74" />
  <attribute name="CPU Util currently" value="503394379413" />
<allocation-satisfied id="412" threadId="000000000102D800" bytesRequested="32" />
<af-end id="413" timestamp="2019-06-16T01:38:49.180" threadId="000000000102E188" success="true" from="nursery"/>
<exclusive-end id="414" timestamp="2019-06-16T01:38:49.180" durationms="1.686" />

<exclusive-start id="415" timestamp="2019-06-16T01:38:49.183" intervalms="4.819">
  <response-info timems="0.044" idlems="0.044" threads="0" lastid="0000000001029C00" lastname="PmdThread 1" />
</exclusive-start>
<af-start id="416" threadId="000000000102A588" totalBytesRequested="130056" timestamp="2019-06-16T01:38:49.183" intervalms="4.769" type="nursery" />
<cycle-start id="417" type="scavenge" contextid="0" timestamp="2019-06-16T01:38:49.183" intervalms="4.722" />
<gc-start id="418" type="scavenge" contextid="417" timestamp="2019-06-16T01:38:49.183">
  <mem-info id="419" free="4140936" total="9043968" percent="45">
    <mem type="nursery" free="63384" total="2752512" percent="2">
      <mem type="allocate" free="63384" total="1376256" percent="4" />
      <mem type="survivor" free="0" total="1376256" percent="0" />
    </mem>
    <mem type="tenure" free="4077552" total="6291456" percent="64">
      <mem type="soa" free="3763184" total="5977088" percent="62" />
      <mem type="loa" free="314368" total="314368" percent="100" />
    </mem>
    <remembered-set count="244" />
  </mem-info>
</gc-start>
<allocation-stats totalBytes="325032" >
  <allocated-bytes non-tlh="98256" tlh="226776" />
  <largest-consumer threadName="PmdThread 1" threadId="0000000001029C00" bytes="203248" />
</allocation-stats>
<gc-op id="420" type="scavenge" timems="1.977" contextid="417" timestamp="2019-06-16T01:38:49.185">
  <scavenger-info tenureage="2" tenuremask="fff4" tiltratio="50" />
  <memory-copied type="nursery" objects="6698" bytes="613544" bytesdiscarded="218720" />
  <memory-copied type="tenure" objects="6270" bytes="309760" bytesdiscarded="232" />
  <finalization candidates="1" enqueued="0" />
  <ownableSynchronizers candidates="5" cleared="0" />
  <references type="weak" candidates="1" cleared="0" enqueued="0" />
  <references type="phantom" candidates="2" cleared="0" enqueued="0" />
</gc-op>
<heap-resize id="421" type="expand" space="nursery" amount="655360" count="1" timems="0.011" reason="excessive time being spent scavenging" timestamp="2019-06-16T01:38:49.185" />
<gc-end id="422" type="scavenge" contextid="417" durationms="2.371" usertimems="8.000" systemtimems="0.000" timestamp="2019-06-16T01:38:49.185" activeThreads="4">
  <mem-info id="423" free="4651440" total="9699328" percent="47">
    <mem type="nursery" free="937152" total="3407872" percent="27">
      <mem type="allocate" free="937152" total="1769472" percent="52" />
      <mem type="survivor" free="0" total="1638400" percent="0" />
    </mem>
    <mem type="tenure" free="3714288" total="6291456" percent="59">
      <mem type="soa" free="3399920" total="5977088" percent="56" />
      <mem type="loa" free="314368" total="314368" percent="100" />
    </mem>
    <remembered-set count="554" />
  </mem-info>
</gc-end>
<cycle-end id="424" type="scavenge" contextid="417" timestamp="2019-06-16T01:38:49.185" />
  <attribute name="elasticGC enabled" value="1" />
  <attribute name= "numThreadsSpecified" value="4" />
  <attribute name="heapSize specified" value="8388608" />
  <attribute name="Current GC Util" value="48" />
  <attribute name= "Current Time Running" value="12959" />
  <attribute name ="GC Interval" value="200" />
  <attribute name="ProportionalT" value="42.000000" />
  <attribute name="ProportionalI" value="42.000000" />
  <attribute name="ProportionalH" value="42.000000" />
  <attribute name="Current Error" value="28.000000" />
  <attribute name="IntegralT" value="140.000000" />
  <attribute name="IntegralI" value="140.000000" />
  <attribute name="IntegralH" value="140.000000" />
  <attribute name="DerivativeT" value="-5.200000" />
  <attribute name="DerivativeI" value="-5.200000" />
  <attribute name="DerivativeH" value="-5.200000" />
  <attribute name="Loop Time for DT" value="5.000000" />
  <attribute name="Output H" value="8388608"/>
  <attribute name="Output I" value="200"/>
  <attribute name="Output T" value="4"/>
  <attribute name="Target GC Util Change" value ="20.000000" />
  <attribute name="Current GC Util Change" value="48.000000"/>
  <attribute name="GC Util currently" value="48" />
  <attribute name="CPU Util currently" value="996792197871" />
<allocation-satisfied id="425" threadId="0000000001029C00" bytesRequested="130056" />
<af-end id="426" timestamp="2019-06-16T01:38:49.186" threadId="000000000102A588" success="true" from="nursery"/>
<exclusive-end id="427" timestamp="2019-06-16T01:38:49.186" durationms="2.712" />

<exclusive-start id="428" timestamp="2019-06-16T01:38:49.196" intervalms="13.066">
  <response-info timems="0.105" idlems="0.105" threads="0" lastid="000000000102D800" lastname="PmdThread 2" />
</exclusive-start>
<af-start id="429" threadId="000000000102E188" totalBytesRequested="36072" timestamp="2019-06-16T01:38:49.196" intervalms="13.093" type="nursery" />
<cycle-start id="430" type="scavenge" contextid="0" timestamp="2019-06-16T01:38:49.196" intervalms="13.110" />
<gc-start id="431" type="scavenge" contextid="430" timestamp="2019-06-16T01:38:49.196">
  <mem-info id="432" free="3728352" total="9699328" percent="38">
    <mem type="nursery" free="15552" total="3407872" percent="0">
      <mem type="allocate" free="15552" total="1769472" percent="0" />
      <mem type="survivor" free="0" total="1638400" percent="0" />
    </mem>
    <mem type="tenure" free="3712800" total="6291456" percent="59">
      <mem type="soa" free="3398432" total="5977088" percent="56" />
      <mem type="loa" free="314368" total="314368" percent="100" />
    </mem>
    <remembered-set count="577" />
  </mem-info>
</gc-start>
<allocation-stats totalBytes="916616" >
  <allocated-bytes non-tlh="278944" tlh="637672" />
  <largest-consumer threadName="PmdThread 1" threadId="0000000001029C00" bytes="473816" />
</allocation-stats>
<gc-op id="433" type="scavenge" timems="0.659" contextid="430" timestamp="2019-06-16T01:38:49.197">
  <scavenger-info tenureage="4" tenuremask="ffd0" tiltratio="51" />
  <memory-copied type="nursery" objects="3723" bytes="387984" bytesdiscarded="136304" />
  <memory-copied type="tenure" objects="4935" bytes="413000" bytesdiscarded="920" />
  <references type="phantom" candidates="2" cleared="0" enqueued="0" />
</gc-op>
<gc-end id="434" type="scavenge" contextid="430" durationms="0.846" usertimems="0.000" systemtimems="0.000" timestamp="2019-06-16T01:38:49.197" activeThreads="4">
  <mem-info id="435" free="4763800" total="9699328" percent="49">
    <mem type="nursery" free="1572808" total="3407872" percent="46">
      <mem type="allocate" free="1572808" total="2097152" percent="74" />
      <mem type="survivor" free="0" total="1310720" percent="0" />
    </mem>
    <mem type="tenure" free="3190992" total="6291456" percent="50">
      <mem type="soa" free="2876624" total="5977088" percent="48" />
      <mem type="loa" free="314368" total="314368" percent="100" />
    </mem>
    <remembered-set count="233" />
  </mem-info>
</gc-end>
<cycle-end id="436" type="scavenge" contextid="430" timestamp="2019-06-16T01:38:49.197" />
  <attribute name="elasticGC enabled" value="1" />
  <attribute name= "numThreadsSpecified" value="4" />
  <attribute name="heapSize specified" value="8388608" />
  <attribute name="Current GC Util" value="29" />
  <attribute name= "Current Time Running" value="12972" />
  <attribute name ="GC Interval" value="200" />
  <attribute name="ProportionalT" value="13.500000" />
  <attribute name="ProportionalI" value="13.500000" />
  <attribute name="ProportionalH" value="13.500000" />
  <attribute name="Current Error" value="9.000000" />
  <attribute name="IntegralT" value="117.000000" />
  <attribute name="IntegralI" value="117.000000" />
  <attribute name="IntegralH" value="117.000000" />
  <attribute name="DerivativeT" value="-1.461538" />
  <attribute name="DerivativeI" value="-1.461538" />
  <attribute name="DerivativeH" value="-1.461538" />
  <attribute name="Loop Time for DT" value="13.000000" />
  <attribute name="Output H" value="8388608"/>
  <attribute name="Output I" value="200"/>
  <attribute name="Output T" value="4"/>
  <attribute name="Target GC Util Change" value ="20.000000" />
  <attribute name="Current GC Util Change" value="29.000000"/>
  <attribute name="GC Util currently" value="29" />
  <attribute name="CPU Util currently" value="350082012768" />
<allocation-satisfied id="437" threadId="000000000102D800" bytesRequested="36072" />
<af-end id="438" timestamp="2019-06-16T01:38:49.197" threadId="000000000102E188" success="true" from="nursery"/>
<exclusive-end id="439" timestamp="2019-06-16T01:38:49.197" durationms="1.263" />

<exclusive-start id="440" timestamp="2019-06-16T01:38:49.220" intervalms="23.773">
  <response-info timems="0.071" idlems="0.038" threads="1" lastid="0000000001035400" lastname="PmdThread 3" />
</exclusive-start>
<af-start id="441" threadId="0000000001039988" totalBytesRequested="16" timestamp="2019-06-16T01:38:49.220" intervalms="23.776" type="nursery" />
<cycle-start id="442" type="scavenge" contextid="0" timestamp="2019-06-16T01:38:49.220" intervalms="23.815" />
<gc-start id="443" type="scavenge" contextid="442" timestamp="2019-06-16T01:38:49.220">
  <mem-info id="444" free="3181824" total="9699328" percent="32">
    <mem type="nursery" free="0" total="3407872" percent="0">
      <mem type="allocate" free="0" total="2097152" percent="0" />
      <mem type="survivor" free="0" total="1310720" percent="0" />
    </mem>
    <mem type="tenure" free="3181824" total="6291456" percent="50">
      <mem type="soa" free="2867456" total="5977088" percent="47" />
      <mem type="loa" free="314368" total="314368" percent="100" />
    </mem>
    <remembered-set count="411" />
  </mem-info>
</gc-start>
<allocation-stats totalBytes="1570000" >
  <allocated-bytes non-tlh="113064" tlh="1456936" />
  <largest-consumer threadName="PmdThread 3" threadId="0000000001035400" bytes="660720" />
</allocation-stats>
<gc-op id="445" type="scavenge" timems="1.960" contextid="442" timestamp="2019-06-16T01:38:49.222">
  <scavenger-info tenureage="4" tenuremask="ffd0" tiltratio="61" />
  <memory-copied type="nursery" objects="10174" bytes="831872" bytesdiscarded="146392" />
  <references type="weak" candidates="6" cleared="2" enqueued="2" />
  <references type="phantom" candidates="3" cleared="0" enqueued="0" />
</gc-op>
<gc-end id="446" type="scavenge" contextid="442" durationms="2.249" usertimems="4.000" systemtimems="0.000" timestamp="2019-06-16T01:38:49.222" activeThreads="4">
  <mem-info id="447" free="4235104" total="9699328" percent="43">
    <mem type="nursery" free="1053280" total="3407872" percent="30">
      <mem type="allocate" free="1053280" total="2031616" percent="51" />
      <mem type="survivor" free="0" total="1376256" percent="0" />
    </mem>
    <mem type="tenure" free="3181824" total="6291456" percent="50">
      <mem type="soa" free="2867456" total="5977088" percent="47" />
      <mem type="loa" free="314368" total="314368" percent="100" />
    </mem>
    <pending-finalizers system="0" default="0" reference="2" classloader="0" />
    <remembered-set count="389" />
  </mem-info>
</gc-end>
<cycle-end id="448" type="scavenge" contextid="442" timestamp="2019-06-16T01:38:49.222" />
  <attribute name="elasticGC enabled" value="1" />
  <attribute name= "numThreadsSpecified" value="4" />
  <attribute name="heapSize specified" value="8388608" />
  <attribute name="Current GC Util" value="6" />
  <attribute name= "Current Time Running" value="12996" />
  <attribute name ="GC Interval" value="200" />
  <attribute name="ProportionalT" value="-21.000000" />
  <attribute name="ProportionalI" value="-21.000000" />
  <attribute name="ProportionalH" value="-21.000000" />
  <attribute name="Current Error" value="-14.000000" />
  <attribute name="IntegralT" value="-336.000000" />
  <attribute name="IntegralI" value="-336.000000" />
  <attribute name="IntegralH" value="-336.000000" />
  <attribute name="DerivativeT" value="-0.958333" />
  <attribute name="DerivativeI" value="-0.958333" />
  <attribute name="DerivativeH" value="-0.958333" />
  <attribute name="Loop Time for DT" value="24.000000" />
  <attribute name="Output H" value="2092630016"/>
  <attribute name="Output I" value="200"/>
  <attribute name="Output T" value="4"/>
  <attribute name="Target GC Util Change" value ="20.000000" />
  <attribute name="Current GC Util Change" value="6.000000"/>
  <attribute name="GC Util currently" value="6" />
  <attribute name="CPU Util currently" value="192888368219" />
<allocation-satisfied id="449" threadId="0000000001039000" bytesRequested="16" />
<af-end id="450" timestamp="2019-06-16T01:38:49.223" threadId="0000000001039988" success="true" from="nursery"/>
<exclusive-end id="451" timestamp="2019-06-16T01:38:49.223" durationms="2.880" />

<exclusive-start id="452" timestamp="2019-06-16T01:38:49.237" intervalms="17.483">
  <response-info timems="0.073" idlems="0.042" threads="1" lastid="000000000102D800" lastname="PmdThread 2" />
</exclusive-start>
<af-start id="453" threadId="0000000001035D88" totalBytesRequested="968" timestamp="2019-06-16T01:38:49.237" intervalms="17.476" type="nursery" />
<cycle-start id="454" type="scavenge" contextid="0" timestamp="2019-06-16T01:38:49.237" intervalms="17.419" />
<gc-start id="455" type="scavenge" contextid="454" timestamp="2019-06-16T01:38:49.237">
  <mem-info id="456" free="3170992" total="9699328" percent="32">
    <mem type="nursery" free="0" total="3407872" percent="0">
      <mem type="allocate" free="0" total="2031616" percent="0" />
      <mem type="survivor" free="0" total="1376256" percent="0" />
    </mem>
    <mem type="tenure" free="3170992" total="6291456" percent="50">
      <mem type="soa" free="2856624" total="5977088" percent="47" />
      <mem type="loa" free="314368" total="314368" percent="100" />
    </mem>
    <remembered-set count="541" />
  </mem-info>
</gc-start>
<allocation-stats totalBytes="1038632" >
  <allocated-bytes non-tlh="10848" tlh="1027784" />
  <largest-consumer threadName="PmdThread 3" threadId="0000000001035400" bytes="431880" />
</allocation-stats>
<gc-op id="457" type="scavenge" timems="2.760" contextid="454" timestamp="2019-06-16T01:38:49.240">
  <scavenger-info tenureage="3" tenuremask="fff8" tiltratio="59" />
  <memory-copied type="nursery" objects="12294" bytes="861984" bytesdiscarded="101520" />
  <memory-copied type="tenure" objects="1681" bytes="105712" bytesdiscarded="536" />
  <finalization candidates="1" enqueued="0" />
  <references type="soft" candidates="2" cleared="0" enqueued="0" dynamicThreshold="26" maxThreshold="32" />
  <references type="weak" candidates="18" cleared="7" enqueued="7" />
  <references type="phantom" candidates="8" cleared="2" enqueued="2" />
</gc-op>
<heap-resize id="458" type="expand" space="nursery" amount="262144" count="1" timems="0.014" reason="excessive time being spent scavenging" timestamp="2019-06-16T01:38:49.240" />
<gc-end id="459" type="scavenge" contextid="454" durationms="3.026" usertimems="0.000" systemtimems="4.000" timestamp="2019-06-16T01:38:49.240" activeThreads="4">
  <mem-info id="460" free="4580304" total="9961472" percent="45">
    <mem type="nursery" free="1526816" total="3670016" percent="41">
      <mem type="allocate" free="1526816" total="2490368" percent="61" />
      <mem type="survivor" free="0" total="1179648" percent="0" />
    </mem>
    <mem type="tenure" free="3053488" total="6291456" percent="48">
      <mem type="soa" free="2739120" total="5977088" percent="45" />
      <mem type="loa" free="314368" total="314368" percent="100" />
    </mem>
    <pending-finalizers system="0" default="0" reference="9" classloader="0" />
    <remembered-set count="513" />
  </mem-info>
</gc-end>
<cycle-end id="461" type="scavenge" contextid="454" timestamp="2019-06-16T01:38:49.240" />
  <attribute name="elasticGC enabled" value="1" />
  <attribute name= "numThreadsSpecified" value="4" />
  <attribute name="heapSize specified" value="8388608" />
  <attribute name="Current GC Util" value="18" />
  <attribute name= "Current Time Running" value="13014" />
  <attribute name ="GC Interval" value="200" />
  <attribute name="ProportionalT" value="-3.000000" />
  <attribute name="ProportionalI" value="-3.000000" />
  <attribute name="ProportionalH" value="-3.000000" />
  <attribute name="Current Error" value="-2.000000" />
  <attribute name="IntegralT" value="-36.000000" />
  <attribute name="IntegralI" value="-36.000000" />
  <attribute name="IntegralH" value="-36.000000" />
  <attribute name="DerivativeT" value="-0.111111" />
  <attribute name="DerivativeI" value="-0.111111" />
  <attribute name="DerivativeH" value="-0.111111" />
  <attribute name="Loop Time for DT" value="18.000000" />
  <attribute name="Output H" value="2092630016"/>
  <attribute name="Output I" value="200"/>
  <attribute name="Output T" value="4"/>
  <attribute name="Target GC Util Change" value ="20.000000" />
  <attribute name="Current GC Util Change" value="18.000000"/>
  <attribute name="GC Util currently" value="18" />
  <attribute name="CPU Util currently" value="266065813417" />
<allocation-satisfied id="462" threadId="0000000001035400" bytesRequested="968" />
<af-end id="463" timestamp="2019-06-16T01:38:49.241" threadId="0000000001035D88" success="true" from="nursery"/>
<exclusive-end id="464" timestamp="2019-06-16T01:38:49.241" durationms="3.414" />

<exclusive-start id="465" timestamp="2019-06-16T01:38:49.273" intervalms="35.712">
  <response-info timems="0.035" idlems="0.035" threads="0" lastid="0000000001039000" lastname="PmdThread 4" />
</exclusive-start>
<af-start id="466" threadId="0000000001039988" totalBytesRequested="16392" timestamp="2019-06-16T01:38:49.273" intervalms="35.708" type="nursery" />
<cycle-start id="467" type="scavenge" contextid="0" timestamp="2019-06-16T01:38:49.273" intervalms="35.710" />
<gc-start id="468" type="scavenge" contextid="467" timestamp="2019-06-16T01:38:49.273">
  <mem-info id="469" free="2991664" total="9961472" percent="30">
    <mem type="nursery" free="0" total="3670016" percent="0">
      <mem type="allocate" free="0" total="2490368" percent="0" />
      <mem type="survivor" free="0" total="1179648" percent="0" />
    </mem>
    <mem type="tenure" free="2991664" total="6291456" percent="47">
      <mem type="soa" free="2677296" total="5977088" percent="44" />
      <mem type="loa" free="314368" total="314368" percent="100" />
    </mem>
    <remembered-set count="1539" />
  </mem-info>
</gc-start>
<allocation-stats totalBytes="1581248" >
  <allocated-bytes non-tlh="62792" tlh="1518456" />
  <largest-consumer threadName="PmdThread 3" threadId="0000000001035400" bytes="495832" />
</allocation-stats>
<gc-op id="470" type="scavenge" timems="2.558" contextid="467" timestamp="2019-06-16T01:38:49.276">
  <scavenger-info tenureage="3" tenuremask="7f08" tiltratio="67" />
  <memory-copied type="nursery" objects="14396" bytes="695136" bytesdiscarded="29224" />
  <memory-copied type="tenure" objects="2008" bytes="269016" bytesdiscarded="120" />
  <finalization candidates="6" enqueued="0" />
  <references type="soft" candidates="32" cleared="0" enqueued="0" dynamicThreshold="26" maxThreshold="32" />
  <references type="weak" candidates="142" cleared="46" enqueued="33" />
  <references type="phantom" candidates="8" cleared="2" enqueued="2" />
</gc-op>
<gc-end id="471" type="scavenge" contextid="467" durationms="2.915" usertimems="0.000" systemtimems="4.000" timestamp="2019-06-16T01:38:49.276" activeThreads="4">
  <mem-info id="472" free="4601200" total="9961472" percent="46">
    <mem type="nursery" free="1896784" total="3670016" percent="51">
      <mem type="allocate" free="1896784" total="2621440" percent="72" />
      <mem type="survivor" free="0" total="1048576" percent="0" />
    </mem>
    <mem type="tenure" free="2704416" total="6291456" percent="42">
      <mem type="soa" free="2390048" total="5977088" percent="39" />
      <mem type="loa" free="314368" total="314368" percent="100" />
    </mem>
    <pending-finalizers system="0" default="0" reference="35" classloader="0" />
    <remembered-set count="1358" />
  </mem-info>
</gc-end>
<cycle-end id="473" type="scavenge" contextid="467" timestamp="2019-06-16T01:38:49.276" />
  <attribute name="elasticGC enabled" value="1" />
  <attribute name= "numThreadsSpecified" value="4" />
  <attribute name="heapSize specified" value="8388608" />
  <attribute name="Current GC Util" value="11" />
  <attribute name= "Current Time Running" value="13049" />
  <attribute name ="GC Interval" value="200" />
  <attribute name="ProportionalT" value="-13.500000" />
  <attribute name="ProportionalI" value="-13.500000" />
  <attribute name="ProportionalH" value="-13.500000" />
  <attribute name="Current Error" value="-9.000000" />
  <attribute name="IntegralT" value="-315.000000" />
  <attribute name="IntegralI" value="-315.000000" />
  <attribute name="IntegralH" value="-315.000000" />
  <attribute name="DerivativeT" value="-0.257143" />
  <attribute name="DerivativeI" value="-0.257143" />
  <attribute name="DerivativeH" value="-0.257143" />
  <attribute name="Loop Time for DT" value="35.000000" />
  <attribute name="Output H" value="2092630016"/>
  <attribute name="Output I" value="200"/>
  <attribute name="Output T" value="4"/>
  <attribute name="Target GC Util Change" value ="20.000000" />
  <attribute name="Current GC Util Change" value="11.000000"/>
  <attribute name="GC Util currently" value="11" />
  <attribute name="CPU Util currently" value="23" />
<allocation-satisfied id="474" threadId="0000000001039000" bytesRequested="16392" />
<af-end id="475" timestamp="2019-06-16T01:38:49.276" threadId="0000000001039988" success="true" from="nursery"/>
<exclusive-end id="476" timestamp="2019-06-16T01:38:49.276" durationms="3.298" />

<exclusive-start id="477" timestamp="2019-06-16T01:38:49.296" intervalms="23.087">
  <response-info timems="0.063" idlems="0.063" threads="0" lastid="000000000102D800" lastname="PmdThread 2" />
</exclusive-start>
<af-start id="478" threadId="000000000102E188" totalBytesRequested="40" timestamp="2019-06-16T01:38:49.296" intervalms="23.120" type="nursery" />
<cycle-start id="479" type="scavenge" contextid="0" timestamp="2019-06-16T01:38:49.296" intervalms="23.132" />
<gc-start id="480" type="scavenge" contextid="479" timestamp="2019-06-16T01:38:49.296">
  <mem-info id="481" free="2688848" total="9961472" percent="26">
    <mem type="nursery" free="0" total="3670016" percent="0">
      <mem type="allocate" free="0" total="2621440" percent="0" />
      <mem type="survivor" free="0" total="1048576" percent="0" />
    </mem>
    <mem type="tenure" free="2688848" total="6291456" percent="42">
      <mem type="soa" free="2374480" total="5977088" percent="39" />
      <mem type="loa" free="314368" total="314368" percent="100" />
    </mem>
    <remembered-set count="1552" />
  </mem-info>
</gc-start>
<allocation-stats totalBytes="1908640" >
  <allocated-bytes non-tlh="31960" tlh="1876680" />
  <largest-consumer threadName="PmdThread 4" threadId="0000000001039000" bytes="761648" />
</allocation-stats>
<gc-op id="482" type="scavenge" timems="1.586" contextid="479" timestamp="2019-06-16T01:38:49.298">
  <scavenger-info tenureage="8" tenuremask="7f00" tiltratio="71" />
  <memory-copied type="nursery" objects="19875" bytes="914632" bytesdiscarded="133520" />
  <memory-copied type="tenure" objects="3164" bytes="113416" bytesdiscarded="8" />
  <copy-failed type="nursery" objects="3164" bytes="113416" />
  <finalization candidates="6" enqueued="0" />
  <references type="soft" candidates="32" cleared="0" enqueued="0" dynamicThreshold="26" maxThreshold="32" />
  <references type="weak" candidates="96" cleared="1" enqueued="1" />
  <references type="phantom" candidates="4" cleared="0" enqueued="0" />
</gc-op>
<gc-end id="483" type="scavenge" contextid="479" durationms="1.802" usertimems="4.000" systemtimems="0.000" timestamp="2019-06-16T01:38:49.298" activeThreads="4">
  <mem-info id="484" free="3724624" total="9961472" percent="37">
    <mem type="nursery" free="1114112" total="3670016" percent="30">
      <mem type="allocate" free="1114112" total="2162688" percent="51" />
      <mem type="survivor" free="0" total="1507328" percent="0" />
    </mem>
    <mem type="tenure" free="2610512" total="6291456" percent="41">
      <mem type="soa" free="2296144" total="5977088" percent="38" />
      <mem type="loa" free="314368" total="314368" percent="100" />
    </mem>
    <pending-finalizers system="0" default="0" reference="1" classloader="0" />
    <remembered-set count="1645" />
  </mem-info>
</gc-end>
<cycle-end id="485" type="scavenge" contextid="479" timestamp="2019-06-16T01:38:49.298" />
  <attribute name="elasticGC enabled" value="1" />
  <attribute name= "numThreadsSpecified" value="4" />
  <attribute name="heapSize specified" value="8388608" />
  <attribute name="Current GC Util" value="18" />
  <attribute name= "Current Time Running" value="13072" />
  <attribute name ="GC Interval" value="200" />
  <attribute name="ProportionalT" value="-3.000000" />
  <attribute name="ProportionalI" value="-3.000000" />
  <attribute name="ProportionalH" value="-3.000000" />
  <attribute name="Current Error" value="-2.000000" />
  <attribute name="IntegralT" value="-46.000000" />
  <attribute name="IntegralI" value="-46.000000" />
  <attribute name="IntegralH" value="-46.000000" />
  <attribute name="DerivativeT" value="-0.086957" />
  <attribute name="DerivativeI" value="-0.086957" />
  <attribute name="DerivativeH" value="-0.086957" />
  <attribute name="Loop Time for DT" value="23.000000" />
  <attribute name="Output H" value="2092630016"/>
  <attribute name="Output I" value="200"/>
  <attribute name="Output T" value="4"/>
  <attribute name="Target GC Util Change" value ="20.000000" />
  <attribute name="Current GC Util Change" value="18.000000"/>
  <attribute name="GC Util currently" value="18" />
  <attribute name="CPU Util currently" value="198288003531" />
<allocation-satisfied id="486" threadId="000000000102D800" bytesRequested="40" />
<af-end id="487" timestamp="2019-06-16T01:38:49.298" threadId="000000000102E188" success="true" from="nursery"/>
<exclusive-end id="488" timestamp="2019-06-16T01:38:49.298" durationms="2.305" />

<exclusive-start id="489" timestamp="2019-06-16T01:38:49.311" intervalms="14.572">
  <response-info timems="0.078" idlems="0.035" threads="2" lastid="0000000000D1D300" lastname="JIT Compilation Thread-0" />
</exclusive-start>
<af-start id="490" threadId="0000000001039988" totalBytesRequested="40" timestamp="2019-06-16T01:38:49.311" intervalms="14.559" type="nursery" />
<cycle-start id="491" type="scavenge" contextid="0" timestamp="2019-06-16T01:38:49.311" intervalms="14.571" />
<gc-start id="492" type="scavenge" contextid="491" timestamp="2019-06-16T01:38:49.311">
  <mem-info id="493" free="2605640" total="9961472" percent="26">
    <mem type="nursery" free="0" total="3670016" percent="0">
      <mem type="allocate" free="0" total="2162688" percent="0" />
      <mem type="survivor" free="0" total="1507328" percent="0" />
    </mem>
    <mem type="tenure" free="2605640" total="6291456" percent="41">
      <mem type="soa" free="2291272" total="5977088" percent="38" />
      <mem type="loa" free="314368" total="314368" percent="100" />
    </mem>
    <remembered-set count="1731" />
  </mem-info>
</gc-start>
<allocation-stats totalBytes="1118344" >
  <allocated-bytes non-tlh="4912" tlh="1113432" />
  <largest-consumer threadName="PmdThread 3" threadId="0000000001035400" bytes="377016" />
</allocation-stats>
<gc-op id="494" type="scavenge" timems="3.506" contextid="491" timestamp="2019-06-16T01:38:49.314">
  <scavenger-info tenureage="3" tenuremask="7f98" tiltratio="58" />
  <memory-copied type="nursery" objects="19496" bytes="733056" bytesdiscarded="154272" />
  <memory-copied type="tenure" objects="6649" bytes="392448" bytesdiscarded="328" />
  <finalization candidates="6" enqueued="0" />
  <references type="soft" candidates="30" cleared="0" enqueued="0" dynamicThreshold="26" maxThreshold="32" />
  <references type="weak" candidates="87" cleared="0" enqueued="0" />
  <references type="phantom" candidates="1" cleared="0" enqueued="0" />
</gc-op>
<heap-resize id="495" type="expand" space="nursery" amount="393216" count="1" timems="0.014" reason="excessive time being spent scavenging" timestamp="2019-06-16T01:38:49.315" />
<gc-end id="496" type="scavenge" contextid="491" durationms="3.975" usertimems="4.000" systemtimems="0.000" timestamp="2019-06-16T01:38:49.315" activeThreads="4">
  <mem-info id="497" free="3789984" total="10354688" percent="36">
    <mem type="nursery" free="1536992" total="4063232" percent="37">
      <mem type="allocate" free="1536992" total="2424832" percent="63" />
      <mem type="survivor" free="0" total="1638400" percent="0" />
    </mem>
    <mem type="tenure" free="2252992" total="6291456" percent="35">
      <mem type="soa" free="1938624" total="5977088" percent="32" />
      <mem type="loa" free="314368" total="314368" percent="100" />
    </mem>
    <remembered-set count="1005" />
  </mem-info>
</gc-end>
<cycle-end id="498" type="scavenge" contextid="491" timestamp="2019-06-16T01:38:49.315" />
  <attribute name="elasticGC enabled" value="1" />
  <attribute name= "numThreadsSpecified" value="4" />
  <attribute name="heapSize specified" value="8388608" />
  <attribute name="Current GC Util" value="18" />
  <attribute name= "Current Time Running" value="13087" />
  <attribute name ="GC Interval" value="200" />
  <attribute name="ProportionalT" value="-3.000000" />
  <attribute name="ProportionalI" value="-3.000000" />
  <attribute name="ProportionalH" value="-3.000000" />
  <attribute name="Current Error" value="-2.000000" />
  <attribute name="IntegralT" value="-30.000000" />
  <attribute name="IntegralI" value="-30.000000" />
  <attribute name="IntegralH" value="-30.000000" />
  <attribute name="DerivativeT" value="-0.133333" />
  <attribute name="DerivativeI" value="-0.133333" />
  <attribute name="DerivativeH" value="-0.133333" />
  <attribute name="Loop Time for DT" value="15.000000" />
  <attribute name="Output H" value="2092630016"/>
  <attribute name="Output I" value="200"/>
  <attribute name="Output T" value="4"/>
  <attribute name="Target GC Util Change" value ="20.000000" />
  <attribute name="Current GC Util Change" value="18.000000"/>
  <attribute name="GC Util currently" value="18" />
  <attribute name="CPU Util currently" value="318359347613" />
<allocation-satisfied id="499" threadId="0000000001039000" bytesRequested="40" />
<af-end id="500" timestamp="2019-06-16T01:38:49.315" threadId="0000000001039988" success="true" from="nursery"/>
<exclusive-end id="501" timestamp="2019-06-16T01:38:49.315" durationms="4.697" />

<exclusive-start id="502" timestamp="2019-06-16T01:38:49.340" intervalms="29.624">
  <response-info timems="0.092" idlems="0.092" threads="0" lastid="0000000001035400" lastname="PmdThread 3" />
</exclusive-start>
<af-start id="503" threadId="0000000001035D88" totalBytesRequested="16" timestamp="2019-06-16T01:38:49.340" intervalms="29.670" type="nursery" />
<cycle-start id="504" type="scavenge" contextid="0" timestamp="2019-06-16T01:38:49.340" intervalms="29.693" />
<gc-start id="505" type="scavenge" contextid="504" timestamp="2019-06-16T01:38:49.340">
  <mem-info id="506" free="2252752" total="10354688" percent="21">
    <mem type="nursery" free="0" total="4063232" percent="0">
      <mem type="allocate" free="0" total="2424832" percent="0" />
      <mem type="survivor" free="0" total="1638400" percent="0" />
    </mem>
    <mem type="tenure" free="2252752" total="6291456" percent="35">
      <mem type="soa" free="1938384" total="5977088" percent="32" />
      <mem type="loa" free="314368" total="314368" percent="100" />
    </mem>
    <remembered-set count="1176" />
  </mem-info>
</gc-start>
<allocation-stats totalBytes="1533952" >
  <allocated-bytes non-tlh="280" tlh="1533672" />
  <largest-consumer threadName="PmdThread 1" threadId="0000000001029C00" bytes="530640" />
</allocation-stats>
<gc-op id="507" type="scavenge" timems="2.343" contextid="504" timestamp="2019-06-16T01:38:49.343">
  <scavenger-info tenureage="3" tenuremask="7fc8" tiltratio="59" />
  <memory-copied type="nursery" objects="21035" bytes="728864" bytesdiscarded="159744" />
  <memory-copied type="tenure" objects="5583" bytes="204520" bytesdiscarded="24" />
  <finalization candidates="5" enqueued="0" />
  <references type="weak" candidates="4" cleared="1" enqueued="1" />
  <references type="phantom" candidates="1" cleared="1" enqueued="1" />
</gc-op>
<gc-end id="508" type="scavenge" contextid="504" durationms="2.571" usertimems="8.000" systemtimems="0.000" timestamp="2019-06-16T01:38:49.343" activeThreads="4">
  <mem-info id="509" free="3906504" total="10354688" percent="37">
    <mem type="nursery" free="1863168" total="4063232" percent="45">
      <mem type="allocate" free="1863168" total="2752512" percent="67" />
      <mem type="survivor" free="0" total="1310720" percent="0" />
    </mem>
    <mem type="tenure" free="2043336" total="6291456" percent="32">
      <mem type="soa" free="1728968" total="5977088" percent="28" />
      <mem type="loa" free="314368" total="314368" percent="100" />
    </mem>
    <pending-finalizers system="0" default="0" reference="2" classloader="0" />
    <remembered-set count="795" />
  </mem-info>
</gc-end>
<cycle-end id="510" type="scavenge" contextid="504" timestamp="2019-06-16T01:38:49.343" />
  <attribute name="elasticGC enabled" value="1" />
  <attribute name= "numThreadsSpecified" value="4" />
  <attribute name="heapSize specified" value="8388608" />
  <attribute name="Current GC Util" value="18" />
  <attribute name= "Current Time Running" value="13117" />
  <attribute name ="GC Interval" value="200" />
  <attribute name="ProportionalT" value="-3.000000" />
  <attribute name="ProportionalI" value="-3.000000" />
  <attribute name="ProportionalH" value="-3.000000" />
  <attribute name="Current Error" value="-2.000000" />
  <attribute name="IntegralT" value="-60.000000" />
  <attribute name="IntegralI" value="-60.000000" />
  <attribute name="IntegralH" value="-60.000000" />
  <attribute name="DerivativeT" value="-0.066667" />
  <attribute name="DerivativeI" value="-0.066667" />
  <attribute name="DerivativeH" value="-0.066667" />
  <attribute name="Loop Time for DT" value="30.000000" />
  <attribute name="Output H" value="2092630016"/>
  <attribute name="Output I" value="200"/>
  <attribute name="Output T" value="4"/>
  <attribute name="Target GC Util Change" value ="20.000000" />
  <attribute name="Current GC Util Change" value="18.000000"/>
  <attribute name="GC Util currently" value="18" />
  <attribute name="CPU Util currently" value="154975508471" />
<allocation-satisfied id="511" threadId="0000000001035400" bytesRequested="16" />
<af-end id="512" timestamp="2019-06-16T01:38:49.343" threadId="0000000001035D88" success="true" from="nursery"/>
<exclusive-end id="513" timestamp="2019-06-16T01:38:49.343" durationms="3.145" />

<exclusive-start id="514" timestamp="2019-06-16T01:38:49.354" intervalms="13.795">
  <response-info timems="0.074" idlems="0.074" threads="0" lastid="0000000001035400" lastname="PmdThread 3" />
</exclusive-start>
<af-start id="515" threadId="0000000001035D88" totalBytesRequested="200" timestamp="2019-06-16T01:38:49.354" intervalms="13.741" type="nursery" />
<cycle-start id="516" type="scavenge" contextid="0" timestamp="2019-06-16T01:38:49.354" intervalms="13.695" />
<gc-start id="517" type="scavenge" contextid="516" timestamp="2019-06-16T01:38:49.354">
  <mem-info id="518" free="2033168" total="10354688" percent="19">
    <mem type="nursery" free="0" total="4063232" percent="0">
      <mem type="allocate" free="0" total="2752512" percent="0" />
      <mem type="survivor" free="0" total="1310720" percent="0" />
    </mem>
    <mem type="tenure" free="2033168" total="6291456" percent="32">
      <mem type="soa" free="1718800" total="5977088" percent="28" />
      <mem type="loa" free="314368" total="314368" percent="100" />
    </mem>
    <remembered-set count="1093" />
  </mem-info>
</gc-start>
<allocation-stats totalBytes="1870376" >
  <allocated-bytes non-tlh="37840" tlh="1832536" />
  <largest-consumer threadName="PmdThread 4" threadId="0000000001039000" bytes="868704" />
</allocation-stats>
<gc-op id="519" type="scavenge" timems="2.357" contextid="516" timestamp="2019-06-16T01:38:49.357">
  <scavenger-info tenureage="3" tenuremask="7fc8" tiltratio="67" />
  <memory-copied type="nursery" objects="17627" bytes="584424" bytesdiscarded="60672" />
  <memory-copied type="tenure" objects="7101" bytes="300904" bytesdiscarded="192" />
  <references type="soft" candidates="1" cleared="0" enqueued="0" dynamicThreshold="26" maxThreshold="32" />
  <references type="weak" candidates="29" cleared="24" enqueued="24" />
  <references type="phantom" candidates="1" cleared="1" enqueued="1" />
</gc-op>
<heap-resize id="520" type="expand" space="nursery" amount="393216" count="1" timems="0.014" reason="excessive time being spent scavenging" timestamp="2019-06-16T01:38:49.357" />
<gc-end id="521" type="scavenge" contextid="516" durationms="2.601" usertimems="4.000" systemtimems="0.000" timestamp="2019-06-16T01:38:49.357" activeThreads="4">
  <mem-info id="522" free="4297984" total="10747904" percent="39">
    <mem type="nursery" free="2499824" total="4456448" percent="56">
      <mem type="allocate" free="2499824" total="3145728" percent="79" />
      <mem type="survivor" free="0" total="1310720" percent="0" />
    </mem>
    <mem type="tenure" free="1798160" total="6291456" percent="28">
      <mem type="soa" free="1483792" total="5977088" percent="24" />
      <mem type="loa" free="314368" total="314368" percent="100" />
    </mem>
    <pending-finalizers system="0" default="0" reference="25" classloader="0" />
    <remembered-set count="1292" />
  </mem-info>
</gc-end>
<cycle-end id="523" type="scavenge" contextid="516" timestamp="2019-06-16T01:38:49.357" />
  <attribute name="elasticGC enabled" value="1" />
  <attribute name= "numThreadsSpecified" value="4" />
  <attribute name="heapSize specified" value="8388608" />
  <attribute name="Current GC Util" value="28" />
  <attribute name= "Current Time Running" value="13130" />
  <attribute name ="GC Interval" value="200" />
  <attribute name="ProportionalT" value="12.000000" />
  <attribute name="ProportionalI" value="12.000000" />
  <attribute name="ProportionalH" value="12.000000" />
  <attribute name="Current Error" value="8.000000" />
  <attribute name="IntegralT" value="104.000000" />
  <attribute name="IntegralI" value="104.000000" />
  <attribute name="IntegralH" value="104.000000" />
  <attribute name="DerivativeT" value="0.615385" />
  <attribute name="DerivativeI" value="0.615385" />
  <attribute name="DerivativeH" value="0.615385" />
  <attribute name="Loop Time for DT" value="13.000000" />
  <attribute name="Output H" value="8388608"/>
  <attribute name="Output I" value="200"/>
  <attribute name="Output T" value="4"/>
  <attribute name="Target GC Util Change" value ="20.000000" />
  <attribute name="Current GC Util Change" value="28.000000"/>
  <attribute name="GC Util currently" value="28" />
  <attribute name="CPU Util currently" value="338965155167" />
<allocation-satisfied id="524" threadId="0000000001035400" bytesRequested="200" />
<af-end id="525" timestamp="2019-06-16T01:38:49.357" threadId="0000000001035D88" success="true" from="nursery"/>
<exclusive-end id="526" timestamp="2019-06-16T01:38:49.357" durationms="2.993" />

<exclusive-start id="527" timestamp="2019-06-16T01:38:49.377" intervalms="22.697">
  <response-info timems="0.049" idlems="0.049" threads="0" lastid="0000000001029C00" lastname="PmdThread 1" />
</exclusive-start>
<af-start id="528" threadId="000000000102A588" totalBytesRequested="6456" timestamp="2019-06-16T01:38:49.377" intervalms="22.750" type="nursery" />
<cycle-start id="529" type="scavenge" contextid="0" timestamp="2019-06-16T01:38:49.377" intervalms="22.790" />
<gc-start id="530" type="scavenge" contextid="529" timestamp="2019-06-16T01:38:49.377">
  <mem-info id="531" free="1790440" total="10747904" percent="16">
    <mem type="nursery" free="0" total="4456448" percent="0">
      <mem type="allocate" free="0" total="3145728" percent="0" />
      <mem type="survivor" free="0" total="1310720" percent="0" />
    </mem>
    <mem type="tenure" free="1790440" total="6291456" percent="28">
      <mem type="soa" free="1476072" total="5977088" percent="24" />
      <mem type="loa" free="314368" total="314368" percent="100" />
    </mem>
    <remembered-set count="1464" />
  </mem-info>
</gc-start>
<allocation-stats totalBytes="2497392" >
  <allocated-bytes non-tlh="7920" tlh="2489472" />
  <largest-consumer threadName="PmdThread 2" threadId="000000000102D800" bytes="1293120" />
</allocation-stats>
<gc-op id="532" type="scavenge" timems="2.092" contextid="529" timestamp="2019-06-16T01:38:49.379">
  <scavenger-info tenureage="3" tenuremask="7fc8" tiltratio="70" />
  <memory-copied type="nursery" objects="17864" bytes="552664" bytesdiscarded="37296" />
  <memory-copied type="tenure" objects="6404" bytes="216856" bytesdiscarded="112" />
  <references type="soft" candidates="88" cleared="0" enqueued="0" dynamicThreshold="26" maxThreshold="32" />
  <references type="weak" candidates="87" cleared="84" enqueued="84" />
  <references type="phantom" candidates="1" cleared="0" enqueued="0" />
</gc-op>
<heap-resize id="533" type="expand" space="nursery" amount="262144" count="1" timems="0.039" reason="excessive time being spent scavenging" timestamp="2019-06-16T01:38:49.379" />
<gc-end id="534" type="scavenge" contextid="529" durationms="2.383" usertimems="4.000" systemtimems="0.000" timestamp="2019-06-16T01:38:49.379" activeThreads="4">
  <mem-info id="535" free="4620912" total="11010048" percent="41">
    <mem type="nursery" free="2947976" total="4718592" percent="62">
      <mem type="allocate" free="2947976" total="3538944" percent="83" />
      <mem type="survivor" free="0" total="1179648" percent="0" />
    </mem>
    <mem type="tenure" free="1672936" total="6291456" percent="26">
      <mem type="soa" free="1358568" total="5977088" percent="22" />
      <mem type="loa" free="314368" total="314368" percent="100" />
    </mem>
    <pending-finalizers system="0" default="0" reference="84" classloader="0" />
    <remembered-set count="1274" />
  </mem-info>
</gc-end>
<cycle-end id="536" type="scavenge" contextid="529" timestamp="2019-06-16T01:38:49.379" />
  <attribute name="elasticGC enabled" value="1" />
  <attribute name= "numThreadsSpecified" value="4" />
  <attribute name="heapSize specified" value="8388608" />
  <attribute name="Current GC Util" value="14" />
  <attribute name= "Current Time Running" value="13153" />
  <attribute name ="GC Interval" value="200" />
  <attribute name="ProportionalT" value="-9.000000" />
  <attribute name="ProportionalI" value="-9.000000" />
  <attribute name="ProportionalH" value="-9.000000" />
  <attribute name="Current Error" value="-6.000000" />
  <attribute name="IntegralT" value="-138.000000" />
  <attribute name="IntegralI" value="-138.000000" />
  <attribute name="IntegralH" value="-138.000000" />
  <attribute name="DerivativeT" value="-0.608696" />
  <attribute name="DerivativeI" value="-0.608696" />
  <attribute name="DerivativeH" value="-0.608696" />
  <attribute name="Loop Time for DT" value="23.000000" />
  <attribute name="Output H" value="2092630016"/>
  <attribute name="Output I" value="200"/>
  <attribute name="Output T" value="4"/>
  <attribute name="Target GC Util Change" value ="20.000000" />
  <attribute name="Current GC Util Change" value="14.000000"/>
  <attribute name="GC Util currently" value="14" />
  <attribute name="CPU Util currently" value="201869530932" />
<allocation-satisfied id="537" threadId="0000000001029C00" bytesRequested="6456" />
<af-end id="538" timestamp="2019-06-16T01:38:49.379" threadId="000000000102A588" success="true" from="nursery"/>
<exclusive-end id="539" timestamp="2019-06-16T01:38:49.379" durationms="2.853" />

<exclusive-start id="540" timestamp="2019-06-16T01:38:49.390" intervalms="13.565">
  <response-info timems="0.271" idlems="0.271" threads="0" lastid="000000000102D800" lastname="PmdThread 2" />
</exclusive-start>
<af-start id="541" threadId="000000000102E188" totalBytesRequested="48" timestamp="2019-06-16T01:38:49.390" intervalms="13.555" type="nursery" />
<cycle-start id="542" type="scavenge" contextid="0" timestamp="2019-06-16T01:38:49.390" intervalms="13.545" />
<gc-start id="543" type="scavenge" contextid="542" timestamp="2019-06-16T01:38:49.390">
  <mem-info id="544" free="1669544" total="11010048" percent="15">
    <mem type="nursery" free="0" total="4718592" percent="0">
      <mem type="allocate" free="0" total="3538944" percent="0" />
      <mem type="survivor" free="0" total="1179648" percent="0" />
    </mem>
    <mem type="tenure" free="1669544" total="6291456" percent="26">
      <mem type="soa" free="1355176" total="5977088" percent="22" />
      <mem type="loa" free="314368" total="314368" percent="100" />
    </mem>
    <remembered-set count="1348" />
  </mem-info>
</gc-start>
<allocation-stats totalBytes="2948496" >
  <allocated-bytes non-tlh="9848" tlh="2938648" />
  <largest-consumer threadName="PmdThread 2" threadId="000000000102D800" bytes="1678128" />
</allocation-stats>
<gc-op id="545" type="scavenge" timems="2.222" contextid="542" timestamp="2019-06-16T01:38:49.393">
  <scavenger-info tenureage="3" tenuremask="7fc8" tiltratio="75" />
  <memory-copied type="nursery" objects="16824" bytes="591232" bytesdiscarded="90136" />
  <memory-copied type="tenure" objects="6825" bytes="178688" bytesdiscarded="32" />
  <references type="soft" candidates="110" cleared="0" enqueued="0" dynamicThreshold="26" maxThreshold="32" />
  <references type="weak" candidates="159" cleared="157" enqueued="157" />
  <references type="phantom" candidates="1" cleared="0" enqueued="0" />
</gc-op>
<heap-resize id="546" type="expand" space="nursery" amount="393216" count="1" timems="0.015" reason="excessive time being spent scavenging" timestamp="2019-06-16T01:38:49.393" />
<gc-end id="547" type="scavenge" contextid="542" durationms="2.512" usertimems="0.000" systemtimems="0.000" timestamp="2019-06-16T01:38:49.393" activeThreads="1">
  <mem-info id="548" free="4710056" total="11403264" percent="41">
    <mem type="nursery" free="3250176" total="5111808" percent="63">
      <mem type="allocate" free="3250176" total="3932160" percent="82" />
      <mem type="survivor" free="0" total="1179648" percent="0" />
    </mem>
    <mem type="tenure" free="1459880" total="6291456" percent="23">
      <mem type="soa" free="1145512" total="5977088" percent="19" />
      <mem type="loa" free="314368" total="314368" percent="100" />
    </mem>
    <pending-finalizers system="0" default="0" reference="157" classloader="0" />
    <remembered-set count="759" />
  </mem-info>
</gc-end>
<cycle-end id="549" type="scavenge" contextid="542" timestamp="2019-06-16T01:38:49.393" />
  <attribute name="elasticGC enabled" value="1" />
  <attribute name= "numThreadsSpecified" value="1" />
  <attribute name="heapSize specified" value="8388608" />
  <attribute name="Current GC Util" value="20" />
  <attribute name= "Current Time Running" value="13167" />
  <attribute name ="GC Interval" value="200" />
  <attribute name="ProportionalT" value="0.000000" />
  <attribute name="ProportionalI" value="0.000000" />
  <attribute name="ProportionalH" value="0.000000" />
  <attribute name="Current Error" value="0.000000" />
  <attribute name="IntegralT" value="0.000000" />
  <attribute name="IntegralI" value="0.000000" />
  <attribute name="IntegralH" value="0.000000" />
  <attribute name="DerivativeT" value="0.000000" />
  <attribute name="DerivativeI" value="0.000000" />
  <attribute name="DerivativeH" value="0.000000" />
  <attribute name="Loop Time for DT" value="14.000000" />
  <attribute name="Output H" value="8388608"/>
  <attribute name="Output I" value="200"/>
  <attribute name="Output T" value="1"/>
  <attribute name="Target GC Util Change" value ="20.000000" />
  <attribute name="Current GC Util Change" value="20.000000"/>
  <attribute name="GC Util currently" value="20" />
  <attribute name="CPU Util currently" value="339202331653" />
<allocation-satisfied id="550" threadId="000000000102D800" bytesRequested="48" />
<af-end id="551" timestamp="2019-06-16T01:38:49.393" threadId="000000000102E188" success="true" from="nursery"/>
<exclusive-end id="552" timestamp="2019-06-16T01:38:49.393" durationms="3.009" />

<exclusive-start id="553" timestamp="2019-06-16T01:38:49.408" intervalms="18.023">
  <response-info timems="0.075" idlems="0.075" threads="0" lastid="000000000102D800" lastname="PmdThread 2" />
</exclusive-start>
<af-start id="554" threadId="000000000102E188" totalBytesRequested="48" timestamp="2019-06-16T01:38:49.408" intervalms="17.986" type="nursery" />
<cycle-start id="555" type="scavenge" contextid="0" timestamp="2019-06-16T01:38:49.408" intervalms="18.002" />
<gc-start id="556" type="scavenge" contextid="555" timestamp="2019-06-16T01:38:49.408">
  <mem-info id="557" free="1459016" total="11403264" percent="12">
    <mem type="nursery" free="0" total="5111808" percent="0">
      <mem type="allocate" free="0" total="3932160" percent="0" />
      <mem type="survivor" free="0" total="1179648" percent="0" />
    </mem>
    <mem type="tenure" free="1459016" total="6291456" percent="23">
      <mem type="soa" free="1144648" total="5977088" percent="19" />
      <mem type="loa" free="314368" total="314368" percent="100" />
    </mem>
    <remembered-set count="783" />
  </mem-info>
</gc-start>
<allocation-stats totalBytes="3248240" >
  <allocated-bytes non-tlh="912" tlh="3247328" />
  <largest-consumer threadName="PmdThread 2" threadId="000000000102D800" bytes="2145848" />
</allocation-stats>
<gc-op id="558" type="scavenge" timems="1.038" contextid="555" timestamp="2019-06-16T01:38:49.410">
  <scavenger-info tenureage="6" tenuremask="7fc0" tiltratio="76" />
  <memory-copied type="nursery" objects="20731" bytes="857440" bytesdiscarded="117584" />
  <references type="soft" candidates="110" cleared="0" enqueued="0" dynamicThreshold="26" maxThreshold="32" />
  <references type="weak" candidates="205" cleared="203" enqueued="203" />
  <references type="phantom" candidates="3" cleared="1" enqueued="1" />
</gc-op>
<gc-end id="559" type="scavenge" contextid="555" durationms="1.230" usertimems="0.000" systemtimems="0.000" timestamp="2019-06-16T01:38:49.410" activeThreads="4">
  <mem-info id="560" free="4415464" total="11403264" percent="38">
    <mem type="nursery" free="2956448" total="5111808" percent="57">
      <mem type="allocate" free="2956448" total="3932160" percent="75" />
      <mem type="survivor" free="0" total="1179648" percent="0" />
    </mem>
    <mem type="tenure" free="1459016" total="6291456" percent="23">
      <mem type="soa" free="1144648" total="5977088" percent="19" />
      <mem type="loa" free="314368" total="314368" percent="100" />
    </mem>
    <pending-finalizers system="0" default="0" reference="204" classloader="0" />
    <remembered-set count="663" />
  </mem-info>
</gc-end>
<cycle-end id="561" type="scavenge" contextid="555" timestamp="2019-06-16T01:38:49.410" />
  <attribute name="elasticGC enabled" value="1" />
  <attribute name= "numThreadsSpecified" value="4" />
  <attribute name="heapSize specified" value="8388608" />
  <attribute name="Current GC Util" value="12" />
  <attribute name= "Current Time Running" value="13185" />
  <attribute name ="GC Interval" value="200" />
  <attribute name="ProportionalT" value="-12.000000" />
  <attribute name="ProportionalI" value="-12.000000" />
  <attribute name="ProportionalH" value="-12.000000" />
  <attribute name="Current Error" value="-8.000000" />
  <attribute name="IntegralT" value="-144.000000" />
  <attribute name="IntegralI" value="-144.000000" />
  <attribute name="IntegralH" value="-144.000000" />
  <attribute name="DerivativeT" value="-0.444444" />
  <attribute name="DerivativeI" value="-0.444444" />
  <attribute name="DerivativeH" value="-0.444444" />
  <attribute name="Loop Time for DT" value="18.000000" />
  <attribute name="Output H" value="2092630016"/>
  <attribute name="Output I" value="200"/>
  <attribute name="Output T" value="4"/>
  <attribute name="Target GC Util Change" value ="20.000000" />
  <attribute name="Current GC Util Change" value="12.000000"/>
  <attribute name="GC Util currently" value="12" />
  <attribute name="CPU Util currently" value="257331806237" />
<allocation-satisfied id="562" threadId="000000000102D800" bytesRequested="48" />
<af-end id="563" timestamp="2019-06-16T01:38:49.410" threadId="000000000102E188" success="true" from="nursery"/>
<exclusive-end id="564" timestamp="2019-06-16T01:38:49.410" durationms="1.709" />

<exclusive-start id="565" timestamp="2019-06-16T01:38:49.428" intervalms="19.363">
  <response-info timems="0.160" idlems="0.095" threads="1" lastid="0000000001035400" lastname="PmdThread 3" />
</exclusive-start>
<af-start id="566" threadId="000000000102E188" totalBytesRequested="3296" timestamp="2019-06-16T01:38:49.428" intervalms="19.373" type="nursery" />
<cycle-start id="567" type="scavenge" contextid="0" timestamp="2019-06-16T01:38:49.428" intervalms="19.358" />
<gc-start id="568" type="scavenge" contextid="567" timestamp="2019-06-16T01:38:49.428">
  <mem-info id="569" free="1457880" total="11403264" percent="12">
    <mem type="nursery" free="0" total="5111808" percent="0">
      <mem type="allocate" free="0" total="3932160" percent="0" />
      <mem type="survivor" free="0" total="1179648" percent="0" />
    </mem>
    <mem type="tenure" free="1457880" total="6291456" percent="23">
      <mem type="soa" free="1143512" total="5977088" percent="19" />
      <mem type="loa" free="314368" total="314368" percent="100" />
    </mem>
    <remembered-set count="745" />
  </mem-info>
</gc-start>
<allocation-stats totalBytes="2954816" >
  <allocated-bytes non-tlh="1184" tlh="2953632" />
  <largest-consumer threadName="PmdThread 2" threadId="000000000102D800" bytes="1496032" />
</allocation-stats>
<gc-op id="570" type="scavenge" timems="1.356" contextid="567" timestamp="2019-06-16T01:38:49.429">
  <scavenger-info tenureage="3" tenuremask="7fc8" tiltratio="76" />
  <memory-copied type="nursery" objects="22833" bytes="938944" bytesdiscarded="70088" />
  <memory-copied type="tenure" objects="6701" bytes="238464" bytesdiscarded="16" />
  <references type="soft" candidates="25" cleared="0" enqueued="0" dynamicThreshold="26" maxThreshold="32" />
  <references type="weak" candidates="73" cleared="70" enqueued="70" />
  <references type="phantom" candidates="15" cleared="8" enqueued="8" />
</gc-op>
<gc-end id="571" type="scavenge" contextid="567" durationms="1.554" usertimems="4.000" systemtimems="0.000" timestamp="2019-06-16T01:38:49.429" activeThreads="4">
  <mem-info id="572" free="4183152" total="11403264" percent="36">
    <mem type="nursery" free="2922432" total="5111808" percent="57">
      <mem type="allocate" free="2922432" total="3932160" percent="74" />
      <mem type="survivor" free="0" total="1179648" percent="0" />
    </mem>
    <mem type="tenure" free="1260720" total="6291456" percent="20">
      <mem type="soa" free="946352" total="5977088" percent="15" />
      <mem type="loa" free="314368" total="314368" percent="100" />
    </mem>
    <pending-finalizers system="0" default="0" reference="78" classloader="0" />
    <remembered-set count="740" />
  </mem-info>
</gc-end>
<cycle-end id="573" type="scavenge" contextid="567" timestamp="2019-06-16T01:38:49.429" />
  <attribute name="elasticGC enabled" value="1" />
  <attribute name= "numThreadsSpecified" value="4" />
  <attribute name="heapSize specified" value="8388608" />
  <attribute name="Current GC Util" value="11" />
  <attribute name= "Current Time Running" value="13204" />
  <attribute name ="GC Interval" value="200" />
  <attribute name="ProportionalT" value="-13.500000" />
  <attribute name="ProportionalI" value="-13.500000" />
  <attribute name="ProportionalH" value="-13.500000" />
  <attribute name="Current Error" value="-9.000000" />
  <attribute name="IntegralT" value="-171.000000" />
  <attribute name="IntegralI" value="-171.000000" />
  <attribute name="IntegralH" value="-171.000000" />
  <attribute name="DerivativeT" value="-0.473684" />
  <attribute name="DerivativeI" value="-0.473684" />
  <attribute name="DerivativeH" value="-0.473684" />
  <attribute name="Loop Time for DT" value="19.000000" />
  <attribute name="Output H" value="2092630016"/>
  <attribute name="Output I" value="200"/>
  <attribute name="Output T" value="4"/>
  <attribute name="Target GC Util Change" value ="20.000000" />
  <attribute name="Current GC Util Change" value="11.000000"/>
  <attribute name="GC Util currently" value="11" />
  <attribute name="CPU Util currently" value="238065620121" />
<allocation-satisfied id="574" threadId="000000000102D800" bytesRequested="3296" />
<af-end id="575" timestamp="2019-06-16T01:38:49.430" threadId="000000000102E188" success="true" from="nursery"/>
<exclusive-end id="576" timestamp="2019-06-16T01:38:49.430" durationms="2.138" />

<exclusive-start id="577" timestamp="2019-06-16T01:38:49.452" intervalms="23.967">
  <response-info timems="0.068" idlems="0.041" threads="1" lastid="0000000000D1D300" lastname="JIT Compilation Thread-0" />
</exclusive-start>
<af-start id="578" threadId="000000000102A588" totalBytesRequested="24" timestamp="2019-06-16T01:38:49.452" intervalms="23.950" type="nursery" />
<cycle-start id="579" type="scavenge" contextid="0" timestamp="2019-06-16T01:38:49.452" intervalms="23.960" />
<gc-start id="580" type="scavenge" contextid="579" timestamp="2019-06-16T01:38:49.452">
  <mem-info id="581" free="1260184" total="11403264" percent="11">
    <mem type="nursery" free="0" total="5111808" percent="0">
      <mem type="allocate" free="0" total="3932160" percent="0" />
      <mem type="survivor" free="0" total="1179648" percent="0" />
    </mem>
    <mem type="tenure" free="1260184" total="6291456" percent="20">
      <mem type="soa" free="945816" total="5977088" percent="15" />
      <mem type="loa" free="314368" total="314368" percent="100" />
    </mem>
    <remembered-set count="777" />
  </mem-info>
</gc-start>
<allocation-stats totalBytes="2919088" >
  <allocated-bytes non-tlh="3832" tlh="2915256" />
  <largest-consumer threadName="PmdThread 4" threadId="0000000001039000" bytes="1005456" />
</allocation-stats>
<gc-op id="582" type="scavenge" timems="1.163" contextid="579" timestamp="2019-06-16T01:38:49.453">
  <scavenger-info tenureage="5" tenuremask="7fe0" tiltratio="76" />
  <memory-copied type="nursery" objects="26992" bytes="1068320" bytesdiscarded="93832" />
  <memory-copied type="tenure" objects="3721" bytes="102904" bytesdiscarded="24" />
  <references type="soft" candidates="29" cleared="0" enqueued="0" dynamicThreshold="26" maxThreshold="32" />
  <references type="weak" candidates="56" cleared="55" enqueued="55" />
  <references type="phantom" candidates="11" cleared="5" enqueued="5" />
</gc-op>
<gc-end id="583" type="scavenge" contextid="579" durationms="1.343" usertimems="0.000" systemtimems="0.000" timestamp="2019-06-16T01:38:49.453" activeThreads="4">
  <mem-info id="584" free="3779448" total="11403264" percent="33">
    <mem type="nursery" free="2636768" total="5111808" percent="51">
      <mem type="allocate" free="2636768" total="3801088" percent="69" />
      <mem type="survivor" free="0" total="1310720" percent="0" />
    </mem>
    <mem type="tenure" free="1142680" total="6291456" percent="18">
      <mem type="soa" free="828312" total="5977088" percent="13" />
      <mem type="loa" free="314368" total="314368" percent="100" />
    </mem>
    <pending-finalizers system="0" default="0" reference="60" classloader="0" />
    <remembered-set count="361" />
  </mem-info>
</gc-end>
<cycle-end id="585" type="scavenge" contextid="579" timestamp="2019-06-16T01:38:49.453" />
  <attribute name="elasticGC enabled" value="1" />
  <attribute name= "numThreadsSpecified" value="4" />
  <attribute name="heapSize specified" value="8388608" />
  <attribute name="Current GC Util" value="13" />
  <attribute name= "Current Time Running" value="13228" />
  <attribute name ="GC Interval" value="200" />
  <attribute name="ProportionalT" value="-10.500000" />
  <attribute name="ProportionalI" value="-10.500000" />
  <attribute name="ProportionalH" value="-10.500000" />
  <attribute name="Current Error" value="-7.000000" />
  <attribute name="IntegralT" value="-168.000000" />
  <attribute name="IntegralI" value="-168.000000" />
  <attribute name="IntegralH" value="-168.000000" />
  <attribute name="DerivativeT" value="-0.291667" />
  <attribute name="DerivativeI" value="-0.291667" />
  <attribute name="DerivativeH" value="-0.291667" />
  <attribute name="Loop Time for DT" value="24.000000" />
  <attribute name="Output H" value="2092630016"/>
  <attribute name="Output I" value="200"/>
  <attribute name="Output T" value="4"/>
  <attribute name="Target GC Util Change" value ="20.000000" />
  <attribute name="Current GC Util Change" value="13.000000"/>
  <attribute name="GC Util currently" value="13" />
  <attribute name="CPU Util currently" value="192524185097" />
<allocation-satisfied id="586" threadId="0000000001029C00" bytesRequested="24" />
<af-end id="587" timestamp="2019-06-16T01:38:49.453" threadId="000000000102A588" success="true" from="nursery"/>
<exclusive-end id="588" timestamp="2019-06-16T01:38:49.453" durationms="1.818" />

<exclusive-start id="589" timestamp="2019-06-16T01:38:49.470" intervalms="18.185">
  <response-info timems="0.105" idlems="0.105" threads="0" lastid="0000000001039000" lastname="PmdThread 4" />
</exclusive-start>
<af-start id="590" threadId="0000000001039988" totalBytesRequested="72" timestamp="2019-06-16T01:38:49.470" intervalms="18.206" type="nursery" />
<cycle-start id="591" type="scavenge" contextid="0" timestamp="2019-06-16T01:38:49.470" intervalms="18.185" />
<gc-start id="592" type="scavenge" contextid="591" timestamp="2019-06-16T01:38:49.470">
  <mem-info id="593" free="1137760" total="11403264" percent="9">
    <mem type="nursery" free="0" total="5111808" percent="0">
      <mem type="allocate" free="0" total="3801088" percent="0" />
      <mem type="survivor" free="0" total="1310720" percent="0" />
    </mem>
    <mem type="tenure" free="1137760" total="6291456" percent="18">
      <mem type="soa" free="823392" total="5977088" percent="13" />
      <mem type="loa" free="314368" total="314368" percent="100" />
    </mem>
    <remembered-set count="477" />
  </mem-info>
</gc-start>
<allocation-stats totalBytes="2640760" >
  <allocated-bytes non-tlh="4944" tlh="2635816" />
  <largest-consumer threadName="PmdThread 4" threadId="0000000001039000" bytes="1612616" />
</allocation-stats>
<gc-op id="594" type="scavenge" timems="3.442" contextid="591" timestamp="2019-06-16T01:38:49.473">
  <scavenger-info tenureage="6" tenuremask="7fc0" tiltratio="74" />
  <memory-copied type="nursery" objects="27880" bytes="1081888" bytesdiscarded="55680" />
  <references type="soft" candidates="29" cleared="0" enqueued="0" dynamicThreshold="26" maxThreshold="32" />
  <references type="weak" candidates="71" cleared="70" enqueued="70" />
  <references type="phantom" candidates="6" cleared="0" enqueued="0" />
</gc-op>
<heap-resize id="595" type="expand" space="nursery" amount="524288" count="1" timems="0.014" reason="excessive time being spent scavenging" timestamp="2019-06-16T01:38:49.474" />
<gc-end id="596" type="scavenge" contextid="591" durationms="3.887" usertimems="0.000" systemtimems="8.000" timestamp="2019-06-16T01:38:49.474" activeThreads="4">
  <mem-info id="597" free="4257512" total="11927552" percent="35">
    <mem type="nursery" free="3119752" total="5636096" percent="55">
      <mem type="allocate" free="3119752" total="4259840" percent="73" />
      <mem type="survivor" free="0" total="1376256" percent="0" />
    </mem>
    <mem type="tenure" free="1137760" total="6291456" percent="18">
      <mem type="soa" free="823392" total="5977088" percent="13" />
      <mem type="loa" free="314368" total="314368" percent="100" />
    </mem>
    <pending-finalizers system="0" default="0" reference="70" classloader="0" />
    <remembered-set count="457" />
  </mem-info>
</gc-end>
<cycle-end id="598" type="scavenge" contextid="591" timestamp="2019-06-16T01:38:49.474" />
  <attribute name="elasticGC enabled" value="1" />
  <attribute name= "numThreadsSpecified" value="4" />
  <attribute name="heapSize specified" value="8388608" />
  <attribute name="Current GC Util" value="16" />
  <attribute name= "Current Time Running" value="13246" />
  <attribute name ="GC Interval" value="200" />
  <attribute name="ProportionalT" value="-6.000000" />
  <attribute name="ProportionalI" value="-6.000000" />
  <attribute name="ProportionalH" value="-6.000000" />
  <attribute name="Current Error" value="-4.000000" />
  <attribute name="IntegralT" value="-72.000000" />
  <attribute name="IntegralI" value="-72.000000" />
  <attribute name="IntegralH" value="-72.000000" />
  <attribute name="DerivativeT" value="-0.222222" />
  <attribute name="DerivativeI" value="-0.222222" />
  <attribute name="DerivativeH" value="-0.222222" />
  <attribute name="Loop Time for DT" value="18.000000" />
  <attribute name="Output H" value="2092630016"/>
  <attribute name="Output I" value="200"/>
  <attribute name="Output T" value="4"/>
  <attribute name="Target GC Util Change" value ="20.000000" />
  <attribute name="Current GC Util Change" value="16.000000"/>
  <attribute name="GC Util currently" value="16" />
  <attribute name="CPU Util currently" value="254280258582" />
<allocation-satisfied id="599" threadId="0000000001039000" bytesRequested="72" />
<af-end id="600" timestamp="2019-06-16T01:38:49.474" threadId="0000000001039988" success="true" from="nursery"/>
<exclusive-end id="601" timestamp="2019-06-16T01:38:49.474" durationms="4.520" />

<exclusive-start id="602" timestamp="2019-06-16T01:38:49.498" intervalms="28.707">
  <response-info timems="0.103" idlems="0.056" threads="2" lastid="0000000001035400" lastname="PmdThread 3" />
</exclusive-start>
<af-start id="603" threadId="0000000001039988" totalBytesRequested="16" timestamp="2019-06-16T01:38:49.499" intervalms="28.731" type="nursery" />
<cycle-start id="604" type="scavenge" contextid="0" timestamp="2019-06-16T01:38:49.499" intervalms="28.711" />
<gc-start id="605" type="scavenge" contextid="604" timestamp="2019-06-16T01:38:49.499">
  <mem-info id="606" free="1137240" total="11927552" percent="9">
    <mem type="nursery" free="0" total="5636096" percent="0">
      <mem type="allocate" free="0" total="4259840" percent="0" />
      <mem type="survivor" free="0" total="1376256" percent="0" />
    </mem>
    <mem type="tenure" free="1137240" total="6291456" percent="18">
      <mem type="soa" free="822872" total="5977088" percent="13" />
      <mem type="loa" free="314368" total="314368" percent="100" />
    </mem>
    <remembered-set count="476" />
  </mem-info>
</gc-start>
<allocation-stats totalBytes="3117664" >
  <allocated-bytes non-tlh="592" tlh="3117072" />
  <largest-consumer threadName="PmdThread 4" threadId="0000000001039000" bytes="1872712" />
</allocation-stats>
<gc-op id="607" type="scavenge" timems="4.585" contextid="604" timestamp="2019-06-16T01:38:49.503">
  <scavenger-info tenureage="3" tenuremask="7ff8" tiltratio="75" />
  <memory-copied type="nursery" objects="11545" bytes="537752" bytesdiscarded="147688" />
  <memory-copied type="tenure" objects="17775" bytes="711320" bytesdiscarded="296" />
  <references type="soft" candidates="16" cleared="0" enqueued="0" dynamicThreshold="26" maxThreshold="32" />
  <references type="weak" candidates="58" cleared="58" enqueued="58" />
  <references type="phantom" candidates="1" cleared="1" enqueued="1" />
</gc-op>
<heap-resize id="608" type="expand" space="nursery" amount="393216" count="1" timems="0.013" reason="excessive time being spent scavenging" timestamp="2019-06-16T01:38:49.504" />
<gc-end id="609" type="scavenge" contextid="604" durationms="5.008" usertimems="8.000" systemtimems="0.000" timestamp="2019-06-16T01:38:49.504" activeThreads="4">
  <mem-info id="610" free="4331752" total="12320768" percent="35">
    <mem type="nursery" free="3964112" total="6029312" percent="65">
      <mem type="allocate" free="3964112" total="4653056" percent="85" />
      <mem type="survivor" free="0" total="1376256" percent="0" />
    </mem>
    <mem type="tenure" free="367640" total="6291456" percent="5">
      <mem type="soa" free="53272" total="5977088" percent="0" />
      <mem type="loa" free="314368" total="314368" percent="100" />
    </mem>
    <pending-finalizers system="0" default="0" reference="59" classloader="0" />
    <remembered-set count="378" />
  </mem-info>
</gc-end>
<cycle-end id="611" type="scavenge" contextid="604" timestamp="2019-06-16T01:38:49.504" />
  <attribute name="elasticGC enabled" value="1" />
  <attribute name= "numThreadsSpecified" value="4" />
  <attribute name="heapSize specified" value="8388608" />
  <attribute name="Current GC Util" value="17" />
  <attribute name= "Current Time Running" value="13275" />
  <attribute name ="GC Interval" value="200" />
  <attribute name="ProportionalT" value="-4.500000" />
  <attribute name="ProportionalI" value="-4.500000" />
  <attribute name="ProportionalH" value="-4.500000" />
  <attribute name="Current Error" value="-3.000000" />
  <attribute name="IntegralT" value="-87.000000" />
  <attribute name="IntegralI" value="-87.000000" />
  <attribute name="IntegralH" value="-87.000000" />
  <attribute name="DerivativeT" value="-0.103448" />
  <attribute name="DerivativeI" value="-0.103448" />
  <attribute name="DerivativeH" value="-0.103448" />
  <attribute name="Loop Time for DT" value="29.000000" />
  <attribute name="Output H" value="2092630016"/>
  <attribute name="Output I" value="200"/>
  <attribute name="Output T" value="4"/>
  <attribute name="Target GC Util Change" value ="20.000000" />
  <attribute name="Current GC Util Change" value="17.000000"/>
  <attribute name="GC Util currently" value="17" />
  <attribute name="CPU Util currently" value="160788615788" />
<allocation-satisfied id="612" threadId="0000000001039000" bytesRequested="16" />
<af-end id="613" timestamp="2019-06-16T01:38:49.504" threadId="0000000001039988" success="true" from="nursery"/>
<exclusive-end id="614" timestamp="2019-06-16T01:38:49.504" durationms="5.705" />

<concurrent-kickoff id="615" timestamp="2019-06-16T01:38:49.546">
  <kickoff reason="threshold reached" targetBytes="1867303" thresholdFreeBytes="259062"  remainingFree="232656" tenureFreeBytes="367376" nurseryFreeBytes="232656" />
</concurrent-kickoff>
<exclusive-start id="616" timestamp="2019-06-16T01:38:49.547" intervalms="48.049">
  <response-info timems="0.051" idlems="0.051" threads="0" lastid="0000000001039000" lastname="PmdThread 4" />
</exclusive-start>
<cycle-start id="617" type="global" contextid="0" timestamp="2019-06-16T01:38:49.547" intervalms="1261.379" />
<exclusive-end id="618" timestamp="2019-06-16T01:38:49.547" durationms="0.095" />

<exclusive-start id="619" timestamp="2019-06-16T01:38:49.550" intervalms="3.011">
  <response-info timems="0.061" idlems="0.061" threads="0" lastid="0000000001035400" lastname="PmdThread 3" />
</exclusive-start>
<af-start id="620" threadId="0000000001035D88" totalBytesRequested="16" timestamp="2019-06-16T01:38:49.550" intervalms="51.037" type="nursery" />
<cycle-start id="621" type="scavenge" contextid="0" timestamp="2019-06-16T01:38:49.550" intervalms="51.093" />
<gc-start id="622" type="scavenge" contextid="621" timestamp="2019-06-16T01:38:49.550">
  <mem-info id="623" free="367376" total="12320768" percent="2">
    <mem type="nursery" free="0" total="6029312" percent="0">
      <mem type="allocate" free="0" total="4653056" percent="0" />
      <mem type="survivor" free="0" total="1376256" percent="0" />
    </mem>
    <mem type="tenure" free="367376" total="6291456" percent="5">
      <mem type="soa" free="53008" total="5977088" percent="0" />
      <mem type="loa" free="314368" total="314368" percent="100" />
    </mem>
    <remembered-set count="455" />
  </mem-info>
</gc-start>
<allocation-stats totalBytes="3954192" >
  <allocated-bytes non-tlh="280" tlh="3953912" />
  <largest-consumer threadName="PmdThread 1" threadId="0000000001029C00" bytes="1300808" />
</allocation-stats>
<gc-op id="624" type="scavenge" timems="1.619" contextid="621" timestamp="2019-06-16T01:38:49.552">
  <scavenger-info tenureage="3" tenuremask="7fc8" tiltratio="77" />
  <memory-copied type="nursery" objects="7386" bytes="678432" bytesdiscarded="174568" />
  <memory-copied type="tenure" objects="8802" bytes="335512" bytesdiscarded="576" />
  <references type="soft" candidates="11" cleared="0" enqueued="0" dynamicThreshold="26" maxThreshold="32" />
  <references type="weak" candidates="60" cleared="60" enqueued="60" />
  <references type="phantom" candidates="15" cleared="11" enqueued="11" />
  <heap-resize type="expand" space="tenure" amount="262144" count="4" timems="0.041" reason="continue current collection" />
</gc-op>
<gc-end id="625" type="scavenge" contextid="621" durationms="2.216" usertimems="0.000" systemtimems="4.000" timestamp="2019-06-16T01:38:49.552" activeThreads="4">
  <mem-info id="626" free="4345312" total="12582912" percent="34">
    <mem type="nursery" free="3995360" total="6029312" percent="66">
      <mem type="allocate" free="3995360" total="4849664" percent="82" />
      <mem type="survivor" free="0" total="1179648" percent="0" />
    </mem>
    <mem type="tenure" free="349952" total="6553600" percent="5">
      <mem type="soa" free="22272" total="6225920" percent="0" />
      <mem type="loa" free="327680" total="327680" percent="100" />
    </mem>
    <pending-finalizers system="0" default="0" reference="71" classloader="0" />
    <remembered-set count="495" />
  </mem-info>
</gc-end>
<cycle-end id="627" type="scavenge" contextid="621" timestamp="2019-06-16T01:38:49.552" />
  <attribute name="elasticGC enabled" value="1" />
  <attribute name= "numThreadsSpecified" value="4" />
  <attribute name="heapSize specified" value="8388608" />
  <attribute name="Current GC Util" value="12" />
  <attribute name= "Current Time Running" value="13326" />
  <attribute name ="GC Interval" value="200" />
  <attribute name="ProportionalT" value="-12.000000" />
  <attribute name="ProportionalI" value="-12.000000" />
  <attribute name="ProportionalH" value="-12.000000" />
  <attribute name="Current Error" value="-8.000000" />
  <attribute name="IntegralT" value="-408.000000" />
  <attribute name="IntegralI" value="-408.000000" />
  <attribute name="IntegralH" value="-408.000000" />
  <attribute name="DerivativeT" value="-0.156863" />
  <attribute name="DerivativeI" value="-0.156863" />
  <attribute name="DerivativeH" value="-0.156863" />
  <attribute name="Loop Time for DT" value="51.000000" />
  <attribute name="Output H" value="2092630016"/>
  <attribute name="Output I" value="200"/>
  <attribute name="Output T" value="4"/>
  <attribute name="Target GC Util Change" value ="20.000000" />
  <attribute name="Current GC Util Change" value="12.000000"/>
  <attribute name="GC Util currently" value="12" />
  <attribute name="CPU Util currently" value="13" />
<allocation-satisfied id="628" threadId="0000000001035400" bytesRequested="16" />
<af-end id="629" timestamp="2019-06-16T01:38:49.553" threadId="0000000001035D88" success="true" from="nursery"/>
<exclusive-end id="630" timestamp="2019-06-16T01:38:49.553" durationms="3.649" />

<exclusive-start id="631" timestamp="2019-06-16T01:38:49.558" intervalms="8.145">
  <response-info timems="0.029" idlems="0.029" threads="0" lastid="0000000001029C00" lastname="PmdThread 1" />
</exclusive-start>
<concurrent-collection-start id="632" timestamp="2019-06-16T01:38:49.558" intervalms="13451.241" >
  <concurrent-trace-info reason="card cleaning threshold reached" tracedByMutators="1088508" tracedByHelpers="1239868" cardsCleaned="74" workStackOverflowCount="0" />
</concurrent-collection-start>
<gc-start id="633" type="global" contextid="617" timestamp="2019-06-16T01:38:49.558">
  <mem-info id="634" free="3837392" total="12582912" percent="30">
    <mem type="nursery" free="3487440" total="6029312" percent="57">
      <mem type="allocate" free="3487440" total="4849664" percent="71" />
      <mem type="survivor" free="0" total="1179648" percent="0" />
    </mem>
    <mem type="tenure" free="349952" total="6553600" percent="5">
      <mem type="soa" free="22272" total="6225920" percent="0" />
      <mem type="loa" free="327680" total="327680" percent="100" />
    </mem>
    <remembered-set count="502" />
  </mem-info>
</gc-start>
<allocation-stats totalBytes="507888" >
  <allocated-bytes non-tlh="16" tlh="507872" />
  <largest-consumer threadName="PmdThread 1" threadId="0000000001029C00" bytes="212976" />
</allocation-stats>
<gc-op id="635" type="rs-scan" timems="0.342" contextid="617" timestamp="2019-06-16T01:38:49.559">
  <scan objectsFound="248" bytesTraced="28908" workStackOverflowCount="0" />
</gc-op>
<gc-op id="636" type="card-cleaning" timems="0.410" contextid="617" timestamp="2019-06-16T01:38:49.559">
  <card-cleaning cardsCleaned="8" bytesTraced="159876" workStackOverflowCount="0" />
</gc-op>
<gc-op id="637" type="mark" timems="1.032" contextid="617" timestamp="2019-06-16T01:38:49.560">
  <trace-info objectcount="2548" scancount="2027" scanbytes="66180" />
  <finalization candidates="57" enqueued="0" />
  <ownableSynchronizers candidates="8" cleared="0" />
  <references type="soft" candidates="229" cleared="0" enqueued="0" dynamicThreshold="26" maxThreshold="32" />
  <references type="weak" candidates="704" cleared="49" enqueued="29" />
  <references type="phantom" candidates="72" cleared="3" enqueued="3" />
  <stringconstants candidates="4985" cleared="4"  />
</gc-op>
<gc-op id="638" type="classunload" timems="0.002" contextid="617" timestamp="2019-06-16T01:38:49.560">
  <classunload-info classloadercandidates="10" classloadersunloaded="0" classesunloaded="0" anonymousclassesunloaded="0" quiescems="0.000" setupms="0.002" scanms="0.000" postms="0.000" />
</gc-op>
<gc-op id="639" type="sweep" timems="0.307" contextid="617" timestamp="2019-06-16T01:38:49.561" />
<mem-info id="640" free="6488792" total="12582912" percent="51">
  <mem type="nursery" free="4084728" total="6029312" percent="67">
    <mem type="allocate" free="4084728" total="4849664" percent="84" />
    <mem type="survivor" free="0" total="1179648" percent="0" />
  </mem>
  <mem type="tenure" free="2404064" total="6553600" percent="36" micro-fragmented="123431" macro-fragmented="0">
    <mem type="soa" free="2076384" total="6225920" percent="33" />
    <mem type="loa" free="327680" total="327680" percent="100" />
  </mem>
  <pending-finalizers system="0" default="0" reference="32" classloader="0" />
  <remembered-set count="281" />
</mem-info>
<gc-op id="641" type="compact" timems="20.713" contextid="617" timestamp="2019-06-16T01:38:49.581">
  <compact-info movecount="89295" movebytes="4490768" reason="compact to aid heap contraction" />
</gc-op>
<heap-resize id="642" type="expand" space="tenure" amount="2080047104" count="1" timems="0.024" reason="satisfy allocation request" timestamp="2019-06-16T01:38:49.582" />
<gc-end id="643" type="global" contextid="617" durationms="23.624" usertimems="24.000" systemtimems="0.000" timestamp="2019-06-16T01:38:49.582" activeThreads="4">
  <mem-info id="644" free="2086711920" total="2092630016" percent="99">
    <mem type="nursery" free="4104632" total="6029312" percent="68">
      <mem type="allocate" free="4104632" total="4849664" percent="84" />
      <mem type="survivor" free="0" total="1179648" percent="0" />
    </mem>
    <mem type="tenure" free="2082607288" total="2086600704" percent="99">
      <mem type="soa" free="1978278072" total="1982271488" percent="99" />
      <mem type="loa" free="104329216" total="104329216" percent="100" />
    </mem>
    <pending-finalizers system="0" default="0" reference="32" classloader="0" />
    <remembered-set count="281" />
  </mem-info>
</gc-end>
<cycle-end id="645" type="global" contextid="617" timestamp="2019-06-16T01:38:49.582" />
  <attribute name="elasticGC enabled" value="1" />
  <attribute name= "numThreadsSpecified" value="4" />
  <attribute name="heapSize specified" value="12582912" />
  <attribute name="Current GC Util" value="0" />
  <attribute name= "Current Time Running" value="13358" />
  <attribute name ="GC Interval" value="200" />
  <attribute name="ProportionalT" value="-30.000000" />
  <attribute name="ProportionalI" value="-30.000000" />
  <attribute name="ProportionalH" value="-30.000000" />
  <attribute name="Current Error" value="-20.000000" />
  <attribute name="IntegralT" value="-420.000000" />
  <attribute name="IntegralI" value="-420.000000" />
  <attribute name="IntegralH" value="-420.000000" />
  <attribute name="DerivativeT" value="-0.952381" />
  <attribute name="DerivativeI" value="-0.952381" />
  <attribute name="DerivativeH" value="-0.952381" />
  <attribute name="Loop Time for DT" value="21.000000" />
  <attribute name="Output H" value="2092630016"/>
  <attribute name="Output I" value="200"/>
  <attribute name="Output T" value="4"/>
  <attribute name="Target GC Util Change" value ="20.000000" />
  <attribute name="Current GC Util Change" value="0.000000"/>
  <attribute name="GC Util currently" value="0" />
  <attribute name="CPU Util currently" value="221571535161" />
<concurrent-collection-end id="646" timestamp="2019-06-16T01:38:49.582" />
<exclusive-end id="647" timestamp="2019-06-16T01:38:49.582" durationms="24.331" />

<exclusive-start id="648" timestamp="2019-06-16T01:38:49.611" intervalms="53.376">
  <response-info timems="0.035" idlems="0.035" threads="0" lastid="0000000001039000" lastname="PmdThread 4" />
</exclusive-start>
<af-start id="649" threadId="0000000001039988" totalBytesRequested="24" timestamp="2019-06-16T01:38:49.611" intervalms="61.504" type="nursery" />
<cycle-start id="650" type="scavenge" contextid="0" timestamp="2019-06-16T01:38:49.611" intervalms="61.472" />
<gc-start id="651" type="scavenge" contextid="650" timestamp="2019-06-16T01:38:49.611">
  <mem-info id="652" free="2082607288" total="2092630016" percent="99">
    <mem type="nursery" free="0" total="6029312" percent="0">
      <mem type="allocate" free="0" total="4849664" percent="0" />
      <mem type="survivor" free="0" total="1179648" percent="0" />
    </mem>
    <mem type="tenure" free="2082607288" total="2086600704" percent="99">
      <mem type="soa" free="1978278072" total="1982271488" percent="99" />
      <mem type="loa" free="104329216" total="104329216" percent="100" />
    </mem>
    <remembered-set count="355" />
  </mem-info>
</gc-start>
<allocation-stats totalBytes="4097048" >
  <allocated-bytes non-tlh="0" tlh="4097048" />
  <largest-consumer threadName="PmdThread 4" threadId="0000000001039000" bytes="1519408" />
</allocation-stats>
<gc-op id="653" type="scavenge" timems="2.589" contextid="650" timestamp="2019-06-16T01:38:49.614">
  <scavenger-info tenureage="6" tenuremask="7fc0" tiltratio="80" />
  <memory-copied type="nursery" objects="9158" bytes="809968" bytesdiscarded="120312" />
  <ownableSynchronizers candidates="16" cleared="16" />
  <references type="soft" candidates="11" cleared="0" enqueued="0" dynamicThreshold="31" maxThreshold="32" />
  <references type="weak" candidates="103" cleared="103" enqueued="103" />
  <references type="phantom" candidates="26" cleared="17" enqueued="17" />
</gc-op>
<gc-end id="654" type="scavenge" contextid="650" durationms="2.954" usertimems="8.000" systemtimems="0.000" timestamp="2019-06-16T01:38:49.614" activeThreads="4">
  <mem-info id="655" free="2086591632" total="2092630016" percent="99">
    <mem type="nursery" free="3984344" total="6029312" percent="66">
      <mem type="allocate" free="3984344" total="4915200" percent="81" />
      <mem type="survivor" free="0" total="1114112" percent="0" />
    </mem>
    <mem type="tenure" free="2082607288" total="2086600704" percent="99">
      <mem type="soa" free="1978278072" total="1982271488" percent="99" />
      <mem type="loa" free="104329216" total="104329216" percent="100" />
    </mem>
    <pending-finalizers system="0" default="0" reference="120" classloader="0" />
    <remembered-set count="312" />
  </mem-info>
</gc-end>
<cycle-end id="656" type="scavenge" contextid="650" timestamp="2019-06-16T01:38:49.614" />
  <attribute name="elasticGC enabled" value="1" />
  <attribute name= "numThreadsSpecified" value="4" />
  <attribute name="heapSize specified" value="12582912" />
  <attribute name="Current GC Util" value="76" />
  <attribute name= "Current Time Running" value="13387" />
  <attribute name ="GC Interval" value="1712" />
  <attribute name="ProportionalT" value="84.000000" />
  <attribute name="ProportionalI" value="84.000000" />
  <attribute name="ProportionalH" value="84.000000" />
  <attribute name="Current Error" value="56.000000" />
  <attribute name="IntegralT" value="1624.000000" />
  <attribute name="IntegralI" value="1624.000000" />
  <attribute name="IntegralH" value="1624.000000" />
  <attribute name="DerivativeT" value="1.931034" />
  <attribute name="DerivativeI" value="1.931034" />
  <attribute name="DerivativeH" value="1.931034" />
  <attribute name="Loop Time for DT" value="29.000000" />
  <attribute name="Output H" value="8388608"/>
  <attribute name="Output I" value="1712"/>
  <attribute name="Output T" value="4"/>
  <attribute name="Target GC Util Change" value ="20.000000" />
  <attribute name="Current GC Util Change" value="76.000000"/>
  <attribute name="GC Util currently" value="76" />
  <attribute name="CPU Util currently" value="154323675003" />
<allocation-satisfied id="657" threadId="0000000001039000" bytesRequested="24" />
<af-end id="658" timestamp="2019-06-16T01:38:49.615" threadId="0000000001039988" success="true" from="nursery"/>
<exclusive-end id="659" timestamp="2019-06-16T01:38:49.615" durationms="3.592" />

<exclusive-start id="660" timestamp="2019-06-16T01:38:49.651" intervalms="39.987">
  <response-info timems="0.040" idlems="0.040" threads="0" lastid="000000000102D800" lastname="PmdThread 2" />
</exclusive-start>
<af-start id="661" threadId="000000000102E188" totalBytesRequested="80" timestamp="2019-06-16T01:38:49.651" intervalms="39.965" type="nursery" />
<cycle-start id="662" type="scavenge" contextid="0" timestamp="2019-06-16T01:38:49.651" intervalms="39.940" />
<gc-start id="663" type="scavenge" contextid="662" timestamp="2019-06-16T01:38:49.651">
  <mem-info id="664" free="2082607288" total="2092630016" percent="99">
    <mem type="nursery" free="0" total="6029312" percent="0">
      <mem type="allocate" free="0" total="4915200" percent="0" />
      <mem type="survivor" free="0" total="1114112" percent="0" />
    </mem>
    <mem type="tenure" free="2082607288" total="2086600704" percent="99">
      <mem type="soa" free="1978278072" total="1982271488" percent="99" />
      <mem type="loa" free="104329216" total="104329216" percent="100" />
    </mem>
    <remembered-set count="358" />
  </mem-info>
</gc-start>
<allocation-stats totalBytes="3982680" >
  <allocated-bytes non-tlh="24" tlh="3982656" />
  <largest-consumer threadName="PmdThread 4" threadId="0000000001039000" bytes="1662312" />
</allocation-stats>
<gc-op id="665" type="scavenge" timems="1.670" contextid="662" timestamp="2019-06-16T01:38:49.653">
  <scavenger-info tenureage="6" tenuremask="7fc0" tiltratio="81" />
  <memory-copied type="nursery" objects="10225" bytes="853752" bytesdiscarded="28488" />
  <references type="soft" candidates="11" cleared="0" enqueued="0" dynamicThreshold="31" maxThreshold="32" />
  <references type="weak" candidates="112" cleared="112" enqueued="112" />
  <references type="phantom" candidates="26" cleared="16" enqueued="16" />
</gc-op>
<gc-end id="666" type="scavenge" contextid="662" durationms="1.911" usertimems="0.000" systemtimems="4.000" timestamp="2019-06-16T01:38:49.653" activeThreads="4">
  <mem-info id="667" free="2086639448" total="2092630016" percent="99">
    <mem type="nursery" free="4032160" total="6029312" percent="66">
      <mem type="allocate" free="4032160" total="4915200" percent="82" />
      <mem type="survivor" free="0" total="1114112" percent="0" />
    </mem>
    <mem type="tenure" free="2082607288" total="2086600704" percent="99">
      <mem type="soa" free="1978278072" total="1982271488" percent="99" />
      <mem type="loa" free="104329216" total="104329216" percent="100" />
    </mem>
    <pending-finalizers system="0" default="0" reference="128" classloader="0" />
    <remembered-set count="339" />
  </mem-info>
</gc-end>
<cycle-end id="668" type="scavenge" contextid="662" timestamp="2019-06-16T01:38:49.653" />
  <attribute name="elasticGC enabled" value="1" />
  <attribute name= "numThreadsSpecified" value="4" />
  <attribute name="heapSize specified" value="12582912" />
  <attribute name="Current GC Util" value="10" />
  <attribute name= "Current Time Running" value="13427" />
  <attribute name ="GC Interval" value="200" />
  <attribute name="ProportionalT" value="-15.000000" />
  <attribute name="ProportionalI" value="-15.000000" />
  <attribute name="ProportionalH" value="-15.000000" />
  <attribute name="Current Error" value="-10.000000" />
  <attribute name="IntegralT" value="-400.000000" />
  <attribute name="IntegralI" value="-400.000000" />
  <attribute name="IntegralH" value="-400.000000" />
  <attribute name="DerivativeT" value="-1.650000" />
  <attribute name="DerivativeI" value="-1.650000" />
  <attribute name="DerivativeH" value="-1.650000" />
  <attribute name="Loop Time for DT" value="40.000000" />
  <attribute name="Output H" value="2092630016"/>
  <attribute name="Output I" value="200"/>
  <attribute name="Output T" value="4"/>
  <attribute name="Target GC Util Change" value ="20.000000" />
  <attribute name="Current GC Util Change" value="10.000000"/>
  <attribute name="GC Util currently" value="10" />
  <attribute name="CPU Util currently" value="115462165580" />
<allocation-satisfied id="669" threadId="000000000102D800" bytesRequested="80" />
<af-end id="670" timestamp="2019-06-16T01:38:49.653" threadId="000000000102E188" success="true" from="nursery"/>
<exclusive-end id="671" timestamp="2019-06-16T01:38:49.653" durationms="2.294" />

<exclusive-start id="672" timestamp="2019-06-16T01:38:49.678" intervalms="26.878">
  <response-info timems="0.047" idlems="0.047" threads="0" lastid="0000000001039000" lastname="PmdThread 4" />
</exclusive-start>
<af-start id="673" threadId="0000000001039988" totalBytesRequested="24" timestamp="2019-06-16T01:38:49.678" intervalms="26.906" type="nursery" />
<cycle-start id="674" type="scavenge" contextid="0" timestamp="2019-06-16T01:38:49.678" intervalms="26.942" />
<gc-start id="675" type="scavenge" contextid="674" timestamp="2019-06-16T01:38:49.678">
  <mem-info id="676" free="2082607288" total="2092630016" percent="99">
    <mem type="nursery" free="0" total="6029312" percent="0">
      <mem type="allocate" free="0" total="4915200" percent="0" />
      <mem type="survivor" free="0" total="1114112" percent="0" />
    </mem>
    <mem type="tenure" free="2082607288" total="2086600704" percent="99">
      <mem type="soa" free="1978278072" total="1982271488" percent="99" />
      <mem type="loa" free="104329216" total="104329216" percent="100" />
    </mem>
    <remembered-set count="379" />
  </mem-info>
</gc-start>
<allocation-stats totalBytes="4029928" >
  <allocated-bytes non-tlh="80" tlh="4029848" />
  <largest-consumer threadName="PmdThread 4" threadId="0000000001039000" bytes="1242048" />
</allocation-stats>
<gc-op id="677" type="scavenge" timems="2.228" contextid="674" timestamp="2019-06-16T01:38:49.680">
  <scavenger-info tenureage="6" tenuremask="7fc0" tiltratio="81" />
  <memory-copied type="nursery" objects="11661" bytes="851328" bytesdiscarded="89272" />
  <references type="soft" candidates="11" cleared="0" enqueued="0" dynamicThreshold="31" maxThreshold="32" />
  <references type="weak" candidates="88" cleared="88" enqueued="88" />
  <references type="phantom" candidates="21" cleared="12" enqueued="12" />
</gc-op>
<gc-end id="678" type="scavenge" contextid="674" durationms="2.576" usertimems="4.000" systemtimems="0.000" timestamp="2019-06-16T01:38:49.681" activeThreads="4">
  <mem-info id="679" free="2086646112" total="2092630016" percent="99">
    <mem type="nursery" free="4038824" total="6029312" percent="66">
      <mem type="allocate" free="4038824" total="4980736" percent="81" />
      <mem type="survivor" free="0" total="1048576" percent="0" />
    </mem>
    <mem type="tenure" free="2082607288" total="2086600704" percent="99">
      <mem type="soa" free="1978278072" total="1982271488" percent="99" />
      <mem type="loa" free="104329216" total="104329216" percent="100" />
    </mem>
    <pending-finalizers system="0" default="0" reference="100" classloader="0" />
    <remembered-set count="331" />
  </mem-info>
</gc-end>
<cycle-end id="680" type="scavenge" contextid="674" timestamp="2019-06-16T01:38:49.681" />
  <attribute name="elasticGC enabled" value="1" />
  <attribute name= "numThreadsSpecified" value="4" />
  <attribute name="heapSize specified" value="12582912" />
  <attribute name="Current GC Util" value="11" />
  <attribute name= "Current Time Running" value="13454" />
  <attribute name ="GC Interval" value="200" />
  <attribute name="ProportionalT" value="-13.500000" />
  <attribute name="ProportionalI" value="-13.500000" />
  <attribute name="ProportionalH" value="-13.500000" />
  <attribute name="Current Error" value="-9.000000" />
  <attribute name="IntegralT" value="-243.000000" />
  <attribute name="IntegralI" value="-243.000000" />
  <attribute name="IntegralH" value="-243.000000" />
  <attribute name="DerivativeT" value="-0.333333" />
  <attribute name="DerivativeI" value="-0.333333" />
  <attribute name="DerivativeH" value="-0.333333" />
  <attribute name="Loop Time for DT" value="27.000000" />
  <attribute name="Output H" value="2092630016"/>
  <attribute name="Output I" value="200"/>
  <attribute name="Output T" value="4"/>
  <attribute name="Target GC Util Change" value ="20.000000" />
  <attribute name="Current GC Util Change" value="11.000000"/>
  <attribute name="GC Util currently" value="11" />
  <attribute name="CPU Util currently" value="171282955710" />
<allocation-satisfied id="681" threadId="0000000001039000" bytesRequested="24" />
<af-end id="682" timestamp="2019-06-16T01:38:49.681" threadId="0000000001039988" success="true" from="nursery"/>
<exclusive-end id="683" timestamp="2019-06-16T01:38:49.681" durationms="3.170" />

<exclusive-start id="684" timestamp="2019-06-16T01:38:49.702" intervalms="24.177">
  <response-info timems="0.048" idlems="0.048" threads="0" lastid="0000000001039000" lastname="PmdThread 4" />
</exclusive-start>
<af-start id="685" threadId="0000000001039988" totalBytesRequested="8200" timestamp="2019-06-16T01:38:49.702" intervalms="24.173" type="nursery" />
<cycle-start id="686" type="scavenge" contextid="0" timestamp="2019-06-16T01:38:49.702" intervalms="24.183" />
<gc-start id="687" type="scavenge" contextid="686" timestamp="2019-06-16T01:38:49.702">
  <mem-info id="688" free="2082606696" total="2092630016" percent="99">
    <mem type="nursery" free="0" total="6029312" percent="0">
      <mem type="allocate" free="0" total="4980736" percent="0" />
      <mem type="survivor" free="0" total="1048576" percent="0" />
    </mem>
    <mem type="tenure" free="2082606696" total="2086600704" percent="99">
      <mem type="soa" free="1978277480" total="1982271488" percent="99" />
      <mem type="loa" free="104329216" total="104329216" percent="100" />
    </mem>
    <remembered-set count="389" />
  </mem-info>
</gc-start>
<allocation-stats totalBytes="4021008" >
  <allocated-bytes non-tlh="616" tlh="4020392" />
  <largest-consumer threadName="PmdThread 4" threadId="0000000001039000" bytes="1415952" />
</allocation-stats>
<gc-op id="689" type="scavenge" timems="4.995" contextid="686" timestamp="2019-06-16T01:38:49.708">
  <scavenger-info tenureage="4" tenuremask="7fd0" tiltratio="82" />
  <memory-copied type="nursery" objects="9892" bytes="881832" bytesdiscarded="165248" />
  <memory-copied type="tenure" objects="2162" bytes="146696" bytesdiscarded="480" />
  <copy-failed type="nursery" objects="1" bytes="8200" />
  <references type="soft" candidates="11" cleared="0" enqueued="0" dynamicThreshold="31" maxThreshold="32" />
  <references type="weak" candidates="102" cleared="102" enqueued="102" />
  <references type="phantom" candidates="19" cleared="12" enqueued="12" />
</gc-op>
<gc-end id="690" type="scavenge" contextid="686" durationms="5.766" usertimems="4.000" systemtimems="4.000" timestamp="2019-06-16T01:38:49.708" activeThreads="4">
  <mem-info id="691" free="2086341200" total="2092630016" percent="99">
    <mem type="nursery" free="3932160" total="6029312" percent="65">
      <mem type="allocate" free="3932160" total="4980736" percent="78" />
      <mem type="survivor" free="0" total="1048576" percent="0" />
    </mem>
    <mem type="tenure" free="2082409040" total="2086600704" percent="99">
      <mem type="soa" free="1978079824" total="1982271488" percent="99" />
      <mem type="loa" free="104329216" total="104329216" percent="100" />
    </mem>
    <pending-finalizers system="0" default="0" reference="114" classloader="0" />
    <remembered-set count="298" />
  </mem-info>
</gc-end>
<cycle-end id="692" type="scavenge" contextid="686" timestamp="2019-06-16T01:38:49.708" />
  <attribute name="elasticGC enabled" value="1" />
  <attribute name= "numThreadsSpecified" value="4" />
  <attribute name="heapSize specified" value="12582912" />
  <attribute name="Current GC Util" value="13" />
  <attribute name= "Current Time Running" value="13479" />
  <attribute name ="GC Interval" value="200" />
  <attribute name="ProportionalT" value="-10.500000" />
  <attribute name="ProportionalI" value="-10.500000" />
  <attribute name="ProportionalH" value="-10.500000" />
  <attribute name="Current Error" value="-7.000000" />
  <attribute name="IntegralT" value="-175.000000" />
  <attribute name="IntegralI" value="-175.000000" />
  <attribute name="IntegralH" value="-175.000000" />
  <attribute name="DerivativeT" value="-0.280000" />
  <attribute name="DerivativeI" value="-0.280000" />
  <attribute name="DerivativeH" value="-0.280000" />
  <attribute name="Loop Time for DT" value="25.000000" />
  <attribute name="Output H" value="2092630016"/>
  <attribute name="Output I" value="200"/>
  <attribute name="Output T" value="4"/>
  <attribute name="Target GC Util Change" value ="20.000000" />
  <attribute name="Current GC Util Change" value="13.000000"/>
  <attribute name="GC Util currently" value="13" />
  <attribute name="CPU Util currently" value="187506600125" />
<allocation-satisfied id="693" threadId="0000000001039000" bytesRequested="8200" />
<af-end id="694" timestamp="2019-06-16T01:38:49.708" threadId="0000000001039988" success="true" from="nursery"/>
<exclusive-end id="695" timestamp="2019-06-16T01:38:49.708" durationms="6.425" />

<exclusive-start id="696" timestamp="2019-06-16T01:38:49.727" intervalms="24.687">
  <response-info timems="0.061" idlems="0.061" threads="0" lastid="0000000001039000" lastname="PmdThread 4" />
</exclusive-start>
<af-start id="697" threadId="0000000001039988" totalBytesRequested="16392" timestamp="2019-06-16T01:38:49.727" intervalms="24.674" type="nursery" />
<cycle-start id="698" type="scavenge" contextid="0" timestamp="2019-06-16T01:38:49.727" intervalms="24.651" />
<gc-start id="699" type="scavenge" contextid="698" timestamp="2019-06-16T01:38:49.727">
  <mem-info id="700" free="2082409040" total="2092630016" percent="99">
    <mem type="nursery" free="0" total="6029312" percent="0">
      <mem type="allocate" free="0" total="4980736" percent="0" />
      <mem type="survivor" free="0" total="1048576" percent="0" />
    </mem>
    <mem type="tenure" free="2082409040" total="2086600704" percent="99">
      <mem type="soa" free="1978079824" total="1982271488" percent="99" />
      <mem type="loa" free="104329216" total="104329216" percent="100" />
    </mem>
    <remembered-set count="352" />
  </mem-info>
</gc-start>
<allocation-stats totalBytes="3916896" >
  <allocated-bytes non-tlh="8200" tlh="3908696" />
  <largest-consumer threadName="PmdThread 4" threadId="0000000001039000" bytes="1120776" />
</allocation-stats>
<gc-op id="701" type="scavenge" timems="3.424" contextid="698" timestamp="2019-06-16T01:38:49.731">
  <scavenger-info tenureage="6" tenuremask="7fc0" tiltratio="82" />
  <memory-copied type="nursery" objects="9869" bytes="931472" bytesdiscarded="116032" />
  <memory-copied type="tenure" objects="237" bytes="11088" bytesdiscarded="0" />
  <references type="weak" candidates="85" cleared="85" enqueued="85" />
  <references type="phantom" candidates="24" cleared="15" enqueued="15" />
</gc-op>
<gc-end id="702" type="scavenge" contextid="698" durationms="3.780" usertimems="8.000" systemtimems="0.000" timestamp="2019-06-16T01:38:49.731" activeThreads="4">
  <mem-info id="703" free="2086341200" total="2092630016" percent="99">
    <mem type="nursery" free="3932160" total="6029312" percent="65">
      <mem type="allocate" free="3932160" total="4980736" percent="78" />
      <mem type="survivor" free="0" total="1048576" percent="0" />
    </mem>
    <mem type="tenure" free="2082409040" total="2086600704" percent="99">
      <mem type="soa" free="1978079824" total="1982271488" percent="99" />
      <mem type="loa" free="104329216" total="104329216" percent="100" />
    </mem>
    <pending-finalizers system="0" default="0" reference="100" classloader="0" />
    <remembered-set count="312" />
  </mem-info>
</gc-end>
<cycle-end id="704" type="scavenge" contextid="698" timestamp="2019-06-16T01:38:49.731" />
  <attribute name="elasticGC enabled" value="1" />
  <attribute name= "numThreadsSpecified" value="4" />
  <attribute name="heapSize specified" value="12582912" />
  <attribute name="Current GC Util" value="30" />
  <attribute name= "Current Time Running" value="13504" />
  <attribute name ="GC Interval" value="272" />
  <attribute name="ProportionalT" value="15.000000" />
  <attribute name="ProportionalI" value="15.000000" />
  <attribute name="ProportionalH" value="15.000000" />
  <attribute name="Current Error" value="10.000000" />
  <attribute name="IntegralT" value="250.000000" />
  <attribute name="IntegralI" value="250.000000" />
  <attribute name="IntegralH" value="250.000000" />
  <attribute name="DerivativeT" value="0.400000" />
  <attribute name="DerivativeI" value="0.400000" />
  <attribute name="DerivativeH" value="0.400000" />
  <attribute name="Loop Time for DT" value="25.000000" />
  <attribute name="Output H" value="8388608"/>
  <attribute name="Output I" value="272"/>
  <attribute name="Output T" value="4"/>
  <attribute name="Target GC Util Change" value ="20.000000" />
  <attribute name="Current GC Util Change" value="30.000000"/>
  <attribute name="GC Util currently" value="30" />
  <attribute name="CPU Util currently" value="187315429364" />
<allocation-satisfied id="705" threadId="0000000001039000" bytesRequested="16392" />
<af-end id="706" timestamp="2019-06-16T01:38:49.732" threadId="0000000001039988" success="true" from="nursery"/>
<exclusive-end id="707" timestamp="2019-06-16T01:38:49.732" durationms="4.836" />

<exclusive-start id="708" timestamp="2019-06-16T01:38:49.751" intervalms="24.363">
  <response-info timems="0.050" idlems="0.050" threads="0" lastid="0000000001029C00" lastname="PmdThread 1" />
</exclusive-start>
<af-start id="709" threadId="000000000102A588" totalBytesRequested="8200" timestamp="2019-06-16T01:38:49.752" intervalms="24.743" type="nursery" />
<cycle-start id="710" type="scavenge" contextid="0" timestamp="2019-06-16T01:38:49.752" intervalms="24.739" />
<gc-start id="711" type="scavenge" contextid="710" timestamp="2019-06-16T01:38:49.752">
  <mem-info id="712" free="2082408576" total="2092630016" percent="99">
    <mem type="nursery" free="0" total="6029312" percent="0">
      <mem type="allocate" free="0" total="4980736" percent="0" />
      <mem type="survivor" free="0" total="1048576" percent="0" />
    </mem>
    <mem type="tenure" free="2082408576" total="2086600704" percent="99">
      <mem type="soa" free="1978079360" total="1982271488" percent="99" />
      <mem type="loa" free="104329216" total="104329216" percent="100" />
    </mem>
    <remembered-set count="388" />
  </mem-info>
</gc-start>
<allocation-stats totalBytes="3920848" >
  <allocated-bytes non-tlh="16856" tlh="3903992" />
  <largest-consumer threadName="PmdThread 4" threadId="0000000001039000" bytes="1261016" />
</allocation-stats>
<gc-op id="713" type="scavenge" timems="0.898" contextid="710" timestamp="2019-06-16T01:38:49.753">
  <scavenger-info tenureage="3" tenuremask="7fc8" tiltratio="82" />
  <memory-copied type="nursery" objects="9100" bytes="749032" bytesdiscarded="72232" />
  <memory-copied type="tenure" objects="311" bytes="11512" bytesdiscarded="0" />
  <references type="weak" candidates="234" cleared="96" enqueued="93" />
  <references type="phantom" candidates="24" cleared="17" enqueued="17" />
</gc-op>
<gc-end id="714" type="scavenge" contextid="710" durationms="1.093" usertimems="4.000" systemtimems="0.000" timestamp="2019-06-16T01:38:49.753" activeThreads="4">
  <mem-info id="715" free="2086488296" total="2092630016" percent="99">
    <mem type="nursery" free="4158056" total="6029312" percent="68">
      <mem type="allocate" free="4158056" total="4980736" percent="83" />
      <mem type="survivor" free="0" total="1048576" percent="0" />
    </mem>
    <mem type="tenure" free="2082330240" total="2086600704" percent="99">
      <mem type="soa" free="1978001024" total="1982271488" percent="99" />
      <mem type="loa" free="104329216" total="104329216" percent="100" />
    </mem>
    <pending-finalizers system="0" default="0" reference="110" classloader="0" />
    <remembered-set count="329" />
  </mem-info>
</gc-end>
<cycle-end id="716" type="scavenge" contextid="710" timestamp="2019-06-16T01:38:49.753" />
  <attribute name="elasticGC enabled" value="1" />
  <attribute name= "numThreadsSpecified" value="4" />
  <attribute name="heapSize specified" value="12582912" />
  <attribute name="Current GC Util" value="22" />
  <attribute name= "Current Time Running" value="13528" />
  <attribute name ="GC Interval" value="200" />
  <attribute name="ProportionalT" value="3.000000" />
  <attribute name="ProportionalI" value="3.000000" />
  <attribute name="ProportionalH" value="3.000000" />
  <attribute name="Current Error" value="2.000000" />
  <attribute name="IntegralT" value="48.000000" />
  <attribute name="IntegralI" value="48.000000" />
  <attribute name="IntegralH" value="48.000000" />
  <attribute name="DerivativeT" value="-0.333333" />
  <attribute name="DerivativeI" value="-0.333333" />
  <attribute name="DerivativeH" value="-0.333333" />
  <attribute name="Loop Time for DT" value="24.000000" />
  <attribute name="Output H" value="8388608"/>
  <attribute name="Output I" value="200"/>
  <attribute name="Output T" value="4"/>
  <attribute name="Target GC Util Change" value ="20.000000" />
  <attribute name="Current GC Util Change" value="22.000000"/>
  <attribute name="GC Util currently" value="22" />
  <attribute name="CPU Util currently" value="188887661240" />
<allocation-satisfied id="717" threadId="0000000001029C00" bytesRequested="8200" />
<af-end id="718" timestamp="2019-06-16T01:38:49.753" threadId="000000000102A588" success="true" from="nursery"/>
<exclusive-end id="719" timestamp="2019-06-16T01:38:49.753" durationms="1.903" />

<exclusive-start id="720" timestamp="2019-06-16T01:38:49.771" intervalms="20.267">
  <response-info timems="0.046" idlems="0.046" threads="0" lastid="0000000001039000" lastname="PmdThread 4" />
</exclusive-start>
<af-start id="721" threadId="0000000001039988" totalBytesRequested="8200" timestamp="2019-06-16T01:38:49.771" intervalms="19.908" type="nursery" />
<cycle-start id="722" type="scavenge" contextid="0" timestamp="2019-06-16T01:38:49.772" intervalms="19.939" />
<gc-start id="723" type="scavenge" contextid="722" timestamp="2019-06-16T01:38:49.772">
  <mem-info id="724" free="2082329432" total="2092630016" percent="99">
    <mem type="nursery" free="0" total="6029312" percent="0">
      <mem type="allocate" free="0" total="4980736" percent="0" />
      <mem type="survivor" free="0" total="1048576" percent="0" />
    </mem>
    <mem type="tenure" free="2082329432" total="2086600704" percent="99">
      <mem type="soa" free="1978000216" total="1982271488" percent="99" />
      <mem type="loa" free="104329216" total="104329216" percent="100" />
    </mem>
    <remembered-set count="406" />
  </mem-info>
</gc-start>
<allocation-stats totalBytes="4152088" >
  <allocated-bytes non-tlh="9008" tlh="4143080" />
  <largest-consumer threadName="PmdThread 4" threadId="0000000001039000" bytes="1457648" />
</allocation-stats>
<gc-op id="725" type="scavenge" timems="3.106" contextid="722" timestamp="2019-06-16T01:38:49.775">
  <scavenger-info tenureage="6" tenuremask="7fc0" tiltratio="82" />
  <memory-copied type="nursery" objects="10860" bytes="996728" bytesdiscarded="50608" />
  <memory-copied type="tenure" objects="1624" bytes="85576" bytesdiscarded="0" />
  <copy-failed type="nursery" objects="1162" bytes="67376" />
  <finalization candidates="1" enqueued="0" />
  <references type="weak" candidates="461" cleared="275" enqueued="216" />
  <references type="phantom" candidates="19" cleared="16" enqueued="16" />
</gc-op>
<gc-end id="726" type="scavenge" contextid="722" durationms="3.848" usertimems="4.000" systemtimems="0.000" timestamp="2019-06-16T01:38:49.776" activeThreads="4">
  <mem-info id="727" free="2085677136" total="2092630016" percent="99">
    <mem type="nursery" free="3473408" total="6029312" percent="57">
      <mem type="allocate" free="3473408" total="4521984" percent="76" />
      <mem type="survivor" free="0" total="1507328" percent="0" />
    </mem>
    <mem type="tenure" free="2082203728" total="2086600704" percent="99">
      <mem type="soa" free="1977874512" total="1982271488" percent="99" />
      <mem type="loa" free="104329216" total="104329216" percent="100" />
    </mem>
    <pending-finalizers system="0" default="0" reference="232" classloader="0" />
    <remembered-set count="923" />
  </mem-info>
</gc-end>
<cycle-end id="728" type="scavenge" contextid="722" timestamp="2019-06-16T01:38:49.776" />
  <attribute name="elasticGC enabled" value="1" />
  <attribute name= "numThreadsSpecified" value="4" />
  <attribute name="heapSize specified" value="12582912" />
  <attribute name="Current GC Util" value="8" />
  <attribute name= "Current Time Running" value="13548" />
  <attribute name ="GC Interval" value="200" />
  <attribute name="ProportionalT" value="-18.000000" />
  <attribute name="ProportionalI" value="-18.000000" />
  <attribute name="ProportionalH" value="-18.000000" />
  <attribute name="Current Error" value="-12.000000" />
  <attribute name="IntegralT" value="-240.000000" />
  <attribute name="IntegralI" value="-240.000000" />
  <attribute name="IntegralH" value="-240.000000" />
  <attribute name="DerivativeT" value="-0.700000" />
  <attribute name="DerivativeI" value="-0.700000" />
  <attribute name="DerivativeH" value="-0.700000" />
  <attribute name="Loop Time for DT" value="20.000000" />
  <attribute name="Output H" value="2092630016"/>
  <attribute name="Output I" value="200"/>
  <attribute name="Output T" value="4"/>
  <attribute name="Target GC Util Change" value ="20.000000" />
  <attribute name="Current GC Util Change" value="8.000000"/>
  <attribute name="GC Util currently" value="8" />
  <attribute name="CPU Util currently" value="227153085268" />
<allocation-satisfied id="729" threadId="0000000001039000" bytesRequested="8200" />
<af-end id="730" timestamp="2019-06-16T01:38:49.776" threadId="0000000001039988" success="true" from="nursery"/>
<exclusive-end id="731" timestamp="2019-06-16T01:38:49.776" durationms="4.387" />

<exclusive-start id="732" timestamp="2019-06-16T01:38:49.788" intervalms="16.749">
  <response-info timems="0.077" idlems="0.048" threads="1" lastid="0000000001029C00" lastname="PmdThread 1" />
</exclusive-start>
<af-start id="733" threadId="0000000001039988" totalBytesRequested="8200" timestamp="2019-06-16T01:38:49.788" intervalms="16.745" type="nursery" />
<cycle-start id="734" type="scavenge" contextid="0" timestamp="2019-06-16T01:38:49.788" intervalms="16.730" />
<gc-start id="735" type="scavenge" contextid="734" timestamp="2019-06-16T01:38:49.788">
  <mem-info id="736" free="2082203728" total="2092630016" percent="99">
    <mem type="nursery" free="0" total="6029312" percent="0">
      <mem type="allocate" free="0" total="4521984" percent="0" />
      <mem type="survivor" free="0" total="1507328" percent="0" />
    </mem>
    <mem type="tenure" free="2082203728" total="2086600704" percent="99">
      <mem type="soa" free="1977874512" total="1982271488" percent="99" />
      <mem type="loa" free="104329216" total="104329216" percent="100" />
    </mem>
    <remembered-set count="941" />
  </mem-info>
</gc-start>
<allocation-stats totalBytes="3464208" >
  <allocated-bytes non-tlh="8200" tlh="3456008" />
  <largest-consumer threadName="PmdThread 4" threadId="0000000001039000" bytes="1171296" />
</allocation-stats>
<gc-op id="737" type="scavenge" timems="3.384" contextid="734" timestamp="2019-06-16T01:38:49.792">
  <scavenger-info tenureage="6" tenuremask="7fc0" tiltratio="75" />
  <memory-copied type="nursery" objects="21580" bytes="1472152" bytesdiscarded="33120" />
  <memory-copied type="tenure" objects="5431" bytes="198160" bytesdiscarded="64" />
  <copy-failed type="nursery" objects="4945" bytes="181344" />
  <finalization candidates="1" enqueued="0" />
  <references type="weak" candidates="179" cleared="12" enqueued="12" />
  <references type="phantom" candidates="6" cleared="2" enqueued="2" />
</gc-op>
<gc-end id="738" type="scavenge" contextid="734" durationms="3.778" usertimems="4.000" systemtimems="0.000" timestamp="2019-06-16T01:38:49.792" activeThreads="4">
  <mem-info id="739" free="2084099664" total="2092630016" percent="99">
    <mem type="nursery" free="2097152" total="6029312" percent="34">
      <mem type="allocate" free="2097152" total="3604480" percent="58" />
      <mem type="survivor" free="0" total="2424832" percent="0" />
    </mem>
    <mem type="tenure" free="2082002512" total="2086600704" percent="99">
      <mem type="soa" free="1977673296" total="1982271488" percent="99" />
      <mem type="loa" free="104329216" total="104329216" percent="100" />
    </mem>
    <pending-finalizers system="0" default="0" reference="14" classloader="0" />
    <remembered-set count="2687" />
  </mem-info>
</gc-end>
<cycle-end id="740" type="scavenge" contextid="734" timestamp="2019-06-16T01:38:49.792" />
  <attribute name="elasticGC enabled" value="1" />
  <attribute name= "numThreadsSpecified" value="4" />
  <attribute name="heapSize specified" value="12582912" />
  <attribute name="Current GC Util" value="28" />
  <attribute name= "Current Time Running" value="13565" />
  <attribute name ="GC Interval" value="200" />
  <attribute name="ProportionalT" value="12.000000" />
  <attribute name="ProportionalI" value="12.000000" />
  <attribute name="ProportionalH" value="12.000000" />
  <attribute name="Current Error" value="8.000000" />
  <attribute name="IntegralT" value="136.000000" />
  <attribute name="IntegralI" value="136.000000" />
  <attribute name="IntegralH" value="136.000000" />
  <attribute name="DerivativeT" value="0.470588" />
  <attribute name="DerivativeI" value="0.470588" />
  <attribute name="DerivativeH" value="0.470588" />
  <attribute name="Loop Time for DT" value="17.000000" />
  <attribute name="Output H" value="8388608"/>
  <attribute name="Output I" value="200"/>
  <attribute name="Output T" value="4"/>
  <attribute name="Target GC Util Change" value ="20.000000" />
  <attribute name="Current GC Util Change" value="28.000000"/>
  <attribute name="GC Util currently" value="28" />
  <attribute name="CPU Util currently" value="282174747139" />
<allocation-satisfied id="741" threadId="0000000001039000" bytesRequested="8200" />
<af-end id="742" timestamp="2019-06-16T01:38:49.792" threadId="0000000001039988" success="true" from="nursery"/>
<exclusive-end id="743" timestamp="2019-06-16T01:38:49.793" durationms="4.441" />

<exclusive-start id="744" timestamp="2019-06-16T01:38:49.801" intervalms="12.857">
  <response-info timems="0.040" idlems="0.040" threads="0" lastid="000000000102D800" lastname="PmdThread 2" />
</exclusive-start>
<af-start id="745" threadId="000000000102E188" totalBytesRequested="56" timestamp="2019-06-16T01:38:49.801" intervalms="12.847" type="nursery" />
<cycle-start id="746" type="scavenge" contextid="0" timestamp="2019-06-16T01:38:49.801" intervalms="12.824" />
<gc-start id="747" type="scavenge" contextid="746" timestamp="2019-06-16T01:38:49.801">
  <mem-info id="748" free="2082002248" total="2092630016" percent="99">
    <mem type="nursery" free="0" total="6029312" percent="0">
      <mem type="allocate" free="0" total="3604480" percent="0" />
      <mem type="survivor" free="0" total="2424832" percent="0" />
    </mem>
    <mem type="tenure" free="2082002248" total="2086600704" percent="99">
      <mem type="soa" free="1977673032" total="1982271488" percent="99" />
      <mem type="loa" free="104329216" total="104329216" percent="100" />
    </mem>
    <remembered-set count="2764" />
  </mem-info>
</gc-start>
<allocation-stats totalBytes="2097008" >
  <allocated-bytes non-tlh="8464" tlh="2088544" />
  <largest-consumer threadName="PmdThread 4" threadId="0000000001039000" bytes="1027952" />
</allocation-stats>
<gc-op id="749" type="scavenge" timems="2.549" contextid="746" timestamp="2019-06-16T01:38:49.804">
  <scavenger-info tenureage="5" tenuremask="7fe0" tiltratio="59" />
  <memory-copied type="nursery" objects="33421" bytes="1954584" bytesdiscarded="189096" />
  <memory-copied type="tenure" objects="402" bytes="16496" bytesdiscarded="0" />
  <finalization candidates="1" enqueued="0" />
  <references type="weak" candidates="171" cleared="4" enqueued="4" />
  <references type="phantom" candidates="4" cleared="1" enqueued="1" />
</gc-op>
<gc-end id="750" type="scavenge" contextid="746" durationms="2.764" usertimems="4.000" systemtimems="4.000" timestamp="2019-06-16T01:38:49.804" activeThreads="4">
  <mem-info id="751" free="2083324824" total="2092630016" percent="99">
    <mem type="nursery" free="1392464" total="6029312" percent="23">
      <mem type="allocate" free="1392464" total="3538944" percent="39" />
      <mem type="survivor" free="0" total="2490368" percent="0" />
    </mem>
    <mem type="tenure" free="2081932360" total="2086600704" percent="99">
      <mem type="soa" free="1977603144" total="1982271488" percent="99" />
      <mem type="loa" free="104329216" total="104329216" percent="100" />
    </mem>
    <pending-finalizers system="0" default="0" reference="5" classloader="0" />
    <remembered-set count="2729" />
  </mem-info>
</gc-end>
<cycle-end id="752" type="scavenge" contextid="746" timestamp="2019-06-16T01:38:49.804" />
  <attribute name="elasticGC enabled" value="1" />
  <attribute name= "numThreadsSpecified" value="4" />
  <attribute name="heapSize specified" value="12582912" />
  <attribute name="Current GC Util" value="41" />
  <attribute name= "Current Time Running" value="13577" />
  <attribute name ="GC Interval" value="288" />
  <attribute name="ProportionalT" value="31.500000" />
  <attribute name="ProportionalI" value="31.500000" />
  <attribute name="ProportionalH" value="31.500000" />
  <attribute name="Current Error" value="21.000000" />
  <attribute name="IntegralT" value="252.000000" />
  <attribute name="IntegralI" value="252.000000" />
  <attribute name="IntegralH" value="252.000000" />
  <attribute name="DerivativeT" value="1.083333" />
  <attribute name="DerivativeI" value="1.083333" />
  <attribute name="DerivativeH" value="1.083333" />
  <attribute name="Loop Time for DT" value="12.000000" />
  <attribute name="Output H" value="8388608"/>
  <attribute name="Output I" value="288"/>
  <attribute name="Output T" value="4"/>
  <attribute name="Target GC Util Change" value ="20.000000" />
  <attribute name="Current GC Util Change" value="41.000000"/>
  <attribute name="GC Util currently" value="41" />
  <attribute name="CPU Util currently" value="360151506233" />
<allocation-satisfied id="753" threadId="000000000102D800" bytesRequested="56" />
<af-end id="754" timestamp="2019-06-16T01:38:49.804" threadId="000000000102E188" success="true" from="nursery"/>
<exclusive-end id="755" timestamp="2019-06-16T01:38:49.804" durationms="3.192" />

<exclusive-start id="756" timestamp="2019-06-16T01:38:49.808" intervalms="6.820">
  <response-info timems="0.039" idlems="0.039" threads="0" lastid="0000000001039000" lastname="PmdThread 4" />
</exclusive-start>
<af-start id="757" threadId="0000000001039988" totalBytesRequested="16" timestamp="2019-06-16T01:38:49.808" intervalms="6.814" type="nursery" />
<cycle-start id="758" type="scavenge" contextid="0" timestamp="2019-06-16T01:38:49.808" intervalms="6.826" />
<gc-start id="759" type="scavenge" contextid="758" timestamp="2019-06-16T01:38:49.808">
  <mem-info id="760" free="2081932360" total="2092630016" percent="99">
    <mem type="nursery" free="0" total="6029312" percent="0">
      <mem type="allocate" free="0" total="3538944" percent="0" />
      <mem type="survivor" free="0" total="2490368" percent="0" />
    </mem>
    <mem type="tenure" free="2081932360" total="2086600704" percent="99">
      <mem type="soa" free="1977603144" total="1982271488" percent="99" />
      <mem type="loa" free="104329216" total="104329216" percent="100" />
    </mem>
    <remembered-set count="2733" />
  </mem-info>
</gc-start>
<allocation-stats totalBytes="1391952" >
  <allocated-bytes non-tlh="56" tlh="1391896" />
  <largest-consumer threadName="PmdThread 1" threadId="0000000001029C00" bytes="470768" />
</allocation-stats>
<gc-op id="761" type="scavenge" timems="5.420" contextid="758" timestamp="2019-06-16T01:38:49.814">
  <scavenger-info tenureage="3" tenuremask="7ff8" tiltratio="58" />
  <memory-copied type="nursery" objects="37157" bytes="1710856" bytesdiscarded="144088" />
  <memory-copied type="tenure" objects="6376" bytes="684952" bytesdiscarded="216" />
  <finalization candidates="1" enqueued="0" />
  <references type="phantom" candidates="3" cleared="0" enqueued="0" />
</gc-op>
<gc-end id="762" type="scavenge" contextid="758" durationms="5.796" usertimems="8.000" systemtimems="0.000" timestamp="2019-06-16T01:38:49.814" activeThreads="4">
  <mem-info id="763" free="2083030736" total="2092630016" percent="99">
    <mem type="nursery" free="1749472" total="6029312" percent="29">
      <mem type="allocate" free="1749472" total="3604480" percent="48" />
      <mem type="survivor" free="0" total="2424832" percent="0" />
    </mem>
    <mem type="tenure" free="2081281264" total="2086600704" percent="99">
      <mem type="soa" free="1976952048" total="1982271488" percent="99" />
      <mem type="loa" free="104329216" total="104329216" percent="100" />
    </mem>
    <remembered-set count="1361" />
  </mem-info>
</gc-end>
<cycle-end id="764" type="scavenge" contextid="758" timestamp="2019-06-16T01:38:49.814" />
  <attribute name="elasticGC enabled" value="1" />
  <attribute name= "numThreadsSpecified" value="4" />
  <attribute name="heapSize specified" value="12582912" />
  <attribute name="Current GC Util" value="74" />
  <attribute name= "Current Time Running" value="13584" />
  <attribute name ="GC Interval" value="464" />
  <attribute name="ProportionalT" value="81.000000" />
  <attribute name="ProportionalI" value="81.000000" />
  <attribute name="ProportionalH" value="81.000000" />
  <attribute name="Current Error" value="54.000000" />
  <attribute name="IntegralT" value="378.000000" />
  <attribute name="IntegralI" value="378.000000" />
  <attribute name="IntegralH" value="378.000000" />
  <attribute name="DerivativeT" value="4.714286" />
  <attribute name="DerivativeI" value="4.714286" />
  <attribute name="DerivativeH" value="4.714286" />
  <attribute name="Loop Time for DT" value="7.000000" />
  <attribute name="Output H" value="8388608"/>
  <attribute name="Output I" value="464"/>
  <attribute name="Output T" value="4"/>
  <attribute name="Target GC Util Change" value ="20.000000" />
  <attribute name="Current GC Util Change" value="74.000000"/>
  <attribute name="GC Util currently" value="74" />
  <attribute name="CPU Util currently" value="676004531527" />
<allocation-satisfied id="765" threadId="0000000001039000" bytesRequested="16" />
<af-end id="766" timestamp="2019-06-16T01:38:49.814" threadId="0000000001039988" success="true" from="nursery"/>
<exclusive-end id="767" timestamp="2019-06-16T01:38:49.814" durationms="6.404" />

<exclusive-start id="768" timestamp="2019-06-16T01:38:49.819" intervalms="11.024">
  <response-info timems="0.078" idlems="0.048" threads="1" lastid="0000000001029C00" lastname="PmdThread 1" />
</exclusive-start>
<af-start id="769" threadId="0000000001039988" totalBytesRequested="480" timestamp="2019-06-16T01:38:49.819" intervalms="11.033" type="nursery" />
<cycle-start id="770" type="scavenge" contextid="0" timestamp="2019-06-16T01:38:49.819" intervalms="11.035" />
<gc-start id="771" type="scavenge" contextid="770" timestamp="2019-06-16T01:38:49.819">
  <mem-info id="772" free="2081281264" total="2092630016" percent="99">
    <mem type="nursery" free="0" total="6029312" percent="0">
      <mem type="allocate" free="0" total="3604480" percent="0" />
      <mem type="survivor" free="0" total="2424832" percent="0" />
    </mem>
    <mem type="tenure" free="2081281264" total="2086600704" percent="99">
      <mem type="soa" free="1976952048" total="1982271488" percent="99" />
      <mem type="loa" free="104329216" total="104329216" percent="100" />
    </mem>
    <remembered-set count="1366" />
  </mem-info>
</gc-start>
<allocation-stats totalBytes="1748488" >
  <allocated-bytes non-tlh="16" tlh="1748472" />
  <largest-consumer threadName="PmdThread 3" threadId="0000000001035400" bytes="630608" />
</allocation-stats>
<gc-op id="773" type="scavenge" timems="4.834" contextid="770" timestamp="2019-06-16T01:38:49.824">
  <scavenger-info tenureage="3" tenuremask="7ff8" tiltratio="59" />
  <memory-copied type="nursery" objects="33010" bytes="1340352" bytesdiscarded="155992" />
  <memory-copied type="tenure" objects="14245" bytes="739752" bytesdiscarded="272" />
  <references type="weak" candidates="45" cleared="45" enqueued="45" />
  <references type="phantom" candidates="1" cleared="1" enqueued="1" />
</gc-op>
<gc-end id="774" type="scavenge" contextid="770" durationms="5.213" usertimems="8.000" systemtimems="0.000" timestamp="2019-06-16T01:38:49.824" activeThreads="4">
  <mem-info id="775" free="2082767712" total="2092630016" percent="99">
    <mem type="nursery" free="2239176" total="6029312" percent="37">
      <mem type="allocate" free="2239176" total="3735552" percent="59" />
      <mem type="survivor" free="0" total="2293760" percent="0" />
    </mem>
    <mem type="tenure" free="2080528536" total="2086600704" percent="99">
      <mem type="soa" free="1976199320" total="1982271488" percent="99" />
      <mem type="loa" free="104329216" total="104329216" percent="100" />
    </mem>
    <pending-finalizers system="0" default="0" reference="46" classloader="0" />
    <remembered-set count="295" />
  </mem-info>
</gc-end>
<cycle-end id="776" type="scavenge" contextid="770" timestamp="2019-06-16T01:38:49.824" />
  <attribute name="elasticGC enabled" value="1" />
  <attribute name= "numThreadsSpecified" value="4" />
  <attribute name="heapSize specified" value="12582912" />
  <attribute name="Current GC Util" value="76" />
  <attribute name= "Current Time Running" value="13595" />
  <attribute name ="GC Interval" value="704" />
  <attribute name="ProportionalT" value="84.000000" />
  <attribute name="ProportionalI" value="84.000000" />
  <attribute name="ProportionalH" value="84.000000" />
  <attribute name="Current Error" value="56.000000" />
  <attribute name="IntegralT" value="616.000000" />
  <attribute name="IntegralI" value="616.000000" />
  <attribute name="IntegralH" value="616.000000" />
  <attribute name="DerivativeT" value="0.181818" />
  <attribute name="DerivativeI" value="0.181818" />
  <attribute name="DerivativeH" value="0.181818" />
  <attribute name="Loop Time for DT" value="11.000000" />
  <attribute name="Output H" value="8388608"/>
  <attribute name="Output I" value="704"/>
  <attribute name="Output T" value="4"/>
  <attribute name="Target GC Util Change" value ="20.000000" />
  <attribute name="Current GC Util Change" value="76.000000"/>
  <attribute name="GC Util currently" value="76" />
  <attribute name="CPU Util currently" value="417749588970" />
<allocation-satisfied id="777" threadId="0000000001039000" bytesRequested="480" />
<af-end id="778" timestamp="2019-06-16T01:38:49.824" threadId="0000000001039988" success="true" from="nursery"/>
<exclusive-end id="779" timestamp="2019-06-16T01:38:49.825" durationms="5.664" />

<exclusive-start id="780" timestamp="2019-06-16T01:38:49.829" intervalms="10.415">
  <response-info timems="0.044" idlems="0.044" threads="0" lastid="000000000102D800" lastname="PmdThread 2" />
</exclusive-start>
<af-start id="781" threadId="000000000102E188" totalBytesRequested="16" timestamp="2019-06-16T01:38:49.829" intervalms="10.408" type="nursery" />
<cycle-start id="782" type="scavenge" contextid="0" timestamp="2019-06-16T01:38:49.829" intervalms="10.408" />
<gc-start id="783" type="scavenge" contextid="782" timestamp="2019-06-16T01:38:49.829">
  <mem-info id="784" free="2080528536" total="2092630016" percent="99">
    <mem type="nursery" free="0" total="6029312" percent="0">
      <mem type="allocate" free="0" total="3735552" percent="0" />
      <mem type="survivor" free="0" total="2293760" percent="0" />
    </mem>
    <mem type="tenure" free="2080528536" total="2086600704" percent="99">
      <mem type="soa" free="1976199320" total="1982271488" percent="99" />
      <mem type="loa" free="104329216" total="104329216" percent="100" />
    </mem>
    <remembered-set count="521" />
  </mem-info>
</gc-start>
<allocation-stats totalBytes="2236992" >
  <allocated-bytes non-tlh="480" tlh="2236512" />
  <largest-consumer threadName="PmdThread 4" threadId="0000000001039000" bytes="1555016" />
</allocation-stats>
<gc-op id="785" type="scavenge" timems="2.037" contextid="782" timestamp="2019-06-16T01:38:49.832">
  <scavenger-info tenureage="2" tenuremask="7ffc" tiltratio="61" />
  <memory-copied type="nursery" objects="14491" bytes="523216" bytesdiscarded="88376" />
  <memory-copied type="tenure" objects="22297" bytes="945336" bytesdiscarded="296" />
  <references type="weak" candidates="176" cleared="176" enqueued="176" />
</gc-op>
<gc-end id="786" type="scavenge" contextid="782" durationms="2.229" usertimems="4.000" systemtimems="0.000" timestamp="2019-06-16T01:38:49.832" activeThreads="4">
  <mem-info id="787" free="2082791056" total="2092630016" percent="99">
    <mem type="nursery" free="3254528" total="6029312" percent="53">
      <mem type="allocate" free="3254528" total="3866624" percent="84" />
      <mem type="survivor" free="0" total="2162688" percent="0" />
    </mem>
    <mem type="tenure" free="2079536528" total="2086600704" percent="99">
      <mem type="soa" free="1975207312" total="1982271488" percent="99" />
      <mem type="loa" free="104329216" total="104329216" percent="100" />
    </mem>
    <pending-finalizers system="0" default="0" reference="176" classloader="0" />
    <remembered-set count="881" />
  </mem-info>
</gc-end>
<cycle-end id="788" type="scavenge" contextid="782" timestamp="2019-06-16T01:38:49.832" />
  <attribute name="elasticGC enabled" value="1" />
  <attribute name= "numThreadsSpecified" value="4" />
  <attribute name="heapSize specified" value="12582912" />
  <attribute name="Current GC Util" value="71" />
  <attribute name= "Current Time Running" value="13606" />
  <attribute name ="GC Interval" value="640" />
  <attribute name="ProportionalT" value="76.500000" />
  <attribute name="ProportionalI" value="76.500000" />
  <attribute name="ProportionalH" value="76.500000" />
  <attribute name="Current Error" value="51.000000" />
  <attribute name="IntegralT" value="561.000000" />
  <attribute name="IntegralI" value="561.000000" />
  <attribute name="IntegralH" value="561.000000" />
  <attribute name="DerivativeT" value="-0.454545" />
  <attribute name="DerivativeI" value="-0.454545" />
  <attribute name="DerivativeH" value="-0.454545" />
  <attribute name="Loop Time for DT" value="11.000000" />
  <attribute name="Output H" value="8388608"/>
  <attribute name="Output I" value="640"/>
  <attribute name="Output T" value="4"/>
  <attribute name="Target GC Util Change" value ="20.000000" />
  <attribute name="Current GC Util Change" value="71.000000"/>
  <attribute name="GC Util currently" value="71" />
  <attribute name="CPU Util currently" value="443738337611" />
<allocation-satisfied id="789" threadId="000000000102D800" bytesRequested="16" />
<af-end id="790" timestamp="2019-06-16T01:38:49.832" threadId="000000000102E188" success="true" from="nursery"/>
<exclusive-end id="791" timestamp="2019-06-16T01:38:49.832" durationms="2.663" />

<exclusive-start id="792" timestamp="2019-06-16T01:38:49.839" intervalms="9.257">
  <response-info timems="0.095" idlems="0.052" threads="2" lastid="0000000001035400" lastname="PmdThread 3" />
</exclusive-start>
<af-start id="793" threadId="000000000102A588" totalBytesRequested="16" timestamp="2019-06-16T01:38:49.839" intervalms="9.252" type="nursery" />
<cycle-start id="794" type="scavenge" contextid="0" timestamp="2019-06-16T01:38:49.839" intervalms="9.240" />
<gc-start id="795" type="scavenge" contextid="794" timestamp="2019-06-16T01:38:49.839">
  <mem-info id="796" free="2079536360" total="2092630016" percent="99">
    <mem type="nursery" free="0" total="6029312" percent="0">
      <mem type="allocate" free="0" total="3866624" percent="0" />
      <mem type="survivor" free="0" total="2162688" percent="0" />
    </mem>
    <mem type="tenure" free="2079536360" total="2086600704" percent="99">
      <mem type="soa" free="1975207144" total="1982271488" percent="99" />
      <mem type="loa" free="104329216" total="104329216" percent="100" />
    </mem>
    <remembered-set count="1494" />
  </mem-info>
</gc-start>
<allocation-stats totalBytes="3253136" >
  <allocated-bytes non-tlh="184" tlh="3252952" />
  <largest-consumer threadName="PmdThread 1" threadId="0000000001029C00" bytes="1210304" />
</allocation-stats>
<gc-op id="797" type="scavenge" timems="1.996" contextid="794" timestamp="2019-06-16T01:38:49.841">
  <scavenger-info tenureage="2" tenuremask="7ffc" tiltratio="64" />
  <memory-copied type="nursery" objects="20771" bytes="833288" bytesdiscarded="69376" />
  <memory-copied type="tenure" objects="9782" bytes="360512" bytesdiscarded="216" />
  <references type="weak" candidates="17" cleared="17" enqueued="17" />
  <references type="phantom" candidates="2" cleared="1" enqueued="1" />
</gc-op>
<gc-end id="798" type="scavenge" contextid="794" durationms="2.174" usertimems="4.000" systemtimems="0.000" timestamp="2019-06-16T01:38:49.841" activeThreads="4">
  <mem-info id="799" free="2082344392" total="2092630016" percent="99">
    <mem type="nursery" free="3160544" total="6029312" percent="52">
      <mem type="allocate" free="3160544" total="4063232" percent="77" />
      <mem type="survivor" free="0" total="1966080" percent="0" />
    </mem>
    <mem type="tenure" free="2079183848" total="2086600704" percent="99">
      <mem type="soa" free="1974854632" total="1982271488" percent="99" />
      <mem type="loa" free="104329216" total="104329216" percent="100" />
    </mem>
    <pending-finalizers system="0" default="0" reference="18" classloader="0" />
    <remembered-set count="944" />
  </mem-info>
</gc-end>
<cycle-end id="800" type="scavenge" contextid="794" timestamp="2019-06-16T01:38:49.841" />
  <attribute name="elasticGC enabled" value="1" />
  <attribute name= "numThreadsSpecified" value="4" />
  <attribute name="heapSize specified" value="12582912" />
  <attribute name="Current GC Util" value="44" />
  <attribute name= "Current Time Running" value="13615" />
  <attribute name ="GC Interval" value="256" />
  <attribute name="ProportionalT" value="36.000000" />
  <attribute name="ProportionalI" value="36.000000" />
  <attribute name="ProportionalH" value="36.000000" />
  <attribute name="Current Error" value="24.000000" />
  <attribute name="IntegralT" value="216.000000" />
  <attribute name="IntegralI" value="216.000000" />
  <attribute name="IntegralH" value="216.000000" />
  <attribute name="DerivativeT" value="-3.000000" />
  <attribute name="DerivativeI" value="-3.000000" />
  <attribute name="DerivativeH" value="-3.000000" />
  <attribute name="Loop Time for DT" value="9.000000" />
  <attribute name="Output H" value="8388608"/>
  <attribute name="Output I" value="256"/>
  <attribute name="Output T" value="4"/>
  <attribute name="Target GC Util Change" value ="20.000000" />
  <attribute name="Current GC Util Change" value="44.000000"/>
  <attribute name="GC Util currently" value="44" />
  <attribute name="CPU Util currently" value="500163227210" />
<allocation-satisfied id="801" threadId="0000000001029C00" bytesRequested="16" />
<af-end id="802" timestamp="2019-06-16T01:38:49.841" threadId="000000000102A588" success="true" from="nursery"/>
<exclusive-end id="803" timestamp="2019-06-16T01:38:49.841" durationms="2.550" />

<exclusive-start id="804" timestamp="2019-06-16T01:38:49.853" intervalms="14.821">
  <response-info timems="5.266" idlems="1.886" threads="2" lastid="0000000000D24B00" lastname="JIT Compilation Thread-2" />
</exclusive-start>
<af-start id="805" threadId="0000000000D1A088" totalBytesRequested="32" timestamp="2019-06-16T01:38:49.853" intervalms="14.870" type="nursery" />
<cycle-start id="806" type="scavenge" contextid="0" timestamp="2019-06-16T01:38:49.854" intervalms="14.918" />
<gc-start id="807" type="scavenge" contextid="806" timestamp="2019-06-16T01:38:49.854">
  <mem-info id="808" free="2079183728" total="2092630016" percent="99">
    <mem type="nursery" free="0" total="6029312" percent="0">
      <mem type="allocate" free="0" total="4063232" percent="0" />
      <mem type="survivor" free="0" total="1966080" percent="0" />
    </mem>
    <mem type="tenure" free="2079183728" total="2086600704" percent="99">
      <mem type="soa" free="1974854512" total="1982271488" percent="99" />
      <mem type="loa" free="104329216" total="104329216" percent="100" />
    </mem>
    <pending-finalizers system="0" default="0" reference="17" classloader="0" />
    <remembered-set count="1050" />
  </mem-info>
</gc-start>
<allocation-stats totalBytes="3159824" >
  <allocated-bytes non-tlh="136" tlh="3159688" />
  <largest-consumer threadName="PmdThread 2" threadId="000000000102D800" bytes="1228736" />
</allocation-stats>
<gc-op id="809" type="scavenge" timems="1.871" contextid="806" timestamp="2019-06-16T01:38:49.856">
  <scavenger-info tenureage="2" tenuremask="7ffc" tiltratio="67" />
  <memory-copied type="nursery" objects="30451" bytes="1239752" bytesdiscarded="70624" />
  <memory-copied type="tenure" objects="3969" bytes="142384" bytesdiscarded="56" />
  <finalization candidates="1" enqueued="0" />
  <references type="weak" candidates="11" cleared="5" enqueued="5" />
  <references type="phantom" candidates="1" cleared="1" enqueued="1" />
</gc-op>
<gc-end id="810" type="scavenge" contextid="806" durationms="2.163" usertimems="4.000" systemtimems="0.000" timestamp="2019-06-16T01:38:49.856" activeThreads="4">
  <mem-info id="811" free="2081845408" total="2092630016" percent="99">
    <mem type="nursery" free="2818352" total="6029312" percent="46">
      <mem type="allocate" free="2818352" total="4128768" percent="68" />
      <mem type="survivor" free="0" total="1900544" percent="0" />
    </mem>
    <mem type="tenure" free="2079027056" total="2086600704" percent="99">
      <mem type="soa" free="1974697840" total="1982271488" percent="99" />
      <mem type="loa" free="104329216" total="104329216" percent="100" />
    </mem>
    <pending-finalizers system="0" default="0" reference="23" classloader="0" />
    <remembered-set count="447" />
  </mem-info>
</gc-end>
<cycle-end id="812" type="scavenge" contextid="806" timestamp="2019-06-16T01:38:49.856" />
  <attribute name="elasticGC enabled" value="1" />
  <attribute name= "numThreadsSpecified" value="4" />
  <attribute name="heapSize specified" value="12582912" />
  <attribute name="Current GC Util" value="19" />
  <attribute name= "Current Time Running" value="13630" />
  <attribute name ="GC Interval" value="200" />
  <attribute name="ProportionalT" value="-1.500000" />
  <attribute name="ProportionalI" value="-1.500000" />
  <attribute name="ProportionalH" value="-1.500000" />
  <attribute name="Current Error" value="-1.000000" />
  <attribute name="IntegralT" value="-15.000000" />
  <attribute name="IntegralI" value="-15.000000" />
  <attribute name="IntegralH" value="-15.000000" />
  <attribute name="DerivativeT" value="-1.666667" />
  <attribute name="DerivativeI" value="-1.666667" />
  <attribute name="DerivativeH" value="-1.666667" />
  <attribute name="Loop Time for DT" value="15.000000" />
  <attribute name="Output H" value="2092630016"/>
  <attribute name="Output I" value="200"/>
  <attribute name="Output T" value="4"/>
  <attribute name="Target GC Util Change" value ="20.000000" />
  <attribute name="Current GC Util Change" value="19.000000"/>
  <attribute name="GC Util currently" value="19" />
  <attribute name="CPU Util currently" value="306518352765" />
<allocation-satisfied id="813" threadId="0000000000D19700" bytesRequested="32" />
<af-end id="814" timestamp="2019-06-16T01:38:49.856" threadId="0000000000D1A088" success="true" from="nursery"/>
<exclusive-end id="815" timestamp="2019-06-16T01:38:49.856" durationms="2.845" />

<exclusive-start id="816" timestamp="2019-06-16T01:38:49.864" intervalms="10.661">
  <response-info timems="0.134" idlems="0.134" threads="0" lastid="0000000001029C00" lastname="PmdThread 1" />
</exclusive-start>
<af-start id="817" threadId="000000000102A588" totalBytesRequested="56" timestamp="2019-06-16T01:38:49.864" intervalms="10.641" type="nursery" />
<cycle-start id="818" type="scavenge" contextid="0" timestamp="2019-06-16T01:38:49.864" intervalms="10.606" />
<gc-start id="819" type="scavenge" contextid="818" timestamp="2019-06-16T01:38:49.864">
  <mem-info id="820" free="2079027056" total="2092630016" percent="99">
    <mem type="nursery" free="0" total="6029312" percent="0">
      <mem type="allocate" free="0" total="4128768" percent="0" />
      <mem type="survivor" free="0" total="1900544" percent="0" />
    </mem>
    <mem type="tenure" free="2079027056" total="2086600704" percent="99">
      <mem type="soa" free="1974697840" total="1982271488" percent="99" />
      <mem type="loa" free="104329216" total="104329216" percent="100" />
    </mem>
    <remembered-set count="479" />
  </mem-info>
</gc-start>
<allocation-stats totalBytes="2814408" >
  <allocated-bytes non-tlh="32" tlh="2814376" />
  <largest-consumer threadName="PmdThread 4" threadId="0000000001039000" bytes="2241200" />
</allocation-stats>
<gc-op id="821" type="scavenge" timems="1.987" contextid="818" timestamp="2019-06-16T01:38:49.866">
  <scavenger-info tenureage="1" tenuremask="7ffe" tiltratio="68" />
  <memory-copied type="nursery" objects="4588" bytes="167376" bytesdiscarded="89904" />
  <memory-copied type="tenure" objects="29472" bytes="1143024" bytesdiscarded="504" />
  <finalization candidates="1" enqueued="0" />
  <references type="weak" candidates="214" cleared="214" enqueued="214" />
</gc-op>
<gc-end id="822" type="scavenge" contextid="818" durationms="2.197" usertimems="4.000" systemtimems="0.000" timestamp="2019-06-16T01:38:49.866" activeThreads="4">
  <mem-info id="823" free="2081835088" total="2092630016" percent="99">
    <mem type="nursery" free="3937024" total="6029312" percent="65">
      <mem type="allocate" free="3937024" total="4194304" percent="93" />
      <mem type="survivor" free="0" total="1835008" percent="0" />
    </mem>
    <mem type="tenure" free="2077898064" total="2086600704" percent="99">
      <mem type="soa" free="1973568848" total="1982271488" percent="99" />
      <mem type="loa" free="104329216" total="104329216" percent="100" />
    </mem>
    <pending-finalizers system="0" default="0" reference="214" classloader="0" />
    <remembered-set count="175" />
  </mem-info>
</gc-end>
<cycle-end id="824" type="scavenge" contextid="818" timestamp="2019-06-16T01:38:49.867" />
  <attribute name="elasticGC enabled" value="1" />
  <attribute name= "numThreadsSpecified" value="4" />
  <attribute name="heapSize specified" value="12582912" />
  <attribute name="Current GC Util" value="30" />
  <attribute name= "Current Time Running" value="13640" />
  <attribute name ="GC Interval" value="200" />
  <attribute name="ProportionalT" value="15.000000" />
  <attribute name="ProportionalI" value="15.000000" />
  <attribute name="ProportionalH" value="15.000000" />
  <attribute name="Current Error" value="10.000000" />
  <attribute name="IntegralT" value="100.000000" />
  <attribute name="IntegralI" value="100.000000" />
  <attribute name="IntegralH" value="100.000000" />
  <attribute name="DerivativeT" value="1.000000" />
  <attribute name="DerivativeI" value="1.000000" />
  <attribute name="DerivativeH" value="1.000000" />
  <attribute name="Loop Time for DT" value="10.000000" />
  <attribute name="Output H" value="8388608"/>
  <attribute name="Output I" value="200"/>
  <attribute name="Output T" value="4"/>
  <attribute name="Target GC Util Change" value ="20.000000" />
  <attribute name="Current GC Util Change" value="30.000000"/>
  <attribute name="GC Util currently" value="30" />
  <attribute name="CPU Util currently" value="439116897273" />
<allocation-satisfied id="825" threadId="0000000001029C00" bytesRequested="56" />
<af-end id="826" timestamp="2019-06-16T01:38:49.867" threadId="000000000102A588" success="true" from="nursery"/>
<exclusive-end id="827" timestamp="2019-06-16T01:38:49.867" durationms="2.670" />

<exclusive-start id="828" timestamp="2019-06-16T01:38:49.874" intervalms="10.239">
  <response-info timems="0.043" idlems="0.024" threads="1" lastid="0000000001035400" lastname="PmdThread 3" />
</exclusive-start>
<af-start id="829" threadId="000000000102A588" totalBytesRequested="40" timestamp="2019-06-16T01:38:49.875" intervalms="10.576" type="nursery" />
<cycle-start id="830" type="scavenge" contextid="0" timestamp="2019-06-16T01:38:49.875" intervalms="10.549" />
<gc-start id="831" type="scavenge" contextid="830" timestamp="2019-06-16T01:38:49.875">
  <mem-info id="832" free="2077898064" total="2092630016" percent="99">
    <mem type="nursery" free="0" total="6029312" percent="0">
      <mem type="allocate" free="0" total="4194304" percent="0" />
      <mem type="survivor" free="0" total="1835008" percent="0" />
    </mem>
    <mem type="tenure" free="2077898064" total="2086600704" percent="99">
      <mem type="soa" free="1973568848" total="1982271488" percent="99" />
      <mem type="loa" free="104329216" total="104329216" percent="100" />
    </mem>
    <remembered-set count="254" />
  </mem-info>
</gc-start>
<allocation-stats totalBytes="3936304" >
  <allocated-bytes non-tlh="16448" tlh="3919856" />
  <largest-consumer threadName="PmdThread 4" threadId="0000000001039000" bytes="1802072" />
</allocation-stats>
<gc-op id="833" type="scavenge" timems="1.609" contextid="830" timestamp="2019-06-16T01:38:49.876">
  <scavenger-info tenureage="2" tenuremask="7ffc" tiltratio="69" />
  <memory-copied type="nursery" objects="17479" bytes="723768" bytesdiscarded="139288" />
  <references type="weak" candidates="28" cleared="28" enqueued="28" />
  <references type="phantom" candidates="2" cleared="2" enqueued="2" />
</gc-op>
<gc-end id="834" type="scavenge" contextid="830" durationms="1.798" usertimems="4.000" systemtimems="0.000" timestamp="2019-06-16T01:38:49.877" activeThreads="4">
  <mem-info id="835" free="2081294392" total="2092630016" percent="99">
    <mem type="nursery" free="3396328" total="6029312" percent="56">
      <mem type="allocate" free="3396328" total="4259840" percent="79" />
      <mem type="survivor" free="0" total="1769472" percent="0" />
    </mem>
    <mem type="tenure" free="2077898064" total="2086600704" percent="99">
      <mem type="soa" free="1973568848" total="1982271488" percent="99" />
      <mem type="loa" free="104329216" total="104329216" percent="100" />
    </mem>
    <pending-finalizers system="0" default="0" reference="30" classloader="0" />
    <remembered-set count="207" />
  </mem-info>
</gc-end>
<cycle-end id="836" type="scavenge" contextid="830" timestamp="2019-06-16T01:38:49.877" />
  <attribute name="elasticGC enabled" value="1" />
  <attribute name= "numThreadsSpecified" value="4" />
  <attribute name="heapSize specified" value="12582912" />
  <attribute name="Current GC Util" value="32" />
  <attribute name= "Current Time Running" value="13651" />
  <attribute name ="GC Interval" value="200" />
  <attribute name="ProportionalT" value="18.000000" />
  <attribute name="ProportionalI" value="18.000000" />
  <attribute name="ProportionalH" value="18.000000" />
  <attribute name="Current Error" value="12.000000" />
  <attribute name="IntegralT" value="132.000000" />
  <attribute name="IntegralI" value="132.000000" />
  <attribute name="IntegralH" value="132.000000" />
  <attribute name="DerivativeT" value="0.181818" />
  <attribute name="DerivativeI" value="0.181818" />
  <attribute name="DerivativeH" value="0.181818" />
  <attribute name="Loop Time for DT" value="11.000000" />
  <attribute name="Output H" value="8388608"/>
  <attribute name="Output I" value="200"/>
  <attribute name="Output T" value="4"/>
  <attribute name="Target GC Util Change" value ="20.000000" />
  <attribute name="Current GC Util Change" value="32.000000"/>
  <attribute name="GC Util currently" value="32" />
  <attribute name="CPU Util currently" value="436682544687" />
<allocation-satisfied id="837" threadId="0000000001029C00" bytesRequested="40" />
<af-end id="838" timestamp="2019-06-16T01:38:49.877" threadId="000000000102A588" success="true" from="nursery"/>
<exclusive-end id="839" timestamp="2019-06-16T01:38:49.877" durationms="2.719" />

<exclusive-start id="840" timestamp="2019-06-16T01:38:49.884" intervalms="10.157">
  <response-info timems="0.054" idlems="0.029" threads="1" lastid="0000000001035400" lastname="PmdThread 3" />
</exclusive-start>
<af-start id="841" threadId="000000000102A588" totalBytesRequested="64" timestamp="2019-06-16T01:38:49.884" intervalms="9.810" type="nursery" />
<cycle-start id="842" type="scavenge" contextid="0" timestamp="2019-06-16T01:38:49.885" intervalms="9.837" />
<gc-start id="843" type="scavenge" contextid="842" timestamp="2019-06-16T01:38:49.885">
  <mem-info id="844" free="2077898064" total="2092630016" percent="99">
    <mem type="nursery" free="0" total="6029312" percent="0">
      <mem type="allocate" free="0" total="4259840" percent="0" />
      <mem type="survivor" free="0" total="1769472" percent="0" />
    </mem>
    <mem type="tenure" free="2077898064" total="2086600704" percent="99">
      <mem type="soa" free="1973568848" total="1982271488" percent="99" />
      <mem type="loa" free="104329216" total="104329216" percent="100" />
    </mem>
    <remembered-set count="251" />
  </mem-info>
</gc-start>
<allocation-stats totalBytes="3390880" >
  <allocated-bytes non-tlh="40" tlh="3390840" />
  <largest-consumer threadName="PmdThread 3" threadId="0000000001035400" bytes="1060608" />
</allocation-stats>
<gc-op id="845" type="scavenge" timems="3.280" contextid="842" timestamp="2019-06-16T01:38:49.888">
  <scavenger-info tenureage="2" tenuremask="7ffc" tiltratio="70" />
  <memory-copied type="nursery" objects="34360" bytes="1581944" bytesdiscarded="88808" />
  <memory-copied type="tenure" objects="4016" bytes="150592" bytesdiscarded="88" />
  <references type="weak" candidates="11" cleared="10" enqueued="10" />
  <references type="phantom" candidates="3" cleared="2" enqueued="2" />
</gc-op>
<gc-end id="846" type="scavenge" contextid="842" durationms="3.538" usertimems="4.000" systemtimems="0.000" timestamp="2019-06-16T01:38:49.888" activeThreads="1">
  <mem-info id="847" free="2079617864" total="2092630016" percent="99">
    <mem type="nursery" free="1868024" total="6029312" percent="30">
      <mem type="allocate" free="1868024" total="3538944" percent="52" />
      <mem type="survivor" free="0" total="2490368" percent="0" />
    </mem>
    <mem type="tenure" free="2077749840" total="2086600704" percent="99">
      <mem type="soa" free="1973420624" total="1982271488" percent="99" />
      <mem type="loa" free="104329216" total="104329216" percent="100" />
    </mem>
    <pending-finalizers system="0" default="0" reference="12" classloader="0" />
    <remembered-set count="193" />
  </mem-info>
</gc-end>
<cycle-end id="848" type="scavenge" contextid="842" timestamp="2019-06-16T01:38:49.888" />
  <attribute name="elasticGC enabled" value="1" />
  <attribute name= "numThreadsSpecified" value="1" />
  <attribute name="heapSize specified" value="12582912" />
  <attribute name="Current GC Util" value="20" />
  <attribute name= "Current Time Running" value="13661" />
  <attribute name ="GC Interval" value="200" />
  <attribute name="ProportionalT" value="0.000000" />
  <attribute name="ProportionalI" value="0.000000" />
  <attribute name="ProportionalH" value="0.000000" />
  <attribute name="Current Error" value="0.000000" />
  <attribute name="IntegralT" value="0.000000" />
  <attribute name="IntegralI" value="0.000000" />
  <attribute name="IntegralH" value="0.000000" />
  <attribute name="DerivativeT" value="-1.200000" />
  <attribute name="DerivativeI" value="-1.200000" />
  <attribute name="DerivativeH" value="-1.200000" />
  <attribute name="Loop Time for DT" value="10.000000" />
  <attribute name="Output H" value="8388608"/>
  <attribute name="Output I" value="200"/>
  <attribute name="Output T" value="1"/>
  <attribute name="Target GC Util Change" value ="20.000000" />
  <attribute name="Current GC Util Change" value="20.000000"/>
  <attribute name="GC Util currently" value="20" />
  <attribute name="CPU Util currently" value="464685714579" />
<allocation-satisfied id="849" threadId="0000000001029C00" bytesRequested="64" />
<af-end id="850" timestamp="2019-06-16T01:38:49.888" threadId="000000000102A588" success="true" from="nursery"/>
<exclusive-end id="851" timestamp="2019-06-16T01:38:49.889" durationms="4.160" />

<exclusive-start id="852" timestamp="2019-06-16T01:38:49.895" intervalms="10.746">
  <response-info timems="3.211" idlems="3.211" threads="0" lastid="0000000001039000" lastname="PmdThread 4" />
</exclusive-start>
<af-start id="853" threadId="0000000001039988" totalBytesRequested="40" timestamp="2019-06-16T01:38:49.895" intervalms="10.785" type="nursery" />
<cycle-start id="854" type="scavenge" contextid="0" timestamp="2019-06-16T01:38:49.895" intervalms="10.786" />
<gc-start id="855" type="scavenge" contextid="854" timestamp="2019-06-16T01:38:49.895">
  <mem-info id="856" free="2077749840" total="2092630016" percent="99">
    <mem type="nursery" free="0" total="6029312" percent="0">
      <mem type="allocate" free="0" total="3538944" percent="0" />
      <mem type="survivor" free="0" total="2490368" percent="0" />
    </mem>
    <mem type="tenure" free="2077749840" total="2086600704" percent="99">
      <mem type="soa" free="1973420624" total="1982271488" percent="99" />
      <mem type="loa" free="104329216" total="104329216" percent="100" />
    </mem>
    <remembered-set count="224" />
  </mem-info>
</gc-start>
<allocation-stats totalBytes="1867496" >
  <allocated-bytes non-tlh="64" tlh="1867432" />
  <largest-consumer threadName="PmdThread 3" threadId="0000000001035400" bytes="716600" />
</allocation-stats>
<gc-op id="857" type="scavenge" timems="2.937" contextid="854" timestamp="2019-06-16T01:38:49.898">
  <scavenger-info tenureage="1" tenuremask="7ffe" tiltratio="58" />
  <memory-copied type="nursery" objects="5767" bytes="219576" bytesdiscarded="132928" />
  <memory-copied type="tenure" objects="32128" bytes="1325488" bytesdiscarded="552" />
  <references type="weak" candidates="65" cleared="65" enqueued="65" />
  <references type="phantom" candidates="1" cleared="1" enqueued="1" />
</gc-op>
<gc-end id="858" type="scavenge" contextid="854" durationms="3.172" usertimems="4.000" systemtimems="0.000" timestamp="2019-06-16T01:38:49.899" activeThreads="4">
  <mem-info id="859" free="2079782680" total="2092630016" percent="99">
    <mem type="nursery" free="3317504" total="6029312" percent="55">
      <mem type="allocate" free="3317504" total="3670016" percent="90" />
      <mem type="survivor" free="0" total="2359296" percent="0" />
    </mem>
    <mem type="tenure" free="2076465176" total="2086600704" percent="99">
      <mem type="soa" free="1972135960" total="1982271488" percent="99" />
      <mem type="loa" free="104329216" total="104329216" percent="100" />
    </mem>
    <pending-finalizers system="0" default="0" reference="66" classloader="0" />
    <remembered-set count="179" />
  </mem-info>
</gc-end>
<cycle-end id="860" type="scavenge" contextid="854" timestamp="2019-06-16T01:38:49.899" />
  <attribute name="elasticGC enabled" value="1" />
  <attribute name= "numThreadsSpecified" value="4" />
  <attribute name="heapSize specified" value="12582912" />
  <attribute name="Current GC Util" value="32" />
  <attribute name= "Current Time Running" value="13672" />
  <attribute name ="GC Interval" value="200" />
  <attribute name="ProportionalT" value="18.000000" />
  <attribute name="ProportionalI" value="18.000000" />
  <attribute name="ProportionalH" value="18.000000" />
  <attribute name="Current Error" value="12.000000" />
  <attribute name="IntegralT" value="132.000000" />
  <attribute name="IntegralI" value="132.000000" />
  <attribute name="IntegralH" value="132.000000" />
  <attribute name="DerivativeT" value="1.090909" />
  <attribute name="DerivativeI" value="1.090909" />
  <attribute name="DerivativeH" value="1.090909" />
  <attribute name="Loop Time for DT" value="11.000000" />
  <attribute name="Output H" value="8388608"/>
  <attribute name="Output I" value="200"/>
  <attribute name="Output T" value="4"/>
  <attribute name="Target GC Util Change" value ="20.000000" />
  <attribute name="Current GC Util Change" value="32.000000"/>
  <attribute name="GC Util currently" value="32" />
  <attribute name="CPU Util currently" value="431202566997" />
<allocation-satisfied id="861" threadId="0000000001039000" bytesRequested="40" />
<af-end id="862" timestamp="2019-06-16T01:38:49.899" threadId="0000000001039988" success="true" from="nursery"/>
<exclusive-end id="863" timestamp="2019-06-16T01:38:49.899" durationms="3.740" />

<exclusive-start id="864" timestamp="2019-06-16T01:38:49.905" intervalms="9.854">
  <response-info timems="0.040" idlems="0.040" threads="0" lastid="000000000102D800" lastname="PmdThread 2" />
</exclusive-start>
<af-start id="865" threadId="000000000102E188" totalBytesRequested="16" timestamp="2019-06-16T01:38:49.905" intervalms="10.153" type="nursery" />
<cycle-start id="866" type="scavenge" contextid="0" timestamp="2019-06-16T01:38:49.905" intervalms="10.135" />
<gc-start id="867" type="scavenge" contextid="866" timestamp="2019-06-16T01:38:49.906">
  <mem-info id="868" free="2076465176" total="2092630016" percent="99">
    <mem type="nursery" free="0" total="6029312" percent="0">
      <mem type="allocate" free="0" total="3670016" percent="0" />
      <mem type="survivor" free="0" total="2359296" percent="0" />
    </mem>
    <mem type="tenure" free="2076465176" total="2086600704" percent="99">
      <mem type="soa" free="1972135960" total="1982271488" percent="99" />
      <mem type="loa" free="104329216" total="104329216" percent="100" />
    </mem>
    <remembered-set count="244" />
  </mem-info>
</gc-start>
<allocation-stats totalBytes="3316136" >
  <allocated-bytes non-tlh="40" tlh="3316096" />
  <largest-consumer threadName="PmdThread 3" threadId="0000000001035400" bytes="1367560" />
</allocation-stats>
<gc-op id="869" type="scavenge" timems="1.916" contextid="866" timestamp="2019-06-16T01:38:49.908">
  <scavenger-info tenureage="2" tenuremask="7ffc" tiltratio="60" />
  <memory-copied type="nursery" objects="35776" bytes="1355168" bytesdiscarded="78904" />
  <references type="weak" candidates="48" cleared="48" enqueued="48" />
  <references type="phantom" candidates="3" cleared="2" enqueued="2" />
</gc-op>
<gc-end id="870" type="scavenge" contextid="866" durationms="2.123" usertimems="4.000" systemtimems="0.000" timestamp="2019-06-16T01:38:49.908" activeThreads="4">
  <mem-info id="871" free="2078438352" total="2092630016" percent="99">
    <mem type="nursery" free="1973176" total="6029312" percent="32">
      <mem type="allocate" free="1973176" total="3407872" percent="57" />
      <mem type="survivor" free="0" total="2621440" percent="0" />
    </mem>
    <mem type="tenure" free="2076465176" total="2086600704" percent="99">
      <mem type="soa" free="1972135960" total="1982271488" percent="99" />
      <mem type="loa" free="104329216" total="104329216" percent="100" />
    </mem>
    <pending-finalizers system="0" default="0" reference="50" classloader="0" />
    <remembered-set count="219" />
  </mem-info>
</gc-end>
<cycle-end id="872" type="scavenge" contextid="866" timestamp="2019-06-16T01:38:49.908" />
  <attribute name="elasticGC enabled" value="1" />
  <attribute name= "numThreadsSpecified" value="4" />
  <attribute name="heapSize specified" value="12582912" />
  <attribute name="Current GC Util" value="48" />
  <attribute name= "Current Time Running" value="13682" />
  <attribute name ="GC Interval" value="328" />
  <attribute name="ProportionalT" value="42.000000" />
  <attribute name="ProportionalI" value="42.000000" />
  <attribute name="ProportionalH" value="42.000000" />
  <attribute name="Current Error" value="28.000000" />
  <attribute name="IntegralT" value="280.000000" />
  <attribute name="IntegralI" value="280.000000" />
  <attribute name="IntegralH" value="280.000000" />
  <attribute name="DerivativeT" value="1.600000" />
  <attribute name="DerivativeI" value="1.600000" />
  <attribute name="DerivativeH" value="1.600000" />
  <attribute name="Loop Time for DT" value="10.000000" />
  <attribute name="Output H" value="8388608"/>
  <attribute name="Output I" value="328"/>
  <attribute name="Output T" value="4"/>
  <attribute name="Target GC Util Change" value ="20.000000" />
  <attribute name="Current GC Util Change" value="48.000000"/>
  <attribute name="GC Util currently" value="48" />
  <attribute name="CPU Util currently" value="455997092693" />
<allocation-satisfied id="873" threadId="000000000102D800" bytesRequested="16" />
<af-end id="874" timestamp="2019-06-16T01:38:49.908" threadId="000000000102E188" success="true" from="nursery"/>
<exclusive-end id="875" timestamp="2019-06-16T01:38:49.908" durationms="2.880" />

<exclusive-start id="876" timestamp="2019-06-16T01:38:49.910" intervalms="5.172">
  <response-info timems="0.046" idlems="0.046" threads="0" lastid="0000000001029C00" lastname="PmdThread 1" />
</exclusive-start>
<af-start id="877" threadId="000000000102A588" totalBytesRequested="56" timestamp="2019-06-16T01:38:49.910" intervalms="4.814" type="nursery" />
<cycle-start id="878" type="scavenge" contextid="0" timestamp="2019-06-16T01:38:49.910" intervalms="4.819" />
<gc-start id="879" type="scavenge" contextid="878" timestamp="2019-06-16T01:38:49.910">
  <mem-info id="880" free="2076465176" total="2092630016" percent="99">
    <mem type="nursery" free="0" total="6029312" percent="0">
      <mem type="allocate" free="0" total="3407872" percent="0" />
      <mem type="survivor" free="0" total="2621440" percent="0" />
    </mem>
    <mem type="tenure" free="2076465176" total="2086600704" percent="99">
      <mem type="soa" free="1972135960" total="1982271488" percent="99" />
      <mem type="loa" free="104329216" total="104329216" percent="100" />
    </mem>
    <remembered-set count="253" />
  </mem-info>
</gc-start>
<allocation-stats totalBytes="1972560" >
  <allocated-bytes non-tlh="16" tlh="1972544" />
  <largest-consumer threadName="PmdThread 1" threadId="0000000001029C00" bytes="731736" />
</allocation-stats>
<gc-op id="881" type="scavenge" timems="3.487" contextid="878" timestamp="2019-06-16T01:38:49.914">
  <scavenger-info tenureage="1" tenuremask="7ffe" tiltratio="56" />
  <memory-copied type="nursery" objects="23266" bytes="814728" bytesdiscarded="107392" />
  <memory-copied type="tenure" objects="35157" bytes="1327528" bytesdiscarded="504" />
  <references type="weak" candidates="1" cleared="0" enqueued="0" />
  <references type="phantom" candidates="2" cleared="0" enqueued="0" />
</gc-op>
<gc-end id="882" type="scavenge" contextid="878" durationms="3.693" usertimems="4.000" systemtimems="0.000" timestamp="2019-06-16T01:38:49.914" activeThreads="4">
  <mem-info id="883" free="2077802152" total="2092630016" percent="99">
    <mem type="nursery" free="2682344" total="6029312" percent="44">
      <mem type="allocate" free="2682344" total="3604480" percent="74" />
      <mem type="survivor" free="0" total="2424832" percent="0" />
    </mem>
    <mem type="tenure" free="2075119808" total="2086600704" percent="99">
      <mem type="soa" free="1970790592" total="1982271488" percent="99" />
      <mem type="loa" free="104329216" total="104329216" percent="100" />
    </mem>
    <remembered-set count="218" />
  </mem-info>
</gc-end>
<cycle-end id="884" type="scavenge" contextid="878" timestamp="2019-06-16T01:38:49.914" />
  <attribute name="elasticGC enabled" value="1" />
  <attribute name= "numThreadsSpecified" value="4" />
  <attribute name="heapSize specified" value="12582912" />
  <attribute name="Current GC Util" value="68" />
  <attribute name= "Current Time Running" value="13686" />
  <attribute name ="GC Interval" value="272" />
  <attribute name="ProportionalT" value="72.000000" />
  <attribute name="ProportionalI" value="72.000000" />
  <attribute name="ProportionalH" value="72.000000" />
  <attribute name="Current Error" value="48.000000" />
  <attribute name="IntegralT" value="192.000000" />
  <attribute name="IntegralI" value="192.000000" />
  <attribute name="IntegralH" value="192.000000" />
  <attribute name="DerivativeT" value="5.000000" />
  <attribute name="DerivativeI" value="5.000000" />
  <attribute name="DerivativeH" value="5.000000" />
  <attribute name="Loop Time for DT" value="4.000000" />
  <attribute name="Output H" value="8388608"/>
  <attribute name="Output I" value="272"/>
  <attribute name="Output T" value="4"/>
  <attribute name="Target GC Util Change" value ="20.000000" />
  <attribute name="Current GC Util Change" value="68.000000"/>
  <attribute name="GC Util currently" value="68" />
  <attribute name="CPU Util currently" value="960181608403" />
<allocation-satisfied id="885" threadId="0000000001029C00" bytesRequested="56" />
<af-end id="886" timestamp="2019-06-16T01:38:49.914" threadId="000000000102A588" success="true" from="nursery"/>
<exclusive-end id="887" timestamp="2019-06-16T01:38:49.914" durationms="4.092" />

<exclusive-start id="888" timestamp="2019-06-16T01:38:49.920" intervalms="9.724">
  <response-info timems="0.042" idlems="0.042" threads="0" lastid="0000000001039000" lastname="PmdThread 4" />
</exclusive-start>
<af-start id="889" threadId="0000000001039988" totalBytesRequested="664" timestamp="2019-06-16T01:38:49.920" intervalms="9.749" type="nursery" />
<cycle-start id="890" type="scavenge" contextid="0" timestamp="2019-06-16T01:38:49.920" intervalms="10.194" />
<gc-start id="891" type="scavenge" contextid="890" timestamp="2019-06-16T01:38:49.921">
  <mem-info id="892" free="2075119808" total="2092630016" percent="99">
    <mem type="nursery" free="0" total="6029312" percent="0">
      <mem type="allocate" free="0" total="3604480" percent="0" />
      <mem type="survivor" free="0" total="2424832" percent="0" />
    </mem>
    <mem type="tenure" free="2075119808" total="2086600704" percent="99">
      <mem type="soa" free="1970790592" total="1982271488" percent="99" />
      <mem type="loa" free="104329216" total="104329216" percent="100" />
    </mem>
    <remembered-set count="247" />
  </mem-info>
</gc-start>
<allocation-stats totalBytes="2680648" >
  <allocated-bytes non-tlh="56" tlh="2680592" />
  <largest-consumer threadName="PmdThread 3" threadId="0000000001035400" bytes="1379560" />
</allocation-stats>
<gc-op id="893" type="scavenge" timems="4.230" contextid="890" timestamp="2019-06-16T01:38:49.925">
  <scavenger-info tenureage="1" tenuremask="7ffe" tiltratio="59" />
  <memory-copied type="nursery" objects="13962" bytes="581976" bytesdiscarded="130936" />
  <memory-copied type="tenure" objects="22464" bytes="783008" bytesdiscarded="944" />
  <references type="weak" candidates="40" cleared="40" enqueued="40" />
  <references type="phantom" candidates="2" cleared="2" enqueued="2" />
</gc-op>
<gc-end id="894" type="scavenge" contextid="890" durationms="4.426" usertimems="8.000" systemtimems="0.000" timestamp="2019-06-16T01:38:49.925" activeThreads="4">
  <mem-info id="895" free="2077572528" total="2092630016" percent="99">
    <mem type="nursery" free="3219184" total="6029312" percent="53">
      <mem type="allocate" free="3219184" total="3932160" percent="81" />
      <mem type="survivor" free="0" total="2097152" percent="0" />
    </mem>
    <mem type="tenure" free="2074353344" total="2086600704" percent="99">
      <mem type="soa" free="1970024128" total="1982271488" percent="99" />
      <mem type="loa" free="104329216" total="104329216" percent="100" />
    </mem>
    <pending-finalizers system="0" default="0" reference="42" classloader="0" />
    <remembered-set count="502" />
  </mem-info>
</gc-end>
<cycle-end id="896" type="scavenge" contextid="890" timestamp="2019-06-16T01:38:49.925" />
  <attribute name="elasticGC enabled" value="1" />
  <attribute name= "numThreadsSpecified" value="4" />
  <attribute name="heapSize specified" value="12582912" />
  <attribute name="Current GC Util" value="46" />
  <attribute name= "Current Time Running" value="13697" />
  <attribute name ="GC Interval" value="328" />
  <attribute name="ProportionalT" value="39.000000" />
  <attribute name="ProportionalI" value="39.000000" />
  <attribute name="ProportionalH" value="39.000000" />
  <attribute name="Current Error" value="26.000000" />
  <attribute name="IntegralT" value="286.000000" />
  <attribute name="IntegralI" value="286.000000" />
  <attribute name="IntegralH" value="286.000000" />
  <attribute name="DerivativeT" value="-2.000000" />
  <attribute name="DerivativeI" value="-2.000000" />
  <attribute name="DerivativeH" value="-2.000000" />
  <attribute name="Loop Time for DT" value="11.000000" />
  <attribute name="Output H" value="8388608"/>
  <attribute name="Output I" value="328"/>
  <attribute name="Output T" value="4"/>
  <attribute name="Target GC Util Change" value ="20.000000" />
  <attribute name="Current GC Util Change" value="46.000000"/>
  <attribute name="GC Util currently" value="46" />
  <attribute name="CPU Util currently" value="450606035323" />
<allocation-satisfied id="897" threadId="0000000001039000" bytesRequested="664" />
<af-end id="898" timestamp="2019-06-16T01:38:49.925" threadId="0000000001039988" success="true" from="nursery"/>
<exclusive-end id="899" timestamp="2019-06-16T01:38:49.925" durationms="5.427" />

<exclusive-start id="900" timestamp="2019-06-16T01:38:49.931" intervalms="11.026">
  <response-info timems="0.064" idlems="0.034" threads="1" lastid="0000000001035400" lastname="PmdThread 3" />
</exclusive-start>
<af-start id="901" threadId="000000000102A588" totalBytesRequested="56" timestamp="2019-06-16T01:38:49.931" intervalms="11.021" type="nursery" />
<cycle-start id="902" type="scavenge" contextid="0" timestamp="2019-06-16T01:38:49.931" intervalms="10.565" />
<gc-start id="903" type="scavenge" contextid="902" timestamp="2019-06-16T01:38:49.931">
  <mem-info id="904" free="2074353344" total="2092630016" percent="99">
    <mem type="nursery" free="0" total="6029312" percent="0">
      <mem type="allocate" free="0" total="3932160" percent="0" />
      <mem type="survivor" free="0" total="2097152" percent="0" />
    </mem>
    <mem type="tenure" free="2074353344" total="2086600704" percent="99">
      <mem type="soa" free="1970024128" total="1982271488" percent="99" />
      <mem type="loa" free="104329216" total="104329216" percent="100" />
    </mem>
    <remembered-set count="580" />
  </mem-info>
</gc-start>
<allocation-stats totalBytes="3217792" >
  <allocated-bytes non-tlh="17056" tlh="3200736" />
  <largest-consumer threadName="PmdThread 3" threadId="0000000001035400" bytes="1117952" />
</allocation-stats>
<gc-op id="905" type="scavenge" timems="2.636" contextid="902" timestamp="2019-06-16T01:38:49.934">
  <scavenger-info tenureage="1" tenuremask="7ffe" tiltratio="65" />
  <memory-copied type="nursery" objects="19507" bytes="722936" bytesdiscarded="76160" />
  <memory-copied type="tenure" objects="13425" bytes="495328" bytesdiscarded="192" />
  <references type="weak" candidates="16" cleared="16" enqueued="16" />
  <references type="phantom" candidates="2" cleared="2" enqueued="2" />
</gc-op>
<gc-end id="906" type="scavenge" contextid="902" durationms="3.167" usertimems="4.000" systemtimems="0.000" timestamp="2019-06-16T01:38:49.934" activeThreads="4">
  <mem-info id="907" free="2077142704" total="2092630016" percent="99">
    <mem type="nursery" free="3329264" total="6029312" percent="55">
      <mem type="allocate" free="3329264" total="4128768" percent="80" />
      <mem type="survivor" free="0" total="1900544" percent="0" />
    </mem>
    <mem type="tenure" free="2073813440" total="2086600704" percent="99">
      <mem type="soa" free="1969484224" total="1982271488" percent="99" />
      <mem type="loa" free="104329216" total="104329216" percent="100" />
    </mem>
    <pending-finalizers system="0" default="0" reference="18" classloader="0" />
    <remembered-set count="235" />
  </mem-info>
</gc-end>
<cycle-end id="908" type="scavenge" contextid="902" timestamp="2019-06-16T01:38:49.934" />
  <attribute name="elasticGC enabled" value="1" />
  <attribute name= "numThreadsSpecified" value="4" />
  <attribute name="heapSize specified" value="12582912" />
  <attribute name="Current GC Util" value="53" />
  <attribute name= "Current Time Running" value="13708" />
  <attribute name ="GC Interval" value="416" />
  <attribute name="ProportionalT" value="49.500000" />
  <attribute name="ProportionalI" value="49.500000" />
  <attribute name="ProportionalH" value="49.500000" />
  <attribute name="Current Error" value="33.000000" />
  <attribute name="IntegralT" value="363.000000" />
  <attribute name="IntegralI" value="363.000000" />
  <attribute name="IntegralH" value="363.000000" />
  <attribute name="DerivativeT" value="0.636364" />
  <attribute name="DerivativeI" value="0.636364" />
  <attribute name="DerivativeH" value="0.636364" />
  <attribute name="Loop Time for DT" value="11.000000" />
  <attribute name="Output H" value="8388608"/>
  <attribute name="Output I" value="416"/>
  <attribute name="Output T" value="4"/>
  <attribute name="Target GC Util Change" value ="20.000000" />
  <attribute name="Current GC Util Change" value="53.000000"/>
  <attribute name="GC Util currently" value="53" />
  <attribute name="CPU Util currently" value="423900615618" />
<allocation-satisfied id="909" threadId="0000000001029C00" bytesRequested="56" />
<af-end id="910" timestamp="2019-06-16T01:38:49.935" threadId="000000000102A588" success="true" from="nursery"/>
<exclusive-end id="911" timestamp="2019-06-16T01:38:49.935" durationms="3.710" />

<exclusive-start id="912" timestamp="2019-06-16T01:38:49.941" intervalms="10.277">
  <response-info timems="0.240" idlems="0.213" threads="1" lastid="0000000000D20F00" lastname="JIT Compilation Thread-1" />
</exclusive-start>
<af-start id="913" threadId="000000000102E188" totalBytesRequested="24" timestamp="2019-06-16T01:38:49.941" intervalms="10.283" type="nursery" />
<cycle-start id="914" type="scavenge" contextid="0" timestamp="2019-06-16T01:38:49.941" intervalms="10.306" />
<gc-start id="915" type="scavenge" contextid="914" timestamp="2019-06-16T01:38:49.941">
  <mem-info id="916" free="2073812672" total="2092630016" percent="99">
    <mem type="nursery" free="0" total="6029312" percent="0">
      <mem type="allocate" free="0" total="4128768" percent="0" />
      <mem type="survivor" free="0" total="1900544" percent="0" />
    </mem>
    <mem type="tenure" free="2073812672" total="2086600704" percent="99">
      <mem type="soa" free="1969483456" total="1982271488" percent="99" />
      <mem type="loa" free="104329216" total="104329216" percent="100" />
    </mem>
    <remembered-set count="312" />
  </mem-info>
</gc-start>
<allocation-stats totalBytes="3328592" >
  <allocated-bytes non-tlh="824" tlh="3327768" />
  <largest-consumer threadName="PmdThread 1" threadId="0000000001029C00" bytes="1240800" />
</allocation-stats>
<gc-op id="917" type="scavenge" timems="3.053" contextid="914" timestamp="2019-06-16T01:38:49.945">
  <scavenger-info tenureage="1" tenuremask="7ffe" tiltratio="68" />
  <memory-copied type="nursery" objects="29353" bytes="1240640" bytesdiscarded="90520" />
  <memory-copied type="tenure" objects="19131" bytes="710016" bytesdiscarded="352" />
  <references type="weak" candidates="21" cleared="21" enqueued="21" />
  <references type="phantom" candidates="4" cleared="3" enqueued="3" />
</gc-op>
<gc-end id="918" type="scavenge" contextid="914" durationms="3.303" usertimems="4.000" systemtimems="0.000" timestamp="2019-06-16T01:38:49.945" activeThreads="4">
  <mem-info id="919" free="2075890824" total="2092630016" percent="99">
    <mem type="nursery" free="2796752" total="6029312" percent="46">
      <mem type="allocate" free="2796752" total="4128768" percent="67" />
      <mem type="survivor" free="0" total="1900544" percent="0" />
    </mem>
    <mem type="tenure" free="2073094072" total="2086600704" percent="99">
      <mem type="soa" free="1968764856" total="1982271488" percent="99" />
      <mem type="loa" free="104329216" total="104329216" percent="100" />
    </mem>
    <pending-finalizers system="0" default="0" reference="24" classloader="0" />
    <remembered-set count="236" />
  </mem-info>
</gc-end>
<cycle-end id="920" type="scavenge" contextid="914" timestamp="2019-06-16T01:38:49.945" />
  <attribute name="elasticGC enabled" value="1" />
  <attribute name= "numThreadsSpecified" value="4" />
  <attribute name="heapSize specified" value="12582912" />
  <attribute name="Current GC Util" value="30" />
  <attribute name= "Current Time Running" value="13718" />
  <attribute name ="GC Interval" value="200" />
  <attribute name="ProportionalT" value="15.000000" />
  <attribute name="ProportionalI" value="15.000000" />
  <attribute name="ProportionalH" value="15.000000" />
  <attribute name="Current Error" value="10.000000" />
  <attribute name="IntegralT" value="100.000000" />
  <attribute name="IntegralI" value="100.000000" />
  <attribute name="IntegralH" value="100.000000" />
  <attribute name="DerivativeT" value="-2.300000" />
  <attribute name="DerivativeI" value="-2.300000" />
  <attribute name="DerivativeH" value="-2.300000" />
  <attribute name="Loop Time for DT" value="10.000000" />
  <attribute name="Output H" value="8388608"/>
  <attribute name="Output I" value="200"/>
  <attribute name="Output T" value="4"/>
  <attribute name="Target GC Util Change" value ="20.000000" />
  <attribute name="Current GC Util Change" value="30.000000"/>
  <attribute name="GC Util currently" value="30" />
  <attribute name="CPU Util currently" value="459921982744" />
<allocation-satisfied id="921" threadId="000000000102D800" bytesRequested="24" />
<af-end id="922" timestamp="2019-06-16T01:38:49.945" threadId="000000000102E188" success="true" from="nursery"/>
<exclusive-end id="923" timestamp="2019-06-16T01:38:49.945" durationms="3.777" />

<exclusive-start id="924" timestamp="2019-06-16T01:38:49.953" intervalms="11.800">
  <response-info timems="0.047" idlems="0.026" threads="1" lastid="0000000001035400" lastname="PmdThread 3" />
</exclusive-start>
<af-start id="925" threadId="000000000102A588" totalBytesRequested="32" timestamp="2019-06-16T01:38:49.954" intervalms="12.462" type="nursery" />
<cycle-start id="926" type="scavenge" contextid="0" timestamp="2019-06-16T01:38:49.954" intervalms="12.468" />
<gc-start id="927" type="scavenge" contextid="926" timestamp="2019-06-16T01:38:49.954">
  <mem-info id="928" free="2073092608" total="2092630016" percent="99">
    <mem type="nursery" free="0" total="6029312" percent="0">
      <mem type="allocate" free="0" total="4128768" percent="0" />
      <mem type="survivor" free="0" total="1900544" percent="0" />
    </mem>
    <mem type="tenure" free="2073092608" total="2086600704" percent="99">
      <mem type="soa" free="1968763392" total="1982271488" percent="99" />
      <mem type="loa" free="104329216" total="104329216" percent="100" />
    </mem>
    <remembered-set count="851" />
  </mem-info>
</gc-start>
<allocation-stats totalBytes="2797768" >
  <allocated-bytes non-tlh="1488" tlh="2796280" />
  <largest-consumer threadName="PmdThread 3" threadId="0000000001035400" bytes="1511200" />
</allocation-stats>
<gc-op id="929" type="scavenge" timems="1.408" contextid="926" timestamp="2019-06-16T01:38:49.955">
  <scavenger-info tenureage="1" tenuremask="7ffe" tiltratio="68" />
  <memory-copied type="nursery" objects="15485" bytes="604888" bytesdiscarded="165208" />
  <memory-copied type="tenure" objects="25353" bytes="914576" bytesdiscarded="176" />
  <references type="weak" candidates="20" cleared="20" enqueued="20" />
  <references type="phantom" candidates="2" cleared="2" enqueued="2" />
</gc-op>
<gc-end id="930" type="scavenge" contextid="926" durationms="1.649" usertimems="4.000" systemtimems="0.000" timestamp="2019-06-16T01:38:49.956" activeThreads="4">
  <mem-info id="931" free="2075592640" total="2092630016" percent="99">
    <mem type="nursery" free="3423968" total="6029312" percent="56">
      <mem type="allocate" free="3423968" total="4194304" percent="81" />
      <mem type="survivor" free="0" total="1835008" percent="0" />
    </mem>
    <mem type="tenure" free="2072168672" total="2086600704" percent="99">
      <mem type="soa" free="1967839456" total="1982271488" percent="99" />
      <mem type="loa" free="104329216" total="104329216" percent="100" />
    </mem>
    <pending-finalizers system="0" default="0" reference="22" classloader="0" />
    <remembered-set count="1081" />
  </mem-info>
</gc-end>
<cycle-end id="932" type="scavenge" contextid="926" timestamp="2019-06-16T01:38:49.956" />
  <attribute name="elasticGC enabled" value="1" />
  <attribute name= "numThreadsSpecified" value="4" />
  <attribute name="heapSize specified" value="12582912" />
  <attribute name="Current GC Util" value="35" />
  <attribute name= "Current Time Running" value="13730" />
  <attribute name ="GC Interval" value="208" />
  <attribute name="ProportionalT" value="22.500000" />
  <attribute name="ProportionalI" value="22.500000" />
  <attribute name="ProportionalH" value="22.500000" />
  <attribute name="Current Error" value="15.000000" />
  <attribute name="IntegralT" value="180.000000" />
  <attribute name="IntegralI" value="180.000000" />
  <attribute name="IntegralH" value="180.000000" />
  <attribute name="DerivativeT" value="0.416667" />
  <attribute name="DerivativeI" value="0.416667" />
  <attribute name="DerivativeH" value="0.416667" />
  <attribute name="Loop Time for DT" value="12.000000" />
  <attribute name="Output H" value="8388608"/>
  <attribute name="Output I" value="208"/>
  <attribute name="Output T" value="4"/>
  <attribute name="Target GC Util Change" value ="20.000000" />
  <attribute name="Current GC Util Change" value="35.000000"/>
  <attribute name="GC Util currently" value="35" />
  <attribute name="CPU Util currently" value="369908361451" />
<allocation-satisfied id="933" threadId="0000000001029C00" bytesRequested="32" />
<af-end id="934" timestamp="2019-06-16T01:38:49.956" threadId="000000000102A588" success="true" from="nursery"/>
<exclusive-end id="935" timestamp="2019-06-16T01:38:49.956" durationms="2.831" />

<exclusive-start id="936" timestamp="2019-06-16T01:38:49.961" intervalms="8.338">
  <response-info timems="0.032" idlems="0.032" threads="0" lastid="0000000001035400" lastname="PmdThread 3" />
</exclusive-start>
<af-start id="937" threadId="0000000001035D88" totalBytesRequested="56" timestamp="2019-06-16T01:38:49.961" intervalms="7.671" type="nursery" />
<cycle-start id="938" type="scavenge" contextid="0" timestamp="2019-06-16T01:38:49.961" intervalms="7.662" />
<gc-start id="939" type="scavenge" contextid="938" timestamp="2019-06-16T01:38:49.962">
  <mem-info id="940" free="2072168184" total="2092630016" percent="99">
    <mem type="nursery" free="0" total="6029312" percent="0">
      <mem type="allocate" free="0" total="4194304" percent="0" />
      <mem type="survivor" free="0" total="1835008" percent="0" />
    </mem>
    <mem type="tenure" free="2072168184" total="2086600704" percent="99">
      <mem type="soa" free="1967838968" total="1982271488" percent="99" />
      <mem type="loa" free="104329216" total="104329216" percent="100" />
    </mem>
    <remembered-set count="2110" />
  </mem-info>
</gc-start>
<allocation-stats totalBytes="3420312" >
  <allocated-bytes non-tlh="520" tlh="3419792" />
  <largest-consumer threadName="PmdThread 1" threadId="0000000001029C00" bytes="1400496" />
</allocation-stats>
<gc-op id="941" type="scavenge" timems="1.724" contextid="938" timestamp="2019-06-16T01:38:49.963">
  <scavenger-info tenureage="1" tenuremask="7ffe" tiltratio="69" />
  <memory-copied type="nursery" objects="10305" bytes="559208" bytesdiscarded="158496" />
  <memory-copied type="tenure" objects="14911" bytes="522424" bytesdiscarded="208" />
  <references type="weak" candidates="20" cleared="20" enqueued="20" />
  <references type="phantom" candidates="5" cleared="4" enqueued="4" />
</gc-op>
<gc-end id="942" type="scavenge" contextid="938" durationms="1.920" usertimems="0.000" systemtimems="4.000" timestamp="2019-06-16T01:38:49.963" activeThreads="4">
  <mem-info id="943" free="2075374960" total="2092630016" percent="99">
    <mem type="nursery" free="3738232" total="6029312" percent="62">
      <mem type="allocate" free="3738232" total="4456448" percent="83" />
      <mem type="survivor" free="0" total="1572864" percent="0" />
    </mem>
    <mem type="tenure" free="2071636728" total="2086600704" percent="99">
      <mem type="soa" free="1967307512" total="1982271488" percent="99" />
      <mem type="loa" free="104329216" total="104329216" percent="100" />
    </mem>
    <pending-finalizers system="0" default="0" reference="24" classloader="0" />
    <remembered-set count="685" />
  </mem-info>
</gc-end>
<cycle-end id="944" type="scavenge" contextid="938" timestamp="2019-06-16T01:38:49.964" />
  <attribute name="elasticGC enabled" value="1" />
  <attribute name= "numThreadsSpecified" value="4" />
  <attribute name="heapSize specified" value="12582912" />
  <attribute name="Current GC Util" value="51" />
  <attribute name= "Current Time Running" value="13738" />
  <attribute name ="GC Interval" value="296" />
  <attribute name="ProportionalT" value="46.500000" />
  <attribute name="ProportionalI" value="46.500000" />
  <attribute name="ProportionalH" value="46.500000" />
  <attribute name="Current Error" value="31.000000" />
  <attribute name="IntegralT" value="248.000000" />
  <attribute name="IntegralI" value="248.000000" />
  <attribute name="IntegralH" value="248.000000" />
  <attribute name="DerivativeT" value="2.000000" />
  <attribute name="DerivativeI" value="2.000000" />
  <attribute name="DerivativeH" value="2.000000" />
  <attribute name="Loop Time for DT" value="8.000000" />
  <attribute name="Output H" value="8388608"/>
  <attribute name="Output I" value="296"/>
  <attribute name="Output T" value="4"/>
  <attribute name="Target GC Util Change" value ="20.000000" />
  <attribute name="Current GC Util Change" value="51.000000"/>
  <attribute name="GC Util currently" value="51" />
  <attribute name="CPU Util currently" value="605169302433" />
<allocation-satisfied id="945" threadId="0000000001035400" bytesRequested="56" />
<af-end id="946" timestamp="2019-06-16T01:38:49.964" threadId="0000000001035D88" success="true" from="nursery"/>
<exclusive-end id="947" timestamp="2019-06-16T01:38:49.964" durationms="2.385" />

<exclusive-start id="948" timestamp="2019-06-16T01:38:49.970" intervalms="8.534">
  <response-info timems="0.053" idlems="0.033" threads="1" lastid="0000000000D1D300" lastname="JIT Compilation Thread-0" />
</exclusive-start>
<af-start id="949" threadId="000000000102A588" totalBytesRequested="24" timestamp="2019-06-16T01:38:49.970" intervalms="8.523" type="nursery" />
<cycle-start id="950" type="scavenge" contextid="0" timestamp="2019-06-16T01:38:49.970" intervalms="8.516" />
<gc-start id="951" type="scavenge" contextid="950" timestamp="2019-06-16T01:38:49.970">
  <mem-info id="952" free="2071634864" total="2092630016" percent="98">
    <mem type="nursery" free="0" total="6029312" percent="0">
      <mem type="allocate" free="0" total="4456448" percent="0" />
      <mem type="survivor" free="0" total="1572864" percent="0" />
    </mem>
    <mem type="tenure" free="2071634864" total="2086600704" percent="99">
      <mem type="soa" free="1967305648" total="1982271488" percent="99" />
      <mem type="loa" free="104329216" total="104329216" percent="100" />
    </mem>
    <remembered-set count="876" />
  </mem-info>
</gc-start>
<allocation-stats totalBytes="3737656" >
  <allocated-bytes non-tlh="1920" tlh="3735736" />
  <largest-consumer threadName="PmdThread 3" threadId="0000000001035400" bytes="1887936" />
</allocation-stats>
<gc-op id="953" type="scavenge" timems="1.246" contextid="950" timestamp="2019-06-16T01:38:49.971">
  <scavenger-info tenureage="1" tenuremask="7ffe" tiltratio="73" />
  <memory-copied type="nursery" objects="16943" bytes="760056" bytesdiscarded="137184" />
  <memory-copied type="tenure" objects="9815" bytes="462288" bytesdiscarded="8" />
  <references type="weak" candidates="46" cleared="46" enqueued="46" />
  <references type="phantom" candidates="3" cleared="2" enqueued="2" />
</gc-op>
<gc-end id="954" type="scavenge" contextid="950" durationms="1.438" usertimems="4.000" systemtimems="0.000" timestamp="2019-06-16T01:38:49.971" activeThreads="4">
  <mem-info id="955" free="2074684808" total="2092630016" percent="99">
    <mem type="nursery" free="3624688" total="6029312" percent="60">
      <mem type="allocate" free="3624688" total="4521984" percent="80" />
      <mem type="survivor" free="0" total="1507328" percent="0" />
    </mem>
    <mem type="tenure" free="2071060120" total="2086600704" percent="99">
      <mem type="soa" free="1966730904" total="1982271488" percent="99" />
      <mem type="loa" free="104329216" total="104329216" percent="100" />
    </mem>
    <pending-finalizers system="0" default="0" reference="48" classloader="0" />
    <remembered-set count="329" />
  </mem-info>
</gc-end>
<cycle-end id="956" type="scavenge" contextid="950" timestamp="2019-06-16T01:38:49.972" />
  <attribute name="elasticGC enabled" value="1" />
  <attribute name= "numThreadsSpecified" value="4" />
  <attribute name="heapSize specified" value="12582912" />
  <attribute name="Current GC Util" value="34" />
  <attribute name= "Current Time Running" value="13746" />
  <attribute name ="GC Interval" value="200" />
  <attribute name="ProportionalT" value="21.000000" />
  <attribute name="ProportionalI" value="21.000000" />
  <attribute name="ProportionalH" value="21.000000" />
  <attribute name="Current Error" value="14.000000" />
  <attribute name="IntegralT" value="112.000000" />
  <attribute name="IntegralI" value="112.000000" />
  <attribute name="IntegralH" value="112.000000" />
  <attribute name="DerivativeT" value="-2.125000" />
  <attribute name="DerivativeI" value="-2.125000" />
  <attribute name="DerivativeH" value="-2.125000" />
  <attribute name="Loop Time for DT" value="8.000000" />
  <attribute name="Output H" value="8388608"/>
  <attribute name="Output I" value="200"/>
  <attribute name="Output T" value="4"/>
  <attribute name="Target GC Util Change" value ="20.000000" />
  <attribute name="Current GC Util Change" value="34.000000"/>
  <attribute name="GC Util currently" value="34" />
  <attribute name="CPU Util currently" value="543135645645" />
<allocation-satisfied id="957" threadId="0000000001029C00" bytesRequested="24" />
<af-end id="958" timestamp="2019-06-16T01:38:49.972" threadId="000000000102A588" success="true" from="nursery"/>
<exclusive-end id="959" timestamp="2019-06-16T01:38:49.972" durationms="1.832" />

<exclusive-start id="960" timestamp="2019-06-16T01:38:49.979" intervalms="9.281">
  <response-info timems="0.050" idlems="0.027" threads="2" lastid="0000000000D1D300" lastname="JIT Compilation Thread-0" />
</exclusive-start>
<af-start id="961" threadId="0000000001035D88" totalBytesRequested="32" timestamp="2019-06-16T01:38:49.979" intervalms="9.285" type="nursery" />
<cycle-start id="962" type="scavenge" contextid="0" timestamp="2019-06-16T01:38:49.979" intervalms="9.291" />
<gc-start id="963" type="scavenge" contextid="962" timestamp="2019-06-16T01:38:49.979">
  <mem-info id="964" free="2071059664" total="2092630016" percent="98">
    <mem type="nursery" free="0" total="6029312" percent="0">
      <mem type="allocate" free="0" total="4521984" percent="0" />
      <mem type="survivor" free="0" total="1507328" percent="0" />
    </mem>
    <mem type="tenure" free="2071059664" total="2086600704" percent="99">
      <mem type="soa" free="1966730448" total="1982271488" percent="99" />
      <mem type="loa" free="104329216" total="104329216" percent="100" />
    </mem>
    <remembered-set count="369" />
  </mem-info>
</gc-start>
<allocation-stats totalBytes="3620608" >
  <allocated-bytes non-tlh="480" tlh="3620128" />
  <largest-consumer threadName="PmdThread 3" threadId="0000000001035400" bytes="2440560" />
</allocation-stats>
<gc-op id="965" type="scavenge" timems="1.729" contextid="962" timestamp="2019-06-16T01:38:49.981">
  <scavenger-info tenureage="1" tenuremask="7ffe" tiltratio="75" />
  <memory-copied type="nursery" objects="22061" bytes="1005440" bytesdiscarded="109960" />
  <memory-copied type="tenure" objects="16264" bytes="730192" bytesdiscarded="80" />
  <references type="weak" candidates="11" cleared="10" enqueued="10" />
  <references type="phantom" candidates="3" cleared="2" enqueued="2" />
</gc-op>
<gc-end id="966" type="scavenge" contextid="962" durationms="1.922" usertimems="0.000" systemtimems="4.000" timestamp="2019-06-16T01:38:49.981" activeThreads="4">
  <mem-info id="967" free="2073884480" total="2092630016" percent="99">
    <mem type="nursery" free="3537520" total="6029312" percent="58">
      <mem type="allocate" free="3537520" total="4653056" percent="76" />
      <mem type="survivor" free="0" total="1376256" percent="0" />
    </mem>
    <mem type="tenure" free="2070346960" total="2086600704" percent="99">
      <mem type="soa" free="1966017744" total="1982271488" percent="99" />
      <mem type="loa" free="104329216" total="104329216" percent="100" />
    </mem>
    <pending-finalizers system="0" default="0" reference="12" classloader="0" />
    <remembered-set count="356" />
  </mem-info>
</gc-end>
<cycle-end id="968" type="scavenge" contextid="962" timestamp="2019-06-16T01:38:49.981" />
  <attribute name="elasticGC enabled" value="1" />
  <attribute name= "numThreadsSpecified" value="4" />
  <attribute name="heapSize specified" value="12582912" />
  <attribute name="Current GC Util" value="33" />
  <attribute name= "Current Time Running" value="13756" />
  <attribute name ="GC Interval" value="200" />
  <attribute name="ProportionalT" value="19.500000" />
  <attribute name="ProportionalI" value="19.500000" />
  <attribute name="ProportionalH" value="19.500000" />
  <attribute name="Current Error" value="13.000000" />
  <attribute name="IntegralT" value="130.000000" />
  <attribute name="IntegralI" value="130.000000" />
  <attribute name="IntegralH" value="130.000000" />
  <attribute name="DerivativeT" value="-0.100000" />
  <attribute name="DerivativeI" value="-0.100000" />
  <attribute name="DerivativeH" value="-0.100000" />
  <attribute name="Loop Time for DT" value="10.000000" />
  <attribute name="Output H" value="8388608"/>
  <attribute name="Output I" value="200"/>
  <attribute name="Output T" value="4"/>
  <attribute name="Target GC Util Change" value ="20.000000" />
  <attribute name="Current GC Util Change" value="33.000000"/>
  <attribute name="GC Util currently" value="33" />
  <attribute name="CPU Util currently" value="495081006562" />
<allocation-satisfied id="969" threadId="0000000001035400" bytesRequested="32" />
<af-end id="970" timestamp="2019-06-16T01:38:49.982" threadId="0000000001035D88" success="true" from="nursery"/>
<exclusive-end id="971" timestamp="2019-06-16T01:38:49.982" durationms="2.410" />

<exclusive-start id="972" timestamp="2019-06-16T01:38:49.987" intervalms="7.600">
  <response-info timems="0.032" idlems="0.032" threads="0" lastid="0000000001039000" lastname="PmdThread 4" />
</exclusive-start>
<af-start id="973" threadId="0000000001039988" totalBytesRequested="56" timestamp="2019-06-16T01:38:49.987" intervalms="7.602" type="nursery" />
<cycle-start id="974" type="scavenge" contextid="0" timestamp="2019-06-16T01:38:49.987" intervalms="7.604" />
<gc-start id="975" type="scavenge" contextid="974" timestamp="2019-06-16T01:38:49.987">
  <mem-info id="976" free="2070345304" total="2092630016" percent="98">
    <mem type="nursery" free="0" total="6029312" percent="0">
      <mem type="allocate" free="0" total="4653056" percent="0" />
      <mem type="survivor" free="0" total="1376256" percent="0" />
    </mem>
    <mem type="tenure" free="2070345304" total="2086600704" percent="99">
      <mem type="soa" free="1966016088" total="1982271488" percent="99" />
      <mem type="loa" free="104329216" total="104329216" percent="100" />
    </mem>
    <remembered-set count="556" />
  </mem-info>
</gc-start>
<allocation-stats totalBytes="3535392" >
  <allocated-bytes non-tlh="1688" tlh="3533704" />
  <largest-consumer threadName="PmdThread 3" threadId="0000000001035400" bytes="1759560" />
</allocation-stats>
<gc-op id="977" type="scavenge" timems="5.167" contextid="974" timestamp="2019-06-16T01:38:49.992">
  <scavenger-info tenureage="1" tenuremask="7ffe" tiltratio="77" />
  <memory-copied type="nursery" objects="14644" bytes="608016" bytesdiscarded="98792" />
  <memory-copied type="tenure" objects="21407" bytes="859904" bytesdiscarded="376" />
  <references type="weak" candidates="77" cleared="77" enqueued="77" />
  <references type="phantom" candidates="1" cleared="1" enqueued="1" />
</gc-op>
<gc-end id="978" type="scavenge" contextid="974" durationms="5.546" usertimems="0.000" systemtimems="4.000" timestamp="2019-06-16T01:38:49.993" activeThreads="4">
  <mem-info id="979" free="2073506344" total="2092630016" percent="99">
    <mem type="nursery" free="3946216" total="6029312" percent="65">
      <mem type="allocate" free="3946216" total="4653056" percent="84" />
      <mem type="survivor" free="0" total="1376256" percent="0" />
    </mem>
    <mem type="tenure" free="2069560128" total="2086600704" percent="99">
      <mem type="soa" free="1965230912" total="1982271488" percent="99" />
      <mem type="loa" free="104329216" total="104329216" percent="100" />
    </mem>
    <pending-finalizers system="0" default="0" reference="78" classloader="0" />
    <remembered-set count="271" />
  </mem-info>
</gc-end>
<cycle-end id="980" type="scavenge" contextid="974" timestamp="2019-06-16T01:38:49.993" />
  <attribute name="elasticGC enabled" value="1" />
  <attribute name= "numThreadsSpecified" value="4" />
  <attribute name="heapSize specified" value="12582912" />
  <attribute name="Current GC Util" value="54" />
  <attribute name= "Current Time Running" value="13763" />
  <attribute name ="GC Interval" value="296" />
  <attribute name="ProportionalT" value="51.000000" />
  <attribute name="ProportionalI" value="51.000000" />
  <attribute name="ProportionalH" value="51.000000" />
  <attribute name="Current Error" value="34.000000" />
  <attribute name="IntegralT" value="238.000000" />
  <attribute name="IntegralI" value="238.000000" />
  <attribute name="IntegralH" value="238.000000" />
  <attribute name="DerivativeT" value="3.000000" />
  <attribute name="DerivativeI" value="3.000000" />
  <attribute name="DerivativeH" value="3.000000" />
  <attribute name="Loop Time for DT" value="7.000000" />
  <attribute name="Output H" value="8388608"/>
  <attribute name="Output I" value="296"/>
  <attribute name="Output T" value="4"/>
  <attribute name="Target GC Util Change" value ="20.000000" />
  <attribute name="Current GC Util Change" value="54.000000"/>
  <attribute name="GC Util currently" value="54" />
  <attribute name="CPU Util currently" value="606211649057" />
<allocation-satisfied id="981" threadId="0000000001039000" bytesRequested="56" />
<af-end id="982" timestamp="2019-06-16T01:38:49.993" threadId="0000000001039988" success="true" from="nursery"/>
<exclusive-end id="983" timestamp="2019-06-16T01:38:49.993" durationms="6.180" />

<exclusive-start id="984" timestamp="2019-06-16T01:38:50.000" intervalms="13.716">
  <response-info timems="0.058" idlems="0.031" threads="1" lastid="0000000001029C00" lastname="PmdThread 1" />
</exclusive-start>
<af-start id="985" threadId="0000000001035D88" totalBytesRequested="56" timestamp="2019-06-16T01:38:50.001" intervalms="13.726" type="nursery" />
<cycle-start id="986" type="scavenge" contextid="0" timestamp="2019-06-16T01:38:50.001" intervalms="13.746" />
<gc-start id="987" type="scavenge" contextid="986" timestamp="2019-06-16T01:38:50.001">
  <mem-info id="988" free="2069559768" total="2092630016" percent="98">
    <mem type="nursery" free="0" total="6029312" percent="0">
      <mem type="allocate" free="0" total="4653056" percent="0" />
      <mem type="survivor" free="0" total="1376256" percent="0" />
    </mem>
    <mem type="tenure" free="2069559768" total="2086600704" percent="99">
      <mem type="soa" free="1965230552" total="1982271488" percent="99" />
      <mem type="loa" free="104329216" total="104329216" percent="100" />
    </mem>
    <remembered-set count="323" />
  </mem-info>
</gc-start>
<allocation-stats totalBytes="3930056" >
  <allocated-bytes non-tlh="145704" tlh="3784352" />
  <largest-consumer threadName="PmdThread 3" threadId="0000000001035400" bytes="2053776" />
</allocation-stats>
<gc-op id="989" type="scavenge" timems="1.449" contextid="986" timestamp="2019-06-16T01:38:50.002">
  <scavenger-info tenureage="1" tenuremask="7ffe" tiltratio="77" />
  <memory-copied type="nursery" objects="16256" bytes="773464" bytesdiscarded="77208" />
  <memory-copied type="tenure" objects="14246" bytes="588816" bytesdiscarded="464" />
  <references type="weak" candidates="48" cleared="48" enqueued="48" />
  <references type="phantom" candidates="4" cleared="4" enqueued="4" />
</gc-op>
<gc-end id="990" type="scavenge" contextid="986" durationms="1.613" usertimems="4.000" systemtimems="0.000" timestamp="2019-06-16T01:38:50.002" activeThreads="4">
  <mem-info id="991" free="2072841376" total="2092630016" percent="99">
    <mem type="nursery" free="3867872" total="6029312" percent="64">
      <mem type="allocate" free="3867872" total="4718592" percent="81" />
      <mem type="survivor" free="0" total="1310720" percent="0" />
    </mem>
    <mem type="tenure" free="2068973504" total="2086600704" percent="99">
      <mem type="soa" free="1964644288" total="1982271488" percent="99" />
      <mem type="loa" free="104329216" total="104329216" percent="100" />
    </mem>
    <pending-finalizers system="0" default="0" reference="52" classloader="0" />
    <remembered-set count="182" />
  </mem-info>
</gc-end>
<cycle-end id="992" type="scavenge" contextid="986" timestamp="2019-06-16T01:38:50.002" />
  <attribute name="elasticGC enabled" value="1" />
  <attribute name= "numThreadsSpecified" value="4" />
  <attribute name="heapSize specified" value="12582912" />
  <attribute name="Current GC Util" value="45" />
  <attribute name= "Current Time Running" value="13777" />
  <attribute name ="GC Interval" value="392" />
  <attribute name="ProportionalT" value="37.500000" />
  <attribute name="ProportionalI" value="37.500000" />
  <attribute name="ProportionalH" value="37.500000" />
  <attribute name="Current Error" value="25.000000" />
  <attribute name="IntegralT" value="350.000000" />
  <attribute name="IntegralI" value="350.000000" />
  <attribute name="IntegralH" value="350.000000" />
  <attribute name="DerivativeT" value="-0.642857" />
  <attribute name="DerivativeI" value="-0.642857" />
  <attribute name="DerivativeH" value="-0.642857" />
  <attribute name="Loop Time for DT" value="14.000000" />
  <attribute name="Output H" value="8388608"/>
  <attribute name="Output I" value="392"/>
  <attribute name="Output T" value="4"/>
  <attribute name="Target GC Util Change" value ="20.000000" />
  <attribute name="Current GC Util Change" value="45.000000"/>
  <attribute name="GC Util currently" value="45" />
  <attribute name="CPU Util currently" value="336980133272" />
<allocation-satisfied id="993" threadId="0000000001035400" bytesRequested="56" />
<af-end id="994" timestamp="2019-06-16T01:38:50.003" threadId="0000000001035D88" success="true" from="nursery"/>
<exclusive-end id="995" timestamp="2019-06-16T01:38:50.003" durationms="2.122" />

<exclusive-start id="996" timestamp="2019-06-16T01:38:50.010" intervalms="9.597">
  <response-info timems="0.282" idlems="0.104" threads="2" lastid="0000000000D1D300" lastname="JIT Compilation Thread-0" />
</exclusive-start>
<af-start id="997" threadId="0000000001035D88" totalBytesRequested="56" timestamp="2019-06-16T01:38:50.010" intervalms="9.584" type="nursery" />
<cycle-start id="998" type="scavenge" contextid="0" timestamp="2019-06-16T01:38:50.010" intervalms="9.563" />
<gc-start id="999" type="scavenge" contextid="998" timestamp="2019-06-16T01:38:50.010">
  <mem-info id="1000" free="2068972928" total="2092630016" percent="98">
    <mem type="nursery" free="0" total="6029312" percent="0">
      <mem type="allocate" free="0" total="4718592" percent="0" />
      <mem type="survivor" free="0" total="1310720" percent="0" />
    </mem>
    <mem type="tenure" free="2068972928" total="2086600704" percent="99">
      <mem type="soa" free="1964643712" total="1982271488" percent="99" />
      <mem type="loa" free="104329216" total="104329216" percent="100" />
    </mem>
    <remembered-set count="921" />
  </mem-info>
</gc-start>
<allocation-stats totalBytes="3867008" >
  <allocated-bytes non-tlh="632" tlh="3866376" />
  <largest-consumer threadName="PmdThread 3" threadId="0000000001035400" bytes="1539744" />
</allocation-stats>
<gc-op id="1001" type="scavenge" timems="1.873" contextid="998" timestamp="2019-06-16T01:38:50.012">
  <scavenger-info tenureage="1" tenuremask="7ffe" tiltratio="78" />
  <memory-copied type="nursery" objects="22689" bytes="1085160" bytesdiscarded="171112" />
  <memory-copied type="tenure" objects="14811" bytes="566552" bytesdiscarded="120" />
  <references type="weak" candidates="68" cleared="67" enqueued="67" />
  <references type="phantom" candidates="4" cleared="3" enqueued="3" />
</gc-op>
<gc-end id="1002" type="scavenge" contextid="998" durationms="2.072" usertimems="4.000" systemtimems="0.000" timestamp="2019-06-16T01:38:50.012" activeThreads="4">
  <mem-info id="1003" free="2071643208" total="2092630016" percent="98">
    <mem type="nursery" free="3265480" total="6029312" percent="54">
      <mem type="allocate" free="3265480" total="4521984" percent="72" />
      <mem type="survivor" free="0" total="1507328" percent="0" />
    </mem>
    <mem type="tenure" free="2068377728" total="2086600704" percent="99">
      <mem type="soa" free="1964048512" total="1982271488" percent="99" />
      <mem type="loa" free="104329216" total="104329216" percent="100" />
    </mem>
    <pending-finalizers system="0" default="0" reference="70" classloader="0" />
    <remembered-set count="174" />
  </mem-info>
</gc-end>
<cycle-end id="1004" type="scavenge" contextid="998" timestamp="2019-06-16T01:38:50.012" />
  <attribute name="elasticGC enabled" value="1" />
  <attribute name= "numThreadsSpecified" value="4" />
  <attribute name="heapSize specified" value="12582912" />
  <attribute name="Current GC Util" value="36" />
  <attribute name= "Current Time Running" value="13786" />
  <attribute name ="GC Interval" value="200" />
  <attribute name="ProportionalT" value="24.000000" />
  <attribute name="ProportionalI" value="24.000000" />
  <attribute name="ProportionalH" value="24.000000" />
  <attribute name="Current Error" value="16.000000" />
  <attribute name="IntegralT" value="144.000000" />
  <attribute name="IntegralI" value="144.000000" />
  <attribute name="IntegralH" value="144.000000" />
  <attribute name="DerivativeT" value="-1.000000" />
  <attribute name="DerivativeI" value="-1.000000" />
  <attribute name="DerivativeH" value="-1.000000" />
  <attribute name="Loop Time for DT" value="9.000000" />
  <attribute name="Output H" value="8388608"/>
  <attribute name="Output I" value="200"/>
  <attribute name="Output T" value="4"/>
  <attribute name="Target GC Util Change" value ="20.000000" />
  <attribute name="Current GC Util Change" value="36.000000"/>
  <attribute name="GC Util currently" value="36" />
  <attribute name="CPU Util currently" value="479137652683" />
<allocation-satisfied id="1005" threadId="0000000001035400" bytesRequested="56" />
<af-end id="1006" timestamp="2019-06-16T01:38:50.013" threadId="0000000001035D88" success="true" from="nursery"/>
<exclusive-end id="1007" timestamp="2019-06-16T01:38:50.013" durationms="2.645" />

<exclusive-start id="1008" timestamp="2019-06-16T01:38:50.022" intervalms="11.835">
  <response-info timems="0.031" idlems="0.031" threads="0" lastid="0000000001039000" lastname="PmdThread 4" />
</exclusive-start>
<af-start id="1009" threadId="0000000001039988" totalBytesRequested="72" timestamp="2019-06-16T01:38:50.022" intervalms="11.848" type="nursery" />
<cycle-start id="1010" type="scavenge" contextid="0" timestamp="2019-06-16T01:38:50.022" intervalms="11.857" />
<gc-start id="1011" type="scavenge" contextid="1010" timestamp="2019-06-16T01:38:50.022">
  <mem-info id="1012" free="2068375560" total="2092630016" percent="98">
    <mem type="nursery" free="0" total="6029312" percent="0">
      <mem type="allocate" free="0" total="4521984" percent="0" />
      <mem type="survivor" free="0" total="1507328" percent="0" />
    </mem>
    <mem type="tenure" free="2068375560" total="2086600704" percent="99">
      <mem type="soa" free="1964046344" total="1982271488" percent="99" />
      <mem type="loa" free="104329216" total="104329216" percent="100" />
    </mem>
    <remembered-set count="1192" />
  </mem-info>
</gc-start>
<allocation-stats totalBytes="3266256" >
  <allocated-bytes non-tlh="2224" tlh="3264032" />
  <largest-consumer threadName="PmdThread 4" threadId="0000000001039000" bytes="1863496" />
</allocation-stats>
<gc-op id="1013" type="scavenge" timems="4.496" contextid="1010" timestamp="2019-06-16T01:38:50.027">
  <scavenger-info tenureage="1" tenuremask="7ffe" tiltratio="75" />
  <memory-copied type="nursery" objects="16483" bytes="699600" bytesdiscarded="67848" />
  <memory-copied type="tenure" objects="19640" bytes="854704" bytesdiscarded="128" />
  <references type="weak" candidates="35" cleared="35" enqueued="35" />
  <references type="phantom" candidates="1" cleared="1" enqueued="1" />
</gc-op>
<gc-end id="1014" type="scavenge" contextid="1010" durationms="4.880" usertimems="8.000" systemtimems="0.000" timestamp="2019-06-16T01:38:50.027" activeThreads="4">
  <mem-info id="1015" free="2071308448" total="2092630016" percent="98">
    <mem type="nursery" free="3819984" total="6029312" percent="63">
      <mem type="allocate" free="3819984" total="4587520" percent="83" />
      <mem type="survivor" free="0" total="1441792" percent="0" />
    </mem>
    <mem type="tenure" free="2067488464" total="2086600704" percent="99">
      <mem type="soa" free="1963159248" total="1982271488" percent="99" />
      <mem type="loa" free="104329216" total="104329216" percent="100" />
    </mem>
    <pending-finalizers system="0" default="0" reference="36" classloader="0" />
    <remembered-set count="797" />
  </mem-info>
</gc-end>
<cycle-end id="1016" type="scavenge" contextid="1010" timestamp="2019-06-16T01:38:50.027" />
  <attribute name="elasticGC enabled" value="1" />
  <attribute name= "numThreadsSpecified" value="4" />
  <attribute name="heapSize specified" value="12582912" />
  <attribute name="Current GC Util" value="32" />
  <attribute name= "Current Time Running" value="13798" />
  <attribute name ="GC Interval" value="200" />
  <attribute name="ProportionalT" value="18.000000" />
  <attribute name="ProportionalI" value="18.000000" />
  <attribute name="ProportionalH" value="18.000000" />
  <attribute name="Current Error" value="12.000000" />
  <attribute name="IntegralT" value="144.000000" />
  <attribute name="IntegralI" value="144.000000" />
  <attribute name="IntegralH" value="144.000000" />
  <attribute name="DerivativeT" value="-0.333333" />
  <attribute name="DerivativeI" value="-0.333333" />
  <attribute name="DerivativeH" value="-0.333333" />
  <attribute name="Loop Time for DT" value="12.000000" />
  <attribute name="Output H" value="8388608"/>
  <attribute name="Output I" value="200"/>
  <attribute name="Output T" value="4"/>
  <attribute name="Target GC Util Change" value ="20.000000" />
  <attribute name="Current GC Util Change" value="32.000000"/>
  <attribute name="GC Util currently" value="32" />
  <attribute name="CPU Util currently" value="388619254550" />
<allocation-satisfied id="1017" threadId="0000000001039000" bytesRequested="72" />
<af-end id="1018" timestamp="2019-06-16T01:38:50.027" threadId="0000000001039988" success="true" from="nursery"/>
<exclusive-end id="1019" timestamp="2019-06-16T01:38:50.027" durationms="5.493" />

<exclusive-start id="1020" timestamp="2019-06-16T01:38:50.040" intervalms="18.442">
  <response-info timems="0.211" idlems="0.192" threads="1" lastid="0000000001035400" lastname="PmdThread 3" />
</exclusive-start>
<af-start id="1021" threadId="000000000102A588" totalBytesRequested="24" timestamp="2019-06-16T01:38:50.040" intervalms="18.474" type="nursery" />
<cycle-start id="1022" type="scavenge" contextid="0" timestamp="2019-06-16T01:38:50.041" intervalms="18.505" />
<gc-start id="1023" type="scavenge" contextid="1022" timestamp="2019-06-16T01:38:50.041">
  <mem-info id="1024" free="2067487280" total="2092630016" percent="98">
    <mem type="nursery" free="0" total="6029312" percent="0">
      <mem type="allocate" free="0" total="4587520" percent="0" />
      <mem type="survivor" free="0" total="1441792" percent="0" />
    </mem>
    <mem type="tenure" free="2067487280" total="2086600704" percent="99">
      <mem type="soa" free="1963158064" total="1982271488" percent="99" />
      <mem type="loa" free="104329216" total="104329216" percent="100" />
    </mem>
    <remembered-set count="6759" />
  </mem-info>
</gc-start>
<allocation-stats totalBytes="3818320" >
  <allocated-bytes non-tlh="118928" tlh="3699392" />
  <largest-consumer threadName="PmdThread 4" threadId="0000000001039000" bytes="1490232" />
</allocation-stats>
<gc-op id="1025" type="scavenge" timems="1.503" contextid="1022" timestamp="2019-06-16T01:38:50.042">
  <scavenger-info tenureage="1" tenuremask="7ffe" tiltratio="76" />
  <memory-copied type="nursery" objects="18200" bytes="742584" bytesdiscarded="144472" />
  <memory-copied type="tenure" objects="15110" bytes="535256" bytesdiscarded="280" />
  <references type="weak" candidates="88" cleared="87" enqueued="87" />
  <references type="phantom" candidates="45" cleared="29" enqueued="29" />
</gc-op>
<gc-end id="1026" type="scavenge" contextid="1022" durationms="1.836" usertimems="4.000" systemtimems="0.000" timestamp="2019-06-16T01:38:50.043" activeThreads="4">
  <mem-info id="1027" free="2070890256" total="2092630016" percent="98">
    <mem type="nursery" free="3830752" total="6029312" percent="63">
      <mem type="allocate" free="3830752" total="4718592" percent="81" />
      <mem type="survivor" free="0" total="1310720" percent="0" />
    </mem>
    <mem type="tenure" free="2067059504" total="2086600704" percent="99">
      <mem type="soa" free="1962730288" total="1982271488" percent="99" />
      <mem type="loa" free="104329216" total="104329216" percent="100" />
    </mem>
    <pending-finalizers system="0" default="0" reference="116" classloader="0" />
    <remembered-set count="5926" />
  </mem-info>
</gc-end>
<cycle-end id="1028" type="scavenge" contextid="1022" timestamp="2019-06-16T01:38:50.043" />
  <attribute name="elasticGC enabled" value="1" />
  <attribute name= "numThreadsSpecified" value="4" />
  <attribute name="heapSize specified" value="12582912" />
  <attribute name="Current GC Util" value="40" />
  <attribute name= "Current Time Running" value="13817" />
  <attribute name ="GC Interval" value="416" />
  <attribute name="ProportionalT" value="30.000000" />
  <attribute name="ProportionalI" value="30.000000" />
  <attribute name="ProportionalH" value="30.000000" />
  <attribute name="Current Error" value="20.000000" />
  <attribute name="IntegralT" value="380.000000" />
  <attribute name="IntegralI" value="380.000000" />
  <attribute name="IntegralH" value="380.000000" />
  <attribute name="DerivativeT" value="0.421053" />
  <attribute name="DerivativeI" value="0.421053" />
  <attribute name="DerivativeH" value="0.421053" />
  <attribute name="Loop Time for DT" value="19.000000" />
  <attribute name="Output H" value="8388608"/>
  <attribute name="Output I" value="416"/>
  <attribute name="Output T" value="4"/>
  <attribute name="Target GC Util Change" value ="20.000000" />
  <attribute name="Current GC Util Change" value="40.000000"/>
  <attribute name="GC Util currently" value="40" />
  <attribute name="CPU Util currently" value="247492253644" />
<allocation-satisfied id="1029" threadId="0000000001029C00" bytesRequested="24" />
<af-end id="1030" timestamp="2019-06-16T01:38:50.043" threadId="000000000102A588" success="true" from="nursery"/>
<exclusive-end id="1031" timestamp="2019-06-16T01:38:50.043" durationms="2.459" />

<exclusive-start id="1032" timestamp="2019-06-16T01:38:50.048" intervalms="8.091">
  <response-info timems="0.088" idlems="0.051" threads="2" lastid="0000000001039000" lastname="PmdThread 4" />
</exclusive-start>
<af-start id="1033" threadId="0000000001035D88" totalBytesRequested="40" timestamp="2019-06-16T01:38:50.049" intervalms="8.039" type="nursery" />
<cycle-start id="1034" type="scavenge" contextid="0" timestamp="2019-06-16T01:38:50.049" intervalms="7.992" />
<gc-start id="1035" type="scavenge" contextid="1034" timestamp="2019-06-16T01:38:50.049">
  <mem-info id="1036" free="2067056024" total="2092630016" percent="98">
    <mem type="nursery" free="0" total="6029312" percent="0">
      <mem type="allocate" free="0" total="4718592" percent="0" />
      <mem type="survivor" free="0" total="1310720" percent="0" />
    </mem>
    <mem type="tenure" free="2067056024" total="2086600704" percent="99">
      <mem type="soa" free="1962726808" total="1982271488" percent="99" />
      <mem type="loa" free="104329216" total="104329216" percent="100" />
    </mem>
    <remembered-set count="6158" />
  </mem-info>
</gc-start>
<allocation-stats totalBytes="3831672" >
  <allocated-bytes non-tlh="3504" tlh="3828168" />
  <largest-consumer threadName="PmdThread 1" threadId="0000000001029C00" bytes="3052232" />
</allocation-stats>
<gc-op id="1037" type="scavenge" timems="0.988" contextid="1034" timestamp="2019-06-16T01:38:50.050">
  <scavenger-info tenureage="1" tenuremask="7ffe" tiltratio="78" />
  <memory-copied type="nursery" objects="2472" bytes="148024" bytesdiscarded="184496" />
  <memory-copied type="tenure" objects="16796" bytes="641656" bytesdiscarded="104" />
  <references type="weak" candidates="30" cleared="30" enqueued="30" />
  <references type="phantom" candidates="4" cleared="4" enqueued="4" />
</gc-op>
<gc-end id="1038" type="scavenge" contextid="1034" durationms="1.181" usertimems="4.000" systemtimems="0.000" timestamp="2019-06-16T01:38:50.050" activeThreads="4">
  <mem-info id="1039" free="2070887064" total="2092630016" percent="98">
    <mem type="nursery" free="4451584" total="6029312" percent="73">
      <mem type="allocate" free="4451584" total="4784128" percent="93" />
      <mem type="survivor" free="0" total="1245184" percent="0" />
    </mem>
    <mem type="tenure" free="2066435480" total="2086600704" percent="99">
      <mem type="soa" free="1962106264" total="1982271488" percent="98" />
      <mem type="loa" free="104329216" total="104329216" percent="100" />
    </mem>
    <pending-finalizers system="0" default="0" reference="34" classloader="0" />
    <remembered-set count="412" />
  </mem-info>
</gc-end>
<cycle-end id="1040" type="scavenge" contextid="1034" timestamp="2019-06-16T01:38:50.050" />
  <attribute name="elasticGC enabled" value="1" />
  <attribute name= "numThreadsSpecified" value="4" />
  <attribute name="heapSize specified" value="12582912" />
  <attribute name="Current GC Util" value="48" />
  <attribute name= "Current Time Running" value="13825" />
  <attribute name ="GC Interval" value="272" />
  <attribute name="ProportionalT" value="42.000000" />
  <attribute name="ProportionalI" value="42.000000" />
  <attribute name="ProportionalH" value="42.000000" />
  <attribute name="Current Error" value="28.000000" />
  <attribute name="IntegralT" value="224.000000" />
  <attribute name="IntegralI" value="224.000000" />
  <attribute name="IntegralH" value="224.000000" />
  <attribute name="DerivativeT" value="1.000000" />
  <attribute name="DerivativeI" value="1.000000" />
  <attribute name="DerivativeH" value="1.000000" />
  <attribute name="Loop Time for DT" value="8.000000" />
  <attribute name="Output H" value="8388608"/>
  <attribute name="Output I" value="272"/>
  <attribute name="Output T" value="4"/>
  <attribute name="Target GC Util Change" value ="20.000000" />
  <attribute name="Current GC Util Change" value="48.000000"/>
  <attribute name="GC Util currently" value="48" />
  <attribute name="CPU Util currently" value="588769868692" />
<allocation-satisfied id="1041" threadId="0000000001035400" bytesRequested="40" />
<af-end id="1042" timestamp="2019-06-16T01:38:50.050" threadId="0000000001035D88" success="true" from="nursery"/>
<exclusive-end id="1043" timestamp="2019-06-16T01:38:50.050" durationms="1.560" />

<exclusive-start id="1044" timestamp="2019-06-16T01:38:50.054" intervalms="5.715">
  <response-info timems="0.029" idlems="0.029" threads="0" lastid="0000000001029C00" lastname="PmdThread 1" />
</exclusive-start>
<af-start id="1045" threadId="000000000102A588" totalBytesRequested="16" timestamp="2019-06-16T01:38:50.054" intervalms="5.730" type="nursery" />
<cycle-start id="1046" type="scavenge" contextid="0" timestamp="2019-06-16T01:38:50.054" intervalms="5.736" />
<gc-start id="1047" type="scavenge" contextid="1046" timestamp="2019-06-16T01:38:50.054">
  <mem-info id="1048" free="2066433992" total="2092630016" percent="98">
    <mem type="nursery" free="0" total="6029312" percent="0">
      <mem type="allocate" free="0" total="4784128" percent="0" />
      <mem type="survivor" free="0" total="1245184" percent="0" />
    </mem>
    <mem type="tenure" free="2066433992" total="2086600704" percent="99">
      <mem type="soa" free="1962104776" total="1982271488" percent="98" />
      <mem type="loa" free="104329216" total="104329216" percent="100" />
    </mem>
    <remembered-set count="814" />
  </mem-info>
</gc-start>
<allocation-stats totalBytes="4438960" >
  <allocated-bytes non-tlh="1528" tlh="4437432" />
  <largest-consumer threadName="PmdThread 1" threadId="0000000001029C00" bytes="2464760" />
</allocation-stats>
<gc-op id="1049" type="scavenge" timems="0.493" contextid="1046" timestamp="2019-06-16T01:38:50.055">
  <scavenger-info tenureage="2" tenuremask="7ffc" tiltratio="79" />
  <memory-copied type="nursery" objects="3480" bytes="237552" bytesdiscarded="124032" />
  <references type="weak" candidates="63" cleared="62" enqueued="62" />
  <references type="phantom" candidates="1" cleared="0" enqueued="0" />
</gc-op>
<gc-end id="1050" type="scavenge" contextid="1046" durationms="0.671" usertimems="4.000" systemtimems="0.000" timestamp="2019-06-16T01:38:50.055" activeThreads="4">
  <mem-info id="1051" free="2071052448" total="2092630016" percent="98">
    <mem type="nursery" free="4618456" total="6029312" percent="76">
      <mem type="allocate" free="4618456" total="4980736" percent="92" />
      <mem type="survivor" free="0" total="1048576" percent="0" />
    </mem>
    <mem type="tenure" free="2066433992" total="2086600704" percent="99">
      <mem type="soa" free="1962104776" total="1982271488" percent="98" />
      <mem type="loa" free="104329216" total="104329216" percent="100" />
    </mem>
    <pending-finalizers system="0" default="0" reference="62" classloader="0" />
    <remembered-set count="715" />
  </mem-info>
</gc-end>
<cycle-end id="1052" type="scavenge" contextid="1046" timestamp="2019-06-16T01:38:50.055" />
  <attribute name="elasticGC enabled" value="1" />
  <attribute name= "numThreadsSpecified" value="4" />
  <attribute name="heapSize specified" value="12582912" />
  <attribute name="Current GC Util" value="46" />
  <attribute name= "Current Time Running" value="13831" />
  <attribute name ="GC Interval" value="200" />
  <attribute name="ProportionalT" value="39.000000" />
  <attribute name="ProportionalI" value="39.000000" />
  <attribute name="ProportionalH" value="39.000000" />
  <attribute name="Current Error" value="26.000000" />
  <attribute name="IntegralT" value="156.000000" />
  <attribute name="IntegralI" value="156.000000" />
  <attribute name="IntegralH" value="156.000000" />
  <attribute name="DerivativeT" value="-0.333333" />
  <attribute name="DerivativeI" value="-0.333333" />
  <attribute name="DerivativeH" value="-0.333333" />
  <attribute name="Loop Time for DT" value="6.000000" />
  <attribute name="Output H" value="8388608"/>
  <attribute name="Output I" value="200"/>
  <attribute name="Output T" value="4"/>
  <attribute name="Target GC Util Change" value ="20.000000" />
  <attribute name="Current GC Util Change" value="46.000000"/>
  <attribute name="GC Util currently" value="46" />
  <attribute name="CPU Util currently" value="803125997905" />
<allocation-satisfied id="1053" threadId="0000000001029C00" bytesRequested="16" />
<af-end id="1054" timestamp="2019-06-16T01:38:50.055" threadId="000000000102A588" success="true" from="nursery"/>
<exclusive-end id="1055" timestamp="2019-06-16T01:38:50.055" durationms="1.110" />

<exclusive-start id="1056" timestamp="2019-06-16T01:38:50.067" intervalms="12.646">
  <response-info timems="0.272" idlems="0.100" threads="2" lastid="0000000000D1D300" lastname="JIT Compilation Thread-0" />
</exclusive-start>
<af-start id="1057" threadId="0000000001035D88" totalBytesRequested="24" timestamp="2019-06-16T01:38:50.067" intervalms="12.652" type="nursery" />
<cycle-start id="1058" type="scavenge" contextid="0" timestamp="2019-06-16T01:38:50.067" intervalms="12.646" />
<gc-start id="1059" type="scavenge" contextid="1058" timestamp="2019-06-16T01:38:50.067">
  <mem-info id="1060" free="2066431968" total="2092630016" percent="98">
    <mem type="nursery" free="0" total="6029312" percent="0">
      <mem type="allocate" free="0" total="4980736" percent="0" />
      <mem type="survivor" free="0" total="1048576" percent="0" />
    </mem>
    <mem type="tenure" free="2066431968" total="2086600704" percent="99">
      <mem type="soa" free="1962102752" total="1982271488" percent="98" />
      <mem type="loa" free="104329216" total="104329216" percent="100" />
    </mem>
    <remembered-set count="1465" />
  </mem-info>
</gc-start>
<allocation-stats totalBytes="4618904" >
  <allocated-bytes non-tlh="2040" tlh="4616864" />
  <largest-consumer threadName="PmdThread 3" threadId="0000000001035400" bytes="1365968" />
</allocation-stats>
<gc-op id="1061" type="scavenge" timems="0.719" contextid="1058" timestamp="2019-06-16T01:38:50.068">
  <scavenger-info tenureage="3" tenuremask="7ff8" tiltratio="82" />
  <memory-copied type="nursery" objects="7282" bytes="292472" bytesdiscarded="100776" />
  <references type="weak" candidates="137" cleared="136" enqueued="136" />
  <references type="phantom" candidates="6" cleared="6" enqueued="6" />
</gc-op>
<gc-end id="1062" type="scavenge" contextid="1058" durationms="0.965" usertimems="0.000" systemtimems="0.000" timestamp="2019-06-16T01:38:50.068" activeThreads="4">
  <mem-info id="1063" free="2071149400" total="2092630016" percent="98">
    <mem type="nursery" free="4717432" total="6029312" percent="78">
      <mem type="allocate" free="4717432" total="5111808" percent="92" />
      <mem type="survivor" free="0" total="917504" percent="0" />
    </mem>
    <mem type="tenure" free="2066431968" total="2086600704" percent="99">
      <mem type="soa" free="1962102752" total="1982271488" percent="98" />
      <mem type="loa" free="104329216" total="104329216" percent="100" />
    </mem>
    <pending-finalizers system="0" default="0" reference="142" classloader="0" />
    <remembered-set count="1322" />
  </mem-info>
</gc-end>
<cycle-end id="1064" type="scavenge" contextid="1058" timestamp="2019-06-16T01:38:50.068" />
  <attribute name="elasticGC enabled" value="1" />
  <attribute name= "numThreadsSpecified" value="4" />
  <attribute name="heapSize specified" value="12582912" />
  <attribute name="Current GC Util" value="7" />
  <attribute name= "Current Time Running" value="13843" />
  <attribute name ="GC Interval" value="200" />
  <attribute name="ProportionalT" value="-19.500000" />
  <attribute name="ProportionalI" value="-19.500000" />
  <attribute name="ProportionalH" value="-19.500000" />
  <attribute name="Current Error" value="-13.000000" />
  <attribute name="IntegralT" value="-156.000000" />
  <attribute name="IntegralI" value="-156.000000" />
  <attribute name="IntegralH" value="-156.000000" />
  <attribute name="DerivativeT" value="-3.250000" />
  <attribute name="DerivativeI" value="-3.250000" />
  <attribute name="DerivativeH" value="-3.250000" />
  <attribute name="Loop Time for DT" value="12.000000" />
  <attribute name="Output H" value="2092630016"/>
  <attribute name="Output I" value="200"/>
  <attribute name="Output T" value="4"/>
  <attribute name="Target GC Util Change" value ="20.000000" />
  <attribute name="Current GC Util Change" value="7.000000"/>
  <attribute name="GC Util currently" value="7" />
  <attribute name="CPU Util currently" value="362944982161" />
<allocation-satisfied id="1065" threadId="0000000001035400" bytesRequested="24" />
<af-end id="1066" timestamp="2019-06-16T01:38:50.068" threadId="0000000001035D88" success="true" from="nursery"/>
<exclusive-end id="1067" timestamp="2019-06-16T01:38:50.068" durationms="1.357" />

<exclusive-start id="1068" timestamp="2019-06-16T01:38:50.078" intervalms="11.590">
  <response-info timems="0.197" idlems="0.182" threads="1" lastid="0000000001035400" lastname="PmdThread 3" />
</exclusive-start>
<af-start id="1069" threadId="000000000102E188" totalBytesRequested="56" timestamp="2019-06-16T01:38:50.078" intervalms="11.589" type="nursery" />
<cycle-start id="1070" type="scavenge" contextid="0" timestamp="2019-06-16T01:38:50.079" intervalms="11.602" />
<gc-start id="1071" type="scavenge" contextid="1070" timestamp="2019-06-16T01:38:50.079">
  <mem-info id="1072" free="2066431088" total="2092630016" percent="98">
    <mem type="nursery" free="0" total="6029312" percent="0">
      <mem type="allocate" free="0" total="5111808" percent="0" />
      <mem type="survivor" free="0" total="917504" percent="0" />
    </mem>
    <mem type="tenure" free="2066431088" total="2086600704" percent="99">
      <mem type="soa" free="1962101872" total="1982271488" percent="98" />
      <mem type="loa" free="104329216" total="104329216" percent="100" />
    </mem>
    <remembered-set count="2147" />
  </mem-info>
</gc-start>
<allocation-stats totalBytes="4715048" >
  <allocated-bytes non-tlh="904" tlh="4714144" />
  <largest-consumer threadName="PmdThread 4" threadId="0000000001039000" bytes="3171032" />
</allocation-stats>
<gc-op id="1073" type="scavenge" timems="1.217" contextid="1070" timestamp="2019-06-16T01:38:50.080">
  <scavenger-info tenureage="4" tenuremask="7ff0" tiltratio="84" />
  <memory-copied type="nursery" objects="9813" bytes="429200" bytesdiscarded="50048" />
  <references type="weak" candidates="159" cleared="159" enqueued="159" />
  <references type="phantom" candidates="1" cleared="0" enqueued="0" />
</gc-op>
<gc-end id="1074" type="scavenge" contextid="1070" durationms="1.446" usertimems="0.000" systemtimems="0.000" timestamp="2019-06-16T01:38:50.080" activeThreads="4">
  <mem-info id="1075" free="2071129152" total="2092630016" percent="98">
    <mem type="nursery" free="4698064" total="6029312" percent="77">
      <mem type="allocate" free="4698064" total="5177344" percent="90" />
      <mem type="survivor" free="0" total="851968" percent="0" />
    </mem>
    <mem type="tenure" free="2066431088" total="2086600704" percent="99">
      <mem type="soa" free="1962101872" total="1982271488" percent="98" />
      <mem type="loa" free="104329216" total="104329216" percent="100" />
    </mem>
    <pending-finalizers system="0" default="0" reference="159" classloader="0" />
    <remembered-set count="1756" />
  </mem-info>
</gc-end>
<cycle-end id="1076" type="scavenge" contextid="1070" timestamp="2019-06-16T01:38:50.080" />
  <attribute name="elasticGC enabled" value="1" />
  <attribute name= "numThreadsSpecified" value="4" />
  <attribute name="heapSize specified" value="12582912" />
  <attribute name="Current GC Util" value="11" />
  <attribute name= "Current Time Running" value="13855" />
  <attribute name ="GC Interval" value="200" />
  <attribute name="ProportionalT" value="-13.500000" />
  <attribute name="ProportionalI" value="-13.500000" />
  <attribute name="ProportionalH" value="-13.500000" />
  <attribute name="Current Error" value="-9.000000" />
  <attribute name="IntegralT" value="-108.000000" />
  <attribute name="IntegralI" value="-108.000000" />
  <attribute name="IntegralH" value="-108.000000" />
  <attribute name="DerivativeT" value="-0.750000" />
  <attribute name="DerivativeI" value="-0.750000" />
  <attribute name="DerivativeH" value="-0.750000" />
  <attribute name="Loop Time for DT" value="12.000000" />
  <attribute name="Output H" value="2092630016"/>
  <attribute name="Output I" value="200"/>
  <attribute name="Output T" value="4"/>
  <attribute name="Target GC Util Change" value ="20.000000" />
  <attribute name="Current GC Util Change" value="11.000000"/>
  <attribute name="GC Util currently" value="11" />
  <attribute name="CPU Util currently" value="398738407770" />
<allocation-satisfied id="1077" threadId="000000000102D800" bytesRequested="56" />
<af-end id="1078" timestamp="2019-06-16T01:38:50.080" threadId="000000000102E188" success="true" from="nursery"/>
<exclusive-end id="1079" timestamp="2019-06-16T01:38:50.080" durationms="1.970" />

<exclusive-start id="1080" timestamp="2019-06-16T01:38:50.090" intervalms="11.406">
  <response-info timems="0.197" idlems="0.182" threads="1" lastid="0000000001035400" lastname="PmdThread 3" />
</exclusive-start>
<af-start id="1081" threadId="000000000102E188" totalBytesRequested="16" timestamp="2019-06-16T01:38:50.090" intervalms="11.404" type="nursery" />
<cycle-start id="1082" type="scavenge" contextid="0" timestamp="2019-06-16T01:38:50.090" intervalms="11.400" />
<gc-start id="1083" type="scavenge" contextid="1082" timestamp="2019-06-16T01:38:50.090">
  <mem-info id="1084" free="2066430528" total="2092630016" percent="98">
    <mem type="nursery" free="0" total="6029312" percent="0">
      <mem type="allocate" free="0" total="5177344" percent="0" />
      <mem type="survivor" free="0" total="851968" percent="0" />
    </mem>
    <mem type="tenure" free="2066430528" total="2086600704" percent="99">
      <mem type="soa" free="1962101312" total="1982271488" percent="98" />
      <mem type="loa" free="104329216" total="104329216" percent="100" />
    </mem>
    <remembered-set count="2234" />
  </mem-info>
</gc-start>
<allocation-stats totalBytes="4696696" >
  <allocated-bytes non-tlh="616" tlh="4696080" />
  <largest-consumer threadName="PmdThread 1" threadId="0000000001029C00" bytes="1310216" />
</allocation-stats>
<gc-op id="1085" type="scavenge" timems="1.461" contextid="1082" timestamp="2019-06-16T01:38:50.092">
  <scavenger-info tenureage="5" tenuremask="7fe0" tiltratio="85" />
  <memory-copied type="nursery" objects="19023" bytes="835424" bytesdiscarded="16296" />
  <memory-copied type="tenure" objects="3" bytes="32792" bytesdiscarded="0" />
  <copy-failed type="nursery" objects="3" bytes="32792" />
  <references type="weak" candidates="35" cleared="35" enqueued="35" />
  <references type="phantom" candidates="4" cleared="4" enqueued="4" />
</gc-op>
<gc-end id="1086" type="scavenge" contextid="1082" durationms="1.713" usertimems="4.000" systemtimems="0.000" timestamp="2019-06-16T01:38:50.092" activeThreads="4">
  <mem-info id="1087" free="2070133288" total="2092630016" percent="98">
    <mem type="nursery" free="3735552" total="6029312" percent="61">
      <mem type="allocate" free="3735552" total="4587520" percent="81" />
      <mem type="survivor" free="0" total="1441792" percent="0" />
    </mem>
    <mem type="tenure" free="2066397736" total="2086600704" percent="99">
      <mem type="soa" free="1962068520" total="1982271488" percent="98" />
      <mem type="loa" free="104329216" total="104329216" percent="100" />
    </mem>
    <pending-finalizers system="0" default="0" reference="39" classloader="0" />
    <remembered-set count="2226" />
  </mem-info>
</gc-end>
<cycle-end id="1088" type="scavenge" contextid="1082" timestamp="2019-06-16T01:38:50.092" />
  <attribute name="elasticGC enabled" value="1" />
  <attribute name= "numThreadsSpecified" value="4" />
  <attribute name="heapSize specified" value="12582912" />
  <attribute name="Current GC Util" value="17" />
  <attribute name= "Current Time Running" value="13866" />
  <attribute name ="GC Interval" value="200" />
  <attribute name="ProportionalT" value="-4.500000" />
  <attribute name="ProportionalI" value="-4.500000" />
  <attribute name="ProportionalH" value="-4.500000" />
  <attribute name="Current Error" value="-3.000000" />
  <attribute name="IntegralT" value="-33.000000" />
  <attribute name="IntegralI" value="-33.000000" />
  <attribute name="IntegralH" value="-33.000000" />
  <attribute name="DerivativeT" value="-0.272727" />
  <attribute name="DerivativeI" value="-0.272727" />
  <attribute name="DerivativeH" value="-0.272727" />
  <attribute name="Loop Time for DT" value="11.000000" />
  <attribute name="Output H" value="2092630016"/>
  <attribute name="Output I" value="200"/>
  <attribute name="Output T" value="4"/>
  <attribute name="Target GC Util Change" value ="20.000000" />
  <attribute name="Current GC Util Change" value="17.000000"/>
  <attribute name="GC Util currently" value="17" />
  <attribute name="CPU Util currently" value="404007976966" />
<allocation-satisfied id="1089" threadId="000000000102D800" bytesRequested="16" />
<af-end id="1090" timestamp="2019-06-16T01:38:50.092" threadId="000000000102E188" success="true" from="nursery"/>
<exclusive-end id="1091" timestamp="2019-06-16T01:38:50.092" durationms="2.177" />

<exclusive-start id="1092" timestamp="2019-06-16T01:38:50.100" intervalms="10.482">
  <response-info timems="0.038" idlems="0.038" threads="0" lastid="0000000001029C00" lastname="PmdThread 1" />
</exclusive-start>
<af-start id="1093" threadId="000000000102A588" totalBytesRequested="72" timestamp="2019-06-16T01:38:50.100" intervalms="10.484" type="nursery" />
<cycle-start id="1094" type="scavenge" contextid="0" timestamp="2019-06-16T01:38:50.100" intervalms="10.461" />
<gc-start id="1095" type="scavenge" contextid="1094" timestamp="2019-06-16T01:38:50.100">
  <mem-info id="1096" free="2066397360" total="2092630016" percent="98">
    <mem type="nursery" free="0" total="6029312" percent="0">
      <mem type="allocate" free="0" total="4587520" percent="0" />
      <mem type="survivor" free="0" total="1441792" percent="0" />
    </mem>
    <mem type="tenure" free="2066397360" total="2086600704" percent="99">
      <mem type="soa" free="1962068144" total="1982271488" percent="98" />
      <mem type="loa" free="104329216" total="104329216" percent="100" />
    </mem>
    <remembered-set count="2834" />
  </mem-info>
</gc-start>
<allocation-stats totalBytes="3734872" >
  <allocated-bytes non-tlh="392" tlh="3734480" />
  <largest-consumer threadName="PmdThread 3" threadId="0000000001035400" bytes="1531456" />
</allocation-stats>
<gc-op id="1097" type="scavenge" timems="0.914" contextid="1094" timestamp="2019-06-16T01:38:50.102">
  <scavenger-info tenureage="5" tenuremask="7fe0" tiltratio="76" />
  <memory-copied type="nursery" objects="18768" bytes="968624" bytesdiscarded="94720" />
  <memory-copied type="tenure" objects="742" bytes="20512" bytesdiscarded="0" />
  <references type="weak" candidates="31" cleared="31" enqueued="31" />
  <references type="phantom" candidates="6" cleared="5" enqueued="5" />
</gc-op>
<gc-end id="1098" type="scavenge" contextid="1094" durationms="1.496" usertimems="4.000" systemtimems="0.000" timestamp="2019-06-16T01:38:50.102" activeThreads="4">
  <mem-info id="1099" free="2069983288" total="2092630016" percent="98">
    <mem type="nursery" free="3717256" total="6029312" percent="61">
      <mem type="allocate" free="3717256" total="4784128" percent="77" />
      <mem type="survivor" free="0" total="1245184" percent="0" />
    </mem>
    <mem type="tenure" free="2066266032" total="2086600704" percent="99">
      <mem type="soa" free="1961936816" total="1982271488" percent="98" />
      <mem type="loa" free="104329216" total="104329216" percent="100" />
    </mem>
    <pending-finalizers system="0" default="0" reference="36" classloader="0" />
    <remembered-set count="2557" />
  </mem-info>
</gc-end>
<cycle-end id="1100" type="scavenge" contextid="1094" timestamp="2019-06-16T01:38:50.102" />
  <attribute name="elasticGC enabled" value="1" />
  <attribute name= "numThreadsSpecified" value="4" />
  <attribute name="heapSize specified" value="12582912" />
  <attribute name="Current GC Util" value="25" />
  <attribute name= "Current Time Running" value="13877" />
  <attribute name ="GC Interval" value="200" />
  <attribute name="ProportionalT" value="7.500000" />
  <attribute name="ProportionalI" value="7.500000" />
  <attribute name="ProportionalH" value="7.500000" />
  <attribute name="Current Error" value="5.000000" />
  <attribute name="IntegralT" value="55.000000" />
  <attribute name="IntegralI" value="55.000000" />
  <attribute name="IntegralH" value="55.000000" />
  <attribute name="DerivativeT" value="0.454545" />
  <attribute name="DerivativeI" value="0.454545" />
  <attribute name="DerivativeH" value="0.454545" />
  <attribute name="Loop Time for DT" value="11.000000" />
  <attribute name="Output H" value="8388608"/>
  <attribute name="Output I" value="200"/>
  <attribute name="Output T" value="4"/>
  <attribute name="Target GC Util Change" value ="20.000000" />
  <attribute name="Current GC Util Change" value="25.000000"/>
  <attribute name="GC Util currently" value="25" />
  <attribute name="CPU Util currently" value="426257671585" />
<allocation-satisfied id="1101" threadId="0000000001029C00" bytesRequested="72" />
<af-end id="1102" timestamp="2019-06-16T01:38:50.102" threadId="000000000102A588" success="true" from="nursery"/>
<exclusive-end id="1103" timestamp="2019-06-16T01:38:50.102" durationms="1.941" />

<exclusive-start id="1104" timestamp="2019-06-16T01:38:50.111" intervalms="10.354">
  <response-info timems="0.030" idlems="0.030" threads="0" lastid="0000000001035400" lastname="PmdThread 3" />
</exclusive-start>
<af-start id="1105" threadId="0000000001035D88" totalBytesRequested="72" timestamp="2019-06-16T01:38:50.111" intervalms="10.358" type="nursery" />
<cycle-start id="1106" type="scavenge" contextid="0" timestamp="2019-06-16T01:38:50.111" intervalms="10.392" />
<gc-start id="1107" type="scavenge" contextid="1106" timestamp="2019-06-16T01:38:50.111">
  <mem-info id="1108" free="2066265264" total="2092630016" percent="98">
    <mem type="nursery" free="0" total="6029312" percent="0">
      <mem type="allocate" free="0" total="4784128" percent="0" />
      <mem type="survivor" free="0" total="1245184" percent="0" />
    </mem>
    <mem type="tenure" free="2066265264" total="2086600704" percent="99">
      <mem type="soa" free="1961936048" total="1982271488" percent="98" />
      <mem type="loa" free="104329216" total="104329216" percent="100" />
    </mem>
    <remembered-set count="2977" />
  </mem-info>
</gc-start>
<allocation-stats totalBytes="3717032" >
  <allocated-bytes non-tlh="840" tlh="3716192" />
  <largest-consumer threadName="PmdThread 2" threadId="000000000102D800" bytes="1232640" />
</allocation-stats>
<gc-op id="1109" type="scavenge" timems="1.404" contextid="1106" timestamp="2019-06-16T01:38:50.113">
  <scavenger-info tenureage="5" tenuremask="7fe0" tiltratio="79" />
  <memory-copied type="nursery" objects="14564" bytes="822616" bytesdiscarded="93400" />
  <memory-copied type="tenure" objects="905" bytes="23232" bytesdiscarded="0" />
  <references type="weak" candidates="51" cleared="51" enqueued="51" />
  <references type="phantom" candidates="9" cleared="9" enqueued="9" />
</gc-op>
<gc-end id="1110" type="scavenge" contextid="1106" durationms="1.992" usertimems="0.000" systemtimems="0.000" timestamp="2019-06-16T01:38:50.113" activeThreads="4">
  <mem-info id="1111" free="2070096232" total="2092630016" percent="98">
    <mem type="nursery" free="3931576" total="6029312" percent="65">
      <mem type="allocate" free="3931576" total="4849664" percent="81" />
      <mem type="survivor" free="0" total="1179648" percent="0" />
    </mem>
    <mem type="tenure" free="2066164656" total="2086600704" percent="99">
      <mem type="soa" free="1961835440" total="1982271488" percent="98" />
      <mem type="loa" free="104329216" total="104329216" percent="100" />
    </mem>
    <pending-finalizers system="0" default="0" reference="60" classloader="0" />
    <remembered-set count="2662" />
  </mem-info>
</gc-end>
<cycle-end id="1112" type="scavenge" contextid="1106" timestamp="2019-06-16T01:38:50.113" />
  <attribute name="elasticGC enabled" value="1" />
  <attribute name= "numThreadsSpecified" value="4" />
  <attribute name="heapSize specified" value="12582912" />
  <attribute name="Current GC Util" value="23" />
  <attribute name= "Current Time Running" value="13887" />
  <attribute name ="GC Interval" value="200" />
  <attribute name="ProportionalT" value="4.500000" />
  <attribute name="ProportionalI" value="4.500000" />
  <attribute name="ProportionalH" value="4.500000" />
  <attribute name="Current Error" value="3.000000" />
  <attribute name="IntegralT" value="30.000000" />
  <attribute name="IntegralI" value="30.000000" />
  <attribute name="IntegralH" value="30.000000" />
  <attribute name="DerivativeT" value="-0.200000" />
  <attribute name="DerivativeI" value="-0.200000" />
  <attribute name="DerivativeH" value="-0.200000" />
  <attribute name="Loop Time for DT" value="10.000000" />
  <attribute name="Output H" value="8388608"/>
  <attribute name="Output I" value="200"/>
  <attribute name="Output T" value="4"/>
  <attribute name="Target GC Util Change" value ="20.000000" />
  <attribute name="Current GC Util Change" value="23.000000"/>
  <attribute name="GC Util currently" value="23" />
  <attribute name="CPU Util currently" value="443190405082" />
<allocation-satisfied id="1113" threadId="0000000001035400" bytesRequested="72" />
<af-end id="1114" timestamp="2019-06-16T01:38:50.113" threadId="0000000001035D88" success="true" from="nursery"/>
<exclusive-end id="1115" timestamp="2019-06-16T01:38:50.113" durationms="2.476" />

<exclusive-start id="1116" timestamp="2019-06-16T01:38:50.119" intervalms="7.961">
  <response-info timems="0.034" idlems="0.034" threads="0" lastid="0000000001035400" lastname="PmdThread 3" />
</exclusive-start>
<af-start id="1117" threadId="0000000001035D88" totalBytesRequested="16" timestamp="2019-06-16T01:38:50.119" intervalms="7.965" type="nursery" />
<cycle-start id="1118" type="scavenge" contextid="0" timestamp="2019-06-16T01:38:50.119" intervalms="7.956" />
<gc-start id="1119" type="scavenge" contextid="1118" timestamp="2019-06-16T01:38:50.119">
  <mem-info id="1120" free="2066164656" total="2092630016" percent="98">
    <mem type="nursery" free="0" total="6029312" percent="0">
      <mem type="allocate" free="0" total="4849664" percent="0" />
      <mem type="survivor" free="0" total="1179648" percent="0" />
    </mem>
    <mem type="tenure" free="2066164656" total="2086600704" percent="99">
      <mem type="soa" free="1961835440" total="1982271488" percent="98" />
      <mem type="loa" free="104329216" total="104329216" percent="100" />
    </mem>
    <remembered-set count="2982" />
  </mem-info>
</gc-start>
<allocation-stats totalBytes="3927976" >
  <allocated-bytes non-tlh="72" tlh="3927904" />
  <largest-consumer threadName="PmdThread 4" threadId="0000000001039000" bytes="1530856" />
</allocation-stats>
<gc-op id="1121" type="scavenge" timems="1.782" contextid="1118" timestamp="2019-06-16T01:38:50.121">
  <scavenger-info tenureage="5" tenuremask="7fe0" tiltratio="80" />
  <memory-copied type="nursery" objects="24048" bytes="1138136" bytesdiscarded="40584" />
  <memory-copied type="tenure" objects="1869" bytes="49600" bytesdiscarded="0" />
  <copy-failed type="nursery" objects="177" bytes="6136" />
  <references type="weak" candidates="15" cleared="15" enqueued="15" />
  <references type="phantom" candidates="4" cleared="3" enqueued="3" />
</gc-op>
<gc-end id="1122" type="scavenge" contextid="1118" durationms="1.984" usertimems="0.000" systemtimems="4.000" timestamp="2019-06-16T01:38:50.121" activeThreads="4">
  <mem-info id="1123" free="2069375920" total="2092630016" percent="98">
    <mem type="nursery" free="3211264" total="6029312" percent="53">
      <mem type="allocate" free="3211264" total="4390912" percent="73" />
      <mem type="survivor" free="0" total="1638400" percent="0" />
    </mem>
    <mem type="tenure" free="2066164656" total="2086600704" percent="99">
      <mem type="soa" free="1961835440" total="1982271488" percent="98" />
      <mem type="loa" free="104329216" total="104329216" percent="100" />
    </mem>
    <pending-finalizers system="0" default="0" reference="18" classloader="0" />
    <remembered-set count="2424" />
  </mem-info>
</gc-end>
<cycle-end id="1124" type="scavenge" contextid="1118" timestamp="2019-06-16T01:38:50.121" />
  <attribute name="elasticGC enabled" value="1" />
  <attribute name= "numThreadsSpecified" value="4" />
  <attribute name="heapSize specified" value="12582912" />
  <attribute name="Current GC Util" value="37" />
  <attribute name= "Current Time Running" value="13895" />
  <attribute name ="GC Interval" value="200" />
  <attribute name="ProportionalT" value="25.500000" />
  <attribute name="ProportionalI" value="25.500000" />
  <attribute name="ProportionalH" value="25.500000" />
  <attribute name="Current Error" value="17.000000" />
  <attribute name="IntegralT" value="136.000000" />
  <attribute name="IntegralI" value="136.000000" />
  <attribute name="IntegralH" value="136.000000" />
  <attribute name="DerivativeT" value="1.750000" />
  <attribute name="DerivativeI" value="1.750000" />
  <attribute name="DerivativeH" value="1.750000" />
  <attribute name="Loop Time for DT" value="8.000000" />
  <attribute name="Output H" value="8388608"/>
  <attribute name="Output I" value="200"/>
  <attribute name="Output T" value="4"/>
  <attribute name="Target GC Util Change" value ="20.000000" />
  <attribute name="Current GC Util Change" value="37.000000"/>
  <attribute name="GC Util currently" value="37" />
  <attribute name="CPU Util currently" value="609679198771" />
<allocation-satisfied id="1125" threadId="0000000001035400" bytesRequested="16" />
<af-end id="1126" timestamp="2019-06-16T01:38:50.121" threadId="0000000001035D88" success="true" from="nursery"/>
<exclusive-end id="1127" timestamp="2019-06-16T01:38:50.121" durationms="2.464" />

<exclusive-start id="1128" timestamp="2019-06-16T01:38:50.125" intervalms="6.093">
  <response-info timems="0.197" idlems="0.182" threads="1" lastid="0000000001035400" lastname="PmdThread 3" />
</exclusive-start>
<af-start id="1129" threadId="000000000102E188" totalBytesRequested="112" timestamp="2019-06-16T01:38:50.125" intervalms="6.075" type="nursery" />
<cycle-start id="1130" type="scavenge" contextid="0" timestamp="2019-06-16T01:38:50.125" intervalms="6.071" />
<gc-start id="1131" type="scavenge" contextid="1130" timestamp="2019-06-16T01:38:50.125">
  <mem-info id="1132" free="2066164656" total="2092630016" percent="98">
    <mem type="nursery" free="0" total="6029312" percent="0">
      <mem type="allocate" free="0" total="4390912" percent="0" />
      <mem type="survivor" free="0" total="1638400" percent="0" />
    </mem>
    <mem type="tenure" free="2066164656" total="2086600704" percent="99">
      <mem type="soa" free="1961835440" total="1982271488" percent="98" />
      <mem type="loa" free="104329216" total="104329216" percent="100" />
    </mem>
    <remembered-set count="2661" />
  </mem-info>
</gc-start>
<allocation-stats totalBytes="3210192" >
  <allocated-bytes non-tlh="16" tlh="3210176" />
  <largest-consumer threadName="PmdThread 4" threadId="0000000001039000" bytes="1539744" />
</allocation-stats>
<gc-op id="1133" type="scavenge" timems="2.526" contextid="1130" timestamp="2019-06-16T01:38:50.128">
  <scavenger-info tenureage="5" tenuremask="7fe0" tiltratio="72" />
  <memory-copied type="nursery" objects="33039" bytes="1600096" bytesdiscarded="35144" />
  <memory-copied type="tenure" objects="7119" bytes="250544" bytesdiscarded="24" />
  <copy-failed type="nursery" objects="5543" bytes="204304" />
  <references type="phantom" candidates="2" cleared="0" enqueued="0" />
</gc-op>
<gc-end id="1134" type="scavenge" contextid="1130" durationms="2.715" usertimems="4.000" systemtimems="0.000" timestamp="2019-06-16T01:38:50.128" activeThreads="4">
  <mem-info id="1135" free="2067483360" total="2092630016" percent="98">
    <mem type="nursery" free="1703936" total="6029312" percent="28">
      <mem type="allocate" free="1703936" total="3342336" percent="50" />
      <mem type="survivor" free="0" total="2686976" percent="0" />
    </mem>
    <mem type="tenure" free="2065779424" total="2086600704" percent="99">
      <mem type="soa" free="1961450208" total="1982271488" percent="98" />
      <mem type="loa" free="104329216" total="104329216" percent="100" />
    </mem>
    <remembered-set count="4602" />
  </mem-info>
</gc-end>
<cycle-end id="1136" type="scavenge" contextid="1130" timestamp="2019-06-16T01:38:50.128" />
  <attribute name="elasticGC enabled" value="1" />
  <attribute name= "numThreadsSpecified" value="4" />
  <attribute name="heapSize specified" value="12582912" />
  <attribute name="Current GC Util" value="59" />
  <attribute name= "Current Time Running" value="13901" />
  <attribute name ="GC Interval" value="296" />
  <attribute name="ProportionalT" value="58.500000" />
  <attribute name="ProportionalI" value="58.500000" />
  <attribute name="ProportionalH" value="58.500000" />
  <attribute name="Current Error" value="39.000000" />
  <attribute name="IntegralT" value="234.000000" />
  <attribute name="IntegralI" value="234.000000" />
  <attribute name="IntegralH" value="234.000000" />
  <attribute name="DerivativeT" value="3.666667" />
  <attribute name="DerivativeI" value="3.666667" />
  <attribute name="DerivativeH" value="3.666667" />
  <attribute name="Loop Time for DT" value="6.000000" />
  <attribute name="Output H" value="8388608"/>
  <attribute name="Output I" value="296"/>
  <attribute name="Output T" value="4"/>
  <attribute name="Target GC Util Change" value ="20.000000" />
  <attribute name="Current GC Util Change" value="59.000000"/>
  <attribute name="GC Util currently" value="59" />
  <attribute name="CPU Util currently" value="762049280530" />
<allocation-satisfied id="1137" threadId="000000000102D800" bytesRequested="112" />
<af-end id="1138" timestamp="2019-06-16T01:38:50.128" threadId="000000000102E188" success="true" from="nursery"/>
<exclusive-end id="1139" timestamp="2019-06-16T01:38:50.128" durationms="3.199" />

<exclusive-start id="1140" timestamp="2019-06-16T01:38:50.130" intervalms="5.132">
  <response-info timems="0.032" idlems="0.032" threads="0" lastid="0000000001039000" lastname="PmdThread 4" />
</exclusive-start>
<af-start id="1141" threadId="0000000001039988" totalBytesRequested="56" timestamp="2019-06-16T01:38:50.130" intervalms="5.135" type="nursery" />
<cycle-start id="1142" type="scavenge" contextid="0" timestamp="2019-06-16T01:38:50.130" intervalms="5.140" />
<gc-start id="1143" type="scavenge" contextid="1142" timestamp="2019-06-16T01:38:50.130">
  <mem-info id="1144" free="2065779216" total="2092630016" percent="98">
    <mem type="nursery" free="0" total="6029312" percent="0">
      <mem type="allocate" free="0" total="3342336" percent="0" />
      <mem type="survivor" free="0" total="2686976" percent="0" />
    </mem>
    <mem type="tenure" free="2065779216" total="2086600704" percent="99">
      <mem type="soa" free="1961450000" total="1982271488" percent="98" />
      <mem type="loa" free="104329216" total="104329216" percent="100" />
    </mem>
    <remembered-set count="4745" />
  </mem-info>
</gc-start>
<allocation-stats totalBytes="1703624" >
  <allocated-bytes non-tlh="320" tlh="1703304" />
  <largest-consumer threadName="PmdThread 4" threadId="0000000001039000" bytes="737120" />
</allocation-stats>
<gc-op id="1145" type="scavenge" timems="3.818" contextid="1142" timestamp="2019-06-16T01:38:50.134">
  <scavenger-info tenureage="4" tenuremask="7ff0" tiltratio="55" />
  <memory-copied type="nursery" objects="38999" bytes="1861480" bytesdiscarded="79712" />
  <memory-copied type="tenure" objects="3232" bytes="87496" bytesdiscarded="16" />
  <references type="weak" candidates="9" cleared="9" enqueued="9" />
  <references type="phantom" candidates="3" cleared="1" enqueued="1" />
</gc-op>
<gc-end id="1146" type="scavenge" contextid="1142" durationms="4.192" usertimems="4.000" systemtimems="0.000" timestamp="2019-06-16T01:38:50.134" activeThreads="4">
  <mem-info id="1147" free="2067599840" total="2092630016" percent="98">
    <mem type="nursery" free="1859792" total="6029312" percent="30">
      <mem type="allocate" free="1859792" total="3801088" percent="48" />
      <mem type="survivor" free="0" total="2228224" percent="0" />
    </mem>
    <mem type="tenure" free="2065740048" total="2086600704" percent="99">
      <mem type="soa" free="1961410832" total="1982271488" percent="98" />
      <mem type="loa" free="104329216" total="104329216" percent="100" />
    </mem>
    <pending-finalizers system="0" default="0" reference="10" classloader="0" />
    <remembered-set count="3661" />
  </mem-info>
</gc-end>
<cycle-end id="1148" type="scavenge" contextid="1142" timestamp="2019-06-16T01:38:50.134" />
  <attribute name="elasticGC enabled" value="1" />
  <attribute name= "numThreadsSpecified" value="4" />
  <attribute name="heapSize specified" value="12582912" />
  <attribute name="Current GC Util" value="84" />
  <attribute name= "Current Time Running" value="13906" />
  <attribute name ="GC Interval" value="424" />
  <attribute name="ProportionalT" value="96.000000" />
  <attribute name="ProportionalI" value="96.000000" />
  <attribute name="ProportionalH" value="96.000000" />
  <attribute name="Current Error" value="64.000000" />
  <attribute name="IntegralT" value="320.000000" />
  <attribute name="IntegralI" value="320.000000" />
  <attribute name="IntegralH" value="320.000000" />
  <attribute name="DerivativeT" value="5.000000" />
  <attribute name="DerivativeI" value="5.000000" />
  <attribute name="DerivativeH" value="5.000000" />
  <attribute name="Loop Time for DT" value="5.000000" />
  <attribute name="Output H" value="8388608"/>
  <attribute name="Output I" value="424"/>
  <attribute name="Output T" value="4"/>
  <attribute name="Target GC Util Change" value ="20.000000" />
  <attribute name="Current GC Util Change" value="84.000000"/>
  <attribute name="GC Util currently" value="84" />
  <attribute name="CPU Util currently" value="893445843921" />
<allocation-satisfied id="1149" threadId="0000000001039000" bytesRequested="56" />
<af-end id="1150" timestamp="2019-06-16T01:38:50.135" threadId="0000000001039988" success="true" from="nursery"/>
<exclusive-end id="1151" timestamp="2019-06-16T01:38:50.135" durationms="4.800" />

<exclusive-start id="1152" timestamp="2019-06-16T01:38:50.137" intervalms="7.020">
  <response-info timems="0.033" idlems="0.033" threads="0" lastid="0000000001035400" lastname="PmdThread 3" />
</exclusive-start>
<af-start id="1153" threadId="0000000001035D88" totalBytesRequested="72" timestamp="2019-06-16T01:38:50.137" intervalms="7.306" type="nursery" />
<cycle-start id="1154" type="scavenge" contextid="0" timestamp="2019-06-16T01:38:50.137" intervalms="7.278" />
<gc-start id="1155" type="scavenge" contextid="1154" timestamp="2019-06-16T01:38:50.137">
  <mem-info id="1156" free="2065740048" total="2092630016" percent="98">
    <mem type="nursery" free="0" total="6029312" percent="0">
      <mem type="allocate" free="0" total="3801088" percent="0" />
      <mem type="survivor" free="0" total="2228224" percent="0" />
    </mem>
    <mem type="tenure" free="2065740048" total="2086600704" percent="99">
      <mem type="soa" free="1961410832" total="1982271488" percent="98" />
      <mem type="loa" free="104329216" total="104329216" percent="100" />
    </mem>
    <remembered-set count="3969" />
  </mem-info>
</gc-start>
<allocation-stats totalBytes="1859360" >
  <allocated-bytes non-tlh="56" tlh="1859304" />
  <largest-consumer threadName="PmdThread 4" threadId="0000000001039000" bytes="999472" />
</allocation-stats>
<gc-op id="1157" type="scavenge" timems="2.166" contextid="1154" timestamp="2019-06-16T01:38:50.140">
  <scavenger-info tenureage="3" tenuremask="7ff8" tiltratio="63" />
  <memory-copied type="nursery" objects="30751" bytes="1262656" bytesdiscarded="197976" />
  <memory-copied type="tenure" objects="13529" bytes="730712" bytesdiscarded="200" />
  <references type="phantom" candidates="1" cleared="0" enqueued="0" />
</gc-op>
<gc-end id="1158" type="scavenge" contextid="1154" durationms="2.396" usertimems="4.000" systemtimems="0.000" timestamp="2019-06-16T01:38:50.140" activeThreads="4">
  <mem-info id="1159" free="2067387064" total="2092630016" percent="98">
    <mem type="nursery" free="2404848" total="6029312" percent="39">
      <mem type="allocate" free="2404848" total="3866624" percent="62" />
      <mem type="survivor" free="0" total="2162688" percent="0" />
    </mem>
    <mem type="tenure" free="2064982216" total="2086600704" percent="98">
      <mem type="soa" free="1960653000" total="1982271488" percent="98" />
      <mem type="loa" free="104329216" total="104329216" percent="100" />
    </mem>
    <remembered-set count="893" />
  </mem-info>
</gc-end>
<cycle-end id="1160" type="scavenge" contextid="1154" timestamp="2019-06-16T01:38:50.140" />
  <attribute name="elasticGC enabled" value="1" />
  <attribute name= "numThreadsSpecified" value="4" />
  <attribute name="heapSize specified" value="12582912" />
  <attribute name="Current GC Util" value="82" />
  <attribute name= "Current Time Running" value="13913" />
  <attribute name ="GC Interval" value="528" />
  <attribute name="ProportionalT" value="93.000000" />
  <attribute name="ProportionalI" value="93.000000" />
  <attribute name="ProportionalH" value="93.000000" />
  <attribute name="Current Error" value="62.000000" />
  <attribute name="IntegralT" value="434.000000" />
  <attribute name="IntegralI" value="434.000000" />
  <attribute name="IntegralH" value="434.000000" />
  <attribute name="DerivativeT" value="-0.285714" />
  <attribute name="DerivativeI" value="-0.285714" />
  <attribute name="DerivativeH" value="-0.285714" />
  <attribute name="Loop Time for DT" value="7.000000" />
  <attribute name="Output H" value="8388608"/>
  <attribute name="Output I" value="528"/>
  <attribute name="Output T" value="4"/>
  <attribute name="Target GC Util Change" value ="20.000000" />
  <attribute name="Current GC Util Change" value="82.000000"/>
  <attribute name="GC Util currently" value="82" />
  <attribute name="CPU Util currently" value="634377602557" />
<allocation-satisfied id="1161" threadId="0000000001035400" bytesRequested="72" />
<af-end id="1162" timestamp="2019-06-16T01:38:50.140" threadId="0000000001035D88" success="true" from="nursery"/>
<exclusive-end id="1163" timestamp="2019-06-16T01:38:50.140" durationms="3.121" />

<exclusive-start id="1164" timestamp="2019-06-16T01:38:50.144" intervalms="6.690">
  <response-info timems="0.033" idlems="0.033" threads="0" lastid="0000000001039000" lastname="PmdThread 4" />
</exclusive-start>
<af-start id="1165" threadId="0000000001039988" totalBytesRequested="40" timestamp="2019-06-16T01:38:50.144" intervalms="6.400" type="nursery" />
<cycle-start id="1166" type="scavenge" contextid="0" timestamp="2019-06-16T01:38:50.144" intervalms="6.426" />
<gc-start id="1167" type="scavenge" contextid="1166" timestamp="2019-06-16T01:38:50.144">
  <mem-info id="1168" free="2064982216" total="2092630016" percent="98">
    <mem type="nursery" free="0" total="6029312" percent="0">
      <mem type="allocate" free="0" total="3866624" percent="0" />
      <mem type="survivor" free="0" total="2162688" percent="0" />
    </mem>
    <mem type="tenure" free="2064982216" total="2086600704" percent="98">
      <mem type="soa" free="1960653000" total="1982271488" percent="98" />
      <mem type="loa" free="104329216" total="104329216" percent="100" />
    </mem>
    <remembered-set count="1437" />
  </mem-info>
</gc-start>
<allocation-stats totalBytes="2403872" >
  <allocated-bytes non-tlh="72" tlh="2403800" />
  <largest-consumer threadName="PmdThread 4" threadId="0000000001039000" bytes="1290448" />
</allocation-stats>
<gc-op id="1169" type="scavenge" timems="4.731" contextid="1166" timestamp="2019-06-16T01:38:50.149">
  <scavenger-info tenureage="2" tenuremask="7ffc" tiltratio="64" />
  <memory-copied type="nursery" objects="19554" bytes="843240" bytesdiscarded="50712" />
  <memory-copied type="tenure" objects="19977" bytes="802304" bytesdiscarded="344" />
  <references type="weak" candidates="3" cleared="3" enqueued="3" />
  <references type="phantom" candidates="2" cleared="1" enqueued="1" />
</gc-op>
<gc-end id="1170" type="scavenge" contextid="1166" durationms="5.096" usertimems="8.000" systemtimems="0.000" timestamp="2019-06-16T01:38:50.149" activeThreads="4">
  <mem-info id="1171" free="2067277976" total="2092630016" percent="98">
    <mem type="nursery" free="3103456" total="6029312" percent="51">
      <mem type="allocate" free="3103456" total="3997696" percent="77" />
      <mem type="survivor" free="0" total="2031616" percent="0" />
    </mem>
    <mem type="tenure" free="2064174520" total="2086600704" percent="98">
      <mem type="soa" free="1959845304" total="1982271488" percent="98" />
      <mem type="loa" free="104329216" total="104329216" percent="100" />
    </mem>
    <pending-finalizers system="0" default="0" reference="4" classloader="0" />
    <remembered-set count="1036" />
  </mem-info>
</gc-end>
<cycle-end id="1172" type="scavenge" contextid="1166" timestamp="2019-06-16T01:38:50.149" />
  <attribute name="elasticGC enabled" value="1" />
  <attribute name= "numThreadsSpecified" value="4" />
  <attribute name="heapSize specified" value="12582912" />
  <attribute name="Current GC Util" value="65" />
  <attribute name= "Current Time Running" value="13920" />
  <attribute name ="GC Interval" value="384" />
  <attribute name="ProportionalT" value="67.500000" />
  <attribute name="ProportionalI" value="67.500000" />
  <attribute name="ProportionalH" value="67.500000" />
  <attribute name="Current Error" value="45.000000" />
  <attribute name="IntegralT" value="315.000000" />
  <attribute name="IntegralI" value="315.000000" />
  <attribute name="IntegralH" value="315.000000" />
  <attribute name="DerivativeT" value="-2.428571" />
  <attribute name="DerivativeI" value="-2.428571" />
  <attribute name="DerivativeH" value="-2.428571" />
  <attribute name="Loop Time for DT" value="7.000000" />
  <attribute name="Output H" value="8388608"/>
  <attribute name="Output I" value="384"/>
  <attribute name="Output T" value="4"/>
  <attribute name="Target GC Util Change" value ="20.000000" />
  <attribute name="Current GC Util Change" value="65.000000"/>
  <attribute name="GC Util currently" value="65" />
  <attribute name="CPU Util currently" value="717771806585" />
<allocation-satisfied id="1173" threadId="0000000001039000" bytesRequested="40" />
<af-end id="1174" timestamp="2019-06-16T01:38:50.149" threadId="0000000001039988" success="true" from="nursery"/>
<exclusive-end id="1175" timestamp="2019-06-16T01:38:50.149" durationms="5.696" />

<exclusive-start id="1176" timestamp="2019-06-16T01:38:50.154" intervalms="10.056">
  <response-info timems="0.031" idlems="0.031" threads="0" lastid="0000000001039000" lastname="PmdThread 4" />
</exclusive-start>
<af-start id="1177" threadId="0000000001039988" totalBytesRequested="72" timestamp="2019-06-16T01:38:50.154" intervalms="10.058" type="nursery" />
<cycle-start id="1178" type="scavenge" contextid="0" timestamp="2019-06-16T01:38:50.154" intervalms="10.059" />
<gc-start id="1179" type="scavenge" contextid="1178" timestamp="2019-06-16T01:38:50.154">
  <mem-info id="1180" free="2064174520" total="2092630016" percent="98">
    <mem type="nursery" free="0" total="6029312" percent="0">
      <mem type="allocate" free="0" total="3997696" percent="0" />
      <mem type="survivor" free="0" total="2031616" percent="0" />
    </mem>
    <mem type="tenure" free="2064174520" total="2086600704" percent="98">
      <mem type="soa" free="1959845304" total="1982271488" percent="98" />
      <mem type="loa" free="104329216" total="104329216" percent="100" />
    </mem>
    <remembered-set count="2672" />
  </mem-info>
</gc-start>
<allocation-stats totalBytes="3102792" >
  <allocated-bytes non-tlh="40" tlh="3102752" />
  <largest-consumer threadName="PmdThread 4" threadId="0000000001039000" bytes="907816" />
</allocation-stats>
<gc-op id="1181" type="scavenge" timems="3.626" contextid="1178" timestamp="2019-06-16T01:38:50.158">
  <scavenger-info tenureage="2" tenuremask="7ffc" tiltratio="66" />
  <memory-copied type="nursery" objects="22787" bytes="955376" bytesdiscarded="118544" />
  <memory-copied type="tenure" objects="6898" bytes="255088" bytesdiscarded="128" />
  <references type="weak" candidates="10" cleared="9" enqueued="9" />
  <references type="phantom" candidates="3" cleared="1" enqueued="1" />
</gc-op>
<gc-end id="1182" type="scavenge" contextid="1178" durationms="3.989" usertimems="4.000" systemtimems="0.000" timestamp="2019-06-16T01:38:50.158" activeThreads="4">
  <mem-info id="1183" free="2067137408" total="2092630016" percent="98">
    <mem type="nursery" free="3119560" total="6029312" percent="51">
      <mem type="allocate" free="3119560" total="4194304" percent="74" />
      <mem type="survivor" free="0" total="1835008" percent="0" />
    </mem>
    <mem type="tenure" free="2064017848" total="2086600704" percent="98">
      <mem type="soa" free="1959688632" total="1982271488" percent="98" />
      <mem type="loa" free="104329216" total="104329216" percent="100" />
    </mem>
    <pending-finalizers system="0" default="0" reference="10" classloader="0" />
    <remembered-set count="2507" />
  </mem-info>
</gc-end>
<cycle-end id="1184" type="scavenge" contextid="1178" timestamp="2019-06-16T01:38:50.158" />
  <attribute name="elasticGC enabled" value="1" />
  <attribute name= "numThreadsSpecified" value="4" />
  <attribute name="heapSize specified" value="12582912" />
  <attribute name="Current GC Util" value="61" />
  <attribute name= "Current Time Running" value="13930" />
  <attribute name ="GC Interval" value="472" />
  <attribute name="ProportionalT" value="61.500000" />
  <attribute name="ProportionalI" value="61.500000" />
  <attribute name="ProportionalH" value="61.500000" />
  <attribute name="Current Error" value="41.000000" />
  <attribute name="IntegralT" value="410.000000" />
  <attribute name="IntegralI" value="410.000000" />
  <attribute name="IntegralH" value="410.000000" />
  <attribute name="DerivativeT" value="-0.400000" />
  <attribute name="DerivativeI" value="-0.400000" />
  <attribute name="DerivativeH" value="-0.400000" />
  <attribute name="Loop Time for DT" value="10.000000" />
  <attribute name="Output H" value="8388608"/>
  <attribute name="Output I" value="472"/>
  <attribute name="Output T" value="4"/>
  <attribute name="Target GC Util Change" value ="20.000000" />
  <attribute name="Current GC Util Change" value="61.000000"/>
  <attribute name="GC Util currently" value="61" />
  <attribute name="CPU Util currently" value="458300647281" />
<allocation-satisfied id="1185" threadId="0000000001039000" bytesRequested="72" />
<af-end id="1186" timestamp="2019-06-16T01:38:50.158" threadId="0000000001039988" success="true" from="nursery"/>
<exclusive-end id="1187" timestamp="2019-06-16T01:38:50.158" durationms="4.632" />

<exclusive-start id="1188" timestamp="2019-06-16T01:38:50.161" intervalms="7.809">
  <response-info timems="0.024" idlems="0.024" threads="0" lastid="000000000102D800" lastname="PmdThread 2" />
</exclusive-start>
<af-start id="1189" threadId="000000000102E188" totalBytesRequested="584" timestamp="2019-06-16T01:38:50.161" intervalms="7.810" type="nursery" />
<cycle-start id="1190" type="scavenge" contextid="0" timestamp="2019-06-16T01:38:50.162" intervalms="7.807" />
<gc-start id="1191" type="scavenge" contextid="1190" timestamp="2019-06-16T01:38:50.162">
  <mem-info id="1192" free="2064017512" total="2092630016" percent="98">
    <mem type="nursery" free="0" total="6029312" percent="0">
      <mem type="allocate" free="0" total="4194304" percent="0" />
      <mem type="survivor" free="0" total="1835008" percent="0" />
    </mem>
    <mem type="tenure" free="2064017512" total="2086600704" percent="98">
      <mem type="soa" free="1959688296" total="1982271488" percent="98" />
      <mem type="loa" free="104329216" total="104329216" percent="100" />
    </mem>
    <remembered-set count="3635" />
  </mem-info>
</gc-start>
<allocation-stats totalBytes="3118576" >
  <allocated-bytes non-tlh="408" tlh="3118168" />
  <largest-consumer threadName="PmdThread 4" threadId="0000000001039000" bytes="1701984" />
</allocation-stats>
<gc-op id="1193" type="scavenge" timems="2.463" contextid="1190" timestamp="2019-06-16T01:38:50.164">
  <scavenger-info tenureage="2" tenuremask="7ffc" tiltratio="69" />
  <memory-copied type="nursery" objects="17054" bytes="709720" bytesdiscarded="126824" />
  <memory-copied type="tenure" objects="10613" bytes="451032" bytesdiscarded="824" />
  <references type="weak" candidates="27" cleared="27" enqueued="27" />
  <references type="phantom" candidates="3" cleared="3" enqueued="3" />
</gc-op>
<gc-end id="1194" type="scavenge" contextid="1190" durationms="2.693" usertimems="4.000" systemtimems="0.000" timestamp="2019-06-16T01:38:50.164" activeThreads="4">
  <mem-info id="1195" free="2067157080" total="2092630016" percent="98">
    <mem type="nursery" free="3488760" total="6029312" percent="57">
      <mem type="allocate" free="3488760" total="4325376" percent="80" />
      <mem type="survivor" free="0" total="1703936" percent="0" />
    </mem>
    <mem type="tenure" free="2063668320" total="2086600704" percent="98">
      <mem type="soa" free="1959339104" total="1982271488" percent="98" />
      <mem type="loa" free="104329216" total="104329216" percent="100" />
    </mem>
    <pending-finalizers system="0" default="0" reference="30" classloader="0" />
    <remembered-set count="3437" />
  </mem-info>
</gc-end>
<cycle-end id="1196" type="scavenge" contextid="1190" timestamp="2019-06-16T01:38:50.164" />
  <attribute name="elasticGC enabled" value="1" />
  <attribute name= "numThreadsSpecified" value="4" />
  <attribute name="heapSize specified" value="12582912" />
  <attribute name="Current GC Util" value="59" />
  <attribute name= "Current Time Running" value="13938" />
  <attribute name ="GC Interval" value="376" />
  <attribute name="ProportionalT" value="58.500000" />
  <attribute name="ProportionalI" value="58.500000" />
  <attribute name="ProportionalH" value="58.500000" />
  <attribute name="Current Error" value="39.000000" />
  <attribute name="IntegralT" value="312.000000" />
  <attribute name="IntegralI" value="312.000000" />
  <attribute name="IntegralH" value="312.000000" />
  <attribute name="DerivativeT" value="-0.250000" />
  <attribute name="DerivativeI" value="-0.250000" />
  <attribute name="DerivativeH" value="-0.250000" />
  <attribute name="Loop Time for DT" value="8.000000" />
  <attribute name="Output H" value="8388608"/>
  <attribute name="Output I" value="376"/>
  <attribute name="Output T" value="4"/>
  <attribute name="Target GC Util Change" value ="20.000000" />
  <attribute name="Current GC Util Change" value="59.000000"/>
  <attribute name="GC Util currently" value="59" />
  <attribute name="CPU Util currently" value="591501601903" />
<allocation-satisfied id="1197" threadId="000000000102D800" bytesRequested="584" />
<af-end id="1198" timestamp="2019-06-16T01:38:50.164" threadId="000000000102E188" success="true" from="nursery"/>
<exclusive-end id="1199" timestamp="2019-06-16T01:38:50.165" durationms="3.146" />

<exclusive-start id="1200" timestamp="2019-06-16T01:38:50.171" intervalms="9.202">
  <response-info timems="0.034" idlems="0.034" threads="0" lastid="0000000001029C00" lastname="PmdThread 1" />
</exclusive-start>
<af-start id="1201" threadId="000000000102A588" totalBytesRequested="16" timestamp="2019-06-16T01:38:50.171" intervalms="9.212" type="nursery" />
<cycle-start id="1202" type="scavenge" contextid="0" timestamp="2019-06-16T01:38:50.171" intervalms="9.223" />
<gc-start id="1203" type="scavenge" contextid="1202" timestamp="2019-06-16T01:38:50.171">
  <mem-info id="1204" free="2063668320" total="2092630016" percent="98">
    <mem type="nursery" free="0" total="6029312" percent="0">
      <mem type="allocate" free="0" total="4325376" percent="0" />
      <mem type="survivor" free="0" total="1703936" percent="0" />
    </mem>
    <mem type="tenure" free="2063668320" total="2086600704" percent="98">
      <mem type="soa" free="1959339104" total="1982271488" percent="98" />
      <mem type="loa" free="104329216" total="104329216" percent="100" />
    </mem>
    <remembered-set count="4778" />
  </mem-info>
</gc-start>
<allocation-stats totalBytes="3486912" >
  <allocated-bytes non-tlh="147984" tlh="3338928" />
  <largest-consumer threadName="PmdThread 2" threadId="000000000102D800" bytes="1179224" />
</allocation-stats>
<gc-op id="1205" type="scavenge" timems="1.620" contextid="1202" timestamp="2019-06-16T01:38:50.173">
  <scavenger-info tenureage="2" tenuremask="7ffc" tiltratio="71" />
  <memory-copied type="nursery" objects="9043" bytes="521184" bytesdiscarded="96960" />
  <memory-copied type="tenure" objects="11500" bytes="457936" bytesdiscarded="168" />
  <references type="weak" candidates="36" cleared="35" enqueued="35" />
  <references type="phantom" candidates="1" cleared="0" enqueued="0" />
</gc-op>
<gc-end id="1206" type="scavenge" contextid="1202" durationms="1.828" usertimems="4.000" systemtimems="0.000" timestamp="2019-06-16T01:38:50.173" activeThreads="4">
  <mem-info id="1207" free="2067058560" total="2092630016" percent="98">
    <mem type="nursery" free="3902952" total="6029312" percent="64">
      <mem type="allocate" free="3902952" total="4521984" percent="86" />
      <mem type="survivor" free="0" total="1507328" percent="0" />
    </mem>
    <mem type="tenure" free="2063155608" total="2086600704" percent="98">
      <mem type="soa" free="1958826392" total="1982271488" percent="98" />
      <mem type="loa" free="104329216" total="104329216" percent="100" />
    </mem>
    <pending-finalizers system="0" default="0" reference="35" classloader="0" />
    <remembered-set count="1423" />
  </mem-info>
</gc-end>
<cycle-end id="1208" type="scavenge" contextid="1202" timestamp="2019-06-16T01:38:50.173" />
  <attribute name="elasticGC enabled" value="1" />
  <attribute name= "numThreadsSpecified" value="4" />
  <attribute name="heapSize specified" value="12582912" />
  <attribute name="Current GC Util" value="42" />
  <attribute name= "Current Time Running" value="13947" />
  <attribute name ="GC Interval" value="232" />
  <attribute name="ProportionalT" value="33.000000" />
  <attribute name="ProportionalI" value="33.000000" />
  <attribute name="ProportionalH" value="33.000000" />
  <attribute name="Current Error" value="22.000000" />
  <attribute name="IntegralT" value="198.000000" />
  <attribute name="IntegralI" value="198.000000" />
  <attribute name="IntegralH" value="198.000000" />
  <attribute name="DerivativeT" value="-1.888889" />
  <attribute name="DerivativeI" value="-1.888889" />
  <attribute name="DerivativeH" value="-1.888889" />
  <attribute name="Loop Time for DT" value="9.000000" />
  <attribute name="Output H" value="8388608"/>
  <attribute name="Output I" value="232"/>
  <attribute name="Output T" value="4"/>
  <attribute name="Target GC Util Change" value ="20.000000" />
  <attribute name="Current GC Util Change" value="42.000000"/>
  <attribute name="GC Util currently" value="42" />
  <attribute name="CPU Util currently" value="498688206141" />
<allocation-satisfied id="1209" threadId="0000000001029C00" bytesRequested="16" />
<af-end id="1210" timestamp="2019-06-16T01:38:50.173" threadId="000000000102A588" success="true" from="nursery"/>
<exclusive-end id="1211" timestamp="2019-06-16T01:38:50.173" durationms="2.310" />

<exclusive-start id="1212" timestamp="2019-06-16T01:38:50.179" intervalms="8.126">
  <response-info timems="0.032" idlems="0.032" threads="0" lastid="0000000001035400" lastname="PmdThread 3" />
</exclusive-start>
<af-start id="1213" threadId="0000000001035D88" totalBytesRequested="16" timestamp="2019-06-16T01:38:50.179" intervalms="8.117" type="nursery" />
<cycle-start id="1214" type="scavenge" contextid="0" timestamp="2019-06-16T01:38:50.179" intervalms="8.111" />
<gc-start id="1215" type="scavenge" contextid="1214" timestamp="2019-06-16T01:38:50.179">
  <mem-info id="1216" free="2063153944" total="2092630016" percent="98">
    <mem type="nursery" free="0" total="6029312" percent="0">
      <mem type="allocate" free="0" total="4521984" percent="0" />
      <mem type="survivor" free="0" total="1507328" percent="0" />
    </mem>
    <mem type="tenure" free="2063153944" total="2086600704" percent="98">
      <mem type="soa" free="1958824728" total="1982271488" percent="98" />
      <mem type="loa" free="104329216" total="104329216" percent="100" />
    </mem>
    <remembered-set count="1858" />
  </mem-info>
</gc-start>
<allocation-stats totalBytes="3886368" >
  <allocated-bytes non-tlh="297480" tlh="3588888" />
  <largest-consumer threadName="PmdThread 3" threadId="0000000001035400" bytes="2976440" />
</allocation-stats>
<gc-op id="1217" type="scavenge" timems="1.445" contextid="1214" timestamp="2019-06-16T01:38:50.180">
  <scavenger-info tenureage="2" tenuremask="7ffc" tiltratio="75" />
  <memory-copied type="nursery" objects="6478" bytes="545560" bytesdiscarded="268760" />
  <memory-copied type="tenure" objects="5204" bytes="165776" bytesdiscarded="48" />
  <references type="weak" candidates="31" cleared="31" enqueued="31" />
  <references type="phantom" candidates="4" cleared="3" enqueued="3" />
</gc-op>
<gc-end id="1218" type="scavenge" contextid="1214" durationms="1.646" usertimems="0.000" systemtimems="0.000" timestamp="2019-06-16T01:38:50.181" activeThreads="4">
  <mem-info id="1219" free="2066875128" total="2092630016" percent="98">
    <mem type="nursery" free="3838688" total="6029312" percent="63">
      <mem type="allocate" free="3838688" total="4653056" percent="82" />
      <mem type="survivor" free="0" total="1376256" percent="0" />
    </mem>
    <mem type="tenure" free="2063036440" total="2086600704" percent="98">
      <mem type="soa" free="1958707224" total="1982271488" percent="98" />
      <mem type="loa" free="104329216" total="104329216" percent="100" />
    </mem>
    <pending-finalizers system="0" default="0" reference="34" classloader="0" />
    <remembered-set count="369" />
  </mem-info>
</gc-end>
<cycle-end id="1220" type="scavenge" contextid="1214" timestamp="2019-06-16T01:38:50.181" />
  <attribute name="elasticGC enabled" value="1" />
  <attribute name= "numThreadsSpecified" value="4" />
  <attribute name="heapSize specified" value="12582912" />
  <attribute name="Current GC Util" value="45" />
  <attribute name= "Current Time Running" value="13955" />
  <attribute name ="GC Interval" value="240" />
  <attribute name="ProportionalT" value="37.500000" />
  <attribute name="ProportionalI" value="37.500000" />
  <attribute name="ProportionalH" value="37.500000" />
  <attribute name="Current Error" value="25.000000" />
  <attribute name="IntegralT" value="200.000000" />
  <attribute name="IntegralI" value="200.000000" />
  <attribute name="IntegralH" value="200.000000" />
  <attribute name="DerivativeT" value="0.375000" />
  <attribute name="DerivativeI" value="0.375000" />
  <attribute name="DerivativeH" value="0.375000" />
  <attribute name="Loop Time for DT" value="8.000000" />
  <attribute name="Output H" value="8388608"/>
  <attribute name="Output I" value="240"/>
  <attribute name="Output T" value="4"/>
  <attribute name="Target GC Util Change" value ="20.000000" />
  <attribute name="Current GC Util Change" value="45.000000"/>
  <attribute name="GC Util currently" value="45" />
  <attribute name="CPU Util currently" value="569834713225" />
<allocation-satisfied id="1221" threadId="0000000001035400" bytesRequested="16" />
<af-end id="1222" timestamp="2019-06-16T01:38:50.181" threadId="0000000001035D88" success="true" from="nursery"/>
<exclusive-end id="1223" timestamp="2019-06-16T01:38:50.181" durationms="2.104" />

<exclusive-start id="1224" timestamp="2019-06-16T01:38:50.186" intervalms="7.421">
  <response-info timems="0.040" idlems="0.040" threads="0" lastid="0000000001039000" lastname="PmdThread 4" />
</exclusive-start>
<af-start id="1225" threadId="0000000001039988" totalBytesRequested="48" timestamp="2019-06-16T01:38:50.186" intervalms="7.455" type="nursery" />
<cycle-start id="1226" type="scavenge" contextid="0" timestamp="2019-06-16T01:38:50.186" intervalms="7.453" />
<gc-start id="1227" type="scavenge" contextid="1226" timestamp="2019-06-16T01:38:50.186">
  <mem-info id="1228" free="2063036440" total="2092630016" percent="98">
    <mem type="nursery" free="0" total="6029312" percent="0">
      <mem type="allocate" free="0" total="4653056" percent="0" />
      <mem type="survivor" free="0" total="1376256" percent="0" />
    </mem>
    <mem type="tenure" free="2063036440" total="2086600704" percent="98">
      <mem type="soa" free="1958707224" total="1982271488" percent="98" />
      <mem type="loa" free="104329216" total="104329216" percent="100" />
    </mem>
    <remembered-set count="409" />
  </mem-info>
</gc-start>
<allocation-stats totalBytes="3837992" >
  <allocated-bytes non-tlh="16" tlh="3837976" />
  <largest-consumer threadName="PmdThread 4" threadId="0000000001039000" bytes="2011560" />
</allocation-stats>
<gc-op id="1229" type="scavenge" timems="1.678" contextid="1226" timestamp="2019-06-16T01:38:50.188">
  <scavenger-info tenureage="2" tenuremask="7ffc" tiltratio="77" />
  <memory-copied type="nursery" objects="4900" bytes="338224" bytesdiscarded="48832" />
  <memory-copied type="tenure" objects="3642" bytes="193320" bytesdiscarded="72" />
  <references type="weak" candidates="30" cleared="28" enqueued="28" />
  <references type="phantom" candidates="6" cleared="4" enqueued="4" />
</gc-op>
<gc-end id="1230" type="scavenge" contextid="1226" durationms="2.035" usertimems="4.000" systemtimems="0.000" timestamp="2019-06-16T01:38:50.188" activeThreads="4">
  <mem-info id="1231" free="2067309528" total="2092630016" percent="98">
    <mem type="nursery" free="4462552" total="6029312" percent="74">
      <mem type="allocate" free="4462552" total="4849664" percent="92" />
      <mem type="survivor" free="0" total="1179648" percent="0" />
    </mem>
    <mem type="tenure" free="2062846976" total="2086600704" percent="98">
      <mem type="soa" free="1958517760" total="1982271488" percent="98" />
      <mem type="loa" free="104329216" total="104329216" percent="100" />
    </mem>
    <pending-finalizers system="0" default="0" reference="32" classloader="0" />
    <remembered-set count="184" />
  </mem-info>
</gc-end>
<cycle-end id="1232" type="scavenge" contextid="1226" timestamp="2019-06-16T01:38:50.189" />
  <attribute name="elasticGC enabled" value="1" />
  <attribute name= "numThreadsSpecified" value="4" />
  <attribute name="heapSize specified" value="12582912" />
  <attribute name="Current GC Util" value="33" />
  <attribute name= "Current Time Running" value="13963" />
  <attribute name ="GC Interval" value="200" />
  <attribute name="ProportionalT" value="19.500000" />
  <attribute name="ProportionalI" value="19.500000" />
  <attribute name="ProportionalH" value="19.500000" />
  <attribute name="Current Error" value="13.000000" />
  <attribute name="IntegralT" value="104.000000" />
  <attribute name="IntegralI" value="104.000000" />
  <attribute name="IntegralH" value="104.000000" />
  <attribute name="DerivativeT" value="-1.500000" />
  <attribute name="DerivativeI" value="-1.500000" />
  <attribute name="DerivativeH" value="-1.500000" />
  <attribute name="Loop Time for DT" value="8.000000" />
  <attribute name="Output H" value="8388608"/>
  <attribute name="Output I" value="200"/>
  <attribute name="Output T" value="4"/>
  <attribute name="Target GC Util Change" value ="20.000000" />
  <attribute name="Current GC Util Change" value="33.000000"/>
  <attribute name="GC Util currently" value="33" />
  <attribute name="CPU Util currently" value="618544841298" />
<allocation-satisfied id="1233" threadId="0000000001039000" bytesRequested="48" />
<af-end id="1234" timestamp="2019-06-16T01:38:50.189" threadId="0000000001039988" success="true" from="nursery"/>
<exclusive-end id="1235" timestamp="2019-06-16T01:38:50.189" durationms="2.706" />

<exclusive-start id="1236" timestamp="2019-06-16T01:38:50.193" intervalms="6.743">
  <response-info timems="0.182" idlems="0.100" threads="1" lastid="0000000001029C00" lastname="PmdThread 1" />
</exclusive-start>
<af-start id="1237" threadId="0000000001035D88" totalBytesRequested="104" timestamp="2019-06-16T01:38:50.193" intervalms="6.774" type="nursery" />
<cycle-start id="1238" type="scavenge" contextid="0" timestamp="2019-06-16T01:38:50.193" intervalms="6.807" />
<gc-start id="1239" type="scavenge" contextid="1238" timestamp="2019-06-16T01:38:50.193">
  <mem-info id="1240" free="2062845920" total="2092630016" percent="98">
    <mem type="nursery" free="0" total="6029312" percent="0">
      <mem type="allocate" free="0" total="4849664" percent="0" />
      <mem type="survivor" free="0" total="1179648" percent="0" />
    </mem>
    <mem type="tenure" free="2062845920" total="2086600704" percent="98">
      <mem type="soa" free="1958516704" total="1982271488" percent="98" />
      <mem type="loa" free="104329216" total="104329216" percent="100" />
    </mem>
    <remembered-set count="390" />
  </mem-info>
</gc-start>
<allocation-stats totalBytes="4460888" >
  <allocated-bytes non-tlh="1104" tlh="4459784" />
  <largest-consumer threadName="PmdThread 4" threadId="0000000001039000" bytes="2717472" />
</allocation-stats>
<gc-op id="1241" type="scavenge" timems="1.760" contextid="1238" timestamp="2019-06-16T01:38:50.195">
  <scavenger-info tenureage="3" tenuremask="7ff8" tiltratio="80" />
  <memory-copied type="nursery" objects="7793" bytes="431840" bytesdiscarded="187152" />
  <references type="weak" candidates="147" cleared="147" enqueued="147" />
  <references type="phantom" candidates="3" cleared="3" enqueued="3" />
</gc-op>
<gc-end id="1242" type="scavenge" contextid="1238" durationms="2.037" usertimems="4.000" systemtimems="0.000" timestamp="2019-06-16T01:38:50.195" activeThreads="4">
  <mem-info id="1243" free="2067207600" total="2092630016" percent="98">
    <mem type="nursery" free="4361680" total="6029312" percent="72">
      <mem type="allocate" free="4361680" total="4980736" percent="87" />
      <mem type="survivor" free="0" total="1048576" percent="0" />
    </mem>
    <mem type="tenure" free="2062845920" total="2086600704" percent="98">
      <mem type="soa" free="1958516704" total="1982271488" percent="98" />
      <mem type="loa" free="104329216" total="104329216" percent="100" />
    </mem>
    <pending-finalizers system="0" default="0" reference="150" classloader="0" />
    <remembered-set count="186" />
  </mem-info>
</gc-end>
<cycle-end id="1244" type="scavenge" contextid="1238" timestamp="2019-06-16T01:38:50.195" />
  <attribute name="elasticGC enabled" value="1" />
  <attribute name= "numThreadsSpecified" value="4" />
  <attribute name="heapSize specified" value="12582912" />
  <attribute name="Current GC Util" value="50" />
  <attribute name= "Current Time Running" value="13969" />
  <attribute name ="GC Interval" value="232" />
  <attribute name="ProportionalT" value="45.000000" />
  <attribute name="ProportionalI" value="45.000000" />
  <attribute name="ProportionalH" value="45.000000" />
  <attribute name="Current Error" value="30.000000" />
  <attribute name="IntegralT" value="180.000000" />
  <attribute name="IntegralI" value="180.000000" />
  <attribute name="IntegralH" value="180.000000" />
  <attribute name="DerivativeT" value="2.833333" />
  <attribute name="DerivativeI" value="2.833333" />
  <attribute name="DerivativeH" value="2.833333" />
  <attribute name="Loop Time for DT" value="6.000000" />
  <attribute name="Output H" value="8388608"/>
  <attribute name="Output I" value="232"/>
  <attribute name="Output T" value="4"/>
  <attribute name="Target GC Util Change" value ="20.000000" />
  <attribute name="Current GC Util Change" value="50.000000"/>
  <attribute name="GC Util currently" value="50" />
  <attribute name="CPU Util currently" value="669636579772" />
<allocation-satisfied id="1245" threadId="0000000001035400" bytesRequested="104" />
<af-end id="1246" timestamp="2019-06-16T01:38:50.196" threadId="0000000001035D88" success="true" from="nursery"/>
<exclusive-end id="1247" timestamp="2019-06-16T01:38:50.196" durationms="2.766" />

<exclusive-start id="1248" timestamp="2019-06-16T01:38:50.202" intervalms="9.207">
  <response-info timems="0.203" idlems="0.185" threads="1" lastid="0000000000D1D300" lastname="JIT Compilation Thread-0" />
</exclusive-start>
<af-start id="1249" threadId="000000000102A588" totalBytesRequested="24" timestamp="2019-06-16T01:38:50.202" intervalms="9.130" type="nursery" />
<cycle-start id="1250" type="scavenge" contextid="0" timestamp="2019-06-16T01:38:50.202" intervalms="9.119" />
<gc-start id="1251" type="scavenge" contextid="1250" timestamp="2019-06-16T01:38:50.202">
  <mem-info id="1252" free="2062845248" total="2092630016" percent="98">
    <mem type="nursery" free="0" total="6029312" percent="0">
      <mem type="allocate" free="0" total="4980736" percent="0" />
      <mem type="survivor" free="0" total="1048576" percent="0" />
    </mem>
    <mem type="tenure" free="2062845248" total="2086600704" percent="98">
      <mem type="soa" free="1958516032" total="1982271488" percent="98" />
      <mem type="loa" free="104329216" total="104329216" percent="100" />
    </mem>
    <remembered-set count="782" />
  </mem-info>
</gc-start>
<allocation-stats totalBytes="4356616" >
  <allocated-bytes non-tlh="776" tlh="4355840" />
  <largest-consumer threadName="PmdThread 3" threadId="0000000001035400" bytes="2394888" />
</allocation-stats>
<gc-op id="1253" type="scavenge" timems="0.604" contextid="1250" timestamp="2019-06-16T01:38:50.203">
  <scavenger-info tenureage="4" tenuremask="7ff0" tiltratio="82" />
  <memory-copied type="nursery" objects="8942" bytes="518384" bytesdiscarded="184936" />
  <references type="soft" candidates="12" cleared="0" enqueued="0" dynamicThreshold="31" maxThreshold="32" />
  <references type="weak" candidates="171" cleared="171" enqueued="171" />
  <references type="phantom" candidates="1" cleared="1" enqueued="1" />
</gc-op>
<gc-end id="1254" type="scavenge" contextid="1250" durationms="0.854" usertimems="4.000" systemtimems="0.000" timestamp="2019-06-16T01:38:50.203" activeThreads="4">
  <mem-info id="1255" free="2067186176" total="2092630016" percent="98">
    <mem type="nursery" free="4340928" total="6029312" percent="71">
      <mem type="allocate" free="4340928" total="5046272" percent="86" />
      <mem type="survivor" free="0" total="983040" percent="0" />
    </mem>
    <mem type="tenure" free="2062845248" total="2086600704" percent="98">
      <mem type="soa" free="1958516032" total="1982271488" percent="98" />
      <mem type="loa" free="104329216" total="104329216" percent="100" />
    </mem>
    <pending-finalizers system="0" default="0" reference="172" classloader="0" />
    <remembered-set count="208" />
  </mem-info>
</gc-end>
<cycle-end id="1256" type="scavenge" contextid="1250" timestamp="2019-06-16T01:38:50.203" />
  <attribute name="elasticGC enabled" value="1" />
  <attribute name= "numThreadsSpecified" value="4" />
  <attribute name="heapSize specified" value="12582912" />
  <attribute name="Current GC Util" value="40" />
  <attribute name= "Current Time Running" value="13979" />
  <attribute name ="GC Interval" value="232" />
  <attribute name="ProportionalT" value="30.000000" />
  <attribute name="ProportionalI" value="30.000000" />
  <attribute name="ProportionalH" value="30.000000" />
  <attribute name="Current Error" value="20.000000" />
  <attribute name="IntegralT" value="200.000000" />
  <attribute name="IntegralI" value="200.000000" />
  <attribute name="IntegralH" value="200.000000" />
  <attribute name="DerivativeT" value="-1.000000" />
  <attribute name="DerivativeI" value="-1.000000" />
  <attribute name="DerivativeH" value="-1.000000" />
  <attribute name="Loop Time for DT" value="10.000000" />
  <attribute name="Output H" value="8388608"/>
  <attribute name="Output I" value="232"/>
  <attribute name="Output T" value="4"/>
  <attribute name="Target GC Util Change" value ="20.000000" />
  <attribute name="Current GC Util Change" value="40.000000"/>
  <attribute name="GC Util currently" value="40" />
  <attribute name="CPU Util currently" value="507199490805" />
<allocation-satisfied id="1257" threadId="0000000001029C00" bytesRequested="24" />
<af-end id="1258" timestamp="2019-06-16T01:38:50.203" threadId="000000000102A588" success="true" from="nursery"/>
<exclusive-end id="1259" timestamp="2019-06-16T01:38:50.204" durationms="1.423" />

<exclusive-start id="1260" timestamp="2019-06-16T01:38:50.210" intervalms="7.463">
  <response-info timems="0.037" idlems="0.024" threads="1" lastid="0000000001029C00" lastname="PmdThread 1" />
</exclusive-start>
<af-start id="1261" threadId="000000000102E188" totalBytesRequested="40" timestamp="2019-06-16T01:38:50.210" intervalms="7.468" type="nursery" />
<cycle-start id="1262" type="scavenge" contextid="0" timestamp="2019-06-16T01:38:50.210" intervalms="7.442" />
<gc-start id="1263" type="scavenge" contextid="1262" timestamp="2019-06-16T01:38:50.210">
  <mem-info id="1264" free="2062844752" total="2092630016" percent="98">
    <mem type="nursery" free="0" total="6029312" percent="0">
      <mem type="allocate" free="0" total="5046272" percent="0" />
      <mem type="survivor" free="0" total="983040" percent="0" />
    </mem>
    <mem type="tenure" free="2062844752" total="2086600704" percent="98">
      <mem type="soa" free="1958515536" total="1982271488" percent="98" />
      <mem type="loa" free="104329216" total="104329216" percent="100" />
    </mem>
    <remembered-set count="684" />
  </mem-info>
</gc-start>
<allocation-stats totalBytes="4334784" >
  <allocated-bytes non-tlh="520" tlh="4334264" />
  <largest-consumer threadName="PmdThread 3" threadId="0000000001035400" bytes="1992648" />
</allocation-stats>
<gc-op id="1265" type="scavenge" timems="2.785" contextid="1262" timestamp="2019-06-16T01:38:50.213">
  <scavenger-info tenureage="4" tenuremask="7ff0" tiltratio="83" />
  <memory-copied type="nursery" objects="15593" bytes="901632" bytesdiscarded="79808" />
  <memory-copied type="tenure" objects="1134" bytes="98136" bytesdiscarded="592" />
  <copy-failed type="nursery" objects="837" bytes="30176" />
  <references type="soft" candidates="12" cleared="0" enqueued="0" dynamicThreshold="31" maxThreshold="32" />
  <references type="weak" candidates="238" cleared="237" enqueued="237" />
  <references type="phantom" candidates="4" cleared="2" enqueued="2" />
</gc-op>
<gc-end id="1266" type="scavenge" contextid="1262" durationms="2.977" usertimems="4.000" systemtimems="0.000" timestamp="2019-06-16T01:38:50.213" activeThreads="4">
  <mem-info id="1267" free="2066258248" total="2092630016" percent="98">
    <mem type="nursery" free="3538944" total="6029312" percent="58">
      <mem type="allocate" free="3538944" total="4521984" percent="78" />
      <mem type="survivor" free="0" total="1507328" percent="0" />
    </mem>
    <mem type="tenure" free="2062719304" total="2086600704" percent="98">
      <mem type="soa" free="1958390088" total="1982271488" percent="98" />
      <mem type="loa" free="104329216" total="104329216" percent="100" />
    </mem>
    <pending-finalizers system="0" default="0" reference="239" classloader="0" />
    <remembered-set count="641" />
  </mem-info>
</gc-end>
<cycle-end id="1268" type="scavenge" contextid="1262" timestamp="2019-06-16T01:38:50.213" />
  <attribute name="elasticGC enabled" value="1" />
  <attribute name= "numThreadsSpecified" value="4" />
  <attribute name="heapSize specified" value="12582912" />
  <attribute name="Current GC Util" value="23" />
  <attribute name= "Current Time Running" value="13986" />
  <attribute name ="GC Interval" value="200" />
  <attribute name="ProportionalT" value="4.500000" />
  <attribute name="ProportionalI" value="4.500000" />
  <attribute name="ProportionalH" value="4.500000" />
  <attribute name="Current Error" value="3.000000" />
  <attribute name="IntegralT" value="21.000000" />
  <attribute name="IntegralI" value="21.000000" />
  <attribute name="IntegralH" value="21.000000" />
  <attribute name="DerivativeT" value="-2.428571" />
  <attribute name="DerivativeI" value="-2.428571" />
  <attribute name="DerivativeH" value="-2.428571" />
  <attribute name="Loop Time for DT" value="7.000000" />
  <attribute name="Output H" value="8388608"/>
  <attribute name="Output I" value="200"/>
  <attribute name="Output T" value="4"/>
  <attribute name="Target GC Util Change" value ="20.000000" />
  <attribute name="Current GC Util Change" value="23.000000"/>
  <attribute name="GC Util currently" value="23" />
  <attribute name="CPU Util currently" value="624602876827" />
<allocation-satisfied id="1269" threadId="000000000102D800" bytesRequested="40" />
<af-end id="1270" timestamp="2019-06-16T01:38:50.213" threadId="000000000102E188" success="true" from="nursery"/>
<exclusive-end id="1271" timestamp="2019-06-16T01:38:50.213" durationms="3.479" />

<exclusive-start id="1272" timestamp="2019-06-16T01:38:50.217" intervalms="7.750">
  <response-info timems="0.066" idlems="0.066" threads="0" lastid="0000000001035400" lastname="PmdThread 3" />
</exclusive-start>
<af-start id="1273" threadId="0000000001035D88" totalBytesRequested="920" timestamp="2019-06-16T01:38:50.218" intervalms="7.948" type="nursery" />
<cycle-start id="1274" type="scavenge" contextid="0" timestamp="2019-06-16T01:38:50.218" intervalms="7.926" />
<gc-start id="1275" type="scavenge" contextid="1274" timestamp="2019-06-16T01:38:50.218">
  <mem-info id="1276" free="2062719224" total="2092630016" percent="98">
    <mem type="nursery" free="0" total="6029312" percent="0">
      <mem type="allocate" free="0" total="4521984" percent="0" />
      <mem type="survivor" free="0" total="1507328" percent="0" />
    </mem>
    <mem type="tenure" free="2062719224" total="2086600704" percent="98">
      <mem type="soa" free="1958390008" total="1982271488" percent="98" />
      <mem type="loa" free="104329216" total="104329216" percent="100" />
    </mem>
    <remembered-set count="904" />
  </mem-info>
</gc-start>
<allocation-stats totalBytes="3520312" >
  <allocated-bytes non-tlh="120" tlh="3520192" />
  <largest-consumer threadName="PmdThread 3" threadId="0000000001035400" bytes="1421968" />
</allocation-stats>
<gc-op id="1277" type="scavenge" timems="2.183" contextid="1274" timestamp="2019-06-16T01:38:50.220">
  <scavenger-info tenureage="4" tenuremask="7ff0" tiltratio="75" />
  <memory-copied type="nursery" objects="12643" bytes="708040" bytesdiscarded="287896" />
  <memory-copied type="tenure" objects="3598" bytes="212064" bytesdiscarded="72" />
  <references type="soft" candidates="12" cleared="0" enqueued="0" dynamicThreshold="31" maxThreshold="32" />
  <references type="weak" candidates="215" cleared="215" enqueued="215" />
  <references type="phantom" candidates="3" cleared="2" enqueued="2" />
</gc-op>
<gc-end id="1278" type="scavenge" contextid="1274" durationms="2.717" usertimems="4.000" systemtimems="0.000" timestamp="2019-06-16T01:38:50.220" activeThreads="4">
  <mem-info id="1279" free="2066224832" total="2092630016" percent="98">
    <mem type="nursery" free="3653832" total="6029312" percent="60">
      <mem type="allocate" free="3653832" total="4653056" percent="78" />
      <mem type="survivor" free="0" total="1376256" percent="0" />
    </mem>
    <mem type="tenure" free="2062571000" total="2086600704" percent="98">
      <mem type="soa" free="1958241784" total="1982271488" percent="98" />
      <mem type="loa" free="104329216" total="104329216" percent="100" />
    </mem>
    <pending-finalizers system="0" default="0" reference="217" classloader="0" />
    <remembered-set count="186" />
  </mem-info>
</gc-end>
<cycle-end id="1280" type="scavenge" contextid="1274" timestamp="2019-06-16T01:38:50.221" />
  <attribute name="elasticGC enabled" value="1" />
  <attribute name= "numThreadsSpecified" value="4" />
  <attribute name="heapSize specified" value="12582912" />
  <attribute name="Current GC Util" value="65" />
  <attribute name= "Current Time Running" value="13994" />
  <attribute name ="GC Interval" value="432" />
  <attribute name="ProportionalT" value="67.500000" />
  <attribute name="ProportionalI" value="67.500000" />
  <attribute name="ProportionalH" value="67.500000" />
  <attribute name="Current Error" value="45.000000" />
  <attribute name="IntegralT" value="360.000000" />
  <attribute name="IntegralI" value="360.000000" />
  <attribute name="IntegralH" value="360.000000" />
  <attribute name="DerivativeT" value="5.250000" />
  <attribute name="DerivativeI" value="5.250000" />
  <attribute name="DerivativeH" value="5.250000" />
  <attribute name="Loop Time for DT" value="8.000000" />
  <attribute name="Output H" value="8388608"/>
  <attribute name="Output I" value="432"/>
  <attribute name="Output T" value="4"/>
  <attribute name="Target GC Util Change" value ="20.000000" />
  <attribute name="Current GC Util Change" value="65.000000"/>
  <attribute name="GC Util currently" value="65" />
  <attribute name="CPU Util currently" value="559422626079" />
<allocation-satisfied id="1281" threadId="0000000001035400" bytesRequested="920" />
<af-end id="1282" timestamp="2019-06-16T01:38:50.221" threadId="0000000001035D88" success="true" from="nursery"/>
<exclusive-end id="1283" timestamp="2019-06-16T01:38:50.221" durationms="3.723" />

<exclusive-start id="1284" timestamp="2019-06-16T01:38:50.227" intervalms="9.699">
  <response-info timems="0.031" idlems="0.031" threads="0" lastid="0000000001035400" lastname="PmdThread 3" />
</exclusive-start>
<af-start id="1285" threadId="0000000001035D88" totalBytesRequested="784" timestamp="2019-06-16T01:38:50.227" intervalms="9.543" type="nursery" />
<cycle-start id="1286" type="scavenge" contextid="0" timestamp="2019-06-16T01:38:50.227" intervalms="9.600" />
<gc-start id="1287" type="scavenge" contextid="1286" timestamp="2019-06-16T01:38:50.227">
  <mem-info id="1288" free="2062570784" total="2092630016" percent="98">
    <mem type="nursery" free="0" total="6029312" percent="0">
      <mem type="allocate" free="0" total="4653056" percent="0" />
      <mem type="survivor" free="0" total="1376256" percent="0" />
    </mem>
    <mem type="tenure" free="2062570784" total="2086600704" percent="98">
      <mem type="soa" free="1958241568" total="1982271488" percent="98" />
      <mem type="loa" free="104329216" total="104329216" percent="100" />
    </mem>
    <remembered-set count="616" />
  </mem-info>
</gc-start>
<allocation-stats totalBytes="3649608" >
  <allocated-bytes non-tlh="1136" tlh="3648472" />
  <largest-consumer threadName="PmdThread 3" threadId="0000000001035400" bytes="1983272" />
</allocation-stats>
<gc-op id="1289" type="scavenge" timems="2.412" contextid="1286" timestamp="2019-06-16T01:38:50.230">
  <scavenger-info tenureage="4" tenuremask="7ff0" tiltratio="77" />
  <memory-copied type="nursery" objects="9678" bytes="713472" bytesdiscarded="143256" />
  <memory-copied type="tenure" objects="2574" bytes="92168" bytesdiscarded="40" />
  <references type="soft" candidates="12" cleared="0" enqueued="0" dynamicThreshold="31" maxThreshold="32" />
  <references type="weak" candidates="274" cleared="274" enqueued="274" />
  <references type="phantom" candidates="5" cleared="4" enqueued="4" />
</gc-op>
<gc-end id="1290" type="scavenge" contextid="1286" durationms="2.841" usertimems="4.000" systemtimems="0.000" timestamp="2019-06-16T01:38:50.230" activeThreads="4">
  <mem-info id="1291" free="2066353592" total="2092630016" percent="98">
    <mem type="nursery" free="3861144" total="6029312" percent="64">
      <mem type="allocate" free="3861144" total="4718592" percent="81" />
      <mem type="survivor" free="0" total="1310720" percent="0" />
    </mem>
    <mem type="tenure" free="2062492448" total="2086600704" percent="98">
      <mem type="soa" free="1958163232" total="1982271488" percent="98" />
      <mem type="loa" free="104329216" total="104329216" percent="100" />
    </mem>
    <pending-finalizers system="0" default="0" reference="278" classloader="0" />
    <remembered-set count="181" />
  </mem-info>
</gc-end>
<cycle-end id="1292" type="scavenge" contextid="1286" timestamp="2019-06-16T01:38:50.230" />
  <attribute name="elasticGC enabled" value="1" />
  <attribute name= "numThreadsSpecified" value="4" />
  <attribute name="heapSize specified" value="12582912" />
  <attribute name="Current GC Util" value="48" />
  <attribute name= "Current Time Running" value="14004" />
  <attribute name ="GC Interval" value="320" />
  <attribute name="ProportionalT" value="42.000000" />
  <attribute name="ProportionalI" value="42.000000" />
  <attribute name="ProportionalH" value="42.000000" />
  <attribute name="Current Error" value="28.000000" />
  <attribute name="IntegralT" value="280.000000" />
  <attribute name="IntegralI" value="280.000000" />
  <attribute name="IntegralH" value="280.000000" />
  <attribute name="DerivativeT" value="-1.700000" />
  <attribute name="DerivativeI" value="-1.700000" />
  <attribute name="DerivativeH" value="-1.700000" />
  <attribute name="Loop Time for DT" value="10.000000" />
  <attribute name="Output H" value="8388608"/>
  <attribute name="Output I" value="320"/>
  <attribute name="Output T" value="4"/>
  <attribute name="Target GC Util Change" value ="20.000000" />
  <attribute name="Current GC Util Change" value="48.000000"/>
  <attribute name="GC Util currently" value="48" />
  <attribute name="CPU Util currently" value="487234424566" />
<allocation-satisfied id="1293" threadId="0000000001035400" bytesRequested="784" />
<af-end id="1294" timestamp="2019-06-16T01:38:50.230" threadId="0000000001035D88" success="true" from="nursery"/>
<exclusive-end id="1295" timestamp="2019-06-16T01:38:50.230" durationms="3.500" />

<exclusive-start id="1296" timestamp="2019-06-16T01:38:50.236" intervalms="8.758">
  <response-info timems="0.060" idlems="0.060" threads="0" lastid="000000000102D800" lastname="PmdThread 2" />
</exclusive-start>
<af-start id="1297" threadId="000000000102E188" totalBytesRequested="24" timestamp="2019-06-16T01:38:50.236" intervalms="8.722" type="nursery" />
<cycle-start id="1298" type="scavenge" contextid="0" timestamp="2019-06-16T01:38:50.236" intervalms="8.706" />
<gc-start id="1299" type="scavenge" contextid="1298" timestamp="2019-06-16T01:38:50.236">
  <mem-info id="1300" free="2062492376" total="2092630016" percent="98">
    <mem type="nursery" free="0" total="6029312" percent="0">
      <mem type="allocate" free="0" total="4718592" percent="0" />
      <mem type="survivor" free="0" total="1310720" percent="0" />
    </mem>
    <mem type="tenure" free="2062492376" total="2086600704" percent="98">
      <mem type="soa" free="1958163160" total="1982271488" percent="98" />
      <mem type="loa" free="104329216" total="104329216" percent="100" />
    </mem>
    <remembered-set count="592" />
  </mem-info>
</gc-start>
<allocation-stats totalBytes="3855280" >
  <allocated-bytes non-tlh="856" tlh="3854424" />
  <largest-consumer threadName="PmdThread 3" threadId="0000000001035400" bytes="1755368" />
</allocation-stats>
<gc-op id="1301" type="scavenge" timems="3.048" contextid="1298" timestamp="2019-06-16T01:38:50.240">
  <scavenger-info tenureage="4" tenuremask="7ff0" tiltratio="78" />
  <memory-copied type="nursery" objects="10747" bytes="754416" bytesdiscarded="157496" />
  <memory-copied type="tenure" objects="242" bytes="9128" bytesdiscarded="0" />
  <references type="weak" candidates="289" cleared="288" enqueued="288" />
  <references type="phantom" candidates="4" cleared="3" enqueued="3" />
</gc-op>
<gc-end id="1302" type="scavenge" contextid="1298" durationms="3.732" usertimems="4.000" systemtimems="0.000" timestamp="2019-06-16T01:38:50.240" activeThreads="4">
  <mem-info id="1303" free="2066428400" total="2092630016" percent="98">
    <mem type="nursery" free="3936024" total="6029312" percent="65">
      <mem type="allocate" free="3936024" total="4849664" percent="81" />
      <mem type="survivor" free="0" total="1179648" percent="0" />
    </mem>
    <mem type="tenure" free="2062492376" total="2086600704" percent="98">
      <mem type="soa" free="1958163160" total="1982271488" percent="98" />
      <mem type="loa" free="104329216" total="104329216" percent="100" />
    </mem>
    <pending-finalizers system="0" default="0" reference="291" classloader="0" />
    <remembered-set count="176" />
  </mem-info>
</gc-end>
<cycle-end id="1304" type="scavenge" contextid="1298" timestamp="2019-06-16T01:38:50.240" />
  <attribute name="elasticGC enabled" value="1" />
  <attribute name= "numThreadsSpecified" value="4" />
  <attribute name="heapSize specified" value="12582912" />
  <attribute name="Current GC Util" value="47" />
  <attribute name= "Current Time Running" value="14013" />
  <attribute name ="GC Interval" value="288" />
  <attribute name="ProportionalT" value="40.500000" />
  <attribute name="ProportionalI" value="40.500000" />
  <attribute name="ProportionalH" value="40.500000" />
  <attribute name="Current Error" value="27.000000" />
  <attribute name="IntegralT" value="243.000000" />
  <attribute name="IntegralI" value="243.000000" />
  <attribute name="IntegralH" value="243.000000" />
  <attribute name="DerivativeT" value="-0.111111" />
  <attribute name="DerivativeI" value="-0.111111" />
  <attribute name="DerivativeH" value="-0.111111" />
  <attribute name="Loop Time for DT" value="9.000000" />
  <attribute name="Output H" value="8388608"/>
  <attribute name="Output I" value="288"/>
  <attribute name="Output T" value="4"/>
  <attribute name="Target GC Util Change" value ="20.000000" />
  <attribute name="Current GC Util Change" value="47.000000"/>
  <attribute name="GC Util currently" value="47" />
  <attribute name="CPU Util currently" value="513185664428" />
<allocation-satisfied id="1305" threadId="000000000102D800" bytesRequested="24" />
<af-end id="1306" timestamp="2019-06-16T01:38:50.240" threadId="000000000102E188" success="true" from="nursery"/>
<exclusive-end id="1307" timestamp="2019-06-16T01:38:50.240" durationms="4.539" />

<exclusive-start id="1308" timestamp="2019-06-16T01:38:50.245" intervalms="9.427">
  <response-info timems="0.033" idlems="0.033" threads="0" lastid="0000000001039000" lastname="PmdThread 4" />
</exclusive-start>
<af-start id="1309" threadId="0000000001039988" totalBytesRequested="16" timestamp="2019-06-16T01:38:50.245" intervalms="9.418" type="nursery" />
<cycle-start id="1310" type="scavenge" contextid="0" timestamp="2019-06-16T01:38:50.245" intervalms="9.395" />
<gc-start id="1311" type="scavenge" contextid="1310" timestamp="2019-06-16T01:38:50.245">
  <mem-info id="1312" free="2062491704" total="2092630016" percent="98">
    <mem type="nursery" free="0" total="6029312" percent="0">
      <mem type="allocate" free="0" total="4849664" percent="0" />
      <mem type="survivor" free="0" total="1179648" percent="0" />
    </mem>
    <mem type="tenure" free="2062491704" total="2086600704" percent="98">
      <mem type="soa" free="1958162488" total="1982271488" percent="98" />
      <mem type="loa" free="104329216" total="104329216" percent="100" />
    </mem>
    <remembered-set count="528" />
  </mem-info>
</gc-start>
<allocation-stats totalBytes="3927512" >
  <allocated-bytes non-tlh="696" tlh="3926816" />
  <largest-consumer threadName="PmdThread 3" threadId="0000000001035400" bytes="1394608" />
</allocation-stats>
<gc-op id="1313" type="scavenge" timems="2.288" contextid="1310" timestamp="2019-06-16T01:38:50.248">
  <scavenger-info tenureage="4" tenuremask="7ff0" tiltratio="80" />
  <memory-copied type="nursery" objects="20530" bytes="1062104" bytesdiscarded="116064" />
  <memory-copied type="tenure" objects="3783" bytes="245200" bytesdiscarded="8" />
  <copy-failed type="nursery" objects="3702" bytes="242744" />
  <references type="weak" candidates="207" cleared="207" enqueued="207" />
  <references type="phantom" candidates="2" cleared="2" enqueued="2" />
</gc-op>
<gc-end id="1314" type="scavenge" contextid="1310" durationms="2.645" usertimems="8.000" systemtimems="0.000" timestamp="2019-06-16T01:38:50.248" activeThreads="4">
  <mem-info id="1315" free="2065104144" total="2092630016" percent="98">
    <mem type="nursery" free="2818048" total="6029312" percent="46">
      <mem type="allocate" free="2818048" total="3997696" percent="70" />
      <mem type="survivor" free="0" total="2031616" percent="0" />
    </mem>
    <mem type="tenure" free="2062286096" total="2086600704" percent="98">
      <mem type="soa" free="1957956880" total="1982271488" percent="98" />
      <mem type="loa" free="104329216" total="104329216" percent="100" />
    </mem>
    <pending-finalizers system="0" default="0" reference="209" classloader="0" />
    <remembered-set count="1427" />
  </mem-info>
</gc-end>
<cycle-end id="1316" type="scavenge" contextid="1310" timestamp="2019-06-16T01:38:50.248" />
  <attribute name="elasticGC enabled" value="1" />
  <attribute name= "numThreadsSpecified" value="4" />
  <attribute name="heapSize specified" value="12582912" />
  <attribute name="Current GC Util" value="72" />
  <attribute name= "Current Time Running" value="14022" />
  <attribute name ="GC Interval" value="552" />
  <attribute name="ProportionalT" value="78.000000" />
  <attribute name="ProportionalI" value="78.000000" />
  <attribute name="ProportionalH" value="78.000000" />
  <attribute name="Current Error" value="52.000000" />
  <attribute name="IntegralT" value="468.000000" />
  <attribute name="IntegralI" value="468.000000" />
  <attribute name="IntegralH" value="468.000000" />
  <attribute name="DerivativeT" value="2.777778" />
  <attribute name="DerivativeI" value="2.777778" />
  <attribute name="DerivativeH" value="2.777778" />
  <attribute name="Loop Time for DT" value="9.000000" />
  <attribute name="Output H" value="8388608"/>
  <attribute name="Output I" value="552"/>
  <attribute name="Output T" value="4"/>
  <attribute name="Target GC Util Change" value ="20.000000" />
  <attribute name="Current GC Util Change" value="72.000000"/>
  <attribute name="GC Util currently" value="72" />
  <attribute name="CPU Util currently" value="516627533391" />
<allocation-satisfied id="1317" threadId="0000000001039000" bytesRequested="16" />
<af-end id="1318" timestamp="2019-06-16T01:38:50.248" threadId="0000000001039988" success="true" from="nursery"/>
<exclusive-end id="1319" timestamp="2019-06-16T01:38:50.249" durationms="3.349" />

<exclusive-start id="1320" timestamp="2019-06-16T01:38:50.259" intervalms="14.019">
  <response-info timems="0.052" idlems="0.052" threads="0" lastid="0000000001029C00" lastname="PmdThread 1" />
</exclusive-start>
<af-start id="1321" threadId="000000000102A588" totalBytesRequested="72" timestamp="2019-06-16T01:38:50.259" intervalms="14.046" type="nursery" />
<cycle-start id="1322" type="scavenge" contextid="0" timestamp="2019-06-16T01:38:50.259" intervalms="14.040" />
<gc-start id="1323" type="scavenge" contextid="1322" timestamp="2019-06-16T01:38:50.259">
  <mem-info id="1324" free="2062284512" total="2092630016" percent="98">
    <mem type="nursery" free="0" total="6029312" percent="0">
      <mem type="allocate" free="0" total="3997696" percent="0" />
      <mem type="survivor" free="0" total="2031616" percent="0" />
    </mem>
    <mem type="tenure" free="2062284512" total="2086600704" percent="98">
      <mem type="soa" free="1957955296" total="1982271488" percent="98" />
      <mem type="loa" free="104329216" total="104329216" percent="100" />
    </mem>
    <remembered-set count="1640" />
  </mem-info>
</gc-start>
<allocation-stats totalBytes="2811864" >
  <allocated-bytes non-tlh="1600" tlh="2810264" />
  <largest-consumer threadName="PmdThread 3" threadId="0000000001035400" bytes="837264" />
</allocation-stats>
<gc-op id="1325" type="scavenge" timems="0.964" contextid="1322" timestamp="2019-06-16T01:38:50.260">
  <scavenger-info tenureage="4" tenuremask="7ff0" tiltratio="66" />
  <memory-copied type="nursery" objects="20336" bytes="1121128" bytesdiscarded="60424" />
  <memory-copied type="tenure" objects="103" bytes="3112" bytesdiscarded="0" />
  <references type="weak" candidates="141" cleared="139" enqueued="139" />
  <references type="phantom" candidates="7" cleared="6" enqueued="6" />
</gc-op>
<gc-end id="1326" type="scavenge" contextid="1322" durationms="1.131" usertimems="4.000" systemtimems="0.000" timestamp="2019-06-16T01:38:50.261" activeThreads="4">
  <mem-info id="1327" free="2065230192" total="2092630016" percent="98">
    <mem type="nursery" free="2945680" total="6029312" percent="48">
      <mem type="allocate" free="2945680" total="4128768" percent="71" />
      <mem type="survivor" free="0" total="1900544" percent="0" />
    </mem>
    <mem type="tenure" free="2062284512" total="2086600704" percent="98">
      <mem type="soa" free="1957955296" total="1982271488" percent="98" />
      <mem type="loa" free="104329216" total="104329216" percent="100" />
    </mem>
    <pending-finalizers system="0" default="0" reference="145" classloader="0" />
    <remembered-set count="1440" />
  </mem-info>
</gc-end>
<cycle-end id="1328" type="scavenge" contextid="1322" timestamp="2019-06-16T01:38:50.261" />
  <attribute name="elasticGC enabled" value="1" />
  <attribute name= "numThreadsSpecified" value="4" />
  <attribute name="heapSize specified" value="12582912" />
  <attribute name="Current GC Util" value="36" />
  <attribute name= "Current Time Running" value="14036" />
  <attribute name ="GC Interval" value="248" />
  <attribute name="ProportionalT" value="24.000000" />
  <attribute name="ProportionalI" value="24.000000" />
  <attribute name="ProportionalH" value="24.000000" />
  <attribute name="Current Error" value="16.000000" />
  <attribute name="IntegralT" value="224.000000" />
  <attribute name="IntegralI" value="224.000000" />
  <attribute name="IntegralH" value="224.000000" />
  <attribute name="DerivativeT" value="-2.571429" />
  <attribute name="DerivativeI" value="-2.571429" />
  <attribute name="DerivativeH" value="-2.571429" />
  <attribute name="Loop Time for DT" value="14.000000" />
  <attribute name="Output H" value="8388608"/>
  <attribute name="Output I" value="248"/>
  <attribute name="Output T" value="4"/>
  <attribute name="Target GC Util Change" value ="20.000000" />
  <attribute name="Current GC Util Change" value="36.000000"/>
  <attribute name="GC Util currently" value="36" />
  <attribute name="CPU Util currently" value="328998068413" />
<allocation-satisfied id="1329" threadId="0000000001029C00" bytesRequested="72" />
<af-end id="1330" timestamp="2019-06-16T01:38:50.261" threadId="000000000102A588" success="true" from="nursery"/>
<exclusive-end id="1331" timestamp="2019-06-16T01:38:50.261" durationms="1.575" />

<exclusive-start id="1332" timestamp="2019-06-16T01:38:50.265" intervalms="5.956">
  <response-info timems="0.039" idlems="0.039" threads="0" lastid="0000000001035400" lastname="PmdThread 3" />
</exclusive-start>
<af-start id="1333" threadId="0000000001035D88" totalBytesRequested="760" timestamp="2019-06-16T01:38:50.265" intervalms="5.977" type="nursery" />
<cycle-start id="1334" type="scavenge" contextid="0" timestamp="2019-06-16T01:38:50.265" intervalms="6.053" />
<gc-start id="1335" type="scavenge" contextid="1334" timestamp="2019-06-16T01:38:50.266">
  <mem-info id="1336" free="2062284184" total="2092630016" percent="98">
    <mem type="nursery" free="0" total="6029312" percent="0">
      <mem type="allocate" free="0" total="4128768" percent="0" />
      <mem type="survivor" free="0" total="1900544" percent="0" />
    </mem>
    <mem type="tenure" free="2062284184" total="2086600704" percent="98">
      <mem type="soa" free="1957954968" total="1982271488" percent="98" />
      <mem type="loa" free="104329216" total="104329216" percent="100" />
    </mem>
    <remembered-set count="1599" />
  </mem-info>
</gc-start>
<allocation-stats totalBytes="2942664" >
  <allocated-bytes non-tlh="400" tlh="2942264" />
  <largest-consumer threadName="PmdThread 4" threadId="0000000001039000" bytes="946176" />
</allocation-stats>
<gc-op id="1337" type="scavenge" timems="2.864" contextid="1334" timestamp="2019-06-16T01:38:50.269">
  <scavenger-info tenureage="4" tenuremask="7ff0" tiltratio="68" />
  <memory-copied type="nursery" objects="23500" bytes="1223496" bytesdiscarded="114224" />
  <memory-copied type="tenure" objects="1433" bytes="106760" bytesdiscarded="48" />
  <references type="weak" candidates="95" cleared="95" enqueued="95" />
  <references type="phantom" candidates="2" cleared="2" enqueued="2" />
</gc-op>
<gc-end id="1338" type="scavenge" contextid="1334" durationms="3.170" usertimems="4.000" systemtimems="4.000" timestamp="2019-06-16T01:38:50.269" activeThreads="4">
  <mem-info id="1339" free="2064989968" total="2092630016" percent="98">
    <mem type="nursery" free="2855824" total="6029312" percent="47">
      <mem type="allocate" free="2855824" total="4194304" percent="68" />
      <mem type="survivor" free="0" total="1835008" percent="0" />
    </mem>
    <mem type="tenure" free="2062134144" total="2086600704" percent="98">
      <mem type="soa" free="1957804928" total="1982271488" percent="98" />
      <mem type="loa" free="104329216" total="104329216" percent="100" />
    </mem>
    <pending-finalizers system="0" default="0" reference="97" classloader="0" />
    <remembered-set count="687" />
  </mem-info>
</gc-end>
<cycle-end id="1340" type="scavenge" contextid="1334" timestamp="2019-06-16T01:38:50.269" />
  <attribute name="elasticGC enabled" value="1" />
  <attribute name= "numThreadsSpecified" value="4" />
  <attribute name="heapSize specified" value="12582912" />
  <attribute name="Current GC Util" value="40" />
  <attribute name= "Current Time Running" value="14042" />
  <attribute name ="GC Interval" value="200" />
  <attribute name="ProportionalT" value="30.000000" />
  <attribute name="ProportionalI" value="30.000000" />
  <attribute name="ProportionalH" value="30.000000" />
  <attribute name="Current Error" value="20.000000" />
  <attribute name="IntegralT" value="120.000000" />
  <attribute name="IntegralI" value="120.000000" />
  <attribute name="IntegralH" value="120.000000" />
  <attribute name="DerivativeT" value="0.666667" />
  <attribute name="DerivativeI" value="0.666667" />
  <attribute name="DerivativeH" value="0.666667" />
  <attribute name="Loop Time for DT" value="6.000000" />
  <attribute name="Output H" value="8388608"/>
  <attribute name="Output I" value="200"/>
  <attribute name="Output T" value="4"/>
  <attribute name="Target GC Util Change" value ="20.000000" />
  <attribute name="Current GC Util Change" value="40.000000"/>
  <attribute name="GC Util currently" value="40" />
  <attribute name="CPU Util currently" value="740796321785" />
<allocation-satisfied id="1341" threadId="0000000001035400" bytesRequested="760" />
<af-end id="1342" timestamp="2019-06-16T01:38:50.269" threadId="0000000001035D88" success="true" from="nursery"/>
<exclusive-end id="1343" timestamp="2019-06-16T01:38:50.269" durationms="4.053" />

<exclusive-start id="1344" timestamp="2019-06-16T01:38:50.273" intervalms="8.246">
  <response-info timems="0.023" idlems="0.023" threads="0" lastid="0000000001039000" lastname="PmdThread 4" />
</exclusive-start>
<af-start id="1345" threadId="0000000001039988" totalBytesRequested="16" timestamp="2019-06-16T01:38:50.273" intervalms="8.223" type="nursery" />
<cycle-start id="1346" type="scavenge" contextid="0" timestamp="2019-06-16T01:38:50.274" intervalms="8.183" />
<gc-start id="1347" type="scavenge" contextid="1346" timestamp="2019-06-16T01:38:50.274">
  <mem-info id="1348" free="2062133968" total="2092630016" percent="98">
    <mem type="nursery" free="0" total="6029312" percent="0">
      <mem type="allocate" free="0" total="4194304" percent="0" />
      <mem type="survivor" free="0" total="1835008" percent="0" />
    </mem>
    <mem type="tenure" free="2062133968" total="2086600704" percent="98">
      <mem type="soa" free="1957804752" total="1982271488" percent="98" />
      <mem type="loa" free="104329216" total="104329216" percent="100" />
    </mem>
    <remembered-set count="887" />
  </mem-info>
</gc-start>
<allocation-stats totalBytes="2851688" >
  <allocated-bytes non-tlh="936" tlh="2850752" />
  <largest-consumer threadName="PmdThread 2" threadId="000000000102D800" bytes="994304" />
</allocation-stats>
<gc-op id="1349" type="scavenge" timems="2.540" contextid="1346" timestamp="2019-06-16T01:38:50.276">
  <scavenger-info tenureage="3" tenuremask="7ff8" tiltratio="69" />
  <memory-copied type="nursery" objects="13016" bytes="717648" bytesdiscarded="151840" />
  <memory-copied type="tenure" objects="16555" bytes="795296" bytesdiscarded="824" />
  <references type="weak" candidates="110" cleared="110" enqueued="110" />
</gc-op>
<gc-end id="1350" type="scavenge" contextid="1346" durationms="2.925" usertimems="8.000" systemtimems="0.000" timestamp="2019-06-16T01:38:50.277" activeThreads="4">
  <mem-info id="1351" free="2064797000" total="2092630016" percent="98">
    <mem type="nursery" free="3455152" total="6029312" percent="57">
      <mem type="allocate" free="3455152" total="4325376" percent="79" />
      <mem type="survivor" free="0" total="1703936" percent="0" />
    </mem>
    <mem type="tenure" free="2061341848" total="2086600704" percent="98">
      <mem type="soa" free="1957012632" total="1982271488" percent="98" />
      <mem type="loa" free="104329216" total="104329216" percent="100" />
    </mem>
    <pending-finalizers system="0" default="0" reference="110" classloader="0" />
    <remembered-set count="546" />
  </mem-info>
</gc-end>
<cycle-end id="1352" type="scavenge" contextid="1346" timestamp="2019-06-16T01:38:50.277" />
  <attribute name="elasticGC enabled" value="1" />
  <attribute name= "numThreadsSpecified" value="4" />
  <attribute name="heapSize specified" value="12582912" />
  <attribute name="Current GC Util" value="66" />
  <attribute name= "Current Time Running" value="14050" />
  <attribute name ="GC Interval" value="440" />
  <attribute name="ProportionalT" value="69.000000" />
  <attribute name="ProportionalI" value="69.000000" />
  <attribute name="ProportionalH" value="69.000000" />
  <attribute name="Current Error" value="46.000000" />
  <attribute name="IntegralT" value="368.000000" />
  <attribute name="IntegralI" value="368.000000" />
  <attribute name="IntegralH" value="368.000000" />
  <attribute name="DerivativeT" value="3.250000" />
  <attribute name="DerivativeI" value="3.250000" />
  <attribute name="DerivativeH" value="3.250000" />
  <attribute name="Loop Time for DT" value="8.000000" />
  <attribute name="Output H" value="8388608"/>
  <attribute name="Output I" value="440"/>
  <attribute name="Output T" value="4"/>
  <attribute name="Target GC Util Change" value ="20.000000" />
  <attribute name="Current GC Util Change" value="66.000000"/>
  <attribute name="GC Util currently" value="66" />
  <attribute name="CPU Util currently" value="572258939833" />
<allocation-satisfied id="1353" threadId="0000000001039000" bytesRequested="16" />
<af-end id="1354" timestamp="2019-06-16T01:38:50.277" threadId="0000000001039988" success="true" from="nursery"/>
<exclusive-end id="1355" timestamp="2019-06-16T01:38:50.277" durationms="3.752" />

<exclusive-start id="1356" timestamp="2019-06-16T01:38:50.283" intervalms="10.043">
  <response-info timems="0.025" idlems="0.025" threads="0" lastid="0000000001029C00" lastname="PmdThread 1" />
</exclusive-start>
<af-start id="1357" threadId="000000000102A588" totalBytesRequested="24" timestamp="2019-06-16T01:38:50.284" intervalms="10.007" type="nursery" />
<cycle-start id="1358" type="scavenge" contextid="0" timestamp="2019-06-16T01:38:50.284" intervalms="9.969" />
<gc-start id="1359" type="scavenge" contextid="1358" timestamp="2019-06-16T01:38:50.284">
  <mem-info id="1360" free="2061340904" total="2092630016" percent="98">
    <mem type="nursery" free="0" total="6029312" percent="0">
      <mem type="allocate" free="0" total="4325376" percent="0" />
      <mem type="survivor" free="0" total="1703936" percent="0" />
    </mem>
    <mem type="tenure" free="2061340904" total="2086600704" percent="98">
      <mem type="soa" free="1957011688" total="1982271488" percent="98" />
      <mem type="loa" free="104329216" total="104329216" percent="100" />
    </mem>
    <remembered-set count="875" />
  </mem-info>
</gc-start>
<allocation-stats totalBytes="3449584" >
  <allocated-bytes non-tlh="960" tlh="3448624" />
  <largest-consumer threadName="PmdThread 2" threadId="000000000102D800" bytes="1121736" />
</allocation-stats>
<gc-op id="1361" type="scavenge" timems="0.824" contextid="1358" timestamp="2019-06-16T01:38:50.285">
  <scavenger-info tenureage="4" tenuremask="7ff0" tiltratio="71" />
  <memory-copied type="nursery" objects="14832" bytes="838152" bytesdiscarded="154424" />
  <references type="weak" candidates="158" cleared="157" enqueued="157" />
  <references type="phantom" candidates="2" cleared="2" enqueued="2" />
</gc-op>
<gc-end id="1362" type="scavenge" contextid="1358" durationms="0.983" usertimems="4.000" systemtimems="0.000" timestamp="2019-06-16T01:38:50.285" activeThreads="4">
  <mem-info id="1363" free="2064803592" total="2092630016" percent="98">
    <mem type="nursery" free="3462688" total="6029312" percent="57">
      <mem type="allocate" free="3462688" total="4456448" percent="77" />
      <mem type="survivor" free="0" total="1572864" percent="0" />
    </mem>
    <mem type="tenure" free="2061340904" total="2086600704" percent="98">
      <mem type="soa" free="1957011688" total="1982271488" percent="98" />
      <mem type="loa" free="104329216" total="104329216" percent="100" />
    </mem>
    <pending-finalizers system="0" default="0" reference="159" classloader="0" />
    <remembered-set count="551" />
  </mem-info>
</gc-end>
<cycle-end id="1364" type="scavenge" contextid="1358" timestamp="2019-06-16T01:38:50.285" />
  <attribute name="elasticGC enabled" value="1" />
  <attribute name= "numThreadsSpecified" value="4" />
  <attribute name="heapSize specified" value="12582912" />
  <attribute name="Current GC Util" value="58" />
  <attribute name= "Current Time Running" value="14060" />
  <attribute name ="GC Interval" value="440" />
  <attribute name="ProportionalT" value="57.000000" />
  <attribute name="ProportionalI" value="57.000000" />
  <attribute name="ProportionalH" value="57.000000" />
  <attribute name="Current Error" value="38.000000" />
  <attribute name="IntegralT" value="380.000000" />
  <attribute name="IntegralI" value="380.000000" />
  <attribute name="IntegralH" value="380.000000" />
  <attribute name="DerivativeT" value="-0.800000" />
  <attribute name="DerivativeI" value="-0.800000" />
  <attribute name="DerivativeH" value="-0.800000" />
  <attribute name="Loop Time for DT" value="10.000000" />
  <attribute name="Output H" value="8388608"/>
  <attribute name="Output I" value="440"/>
  <attribute name="Output T" value="4"/>
  <attribute name="Target GC Util Change" value ="20.000000" />
  <attribute name="Current GC Util Change" value="58.000000"/>
  <attribute name="GC Util currently" value="58" />
  <attribute name="CPU Util currently" value="465261553275" />
<allocation-satisfied id="1365" threadId="0000000001029C00" bytesRequested="24" />
<af-end id="1366" timestamp="2019-06-16T01:38:50.285" threadId="000000000102A588" success="true" from="nursery"/>
<exclusive-end id="1367" timestamp="2019-06-16T01:38:50.285" durationms="1.376" />

<exclusive-start id="1368" timestamp="2019-06-16T01:38:50.289" intervalms="5.583">
  <response-info timems="0.026" idlems="0.026" threads="0" lastid="000000000102D800" lastname="PmdThread 2" />
</exclusive-start>
<af-start id="1369" threadId="000000000102E188" totalBytesRequested="24" timestamp="2019-06-16T01:38:50.289" intervalms="5.595" type="nursery" />
<cycle-start id="1370" type="scavenge" contextid="0" timestamp="2019-06-16T01:38:50.289" intervalms="5.642" />
<gc-start id="1371" type="scavenge" contextid="1370" timestamp="2019-06-16T01:38:50.289">
  <mem-info id="1372" free="2061340904" total="2092630016" percent="98">
    <mem type="nursery" free="0" total="6029312" percent="0">
      <mem type="allocate" free="0" total="4456448" percent="0" />
      <mem type="survivor" free="0" total="1572864" percent="0" />
    </mem>
    <mem type="tenure" free="2061340904" total="2086600704" percent="98">
      <mem type="soa" free="1957011688" total="1982271488" percent="98" />
      <mem type="loa" free="104329216" total="104329216" percent="100" />
    </mem>
    <remembered-set count="875" />
  </mem-info>
</gc-start>
<allocation-stats totalBytes="3458968" >
  <allocated-bytes non-tlh="24" tlh="3458944" />
  <largest-consumer threadName="PmdThread 3" threadId="0000000001035400" bytes="1340720" />
</allocation-stats>
<gc-op id="1373" type="scavenge" timems="2.628" contextid="1370" timestamp="2019-06-16T01:38:50.292">
  <scavenger-info tenureage="3" tenuremask="7ff8" tiltratio="73" />
  <memory-copied type="nursery" objects="8592" bytes="439912" bytesdiscarded="69312" />
  <memory-copied type="tenure" objects="5109" bytes="239752" bytesdiscarded="88" />
  <references type="weak" candidates="127" cleared="127" enqueued="127" />
  <references type="phantom" candidates="1" cleared="1" enqueued="1" />
</gc-op>
<gc-end id="1374" type="scavenge" contextid="1370" durationms="3.085" usertimems="4.000" systemtimems="0.000" timestamp="2019-06-16T01:38:50.292" activeThreads="4">
  <mem-info id="1375" free="2065186968" total="2092630016" percent="98">
    <mem type="nursery" free="4074696" total="6029312" percent="67">
      <mem type="allocate" free="4074696" total="4587520" percent="88" />
      <mem type="survivor" free="0" total="1441792" percent="0" />
    </mem>
    <mem type="tenure" free="2061112272" total="2086600704" percent="98">
      <mem type="soa" free="1956783056" total="1982271488" percent="98" />
      <mem type="loa" free="104329216" total="104329216" percent="100" />
    </mem>
    <pending-finalizers system="0" default="0" reference="128" classloader="0" />
    <remembered-set count="142" />
  </mem-info>
</gc-end>
<cycle-end id="1376" type="scavenge" contextid="1370" timestamp="2019-06-16T01:38:50.293" />
  <attribute name="elasticGC enabled" value="1" />
  <attribute name= "numThreadsSpecified" value="4" />
  <attribute name="heapSize specified" value="12582912" />
  <attribute name="Current GC Util" value="31" />
  <attribute name= "Current Time Running" value="14066" />
  <attribute name ="GC Interval" value="200" />
  <attribute name="ProportionalT" value="16.500000" />
  <attribute name="ProportionalI" value="16.500000" />
  <attribute name="ProportionalH" value="16.500000" />
  <attribute name="Current Error" value="11.000000" />
  <attribute name="IntegralT" value="66.000000" />
  <attribute name="IntegralI" value="66.000000" />
  <attribute name="IntegralH" value="66.000000" />
  <attribute name="DerivativeT" value="-4.500000" />
  <attribute name="DerivativeI" value="-4.500000" />
  <attribute name="DerivativeH" value="-4.500000" />
  <attribute name="Loop Time for DT" value="6.000000" />
  <attribute name="Output H" value="8388608"/>
  <attribute name="Output I" value="200"/>
  <attribute name="Output T" value="4"/>
  <attribute name="Target GC Util Change" value ="20.000000" />
  <attribute name="Current GC Util Change" value="31.000000"/>
  <attribute name="GC Util currently" value="31" />
  <attribute name="CPU Util currently" value="783453199516" />
<allocation-satisfied id="1377" threadId="000000000102D800" bytesRequested="24" />
<af-end id="1378" timestamp="2019-06-16T01:38:50.293" threadId="000000000102E188" success="true" from="nursery"/>
<exclusive-end id="1379" timestamp="2019-06-16T01:38:50.293" durationms="3.798" />

<exclusive-start id="1380" timestamp="2019-06-16T01:38:50.303" intervalms="14.230">
  <response-info timems="0.074" idlems="0.074" threads="0" lastid="0000000001035400" lastname="PmdThread 3" />
</exclusive-start>
<af-start id="1381" threadId="0000000001035D88" totalBytesRequested="72" timestamp="2019-06-16T01:38:50.303" intervalms="14.333" type="nursery" />
<cycle-start id="1382" type="scavenge" contextid="0" timestamp="2019-06-16T01:38:50.304" intervalms="14.397" />
<gc-start id="1383" type="scavenge" contextid="1382" timestamp="2019-06-16T01:38:50.304">
  <mem-info id="1384" free="2061112272" total="2092630016" percent="98">
    <mem type="nursery" free="0" total="6029312" percent="0">
      <mem type="allocate" free="0" total="4587520" percent="0" />
      <mem type="survivor" free="0" total="1441792" percent="0" />
    </mem>
    <mem type="tenure" free="2061112272" total="2086600704" percent="98">
      <mem type="soa" free="1956783056" total="1982271488" percent="98" />
      <mem type="loa" free="104329216" total="104329216" percent="100" />
    </mem>
    <remembered-set count="959" />
  </mem-info>
</gc-start>
<allocation-stats totalBytes="4070112" >
  <allocated-bytes non-tlh="24" tlh="4070088" />
  <largest-consumer threadName="PmdThread 3" threadId="0000000001035400" bytes="3582704" />
</allocation-stats>
<gc-op id="1385" type="scavenge" timems="1.546" contextid="1382" timestamp="2019-06-16T01:38:50.306">
  <scavenger-info tenureage="3" tenuremask="7fe8" tiltratio="76" />
  <memory-copied type="nursery" objects="3160" bytes="159984" bytesdiscarded="131664" />
  <memory-copied type="tenure" objects="5941" bytes="296392" bytesdiscarded="384" />
  <references type="weak" candidates="318" cleared="318" enqueued="318" />
</gc-op>
<gc-end id="1386" type="scavenge" contextid="1382" durationms="2.020" usertimems="4.000" systemtimems="0.000" timestamp="2019-06-16T01:38:50.306" activeThreads="4">
  <mem-info id="1387" free="2065265888" total="2092630016" percent="98">
    <mem type="nursery" free="4492448" total="6029312" percent="74">
      <mem type="allocate" free="4492448" total="4784128" percent="93" />
      <mem type="survivor" free="0" total="1245184" percent="0" />
    </mem>
    <mem type="tenure" free="2060773440" total="2086600704" percent="98">
      <mem type="soa" free="1956444224" total="1982271488" percent="98" />
      <mem type="loa" free="104329216" total="104329216" percent="100" />
    </mem>
    <pending-finalizers system="0" default="0" reference="318" classloader="0" />
    <remembered-set count="458" />
  </mem-info>
</gc-end>
<cycle-end id="1388" type="scavenge" contextid="1382" timestamp="2019-06-16T01:38:50.306" />
  <attribute name="elasticGC enabled" value="1" />
  <attribute name= "numThreadsSpecified" value="4" />
  <attribute name="heapSize specified" value="12582912" />
  <attribute name="Current GC Util" value="31" />
  <attribute name= "Current Time Running" value="14080" />
  <attribute name ="GC Interval" value="200" />
  <attribute name="ProportionalT" value="16.500000" />
  <attribute name="ProportionalI" value="16.500000" />
  <attribute name="ProportionalH" value="16.500000" />
  <attribute name="Current Error" value="11.000000" />
  <attribute name="IntegralT" value="154.000000" />
  <attribute name="IntegralI" value="154.000000" />
  <attribute name="IntegralH" value="154.000000" />
  <attribute name="DerivativeT" value="0.000000" />
  <attribute name="DerivativeI" value="0.000000" />
  <attribute name="DerivativeH" value="0.000000" />
  <attribute name="Loop Time for DT" value="14.000000" />
  <attribute name="Output H" value="8388608"/>
  <attribute name="Output I" value="200"/>
  <attribute name="Output T" value="4"/>
  <attribute name="Target GC Util Change" value ="20.000000" />
  <attribute name="Current GC Util Change" value="31.000000"/>
  <attribute name="GC Util currently" value="31" />
  <attribute name="CPU Util currently" value="318924683749" />
<allocation-satisfied id="1389" threadId="0000000001035400" bytesRequested="72" />
<af-end id="1390" timestamp="2019-06-16T01:38:50.306" threadId="0000000001035D88" success="true" from="nursery"/>
<exclusive-end id="1391" timestamp="2019-06-16T01:38:50.306" durationms="2.897" />

<exclusive-start id="1392" timestamp="2019-06-16T01:38:50.318" intervalms="14.607">
  <response-info timems="0.077" idlems="0.077" threads="0" lastid="0000000001035400" lastname="PmdThread 3" />
</exclusive-start>
<af-start id="1393" threadId="0000000001035D88" totalBytesRequested="120" timestamp="2019-06-16T01:38:50.318" intervalms="14.589" type="nursery" />
<cycle-start id="1394" type="scavenge" contextid="0" timestamp="2019-06-16T01:38:50.318" intervalms="14.581" />
<gc-start id="1395" type="scavenge" contextid="1394" timestamp="2019-06-16T01:38:50.318">
  <mem-info id="1396" free="2060773440" total="2092630016" percent="98">
    <mem type="nursery" free="0" total="6029312" percent="0">
      <mem type="allocate" free="0" total="4784128" percent="0" />
      <mem type="survivor" free="0" total="1245184" percent="0" />
    </mem>
    <mem type="tenure" free="2060773440" total="2086600704" percent="98">
      <mem type="soa" free="1956444224" total="1982271488" percent="98" />
      <mem type="loa" free="104329216" total="104329216" percent="100" />
    </mem>
    <remembered-set count="1440" />
  </mem-info>
</gc-start>
<allocation-stats totalBytes="4487504" >
  <allocated-bytes non-tlh="72" tlh="4487432" />
  <largest-consumer threadName="PmdThread 3" threadId="0000000001035400" bytes="4487504" />
</allocation-stats>
<gc-op id="1397" type="scavenge" timems="1.035" contextid="1394" timestamp="2019-06-16T01:38:50.320">
  <scavenger-info tenureage="3" tenuremask="7fc8" tiltratio="79" />
  <memory-copied type="nursery" objects="769" bytes="26904" bytesdiscarded="52792" />
  <memory-copied type="tenure" objects="2203" bytes="127040" bytesdiscarded="32" />
  <references type="weak" candidates="249" cleared="249" enqueued="249" />
</gc-op>
<gc-end id="1398" type="scavenge" contextid="1394" durationms="1.328" usertimems="0.000" systemtimems="0.000" timestamp="2019-06-16T01:38:50.320" activeThreads="4">
  <mem-info id="1399" free="2065524440" total="2092630016" percent="98">
    <mem type="nursery" free="4901040" total="6029312" percent="81">
      <mem type="allocate" free="4901040" total="4980736" percent="98" />
      <mem type="survivor" free="0" total="1048576" percent="0" />
    </mem>
    <mem type="tenure" free="2060623400" total="2086600704" percent="98">
      <mem type="soa" free="1956294184" total="1982271488" percent="98" />
      <mem type="loa" free="104329216" total="104329216" percent="100" />
    </mem>
    <pending-finalizers system="0" default="0" reference="249" classloader="0" />
    <remembered-set count="91" />
  </mem-info>
</gc-end>
<cycle-end id="1400" type="scavenge" contextid="1394" timestamp="2019-06-16T01:38:50.320" />
  <attribute name="elasticGC enabled" value="1" />
  <attribute name= "numThreadsSpecified" value="4" />
  <attribute name="heapSize specified" value="12582912" />
  <attribute name="Current GC Util" value="24" />
  <attribute name= "Current Time Running" value="14095" />
  <attribute name ="GC Interval" value="200" />
  <attribute name="ProportionalT" value="6.000000" />
  <attribute name="ProportionalI" value="6.000000" />
  <attribute name="ProportionalH" value="6.000000" />
  <attribute name="Current Error" value="4.000000" />
  <attribute name="IntegralT" value="60.000000" />
  <attribute name="IntegralI" value="60.000000" />
  <attribute name="IntegralH" value="60.000000" />
  <attribute name="DerivativeT" value="-0.466667" />
  <attribute name="DerivativeI" value="-0.466667" />
  <attribute name="DerivativeH" value="-0.466667" />
  <attribute name="Loop Time for DT" value="15.000000" />
  <attribute name="Output H" value="8388608"/>
  <attribute name="Output I" value="200"/>
  <attribute name="Output T" value="4"/>
  <attribute name="Target GC Util Change" value ="20.000000" />
  <attribute name="Current GC Util Change" value="24.000000"/>
  <attribute name="GC Util currently" value="24" />
  <attribute name="CPU Util currently" value="318669485623" />
<allocation-satisfied id="1401" threadId="0000000001035400" bytesRequested="120" />
<af-end id="1402" timestamp="2019-06-16T01:38:50.320" threadId="0000000001035D88" success="true" from="nursery"/>
<exclusive-end id="1403" timestamp="2019-06-16T01:38:50.320" durationms="2.266" />

<exclusive-start id="1404" timestamp="2019-06-16T01:38:50.330" intervalms="12.510">
  <response-info timems="0.060" idlems="0.060" threads="0" lastid="0000000001035400" lastname="PmdThread 3" />
</exclusive-start>
<af-start id="1405" threadId="0000000001035D88" totalBytesRequested="856" timestamp="2019-06-16T01:38:50.330" intervalms="12.433" type="nursery" />
<cycle-start id="1406" type="scavenge" contextid="0" timestamp="2019-06-16T01:38:50.331" intervalms="12.426" />
<gc-start id="1407" type="scavenge" contextid="1406" timestamp="2019-06-16T01:38:50.331">
  <mem-info id="1408" free="2060623400" total="2092630016" percent="98">
    <mem type="nursery" free="0" total="6029312" percent="0">
      <mem type="allocate" free="0" total="4980736" percent="0" />
      <mem type="survivor" free="0" total="1048576" percent="0" />
    </mem>
    <mem type="tenure" free="2060623400" total="2086600704" percent="98">
      <mem type="soa" free="1956294184" total="1982271488" percent="98" />
      <mem type="loa" free="104329216" total="104329216" percent="100" />
    </mem>
    <remembered-set count="1178" />
  </mem-info>
</gc-start>
<allocation-stats totalBytes="4892024" >
  <allocated-bytes non-tlh="120" tlh="4891904" />
  <largest-consumer threadName="PmdThread 3" threadId="0000000001035400" bytes="4892024" />
</allocation-stats>
<gc-op id="1409" type="scavenge" timems="0.672" contextid="1406" timestamp="2019-06-16T01:38:50.331">
  <scavenger-info tenureage="7" tenuremask="7f80" tiltratio="82" />
  <memory-copied type="nursery" objects="1248" bytes="43408" bytesdiscarded="74096" />
  <references type="weak" candidates="424" cleared="424" enqueued="424" />
</gc-op>
<gc-end id="1410" type="scavenge" contextid="1406" durationms="0.862" usertimems="0.000" systemtimems="0.000" timestamp="2019-06-16T01:38:50.332" activeThreads="4">
  <mem-info id="1411" free="2065683240" total="2092630016" percent="98">
    <mem type="nursery" free="5059840" total="6029312" percent="83">
      <mem type="allocate" free="5059840" total="5177344" percent="97" />
      <mem type="survivor" free="0" total="851968" percent="0" />
    </mem>
    <mem type="tenure" free="2060623400" total="2086600704" percent="98">
      <mem type="soa" free="1956294184" total="1982271488" percent="98" />
      <mem type="loa" free="104329216" total="104329216" percent="100" />
    </mem>
    <pending-finalizers system="0" default="0" reference="424" classloader="0" />
    <remembered-set count="92" />
  </mem-info>
</gc-end>
<cycle-end id="1412" type="scavenge" contextid="1406" timestamp="2019-06-16T01:38:50.332" />
  <attribute name="elasticGC enabled" value="1" />
  <attribute name= "numThreadsSpecified" value="4" />
  <attribute name="heapSize specified" value="12582912" />
  <attribute name="Current GC Util" value="15" />
  <attribute name= "Current Time Running" value="14107" />
  <attribute name ="GC Interval" value="200" />
  <attribute name="ProportionalT" value="-7.500000" />
  <attribute name="ProportionalI" value="-7.500000" />
  <attribute name="ProportionalH" value="-7.500000" />
  <attribute name="Current Error" value="-5.000000" />
  <attribute name="IntegralT" value="-60.000000" />
  <attribute name="IntegralI" value="-60.000000" />
  <attribute name="IntegralH" value="-60.000000" />
  <attribute name="DerivativeT" value="-0.750000" />
  <attribute name="DerivativeI" value="-0.750000" />
  <attribute name="DerivativeH" value="-0.750000" />
  <attribute name="Loop Time for DT" value="12.000000" />
  <attribute name="Output H" value="2092630016"/>
  <attribute name="Output I" value="200"/>
  <attribute name="Output T" value="4"/>
  <attribute name="Target GC Util Change" value ="20.000000" />
  <attribute name="Current GC Util Change" value="15.000000"/>
  <attribute name="GC Util currently" value="15" />
  <attribute name="CPU Util currently" value="375916553261" />
<allocation-satisfied id="1413" threadId="0000000001035400" bytesRequested="856" />
<af-end id="1414" timestamp="2019-06-16T01:38:50.332" threadId="0000000001035D88" success="true" from="nursery"/>
<exclusive-end id="1415" timestamp="2019-06-16T01:38:50.332" durationms="1.545" />

<exclusive-start id="1416" timestamp="2019-06-16T01:38:50.345" intervalms="14.666">
  <response-info timems="0.061" idlems="0.061" threads="0" lastid="0000000001035400" lastname="PmdThread 3" />
</exclusive-start>
<af-start id="1417" threadId="0000000001035D88" totalBytesRequested="832" timestamp="2019-06-16T01:38:50.345" intervalms="14.644" type="nursery" />
<cycle-start id="1418" type="scavenge" contextid="0" timestamp="2019-06-16T01:38:50.345" intervalms="14.694" />
<gc-start id="1419" type="scavenge" contextid="1418" timestamp="2019-06-16T01:38:50.345">
  <mem-info id="1420" free="2060623400" total="2092630016" percent="98">
    <mem type="nursery" free="0" total="6029312" percent="0">
      <mem type="allocate" free="0" total="5177344" percent="0" />
      <mem type="survivor" free="0" total="851968" percent="0" />
    </mem>
    <mem type="tenure" free="2060623400" total="2086600704" percent="98">
      <mem type="soa" free="1956294184" total="1982271488" percent="98" />
      <mem type="loa" free="104329216" total="104329216" percent="100" />
    </mem>
    <remembered-set count="965" />
  </mem-info>
</gc-start>
<allocation-stats totalBytes="5050568" >
  <allocated-bytes non-tlh="856" tlh="5049712" />
  <largest-consumer threadName="PmdThread 3" threadId="0000000001035400" bytes="5050568" />
</allocation-stats>
<gc-op id="1421" type="scavenge" timems="0.618" contextid="1418" timestamp="2019-06-16T01:38:50.346">
  <scavenger-info tenureage="8" tenuremask="7f00" tiltratio="85" />
  <memory-copied type="nursery" objects="1013" bytes="35632" bytesdiscarded="42704" />
  <references type="weak" candidates="270" cleared="270" enqueued="270" />
</gc-op>
<gc-end id="1422" type="scavenge" contextid="1418" durationms="1.118" usertimems="0.000" systemtimems="0.000" timestamp="2019-06-16T01:38:50.347" activeThreads="4">
  <mem-info id="1423" free="2065853480" total="2092630016" percent="98">
    <mem type="nursery" free="5230080" total="6029312" percent="86">
      <mem type="allocate" free="5230080" total="5308416" percent="98" />
      <mem type="survivor" free="0" total="720896" percent="0" />
    </mem>
    <mem type="tenure" free="2060623400" total="2086600704" percent="98">
      <mem type="soa" free="1956294184" total="1982271488" percent="98" />
      <mem type="loa" free="104329216" total="104329216" percent="100" />
    </mem>
    <pending-finalizers system="0" default="0" reference="270" classloader="0" />
    <remembered-set count="92" />
  </mem-info>
</gc-end>
<cycle-end id="1424" type="scavenge" contextid="1418" timestamp="2019-06-16T01:38:50.347" />
  <attribute name="elasticGC enabled" value="1" />
  <attribute name= "numThreadsSpecified" value="4" />
  <attribute name="heapSize specified" value="12582912" />
  <attribute name="Current GC Util" value="10" />
  <attribute name= "Current Time Running" value="14122" />
  <attribute name ="GC Interval" value="200" />
  <attribute name="ProportionalT" value="-15.000000" />
  <attribute name="ProportionalI" value="-15.000000" />
  <attribute name="ProportionalH" value="-15.000000" />
  <attribute name="Current Error" value="-10.000000" />
  <attribute name="IntegralT" value="-150.000000" />
  <attribute name="IntegralI" value="-150.000000" />
  <attribute name="IntegralH" value="-150.000000" />
  <attribute name="DerivativeT" value="-0.666667" />
  <attribute name="DerivativeI" value="-0.666667" />
  <attribute name="DerivativeH" value="-0.666667" />
  <attribute name="Loop Time for DT" value="15.000000" />
  <attribute name="Output H" value="2092630016"/>
  <attribute name="Output I" value="200"/>
  <attribute name="Output T" value="4"/>
  <attribute name="Target GC Util Change" value ="20.000000" />
  <attribute name="Current GC Util Change" value="10.000000"/>
  <attribute name="GC Util currently" value="10" />
  <attribute name="CPU Util currently" value="307289118883" />
<allocation-satisfied id="1425" threadId="0000000001035400" bytesRequested="832" />
<af-end id="1426" timestamp="2019-06-16T01:38:50.347" threadId="0000000001035D88" success="true" from="nursery"/>
<exclusive-end id="1427" timestamp="2019-06-16T01:38:50.347" durationms="1.974" />

<exclusive-start id="1428" timestamp="2019-06-16T01:38:50.358" intervalms="12.859">
  <response-info timems="0.029" idlems="0.029" threads="0" lastid="0000000001035400" lastname="PmdThread 3" />
</exclusive-start>
<af-start id="1429" threadId="0000000001035D88" totalBytesRequested="752" timestamp="2019-06-16T01:38:50.358" intervalms="12.900" type="nursery" />
<cycle-start id="1430" type="scavenge" contextid="0" timestamp="2019-06-16T01:38:50.358" intervalms="12.800" />
<gc-start id="1431" type="scavenge" contextid="1430" timestamp="2019-06-16T01:38:50.358">
  <mem-info id="1432" free="2060623400" total="2092630016" percent="98">
    <mem type="nursery" free="0" total="6029312" percent="0">
      <mem type="allocate" free="0" total="5308416" percent="0" />
      <mem type="survivor" free="0" total="720896" percent="0" />
    </mem>
    <mem type="tenure" free="2060623400" total="2086600704" percent="98">
      <mem type="soa" free="1956294184" total="1982271488" percent="98" />
      <mem type="loa" free="104329216" total="104329216" percent="100" />
    </mem>
    <remembered-set count="1108" />
  </mem-info>
</gc-start>
<allocation-stats totalBytes="5221232" >
  <allocated-bytes non-tlh="832" tlh="5220400" />
  <largest-consumer threadName="PmdThread 3" threadId="0000000001035400" bytes="5221232" />
</allocation-stats>
<gc-op id="1433" type="scavenge" timems="0.693" contextid="1430" timestamp="2019-06-16T01:38:50.359">
  <scavenger-info tenureage="9" tenuremask="7e00" tiltratio="88" />
  <memory-copied type="nursery" objects="1414" bytes="49296" bytesdiscarded="68208" />
  <references type="weak" candidates="417" cleared="417" enqueued="417" />
</gc-op>
<gc-end id="1434" type="scavenge" contextid="1430" durationms="0.907" usertimems="0.000" systemtimems="0.000" timestamp="2019-06-16T01:38:50.359" activeThreads="4">
  <mem-info id="1435" free="2065879848" total="2092630016" percent="98">
    <mem type="nursery" free="5256448" total="6029312" percent="87">
      <mem type="allocate" free="5256448" total="5373952" percent="97" />
      <mem type="survivor" free="0" total="655360" percent="0" />
    </mem>
    <mem type="tenure" free="2060623400" total="2086600704" percent="98">
      <mem type="soa" free="1956294184" total="1982271488" percent="98" />
      <mem type="loa" free="104329216" total="104329216" percent="100" />
    </mem>
    <pending-finalizers system="0" default="0" reference="417" classloader="0" />
    <remembered-set count="92" />
  </mem-info>
</gc-end>
<cycle-end id="1436" type="scavenge" contextid="1430" timestamp="2019-06-16T01:38:50.359" />
  <attribute name="elasticGC enabled" value="1" />
  <attribute name= "numThreadsSpecified" value="4" />
  <attribute name="heapSize specified" value="12582912" />
  <attribute name="Current GC Util" value="12" />
  <attribute name= "Current Time Running" value="14134" />
  <attribute name ="GC Interval" value="200" />
  <attribute name="ProportionalT" value="-12.000000" />
  <attribute name="ProportionalI" value="-12.000000" />
  <attribute name="ProportionalH" value="-12.000000" />
  <attribute name="Current Error" value="-8.000000" />
  <attribute name="IntegralT" value="-96.000000" />
  <attribute name="IntegralI" value="-96.000000" />
  <attribute name="IntegralH" value="-96.000000" />
  <attribute name="DerivativeT" value="-0.666667" />
  <attribute name="DerivativeI" value="-0.666667" />
  <attribute name="DerivativeH" value="-0.666667" />
  <attribute name="Loop Time for DT" value="12.000000" />
  <attribute name="Output H" value="2092630016"/>
  <attribute name="Output I" value="200"/>
  <attribute name="Output T" value="4"/>
  <attribute name="Target GC Util Change" value ="20.000000" />
  <attribute name="Current GC Util Change" value="12.000000"/>
  <attribute name="GC Util currently" value="12" />
  <attribute name="CPU Util currently" value="368508442692" />
<allocation-satisfied id="1437" threadId="0000000001035400" bytesRequested="752" />
<af-end id="1438" timestamp="2019-06-16T01:38:50.359" threadId="0000000001035D88" success="true" from="nursery"/>
<exclusive-end id="1439" timestamp="2019-06-16T01:38:50.359" durationms="1.550" />

<exclusive-start id="1440" timestamp="2019-06-16T01:38:50.371" intervalms="12.816">
  <response-info timems="0.233" idlems="0.233" threads="0" lastid="0000000001035400" lastname="PmdThread 3" />
</exclusive-start>
<af-start id="1441" threadId="0000000001035D88" totalBytesRequested="24" timestamp="2019-06-16T01:38:50.371" intervalms="12.823" type="nursery" />
<cycle-start id="1442" type="scavenge" contextid="0" timestamp="2019-06-16T01:38:50.371" intervalms="12.820" />
<gc-start id="1443" type="scavenge" contextid="1442" timestamp="2019-06-16T01:38:50.371">
  <mem-info id="1444" free="2060623400" total="2092630016" percent="98">
    <mem type="nursery" free="0" total="6029312" percent="0">
      <mem type="allocate" free="0" total="5373952" percent="0" />
      <mem type="survivor" free="0" total="655360" percent="0" />
    </mem>
    <mem type="tenure" free="2060623400" total="2086600704" percent="98">
      <mem type="soa" free="1956294184" total="1982271488" percent="98" />
      <mem type="loa" free="104329216" total="104329216" percent="100" />
    </mem>
    <remembered-set count="2675" />
  </mem-info>
</gc-start>
<allocation-stats totalBytes="5249064" >
  <allocated-bytes non-tlh="752" tlh="5248312" />
  <largest-consumer threadName="PmdThread 3" threadId="0000000001035400" bytes="5249064" />
</allocation-stats>
<gc-op id="1445" type="scavenge" timems="0.723" contextid="1442" timestamp="2019-06-16T01:38:50.372">
  <scavenger-info tenureage="6" tenuremask="7c40" tiltratio="89" />
  <memory-copied type="nursery" objects="989" bytes="33128" bytesdiscarded="45200" />
  <memory-copied type="tenure" objects="76" bytes="3760" bytesdiscarded="0" />
  <references type="weak" candidates="283" cleared="282" enqueued="282" />
</gc-op>
<gc-end id="1446" type="scavenge" contextid="1442" durationms="1.125" usertimems="0.000" systemtimems="0.000" timestamp="2019-06-16T01:38:50.372" activeThreads="4">
  <mem-info id="1447" free="2065919016" total="2092630016" percent="98">
    <mem type="nursery" free="5295616" total="6029312" percent="87">
      <mem type="allocate" free="5295616" total="5373952" percent="98" />
      <mem type="survivor" free="0" total="655360" percent="0" />
    </mem>
    <mem type="tenure" free="2060623400" total="2086600704" percent="98">
      <mem type="soa" free="1956294184" total="1982271488" percent="98" />
      <mem type="loa" free="104329216" total="104329216" percent="100" />
    </mem>
    <pending-finalizers system="0" default="0" reference="282" classloader="0" />
    <remembered-set count="82" />
  </mem-info>
</gc-end>
<cycle-end id="1448" type="scavenge" contextid="1442" timestamp="2019-06-16T01:38:50.372" />
  <attribute name="elasticGC enabled" value="1" />
  <attribute name= "numThreadsSpecified" value="4" />
  <attribute name="heapSize specified" value="12582912" />
  <attribute name="Current GC Util" value="12" />
  <attribute name= "Current Time Running" value="14147" />
  <attribute name ="GC Interval" value="200" />
  <attribute name="ProportionalT" value="-12.000000" />
  <attribute name="ProportionalI" value="-12.000000" />
  <attribute name="ProportionalH" value="-12.000000" />
  <attribute name="Current Error" value="-8.000000" />
  <attribute name="IntegralT" value="-104.000000" />
  <attribute name="IntegralI" value="-104.000000" />
  <attribute name="IntegralH" value="-104.000000" />
  <attribute name="DerivativeT" value="-0.615385" />
  <attribute name="DerivativeI" value="-0.615385" />
  <attribute name="DerivativeH" value="-0.615385" />
  <attribute name="Loop Time for DT" value="13.000000" />
  <attribute name="Output H" value="2092630016"/>
  <attribute name="Output I" value="200"/>
  <attribute name="Output T" value="4"/>
  <attribute name="Target GC Util Change" value ="20.000000" />
  <attribute name="Current GC Util Change" value="12.000000"/>
  <attribute name="GC Util currently" value="12" />
  <attribute name="CPU Util currently" value="354668851035" />
<allocation-satisfied id="1449" threadId="0000000001035400" bytesRequested="24" />
<af-end id="1450" timestamp="2019-06-16T01:38:50.372" threadId="0000000001035D88" success="true" from="nursery"/>
<exclusive-end id="1451" timestamp="2019-06-16T01:38:50.373" durationms="1.809" />

<exclusive-start id="1452" timestamp="2019-06-16T01:38:50.385" intervalms="14.398">
  <response-info timems="0.061" idlems="0.061" threads="0" lastid="0000000001035400" lastname="PmdThread 3" />
</exclusive-start>
<af-start id="1453" threadId="0000000001035D88" totalBytesRequested="16" timestamp="2019-06-16T01:38:50.385" intervalms="14.388" type="nursery" />
<cycle-start id="1454" type="scavenge" contextid="0" timestamp="2019-06-16T01:38:50.385" intervalms="14.392" />
<gc-start id="1455" type="scavenge" contextid="1454" timestamp="2019-06-16T01:38:50.385">
  <mem-info id="1456" free="2060623400" total="2092630016" percent="98">
    <mem type="nursery" free="0" total="6029312" percent="0">
      <mem type="allocate" free="0" total="5373952" percent="0" />
      <mem type="survivor" free="0" total="655360" percent="0" />
    </mem>
    <mem type="tenure" free="2060623400" total="2086600704" percent="98">
      <mem type="soa" free="1956294184" total="1982271488" percent="98" />
      <mem type="loa" free="104329216" total="104329216" percent="100" />
    </mem>
    <remembered-set count="3242" />
  </mem-info>
</gc-start>
<allocation-stats totalBytes="5282856" >
  <allocated-bytes non-tlh="24" tlh="5282832" />
  <largest-consumer threadName="PmdThread 3" threadId="0000000001035400" bytes="5282856" />
</allocation-stats>
<gc-op id="1457" type="scavenge" timems="0.678" contextid="1454" timestamp="2019-06-16T01:38:50.386">
  <scavenger-info tenureage="3" tenuremask="ff78" tiltratio="89" />
  <memory-copied type="nursery" objects="1171" bytes="36256" bytesdiscarded="42080" />
  <memory-copied type="tenure" objects="193" bytes="8080" bytesdiscarded="0" />
  <references type="weak" candidates="419" cleared="419" enqueued="419" />
</gc-op>
<gc-end id="1458" type="scavenge" contextid="1454" durationms="0.931" usertimems="4.000" systemtimems="0.000" timestamp="2019-06-16T01:38:50.386" activeThreads="4">
  <mem-info id="1459" free="2065919016" total="2092630016" percent="98">
    <mem type="nursery" free="5295616" total="6029312" percent="87">
      <mem type="allocate" free="5295616" total="5373952" percent="98" />
      <mem type="survivor" free="0" total="655360" percent="0" />
    </mem>
    <mem type="tenure" free="2060623400" total="2086600704" percent="98">
      <mem type="soa" free="1956294184" total="1982271488" percent="98" />
      <mem type="loa" free="104329216" total="104329216" percent="100" />
    </mem>
    <pending-finalizers system="0" default="0" reference="419" classloader="0" />
    <remembered-set count="79" />
  </mem-info>
</gc-end>
<cycle-end id="1460" type="scavenge" contextid="1454" timestamp="2019-06-16T01:38:50.386" />
  <attribute name="elasticGC enabled" value="1" />
  <attribute name= "numThreadsSpecified" value="4" />
  <attribute name="heapSize specified" value="12582912" />
  <attribute name="Current GC Util" value="10" />
  <attribute name= "Current Time Running" value="14162" />
  <attribute name ="GC Interval" value="200" />
  <attribute name="ProportionalT" value="-15.000000" />
  <attribute name="ProportionalI" value="-15.000000" />
  <attribute name="ProportionalH" value="-15.000000" />
  <attribute name="Current Error" value="-10.000000" />
  <attribute name="IntegralT" value="-150.000000" />
  <attribute name="IntegralI" value="-150.000000" />
  <attribute name="IntegralH" value="-150.000000" />
  <attribute name="DerivativeT" value="-0.666667" />
  <attribute name="DerivativeI" value="-0.666667" />
  <attribute name="DerivativeH" value="-0.666667" />
  <attribute name="Loop Time for DT" value="15.000000" />
  <attribute name="Output H" value="2092630016"/>
  <attribute name="Output I" value="200"/>
  <attribute name="Output T" value="4"/>
  <attribute name="Target GC Util Change" value ="20.000000" />
  <attribute name="Current GC Util Change" value="10.000000"/>
  <attribute name="GC Util currently" value="10" />
  <attribute name="CPU Util currently" value="322959932397" />
<allocation-satisfied id="1461" threadId="0000000001035400" bytesRequested="16" />
<af-end id="1462" timestamp="2019-06-16T01:38:50.387" threadId="0000000001035D88" success="true" from="nursery"/>
<exclusive-end id="1463" timestamp="2019-06-16T01:38:50.387" durationms="1.600" />

<exclusive-start id="1464" timestamp="2019-06-16T01:38:50.415" intervalms="29.480">
  <response-info timems="0.032" idlems="0.032" threads="0" lastid="0000000001035400" lastname="PmdThread 3" />
</exclusive-start>
<af-start id="1465" threadId="0000000001035D88" totalBytesRequested="16" timestamp="2019-06-16T01:38:50.415" intervalms="29.479" type="nursery" />
<cycle-start id="1466" type="scavenge" contextid="0" timestamp="2019-06-16T01:38:50.415" intervalms="29.449" />
<gc-start id="1467" type="scavenge" contextid="1466" timestamp="2019-06-16T01:38:50.415">
  <mem-info id="1468" free="2060623400" total="2092630016" percent="98">
    <mem type="nursery" free="0" total="6029312" percent="0">
      <mem type="allocate" free="0" total="5373952" percent="0" />
      <mem type="survivor" free="0" total="655360" percent="0" />
    </mem>
    <mem type="tenure" free="2060623400" total="2086600704" percent="98">
      <mem type="soa" free="1956294184" total="1982271488" percent="98" />
      <mem type="loa" free="104329216" total="104329216" percent="100" />
    </mem>
    <remembered-set count="367" />
  </mem-info>
</gc-start>
<allocation-stats totalBytes="5294600" >
  <allocated-bytes non-tlh="16" tlh="5294584" />
  <largest-consumer threadName="PmdThread 3" threadId="0000000001035400" bytes="5294600" />
</allocation-stats>
<gc-op id="1469" type="scavenge" timems="0.916" contextid="1466" timestamp="2019-06-16T01:38:50.416">
  <scavenger-info tenureage="4" tenuremask="ff10" tiltratio="89" />
  <memory-copied type="nursery" objects="1075" bytes="113856" bytesdiscarded="190464" />
  <references type="weak" candidates="24" cleared="24" enqueued="24" />
</gc-op>
<gc-end id="1470" type="scavenge" contextid="1466" durationms="1.108" usertimems="4.000" systemtimems="0.000" timestamp="2019-06-16T01:38:50.416" activeThreads="4">
  <mem-info id="1471" free="2065693032" total="2092630016" percent="98">
    <mem type="nursery" free="5069632" total="6029312" percent="84">
      <mem type="allocate" free="5069632" total="5373952" percent="94" />
      <mem type="survivor" free="0" total="655360" percent="0" />
    </mem>
    <mem type="tenure" free="2060623400" total="2086600704" percent="98">
      <mem type="soa" free="1956294184" total="1982271488" percent="98" />
      <mem type="loa" free="104329216" total="104329216" percent="100" />
    </mem>
    <pending-finalizers system="0" default="0" reference="24" classloader="0" />
    <remembered-set count="100" />
  </mem-info>
</gc-end>
<cycle-end id="1472" type="scavenge" contextid="1466" timestamp="2019-06-16T01:38:50.416" />
  <attribute name="elasticGC enabled" value="1" />
  <attribute name= "numThreadsSpecified" value="4" />
  <attribute name="heapSize specified" value="12582912" />
  <attribute name="Current GC Util" value="5" />
  <attribute name= "Current Time Running" value="14191" />
  <attribute name ="GC Interval" value="200" />
  <attribute name="ProportionalT" value="-22.500000" />
  <attribute name="ProportionalI" value="-22.500000" />
  <attribute name="ProportionalH" value="-22.500000" />
  <attribute name="Current Error" value="-15.000000" />
  <attribute name="IntegralT" value="-435.000000" />
  <attribute name="IntegralI" value="-435.000000" />
  <attribute name="IntegralH" value="-435.000000" />
  <attribute name="DerivativeT" value="-0.517241" />
  <attribute name="DerivativeI" value="-0.517241" />
  <attribute name="DerivativeH" value="-0.517241" />
  <attribute name="Loop Time for DT" value="29.000000" />
  <attribute name="Output H" value="2092630016"/>
  <attribute name="Output I" value="200"/>
  <attribute name="Output T" value="4"/>
  <attribute name="Target GC Util Change" value ="20.000000" />
  <attribute name="Current GC Util Change" value="5.000000"/>
  <attribute name="GC Util currently" value="5" />
  <attribute name="CPU Util currently" value="157041611629" />
<allocation-satisfied id="1473" threadId="0000000001035400" bytesRequested="16" />
<af-end id="1474" timestamp="2019-06-16T01:38:50.416" threadId="0000000001035D88" success="true" from="nursery"/>
<exclusive-end id="1475" timestamp="2019-06-16T01:38:50.416" durationms="1.668" />

<exclusive-start id="1476" timestamp="2019-06-16T01:38:50.441" intervalms="26.694">
  <response-info timems="0.083" idlems="0.083" threads="0" lastid="0000000001035400" lastname="PmdThread 3" />
</exclusive-start>
<af-start id="1477" threadId="0000000001035D88" totalBytesRequested="24" timestamp="2019-06-16T01:38:50.441" intervalms="26.715" type="nursery" />
<cycle-start id="1478" type="scavenge" contextid="0" timestamp="2019-06-16T01:38:50.442" intervalms="26.755" />
<gc-start id="1479" type="scavenge" contextid="1478" timestamp="2019-06-16T01:38:50.442">
  <mem-info id="1480" free="2060623400" total="2092630016" percent="98">
    <mem type="nursery" free="0" total="6029312" percent="0">
      <mem type="allocate" free="0" total="5373952" percent="0" />
      <mem type="survivor" free="0" total="655360" percent="0" />
    </mem>
    <mem type="tenure" free="2060623400" total="2086600704" percent="98">
      <mem type="soa" free="1956294184" total="1982271488" percent="98" />
      <mem type="loa" free="104329216" total="104329216" percent="100" />
    </mem>
    <remembered-set count="101" />
  </mem-info>
</gc-start>
<allocation-stats totalBytes="5068728" >
  <allocated-bytes non-tlh="16" tlh="5068712" />
  <largest-consumer threadName="PmdThread 3" threadId="0000000001035400" bytes="5068728" />
</allocation-stats>
<gc-op id="1481" type="scavenge" timems="1.087" contextid="1478" timestamp="2019-06-16T01:38:50.443">
  <scavenger-info tenureage="4" tenuremask="fff0" tiltratio="89" />
  <memory-copied type="nursery" objects="2497" bytes="182632" bytesdiscarded="47672" />
</gc-op>
<gc-end id="1482" type="scavenge" contextid="1478" durationms="1.280" usertimems="4.000" systemtimems="0.000" timestamp="2019-06-16T01:38:50.443" activeThreads="4">
  <mem-info id="1483" free="2065767048" total="2092630016" percent="98">
    <mem type="nursery" free="5143648" total="6029312" percent="85">
      <mem type="allocate" free="5143648" total="5373952" percent="95" />
      <mem type="survivor" free="0" total="655360" percent="0" />
    </mem>
    <mem type="tenure" free="2060623400" total="2086600704" percent="98">
      <mem type="soa" free="1956294184" total="1982271488" percent="98" />
      <mem type="loa" free="104329216" total="104329216" percent="100" />
    </mem>
    <remembered-set count="94" />
  </mem-info>
</gc-end>
<cycle-end id="1484" type="scavenge" contextid="1478" timestamp="2019-06-16T01:38:50.443" />
  <attribute name="elasticGC enabled" value="1" />
  <attribute name= "numThreadsSpecified" value="4" />
  <attribute name="heapSize specified" value="12582912" />
  <attribute name="Current GC Util" value="8" />
  <attribute name= "Current Time Running" value="14218" />
  <attribute name ="GC Interval" value="200" />
  <attribute name="ProportionalT" value="-18.000000" />
  <attribute name="ProportionalI" value="-18.000000" />
  <attribute name="ProportionalH" value="-18.000000" />
  <attribute name="Current Error" value="-12.000000" />
  <attribute name="IntegralT" value="-324.000000" />
  <attribute name="IntegralI" value="-324.000000" />
  <attribute name="IntegralH" value="-324.000000" />
  <attribute name="DerivativeT" value="-0.444444" />
  <attribute name="DerivativeI" value="-0.444444" />
  <attribute name="DerivativeH" value="-0.444444" />
  <attribute name="Loop Time for DT" value="27.000000" />
  <attribute name="Output H" value="2092630016"/>
  <attribute name="Output I" value="200"/>
  <attribute name="Output T" value="4"/>
  <attribute name="Target GC Util Change" value ="20.000000" />
  <attribute name="Current GC Util Change" value="8.000000"/>
  <attribute name="GC Util currently" value="8" />
  <attribute name="CPU Util currently" value="172416248081" />
<allocation-satisfied id="1485" threadId="0000000001035400" bytesRequested="24" />
<af-end id="1486" timestamp="2019-06-16T01:38:50.443" threadId="0000000001035D88" success="true" from="nursery"/>
<exclusive-end id="1487" timestamp="2019-06-16T01:38:50.443" durationms="2.036" />

<exclusive-start id="1488" timestamp="2019-06-16T01:38:50.452" intervalms="10.950">
  <response-info timems="0.034" idlems="0.034" threads="0" lastid="0000000001035400" lastname="PmdThread 3" />
</exclusive-start>
<af-start id="1489" threadId="0000000001035D88" totalBytesRequested="16" timestamp="2019-06-16T01:38:50.452" intervalms="10.897" type="nursery" />
<cycle-start id="1490" type="scavenge" contextid="0" timestamp="2019-06-16T01:38:50.452" intervalms="10.885" />
<gc-start id="1491" type="scavenge" contextid="1490" timestamp="2019-06-16T01:38:50.452">
  <mem-info id="1492" free="2060623400" total="2092630016" percent="98">
    <mem type="nursery" free="0" total="6029312" percent="0">
      <mem type="allocate" free="0" total="5373952" percent="0" />
      <mem type="survivor" free="0" total="655360" percent="0" />
    </mem>
    <mem type="tenure" free="2060623400" total="2086600704" percent="98">
      <mem type="soa" free="1956294184" total="1982271488" percent="98" />
      <mem type="loa" free="104329216" total="104329216" percent="100" />
    </mem>
    <remembered-set count="94" />
  </mem-info>
</gc-start>
<allocation-stats totalBytes="5143176" >
  <allocated-bytes non-tlh="24" tlh="5143152" />
  <largest-consumer threadName="PmdThread 3" threadId="0000000001035400" bytes="5143176" />
</allocation-stats>
<gc-op id="1493" type="scavenge" timems="1.330" contextid="1490" timestamp="2019-06-16T01:38:50.454">
  <scavenger-info tenureage="3" tenuremask="fff8" tiltratio="89" />
  <memory-copied type="nursery" objects="2498" bytes="182656" bytesdiscarded="78032" />
</gc-op>
<gc-end id="1494" type="scavenge" contextid="1490" durationms="1.525" usertimems="0.000" systemtimems="4.000" timestamp="2019-06-16T01:38:50.454" activeThreads="4">
  <mem-info id="1495" free="2065736664" total="2092630016" percent="98">
    <mem type="nursery" free="5113264" total="6029312" percent="84">
      <mem type="allocate" free="5113264" total="5373952" percent="95" />
      <mem type="survivor" free="0" total="655360" percent="0" />
    </mem>
    <mem type="tenure" free="2060623400" total="2086600704" percent="98">
      <mem type="soa" free="1956294184" total="1982271488" percent="98" />
      <mem type="loa" free="104329216" total="104329216" percent="100" />
    </mem>
    <remembered-set count="94" />
  </mem-info>
</gc-end>
<cycle-end id="1496" type="scavenge" contextid="1490" timestamp="2019-06-16T01:38:50.454" />
  <attribute name="elasticGC enabled" value="1" />
  <attribute name= "numThreadsSpecified" value="4" />
  <attribute name="heapSize specified" value="12582912" />
  <attribute name="Current GC Util" value="18" />
  <attribute name= "Current Time Running" value="14229" />
  <attribute name ="GC Interval" value="200" />
  <attribute name="ProportionalT" value="-3.000000" />
  <attribute name="ProportionalI" value="-3.000000" />
  <attribute name="ProportionalH" value="-3.000000" />
  <attribute name="Current Error" value="-2.000000" />
  <attribute name="IntegralT" value="-22.000000" />
  <attribute name="IntegralI" value="-22.000000" />
  <attribute name="IntegralH" value="-22.000000" />
  <attribute name="DerivativeT" value="-0.181818" />
  <attribute name="DerivativeI" value="-0.181818" />
  <attribute name="DerivativeH" value="-0.181818" />
  <attribute name="Loop Time for DT" value="11.000000" />
  <attribute name="Output H" value="2092630016"/>
  <attribute name="Output I" value="200"/>
  <attribute name="Output T" value="4"/>
  <attribute name="Target GC Util Change" value ="20.000000" />
  <attribute name="Current GC Util Change" value="18.000000"/>
  <attribute name="GC Util currently" value="18" />
  <attribute name="CPU Util currently" value="424778623232" />
<allocation-satisfied id="1497" threadId="0000000001035400" bytesRequested="16" />
<af-end id="1498" timestamp="2019-06-16T01:38:50.454" threadId="0000000001035D88" success="true" from="nursery"/>
<exclusive-end id="1499" timestamp="2019-06-16T01:38:50.454" durationms="1.994" />

<exclusive-start id="1500" timestamp="2019-06-16T01:38:50.460" intervalms="7.925">
  <response-info timems="0.026" idlems="0.026" threads="0" lastid="0000000001035400" lastname="PmdThread 3" />
</exclusive-start>
<af-start id="1501" threadId="0000000001035D88" totalBytesRequested="72" timestamp="2019-06-16T01:38:50.460" intervalms="7.927" type="nursery" />
<cycle-start id="1502" type="scavenge" contextid="0" timestamp="2019-06-16T01:38:50.460" intervalms="7.892" />
<gc-start id="1503" type="scavenge" contextid="1502" timestamp="2019-06-16T01:38:50.460">
  <mem-info id="1504" free="2060623400" total="2092630016" percent="98">
    <mem type="nursery" free="0" total="6029312" percent="0">
      <mem type="allocate" free="0" total="5373952" percent="0" />
      <mem type="survivor" free="0" total="655360" percent="0" />
    </mem>
    <mem type="tenure" free="2060623400" total="2086600704" percent="98">
      <mem type="soa" free="1956294184" total="1982271488" percent="98" />
      <mem type="loa" free="104329216" total="104329216" percent="100" />
    </mem>
    <remembered-set count="94" />
  </mem-info>
</gc-start>
<allocation-stats totalBytes="5112712" >
  <allocated-bytes non-tlh="16" tlh="5112696" />
  <largest-consumer threadName="PmdThread 3" threadId="0000000001035400" bytes="5112712" />
</allocation-stats>
<gc-op id="1505" type="scavenge" timems="1.221" contextid="1502" timestamp="2019-06-16T01:38:50.462">
  <scavenger-info tenureage="2" tenuremask="fffc" tiltratio="89" />
  <memory-copied type="nursery" objects="15" bytes="336" bytesdiscarded="38832" />
  <memory-copied type="tenure" objects="2489" bytes="182456" bytesdiscarded="472" />
</gc-op>
<gc-end id="1506" type="scavenge" contextid="1502" durationms="1.400" usertimems="0.000" systemtimems="4.000" timestamp="2019-06-16T01:38:50.462" activeThreads="4">
  <mem-info id="1507" free="2065805304" total="2092630016" percent="98">
    <mem type="nursery" free="5334784" total="6029312" percent="88">
      <mem type="allocate" free="5334784" total="5373952" percent="99" />
      <mem type="survivor" free="0" total="655360" percent="0" />
    </mem>
    <mem type="tenure" free="2060470520" total="2086600704" percent="98">
      <mem type="soa" free="1956141304" total="1982271488" percent="98" />
      <mem type="loa" free="104329216" total="104329216" percent="100" />
    </mem>
    <remembered-set count="76" />
  </mem-info>
</gc-end>
<cycle-end id="1508" type="scavenge" contextid="1502" timestamp="2019-06-16T01:38:50.462" />
  <attribute name="elasticGC enabled" value="1" />
  <attribute name= "numThreadsSpecified" value="4" />
  <attribute name="heapSize specified" value="12582912" />
  <attribute name="Current GC Util" value="34" />
  <attribute name= "Current Time Running" value="14237" />
  <attribute name ="GC Interval" value="200" />
  <attribute name="ProportionalT" value="21.000000" />
  <attribute name="ProportionalI" value="21.000000" />
  <attribute name="ProportionalH" value="21.000000" />
  <attribute name="Current Error" value="14.000000" />
  <attribute name="IntegralT" value="112.000000" />
  <attribute name="IntegralI" value="112.000000" />
  <attribute name="IntegralH" value="112.000000" />
  <attribute name="DerivativeT" value="1.750000" />
  <attribute name="DerivativeI" value="1.750000" />
  <attribute name="DerivativeH" value="1.750000" />
  <attribute name="Loop Time for DT" value="8.000000" />
  <attribute name="Output H" value="8388608"/>
  <attribute name="Output I" value="200"/>
  <attribute name="Output T" value="4"/>
  <attribute name="Target GC Util Change" value ="20.000000" />
  <attribute name="Current GC Util Change" value="34.000000"/>
  <attribute name="GC Util currently" value="34" />
  <attribute name="CPU Util currently" value="584509668321" />
<allocation-satisfied id="1509" threadId="0000000001035400" bytesRequested="72" />
<af-end id="1510" timestamp="2019-06-16T01:38:50.462" threadId="0000000001035D88" success="true" from="nursery"/>
<exclusive-end id="1511" timestamp="2019-06-16T01:38:50.462" durationms="1.814" />

<exclusive-start id="1512" timestamp="2019-06-16T01:38:50.469" intervalms="9.009">
  <response-info timems="0.045" idlems="0.045" threads="0" lastid="0000000001035400" lastname="PmdThread 3" />
</exclusive-start>
<af-start id="1513" threadId="0000000001035D88" totalBytesRequested="32" timestamp="2019-06-16T01:38:50.469" intervalms="9.006" type="nursery" />
<cycle-start id="1514" type="scavenge" contextid="0" timestamp="2019-06-16T01:38:50.469" intervalms="9.005" />
<gc-start id="1515" type="scavenge" contextid="1514" timestamp="2019-06-16T01:38:50.469">
  <mem-info id="1516" free="2060470520" total="2092630016" percent="98">
    <mem type="nursery" free="0" total="6029312" percent="0">
      <mem type="allocate" free="0" total="5373952" percent="0" />
      <mem type="survivor" free="0" total="655360" percent="0" />
    </mem>
    <mem type="tenure" free="2060470520" total="2086600704" percent="98">
      <mem type="soa" free="1956141304" total="1982271488" percent="98" />
      <mem type="loa" free="104329216" total="104329216" percent="100" />
    </mem>
    <remembered-set count="76" />
  </mem-info>
</gc-start>
<allocation-stats totalBytes="5334304" >
  <allocated-bytes non-tlh="72" tlh="5334232" />
  <largest-consumer threadName="PmdThread 3" threadId="0000000001035400" bytes="5334304" />
</allocation-stats>
<gc-op id="1517" type="scavenge" timems="0.303" contextid="1514" timestamp="2019-06-16T01:38:50.470">
  <scavenger-info tenureage="5" tenuremask="ffe0" tiltratio="89" />
  <memory-copied type="nursery" objects="29" bytes="712" bytesdiscarded="38456" />
</gc-op>
<gc-end id="1518" type="scavenge" contextid="1514" durationms="0.469" usertimems="0.000" systemtimems="0.000" timestamp="2019-06-16T01:38:50.470" activeThreads="4">
  <mem-info id="1519" free="2065805304" total="2092630016" percent="98">
    <mem type="nursery" free="5334784" total="6029312" percent="88">
      <mem type="allocate" free="5334784" total="5373952" percent="99" />
      <mem type="survivor" free="0" total="655360" percent="0" />
    </mem>
    <mem type="tenure" free="2060470520" total="2086600704" percent="98">
      <mem type="soa" free="1956141304" total="1982271488" percent="98" />
      <mem type="loa" free="104329216" total="104329216" percent="100" />
    </mem>
    <remembered-set count="76" />
  </mem-info>
</gc-end>
<cycle-end id="1520" type="scavenge" contextid="1514" timestamp="2019-06-16T01:38:50.470" />
  <attribute name="elasticGC enabled" value="1" />
  <attribute name= "numThreadsSpecified" value="4" />
  <attribute name="heapSize specified" value="12582912" />
  <attribute name="Current GC Util" value="33" />
  <attribute name= "Current Time Running" value="14246" />
  <attribute name ="GC Interval" value="200" />
  <attribute name="ProportionalT" value="19.500000" />
  <attribute name="ProportionalI" value="19.500000" />
  <attribute name="ProportionalH" value="19.500000" />
  <attribute name="Current Error" value="13.000000" />
  <attribute name="IntegralT" value="117.000000" />
  <attribute name="IntegralI" value="117.000000" />
  <attribute name="IntegralH" value="117.000000" />
  <attribute name="DerivativeT" value="-0.111111" />
  <attribute name="DerivativeI" value="-0.111111" />
  <attribute name="DerivativeH" value="-0.111111" />
  <attribute name="Loop Time for DT" value="9.000000" />
  <attribute name="Output H" value="8388608"/>
  <attribute name="Output I" value="200"/>
  <attribute name="Output T" value="4"/>
  <attribute name="Target GC Util Change" value ="20.000000" />
  <attribute name="Current GC Util Change" value="33.000000"/>
  <attribute name="GC Util currently" value="33" />
  <attribute name="CPU Util currently" value="512269479190" />
<allocation-satisfied id="1521" threadId="0000000001035400" bytesRequested="32" />
<af-end id="1522" timestamp="2019-06-16T01:38:50.470" threadId="0000000001035D88" success="true" from="nursery"/>
<exclusive-end id="1523" timestamp="2019-06-16T01:38:50.470" durationms="0.868" />

<exclusive-start id="1524" timestamp="2019-06-16T01:38:53.082" intervalms="2612.343">
  <response-info timems="0.027" idlems="0.027" threads="0" lastid="0000000000D19700" lastname="main" />
</exclusive-start>
<af-start id="1525" threadId="0000000000D1A088" totalBytesRequested="72" timestamp="2019-06-16T01:38:53.082" intervalms="2612.377" type="nursery" />
<cycle-start id="1526" type="scavenge" contextid="0" timestamp="2019-06-16T01:38:53.082" intervalms="2612.399" />
<gc-start id="1527" type="scavenge" contextid="1526" timestamp="2019-06-16T01:38:53.082">
  <mem-info id="1528" free="2060434936" total="2092630016" percent="98">
    <mem type="nursery" free="0" total="6029312" percent="0">
      <mem type="allocate" free="0" total="5373952" percent="0" />
      <mem type="survivor" free="0" total="655360" percent="0" />
    </mem>
    <mem type="tenure" free="2060434936" total="2086600704" percent="98">
      <mem type="soa" free="1956105720" total="1982271488" percent="98" />
      <mem type="loa" free="104329216" total="104329216" percent="100" />
    </mem>
    <remembered-set count="769" />
  </mem-info>
</gc-start>
<allocation-stats totalBytes="5368024" >
  <allocated-bytes non-tlh="35616" tlh="5332408" />
  <largest-consumer threadName="main" threadId="0000000000D19700" bytes="813736" />
</allocation-stats>
<gc-op id="1529" type="scavenge" timems="1.104" contextid="1526" timestamp="2019-06-16T01:38:53.083">
  <scavenger-info tenureage="4" tenuremask="fff0" tiltratio="89" />
  <memory-copied type="nursery" objects="1927" bytes="71200" bytesdiscarded="46208" />
  <references type="soft" candidates="3" cleared="0" enqueued="0" dynamicThreshold="31" maxThreshold="32" />
  <references type="weak" candidates="28" cleared="18" enqueued="16" />
  <references type="phantom" candidates="4" cleared="2" enqueued="2" />
</gc-op>
<gc-end id="1530" type="scavenge" contextid="1526" durationms="1.356" usertimems="4.000" systemtimems="0.000" timestamp="2019-06-16T01:38:53.083" activeThreads="4">
  <mem-info id="1531" free="2065691384" total="2092630016" percent="98">
    <mem type="nursery" free="5256448" total="6029312" percent="87">
      <mem type="allocate" free="5256448" total="5373952" percent="97" />
      <mem type="survivor" free="0" total="655360" percent="0" />
    </mem>
    <mem type="tenure" free="2060434936" total="2086600704" percent="98">
      <mem type="soa" free="1956105720" total="1982271488" percent="98" />
      <mem type="loa" free="104329216" total="104329216" percent="100" />
    </mem>
    <pending-finalizers system="0" default="0" reference="18" classloader="0" />
    <remembered-set count="764" />
  </mem-info>
</gc-end>
<cycle-end id="1532" type="scavenge" contextid="1526" timestamp="2019-06-16T01:38:53.083" />
  <attribute name="elasticGC enabled" value="1" />
  <attribute name= "numThreadsSpecified" value="4" />
  <attribute name="heapSize specified" value="12582912" />
  <attribute name="Current GC Util" value="0" />
  <attribute name= "Current Time Running" value="16858" />
  <attribute name ="GC Interval" value="200" />
  <attribute name="ProportionalT" value="-30.000000" />
  <attribute name="ProportionalI" value="-30.000000" />
  <attribute name="ProportionalH" value="-30.000000" />
  <attribute name="Current Error" value="-20.000000" />
  <attribute name="IntegralT" value="-52240.000000" />
  <attribute name="IntegralI" value="-52240.000000" />
  <attribute name="IntegralH" value="-52240.000000" />
  <attribute name="DerivativeT" value="-0.012634" />
  <attribute name="DerivativeI" value="-0.012634" />
  <attribute name="DerivativeH" value="-0.012634" />
  <attribute name="Loop Time for DT" value="2612.000000" />
  <attribute name="Output H" value="2092630016"/>
  <attribute name="Output I" value="200"/>
  <attribute name="Output T" value="4"/>
  <attribute name="Target GC Util Change" value ="20.000000" />
  <attribute name="Current GC Util Change" value="0.000000"/>
  <attribute name="GC Util currently" value="0" />
  <attribute name="CPU Util currently" value="1765262530" />
<allocation-satisfied id="1533" threadId="0000000000D19700" bytesRequested="72" />
<af-end id="1534" timestamp="2019-06-16T01:38:53.084" threadId="0000000000D1A088" success="true" from="nursery"/>
<exclusive-end id="1535" timestamp="2019-06-16T01:38:53.084" durationms="2.085" />

</verbosegc>

