<?xml version="1.0" ?>

<verbosegc xmlns="http://www.ibm.com/j9/verbosegc" version="10b4217_CMPRSS">

<initialized id="1" timestamp="2019-06-14T21:50:11.655">
  <attribute name="gcPolicy" value="-Xgcpolicy:optavgpause" />
  <attribute name="elasticGC enabled" value="1" />
  <attribute name= "numThreadsSpecified" value="0" />
  <attribute name="heapSize specified" value="0" />
  <attribute name="Current GC Util" value="0" />
  <attribute name= "Current Time Running" value="0" />
  <attribute name ="GC Interval" value="0" />
  <attribute name="ProportionalT" value="0.000000" />
  <attribute name="ProportionalI" value="0.000000" />
  <attribute name="ProportionalH" value="0.000000" />
  <attribute name="IntegralT" value="0.000000" />
  <attribute name="IntegralI" value="0.000000" />
  <attribute name="IntegralH" value="0.000000" />
  <attribute name="DerivativeT" value="0.000000" />
  <attribute name="DerivativeI" value="0.000000" />
  <attribute name="DerivativeH" value="0.000000" />
  <attribute name="Target GC Util Change" value ="0.000000" />
  <attribute name="Current GC Util Change" value="0.000000"/>
  <attribute name="Current Error" value="0.000000" />
  <attribute name="Loop Time for DT" value="0.000000" />
  <attribute name="Output H" value="0"/>
  <attribute name="Output I" value="0"/>
  <attribute name="Output T" value="0"/>
  <attribute name="GC Util currently" value="0" />
  <attribute name="CPU Util currently" value="0" />
  <attribute name="maxHeapSize" value="0x7cbc0000" />
  <attribute name="initialHeapSize" value="0x800000" />
  <attribute name="compressedRefs" value="true" />
  <attribute name="compressedRefsDisplacement" value="0x0" />
  <attribute name="compressedRefsShift" value="0x0" />
  <attribute name="pageSize" value="0x1000" />
  <attribute name="pageType" value="not used" />
  <attribute name="requestedPageSize" value="0x1000" />
  <attribute name="requestedPageType" value="not used" />
  <attribute name="gcthreads" value="4" />
  <attribute name="packetListSplit" value="4" />
  <attribute name="cacheListSplit" value="4" />
  <attribute name="splitFreeListSplitAmount" value="1" />
  <attribute name="numaNodes" value="0" />
  <system>
    <attribute name="physicalMemory" value="8370962432" />
    <attribute name="numCPUs" value="4" />
    <attribute name="architecture" value="amd64" />
    <attribute name="os" value="Linux" />
    <attribute name="osVersion" value="4.4.0-148-generic" />
  </system>
  <vmargs>
    <vmarg name="-Xoptionsfile=/vagrant/jdk/lib/options.default" />
    <vmarg name="-Xlockword:mode=default,noLockword=java/lang/String,noLockword=java/util/MapEntry,noLockword=java/util/HashMap$Entry,noLockword..." />
    <vmarg name="-Xjcl:jclse29" />
    <vmarg name="-Dcom.ibm.oti.vm.bootstrap.library.path=/vagrant/jdk/lib/compressedrefs:/vagrant/jdk/lib" />
    <vmarg name="-Dsun.boot.library.path=/vagrant/jdk/lib/compressedrefs:/vagrant/jdk/lib" />
    <vmarg name="-Djava.library.path=/vagrant/jdk/lib/compressedrefs:/vagrant/jdk/lib:/usr/lib64:/usr/lib" />
    <vmarg name="-Djava.home=/vagrant/jdk" />
    <vmarg name="-Duser.dir=/vagrant" />
    <vmarg name="-Xgcpolicy:optavgpause" />
    <vmarg name="-Xgcelastic" />
    <vmarg name="-Xcheck:gc:::elasticGC" />
    <vmarg name="-verbose:gc" />
    <vmarg name="-Xloggc:large-OPTAVGPAUSE-jdk0.5-1-0.5-verbose9sunflow.txt" />
    <vmarg name="-Djava.class.path=dacapo-9.12-MR1-bach.jar" />
    <vmarg name="-Dsun.java.command=dacapo-9.12-MR1-bach.jar sunflow --size=large" />
    <vmarg name="-Dsun.java.launcher=SUN_STANDARD" />
    <vmarg name="-Dsun.java.launcher.pid=24368" />
  </vmargs>
</initialized>

<exclusive-start id="2" timestamp="2019-06-14T21:50:12.165" intervalms="510.716">
  <response-info timems="0.065" idlems="0.065" threads="0" lastid="0000000000E1B700" lastname="main" />
</exclusive-start>
<af-start id="3" threadId="0000000000E1C088" totalBytesRequested="16" timestamp="2019-06-14T21:50:12.166" intervalms="511.089" />
<cycle-start id="4" type="global" contextid="0" timestamp="2019-06-14T21:50:12.166" intervalms="511.498" />
<gc-start id="5" type="global" contextid="4" timestamp="2019-06-14T21:50:12.166">
  <mem-info id="6" free="418816" total="8388608" percent="4">
    <mem type="tenure" free="418816" total="8388608" percent="4">
      <mem type="soa" free="0" total="7969792" percent="0" />
      <mem type="loa" free="418816" total="418816" percent="100" />
    </mem>
  </mem-info>
</gc-start>
<allocation-stats totalBytes="7964736" >
  <allocated-bytes non-tlh="2337024" tlh="5627712" />
  <largest-consumer threadName="main" threadId="0000000000E1B700" bytes="7888824" />
</allocation-stats>
<gc-op id="7" type="mark" timems="2.179" contextid="4" timestamp="2019-06-14T21:50:12.169">
  <trace-info objectcount="30244" scancount="24283" scanbytes="765396" />
  <finalization candidates="125" enqueued="1" />
  <ownableSynchronizers candidates="3" cleared="0" />
  <references type="soft" candidates="131" cleared="0" enqueued="0" dynamicThreshold="32" maxThreshold="32" />
  <references type="weak" candidates="1321" cleared="568" enqueued="478" />
  <references type="phantom" candidates="106" cleared="42" enqueued="42" />
  <stringconstants candidates="3958" cleared="0"  />
</gc-op>
<gc-op id="8" type="classunload" timems="0.081" contextid="4" timestamp="2019-06-14T21:50:12.169">
  <classunload-info classloadercandidates="7" classloadersunloaded="0" classesunloaded="0" anonymousclassesunloaded="0" quiescems="0.000" setupms="0.080" scanms="0.000" postms="0.001" />
</gc-op>
<gc-op id="9" type="sweep" timems="2.054" contextid="4" timestamp="2019-06-14T21:50:12.171" />
<mem-info id="10" free="4691176" total="8388608" percent="55">
  <mem type="tenure" free="4691176" total="8388608" percent="55" micro-fragmented="414173">
    <mem type="soa" free="4272360" total="7969792" percent="53" />
    <mem type="loa" free="418816" total="418816" percent="100" />
  </mem>
  <pending-finalizers system="1" default="0" reference="520" classloader="0" />
</mem-info>
<gc-op id="11" type="compact" timems="6.489" contextid="4" timestamp="2019-06-14T21:50:12.178">
  <compact-info movecount="30243" movebytes="3170328" reason="compact to aid heap contraction" />
</gc-op>
<heap-resize id="12" type="expand" space="tenure" amount="2084241408" count="1" timems="0.248" reason="satisfy allocation request" timestamp="2019-06-14T21:50:12.179" />
<gc-end id="13" type="global" contextid="4" durationms="12.586" usertimems="12.000" systemtimems="0.000" timestamp="2019-06-14T21:50:12.179" activeThreads="4">
  <mem-info id="14" free="2089394064" total="2092630016" percent="99">
    <mem type="tenure" free="2089394064" total="2092630016" percent="99">
      <mem type="soa" free="1984762768" total="1987998720" percent="99" />
      <mem type="loa" free="104631296" total="104631296" percent="100" />
    </mem>
    <pending-finalizers system="1" default="0" reference="520" classloader="0" />
  </mem-info>
</gc-end>
<cycle-end id="15" type="global" contextid="4" timestamp="2019-06-14T21:50:12.179" />
  <attribute name="elasticGC enabled" value="1" />
  <attribute name= "numThreadsSpecified" value="4" />
  <attribute name="heapSize specified" value="8388608" />
  <attribute name="Current GC Util" value="36" />
  <attribute name= "Current Time Running" value="366" />
  <attribute name ="GC Interval" value="0" />
  <attribute name="ProportionalT" value="8.000000" />
  <attribute name="ProportionalI" value="8.000000" />
  <attribute name="ProportionalH" value="8.000000" />
  <attribute name="Current Error" value="16.000000" />
  <attribute name="IntegralT" value="-6878.000000" />
  <attribute name="IntegralI" value="-6878.000000" />
  <attribute name="IntegralH" value="-6878.000000" />
  <attribute name="DerivativeT" value="1.333333" />
  <attribute name="DerivativeI" value="1.333333" />
  <attribute name="DerivativeH" value="1.333333" />
  <attribute name="Loop Time for DT" value="6.000000" />
  <attribute name="Output H" value="2092630016"/>
  <attribute name="Output I" value="200"/>
  <attribute name="Output T" value="4"/>
  <attribute name="Target GC Util Change" value ="20.000000" />
  <attribute name="Current GC Util Change" value="36.000000"/>
  <attribute name="GC Util currently" value="36" />
  <attribute name="CPU Util currently" value="20" />
<allocation-satisfied id="16" threadId="0000000000E1B700" bytesRequested="16" />
<af-end id="17" timestamp="2019-06-14T21:50:12.179" threadId="0000000000E1C088" success="true" />
<exclusive-end id="18" timestamp="2019-06-14T21:50:12.179" durationms="14.061" />

<exclusive-start id="19" timestamp="2019-06-14T21:50:12.199" intervalms="34.175">
  <response-info timems="0.065" idlems="0.065" threads="0" lastid="0000000000E1B700" lastname="main" />
</exclusive-start>
<sys-start reason="explicit" id="20" timestamp="2019-06-14T21:50:12.200" intervalms="545.023" />
<cycle-start id="21" type="global" contextid="0" timestamp="2019-06-14T21:50:12.200" intervalms="33.619" />
<gc-start id="22" type="global" contextid="21" timestamp="2019-06-14T21:50:12.200">
  <mem-info id="23" free="2085412656" total="2092630016" percent="99">
    <mem type="tenure" free="2085412656" total="2092630016" percent="99">
      <mem type="soa" free="1980781360" total="1987998720" percent="99" />
      <mem type="loa" free="104631296" total="104631296" percent="100" />
    </mem>
  </mem-info>
</gc-start>
<allocation-stats totalBytes="4046544" >
  <allocated-bytes non-tlh="1048672" tlh="2997872" />
  <largest-consumer threadName="main" threadId="0000000000E1B700" bytes="4030472" />
</allocation-stats>
<gc-op id="24" type="mark" timems="4.632" contextid="21" timestamp="2019-06-14T21:50:12.205">
  <trace-info objectcount="29302" scancount="23482" scanbytes="751100" />
  <finalization candidates="124" enqueued="0" />
  <ownableSynchronizers candidates="3" cleared="0" />
  <references type="soft" candidates="131" cleared="0" enqueued="0" dynamicThreshold="31" maxThreshold="32" />
  <references type="weak" candidates="755" cleared="2" enqueued="2" />
  <references type="phantom" candidates="63" cleared="0" enqueued="0" />
  <stringconstants candidates="3958" cleared="0"  />
</gc-op>
<gc-op id="25" type="classunload" timems="0.002" contextid="21" timestamp="2019-06-14T21:50:12.205">
  <classunload-info classloadercandidates="7" classloadersunloaded="0" classesunloaded="0" anonymousclassesunloaded="0" quiescems="0.023" setupms="0.002" scanms="0.000" postms="0.000" />
</gc-op>
<gc-op id="26" type="sweep" timems="1.622" contextid="21" timestamp="2019-06-14T21:50:12.206" />
<mem-info id="27" free="2089207296" total="2092630016" percent="99">
  <mem type="tenure" free="2089207296" total="2092630016" percent="99" micro-fragmented="14952">
    <mem type="soa" free="1984576000" total="1987998720" percent="99" />
    <mem type="loa" free="104631296" total="104631296" percent="100" />
  </mem>
  <pending-finalizers system="0" default="0" reference="2" classloader="0" />
</mem-info>
<gc-op id="28" type="compact" timems="12.701" contextid="21" timestamp="2019-06-14T21:50:12.219">
  <compact-info movecount="18206" movebytes="2917584" reason="compact to aid heap contraction" />
</gc-op>
<gc-end id="29" type="global" contextid="21" durationms="20.023" usertimems="36.000" systemtimems="0.000" timestamp="2019-06-14T21:50:12.220" activeThreads="4">
  <mem-info id="30" free="2089236736" total="2092630016" percent="99">
    <mem type="tenure" free="2089236736" total="2092630016" percent="99">
      <mem type="soa" free="1984605440" total="1987998720" percent="99" />
      <mem type="loa" free="104631296" total="104631296" percent="100" />
    </mem>
    <pending-finalizers system="0" default="0" reference="2" classloader="0" />
  </mem-info>
</gc-end>
<cycle-end id="31" type="global" contextid="21" timestamp="2019-06-14T21:50:12.220" />
  <attribute name="elasticGC enabled" value="1" />
  <attribute name= "numThreadsSpecified" value="4" />
  <attribute name="heapSize specified" value="2092630016" />
  <attribute name="Current GC Util" value="119" />
  <attribute name= "Current Time Running" value="408" />
  <attribute name ="GC Interval" value="0" />
  <attribute name="ProportionalT" value="49.500000" />
  <attribute name="ProportionalI" value="49.500000" />
  <attribute name="ProportionalH" value="49.500000" />
  <attribute name="Current Error" value="99.000000" />
  <attribute name="IntegralT" value="1287.000000" />
  <attribute name="IntegralI" value="1287.000000" />
  <attribute name="IntegralH" value="1287.000000" />
  <attribute name="DerivativeT" value="3.807692" />
  <attribute name="DerivativeI" value="3.807692" />
  <attribute name="DerivativeH" value="3.807692" />
  <attribute name="Loop Time for DT" value="13.000000" />
  <attribute name="Output H" value="8388608"/>
  <attribute name="Output I" value="1344"/>
  <attribute name="Output T" value="4"/>
  <attribute name="Target GC Util Change" value ="20.000000" />
  <attribute name="Current GC Util Change" value="119.000000"/>
  <attribute name="GC Util currently" value="119" />
  <attribute name="CPU Util currently" value="358307398053" />
<sys-end id="32" timestamp="2019-06-14T21:50:12.220" />
<exclusive-end id="33" timestamp="2019-06-14T21:50:12.220" durationms="20.785" />

<exclusive-start id="34" timestamp="2019-06-14T21:50:14.239" intervalms="2040.025">
  <response-info timems="0.056" idlems="0.056" threads="0" lastid="0000000001170900" lastname="Thread-10" />
</exclusive-start>
<af-start id="35" threadId="0000000001171288" totalBytesRequested="40" timestamp="2019-06-14T21:50:14.240" intervalms="2074.097" />
<cycle-start id="36" type="global" contextid="0" timestamp="2019-06-14T21:50:14.240" intervalms="2040.261" />
<gc-start id="37" type="global" contextid="36" timestamp="2019-06-14T21:50:14.240">
  <mem-info id="38" free="104631296" total="2092630016" percent="4">
    <mem type="tenure" free="104631296" total="2092630016" percent="4">
      <mem type="soa" free="0" total="1987998720" percent="0" />
      <mem type="loa" free="104631296" total="104631296" percent="100" />
    </mem>
  </mem-info>
</gc-start>
<allocation-stats totalBytes="1984332384" >
  <allocated-bytes non-tlh="1694016" tlh="1982638368" />
  <largest-consumer threadName="Thread-8" threadId="0000000001178100" bytes="517554856" />
</allocation-stats>
<gc-op id="39" type="mark" timems="3.118" contextid="36" timestamp="2019-06-14T21:50:14.243">
  <trace-info objectcount="75464" scancount="66992" scanbytes="2497176" />
  <finalization candidates="124" enqueued="0" />
  <ownableSynchronizers candidates="3" cleared="0" />
  <references type="soft" candidates="148" cleared="0" enqueued="0" dynamicThreshold="31" maxThreshold="32" />
  <references type="weak" candidates="798" cleared="29" enqueued="28" />
  <references type="phantom" candidates="65" cleared="2" enqueued="2" />
  <stringconstants candidates="4598" cleared="1"  />
</gc-op>
<gc-op id="40" type="sweep" timems="308.009" contextid="36" timestamp="2019-06-14T21:50:14.552" />
<mem-info id="41" free="2085648136" total="2092630016" percent="99">
  <mem type="tenure" free="2085648136" total="2092630016" percent="99" micro-fragmented="915015">
    <mem type="soa" free="1981016840" total="1987998720" percent="99" />
    <mem type="loa" free="104631296" total="104631296" percent="100" />
  </mem>
  <pending-finalizers system="0" default="0" reference="30" classloader="0" />
</mem-info>
<gc-op id="42" type="compact" timems="14.283" contextid="36" timestamp="2019-06-14T21:50:14.566">
  <compact-info movecount="74841" movebytes="6025144" reason="compact to aid heap contraction" />
</gc-op>
<gc-end id="43" type="global" contextid="36" durationms="326.601" usertimems="332.000" systemtimems="12.000" timestamp="2019-06-14T21:50:14.567" activeThreads="4">
  <mem-info id="44" free="2086523696" total="2092630016" percent="99">
    <mem type="tenure" free="2086523696" total="2092630016" percent="99">
      <mem type="soa" free="1981892400" total="1987998720" percent="99" />
      <mem type="loa" free="104631296" total="104631296" percent="100" />
    </mem>
    <pending-finalizers system="0" default="0" reference="30" classloader="0" />
  </mem-info>
</gc-end>
<cycle-end id="45" type="global" contextid="36" timestamp="2019-06-14T21:50:14.567" />
  <attribute name="elasticGC enabled" value="1" />
  <attribute name= "numThreadsSpecified" value="4" />
  <attribute name="heapSize specified" value="2092630016" />
  <attribute name="Current GC Util" value="136" />
  <attribute name= "Current Time Running" value="2755" />
  <attribute name ="GC Interval" value="0" />
  <attribute name="ProportionalT" value="58.000000" />
  <attribute name="ProportionalI" value="58.000000" />
  <attribute name="ProportionalH" value="58.000000" />
  <attribute name="Current Error" value="116.000000" />
  <attribute name="IntegralT" value="1740.000000" />
  <attribute name="IntegralI" value="1740.000000" />
  <attribute name="IntegralH" value="1740.000000" />
  <attribute name="DerivativeT" value="3.866667" />
  <attribute name="DerivativeI" value="3.866667" />
  <attribute name="DerivativeH" value="3.866667" />
  <attribute name="Loop Time for DT" value="15.000000" />
  <attribute name="Output H" value="8388608"/>
  <attribute name="Output I" value="1808"/>
  <attribute name="Output T" value="4"/>
  <attribute name="Target GC Util Change" value ="20.000000" />
  <attribute name="Current GC Util Change" value="136.000000"/>
  <attribute name="GC Util currently" value="136" />
  <attribute name="CPU Util currently" value="319671174944" />
<allocation-satisfied id="46" threadId="0000000001170900" bytesRequested="40" />
<af-end id="47" timestamp="2019-06-14T21:50:14.567" threadId="0000000001171288" success="true" />
<exclusive-end id="48" timestamp="2019-06-14T21:50:14.567" durationms="327.910" />

<exclusive-start id="49" timestamp="2019-06-14T21:50:15.459" intervalms="1219.614">
  <response-info timems="0.039" idlems="0.039" threads="0" lastid="0000000001174500" lastname="Thread-7" />
</exclusive-start>
<af-start id="50" threadId="0000000001174E88" totalBytesRequested="40" timestamp="2019-06-14T21:50:15.459" intervalms="1219.570" />
<cycle-start id="51" type="global" contextid="0" timestamp="2019-06-14T21:50:15.459" intervalms="1219.511" />
<gc-start id="52" type="global" contextid="51" timestamp="2019-06-14T21:50:15.460">
  <mem-info id="53" free="104631296" total="2092630016" percent="4">
    <mem type="tenure" free="104631296" total="2092630016" percent="4">
      <mem type="soa" free="0" total="1987998720" percent="0" />
      <mem type="loa" free="104631296" total="104631296" percent="100" />
    </mem>
  </mem-info>
</gc-start>
<allocation-stats totalBytes="1981698088" >
  <allocated-bytes non-tlh="0" tlh="1981698088" />
  <largest-consumer threadName="Thread-7" threadId="0000000001174500" bytes="584340952" />
</allocation-stats>
<gc-op id="54" type="mark" timems="3.798" contextid="51" timestamp="2019-06-14T21:50:15.464">
  <trace-info objectcount="72936" scancount="64505" scanbytes="2436520" />
  <finalization candidates="124" enqueued="0" />
  <ownableSynchronizers candidates="3" cleared="0" />
  <references type="soft" candidates="148" cleared="0" enqueued="0" dynamicThreshold="31" maxThreshold="32" />
  <references type="weak" candidates="769" cleared="0" enqueued="0" />
  <references type="phantom" candidates="63" cleared="0" enqueued="0" />
  <stringconstants candidates="4597" cleared="0"  />
</gc-op>
<gc-op id="55" type="sweep" timems="402.163" contextid="51" timestamp="2019-06-14T21:50:15.866" />
<mem-info id="56" free="2086563400" total="2092630016" percent="99">
  <mem type="tenure" free="2086563400" total="2092630016" percent="99" micro-fragmented="31613">
    <mem type="soa" free="1981932104" total="1987998720" percent="99" />
    <mem type="loa" free="104631296" total="104631296" percent="100" />
  </mem>
</mem-info>
<gc-op id="57" type="compact" timems="10.576" contextid="51" timestamp="2019-06-14T21:50:15.877">
  <compact-info movecount="51426" movebytes="4692720" reason="compact to aid heap contraction" />
</gc-op>
<gc-end id="58" type="global" contextid="51" durationms="417.816" usertimems="424.000" systemtimems="12.000" timestamp="2019-06-14T21:50:15.877" activeThreads="4">
  <mem-info id="59" free="2086585744" total="2092630016" percent="99">
    <mem type="tenure" free="2086585744" total="2092630016" percent="99">
      <mem type="soa" free="1981954448" total="1987998720" percent="99" />
      <mem type="loa" free="104631296" total="104631296" percent="100" />
    </mem>
  </mem-info>
</gc-end>
<cycle-end id="60" type="global" contextid="51" timestamp="2019-06-14T21:50:15.878" />
  <attribute name="elasticGC enabled" value="1" />
  <attribute name= "numThreadsSpecified" value="4" />
  <attribute name="heapSize specified" value="2092630016" />
  <attribute name="Current GC Util" value="115" />
  <attribute name= "Current Time Running" value="4065" />
  <attribute name ="GC Interval" value="0" />
  <attribute name="ProportionalT" value="47.500000" />
  <attribute name="ProportionalI" value="47.500000" />
  <attribute name="ProportionalH" value="47.500000" />
  <attribute name="Current Error" value="95.000000" />
  <attribute name="IntegralT" value="950.000000" />
  <attribute name="IntegralI" value="950.000000" />
  <attribute name="IntegralH" value="950.000000" />
  <attribute name="DerivativeT" value="4.750000" />
  <attribute name="DerivativeI" value="4.750000" />
  <attribute name="DerivativeH" value="4.750000" />
  <attribute name="Loop Time for DT" value="10.000000" />
  <attribute name="Output H" value="8388608"/>
  <attribute name="Output I" value="1008"/>
  <attribute name="Output T" value="4"/>
  <attribute name="Target GC Util Change" value ="20.000000" />
  <attribute name="Current GC Util Change" value="115.000000"/>
  <attribute name="GC Util currently" value="115" />
  <attribute name="CPU Util currently" value="428540153518" />
<allocation-satisfied id="61" threadId="0000000001174500" bytesRequested="40" />
<af-end id="62" timestamp="2019-06-14T21:50:15.878" threadId="0000000001174E88" success="true" />
<exclusive-end id="63" timestamp="2019-06-14T21:50:15.878" durationms="419.079" />

<exclusive-start id="64" timestamp="2019-06-14T21:50:16.751" intervalms="1292.216">
  <response-info timems="0.044" idlems="0.044" threads="0" lastid="0000000001174500" lastname="Thread-7" />
</exclusive-start>
<af-start id="65" threadId="0000000001174E88" totalBytesRequested="24" timestamp="2019-06-14T21:50:16.751" intervalms="1292.186" />
<cycle-start id="66" type="global" contextid="0" timestamp="2019-06-14T21:50:16.752" intervalms="1292.162" />
<gc-start id="67" type="global" contextid="66" timestamp="2019-06-14T21:50:16.752">
  <mem-info id="68" free="104631296" total="2092630016" percent="4">
    <mem type="tenure" free="104631296" total="2092630016" percent="4">
      <mem type="soa" free="0" total="1987998720" percent="0" />
      <mem type="loa" free="104631296" total="104631296" percent="100" />
    </mem>
  </mem-info>
</gc-start>
<allocation-stats totalBytes="1981914600" >
  <allocated-bytes non-tlh="0" tlh="1981914600" />
  <largest-consumer threadName="Thread-8" threadId="0000000001178100" bytes="524227824" />
</allocation-stats>
<gc-op id="69" type="mark" timems="3.900" contextid="66" timestamp="2019-06-14T21:50:16.756">
  <trace-info objectcount="67193" scancount="58780" scanbytes="2299736" />
  <finalization candidates="124" enqueued="0" />
  <ownableSynchronizers candidates="3" cleared="0" />
  <references type="soft" candidates="148" cleared="0" enqueued="0" dynamicThreshold="31" maxThreshold="32" />
  <references type="weak" candidates="769" cleared="0" enqueued="0" />
  <references type="phantom" candidates="63" cleared="0" enqueued="0" />
  <stringconstants candidates="4597" cleared="0"  />
</gc-op>
<gc-op id="70" type="sweep" timems="421.142" contextid="66" timestamp="2019-06-14T21:50:17.177" />
<mem-info id="71" free="2086644192" total="2092630016" percent="99">
  <mem type="tenure" free="2086644192" total="2092630016" percent="99" micro-fragmented="42737">
    <mem type="soa" free="1982012896" total="1987998720" percent="99" />
    <mem type="loa" free="104631296" total="104631296" percent="100" />
  </mem>
</mem-info>
<gc-op id="72" type="compact" timems="7.957" contextid="66" timestamp="2019-06-14T21:50:17.186">
  <compact-info movecount="22146" movebytes="1045696" reason="compact to aid heap contraction" />
</gc-op>
<gc-end id="73" type="global" contextid="66" durationms="434.398" usertimems="432.000" systemtimems="12.000" timestamp="2019-06-14T21:50:17.186" activeThreads="4">
  <mem-info id="74" free="2086722528" total="2092630016" percent="99">
    <mem type="tenure" free="2086722528" total="2092630016" percent="99">
      <mem type="soa" free="1982091232" total="1987998720" percent="99" />
      <mem type="loa" free="104631296" total="104631296" percent="100" />
    </mem>
  </mem-info>
</gc-end>
<cycle-end id="75" type="global" contextid="66" timestamp="2019-06-14T21:50:17.186" />
  <attribute name="elasticGC enabled" value="1" />
  <attribute name= "numThreadsSpecified" value="4" />
  <attribute name="heapSize specified" value="2092630016" />
  <attribute name="Current GC Util" value="133" />
  <attribute name= "Current Time Running" value="5374" />
  <attribute name ="GC Interval" value="0" />
  <attribute name="ProportionalT" value="56.500000" />
  <attribute name="ProportionalI" value="56.500000" />
  <attribute name="ProportionalH" value="56.500000" />
  <attribute name="Current Error" value="113.000000" />
  <attribute name="IntegralT" value="904.000000" />
  <attribute name="IntegralI" value="904.000000" />
  <attribute name="IntegralH" value="904.000000" />
  <attribute name="DerivativeT" value="7.062500" />
  <attribute name="DerivativeI" value="7.062500" />
  <attribute name="DerivativeH" value="7.062500" />
  <attribute name="Loop Time for DT" value="8.000000" />
  <attribute name="Output H" value="8388608"/>
  <attribute name="Output I" value="968"/>
  <attribute name="Output T" value="4"/>
  <attribute name="Target GC Util Change" value ="20.000000" />
  <attribute name="Current GC Util Change" value="133.000000"/>
  <attribute name="GC Util currently" value="133" />
  <attribute name="CPU Util currently" value="567599667478" />
<allocation-satisfied id="76" threadId="0000000001174500" bytesRequested="24" />
<af-end id="77" timestamp="2019-06-14T21:50:17.187" threadId="0000000001174E88" success="true" />
<exclusive-end id="78" timestamp="2019-06-14T21:50:17.187" durationms="435.624" />

</verbosegc>

