<?xml version="1.0" ?>

<verbosegc xmlns="http://www.ibm.com/j9/verbosegc" version="10b4217_CMPRSS">

<initialized id="1" timestamp="2019-06-15T04:16:49.117">
  <attribute name="gcPolicy" value="-Xgcpolicy:gencon" />
  <attribute name="elasticGC enabled" value="1" />
  <attribute name= "numThreadsSpecified" value="0" />
  <attribute name="heapSize specified" value="0" />
  <attribute name="Current GC Util" value="0" />
  <attribute name= "Current Time Running" value="0" />
  <attribute name ="GC Interval" value="0" />
  <attribute name="ProportionalT" value="0.000000" />
  <attribute name="ProportionalI" value="0.000000" />
  <attribute name="ProportionalH" value="0.000000" />
  <attribute name="IntegralT" value="0.000000" />
  <attribute name="IntegralI" value="0.000000" />
  <attribute name="IntegralH" value="0.000000" />
  <attribute name="DerivativeT" value="0.000000" />
  <attribute name="DerivativeI" value="0.000000" />
  <attribute name="DerivativeH" value="0.000000" />
  <attribute name="Target GC Util Change" value ="0.000000" />
  <attribute name="Current GC Util Change" value="0.000000"/>
  <attribute name="Current Error" value="0.000000" />
  <attribute name="Loop Time for DT" value="0.000000" />
  <attribute name="Output H" value="0"/>
  <attribute name="Output I" value="0"/>
  <attribute name="Output T" value="0"/>
  <attribute name="GC Util currently" value="0" />
  <attribute name="CPU Util currently" value="0" />
  <attribute name="maxHeapSize" value="0x7cbc0000" />
  <attribute name="initialHeapSize" value="0x800000" />
  <attribute name="compressedRefs" value="true" />
  <attribute name="compressedRefsDisplacement" value="0x0" />
  <attribute name="compressedRefsShift" value="0x0" />
  <attribute name="pageSize" value="0x1000" />
  <attribute name="pageType" value="not used" />
  <attribute name="requestedPageSize" value="0x1000" />
  <attribute name="requestedPageType" value="not used" />
  <attribute name="gcthreads" value="4" />
  <attribute name="gcthreads Concurrent Mark" value="1" />
  <attribute name="packetListSplit" value="4" />
  <attribute name="cacheListSplit" value="4" />
  <attribute name="splitFreeListSplitAmount" value="1" />
  <attribute name="numaNodes" value="0" />
  <system>
    <attribute name="physicalMemory" value="8370962432" />
    <attribute name="numCPUs" value="4" />
    <attribute name="architecture" value="amd64" />
    <attribute name="os" value="Linux" />
    <attribute name="osVersion" value="4.4.0-148-generic" />
  </system>
  <vmargs>
    <vmarg name="-Xoptionsfile=/vagrant/jdk/lib/options.default" />
    <vmarg name="-Xlockword:mode=default,noLockword=java/lang/String,noLockword=java/util/MapEntry,noLockword=java/util/HashMap$Entry,noLockword..." />
    <vmarg name="-Xjcl:jclse29" />
    <vmarg name="-Dcom.ibm.oti.vm.bootstrap.library.path=/vagrant/jdk/lib/compressedrefs:/vagrant/jdk/lib" />
    <vmarg name="-Dsun.boot.library.path=/vagrant/jdk/lib/compressedrefs:/vagrant/jdk/lib" />
    <vmarg name="-Djava.library.path=/vagrant/jdk/lib/compressedrefs:/vagrant/jdk/lib:/usr/lib64:/usr/lib" />
    <vmarg name="-Djava.home=/vagrant/jdk" />
    <vmarg name="-Duser.dir=/vagrant" />
    <vmarg name="-verbose:gc" />
    <vmarg name="-Xgcelastic" />
    <vmarg name="-Xcheck:gc:::elasticGC" />
    <vmarg name="-Xloggc:default-jdk0.5-1-1.5-verbose10avrora.txt" />
    <vmarg name="-Djava.class.path=dacapo-9.12-MR1-bach.jar" />
    <vmarg name="-Dsun.java.command=dacapo-9.12-MR1-bach.jar avrora --size=default" />
    <vmarg name="-Dsun.java.launcher=SUN_STANDARD" />
    <vmarg name="-Dsun.java.launcher.pid=11189" />
  </vmargs>
</initialized>

<exclusive-start id="2" timestamp="2019-06-15T04:16:49.303" intervalms="186.040">
  <response-info timems="0.116" idlems="0.116" threads="0" lastid="00000000018F3700" lastname="main" />
</exclusive-start>
<af-start id="3" threadId="00000000018F4088" totalBytesRequested="7176" timestamp="2019-06-15T04:16:49.303" intervalms="186.226" type="nursery" />
<cycle-start id="4" type="scavenge" contextid="0" timestamp="2019-06-15T04:16:49.304" intervalms="186.655" />
<gc-start id="5" type="scavenge" contextid="4" timestamp="2019-06-15T04:16:49.309">
  <mem-info id="6" free="6062624" total="8388608" percent="72">
    <mem type="nursery" free="0" total="2097152" percent="0">
      <mem type="allocate" free="0" total="1048576" percent="0" />
      <mem type="survivor" free="0" total="1048576" percent="0" />
    </mem>
    <mem type="tenure" free="6062624" total="6291456" percent="96">
      <mem type="soa" free="5748256" total="5977088" percent="96" />
      <mem type="loa" free="314368" total="314368" percent="100" />
    </mem>
    <remembered-set count="3161" />
  </mem-info>
</gc-start>
<allocation-stats totalBytes="1275120" >
  <allocated-bytes non-tlh="344784" tlh="930336" />
  <largest-consumer threadName="main" threadId="00000000018F3700" bytes="1198360" />
</allocation-stats>
<gc-op id="7" type="scavenge" timems="1.826" contextid="4" timestamp="2019-06-15T04:16:49.311">
  <scavenger-info tenureage="2" tenuremask="fffc" tiltratio="50" />
  <memory-copied type="nursery" objects="10578" bytes="479616" bytesdiscarded="120024" />
  <finalization candidates="11" enqueued="0" />
  <references type="soft" candidates="62" cleared="0" enqueued="0" dynamicThreshold="32" maxThreshold="32" />
  <references type="weak" candidates="309" cleared="177" enqueued="141" />
  <references type="phantom" candidates="25" cleared="6" enqueued="6" />
</gc-op>
<gc-end id="8" type="scavenge" contextid="4" durationms="5.351" usertimems="4.000" systemtimems="0.000" timestamp="2019-06-15T04:16:49.315" activeThreads="4">
  <mem-info id="9" free="6509464" total="8388608" percent="77">
    <mem type="nursery" free="446840" total="2097152" percent="21">
      <mem type="allocate" free="446840" total="1048576" percent="42" />
      <mem type="survivor" free="0" total="1048576" percent="0" />
    </mem>
    <mem type="tenure" free="6062624" total="6291456" percent="96">
      <mem type="soa" free="5748256" total="5977088" percent="96" />
      <mem type="loa" free="314368" total="314368" percent="100" />
    </mem>
    <pending-finalizers system="0" default="0" reference="147" classloader="0" />
    <remembered-set count="3161" />
  </mem-info>
</gc-end>
<cycle-end id="10" type="scavenge" contextid="4" timestamp="2019-06-15T04:16:49.315" />
  <attribute name="elasticGC enabled" value="1" />
  <attribute name= "numThreadsSpecified" value="0" />
  <attribute name="heapSize specified" value="0" />
  <attribute name="Current GC Util" value="0" />
  <attribute name= "Current Time Running" value="79" />
  <attribute name ="GC Interval" value="1" />
  <attribute name="ProportionalT" value="0.000000" />
  <attribute name="ProportionalI" value="0.000000" />
  <attribute name="ProportionalH" value="0.000000" />
  <attribute name="Current Error" value="0.000000" />
  <attribute name="IntegralT" value="0.000000" />
  <attribute name="IntegralI" value="0.000000" />
  <attribute name="IntegralH" value="0.000000" />
  <attribute name="DerivativeT" value="0.000000" />
  <attribute name="DerivativeI" value="0.000000" />
  <attribute name="DerivativeH" value="0.000000" />
  <attribute name="Loop Time for DT" value="0.000000" />
  <attribute name="Output H" value="0"/>
  <attribute name="Output I" value="0"/>
  <attribute name="Output T" value="0"/>
  <attribute name="Target GC Util Change" value ="20.000000" />
  <attribute name="Current GC Util Change" value="0.000000"/>
  <attribute name="GC Util currently" value="0" />
  <attribute name="CPU Util currently" value="22" />
<allocation-satisfied id="11" threadId="00000000018F3700" bytesRequested="7176" />
<af-end id="12" timestamp="2019-06-15T04:16:49.315" threadId="00000000018F4088" success="true" from="nursery"/>
<exclusive-end id="13" timestamp="2019-06-15T04:16:49.315" durationms="11.802" />

<exclusive-start id="14" timestamp="2019-06-15T04:16:49.349" intervalms="46.001">
  <response-info timems="0.022" idlems="0.022" threads="0" lastid="00000000018F3700" lastname="main" />
</exclusive-start>
<af-start id="15" threadId="00000000018F4088" totalBytesRequested="152" timestamp="2019-06-15T04:16:49.349" intervalms="45.895" type="nursery" />
<cycle-start id="16" type="scavenge" contextid="0" timestamp="2019-06-15T04:16:49.349" intervalms="45.534" />
<gc-start id="17" type="scavenge" contextid="16" timestamp="2019-06-15T04:16:49.353">
  <mem-info id="18" free="6054888" total="8388608" percent="72">
    <mem type="nursery" free="0" total="2097152" percent="0">
      <mem type="allocate" free="0" total="1048576" percent="0" />
      <mem type="survivor" free="0" total="1048576" percent="0" />
    </mem>
    <mem type="tenure" free="6054888" total="6291456" percent="96">
      <mem type="soa" free="5740520" total="5977088" percent="96" />
      <mem type="loa" free="314368" total="314368" percent="100" />
    </mem>
    <remembered-set count="3262" />
  </mem-info>
</gc-start>
<allocation-stats totalBytes="453288" >
  <allocated-bytes non-tlh="14912" tlh="438376" />
  <largest-consumer threadName="main" threadId="00000000018F3700" bytes="441312" />
</allocation-stats>
<gc-op id="19" type="scavenge" timems="0.782" contextid="16" timestamp="2019-06-15T04:16:49.354">
  <scavenger-info tenureage="5" tenuremask="7fe0" tiltratio="50" />
  <memory-copied type="nursery" objects="11514" bytes="500584" bytesdiscarded="118256" />
  <finalization candidates="11" enqueued="0" />
  <references type="soft" candidates="62" cleared="0" enqueued="0" dynamicThreshold="32" maxThreshold="32" />
  <references type="weak" candidates="237" cleared="93" enqueued="90" />
  <references type="phantom" candidates="35" cleared="11" enqueued="11" />
</gc-op>
<gc-end id="20" type="scavenge" contextid="16" durationms="0.962" usertimems="0.000" systemtimems="4.000" timestamp="2019-06-15T04:16:49.354" activeThreads="4">
  <mem-info id="21" free="6483168" total="8388608" percent="77">
    <mem type="nursery" free="428280" total="2097152" percent="20">
      <mem type="allocate" free="428280" total="1048576" percent="40" />
      <mem type="survivor" free="0" total="1048576" percent="0" />
    </mem>
    <mem type="tenure" free="6054888" total="6291456" percent="96">
      <mem type="soa" free="5740520" total="5977088" percent="96" />
      <mem type="loa" free="314368" total="314368" percent="100" />
    </mem>
    <pending-finalizers system="0" default="0" reference="101" classloader="0" />
    <remembered-set count="3262" />
  </mem-info>
</gc-end>
<cycle-end id="22" type="scavenge" contextid="16" timestamp="2019-06-15T04:16:49.354" />
  <attribute name="elasticGC enabled" value="1" />
  <attribute name= "numThreadsSpecified" value="4" />
  <attribute name="heapSize specified" value="0" />
  <attribute name="Current GC Util" value="24" />
  <attribute name= "Current Time Running" value="123" />
  <attribute name ="GC Interval" value="200" />
  <attribute name="ProportionalT" value="2.000000" />
  <attribute name="ProportionalI" value="2.000000" />
  <attribute name="ProportionalH" value="2.000000" />
  <attribute name="Current Error" value="4.000000" />
  <attribute name="IntegralT" value="176.000000" />
  <attribute name="IntegralI" value="176.000000" />
  <attribute name="IntegralH" value="176.000000" />
  <attribute name="DerivativeT" value="0.136364" />
  <attribute name="DerivativeI" value="0.136364" />
  <attribute name="DerivativeH" value="0.136364" />
  <attribute name="Loop Time for DT" value="44.000000" />
  <attribute name="Output H" value="8388608"/>
  <attribute name="Output I" value="200"/>
  <attribute name="Output T" value="4"/>
  <attribute name="Target GC Util Change" value ="20.000000" />
  <attribute name="Current GC Util Change" value="24.000000"/>
  <attribute name="GC Util currently" value="24" />
  <attribute name="CPU Util currently" value="10" />
<allocation-satisfied id="23" threadId="00000000018F3700" bytesRequested="152" />
<af-end id="24" timestamp="2019-06-15T04:16:49.354" threadId="00000000018F4088" success="true" from="nursery"/>
<exclusive-end id="25" timestamp="2019-06-15T04:16:49.354" durationms="5.315" />

<exclusive-start id="26" timestamp="2019-06-15T04:16:49.582" intervalms="232.977">
  <response-info timems="0.029" idlems="0.029" threads="0" lastid="00000000018F3700" lastname="main" />
</exclusive-start>
<af-start id="27" threadId="00000000018F4088" totalBytesRequested="152" timestamp="2019-06-15T04:16:49.582" intervalms="232.994" type="nursery" />
<cycle-start id="28" type="scavenge" contextid="0" timestamp="2019-06-15T04:16:49.582" intervalms="232.994" />
<gc-start id="29" type="scavenge" contextid="28" timestamp="2019-06-15T04:16:49.582">
  <mem-info id="30" free="6054888" total="8388608" percent="72">
    <mem type="nursery" free="0" total="2097152" percent="0">
      <mem type="allocate" free="0" total="1048576" percent="0" />
      <mem type="survivor" free="0" total="1048576" percent="0" />
    </mem>
    <mem type="tenure" free="6054888" total="6291456" percent="96">
      <mem type="soa" free="5740520" total="5977088" percent="96" />
      <mem type="loa" free="314368" total="314368" percent="100" />
    </mem>
    <remembered-set count="3262" />
  </mem-info>
</gc-start>
<allocation-stats totalBytes="427944" >
  <allocated-bytes non-tlh="152" tlh="427792" />
  <largest-consumer threadName="main" threadId="00000000018F3700" bytes="419752" />
</allocation-stats>
<gc-op id="31" type="scavenge" timems="0.869" contextid="28" timestamp="2019-06-15T04:16:49.583">
  <scavenger-info tenureage="4" tenuremask="7ff0" tiltratio="50" />
  <memory-copied type="nursery" objects="10890" bytes="485208" bytesdiscarded="102920" />
  <finalization candidates="11" enqueued="0" />
  <references type="soft" candidates="62" cleared="0" enqueued="0" dynamicThreshold="32" maxThreshold="32" />
  <references type="weak" candidates="144" cleared="0" enqueued="0" />
  <references type="phantom" candidates="24" cleared="0" enqueued="0" />
</gc-op>
<gc-end id="32" type="scavenge" contextid="28" durationms="1.068" usertimems="0.000" systemtimems="0.000" timestamp="2019-06-15T04:16:49.583" activeThreads="4">
  <mem-info id="33" free="6513888" total="8388608" percent="77">
    <mem type="nursery" free="459000" total="2097152" percent="21">
      <mem type="allocate" free="459000" total="1048576" percent="43" />
      <mem type="survivor" free="0" total="1048576" percent="0" />
    </mem>
    <mem type="tenure" free="6054888" total="6291456" percent="96">
      <mem type="soa" free="5740520" total="5977088" percent="96" />
      <mem type="loa" free="314368" total="314368" percent="100" />
    </mem>
    <remembered-set count="992" />
  </mem-info>
</gc-end>
<cycle-end id="34" type="scavenge" contextid="28" timestamp="2019-06-15T04:16:49.584" />
  <attribute name="elasticGC enabled" value="1" />
  <attribute name= "numThreadsSpecified" value="4" />
  <attribute name="heapSize specified" value="0" />
  <attribute name="Current GC Util" value="2" />
  <attribute name= "Current Time Running" value="352" />
  <attribute name ="GC Interval" value="200" />
  <attribute name="ProportionalT" value="-9.000000" />
  <attribute name="ProportionalI" value="-9.000000" />
  <attribute name="ProportionalH" value="-9.000000" />
  <attribute name="Current Error" value="-18.000000" />
  <attribute name="IntegralT" value="-3946.000000" />
  <attribute name="IntegralI" value="-3946.000000" />
  <attribute name="IntegralH" value="-3946.000000" />
  <attribute name="DerivativeT" value="-0.144105" />
  <attribute name="DerivativeI" value="-0.144105" />
  <attribute name="DerivativeH" value="-0.144105" />
  <attribute name="Loop Time for DT" value="229.000000" />
  <attribute name="Output H" value="2092630016"/>
  <attribute name="Output I" value="200"/>
  <attribute name="Output T" value="4"/>
  <attribute name="Target GC Util Change" value ="20.000000" />
  <attribute name="Current GC Util Change" value="2.000000"/>
  <attribute name="GC Util currently" value="2" />
  <attribute name="CPU Util currently" value="0" />
<allocation-satisfied id="35" threadId="00000000018F3700" bytesRequested="152" />
<af-end id="36" timestamp="2019-06-15T04:16:49.584" threadId="00000000018F4088" success="true" from="nursery"/>
<exclusive-end id="37" timestamp="2019-06-15T04:16:49.584" durationms="1.589" />

<exclusive-start id="38" timestamp="2019-06-15T04:16:49.655" intervalms="72.762">
  <response-info timems="0.077" idlems="0.077" threads="0" lastid="00000000018F3700" lastname="main" />
</exclusive-start>
<af-start id="39" threadId="00000000018F4088" totalBytesRequested="8200" timestamp="2019-06-15T04:16:49.655" intervalms="72.787" type="nursery" />
<cycle-start id="40" type="scavenge" contextid="0" timestamp="2019-06-15T04:16:49.655" intervalms="72.827" />
<gc-start id="41" type="scavenge" contextid="40" timestamp="2019-06-15T04:16:49.655">
  <mem-info id="42" free="6052200" total="8388608" percent="72">
    <mem type="nursery" free="0" total="2097152" percent="0">
      <mem type="allocate" free="0" total="1048576" percent="0" />
      <mem type="survivor" free="0" total="1048576" percent="0" />
    </mem>
    <mem type="tenure" free="6052200" total="6291456" percent="96">
      <mem type="soa" free="5737832" total="5977088" percent="95" />
      <mem type="loa" free="314368" total="314368" percent="100" />
    </mem>
    <remembered-set count="1025" />
  </mem-info>
</gc-start>
<allocation-stats totalBytes="460128" >
  <allocated-bytes non-tlh="2840" tlh="457288" />
  <largest-consumer threadName="main" threadId="00000000018F3700" bytes="460128" />
</allocation-stats>
<gc-op id="43" type="scavenge" timems="1.014" contextid="40" timestamp="2019-06-15T04:16:49.656">
  <scavenger-info tenureage="3" tenuremask="fff8" tiltratio="50" />
  <memory-copied type="nursery" objects="602" bytes="36824" bytesdiscarded="41504" />
  <memory-copied type="tenure" objects="10291" bytes="460072" bytesdiscarded="64" />
  <finalization candidates="11" enqueued="0" />
  <references type="weak" candidates="92" cleared="76" enqueued="76" />
  <references type="phantom" candidates="18" cleared="10" enqueued="10" />
</gc-op>
<gc-end id="44" type="scavenge" contextid="40" durationms="1.239" usertimems="0.000" systemtimems="0.000" timestamp="2019-06-15T04:16:49.656" activeThreads="4">
  <mem-info id="45" free="6464976" total="8388608" percent="77">
    <mem type="nursery" free="970240" total="2097152" percent="46">
      <mem type="allocate" free="970240" total="1048576" percent="92" />
      <mem type="survivor" free="0" total="1048576" percent="0" />
    </mem>
    <mem type="tenure" free="5494736" total="6291456" percent="87">
      <mem type="soa" free="5180368" total="5977088" percent="86" />
      <mem type="loa" free="314368" total="314368" percent="100" />
    </mem>
    <pending-finalizers system="0" default="0" reference="86" classloader="0" />
    <remembered-set count="134" />
  </mem-info>
</gc-end>
<cycle-end id="46" type="scavenge" contextid="40" timestamp="2019-06-15T04:16:49.657" />
  <attribute name="elasticGC enabled" value="1" />
  <attribute name= "numThreadsSpecified" value="4" />
  <attribute name="heapSize specified" value="0" />
  <attribute name="Current GC Util" value="2" />
  <attribute name= "Current Time Running" value="425" />
  <attribute name ="GC Interval" value="200" />
  <attribute name="ProportionalT" value="-9.000000" />
  <attribute name="ProportionalI" value="-9.000000" />
  <attribute name="ProportionalH" value="-9.000000" />
  <attribute name="Current Error" value="-18.000000" />
  <attribute name="IntegralT" value="-5260.000000" />
  <attribute name="IntegralI" value="-5260.000000" />
  <attribute name="IntegralH" value="-5260.000000" />
  <attribute name="DerivativeT" value="-0.369863" />
  <attribute name="DerivativeI" value="-0.369863" />
  <attribute name="DerivativeH" value="-0.369863" />
  <attribute name="Loop Time for DT" value="73.000000" />
  <attribute name="Output H" value="2092630016"/>
  <attribute name="Output I" value="200"/>
  <attribute name="Output T" value="4"/>
  <attribute name="Target GC Util Change" value ="20.000000" />
  <attribute name="Current GC Util Change" value="2.000000"/>
  <attribute name="GC Util currently" value="2" />
  <attribute name="CPU Util currently" value="0" />
<allocation-satisfied id="47" threadId="00000000018F3700" bytesRequested="8200" />
<af-end id="48" timestamp="2019-06-15T04:16:49.657" threadId="00000000018F4088" success="true" from="nursery"/>
<exclusive-end id="49" timestamp="2019-06-15T04:16:49.657" durationms="1.818" />

<exclusive-start id="50" timestamp="2019-06-15T04:16:49.811" intervalms="156.484">
  <response-info timems="0.027" idlems="0.027" threads="0" lastid="00000000018F3700" lastname="main" />
</exclusive-start>
<af-start id="51" threadId="00000000018F4088" totalBytesRequested="2056" timestamp="2019-06-15T04:16:49.811" intervalms="156.452" type="nursery" />
<cycle-start id="52" type="scavenge" contextid="0" timestamp="2019-06-15T04:16:49.812" intervalms="156.417" />
<gc-start id="53" type="scavenge" contextid="52" timestamp="2019-06-15T04:16:49.812">
  <mem-info id="54" free="5490152" total="8388608" percent="65">
    <mem type="nursery" free="0" total="2097152" percent="0">
      <mem type="allocate" free="0" total="1048576" percent="0" />
      <mem type="survivor" free="0" total="1048576" percent="0" />
    </mem>
    <mem type="tenure" free="5490152" total="6291456" percent="87">
      <mem type="soa" free="5175784" total="5977088" percent="86" />
      <mem type="loa" free="314368" total="314368" percent="100" />
    </mem>
    <remembered-set count="217" />
  </mem-info>
</gc-start>
<allocation-stats totalBytes="946856" >
  <allocated-bytes non-tlh="12784" tlh="934072" />
  <largest-consumer threadName="main" threadId="00000000018F3700" bytes="946856" />
</allocation-stats>
<gc-op id="55" type="scavenge" timems="0.414" contextid="52" timestamp="2019-06-15T04:16:49.812">
  <scavenger-info tenureage="4" tenuremask="fff0" tiltratio="50" />
  <memory-copied type="nursery" objects="745" bytes="112688" bytesdiscarded="37512" />
  <finalization candidates="3" enqueued="1" />
  <references type="soft" candidates="1" cleared="0" enqueued="0" dynamicThreshold="32" maxThreshold="32" />
  <references type="weak" candidates="66" cleared="50" enqueued="50" />
  <references type="phantom" candidates="21" cleared="10" enqueued="10" />
</gc-op>
<gc-end id="56" type="scavenge" contextid="52" durationms="0.598" usertimems="0.000" systemtimems="0.000" timestamp="2019-06-15T04:16:49.812" activeThreads="4">
  <mem-info id="57" free="6388440" total="8388608" percent="76">
    <mem type="nursery" free="898288" total="2097152" percent="42">
      <mem type="allocate" free="898288" total="1048576" percent="85" />
      <mem type="survivor" free="0" total="1048576" percent="0" />
    </mem>
    <mem type="tenure" free="5490152" total="6291456" percent="87">
      <mem type="soa" free="5175784" total="5977088" percent="86" />
      <mem type="loa" free="314368" total="314368" percent="100" />
    </mem>
    <pending-finalizers system="1" default="0" reference="60" classloader="0" />
    <remembered-set count="216" />
  </mem-info>
</gc-end>
<cycle-end id="58" type="scavenge" contextid="52" timestamp="2019-06-15T04:16:49.812" />
  <attribute name="elasticGC enabled" value="1" />
  <attribute name= "numThreadsSpecified" value="4" />
  <attribute name="heapSize specified" value="0" />
  <attribute name="Current GC Util" value="1" />
  <attribute name= "Current Time Running" value="581" />
  <attribute name ="GC Interval" value="200" />
  <attribute name="ProportionalT" value="-9.500000" />
  <attribute name="ProportionalI" value="-9.500000" />
  <attribute name="ProportionalH" value="-9.500000" />
  <attribute name="Current Error" value="-19.000000" />
  <attribute name="IntegralT" value="-8224.000000" />
  <attribute name="IntegralI" value="-8224.000000" />
  <attribute name="IntegralH" value="-8224.000000" />
  <attribute name="DerivativeT" value="-0.182692" />
  <attribute name="DerivativeI" value="-0.182692" />
  <attribute name="DerivativeH" value="-0.182692" />
  <attribute name="Loop Time for DT" value="156.000000" />
  <attribute name="Output H" value="2092630016"/>
  <attribute name="Output I" value="200"/>
  <attribute name="Output T" value="4"/>
  <attribute name="Target GC Util Change" value ="20.000000" />
  <attribute name="Current GC Util Change" value="1.000000"/>
  <attribute name="GC Util currently" value="1" />
  <attribute name="CPU Util currently" value="6" />
<allocation-satisfied id="59" threadId="00000000018F3700" bytesRequested="2056" />
<af-end id="60" timestamp="2019-06-15T04:16:49.812" threadId="00000000018F4088" success="true" from="nursery"/>
<exclusive-end id="61" timestamp="2019-06-15T04:16:49.812" durationms="1.075" />

<exclusive-start id="62" timestamp="2019-06-15T04:16:49.893" intervalms="81.336">
  <response-info timems="0.022" idlems="0.022" threads="0" lastid="00000000018F3700" lastname="main" />
</exclusive-start>
<af-start id="63" threadId="00000000018F4088" totalBytesRequested="2056" timestamp="2019-06-15T04:16:49.893" intervalms="81.325" type="nursery" />
<cycle-start id="64" type="scavenge" contextid="0" timestamp="2019-06-15T04:16:49.893" intervalms="81.316" />
<gc-start id="65" type="scavenge" contextid="64" timestamp="2019-06-15T04:16:49.893">
  <mem-info id="66" free="5490152" total="8388608" percent="65">
    <mem type="nursery" free="0" total="2097152" percent="0">
      <mem type="allocate" free="0" total="1048576" percent="0" />
      <mem type="survivor" free="0" total="1048576" percent="0" />
    </mem>
    <mem type="tenure" free="5490152" total="6291456" percent="87">
      <mem type="soa" free="5175784" total="5977088" percent="86" />
      <mem type="loa" free="314368" total="314368" percent="100" />
    </mem>
    <remembered-set count="216" />
  </mem-info>
</gc-start>
<allocation-stats totalBytes="891376" >
  <allocated-bytes non-tlh="2056" tlh="889320" />
  <largest-consumer threadName="main" threadId="00000000018F3700" bytes="891376" />
</allocation-stats>
<gc-op id="67" type="scavenge" timems="0.313" contextid="64" timestamp="2019-06-15T04:16:49.893">
  <scavenger-info tenureage="3" tenuremask="fff8" tiltratio="50" />
  <memory-copied type="nursery" objects="298" bytes="79560" bytesdiscarded="15088" />
  <memory-copied type="tenure" objects="302" bytes="16080" bytesdiscarded="0" />
  <finalization candidates="2" enqueued="0" />
  <references type="soft" candidates="1" cleared="0" enqueued="0" dynamicThreshold="32" maxThreshold="32" />
  <references type="weak" candidates="2" cleared="0" enqueued="0" />
  <references type="phantom" candidates="5" cleared="0" enqueued="0" />
</gc-op>
<gc-end id="68" type="scavenge" contextid="64" durationms="0.555" usertimems="0.000" systemtimems="0.000" timestamp="2019-06-15T04:16:49.893" activeThreads="4">
  <mem-info id="69" free="6535904" total="8388608" percent="77">
    <mem type="nursery" free="1084920" total="2097152" percent="51">
      <mem type="allocate" free="1084920" total="1179648" percent="91" />
      <mem type="survivor" free="0" total="917504" percent="0" />
    </mem>
    <mem type="tenure" free="5450984" total="6291456" percent="86">
      <mem type="soa" free="5136616" total="5977088" percent="85" />
      <mem type="loa" free="314368" total="314368" percent="100" />
    </mem>
    <remembered-set count="157" />
  </mem-info>
</gc-end>
<cycle-end id="70" type="scavenge" contextid="64" timestamp="2019-06-15T04:16:49.894" />
  <attribute name="elasticGC enabled" value="1" />
  <attribute name= "numThreadsSpecified" value="4" />
  <attribute name="heapSize specified" value="0" />
  <attribute name="Current GC Util" value="0" />
  <attribute name= "Current Time Running" value="662" />
  <attribute name ="GC Interval" value="200" />
  <attribute name="ProportionalT" value="-10.000000" />
  <attribute name="ProportionalI" value="-10.000000" />
  <attribute name="ProportionalH" value="-10.000000" />
  <attribute name="Current Error" value="-20.000000" />
  <attribute name="IntegralT" value="-9844.000000" />
  <attribute name="IntegralI" value="-9844.000000" />
  <attribute name="IntegralH" value="-9844.000000" />
  <attribute name="DerivativeT" value="-0.370370" />
  <attribute name="DerivativeI" value="-0.370370" />
  <attribute name="DerivativeH" value="-0.370370" />
  <attribute name="Loop Time for DT" value="81.000000" />
  <attribute name="Output H" value="2092630016"/>
  <attribute name="Output I" value="200"/>
  <attribute name="Output T" value="4"/>
  <attribute name="Target GC Util Change" value ="20.000000" />
  <attribute name="Current GC Util Change" value="0.000000"/>
  <attribute name="GC Util currently" value="0" />
  <attribute name="CPU Util currently" value="9" />
<allocation-satisfied id="71" threadId="00000000018F3700" bytesRequested="2056" />
<af-end id="72" timestamp="2019-06-15T04:16:49.894" threadId="00000000018F4088" success="true" from="nursery"/>
<exclusive-end id="73" timestamp="2019-06-15T04:16:49.894" durationms="1.016" />

<exclusive-start id="74" timestamp="2019-06-15T04:16:49.981" intervalms="88.705">
  <response-info timems="0.028" idlems="0.028" threads="0" lastid="00000000018F3700" lastname="main" />
</exclusive-start>
<af-start id="75" threadId="00000000018F4088" totalBytesRequested="2056" timestamp="2019-06-15T04:16:49.981" intervalms="88.697" type="nursery" />
<cycle-start id="76" type="scavenge" contextid="0" timestamp="2019-06-15T04:16:49.982" intervalms="88.691" />
<gc-start id="77" type="scavenge" contextid="76" timestamp="2019-06-15T04:16:49.982">
  <mem-info id="78" free="5450984" total="8388608" percent="64">
    <mem type="nursery" free="0" total="2097152" percent="0">
      <mem type="allocate" free="0" total="1179648" percent="0" />
      <mem type="survivor" free="0" total="917504" percent="0" />
    </mem>
    <mem type="tenure" free="5450984" total="6291456" percent="86">
      <mem type="soa" free="5136616" total="5977088" percent="85" />
      <mem type="loa" free="314368" total="314368" percent="100" />
    </mem>
    <remembered-set count="157" />
  </mem-info>
</gc-start>
<allocation-stats totalBytes="1079624" >
  <allocated-bytes non-tlh="2056" tlh="1077568" />
  <largest-consumer threadName="main" threadId="00000000018F3700" bytes="1079624" />
</allocation-stats>
<gc-op id="79" type="scavenge" timems="0.266" contextid="76" timestamp="2019-06-15T04:16:49.982">
  <scavenger-info tenureage="5" tenuremask="ffe0" tiltratio="56" />
  <memory-copied type="nursery" objects="298" bytes="79576" bytesdiscarded="23272" />
  <finalization candidates="2" enqueued="0" />
  <references type="soft" candidates="1" cleared="0" enqueued="0" dynamicThreshold="32" maxThreshold="32" />
  <references type="weak" candidates="2" cleared="0" enqueued="0" />
  <references type="phantom" candidates="5" cleared="0" enqueued="0" />
</gc-op>
<gc-end id="80" type="scavenge" contextid="76" durationms="0.446" usertimems="0.000" systemtimems="0.000" timestamp="2019-06-15T04:16:49.982" activeThreads="4">
  <mem-info id="81" free="6658776" total="8388608" percent="79">
    <mem type="nursery" free="1207792" total="2097152" percent="57">
      <mem type="allocate" free="1207792" total="1310720" percent="92" />
      <mem type="survivor" free="0" total="786432" percent="0" />
    </mem>
    <mem type="tenure" free="5450984" total="6291456" percent="86">
      <mem type="soa" free="5136616" total="5977088" percent="85" />
      <mem type="loa" free="314368" total="314368" percent="100" />
    </mem>
    <remembered-set count="86" />
  </mem-info>
</gc-end>
<cycle-end id="82" type="scavenge" contextid="76" timestamp="2019-06-15T04:16:49.982" />
  <attribute name="elasticGC enabled" value="1" />
  <attribute name= "numThreadsSpecified" value="4" />
  <attribute name="heapSize specified" value="0" />
  <attribute name="Current GC Util" value="0" />
  <attribute name= "Current Time Running" value="751" />
  <attribute name ="GC Interval" value="200" />
  <attribute name="ProportionalT" value="-10.000000" />
  <attribute name="ProportionalI" value="-10.000000" />
  <attribute name="ProportionalH" value="-10.000000" />
  <attribute name="Current Error" value="-20.000000" />
  <attribute name="IntegralT" value="-1780.000000" />
  <attribute name="IntegralI" value="-1780.000000" />
  <attribute name="IntegralH" value="-1780.000000" />
  <attribute name="DerivativeT" value="-0.337079" />
  <attribute name="DerivativeI" value="-0.337079" />
  <attribute name="DerivativeH" value="-0.337079" />
  <attribute name="Loop Time for DT" value="89.000000" />
  <attribute name="Output H" value="2092630016"/>
  <attribute name="Output I" value="200"/>
  <attribute name="Output T" value="4"/>
  <attribute name="Target GC Util Change" value ="20.000000" />
  <attribute name="Current GC Util Change" value="0.000000"/>
  <attribute name="GC Util currently" value="0" />
  <attribute name="CPU Util currently" value="5" />
<allocation-satisfied id="83" threadId="00000000018F3700" bytesRequested="2056" />
<af-end id="84" timestamp="2019-06-15T04:16:49.982" threadId="00000000018F4088" success="true" from="nursery"/>
<exclusive-end id="85" timestamp="2019-06-15T04:16:49.982" durationms="0.869" />

<exclusive-start id="86" timestamp="2019-06-15T04:16:50.069" intervalms="87.647">
  <response-info timems="0.066" idlems="0.066" threads="0" lastid="00000000018F3700" lastname="main" />
</exclusive-start>
<sys-start reason="explicit" id="87" timestamp="2019-06-15T04:16:50.069" intervalms="952.136" />
<cycle-start id="88" type="global" contextid="0" timestamp="2019-06-15T04:16:50.070" intervalms="952.480" />
<gc-start id="89" type="global" contextid="88" timestamp="2019-06-15T04:16:50.070">
  <mem-info id="90" free="5567032" total="8388608" percent="66">
    <mem type="nursery" free="123048" total="2097152" percent="5">
      <mem type="allocate" free="123048" total="1310720" percent="9" />
      <mem type="survivor" free="0" total="786432" percent="0" />
    </mem>
    <mem type="tenure" free="5443984" total="6291456" percent="86">
      <mem type="soa" free="5129616" total="5977088" percent="85" />
      <mem type="loa" free="314368" total="314368" percent="100" />
    </mem>
    <remembered-set count="164" />
  </mem-info>
</gc-start>
<allocation-stats totalBytes="1077464" >
  <allocated-bytes non-tlh="174240" tlh="903224" />
  <largest-consumer threadName="main" threadId="00000000018F3700" bytes="1077464" />
</allocation-stats>
<gc-op id="91" type="mark" timems="1.321" contextid="88" timestamp="2019-06-15T04:16:50.071">
  <trace-info objectcount="16928" scancount="13945" scanbytes="446088" />
  <finalization candidates="13" enqueued="0" />
  <references type="soft" candidates="66" cleared="0" enqueued="0" dynamicThreshold="32" maxThreshold="32" />
  <references type="weak" candidates="172" cleared="43" enqueued="35" />
  <references type="phantom" candidates="34" cleared="4" enqueued="4" />
  <stringconstants candidates="2456" cleared="0"  />
</gc-op>
<gc-op id="92" type="classunload" timems="0.075" contextid="88" timestamp="2019-06-15T04:16:50.071">
  <classunload-info classloadercandidates="6" classloadersunloaded="0" classesunloaded="0" anonymousclassesunloaded="0" quiescems="0.000" setupms="0.075" scanms="0.000" postms="0.000" />
</gc-op>
<gc-op id="93" type="sweep" timems="0.530" contextid="88" timestamp="2019-06-15T04:16:50.072" />
<mem-info id="94" free="6597768" total="8388608" percent="78">
  <mem type="nursery" free="1034816" total="2097152" percent="49">
    <mem type="allocate" free="1034816" total="1310720" percent="78" />
    <mem type="survivor" free="0" total="786432" percent="0" />
  </mem>
  <mem type="tenure" free="5562952" total="6291456" percent="88" micro-fragmented="0" macro-fragmented="0">
    <mem type="soa" free="5248584" total="5977088" percent="87" />
    <mem type="loa" free="314368" total="314368" percent="100" />
  </mem>
  <pending-finalizers system="0" default="0" reference="39" classloader="0" />
  <remembered-set count="163" />
</mem-info>
<gc-op id="95" type="compact" timems="3.426" contextid="88" timestamp="2019-06-15T04:16:50.076">
  <compact-info movecount="12505" movebytes="800856" reason="compact to aid heap contraction" />
</gc-op>
<gc-end id="96" type="global" contextid="88" durationms="6.669" usertimems="0.000" systemtimems="8.000" timestamp="2019-06-15T04:16:50.076" activeThreads="4">
  <mem-info id="97" free="6617512" total="8388608" percent="78">
    <mem type="nursery" free="1052488" total="2097152" percent="50">
      <mem type="allocate" free="1052488" total="1310720" percent="80" />
      <mem type="survivor" free="0" total="786432" percent="0" />
    </mem>
    <mem type="tenure" free="5565024" total="6291456" percent="88">
      <mem type="soa" free="5250656" total="5977088" percent="87" />
      <mem type="loa" free="314368" total="314368" percent="100" />
    </mem>
    <pending-finalizers system="0" default="0" reference="39" classloader="0" />
    <remembered-set count="163" />
  </mem-info>
</gc-end>
<cycle-end id="98" type="global" contextid="88" timestamp="2019-06-15T04:16:50.077" />
  <attribute name="elasticGC enabled" value="1" />
  <attribute name= "numThreadsSpecified" value="4" />
  <attribute name="heapSize specified" value="8388608" />
  <attribute name="Current GC Util" value="28" />
  <attribute name= "Current Time Running" value="845" />
  <attribute name ="GC Interval" value="200" />
  <attribute name="ProportionalT" value="4.000000" />
  <attribute name="ProportionalI" value="4.000000" />
  <attribute name="ProportionalH" value="4.000000" />
  <attribute name="Current Error" value="8.000000" />
  <attribute name="IntegralT" value="24.000000" />
  <attribute name="IntegralI" value="24.000000" />
  <attribute name="IntegralH" value="24.000000" />
  <attribute name="DerivativeT" value="0.500000" />
  <attribute name="DerivativeI" value="0.500000" />
  <attribute name="DerivativeH" value="0.500000" />
  <attribute name="Loop Time for DT" value="3.000000" />
  <attribute name="Output H" value="8388608"/>
  <attribute name="Output I" value="200"/>
  <attribute name="Output T" value="4"/>
  <attribute name="Target GC Util Change" value ="20.000000" />
  <attribute name="Current GC Util Change" value="28.000000"/>
  <attribute name="GC Util currently" value="28" />
  <attribute name="CPU Util currently" value="1294884553921" />
<sys-end id="99" timestamp="2019-06-15T04:16:50.077" />
<exclusive-end id="100" timestamp="2019-06-15T04:16:50.077" durationms="7.669" />

<exclusive-start id="101" timestamp="2019-06-15T04:16:50.129" intervalms="59.523">
  <response-info timems="0.064" idlems="0.064" threads="0" lastid="00000000018F3700" lastname="main" />
</exclusive-start>
<af-start id="102" threadId="00000000018F4088" totalBytesRequested="224" timestamp="2019-06-15T04:16:50.129" intervalms="147.183" type="nursery" />
<cycle-start id="103" type="scavenge" contextid="0" timestamp="2019-06-15T04:16:50.129" intervalms="147.190" />
<gc-start id="104" type="scavenge" contextid="103" timestamp="2019-06-15T04:16:50.129">
  <mem-info id="105" free="5502304" total="8388608" percent="65">
    <mem type="nursery" free="0" total="2097152" percent="0">
      <mem type="allocate" free="0" total="1310720" percent="0" />
      <mem type="survivor" free="0" total="786432" percent="0" />
    </mem>
    <mem type="tenure" free="5502304" total="6291456" percent="87">
      <mem type="soa" free="5187936" total="5977088" percent="86" />
      <mem type="loa" free="314368" total="314368" percent="100" />
    </mem>
    <remembered-set count="569" />
  </mem-info>
</gc-start>
<allocation-stats totalBytes="1113472" >
  <allocated-bytes non-tlh="62720" tlh="1050752" />
  <largest-consumer threadName="main" threadId="00000000018F3700" bytes="1109376" />
</allocation-stats>
<gc-op id="106" type="scavenge" timems="0.454" contextid="103" timestamp="2019-06-15T04:16:50.129">
  <scavenger-info tenureage="3" tenuremask="fff8" tiltratio="62" />
  <memory-copied type="nursery" objects="2271" bytes="290088" bytesdiscarded="70864" />
  <memory-copied type="tenure" objects="231" bytes="57800" bytesdiscarded="0" />
  <finalization candidates="2" enqueued="0" />
  <references type="soft" candidates="3" cleared="0" enqueued="0" dynamicThreshold="28" maxThreshold="32" />
  <references type="weak" candidates="32" cleared="31" enqueued="31" />
  <references type="phantom" candidates="6" cleared="0" enqueued="0" />
</gc-op>
<gc-end id="107" type="scavenge" contextid="103" durationms="0.646" usertimems="0.000" systemtimems="0.000" timestamp="2019-06-15T04:16:50.129" activeThreads="4">
  <mem-info id="108" free="6422800" total="8388608" percent="76">
    <mem type="nursery" free="1015232" total="2097152" percent="48">
      <mem type="allocate" free="1015232" total="1376256" percent="73" />
      <mem type="survivor" free="0" total="720896" percent="0" />
    </mem>
    <mem type="tenure" free="5407568" total="6291456" percent="85">
      <mem type="soa" free="5093200" total="5977088" percent="85" />
      <mem type="loa" free="314368" total="314368" percent="100" />
    </mem>
    <pending-finalizers system="0" default="0" reference="31" classloader="0" />
    <remembered-set count="549" />
  </mem-info>
</gc-end>
<cycle-end id="109" type="scavenge" contextid="103" timestamp="2019-06-15T04:16:50.130" />
  <attribute name="elasticGC enabled" value="1" />
  <attribute name= "numThreadsSpecified" value="4" />
  <attribute name="heapSize specified" value="8388608" />
  <attribute name="Current GC Util" value="9" />
  <attribute name= "Current Time Running" value="898" />
  <attribute name ="GC Interval" value="200" />
  <attribute name="ProportionalT" value="-5.500000" />
  <attribute name="ProportionalI" value="-5.500000" />
  <attribute name="ProportionalH" value="-5.500000" />
  <attribute name="Current Error" value="-11.000000" />
  <attribute name="IntegralT" value="-583.000000" />
  <attribute name="IntegralI" value="-583.000000" />
  <attribute name="IntegralH" value="-583.000000" />
  <attribute name="DerivativeT" value="-0.537736" />
  <attribute name="DerivativeI" value="-0.537736" />
  <attribute name="DerivativeH" value="-0.537736" />
  <attribute name="Loop Time for DT" value="53.000000" />
  <attribute name="Output H" value="2092630016"/>
  <attribute name="Output I" value="200"/>
  <attribute name="Output T" value="4"/>
  <attribute name="Target GC Util Change" value ="20.000000" />
  <attribute name="Current GC Util Change" value="9.000000"/>
  <attribute name="GC Util currently" value="9" />
  <attribute name="CPU Util currently" value="10" />
<allocation-satisfied id="110" threadId="00000000018F3700" bytesRequested="224" />
<af-end id="111" timestamp="2019-06-15T04:16:50.130" threadId="00000000018F4088" success="true" from="nursery"/>
<exclusive-end id="112" timestamp="2019-06-15T04:16:50.130" durationms="1.104" />

<exclusive-start id="113" timestamp="2019-06-15T04:16:50.183" intervalms="54.026">
  <response-info timems="0.026" idlems="0.026" threads="0" lastid="00000000018F3700" lastname="main" />
</exclusive-start>
<af-start id="114" threadId="00000000018F4088" totalBytesRequested="200" timestamp="2019-06-15T04:16:50.183" intervalms="54.018" type="nursery" />
<cycle-start id="115" type="scavenge" contextid="0" timestamp="2019-06-15T04:16:50.183" intervalms="54.017" />
<gc-start id="116" type="scavenge" contextid="115" timestamp="2019-06-15T04:16:50.183">
  <mem-info id="117" free="5374080" total="8388608" percent="64">
    <mem type="nursery" free="0" total="2097152" percent="0">
      <mem type="allocate" free="0" total="1376256" percent="0" />
      <mem type="survivor" free="0" total="720896" percent="0" />
    </mem>
    <mem type="tenure" free="5374080" total="6291456" percent="85">
      <mem type="soa" free="5059712" total="5977088" percent="84" />
      <mem type="loa" free="314368" total="314368" percent="100" />
    </mem>
    <remembered-set count="955" />
  </mem-info>
</gc-start>
<allocation-stats totalBytes="1046336" >
  <allocated-bytes non-tlh="33712" tlh="1012624" />
  <largest-consumer threadName="main" threadId="00000000018F3700" bytes="1046336" />
</allocation-stats>
<gc-op id="118" type="scavenge" timems="0.373" contextid="115" timestamp="2019-06-15T04:16:50.183">
  <scavenger-info tenureage="3" tenuremask="ffc8" tiltratio="65" />
  <memory-copied type="nursery" objects="2443" bytes="350336" bytesdiscarded="39056" />
  <references type="soft" candidates="3" cleared="0" enqueued="0" dynamicThreshold="28" maxThreshold="32" />
  <references type="weak" candidates="3" cleared="2" enqueued="2" />
  <references type="phantom" candidates="7" cleared="0" enqueued="0" />
</gc-op>
<gc-end id="119" type="scavenge" contextid="115" durationms="0.563" usertimems="4.000" systemtimems="0.000" timestamp="2019-06-15T04:16:50.183" activeThreads="4">
  <mem-info id="120" free="6557464" total="8388608" percent="78">
    <mem type="nursery" free="1183384" total="2097152" percent="56">
      <mem type="allocate" free="1183384" total="1572864" percent="75" />
      <mem type="survivor" free="0" total="524288" percent="0" />
    </mem>
    <mem type="tenure" free="5374080" total="6291456" percent="85">
      <mem type="soa" free="5059712" total="5977088" percent="84" />
      <mem type="loa" free="314368" total="314368" percent="100" />
    </mem>
    <pending-finalizers system="0" default="0" reference="2" classloader="0" />
    <remembered-set count="953" />
  </mem-info>
</gc-end>
<cycle-end id="121" type="scavenge" contextid="115" timestamp="2019-06-15T04:16:50.183" />
  <attribute name="elasticGC enabled" value="1" />
  <attribute name= "numThreadsSpecified" value="4" />
  <attribute name="heapSize specified" value="8388608" />
  <attribute name="Current GC Util" value="1" />
  <attribute name= "Current Time Running" value="952" />
  <attribute name ="GC Interval" value="200" />
  <attribute name="ProportionalT" value="-9.500000" />
  <attribute name="ProportionalI" value="-9.500000" />
  <attribute name="ProportionalH" value="-9.500000" />
  <attribute name="Current Error" value="-19.000000" />
  <attribute name="IntegralT" value="-1026.000000" />
  <attribute name="IntegralI" value="-1026.000000" />
  <attribute name="IntegralH" value="-1026.000000" />
  <attribute name="DerivativeT" value="-0.527778" />
  <attribute name="DerivativeI" value="-0.527778" />
  <attribute name="DerivativeH" value="-0.527778" />
  <attribute name="Loop Time for DT" value="54.000000" />
  <attribute name="Output H" value="2092630016"/>
  <attribute name="Output I" value="200"/>
  <attribute name="Output T" value="4"/>
  <attribute name="Target GC Util Change" value ="20.000000" />
  <attribute name="Current GC Util Change" value="1.000000"/>
  <attribute name="GC Util currently" value="1" />
  <attribute name="CPU Util currently" value="85392716821" />
<allocation-satisfied id="122" threadId="00000000018F3700" bytesRequested="200" />
<af-end id="123" timestamp="2019-06-15T04:16:50.184" threadId="00000000018F4088" success="true" from="nursery"/>
<exclusive-end id="124" timestamp="2019-06-15T04:16:50.184" durationms="1.009" />

<exclusive-start id="125" timestamp="2019-06-15T04:16:50.539" intervalms="356.114">
  <response-info timems="0.021" idlems="0.021" threads="0" lastid="00000000018F3700" lastname="main" />
</exclusive-start>
<af-start id="126" threadId="00000000018F4088" totalBytesRequested="40" timestamp="2019-06-15T04:16:50.539" intervalms="356.206" type="nursery" />
<cycle-start id="127" type="scavenge" contextid="0" timestamp="2019-06-15T04:16:50.539" intervalms="356.289" />
<gc-start id="128" type="scavenge" contextid="127" timestamp="2019-06-15T04:16:50.539">
  <mem-info id="129" free="5354912" total="8388608" percent="63">
    <mem type="nursery" free="0" total="2097152" percent="0">
      <mem type="allocate" free="0" total="1572864" percent="0" />
      <mem type="survivor" free="0" total="524288" percent="0" />
    </mem>
    <mem type="tenure" free="5354912" total="6291456" percent="85">
      <mem type="soa" free="5040544" total="5977088" percent="84" />
      <mem type="loa" free="314368" total="314368" percent="100" />
    </mem>
    <remembered-set count="1219" />
  </mem-info>
</gc-start>
<allocation-stats totalBytes="1202152" >
  <allocated-bytes non-tlh="19368" tlh="1182784" />
  <largest-consumer threadName="main" threadId="00000000018F3700" bytes="1202152" />
</allocation-stats>
<gc-op id="130" type="scavenge" timems="1.059" contextid="127" timestamp="2019-06-15T04:16:50.540">
  <scavenger-info tenureage="3" tenuremask="fff8" tiltratio="75" />
  <memory-copied type="nursery" objects="7733" bytes="524184" bytesdiscarded="16" />
  <memory-copied type="tenure" objects="5865" bytes="130488" bytesdiscarded="0" />
  <copy-failed type="nursery" objects="5865" bytes="130488" />
  <references type="soft" candidates="3" cleared="0" enqueued="0" dynamicThreshold="28" maxThreshold="32" />
  <references type="weak" candidates="8" cleared="7" enqueued="7" />
  <references type="phantom" candidates="8" cleared="2" enqueued="2" />
</gc-op>
<gc-end id="131" type="scavenge" contextid="127" durationms="1.490" usertimems="0.000" systemtimems="4.000" timestamp="2019-06-15T04:16:50.541" activeThreads="4">
  <mem-info id="132" free="5608096" total="8388608" percent="66">
    <mem type="nursery" free="524288" total="2097152" percent="25">
      <mem type="allocate" free="524288" total="1048576" percent="50" />
      <mem type="survivor" free="0" total="1048576" percent="0" />
    </mem>
    <mem type="tenure" free="5083808" total="6291456" percent="80">
      <mem type="soa" free="4769440" total="5977088" percent="79" />
      <mem type="loa" free="314368" total="314368" percent="100" />
    </mem>
    <pending-finalizers system="0" default="0" reference="9" classloader="0" />
    <remembered-set count="6734" />
  </mem-info>
</gc-end>
<cycle-end id="133" type="scavenge" contextid="127" timestamp="2019-06-15T04:16:50.541" />
  <attribute name="elasticGC enabled" value="1" />
  <attribute name= "numThreadsSpecified" value="4" />
  <attribute name="heapSize specified" value="8388608" />
  <attribute name="Current GC Util" value="0" />
  <attribute name= "Current Time Running" value="1309" />
  <attribute name ="GC Interval" value="200" />
  <attribute name="ProportionalT" value="-10.000000" />
  <attribute name="ProportionalI" value="-10.000000" />
  <attribute name="ProportionalH" value="-10.000000" />
  <attribute name="Current Error" value="-20.000000" />
  <attribute name="IntegralT" value="-7140.000000" />
  <attribute name="IntegralI" value="-7140.000000" />
  <attribute name="IntegralH" value="-7140.000000" />
  <attribute name="DerivativeT" value="-0.084034" />
  <attribute name="DerivativeI" value="-0.084034" />
  <attribute name="DerivativeH" value="-0.084034" />
  <attribute name="Loop Time for DT" value="357.000000" />
  <attribute name="Output H" value="2092630016"/>
  <attribute name="Output I" value="200"/>
  <attribute name="Output T" value="4"/>
  <attribute name="Target GC Util Change" value ="20.000000" />
  <attribute name="Current GC Util Change" value="0.000000"/>
  <attribute name="GC Util currently" value="0" />
  <attribute name="CPU Util currently" value="4" />
<allocation-satisfied id="134" threadId="00000000018F3700" bytesRequested="40" />
<af-end id="135" timestamp="2019-06-15T04:16:50.541" threadId="00000000018F4088" success="true" from="nursery"/>
<exclusive-end id="136" timestamp="2019-06-15T04:16:50.541" durationms="2.294" />

<exclusive-start id="137" timestamp="2019-06-15T04:16:50.557" intervalms="18.671">
  <response-info timems="0.048" idlems="0.048" threads="0" lastid="00000000018F3700" lastname="main" />
</exclusive-start>
<af-start id="138" threadId="00000000018F4088" totalBytesRequested="15368" timestamp="2019-06-15T04:16:50.557" intervalms="18.603" type="nursery" />
<cycle-start id="139" type="scavenge" contextid="0" timestamp="2019-06-15T04:16:50.558" intervalms="18.543" />
<gc-start id="140" type="scavenge" contextid="139" timestamp="2019-06-15T04:16:50.558">
  <mem-info id="141" free="5065080" total="8388608" percent="60">
    <mem type="nursery" free="0" total="2097152" percent="0">
      <mem type="allocate" free="0" total="1048576" percent="0" />
      <mem type="survivor" free="0" total="1048576" percent="0" />
    </mem>
    <mem type="tenure" free="5065080" total="6291456" percent="80">
      <mem type="soa" free="4750712" total="5977088" percent="79" />
      <mem type="loa" free="314368" total="314368" percent="100" />
    </mem>
    <remembered-set count="7108" />
  </mem-info>
</gc-start>
<allocation-stats totalBytes="516024" >
  <allocated-bytes non-tlh="18768" tlh="497256" />
  <largest-consumer threadName="main" threadId="00000000018F3700" bytes="516024" />
</allocation-stats>
<gc-op id="142" type="scavenge" timems="0.805" contextid="139" timestamp="2019-06-15T04:16:50.559">
  <scavenger-info tenureage="3" tenuremask="fff8" tiltratio="50" />
  <memory-copied type="nursery" objects="6594" bytes="321048" bytesdiscarded="172304" />
  <memory-copied type="tenure" objects="2121" bytes="285016" bytesdiscarded="16" />
  <references type="weak" candidates="1" cleared="0" enqueued="0" />
  <references type="phantom" candidates="1" cleared="0" enqueued="0" />
</gc-op>
<gc-end id="143" type="scavenge" contextid="139" durationms="1.106" usertimems="0.000" systemtimems="0.000" timestamp="2019-06-15T04:16:50.559" activeThreads="4">
  <mem-info id="144" free="5481448" total="8388608" percent="65">
    <mem type="nursery" free="620720" total="2097152" percent="29">
      <mem type="allocate" free="620720" total="1114112" percent="55" />
      <mem type="survivor" free="0" total="983040" percent="0" />
    </mem>
    <mem type="tenure" free="4860728" total="6291456" percent="77">
      <mem type="soa" free="4546360" total="5977088" percent="76" />
      <mem type="loa" free="314368" total="314368" percent="100" />
    </mem>
    <remembered-set count="6669" />
  </mem-info>
</gc-end>
<cycle-end id="145" type="scavenge" contextid="139" timestamp="2019-06-15T04:16:50.559" />
  <attribute name="elasticGC enabled" value="1" />
  <attribute name= "numThreadsSpecified" value="4" />
  <attribute name="heapSize specified" value="8388608" />
  <attribute name="Current GC Util" value="11" />
  <attribute name= "Current Time Running" value="1327" />
  <attribute name ="GC Interval" value="200" />
  <attribute name="ProportionalT" value="-4.500000" />
  <attribute name="ProportionalI" value="-4.500000" />
  <attribute name="ProportionalH" value="-4.500000" />
  <attribute name="Current Error" value="-9.000000" />
  <attribute name="IntegralT" value="-162.000000" />
  <attribute name="IntegralI" value="-162.000000" />
  <attribute name="IntegralH" value="-162.000000" />
  <attribute name="DerivativeT" value="-0.750000" />
  <attribute name="DerivativeI" value="-0.750000" />
  <attribute name="DerivativeH" value="-0.750000" />
  <attribute name="Loop Time for DT" value="18.000000" />
  <attribute name="Output H" value="2092630016"/>
  <attribute name="Output I" value="200"/>
  <attribute name="Output T" value="4"/>
  <attribute name="Target GC Util Change" value ="20.000000" />
  <attribute name="Current GC Util Change" value="11.000000"/>
  <attribute name="GC Util currently" value="11" />
  <attribute name="CPU Util currently" value="250710977015" />
<allocation-satisfied id="146" threadId="00000000018F3700" bytesRequested="15368" />
<af-end id="147" timestamp="2019-06-15T04:16:50.559" threadId="00000000018F4088" success="true" from="nursery"/>
<exclusive-end id="148" timestamp="2019-06-15T04:16:50.559" durationms="1.662" />

<exclusive-start id="149" timestamp="2019-06-15T04:16:50.656" intervalms="98.935">
  <response-info timems="0.067" idlems="0.067" threads="0" lastid="00000000018F3700" lastname="main" />
</exclusive-start>
<af-start id="150" threadId="00000000018F4088" totalBytesRequested="1032" timestamp="2019-06-15T04:16:50.656" intervalms="98.917" type="nursery" />
<cycle-start id="151" type="scavenge" contextid="0" timestamp="2019-06-15T04:16:50.656" intervalms="98.892" />
<gc-start id="152" type="scavenge" contextid="151" timestamp="2019-06-15T04:16:50.657">
  <mem-info id="153" free="4850392" total="8388608" percent="57">
    <mem type="nursery" free="0" total="2097152" percent="0">
      <mem type="allocate" free="0" total="1114112" percent="0" />
      <mem type="survivor" free="0" total="983040" percent="0" />
    </mem>
    <mem type="tenure" free="4850392" total="6291456" percent="77">
      <mem type="soa" free="4536024" total="5977088" percent="75" />
      <mem type="loa" free="314368" total="314368" percent="100" />
    </mem>
    <remembered-set count="6791" />
  </mem-info>
</gc-start>
<allocation-stats totalBytes="629384" >
  <allocated-bytes non-tlh="104784" tlh="524600" />
  <largest-consumer threadName="main" threadId="00000000018F3700" bytes="629384" />
</allocation-stats>
<gc-op id="154" type="scavenge" timems="0.774" contextid="151" timestamp="2019-06-15T04:16:50.657">
  <scavenger-info tenureage="2" tenuremask="ffec" tiltratio="53" />
  <memory-copied type="nursery" objects="1420" bytes="91616" bytesdiscarded="23608" />
  <memory-copied type="tenure" objects="5560" bytes="237208" bytesdiscarded="24" />
  <references type="weak" candidates="3" cleared="2" enqueued="2" />
  <references type="phantom" candidates="1" cleared="0" enqueued="0" />
</gc-op>
<gc-end id="155" type="scavenge" contextid="151" durationms="0.975" usertimems="0.000" systemtimems="0.000" timestamp="2019-06-15T04:16:50.658" activeThreads="4">
  <mem-info id="156" free="5647792" total="8388608" percent="67">
    <mem type="nursery" free="1129944" total="2097152" percent="53">
      <mem type="allocate" free="1129944" total="1245184" percent="90" />
      <mem type="survivor" free="0" total="851968" percent="0" />
    </mem>
    <mem type="tenure" free="4517848" total="6291456" percent="71">
      <mem type="soa" free="4203480" total="5977088" percent="70" />
      <mem type="loa" free="314368" total="314368" percent="100" />
    </mem>
    <pending-finalizers system="0" default="0" reference="2" classloader="0" />
    <remembered-set count="573" />
  </mem-info>
</gc-end>
<cycle-end id="157" type="scavenge" contextid="151" timestamp="2019-06-15T04:16:50.658" />
  <attribute name="elasticGC enabled" value="1" />
  <attribute name= "numThreadsSpecified" value="4" />
  <attribute name="heapSize specified" value="8388608" />
  <attribute name="Current GC Util" value="1" />
  <attribute name= "Current Time Running" value="1426" />
  <attribute name ="GC Interval" value="200" />
  <attribute name="ProportionalT" value="-9.500000" />
  <attribute name="ProportionalI" value="-9.500000" />
  <attribute name="ProportionalH" value="-9.500000" />
  <attribute name="Current Error" value="-19.000000" />
  <attribute name="IntegralT" value="-1881.000000" />
  <attribute name="IntegralI" value="-1881.000000" />
  <attribute name="IntegralH" value="-1881.000000" />
  <attribute name="DerivativeT" value="-0.287879" />
  <attribute name="DerivativeI" value="-0.287879" />
  <attribute name="DerivativeH" value="-0.287879" />
  <attribute name="Loop Time for DT" value="99.000000" />
  <attribute name="Output H" value="2092630016"/>
  <attribute name="Output I" value="200"/>
  <attribute name="Output T" value="4"/>
  <attribute name="Target GC Util Change" value ="20.000000" />
  <attribute name="Current GC Util Change" value="1.000000"/>
  <attribute name="GC Util currently" value="1" />
  <attribute name="CPU Util currently" value="46668836311" />
<allocation-satisfied id="158" threadId="00000000018F3700" bytesRequested="1032" />
<af-end id="159" timestamp="2019-06-15T04:16:50.658" threadId="00000000018F4088" success="true" from="nursery"/>
<exclusive-end id="160" timestamp="2019-06-15T04:16:50.658" durationms="1.420" />

<exclusive-start id="161" timestamp="2019-06-15T04:16:50.688" intervalms="32.040">
  <response-info timems="0.026" idlems="0.026" threads="0" lastid="00000000018F3700" lastname="main" />
</exclusive-start>
<af-start id="162" threadId="00000000018F4088" totalBytesRequested="21256" timestamp="2019-06-15T04:16:50.688" intervalms="32.039" type="nursery" />
<cycle-start id="163" type="scavenge" contextid="0" timestamp="2019-06-15T04:16:50.689" intervalms="32.038" />
<gc-start id="164" type="scavenge" contextid="163" timestamp="2019-06-15T04:16:50.689">
  <mem-info id="165" free="4492208" total="8388608" percent="53">
    <mem type="nursery" free="0" total="2097152" percent="0">
      <mem type="allocate" free="0" total="1245184" percent="0" />
      <mem type="survivor" free="0" total="851968" percent="0" />
    </mem>
    <mem type="tenure" free="4492208" total="6291456" percent="71">
      <mem type="soa" free="4177840" total="5977088" percent="69" />
      <mem type="loa" free="314368" total="314368" percent="100" />
    </mem>
    <remembered-set count="889" />
  </mem-info>
</gc-start>
<allocation-stats totalBytes="1128464" >
  <allocated-bytes non-tlh="26672" tlh="1101792" />
  <largest-consumer threadName="main" threadId="00000000018F3700" bytes="1128464" />
</allocation-stats>
<gc-op id="166" type="scavenge" timems="0.338" contextid="163" timestamp="2019-06-15T04:16:50.689">
  <scavenger-info tenureage="5" tenuremask="ffe0" tiltratio="59" />
  <memory-copied type="nursery" objects="3303" bytes="167272" bytesdiscarded="179872" />
</gc-op>
<gc-end id="167" type="scavenge" contextid="163" durationms="0.525" usertimems="0.000" systemtimems="0.000" timestamp="2019-06-15T04:16:50.689" activeThreads="4">
  <mem-info id="168" free="5455752" total="8388608" percent="65">
    <mem type="nursery" free="963544" total="2097152" percent="45">
      <mem type="allocate" free="963544" total="1310720" percent="73" />
      <mem type="survivor" free="0" total="786432" percent="0" />
    </mem>
    <mem type="tenure" free="4492208" total="6291456" percent="71">
      <mem type="soa" free="4177840" total="5977088" percent="69" />
      <mem type="loa" free="314368" total="314368" percent="100" />
    </mem>
    <remembered-set count="528" />
  </mem-info>
</gc-end>
<cycle-end id="169" type="scavenge" contextid="163" timestamp="2019-06-15T04:16:50.689" />
  <attribute name="elasticGC enabled" value="1" />
  <attribute name= "numThreadsSpecified" value="4" />
  <attribute name="heapSize specified" value="8388608" />
  <attribute name="Current GC Util" value="4" />
  <attribute name= "Current Time Running" value="1458" />
  <attribute name ="GC Interval" value="200" />
  <attribute name="ProportionalT" value="-8.000000" />
  <attribute name="ProportionalI" value="-8.000000" />
  <attribute name="ProportionalH" value="-8.000000" />
  <attribute name="Current Error" value="-16.000000" />
  <attribute name="IntegralT" value="-512.000000" />
  <attribute name="IntegralI" value="-512.000000" />
  <attribute name="IntegralH" value="-512.000000" />
  <attribute name="DerivativeT" value="-0.750000" />
  <attribute name="DerivativeI" value="-0.750000" />
  <attribute name="DerivativeH" value="-0.750000" />
  <attribute name="Loop Time for DT" value="32.000000" />
  <attribute name="Output H" value="2092630016"/>
  <attribute name="Output I" value="200"/>
  <attribute name="Output T" value="4"/>
  <attribute name="Target GC Util Change" value ="20.000000" />
  <attribute name="Current GC Util Change" value="4.000000"/>
  <attribute name="GC Util currently" value="4" />
  <attribute name="CPU Util currently" value="143949713369" />
<allocation-satisfied id="170" threadId="00000000018F3700" bytesRequested="21256" />
<af-end id="171" timestamp="2019-06-15T04:16:50.689" threadId="00000000018F4088" success="true" from="nursery"/>
<exclusive-end id="172" timestamp="2019-06-15T04:16:50.689" durationms="0.965" />

<exclusive-start id="173" timestamp="2019-06-15T04:16:50.717" intervalms="28.440">
  <response-info timems="0.155" idlems="0.087" threads="1" lastid="0000000001BC0100" lastname="node-5" />
</exclusive-start>
<af-start id="174" threadId="0000000001BB1688" totalBytesRequested="48" timestamp="2019-06-15T04:16:50.717" intervalms="28.434" type="nursery" />
<cycle-start id="175" type="scavenge" contextid="0" timestamp="2019-06-15T04:16:50.717" intervalms="28.434" />
<gc-start id="176" type="scavenge" contextid="175" timestamp="2019-06-15T04:16:50.717">
  <mem-info id="177" free="4490520" total="8388608" percent="53">
    <mem type="nursery" free="0" total="2097152" percent="0">
      <mem type="allocate" free="0" total="1310720" percent="0" />
      <mem type="survivor" free="0" total="786432" percent="0" />
    </mem>
    <mem type="tenure" free="4490520" total="6291456" percent="71">
      <mem type="soa" free="4176152" total="5977088" percent="69" />
      <mem type="loa" free="314368" total="314368" percent="100" />
    </mem>
    <remembered-set count="570" />
  </mem-info>
</gc-start>
<allocation-stats totalBytes="965048" >
  <allocated-bytes non-tlh="22944" tlh="942104" />
  <largest-consumer threadName="main" threadId="00000000018F3700" bytes="940072" />
</allocation-stats>
<gc-op id="178" type="scavenge" timems="0.798" contextid="175" timestamp="2019-06-15T04:16:50.718">
  <scavenger-info tenureage="4" tenuremask="fff0" tiltratio="62" />
  <memory-copied type="nursery" objects="12250" bytes="728384" bytesdiscarded="57936" />
  <memory-copied type="tenure" objects="200" bytes="3200" bytesdiscarded="0" />
  <copy-failed type="nursery" objects="200" bytes="3200" />
</gc-op>
<gc-end id="179" type="scavenge" contextid="175" durationms="0.993" usertimems="4.000" systemtimems="0.000" timestamp="2019-06-15T04:16:50.718" activeThreads="4">
  <mem-info id="180" free="4621336" total="8388608" percent="55">
    <mem type="nursery" free="262144" total="2097152" percent="12">
      <mem type="allocate" free="262144" total="1048576" percent="25" />
      <mem type="survivor" free="0" total="1048576" percent="0" />
    </mem>
    <mem type="tenure" free="4359192" total="6291456" percent="69">
      <mem type="soa" free="4044824" total="5977088" percent="67" />
      <mem type="loa" free="314368" total="314368" percent="100" />
    </mem>
    <remembered-set count="666" />
  </mem-info>
</gc-end>
<cycle-end id="181" type="scavenge" contextid="175" timestamp="2019-06-15T04:16:50.718" />
  <attribute name="elasticGC enabled" value="1" />
  <attribute name= "numThreadsSpecified" value="4" />
  <attribute name="heapSize specified" value="8388608" />
  <attribute name="Current GC Util" value="2" />
  <attribute name= "Current Time Running" value="1487" />
  <attribute name ="GC Interval" value="200" />
  <attribute name="ProportionalT" value="-9.000000" />
  <attribute name="ProportionalI" value="-9.000000" />
  <attribute name="ProportionalH" value="-9.000000" />
  <attribute name="Current Error" value="-18.000000" />
  <attribute name="IntegralT" value="-522.000000" />
  <attribute name="IntegralI" value="-522.000000" />
  <attribute name="IntegralH" value="-522.000000" />
  <attribute name="DerivativeT" value="-0.931034" />
  <attribute name="DerivativeI" value="-0.931034" />
  <attribute name="DerivativeH" value="-0.931034" />
  <attribute name="Loop Time for DT" value="29.000000" />
  <attribute name="Output H" value="2092630016"/>
  <attribute name="Output I" value="200"/>
  <attribute name="Output T" value="4"/>
  <attribute name="Target GC Util Change" value ="20.000000" />
  <attribute name="Current GC Util Change" value="2.000000"/>
  <attribute name="GC Util currently" value="2" />
  <attribute name="CPU Util currently" value="162219297644" />
<allocation-satisfied id="182" threadId="0000000001BB0D00" bytesRequested="48" />
<af-end id="183" timestamp="2019-06-15T04:16:50.718" threadId="0000000001BB1688" success="true" from="nursery"/>
<exclusive-end id="184" timestamp="2019-06-15T04:16:50.718" durationms="1.427" />

<exclusive-start id="185" timestamp="2019-06-15T04:16:50.949" intervalms="231.847">
  <response-info timems="0.030" idlems="0.030" threads="0" lastid="0000000001BAD100" lastname="node-0" />
</exclusive-start>
<af-start id="186" threadId="0000000001BADA88" totalBytesRequested="32" timestamp="2019-06-15T04:16:50.949" intervalms="231.931" type="nursery" />
<cycle-start id="187" type="scavenge" contextid="0" timestamp="2019-06-15T04:16:50.949" intervalms="231.969" />
<gc-start id="188" type="scavenge" contextid="187" timestamp="2019-06-15T04:16:50.949">
  <mem-info id="189" free="4358248" total="8388608" percent="51">
    <mem type="nursery" free="0" total="2097152" percent="0">
      <mem type="allocate" free="0" total="1048576" percent="0" />
      <mem type="survivor" free="0" total="1048576" percent="0" />
    </mem>
    <mem type="tenure" free="4358248" total="6291456" percent="69">
      <mem type="soa" free="4043880" total="5977088" percent="67" />
      <mem type="loa" free="314368" total="314368" percent="100" />
    </mem>
    <remembered-set count="686" />
  </mem-info>
</gc-start>
<allocation-stats totalBytes="262944" >
  <allocated-bytes non-tlh="992" tlh="261952" />
  <largest-consumer threadName="node-0" threadId="0000000001BAD100" bytes="115344" />
</allocation-stats>
<gc-op id="190" type="scavenge" timems="0.972" contextid="187" timestamp="2019-06-15T04:16:50.950">
  <scavenger-info tenureage="3" tenuremask="fff8" tiltratio="50" />
  <memory-copied type="nursery" objects="13644" bytes="705312" bytesdiscarded="175840" />
  <memory-copied type="tenure" objects="1229" bytes="85704" bytesdiscarded="0" />
  <references type="weak" candidates="2" cleared="2" enqueued="2" />
</gc-op>
<gc-end id="191" type="scavenge" contextid="187" durationms="1.377" usertimems="0.000" systemtimems="0.000" timestamp="2019-06-15T04:16:50.950" activeThreads="4">
  <mem-info id="192" free="4486408" total="8388608" percent="53">
    <mem type="nursery" free="167328" total="2097152" percent="7">
      <mem type="allocate" free="167328" total="1048576" percent="15" />
      <mem type="survivor" free="0" total="1048576" percent="0" />
    </mem>
    <mem type="tenure" free="4319080" total="6291456" percent="68">
      <mem type="soa" free="4004712" total="5977088" percent="67" />
      <mem type="loa" free="314368" total="314368" percent="100" />
    </mem>
    <pending-finalizers system="0" default="0" reference="2" classloader="0" />
    <remembered-set count="387" />
  </mem-info>
</gc-end>
<cycle-end id="193" type="scavenge" contextid="187" timestamp="2019-06-15T04:16:50.951" />
  <attribute name="elasticGC enabled" value="1" />
  <attribute name= "numThreadsSpecified" value="4" />
  <attribute name="heapSize specified" value="8388608" />
  <attribute name="Current GC Util" value="0" />
  <attribute name= "Current Time Running" value="1719" />
  <attribute name ="GC Interval" value="200" />
  <attribute name="ProportionalT" value="-10.000000" />
  <attribute name="ProportionalI" value="-10.000000" />
  <attribute name="ProportionalH" value="-10.000000" />
  <attribute name="Current Error" value="-20.000000" />
  <attribute name="IntegralT" value="-4640.000000" />
  <attribute name="IntegralI" value="-4640.000000" />
  <attribute name="IntegralH" value="-4640.000000" />
  <attribute name="DerivativeT" value="-0.129310" />
  <attribute name="DerivativeI" value="-0.129310" />
  <attribute name="DerivativeH" value="-0.129310" />
  <attribute name="Loop Time for DT" value="232.000000" />
  <attribute name="Output H" value="2092630016"/>
  <attribute name="Output I" value="200"/>
  <attribute name="Output T" value="4"/>
  <attribute name="Target GC Util Change" value ="20.000000" />
  <attribute name="Current GC Util Change" value="0.000000"/>
  <attribute name="GC Util currently" value="0" />
  <attribute name="CPU Util currently" value="39" />
<allocation-satisfied id="194" threadId="0000000001BAD100" bytesRequested="32" />
<af-end id="195" timestamp="2019-06-15T04:16:50.951" threadId="0000000001BADA88" success="true" from="nursery"/>
<exclusive-end id="196" timestamp="2019-06-15T04:16:50.951" durationms="2.049" />

<exclusive-start id="197" timestamp="2019-06-15T04:16:51.049" intervalms="100.741">
  <response-info timems="0.022" idlems="0.022" threads="0" lastid="0000000001BB0D00" lastname="node-1" />
</exclusive-start>
<af-start id="198" threadId="0000000001BB1688" totalBytesRequested="32" timestamp="2019-06-15T04:16:51.050" intervalms="100.713" type="nursery" />
<cycle-start id="199" type="scavenge" contextid="0" timestamp="2019-06-15T04:16:51.050" intervalms="100.726" />
<gc-start id="200" type="scavenge" contextid="199" timestamp="2019-06-15T04:16:51.050">
  <mem-info id="201" free="4319080" total="8388608" percent="51">
    <mem type="nursery" free="0" total="2097152" percent="0">
      <mem type="allocate" free="0" total="1048576" percent="0" />
      <mem type="survivor" free="0" total="1048576" percent="0" />
    </mem>
    <mem type="tenure" free="4319080" total="6291456" percent="68">
      <mem type="soa" free="4004712" total="5977088" percent="67" />
      <mem type="loa" free="314368" total="314368" percent="100" />
    </mem>
    <remembered-set count="387" />
  </mem-info>
</gc-start>
<allocation-stats totalBytes="167072" >
  <allocated-bytes non-tlh="32" tlh="167040" />
  <largest-consumer threadName="node-2" threadId="0000000001BA9500" bytes="49120" />
</allocation-stats>
<gc-op id="202" type="scavenge" timems="0.949" contextid="199" timestamp="2019-06-15T04:16:51.051">
  <scavenger-info tenureage="2" tenuremask="fffc" tiltratio="50" />
  <memory-copied type="nursery" objects="3948" bytes="95216" bytesdiscarded="184336" />
  <memory-copied type="tenure" objects="10988" bytes="640912" bytesdiscarded="448" />
</gc-op>
<gc-end id="203" type="scavenge" contextid="199" durationms="1.335" usertimems="0.000" systemtimems="0.000" timestamp="2019-06-15T04:16:51.051" activeThreads="4">
  <mem-info id="204" free="4472352" total="8388608" percent="53">
    <mem type="nursery" free="769024" total="2097152" percent="36">
      <mem type="allocate" free="769024" total="1048576" percent="73" />
      <mem type="survivor" free="0" total="1048576" percent="0" />
    </mem>
    <mem type="tenure" free="3703328" total="6291456" percent="58">
      <mem type="soa" free="3388960" total="5977088" percent="56" />
      <mem type="loa" free="314368" total="314368" percent="100" />
    </mem>
    <remembered-set count="171" />
  </mem-info>
</gc-end>
<cycle-end id="205" type="scavenge" contextid="199" timestamp="2019-06-15T04:16:51.051" />
  <attribute name="elasticGC enabled" value="1" />
  <attribute name= "numThreadsSpecified" value="4" />
  <attribute name="heapSize specified" value="8388608" />
  <attribute name="Current GC Util" value="1" />
  <attribute name= "Current Time Running" value="1819" />
  <attribute name ="GC Interval" value="200" />
  <attribute name="ProportionalT" value="-9.500000" />
  <attribute name="ProportionalI" value="-9.500000" />
  <attribute name="ProportionalH" value="-9.500000" />
  <attribute name="Current Error" value="-19.000000" />
  <attribute name="IntegralT" value="-1900.000000" />
  <attribute name="IntegralI" value="-1900.000000" />
  <attribute name="IntegralH" value="-1900.000000" />
  <attribute name="DerivativeT" value="-0.285000" />
  <attribute name="DerivativeI" value="-0.285000" />
  <attribute name="DerivativeH" value="-0.285000" />
  <attribute name="Loop Time for DT" value="100.000000" />
  <attribute name="Output H" value="2092630016"/>
  <attribute name="Output I" value="200"/>
  <attribute name="Output T" value="4"/>
  <attribute name="Target GC Util Change" value ="20.000000" />
  <attribute name="Current GC Util Change" value="1.000000"/>
  <attribute name="GC Util currently" value="1" />
  <attribute name="CPU Util currently" value="22" />
<allocation-satisfied id="206" threadId="0000000001BB0D00" bytesRequested="32" />
<af-end id="207" timestamp="2019-06-15T04:16:51.051" threadId="0000000001BB1688" success="true" from="nursery"/>
<exclusive-end id="208" timestamp="2019-06-15T04:16:51.052" durationms="2.122" />

<exclusive-start id="209" timestamp="2019-06-15T04:16:51.469" intervalms="419.695">
  <response-info timems="0.035" idlems="0.035" threads="0" lastid="0000000001BAD100" lastname="node-0" />
</exclusive-start>
<af-start id="210" threadId="0000000001BADA88" totalBytesRequested="32" timestamp="2019-06-15T04:16:51.469" intervalms="419.650" type="nursery" />
<cycle-start id="211" type="scavenge" contextid="0" timestamp="2019-06-15T04:16:51.469" intervalms="419.601" />
<gc-start id="212" type="scavenge" contextid="211" timestamp="2019-06-15T04:16:51.469">
  <mem-info id="213" free="3703328" total="8388608" percent="44">
    <mem type="nursery" free="0" total="2097152" percent="0">
      <mem type="allocate" free="0" total="1048576" percent="0" />
      <mem type="survivor" free="0" total="1048576" percent="0" />
    </mem>
    <mem type="tenure" free="3703328" total="6291456" percent="58">
      <mem type="soa" free="3388960" total="5977088" percent="56" />
      <mem type="loa" free="314368" total="314368" percent="100" />
    </mem>
    <remembered-set count="195" />
  </mem-info>
</gc-start>
<allocation-stats totalBytes="768336" >
  <allocated-bytes non-tlh="32" tlh="768304" />
  <largest-consumer threadName="node-4" threadId="0000000001BB4900" bytes="147440" />
</allocation-stats>
<gc-op id="214" type="scavenge" timems="0.585" contextid="211" timestamp="2019-06-15T04:16:51.470">
  <scavenger-info tenureage="5" tenuremask="ffe0" tiltratio="50" />
  <memory-copied type="nursery" objects="7385" bytes="178080" bytesdiscarded="56928" />
</gc-op>
<gc-end id="215" type="scavenge" contextid="211" durationms="0.952" usertimems="0.000" systemtimems="0.000" timestamp="2019-06-15T04:16:51.470" activeThreads="4">
  <mem-info id="216" free="4516896" total="8388608" percent="53">
    <mem type="nursery" free="813568" total="2097152" percent="38">
      <mem type="allocate" free="813568" total="1048576" percent="77" />
      <mem type="survivor" free="0" total="1048576" percent="0" />
    </mem>
    <mem type="tenure" free="3703328" total="6291456" percent="58">
      <mem type="soa" free="3388960" total="5977088" percent="56" />
      <mem type="loa" free="314368" total="314368" percent="100" />
    </mem>
    <remembered-set count="175" />
  </mem-info>
</gc-end>
<cycle-end id="217" type="scavenge" contextid="211" timestamp="2019-06-15T04:16:51.470" />
  <attribute name="elasticGC enabled" value="1" />
  <attribute name= "numThreadsSpecified" value="4" />
  <attribute name="heapSize specified" value="8388608" />
  <attribute name="Current GC Util" value="0" />
  <attribute name= "Current Time Running" value="2239" />
  <attribute name ="GC Interval" value="200" />
  <attribute name="ProportionalT" value="-10.000000" />
  <attribute name="ProportionalI" value="-10.000000" />
  <attribute name="ProportionalH" value="-10.000000" />
  <attribute name="Current Error" value="-20.000000" />
  <attribute name="IntegralT" value="-8400.000000" />
  <attribute name="IntegralI" value="-8400.000000" />
  <attribute name="IntegralH" value="-8400.000000" />
  <attribute name="DerivativeT" value="-0.071429" />
  <attribute name="DerivativeI" value="-0.071429" />
  <attribute name="DerivativeH" value="-0.071429" />
  <attribute name="Loop Time for DT" value="420.000000" />
  <attribute name="Output H" value="2092630016"/>
  <attribute name="Output I" value="200"/>
  <attribute name="Output T" value="4"/>
  <attribute name="Target GC Util Change" value ="20.000000" />
  <attribute name="Current GC Util Change" value="0.000000"/>
  <attribute name="GC Util currently" value="0" />
  <attribute name="CPU Util currently" value="10" />
<allocation-satisfied id="218" threadId="0000000001BAD100" bytesRequested="32" />
<af-end id="219" timestamp="2019-06-15T04:16:51.471" threadId="0000000001BADA88" success="true" from="nursery"/>
<exclusive-end id="220" timestamp="2019-06-15T04:16:51.471" durationms="1.563" />

<exclusive-start id="221" timestamp="2019-06-15T04:16:51.860" intervalms="391.344">
  <response-info timems="0.191" idlems="0.077" threads="2" lastid="0000000001BAD100" lastname="node-0" />
</exclusive-start>
<af-start id="222" threadId="0000000001BC0A88" totalBytesRequested="16" timestamp="2019-06-15T04:16:51.861" intervalms="391.343" type="nursery" />
<cycle-start id="223" type="scavenge" contextid="0" timestamp="2019-06-15T04:16:51.861" intervalms="391.345" />
<gc-start id="224" type="scavenge" contextid="223" timestamp="2019-06-15T04:16:51.861">
  <mem-info id="225" free="3703328" total="8388608" percent="44">
    <mem type="nursery" free="0" total="2097152" percent="0">
      <mem type="allocate" free="0" total="1048576" percent="0" />
      <mem type="survivor" free="0" total="1048576" percent="0" />
    </mem>
    <mem type="tenure" free="3703328" total="6291456" percent="58">
      <mem type="soa" free="3388960" total="5977088" percent="56" />
      <mem type="loa" free="314368" total="314368" percent="100" />
    </mem>
    <remembered-set count="182" />
  </mem-info>
</gc-start>
<allocation-stats totalBytes="812896" >
  <allocated-bytes non-tlh="32" tlh="812864" />
  <largest-consumer threadName="node-2" threadId="0000000001BA9500" bytes="143352" />
</allocation-stats>
<gc-op id="226" type="scavenge" timems="0.693" contextid="223" timestamp="2019-06-15T04:16:51.861">
  <scavenger-info tenureage="2" tenuremask="fff4" tiltratio="50" />
  <memory-copied type="nursery" objects="9144" bytes="221184" bytesdiscarded="52992" />
  <memory-copied type="tenure" objects="1304" bytes="31296" bytesdiscarded="0" />
</gc-op>
<gc-end id="227" type="scavenge" contextid="223" durationms="0.884" usertimems="0.000" systemtimems="0.000" timestamp="2019-06-15T04:16:51.862" activeThreads="4">
  <mem-info id="228" free="4569632" total="8388608" percent="54">
    <mem type="nursery" free="905472" total="2097152" percent="43">
      <mem type="allocate" free="905472" total="1179648" percent="76" />
      <mem type="survivor" free="0" total="917504" percent="0" />
    </mem>
    <mem type="tenure" free="3664160" total="6291456" percent="58">
      <mem type="soa" free="3349792" total="5977088" percent="56" />
      <mem type="loa" free="314368" total="314368" percent="100" />
    </mem>
    <remembered-set count="164" />
  </mem-info>
</gc-end>
<cycle-end id="229" type="scavenge" contextid="223" timestamp="2019-06-15T04:16:51.862" />
  <attribute name="elasticGC enabled" value="1" />
  <attribute name= "numThreadsSpecified" value="4" />
  <attribute name="heapSize specified" value="8388608" />
  <attribute name="Current GC Util" value="0" />
  <attribute name= "Current Time Running" value="2630" />
  <attribute name ="GC Interval" value="200" />
  <attribute name="ProportionalT" value="-10.000000" />
  <attribute name="ProportionalI" value="-10.000000" />
  <attribute name="ProportionalH" value="-10.000000" />
  <attribute name="Current Error" value="-20.000000" />
  <attribute name="IntegralT" value="-7820.000000" />
  <attribute name="IntegralI" value="-7820.000000" />
  <attribute name="IntegralH" value="-7820.000000" />
  <attribute name="DerivativeT" value="-0.076726" />
  <attribute name="DerivativeI" value="-0.076726" />
  <attribute name="DerivativeH" value="-0.076726" />
  <attribute name="Loop Time for DT" value="391.000000" />
  <attribute name="Output H" value="2092630016"/>
  <attribute name="Output I" value="200"/>
  <attribute name="Output T" value="4"/>
  <attribute name="Target GC Util Change" value ="20.000000" />
  <attribute name="Current GC Util Change" value="0.000000"/>
  <attribute name="GC Util currently" value="0" />
  <attribute name="CPU Util currently" value="13" />
<allocation-satisfied id="230" threadId="0000000001BC0100" bytesRequested="16" />
<af-end id="231" timestamp="2019-06-15T04:16:51.862" threadId="0000000001BC0A88" success="true" from="nursery"/>
<exclusive-end id="232" timestamp="2019-06-15T04:16:51.862" durationms="1.340" />

<exclusive-start id="233" timestamp="2019-06-15T04:16:52.293" intervalms="432.311">
  <response-info timems="0.033" idlems="0.033" threads="0" lastid="0000000001BB4900" lastname="node-4" />
</exclusive-start>
<af-start id="234" threadId="0000000001BB5288" totalBytesRequested="32" timestamp="2019-06-15T04:16:52.293" intervalms="432.308" type="nursery" />
<cycle-start id="235" type="scavenge" contextid="0" timestamp="2019-06-15T04:16:52.293" intervalms="432.304" />
<gc-start id="236" type="scavenge" contextid="235" timestamp="2019-06-15T04:16:52.293">
  <mem-info id="237" free="3664160" total="8388608" percent="43">
    <mem type="nursery" free="0" total="2097152" percent="0">
      <mem type="allocate" free="0" total="1179648" percent="0" />
      <mem type="survivor" free="0" total="917504" percent="0" />
    </mem>
    <mem type="tenure" free="3664160" total="6291456" percent="58">
      <mem type="soa" free="3349792" total="5977088" percent="56" />
      <mem type="loa" free="314368" total="314368" percent="100" />
    </mem>
    <remembered-set count="172" />
  </mem-info>
</gc-start>
<allocation-stats totalBytes="905016" >
  <allocated-bytes non-tlh="16" tlh="905000" />
  <largest-consumer threadName="node-2" threadId="0000000001BA9500" bytes="167864" />
</allocation-stats>
<gc-op id="238" type="scavenge" timems="0.795" contextid="235" timestamp="2019-06-15T04:16:52.294">
  <scavenger-info tenureage="4" tenuremask="fff0" tiltratio="56" />
  <memory-copied type="nursery" objects="9980" bytes="240008" bytesdiscarded="73336" />
  <memory-copied type="tenure" objects="2609" bytes="62976" bytesdiscarded="0" />
</gc-op>
<gc-end id="239" type="scavenge" contextid="235" durationms="1.134" usertimems="4.000" systemtimems="0.000" timestamp="2019-06-15T04:16:52.294" activeThreads="4">
  <mem-info id="240" free="4583200" total="8388608" percent="54">
    <mem type="nursery" free="997376" total="2097152" percent="47">
      <mem type="allocate" free="997376" total="1310720" percent="76" />
      <mem type="survivor" free="0" total="786432" percent="0" />
    </mem>
    <mem type="tenure" free="3585824" total="6291456" percent="56">
      <mem type="soa" free="3271456" total="5977088" percent="54" />
      <mem type="loa" free="314368" total="314368" percent="100" />
    </mem>
    <remembered-set count="150" />
  </mem-info>
</gc-end>
<cycle-end id="241" type="scavenge" contextid="235" timestamp="2019-06-15T04:16:52.294" />
  <attribute name="elasticGC enabled" value="1" />
  <attribute name= "numThreadsSpecified" value="4" />
  <attribute name="heapSize specified" value="8388608" />
  <attribute name="Current GC Util" value="0" />
  <attribute name= "Current Time Running" value="3062" />
  <attribute name ="GC Interval" value="200" />
  <attribute name="ProportionalT" value="-10.000000" />
  <attribute name="ProportionalI" value="-10.000000" />
  <attribute name="ProportionalH" value="-10.000000" />
  <attribute name="Current Error" value="-20.000000" />
  <attribute name="IntegralT" value="-8640.000000" />
  <attribute name="IntegralI" value="-8640.000000" />
  <attribute name="IntegralH" value="-8640.000000" />
  <attribute name="DerivativeT" value="-0.069444" />
  <attribute name="DerivativeI" value="-0.069444" />
  <attribute name="DerivativeH" value="-0.069444" />
  <attribute name="Loop Time for DT" value="432.000000" />
  <attribute name="Output H" value="2092630016"/>
  <attribute name="Output I" value="200"/>
  <attribute name="Output T" value="4"/>
  <attribute name="Target GC Util Change" value ="20.000000" />
  <attribute name="Current GC Util Change" value="0.000000"/>
  <attribute name="GC Util currently" value="0" />
  <attribute name="CPU Util currently" value="7" />
<allocation-satisfied id="242" threadId="0000000001BB4900" bytesRequested="32" />
<af-end id="243" timestamp="2019-06-15T04:16:52.294" threadId="0000000001BB5288" success="true" from="nursery"/>
<exclusive-end id="244" timestamp="2019-06-15T04:16:52.294" durationms="1.680" />

<exclusive-start id="245" timestamp="2019-06-15T04:16:52.766" intervalms="473.241">
  <response-info timems="0.042" idlems="0.042" threads="0" lastid="0000000001BAD100" lastname="node-0" />
</exclusive-start>
<af-start id="246" threadId="0000000001BADA88" totalBytesRequested="16" timestamp="2019-06-15T04:16:52.766" intervalms="473.239" type="nursery" />
<cycle-start id="247" type="scavenge" contextid="0" timestamp="2019-06-15T04:16:52.766" intervalms="473.237" />
<gc-start id="248" type="scavenge" contextid="247" timestamp="2019-06-15T04:16:52.766">
  <mem-info id="249" free="3585824" total="8388608" percent="42">
    <mem type="nursery" free="0" total="2097152" percent="0">
      <mem type="allocate" free="0" total="1310720" percent="0" />
      <mem type="survivor" free="0" total="786432" percent="0" />
    </mem>
    <mem type="tenure" free="3585824" total="6291456" percent="56">
      <mem type="soa" free="3271456" total="5977088" percent="54" />
      <mem type="loa" free="314368" total="314368" percent="100" />
    </mem>
    <remembered-set count="167" />
  </mem-info>
</gc-start>
<allocation-stats totalBytes="996416" >
  <allocated-bytes non-tlh="32" tlh="996384" />
  <largest-consumer threadName="node-4" threadId="0000000001BB4900" bytes="184272" />
</allocation-stats>
<gc-op id="250" type="scavenge" timems="0.859" contextid="247" timestamp="2019-06-15T04:16:52.767">
  <scavenger-info tenureage="3" tenuremask="fff8" tiltratio="62" />
  <memory-copied type="nursery" objects="10564" bytes="254512" bytesdiscarded="58832" />
  <memory-copied type="tenure" objects="3434" bytes="82408" bytesdiscarded="16" />
</gc-op>
<gc-end id="251" type="scavenge" contextid="247" durationms="1.025" usertimems="0.000" systemtimems="0.000" timestamp="2019-06-15T04:16:52.767" activeThreads="4">
  <mem-info id="252" free="4635936" total="8388608" percent="55">
    <mem type="nursery" free="1128448" total="2097152" percent="53">
      <mem type="allocate" free="1128448" total="1441792" percent="78" />
      <mem type="survivor" free="0" total="655360" percent="0" />
    </mem>
    <mem type="tenure" free="3507488" total="6291456" percent="55">
      <mem type="soa" free="3193120" total="5977088" percent="53" />
      <mem type="loa" free="314368" total="314368" percent="100" />
    </mem>
    <remembered-set count="136" />
  </mem-info>
</gc-end>
<cycle-end id="253" type="scavenge" contextid="247" timestamp="2019-06-15T04:16:52.767" />
  <attribute name="elasticGC enabled" value="1" />
  <attribute name= "numThreadsSpecified" value="4" />
  <attribute name="heapSize specified" value="8388608" />
  <attribute name="Current GC Util" value="0" />
  <attribute name= "Current Time Running" value="3536" />
  <attribute name ="GC Interval" value="200" />
  <attribute name="ProportionalT" value="-10.000000" />
  <attribute name="ProportionalI" value="-10.000000" />
  <attribute name="ProportionalH" value="-10.000000" />
  <attribute name="Current Error" value="-20.000000" />
  <attribute name="IntegralT" value="-9480.000000" />
  <attribute name="IntegralI" value="-9480.000000" />
  <attribute name="IntegralH" value="-9480.000000" />
  <attribute name="DerivativeT" value="-0.063291" />
  <attribute name="DerivativeI" value="-0.063291" />
  <attribute name="DerivativeH" value="-0.063291" />
  <attribute name="Loop Time for DT" value="474.000000" />
  <attribute name="Output H" value="2092630016"/>
  <attribute name="Output I" value="200"/>
  <attribute name="Output T" value="4"/>
  <attribute name="Target GC Util Change" value ="20.000000" />
  <attribute name="Current GC Util Change" value="0.000000"/>
  <attribute name="GC Util currently" value="0" />
  <attribute name="CPU Util currently" value="7" />
<allocation-satisfied id="254" threadId="0000000001BAD100" bytesRequested="16" />
<af-end id="255" timestamp="2019-06-15T04:16:52.768" threadId="0000000001BADA88" success="true" from="nursery"/>
<exclusive-end id="256" timestamp="2019-06-15T04:16:52.768" durationms="1.621" />

<exclusive-start id="257" timestamp="2019-06-15T04:16:53.266" intervalms="500.234">
  <response-info timems="0.030" idlems="0.030" threads="0" lastid="0000000001BBF500" lastname="node-3" />
</exclusive-start>
<af-start id="258" threadId="0000000001BBFE88" totalBytesRequested="376" timestamp="2019-06-15T04:16:53.266" intervalms="500.241" type="nursery" />
<cycle-start id="259" type="scavenge" contextid="0" timestamp="2019-06-15T04:16:53.266" intervalms="500.250" />
<gc-start id="260" type="scavenge" contextid="259" timestamp="2019-06-15T04:16:53.266">
  <mem-info id="261" free="3507488" total="8388608" percent="41">
    <mem type="nursery" free="0" total="2097152" percent="0">
      <mem type="allocate" free="0" total="1441792" percent="0" />
      <mem type="survivor" free="0" total="655360" percent="0" />
    </mem>
    <mem type="tenure" free="3507488" total="6291456" percent="55">
      <mem type="soa" free="3193120" total="5977088" percent="53" />
      <mem type="loa" free="314368" total="314368" percent="100" />
    </mem>
    <remembered-set count="150" />
  </mem-info>
</gc-start>
<allocation-stats totalBytes="1127464" >
  <allocated-bytes non-tlh="16" tlh="1127448" />
  <largest-consumer threadName="node-5" threadId="0000000001BC0100" bytes="208856" />
</allocation-stats>
<gc-op id="262" type="scavenge" timems="0.898" contextid="259" timestamp="2019-06-15T04:16:53.267">
  <scavenger-info tenureage="3" tenuremask="ffe8" tiltratio="68" />
  <memory-copied type="nursery" objects="11894" bytes="287808" bytesdiscarded="64704" />
  <memory-copied type="tenure" objects="3054" bytes="73296" bytesdiscarded="0" />
</gc-op>
<gc-end id="263" type="scavenge" contextid="259" durationms="1.269" usertimems="0.000" systemtimems="0.000" timestamp="2019-06-15T04:16:53.268" activeThreads="4">
  <mem-info id="264" free="4583968" total="8388608" percent="54">
    <mem type="nursery" free="1154816" total="2097152" percent="55">
      <mem type="allocate" free="1154816" total="1507328" percent="76" />
      <mem type="survivor" free="0" total="589824" percent="0" />
    </mem>
    <mem type="tenure" free="3429152" total="6291456" percent="54">
      <mem type="soa" free="3114784" total="5977088" percent="52" />
      <mem type="loa" free="314368" total="314368" percent="100" />
    </mem>
    <remembered-set count="127" />
  </mem-info>
</gc-end>
<cycle-end id="265" type="scavenge" contextid="259" timestamp="2019-06-15T04:16:53.268" />
  <attribute name="elasticGC enabled" value="1" />
  <attribute name= "numThreadsSpecified" value="4" />
  <attribute name="heapSize specified" value="8388608" />
  <attribute name="Current GC Util" value="0" />
  <attribute name= "Current Time Running" value="4036" />
  <attribute name ="GC Interval" value="200" />
  <attribute name="ProportionalT" value="-10.000000" />
  <attribute name="ProportionalI" value="-10.000000" />
  <attribute name="ProportionalH" value="-10.000000" />
  <attribute name="Current Error" value="-20.000000" />
  <attribute name="IntegralT" value="-10000.000000" />
  <attribute name="IntegralI" value="-10000.000000" />
  <attribute name="IntegralH" value="-10000.000000" />
  <attribute name="DerivativeT" value="-0.060000" />
  <attribute name="DerivativeI" value="-0.060000" />
  <attribute name="DerivativeH" value="-0.060000" />
  <attribute name="Loop Time for DT" value="500.000000" />
  <attribute name="Output H" value="2092630016"/>
  <attribute name="Output I" value="200"/>
  <attribute name="Output T" value="4"/>
  <attribute name="Target GC Util Change" value ="20.000000" />
  <attribute name="Current GC Util Change" value="0.000000"/>
  <attribute name="GC Util currently" value="0" />
  <attribute name="CPU Util currently" value="5" />
<allocation-satisfied id="266" threadId="0000000001BBF500" bytesRequested="376" />
<af-end id="267" timestamp="2019-06-15T04:16:53.268" threadId="0000000001BBFE88" success="true" from="nursery"/>
<exclusive-end id="268" timestamp="2019-06-15T04:16:53.268" durationms="2.201" />

<exclusive-start id="269" timestamp="2019-06-15T04:16:53.803" intervalms="536.424">
  <response-info timems="0.032" idlems="0.032" threads="0" lastid="0000000001BB0D00" lastname="node-1" />
</exclusive-start>
<af-start id="270" threadId="0000000001BB1688" totalBytesRequested="32" timestamp="2019-06-15T04:16:53.803" intervalms="536.420" type="nursery" />
<cycle-start id="271" type="scavenge" contextid="0" timestamp="2019-06-15T04:16:53.803" intervalms="536.411" />
<gc-start id="272" type="scavenge" contextid="271" timestamp="2019-06-15T04:16:53.803">
  <mem-info id="273" free="3429152" total="8388608" percent="40">
    <mem type="nursery" free="0" total="2097152" percent="0">
      <mem type="allocate" free="0" total="1507328" percent="0" />
      <mem type="survivor" free="0" total="589824" percent="0" />
    </mem>
    <mem type="tenure" free="3429152" total="6291456" percent="54">
      <mem type="soa" free="3114784" total="5977088" percent="52" />
      <mem type="loa" free="314368" total="314368" percent="100" />
    </mem>
    <remembered-set count="146" />
  </mem-info>
</gc-start>
<allocation-stats totalBytes="1154104" >
  <allocated-bytes non-tlh="376" tlh="1153728" />
  <largest-consumer threadName="node-5" threadId="0000000001BC0100" bytes="208872" />
</allocation-stats>
<gc-op id="274" type="scavenge" timems="1.157" contextid="271" timestamp="2019-06-15T04:16:53.804">
  <scavenger-info tenureage="3" tenuremask="ffe8" tiltratio="71" />
  <memory-copied type="nursery" objects="12860" bytes="308400" bytesdiscarded="44112" />
  <memory-copied type="tenure" objects="3449" bytes="82776" bytesdiscarded="16" />
</gc-op>
<gc-end id="275" type="scavenge" contextid="271" durationms="1.517" usertimems="0.000" systemtimems="4.000" timestamp="2019-06-15T04:16:53.804" activeThreads="4">
  <mem-info id="276" free="4505632" total="8388608" percent="53">
    <mem type="nursery" free="1154816" total="2097152" percent="55">
      <mem type="allocate" free="1154816" total="1507328" percent="76" />
      <mem type="survivor" free="0" total="589824" percent="0" />
    </mem>
    <mem type="tenure" free="3350816" total="6291456" percent="53">
      <mem type="soa" free="3036448" total="5977088" percent="50" />
      <mem type="loa" free="314368" total="314368" percent="100" />
    </mem>
    <remembered-set count="124" />
  </mem-info>
</gc-end>
<cycle-end id="277" type="scavenge" contextid="271" timestamp="2019-06-15T04:16:53.804" />
  <attribute name="elasticGC enabled" value="1" />
  <attribute name= "numThreadsSpecified" value="4" />
  <attribute name="heapSize specified" value="8388608" />
  <attribute name="Current GC Util" value="0" />
  <attribute name= "Current Time Running" value="4572" />
  <attribute name ="GC Interval" value="200" />
  <attribute name="ProportionalT" value="-10.000000" />
  <attribute name="ProportionalI" value="-10.000000" />
  <attribute name="ProportionalH" value="-10.000000" />
  <attribute name="Current Error" value="-20.000000" />
  <attribute name="IntegralT" value="-10720.000000" />
  <attribute name="IntegralI" value="-10720.000000" />
  <attribute name="IntegralH" value="-10720.000000" />
  <attribute name="DerivativeT" value="-0.055970" />
  <attribute name="DerivativeI" value="-0.055970" />
  <attribute name="DerivativeH" value="-0.055970" />
  <attribute name="Loop Time for DT" value="536.000000" />
  <attribute name="Output H" value="2092630016"/>
  <attribute name="Output I" value="200"/>
  <attribute name="Output T" value="4"/>
  <attribute name="Target GC Util Change" value ="20.000000" />
  <attribute name="Current GC Util Change" value="0.000000"/>
  <attribute name="GC Util currently" value="0" />
  <attribute name="CPU Util currently" value="2" />
<allocation-satisfied id="278" threadId="0000000001BB0D00" bytesRequested="32" />
<af-end id="279" timestamp="2019-06-15T04:16:53.805" threadId="0000000001BB1688" success="true" from="nursery"/>
<exclusive-end id="280" timestamp="2019-06-15T04:16:53.805" durationms="2.254" />

<exclusive-start id="281" timestamp="2019-06-15T04:16:54.299" intervalms="496.526">
  <response-info timems="0.026" idlems="0.026" threads="0" lastid="0000000001BB0D00" lastname="node-1" />
</exclusive-start>
<af-start id="282" threadId="0000000001BB1688" totalBytesRequested="32" timestamp="2019-06-15T04:16:54.299" intervalms="496.515" type="nursery" />
<cycle-start id="283" type="scavenge" contextid="0" timestamp="2019-06-15T04:16:54.299" intervalms="496.510" />
<gc-start id="284" type="scavenge" contextid="283" timestamp="2019-06-15T04:16:54.299">
  <mem-info id="285" free="3350816" total="8388608" percent="39">
    <mem type="nursery" free="0" total="2097152" percent="0">
      <mem type="allocate" free="0" total="1507328" percent="0" />
      <mem type="survivor" free="0" total="589824" percent="0" />
    </mem>
    <mem type="tenure" free="3350816" total="6291456" percent="53">
      <mem type="soa" free="3036448" total="5977088" percent="50" />
      <mem type="loa" free="314368" total="314368" percent="100" />
    </mem>
    <remembered-set count="147" />
  </mem-info>
</gc-start>
<allocation-stats totalBytes="1153448" >
  <allocated-bytes non-tlh="32" tlh="1153416" />
  <largest-consumer threadName="node-5" threadId="0000000001BC0100" bytes="208848" />
</allocation-stats>
<gc-op id="286" type="scavenge" timems="2.587" contextid="283" timestamp="2019-06-15T04:16:54.302">
  <scavenger-info tenureage="3" tenuremask="7fe8" tiltratio="71" />
  <memory-copied type="nursery" objects="13225" bytes="317888" bytesdiscarded="62272" />
  <memory-copied type="tenure" objects="4017" bytes="96408" bytesdiscarded="0" />
</gc-op>
<gc-end id="287" type="scavenge" contextid="283" durationms="2.742" usertimems="0.000" systemtimems="4.000" timestamp="2019-06-15T04:16:54.302" activeThreads="4">
  <mem-info id="288" free="4504352" total="8388608" percent="53">
    <mem type="nursery" free="1192704" total="2097152" percent="56">
      <mem type="allocate" free="1192704" total="1572864" percent="75" />
      <mem type="survivor" free="0" total="524288" percent="0" />
    </mem>
    <mem type="tenure" free="3311648" total="6291456" percent="52">
      <mem type="soa" free="2997280" total="5977088" percent="50" />
      <mem type="loa" free="314368" total="314368" percent="100" />
    </mem>
    <remembered-set count="128" />
  </mem-info>
</gc-end>
<cycle-end id="289" type="scavenge" contextid="283" timestamp="2019-06-15T04:16:54.302" />
  <attribute name="elasticGC enabled" value="1" />
  <attribute name= "numThreadsSpecified" value="4" />
  <attribute name="heapSize specified" value="8388608" />
  <attribute name="Current GC Util" value="0" />
  <attribute name= "Current Time Running" value="5069" />
  <attribute name ="GC Interval" value="200" />
  <attribute name="ProportionalT" value="-10.000000" />
  <attribute name="ProportionalI" value="-10.000000" />
  <attribute name="ProportionalH" value="-10.000000" />
  <attribute name="Current Error" value="-20.000000" />
  <attribute name="IntegralT" value="-9940.000000" />
  <attribute name="IntegralI" value="-9940.000000" />
  <attribute name="IntegralH" value="-9940.000000" />
  <attribute name="DerivativeT" value="-0.060362" />
  <attribute name="DerivativeI" value="-0.060362" />
  <attribute name="DerivativeH" value="-0.060362" />
  <attribute name="Loop Time for DT" value="497.000000" />
  <attribute name="Output H" value="2092630016"/>
  <attribute name="Output I" value="200"/>
  <attribute name="Output T" value="4"/>
  <attribute name="Target GC Util Change" value ="20.000000" />
  <attribute name="Current GC Util Change" value="0.000000"/>
  <attribute name="GC Util currently" value="0" />
  <attribute name="CPU Util currently" value="2" />
<allocation-satisfied id="290" threadId="0000000001BB0D00" bytesRequested="32" />
<af-end id="291" timestamp="2019-06-15T04:16:54.302" threadId="0000000001BB1688" success="true" from="nursery"/>
<exclusive-end id="292" timestamp="2019-06-15T04:16:54.302" durationms="3.115" />

<exclusive-start id="293" timestamp="2019-06-15T04:16:54.814" intervalms="514.736">
  <response-info timems="0.174" idlems="0.056" threads="4" lastid="0000000001BB4900" lastname="node-4" />
</exclusive-start>
<af-start id="294" threadId="0000000001BB1688" totalBytesRequested="16" timestamp="2019-06-15T04:16:54.814" intervalms="514.803" type="nursery" />
<cycle-start id="295" type="scavenge" contextid="0" timestamp="2019-06-15T04:16:54.814" intervalms="514.863" />
<gc-start id="296" type="scavenge" contextid="295" timestamp="2019-06-15T04:16:54.814">
  <mem-info id="297" free="3311648" total="8388608" percent="39">
    <mem type="nursery" free="0" total="2097152" percent="0">
      <mem type="allocate" free="0" total="1572864" percent="0" />
      <mem type="survivor" free="0" total="524288" percent="0" />
    </mem>
    <mem type="tenure" free="3311648" total="6291456" percent="52">
      <mem type="soa" free="2997280" total="5977088" percent="50" />
      <mem type="loa" free="314368" total="314368" percent="100" />
    </mem>
    <remembered-set count="145" />
  </mem-info>
</gc-start>
<allocation-stats totalBytes="1191720" >
  <allocated-bytes non-tlh="32" tlh="1191688" />
  <largest-consumer threadName="node-5" threadId="0000000001BC0100" bytes="208832" />
</allocation-stats>
<gc-op id="298" type="scavenge" timems="1.156" contextid="295" timestamp="2019-06-15T04:16:54.816">
  <scavenger-info tenureage="2" tenuremask="ffec" tiltratio="75" />
  <memory-copied type="nursery" objects="8945" bytes="216184" bytesdiscarded="57992" />
  <memory-copied type="tenure" objects="8813" bytes="211512" bytesdiscarded="0" />
</gc-op>
<gc-end id="299" type="scavenge" contextid="295" durationms="1.519" usertimems="0.000" systemtimems="0.000" timestamp="2019-06-15T04:16:54.816" activeThreads="4">
  <mem-info id="300" free="4375328" total="8388608" percent="52">
    <mem type="nursery" free="1298688" total="2097152" percent="61">
      <mem type="allocate" free="1298688" total="1572864" percent="82" />
      <mem type="survivor" free="0" total="524288" percent="0" />
    </mem>
    <mem type="tenure" free="3076640" total="6291456" percent="48">
      <mem type="soa" free="2762272" total="5977088" percent="46" />
      <mem type="loa" free="314368" total="314368" percent="100" />
    </mem>
    <remembered-set count="128" />
  </mem-info>
</gc-end>
<cycle-end id="301" type="scavenge" contextid="295" timestamp="2019-06-15T04:16:54.816" />
  <attribute name="elasticGC enabled" value="1" />
  <attribute name= "numThreadsSpecified" value="4" />
  <attribute name="heapSize specified" value="8388608" />
  <attribute name="Current GC Util" value="0" />
  <attribute name= "Current Time Running" value="5584" />
  <attribute name ="GC Interval" value="200" />
  <attribute name="ProportionalT" value="-10.000000" />
  <attribute name="ProportionalI" value="-10.000000" />
  <attribute name="ProportionalH" value="-10.000000" />
  <attribute name="Current Error" value="-20.000000" />
  <attribute name="IntegralT" value="-10300.000000" />
  <attribute name="IntegralI" value="-10300.000000" />
  <attribute name="IntegralH" value="-10300.000000" />
  <attribute name="DerivativeT" value="-0.058252" />
  <attribute name="DerivativeI" value="-0.058252" />
  <attribute name="DerivativeH" value="-0.058252" />
  <attribute name="Loop Time for DT" value="515.000000" />
  <attribute name="Output H" value="2092630016"/>
  <attribute name="Output I" value="200"/>
  <attribute name="Output T" value="4"/>
  <attribute name="Target GC Util Change" value ="20.000000" />
  <attribute name="Current GC Util Change" value="0.000000"/>
  <attribute name="GC Util currently" value="0" />
  <attribute name="CPU Util currently" value="3" />
<allocation-satisfied id="302" threadId="0000000001BB0D00" bytesRequested="16" />
<af-end id="303" timestamp="2019-06-15T04:16:54.816" threadId="0000000001BB1688" success="true" from="nursery"/>
<exclusive-end id="304" timestamp="2019-06-15T04:16:54.816" durationms="2.550" />

<exclusive-start id="305" timestamp="2019-06-15T04:16:55.389" intervalms="574.950">
  <response-info timems="0.180" idlems="0.098" threads="1" lastid="0000000001BA9500" lastname="node-2" />
</exclusive-start>
<af-start id="306" threadId="0000000001BADA88" totalBytesRequested="368" timestamp="2019-06-15T04:16:55.389" intervalms="574.892" type="nursery" />
<cycle-start id="307" type="scavenge" contextid="0" timestamp="2019-06-15T04:16:55.389" intervalms="574.829" />
<gc-start id="308" type="scavenge" contextid="307" timestamp="2019-06-15T04:16:55.389">
  <mem-info id="309" free="3076640" total="8388608" percent="36">
    <mem type="nursery" free="0" total="2097152" percent="0">
      <mem type="allocate" free="0" total="1572864" percent="0" />
      <mem type="survivor" free="0" total="524288" percent="0" />
    </mem>
    <mem type="tenure" free="3076640" total="6291456" percent="48">
      <mem type="soa" free="2762272" total="5977088" percent="46" />
      <mem type="loa" free="314368" total="314368" percent="100" />
    </mem>
    <remembered-set count="145" />
  </mem-info>
</gc-start>
<allocation-stats totalBytes="1297952" >
  <allocated-bytes non-tlh="16" tlh="1297936" />
  <largest-consumer threadName="node-5" threadId="0000000001BC0100" bytes="233408" />
</allocation-stats>
<gc-op id="310" type="scavenge" timems="2.434" contextid="307" timestamp="2019-06-15T04:16:55.392">
  <scavenger-info tenureage="5" tenuremask="ffe0" tiltratio="75" />
  <memory-copied type="nursery" objects="14500" bytes="350552" bytesdiscarded="68776" />
</gc-op>
<gc-end id="311" type="scavenge" contextid="307" durationms="2.620" usertimems="4.000" systemtimems="0.000" timestamp="2019-06-15T04:16:55.392" activeThreads="4">
  <mem-info id="312" free="4230176" total="8388608" percent="50">
    <mem type="nursery" free="1153536" total="2097152" percent="55">
      <mem type="allocate" free="1153536" total="1572864" percent="73" />
      <mem type="survivor" free="0" total="524288" percent="0" />
    </mem>
    <mem type="tenure" free="3076640" total="6291456" percent="48">
      <mem type="soa" free="2762272" total="5977088" percent="46" />
      <mem type="loa" free="314368" total="314368" percent="100" />
    </mem>
    <remembered-set count="127" />
  </mem-info>
</gc-end>
<cycle-end id="313" type="scavenge" contextid="307" timestamp="2019-06-15T04:16:55.392" />
  <attribute name="elasticGC enabled" value="1" />
  <attribute name= "numThreadsSpecified" value="4" />
  <attribute name="heapSize specified" value="8388608" />
  <attribute name="Current GC Util" value="0" />
  <attribute name= "Current Time Running" value="6159" />
  <attribute name ="GC Interval" value="200" />
  <attribute name="ProportionalT" value="-10.000000" />
  <attribute name="ProportionalI" value="-10.000000" />
  <attribute name="ProportionalH" value="-10.000000" />
  <attribute name="Current Error" value="-20.000000" />
  <attribute name="IntegralT" value="-11500.000000" />
  <attribute name="IntegralI" value="-11500.000000" />
  <attribute name="IntegralH" value="-11500.000000" />
  <attribute name="DerivativeT" value="-0.052174" />
  <attribute name="DerivativeI" value="-0.052174" />
  <attribute name="DerivativeH" value="-0.052174" />
  <attribute name="Loop Time for DT" value="575.000000" />
  <attribute name="Output H" value="2092630016"/>
  <attribute name="Output I" value="200"/>
  <attribute name="Output T" value="4"/>
  <attribute name="Target GC Util Change" value ="20.000000" />
  <attribute name="Current GC Util Change" value="0.000000"/>
  <attribute name="GC Util currently" value="0" />
  <attribute name="CPU Util currently" value="6" />
<allocation-satisfied id="314" threadId="0000000001BAD100" bytesRequested="368" />
<af-end id="315" timestamp="2019-06-15T04:16:55.392" threadId="0000000001BADA88" success="true" from="nursery"/>
<exclusive-end id="316" timestamp="2019-06-15T04:16:55.392" durationms="3.077" />

<exclusive-start id="317" timestamp="2019-06-15T04:16:55.895" intervalms="506.520">
  <response-info timems="0.198" idlems="0.198" threads="0" lastid="0000000001BBF500" lastname="node-3" />
</exclusive-start>
<af-start id="318" threadId="0000000001BBFE88" totalBytesRequested="24" timestamp="2019-06-15T04:16:55.895" intervalms="506.526" type="nursery" />
<cycle-start id="319" type="scavenge" contextid="0" timestamp="2019-06-15T04:16:55.896" intervalms="506.534" />
<gc-start id="320" type="scavenge" contextid="319" timestamp="2019-06-15T04:16:55.896">
  <mem-info id="321" free="3076640" total="8388608" percent="36">
    <mem type="nursery" free="0" total="2097152" percent="0">
      <mem type="allocate" free="0" total="1572864" percent="0" />
      <mem type="survivor" free="0" total="524288" percent="0" />
    </mem>
    <mem type="tenure" free="3076640" total="6291456" percent="48">
      <mem type="soa" free="2762272" total="5977088" percent="46" />
      <mem type="loa" free="314368" total="314368" percent="100" />
    </mem>
    <remembered-set count="145" />
  </mem-info>
</gc-start>
<allocation-stats totalBytes="1153240" >
  <allocated-bytes non-tlh="368" tlh="1152872" />
  <largest-consumer threadName="node-0" threadId="0000000001BAD100" bytes="209160" />
</allocation-stats>
<gc-op id="322" type="scavenge" timems="1.080" contextid="319" timestamp="2019-06-15T04:16:55.897">
  <scavenger-info tenureage="3" tenuremask="fff8" tiltratio="75" />
  <memory-copied type="nursery" objects="14521" bytes="349000" bytesdiscarded="42680" />
  <memory-copied type="tenure" objects="4372" bytes="104928" bytesdiscarded="0" />
</gc-op>
<gc-end id="323" type="scavenge" contextid="319" durationms="1.420" usertimems="4.000" systemtimems="0.000" timestamp="2019-06-15T04:16:55.897" activeThreads="4">
  <mem-info id="324" free="4205856" total="8388608" percent="50">
    <mem type="nursery" free="1246720" total="2097152" percent="59">
      <mem type="allocate" free="1246720" total="1638400" percent="76" />
      <mem type="survivor" free="0" total="458752" percent="0" />
    </mem>
    <mem type="tenure" free="2959136" total="6291456" percent="47">
      <mem type="soa" free="2644768" total="5977088" percent="44" />
      <mem type="loa" free="314368" total="314368" percent="100" />
    </mem>
    <remembered-set count="130" />
  </mem-info>
</gc-end>
<cycle-end id="325" type="scavenge" contextid="319" timestamp="2019-06-15T04:16:55.897" />
  <attribute name="elasticGC enabled" value="1" />
  <attribute name= "numThreadsSpecified" value="4" />
  <attribute name="heapSize specified" value="8388608" />
  <attribute name="Current GC Util" value="0" />
  <attribute name= "Current Time Running" value="6665" />
  <attribute name ="GC Interval" value="200" />
  <attribute name="ProportionalT" value="-10.000000" />
  <attribute name="ProportionalI" value="-10.000000" />
  <attribute name="ProportionalH" value="-10.000000" />
  <attribute name="Current Error" value="-20.000000" />
  <attribute name="IntegralT" value="-10120.000000" />
  <attribute name="IntegralI" value="-10120.000000" />
  <attribute name="IntegralH" value="-10120.000000" />
  <attribute name="DerivativeT" value="-0.059289" />
  <attribute name="DerivativeI" value="-0.059289" />
  <attribute name="DerivativeH" value="-0.059289" />
  <attribute name="Loop Time for DT" value="506.000000" />
  <attribute name="Output H" value="2092630016"/>
  <attribute name="Output I" value="200"/>
  <attribute name="Output T" value="4"/>
  <attribute name="Target GC Util Change" value ="20.000000" />
  <attribute name="Current GC Util Change" value="0.000000"/>
  <attribute name="GC Util currently" value="0" />
  <attribute name="CPU Util currently" value="2" />
<allocation-satisfied id="326" threadId="0000000001BBF500" bytesRequested="24" />
<af-end id="327" timestamp="2019-06-15T04:16:55.897" threadId="0000000001BBFE88" success="true" from="nursery"/>
<exclusive-end id="328" timestamp="2019-06-15T04:16:55.897" durationms="2.073" />

<exclusive-start id="329" timestamp="2019-06-15T04:16:56.487" intervalms="591.516">
  <response-info timems="0.025" idlems="0.025" threads="0" lastid="0000000001BA9500" lastname="node-2" />
</exclusive-start>
<af-start id="330" threadId="0000000001BA9E88" totalBytesRequested="32" timestamp="2019-06-15T04:16:56.487" intervalms="591.507" type="nursery" />
<cycle-start id="331" type="scavenge" contextid="0" timestamp="2019-06-15T04:16:56.487" intervalms="591.506" />
<gc-start id="332" type="scavenge" contextid="331" timestamp="2019-06-15T04:16:56.487">
  <mem-info id="333" free="2959136" total="8388608" percent="35">
    <mem type="nursery" free="0" total="2097152" percent="0">
      <mem type="allocate" free="0" total="1638400" percent="0" />
      <mem type="survivor" free="0" total="458752" percent="0" />
    </mem>
    <mem type="tenure" free="2959136" total="6291456" percent="47">
      <mem type="soa" free="2644768" total="5977088" percent="44" />
      <mem type="loa" free="314368" total="314368" percent="100" />
    </mem>
    <remembered-set count="147" />
  </mem-info>
</gc-start>
<allocation-stats totalBytes="1245904" >
  <allocated-bytes non-tlh="24" tlh="1245880" />
  <largest-consumer threadName="node-3" threadId="0000000001BBF500" bytes="208800" />
</allocation-stats>
<gc-op id="334" type="scavenge" timems="1.133" contextid="331" timestamp="2019-06-15T04:16:56.488">
  <scavenger-info tenureage="3" tenuremask="ffe8" tiltratio="78" />
  <memory-copied type="nursery" objects="15321" bytes="368192" bytesdiscarded="62656" />
  <memory-copied type="tenure" objects="4526" bytes="108624" bytesdiscarded="0" />
</gc-op>
<gc-end id="335" type="scavenge" contextid="331" durationms="1.391" usertimems="0.000" systemtimems="0.000" timestamp="2019-06-15T04:16:56.488" activeThreads="4">
  <mem-info id="336" free="4049184" total="8388608" percent="48">
    <mem type="nursery" free="1207552" total="2097152" percent="57">
      <mem type="allocate" free="1207552" total="1638400" percent="73" />
      <mem type="survivor" free="0" total="458752" percent="0" />
    </mem>
    <mem type="tenure" free="2841632" total="6291456" percent="45">
      <mem type="soa" free="2527264" total="5977088" percent="42" />
      <mem type="loa" free="314368" total="314368" percent="100" />
    </mem>
    <remembered-set count="128" />
  </mem-info>
</gc-end>
<cycle-end id="337" type="scavenge" contextid="331" timestamp="2019-06-15T04:16:56.489" />
  <attribute name="elasticGC enabled" value="1" />
  <attribute name= "numThreadsSpecified" value="4" />
  <attribute name="heapSize specified" value="8388608" />
  <attribute name="Current GC Util" value="0" />
  <attribute name= "Current Time Running" value="7257" />
  <attribute name ="GC Interval" value="200" />
  <attribute name="ProportionalT" value="-10.000000" />
  <attribute name="ProportionalI" value="-10.000000" />
  <attribute name="ProportionalH" value="-10.000000" />
  <attribute name="Current Error" value="-20.000000" />
  <attribute name="IntegralT" value="-11840.000000" />
  <attribute name="IntegralI" value="-11840.000000" />
  <attribute name="IntegralH" value="-11840.000000" />
  <attribute name="DerivativeT" value="-0.050676" />
  <attribute name="DerivativeI" value="-0.050676" />
  <attribute name="DerivativeH" value="-0.050676" />
  <attribute name="Loop Time for DT" value="592.000000" />
  <attribute name="Output H" value="2092630016"/>
  <attribute name="Output I" value="200"/>
  <attribute name="Output T" value="4"/>
  <attribute name="Target GC Util Change" value ="20.000000" />
  <attribute name="Current GC Util Change" value="0.000000"/>
  <attribute name="GC Util currently" value="0" />
  <attribute name="CPU Util currently" value="3" />
<allocation-satisfied id="338" threadId="0000000001BA9500" bytesRequested="32" />
<af-end id="339" timestamp="2019-06-15T04:16:56.489" threadId="0000000001BA9E88" success="true" from="nursery"/>
<exclusive-end id="340" timestamp="2019-06-15T04:16:56.489" durationms="1.956" />

<exclusive-start id="341" timestamp="2019-06-15T04:16:57.040" intervalms="553.527">
  <response-info timems="0.032" idlems="0.032" threads="0" lastid="0000000001BB0D00" lastname="node-1" />
</exclusive-start>
<af-start id="342" threadId="0000000001BB1688" totalBytesRequested="24" timestamp="2019-06-15T04:16:57.041" intervalms="553.641" type="nursery" />
<cycle-start id="343" type="scavenge" contextid="0" timestamp="2019-06-15T04:16:57.041" intervalms="553.639" />
<gc-start id="344" type="scavenge" contextid="343" timestamp="2019-06-15T04:16:57.041">
  <mem-info id="345" free="2841632" total="8388608" percent="33">
    <mem type="nursery" free="0" total="2097152" percent="0">
      <mem type="allocate" free="0" total="1638400" percent="0" />
      <mem type="survivor" free="0" total="458752" percent="0" />
    </mem>
    <mem type="tenure" free="2841632" total="6291456" percent="45">
      <mem type="soa" free="2527264" total="5977088" percent="42" />
      <mem type="loa" free="314368" total="314368" percent="100" />
    </mem>
    <remembered-set count="145" />
  </mem-info>
</gc-start>
<allocation-stats totalBytes="1206328" >
  <allocated-bytes non-tlh="32" tlh="1206296" />
  <largest-consumer threadName="node-2" threadId="0000000001BA9500" bytes="208896" />
</allocation-stats>
<gc-op id="346" type="scavenge" timems="1.181" contextid="343" timestamp="2019-06-15T04:16:57.042">
  <scavenger-info tenureage="3" tenuremask="7fe8" tiltratio="78" />
  <memory-copied type="nursery" objects="14063" bytes="337272" bytesdiscarded="15240" />
  <memory-copied type="tenure" objects="5553" bytes="133272" bytesdiscarded="0" />
</gc-op>
<gc-end id="347" type="scavenge" contextid="343" durationms="1.691" usertimems="0.000" systemtimems="4.000" timestamp="2019-06-15T04:16:57.042" activeThreads="4">
  <mem-info id="348" free="4010016" total="8388608" percent="47">
    <mem type="nursery" free="1285888" total="2097152" percent="61">
      <mem type="allocate" free="1285888" total="1638400" percent="78" />
      <mem type="survivor" free="0" total="458752" percent="0" />
    </mem>
    <mem type="tenure" free="2724128" total="6291456" percent="43">
      <mem type="soa" free="2409760" total="5977088" percent="40" />
      <mem type="loa" free="314368" total="314368" percent="100" />
    </mem>
    <remembered-set count="122" />
  </mem-info>
</gc-end>
<cycle-end id="349" type="scavenge" contextid="343" timestamp="2019-06-15T04:16:57.043" />
  <attribute name="elasticGC enabled" value="1" />
  <attribute name= "numThreadsSpecified" value="4" />
  <attribute name="heapSize specified" value="8388608" />
  <attribute name="Current GC Util" value="0" />
  <attribute name= "Current Time Running" value="7810" />
  <attribute name ="GC Interval" value="200" />
  <attribute name="ProportionalT" value="-10.000000" />
  <attribute name="ProportionalI" value="-10.000000" />
  <attribute name="ProportionalH" value="-10.000000" />
  <attribute name="Current Error" value="-20.000000" />
  <attribute name="IntegralT" value="-11060.000000" />
  <attribute name="IntegralI" value="-11060.000000" />
  <attribute name="IntegralH" value="-11060.000000" />
  <attribute name="DerivativeT" value="-0.054250" />
  <attribute name="DerivativeI" value="-0.054250" />
  <attribute name="DerivativeH" value="-0.054250" />
  <attribute name="Loop Time for DT" value="553.000000" />
  <attribute name="Output H" value="2092630016"/>
  <attribute name="Output I" value="200"/>
  <attribute name="Output T" value="4"/>
  <attribute name="Target GC Util Change" value ="20.000000" />
  <attribute name="Current GC Util Change" value="0.000000"/>
  <attribute name="GC Util currently" value="0" />
  <attribute name="CPU Util currently" value="6" />
<allocation-satisfied id="350" threadId="0000000001BB0D00" bytesRequested="24" />
<af-end id="351" timestamp="2019-06-15T04:16:57.043" threadId="0000000001BB1688" success="true" from="nursery"/>
<exclusive-end id="352" timestamp="2019-06-15T04:16:57.043" durationms="2.582" />

<exclusive-start id="353" timestamp="2019-06-15T04:16:57.629" intervalms="588.963">
  <response-info timems="0.034" idlems="0.034" threads="0" lastid="0000000001BC0100" lastname="node-5" />
</exclusive-start>
<af-start id="354" threadId="0000000001BC0A88" totalBytesRequested="24" timestamp="2019-06-15T04:16:57.629" intervalms="588.861" type="nursery" />
<cycle-start id="355" type="scavenge" contextid="0" timestamp="2019-06-15T04:16:57.630" intervalms="588.869" />
<gc-start id="356" type="scavenge" contextid="355" timestamp="2019-06-15T04:16:57.630">
  <mem-info id="357" free="2724128" total="8388608" percent="32">
    <mem type="nursery" free="0" total="2097152" percent="0">
      <mem type="allocate" free="0" total="1638400" percent="0" />
      <mem type="survivor" free="0" total="458752" percent="0" />
    </mem>
    <mem type="tenure" free="2724128" total="6291456" percent="43">
      <mem type="soa" free="2409760" total="5977088" percent="40" />
      <mem type="loa" free="314368" total="314368" percent="100" />
    </mem>
    <remembered-set count="145" />
  </mem-info>
</gc-start>
<allocation-stats totalBytes="1285288" >
  <allocated-bytes non-tlh="24" tlh="1285264" />
  <largest-consumer threadName="node-2" threadId="0000000001BA9500" bytes="229184" />
</allocation-stats>
<gc-op id="358" type="scavenge" timems="1.120" contextid="355" timestamp="2019-06-15T04:16:57.631">
  <scavenger-info tenureage="3" tenuremask="7fe8" tiltratio="78" />
  <memory-copied type="nursery" objects="14920" bytes="357840" bytesdiscarded="73008" />
  <memory-copied type="tenure" objects="4402" bytes="105648" bytesdiscarded="0" />
</gc-op>
<gc-end id="359" type="scavenge" contextid="355" durationms="1.471" usertimems="0.000" systemtimems="0.000" timestamp="2019-06-15T04:16:57.631" activeThreads="4">
  <mem-info id="360" free="3814176" total="8388608" percent="45">
    <mem type="nursery" free="1207552" total="2097152" percent="57">
      <mem type="allocate" free="1207552" total="1638400" percent="73" />
      <mem type="survivor" free="0" total="458752" percent="0" />
    </mem>
    <mem type="tenure" free="2606624" total="6291456" percent="41">
      <mem type="soa" free="2292256" total="5977088" percent="38" />
      <mem type="loa" free="314368" total="314368" percent="100" />
    </mem>
    <remembered-set count="122" />
  </mem-info>
</gc-end>
<cycle-end id="361" type="scavenge" contextid="355" timestamp="2019-06-15T04:16:57.631" />
  <attribute name="elasticGC enabled" value="1" />
  <attribute name= "numThreadsSpecified" value="4" />
  <attribute name="heapSize specified" value="8388608" />
  <attribute name="Current GC Util" value="0" />
  <attribute name= "Current Time Running" value="8399" />
  <attribute name ="GC Interval" value="200" />
  <attribute name="ProportionalT" value="-10.000000" />
  <attribute name="ProportionalI" value="-10.000000" />
  <attribute name="ProportionalH" value="-10.000000" />
  <attribute name="Current Error" value="-20.000000" />
  <attribute name="IntegralT" value="-11780.000000" />
  <attribute name="IntegralI" value="-11780.000000" />
  <attribute name="IntegralH" value="-11780.000000" />
  <attribute name="DerivativeT" value="-0.050934" />
  <attribute name="DerivativeI" value="-0.050934" />
  <attribute name="DerivativeH" value="-0.050934" />
  <attribute name="Loop Time for DT" value="589.000000" />
  <attribute name="Output H" value="2092630016"/>
  <attribute name="Output I" value="200"/>
  <attribute name="Output T" value="4"/>
  <attribute name="Target GC Util Change" value ="20.000000" />
  <attribute name="Current GC Util Change" value="0.000000"/>
  <attribute name="GC Util currently" value="0" />
  <attribute name="CPU Util currently" value="5" />
<allocation-satisfied id="362" threadId="0000000001BC0100" bytesRequested="24" />
<af-end id="363" timestamp="2019-06-15T04:16:57.632" threadId="0000000001BC0A88" success="true" from="nursery"/>
<exclusive-end id="364" timestamp="2019-06-15T04:16:57.632" durationms="2.272" />

<exclusive-start id="365" timestamp="2019-06-15T04:16:58.157" intervalms="528.091">
  <response-info timems="0.031" idlems="0.031" threads="0" lastid="0000000001BAD100" lastname="node-0" />
</exclusive-start>
<af-start id="366" threadId="0000000001BADA88" totalBytesRequested="32" timestamp="2019-06-15T04:16:58.158" intervalms="528.091" type="nursery" />
<cycle-start id="367" type="scavenge" contextid="0" timestamp="2019-06-15T04:16:58.158" intervalms="528.090" />
<gc-start id="368" type="scavenge" contextid="367" timestamp="2019-06-15T04:16:58.158">
  <mem-info id="369" free="2606624" total="8388608" percent="31">
    <mem type="nursery" free="0" total="2097152" percent="0">
      <mem type="allocate" free="0" total="1638400" percent="0" />
      <mem type="survivor" free="0" total="458752" percent="0" />
    </mem>
    <mem type="tenure" free="2606624" total="6291456" percent="41">
      <mem type="soa" free="2292256" total="5977088" percent="38" />
      <mem type="loa" free="314368" total="314368" percent="100" />
    </mem>
    <remembered-set count="145" />
  </mem-info>
</gc-start>
<allocation-stats totalBytes="1206360" >
  <allocated-bytes non-tlh="24" tlh="1206336" />
  <largest-consumer threadName="node-4" threadId="0000000001BB4900" bytes="232640" />
</allocation-stats>
<gc-op id="370" type="scavenge" timems="1.160" contextid="367" timestamp="2019-06-15T04:16:58.159">
  <scavenger-info tenureage="2" tenuremask="7fec" tiltratio="78" />
  <memory-copied type="nursery" objects="9868" bytes="236592" bytesdiscarded="76752" />
  <memory-copied type="tenure" objects="9631" bytes="231144" bytesdiscarded="0" />
</gc-op>
<gc-end id="371" type="scavenge" contextid="367" durationms="1.370" usertimems="4.000" systemtimems="0.000" timestamp="2019-06-15T04:16:58.159" activeThreads="4">
  <mem-info id="372" free="3696672" total="8388608" percent="44">
    <mem type="nursery" free="1325056" total="2097152" percent="63">
      <mem type="allocate" free="1325056" total="1638400" percent="80" />
      <mem type="survivor" free="0" total="458752" percent="0" />
    </mem>
    <mem type="tenure" free="2371616" total="6291456" percent="37">
      <mem type="soa" free="2057248" total="5977088" percent="34" />
      <mem type="loa" free="314368" total="314368" percent="100" />
    </mem>
    <remembered-set count="122" />
  </mem-info>
</gc-end>
<cycle-end id="373" type="scavenge" contextid="367" timestamp="2019-06-15T04:16:58.159" />
  <attribute name="elasticGC enabled" value="1" />
  <attribute name= "numThreadsSpecified" value="4" />
  <attribute name="heapSize specified" value="8388608" />
  <attribute name="Current GC Util" value="0" />
  <attribute name= "Current Time Running" value="8927" />
  <attribute name ="GC Interval" value="200" />
  <attribute name="ProportionalT" value="-10.000000" />
  <attribute name="ProportionalI" value="-10.000000" />
  <attribute name="ProportionalH" value="-10.000000" />
  <attribute name="Current Error" value="-20.000000" />
  <attribute name="IntegralT" value="-10560.000000" />
  <attribute name="IntegralI" value="-10560.000000" />
  <attribute name="IntegralH" value="-10560.000000" />
  <attribute name="DerivativeT" value="-0.056818" />
  <attribute name="DerivativeI" value="-0.056818" />
  <attribute name="DerivativeH" value="-0.056818" />
  <attribute name="Loop Time for DT" value="528.000000" />
  <attribute name="Output H" value="2092630016"/>
  <attribute name="Output I" value="200"/>
  <attribute name="Output T" value="4"/>
  <attribute name="Target GC Util Change" value ="20.000000" />
  <attribute name="Current GC Util Change" value="0.000000"/>
  <attribute name="GC Util currently" value="0" />
  <attribute name="CPU Util currently" value="1" />
<allocation-satisfied id="374" threadId="0000000001BAD100" bytesRequested="32" />
<af-end id="375" timestamp="2019-06-15T04:16:58.159" threadId="0000000001BADA88" success="true" from="nursery"/>
<exclusive-end id="376" timestamp="2019-06-15T04:16:58.160" durationms="2.126" />

<exclusive-start id="377" timestamp="2019-06-15T04:16:58.678" intervalms="520.216">
  <response-info timems="0.043" idlems="0.024" threads="1" lastid="0000000001BB0D00" lastname="node-1" />
</exclusive-start>
<af-start id="378" threadId="0000000001BBFE88" totalBytesRequested="24" timestamp="2019-06-15T04:16:58.678" intervalms="520.211" type="nursery" />
<cycle-start id="379" type="scavenge" contextid="0" timestamp="2019-06-15T04:16:58.678" intervalms="520.212" />
<gc-start id="380" type="scavenge" contextid="379" timestamp="2019-06-15T04:16:58.678">
  <mem-info id="381" free="2371616" total="8388608" percent="28">
    <mem type="nursery" free="0" total="2097152" percent="0">
      <mem type="allocate" free="0" total="1638400" percent="0" />
      <mem type="survivor" free="0" total="458752" percent="0" />
    </mem>
    <mem type="tenure" free="2371616" total="6291456" percent="37">
      <mem type="soa" free="2057248" total="5977088" percent="34" />
      <mem type="loa" free="314368" total="314368" percent="100" />
    </mem>
    <remembered-set count="145" />
  </mem-info>
</gc-start>
<allocation-stats totalBytes="1324656" >
  <allocated-bytes non-tlh="32" tlh="1324624" />
  <largest-consumer threadName="node-5" threadId="0000000001BC0100" bytes="257992" />
</allocation-stats>
<gc-op id="382" type="scavenge" timems="0.962" contextid="379" timestamp="2019-06-15T04:16:58.679">
  <scavenger-info tenureage="2" tenuremask="7fe4" tiltratio="78" />
  <memory-copied type="nursery" objects="10779" bytes="260344" bytesdiscarded="53000" />
  <memory-copied type="tenure" objects="5259" bytes="126216" bytesdiscarded="0" />
</gc-op>
<gc-end id="383" type="scavenge" contextid="379" durationms="1.142" usertimems="0.000" systemtimems="0.000" timestamp="2019-06-15T04:16:58.679" activeThreads="4">
  <mem-info id="384" free="3644704" total="8388608" percent="43">
    <mem type="nursery" free="1390592" total="2097152" percent="66">
      <mem type="allocate" free="1390592" total="1703936" percent="81" />
      <mem type="survivor" free="0" total="393216" percent="0" />
    </mem>
    <mem type="tenure" free="2254112" total="6291456" percent="35">
      <mem type="soa" free="1939744" total="5977088" percent="32" />
      <mem type="loa" free="314368" total="314368" percent="100" />
    </mem>
    <remembered-set count="131" />
  </mem-info>
</gc-end>
<cycle-end id="385" type="scavenge" contextid="379" timestamp="2019-06-15T04:16:58.679" />
  <attribute name="elasticGC enabled" value="1" />
  <attribute name= "numThreadsSpecified" value="4" />
  <attribute name="heapSize specified" value="8388608" />
  <attribute name="Current GC Util" value="0" />
  <attribute name= "Current Time Running" value="9447" />
  <attribute name ="GC Interval" value="200" />
  <attribute name="ProportionalT" value="-10.000000" />
  <attribute name="ProportionalI" value="-10.000000" />
  <attribute name="ProportionalH" value="-10.000000" />
  <attribute name="Current Error" value="-20.000000" />
  <attribute name="IntegralT" value="-10400.000000" />
  <attribute name="IntegralI" value="-10400.000000" />
  <attribute name="IntegralH" value="-10400.000000" />
  <attribute name="DerivativeT" value="-0.057692" />
  <attribute name="DerivativeI" value="-0.057692" />
  <attribute name="DerivativeH" value="-0.057692" />
  <attribute name="Loop Time for DT" value="520.000000" />
  <attribute name="Output H" value="2092630016"/>
  <attribute name="Output I" value="200"/>
  <attribute name="Output T" value="4"/>
  <attribute name="Target GC Util Change" value ="20.000000" />
  <attribute name="Current GC Util Change" value="0.000000"/>
  <attribute name="GC Util currently" value="0" />
  <attribute name="CPU Util currently" value="3" />
<allocation-satisfied id="386" threadId="0000000001BBF500" bytesRequested="24" />
<af-end id="387" timestamp="2019-06-15T04:16:58.679" threadId="0000000001BBFE88" success="true" from="nursery"/>
<exclusive-end id="388" timestamp="2019-06-15T04:16:58.679" durationms="1.582" />

<exclusive-start id="389" timestamp="2019-06-15T04:16:59.293" intervalms="615.395">
  <response-info timems="0.036" idlems="0.036" threads="0" lastid="0000000001BAD100" lastname="node-0" />
</exclusive-start>
<af-start id="390" threadId="0000000001BADA88" totalBytesRequested="16" timestamp="2019-06-15T04:16:59.293" intervalms="615.380" type="nursery" />
<cycle-start id="391" type="scavenge" contextid="0" timestamp="2019-06-15T04:16:59.293" intervalms="615.376" />
<gc-start id="392" type="scavenge" contextid="391" timestamp="2019-06-15T04:16:59.293">
  <mem-info id="393" free="2254112" total="8388608" percent="26">
    <mem type="nursery" free="0" total="2097152" percent="0">
      <mem type="allocate" free="0" total="1703936" percent="0" />
      <mem type="survivor" free="0" total="393216" percent="0" />
    </mem>
    <mem type="tenure" free="2254112" total="6291456" percent="35">
      <mem type="soa" free="1939744" total="5977088" percent="32" />
      <mem type="loa" free="314368" total="314368" percent="100" />
    </mem>
    <remembered-set count="145" />
  </mem-info>
</gc-start>
<allocation-stats totalBytes="1389736" >
  <allocated-bytes non-tlh="24" tlh="1389712" />
  <largest-consumer threadName="node-2" threadId="0000000001BA9500" bytes="257600" />
</allocation-stats>
<gc-op id="394" type="scavenge" timems="1.022" contextid="391" timestamp="2019-06-15T04:16:59.294">
  <scavenger-info tenureage="2" tenuremask="7fe4" tiltratio="81" />
  <memory-copied type="nursery" objects="11692" bytes="282992" bytesdiscarded="69520" />
  <memory-copied type="tenure" objects="4579" bytes="109896" bytesdiscarded="0" />
</gc-op>
<gc-end id="395" type="scavenge" contextid="391" durationms="1.549" usertimems="0.000" systemtimems="0.000" timestamp="2019-06-15T04:16:59.295" activeThreads="4">
  <mem-info id="396" free="3488032" total="8388608" percent="41">
    <mem type="nursery" free="1351424" total="2097152" percent="64">
      <mem type="allocate" free="1351424" total="1703936" percent="79" />
      <mem type="survivor" free="0" total="393216" percent="0" />
    </mem>
    <mem type="tenure" free="2136608" total="6291456" percent="33" macro-fragmented="868149">
      <mem type="soa" free="1822240" total="5977088" percent="30" />
      <mem type="loa" free="314368" total="314368" percent="100" />
    </mem>
    <remembered-set count="126" />
  </mem-info>
</gc-end>
<cycle-end id="397" type="scavenge" contextid="391" timestamp="2019-06-15T04:16:59.295" />
  <attribute name="elasticGC enabled" value="1" />
  <attribute name= "numThreadsSpecified" value="4" />
  <attribute name="heapSize specified" value="8388608" />
  <attribute name="Current GC Util" value="0" />
  <attribute name= "Current Time Running" value="10063" />
  <attribute name ="GC Interval" value="200" />
  <attribute name="ProportionalT" value="-10.000000" />
  <attribute name="ProportionalI" value="-10.000000" />
  <attribute name="ProportionalH" value="-10.000000" />
  <attribute name="Current Error" value="-20.000000" />
  <attribute name="IntegralT" value="-12320.000000" />
  <attribute name="IntegralI" value="-12320.000000" />
  <attribute name="IntegralH" value="-12320.000000" />
  <attribute name="DerivativeT" value="-0.048701" />
  <attribute name="DerivativeI" value="-0.048701" />
  <attribute name="DerivativeH" value="-0.048701" />
  <attribute name="Loop Time for DT" value="616.000000" />
  <attribute name="Output H" value="2092630016"/>
  <attribute name="Output I" value="200"/>
  <attribute name="Output T" value="4"/>
  <attribute name="Target GC Util Change" value ="20.000000" />
  <attribute name="Current GC Util Change" value="0.000000"/>
  <attribute name="GC Util currently" value="0" />
  <attribute name="CPU Util currently" value="2" />
<allocation-satisfied id="398" threadId="0000000001BAD100" bytesRequested="16" />
<af-end id="399" timestamp="2019-06-15T04:16:59.295" threadId="0000000001BADA88" success="true" from="nursery"/>
<exclusive-end id="400" timestamp="2019-06-15T04:16:59.295" durationms="2.116" />

<exclusive-start id="401" timestamp="2019-06-15T04:16:59.873" intervalms="580.294">
  <response-info timems="0.184" idlems="0.073" threads="2" lastid="0000000001BB0D00" lastname="node-1" />
</exclusive-start>
<af-start id="402" threadId="0000000001BADA88" totalBytesRequested="16" timestamp="2019-06-15T04:16:59.873" intervalms="580.322" type="nursery" />
<cycle-start id="403" type="scavenge" contextid="0" timestamp="2019-06-15T04:16:59.874" intervalms="580.340" />
<gc-start id="404" type="scavenge" contextid="403" timestamp="2019-06-15T04:16:59.874">
  <mem-info id="405" free="2136608" total="8388608" percent="25">
    <mem type="nursery" free="0" total="2097152" percent="0">
      <mem type="allocate" free="0" total="1703936" percent="0" />
      <mem type="survivor" free="0" total="393216" percent="0" />
    </mem>
    <mem type="tenure" free="2136608" total="6291456" percent="33">
      <mem type="soa" free="1822240" total="5977088" percent="30" />
      <mem type="loa" free="314368" total="314368" percent="100" />
    </mem>
    <remembered-set count="143" />
  </mem-info>
</gc-start>
<allocation-stats totalBytes="1350664" >
  <allocated-bytes non-tlh="16" tlh="1350648" />
  <largest-consumer threadName="node-5" threadId="0000000001BC0100" bytes="233408" />
</allocation-stats>
<gc-op id="406" type="scavenge" timems="1.082" contextid="403" timestamp="2019-06-15T04:16:59.875">
  <scavenger-info tenureage="2" tenuremask="7fe4" tiltratio="81" />
  <memory-copied type="nursery" objects="11630" bytes="280456" bytesdiscarded="72056" />
  <memory-copied type="tenure" objects="6156" bytes="147744" bytesdiscarded="0" />
</gc-op>
<gc-end id="407" type="scavenge" contextid="403" durationms="1.357" usertimems="0.000" systemtimems="0.000" timestamp="2019-06-15T04:16:59.875" activeThreads="4">
  <mem-info id="408" free="3331360" total="8388608" percent="39">
    <mem type="nursery" free="1351424" total="2097152" percent="64">
      <mem type="allocate" free="1351424" total="1703936" percent="79" />
      <mem type="survivor" free="0" total="393216" percent="0" />
    </mem>
    <mem type="tenure" free="1979936" total="6291456" percent="31" macro-fragmented="1250136">
      <mem type="soa" free="1665568" total="5977088" percent="27" />
      <mem type="loa" free="314368" total="314368" percent="100" />
    </mem>
    <remembered-set count="125" />
  </mem-info>
</gc-end>
<cycle-end id="409" type="scavenge" contextid="403" timestamp="2019-06-15T04:16:59.875" />
  <attribute name="elasticGC enabled" value="1" />
  <attribute name= "numThreadsSpecified" value="4" />
  <attribute name="heapSize specified" value="8388608" />
  <attribute name="Current GC Util" value="0" />
  <attribute name= "Current Time Running" value="10643" />
  <attribute name ="GC Interval" value="200" />
  <attribute name="ProportionalT" value="-10.000000" />
  <attribute name="ProportionalI" value="-10.000000" />
  <attribute name="ProportionalH" value="-10.000000" />
  <attribute name="Current Error" value="-20.000000" />
  <attribute name="IntegralT" value="-11600.000000" />
  <attribute name="IntegralI" value="-11600.000000" />
  <attribute name="IntegralH" value="-11600.000000" />
  <attribute name="DerivativeT" value="-0.051724" />
  <attribute name="DerivativeI" value="-0.051724" />
  <attribute name="DerivativeH" value="-0.051724" />
  <attribute name="Loop Time for DT" value="580.000000" />
  <attribute name="Output H" value="2092630016"/>
  <attribute name="Output I" value="200"/>
  <attribute name="Output T" value="4"/>
  <attribute name="Target GC Util Change" value ="20.000000" />
  <attribute name="Current GC Util Change" value="0.000000"/>
  <attribute name="GC Util currently" value="0" />
  <attribute name="CPU Util currently" value="4" />
<allocation-satisfied id="410" threadId="0000000001BAD100" bytesRequested="16" />
<af-end id="411" timestamp="2019-06-15T04:16:59.875" threadId="0000000001BADA88" success="true" from="nursery"/>
<exclusive-end id="412" timestamp="2019-06-15T04:16:59.875" durationms="1.888" />

<exclusive-start id="413" timestamp="2019-06-15T04:17:00.561" intervalms="687.742">
  <response-info timems="0.031" idlems="0.031" threads="0" lastid="0000000001BB0D00" lastname="node-1" />
</exclusive-start>
<af-start id="414" threadId="0000000001BB1688" totalBytesRequested="32" timestamp="2019-06-15T04:17:00.561" intervalms="687.727" type="nursery" />
<cycle-start id="415" type="scavenge" contextid="0" timestamp="2019-06-15T04:17:00.561" intervalms="687.708" />
<gc-start id="416" type="scavenge" contextid="415" timestamp="2019-06-15T04:17:00.561">
  <mem-info id="417" free="1979936" total="8388608" percent="23">
    <mem type="nursery" free="0" total="2097152" percent="0">
      <mem type="allocate" free="0" total="1703936" percent="0" />
      <mem type="survivor" free="0" total="393216" percent="0" />
    </mem>
    <mem type="tenure" free="1979936" total="6291456" percent="31">
      <mem type="soa" free="1665568" total="5977088" percent="27" />
      <mem type="loa" free="314368" total="314368" percent="100" />
    </mem>
    <remembered-set count="142" />
  </mem-info>
</gc-start>
<allocation-stats totalBytes="1349112" >
  <allocated-bytes non-tlh="16" tlh="1349096" />
  <largest-consumer threadName="node-2" threadId="0000000001BA9500" bytes="233408" />
</allocation-stats>
<gc-op id="418" type="scavenge" timems="1.217" contextid="415" timestamp="2019-06-15T04:17:00.563">
  <scavenger-info tenureage="2" tenuremask="7fe4" tiltratio="81" />
  <memory-copied type="nursery" objects="11584" bytes="277776" bytesdiscarded="74736" />
  <memory-copied type="tenure" objects="5486" bytes="131664" bytesdiscarded="0" />
</gc-op>
<gc-end id="419" type="scavenge" contextid="415" durationms="1.577" usertimems="0.000" systemtimems="0.000" timestamp="2019-06-15T04:17:00.563" activeThreads="4">
  <mem-info id="420" free="3174688" total="8388608" percent="37">
    <mem type="nursery" free="1351424" total="2097152" percent="64">
      <mem type="allocate" free="1351424" total="1703936" percent="79" />
      <mem type="survivor" free="0" total="393216" percent="0" />
    </mem>
    <mem type="tenure" free="1823264" total="6291456" percent="28" macro-fragmented="0">
      <mem type="soa" free="1508896" total="5977088" percent="25" />
      <mem type="loa" free="314368" total="314368" percent="100" />
    </mem>
    <remembered-set count="118" />
  </mem-info>
</gc-end>
<cycle-end id="421" type="scavenge" contextid="415" timestamp="2019-06-15T04:17:00.563" />
  <attribute name="elasticGC enabled" value="1" />
  <attribute name= "numThreadsSpecified" value="4" />
  <attribute name="heapSize specified" value="8388608" />
  <attribute name="Current GC Util" value="0" />
  <attribute name= "Current Time Running" value="11331" />
  <attribute name ="GC Interval" value="200" />
  <attribute name="ProportionalT" value="-10.000000" />
  <attribute name="ProportionalI" value="-10.000000" />
  <attribute name="ProportionalH" value="-10.000000" />
  <attribute name="Current Error" value="-20.000000" />
  <attribute name="IntegralT" value="-13760.000000" />
  <attribute name="IntegralI" value="-13760.000000" />
  <attribute name="IntegralH" value="-13760.000000" />
  <attribute name="DerivativeT" value="-0.043605" />
  <attribute name="DerivativeI" value="-0.043605" />
  <attribute name="DerivativeH" value="-0.043605" />
  <attribute name="Loop Time for DT" value="688.000000" />
  <attribute name="Output H" value="2092630016"/>
  <attribute name="Output I" value="200"/>
  <attribute name="Output T" value="4"/>
  <attribute name="Target GC Util Change" value ="20.000000" />
  <attribute name="Current GC Util Change" value="0.000000"/>
  <attribute name="GC Util currently" value="0" />
  <attribute name="CPU Util currently" value="2" />
<allocation-satisfied id="422" threadId="0000000001BB0D00" bytesRequested="32" />
<af-end id="423" timestamp="2019-06-15T04:17:00.563" threadId="0000000001BB1688" success="true" from="nursery"/>
<exclusive-end id="424" timestamp="2019-06-15T04:17:00.564" durationms="2.497" />

<exclusive-start id="425" timestamp="2019-06-15T04:17:01.103" intervalms="542.272">
  <response-info timems="0.022" idlems="0.022" threads="0" lastid="0000000001BB0D00" lastname="node-1" />
</exclusive-start>
<af-start id="426" threadId="0000000001BB1688" totalBytesRequested="48" timestamp="2019-06-15T04:17:01.103" intervalms="542.260" type="nursery" />
<cycle-start id="427" type="scavenge" contextid="0" timestamp="2019-06-15T04:17:01.104" intervalms="542.262" />
<gc-start id="428" type="scavenge" contextid="427" timestamp="2019-06-15T04:17:01.104">
  <mem-info id="429" free="1823264" total="8388608" percent="21">
    <mem type="nursery" free="0" total="2097152" percent="0">
      <mem type="allocate" free="0" total="1703936" percent="0" />
      <mem type="survivor" free="0" total="393216" percent="0" />
    </mem>
    <mem type="tenure" free="1823264" total="6291456" percent="28">
      <mem type="soa" free="1508896" total="5977088" percent="25" />
      <mem type="loa" free="314368" total="314368" percent="100" />
    </mem>
    <remembered-set count="141" />
  </mem-info>
</gc-start>
<allocation-stats totalBytes="1350624" >
  <allocated-bytes non-tlh="32" tlh="1350592" />
  <largest-consumer threadName="node-2" threadId="0000000001BA9500" bytes="233416" />
</allocation-stats>
<gc-op id="430" type="scavenge" timems="1.012" contextid="427" timestamp="2019-06-15T04:17:01.105">
  <scavenger-info tenureage="2" tenuremask="7fe4" tiltratio="81" />
  <memory-copied type="nursery" objects="11140" bytes="270136" bytesdiscarded="43208" />
  <memory-copied type="tenure" objects="6094" bytes="146256" bytesdiscarded="0" />
</gc-op>
<gc-end id="431" type="scavenge" contextid="427" durationms="1.356" usertimems="4.000" systemtimems="0.000" timestamp="2019-06-15T04:17:01.105" activeThreads="4">
  <mem-info id="432" free="3096352" total="8388608" percent="36">
    <mem type="nursery" free="1390592" total="2097152" percent="66">
      <mem type="allocate" free="1390592" total="1703936" percent="81" />
      <mem type="survivor" free="0" total="393216" percent="0" />
    </mem>
    <mem type="tenure" free="1705760" total="6291456" percent="27" macro-fragmented="590">
      <mem type="soa" free="1391392" total="5977088" percent="23" />
      <mem type="loa" free="314368" total="314368" percent="100" />
    </mem>
    <remembered-set count="121" />
  </mem-info>
</gc-end>
<cycle-end id="433" type="scavenge" contextid="427" timestamp="2019-06-15T04:17:01.105" />
  <attribute name="elasticGC enabled" value="1" />
  <attribute name= "numThreadsSpecified" value="4" />
  <attribute name="heapSize specified" value="8388608" />
  <attribute name="Current GC Util" value="0" />
  <attribute name= "Current Time Running" value="11873" />
  <attribute name ="GC Interval" value="200" />
  <attribute name="ProportionalT" value="-10.000000" />
  <attribute name="ProportionalI" value="-10.000000" />
  <attribute name="ProportionalH" value="-10.000000" />
  <attribute name="Current Error" value="-20.000000" />
  <attribute name="IntegralT" value="-10840.000000" />
  <attribute name="IntegralI" value="-10840.000000" />
  <attribute name="IntegralH" value="-10840.000000" />
  <attribute name="DerivativeT" value="-0.055351" />
  <attribute name="DerivativeI" value="-0.055351" />
  <attribute name="DerivativeH" value="-0.055351" />
  <attribute name="Loop Time for DT" value="542.000000" />
  <attribute name="Output H" value="2092630016"/>
  <attribute name="Output I" value="200"/>
  <attribute name="Output T" value="4"/>
  <attribute name="Target GC Util Change" value ="20.000000" />
  <attribute name="Current GC Util Change" value="0.000000"/>
  <attribute name="GC Util currently" value="0" />
  <attribute name="CPU Util currently" value="1" />
<allocation-satisfied id="434" threadId="0000000001BB0D00" bytesRequested="48" />
<af-end id="435" timestamp="2019-06-15T04:17:01.105" threadId="0000000001BB1688" success="true" from="nursery"/>
<exclusive-end id="436" timestamp="2019-06-15T04:17:01.105" durationms="1.980" />

<exclusive-start id="437" timestamp="2019-06-15T04:17:01.757" intervalms="653.752">
  <response-info timems="0.035" idlems="0.035" threads="0" lastid="0000000001BC0100" lastname="node-5" />
</exclusive-start>
<af-start id="438" threadId="0000000001BC0A88" totalBytesRequested="32" timestamp="2019-06-15T04:17:01.757" intervalms="653.762" type="nursery" />
<cycle-start id="439" type="scavenge" contextid="0" timestamp="2019-06-15T04:17:01.757" intervalms="653.761" />
<gc-start id="440" type="scavenge" contextid="439" timestamp="2019-06-15T04:17:01.757">
  <mem-info id="441" free="1705760" total="8388608" percent="20">
    <mem type="nursery" free="0" total="2097152" percent="0">
      <mem type="allocate" free="0" total="1703936" percent="0" />
      <mem type="survivor" free="0" total="393216" percent="0" />
    </mem>
    <mem type="tenure" free="1705760" total="6291456" percent="27">
      <mem type="soa" free="1391392" total="5977088" percent="23" />
      <mem type="loa" free="314368" total="314368" percent="100" />
    </mem>
    <remembered-set count="141" />
  </mem-info>
</gc-start>
<allocation-stats totalBytes="1389392" >
  <allocated-bytes non-tlh="48" tlh="1389344" />
  <largest-consumer threadName="node-4" threadId="0000000001BB4900" bytes="233432" />
</allocation-stats>
<gc-op id="442" type="scavenge" timems="2.625" contextid="439" timestamp="2019-06-15T04:17:01.760">
  <scavenger-info tenureage="2" tenuremask="7fe4" tiltratio="81" />
  <memory-copied type="nursery" objects="12113" bytes="290472" bytesdiscarded="102744" />
  <memory-copied type="tenure" objects="5460" bytes="131040" bytesdiscarded="16" />
</gc-op>
<gc-end id="443" type="scavenge" contextid="439" durationms="2.953" usertimems="4.000" systemtimems="0.000" timestamp="2019-06-15T04:17:01.760" activeThreads="4">
  <mem-info id="444" free="2868256" total="8388608" percent="34">
    <mem type="nursery" free="1310720" total="2097152" percent="62">
      <mem type="allocate" free="1310720" total="1703936" percent="76" />
      <mem type="survivor" free="0" total="393216" percent="0" />
    </mem>
    <mem type="tenure" free="1557536" total="6291456" percent="24" macro-fragmented="0">
      <mem type="soa" free="1243168" total="5977088" percent="20" />
      <mem type="loa" free="314368" total="314368" percent="100" />
    </mem>
    <remembered-set count="118" />
  </mem-info>
</gc-end>
<cycle-end id="445" type="scavenge" contextid="439" timestamp="2019-06-15T04:17:01.760" />
  <attribute name="elasticGC enabled" value="1" />
  <attribute name= "numThreadsSpecified" value="4" />
  <attribute name="heapSize specified" value="8388608" />
  <attribute name="Current GC Util" value="0" />
  <attribute name= "Current Time Running" value="12527" />
  <attribute name ="GC Interval" value="200" />
  <attribute name="ProportionalT" value="-10.000000" />
  <attribute name="ProportionalI" value="-10.000000" />
  <attribute name="ProportionalH" value="-10.000000" />
  <attribute name="Current Error" value="-20.000000" />
  <attribute name="IntegralT" value="-13080.000000" />
  <attribute name="IntegralI" value="-13080.000000" />
  <attribute name="IntegralH" value="-13080.000000" />
  <attribute name="DerivativeT" value="-0.045872" />
  <attribute name="DerivativeI" value="-0.045872" />
  <attribute name="DerivativeH" value="-0.045872" />
  <attribute name="Loop Time for DT" value="654.000000" />
  <attribute name="Output H" value="2092630016"/>
  <attribute name="Output I" value="200"/>
  <attribute name="Output T" value="4"/>
  <attribute name="Target GC Util Change" value ="20.000000" />
  <attribute name="Current GC Util Change" value="0.000000"/>
  <attribute name="GC Util currently" value="0" />
  <attribute name="CPU Util currently" value="3" />
<allocation-satisfied id="446" threadId="0000000001BC0100" bytesRequested="32" />
<af-end id="447" timestamp="2019-06-15T04:17:01.761" threadId="0000000001BC0A88" success="true" from="nursery"/>
<exclusive-end id="448" timestamp="2019-06-15T04:17:01.761" durationms="3.519" />

<exclusive-start id="449" timestamp="2019-06-15T04:17:02.310" intervalms="552.690">
  <response-info timems="0.037" idlems="0.037" threads="0" lastid="0000000001BBF500" lastname="node-3" />
</exclusive-start>
<af-start id="450" threadId="0000000001BBFE88" totalBytesRequested="32" timestamp="2019-06-15T04:17:02.310" intervalms="552.733" type="nursery" />
<cycle-start id="451" type="scavenge" contextid="0" timestamp="2019-06-15T04:17:02.310" intervalms="552.789" />
<gc-start id="452" type="scavenge" contextid="451" timestamp="2019-06-15T04:17:02.310">
  <mem-info id="453" free="1557536" total="8388608" percent="18">
    <mem type="nursery" free="0" total="2097152" percent="0">
      <mem type="allocate" free="0" total="1703936" percent="0" />
      <mem type="survivor" free="0" total="393216" percent="0" />
    </mem>
    <mem type="tenure" free="1557536" total="6291456" percent="24">
      <mem type="soa" free="1243168" total="5977088" percent="20" />
      <mem type="loa" free="314368" total="314368" percent="100" />
    </mem>
    <remembered-set count="141" />
  </mem-info>
</gc-start>
<allocation-stats totalBytes="1310384" >
  <allocated-bytes non-tlh="32" tlh="1310352" />
  <largest-consumer threadName="node-5" threadId="0000000001BC0100" bytes="233456" />
</allocation-stats>
<gc-op id="454" type="scavenge" timems="1.073" contextid="451" timestamp="2019-06-15T04:17:02.311">
  <scavenger-info tenureage="2" tenuremask="7fe4" tiltratio="81" />
  <memory-copied type="nursery" objects="11745" bytes="283512" bytesdiscarded="69000" />
  <memory-copied type="tenure" objects="5636" bytes="135264" bytesdiscarded="0" />
</gc-op>
<gc-end id="455" type="scavenge" contextid="451" durationms="1.805" usertimems="4.000" systemtimems="0.000" timestamp="2019-06-15T04:17:02.312" activeThreads="4">
  <mem-info id="456" free="2752288" total="8388608" percent="32">
    <mem type="nursery" free="1351424" total="2097152" percent="64">
      <mem type="allocate" free="1351424" total="1703936" percent="79" />
      <mem type="survivor" free="0" total="393216" percent="0" />
    </mem>
    <mem type="tenure" free="1400864" total="6291456" percent="22" macro-fragmented="6319">
      <mem type="soa" free="1086496" total="5977088" percent="18" />
      <mem type="loa" free="314368" total="314368" percent="100" />
    </mem>
    <remembered-set count="128" />
  </mem-info>
</gc-end>
<cycle-end id="457" type="scavenge" contextid="451" timestamp="2019-06-15T04:17:02.312" />
  <attribute name="elasticGC enabled" value="1" />
  <attribute name= "numThreadsSpecified" value="4" />
  <attribute name="heapSize specified" value="8388608" />
  <attribute name="Current GC Util" value="0" />
  <attribute name= "Current Time Running" value="13080" />
  <attribute name ="GC Interval" value="200" />
  <attribute name="ProportionalT" value="-10.000000" />
  <attribute name="ProportionalI" value="-10.000000" />
  <attribute name="ProportionalH" value="-10.000000" />
  <attribute name="Current Error" value="-20.000000" />
  <attribute name="IntegralT" value="-11060.000000" />
  <attribute name="IntegralI" value="-11060.000000" />
  <attribute name="IntegralH" value="-11060.000000" />
  <attribute name="DerivativeT" value="-0.054250" />
  <attribute name="DerivativeI" value="-0.054250" />
  <attribute name="DerivativeH" value="-0.054250" />
  <attribute name="Loop Time for DT" value="553.000000" />
  <attribute name="Output H" value="2092630016"/>
  <attribute name="Output I" value="200"/>
  <attribute name="Output T" value="4"/>
  <attribute name="Target GC Util Change" value ="20.000000" />
  <attribute name="Current GC Util Change" value="0.000000"/>
  <attribute name="GC Util currently" value="0" />
  <attribute name="CPU Util currently" value="2" />
<allocation-satisfied id="458" threadId="0000000001BBF500" bytesRequested="32" />
<af-end id="459" timestamp="2019-06-15T04:17:02.312" threadId="0000000001BBFE88" success="true" from="nursery"/>
<exclusive-end id="460" timestamp="2019-06-15T04:17:02.312" durationms="2.592" />

<exclusive-start id="461" timestamp="2019-06-15T04:17:02.937" intervalms="627.242">
  <response-info timems="0.026" idlems="0.026" threads="0" lastid="0000000001BBF500" lastname="node-3" />
</exclusive-start>
<af-start id="462" threadId="0000000001BBFE88" totalBytesRequested="24" timestamp="2019-06-15T04:17:02.937" intervalms="627.203" type="nursery" />
<cycle-start id="463" type="scavenge" contextid="0" timestamp="2019-06-15T04:17:02.937" intervalms="627.156" />
<gc-start id="464" type="scavenge" contextid="463" timestamp="2019-06-15T04:17:02.937">
  <mem-info id="465" free="1400864" total="8388608" percent="16">
    <mem type="nursery" free="0" total="2097152" percent="0">
      <mem type="allocate" free="0" total="1703936" percent="0" />
      <mem type="survivor" free="0" total="393216" percent="0" />
    </mem>
    <mem type="tenure" free="1400864" total="6291456" percent="22">
      <mem type="soa" free="1086496" total="5977088" percent="18" />
      <mem type="loa" free="314368" total="314368" percent="100" />
    </mem>
    <remembered-set count="142" />
  </mem-info>
</gc-start>
<allocation-stats totalBytes="1349856" >
  <allocated-bytes non-tlh="32" tlh="1349824" />
  <largest-consumer threadName="node-2" threadId="0000000001BA9500" bytes="233440" />
</allocation-stats>
<gc-op id="466" type="scavenge" timems="1.015" contextid="463" timestamp="2019-06-15T04:17:02.938">
  <scavenger-info tenureage="2" tenuremask="7fe4" tiltratio="81" />
  <memory-copied type="nursery" objects="10781" bytes="258504" bytesdiscarded="54840" />
  <memory-copied type="tenure" objects="6447" bytes="154728" bytesdiscarded="0" />
</gc-op>
<gc-end id="467" type="scavenge" contextid="463" durationms="1.462" usertimems="0.000" systemtimems="0.000" timestamp="2019-06-15T04:17:02.939" activeThreads="4">
  <mem-info id="468" free="2634784" total="8388608" percent="31">
    <mem type="nursery" free="1390592" total="2097152" percent="66">
      <mem type="allocate" free="1390592" total="1703936" percent="81" />
      <mem type="survivor" free="0" total="393216" percent="0" />
    </mem>
    <mem type="tenure" free="1244192" total="6291456" percent="19" macro-fragmented="868149">
      <mem type="soa" free="929824" total="5977088" percent="15" />
      <mem type="loa" free="314368" total="314368" percent="100" />
    </mem>
    <remembered-set count="116" />
  </mem-info>
</gc-end>
<cycle-end id="469" type="scavenge" contextid="463" timestamp="2019-06-15T04:17:02.939" />
  <attribute name="elasticGC enabled" value="1" />
  <attribute name= "numThreadsSpecified" value="4" />
  <attribute name="heapSize specified" value="8388608" />
  <attribute name="Current GC Util" value="0" />
  <attribute name= "Current Time Running" value="13707" />
  <attribute name ="GC Interval" value="200" />
  <attribute name="ProportionalT" value="-10.000000" />
  <attribute name="ProportionalI" value="-10.000000" />
  <attribute name="ProportionalH" value="-10.000000" />
  <attribute name="Current Error" value="-20.000000" />
  <attribute name="IntegralT" value="-12540.000000" />
  <attribute name="IntegralI" value="-12540.000000" />
  <attribute name="IntegralH" value="-12540.000000" />
  <attribute name="DerivativeT" value="-0.047847" />
  <attribute name="DerivativeI" value="-0.047847" />
  <attribute name="DerivativeH" value="-0.047847" />
  <attribute name="Loop Time for DT" value="627.000000" />
  <attribute name="Output H" value="2092630016"/>
  <attribute name="Output I" value="200"/>
  <attribute name="Output T" value="4"/>
  <attribute name="Target GC Util Change" value ="20.000000" />
  <attribute name="Current GC Util Change" value="0.000000"/>
  <attribute name="GC Util currently" value="0" />
  <attribute name="CPU Util currently" value="3" />
<allocation-satisfied id="470" threadId="0000000001BBF500" bytesRequested="24" />
<af-end id="471" timestamp="2019-06-15T04:17:02.939" threadId="0000000001BBFE88" success="true" from="nursery"/>
<exclusive-end id="472" timestamp="2019-06-15T04:17:02.939" durationms="2.269" />

<exclusive-start id="473" timestamp="2019-06-15T04:17:03.532" intervalms="594.450">
  <response-info timems="0.023" idlems="0.023" threads="0" lastid="0000000001BB0D00" lastname="node-1" />
</exclusive-start>
<af-start id="474" threadId="0000000001BB1688" totalBytesRequested="32" timestamp="2019-06-15T04:17:03.532" intervalms="594.425" type="nursery" />
<cycle-start id="475" type="scavenge" contextid="0" timestamp="2019-06-15T04:17:03.532" intervalms="594.417" />
<gc-start id="476" type="scavenge" contextid="475" timestamp="2019-06-15T04:17:03.532">
  <mem-info id="477" free="1244192" total="8388608" percent="14">
    <mem type="nursery" free="0" total="2097152" percent="0">
      <mem type="allocate" free="0" total="1703936" percent="0" />
      <mem type="survivor" free="0" total="393216" percent="0" />
    </mem>
    <mem type="tenure" free="1244192" total="6291456" percent="19">
      <mem type="soa" free="929824" total="5977088" percent="15" />
      <mem type="loa" free="314368" total="314368" percent="100" />
    </mem>
    <remembered-set count="140" />
  </mem-info>
</gc-start>
<allocation-stats totalBytes="1389432" >
  <allocated-bytes non-tlh="24" tlh="1389408" />
  <largest-consumer threadName="node-3" threadId="0000000001BBF500" bytes="239352" />
</allocation-stats>
<gc-op id="478" type="scavenge" timems="0.961" contextid="475" timestamp="2019-06-15T04:17:03.533">
  <scavenger-info tenureage="2" tenuremask="7fe4" tiltratio="81" />
  <memory-copied type="nursery" objects="11437" bytes="274424" bytesdiscarded="38920" />
  <memory-copied type="tenure" objects="5254" bytes="126096" bytesdiscarded="0" />
</gc-op>
<gc-end id="479" type="scavenge" contextid="475" durationms="1.271" usertimems="4.000" systemtimems="0.000" timestamp="2019-06-15T04:17:03.533" activeThreads="4">
  <mem-info id="480" free="2543648" total="8388608" percent="30">
    <mem type="nursery" free="1456128" total="2097152" percent="69">
      <mem type="allocate" free="1456128" total="1769472" percent="82" />
      <mem type="survivor" free="0" total="327680" percent="0" />
    </mem>
    <mem type="tenure" free="1087520" total="6291456" percent="17" macro-fragmented="502401">
      <mem type="soa" free="773152" total="5977088" percent="12" />
      <mem type="loa" free="314368" total="314368" percent="100" />
    </mem>
    <remembered-set count="120" />
  </mem-info>
</gc-end>
<cycle-end id="481" type="scavenge" contextid="475" timestamp="2019-06-15T04:17:03.533" />
  <attribute name="elasticGC enabled" value="1" />
  <attribute name= "numThreadsSpecified" value="4" />
  <attribute name="heapSize specified" value="8388608" />
  <attribute name="Current GC Util" value="0" />
  <attribute name= "Current Time Running" value="14301" />
  <attribute name ="GC Interval" value="200" />
  <attribute name="ProportionalT" value="-10.000000" />
  <attribute name="ProportionalI" value="-10.000000" />
  <attribute name="ProportionalH" value="-10.000000" />
  <attribute name="Current Error" value="-20.000000" />
  <attribute name="IntegralT" value="-11880.000000" />
  <attribute name="IntegralI" value="-11880.000000" />
  <attribute name="IntegralH" value="-11880.000000" />
  <attribute name="DerivativeT" value="-0.050505" />
  <attribute name="DerivativeI" value="-0.050505" />
  <attribute name="DerivativeH" value="-0.050505" />
  <attribute name="Loop Time for DT" value="594.000000" />
  <attribute name="Output H" value="2092630016"/>
  <attribute name="Output I" value="200"/>
  <attribute name="Output T" value="4"/>
  <attribute name="Target GC Util Change" value ="20.000000" />
  <attribute name="Current GC Util Change" value="0.000000"/>
  <attribute name="GC Util currently" value="0" />
  <attribute name="CPU Util currently" value="3" />
<allocation-satisfied id="482" threadId="0000000001BB0D00" bytesRequested="32" />
<af-end id="483" timestamp="2019-06-15T04:17:03.533" threadId="0000000001BB1688" success="true" from="nursery"/>
<exclusive-end id="484" timestamp="2019-06-15T04:17:03.533" durationms="1.964" />

<exclusive-start id="485" timestamp="2019-06-15T04:17:04.166" intervalms="634.850">
  <response-info timems="0.031" idlems="0.031" threads="0" lastid="0000000001BC0100" lastname="node-5" />
</exclusive-start>
<af-start id="486" threadId="0000000001BC0A88" totalBytesRequested="32" timestamp="2019-06-15T04:17:04.166" intervalms="634.881" type="nursery" />
<cycle-start id="487" type="scavenge" contextid="0" timestamp="2019-06-15T04:17:04.167" intervalms="634.895" />
<gc-start id="488" type="scavenge" contextid="487" timestamp="2019-06-15T04:17:04.167">
  <mem-info id="489" free="1087520" total="8388608" percent="12">
    <mem type="nursery" free="0" total="2097152" percent="0">
      <mem type="allocate" free="0" total="1769472" percent="0" />
      <mem type="survivor" free="0" total="327680" percent="0" />
    </mem>
    <mem type="tenure" free="1087520" total="6291456" percent="17">
      <mem type="soa" free="773152" total="5977088" percent="12" />
      <mem type="loa" free="314368" total="314368" percent="100" />
    </mem>
    <remembered-set count="141" />
  </mem-info>
</gc-start>
<allocation-stats totalBytes="1455272" >
  <allocated-bytes non-tlh="32" tlh="1455240" />
  <largest-consumer threadName="node-4" threadId="0000000001BB4900" bytes="286648" />
</allocation-stats>
<gc-op id="490" type="scavenge" timems="1.074" contextid="487" timestamp="2019-06-15T04:17:04.168">
  <scavenger-info tenureage="2" tenuremask="7fe4" tiltratio="84" />
  <memory-copied type="nursery" objects="11853" bytes="286112" bytesdiscarded="41568" />
  <memory-copied type="tenure" objects="5497" bytes="131928" bytesdiscarded="0" />
</gc-op>
<gc-end id="491" type="scavenge" contextid="487" durationms="1.344" usertimems="4.000" systemtimems="0.000" timestamp="2019-06-15T04:17:04.168" activeThreads="4">
  <mem-info id="492" free="2411808" total="8388608" percent="28">
    <mem type="nursery" free="1441792" total="2097152" percent="68">
      <mem type="allocate" free="1441792" total="1769472" percent="81" />
      <mem type="survivor" free="0" total="327680" percent="0" />
    </mem>
    <mem type="tenure" free="970016" total="6291456" percent="15" macro-fragmented="893622">
      <mem type="soa" free="655648" total="5977088" percent="10" />
      <mem type="loa" free="314368" total="314368" percent="100" />
    </mem>
    <remembered-set count="126" />
  </mem-info>
</gc-end>
<cycle-end id="493" type="scavenge" contextid="487" timestamp="2019-06-15T04:17:04.168" />
  <attribute name="elasticGC enabled" value="1" />
  <attribute name= "numThreadsSpecified" value="4" />
  <attribute name="heapSize specified" value="8388608" />
  <attribute name="Current GC Util" value="0" />
  <attribute name= "Current Time Running" value="14936" />
  <attribute name ="GC Interval" value="200" />
  <attribute name="ProportionalT" value="-10.000000" />
  <attribute name="ProportionalI" value="-10.000000" />
  <attribute name="ProportionalH" value="-10.000000" />
  <attribute name="Current Error" value="-20.000000" />
  <attribute name="IntegralT" value="-12700.000000" />
  <attribute name="IntegralI" value="-12700.000000" />
  <attribute name="IntegralH" value="-12700.000000" />
  <attribute name="DerivativeT" value="-0.047244" />
  <attribute name="DerivativeI" value="-0.047244" />
  <attribute name="DerivativeH" value="-0.047244" />
  <attribute name="Loop Time for DT" value="635.000000" />
  <attribute name="Output H" value="2092630016"/>
  <attribute name="Output I" value="200"/>
  <attribute name="Output T" value="4"/>
  <attribute name="Target GC Util Change" value ="20.000000" />
  <attribute name="Current GC Util Change" value="0.000000"/>
  <attribute name="GC Util currently" value="0" />
  <attribute name="CPU Util currently" value="6" />
<allocation-satisfied id="494" threadId="0000000001BC0100" bytesRequested="32" />
<af-end id="495" timestamp="2019-06-15T04:17:04.168" threadId="0000000001BC0A88" success="true" from="nursery"/>
<exclusive-end id="496" timestamp="2019-06-15T04:17:04.169" durationms="2.128" />

<exclusive-start id="497" timestamp="2019-06-15T04:17:04.806" intervalms="640.004">
  <response-info timems="0.024" idlems="0.024" threads="0" lastid="0000000001BB4900" lastname="node-4" />
</exclusive-start>
<af-start id="498" threadId="0000000001BB5288" totalBytesRequested="376" timestamp="2019-06-15T04:17:04.806" intervalms="639.996" type="nursery" />
<cycle-start id="499" type="scavenge" contextid="0" timestamp="2019-06-15T04:17:04.807" intervalms="639.991" />
<gc-start id="500" type="scavenge" contextid="499" timestamp="2019-06-15T04:17:04.807">
  <mem-info id="501" free="970016" total="8388608" percent="11">
    <mem type="nursery" free="0" total="2097152" percent="0">
      <mem type="allocate" free="0" total="1769472" percent="0" />
      <mem type="survivor" free="0" total="327680" percent="0" />
    </mem>
    <mem type="tenure" free="970016" total="6291456" percent="15">
      <mem type="soa" free="655648" total="5977088" percent="10" />
      <mem type="loa" free="314368" total="314368" percent="100" />
    </mem>
    <remembered-set count="141" />
  </mem-info>
</gc-start>
<allocation-stats totalBytes="1441072" >
  <allocated-bytes non-tlh="32" tlh="1441040" />
  <largest-consumer threadName="node-5" threadId="0000000001BC0100" bytes="274248" />
</allocation-stats>
<gc-op id="502" type="scavenge" timems="1.073" contextid="499" timestamp="2019-06-15T04:17:04.808">
  <scavenger-info tenureage="2" tenuremask="7fe4" tiltratio="84" />
  <memory-copied type="nursery" objects="11729" bytes="283040" bytesdiscarded="44640" />
  <memory-copied type="tenure" objects="5908" bytes="141792" bytesdiscarded="0" />
</gc-op>
<gc-end id="503" type="scavenge" contextid="499" durationms="1.311" usertimems="0.000" systemtimems="0.000" timestamp="2019-06-15T04:17:04.808" activeThreads="4">
  <mem-info id="504" free="2255136" total="8388608" percent="26">
    <mem type="nursery" free="1441792" total="2097152" percent="68">
      <mem type="allocate" free="1441792" total="1769472" percent="81" />
      <mem type="survivor" free="0" total="327680" percent="0" />
    </mem>
    <mem type="tenure" free="813344" total="6291456" percent="12" macro-fragmented="660951">
      <mem type="soa" free="498976" total="5977088" percent="8" />
      <mem type="loa" free="314368" total="314368" percent="100" />
    </mem>
    <remembered-set count="117" />
  </mem-info>
</gc-end>
<cycle-end id="505" type="scavenge" contextid="499" timestamp="2019-06-15T04:17:04.808" />
  <attribute name="elasticGC enabled" value="1" />
  <attribute name= "numThreadsSpecified" value="4" />
  <attribute name="heapSize specified" value="8388608" />
  <attribute name="Current GC Util" value="0" />
  <attribute name= "Current Time Running" value="15576" />
  <attribute name ="GC Interval" value="200" />
  <attribute name="ProportionalT" value="-10.000000" />
  <attribute name="ProportionalI" value="-10.000000" />
  <attribute name="ProportionalH" value="-10.000000" />
  <attribute name="Current Error" value="-20.000000" />
  <attribute name="IntegralT" value="-12800.000000" />
  <attribute name="IntegralI" value="-12800.000000" />
  <attribute name="IntegralH" value="-12800.000000" />
  <attribute name="DerivativeT" value="-0.046875" />
  <attribute name="DerivativeI" value="-0.046875" />
  <attribute name="DerivativeH" value="-0.046875" />
  <attribute name="Loop Time for DT" value="640.000000" />
  <attribute name="Output H" value="2092630016"/>
  <attribute name="Output I" value="200"/>
  <attribute name="Output T" value="4"/>
  <attribute name="Target GC Util Change" value ="20.000000" />
  <attribute name="Current GC Util Change" value="0.000000"/>
  <attribute name="GC Util currently" value="0" />
  <attribute name="CPU Util currently" value="3" />
<allocation-satisfied id="506" threadId="0000000001BB4900" bytesRequested="376" />
<af-end id="507" timestamp="2019-06-15T04:17:04.808" threadId="0000000001BB5288" success="true" from="nursery"/>
<exclusive-end id="508" timestamp="2019-06-15T04:17:04.808" durationms="2.002" />

<exclusive-start id="509" timestamp="2019-06-15T04:17:05.455" intervalms="648.217">
  <response-info timems="0.041" idlems="0.024" threads="1" lastid="0000000001BB4900" lastname="node-4" />
</exclusive-start>
<af-start id="510" threadId="0000000001BC0A88" totalBytesRequested="24" timestamp="2019-06-15T04:17:05.455" intervalms="648.211" type="nursery" />
<cycle-start id="511" type="scavenge" contextid="0" timestamp="2019-06-15T04:17:05.455" intervalms="648.213" />
<gc-start id="512" type="scavenge" contextid="511" timestamp="2019-06-15T04:17:05.455">
  <mem-info id="513" free="813344" total="8388608" percent="9">
    <mem type="nursery" free="0" total="2097152" percent="0">
      <mem type="allocate" free="0" total="1769472" percent="0" />
      <mem type="survivor" free="0" total="327680" percent="0" />
    </mem>
    <mem type="tenure" free="813344" total="6291456" percent="12">
      <mem type="soa" free="498976" total="5977088" percent="8" />
      <mem type="loa" free="314368" total="314368" percent="100" />
    </mem>
    <remembered-set count="140" />
  </mem-info>
</gc-start>
<allocation-stats totalBytes="1440504" >
  <allocated-bytes non-tlh="376" tlh="1440128" />
  <largest-consumer threadName="node-4" threadId="0000000001BB4900" bytes="274368" />
</allocation-stats>
<gc-op id="514" type="scavenge" timems="1.021" contextid="511" timestamp="2019-06-15T04:17:05.456">
  <scavenger-info tenureage="2" tenuremask="7fe4" tiltratio="84" />
  <memory-copied type="nursery" objects="11715" bytes="280920" bytesdiscarded="32424" />
  <memory-copied type="tenure" objects="5900" bytes="141600" bytesdiscarded="0" />
</gc-op>
<gc-end id="515" type="scavenge" contextid="511" durationms="1.346" usertimems="4.000" systemtimems="0.000" timestamp="2019-06-15T04:17:05.456" activeThreads="4">
  <mem-info id="516" free="2112800" total="8388608" percent="25">
    <mem type="nursery" free="1456128" total="2097152" percent="69">
      <mem type="allocate" free="1456128" total="1769472" percent="82" />
      <mem type="survivor" free="0" total="327680" percent="0" />
    </mem>
    <mem type="tenure" free="656672" total="6291456" percent="10" macro-fragmented="581482">
      <mem type="soa" free="342304" total="5977088" percent="5" />
      <mem type="loa" free="314368" total="314368" percent="100" />
    </mem>
    <remembered-set count="118" />
  </mem-info>
</gc-end>
<cycle-end id="517" type="scavenge" contextid="511" timestamp="2019-06-15T04:17:05.456" />
  <attribute name="elasticGC enabled" value="1" />
  <attribute name= "numThreadsSpecified" value="4" />
  <attribute name="heapSize specified" value="8388608" />
  <attribute name="Current GC Util" value="0" />
  <attribute name= "Current Time Running" value="16224" />
  <attribute name ="GC Interval" value="200" />
  <attribute name="ProportionalT" value="-10.000000" />
  <attribute name="ProportionalI" value="-10.000000" />
  <attribute name="ProportionalH" value="-10.000000" />
  <attribute name="Current Error" value="-20.000000" />
  <attribute name="IntegralT" value="-12960.000000" />
  <attribute name="IntegralI" value="-12960.000000" />
  <attribute name="IntegralH" value="-12960.000000" />
  <attribute name="DerivativeT" value="-0.046296" />
  <attribute name="DerivativeI" value="-0.046296" />
  <attribute name="DerivativeH" value="-0.046296" />
  <attribute name="Loop Time for DT" value="648.000000" />
  <attribute name="Output H" value="2092630016"/>
  <attribute name="Output I" value="200"/>
  <attribute name="Output T" value="4"/>
  <attribute name="Target GC Util Change" value ="20.000000" />
  <attribute name="Current GC Util Change" value="0.000000"/>
  <attribute name="GC Util currently" value="0" />
  <attribute name="CPU Util currently" value="3" />
<allocation-satisfied id="518" threadId="0000000001BC0100" bytesRequested="24" />
<af-end id="519" timestamp="2019-06-15T04:17:05.456" threadId="0000000001BC0A88" success="true" from="nursery"/>
<exclusive-end id="520" timestamp="2019-06-15T04:17:05.457" durationms="1.899" />

<exclusive-start id="521" timestamp="2019-06-15T04:17:06.100" intervalms="645.072">
  <response-info timems="0.026" idlems="0.026" threads="0" lastid="0000000001BAD100" lastname="node-0" />
</exclusive-start>
<af-start id="522" threadId="0000000001BADA88" totalBytesRequested="32" timestamp="2019-06-15T04:17:06.100" intervalms="645.077" type="nursery" />
<cycle-start id="523" type="scavenge" contextid="0" timestamp="2019-06-15T04:17:06.100" intervalms="645.064" />
<gc-start id="524" type="scavenge" contextid="523" timestamp="2019-06-15T04:17:06.100">
  <mem-info id="525" free="656672" total="8388608" percent="7">
    <mem type="nursery" free="0" total="2097152" percent="0">
      <mem type="allocate" free="0" total="1769472" percent="0" />
      <mem type="survivor" free="0" total="327680" percent="0" />
    </mem>
    <mem type="tenure" free="656672" total="6291456" percent="10">
      <mem type="soa" free="342304" total="5977088" percent="5" />
      <mem type="loa" free="314368" total="314368" percent="100" />
    </mem>
    <remembered-set count="141" />
  </mem-info>
</gc-start>
<allocation-stats totalBytes="1455432" >
  <allocated-bytes non-tlh="24" tlh="1455408" />
  <largest-consumer threadName="node-4" threadId="0000000001BB4900" bytes="274312" />
</allocation-stats>
<gc-op id="526" type="scavenge" timems="1.071" contextid="523" timestamp="2019-06-15T04:17:06.101">
  <scavenger-info tenureage="2" tenuremask="7fe4" tiltratio="84" />
  <memory-copied type="nursery" objects="12027" bytes="288408" bytesdiscarded="39272" />
  <memory-copied type="tenure" objects="5790" bytes="138960" bytesdiscarded="0" />
</gc-op>
<gc-end id="527" type="scavenge" contextid="523" durationms="1.324" usertimems="0.000" systemtimems="0.000" timestamp="2019-06-15T04:17:06.101" activeThreads="4">
  <mem-info id="528" free="1980960" total="8388608" percent="23">
    <mem type="nursery" free="1441792" total="2097152" percent="68">
      <mem type="allocate" free="1441792" total="1769472" percent="81" />
      <mem type="survivor" free="0" total="327680" percent="0" />
    </mem>
    <mem type="tenure" free="539168" total="6291456" percent="8" macro-fragmented="0">
      <mem type="soa" free="224800" total="5977088" percent="3" />
      <mem type="loa" free="314368" total="314368" percent="100" />
    </mem>
    <remembered-set count="118" />
  </mem-info>
</gc-end>
<cycle-end id="529" type="scavenge" contextid="523" timestamp="2019-06-15T04:17:06.101" />
  <attribute name="elasticGC enabled" value="1" />
  <attribute name= "numThreadsSpecified" value="4" />
  <attribute name="heapSize specified" value="8388608" />
  <attribute name="Current GC Util" value="0" />
  <attribute name= "Current Time Running" value="16869" />
  <attribute name ="GC Interval" value="200" />
  <attribute name="ProportionalT" value="-10.000000" />
  <attribute name="ProportionalI" value="-10.000000" />
  <attribute name="ProportionalH" value="-10.000000" />
  <attribute name="Current Error" value="-20.000000" />
  <attribute name="IntegralT" value="-12900.000000" />
  <attribute name="IntegralI" value="-12900.000000" />
  <attribute name="IntegralH" value="-12900.000000" />
  <attribute name="DerivativeT" value="-0.046512" />
  <attribute name="DerivativeI" value="-0.046512" />
  <attribute name="DerivativeH" value="-0.046512" />
  <attribute name="Loop Time for DT" value="645.000000" />
  <attribute name="Output H" value="2092630016"/>
  <attribute name="Output I" value="200"/>
  <attribute name="Output T" value="4"/>
  <attribute name="Target GC Util Change" value ="20.000000" />
  <attribute name="Current GC Util Change" value="0.000000"/>
  <attribute name="GC Util currently" value="0" />
  <attribute name="CPU Util currently" value="3" />
<allocation-satisfied id="530" threadId="0000000001BAD100" bytesRequested="32" />
<af-end id="531" timestamp="2019-06-15T04:17:06.102" threadId="0000000001BADA88" success="true" from="nursery"/>
<exclusive-end id="532" timestamp="2019-06-15T04:17:06.102" durationms="2.236" />

<concurrent-kickoff id="533" timestamp="2019-06-15T04:17:06.590">
  <kickoff reason="threshold reached" targetBytes="1867303" thresholdFreeBytes="258006"  remainingFree="237536" tenureFreeBytes="539168" nurseryFreeBytes="237536" />
</concurrent-kickoff>
<exclusive-start id="534" timestamp="2019-06-15T04:17:06.590" intervalms="490.455">
  <response-info timems="0.026" idlems="0.026" threads="0" lastid="0000000001BC0100" lastname="node-5" />
</exclusive-start>
<cycle-start id="535" type="global" contextid="0" timestamp="2019-06-15T04:17:06.590" intervalms="16520.582" />
<exclusive-end id="536" timestamp="2019-06-15T04:17:06.590" durationms="0.084" />

<exclusive-start id="537" timestamp="2019-06-15T04:17:06.721" intervalms="130.547">
  <response-info timems="0.035" idlems="0.035" threads="0" lastid="0000000001BC0100" lastname="node-5" />
</exclusive-start>
<af-start id="538" threadId="0000000001BC0A88" totalBytesRequested="32" timestamp="2019-06-15T04:17:06.721" intervalms="620.997" type="nursery" />
<cycle-start id="539" type="scavenge" contextid="0" timestamp="2019-06-15T04:17:06.721" intervalms="620.993" />
<gc-start id="540" type="scavenge" contextid="539" timestamp="2019-06-15T04:17:06.721">
  <mem-info id="541" free="539168" total="8388608" percent="6">
    <mem type="nursery" free="0" total="2097152" percent="0">
      <mem type="allocate" free="0" total="1769472" percent="0" />
      <mem type="survivor" free="0" total="327680" percent="0" />
    </mem>
    <mem type="tenure" free="539168" total="6291456" percent="8">
      <mem type="soa" free="224800" total="5977088" percent="3" />
      <mem type="loa" free="314368" total="314368" percent="100" />
    </mem>
    <remembered-set count="141" />
  </mem-info>
</gc-start>
<allocation-stats totalBytes="1440256" >
  <allocated-bytes non-tlh="32" tlh="1440224" />
  <largest-consumer threadName="node-4" threadId="0000000001BB4900" bytes="273632" />
</allocation-stats>
<gc-op id="542" type="scavenge" timems="1.052" contextid="539" timestamp="2019-06-15T04:17:06.722">
  <scavenger-info tenureage="2" tenuremask="7fe4" tiltratio="84" />
  <memory-copied type="nursery" objects="11954" bytes="288536" bytesdiscarded="39144" />
  <memory-copied type="tenure" objects="6032" bytes="144768" bytesdiscarded="0" />
  <copy-failed type="nursery" objects="137" bytes="3288" />
</gc-op>
<gc-end id="543" type="scavenge" contextid="539" durationms="1.268" usertimems="4.000" systemtimems="0.000" timestamp="2019-06-15T04:17:06.722" activeThreads="4">
  <mem-info id="544" free="1824288" total="8388608" percent="21">
    <mem type="nursery" free="1441792" total="2097152" percent="68">
      <mem type="allocate" free="1441792" total="1769472" percent="81" />
      <mem type="survivor" free="0" total="327680" percent="0" />
    </mem>
    <mem type="tenure" free="382496" total="6291456" percent="6" macro-fragmented="242284">
      <mem type="soa" free="68128" total="5977088" percent="1" />
      <mem type="loa" free="314368" total="314368" percent="100" />
    </mem>
    <remembered-set count="127" />
  </mem-info>
</gc-end>
<cycle-end id="545" type="scavenge" contextid="539" timestamp="2019-06-15T04:17:06.722" />
  <attribute name="elasticGC enabled" value="1" />
  <attribute name= "numThreadsSpecified" value="4" />
  <attribute name="heapSize specified" value="8388608" />
  <attribute name="Current GC Util" value="0" />
  <attribute name= "Current Time Running" value="17490" />
  <attribute name ="GC Interval" value="200" />
  <attribute name="ProportionalT" value="-10.000000" />
  <attribute name="ProportionalI" value="-10.000000" />
  <attribute name="ProportionalH" value="-10.000000" />
  <attribute name="Current Error" value="-20.000000" />
  <attribute name="IntegralT" value="-12420.000000" />
  <attribute name="IntegralI" value="-12420.000000" />
  <attribute name="IntegralH" value="-12420.000000" />
  <attribute name="DerivativeT" value="-0.048309" />
  <attribute name="DerivativeI" value="-0.048309" />
  <attribute name="DerivativeH" value="-0.048309" />
  <attribute name="Loop Time for DT" value="621.000000" />
  <attribute name="Output H" value="2092630016"/>
  <attribute name="Output I" value="200"/>
  <attribute name="Output T" value="4"/>
  <attribute name="Target GC Util Change" value ="20.000000" />
  <attribute name="Current GC Util Change" value="0.000000"/>
  <attribute name="GC Util currently" value="0" />
  <attribute name="CPU Util currently" value="2" />
<allocation-satisfied id="546" threadId="0000000001BC0100" bytesRequested="32" />
<af-end id="547" timestamp="2019-06-15T04:17:06.722" threadId="0000000001BC0A88" success="true" from="nursery"/>
<exclusive-end id="548" timestamp="2019-06-15T04:17:06.722" durationms="1.682" />

<exclusive-start id="549" timestamp="2019-06-15T04:17:07.496" intervalms="775.140">
  <response-info timems="0.037" idlems="0.037" threads="0" lastid="0000000001BB4900" lastname="node-4" />
</exclusive-start>
<concurrent-collection-start id="550" timestamp="2019-06-15T04:17:07.496" intervalms="18379.101" >
  <concurrent-trace-info reason="card cleaning threshold reached" tracedByMutators="334884" tracedByHelpers="1205912" cardsCleaned="59" workStackOverflowCount="0" />
</concurrent-collection-start>
<gc-start id="551" type="global" contextid="535" timestamp="2019-06-15T04:17:07.496">
  <mem-info id="552" free="382496" total="8388608" percent="4">
    <mem type="nursery" free="0" total="2097152" percent="0">
      <mem type="allocate" free="0" total="1769472" percent="0" />
      <mem type="survivor" free="0" total="327680" percent="0" />
    </mem>
    <mem type="tenure" free="382496" total="6291456" percent="6">
      <mem type="soa" free="68128" total="5977088" percent="1" />
      <mem type="loa" free="314368" total="314368" percent="100" />
    </mem>
    <remembered-set count="141" />
  </mem-info>
</gc-start>
<allocation-stats totalBytes="1441552" >
  <allocated-bytes non-tlh="32" tlh="1441520" />
  <largest-consumer threadName="node-4" threadId="0000000001BB4900" bytes="274328" />
</allocation-stats>
<gc-op id="553" type="rs-scan" timems="0.329" contextid="535" timestamp="2019-06-15T04:17:07.497">
  <scan objectsFound="41" bytesTraced="4336" workStackOverflowCount="0" />
</gc-op>
<gc-op id="554" type="card-cleaning" timems="0.192" contextid="535" timestamp="2019-06-15T04:17:07.497">
  <card-cleaning cardsCleaned="28" bytesTraced="47544" workStackOverflowCount="0" />
</gc-op>
<gc-op id="555" type="mark" timems="0.736" contextid="535" timestamp="2019-06-15T04:17:07.498">
  <trace-info objectcount="229" scancount="188" scanbytes="5048" />
  <finalization candidates="13" enqueued="0" />
  <references type="soft" candidates="66" cleared="0" enqueued="0" dynamicThreshold="28" maxThreshold="32" />
  <references type="weak" candidates="130" cleared="0" enqueued="0" />
  <references type="phantom" candidates="32" cleared="2" enqueued="2" />
  <stringconstants candidates="3831" cleared="0"  />
</gc-op>
<gc-op id="556" type="sweep" timems="0.193" contextid="535" timestamp="2019-06-15T04:17:07.498" />
<mem-info id="557" free="5716016" total="8388608" percent="68">
  <mem type="nursery" free="1767920" total="2097152" percent="84">
    <mem type="allocate" free="1767920" total="1769472" percent="99" />
    <mem type="survivor" free="0" total="327680" percent="0" />
  </mem>
  <mem type="tenure" free="3948096" total="6291456" percent="62" micro-fragmented="258" macro-fragmented="2592282">
    <mem type="soa" free="3633728" total="5977088" percent="60" />
    <mem type="loa" free="314368" total="314368" percent="100" />
  </mem>
  <pending-finalizers system="0" default="0" reference="2" classloader="0" />
  <remembered-set count="139" />
</mem-info>
<gc-op id="558" type="compact" timems="12.898" contextid="535" timestamp="2019-06-15T04:17:07.512">
  <compact-info movecount="32933" movebytes="1738496" reason="compact to aid heap contraction" />
</gc-op>
<heap-resize id="559" type="expand" space="tenure" amount="2084241408" count="1" timems="0.022" reason="satisfy allocation request" timestamp="2019-06-15T04:17:07.512" />
<gc-end id="560" type="global" contextid="535" durationms="15.735" usertimems="16.000" systemtimems="0.000" timestamp="2019-06-15T04:17:07.512" activeThreads="4">
  <mem-info id="561" free="2089962504" total="2092630016" percent="99">
    <mem type="nursery" free="1768888" total="2097152" percent="84">
      <mem type="allocate" free="1768888" total="1769472" percent="99" />
      <mem type="survivor" free="0" total="327680" percent="0" />
    </mem>
    <mem type="tenure" free="2088193616" total="2090532864" percent="99">
      <mem type="soa" free="1983667792" total="1986007040" percent="99" />
      <mem type="loa" free="104525824" total="104525824" percent="100" />
    </mem>
    <pending-finalizers system="0" default="0" reference="2" classloader="0" />
    <remembered-set count="139" />
  </mem-info>
</gc-end>
<cycle-end id="562" type="global" contextid="535" timestamp="2019-06-15T04:17:07.513" />
  <attribute name="elasticGC enabled" value="1" />
  <attribute name= "numThreadsSpecified" value="4" />
  <attribute name="heapSize specified" value="8388608" />
  <attribute name="Current GC Util" value="8" />
  <attribute name= "Current Time Running" value="18281" />
  <attribute name ="GC Interval" value="200" />
  <attribute name="ProportionalT" value="-6.000000" />
  <attribute name="ProportionalI" value="-6.000000" />
  <attribute name="ProportionalH" value="-6.000000" />
  <attribute name="Current Error" value="-12.000000" />
  <attribute name="IntegralT" value="-156.000000" />
  <attribute name="IntegralI" value="-156.000000" />
  <attribute name="IntegralH" value="-156.000000" />
  <attribute name="DerivativeT" value="-1.384615" />
  <attribute name="DerivativeI" value="-1.384615" />
  <attribute name="DerivativeH" value="-1.384615" />
  <attribute name="Loop Time for DT" value="13.000000" />
  <attribute name="Output H" value="2092630016"/>
  <attribute name="Output I" value="200"/>
  <attribute name="Output T" value="4"/>
  <attribute name="Target GC Util Change" value ="20.000000" />
  <attribute name="Current GC Util Change" value="8.000000"/>
  <attribute name="GC Util currently" value="8" />
  <attribute name="CPU Util currently" value="353123534922" />
<concurrent-collection-end id="563" timestamp="2019-06-15T04:17:07.513" />
<exclusive-end id="564" timestamp="2019-06-15T04:17:07.513" durationms="16.941" />

<exclusive-start id="565" timestamp="2019-06-15T04:17:08.206" intervalms="709.933">
  <response-info timems="0.030" idlems="0.030" threads="0" lastid="0000000001BC0100" lastname="node-5" />
</exclusive-start>
<af-start id="566" threadId="0000000001BC0A88" totalBytesRequested="16" timestamp="2019-06-15T04:17:08.206" intervalms="1485.075" type="nursery" />
<cycle-start id="567" type="scavenge" contextid="0" timestamp="2019-06-15T04:17:08.206" intervalms="1485.087" />
<gc-start id="568" type="scavenge" contextid="567" timestamp="2019-06-15T04:17:08.206">
  <mem-info id="569" free="2088193616" total="2092630016" percent="99">
    <mem type="nursery" free="0" total="2097152" percent="0">
      <mem type="allocate" free="0" total="1769472" percent="0" />
      <mem type="survivor" free="0" total="327680" percent="0" />
    </mem>
    <mem type="tenure" free="2088193616" total="2090532864" percent="99">
      <mem type="soa" free="1983667792" total="1986007040" percent="99" />
      <mem type="loa" free="104525824" total="104525824" percent="100" />
    </mem>
    <remembered-set count="141" />
  </mem-info>
</gc-start>
<allocation-stats totalBytes="1767240" >
  <allocated-bytes non-tlh="0" tlh="1767240" />
  <largest-consumer threadName="node-4" threadId="0000000001BB4900" bytes="334600" />
</allocation-stats>
<gc-op id="570" type="scavenge" timems="0.201" contextid="567" timestamp="2019-06-15T04:17:08.206">
  <scavenger-info tenureage="2" tenuremask="7fe4" tiltratio="84" />
  <memory-copied type="nursery" objects="49" bytes="3744" bytesdiscarded="74592" />
</gc-op>
<gc-end id="571" type="scavenge" contextid="567" durationms="0.752" usertimems="0.000" systemtimems="0.000" timestamp="2019-06-15T04:17:08.207" activeThreads="4">
  <mem-info id="572" free="2089884752" total="2092630016" percent="99">
    <mem type="nursery" free="1691136" total="2097152" percent="80">
      <mem type="allocate" free="1691136" total="1769472" percent="95" />
      <mem type="survivor" free="0" total="327680" percent="0" />
    </mem>
    <mem type="tenure" free="2088193616" total="2090532864" percent="99" macro-fragmented="0">
      <mem type="soa" free="1983667792" total="1986007040" percent="99" />
      <mem type="loa" free="104525824" total="104525824" percent="100" />
    </mem>
    <remembered-set count="120" />
  </mem-info>
</gc-end>
<cycle-end id="573" type="scavenge" contextid="567" timestamp="2019-06-15T04:17:08.207" />
  <attribute name="elasticGC enabled" value="1" />
  <attribute name= "numThreadsSpecified" value="4" />
  <attribute name="heapSize specified" value="8388608" />
  <attribute name="Current GC Util" value="2" />
  <attribute name= "Current Time Running" value="18975" />
  <attribute name ="GC Interval" value="200" />
  <attribute name="ProportionalT" value="-9.000000" />
  <attribute name="ProportionalI" value="-9.000000" />
  <attribute name="ProportionalH" value="-9.000000" />
  <attribute name="Current Error" value="-18.000000" />
  <attribute name="IntegralT" value="-12492.000000" />
  <attribute name="IntegralI" value="-12492.000000" />
  <attribute name="IntegralH" value="-12492.000000" />
  <attribute name="DerivativeT" value="-0.038905" />
  <attribute name="DerivativeI" value="-0.038905" />
  <attribute name="DerivativeH" value="-0.038905" />
  <attribute name="Loop Time for DT" value="694.000000" />
  <attribute name="Output H" value="2092630016"/>
  <attribute name="Output I" value="200"/>
  <attribute name="Output T" value="4"/>
  <attribute name="Target GC Util Change" value ="20.000000" />
  <attribute name="Current GC Util Change" value="2.000000"/>
  <attribute name="GC Util currently" value="2" />
  <attribute name="CPU Util currently" value="0" />
<allocation-satisfied id="574" threadId="0000000001BC0100" bytesRequested="16" />
<af-end id="575" timestamp="2019-06-15T04:17:08.207" threadId="0000000001BC0A88" success="true" from="nursery"/>
<exclusive-end id="576" timestamp="2019-06-15T04:17:08.207" durationms="1.504" />

<exclusive-start id="577" timestamp="2019-06-15T04:17:08.931" intervalms="725.084">
  <response-info timems="0.047" idlems="0.047" threads="0" lastid="0000000001BB0D00" lastname="node-1" />
</exclusive-start>
<af-start id="578" threadId="0000000001BB1688" totalBytesRequested="32" timestamp="2019-06-15T04:17:08.931" intervalms="725.077" type="nursery" />
<cycle-start id="579" type="scavenge" contextid="0" timestamp="2019-06-15T04:17:08.931" intervalms="725.066" />
<gc-start id="580" type="scavenge" contextid="579" timestamp="2019-06-15T04:17:08.931">
  <mem-info id="581" free="2088193616" total="2092630016" percent="99">
    <mem type="nursery" free="0" total="2097152" percent="0">
      <mem type="allocate" free="0" total="1769472" percent="0" />
      <mem type="survivor" free="0" total="327680" percent="0" />
    </mem>
    <mem type="tenure" free="2088193616" total="2090532864" percent="99">
      <mem type="soa" free="1983667792" total="1986007040" percent="99" />
      <mem type="loa" free="104525824" total="104525824" percent="100" />
    </mem>
    <remembered-set count="140" />
  </mem-info>
</gc-start>
<allocation-stats totalBytes="1688840" >
  <allocated-bytes non-tlh="16" tlh="1688824" />
  <largest-consumer threadName="node-4" threadId="0000000001BB4900" bytes="310120" />
</allocation-stats>
<gc-op id="582" type="scavenge" timems="1.735" contextid="579" timestamp="2019-06-15T04:17:08.933">
  <scavenger-info tenureage="6" tenuremask="7fc0" tiltratio="84" />
  <memory-copied type="nursery" objects="49" bytes="2808" bytesdiscarded="36360" />
</gc-op>
<gc-end id="583" type="scavenge" contextid="579" durationms="2.094" usertimems="4.000" systemtimems="0.000" timestamp="2019-06-15T04:17:08.933" activeThreads="4">
  <mem-info id="584" free="2089989456" total="2092630016" percent="99">
    <mem type="nursery" free="1795840" total="2097152" percent="85">
      <mem type="allocate" free="1795840" total="1835008" percent="97" />
      <mem type="survivor" free="0" total="262144" percent="0" />
    </mem>
    <mem type="tenure" free="2088193616" total="2090532864" percent="99" macro-fragmented="0">
      <mem type="soa" free="1983667792" total="1986007040" percent="99" />
      <mem type="loa" free="104525824" total="104525824" percent="100" />
    </mem>
    <remembered-set count="125" />
  </mem-info>
</gc-end>
<cycle-end id="585" type="scavenge" contextid="579" timestamp="2019-06-15T04:17:08.933" />
  <attribute name="elasticGC enabled" value="1" />
  <attribute name= "numThreadsSpecified" value="4" />
  <attribute name="heapSize specified" value="8388608" />
  <attribute name="Current GC Util" value="0" />
  <attribute name= "Current Time Running" value="19700" />
  <attribute name ="GC Interval" value="200" />
  <attribute name="ProportionalT" value="-10.000000" />
  <attribute name="ProportionalI" value="-10.000000" />
  <attribute name="ProportionalH" value="-10.000000" />
  <attribute name="Current Error" value="-20.000000" />
  <attribute name="IntegralT" value="-14500.000000" />
  <attribute name="IntegralI" value="-14500.000000" />
  <attribute name="IntegralH" value="-14500.000000" />
  <attribute name="DerivativeT" value="-0.041379" />
  <attribute name="DerivativeI" value="-0.041379" />
  <attribute name="DerivativeH" value="-0.041379" />
  <attribute name="Loop Time for DT" value="725.000000" />
  <attribute name="Output H" value="2092630016"/>
  <attribute name="Output I" value="200"/>
  <attribute name="Output T" value="4"/>
  <attribute name="Target GC Util Change" value ="20.000000" />
  <attribute name="Current GC Util Change" value="0.000000"/>
  <attribute name="GC Util currently" value="0" />
  <attribute name="CPU Util currently" value="1" />
<allocation-satisfied id="586" threadId="0000000001BB0D00" bytesRequested="32" />
<af-end id="587" timestamp="2019-06-15T04:17:08.933" threadId="0000000001BB1688" success="true" from="nursery"/>
<exclusive-end id="588" timestamp="2019-06-15T04:17:08.934" durationms="2.667" />

<exclusive-start id="589" timestamp="2019-06-15T04:17:09.720" intervalms="788.788">
  <response-info timems="0.050" idlems="0.050" threads="0" lastid="0000000001BC0100" lastname="node-5" />
</exclusive-start>
<af-start id="590" threadId="0000000001BC0A88" totalBytesRequested="24" timestamp="2019-06-15T04:17:09.720" intervalms="788.835" type="nursery" />
<cycle-start id="591" type="scavenge" contextid="0" timestamp="2019-06-15T04:17:09.720" intervalms="788.855" />
<gc-start id="592" type="scavenge" contextid="591" timestamp="2019-06-15T04:17:09.720">
  <mem-info id="593" free="2088193616" total="2092630016" percent="99">
    <mem type="nursery" free="0" total="2097152" percent="0">
      <mem type="allocate" free="0" total="1835008" percent="0" />
      <mem type="survivor" free="0" total="262144" percent="0" />
    </mem>
    <mem type="tenure" free="2088193616" total="2090532864" percent="99">
      <mem type="soa" free="1983667792" total="1986007040" percent="99" />
      <mem type="loa" free="104525824" total="104525824" percent="100" />
    </mem>
    <remembered-set count="140" />
  </mem-info>
</gc-start>
<allocation-stats totalBytes="1794840" >
  <allocated-bytes non-tlh="32" tlh="1794808" />
  <largest-consumer threadName="node-3" threadId="0000000001BBF500" bytes="319376" />
</allocation-stats>
<gc-op id="594" type="scavenge" timems="0.206" contextid="591" timestamp="2019-06-15T04:17:09.720">
  <scavenger-info tenureage="7" tenuremask="7f80" tiltratio="87" />
  <memory-copied type="nursery" objects="49" bytes="2824" bytesdiscarded="75512" />
</gc-op>
<gc-end id="595" type="scavenge" contextid="591" durationms="0.850" usertimems="0.000" systemtimems="0.000" timestamp="2019-06-15T04:17:09.721" activeThreads="4">
  <mem-info id="596" free="2089950288" total="2092630016" percent="99">
    <mem type="nursery" free="1756672" total="2097152" percent="83">
      <mem type="allocate" free="1756672" total="1835008" percent="95" />
      <mem type="survivor" free="0" total="262144" percent="0" />
    </mem>
    <mem type="tenure" free="2088193616" total="2090532864" percent="99" macro-fragmented="0">
      <mem type="soa" free="1983667792" total="1986007040" percent="99" />
      <mem type="loa" free="104525824" total="104525824" percent="100" />
    </mem>
    <remembered-set count="123" />
  </mem-info>
</gc-end>
<cycle-end id="597" type="scavenge" contextid="591" timestamp="2019-06-15T04:17:09.721" />
  <attribute name="elasticGC enabled" value="1" />
  <attribute name= "numThreadsSpecified" value="4" />
  <attribute name="heapSize specified" value="8388608" />
  <attribute name="Current GC Util" value="0" />
  <attribute name= "Current Time Running" value="20489" />
  <attribute name ="GC Interval" value="200" />
  <attribute name="ProportionalT" value="-10.000000" />
  <attribute name="ProportionalI" value="-10.000000" />
  <attribute name="ProportionalH" value="-10.000000" />
  <attribute name="Current Error" value="-20.000000" />
  <attribute name="IntegralT" value="-15780.000000" />
  <attribute name="IntegralI" value="-15780.000000" />
  <attribute name="IntegralH" value="-15780.000000" />
  <attribute name="DerivativeT" value="-0.038023" />
  <attribute name="DerivativeI" value="-0.038023" />
  <attribute name="DerivativeH" value="-0.038023" />
  <attribute name="Loop Time for DT" value="789.000000" />
  <attribute name="Output H" value="2092630016"/>
  <attribute name="Output I" value="200"/>
  <attribute name="Output T" value="4"/>
  <attribute name="Target GC Util Change" value ="20.000000" />
  <attribute name="Current GC Util Change" value="0.000000"/>
  <attribute name="GC Util currently" value="0" />
  <attribute name="CPU Util currently" value="1" />
<allocation-satisfied id="598" threadId="0000000001BC0100" bytesRequested="24" />
<af-end id="599" timestamp="2019-06-15T04:17:09.721" threadId="0000000001BC0A88" success="true" from="nursery"/>
<exclusive-end id="600" timestamp="2019-06-15T04:17:09.721" durationms="1.456" />

<exclusive-start id="601" timestamp="2019-06-15T04:17:10.504" intervalms="784.787">
  <response-info timems="0.024" idlems="0.024" threads="0" lastid="0000000001BBF500" lastname="node-3" />
</exclusive-start>
<af-start id="602" threadId="0000000001BBFE88" totalBytesRequested="32" timestamp="2019-06-15T04:17:10.505" intervalms="784.799" type="nursery" />
<cycle-start id="603" type="scavenge" contextid="0" timestamp="2019-06-15T04:17:10.505" intervalms="784.829" />
<gc-start id="604" type="scavenge" contextid="603" timestamp="2019-06-15T04:17:10.505">
  <mem-info id="605" free="2088193616" total="2092630016" percent="99">
    <mem type="nursery" free="0" total="2097152" percent="0">
      <mem type="allocate" free="0" total="1835008" percent="0" />
      <mem type="survivor" free="0" total="262144" percent="0" />
    </mem>
    <mem type="tenure" free="2088193616" total="2090532864" percent="99">
      <mem type="soa" free="1983667792" total="1986007040" percent="99" />
      <mem type="loa" free="104525824" total="104525824" percent="100" />
    </mem>
    <remembered-set count="138" />
  </mem-info>
</gc-start>
<allocation-stats totalBytes="1756296" >
  <allocated-bytes non-tlh="24" tlh="1756272" />
  <largest-consumer threadName="node-5" threadId="0000000001BC0100" bytes="315368" />
</allocation-stats>
<gc-op id="606" type="scavenge" timems="0.221" contextid="603" timestamp="2019-06-15T04:17:10.505">
  <scavenger-info tenureage="8" tenuremask="7f00" tiltratio="87" />
  <memory-copied type="nursery" objects="37" bytes="648" bytesdiscarded="77688" />
</gc-op>
<gc-end id="607" type="scavenge" contextid="603" durationms="0.965" usertimems="0.000" systemtimems="0.000" timestamp="2019-06-15T04:17:10.506" activeThreads="4">
  <mem-info id="608" free="2089950288" total="2092630016" percent="99">
    <mem type="nursery" free="1756672" total="2097152" percent="83">
      <mem type="allocate" free="1756672" total="1835008" percent="95" />
      <mem type="survivor" free="0" total="262144" percent="0" />
    </mem>
    <mem type="tenure" free="2088193616" total="2090532864" percent="99" macro-fragmented="0">
      <mem type="soa" free="1983667792" total="1986007040" percent="99" />
      <mem type="loa" free="104525824" total="104525824" percent="100" />
    </mem>
    <remembered-set count="115" />
  </mem-info>
</gc-end>
<cycle-end id="609" type="scavenge" contextid="603" timestamp="2019-06-15T04:17:10.506" />
  <attribute name="elasticGC enabled" value="1" />
  <attribute name= "numThreadsSpecified" value="4" />
  <attribute name="heapSize specified" value="8388608" />
  <attribute name="Current GC Util" value="0" />
  <attribute name= "Current Time Running" value="21274" />
  <attribute name ="GC Interval" value="200" />
  <attribute name="ProportionalT" value="-10.000000" />
  <attribute name="ProportionalI" value="-10.000000" />
  <attribute name="ProportionalH" value="-10.000000" />
  <attribute name="Current Error" value="-20.000000" />
  <attribute name="IntegralT" value="-15700.000000" />
  <attribute name="IntegralI" value="-15700.000000" />
  <attribute name="IntegralH" value="-15700.000000" />
  <attribute name="DerivativeT" value="-0.038217" />
  <attribute name="DerivativeI" value="-0.038217" />
  <attribute name="DerivativeH" value="-0.038217" />
  <attribute name="Loop Time for DT" value="785.000000" />
  <attribute name="Output H" value="2092630016"/>
  <attribute name="Output I" value="200"/>
  <attribute name="Output T" value="4"/>
  <attribute name="Target GC Util Change" value ="20.000000" />
  <attribute name="Current GC Util Change" value="0.000000"/>
  <attribute name="GC Util currently" value="0" />
  <attribute name="CPU Util currently" value="0" />
<allocation-satisfied id="610" threadId="0000000001BBF500" bytesRequested="32" />
<af-end id="611" timestamp="2019-06-15T04:17:10.506" threadId="0000000001BBFE88" success="true" from="nursery"/>
<exclusive-end id="612" timestamp="2019-06-15T04:17:10.506" durationms="1.653" />

<exclusive-start id="613" timestamp="2019-06-15T04:17:11.317" intervalms="812.898">
  <response-info timems="0.031" idlems="0.031" threads="0" lastid="0000000001BBF500" lastname="node-3" />
</exclusive-start>
<af-start id="614" threadId="0000000001BBFE88" totalBytesRequested="32" timestamp="2019-06-15T04:17:11.317" intervalms="812.846" type="nursery" />
<cycle-start id="615" type="scavenge" contextid="0" timestamp="2019-06-15T04:17:11.317" intervalms="812.808" />
<gc-start id="616" type="scavenge" contextid="615" timestamp="2019-06-15T04:17:11.318">
  <mem-info id="617" free="2088193616" total="2092630016" percent="99">
    <mem type="nursery" free="0" total="2097152" percent="0">
      <mem type="allocate" free="0" total="1835008" percent="0" />
      <mem type="survivor" free="0" total="262144" percent="0" />
    </mem>
    <mem type="tenure" free="2088193616" total="2090532864" percent="99">
      <mem type="soa" free="1983667792" total="1986007040" percent="99" />
      <mem type="loa" free="104525824" total="104525824" percent="100" />
    </mem>
    <remembered-set count="138" />
  </mem-info>
</gc-start>
<allocation-stats totalBytes="1754232" >
  <allocated-bytes non-tlh="32" tlh="1754200" />
  <largest-consumer threadName="node-5" threadId="0000000001BC0100" bytes="315328" />
</allocation-stats>
<gc-op id="618" type="scavenge" timems="0.200" contextid="615" timestamp="2019-06-15T04:17:11.318">
  <scavenger-info tenureage="9" tenuremask="7e00" tiltratio="87" />
  <memory-copied type="nursery" objects="57" bytes="1856" bytesdiscarded="76480" />
</gc-op>
<gc-end id="619" type="scavenge" contextid="615" durationms="0.578" usertimems="0.000" systemtimems="0.000" timestamp="2019-06-15T04:17:11.318" activeThreads="4">
  <mem-info id="620" free="2089950288" total="2092630016" percent="99">
    <mem type="nursery" free="1756672" total="2097152" percent="83">
      <mem type="allocate" free="1756672" total="1835008" percent="95" />
      <mem type="survivor" free="0" total="262144" percent="0" />
    </mem>
    <mem type="tenure" free="2088193616" total="2090532864" percent="99" macro-fragmented="0">
      <mem type="soa" free="1983667792" total="1986007040" percent="99" />
      <mem type="loa" free="104525824" total="104525824" percent="100" />
    </mem>
    <remembered-set count="121" />
  </mem-info>
</gc-end>
<cycle-end id="621" type="scavenge" contextid="615" timestamp="2019-06-15T04:17:11.318" />
  <attribute name="elasticGC enabled" value="1" />
  <attribute name= "numThreadsSpecified" value="4" />
  <attribute name="heapSize specified" value="8388608" />
  <attribute name="Current GC Util" value="0" />
  <attribute name= "Current Time Running" value="22087" />
  <attribute name ="GC Interval" value="200" />
  <attribute name="ProportionalT" value="-10.000000" />
  <attribute name="ProportionalI" value="-10.000000" />
  <attribute name="ProportionalH" value="-10.000000" />
  <attribute name="Current Error" value="-20.000000" />
  <attribute name="IntegralT" value="-16260.000000" />
  <attribute name="IntegralI" value="-16260.000000" />
  <attribute name="IntegralH" value="-16260.000000" />
  <attribute name="DerivativeT" value="-0.036900" />
  <attribute name="DerivativeI" value="-0.036900" />
  <attribute name="DerivativeH" value="-0.036900" />
  <attribute name="Loop Time for DT" value="813.000000" />
  <attribute name="Output H" value="2092630016"/>
  <attribute name="Output I" value="200"/>
  <attribute name="Output T" value="4"/>
  <attribute name="Target GC Util Change" value ="20.000000" />
  <attribute name="Current GC Util Change" value="0.000000"/>
  <attribute name="GC Util currently" value="0" />
  <attribute name="CPU Util currently" value="0" />
<allocation-satisfied id="622" threadId="0000000001BBF500" bytesRequested="32" />
<af-end id="623" timestamp="2019-06-15T04:17:11.318" threadId="0000000001BBFE88" success="true" from="nursery"/>
<exclusive-end id="624" timestamp="2019-06-15T04:17:11.318" durationms="1.094" />

<exclusive-start id="625" timestamp="2019-06-15T04:17:12.081" intervalms="763.827">
  <response-info timems="0.027" idlems="0.027" threads="0" lastid="0000000001BA9500" lastname="node-2" />
</exclusive-start>
<af-start id="626" threadId="0000000001BA9E88" totalBytesRequested="32" timestamp="2019-06-15T04:17:12.081" intervalms="763.820" type="nursery" />
<cycle-start id="627" type="scavenge" contextid="0" timestamp="2019-06-15T04:17:12.081" intervalms="763.805" />
<gc-start id="628" type="scavenge" contextid="627" timestamp="2019-06-15T04:17:12.081">
  <mem-info id="629" free="2088193616" total="2092630016" percent="99">
    <mem type="nursery" free="0" total="2097152" percent="0">
      <mem type="allocate" free="0" total="1835008" percent="0" />
      <mem type="survivor" free="0" total="262144" percent="0" />
    </mem>
    <mem type="tenure" free="2088193616" total="2090532864" percent="99">
      <mem type="soa" free="1983667792" total="1986007040" percent="99" />
      <mem type="loa" free="104525824" total="104525824" percent="100" />
    </mem>
    <remembered-set count="138" />
  </mem-info>
</gc-start>
<allocation-stats totalBytes="1756216" >
  <allocated-bytes non-tlh="32" tlh="1756184" />
  <largest-consumer threadName="node-5" threadId="0000000001BC0100" bytes="315312" />
</allocation-stats>
<gc-op id="630" type="scavenge" timems="1.763" contextid="627" timestamp="2019-06-15T04:17:12.083">
  <scavenger-info tenureage="10" tenuremask="7c00" tiltratio="87" />
  <memory-copied type="nursery" objects="34" bytes="576" bytesdiscarded="38592" />
</gc-op>
<gc-end id="631" type="scavenge" contextid="627" durationms="2.150" usertimems="0.000" systemtimems="0.000" timestamp="2019-06-15T04:17:12.083" activeThreads="4">
  <mem-info id="632" free="2089989456" total="2092630016" percent="99">
    <mem type="nursery" free="1795840" total="2097152" percent="85">
      <mem type="allocate" free="1795840" total="1835008" percent="97" />
      <mem type="survivor" free="0" total="262144" percent="0" />
    </mem>
    <mem type="tenure" free="2088193616" total="2090532864" percent="99" macro-fragmented="0">
      <mem type="soa" free="1983667792" total="1986007040" percent="99" />
      <mem type="loa" free="104525824" total="104525824" percent="100" />
    </mem>
    <remembered-set count="115" />
  </mem-info>
</gc-end>
<cycle-end id="633" type="scavenge" contextid="627" timestamp="2019-06-15T04:17:12.084" />
  <attribute name="elasticGC enabled" value="1" />
  <attribute name= "numThreadsSpecified" value="4" />
  <attribute name="heapSize specified" value="8388608" />
  <attribute name="Current GC Util" value="0" />
  <attribute name= "Current Time Running" value="22851" />
  <attribute name ="GC Interval" value="200" />
  <attribute name="ProportionalT" value="-10.000000" />
  <attribute name="ProportionalI" value="-10.000000" />
  <attribute name="ProportionalH" value="-10.000000" />
  <attribute name="Current Error" value="-20.000000" />
  <attribute name="IntegralT" value="-15280.000000" />
  <attribute name="IntegralI" value="-15280.000000" />
  <attribute name="IntegralH" value="-15280.000000" />
  <attribute name="DerivativeT" value="-0.039267" />
  <attribute name="DerivativeI" value="-0.039267" />
  <attribute name="DerivativeH" value="-0.039267" />
  <attribute name="Loop Time for DT" value="764.000000" />
  <attribute name="Output H" value="2092630016"/>
  <attribute name="Output I" value="200"/>
  <attribute name="Output T" value="4"/>
  <attribute name="Target GC Util Change" value ="20.000000" />
  <attribute name="Current GC Util Change" value="0.000000"/>
  <attribute name="GC Util currently" value="0" />
  <attribute name="CPU Util currently" value="0" />
<allocation-satisfied id="634" threadId="0000000001BA9500" bytesRequested="32" />
<af-end id="635" timestamp="2019-06-15T04:17:12.084" threadId="0000000001BA9E88" success="true" from="nursery"/>
<exclusive-end id="636" timestamp="2019-06-15T04:17:12.084" durationms="2.771" />

<exclusive-start id="637" timestamp="2019-06-15T04:17:12.925" intervalms="844.037">
  <response-info timems="0.023" idlems="0.023" threads="0" lastid="0000000001BB4900" lastname="node-4" />
</exclusive-start>
<af-start id="638" threadId="0000000001BB5288" totalBytesRequested="32" timestamp="2019-06-15T04:17:12.925" intervalms="844.086" type="nursery" />
<cycle-start id="639" type="scavenge" contextid="0" timestamp="2019-06-15T04:17:12.925" intervalms="844.090" />
<gc-start id="640" type="scavenge" contextid="639" timestamp="2019-06-15T04:17:12.925">
  <mem-info id="641" free="2088193616" total="2092630016" percent="99">
    <mem type="nursery" free="0" total="2097152" percent="0">
      <mem type="allocate" free="0" total="1835008" percent="0" />
      <mem type="survivor" free="0" total="262144" percent="0" />
    </mem>
    <mem type="tenure" free="2088193616" total="2090532864" percent="99">
      <mem type="soa" free="1983667792" total="1986007040" percent="99" />
      <mem type="loa" free="104525824" total="104525824" percent="100" />
    </mem>
    <remembered-set count="138" />
  </mem-info>
</gc-start>
<allocation-stats totalBytes="1795312" >
  <allocated-bytes non-tlh="32" tlh="1795280" />
  <largest-consumer threadName="node-3" threadId="0000000001BBF500" bytes="315360" />
</allocation-stats>
<gc-op id="642" type="scavenge" timems="0.190" contextid="639" timestamp="2019-06-15T04:17:12.926">
  <scavenger-info tenureage="11" tenuremask="7800" tiltratio="87" />
  <memory-copied type="nursery" objects="34" bytes="576" bytesdiscarded="77760" />
</gc-op>
<gc-end id="643" type="scavenge" contextid="639" durationms="0.841" usertimems="0.000" systemtimems="0.000" timestamp="2019-06-15T04:17:12.926" activeThreads="4">
  <mem-info id="644" free="2089950288" total="2092630016" percent="99">
    <mem type="nursery" free="1756672" total="2097152" percent="83">
      <mem type="allocate" free="1756672" total="1835008" percent="95" />
      <mem type="survivor" free="0" total="262144" percent="0" />
    </mem>
    <mem type="tenure" free="2088193616" total="2090532864" percent="99" macro-fragmented="0">
      <mem type="soa" free="1983667792" total="1986007040" percent="99" />
      <mem type="loa" free="104525824" total="104525824" percent="100" />
    </mem>
    <remembered-set count="115" />
  </mem-info>
</gc-end>
<cycle-end id="645" type="scavenge" contextid="639" timestamp="2019-06-15T04:17:12.926" />
  <attribute name="elasticGC enabled" value="1" />
  <attribute name= "numThreadsSpecified" value="4" />
  <attribute name="heapSize specified" value="8388608" />
  <attribute name="Current GC Util" value="0" />
  <attribute name= "Current Time Running" value="23695" />
  <attribute name ="GC Interval" value="200" />
  <attribute name="ProportionalT" value="-10.000000" />
  <attribute name="ProportionalI" value="-10.000000" />
  <attribute name="ProportionalH" value="-10.000000" />
  <attribute name="Current Error" value="-20.000000" />
  <attribute name="IntegralT" value="-16880.000000" />
  <attribute name="IntegralI" value="-16880.000000" />
  <attribute name="IntegralH" value="-16880.000000" />
  <attribute name="DerivativeT" value="-0.035545" />
  <attribute name="DerivativeI" value="-0.035545" />
  <attribute name="DerivativeH" value="-0.035545" />
  <attribute name="Loop Time for DT" value="844.000000" />
  <attribute name="Output H" value="2092630016"/>
  <attribute name="Output I" value="200"/>
  <attribute name="Output T" value="4"/>
  <attribute name="Target GC Util Change" value ="20.000000" />
  <attribute name="Current GC Util Change" value="0.000000"/>
  <attribute name="GC Util currently" value="0" />
  <attribute name="CPU Util currently" value="0" />
<allocation-satisfied id="646" threadId="0000000001BB4900" bytesRequested="32" />
<af-end id="647" timestamp="2019-06-15T04:17:12.927" threadId="0000000001BB5288" success="true" from="nursery"/>
<exclusive-end id="648" timestamp="2019-06-15T04:17:12.927" durationms="1.444" />

<exclusive-start id="649" timestamp="2019-06-15T04:17:13.604" intervalms="678.634">
  <response-info timems="0.019" idlems="0.019" threads="0" lastid="0000000001BBF500" lastname="node-3" />
</exclusive-start>
<af-start id="650" threadId="0000000001BBFE88" totalBytesRequested="32" timestamp="2019-06-15T04:17:13.604" intervalms="678.595" type="nursery" />
<cycle-start id="651" type="scavenge" contextid="0" timestamp="2019-06-15T04:17:13.604" intervalms="678.604" />
<gc-start id="652" type="scavenge" contextid="651" timestamp="2019-06-15T04:17:13.604">
  <mem-info id="653" free="2088193616" total="2092630016" percent="99">
    <mem type="nursery" free="0" total="2097152" percent="0">
      <mem type="allocate" free="0" total="1835008" percent="0" />
      <mem type="survivor" free="0" total="262144" percent="0" />
    </mem>
    <mem type="tenure" free="2088193616" total="2090532864" percent="99">
      <mem type="soa" free="1983667792" total="1986007040" percent="99" />
      <mem type="loa" free="104525824" total="104525824" percent="100" />
    </mem>
    <remembered-set count="138" />
  </mem-info>
</gc-start>
<allocation-stats totalBytes="1755272" >
  <allocated-bytes non-tlh="32" tlh="1755240" />
  <largest-consumer threadName="node-5" threadId="0000000001BC0100" bytes="315008" />
</allocation-stats>
<gc-op id="654" type="scavenge" timems="0.150" contextid="651" timestamp="2019-06-15T04:17:13.604">
  <scavenger-info tenureage="12" tenuremask="7000" tiltratio="87" />
  <memory-copied type="nursery" objects="34" bytes="576" bytesdiscarded="38592" />
</gc-op>
<gc-end id="655" type="scavenge" contextid="651" durationms="0.689" usertimems="0.000" systemtimems="0.000" timestamp="2019-06-15T04:17:13.605" activeThreads="4">
  <mem-info id="656" free="2089989456" total="2092630016" percent="99">
    <mem type="nursery" free="1795840" total="2097152" percent="85">
      <mem type="allocate" free="1795840" total="1835008" percent="97" />
      <mem type="survivor" free="0" total="262144" percent="0" />
    </mem>
    <mem type="tenure" free="2088193616" total="2090532864" percent="99" macro-fragmented="0">
      <mem type="soa" free="1983667792" total="1986007040" percent="99" />
      <mem type="loa" free="104525824" total="104525824" percent="100" />
    </mem>
    <remembered-set count="115" />
  </mem-info>
</gc-end>
<cycle-end id="657" type="scavenge" contextid="651" timestamp="2019-06-15T04:17:13.605" />
  <attribute name="elasticGC enabled" value="1" />
  <attribute name= "numThreadsSpecified" value="4" />
  <attribute name="heapSize specified" value="8388608" />
  <attribute name="Current GC Util" value="0" />
  <attribute name= "Current Time Running" value="24374" />
  <attribute name ="GC Interval" value="200" />
  <attribute name="ProportionalT" value="-10.000000" />
  <attribute name="ProportionalI" value="-10.000000" />
  <attribute name="ProportionalH" value="-10.000000" />
  <attribute name="Current Error" value="-20.000000" />
  <attribute name="IntegralT" value="-13580.000000" />
  <attribute name="IntegralI" value="-13580.000000" />
  <attribute name="IntegralH" value="-13580.000000" />
  <attribute name="DerivativeT" value="-0.044183" />
  <attribute name="DerivativeI" value="-0.044183" />
  <attribute name="DerivativeH" value="-0.044183" />
  <attribute name="Loop Time for DT" value="679.000000" />
  <attribute name="Output H" value="2092630016"/>
  <attribute name="Output I" value="200"/>
  <attribute name="Output T" value="4"/>
  <attribute name="Target GC Util Change" value ="20.000000" />
  <attribute name="Current GC Util Change" value="0.000000"/>
  <attribute name="GC Util currently" value="0" />
  <attribute name="CPU Util currently" value="1" />
<allocation-satisfied id="658" threadId="0000000001BBF500" bytesRequested="32" />
<af-end id="659" timestamp="2019-06-15T04:17:13.605" threadId="0000000001BBFE88" success="true" from="nursery"/>
<exclusive-end id="660" timestamp="2019-06-15T04:17:13.605" durationms="1.148" />

<exclusive-start id="661" timestamp="2019-06-15T04:17:14.404" intervalms="800.520">
  <response-info timems="0.023" idlems="0.023" threads="0" lastid="0000000001BA9500" lastname="node-2" />
</exclusive-start>
<af-start id="662" threadId="0000000001BA9E88" totalBytesRequested="32" timestamp="2019-06-15T04:17:14.404" intervalms="800.503" type="nursery" />
<cycle-start id="663" type="scavenge" contextid="0" timestamp="2019-06-15T04:17:14.404" intervalms="800.488" />
<gc-start id="664" type="scavenge" contextid="663" timestamp="2019-06-15T04:17:14.404">
  <mem-info id="665" free="2088193616" total="2092630016" percent="99">
    <mem type="nursery" free="0" total="2097152" percent="0">
      <mem type="allocate" free="0" total="1835008" percent="0" />
      <mem type="survivor" free="0" total="262144" percent="0" />
    </mem>
    <mem type="tenure" free="2088193616" total="2090532864" percent="99">
      <mem type="soa" free="1983667792" total="1986007040" percent="99" />
      <mem type="loa" free="104525824" total="104525824" percent="100" />
    </mem>
    <remembered-set count="138" />
  </mem-info>
</gc-start>
<allocation-stats totalBytes="1794240" >
  <allocated-bytes non-tlh="32" tlh="1794208" />
  <largest-consumer threadName="node-5" threadId="0000000001BC0100" bytes="315112" />
</allocation-stats>
<gc-op id="666" type="scavenge" timems="1.704" contextid="663" timestamp="2019-06-15T04:17:14.406">
  <scavenger-info tenureage="3" tenuremask="fff8" tiltratio="87" />
  <memory-copied type="nursery" objects="37" bytes="648" bytesdiscarded="38520" />
</gc-op>
<gc-end id="667" type="scavenge" contextid="663" durationms="2.073" usertimems="0.000" systemtimems="0.000" timestamp="2019-06-15T04:17:14.407" activeThreads="4">
  <mem-info id="668" free="2089989456" total="2092630016" percent="99">
    <mem type="nursery" free="1795840" total="2097152" percent="85">
      <mem type="allocate" free="1795840" total="1835008" percent="97" />
      <mem type="survivor" free="0" total="262144" percent="0" />
    </mem>
    <mem type="tenure" free="2088193616" total="2090532864" percent="99" macro-fragmented="0">
      <mem type="soa" free="1983667792" total="1986007040" percent="99" />
      <mem type="loa" free="104525824" total="104525824" percent="100" />
    </mem>
    <remembered-set count="115" />
  </mem-info>
</gc-end>
<cycle-end id="669" type="scavenge" contextid="663" timestamp="2019-06-15T04:17:14.407" />
  <attribute name="elasticGC enabled" value="1" />
  <attribute name= "numThreadsSpecified" value="4" />
  <attribute name="heapSize specified" value="8388608" />
  <attribute name="Current GC Util" value="0" />
  <attribute name= "Current Time Running" value="25174" />
  <attribute name ="GC Interval" value="200" />
  <attribute name="ProportionalT" value="-10.000000" />
  <attribute name="ProportionalI" value="-10.000000" />
  <attribute name="ProportionalH" value="-10.000000" />
  <attribute name="Current Error" value="-20.000000" />
  <attribute name="IntegralT" value="-16000.000000" />
  <attribute name="IntegralI" value="-16000.000000" />
  <attribute name="IntegralH" value="-16000.000000" />
  <attribute name="DerivativeT" value="-0.037500" />
  <attribute name="DerivativeI" value="-0.037500" />
  <attribute name="DerivativeH" value="-0.037500" />
  <attribute name="Loop Time for DT" value="800.000000" />
  <attribute name="Output H" value="2092630016"/>
  <attribute name="Output I" value="200"/>
  <attribute name="Output T" value="4"/>
  <attribute name="Target GC Util Change" value ="20.000000" />
  <attribute name="Current GC Util Change" value="0.000000"/>
  <attribute name="GC Util currently" value="0" />
  <attribute name="CPU Util currently" value="0" />
<allocation-satisfied id="670" threadId="0000000001BA9500" bytesRequested="32" />
<af-end id="671" timestamp="2019-06-15T04:17:14.407" threadId="0000000001BA9E88" success="true" from="nursery"/>
<exclusive-end id="672" timestamp="2019-06-15T04:17:14.407" durationms="2.616" />

<exclusive-start id="673" timestamp="2019-06-15T04:17:15.149" intervalms="744.838">
  <response-info timems="0.048" idlems="0.048" threads="0" lastid="0000000001BBF500" lastname="node-3" />
</exclusive-start>
<af-start id="674" threadId="0000000001BBFE88" totalBytesRequested="16" timestamp="2019-06-15T04:17:15.149" intervalms="744.840" type="nursery" />
<cycle-start id="675" type="scavenge" contextid="0" timestamp="2019-06-15T04:17:15.149" intervalms="744.845" />
<gc-start id="676" type="scavenge" contextid="675" timestamp="2019-06-15T04:17:15.149">
  <mem-info id="677" free="2088193616" total="2092630016" percent="99">
    <mem type="nursery" free="0" total="2097152" percent="0">
      <mem type="allocate" free="0" total="1835008" percent="0" />
      <mem type="survivor" free="0" total="262144" percent="0" />
    </mem>
    <mem type="tenure" free="2088193616" total="2090532864" percent="99">
      <mem type="soa" free="1983667792" total="1986007040" percent="99" />
      <mem type="loa" free="104525824" total="104525824" percent="100" />
    </mem>
    <remembered-set count="138" />
  </mem-info>
</gc-start>
<allocation-stats totalBytes="1795296" >
  <allocated-bytes non-tlh="32" tlh="1795264" />
  <largest-consumer threadName="node-5" threadId="0000000001BC0100" bytes="315344" />
</allocation-stats>
<gc-op id="678" type="scavenge" timems="1.758" contextid="675" timestamp="2019-06-15T04:17:15.151">
  <scavenger-info tenureage="3" tenuremask="fff8" tiltratio="87" />
  <memory-copied type="nursery" objects="58" bytes="2768" bytesdiscarded="36400" />
</gc-op>
<gc-end id="679" type="scavenge" contextid="675" durationms="2.117" usertimems="0.000" systemtimems="0.000" timestamp="2019-06-15T04:17:15.151" activeThreads="4">
  <mem-info id="680" free="2089989456" total="2092630016" percent="99">
    <mem type="nursery" free="1795840" total="2097152" percent="85">
      <mem type="allocate" free="1795840" total="1835008" percent="97" />
      <mem type="survivor" free="0" total="262144" percent="0" />
    </mem>
    <mem type="tenure" free="2088193616" total="2090532864" percent="99" macro-fragmented="0">
      <mem type="soa" free="1983667792" total="1986007040" percent="99" />
      <mem type="loa" free="104525824" total="104525824" percent="100" />
    </mem>
    <remembered-set count="121" />
  </mem-info>
</gc-end>
<cycle-end id="681" type="scavenge" contextid="675" timestamp="2019-06-15T04:17:15.152" />
  <attribute name="elasticGC enabled" value="1" />
  <attribute name= "numThreadsSpecified" value="4" />
  <attribute name="heapSize specified" value="8388608" />
  <attribute name="Current GC Util" value="0" />
  <attribute name= "Current Time Running" value="25919" />
  <attribute name ="GC Interval" value="200" />
  <attribute name="ProportionalT" value="-10.000000" />
  <attribute name="ProportionalI" value="-10.000000" />
  <attribute name="ProportionalH" value="-10.000000" />
  <attribute name="Current Error" value="-20.000000" />
  <attribute name="IntegralT" value="-14900.000000" />
  <attribute name="IntegralI" value="-14900.000000" />
  <attribute name="IntegralH" value="-14900.000000" />
  <attribute name="DerivativeT" value="-0.040268" />
  <attribute name="DerivativeI" value="-0.040268" />
  <attribute name="DerivativeH" value="-0.040268" />
  <attribute name="Loop Time for DT" value="745.000000" />
  <attribute name="Output H" value="2092630016"/>
  <attribute name="Output I" value="200"/>
  <attribute name="Output T" value="4"/>
  <attribute name="Target GC Util Change" value ="20.000000" />
  <attribute name="Current GC Util Change" value="0.000000"/>
  <attribute name="GC Util currently" value="0" />
  <attribute name="CPU Util currently" value="6191407442" />
<allocation-satisfied id="682" threadId="0000000001BBF500" bytesRequested="16" />
<af-end id="683" timestamp="2019-06-15T04:17:15.152" threadId="0000000001BBFE88" success="true" from="nursery"/>
<exclusive-end id="684" timestamp="2019-06-15T04:17:15.152" durationms="2.769" />

<exclusive-start id="685" timestamp="2019-06-15T04:17:15.930" intervalms="780.742">
  <response-info timems="0.023" idlems="0.023" threads="0" lastid="0000000001BAD100" lastname="node-0" />
</exclusive-start>
<af-start id="686" threadId="0000000001BADA88" totalBytesRequested="24" timestamp="2019-06-15T04:17:15.930" intervalms="780.799" type="nursery" />
<cycle-start id="687" type="scavenge" contextid="0" timestamp="2019-06-15T04:17:15.930" intervalms="780.848" />
<gc-start id="688" type="scavenge" contextid="687" timestamp="2019-06-15T04:17:15.930">
  <mem-info id="689" free="2088193616" total="2092630016" percent="99">
    <mem type="nursery" free="0" total="2097152" percent="0">
      <mem type="allocate" free="0" total="1835008" percent="0" />
      <mem type="survivor" free="0" total="262144" percent="0" />
    </mem>
    <mem type="tenure" free="2088193616" total="2090532864" percent="99">
      <mem type="soa" free="1983667792" total="1986007040" percent="99" />
      <mem type="loa" free="104525824" total="104525824" percent="100" />
    </mem>
    <remembered-set count="138" />
  </mem-info>
</gc-start>
<allocation-stats totalBytes="1795104" >
  <allocated-bytes non-tlh="16" tlh="1795088" />
  <largest-consumer threadName="node-4" threadId="0000000001BB4900" bytes="315384" />
</allocation-stats>
<gc-op id="690" type="scavenge" timems="0.236" contextid="687" timestamp="2019-06-15T04:17:15.931">
  <scavenger-info tenureage="3" tenuremask="fff8" tiltratio="87" />
  <memory-copied type="nursery" objects="49" bytes="1560" bytesdiscarded="76776" />
</gc-op>
<gc-end id="691" type="scavenge" contextid="687" durationms="0.825" usertimems="4.000" systemtimems="0.000" timestamp="2019-06-15T04:17:15.931" activeThreads="4">
  <mem-info id="692" free="2089950288" total="2092630016" percent="99">
    <mem type="nursery" free="1756672" total="2097152" percent="83">
      <mem type="allocate" free="1756672" total="1835008" percent="95" />
      <mem type="survivor" free="0" total="262144" percent="0" />
    </mem>
    <mem type="tenure" free="2088193616" total="2090532864" percent="99" macro-fragmented="0">
      <mem type="soa" free="1983667792" total="1986007040" percent="99" />
      <mem type="loa" free="104525824" total="104525824" percent="100" />
    </mem>
    <remembered-set count="118" />
  </mem-info>
</gc-end>
<cycle-end id="693" type="scavenge" contextid="687" timestamp="2019-06-15T04:17:15.931" />
  <attribute name="elasticGC enabled" value="1" />
  <attribute name= "numThreadsSpecified" value="4" />
  <attribute name="heapSize specified" value="8388608" />
  <attribute name="Current GC Util" value="0" />
  <attribute name= "Current Time Running" value="26700" />
  <attribute name ="GC Interval" value="200" />
  <attribute name="ProportionalT" value="-10.000000" />
  <attribute name="ProportionalI" value="-10.000000" />
  <attribute name="ProportionalH" value="-10.000000" />
  <attribute name="Current Error" value="-20.000000" />
  <attribute name="IntegralT" value="-15620.000000" />
  <attribute name="IntegralI" value="-15620.000000" />
  <attribute name="IntegralH" value="-15620.000000" />
  <attribute name="DerivativeT" value="-0.038412" />
  <attribute name="DerivativeI" value="-0.038412" />
  <attribute name="DerivativeH" value="-0.038412" />
  <attribute name="Loop Time for DT" value="781.000000" />
  <attribute name="Output H" value="2092630016"/>
  <attribute name="Output I" value="200"/>
  <attribute name="Output T" value="4"/>
  <attribute name="Target GC Util Change" value ="20.000000" />
  <attribute name="Current GC Util Change" value="0.000000"/>
  <attribute name="GC Util currently" value="0" />
  <attribute name="CPU Util currently" value="1" />
<allocation-satisfied id="694" threadId="0000000001BAD100" bytesRequested="24" />
<af-end id="695" timestamp="2019-06-15T04:17:15.932" threadId="0000000001BADA88" success="true" from="nursery"/>
<exclusive-end id="696" timestamp="2019-06-15T04:17:15.932" durationms="1.814" />

</verbosegc>

