<?xml version="1.0" ?>

<verbosegc xmlns="http://www.ibm.com/j9/verbosegc" version="08cc62e_CMPRSS">

<initialized id="1" timestamp="2019-08-02T23:42:04.569">
  <attribute name="gcPolicy" value="-Xgcpolicy:optavgpause" />
  <attribute name="elasticGC enabled" value="1" />
  <attribute name= "numThreadsSpecified" value="0" />
  <attribute name="heapSize specified" value="0" />
  <attribute name= "numCores" value="0" />
  <attribute name ="GC Interval" value="0" />
  <attribute name="GC Util Range Max" value="0" />
  <attribute name="Current GC Util" value="0" />
  <attribute name= "Current Time Running" value="0" />
  <attribute name="maxHeapSize" value="0x7cba0000" />
  <attribute name="initialHeapSize" value="0x800000" />
  <attribute name="compressedRefs" value="true" />
  <attribute name="compressedRefsDisplacement" value="0x0" />
  <attribute name="compressedRefsShift" value="0x0" />
  <attribute name="pageSize" value="0x1000" />
  <attribute name="pageType" value="not used" />
  <attribute name="requestedPageSize" value="0x1000" />
  <attribute name="requestedPageType" value="not used" />
  <attribute name="gcthreads" value="8" />
  <attribute name="packetListSplit" value="8" />
  <attribute name="cacheListSplit" value="8" />
  <attribute name="splitFreeListSplitAmount" value="1" />
  <attribute name="numaNodes" value="0" />
  <system>
    <attribute name="physicalMemory" value="8370401280" />
    <attribute name="numCPUs" value="8" />
    <attribute name="architecture" value="amd64" />
    <attribute name="os" value="Linux" />
    <attribute name="osVersion" value="4.4.0-154-generic" />
  </system>
  <vmargs>
    <vmarg name="-Xoptionsfile=/vagrant/jdk/lib/options.default" />
    <vmarg name="-Xlockword:mode=default,noLockword=java/lang/String,noLockword=java/util/MapEntry,noLockword=java/util/HashMap$Entry,noLockword..." />
    <vmarg name="-Xjcl:jclse29" />
    <vmarg name="-Dcom.ibm.oti.vm.bootstrap.library.path=/vagrant/jdk/lib/compressedrefs:/vagrant/jdk/lib" />
    <vmarg name="-Dsun.boot.library.path=/vagrant/jdk/lib/compressedrefs:/vagrant/jdk/lib" />
    <vmarg name="-Djava.library.path=/vagrant/jdk/lib/compressedrefs:/vagrant/jdk/lib:/usr/lib64:/usr/lib" />
    <vmarg name="-Djava.home=/vagrant/jdk" />
    <vmarg name="-Duser.dir=/vagrant" />
    <vmarg name="-Xgcpolicy:optavgpause" />
    <vmarg name="-Xgcelastic" />
    <vmarg name="-Xcheck:gc:::elasticGC" />
    <vmarg name="-verbose:gc" />
    <vmarg name="-Xloggc:jdkI-small-OAP-8core-verbose13sunflow.txt" />
    <vmarg name="-Djava.class.path=dacapo-9.12-MR1-bach.jar" />
    <vmarg name="-Dsun.java.command=dacapo-9.12-MR1-bach.jar sunflow --size=small" />
    <vmarg name="-Dsun.java.launcher=SUN_STANDARD" />
    <vmarg name="-Dsun.java.launcher.pid=19597" />
  </vmargs>
</initialized>

<exclusive-start id="2" timestamp="2019-08-02T23:42:05.019" intervalms="449.830">
  <response-info timems="0.023" idlems="0.023" threads="0" lastid="0000000000BE2A00" lastname="main" />
</exclusive-start>
<sys-start reason="explicit" id="3" timestamp="2019-08-02T23:42:05.019" intervalms="450.271" />
<cycle-start id="4" type="global" contextid="0" timestamp="2019-08-02T23:42:05.020" intervalms="450.623" />
<gc-start id="5" type="global" contextid="4" timestamp="2019-08-02T23:42:05.020">
  <mem-info id="6" free="4192016" total="8388608" percent="49">
    <mem type="tenure" free="4192016" total="8388608" percent="49">
      <mem type="soa" free="3773200" total="7969792" percent="47" />
      <mem type="loa" free="418816" total="418816" percent="100" />
    </mem>
  </mem-info>
</gc-start>
<allocation-stats totalBytes="4193696" >
  <allocated-bytes non-tlh="502000" tlh="3691696" />
  <largest-consumer threadName="main" threadId="0000000000BE2A00" bytes="4100744" />
</allocation-stats>
<gc-op id="7" type="mark" timems="2.798" contextid="4" timestamp="2019-08-02T23:42:05.023">
  <trace-info objectcount="30267" scancount="24306" scanbytes="766108" />
  <finalization candidates="125" enqueued="1" />
  <ownableSynchronizers candidates="3" cleared="0" />
  <references type="soft" candidates="131" cleared="0" enqueued="0" dynamicThreshold="32" maxThreshold="32" />
  <references type="weak" candidates="1322" cleared="569" enqueued="479" />
  <references type="phantom" candidates="106" cleared="42" enqueued="42" />
  <stringconstants candidates="3958" cleared="0"  />
</gc-op>
<gc-op id="8" type="classunload" timems="0.062" contextid="4" timestamp="2019-08-02T23:42:05.023">
  <classunload-info classloadercandidates="7" classloadersunloaded="0" classesunloaded="0" anonymousclassesunloaded="0" quiescems="0.000" setupms="0.062" scanms="0.000" postms="0.000" />
</gc-op>
<gc-op id="9" type="sweep" timems="0.660" contextid="4" timestamp="2019-08-02T23:42:05.024" />
<gc-end id="10" type="global" contextid="4" durationms="5.089" usertimems="8.000" systemtimems="0.000" timestamp="2019-08-02T23:42:05.025" activeThreads="8">
  <mem-info id="11" free="6536080" total="8388608" percent="77">
    <mem type="tenure" free="6536080" total="8388608" percent="77" micro-fragmented="378130">
      <mem type="soa" free="6117264" total="7969792" percent="76" />
      <mem type="loa" free="418816" total="418816" percent="100" />
    </mem>
    <pending-finalizers system="1" default="0" reference="521" classloader="0" />
  </mem-info>
</gc-end>
<cycle-end id="12" type="global" contextid="4" timestamp="2019-08-02T23:42:05.025" />
  <attribute name="elasticGC enabled" value="1" />
  <attribute name= "numThreadsSpecified" value="0" />
  <attribute name="heapSize specified" value="0" />
  <attribute name= "numCores" value="8" />
  <attribute name ="GC Interval" value="0" />
  <attribute name ="Control flow" value="1" />
  <attribute name="GC Util Range Max" value="101" />
  <attribute name="Current GC Util" value="18" />
  <attribute name= "Current Time Running" value="3" />
<sys-end id="13" timestamp="2019-08-02T23:42:05.025" />
<exclusive-end id="14" timestamp="2019-08-02T23:42:05.025" durationms="6.387" />

<concurrent-kickoff id="15" timestamp="2019-08-02T23:42:05.235">
  <kickoff reason="threshold reached" targetBytes="2489738" thresholdFreeBytes="343258" remainingFree="76768" tenureFreeBytes="76768" />
</concurrent-kickoff>
<exclusive-start id="16" timestamp="2019-08-02T23:42:05.235" intervalms="216.177">
  <response-info timems="0.069" idlems="0.069" threads="0" lastid="0000000000F51F00" lastname="Thread-7" />
</exclusive-start>
<cycle-start id="17" type="global" contextid="0" timestamp="2019-08-02T23:42:05.235" intervalms="215.529" />
<exclusive-end id="18" timestamp="2019-08-02T23:42:05.235" durationms="0.299" />

<exclusive-start id="19" timestamp="2019-08-02T23:42:05.236" intervalms="0.522">
  <response-info timems="0.008" idlems="0.008" threads="0" lastid="0000000000F51F00" lastname="Thread-7" />
</exclusive-start>
<af-start id="20" threadId="0000000000F52888" totalBytesRequested="98264" timestamp="2019-08-02T23:42:05.236" intervalms="666.638" />
<concurrent-aborted id="21" timestamp="2019-08-02T23:42:05.236">
  <reason value="insufficient progress made" />
</concurrent-aborted>
<cycle-end id="22" type="global" contextid="17" timestamp="2019-08-02T23:42:05.236" />
  <attribute name="elasticGC enabled" value="1" />
  <attribute name= "numThreadsSpecified" value="0" />
  <attribute name="heapSize specified" value="0" />
  <attribute name= "numCores" value="8" />
  <attribute name ="GC Interval" value="0" />
  <attribute name ="Control flow" value="1" />
  <attribute name="GC Util Range Max" value="101" />
  <attribute name="Current GC Util" value="18" />
  <attribute name= "Current Time Running" value="3" />
<cycle-start id="23" type="global" contextid="0" timestamp="2019-08-02T23:42:05.236" intervalms="0.718" />
<gc-start id="24" type="global" contextid="23" timestamp="2019-08-02T23:42:05.236">
  <mem-info id="25" free="76768" total="8388608" percent="0">
    <mem type="tenure" free="76768" total="8388608" percent="0">
      <mem type="soa" free="76768" total="7969792" percent="0" />
      <mem type="loa" free="0" total="418816" percent="0" />
    </mem>
  </mem-info>
</gc-start>
<allocation-stats totalBytes="6353096" >
  <allocated-bytes non-tlh="2351616" tlh="4001480" />
  <largest-consumer threadName="main" threadId="0000000000BE2A00" bytes="3033528" />
</allocation-stats>
<heap-resize id="26" type="loa expand" space="tenure" amount="83968" count="1" timems="0.000" reason="expand on failed allocate" timestamp="2019-08-02T23:42:05.236" />
<gc-op id="27" type="mark" timems="2.501" contextid="23" timestamp="2019-08-02T23:42:05.239">
  <trace-info objectcount="44534" scancount="36160" scanbytes="1206440" />
  <finalization candidates="124" enqueued="0" />
  <ownableSynchronizers candidates="3" cleared="0" />
  <references type="soft" candidates="148" cleared="0" enqueued="0" dynamicThreshold="24" maxThreshold="32" />
  <references type="weak" candidates="798" cleared="29" enqueued="28" />
  <references type="phantom" candidates="65" cleared="2" enqueued="2" />
  <stringconstants candidates="4534" cleared="1"  />
</gc-op>
<gc-op id="28" type="sweep" timems="0.192" contextid="23" timestamp="2019-08-02T23:42:05.239" />
<gc-end id="29" type="global" contextid="23" durationms="4.381" usertimems="4.000" systemtimems="0.000" timestamp="2019-08-02T23:42:05.240" activeThreads="2">
  <mem-info id="30" free="3869576" total="8388608" percent="46">
    <mem type="tenure" free="3869576" total="8388608" percent="46" micro-fragmented="1279087">
      <mem type="soa" free="3570608" total="7885824" percent="45" />
      <mem type="loa" free="298968" total="502784" percent="59" />
    </mem>
    <pending-finalizers system="0" default="0" reference="30" classloader="0" />
  </mem-info>
</gc-end>
<cycle-end id="31" type="global" contextid="23" timestamp="2019-08-02T23:42:05.241" />
  <attribute name="elasticGC enabled" value="1" />
  <attribute name= "numThreadsSpecified" value="2" />
  <attribute name="heapSize specified" value="0" />
  <attribute name= "numCores" value="8" />
  <attribute name ="GC Interval" value="0" />
  <attribute name ="Control flow" value="1" />
  <attribute name="GC Util Range Max" value="101" />
  <attribute name="Current GC Util" value="11" />
  <attribute name= "Current Time Running" value="218" />
<allocation-satisfied id="32" threadId="0000000000F51F00" bytesRequested="98264" />
<af-end id="33" timestamp="2019-08-02T23:42:05.241" threadId="0000000000F52888" success="true" />
<exclusive-end id="34" timestamp="2019-08-02T23:42:05.241" durationms="5.460" />

<concurrent-kickoff id="35" timestamp="2019-08-02T23:42:05.296">
  <kickoff reason="threshold reached" targetBytes="2489738" thresholdFreeBytes="343258" remainingFree="298968" tenureFreeBytes="298968" />
</concurrent-kickoff>
<exclusive-start id="36" timestamp="2019-08-02T23:42:05.297" intervalms="60.928">
  <response-info timems="0.076" idlems="0.076" threads="0" lastid="0000000000F51F00" lastname="Thread-7" />
</exclusive-start>
<cycle-start id="37" type="global" contextid="0" timestamp="2019-08-02T23:42:05.297" intervalms="60.719" />
<exclusive-end id="38" timestamp="2019-08-02T23:42:05.297" durationms="0.264" />

<exclusive-start id="39" timestamp="2019-08-02T23:42:05.297" intervalms="0.588">
  <response-info timems="0.019" idlems="0.019" threads="0" lastid="0000000000F51F00" lastname="Thread-7" />
</exclusive-start>
<af-start id="40" threadId="0000000000F52888" totalBytesRequested="776" timestamp="2019-08-02T23:42:05.297" intervalms="61.557" />
<concurrent-aborted id="41" timestamp="2019-08-02T23:42:05.298">
  <reason value="insufficient progress made" />
</concurrent-aborted>
<cycle-end id="42" type="global" contextid="37" timestamp="2019-08-02T23:42:05.298" />
  <attribute name="elasticGC enabled" value="1" />
  <attribute name= "numThreadsSpecified" value="2" />
  <attribute name="heapSize specified" value="0" />
  <attribute name= "numCores" value="8" />
  <attribute name ="GC Interval" value="0" />
  <attribute name ="Control flow" value="3" />
  <attribute name="GC Util Range Max" value="101" />
  <attribute name="Current GC Util" value="9" />
  <attribute name= "Current Time Running" value="277" />
<cycle-start id="43" type="global" contextid="0" timestamp="2019-08-02T23:42:05.298" intervalms="1.075" />
<gc-start id="44" type="global" contextid="43" timestamp="2019-08-02T23:42:05.298">
  <mem-info id="45" free="298968" total="8388608" percent="3">
    <mem type="tenure" free="298968" total="8388608" percent="3">
      <mem type="soa" free="0" total="7885824" percent="0" />
      <mem type="loa" free="298968" total="502784" percent="59" />
    </mem>
  </mem-info>
</gc-start>
<allocation-stats totalBytes="3573184" >
  <allocated-bytes non-tlh="803272" tlh="2769912" />
  <largest-consumer threadName="Thread-7" threadId="0000000000F51F00" bytes="3573184" />
</allocation-stats>
<gc-op id="46" type="mark" timems="1.613" contextid="43" timestamp="2019-08-02T23:42:05.300">
  <trace-info objectcount="44454" scancount="36086" scanbytes="1204920" />
  <finalization candidates="124" enqueued="0" />
  <ownableSynchronizers candidates="3" cleared="0" />
  <references type="soft" candidates="148" cleared="0" enqueued="0" dynamicThreshold="14" maxThreshold="32" />
  <references type="weak" candidates="769" cleared="0" enqueued="0" />
  <references type="phantom" candidates="63" cleared="0" enqueued="0" />
  <stringconstants candidates="4533" cleared="0"  />
</gc-op>
<gc-op id="47" type="sweep" timems="0.270" contextid="43" timestamp="2019-08-02T23:42:05.300" />
<mem-info id="48" free="4127608" total="8388608" percent="49">
  <mem type="tenure" free="4127608" total="8388608" percent="49" micro-fragmented="1239703">
    <mem type="soa" free="3624824" total="7885824" percent="45" />
    <mem type="loa" free="502784" total="502784" percent="100" />
  </mem>
</mem-info>
<gc-op id="49" type="compact" timems="7.769" contextid="43" timestamp="2019-08-02T23:42:05.308">
  <compact-info movecount="44453" movebytes="2902864" reason="no compaction" />
</gc-op>
<gc-end id="50" type="global" contextid="43" durationms="10.364" usertimems="16.000" systemtimems="0.000" timestamp="2019-08-02T23:42:05.308" activeThreads="2">
  <mem-info id="51" free="5420120" total="8388608" percent="64">
    <mem type="tenure" free="5420120" total="8388608" percent="64">
      <mem type="soa" free="4917336" total="7885824" percent="62" />
      <mem type="loa" free="502784" total="502784" percent="100" />
    </mem>
  </mem-info>
</gc-end>
<cycle-end id="52" type="global" contextid="43" timestamp="2019-08-02T23:42:05.308" />
  <attribute name="elasticGC enabled" value="1" />
  <attribute name= "numThreadsSpecified" value="2" />
  <attribute name="heapSize specified" value="8388608" />
  <attribute name= "numCores" value="8" />
  <attribute name ="GC Interval" value="0" />
  <attribute name ="Control flow" value="3" />
  <attribute name="GC Util Range Max" value="101" />
  <attribute name="Current GC Util" value="32" />
  <attribute name= "Current Time Running" value="287" />
<allocation-satisfied id="53" threadId="0000000000F51F00" bytesRequested="776" />
<af-end id="54" timestamp="2019-08-02T23:42:05.308" threadId="0000000000F52888" success="true" />
<exclusive-end id="55" timestamp="2019-08-02T23:42:05.309" durationms="11.443" />

<exclusive-start id="56" timestamp="2019-08-02T23:42:05.404" intervalms="106.995">
  <response-info timems="0.099" idlems="0.099" threads="0" lastid="0000000000F5D300" lastname="Thread-11" />
</exclusive-start>
<af-start id="57" threadId="0000000000F5DC88" totalBytesRequested="24" timestamp="2019-08-02T23:42:05.404" intervalms="106.977" />
<cycle-start id="58" type="global" contextid="0" timestamp="2019-08-02T23:42:05.404" intervalms="106.603" />
<gc-start id="59" type="global" contextid="58" timestamp="2019-08-02T23:42:05.404">
  <mem-info id="60" free="502784" total="8388608" percent="5">
    <mem type="tenure" free="502784" total="8388608" percent="5">
      <mem type="soa" free="0" total="7885824" percent="0" />
      <mem type="loa" free="502784" total="502784" percent="100" />
    </mem>
  </mem-info>
</gc-start>
<allocation-stats totalBytes="4928096" >
  <allocated-bytes non-tlh="646432" tlh="4281664" />
  <largest-consumer threadName="Thread-11" threadId="0000000000F5D300" bytes="2226464" />
</allocation-stats>
<gc-op id="61" type="mark" timems="9.677" contextid="58" timestamp="2019-08-02T23:42:05.414">
  <trace-info objectcount="48931" scancount="40526" scanbytes="1445464" />
  <finalization candidates="124" enqueued="0" />
  <ownableSynchronizers candidates="3" cleared="0" />
  <references type="soft" candidates="148" cleared="0" enqueued="0" dynamicThreshold="20" maxThreshold="32" />
  <references type="weak" candidates="769" cleared="0" enqueued="0" />
  <references type="phantom" candidates="63" cleared="0" enqueued="0" />
  <stringconstants candidates="4596" cleared="0"  />
</gc-op>
<gc-op id="62" type="sweep" timems="0.163" contextid="58" timestamp="2019-08-02T23:42:05.415" />
<gc-end id="63" type="global" contextid="58" durationms="10.887" usertimems="16.000" systemtimems="0.000" timestamp="2019-08-02T23:42:05.415" activeThreads="3">
  <mem-info id="64" free="5468536" total="8388608" percent="65">
    <mem type="tenure" free="5468536" total="8388608" percent="65" micro-fragmented="115998">
      <mem type="soa" free="5060696" total="7885824" percent="64" />
      <mem type="loa" free="407840" total="502784" percent="81" />
    </mem>
  </mem-info>
</gc-end>
<cycle-end id="65" type="global" contextid="58" timestamp="2019-08-02T23:42:05.415" />
  <attribute name="elasticGC enabled" value="1" />
  <attribute name= "numThreadsSpecified" value="3" />
  <attribute name="heapSize specified" value="8388608" />
  <attribute name= "numCores" value="8" />
  <attribute name ="GC Interval" value="0" />
  <attribute name ="Control flow" value="1" />
  <attribute name="GC Util Range Max" value="101" />
  <attribute name="Current GC Util" value="3" />
  <attribute name= "Current Time Running" value="394" />
<allocation-satisfied id="66" threadId="0000000000F5D300" bytesRequested="24" />
<af-end id="67" timestamp="2019-08-02T23:42:05.416" threadId="0000000000F5DC88" success="true" />
<exclusive-end id="68" timestamp="2019-08-02T23:42:05.416" durationms="11.610" />

<exclusive-start id="69" timestamp="2019-08-02T23:42:05.457" intervalms="52.830">
  <response-info timems="0.311" idlems="0.311" threads="0" lastid="0000000000F5D300" lastname="Thread-11" />
</exclusive-start>
<af-start id="70" threadId="0000000000F5DC88" totalBytesRequested="40" timestamp="2019-08-02T23:42:05.457" intervalms="52.848" />
<cycle-start id="71" type="global" contextid="0" timestamp="2019-08-02T23:42:05.457" intervalms="53.014" />
<gc-start id="72" type="global" contextid="71" timestamp="2019-08-02T23:42:05.457">
  <mem-info id="73" free="502784" total="8388608" percent="5">
    <mem type="tenure" free="502784" total="8388608" percent="5">
      <mem type="soa" free="0" total="7885824" percent="0" />
      <mem type="loa" free="502784" total="502784" percent="100" />
    </mem>
  </mem-info>
</gc-start>
<allocation-stats totalBytes="5060992" >
  <allocated-bytes non-tlh="0" tlh="5060992" />
  <largest-consumer threadName="Thread-11" threadId="0000000000F5D300" bytes="5060992" />
</allocation-stats>
<gc-op id="74" type="mark" timems="1.576" contextid="71" timestamp="2019-08-02T23:42:05.459">
  <trace-info objectcount="49342" scancount="40929" scanbytes="1455600" />
  <finalization candidates="124" enqueued="0" />
  <ownableSynchronizers candidates="3" cleared="0" />
  <references type="soft" candidates="148" cleared="0" enqueued="0" dynamicThreshold="20" maxThreshold="32" />
  <references type="weak" candidates="769" cleared="0" enqueued="0" />
  <references type="phantom" candidates="63" cleared="0" enqueued="0" />
  <stringconstants candidates="4596" cleared="0"  />
</gc-op>
<gc-op id="75" type="sweep" timems="0.292" contextid="71" timestamp="2019-08-02T23:42:05.460" />
<mem-info id="76" free="5547480" total="8388608" percent="66">
  <mem type="tenure" free="5547480" total="8388608" percent="66" micro-fragmented="117000">
    <mem type="soa" free="5044696" total="7885824" percent="63" />
    <mem type="loa" free="502784" total="502784" percent="100" />
  </mem>
</mem-info>
<gc-op id="77" type="compact" timems="3.942" contextid="71" timestamp="2019-08-02T23:42:05.464">
  <compact-info movecount="17834" movebytes="1296144" reason="no compaction" />
</gc-op>
<gc-end id="78" type="global" contextid="71" durationms="6.369" usertimems="12.000" systemtimems="8.000" timestamp="2019-08-02T23:42:05.464" activeThreads="8">
  <mem-info id="79" free="5599176" total="8388608" percent="66">
    <mem type="tenure" free="5599176" total="8388608" percent="66">
      <mem type="soa" free="5096392" total="7885824" percent="64" />
      <mem type="loa" free="502784" total="502784" percent="100" />
    </mem>
  </mem-info>
</gc-end>
<cycle-end id="80" type="global" contextid="71" timestamp="2019-08-02T23:42:05.464" />
  <attribute name="elasticGC enabled" value="1" />
  <attribute name= "numThreadsSpecified" value="4" />
  <attribute name="heapSize specified" value="8388608" />
  <attribute name= "numCores" value="8" />
  <attribute name ="GC Interval" value="0" />
  <attribute name ="Control flow" value="3" />
  <attribute name="GC Util Range Max" value="101" />
  <attribute name="Current GC Util" value="32" />
  <attribute name= "Current Time Running" value="443" />
<allocation-satisfied id="81" threadId="0000000000F5D300" bytesRequested="40" />
<af-end id="82" timestamp="2019-08-02T23:42:05.464" threadId="0000000000F5DC88" success="true" />
<exclusive-end id="83" timestamp="2019-08-02T23:42:05.464" durationms="7.343" />

<exclusive-start id="84" timestamp="2019-08-02T23:42:05.488" intervalms="30.767">
  <response-info timems="0.082" idlems="0.082" threads="0" lastid="0000000000F5D300" lastname="Thread-11" />
</exclusive-start>
<af-start id="85" threadId="0000000000F5DC88" totalBytesRequested="40" timestamp="2019-08-02T23:42:05.488" intervalms="30.801" />
<cycle-start id="86" type="global" contextid="0" timestamp="2019-08-02T23:42:05.488" intervalms="30.676" />
<gc-start id="87" type="global" contextid="86" timestamp="2019-08-02T23:42:05.488">
  <mem-info id="88" free="502784" total="8388608" percent="5">
    <mem type="tenure" free="502784" total="8388608" percent="5">
      <mem type="soa" free="0" total="7885824" percent="0" />
      <mem type="loa" free="502784" total="502784" percent="100" />
    </mem>
  </mem-info>
</gc-start>
<allocation-stats totalBytes="5161352" >
  <allocated-bytes non-tlh="0" tlh="5161352" />
  <largest-consumer threadName="Thread-11" threadId="0000000000F5D300" bytes="5161352" />
</allocation-stats>
<gc-op id="89" type="mark" timems="4.678" contextid="86" timestamp="2019-08-02T23:42:05.493">
  <trace-info objectcount="49566" scancount="41158" scanbytes="1460976" />
  <finalization candidates="124" enqueued="0" />
  <ownableSynchronizers candidates="3" cleared="0" />
  <references type="soft" candidates="148" cleared="0" enqueued="0" dynamicThreshold="21" maxThreshold="32" />
  <references type="weak" candidates="769" cleared="0" enqueued="0" />
  <references type="phantom" candidates="63" cleared="0" enqueued="0" />
  <stringconstants candidates="4596" cleared="0"  />
</gc-op>
<gc-op id="90" type="sweep" timems="0.362" contextid="86" timestamp="2019-08-02T23:42:05.494" />
<mem-info id="91" free="5654216" total="8388608" percent="67">
  <mem type="tenure" free="5654216" total="8388608" percent="67" micro-fragmented="0">
    <mem type="soa" free="5151432" total="7885824" percent="65" />
    <mem type="loa" free="502784" total="502784" percent="100" />
  </mem>
</mem-info>
<gc-op id="92" type="compact" timems="5.192" contextid="86" timestamp="2019-08-02T23:42:05.499">
  <compact-info movecount="10559" movebytes="964400" reason="no compaction" />
</gc-op>
<gc-end id="93" type="global" contextid="86" durationms="10.969" usertimems="24.000" systemtimems="0.000" timestamp="2019-08-02T23:42:05.499" activeThreads="8">
  <mem-info id="94" free="5593800" total="8388608" percent="66">
    <mem type="tenure" free="5593800" total="8388608" percent="66">
      <mem type="soa" free="5091016" total="7885824" percent="64" />
      <mem type="loa" free="502784" total="502784" percent="100" />
    </mem>
  </mem-info>
</gc-end>
<cycle-end id="95" type="global" contextid="86" timestamp="2019-08-02T23:42:05.499" />
  <attribute name="elasticGC enabled" value="1" />
  <attribute name= "numThreadsSpecified" value="4" />
  <attribute name="heapSize specified" value="8388608" />
  <attribute name= "numCores" value="8" />
  <attribute name ="GC Interval" value="0" />
  <attribute name ="Control flow" value="1" />
  <attribute name="GC Util Range Max" value="101" />
  <attribute name="Current GC Util" value="57" />
  <attribute name= "Current Time Running" value="478" />
<allocation-satisfied id="96" threadId="0000000000F5D300" bytesRequested="40" />
<af-end id="97" timestamp="2019-08-02T23:42:05.500" threadId="0000000000F5DC88" success="true" />
<exclusive-end id="98" timestamp="2019-08-02T23:42:05.500" durationms="11.986" />

<exclusive-start id="99" timestamp="2019-08-02T23:42:05.518" intervalms="29.923">
  <response-info timems="0.066" idlems="0.066" threads="0" lastid="0000000000F5D300" lastname="Thread-11" />
</exclusive-start>
<af-start id="100" threadId="0000000000F5DC88" totalBytesRequested="40" timestamp="2019-08-02T23:42:05.518" intervalms="29.938" />
<cycle-start id="101" type="global" contextid="0" timestamp="2019-08-02T23:42:05.518" intervalms="29.956" />
<gc-start id="102" type="global" contextid="101" timestamp="2019-08-02T23:42:05.518">
  <mem-info id="103" free="502784" total="8388608" percent="5">
    <mem type="tenure" free="502784" total="8388608" percent="5">
      <mem type="soa" free="0" total="7885824" percent="0" />
      <mem type="loa" free="502784" total="502784" percent="100" />
    </mem>
  </mem-info>
</gc-start>
<allocation-stats totalBytes="5155832" >
  <allocated-bytes non-tlh="0" tlh="5155832" />
  <largest-consumer threadName="Thread-11" threadId="0000000000F5D300" bytes="5155832" />
</allocation-stats>
<gc-op id="104" type="mark" timems="2.460" contextid="101" timestamp="2019-08-02T23:42:05.521">
  <trace-info objectcount="49730" scancount="41322" scanbytes="1464656" />
  <finalization candidates="124" enqueued="0" />
  <ownableSynchronizers candidates="3" cleared="0" />
  <references type="soft" candidates="148" cleared="0" enqueued="0" dynamicThreshold="21" maxThreshold="32" />
  <references type="weak" candidates="769" cleared="0" enqueued="0" />
  <references type="phantom" candidates="63" cleared="0" enqueued="0" />
  <stringconstants candidates="4596" cleared="0"  />
</gc-op>
<gc-op id="105" type="sweep" timems="0.205" contextid="101" timestamp="2019-08-02T23:42:05.521" />
<gc-end id="106" type="global" contextid="101" durationms="3.760" usertimems="8.000" systemtimems="0.000" timestamp="2019-08-02T23:42:05.522" activeThreads="4">
  <mem-info id="107" free="5603480" total="8388608" percent="66">
    <mem type="tenure" free="5603480" total="8388608" percent="66" micro-fragmented="512">
      <mem type="soa" free="5149304" total="7885824" percent="65" />
      <mem type="loa" free="454176" total="502784" percent="90" />
    </mem>
  </mem-info>
</gc-end>
<cycle-end id="108" type="global" contextid="101" timestamp="2019-08-02T23:42:05.522" />
  <attribute name="elasticGC enabled" value="1" />
  <attribute name= "numThreadsSpecified" value="4" />
  <attribute name="heapSize specified" value="8388608" />
  <attribute name= "numCores" value="8" />
  <attribute name ="GC Interval" value="0" />
  <attribute name ="Control flow" value="3" />
  <attribute name="GC Util Range Max" value="101" />
  <attribute name="Current GC Util" value="7" />
  <attribute name= "Current Time Running" value="501" />
<allocation-satisfied id="109" threadId="0000000000F5D300" bytesRequested="40" />
<af-end id="110" timestamp="2019-08-02T23:42:05.522" threadId="0000000000F5DC88" success="true" />
<exclusive-end id="111" timestamp="2019-08-02T23:42:05.522" durationms="4.641" />

<exclusive-start id="112" timestamp="2019-08-02T23:42:05.539" intervalms="21.132">
  <response-info timems="0.078" idlems="0.078" threads="0" lastid="0000000000F5D300" lastname="Thread-11" />
</exclusive-start>
<af-start id="113" threadId="0000000000F5DC88" totalBytesRequested="40" timestamp="2019-08-02T23:42:05.539" intervalms="21.128" />
<cycle-start id="114" type="global" contextid="0" timestamp="2019-08-02T23:42:05.539" intervalms="21.282" />
<gc-start id="115" type="global" contextid="114" timestamp="2019-08-02T23:42:05.539">
  <mem-info id="116" free="502784" total="8388608" percent="5">
    <mem type="tenure" free="502784" total="8388608" percent="5">
      <mem type="soa" free="0" total="7885824" percent="0" />
      <mem type="loa" free="502784" total="502784" percent="100" />
    </mem>
  </mem-info>
</gc-start>
<allocation-stats totalBytes="5148304" >
  <allocated-bytes non-tlh="0" tlh="5148304" />
  <largest-consumer threadName="Thread-11" threadId="0000000000F5D300" bytes="5148304" />
</allocation-stats>
<gc-op id="117" type="mark" timems="3.874" contextid="114" timestamp="2019-08-02T23:42:05.544">
  <trace-info objectcount="49988" scancount="41567" scanbytes="1470848" />
  <finalization candidates="124" enqueued="0" />
  <ownableSynchronizers candidates="3" cleared="0" />
  <references type="soft" candidates="148" cleared="0" enqueued="0" dynamicThreshold="21" maxThreshold="32" />
  <references type="weak" candidates="769" cleared="0" enqueued="0" />
  <references type="phantom" candidates="63" cleared="0" enqueued="0" />
  <stringconstants candidates="4596" cleared="0"  />
</gc-op>
<gc-op id="118" type="sweep" timems="0.313" contextid="114" timestamp="2019-08-02T23:42:05.544" />
<mem-info id="119" free="5638728" total="8388608" percent="67">
  <mem type="tenure" free="5638728" total="8388608" percent="67" micro-fragmented="0">
    <mem type="soa" free="5135944" total="7885824" percent="65" />
    <mem type="loa" free="502784" total="502784" percent="100" />
  </mem>
</mem-info>
<gc-op id="120" type="compact" timems="7.828" contextid="114" timestamp="2019-08-02T23:42:05.552">
  <compact-info movecount="805" movebytes="19456" reason="no compaction" />
</gc-op>
<gc-end id="121" type="global" contextid="114" durationms="12.991" usertimems="28.000" systemtimems="0.000" timestamp="2019-08-02T23:42:05.552" activeThreads="4">
  <mem-info id="122" free="5583928" total="8388608" percent="66">
    <mem type="tenure" free="5583928" total="8388608" percent="66">
      <mem type="soa" free="5081144" total="7885824" percent="64" />
      <mem type="loa" free="502784" total="502784" percent="100" />
    </mem>
  </mem-info>
</gc-end>
<cycle-end id="123" type="global" contextid="114" timestamp="2019-08-02T23:42:05.553" />
  <attribute name="elasticGC enabled" value="1" />
  <attribute name= "numThreadsSpecified" value="4" />
  <attribute name="heapSize specified" value="8388608" />
  <attribute name= "numCores" value="8" />
  <attribute name ="GC Interval" value="0" />
  <attribute name ="Control flow" value="1" />
  <attribute name="GC Util Range Max" value="101" />
  <attribute name="Current GC Util" value="77" />
  <attribute name= "Current Time Running" value="532" />
<allocation-satisfied id="124" threadId="0000000000F5D300" bytesRequested="40" />
<af-end id="125" timestamp="2019-08-02T23:42:05.553" threadId="0000000000F5DC88" success="true" />
<exclusive-end id="126" timestamp="2019-08-02T23:42:05.553" durationms="14.261" />

<exclusive-start id="127" timestamp="2019-08-02T23:42:05.570" intervalms="30.749">
  <response-info timems="0.084" idlems="0.084" threads="0" lastid="0000000000F5D300" lastname="Thread-11" />
</exclusive-start>
<af-start id="128" threadId="0000000000F5DC88" totalBytesRequested="40" timestamp="2019-08-02T23:42:05.570" intervalms="30.752" />
<cycle-start id="129" type="global" contextid="0" timestamp="2019-08-02T23:42:05.570" intervalms="30.595" />
<gc-start id="130" type="global" contextid="129" timestamp="2019-08-02T23:42:05.570">
  <mem-info id="131" free="502784" total="8388608" percent="5">
    <mem type="tenure" free="502784" total="8388608" percent="5">
      <mem type="soa" free="0" total="7885824" percent="0" />
      <mem type="loa" free="502784" total="502784" percent="100" />
    </mem>
  </mem-info>
</gc-start>
<allocation-stats totalBytes="5146072" >
  <allocated-bytes non-tlh="0" tlh="5146072" />
  <largest-consumer threadName="Thread-11" threadId="0000000000F5D300" bytes="5146072" />
</allocation-stats>
<gc-op id="132" type="mark" timems="3.169" contextid="129" timestamp="2019-08-02T23:42:05.574">
  <trace-info objectcount="50273" scancount="41855" scanbytes="1477688" />
  <finalization candidates="124" enqueued="0" />
  <ownableSynchronizers candidates="3" cleared="0" />
  <references type="soft" candidates="148" cleared="0" enqueued="0" dynamicThreshold="21" maxThreshold="32" />
  <references type="weak" candidates="769" cleared="0" enqueued="0" />
  <references type="phantom" candidates="63" cleared="0" enqueued="0" />
  <stringconstants candidates="4596" cleared="0"  />
</gc-op>
<gc-op id="133" type="sweep" timems="0.237" contextid="129" timestamp="2019-08-02T23:42:05.574" />
<mem-info id="134" free="5632680" total="8388608" percent="67">
  <mem type="tenure" free="5632680" total="8388608" percent="67" micro-fragmented="0">
    <mem type="soa" free="5129896" total="7885824" percent="65" />
    <mem type="loa" free="502784" total="502784" percent="100" />
  </mem>
</mem-info>
<gc-op id="135" type="compact" timems="7.724" contextid="129" timestamp="2019-08-02T23:42:05.582">
  <compact-info movecount="304" movebytes="7432" reason="no compaction" />
</gc-op>
<gc-end id="136" type="global" contextid="129" durationms="12.106" usertimems="24.000" systemtimems="4.000" timestamp="2019-08-02T23:42:05.582" activeThreads="8">
  <mem-info id="137" free="5577088" total="8388608" percent="66">
    <mem type="tenure" free="5577088" total="8388608" percent="66">
      <mem type="soa" free="5074304" total="7885824" percent="64" />
      <mem type="loa" free="502784" total="502784" percent="100" />
    </mem>
  </mem-info>
</gc-end>
<cycle-end id="138" type="global" contextid="129" timestamp="2019-08-02T23:42:05.582" />
  <attribute name="elasticGC enabled" value="1" />
  <attribute name= "numThreadsSpecified" value="4" />
  <attribute name="heapSize specified" value="8388608" />
  <attribute name= "numCores" value="8" />
  <attribute name ="GC Interval" value="0" />
  <attribute name ="Control flow" value="3" />
  <attribute name="GC Util Range Max" value="101" />
  <attribute name="Current GC Util" value="78" />
  <attribute name= "Current Time Running" value="561" />
<allocation-satisfied id="139" threadId="0000000000F5D300" bytesRequested="40" />
<af-end id="140" timestamp="2019-08-02T23:42:05.583" threadId="0000000000F5DC88" success="true" />
<exclusive-end id="141" timestamp="2019-08-02T23:42:05.583" durationms="13.229" />

<exclusive-start id="142" timestamp="2019-08-02T23:42:05.601" intervalms="31.667">
  <response-info timems="0.033" idlems="0.033" threads="0" lastid="0000000000F5D300" lastname="Thread-11" />
</exclusive-start>
<af-start id="143" threadId="0000000000F5DC88" totalBytesRequested="136" timestamp="2019-08-02T23:42:05.601" intervalms="31.564" />
<cycle-start id="144" type="global" contextid="0" timestamp="2019-08-02T23:42:05.601" intervalms="31.561" />
<gc-start id="145" type="global" contextid="144" timestamp="2019-08-02T23:42:05.602">
  <mem-info id="146" free="502784" total="8388608" percent="5">
    <mem type="tenure" free="502784" total="8388608" percent="5">
      <mem type="soa" free="0" total="7885824" percent="0" />
      <mem type="loa" free="502784" total="502784" percent="100" />
    </mem>
  </mem-info>
</gc-start>
<allocation-stats totalBytes="5139104" >
  <allocated-bytes non-tlh="0" tlh="5139104" />
  <largest-consumer threadName="Thread-11" threadId="0000000000F5D300" bytes="5139104" />
</allocation-stats>
<gc-op id="147" type="mark" timems="5.988" contextid="144" timestamp="2019-08-02T23:42:05.608">
  <trace-info objectcount="50532" scancount="42110" scanbytes="1483784" />
  <finalization candidates="124" enqueued="0" />
  <ownableSynchronizers candidates="3" cleared="0" />
  <references type="soft" candidates="148" cleared="0" enqueued="0" dynamicThreshold="21" maxThreshold="32" />
  <references type="weak" candidates="769" cleared="0" enqueued="0" />
  <references type="phantom" candidates="63" cleared="0" enqueued="0" />
  <stringconstants candidates="4596" cleared="0"  />
</gc-op>
<gc-op id="148" type="sweep" timems="0.242" contextid="144" timestamp="2019-08-02T23:42:05.608" />
<mem-info id="149" free="5634232" total="8388608" percent="67">
  <mem type="tenure" free="5634232" total="8388608" percent="67" micro-fragmented="0">
    <mem type="soa" free="5131448" total="7885824" percent="65" />
    <mem type="loa" free="502784" total="502784" percent="100" />
  </mem>
</mem-info>
<gc-op id="150" type="compact" timems="3.710" contextid="144" timestamp="2019-08-02T23:42:05.612">
  <compact-info movecount="385" movebytes="9256" reason="no compaction" />
</gc-op>
<gc-end id="151" type="global" contextid="144" durationms="10.815" usertimems="12.000" systemtimems="0.000" timestamp="2019-08-02T23:42:05.612" activeThreads="4">
  <mem-info id="152" free="5570992" total="8388608" percent="66">
    <mem type="tenure" free="5570992" total="8388608" percent="66">
      <mem type="soa" free="5068208" total="7885824" percent="64" />
      <mem type="loa" free="502784" total="502784" percent="100" />
    </mem>
  </mem-info>
</gc-end>
<cycle-end id="153" type="global" contextid="144" timestamp="2019-08-02T23:42:05.613" />
  <attribute name="elasticGC enabled" value="1" />
  <attribute name= "numThreadsSpecified" value="4" />
  <attribute name="heapSize specified" value="8388608" />
  <attribute name= "numCores" value="8" />
  <attribute name ="GC Interval" value="0" />
  <attribute name ="Control flow" value="1" />
  <attribute name="GC Util Range Max" value="101" />
  <attribute name="Current GC Util" value="56" />
  <attribute name= "Current Time Running" value="592" />
<allocation-satisfied id="154" threadId="0000000000F5D300" bytesRequested="136" />
<af-end id="155" timestamp="2019-08-02T23:42:05.613" threadId="0000000000F5DC88" success="true" />
<exclusive-end id="156" timestamp="2019-08-02T23:42:05.613" durationms="11.812" />

<exclusive-start id="157" timestamp="2019-08-02T23:42:05.632" intervalms="31.064">
  <response-info timems="0.060" idlems="0.060" threads="0" lastid="0000000000F5D300" lastname="Thread-11" />
</exclusive-start>
<af-start id="158" threadId="0000000000F5DC88" totalBytesRequested="40" timestamp="2019-08-02T23:42:05.632" intervalms="31.177" />
<cycle-start id="159" type="global" contextid="0" timestamp="2019-08-02T23:42:05.633" intervalms="31.184" />
<gc-start id="160" type="global" contextid="159" timestamp="2019-08-02T23:42:05.633">
  <mem-info id="161" free="502784" total="8388608" percent="5">
    <mem type="tenure" free="502784" total="8388608" percent="5">
      <mem type="soa" free="0" total="7885824" percent="0" />
      <mem type="loa" free="502784" total="502784" percent="100" />
    </mem>
  </mem-info>
</gc-start>
<allocation-stats totalBytes="5132984" >
  <allocated-bytes non-tlh="0" tlh="5132984" />
  <largest-consumer threadName="Thread-11" threadId="0000000000F5D300" bytes="5132984" />
</allocation-stats>
<gc-op id="162" type="mark" timems="2.294" contextid="159" timestamp="2019-08-02T23:42:05.635">
  <trace-info objectcount="50887" scancount="42489" scanbytes="1492664" />
  <finalization candidates="124" enqueued="0" />
  <ownableSynchronizers candidates="3" cleared="0" />
  <references type="soft" candidates="148" cleared="0" enqueued="0" dynamicThreshold="21" maxThreshold="32" />
  <references type="weak" candidates="769" cleared="0" enqueued="0" />
  <references type="phantom" candidates="63" cleared="0" enqueued="0" />
  <stringconstants candidates="4596" cleared="0"  />
</gc-op>
<gc-op id="163" type="sweep" timems="0.237" contextid="159" timestamp="2019-08-02T23:42:05.636" />
<mem-info id="164" free="5621136" total="8388608" percent="67">
  <mem type="tenure" free="5621136" total="8388608" percent="67" micro-fragmented="0">
    <mem type="soa" free="5118352" total="7885824" percent="64" />
    <mem type="loa" free="502784" total="502784" percent="100" />
  </mem>
</mem-info>
<gc-op id="165" type="compact" timems="7.644" contextid="159" timestamp="2019-08-02T23:42:05.643">
  <compact-info movecount="356" movebytes="8920" reason="no compaction" />
</gc-op>
<gc-end id="166" type="global" contextid="159" durationms="11.086" usertimems="24.000" systemtimems="0.000" timestamp="2019-08-02T23:42:05.644" activeThreads="8">
  <mem-info id="167" free="5562112" total="8388608" percent="66">
    <mem type="tenure" free="5562112" total="8388608" percent="66">
      <mem type="soa" free="5059328" total="7885824" percent="64" />
      <mem type="loa" free="502784" total="502784" percent="100" />
    </mem>
  </mem-info>
</gc-end>
<cycle-end id="168" type="global" contextid="159" timestamp="2019-08-02T23:42:05.644" />
  <attribute name="elasticGC enabled" value="1" />
  <attribute name= "numThreadsSpecified" value="4" />
  <attribute name="heapSize specified" value="8388608" />
  <attribute name= "numCores" value="8" />
  <attribute name ="GC Interval" value="0" />
  <attribute name ="Control flow" value="3" />
  <attribute name="GC Util Range Max" value="101" />
  <attribute name="Current GC Util" value="76" />
  <attribute name= "Current Time Running" value="623" />
<allocation-satisfied id="169" threadId="0000000000F5D300" bytesRequested="40" />
<af-end id="170" timestamp="2019-08-02T23:42:05.644" threadId="0000000000F5DC88" success="true" />
<exclusive-end id="171" timestamp="2019-08-02T23:42:05.644" durationms="12.106" />

<exclusive-start id="172" timestamp="2019-08-02T23:42:05.666" intervalms="33.527">
  <response-info timems="0.079" idlems="0.079" threads="0" lastid="0000000000F5D300" lastname="Thread-11" />
</exclusive-start>
<af-start id="173" threadId="0000000000F5DC88" totalBytesRequested="40" timestamp="2019-08-02T23:42:05.666" intervalms="33.488" />
<cycle-start id="174" type="global" contextid="0" timestamp="2019-08-02T23:42:05.666" intervalms="33.490" />
<gc-start id="175" type="global" contextid="174" timestamp="2019-08-02T23:42:05.666">
  <mem-info id="176" free="502784" total="8388608" percent="5">
    <mem type="tenure" free="502784" total="8388608" percent="5">
      <mem type="soa" free="0" total="7885824" percent="0" />
      <mem type="loa" free="502784" total="502784" percent="100" />
    </mem>
  </mem-info>
</gc-start>
<allocation-stats totalBytes="5124112" >
  <allocated-bytes non-tlh="0" tlh="5124112" />
  <largest-consumer threadName="Thread-11" threadId="0000000000F5D300" bytes="5124112" />
</allocation-stats>
<gc-op id="177" type="mark" timems="6.836" contextid="174" timestamp="2019-08-02T23:42:05.673">
  <trace-info objectcount="51182" scancount="42759" scanbytes="1499632" />
  <finalization candidates="124" enqueued="0" />
  <ownableSynchronizers candidates="3" cleared="0" />
  <references type="soft" candidates="148" cleared="0" enqueued="0" dynamicThreshold="21" maxThreshold="32" />
  <references type="weak" candidates="769" cleared="0" enqueued="0" />
  <references type="phantom" candidates="63" cleared="0" enqueued="0" />
  <stringconstants candidates="4596" cleared="0"  />
</gc-op>
<gc-op id="178" type="sweep" timems="0.325" contextid="174" timestamp="2019-08-02T23:42:05.674" />
<mem-info id="179" free="5615464" total="8388608" percent="66">
  <mem type="tenure" free="5615464" total="8388608" percent="66" micro-fragmented="10757">
    <mem type="soa" free="5112680" total="7885824" percent="64" />
    <mem type="loa" free="502784" total="502784" percent="100" />
  </mem>
</mem-info>
<gc-op id="180" type="compact" timems="3.072" contextid="174" timestamp="2019-08-02T23:42:05.677">
  <compact-info movecount="371" movebytes="9168" reason="no compaction" />
</gc-op>
<gc-end id="181" type="global" contextid="174" durationms="11.329" usertimems="8.000" systemtimems="4.000" timestamp="2019-08-02T23:42:05.678" activeThreads="4">
  <mem-info id="182" free="5555144" total="8388608" percent="66">
    <mem type="tenure" free="5555144" total="8388608" percent="66">
      <mem type="soa" free="5052360" total="7885824" percent="64" />
      <mem type="loa" free="502784" total="502784" percent="100" />
    </mem>
  </mem-info>
</gc-end>
<cycle-end id="183" type="global" contextid="174" timestamp="2019-08-02T23:42:05.678" />
  <attribute name="elasticGC enabled" value="1" />
  <attribute name= "numThreadsSpecified" value="4" />
  <attribute name="heapSize specified" value="8388608" />
  <attribute name= "numCores" value="8" />
  <attribute name ="GC Interval" value="0" />
  <attribute name ="Control flow" value="3" />
  <attribute name="GC Util Range Max" value="101" />
  <attribute name="Current GC Util" value="53" />
  <attribute name= "Current Time Running" value="657" />
<allocation-satisfied id="184" threadId="0000000000F5D300" bytesRequested="40" />
<af-end id="185" timestamp="2019-08-02T23:42:05.678" threadId="0000000000F5DC88" success="true" />
<exclusive-end id="186" timestamp="2019-08-02T23:42:05.678" durationms="12.457" />

<exclusive-start id="187" timestamp="2019-08-02T23:42:05.700" intervalms="33.817">
  <response-info timems="0.033" idlems="0.033" threads="0" lastid="0000000000F5D300" lastname="Thread-11" />
</exclusive-start>
<af-start id="188" threadId="0000000000F5DC88" totalBytesRequested="24" timestamp="2019-08-02T23:42:05.700" intervalms="33.754" />
<cycle-start id="189" type="global" contextid="0" timestamp="2019-08-02T23:42:05.700" intervalms="33.739" />
<gc-start id="190" type="global" contextid="189" timestamp="2019-08-02T23:42:05.700">
  <mem-info id="191" free="502784" total="8388608" percent="5">
    <mem type="tenure" free="502784" total="8388608" percent="5">
      <mem type="soa" free="0" total="7885824" percent="0" />
      <mem type="loa" free="502784" total="502784" percent="100" />
    </mem>
  </mem-info>
</gc-start>
<allocation-stats totalBytes="5117208" >
  <allocated-bytes non-tlh="0" tlh="5117208" />
  <largest-consumer threadName="Thread-11" threadId="0000000000F5D300" bytes="5117208" />
</allocation-stats>
<gc-op id="192" type="mark" timems="3.680" contextid="189" timestamp="2019-08-02T23:42:05.704">
  <trace-info objectcount="51518" scancount="43101" scanbytes="1507712" />
  <finalization candidates="124" enqueued="0" />
  <ownableSynchronizers candidates="3" cleared="0" />
  <references type="soft" candidates="148" cleared="0" enqueued="0" dynamicThreshold="21" maxThreshold="32" />
  <references type="weak" candidates="769" cleared="0" enqueued="0" />
  <references type="phantom" candidates="63" cleared="0" enqueued="0" />
  <stringconstants candidates="4596" cleared="0"  />
</gc-op>
<gc-op id="193" type="sweep" timems="0.248" contextid="189" timestamp="2019-08-02T23:42:05.704" />
<mem-info id="194" free="5606376" total="8388608" percent="66">
  <mem type="tenure" free="5606376" total="8388608" percent="66" micro-fragmented="0">
    <mem type="soa" free="5103592" total="7885824" percent="64" />
    <mem type="loa" free="502784" total="502784" percent="100" />
  </mem>
</mem-info>
<gc-op id="195" type="compact" timems="2.295" contextid="189" timestamp="2019-08-02T23:42:05.707">
  <compact-info movecount="492" movebytes="12088" reason="no compaction" />
</gc-op>
<gc-end id="196" type="global" contextid="189" durationms="6.995" usertimems="16.000" systemtimems="0.000" timestamp="2019-08-02T23:42:05.707" activeThreads="3">
  <mem-info id="197" free="5547064" total="8388608" percent="66">
    <mem type="tenure" free="5547064" total="8388608" percent="66">
      <mem type="soa" free="5044280" total="7885824" percent="63" />
      <mem type="loa" free="502784" total="502784" percent="100" />
    </mem>
  </mem-info>
</gc-end>
<cycle-end id="198" type="global" contextid="189" timestamp="2019-08-02T23:42:05.707" />
  <attribute name="elasticGC enabled" value="1" />
  <attribute name= "numThreadsSpecified" value="3" />
  <attribute name="heapSize specified" value="8388608" />
  <attribute name= "numCores" value="8" />
  <attribute name ="GC Interval" value="0" />
  <attribute name ="Control flow" value="1" />
  <attribute name="GC Util Range Max" value="101" />
  <attribute name="Current GC Util" value="36" />
  <attribute name= "Current Time Running" value="686" />
<allocation-satisfied id="199" threadId="0000000000F5D300" bytesRequested="24" />
<af-end id="200" timestamp="2019-08-02T23:42:05.707" threadId="0000000000F5DC88" success="true" />
<exclusive-end id="201" timestamp="2019-08-02T23:42:05.708" durationms="7.960" />

<exclusive-start id="202" timestamp="2019-08-02T23:42:05.729" intervalms="28.927">
  <response-info timems="0.071" idlems="0.071" threads="0" lastid="0000000000F5D300" lastname="Thread-11" />
</exclusive-start>
<af-start id="203" threadId="0000000000F5DC88" totalBytesRequested="24" timestamp="2019-08-02T23:42:05.729" intervalms="29.007" />
<cycle-start id="204" type="global" contextid="0" timestamp="2019-08-02T23:42:05.729" intervalms="29.018" />
<gc-start id="205" type="global" contextid="204" timestamp="2019-08-02T23:42:05.729">
  <mem-info id="206" free="502784" total="8388608" percent="5">
    <mem type="tenure" free="502784" total="8388608" percent="5">
      <mem type="soa" free="0" total="7885824" percent="0" />
      <mem type="loa" free="502784" total="502784" percent="100" />
    </mem>
  </mem-info>
</gc-start>
<allocation-stats totalBytes="5108976" >
  <allocated-bytes non-tlh="0" tlh="5108976" />
  <largest-consumer threadName="Thread-11" threadId="0000000000F5D300" bytes="5108976" />
</allocation-stats>
<gc-op id="207" type="mark" timems="1.276" contextid="204" timestamp="2019-08-02T23:42:05.731">
  <trace-info objectcount="51936" scancount="43527" scanbytes="1517840" />
  <finalization candidates="124" enqueued="0" />
  <ownableSynchronizers candidates="3" cleared="0" />
  <references type="soft" candidates="148" cleared="0" enqueued="0" dynamicThreshold="21" maxThreshold="32" />
  <references type="weak" candidates="769" cleared="0" enqueued="0" />
  <references type="phantom" candidates="63" cleared="0" enqueued="0" />
  <stringconstants candidates="4596" cleared="0"  />
</gc-op>
<gc-op id="208" type="sweep" timems="0.208" contextid="204" timestamp="2019-08-02T23:42:05.731" />
<gc-end id="209" type="global" contextid="204" durationms="2.349" usertimems="4.000" systemtimems="4.000" timestamp="2019-08-02T23:42:05.731" activeThreads="3">
  <mem-info id="210" free="5578720" total="8388608" percent="66">
    <mem type="tenure" free="5578720" total="8388608" percent="66" micro-fragmented="10008">
      <mem type="soa" free="5086128" total="7885824" percent="64" />
      <mem type="loa" free="492592" total="502784" percent="97" />
    </mem>
  </mem-info>
</gc-end>
<cycle-end id="211" type="global" contextid="204" timestamp="2019-08-02T23:42:05.731" />
  <attribute name="elasticGC enabled" value="1" />
  <attribute name= "numThreadsSpecified" value="3" />
  <attribute name="heapSize specified" value="8388608" />
  <attribute name= "numCores" value="8" />
  <attribute name ="GC Interval" value="0" />
  <attribute name ="Control flow" value="1" />
  <attribute name="GC Util Range Max" value="101" />
  <attribute name="Current GC Util" value="48" />
  <attribute name= "Current Time Running" value="710" />
<allocation-satisfied id="212" threadId="0000000000F5D300" bytesRequested="24" />
<af-end id="213" timestamp="2019-08-02T23:42:05.732" threadId="0000000000F5DC88" success="true" />
<exclusive-end id="214" timestamp="2019-08-02T23:42:05.732" durationms="3.259" />

<exclusive-start id="215" timestamp="2019-08-02T23:42:05.753" intervalms="24.829">
  <response-info timems="0.071" idlems="0.071" threads="0" lastid="0000000000F5D300" lastname="Thread-11" />
</exclusive-start>
<af-start id="216" threadId="0000000000F5DC88" totalBytesRequested="40" timestamp="2019-08-02T23:42:05.754" intervalms="24.812" />
<cycle-start id="217" type="global" contextid="0" timestamp="2019-08-02T23:42:05.754" intervalms="24.912" />
<gc-start id="218" type="global" contextid="217" timestamp="2019-08-02T23:42:05.754">
  <mem-info id="219" free="502784" total="8388608" percent="5">
    <mem type="tenure" free="502784" total="8388608" percent="5">
      <mem type="soa" free="0" total="7885824" percent="0" />
      <mem type="loa" free="502784" total="502784" percent="100" />
    </mem>
  </mem-info>
</gc-start>
<allocation-stats totalBytes="5083504" >
  <allocated-bytes non-tlh="0" tlh="5083504" />
  <largest-consumer threadName="Thread-11" threadId="0000000000F5D300" bytes="5083504" />
</allocation-stats>
<gc-op id="220" type="mark" timems="3.520" contextid="217" timestamp="2019-08-02T23:42:05.758">
  <trace-info objectcount="52149" scancount="43738" scanbytes="1522952" />
  <finalization candidates="124" enqueued="0" />
  <ownableSynchronizers candidates="3" cleared="0" />
  <references type="soft" candidates="148" cleared="0" enqueued="0" dynamicThreshold="21" maxThreshold="32" />
  <references type="weak" candidates="769" cleared="0" enqueued="0" />
  <references type="phantom" candidates="63" cleared="0" enqueued="0" />
  <stringconstants candidates="4596" cleared="0"  />
</gc-op>
<gc-op id="221" type="sweep" timems="0.361" contextid="217" timestamp="2019-08-02T23:42:05.758" />
<mem-info id="222" free="5576816" total="8388608" percent="66">
  <mem type="tenure" free="5576816" total="8388608" percent="66" micro-fragmented="0">
    <mem type="soa" free="5074032" total="7885824" percent="64" />
    <mem type="loa" free="502784" total="502784" percent="100" />
  </mem>
</mem-info>
<gc-op id="223" type="compact" timems="3.801" contextid="217" timestamp="2019-08-02T23:42:05.762">
  <compact-info movecount="684" movebytes="16792" reason="no compaction" />
</gc-op>
<gc-end id="224" type="global" contextid="217" durationms="8.580" usertimems="24.000" systemtimems="0.000" timestamp="2019-08-02T23:42:05.762" activeThreads="2">
  <mem-info id="225" free="5531824" total="8388608" percent="65">
    <mem type="tenure" free="5531824" total="8388608" percent="65">
      <mem type="soa" free="5029040" total="7885824" percent="63" />
      <mem type="loa" free="502784" total="502784" percent="100" />
    </mem>
  </mem-info>
</gc-end>
<cycle-end id="226" type="global" contextid="217" timestamp="2019-08-02T23:42:05.763" />
  <attribute name="elasticGC enabled" value="1" />
  <attribute name= "numThreadsSpecified" value="2" />
  <attribute name="heapSize specified" value="8388608" />
  <attribute name= "numCores" value="8" />
  <attribute name ="GC Interval" value="0" />
  <attribute name ="Control flow" value="1" />
  <attribute name="GC Util Range Max" value="101" />
  <attribute name="Current GC Util" value="97" />
  <attribute name= "Current Time Running" value="742" />
<allocation-satisfied id="227" threadId="0000000000F5D300" bytesRequested="40" />
<af-end id="228" timestamp="2019-08-02T23:42:05.763" threadId="0000000000F5DC88" success="true" />
<exclusive-end id="229" timestamp="2019-08-02T23:42:05.763" durationms="9.678" />

<exclusive-start id="230" timestamp="2019-08-02T23:42:05.781" intervalms="27.947">
  <response-info timems="0.029" idlems="0.029" threads="0" lastid="0000000000F5D300" lastname="Thread-11" />
</exclusive-start>
<af-start id="231" threadId="0000000000F5DC88" totalBytesRequested="40" timestamp="2019-08-02T23:42:05.781" intervalms="27.980" />
<cycle-start id="232" type="global" contextid="0" timestamp="2019-08-02T23:42:05.782" intervalms="27.863" />
<gc-start id="233" type="global" contextid="232" timestamp="2019-08-02T23:42:05.782">
  <mem-info id="234" free="502784" total="8388608" percent="5">
    <mem type="tenure" free="502784" total="8388608" percent="5">
      <mem type="soa" free="0" total="7885824" percent="0" />
      <mem type="loa" free="502784" total="502784" percent="100" />
    </mem>
  </mem-info>
</gc-start>
<allocation-stats totalBytes="5093960" >
  <allocated-bytes non-tlh="0" tlh="5093960" />
  <largest-consumer threadName="Thread-11" threadId="0000000000F5D300" bytes="5093960" />
</allocation-stats>
<gc-op id="235" type="mark" timems="1.558" contextid="232" timestamp="2019-08-02T23:42:05.784">
  <trace-info objectcount="52379" scancount="43975" scanbytes="1528632" />
  <finalization candidates="124" enqueued="0" />
  <ownableSynchronizers candidates="3" cleared="0" />
  <references type="soft" candidates="148" cleared="0" enqueued="0" dynamicThreshold="21" maxThreshold="32" />
  <references type="weak" candidates="769" cleared="0" enqueued="0" />
  <references type="phantom" candidates="63" cleared="0" enqueued="0" />
  <stringconstants candidates="4596" cleared="0"  />
</gc-op>
<gc-op id="236" type="sweep" timems="0.291" contextid="232" timestamp="2019-08-02T23:42:05.784" />
<mem-info id="237" free="5586520" total="8388608" percent="66">
  <mem type="tenure" free="5586520" total="8388608" percent="66" micro-fragmented="0">
    <mem type="soa" free="5083736" total="7885824" percent="64" />
    <mem type="loa" free="502784" total="502784" percent="100" />
  </mem>
</mem-info>
<gc-op id="238" type="compact" timems="2.892" contextid="232" timestamp="2019-08-02T23:42:05.787">
  <compact-info movecount="744" movebytes="18392" reason="no compaction" />
</gc-op>
<gc-end id="239" type="global" contextid="232" durationms="5.523" usertimems="12.000" systemtimems="4.000" timestamp="2019-08-02T23:42:05.787" activeThreads="2">
  <mem-info id="240" free="5526144" total="8388608" percent="65">
    <mem type="tenure" free="5526144" total="8388608" percent="65">
      <mem type="soa" free="5023360" total="7885824" percent="63" />
      <mem type="loa" free="502784" total="502784" percent="100" />
    </mem>
  </mem-info>
</gc-end>
<cycle-end id="241" type="global" contextid="232" timestamp="2019-08-02T23:42:05.787" />
  <attribute name="elasticGC enabled" value="1" />
  <attribute name= "numThreadsSpecified" value="2" />
  <attribute name="heapSize specified" value="8388608" />
  <attribute name= "numCores" value="8" />
  <attribute name ="GC Interval" value="0" />
  <attribute name ="Control flow" value="3" />
  <attribute name="GC Util Range Max" value="101" />
  <attribute name="Current GC Util" value="75" />
  <attribute name= "Current Time Running" value="767" />
<allocation-satisfied id="242" threadId="0000000000F5D300" bytesRequested="40" />
<af-end id="243" timestamp="2019-08-02T23:42:05.788" threadId="0000000000F5DC88" success="true" />
<exclusive-end id="244" timestamp="2019-08-02T23:42:05.788" durationms="6.600" />

<exclusive-start id="245" timestamp="2019-08-02T23:42:05.804" intervalms="22.314">
  <response-info timems="0.060" idlems="0.060" threads="0" lastid="0000000000F5D300" lastname="Thread-11" />
</exclusive-start>
<af-start id="246" threadId="0000000000F5DC88" totalBytesRequested="40" timestamp="2019-08-02T23:42:05.804" intervalms="22.290" />
<cycle-start id="247" type="global" contextid="0" timestamp="2019-08-02T23:42:05.804" intervalms="22.303" />
<gc-start id="248" type="global" contextid="247" timestamp="2019-08-02T23:42:05.804">
  <mem-info id="249" free="502784" total="8388608" percent="5">
    <mem type="tenure" free="502784" total="8388608" percent="5">
      <mem type="soa" free="0" total="7885824" percent="0" />
      <mem type="loa" free="502784" total="502784" percent="100" />
    </mem>
  </mem-info>
</gc-start>
<allocation-stats totalBytes="5088368" >
  <allocated-bytes non-tlh="0" tlh="5088368" />
  <largest-consumer threadName="Thread-11" threadId="0000000000F5D300" bytes="5088368" />
</allocation-stats>
<gc-op id="250" type="mark" timems="2.455" contextid="247" timestamp="2019-08-02T23:42:05.807">
  <trace-info objectcount="52640" scancount="44216" scanbytes="1534984" />
  <finalization candidates="124" enqueued="0" />
  <ownableSynchronizers candidates="3" cleared="0" />
  <references type="soft" candidates="148" cleared="0" enqueued="0" dynamicThreshold="21" maxThreshold="32" />
  <references type="weak" candidates="769" cleared="0" enqueued="0" />
  <references type="phantom" candidates="63" cleared="0" enqueued="0" />
  <stringconstants candidates="4596" cleared="0"  />
</gc-op>
<gc-op id="251" type="sweep" timems="0.127" contextid="247" timestamp="2019-08-02T23:42:05.807" />
<gc-end id="252" type="global" contextid="247" durationms="3.530" usertimems="8.000" systemtimems="0.000" timestamp="2019-08-02T23:42:05.808" activeThreads="2">
  <mem-info id="253" free="5537568" total="8388608" percent="66">
    <mem type="tenure" free="5537568" total="8388608" percent="66" micro-fragmented="8215">
      <mem type="soa" free="5040000" total="7885824" percent="63" />
      <mem type="loa" free="497568" total="502784" percent="98" />
    </mem>
  </mem-info>
</gc-end>
<cycle-end id="254" type="global" contextid="247" timestamp="2019-08-02T23:42:05.808" />
  <attribute name="elasticGC enabled" value="1" />
  <attribute name= "numThreadsSpecified" value="2" />
  <attribute name="heapSize specified" value="8388608" />
  <attribute name= "numCores" value="8" />
  <attribute name ="GC Interval" value="0" />
  <attribute name ="Control flow" value="1" />
  <attribute name="GC Util Range Max" value="101" />
  <attribute name="Current GC Util" value="0" />
  <attribute name= "Current Time Running" value="786" />
<allocation-satisfied id="255" threadId="0000000000F5D300" bytesRequested="40" />
<af-end id="256" timestamp="2019-08-02T23:42:05.808" threadId="0000000000F5DC88" success="true" />
<exclusive-end id="257" timestamp="2019-08-02T23:42:05.808" durationms="4.443" />

<exclusive-start id="258" timestamp="2019-08-02T23:42:05.823" intervalms="19.594">
  <response-info timems="0.077" idlems="0.077" threads="0" lastid="0000000000F5D300" lastname="Thread-11" />
</exclusive-start>
<af-start id="259" threadId="0000000000F5DC88" totalBytesRequested="40" timestamp="2019-08-02T23:42:05.823" intervalms="19.588" />
<cycle-start id="260" type="global" contextid="0" timestamp="2019-08-02T23:42:05.824" intervalms="19.675" />
<gc-start id="261" type="global" contextid="260" timestamp="2019-08-02T23:42:05.824">
  <mem-info id="262" free="502784" total="8388608" percent="5">
    <mem type="tenure" free="502784" total="8388608" percent="5">
      <mem type="soa" free="0" total="7885824" percent="0" />
      <mem type="loa" free="502784" total="502784" percent="100" />
    </mem>
  </mem-info>
</gc-start>
<allocation-stats totalBytes="5074936" >
  <allocated-bytes non-tlh="0" tlh="5074936" />
  <largest-consumer threadName="Thread-11" threadId="0000000000F5D300" bytes="5074936" />
</allocation-stats>
<heap-resize id="263" type="loa contract" space="tenure" amount="83968" count="1" timems="0.000" reason="contract underutilized loa" timestamp="2019-08-02T23:42:05.824" />
<gc-op id="264" type="mark" timems="2.583" contextid="260" timestamp="2019-08-02T23:42:05.827">
  <trace-info objectcount="52930" scancount="44509" scanbytes="1541856" />
  <finalization candidates="124" enqueued="0" />
  <ownableSynchronizers candidates="3" cleared="0" />
  <references type="soft" candidates="148" cleared="0" enqueued="0" dynamicThreshold="21" maxThreshold="32" />
  <references type="weak" candidates="769" cleared="0" enqueued="0" />
  <references type="phantom" candidates="63" cleared="0" enqueued="0" />
  <stringconstants candidates="4596" cleared="0"  />
</gc-op>
<gc-op id="265" type="sweep" timems="0.182" contextid="260" timestamp="2019-08-02T23:42:05.827" />
<gc-end id="266" type="global" contextid="260" durationms="3.805" usertimems="8.000" systemtimems="0.000" timestamp="2019-08-02T23:42:05.828" activeThreads="2">
  <mem-info id="267" free="5544864" total="8388608" percent="66">
    <mem type="tenure" free="5544864" total="8388608" percent="66" micro-fragmented="0">
      <mem type="soa" free="5129520" total="7969792" percent="64" />
      <mem type="loa" free="415344" total="418816" percent="99" />
    </mem>
  </mem-info>
</gc-end>
<cycle-end id="268" type="global" contextid="260" timestamp="2019-08-02T23:42:05.828" />
  <attribute name="elasticGC enabled" value="1" />
  <attribute name= "numThreadsSpecified" value="2" />
  <attribute name="heapSize specified" value="8388608" />
  <attribute name= "numCores" value="8" />
  <attribute name ="GC Interval" value="0" />
  <attribute name ="Control flow" value="1" />
  <attribute name="GC Util Range Max" value="101" />
  <attribute name="Current GC Util" value="22" />
  <attribute name= "Current Time Running" value="806" />
<allocation-satisfied id="269" threadId="0000000000F5D300" bytesRequested="40" />
<af-end id="270" timestamp="2019-08-02T23:42:05.828" threadId="0000000000F5DC88" success="true" />
<exclusive-end id="271" timestamp="2019-08-02T23:42:05.828" durationms="4.677" />

<exclusive-start id="272" timestamp="2019-08-02T23:42:05.841" intervalms="18.094">
  <response-info timems="0.074" idlems="0.074" threads="0" lastid="0000000000F5D300" lastname="Thread-11" />
</exclusive-start>
<af-start id="273" threadId="0000000000F5DC88" totalBytesRequested="40" timestamp="2019-08-02T23:42:05.841" intervalms="18.081" />
<cycle-start id="274" type="global" contextid="0" timestamp="2019-08-02T23:42:05.842" intervalms="18.127" />
<gc-start id="275" type="global" contextid="274" timestamp="2019-08-02T23:42:05.842">
  <mem-info id="276" free="418816" total="8388608" percent="4">
    <mem type="tenure" free="418816" total="8388608" percent="4">
      <mem type="soa" free="0" total="7969792" percent="0" />
      <mem type="loa" free="418816" total="418816" percent="100" />
    </mem>
  </mem-info>
</gc-start>
<allocation-stats totalBytes="5137568" >
  <allocated-bytes non-tlh="0" tlh="5137568" />
  <largest-consumer threadName="Thread-11" threadId="0000000000F5D300" bytes="5137568" />
</allocation-stats>
<heap-resize id="277" type="loa contract" space="tenure" amount="83968" count="1" timems="0.000" reason="contract underutilized loa" timestamp="2019-08-02T23:42:05.842" />
<gc-op id="278" type="mark" timems="1.601" contextid="274" timestamp="2019-08-02T23:42:05.844">
  <trace-info objectcount="53326" scancount="44920" scanbytes="1551192" />
  <finalization candidates="124" enqueued="0" />
  <ownableSynchronizers candidates="3" cleared="0" />
  <references type="soft" candidates="148" cleared="0" enqueued="0" dynamicThreshold="21" maxThreshold="32" />
  <references type="weak" candidates="769" cleared="0" enqueued="0" />
  <references type="phantom" candidates="63" cleared="0" enqueued="0" />
  <stringconstants candidates="4596" cleared="0"  />
</gc-op>
<gc-op id="279" type="sweep" timems="0.233" contextid="274" timestamp="2019-08-02T23:42:05.844" />
<mem-info id="280" free="5539192" total="8388608" percent="66">
  <mem type="tenure" free="5539192" total="8388608" percent="66" micro-fragmented="0">
    <mem type="soa" free="5204344" total="8053760" percent="64" />
    <mem type="loa" free="334848" total="334848" percent="100" />
  </mem>
</mem-info>
<gc-op id="281" type="compact" timems="3.977" contextid="274" timestamp="2019-08-02T23:42:05.848">
  <compact-info movecount="1029" movebytes="25064" reason="no compaction" />
</gc-op>
<gc-end id="282" type="global" contextid="274" durationms="6.695" usertimems="12.000" systemtimems="4.000" timestamp="2019-08-02T23:42:05.849" activeThreads="1">
  <mem-info id="283" free="5503584" total="8388608" percent="65">
    <mem type="tenure" free="5503584" total="8388608" percent="65">
      <mem type="soa" free="5168736" total="8053760" percent="64" />
      <mem type="loa" free="334848" total="334848" percent="100" />
    </mem>
  </mem-info>
</gc-end>
<cycle-end id="284" type="global" contextid="274" timestamp="2019-08-02T23:42:05.849" />
  <attribute name="elasticGC enabled" value="1" />
  <attribute name= "numThreadsSpecified" value="1" />
  <attribute name="heapSize specified" value="8388608" />
  <attribute name= "numCores" value="8" />
  <attribute name ="GC Interval" value="0" />
  <attribute name ="Control flow" value="1" />
  <attribute name="GC Util Range Max" value="101" />
  <attribute name="Current GC Util" value="65" />
  <attribute name= "Current Time Running" value="828" />
<allocation-satisfied id="285" threadId="0000000000F5D300" bytesRequested="40" />
<af-end id="286" timestamp="2019-08-02T23:42:05.849" threadId="0000000000F5DC88" success="true" />
<exclusive-end id="287" timestamp="2019-08-02T23:42:05.849" durationms="7.716" />

</verbosegc>

