<?xml version="1.0" ?>

<verbosegc xmlns="http://www.ibm.com/j9/verbosegc" version="08cc62e_CMPRSS">

<initialized id="1" timestamp="2019-08-02T23:41:48.352">
  <attribute name="gcPolicy" value="-Xgcpolicy:optavgpause" />
  <attribute name="elasticGC enabled" value="1" />
  <attribute name= "numThreadsSpecified" value="0" />
  <attribute name="heapSize specified" value="0" />
  <attribute name= "numCores" value="0" />
  <attribute name ="GC Interval" value="0" />
  <attribute name="GC Util Range Max" value="0" />
  <attribute name="Current GC Util" value="0" />
  <attribute name= "Current Time Running" value="0" />
  <attribute name="maxHeapSize" value="0x7cba0000" />
  <attribute name="initialHeapSize" value="0x800000" />
  <attribute name="compressedRefs" value="true" />
  <attribute name="compressedRefsDisplacement" value="0x0" />
  <attribute name="compressedRefsShift" value="0x0" />
  <attribute name="pageSize" value="0x1000" />
  <attribute name="pageType" value="not used" />
  <attribute name="requestedPageSize" value="0x1000" />
  <attribute name="requestedPageType" value="not used" />
  <attribute name="gcthreads" value="8" />
  <attribute name="packetListSplit" value="8" />
  <attribute name="cacheListSplit" value="8" />
  <attribute name="splitFreeListSplitAmount" value="1" />
  <attribute name="numaNodes" value="0" />
  <system>
    <attribute name="physicalMemory" value="8370401280" />
    <attribute name="numCPUs" value="8" />
    <attribute name="architecture" value="amd64" />
    <attribute name="os" value="Linux" />
    <attribute name="osVersion" value="4.4.0-154-generic" />
  </system>
  <vmargs>
    <vmarg name="-Xoptionsfile=/vagrant/jdk/lib/options.default" />
    <vmarg name="-Xlockword:mode=default,noLockword=java/lang/String,noLockword=java/util/MapEntry,noLockword=java/util/HashMap$Entry,noLockword..." />
    <vmarg name="-Xjcl:jclse29" />
    <vmarg name="-Dcom.ibm.oti.vm.bootstrap.library.path=/vagrant/jdk/lib/compressedrefs:/vagrant/jdk/lib" />
    <vmarg name="-Dsun.boot.library.path=/vagrant/jdk/lib/compressedrefs:/vagrant/jdk/lib" />
    <vmarg name="-Djava.library.path=/vagrant/jdk/lib/compressedrefs:/vagrant/jdk/lib:/usr/lib64:/usr/lib" />
    <vmarg name="-Djava.home=/vagrant/jdk" />
    <vmarg name="-Duser.dir=/vagrant" />
    <vmarg name="-Xgcpolicy:optavgpause" />
    <vmarg name="-Xgcelastic" />
    <vmarg name="-Xcheck:gc:::elasticGC" />
    <vmarg name="-verbose:gc" />
    <vmarg name="-Xloggc:jdkI-small-OAP-8core-verbose1sunflow.txt" />
    <vmarg name="-Djava.class.path=dacapo-9.12-MR1-bach.jar" />
    <vmarg name="-Dsun.java.command=dacapo-9.12-MR1-bach.jar sunflow --size=small" />
    <vmarg name="-Dsun.java.launcher=SUN_STANDARD" />
    <vmarg name="-Dsun.java.launcher.pid=19045" />
  </vmargs>
</initialized>

<exclusive-start id="2" timestamp="2019-08-02T23:41:48.797" intervalms="444.369">
  <response-info timems="0.089" idlems="0.089" threads="0" lastid="0000000001AC3A00" lastname="main" />
</exclusive-start>
<sys-start reason="explicit" id="3" timestamp="2019-08-02T23:41:48.797" intervalms="444.845" />
<cycle-start id="4" type="global" contextid="0" timestamp="2019-08-02T23:41:48.797" intervalms="445.190" />
<gc-start id="5" type="global" contextid="4" timestamp="2019-08-02T23:41:48.797">
  <mem-info id="6" free="4192016" total="8388608" percent="49">
    <mem type="tenure" free="4192016" total="8388608" percent="49">
      <mem type="soa" free="3773200" total="7969792" percent="47" />
      <mem type="loa" free="418816" total="418816" percent="100" />
    </mem>
  </mem-info>
</gc-start>
<allocation-stats totalBytes="4192872" >
  <allocated-bytes non-tlh="502000" tlh="3690872" />
  <largest-consumer threadName="main" threadId="0000000001AC3A00" bytes="4099744" />
</allocation-stats>
<gc-op id="7" type="mark" timems="2.935" contextid="4" timestamp="2019-08-02T23:41:48.801">
  <trace-info objectcount="30266" scancount="24285" scanbytes="766092" />
  <finalization candidates="125" enqueued="1" />
  <ownableSynchronizers candidates="3" cleared="0" />
  <references type="soft" candidates="131" cleared="0" enqueued="0" dynamicThreshold="32" maxThreshold="32" />
  <references type="weak" candidates="1322" cleared="569" enqueued="479" />
  <references type="phantom" candidates="106" cleared="42" enqueued="42" />
  <stringconstants candidates="3958" cleared="0"  />
</gc-op>
<gc-op id="8" type="classunload" timems="0.073" contextid="4" timestamp="2019-08-02T23:41:48.801">
  <classunload-info classloadercandidates="7" classloadersunloaded="0" classesunloaded="0" anonymousclassesunloaded="0" quiescems="0.000" setupms="0.072" scanms="0.000" postms="0.001" />
</gc-op>
<gc-op id="9" type="sweep" timems="0.688" contextid="4" timestamp="2019-08-02T23:41:48.802" />
<gc-end id="10" type="global" contextid="4" durationms="5.117" usertimems="0.000" systemtimems="8.000" timestamp="2019-08-02T23:41:48.802" activeThreads="8">
  <mem-info id="11" free="6532152" total="8388608" percent="77">
    <mem type="tenure" free="6532152" total="8388608" percent="77" micro-fragmented="445998">
      <mem type="soa" free="6113336" total="7969792" percent="76" />
      <mem type="loa" free="418816" total="418816" percent="100" />
    </mem>
    <pending-finalizers system="1" default="0" reference="521" classloader="0" />
  </mem-info>
</gc-end>
<cycle-end id="12" type="global" contextid="4" timestamp="2019-08-02T23:41:48.803" />
  <attribute name="elasticGC enabled" value="1" />
  <attribute name= "numThreadsSpecified" value="0" />
  <attribute name="heapSize specified" value="0" />
  <attribute name= "numCores" value="8" />
  <attribute name ="GC Interval" value="0" />
  <attribute name ="Control flow" value="1" />
  <attribute name="GC Util Range Max" value="89" />
  <attribute name="Current GC Util" value="22" />
  <attribute name= "Current Time Running" value="3" />
<sys-end id="13" timestamp="2019-08-02T23:41:48.803" />
<exclusive-end id="14" timestamp="2019-08-02T23:41:48.803" durationms="6.394" />

<exclusive-start id="15" timestamp="2019-08-02T23:41:49.027" intervalms="230.312">
  <response-info timems="0.099" idlems="0.099" threads="0" lastid="0000000001E3A700" lastname="Thread-9" />
</exclusive-start>
<af-start id="16" threadId="0000000001E3B088" totalBytesRequested="49160" timestamp="2019-08-02T23:41:49.027" intervalms="674.910" />
<cycle-start id="17" type="global" contextid="0" timestamp="2019-08-02T23:41:49.027" intervalms="229.893" />
<gc-start id="18" type="global" contextid="17" timestamp="2019-08-02T23:41:49.027">
  <mem-info id="19" free="24128" total="8388608" percent="0">
    <mem type="tenure" free="24128" total="8388608" percent="0">
      <mem type="soa" free="24128" total="7969792" percent="0" />
      <mem type="loa" free="0" total="418816" percent="0" />
    </mem>
  </mem-info>
</gc-start>
<allocation-stats totalBytes="6382952" >
  <allocated-bytes non-tlh="2585456" tlh="3797496" />
  <largest-consumer threadName="main" threadId="0000000001AC3A00" bytes="3018464" />
</allocation-stats>
<gc-op id="20" type="mark" timems="2.531" contextid="17" timestamp="2019-08-02T23:41:49.030">
  <trace-info objectcount="44533" scancount="36159" scanbytes="1206424" />
  <finalization candidates="124" enqueued="0" />
  <ownableSynchronizers candidates="3" cleared="0" />
  <references type="soft" candidates="148" cleared="0" enqueued="0" dynamicThreshold="24" maxThreshold="32" />
  <references type="weak" candidates="798" cleared="29" enqueued="28" />
  <references type="phantom" candidates="65" cleared="2" enqueued="2" />
  <stringconstants candidates="4534" cleared="1"  />
</gc-op>
<gc-op id="21" type="sweep" timems="0.232" contextid="17" timestamp="2019-08-02T23:41:49.030" />
<gc-end id="22" type="global" contextid="17" durationms="5.074" usertimems="0.000" systemtimems="4.000" timestamp="2019-08-02T23:41:49.032" activeThreads="1">
  <mem-info id="23" free="4052752" total="8388608" percent="48">
    <mem type="tenure" free="4052752" total="8388608" percent="48" micro-fragmented="1299532">
      <mem type="soa" free="3780520" total="7969792" percent="47" />
      <mem type="loa" free="272232" total="418816" percent="65" />
    </mem>
    <pending-finalizers system="0" default="0" reference="30" classloader="0" />
  </mem-info>
</gc-end>
<cycle-end id="24" type="global" contextid="17" timestamp="2019-08-02T23:41:49.033" />
  <attribute name="elasticGC enabled" value="1" />
  <attribute name= "numThreadsSpecified" value="1" />
  <attribute name="heapSize specified" value="0" />
  <attribute name= "numCores" value="8" />
  <attribute name ="GC Interval" value="0" />
  <attribute name ="Control flow" value="1" />
  <attribute name="GC Util Range Max" value="89" />
  <attribute name="Current GC Util" value="29" />
  <attribute name= "Current Time Running" value="232" />
<allocation-satisfied id="25" threadId="0000000001E3A700" bytesRequested="49160" />
<af-end id="26" timestamp="2019-08-02T23:41:49.033" threadId="0000000001E3B088" success="true" />
<exclusive-end id="27" timestamp="2019-08-02T23:41:49.033" durationms="6.247" />

<concurrent-kickoff id="28" timestamp="2019-08-02T23:41:49.074">
  <kickoff reason="threshold reached" targetBytes="2489738" thresholdFreeBytes="343258" remainingFree="272232" tenureFreeBytes="272232" />
</concurrent-kickoff>
<exclusive-start id="29" timestamp="2019-08-02T23:41:49.074" intervalms="47.712">
  <response-info timems="0.061" idlems="0.061" threads="0" lastid="0000000001E3A700" lastname="Thread-9" />
</exclusive-start>
<cycle-start id="30" type="global" contextid="0" timestamp="2019-08-02T23:41:49.075" intervalms="47.439" />
<exclusive-end id="31" timestamp="2019-08-02T23:41:49.075" durationms="0.257" />

<exclusive-start id="32" timestamp="2019-08-02T23:41:49.075" intervalms="0.809">
  <response-info timems="0.017" idlems="0.017" threads="0" lastid="0000000001E3A700" lastname="Thread-9" />
</exclusive-start>
<af-start id="33" threadId="0000000001E3B088" totalBytesRequested="2984" timestamp="2019-08-02T23:41:49.075" intervalms="48.399" />
<concurrent-aborted id="34" timestamp="2019-08-02T23:41:49.076">
  <reason value="insufficient progress made" />
</concurrent-aborted>
<cycle-end id="35" type="global" contextid="30" timestamp="2019-08-02T23:41:49.076" />
  <attribute name="elasticGC enabled" value="1" />
  <attribute name= "numThreadsSpecified" value="1" />
  <attribute name="heapSize specified" value="0" />
  <attribute name= "numCores" value="8" />
  <attribute name ="GC Interval" value="0" />
  <attribute name ="Control flow" value="3" />
  <attribute name="GC Util Range Max" value="89" />
  <attribute name="Current GC Util" value="10" />
  <attribute name= "Current Time Running" value="277" />
<cycle-start id="36" type="global" contextid="0" timestamp="2019-08-02T23:41:49.076" intervalms="1.123" />
<gc-start id="37" type="global" contextid="36" timestamp="2019-08-02T23:41:49.076">
  <mem-info id="38" free="192488" total="8388608" percent="2">
    <mem type="tenure" free="192488" total="8388608" percent="2">
      <mem type="soa" free="0" total="7969792" percent="0" />
      <mem type="loa" free="192488" total="418816" percent="45" />
    </mem>
  </mem-info>
</gc-start>
<allocation-stats totalBytes="3741616" >
  <allocated-bytes non-tlh="617720" tlh="3123896" />
  <largest-consumer threadName="Thread-9" threadId="0000000001E3A700" bytes="3741616" />
</allocation-stats>
<gc-op id="39" type="mark" timems="1.222" contextid="36" timestamp="2019-08-02T23:41:49.077">
  <trace-info objectcount="44431" scancount="36080" scanbytes="1204472" />
  <finalization candidates="124" enqueued="0" />
  <ownableSynchronizers candidates="3" cleared="0" />
  <references type="soft" candidates="148" cleared="0" enqueued="0" dynamicThreshold="15" maxThreshold="32" />
  <references type="weak" candidates="769" cleared="0" enqueued="0" />
  <references type="phantom" candidates="63" cleared="0" enqueued="0" />
  <stringconstants candidates="4533" cleared="0"  />
</gc-op>
<gc-op id="40" type="sweep" timems="0.229" contextid="36" timestamp="2019-08-02T23:41:49.077" />
<mem-info id="41" free="4114736" total="8388608" percent="49">
  <mem type="tenure" free="4114736" total="8388608" percent="49" micro-fragmented="1258543">
    <mem type="soa" free="3695920" total="7969792" percent="46" />
    <mem type="loa" free="418816" total="418816" percent="100" />
  </mem>
</mem-info>
<gc-op id="42" type="compact" timems="7.926" contextid="36" timestamp="2019-08-02T23:41:49.086">
  <compact-info movecount="44430" movebytes="2902912" reason="no compaction" />
</gc-op>
<gc-end id="43" type="global" contextid="36" durationms="10.287" usertimems="12.000" systemtimems="0.000" timestamp="2019-08-02T23:41:49.086" activeThreads="1">
  <mem-info id="44" free="5420072" total="8388608" percent="64">
    <mem type="tenure" free="5420072" total="8388608" percent="64">
      <mem type="soa" free="5001256" total="7969792" percent="62" />
      <mem type="loa" free="418816" total="418816" percent="100" />
    </mem>
  </mem-info>
</gc-end>
<cycle-end id="45" type="global" contextid="36" timestamp="2019-08-02T23:41:49.086" />
  <attribute name="elasticGC enabled" value="1" />
  <attribute name= "numThreadsSpecified" value="1" />
  <attribute name="heapSize specified" value="8388608" />
  <attribute name= "numCores" value="8" />
  <attribute name ="GC Interval" value="0" />
  <attribute name ="Control flow" value="1" />
  <attribute name="GC Util Range Max" value="89" />
  <attribute name="Current GC Util" value="35" />
  <attribute name= "Current Time Running" value="288" />
<allocation-satisfied id="46" threadId="0000000001E3A700" bytesRequested="2984" />
<af-end id="47" timestamp="2019-08-02T23:41:49.087" threadId="0000000001E3B088" success="true" />
<exclusive-end id="48" timestamp="2019-08-02T23:41:49.087" durationms="11.406" />

<exclusive-start id="49" timestamp="2019-08-02T23:41:49.176" intervalms="101.064">
  <response-info timems="0.092" idlems="0.092" threads="0" lastid="0000000001E3A700" lastname="Thread-11" />
</exclusive-start>
<af-start id="50" threadId="0000000001E3B088" totalBytesRequested="40" timestamp="2019-08-02T23:41:49.176" intervalms="101.097" />
<cycle-start id="51" type="global" contextid="0" timestamp="2019-08-02T23:41:49.177" intervalms="100.853" />
<gc-start id="52" type="global" contextid="51" timestamp="2019-08-02T23:41:49.177">
  <mem-info id="53" free="418816" total="8388608" percent="4">
    <mem type="tenure" free="418816" total="8388608" percent="4">
      <mem type="soa" free="0" total="7969792" percent="0" />
      <mem type="loa" free="418816" total="418816" percent="100" />
    </mem>
  </mem-info>
</gc-start>
<allocation-stats totalBytes="5059936" >
  <allocated-bytes non-tlh="598592" tlh="4461344" />
  <largest-consumer threadName="Thread-11" threadId="0000000001E3A700" bytes="2698200" />
</allocation-stats>
<gc-op id="54" type="mark" timems="3.120" contextid="51" timestamp="2019-08-02T23:41:49.180">
  <trace-info objectcount="49047" scancount="40641" scanbytes="1448528" />
  <finalization candidates="124" enqueued="0" />
  <ownableSynchronizers candidates="3" cleared="0" />
  <references type="soft" candidates="148" cleared="0" enqueued="0" dynamicThreshold="20" maxThreshold="32" />
  <references type="weak" candidates="769" cleared="0" enqueued="0" />
  <references type="phantom" candidates="63" cleared="0" enqueued="0" />
  <stringconstants candidates="4596" cleared="0"  />
</gc-op>
<gc-op id="55" type="sweep" timems="1.651" contextid="51" timestamp="2019-08-02T23:41:49.182" />
<gc-end id="56" type="global" contextid="51" durationms="6.493" usertimems="8.000" systemtimems="4.000" timestamp="2019-08-02T23:41:49.183" activeThreads="1">
  <mem-info id="57" free="5464072" total="8388608" percent="65">
    <mem type="tenure" free="5464072" total="8388608" percent="65" micro-fragmented="106546">
      <mem type="soa" free="5138480" total="7969792" percent="64" />
      <mem type="loa" free="325592" total="418816" percent="77" />
    </mem>
  </mem-info>
</gc-end>
<cycle-end id="58" type="global" contextid="51" timestamp="2019-08-02T23:41:49.183" />
  <attribute name="elasticGC enabled" value="1" />
  <attribute name= "numThreadsSpecified" value="1" />
  <attribute name="heapSize specified" value="8388608" />
  <attribute name= "numCores" value="8" />
  <attribute name ="GC Interval" value="0" />
  <attribute name ="Control flow" value="1" />
  <attribute name="GC Util Range Max" value="89" />
  <attribute name="Current GC Util" value="135" />
  <attribute name= "Current Time Running" value="384" />
<allocation-satisfied id="59" threadId="0000000001E3A700" bytesRequested="40" />
<af-end id="60" timestamp="2019-08-02T23:41:49.183" threadId="0000000001E3B088" success="true" />
<exclusive-end id="61" timestamp="2019-08-02T23:41:49.184" durationms="7.209" />

<concurrent-kickoff id="62" timestamp="2019-08-02T23:41:49.216">
  <kickoff reason="threshold reached" targetBytes="2489738" thresholdFreeBytes="343258" remainingFree="334712" tenureFreeBytes="334712" />
</concurrent-kickoff>
<exclusive-start id="63" timestamp="2019-08-02T23:41:49.217" intervalms="40.368">
  <response-info timems="0.052" idlems="0.052" threads="0" lastid="0000000001E3A700" lastname="Thread-11" />
</exclusive-start>
<cycle-start id="64" type="global" contextid="0" timestamp="2019-08-02T23:41:49.217" intervalms="40.224" />
<exclusive-end id="65" timestamp="2019-08-02T23:41:49.217" durationms="0.140" />

<exclusive-start id="66" timestamp="2019-08-02T23:41:49.217" intervalms="0.459">
  <response-info timems="0.022" idlems="0.022" threads="0" lastid="0000000001E3A700" lastname="Thread-11" />
</exclusive-start>
<af-start id="67" threadId="0000000001E3B088" totalBytesRequested="24" timestamp="2019-08-02T23:41:49.217" intervalms="40.794" />
<concurrent-aborted id="68" timestamp="2019-08-02T23:41:49.218">
  <reason value="insufficient progress made" />
</concurrent-aborted>
<cycle-end id="69" type="global" contextid="64" timestamp="2019-08-02T23:41:49.218" />
  <attribute name="elasticGC enabled" value="1" />
  <attribute name= "numThreadsSpecified" value="1" />
  <attribute name="heapSize specified" value="8388608" />
  <attribute name= "numCores" value="8" />
  <attribute name ="GC Interval" value="0" />
  <attribute name ="Control flow" value="3" />
  <attribute name="GC Util Range Max" value="89" />
  <attribute name="Current GC Util" value="10" />
  <attribute name= "Current Time Running" value="419" />
<cycle-start id="70" type="global" contextid="0" timestamp="2019-08-02T23:41:49.218" intervalms="1.173" />
<gc-start id="71" type="global" contextid="70" timestamp="2019-08-02T23:41:49.218">
  <mem-info id="72" free="418816" total="8388608" percent="4">
    <mem type="tenure" free="418816" total="8388608" percent="4">
      <mem type="soa" free="0" total="7969792" percent="0" />
      <mem type="loa" free="418816" total="418816" percent="100" />
    </mem>
  </mem-info>
</gc-start>
<allocation-stats totalBytes="5138504" >
  <allocated-bytes non-tlh="0" tlh="5138504" />
  <largest-consumer threadName="Thread-11" threadId="0000000001E3A700" bytes="5138504" />
</allocation-stats>
<gc-op id="73" type="mark" timems="3.734" contextid="70" timestamp="2019-08-02T23:41:49.222">
  <trace-info objectcount="49334" scancount="40918" scanbytes="1455304" />
  <finalization candidates="124" enqueued="0" />
  <ownableSynchronizers candidates="3" cleared="0" />
  <references type="soft" candidates="148" cleared="0" enqueued="0" dynamicThreshold="20" maxThreshold="32" />
  <references type="weak" candidates="769" cleared="0" enqueued="0" />
  <references type="phantom" candidates="63" cleared="0" enqueued="0" />
  <stringconstants candidates="4596" cleared="0"  />
</gc-op>
<gc-op id="74" type="sweep" timems="1.070" contextid="70" timestamp="2019-08-02T23:41:49.223" />
<gc-end id="75" type="global" contextid="70" durationms="6.372" usertimems="8.000" systemtimems="0.000" timestamp="2019-08-02T23:41:49.224" activeThreads="2">
  <mem-info id="76" free="5474992" total="8388608" percent="65">
    <mem type="tenure" free="5474992" total="8388608" percent="65" micro-fragmented="94687">
      <mem type="soa" free="5130752" total="7969792" percent="64" />
      <mem type="loa" free="344240" total="418816" percent="82" />
    </mem>
  </mem-info>
</gc-end>
<cycle-end id="77" type="global" contextid="70" timestamp="2019-08-02T23:41:49.224" />
  <attribute name="elasticGC enabled" value="1" />
  <attribute name= "numThreadsSpecified" value="2" />
  <attribute name="heapSize specified" value="8388608" />
  <attribute name= "numCores" value="8" />
  <attribute name ="GC Interval" value="0" />
  <attribute name ="Control flow" value="3" />
  <attribute name="GC Util Range Max" value="89" />
  <attribute name="Current GC Util" value="0" />
  <attribute name= "Current Time Running" value="425" />
<allocation-satisfied id="78" threadId="0000000001E3A700" bytesRequested="24" />
<af-end id="79" timestamp="2019-08-02T23:41:49.225" threadId="0000000001E3B088" success="true" />
<exclusive-end id="80" timestamp="2019-08-02T23:41:49.225" durationms="7.590" />

<exclusive-start id="81" timestamp="2019-08-02T23:41:49.248" intervalms="30.609">
  <response-info timems="0.038" idlems="0.038" threads="0" lastid="0000000001E3A700" lastname="Thread-11" />
</exclusive-start>
<af-start id="82" threadId="0000000001E3B088" totalBytesRequested="40" timestamp="2019-08-02T23:41:49.248" intervalms="30.596" />
<cycle-start id="83" type="global" contextid="0" timestamp="2019-08-02T23:41:49.248" intervalms="30.450" />
<gc-start id="84" type="global" contextid="83" timestamp="2019-08-02T23:41:49.248">
  <mem-info id="85" free="418816" total="8388608" percent="4">
    <mem type="tenure" free="418816" total="8388608" percent="4">
      <mem type="soa" free="0" total="7969792" percent="0" />
      <mem type="loa" free="418816" total="418816" percent="100" />
    </mem>
  </mem-info>
</gc-start>
<allocation-stats totalBytes="5127744" >
  <allocated-bytes non-tlh="0" tlh="5127744" />
  <largest-consumer threadName="Thread-11" threadId="0000000001E3A700" bytes="5127744" />
</allocation-stats>
<gc-op id="86" type="mark" timems="2.742" contextid="83" timestamp="2019-08-02T23:41:49.251">
  <trace-info objectcount="49581" scancount="41175" scanbytes="1461344" />
  <finalization candidates="124" enqueued="0" />
  <ownableSynchronizers candidates="3" cleared="0" />
  <references type="soft" candidates="148" cleared="0" enqueued="0" dynamicThreshold="20" maxThreshold="32" />
  <references type="weak" candidates="769" cleared="0" enqueued="0" />
  <references type="phantom" candidates="63" cleared="0" enqueued="0" />
  <stringconstants candidates="4596" cleared="0"  />
</gc-op>
<gc-op id="87" type="sweep" timems="1.275" contextid="83" timestamp="2019-08-02T23:41:49.253" />
<mem-info id="88" free="5528192" total="8388608" percent="65">
  <mem type="tenure" free="5528192" total="8388608" percent="65" micro-fragmented="125570">
    <mem type="soa" free="5109376" total="7969792" percent="64" />
    <mem type="loa" free="418816" total="418816" percent="100" />
  </mem>
</mem-info>
<gc-op id="89" type="compact" timems="5.061" contextid="83" timestamp="2019-08-02T23:41:49.258">
  <compact-info movecount="17995" movebytes="1325224" reason="no compaction" />
</gc-op>
<gc-end id="90" type="global" contextid="83" durationms="10.197" usertimems="12.000" systemtimems="0.000" timestamp="2019-08-02T23:41:49.259" activeThreads="8">
  <mem-info id="91" free="5593424" total="8388608" percent="66">
    <mem type="tenure" free="5593424" total="8388608" percent="66">
      <mem type="soa" free="5174608" total="7969792" percent="64" />
      <mem type="loa" free="418816" total="418816" percent="100" />
    </mem>
  </mem-info>
</gc-end>
<cycle-end id="92" type="global" contextid="83" timestamp="2019-08-02T23:41:49.259" />
  <attribute name="elasticGC enabled" value="1" />
  <attribute name= "numThreadsSpecified" value="1" />
  <attribute name="heapSize specified" value="8388608" />
  <attribute name= "numCores" value="8" />
  <attribute name ="GC Interval" value="0" />
  <attribute name ="Control flow" value="1" />
  <attribute name="GC Util Range Max" value="89" />
  <attribute name="Current GC Util" value="0" />
  <attribute name= "Current Time Running" value="460" />
<allocation-satisfied id="93" threadId="0000000001E3A700" bytesRequested="40" />
<af-end id="94" timestamp="2019-08-02T23:41:49.259" threadId="0000000001E3B088" success="true" />
<exclusive-end id="95" timestamp="2019-08-02T23:41:49.259" durationms="11.255" />

<exclusive-start id="96" timestamp="2019-08-02T23:41:49.279" intervalms="31.228">
  <response-info timems="0.106" idlems="0.106" threads="0" lastid="0000000001E3A700" lastname="Thread-11" />
</exclusive-start>
<af-start id="97" threadId="0000000001E3B088" totalBytesRequested="40" timestamp="2019-08-02T23:41:49.279" intervalms="31.268" />
<cycle-start id="98" type="global" contextid="0" timestamp="2019-08-02T23:41:49.279" intervalms="30.815" />
<gc-start id="99" type="global" contextid="98" timestamp="2019-08-02T23:41:49.279">
  <mem-info id="100" free="418816" total="8388608" percent="4">
    <mem type="tenure" free="418816" total="8388608" percent="4">
      <mem type="soa" free="0" total="7969792" percent="0" />
      <mem type="loa" free="418816" total="418816" percent="100" />
    </mem>
  </mem-info>
</gc-start>
<allocation-stats totalBytes="5239472" >
  <allocated-bytes non-tlh="0" tlh="5239472" />
  <largest-consumer threadName="Thread-11" threadId="0000000001E3A700" bytes="5239472" />
</allocation-stats>
<gc-op id="101" type="mark" timems="3.148" contextid="98" timestamp="2019-08-02T23:41:49.283">
  <trace-info objectcount="49816" scancount="41410" scanbytes="1466984" />
  <finalization candidates="124" enqueued="0" />
  <ownableSynchronizers candidates="3" cleared="0" />
  <references type="soft" candidates="148" cleared="0" enqueued="0" dynamicThreshold="21" maxThreshold="32" />
  <references type="weak" candidates="769" cleared="0" enqueued="0" />
  <references type="phantom" candidates="63" cleared="0" enqueued="0" />
  <stringconstants candidates="4596" cleared="0"  />
</gc-op>
<gc-op id="102" type="sweep" timems="2.073" contextid="98" timestamp="2019-08-02T23:41:49.285" />
<mem-info id="103" free="5648712" total="8388608" percent="67">
  <mem type="tenure" free="5648712" total="8388608" percent="67" micro-fragmented="20257">
    <mem type="soa" free="5229896" total="7969792" percent="65" />
    <mem type="loa" free="418816" total="418816" percent="100" />
  </mem>
</mem-info>
<gc-op id="104" type="compact" timems="3.420" contextid="98" timestamp="2019-08-02T23:41:49.288">
  <compact-info movecount="479" movebytes="11888" reason="no compaction" />
</gc-op>
<gc-end id="105" type="global" contextid="98" durationms="10.063" usertimems="16.000" systemtimems="4.000" timestamp="2019-08-02T23:41:49.289" activeThreads="8">
  <mem-info id="106" free="5587784" total="8388608" percent="66">
    <mem type="tenure" free="5587784" total="8388608" percent="66">
      <mem type="soa" free="5168968" total="7969792" percent="64" />
      <mem type="loa" free="418816" total="418816" percent="100" />
    </mem>
  </mem-info>
</gc-end>
<cycle-end id="107" type="global" contextid="98" timestamp="2019-08-02T23:41:49.289" />
  <attribute name="elasticGC enabled" value="1" />
  <attribute name= "numThreadsSpecified" value="1" />
  <attribute name="heapSize specified" value="8388608" />
  <attribute name= "numCores" value="8" />
  <attribute name ="GC Interval" value="0" />
  <attribute name ="Control flow" value="1" />
  <attribute name="GC Util Range Max" value="89" />
  <attribute name="Current GC Util" value="0" />
  <attribute name= "Current Time Running" value="490" />
<allocation-satisfied id="108" threadId="0000000001E3A700" bytesRequested="40" />
<af-end id="109" timestamp="2019-08-02T23:41:49.290" threadId="0000000001E3B088" success="true" />
<exclusive-end id="110" timestamp="2019-08-02T23:41:49.290" durationms="10.763" />

<exclusive-start id="111" timestamp="2019-08-02T23:41:49.306" intervalms="27.133">
  <response-info timems="0.064" idlems="0.064" threads="0" lastid="0000000001E3A700" lastname="Thread-11" />
</exclusive-start>
<af-start id="112" threadId="0000000001E3B088" totalBytesRequested="40" timestamp="2019-08-02T23:41:49.306" intervalms="27.134" />
<cycle-start id="113" type="global" contextid="0" timestamp="2019-08-02T23:41:49.306" intervalms="27.123" />
<gc-start id="114" type="global" contextid="113" timestamp="2019-08-02T23:41:49.306">
  <mem-info id="115" free="418816" total="8388608" percent="4">
    <mem type="tenure" free="418816" total="8388608" percent="4">
      <mem type="soa" free="0" total="7969792" percent="0" />
      <mem type="loa" free="418816" total="418816" percent="100" />
    </mem>
  </mem-info>
</gc-start>
<allocation-stats totalBytes="5233888" >
  <allocated-bytes non-tlh="0" tlh="5233888" />
  <largest-consumer threadName="Thread-11" threadId="0000000001E3A700" bytes="5233888" />
</allocation-stats>
<gc-op id="116" type="mark" timems="3.085" contextid="113" timestamp="2019-08-02T23:41:49.310">
  <trace-info objectcount="50078" scancount="41672" scanbytes="1473272" />
  <finalization candidates="124" enqueued="0" />
  <ownableSynchronizers candidates="3" cleared="0" />
  <references type="soft" candidates="148" cleared="0" enqueued="0" dynamicThreshold="21" maxThreshold="32" />
  <references type="weak" candidates="769" cleared="0" enqueued="0" />
  <references type="phantom" candidates="63" cleared="0" enqueued="0" />
  <stringconstants candidates="4596" cleared="0"  />
</gc-op>
<gc-op id="117" type="sweep" timems="0.913" contextid="113" timestamp="2019-08-02T23:41:49.311" />
<gc-end id="118" type="global" contextid="113" durationms="5.573" usertimems="8.000" systemtimems="0.000" timestamp="2019-08-02T23:41:49.312" activeThreads="3">
  <mem-info id="119" free="5600664" total="8388608" percent="66">
    <mem type="tenure" free="5600664" total="8388608" percent="66" micro-fragmented="0">
      <mem type="soa" free="5220032" total="7969792" percent="65" />
      <mem type="loa" free="380632" total="418816" percent="90" />
    </mem>
  </mem-info>
</gc-end>
<cycle-end id="120" type="global" contextid="113" timestamp="2019-08-02T23:41:49.312" />
  <attribute name="elasticGC enabled" value="1" />
  <attribute name= "numThreadsSpecified" value="3" />
  <attribute name="heapSize specified" value="8388608" />
  <attribute name= "numCores" value="8" />
  <attribute name ="GC Interval" value="0" />
  <attribute name ="Control flow" value="3" />
  <attribute name="GC Util Range Max" value="89" />
  <attribute name="Current GC Util" value="3" />
  <attribute name= "Current Time Running" value="513" />
<allocation-satisfied id="121" threadId="0000000001E3A700" bytesRequested="40" />
<af-end id="122" timestamp="2019-08-02T23:41:49.312" threadId="0000000001E3B088" success="true" />
<exclusive-end id="123" timestamp="2019-08-02T23:41:49.312" durationms="6.249" />

<exclusive-start id="124" timestamp="2019-08-02T23:41:49.329" intervalms="23.057">
  <response-info timems="0.075" idlems="0.075" threads="0" lastid="0000000001E3A700" lastname="Thread-11" />
</exclusive-start>
<af-start id="125" threadId="0000000001E3B088" totalBytesRequested="40" timestamp="2019-08-02T23:41:49.329" intervalms="23.061" />
<cycle-start id="126" type="global" contextid="0" timestamp="2019-08-02T23:41:49.330" intervalms="23.400" />
<gc-start id="127" type="global" contextid="126" timestamp="2019-08-02T23:41:49.330">
  <mem-info id="128" free="418816" total="8388608" percent="4">
    <mem type="tenure" free="418816" total="8388608" percent="4">
      <mem type="soa" free="0" total="7969792" percent="0" />
      <mem type="loa" free="418816" total="418816" percent="100" />
    </mem>
  </mem-info>
</gc-start>
<allocation-stats totalBytes="5218968" >
  <allocated-bytes non-tlh="0" tlh="5218968" />
  <largest-consumer threadName="Thread-11" threadId="0000000001E3A700" bytes="5218968" />
</allocation-stats>
<gc-op id="129" type="mark" timems="1.079" contextid="126" timestamp="2019-08-02T23:41:49.331">
  <trace-info objectcount="50366" scancount="41948" scanbytes="1480168" />
  <finalization candidates="124" enqueued="0" />
  <ownableSynchronizers candidates="3" cleared="0" />
  <references type="soft" candidates="148" cleared="0" enqueued="0" dynamicThreshold="21" maxThreshold="32" />
  <references type="weak" candidates="769" cleared="0" enqueued="0" />
  <references type="phantom" candidates="63" cleared="0" enqueued="0" />
  <stringconstants candidates="4596" cleared="0"  />
</gc-op>
<gc-op id="130" type="sweep" timems="0.281" contextid="126" timestamp="2019-08-02T23:41:49.332" />
<mem-info id="131" free="5615304" total="8388608" percent="66">
  <mem type="tenure" free="5615304" total="8388608" percent="66" micro-fragmented="11795">
    <mem type="soa" free="5196488" total="7969792" percent="65" />
    <mem type="loa" free="418816" total="418816" percent="100" />
  </mem>
</mem-info>
<gc-op id="132" type="compact" timems="2.175" contextid="126" timestamp="2019-08-02T23:41:49.334">
  <compact-info movecount="627" movebytes="15424" reason="no compaction" />
</gc-op>
<gc-end id="133" type="global" contextid="126" durationms="4.347" usertimems="8.000" systemtimems="4.000" timestamp="2019-08-02T23:41:49.334" activeThreads="2">
  <mem-info id="134" free="5574600" total="8388608" percent="66">
    <mem type="tenure" free="5574600" total="8388608" percent="66">
      <mem type="soa" free="5155784" total="7969792" percent="64" />
      <mem type="loa" free="418816" total="418816" percent="100" />
    </mem>
  </mem-info>
</gc-end>
<cycle-end id="135" type="global" contextid="126" timestamp="2019-08-02T23:41:49.334" />
  <attribute name="elasticGC enabled" value="1" />
  <attribute name= "numThreadsSpecified" value="2" />
  <attribute name="heapSize specified" value="8388608" />
  <attribute name= "numCores" value="8" />
  <attribute name ="GC Interval" value="0" />
  <attribute name ="Control flow" value="1" />
  <attribute name="GC Util Range Max" value="89" />
  <attribute name="Current GC Util" value="49" />
  <attribute name= "Current Time Running" value="536" />
<allocation-satisfied id="136" threadId="0000000001E3A700" bytesRequested="40" />
<af-end id="137" timestamp="2019-08-02T23:41:49.335" threadId="0000000001E3B088" success="true" />
<exclusive-end id="138" timestamp="2019-08-02T23:41:49.335" durationms="5.538" />

<exclusive-start id="139" timestamp="2019-08-02T23:41:49.354" intervalms="24.499">
  <response-info timems="0.081" idlems="0.081" threads="0" lastid="0000000001E3A700" lastname="Thread-11" />
</exclusive-start>
<af-start id="140" threadId="0000000001E3B088" totalBytesRequested="40" timestamp="2019-08-02T23:41:49.354" intervalms="24.512" />
<cycle-start id="141" type="global" contextid="0" timestamp="2019-08-02T23:41:49.354" intervalms="24.190" />
<gc-start id="142" type="global" contextid="141" timestamp="2019-08-02T23:41:49.354">
  <mem-info id="143" free="418816" total="8388608" percent="4">
    <mem type="tenure" free="418816" total="8388608" percent="4">
      <mem type="soa" free="0" total="7969792" percent="0" />
      <mem type="loa" free="418816" total="418816" percent="100" />
    </mem>
  </mem-info>
</gc-start>
<allocation-stats totalBytes="5220736" >
  <allocated-bytes non-tlh="0" tlh="5220736" />
  <largest-consumer threadName="Thread-11" threadId="0000000001E3A700" bytes="5220736" />
</allocation-stats>
<gc-op id="144" type="mark" timems="1.500" contextid="141" timestamp="2019-08-02T23:41:49.356">
  <trace-info objectcount="50662" scancount="42236" scanbytes="1487288" />
  <finalization candidates="124" enqueued="0" />
  <ownableSynchronizers candidates="3" cleared="0" />
  <references type="soft" candidates="148" cleared="0" enqueued="0" dynamicThreshold="21" maxThreshold="32" />
  <references type="weak" candidates="769" cleared="0" enqueued="0" />
  <references type="phantom" candidates="63" cleared="0" enqueued="0" />
  <stringconstants candidates="4596" cleared="0"  />
</gc-op>
<gc-op id="145" type="sweep" timems="0.163" contextid="141" timestamp="2019-08-02T23:41:49.356" />
<gc-end id="146" type="global" contextid="141" durationms="2.551" usertimems="4.000" systemtimems="4.000" timestamp="2019-08-02T23:41:49.357" activeThreads="2">
  <mem-info id="147" free="5600064" total="8388608" percent="66">
    <mem type="tenure" free="5600064" total="8388608" percent="66" micro-fragmented="0">
      <mem type="soa" free="5205688" total="7969792" percent="65" />
      <mem type="loa" free="394376" total="418816" percent="94" />
    </mem>
  </mem-info>
</gc-end>
<cycle-end id="148" type="global" contextid="141" timestamp="2019-08-02T23:41:49.357" />
  <attribute name="elasticGC enabled" value="1" />
  <attribute name= "numThreadsSpecified" value="2" />
  <attribute name="heapSize specified" value="8388608" />
  <attribute name= "numCores" value="8" />
  <attribute name ="GC Interval" value="0" />
  <attribute name ="Control flow" value="1" />
  <attribute name="GC Util Range Max" value="89" />
  <attribute name="Current GC Util" value="5" />
  <attribute name= "Current Time Running" value="558" />
<allocation-satisfied id="149" threadId="0000000001E3A700" bytesRequested="40" />
<af-end id="150" timestamp="2019-08-02T23:41:49.357" threadId="0000000001E3B088" success="true" />
<exclusive-end id="151" timestamp="2019-08-02T23:41:49.357" durationms="3.228" />

<exclusive-start id="152" timestamp="2019-08-02T23:41:49.378" intervalms="24.318">
  <response-info timems="0.035" idlems="0.035" threads="0" lastid="0000000001E3A700" lastname="Thread-11" />
</exclusive-start>
<af-start id="153" threadId="0000000001E3B088" totalBytesRequested="40" timestamp="2019-08-02T23:41:49.378" intervalms="24.262" />
<cycle-start id="154" type="global" contextid="0" timestamp="2019-08-02T23:41:49.378" intervalms="24.381" />
<gc-start id="155" type="global" contextid="154" timestamp="2019-08-02T23:41:49.378">
  <mem-info id="156" free="418816" total="8388608" percent="4">
    <mem type="tenure" free="418816" total="8388608" percent="4">
      <mem type="soa" free="0" total="7969792" percent="0" />
      <mem type="loa" free="418816" total="418816" percent="100" />
    </mem>
  </mem-info>
</gc-start>
<allocation-stats totalBytes="5204032" >
  <allocated-bytes non-tlh="0" tlh="5204032" />
  <largest-consumer threadName="Thread-11" threadId="0000000001E3A700" bytes="5204032" />
</allocation-stats>
<gc-op id="157" type="mark" timems="1.146" contextid="154" timestamp="2019-08-02T23:41:49.380">
  <trace-info objectcount="50931" scancount="42528" scanbytes="1493616" />
  <finalization candidates="124" enqueued="0" />
  <ownableSynchronizers candidates="3" cleared="0" />
  <references type="soft" candidates="148" cleared="0" enqueued="0" dynamicThreshold="21" maxThreshold="32" />
  <references type="weak" candidates="769" cleared="0" enqueued="0" />
  <references type="phantom" candidates="63" cleared="0" enqueued="0" />
  <stringconstants candidates="4596" cleared="0"  />
</gc-op>
<gc-op id="158" type="sweep" timems="0.208" contextid="154" timestamp="2019-08-02T23:41:49.380" />
<gc-end id="159" type="global" contextid="154" durationms="2.249" usertimems="4.000" systemtimems="0.000" timestamp="2019-08-02T23:41:49.381" activeThreads="2">
  <mem-info id="160" free="5589976" total="8388608" percent="66">
    <mem type="tenure" free="5589976" total="8388608" percent="66" micro-fragmented="0">
      <mem type="soa" free="5190712" total="7969792" percent="65" />
      <mem type="loa" free="399264" total="418816" percent="95" />
    </mem>
  </mem-info>
</gc-end>
<cycle-end id="161" type="global" contextid="154" timestamp="2019-08-02T23:41:49.381" />
  <attribute name="elasticGC enabled" value="1" />
  <attribute name= "numThreadsSpecified" value="2" />
  <attribute name="heapSize specified" value="8388608" />
  <attribute name= "numCores" value="8" />
  <attribute name ="GC Interval" value="0" />
  <attribute name ="Control flow" value="1" />
  <attribute name="GC Util Range Max" value="89" />
  <attribute name="Current GC Util" value="7" />
  <attribute name= "Current Time Running" value="582" />
<allocation-satisfied id="162" threadId="0000000001E3A700" bytesRequested="40" />
<af-end id="163" timestamp="2019-08-02T23:41:49.381" threadId="0000000001E3B088" success="true" />
<exclusive-end id="164" timestamp="2019-08-02T23:41:49.381" durationms="3.035" />

<exclusive-start id="165" timestamp="2019-08-02T23:41:49.403" intervalms="24.731">
  <response-info timems="0.063" idlems="0.063" threads="0" lastid="0000000001E3A700" lastname="Thread-11" />
</exclusive-start>
<af-start id="166" threadId="0000000001E3B088" totalBytesRequested="40" timestamp="2019-08-02T23:41:49.403" intervalms="24.818" />
<cycle-start id="167" type="global" contextid="0" timestamp="2019-08-02T23:41:49.403" intervalms="24.837" />
<gc-start id="168" type="global" contextid="167" timestamp="2019-08-02T23:41:49.403">
  <mem-info id="169" free="418816" total="8388608" percent="4">
    <mem type="tenure" free="418816" total="8388608" percent="4">
      <mem type="soa" free="0" total="7969792" percent="0" />
      <mem type="loa" free="418816" total="418816" percent="100" />
    </mem>
  </mem-info>
</gc-start>
<allocation-stats totalBytes="5185144" >
  <allocated-bytes non-tlh="0" tlh="5185144" />
  <largest-consumer threadName="Thread-11" threadId="0000000001E3A700" bytes="5185144" />
</allocation-stats>
<gc-op id="170" type="mark" timems="1.556" contextid="167" timestamp="2019-08-02T23:41:49.405">
  <trace-info objectcount="51213" scancount="42795" scanbytes="1500232" />
  <finalization candidates="124" enqueued="0" />
  <ownableSynchronizers candidates="3" cleared="0" />
  <references type="soft" candidates="148" cleared="0" enqueued="0" dynamicThreshold="21" maxThreshold="32" />
  <references type="weak" candidates="769" cleared="0" enqueued="0" />
  <references type="phantom" candidates="63" cleared="0" enqueued="0" />
  <stringconstants candidates="4596" cleared="0"  />
</gc-op>
<gc-op id="171" type="sweep" timems="0.357" contextid="167" timestamp="2019-08-02T23:41:49.405" />
<mem-info id="172" free="5583192" total="8388608" percent="66">
  <mem type="tenure" free="5583192" total="8388608" percent="66" micro-fragmented="24451">
    <mem type="soa" free="5164376" total="7969792" percent="64" />
    <mem type="loa" free="418816" total="418816" percent="100" />
  </mem>
</mem-info>
<gc-op id="173" type="compact" timems="2.424" contextid="167" timestamp="2019-08-02T23:41:49.408">
  <compact-info movecount="1205" movebytes="29032" reason="no compaction" />
</gc-op>
<gc-end id="174" type="global" contextid="167" durationms="5.064" usertimems="16.000" systemtimems="0.000" timestamp="2019-08-02T23:41:49.408" activeThreads="8">
  <mem-info id="175" free="5554536" total="8388608" percent="66">
    <mem type="tenure" free="5554536" total="8388608" percent="66">
      <mem type="soa" free="5135720" total="7969792" percent="64" />
      <mem type="loa" free="418816" total="418816" percent="100" />
    </mem>
  </mem-info>
</gc-end>
<cycle-end id="176" type="global" contextid="167" timestamp="2019-08-02T23:41:49.408" />
  <attribute name="elasticGC enabled" value="1" />
  <attribute name= "numThreadsSpecified" value="2" />
  <attribute name="heapSize specified" value="8388608" />
  <attribute name= "numCores" value="8" />
  <attribute name ="GC Interval" value="0" />
  <attribute name ="Control flow" value="1" />
  <attribute name="GC Util Range Max" value="89" />
  <attribute name="Current GC Util" value="65" />
  <attribute name= "Current Time Running" value="610" />
<allocation-satisfied id="177" threadId="0000000001E3A700" bytesRequested="40" />
<af-end id="178" timestamp="2019-08-02T23:41:49.409" threadId="0000000001E3B088" success="true" />
<exclusive-end id="179" timestamp="2019-08-02T23:41:49.409" durationms="6.028" />

<exclusive-start id="180" timestamp="2019-08-02T23:41:49.428" intervalms="25.016">
  <response-info timems="0.115" idlems="0.115" threads="0" lastid="0000000001E3A700" lastname="Thread-11" />
</exclusive-start>
<af-start id="181" threadId="0000000001E3B088" totalBytesRequested="24" timestamp="2019-08-02T23:41:49.428" intervalms="25.005" />
<cycle-start id="182" type="global" contextid="0" timestamp="2019-08-02T23:41:49.428" intervalms="24.873" />
<gc-start id="183" type="global" contextid="182" timestamp="2019-08-02T23:41:49.428">
  <mem-info id="184" free="418816" total="8388608" percent="4">
    <mem type="tenure" free="418816" total="8388608" percent="4">
      <mem type="soa" free="0" total="7969792" percent="0" />
      <mem type="loa" free="418816" total="418816" percent="100" />
    </mem>
  </mem-info>
</gc-start>
<allocation-stats totalBytes="5200712" >
  <allocated-bytes non-tlh="0" tlh="5200712" />
  <largest-consumer threadName="Thread-11" threadId="0000000001E3A700" bytes="5200712" />
</allocation-stats>
<gc-op id="185" type="mark" timems="1.523" contextid="182" timestamp="2019-08-02T23:41:49.430">
  <trace-info objectcount="51607" scancount="43193" scanbytes="1509696" />
  <finalization candidates="124" enqueued="0" />
  <ownableSynchronizers candidates="3" cleared="0" />
  <references type="soft" candidates="148" cleared="0" enqueued="0" dynamicThreshold="21" maxThreshold="32" />
  <references type="weak" candidates="769" cleared="0" enqueued="0" />
  <references type="phantom" candidates="63" cleared="0" enqueued="0" />
  <stringconstants candidates="4596" cleared="0"  />
</gc-op>
<gc-op id="186" type="sweep" timems="0.163" contextid="182" timestamp="2019-08-02T23:41:49.430" />
<gc-end id="187" type="global" contextid="182" durationms="2.631" usertimems="8.000" systemtimems="0.000" timestamp="2019-08-02T23:41:49.431" activeThreads="2">
  <mem-info id="188" free="5580808" total="8388608" percent="66">
    <mem type="tenure" free="5580808" total="8388608" percent="66" micro-fragmented="0">
      <mem type="soa" free="5174504" total="7969792" percent="64" />
      <mem type="loa" free="406304" total="418816" percent="97" />
    </mem>
  </mem-info>
</gc-end>
<cycle-end id="189" type="global" contextid="182" timestamp="2019-08-02T23:41:49.431" />
  <attribute name="elasticGC enabled" value="1" />
  <attribute name= "numThreadsSpecified" value="2" />
  <attribute name="heapSize specified" value="8388608" />
  <attribute name= "numCores" value="8" />
  <attribute name ="GC Interval" value="0" />
  <attribute name ="Control flow" value="1" />
  <attribute name="GC Util Range Max" value="89" />
  <attribute name="Current GC Util" value="7" />
  <attribute name= "Current Time Running" value="632" />
<allocation-satisfied id="190" threadId="0000000001E3A700" bytesRequested="24" />
<af-end id="191" timestamp="2019-08-02T23:41:49.431" threadId="0000000001E3B088" success="true" />
<exclusive-end id="192" timestamp="2019-08-02T23:41:49.431" durationms="3.381" />

<exclusive-start id="193" timestamp="2019-08-02T23:41:49.450" intervalms="22.427">
  <response-info timems="0.066" idlems="0.066" threads="0" lastid="0000000001E3A700" lastname="Thread-11" />
</exclusive-start>
<af-start id="194" threadId="0000000001E3B088" totalBytesRequested="40" timestamp="2019-08-02T23:41:49.450" intervalms="22.395" />
<cycle-start id="195" type="global" contextid="0" timestamp="2019-08-02T23:41:49.451" intervalms="22.498" />
<gc-start id="196" type="global" contextid="195" timestamp="2019-08-02T23:41:49.451">
  <mem-info id="197" free="418816" total="8388608" percent="4">
    <mem type="tenure" free="418816" total="8388608" percent="4">
      <mem type="soa" free="0" total="7969792" percent="0" />
      <mem type="loa" free="418816" total="418816" percent="100" />
    </mem>
  </mem-info>
</gc-start>
<allocation-stats totalBytes="5179032" >
  <allocated-bytes non-tlh="0" tlh="5179032" />
  <largest-consumer threadName="Thread-11" threadId="0000000001E3A700" bytes="5179032" />
</allocation-stats>
<gc-op id="198" type="mark" timems="1.249" contextid="195" timestamp="2019-08-02T23:41:49.452">
  <trace-info objectcount="52029" scancount="43614" scanbytes="1520088" />
  <finalization candidates="124" enqueued="0" />
  <ownableSynchronizers candidates="3" cleared="0" />
  <references type="soft" candidates="148" cleared="0" enqueued="0" dynamicThreshold="21" maxThreshold="32" />
  <references type="weak" candidates="769" cleared="0" enqueued="0" />
  <references type="phantom" candidates="63" cleared="0" enqueued="0" />
  <stringconstants candidates="4596" cleared="0"  />
</gc-op>
<gc-op id="199" type="sweep" timems="0.238" contextid="195" timestamp="2019-08-02T23:41:49.452" />
<gc-end id="200" type="global" contextid="195" durationms="2.313" usertimems="8.000" systemtimems="0.000" timestamp="2019-08-02T23:41:49.453" activeThreads="3">
  <mem-info id="201" free="5560984" total="8388608" percent="66">
    <mem type="tenure" free="5560984" total="8388608" percent="66" micro-fragmented="0">
      <mem type="soa" free="5152176" total="7969792" percent="64" />
      <mem type="loa" free="408808" total="418816" percent="97" />
    </mem>
  </mem-info>
</gc-end>
<cycle-end id="202" type="global" contextid="195" timestamp="2019-08-02T23:41:49.453" />
  <attribute name="elasticGC enabled" value="1" />
  <attribute name= "numThreadsSpecified" value="3" />
  <attribute name="heapSize specified" value="8388608" />
  <attribute name= "numCores" value="8" />
  <attribute name ="GC Interval" value="0" />
  <attribute name ="Control flow" value="1" />
  <attribute name="GC Util Range Max" value="89" />
  <attribute name="Current GC Util" value="63" />
  <attribute name= "Current Time Running" value="654" />
<allocation-satisfied id="203" threadId="0000000001E3A700" bytesRequested="40" />
<af-end id="204" timestamp="2019-08-02T23:41:49.453" threadId="0000000001E3B088" success="true" />
<exclusive-end id="205" timestamp="2019-08-02T23:41:49.453" durationms="3.167" />

<exclusive-start id="206" timestamp="2019-08-02T23:41:49.473" intervalms="22.410">
  <response-info timems="0.063" idlems="0.063" threads="0" lastid="0000000001E3A700" lastname="Thread-11" />
</exclusive-start>
<af-start id="207" threadId="0000000001E3B088" totalBytesRequested="40" timestamp="2019-08-02T23:41:49.473" intervalms="22.402" />
<cycle-start id="208" type="global" contextid="0" timestamp="2019-08-02T23:41:49.473" intervalms="22.404" />
<gc-start id="209" type="global" contextid="208" timestamp="2019-08-02T23:41:49.473">
  <mem-info id="210" free="418816" total="8388608" percent="4">
    <mem type="tenure" free="418816" total="8388608" percent="4">
      <mem type="soa" free="0" total="7969792" percent="0" />
      <mem type="loa" free="418816" total="418816" percent="100" />
    </mem>
  </mem-info>
</gc-start>
<allocation-stats totalBytes="5148976" >
  <allocated-bytes non-tlh="0" tlh="5148976" />
  <largest-consumer threadName="Thread-11" threadId="0000000001E3A700" bytes="5148976" />
</allocation-stats>
<gc-op id="211" type="mark" timems="1.406" contextid="208" timestamp="2019-08-02T23:41:49.475">
  <trace-info objectcount="52235" scancount="43837" scanbytes="1525032" />
  <finalization candidates="124" enqueued="0" />
  <ownableSynchronizers candidates="3" cleared="0" />
  <references type="soft" candidates="148" cleared="0" enqueued="0" dynamicThreshold="21" maxThreshold="32" />
  <references type="weak" candidates="769" cleared="0" enqueued="0" />
  <references type="phantom" candidates="63" cleared="0" enqueued="0" />
  <stringconstants candidates="4596" cleared="0"  />
</gc-op>
<gc-op id="212" type="sweep" timems="0.283" contextid="208" timestamp="2019-08-02T23:41:49.475" />
<mem-info id="213" free="5557440" total="8388608" percent="66">
  <mem type="tenure" free="5557440" total="8388608" percent="66" micro-fragmented="17687">
    <mem type="soa" free="5138624" total="7969792" percent="64" />
    <mem type="loa" free="418816" total="418816" percent="100" />
  </mem>
</mem-info>
<gc-op id="214" type="compact" timems="2.974" contextid="208" timestamp="2019-08-02T23:41:49.478">
  <compact-info movecount="1586" movebytes="38448" reason="no compaction" />
</gc-op>
<gc-end id="215" type="global" contextid="208" durationms="5.437" usertimems="12.000" systemtimems="0.000" timestamp="2019-08-02T23:41:49.478" activeThreads="8">
  <mem-info id="216" free="5529736" total="8388608" percent="65">
    <mem type="tenure" free="5529736" total="8388608" percent="65">
      <mem type="soa" free="5110920" total="7969792" percent="64" />
      <mem type="loa" free="418816" total="418816" percent="100" />
    </mem>
  </mem-info>
</gc-end>
<cycle-end id="217" type="global" contextid="208" timestamp="2019-08-02T23:41:49.479" />
  <attribute name="elasticGC enabled" value="1" />
  <attribute name= "numThreadsSpecified" value="3" />
  <attribute name="heapSize specified" value="8388608" />
  <attribute name= "numCores" value="8" />
  <attribute name ="GC Interval" value="0" />
  <attribute name ="Control flow" value="1" />
  <attribute name="GC Util Range Max" value="89" />
  <attribute name="Current GC Util" value="73" />
  <attribute name= "Current Time Running" value="680" />
<allocation-satisfied id="218" threadId="0000000001E3A700" bytesRequested="40" />
<af-end id="219" timestamp="2019-08-02T23:41:49.479" threadId="0000000001E3B088" success="true" />
<exclusive-end id="220" timestamp="2019-08-02T23:41:49.479" durationms="6.469" />

<exclusive-start id="221" timestamp="2019-08-02T23:41:49.498" intervalms="25.650">
  <response-info timems="0.027" idlems="0.027" threads="0" lastid="0000000001E3A700" lastname="Thread-11" />
</exclusive-start>
<af-start id="222" threadId="0000000001E3B088" totalBytesRequested="40" timestamp="2019-08-02T23:41:49.498" intervalms="25.703" />
<cycle-start id="223" type="global" contextid="0" timestamp="2019-08-02T23:41:49.499" intervalms="25.626" />
<gc-start id="224" type="global" contextid="223" timestamp="2019-08-02T23:41:49.499">
  <mem-info id="225" free="418816" total="8388608" percent="4">
    <mem type="tenure" free="418816" total="8388608" percent="4">
      <mem type="soa" free="0" total="7969792" percent="0" />
      <mem type="loa" free="418816" total="418816" percent="100" />
    </mem>
  </mem-info>
</gc-start>
<allocation-stats totalBytes="5175896" >
  <allocated-bytes non-tlh="0" tlh="5175896" />
  <largest-consumer threadName="Thread-11" threadId="0000000001E3A700" bytes="5175896" />
</allocation-stats>
<gc-op id="226" type="mark" timems="1.266" contextid="223" timestamp="2019-08-02T23:41:49.500">
  <trace-info objectcount="52458" scancount="44038" scanbytes="1530384" />
  <finalization candidates="124" enqueued="0" />
  <ownableSynchronizers candidates="3" cleared="0" />
  <references type="soft" candidates="148" cleared="0" enqueued="0" dynamicThreshold="21" maxThreshold="32" />
  <references type="weak" candidates="769" cleared="0" enqueued="0" />
  <references type="phantom" candidates="63" cleared="0" enqueued="0" />
  <stringconstants candidates="4596" cleared="0"  />
</gc-op>
<gc-op id="227" type="sweep" timems="0.165" contextid="223" timestamp="2019-08-02T23:41:49.500" />
<gc-end id="228" type="global" contextid="223" durationms="2.413" usertimems="8.000" systemtimems="0.000" timestamp="2019-08-02T23:41:49.501" activeThreads="3">
  <mem-info id="229" free="5578744" total="8388608" percent="66">
    <mem type="tenure" free="5578744" total="8388608" percent="66" micro-fragmented="3840">
      <mem type="soa" free="5166328" total="7969792" percent="64" />
      <mem type="loa" free="412416" total="418816" percent="98" />
    </mem>
  </mem-info>
</gc-end>
<cycle-end id="230" type="global" contextid="223" timestamp="2019-08-02T23:41:49.501" />
  <attribute name="elasticGC enabled" value="1" />
  <attribute name= "numThreadsSpecified" value="3" />
  <attribute name="heapSize specified" value="8388608" />
  <attribute name= "numCores" value="8" />
  <attribute name ="GC Interval" value="0" />
  <attribute name ="Control flow" value="1" />
  <attribute name="GC Util Range Max" value="89" />
  <attribute name="Current GC Util" value="42" />
  <attribute name= "Current Time Running" value="702" />
<allocation-satisfied id="231" threadId="0000000001E3A700" bytesRequested="40" />
<af-end id="232" timestamp="2019-08-02T23:41:49.501" threadId="0000000001E3B088" success="true" />
<exclusive-end id="233" timestamp="2019-08-02T23:41:49.501" durationms="3.262" />

<exclusive-start id="234" timestamp="2019-08-02T23:41:49.518" intervalms="20.218">
  <response-info timems="0.081" idlems="0.081" threads="0" lastid="0000000001E3A700" lastname="Thread-11" />
</exclusive-start>
<af-start id="235" threadId="0000000001E3B088" totalBytesRequested="40" timestamp="2019-08-02T23:41:49.519" intervalms="20.170" />
<cycle-start id="236" type="global" contextid="0" timestamp="2019-08-02T23:41:49.519" intervalms="20.284" />
<gc-start id="237" type="global" contextid="236" timestamp="2019-08-02T23:41:49.519">
  <mem-info id="238" free="418816" total="8388608" percent="4">
    <mem type="tenure" free="418816" total="8388608" percent="4">
      <mem type="soa" free="0" total="7969792" percent="0" />
      <mem type="loa" free="418816" total="418816" percent="100" />
    </mem>
  </mem-info>
</gc-start>
<allocation-stats totalBytes="5164064" >
  <allocated-bytes non-tlh="0" tlh="5164064" />
  <largest-consumer threadName="Thread-11" threadId="0000000001E3A700" bytes="5164064" />
</allocation-stats>
<gc-op id="239" type="mark" timems="1.449" contextid="236" timestamp="2019-08-02T23:41:49.521">
  <trace-info objectcount="52722" scancount="44299" scanbytes="1536704" />
  <finalization candidates="124" enqueued="0" />
  <ownableSynchronizers candidates="3" cleared="0" />
  <references type="soft" candidates="148" cleared="0" enqueued="0" dynamicThreshold="21" maxThreshold="32" />
  <references type="weak" candidates="769" cleared="0" enqueued="0" />
  <references type="phantom" candidates="63" cleared="0" enqueued="0" />
  <stringconstants candidates="4596" cleared="0"  />
</gc-op>
<gc-op id="240" type="sweep" timems="0.327" contextid="236" timestamp="2019-08-02T23:41:49.521" />
<mem-info id="241" free="5574400" total="8388608" percent="66">
  <mem type="tenure" free="5574400" total="8388608" percent="66" micro-fragmented="0">
    <mem type="soa" free="5155584" total="7969792" percent="64" />
    <mem type="loa" free="418816" total="418816" percent="100" />
  </mem>
</mem-info>
<gc-op id="242" type="compact" timems="2.223" contextid="236" timestamp="2019-08-02T23:41:49.524">
  <compact-info movecount="643" movebytes="15800" reason="no compaction" />
</gc-op>
<gc-end id="243" type="global" contextid="236" durationms="4.794" usertimems="8.000" systemtimems="4.000" timestamp="2019-08-02T23:41:49.524" activeThreads="8">
  <mem-info id="244" free="5518064" total="8388608" percent="65">
    <mem type="tenure" free="5518064" total="8388608" percent="65">
      <mem type="soa" free="5099248" total="7969792" percent="63" />
      <mem type="loa" free="418816" total="418816" percent="100" />
    </mem>
  </mem-info>
</gc-end>
<cycle-end id="245" type="global" contextid="236" timestamp="2019-08-02T23:41:49.524" />
  <attribute name="elasticGC enabled" value="1" />
  <attribute name= "numThreadsSpecified" value="3" />
  <attribute name="heapSize specified" value="8388608" />
  <attribute name= "numCores" value="8" />
  <attribute name ="GC Interval" value="0" />
  <attribute name ="Control flow" value="3" />
  <attribute name="GC Util Range Max" value="89" />
  <attribute name="Current GC Util" value="58" />
  <attribute name= "Current Time Running" value="725" />
<allocation-satisfied id="246" threadId="0000000001E3A700" bytesRequested="40" />
<af-end id="247" timestamp="2019-08-02T23:41:49.524" threadId="0000000001E3B088" success="true" />
<exclusive-end id="248" timestamp="2019-08-02T23:41:49.524" durationms="5.790" />

<exclusive-start id="249" timestamp="2019-08-02T23:41:49.538" intervalms="19.319">
  <response-info timems="0.080" idlems="0.080" threads="0" lastid="0000000001E3A700" lastname="Thread-11" />
</exclusive-start>
<af-start id="250" threadId="0000000001E3B088" totalBytesRequested="40" timestamp="2019-08-02T23:41:49.538" intervalms="19.344" />
<cycle-start id="251" type="global" contextid="0" timestamp="2019-08-02T23:41:49.538" intervalms="19.198" />
<gc-start id="252" type="global" contextid="251" timestamp="2019-08-02T23:41:49.538">
  <mem-info id="253" free="418816" total="8388608" percent="4">
    <mem type="tenure" free="418816" total="8388608" percent="4">
      <mem type="soa" free="0" total="7969792" percent="0" />
      <mem type="loa" free="418816" total="418816" percent="100" />
    </mem>
  </mem-info>
</gc-start>
<allocation-stats totalBytes="5164128" >
  <allocated-bytes non-tlh="0" tlh="5164128" />
  <largest-consumer threadName="Thread-11" threadId="0000000001E3A700" bytes="5164128" />
</allocation-stats>
<heap-resize id="254" type="loa contract" space="tenure" amount="83968" count="1" timems="0.000" reason="contract underutilized loa" timestamp="2019-08-02T23:41:49.538" />
<gc-op id="255" type="mark" timems="1.267" contextid="251" timestamp="2019-08-02T23:41:49.540">
  <trace-info objectcount="53081" scancount="44663" scanbytes="1545336" />
  <finalization candidates="124" enqueued="0" />
  <ownableSynchronizers candidates="3" cleared="0" />
  <references type="soft" candidates="148" cleared="0" enqueued="0" dynamicThreshold="21" maxThreshold="32" />
  <references type="weak" candidates="769" cleared="0" enqueued="0" />
  <references type="phantom" candidates="63" cleared="0" enqueued="0" />
  <stringconstants candidates="4596" cleared="0"  />
</gc-op>
<gc-op id="256" type="sweep" timems="0.161" contextid="251" timestamp="2019-08-02T23:41:49.540" />
<gc-end id="257" type="global" contextid="251" durationms="2.494" usertimems="4.000" systemtimems="4.000" timestamp="2019-08-02T23:41:49.541" activeThreads="2">
  <mem-info id="258" free="5566720" total="8388608" percent="66">
    <mem type="tenure" free="5566720" total="8388608" percent="66" micro-fragmented="0">
      <mem type="soa" free="5235144" total="8053760" percent="65" />
      <mem type="loa" free="331576" total="334848" percent="99" />
    </mem>
  </mem-info>
</gc-end>
<cycle-end id="259" type="global" contextid="251" timestamp="2019-08-02T23:41:49.541" />
  <attribute name="elasticGC enabled" value="1" />
  <attribute name= "numThreadsSpecified" value="2" />
  <attribute name="heapSize specified" value="8388608" />
  <attribute name= "numCores" value="8" />
  <attribute name ="GC Interval" value="0" />
  <attribute name ="Control flow" value="1" />
  <attribute name="GC Util Range Max" value="89" />
  <attribute name="Current GC Util" value="5" />
  <attribute name= "Current Time Running" value="742" />
<allocation-satisfied id="260" threadId="0000000001E3A700" bytesRequested="40" />
<af-end id="261" timestamp="2019-08-02T23:41:49.541" threadId="0000000001E3B088" success="true" />
<exclusive-end id="262" timestamp="2019-08-02T23:41:49.541" durationms="3.150" />

<concurrent-kickoff id="263" timestamp="2019-08-02T23:41:49.583">
  <kickoff reason="threshold reached" targetBytes="2489738" thresholdFreeBytes="343258" remainingFree="341392" tenureFreeBytes="341392" />
</concurrent-kickoff>
<exclusive-start id="264" timestamp="2019-08-02T23:41:49.583" intervalms="45.713">
  <response-info timems="0.203" idlems="0.153" threads="2" lastid="0000000001E32F00" lastname="Logging-Cleaner" />
</exclusive-start>
<cycle-start id="265" type="global" contextid="0" timestamp="2019-08-02T23:41:49.584" intervalms="45.557" />
<exclusive-end id="266" timestamp="2019-08-02T23:41:49.584" durationms="0.230" />

</verbosegc>

