<?xml version="1.0" ?>

<verbosegc xmlns="http://www.ibm.com/j9/verbosegc" version="25b0271_CMPRSS">

<initialized id="1" timestamp="2019-07-02T23:52:54.050">
  <attribute name="gcPolicy" value="-Xgcpolicy:optthruput" />
  <attribute name="GC Util" value="0" />
  <attribute name="CPU Util" value="0" />
  <attribute name="Time Running"value="0"/>
  <attribute name="Number of cores"value="0"/>
  <attribute name="maxHeapSize" value="0x7cbc0000" />
  <attribute name="initialHeapSize" value="0x800000" />
  <attribute name="compressedRefs" value="true" />
  <attribute name="compressedRefsDisplacement" value="0x0" />
  <attribute name="compressedRefsShift" value="0x0" />
  <attribute name="pageSize" value="0x1000" />
  <attribute name="pageType" value="not used" />
  <attribute name="requestedPageSize" value="0x1000" />
  <attribute name="requestedPageType" value="not used" />
  <attribute name="gcthreads" value="4" />
  <attribute name="packetListSplit" value="4" />
  <attribute name="cacheListSplit" value="4" />
  <attribute name="splitFreeListSplitAmount" value="1" />
  <attribute name="numaNodes" value="0" />
  <system>
    <attribute name="physicalMemory" value="8370962432" />
    <attribute name="numCPUs" value="4" />
    <attribute name="architecture" value="amd64" />
    <attribute name="os" value="Linux" />
    <attribute name="osVersion" value="4.4.0-148-generic" />
  </system>
  <vmargs>
    <vmarg name="-Xoptionsfile=/vagrant/jdk/lib/options.default" />
    <vmarg name="-Xlockword:mode=default,noLockword=java/lang/String,noLockword=java/util/MapEntry,noLockword=java/util/HashMap$Entry,noLockword..." />
    <vmarg name="-Xjcl:jclse11_29" />
    <vmarg name="-Dcom.ibm.oti.vm.bootstrap.library.path=/vagrant/jdk/lib/compressedrefs:/vagrant/jdk/lib" />
    <vmarg name="-Dsun.boot.library.path=/vagrant/jdk/lib/compressedrefs:/vagrant/jdk/lib" />
    <vmarg name="-Djava.library.path=/vagrant/jdk/lib/compressedrefs:/vagrant/jdk/lib:/usr/lib64:/usr/lib" />
    <vmarg name="-Djava.home=/vagrant/jdk" />
    <vmarg name="-Duser.dir=/vagrant" />
    <vmarg name="-Xgcpolicy:optthruput" />
    <vmarg name="-verbose:gc" />
    <vmarg name="-Xloggc:large-OPTTHRUPUT-jdkF-verbose7avrora.txt" />
    <vmarg name="-Djava.class.path=dacapo-9.12-MR1-bach.jar" />
    <vmarg name="-Dsun.java.command=dacapo-9.12-MR1-bach.jar avrora --size=large" />
    <vmarg name="-Dsun.java.launcher=SUN_STANDARD" />
    <vmarg name="-Dsun.java.launcher.pid=28588" />
  </vmargs>
</initialized>

<exclusive-start id="2" timestamp="2019-07-02T23:52:54.827" intervalms="776.906">
  <response-info timems="0.021" idlems="0.021" threads="0" lastid="0000000000E9F700" lastname="main" />
</exclusive-start>
<sys-start reason="explicit" id="3" timestamp="2019-07-02T23:52:54.827" intervalms="777.366" />
<cycle-start id="4" type="global" contextid="0" timestamp="2019-07-02T23:52:54.828" intervalms="777.779" />
  <attribute name="GC Util" value="0" />
  <attribute name="CPU Util" value="101" />
  <attribute name="Time Running"value="0"/>
  <attribute name="Number of cores"value="4"/>
<gc-start id="5" type="global" contextid="4" timestamp="2019-07-02T23:52:54.828">
  <mem-info id="6" free="1684152" total="8388608" percent="20">
    <mem type="tenure" free="1684152" total="8388608" percent="20">
      <mem type="soa" free="1265336" total="7969792" percent="15" />
      <mem type="loa" free="418816" total="418816" percent="100" />
    </mem>
  </mem-info>
</gc-start>
<allocation-stats totalBytes="6663816" >
  <allocated-bytes non-tlh="486728" tlh="6177088" />
  <largest-consumer threadName="main" threadId="0000000000E9F700" bytes="6592224" />
</allocation-stats>
<gc-op id="7" type="mark" timems="1.846" contextid="4" timestamp="2019-07-02T23:52:54.830">
  <trace-info objectcount="17750" scancount="14663" scanbytes="462056" />
  <finalization candidates="19" enqueued="1" />
  <references type="soft" candidates="66" cleared="0" enqueued="0" dynamicThreshold="32" maxThreshold="32" />
  <references type="weak" candidates="576" cleared="412" enqueued="372" />
  <references type="phantom" candidates="99" cleared="41" enqueued="41" />
  <stringconstants candidates="2443" cleared="0"  />
</gc-op>
<gc-op id="8" type="classunload" timems="0.116" contextid="4" timestamp="2019-07-02T23:52:54.830">
  <classunload-info classloadercandidates="6" classloadersunloaded="0" classesunloaded="0" anonymousclassesunloaded="0" quiescems="0.000" setupms="0.115" scanms="0.001" postms="0.000" />
</gc-op>
<gc-op id="9" type="sweep" timems="0.525" contextid="4" timestamp="2019-07-02T23:52:54.831" />
<gc-end id="10" type="global" contextid="4" durationms="3.143" usertimems="4.000" systemtimems="0.000" timestamp="2019-07-02T23:52:54.831" activeThreads="4">
  <mem-info id="11" free="7118248" total="8388608" percent="84">
    <mem type="tenure" free="7118248" total="8388608" percent="84" micro-fragmented="169202" macro-fragmented="0">
      <mem type="soa" free="6699432" total="7969792" percent="84" />
      <mem type="loa" free="418816" total="418816" percent="100" />
    </mem>
    <pending-finalizers system="1" default="0" reference="413" classloader="0" />
  </mem-info>
</gc-end>
<cycle-end id="12" type="global" contextid="4" timestamp="2019-07-02T23:52:54.831">
  <attribute name="GC Util" value="67" />
  <attribute name="CPU Util" value="7742570573100" />
  <attribute name="Time Running"value="686"/>
  <attribute name="Number of cores"value="4"/>
</cycle-end>
<sys-end id="13" timestamp="2019-07-02T23:52:54.831" />
<exclusive-end id="14" timestamp="2019-07-02T23:52:54.831" durationms="4.307" />

<exclusive-start id="15" timestamp="2019-07-02T23:52:56.887" intervalms="2060.784">
  <response-info timems="0.011" idlems="0.011" threads="0" lastid="0000000000E9F700" lastname="main" />
</exclusive-start>
<af-start id="16" threadId="0000000000EA0088" totalBytesRequested="14272" timestamp="2019-07-02T23:52:56.888" intervalms="2837.783" />
<cycle-start id="17" type="global" contextid="0" timestamp="2019-07-02T23:52:56.888" intervalms="2060.085" />
  <attribute name="GC Util" value="67" />
  <attribute name="CPU Util" value="7742570573100" />
  <attribute name="Time Running"value="686"/>
  <attribute name="Number of cores"value="4"/>
<gc-start id="18" type="global" contextid="17" timestamp="2019-07-02T23:52:56.888">
  <mem-info id="19" free="418816" total="8388608" percent="4">
    <mem type="tenure" free="418816" total="8388608" percent="4">
      <mem type="soa" free="0" total="7969792" percent="0" />
      <mem type="loa" free="418816" total="418816" percent="100" />
    </mem>
  </mem-info>
</gc-start>
<allocation-stats totalBytes="6637472" >
  <allocated-bytes non-tlh="796640" tlh="5840832" />
  <largest-consumer threadName="main" threadId="0000000000E9F700" bytes="6629216" />
</allocation-stats>
<gc-op id="20" type="mark" timems="2.412" contextid="17" timestamp="2019-07-02T23:52:56.890">
  <trace-info objectcount="95099" scancount="88773" scanbytes="2659348" />
  <finalization candidates="18" enqueued="0" />
  <references type="soft" candidates="66" cleared="0" enqueued="0" dynamicThreshold="27" maxThreshold="32" />
  <references type="weak" candidates="205" cleared="40" enqueued="40" />
  <references type="phantom" candidates="70" cleared="13" enqueued="13" />
  <stringconstants candidates="3542" cleared="0"  />
</gc-op>
<gc-op id="21" type="sweep" timems="0.309" contextid="17" timestamp="2019-07-02T23:52:56.891" />
<gc-end id="22" type="global" contextid="17" durationms="2.964" usertimems="4.000" systemtimems="0.000" timestamp="2019-07-02T23:52:56.891" activeThreads="4">
  <mem-info id="23" free="3901904" total="8388608" percent="46">
    <mem type="tenure" free="3901904" total="8388608" percent="46" micro-fragmented="699376" macro-fragmented="0">
      <mem type="soa" free="3483088" total="7969792" percent="43" />
      <mem type="loa" free="418816" total="418816" percent="100" />
    </mem>
    <pending-finalizers system="0" default="0" reference="53" classloader="0" />
  </mem-info>
</gc-end>
<cycle-end id="24" type="global" contextid="17" timestamp="2019-07-02T23:52:56.891">
  <attribute name="GC Util" value="91" />
  <attribute name="CPU Util" value="7491854601155" />
  <attribute name="Time Running"value="2746"/>
  <attribute name="Number of cores"value="4"/>
</cycle-end>
<allocation-satisfied id="25" threadId="0000000000E9F700" bytesRequested="14272" />
<af-end id="26" timestamp="2019-07-02T23:52:56.891" threadId="0000000000EA0088" success="true" />
<exclusive-end id="27" timestamp="2019-07-02T23:52:56.891" durationms="3.547" />

<exclusive-start id="28" timestamp="2019-07-02T23:52:57.009" intervalms="122.051">
  <response-info timems="0.054" idlems="0.054" threads="0" lastid="0000000000E9F700" lastname="main" />
</exclusive-start>
<af-start id="29" threadId="0000000000EA0088" totalBytesRequested="61032" timestamp="2019-07-02T23:52:57.010" intervalms="122.142" />
<cycle-start id="30" type="global" contextid="0" timestamp="2019-07-02T23:52:57.010" intervalms="122.207" />
  <attribute name="GC Util" value="91" />
  <attribute name="CPU Util" value="7491854601155" />
  <attribute name="Time Running"value="2746"/>
  <attribute name="Number of cores"value="4"/>
<gc-start id="31" type="global" contextid="30" timestamp="2019-07-02T23:52:57.010">
  <mem-info id="32" free="916736" total="8388608" percent="10">
    <mem type="tenure" free="916736" total="8388608" percent="10">
      <mem type="soa" free="497920" total="7969792" percent="6" />
      <mem type="loa" free="418816" total="418816" percent="100" />
    </mem>
  </mem-info>
</gc-start>
<allocation-stats totalBytes="2931016" >
  <allocated-bytes non-tlh="770664" tlh="2160352" />
  <largest-consumer threadName="main" threadId="0000000000E9F700" bytes="2931016" />
</allocation-stats>
<gc-op id="33" type="mark" timems="3.852" contextid="30" timestamp="2019-07-02T23:52:57.014">
  <trace-info objectcount="114783" scancount="106945" scanbytes="3602652" />
  <finalization candidates="18" enqueued="0" />
  <references type="soft" candidates="66" cleared="0" enqueued="0" dynamicThreshold="14" maxThreshold="32" />
  <references type="weak" candidates="167" cleared="2" enqueued="2" />
  <references type="phantom" candidates="57" cleared="0" enqueued="0" />
  <stringconstants candidates="3811" cleared="0"  />
</gc-op>
<gc-op id="34" type="sweep" timems="0.673" contextid="30" timestamp="2019-07-02T23:52:57.015" />
<heap-resize id="35" type="expand" space="tenure" amount="1048576" count="1" timems="0.024" reason="insufficient free space following gc" timestamp="2019-07-02T23:52:57.015" />
<gc-end id="36" type="global" contextid="30" durationms="5.239" usertimems="4.000" systemtimems="4.000" timestamp="2019-07-02T23:52:57.015" activeThreads="4">
  <mem-info id="37" free="3482712" total="9437184" percent="36">
    <mem type="tenure" free="3482712" total="9437184" percent="36" micro-fragmented="946823" macro-fragmented="0">
      <mem type="soa" free="3011672" total="8966144" percent="33" />
      <mem type="loa" free="471040" total="471040" percent="100" />
    </mem>
    <pending-finalizers system="0" default="0" reference="2" classloader="0" />
  </mem-info>
</gc-end>
<cycle-end id="38" type="global" contextid="30" timestamp="2019-07-02T23:52:57.015">
  <attribute name="GC Util" value="90" />
  <attribute name="CPU Util" value="4642028638322" />
  <attribute name="Time Running"value="2870"/>
  <attribute name="Number of cores"value="4"/>
</cycle-end>
<allocation-satisfied id="39" threadId="0000000000E9F700" bytesRequested="61032" />
<af-end id="40" timestamp="2019-07-02T23:52:57.016" threadId="0000000000EA0088" success="true" />
<exclusive-end id="41" timestamp="2019-07-02T23:52:57.016" durationms="6.227" />

<exclusive-start id="42" timestamp="2019-07-02T23:52:57.622" intervalms="612.984">
  <response-info timems="0.042" idlems="0.022" threads="1" lastid="000000000117B400" lastname="node-17" />
</exclusive-start>
<af-start id="43" threadId="0000000001170A88" totalBytesRequested="32" timestamp="2019-07-02T23:52:57.623" intervalms="612.889" />
<cycle-start id="44" type="global" contextid="0" timestamp="2019-07-02T23:52:57.623" intervalms="612.810" />
  <attribute name="GC Util" value="90" />
  <attribute name="CPU Util" value="4642028638322" />
  <attribute name="Time Running"value="2870"/>
  <attribute name="Number of cores"value="4"/>
<gc-start id="45" type="global" contextid="44" timestamp="2019-07-02T23:52:57.623">
  <mem-info id="46" free="471040" total="9437184" percent="4">
    <mem type="tenure" free="471040" total="9437184" percent="4">
      <mem type="soa" free="0" total="8966144" percent="0" />
      <mem type="loa" free="471040" total="471040" percent="100" />
    </mem>
  </mem-info>
</gc-start>
<allocation-stats totalBytes="3050232" >
  <allocated-bytes non-tlh="1159288" tlh="1890944" />
  <largest-consumer threadName="main" threadId="0000000000E9F700" bytes="2438904" />
</allocation-stats>
<gc-op id="47" type="mark" timems="4.007" contextid="44" timestamp="2019-07-02T23:52:57.627">
  <trace-info objectcount="145784" scancount="136250" scanbytes="5327988" />
  <finalization candidates="18" enqueued="0" />
  <references type="soft" candidates="66" cleared="0" enqueued="0" dynamicThreshold="11" maxThreshold="32" />
  <references type="weak" candidates="167" cleared="2" enqueued="2" />
  <references type="phantom" candidates="57" cleared="0" enqueued="0" />
  <stringconstants candidates="3825" cleared="0"  />
</gc-op>
<gc-op id="48" type="sweep" timems="0.382" contextid="44" timestamp="2019-07-02T23:52:57.627" />
<heap-resize id="49" type="expand" space="tenure" amount="2555904" count="1" timems="0.019" reason="insufficient free space following gc" timestamp="2019-07-02T23:52:57.627" />
<gc-end id="50" type="global" contextid="44" durationms="4.877" usertimems="12.000" systemtimems="0.000" timestamp="2019-07-02T23:52:57.628" activeThreads="4">
  <mem-info id="51" free="3600616" total="11993088" percent="30">
    <mem type="tenure" free="3600616" total="11993088" percent="30" micro-fragmented="1304602" macro-fragmented="0">
      <mem type="soa" free="3001576" total="11394048" percent="26" />
      <mem type="loa" free="599040" total="599040" percent="100" />
    </mem>
    <pending-finalizers system="0" default="0" reference="2" classloader="0" />
  </mem-info>
</gc-end>
<cycle-end id="52" type="global" contextid="44" timestamp="2019-07-02T23:52:57.628">
  <attribute name="GC Util" value="126" />
  <attribute name="CPU Util" value="4488919676149" />
  <attribute name="Time Running"value="3482"/>
  <attribute name="Number of cores"value="4"/>
</cycle-end>
<allocation-satisfied id="53" threadId="0000000001170100" bytesRequested="32" />
<af-end id="54" timestamp="2019-07-02T23:52:57.628" threadId="0000000001170A88" success="true" />
<exclusive-end id="55" timestamp="2019-07-02T23:52:57.628" durationms="5.583" />

<exclusive-start id="56" timestamp="2019-07-02T23:53:00.054" intervalms="2431.166">
  <response-info timems="0.030" idlems="0.030" threads="0" lastid="0000000001168900" lastname="node-8" />
</exclusive-start>
<af-start id="57" threadId="0000000001169288" totalBytesRequested="48" timestamp="2019-07-02T23:53:00.054" intervalms="2431.166" />
<cycle-start id="58" type="global" contextid="0" timestamp="2019-07-02T23:53:00.054" intervalms="2431.169" />
  <attribute name="GC Util" value="126" />
  <attribute name="CPU Util" value="4488919676149" />
  <attribute name="Time Running"value="3482"/>
  <attribute name="Number of cores"value="4"/>
<gc-start id="59" type="global" contextid="58" timestamp="2019-07-02T23:53:00.054">
  <mem-info id="60" free="599040" total="11993088" percent="4">
    <mem type="tenure" free="599040" total="11993088" percent="4">
      <mem type="soa" free="0" total="11394048" percent="0" />
      <mem type="loa" free="599040" total="599040" percent="100" />
    </mem>
  </mem-info>
</gc-start>
<allocation-stats totalBytes="2998184" >
  <allocated-bytes non-tlh="0" tlh="2998184" />
  <largest-consumer threadName="node-1" threadId="0000000001170100" bytes="378960" />
</allocation-stats>
<gc-op id="61" type="mark" timems="3.109" contextid="58" timestamp="2019-07-02T23:53:00.057">
  <trace-info objectcount="145690" scancount="136157" scanbytes="5325116" />
  <finalization candidates="18" enqueued="0" />
  <references type="soft" candidates="66" cleared="0" enqueued="0" dynamicThreshold="9" maxThreshold="32" />
  <references type="weak" candidates="165" cleared="0" enqueued="0" />
  <references type="phantom" candidates="57" cleared="0" enqueued="0" />
  <stringconstants candidates="3825" cleared="0"  />
</gc-op>
<gc-op id="62" type="sweep" timems="0.346" contextid="58" timestamp="2019-07-02T23:53:00.057" />
<gc-end id="63" type="global" contextid="58" durationms="3.725" usertimems="4.000" systemtimems="4.000" timestamp="2019-07-02T23:53:00.058" activeThreads="4">
  <mem-info id="64" free="3602824" total="11993088" percent="30">
    <mem type="tenure" free="3602824" total="11993088" percent="30" micro-fragmented="1295232" macro-fragmented="0">
      <mem type="soa" free="3003784" total="11394048" percent="26" />
      <mem type="loa" free="599040" total="599040" percent="100" />
    </mem>
  </mem-info>
</gc-end>
<cycle-end id="65" type="global" contextid="58" timestamp="2019-07-02T23:53:00.058">
  <attribute name="GC Util" value="174" />
  <attribute name="CPU Util" value="5807878028332" />
  <attribute name="Time Running"value="5913"/>
  <attribute name="Number of cores"value="4"/>
</cycle-end>
<allocation-satisfied id="66" threadId="0000000001168900" bytesRequested="48" />
<af-end id="67" timestamp="2019-07-02T23:53:00.058" threadId="0000000001169288" success="true" />
<exclusive-end id="68" timestamp="2019-07-02T23:53:00.058" durationms="4.397" />

<exclusive-start id="69" timestamp="2019-07-02T23:53:02.337" intervalms="2283.124">
  <response-info timems="0.263" idlems="0.216" threads="1" lastid="0000000001168900" lastname="node-8" />
</exclusive-start>
<af-start id="70" threadId="000000000118AD88" totalBytesRequested="368" timestamp="2019-07-02T23:53:02.337" intervalms="2283.124" />
<cycle-start id="71" type="global" contextid="0" timestamp="2019-07-02T23:53:02.337" intervalms="2283.148" />
  <attribute name="GC Util" value="174" />
  <attribute name="CPU Util" value="5807878028332" />
  <attribute name="Time Running"value="5913"/>
  <attribute name="Number of cores"value="4"/>
<gc-start id="72" type="global" contextid="71" timestamp="2019-07-02T23:53:02.337">
  <mem-info id="73" free="599040" total="11993088" percent="4">
    <mem type="tenure" free="599040" total="11993088" percent="4">
      <mem type="soa" free="0" total="11394048" percent="0" />
      <mem type="loa" free="599040" total="599040" percent="100" />
    </mem>
  </mem-info>
</gc-start>
<allocation-stats totalBytes="2992920" >
  <allocated-bytes non-tlh="1616" tlh="2991304" />
  <largest-consumer threadName="node-3" threadId="0000000001182C00" bytes="267392" />
</allocation-stats>
<gc-op id="74" type="mark" timems="3.410" contextid="71" timestamp="2019-07-02T23:53:02.341">
  <trace-info objectcount="145598" scancount="136062" scanbytes="5322516" />
  <finalization candidates="18" enqueued="0" />
  <references type="soft" candidates="66" cleared="0" enqueued="0" dynamicThreshold="9" maxThreshold="32" />
  <references type="weak" candidates="165" cleared="0" enqueued="0" />
  <references type="phantom" candidates="57" cleared="0" enqueued="0" />
  <stringconstants candidates="3825" cleared="0"  />
</gc-op>
<gc-op id="75" type="sweep" timems="0.302" contextid="71" timestamp="2019-07-02T23:53:02.341" />
<gc-end id="76" type="global" contextid="71" durationms="4.162" usertimems="0.000" systemtimems="8.000" timestamp="2019-07-02T23:53:02.341" activeThreads="4">
  <mem-info id="77" free="3608720" total="11993088" percent="30">
    <mem type="tenure" free="3608720" total="11993088" percent="30" micro-fragmented="1298581" macro-fragmented="0">
      <mem type="soa" free="3009680" total="11394048" percent="26" />
      <mem type="loa" free="599040" total="599040" percent="100" />
    </mem>
  </mem-info>
</gc-end>
<cycle-end id="78" type="global" contextid="71" timestamp="2019-07-02T23:53:02.341">
  <attribute name="GC Util" value="168" />
  <attribute name="CPU Util" value="5273011272128" />
  <attribute name="Time Running"value="8196"/>
  <attribute name="Number of cores"value="4"/>
</cycle-end>
<allocation-satisfied id="79" threadId="000000000118A400" bytesRequested="368" />
<af-end id="80" timestamp="2019-07-02T23:53:02.341" threadId="000000000118AD88" success="true" />
<exclusive-end id="81" timestamp="2019-07-02T23:53:02.342" durationms="4.821" />

<exclusive-start id="82" timestamp="2019-07-02T23:53:04.670" intervalms="2333.040">
  <response-info timems="0.033" idlems="0.033" threads="0" lastid="0000000001177800" lastname="node-7" />
</exclusive-start>
<af-start id="83" threadId="0000000001178188" totalBytesRequested="32" timestamp="2019-07-02T23:53:04.670" intervalms="2333.178" />
<cycle-start id="84" type="global" contextid="0" timestamp="2019-07-02T23:53:04.670" intervalms="2333.291" />
  <attribute name="GC Util" value="168" />
  <attribute name="CPU Util" value="5273011272128" />
  <attribute name="Time Running"value="8196"/>
  <attribute name="Number of cores"value="4"/>
<gc-start id="85" type="global" contextid="84" timestamp="2019-07-02T23:53:04.670">
  <mem-info id="86" free="599040" total="11993088" percent="4">
    <mem type="tenure" free="599040" total="11993088" percent="4">
      <mem type="soa" free="0" total="11394048" percent="0" />
      <mem type="loa" free="599040" total="599040" percent="100" />
    </mem>
  </mem-info>
</gc-start>
<allocation-stats totalBytes="2999656" >
  <allocated-bytes non-tlh="808" tlh="2998848" />
  <largest-consumer threadName="node-13" threadId="000000000118A400" bytes="206528" />
</allocation-stats>
<gc-op id="87" type="mark" timems="6.858" contextid="84" timestamp="2019-07-02T23:53:04.678">
  <trace-info objectcount="145506" scancount="136019" scanbytes="5320684" />
  <finalization candidates="18" enqueued="0" />
  <references type="soft" candidates="66" cleared="0" enqueued="0" dynamicThreshold="9" maxThreshold="32" />
  <references type="weak" candidates="165" cleared="0" enqueued="0" />
  <references type="phantom" candidates="57" cleared="0" enqueued="0" />
  <stringconstants candidates="3825" cleared="0"  />
</gc-op>
<gc-op id="88" type="sweep" timems="0.300" contextid="84" timestamp="2019-07-02T23:53:04.678" />
<gc-end id="89" type="global" contextid="84" durationms="7.899" usertimems="8.000" systemtimems="8.000" timestamp="2019-07-02T23:53:04.678" activeThreads="4">
  <mem-info id="90" free="3625872" total="11993088" percent="30">
    <mem type="tenure" free="3625872" total="11993088" percent="30" micro-fragmented="1306379" macro-fragmented="0">
      <mem type="soa" free="3026832" total="11394048" percent="26" />
      <mem type="loa" free="599040" total="599040" percent="100" />
    </mem>
  </mem-info>
</gc-end>
<cycle-end id="91" type="global" contextid="84" timestamp="2019-07-02T23:53:04.679">
  <attribute name="GC Util" value="186" />
  <attribute name="CPU Util" value="2632411037551" />
  <attribute name="Time Running"value="10533"/>
  <attribute name="Number of cores"value="4"/>
</cycle-end>
<allocation-satisfied id="92" threadId="0000000001177800" bytesRequested="32" />
<af-end id="93" timestamp="2019-07-02T23:53:04.679" threadId="0000000001178188" success="true" />
<exclusive-end id="94" timestamp="2019-07-02T23:53:04.679" durationms="9.140" />

<exclusive-start id="95" timestamp="2019-07-02T23:53:06.711" intervalms="2041.169">
  <response-info timems="0.075" idlems="0.075" threads="0" lastid="00000000011A4700" lastname="node-4" />
</exclusive-start>
<af-start id="96" threadId="00000000011A5088" totalBytesRequested="32" timestamp="2019-07-02T23:53:06.711" intervalms="2041.080" />
<cycle-start id="97" type="global" contextid="0" timestamp="2019-07-02T23:53:06.711" intervalms="2040.999" />
  <attribute name="GC Util" value="186" />
  <attribute name="CPU Util" value="2632411037551" />
  <attribute name="Time Running"value="10533"/>
  <attribute name="Number of cores"value="4"/>
<gc-start id="98" type="global" contextid="97" timestamp="2019-07-02T23:53:06.711">
  <mem-info id="99" free="599040" total="11993088" percent="4">
    <mem type="tenure" free="599040" total="11993088" percent="4">
      <mem type="soa" free="0" total="11394048" percent="0" />
      <mem type="loa" free="599040" total="599040" percent="100" />
    </mem>
  </mem-info>
</gc-start>
<allocation-stats totalBytes="3020416" >
  <allocated-bytes non-tlh="0" tlh="3020416" />
  <largest-consumer threadName="node-7" threadId="0000000001177800" bytes="224968" />
</allocation-stats>
<gc-op id="100" type="mark" timems="3.270" contextid="97" timestamp="2019-07-02T23:53:06.715">
  <trace-info objectcount="145459" scancount="135956" scanbytes="5319436" />
  <finalization candidates="18" enqueued="0" />
  <references type="soft" candidates="66" cleared="0" enqueued="0" dynamicThreshold="9" maxThreshold="32" />
  <references type="weak" candidates="165" cleared="0" enqueued="0" />
  <references type="phantom" candidates="57" cleared="0" enqueued="0" />
  <stringconstants candidates="3825" cleared="0"  />
</gc-op>
<gc-op id="101" type="sweep" timems="0.296" contextid="97" timestamp="2019-07-02T23:53:06.715" />
<gc-end id="102" type="global" contextid="97" durationms="3.925" usertimems="8.000" systemtimems="0.000" timestamp="2019-07-02T23:53:06.715" activeThreads="4">
  <mem-info id="103" free="3625744" total="11993088" percent="30">
    <mem type="tenure" free="3625744" total="11993088" percent="30" micro-fragmented="1301895" macro-fragmented="6319">
      <mem type="soa" free="3026704" total="11394048" percent="26" />
      <mem type="loa" free="599040" total="599040" percent="100" />
    </mem>
  </mem-info>
</gc-end>
<cycle-end id="104" type="global" contextid="97" timestamp="2019-07-02T23:53:06.715">
  <attribute name="GC Util" value="169" />
  <attribute name="CPU Util" value="5512734143778" />
  <attribute name="Time Running"value="12570"/>
  <attribute name="Number of cores"value="4"/>
</cycle-end>
<allocation-satisfied id="105" threadId="00000000011A4700" bytesRequested="32" />
<af-end id="106" timestamp="2019-07-02T23:53:06.716" threadId="00000000011A5088" success="true" />
<exclusive-end id="107" timestamp="2019-07-02T23:53:06.716" durationms="4.732" />

<exclusive-start id="108" timestamp="2019-07-02T23:53:08.528" intervalms="1817.009">
  <response-info timems="0.212" idlems="0.189" threads="1" lastid="0000000001168900" lastname="node-8" />
</exclusive-start>
<af-start id="109" threadId="0000000001196188" totalBytesRequested="376" timestamp="2019-07-02T23:53:08.528" intervalms="1816.983" />
<cycle-start id="110" type="global" contextid="0" timestamp="2019-07-02T23:53:08.528" intervalms="1816.941" />
  <attribute name="GC Util" value="169" />
  <attribute name="CPU Util" value="5512734143778" />
  <attribute name="Time Running"value="12570"/>
  <attribute name="Number of cores"value="4"/>
<gc-start id="111" type="global" contextid="110" timestamp="2019-07-02T23:53:08.528">
  <mem-info id="112" free="599040" total="11993088" percent="4">
    <mem type="tenure" free="599040" total="11993088" percent="4">
      <mem type="soa" free="0" total="11394048" percent="0" />
      <mem type="loa" free="599040" total="599040" percent="100" />
    </mem>
  </mem-info>
</gc-start>
<allocation-stats totalBytes="3022856" >
  <allocated-bytes non-tlh="0" tlh="3022856" />
  <largest-consumer threadName="node-6" threadId="000000000119CF00" bytes="183776" />
</allocation-stats>
<gc-op id="113" type="mark" timems="3.202" contextid="110" timestamp="2019-07-02T23:53:08.532">
  <trace-info objectcount="145464" scancount="135933" scanbytes="5318772" />
  <finalization candidates="18" enqueued="0" />
  <references type="soft" candidates="66" cleared="0" enqueued="0" dynamicThreshold="9" maxThreshold="32" />
  <references type="weak" candidates="165" cleared="0" enqueued="0" />
  <references type="phantom" candidates="57" cleared="0" enqueued="0" />
  <stringconstants candidates="3825" cleared="0"  />
</gc-op>
<gc-op id="114" type="sweep" timems="0.315" contextid="110" timestamp="2019-07-02T23:53:08.532" />
<gc-end id="115" type="global" contextid="110" durationms="3.961" usertimems="8.000" systemtimems="0.000" timestamp="2019-07-02T23:53:08.532" activeThreads="4">
  <mem-info id="116" free="3602792" total="11993088" percent="30">
    <mem type="tenure" free="3602792" total="11993088" percent="30" micro-fragmented="1324108" macro-fragmented="0">
      <mem type="soa" free="3003752" total="11394048" percent="26" />
      <mem type="loa" free="599040" total="599040" percent="100" />
    </mem>
  </mem-info>
</gc-end>
<cycle-end id="117" type="global" contextid="110" timestamp="2019-07-02T23:53:08.535">
  <attribute name="GC Util" value="177" />
  <attribute name="CPU Util" value="5584983964896" />
  <attribute name="Time Running"value="14387"/>
  <attribute name="Number of cores"value="4"/>
</cycle-end>
<allocation-satisfied id="118" threadId="0000000001195800" bytesRequested="376" />
<af-end id="119" timestamp="2019-07-02T23:53:08.535" threadId="0000000001196188" success="true" />
<exclusive-end id="120" timestamp="2019-07-02T23:53:08.535" durationms="7.109" />

<exclusive-start id="121" timestamp="2019-07-02T23:53:10.555" intervalms="2027.312">
  <response-info timems="0.068" idlems="0.068" threads="0" lastid="0000000001152100" lastname="node-2" />
</exclusive-start>
<af-start id="122" threadId="0000000001152A88" totalBytesRequested="32" timestamp="2019-07-02T23:53:10.555" intervalms="2027.300" />
<cycle-start id="123" type="global" contextid="0" timestamp="2019-07-02T23:53:10.556" intervalms="2027.361" />
  <attribute name="GC Util" value="177" />
  <attribute name="CPU Util" value="5584983964896" />
  <attribute name="Time Running"value="14387"/>
  <attribute name="Number of cores"value="4"/>
<gc-start id="124" type="global" contextid="123" timestamp="2019-07-02T23:53:10.556">
  <mem-info id="125" free="599040" total="11993088" percent="4">
    <mem type="tenure" free="599040" total="11993088" percent="4">
      <mem type="soa" free="0" total="11394048" percent="0" />
      <mem type="loa" free="599040" total="599040" percent="100" />
    </mem>
  </mem-info>
</gc-start>
<allocation-stats totalBytes="2996528" >
  <allocated-bytes non-tlh="0" tlh="2996528" />
  <largest-consumer threadName="node-15" threadId="0000000001191C00" bytes="152160" />
</allocation-stats>
<gc-op id="126" type="mark" timems="3.566" contextid="123" timestamp="2019-07-02T23:53:10.560">
  <trace-info objectcount="145322" scancount="135830" scanbytes="5315616" />
  <finalization candidates="18" enqueued="0" />
  <references type="soft" candidates="66" cleared="20" enqueued="16" dynamicThreshold="9" maxThreshold="32" />
  <references type="weak" candidates="165" cleared="0" enqueued="0" />
  <references type="phantom" candidates="57" cleared="0" enqueued="0" />
  <stringconstants candidates="3825" cleared="0"  />
</gc-op>
<gc-op id="127" type="sweep" timems="0.365" contextid="123" timestamp="2019-07-02T23:53:10.560" />
<gc-end id="128" type="global" contextid="123" durationms="4.670" usertimems="8.000" systemtimems="0.000" timestamp="2019-07-02T23:53:10.560" activeThreads="4">
  <mem-info id="129" free="3636032" total="11993088" percent="30">
    <mem type="tenure" free="3636032" total="11993088" percent="30" micro-fragmented="1338218" macro-fragmented="0">
      <mem type="soa" free="3036992" total="11394048" percent="26" />
      <mem type="loa" free="599040" total="599040" percent="100" />
    </mem>
    <pending-finalizers system="0" default="0" reference="16" classloader="0" />
  </mem-info>
</gc-end>
<cycle-end id="130" type="global" contextid="123" timestamp="2019-07-02T23:53:10.561">
  <attribute name="GC Util" value="156" />
  <attribute name="CPU Util" value="4890442459668" />
  <attribute name="Time Running"value="16415"/>
  <attribute name="Number of cores"value="4"/>
</cycle-end>
<allocation-satisfied id="131" threadId="0000000001152100" bytesRequested="32" />
<af-end id="132" timestamp="2019-07-02T23:53:10.562" threadId="0000000001152A88" success="true" />
<exclusive-end id="133" timestamp="2019-07-02T23:53:10.562" durationms="6.447" />

<exclusive-start id="134" timestamp="2019-07-02T23:53:12.476" intervalms="1920.726">
  <response-info timems="0.032" idlems="0.032" threads="0" lastid="0000000001155D00" lastname="node-10" />
</exclusive-start>
<af-start id="135" threadId="0000000001156688" totalBytesRequested="24" timestamp="2019-07-02T23:53:12.476" intervalms="1920.748" />
<cycle-start id="136" type="global" contextid="0" timestamp="2019-07-02T23:53:12.476" intervalms="1920.683" />
  <attribute name="GC Util" value="156" />
  <attribute name="CPU Util" value="4890442459668" />
  <attribute name="Time Running"value="16415"/>
  <attribute name="Number of cores"value="4"/>
<gc-start id="137" type="global" contextid="136" timestamp="2019-07-02T23:53:12.476">
  <mem-info id="138" free="599040" total="11993088" percent="4">
    <mem type="tenure" free="599040" total="11993088" percent="4">
      <mem type="soa" free="0" total="11394048" percent="0" />
      <mem type="loa" free="599040" total="599040" percent="100" />
    </mem>
  </mem-info>
</gc-start>
<allocation-stats totalBytes="3031680" >
  <allocated-bytes non-tlh="0" tlh="3031680" />
  <largest-consumer threadName="node-7" threadId="0000000001177800" bytes="158944" />
</allocation-stats>
<gc-op id="139" type="mark" timems="5.319" contextid="136" timestamp="2019-07-02T23:53:12.482">
  <trace-info objectcount="145236" scancount="135747" scanbytes="5312300" />
  <finalization candidates="18" enqueued="0" />
  <references type="soft" candidates="46" cleared="0" enqueued="0" dynamicThreshold="9" maxThreshold="32" />
  <references type="weak" candidates="165" cleared="0" enqueued="0" />
  <references type="phantom" candidates="57" cleared="0" enqueued="0" />
  <stringconstants candidates="3825" cleared="0"  />
</gc-op>
<gc-op id="140" type="sweep" timems="0.599" contextid="136" timestamp="2019-07-02T23:53:12.482" />
<gc-end id="141" type="global" contextid="136" durationms="6.290" usertimems="4.000" systemtimems="4.000" timestamp="2019-07-02T23:53:12.483" activeThreads="4">
  <mem-info id="142" free="3632488" total="11993088" percent="30">
    <mem type="tenure" free="3632488" total="11993088" percent="30" micro-fragmented="1321912" macro-fragmented="0">
      <mem type="soa" free="3033448" total="11394048" percent="26" />
      <mem type="loa" free="599040" total="599040" percent="100" />
    </mem>
  </mem-info>
</gc-end>
<cycle-end id="143" type="global" contextid="136" timestamp="2019-07-02T23:53:12.483">
  <attribute name="GC Util" value="182" />
  <attribute name="CPU Util" value="3400329634896" />
  <attribute name="Time Running"value="18337"/>
  <attribute name="Number of cores"value="4"/>
</cycle-end>
<allocation-satisfied id="144" threadId="0000000001155D00" bytesRequested="24" />
<af-end id="145" timestamp="2019-07-02T23:53:12.483" threadId="0000000001156688" success="true" />
<exclusive-end id="146" timestamp="2019-07-02T23:53:12.483" durationms="7.215" />

<exclusive-start id="147" timestamp="2019-07-02T23:53:14.490" intervalms="2013.685">
  <response-info timems="0.063" idlems="0.063" threads="0" lastid="0000000001164D00" lastname="node-5" />
</exclusive-start>
<af-start id="148" threadId="0000000001165688" totalBytesRequested="32" timestamp="2019-07-02T23:53:14.490" intervalms="2013.675" />
<cycle-start id="149" type="global" contextid="0" timestamp="2019-07-02T23:53:14.490" intervalms="2013.677" />
  <attribute name="GC Util" value="182" />
  <attribute name="CPU Util" value="3400329634896" />
  <attribute name="Time Running"value="18337"/>
  <attribute name="Number of cores"value="4"/>
<gc-start id="150" type="global" contextid="149" timestamp="2019-07-02T23:53:14.490">
  <mem-info id="151" free="599040" total="11993088" percent="4">
    <mem type="tenure" free="599040" total="11993088" percent="4">
      <mem type="soa" free="0" total="11394048" percent="0" />
      <mem type="loa" free="599040" total="599040" percent="100" />
    </mem>
  </mem-info>
</gc-start>
<allocation-stats totalBytes="3025304" >
  <allocated-bytes non-tlh="0" tlh="3025304" />
  <largest-consumer threadName="node-25" threadId="0000000001173C00" bytes="156152" />
</allocation-stats>
<gc-op id="152" type="mark" timems="5.370" contextid="149" timestamp="2019-07-02T23:53:14.496">
  <trace-info objectcount="145189" scancount="135719" scanbytes="5311596" />
  <finalization candidates="18" enqueued="0" />
  <references type="soft" candidates="46" cleared="0" enqueued="0" dynamicThreshold="9" maxThreshold="32" />
  <references type="weak" candidates="165" cleared="0" enqueued="0" />
  <references type="phantom" candidates="57" cleared="0" enqueued="0" />
  <stringconstants candidates="3825" cleared="0"  />
</gc-op>
<gc-op id="153" type="sweep" timems="0.495" contextid="149" timestamp="2019-07-02T23:53:14.496" />
<gc-end id="154" type="global" contextid="149" durationms="6.255" usertimems="12.000" systemtimems="0.000" timestamp="2019-07-02T23:53:14.496" activeThreads="4">
  <mem-info id="155" free="3639040" total="11993088" percent="30">
    <mem type="tenure" free="3639040" total="11993088" percent="30" micro-fragmented="1321385" macro-fragmented="0">
      <mem type="soa" free="3040000" total="11394048" percent="26" />
      <mem type="loa" free="599040" total="599040" percent="100" />
    </mem>
  </mem-info>
</gc-end>
<cycle-end id="156" type="global" contextid="149" timestamp="2019-07-02T23:53:14.497">
  <attribute name="GC Util" value="185" />
  <attribute name="CPU Util" value="3392995118535" />
  <attribute name="Time Running"value="20351"/>
  <attribute name="Number of cores"value="4"/>
</cycle-end>
<allocation-satisfied id="157" threadId="0000000001164D00" bytesRequested="32" />
<af-end id="158" timestamp="2019-07-02T23:53:14.497" threadId="0000000001165688" success="true" />
<exclusive-end id="159" timestamp="2019-07-02T23:53:14.497" durationms="7.361" />

<exclusive-start id="160" timestamp="2019-07-02T23:53:16.612" intervalms="2122.452">
  <response-info timems="0.039" idlems="0.035" threads="1" lastid="000000000115D500" lastname="node-12" />
</exclusive-start>
<af-start id="161" threadId="0000000001183588" totalBytesRequested="16" timestamp="2019-07-02T23:53:16.612" intervalms="2122.563" />
<cycle-start id="162" type="global" contextid="0" timestamp="2019-07-02T23:53:16.613" intervalms="2122.634" />
  <attribute name="GC Util" value="185" />
  <attribute name="CPU Util" value="3392995118535" />
  <attribute name="Time Running"value="20351"/>
  <attribute name="Number of cores"value="4"/>
<gc-start id="163" type="global" contextid="162" timestamp="2019-07-02T23:53:16.613">
  <mem-info id="164" free="599040" total="11993088" percent="4">
    <mem type="tenure" free="599040" total="11993088" percent="4">
      <mem type="soa" free="0" total="11394048" percent="0" />
      <mem type="loa" free="599040" total="599040" percent="100" />
    </mem>
  </mem-info>
</gc-start>
<allocation-stats totalBytes="3031400" >
  <allocated-bytes non-tlh="0" tlh="3031400" />
  <largest-consumer threadName="node-8" threadId="0000000001168900" bytes="155656" />
</allocation-stats>
<gc-op id="165" type="mark" timems="5.082" contextid="162" timestamp="2019-07-02T23:53:16.618">
  <trace-info objectcount="145181" scancount="135666" scanbytes="5310684" />
  <finalization candidates="18" enqueued="0" />
  <references type="soft" candidates="46" cleared="1" enqueued="0" dynamicThreshold="9" maxThreshold="32" />
  <references type="weak" candidates="165" cleared="0" enqueued="0" />
  <references type="phantom" candidates="57" cleared="0" enqueued="0" />
  <stringconstants candidates="3825" cleared="0"  />
</gc-op>
<gc-op id="166" type="sweep" timems="0.520" contextid="162" timestamp="2019-07-02T23:53:16.619" />
<gc-end id="167" type="global" contextid="162" durationms="6.100" usertimems="12.000" systemtimems="0.000" timestamp="2019-07-02T23:53:16.619" activeThreads="4">
  <mem-info id="168" free="3634240" total="11993088" percent="30">
    <mem type="tenure" free="3634240" total="11993088" percent="30" micro-fragmented="1321766" macro-fragmented="0">
      <mem type="soa" free="3035200" total="11394048" percent="26" />
      <mem type="loa" free="599040" total="599040" percent="100" />
    </mem>
  </mem-info>
</gc-end>
<cycle-end id="169" type="global" contextid="162" timestamp="2019-07-02T23:53:16.619">
  <attribute name="GC Util" value="176" />
  <attribute name="CPU Util" value="3523659304547" />
  <attribute name="Time Running"value="22473"/>
  <attribute name="Number of cores"value="4"/>
</cycle-end>
<allocation-satisfied id="170" threadId="0000000001182C00" bytesRequested="16" />
<af-end id="171" timestamp="2019-07-02T23:53:16.620" threadId="0000000001183588" success="true" />
<exclusive-end id="172" timestamp="2019-07-02T23:53:16.620" durationms="7.515" />

<exclusive-start id="173" timestamp="2019-07-02T23:53:18.684" intervalms="2071.832">
  <response-info timems="0.037" idlems="0.037" threads="0" lastid="00000000011A0B00" lastname="node-16" />
</exclusive-start>
<af-start id="174" threadId="00000000011A1488" totalBytesRequested="16" timestamp="2019-07-02T23:53:18.684" intervalms="2071.697" />
<cycle-start id="175" type="global" contextid="0" timestamp="2019-07-02T23:53:18.684" intervalms="2071.615" />
  <attribute name="GC Util" value="176" />
  <attribute name="CPU Util" value="3523659304547" />
  <attribute name="Time Running"value="22473"/>
  <attribute name="Number of cores"value="4"/>
<gc-start id="176" type="global" contextid="175" timestamp="2019-07-02T23:53:18.684">
  <mem-info id="177" free="599040" total="11993088" percent="4">
    <mem type="tenure" free="599040" total="11993088" percent="4">
      <mem type="soa" free="0" total="11394048" percent="0" />
      <mem type="loa" free="599040" total="599040" percent="100" />
    </mem>
  </mem-info>
</gc-start>
<allocation-stats totalBytes="3019480" >
  <allocated-bytes non-tlh="0" tlh="3019480" />
  <largest-consumer threadName="node-10" threadId="0000000001155D00" bytes="180584" />
</allocation-stats>
<gc-op id="178" type="mark" timems="3.209" contextid="175" timestamp="2019-07-02T23:53:18.688">
  <trace-info objectcount="145177" scancount="135683" scanbytes="5310340" />
  <finalization candidates="18" enqueued="0" />
  <references type="soft" candidates="45" cleared="0" enqueued="0" dynamicThreshold="9" maxThreshold="32" />
  <references type="weak" candidates="165" cleared="0" enqueued="0" />
  <references type="phantom" candidates="57" cleared="0" enqueued="0" />
  <stringconstants candidates="3825" cleared="0"  />
</gc-op>
<gc-op id="179" type="sweep" timems="0.315" contextid="175" timestamp="2019-07-02T23:53:18.688" />
<gc-end id="180" type="global" contextid="175" durationms="3.993" usertimems="12.000" systemtimems="0.000" timestamp="2019-07-02T23:53:18.688" activeThreads="4">
  <mem-info id="181" free="3629928" total="11993088" percent="30">
    <mem type="tenure" free="3629928" total="11993088" percent="30" micro-fragmented="1322806" macro-fragmented="0">
      <mem type="soa" free="3030888" total="11394048" percent="26" />
      <mem type="loa" free="599040" total="599040" percent="100" />
    </mem>
  </mem-info>
</gc-end>
<cycle-end id="182" type="global" contextid="175" timestamp="2019-07-02T23:53:18.688">
  <attribute name="GC Util" value="173" />
  <attribute name="CPU Util" value="5516370831974" />
  <attribute name="Time Running"value="24543"/>
  <attribute name="Number of cores"value="4"/>
</cycle-end>
<allocation-satisfied id="183" threadId="00000000011A0B00" bytesRequested="16" />
<af-end id="184" timestamp="2019-07-02T23:53:18.689" threadId="00000000011A1488" success="true" />
<exclusive-end id="185" timestamp="2019-07-02T23:53:18.689" durationms="4.785" />

<exclusive-start id="186" timestamp="2019-07-02T23:53:20.611" intervalms="1926.708">
  <response-info timems="0.076" idlems="0.076" threads="0" lastid="000000000119CF00" lastname="node-6" />
</exclusive-start>
<af-start id="187" threadId="000000000119D888" totalBytesRequested="32" timestamp="2019-07-02T23:53:20.611" intervalms="1926.733" />
<cycle-start id="188" type="global" contextid="0" timestamp="2019-07-02T23:53:20.611" intervalms="1926.825" />
  <attribute name="GC Util" value="173" />
  <attribute name="CPU Util" value="5516370831974" />
  <attribute name="Time Running"value="24543"/>
  <attribute name="Number of cores"value="4"/>
<gc-start id="189" type="global" contextid="188" timestamp="2019-07-02T23:53:20.611">
  <mem-info id="190" free="599040" total="11993088" percent="4">
    <mem type="tenure" free="599040" total="11993088" percent="4">
      <mem type="soa" free="0" total="11394048" percent="0" />
      <mem type="loa" free="599040" total="599040" percent="100" />
    </mem>
  </mem-info>
</gc-start>
<allocation-stats totalBytes="3018104" >
  <allocated-bytes non-tlh="1000" tlh="3017104" />
  <largest-consumer threadName="node-11" threadId="0000000001195800" bytes="178080" />
</allocation-stats>
<gc-op id="191" type="mark" timems="6.797" contextid="188" timestamp="2019-07-02T23:53:20.618">
  <trace-info objectcount="145123" scancount="135610" scanbytes="5309372" />
  <finalization candidates="18" enqueued="0" />
  <references type="soft" candidates="45" cleared="0" enqueued="0" dynamicThreshold="9" maxThreshold="32" />
  <references type="weak" candidates="165" cleared="0" enqueued="0" />
  <references type="phantom" candidates="57" cleared="0" enqueued="0" />
  <stringconstants candidates="3825" cleared="0"  />
</gc-op>
<gc-op id="192" type="sweep" timems="0.604" contextid="188" timestamp="2019-07-02T23:53:20.619" />
<gc-end id="193" type="global" contextid="188" durationms="8.047" usertimems="12.000" systemtimems="0.000" timestamp="2019-07-02T23:53:20.619" activeThreads="4">
  <mem-info id="194" free="3626224" total="11993088" percent="30">
    <mem type="tenure" free="3626224" total="11993088" percent="30" micro-fragmented="1344252" macro-fragmented="0">
      <mem type="soa" free="3027184" total="11394048" percent="26" />
      <mem type="loa" free="599040" total="599040" percent="100" />
    </mem>
  </mem-info>
</gc-end>
<cycle-end id="195" type="global" contextid="188" timestamp="2019-07-02T23:53:20.619">
  <attribute name="GC Util" value="182" />
  <attribute name="CPU Util" value="2643812081287" />
  <attribute name="Time Running"value="26474"/>
  <attribute name="Number of cores"value="4"/>
</cycle-end>
<allocation-satisfied id="196" threadId="000000000119CF00" bytesRequested="32" />
<af-end id="197" timestamp="2019-07-02T23:53:20.620" threadId="000000000119D888" success="true" />
<exclusive-end id="198" timestamp="2019-07-02T23:53:20.620" durationms="9.178" />

<exclusive-start id="199" timestamp="2019-07-02T23:53:22.394" intervalms="1783.553">
  <response-info timems="0.042" idlems="0.042" threads="0" lastid="000000000117F000" lastname="node-23" />
</exclusive-start>
<af-start id="200" threadId="000000000117F988" totalBytesRequested="24" timestamp="2019-07-02T23:53:22.395" intervalms="1783.876" />
<cycle-start id="201" type="global" contextid="0" timestamp="2019-07-02T23:53:22.395" intervalms="1783.865" />
  <attribute name="GC Util" value="182" />
  <attribute name="CPU Util" value="2643812081287" />
  <attribute name="Time Running"value="26474"/>
  <attribute name="Number of cores"value="4"/>
<gc-start id="202" type="global" contextid="201" timestamp="2019-07-02T23:53:22.395">
  <mem-info id="203" free="599040" total="11993088" percent="4">
    <mem type="tenure" free="599040" total="11993088" percent="4">
      <mem type="soa" free="0" total="11394048" percent="0" />
      <mem type="loa" free="599040" total="599040" percent="100" />
    </mem>
  </mem-info>
</gc-start>
<allocation-stats totalBytes="3020864" >
  <allocated-bytes non-tlh="0" tlh="3020864" />
  <largest-consumer threadName="node-25" threadId="0000000001173C00" bytes="205432" />
</allocation-stats>
<heap-resize id="204" type="loa contract" space="tenure" amount="119808" count="1" timems="0.000" reason="contract underutilized loa" timestamp="2019-07-02T23:53:22.395" />
<gc-op id="205" type="mark" timems="6.360" contextid="201" timestamp="2019-07-02T23:53:22.402">
  <trace-info objectcount="145107" scancount="135594" scanbytes="5309004" />
  <finalization candidates="18" enqueued="0" />
  <references type="soft" candidates="45" cleared="0" enqueued="0" dynamicThreshold="9" maxThreshold="32" />
  <references type="weak" candidates="165" cleared="0" enqueued="0" />
  <references type="phantom" candidates="57" cleared="0" enqueued="0" />
  <stringconstants candidates="3825" cleared="0"  />
</gc-op>
<gc-op id="206" type="sweep" timems="1.453" contextid="201" timestamp="2019-07-02T23:53:22.403" />
<heap-resize id="207" type="loa contract" space="tenure" amount="359424" count="1" timems="0.000" reason="contract to meet minimum soa" timestamp="2019-07-02T23:53:22.403" />
<gc-end id="208" type="global" contextid="201" durationms="8.633" usertimems="16.000" systemtimems="0.000" timestamp="2019-07-02T23:53:22.404" activeThreads="4">
  <mem-info id="209" free="3636648" total="11993088" percent="30">
    <mem type="tenure" free="3636648" total="11993088" percent="30" micro-fragmented="1322527" macro-fragmented="1020">
      <mem type="soa" free="3516840" total="11873280" percent="29" />
      <mem type="loa" free="119808" total="119808" percent="100" />
    </mem>
  </mem-info>
</gc-end>
<cycle-end id="210" type="global" contextid="201" timestamp="2019-07-02T23:53:22.404">
  <attribute name="GC Util" value="163" />
  <attribute name="CPU Util" value="2831339645796" />
  <attribute name="Time Running"value="28257"/>
  <attribute name="Number of cores"value="4"/>
</cycle-end>
<allocation-satisfied id="211" threadId="000000000117F000" bytesRequested="24" />
<af-end id="212" timestamp="2019-07-02T23:53:22.404" threadId="000000000117F988" success="true" />
<exclusive-end id="213" timestamp="2019-07-02T23:53:22.404" durationms="9.989" />

<exclusive-start id="214" timestamp="2019-07-02T23:53:24.432" intervalms="2037.776">
  <response-info timems="0.047" idlems="0.027" threads="1" lastid="0000000001170100" lastname="node-1" />
</exclusive-start>
<af-start id="215" threadId="0000000001199C88" totalBytesRequested="32" timestamp="2019-07-02T23:53:24.432" intervalms="2037.429" />
<cycle-start id="216" type="global" contextid="0" timestamp="2019-07-02T23:53:24.432" intervalms="2037.344" />
  <attribute name="GC Util" value="163" />
  <attribute name="CPU Util" value="2831339645796" />
  <attribute name="Time Running"value="28257"/>
  <attribute name="Number of cores"value="4"/>
<gc-start id="217" type="global" contextid="216" timestamp="2019-07-02T23:53:24.432">
  <mem-info id="218" free="119808" total="11993088" percent="0">
    <mem type="tenure" free="119808" total="11993088" percent="0">
      <mem type="soa" free="0" total="11873280" percent="0" />
      <mem type="loa" free="119808" total="119808" percent="100" />
    </mem>
  </mem-info>
</gc-start>
<allocation-stats totalBytes="3507648" >
  <allocated-bytes non-tlh="0" tlh="3507648" />
  <largest-consumer threadName="node-10" threadId="0000000001155D00" bytes="248728" />
</allocation-stats>
<gc-op id="219" type="mark" timems="6.301" contextid="216" timestamp="2019-07-02T23:53:24.439">
  <trace-info objectcount="145052" scancount="135564" scanbytes="5308244" />
  <finalization candidates="18" enqueued="0" />
  <references type="soft" candidates="45" cleared="0" enqueued="0" dynamicThreshold="9" maxThreshold="32" />
  <references type="weak" candidates="165" cleared="0" enqueued="0" />
  <references type="phantom" candidates="57" cleared="0" enqueued="0" />
  <stringconstants candidates="3825" cleared="0"  />
</gc-op>
<gc-op id="220" type="sweep" timems="1.624" contextid="216" timestamp="2019-07-02T23:53:24.440" />
<gc-end id="221" type="global" contextid="216" durationms="8.342" usertimems="8.000" systemtimems="8.000" timestamp="2019-07-02T23:53:24.441" activeThreads="4">
  <mem-info id="222" free="3644160" total="11993088" percent="30">
    <mem type="tenure" free="3644160" total="11993088" percent="30" micro-fragmented="1321735" macro-fragmented="0">
      <mem type="soa" free="3524352" total="11873280" percent="29" />
      <mem type="loa" free="119808" total="119808" percent="100" />
    </mem>
  </mem-info>
</gc-end>
<cycle-end id="223" type="global" contextid="216" timestamp="2019-07-02T23:53:24.441">
  <attribute name="GC Util" value="173" />
  <attribute name="CPU Util" value="2871906112563" />
  <attribute name="Time Running"value="30294"/>
  <attribute name="Number of cores"value="4"/>
</cycle-end>
<allocation-satisfied id="224" threadId="0000000001199300" bytesRequested="32" />
<af-end id="225" timestamp="2019-07-02T23:53:24.441" threadId="0000000001199C88" success="true" />
<exclusive-end id="226" timestamp="2019-07-02T23:53:24.441" durationms="9.129" />

<exclusive-start id="227" timestamp="2019-07-02T23:53:26.563" intervalms="2131.462">
  <response-info timems="0.034" idlems="0.034" threads="0" lastid="0000000001152100" lastname="node-2" />
</exclusive-start>
<af-start id="228" threadId="0000000001152A88" totalBytesRequested="32" timestamp="2019-07-02T23:53:26.564" intervalms="2131.582" />
<cycle-start id="229" type="global" contextid="0" timestamp="2019-07-02T23:53:26.564" intervalms="2131.732" />
  <attribute name="GC Util" value="173" />
  <attribute name="CPU Util" value="2871906112563" />
  <attribute name="Time Running"value="30294"/>
  <attribute name="Number of cores"value="4"/>
<gc-start id="230" type="global" contextid="229" timestamp="2019-07-02T23:53:26.564">
  <mem-info id="231" free="119808" total="11993088" percent="0">
    <mem type="tenure" free="119808" total="11993088" percent="0">
      <mem type="soa" free="0" total="11873280" percent="0" />
      <mem type="loa" free="119808" total="119808" percent="100" />
    </mem>
  </mem-info>
</gc-start>
<allocation-stats totalBytes="3515536" >
  <allocated-bytes non-tlh="0" tlh="3515536" />
  <largest-consumer threadName="node-9" threadId="0000000001199300" bytes="230624" />
</allocation-stats>
<gc-op id="232" type="mark" timems="6.315" contextid="229" timestamp="2019-07-02T23:53:26.571">
  <trace-info objectcount="145026" scancount="135559" scanbytes="5307620" />
  <finalization candidates="18" enqueued="0" />
  <references type="soft" candidates="45" cleared="0" enqueued="0" dynamicThreshold="9" maxThreshold="32" />
  <references type="weak" candidates="165" cleared="0" enqueued="0" />
  <references type="phantom" candidates="57" cleared="0" enqueued="0" />
  <stringconstants candidates="3825" cleared="0"  />
</gc-op>
<gc-op id="233" type="sweep" timems="1.464" contextid="229" timestamp="2019-07-02T23:53:26.572" />
<gc-end id="234" type="global" contextid="229" durationms="8.479" usertimems="12.000" systemtimems="0.000" timestamp="2019-07-02T23:53:26.573" activeThreads="4">
  <mem-info id="235" free="3644728" total="11993088" percent="30">
    <mem type="tenure" free="3644728" total="11993088" percent="30" micro-fragmented="1322247" macro-fragmented="24825">
      <mem type="soa" free="3524920" total="11873280" percent="29" />
      <mem type="loa" free="119808" total="119808" percent="100" />
    </mem>
  </mem-info>
</gc-end>
<cycle-end id="236" type="global" contextid="229" timestamp="2019-07-02T23:53:26.573">
  <attribute name="GC Util" value="162" />
  <attribute name="CPU Util" value="2832678332699" />
  <attribute name="Time Running"value="32426"/>
  <attribute name="Number of cores"value="4"/>
</cycle-end>
<allocation-satisfied id="237" threadId="0000000001152100" bytesRequested="32" />
<af-end id="238" timestamp="2019-07-02T23:53:26.573" threadId="0000000001152A88" success="true" />
<exclusive-end id="239" timestamp="2019-07-02T23:53:26.573" durationms="9.833" />

<exclusive-start id="240" timestamp="2019-07-02T23:53:28.584" intervalms="2020.827">
  <response-info timems="0.041" idlems="0.041" threads="0" lastid="000000000118E000" lastname="node-24" />
</exclusive-start>
<af-start id="241" threadId="000000000118E988" totalBytesRequested="32" timestamp="2019-07-02T23:53:28.584" intervalms="2020.782" />
<cycle-start id="242" type="global" contextid="0" timestamp="2019-07-02T23:53:28.585" intervalms="2020.715" />
  <attribute name="GC Util" value="162" />
  <attribute name="CPU Util" value="2832678332699" />
  <attribute name="Time Running"value="32426"/>
  <attribute name="Number of cores"value="4"/>
<gc-start id="243" type="global" contextid="242" timestamp="2019-07-02T23:53:28.585">
  <mem-info id="244" free="119808" total="11993088" percent="0">
    <mem type="tenure" free="119808" total="11993088" percent="0">
      <mem type="soa" free="0" total="11873280" percent="0" />
      <mem type="loa" free="119808" total="119808" percent="100" />
    </mem>
  </mem-info>
</gc-start>
<allocation-stats totalBytes="3517576" >
  <allocated-bytes non-tlh="0" tlh="3517576" />
  <largest-consumer threadName="node-5" threadId="0000000001164D00" bytes="218944" />
</allocation-stats>
<gc-op id="245" type="mark" timems="3.204" contextid="242" timestamp="2019-07-02T23:53:28.588">
  <trace-info objectcount="145003" scancount="135535" scanbytes="5307060" />
  <finalization candidates="18" enqueued="0" />
  <references type="soft" candidates="45" cleared="0" enqueued="0" dynamicThreshold="9" maxThreshold="32" />
  <references type="weak" candidates="165" cleared="0" enqueued="0" />
  <references type="phantom" candidates="57" cleared="0" enqueued="0" />
  <stringconstants candidates="3825" cleared="0"  />
</gc-op>
<gc-op id="246" type="sweep" timems="0.396" contextid="242" timestamp="2019-07-02T23:53:28.589" />
<gc-end id="247" type="global" contextid="242" durationms="4.212" usertimems="4.000" systemtimems="8.000" timestamp="2019-07-02T23:53:28.589" activeThreads="4">
  <mem-info id="248" free="3644232" total="11993088" percent="30">
    <mem type="tenure" free="3644232" total="11993088" percent="30" micro-fragmented="1326088" macro-fragmented="34563">
      <mem type="soa" free="3524424" total="11873280" percent="29" />
      <mem type="loa" free="119808" total="119808" percent="100" />
    </mem>
  </mem-info>
</gc-end>
<cycle-end id="249" type="global" contextid="242" timestamp="2019-07-02T23:53:28.589">
  <attribute name="GC Util" value="163" />
  <attribute name="CPU Util" value="5439014510971" />
  <attribute name="Time Running"value="34444"/>
  <attribute name="Number of cores"value="4"/>
</cycle-end>
<allocation-satisfied id="250" threadId="000000000118E000" bytesRequested="32" />
<af-end id="251" timestamp="2019-07-02T23:53:28.589" threadId="000000000118E988" success="true" />
<exclusive-end id="252" timestamp="2019-07-02T23:53:28.589" durationms="5.091" />

<exclusive-start id="253" timestamp="2019-07-02T23:53:30.514" intervalms="1929.618">
  <response-info timems="0.619" idlems="0.339" threads="2" lastid="00000000011A8300" lastname="node-20" />
</exclusive-start>
<af-start id="254" threadId="00000000011AC888" totalBytesRequested="24" timestamp="2019-07-02T23:53:30.514" intervalms="1929.624" />
<cycle-start id="255" type="global" contextid="0" timestamp="2019-07-02T23:53:30.514" intervalms="1929.737" />
  <attribute name="GC Util" value="163" />
  <attribute name="CPU Util" value="5439014510971" />
  <attribute name="Time Running"value="34444"/>
  <attribute name="Number of cores"value="4"/>
<gc-start id="256" type="global" contextid="255" timestamp="2019-07-02T23:53:30.515">
  <mem-info id="257" free="119808" total="11993088" percent="0">
    <mem type="tenure" free="119808" total="11993088" percent="0">
      <mem type="soa" free="0" total="11873280" percent="0" />
      <mem type="loa" free="119808" total="119808" percent="100" />
    </mem>
  </mem-info>
</gc-start>
<allocation-stats totalBytes="3516600" >
  <allocated-bytes non-tlh="0" tlh="3516600" />
  <largest-consumer threadName="node-8" threadId="0000000001168900" bytes="216640" />
</allocation-stats>
<gc-op id="258" type="mark" timems="4.003" contextid="255" timestamp="2019-07-02T23:53:30.519">
  <trace-info objectcount="144974" scancount="135495" scanbytes="5306372" />
  <finalization candidates="18" enqueued="0" />
  <references type="soft" candidates="45" cleared="0" enqueued="0" dynamicThreshold="9" maxThreshold="32" />
  <references type="weak" candidates="165" cleared="0" enqueued="0" />
  <references type="phantom" candidates="57" cleared="0" enqueued="0" />
  <stringconstants candidates="3825" cleared="0"  />
</gc-op>
<gc-op id="259" type="sweep" timems="0.302" contextid="255" timestamp="2019-07-02T23:53:30.519" />
<gc-end id="260" type="global" contextid="255" durationms="4.943" usertimems="12.000" systemtimems="0.000" timestamp="2019-07-02T23:53:30.519" activeThreads="4">
  <mem-info id="261" free="3643744" total="11993088" percent="30">
    <mem type="tenure" free="3643744" total="11993088" percent="30" micro-fragmented="1322131" macro-fragmented="0">
      <mem type="soa" free="3523936" total="11873280" percent="29" />
      <mem type="loa" free="119808" total="119808" percent="100" />
    </mem>
  </mem-info>
</gc-end>
<cycle-end id="262" type="global" contextid="255" timestamp="2019-07-02T23:53:30.520">
  <attribute name="GC Util" value="177" />
  <attribute name="CPU Util" value="4454717365238" />
  <attribute name="Time Running"value="36374"/>
  <attribute name="Number of cores"value="4"/>
</cycle-end>
<allocation-satisfied id="263" threadId="00000000011ABF00" bytesRequested="24" />
<af-end id="264" timestamp="2019-07-02T23:53:30.520" threadId="00000000011AC888" success="true" />
<exclusive-end id="265" timestamp="2019-07-02T23:53:30.520" durationms="5.972" />

<exclusive-start id="266" timestamp="2019-07-02T23:53:32.293" intervalms="1779.449">
  <response-info timems="0.039" idlems="0.039" threads="0" lastid="00000000011AFB00" lastname="node-19" />
</exclusive-start>
<af-start id="267" threadId="00000000011B0488" totalBytesRequested="32" timestamp="2019-07-02T23:53:32.294" intervalms="1779.783" />
<cycle-start id="268" type="global" contextid="0" timestamp="2019-07-02T23:53:32.294" intervalms="1779.738" />
  <attribute name="GC Util" value="177" />
  <attribute name="CPU Util" value="4454717365238" />
  <attribute name="Time Running"value="36374"/>
  <attribute name="Number of cores"value="4"/>
<gc-start id="269" type="global" contextid="268" timestamp="2019-07-02T23:53:32.294">
  <mem-info id="270" free="119808" total="11993088" percent="0">
    <mem type="tenure" free="119808" total="11993088" percent="0">
      <mem type="soa" free="0" total="11873280" percent="0" />
      <mem type="loa" free="119808" total="119808" percent="100" />
    </mem>
  </mem-info>
</gc-start>
<allocation-stats totalBytes="3516312" >
  <allocated-bytes non-tlh="0" tlh="3516312" />
  <largest-consumer threadName="node-13" threadId="000000000118A400" bytes="229544" />
</allocation-stats>
<gc-op id="271" type="mark" timems="4.016" contextid="268" timestamp="2019-07-02T23:53:32.298">
  <trace-info objectcount="144983" scancount="135513" scanbytes="5306012" />
  <finalization candidates="18" enqueued="0" />
  <references type="soft" candidates="45" cleared="0" enqueued="0" dynamicThreshold="9" maxThreshold="32" />
  <references type="weak" candidates="165" cleared="0" enqueued="0" />
  <references type="phantom" candidates="57" cleared="0" enqueued="0" />
  <stringconstants candidates="3825" cleared="0"  />
</gc-op>
<gc-op id="272" type="sweep" timems="0.349" contextid="268" timestamp="2019-07-02T23:53:32.299" />
<gc-end id="273" type="global" contextid="268" durationms="4.913" usertimems="8.000" systemtimems="0.000" timestamp="2019-07-02T23:53:32.299" activeThreads="4">
  <mem-info id="274" free="3641824" total="11993088" percent="30">
    <mem type="tenure" free="3641824" total="11993088" percent="30" micro-fragmented="1321603" macro-fragmented="1224">
      <mem type="soa" free="3522016" total="11873280" percent="29" />
      <mem type="loa" free="119808" total="119808" percent="100" />
    </mem>
  </mem-info>
</gc-end>
<cycle-end id="275" type="global" contextid="268" timestamp="2019-07-02T23:53:32.299">
  <attribute name="GC Util" value="139" />
  <attribute name="CPU Util" value="4425330903731" />
  <attribute name="Time Running"value="38154"/>
  <attribute name="Number of cores"value="4"/>
</cycle-end>
<allocation-satisfied id="276" threadId="00000000011AFB00" bytesRequested="32" />
<af-end id="277" timestamp="2019-07-02T23:53:32.300" threadId="00000000011B0488" success="true" />
<exclusive-end id="278" timestamp="2019-07-02T23:53:32.300" durationms="6.473" />

<exclusive-start id="279" timestamp="2019-07-02T23:53:34.231" intervalms="1937.281">
  <response-info timems="0.195" idlems="0.059" threads="3" lastid="0000000001191C00" lastname="node-15" />
</exclusive-start>
<af-start id="280" threadId="00000000011A8C88" totalBytesRequested="24" timestamp="2019-07-02T23:53:34.231" intervalms="1936.856" />
<cycle-start id="281" type="global" contextid="0" timestamp="2019-07-02T23:53:34.231" intervalms="1936.727" />
  <attribute name="GC Util" value="139" />
  <attribute name="CPU Util" value="4425330903731" />
  <attribute name="Time Running"value="38154"/>
  <attribute name="Number of cores"value="4"/>
<gc-start id="282" type="global" contextid="281" timestamp="2019-07-02T23:53:34.231">
  <mem-info id="283" free="119808" total="11993088" percent="0">
    <mem type="tenure" free="119808" total="11993088" percent="0">
      <mem type="soa" free="0" total="11873280" percent="0" />
      <mem type="loa" free="119808" total="119808" percent="100" />
    </mem>
  </mem-info>
</gc-start>
<allocation-stats totalBytes="3511168" >
  <allocated-bytes non-tlh="0" tlh="3511168" />
  <largest-consumer threadName="node-0" threadId="00000000011ABF00" bytes="212464" />
</allocation-stats>
<gc-op id="284" type="mark" timems="6.047" contextid="281" timestamp="2019-07-02T23:53:34.237">
  <trace-info objectcount="144957" scancount="135444" scanbytes="5305388" />
  <finalization candidates="18" enqueued="0" />
  <references type="soft" candidates="45" cleared="0" enqueued="0" dynamicThreshold="9" maxThreshold="32" />
  <references type="weak" candidates="165" cleared="0" enqueued="0" />
  <references type="phantom" candidates="57" cleared="0" enqueued="0" />
  <stringconstants candidates="3825" cleared="0"  />
</gc-op>
<gc-op id="285" type="sweep" timems="1.532" contextid="281" timestamp="2019-07-02T23:53:34.239" />
<gc-end id="286" type="global" contextid="281" durationms="8.023" usertimems="16.000" systemtimems="0.000" timestamp="2019-07-02T23:53:34.239" activeThreads="4">
  <mem-info id="287" free="3631608" total="11993088" percent="30">
    <mem type="tenure" free="3631608" total="11993088" percent="30" micro-fragmented="1323319" macro-fragmented="0">
      <mem type="soa" free="3511800" total="11873280" percent="29" />
      <mem type="loa" free="119808" total="119808" percent="100" />
    </mem>
  </mem-info>
</gc-end>
<cycle-end id="288" type="global" contextid="281" timestamp="2019-07-02T23:53:34.239">
  <attribute name="GC Util" value="168" />
  <attribute name="CPU Util" value="2974692597489" />
  <attribute name="Time Running"value="40093"/>
  <attribute name="Number of cores"value="4"/>
</cycle-end>
<allocation-satisfied id="289" threadId="00000000011A8300" bytesRequested="24" />
<af-end id="290" timestamp="2019-07-02T23:53:34.239" threadId="00000000011A8C88" success="true" />
<exclusive-end id="291" timestamp="2019-07-02T23:53:34.239" durationms="8.854" />

<exclusive-start id="292" timestamp="2019-07-02T23:53:35.885" intervalms="1654.328">
  <response-info timems="0.034" idlems="0.034" threads="0" lastid="000000000119CF00" lastname="node-6" />
</exclusive-start>
<af-start id="293" threadId="000000000119D888" totalBytesRequested="32" timestamp="2019-07-02T23:53:35.885" intervalms="1654.355" />
<cycle-start id="294" type="global" contextid="0" timestamp="2019-07-02T23:53:35.885" intervalms="1654.341" />
  <attribute name="GC Util" value="168" />
  <attribute name="CPU Util" value="2974692597489" />
  <attribute name="Time Running"value="40093"/>
  <attribute name="Number of cores"value="4"/>
<gc-start id="295" type="global" contextid="294" timestamp="2019-07-02T23:53:35.885">
  <mem-info id="296" free="119808" total="11993088" percent="0">
    <mem type="tenure" free="119808" total="11993088" percent="0">
      <mem type="soa" free="0" total="11873280" percent="0" />
      <mem type="loa" free="119808" total="119808" percent="100" />
    </mem>
  </mem-info>
</gc-start>
<allocation-stats totalBytes="3505312" >
  <allocated-bytes non-tlh="2000" tlh="3503312" />
  <largest-consumer threadName="node-2" threadId="0000000001152100" bytes="209928" />
</allocation-stats>
<gc-op id="297" type="mark" timems="4.505" contextid="294" timestamp="2019-07-02T23:53:35.890">
  <trace-info objectcount="144944" scancount="135441" scanbytes="5305156" />
  <finalization candidates="18" enqueued="0" />
  <references type="soft" candidates="45" cleared="0" enqueued="0" dynamicThreshold="9" maxThreshold="32" />
  <references type="weak" candidates="165" cleared="0" enqueued="0" />
  <references type="phantom" candidates="57" cleared="0" enqueued="0" />
  <stringconstants candidates="3825" cleared="0"  />
</gc-op>
<gc-op id="298" type="sweep" timems="0.327" contextid="294" timestamp="2019-07-02T23:53:35.890" />
<gc-end id="299" type="global" contextid="294" durationms="5.179" usertimems="12.000" systemtimems="4.000" timestamp="2019-07-02T23:53:35.890" activeThreads="4">
  <mem-info id="300" free="3641048" total="11993088" percent="30">
    <mem type="tenure" free="3641048" total="11993088" percent="30" micro-fragmented="1321735" macro-fragmented="0">
      <mem type="soa" free="3521240" total="11873280" percent="29" />
      <mem type="loa" free="119808" total="119808" percent="100" />
    </mem>
  </mem-info>
</gc-end>
<cycle-end id="301" type="global" contextid="294" timestamp="2019-07-02T23:53:35.891">
  <attribute name="GC Util" value="180" />
  <attribute name="CPU Util" value="4035725438919" />
  <attribute name="Time Running"value="41745"/>
  <attribute name="Number of cores"value="4"/>
</cycle-end>
<allocation-satisfied id="302" threadId="000000000119CF00" bytesRequested="32" />
<af-end id="303" timestamp="2019-07-02T23:53:35.891" threadId="000000000119D888" success="true" />
<exclusive-end id="304" timestamp="2019-07-02T23:53:35.891" durationms="6.043" />

<exclusive-start id="305" timestamp="2019-07-02T23:53:37.830" intervalms="1944.832">
  <response-info timems="0.086" idlems="0.086" threads="0" lastid="0000000001173C00" lastname="node-25" />
</exclusive-start>
<af-start id="306" threadId="0000000001174588" totalBytesRequested="16" timestamp="2019-07-02T23:53:37.830" intervalms="1944.837" />
<cycle-start id="307" type="global" contextid="0" timestamp="2019-07-02T23:53:37.830" intervalms="1944.841" />
  <attribute name="GC Util" value="180" />
  <attribute name="CPU Util" value="4035725438919" />
  <attribute name="Time Running"value="41745"/>
  <attribute name="Number of cores"value="4"/>
<gc-start id="308" type="global" contextid="307" timestamp="2019-07-02T23:53:37.830">
  <mem-info id="309" free="119808" total="11993088" percent="0">
    <mem type="tenure" free="119808" total="11993088" percent="0">
      <mem type="soa" free="0" total="11873280" percent="0" />
      <mem type="loa" free="119808" total="119808" percent="100" />
    </mem>
  </mem-info>
</gc-start>
<allocation-stats totalBytes="3509728" >
  <allocated-bytes non-tlh="0" tlh="3509728" />
  <largest-consumer threadName="node-9" threadId="0000000001199300" bytes="251672" />
</allocation-stats>
<gc-op id="310" type="mark" timems="4.527" contextid="307" timestamp="2019-07-02T23:53:37.835">
  <trace-info objectcount="144935" scancount="135412" scanbytes="5304588" />
  <finalization candidates="18" enqueued="0" />
  <references type="soft" candidates="45" cleared="0" enqueued="0" dynamicThreshold="9" maxThreshold="32" />
  <references type="weak" candidates="165" cleared="0" enqueued="0" />
  <references type="phantom" candidates="57" cleared="0" enqueued="0" />
  <stringconstants candidates="3825" cleared="0"  />
</gc-op>
<gc-op id="311" type="sweep" timems="0.581" contextid="307" timestamp="2019-07-02T23:53:37.835" />
<gc-end id="312" type="global" contextid="307" durationms="5.525" usertimems="8.000" systemtimems="0.000" timestamp="2019-07-02T23:53:37.836" activeThreads="4">
  <mem-info id="313" free="3627440" total="11993088" percent="30">
    <mem type="tenure" free="3627440" total="11993088" percent="30" micro-fragmented="1322791" macro-fragmented="0">
      <mem type="soa" free="3507632" total="11873280" percent="29" />
      <mem type="loa" free="119808" total="119808" percent="100" />
    </mem>
  </mem-info>
</gc-end>
<cycle-end id="314" type="global" contextid="307" timestamp="2019-07-02T23:53:37.836">
  <attribute name="GC Util" value="184" />
  <attribute name="CPU Util" value="4000855412379" />
  <attribute name="Time Running"value="43690"/>
  <attribute name="Number of cores"value="4"/>
</cycle-end>
<allocation-satisfied id="315" threadId="0000000001173C00" bytesRequested="16" />
<af-end id="316" timestamp="2019-07-02T23:53:37.836" threadId="0000000001174588" success="true" />
<exclusive-end id="317" timestamp="2019-07-02T23:53:37.836" durationms="6.393" />

<exclusive-start id="318" timestamp="2019-07-02T23:53:39.787" intervalms="1957.105">
  <response-info timems="0.034" idlems="0.034" threads="0" lastid="0000000001177800" lastname="node-7" />
</exclusive-start>
<af-start id="319" threadId="0000000001178188" totalBytesRequested="16" timestamp="2019-07-02T23:53:39.787" intervalms="1957.082" />
<cycle-start id="320" type="global" contextid="0" timestamp="2019-07-02T23:53:39.787" intervalms="1957.077" />
  <attribute name="GC Util" value="184" />
  <attribute name="CPU Util" value="4000855412379" />
  <attribute name="Time Running"value="43690"/>
  <attribute name="Number of cores"value="4"/>
<gc-start id="321" type="global" contextid="320" timestamp="2019-07-02T23:53:39.787">
  <mem-info id="322" free="119808" total="11993088" percent="0">
    <mem type="tenure" free="119808" total="11993088" percent="0">
      <mem type="soa" free="0" total="11873280" percent="0" />
      <mem type="loa" free="119808" total="119808" percent="100" />
    </mem>
  </mem-info>
</gc-start>
<allocation-stats totalBytes="3498280" >
  <allocated-bytes non-tlh="0" tlh="3498280" />
  <largest-consumer threadName="node-23" threadId="000000000117F000" bytes="227528" />
</allocation-stats>
<gc-op id="323" type="mark" timems="5.701" contextid="320" timestamp="2019-07-02T23:53:39.793">
  <trace-info objectcount="144933" scancount="135402" scanbytes="5304300" />
  <finalization candidates="18" enqueued="0" />
  <references type="soft" candidates="45" cleared="0" enqueued="0" dynamicThreshold="9" maxThreshold="32" />
  <references type="weak" candidates="165" cleared="0" enqueued="0" />
  <references type="phantom" candidates="57" cleared="0" enqueued="0" />
  <stringconstants candidates="3825" cleared="0"  />
</gc-op>
<gc-op id="324" type="sweep" timems="1.417" contextid="320" timestamp="2019-07-02T23:53:39.794" />
<gc-end id="325" type="global" contextid="320" durationms="7.498" usertimems="12.000" systemtimems="0.000" timestamp="2019-07-02T23:53:39.795" activeThreads="4">
  <mem-info id="326" free="3614920" total="11993088" percent="30">
    <mem type="tenure" free="3614920" total="11993088" percent="30" micro-fragmented="1324242" macro-fragmented="12588">
      <mem type="soa" free="3495112" total="11873280" percent="29" />
      <mem type="loa" free="119808" total="119808" percent="100" />
    </mem>
  </mem-info>
</gc-end>
<cycle-end id="327" type="global" contextid="320" timestamp="2019-07-02T23:53:39.795">
  <attribute name="GC Util" value="175" />
  <attribute name="CPU Util" value="3203876323433" />
  <attribute name="Time Running"value="45648"/>
  <attribute name="Number of cores"value="4"/>
</cycle-end>
<allocation-satisfied id="328" threadId="0000000001177800" bytesRequested="16" />
<af-end id="329" timestamp="2019-07-02T23:53:39.795" threadId="0000000001178188" success="true" />
<exclusive-end id="330" timestamp="2019-07-02T23:53:39.795" durationms="8.324" />

<exclusive-start id="331" timestamp="2019-07-02T23:53:41.899" intervalms="2112.199">
  <response-info timems="0.035" idlems="0.035" threads="0" lastid="0000000001152100" lastname="node-2" />
</exclusive-start>
<af-start id="332" threadId="0000000001152A88" totalBytesRequested="32" timestamp="2019-07-02T23:53:41.899" intervalms="2112.200" />
<cycle-start id="333" type="global" contextid="0" timestamp="2019-07-02T23:53:41.899" intervalms="2112.200" />
  <attribute name="GC Util" value="175" />
  <attribute name="CPU Util" value="3203876323433" />
  <attribute name="Time Running"value="45648"/>
  <attribute name="Number of cores"value="4"/>
<gc-start id="334" type="global" contextid="333" timestamp="2019-07-02T23:53:41.899">
  <mem-info id="335" free="119808" total="11993088" percent="0">
    <mem type="tenure" free="119808" total="11993088" percent="0">
      <mem type="soa" free="0" total="11873280" percent="0" />
      <mem type="loa" free="119808" total="119808" percent="100" />
    </mem>
  </mem-info>
</gc-start>
<allocation-stats totalBytes="3482432" >
  <allocated-bytes non-tlh="0" tlh="3482432" />
  <largest-consumer threadName="node-12" threadId="000000000115D500" bytes="210952" />
</allocation-stats>
<gc-op id="336" type="mark" timems="5.821" contextid="333" timestamp="2019-07-02T23:53:41.905">
  <trace-info objectcount="144864" scancount="135353" scanbytes="5303236" />
  <finalization candidates="18" enqueued="0" />
  <references type="soft" candidates="45" cleared="0" enqueued="0" dynamicThreshold="9" maxThreshold="32" />
  <references type="weak" candidates="165" cleared="0" enqueued="0" />
  <references type="phantom" candidates="57" cleared="0" enqueued="0" />
  <stringconstants candidates="3825" cleared="0"  />
</gc-op>
<gc-op id="337" type="sweep" timems="1.534" contextid="333" timestamp="2019-07-02T23:53:41.907" />
<gc-end id="338" type="global" contextid="333" durationms="7.774" usertimems="12.000" systemtimems="0.000" timestamp="2019-07-02T23:53:41.907" activeThreads="4">
  <mem-info id="339" free="3640504" total="11993088" percent="30">
    <mem type="tenure" free="3640504" total="11993088" percent="30" micro-fragmented="1321735" macro-fragmented="34595">
      <mem type="soa" free="3520696" total="11873280" percent="29" />
      <mem type="loa" free="119808" total="119808" percent="100" />
    </mem>
  </mem-info>
</gc-end>
<cycle-end id="340" type="global" contextid="333" timestamp="2019-07-02T23:53:41.907">
  <attribute name="GC Util" value="169" />
  <attribute name="CPU Util" value="3091352613563" />
  <attribute name="Time Running"value="47761"/>
  <attribute name="Number of cores"value="4"/>
</cycle-end>
<allocation-satisfied id="341" threadId="0000000001152100" bytesRequested="32" />
<af-end id="342" timestamp="2019-07-02T23:53:41.908" threadId="0000000001152A88" success="true" />
<exclusive-end id="343" timestamp="2019-07-02T23:53:41.908" durationms="8.615" />

<exclusive-start id="344" timestamp="2019-07-02T23:53:43.902" intervalms="2002.801">
  <response-info timems="0.055" idlems="0.055" threads="0" lastid="00000000011A8300" lastname="node-20" />
</exclusive-start>
<af-start id="345" threadId="00000000011A8C88" totalBytesRequested="16" timestamp="2019-07-02T23:53:43.902" intervalms="2002.907" />
<cycle-start id="346" type="global" contextid="0" timestamp="2019-07-02T23:53:43.902" intervalms="2002.994" />
  <attribute name="GC Util" value="169" />
  <attribute name="CPU Util" value="3091352613563" />
  <attribute name="Time Running"value="47761"/>
  <attribute name="Number of cores"value="4"/>
<gc-start id="347" type="global" contextid="346" timestamp="2019-07-02T23:53:43.902">
  <mem-info id="348" free="119808" total="11993088" percent="0">
    <mem type="tenure" free="119808" total="11993088" percent="0">
      <mem type="soa" free="0" total="11873280" percent="0" />
      <mem type="loa" free="119808" total="119808" percent="100" />
    </mem>
  </mem-info>
</gc-start>
<allocation-stats totalBytes="3510304" >
  <allocated-bytes non-tlh="1000" tlh="3509304" />
  <largest-consumer threadName="node-16" threadId="00000000011A0B00" bytes="216248" />
</allocation-stats>
<gc-op id="349" type="mark" timems="4.329" contextid="346" timestamp="2019-07-02T23:53:43.907">
  <trace-info objectcount="144883" scancount="135366" scanbytes="5303444" />
  <finalization candidates="18" enqueued="0" />
  <references type="soft" candidates="45" cleared="0" enqueued="0" dynamicThreshold="9" maxThreshold="32" />
  <references type="weak" candidates="165" cleared="0" enqueued="0" />
  <references type="phantom" candidates="57" cleared="0" enqueued="0" />
  <stringconstants candidates="3825" cleared="0"  />
</gc-op>
<gc-op id="350" type="sweep" timems="0.369" contextid="346" timestamp="2019-07-02T23:53:43.907" />
<gc-end id="351" type="global" contextid="346" durationms="5.302" usertimems="12.000" systemtimems="0.000" timestamp="2019-07-02T23:53:43.908" activeThreads="4">
  <mem-info id="352" free="3634984" total="11993088" percent="30">
    <mem type="tenure" free="3634984" total="11993088" percent="30" micro-fragmented="1321472" macro-fragmented="0">
      <mem type="soa" free="3515176" total="11873280" percent="29" />
      <mem type="loa" free="119808" total="119808" percent="100" />
    </mem>
  </mem-info>
</gc-end>
<cycle-end id="353" type="global" contextid="346" timestamp="2019-07-02T23:53:43.908">
  <attribute name="GC Util" value="165" />
  <attribute name="CPU Util" value="4118185331515" />
  <attribute name="Time Running"value="49763"/>
  <attribute name="Number of cores"value="4"/>
</cycle-end>
<allocation-satisfied id="354" threadId="00000000011A8300" bytesRequested="16" />
<af-end id="355" timestamp="2019-07-02T23:53:43.908" threadId="00000000011A8C88" success="true" />
<exclusive-end id="356" timestamp="2019-07-02T23:53:43.908" durationms="6.285" />

<exclusive-start id="357" timestamp="2019-07-02T23:53:45.758" intervalms="1856.323">
  <response-info timems="0.034" idlems="0.034" threads="0" lastid="0000000001191C00" lastname="node-15" />
</exclusive-start>
<af-start id="358" threadId="0000000001192588" totalBytesRequested="32" timestamp="2019-07-02T23:53:45.758" intervalms="1856.220" />
<cycle-start id="359" type="global" contextid="0" timestamp="2019-07-02T23:53:45.758" intervalms="1856.137" />
  <attribute name="GC Util" value="165" />
  <attribute name="CPU Util" value="4118185331515" />
  <attribute name="Time Running"value="49763"/>
  <attribute name="Number of cores"value="4"/>
<gc-start id="360" type="global" contextid="359" timestamp="2019-07-02T23:53:45.758">
  <mem-info id="361" free="119808" total="11993088" percent="0">
    <mem type="tenure" free="119808" total="11993088" percent="0">
      <mem type="soa" free="0" total="11873280" percent="0" />
      <mem type="loa" free="119808" total="119808" percent="100" />
    </mem>
  </mem-info>
</gc-start>
<allocation-stats totalBytes="3508632" >
  <allocated-bytes non-tlh="0" tlh="3508632" />
  <largest-consumer threadName="node-5" threadId="0000000001164D00" bytes="222784" />
</allocation-stats>
<gc-op id="362" type="mark" timems="4.446" contextid="359" timestamp="2019-07-02T23:53:45.763">
  <trace-info objectcount="144822" scancount="135309" scanbytes="5302196" />
  <finalization candidates="18" enqueued="0" />
  <references type="soft" candidates="45" cleared="0" enqueued="0" dynamicThreshold="9" maxThreshold="32" />
  <references type="weak" candidates="165" cleared="0" enqueued="0" />
  <references type="phantom" candidates="57" cleared="0" enqueued="0" />
  <stringconstants candidates="3825" cleared="0"  />
</gc-op>
<gc-op id="363" type="sweep" timems="0.336" contextid="359" timestamp="2019-07-02T23:53:45.764" />
<gc-end id="364" type="global" contextid="359" durationms="5.212" usertimems="8.000" systemtimems="0.000" timestamp="2019-07-02T23:53:45.764" activeThreads="4">
  <mem-info id="365" free="3643176" total="11993088" percent="30">
    <mem type="tenure" free="3643176" total="11993088" percent="30" micro-fragmented="1325310" macro-fragmented="0">
      <mem type="soa" free="3523368" total="11873280" percent="29" />
      <mem type="loa" free="119808" total="119808" percent="100" />
    </mem>
  </mem-info>
</gc-end>
<cycle-end id="366" type="global" contextid="359" timestamp="2019-07-02T23:53:45.764">
  <attribute name="GC Util" value="184" />
  <attribute name="CPU Util" value="4064359093929" />
  <attribute name="Time Running"value="51619"/>
  <attribute name="Number of cores"value="4"/>
</cycle-end>
<allocation-satisfied id="367" threadId="0000000001191C00" bytesRequested="32" />
<af-end id="368" timestamp="2019-07-02T23:53:45.764" threadId="0000000001192588" success="true" />
<exclusive-end id="369" timestamp="2019-07-02T23:53:45.764" durationms="6.157" />

<exclusive-start id="370" timestamp="2019-07-02T23:53:47.802" intervalms="2043.869">
  <response-info timems="0.064" idlems="0.064" threads="0" lastid="0000000001155D00" lastname="node-10" />
</exclusive-start>
<af-start id="371" threadId="0000000001156688" totalBytesRequested="32" timestamp="2019-07-02T23:53:47.802" intervalms="2043.919" />
<cycle-start id="372" type="global" contextid="0" timestamp="2019-07-02T23:53:47.802" intervalms="2043.959" />
  <attribute name="GC Util" value="184" />
  <attribute name="CPU Util" value="4064359093929" />
  <attribute name="Time Running"value="51619"/>
  <attribute name="Number of cores"value="4"/>
<gc-start id="373" type="global" contextid="372" timestamp="2019-07-02T23:53:47.802">
  <mem-info id="374" free="119808" total="11993088" percent="0">
    <mem type="tenure" free="119808" total="11993088" percent="0">
      <mem type="soa" free="0" total="11873280" percent="0" />
      <mem type="loa" free="119808" total="119808" percent="100" />
    </mem>
  </mem-info>
</gc-start>
<allocation-stats totalBytes="3515920" >
  <allocated-bytes non-tlh="0" tlh="3515920" />
  <largest-consumer threadName="node-0" threadId="00000000011ABF00" bytes="232440" />
</allocation-stats>
<gc-op id="375" type="mark" timems="6.017" contextid="372" timestamp="2019-07-02T23:53:47.809">
  <trace-info objectcount="144793" scancount="135279" scanbytes="5301444" />
  <finalization candidates="18" enqueued="0" />
  <references type="soft" candidates="45" cleared="0" enqueued="0" dynamicThreshold="9" maxThreshold="32" />
  <references type="weak" candidates="165" cleared="0" enqueued="0" />
  <references type="phantom" candidates="57" cleared="0" enqueued="0" />
  <stringconstants candidates="3825" cleared="0"  />
</gc-op>
<gc-op id="376" type="sweep" timems="1.409" contextid="372" timestamp="2019-07-02T23:53:47.810" />
<gc-end id="377" type="global" contextid="372" durationms="7.850" usertimems="12.000" systemtimems="0.000" timestamp="2019-07-02T23:53:47.810" activeThreads="4">
  <mem-info id="378" free="3631040" total="11993088" percent="30">
    <mem type="tenure" free="3631040" total="11993088" percent="30" micro-fragmented="1323978" macro-fragmented="0">
      <mem type="soa" free="3511232" total="11873280" percent="29" />
      <mem type="loa" free="119808" total="119808" percent="100" />
    </mem>
  </mem-info>
</gc-end>
<cycle-end id="379" type="global" contextid="372" timestamp="2019-07-02T23:53:47.810">
  <attribute name="GC Util" value="170" />
  <attribute name="CPU Util" value="3015788690141" />
  <attribute name="Time Running"value="53664"/>
  <attribute name="Number of cores"value="4"/>
</cycle-end>
<allocation-satisfied id="380" threadId="0000000001155D00" bytesRequested="32" />
<af-end id="381" timestamp="2019-07-02T23:53:47.811" threadId="0000000001156688" success="true" />
<exclusive-end id="382" timestamp="2019-07-02T23:53:47.811" durationms="8.784" />

<exclusive-start id="383" timestamp="2019-07-02T23:53:49.733" intervalms="1930.404">
  <response-info timems="0.062" idlems="0.062" threads="0" lastid="0000000001152100" lastname="node-2" />
</exclusive-start>
<af-start id="384" threadId="0000000001152A88" totalBytesRequested="24" timestamp="2019-07-02T23:53:49.733" intervalms="1930.388" />
<cycle-start id="385" type="global" contextid="0" timestamp="2019-07-02T23:53:49.733" intervalms="1930.423" />
  <attribute name="GC Util" value="170" />
  <attribute name="CPU Util" value="3015788690141" />
  <attribute name="Time Running"value="53664"/>
  <attribute name="Number of cores"value="4"/>
<gc-start id="386" type="global" contextid="385" timestamp="2019-07-02T23:53:49.733">
  <mem-info id="387" free="119808" total="11993088" percent="0">
    <mem type="tenure" free="119808" total="11993088" percent="0">
      <mem type="soa" free="0" total="11873280" percent="0" />
      <mem type="loa" free="119808" total="119808" percent="100" />
    </mem>
  </mem-info>
</gc-start>
<allocation-stats totalBytes="3502920" >
  <allocated-bytes non-tlh="1000" tlh="3501920" />
  <largest-consumer threadName="node-12" threadId="000000000115D500" bytes="215304" />
</allocation-stats>
<gc-op id="388" type="mark" timems="6.509" contextid="385" timestamp="2019-07-02T23:53:49.740">
  <trace-info objectcount="144778" scancount="135266" scanbytes="5301180" />
  <finalization candidates="18" enqueued="0" />
  <references type="soft" candidates="45" cleared="0" enqueued="0" dynamicThreshold="9" maxThreshold="32" />
  <references type="weak" candidates="165" cleared="0" enqueued="0" />
  <references type="phantom" candidates="57" cleared="0" enqueued="0" />
  <stringconstants candidates="3825" cleared="0"  />
</gc-op>
<gc-op id="389" type="sweep" timems="1.579" contextid="385" timestamp="2019-07-02T23:53:49.741" />
<gc-end id="390" type="global" contextid="385" durationms="8.725" usertimems="12.000" systemtimems="0.000" timestamp="2019-07-02T23:53:49.742" activeThreads="4">
  <mem-info id="391" free="3643736" total="11993088" percent="30">
    <mem type="tenure" free="3643736" total="11993088" percent="30" micro-fragmented="1330046" macro-fragmented="0">
      <mem type="soa" free="3523928" total="11873280" percent="29" />
      <mem type="loa" free="119808" total="119808" percent="100" />
    </mem>
  </mem-info>
</gc-end>
<cycle-end id="392" type="global" contextid="385" timestamp="2019-07-02T23:53:49.742">
  <attribute name="GC Util" value="170" />
  <attribute name="CPU Util" value="2767417448182" />
  <attribute name="Time Running"value="55595"/>
  <attribute name="Number of cores"value="4"/>
</cycle-end>
<allocation-satisfied id="393" threadId="0000000001152100" bytesRequested="24" />
<af-end id="394" timestamp="2019-07-02T23:53:49.742" threadId="0000000001152A88" success="true" />
<exclusive-end id="395" timestamp="2019-07-02T23:53:49.742" durationms="9.686" />

<exclusive-start id="396" timestamp="2019-07-02T23:53:51.711" intervalms="1978.196">
  <response-info timems="0.033" idlems="0.033" threads="0" lastid="000000000117F000" lastname="node-23" />
</exclusive-start>
<af-start id="397" threadId="000000000117F988" totalBytesRequested="32" timestamp="2019-07-02T23:53:51.711" intervalms="1978.168" />
<cycle-start id="398" type="global" contextid="0" timestamp="2019-07-02T23:53:51.711" intervalms="1978.130" />
  <attribute name="GC Util" value="170" />
  <attribute name="CPU Util" value="2767417448182" />
  <attribute name="Time Running"value="55595"/>
  <attribute name="Number of cores"value="4"/>
<gc-start id="399" type="global" contextid="398" timestamp="2019-07-02T23:53:51.711">
  <mem-info id="400" free="119808" total="11993088" percent="0">
    <mem type="tenure" free="119808" total="11993088" percent="0">
      <mem type="soa" free="0" total="11873280" percent="0" />
      <mem type="loa" free="119808" total="119808" percent="100" />
    </mem>
  </mem-info>
</gc-start>
<allocation-stats totalBytes="3514128" >
  <allocated-bytes non-tlh="0" tlh="3514128" />
  <largest-consumer threadName="node-12" threadId="000000000115D500" bytes="223352" />
</allocation-stats>
<gc-op id="401" type="mark" timems="6.313" contextid="398" timestamp="2019-07-02T23:53:51.717">
  <trace-info objectcount="144755" scancount="135239" scanbytes="5300540" />
  <finalization candidates="18" enqueued="0" />
  <references type="soft" candidates="45" cleared="0" enqueued="0" dynamicThreshold="9" maxThreshold="32" />
  <references type="weak" candidates="165" cleared="0" enqueued="0" />
  <references type="phantom" candidates="57" cleared="0" enqueued="0" />
  <stringconstants candidates="3825" cleared="0"  />
</gc-op>
<gc-op id="402" type="sweep" timems="1.491" contextid="398" timestamp="2019-07-02T23:53:51.719" />
<gc-end id="403" type="global" contextid="398" durationms="8.326" usertimems="16.000" systemtimems="0.000" timestamp="2019-07-02T23:53:51.719" activeThreads="4">
  <mem-info id="404" free="3645648" total="11993088" percent="30">
    <mem type="tenure" free="3645648" total="11993088" percent="30" micro-fragmented="1324780" macro-fragmented="9100">
      <mem type="soa" free="3525840" total="11873280" percent="29" />
      <mem type="loa" free="119808" total="119808" percent="100" />
    </mem>
  </mem-info>
</gc-end>
<cycle-end id="405" type="global" contextid="398" timestamp="2019-07-02T23:53:51.720">
  <attribute name="GC Util" value="164" />
  <attribute name="CPU Util" value="2857298377596" />
  <attribute name="Time Running"value="57573"/>
  <attribute name="Number of cores"value="4"/>
</cycle-end>
<allocation-satisfied id="406" threadId="000000000117F000" bytesRequested="32" />
<af-end id="407" timestamp="2019-07-02T23:53:51.720" threadId="000000000117F988" success="true" />
<exclusive-end id="408" timestamp="2019-07-02T23:53:51.720" durationms="9.321" />

<exclusive-start id="409" timestamp="2019-07-02T23:53:53.729" intervalms="2018.320">
  <response-info timems="0.066" idlems="0.066" threads="0" lastid="0000000001177800" lastname="node-7" />
</exclusive-start>
<af-start id="410" threadId="0000000001178188" totalBytesRequested="32" timestamp="2019-07-02T23:53:53.729" intervalms="2018.291" />
<cycle-start id="411" type="global" contextid="0" timestamp="2019-07-02T23:53:53.729" intervalms="2018.265" />
  <attribute name="GC Util" value="164" />
  <attribute name="CPU Util" value="2857298377596" />
  <attribute name="Time Running"value="57573"/>
  <attribute name="Number of cores"value="4"/>
<gc-start id="412" type="global" contextid="411" timestamp="2019-07-02T23:53:53.729">
  <mem-info id="413" free="119808" total="11993088" percent="0">
    <mem type="tenure" free="119808" total="11993088" percent="0">
      <mem type="soa" free="0" total="11873280" percent="0" />
      <mem type="loa" free="119808" total="119808" percent="100" />
    </mem>
  </mem-info>
</gc-start>
<allocation-stats totalBytes="3520392" >
  <allocated-bytes non-tlh="0" tlh="3520392" />
  <largest-consumer threadName="node-13" threadId="000000000118A400" bytes="211824" />
</allocation-stats>
<gc-op id="414" type="mark" timems="5.053" contextid="411" timestamp="2019-07-02T23:53:53.735">
  <trace-info objectcount="144697" scancount="135209" scanbytes="5299724" />
  <finalization candidates="18" enqueued="0" />
  <references type="soft" candidates="45" cleared="0" enqueued="0" dynamicThreshold="9" maxThreshold="32" />
  <references type="weak" candidates="165" cleared="0" enqueued="0" />
  <references type="phantom" candidates="57" cleared="0" enqueued="0" />
  <stringconstants candidates="3825" cleared="0"  />
</gc-op>
<gc-op id="415" type="sweep" timems="0.782" contextid="411" timestamp="2019-07-02T23:53:53.736" />
<gc-end id="416" type="global" contextid="411" durationms="6.413" usertimems="12.000" systemtimems="0.000" timestamp="2019-07-02T23:53:53.736" activeThreads="4">
  <mem-info id="417" free="3648752" total="11993088" percent="30">
    <mem type="tenure" free="3648752" total="11993088" percent="30" micro-fragmented="1324251" macro-fragmented="32800">
      <mem type="soa" free="3528944" total="11873280" percent="29" />
      <mem type="loa" free="119808" total="119808" percent="100" />
    </mem>
  </mem-info>
</gc-end>
<cycle-end id="418" type="global" contextid="411" timestamp="2019-07-02T23:53:53.736">
  <attribute name="GC Util" value="181" />
  <attribute name="CPU Util" value="3560418230988" />
  <attribute name="Time Running"value="59590"/>
  <attribute name="Number of cores"value="4"/>
</cycle-end>
<allocation-satisfied id="419" threadId="0000000001177800" bytesRequested="32" />
<af-end id="420" timestamp="2019-07-02T23:53:53.736" threadId="0000000001178188" success="true" />
<exclusive-end id="421" timestamp="2019-07-02T23:53:53.736" durationms="7.361" />

<exclusive-start id="422" timestamp="2019-07-02T23:53:55.793" intervalms="2063.885">
  <response-info timems="0.032" idlems="0.032" threads="0" lastid="00000000011A4700" lastname="node-4" />
</exclusive-start>
<af-start id="423" threadId="00000000011A5088" totalBytesRequested="32" timestamp="2019-07-02T23:53:55.793" intervalms="2064.010" />
<cycle-start id="424" type="global" contextid="0" timestamp="2019-07-02T23:53:55.793" intervalms="2064.061" />
  <attribute name="GC Util" value="181" />
  <attribute name="CPU Util" value="3560418230988" />
  <attribute name="Time Running"value="59590"/>
  <attribute name="Number of cores"value="4"/>
<gc-start id="425" type="global" contextid="424" timestamp="2019-07-02T23:53:55.793">
  <mem-info id="426" free="119808" total="11993088" percent="0">
    <mem type="tenure" free="119808" total="11993088" percent="0">
      <mem type="soa" free="0" total="11873280" percent="0" />
      <mem type="loa" free="119808" total="119808" percent="100" />
    </mem>
  </mem-info>
</gc-start>
<allocation-stats totalBytes="3522240" >
  <allocated-bytes non-tlh="0" tlh="3522240" />
  <largest-consumer threadName="node-9" threadId="0000000001199300" bytes="219640" />
</allocation-stats>
<gc-op id="427" type="mark" timems="3.013" contextid="424" timestamp="2019-07-02T23:53:55.797">
  <trace-info objectcount="144685" scancount="135186" scanbytes="5299188" />
  <finalization candidates="18" enqueued="0" />
  <references type="soft" candidates="45" cleared="0" enqueued="0" dynamicThreshold="9" maxThreshold="32" />
  <references type="weak" candidates="165" cleared="0" enqueued="0" />
  <references type="phantom" candidates="57" cleared="0" enqueued="0" />
  <stringconstants candidates="3825" cleared="0"  />
</gc-op>
<gc-op id="428" type="sweep" timems="0.306" contextid="424" timestamp="2019-07-02T23:53:55.797" />
<gc-end id="429" type="global" contextid="424" durationms="3.826" usertimems="4.000" systemtimems="4.000" timestamp="2019-07-02T23:53:55.797" activeThreads="4">
  <mem-info id="430" free="3647744" total="11993088" percent="30">
    <mem type="tenure" free="3647744" total="11993088" percent="30" micro-fragmented="1324383" macro-fragmented="0">
      <mem type="soa" free="3527936" total="11873280" percent="29" />
      <mem type="loa" free="119808" total="119808" percent="100" />
    </mem>
  </mem-info>
</gc-end>
<cycle-end id="431" type="global" contextid="424" timestamp="2019-07-02T23:53:55.797">
  <attribute name="GC Util" value="175" />
  <attribute name="CPU Util" value="5939773282325" />
  <attribute name="Time Running"value="61652"/>
  <attribute name="Number of cores"value="4"/>
</cycle-end>
<allocation-satisfied id="432" threadId="00000000011A4700" bytesRequested="32" />
<af-end id="433" timestamp="2019-07-02T23:53:55.798" threadId="00000000011A5088" success="true" />
<exclusive-end id="434" timestamp="2019-07-02T23:53:55.798" durationms="4.880" />

<exclusive-start id="435" timestamp="2019-07-02T23:53:57.690" intervalms="1897.288">
  <response-info timems="0.030" idlems="0.030" threads="0" lastid="0000000001170100" lastname="node-1" />
</exclusive-start>
<af-start id="436" threadId="0000000001170A88" totalBytesRequested="32" timestamp="2019-07-02T23:53:57.690" intervalms="1897.244" />
<cycle-start id="437" type="global" contextid="0" timestamp="2019-07-02T23:53:57.690" intervalms="1897.255" />
  <attribute name="GC Util" value="175" />
  <attribute name="CPU Util" value="5939773282325" />
  <attribute name="Time Running"value="61652"/>
  <attribute name="Number of cores"value="4"/>
<gc-start id="438" type="global" contextid="437" timestamp="2019-07-02T23:53:57.691">
  <mem-info id="439" free="119808" total="11993088" percent="0">
    <mem type="tenure" free="119808" total="11993088" percent="0">
      <mem type="soa" free="0" total="11873280" percent="0" />
      <mem type="loa" free="119808" total="119808" percent="100" />
    </mem>
  </mem-info>
</gc-start>
<allocation-stats totalBytes="3520240" >
  <allocated-bytes non-tlh="0" tlh="3520240" />
  <largest-consumer threadName="node-19" threadId="00000000011AFB00" bytes="217464" />
</allocation-stats>
<gc-op id="440" type="mark" timems="5.825" contextid="437" timestamp="2019-07-02T23:53:57.697">
  <trace-info objectcount="144650" scancount="135161" scanbytes="5298596" />
  <finalization candidates="18" enqueued="0" />
  <references type="soft" candidates="45" cleared="0" enqueued="0" dynamicThreshold="9" maxThreshold="32" />
  <references type="weak" candidates="165" cleared="0" enqueued="0" />
  <references type="phantom" candidates="57" cleared="0" enqueued="0" />
  <stringconstants candidates="3825" cleared="0"  />
</gc-op>
<gc-op id="441" type="sweep" timems="1.465" contextid="437" timestamp="2019-07-02T23:53:57.698" />
<gc-end id="442" type="global" contextid="437" durationms="7.937" usertimems="12.000" systemtimems="0.000" timestamp="2019-07-02T23:53:57.699" activeThreads="4">
  <mem-info id="443" free="3651488" total="11993088" percent="30">
    <mem type="tenure" free="3651488" total="11993088" percent="30" micro-fragmented="1324119" macro-fragmented="0">
      <mem type="soa" free="3531680" total="11873280" percent="29" />
      <mem type="loa" free="119808" total="119808" percent="100" />
    </mem>
  </mem-info>
</gc-end>
<cycle-end id="444" type="global" contextid="437" timestamp="2019-07-02T23:53:57.699">
  <attribute name="GC Util" value="169" />
  <attribute name="CPU Util" value="3095335896041" />
  <attribute name="Time Running"value="63552"/>
  <attribute name="Number of cores"value="4"/>
</cycle-end>
<allocation-satisfied id="445" threadId="0000000001170100" bytesRequested="32" />
<af-end id="446" timestamp="2019-07-02T23:53:57.699" threadId="0000000001170A88" success="true" />
<exclusive-end id="447" timestamp="2019-07-02T23:53:57.699" durationms="8.942" />

<exclusive-start id="448" timestamp="2019-07-02T23:53:59.518" intervalms="1827.501">
  <response-info timems="0.089" idlems="0.085" threads="2" lastid="0000000001191C00" lastname="node-15" />
</exclusive-start>
<af-start id="449" threadId="000000000118AD88" totalBytesRequested="16" timestamp="2019-07-02T23:53:59.518" intervalms="1827.528" />
<cycle-start id="450" type="global" contextid="0" timestamp="2019-07-02T23:53:59.518" intervalms="1827.528" />
  <attribute name="GC Util" value="169" />
  <attribute name="CPU Util" value="3095335896041" />
  <attribute name="Time Running"value="63552"/>
  <attribute name="Number of cores"value="4"/>
<gc-start id="451" type="global" contextid="450" timestamp="2019-07-02T23:53:59.518">
  <mem-info id="452" free="119808" total="11993088" percent="0">
    <mem type="tenure" free="119808" total="11993088" percent="0">
      <mem type="soa" free="0" total="11873280" percent="0" />
      <mem type="loa" free="119808" total="119808" percent="100" />
    </mem>
  </mem-info>
</gc-start>
<allocation-stats totalBytes="3523736" >
  <allocated-bytes non-tlh="0" tlh="3523736" />
  <largest-consumer threadName="node-5" threadId="0000000001164D00" bytes="219448" />
</allocation-stats>
<gc-op id="453" type="mark" timems="3.269" contextid="450" timestamp="2019-07-02T23:53:59.522">
  <trace-info objectcount="144718" scancount="135196" scanbytes="5299188" />
  <finalization candidates="18" enqueued="0" />
  <references type="soft" candidates="45" cleared="0" enqueued="0" dynamicThreshold="9" maxThreshold="32" />
  <references type="weak" candidates="165" cleared="0" enqueued="0" />
  <references type="phantom" candidates="57" cleared="0" enqueued="0" />
  <stringconstants candidates="3825" cleared="0"  />
</gc-op>
<gc-op id="454" type="sweep" timems="0.338" contextid="450" timestamp="2019-07-02T23:53:59.522" />
<gc-end id="455" type="global" contextid="450" durationms="3.905" usertimems="8.000" systemtimems="0.000" timestamp="2019-07-02T23:53:59.522" activeThreads="4">
  <mem-info id="456" free="3615168" total="11993088" percent="30">
    <mem type="tenure" free="3615168" total="11993088" percent="30" micro-fragmented="1323846" macro-fragmented="0">
      <mem type="soa" free="3495360" total="11873280" percent="29" />
      <mem type="loa" free="119808" total="119808" percent="100" />
    </mem>
  </mem-info>
</gc-end>
<cycle-end id="457" type="global" contextid="450" timestamp="2019-07-02T23:53:59.522">
  <attribute name="GC Util" value="172" />
  <attribute name="CPU Util" value="5557676124737" />
  <attribute name="Time Running"value="65377"/>
  <attribute name="Number of cores"value="4"/>
</cycle-end>
<allocation-satisfied id="458" threadId="000000000118A400" bytesRequested="16" />
<af-end id="459" timestamp="2019-07-02T23:53:59.522" threadId="000000000118AD88" success="true" />
<exclusive-end id="460" timestamp="2019-07-02T23:53:59.522" durationms="4.723" />

<exclusive-start id="461" timestamp="2019-07-02T23:54:01.644" intervalms="2126.114">
  <response-info timems="0.035" idlems="0.035" threads="0" lastid="00000000011AFB00" lastname="node-19" />
</exclusive-start>
<af-start id="462" threadId="00000000011B0488" totalBytesRequested="16" timestamp="2019-07-02T23:54:01.644" intervalms="2126.035" />
<cycle-start id="463" type="global" contextid="0" timestamp="2019-07-02T23:54:01.644" intervalms="2125.965" />
  <attribute name="GC Util" value="172" />
  <attribute name="CPU Util" value="5557676124737" />
  <attribute name="Time Running"value="65377"/>
  <attribute name="Number of cores"value="4"/>
<gc-start id="464" type="global" contextid="463" timestamp="2019-07-02T23:54:01.644">
  <mem-info id="465" free="119808" total="11993088" percent="0">
    <mem type="tenure" free="119808" total="11993088" percent="0">
      <mem type="soa" free="0" total="11873280" percent="0" />
      <mem type="loa" free="119808" total="119808" percent="100" />
    </mem>
  </mem-info>
</gc-start>
<allocation-stats totalBytes="3482136" >
  <allocated-bytes non-tlh="4000" tlh="3478136" />
  <largest-consumer threadName="node-9" threadId="0000000001199300" bytes="225568" />
</allocation-stats>
<gc-op id="466" type="mark" timems="3.193" contextid="463" timestamp="2019-07-02T23:54:01.647">
  <trace-info objectcount="144666" scancount="135155" scanbytes="5297972" />
  <finalization candidates="18" enqueued="0" />
  <references type="soft" candidates="45" cleared="0" enqueued="0" dynamicThreshold="9" maxThreshold="32" />
  <references type="weak" candidates="165" cleared="0" enqueued="0" />
  <references type="phantom" candidates="57" cleared="0" enqueued="0" />
  <stringconstants candidates="3825" cleared="0"  />
</gc-op>
<gc-op id="467" type="sweep" timems="0.342" contextid="463" timestamp="2019-07-02T23:54:01.648" />
<gc-end id="468" type="global" contextid="463" durationms="3.903" usertimems="12.000" systemtimems="0.000" timestamp="2019-07-02T23:54:01.648" activeThreads="4">
  <mem-info id="469" free="3630064" total="11993088" percent="30">
    <mem type="tenure" free="3630064" total="11993088" percent="30" micro-fragmented="1324664" macro-fragmented="0">
      <mem type="soa" free="3510256" total="11873280" percent="29" />
      <mem type="loa" free="119808" total="119808" percent="100" />
    </mem>
  </mem-info>
</gc-end>
<cycle-end id="470" type="global" contextid="463" timestamp="2019-07-02T23:54:01.648">
  <attribute name="GC Util" value="175" />
  <attribute name="CPU Util" value="5669276849834" />
  <attribute name="Time Running"value="67503"/>
  <attribute name="Number of cores"value="4"/>
</cycle-end>
<allocation-satisfied id="471" threadId="00000000011AFB00" bytesRequested="16" />
<af-end id="472" timestamp="2019-07-02T23:54:01.648" threadId="00000000011B0488" success="true" />
<exclusive-end id="473" timestamp="2019-07-02T23:54:01.648" durationms="4.670" />

<exclusive-start id="474" timestamp="2019-07-02T23:54:03.684" intervalms="2040.051">
  <response-info timems="0.029" idlems="0.029" threads="0" lastid="0000000001173C00" lastname="node-25" />
</exclusive-start>
<af-start id="475" threadId="0000000001174588" totalBytesRequested="720" timestamp="2019-07-02T23:54:03.684" intervalms="2040.033" />
<cycle-start id="476" type="global" contextid="0" timestamp="2019-07-02T23:54:03.684" intervalms="2040.025" />
  <attribute name="GC Util" value="175" />
  <attribute name="CPU Util" value="5669276849834" />
  <attribute name="Time Running"value="67503"/>
  <attribute name="Number of cores"value="4"/>
<gc-start id="477" type="global" contextid="476" timestamp="2019-07-02T23:54:03.684">
  <mem-info id="478" free="119808" total="11993088" percent="0">
    <mem type="tenure" free="119808" total="11993088" percent="0">
      <mem type="soa" free="0" total="11873280" percent="0" />
      <mem type="loa" free="119808" total="119808" percent="100" />
    </mem>
  </mem-info>
</gc-start>
<allocation-stats totalBytes="3501192" >
  <allocated-bytes non-tlh="0" tlh="3501192" />
  <largest-consumer threadName="node-10" threadId="0000000001155D00" bytes="214968" />
</allocation-stats>
<gc-op id="479" type="mark" timems="4.509" contextid="476" timestamp="2019-07-02T23:54:03.689">
  <trace-info objectcount="144642" scancount="135125" scanbytes="5297412" />
  <finalization candidates="18" enqueued="0" />
  <references type="soft" candidates="45" cleared="0" enqueued="0" dynamicThreshold="9" maxThreshold="32" />
  <references type="weak" candidates="165" cleared="0" enqueued="0" />
  <references type="phantom" candidates="57" cleared="0" enqueued="0" />
  <stringconstants candidates="3825" cleared="0"  />
</gc-op>
<gc-op id="480" type="sweep" timems="0.513" contextid="476" timestamp="2019-07-02T23:54:03.689" />
<gc-end id="481" type="global" contextid="476" durationms="5.409" usertimems="12.000" systemtimems="0.000" timestamp="2019-07-02T23:54:03.689" activeThreads="4">
  <mem-info id="482" free="3622088" total="11993088" percent="30">
    <mem type="tenure" free="3622088" total="11993088" percent="30" micro-fragmented="1321867" macro-fragmented="0">
      <mem type="soa" free="3502280" total="11873280" percent="29" />
      <mem type="loa" free="119808" total="119808" percent="100" />
    </mem>
  </mem-info>
</gc-end>
<cycle-end id="483" type="global" contextid="476" timestamp="2019-07-02T23:54:03.690">
  <attribute name="GC Util" value="184" />
  <attribute name="CPU Util" value="4038838377287" />
  <attribute name="Time Running"value="69544"/>
  <attribute name="Number of cores"value="4"/>
</cycle-end>
<allocation-satisfied id="484" threadId="0000000001173C00" bytesRequested="720" />
<af-end id="485" timestamp="2019-07-02T23:54:03.690" threadId="0000000001174588" success="true" />
<exclusive-end id="486" timestamp="2019-07-02T23:54:03.690" durationms="6.241" />

<exclusive-start id="487" timestamp="2019-07-02T23:54:05.980" intervalms="2295.823">
  <response-info timems="0.039" idlems="0.039" threads="0" lastid="0000000001159900" lastname="node-21" />
</exclusive-start>
<af-start id="488" threadId="000000000115A288" totalBytesRequested="24" timestamp="2019-07-02T23:54:05.980" intervalms="2295.829" />
<cycle-start id="489" type="global" contextid="0" timestamp="2019-07-02T23:54:05.980" intervalms="2295.827" />
  <attribute name="GC Util" value="184" />
  <attribute name="CPU Util" value="4038838377287" />
  <attribute name="Time Running"value="69544"/>
  <attribute name="Number of cores"value="4"/>
<gc-start id="490" type="global" contextid="489" timestamp="2019-07-02T23:54:05.980">
  <mem-info id="491" free="119808" total="11993088" percent="0">
    <mem type="tenure" free="119808" total="11993088" percent="0">
      <mem type="soa" free="0" total="11873280" percent="0" />
      <mem type="loa" free="119808" total="119808" percent="100" />
    </mem>
  </mem-info>
</gc-start>
<allocation-stats totalBytes="3489456" >
  <allocated-bytes non-tlh="0" tlh="3489456" />
  <largest-consumer threadName="node-7" threadId="0000000001177800" bytes="219240" />
</allocation-stats>
<gc-op id="492" type="mark" timems="4.443" contextid="489" timestamp="2019-07-02T23:54:05.984">
  <trace-info objectcount="144594" scancount="135083" scanbytes="5296764" />
  <finalization candidates="18" enqueued="0" />
  <references type="soft" candidates="45" cleared="0" enqueued="0" dynamicThreshold="9" maxThreshold="32" />
  <references type="weak" candidates="165" cleared="0" enqueued="0" />
  <references type="phantom" candidates="57" cleared="0" enqueued="0" />
  <stringconstants candidates="3825" cleared="0"  />
</gc-op>
<gc-op id="493" type="sweep" timems="0.288" contextid="489" timestamp="2019-07-02T23:54:05.985" />
<gc-end id="494" type="global" contextid="489" durationms="5.114" usertimems="8.000" systemtimems="0.000" timestamp="2019-07-02T23:54:05.985" activeThreads="4">
  <mem-info id="495" free="3644632" total="11993088" percent="30">
    <mem type="tenure" free="3644632" total="11993088" percent="30" micro-fragmented="1325442" macro-fragmented="0">
      <mem type="soa" free="3524824" total="11873280" percent="29" />
      <mem type="loa" free="119808" total="119808" percent="100" />
    </mem>
  </mem-info>
</gc-end>
<cycle-end id="496" type="global" contextid="489" timestamp="2019-07-02T23:54:05.985">
  <attribute name="GC Util" value="181" />
  <attribute name="CPU Util" value="4056366405410" />
  <attribute name="Time Running"value="71840"/>
  <attribute name="Number of cores"value="4"/>
</cycle-end>
<allocation-satisfied id="497" threadId="0000000001159900" bytesRequested="24" />
<af-end id="498" timestamp="2019-07-02T23:54:05.985" threadId="000000000115A288" success="true" />
<exclusive-end id="499" timestamp="2019-07-02T23:54:05.985" durationms="5.761" />

<exclusive-start id="500" timestamp="2019-07-02T23:54:07.985" intervalms="2004.948">
  <response-info timems="0.092" idlems="0.092" threads="0" lastid="0000000001173C00" lastname="node-25" />
</exclusive-start>
<af-start id="501" threadId="0000000001174588" totalBytesRequested="16" timestamp="2019-07-02T23:54:07.985" intervalms="2005.057" />
<cycle-start id="502" type="global" contextid="0" timestamp="2019-07-02T23:54:07.985" intervalms="2005.192" />
  <attribute name="GC Util" value="181" />
  <attribute name="CPU Util" value="4056366405410" />
  <attribute name="Time Running"value="71840"/>
  <attribute name="Number of cores"value="4"/>
<gc-start id="503" type="global" contextid="502" timestamp="2019-07-02T23:54:07.985">
  <mem-info id="504" free="119808" total="11993088" percent="0">
    <mem type="tenure" free="119808" total="11993088" percent="0">
      <mem type="soa" free="0" total="11873280" percent="0" />
      <mem type="loa" free="119808" total="119808" percent="100" />
    </mem>
  </mem-info>
</gc-start>
<allocation-stats totalBytes="3515408" >
  <allocated-bytes non-tlh="0" tlh="3515408" />
  <largest-consumer threadName="node-7" threadId="0000000001177800" bytes="221280" />
</allocation-stats>
<gc-op id="505" type="mark" timems="6.258" contextid="502" timestamp="2019-07-02T23:54:07.992">
  <trace-info objectcount="144575" scancount="135063" scanbytes="5296196" />
  <finalization candidates="18" enqueued="0" />
  <references type="soft" candidates="45" cleared="0" enqueued="0" dynamicThreshold="9" maxThreshold="32" />
  <references type="weak" candidates="165" cleared="0" enqueued="0" />
  <references type="phantom" candidates="57" cleared="0" enqueued="0" />
  <stringconstants candidates="3825" cleared="0"  />
</gc-op>
<gc-op id="506" type="sweep" timems="1.574" contextid="502" timestamp="2019-07-02T23:54:07.994" />
<gc-end id="507" type="global" contextid="502" durationms="8.641" usertimems="12.000" systemtimems="0.000" timestamp="2019-07-02T23:54:07.994" activeThreads="4">
  <mem-info id="508" free="3641472" total="11993088" percent="30">
    <mem type="tenure" free="3641472" total="11993088" percent="30" micro-fragmented="1324516" macro-fragmented="0">
      <mem type="soa" free="3521664" total="11873280" percent="29" />
      <mem type="loa" free="119808" total="119808" percent="100" />
    </mem>
  </mem-info>
</gc-end>
<cycle-end id="509" type="global" contextid="502" timestamp="2019-07-02T23:54:07.994">
  <attribute name="GC Util" value="163" />
  <attribute name="CPU Util" value="2852440044999" />
  <attribute name="Time Running"value="73847"/>
  <attribute name="Number of cores"value="4"/>
</cycle-end>
<allocation-satisfied id="510" threadId="0000000001173C00" bytesRequested="16" />
<af-end id="511" timestamp="2019-07-02T23:54:07.994" threadId="0000000001174588" success="true" />
<exclusive-end id="512" timestamp="2019-07-02T23:54:07.994" durationms="9.873" />

<exclusive-start id="513" timestamp="2019-07-02T23:54:09.661" intervalms="1676.371">
  <response-info timems="0.037" idlems="0.037" threads="0" lastid="0000000001177800" lastname="node-7" />
</exclusive-start>
<af-start id="514" threadId="0000000001178188" totalBytesRequested="32" timestamp="2019-07-02T23:54:09.661" intervalms="1676.258" />
<cycle-start id="515" type="global" contextid="0" timestamp="2019-07-02T23:54:09.661" intervalms="1676.127" />
  <attribute name="GC Util" value="163" />
  <attribute name="CPU Util" value="2852440044999" />
  <attribute name="Time Running"value="73847"/>
  <attribute name="Number of cores"value="4"/>
<gc-start id="516" type="global" contextid="515" timestamp="2019-07-02T23:54:09.661">
  <mem-info id="517" free="119808" total="11993088" percent="0">
    <mem type="tenure" free="119808" total="11993088" percent="0">
      <mem type="soa" free="0" total="11873280" percent="0" />
      <mem type="loa" free="119808" total="119808" percent="100" />
    </mem>
  </mem-info>
</gc-start>
<allocation-stats totalBytes="3506264" >
  <allocated-bytes non-tlh="0" tlh="3506264" />
  <largest-consumer threadName="node-13" threadId="000000000118A400" bytes="234224" />
</allocation-stats>
<gc-op id="518" type="mark" timems="5.183" contextid="515" timestamp="2019-07-02T23:54:09.667">
  <trace-info objectcount="144543" scancount="135044" scanbytes="5295532" />
  <finalization candidates="18" enqueued="0" />
  <references type="soft" candidates="45" cleared="0" enqueued="0" dynamicThreshold="9" maxThreshold="32" />
  <references type="weak" candidates="165" cleared="0" enqueued="0" />
  <references type="phantom" candidates="57" cleared="0" enqueued="0" />
  <stringconstants candidates="3825" cleared="0"  />
</gc-op>
<gc-op id="519" type="sweep" timems="0.767" contextid="515" timestamp="2019-07-02T23:54:09.668" />
<gc-end id="520" type="global" contextid="515" durationms="6.521" usertimems="12.000" systemtimems="0.000" timestamp="2019-07-02T23:54:09.668" activeThreads="4">
  <mem-info id="521" free="3649136" total="11993088" percent="30">
    <mem type="tenure" free="3649136" total="11993088" percent="30" micro-fragmented="1324119" macro-fragmented="0">
      <mem type="soa" free="3529328" total="11873280" percent="29" />
      <mem type="loa" free="119808" total="119808" percent="100" />
    </mem>
  </mem-info>
</gc-end>
<cycle-end id="522" type="global" contextid="515" timestamp="2019-07-02T23:54:09.668">
  <attribute name="GC Util" value="180" />
  <attribute name="CPU Util" value="3392177128823" />
  <attribute name="Time Running"value="75522"/>
  <attribute name="Number of cores"value="4"/>
</cycle-end>
<allocation-satisfied id="523" threadId="0000000001177800" bytesRequested="32" />
<af-end id="524" timestamp="2019-07-02T23:54:09.668" threadId="0000000001178188" success="true" />
<exclusive-end id="525" timestamp="2019-07-02T23:54:09.668" durationms="7.279" />

<exclusive-start id="526" timestamp="2019-07-02T23:54:11.851" intervalms="2189.847">
  <response-info timems="0.035" idlems="0.035" threads="0" lastid="000000000117F000" lastname="node-23" />
</exclusive-start>
<af-start id="527" threadId="000000000117F988" totalBytesRequested="32" timestamp="2019-07-02T23:54:11.851" intervalms="2189.908" />
<cycle-start id="528" type="global" contextid="0" timestamp="2019-07-02T23:54:11.851" intervalms="2189.924" />
  <attribute name="GC Util" value="180" />
  <attribute name="CPU Util" value="3392177128823" />
  <attribute name="Time Running"value="75522"/>
  <attribute name="Number of cores"value="4"/>
<gc-start id="529" type="global" contextid="528" timestamp="2019-07-02T23:54:11.851">
  <mem-info id="530" free="119808" total="11993088" percent="0">
    <mem type="tenure" free="119808" total="11993088" percent="0">
      <mem type="soa" free="0" total="11873280" percent="0" />
      <mem type="loa" free="119808" total="119808" percent="100" />
    </mem>
  </mem-info>
</gc-start>
<allocation-stats totalBytes="3515400" >
  <allocated-bytes non-tlh="0" tlh="3515400" />
  <largest-consumer threadName="node-12" threadId="000000000115D500" bytes="222496" />
</allocation-stats>
<gc-op id="531" type="mark" timems="5.120" contextid="528" timestamp="2019-07-02T23:54:11.856">
  <trace-info objectcount="144476" scancount="135010" scanbytes="5294420" />
  <finalization candidates="18" enqueued="0" />
  <references type="soft" candidates="45" cleared="0" enqueued="0" dynamicThreshold="9" maxThreshold="32" />
  <references type="weak" candidates="165" cleared="0" enqueued="0" />
  <references type="phantom" candidates="57" cleared="0" enqueued="0" />
  <stringconstants candidates="3825" cleared="0"  />
</gc-op>
<gc-op id="532" type="sweep" timems="0.776" contextid="528" timestamp="2019-07-02T23:54:11.857" />
<gc-end id="533" type="global" contextid="528" durationms="6.293" usertimems="12.000" systemtimems="0.000" timestamp="2019-07-02T23:54:11.857" activeThreads="4">
  <mem-info id="534" free="3656352" total="11993088" percent="30">
    <mem type="tenure" free="3656352" total="11993088" percent="30" micro-fragmented="1322663" macro-fragmented="0">
      <mem type="soa" free="3536544" total="11873280" percent="29" />
      <mem type="loa" free="119808" total="119808" percent="100" />
    </mem>
  </mem-info>
</gc-end>
<cycle-end id="535" type="global" contextid="528" timestamp="2019-07-02T23:54:11.858">
  <attribute name="GC Util" value="177" />
  <attribute name="CPU Util" value="3521086638960" />
  <attribute name="Time Running"value="77712"/>
  <attribute name="Number of cores"value="4"/>
</cycle-end>
<allocation-satisfied id="536" threadId="000000000117F000" bytesRequested="32" />
<af-end id="537" timestamp="2019-07-02T23:54:11.858" threadId="000000000117F988" success="true" />
<exclusive-end id="538" timestamp="2019-07-02T23:54:11.858" durationms="6.850" />

<exclusive-start id="539" timestamp="2019-07-02T23:54:13.682" intervalms="1830.733">
  <response-info timems="0.465" idlems="0.286" threads="3" lastid="0000000001173C00" lastname="node-25" />
</exclusive-start>
<af-start id="540" threadId="0000000001178188" totalBytesRequested="32" timestamp="2019-07-02T23:54:13.682" intervalms="1830.697" />
<cycle-start id="541" type="global" contextid="0" timestamp="2019-07-02T23:54:13.682" intervalms="1830.732" />
  <attribute name="GC Util" value="177" />
  <attribute name="CPU Util" value="3521086638960" />
  <attribute name="Time Running"value="77712"/>
  <attribute name="Number of cores"value="4"/>
<gc-start id="542" type="global" contextid="541" timestamp="2019-07-02T23:54:13.682">
  <mem-info id="543" free="119808" total="11993088" percent="0">
    <mem type="tenure" free="119808" total="11993088" percent="0">
      <mem type="soa" free="0" total="11873280" percent="0" />
      <mem type="loa" free="119808" total="119808" percent="100" />
    </mem>
  </mem-info>
</gc-start>
<allocation-stats totalBytes="3530680" >
  <allocated-bytes non-tlh="0" tlh="3530680" />
  <largest-consumer threadName="node-24" threadId="000000000118E000" bytes="220048" />
</allocation-stats>
<gc-op id="544" type="mark" timems="3.217" contextid="541" timestamp="2019-07-02T23:54:13.685">
  <trace-info objectcount="144450" scancount="134993" scanbytes="5293796" />
  <finalization candidates="18" enqueued="0" />
  <references type="soft" candidates="45" cleared="0" enqueued="0" dynamicThreshold="9" maxThreshold="32" />
  <references type="weak" candidates="165" cleared="0" enqueued="0" />
  <references type="phantom" candidates="57" cleared="0" enqueued="0" />
  <stringconstants candidates="3825" cleared="0"  />
</gc-op>
<gc-op id="545" type="sweep" timems="0.376" contextid="541" timestamp="2019-07-02T23:54:13.686" />
<gc-end id="546" type="global" contextid="541" durationms="4.041" usertimems="4.000" systemtimems="4.000" timestamp="2019-07-02T23:54:13.686" activeThreads="4">
  <mem-info id="547" free="3654416" total="11993088" percent="30">
    <mem type="tenure" free="3654416" total="11993088" percent="30" micro-fragmented="1323854" macro-fragmented="0">
      <mem type="soa" free="3534608" total="11873280" percent="29" />
      <mem type="loa" free="119808" total="119808" percent="100" />
    </mem>
  </mem-info>
</gc-end>
<cycle-end id="548" type="global" contextid="541" timestamp="2019-07-02T23:54:13.686">
  <attribute name="GC Util" value="172" />
  <attribute name="CPU Util" value="5537941302216" />
  <attribute name="Time Running"value="79541"/>
  <attribute name="Number of cores"value="4"/>
</cycle-end>
<allocation-satisfied id="549" threadId="0000000001177800" bytesRequested="32" />
<af-end id="550" timestamp="2019-07-02T23:54:13.686" threadId="0000000001178188" success="true" />
<exclusive-end id="551" timestamp="2019-07-02T23:54:13.686" durationms="4.791" />

<exclusive-start id="552" timestamp="2019-07-02T23:54:15.898" intervalms="2216.661">
  <response-info timems="0.214" idlems="0.192" threads="1" lastid="0000000001177800" lastname="node-7" />
</exclusive-start>
<af-start id="553" threadId="0000000001196188" totalBytesRequested="32" timestamp="2019-07-02T23:54:15.898" intervalms="2216.640" />
<cycle-start id="554" type="global" contextid="0" timestamp="2019-07-02T23:54:15.898" intervalms="2216.583" />
  <attribute name="GC Util" value="172" />
  <attribute name="CPU Util" value="5537941302216" />
  <attribute name="Time Running"value="79541"/>
  <attribute name="Number of cores"value="4"/>
<gc-start id="555" type="global" contextid="554" timestamp="2019-07-02T23:54:15.898">
  <mem-info id="556" free="119808" total="11993088" percent="0">
    <mem type="tenure" free="119808" total="11993088" percent="0">
      <mem type="soa" free="0" total="11873280" percent="0" />
      <mem type="loa" free="119808" total="119808" percent="100" />
    </mem>
  </mem-info>
</gc-start>
<allocation-stats totalBytes="3526640" >
  <allocated-bytes non-tlh="0" tlh="3526640" />
  <largest-consumer threadName="node-7" threadId="0000000001177800" bytes="223872" />
</allocation-stats>
<gc-op id="557" type="mark" timems="3.228" contextid="554" timestamp="2019-07-02T23:54:15.902">
  <trace-info objectcount="144455" scancount="134952" scanbytes="5293340" />
  <finalization candidates="18" enqueued="0" />
  <references type="soft" candidates="45" cleared="0" enqueued="0" dynamicThreshold="9" maxThreshold="32" />
  <references type="weak" candidates="165" cleared="0" enqueued="0" />
  <references type="phantom" candidates="57" cleared="0" enqueued="0" />
  <stringconstants candidates="3825" cleared="0"  />
</gc-op>
<gc-op id="558" type="sweep" timems="0.301" contextid="554" timestamp="2019-07-02T23:54:15.902" />
<gc-end id="559" type="global" contextid="554" durationms="3.838" usertimems="8.000" systemtimems="0.000" timestamp="2019-07-02T23:54:15.902" activeThreads="4">
  <mem-info id="560" free="3654640" total="11993088" percent="30">
    <mem type="tenure" free="3654640" total="11993088" percent="30" micro-fragmented="1322133" macro-fragmented="0">
      <mem type="soa" free="3534832" total="11873280" percent="29" />
      <mem type="loa" free="119808" total="119808" percent="100" />
    </mem>
  </mem-info>
</gc-end>
<cycle-end id="561" type="global" contextid="554" timestamp="2019-07-02T23:54:15.903">
  <attribute name="GC Util" value="177" />
  <attribute name="CPU Util" value="5626865361864" />
  <attribute name="Time Running"value="81757"/>
  <attribute name="Number of cores"value="4"/>
</cycle-end>
<allocation-satisfied id="562" threadId="0000000001195800" bytesRequested="32" />
<af-end id="563" timestamp="2019-07-02T23:54:15.903" threadId="0000000001196188" success="true" />
<exclusive-end id="564" timestamp="2019-07-02T23:54:15.903" durationms="4.660" />

<exclusive-start id="565" timestamp="2019-07-02T23:54:17.552" intervalms="1653.347">
  <response-info timems="0.026" idlems="0.026" threads="0" lastid="0000000001168900" lastname="node-8" />
</exclusive-start>
<af-start id="566" threadId="0000000001169288" totalBytesRequested="16" timestamp="2019-07-02T23:54:17.552" intervalms="1653.339" />
<cycle-start id="567" type="global" contextid="0" timestamp="2019-07-02T23:54:17.552" intervalms="1653.341" />
  <attribute name="GC Util" value="177" />
  <attribute name="CPU Util" value="5626865361864" />
  <attribute name="Time Running"value="81757"/>
  <attribute name="Number of cores"value="4"/>
<gc-start id="568" type="global" contextid="567" timestamp="2019-07-02T23:54:17.552">
  <mem-info id="569" free="119808" total="11993088" percent="0">
    <mem type="tenure" free="119808" total="11993088" percent="0">
      <mem type="soa" free="0" total="11873280" percent="0" />
      <mem type="loa" free="119808" total="119808" percent="100" />
    </mem>
  </mem-info>
</gc-start>
<allocation-stats totalBytes="3525992" >
  <allocated-bytes non-tlh="0" tlh="3525992" />
  <largest-consumer threadName="node-7" threadId="0000000001177800" bytes="235544" />
</allocation-stats>
<gc-op id="570" type="mark" timems="3.070" contextid="567" timestamp="2019-07-02T23:54:17.555">
  <trace-info objectcount="144432" scancount="134934" scanbytes="5293036" />
  <finalization candidates="18" enqueued="0" />
  <references type="soft" candidates="45" cleared="0" enqueued="0" dynamicThreshold="9" maxThreshold="32" />
  <references type="weak" candidates="165" cleared="0" enqueued="0" />
  <references type="phantom" candidates="57" cleared="0" enqueued="0" />
  <stringconstants candidates="3825" cleared="0"  />
</gc-op>
<gc-op id="571" type="sweep" timems="0.298" contextid="567" timestamp="2019-07-02T23:54:17.555" />
<gc-end id="572" type="global" contextid="567" durationms="3.692" usertimems="8.000" systemtimems="0.000" timestamp="2019-07-02T23:54:17.555" activeThreads="4">
  <mem-info id="573" free="3651088" total="11993088" percent="30">
    <mem type="tenure" free="3651088" total="11993088" percent="30" micro-fragmented="1343052" macro-fragmented="0">
      <mem type="soa" free="3531280" total="11873280" percent="29" />
      <mem type="loa" free="119808" total="119808" percent="100" />
    </mem>
  </mem-info>
</gc-end>
<cycle-end id="574" type="global" contextid="567" timestamp="2019-07-02T23:54:17.556">
  <attribute name="GC Util" value="178" />
  <attribute name="CPU Util" value="5900052431243" />
  <attribute name="Time Running"value="83410"/>
  <attribute name="Number of cores"value="4"/>
</cycle-end>
<allocation-satisfied id="575" threadId="0000000001168900" bytesRequested="16" />
<af-end id="576" timestamp="2019-07-02T23:54:17.556" threadId="0000000001169288" success="true" />
<exclusive-end id="577" timestamp="2019-07-02T23:54:17.556" durationms="4.420" />

<exclusive-start id="578" timestamp="2019-07-02T23:54:19.520" intervalms="1968.748">
  <response-info timems="0.027" idlems="0.027" threads="0" lastid="0000000001159900" lastname="node-21" />
</exclusive-start>
<af-start id="579" threadId="000000000115A288" totalBytesRequested="32" timestamp="2019-07-02T23:54:19.520" intervalms="1968.820" />
<cycle-start id="580" type="global" contextid="0" timestamp="2019-07-02T23:54:19.521" intervalms="1968.889" />
  <attribute name="GC Util" value="178" />
  <attribute name="CPU Util" value="5900052431243" />
  <attribute name="Time Running"value="83410"/>
  <attribute name="Number of cores"value="4"/>
<gc-start id="581" type="global" contextid="580" timestamp="2019-07-02T23:54:19.521">
  <mem-info id="582" free="119808" total="11993088" percent="0">
    <mem type="tenure" free="119808" total="11993088" percent="0">
      <mem type="soa" free="0" total="11873280" percent="0" />
      <mem type="loa" free="119808" total="119808" percent="100" />
    </mem>
  </mem-info>
</gc-start>
<allocation-stats totalBytes="3522520" >
  <allocated-bytes non-tlh="0" tlh="3522520" />
  <largest-consumer threadName="node-9" threadId="0000000001199300" bytes="234200" />
</allocation-stats>
<gc-op id="583" type="mark" timems="6.580" contextid="580" timestamp="2019-07-02T23:54:19.527">
  <trace-info objectcount="144382" scancount="134894" scanbytes="5292164" />
  <finalization candidates="18" enqueued="0" />
  <references type="soft" candidates="45" cleared="0" enqueued="0" dynamicThreshold="9" maxThreshold="32" />
  <references type="weak" candidates="165" cleared="0" enqueued="0" />
  <references type="phantom" candidates="57" cleared="0" enqueued="0" />
  <stringconstants candidates="3825" cleared="0"  />
</gc-op>
<gc-op id="584" type="sweep" timems="1.643" contextid="580" timestamp="2019-07-02T23:54:19.529" />
<gc-end id="585" type="global" contextid="580" durationms="8.661" usertimems="16.000" systemtimems="0.000" timestamp="2019-07-02T23:54:19.529" activeThreads="4">
  <mem-info id="586" free="3659872" total="11993088" percent="30">
    <mem type="tenure" free="3659872" total="11993088" percent="30" micro-fragmented="1321869" macro-fragmented="0">
      <mem type="soa" free="3540064" total="11873280" percent="29" />
      <mem type="loa" free="119808" total="119808" percent="100" />
    </mem>
  </mem-info>
</gc-end>
<cycle-end id="587" type="global" contextid="580" timestamp="2019-07-02T23:54:19.530">
  <attribute name="GC Util" value="169" />
  <attribute name="CPU Util" value="2756171855885" />
  <attribute name="Time Running"value="85383"/>
  <attribute name="Number of cores"value="4"/>
</cycle-end>
<allocation-satisfied id="588" threadId="0000000001159900" bytesRequested="32" />
<af-end id="589" timestamp="2019-07-02T23:54:19.530" threadId="000000000115A288" success="true" />
<exclusive-end id="590" timestamp="2019-07-02T23:54:19.530" durationms="9.368" />

<exclusive-start id="591" timestamp="2019-07-02T23:54:21.518" intervalms="1997.513">
  <response-info timems="0.067" idlems="0.067" threads="0" lastid="00000000011A4700" lastname="node-4" />
</exclusive-start>
<af-start id="592" threadId="00000000011A5088" totalBytesRequested="16" timestamp="2019-07-02T23:54:21.518" intervalms="1997.469" />
<cycle-start id="593" type="global" contextid="0" timestamp="2019-07-02T23:54:21.518" intervalms="1997.453" />
  <attribute name="GC Util" value="169" />
  <attribute name="CPU Util" value="2756171855885" />
  <attribute name="Time Running"value="85383"/>
  <attribute name="Number of cores"value="4"/>
<gc-start id="594" type="global" contextid="593" timestamp="2019-07-02T23:54:21.518">
  <mem-info id="595" free="119808" total="11993088" percent="0">
    <mem type="tenure" free="119808" total="11993088" percent="0">
      <mem type="soa" free="0" total="11873280" percent="0" />
      <mem type="loa" free="119808" total="119808" percent="100" />
    </mem>
  </mem-info>
</gc-start>
<allocation-stats totalBytes="3533168" >
  <allocated-bytes non-tlh="1000" tlh="3532168" />
  <largest-consumer threadName="node-13" threadId="000000000118A400" bytes="232024" />
</allocation-stats>
<gc-op id="596" type="mark" timems="6.088" contextid="593" timestamp="2019-07-02T23:54:21.525">
  <trace-info objectcount="144433" scancount="134909" scanbytes="5292444" />
  <finalization candidates="18" enqueued="0" />
  <references type="soft" candidates="45" cleared="0" enqueued="0" dynamicThreshold="9" maxThreshold="32" />
  <references type="weak" candidates="165" cleared="0" enqueued="0" />
  <references type="phantom" candidates="57" cleared="0" enqueued="0" />
  <stringconstants candidates="3825" cleared="0"  />
</gc-op>
<gc-op id="597" type="sweep" timems="1.432" contextid="593" timestamp="2019-07-02T23:54:21.526" />
<gc-end id="598" type="global" contextid="593" durationms="7.995" usertimems="12.000" systemtimems="0.000" timestamp="2019-07-02T23:54:21.526" activeThreads="4">
  <mem-info id="599" free="3633856" total="11993088" percent="30">
    <mem type="tenure" free="3633856" total="11993088" percent="30" micro-fragmented="1325559" macro-fragmented="0">
      <mem type="soa" free="3514048" total="11873280" percent="29" />
      <mem type="loa" free="119808" total="119808" percent="100" />
    </mem>
  </mem-info>
</gc-end>
<cycle-end id="600" type="global" contextid="593" timestamp="2019-07-02T23:54:21.526">
  <attribute name="GC Util" value="166" />
  <attribute name="CPU Util" value="2980334884871" />
  <attribute name="Time Running"value="87380"/>
  <attribute name="Number of cores"value="4"/>
</cycle-end>
<allocation-satisfied id="601" threadId="00000000011A4700" bytesRequested="16" />
<af-end id="602" timestamp="2019-07-02T23:54:21.527" threadId="00000000011A5088" success="true" />
<exclusive-end id="603" timestamp="2019-07-02T23:54:21.527" durationms="8.990" />

<exclusive-start id="604" timestamp="2019-07-02T23:54:23.734" intervalms="2216.463">
  <response-info timems="0.036" idlems="0.036" threads="0" lastid="00000000011A8300" lastname="node-20" />
</exclusive-start>
<af-start id="605" threadId="00000000011A8C88" totalBytesRequested="720" timestamp="2019-07-02T23:54:23.734" intervalms="2216.486" />
<cycle-start id="606" type="global" contextid="0" timestamp="2019-07-02T23:54:23.735" intervalms="2216.533" />
  <attribute name="GC Util" value="166" />
  <attribute name="CPU Util" value="2980334884871" />
  <attribute name="Time Running"value="87380"/>
  <attribute name="Number of cores"value="4"/>
<gc-start id="607" type="global" contextid="606" timestamp="2019-07-02T23:54:23.735">
  <mem-info id="608" free="119808" total="11993088" percent="0">
    <mem type="tenure" free="119808" total="11993088" percent="0">
      <mem type="soa" free="0" total="11873280" percent="0" />
      <mem type="loa" free="119808" total="119808" percent="100" />
    </mem>
  </mem-info>
</gc-start>
<allocation-stats totalBytes="3502856" >
  <allocated-bytes non-tlh="0" tlh="3502856" />
  <largest-consumer threadName="node-8" threadId="0000000001168900" bytes="235952" />
</allocation-stats>
<gc-op id="609" type="mark" timems="4.841" contextid="606" timestamp="2019-07-02T23:54:23.740">
  <trace-info objectcount="144421" scancount="134927" scanbytes="5292156" />
  <finalization candidates="18" enqueued="0" />
  <references type="soft" candidates="45" cleared="0" enqueued="0" dynamicThreshold="9" maxThreshold="32" />
  <references type="weak" candidates="165" cleared="0" enqueued="0" />
  <references type="phantom" candidates="57" cleared="0" enqueued="0" />
  <stringconstants candidates="3825" cleared="0"  />
</gc-op>
<gc-op id="610" type="sweep" timems="0.598" contextid="606" timestamp="2019-07-02T23:54:23.741" />
<gc-end id="611" type="global" contextid="606" durationms="6.006" usertimems="12.000" systemtimems="0.000" timestamp="2019-07-02T23:54:23.741" activeThreads="4">
  <mem-info id="612" free="3631720" total="11993088" percent="30">
    <mem type="tenure" free="3631720" total="11993088" percent="30" micro-fragmented="1324913" macro-fragmented="0">
      <mem type="soa" free="3511912" total="11873280" percent="29" />
      <mem type="loa" free="119808" total="119808" percent="100" />
    </mem>
  </mem-info>
</gc-end>
<cycle-end id="613" type="global" contextid="606" timestamp="2019-07-02T23:54:23.741">
  <attribute name="GC Util" value="184" />
  <attribute name="CPU Util" value="3713399004878" />
  <attribute name="Time Running"value="89595"/>
  <attribute name="Number of cores"value="4"/>
</cycle-end>
<allocation-satisfied id="614" threadId="00000000011A8300" bytesRequested="720" />
<af-end id="615" timestamp="2019-07-02T23:54:23.741" threadId="00000000011A8C88" success="true" />
<exclusive-end id="616" timestamp="2019-07-02T23:54:23.741" durationms="6.832" />

<exclusive-start id="617" timestamp="2019-07-02T23:54:26.028" intervalms="2294.183">
  <response-info timems="0.031" idlems="0.031" threads="0" lastid="0000000001155D00" lastname="node-10" />
</exclusive-start>
<af-start id="618" threadId="0000000001156688" totalBytesRequested="24" timestamp="2019-07-02T23:54:26.029" intervalms="2294.142" />
<cycle-start id="619" type="global" contextid="0" timestamp="2019-07-02T23:54:26.029" intervalms="2294.046" />
  <attribute name="GC Util" value="184" />
  <attribute name="CPU Util" value="3713399004878" />
  <attribute name="Time Running"value="89595"/>
  <attribute name="Number of cores"value="4"/>
<gc-start id="620" type="global" contextid="619" timestamp="2019-07-02T23:54:26.029">
  <mem-info id="621" free="119808" total="11993088" percent="0">
    <mem type="tenure" free="119808" total="11993088" percent="0">
      <mem type="soa" free="0" total="11873280" percent="0" />
      <mem type="loa" free="119808" total="119808" percent="100" />
    </mem>
  </mem-info>
</gc-start>
<allocation-stats totalBytes="3499632" >
  <allocated-bytes non-tlh="0" tlh="3499632" />
  <largest-consumer threadName="node-13" threadId="000000000118A400" bytes="204800" />
</allocation-stats>
<gc-op id="622" type="mark" timems="3.216" contextid="619" timestamp="2019-07-02T23:54:26.032">
  <trace-info objectcount="144338" scancount="134834" scanbytes="5290540" />
  <finalization candidates="18" enqueued="0" />
  <references type="soft" candidates="45" cleared="0" enqueued="0" dynamicThreshold="9" maxThreshold="32" />
  <references type="weak" candidates="165" cleared="0" enqueued="0" />
  <references type="phantom" candidates="57" cleared="0" enqueued="0" />
  <stringconstants candidates="3825" cleared="0"  />
</gc-op>
<gc-op id="623" type="sweep" timems="0.300" contextid="619" timestamp="2019-07-02T23:54:26.032" />
<gc-end id="624" type="global" contextid="619" durationms="3.788" usertimems="12.000" systemtimems="0.000" timestamp="2019-07-02T23:54:26.033" activeThreads="4">
  <mem-info id="625" free="3651944" total="11993088" percent="30">
    <mem type="tenure" free="3651944" total="11993088" percent="30" micro-fragmented="1324350" macro-fragmented="0">
      <mem type="soa" free="3532136" total="11873280" percent="29" />
      <mem type="loa" free="119808" total="119808" percent="100" />
    </mem>
  </mem-info>
</gc-end>
<cycle-end id="626" type="global" contextid="619" timestamp="2019-07-02T23:54:26.033">
  <attribute name="GC Util" value="179" />
  <attribute name="CPU Util" value="5633780559474" />
  <attribute name="Time Running"value="91887"/>
  <attribute name="Number of cores"value="4"/>
</cycle-end>
<allocation-satisfied id="627" threadId="0000000001155D00" bytesRequested="24" />
<af-end id="628" timestamp="2019-07-02T23:54:26.033" threadId="0000000001156688" success="true" />
<exclusive-end id="629" timestamp="2019-07-02T23:54:26.033" durationms="4.553" />

<exclusive-start id="630" timestamp="2019-07-02T23:54:27.861" intervalms="1832.337">
  <response-info timems="0.032" idlems="0.032" threads="0" lastid="000000000118E000" lastname="node-24" />
</exclusive-start>
<af-start id="631" threadId="000000000118E988" totalBytesRequested="32" timestamp="2019-07-02T23:54:27.861" intervalms="1832.414" />
<cycle-start id="632" type="global" contextid="0" timestamp="2019-07-02T23:54:27.861" intervalms="1832.430" />
  <attribute name="GC Util" value="179" />
  <attribute name="CPU Util" value="5633780559474" />
  <attribute name="Time Running"value="91887"/>
  <attribute name="Number of cores"value="4"/>
<gc-start id="633" type="global" contextid="632" timestamp="2019-07-02T23:54:27.861">
  <mem-info id="634" free="119808" total="11993088" percent="0">
    <mem type="tenure" free="119808" total="11993088" percent="0">
      <mem type="soa" free="0" total="11873280" percent="0" />
      <mem type="loa" free="119808" total="119808" percent="100" />
    </mem>
  </mem-info>
</gc-start>
<allocation-stats totalBytes="3519448" >
  <allocated-bytes non-tlh="0" tlh="3519448" />
  <largest-consumer threadName="node-5" threadId="0000000001164D00" bytes="207672" />
</allocation-stats>
<gc-op id="635" type="mark" timems="4.469" contextid="632" timestamp="2019-07-02T23:54:27.866">
  <trace-info objectcount="144329" scancount="134825" scanbytes="5290396" />
  <finalization candidates="18" enqueued="0" />
  <references type="soft" candidates="45" cleared="0" enqueued="0" dynamicThreshold="9" maxThreshold="32" />
  <references type="weak" candidates="165" cleared="0" enqueued="0" />
  <references type="phantom" candidates="57" cleared="0" enqueued="0" />
  <stringconstants candidates="3825" cleared="0"  />
</gc-op>
<gc-op id="636" type="sweep" timems="0.310" contextid="632" timestamp="2019-07-02T23:54:27.866" />
<gc-end id="637" type="global" contextid="632" durationms="5.345" usertimems="16.000" systemtimems="0.000" timestamp="2019-07-02T23:54:27.866" activeThreads="4">
  <mem-info id="638" free="3655480" total="11993088" percent="30">
    <mem type="tenure" free="3655480" total="11993088" percent="30" micro-fragmented="1322266" macro-fragmented="0">
      <mem type="soa" free="3535672" total="11873280" percent="29" />
      <mem type="loa" free="119808" total="119808" percent="100" />
    </mem>
  </mem-info>
</gc-end>
<cycle-end id="639" type="global" contextid="632" timestamp="2019-07-02T23:54:27.867">
  <attribute name="GC Util" value="183" />
  <attribute name="CPU Util" value="4008088865019" />
  <attribute name="Time Running"value="93721"/>
  <attribute name="Number of cores"value="4"/>
</cycle-end>
<allocation-satisfied id="640" threadId="000000000118E000" bytesRequested="32" />
<af-end id="641" timestamp="2019-07-02T23:54:27.867" threadId="000000000118E988" success="true" />
<exclusive-end id="642" timestamp="2019-07-02T23:54:27.867" durationms="6.197" />

<exclusive-start id="643" timestamp="2019-07-02T23:54:30.008" intervalms="2147.620">
  <response-info timems="0.029" idlems="0.029" threads="0" lastid="0000000001173C00" lastname="node-25" />
</exclusive-start>
<af-start id="644" threadId="0000000001174588" totalBytesRequested="376" timestamp="2019-07-02T23:54:30.009" intervalms="2147.537" />
<cycle-start id="645" type="global" contextid="0" timestamp="2019-07-02T23:54:30.009" intervalms="2147.520" />
  <attribute name="GC Util" value="183" />
  <attribute name="CPU Util" value="4008088865019" />
  <attribute name="Time Running"value="93721"/>
  <attribute name="Number of cores"value="4"/>
<gc-start id="646" type="global" contextid="645" timestamp="2019-07-02T23:54:30.009">
  <mem-info id="647" free="119808" total="11993088" percent="0">
    <mem type="tenure" free="119808" total="11993088" percent="0">
      <mem type="soa" free="0" total="11873280" percent="0" />
      <mem type="loa" free="119808" total="119808" percent="100" />
    </mem>
  </mem-info>
</gc-start>
<allocation-stats totalBytes="3521160" >
  <allocated-bytes non-tlh="7000" tlh="3514160" />
  <largest-consumer threadName="node-7" threadId="0000000001177800" bytes="229960" />
</allocation-stats>
<gc-op id="648" type="mark" timems="3.340" contextid="645" timestamp="2019-07-02T23:54:30.012">
  <trace-info objectcount="144283" scancount="134796" scanbytes="5289572" />
  <finalization candidates="18" enqueued="0" />
  <references type="soft" candidates="45" cleared="0" enqueued="0" dynamicThreshold="9" maxThreshold="32" />
  <references type="weak" candidates="165" cleared="0" enqueued="0" />
  <references type="phantom" candidates="57" cleared="0" enqueued="0" />
  <stringconstants candidates="3825" cleared="0"  />
</gc-op>
<gc-op id="649" type="sweep" timems="0.303" contextid="645" timestamp="2019-07-02T23:54:30.012" />
<gc-end id="650" type="global" contextid="645" durationms="3.944" usertimems="8.000" systemtimems="0.000" timestamp="2019-07-02T23:54:30.013" activeThreads="4">
  <mem-info id="651" free="3655944" total="11993088" percent="30">
    <mem type="tenure" free="3655944" total="11993088" percent="30" micro-fragmented="1321869" macro-fragmented="0">
      <mem type="soa" free="3536136" total="11873280" percent="29" />
      <mem type="loa" free="119808" total="119808" percent="100" />
    </mem>
  </mem-info>
</gc-end>
<cycle-end id="652" type="global" contextid="645" timestamp="2019-07-02T23:54:30.013">
  <attribute name="GC Util" value="172" />
  <attribute name="CPU Util" value="5441520620796" />
  <attribute name="Time Running"value="95868"/>
  <attribute name="Number of cores"value="4"/>
</cycle-end>
<allocation-satisfied id="653" threadId="0000000001173C00" bytesRequested="376" />
<af-end id="654" timestamp="2019-07-02T23:54:30.013" threadId="0000000001174588" success="true" />
<exclusive-end id="655" timestamp="2019-07-02T23:54:30.013" durationms="4.601" />

<exclusive-start id="656" timestamp="2019-07-02T23:54:31.700" intervalms="1691.854">
  <response-info timems="0.039" idlems="0.039" threads="0" lastid="0000000001199300" lastname="node-9" />
</exclusive-start>
<af-start id="657" threadId="0000000001199C88" totalBytesRequested="16" timestamp="2019-07-02T23:54:31.700" intervalms="1691.899" />
<cycle-start id="658" type="global" contextid="0" timestamp="2019-07-02T23:54:31.701" intervalms="1691.946" />
  <attribute name="GC Util" value="172" />
  <attribute name="CPU Util" value="5441520620796" />
  <attribute name="Time Running"value="95868"/>
  <attribute name="Number of cores"value="4"/>
<gc-start id="659" type="global" contextid="658" timestamp="2019-07-02T23:54:31.701">
  <mem-info id="660" free="119808" total="11993088" percent="0">
    <mem type="tenure" free="119808" total="11993088" percent="0">
      <mem type="soa" free="0" total="11873280" percent="0" />
      <mem type="loa" free="119808" total="119808" percent="100" />
    </mem>
  </mem-info>
</gc-start>
<allocation-stats totalBytes="3526904" >
  <allocated-bytes non-tlh="0" tlh="3526904" />
  <largest-consumer threadName="node-14" threadId="000000000116C500" bytes="241624" />
</allocation-stats>
<gc-op id="661" type="mark" timems="5.189" contextid="658" timestamp="2019-07-02T23:54:31.706">
  <trace-info objectcount="144308" scancount="134777" scanbytes="5289332" />
  <finalization candidates="18" enqueued="0" />
  <references type="soft" candidates="45" cleared="0" enqueued="0" dynamicThreshold="9" maxThreshold="32" />
  <references type="weak" candidates="165" cleared="0" enqueued="0" />
  <references type="phantom" candidates="57" cleared="0" enqueued="0" />
  <stringconstants candidates="3825" cleared="0"  />
</gc-op>
<gc-op id="662" type="sweep" timems="0.757" contextid="658" timestamp="2019-07-02T23:54:31.707" />
<gc-end id="663" type="global" contextid="658" durationms="6.534" usertimems="12.000" systemtimems="0.000" timestamp="2019-07-02T23:54:31.707" activeThreads="4">
  <mem-info id="664" free="3634992" total="11993088" percent="30">
    <mem type="tenure" free="3634992" total="11993088" percent="30" micro-fragmented="1322530" macro-fragmented="0">
      <mem type="soa" free="3515184" total="11873280" percent="29" />
      <mem type="loa" free="119808" total="119808" percent="100" />
    </mem>
  </mem-info>
</gc-end>
<cycle-end id="665" type="global" contextid="658" timestamp="2019-07-02T23:54:31.707">
  <attribute name="GC Util" value="184" />
  <attribute name="CPU Util" value="3451723849863" />
  <attribute name="Time Running"value="97562"/>
  <attribute name="Number of cores"value="4"/>
</cycle-end>
<allocation-satisfied id="666" threadId="0000000001199300" bytesRequested="16" />
<af-end id="667" timestamp="2019-07-02T23:54:31.708" threadId="0000000001199C88" success="true" />
<exclusive-end id="668" timestamp="2019-07-02T23:54:31.708" durationms="7.416" />

<exclusive-start id="669" timestamp="2019-07-02T23:54:33.960" intervalms="2259.804">
  <response-info timems="0.060" idlems="0.060" threads="0" lastid="0000000001182C00" lastname="node-3" />
</exclusive-start>
<af-start id="670" threadId="0000000001183588" totalBytesRequested="32" timestamp="2019-07-02T23:54:33.960" intervalms="2259.823" />
<cycle-start id="671" type="global" contextid="0" timestamp="2019-07-02T23:54:33.960" intervalms="2259.854" />
  <attribute name="GC Util" value="184" />
  <attribute name="CPU Util" value="3451723849863" />
  <attribute name="Time Running"value="97562"/>
  <attribute name="Number of cores"value="4"/>
<gc-start id="672" type="global" contextid="671" timestamp="2019-07-02T23:54:33.961">
  <mem-info id="673" free="119808" total="11993088" percent="0">
    <mem type="tenure" free="119808" total="11993088" percent="0">
      <mem type="soa" free="0" total="11873280" percent="0" />
      <mem type="loa" free="119808" total="119808" percent="100" />
    </mem>
  </mem-info>
</gc-start>
<allocation-stats totalBytes="3507728" >
  <allocated-bytes non-tlh="0" tlh="3507728" />
  <largest-consumer threadName="node-8" threadId="0000000001168900" bytes="223760" />
</allocation-stats>
<gc-op id="674" type="mark" timems="5.409" contextid="671" timestamp="2019-07-02T23:54:33.966">
  <trace-info objectcount="144214" scancount="134726" scanbytes="5288132" />
  <finalization candidates="18" enqueued="0" />
  <references type="soft" candidates="45" cleared="0" enqueued="0" dynamicThreshold="9" maxThreshold="32" />
  <references type="weak" candidates="165" cleared="0" enqueued="0" />
  <references type="phantom" candidates="57" cleared="0" enqueued="0" />
  <stringconstants candidates="3825" cleared="0"  />
</gc-op>
<gc-op id="675" type="sweep" timems="0.840" contextid="671" timestamp="2019-07-02T23:54:33.967" />
<gc-end id="676" type="global" contextid="671" durationms="6.875" usertimems="12.000" systemtimems="0.000" timestamp="2019-07-02T23:54:33.967" activeThreads="4">
  <mem-info id="677" free="3662952" total="11993088" percent="30">
    <mem type="tenure" free="3662952" total="11993088" percent="30" micro-fragmented="1325189" macro-fragmented="0">
      <mem type="soa" free="3543144" total="11873280" percent="29" />
      <mem type="loa" free="119808" total="119808" percent="100" />
    </mem>
  </mem-info>
</gc-end>
<cycle-end id="678" type="global" contextid="671" timestamp="2019-07-02T23:54:33.968">
  <attribute name="GC Util" value="182" />
  <attribute name="CPU Util" value="3312350337569" />
  <attribute name="Time Running"value="99822"/>
  <attribute name="Number of cores"value="4"/>
</cycle-end>
<allocation-satisfied id="679" threadId="0000000001182C00" bytesRequested="32" />
<af-end id="680" timestamp="2019-07-02T23:54:33.968" threadId="0000000001183588" success="true" />
<exclusive-end id="681" timestamp="2019-07-02T23:54:33.968" durationms="7.945" />

<exclusive-start id="682" timestamp="2019-07-02T23:54:35.809" intervalms="1848.526">
  <response-info timems="0.056" idlems="0.056" threads="0" lastid="0000000001155D00" lastname="node-10" />
</exclusive-start>
<af-start id="683" threadId="0000000001156688" totalBytesRequested="16" timestamp="2019-07-02T23:54:35.809" intervalms="1848.454" />
<cycle-start id="684" type="global" contextid="0" timestamp="2019-07-02T23:54:35.809" intervalms="1848.370" />
  <attribute name="GC Util" value="182" />
  <attribute name="CPU Util" value="3312350337569" />
  <attribute name="Time Running"value="99822"/>
  <attribute name="Number of cores"value="4"/>
<gc-start id="685" type="global" contextid="684" timestamp="2019-07-02T23:54:35.809">
  <mem-info id="686" free="119808" total="11993088" percent="0">
    <mem type="tenure" free="119808" total="11993088" percent="0">
      <mem type="soa" free="0" total="11873280" percent="0" />
      <mem type="loa" free="119808" total="119808" percent="100" />
    </mem>
  </mem-info>
</gc-start>
<allocation-stats totalBytes="3536888" >
  <allocated-bytes non-tlh="0" tlh="3536888" />
  <largest-consumer threadName="node-21" threadId="0000000001159900" bytes="218896" />
</allocation-stats>
<gc-op id="687" type="mark" timems="3.056" contextid="684" timestamp="2019-07-02T23:54:35.812">
  <trace-info objectcount="144252" scancount="134723" scanbytes="5288084" />
  <finalization candidates="18" enqueued="0" />
  <references type="soft" candidates="45" cleared="0" enqueued="0" dynamicThreshold="9" maxThreshold="32" />
  <references type="weak" candidates="165" cleared="0" enqueued="0" />
  <references type="phantom" candidates="57" cleared="0" enqueued="0" />
  <stringconstants candidates="3825" cleared="0"  />
</gc-op>
<gc-op id="688" type="sweep" timems="0.312" contextid="684" timestamp="2019-07-02T23:54:35.812" />
<gc-end id="689" type="global" contextid="684" durationms="3.621" usertimems="12.000" systemtimems="0.000" timestamp="2019-07-02T23:54:35.812" activeThreads="4">
  <mem-info id="690" free="3639416" total="11993088" percent="30">
    <mem type="tenure" free="3639416" total="11993088" percent="30" micro-fragmented="1321472" macro-fragmented="0">
      <mem type="soa" free="3519608" total="11873280" percent="29" />
      <mem type="loa" free="119808" total="119808" percent="100" />
    </mem>
  </mem-info>
</gc-end>
<cycle-end id="691" type="global" contextid="684" timestamp="2019-07-02T23:54:35.813">
  <attribute name="GC Util" value="180" />
  <attribute name="CPU Util" value="5937622400415" />
  <attribute name="Time Running"value="101667"/>
  <attribute name="Number of cores"value="4"/>
</cycle-end>
<allocation-satisfied id="692" threadId="0000000001155D00" bytesRequested="16" />
<af-end id="693" timestamp="2019-07-02T23:54:35.813" threadId="0000000001156688" success="true" />
<exclusive-end id="694" timestamp="2019-07-02T23:54:35.813" durationms="4.163" />

<exclusive-start id="695" timestamp="2019-07-02T23:54:37.743" intervalms="1934.545">
  <response-info timems="0.334" idlems="0.175" threads="1" lastid="00000000011A8300" lastname="node-20" />
</exclusive-start>
<af-start id="696" threadId="000000000116CE88" totalBytesRequested="32" timestamp="2019-07-02T23:54:37.743" intervalms="1934.556" />
<cycle-start id="697" type="global" contextid="0" timestamp="2019-07-02T23:54:37.743" intervalms="1934.603" />
  <attribute name="GC Util" value="180" />
  <attribute name="CPU Util" value="5937622400415" />
  <attribute name="Time Running"value="101667"/>
  <attribute name="Number of cores"value="4"/>
<gc-start id="698" type="global" contextid="697" timestamp="2019-07-02T23:54:37.743">
  <mem-info id="699" free="119808" total="11993088" percent="0">
    <mem type="tenure" free="119808" total="11993088" percent="0">
      <mem type="soa" free="0" total="11873280" percent="0" />
      <mem type="loa" free="119808" total="119808" percent="100" />
    </mem>
  </mem-info>
</gc-start>
<allocation-stats totalBytes="3508640" >
  <allocated-bytes non-tlh="0" tlh="3508640" />
  <largest-consumer threadName="node-7" threadId="0000000001177800" bytes="224328" />
</allocation-stats>
<gc-op id="700" type="mark" timems="6.127" contextid="697" timestamp="2019-07-02T23:54:37.750">
  <trace-info objectcount="144166" scancount="134686" scanbytes="5286980" />
  <finalization candidates="18" enqueued="0" />
  <references type="soft" candidates="45" cleared="0" enqueued="0" dynamicThreshold="9" maxThreshold="32" />
  <references type="weak" candidates="165" cleared="0" enqueued="0" />
  <references type="phantom" candidates="57" cleared="0" enqueued="0" />
  <stringconstants candidates="3825" cleared="0"  />
</gc-op>
<gc-op id="701" type="sweep" timems="1.485" contextid="697" timestamp="2019-07-02T23:54:37.751" />
<gc-end id="702" type="global" contextid="697" durationms="8.131" usertimems="16.000" systemtimems="0.000" timestamp="2019-07-02T23:54:37.752" activeThreads="4">
  <mem-info id="703" free="3665680" total="11993088" percent="30">
    <mem type="tenure" free="3665680" total="11993088" percent="30" micro-fragmented="1324658" macro-fragmented="0">
      <mem type="soa" free="3545872" total="11873280" percent="29" />
      <mem type="loa" free="119808" total="119808" percent="100" />
    </mem>
  </mem-info>
</gc-end>
<cycle-end id="704" type="global" contextid="697" timestamp="2019-07-02T23:54:37.752">
  <attribute name="GC Util" value="167" />
  <attribute name="CPU Util" value="2940433363571" />
  <attribute name="Time Running"value="103605"/>
  <attribute name="Number of cores"value="4"/>
</cycle-end>
<allocation-satisfied id="705" threadId="000000000116C500" bytesRequested="32" />
<af-end id="706" timestamp="2019-07-02T23:54:37.752" threadId="000000000116CE88" success="true" />
<exclusive-end id="707" timestamp="2019-07-02T23:54:37.752" durationms="9.026" />

<exclusive-start id="708" timestamp="2019-07-02T23:54:39.711" intervalms="1967.798">
  <response-info timems="0.031" idlems="0.031" threads="0" lastid="000000000118E000" lastname="node-24" />
</exclusive-start>
<af-start id="709" threadId="000000000118E988" totalBytesRequested="32" timestamp="2019-07-02T23:54:39.711" intervalms="1967.811" />
<cycle-start id="710" type="global" contextid="0" timestamp="2019-07-02T23:54:39.711" intervalms="1967.775" />
  <attribute name="GC Util" value="167" />
  <attribute name="CPU Util" value="2940433363571" />
  <attribute name="Time Running"value="103605"/>
  <attribute name="Number of cores"value="4"/>
<gc-start id="711" type="global" contextid="710" timestamp="2019-07-02T23:54:39.711">
  <mem-info id="712" free="119808" total="11993088" percent="0">
    <mem type="tenure" free="119808" total="11993088" percent="0">
      <mem type="soa" free="0" total="11873280" percent="0" />
      <mem type="loa" free="119808" total="119808" percent="100" />
    </mem>
  </mem-info>
</gc-start>
<allocation-stats totalBytes="3539720" >
  <allocated-bytes non-tlh="0" tlh="3539720" />
  <largest-consumer threadName="node-21" threadId="0000000001159900" bytes="226336" />
</allocation-stats>
<gc-op id="713" type="mark" timems="3.627" contextid="710" timestamp="2019-07-02T23:54:39.715">
  <trace-info objectcount="144166" scancount="134666" scanbytes="5286484" />
  <finalization candidates="18" enqueued="0" />
  <references type="soft" candidates="45" cleared="0" enqueued="0" dynamicThreshold="9" maxThreshold="32" />
  <references type="weak" candidates="165" cleared="0" enqueued="0" />
  <references type="phantom" candidates="57" cleared="0" enqueued="0" />
  <stringconstants candidates="3825" cleared="0"  />
</gc-op>
<gc-op id="714" type="sweep" timems="0.339" contextid="710" timestamp="2019-07-02T23:54:39.715" />
<gc-end id="715" type="global" contextid="710" durationms="4.231" usertimems="12.000" systemtimems="0.000" timestamp="2019-07-02T23:54:39.715" activeThreads="4">
  <mem-info id="716" free="3652768" total="11993088" percent="30">
    <mem type="tenure" free="3652768" total="11993088" percent="30" micro-fragmented="1322530" macro-fragmented="0">
      <mem type="soa" free="3532960" total="11873280" percent="29" />
      <mem type="loa" free="119808" total="119808" percent="100" />
    </mem>
  </mem-info>
</gc-end>
<cycle-end id="717" type="global" contextid="710" timestamp="2019-07-02T23:54:39.716">
  <attribute name="GC Util" value="153" />
  <attribute name="CPU Util" value="4989283727769" />
  <attribute name="Time Running"value="105570"/>
  <attribute name="Number of cores"value="4"/>
</cycle-end>
<allocation-satisfied id="718" threadId="000000000118E000" bytesRequested="32" />
<af-end id="719" timestamp="2019-07-02T23:54:39.716" threadId="000000000118E988" success="true" />
<exclusive-end id="720" timestamp="2019-07-02T23:54:39.716" durationms="4.815" />

<exclusive-start id="721" timestamp="2019-07-02T23:54:41.791" intervalms="2079.577">
  <response-info timems="0.033" idlems="0.033" threads="0" lastid="0000000001182C00" lastname="node-3" />
</exclusive-start>
<af-start id="722" threadId="0000000001183588" totalBytesRequested="24" timestamp="2019-07-02T23:54:41.791" intervalms="2079.561" />
<cycle-start id="723" type="global" contextid="0" timestamp="2019-07-02T23:54:41.791" intervalms="2079.556" />
  <attribute name="GC Util" value="153" />
  <attribute name="CPU Util" value="4989283727769" />
  <attribute name="Time Running"value="105570"/>
  <attribute name="Number of cores"value="4"/>
<gc-start id="724" type="global" contextid="723" timestamp="2019-07-02T23:54:41.791">
  <mem-info id="725" free="119808" total="11993088" percent="0">
    <mem type="tenure" free="119808" total="11993088" percent="0">
      <mem type="soa" free="0" total="11873280" percent="0" />
      <mem type="loa" free="119808" total="119808" percent="100" />
    </mem>
  </mem-info>
</gc-start>
<allocation-stats totalBytes="3520936" >
  <allocated-bytes non-tlh="0" tlh="3520936" />
  <largest-consumer threadName="node-2" threadId="0000000001152100" bytes="226184" />
</allocation-stats>
<gc-op id="726" type="mark" timems="5.971" contextid="723" timestamp="2019-07-02T23:54:41.797">
  <trace-info objectcount="144145" scancount="134641" scanbytes="5285908" />
  <finalization candidates="18" enqueued="0" />
  <references type="soft" candidates="45" cleared="0" enqueued="0" dynamicThreshold="9" maxThreshold="32" />
  <references type="weak" candidates="165" cleared="0" enqueued="0" />
  <references type="phantom" candidates="57" cleared="0" enqueued="0" />
  <stringconstants candidates="3825" cleared="0"  />
</gc-op>
<gc-op id="727" type="sweep" timems="1.404" contextid="723" timestamp="2019-07-02T23:54:41.798" />
<gc-end id="728" type="global" contextid="723" durationms="7.734" usertimems="12.000" systemtimems="0.000" timestamp="2019-07-02T23:54:41.799" activeThreads="4">
  <mem-info id="729" free="3650792" total="11993088" percent="30">
    <mem type="tenure" free="3650792" total="11993088" percent="30" micro-fragmented="1322927" macro-fragmented="0">
      <mem type="soa" free="3530984" total="11873280" percent="29" />
      <mem type="loa" free="119808" total="119808" percent="100" />
    </mem>
  </mem-info>
</gc-end>
<cycle-end id="730" type="global" contextid="723" timestamp="2019-07-02T23:54:41.799">
  <attribute name="GC Util" value="171" />
  <attribute name="CPU Util" value="3061598113433" />
  <attribute name="Time Running"value="107652"/>
  <attribute name="Number of cores"value="4"/>
</cycle-end>
<allocation-satisfied id="731" threadId="0000000001182C00" bytesRequested="24" />
<af-end id="732" timestamp="2019-07-02T23:54:41.799" threadId="0000000001183588" success="true" />
<exclusive-end id="733" timestamp="2019-07-02T23:54:41.799" durationms="8.647" />

<exclusive-start id="734" timestamp="2019-07-02T23:54:43.831" intervalms="2040.404">
  <response-info timems="0.063" idlems="0.063" threads="0" lastid="000000000117F000" lastname="node-23" />
</exclusive-start>
<af-start id="735" threadId="000000000117F988" totalBytesRequested="32" timestamp="2019-07-02T23:54:43.831" intervalms="2040.516" />
<cycle-start id="736" type="global" contextid="0" timestamp="2019-07-02T23:54:43.831" intervalms="2040.620" />
  <attribute name="GC Util" value="171" />
  <attribute name="CPU Util" value="3061598113433" />
  <attribute name="Time Running"value="107652"/>
  <attribute name="Number of cores"value="4"/>
<gc-start id="737" type="global" contextid="736" timestamp="2019-07-02T23:54:43.832">
  <mem-info id="738" free="119808" total="11993088" percent="0">
    <mem type="tenure" free="119808" total="11993088" percent="0">
      <mem type="soa" free="0" total="11873280" percent="0" />
      <mem type="loa" free="119808" total="119808" percent="100" />
    </mem>
  </mem-info>
</gc-start>
<allocation-stats totalBytes="3525184" >
  <allocated-bytes non-tlh="0" tlh="3525184" />
  <largest-consumer threadName="node-9" threadId="0000000001199300" bytes="216528" />
</allocation-stats>
<gc-op id="739" type="mark" timems="6.299" contextid="736" timestamp="2019-07-02T23:54:43.838">
  <trace-info objectcount="144089" scancount="134621" scanbytes="5285132" />
  <finalization candidates="18" enqueued="0" />
  <references type="soft" candidates="45" cleared="0" enqueued="0" dynamicThreshold="9" maxThreshold="32" />
  <references type="weak" candidates="165" cleared="0" enqueued="0" />
  <references type="phantom" candidates="57" cleared="0" enqueued="0" />
  <stringconstants candidates="3825" cleared="0"  />
</gc-op>
<gc-op id="740" type="sweep" timems="1.458" contextid="736" timestamp="2019-07-02T23:54:43.840" />
<gc-end id="741" type="global" contextid="736" durationms="8.454" usertimems="16.000" systemtimems="0.000" timestamp="2019-07-02T23:54:43.840" activeThreads="4">
  <mem-info id="742" free="3668000" total="11993088" percent="30">
    <mem type="tenure" free="3668000" total="11993088" percent="30" micro-fragmented="1324393" macro-fragmented="0">
      <mem type="soa" free="3548192" total="11873280" percent="29" />
      <mem type="loa" free="119808" total="119808" percent="100" />
    </mem>
  </mem-info>
</gc-end>
<cycle-end id="743" type="global" contextid="736" timestamp="2019-07-02T23:54:43.840">
  <attribute name="GC Util" value="163" />
  <attribute name="CPU Util" value="2859774980998" />
  <attribute name="Time Running"value="109694"/>
  <attribute name="Number of cores"value="4"/>
</cycle-end>
<allocation-satisfied id="744" threadId="000000000117F000" bytesRequested="32" />
<af-end id="745" timestamp="2019-07-02T23:54:43.841" threadId="000000000117F988" success="true" />
<exclusive-end id="746" timestamp="2019-07-02T23:54:43.841" durationms="9.795" />

<exclusive-start id="747" timestamp="2019-07-02T23:54:45.771" intervalms="1940.329">
  <response-info timems="0.034" idlems="0.034" threads="0" lastid="00000000011A8300" lastname="node-20" />
</exclusive-start>
<af-start id="748" threadId="00000000011A8C88" totalBytesRequested="24" timestamp="2019-07-02T23:54:45.771" intervalms="1940.258" />
<cycle-start id="749" type="global" contextid="0" timestamp="2019-07-02T23:54:45.772" intervalms="1940.189" />
  <attribute name="GC Util" value="163" />
  <attribute name="CPU Util" value="2859774980998" />
  <attribute name="Time Running"value="109694"/>
  <attribute name="Number of cores"value="4"/>
<gc-start id="750" type="global" contextid="749" timestamp="2019-07-02T23:54:45.772">
  <mem-info id="751" free="119808" total="11993088" percent="0">
    <mem type="tenure" free="119808" total="11993088" percent="0">
      <mem type="soa" free="0" total="11873280" percent="0" />
      <mem type="loa" free="119808" total="119808" percent="100" />
    </mem>
  </mem-info>
</gc-start>
<allocation-stats totalBytes="3540304" >
  <allocated-bytes non-tlh="0" tlh="3540304" />
  <largest-consumer threadName="node-12" threadId="000000000115D500" bytes="211680" />
</allocation-stats>
<gc-op id="752" type="mark" timems="4.948" contextid="749" timestamp="2019-07-02T23:54:45.777">
  <trace-info objectcount="144098" scancount="134587" scanbytes="5284860" />
  <finalization candidates="18" enqueued="0" />
  <references type="soft" candidates="45" cleared="0" enqueued="0" dynamicThreshold="9" maxThreshold="32" />
  <references type="weak" candidates="165" cleared="0" enqueued="0" />
  <references type="phantom" candidates="57" cleared="0" enqueued="0" />
  <stringconstants candidates="3825" cleared="0"  />
</gc-op>
<gc-op id="753" type="sweep" timems="0.781" contextid="749" timestamp="2019-07-02T23:54:45.778" />
<gc-end id="754" type="global" contextid="749" durationms="6.366" usertimems="12.000" systemtimems="0.000" timestamp="2019-07-02T23:54:45.778" activeThreads="4">
  <mem-info id="755" free="3657080" total="11993088" percent="30">
    <mem type="tenure" free="3657080" total="11993088" percent="30" micro-fragmented="1325322" macro-fragmented="0">
      <mem type="soa" free="3537272" total="11873280" percent="29" />
      <mem type="loa" free="119808" total="119808" percent="100" />
    </mem>
  </mem-info>
</gc-end>
<cycle-end id="756" type="global" contextid="749" timestamp="2019-07-02T23:54:45.778">
  <attribute name="GC Util" value="178" />
  <attribute name="CPU Util" value="3610971227562" />
  <attribute name="Time Running"value="111632"/>
  <attribute name="Number of cores"value="4"/>
</cycle-end>
<allocation-satisfied id="757" threadId="00000000011A8300" bytesRequested="24" />
<af-end id="758" timestamp="2019-07-02T23:54:45.779" threadId="00000000011A8C88" success="true" />
<exclusive-end id="759" timestamp="2019-07-02T23:54:45.779" durationms="7.392" />

<exclusive-start id="760" timestamp="2019-07-02T23:54:47.480" intervalms="1708.703">
  <response-info timems="0.104" idlems="0.104" threads="0" lastid="000000000116C500" lastname="node-14" />
</exclusive-start>
<af-start id="761" threadId="000000000116CE88" totalBytesRequested="32" timestamp="2019-07-02T23:54:47.480" intervalms="1708.757" />
<cycle-start id="762" type="global" contextid="0" timestamp="2019-07-02T23:54:47.480" intervalms="1708.855" />
  <attribute name="GC Util" value="178" />
  <attribute name="CPU Util" value="3610971227562" />
  <attribute name="Time Running"value="111632"/>
  <attribute name="Number of cores"value="4"/>
<gc-start id="763" type="global" contextid="762" timestamp="2019-07-02T23:54:47.481">
  <mem-info id="764" free="119808" total="11993088" percent="0">
    <mem type="tenure" free="119808" total="11993088" percent="0">
      <mem type="soa" free="0" total="11873280" percent="0" />
      <mem type="loa" free="119808" total="119808" percent="100" />
    </mem>
  </mem-info>
</gc-start>
<allocation-stats totalBytes="3527376" >
  <allocated-bytes non-tlh="0" tlh="3527376" />
  <largest-consumer threadName="node-19" threadId="00000000011AFB00" bytes="213480" />
</allocation-stats>
<gc-op id="765" type="mark" timems="5.643" contextid="762" timestamp="2019-07-02T23:54:47.487">
  <trace-info objectcount="144106" scancount="134596" scanbytes="5285068" />
  <finalization candidates="18" enqueued="0" />
  <references type="soft" candidates="45" cleared="0" enqueued="0" dynamicThreshold="9" maxThreshold="32" />
  <references type="weak" candidates="165" cleared="0" enqueued="0" />
  <references type="phantom" candidates="57" cleared="0" enqueued="0" />
  <stringconstants candidates="3825" cleared="0"  />
</gc-op>
<gc-op id="766" type="sweep" timems="1.321" contextid="762" timestamp="2019-07-02T23:54:47.488" />
<gc-end id="767" type="global" contextid="762" durationms="7.614" usertimems="12.000" systemtimems="0.000" timestamp="2019-07-02T23:54:47.488" activeThreads="4">
  <mem-info id="768" free="3657456" total="11993088" percent="30">
    <mem type="tenure" free="3657456" total="11993088" percent="30" micro-fragmented="1321869" macro-fragmented="0">
      <mem type="soa" free="3537648" total="11873280" percent="29" />
      <mem type="loa" free="119808" total="119808" percent="100" />
    </mem>
  </mem-info>
</gc-end>
<cycle-end id="769" type="global" contextid="762" timestamp="2019-07-02T23:54:47.488">
  <attribute name="GC Util" value="175" />
  <attribute name="CPU Util" value="3187132563896" />
  <attribute name="Time Running"value="113342"/>
  <attribute name="Number of cores"value="4"/>
</cycle-end>
<allocation-satisfied id="770" threadId="000000000116C500" bytesRequested="32" />
<af-end id="771" timestamp="2019-07-02T23:54:47.489" threadId="000000000116CE88" success="true" />
<exclusive-end id="772" timestamp="2019-07-02T23:54:47.489" durationms="8.821" />

<exclusive-start id="773" timestamp="2019-07-02T23:54:49.165" intervalms="1685.262">
  <response-info timems="0.097" idlems="0.097" threads="0" lastid="000000000118E000" lastname="node-24" />
</exclusive-start>
<af-start id="774" threadId="000000000118E988" totalBytesRequested="32" timestamp="2019-07-02T23:54:49.165" intervalms="1685.222" />
<cycle-start id="775" type="global" contextid="0" timestamp="2019-07-02T23:54:49.166" intervalms="1685.164" />
  <attribute name="GC Util" value="175" />
  <attribute name="CPU Util" value="3187132563896" />
  <attribute name="Time Running"value="113342"/>
  <attribute name="Number of cores"value="4"/>
<gc-start id="776" type="global" contextid="775" timestamp="2019-07-02T23:54:49.166">
  <mem-info id="777" free="119808" total="11993088" percent="0">
    <mem type="tenure" free="119808" total="11993088" percent="0">
      <mem type="soa" free="0" total="11873280" percent="0" />
      <mem type="loa" free="119808" total="119808" percent="100" />
    </mem>
  </mem-info>
</gc-start>
<allocation-stats totalBytes="3518472" >
  <allocated-bytes non-tlh="0" tlh="3518472" />
  <largest-consumer threadName="node-20" threadId="00000000011A8300" bytes="234912" />
</allocation-stats>
<gc-op id="778" type="mark" timems="6.286" contextid="775" timestamp="2019-07-02T23:54:49.172">
  <trace-info objectcount="144026" scancount="134558" scanbytes="5283620" />
  <finalization candidates="18" enqueued="0" />
  <references type="soft" candidates="45" cleared="0" enqueued="0" dynamicThreshold="9" maxThreshold="32" />
  <references type="weak" candidates="165" cleared="0" enqueued="0" />
  <references type="phantom" candidates="57" cleared="0" enqueued="0" />
  <stringconstants candidates="3825" cleared="0"  />
</gc-op>
<gc-op id="779" type="sweep" timems="1.521" contextid="775" timestamp="2019-07-02T23:54:49.174" />
<gc-end id="780" type="global" contextid="775" durationms="8.473" usertimems="12.000" systemtimems="0.000" timestamp="2019-07-02T23:54:49.174" activeThreads="4">
  <mem-info id="781" free="3668664" total="11993088" percent="30">
    <mem type="tenure" free="3668664" total="11993088" percent="30" micro-fragmented="1323994" macro-fragmented="0">
      <mem type="soa" free="3548856" total="11873280" percent="29" />
      <mem type="loa" free="119808" total="119808" percent="100" />
    </mem>
  </mem-info>
</gc-end>
<cycle-end id="782" type="global" contextid="775" timestamp="2019-07-02T23:54:49.174">
  <attribute name="GC Util" value="166" />
  <attribute name="CPU Util" value="2874066407757" />
  <attribute name="Time Running"value="115028"/>
  <attribute name="Number of cores"value="4"/>
</cycle-end>
<allocation-satisfied id="783" threadId="000000000118E000" bytesRequested="32" />
<af-end id="784" timestamp="2019-07-02T23:54:49.175" threadId="000000000118E988" success="true" />
<exclusive-end id="785" timestamp="2019-07-02T23:54:49.175" durationms="9.576" />

<exclusive-start id="786" timestamp="2019-07-02T23:54:50.459" intervalms="1293.272">
  <response-info timems="0.037" idlems="0.037" threads="0" lastid="000000000117F000" lastname="node-23" />
</exclusive-start>
<af-start id="787" threadId="000000000117F988" totalBytesRequested="24" timestamp="2019-07-02T23:54:50.459" intervalms="1293.211" />
<cycle-start id="788" type="global" contextid="0" timestamp="2019-07-02T23:54:50.459" intervalms="1293.128" />
  <attribute name="GC Util" value="166" />
  <attribute name="CPU Util" value="2874066407757" />
  <attribute name="Time Running"value="115028"/>
  <attribute name="Number of cores"value="4"/>
<gc-start id="789" type="global" contextid="788" timestamp="2019-07-02T23:54:50.459">
  <mem-info id="790" free="119808" total="11993088" percent="0">
    <mem type="tenure" free="119808" total="11993088" percent="0">
      <mem type="soa" free="0" total="11873280" percent="0" />
      <mem type="loa" free="119808" total="119808" percent="100" />
    </mem>
  </mem-info>
</gc-start>
<allocation-stats totalBytes="3543600" >
  <allocated-bytes non-tlh="0" tlh="3543600" />
  <largest-consumer threadName="node-9" threadId="0000000001199300" bytes="218032" />
</allocation-stats>
<gc-op id="791" type="mark" timems="3.079" contextid="788" timestamp="2019-07-02T23:54:50.462">
  <trace-info objectcount="144039" scancount="134527" scanbytes="5283420" />
  <finalization candidates="18" enqueued="0" />
  <references type="soft" candidates="45" cleared="0" enqueued="0" dynamicThreshold="9" maxThreshold="32" />
  <references type="weak" candidates="165" cleared="0" enqueued="0" />
  <references type="phantom" candidates="57" cleared="0" enqueued="0" />
  <stringconstants candidates="3825" cleared="0"  />
</gc-op>
<gc-op id="792" type="sweep" timems="0.297" contextid="788" timestamp="2019-07-02T23:54:50.462" />
<gc-end id="793" type="global" contextid="788" durationms="3.624" usertimems="8.000" systemtimems="0.000" timestamp="2019-07-02T23:54:50.462" activeThreads="4">
  <mem-info id="794" free="3664064" total="11993088" percent="30">
    <mem type="tenure" free="3664064" total="11993088" percent="30" micro-fragmented="1356615" macro-fragmented="0">
      <mem type="soa" free="3544256" total="11873280" percent="29" />
      <mem type="loa" free="119808" total="119808" percent="100" />
    </mem>
  </mem-info>
</gc-end>
<cycle-end id="795" type="global" contextid="788" timestamp="2019-07-02T23:54:50.462">
  <attribute name="GC Util" value="180" />
  <attribute name="CPU Util" value="5893609403887" />
  <attribute name="Time Running"value="116317"/>
  <attribute name="Number of cores"value="4"/>
</cycle-end>
<allocation-satisfied id="796" threadId="000000000117F000" bytesRequested="24" />
<af-end id="797" timestamp="2019-07-02T23:54:50.463" threadId="000000000117F988" success="true" />
<exclusive-end id="798" timestamp="2019-07-02T23:54:50.463" durationms="4.161" />

<exclusive-start id="799" timestamp="2019-07-02T23:54:52.120" intervalms="1661.543">
  <response-info timems="0.037" idlems="0.037" threads="0" lastid="00000000011A0B00" lastname="node-16" />
</exclusive-start>
<af-start id="800" threadId="00000000011A1488" totalBytesRequested="32" timestamp="2019-07-02T23:54:52.120" intervalms="1661.557" />
<cycle-start id="801" type="global" contextid="0" timestamp="2019-07-02T23:54:52.120" intervalms="1661.565" />
  <attribute name="GC Util" value="180" />
  <attribute name="CPU Util" value="5893609403887" />
  <attribute name="Time Running"value="116317"/>
  <attribute name="Number of cores"value="4"/>
<gc-start id="802" type="global" contextid="801" timestamp="2019-07-02T23:54:52.120">
  <mem-info id="803" free="119808" total="11993088" percent="0">
    <mem type="tenure" free="119808" total="11993088" percent="0">
      <mem type="soa" free="0" total="11873280" percent="0" />
      <mem type="loa" free="119808" total="119808" percent="100" />
    </mem>
  </mem-info>
</gc-start>
<allocation-stats totalBytes="3540784" >
  <allocated-bytes non-tlh="0" tlh="3540784" />
  <largest-consumer threadName="node-1" threadId="0000000001170100" bytes="217128" />
</allocation-stats>
<gc-op id="804" type="mark" timems="3.083" contextid="801" timestamp="2019-07-02T23:54:52.123">
  <trace-info objectcount="144022" scancount="134516" scanbytes="5282948" />
  <finalization candidates="18" enqueued="0" />
  <references type="soft" candidates="45" cleared="0" enqueued="0" dynamicThreshold="9" maxThreshold="32" />
  <references type="weak" candidates="165" cleared="0" enqueued="0" />
  <references type="phantom" candidates="57" cleared="0" enqueued="0" />
  <stringconstants candidates="3825" cleared="0"  />
</gc-op>
<gc-op id="805" type="sweep" timems="0.297" contextid="801" timestamp="2019-07-02T23:54:52.124" />
<gc-end id="806" type="global" contextid="801" durationms="3.656" usertimems="8.000" systemtimems="0.000" timestamp="2019-07-02T23:54:52.124" activeThreads="4">
  <mem-info id="807" free="3659392" total="11993088" percent="30">
    <mem type="tenure" free="3659392" total="11993088" percent="30" micro-fragmented="1321604" macro-fragmented="0">
      <mem type="soa" free="3539584" total="11873280" percent="29" />
      <mem type="loa" free="119808" total="119808" percent="100" />
    </mem>
  </mem-info>
</gc-end>
<cycle-end id="808" type="global" contextid="801" timestamp="2019-07-02T23:54:52.124">
  <attribute name="GC Util" value="184" />
  <attribute name="CPU Util" value="5854570293286" />
  <attribute name="Time Running"value="117979"/>
  <attribute name="Number of cores"value="4"/>
</cycle-end>
<allocation-satisfied id="809" threadId="00000000011A0B00" bytesRequested="32" />
<af-end id="810" timestamp="2019-07-02T23:54:52.124" threadId="00000000011A1488" success="true" />
<exclusive-end id="811" timestamp="2019-07-02T23:54:52.124" durationms="4.295" />

<exclusive-start id="812" timestamp="2019-07-02T23:54:53.742" intervalms="1622.173">
  <response-info timems="0.066" idlems="0.066" threads="0" lastid="0000000001155D00" lastname="node-10" />
</exclusive-start>
<af-start id="813" threadId="0000000001156688" totalBytesRequested="32" timestamp="2019-07-02T23:54:53.742" intervalms="1622.217" />
<cycle-start id="814" type="global" contextid="0" timestamp="2019-07-02T23:54:53.743" intervalms="1622.354" />
  <attribute name="GC Util" value="184" />
  <attribute name="CPU Util" value="5854570293286" />
  <attribute name="Time Running"value="117979"/>
  <attribute name="Number of cores"value="4"/>
<gc-start id="815" type="global" contextid="814" timestamp="2019-07-02T23:54:53.743">
  <mem-info id="816" free="119808" total="11993088" percent="0">
    <mem type="tenure" free="119808" total="11993088" percent="0">
      <mem type="soa" free="0" total="11873280" percent="0" />
      <mem type="loa" free="119808" total="119808" percent="100" />
    </mem>
  </mem-info>
</gc-start>
<allocation-stats totalBytes="3534296" >
  <allocated-bytes non-tlh="0" tlh="3534296" />
  <largest-consumer threadName="node-7" threadId="0000000001177800" bytes="229368" />
</allocation-stats>
<gc-op id="817" type="mark" timems="4.252" contextid="814" timestamp="2019-07-02T23:54:53.747">
  <trace-info objectcount="143964" scancount="134476" scanbytes="5282132" />
  <finalization candidates="18" enqueued="0" />
  <references type="soft" candidates="45" cleared="0" enqueued="0" dynamicThreshold="9" maxThreshold="32" />
  <references type="weak" candidates="165" cleared="0" enqueued="0" />
  <references type="phantom" candidates="57" cleared="0" enqueued="0" />
  <stringconstants candidates="3825" cleared="0"  />
</gc-op>
<gc-op id="818" type="sweep" timems="0.296" contextid="814" timestamp="2019-07-02T23:54:53.748" />
<gc-end id="819" type="global" contextid="814" durationms="5.176" usertimems="8.000" systemtimems="0.000" timestamp="2019-07-02T23:54:53.748" activeThreads="4">
  <mem-info id="820" free="3670744" total="11993088" percent="30">
    <mem type="tenure" free="3670744" total="11993088" percent="30" micro-fragmented="1323463" macro-fragmented="0">
      <mem type="soa" free="3550936" total="11873280" percent="29" />
      <mem type="loa" free="119808" total="119808" percent="100" />
    </mem>
  </mem-info>
</gc-end>
<cycle-end id="821" type="global" contextid="814" timestamp="2019-07-02T23:54:53.748">
  <attribute name="GC Util" value="183" />
  <attribute name="CPU Util" value="4208060418318" />
  <attribute name="Time Running"value="119603"/>
  <attribute name="Number of cores"value="4"/>
</cycle-end>
<allocation-satisfied id="822" threadId="0000000001155D00" bytesRequested="32" />
<af-end id="823" timestamp="2019-07-02T23:54:53.748" threadId="0000000001156688" success="true" />
<exclusive-end id="824" timestamp="2019-07-02T23:54:53.749" durationms="6.322" />

<exclusive-start id="825" timestamp="2019-07-02T23:54:55.415" intervalms="1672.595">
  <response-info timems="0.043" idlems="0.043" threads="0" lastid="0000000001199300" lastname="node-9" />
</exclusive-start>
<af-start id="826" threadId="0000000001199C88" totalBytesRequested="24" timestamp="2019-07-02T23:54:55.415" intervalms="1672.536" />
<cycle-start id="827" type="global" contextid="0" timestamp="2019-07-02T23:54:55.415" intervalms="1672.387" />
  <attribute name="GC Util" value="183" />
  <attribute name="CPU Util" value="4208060418318" />
  <attribute name="Time Running"value="119603"/>
  <attribute name="Number of cores"value="4"/>
<gc-start id="828" type="global" contextid="827" timestamp="2019-07-02T23:54:55.415">
  <mem-info id="829" free="119808" total="11993088" percent="0">
    <mem type="tenure" free="119808" total="11993088" percent="0">
      <mem type="soa" free="0" total="11873280" percent="0" />
      <mem type="loa" free="119808" total="119808" percent="100" />
    </mem>
  </mem-info>
</gc-start>
<allocation-stats totalBytes="3545976" >
  <allocated-bytes non-tlh="0" tlh="3545976" />
  <largest-consumer threadName="node-12" threadId="000000000115D500" bytes="231656" />
</allocation-stats>
<gc-op id="830" type="mark" timems="3.073" contextid="827" timestamp="2019-07-02T23:54:55.418">
  <trace-info objectcount="143978" scancount="134463" scanbytes="5281908" />
  <finalization candidates="18" enqueued="0" />
  <references type="soft" candidates="45" cleared="0" enqueued="0" dynamicThreshold="9" maxThreshold="32" />
  <references type="weak" candidates="165" cleared="0" enqueued="0" />
  <references type="phantom" candidates="57" cleared="0" enqueued="0" />
  <stringconstants candidates="3825" cleared="0"  />
</gc-op>
<gc-op id="831" type="sweep" timems="0.303" contextid="827" timestamp="2019-07-02T23:54:55.419" />
<gc-end id="832" type="global" contextid="827" durationms="3.607" usertimems="12.000" systemtimems="0.000" timestamp="2019-07-02T23:54:55.419" activeThreads="4">
  <mem-info id="833" free="3658216" total="11993088" percent="30">
    <mem type="tenure" free="3658216" total="11993088" percent="30" micro-fragmented="1324809" macro-fragmented="0">
      <mem type="soa" free="3538408" total="11873280" percent="29" />
      <mem type="loa" free="119808" total="119808" percent="100" />
    </mem>
  </mem-info>
</gc-end>
<cycle-end id="834" type="global" contextid="827" timestamp="2019-07-02T23:54:55.419">
  <attribute name="GC Util" value="182" />
  <attribute name="CPU Util" value="5874222326261" />
  <attribute name="Time Running"value="121274"/>
  <attribute name="Number of cores"value="4"/>
</cycle-end>
<allocation-satisfied id="835" threadId="0000000001199300" bytesRequested="24" />
<af-end id="836" timestamp="2019-07-02T23:54:55.419" threadId="0000000001199C88" success="true" />
<exclusive-end id="837" timestamp="2019-07-02T23:54:55.419" durationms="4.100" />

<exclusive-start id="838" timestamp="2019-07-02T23:54:56.961" intervalms="1546.278">
  <response-info timems="0.048" idlems="0.048" threads="0" lastid="0000000001164D00" lastname="node-5" />
</exclusive-start>
<af-start id="839" threadId="0000000001165688" totalBytesRequested="32" timestamp="2019-07-02T23:54:56.961" intervalms="1546.337" />
<cycle-start id="840" type="global" contextid="0" timestamp="2019-07-02T23:54:56.961" intervalms="1546.424" />
  <attribute name="GC Util" value="182" />
  <attribute name="CPU Util" value="5874222326261" />
  <attribute name="Time Running"value="121274"/>
  <attribute name="Number of cores"value="4"/>
<gc-start id="841" type="global" contextid="840" timestamp="2019-07-02T23:54:56.962">
  <mem-info id="842" free="119808" total="11993088" percent="0">
    <mem type="tenure" free="119808" total="11993088" percent="0">
      <mem type="soa" free="0" total="11873280" percent="0" />
      <mem type="loa" free="119808" total="119808" percent="100" />
    </mem>
  </mem-info>
</gc-start>
<allocation-stats totalBytes="3532768" >
  <allocated-bytes non-tlh="0" tlh="3532768" />
  <largest-consumer threadName="node-14" threadId="000000000116C500" bytes="230864" />
</allocation-stats>
<gc-op id="843" type="mark" timems="4.956" contextid="840" timestamp="2019-07-02T23:54:56.967">
  <trace-info objectcount="143944" scancount="134444" scanbytes="5281364" />
  <finalization candidates="18" enqueued="0" />
  <references type="soft" candidates="45" cleared="0" enqueued="0" dynamicThreshold="9" maxThreshold="32" />
  <references type="weak" candidates="165" cleared="0" enqueued="0" />
  <references type="phantom" candidates="57" cleared="0" enqueued="0" />
  <stringconstants candidates="3825" cleared="0"  />
</gc-op>
<gc-op id="844" type="sweep" timems="0.463" contextid="840" timestamp="2019-07-02T23:54:56.967" />
<gc-end id="845" type="global" contextid="840" durationms="5.975" usertimems="8.000" systemtimems="0.000" timestamp="2019-07-02T23:54:56.968" activeThreads="4">
  <mem-info id="846" free="3659104" total="11993088" percent="30">
    <mem type="tenure" free="3659104" total="11993088" percent="30" micro-fragmented="1325454" macro-fragmented="0">
      <mem type="soa" free="3539296" total="11873280" percent="29" />
      <mem type="loa" free="119808" total="119808" percent="100" />
    </mem>
  </mem-info>
</gc-end>
<cycle-end id="847" type="global" contextid="840" timestamp="2019-07-02T23:54:56.968">
  <attribute name="GC Util" value="178" />
  <attribute name="CPU Util" value="3629621206282" />
  <attribute name="Time Running"value="122822"/>
  <attribute name="Number of cores"value="4"/>
</cycle-end>
<allocation-satisfied id="848" threadId="0000000001164D00" bytesRequested="32" />
<af-end id="849" timestamp="2019-07-02T23:54:56.968" threadId="0000000001165688" success="true" />
<exclusive-end id="850" timestamp="2019-07-02T23:54:56.968" durationms="6.936" />

<exclusive-start id="851" timestamp="2019-07-02T23:54:58.397" intervalms="1436.309">
  <response-info timems="0.034" idlems="0.034" threads="0" lastid="00000000011ABF00" lastname="node-0" />
</exclusive-start>
<af-start id="852" threadId="00000000011AC888" totalBytesRequested="416" timestamp="2019-07-02T23:54:58.398" intervalms="1436.314" />
<cycle-start id="853" type="global" contextid="0" timestamp="2019-07-02T23:54:58.398" intervalms="1436.333" />
  <attribute name="GC Util" value="178" />
  <attribute name="CPU Util" value="3629621206282" />
  <attribute name="Time Running"value="122822"/>
  <attribute name="Number of cores"value="4"/>
<gc-start id="854" type="global" contextid="853" timestamp="2019-07-02T23:54:58.398">
  <mem-info id="855" free="119808" total="11993088" percent="0">
    <mem type="tenure" free="119808" total="11993088" percent="0">
      <mem type="soa" free="0" total="11873280" percent="0" />
      <mem type="loa" free="119808" total="119808" percent="100" />
    </mem>
  </mem-info>
</gc-start>
<allocation-stats totalBytes="3533696" >
  <allocated-bytes non-tlh="0" tlh="3533696" />
  <largest-consumer threadName="node-23" threadId="000000000117F000" bytes="205424" />
</allocation-stats>
<gc-op id="856" type="mark" timems="5.408" contextid="853" timestamp="2019-07-02T23:54:58.404">
  <trace-info objectcount="143965" scancount="134438" scanbytes="5281244" />
  <finalization candidates="18" enqueued="0" />
  <references type="soft" candidates="45" cleared="0" enqueued="0" dynamicThreshold="9" maxThreshold="32" />
  <references type="weak" candidates="165" cleared="0" enqueued="0" />
  <references type="phantom" candidates="57" cleared="0" enqueued="0" />
  <stringconstants candidates="3825" cleared="0"  />
</gc-op>
<gc-op id="857" type="sweep" timems="0.769" contextid="853" timestamp="2019-07-02T23:54:58.405" />
<gc-end id="858" type="global" contextid="853" durationms="6.840" usertimems="12.000" systemtimems="0.000" timestamp="2019-07-02T23:54:58.405" activeThreads="4">
  <mem-info id="859" free="3644864" total="11993088" percent="30">
    <mem type="tenure" free="3644864" total="11993088" percent="30" micro-fragmented="1333381" macro-fragmented="0">
      <mem type="soa" free="3525056" total="11873280" percent="29" />
      <mem type="loa" free="119808" total="119808" percent="100" />
    </mem>
  </mem-info>
</gc-end>
<cycle-end id="860" type="global" contextid="853" timestamp="2019-07-02T23:54:58.405">
  <attribute name="GC Util" value="186" />
  <attribute name="CPU Util" value="3320744201914" />
  <attribute name="Time Running"value="124259"/>
  <attribute name="Number of cores"value="4"/>
</cycle-end>
<allocation-satisfied id="861" threadId="00000000011ABF00" bytesRequested="416" />
<af-end id="862" timestamp="2019-07-02T23:54:58.405" threadId="00000000011AC888" success="true" />
<exclusive-end id="863" timestamp="2019-07-02T23:54:58.405" durationms="7.755" />

<exclusive-start id="864" timestamp="2019-07-02T23:55:00.237" intervalms="1839.456">
  <response-info timems="0.033" idlems="0.033" threads="0" lastid="000000000118E000" lastname="node-24" />
</exclusive-start>
<af-start id="865" threadId="000000000118E988" totalBytesRequested="32" timestamp="2019-07-02T23:55:00.237" intervalms="1839.402" />
<cycle-start id="866" type="global" contextid="0" timestamp="2019-07-02T23:55:00.237" intervalms="1839.303" />
  <attribute name="GC Util" value="186" />
  <attribute name="CPU Util" value="3320744201914" />
  <attribute name="Time Running"value="124259"/>
  <attribute name="Number of cores"value="4"/>
<gc-start id="867" type="global" contextid="866" timestamp="2019-07-02T23:55:00.237">
  <mem-info id="868" free="119808" total="11993088" percent="0">
    <mem type="tenure" free="119808" total="11993088" percent="0">
      <mem type="soa" free="0" total="11873280" percent="0" />
      <mem type="loa" free="119808" total="119808" percent="100" />
    </mem>
  </mem-info>
</gc-start>
<allocation-stats totalBytes="3517560" >
  <allocated-bytes non-tlh="1024" tlh="3516536" />
  <largest-consumer threadName="node-9" threadId="0000000001199300" bytes="210560" />
</allocation-stats>
<gc-op id="869" type="mark" timems="4.366" contextid="866" timestamp="2019-07-02T23:55:00.242">
  <trace-info objectcount="143909" scancount="134398" scanbytes="5280316" />
  <finalization candidates="18" enqueued="0" />
  <references type="soft" candidates="45" cleared="0" enqueued="0" dynamicThreshold="9" maxThreshold="32" />
  <references type="weak" candidates="165" cleared="0" enqueued="0" />
  <references type="phantom" candidates="57" cleared="0" enqueued="0" />
  <stringconstants candidates="3825" cleared="0"  />
</gc-op>
<gc-op id="870" type="sweep" timems="0.317" contextid="866" timestamp="2019-07-02T23:55:00.242" />
<gc-end id="871" type="global" contextid="866" durationms="4.942" usertimems="12.000" systemtimems="0.000" timestamp="2019-07-02T23:55:00.242" activeThreads="4">
  <mem-info id="872" free="3658240" total="11993088" percent="30">
    <mem type="tenure" free="3658240" total="11993088" percent="30" micro-fragmented="1323463" macro-fragmented="0">
      <mem type="soa" free="3538432" total="11873280" percent="29" />
      <mem type="loa" free="119808" total="119808" percent="100" />
    </mem>
  </mem-info>
</gc-end>
<cycle-end id="873" type="global" contextid="866" timestamp="2019-07-02T23:55:00.242">
  <attribute name="GC Util" value="185" />
  <attribute name="CPU Util" value="4160942538152" />
  <attribute name="Time Running"value="126097"/>
  <attribute name="Number of cores"value="4"/>
</cycle-end>
<allocation-satisfied id="874" threadId="000000000118E000" bytesRequested="32" />
<af-end id="875" timestamp="2019-07-02T23:55:00.242" threadId="000000000118E988" success="true" />
<exclusive-end id="876" timestamp="2019-07-02T23:55:00.242" durationms="5.358" />

<exclusive-start id="877" timestamp="2019-07-02T23:55:02.383" intervalms="2146.037">
  <response-info timems="0.866" idlems="0.568" threads="2" lastid="00000000011ABF00" lastname="node-0" />
</exclusive-start>
<af-start id="878" threadId="0000000001152A88" totalBytesRequested="24" timestamp="2019-07-02T23:55:02.383" intervalms="2146.110" />
<cycle-start id="879" type="global" contextid="0" timestamp="2019-07-02T23:55:02.383" intervalms="2146.206" />
  <attribute name="GC Util" value="185" />
  <attribute name="CPU Util" value="4160942538152" />
  <attribute name="Time Running"value="126097"/>
  <attribute name="Number of cores"value="4"/>
<gc-start id="880" type="global" contextid="879" timestamp="2019-07-02T23:55:02.383">
  <mem-info id="881" free="119808" total="11993088" percent="0">
    <mem type="tenure" free="119808" total="11993088" percent="0">
      <mem type="soa" free="0" total="11873280" percent="0" />
      <mem type="loa" free="119808" total="119808" percent="100" />
    </mem>
  </mem-info>
</gc-start>
<allocation-stats totalBytes="3527176" >
  <allocated-bytes non-tlh="0" tlh="3527176" />
  <largest-consumer threadName="node-21" threadId="0000000001159900" bytes="206112" />
</allocation-stats>
<gc-op id="882" type="mark" timems="5.875" contextid="879" timestamp="2019-07-02T23:55:02.390">
  <trace-info objectcount="143862" scancount="134374" scanbytes="5279684" />
  <finalization candidates="18" enqueued="0" />
  <references type="soft" candidates="45" cleared="0" enqueued="0" dynamicThreshold="9" maxThreshold="32" />
  <references type="weak" candidates="165" cleared="0" enqueued="0" />
  <references type="phantom" candidates="57" cleared="0" enqueued="0" />
  <stringconstants candidates="3825" cleared="0"  />
</gc-op>
<gc-op id="883" type="sweep" timems="1.188" contextid="879" timestamp="2019-07-02T23:55:02.391" />
<gc-end id="884" type="global" contextid="879" durationms="7.843" usertimems="8.000" systemtimems="4.000" timestamp="2019-07-02T23:55:02.391" activeThreads="4">
  <mem-info id="885" free="3666808" total="11993088" percent="30">
    <mem type="tenure" free="3666808" total="11993088" percent="30" micro-fragmented="1324791" macro-fragmented="0">
      <mem type="soa" free="3547000" total="11873280" percent="29" />
      <mem type="loa" free="119808" total="119808" percent="100" />
    </mem>
  </mem-info>
</gc-end>
<cycle-end id="886" type="global" contextid="879" timestamp="2019-07-02T23:55:02.391">
  <attribute name="GC Util" value="176" />
  <attribute name="CPU Util" value="3043918209479" />
  <attribute name="Time Running"value="128245"/>
  <attribute name="Number of cores"value="4"/>
</cycle-end>
<allocation-satisfied id="887" threadId="0000000001152100" bytesRequested="24" />
<af-end id="888" timestamp="2019-07-02T23:55:02.392" threadId="0000000001152A88" success="true" />
<exclusive-end id="889" timestamp="2019-07-02T23:55:02.392" durationms="9.027" />

<exclusive-start id="890" timestamp="2019-07-02T23:55:04.083" intervalms="1700.085">
  <response-info timems="0.062" idlems="0.062" threads="0" lastid="0000000001155D00" lastname="node-10" />
</exclusive-start>
<af-start id="891" threadId="0000000001156688" totalBytesRequested="32" timestamp="2019-07-02T23:55:04.083" intervalms="1700.054" />
<cycle-start id="892" type="global" contextid="0" timestamp="2019-07-02T23:55:04.083" intervalms="1700.021" />
  <attribute name="GC Util" value="176" />
  <attribute name="CPU Util" value="3043918209479" />
  <attribute name="Time Running"value="128245"/>
  <attribute name="Number of cores"value="4"/>
<gc-start id="893" type="global" contextid="892" timestamp="2019-07-02T23:55:04.083">
  <mem-info id="894" free="119808" total="11993088" percent="0">
    <mem type="tenure" free="119808" total="11993088" percent="0">
      <mem type="soa" free="0" total="11873280" percent="0" />
      <mem type="loa" free="119808" total="119808" percent="100" />
    </mem>
  </mem-info>
</gc-start>
<allocation-stats totalBytes="3540384" >
  <allocated-bytes non-tlh="0" tlh="3540384" />
  <largest-consumer threadName="node-0" threadId="00000000011ABF00" bytes="210176" />
</allocation-stats>
<gc-op id="895" type="mark" timems="3.196" contextid="892" timestamp="2019-07-02T23:55:04.087">
  <trace-info objectcount="143873" scancount="134370" scanbytes="5279452" />
  <finalization candidates="18" enqueued="0" />
  <references type="soft" candidates="45" cleared="0" enqueued="0" dynamicThreshold="9" maxThreshold="32" />
  <references type="weak" candidates="165" cleared="0" enqueued="0" />
  <references type="phantom" candidates="57" cleared="0" enqueued="0" />
  <stringconstants candidates="3825" cleared="0"  />
</gc-op>
<gc-op id="896" type="sweep" timems="0.296" contextid="892" timestamp="2019-07-02T23:55:04.087" />
<gc-end id="897" type="global" contextid="892" durationms="4.011" usertimems="8.000" systemtimems="0.000" timestamp="2019-07-02T23:55:04.087" activeThreads="4">
  <mem-info id="898" free="3664600" total="11993088" percent="30">
    <mem type="tenure" free="3664600" total="11993088" percent="30" micro-fragmented="1324658" macro-fragmented="0">
      <mem type="soa" free="3544792" total="11873280" percent="29" />
      <mem type="loa" free="119808" total="119808" percent="100" />
    </mem>
  </mem-info>
</gc-end>
<cycle-end id="899" type="global" contextid="892" timestamp="2019-07-02T23:55:04.088">
  <attribute name="GC Util" value="174" />
  <attribute name="CPU Util" value="5605187217902" />
  <attribute name="Time Running"value="129942"/>
  <attribute name="Number of cores"value="4"/>
</cycle-end>
<allocation-satisfied id="900" threadId="0000000001155D00" bytesRequested="32" />
<af-end id="901" timestamp="2019-07-02T23:55:04.088" threadId="0000000001156688" success="true" />
<exclusive-end id="902" timestamp="2019-07-02T23:55:04.088" durationms="4.946" />

<exclusive-start id="903" timestamp="2019-07-02T23:55:05.833" intervalms="1750.024">
  <response-info timems="0.031" idlems="0.031" threads="0" lastid="00000000011AFB00" lastname="node-19" />
</exclusive-start>
<af-start id="904" threadId="00000000011B0488" totalBytesRequested="32" timestamp="2019-07-02T23:55:05.833" intervalms="1750.004" />
<cycle-start id="905" type="global" contextid="0" timestamp="2019-07-02T23:55:05.833" intervalms="1749.959" />
  <attribute name="GC Util" value="174" />
  <attribute name="CPU Util" value="5605187217902" />
  <attribute name="Time Running"value="129942"/>
  <attribute name="Number of cores"value="4"/>
<gc-start id="906" type="global" contextid="905" timestamp="2019-07-02T23:55:05.833">
  <mem-info id="907" free="119808" total="11993088" percent="0">
    <mem type="tenure" free="119808" total="11993088" percent="0">
      <mem type="soa" free="0" total="11873280" percent="0" />
      <mem type="loa" free="119808" total="119808" percent="100" />
    </mem>
  </mem-info>
</gc-start>
<allocation-stats totalBytes="3535352" >
  <allocated-bytes non-tlh="0" tlh="3535352" />
  <largest-consumer threadName="node-8" threadId="0000000001168900" bytes="223248" />
</allocation-stats>
<gc-op id="908" type="mark" timems="5.344" contextid="905" timestamp="2019-07-02T23:55:05.839">
  <trace-info objectcount="143822" scancount="134334" scanbytes="5278724" />
  <finalization candidates="18" enqueued="0" />
  <references type="soft" candidates="45" cleared="0" enqueued="0" dynamicThreshold="9" maxThreshold="32" />
  <references type="weak" candidates="165" cleared="0" enqueued="0" />
  <references type="phantom" candidates="57" cleared="0" enqueued="0" />
  <stringconstants candidates="3825" cleared="0"  />
</gc-op>
<gc-op id="909" type="sweep" timems="0.765" contextid="905" timestamp="2019-07-02T23:55:05.840" />
<gc-end id="910" type="global" contextid="905" durationms="6.544" usertimems="12.000" systemtimems="0.000" timestamp="2019-07-02T23:55:05.840" activeThreads="4">
  <mem-info id="911" free="3672896" total="11993088" percent="30">
    <mem type="tenure" free="3672896" total="11993088" percent="30" micro-fragmented="1323198" macro-fragmented="0">
      <mem type="soa" free="3553088" total="11873280" percent="29" />
      <mem type="loa" free="119808" total="119808" percent="100" />
    </mem>
  </mem-info>
</gc-end>
<cycle-end id="912" type="global" contextid="905" timestamp="2019-07-02T23:55:05.840">
  <attribute name="GC Util" value="187" />
  <attribute name="CPU Util" value="3370117764694" />
  <attribute name="Time Running"value="131694"/>
  <attribute name="Number of cores"value="4"/>
</cycle-end>
<allocation-satisfied id="913" threadId="00000000011AFB00" bytesRequested="32" />
<af-end id="914" timestamp="2019-07-02T23:55:05.840" threadId="00000000011B0488" success="true" />
<exclusive-end id="915" timestamp="2019-07-02T23:55:05.840" durationms="7.302" />

<exclusive-start id="916" timestamp="2019-07-02T23:55:07.760" intervalms="1927.327">
  <response-info timems="0.029" idlems="0.029" threads="0" lastid="0000000001152100" lastname="node-2" />
</exclusive-start>
<af-start id="917" threadId="0000000001152A88" totalBytesRequested="32" timestamp="2019-07-02T23:55:07.760" intervalms="1927.295" />
<cycle-start id="918" type="global" contextid="0" timestamp="2019-07-02T23:55:07.760" intervalms="1927.273" />
  <attribute name="GC Util" value="187" />
  <attribute name="CPU Util" value="3370117764694" />
  <attribute name="Time Running"value="131694"/>
  <attribute name="Number of cores"value="4"/>
<gc-start id="919" type="global" contextid="918" timestamp="2019-07-02T23:55:07.761">
  <mem-info id="920" free="119808" total="11993088" percent="0">
    <mem type="tenure" free="119808" total="11993088" percent="0">
      <mem type="soa" free="0" total="11873280" percent="0" />
      <mem type="loa" free="119808" total="119808" percent="100" />
    </mem>
  </mem-info>
</gc-start>
<allocation-stats totalBytes="3546336" >
  <allocated-bytes non-tlh="0" tlh="3546336" />
  <largest-consumer threadName="node-12" threadId="000000000115D500" bytes="220680" />
</allocation-stats>
<gc-op id="921" type="mark" timems="4.397" contextid="918" timestamp="2019-07-02T23:55:07.765">
  <trace-info objectcount="143828" scancount="134337" scanbytes="5278372" />
  <finalization candidates="18" enqueued="0" />
  <references type="soft" candidates="45" cleared="0" enqueued="0" dynamicThreshold="9" maxThreshold="32" />
  <references type="weak" candidates="165" cleared="0" enqueued="0" />
  <references type="phantom" candidates="57" cleared="0" enqueued="0" />
  <stringconstants candidates="3825" cleared="0"  />
</gc-op>
<gc-op id="922" type="sweep" timems="0.346" contextid="918" timestamp="2019-07-02T23:55:07.765" />
<gc-end id="923" type="global" contextid="918" durationms="5.069" usertimems="12.000" systemtimems="0.000" timestamp="2019-07-02T23:55:07.766" activeThreads="4">
  <mem-info id="924" free="3670432" total="11993088" percent="30">
    <mem type="tenure" free="3670432" total="11993088" percent="30" micro-fragmented="1322667" macro-fragmented="0">
      <mem type="soa" free="3550624" total="11873280" percent="29" />
      <mem type="loa" free="119808" total="119808" percent="100" />
    </mem>
  </mem-info>
</gc-end>
<cycle-end id="925" type="global" contextid="918" timestamp="2019-07-02T23:55:07.766">
  <attribute name="GC Util" value="180" />
  <attribute name="CPU Util" value="4124011347888" />
  <attribute name="Time Running"value="133620"/>
  <attribute name="Number of cores"value="4"/>
</cycle-end>
<allocation-satisfied id="926" threadId="0000000001152100" bytesRequested="32" />
<af-end id="927" timestamp="2019-07-02T23:55:07.766" threadId="0000000001152A88" success="true" />
<exclusive-end id="928" timestamp="2019-07-02T23:55:07.766" durationms="5.805" />

<exclusive-start id="929" timestamp="2019-07-02T23:55:09.618" intervalms="1857.406">
  <response-info timems="0.033" idlems="0.033" threads="0" lastid="0000000001152100" lastname="node-2" />
</exclusive-start>
<af-start id="930" threadId="0000000001152A88" totalBytesRequested="24" timestamp="2019-07-02T23:55:09.618" intervalms="1857.468" />
<cycle-start id="931" type="global" contextid="0" timestamp="2019-07-02T23:55:09.618" intervalms="1857.573" />
  <attribute name="GC Util" value="180" />
  <attribute name="CPU Util" value="4124011347888" />
  <attribute name="Time Running"value="133620"/>
  <attribute name="Number of cores"value="4"/>
<gc-start id="932" type="global" contextid="931" timestamp="2019-07-02T23:55:09.618">
  <mem-info id="933" free="119808" total="11993088" percent="0">
    <mem type="tenure" free="119808" total="11993088" percent="0">
      <mem type="soa" free="0" total="11873280" percent="0" />
      <mem type="loa" free="119808" total="119808" percent="100" />
    </mem>
  </mem-info>
</gc-start>
<allocation-stats totalBytes="3542488" >
  <allocated-bytes non-tlh="0" tlh="3542488" />
  <largest-consumer threadName="node-21" threadId="0000000001159900" bytes="220104" />
</allocation-stats>
<gc-op id="934" type="mark" timems="5.123" contextid="931" timestamp="2019-07-02T23:55:09.624">
  <trace-info objectcount="143805" scancount="134294" scanbytes="5277828" />
  <finalization candidates="18" enqueued="0" />
  <references type="soft" candidates="45" cleared="0" enqueued="0" dynamicThreshold="9" maxThreshold="32" />
  <references type="weak" candidates="165" cleared="0" enqueued="0" />
  <references type="phantom" candidates="57" cleared="0" enqueued="0" />
  <stringconstants candidates="3825" cleared="0"  />
</gc-op>
<gc-op id="935" type="sweep" timems="0.750" contextid="931" timestamp="2019-07-02T23:55:09.625" />
<gc-end id="936" type="global" contextid="931" durationms="6.606" usertimems="12.000" systemtimems="0.000" timestamp="2019-07-02T23:55:09.625" activeThreads="4">
  <mem-info id="937" free="3669648" total="11993088" percent="30">
    <mem type="tenure" free="3669648" total="11993088" percent="30" micro-fragmented="1322932" macro-fragmented="0">
      <mem type="soa" free="3549840" total="11873280" percent="29" />
      <mem type="loa" free="119808" total="119808" percent="100" />
    </mem>
  </mem-info>
</gc-end>
<cycle-end id="938" type="global" contextid="931" timestamp="2019-07-02T23:55:09.625">
  <attribute name="GC Util" value="184" />
  <attribute name="CPU Util" value="3493543378773" />
  <attribute name="Time Running"value="135479"/>
  <attribute name="Number of cores"value="4"/>
</cycle-end>
<allocation-satisfied id="939" threadId="0000000001152100" bytesRequested="24" />
<af-end id="940" timestamp="2019-07-02T23:55:09.625" threadId="0000000001152A88" success="true" />
<exclusive-end id="941" timestamp="2019-07-02T23:55:09.625" durationms="7.683" />

<exclusive-start id="942" timestamp="2019-07-02T23:55:11.349" intervalms="1731.127">
  <response-info timems="0.031" idlems="0.031" threads="0" lastid="000000000118A400" lastname="node-13" />
</exclusive-start>
<af-start id="943" threadId="000000000118AD88" totalBytesRequested="32" timestamp="2019-07-02T23:55:11.349" intervalms="1731.074" />
<cycle-start id="944" type="global" contextid="0" timestamp="2019-07-02T23:55:11.349" intervalms="1731.064" />
  <attribute name="GC Util" value="184" />
  <attribute name="CPU Util" value="3493543378773" />
  <attribute name="Time Running"value="135479"/>
  <attribute name="Number of cores"value="4"/>
<gc-start id="945" type="global" contextid="944" timestamp="2019-07-02T23:55:11.349">
  <mem-info id="946" free="119808" total="11993088" percent="0">
    <mem type="tenure" free="119808" total="11993088" percent="0">
      <mem type="soa" free="0" total="11873280" percent="0" />
      <mem type="loa" free="119808" total="119808" percent="100" />
    </mem>
  </mem-info>
</gc-start>
<allocation-stats totalBytes="3540968" >
  <allocated-bytes non-tlh="0" tlh="3540968" />
  <largest-consumer threadName="node-8" threadId="0000000001168900" bytes="223752" />
</allocation-stats>
<gc-op id="947" type="mark" timems="4.358" contextid="944" timestamp="2019-07-02T23:55:11.354">
  <trace-info objectcount="143816" scancount="134302" scanbytes="5277980" />
  <finalization candidates="18" enqueued="0" />
  <references type="soft" candidates="45" cleared="0" enqueued="0" dynamicThreshold="9" maxThreshold="32" />
  <references type="weak" candidates="165" cleared="0" enqueued="0" />
  <references type="phantom" candidates="57" cleared="0" enqueued="0" />
  <stringconstants candidates="3825" cleared="0"  />
</gc-op>
<gc-op id="948" type="sweep" timems="0.357" contextid="944" timestamp="2019-07-02T23:55:11.354" />
<gc-end id="949" type="global" contextid="944" durationms="5.402" usertimems="12.000" systemtimems="0.000" timestamp="2019-07-02T23:55:11.355" activeThreads="4">
  <mem-info id="950" free="3664512" total="11993088" percent="30">
    <mem type="tenure" free="3664512" total="11993088" percent="30" micro-fragmented="1323596" macro-fragmented="0">
      <mem type="soa" free="3544704" total="11873280" percent="29" />
      <mem type="loa" free="119808" total="119808" percent="100" />
    </mem>
  </mem-info>
</gc-end>
<cycle-end id="951" type="global" contextid="944" timestamp="2019-07-02T23:55:11.355">
  <attribute name="GC Util" value="159" />
  <attribute name="CPU Util" value="4093631780159" />
  <attribute name="Time Running"value="137209"/>
  <attribute name="Number of cores"value="4"/>
</cycle-end>
<allocation-satisfied id="952" threadId="000000000118A400" bytesRequested="32" />
<af-end id="953" timestamp="2019-07-02T23:55:11.355" threadId="000000000118AD88" success="true" />
<exclusive-end id="954" timestamp="2019-07-02T23:55:11.355" durationms="6.297" />

<exclusive-start id="955" timestamp="2019-07-02T23:55:13.277" intervalms="1927.888">
  <response-info timems="0.032" idlems="0.032" threads="0" lastid="0000000001173C00" lastname="node-25" />
</exclusive-start>
<af-start id="956" threadId="0000000001174588" totalBytesRequested="24" timestamp="2019-07-02T23:55:13.277" intervalms="1927.929" />
<cycle-start id="957" type="global" contextid="0" timestamp="2019-07-02T23:55:13.277" intervalms="1927.876" />
  <attribute name="GC Util" value="159" />
  <attribute name="CPU Util" value="4093631780159" />
  <attribute name="Time Running"value="137209"/>
  <attribute name="Number of cores"value="4"/>
<gc-start id="958" type="global" contextid="957" timestamp="2019-07-02T23:55:13.277">
  <mem-info id="959" free="119808" total="11993088" percent="0">
    <mem type="tenure" free="119808" total="11993088" percent="0">
      <mem type="soa" free="0" total="11873280" percent="0" />
      <mem type="loa" free="119808" total="119808" percent="100" />
    </mem>
  </mem-info>
</gc-start>
<allocation-stats totalBytes="3530216" >
  <allocated-bytes non-tlh="0" tlh="3530216" />
  <largest-consumer threadName="node-16" threadId="00000000011A0B00" bytes="256064" />
</allocation-stats>
<gc-op id="960" type="mark" timems="4.568" contextid="957" timestamp="2019-07-02T23:55:13.282">
  <trace-info objectcount="143765" scancount="134274" scanbytes="5276780" />
  <finalization candidates="18" enqueued="0" />
  <references type="soft" candidates="45" cleared="0" enqueued="0" dynamicThreshold="9" maxThreshold="32" />
  <references type="weak" candidates="165" cleared="0" enqueued="0" />
  <references type="phantom" candidates="57" cleared="0" enqueued="0" />
  <stringconstants candidates="3825" cleared="0"  />
</gc-op>
<gc-op id="961" type="sweep" timems="0.466" contextid="957" timestamp="2019-07-02T23:55:13.282" />
<gc-end id="962" type="global" contextid="957" durationms="5.498" usertimems="8.000" systemtimems="4.000" timestamp="2019-07-02T23:55:13.283" activeThreads="4">
  <mem-info id="963" free="3669752" total="11993088" percent="30">
    <mem type="tenure" free="3669752" total="11993088" percent="30" micro-fragmented="1342383" macro-fragmented="0">
      <mem type="soa" free="3549944" total="11873280" percent="29" />
      <mem type="loa" free="119808" total="119808" percent="100" />
    </mem>
  </mem-info>
</gc-end>
<cycle-end id="964" type="global" contextid="957" timestamp="2019-07-02T23:55:13.283">
  <attribute name="GC Util" value="180" />
  <attribute name="CPU Util" value="3895782413007" />
  <attribute name="Time Running"value="139137"/>
  <attribute name="Number of cores"value="4"/>
</cycle-end>
<allocation-satisfied id="965" threadId="0000000001173C00" bytesRequested="24" />
<af-end id="966" timestamp="2019-07-02T23:55:13.283" threadId="0000000001174588" success="true" />
<exclusive-end id="967" timestamp="2019-07-02T23:55:13.283" durationms="6.383" />

<exclusive-start id="968" timestamp="2019-07-02T23:55:15.182" intervalms="1905.151">
  <response-info timems="0.033" idlems="0.033" threads="0" lastid="000000000119CF00" lastname="node-6" />
</exclusive-start>
<af-start id="969" threadId="000000000119D888" totalBytesRequested="32" timestamp="2019-07-02T23:55:15.182" intervalms="1905.169" />
<cycle-start id="970" type="global" contextid="0" timestamp="2019-07-02T23:55:15.182" intervalms="1905.156" />
  <attribute name="GC Util" value="180" />
  <attribute name="CPU Util" value="3895782413007" />
  <attribute name="Time Running"value="139137"/>
  <attribute name="Number of cores"value="4"/>
<gc-start id="971" type="global" contextid="970" timestamp="2019-07-02T23:55:15.182">
  <mem-info id="972" free="119808" total="11993088" percent="0">
    <mem type="tenure" free="119808" total="11993088" percent="0">
      <mem type="soa" free="0" total="11873280" percent="0" />
      <mem type="loa" free="119808" total="119808" percent="100" />
    </mem>
  </mem-info>
</gc-start>
<allocation-stats totalBytes="3539984" >
  <allocated-bytes non-tlh="0" tlh="3539984" />
  <largest-consumer threadName="node-9" threadId="0000000001199300" bytes="211688" />
</allocation-stats>
<gc-op id="973" type="mark" timems="4.985" contextid="970" timestamp="2019-07-02T23:55:15.187">
  <trace-info objectcount="143747" scancount="134236" scanbytes="5276428" />
  <finalization candidates="18" enqueued="0" />
  <references type="soft" candidates="45" cleared="0" enqueued="0" dynamicThreshold="9" maxThreshold="32" />
  <references type="weak" candidates="165" cleared="0" enqueued="0" />
  <references type="phantom" candidates="57" cleared="0" enqueued="0" />
  <stringconstants candidates="3825" cleared="0"  />
</gc-op>
<gc-op id="974" type="sweep" timems="0.530" contextid="970" timestamp="2019-07-02T23:55:15.188" />
<gc-end id="975" type="global" contextid="970" durationms="6.057" usertimems="8.000" systemtimems="0.000" timestamp="2019-07-02T23:55:15.188" activeThreads="4">
  <mem-info id="976" free="3671336" total="11993088" percent="30">
    <mem type="tenure" free="3671336" total="11993088" percent="30" micro-fragmented="1322932" macro-fragmented="0">
      <mem type="soa" free="3551528" total="11873280" percent="29" />
      <mem type="loa" free="119808" total="119808" percent="100" />
    </mem>
  </mem-info>
</gc-end>
<cycle-end id="977" type="global" contextid="970" timestamp="2019-07-02T23:55:15.188">
  <attribute name="GC Util" value="186" />
  <attribute name="CPU Util" value="3599487591002" />
  <attribute name="Time Running"value="141043"/>
  <attribute name="Number of cores"value="4"/>
</cycle-end>
<allocation-satisfied id="978" threadId="000000000119CF00" bytesRequested="32" />
<af-end id="979" timestamp="2019-07-02T23:55:15.189" threadId="000000000119D888" success="true" />
<exclusive-end id="980" timestamp="2019-07-02T23:55:15.189" durationms="6.979" />

<exclusive-start id="981" timestamp="2019-07-02T23:55:17.219" intervalms="2036.834">
  <response-info timems="0.046" idlems="0.046" threads="0" lastid="0000000001199300" lastname="node-9" />
</exclusive-start>
<af-start id="982" threadId="0000000001199C88" totalBytesRequested="24" timestamp="2019-07-02T23:55:17.219" intervalms="2036.769" />
<cycle-start id="983" type="global" contextid="0" timestamp="2019-07-02T23:55:17.219" intervalms="2036.740" />
  <attribute name="GC Util" value="186" />
  <attribute name="CPU Util" value="3599487591002" />
  <attribute name="Time Running"value="141043"/>
  <attribute name="Number of cores"value="4"/>
<gc-start id="984" type="global" contextid="983" timestamp="2019-07-02T23:55:17.219">
  <mem-info id="985" free="119808" total="11993088" percent="0">
    <mem type="tenure" free="119808" total="11993088" percent="0">
      <mem type="soa" free="0" total="11873280" percent="0" />
      <mem type="loa" free="119808" total="119808" percent="100" />
    </mem>
  </mem-info>
</gc-start>
<allocation-stats totalBytes="3540512" >
  <allocated-bytes non-tlh="0" tlh="3540512" />
  <largest-consumer threadName="node-2" threadId="0000000001152100" bytes="222032" />
</allocation-stats>
<gc-op id="986" type="mark" timems="5.142" contextid="983" timestamp="2019-07-02T23:55:17.224">
  <trace-info objectcount="143721" scancount="134229" scanbytes="5275732" />
  <finalization candidates="18" enqueued="0" />
  <references type="soft" candidates="45" cleared="0" enqueued="0" dynamicThreshold="9" maxThreshold="32" />
  <references type="weak" candidates="165" cleared="0" enqueued="0" />
  <references type="phantom" candidates="57" cleared="0" enqueued="0" />
  <stringconstants candidates="3825" cleared="0"  />
</gc-op>
<gc-op id="987" type="sweep" timems="0.797" contextid="983" timestamp="2019-07-02T23:55:17.225" />
<gc-end id="988" type="global" contextid="983" durationms="6.205" usertimems="12.000" systemtimems="0.000" timestamp="2019-07-02T23:55:17.225" activeThreads="4">
  <mem-info id="989" free="3667456" total="11993088" percent="30">
    <mem type="tenure" free="3667456" total="11993088" percent="30" micro-fragmented="1323994" macro-fragmented="0">
      <mem type="soa" free="3547648" total="11873280" percent="29" />
      <mem type="loa" free="119808" total="119808" percent="100" />
    </mem>
  </mem-info>
</gc-end>
<cycle-end id="990" type="global" contextid="983" timestamp="2019-07-02T23:55:17.225">
  <attribute name="GC Util" value="189" />
  <attribute name="CPU Util" value="3544698854458" />
  <attribute name="Time Running"value="143080"/>
  <attribute name="Number of cores"value="4"/>
</cycle-end>
<allocation-satisfied id="991" threadId="0000000001199300" bytesRequested="24" />
<af-end id="992" timestamp="2019-07-02T23:55:17.226" threadId="0000000001199C88" success="true" />
<exclusive-end id="993" timestamp="2019-07-02T23:55:17.226" durationms="7.146" />

<exclusive-start id="994" timestamp="2019-07-02T23:55:18.875" intervalms="1656.454">
  <response-info timems="0.030" idlems="0.030" threads="0" lastid="0000000001199300" lastname="node-9" />
</exclusive-start>
<af-start id="995" threadId="0000000001199C88" totalBytesRequested="24" timestamp="2019-07-02T23:55:18.875" intervalms="1656.491" />
<cycle-start id="996" type="global" contextid="0" timestamp="2019-07-02T23:55:18.875" intervalms="1656.528" />
  <attribute name="GC Util" value="189" />
  <attribute name="CPU Util" value="3544698854458" />
  <attribute name="Time Running"value="143080"/>
  <attribute name="Number of cores"value="4"/>
<gc-start id="997" type="global" contextid="996" timestamp="2019-07-02T23:55:18.876">
  <mem-info id="998" free="119808" total="11993088" percent="0">
    <mem type="tenure" free="119808" total="11993088" percent="0">
      <mem type="soa" free="0" total="11873280" percent="0" />
      <mem type="loa" free="119808" total="119808" percent="100" />
    </mem>
  </mem-info>
</gc-start>
<allocation-stats totalBytes="3540648" >
  <allocated-bytes non-tlh="0" tlh="3540648" />
  <largest-consumer threadName="node-7" threadId="0000000001177800" bytes="252888" />
</allocation-stats>
<gc-op id="999" type="mark" timems="3.417" contextid="996" timestamp="2019-07-02T23:55:18.879">
  <trace-info objectcount="143736" scancount="134222" scanbytes="5276060" />
  <finalization candidates="18" enqueued="0" />
  <references type="soft" candidates="45" cleared="0" enqueued="0" dynamicThreshold="9" maxThreshold="32" />
  <references type="weak" candidates="165" cleared="0" enqueued="0" />
  <references type="phantom" candidates="57" cleared="0" enqueued="0" />
  <stringconstants candidates="3825" cleared="0"  />
</gc-op>
<gc-op id="1000" type="sweep" timems="0.333" contextid="996" timestamp="2019-07-02T23:55:18.879" />
<gc-end id="1001" type="global" contextid="996" durationms="4.048" usertimems="8.000" systemtimems="0.000" timestamp="2019-07-02T23:55:18.880" activeThreads="4">
  <mem-info id="1002" free="3667728" total="11993088" percent="30">
    <mem type="tenure" free="3667728" total="11993088" percent="30" micro-fragmented="1322799" macro-fragmented="0">
      <mem type="soa" free="3547920" total="11873280" percent="29" />
      <mem type="loa" free="119808" total="119808" percent="100" />
    </mem>
  </mem-info>
</gc-end>
<cycle-end id="1003" type="global" contextid="996" timestamp="2019-07-02T23:55:18.880">
  <attribute name="GC Util" value="164" />
  <attribute name="CPU Util" value="5301867159102" />
  <attribute name="Time Running"value="144734"/>
  <attribute name="Number of cores"value="4"/>
</cycle-end>
<allocation-satisfied id="1004" threadId="0000000001199300" bytesRequested="24" />
<af-end id="1005" timestamp="2019-07-02T23:55:18.880" threadId="0000000001199C88" success="true" />
<exclusive-end id="1006" timestamp="2019-07-02T23:55:18.880" durationms="4.909" />

<exclusive-start id="1007" timestamp="2019-07-02T23:55:20.665" intervalms="1789.500">
  <response-info timems="0.201" idlems="0.184" threads="1" lastid="0000000001159900" lastname="node-21" />
</exclusive-start>
<af-start id="1008" threadId="00000000011A1488" totalBytesRequested="376" timestamp="2019-07-02T23:55:20.665" intervalms="1789.468" />
<cycle-start id="1009" type="global" contextid="0" timestamp="2019-07-02T23:55:20.665" intervalms="1789.442" />
  <attribute name="GC Util" value="164" />
  <attribute name="CPU Util" value="5301867159102" />
  <attribute name="Time Running"value="144734"/>
  <attribute name="Number of cores"value="4"/>
<gc-start id="1010" type="global" contextid="1009" timestamp="2019-07-02T23:55:20.665">
  <mem-info id="1011" free="119808" total="11993088" percent="0">
    <mem type="tenure" free="119808" total="11993088" percent="0">
      <mem type="soa" free="0" total="11873280" percent="0" />
      <mem type="loa" free="119808" total="119808" percent="100" />
    </mem>
  </mem-info>
</gc-start>
<allocation-stats totalBytes="3539568" >
  <allocated-bytes non-tlh="0" tlh="3539568" />
  <largest-consumer threadName="node-23" threadId="000000000117F000" bytes="220536" />
</allocation-stats>
<gc-op id="1012" type="mark" timems="2.989" contextid="1009" timestamp="2019-07-02T23:55:20.668">
  <trace-info objectcount="143699" scancount="134198" scanbytes="5275028" />
  <finalization candidates="18" enqueued="0" />
  <references type="soft" candidates="45" cleared="0" enqueued="0" dynamicThreshold="9" maxThreshold="32" />
  <references type="weak" candidates="165" cleared="0" enqueued="0" />
  <references type="phantom" candidates="57" cleared="0" enqueued="0" />
  <stringconstants candidates="3825" cleared="0"  />
</gc-op>
<gc-op id="1013" type="sweep" timems="0.301" contextid="1009" timestamp="2019-07-02T23:55:20.668" />
<gc-end id="1014" type="global" contextid="1009" durationms="3.624" usertimems="4.000" systemtimems="4.000" timestamp="2019-07-02T23:55:20.669" activeThreads="4">
  <mem-info id="1015" free="3661112" total="11993088" percent="30">
    <mem type="tenure" free="3661112" total="11993088" percent="30" micro-fragmented="1322932" macro-fragmented="0">
      <mem type="soa" free="3541304" total="11873280" percent="29" />
      <mem type="loa" free="119808" total="119808" percent="100" />
    </mem>
  </mem-info>
</gc-end>
<cycle-end id="1016" type="global" contextid="1009" timestamp="2019-07-02T23:55:20.669">
  <attribute name="GC Util" value="182" />
  <attribute name="CPU Util" value="6055371287628" />
  <attribute name="Time Running"value="146523"/>
  <attribute name="Number of cores"value="4"/>
</cycle-end>
<allocation-satisfied id="1017" threadId="00000000011A0B00" bytesRequested="376" />
<af-end id="1018" timestamp="2019-07-02T23:55:20.669" threadId="00000000011A1488" success="true" />
<exclusive-end id="1019" timestamp="2019-07-02T23:55:20.669" durationms="4.365" />

<exclusive-start id="1020" timestamp="2019-07-02T23:55:22.596" intervalms="1931.615">
  <response-info timems="0.033" idlems="0.033" threads="0" lastid="0000000001182C00" lastname="node-3" />
</exclusive-start>
<af-start id="1021" threadId="0000000001183588" totalBytesRequested="368" timestamp="2019-07-02T23:55:22.596" intervalms="1931.674" />
<cycle-start id="1022" type="global" contextid="0" timestamp="2019-07-02T23:55:22.597" intervalms="1931.715" />
  <attribute name="GC Util" value="182" />
  <attribute name="CPU Util" value="6055371287628" />
  <attribute name="Time Running"value="146523"/>
  <attribute name="Number of cores"value="4"/>
<gc-start id="1023" type="global" contextid="1022" timestamp="2019-07-02T23:55:22.597">
  <mem-info id="1024" free="119808" total="11993088" percent="0">
    <mem type="tenure" free="119808" total="11993088" percent="0">
      <mem type="soa" free="0" total="11873280" percent="0" />
      <mem type="loa" free="119808" total="119808" percent="100" />
    </mem>
  </mem-info>
</gc-start>
<allocation-stats totalBytes="3534888" >
  <allocated-bytes non-tlh="0" tlh="3534888" />
  <largest-consumer threadName="node-2" threadId="0000000001152100" bytes="213568" />
</allocation-stats>
<gc-op id="1025" type="mark" timems="5.400" contextid="1022" timestamp="2019-07-02T23:55:22.602">
  <trace-info objectcount="143686" scancount="134158" scanbytes="5274452" />
  <finalization candidates="18" enqueued="0" />
  <references type="soft" candidates="45" cleared="0" enqueued="0" dynamicThreshold="9" maxThreshold="32" />
  <references type="weak" candidates="165" cleared="0" enqueued="0" />
  <references type="phantom" candidates="57" cleared="0" enqueued="0" />
  <stringconstants candidates="3825" cleared="0"  />
</gc-op>
<gc-op id="1026" type="sweep" timems="0.743" contextid="1022" timestamp="2019-07-02T23:55:22.603" />
<gc-end id="1027" type="global" contextid="1022" durationms="6.603" usertimems="4.000" systemtimems="8.000" timestamp="2019-07-02T23:55:22.603" activeThreads="4">
  <mem-info id="1028" free="3658168" total="11993088" percent="30">
    <mem type="tenure" free="3658168" total="11993088" percent="30" micro-fragmented="1322534" macro-fragmented="0">
      <mem type="soa" free="3538360" total="11873280" percent="29" />
      <mem type="loa" free="119808" total="119808" percent="100" />
    </mem>
  </mem-info>
</gc-end>
<cycle-end id="1029" type="global" contextid="1022" timestamp="2019-07-02T23:55:22.603">
  <attribute name="GC Util" value="186" />
  <attribute name="CPU Util" value="3345513634146" />
  <attribute name="Time Running"value="148458"/>
  <attribute name="Number of cores"value="4"/>
</cycle-end>
<allocation-satisfied id="1030" threadId="0000000001182C00" bytesRequested="368" />
<af-end id="1031" timestamp="2019-07-02T23:55:22.604" threadId="0000000001183588" success="true" />
<exclusive-end id="1032" timestamp="2019-07-02T23:55:22.604" durationms="7.526" />

<exclusive-start id="1033" timestamp="2019-07-02T23:55:24.445" intervalms="1848.601">
  <response-info timems="0.052" idlems="0.052" threads="0" lastid="00000000011A4700" lastname="node-4" />
</exclusive-start>
<af-start id="1034" threadId="00000000011A5088" totalBytesRequested="16" timestamp="2019-07-02T23:55:24.445" intervalms="1848.533" />
<cycle-start id="1035" type="global" contextid="0" timestamp="2019-07-02T23:55:24.445" intervalms="1848.478" />
  <attribute name="GC Util" value="186" />
  <attribute name="CPU Util" value="3345513634146" />
  <attribute name="Time Running"value="148458"/>
  <attribute name="Number of cores"value="4"/>
<gc-start id="1036" type="global" contextid="1035" timestamp="2019-07-02T23:55:24.445">
  <mem-info id="1037" free="119808" total="11993088" percent="0">
    <mem type="tenure" free="119808" total="11993088" percent="0">
      <mem type="soa" free="0" total="11873280" percent="0" />
      <mem type="loa" free="119808" total="119808" percent="100" />
    </mem>
  </mem-info>
</gc-start>
<allocation-stats totalBytes="3528928" >
  <allocated-bytes non-tlh="0" tlh="3528928" />
  <largest-consumer threadName="node-23" threadId="000000000117F000" bytes="214496" />
</allocation-stats>
<gc-op id="1038" type="mark" timems="4.377" contextid="1035" timestamp="2019-07-02T23:55:24.450">
  <trace-info objectcount="143667" scancount="134144" scanbytes="5273924" />
  <finalization candidates="18" enqueued="0" />
  <references type="soft" candidates="45" cleared="0" enqueued="0" dynamicThreshold="9" maxThreshold="32" />
  <references type="weak" candidates="165" cleared="0" enqueued="0" />
  <references type="phantom" candidates="57" cleared="0" enqueued="0" />
  <stringconstants candidates="3825" cleared="0"  />
</gc-op>
<gc-op id="1039" type="sweep" timems="0.327" contextid="1035" timestamp="2019-07-02T23:55:24.450" />
<gc-end id="1040" type="global" contextid="1035" durationms="4.963" usertimems="12.000" systemtimems="0.000" timestamp="2019-07-02T23:55:24.450" activeThreads="4">
  <mem-info id="1041" free="3654280" total="11993088" percent="30">
    <mem type="tenure" free="3654280" total="11993088" percent="30" micro-fragmented="1321604" macro-fragmented="0">
      <mem type="soa" free="3534472" total="11873280" percent="29" />
      <mem type="loa" free="119808" total="119808" percent="100" />
    </mem>
  </mem-info>
</gc-end>
<cycle-end id="1042" type="global" contextid="1035" timestamp="2019-07-02T23:55:24.450">
  <attribute name="GC Util" value="178" />
  <attribute name="CPU Util" value="4152306003229" />
  <attribute name="Time Running"value="150305"/>
  <attribute name="Number of cores"value="4"/>
</cycle-end>
<allocation-satisfied id="1043" threadId="00000000011A4700" bytesRequested="16" />
<af-end id="1044" timestamp="2019-07-02T23:55:24.450" threadId="00000000011A5088" success="true" />
<exclusive-end id="1045" timestamp="2019-07-02T23:55:24.450" durationms="5.417" />

<exclusive-start id="1046" timestamp="2019-07-02T23:55:26.367" intervalms="1922.174">
  <response-info timems="0.033" idlems="0.033" threads="0" lastid="0000000001173C00" lastname="node-25" />
</exclusive-start>
<af-start id="1047" threadId="0000000001174588" totalBytesRequested="16" timestamp="2019-07-02T23:55:26.367" intervalms="1922.225" />
<cycle-start id="1048" type="global" contextid="0" timestamp="2019-07-02T23:55:26.367" intervalms="1922.261" />
  <attribute name="GC Util" value="178" />
  <attribute name="CPU Util" value="4152306003229" />
  <attribute name="Time Running"value="150305"/>
  <attribute name="Number of cores"value="4"/>
<gc-start id="1049" type="global" contextid="1048" timestamp="2019-07-02T23:55:26.367">
  <mem-info id="1050" free="119808" total="11993088" percent="0">
    <mem type="tenure" free="119808" total="11993088" percent="0">
      <mem type="soa" free="0" total="11873280" percent="0" />
      <mem type="loa" free="119808" total="119808" percent="100" />
    </mem>
  </mem-info>
</gc-start>
<allocation-stats totalBytes="3525976" >
  <allocated-bytes non-tlh="832" tlh="3525144" />
  <largest-consumer threadName="node-7" threadId="0000000001177800" bytes="221272" />
</allocation-stats>
<gc-op id="1051" type="mark" timems="4.155" contextid="1048" timestamp="2019-07-02T23:55:26.372">
  <trace-info objectcount="143671" scancount="134178" scanbytes="5274348" />
  <finalization candidates="18" enqueued="0" />
  <references type="soft" candidates="45" cleared="0" enqueued="0" dynamicThreshold="9" maxThreshold="32" />
  <references type="weak" candidates="165" cleared="0" enqueued="0" />
  <references type="phantom" candidates="57" cleared="0" enqueued="0" />
  <stringconstants candidates="3825" cleared="0"  />
</gc-op>
<gc-op id="1052" type="sweep" timems="0.299" contextid="1048" timestamp="2019-07-02T23:55:26.372" />
<gc-end id="1053" type="global" contextid="1048" durationms="4.854" usertimems="8.000" systemtimems="0.000" timestamp="2019-07-02T23:55:26.372" activeThreads="4">
  <mem-info id="1054" free="3659320" total="11993088" percent="30">
    <mem type="tenure" free="3659320" total="11993088" percent="30" micro-fragmented="1323994" macro-fragmented="0">
      <mem type="soa" free="3539512" total="11873280" percent="29" />
      <mem type="loa" free="119808" total="119808" percent="100" />
    </mem>
  </mem-info>
</gc-end>
<cycle-end id="1055" type="global" contextid="1048" timestamp="2019-07-02T23:55:26.372">
  <attribute name="GC Util" value="185" />
  <attribute name="CPU Util" value="4335419007545" />
  <attribute name="Time Running"value="152227"/>
  <attribute name="Number of cores"value="4"/>
</cycle-end>
<allocation-satisfied id="1056" threadId="0000000001173C00" bytesRequested="16" />
<af-end id="1057" timestamp="2019-07-02T23:55:26.373" threadId="0000000001174588" success="true" />
<exclusive-end id="1058" timestamp="2019-07-02T23:55:26.373" durationms="5.564" />

<exclusive-start id="1059" timestamp="2019-07-02T23:55:28.384" intervalms="2016.782">
  <response-info timems="0.033" idlems="0.033" threads="0" lastid="0000000001170100" lastname="node-1" />
</exclusive-start>
<af-start id="1060" threadId="0000000001170A88" totalBytesRequested="24" timestamp="2019-07-02T23:55:28.384" intervalms="2016.742" />
<cycle-start id="1061" type="global" contextid="0" timestamp="2019-07-02T23:55:28.384" intervalms="2016.717" />
  <attribute name="GC Util" value="185" />
  <attribute name="CPU Util" value="4335419007545" />
  <attribute name="Time Running"value="152227"/>
  <attribute name="Number of cores"value="4"/>
<gc-start id="1062" type="global" contextid="1061" timestamp="2019-07-02T23:55:28.384">
  <mem-info id="1063" free="119808" total="11993088" percent="0">
    <mem type="tenure" free="119808" total="11993088" percent="0">
      <mem type="soa" free="0" total="11873280" percent="0" />
      <mem type="loa" free="119808" total="119808" percent="100" />
    </mem>
  </mem-info>
</gc-start>
<allocation-stats totalBytes="3522112" >
  <allocated-bytes non-tlh="0" tlh="3522112" />
  <largest-consumer threadName="node-24" threadId="000000000118E000" bytes="212352" />
</allocation-stats>
<gc-op id="1064" type="mark" timems="3.048" contextid="1061" timestamp="2019-07-02T23:55:28.387">
  <trace-info objectcount="143582" scancount="134070" scanbytes="5272476" />
  <finalization candidates="18" enqueued="0" />
  <references type="soft" candidates="45" cleared="0" enqueued="0" dynamicThreshold="9" maxThreshold="32" />
  <references type="weak" candidates="165" cleared="0" enqueued="0" />
  <references type="phantom" candidates="57" cleared="0" enqueued="0" />
  <stringconstants candidates="3825" cleared="0"  />
</gc-op>
<gc-op id="1065" type="sweep" timems="0.307" contextid="1061" timestamp="2019-07-02T23:55:28.388" />
<gc-end id="1066" type="global" contextid="1061" durationms="3.687" usertimems="8.000" systemtimems="0.000" timestamp="2019-07-02T23:55:28.388" activeThreads="4">
  <mem-info id="1067" free="3673576" total="11993088" percent="30">
    <mem type="tenure" free="3673576" total="11993088" percent="30" micro-fragmented="1321358" macro-fragmented="0">
      <mem type="soa" free="3553768" total="11873280" percent="29" />
      <mem type="loa" free="119808" total="119808" percent="100" />
    </mem>
  </mem-info>
</gc-end>
<cycle-end id="1068" type="global" contextid="1061" timestamp="2019-07-02T23:55:28.388">
  <attribute name="GC Util" value="179" />
  <attribute name="CPU Util" value="5918368560521" />
  <attribute name="Time Running"value="154243"/>
  <attribute name="Number of cores"value="4"/>
</cycle-end>
<allocation-satisfied id="1069" threadId="0000000001170100" bytesRequested="24" />
<af-end id="1070" timestamp="2019-07-02T23:55:28.388" threadId="0000000001170A88" success="true" />
<exclusive-end id="1071" timestamp="2019-07-02T23:55:28.388" durationms="4.472" />

<exclusive-start id="1072" timestamp="2019-07-02T23:55:30.117" intervalms="1733.491">
  <response-info timems="0.053" idlems="0.049" threads="1" lastid="000000000118E000" lastname="node-24" />
</exclusive-start>
<af-start id="1073" threadId="0000000001196188" totalBytesRequested="368" timestamp="2019-07-02T23:55:30.117" intervalms="1733.477" />
<cycle-start id="1074" type="global" contextid="0" timestamp="2019-07-02T23:55:30.118" intervalms="1733.461" />
  <attribute name="GC Util" value="179" />
  <attribute name="CPU Util" value="5918368560521" />
  <attribute name="Time Running"value="154243"/>
  <attribute name="Number of cores"value="4"/>
<gc-start id="1075" type="global" contextid="1074" timestamp="2019-07-02T23:55:30.118">
  <mem-info id="1076" free="119808" total="11993088" percent="0">
    <mem type="tenure" free="119808" total="11993088" percent="0">
      <mem type="soa" free="0" total="11873280" percent="0" />
      <mem type="loa" free="119808" total="119808" percent="100" />
    </mem>
  </mem-info>
</gc-start>
<allocation-stats totalBytes="3544256" >
  <allocated-bytes non-tlh="0" tlh="3544256" />
  <largest-consumer threadName="node-6" threadId="000000000119CF00" bytes="213504" />
</allocation-stats>
<gc-op id="1077" type="mark" timems="3.060" contextid="1074" timestamp="2019-07-02T23:55:30.121">
  <trace-info objectcount="143599" scancount="134071" scanbytes="5272364" />
  <finalization candidates="18" enqueued="0" />
  <references type="soft" candidates="45" cleared="0" enqueued="0" dynamicThreshold="9" maxThreshold="32" />
  <references type="weak" candidates="165" cleared="0" enqueued="0" />
  <references type="phantom" candidates="57" cleared="0" enqueued="0" />
  <stringconstants candidates="3825" cleared="0"  />
</gc-op>
<gc-op id="1078" type="sweep" timems="0.298" contextid="1074" timestamp="2019-07-02T23:55:30.121" />
<gc-end id="1079" type="global" contextid="1074" durationms="3.570" usertimems="8.000" systemtimems="0.000" timestamp="2019-07-02T23:55:30.121" activeThreads="4">
  <mem-info id="1080" free="3657336" total="11993088" percent="30">
    <mem type="tenure" free="3657336" total="11993088" percent="30" micro-fragmented="1322799" macro-fragmented="0">
      <mem type="soa" free="3537528" total="11873280" percent="29" />
      <mem type="loa" free="119808" total="119808" percent="100" />
    </mem>
  </mem-info>
</gc-end>
<cycle-end id="1081" type="global" contextid="1074" timestamp="2019-07-02T23:55:30.121">
  <attribute name="GC Util" value="176" />
  <attribute name="CPU Util" value="5947362511000" />
  <attribute name="Time Running"value="155976"/>
  <attribute name="Number of cores"value="4"/>
</cycle-end>
<allocation-satisfied id="1082" threadId="0000000001195800" bytesRequested="368" />
<af-end id="1083" timestamp="2019-07-02T23:55:30.121" threadId="0000000001196188" success="true" />
<exclusive-end id="1084" timestamp="2019-07-02T23:55:30.122" durationms="4.169" />

<exclusive-start id="1085" timestamp="2019-07-02T23:55:31.951" intervalms="1833.327">
  <response-info timems="0.041" idlems="0.022" threads="1" lastid="0000000001155D00" lastname="node-10" />
</exclusive-start>
<af-start id="1086" threadId="000000000119D888" totalBytesRequested="16" timestamp="2019-07-02T23:55:31.951" intervalms="1833.352" />
<cycle-start id="1087" type="global" contextid="0" timestamp="2019-07-02T23:55:31.951" intervalms="1833.371" />
  <attribute name="GC Util" value="176" />
  <attribute name="CPU Util" value="5947362511000" />
  <attribute name="Time Running"value="155976"/>
  <attribute name="Number of cores"value="4"/>
<gc-start id="1088" type="global" contextid="1087" timestamp="2019-07-02T23:55:31.951">
  <mem-info id="1089" free="119808" total="11993088" percent="0">
    <mem type="tenure" free="119808" total="11993088" percent="0">
      <mem type="soa" free="0" total="11873280" percent="0" />
      <mem type="loa" free="119808" total="119808" percent="100" />
    </mem>
  </mem-info>
</gc-start>
<allocation-stats totalBytes="3530368" >
  <allocated-bytes non-tlh="0" tlh="3530368" />
  <largest-consumer threadName="node-14" threadId="000000000116C500" bytes="215336" />
</allocation-stats>
<gc-op id="1090" type="mark" timems="5.072" contextid="1087" timestamp="2019-07-02T23:55:31.956">
  <trace-info objectcount="143554" scancount="134055" scanbytes="5271556" />
  <finalization candidates="18" enqueued="0" />
  <references type="soft" candidates="45" cleared="0" enqueued="0" dynamicThreshold="9" maxThreshold="32" />
  <references type="weak" candidates="165" cleared="0" enqueued="0" />
  <references type="phantom" candidates="57" cleared="0" enqueued="0" />
  <stringconstants candidates="3825" cleared="0"  />
</gc-op>
<gc-op id="1091" type="sweep" timems="1.059" contextid="1087" timestamp="2019-07-02T23:55:31.957" />
<gc-end id="1092" type="global" contextid="1087" durationms="6.495" usertimems="12.000" systemtimems="0.000" timestamp="2019-07-02T23:55:31.957" activeThreads="4">
  <mem-info id="1093" free="3666168" total="11993088" percent="30">
    <mem type="tenure" free="3666168" total="11993088" percent="30" micro-fragmented="1322799" macro-fragmented="0">
      <mem type="soa" free="3546360" total="11873280" percent="29" />
      <mem type="loa" free="119808" total="119808" percent="100" />
    </mem>
  </mem-info>
</gc-end>
<cycle-end id="1094" type="global" contextid="1087" timestamp="2019-07-02T23:55:31.958">
  <attribute name="GC Util" value="188" />
  <attribute name="CPU Util" value="3562385381882" />
  <attribute name="Time Running"value="157812"/>
  <attribute name="Number of cores"value="4"/>
</cycle-end>
<allocation-satisfied id="1095" threadId="000000000119CF00" bytesRequested="16" />
<af-end id="1096" timestamp="2019-07-02T23:55:31.958" threadId="000000000119D888" success="true" />
<exclusive-end id="1097" timestamp="2019-07-02T23:55:31.958" durationms="7.145" />

<exclusive-start id="1098" timestamp="2019-07-02T23:55:33.741" intervalms="1790.714">
  <response-info timems="0.034" idlems="0.034" threads="0" lastid="0000000001177800" lastname="node-7" />
</exclusive-start>
<af-start id="1099" threadId="0000000001178188" totalBytesRequested="32" timestamp="2019-07-02T23:55:33.741" intervalms="1790.690" />
<cycle-start id="1100" type="global" contextid="0" timestamp="2019-07-02T23:55:33.742" intervalms="1790.683" />
  <attribute name="GC Util" value="188" />
  <attribute name="CPU Util" value="3562385381882" />
  <attribute name="Time Running"value="157812"/>
  <attribute name="Number of cores"value="4"/>
<gc-start id="1101" type="global" contextid="1100" timestamp="2019-07-02T23:55:33.742">
  <mem-info id="1102" free="119808" total="11993088" percent="0">
    <mem type="tenure" free="119808" total="11993088" percent="0">
      <mem type="soa" free="0" total="11873280" percent="0" />
      <mem type="loa" free="119808" total="119808" percent="100" />
    </mem>
  </mem-info>
</gc-start>
<allocation-stats totalBytes="3538688" >
  <allocated-bytes non-tlh="0" tlh="3538688" />
  <largest-consumer threadName="node-9" threadId="0000000001199300" bytes="219264" />
</allocation-stats>
<gc-op id="1103" type="mark" timems="2.913" contextid="1100" timestamp="2019-07-02T23:55:33.745">
  <trace-info objectcount="143509" scancount="133998" scanbytes="5270716" />
  <finalization candidates="18" enqueued="0" />
  <references type="soft" candidates="45" cleared="0" enqueued="0" dynamicThreshold="9" maxThreshold="32" />
  <references type="weak" candidates="165" cleared="0" enqueued="0" />
  <references type="phantom" candidates="57" cleared="0" enqueued="0" />
  <stringconstants candidates="3825" cleared="0"  />
</gc-op>
<gc-op id="1104" type="sweep" timems="0.306" contextid="1100" timestamp="2019-07-02T23:55:33.745" />
<gc-end id="1105" type="global" contextid="1100" durationms="3.470" usertimems="8.000" systemtimems="0.000" timestamp="2019-07-02T23:55:33.745" activeThreads="4">
  <mem-info id="1106" free="3669376" total="11993088" percent="30">
    <mem type="tenure" free="3669376" total="11993088" percent="30" micro-fragmented="1323198" macro-fragmented="0">
      <mem type="soa" free="3549568" total="11873280" percent="29" />
      <mem type="loa" free="119808" total="119808" percent="100" />
    </mem>
  </mem-info>
</gc-end>
<cycle-end id="1107" type="global" contextid="1100" timestamp="2019-07-02T23:55:33.745">
  <attribute name="GC Util" value="182" />
  <attribute name="CPU Util" value="6212275731866" />
  <attribute name="Time Running"value="159600"/>
  <attribute name="Number of cores"value="4"/>
</cycle-end>
<allocation-satisfied id="1108" threadId="0000000001177800" bytesRequested="32" />
<af-end id="1109" timestamp="2019-07-02T23:55:33.745" threadId="0000000001178188" success="true" />
<exclusive-end id="1110" timestamp="2019-07-02T23:55:33.745" durationms="3.843" />

<exclusive-start id="1111" timestamp="2019-07-02T23:55:35.708" intervalms="1966.432">
  <response-info timems="0.036" idlems="0.036" threads="0" lastid="0000000001182C00" lastname="node-3" />
</exclusive-start>
<af-start id="1112" threadId="0000000001183588" totalBytesRequested="32" timestamp="2019-07-02T23:55:35.708" intervalms="1966.500" />
<cycle-start id="1113" type="global" contextid="0" timestamp="2019-07-02T23:55:35.708" intervalms="1966.521" />
  <attribute name="GC Util" value="182" />
  <attribute name="CPU Util" value="6212275731866" />
  <attribute name="Time Running"value="159600"/>
  <attribute name="Number of cores"value="4"/>
<gc-start id="1114" type="global" contextid="1113" timestamp="2019-07-02T23:55:35.708">
  <mem-info id="1115" free="119808" total="11993088" percent="0">
    <mem type="tenure" free="119808" total="11993088" percent="0">
      <mem type="soa" free="0" total="11873280" percent="0" />
      <mem type="loa" free="119808" total="119808" percent="100" />
    </mem>
  </mem-info>
</gc-start>
<allocation-stats totalBytes="3539664" >
  <allocated-bytes non-tlh="0" tlh="3539664" />
  <largest-consumer threadName="node-24" threadId="000000000118E000" bytes="211408" />
</allocation-stats>
<gc-op id="1116" type="mark" timems="6.501" contextid="1113" timestamp="2019-07-02T23:55:35.715">
  <trace-info objectcount="143487" scancount="133974" scanbytes="5270108" />
  <finalization candidates="18" enqueued="0" />
  <references type="soft" candidates="45" cleared="0" enqueued="0" dynamicThreshold="9" maxThreshold="32" />
  <references type="weak" candidates="165" cleared="0" enqueued="0" />
  <references type="phantom" candidates="57" cleared="0" enqueued="0" />
  <stringconstants candidates="3825" cleared="0"  />
</gc-op>
<gc-op id="1117" type="sweep" timems="1.566" contextid="1113" timestamp="2019-07-02T23:55:35.717" />
<gc-end id="1118" type="global" contextid="1113" durationms="8.531" usertimems="12.000" systemtimems="4.000" timestamp="2019-07-02T23:55:35.717" activeThreads="4">
  <mem-info id="1119" free="3676720" total="11993088" percent="30">
    <mem type="tenure" free="3676720" total="11993088" percent="30" micro-fragmented="1325201" macro-fragmented="0">
      <mem type="soa" free="3556912" total="11873280" percent="29" />
      <mem type="loa" free="119808" total="119808" percent="100" />
    </mem>
  </mem-info>
</gc-end>
<cycle-end id="1120" type="global" contextid="1113" timestamp="2019-07-02T23:55:35.717">
  <attribute name="GC Util" value="172" />
  <attribute name="CPU Util" value="2753799418490" />
  <attribute name="Time Running"value="161570"/>
  <attribute name="Number of cores"value="4"/>
</cycle-end>
<allocation-satisfied id="1121" threadId="0000000001182C00" bytesRequested="32" />
<af-end id="1122" timestamp="2019-07-02T23:55:35.717" threadId="0000000001183588" success="true" />
<exclusive-end id="1123" timestamp="2019-07-02T23:55:35.717" durationms="9.175" />

<exclusive-start id="1124" timestamp="2019-07-02T23:55:37.548" intervalms="1839.653">
  <response-info timems="0.033" idlems="0.033" threads="0" lastid="0000000001152100" lastname="node-2" />
</exclusive-start>
<af-start id="1125" threadId="0000000001152A88" totalBytesRequested="24" timestamp="2019-07-02T23:55:37.548" intervalms="1839.614" />
<cycle-start id="1126" type="global" contextid="0" timestamp="2019-07-02T23:55:37.548" intervalms="1839.605" />
  <attribute name="GC Util" value="172" />
  <attribute name="CPU Util" value="2753799418490" />
  <attribute name="Time Running"value="161570"/>
  <attribute name="Number of cores"value="4"/>
<gc-start id="1127" type="global" contextid="1126" timestamp="2019-07-02T23:55:37.548">
  <mem-info id="1128" free="119808" total="11993088" percent="0">
    <mem type="tenure" free="119808" total="11993088" percent="0">
      <mem type="soa" free="0" total="11873280" percent="0" />
      <mem type="loa" free="119808" total="119808" percent="100" />
    </mem>
  </mem-info>
</gc-start>
<allocation-stats totalBytes="3541576" >
  <allocated-bytes non-tlh="0" tlh="3541576" />
  <largest-consumer threadName="node-3" threadId="0000000001182C00" bytes="229984" />
</allocation-stats>
<gc-op id="1129" type="mark" timems="2.918" contextid="1126" timestamp="2019-07-02T23:55:37.551">
  <trace-info objectcount="143485" scancount="133995" scanbytes="5270148" />
  <finalization candidates="18" enqueued="0" />
  <references type="soft" candidates="45" cleared="0" enqueued="0" dynamicThreshold="9" maxThreshold="32" />
  <references type="weak" candidates="165" cleared="0" enqueued="0" />
  <references type="phantom" candidates="57" cleared="0" enqueued="0" />
  <stringconstants candidates="3825" cleared="0"  />
</gc-op>
<gc-op id="1130" type="sweep" timems="0.300" contextid="1126" timestamp="2019-07-02T23:55:37.551" />
<gc-end id="1131" type="global" contextid="1126" durationms="3.697" usertimems="8.000" systemtimems="0.000" timestamp="2019-07-02T23:55:37.551" activeThreads="4">
  <mem-info id="1132" free="3673480" total="11993088" percent="30">
    <mem type="tenure" free="3673480" total="11993088" percent="30" micro-fragmented="1325601" macro-fragmented="0">
      <mem type="soa" free="3553672" total="11873280" percent="29" />
      <mem type="loa" free="119808" total="119808" percent="100" />
    </mem>
  </mem-info>
</gc-end>
<cycle-end id="1133" type="global" contextid="1126" timestamp="2019-07-02T23:55:37.552">
  <attribute name="GC Util" value="177" />
  <attribute name="CPU Util" value="6012467718098" />
  <attribute name="Time Running"value="163406"/>
  <attribute name="Number of cores"value="4"/>
</cycle-end>
<allocation-satisfied id="1134" threadId="0000000001152100" bytesRequested="24" />
<af-end id="1135" timestamp="2019-07-02T23:55:37.552" threadId="0000000001152A88" success="true" />
<exclusive-end id="1136" timestamp="2019-07-02T23:55:37.552" durationms="4.497" />

<exclusive-start id="1137" timestamp="2019-07-02T23:55:39.474" intervalms="1926.968">
  <response-info timems="0.102" idlems="0.102" threads="0" lastid="000000000118E000" lastname="node-24" />
</exclusive-start>
<af-start id="1138" threadId="000000000118E988" totalBytesRequested="16" timestamp="2019-07-02T23:55:39.475" intervalms="1926.979" />
<cycle-start id="1139" type="global" contextid="0" timestamp="2019-07-02T23:55:39.475" intervalms="1926.998" />
  <attribute name="GC Util" value="177" />
  <attribute name="CPU Util" value="6012467718098" />
  <attribute name="Time Running"value="163406"/>
  <attribute name="Number of cores"value="4"/>
<gc-start id="1140" type="global" contextid="1139" timestamp="2019-07-02T23:55:39.475">
  <mem-info id="1141" free="119808" total="11993088" percent="0">
    <mem type="tenure" free="119808" total="11993088" percent="0">
      <mem type="soa" free="0" total="11873280" percent="0" />
      <mem type="loa" free="119808" total="119808" percent="100" />
    </mem>
  </mem-info>
</gc-start>
<allocation-stats totalBytes="3546096" >
  <allocated-bytes non-tlh="0" tlh="3546096" />
  <largest-consumer threadName="node-0" threadId="00000000011ABF00" bytes="223144" />
</allocation-stats>
<gc-op id="1142" type="mark" timems="3.158" contextid="1139" timestamp="2019-07-02T23:55:39.478">
  <trace-info objectcount="143504" scancount="133983" scanbytes="5270004" />
  <finalization candidates="18" enqueued="0" />
  <references type="soft" candidates="45" cleared="0" enqueued="0" dynamicThreshold="9" maxThreshold="32" />
  <references type="weak" candidates="165" cleared="0" enqueued="0" />
  <references type="phantom" candidates="57" cleared="0" enqueued="0" />
  <stringconstants candidates="3825" cleared="0"  />
</gc-op>
<gc-op id="1143" type="sweep" timems="0.311" contextid="1139" timestamp="2019-07-02T23:55:39.478" />
<gc-end id="1144" type="global" contextid="1139" durationms="3.710" usertimems="12.000" systemtimems="0.000" timestamp="2019-07-02T23:55:39.478" activeThreads="4">
  <mem-info id="1145" free="3655408" total="11993088" percent="30">
    <mem type="tenure" free="3655408" total="11993088" percent="30" micro-fragmented="1322932" macro-fragmented="0">
      <mem type="soa" free="3535600" total="11873280" percent="29" />
      <mem type="loa" free="119808" total="119808" percent="100" />
    </mem>
  </mem-info>
</gc-end>
<cycle-end id="1146" type="global" contextid="1139" timestamp="2019-07-02T23:55:39.479">
  <attribute name="GC Util" value="176" />
  <attribute name="CPU Util" value="5708788034613" />
  <attribute name="Time Running"value="165333"/>
  <attribute name="Number of cores"value="4"/>
</cycle-end>
<allocation-satisfied id="1147" threadId="000000000118E000" bytesRequested="16" />
<af-end id="1148" timestamp="2019-07-02T23:55:39.479" threadId="000000000118E988" success="true" />
<exclusive-end id="1149" timestamp="2019-07-02T23:55:39.479" durationms="4.300" />

<exclusive-start id="1150" timestamp="2019-07-02T23:55:41.071" intervalms="1596.329">
  <response-info timems="0.032" idlems="0.032" threads="0" lastid="0000000001159900" lastname="node-21" />
</exclusive-start>
<af-start id="1151" threadId="000000000115A288" totalBytesRequested="24" timestamp="2019-07-02T23:55:41.071" intervalms="1596.289" />
<cycle-start id="1152" type="global" contextid="0" timestamp="2019-07-02T23:55:41.071" intervalms="1596.254" />
  <attribute name="GC Util" value="176" />
  <attribute name="CPU Util" value="5708788034613" />
  <attribute name="Time Running"value="165333"/>
  <attribute name="Number of cores"value="4"/>
<gc-start id="1153" type="global" contextid="1152" timestamp="2019-07-02T23:55:41.071">
  <mem-info id="1154" free="119808" total="11993088" percent="0">
    <mem type="tenure" free="119808" total="11993088" percent="0">
      <mem type="soa" free="0" total="11873280" percent="0" />
      <mem type="loa" free="119808" total="119808" percent="100" />
    </mem>
  </mem-info>
</gc-start>
<allocation-stats totalBytes="3526776" >
  <allocated-bytes non-tlh="0" tlh="3526776" />
  <largest-consumer threadName="node-13" threadId="000000000118A400" bytes="226296" />
</allocation-stats>
<gc-op id="1155" type="mark" timems="3.254" contextid="1152" timestamp="2019-07-02T23:55:41.074">
  <trace-info objectcount="143421" scancount="133937" scanbytes="5268524" />
  <finalization candidates="18" enqueued="0" />
  <references type="soft" candidates="45" cleared="0" enqueued="0" dynamicThreshold="9" maxThreshold="32" />
  <references type="weak" candidates="165" cleared="0" enqueued="0" />
  <references type="phantom" candidates="57" cleared="0" enqueued="0" />
  <stringconstants candidates="3825" cleared="0"  />
</gc-op>
<gc-op id="1156" type="sweep" timems="0.298" contextid="1152" timestamp="2019-07-02T23:55:41.075" />
<gc-end id="1157" type="global" contextid="1152" durationms="3.806" usertimems="8.000" systemtimems="0.000" timestamp="2019-07-02T23:55:41.075" activeThreads="4">
  <mem-info id="1158" free="3672096" total="11993088" percent="30">
    <mem type="tenure" free="3672096" total="11993088" percent="30" micro-fragmented="1322268" macro-fragmented="0">
      <mem type="soa" free="3552288" total="11873280" percent="29" />
      <mem type="loa" free="119808" total="119808" percent="100" />
    </mem>
  </mem-info>
</gc-end>
<cycle-end id="1159" type="global" contextid="1152" timestamp="2019-07-02T23:55:41.075">
  <attribute name="GC Util" value="168" />
  <attribute name="CPU Util" value="5585408392581" />
  <attribute name="Time Running"value="166930"/>
  <attribute name="Number of cores"value="4"/>
</cycle-end>
<allocation-satisfied id="1160" threadId="0000000001159900" bytesRequested="24" />
<af-end id="1161" timestamp="2019-07-02T23:55:41.075" threadId="000000000115A288" success="true" />
<exclusive-end id="1162" timestamp="2019-07-02T23:55:41.075" durationms="4.342" />

<exclusive-start id="1163" timestamp="2019-07-02T23:55:42.819" intervalms="1747.948">
  <response-info timems="0.060" idlems="0.060" threads="0" lastid="0000000001155D00" lastname="node-10" />
</exclusive-start>
<af-start id="1164" threadId="0000000001156688" totalBytesRequested="24" timestamp="2019-07-02T23:55:42.819" intervalms="1748.016" />
<cycle-start id="1165" type="global" contextid="0" timestamp="2019-07-02T23:55:42.819" intervalms="1748.039" />
  <attribute name="GC Util" value="168" />
  <attribute name="CPU Util" value="5585408392581" />
  <attribute name="Time Running"value="166930"/>
  <attribute name="Number of cores"value="4"/>
<gc-start id="1166" type="global" contextid="1165" timestamp="2019-07-02T23:55:42.819">
  <mem-info id="1167" free="119808" total="11993088" percent="0">
    <mem type="tenure" free="119808" total="11993088" percent="0">
      <mem type="soa" free="0" total="11873280" percent="0" />
      <mem type="loa" free="119808" total="119808" percent="100" />
    </mem>
  </mem-info>
</gc-start>
<allocation-stats totalBytes="3547032" >
  <allocated-bytes non-tlh="0" tlh="3547032" />
  <largest-consumer threadName="node-13" threadId="000000000118A400" bytes="258400" />
</allocation-stats>
<gc-op id="1168" type="mark" timems="6.747" contextid="1165" timestamp="2019-07-02T23:55:42.826">
  <trace-info objectcount="143405" scancount="133894" scanbytes="5268228" />
  <finalization candidates="18" enqueued="0" />
  <references type="soft" candidates="45" cleared="0" enqueued="0" dynamicThreshold="9" maxThreshold="32" />
  <references type="weak" candidates="165" cleared="0" enqueued="0" />
  <references type="phantom" candidates="57" cleared="0" enqueued="0" />
  <stringconstants candidates="3825" cleared="0"  />
</gc-op>
<gc-op id="1169" type="sweep" timems="1.473" contextid="1165" timestamp="2019-07-02T23:55:42.828" />
<gc-end id="1170" type="global" contextid="1165" durationms="8.955" usertimems="8.000" systemtimems="4.000" timestamp="2019-07-02T23:55:42.828" activeThreads="4">
  <mem-info id="1171" free="3671592" total="11993088" percent="30">
    <mem type="tenure" free="3671592" total="11993088" percent="30" micro-fragmented="1322003" macro-fragmented="0">
      <mem type="soa" free="3551784" total="11873280" percent="29" />
      <mem type="loa" free="119808" total="119808" percent="100" />
    </mem>
  </mem-info>
</gc-end>
<cycle-end id="1172" type="global" contextid="1165" timestamp="2019-07-02T23:55:42.828">
  <attribute name="GC Util" value="169" />
  <attribute name="CPU Util" value="2662400297982" />
  <attribute name="Time Running"value="168682"/>
  <attribute name="Number of cores"value="4"/>
</cycle-end>
<allocation-satisfied id="1173" threadId="0000000001155D00" bytesRequested="24" />
<af-end id="1174" timestamp="2019-07-02T23:55:42.829" threadId="0000000001156688" success="true" />
<exclusive-end id="1175" timestamp="2019-07-02T23:55:42.829" durationms="9.948" />

<exclusive-start id="1176" timestamp="2019-07-02T23:55:44.732" intervalms="1912.785">
  <response-info timems="0.035" idlems="0.035" threads="0" lastid="0000000001159900" lastname="node-21" />
</exclusive-start>
<af-start id="1177" threadId="000000000115A288" totalBytesRequested="24" timestamp="2019-07-02T23:55:44.732" intervalms="1912.762" />
<cycle-start id="1178" type="global" contextid="0" timestamp="2019-07-02T23:55:44.732" intervalms="1912.755" />
  <attribute name="GC Util" value="169" />
  <attribute name="CPU Util" value="2662400297982" />
  <attribute name="Time Running"value="168682"/>
  <attribute name="Number of cores"value="4"/>
<gc-start id="1179" type="global" contextid="1178" timestamp="2019-07-02T23:55:44.732">
  <mem-info id="1180" free="119808" total="11993088" percent="0">
    <mem type="tenure" free="119808" total="11993088" percent="0">
      <mem type="soa" free="0" total="11873280" percent="0" />
      <mem type="loa" free="119808" total="119808" percent="100" />
    </mem>
  </mem-info>
</gc-start>
<allocation-stats totalBytes="3542376" >
  <allocated-bytes non-tlh="0" tlh="3542376" />
  <largest-consumer threadName="node-9" threadId="0000000001199300" bytes="249048" />
</allocation-stats>
<gc-op id="1181" type="mark" timems="6.561" contextid="1178" timestamp="2019-07-02T23:55:44.738">
  <trace-info objectcount="143373" scancount="133880" scanbytes="5267380" />
  <finalization candidates="18" enqueued="0" />
  <references type="soft" candidates="45" cleared="0" enqueued="0" dynamicThreshold="9" maxThreshold="32" />
  <references type="weak" candidates="165" cleared="0" enqueued="0" />
  <references type="phantom" candidates="57" cleared="0" enqueued="0" />
  <stringconstants candidates="3825" cleared="0"  />
</gc-op>
<gc-op id="1182" type="sweep" timems="1.264" contextid="1178" timestamp="2019-07-02T23:55:44.740" />
<gc-end id="1183" type="global" contextid="1178" durationms="8.231" usertimems="8.000" systemtimems="4.000" timestamp="2019-07-02T23:55:44.740" activeThreads="4">
  <mem-info id="1184" free="3679536" total="11993088" percent="30">
    <mem type="tenure" free="3679536" total="11993088" percent="30" micro-fragmented="1324402" macro-fragmented="0">
      <mem type="soa" free="3559728" total="11873280" percent="29" />
      <mem type="loa" free="119808" total="119808" percent="100" />
    </mem>
  </mem-info>
</gc-end>
<cycle-end id="1185" type="global" contextid="1178" timestamp="2019-07-02T23:55:44.740">
  <attribute name="GC Util" value="172" />
  <attribute name="CPU Util" value="2749070475481" />
  <attribute name="Time Running"value="170594"/>
  <attribute name="Number of cores"value="4"/>
</cycle-end>
<allocation-satisfied id="1186" threadId="0000000001159900" bytesRequested="24" />
<af-end id="1187" timestamp="2019-07-02T23:55:44.740" threadId="000000000115A288" success="true" />
<exclusive-end id="1188" timestamp="2019-07-02T23:55:44.741" durationms="8.988" />

<exclusive-start id="1189" timestamp="2019-07-02T23:55:46.754" intervalms="2022.103">
  <response-info timems="0.311" idlems="0.201" threads="2" lastid="0000000001164D00" lastname="node-5" />
</exclusive-start>
<af-start id="1190" threadId="000000000117F988" totalBytesRequested="32" timestamp="2019-07-02T23:55:46.754" intervalms="2022.089" />
<cycle-start id="1191" type="global" contextid="0" timestamp="2019-07-02T23:55:46.754" intervalms="2022.089" />
  <attribute name="GC Util" value="172" />
  <attribute name="CPU Util" value="2749070475481" />
  <attribute name="Time Running"value="170594"/>
  <attribute name="Number of cores"value="4"/>
<gc-start id="1192" type="global" contextid="1191" timestamp="2019-07-02T23:55:46.754">
  <mem-info id="1193" free="119808" total="11993088" percent="0">
    <mem type="tenure" free="119808" total="11993088" percent="0">
      <mem type="soa" free="0" total="11873280" percent="0" />
      <mem type="loa" free="119808" total="119808" percent="100" />
    </mem>
  </mem-info>
</gc-start>
<allocation-stats totalBytes="3549936" >
  <allocated-bytes non-tlh="0" tlh="3549936" />
  <largest-consumer threadName="node-8" threadId="0000000001168900" bytes="249072" />
</allocation-stats>
<gc-op id="1194" type="mark" timems="6.584" contextid="1191" timestamp="2019-07-02T23:55:46.761">
  <trace-info objectcount="143344" scancount="133831" scanbytes="5266676" />
  <finalization candidates="18" enqueued="0" />
  <references type="soft" candidates="45" cleared="0" enqueued="0" dynamicThreshold="9" maxThreshold="32" />
  <references type="weak" candidates="165" cleared="0" enqueued="0" />
  <references type="phantom" candidates="57" cleared="0" enqueued="0" />
  <stringconstants candidates="3825" cleared="0"  />
</gc-op>
<gc-op id="1195" type="sweep" timems="1.545" contextid="1191" timestamp="2019-07-02T23:55:46.762" />
<gc-end id="1196" type="global" contextid="1191" durationms="8.533" usertimems="12.000" systemtimems="0.000" timestamp="2019-07-02T23:55:46.762" activeThreads="4">
  <mem-info id="1197" free="3675744" total="11993088" percent="30">
    <mem type="tenure" free="3675744" total="11993088" percent="30" micro-fragmented="1321870" macro-fragmented="0">
      <mem type="soa" free="3555936" total="11873280" percent="29" />
      <mem type="loa" free="119808" total="119808" percent="100" />
    </mem>
  </mem-info>
</gc-end>
<cycle-end id="1198" type="global" contextid="1191" timestamp="2019-07-02T23:55:46.763">
  <attribute name="GC Util" value="171" />
  <attribute name="CPU Util" value="2745985720953" />
  <attribute name="Time Running"value="172616"/>
  <attribute name="Number of cores"value="4"/>
</cycle-end>
<allocation-satisfied id="1199" threadId="000000000117F000" bytesRequested="32" />
<af-end id="1200" timestamp="2019-07-02T23:55:46.763" threadId="000000000117F988" success="true" />
<exclusive-end id="1201" timestamp="2019-07-02T23:55:46.763" durationms="9.332" />

<exclusive-start id="1202" timestamp="2019-07-02T23:55:48.809" intervalms="2055.234">
  <response-info timems="0.447" idlems="0.447" threads="0" lastid="0000000001199300" lastname="node-9" />
</exclusive-start>
<af-start id="1203" threadId="0000000001199C88" totalBytesRequested="16" timestamp="2019-07-02T23:55:48.809" intervalms="2055.209" />
<cycle-start id="1204" type="global" contextid="0" timestamp="2019-07-02T23:55:48.809" intervalms="2055.194" />
  <attribute name="GC Util" value="171" />
  <attribute name="CPU Util" value="2745985720953" />
  <attribute name="Time Running"value="172616"/>
  <attribute name="Number of cores"value="4"/>
<gc-start id="1205" type="global" contextid="1204" timestamp="2019-07-02T23:55:48.809">
  <mem-info id="1206" free="119808" total="11993088" percent="0">
    <mem type="tenure" free="119808" total="11993088" percent="0">
      <mem type="soa" free="0" total="11873280" percent="0" />
      <mem type="loa" free="119808" total="119808" percent="100" />
    </mem>
  </mem-info>
</gc-start>
<allocation-stats totalBytes="3543240" >
  <allocated-bytes non-tlh="0" tlh="3543240" />
  <largest-consumer threadName="node-7" threadId="0000000001177800" bytes="238640" />
</allocation-stats>
<gc-op id="1207" type="mark" timems="2.999" contextid="1204" timestamp="2019-07-02T23:55:48.812">
  <trace-info objectcount="143316" scancount="133813" scanbytes="5266004" />
  <finalization candidates="18" enqueued="0" />
  <references type="soft" candidates="45" cleared="0" enqueued="0" dynamicThreshold="9" maxThreshold="32" />
  <references type="weak" candidates="165" cleared="0" enqueued="0" />
  <references type="phantom" candidates="57" cleared="0" enqueued="0" />
  <stringconstants candidates="3825" cleared="0"  />
</gc-op>
<gc-op id="1208" type="sweep" timems="0.295" contextid="1204" timestamp="2019-07-02T23:55:48.813" />
<gc-end id="1209" type="global" contextid="1204" durationms="3.593" usertimems="4.000" systemtimems="4.000" timestamp="2019-07-02T23:55:48.813" activeThreads="4">
  <mem-info id="1210" free="3674552" total="11993088" percent="30">
    <mem type="tenure" free="3674552" total="11993088" percent="30" micro-fragmented="1322003" macro-fragmented="0">
      <mem type="soa" free="3554744" total="11873280" percent="29" />
      <mem type="loa" free="119808" total="119808" percent="100" />
    </mem>
  </mem-info>
</gc-end>
<cycle-end id="1211" type="global" contextid="1204" timestamp="2019-07-02T23:55:48.813">
  <attribute name="GC Util" value="181" />
  <attribute name="CPU Util" value="6018760958414" />
  <attribute name="Time Running"value="174668"/>
  <attribute name="Number of cores"value="4"/>
</cycle-end>
<allocation-satisfied id="1212" threadId="0000000001199300" bytesRequested="16" />
<af-end id="1213" timestamp="2019-07-02T23:55:48.813" threadId="0000000001199C88" success="true" />
<exclusive-end id="1214" timestamp="2019-07-02T23:55:48.813" durationms="4.057" />

</verbosegc>

