<?xml version="1.0" ?>

<verbosegc xmlns="http://www.ibm.com/j9/verbosegc" version="08cc62e_CMPRSS">

<initialized id="1" timestamp="2019-08-02T18:55:57.106">
  <attribute name="gcPolicy" value="-Xgcpolicy:gencon" />
  <attribute name="elasticGC enabled" value="1" />
  <attribute name= "numThreadsSpecified" value="0" />
  <attribute name="heapSize specified" value="0" />
  <attribute name= "numCores" value="0" />
  <attribute name ="GC Interval" value="0" />
  <attribute name="GC Util Range Max" value="0" />
  <attribute name="Current GC Util" value="0" />
  <attribute name= "Current Time Running" value="0" />
  <attribute name="maxHeapSize" value="0x7cba0000" />
  <attribute name="initialHeapSize" value="0x800000" />
  <attribute name="compressedRefs" value="true" />
  <attribute name="compressedRefsDisplacement" value="0x0" />
  <attribute name="compressedRefsShift" value="0x0" />
  <attribute name="pageSize" value="0x1000" />
  <attribute name="pageType" value="not used" />
  <attribute name="requestedPageSize" value="0x1000" />
  <attribute name="requestedPageType" value="not used" />
  <attribute name="gcthreads" value="8" />
  <attribute name="gcthreads Concurrent Mark" value="1" />
  <attribute name="packetListSplit" value="8" />
  <attribute name="cacheListSplit" value="8" />
  <attribute name="splitFreeListSplitAmount" value="1" />
  <attribute name="numaNodes" value="0" />
  <system>
    <attribute name="physicalMemory" value="8370401280" />
    <attribute name="numCPUs" value="8" />
    <attribute name="architecture" value="amd64" />
    <attribute name="os" value="Linux" />
    <attribute name="osVersion" value="4.4.0-154-generic" />
  </system>
  <vmargs>
    <vmarg name="-Xoptionsfile=/vagrant/jdk/lib/options.default" />
    <vmarg name="-Xlockword:mode=default,noLockword=java/lang/String,noLockword=java/util/MapEntry,noLockword=java/util/HashMap$Entry,noLockword..." />
    <vmarg name="-Xjcl:jclse29" />
    <vmarg name="-Dcom.ibm.oti.vm.bootstrap.library.path=/vagrant/jdk/lib/compressedrefs:/vagrant/jdk/lib" />
    <vmarg name="-Dsun.boot.library.path=/vagrant/jdk/lib/compressedrefs:/vagrant/jdk/lib" />
    <vmarg name="-Djava.library.path=/vagrant/jdk/lib/compressedrefs:/vagrant/jdk/lib:/usr/lib64:/usr/lib" />
    <vmarg name="-Djava.home=/vagrant/jdk" />
    <vmarg name="-Duser.dir=/vagrant" />
    <vmarg name="-Xgcelastic" />
    <vmarg name="-Xcheck:gc:::elasticGC" />
    <vmarg name="-verbose:gc" />
    <vmarg name="-Xloggc:jdkA-small-GEN-8core-verbose11avrora.txt" />
    <vmarg name="-Djava.class.path=dacapo-9.12-MR1-bach.jar" />
    <vmarg name="-Dsun.java.command=dacapo-9.12-MR1-bach.jar avrora --size=small" />
    <vmarg name="-Dsun.java.launcher=SUN_STANDARD" />
    <vmarg name="-Dsun.java.launcher.pid=4431" />
  </vmargs>
</initialized>

<exclusive-start id="2" timestamp="2019-08-02T18:55:57.309" intervalms="202.639">
  <response-info timems="0.045" idlems="0.045" threads="0" lastid="0000000001767A00" lastname="main" />
</exclusive-start>
<af-start id="3" threadId="0000000001768388" totalBytesRequested="7184" timestamp="2019-08-02T18:55:57.309" intervalms="203.033" type="nursery" />
<cycle-start id="4" type="scavenge" contextid="0" timestamp="2019-08-02T18:55:57.310" intervalms="203.256" />
<gc-start id="5" type="scavenge" contextid="4" timestamp="2019-08-02T18:55:57.310">
  <mem-info id="6" free="6062624" total="8388608" percent="72">
    <mem type="nursery" free="0" total="2097152" percent="0">
      <mem type="allocate" free="0" total="1048576" percent="0" />
      <mem type="survivor" free="0" total="1048576" percent="0" />
    </mem>
    <mem type="tenure" free="6062624" total="6291456" percent="96">
      <mem type="soa" free="5748256" total="5977088" percent="96" />
      <mem type="loa" free="314368" total="314368" percent="100" />
    </mem>
    <remembered-set count="3161" />
  </mem-info>
</gc-start>
<allocation-stats totalBytes="1271968" >
  <allocated-bytes non-tlh="344784" tlh="927184" />
  <largest-consumer threadName="main" threadId="0000000001767A00" bytes="1178816" />
</allocation-stats>
<gc-op id="7" type="scavenge" timems="2.062" contextid="4" timestamp="2019-08-02T18:55:57.312">
  <scavenger-info tenureage="2" tenuremask="fffc" tiltratio="50" />
  <memory-copied type="nursery" objects="10594" bytes="471040" bytesdiscarded="129608" />
  <finalization candidates="11" enqueued="0" />
  <references type="soft" candidates="62" cleared="0" enqueued="0" dynamicThreshold="32" maxThreshold="32" />
  <references type="weak" candidates="307" cleared="176" enqueued="140" />
  <references type="phantom" candidates="22" cleared="5" enqueued="5" />
</gc-op>
<gc-end id="8" type="scavenge" contextid="4" durationms="2.404" usertimems="4.000" systemtimems="0.000" timestamp="2019-08-02T18:55:57.312" activeThreads="8">
  <mem-info id="9" free="6508432" total="8388608" percent="77">
    <mem type="nursery" free="445808" total="2097152" percent="21">
      <mem type="allocate" free="445808" total="1048576" percent="42" />
      <mem type="survivor" free="0" total="1048576" percent="0" />
    </mem>
    <mem type="tenure" free="6062624" total="6291456" percent="96">
      <mem type="soa" free="5748256" total="5977088" percent="96" />
      <mem type="loa" free="314368" total="314368" percent="100" />
    </mem>
    <pending-finalizers system="0" default="0" reference="145" classloader="0" />
    <remembered-set count="3161" />
  </mem-info>
</gc-end>
<cycle-end id="10" type="scavenge" contextid="4" timestamp="2019-08-02T18:55:57.313" />
  <attribute name="elasticGC enabled" value="1" />
  <attribute name= "numThreadsSpecified" value="0" />
  <attribute name="heapSize specified" value="0" />
  <attribute name= "numCores" value="8" />
  <attribute name ="GC Interval" value="0" />
  <attribute name ="Control flow" value="3" />
  <attribute name="GC Util Range Max" value="10" />
  <attribute name="Current GC Util" value="0" />
  <attribute name= "Current Time Running" value="0" />
<allocation-satisfied id="11" threadId="0000000001767A00" bytesRequested="7184" />
<af-end id="12" timestamp="2019-08-02T18:55:57.313" threadId="0000000001768388" success="true" from="nursery"/>
<exclusive-end id="13" timestamp="2019-08-02T18:55:57.313" durationms="3.646" />

<exclusive-start id="14" timestamp="2019-08-02T18:55:57.336" intervalms="27.234">
  <response-info timems="0.031" idlems="0.031" threads="0" lastid="0000000001767A00" lastname="main" />
</exclusive-start>
<af-start id="15" threadId="0000000001768388" totalBytesRequested="2056" timestamp="2019-08-02T18:55:57.336" intervalms="26.904" type="nursery" />
<cycle-start id="16" type="scavenge" contextid="0" timestamp="2019-08-02T18:55:57.336" intervalms="26.729" />
<gc-start id="17" type="scavenge" contextid="16" timestamp="2019-08-02T18:55:57.336">
  <mem-info id="18" free="6054888" total="8388608" percent="72">
    <mem type="nursery" free="0" total="2097152" percent="0">
      <mem type="allocate" free="0" total="1048576" percent="0" />
      <mem type="survivor" free="0" total="1048576" percent="0" />
    </mem>
    <mem type="tenure" free="6054888" total="6291456" percent="96">
      <mem type="soa" free="5740520" total="5977088" percent="96" />
      <mem type="loa" free="314368" total="314368" percent="100" />
    </mem>
    <remembered-set count="3262" />
  </mem-info>
</gc-start>
<allocation-stats totalBytes="450488" >
  <allocated-bytes non-tlh="14920" tlh="435568" />
  <largest-consumer threadName="main" threadId="0000000001767A00" bytes="438512" />
</allocation-stats>
<gc-op id="19" type="scavenge" timems="0.976" contextid="16" timestamp="2019-08-02T18:55:57.338">
  <scavenger-info tenureage="5" tenuremask="7fe0" tiltratio="50" />
  <memory-copied type="nursery" objects="11433" bytes="499800" bytesdiscarded="94304" />
  <finalization candidates="11" enqueued="0" />
  <references type="soft" candidates="62" cleared="0" enqueued="0" dynamicThreshold="32" maxThreshold="32" />
  <references type="weak" candidates="238" cleared="94" enqueued="91" />
  <references type="phantom" candidates="37" cleared="12" enqueued="12" />
</gc-op>
<gc-end id="20" type="scavenge" contextid="16" durationms="1.130" usertimems="4.000" systemtimems="0.000" timestamp="2019-08-02T18:55:57.338" activeThreads="8">
  <mem-info id="21" free="6507872" total="8388608" percent="77">
    <mem type="nursery" free="452984" total="2097152" percent="21">
      <mem type="allocate" free="452984" total="1048576" percent="43" />
      <mem type="survivor" free="0" total="1048576" percent="0" />
    </mem>
    <mem type="tenure" free="6054888" total="6291456" percent="96">
      <mem type="soa" free="5740520" total="5977088" percent="96" />
      <mem type="loa" free="314368" total="314368" percent="100" />
    </mem>
    <pending-finalizers system="0" default="0" reference="103" classloader="0" />
    <remembered-set count="3262" />
  </mem-info>
</gc-end>
<cycle-end id="22" type="scavenge" contextid="16" timestamp="2019-08-02T18:55:57.338" />
  <attribute name="elasticGC enabled" value="1" />
  <attribute name= "numThreadsSpecified" value="0" />
  <attribute name="heapSize specified" value="0" />
  <attribute name= "numCores" value="8" />
  <attribute name ="GC Interval" value="0" />
  <attribute name ="Control flow" value="3" />
  <attribute name="GC Util Range Max" value="16" />
  <attribute name="Current GC Util" value="16" />
  <attribute name= "Current Time Running" value="26" />
<allocation-satisfied id="23" threadId="0000000001767A00" bytesRequested="2056" />
<af-end id="24" timestamp="2019-08-02T18:55:57.338" threadId="0000000001768388" success="true" from="nursery"/>
<exclusive-end id="25" timestamp="2019-08-02T18:55:57.338" durationms="1.504" />

<exclusive-start id="26" timestamp="2019-08-02T18:55:57.525" intervalms="188.344">
  <response-info timems="0.043" idlems="0.043" threads="0" lastid="0000000001767A00" lastname="main" />
</exclusive-start>
<af-start id="27" threadId="0000000001768388" totalBytesRequested="56" timestamp="2019-08-02T18:55:57.525" intervalms="188.367" type="nursery" />
<cycle-start id="28" type="scavenge" contextid="0" timestamp="2019-08-02T18:55:57.525" intervalms="188.383" />
<gc-start id="29" type="scavenge" contextid="28" timestamp="2019-08-02T18:55:57.525">
  <mem-info id="30" free="6054888" total="8388608" percent="72">
    <mem type="nursery" free="0" total="2097152" percent="0">
      <mem type="allocate" free="0" total="1048576" percent="0" />
      <mem type="survivor" free="0" total="1048576" percent="0" />
    </mem>
    <mem type="tenure" free="6054888" total="6291456" percent="96">
      <mem type="soa" free="5740520" total="5977088" percent="96" />
      <mem type="loa" free="314368" total="314368" percent="100" />
    </mem>
    <remembered-set count="3262" />
  </mem-info>
</gc-start>
<allocation-stats totalBytes="452528" >
  <allocated-bytes non-tlh="2056" tlh="450472" />
  <largest-consumer threadName="main" threadId="0000000001767A00" bytes="444336" />
</allocation-stats>
<gc-op id="31" type="scavenge" timems="0.923" contextid="28" timestamp="2019-08-02T18:55:57.526">
  <scavenger-info tenureage="4" tenuremask="7ff0" tiltratio="50" />
  <memory-copied type="nursery" objects="10923" bytes="487560" bytesdiscarded="222520" />
  <finalization candidates="11" enqueued="0" />
  <references type="soft" candidates="62" cleared="0" enqueued="0" dynamicThreshold="32" maxThreshold="32" />
  <references type="weak" candidates="144" cleared="0" enqueued="0" />
  <references type="phantom" candidates="25" cleared="0" enqueued="0" />
</gc-op>
<gc-end id="32" type="scavenge" contextid="28" durationms="1.097" usertimems="4.000" systemtimems="0.000" timestamp="2019-08-02T18:55:57.526" activeThreads="8">
  <mem-info id="33" free="6391904" total="8388608" percent="76">
    <mem type="nursery" free="337016" total="2097152" percent="16">
      <mem type="allocate" free="337016" total="1048576" percent="32" />
      <mem type="survivor" free="0" total="1048576" percent="0" />
    </mem>
    <mem type="tenure" free="6054888" total="6291456" percent="96">
      <mem type="soa" free="5740520" total="5977088" percent="96" />
      <mem type="loa" free="314368" total="314368" percent="100" />
    </mem>
    <remembered-set count="992" />
  </mem-info>
</gc-end>
<cycle-end id="34" type="scavenge" contextid="28" timestamp="2019-08-02T18:55:57.526" />
  <attribute name="elasticGC enabled" value="1" />
  <attribute name= "numThreadsSpecified" value="0" />
  <attribute name="heapSize specified" value="0" />
  <attribute name= "numCores" value="8" />
  <attribute name ="GC Interval" value="0" />
  <attribute name ="Control flow" value="3" />
  <attribute name="GC Util Range Max" value="16" />
  <attribute name="Current GC Util" value="0" />
  <attribute name= "Current Time Running" value="214" />
<allocation-satisfied id="35" threadId="0000000001767A00" bytesRequested="56" />
<af-end id="36" timestamp="2019-08-02T18:55:57.526" threadId="0000000001768388" success="true" from="nursery"/>
<exclusive-end id="37" timestamp="2019-08-02T18:55:57.526" durationms="1.506" />

<exclusive-start id="38" timestamp="2019-08-02T18:55:57.578" intervalms="53.608">
  <response-info timems="0.053" idlems="0.053" threads="0" lastid="0000000001767A00" lastname="main" />
</exclusive-start>
<af-start id="39" threadId="0000000001768388" totalBytesRequested="13792" timestamp="2019-08-02T18:55:57.578" intervalms="53.654" type="nursery" />
<cycle-start id="40" type="scavenge" contextid="0" timestamp="2019-08-02T18:55:57.579" intervalms="53.719" />
<gc-start id="41" type="scavenge" contextid="40" timestamp="2019-08-02T18:55:57.579">
  <mem-info id="42" free="6053344" total="8388608" percent="72">
    <mem type="nursery" free="0" total="2097152" percent="0">
      <mem type="allocate" free="0" total="1048576" percent="0" />
      <mem type="survivor" free="0" total="1048576" percent="0" />
    </mem>
    <mem type="tenure" free="6053344" total="6291456" percent="96">
      <mem type="soa" free="5738976" total="5977088" percent="96" />
      <mem type="loa" free="314368" total="314368" percent="100" />
    </mem>
    <remembered-set count="1011" />
  </mem-info>
</gc-start>
<allocation-stats totalBytes="332240" >
  <allocated-bytes non-tlh="1600" tlh="330640" />
  <largest-consumer threadName="main" threadId="0000000001767A00" bytes="332240" />
</allocation-stats>
<gc-op id="43" type="scavenge" timems="1.080" contextid="40" timestamp="2019-08-02T18:55:57.580">
  <scavenger-info tenureage="3" tenuremask="fff8" tiltratio="50" />
  <memory-copied type="nursery" objects="581" bytes="28760" bytesdiscarded="66456" />
  <memory-copied type="tenure" objects="10318" bytes="462016" bytesdiscarded="1008" />
  <finalization candidates="11" enqueued="0" />
  <references type="weak" candidates="79" cleared="62" enqueued="62" />
  <references type="phantom" candidates="17" cleared="7" enqueued="7" />
</gc-op>
<gc-end id="44" type="scavenge" contextid="40" durationms="1.306" usertimems="4.000" systemtimems="0.000" timestamp="2019-08-02T18:55:57.580" activeThreads="8">
  <mem-info id="45" free="6425760" total="8388608" percent="76">
    <mem type="nursery" free="953344" total="2097152" percent="45">
      <mem type="allocate" free="953344" total="1048576" percent="90" />
      <mem type="survivor" free="0" total="1048576" percent="0" />
    </mem>
    <mem type="tenure" free="5472416" total="6291456" percent="86">
      <mem type="soa" free="5158048" total="5977088" percent="86" />
      <mem type="loa" free="314368" total="314368" percent="100" />
    </mem>
    <pending-finalizers system="0" default="0" reference="69" classloader="0" />
    <remembered-set count="134" />
  </mem-info>
</gc-end>
<cycle-end id="46" type="scavenge" contextid="40" timestamp="2019-08-02T18:55:57.580" />
  <attribute name="elasticGC enabled" value="1" />
  <attribute name= "numThreadsSpecified" value="0" />
  <attribute name="heapSize specified" value="0" />
  <attribute name= "numCores" value="8" />
  <attribute name ="GC Interval" value="0" />
  <attribute name ="Control flow" value="3" />
  <attribute name="GC Util Range Max" value="16" />
  <attribute name="Current GC Util" value="3" />
  <attribute name= "Current Time Running" value="268" />
<allocation-satisfied id="47" threadId="0000000001767A00" bytesRequested="13792" />
<af-end id="48" timestamp="2019-08-02T18:55:57.580" threadId="0000000001768388" success="true" from="nursery"/>
<exclusive-end id="49" timestamp="2019-08-02T18:55:57.580" durationms="2.024" />

<exclusive-start id="50" timestamp="2019-08-02T18:55:57.685" intervalms="106.551">
  <response-info timems="0.033" idlems="0.033" threads="0" lastid="0000000001767A00" lastname="main" />
</exclusive-start>
<af-start id="51" threadId="0000000001768388" totalBytesRequested="2056" timestamp="2019-08-02T18:55:57.685" intervalms="106.491" type="nursery" />
<cycle-start id="52" type="scavenge" contextid="0" timestamp="2019-08-02T18:55:57.685" intervalms="106.416" />
<gc-start id="53" type="scavenge" contextid="52" timestamp="2019-08-02T18:55:57.685">
  <mem-info id="54" free="5466688" total="8388608" percent="65">
    <mem type="nursery" free="0" total="2097152" percent="0">
      <mem type="allocate" free="0" total="1048576" percent="0" />
      <mem type="survivor" free="0" total="1048576" percent="0" />
    </mem>
    <mem type="tenure" free="5466688" total="6291456" percent="86">
      <mem type="soa" free="5152320" total="5977088" percent="86" />
      <mem type="loa" free="314368" total="314368" percent="100" />
    </mem>
    <remembered-set count="230" />
  </mem-info>
</gc-start>
<allocation-stats totalBytes="899400" >
  <allocated-bytes non-tlh="19520" tlh="879880" />
  <largest-consumer threadName="main" threadId="0000000001767A00" bytes="899400" />
</allocation-stats>
<gc-op id="55" type="scavenge" timems="0.453" contextid="52" timestamp="2019-08-02T18:55:57.686">
  <scavenger-info tenureage="4" tenuremask="fff0" tiltratio="50" />
  <memory-copied type="nursery" objects="794" bytes="112360" bytesdiscarded="39376" />
  <finalization candidates="3" enqueued="1" />
  <references type="soft" candidates="1" cleared="0" enqueued="0" dynamicThreshold="32" maxThreshold="32" />
  <references type="weak" candidates="80" cleared="64" enqueued="64" />
  <references type="phantom" candidates="27" cleared="13" enqueued="13" />
</gc-op>
<gc-end id="56" type="scavenge" contextid="52" durationms="0.606" usertimems="0.000" systemtimems="0.000" timestamp="2019-08-02T18:55:57.686" activeThreads="8">
  <mem-info id="57" free="6363440" total="8388608" percent="75">
    <mem type="nursery" free="896752" total="2097152" percent="42">
      <mem type="allocate" free="896752" total="1048576" percent="85" />
      <mem type="survivor" free="0" total="1048576" percent="0" />
    </mem>
    <mem type="tenure" free="5466688" total="6291456" percent="86">
      <mem type="soa" free="5152320" total="5977088" percent="86" />
      <mem type="loa" free="314368" total="314368" percent="100" />
    </mem>
    <pending-finalizers system="1" default="0" reference="77" classloader="0" />
    <remembered-set count="227" />
  </mem-info>
</gc-end>
<cycle-end id="58" type="scavenge" contextid="52" timestamp="2019-08-02T18:55:57.686" />
  <attribute name="elasticGC enabled" value="1" />
  <attribute name= "numThreadsSpecified" value="0" />
  <attribute name="heapSize specified" value="0" />
  <attribute name= "numCores" value="8" />
  <attribute name ="GC Interval" value="0" />
  <attribute name ="Control flow" value="3" />
  <attribute name="GC Util Range Max" value="16" />
  <attribute name="Current GC Util" value="2" />
  <attribute name= "Current Time Running" value="374" />
<allocation-satisfied id="59" threadId="0000000001767A00" bytesRequested="2056" />
<af-end id="60" timestamp="2019-08-02T18:55:57.686" threadId="0000000001768388" success="true" from="nursery"/>
<exclusive-end id="61" timestamp="2019-08-02T18:55:57.686" durationms="0.986" />

<exclusive-start id="62" timestamp="2019-08-02T18:55:57.752" intervalms="67.608">
  <response-info timems="0.034" idlems="0.034" threads="0" lastid="0000000001767A00" lastname="main" />
</exclusive-start>
<af-start id="63" threadId="0000000001768388" totalBytesRequested="2056" timestamp="2019-08-02T18:55:57.753" intervalms="67.607" type="nursery" />
<cycle-start id="64" type="scavenge" contextid="0" timestamp="2019-08-02T18:55:57.753" intervalms="67.610" />
<gc-start id="65" type="scavenge" contextid="64" timestamp="2019-08-02T18:55:57.753">
  <mem-info id="66" free="5466688" total="8388608" percent="65">
    <mem type="nursery" free="0" total="2097152" percent="0">
      <mem type="allocate" free="0" total="1048576" percent="0" />
      <mem type="survivor" free="0" total="1048576" percent="0" />
    </mem>
    <mem type="tenure" free="5466688" total="6291456" percent="86">
      <mem type="soa" free="5152320" total="5977088" percent="86" />
      <mem type="loa" free="314368" total="314368" percent="100" />
    </mem>
    <remembered-set count="228" />
  </mem-info>
</gc-start>
<allocation-stats totalBytes="887632" >
  <allocated-bytes non-tlh="2056" tlh="885576" />
  <largest-consumer threadName="main" threadId="0000000001767A00" bytes="887632" />
</allocation-stats>
<gc-op id="67" type="scavenge" timems="0.333" contextid="64" timestamp="2019-08-02T18:55:57.753">
  <scavenger-info tenureage="3" tenuremask="fff8" tiltratio="50" />
  <memory-copied type="nursery" objects="305" bytes="81872" bytesdiscarded="22264" />
  <memory-copied type="tenure" objects="308" bytes="16336" bytesdiscarded="0" />
  <finalization candidates="2" enqueued="0" />
  <references type="soft" candidates="1" cleared="0" enqueued="0" dynamicThreshold="32" maxThreshold="32" />
  <references type="weak" candidates="2" cleared="0" enqueued="0" />
  <references type="phantom" candidates="6" cleared="0" enqueued="0" />
</gc-op>
<gc-end id="68" type="scavenge" contextid="64" durationms="0.500" usertimems="0.000" systemtimems="0.000" timestamp="2019-08-02T18:55:57.753" activeThreads="8">
  <mem-info id="69" free="6452776" total="8388608" percent="76">
    <mem type="nursery" free="1009896" total="2097152" percent="48">
      <mem type="allocate" free="1009896" total="1114112" percent="90" />
      <mem type="survivor" free="0" total="983040" percent="0" />
    </mem>
    <mem type="tenure" free="5442880" total="6291456" percent="86">
      <mem type="soa" free="5128512" total="5977088" percent="85" />
      <mem type="loa" free="314368" total="314368" percent="100" />
    </mem>
    <remembered-set count="174" />
  </mem-info>
</gc-end>
<cycle-end id="70" type="scavenge" contextid="64" timestamp="2019-08-02T18:55:57.753" />
  <attribute name="elasticGC enabled" value="1" />
  <attribute name= "numThreadsSpecified" value="0" />
  <attribute name="heapSize specified" value="0" />
  <attribute name= "numCores" value="8" />
  <attribute name ="GC Interval" value="0" />
  <attribute name ="Control flow" value="3" />
  <attribute name="GC Util Range Max" value="16" />
  <attribute name="Current GC Util" value="1" />
  <attribute name= "Current Time Running" value="442" />
<allocation-satisfied id="71" threadId="0000000001767A00" bytesRequested="2056" />
<af-end id="72" timestamp="2019-08-02T18:55:57.753" threadId="0000000001768388" success="true" from="nursery"/>
<exclusive-end id="73" timestamp="2019-08-02T18:55:57.753" durationms="0.882" />

<exclusive-start id="74" timestamp="2019-08-02T18:55:57.822" intervalms="69.168">
  <response-info timems="0.026" idlems="0.026" threads="0" lastid="0000000001767A00" lastname="main" />
</exclusive-start>
<af-start id="75" threadId="0000000001768388" totalBytesRequested="2056" timestamp="2019-08-02T18:55:57.822" intervalms="69.153" type="nursery" />
<cycle-start id="76" type="scavenge" contextid="0" timestamp="2019-08-02T18:55:57.822" intervalms="69.146" />
<gc-start id="77" type="scavenge" contextid="76" timestamp="2019-08-02T18:55:57.822">
  <mem-info id="78" free="5442880" total="8388608" percent="64">
    <mem type="nursery" free="0" total="2097152" percent="0">
      <mem type="allocate" free="0" total="1114112" percent="0" />
      <mem type="survivor" free="0" total="983040" percent="0" />
    </mem>
    <mem type="tenure" free="5442880" total="6291456" percent="86">
      <mem type="soa" free="5128512" total="5977088" percent="85" />
      <mem type="loa" free="314368" total="314368" percent="100" />
    </mem>
    <remembered-set count="174" />
  </mem-info>
</gc-start>
<allocation-stats totalBytes="998464" >
  <allocated-bytes non-tlh="2056" tlh="996408" />
  <largest-consumer threadName="main" threadId="0000000001767A00" bytes="998464" />
</allocation-stats>
<gc-op id="79" type="scavenge" timems="0.252" contextid="76" timestamp="2019-08-02T18:55:57.822">
  <scavenger-info tenureage="5" tenuremask="ffe0" tiltratio="53" />
  <memory-copied type="nursery" objects="305" bytes="81880" bytesdiscarded="22256" />
  <finalization candidates="2" enqueued="0" />
  <references type="soft" candidates="1" cleared="0" enqueued="0" dynamicThreshold="32" maxThreshold="32" />
  <references type="weak" candidates="2" cleared="0" enqueued="0" />
  <references type="phantom" candidates="6" cleared="0" enqueued="0" />
</gc-op>
<gc-end id="80" type="scavenge" contextid="76" durationms="0.411" usertimems="0.000" systemtimems="0.000" timestamp="2019-08-02T18:55:57.822" activeThreads="8">
  <mem-info id="81" free="6649384" total="8388608" percent="79">
    <mem type="nursery" free="1206504" total="2097152" percent="57">
      <mem type="allocate" free="1206504" total="1310720" percent="92" />
      <mem type="survivor" free="0" total="786432" percent="0" />
    </mem>
    <mem type="tenure" free="5442880" total="6291456" percent="86">
      <mem type="soa" free="5128512" total="5977088" percent="85" />
      <mem type="loa" free="314368" total="314368" percent="100" />
    </mem>
    <remembered-set count="93" />
  </mem-info>
</gc-end>
<cycle-end id="82" type="scavenge" contextid="76" timestamp="2019-08-02T18:55:57.822" />
  <attribute name="elasticGC enabled" value="1" />
  <attribute name= "numThreadsSpecified" value="0" />
  <attribute name="heapSize specified" value="0" />
  <attribute name= "numCores" value="8" />
  <attribute name ="GC Interval" value="0" />
  <attribute name ="Control flow" value="3" />
  <attribute name="GC Util Range Max" value="16" />
  <attribute name="Current GC Util" value="1" />
  <attribute name= "Current Time Running" value="511" />
<allocation-satisfied id="83" threadId="0000000001767A00" bytesRequested="2056" />
<af-end id="84" timestamp="2019-08-02T18:55:57.822" threadId="0000000001768388" success="true" from="nursery"/>
<exclusive-end id="85" timestamp="2019-08-02T18:55:57.822" durationms="0.758" />

<exclusive-start id="86" timestamp="2019-08-02T18:55:57.912" intervalms="90.152">
  <response-info timems="0.061" idlems="0.061" threads="0" lastid="0000000001767A00" lastname="main" />
</exclusive-start>
<af-start id="87" threadId="0000000001768388" totalBytesRequested="21536" timestamp="2019-08-02T18:55:57.912" intervalms="90.207" type="nursery" />
<cycle-start id="88" type="scavenge" contextid="0" timestamp="2019-08-02T18:55:57.912" intervalms="90.238" />
<gc-start id="89" type="scavenge" contextid="88" timestamp="2019-08-02T18:55:57.912">
  <mem-info id="90" free="5439088" total="8388608" percent="64">
    <mem type="nursery" free="0" total="2097152" percent="0">
      <mem type="allocate" free="0" total="1310720" percent="0" />
      <mem type="survivor" free="0" total="786432" percent="0" />
    </mem>
    <mem type="tenure" free="5439088" total="6291456" percent="86">
      <mem type="soa" free="5124720" total="5977088" percent="85" />
      <mem type="loa" free="314368" total="314368" percent="100" />
    </mem>
    <remembered-set count="131" />
  </mem-info>
</gc-start>
<allocation-stats totalBytes="1189024" >
  <allocated-bytes non-tlh="171032" tlh="1017992" />
  <largest-consumer threadName="main" threadId="0000000001767A00" bytes="1189024" />
</allocation-stats>
<gc-op id="91" type="scavenge" timems="0.311" contextid="88" timestamp="2019-08-02T18:55:57.912">
  <scavenger-info tenureage="3" tenuremask="fff8" tiltratio="62" />
  <memory-copied type="nursery" objects="166" bytes="198240" bytesdiscarded="61120" />
  <memory-copied type="tenure" objects="239" bytes="58072" bytesdiscarded="0" />
  <finalization candidates="2" enqueued="0" />
  <references type="soft" candidates="1" cleared="0" enqueued="0" dynamicThreshold="32" maxThreshold="32" />
  <references type="weak" candidates="9" cleared="9" enqueued="9" />
  <references type="phantom" candidates="5" cleared="1" enqueued="1" />
</gc-op>
<gc-end id="92" type="scavenge" contextid="88" durationms="0.489" usertimems="0.000" systemtimems="0.000" timestamp="2019-08-02T18:55:57.912" activeThreads="8">
  <mem-info id="93" free="6499376" total="8388608" percent="77">
    <mem type="nursery" free="1116888" total="2097152" percent="53">
      <mem type="allocate" free="1116888" total="1376256" percent="81" />
      <mem type="survivor" free="0" total="720896" percent="0" />
    </mem>
    <mem type="tenure" free="5382488" total="6291456" percent="85">
      <mem type="soa" free="5068120" total="5977088" percent="84" />
      <mem type="loa" free="314368" total="314368" percent="100" />
    </mem>
    <pending-finalizers system="0" default="0" reference="10" classloader="0" />
    <remembered-set count="114" />
  </mem-info>
</gc-end>
<cycle-end id="94" type="scavenge" contextid="88" timestamp="2019-08-02T18:55:57.913" />
  <attribute name="elasticGC enabled" value="1" />
  <attribute name= "numThreadsSpecified" value="0" />
  <attribute name="heapSize specified" value="0" />
  <attribute name= "numCores" value="8" />
  <attribute name ="GC Interval" value="0" />
  <attribute name ="Control flow" value="3" />
  <attribute name="GC Util Range Max" value="16" />
  <attribute name="Current GC Util" value="0" />
  <attribute name= "Current Time Running" value="601" />
<allocation-satisfied id="95" threadId="0000000001767A00" bytesRequested="21536" />
<af-end id="96" timestamp="2019-08-02T18:55:57.913" threadId="0000000001768388" success="true" from="nursery"/>
<exclusive-end id="97" timestamp="2019-08-02T18:55:57.913" durationms="0.932" />

<exclusive-start id="98" timestamp="2019-08-02T18:55:57.916" intervalms="4.087">
  <response-info timems="0.050" idlems="0.050" threads="0" lastid="0000000001767A00" lastname="main" />
</exclusive-start>
<sys-start reason="explicit" id="99" timestamp="2019-08-02T18:55:57.916" intervalms="809.454" />
<cycle-start id="100" type="global" contextid="0" timestamp="2019-08-02T18:55:57.916" intervalms="809.678" />
<gc-start id="101" type="global" contextid="100" timestamp="2019-08-02T18:55:57.916">
  <mem-info id="102" free="6343560" total="8388608" percent="75">
    <mem type="nursery" free="964280" total="2097152" percent="45">
      <mem type="allocate" free="964280" total="1376256" percent="70" />
      <mem type="survivor" free="0" total="720896" percent="0" />
    </mem>
    <mem type="tenure" free="5379280" total="6291456" percent="85">
      <mem type="soa" free="5064912" total="5977088" percent="84" />
      <mem type="loa" free="314368" total="314368" percent="100" />
    </mem>
    <remembered-set count="158" />
  </mem-info>
</gc-start>
<allocation-stats totalBytes="155816" >
  <allocated-bytes non-tlh="24744" tlh="131072" />
  <largest-consumer threadName="main" threadId="0000000001767A00" bytes="151720" />
</allocation-stats>
<gc-op id="103" type="mark" timems="1.402" contextid="100" timestamp="2019-08-02T18:55:57.918">
  <trace-info objectcount="16927" scancount="13949" scanbytes="447088" />
  <finalization candidates="13" enqueued="0" />
  <references type="soft" candidates="66" cleared="0" enqueued="0" dynamicThreshold="32" maxThreshold="32" />
  <references type="weak" candidates="163" cleared="34" enqueued="26" />
  <references type="phantom" candidates="35" cleared="3" enqueued="3" />
  <stringconstants candidates="2456" cleared="0"  />
</gc-op>
<gc-op id="104" type="classunload" timems="0.035" contextid="100" timestamp="2019-08-02T18:55:57.918">
  <classunload-info classloadercandidates="6" classloadersunloaded="0" classesunloaded="0" anonymousclassesunloaded="0" quiescems="0.000" setupms="0.035" scanms="0.000" postms="0.000" />
</gc-op>
<gc-op id="105" type="sweep" timems="0.366" contextid="100" timestamp="2019-08-02T18:55:57.918" />
<mem-info id="106" free="6670920" total="8388608" percent="79">
  <mem type="nursery" free="1169280" total="2097152" percent="55">
    <mem type="allocate" free="1169280" total="1376256" percent="84" />
    <mem type="survivor" free="0" total="720896" percent="0" />
  </mem>
  <mem type="tenure" free="5501640" total="6291456" percent="87" micro-fragmented="18336" macro-fragmented="0">
    <mem type="soa" free="5187272" total="5977088" percent="86" />
    <mem type="loa" free="314368" total="314368" percent="100" />
  </mem>
  <pending-finalizers system="0" default="0" reference="29" classloader="0" />
  <remembered-set count="155" />
</mem-info>
<gc-op id="107" type="compact" timems="3.953" contextid="100" timestamp="2019-08-02T18:55:57.922">
  <compact-info movecount="12504" movebytes="802536" reason="no compaction" />
</gc-op>
<gc-end id="108" type="global" contextid="100" durationms="6.740" usertimems="8.000" systemtimems="0.000" timestamp="2019-08-02T18:55:57.923" activeThreads="8">
  <mem-info id="109" free="6681368" total="8388608" percent="79">
    <mem type="nursery" free="1176592" total="2097152" percent="56">
      <mem type="allocate" free="1176592" total="1376256" percent="85" />
      <mem type="survivor" free="0" total="720896" percent="0" />
    </mem>
    <mem type="tenure" free="5504776" total="6291456" percent="87">
      <mem type="soa" free="5190408" total="5977088" percent="86" />
      <mem type="loa" free="314368" total="314368" percent="100" />
    </mem>
    <pending-finalizers system="0" default="0" reference="29" classloader="0" />
    <remembered-set count="155" />
  </mem-info>
</gc-end>
<cycle-end id="110" type="global" contextid="100" timestamp="2019-08-02T18:55:57.923" />
  <attribute name="elasticGC enabled" value="1" />
  <attribute name= "numThreadsSpecified" value="0" />
  <attribute name="heapSize specified" value="6225920" />
  <attribute name= "numCores" value="8" />
  <attribute name ="GC Interval" value="0" />
  <attribute name ="Control flow" value="3" />
  <attribute name="GC Util Range Max" value="16" />
  <attribute name="Current GC Util" value="35" />
  <attribute name= "Current Time Running" value="612" />
<sys-end id="111" timestamp="2019-08-02T18:55:57.923" />
<exclusive-end id="112" timestamp="2019-08-02T18:55:57.923" durationms="7.323" />

<exclusive-start id="113" timestamp="2019-08-02T18:55:57.971" intervalms="54.996">
  <response-info timems="0.030" idlems="0.030" threads="0" lastid="0000000001767A00" lastname="main" />
</exclusive-start>
<af-start id="114" threadId="0000000001768388" totalBytesRequested="8904" timestamp="2019-08-02T18:55:57.971" intervalms="59.040" type="nursery" />
<cycle-start id="115" type="scavenge" contextid="0" timestamp="2019-08-02T18:55:57.971" intervalms="59.015" />
<gc-start id="116" type="scavenge" contextid="115" timestamp="2019-08-02T18:55:57.971">
  <mem-info id="117" free="5435832" total="8388608" percent="64">
    <mem type="nursery" free="0" total="2097152" percent="0">
      <mem type="allocate" free="0" total="1376256" percent="0" />
      <mem type="survivor" free="0" total="720896" percent="0" />
    </mem>
    <mem type="tenure" free="5435832" total="6291456" percent="86">
      <mem type="soa" free="5121464" total="5977088" percent="85" />
      <mem type="loa" free="314368" total="314368" percent="100" />
    </mem>
    <remembered-set count="608" />
  </mem-info>
</gc-start>
<allocation-stats totalBytes="1225040" >
  <allocated-bytes non-tlh="68944" tlh="1156096" />
  <largest-consumer threadName="main" threadId="0000000001767A00" bytes="1220944" />
</allocation-stats>
<gc-op id="118" type="scavenge" timems="0.350" contextid="115" timestamp="2019-08-02T18:55:57.971">
  <scavenger-info tenureage="3" tenuremask="ffc8" tiltratio="65" />
  <memory-copied type="nursery" objects="2396" bytes="294136" bytesdiscarded="25328" />
  <references type="soft" candidates="3" cleared="0" enqueued="0" dynamicThreshold="27" maxThreshold="32" />
  <references type="weak" candidates="33" cleared="32" enqueued="32" />
  <references type="phantom" candidates="7" cleared="0" enqueued="0" />
</gc-op>
<gc-end id="119" type="scavenge" contextid="115" durationms="0.513" usertimems="0.000" systemtimems="0.000" timestamp="2019-08-02T18:55:57.972" activeThreads="8">
  <mem-info id="120" free="6558080" total="8388608" percent="78">
    <mem type="nursery" free="1122248" total="2097152" percent="53">
      <mem type="allocate" free="1122248" total="1441792" percent="77" />
      <mem type="survivor" free="0" total="655360" percent="0" />
    </mem>
    <mem type="tenure" free="5435832" total="6291456" percent="86">
      <mem type="soa" free="5121464" total="5977088" percent="85" />
      <mem type="loa" free="314368" total="314368" percent="100" />
    </mem>
    <pending-finalizers system="0" default="0" reference="32" classloader="0" />
    <remembered-set count="603" />
  </mem-info>
</gc-end>
<cycle-end id="121" type="scavenge" contextid="115" timestamp="2019-08-02T18:55:57.972" />
  <attribute name="elasticGC enabled" value="1" />
  <attribute name= "numThreadsSpecified" value="0" />
  <attribute name="heapSize specified" value="6225920" />
  <attribute name= "numCores" value="8" />
  <attribute name ="GC Interval" value="0" />
  <attribute name ="Control flow" value="3" />
  <attribute name="GC Util Range Max" value="16" />
  <attribute name="Current GC Util" value="10" />
  <attribute name= "Current Time Running" value="660" />
<allocation-satisfied id="122" threadId="0000000001767A00" bytesRequested="8904" />
<af-end id="123" timestamp="2019-08-02T18:55:57.972" threadId="0000000001768388" success="true" from="nursery"/>
<exclusive-end id="124" timestamp="2019-08-02T18:55:57.972" durationms="0.921" />

<exclusive-start id="125" timestamp="2019-08-02T18:55:58.021" intervalms="49.742">
  <response-info timems="0.032" idlems="0.032" threads="0" lastid="0000000001767A00" lastname="main" />
</exclusive-start>
<af-start id="126" threadId="0000000001768388" totalBytesRequested="1600" timestamp="2019-08-02T18:55:58.021" intervalms="49.741" type="nursery" />
<cycle-start id="127" type="scavenge" contextid="0" timestamp="2019-08-02T18:55:58.021" intervalms="49.739" />
<gc-start id="128" type="scavenge" contextid="127" timestamp="2019-08-02T18:55:58.021">
  <mem-info id="129" free="5403968" total="8388608" percent="64">
    <mem type="nursery" free="0" total="2097152" percent="0">
      <mem type="allocate" free="0" total="1441792" percent="0" />
      <mem type="survivor" free="0" total="655360" percent="0" />
    </mem>
    <mem type="tenure" free="5403968" total="6291456" percent="85">
      <mem type="soa" free="5089600" total="5977088" percent="85" />
      <mem type="loa" free="314368" total="314368" percent="100" />
    </mem>
    <remembered-set count="1017" />
  </mem-info>
</gc-start>
<allocation-stats totalBytes="1138320" >
  <allocated-bytes non-tlh="40768" tlh="1097552" />
  <largest-consumer threadName="main" threadId="0000000001767A00" bytes="1138320" />
</allocation-stats>
<gc-op id="130" type="scavenge" timems="0.349" contextid="127" timestamp="2019-08-02T18:55:58.021">
  <scavenger-info tenureage="3" tenuremask="fff8" tiltratio="68" />
  <memory-copied type="nursery" objects="2469" bytes="351264" bytesdiscarded="140240" />
  <references type="soft" candidates="3" cleared="0" enqueued="0" dynamicThreshold="27" maxThreshold="32" />
  <references type="weak" candidates="2" cleared="1" enqueued="1" />
  <references type="phantom" candidates="7" cleared="0" enqueued="0" />
</gc-op>
<gc-end id="131" type="scavenge" contextid="127" durationms="0.517" usertimems="0.000" systemtimems="0.000" timestamp="2019-08-02T18:55:58.021" activeThreads="8">
  <mem-info id="132" free="6485248" total="8388608" percent="77">
    <mem type="nursery" free="1081280" total="2097152" percent="51">
      <mem type="allocate" free="1081280" total="1572864" percent="68" />
      <mem type="survivor" free="0" total="524288" percent="0" />
    </mem>
    <mem type="tenure" free="5403968" total="6291456" percent="85">
      <mem type="soa" free="5089600" total="5977088" percent="85" />
      <mem type="loa" free="314368" total="314368" percent="100" />
    </mem>
    <pending-finalizers system="0" default="0" reference="1" classloader="0" />
    <remembered-set count="989" />
  </mem-info>
</gc-end>
<cycle-end id="133" type="scavenge" contextid="127" timestamp="2019-08-02T18:55:58.021" />
  <attribute name="elasticGC enabled" value="1" />
  <attribute name= "numThreadsSpecified" value="0" />
  <attribute name="heapSize specified" value="6225920" />
  <attribute name= "numCores" value="8" />
  <attribute name ="GC Interval" value="0" />
  <attribute name ="Control flow" value="3" />
  <attribute name="GC Util Range Max" value="16" />
  <attribute name="Current GC Util" value="1" />
  <attribute name= "Current Time Running" value="710" />
<allocation-satisfied id="134" threadId="0000000001767A00" bytesRequested="1600" />
<af-end id="135" timestamp="2019-08-02T18:55:58.021" threadId="0000000001768388" success="true" from="nursery"/>
<exclusive-end id="136" timestamp="2019-08-02T18:55:58.021" durationms="0.901" />

<exclusive-start id="137" timestamp="2019-08-02T18:55:58.314" intervalms="293.246">
  <response-info timems="0.036" idlems="0.036" threads="0" lastid="0000000001767A00" lastname="main" />
</exclusive-start>
<af-start id="138" threadId="0000000001768388" totalBytesRequested="9856" timestamp="2019-08-02T18:55:58.314" intervalms="293.259" type="nursery" />
<cycle-start id="139" type="scavenge" contextid="0" timestamp="2019-08-02T18:55:58.314" intervalms="293.265" />
<gc-start id="140" type="scavenge" contextid="139" timestamp="2019-08-02T18:55:58.314">
  <mem-info id="141" free="5388152" total="8388608" percent="64">
    <mem type="nursery" free="0" total="2097152" percent="0">
      <mem type="allocate" free="0" total="1572864" percent="0" />
      <mem type="survivor" free="0" total="524288" percent="0" />
    </mem>
    <mem type="tenure" free="5388152" total="6291456" percent="85">
      <mem type="soa" free="5073784" total="5977088" percent="84" />
      <mem type="loa" free="314368" total="314368" percent="100" />
    </mem>
    <remembered-set count="1219" />
  </mem-info>
</gc-start>
<allocation-stats totalBytes="1087480" >
  <allocated-bytes non-tlh="17416" tlh="1070064" />
  <largest-consumer threadName="main" threadId="0000000001767A00" bytes="1087480" />
</allocation-stats>
<gc-op id="142" type="scavenge" timems="0.642" contextid="139" timestamp="2019-08-02T18:55:58.315">
  <scavenger-info tenureage="3" tenuremask="fff8" tiltratio="75" />
  <memory-copied type="nursery" objects="12714" bytes="462840" bytesdiscarded="61352" />
  <memory-copied type="tenure" objects="910" bytes="213560" bytesdiscarded="0" />
  <copy-failed type="nursery" objects="800" bytes="17984" />
  <references type="soft" candidates="2" cleared="0" enqueued="0" dynamicThreshold="27" maxThreshold="32" />
  <references type="weak" candidates="9" cleared="7" enqueued="7" />
  <references type="phantom" candidates="5" cleared="2" enqueued="2" />
</gc-op>
<gc-end id="143" type="scavenge" contextid="139" durationms="0.823" usertimems="0.000" systemtimems="0.000" timestamp="2019-08-02T18:55:58.315" activeThreads="8">
  <mem-info id="144" free="5980752" total="8388608" percent="71">
    <mem type="nursery" free="851968" total="2097152" percent="40">
      <mem type="allocate" free="851968" total="1376256" percent="61" />
      <mem type="survivor" free="0" total="720896" percent="0" />
    </mem>
    <mem type="tenure" free="5128784" total="6291456" percent="81">
      <mem type="soa" free="4814416" total="5977088" percent="80" />
      <mem type="loa" free="314368" total="314368" percent="100" />
    </mem>
    <pending-finalizers system="0" default="0" reference="9" classloader="0" />
    <remembered-set count="1619" />
  </mem-info>
</gc-end>
<cycle-end id="145" type="scavenge" contextid="139" timestamp="2019-08-02T18:55:58.315" />
  <attribute name="elasticGC enabled" value="1" />
  <attribute name= "numThreadsSpecified" value="0" />
  <attribute name="heapSize specified" value="6225920" />
  <attribute name= "numCores" value="8" />
  <attribute name ="GC Interval" value="0" />
  <attribute name ="Control flow" value="3" />
  <attribute name="GC Util Range Max" value="16" />
  <attribute name="Current GC Util" value="0" />
  <attribute name= "Current Time Running" value="1003" />
<allocation-satisfied id="146" threadId="0000000001767A00" bytesRequested="9856" />
<af-end id="147" timestamp="2019-08-02T18:55:58.315" threadId="0000000001768388" success="true" from="nursery"/>
<exclusive-end id="148" timestamp="2019-08-02T18:55:58.315" durationms="1.236" />

<exclusive-start id="149" timestamp="2019-08-02T18:55:58.420" intervalms="105.706">
  <response-info timems="0.058" idlems="0.058" threads="0" lastid="0000000001767A00" lastname="main" />
</exclusive-start>
<af-start id="150" threadId="0000000001768388" totalBytesRequested="1032" timestamp="2019-08-02T18:55:58.420" intervalms="105.715" type="nursery" />
<cycle-start id="151" type="scavenge" contextid="0" timestamp="2019-08-02T18:55:58.420" intervalms="105.714" />
<gc-start id="152" type="scavenge" contextid="151" timestamp="2019-08-02T18:55:58.420">
  <mem-info id="153" free="5106040" total="8388608" percent="60">
    <mem type="nursery" free="0" total="2097152" percent="0">
      <mem type="allocate" free="0" total="1376256" percent="0" />
      <mem type="survivor" free="0" total="720896" percent="0" />
    </mem>
    <mem type="tenure" free="5106040" total="6291456" percent="81">
      <mem type="soa" free="4791672" total="5977088" percent="80" />
      <mem type="loa" free="314368" total="314368" percent="100" />
    </mem>
    <remembered-set count="2040" />
  </mem-info>
</gc-start>
<allocation-stats totalBytes="867224" >
  <allocated-bytes non-tlh="127256" tlh="739968" />
  <largest-consumer threadName="main" threadId="0000000001767A00" bytes="867224" />
</allocation-stats>
<gc-op id="154" type="scavenge" timems="0.594" contextid="151" timestamp="2019-08-02T18:55:58.420">
  <scavenger-info tenureage="5" tenuremask="ffe0" tiltratio="65" />
  <memory-copied type="nursery" objects="13931" bytes="526312" bytesdiscarded="99344" />
  <references type="soft" candidates="2" cleared="0" enqueued="0" dynamicThreshold="27" maxThreshold="32" />
  <references type="weak" candidates="4" cleared="2" enqueued="2" />
  <references type="phantom" candidates="3" cleared="0" enqueued="0" />
</gc-op>
<gc-end id="155" type="scavenge" contextid="151" durationms="0.764" usertimems="0.000" systemtimems="0.000" timestamp="2019-08-02T18:55:58.421" activeThreads="8">
  <mem-info id="156" free="5922088" total="8388608" percent="70">
    <mem type="nursery" free="816048" total="2097152" percent="38">
      <mem type="allocate" free="816048" total="1441792" percent="56" />
      <mem type="survivor" free="0" total="655360" percent="0" />
    </mem>
    <mem type="tenure" free="5106040" total="6291456" percent="81">
      <mem type="soa" free="4791672" total="5977088" percent="80" />
      <mem type="loa" free="314368" total="314368" percent="100" />
    </mem>
    <pending-finalizers system="0" default="0" reference="2" classloader="0" />
    <remembered-set count="1721" />
  </mem-info>
</gc-end>
<cycle-end id="157" type="scavenge" contextid="151" timestamp="2019-08-02T18:55:58.421" />
  <attribute name="elasticGC enabled" value="1" />
  <attribute name= "numThreadsSpecified" value="0" />
  <attribute name="heapSize specified" value="6225920" />
  <attribute name= "numCores" value="8" />
  <attribute name ="GC Interval" value="0" />
  <attribute name ="Control flow" value="3" />
  <attribute name="GC Util Range Max" value="16" />
  <attribute name="Current GC Util" value="1" />
  <attribute name= "Current Time Running" value="1109" />
<allocation-satisfied id="158" threadId="0000000001767A00" bytesRequested="1032" />
<af-end id="159" timestamp="2019-08-02T18:55:58.421" threadId="0000000001768388" success="true" from="nursery"/>
<exclusive-end id="160" timestamp="2019-08-02T18:55:58.421" durationms="1.170" />

<exclusive-start id="161" timestamp="2019-08-02T18:55:58.445" intervalms="25.186">
  <response-info timems="0.054" idlems="0.054" threads="0" lastid="0000000001767A00" lastname="main" />
</exclusive-start>
<af-start id="162" threadId="0000000001768388" totalBytesRequested="1056" timestamp="2019-08-02T18:55:58.445" intervalms="25.206" type="nursery" />
<cycle-start id="163" type="scavenge" contextid="0" timestamp="2019-08-02T18:55:58.445" intervalms="25.234" />
<gc-start id="164" type="scavenge" contextid="163" timestamp="2019-08-02T18:55:58.445">
  <mem-info id="165" free="5088216" total="8388608" percent="60">
    <mem type="nursery" free="0" total="2097152" percent="0">
      <mem type="allocate" free="0" total="1441792" percent="0" />
      <mem type="survivor" free="0" total="655360" percent="0" />
    </mem>
    <mem type="tenure" free="5088216" total="6291456" percent="80">
      <mem type="soa" free="4773848" total="5977088" percent="79" />
      <mem type="loa" free="314368" total="314368" percent="100" />
    </mem>
    <remembered-set count="1940" />
  </mem-info>
</gc-start>
<allocation-stats totalBytes="815552" >
  <allocated-bytes non-tlh="18856" tlh="796696" />
  <largest-consumer threadName="main" threadId="0000000001767A00" bytes="815552" />
</allocation-stats>
<gc-op id="166" type="scavenge" timems="0.738" contextid="163" timestamp="2019-08-02T18:55:58.446">
  <scavenger-info tenureage="3" tenuremask="fff8" tiltratio="68" />
  <memory-copied type="nursery" objects="12892" bytes="428624" bytesdiscarded="136608" />
  <memory-copied type="tenure" objects="2177" bytes="140688" bytesdiscarded="8" />
</gc-op>
<gc-end id="167" type="scavenge" contextid="163" durationms="0.966" usertimems="0.000" systemtimems="0.000" timestamp="2019-08-02T18:55:58.446" activeThreads="8">
  <mem-info id="168" free="5813112" total="8388608" percent="69">
    <mem type="nursery" free="876504" total="2097152" percent="41">
      <mem type="allocate" free="876504" total="1441792" percent="60" />
      <mem type="survivor" free="0" total="655360" percent="0" />
    </mem>
    <mem type="tenure" free="4936608" total="6291456" percent="78">
      <mem type="soa" free="4622240" total="5977088" percent="77" />
      <mem type="loa" free="314368" total="314368" percent="100" />
    </mem>
    <remembered-set count="1628" />
  </mem-info>
</gc-end>
<cycle-end id="169" type="scavenge" contextid="163" timestamp="2019-08-02T18:55:58.446" />
  <attribute name="elasticGC enabled" value="1" />
  <attribute name= "numThreadsSpecified" value="0" />
  <attribute name="heapSize specified" value="6225920" />
  <attribute name= "numCores" value="8" />
  <attribute name ="GC Interval" value="0" />
  <attribute name ="Control flow" value="3" />
  <attribute name="GC Util Range Max" value="16" />
  <attribute name="Current GC Util" value="6" />
  <attribute name= "Current Time Running" value="1134" />
<allocation-satisfied id="170" threadId="0000000001767A00" bytesRequested="1056" />
<af-end id="171" timestamp="2019-08-02T18:55:58.446" threadId="0000000001768388" success="true" from="nursery"/>
<exclusive-end id="172" timestamp="2019-08-02T18:55:58.446" durationms="1.449" />

<exclusive-start id="173" timestamp="2019-08-02T18:55:58.469" intervalms="24.052">
  <response-info timems="0.076" idlems="0.076" threads="0" lastid="0000000001767A00" lastname="main" />
</exclusive-start>
<af-start id="174" threadId="0000000001768388" totalBytesRequested="32" timestamp="2019-08-02T18:55:58.469" intervalms="24.127" type="nursery" />
<cycle-start id="175" type="scavenge" contextid="0" timestamp="2019-08-02T18:55:58.469" intervalms="24.141" />
<gc-start id="176" type="scavenge" contextid="175" timestamp="2019-08-02T18:55:58.469">
  <mem-info id="177" free="4922224" total="8388608" percent="58">
    <mem type="nursery" free="0" total="2097152" percent="0">
      <mem type="allocate" free="0" total="1441792" percent="0" />
      <mem type="survivor" free="0" total="655360" percent="0" />
    </mem>
    <mem type="tenure" free="4922224" total="6291456" percent="78">
      <mem type="soa" free="4607856" total="5977088" percent="77" />
      <mem type="loa" free="314368" total="314368" percent="100" />
    </mem>
    <remembered-set count="1807" />
  </mem-info>
</gc-start>
<allocation-stats totalBytes="889720" >
  <allocated-bytes non-tlh="15440" tlh="874280" />
  <largest-consumer threadName="main" threadId="0000000001767A00" bytes="889720" />
</allocation-stats>
<gc-op id="178" type="scavenge" timems="0.829" contextid="175" timestamp="2019-08-02T18:55:58.470">
  <scavenger-info tenureage="3" tenuremask="fff8" tiltratio="68" />
  <memory-copied type="nursery" objects="6422" bytes="367048" bytesdiscarded="250736" />
  <memory-copied type="tenure" objects="10451" bytes="298104" bytesdiscarded="1264" />
</gc-op>
<gc-end id="179" type="scavenge" contextid="175" durationms="1.092" usertimems="4.000" systemtimems="0.000" timestamp="2019-08-02T18:55:58.470" activeThreads="8">
  <mem-info id="180" free="5166712" total="8388608" percent="61">
    <mem type="nursery" free="823944" total="2097152" percent="39">
      <mem type="allocate" free="823944" total="1441792" percent="57" />
      <mem type="survivor" free="0" total="655360" percent="0" />
    </mem>
    <mem type="tenure" free="4342768" total="6291456" percent="69">
      <mem type="soa" free="4028400" total="5977088" percent="67" />
      <mem type="loa" free="314368" total="314368" percent="100" />
    </mem>
    <remembered-set count="511" />
  </mem-info>
</gc-end>
<cycle-end id="181" type="scavenge" contextid="175" timestamp="2019-08-02T18:55:58.470" />
  <attribute name="elasticGC enabled" value="1" />
  <attribute name= "numThreadsSpecified" value="0" />
  <attribute name="heapSize specified" value="6225920" />
  <attribute name= "numCores" value="8" />
  <attribute name ="GC Interval" value="0" />
  <attribute name ="Control flow" value="3" />
  <attribute name="GC Util Range Max" value="16" />
  <attribute name="Current GC Util" value="8" />
  <attribute name= "Current Time Running" value="1159" />
<allocation-satisfied id="182" threadId="0000000001767A00" bytesRequested="32" />
<af-end id="183" timestamp="2019-08-02T18:55:58.471" threadId="0000000001768388" success="true" from="nursery"/>
<exclusive-end id="184" timestamp="2019-08-02T18:55:58.471" durationms="1.765" />

<exclusive-start id="185" timestamp="2019-08-02T18:55:58.832" intervalms="363.027">
  <response-info timems="0.032" idlems="0.032" threads="0" lastid="0000000001A33F00" lastname="node-0" />
</exclusive-start>
<af-start id="186" threadId="0000000001A34888" totalBytesRequested="32" timestamp="2019-08-02T18:55:58.832" intervalms="362.934" type="nursery" />
<cycle-start id="187" type="scavenge" contextid="0" timestamp="2019-08-02T18:55:58.832" intervalms="362.904" />
<gc-start id="188" type="scavenge" contextid="187" timestamp="2019-08-02T18:55:58.832">
  <mem-info id="189" free="4341632" total="8388608" percent="51">
    <mem type="nursery" free="0" total="2097152" percent="0">
      <mem type="allocate" free="0" total="1441792" percent="0" />
      <mem type="survivor" free="0" total="655360" percent="0" />
    </mem>
    <mem type="tenure" free="4341632" total="6291456" percent="69">
      <mem type="soa" free="4027264" total="5977088" percent="67" />
      <mem type="loa" free="314368" total="314368" percent="100" />
    </mem>
    <remembered-set count="538" />
  </mem-info>
</gc-start>
<allocation-stats totalBytes="824336" >
  <allocated-bytes non-tlh="1168" tlh="823168" />
  <largest-consumer threadName="node-1" threadId="0000000001A30300" bytes="270480" />
</allocation-stats>
<gc-op id="190" type="scavenge" timems="1.494" contextid="187" timestamp="2019-08-02T18:55:58.834">
  <scavenger-info tenureage="2" tenuremask="fffc" tiltratio="68" />
  <memory-copied type="nursery" objects="12274" bytes="447656" bytesdiscarded="30376" />
  <memory-copied type="tenure" objects="2429" bytes="130072" bytesdiscarded="72" />
  <references type="weak" candidates="2" cleared="2" enqueued="2" />
</gc-op>
<gc-end id="191" type="scavenge" contextid="187" durationms="1.729" usertimems="4.000" systemtimems="0.000" timestamp="2019-08-02T18:55:58.834" activeThreads="8">
  <mem-info id="192" free="5095688" total="8388608" percent="60">
    <mem type="nursery" free="963720" total="2097152" percent="45">
      <mem type="allocate" free="963720" total="1441792" percent="66" />
      <mem type="survivor" free="0" total="655360" percent="0" />
    </mem>
    <mem type="tenure" free="4131968" total="6291456" percent="65">
      <mem type="soa" free="3817600" total="5977088" percent="63" />
      <mem type="loa" free="314368" total="314368" percent="100" />
    </mem>
    <pending-finalizers system="0" default="0" reference="2" classloader="0" />
    <remembered-set count="296" />
  </mem-info>
</gc-end>
<cycle-end id="193" type="scavenge" contextid="187" timestamp="2019-08-02T18:55:58.834" />
  <attribute name="elasticGC enabled" value="1" />
  <attribute name= "numThreadsSpecified" value="0" />
  <attribute name="heapSize specified" value="6225920" />
  <attribute name= "numCores" value="8" />
  <attribute name ="GC Interval" value="0" />
  <attribute name ="Control flow" value="3" />
  <attribute name="GC Util Range Max" value="16" />
  <attribute name="Current GC Util" value="0" />
  <attribute name= "Current Time Running" value="1521" />
<allocation-satisfied id="194" threadId="0000000001A33F00" bytesRequested="32" />
<af-end id="195" timestamp="2019-08-02T18:55:58.834" threadId="0000000001A34888" success="true" from="nursery"/>
<exclusive-end id="196" timestamp="2019-08-02T18:55:58.834" durationms="2.271" />

<exclusive-start id="197" timestamp="2019-08-02T18:55:59.154" intervalms="322.515">
  <response-info timems="0.028" idlems="0.028" threads="0" lastid="0000000001A30300" lastname="node-1" />
</exclusive-start>
<af-start id="198" threadId="0000000001A30C88" totalBytesRequested="32" timestamp="2019-08-02T18:55:59.154" intervalms="322.518" type="nursery" />
<cycle-start id="199" type="scavenge" contextid="0" timestamp="2019-08-02T18:55:59.155" intervalms="322.559" />
<gc-start id="200" type="scavenge" contextid="199" timestamp="2019-08-02T18:55:59.155">
  <mem-info id="201" free="4131968" total="8388608" percent="49">
    <mem type="nursery" free="0" total="2097152" percent="0">
      <mem type="allocate" free="0" total="1441792" percent="0" />
      <mem type="survivor" free="0" total="655360" percent="0" />
    </mem>
    <mem type="tenure" free="4131968" total="6291456" percent="65">
      <mem type="soa" free="3817600" total="5977088" percent="63" />
      <mem type="loa" free="314368" total="314368" percent="100" />
    </mem>
    <remembered-set count="296" />
  </mem-info>
</gc-start>
<allocation-stats totalBytes="963088" >
  <allocated-bytes non-tlh="32" tlh="963056" />
  <largest-consumer threadName="node-2" threadId="0000000001A2C700" bytes="341008" />
</allocation-stats>
<gc-op id="202" type="scavenge" timems="1.246" contextid="199" timestamp="2019-08-02T18:55:59.156">
  <scavenger-info tenureage="2" tenuremask="fffc" tiltratio="68" />
  <memory-copied type="nursery" objects="18541" bytes="457056" bytesdiscarded="41376" />
  <memory-copied type="tenure" objects="3986" bytes="236640" bytesdiscarded="40" />
</gc-op>
<gc-end id="203" type="scavenge" contextid="199" durationms="1.579" usertimems="0.000" systemtimems="0.000" timestamp="2019-08-02T18:55:59.156" activeThreads="8">
  <mem-info id="204" free="4881672" total="8388608" percent="58">
    <mem type="nursery" free="1008896" total="2097152" percent="48">
      <mem type="allocate" free="1008896" total="1507328" percent="66" />
      <mem type="survivor" free="0" total="589824" percent="0" />
    </mem>
    <mem type="tenure" free="3872776" total="6291456" percent="61">
      <mem type="soa" free="3558408" total="5977088" percent="59" />
      <mem type="loa" free="314368" total="314368" percent="100" />
    </mem>
    <remembered-set count="137" />
  </mem-info>
</gc-end>
<cycle-end id="205" type="scavenge" contextid="199" timestamp="2019-08-02T18:55:59.156" />
  <attribute name="elasticGC enabled" value="1" />
  <attribute name= "numThreadsSpecified" value="0" />
  <attribute name="heapSize specified" value="6225920" />
  <attribute name= "numCores" value="8" />
  <attribute name ="GC Interval" value="0" />
  <attribute name ="Control flow" value="3" />
  <attribute name="GC Util Range Max" value="16" />
  <attribute name="Current GC Util" value="0" />
  <attribute name= "Current Time Running" value="1844" />
<allocation-satisfied id="206" threadId="0000000001A30300" bytesRequested="32" />
<af-end id="207" timestamp="2019-08-02T18:55:59.156" threadId="0000000001A30C88" success="true" from="nursery"/>
<exclusive-end id="208" timestamp="2019-08-02T18:55:59.156" durationms="2.161" />

<exclusive-start id="209" timestamp="2019-08-02T18:55:59.547" intervalms="392.674">
  <response-info timems="0.027" idlems="0.027" threads="0" lastid="0000000001A30300" lastname="node-1" />
</exclusive-start>
<af-start id="210" threadId="0000000001A30C88" totalBytesRequested="32" timestamp="2019-08-02T18:55:59.547" intervalms="392.669" type="nursery" />
<cycle-start id="211" type="scavenge" contextid="0" timestamp="2019-08-02T18:55:59.547" intervalms="392.701" />
<gc-start id="212" type="scavenge" contextid="211" timestamp="2019-08-02T18:55:59.547">
  <mem-info id="213" free="3872776" total="8388608" percent="46">
    <mem type="nursery" free="0" total="2097152" percent="0">
      <mem type="allocate" free="0" total="1507328" percent="0" />
      <mem type="survivor" free="0" total="589824" percent="0" />
    </mem>
    <mem type="tenure" free="3872776" total="6291456" percent="61">
      <mem type="soa" free="3558408" total="5977088" percent="59" />
      <mem type="loa" free="314368" total="314368" percent="100" />
    </mem>
    <remembered-set count="141" />
  </mem-info>
</gc-start>
<allocation-stats totalBytes="1007976" >
  <allocated-bytes non-tlh="32" tlh="1007944" />
  <largest-consumer threadName="node-0" threadId="0000000001A33F00" bytes="343952" />
</allocation-stats>
<gc-op id="214" type="scavenge" timems="1.728" contextid="211" timestamp="2019-08-02T18:55:59.549">
  <scavenger-info tenureage="2" tenuremask="7ffc" tiltratio="71" />
  <memory-copied type="nursery" objects="20902" bytes="501528" bytesdiscarded="88296" />
  <memory-copied type="tenure" objects="8265" bytes="210552" bytesdiscarded="0" />
</gc-op>
<gc-end id="215" type="scavenge" contextid="211" durationms="2.186" usertimems="0.000" systemtimems="0.000" timestamp="2019-08-02T18:55:59.550" activeThreads="8">
  <mem-info id="216" free="4510472" total="8388608" percent="53">
    <mem type="nursery" free="851968" total="2097152" percent="40">
      <mem type="allocate" free="851968" total="1441792" percent="59" />
      <mem type="survivor" free="0" total="655360" percent="0" />
    </mem>
    <mem type="tenure" free="3658504" total="6291456" percent="58">
      <mem type="soa" free="3344136" total="5977088" percent="55" />
      <mem type="loa" free="314368" total="314368" percent="100" />
    </mem>
    <remembered-set count="107" />
  </mem-info>
</gc-end>
<cycle-end id="217" type="scavenge" contextid="211" timestamp="2019-08-02T18:55:59.550" />
  <attribute name="elasticGC enabled" value="1" />
  <attribute name= "numThreadsSpecified" value="0" />
  <attribute name="heapSize specified" value="6225920" />
  <attribute name= "numCores" value="8" />
  <attribute name ="GC Interval" value="0" />
  <attribute name ="Control flow" value="3" />
  <attribute name="GC Util Range Max" value="16" />
  <attribute name="Current GC Util" value="0" />
  <attribute name= "Current Time Running" value="2237" />
<allocation-satisfied id="218" threadId="0000000001A30300" bytesRequested="32" />
<af-end id="219" timestamp="2019-08-02T18:55:59.550" threadId="0000000001A30C88" success="true" from="nursery"/>
<exclusive-end id="220" timestamp="2019-08-02T18:55:59.550" durationms="2.916" />

<exclusive-start id="221" timestamp="2019-08-02T18:55:59.852" intervalms="304.578">
  <response-info timems="0.027" idlems="0.027" threads="0" lastid="0000000001A30300" lastname="node-1" />
</exclusive-start>
<af-start id="222" threadId="0000000001A30C88" totalBytesRequested="32" timestamp="2019-08-02T18:55:59.852" intervalms="304.576" type="nursery" />
<cycle-start id="223" type="scavenge" contextid="0" timestamp="2019-08-02T18:55:59.852" intervalms="304.496" />
<gc-start id="224" type="scavenge" contextid="223" timestamp="2019-08-02T18:55:59.852">
  <mem-info id="225" free="3658504" total="8388608" percent="43">
    <mem type="nursery" free="0" total="2097152" percent="0">
      <mem type="allocate" free="0" total="1441792" percent="0" />
      <mem type="survivor" free="0" total="655360" percent="0" />
    </mem>
    <mem type="tenure" free="3658504" total="6291456" percent="58">
      <mem type="soa" free="3344136" total="5977088" percent="55" />
      <mem type="loa" free="314368" total="314368" percent="100" />
    </mem>
    <remembered-set count="118" />
  </mem-info>
</gc-start>
<allocation-stats totalBytes="851568" >
  <allocated-bytes non-tlh="32" tlh="851536" />
  <largest-consumer threadName="node-2" threadId="0000000001A2C700" bytes="315352" />
</allocation-stats>
<gc-op id="226" type="scavenge" timems="1.712" contextid="223" timestamp="2019-08-02T18:55:59.854">
  <scavenger-info tenureage="1" tenuremask="7ffe" tiltratio="68" />
  <memory-copied type="nursery" objects="8324" bytes="199656" bytesdiscarded="38424" />
  <memory-copied type="tenure" objects="20887" bytes="501288" bytesdiscarded="0" />
</gc-op>
<gc-end id="227" type="scavenge" contextid="223" durationms="1.909" usertimems="0.000" systemtimems="0.000" timestamp="2019-08-02T18:55:59.854" activeThreads="8">
  <mem-info id="228" free="4362248" total="8388608" percent="52">
    <mem type="nursery" free="1203712" total="2097152" percent="57">
      <mem type="allocate" free="1203712" total="1441792" percent="83" />
      <mem type="survivor" free="0" total="655360" percent="0" />
    </mem>
    <mem type="tenure" free="3158536" total="6291456" percent="50">
      <mem type="soa" free="2844168" total="5977088" percent="47" />
      <mem type="loa" free="314368" total="314368" percent="100" />
    </mem>
    <remembered-set count="109" />
  </mem-info>
</gc-end>
<cycle-end id="229" type="scavenge" contextid="223" timestamp="2019-08-02T18:55:59.854" />
  <attribute name="elasticGC enabled" value="1" />
  <attribute name= "numThreadsSpecified" value="0" />
  <attribute name="heapSize specified" value="6225920" />
  <attribute name= "numCores" value="8" />
  <attribute name ="GC Interval" value="0" />
  <attribute name ="Control flow" value="3" />
  <attribute name="GC Util Range Max" value="16" />
  <attribute name="Current GC Util" value="0" />
  <attribute name= "Current Time Running" value="2541" />
<allocation-satisfied id="230" threadId="0000000001A30300" bytesRequested="32" />
<af-end id="231" timestamp="2019-08-02T18:55:59.854" threadId="0000000001A30C88" success="true" from="nursery"/>
<exclusive-end id="232" timestamp="2019-08-02T18:55:59.854" durationms="2.508" />

<exclusive-start id="233" timestamp="2019-08-02T18:56:00.304" intervalms="452.323">
  <response-info timems="0.033" idlems="0.033" threads="0" lastid="0000000001A33F00" lastname="node-0" />
</exclusive-start>
<af-start id="234" threadId="0000000001A34888" totalBytesRequested="24" timestamp="2019-08-02T18:56:00.304" intervalms="452.337" type="nursery" />
<cycle-start id="235" type="scavenge" contextid="0" timestamp="2019-08-02T18:56:00.304" intervalms="452.351" />
<gc-start id="236" type="scavenge" contextid="235" timestamp="2019-08-02T18:56:00.304">
  <mem-info id="237" free="3158536" total="8388608" percent="37">
    <mem type="nursery" free="0" total="2097152" percent="0">
      <mem type="allocate" free="0" total="1441792" percent="0" />
      <mem type="survivor" free="0" total="655360" percent="0" />
    </mem>
    <mem type="tenure" free="3158536" total="6291456" percent="50">
      <mem type="soa" free="2844168" total="5977088" percent="47" />
      <mem type="loa" free="314368" total="314368" percent="100" />
    </mem>
    <remembered-set count="118" />
  </mem-info>
</gc-start>
<allocation-stats totalBytes="1202960" >
  <allocated-bytes non-tlh="32" tlh="1202928" />
  <largest-consumer threadName="node-2" threadId="0000000001A2C700" bytes="437688" />
</allocation-stats>
<gc-op id="238" type="scavenge" timems="2.063" contextid="235" timestamp="2019-08-02T18:56:00.306">
  <scavenger-info tenureage="1" tenuremask="7ffe" tiltratio="68" />
  <memory-copied type="nursery" objects="11906" bytes="285624" bytesdiscarded="72" />
  <memory-copied type="tenure" objects="8309" bytes="199416" bytesdiscarded="0" />
</gc-op>
<gc-end id="239" type="scavenge" contextid="235" durationms="2.278" usertimems="4.000" systemtimems="0.000" timestamp="2019-08-02T18:56:00.306" activeThreads="8">
  <mem-info id="240" free="4261128" total="8388608" percent="50">
    <mem type="nursery" free="1221632" total="2097152" percent="58">
      <mem type="allocate" free="1221632" total="1507328" percent="81" />
      <mem type="survivor" free="0" total="589824" percent="0" />
    </mem>
    <mem type="tenure" free="3039496" total="6291456" percent="48">
      <mem type="soa" free="2725128" total="5977088" percent="45" />
      <mem type="loa" free="314368" total="314368" percent="100" />
    </mem>
    <remembered-set count="107" />
  </mem-info>
</gc-end>
<cycle-end id="241" type="scavenge" contextid="235" timestamp="2019-08-02T18:56:00.307" />
  <attribute name="elasticGC enabled" value="1" />
  <attribute name= "numThreadsSpecified" value="0" />
  <attribute name="heapSize specified" value="6225920" />
  <attribute name= "numCores" value="8" />
  <attribute name ="GC Interval" value="0" />
  <attribute name ="Control flow" value="3" />
  <attribute name="GC Util Range Max" value="16" />
  <attribute name="Current GC Util" value="0" />
  <attribute name= "Current Time Running" value="2994" />
<allocation-satisfied id="242" threadId="0000000001A33F00" bytesRequested="24" />
<af-end id="243" timestamp="2019-08-02T18:56:00.307" threadId="0000000001A34888" success="true" from="nursery"/>
<exclusive-end id="244" timestamp="2019-08-02T18:56:00.307" durationms="2.827" />

<exclusive-start id="245" timestamp="2019-08-02T18:56:00.701" intervalms="397.010">
  <response-info timems="0.029" idlems="0.029" threads="0" lastid="0000000001A30300" lastname="node-1" />
</exclusive-start>
<af-start id="246" threadId="0000000001A30C88" totalBytesRequested="368" timestamp="2019-08-02T18:56:00.701" intervalms="396.999" type="nursery" />
<cycle-start id="247" type="scavenge" contextid="0" timestamp="2019-08-02T18:56:00.701" intervalms="396.986" />
<gc-start id="248" type="scavenge" contextid="247" timestamp="2019-08-02T18:56:00.701">
  <mem-info id="249" free="3039496" total="8388608" percent="36">
    <mem type="nursery" free="0" total="2097152" percent="0">
      <mem type="allocate" free="0" total="1507328" percent="0" />
      <mem type="survivor" free="0" total="589824" percent="0" />
    </mem>
    <mem type="tenure" free="3039496" total="6291456" percent="48">
      <mem type="soa" free="2725128" total="5977088" percent="45" />
      <mem type="loa" free="314368" total="314368" percent="100" />
    </mem>
    <remembered-set count="118" />
  </mem-info>
</gc-start>
<allocation-stats totalBytes="1220816" >
  <allocated-bytes non-tlh="24" tlh="1220792" />
  <largest-consumer threadName="node-0" threadId="0000000001A33F00" bytes="434904" />
</allocation-stats>
<gc-op id="250" type="scavenge" timems="1.472" contextid="247" timestamp="2019-08-02T18:56:00.703">
  <scavenger-info tenureage="1" tenuremask="7ffe" tiltratio="71" />
  <memory-copied type="nursery" objects="12675" bytes="304576" bytesdiscarded="52544" />
  <memory-copied type="tenure" objects="11891" bytes="285384" bytesdiscarded="0" />
</gc-op>
<gc-end id="251" type="scavenge" contextid="247" durationms="1.680" usertimems="4.000" systemtimems="0.000" timestamp="2019-08-02T18:56:00.703" activeThreads="8">
  <mem-info id="252" free="3969544" total="8388608" percent="47">
    <mem type="nursery" free="1215744" total="2097152" percent="57">
      <mem type="allocate" free="1215744" total="1572864" percent="77" />
      <mem type="survivor" free="0" total="524288" percent="0" />
    </mem>
    <mem type="tenure" free="2753800" total="6291456" percent="43">
      <mem type="soa" free="2439432" total="5977088" percent="40" />
      <mem type="loa" free="314368" total="314368" percent="100" />
    </mem>
    <remembered-set count="109" />
  </mem-info>
</gc-end>
<cycle-end id="253" type="scavenge" contextid="247" timestamp="2019-08-02T18:56:00.703" />
  <attribute name="elasticGC enabled" value="1" />
  <attribute name= "numThreadsSpecified" value="0" />
  <attribute name="heapSize specified" value="6225920" />
  <attribute name= "numCores" value="8" />
  <attribute name ="GC Interval" value="0" />
  <attribute name ="Control flow" value="3" />
  <attribute name="GC Util Range Max" value="16" />
  <attribute name="Current GC Util" value="0" />
  <attribute name= "Current Time Running" value="3391" />
<allocation-satisfied id="254" threadId="0000000001A30300" bytesRequested="368" />
<af-end id="255" timestamp="2019-08-02T18:56:00.703" threadId="0000000001A30C88" success="true" from="nursery"/>
<exclusive-end id="256" timestamp="2019-08-02T18:56:00.703" durationms="2.139" />

<exclusive-start id="257" timestamp="2019-08-02T18:56:01.083" intervalms="382.325">
  <response-info timems="0.030" idlems="0.030" threads="0" lastid="0000000001A2C700" lastname="node-2" />
</exclusive-start>
<af-start id="258" threadId="0000000001A2D088" totalBytesRequested="32" timestamp="2019-08-02T18:56:01.083" intervalms="382.393" type="nursery" />
<cycle-start id="259" type="scavenge" contextid="0" timestamp="2019-08-02T18:56:01.084" intervalms="382.473" />
<gc-start id="260" type="scavenge" contextid="259" timestamp="2019-08-02T18:56:01.084">
  <mem-info id="261" free="2753800" total="8388608" percent="32">
    <mem type="nursery" free="0" total="2097152" percent="0">
      <mem type="allocate" free="0" total="1572864" percent="0" />
      <mem type="survivor" free="0" total="524288" percent="0" />
    </mem>
    <mem type="tenure" free="2753800" total="6291456" percent="43">
      <mem type="soa" free="2439432" total="5977088" percent="40" />
      <mem type="loa" free="314368" total="314368" percent="100" />
    </mem>
    <remembered-set count="118" />
  </mem-info>
</gc-start>
<allocation-stats totalBytes="1215488" >
  <allocated-bytes non-tlh="368" tlh="1215120" />
  <largest-consumer threadName="node-1" threadId="0000000001A30300" bytes="417304" />
</allocation-stats>
<gc-op id="262" type="scavenge" timems="2.228" contextid="259" timestamp="2019-08-02T18:56:01.086">
  <scavenger-info tenureage="1" tenuremask="7ffe" tiltratio="75" />
  <memory-copied type="nursery" objects="12794" bytes="306936" bytesdiscarded="4872" />
  <memory-copied type="tenure" objects="12651" bytes="303624" bytesdiscarded="16" />
</gc-op>
<gc-end id="263" type="scavenge" contextid="259" durationms="2.659" usertimems="4.000" systemtimems="0.000" timestamp="2019-08-02T18:56:01.086" activeThreads="8">
  <mem-info id="264" free="3718408" total="8388608" percent="44">
    <mem type="nursery" free="1261056" total="2097152" percent="60">
      <mem type="allocate" free="1261056" total="1572864" percent="80" />
      <mem type="survivor" free="0" total="524288" percent="0" />
    </mem>
    <mem type="tenure" free="2457352" total="6291456" percent="39">
      <mem type="soa" free="2142984" total="5977088" percent="35" />
      <mem type="loa" free="314368" total="314368" percent="100" />
    </mem>
    <remembered-set count="102" />
  </mem-info>
</gc-end>
<cycle-end id="265" type="scavenge" contextid="259" timestamp="2019-08-02T18:56:01.086" />
  <attribute name="elasticGC enabled" value="1" />
  <attribute name= "numThreadsSpecified" value="0" />
  <attribute name="heapSize specified" value="6225920" />
  <attribute name= "numCores" value="8" />
  <attribute name ="GC Interval" value="0" />
  <attribute name ="Control flow" value="3" />
  <attribute name="GC Util Range Max" value="16" />
  <attribute name="Current GC Util" value="0" />
  <attribute name= "Current Time Running" value="3773" />
<allocation-satisfied id="266" threadId="0000000001A2C700" bytesRequested="32" />
<af-end id="267" timestamp="2019-08-02T18:56:01.087" threadId="0000000001A2D088" success="true" from="nursery"/>
<exclusive-end id="268" timestamp="2019-08-02T18:56:01.087" durationms="3.446" />

<exclusive-start id="269" timestamp="2019-08-02T18:56:01.513" intervalms="429.899">
  <response-info timems="0.030" idlems="0.030" threads="0" lastid="0000000001A2C700" lastname="node-2" />
</exclusive-start>
<af-start id="270" threadId="0000000001A2D088" totalBytesRequested="376" timestamp="2019-08-02T18:56:01.513" intervalms="429.835" type="nursery" />
<cycle-start id="271" type="scavenge" contextid="0" timestamp="2019-08-02T18:56:01.513" intervalms="429.764" />
<gc-start id="272" type="scavenge" contextid="271" timestamp="2019-08-02T18:56:01.513">
  <mem-info id="273" free="2457352" total="8388608" percent="29">
    <mem type="nursery" free="0" total="2097152" percent="0">
      <mem type="allocate" free="0" total="1572864" percent="0" />
      <mem type="survivor" free="0" total="524288" percent="0" />
    </mem>
    <mem type="tenure" free="2457352" total="6291456" percent="39">
      <mem type="soa" free="2142984" total="5977088" percent="35" />
      <mem type="loa" free="314368" total="314368" percent="100" />
    </mem>
    <remembered-set count="114" />
  </mem-info>
</gc-start>
<allocation-stats totalBytes="1260640" >
  <allocated-bytes non-tlh="32" tlh="1260608" />
  <largest-consumer threadName="node-1" threadId="0000000001A30300" bytes="441752" />
</allocation-stats>
<gc-op id="274" type="scavenge" timems="2.286" contextid="271" timestamp="2019-08-02T18:56:01.516">
  <scavenger-info tenureage="1" tenuremask="7ffe" tiltratio="75" />
  <memory-copied type="nursery" objects="12988" bytes="312568" bytesdiscarded="68360" />
  <memory-copied type="tenure" objects="12779" bytes="306696" bytesdiscarded="0" />
</gc-op>
<gc-end id="275" type="scavenge" contextid="271" durationms="2.527" usertimems="0.000" systemtimems="0.000" timestamp="2019-08-02T18:56:01.516" activeThreads="8">
  <mem-info id="276" free="3339784" total="8388608" percent="39">
    <mem type="nursery" free="1191936" total="2097152" percent="56">
      <mem type="allocate" free="1191936" total="1572864" percent="75" />
      <mem type="survivor" free="0" total="524288" percent="0" />
    </mem>
    <mem type="tenure" free="2147848" total="6291456" percent="34">
      <mem type="soa" free="1833480" total="5977088" percent="30" />
      <mem type="loa" free="314368" total="314368" percent="100" />
    </mem>
    <remembered-set count="104" />
  </mem-info>
</gc-end>
<cycle-end id="277" type="scavenge" contextid="271" timestamp="2019-08-02T18:56:01.516" />
  <attribute name="elasticGC enabled" value="1" />
  <attribute name= "numThreadsSpecified" value="0" />
  <attribute name="heapSize specified" value="6225920" />
  <attribute name= "numCores" value="8" />
  <attribute name ="GC Interval" value="0" />
  <attribute name ="Control flow" value="3" />
  <attribute name="GC Util Range Max" value="16" />
  <attribute name="Current GC Util" value="0" />
  <attribute name= "Current Time Running" value="4203" />
<allocation-satisfied id="278" threadId="0000000001A2C700" bytesRequested="376" />
<af-end id="279" timestamp="2019-08-02T18:56:01.516" threadId="0000000001A2D088" success="true" from="nursery"/>
<exclusive-end id="280" timestamp="2019-08-02T18:56:01.516" durationms="3.105" />

<exclusive-start id="281" timestamp="2019-08-02T18:56:01.909" intervalms="395.499">
  <response-info timems="0.039" idlems="0.039" threads="0" lastid="0000000001A2C700" lastname="node-2" />
</exclusive-start>
<af-start id="282" threadId="0000000001A2D088" totalBytesRequested="24" timestamp="2019-08-02T18:56:01.909" intervalms="395.506" type="nursery" />
<cycle-start id="283" type="scavenge" contextid="0" timestamp="2019-08-02T18:56:01.909" intervalms="395.546" />
<gc-start id="284" type="scavenge" contextid="283" timestamp="2019-08-02T18:56:01.909">
  <mem-info id="285" free="2147848" total="8388608" percent="25">
    <mem type="nursery" free="0" total="2097152" percent="0">
      <mem type="allocate" free="0" total="1572864" percent="0" />
      <mem type="survivor" free="0" total="524288" percent="0" />
    </mem>
    <mem type="tenure" free="2147848" total="6291456" percent="34">
      <mem type="soa" free="1833480" total="5977088" percent="30" />
      <mem type="loa" free="314368" total="314368" percent="100" />
    </mem>
    <remembered-set count="114" />
  </mem-info>
</gc-start>
<allocation-stats totalBytes="1191664" >
  <allocated-bytes non-tlh="376" tlh="1191288" />
  <largest-consumer threadName="node-0" threadId="0000000001A33F00" bytes="409536" />
</allocation-stats>
<gc-op id="286" type="scavenge" timems="2.771" contextid="283" timestamp="2019-08-02T18:56:01.912">
  <scavenger-info tenureage="1" tenuremask="7ffe" tiltratio="75" />
  <memory-copied type="nursery" objects="11971" bytes="287184" bytesdiscarded="46128" />
  <memory-copied type="tenure" objects="12967" bytes="311208" bytesdiscarded="0" />
</gc-op>
<gc-end id="287" type="scavenge" contextid="283" durationms="3.151" usertimems="4.000" systemtimems="0.000" timestamp="2019-08-02T18:56:01.912" activeThreads="8">
  <mem-info id="288" free="3143432" total="8388608" percent="37">
    <mem type="nursery" free="1305088" total="2097152" percent="62">
      <mem type="allocate" free="1305088" total="1638400" percent="79" />
      <mem type="survivor" free="0" total="458752" percent="0" />
    </mem>
    <mem type="tenure" free="1838344" total="6291456" percent="29">
      <mem type="soa" free="1523976" total="5977088" percent="25" />
      <mem type="loa" free="314368" total="314368" percent="100" />
    </mem>
    <remembered-set count="103" />
  </mem-info>
</gc-end>
<cycle-end id="289" type="scavenge" contextid="283" timestamp="2019-08-02T18:56:01.912" />
  <attribute name="elasticGC enabled" value="1" />
  <attribute name= "numThreadsSpecified" value="0" />
  <attribute name="heapSize specified" value="6225920" />
  <attribute name= "numCores" value="8" />
  <attribute name ="GC Interval" value="0" />
  <attribute name ="Control flow" value="3" />
  <attribute name="GC Util Range Max" value="16" />
  <attribute name="Current GC Util" value="0" />
  <attribute name= "Current Time Running" value="4598" />
<allocation-satisfied id="290" threadId="0000000001A2C700" bytesRequested="24" />
<af-end id="291" timestamp="2019-08-02T18:56:01.912" threadId="0000000001A2D088" success="true" from="nursery"/>
<exclusive-end id="292" timestamp="2019-08-02T18:56:01.913" durationms="3.892" />

<exclusive-start id="293" timestamp="2019-08-02T18:56:02.349" intervalms="440.424">
  <response-info timems="0.032" idlems="0.032" threads="0" lastid="0000000001A30300" lastname="node-1" />
</exclusive-start>
<af-start id="294" threadId="0000000001A30C88" totalBytesRequested="24" timestamp="2019-08-02T18:56:02.349" intervalms="440.417" type="nursery" />
<cycle-start id="295" type="scavenge" contextid="0" timestamp="2019-08-02T18:56:02.349" intervalms="440.377" />
<gc-start id="296" type="scavenge" contextid="295" timestamp="2019-08-02T18:56:02.349">
  <mem-info id="297" free="1838344" total="8388608" percent="21">
    <mem type="nursery" free="0" total="2097152" percent="0">
      <mem type="allocate" free="0" total="1638400" percent="0" />
      <mem type="survivor" free="0" total="458752" percent="0" />
    </mem>
    <mem type="tenure" free="1838344" total="6291456" percent="29">
      <mem type="soa" free="1523976" total="5977088" percent="25" />
      <mem type="loa" free="314368" total="314368" percent="100" />
    </mem>
    <remembered-set count="115" />
  </mem-info>
</gc-start>
<allocation-stats totalBytes="1304496" >
  <allocated-bytes non-tlh="24" tlh="1304472" />
  <largest-consumer threadName="node-2" threadId="0000000001A2C700" bytes="479128" />
</allocation-stats>
<gc-op id="298" type="scavenge" timems="1.521" contextid="295" timestamp="2019-08-02T18:56:02.351">
  <scavenger-info tenureage="1" tenuremask="7ffe" tiltratio="78" />
  <memory-copied type="nursery" objects="13380" bytes="321400" bytesdiscarded="35720" />
  <memory-copied type="tenure" objects="11956" bytes="286944" bytesdiscarded="0" />
</gc-op>
<gc-end id="299" type="scavenge" contextid="295" durationms="1.741" usertimems="0.000" systemtimems="0.000" timestamp="2019-08-02T18:56:02.351" activeThreads="8">
  <mem-info id="300" free="2833928" total="8388608" percent="33">
    <mem type="nursery" free="1281280" total="2097152" percent="61">
      <mem type="allocate" free="1281280" total="1638400" percent="78" />
      <mem type="survivor" free="0" total="458752" percent="0" />
    </mem>
    <mem type="tenure" free="1552648" total="6291456" percent="24">
      <mem type="soa" free="1238280" total="5977088" percent="20" />
      <mem type="loa" free="314368" total="314368" percent="100" />
    </mem>
    <remembered-set count="105" />
  </mem-info>
</gc-end>
<cycle-end id="301" type="scavenge" contextid="295" timestamp="2019-08-02T18:56:02.351" />
  <attribute name="elasticGC enabled" value="1" />
  <attribute name= "numThreadsSpecified" value="0" />
  <attribute name="heapSize specified" value="6225920" />
  <attribute name= "numCores" value="8" />
  <attribute name ="GC Interval" value="0" />
  <attribute name ="Control flow" value="3" />
  <attribute name="GC Util Range Max" value="16" />
  <attribute name="Current GC Util" value="0" />
  <attribute name= "Current Time Running" value="5039" />
<allocation-satisfied id="302" threadId="0000000001A30300" bytesRequested="24" />
<af-end id="303" timestamp="2019-08-02T18:56:02.351" threadId="0000000001A30C88" success="true" from="nursery"/>
<exclusive-end id="304" timestamp="2019-08-02T18:56:02.351" durationms="2.342" />

<exclusive-start id="305" timestamp="2019-08-02T18:56:02.779" intervalms="429.621">
  <response-info timems="0.037" idlems="0.037" threads="0" lastid="0000000001A33F00" lastname="node-0" />
</exclusive-start>
<af-start id="306" threadId="0000000001A34888" totalBytesRequested="24" timestamp="2019-08-02T18:56:02.779" intervalms="429.618" type="nursery" />
<cycle-start id="307" type="scavenge" contextid="0" timestamp="2019-08-02T18:56:02.779" intervalms="429.612" />
<gc-start id="308" type="scavenge" contextid="307" timestamp="2019-08-02T18:56:02.779">
  <mem-info id="309" free="1552648" total="8388608" percent="18">
    <mem type="nursery" free="0" total="2097152" percent="0">
      <mem type="allocate" free="0" total="1638400" percent="0" />
      <mem type="survivor" free="0" total="458752" percent="0" />
    </mem>
    <mem type="tenure" free="1552648" total="6291456" percent="24">
      <mem type="soa" free="1238280" total="5977088" percent="20" />
      <mem type="loa" free="314368" total="314368" percent="100" />
    </mem>
    <remembered-set count="114" />
  </mem-info>
</gc-start>
<allocation-stats totalBytes="1281048" >
  <allocated-bytes non-tlh="24" tlh="1281024" />
  <largest-consumer threadName="node-2" threadId="0000000001A2C700" bytes="441504" />
</allocation-stats>
<gc-op id="310" type="scavenge" timems="1.812" contextid="307" timestamp="2019-08-02T18:56:02.781">
  <scavenger-info tenureage="1" tenuremask="7ffe" tiltratio="78" />
  <memory-copied type="nursery" objects="13194" bytes="316536" bytesdiscarded="40584" />
  <memory-copied type="tenure" objects="13359" bytes="320616" bytesdiscarded="0" />
</gc-op>
<gc-end id="311" type="scavenge" contextid="307" durationms="2.007" usertimems="0.000" systemtimems="4.000" timestamp="2019-08-02T18:56:02.781" activeThreads="8">
  <mem-info id="312" free="2524424" total="8388608" percent="30">
    <mem type="nursery" free="1281280" total="2097152" percent="61">
      <mem type="allocate" free="1281280" total="1638400" percent="78" />
      <mem type="survivor" free="0" total="458752" percent="0" />
    </mem>
    <mem type="tenure" free="1243144" total="6291456" percent="19">
      <mem type="soa" free="928776" total="5977088" percent="15" />
      <mem type="loa" free="314368" total="314368" percent="100" />
    </mem>
    <remembered-set count="104" />
  </mem-info>
</gc-end>
<cycle-end id="313" type="scavenge" contextid="307" timestamp="2019-08-02T18:56:02.781" />
  <attribute name="elasticGC enabled" value="1" />
  <attribute name= "numThreadsSpecified" value="0" />
  <attribute name="heapSize specified" value="6225920" />
  <attribute name= "numCores" value="8" />
  <attribute name ="GC Interval" value="0" />
  <attribute name ="Control flow" value="3" />
  <attribute name="GC Util Range Max" value="16" />
  <attribute name="Current GC Util" value="0" />
  <attribute name= "Current Time Running" value="5468" />
<allocation-satisfied id="314" threadId="0000000001A33F00" bytesRequested="24" />
<af-end id="315" timestamp="2019-08-02T18:56:02.781" threadId="0000000001A34888" success="true" from="nursery"/>
<exclusive-end id="316" timestamp="2019-08-02T18:56:02.781" durationms="2.636" />

<exclusive-start id="317" timestamp="2019-08-02T18:56:03.150" intervalms="371.024">
  <response-info timems="0.035" idlems="0.035" threads="0" lastid="0000000001A2C700" lastname="node-2" />
</exclusive-start>
<af-start id="318" threadId="0000000001A2D088" totalBytesRequested="32" timestamp="2019-08-02T18:56:03.150" intervalms="371.024" type="nursery" />
<cycle-start id="319" type="scavenge" contextid="0" timestamp="2019-08-02T18:56:03.150" intervalms="371.028" />
<gc-start id="320" type="scavenge" contextid="319" timestamp="2019-08-02T18:56:03.150">
  <mem-info id="321" free="1243144" total="8388608" percent="14">
    <mem type="nursery" free="0" total="2097152" percent="0">
      <mem type="allocate" free="0" total="1638400" percent="0" />
      <mem type="survivor" free="0" total="458752" percent="0" />
    </mem>
    <mem type="tenure" free="1243144" total="6291456" percent="19">
      <mem type="soa" free="928776" total="5977088" percent="15" />
      <mem type="loa" free="314368" total="314368" percent="100" />
    </mem>
    <remembered-set count="116" />
  </mem-info>
</gc-start>
<allocation-stats totalBytes="1281064" >
  <allocated-bytes non-tlh="24" tlh="1281040" />
  <largest-consumer threadName="node-0" threadId="0000000001A33F00" bytes="462000" />
</allocation-stats>
<gc-op id="322" type="scavenge" timems="2.072" contextid="319" timestamp="2019-08-02T18:56:03.152">
  <scavenger-info tenureage="1" tenuremask="7ffe" tiltratio="78" />
  <memory-copied type="nursery" objects="13304" bytes="320024" bytesdiscarded="37096" />
  <memory-copied type="tenure" objects="13179" bytes="316296" bytesdiscarded="0" />
</gc-op>
<gc-end id="323" type="scavenge" contextid="319" durationms="2.270" usertimems="4.000" systemtimems="0.000" timestamp="2019-08-02T18:56:03.152" activeThreads="8">
  <mem-info id="324" free="2191112" total="8388608" percent="26">
    <mem type="nursery" free="1281280" total="2097152" percent="61">
      <mem type="allocate" free="1281280" total="1638400" percent="78" />
      <mem type="survivor" free="0" total="458752" percent="0" />
    </mem>
    <mem type="tenure" free="909832" total="6291456" percent="14">
      <mem type="soa" free="595464" total="5977088" percent="9" />
      <mem type="loa" free="314368" total="314368" percent="100" />
    </mem>
    <remembered-set count="106" />
  </mem-info>
</gc-end>
<cycle-end id="325" type="scavenge" contextid="319" timestamp="2019-08-02T18:56:03.152" />
  <attribute name="elasticGC enabled" value="1" />
  <attribute name= "numThreadsSpecified" value="0" />
  <attribute name="heapSize specified" value="6225920" />
  <attribute name= "numCores" value="8" />
  <attribute name ="GC Interval" value="0" />
  <attribute name ="Control flow" value="3" />
  <attribute name="GC Util Range Max" value="16" />
  <attribute name="Current GC Util" value="0" />
  <attribute name= "Current Time Running" value="5839" />
<allocation-satisfied id="326" threadId="0000000001A2C700" bytesRequested="32" />
<af-end id="327" timestamp="2019-08-02T18:56:03.153" threadId="0000000001A2D088" success="true" from="nursery"/>
<exclusive-end id="328" timestamp="2019-08-02T18:56:03.153" durationms="2.861" />

<exclusive-start id="329" timestamp="2019-08-02T18:56:03.543" intervalms="393.294">
  <response-info timems="0.034" idlems="0.034" threads="0" lastid="0000000001A30300" lastname="node-1" />
</exclusive-start>
<af-start id="330" threadId="0000000001A30C88" totalBytesRequested="24" timestamp="2019-08-02T18:56:03.543" intervalms="393.282" type="nursery" />
<cycle-start id="331" type="scavenge" contextid="0" timestamp="2019-08-02T18:56:03.543" intervalms="393.282" />
<gc-start id="332" type="scavenge" contextid="331" timestamp="2019-08-02T18:56:03.543">
  <mem-info id="333" free="909832" total="8388608" percent="10">
    <mem type="nursery" free="0" total="2097152" percent="0">
      <mem type="allocate" free="0" total="1638400" percent="0" />
      <mem type="survivor" free="0" total="458752" percent="0" />
    </mem>
    <mem type="tenure" free="909832" total="6291456" percent="14">
      <mem type="soa" free="595464" total="5977088" percent="9" />
      <mem type="loa" free="314368" total="314368" percent="100" />
    </mem>
    <remembered-set count="112" />
  </mem-info>
</gc-start>
<allocation-stats totalBytes="1280880" >
  <allocated-bytes non-tlh="32" tlh="1280848" />
  <largest-consumer threadName="node-2" threadId="0000000001A2C700" bytes="441416" />
</allocation-stats>
<gc-op id="334" type="scavenge" timems="2.135" contextid="331" timestamp="2019-08-02T18:56:03.545">
  <scavenger-info tenureage="1" tenuremask="7ffe" tiltratio="78" />
  <memory-copied type="nursery" objects="13250" bytes="317880" bytesdiscarded="63048" />
  <memory-copied type="tenure" objects="13281" bytes="318744" bytesdiscarded="0" />
</gc-op>
<gc-end id="335" type="scavenge" contextid="331" durationms="2.507" usertimems="4.000" systemtimems="0.000" timestamp="2019-08-02T18:56:03.546" activeThreads="8">
  <mem-info id="336" free="1833992" total="8388608" percent="21">
    <mem type="nursery" free="1257472" total="2097152" percent="59">
      <mem type="allocate" free="1257472" total="1638400" percent="76" />
      <mem type="survivor" free="0" total="458752" percent="0" />
    </mem>
    <mem type="tenure" free="576520" total="6291456" percent="9">
      <mem type="soa" free="262152" total="5977088" percent="4" />
      <mem type="loa" free="314368" total="314368" percent="100" />
    </mem>
    <remembered-set count="97" />
  </mem-info>
</gc-end>
<cycle-end id="337" type="scavenge" contextid="331" timestamp="2019-08-02T18:56:03.546" />
  <attribute name="elasticGC enabled" value="1" />
  <attribute name= "numThreadsSpecified" value="0" />
  <attribute name="heapSize specified" value="6225920" />
  <attribute name= "numCores" value="8" />
  <attribute name ="GC Interval" value="0" />
  <attribute name ="Control flow" value="3" />
  <attribute name="GC Util Range Max" value="16" />
  <attribute name="Current GC Util" value="0" />
  <attribute name= "Current Time Running" value="6233" />
<allocation-satisfied id="338" threadId="0000000001A30300" bytesRequested="24" />
<af-end id="339" timestamp="2019-08-02T18:56:03.546" threadId="0000000001A30C88" success="true" from="nursery"/>
<exclusive-end id="340" timestamp="2019-08-02T18:56:03.546" durationms="3.273" />

<concurrent-kickoff id="341" timestamp="2019-08-02T18:56:03.829">
  <kickoff reason="threshold reached" targetBytes="1867303" thresholdFreeBytes="258006"  remainingFree="225256" tenureFreeBytes="576520" nurseryFreeBytes="225256" />
</concurrent-kickoff>
<exclusive-start id="342" timestamp="2019-08-02T18:56:03.829" intervalms="286.025">
  <response-info timems="0.032" idlems="0.032" threads="0" lastid="0000000001A33F00" lastname="node-0" />
</exclusive-start>
<cycle-start id="343" type="global" contextid="0" timestamp="2019-08-02T18:56:03.829" intervalms="5912.935" />
<exclusive-end id="344" timestamp="2019-08-02T18:56:03.829" durationms="0.175" />

<exclusive-start id="345" timestamp="2019-08-02T18:56:03.931" intervalms="101.760">
  <response-info timems="0.040" idlems="0.040" threads="0" lastid="0000000001A30300" lastname="node-1" />
</exclusive-start>
<af-start id="346" threadId="0000000001A30C88" totalBytesRequested="720" timestamp="2019-08-02T18:56:03.931" intervalms="387.779" type="nursery" />
<cycle-start id="347" type="scavenge" contextid="0" timestamp="2019-08-02T18:56:03.931" intervalms="387.769" />
<gc-start id="348" type="scavenge" contextid="347" timestamp="2019-08-02T18:56:03.931">
  <mem-info id="349" free="576520" total="8388608" percent="6">
    <mem type="nursery" free="0" total="2097152" percent="0">
      <mem type="allocate" free="0" total="1638400" percent="0" />
      <mem type="survivor" free="0" total="458752" percent="0" />
    </mem>
    <mem type="tenure" free="576520" total="6291456" percent="9">
      <mem type="soa" free="262152" total="5977088" percent="4" />
      <mem type="loa" free="314368" total="314368" percent="100" />
    </mem>
    <remembered-set count="110" />
  </mem-info>
</gc-start>
<allocation-stats totalBytes="1256088" >
  <allocated-bytes non-tlh="24" tlh="1256064" />
  <largest-consumer threadName="node-2" threadId="0000000001A2C700" bytes="437736" />
</allocation-stats>
<gc-op id="350" type="scavenge" timems="2.499" contextid="347" timestamp="2019-08-02T18:56:03.934">
  <scavenger-info tenureage="1" tenuremask="7ffe" tiltratio="78" />
  <memory-copied type="nursery" objects="14549" bytes="349856" bytesdiscarded="31072" />
  <memory-copied type="tenure" objects="11897" bytes="285528" bytesdiscarded="0" />
  <copy-failed type="tenure" objects="1338" bytes="32112" />
</gc-op>
<gc-end id="351" type="scavenge" contextid="347" durationms="2.857" usertimems="4.000" systemtimems="0.000" timestamp="2019-08-02T18:56:03.934" activeThreads="8">
  <mem-info id="352" free="1571840" total="8388608" percent="18">
    <mem type="nursery" free="1257472" total="2097152" percent="59">
      <mem type="allocate" free="1257472" total="1638400" percent="76" />
      <mem type="survivor" free="0" total="458752" percent="0" />
    </mem>
    <mem type="tenure" free="314368" total="6291456" percent="4">
      <mem type="soa" free="0" total="5977088" percent="0" />
      <mem type="loa" free="314368" total="314368" percent="100" />
    </mem>
    <remembered-set count="100" />
  </mem-info>
</gc-end>
<cycle-end id="353" type="scavenge" contextid="347" timestamp="2019-08-02T18:56:03.934" />
  <attribute name="elasticGC enabled" value="1" />
  <attribute name= "numThreadsSpecified" value="0" />
  <attribute name="heapSize specified" value="6225920" />
  <attribute name= "numCores" value="8" />
  <attribute name ="GC Interval" value="0" />
  <attribute name ="Control flow" value="3" />
  <attribute name="GC Util Range Max" value="16" />
  <attribute name="Current GC Util" value="0" />
  <attribute name= "Current Time Running" value="6620" />
<allocation-satisfied id="354" threadId="0000000001A30300" bytesRequested="720" />
<af-end id="355" timestamp="2019-08-02T18:56:03.934" threadId="0000000001A30C88" success="true" from="nursery"/>
<exclusive-end id="356" timestamp="2019-08-02T18:56:03.935" durationms="3.751" />

<exclusive-start id="357" timestamp="2019-08-02T18:56:03.937" intervalms="6.609">
  <response-info timems="0.024" idlems="0.024" threads="0" lastid="0000000001A30300" lastname="node-1" />
</exclusive-start>
<concurrent-collection-start id="358" timestamp="2019-08-02T18:56:03.937" intervalms="6830.989" >
  <concurrent-trace-info reason="card cleaning threshold reached" tracedByMutators="42736" tracedByHelpers="1147564" cardsCleaned="21" workStackOverflowCount="0" />
</concurrent-collection-start>
<gc-start id="359" type="global" contextid="343" timestamp="2019-08-02T18:56:03.938">
  <mem-info id="360" free="1497392" total="8388608" percent="17">
    <mem type="nursery" free="1183024" total="2097152" percent="56">
      <mem type="allocate" free="1183024" total="1638400" percent="72" />
      <mem type="survivor" free="0" total="458752" percent="0" />
    </mem>
    <mem type="tenure" free="314368" total="6291456" percent="4">
      <mem type="soa" free="0" total="5977088" percent="0" />
      <mem type="loa" free="314368" total="314368" percent="100" />
    </mem>
    <remembered-set count="100" />
  </mem-info>
</gc-start>
<allocation-stats totalBytes="74448" >
  <allocated-bytes non-tlh="720" tlh="73728" />
  <largest-consumer threadName="node-1" threadId="0000000001A30300" bytes="37584" />
</allocation-stats>
<gc-op id="361" type="rs-scan" timems="0.767" contextid="343" timestamp="2019-08-02T18:56:03.938">
  <scan objectsFound="67" bytesTraced="5528" workStackOverflowCount="0" />
</gc-op>
<gc-op id="362" type="card-cleaning" timems="0.413" contextid="343" timestamp="2019-08-02T18:56:03.939">
  <card-cleaning cardsCleaned="0" bytesTraced="448" workStackOverflowCount="0" />
</gc-op>
<gc-op id="363" type="mark" timems="1.746" contextid="343" timestamp="2019-08-02T18:56:03.941">
  <trace-info objectcount="242" scancount="200" scanbytes="5216" />
  <finalization candidates="13" enqueued="0" />
  <references type="soft" candidates="66" cleared="0" enqueued="0" dynamicThreshold="27" maxThreshold="32" />
  <references type="weak" candidates="130" cleared="0" enqueued="0" />
  <references type="phantom" candidates="34" cleared="2" enqueued="2" />
  <stringconstants candidates="3831" cleared="0"  />
</gc-op>
<gc-op id="364" type="sweep" timems="1.666" contextid="343" timestamp="2019-08-02T18:56:03.943" />
<mem-info id="365" free="5922504" total="8388608" percent="70">
  <mem type="nursery" free="1636112" total="2097152" percent="78">
    <mem type="allocate" free="1636112" total="1638400" percent="99" />
    <mem type="survivor" free="0" total="458752" percent="0" />
  </mem>
  <mem type="tenure" free="4286392" total="6291456" percent="68" micro-fragmented="0" macro-fragmented="0">
    <mem type="soa" free="3972024" total="5977088" percent="66" />
    <mem type="loa" free="314368" total="314368" percent="100" />
  </mem>
  <pending-finalizers system="0" default="0" reference="2" classloader="0" />
  <remembered-set count="99" />
</mem-info>
<gc-op id="366" type="compact" timems="12.815" contextid="343" timestamp="2019-08-02T18:56:03.956">
  <compact-info movecount="25090" movebytes="1320648" reason="no compaction" />
</gc-op>
<gc-end id="367" type="global" contextid="343" durationms="19.075" usertimems="28.000" systemtimems="0.000" timestamp="2019-08-02T18:56:03.957" activeThreads="8">
  <mem-info id="368" free="5924488" total="8388608" percent="70">
    <mem type="nursery" free="1636280" total="2097152" percent="78">
      <mem type="allocate" free="1636280" total="1638400" percent="99" />
      <mem type="survivor" free="0" total="458752" percent="0" />
    </mem>
    <mem type="tenure" free="4288208" total="6291456" percent="68">
      <mem type="soa" free="3973840" total="5977088" percent="66" />
      <mem type="loa" free="314368" total="314368" percent="100" />
    </mem>
    <pending-finalizers system="0" default="0" reference="2" classloader="0" />
    <remembered-set count="99" />
  </mem-info>
</gc-end>
<cycle-end id="369" type="global" contextid="343" timestamp="2019-08-02T18:56:03.957" />
  <attribute name="elasticGC enabled" value="1" />
  <attribute name= "numThreadsSpecified" value="0" />
  <attribute name="heapSize specified" value="6225920" />
  <attribute name= "numCores" value="8" />
  <attribute name ="GC Interval" value="0" />
  <attribute name ="Control flow" value="3" />
  <attribute name="GC Util Range Max" value="16" />
  <attribute name="Current GC Util" value="52" />
  <attribute name= "Current Time Running" value="6645" />
<concurrent-collection-end id="370" timestamp="2019-08-02T18:56:03.957" />
<exclusive-end id="371" timestamp="2019-08-02T18:56:03.957" durationms="19.575" />

<exclusive-start id="372" timestamp="2019-08-02T18:56:04.430" intervalms="492.714">
  <response-info timems="0.067" idlems="0.067" threads="0" lastid="0000000001A30300" lastname="node-1" />
</exclusive-start>
<af-start id="373" threadId="0000000001A30C88" totalBytesRequested="24" timestamp="2019-08-02T18:56:04.430" intervalms="499.337" type="nursery" />
<cycle-start id="374" type="scavenge" contextid="0" timestamp="2019-08-02T18:56:04.430" intervalms="499.343" />
<gc-start id="375" type="scavenge" contextid="374" timestamp="2019-08-02T18:56:04.430">
  <mem-info id="376" free="4288208" total="8388608" percent="51">
    <mem type="nursery" free="0" total="2097152" percent="0">
      <mem type="allocate" free="0" total="1638400" percent="0" />
      <mem type="survivor" free="0" total="458752" percent="0" />
    </mem>
    <mem type="tenure" free="4288208" total="6291456" percent="68">
      <mem type="soa" free="3973840" total="5977088" percent="66" />
      <mem type="loa" free="314368" total="314368" percent="100" />
    </mem>
    <remembered-set count="110" />
  </mem-info>
</gc-start>
<allocation-stats totalBytes="1635872" >
  <allocated-bytes non-tlh="0" tlh="1635872" />
  <largest-consumer threadName="node-0" threadId="0000000001A33F00" bytes="585608" />
</allocation-stats>
<gc-op id="377" type="scavenge" timems="0.702" contextid="374" timestamp="2019-08-02T18:56:04.431">
  <scavenger-info tenureage="1" tenuremask="7ffe" tiltratio="78" />
  <memory-copied type="nursery" objects="18" bytes="312" bytesdiscarded="47304" />
</gc-op>
<gc-end id="378" type="scavenge" contextid="374" durationms="1.058" usertimems="0.000" systemtimems="0.000" timestamp="2019-08-02T18:56:04.431" activeThreads="8">
  <mem-info id="379" free="5878992" total="8388608" percent="70">
    <mem type="nursery" free="1590784" total="2097152" percent="75">
      <mem type="allocate" free="1590784" total="1638400" percent="97" />
      <mem type="survivor" free="0" total="458752" percent="0" />
    </mem>
    <mem type="tenure" free="4288208" total="6291456" percent="68">
      <mem type="soa" free="3973840" total="5977088" percent="66" />
      <mem type="loa" free="314368" total="314368" percent="100" />
    </mem>
    <remembered-set count="98" />
  </mem-info>
</gc-end>
<cycle-end id="380" type="scavenge" contextid="374" timestamp="2019-08-02T18:56:04.432" />
  <attribute name="elasticGC enabled" value="1" />
  <attribute name= "numThreadsSpecified" value="0" />
  <attribute name="heapSize specified" value="6225920" />
  <attribute name= "numCores" value="8" />
  <attribute name ="GC Interval" value="0" />
  <attribute name ="Control flow" value="3" />
  <attribute name="GC Util Range Max" value="16" />
  <attribute name="Current GC Util" value="2" />
  <attribute name= "Current Time Running" value="7120" />
<allocation-satisfied id="381" threadId="0000000001A30300" bytesRequested="24" />
<af-end id="382" timestamp="2019-08-02T18:56:04.432" threadId="0000000001A30C88" success="true" from="nursery"/>
<exclusive-end id="383" timestamp="2019-08-02T18:56:04.432" durationms="1.657" />

<exclusive-start id="384" timestamp="2019-08-02T18:56:04.886" intervalms="455.533">
  <response-info timems="0.032" idlems="0.032" threads="0" lastid="0000000001A30300" lastname="node-1" />
</exclusive-start>
<af-start id="385" threadId="0000000001A30C88" totalBytesRequested="32" timestamp="2019-08-02T18:56:04.886" intervalms="455.528" type="nursery" />
<cycle-start id="386" type="scavenge" contextid="0" timestamp="2019-08-02T18:56:04.886" intervalms="455.583" />
<gc-start id="387" type="scavenge" contextid="386" timestamp="2019-08-02T18:56:04.886">
  <mem-info id="388" free="4288208" total="8388608" percent="51">
    <mem type="nursery" free="0" total="2097152" percent="0">
      <mem type="allocate" free="0" total="1638400" percent="0" />
      <mem type="survivor" free="0" total="458752" percent="0" />
    </mem>
    <mem type="tenure" free="4288208" total="6291456" percent="68">
      <mem type="soa" free="3973840" total="5977088" percent="66" />
      <mem type="loa" free="314368" total="314368" percent="100" />
    </mem>
    <remembered-set count="110" />
  </mem-info>
</gc-start>
<allocation-stats totalBytes="1589800" >
  <allocated-bytes non-tlh="24" tlh="1589776" />
  <largest-consumer threadName="node-0" threadId="0000000001A33F00" bytes="552872" />
</allocation-stats>
<gc-op id="389" type="scavenge" timems="0.480" contextid="386" timestamp="2019-08-02T18:56:04.887">
  <scavenger-info tenureage="2" tenuremask="7ffc" tiltratio="78" />
  <memory-copied type="nursery" objects="20" bytes="360" bytesdiscarded="23448" />
</gc-op>
<gc-end id="390" type="scavenge" contextid="386" durationms="0.994" usertimems="4.000" systemtimems="0.000" timestamp="2019-08-02T18:56:04.887" activeThreads="8">
  <mem-info id="391" free="5968336" total="8388608" percent="71">
    <mem type="nursery" free="1680128" total="2097152" percent="80">
      <mem type="allocate" free="1680128" total="1703936" percent="98" />
      <mem type="survivor" free="0" total="393216" percent="0" />
    </mem>
    <mem type="tenure" free="4288208" total="6291456" percent="68">
      <mem type="soa" free="3973840" total="5977088" percent="66" />
      <mem type="loa" free="314368" total="314368" percent="100" />
    </mem>
    <remembered-set count="98" />
  </mem-info>
</gc-end>
<cycle-end id="392" type="scavenge" contextid="386" timestamp="2019-08-02T18:56:04.887" />
  <attribute name="elasticGC enabled" value="1" />
  <attribute name= "numThreadsSpecified" value="0" />
  <attribute name="heapSize specified" value="6225920" />
  <attribute name= "numCores" value="8" />
  <attribute name ="GC Interval" value="0" />
  <attribute name ="Control flow" value="3" />
  <attribute name="GC Util Range Max" value="16" />
  <attribute name="Current GC Util" value="0" />
  <attribute name= "Current Time Running" value="7575" />
<allocation-satisfied id="393" threadId="0000000001A30300" bytesRequested="32" />
<af-end id="394" timestamp="2019-08-02T18:56:04.887" threadId="0000000001A30C88" success="true" from="nursery"/>
<exclusive-end id="395" timestamp="2019-08-02T18:56:04.887" durationms="1.677" />

<exclusive-start id="396" timestamp="2019-08-02T18:56:05.372" intervalms="486.400">
  <response-info timems="0.034" idlems="0.034" threads="0" lastid="0000000001A33F00" lastname="node-0" />
</exclusive-start>
<af-start id="397" threadId="0000000001A34888" totalBytesRequested="24" timestamp="2019-08-02T18:56:05.372" intervalms="486.408" type="nursery" />
<cycle-start id="398" type="scavenge" contextid="0" timestamp="2019-08-02T18:56:05.372" intervalms="486.361" />
<gc-start id="399" type="scavenge" contextid="398" timestamp="2019-08-02T18:56:05.372">
  <mem-info id="400" free="4288208" total="8388608" percent="51">
    <mem type="nursery" free="0" total="2097152" percent="0">
      <mem type="allocate" free="0" total="1703936" percent="0" />
      <mem type="survivor" free="0" total="393216" percent="0" />
    </mem>
    <mem type="tenure" free="4288208" total="6291456" percent="68">
      <mem type="soa" free="3973840" total="5977088" percent="66" />
      <mem type="loa" free="314368" total="314368" percent="100" />
    </mem>
    <remembered-set count="110" />
  </mem-info>
</gc-start>
<allocation-stats totalBytes="1679880" >
  <allocated-bytes non-tlh="32" tlh="1679848" />
  <largest-consumer threadName="node-2" threadId="0000000001A2C700" bytes="582312" />
</allocation-stats>
<gc-op id="401" type="scavenge" timems="0.156" contextid="398" timestamp="2019-08-02T18:56:05.373">
  <scavenger-info tenureage="3" tenuremask="7ff8" tiltratio="81" />
  <memory-copied type="nursery" objects="19" bytes="336" bytesdiscarded="47280" />
</gc-op>
<gc-end id="402" type="scavenge" contextid="398" durationms="0.359" usertimems="0.000" systemtimems="0.000" timestamp="2019-08-02T18:56:05.373" activeThreads="8">
  <mem-info id="403" free="6010064" total="8388608" percent="71">
    <mem type="nursery" free="1721856" total="2097152" percent="82">
      <mem type="allocate" free="1721856" total="1769472" percent="97" />
      <mem type="survivor" free="0" total="327680" percent="0" />
    </mem>
    <mem type="tenure" free="4288208" total="6291456" percent="68">
      <mem type="soa" free="3973840" total="5977088" percent="66" />
      <mem type="loa" free="314368" total="314368" percent="100" />
    </mem>
    <remembered-set count="96" />
  </mem-info>
</gc-end>
<cycle-end id="404" type="scavenge" contextid="398" timestamp="2019-08-02T18:56:05.373" />
  <attribute name="elasticGC enabled" value="1" />
  <attribute name= "numThreadsSpecified" value="0" />
  <attribute name="heapSize specified" value="6225920" />
  <attribute name= "numCores" value="8" />
  <attribute name ="GC Interval" value="0" />
  <attribute name ="Control flow" value="3" />
  <attribute name="GC Util Range Max" value="16" />
  <attribute name="Current GC Util" value="0" />
  <attribute name= "Current Time Running" value="8062" />
<allocation-satisfied id="405" threadId="0000000001A33F00" bytesRequested="24" />
<af-end id="406" timestamp="2019-08-02T18:56:05.373" threadId="0000000001A34888" success="true" from="nursery"/>
<exclusive-end id="407" timestamp="2019-08-02T18:56:05.373" durationms="0.883" />

<exclusive-start id="408" timestamp="2019-08-02T18:56:05.898" intervalms="525.694">
  <response-info timems="0.037" idlems="0.037" threads="0" lastid="0000000001A30300" lastname="node-1" />
</exclusive-start>
<af-start id="409" threadId="0000000001A30C88" totalBytesRequested="24" timestamp="2019-08-02T18:56:05.898" intervalms="525.696" type="nursery" />
<cycle-start id="410" type="scavenge" contextid="0" timestamp="2019-08-02T18:56:05.898" intervalms="525.691" />
<gc-start id="411" type="scavenge" contextid="410" timestamp="2019-08-02T18:56:05.898">
  <mem-info id="412" free="4288208" total="8388608" percent="51">
    <mem type="nursery" free="0" total="2097152" percent="0">
      <mem type="allocate" free="0" total="1769472" percent="0" />
      <mem type="survivor" free="0" total="327680" percent="0" />
    </mem>
    <mem type="tenure" free="4288208" total="6291456" percent="68">
      <mem type="soa" free="3973840" total="5977088" percent="66" />
      <mem type="loa" free="314368" total="314368" percent="100" />
    </mem>
    <remembered-set count="108" />
  </mem-info>
</gc-start>
<allocation-stats totalBytes="1721520" >
  <allocated-bytes non-tlh="24" tlh="1721496" />
  <largest-consumer threadName="node-0" threadId="0000000001A33F00" bytes="593872" />
</allocation-stats>
<gc-op id="413" type="scavenge" timems="0.445" contextid="410" timestamp="2019-08-02T18:56:05.899">
  <scavenger-info tenureage="4" tenuremask="7ff0" tiltratio="84" />
  <memory-copied type="nursery" objects="18" bytes="312" bytesdiscarded="47304" />
</gc-op>
<gc-end id="414" type="scavenge" contextid="410" durationms="0.843" usertimems="0.000" systemtimems="0.000" timestamp="2019-08-02T18:56:05.899" activeThreads="8">
  <mem-info id="415" free="6075600" total="8388608" percent="72">
    <mem type="nursery" free="1787392" total="2097152" percent="85">
      <mem type="allocate" free="1787392" total="1835008" percent="97" />
      <mem type="survivor" free="0" total="262144" percent="0" />
    </mem>
    <mem type="tenure" free="4288208" total="6291456" percent="68">
      <mem type="soa" free="3973840" total="5977088" percent="66" />
      <mem type="loa" free="314368" total="314368" percent="100" />
    </mem>
    <remembered-set count="96" />
  </mem-info>
</gc-end>
<cycle-end id="416" type="scavenge" contextid="410" timestamp="2019-08-02T18:56:05.899" />
  <attribute name="elasticGC enabled" value="1" />
  <attribute name= "numThreadsSpecified" value="0" />
  <attribute name="heapSize specified" value="6225920" />
  <attribute name= "numCores" value="8" />
  <attribute name ="GC Interval" value="0" />
  <attribute name ="Control flow" value="3" />
  <attribute name="GC Util Range Max" value="16" />
  <attribute name="Current GC Util" value="0" />
  <attribute name= "Current Time Running" value="8587" />
<allocation-satisfied id="417" threadId="0000000001A30300" bytesRequested="24" />
<af-end id="418" timestamp="2019-08-02T18:56:05.899" threadId="0000000001A30C88" success="true" from="nursery"/>
<exclusive-end id="419" timestamp="2019-08-02T18:56:05.899" durationms="1.412" />

<exclusive-start id="420" timestamp="2019-08-02T18:56:06.446" intervalms="548.435">
  <response-info timems="0.034" idlems="0.034" threads="0" lastid="0000000001A2C700" lastname="node-2" />
</exclusive-start>
<af-start id="421" threadId="0000000001A2D088" totalBytesRequested="32" timestamp="2019-08-02T18:56:06.446" intervalms="548.451" type="nursery" />
<cycle-start id="422" type="scavenge" contextid="0" timestamp="2019-08-02T18:56:06.446" intervalms="548.466" />
<gc-start id="423" type="scavenge" contextid="422" timestamp="2019-08-02T18:56:06.446">
  <mem-info id="424" free="4288208" total="8388608" percent="51">
    <mem type="nursery" free="0" total="2097152" percent="0">
      <mem type="allocate" free="0" total="1835008" percent="0" />
      <mem type="survivor" free="0" total="262144" percent="0" />
    </mem>
    <mem type="tenure" free="4288208" total="6291456" percent="68">
      <mem type="soa" free="3973840" total="5977088" percent="66" />
      <mem type="loa" free="314368" total="314368" percent="100" />
    </mem>
    <remembered-set count="108" />
  </mem-info>
</gc-start>
<allocation-stats totalBytes="1786456" >
  <allocated-bytes non-tlh="24" tlh="1786432" />
  <largest-consumer threadName="node-0" threadId="0000000001A33F00" bytes="598808" />
</allocation-stats>
<gc-op id="425" type="scavenge" timems="0.909" contextid="422" timestamp="2019-08-02T18:56:06.448">
  <scavenger-info tenureage="5" tenuremask="7fe0" tiltratio="87" />
  <memory-copied type="nursery" objects="26" bytes="896" bytesdiscarded="46720" />
</gc-op>
<gc-end id="426" type="scavenge" contextid="422" durationms="1.296" usertimems="4.000" systemtimems="0.000" timestamp="2019-08-02T18:56:06.448" activeThreads="8">
  <mem-info id="427" free="6075600" total="8388608" percent="72">
    <mem type="nursery" free="1787392" total="2097152" percent="85">
      <mem type="allocate" free="1787392" total="1835008" percent="97" />
      <mem type="survivor" free="0" total="262144" percent="0" />
    </mem>
    <mem type="tenure" free="4288208" total="6291456" percent="68" macro-fragmented="3110739">
      <mem type="soa" free="3973840" total="5977088" percent="66" />
      <mem type="loa" free="314368" total="314368" percent="100" />
    </mem>
    <remembered-set count="99" />
  </mem-info>
</gc-end>
<cycle-end id="428" type="scavenge" contextid="422" timestamp="2019-08-02T18:56:06.448" />
  <attribute name="elasticGC enabled" value="1" />
  <attribute name= "numThreadsSpecified" value="0" />
  <attribute name="heapSize specified" value="6225920" />
  <attribute name= "numCores" value="8" />
  <attribute name ="GC Interval" value="0" />
  <attribute name ="Control flow" value="3" />
  <attribute name="GC Util Range Max" value="16" />
  <attribute name="Current GC Util" value="0" />
  <attribute name= "Current Time Running" value="9136" />
<allocation-satisfied id="429" threadId="0000000001A2C700" bytesRequested="32" />
<af-end id="430" timestamp="2019-08-02T18:56:06.448" threadId="0000000001A2D088" success="true" from="nursery"/>
<exclusive-end id="431" timestamp="2019-08-02T18:56:06.448" durationms="1.798" />

</verbosegc>

