<?xml version="1.0" ?>

<verbosegc xmlns="http://www.ibm.com/j9/verbosegc" version="10b4217_CMPRSS">

<initialized id="1" timestamp="2019-06-14T23:30:36.381">
  <attribute name="gcPolicy" value="-Xgcpolicy:balanced" />
  <attribute name="elasticGC enabled" value="1" />
  <attribute name= "numThreadsSpecified" value="0" />
  <attribute name="heapSize specified" value="0" />
  <attribute name="Current GC Util" value="0" />
  <attribute name= "Current Time Running" value="0" />
  <attribute name ="GC Interval" value="0" />
  <attribute name="ProportionalT" value="0.000000" />
  <attribute name="ProportionalI" value="0.000000" />
  <attribute name="ProportionalH" value="0.000000" />
  <attribute name="IntegralT" value="0.000000" />
  <attribute name="IntegralI" value="0.000000" />
  <attribute name="IntegralH" value="0.000000" />
  <attribute name="DerivativeT" value="0.000000" />
  <attribute name="DerivativeI" value="0.000000" />
  <attribute name="DerivativeH" value="0.000000" />
  <attribute name="Target GC Util Change" value ="0.000000" />
  <attribute name="Current GC Util Change" value="0.000000"/>
  <attribute name="Current Error" value="0.000000" />
  <attribute name="Loop Time for DT" value="0.000000" />
  <attribute name="Output H" value="0"/>
  <attribute name="Output I" value="0"/>
  <attribute name="Output T" value="0"/>
  <attribute name="GC Util currently" value="0" />
  <attribute name="CPU Util currently" value="0" />
  <attribute name="maxHeapSize" value="0x7cb00000" />
  <attribute name="initialHeapSize" value="0x800000" />
  <attribute name="compressedRefs" value="true" />
  <attribute name="compressedRefsDisplacement" value="0x0" />
  <attribute name="compressedRefsShift" value="0x0" />
  <attribute name="pageSize" value="0x1000" />
  <attribute name="pageType" value="not used" />
  <attribute name="requestedPageSize" value="0x1000" />
  <attribute name="requestedPageType" value="not used" />
  <attribute name="gcthreads" value="4" />
  <attribute name="packetListSplit" value="4" />
  <attribute name="cacheListSplit" value="4" />
  <attribute name="splitFreeListSplitAmount" value="1" />
  <attribute name="numaNodes" value="0" />
  <region>
    <attribute name="regionSize" value="1048576" />
    <attribute name="regionCount" value="1995" />
    <attribute name="arrayletLeafSize" value="1048576" />
  </region>
  <system>
    <attribute name="physicalMemory" value="8370958336" />
    <attribute name="numCPUs" value="4" />
    <attribute name="architecture" value="amd64" />
    <attribute name="os" value="Linux" />
    <attribute name="osVersion" value="4.4.0-150-generic" />
  </system>
  <vmargs>
    <vmarg name="-Xoptionsfile=/vagrant/jdk/lib/options.default" />
    <vmarg name="-Xlockword:mode=default,noLockword=java/lang/String,noLockword=java/util/MapEntry,noLockword=java/util/HashMap$Entry,noLockword..." />
    <vmarg name="-Xjcl:jclse29" />
    <vmarg name="-Dcom.ibm.oti.vm.bootstrap.library.path=/vagrant/jdk/lib/compressedrefs:/vagrant/jdk/lib" />
    <vmarg name="-Dsun.boot.library.path=/vagrant/jdk/lib/compressedrefs:/vagrant/jdk/lib" />
    <vmarg name="-Djava.library.path=/vagrant/jdk/lib/compressedrefs:/vagrant/jdk/lib:/usr/lib64:/usr/lib" />
    <vmarg name="-Djava.home=/vagrant/jdk" />
    <vmarg name="-Duser.dir=/vagrant" />
    <vmarg name="-Xgcpolicy:balanced" />
    <vmarg name="-Xgcelastic" />
    <vmarg name="-Xcheck:gc:::elasticGC" />
    <vmarg name="-verbose:gc" />
    <vmarg name="-Xloggc:jdk0.5-1-1-small-BAL-4CORE-elasticverbose15pmd.txt" />
    <vmarg name="-Djava.class.path=dacapo-9.12-MR1-bach.jar" />
    <vmarg name="-Dsun.java.command=dacapo-9.12-MR1-bach.jar pmd --size=small" />
    <vmarg name="-Dsun.java.launcher=SUN_STANDARD" />
    <vmarg name="-Dsun.java.launcher.pid=13294" />
  </vmargs>
</initialized>

<exclusive-start id="2" timestamp="2019-06-14T23:30:56.340" intervalms="19958.856">
  <response-info timems="0.021" idlems="0.021" threads="0" lastid="000000000199C700" lastname="main" />
</exclusive-start>
<sys-start reason="explicit" id="3" timestamp="2019-06-14T23:30:56.341" intervalms="19959.199" />
<cycle-start id="4" type="global garbage collect" contextid="0" timestamp="2019-06-14T23:30:56.341" intervalms="19959.479" />
<gc-start id="5" type="global garbage collect" contextid="4" timestamp="2019-06-14T23:30:56.341">
  <mem-info id="6" free="1429032" total="8388608" percent="17">
    <mem type="eden" free="380536" total="7340032" percent="5" />
    <remembered-set count="0" freebytes="334848" totalbytes="334848" percent="100" regionsoverflowed="0" regionsstable="0" regionsrebuilding="0"/>
  </mem-info>
</gc-start>
<allocation-stats totalBytes="6936288" >
  <allocated-bytes non-tlh="449560" tlh="6486728" arrayletleaf="0"/>
  <largest-consumer threadName="main" threadId="000000000199C700" bytes="6862648" />
</allocation-stats>
<gc-op id="7" type="global mark" timems="3.548" contextid="4" timestamp="2019-06-14T23:30:56.345">
  <trace-info objectcount="20017" scancount="15956" scanbytes="532844" />
  <finalization candidates="46" enqueued="1" />
  <ownableSynchronizers candidates="4" cleared="3" />
  <references type="soft" candidates="66" cleared="0" enqueued="0" dynamicThreshold="32" maxThreshold="32" />
  <references type="weak" candidates="911" cleared="529" enqueued="452" />
  <references type="phantom" candidates="125" cleared="44" enqueued="44" />
  <stringconstants candidates="2485" cleared="0"  />
</gc-op>
<gc-op id="8" type="classunload" timems="0.033" contextid="4" timestamp="2019-06-14T23:30:56.345">
  <classunload-info classloadercandidates="6" classloadersunloaded="0" classesunloaded="0" anonymousclassesunloaded="0" quiescems="0.000" setupms="0.033" scanms="0.000" postms="0.000" />
</gc-op>
<gc-op id="9" type="sweep" timems="0.522" contextid="4" timestamp="2019-06-14T23:30:56.346" />
<gc-op id="10" type="compact" timems="4.462" contextid="4" timestamp="2019-06-14T23:30:56.351">
  <compact-info movecount="20014" movebytes="1264800" />
  <remembered-set-cleared processed="1523" cleared="1523" durationms="0.131" />
</gc-op>
<gc-end id="11" type="global garbage collect" contextid="4" durationms="10.047" usertimems="4.000" systemtimems="4.000" timestamp="2019-06-14T23:30:56.351" activeThreads="4">
  <mem-info id="12" free="6291456" total="8388608" percent="75">
    <pending-finalizers system="1" default="0" reference="496" classloader="0" />
    <remembered-set count="1536" freebytes="328704" totalbytes="334848" percent="98" regionsoverflowed="0" regionsstable="0" regionsrebuilding="0"/>
  </mem-info>
</gc-end>
<cycle-end id="13" type="global garbage collect" contextid="4" timestamp="2019-06-14T23:30:56.351" />
  <attribute name="elasticGC enabled" value="1" />
  <attribute name= "numThreadsSpecified" value="4" />
  <attribute name="heapSize specified" value="0" />
  <attribute name="Current GC Util" value="36" />
  <attribute name= "Current Time Running" value="19833" />
  <attribute name ="GC Interval" value="0" />
  <attribute name="ProportionalT" value="8.000000" />
  <attribute name="ProportionalI" value="8.000000" />
  <attribute name="ProportionalH" value="8.000000" />
  <attribute name="Current Error" value="16.000000" />
  <attribute name="IntegralT" value="-396276.000000" />
  <attribute name="IntegralI" value="-396276.000000" />
  <attribute name="IntegralH" value="-396276.000000" />
  <attribute name="DerivativeT" value="-51.000000" />
  <attribute name="DerivativeI" value="-51.000000" />
  <attribute name="DerivativeH" value="-51.000000" />
  <attribute name="Loop Time for DT" value="1.000000" />
  <attribute name="Output H" value="2091843584"/>
  <attribute name="Output I" value="200"/>
  <attribute name="Output T" value="4"/>
  <attribute name="Target GC Util Change" value ="20.000000" />
  <attribute name="Current GC Util Change" value="36.000000"/>
  <attribute name="GC Util currently" value="36" />
  <attribute name="CPU Util currently" value="6031840684645" />
<sys-end id="14" timestamp="2019-06-14T23:30:56.351" />
<exclusive-end id="15" timestamp="2019-06-14T23:30:56.351" durationms="11.331" />

<exclusive-start id="16" timestamp="2019-06-14T23:30:56.703" intervalms="363.244">
  <response-info timems="0.029" idlems="0.029" threads="0" lastid="000000000199C700" lastname="main" />
</exclusive-start>
<allocation-taxation id="17" taxation-threshold="6291456" timestamp="2019-06-14T23:30:56.704" intervalms="20322.298" />
<cycle-start id="18" type="partial gc" contextid="0" timestamp="2019-06-14T23:30:56.704" intervalms="20322.657" />
<gc-start id="19" type="partial gc" contextid="18" timestamp="2019-06-14T23:30:56.704">
  <mem-info id="20" free="0" total="8388608" percent="0">
    <mem type="eden" free="0" total="6291456" percent="0" />
    <remembered-set count="1088" freebytes="330496" totalbytes="334848" percent="98" regionsoverflowed="0" regionsstable="0" regionsrebuilding="0"/>
  </mem-info>
</gc-start>
<allocation-stats totalBytes="6283832" >
  <allocated-bytes non-tlh="123960" tlh="6159872" arrayletleaf="0"/>
  <largest-consumer threadName="main" threadId="000000000199C700" bytes="6267760" />
</allocation-stats>
<gc-op id="21" type="mark" timems="2.224" contextid="18" timestamp="2019-06-14T23:30:56.707">
  <trace-info objectcount="4784" scancount="3460" scanbytes="119152" />
  <cardclean-info objects="1562" bytes="56228" />
  <remembered-set-cleared processed="117" cleared="53" durationms="0.060" />
  <finalization candidates="5" enqueued="0" />
  <references type="soft" candidates="3" cleared="0" enqueued="0" dynamicThreshold="24" maxThreshold="32" />
  <references type="weak" candidates="169" cleared="85" enqueued="80" />
  <references type="phantom" candidates="8" cleared="3" enqueued="3" />
  <stringconstants candidates="3393" cleared="4"  />
  <warning details="Mark invoked due to insufficient free space for Copy-Forward" />
</gc-op>
<gc-op id="22" type="classunload" timems="0.002" contextid="18" timestamp="2019-06-14T23:30:56.707">
  <classunload-info classloadercandidates="6" classloadersunloaded="0" classesunloaded="0" anonymousclassesunloaded="0" quiescems="0.000" setupms="0.002" scanms="0.000" postms="0.000" />
</gc-op>
<gc-op id="23" type="sweep" timems="0.427" contextid="18" timestamp="2019-06-14T23:30:56.708" />
<gc-op id="24" type="compact" timems="1.481" contextid="18" timestamp="2019-06-14T23:30:56.710">
  <compact-info movecount="4730" movebytes="298536" />
  <remembered-set-cleared processed="1286" cleared="1132" durationms="0.060" />
</gc-op>
<gc-end id="25" type="partial gc" contextid="18" durationms="6.389" usertimems="4.000" systemtimems="0.000" timestamp="2019-06-14T23:30:56.711" activeThreads="1">
  <mem-info id="26" free="5242880" total="8388608" percent="62">
    <mem type="eden" free="746368" total="1048576" percent="71" />
    <pending-finalizers system="0" default="0" reference="83" classloader="0" />
    <remembered-set count="2048" freebytes="326656" totalbytes="334848" percent="97" regionsoverflowed="0" regionsstable="0" regionsrebuilding="0"/>
  </mem-info>
</gc-end>
<cycle-end id="27" type="partial gc" contextid="18" timestamp="2019-06-14T23:30:56.711" />
  <attribute name="elasticGC enabled" value="1" />
  <attribute name= "numThreadsSpecified" value="1" />
  <attribute name="heapSize specified" value="0" />
  <attribute name="Current GC Util" value="22" />
  <attribute name= "Current Time Running" value="20195" />
  <attribute name ="GC Interval" value="0" />
  <attribute name="ProportionalT" value="1.000000" />
  <attribute name="ProportionalI" value="1.000000" />
  <attribute name="ProportionalH" value="1.000000" />
  <attribute name="Current Error" value="2.000000" />
  <attribute name="IntegralT" value="0.000000" />
  <attribute name="IntegralI" value="0.000000" />
  <attribute name="IntegralH" value="0.000000" />
  <attribute name="DerivativeT" value="inf" />
  <attribute name="DerivativeI" value="inf" />
  <attribute name="DerivativeH" value="inf" />
  <attribute name="Loop Time for DT" value="0.000000" />
  <attribute name="Output H" value="8388608"/>
  <attribute name="Output I" value="200"/>
  <attribute name="Output T" value="1"/>
  <attribute name="Target GC Util Change" value ="20.000000" />
  <attribute name="Current GC Util Change" value="22.000000"/>
  <attribute name="GC Util currently" value="22" />
  <attribute name="CPU Util currently" value="6837638064181" />
<exclusive-end id="28" timestamp="2019-06-14T23:30:56.711" durationms="7.710" />

<exclusive-start id="29" timestamp="2019-06-14T23:30:56.784" intervalms="80.616">
  <response-info timems="0.049" idlems="0.049" threads="0" lastid="0000000001CACC00" lastname="PmdThread 1" />
</exclusive-start>
<allocation-taxation id="30" taxation-threshold="2097152" timestamp="2019-06-14T23:30:56.784" intervalms="80.526" />
<cycle-start id="31" type="global mark phase" contextid="0" timestamp="2019-06-14T23:30:56.784" intervalms="20402.892" />
<gc-start id="32" type="global mark phase" contextid="31" timestamp="2019-06-14T23:30:56.784">
  <mem-info id="33" free="3145728" total="8388608" percent="37">
    <remembered-set count="1600" freebytes="328448" totalbytes="334848" percent="98" regionsoverflowed="0" regionsstable="0" regionsrebuilding="0"/>
  </mem-info>
</gc-start>
<gc-op id="34" type="mark increment" timems="0.562" contextid="31" timestamp="2019-06-14T23:30:56.785">
  <trace-info objectcount="131" scancount="0" scanbytes="0" />
</gc-op>
<gc-end id="35" type="global mark phase" contextid="31" durationms="0.707" usertimems="0.000" systemtimems="0.000" timestamp="2019-06-14T23:30:56.785" activeThreads="4">
  <mem-info id="36" free="3145728" total="8388608" percent="37">
    <remembered-set count="1600" freebytes="328448" totalbytes="334848" percent="98" regionsoverflowed="0" regionsstable="0" regionsrebuilding="0"/>
  </mem-info>
</gc-end>
<concurrent-start id="37" type="GMP work packet processing" contextid="31" timestamp="2019-06-14T23:30:56.785">
  <concurrent-mark-start scanTarget="18446744073709551615" />
</concurrent-start>
<exclusive-end id="38" timestamp="2019-06-14T23:30:56.785" durationms="1.090" />

<concurrent-end id="39" type="GMP work packet processing" contextid="31" timestamp="2019-06-14T23:30:56.787">
  <concurrent-mark-end bytesScanned="683936" reasonForTermination="Completed all work in GC phase" />
</concurrent-end>

<exclusive-start id="40" timestamp="2019-06-14T23:30:56.855" intervalms="70.996">
  <response-info timems="0.025" idlems="0.025" threads="0" lastid="0000000001CACC00" lastname="PmdThread 1" />
</exclusive-start>
<allocation-taxation id="41" taxation-threshold="2097152" timestamp="2019-06-14T23:30:56.855" intervalms="70.975" />
<cycle-start id="42" type="partial gc" contextid="0" timestamp="2019-06-14T23:30:56.855" intervalms="151.211" />
<gc-start id="43" type="partial gc" contextid="42" timestamp="2019-06-14T23:30:56.855">
  <mem-info id="44" free="1048576" total="8388608" percent="12">
    <mem type="eden" free="746368" total="5242880" percent="14" />
    <remembered-set count="1600" freebytes="328448" totalbytes="334848" percent="98" regionsoverflowed="0" regionsstable="0" regionsrebuilding="0"/>
  </mem-info>
</gc-start>
<allocation-stats totalBytes="4129304" >
  <allocated-bytes non-tlh="433952" tlh="3695352" arrayletleaf="0"/>
  <largest-consumer threadName="PmdThread 1" threadId="0000000001CACC00" bytes="2095792" />
</allocation-stats>
<gc-op id="45" type="copy forward" timems="3.868" contextid="42" timestamp="2019-06-14T23:30:56.860">
  <memory-copied type="eden" objects="9862" bytes="500496" bytesdiscarded="194968" />
  <memory-copied type="other" objects="4391" bytes="278896" bytesdiscarded="20872" />
  <memory-cardclean objects="666" bytes="29520" />
  <regions eden="4" other="1" />
  <remembered-set-cleared processed="574" cleared="489" durationms="0.066" />
  <finalization candidates="7" enqueued="0" />
  <ownableSynchronizers candidates="4" cleared="0" />
  <references type="soft" candidates="31" cleared="0" enqueued="0" dynamicThreshold="12" maxThreshold="32" />
  <references type="weak" candidates="528" cleared="0" enqueued="0" />
  <references type="phantom" candidates="12" cleared="0" enqueued="0" />
  <stringconstants candidates="4497" cleared="4"  />
  <heap-resize type="expand" space="default" amount="1048576" count="1" timems="0.309" reason="continue current collection" />
</gc-op>
<gc-op id="46" type="classunload" timems="0.002" contextid="42" timestamp="2019-06-14T23:30:56.860">
  <classunload-info classloadercandidates="6" classloadersunloaded="0" classesunloaded="0" anonymousclassesunloaded="0" quiescems="0.000" setupms="0.001" scanms="0.000" postms="0.000" />
</gc-op>
<gc-op id="47" type="compact" timems="0.832" contextid="42" timestamp="2019-06-14T23:30:56.861">
  <compact-info movecount="0" movebytes="0" />
  <remembered-set-cleared processed="1578" cleared="489" durationms="0.066" />
</gc-op>
<gc-end id="48" type="partial gc" contextid="42" durationms="5.688" usertimems="0.000" systemtimems="8.000" timestamp="2019-06-14T23:30:56.861" activeThreads="4">
  <mem-info id="49" free="5242880" total="9437184" percent="55">
    <mem type="eden" free="1101088" total="2097152" percent="52" />
    <remembered-set count="1312" freebytes="371456" totalbytes="376704" percent="98" regionsoverflowed="0" regionsstable="0" regionsrebuilding="0"/>
  </mem-info>
</gc-end>
<cycle-end id="50" type="partial gc" contextid="42" timestamp="2019-06-14T23:30:56.861" />
  <attribute name="elasticGC enabled" value="1" />
  <attribute name= "numThreadsSpecified" value="4" />
  <attribute name="heapSize specified" value="0" />
  <attribute name="Current GC Util" value="101" />
  <attribute name= "Current Time Running" value="20347" />
  <attribute name ="GC Interval" value="0" />
  <attribute name="ProportionalT" value="40.500000" />
  <attribute name="ProportionalI" value="40.500000" />
  <attribute name="ProportionalH" value="40.500000" />
  <attribute name="Current Error" value="81.000000" />
  <attribute name="IntegralT" value="324.000000" />
  <attribute name="IntegralI" value="324.000000" />
  <attribute name="IntegralH" value="324.000000" />
  <attribute name="DerivativeT" value="14.500000" />
  <attribute name="DerivativeI" value="14.500000" />
  <attribute name="DerivativeH" value="14.500000" />
  <attribute name="Loop Time for DT" value="4.000000" />
  <attribute name="Output H" value="8388608"/>
  <attribute name="Output I" value="384"/>
  <attribute name="Output T" value="4"/>
  <attribute name="Target GC Util Change" value ="20.000000" />
  <attribute name="Current GC Util Change" value="101.000000"/>
  <attribute name="GC Util currently" value="101" />
  <attribute name="CPU Util currently" value="1138289925849" />
<exclusive-end id="51" timestamp="2019-06-14T23:30:56.861" durationms="6.246" />

<exclusive-start id="52" timestamp="2019-06-14T23:30:56.949" intervalms="93.645">
  <response-info timems="0.033" idlems="0.033" threads="0" lastid="000000000199C700" lastname="main" />
</exclusive-start>
<allocation-taxation id="53" taxation-threshold="2097152" timestamp="2019-06-14T23:30:56.949" intervalms="93.636" />
<gc-start id="54" type="global mark phase" contextid="31" timestamp="2019-06-14T23:30:56.949">
  <mem-info id="55" free="3145728" total="9437184" percent="33">
    <remembered-set count="672" freebytes="374016" totalbytes="376704" percent="99" regionsoverflowed="0" regionsstable="1" regionsrebuilding="0"/>
  </mem-info>
</gc-start>
<gc-op id="56" type="mark increment" timems="2.044" contextid="31" timestamp="2019-06-14T23:30:56.951">
  <trace-info objectcount="15771" scancount="12253" scanbytes="329800" />
  <cardclean-info objects="2829" bytes="111884" />
  <finalization candidates="58" enqueued="0" />
  <ownableSynchronizers candidates="5" cleared="0" />
  <references type="soft" candidates="201" cleared="0" enqueued="0" dynamicThreshold="17" maxThreshold="32" />
  <references type="weak" candidates="950" cleared="262" enqueued="186" />
  <references type="phantom" candidates="94" cleared="7" enqueued="7" />
  <stringconstants candidates="4945" cleared="0"  />
</gc-op>
<gc-op id="57" type="classunload" timems="0.003" contextid="31" timestamp="2019-06-14T23:30:56.951">
  <classunload-info classloadercandidates="8" classloadersunloaded="0" classesunloaded="0" anonymousclassesunloaded="0" quiescems="0.000" setupms="0.003" scanms="0.000" postms="0.000" />
</gc-op>
<gc-end id="58" type="global mark phase" contextid="31" durationms="2.279" usertimems="4.000" systemtimems="0.000" timestamp="2019-06-14T23:30:56.951" activeThreads="4">
  <mem-info id="59" free="3145728" total="9437184" percent="33">
    <pending-finalizers system="0" default="0" reference="193" classloader="0" />
    <remembered-set count="672" freebytes="374016" totalbytes="376704" percent="99" regionsoverflowed="0" regionsstable="1" regionsrebuilding="0"/>
  </mem-info>
</gc-end>
<cycle-end id="60" type="global mark phase" contextid="31" timestamp="2019-06-14T23:30:56.951" />
  <attribute name="elasticGC enabled" value="1" />
  <attribute name= "numThreadsSpecified" value="4" />
  <attribute name="heapSize specified" value="0" />
  <attribute name="Current GC Util" value="0" />
  <attribute name= "Current Time Running" value="20437" />
  <attribute name ="GC Interval" value="0" />
  <attribute name="ProportionalT" value="-10.000000" />
  <attribute name="ProportionalI" value="-10.000000" />
  <attribute name="ProportionalH" value="-10.000000" />
  <attribute name="Current Error" value="-20.000000" />
  <attribute name="IntegralT" value="-20.000000" />
  <attribute name="IntegralI" value="-20.000000" />
  <attribute name="IntegralH" value="-20.000000" />
  <attribute name="DerivativeT" value="-83.000000" />
  <attribute name="DerivativeI" value="-83.000000" />
  <attribute name="DerivativeH" value="-83.000000" />
  <attribute name="Loop Time for DT" value="1.000000" />
  <attribute name="Output H" value="2091843584"/>
  <attribute name="Output I" value="200"/>
  <attribute name="Output T" value="4"/>
  <attribute name="Target GC Util Change" value ="20.000000" />
  <attribute name="Current GC Util Change" value="0.000000"/>
  <attribute name="GC Util currently" value="0" />
  <attribute name="CPU Util currently" value="5907154545471" />
<exclusive-end id="61" timestamp="2019-06-14T23:30:56.951" durationms="2.610" />

</verbosegc>

