<?xml version="1.0" ?>

<verbosegc xmlns="http://www.ibm.com/j9/verbosegc" version="10b4217_CMPRSS">

<initialized id="1" timestamp="2019-06-14T23:29:41.687">
  <attribute name="gcPolicy" value="-Xgcpolicy:balanced" />
  <attribute name="elasticGC enabled" value="1" />
  <attribute name= "numThreadsSpecified" value="0" />
  <attribute name="heapSize specified" value="0" />
  <attribute name="Current GC Util" value="0" />
  <attribute name= "Current Time Running" value="0" />
  <attribute name ="GC Interval" value="0" />
  <attribute name="ProportionalT" value="0.000000" />
  <attribute name="ProportionalI" value="0.000000" />
  <attribute name="ProportionalH" value="0.000000" />
  <attribute name="IntegralT" value="0.000000" />
  <attribute name="IntegralI" value="0.000000" />
  <attribute name="IntegralH" value="0.000000" />
  <attribute name="DerivativeT" value="0.000000" />
  <attribute name="DerivativeI" value="0.000000" />
  <attribute name="DerivativeH" value="0.000000" />
  <attribute name="Target GC Util Change" value ="0.000000" />
  <attribute name="Current GC Util Change" value="0.000000"/>
  <attribute name="Current Error" value="0.000000" />
  <attribute name="Loop Time for DT" value="0.000000" />
  <attribute name="Output H" value="0"/>
  <attribute name="Output I" value="0"/>
  <attribute name="Output T" value="0"/>
  <attribute name="GC Util currently" value="0" />
  <attribute name="CPU Util currently" value="0" />
  <attribute name="maxHeapSize" value="0x7cb00000" />
  <attribute name="initialHeapSize" value="0x800000" />
  <attribute name="compressedRefs" value="true" />
  <attribute name="compressedRefsDisplacement" value="0x0" />
  <attribute name="compressedRefsShift" value="0x0" />
  <attribute name="pageSize" value="0x1000" />
  <attribute name="pageType" value="not used" />
  <attribute name="requestedPageSize" value="0x1000" />
  <attribute name="requestedPageType" value="not used" />
  <attribute name="gcthreads" value="4" />
  <attribute name="packetListSplit" value="4" />
  <attribute name="cacheListSplit" value="4" />
  <attribute name="splitFreeListSplitAmount" value="1" />
  <attribute name="numaNodes" value="0" />
  <region>
    <attribute name="regionSize" value="1048576" />
    <attribute name="regionCount" value="1995" />
    <attribute name="arrayletLeafSize" value="1048576" />
  </region>
  <system>
    <attribute name="physicalMemory" value="8370958336" />
    <attribute name="numCPUs" value="4" />
    <attribute name="architecture" value="amd64" />
    <attribute name="os" value="Linux" />
    <attribute name="osVersion" value="4.4.0-150-generic" />
  </system>
  <vmargs>
    <vmarg name="-Xoptionsfile=/vagrant/jdk/lib/options.default" />
    <vmarg name="-Xlockword:mode=default,noLockword=java/lang/String,noLockword=java/util/MapEntry,noLockword=java/util/HashMap$Entry,noLockword..." />
    <vmarg name="-Xjcl:jclse29" />
    <vmarg name="-Dcom.ibm.oti.vm.bootstrap.library.path=/vagrant/jdk/lib/compressedrefs:/vagrant/jdk/lib" />
    <vmarg name="-Dsun.boot.library.path=/vagrant/jdk/lib/compressedrefs:/vagrant/jdk/lib" />
    <vmarg name="-Djava.library.path=/vagrant/jdk/lib/compressedrefs:/vagrant/jdk/lib:/usr/lib64:/usr/lib" />
    <vmarg name="-Djava.home=/vagrant/jdk" />
    <vmarg name="-Duser.dir=/vagrant" />
    <vmarg name="-Xgcpolicy:balanced" />
    <vmarg name="-Xgcelastic" />
    <vmarg name="-Xcheck:gc:::elasticGC" />
    <vmarg name="-verbose:gc" />
    <vmarg name="-Xloggc:jdk0.5-1-1-small-BAL-4CORE-elasticverbose13pmd.txt" />
    <vmarg name="-Djava.class.path=dacapo-9.12-MR1-bach.jar" />
    <vmarg name="-Dsun.java.command=dacapo-9.12-MR1-bach.jar pmd --size=small" />
    <vmarg name="-Dsun.java.launcher=SUN_STANDARD" />
    <vmarg name="-Dsun.java.launcher.pid=13244" />
  </vmargs>
</initialized>

<exclusive-start id="2" timestamp="2019-06-14T23:30:05.495" intervalms="23808.548">
  <response-info timems="0.029" idlems="0.029" threads="0" lastid="0000000001AA0700" lastname="main" />
</exclusive-start>
<sys-start reason="explicit" id="3" timestamp="2019-06-14T23:30:05.496" intervalms="23808.738" />
<cycle-start id="4" type="global garbage collect" contextid="0" timestamp="2019-06-14T23:30:05.496" intervalms="23809.127" />
<gc-start id="5" type="global garbage collect" contextid="4" timestamp="2019-06-14T23:30:05.496">
  <mem-info id="6" free="1429032" total="8388608" percent="17">
    <mem type="eden" free="380536" total="7340032" percent="5" />
    <remembered-set count="0" freebytes="334848" totalbytes="334848" percent="100" regionsoverflowed="0" regionsstable="0" regionsrebuilding="0"/>
  </mem-info>
</gc-start>
<allocation-stats totalBytes="6936312" >
  <allocated-bytes non-tlh="449560" tlh="6486752" arrayletleaf="0"/>
  <largest-consumer threadName="main" threadId="0000000001AA0700" bytes="6862672" />
</allocation-stats>
<gc-op id="7" type="global mark" timems="3.203" contextid="4" timestamp="2019-06-14T23:30:05.500">
  <trace-info objectcount="20017" scancount="15956" scanbytes="532844" />
  <finalization candidates="46" enqueued="1" />
  <ownableSynchronizers candidates="4" cleared="3" />
  <references type="soft" candidates="66" cleared="0" enqueued="0" dynamicThreshold="32" maxThreshold="32" />
  <references type="weak" candidates="911" cleared="529" enqueued="452" />
  <references type="phantom" candidates="125" cleared="44" enqueued="44" />
  <stringconstants candidates="2485" cleared="0"  />
</gc-op>
<gc-op id="8" type="classunload" timems="0.070" contextid="4" timestamp="2019-06-14T23:30:05.500">
  <classunload-info classloadercandidates="6" classloadersunloaded="0" classesunloaded="0" anonymousclassesunloaded="0" quiescems="0.000" setupms="0.070" scanms="0.000" postms="0.000" />
</gc-op>
<gc-op id="9" type="sweep" timems="0.491" contextid="4" timestamp="2019-06-14T23:30:05.501" />
<gc-op id="10" type="compact" timems="4.585" contextid="4" timestamp="2019-06-14T23:30:05.506">
  <compact-info movecount="20013" movebytes="1290816" />
  <remembered-set-cleared processed="1518" cleared="1518" durationms="0.194" />
</gc-op>
<gc-end id="11" type="global garbage collect" contextid="4" durationms="9.620" usertimems="0.000" systemtimems="8.000" timestamp="2019-06-14T23:30:05.506" activeThreads="4">
  <mem-info id="12" free="6291456" total="8388608" percent="75">
    <pending-finalizers system="1" default="0" reference="496" classloader="0" />
    <remembered-set count="1024" freebytes="330752" totalbytes="334848" percent="98" regionsoverflowed="0" regionsstable="0" regionsrebuilding="0"/>
  </mem-info>
</gc-end>
<cycle-end id="13" type="global garbage collect" contextid="4" timestamp="2019-06-14T23:30:05.506" />
  <attribute name="elasticGC enabled" value="1" />
  <attribute name= "numThreadsSpecified" value="4" />
  <attribute name="heapSize specified" value="0" />
  <attribute name="Current GC Util" value="41" />
  <attribute name= "Current Time Running" value="23697" />
  <attribute name ="GC Interval" value="0" />
  <attribute name="ProportionalT" value="10.500000" />
  <attribute name="ProportionalI" value="10.500000" />
  <attribute name="ProportionalH" value="10.500000" />
  <attribute name="Current Error" value="21.000000" />
  <attribute name="IntegralT" value="-473600.000000" />
  <attribute name="IntegralI" value="-473600.000000" />
  <attribute name="IntegralH" value="-473600.000000" />
  <attribute name="DerivativeT" value="-inf" />
  <attribute name="DerivativeI" value="-inf" />
  <attribute name="DerivativeH" value="-inf" />
  <attribute name="Loop Time for DT" value="0.000000" />
  <attribute name="Output H" value="2091843584"/>
  <attribute name="Output I" value="200"/>
  <attribute name="Output T" value="4"/>
  <attribute name="Target GC Util Change" value ="20.000000" />
  <attribute name="Current GC Util Change" value="41.000000"/>
  <attribute name="GC Util currently" value="41" />
  <attribute name="CPU Util currently" value="7007384721798" />
<sys-end id="14" timestamp="2019-06-14T23:30:05.506" />
<exclusive-end id="15" timestamp="2019-06-14T23:30:05.506" durationms="10.820" />

<exclusive-start id="16" timestamp="2019-06-14T23:30:05.931" intervalms="435.368">
  <response-info timems="0.028" idlems="0.028" threads="0" lastid="0000000001AA0700" lastname="main" />
</exclusive-start>
<allocation-taxation id="17" taxation-threshold="6291456" timestamp="2019-06-14T23:30:05.931" intervalms="24244.132" />
<cycle-start id="18" type="partial gc" contextid="0" timestamp="2019-06-14T23:30:05.931" intervalms="24244.319" />
<gc-start id="19" type="partial gc" contextid="18" timestamp="2019-06-14T23:30:05.931">
  <mem-info id="20" free="0" total="8388608" percent="0">
    <mem type="eden" free="0" total="6291456" percent="0" />
    <remembered-set count="1024" freebytes="330752" totalbytes="334848" percent="98" regionsoverflowed="0" regionsstable="0" regionsrebuilding="0"/>
  </mem-info>
</gc-start>
<allocation-stats totalBytes="6283832" >
  <allocated-bytes non-tlh="123960" tlh="6159872" arrayletleaf="0"/>
  <largest-consumer threadName="main" threadId="0000000001AA0700" bytes="6267760" />
</allocation-stats>
<gc-op id="21" type="mark" timems="1.602" contextid="18" timestamp="2019-06-14T23:30:05.933">
  <trace-info objectcount="4784" scancount="3460" scanbytes="119152" />
  <cardclean-info objects="1541" bytes="56064" />
  <remembered-set-cleared processed="247" cleared="82" durationms="0.052" />
  <finalization candidates="5" enqueued="0" />
  <references type="soft" candidates="3" cleared="0" enqueued="0" dynamicThreshold="24" maxThreshold="32" />
  <references type="weak" candidates="169" cleared="85" enqueued="80" />
  <references type="phantom" candidates="8" cleared="3" enqueued="3" />
  <stringconstants candidates="3393" cleared="4"  />
  <warning details="Mark invoked due to insufficient free space for Copy-Forward" />
</gc-op>
<gc-op id="22" type="classunload" timems="0.002" contextid="18" timestamp="2019-06-14T23:30:05.933">
  <classunload-info classloadercandidates="6" classloadersunloaded="0" classesunloaded="0" anonymousclassesunloaded="0" quiescems="0.000" setupms="0.002" scanms="0.000" postms="0.000" />
</gc-op>
<gc-op id="23" type="sweep" timems="0.320" contextid="18" timestamp="2019-06-14T23:30:05.934" />
<gc-op id="24" type="compact" timems="1.365" contextid="18" timestamp="2019-06-14T23:30:05.935">
  <compact-info movecount="4730" movebytes="298536" />
  <remembered-set-cleared processed="1727" cleared="1360" durationms="0.053" />
</gc-op>
<gc-end id="25" type="partial gc" contextid="18" durationms="4.678" usertimems="4.000" systemtimems="0.000" timestamp="2019-06-14T23:30:05.936" activeThreads="1">
  <mem-info id="26" free="5242880" total="8388608" percent="62">
    <mem type="eden" free="746368" total="1048576" percent="71" />
    <pending-finalizers system="0" default="0" reference="83" classloader="0" />
    <remembered-set count="1984" freebytes="326912" totalbytes="334848" percent="97" regionsoverflowed="0" regionsstable="0" regionsrebuilding="0"/>
  </mem-info>
</gc-end>
<cycle-end id="27" type="partial gc" contextid="18" timestamp="2019-06-14T23:30:05.936" />
  <attribute name="elasticGC enabled" value="1" />
  <attribute name= "numThreadsSpecified" value="1" />
  <attribute name="heapSize specified" value="0" />
  <attribute name="Current GC Util" value="17" />
  <attribute name= "Current Time Running" value="24131" />
  <attribute name ="GC Interval" value="0" />
  <attribute name="ProportionalT" value="-1.500000" />
  <attribute name="ProportionalI" value="-1.500000" />
  <attribute name="ProportionalH" value="-1.500000" />
  <attribute name="Current Error" value="-3.000000" />
  <attribute name="IntegralT" value="-3.000000" />
  <attribute name="IntegralI" value="-3.000000" />
  <attribute name="IntegralH" value="-3.000000" />
  <attribute name="DerivativeT" value="-3.000000" />
  <attribute name="DerivativeI" value="-3.000000" />
  <attribute name="DerivativeH" value="-3.000000" />
  <attribute name="Loop Time for DT" value="1.000000" />
  <attribute name="Output H" value="8388608"/>
  <attribute name="Output I" value="200"/>
  <attribute name="Output T" value="1"/>
  <attribute name="Target GC Util Change" value ="20.000000" />
  <attribute name="Current GC Util Change" value="17.000000"/>
  <attribute name="GC Util currently" value="17" />
  <attribute name="CPU Util currently" value="8820183794841" />
<exclusive-end id="28" timestamp="2019-06-14T23:30:05.936" durationms="5.477" />

<exclusive-start id="29" timestamp="2019-06-14T23:30:06.060" intervalms="129.750">
  <response-info timems="0.011" idlems="0.011" threads="0" lastid="0000000001DB0C00" lastname="PmdThread 1" />
</exclusive-start>
<allocation-taxation id="30" taxation-threshold="2097152" timestamp="2019-06-14T23:30:06.061" intervalms="129.682" />
<cycle-start id="31" type="global mark phase" contextid="0" timestamp="2019-06-14T23:30:06.061" intervalms="24374.008" />
<gc-start id="32" type="global mark phase" contextid="31" timestamp="2019-06-14T23:30:06.061">
  <mem-info id="33" free="3145728" total="8388608" percent="37">
    <remembered-set count="1632" freebytes="328320" totalbytes="334848" percent="98" regionsoverflowed="0" regionsstable="0" regionsrebuilding="0"/>
  </mem-info>
</gc-start>
<gc-op id="34" type="mark increment" timems="0.620" contextid="31" timestamp="2019-06-14T23:30:06.062">
  <trace-info objectcount="131" scancount="0" scanbytes="0" />
</gc-op>
<gc-end id="35" type="global mark phase" contextid="31" durationms="0.736" usertimems="0.000" systemtimems="0.000" timestamp="2019-06-14T23:30:06.062" activeThreads="4">
  <mem-info id="36" free="3145728" total="8388608" percent="37">
    <remembered-set count="1632" freebytes="328320" totalbytes="334848" percent="98" regionsoverflowed="0" regionsstable="0" regionsrebuilding="0"/>
  </mem-info>
</gc-end>
<concurrent-start id="37" type="GMP work packet processing" contextid="31" timestamp="2019-06-14T23:30:06.062">
  <concurrent-mark-start scanTarget="18446744073709551615" />
</concurrent-start>
<exclusive-end id="38" timestamp="2019-06-14T23:30:06.062" durationms="1.306" />

<concurrent-end id="39" type="GMP work packet processing" contextid="31" timestamp="2019-06-14T23:30:06.063">
  <concurrent-mark-end bytesScanned="681752" reasonForTermination="Completed all work in GC phase" />
</concurrent-end>

<exclusive-start id="40" timestamp="2019-06-14T23:30:06.142" intervalms="81.652">
  <response-info timems="0.028" idlems="0.028" threads="0" lastid="0000000001DB0C00" lastname="PmdThread 1" />
</exclusive-start>
<allocation-taxation id="41" taxation-threshold="2097152" timestamp="2019-06-14T23:30:06.142" intervalms="81.599" />
<cycle-start id="42" type="partial gc" contextid="0" timestamp="2019-06-14T23:30:06.142" intervalms="211.174" />
<gc-start id="43" type="partial gc" contextid="42" timestamp="2019-06-14T23:30:06.142">
  <mem-info id="44" free="1048576" total="8388608" percent="12">
    <mem type="eden" free="746368" total="5242880" percent="14" />
    <remembered-set count="1632" freebytes="328320" totalbytes="334848" percent="98" regionsoverflowed="0" regionsstable="0" regionsrebuilding="0"/>
  </mem-info>
</gc-start>
<allocation-stats totalBytes="4129304" >
  <allocated-bytes non-tlh="433952" tlh="3695352" arrayletleaf="0"/>
  <largest-consumer threadName="PmdThread 1" threadId="0000000001DB0C00" bytes="2095792" />
</allocation-stats>
<gc-op id="45" type="copy forward" timems="4.721" contextid="42" timestamp="2019-06-14T23:30:06.148">
  <memory-copied type="eden" objects="9862" bytes="500496" bytesdiscarded="25704" />
  <memory-copied type="other" objects="4391" bytes="278896" bytesdiscarded="10552" />
  <memory-cardclean objects="643" bytes="29200" />
  <regions eden="4" other="1" />
  <remembered-set-cleared processed="776" cleared="582" durationms="0.054" />
  <finalization candidates="7" enqueued="0" />
  <ownableSynchronizers candidates="4" cleared="0" />
  <references type="soft" candidates="31" cleared="0" enqueued="0" dynamicThreshold="12" maxThreshold="32" />
  <references type="weak" candidates="528" cleared="0" enqueued="0" />
  <references type="phantom" candidates="12" cleared="0" enqueued="0" />
  <stringconstants candidates="4497" cleared="4"  />
  <heap-resize type="expand" space="default" amount="1048576" count="1" timems="0.225" reason="continue current collection" />
</gc-op>
<gc-op id="46" type="classunload" timems="0.002" contextid="42" timestamp="2019-06-14T23:30:06.148">
  <classunload-info classloadercandidates="6" classloadersunloaded="0" classesunloaded="0" anonymousclassesunloaded="0" quiescems="0.000" setupms="0.001" scanms="0.000" postms="0.000" />
</gc-op>
<gc-op id="47" type="compact" timems="0.995" contextid="42" timestamp="2019-06-14T23:30:06.149">
  <compact-info movecount="0" movebytes="0" />
  <remembered-set-cleared processed="2017" cleared="582" durationms="0.054" />
</gc-op>
<gc-end id="48" type="partial gc" contextid="42" durationms="6.753" usertimems="8.000" systemtimems="0.000" timestamp="2019-06-14T23:30:06.149" activeThreads="4">
  <mem-info id="49" free="5242880" total="9437184" percent="55">
    <mem type="eden" free="1280672" total="2097152" percent="61" />
    <remembered-set count="1920" freebytes="369024" totalbytes="376704" percent="97" regionsoverflowed="0" regionsstable="0" regionsrebuilding="0"/>
  </mem-info>
</gc-end>
<cycle-end id="50" type="partial gc" contextid="42" timestamp="2019-06-14T23:30:06.149" />
  <attribute name="elasticGC enabled" value="1" />
  <attribute name= "numThreadsSpecified" value="4" />
  <attribute name="heapSize specified" value="0" />
  <attribute name="Current GC Util" value="81" />
  <attribute name= "Current Time Running" value="24345" />
  <attribute name ="GC Interval" value="0" />
  <attribute name="ProportionalT" value="30.500000" />
  <attribute name="ProportionalI" value="30.500000" />
  <attribute name="ProportionalH" value="30.500000" />
  <attribute name="Current Error" value="61.000000" />
  <attribute name="IntegralT" value="305.000000" />
  <attribute name="IntegralI" value="305.000000" />
  <attribute name="IntegralH" value="305.000000" />
  <attribute name="DerivativeT" value="11.600000" />
  <attribute name="DerivativeI" value="11.600000" />
  <attribute name="DerivativeH" value="11.600000" />
  <attribute name="Loop Time for DT" value="5.000000" />
  <attribute name="Output H" value="8388608"/>
  <attribute name="Output I" value="352"/>
  <attribute name="Output T" value="4"/>
  <attribute name="Target GC Util Change" value ="20.000000" />
  <attribute name="Current GC Util Change" value="81.000000"/>
  <attribute name="GC Util currently" value="81" />
  <attribute name="CPU Util currently" value="929257383336" />
<exclusive-end id="51" timestamp="2019-06-14T23:30:06.149" durationms="7.327" />

<exclusive-start id="52" timestamp="2019-06-14T23:30:06.258" intervalms="116.259">
  <response-info timems="0.025" idlems="0.025" threads="0" lastid="0000000001AA0700" lastname="main" />
</exclusive-start>
<allocation-taxation id="53" taxation-threshold="2097152" timestamp="2019-06-14T23:30:06.258" intervalms="116.235" />
<gc-start id="54" type="global mark phase" contextid="31" timestamp="2019-06-14T23:30:06.258">
  <mem-info id="55" free="3145728" total="9437184" percent="33">
    <remembered-set count="704" freebytes="373888" totalbytes="376704" percent="99" regionsoverflowed="0" regionsstable="1" regionsrebuilding="0"/>
  </mem-info>
</gc-start>
<gc-op id="56" type="mark increment" timems="2.196" contextid="31" timestamp="2019-06-14T23:30:06.261">
  <trace-info objectcount="16003" scancount="12336" scanbytes="331824" />
  <cardclean-info objects="2452" bytes="95340" />
  <finalization candidates="58" enqueued="0" />
  <ownableSynchronizers candidates="5" cleared="0" />
  <references type="soft" candidates="201" cleared="0" enqueued="0" dynamicThreshold="17" maxThreshold="32" />
  <references type="weak" candidates="950" cleared="262" enqueued="186" />
  <references type="phantom" candidates="94" cleared="7" enqueued="7" />
  <stringconstants candidates="4945" cleared="0"  />
</gc-op>
<gc-op id="57" type="classunload" timems="0.003" contextid="31" timestamp="2019-06-14T23:30:06.261">
  <classunload-info classloadercandidates="8" classloadersunloaded="0" classesunloaded="0" anonymousclassesunloaded="0" quiescems="0.000" setupms="0.003" scanms="0.000" postms="0.000" />
</gc-op>
<gc-end id="58" type="global mark phase" contextid="31" durationms="2.397" usertimems="0.000" systemtimems="4.000" timestamp="2019-06-14T23:30:06.261" activeThreads="4">
  <mem-info id="59" free="3145728" total="9437184" percent="33">
    <pending-finalizers system="0" default="0" reference="193" classloader="0" />
    <remembered-set count="704" freebytes="373888" totalbytes="376704" percent="99" regionsoverflowed="0" regionsstable="1" regionsrebuilding="0"/>
  </mem-info>
</gc-end>
<cycle-end id="60" type="global mark phase" contextid="31" timestamp="2019-06-14T23:30:06.261" />
  <attribute name="elasticGC enabled" value="1" />
  <attribute name= "numThreadsSpecified" value="4" />
  <attribute name="heapSize specified" value="0" />
  <attribute name="Current GC Util" value="2" />
  <attribute name= "Current Time Running" value="24456" />
  <attribute name ="GC Interval" value="0" />
  <attribute name="ProportionalT" value="-9.000000" />
  <attribute name="ProportionalI" value="-9.000000" />
  <attribute name="ProportionalH" value="-9.000000" />
  <attribute name="Current Error" value="-18.000000" />
  <attribute name="IntegralT" value="0.000000" />
  <attribute name="IntegralI" value="0.000000" />
  <attribute name="IntegralH" value="0.000000" />
  <attribute name="DerivativeT" value="-inf" />
  <attribute name="DerivativeI" value="-inf" />
  <attribute name="DerivativeH" value="-inf" />
  <attribute name="Loop Time for DT" value="0.000000" />
  <attribute name="Output H" value="2091843584"/>
  <attribute name="Output I" value="200"/>
  <attribute name="Output T" value="4"/>
  <attribute name="Target GC Util Change" value ="20.000000" />
  <attribute name="Current GC Util Change" value="2.000000"/>
  <attribute name="GC Util currently" value="2" />
  <attribute name="CPU Util currently" value="5834741110577" />
<exclusive-end id="61" timestamp="2019-06-14T23:30:06.261" durationms="2.661" />

</verbosegc>

