<?xml version="1.0" ?>

<verbosegc xmlns="http://www.ibm.com/j9/verbosegc" version="10b4217_CMPRSS">

<initialized id="1" timestamp="2019-06-16T02:55:27.519">
  <attribute name="gcPolicy" value="-Xgcpolicy:balanced" />
  <attribute name="elasticGC enabled" value="1" />
  <attribute name= "numThreadsSpecified" value="0" />
  <attribute name="heapSize specified" value="0" />
  <attribute name="Current GC Util" value="0" />
  <attribute name= "Current Time Running" value="0" />
  <attribute name ="GC Interval" value="0" />
  <attribute name="ProportionalT" value="0.000000" />
  <attribute name="ProportionalI" value="0.000000" />
  <attribute name="ProportionalH" value="0.000000" />
  <attribute name="IntegralT" value="0.000000" />
  <attribute name="IntegralI" value="0.000000" />
  <attribute name="IntegralH" value="0.000000" />
  <attribute name="DerivativeT" value="0.000000" />
  <attribute name="DerivativeI" value="0.000000" />
  <attribute name="DerivativeH" value="0.000000" />
  <attribute name="Target GC Util Change" value ="0.000000" />
  <attribute name="Current GC Util Change" value="0.000000"/>
  <attribute name="Current Error" value="0.000000" />
  <attribute name="Loop Time for DT" value="0.000000" />
  <attribute name="Output H" value="0"/>
  <attribute name="Output I" value="0"/>
  <attribute name="Output T" value="0"/>
  <attribute name="GC Util currently" value="0" />
  <attribute name="CPU Util currently" value="0" />
  <attribute name="maxHeapSize" value="0x7cb00000" />
  <attribute name="initialHeapSize" value="0x800000" />
  <attribute name="compressedRefs" value="true" />
  <attribute name="compressedRefsDisplacement" value="0x0" />
  <attribute name="compressedRefsShift" value="0x0" />
  <attribute name="pageSize" value="0x1000" />
  <attribute name="pageType" value="not used" />
  <attribute name="requestedPageSize" value="0x1000" />
  <attribute name="requestedPageType" value="not used" />
  <attribute name="gcthreads" value="4" />
  <attribute name="packetListSplit" value="4" />
  <attribute name="cacheListSplit" value="4" />
  <attribute name="splitFreeListSplitAmount" value="1" />
  <attribute name="numaNodes" value="0" />
  <region>
    <attribute name="regionSize" value="1048576" />
    <attribute name="regionCount" value="1995" />
    <attribute name="arrayletLeafSize" value="1048576" />
  </region>
  <system>
    <attribute name="physicalMemory" value="8370958336" />
    <attribute name="numCPUs" value="4" />
    <attribute name="architecture" value="amd64" />
    <attribute name="os" value="Linux" />
    <attribute name="osVersion" value="4.4.0-150-generic" />
  </system>
  <vmargs>
    <vmarg name="-Xoptionsfile=/vagrant/jdk/lib/options.default" />
    <vmarg name="-Xlockword:mode=default,noLockword=java/lang/String,noLockword=java/util/MapEntry,noLockword=java/util/HashMap$Entry,noLockword..." />
    <vmarg name="-Xjcl:jclse29" />
    <vmarg name="-Dcom.ibm.oti.vm.bootstrap.library.path=/vagrant/jdk/lib/compressedrefs:/vagrant/jdk/lib" />
    <vmarg name="-Dsun.boot.library.path=/vagrant/jdk/lib/compressedrefs:/vagrant/jdk/lib" />
    <vmarg name="-Djava.library.path=/vagrant/jdk/lib/compressedrefs:/vagrant/jdk/lib:/usr/lib64:/usr/lib" />
    <vmarg name="-Djava.home=/vagrant/jdk" />
    <vmarg name="-Duser.dir=/vagrant" />
    <vmarg name="-Xgcpolicy:balanced" />
    <vmarg name="-Xgcelastic" />
    <vmarg name="-Xcheck:gc:::elasticGC" />
    <vmarg name="-verbose:gc" />
    <vmarg name="-Xloggc:jdk1.5-1-1-large-BAL-4CORE-elasticverbose12jython.txt" />
    <vmarg name="-Djava.class.path=dacapo-9.12-MR1-bach.jar" />
    <vmarg name="-Dsun.java.command=dacapo-9.12-MR1-bach.jar jython --size=large" />
    <vmarg name="-Dsun.java.launcher=SUN_STANDARD" />
    <vmarg name="-Dsun.java.launcher.pid=24927" />
  </vmargs>
</initialized>

<exclusive-start id="2" timestamp="2019-06-16T02:55:54.547" intervalms="27027.335">
  <response-info timems="0.193" idlems="0.193" threads="0" lastid="0000000001916700" lastname="main" />
</exclusive-start>
<allocation-taxation id="3" taxation-threshold="8388608" timestamp="2019-06-16T02:55:54.548" intervalms="27028.968" />
<cycle-start id="4" type="partial gc" contextid="0" timestamp="2019-06-16T02:55:54.549" intervalms="27030.473" />
<gc-start id="5" type="partial gc" contextid="4" timestamp="2019-06-16T02:55:54.551">
  <mem-info id="6" free="0" total="8388608" percent="0">
    <mem type="eden" free="80" total="8388608" percent="0" />
    <remembered-set count="0" freebytes="334848" totalbytes="334848" percent="100" regionsoverflowed="0" regionsstable="0" regionsrebuilding="0"/>
  </mem-info>
</gc-start>
<allocation-stats totalBytes="8314568" >
  <allocated-bytes non-tlh="357600" tlh="7956968" arrayletleaf="0"/>
  <largest-consumer threadName="main" threadId="0000000001916700" bytes="8240176" />
</allocation-stats>
<gc-op id="7" type="mark" timems="16.564" contextid="4" timestamp="2019-06-16T02:55:54.574">
  <trace-info objectcount="17715" scancount="14028" scanbytes="460928" />
  <remembered-set-cleared processed="0" cleared="0" durationms="1.245" />
  <finalization candidates="14" enqueued="1" />
  <references type="soft" candidates="63" cleared="0" enqueued="0" dynamicThreshold="32" maxThreshold="32" />
  <references type="weak" candidates="544" cleared="401" enqueued="362" />
  <references type="phantom" candidates="105" cleared="44" enqueued="44" />
  <stringconstants candidates="2406" cleared="0"  />
  <warning details="Mark for calibration purposes" />
</gc-op>
<gc-op id="8" type="classunload" timems="0.339" contextid="4" timestamp="2019-06-16T02:55:54.575">
  <classunload-info classloadercandidates="5" classloadersunloaded="0" classesunloaded="0" anonymousclassesunloaded="0" quiescems="0.000" setupms="0.338" scanms="0.000" postms="0.000" />
</gc-op>
<gc-op id="9" type="sweep" timems="3.955" contextid="4" timestamp="2019-06-16T02:55:54.580" />
<gc-op id="10" type="compact" timems="11.599" contextid="4" timestamp="2019-06-16T02:55:54.593">
  <compact-info movecount="17715" movebytes="963344" />
  <remembered-set-cleared processed="0" cleared="0" durationms="1.245" />
</gc-op>
<gc-end id="11" type="partial gc" contextid="4" durationms="43.456" usertimems="56.000" systemtimems="0.000" timestamp="2019-06-16T02:55:54.594" activeThreads="4">
  <mem-info id="12" free="7340032" total="8388608" percent="87">
    <mem type="eden" free="85232" total="1048576" percent="8" />
    <pending-finalizers system="1" default="0" reference="406" classloader="0" />
    <remembered-set count="0" freebytes="334848" totalbytes="334848" percent="100" regionsoverflowed="0" regionsstable="0" regionsrebuilding="0"/>
  </mem-info>
</gc-end>
<cycle-end id="13" type="partial gc" contextid="4" timestamp="2019-06-16T02:55:54.594" />
  <attribute name="elasticGC enabled" value="1" />
  <attribute name= "numThreadsSpecified" value="4" />
  <attribute name="heapSize specified" value="0" />
  <attribute name="Current GC Util" value="84" />
  <attribute name= "Current Time Running" value="26947" />
  <attribute name ="GC Interval" value="0" />
  <attribute name="ProportionalT" value="96.000000" />
  <attribute name="ProportionalI" value="96.000000" />
  <attribute name="ProportionalH" value="96.000000" />
  <attribute name="Current Error" value="64.000000" />
  <attribute name="IntegralT" value="-536306.000000" />
  <attribute name="IntegralI" value="-536306.000000" />
  <attribute name="IntegralH" value="-536306.000000" />
  <attribute name="DerivativeT" value="-2.400000" />
  <attribute name="DerivativeI" value="-2.400000" />
  <attribute name="DerivativeH" value="-2.400000" />
  <attribute name="Loop Time for DT" value="5.000000" />
  <attribute name="Output H" value="2091843584"/>
  <attribute name="Output I" value="200"/>
  <attribute name="Output T" value="4"/>
  <attribute name="Target GC Util Change" value ="20.000000" />
  <attribute name="Current GC Util Change" value="84.000000"/>
  <attribute name="GC Util currently" value="84" />
  <attribute name="CPU Util currently" value="922362107381" />
<exclusive-end id="14" timestamp="2019-06-16T02:55:54.595" durationms="48.420" />

<exclusive-start id="15" timestamp="2019-06-16T02:56:08.125" intervalms="13578.381">
  <response-info timems="0.065" idlems="0.065" threads="0" lastid="0000000001916700" lastname="main" />
</exclusive-start>
<allocation-taxation id="16" taxation-threshold="7340032" timestamp="2019-06-16T02:56:08.125" intervalms="13576.934" />
<cycle-start id="17" type="partial gc" contextid="0" timestamp="2019-06-16T02:56:08.125" intervalms="13575.557" />
<gc-start id="18" type="partial gc" contextid="17" timestamp="2019-06-16T02:56:08.125">
  <mem-info id="19" free="0" total="8388608" percent="0">
    <mem type="eden" free="85232" total="8388608" percent="1" />
    <remembered-set count="0" freebytes="334848" totalbytes="334848" percent="100" regionsoverflowed="0" regionsstable="0" regionsrebuilding="0"/>
  </mem-info>
</gc-start>
<allocation-stats totalBytes="7330104" >
  <allocated-bytes non-tlh="569856" tlh="6760248" arrayletleaf="0"/>
  <largest-consumer threadName="main" threadId="0000000001916700" bytes="7321824" />
</allocation-stats>
<gc-op id="20" type="mark" timems="1.647" contextid="17" timestamp="2019-06-16T02:56:08.127">
  <trace-info objectcount="19024" scancount="15068" scanbytes="511304" />
  <remembered-set-cleared processed="0" cleared="0" durationms="0.040" />
  <finalization candidates="22" enqueued="0" />
  <ownableSynchronizers candidates="16" cleared="0" />
  <references type="soft" candidates="67" cleared="0" enqueued="0" dynamicThreshold="28" maxThreshold="32" />
  <references type="weak" candidates="682" cleared="364" enqueued="256" />
  <references type="phantom" candidates="88" cleared="2" enqueued="2" />
  <stringconstants candidates="2592" cleared="0"  />
  <warning details="Mark invoked due to insufficient free space for Copy-Forward" />
</gc-op>
<gc-op id="21" type="classunload" timems="0.001" contextid="17" timestamp="2019-06-16T02:56:08.127">
  <classunload-info classloadercandidates="6" classloadersunloaded="0" classesunloaded="0" anonymousclassesunloaded="0" quiescems="0.000" setupms="0.001" scanms="0.000" postms="0.000" />
</gc-op>
<gc-op id="22" type="sweep" timems="0.436" contextid="17" timestamp="2019-06-16T02:56:08.128" />
<gc-op id="23" type="compact" timems="3.246" contextid="17" timestamp="2019-06-16T02:56:08.132">
  <compact-info movecount="19002" movebytes="1505432" />
  <remembered-set-cleared processed="0" cleared="0" durationms="0.040" />
</gc-op>
<gc-end id="24" type="partial gc" contextid="17" durationms="6.552" usertimems="4.000" systemtimems="0.000" timestamp="2019-06-16T02:56:08.132" activeThreads="1">
  <mem-info id="25" free="6291456" total="8388608" percent="75">
    <mem type="eden" free="590448" total="2097152" percent="28" />
    <pending-finalizers system="0" default="0" reference="258" classloader="0" />
    <remembered-set count="512" freebytes="332800" totalbytes="334848" percent="99" regionsoverflowed="0" regionsstable="0" regionsrebuilding="0"/>
  </mem-info>
</gc-end>
<cycle-end id="26" type="partial gc" contextid="17" timestamp="2019-06-16T02:56:08.132" />
  <attribute name="elasticGC enabled" value="1" />
  <attribute name= "numThreadsSpecified" value="1" />
  <attribute name="heapSize specified" value="0" />
  <attribute name="Current GC Util" value="24" />
  <attribute name= "Current Time Running" value="40493" />
  <attribute name ="GC Interval" value="0" />
  <attribute name="ProportionalT" value="6.000000" />
  <attribute name="ProportionalI" value="6.000000" />
  <attribute name="ProportionalH" value="6.000000" />
  <attribute name="Current Error" value="4.000000" />
  <attribute name="IntegralT" value="0.000000" />
  <attribute name="IntegralI" value="0.000000" />
  <attribute name="IntegralH" value="0.000000" />
  <attribute name="DerivativeT" value="inf" />
  <attribute name="DerivativeI" value="inf" />
  <attribute name="DerivativeH" value="inf" />
  <attribute name="Loop Time for DT" value="0.000000" />
  <attribute name="Output H" value="8388608"/>
  <attribute name="Output I" value="200"/>
  <attribute name="Output T" value="1"/>
  <attribute name="Target GC Util Change" value ="20.000000" />
  <attribute name="Current GC Util Change" value="24.000000"/>
  <attribute name="GC Util currently" value="24" />
  <attribute name="CPU Util currently" value="6279024447985" />
<exclusive-end id="27" timestamp="2019-06-16T02:56:08.132" durationms="7.497" />

<exclusive-start id="28" timestamp="2019-06-16T02:56:08.285" intervalms="160.197">
  <response-info timems="0.099" idlems="0.099" threads="0" lastid="0000000001916700" lastname="main" />
</exclusive-start>
<allocation-taxation id="29" taxation-threshold="3145728" timestamp="2019-06-16T02:56:08.285" intervalms="160.153" />
<cycle-start id="30" type="global mark phase" contextid="0" timestamp="2019-06-16T02:56:08.285" intervalms="40766.337" />
<gc-start id="31" type="global mark phase" contextid="30" timestamp="2019-06-16T02:56:08.285">
  <mem-info id="32" free="3145728" total="8388608" percent="37">
    <remembered-set count="256" freebytes="333824" totalbytes="334848" percent="99" regionsoverflowed="0" regionsstable="0" regionsrebuilding="0"/>
  </mem-info>
</gc-start>
<gc-op id="33" type="mark increment" timems="0.920" contextid="30" timestamp="2019-06-16T02:56:08.286">
  <trace-info objectcount="131" scancount="0" scanbytes="0" />
</gc-op>
<gc-end id="34" type="global mark phase" contextid="30" durationms="1.045" usertimems="0.000" systemtimems="0.000" timestamp="2019-06-16T02:56:08.286" activeThreads="1">
  <mem-info id="35" free="3145728" total="8388608" percent="37">
    <remembered-set count="256" freebytes="333824" totalbytes="334848" percent="99" regionsoverflowed="0" regionsstable="0" regionsrebuilding="0"/>
  </mem-info>
</gc-end>
<concurrent-start id="36" type="GMP work packet processing" contextid="30" timestamp="2019-06-16T02:56:08.287">
  <concurrent-mark-start scanTarget="18446744073709551615" />
</concurrent-start>
<exclusive-end id="37" timestamp="2019-06-16T02:56:08.287" durationms="1.707" />

<concurrent-end id="38" type="GMP work packet processing" contextid="30" timestamp="2019-06-16T02:56:08.288">
  <concurrent-mark-end bytesScanned="762184" reasonForTermination="Completed all work in GC phase" />
</concurrent-end>

<exclusive-start id="39" timestamp="2019-06-16T02:56:08.391" intervalms="106.404">
  <response-info timems="0.058" idlems="0.058" threads="0" lastid="0000000001916700" lastname="main" />
</exclusive-start>
<allocation-taxation id="40" taxation-threshold="3145728" timestamp="2019-06-16T02:56:08.391" intervalms="106.397" />
<cycle-start id="41" type="partial gc" contextid="0" timestamp="2019-06-16T02:56:08.392" intervalms="266.581" />
<gc-start id="42" type="partial gc" contextid="41" timestamp="2019-06-16T02:56:08.392">
  <mem-info id="43" free="0" total="8388608" percent="0">
    <mem type="eden" free="318392" total="7340032" percent="4" />
    <remembered-set count="256" freebytes="333824" totalbytes="334848" percent="99" regionsoverflowed="0" regionsstable="0" regionsrebuilding="0"/>
  </mem-info>
</gc-start>
<allocation-stats totalBytes="6286552" >
  <allocated-bytes non-tlh="317624" tlh="5968928" arrayletleaf="0"/>
  <largest-consumer threadName="main" threadId="0000000001916700" bytes="3143760" />
</allocation-stats>
<gc-op id="44" type="mark" timems="2.303" contextid="41" timestamp="2019-06-16T02:56:08.395">
  <trace-info objectcount="19612" scancount="15594" scanbytes="519936" />
  <cardclean-info objects="824" bytes="36100" />
  <remembered-set-cleared processed="203" cleared="203" durationms="0.054" />
  <finalization candidates="50" enqueued="1" />
  <ownableSynchronizers candidates="17" cleared="0" />
  <references type="soft" candidates="358" cleared="0" enqueued="0" dynamicThreshold="12" maxThreshold="32" />
  <references type="weak" candidates="1252" cleared="156" enqueued="142" />
  <references type="phantom" candidates="41" cleared="4" enqueued="4" />
  <stringconstants candidates="4540" cleared="0"  />
  <warning details="Mark invoked due to insufficient free space for Copy-Forward" />
</gc-op>
<gc-op id="45" type="classunload" timems="0.002" contextid="41" timestamp="2019-06-16T02:56:08.395">
  <classunload-info classloadercandidates="10" classloadersunloaded="0" classesunloaded="0" anonymousclassesunloaded="0" quiescems="0.000" setupms="0.001" scanms="0.000" postms="0.000" />
</gc-op>
<gc-op id="46" type="sweep" timems="0.724" contextid="41" timestamp="2019-06-16T02:56:08.396" />
<gc-op id="47" type="compact" timems="3.280" contextid="41" timestamp="2019-06-16T02:56:08.399">
  <compact-info movecount="19513" movebytes="1347936" />
  <remembered-set-cleared processed="3230" cleared="3230" durationms="0.062" />
</gc-op>
<gc-end id="48" type="partial gc" contextid="41" durationms="7.430" usertimems="12.000" systemtimems="0.000" timestamp="2019-06-16T02:56:08.399" activeThreads="4">
  <mem-info id="49" free="5242880" total="8388608" percent="62">
    <mem type="eden" free="745424" total="2097152" percent="35" />
    <pending-finalizers system="1" default="0" reference="146" classloader="0" />
    <remembered-set count="2560" freebytes="324608" totalbytes="334848" percent="96" regionsoverflowed="0" regionsstable="0" regionsrebuilding="0"/>
  </mem-info>
</gc-end>
<cycle-end id="50" type="partial gc" contextid="41" timestamp="2019-06-16T02:56:08.399" />
  <attribute name="elasticGC enabled" value="1" />
  <attribute name= "numThreadsSpecified" value="4" />
  <attribute name="heapSize specified" value="0" />
  <attribute name="Current GC Util" value="70" />
  <attribute name= "Current Time Running" value="40761" />
  <attribute name ="GC Interval" value="0" />
  <attribute name="ProportionalT" value="75.000000" />
  <attribute name="ProportionalI" value="75.000000" />
  <attribute name="ProportionalH" value="75.000000" />
  <attribute name="Current Error" value="50.000000" />
  <attribute name="IntegralT" value="50.000000" />
  <attribute name="IntegralI" value="50.000000" />
  <attribute name="IntegralH" value="50.000000" />
  <attribute name="DerivativeT" value="50.000000" />
  <attribute name="DerivativeI" value="50.000000" />
  <attribute name="DerivativeH" value="50.000000" />
  <attribute name="Loop Time for DT" value="1.000000" />
  <attribute name="Output H" value="8388608"/>
  <attribute name="Output I" value="200"/>
  <attribute name="Output T" value="4"/>
  <attribute name="Target GC Util Change" value ="20.000000" />
  <attribute name="Current GC Util Change" value="70.000000"/>
  <attribute name="GC Util currently" value="70" />
  <attribute name="CPU Util currently" value="4787020205892" />
<exclusive-end id="51" timestamp="2019-06-16T02:56:08.400" durationms="8.285" />

<exclusive-start id="52" timestamp="2019-06-16T02:56:11.608" intervalms="3216.578">
  <response-info timems="0.025" idlems="0.025" threads="0" lastid="0000000001916700" lastname="main" />
</exclusive-start>
<allocation-taxation id="53" taxation-threshold="2097152" timestamp="2019-06-16T02:56:11.608" intervalms="3216.540" />
<gc-start id="54" type="global mark phase" contextid="30" timestamp="2019-06-16T02:56:11.608">
  <mem-info id="55" free="3145728" total="8388608" percent="37">
    <remembered-set count="2400" freebytes="325248" totalbytes="334848" percent="97" regionsoverflowed="0" regionsstable="0" regionsrebuilding="0"/>
  </mem-info>
</gc-start>
<gc-op id="56" type="mark increment" timems="2.306" contextid="30" timestamp="2019-06-16T02:56:11.610">
  <trace-info objectcount="22530" scancount="18228" scanbytes="620768" />
  <cardclean-info objects="890" bytes="39164" />
  <finalization candidates="62" enqueued="0" />
  <ownableSynchronizers candidates="17" cleared="0" />
  <references type="soft" candidates="584" cleared="0" enqueued="0" dynamicThreshold="20" maxThreshold="32" />
  <references type="weak" candidates="1410" cleared="7" enqueued="7" />
  <references type="phantom" candidates="96" cleared="2" enqueued="2" />
  <stringconstants candidates="4884" cleared="0"  />
</gc-op>
<gc-op id="57" type="classunload" timems="0.003" contextid="30" timestamp="2019-06-16T02:56:11.611">
  <classunload-info classloadercandidates="10" classloadersunloaded="0" classesunloaded="0" anonymousclassesunloaded="0" quiescems="0.000" setupms="0.003" scanms="0.000" postms="0.000" />
</gc-op>
<gc-end id="58" type="global mark phase" contextid="30" durationms="2.550" usertimems="4.000" systemtimems="0.000" timestamp="2019-06-16T02:56:11.611" activeThreads="4">
  <mem-info id="59" free="3145728" total="8388608" percent="37">
    <pending-finalizers system="0" default="0" reference="9" classloader="0" />
    <remembered-set count="2400" freebytes="325248" totalbytes="334848" percent="97" regionsoverflowed="0" regionsstable="0" regionsrebuilding="0"/>
  </mem-info>
</gc-end>
<cycle-end id="60" type="global mark phase" contextid="30" timestamp="2019-06-16T02:56:11.611" />
  <attribute name="elasticGC enabled" value="1" />
  <attribute name= "numThreadsSpecified" value="4" />
  <attribute name="heapSize specified" value="0" />
  <attribute name="Current GC Util" value="97" />
  <attribute name= "Current Time Running" value="43975" />
  <attribute name ="GC Interval" value="0" />
  <attribute name="ProportionalT" value="115.500000" />
  <attribute name="ProportionalI" value="115.500000" />
  <attribute name="ProportionalH" value="115.500000" />
  <attribute name="Current Error" value="77.000000" />
  <attribute name="IntegralT" value="77.000000" />
  <attribute name="IntegralI" value="77.000000" />
  <attribute name="IntegralH" value="77.000000" />
  <attribute name="DerivativeT" value="31.000000" />
  <attribute name="DerivativeI" value="31.000000" />
  <attribute name="DerivativeH" value="31.000000" />
  <attribute name="Loop Time for DT" value="1.000000" />
  <attribute name="Output H" value="8388608"/>
  <attribute name="Output I" value="224"/>
  <attribute name="Output T" value="4"/>
  <attribute name="Target GC Util Change" value ="20.000000" />
  <attribute name="Current GC Util Change" value="97.000000"/>
  <attribute name="GC Util currently" value="97" />
  <attribute name="CPU Util currently" value="4823116996579" />
<exclusive-end id="61" timestamp="2019-06-16T02:56:11.611" durationms="2.902" />

<exclusive-start id="62" timestamp="2019-06-16T02:56:11.662" intervalms="54.175">
  <response-info timems="0.036" idlems="0.036" threads="0" lastid="0000000001916700" lastname="main" />
</exclusive-start>
<allocation-taxation id="63" taxation-threshold="2097152" timestamp="2019-06-16T02:56:11.662" intervalms="54.175" />
<cycle-start id="64" type="partial gc" contextid="0" timestamp="2019-06-16T02:56:11.662" intervalms="3270.644" />
<gc-start id="65" type="partial gc" contextid="64" timestamp="2019-06-16T02:56:11.662">
  <mem-info id="66" free="1048576" total="8388608" percent="12">
    <mem type="eden" free="0" total="4194304" percent="0" />
    <remembered-set count="2400" freebytes="325248" totalbytes="334848" percent="97" regionsoverflowed="0" regionsstable="0" regionsrebuilding="0"/>
  </mem-info>
</gc-start>
<allocation-stats totalBytes="4141448" >
  <allocated-bytes non-tlh="76248" tlh="4065200" arrayletleaf="0"/>
  <largest-consumer threadName="main" threadId="0000000001916700" bytes="2078032" />
</allocation-stats>
<gc-op id="67" type="sweep" timems="0.382" contextid="64" timestamp="2019-06-16T02:56:11.663" />
<gc-op id="68" type="copy forward" timems="3.922" contextid="64" timestamp="2019-06-16T02:56:11.667">
  <memory-copied type="eden" objects="710" bytes="49472" bytesdiscarded="3495" />
  <memory-copied type="other" objects="20413" bytes="768384" bytesdiscarded="32425" />
  <memory-cardclean objects="656" bytes="34016" />
  <memory-traced type="eden" objects="1017" bytes="55168" />
  <memory-traced type="other" objects="0" bytes="0" />
  <regions eden="2" other="3" evacuated="4" marked="1" />
  <remembered-set-cleared processed="1509" cleared="1382" durationms="0.056" />
  <finalization candidates="43" enqueued="0" />
  <ownableSynchronizers candidates="1" cleared="0" />
  <references type="soft" candidates="562" cleared="0" enqueued="0" dynamicThreshold="12" maxThreshold="32" />
  <references type="weak" candidates="1206" cleared="0" enqueued="0" />
  <references type="phantom" candidates="10" cleared="0" enqueued="0" />
  <stringconstants candidates="5071" cleared="0"  />
  <heap-resize type="expand" space="default" amount="1048576" count="1" timems="0.271" reason="continue current collection" />
</gc-op>
<gc-op id="69" type="classunload" timems="0.002" contextid="64" timestamp="2019-06-16T02:56:11.668">
  <classunload-info classloadercandidates="10" classloadersunloaded="0" classesunloaded="0" anonymousclassesunloaded="0" quiescems="0.000" setupms="0.001" scanms="0.000" postms="0.000" />
</gc-op>
<gc-op id="70" type="compact" timems="0.995" contextid="64" timestamp="2019-06-16T02:56:11.669">
  <compact-info movecount="1412" movebytes="106392" />
  <remembered-set-cleared processed="4231" cleared="2092" durationms="0.060" />
</gc-op>
<gc-end id="71" type="partial gc" contextid="64" durationms="6.407" usertimems="8.000" systemtimems="0.000" timestamp="2019-06-16T02:56:11.669" activeThreads="4">
  <mem-info id="72" free="4194304" total="9437184" percent="44">
    <mem type="eden" free="1784952" total="2097152" percent="85" />
    <remembered-set count="3776" freebytes="361600" totalbytes="376704" percent="95" regionsoverflowed="0" regionsstable="0" regionsrebuilding="0"/>
  </mem-info>
</gc-end>
<cycle-end id="73" type="partial gc" contextid="64" timestamp="2019-06-16T02:56:11.669" />
  <attribute name="elasticGC enabled" value="1" />
  <attribute name= "numThreadsSpecified" value="4" />
  <attribute name="heapSize specified" value="0" />
  <attribute name="Current GC Util" value="133" />
  <attribute name= "Current Time Running" value="44033" />
  <attribute name ="GC Interval" value="0" />
  <attribute name="ProportionalT" value="169.500000" />
  <attribute name="ProportionalI" value="169.500000" />
  <attribute name="ProportionalH" value="169.500000" />
  <attribute name="Current Error" value="113.000000" />
  <attribute name="IntegralT" value="565.000000" />
  <attribute name="IntegralI" value="565.000000" />
  <attribute name="IntegralH" value="565.000000" />
  <attribute name="DerivativeT" value="22.600000" />
  <attribute name="DerivativeI" value="22.600000" />
  <attribute name="DerivativeH" value="22.600000" />
  <attribute name="Loop Time for DT" value="5.000000" />
  <attribute name="Output H" value="8388608"/>
  <attribute name="Output I" value="760"/>
  <attribute name="Output T" value="4"/>
  <attribute name="Target GC Util Change" value ="20.000000" />
  <attribute name="Current GC Util Change" value="133.000000"/>
  <attribute name="GC Util currently" value="133" />
  <attribute name="CPU Util currently" value="1110247209712" />
<exclusive-end id="74" timestamp="2019-06-16T02:56:11.669" durationms="7.010" />

<exclusive-start id="75" timestamp="2019-06-16T02:56:11.745" intervalms="83.331">
  <response-info timems="0.030" idlems="0.030" threads="0" lastid="0000000001916700" lastname="main" />
</exclusive-start>
<allocation-taxation id="76" taxation-threshold="2097152" timestamp="2019-06-16T02:56:11.745" intervalms="83.328" />
<cycle-start id="77" type="global mark phase" contextid="0" timestamp="2019-06-16T02:56:11.746" intervalms="3460.232" />
<gc-start id="78" type="global mark phase" contextid="77" timestamp="2019-06-16T02:56:11.746">
  <mem-info id="79" free="2097152" total="9437184" percent="22">
    <remembered-set count="3328" freebytes="363392" totalbytes="376704" percent="96" regionsoverflowed="0" regionsstable="0" regionsrebuilding="0"/>
  </mem-info>
</gc-start>
<gc-op id="80" type="mark increment" timems="0.418" contextid="77" timestamp="2019-06-16T02:56:11.746">
  <trace-info objectcount="117" scancount="0" scanbytes="0" />
</gc-op>
<gc-end id="81" type="global mark phase" contextid="77" durationms="0.527" usertimems="0.000" systemtimems="0.000" timestamp="2019-06-16T02:56:11.746" activeThreads="1">
  <mem-info id="82" free="2097152" total="9437184" percent="22">
    <remembered-set count="3328" freebytes="363392" totalbytes="376704" percent="96" regionsoverflowed="0" regionsstable="0" regionsrebuilding="0"/>
  </mem-info>
</gc-end>
<concurrent-start id="83" type="GMP work packet processing" contextid="77" timestamp="2019-06-16T02:56:11.746">
  <concurrent-mark-start scanTarget="18446744073709551615" />
</concurrent-start>
<exclusive-end id="84" timestamp="2019-06-16T02:56:11.746" durationms="0.901" />

<concurrent-end id="85" type="GMP work packet processing" contextid="77" timestamp="2019-06-16T02:56:11.749">
  <concurrent-mark-end bytesScanned="1170620" reasonForTermination="Completed all work in GC phase" />
</concurrent-end>

<exclusive-start id="86" timestamp="2019-06-16T02:56:11.824" intervalms="78.777">
  <response-info timems="0.131" idlems="0.131" threads="0" lastid="0000000001916700" lastname="main" />
</exclusive-start>
<allocation-taxation id="87" taxation-threshold="2097152" timestamp="2019-06-16T02:56:11.824" intervalms="78.772" />
<cycle-start id="88" type="partial gc" contextid="0" timestamp="2019-06-16T02:56:11.824" intervalms="162.093" />
<gc-start id="89" type="partial gc" contextid="88" timestamp="2019-06-16T02:56:11.825">
  <mem-info id="90" free="0" total="9437184" percent="0">
    <mem type="eden" free="940096" total="5242880" percent="17" />
    <remembered-set count="3328" freebytes="363392" totalbytes="376704" percent="96" regionsoverflowed="0" regionsstable="0" regionsrebuilding="0"/>
  </mem-info>
</gc-start>
<allocation-stats totalBytes="4189448" >
  <allocated-bytes non-tlh="125208" tlh="4064240" arrayletleaf="0"/>
  <largest-consumer threadName="main" threadId="0000000001916700" bytes="2096208" />
</allocation-stats>
<gc-op id="91" type="mark" timems="2.182" contextid="88" timestamp="2019-06-16T02:56:11.827">
  <trace-info objectcount="15626" scancount="13457" scanbytes="488264" />
  <cardclean-info objects="1542" bytes="74060" />
  <remembered-set-cleared processed="2188" cleared="1047" durationms="0.075" />
  <finalization candidates="12" enqueued="0" />
  <ownableSynchronizers candidates="3" cleared="0" />
  <references type="soft" candidates="441" cleared="0" enqueued="0" dynamicThreshold="7" maxThreshold="32" />
  <references type="weak" candidates="2031" cleared="458" enqueued="310" />
  <references type="phantom" candidates="4" cleared="2" enqueued="2" />
  <stringconstants candidates="6040" cleared="0"  />
  <warning details="Mark invoked due to insufficient free space for Copy-Forward" />
</gc-op>
<gc-op id="92" type="classunload" timems="0.002" contextid="88" timestamp="2019-06-16T02:56:11.827">
  <classunload-info classloadercandidates="11" classloadersunloaded="0" classesunloaded="0" anonymousclassesunloaded="0" quiescems="0.000" setupms="0.002" scanms="0.000" postms="0.000" />
</gc-op>
<gc-op id="93" type="sweep" timems="0.426" contextid="88" timestamp="2019-06-16T02:56:11.828" />
<gc-op id="94" type="compact" timems="4.168" contextid="88" timestamp="2019-06-16T02:56:11.832">
  <compact-info movecount="15594" movebytes="709552" />
  <remembered-set-cleared processed="11110" cleared="8788" durationms="0.084" />
</gc-op>
<heap-resize id="95" type="contract" space="default" amount="1048576" count="1" timems="0.146" reason="insufficient time being spent in gc" timestamp="2019-06-16T02:56:11.832" />
<gc-end id="96" type="partial gc" contextid="88" durationms="7.923" usertimems="12.000" systemtimems="0.000" timestamp="2019-06-16T02:56:11.832" activeThreads="4">
  <mem-info id="97" free="3145728" total="8388608" percent="37">
    <mem type="eden" free="1385368" total="2097152" percent="66" />
    <pending-finalizers system="0" default="0" reference="312" classloader="0" />
    <remembered-set count="5472" freebytes="354816" totalbytes="376704" percent="94" regionsoverflowed="0" regionsstable="0" regionsrebuilding="0"/>
  </mem-info>
</gc-end>
<cycle-end id="98" type="partial gc" contextid="88" timestamp="2019-06-16T02:56:11.833" />
  <attribute name="elasticGC enabled" value="1" />
  <attribute name= "numThreadsSpecified" value="4" />
  <attribute name="heapSize specified" value="0" />
  <attribute name="Current GC Util" value="28" />
  <attribute name= "Current Time Running" value="44193" />
  <attribute name ="GC Interval" value="0" />
  <attribute name="ProportionalT" value="12.000000" />
  <attribute name="ProportionalI" value="12.000000" />
  <attribute name="ProportionalH" value="12.000000" />
  <attribute name="Current Error" value="8.000000" />
  <attribute name="IntegralT" value="8.000000" />
  <attribute name="IntegralI" value="8.000000" />
  <attribute name="IntegralH" value="8.000000" />
  <attribute name="DerivativeT" value="8.000000" />
  <attribute name="DerivativeI" value="8.000000" />
  <attribute name="DerivativeH" value="8.000000" />
  <attribute name="Loop Time for DT" value="1.000000" />
  <attribute name="Output H" value="8388608"/>
  <attribute name="Output I" value="200"/>
  <attribute name="Output T" value="4"/>
  <attribute name="Target GC Util Change" value ="20.000000" />
  <attribute name="Current GC Util Change" value="28.000000"/>
  <attribute name="GC Util currently" value="28" />
  <attribute name="CPU Util currently" value="7765637604011" />
<exclusive-end id="99" timestamp="2019-06-16T02:56:11.833" durationms="8.564" />

<exclusive-start id="100" timestamp="2019-06-16T02:56:11.868" intervalms="44.068">
  <response-info timems="0.064" idlems="0.064" threads="0" lastid="0000000001916700" lastname="main" />
</exclusive-start>
<allocation-taxation id="101" taxation-threshold="1048576" timestamp="2019-06-16T02:56:11.868" intervalms="44.086" />
<gc-start id="102" type="global mark phase" contextid="77" timestamp="2019-06-16T02:56:11.869">
  <mem-info id="103" free="2097152" total="8388608" percent="25">
    <remembered-set count="4992" freebytes="356736" totalbytes="376704" percent="94" regionsoverflowed="0" regionsstable="0" regionsrebuilding="0"/>
  </mem-info>
</gc-start>
<gc-op id="104" type="mark increment" timems="2.609" contextid="77" timestamp="2019-06-16T02:56:11.871">
  <trace-info objectcount="17514" scancount="15180" scanbytes="555804" />
  <cardclean-info objects="2688" bytes="130880" />
  <finalization candidates="79" enqueued="0" />
  <ownableSynchronizers candidates="23" cleared="0" />
  <references type="soft" candidates="946" cleared="0" enqueued="0" dynamicThreshold="12" maxThreshold="32" />
  <references type="weak" candidates="3138" cleared="224" enqueued="151" />
  <references type="phantom" candidates="99" cleared="1" enqueued="1" />
  <stringconstants candidates="6156" cleared="0"  />
</gc-op>
<gc-op id="105" type="classunload" timems="0.003" contextid="77" timestamp="2019-06-16T02:56:11.871">
  <classunload-info classloadercandidates="11" classloadersunloaded="0" classesunloaded="0" anonymousclassesunloaded="0" quiescems="0.000" setupms="0.003" scanms="0.000" postms="0.000" />
</gc-op>
<gc-end id="106" type="global mark phase" contextid="77" durationms="2.843" usertimems="4.000" systemtimems="0.000" timestamp="2019-06-16T02:56:11.871" activeThreads="4">
  <mem-info id="107" free="2097152" total="8388608" percent="25">
    <pending-finalizers system="0" default="0" reference="152" classloader="0" />
    <remembered-set count="4992" freebytes="356736" totalbytes="376704" percent="94" regionsoverflowed="0" regionsstable="0" regionsrebuilding="0"/>
  </mem-info>
</gc-end>
<cycle-end id="108" type="global mark phase" contextid="77" timestamp="2019-06-16T02:56:11.871" />
  <attribute name="elasticGC enabled" value="1" />
  <attribute name= "numThreadsSpecified" value="4" />
  <attribute name="heapSize specified" value="0" />
  <attribute name="Current GC Util" value="0" />
  <attribute name= "Current Time Running" value="44235" />
  <attribute name ="GC Interval" value="0" />
  <attribute name="ProportionalT" value="-30.000000" />
  <attribute name="ProportionalI" value="-30.000000" />
  <attribute name="ProportionalH" value="-30.000000" />
  <attribute name="Current Error" value="-20.000000" />
  <attribute name="IntegralT" value="-20.000000" />
  <attribute name="IntegralI" value="-20.000000" />
  <attribute name="IntegralH" value="-20.000000" />
  <attribute name="DerivativeT" value="-86.000000" />
  <attribute name="DerivativeI" value="-86.000000" />
  <attribute name="DerivativeH" value="-86.000000" />
  <attribute name="Loop Time for DT" value="1.000000" />
  <attribute name="Output H" value="2091843584"/>
  <attribute name="Output I" value="200"/>
  <attribute name="Output T" value="4"/>
  <attribute name="Target GC Util Change" value ="20.000000" />
  <attribute name="Current GC Util Change" value="0.000000"/>
  <attribute name="GC Util currently" value="0" />
  <attribute name="CPU Util currently" value="4060948325913" />
<exclusive-end id="109" timestamp="2019-06-16T02:56:11.872" durationms="3.326" />

<exclusive-start id="110" timestamp="2019-06-16T02:56:11.892" intervalms="24.202">
  <response-info timems="0.064" idlems="0.064" threads="0" lastid="0000000001916700" lastname="main" />
</exclusive-start>
<allocation-taxation id="111" taxation-threshold="1048576" timestamp="2019-06-16T02:56:11.893" intervalms="24.176" />
<cycle-start id="112" type="partial gc" contextid="0" timestamp="2019-06-16T02:56:11.893" intervalms="68.263" />
<gc-start id="113" type="partial gc" contextid="112" timestamp="2019-06-16T02:56:11.893">
  <mem-info id="114" free="1048576" total="8388608" percent="12">
    <mem type="eden" free="0" total="2097152" percent="0" />
    <remembered-set count="4992" freebytes="356736" totalbytes="376704" percent="94" regionsoverflowed="0" regionsstable="0" regionsrebuilding="0"/>
  </mem-info>
</gc-start>
<allocation-stats totalBytes="2062552" >
  <allocated-bytes non-tlh="481888" tlh="1580664" arrayletleaf="0"/>
  <largest-consumer threadName="main" threadId="0000000001916700" bytes="1007152" />
</allocation-stats>
<gc-op id="115" type="sweep" timems="0.377" contextid="112" timestamp="2019-06-16T02:56:11.893" />
<gc-op id="116" type="copy forward" timems="3.528" contextid="112" timestamp="2019-06-16T02:56:11.897">
  <memory-copied type="eden" objects="0" bytes="0" bytesdiscarded="0" />
  <memory-copied type="other" objects="11938" bytes="784984" bytesdiscarded="0" />
  <memory-cardclean objects="7490" bytes="371888" />
  <memory-traced type="eden" objects="400" bytes="16824" />
  <memory-traced type="other" objects="0" bytes="0" />
  <regions eden="1" other="2" evacuated="2" marked="1" />
  <remembered-set-cleared processed="96" cleared="93" durationms="0.052" />
  <finalization candidates="14" enqueued="0" />
  <ownableSynchronizers candidates="6" cleared="0" />
  <references type="soft" candidates="338" cleared="0" enqueued="0" dynamicThreshold="8" maxThreshold="32" />
  <references type="weak" candidates="1472" cleared="0" enqueued="0" />
  <references type="phantom" candidates="6" cleared="0" enqueued="0" />
  <stringconstants candidates="6207" cleared="0"  />
  <heap-resize type="expand" space="default" amount="1048576" count="1" timems="0.051" reason="continue current collection" />
</gc-op>
<gc-op id="117" type="classunload" timems="0.003" contextid="112" timestamp="2019-06-16T02:56:11.897">
  <classunload-info classloadercandidates="11" classloadersunloaded="0" classesunloaded="0" anonymousclassesunloaded="0" quiescems="0.000" setupms="0.002" scanms="0.000" postms="0.000" />
</gc-op>
<gc-op id="118" type="compact" timems="1.198" contextid="112" timestamp="2019-06-16T02:56:11.899">
  <compact-info movecount="557" movebytes="295472" />
  <remembered-set-cleared processed="4198" cleared="422" durationms="0.081" />
</gc-op>
<heap-resize id="119" type="expand" space="default" amount="3145728" count="1" timems="0.067" reason="insufficient free space following gc" timestamp="2019-06-16T02:56:11.899" />
<gc-end id="120" type="partial gc" contextid="112" durationms="6.275" usertimems="4.000" systemtimems="0.000" timestamp="2019-06-16T02:56:11.899" activeThreads="4">
  <mem-info id="121" free="5242880" total="12582912" percent="41">
    <mem type="eden" free="1433232" total="2097152" percent="68" />
    <remembered-set count="5376" freebytes="480768" totalbytes="502272" percent="95" regionsoverflowed="0" regionsstable="0" regionsrebuilding="0"/>
  </mem-info>
</gc-end>
<cycle-end id="122" type="partial gc" contextid="112" timestamp="2019-06-16T02:56:11.899" />
  <attribute name="elasticGC enabled" value="1" />
  <attribute name= "numThreadsSpecified" value="4" />
  <attribute name="heapSize specified" value="0" />
  <attribute name="Current GC Util" value="0" />
  <attribute name= "Current Time Running" value="44263" />
  <attribute name ="GC Interval" value="0" />
  <attribute name="ProportionalT" value="-30.000000" />
  <attribute name="ProportionalI" value="-30.000000" />
  <attribute name="ProportionalH" value="-30.000000" />
  <attribute name="Current Error" value="-20.000000" />
  <attribute name="IntegralT" value="-80.000000" />
  <attribute name="IntegralI" value="-80.000000" />
  <attribute name="IntegralH" value="-80.000000" />
  <attribute name="DerivativeT" value="-10.500000" />
  <attribute name="DerivativeI" value="-10.500000" />
  <attribute name="DerivativeH" value="-10.500000" />
  <attribute name="Loop Time for DT" value="4.000000" />
  <attribute name="Output H" value="2091843584"/>
  <attribute name="Output I" value="200"/>
  <attribute name="Output T" value="4"/>
  <attribute name="Target GC Util Change" value ="20.000000" />
  <attribute name="Current GC Util Change" value="0.000000"/>
  <attribute name="GC Util currently" value="0" />
  <attribute name="CPU Util currently" value="1231969601483" />
<exclusive-end id="123" timestamp="2019-06-16T02:56:11.899" durationms="6.898" />

<exclusive-start id="124" timestamp="2019-06-16T02:56:11.933" intervalms="40.053">
  <response-info timems="0.048" idlems="0.048" threads="0" lastid="0000000001916700" lastname="main" />
</exclusive-start>
<allocation-taxation id="125" taxation-threshold="2097152" timestamp="2019-06-16T02:56:11.933" intervalms="40.079" />
<cycle-start id="126" type="global mark phase" contextid="0" timestamp="2019-06-16T02:56:11.933" intervalms="187.151" />
<gc-start id="127" type="global mark phase" contextid="126" timestamp="2019-06-16T02:56:11.933">
  <mem-info id="128" free="3145728" total="12582912" percent="25">
    <remembered-set count="5056" freebytes="482048" totalbytes="502272" percent="95" regionsoverflowed="0" regionsstable="0" regionsrebuilding="0"/>
  </mem-info>
</gc-start>
<gc-op id="129" type="mark increment" timems="0.605" contextid="126" timestamp="2019-06-16T02:56:11.933">
  <trace-info objectcount="151" scancount="0" scanbytes="0" />
</gc-op>
<gc-end id="130" type="global mark phase" contextid="126" durationms="0.717" usertimems="0.000" systemtimems="0.000" timestamp="2019-06-16T02:56:11.933" activeThreads="1">
  <mem-info id="131" free="3145728" total="12582912" percent="25">
    <remembered-set count="5056" freebytes="482048" totalbytes="502272" percent="95" regionsoverflowed="0" regionsstable="0" regionsrebuilding="0"/>
  </mem-info>
</gc-end>
<concurrent-start id="132" type="GMP work packet processing" contextid="126" timestamp="2019-06-16T02:56:11.934">
  <concurrent-mark-start scanTarget="18446744073709551615" />
</concurrent-start>
<exclusive-end id="133" timestamp="2019-06-16T02:56:11.934" durationms="1.140" />

<concurrent-end id="134" type="GMP work packet processing" contextid="126" timestamp="2019-06-16T02:56:11.937">
  <concurrent-mark-end bytesScanned="1492872" reasonForTermination="Completed all work in GC phase" />
</concurrent-end>

<exclusive-start id="135" timestamp="2019-06-16T02:56:12.011" intervalms="78.845">
  <response-info timems="0.029" idlems="0.029" threads="0" lastid="0000000001916700" lastname="main" />
</exclusive-start>
<allocation-taxation id="136" taxation-threshold="2097152" timestamp="2019-06-16T02:56:12.011" intervalms="78.824" />
<cycle-start id="137" type="partial gc" contextid="0" timestamp="2019-06-16T02:56:12.012" intervalms="118.903" />
<gc-start id="138" type="partial gc" contextid="137" timestamp="2019-06-16T02:56:12.012">
  <mem-info id="139" free="1048576" total="12582912" percent="8">
    <mem type="eden" free="751528" total="5242880" percent="14" />
    <remembered-set count="5056" freebytes="482048" totalbytes="502272" percent="95" regionsoverflowed="0" regionsstable="0" regionsrebuilding="0"/>
  </mem-info>
</gc-start>
<allocation-stats totalBytes="4146104" >
  <allocated-bytes non-tlh="1142200" tlh="3003904" arrayletleaf="0"/>
  <largest-consumer threadName="main" threadId="0000000001916700" bytes="2095824" />
</allocation-stats>
<gc-op id="140" type="copy forward" timems="2.632" contextid="137" timestamp="2019-06-16T02:56:12.015">
  <memory-copied type="eden" objects="7660" bytes="606368" bytesdiscarded="0" />
  <memory-copied type="other" objects="2713" bytes="655768" bytesdiscarded="0" />
  <memory-cardclean objects="571" bytes="46384" />
  <regions eden="4" other="2" />
  <remembered-set-cleared processed="3907" cleared="628" durationms="0.077" />
  <finalization candidates="5" enqueued="0" />
  <ownableSynchronizers candidates="3" cleared="0" />
  <references type="soft" candidates="159" cleared="0" enqueued="0" dynamicThreshold="8" maxThreshold="32" />
  <references type="weak" candidates="311" cleared="0" enqueued="0" />
  <references type="phantom" candidates="5" cleared="0" enqueued="0" />
  <stringconstants candidates="6861" cleared="0"  />
  <heap-resize type="expand" space="default" amount="1048576" count="1" timems="0.053" reason="continue current collection" />
</gc-op>
<gc-op id="141" type="classunload" timems="0.003" contextid="137" timestamp="2019-06-16T02:56:12.015">
  <classunload-info classloadercandidates="11" classloadersunloaded="0" classesunloaded="0" anonymousclassesunloaded="0" quiescems="0.000" setupms="0.003" scanms="0.000" postms="0.000" />
</gc-op>
<gc-op id="142" type="compact" timems="2.340" contextid="137" timestamp="2019-06-16T02:56:12.017">
  <compact-info movecount="0" movebytes="0" />
  <remembered-set-cleared processed="8636" cleared="628" durationms="0.085" />
</gc-op>
<gc-end id="143" type="partial gc" contextid="137" durationms="5.867" usertimems="4.000" systemtimems="0.000" timestamp="2019-06-16T02:56:12.018" activeThreads="4">
  <mem-info id="144" free="6291456" total="13631488" percent="46">
    <mem type="eden" free="442080" total="1048576" percent="42" />
    <remembered-set count="5408" freebytes="522496" totalbytes="544128" percent="96" regionsoverflowed="0" regionsstable="0" regionsrebuilding="0"/>
  </mem-info>
</gc-end>
<cycle-end id="145" type="partial gc" contextid="137" timestamp="2019-06-16T02:56:12.018" />
  <attribute name="elasticGC enabled" value="1" />
  <attribute name= "numThreadsSpecified" value="4" />
  <attribute name="heapSize specified" value="0" />
  <attribute name="Current GC Util" value="0" />
  <attribute name= "Current Time Running" value="44380" />
  <attribute name ="GC Interval" value="0" />
  <attribute name="ProportionalT" value="-30.000000" />
  <attribute name="ProportionalI" value="-30.000000" />
  <attribute name="ProportionalH" value="-30.000000" />
  <attribute name="Current Error" value="-20.000000" />
  <attribute name="IntegralT" value="-60.000000" />
  <attribute name="IntegralI" value="-60.000000" />
  <attribute name="IntegralH" value="-60.000000" />
  <attribute name="DerivativeT" value="-19.333333" />
  <attribute name="DerivativeI" value="-19.333333" />
  <attribute name="DerivativeH" value="-19.333333" />
  <attribute name="Loop Time for DT" value="3.000000" />
  <attribute name="Output H" value="2091843584"/>
  <attribute name="Output I" value="200"/>
  <attribute name="Output T" value="4"/>
  <attribute name="Target GC Util Change" value ="20.000000" />
  <attribute name="Current GC Util Change" value="0.000000"/>
  <attribute name="GC Util currently" value="0" />
  <attribute name="CPU Util currently" value="1606373968426" />
<exclusive-end id="146" timestamp="2019-06-16T02:56:12.018" durationms="6.490" />

<exclusive-start id="147" timestamp="2019-06-16T02:56:12.097" intervalms="85.609">
  <response-info timems="0.054" idlems="0.054" threads="0" lastid="0000000001916700" lastname="main" />
</exclusive-start>
<allocation-taxation id="148" taxation-threshold="3145728" timestamp="2019-06-16T02:56:12.097" intervalms="85.640" />
<gc-start id="149" type="global mark phase" contextid="126" timestamp="2019-06-16T02:56:12.097">
  <mem-info id="150" free="3145728" total="13631488" percent="23">
    <remembered-set count="5408" freebytes="522496" totalbytes="544128" percent="96" regionsoverflowed="0" regionsstable="0" regionsrebuilding="0"/>
  </mem-info>
</gc-start>
<gc-op id="151" type="mark increment" timems="1.927" contextid="126" timestamp="2019-06-16T02:56:12.099">
  <trace-info objectcount="9443" scancount="7438" scanbytes="323360" />
  <cardclean-info objects="2374" bytes="156120" />
  <finalization candidates="79" enqueued="0" />
  <ownableSynchronizers candidates="23" cleared="0" />
  <references type="soft" candidates="1021" cleared="0" enqueued="0" dynamicThreshold="14" maxThreshold="32" />
  <references type="weak" candidates="3479" cleared="8" enqueued="8" />
  <references type="phantom" candidates="101" cleared="1" enqueued="1" />
  <stringconstants candidates="7156" cleared="0"  />
</gc-op>
<gc-op id="152" type="classunload" timems="0.005" contextid="126" timestamp="2019-06-16T02:56:12.099">
  <classunload-info classloadercandidates="11" classloadersunloaded="0" classesunloaded="0" anonymousclassesunloaded="0" quiescems="0.000" setupms="0.005" scanms="0.000" postms="0.000" />
</gc-op>
<gc-end id="153" type="global mark phase" contextid="126" durationms="2.153" usertimems="4.000" systemtimems="0.000" timestamp="2019-06-16T02:56:12.099" activeThreads="4">
  <mem-info id="154" free="3145728" total="13631488" percent="23">
    <pending-finalizers system="0" default="0" reference="9" classloader="0" />
    <remembered-set count="5408" freebytes="522496" totalbytes="544128" percent="96" regionsoverflowed="0" regionsstable="0" regionsrebuilding="0"/>
  </mem-info>
</gc-end>
<cycle-end id="155" type="global mark phase" contextid="126" timestamp="2019-06-16T02:56:12.099" />
  <attribute name="elasticGC enabled" value="1" />
  <attribute name= "numThreadsSpecified" value="4" />
  <attribute name="heapSize specified" value="0" />
  <attribute name="Current GC Util" value="76" />
  <attribute name= "Current Time Running" value="44463" />
  <attribute name ="GC Interval" value="0" />
  <attribute name="ProportionalT" value="84.000000" />
  <attribute name="ProportionalI" value="84.000000" />
  <attribute name="ProportionalH" value="84.000000" />
  <attribute name="Current Error" value="56.000000" />
  <attribute name="IntegralT" value="0.000000" />
  <attribute name="IntegralI" value="0.000000" />
  <attribute name="IntegralH" value="0.000000" />
  <attribute name="DerivativeT" value="-inf" />
  <attribute name="DerivativeI" value="-inf" />
  <attribute name="DerivativeH" value="-inf" />
  <attribute name="Loop Time for DT" value="0.000000" />
  <attribute name="Output H" value="2091843584"/>
  <attribute name="Output I" value="200"/>
  <attribute name="Output T" value="4"/>
  <attribute name="Target GC Util Change" value ="20.000000" />
  <attribute name="Current GC Util Change" value="76.000000"/>
  <attribute name="GC Util currently" value="76" />
  <attribute name="CPU Util currently" value="10976833342675" />
<exclusive-end id="156" timestamp="2019-06-16T02:56:12.099" durationms="2.543" />

<exclusive-start id="157" timestamp="2019-06-16T02:56:12.171" intervalms="73.668">
  <response-info timems="0.140" idlems="0.140" threads="0" lastid="0000000001916700" lastname="main" />
</exclusive-start>
<allocation-taxation id="158" taxation-threshold="3145728" timestamp="2019-06-16T02:56:12.171" intervalms="73.654" />
<cycle-start id="159" type="partial gc" contextid="0" timestamp="2019-06-16T02:56:12.171" intervalms="159.289" />
<gc-start id="160" type="partial gc" contextid="159" timestamp="2019-06-16T02:56:12.171">
  <mem-info id="161" free="0" total="13631488" percent="0">
    <mem type="eden" free="0" total="6291456" percent="0" />
    <remembered-set count="5408" freebytes="522496" totalbytes="544128" percent="96" regionsoverflowed="0" regionsstable="0" regionsrebuilding="0"/>
  </mem-info>
</gc-start>
<allocation-stats totalBytes="6282648" >
  <allocated-bytes non-tlh="129176" tlh="6153472" arrayletleaf="0"/>
  <largest-consumer threadName="main" threadId="0000000001916700" bytes="3140168" />
</allocation-stats>
<gc-op id="162" type="sweep" timems="0.453" contextid="159" timestamp="2019-06-16T02:56:12.172" />
<gc-op id="163" type="mark" timems="1.728" contextid="159" timestamp="2019-06-16T02:56:12.174">
  <trace-info objectcount="13439" scancount="10503" scanbytes="437916" />
  <cardclean-info objects="521" bytes="24348" />
  <remembered-set-cleared processed="4722" cleared="855" durationms="0.084" />
  <references type="soft" candidates="54" cleared="0" enqueued="0" dynamicThreshold="7" maxThreshold="32" />
  <references type="weak" candidates="808" cleared="0" enqueued="0" />
  <stringconstants candidates="7354" cleared="0"  />
  <warning details="Mark invoked due to insufficient free space for Copy-Forward" />
</gc-op>
<gc-op id="164" type="classunload" timems="0.003" contextid="159" timestamp="2019-06-16T02:56:12.174">
  <classunload-info classloadercandidates="11" classloadersunloaded="0" classesunloaded="0" anonymousclassesunloaded="0" quiescems="0.000" setupms="0.002" scanms="0.000" postms="0.000" />
</gc-op>
<gc-op id="165" type="sweep" timems="0.427" contextid="159" timestamp="2019-06-16T02:56:12.174" />
<gc-op id="166" type="compact" timems="2.081" contextid="159" timestamp="2019-06-16T02:56:12.177">
  <compact-info movecount="13437" movebytes="845608" />
  <remembered-set-cleared processed="13046" cleared="5283" durationms="0.084" />
</gc-op>
<gc-end id="167" type="partial gc" contextid="159" durationms="5.841" usertimems="12.000" systemtimems="0.000" timestamp="2019-06-16T02:56:12.177" activeThreads="4">
  <mem-info id="168" free="5242880" total="13631488" percent="38">
    <mem type="eden" free="804176" total="1048576" percent="76" />
    <remembered-set count="7712" freebytes="513280" totalbytes="544128" percent="94" regionsoverflowed="0" regionsstable="0" regionsrebuilding="0"/>
  </mem-info>
</gc-end>
<cycle-end id="169" type="partial gc" contextid="159" timestamp="2019-06-16T02:56:12.177" />
  <attribute name="elasticGC enabled" value="1" />
  <attribute name= "numThreadsSpecified" value="4" />
  <attribute name="heapSize specified" value="0" />
  <attribute name="Current GC Util" value="26" />
  <attribute name= "Current Time Running" value="44540" />
  <attribute name ="GC Interval" value="0" />
  <attribute name="ProportionalT" value="9.000000" />
  <attribute name="ProportionalI" value="9.000000" />
  <attribute name="ProportionalH" value="9.000000" />
  <attribute name="Current Error" value="6.000000" />
  <attribute name="IntegralT" value="6.000000" />
  <attribute name="IntegralI" value="6.000000" />
  <attribute name="IntegralH" value="6.000000" />
  <attribute name="DerivativeT" value="6.000000" />
  <attribute name="DerivativeI" value="6.000000" />
  <attribute name="DerivativeH" value="6.000000" />
  <attribute name="Loop Time for DT" value="1.000000" />
  <attribute name="Output H" value="8388608"/>
  <attribute name="Output I" value="200"/>
  <attribute name="Output T" value="4"/>
  <attribute name="Target GC Util Change" value ="20.000000" />
  <attribute name="Current GC Util Change" value="26.000000"/>
  <attribute name="GC Util currently" value="26" />
  <attribute name="CPU Util currently" value="7636544005612" />
<exclusive-end id="170" timestamp="2019-06-16T02:56:12.177" durationms="6.458" />

<exclusive-start id="171" timestamp="2019-06-16T02:56:12.268" intervalms="97.290">
  <response-info timems="0.032" idlems="0.032" threads="0" lastid="0000000001916700" lastname="main" />
</exclusive-start>
<allocation-taxation id="172" taxation-threshold="5242880" timestamp="2019-06-16T02:56:12.268" intervalms="97.319" />
<cycle-start id="173" type="partial gc" contextid="0" timestamp="2019-06-16T02:56:12.268" intervalms="97.415" />
<gc-start id="174" type="partial gc" contextid="173" timestamp="2019-06-16T02:56:12.268">
  <mem-info id="175" free="0" total="13631488" percent="0">
    <mem type="eden" free="0" total="5242880" percent="0" />
    <remembered-set count="7232" freebytes="515200" totalbytes="544128" percent="94" regionsoverflowed="0" regionsstable="0" regionsrebuilding="0"/>
  </mem-info>
</gc-start>
<allocation-stats totalBytes="5242240" >
  <allocated-bytes non-tlh="21904" tlh="5220336" arrayletleaf="0"/>
  <largest-consumer threadName="main" threadId="0000000001916700" bytes="5242240" />
</allocation-stats>
<gc-op id="176" type="mark" timems="2.103" contextid="173" timestamp="2019-06-16T02:56:12.271">
  <trace-info objectcount="13010" scancount="11383" scanbytes="426704" />
  <cardclean-info objects="2997" bytes="147944" />
  <remembered-set-cleared processed="6190" cleared="2041" durationms="0.126" />
  <references type="weak" candidates="902" cleared="0" enqueued="0" />
  <stringconstants candidates="7477" cleared="0"  />
  <warning details="Mark invoked due to insufficient free space for Copy-Forward" />
</gc-op>
<gc-op id="177" type="classunload" timems="0.003" contextid="173" timestamp="2019-06-16T02:56:12.271">
  <classunload-info classloadercandidates="11" classloadersunloaded="0" classesunloaded="0" anonymousclassesunloaded="0" quiescems="0.000" setupms="0.002" scanms="0.000" postms="0.000" />
</gc-op>
<gc-op id="178" type="sweep" timems="0.547" contextid="173" timestamp="2019-06-16T02:56:12.272" />
<gc-op id="179" type="compact" timems="2.442" contextid="173" timestamp="2019-06-16T02:56:12.274">
  <compact-info movecount="11407" movebytes="442504" />
  <remembered-set-cleared processed="17003" cleared="8691" durationms="0.126" />
</gc-op>
<heap-resize id="180" type="expand" space="default" amount="2097152" count="1" timems="0.062" reason="insufficient free space following gc" timestamp="2019-06-16T02:56:12.275" />
<gc-end id="181" type="partial gc" contextid="173" durationms="6.266" usertimems="8.000" systemtimems="0.000" timestamp="2019-06-16T02:56:12.275" activeThreads="4">
  <mem-info id="182" free="6291456" total="15728640" percent="40">
    <mem type="eden" free="777992" total="1048576" percent="74" />
    <remembered-set count="9184" freebytes="591104" totalbytes="627840" percent="94" regionsoverflowed="0" regionsstable="0" regionsrebuilding="0"/>
  </mem-info>
</gc-end>
<cycle-end id="183" type="partial gc" contextid="173" timestamp="2019-06-16T02:56:12.275" />
  <attribute name="elasticGC enabled" value="1" />
  <attribute name= "numThreadsSpecified" value="4" />
  <attribute name="heapSize specified" value="0" />
  <attribute name="Current GC Util" value="25" />
  <attribute name= "Current Time Running" value="44637" />
  <attribute name ="GC Interval" value="0" />
  <attribute name="ProportionalT" value="7.500000" />
  <attribute name="ProportionalI" value="7.500000" />
  <attribute name="ProportionalH" value="7.500000" />
  <attribute name="Current Error" value="5.000000" />
  <attribute name="IntegralT" value="5.000000" />
  <attribute name="IntegralI" value="5.000000" />
  <attribute name="IntegralH" value="5.000000" />
  <attribute name="DerivativeT" value="5.000000" />
  <attribute name="DerivativeI" value="5.000000" />
  <attribute name="DerivativeH" value="5.000000" />
  <attribute name="Loop Time for DT" value="1.000000" />
  <attribute name="Output H" value="8388608"/>
  <attribute name="Output I" value="200"/>
  <attribute name="Output T" value="4"/>
  <attribute name="Target GC Util Change" value ="20.000000" />
  <attribute name="Current GC Util Change" value="25.000000"/>
  <attribute name="GC Util currently" value="25" />
  <attribute name="CPU Util currently" value="6296599325205" />
<exclusive-end id="184" timestamp="2019-06-16T02:56:12.275" durationms="7.017" />

<exclusive-start id="185" timestamp="2019-06-16T02:56:12.325" intervalms="57.286">
  <response-info timems="0.061" idlems="0.061" threads="0" lastid="0000000001916700" lastname="main" />
</exclusive-start>
<allocation-taxation id="186" taxation-threshold="3145728" timestamp="2019-06-16T02:56:12.325" intervalms="57.289" />
<cycle-start id="187" type="global mark phase" contextid="0" timestamp="2019-06-16T02:56:12.326" intervalms="392.787" />
<gc-start id="188" type="global mark phase" contextid="187" timestamp="2019-06-16T02:56:12.326">
  <mem-info id="189" free="3145728" total="15728640" percent="20">
    <remembered-set count="8960" freebytes="592000" totalbytes="627840" percent="94" regionsoverflowed="0" regionsstable="0" regionsrebuilding="0"/>
  </mem-info>
</gc-start>
<gc-op id="190" type="mark increment" timems="0.627" contextid="187" timestamp="2019-06-16T02:56:12.326">
  <trace-info objectcount="163" scancount="0" scanbytes="0" />
</gc-op>
<gc-end id="191" type="global mark phase" contextid="187" durationms="0.750" usertimems="0.000" systemtimems="0.000" timestamp="2019-06-16T02:56:12.326" activeThreads="1">
  <mem-info id="192" free="3145728" total="15728640" percent="20">
    <remembered-set count="8960" freebytes="592000" totalbytes="627840" percent="94" regionsoverflowed="0" regionsstable="0" regionsrebuilding="0"/>
  </mem-info>
</gc-end>
<concurrent-start id="193" type="GMP work packet processing" contextid="187" timestamp="2019-06-16T02:56:12.326">
  <concurrent-mark-start scanTarget="18446744073709551615" />
</concurrent-start>
<exclusive-end id="194" timestamp="2019-06-16T02:56:12.326" durationms="1.259" />

<concurrent-end id="195" type="GMP work packet processing" contextid="187" timestamp="2019-06-16T02:56:12.332">
  <concurrent-mark-end bytesScanned="2184948" reasonForTermination="Completed all work in GC phase" />
</concurrent-end>

<exclusive-start id="196" timestamp="2019-06-16T02:56:12.423" intervalms="98.125">
  <response-info timems="0.030" idlems="0.030" threads="0" lastid="0000000001916700" lastname="main" />
</exclusive-start>
<allocation-taxation id="197" taxation-threshold="3145728" timestamp="2019-06-16T02:56:12.423" intervalms="98.083" />
<cycle-start id="198" type="partial gc" contextid="0" timestamp="2019-06-16T02:56:12.424" intervalms="155.346" />
<gc-start id="199" type="partial gc" contextid="198" timestamp="2019-06-16T02:56:12.424">
  <mem-info id="200" free="0" total="15728640" percent="0">
    <mem type="eden" free="777992" total="7340032" percent="10" />
    <remembered-set count="8960" freebytes="592000" totalbytes="627840" percent="94" regionsoverflowed="0" regionsstable="0" regionsrebuilding="0"/>
  </mem-info>
</gc-start>
<allocation-stats totalBytes="6278200" >
  <allocated-bytes non-tlh="239760" tlh="6038440" arrayletleaf="0"/>
  <largest-consumer threadName="main" threadId="0000000001916700" bytes="3134752" />
</allocation-stats>
<gc-op id="201" type="mark" timems="2.288" contextid="198" timestamp="2019-06-16T02:56:12.427">
  <trace-info objectcount="14982" scancount="13332" scanbytes="577532" />
  <cardclean-info objects="3083" bytes="157032" />
  <remembered-set-cleared processed="7740" cleared="2088" durationms="0.121" />
  <references type="soft" candidates="73" cleared="0" enqueued="0" dynamicThreshold="6" maxThreshold="32" />
  <references type="weak" candidates="243" cleared="5" enqueued="5" />
  <references type="phantom" candidates="1" cleared="0" enqueued="0" />
  <stringconstants candidates="7795" cleared="0"  />
  <warning details="Mark invoked due to insufficient free space for Copy-Forward" />
</gc-op>
<gc-op id="202" type="classunload" timems="0.003" contextid="198" timestamp="2019-06-16T02:56:12.427">
  <classunload-info classloadercandidates="12" classloadersunloaded="0" classesunloaded="0" anonymousclassesunloaded="0" quiescems="0.000" setupms="0.003" scanms="0.000" postms="0.000" />
</gc-op>
<gc-op id="203" type="sweep" timems="0.803" contextid="198" timestamp="2019-06-16T02:56:12.428" />
<gc-op id="204" type="compact" timems="2.813" contextid="198" timestamp="2019-06-16T02:56:12.431">
  <compact-info movecount="13687" movebytes="1001904" />
  <remembered-set-cleared processed="18636" cleared="7299" durationms="0.121" />
</gc-op>
<heap-resize id="205" type="expand" space="default" amount="1048576" count="1" timems="0.053" reason="insufficient free space following gc" timestamp="2019-06-16T02:56:12.431" />
<gc-end id="206" type="partial gc" contextid="198" durationms="7.120" usertimems="8.000" systemtimems="0.000" timestamp="2019-06-16T02:56:12.431" activeThreads="4">
  <mem-info id="207" free="6291456" total="16777216" percent="37">
    <mem type="eden" free="1046800" total="2097152" percent="49" />
    <pending-finalizers system="0" default="0" reference="5" classloader="0" />
    <remembered-set count="10848" freebytes="626304" totalbytes="669696" percent="93" regionsoverflowed="0" regionsstable="0" regionsrebuilding="0"/>
  </mem-info>
</gc-end>
<cycle-end id="208" type="partial gc" contextid="198" timestamp="2019-06-16T02:56:12.431" />
  <attribute name="elasticGC enabled" value="1" />
  <attribute name= "numThreadsSpecified" value="4" />
  <attribute name="heapSize specified" value="0" />
  <attribute name="Current GC Util" value="148" />
  <attribute name= "Current Time Running" value="44793" />
  <attribute name ="GC Interval" value="0" />
  <attribute name="ProportionalT" value="192.000000" />
  <attribute name="ProportionalI" value="192.000000" />
  <attribute name="ProportionalH" value="192.000000" />
  <attribute name="Current Error" value="128.000000" />
  <attribute name="IntegralT" value="128.000000" />
  <attribute name="IntegralI" value="128.000000" />
  <attribute name="IntegralH" value="128.000000" />
  <attribute name="DerivativeT" value="128.000000" />
  <attribute name="DerivativeI" value="128.000000" />
  <attribute name="DerivativeH" value="128.000000" />
  <attribute name="Loop Time for DT" value="1.000000" />
  <attribute name="Output H" value="8388608"/>
  <attribute name="Output I" value="448"/>
  <attribute name="Output T" value="4"/>
  <attribute name="Target GC Util Change" value ="20.000000" />
  <attribute name="Current GC Util Change" value="148.000000"/>
  <attribute name="GC Util currently" value="148" />
  <attribute name="CPU Util currently" value="4744225441055" />
<exclusive-end id="209" timestamp="2019-06-16T02:56:12.431" durationms="7.842" />

<exclusive-start id="210" timestamp="2019-06-16T02:56:12.462" intervalms="38.746">
  <response-info timems="0.056" idlems="0.056" threads="0" lastid="0000000001916700" lastname="main" />
</exclusive-start>
<allocation-taxation id="211" taxation-threshold="3145728" timestamp="2019-06-16T02:56:12.462" intervalms="38.772" />
<gc-start id="212" type="global mark phase" contextid="187" timestamp="2019-06-16T02:56:12.462">
  <mem-info id="213" free="3145728" total="16777216" percent="18">
    <remembered-set count="10784" freebytes="626560" totalbytes="669696" percent="93" regionsoverflowed="0" regionsstable="0" regionsrebuilding="0"/>
  </mem-info>
</gc-start>
<gc-op id="214" type="mark increment" timems="3.478" contextid="187" timestamp="2019-06-16T02:56:12.466">
  <trace-info objectcount="19390" scancount="17222" scanbytes="722096" />
  <cardclean-info objects="1712" bytes="89088" />
  <finalization candidates="79" enqueued="0" />
  <ownableSynchronizers candidates="23" cleared="0" />
  <references type="soft" candidates="1094" cleared="0" enqueued="0" dynamicThreshold="12" maxThreshold="32" />
  <references type="weak" candidates="3837" cleared="0" enqueued="0" />
  <references type="phantom" candidates="100" cleared="0" enqueued="0" />
  <stringconstants candidates="7835" cleared="0"  />
</gc-op>
<gc-op id="215" type="classunload" timems="0.005" contextid="187" timestamp="2019-06-16T02:56:12.466">
  <classunload-info classloadercandidates="12" classloadersunloaded="0" classesunloaded="0" anonymousclassesunloaded="0" quiescems="0.000" setupms="0.004" scanms="0.000" postms="0.000" />
</gc-op>
<gc-end id="216" type="global mark phase" contextid="187" durationms="3.710" usertimems="4.000" systemtimems="0.000" timestamp="2019-06-16T02:56:12.466" activeThreads="4">
  <mem-info id="217" free="3145728" total="16777216" percent="18">
    <remembered-set count="10784" freebytes="626560" totalbytes="669696" percent="93" regionsoverflowed="0" regionsstable="0" regionsrebuilding="0"/>
  </mem-info>
</gc-end>
<cycle-end id="218" type="global mark phase" contextid="187" timestamp="2019-06-16T02:56:12.466" />
  <attribute name="elasticGC enabled" value="1" />
  <attribute name= "numThreadsSpecified" value="4" />
  <attribute name="heapSize specified" value="0" />
  <attribute name="Current GC Util" value="128" />
  <attribute name= "Current Time Running" value="44829" />
  <attribute name ="GC Interval" value="0" />
  <attribute name="ProportionalT" value="162.000000" />
  <attribute name="ProportionalI" value="162.000000" />
  <attribute name="ProportionalH" value="162.000000" />
  <attribute name="Current Error" value="108.000000" />
  <attribute name="IntegralT" value="108.000000" />
  <attribute name="IntegralI" value="108.000000" />
  <attribute name="IntegralH" value="108.000000" />
  <attribute name="DerivativeT" value="18.000000" />
  <attribute name="DerivativeI" value="18.000000" />
  <attribute name="DerivativeH" value="18.000000" />
  <attribute name="Loop Time for DT" value="1.000000" />
  <attribute name="Output H" value="8388608"/>
  <attribute name="Output I" value="288"/>
  <attribute name="Output T" value="4"/>
  <attribute name="Target GC Util Change" value ="20.000000" />
  <attribute name="Current GC Util Change" value="128.000000"/>
  <attribute name="GC Util currently" value="128" />
  <attribute name="CPU Util currently" value="4081976135489" />
<exclusive-end id="219" timestamp="2019-06-16T02:56:12.466" durationms="4.166" />

<exclusive-start id="220" timestamp="2019-06-16T02:56:12.487" intervalms="24.797">
  <response-info timems="0.060" idlems="0.060" threads="0" lastid="0000000001916700" lastname="main" />
</exclusive-start>
<allocation-taxation id="221" taxation-threshold="3145728" timestamp="2019-06-16T02:56:12.487" intervalms="24.849" />
<cycle-start id="222" type="partial gc" contextid="0" timestamp="2019-06-16T02:56:12.487" intervalms="63.668" />
<gc-start id="223" type="partial gc" contextid="222" timestamp="2019-06-16T02:56:12.487">
  <mem-info id="224" free="0" total="16777216" percent="0">
    <mem type="eden" free="0" total="6291456" percent="0" />
    <remembered-set count="10784" freebytes="626560" totalbytes="669696" percent="93" regionsoverflowed="0" regionsstable="0" regionsrebuilding="0"/>
  </mem-info>
</gc-start>
<allocation-stats totalBytes="6290800" >
  <allocated-bytes non-tlh="7328" tlh="6283472" arrayletleaf="0"/>
  <largest-consumer threadName="main" threadId="0000000001916700" bytes="3145472" />
</allocation-stats>
<gc-op id="225" type="sweep" timems="0.985" contextid="222" timestamp="2019-06-16T02:56:12.489" />
<gc-op id="226" type="mark" timems="2.410" contextid="222" timestamp="2019-06-16T02:56:12.492">
  <trace-info objectcount="17026" scancount="15235" scanbytes="649676" />
  <cardclean-info objects="1035" bytes="62556" />
  <remembered-set-cleared processed="8607" cleared="1237" durationms="0.147" />
  <references type="soft" candidates="73" cleared="0" enqueued="0" dynamicThreshold="6" maxThreshold="32" />
  <references type="weak" candidates="136" cleared="0" enqueued="0" />
  <references type="phantom" candidates="1" cleared="0" enqueued="0" />
  <stringconstants candidates="7835" cleared="0"  />
  <warning details="Mark invoked due to insufficient free space for Copy-Forward" />
</gc-op>
<gc-op id="227" type="classunload" timems="0.003" contextid="222" timestamp="2019-06-16T02:56:12.492">
  <classunload-info classloadercandidates="12" classloadersunloaded="0" classesunloaded="0" anonymousclassesunloaded="0" quiescems="0.000" setupms="0.003" scanms="0.000" postms="0.000" />
</gc-op>
<gc-op id="228" type="sweep" timems="1.100" contextid="222" timestamp="2019-06-16T02:56:12.493" />
<gc-op id="229" type="compact" timems="3.183" contextid="222" timestamp="2019-06-16T02:56:12.496">
  <compact-info movecount="16912" movebytes="1087824" />
  <remembered-set-cleared processed="20971" cleared="6209" durationms="0.147" />
</gc-op>
<heap-resize id="230" type="expand" space="default" amount="2097152" count="1" timems="0.060" reason="insufficient free space following gc" timestamp="2019-06-16T02:56:12.496" />
<gc-end id="231" type="partial gc" contextid="222" durationms="9.144" usertimems="12.000" systemtimems="0.000" timestamp="2019-06-16T02:56:12.497" activeThreads="4">
  <mem-info id="232" free="7340032" total="18874368" percent="38">
    <mem type="eden" free="686648" total="1048576" percent="65" />
    <remembered-set count="12064" freebytes="705152" totalbytes="753408" percent="93" regionsoverflowed="0" regionsstable="0" regionsrebuilding="0"/>
  </mem-info>
</gc-end>
<cycle-end id="233" type="partial gc" contextid="222" timestamp="2019-06-16T02:56:12.497" />
  <attribute name="elasticGC enabled" value="1" />
  <attribute name= "numThreadsSpecified" value="4" />
  <attribute name="heapSize specified" value="0" />
  <attribute name="Current GC Util" value="135" />
  <attribute name= "Current Time Running" value="44858" />
  <attribute name ="GC Interval" value="0" />
  <attribute name="ProportionalT" value="172.500000" />
  <attribute name="ProportionalI" value="172.500000" />
  <attribute name="ProportionalH" value="172.500000" />
  <attribute name="Current Error" value="115.000000" />
  <attribute name="IntegralT" value="115.000000" />
  <attribute name="IntegralI" value="115.000000" />
  <attribute name="IntegralH" value="115.000000" />
  <attribute name="DerivativeT" value="115.000000" />
  <attribute name="DerivativeI" value="115.000000" />
  <attribute name="DerivativeH" value="115.000000" />
  <attribute name="Loop Time for DT" value="1.000000" />
  <attribute name="Output H" value="8388608"/>
  <attribute name="Output I" value="408"/>
  <attribute name="Output T" value="4"/>
  <attribute name="Target GC Util Change" value ="20.000000" />
  <attribute name="Current GC Util Change" value="135.000000"/>
  <attribute name="GC Util currently" value="135" />
  <attribute name="CPU Util currently" value="3622523397944" />
<exclusive-end id="234" timestamp="2019-06-16T02:56:12.497" durationms="10.008" />

<exclusive-start id="235" timestamp="2019-06-16T02:56:12.625" intervalms="138.113">
  <response-info timems="0.059" idlems="0.059" threads="0" lastid="0000000001916700" lastname="main" />
</exclusive-start>
<allocation-taxation id="236" taxation-threshold="7340032" timestamp="2019-06-16T02:56:12.625" intervalms="138.088" />
<cycle-start id="237" type="partial gc" contextid="0" timestamp="2019-06-16T02:56:12.625" intervalms="138.066" />
<gc-start id="238" type="partial gc" contextid="237" timestamp="2019-06-16T02:56:12.626">
  <mem-info id="239" free="0" total="18874368" percent="0">
    <mem type="eden" free="0" total="7340032" percent="0" />
    <remembered-set count="11840" freebytes="706048" totalbytes="753408" percent="93" regionsoverflowed="0" regionsstable="0" regionsrebuilding="0"/>
  </mem-info>
</gc-start>
<allocation-stats totalBytes="7337616" >
  <allocated-bytes non-tlh="324456" tlh="7013160" arrayletleaf="0"/>
  <largest-consumer threadName="main" threadId="0000000001916700" bytes="7337616" />
</allocation-stats>
<gc-op id="240" type="mark" timems="2.732" contextid="237" timestamp="2019-06-16T02:56:12.629">
  <trace-info objectcount="22523" scancount="20228" scanbytes="800432" />
  <cardclean-info objects="2972" bytes="170048" />
  <remembered-set-cleared processed="10754" cleared="2388" durationms="0.159" />
  <references type="soft" candidates="224" cleared="0" enqueued="0" dynamicThreshold="12" maxThreshold="32" />
  <references type="weak" candidates="470" cleared="8" enqueued="7" />
  <references type="phantom" candidates="1" cleared="0" enqueued="0" />
  <stringconstants candidates="8285" cleared="0"  />
  <warning details="Mark invoked due to insufficient free space for Copy-Forward" />
</gc-op>
<gc-op id="241" type="classunload" timems="0.003" contextid="237" timestamp="2019-06-16T02:56:12.629">
  <classunload-info classloadercandidates="14" classloadersunloaded="0" classesunloaded="0" anonymousclassesunloaded="0" quiescems="0.000" setupms="0.002" scanms="0.000" postms="0.000" />
</gc-op>
<gc-op id="242" type="sweep" timems="0.957" contextid="237" timestamp="2019-06-16T02:56:12.630" />
<gc-op id="243" type="compact" timems="3.621" contextid="237" timestamp="2019-06-16T02:56:12.634">
  <compact-info movecount="18607" movebytes="1123296" />
  <remembered-set-cleared processed="27147" cleared="10392" durationms="0.159" />
</gc-op>
<heap-resize id="244" type="expand" space="default" amount="1048576" count="1" timems="0.054" reason="insufficient free space following gc" timestamp="2019-06-16T02:56:12.634" />
<gc-end id="245" type="partial gc" contextid="237" durationms="8.614" usertimems="12.000" systemtimems="0.000" timestamp="2019-06-16T02:56:12.634" activeThreads="4">
  <mem-info id="246" free="7340032" total="19922944" percent="36">
    <mem type="eden" free="136584" total="1048576" percent="13" />
    <pending-finalizers system="0" default="0" reference="7" classloader="0" />
    <remembered-set count="15104" freebytes="734848" totalbytes="795264" percent="92" regionsoverflowed="0" regionsstable="0" regionsrebuilding="0"/>
  </mem-info>
</gc-end>
<cycle-end id="247" type="partial gc" contextid="237" timestamp="2019-06-16T02:56:12.634" />
  <attribute name="elasticGC enabled" value="1" />
  <attribute name= "numThreadsSpecified" value="4" />
  <attribute name="heapSize specified" value="0" />
  <attribute name="Current GC Util" value="122" />
  <attribute name= "Current Time Running" value="44995" />
  <attribute name ="GC Interval" value="0" />
  <attribute name="ProportionalT" value="153.000000" />
  <attribute name="ProportionalI" value="153.000000" />
  <attribute name="ProportionalH" value="153.000000" />
  <attribute name="Current Error" value="102.000000" />
  <attribute name="IntegralT" value="102.000000" />
  <attribute name="IntegralI" value="102.000000" />
  <attribute name="IntegralH" value="102.000000" />
  <attribute name="DerivativeT" value="102.000000" />
  <attribute name="DerivativeI" value="102.000000" />
  <attribute name="DerivativeH" value="102.000000" />
  <attribute name="Loop Time for DT" value="1.000000" />
  <attribute name="Output H" value="8388608"/>
  <attribute name="Output I" value="360"/>
  <attribute name="Output T" value="4"/>
  <attribute name="Target GC Util Change" value ="20.000000" />
  <attribute name="Current GC Util Change" value="122.000000"/>
  <attribute name="GC Util currently" value="122" />
  <attribute name="CPU Util currently" value="4064835557021" />
<exclusive-end id="248" timestamp="2019-06-16T02:56:12.634" durationms="9.401" />

<exclusive-start id="249" timestamp="2019-06-16T02:56:12.675" intervalms="49.816">
  <response-info timems="0.062" idlems="0.062" threads="0" lastid="0000000001916700" lastname="main" />
</exclusive-start>
<allocation-taxation id="250" taxation-threshold="7340032" timestamp="2019-06-16T02:56:12.675" intervalms="49.813" />
<cycle-start id="251" type="partial gc" contextid="0" timestamp="2019-06-16T02:56:12.675" intervalms="49.730" />
<gc-start id="252" type="partial gc" contextid="251" timestamp="2019-06-16T02:56:12.675">
  <mem-info id="253" free="0" total="19922944" percent="0">
    <mem type="eden" free="0" total="7340032" percent="0" />
    <remembered-set count="14688" freebytes="736512" totalbytes="795264" percent="92" regionsoverflowed="0" regionsstable="0" regionsrebuilding="0"/>
  </mem-info>
</gc-start>
<allocation-stats totalBytes="7315248" >
  <allocated-bytes non-tlh="2552" tlh="7312696" arrayletleaf="0"/>
  <largest-consumer threadName="main" threadId="0000000001916700" bytes="7315248" />
</allocation-stats>
<gc-op id="254" type="mark" timems="2.854" contextid="251" timestamp="2019-06-16T02:56:12.679">
  <trace-info objectcount="9368" scancount="8422" scanbytes="296220" />
  <cardclean-info objects="1369" bytes="84740" />
  <remembered-set-cleared processed="12833" cleared="2488" durationms="0.125" />
  <references type="soft" candidates="224" cleared="0" enqueued="0" dynamicThreshold="11" maxThreshold="32" />
  <references type="weak" candidates="418" cleared="0" enqueued="0" />
  <stringconstants candidates="8299" cleared="0"  />
  <warning details="Mark invoked due to insufficient free space for Copy-Forward" />
</gc-op>
<gc-op id="255" type="classunload" timems="0.003" contextid="251" timestamp="2019-06-16T02:56:12.679">
  <classunload-info classloadercandidates="14" classloadersunloaded="0" classesunloaded="0" anonymousclassesunloaded="0" quiescems="0.000" setupms="0.003" scanms="0.000" postms="0.000" />
</gc-op>
<gc-op id="256" type="sweep" timems="0.793" contextid="251" timestamp="2019-06-16T02:56:12.680" />
<gc-op id="257" type="compact" timems="2.459" contextid="251" timestamp="2019-06-16T02:56:12.682">
  <compact-info movecount="5142" movebytes="234736" />
  <remembered-set-cleared processed="27807" cleared="7100" durationms="0.130" />
</gc-op>
<heap-resize id="258" type="expand" space="default" amount="3145728" count="1" timems="0.066" reason="insufficient free space following gc" timestamp="2019-06-16T02:56:12.683" />
<gc-end id="259" type="partial gc" contextid="251" durationms="7.393" usertimems="8.000" systemtimems="0.000" timestamp="2019-06-16T02:56:12.683" activeThreads="4">
  <mem-info id="260" free="9437184" total="23068672" percent="40">
    <mem type="eden" free="1012896" total="1048576" percent="96" />
    <remembered-set count="15072" freebytes="860544" totalbytes="920832" percent="93" regionsoverflowed="0" regionsstable="0" regionsrebuilding="0"/>
  </mem-info>
</gc-end>
<cycle-end id="261" type="partial gc" contextid="251" timestamp="2019-06-16T02:56:12.683" />
  <attribute name="elasticGC enabled" value="1" />
  <attribute name= "numThreadsSpecified" value="4" />
  <attribute name="heapSize specified" value="0" />
  <attribute name="Current GC Util" value="112" />
  <attribute name= "Current Time Running" value="45045" />
  <attribute name ="GC Interval" value="0" />
  <attribute name="ProportionalT" value="138.000000" />
  <attribute name="ProportionalI" value="138.000000" />
  <attribute name="ProportionalH" value="138.000000" />
  <attribute name="Current Error" value="92.000000" />
  <attribute name="IntegralT" value="92.000000" />
  <attribute name="IntegralI" value="92.000000" />
  <attribute name="IntegralH" value="92.000000" />
  <attribute name="DerivativeT" value="-13.000000" />
  <attribute name="DerivativeI" value="-13.000000" />
  <attribute name="DerivativeH" value="-13.000000" />
  <attribute name="Loop Time for DT" value="1.000000" />
  <attribute name="Output H" value="8388608"/>
  <attribute name="Output I" value="224"/>
  <attribute name="Output T" value="4"/>
  <attribute name="Target GC Util Change" value ="20.000000" />
  <attribute name="Current GC Util Change" value="112.000000"/>
  <attribute name="GC Util currently" value="112" />
  <attribute name="CPU Util currently" value="4712823199652" />
<exclusive-end id="262" timestamp="2019-06-16T02:56:12.683" durationms="8.114" />

<exclusive-start id="263" timestamp="2019-06-16T02:56:12.833" intervalms="158.412">
  <response-info timems="0.019" idlems="0.019" threads="0" lastid="0000000001916700" lastname="main" />
</exclusive-start>
<sys-start reason="explicit" id="264" timestamp="2019-06-16T02:56:12.833" intervalms="45314.324" />
<cycle-start id="265" type="global garbage collect" contextid="0" timestamp="2019-06-16T02:56:12.833" intervalms="45314.434" />
<gc-start id="266" type="global garbage collect" contextid="265" timestamp="2019-06-16T02:56:12.834">
  <mem-info id="267" free="5694528" total="23068672" percent="24">
    <mem type="eden" free="451648" total="4194304" percent="10" />
    <remembered-set count="14656" freebytes="862208" totalbytes="920832" percent="93" regionsoverflowed="0" regionsstable="0" regionsrebuilding="0"/>
  </mem-info>
</gc-start>
<allocation-stats totalBytes="3736456" >
  <allocated-bytes non-tlh="432240" tlh="3304216" arrayletleaf="0"/>
  <largest-consumer threadName="main" threadId="0000000001916700" bytes="3736456" />
</allocation-stats>
<gc-op id="268" type="global mark" timems="4.816" contextid="265" timestamp="2019-06-16T02:56:12.839">
  <trace-info objectcount="74455" scancount="60746" scanbytes="2097756" />
  <finalization candidates="79" enqueued="0" />
  <ownableSynchronizers candidates="23" cleared="0" />
  <references type="soft" candidates="1639" cleared="0" enqueued="0" dynamicThreshold="13" maxThreshold="32" />
  <references type="weak" candidates="4509" cleared="32" enqueued="30" />
  <references type="phantom" candidates="101" cleared="2" enqueued="2" />
  <stringconstants candidates="8669" cleared="15"  />
</gc-op>
<gc-op id="269" type="classunload" timems="0.322" contextid="265" timestamp="2019-06-16T02:56:12.839">
  <classunload-info classloadercandidates="17" classloadersunloaded="1" classesunloaded="1" anonymousclassesunloaded="0" quiescems="0.000" setupms="0.310" scanms="0.008" postms="0.004" />
</gc-op>
<gc-op id="270" type="sweep" timems="0.845" contextid="265" timestamp="2019-06-16T02:56:12.840" />
<gc-op id="271" type="compact" timems="8.034" contextid="265" timestamp="2019-06-16T02:56:12.848">
  <compact-info movecount="72838" movebytes="4155264" />
  <remembered-set-cleared processed="23413" cleared="23413" durationms="0.106" />
</gc-op>
<gc-end id="272" type="global garbage collect" contextid="265" durationms="14.806" usertimems="28.000" systemtimems="0.000" timestamp="2019-06-16T02:56:12.848" activeThreads="4">
  <mem-info id="273" free="8388608" total="23068672" percent="36">
    <pending-finalizers system="0" default="0" reference="32" classloader="0" />
    <remembered-set count="10752" freebytes="877824" totalbytes="920832" percent="95" regionsoverflowed="0" regionsstable="0" regionsrebuilding="0"/>
  </mem-info>
</gc-end>
<cycle-end id="274" type="global garbage collect" contextid="265" timestamp="2019-06-16T02:56:12.849" />
  <attribute name="elasticGC enabled" value="1" />
  <attribute name= "numThreadsSpecified" value="4" />
  <attribute name="heapSize specified" value="0" />
  <attribute name="Current GC Util" value="113" />
  <attribute name= "Current Time Running" value="45205" />
  <attribute name ="GC Interval" value="0" />
  <attribute name="ProportionalT" value="139.500000" />
  <attribute name="ProportionalI" value="139.500000" />
  <attribute name="ProportionalH" value="139.500000" />
  <attribute name="Current Error" value="93.000000" />
  <attribute name="IntegralT" value="93.000000" />
  <attribute name="IntegralI" value="93.000000" />
  <attribute name="IntegralH" value="93.000000" />
  <attribute name="DerivativeT" value="-45.000000" />
  <attribute name="DerivativeI" value="-45.000000" />
  <attribute name="DerivativeH" value="-45.000000" />
  <attribute name="Loop Time for DT" value="1.000000" />
  <attribute name="Output H" value="8388608"/>
  <attribute name="Output I" value="200"/>
  <attribute name="Output T" value="4"/>
  <attribute name="Target GC Util Change" value ="20.000000" />
  <attribute name="Current GC Util Change" value="113.000000"/>
  <attribute name="GC Util currently" value="113" />
  <attribute name="CPU Util currently" value="4634338660768" />
<sys-end id="275" timestamp="2019-06-16T02:56:12.849" />
<exclusive-end id="276" timestamp="2019-06-16T02:56:12.849" durationms="15.568" />

<exclusive-start id="277" timestamp="2019-06-16T02:56:12.985" intervalms="151.495">
  <response-info timems="0.038" idlems="0.038" threads="0" lastid="0000000001916700" lastname="main" />
</exclusive-start>
<allocation-taxation id="278" taxation-threshold="8388608" timestamp="2019-06-16T02:56:12.985" intervalms="309.980" />
<cycle-start id="279" type="partial gc" contextid="0" timestamp="2019-06-16T02:56:12.985" intervalms="310.069" />
<gc-start id="280" type="partial gc" contextid="279" timestamp="2019-06-16T02:56:12.985">
  <mem-info id="281" free="0" total="23068672" percent="0">
    <mem type="eden" free="0" total="8388608" percent="0" />
    <remembered-set count="10560" freebytes="878592" totalbytes="920832" percent="95" regionsoverflowed="0" regionsstable="0" regionsrebuilding="0"/>
  </mem-info>
</gc-start>
<allocation-stats totalBytes="8386680" >
  <allocated-bytes non-tlh="529840" tlh="7856840" arrayletleaf="0"/>
  <largest-consumer threadName="main" threadId="0000000001916700" bytes="8378432" />
</allocation-stats>
<gc-op id="282" type="mark" timems="2.156" contextid="279" timestamp="2019-06-16T02:56:12.988">
  <trace-info objectcount="17909" scancount="16126" scanbytes="701104" />
  <cardclean-info objects="534" bytes="23520" />
  <remembered-set-cleared processed="8724" cleared="118" durationms="0.151" />
  <references type="soft" candidates="2" cleared="0" enqueued="0" dynamicThreshold="11" maxThreshold="32" />
  <references type="weak" candidates="12" cleared="10" enqueued="10" />
  <references type="phantom" candidates="6" cleared="2" enqueued="2" />
  <stringconstants candidates="8677" cleared="0"  />
  <warning details="Mark invoked due to insufficient free space for Copy-Forward" />
</gc-op>
<gc-op id="283" type="classunload" timems="0.004" contextid="279" timestamp="2019-06-16T02:56:12.989">
  <classunload-info classloadercandidates="16" classloadersunloaded="0" classesunloaded="0" anonymousclassesunloaded="0" quiescems="0.000" setupms="0.003" scanms="0.000" postms="0.000" />
</gc-op>
<gc-op id="284" type="sweep" timems="0.998" contextid="279" timestamp="2019-06-16T02:56:12.990" />
<gc-op id="285" type="compact" timems="3.069" contextid="279" timestamp="2019-06-16T02:56:12.993">
  <compact-info movecount="17909" movebytes="1359944" />
  <remembered-set-cleared processed="20919" cleared="3694" durationms="0.151" />
</gc-op>
<heap-resize id="286" type="expand" space="default" amount="3145728" count="1" timems="0.068" reason="insufficient free space following gc" timestamp="2019-06-16T02:56:12.993" />
<gc-end id="287" type="partial gc" contextid="279" durationms="7.868" usertimems="12.000" systemtimems="0.000" timestamp="2019-06-16T02:56:12.993" activeThreads="4">
  <mem-info id="288" free="9437184" total="26214400" percent="36">
    <mem type="eden" free="730480" total="2097152" percent="34" />
    <pending-finalizers system="0" default="0" reference="12" classloader="0" />
    <remembered-set count="14080" freebytes="990080" totalbytes="1046400" percent="94" regionsoverflowed="0" regionsstable="0" regionsrebuilding="0"/>
  </mem-info>
</gc-end>
<cycle-end id="289" type="partial gc" contextid="279" timestamp="2019-06-16T02:56:12.993" />
  <attribute name="elasticGC enabled" value="1" />
  <attribute name= "numThreadsSpecified" value="4" />
  <attribute name="heapSize specified" value="0" />
  <attribute name="Current GC Util" value="137" />
  <attribute name= "Current Time Running" value="45355" />
  <attribute name ="GC Interval" value="0" />
  <attribute name="ProportionalT" value="175.500000" />
  <attribute name="ProportionalI" value="175.500000" />
  <attribute name="ProportionalH" value="175.500000" />
  <attribute name="Current Error" value="117.000000" />
  <attribute name="IntegralT" value="117.000000" />
  <attribute name="IntegralI" value="117.000000" />
  <attribute name="IntegralH" value="117.000000" />
  <attribute name="DerivativeT" value="117.000000" />
  <attribute name="DerivativeI" value="117.000000" />
  <attribute name="DerivativeH" value="117.000000" />
  <attribute name="Loop Time for DT" value="1.000000" />
  <attribute name="Output H" value="8388608"/>
  <attribute name="Output I" value="416"/>
  <attribute name="Output T" value="4"/>
  <attribute name="Target GC Util Change" value ="20.000000" />
  <attribute name="Current GC Util Change" value="137.000000"/>
  <attribute name="GC Util currently" value="137" />
  <attribute name="CPU Util currently" value="3806434743177" />
<exclusive-end id="290" timestamp="2019-06-16T02:56:12.994" durationms="8.957" />

<exclusive-start id="291" timestamp="2019-06-16T02:56:13.184" intervalms="199.628">
  <response-info timems="0.061" idlems="0.061" threads="0" lastid="0000000001916700" lastname="main" />
</exclusive-start>
<allocation-taxation id="292" taxation-threshold="9437184" timestamp="2019-06-16T02:56:13.185" intervalms="199.593" />
<cycle-start id="293" type="partial gc" contextid="0" timestamp="2019-06-16T02:56:13.185" intervalms="199.607" />
<gc-start id="294" type="partial gc" contextid="293" timestamp="2019-06-16T02:56:13.185">
  <mem-info id="295" free="0" total="26214400" percent="0">
    <mem type="eden" free="0" total="9437184" percent="0" />
    <remembered-set count="13728" freebytes="991488" totalbytes="1046400" percent="94" regionsoverflowed="0" regionsstable="0" regionsrebuilding="0"/>
  </mem-info>
</gc-start>
<allocation-stats totalBytes="9435616" >
  <allocated-bytes non-tlh="406192" tlh="9029424" arrayletleaf="0"/>
  <largest-consumer threadName="main" threadId="0000000001916700" bytes="9435616" />
</allocation-stats>
<gc-op id="296" type="mark" timems="3.021" contextid="293" timestamp="2019-06-16T02:56:13.189">
  <trace-info objectcount="16190" scancount="11920" scanbytes="396652" />
  <cardclean-info objects="741" bytes="41784" />
  <remembered-set-cleared processed="10615" cleared="2224" durationms="0.115" />
  <references type="soft" candidates="59" cleared="0" enqueued="0" dynamicThreshold="11" maxThreshold="32" />
  <references type="weak" candidates="162" cleared="18" enqueued="15" />
  <references type="phantom" candidates="4" cleared="0" enqueued="0" />
  <stringconstants candidates="10884" cleared="0"  />
  <warning details="Mark invoked due to insufficient free space for Copy-Forward" />
</gc-op>
<gc-op id="297" type="classunload" timems="0.003" contextid="293" timestamp="2019-06-16T02:56:13.189">
  <classunload-info classloadercandidates="17" classloadersunloaded="0" classesunloaded="0" anonymousclassesunloaded="0" quiescems="0.000" setupms="0.003" scanms="0.000" postms="0.000" />
</gc-op>
<gc-op id="298" type="sweep" timems="0.855" contextid="293" timestamp="2019-06-16T02:56:13.190" />
<gc-op id="299" type="compact" timems="3.286" contextid="293" timestamp="2019-06-16T02:56:13.193">
  <compact-info movecount="16190" movebytes="1245784" />
  <remembered-set-cleared processed="21809" cleared="4998" durationms="0.123" />
</gc-op>
<gc-end id="300" type="partial gc" contextid="293" durationms="8.550" usertimems="16.000" systemtimems="0.000" timestamp="2019-06-16T02:56:13.194" activeThreads="4">
  <mem-info id="301" free="9437184" total="26214400" percent="36">
    <mem type="eden" free="103008" total="1048576" percent="9" />
    <pending-finalizers system="0" default="0" reference="15" classloader="0" />
    <remembered-set count="12032" freebytes="998272" totalbytes="1046400" percent="95" regionsoverflowed="0" regionsstable="0" regionsrebuilding="0"/>
  </mem-info>
</gc-end>
<cycle-end id="302" type="partial gc" contextid="293" timestamp="2019-06-16T02:56:13.194" />
  <attribute name="elasticGC enabled" value="1" />
  <attribute name= "numThreadsSpecified" value="4" />
  <attribute name="heapSize specified" value="0" />
  <attribute name="Current GC Util" value="98" />
  <attribute name= "Current Time Running" value="45555" />
  <attribute name ="GC Interval" value="0" />
  <attribute name="ProportionalT" value="117.000000" />
  <attribute name="ProportionalI" value="117.000000" />
  <attribute name="ProportionalH" value="117.000000" />
  <attribute name="Current Error" value="78.000000" />
  <attribute name="IntegralT" value="78.000000" />
  <attribute name="IntegralI" value="78.000000" />
  <attribute name="IntegralH" value="78.000000" />
  <attribute name="DerivativeT" value="-40.000000" />
  <attribute name="DerivativeI" value="-40.000000" />
  <attribute name="DerivativeH" value="-40.000000" />
  <attribute name="Loop Time for DT" value="1.000000" />
  <attribute name="Output H" value="8388608"/>
  <attribute name="Output I" value="200"/>
  <attribute name="Output T" value="4"/>
  <attribute name="Target GC Util Change" value ="20.000000" />
  <attribute name="Current GC Util Change" value="98.000000"/>
  <attribute name="GC Util currently" value="98" />
  <attribute name="CPU Util currently" value="4209916811941" />
<exclusive-end id="303" timestamp="2019-06-16T02:56:13.194" durationms="9.588" />

<exclusive-start id="304" timestamp="2019-06-16T02:56:13.263" intervalms="78.718">
  <response-info timems="0.022" idlems="0.022" threads="0" lastid="0000000001916700" lastname="main" />
</exclusive-start>
<allocation-taxation id="305" taxation-threshold="9437184" timestamp="2019-06-16T02:56:13.263" intervalms="78.716" />
<cycle-start id="306" type="partial gc" contextid="0" timestamp="2019-06-16T02:56:13.263" intervalms="78.733" />
<gc-start id="307" type="partial gc" contextid="306" timestamp="2019-06-16T02:56:13.264">
  <mem-info id="308" free="0" total="26214400" percent="0">
    <mem type="eden" free="0" total="9437184" percent="0" />
    <remembered-set count="12032" freebytes="998272" totalbytes="1046400" percent="95" regionsoverflowed="0" regionsstable="0" regionsrebuilding="0"/>
  </mem-info>
</gc-start>
<allocation-stats totalBytes="9435848" >
  <allocated-bytes non-tlh="219656" tlh="9216192" arrayletleaf="0"/>
  <largest-consumer threadName="main" threadId="0000000001916700" bytes="9435848" />
</allocation-stats>
<gc-op id="309" type="mark" timems="2.938" contextid="306" timestamp="2019-06-16T02:56:13.268">
  <trace-info objectcount="19866" scancount="15119" scanbytes="503456" />
  <cardclean-info objects="456" bytes="39676" />
  <remembered-set-cleared processed="9584" cleared="1039" durationms="0.113" />
  <references type="soft" candidates="89" cleared="0" enqueued="0" dynamicThreshold="11" maxThreshold="32" />
  <references type="weak" candidates="150" cleared="2" enqueued="2" />
  <references type="phantom" candidates="1" cleared="0" enqueued="0" />
  <stringconstants candidates="10993" cleared="0"  />
  <warning details="Mark invoked due to insufficient free space for Copy-Forward" />
</gc-op>
<gc-op id="310" type="classunload" timems="0.004" contextid="306" timestamp="2019-06-16T02:56:13.268">
  <classunload-info classloadercandidates="18" classloadersunloaded="0" classesunloaded="0" anonymousclassesunloaded="0" quiescems="0.000" setupms="0.003" scanms="0.000" postms="0.000" />
</gc-op>
<gc-op id="311" type="sweep" timems="0.847" contextid="306" timestamp="2019-06-16T02:56:13.269" />
<gc-op id="312" type="compact" timems="3.108" contextid="306" timestamp="2019-06-16T02:56:13.272">
  <compact-info movecount="18883" movebytes="1032608" />
  <remembered-set-cleared processed="22090" cleared="4993" durationms="0.137" />
</gc-op>
<heap-resize id="313" type="expand" space="default" amount="1048576" count="1" timems="0.066" reason="insufficient free space following gc" timestamp="2019-06-16T02:56:13.272" />
<gc-end id="314" type="partial gc" contextid="306" durationms="8.700" usertimems="12.000" systemtimems="0.000" timestamp="2019-06-16T02:56:13.273" activeThreads="4">
  <mem-info id="315" free="9437184" total="27262976" percent="34">
    <mem type="eden" free="432152" total="1048576" percent="41" />
    <pending-finalizers system="0" default="0" reference="2" classloader="0" />
    <remembered-set count="12736" freebytes="1037312" totalbytes="1088256" percent="95" regionsoverflowed="0" regionsstable="0" regionsrebuilding="0"/>
  </mem-info>
</gc-end>
<cycle-end id="316" type="partial gc" contextid="306" timestamp="2019-06-16T02:56:13.273" />
  <attribute name="elasticGC enabled" value="1" />
  <attribute name= "numThreadsSpecified" value="4" />
  <attribute name="heapSize specified" value="0" />
  <attribute name="Current GC Util" value="101" />
  <attribute name= "Current Time Running" value="45634" />
  <attribute name ="GC Interval" value="0" />
  <attribute name="ProportionalT" value="121.500000" />
  <attribute name="ProportionalI" value="121.500000" />
  <attribute name="ProportionalH" value="121.500000" />
  <attribute name="Current Error" value="81.000000" />
  <attribute name="IntegralT" value="81.000000" />
  <attribute name="IntegralI" value="81.000000" />
  <attribute name="IntegralH" value="81.000000" />
  <attribute name="DerivativeT" value="-36.000000" />
  <attribute name="DerivativeI" value="-36.000000" />
  <attribute name="DerivativeH" value="-36.000000" />
  <attribute name="Loop Time for DT" value="1.000000" />
  <attribute name="Output H" value="8388608"/>
  <attribute name="Output I" value="200"/>
  <attribute name="Output T" value="4"/>
  <attribute name="Target GC Util Change" value ="20.000000" />
  <attribute name="Current GC Util Change" value="101.000000"/>
  <attribute name="GC Util currently" value="101" />
  <attribute name="CPU Util currently" value="4240821896696" />
<exclusive-end id="317" timestamp="2019-06-16T02:56:13.273" durationms="9.933" />

<exclusive-start id="318" timestamp="2019-06-16T02:56:13.388" intervalms="125.027">
  <response-info timems="0.062" idlems="0.062" threads="0" lastid="0000000001916700" lastname="main" />
</exclusive-start>
<allocation-taxation id="319" taxation-threshold="9437184" timestamp="2019-06-16T02:56:13.388" intervalms="125.039" />
<cycle-start id="320" type="partial gc" contextid="0" timestamp="2019-06-16T02:56:13.389" intervalms="125.066" />
<gc-start id="321" type="partial gc" contextid="320" timestamp="2019-06-16T02:56:13.389">
  <mem-info id="322" free="0" total="27262976" percent="0">
    <mem type="eden" free="0" total="9437184" percent="0" />
    <remembered-set count="12352" freebytes="1038848" totalbytes="1088256" percent="95" regionsoverflowed="0" regionsstable="0" regionsrebuilding="0"/>
  </mem-info>
</gc-start>
<allocation-stats totalBytes="9436048" >
  <allocated-bytes non-tlh="217744" tlh="9218304" arrayletleaf="0"/>
  <largest-consumer threadName="main" threadId="0000000001916700" bytes="9431952" />
</allocation-stats>
<gc-op id="323" type="mark" timems="2.754" contextid="320" timestamp="2019-06-16T02:56:13.392">
  <trace-info objectcount="12250" scancount="11171" scanbytes="507304" />
  <cardclean-info objects="512" bytes="31808" />
  <remembered-set-cleared processed="10563" cleared="1311" durationms="0.120" />
  <references type="soft" candidates="33" cleared="0" enqueued="0" dynamicThreshold="11" maxThreshold="32" />
  <references type="weak" candidates="24" cleared="0" enqueued="0" />
  <references type="phantom" candidates="1" cleared="0" enqueued="0" />
  <stringconstants candidates="11056" cleared="0"  />
  <warning details="Mark invoked due to insufficient free space for Copy-Forward" />
</gc-op>
<gc-op id="324" type="classunload" timems="0.004" contextid="320" timestamp="2019-06-16T02:56:13.392">
  <classunload-info classloadercandidates="19" classloadersunloaded="0" classesunloaded="0" anonymousclassesunloaded="0" quiescems="0.000" setupms="0.004" scanms="0.000" postms="0.000" />
</gc-op>
<gc-op id="325" type="sweep" timems="0.846" contextid="320" timestamp="2019-06-16T02:56:13.393" />
<gc-op id="326" type="compact" timems="2.781" contextid="320" timestamp="2019-06-16T02:56:13.397">
  <compact-info movecount="12250" movebytes="881752" />
  <remembered-set-cleared processed="22481" cleared="3909" durationms="0.133" />
</gc-op>
<heap-resize id="327" type="expand" space="default" amount="2097152" count="1" timems="0.063" reason="insufficient free space following gc" timestamp="2019-06-16T02:56:13.397" />
<gc-end id="328" type="partial gc" contextid="320" durationms="8.020" usertimems="12.000" systemtimems="0.000" timestamp="2019-06-16T02:56:13.397" activeThreads="4">
  <mem-info id="329" free="10485760" total="29360128" percent="35">
    <mem type="eden" free="206624" total="1048576" percent="19" />
    <remembered-set count="12608" freebytes="1121536" totalbytes="1171968" percent="95" regionsoverflowed="0" regionsstable="0" regionsrebuilding="0"/>
  </mem-info>
</gc-end>
<cycle-end id="330" type="partial gc" contextid="320" timestamp="2019-06-16T02:56:13.397" />
  <attribute name="elasticGC enabled" value="1" />
  <attribute name= "numThreadsSpecified" value="4" />
  <attribute name="heapSize specified" value="0" />
  <attribute name="Current GC Util" value="105" />
  <attribute name= "Current Time Running" value="45759" />
  <attribute name ="GC Interval" value="0" />
  <attribute name="ProportionalT" value="127.500000" />
  <attribute name="ProportionalI" value="127.500000" />
  <attribute name="ProportionalH" value="127.500000" />
  <attribute name="Current Error" value="85.000000" />
  <attribute name="IntegralT" value="85.000000" />
  <attribute name="IntegralI" value="85.000000" />
  <attribute name="IntegralH" value="85.000000" />
  <attribute name="DerivativeT" value="-15.000000" />
  <attribute name="DerivativeI" value="-15.000000" />
  <attribute name="DerivativeH" value="-15.000000" />
  <attribute name="Loop Time for DT" value="1.000000" />
  <attribute name="Output H" value="8388608"/>
  <attribute name="Output I" value="200"/>
  <attribute name="Output T" value="4"/>
  <attribute name="Target GC Util Change" value ="20.000000" />
  <attribute name="Current GC Util Change" value="105.000000"/>
  <attribute name="GC Util currently" value="105" />
  <attribute name="CPU Util currently" value="4257221256096" />
<exclusive-end id="331" timestamp="2019-06-16T02:56:13.397" durationms="9.118" />

<exclusive-start id="332" timestamp="2019-06-16T02:56:13.475" intervalms="87.132">
  <response-info timems="0.067" idlems="0.067" threads="0" lastid="0000000001916700" lastname="main" />
</exclusive-start>
<allocation-taxation id="333" taxation-threshold="10485760" timestamp="2019-06-16T02:56:13.475" intervalms="87.058" />
<cycle-start id="334" type="partial gc" contextid="0" timestamp="2019-06-16T02:56:13.475" intervalms="86.934" />
<gc-start id="335" type="partial gc" contextid="334" timestamp="2019-06-16T02:56:13.476">
  <mem-info id="336" free="0" total="29360128" percent="0">
    <mem type="eden" free="0" total="10485760" percent="0" />
    <remembered-set count="12416" freebytes="1122304" totalbytes="1171968" percent="95" regionsoverflowed="0" regionsstable="0" regionsrebuilding="0"/>
  </mem-info>
</gc-start>
<allocation-stats totalBytes="10484456" >
  <allocated-bytes non-tlh="203784" tlh="10280672" arrayletleaf="0"/>
  <largest-consumer threadName="main" threadId="0000000001916700" bytes="10484456" />
</allocation-stats>
<gc-op id="337" type="mark" timems="1.455" contextid="334" timestamp="2019-06-16T02:56:13.478">
  <trace-info objectcount="2353" scancount="2173" scanbytes="107308" />
  <cardclean-info objects="376" bytes="18084" />
  <remembered-set-cleared processed="10873" cleared="1398" durationms="0.169" />
  <references type="soft" candidates="11" cleared="0" enqueued="0" dynamicThreshold="11" maxThreshold="32" />
  <references type="weak" candidates="22" cleared="0" enqueued="0" />
  <references type="phantom" candidates="1" cleared="0" enqueued="0" />
  <stringconstants candidates="11120" cleared="0"  />
  <warning details="Mark invoked due to insufficient free space for Copy-Forward" />
</gc-op>
<gc-op id="338" type="classunload" timems="0.004" contextid="334" timestamp="2019-06-16T02:56:13.478">
  <classunload-info classloadercandidates="20" classloadersunloaded="0" classesunloaded="0" anonymousclassesunloaded="0" quiescems="0.000" setupms="0.003" scanms="0.000" postms="0.000" />
</gc-op>
<gc-op id="339" type="sweep" timems="0.845" contextid="334" timestamp="2019-06-16T02:56:13.479" />
<gc-op id="340" type="compact" timems="2.110" contextid="334" timestamp="2019-06-16T02:56:13.481">
  <compact-info movecount="2123" movebytes="362272" />
  <remembered-set-cleared processed="21022" cleared="2037" durationms="0.169" />
</gc-op>
<heap-resize id="341" type="expand" space="default" amount="1048576" count="1" timems="0.058" reason="insufficient free space following gc" timestamp="2019-06-16T02:56:13.481" />
<gc-end id="342" type="partial gc" contextid="334" durationms="5.888" usertimems="8.000" systemtimems="0.000" timestamp="2019-06-16T02:56:13.482" activeThreads="4">
  <mem-info id="343" free="10485760" total="30408704" percent="34">
    <mem type="eden" free="707192" total="1048576" percent="67" />
    <remembered-set count="12800" freebytes="1162624" totalbytes="1213824" percent="95" regionsoverflowed="0" regionsstable="0" regionsrebuilding="0"/>
  </mem-info>
</gc-end>
<cycle-end id="344" type="partial gc" contextid="334" timestamp="2019-06-16T02:56:13.482" />
  <attribute name="elasticGC enabled" value="1" />
  <attribute name= "numThreadsSpecified" value="4" />
  <attribute name="heapSize specified" value="0" />
  <attribute name="Current GC Util" value="126" />
  <attribute name= "Current Time Running" value="45844" />
  <attribute name ="GC Interval" value="0" />
  <attribute name="ProportionalT" value="159.000000" />
  <attribute name="ProportionalI" value="159.000000" />
  <attribute name="ProportionalH" value="159.000000" />
  <attribute name="Current Error" value="106.000000" />
  <attribute name="IntegralT" value="106.000000" />
  <attribute name="IntegralI" value="106.000000" />
  <attribute name="IntegralH" value="106.000000" />
  <attribute name="DerivativeT" value="106.000000" />
  <attribute name="DerivativeI" value="106.000000" />
  <attribute name="DerivativeH" value="106.000000" />
  <attribute name="Loop Time for DT" value="1.000000" />
  <attribute name="Output H" value="8388608"/>
  <attribute name="Output I" value="376"/>
  <attribute name="Output T" value="4"/>
  <attribute name="Target GC Util Change" value ="20.000000" />
  <attribute name="Current GC Util Change" value="126.000000"/>
  <attribute name="GC Util currently" value="126" />
  <attribute name="CPU Util currently" value="4386438032434" />
<exclusive-end id="345" timestamp="2019-06-16T02:56:13.482" durationms="6.709" />

<exclusive-start id="346" timestamp="2019-06-16T02:56:13.541" intervalms="65.601">
  <response-info timems="0.061" idlems="0.061" threads="0" lastid="0000000001916700" lastname="main" />
</exclusive-start>
<allocation-taxation id="347" taxation-threshold="10485760" timestamp="2019-06-16T02:56:13.541" intervalms="65.674" />
<cycle-start id="348" type="partial gc" contextid="0" timestamp="2019-06-16T02:56:13.541" intervalms="65.773" />
<gc-start id="349" type="partial gc" contextid="348" timestamp="2019-06-16T02:56:13.542">
  <mem-info id="350" free="0" total="30408704" percent="0">
    <mem type="eden" free="0" total="10485760" percent="0" />
    <remembered-set count="12608" freebytes="1163392" totalbytes="1213824" percent="95" regionsoverflowed="0" regionsstable="0" regionsrebuilding="0"/>
  </mem-info>
</gc-start>
<allocation-stats totalBytes="10484248" >
  <allocated-bytes non-tlh="213320" tlh="10270928" arrayletleaf="0"/>
  <largest-consumer threadName="main" threadId="0000000001916700" bytes="10484248" />
</allocation-stats>
<gc-op id="351" type="mark" timems="2.206" contextid="348" timestamp="2019-06-16T02:56:13.545">
  <trace-info objectcount="15719" scancount="14283" scanbytes="662132" />
  <cardclean-info objects="436" bytes="28024" />
  <remembered-set-cleared processed="10024" cleared="393" durationms="0.181" />
  <references type="soft" candidates="11" cleared="0" enqueued="0" dynamicThreshold="11" maxThreshold="32" />
  <references type="weak" candidates="211" cleared="0" enqueued="0" />
  <references type="phantom" candidates="1" cleared="0" enqueued="0" />
  <stringconstants candidates="11306" cleared="0"  />
  <warning details="Mark invoked due to insufficient free space for Copy-Forward" />
</gc-op>
<gc-op id="352" type="classunload" timems="0.004" contextid="348" timestamp="2019-06-16T02:56:13.545">
  <classunload-info classloadercandidates="21" classloadersunloaded="0" classesunloaded="0" anonymousclassesunloaded="0" quiescems="0.000" setupms="0.003" scanms="0.000" postms="0.000" />
</gc-op>
<gc-op id="353" type="sweep" timems="0.860" contextid="348" timestamp="2019-06-16T02:56:13.546" />
<gc-op id="354" type="compact" timems="3.149" contextid="348" timestamp="2019-06-16T02:56:13.549">
  <compact-info movecount="15661" movebytes="1022800" />
  <remembered-set-cleared processed="22607" cleared="3315" durationms="0.181" />
</gc-op>
<heap-resize id="355" type="expand" space="default" amount="2097152" count="1" timems="0.062" reason="insufficient free space following gc" timestamp="2019-06-16T02:56:13.549" />
<gc-end id="356" type="partial gc" contextid="348" durationms="7.884" usertimems="12.000" systemtimems="0.000" timestamp="2019-06-16T02:56:13.549" activeThreads="4">
  <mem-info id="357" free="11534336" total="32505856" percent="35">
    <mem type="eden" free="37368" total="1048576" percent="3" />
    <remembered-set count="13568" freebytes="1243264" totalbytes="1297536" percent="95" regionsoverflowed="0" regionsstable="0" regionsrebuilding="0"/>
  </mem-info>
</gc-end>
<cycle-end id="358" type="partial gc" contextid="348" timestamp="2019-06-16T02:56:13.550" />
  <attribute name="elasticGC enabled" value="1" />
  <attribute name= "numThreadsSpecified" value="4" />
  <attribute name="heapSize specified" value="0" />
  <attribute name="Current GC Util" value="124" />
  <attribute name= "Current Time Running" value="45911" />
  <attribute name ="GC Interval" value="0" />
  <attribute name="ProportionalT" value="156.000000" />
  <attribute name="ProportionalI" value="156.000000" />
  <attribute name="ProportionalH" value="156.000000" />
  <attribute name="Current Error" value="104.000000" />
  <attribute name="IntegralT" value="104.000000" />
  <attribute name="IntegralI" value="104.000000" />
  <attribute name="IntegralH" value="104.000000" />
  <attribute name="DerivativeT" value="104.000000" />
  <attribute name="DerivativeI" value="104.000000" />
  <attribute name="DerivativeH" value="104.000000" />
  <attribute name="Loop Time for DT" value="1.000000" />
  <attribute name="Output H" value="8388608"/>
  <attribute name="Output I" value="368"/>
  <attribute name="Output T" value="4"/>
  <attribute name="Target GC Util Change" value ="20.000000" />
  <attribute name="Current GC Util Change" value="124.000000"/>
  <attribute name="GC Util currently" value="124" />
  <attribute name="CPU Util currently" value="4298297165547" />
<exclusive-end id="359" timestamp="2019-06-16T02:56:13.550" durationms="8.979" />

<exclusive-start id="360" timestamp="2019-06-16T02:56:13.574" intervalms="33.294">
  <response-info timems="0.070" idlems="0.070" threads="0" lastid="0000000001916700" lastname="main" />
</exclusive-start>
<allocation-taxation id="361" taxation-threshold="11534336" timestamp="2019-06-16T02:56:13.574" intervalms="33.333" />
<cycle-start id="362" type="partial gc" contextid="0" timestamp="2019-06-16T02:56:13.575" intervalms="33.327" />
<gc-start id="363" type="partial gc" contextid="362" timestamp="2019-06-16T02:56:13.575">
  <mem-info id="364" free="0" total="32505856" percent="0">
    <mem type="eden" free="0" total="11534336" percent="0" />
    <remembered-set count="13184" freebytes="1244800" totalbytes="1297536" percent="95" regionsoverflowed="0" regionsstable="0" regionsrebuilding="0"/>
  </mem-info>
</gc-start>
<allocation-stats totalBytes="11533272" >
  <allocated-bytes non-tlh="0" tlh="11533272" arrayletleaf="0"/>
  <largest-consumer threadName="main" threadId="0000000001916700" bytes="11533272" />
</allocation-stats>
<gc-op id="365" type="mark" timems="3.268" contextid="362" timestamp="2019-06-16T02:56:13.579">
  <trace-info objectcount="31311" scancount="28185" scanbytes="1194812" />
  <cardclean-info objects="168" bytes="18924" />
  <remembered-set-cleared processed="11318" cleared="1442" durationms="0.119" />
  <references type="soft" candidates="1" cleared="0" enqueued="0" dynamicThreshold="11" maxThreshold="32" />
  <references type="weak" candidates="209" cleared="0" enqueued="0" />
  <references type="phantom" candidates="1" cleared="0" enqueued="0" />
  <stringconstants candidates="11306" cleared="0"  />
  <warning details="Mark invoked due to insufficient free space for Copy-Forward" />
</gc-op>
<gc-op id="366" type="classunload" timems="0.004" contextid="362" timestamp="2019-06-16T02:56:13.579">
  <classunload-info classloadercandidates="21" classloadersunloaded="0" classesunloaded="0" anonymousclassesunloaded="0" quiescems="0.000" setupms="0.004" scanms="0.000" postms="0.000" />
</gc-op>
<gc-op id="367" type="sweep" timems="0.865" contextid="362" timestamp="2019-06-16T02:56:13.580" />
<gc-op id="368" type="compact" timems="3.830" contextid="362" timestamp="2019-06-16T02:56:13.584">
  <compact-info movecount="30831" movebytes="1576384" />
  <remembered-set-cleared processed="28066" cleared="8314" durationms="0.150" />
</gc-op>
<heap-resize id="369" type="expand" space="default" amount="1048576" count="1" timems="0.054" reason="insufficient free space following gc" timestamp="2019-06-16T02:56:13.584" />
<gc-end id="370" type="partial gc" contextid="362" durationms="9.603" usertimems="16.000" systemtimems="0.000" timestamp="2019-06-16T02:56:13.585" activeThreads="4">
  <mem-info id="371" free="11534336" total="33554432" percent="34">
    <mem type="eden" free="457000" total="1048576" percent="43" />
    <remembered-set count="17984" freebytes="1267456" totalbytes="1339392" percent="94" regionsoverflowed="0" regionsstable="0" regionsrebuilding="0"/>
  </mem-info>
</gc-end>
<cycle-end id="372" type="partial gc" contextid="362" timestamp="2019-06-16T02:56:13.585" />
  <attribute name="elasticGC enabled" value="1" />
  <attribute name= "numThreadsSpecified" value="4" />
  <attribute name="heapSize specified" value="0" />
  <attribute name="Current GC Util" value="103" />
  <attribute name= "Current Time Running" value="45945" />
  <attribute name ="GC Interval" value="0" />
  <attribute name="ProportionalT" value="124.500000" />
  <attribute name="ProportionalI" value="124.500000" />
  <attribute name="ProportionalH" value="124.500000" />
  <attribute name="Current Error" value="83.000000" />
  <attribute name="IntegralT" value="83.000000" />
  <attribute name="IntegralI" value="83.000000" />
  <attribute name="IntegralH" value="83.000000" />
  <attribute name="DerivativeT" value="-31.000000" />
  <attribute name="DerivativeI" value="-31.000000" />
  <attribute name="DerivativeH" value="-31.000000" />
  <attribute name="Loop Time for DT" value="1.000000" />
  <attribute name="Output H" value="8388608"/>
  <attribute name="Output I" value="200"/>
  <attribute name="Output T" value="4"/>
  <attribute name="Target GC Util Change" value ="20.000000" />
  <attribute name="Current GC Util Change" value="103.000000"/>
  <attribute name="GC Util currently" value="103" />
  <attribute name="CPU Util currently" value="4267021607897" />
<exclusive-end id="373" timestamp="2019-06-16T02:56:13.585" durationms="10.763" />

<exclusive-start id="374" timestamp="2019-06-16T02:56:13.839" intervalms="265.112">
  <response-info timems="0.027" idlems="0.027" threads="0" lastid="0000000001916700" lastname="main" />
</exclusive-start>
<allocation-taxation id="375" taxation-threshold="11534336" timestamp="2019-06-16T02:56:13.839" intervalms="264.975" />
<cycle-start id="376" type="partial gc" contextid="0" timestamp="2019-06-16T02:56:13.839" intervalms="264.854" />
<gc-start id="377" type="partial gc" contextid="376" timestamp="2019-06-16T02:56:13.840">
  <mem-info id="378" free="0" total="33554432" percent="0">
    <mem type="eden" free="0" total="11534336" percent="0" />
    <remembered-set count="17984" freebytes="1267456" totalbytes="1339392" percent="94" regionsoverflowed="0" regionsstable="0" regionsrebuilding="0"/>
  </mem-info>
</gc-start>
<allocation-stats totalBytes="11528384" >
  <allocated-bytes non-tlh="438464" tlh="11089920" arrayletleaf="0"/>
  <largest-consumer threadName="main" threadId="0000000001916700" bytes="11528384" />
</allocation-stats>
<gc-op id="379" type="mark" timems="2.629" contextid="376" timestamp="2019-06-16T02:56:13.843">
  <trace-info objectcount="20021" scancount="17843" scanbytes="672512" />
  <cardclean-info objects="3702" bytes="172800" />
  <remembered-set-cleared processed="14791" cleared="4250" durationms="0.208" />
  <finalization candidates="1" enqueued="1" />
  <references type="soft" candidates="25" cleared="0" enqueued="0" dynamicThreshold="11" maxThreshold="32" />
  <references type="weak" candidates="423" cleared="13" enqueued="13" />
  <references type="phantom" candidates="1" cleared="0" enqueued="0" />
  <stringconstants candidates="11656" cleared="0"  />
  <warning details="Mark invoked due to insufficient free space for Copy-Forward" />
</gc-op>
<gc-op id="380" type="classunload" timems="0.003" contextid="376" timestamp="2019-06-16T02:56:13.843">
  <classunload-info classloadercandidates="26" classloadersunloaded="0" classesunloaded="0" anonymousclassesunloaded="0" quiescems="0.000" setupms="0.003" scanms="0.000" postms="0.000" />
</gc-op>
<gc-op id="381" type="sweep" timems="0.857" contextid="376" timestamp="2019-06-16T02:56:13.844" />
<gc-op id="382" type="compact" timems="2.942" contextid="376" timestamp="2019-06-16T02:56:13.847">
  <compact-info movecount="8515" movebytes="405648" />
  <remembered-set-cleared processed="34042" cleared="12817" durationms="0.208" />
</gc-op>
<heap-resize id="383" type="expand" space="default" amount="3145728" count="1" timems="0.069" reason="insufficient free space following gc" timestamp="2019-06-16T02:56:13.847" />
<gc-end id="384" type="partial gc" contextid="376" durationms="7.872" usertimems="8.000" systemtimems="0.000" timestamp="2019-06-16T02:56:13.847" activeThreads="4">
  <mem-info id="385" free="13631488" total="36700160" percent="37">
    <mem type="eden" free="811016" total="1048576" percent="77" />
    <pending-finalizers system="0" default="1" reference="13" classloader="0" />
    <remembered-set count="19360" freebytes="1387520" totalbytes="1464960" percent="94" regionsoverflowed="0" regionsstable="0" regionsrebuilding="0"/>
  </mem-info>
</gc-end>
<cycle-end id="386" type="partial gc" contextid="376" timestamp="2019-06-16T02:56:13.848" />
  <attribute name="elasticGC enabled" value="1" />
  <attribute name= "numThreadsSpecified" value="4" />
  <attribute name="heapSize specified" value="0" />
  <attribute name="Current GC Util" value="125" />
  <attribute name= "Current Time Running" value="46209" />
  <attribute name ="GC Interval" value="0" />
  <attribute name="ProportionalT" value="157.500000" />
  <attribute name="ProportionalI" value="157.500000" />
  <attribute name="ProportionalH" value="157.500000" />
  <attribute name="Current Error" value="105.000000" />
  <attribute name="IntegralT" value="105.000000" />
  <attribute name="IntegralI" value="105.000000" />
  <attribute name="IntegralH" value="105.000000" />
  <attribute name="DerivativeT" value="105.000000" />
  <attribute name="DerivativeI" value="105.000000" />
  <attribute name="DerivativeH" value="105.000000" />
  <attribute name="Loop Time for DT" value="1.000000" />
  <attribute name="Output H" value="8388608"/>
  <attribute name="Output I" value="368"/>
  <attribute name="Output T" value="4"/>
  <attribute name="Target GC Util Change" value ="20.000000" />
  <attribute name="Current GC Util Change" value="125.000000"/>
  <attribute name="GC Util currently" value="125" />
  <attribute name="CPU Util currently" value="4307985927076" />
<exclusive-end id="387" timestamp="2019-06-16T02:56:13.848" durationms="8.738" />

<exclusive-start id="388" timestamp="2019-06-16T02:56:14.030" intervalms="190.447">
  <response-info timems="0.087" idlems="0.087" threads="0" lastid="0000000001916700" lastname="main" />
</exclusive-start>
<allocation-taxation id="389" taxation-threshold="13631488" timestamp="2019-06-16T02:56:14.030" intervalms="190.777" />
<cycle-start id="390" type="partial gc" contextid="0" timestamp="2019-06-16T02:56:14.031" intervalms="191.146" />
<gc-start id="391" type="partial gc" contextid="390" timestamp="2019-06-16T02:56:14.031">
  <mem-info id="392" free="0" total="36700160" percent="0">
    <mem type="eden" free="0" total="13631488" percent="0" />
    <remembered-set count="19360" freebytes="1387520" totalbytes="1464960" percent="94" regionsoverflowed="0" regionsstable="0" regionsrebuilding="0"/>
  </mem-info>
</gc-start>
<allocation-stats totalBytes="13609120" >
  <allocated-bytes non-tlh="882136" tlh="12726984" arrayletleaf="0"/>
  <largest-consumer threadName="main" threadId="0000000001916700" bytes="13600808" />
</allocation-stats>
<gc-op id="393" type="mark" timems="7.793" contextid="390" timestamp="2019-06-16T02:56:14.042">
  <trace-info objectcount="6580" scancount="5921" scanbytes="237528" />
  <cardclean-info objects="1265" bytes="76604" />
  <remembered-set-cleared processed="16441" cleared="2042" durationms="0.550" />
  <references type="soft" candidates="50" cleared="0" enqueued="0" dynamicThreshold="11" maxThreshold="32" />
  <references type="weak" candidates="420" cleared="2" enqueued="2" />
  <references type="phantom" candidates="2" cleared="0" enqueued="0" />
  <stringconstants candidates="11782" cleared="6"  />
  <warning details="Mark invoked due to insufficient free space for Copy-Forward" />
</gc-op>
<gc-op id="394" type="classunload" timems="0.703" contextid="390" timestamp="2019-06-16T02:56:14.042">
  <classunload-info classloadercandidates="28" classloadersunloaded="1" classesunloaded="1" anonymousclassesunloaded="0" quiescems="0.000" setupms="0.678" scanms="0.016" postms="0.008" />
</gc-op>
<gc-op id="395" type="sweep" timems="1.754" contextid="390" timestamp="2019-06-16T02:56:14.045" />
<gc-op id="396" type="compact" timems="4.729" contextid="390" timestamp="2019-06-16T02:56:14.050">
  <compact-info movecount="5472" movebytes="823080" />
  <remembered-set-cleared processed="34924" cleared="6125" durationms="0.550" />
</gc-op>
<heap-resize id="397" type="expand" space="default" amount="1048576" count="1" timems="0.092" reason="insufficient free space following gc" timestamp="2019-06-16T02:56:14.050" />
<gc-end id="398" type="partial gc" contextid="390" durationms="19.512" usertimems="28.000" systemtimems="0.000" timestamp="2019-06-16T02:56:14.051" activeThreads="4">
  <mem-info id="399" free="13631488" total="37748736" percent="36">
    <mem type="eden" free="374624" total="1048576" percent="35" />
    <pending-finalizers system="0" default="0" reference="2" classloader="0" />
    <remembered-set count="20000" freebytes="1426816" totalbytes="1506816" percent="94" regionsoverflowed="0" regionsstable="0" regionsrebuilding="0"/>
  </mem-info>
</gc-end>
<cycle-end id="400" type="partial gc" contextid="390" timestamp="2019-06-16T02:56:14.051" />
  <attribute name="elasticGC enabled" value="1" />
  <attribute name= "numThreadsSpecified" value="4" />
  <attribute name="heapSize specified" value="0" />
  <attribute name="Current GC Util" value="101" />
  <attribute name= "Current Time Running" value="46410" />
  <attribute name ="GC Interval" value="0" />
  <attribute name="ProportionalT" value="121.500000" />
  <attribute name="ProportionalI" value="121.500000" />
  <attribute name="ProportionalH" value="121.500000" />
  <attribute name="Current Error" value="81.000000" />
  <attribute name="IntegralT" value="162.000000" />
  <attribute name="IntegralI" value="162.000000" />
  <attribute name="IntegralH" value="162.000000" />
  <attribute name="DerivativeT" value="-7.500000" />
  <attribute name="DerivativeI" value="-7.500000" />
  <attribute name="DerivativeH" value="-7.500000" />
  <attribute name="Loop Time for DT" value="2.000000" />
  <attribute name="Output H" value="8388608"/>
  <attribute name="Output I" value="280"/>
  <attribute name="Output T" value="4"/>
  <attribute name="Target GC Util Change" value ="20.000000" />
  <attribute name="Current GC Util Change" value="101.000000"/>
  <attribute name="GC Util currently" value="101" />
  <attribute name="CPU Util currently" value="2077557834054" />
<exclusive-end id="401" timestamp="2019-06-16T02:56:14.051" durationms="21.744" />

<exclusive-start id="402" timestamp="2019-06-16T02:56:14.147" intervalms="117.792">
  <response-info timems="0.024" idlems="0.024" threads="0" lastid="0000000001916700" lastname="main" />
</exclusive-start>
<allocation-taxation id="403" taxation-threshold="13631488" timestamp="2019-06-16T02:56:14.148" intervalms="117.486" />
<cycle-start id="404" type="partial gc" contextid="0" timestamp="2019-06-16T02:56:14.148" intervalms="117.137" />
<gc-start id="405" type="partial gc" contextid="404" timestamp="2019-06-16T02:56:14.148">
  <mem-info id="406" free="0" total="37748736" percent="0">
    <mem type="eden" free="374624" total="14680064" percent="2" />
    <remembered-set count="19552" freebytes="1428608" totalbytes="1506816" percent="94" regionsoverflowed="0" regionsstable="0" regionsrebuilding="0"/>
  </mem-info>
</gc-start>
<allocation-stats totalBytes="13628680" >
  <allocated-bytes non-tlh="300712" tlh="13327968" arrayletleaf="0"/>
  <largest-consumer threadName="main" threadId="0000000001916700" bytes="13628680" />
</allocation-stats>
<gc-op id="407" type="mark" timems="1.537" contextid="404" timestamp="2019-06-16T02:56:14.150">
  <trace-info objectcount="5386" scancount="4947" scanbytes="198048" />
  <cardclean-info objects="483" bytes="29988" />
  <remembered-set-cleared processed="16969" cleared="527" durationms="0.213" />
  <references type="soft" candidates="115" cleared="0" enqueued="0" dynamicThreshold="11" maxThreshold="32" />
  <references type="weak" candidates="207" cleared="7" enqueued="7" />
  <references type="phantom" candidates="1" cleared="0" enqueued="0" />
  <stringconstants candidates="11957" cleared="1"  />
  <warning details="Mark invoked due to insufficient free space for Copy-Forward" />
</gc-op>
<gc-op id="408" type="classunload" timems="0.003" contextid="404" timestamp="2019-06-16T02:56:14.150">
  <classunload-info classloadercandidates="28" classloadersunloaded="0" classesunloaded="0" anonymousclassesunloaded="0" quiescems="0.000" setupms="0.003" scanms="0.000" postms="0.000" />
</gc-op>
<gc-op id="409" type="sweep" timems="0.845" contextid="404" timestamp="2019-06-16T02:56:14.151" />
<gc-op id="410" type="compact" timems="3.479" contextid="404" timestamp="2019-06-16T02:56:14.155">
  <compact-info movecount="5261" movebytes="506200" />
  <remembered-set-cleared processed="35554" cleared="2643" durationms="0.213" />
</gc-op>
<gc-end id="411" type="partial gc" contextid="404" durationms="7.302" usertimems="8.000" systemtimems="0.000" timestamp="2019-06-16T02:56:14.155" activeThreads="4">
  <mem-info id="412" free="12582912" total="37748736" percent="33">
    <mem type="eden" free="1583400" total="2097152" percent="75" />
    <pending-finalizers system="0" default="0" reference="7" classloader="0" />
    <remembered-set count="20576" freebytes="1424512" totalbytes="1506816" percent="94" regionsoverflowed="0" regionsstable="0" regionsrebuilding="0"/>
  </mem-info>
</gc-end>
<cycle-end id="413" type="partial gc" contextid="404" timestamp="2019-06-16T02:56:14.155" />
  <attribute name="elasticGC enabled" value="1" />
  <attribute name= "numThreadsSpecified" value="4" />
  <attribute name="heapSize specified" value="0" />
  <attribute name="Current GC Util" value="45" />
  <attribute name= "Current Time Running" value="46517" />
  <attribute name ="GC Interval" value="0" />
  <attribute name="ProportionalT" value="37.500000" />
  <attribute name="ProportionalI" value="37.500000" />
  <attribute name="ProportionalH" value="37.500000" />
  <attribute name="Current Error" value="25.000000" />
  <attribute name="IntegralT" value="50.000000" />
  <attribute name="IntegralI" value="50.000000" />
  <attribute name="IntegralH" value="50.000000" />
  <attribute name="DerivativeT" value="12.500000" />
  <attribute name="DerivativeI" value="12.500000" />
  <attribute name="DerivativeH" value="12.500000" />
  <attribute name="Loop Time for DT" value="2.000000" />
  <attribute name="Output H" value="8388608"/>
  <attribute name="Output I" value="200"/>
  <attribute name="Output T" value="4"/>
  <attribute name="Target GC Util Change" value ="20.000000" />
  <attribute name="Current GC Util Change" value="45.000000"/>
  <attribute name="GC Util currently" value="45" />
  <attribute name="CPU Util currently" value="4370930772150" />
<exclusive-end id="414" timestamp="2019-06-16T02:56:14.156" durationms="8.071" />

<exclusive-start id="415" timestamp="2019-06-16T02:56:14.343" intervalms="195.835">
  <response-info timems="0.056" idlems="0.056" threads="0" lastid="0000000001916700" lastname="main" />
</exclusive-start>
<allocation-taxation id="416" taxation-threshold="12582912" timestamp="2019-06-16T02:56:14.343" intervalms="195.843" />
<cycle-start id="417" type="partial gc" contextid="0" timestamp="2019-06-16T02:56:14.344" intervalms="195.864" />
<gc-start id="418" type="partial gc" contextid="417" timestamp="2019-06-16T02:56:14.344">
  <mem-info id="419" free="0" total="37748736" percent="0">
    <mem type="eden" free="0" total="12582912" percent="0" />
    <remembered-set count="20576" freebytes="1424512" totalbytes="1506816" percent="94" regionsoverflowed="0" regionsstable="0" regionsrebuilding="0"/>
  </mem-info>
</gc-start>
<allocation-stats totalBytes="12580928" >
  <allocated-bytes non-tlh="621648" tlh="11959280" arrayletleaf="0"/>
  <largest-consumer threadName="main" threadId="0000000001916700" bytes="12580928" />
</allocation-stats>
<gc-op id="420" type="mark" timems="2.710" contextid="417" timestamp="2019-06-16T02:56:14.347">
  <trace-info objectcount="11399" scancount="10212" scanbytes="363456" />
  <cardclean-info objects="1918" bytes="101928" />
  <remembered-set-cleared processed="17587" cleared="804" durationms="0.153" />
  <references type="soft" candidates="92" cleared="0" enqueued="0" dynamicThreshold="10" maxThreshold="32" />
  <references type="weak" candidates="257" cleared="5" enqueued="5" />
  <references type="phantom" candidates="1" cleared="0" enqueued="0" />
  <stringconstants candidates="12276" cleared="2"  />
  <warning details="Mark invoked due to insufficient free space for Copy-Forward" />
</gc-op>
<gc-op id="421" type="classunload" timems="0.404" contextid="417" timestamp="2019-06-16T02:56:14.348">
  <classunload-info classloadercandidates="32" classloadersunloaded="1" classesunloaded="1" anonymousclassesunloaded="0" quiescems="0.000" setupms="0.392" scanms="0.008" postms="0.004" />
</gc-op>
<gc-op id="422" type="sweep" timems="0.687" contextid="417" timestamp="2019-06-16T02:56:14.349" />
<gc-op id="423" type="compact" timems="2.456" contextid="417" timestamp="2019-06-16T02:56:14.351">
  <compact-info movecount="11390" movebytes="693320" />
  <remembered-set-cleared processed="38678" cleared="5079" durationms="0.153" />
</gc-op>
<heap-resize id="424" type="expand" space="default" amount="2097152" count="1" timems="0.072" reason="insufficient free space following gc" timestamp="2019-06-16T02:56:14.352" />
<gc-end id="425" type="partial gc" contextid="417" durationms="7.847" usertimems="12.000" systemtimems="0.000" timestamp="2019-06-16T02:56:14.352" activeThreads="4">
  <mem-info id="426" free="13631488" total="39845888" percent="34">
    <mem type="eden" free="471016" total="1048576" percent="44" />
    <pending-finalizers system="0" default="0" reference="5" classloader="0" />
    <remembered-set count="22080" freebytes="1502208" totalbytes="1590528" percent="94" regionsoverflowed="0" regionsstable="0" regionsrebuilding="0"/>
  </mem-info>
</gc-end>
<cycle-end id="427" type="partial gc" contextid="417" timestamp="2019-06-16T02:56:14.352" />
  <attribute name="elasticGC enabled" value="1" />
  <attribute name= "numThreadsSpecified" value="4" />
  <attribute name="heapSize specified" value="0" />
  <attribute name="Current GC Util" value="69" />
  <attribute name= "Current Time Running" value="46714" />
  <attribute name ="GC Interval" value="0" />
  <attribute name="ProportionalT" value="73.500000" />
  <attribute name="ProportionalI" value="73.500000" />
  <attribute name="ProportionalH" value="73.500000" />
  <attribute name="Current Error" value="49.000000" />
  <attribute name="IntegralT" value="49.000000" />
  <attribute name="IntegralI" value="49.000000" />
  <attribute name="IntegralH" value="49.000000" />
  <attribute name="DerivativeT" value="-33.000000" />
  <attribute name="DerivativeI" value="-33.000000" />
  <attribute name="DerivativeH" value="-33.000000" />
  <attribute name="Loop Time for DT" value="1.000000" />
  <attribute name="Output H" value="8388608"/>
  <attribute name="Output I" value="200"/>
  <attribute name="Output T" value="4"/>
  <attribute name="Target GC Util Change" value ="20.000000" />
  <attribute name="Current GC Util Change" value="69.000000"/>
  <attribute name="GC Util currently" value="69" />
  <attribute name="CPU Util currently" value="4968632573804" />
<exclusive-end id="428" timestamp="2019-06-16T02:56:14.352" durationms="8.818" />

<exclusive-start id="429" timestamp="2019-06-16T02:56:14.617" intervalms="274.177">
  <response-info timems="0.073" idlems="0.073" threads="0" lastid="0000000001916700" lastname="main" />
</exclusive-start>
<allocation-taxation id="430" taxation-threshold="13631488" timestamp="2019-06-16T02:56:14.618" intervalms="274.239" />
<cycle-start id="431" type="partial gc" contextid="0" timestamp="2019-06-16T02:56:14.618" intervalms="274.369" />
<gc-start id="432" type="partial gc" contextid="431" timestamp="2019-06-16T02:56:14.618">
  <mem-info id="433" free="0" total="39845888" percent="0">
    <mem type="eden" free="0" total="13631488" percent="0" />
    <remembered-set count="21824" freebytes="1503232" totalbytes="1590528" percent="94" regionsoverflowed="0" regionsstable="0" regionsrebuilding="0"/>
  </mem-info>
</gc-start>
<allocation-stats totalBytes="13621152" >
  <allocated-bytes non-tlh="623464" tlh="12997688" arrayletleaf="0"/>
  <largest-consumer threadName="main" threadId="0000000001916700" bytes="13621152" />
</allocation-stats>
<gc-op id="434" type="mark" timems="2.429" contextid="431" timestamp="2019-06-16T02:56:14.622">
  <trace-info objectcount="8515" scancount="7536" scanbytes="254192" />
  <cardclean-info objects="1022" bytes="57288" />
  <remembered-set-cleared processed="19206" cleared="1944" durationms="0.350" />
  <references type="soft" candidates="39" cleared="0" enqueued="0" dynamicThreshold="10" maxThreshold="32" />
  <references type="weak" candidates="150" cleared="2" enqueued="2" />
  <references type="phantom" candidates="1" cleared="0" enqueued="0" />
  <stringconstants candidates="12454" cleared="0"  />
  <warning details="Mark invoked due to insufficient free space for Copy-Forward" />
</gc-op>
<gc-op id="435" type="classunload" timems="0.005" contextid="431" timestamp="2019-06-16T02:56:14.622">
  <classunload-info classloadercandidates="35" classloadersunloaded="0" classesunloaded="0" anonymousclassesunloaded="0" quiescems="0.000" setupms="0.005" scanms="0.000" postms="0.000" />
</gc-op>
<gc-op id="436" type="sweep" timems="1.413" contextid="431" timestamp="2019-06-16T02:56:14.623" />
<gc-op id="437" type="compact" timems="4.026" contextid="431" timestamp="2019-06-16T02:56:14.628">
  <compact-info movecount="6540" movebytes="284232" />
  <remembered-set-cleared processed="40244" cleared="5650" durationms="0.350" />
</gc-op>
<heap-resize id="438" type="expand" space="default" amount="3145728" count="1" timems="0.116" reason="insufficient free space following gc" timestamp="2019-06-16T02:56:14.628" />
<gc-end id="439" type="partial gc" contextid="431" durationms="10.313" usertimems="16.000" systemtimems="0.000" timestamp="2019-06-16T02:56:14.629" activeThreads="4">
  <mem-info id="440" free="15728640" total="42991616" percent="36">
    <mem type="eden" free="933536" total="1048576" percent="89" />
    <pending-finalizers system="0" default="0" reference="2" classloader="0" />
    <remembered-set count="22624" freebytes="1625600" totalbytes="1716096" percent="94" regionsoverflowed="0" regionsstable="0" regionsrebuilding="0"/>
  </mem-info>
</gc-end>
<cycle-end id="441" type="partial gc" contextid="431" timestamp="2019-06-16T02:56:14.629" />
  <attribute name="elasticGC enabled" value="1" />
  <attribute name= "numThreadsSpecified" value="4" />
  <attribute name="heapSize specified" value="0" />
  <attribute name="Current GC Util" value="97" />
  <attribute name= "Current Time Running" value="46989" />
  <attribute name ="GC Interval" value="0" />
  <attribute name="ProportionalT" value="115.500000" />
  <attribute name="ProportionalI" value="115.500000" />
  <attribute name="ProportionalH" value="115.500000" />
  <attribute name="Current Error" value="77.000000" />
  <attribute name="IntegralT" value="154.000000" />
  <attribute name="IntegralI" value="154.000000" />
  <attribute name="IntegralH" value="154.000000" />
  <attribute name="DerivativeT" value="38.500000" />
  <attribute name="DerivativeI" value="38.500000" />
  <attribute name="DerivativeH" value="38.500000" />
  <attribute name="Loop Time for DT" value="2.000000" />
  <attribute name="Output H" value="8388608"/>
  <attribute name="Output I" value="312"/>
  <attribute name="Output T" value="4"/>
  <attribute name="Target GC Util Change" value ="20.000000" />
  <attribute name="Current GC Util Change" value="97.000000"/>
  <attribute name="GC Util currently" value="97" />
  <attribute name="CPU Util currently" value="2597279884667" />
<exclusive-end id="442" timestamp="2019-06-16T02:56:14.629" durationms="11.812" />

<exclusive-start id="443" timestamp="2019-06-16T02:56:14.703" intervalms="85.488">
  <response-info timems="0.027" idlems="0.027" threads="0" lastid="0000000001916700" lastname="main" />
</exclusive-start>
<allocation-taxation id="444" taxation-threshold="15728640" timestamp="2019-06-16T02:56:14.703" intervalms="85.526" />
<cycle-start id="445" type="partial gc" contextid="0" timestamp="2019-06-16T02:56:14.703" intervalms="85.529" />
<gc-start id="446" type="partial gc" contextid="445" timestamp="2019-06-16T02:56:14.704">
  <mem-info id="447" free="0" total="42991616" percent="0">
    <mem type="eden" free="0" total="15728640" percent="0" />
    <remembered-set count="22624" freebytes="1625600" totalbytes="1716096" percent="94" regionsoverflowed="0" regionsstable="0" regionsrebuilding="0"/>
  </mem-info>
</gc-start>
<allocation-stats totalBytes="15727096" >
  <allocated-bytes non-tlh="400400" tlh="15326696" arrayletleaf="0"/>
  <largest-consumer threadName="main" threadId="0000000001916700" bytes="15723000" />
</allocation-stats>
<gc-op id="448" type="mark" timems="2.649" contextid="445" timestamp="2019-06-16T02:56:14.707">
  <trace-info objectcount="30509" scancount="27424" scanbytes="1168864" />
  <cardclean-info objects="3404" bytes="165612" />
  <remembered-set-cleared processed="19047" cleared="4577" durationms="0.214" />
  <references type="soft" candidates="39" cleared="0" enqueued="0" dynamicThreshold="11" maxThreshold="32" />
  <references type="weak" candidates="276" cleared="0" enqueued="0" />
  <references type="phantom" candidates="1" cleared="0" enqueued="0" />
  <stringconstants candidates="12459" cleared="0"  />
  <warning details="Mark invoked due to insufficient free space for Copy-Forward" />
</gc-op>
<gc-op id="449" type="classunload" timems="0.003" contextid="445" timestamp="2019-06-16T02:56:14.707">
  <classunload-info classloadercandidates="36" classloadersunloaded="0" classesunloaded="0" anonymousclassesunloaded="0" quiescems="0.000" setupms="0.003" scanms="0.000" postms="0.000" />
</gc-op>
<gc-op id="450" type="sweep" timems="0.415" contextid="445" timestamp="2019-06-16T02:56:14.708" />
<gc-op id="451" type="compact" timems="3.568" contextid="445" timestamp="2019-06-16T02:56:14.712">
  <compact-info movecount="29464" movebytes="1543232" />
  <remembered-set-cleared processed="43360" cleared="14398" durationms="0.214" />
</gc-op>
<heap-resize id="452" type="expand" space="default" amount="1048576" count="1" timems="0.065" reason="insufficient free space following gc" timestamp="2019-06-16T02:56:14.712" />
<gc-end id="453" type="partial gc" contextid="445" durationms="8.435" usertimems="12.000" systemtimems="0.000" timestamp="2019-06-16T02:56:14.712" activeThreads="4">
  <mem-info id="454" free="14680064" total="44040192" percent="33">
    <mem type="eden" free="913456" total="2097152" percent="43" />
    <remembered-set count="24640" freebytes="1659392" totalbytes="1757952" percent="94" regionsoverflowed="0" regionsstable="0" regionsrebuilding="0"/>
  </mem-info>
</gc-end>
<cycle-end id="455" type="partial gc" contextid="445" timestamp="2019-06-16T02:56:14.712" />
  <attribute name="elasticGC enabled" value="1" />
  <attribute name= "numThreadsSpecified" value="4" />
  <attribute name="heapSize specified" value="0" />
  <attribute name="Current GC Util" value="29" />
  <attribute name= "Current Time Running" value="47073" />
  <attribute name ="GC Interval" value="0" />
  <attribute name="ProportionalT" value="13.500000" />
  <attribute name="ProportionalI" value="13.500000" />
  <attribute name="ProportionalH" value="13.500000" />
  <attribute name="Current Error" value="9.000000" />
  <attribute name="IntegralT" value="0.000000" />
  <attribute name="IntegralI" value="0.000000" />
  <attribute name="IntegralH" value="0.000000" />
  <attribute name="DerivativeT" value="-inf" />
  <attribute name="DerivativeI" value="-inf" />
  <attribute name="DerivativeH" value="-inf" />
  <attribute name="Loop Time for DT" value="0.000000" />
  <attribute name="Output H" value="2091843584"/>
  <attribute name="Output I" value="200"/>
  <attribute name="Output T" value="4"/>
  <attribute name="Target GC Util Change" value ="20.000000" />
  <attribute name="Current GC Util Change" value="29.000000"/>
  <attribute name="GC Util currently" value="29" />
  <attribute name="CPU Util currently" value="6977296535714" />
<exclusive-end id="456" timestamp="2019-06-16T02:56:14.713" durationms="9.768" />

<exclusive-start id="457" timestamp="2019-06-16T02:56:14.763" intervalms="60.025">
  <response-info timems="0.032" idlems="0.032" threads="0" lastid="0000000001916700" lastname="main" />
</exclusive-start>
<allocation-taxation id="458" taxation-threshold="14680064" timestamp="2019-06-16T02:56:14.763" intervalms="60.012" />
<cycle-start id="459" type="partial gc" contextid="0" timestamp="2019-06-16T02:56:14.763" intervalms="59.908" />
<gc-start id="460" type="partial gc" contextid="459" timestamp="2019-06-16T02:56:14.764">
  <mem-info id="461" free="0" total="44040192" percent="0">
    <mem type="eden" free="0" total="14680064" percent="0" />
    <remembered-set count="24352" freebytes="1660544" totalbytes="1757952" percent="94" regionsoverflowed="0" regionsstable="0" regionsrebuilding="0"/>
  </mem-info>
</gc-start>
<allocation-stats totalBytes="14678184" >
  <allocated-bytes non-tlh="200784" tlh="14477400" arrayletleaf="0"/>
  <largest-consumer threadName="main" threadId="0000000001916700" bytes="14678184" />
</allocation-stats>
<gc-op id="462" type="mark" timems="3.018" contextid="459" timestamp="2019-06-16T02:56:14.767">
  <trace-info objectcount="28124" scancount="25188" scanbytes="1044376" />
  <cardclean-info objects="3286" bytes="156896" />
  <remembered-set-cleared processed="20626" cleared="5367" durationms="0.246" />
  <references type="soft" candidates="3" cleared="0" enqueued="0" dynamicThreshold="10" maxThreshold="32" />
  <references type="weak" candidates="191" cleared="0" enqueued="0" />
  <references type="phantom" candidates="1" cleared="0" enqueued="0" />
  <stringconstants candidates="12470" cleared="0"  />
  <warning details="Mark invoked due to insufficient free space for Copy-Forward" />
</gc-op>
<gc-op id="463" type="classunload" timems="0.004" contextid="459" timestamp="2019-06-16T02:56:14.767">
  <classunload-info classloadercandidates="37" classloadersunloaded="0" classesunloaded="0" anonymousclassesunloaded="0" quiescems="0.000" setupms="0.004" scanms="0.000" postms="0.000" />
</gc-op>
<gc-op id="464" type="sweep" timems="0.959" contextid="459" timestamp="2019-06-16T02:56:14.769" />
<gc-op id="465" type="compact" timems="3.411" contextid="459" timestamp="2019-06-16T02:56:14.772">
  <compact-info movecount="21035" movebytes="1196104" />
  <remembered-set-cleared processed="44521" cleared="13999" durationms="0.246" />
</gc-op>
<heap-resize id="466" type="expand" space="default" amount="1048576" count="1" timems="0.075" reason="insufficient free space following gc" timestamp="2019-06-16T02:56:14.773" />
<gc-end id="467" type="partial gc" contextid="459" durationms="9.018" usertimems="20.000" systemtimems="0.000" timestamp="2019-06-16T02:56:14.773" activeThreads="4">
  <mem-info id="468" free="14680064" total="45088768" percent="32">
    <mem type="eden" free="903672" total="2097152" percent="43" />
    <remembered-set count="25568" freebytes="1697536" totalbytes="1799808" percent="94" regionsoverflowed="0" regionsstable="0" regionsrebuilding="0"/>
  </mem-info>
</gc-end>
<cycle-end id="469" type="partial gc" contextid="459" timestamp="2019-06-16T02:56:14.773" />
  <attribute name="elasticGC enabled" value="1" />
  <attribute name= "numThreadsSpecified" value="4" />
  <attribute name="heapSize specified" value="0" />
  <attribute name="Current GC Util" value="104" />
  <attribute name= "Current Time Running" value="47134" />
  <attribute name ="GC Interval" value="0" />
  <attribute name="ProportionalT" value="126.000000" />
  <attribute name="ProportionalI" value="126.000000" />
  <attribute name="ProportionalH" value="126.000000" />
  <attribute name="Current Error" value="84.000000" />
  <attribute name="IntegralT" value="84.000000" />
  <attribute name="IntegralI" value="84.000000" />
  <attribute name="IntegralH" value="84.000000" />
  <attribute name="DerivativeT" value="84.000000" />
  <attribute name="DerivativeI" value="84.000000" />
  <attribute name="DerivativeH" value="84.000000" />
  <attribute name="Loop Time for DT" value="1.000000" />
  <attribute name="Output H" value="8388608"/>
  <attribute name="Output I" value="296"/>
  <attribute name="Output T" value="4"/>
  <attribute name="Target GC Util Change" value ="20.000000" />
  <attribute name="Current GC Util Change" value="104.000000"/>
  <attribute name="GC Util currently" value="104" />
  <attribute name="CPU Util currently" value="3908990280093" />
<exclusive-end id="470" timestamp="2019-06-16T02:56:14.773" durationms="10.081" />

<exclusive-start id="471" timestamp="2019-06-16T02:56:14.827" intervalms="63.724">
  <response-info timems="0.031" idlems="0.031" threads="0" lastid="0000000001916700" lastname="main" />
</exclusive-start>
<allocation-taxation id="472" taxation-threshold="14680064" timestamp="2019-06-16T02:56:14.827" intervalms="63.720" />
<cycle-start id="473" type="partial gc" contextid="0" timestamp="2019-06-16T02:56:14.827" intervalms="63.742" />
<gc-start id="474" type="partial gc" contextid="473" timestamp="2019-06-16T02:56:14.827">
  <mem-info id="475" free="0" total="45088768" percent="0">
    <mem type="eden" free="0" total="14680064" percent="0" />
    <remembered-set count="25120" freebytes="1699328" totalbytes="1799808" percent="94" regionsoverflowed="0" regionsstable="0" regionsrebuilding="0"/>
  </mem-info>
</gc-start>
<allocation-stats totalBytes="14678328" >
  <allocated-bytes non-tlh="200400" tlh="14477928" arrayletleaf="0"/>
  <largest-consumer threadName="main" threadId="0000000001916700" bytes="14678328" />
</allocation-stats>
<gc-op id="476" type="mark" timems="2.615" contextid="473" timestamp="2019-06-16T02:56:14.831">
  <trace-info objectcount="27768" scancount="24915" scanbytes="999272" />
  <cardclean-info objects="658" bytes="38216" />
  <remembered-set-cleared processed="21865" cleared="6357" durationms="0.272" />
  <references type="soft" candidates="2" cleared="0" enqueued="0" dynamicThreshold="10" maxThreshold="32" />
  <references type="weak" candidates="16" cleared="0" enqueued="0" />
  <references type="phantom" candidates="1" cleared="0" enqueued="0" />
  <stringconstants candidates="12475" cleared="0"  />
  <warning details="Mark invoked due to insufficient free space for Copy-Forward" />
</gc-op>
<gc-op id="477" type="classunload" timems="0.004" contextid="473" timestamp="2019-06-16T02:56:14.831">
  <classunload-info classloadercandidates="38" classloadersunloaded="0" classesunloaded="0" anonymousclassesunloaded="0" quiescems="0.000" setupms="0.004" scanms="0.000" postms="0.000" />
</gc-op>
<gc-op id="478" type="sweep" timems="1.018" contextid="473" timestamp="2019-06-16T02:56:14.832" />
<gc-op id="479" type="compact" timems="3.438" contextid="473" timestamp="2019-06-16T02:56:14.836">
  <compact-info movecount="26101" movebytes="1259928" />
  <remembered-set-cleared processed="45792" cleared="14773" durationms="0.272" />
</gc-op>
<heap-resize id="480" type="expand" space="default" amount="8388608" count="1" timems="0.106" reason="excessive time being spent in gc" timestamp="2019-06-16T02:56:14.836" />
<gc-end id="481" type="partial gc" contextid="473" durationms="9.009" usertimems="12.000" systemtimems="0.000" timestamp="2019-06-16T02:56:14.836" activeThreads="4">
  <mem-info id="482" free="23068672" total="53477376" percent="43">
    <mem type="eden" free="320464" total="1048576" percent="30" />
    <remembered-set count="24576" freebytes="2036352" totalbytes="2134656" percent="95" regionsoverflowed="0" regionsstable="0" regionsrebuilding="0"/>
  </mem-info>
</gc-end>
<cycle-end id="483" type="partial gc" contextid="473" timestamp="2019-06-16T02:56:14.837" />
  <attribute name="elasticGC enabled" value="1" />
  <attribute name= "numThreadsSpecified" value="4" />
  <attribute name="heapSize specified" value="0" />
  <attribute name="Current GC Util" value="97" />
  <attribute name= "Current Time Running" value="47198" />
  <attribute name ="GC Interval" value="0" />
  <attribute name="ProportionalT" value="115.500000" />
  <attribute name="ProportionalI" value="115.500000" />
  <attribute name="ProportionalH" value="115.500000" />
  <attribute name="Current Error" value="77.000000" />
  <attribute name="IntegralT" value="154.000000" />
  <attribute name="IntegralI" value="154.000000" />
  <attribute name="IntegralH" value="154.000000" />
  <attribute name="DerivativeT" value="38.500000" />
  <attribute name="DerivativeI" value="38.500000" />
  <attribute name="DerivativeH" value="38.500000" />
  <attribute name="Loop Time for DT" value="2.000000" />
  <attribute name="Output H" value="8388608"/>
  <attribute name="Output I" value="312"/>
  <attribute name="Output T" value="4"/>
  <attribute name="Target GC Util Change" value ="20.000000" />
  <attribute name="Current GC Util Change" value="97.000000"/>
  <attribute name="GC Util currently" value="97" />
  <attribute name="CPU Util currently" value="3511284544958" />
<exclusive-end id="484" timestamp="2019-06-16T02:56:14.837" durationms="10.258" />

<exclusive-start id="485" timestamp="2019-06-16T02:56:14.919" intervalms="91.964">
  <response-info timems="0.031" idlems="0.031" threads="0" lastid="0000000001916700" lastname="main" />
</exclusive-start>
<allocation-taxation id="486" taxation-threshold="19922944" timestamp="2019-06-16T02:56:14.919" intervalms="92.171" />
<cycle-start id="487" type="partial gc" contextid="0" timestamp="2019-06-16T02:56:14.919" intervalms="92.155" />
<gc-start id="488" type="partial gc" contextid="487" timestamp="2019-06-16T02:56:14.920">
  <mem-info id="489" free="3145728" total="53477376" percent="5">
    <mem type="eden" free="0" total="19922944" percent="0" />
    <remembered-set count="24160" freebytes="2038016" totalbytes="2134656" percent="95" regionsoverflowed="0" regionsstable="0" regionsrebuilding="0"/>
  </mem-info>
</gc-start>
<allocation-stats totalBytes="19920728" >
  <allocated-bytes non-tlh="402496" tlh="19518232" arrayletleaf="0"/>
  <largest-consumer threadName="main" threadId="0000000001916700" bytes="19920728" />
</allocation-stats>
<gc-op id="490" type="copy forward" timems="2.511" contextid="487" timestamp="2019-06-16T02:56:14.923">
  <memory-copied type="eden" objects="11445" bytes="776104" bytesdiscarded="0" />
  <memory-copied type="other" objects="1005" bytes="31648" bytesdiscarded="0" />
  <memory-cardclean objects="128" bytes="12344" />
  <regions eden="19" other="2" />
  <remembered-set-cleared processed="21155" cleared="1778" durationms="0.274" />
  <references type="soft" candidates="4" cleared="0" enqueued="0" dynamicThreshold="13" maxThreshold="32" />
  <references type="weak" candidates="30" cleared="0" enqueued="0" />
  <references type="phantom" candidates="1" cleared="0" enqueued="0" />
  <stringconstants candidates="12494" cleared="0"  />
</gc-op>
<gc-op id="491" type="classunload" timems="0.004" contextid="487" timestamp="2019-06-16T02:56:14.923">
  <classunload-info classloadercandidates="40" classloadersunloaded="0" classesunloaded="0" anonymousclassesunloaded="0" quiescems="0.000" setupms="0.003" scanms="0.000" postms="0.000" />
</gc-op>
<heap-resize id="492" type="expand" space="default" amount="9437184" count="1" timems="0.111" reason="excessive time being spent in gc" timestamp="2019-06-16T02:56:14.923" />
<gc-end id="493" type="partial gc" contextid="487" durationms="3.947" usertimems="8.000" systemtimems="0.000" timestamp="2019-06-16T02:56:14.924" activeThreads="1">
  <mem-info id="494" free="31457280" total="62914560" percent="50">
    <mem type="eden" free="272392" total="1048576" percent="25" />
    <remembered-set count="23360" freebytes="2417920" totalbytes="2511360" percent="96" regionsoverflowed="0" regionsstable="0" regionsrebuilding="0"/>
  </mem-info>
</gc-end>
<cycle-end id="495" type="partial gc" contextid="487" timestamp="2019-06-16T02:56:14.924" />
  <attribute name="elasticGC enabled" value="1" />
  <attribute name= "numThreadsSpecified" value="1" />
  <attribute name="heapSize specified" value="0" />
  <attribute name="Current GC Util" value="44" />
  <attribute name= "Current Time Running" value="47285" />
  <attribute name ="GC Interval" value="0" />
  <attribute name="ProportionalT" value="36.000000" />
  <attribute name="ProportionalI" value="36.000000" />
  <attribute name="ProportionalH" value="36.000000" />
  <attribute name="Current Error" value="24.000000" />
  <attribute name="IntegralT" value="0.000000" />
  <attribute name="IntegralI" value="0.000000" />
  <attribute name="IntegralH" value="0.000000" />
  <attribute name="DerivativeT" value="inf" />
  <attribute name="DerivativeI" value="inf" />
  <attribute name="DerivativeH" value="inf" />
  <attribute name="Loop Time for DT" value="0.000000" />
  <attribute name="Output H" value="8388608"/>
  <attribute name="Output I" value="200"/>
  <attribute name="Output T" value="1"/>
  <attribute name="Target GC Util Change" value ="20.000000" />
  <attribute name="Current GC Util Change" value="44.000000"/>
  <attribute name="GC Util currently" value="44" />
  <attribute name="CPU Util currently" value="15279286768686" />
<exclusive-end id="496" timestamp="2019-06-16T02:56:14.924" durationms="5.347" />

<exclusive-start id="497" timestamp="2019-06-16T02:56:15.024" intervalms="104.981">
  <response-info timems="0.161" idlems="0.088" threads="1" lastid="0000000001921B00" lastname="JIT Compilation Thread-2" />
</exclusive-start>
<allocation-taxation id="498" taxation-threshold="22020096" timestamp="2019-06-16T02:56:15.024" intervalms="104.753" />
<cycle-start id="499" type="partial gc" contextid="0" timestamp="2019-06-16T02:56:15.024" intervalms="104.746" />
<gc-start id="500" type="partial gc" contextid="499" timestamp="2019-06-16T02:56:15.024">
  <mem-info id="501" free="9437184" total="62914560" percent="15">
    <mem type="eden" free="0" total="22020096" percent="0" />
    <remembered-set count="23328" freebytes="2418048" totalbytes="2511360" percent="96" regionsoverflowed="0" regionsstable="0" regionsrebuilding="0"/>
  </mem-info>
</gc-start>
<allocation-stats totalBytes="22016664" >
  <allocated-bytes non-tlh="601736" tlh="21414928" arrayletleaf="0"/>
  <largest-consumer threadName="main" threadId="0000000001916700" bytes="22016664" />
</allocation-stats>
<gc-op id="502" type="copy forward" timems="1.708" contextid="499" timestamp="2019-06-16T02:56:15.027">
  <memory-copied type="eden" objects="4435" bytes="444072" bytesdiscarded="0" />
  <memory-copied type="other" objects="496" bytes="19048" bytesdiscarded="0" />
  <memory-cardclean objects="165" bytes="13752" />
  <regions eden="21" other="1" />
  <remembered-set-cleared processed="20353" cleared="678" durationms="0.253" />
  <references type="soft" candidates="5" cleared="0" enqueued="0" dynamicThreshold="16" maxThreshold="32" />
  <references type="weak" candidates="31" cleared="0" enqueued="0" />
  <references type="phantom" candidates="1" cleared="0" enqueued="0" />
  <stringconstants candidates="12521" cleared="0"  />
</gc-op>
<gc-op id="503" type="classunload" timems="0.003" contextid="499" timestamp="2019-06-16T02:56:15.027">
  <classunload-info classloadercandidates="43" classloadersunloaded="0" classesunloaded="0" anonymousclassesunloaded="0" quiescems="0.000" setupms="0.003" scanms="0.000" postms="0.000" />
</gc-op>
<gc-end id="504" type="partial gc" contextid="499" durationms="2.865" usertimems="0.000" systemtimems="4.000" timestamp="2019-06-16T02:56:15.027" activeThreads="1">
  <mem-info id="505" free="30408704" total="62914560" percent="48">
    <mem type="eden" free="604384" total="1048576" percent="57" />
    <remembered-set count="23680" freebytes="2416640" totalbytes="2511360" percent="96" regionsoverflowed="0" regionsstable="0" regionsrebuilding="0"/>
  </mem-info>
</gc-end>
<cycle-end id="506" type="partial gc" contextid="499" timestamp="2019-06-16T02:56:15.027" />
  <attribute name="elasticGC enabled" value="1" />
  <attribute name= "numThreadsSpecified" value="1" />
  <attribute name="heapSize specified" value="0" />
  <attribute name="Current GC Util" value="46" />
  <attribute name= "Current Time Running" value="47390" />
  <attribute name ="GC Interval" value="0" />
  <attribute name="ProportionalT" value="39.000000" />
  <attribute name="ProportionalI" value="39.000000" />
  <attribute name="ProportionalH" value="39.000000" />
  <attribute name="Current Error" value="26.000000" />
  <attribute name="IntegralT" value="0.000000" />
  <attribute name="IntegralI" value="0.000000" />
  <attribute name="IntegralH" value="0.000000" />
  <attribute name="DerivativeT" value="inf" />
  <attribute name="DerivativeI" value="inf" />
  <attribute name="DerivativeH" value="inf" />
  <attribute name="Loop Time for DT" value="0.000000" />
  <attribute name="Output H" value="8388608"/>
  <attribute name="Output I" value="200"/>
  <attribute name="Output T" value="1"/>
  <attribute name="Target GC Util Change" value ="20.000000" />
  <attribute name="Current GC Util Change" value="46.000000"/>
  <attribute name="GC Util currently" value="46" />
  <attribute name="CPU Util currently" value="14237861360182" />
<exclusive-end id="507" timestamp="2019-06-16T02:56:15.028" durationms="3.899" />

<exclusive-start id="508" timestamp="2019-06-16T02:56:15.077" intervalms="53.086">
  <response-info timems="0.030" idlems="0.030" threads="0" lastid="0000000001916700" lastname="main" />
</exclusive-start>
<allocation-taxation id="509" taxation-threshold="22020096" timestamp="2019-06-16T02:56:15.077" intervalms="53.072" />
<cycle-start id="510" type="partial gc" contextid="0" timestamp="2019-06-16T02:56:15.077" intervalms="53.083" />
<gc-start id="511" type="partial gc" contextid="510" timestamp="2019-06-16T02:56:15.077">
  <mem-info id="512" free="8388608" total="62914560" percent="13">
    <mem type="eden" free="0" total="22020096" percent="0" />
    <remembered-set count="23328" freebytes="2418048" totalbytes="2511360" percent="96" regionsoverflowed="0" regionsstable="0" regionsrebuilding="0"/>
  </mem-info>
</gc-start>
<allocation-stats totalBytes="22017728" >
  <allocated-bytes non-tlh="200448" tlh="21817280" arrayletleaf="0"/>
  <largest-consumer threadName="main" threadId="0000000001916700" bytes="22017728" />
</allocation-stats>
<gc-op id="513" type="copy forward" timems="2.233" contextid="510" timestamp="2019-06-16T02:56:15.080">
  <memory-copied type="eden" objects="11271" bytes="469352" bytesdiscarded="0" />
  <memory-copied type="other" objects="615" bytes="21984" bytesdiscarded="0" />
  <memory-cardclean objects="170" bytes="14200" />
  <regions eden="21" other="1" />
  <remembered-set-cleared processed="20295" cleared="456" durationms="0.253" />
  <references type="soft" candidates="4" cleared="0" enqueued="0" dynamicThreshold="15" maxThreshold="32" />
  <references type="weak" candidates="23" cleared="0" enqueued="0" />
  <stringconstants candidates="12527" cleared="0"  />
</gc-op>
<gc-op id="514" type="classunload" timems="0.004" contextid="510" timestamp="2019-06-16T02:56:15.081">
  <classunload-info classloadercandidates="44" classloadersunloaded="0" classesunloaded="0" anonymousclassesunloaded="0" quiescems="0.000" setupms="0.004" scanms="0.000" postms="0.000" />
</gc-op>
<gc-end id="515" type="partial gc" contextid="510" durationms="3.375" usertimems="4.000" systemtimems="0.000" timestamp="2019-06-16T02:56:15.081" activeThreads="1">
  <mem-info id="516" free="29360128" total="62914560" percent="46">
    <mem type="eden" free="579200" total="1048576" percent="55" />
    <remembered-set count="24864" freebytes="2411904" totalbytes="2511360" percent="96" regionsoverflowed="0" regionsstable="0" regionsrebuilding="0"/>
  </mem-info>
</gc-end>
<cycle-end id="517" type="partial gc" contextid="510" timestamp="2019-06-16T02:56:15.081" />
  <attribute name="elasticGC enabled" value="1" />
  <attribute name= "numThreadsSpecified" value="1" />
  <attribute name="heapSize specified" value="0" />
  <attribute name="Current GC Util" value="48" />
  <attribute name= "Current Time Running" value="47443" />
  <attribute name ="GC Interval" value="0" />
  <attribute name="ProportionalT" value="42.000000" />
  <attribute name="ProportionalI" value="42.000000" />
  <attribute name="ProportionalH" value="42.000000" />
  <attribute name="Current Error" value="28.000000" />
  <attribute name="IntegralT" value="0.000000" />
  <attribute name="IntegralI" value="0.000000" />
  <attribute name="IntegralH" value="0.000000" />
  <attribute name="DerivativeT" value="inf" />
  <attribute name="DerivativeI" value="inf" />
  <attribute name="DerivativeH" value="inf" />
  <attribute name="Loop Time for DT" value="0.000000" />
  <attribute name="Output H" value="8388608"/>
  <attribute name="Output I" value="200"/>
  <attribute name="Output T" value="1"/>
  <attribute name="Target GC Util Change" value ="20.000000" />
  <attribute name="Current GC Util Change" value="48.000000"/>
  <attribute name="GC Util currently" value="48" />
  <attribute name="CPU Util currently" value="15355600274625" />
<exclusive-end id="518" timestamp="2019-06-16T02:56:15.081" durationms="4.402" />

<exclusive-start id="519" timestamp="2019-06-16T02:56:15.150" intervalms="73.696">
  <response-info timems="0.026" idlems="0.026" threads="0" lastid="0000000001916700" lastname="main" />
</exclusive-start>
<allocation-taxation id="520" taxation-threshold="22020096" timestamp="2019-06-16T02:56:15.151" intervalms="73.651" />
<cycle-start id="521" type="partial gc" contextid="0" timestamp="2019-06-16T02:56:15.151" intervalms="73.638" />
<gc-start id="522" type="partial gc" contextid="521" timestamp="2019-06-16T02:56:15.151">
  <mem-info id="523" free="7340032" total="62914560" percent="11">
    <mem type="eden" free="0" total="22020096" percent="0" />
    <remembered-set count="24544" freebytes="2413184" totalbytes="2511360" percent="96" regionsoverflowed="0" regionsstable="0" regionsrebuilding="0"/>
  </mem-info>
</gc-start>
<allocation-stats totalBytes="22017544" >
  <allocated-bytes non-tlh="401256" tlh="21616288" arrayletleaf="0"/>
  <largest-consumer threadName="main" threadId="0000000001916700" bytes="22017544" />
</allocation-stats>
<gc-op id="524" type="copy forward" timems="1.784" contextid="521" timestamp="2019-06-16T02:56:15.153">
  <memory-copied type="eden" objects="7604" bytes="583928" bytesdiscarded="65920" />
  <memory-copied type="other" objects="174" bytes="6096" bytesdiscarded="648" />
  <memory-cardclean objects="124" bytes="12800" />
  <regions eden="21" other="1" />
  <remembered-set-cleared processed="21582" cleared="1501" durationms="0.175" />
  <references type="soft" candidates="3" cleared="0" enqueued="0" dynamicThreshold="14" maxThreshold="32" />
  <references type="weak" candidates="20" cleared="0" enqueued="0" />
  <references type="phantom" candidates="1" cleared="0" enqueued="0" />
  <stringconstants candidates="12549" cleared="0"  />
</gc-op>
<gc-op id="525" type="classunload" timems="0.005" contextid="521" timestamp="2019-06-16T02:56:15.154">
  <classunload-info classloadercandidates="46" classloadersunloaded="0" classesunloaded="0" anonymousclassesunloaded="0" quiescems="0.000" setupms="0.003" scanms="0.000" postms="0.000" />
</gc-op>
<gc-end id="526" type="partial gc" contextid="521" durationms="2.747" usertimems="4.000" systemtimems="0.000" timestamp="2019-06-16T02:56:15.154" activeThreads="4">
  <mem-info id="527" free="28311552" total="62914560" percent="45">
    <mem type="eden" free="398648" total="1048576" percent="38" />
    <remembered-set count="23616" freebytes="2416896" totalbytes="2511360" percent="96" regionsoverflowed="0" regionsstable="0" regionsrebuilding="0"/>
  </mem-info>
</gc-end>
<cycle-end id="528" type="partial gc" contextid="521" timestamp="2019-06-16T02:56:15.154" />
  <attribute name="elasticGC enabled" value="1" />
  <attribute name= "numThreadsSpecified" value="4" />
  <attribute name="heapSize specified" value="0" />
  <attribute name="Current GC Util" value="50" />
  <attribute name= "Current Time Running" value="47517" />
  <attribute name ="GC Interval" value="0" />
  <attribute name="ProportionalT" value="45.000000" />
  <attribute name="ProportionalI" value="45.000000" />
  <attribute name="ProportionalH" value="45.000000" />
  <attribute name="Current Error" value="30.000000" />
  <attribute name="IntegralT" value="30.000000" />
  <attribute name="IntegralI" value="30.000000" />
  <attribute name="IntegralH" value="30.000000" />
  <attribute name="DerivativeT" value="30.000000" />
  <attribute name="DerivativeI" value="30.000000" />
  <attribute name="DerivativeH" value="30.000000" />
  <attribute name="Loop Time for DT" value="1.000000" />
  <attribute name="Output H" value="8388608"/>
  <attribute name="Output I" value="200"/>
  <attribute name="Output T" value="4"/>
  <attribute name="Target GC Util Change" value ="20.000000" />
  <attribute name="Current GC Util Change" value="50.000000"/>
  <attribute name="GC Util currently" value="50" />
  <attribute name="CPU Util currently" value="15754382995567" />
<exclusive-end id="529" timestamp="2019-06-16T02:56:15.154" durationms="3.645" />

<exclusive-start id="530" timestamp="2019-06-16T02:56:15.265" intervalms="115.011">
  <response-info timems="0.041" idlems="0.041" threads="0" lastid="0000000001916700" lastname="main" />
</exclusive-start>
<allocation-taxation id="531" taxation-threshold="22020096" timestamp="2019-06-16T02:56:15.266" intervalms="115.076" />
<cycle-start id="532" type="partial gc" contextid="0" timestamp="2019-06-16T02:56:15.266" intervalms="115.076" />
<gc-start id="533" type="partial gc" contextid="532" timestamp="2019-06-16T02:56:15.266">
  <mem-info id="534" free="6291456" total="62914560" percent="10">
    <mem type="eden" free="0" total="22020096" percent="0" />
    <remembered-set count="23584" freebytes="2417024" totalbytes="2511360" percent="96" regionsoverflowed="0" regionsstable="0" regionsrebuilding="0"/>
  </mem-info>
</gc-start>
<allocation-stats totalBytes="22016984" >
  <allocated-bytes non-tlh="1068344" tlh="20948640" arrayletleaf="0"/>
  <largest-consumer threadName="main" threadId="0000000001916700" bytes="22016984" />
</allocation-stats>
<gc-op id="535" type="copy forward" timems="1.897" contextid="532" timestamp="2019-06-16T02:56:15.269">
  <memory-copied type="eden" objects="8352" bytes="702456" bytesdiscarded="66800" />
  <memory-copied type="other" objects="418" bytes="14096" bytesdiscarded="1104" />
  <memory-cardclean objects="171" bytes="14008" />
  <regions eden="21" other="1" />
  <remembered-set-cleared processed="20774" cleared="617" durationms="0.175" />
  <references type="soft" candidates="5" cleared="0" enqueued="0" dynamicThreshold="14" maxThreshold="32" />
  <references type="weak" candidates="40" cleared="0" enqueued="0" />
  <references type="phantom" candidates="1" cleared="0" enqueued="0" />
  <stringconstants candidates="12590" cleared="4"  />
</gc-op>
<gc-op id="536" type="classunload" timems="0.469" contextid="532" timestamp="2019-06-16T02:56:15.269">
  <classunload-info classloadercandidates="51" classloadersunloaded="2" classesunloaded="2" anonymousclassesunloaded="0" quiescems="0.000" setupms="0.453" scanms="0.010" postms="0.006" />
</gc-op>
<heap-resize id="537" type="contract" space="default" amount="3145728" count="1" timems="0.051" reason="insufficient time being spent in gc" timestamp="2019-06-16T02:56:15.270" />
<gc-end id="538" type="partial gc" contextid="532" durationms="3.622" usertimems="4.000" systemtimems="0.000" timestamp="2019-06-16T02:56:15.270" activeThreads="4">
  <mem-info id="539" free="24117248" total="59768832" percent="40">
    <mem type="eden" free="279216" total="1048576" percent="26" />
    <remembered-set count="24288" freebytes="2414208" totalbytes="2511360" percent="96" regionsoverflowed="0" regionsstable="0" regionsrebuilding="0"/>
  </mem-info>
</gc-end>
<cycle-end id="540" type="partial gc" contextid="532" timestamp="2019-06-16T02:56:15.270" />
  <attribute name="elasticGC enabled" value="1" />
  <attribute name= "numThreadsSpecified" value="4" />
  <attribute name="heapSize specified" value="0" />
  <attribute name="Current GC Util" value="43" />
  <attribute name= "Current Time Running" value="47632" />
  <attribute name ="GC Interval" value="0" />
  <attribute name="ProportionalT" value="34.500000" />
  <attribute name="ProportionalI" value="34.500000" />
  <attribute name="ProportionalH" value="34.500000" />
  <attribute name="Current Error" value="23.000000" />
  <attribute name="IntegralT" value="23.000000" />
  <attribute name="IntegralI" value="23.000000" />
  <attribute name="IntegralH" value="23.000000" />
  <attribute name="DerivativeT" value="23.000000" />
  <attribute name="DerivativeI" value="23.000000" />
  <attribute name="DerivativeH" value="23.000000" />
  <attribute name="Loop Time for DT" value="1.000000" />
  <attribute name="Output H" value="8388608"/>
  <attribute name="Output I" value="200"/>
  <attribute name="Output T" value="4"/>
  <attribute name="Target GC Util Change" value ="20.000000" />
  <attribute name="Current GC Util Change" value="43.000000"/>
  <attribute name="GC Util currently" value="43" />
  <attribute name="CPU Util currently" value="15056354194162" />
<exclusive-end id="541" timestamp="2019-06-16T02:56:15.270" durationms="4.724" />

<exclusive-start id="542" timestamp="2019-06-16T02:56:15.324" intervalms="58.254">
  <response-info timems="0.034" idlems="0.034" threads="0" lastid="0000000001916700" lastname="main" />
</exclusive-start>
<allocation-taxation id="543" taxation-threshold="22020096" timestamp="2019-06-16T02:56:15.324" intervalms="58.215" />
<cycle-start id="544" type="partial gc" contextid="0" timestamp="2019-06-16T02:56:15.324" intervalms="58.174" />
<gc-start id="545" type="partial gc" contextid="544" timestamp="2019-06-16T02:56:15.324">
  <mem-info id="546" free="2097152" total="59768832" percent="3">
    <mem type="eden" free="0" total="22020096" percent="0" />
    <remembered-set count="24160" freebytes="2414720" totalbytes="2511360" percent="96" regionsoverflowed="0" regionsstable="0" regionsrebuilding="0"/>
  </mem-info>
</gc-start>
<allocation-stats totalBytes="22018088" >
  <allocated-bytes non-tlh="200632" tlh="21817456" arrayletleaf="0"/>
  <largest-consumer threadName="main" threadId="0000000001916700" bytes="22018088" />
</allocation-stats>
<gc-op id="547" type="copy forward" timems="1.910" contextid="544" timestamp="2019-06-16T02:56:15.327">
  <memory-copied type="eden" objects="7862" bytes="618512" bytesdiscarded="0" />
  <memory-copied type="other" objects="754" bytes="25712" bytesdiscarded="0" />
  <memory-cardclean objects="144" bytes="13448" />
  <regions eden="21" other="1" />
  <remembered-set-cleared processed="20856" cleared="566" durationms="0.255" />
  <references type="soft" candidates="4" cleared="0" enqueued="0" dynamicThreshold="12" maxThreshold="32" />
  <references type="weak" candidates="34" cleared="0" enqueued="0" />
  <references type="phantom" candidates="1" cleared="0" enqueued="0" />
  <stringconstants candidates="12595" cleared="0"  />
</gc-op>
<gc-op id="548" type="classunload" timems="0.005" contextid="544" timestamp="2019-06-16T02:56:15.327">
  <classunload-info classloadercandidates="50" classloadersunloaded="0" classesunloaded="0" anonymousclassesunloaded="0" quiescems="0.000" setupms="0.004" scanms="0.000" postms="0.000" />
</gc-op>
<heap-resize id="549" type="contract" space="default" amount="3145728" count="1" timems="0.257" reason="insufficient time being spent in gc" timestamp="2019-06-16T02:56:15.327" />
<gc-end id="550" type="partial gc" contextid="544" durationms="3.352" usertimems="8.000" systemtimems="0.000" timestamp="2019-06-16T02:56:15.328" activeThreads="1">
  <mem-info id="551" free="19922944" total="56623104" percent="35">
    <mem type="eden" free="430008" total="1048576" percent="41" />
    <remembered-set count="23424" freebytes="2292096" totalbytes="2385792" percent="96" regionsoverflowed="0" regionsstable="0" regionsrebuilding="0"/>
  </mem-info>
</gc-end>
<cycle-end id="552" type="partial gc" contextid="544" timestamp="2019-06-16T02:56:15.328" />
  <attribute name="elasticGC enabled" value="1" />
  <attribute name= "numThreadsSpecified" value="1" />
  <attribute name="heapSize specified" value="0" />
  <attribute name="Current GC Util" value="28" />
  <attribute name= "Current Time Running" value="47690" />
  <attribute name ="GC Interval" value="0" />
  <attribute name="ProportionalT" value="12.000000" />
  <attribute name="ProportionalI" value="12.000000" />
  <attribute name="ProportionalH" value="12.000000" />
  <attribute name="Current Error" value="8.000000" />
  <attribute name="IntegralT" value="0.000000" />
  <attribute name="IntegralI" value="0.000000" />
  <attribute name="IntegralH" value="0.000000" />
  <attribute name="DerivativeT" value="inf" />
  <attribute name="DerivativeI" value="inf" />
  <attribute name="DerivativeH" value="inf" />
  <attribute name="Loop Time for DT" value="0.000000" />
  <attribute name="Output H" value="8388608"/>
  <attribute name="Output I" value="200"/>
  <attribute name="Output T" value="1"/>
  <attribute name="Target GC Util Change" value ="20.000000" />
  <attribute name="Current GC Util Change" value="28.000000"/>
  <attribute name="GC Util currently" value="28" />
  <attribute name="CPU Util currently" value="11377720668767" />
<exclusive-end id="553" timestamp="2019-06-16T02:56:15.328" durationms="4.255" />

<exclusive-start id="554" timestamp="2019-06-16T02:56:15.462" intervalms="138.358">
  <response-info timems="0.034" idlems="0.034" threads="0" lastid="0000000001916700" lastname="main" />
</exclusive-start>
<allocation-taxation id="555" taxation-threshold="19922944" timestamp="2019-06-16T02:56:15.462" intervalms="138.308" />
<cycle-start id="556" type="partial gc" contextid="0" timestamp="2019-06-16T02:56:15.462" intervalms="138.285" />
<gc-start id="557" type="partial gc" contextid="556" timestamp="2019-06-16T02:56:15.462">
  <mem-info id="558" free="0" total="56623104" percent="0">
    <mem type="eden" free="0" total="19922944" percent="0" />
    <remembered-set count="23232" freebytes="2292864" totalbytes="2385792" percent="96" regionsoverflowed="0" regionsstable="0" regionsrebuilding="0"/>
  </mem-info>
</gc-start>
<allocation-stats totalBytes="19919272" >
  <allocated-bytes non-tlh="407072" tlh="19512200" arrayletleaf="0"/>
  <largest-consumer threadName="main" threadId="0000000001916700" bytes="19919272" />
</allocation-stats>
<gc-op id="559" type="mark" timems="1.716" contextid="556" timestamp="2019-06-16T02:56:15.465">
  <trace-info objectcount="1110" scancount="995" scanbytes="31452" />
  <cardclean-info objects="3697" bytes="164696" />
  <remembered-set-cleared processed="20265" cleared="2653" durationms="0.280" />
  <references type="soft" candidates="4" cleared="0" enqueued="0" dynamicThreshold="11" maxThreshold="32" />
  <references type="weak" candidates="24" cleared="14" enqueued="14" />
  <stringconstants candidates="12677" cleared="0"  />
  <warning details="Mark invoked due to insufficient free space for Copy-Forward" />
</gc-op>
<gc-op id="560" type="classunload" timems="0.004" contextid="556" timestamp="2019-06-16T02:56:15.465">
  <classunload-info classloadercandidates="53" classloadersunloaded="0" classesunloaded="0" anonymousclassesunloaded="0" quiescems="0.000" setupms="0.004" scanms="0.000" postms="0.000" />
</gc-op>
<gc-op id="561" type="sweep" timems="0.516" contextid="556" timestamp="2019-06-16T02:56:15.466" />
<gc-op id="562" type="compact" timems="1.529" contextid="556" timestamp="2019-06-16T02:56:15.468">
  <compact-info movecount="1110" movebytes="38880" />
  <remembered-set-cleared processed="40612" cleared="3345" durationms="0.280" />
</gc-op>
<gc-end id="563" type="partial gc" contextid="556" durationms="5.256" usertimems="8.000" systemtimems="0.000" timestamp="2019-06-16T02:56:15.468" activeThreads="4">
  <mem-info id="564" free="18874368" total="56623104" percent="33">
    <mem type="eden" free="1017312" total="1048576" percent="97" />
    <pending-finalizers system="0" default="0" reference="14" classloader="0" />
    <remembered-set count="23328" freebytes="2166912" totalbytes="2260224" percent="95" regionsoverflowed="0" regionsstable="0" regionsrebuilding="0"/>
  </mem-info>
</gc-end>
<cycle-end id="565" type="partial gc" contextid="556" timestamp="2019-06-16T02:56:15.468" />
  <attribute name="elasticGC enabled" value="1" />
  <attribute name= "numThreadsSpecified" value="4" />
  <attribute name="heapSize specified" value="0" />
  <attribute name="Current GC Util" value="24" />
  <attribute name= "Current Time Running" value="47831" />
  <attribute name ="GC Interval" value="0" />
  <attribute name="ProportionalT" value="6.000000" />
  <attribute name="ProportionalI" value="6.000000" />
  <attribute name="ProportionalH" value="6.000000" />
  <attribute name="Current Error" value="4.000000" />
  <attribute name="IntegralT" value="4.000000" />
  <attribute name="IntegralI" value="4.000000" />
  <attribute name="IntegralH" value="4.000000" />
  <attribute name="DerivativeT" value="4.000000" />
  <attribute name="DerivativeI" value="4.000000" />
  <attribute name="DerivativeH" value="4.000000" />
  <attribute name="Loop Time for DT" value="1.000000" />
  <attribute name="Output H" value="8388608"/>
  <attribute name="Output I" value="200"/>
  <attribute name="Output T" value="4"/>
  <attribute name="Target GC Util Change" value ="20.000000" />
  <attribute name="Current GC Util Change" value="24.000000"/>
  <attribute name="GC Util currently" value="24" />
  <attribute name="CPU Util currently" value="6095687136852" />
<exclusive-end id="566" timestamp="2019-06-16T02:56:15.468" durationms="6.220" />

<exclusive-start id="567" timestamp="2019-06-16T02:56:15.514" intervalms="51.772">
  <response-info timems="0.123" idlems="0.123" threads="0" lastid="0000000001916700" lastname="main" />
</exclusive-start>
<allocation-taxation id="568" taxation-threshold="9437184" timestamp="2019-06-16T02:56:15.514" intervalms="51.862" />
<cycle-start id="569" type="global mark phase" contextid="0" timestamp="2019-06-16T02:56:15.514" intervalms="3188.708" />
<gc-start id="570" type="global mark phase" contextid="569" timestamp="2019-06-16T02:56:15.514">
  <mem-info id="571" free="9437184" total="56623104" percent="16">
    <remembered-set count="23104" freebytes="2167808" totalbytes="2260224" percent="95" regionsoverflowed="0" regionsstable="0" regionsrebuilding="0"/>
  </mem-info>
</gc-start>
<gc-op id="572" type="mark increment" timems="0.626" contextid="569" timestamp="2019-06-16T02:56:15.515">
  <trace-info objectcount="223" scancount="0" scanbytes="0" />
</gc-op>
<gc-end id="573" type="global mark phase" contextid="569" durationms="0.917" usertimems="0.000" systemtimems="0.000" timestamp="2019-06-16T02:56:15.515" activeThreads="1">
  <mem-info id="574" free="9437184" total="56623104" percent="16">
    <remembered-set count="23104" freebytes="2167808" totalbytes="2260224" percent="95" regionsoverflowed="0" regionsstable="0" regionsrebuilding="0"/>
  </mem-info>
</gc-end>
<concurrent-start id="575" type="GMP work packet processing" contextid="569" timestamp="2019-06-16T02:56:15.515">
  <concurrent-mark-start scanTarget="18446744073709551615" />
</concurrent-start>
<exclusive-end id="576" timestamp="2019-06-16T02:56:15.516" durationms="1.733" />

<concurrent-end id="577" type="GMP work packet processing" contextid="569" timestamp="2019-06-16T02:56:15.520">
  <concurrent-mark-end bytesScanned="3629428" reasonForTermination="Completed all work in GC phase" />
</concurrent-end>

<exclusive-start id="578" timestamp="2019-06-16T02:56:15.606" intervalms="92.139">
  <response-info timems="0.052" idlems="0.052" threads="0" lastid="0000000001916700" lastname="main" />
</exclusive-start>
<allocation-taxation id="579" taxation-threshold="9437184" timestamp="2019-06-16T02:56:15.606" intervalms="92.037" />
<cycle-start id="580" type="partial gc" contextid="0" timestamp="2019-06-16T02:56:15.606" intervalms="143.899" />
<gc-start id="581" type="partial gc" contextid="580" timestamp="2019-06-16T02:56:15.606">
  <mem-info id="582" free="0" total="56623104" percent="0">
    <mem type="eden" free="330088" total="18874368" percent="1" />
    <remembered-set count="23104" freebytes="2167808" totalbytes="2260224" percent="95" regionsoverflowed="0" regionsstable="0" regionsrebuilding="0"/>
  </mem-info>
</gc-start>
<allocation-stats totalBytes="18541688" >
  <allocated-bytes non-tlh="1491624" tlh="17050064" arrayletleaf="0"/>
  <largest-consumer threadName="main" threadId="0000000001916700" bytes="9105704" />
</allocation-stats>
<gc-op id="583" type="mark" timems="2.390" contextid="580" timestamp="2019-06-16T02:56:15.610">
  <trace-info objectcount="9645" scancount="8861" scanbytes="320840" />
  <cardclean-info objects="668" bytes="42876" />
  <remembered-set-cleared processed="20361" cleared="677" durationms="0.300" />
  <finalization candidates="3" enqueued="1" />
  <references type="soft" candidates="779" cleared="0" enqueued="0" dynamicThreshold="5" maxThreshold="32" />
  <references type="weak" candidates="138" cleared="19" enqueued="19" />
  <references type="phantom" candidates="3" cleared="0" enqueued="0" />
  <stringconstants candidates="13296" cleared="0"  />
  <warning details="Mark invoked due to insufficient free space for Copy-Forward" />
</gc-op>
<gc-op id="584" type="classunload" timems="0.004" contextid="580" timestamp="2019-06-16T02:56:15.610">
  <classunload-info classloadercandidates="55" classloadersunloaded="0" classesunloaded="0" anonymousclassesunloaded="0" quiescems="0.000" setupms="0.004" scanms="0.000" postms="0.000" />
</gc-op>
<gc-op id="585" type="sweep" timems="0.850" contextid="580" timestamp="2019-06-16T02:56:15.611" />
<gc-op id="586" type="compact" timems="3.043" contextid="580" timestamp="2019-06-16T02:56:15.614">
  <compact-info movecount="9435" movebytes="1359136" />
  <remembered-set-cleared processed="44558" cleared="5148" durationms="0.300" />
</gc-op>
<heap-resize id="587" type="expand" space="default" amount="5242880" count="1" timems="0.072" reason="insufficient free space following gc" timestamp="2019-06-16T02:56:15.614" />
<gc-end id="588" type="partial gc" contextid="580" durationms="8.064" usertimems="12.000" systemtimems="0.000" timestamp="2019-06-16T02:56:15.615" activeThreads="4">
  <mem-info id="589" free="22020096" total="61865984" percent="35">
    <mem type="eden" free="81792" total="2097152" percent="3" />
    <pending-finalizers system="0" default="1" reference="19" classloader="0" />
    <remembered-set count="25696" freebytes="2366720" totalbytes="2469504" percent="95" regionsoverflowed="0" regionsstable="0" regionsrebuilding="0"/>
  </mem-info>
</gc-end>
<cycle-end id="590" type="partial gc" contextid="580" timestamp="2019-06-16T02:56:15.615" />
  <attribute name="elasticGC enabled" value="1" />
  <attribute name= "numThreadsSpecified" value="4" />
  <attribute name="heapSize specified" value="0" />
  <attribute name="Current GC Util" value="118" />
  <attribute name= "Current Time Running" value="47976" />
  <attribute name ="GC Interval" value="0" />
  <attribute name="ProportionalT" value="147.000000" />
  <attribute name="ProportionalI" value="147.000000" />
  <attribute name="ProportionalH" value="147.000000" />
  <attribute name="Current Error" value="98.000000" />
  <attribute name="IntegralT" value="98.000000" />
  <attribute name="IntegralI" value="98.000000" />
  <attribute name="IntegralH" value="98.000000" />
  <attribute name="DerivativeT" value="98.000000" />
  <attribute name="DerivativeI" value="98.000000" />
  <attribute name="DerivativeH" value="98.000000" />
  <attribute name="Loop Time for DT" value="1.000000" />
  <attribute name="Output H" value="8388608"/>
  <attribute name="Output I" value="344"/>
  <attribute name="Output T" value="4"/>
  <attribute name="Target GC Util Change" value ="20.000000" />
  <attribute name="Current GC Util Change" value="118.000000"/>
  <attribute name="GC Util currently" value="118" />
  <attribute name="CPU Util currently" value="4134287434447" />
<exclusive-end id="591" timestamp="2019-06-16T02:56:15.615" durationms="9.216" />

<exclusive-start id="592" timestamp="2019-06-16T02:56:15.805" intervalms="199.138">
  <response-info timems="0.085" idlems="0.085" threads="0" lastid="0000000001916700" lastname="main" />
</exclusive-start>
<allocation-taxation id="593" taxation-threshold="10485760" timestamp="2019-06-16T02:56:15.805" intervalms="199.250" />
<gc-start id="594" type="global mark phase" contextid="569" timestamp="2019-06-16T02:56:15.806">
  <mem-info id="595" free="11534336" total="61865984" percent="18">
    <remembered-set count="25408" freebytes="2367872" totalbytes="2469504" percent="95" regionsoverflowed="0" regionsstable="0" regionsrebuilding="0"/>
  </mem-info>
</gc-start>
<gc-op id="596" type="mark increment" timems="2.927" contextid="569" timestamp="2019-06-16T02:56:15.809">
  <trace-info objectcount="24831" scancount="21732" scanbytes="629476" />
  <cardclean-info objects="784" bytes="46940" />
  <finalization candidates="81" enqueued="1" />
  <ownableSynchronizers candidates="23" cleared="0" />
  <references type="soft" candidates="2715" cleared="198" enqueued="193" dynamicThreshold="11" maxThreshold="32" />
  <references type="weak" candidates="5539" cleared="0" enqueued="0" />
  <references type="phantom" candidates="104" cleared="3" enqueued="3" />
  <stringconstants candidates="13308" cleared="0"  />
</gc-op>
<gc-op id="597" type="classunload" timems="0.007" contextid="569" timestamp="2019-06-16T02:56:15.809">
  <classunload-info classloadercandidates="55" classloadersunloaded="0" classesunloaded="0" anonymousclassesunloaded="0" quiescems="0.000" setupms="0.007" scanms="0.000" postms="0.000" />
</gc-op>
<gc-end id="598" type="global mark phase" contextid="569" durationms="3.378" usertimems="8.000" systemtimems="0.000" timestamp="2019-06-16T02:56:15.809" activeThreads="4">
  <mem-info id="599" free="11534336" total="61865984" percent="18">
    <pending-finalizers system="0" default="1" reference="196" classloader="0" />
    <remembered-set count="25408" freebytes="2367872" totalbytes="2469504" percent="95" regionsoverflowed="0" regionsstable="0" regionsrebuilding="0"/>
  </mem-info>
</gc-end>
<cycle-end id="600" type="global mark phase" contextid="569" timestamp="2019-06-16T02:56:15.809" />
  <attribute name="elasticGC enabled" value="1" />
  <attribute name= "numThreadsSpecified" value="4" />
  <attribute name="heapSize specified" value="0" />
  <attribute name="Current GC Util" value="0" />
  <attribute name= "Current Time Running" value="48173" />
  <attribute name ="GC Interval" value="0" />
  <attribute name="ProportionalT" value="-30.000000" />
  <attribute name="ProportionalI" value="-30.000000" />
  <attribute name="ProportionalH" value="-30.000000" />
  <attribute name="Current Error" value="-20.000000" />
  <attribute name="IntegralT" value="-40.000000" />
  <attribute name="IntegralI" value="-40.000000" />
  <attribute name="IntegralH" value="-40.000000" />
  <attribute name="DerivativeT" value="-42.500000" />
  <attribute name="DerivativeI" value="-42.500000" />
  <attribute name="DerivativeH" value="-42.500000" />
  <attribute name="Loop Time for DT" value="2.000000" />
  <attribute name="Output H" value="2091843584"/>
  <attribute name="Output I" value="200"/>
  <attribute name="Output T" value="4"/>
  <attribute name="Target GC Util Change" value ="20.000000" />
  <attribute name="Current GC Util Change" value="0.000000"/>
  <attribute name="GC Util currently" value="0" />
  <attribute name="CPU Util currently" value="3467511302609" />
<exclusive-end id="601" timestamp="2019-06-16T02:56:15.809" durationms="4.080" />

<exclusive-start id="602" timestamp="2019-06-16T02:56:15.931" intervalms="126.391">
  <response-info timems="0.061" idlems="0.061" threads="0" lastid="0000000001916700" lastname="main" />
</exclusive-start>
<allocation-taxation id="603" taxation-threshold="10485760" timestamp="2019-06-16T02:56:15.932" intervalms="126.327" />
<cycle-start id="604" type="partial gc" contextid="0" timestamp="2019-06-16T02:56:15.932" intervalms="325.574" />
<gc-start id="605" type="partial gc" contextid="604" timestamp="2019-06-16T02:56:15.932">
  <mem-info id="606" free="1048576" total="61865984" percent="1">
    <mem type="eden" free="0" total="20971520" percent="0" />
    <arraylet-primitive objects="1" leaves="1" largest="1" />
    <remembered-set count="25408" freebytes="2367872" totalbytes="2469504" percent="95" regionsoverflowed="0" regionsstable="0" regionsrebuilding="0"/>
  </mem-info>
</gc-start>
<allocation-stats totalBytes="20946464" >
  <allocated-bytes non-tlh="884968" tlh="19012920" arrayletleaf="1048576"/>
  <largest-consumer threadName="main" threadId="0000000001916700" bytes="10474992" />
</allocation-stats>
<gc-op id="607" type="sweep" timems="0.681" contextid="604" timestamp="2019-06-16T02:56:15.933" />
<gc-op id="608" type="copy forward" timems="4.794" contextid="604" timestamp="2019-06-16T02:56:15.938">
  <memory-copied type="eden" objects="18246" bytes="465008" bytesdiscarded="6786" />
  <memory-copied type="other" objects="23907" bytes="1620740" bytesdiscarded="68862" />
  <memory-cardclean objects="934" bytes="57008" />
  <memory-traced type="eden" objects="1680" bytes="37632" />
  <memory-traced type="other" objects="0" bytes="0" />
  <regions eden="10" other="12" evacuated="21" marked="1" />
  <remembered-set-cleared processed="21532" cleared="5164" durationms="0.189" />
  <finalization candidates="1" enqueued="0" />
  <references type="soft" candidates="777" cleared="0" enqueued="0" dynamicThreshold="5" maxThreshold="32" />
  <references type="weak" candidates="129" cleared="0" enqueued="0" />
  <references type="phantom" candidates="2" cleared="0" enqueued="0" />
  <stringconstants candidates="13308" cleared="0"  />
  <heap-resize type="expand" space="default" amount="2097152" count="2" timems="0.131" reason="continue current collection" />
</gc-op>
<gc-op id="609" type="classunload" timems="0.006" contextid="604" timestamp="2019-06-16T02:56:15.939">
  <classunload-info classloadercandidates="55" classloadersunloaded="0" classesunloaded="0" anonymousclassesunloaded="0" quiescems="0.000" setupms="0.006" scanms="0.000" postms="0.000" />
</gc-op>
<gc-op id="610" type="sweep" timems="0.461" contextid="604" timestamp="2019-06-16T02:56:15.939" />
<gc-op id="611" type="compact" timems="1.353" contextid="604" timestamp="2019-06-16T02:56:15.941">
  <compact-info movecount="2046" movebytes="52464" />
  <remembered-set-cleared processed="42789" cleared="5915" durationms="0.189" />
</gc-op>
<gc-end id="612" type="partial gc" contextid="604" durationms="9.033" usertimems="20.000" systemtimems="0.000" timestamp="2019-06-16T02:56:15.941" activeThreads="4">
  <mem-info id="613" free="22020096" total="63963136" percent="34">
    <mem type="eden" free="1308704" total="4194304" percent="31" />
    <arraylet-primitive objects="1" leaves="1" largest="1" />
    <remembered-set count="24384" freebytes="2455680" totalbytes="2553216" percent="96" regionsoverflowed="0" regionsstable="0" regionsrebuilding="0"/>
  </mem-info>
</gc-end>
<cycle-end id="614" type="partial gc" contextid="604" timestamp="2019-06-16T02:56:15.941" />
  <attribute name="elasticGC enabled" value="1" />
  <attribute name= "numThreadsSpecified" value="4" />
  <attribute name="heapSize specified" value="0" />
  <attribute name="Current GC Util" value="24" />
  <attribute name= "Current Time Running" value="48304" />
  <attribute name ="GC Interval" value="0" />
  <attribute name="ProportionalT" value="6.000000" />
  <attribute name="ProportionalI" value="6.000000" />
  <attribute name="ProportionalH" value="6.000000" />
  <attribute name="Current Error" value="4.000000" />
  <attribute name="IntegralT" value="0.000000" />
  <attribute name="IntegralI" value="0.000000" />
  <attribute name="IntegralH" value="0.000000" />
  <attribute name="DerivativeT" value="-inf" />
  <attribute name="DerivativeI" value="-inf" />
  <attribute name="DerivativeH" value="-inf" />
  <attribute name="Loop Time for DT" value="0.000000" />
  <attribute name="Output H" value="2091843584"/>
  <attribute name="Output I" value="200"/>
  <attribute name="Output T" value="4"/>
  <attribute name="Target GC Util Change" value ="20.000000" />
  <attribute name="Current GC Util Change" value="24.000000"/>
  <attribute name="GC Util currently" value="24" />
  <attribute name="CPU Util currently" value="6918314239038" />
<exclusive-end id="615" timestamp="2019-06-16T02:56:15.941" durationms="9.905" />

<exclusive-start id="616" timestamp="2019-06-16T02:56:16.095" intervalms="163.512">
  <response-info timems="0.139" idlems="0.139" threads="0" lastid="0000000001916700" lastname="main" />
</exclusive-start>
<allocation-taxation id="617" taxation-threshold="22020096" timestamp="2019-06-16T02:56:16.095" intervalms="163.622" />
<cycle-start id="618" type="partial gc" contextid="0" timestamp="2019-06-16T02:56:16.095" intervalms="163.681" />
<gc-start id="619" type="partial gc" contextid="618" timestamp="2019-06-16T02:56:16.096">
  <mem-info id="620" free="0" total="63963136" percent="0">
    <mem type="eden" free="0" total="22020096" percent="0" />
    <arraylet-primitive objects="1" leaves="1" largest="1" />
    <remembered-set count="24256" freebytes="2456192" totalbytes="2553216" percent="96" regionsoverflowed="0" regionsstable="0" regionsrebuilding="0"/>
  </mem-info>
</gc-start>
<allocation-stats totalBytes="22000656" >
  <allocated-bytes non-tlh="0" tlh="22000656" arrayletleaf="0"/>
  <largest-consumer threadName="main" threadId="0000000001916700" bytes="22000656" />
</allocation-stats>
<gc-op id="621" type="mark" timems="4.671" contextid="618" timestamp="2019-06-16T02:56:16.101">
  <trace-info objectcount="81272" scancount="69784" scanbytes="1701644" />
  <cardclean-info objects="326" bytes="22112" />
  <remembered-set-cleared processed="20781" cleared="2705" durationms="0.273" />
  <references type="soft" candidates="1" cleared="0" enqueued="0" dynamicThreshold="11" maxThreshold="32" />
  <references type="weak" candidates="12" cleared="0" enqueued="0" />
  <stringconstants candidates="13308" cleared="0"  />
  <warning details="Mark invoked due to insufficient free space for Copy-Forward" />
</gc-op>
<gc-op id="622" type="classunload" timems="0.019" contextid="618" timestamp="2019-06-16T02:56:16.101">
  <classunload-info classloadercandidates="55" classloadersunloaded="0" classesunloaded="0" anonymousclassesunloaded="0" quiescems="0.000" setupms="0.019" scanms="0.000" postms="0.000" />
</gc-op>
<gc-op id="623" type="sweep" timems="0.509" contextid="618" timestamp="2019-06-16T02:56:16.102" />
<gc-op id="624" type="compact" timems="5.596" contextid="618" timestamp="2019-06-16T02:56:16.108">
  <compact-info movecount="84193" movebytes="3071984" />
  <remembered-set-cleared processed="59743" cleared="28925" durationms="0.273" />
</gc-op>
<heap-resize id="625" type="contract" space="default" amount="2097152" count="1" timems="0.238" reason="insufficient time being spent in gc" timestamp="2019-06-16T02:56:16.108" />
<gc-end id="626" type="partial gc" contextid="618" durationms="12.503" usertimems="24.000" systemtimems="0.000" timestamp="2019-06-16T02:56:16.108" activeThreads="4">
  <mem-info id="627" free="22020096" total="61865984" percent="35">
    <mem type="eden" free="906576" total="2097152" percent="43" />
    <arraylet-primitive objects="1" leaves="1" largest="1" />
    <remembered-set count="31808" freebytes="2425984" totalbytes="2553216" percent="95" regionsoverflowed="0" regionsstable="0" regionsrebuilding="0"/>
  </mem-info>
</gc-end>
<cycle-end id="628" type="partial gc" contextid="618" timestamp="2019-06-16T02:56:16.108" />
  <attribute name="elasticGC enabled" value="1" />
  <attribute name= "numThreadsSpecified" value="4" />
  <attribute name="heapSize specified" value="0" />
  <attribute name="Current GC Util" value="45" />
  <attribute name= "Current Time Running" value="48467" />
  <attribute name ="GC Interval" value="0" />
  <attribute name="ProportionalT" value="37.500000" />
  <attribute name="ProportionalI" value="37.500000" />
  <attribute name="ProportionalH" value="37.500000" />
  <attribute name="Current Error" value="25.000000" />
  <attribute name="IntegralT" value="25.000000" />
  <attribute name="IntegralI" value="25.000000" />
  <attribute name="IntegralH" value="25.000000" />
  <attribute name="DerivativeT" value="25.000000" />
  <attribute name="DerivativeI" value="25.000000" />
  <attribute name="DerivativeH" value="25.000000" />
  <attribute name="Loop Time for DT" value="1.000000" />
  <attribute name="Output H" value="8388608"/>
  <attribute name="Output I" value="200"/>
  <attribute name="Output T" value="4"/>
  <attribute name="Target GC Util Change" value ="20.000000" />
  <attribute name="Current GC Util Change" value="45.000000"/>
  <attribute name="GC Util currently" value="45" />
  <attribute name="CPU Util currently" value="6100000802481" />
<exclusive-end id="629" timestamp="2019-06-16T02:56:16.109" durationms="13.540" />

<exclusive-start id="630" timestamp="2019-06-16T02:56:16.145" intervalms="50.074">
  <response-info timems="0.093" idlems="0.093" threads="0" lastid="0000000001916700" lastname="main" />
</exclusive-start>
<allocation-taxation id="631" taxation-threshold="10485760" timestamp="2019-06-16T02:56:16.145" intervalms="50.099" />
<cycle-start id="632" type="global mark phase" contextid="0" timestamp="2019-06-16T02:56:16.146" intervalms="631.340" />
<gc-start id="633" type="global mark phase" contextid="632" timestamp="2019-06-16T02:56:16.146">
  <mem-info id="634" free="11534336" total="61865984" percent="18">
    <remembered-set count="31424" freebytes="2427520" totalbytes="2553216" percent="95" regionsoverflowed="0" regionsstable="0" regionsrebuilding="0"/>
  </mem-info>
</gc-start>
<gc-op id="635" type="mark increment" timems="0.803" contextid="632" timestamp="2019-06-16T02:56:16.147">
  <trace-info objectcount="207" scancount="0" scanbytes="0" />
</gc-op>
<gc-end id="636" type="global mark phase" contextid="632" durationms="1.024" usertimems="0.000" systemtimems="4.000" timestamp="2019-06-16T02:56:16.147" activeThreads="4">
  <mem-info id="637" free="11534336" total="61865984" percent="18">
    <remembered-set count="31424" freebytes="2427520" totalbytes="2553216" percent="95" regionsoverflowed="0" regionsstable="0" regionsrebuilding="0"/>
  </mem-info>
</gc-end>
<concurrent-start id="638" type="GMP work packet processing" contextid="632" timestamp="2019-06-16T02:56:16.147">
  <concurrent-mark-start scanTarget="1202143" />
</concurrent-start>
<exclusive-end id="639" timestamp="2019-06-16T02:56:16.147" durationms="1.866" />

<concurrent-end id="640" type="GMP work packet processing" contextid="632" timestamp="2019-06-16T02:56:16.148">
  <concurrent-mark-end bytesScanned="1266156" reasonForTermination="Work target met" />
</concurrent-end>

<exclusive-start id="641" timestamp="2019-06-16T02:56:16.185" intervalms="40.078">
  <response-info timems="0.059" idlems="0.059" threads="0" lastid="0000000001916700" lastname="main" />
</exclusive-start>
<allocation-taxation id="642" taxation-threshold="10485760" timestamp="2019-06-16T02:56:16.185" intervalms="39.988" />
<cycle-start id="643" type="partial gc" contextid="0" timestamp="2019-06-16T02:56:16.185" intervalms="90.054" />
<gc-start id="644" type="partial gc" contextid="643" timestamp="2019-06-16T02:56:16.186">
  <mem-info id="645" free="1048576" total="61865984" percent="1">
    <mem type="eden" free="0" total="22020096" percent="0" />
    <arraylet-primitive objects="1" leaves="1" largest="1" />
    <remembered-set count="31424" freebytes="2427520" totalbytes="2553216" percent="95" regionsoverflowed="0" regionsstable="0" regionsrebuilding="0"/>
  </mem-info>
</gc-start>
<allocation-stats totalBytes="20950824" >
  <allocated-bytes non-tlh="0" tlh="20950824" arrayletleaf="0"/>
  <largest-consumer threadName="main" threadId="0000000001916700" bytes="10476432" />
</allocation-stats>
<gc-op id="646" type="copy forward" timems="13.357" contextid="643" timestamp="2019-06-16T02:56:16.200">
  <memory-copied type="eden" objects="42002" bytes="1025880" bytesdiscarded="0" />
  <memory-copied type="other" objects="75003" bytes="1886752" bytesdiscarded="8" />
  <memory-cardclean objects="16191" bytes="629808" />
  <regions eden="20" other="3" />
  <remembered-set-cleared processed="21863" cleared="10812" durationms="0.276" />
  <stringconstants candidates="13308" cleared="0"  />
  <heap-resize type="expand" space="default" amount="3145728" count="3" timems="0.170" reason="continue current collection" />
</gc-op>
<gc-op id="647" type="classunload" timems="0.009" contextid="643" timestamp="2019-06-16T02:56:16.200">
  <classunload-info classloadercandidates="55" classloadersunloaded="0" classesunloaded="0" anonymousclassesunloaded="0" quiescems="0.000" setupms="0.008" scanms="0.000" postms="0.000" />
</gc-op>
<gc-op id="648" type="compact" timems="2.038" contextid="643" timestamp="2019-06-16T02:56:16.202">
  <compact-info movecount="5963" movebytes="253784" />
  <remembered-set-cleared processed="45699" cleared="15663" durationms="0.276" />
</gc-op>
<gc-end id="649" type="partial gc" contextid="643" durationms="16.799" usertimems="28.000" systemtimems="0.000" timestamp="2019-06-16T02:56:16.203" activeThreads="4">
  <mem-info id="650" free="25165824" total="65011712" percent="38">
    <mem type="eden" free="22696" total="1048576" percent="2" />
    <arraylet-primitive objects="1" leaves="1" largest="1" />
    <remembered-set count="26656" freebytes="2488448" totalbytes="2595072" percent="95" regionsoverflowed="0" regionsstable="0" regionsrebuilding="0"/>
  </mem-info>
</gc-end>
<cycle-end id="651" type="partial gc" contextid="643" timestamp="2019-06-16T02:56:16.203" />
  <attribute name="elasticGC enabled" value="1" />
  <attribute name= "numThreadsSpecified" value="4" />
  <attribute name="heapSize specified" value="0" />
  <attribute name="Current GC Util" value="0" />
  <attribute name= "Current Time Running" value="48565" />
  <attribute name ="GC Interval" value="0" />
  <attribute name="ProportionalT" value="-30.000000" />
  <attribute name="ProportionalI" value="-30.000000" />
  <attribute name="ProportionalH" value="-30.000000" />
  <attribute name="Current Error" value="-20.000000" />
  <attribute name="IntegralT" value="-280.000000" />
  <attribute name="IntegralI" value="-280.000000" />
  <attribute name="IntegralH" value="-280.000000" />
  <attribute name="DerivativeT" value="-3.071429" />
  <attribute name="DerivativeI" value="-3.071429" />
  <attribute name="DerivativeH" value="-3.071429" />
  <attribute name="Loop Time for DT" value="14.000000" />
  <attribute name="Output H" value="2091843584"/>
  <attribute name="Output I" value="200"/>
  <attribute name="Output T" value="4"/>
  <attribute name="Target GC Util Change" value ="20.000000" />
  <attribute name="Current GC Util Change" value="0.000000"/>
  <attribute name="GC Util currently" value="0" />
  <attribute name="CPU Util currently" value="333756154165" />
<exclusive-end id="652" timestamp="2019-06-16T02:56:16.203" durationms="17.724" />

<exclusive-start id="653" timestamp="2019-06-16T02:56:16.237" intervalms="52.029">
  <response-info timems="0.083" idlems="0.083" threads="0" lastid="0000000001916700" lastname="main" />
</exclusive-start>
<allocation-taxation id="654" taxation-threshold="11534336" timestamp="2019-06-16T02:56:16.237" intervalms="52.060" />
<gc-start id="655" type="global mark phase" contextid="632" timestamp="2019-06-16T02:56:16.238">
  <mem-info id="656" free="13631488" total="65011712" percent="20">
    <remembered-set count="26400" freebytes="2489472" totalbytes="2595072" percent="95" regionsoverflowed="0" regionsstable="0" regionsrebuilding="0"/>
  </mem-info>
</gc-start>
<gc-end id="657" type="global mark phase" contextid="632" durationms="0.113" usertimems="0.000" systemtimems="0.000" timestamp="2019-06-16T02:56:16.238" activeThreads="4">
  <mem-info id="658" free="13631488" total="65011712" percent="20">
    <remembered-set count="26400" freebytes="2489472" totalbytes="2595072" percent="95" regionsoverflowed="0" regionsstable="0" regionsrebuilding="0"/>
  </mem-info>
</gc-end>
<concurrent-start id="659" type="GMP work packet processing" contextid="632" timestamp="2019-06-16T02:56:16.238">
  <concurrent-mark-start scanTarget="2404287" />
</concurrent-start>
<concurrent-end id="660" type="GMP work packet processing" contextid="632" timestamp="2019-06-16T02:56:16.240">
  <concurrent-mark-end bytesScanned="2438112" reasonForTermination="Work target met" />
</concurrent-end>

<exclusive-end id="661" timestamp="2019-06-16T02:56:16.240" durationms="2.842" />

<exclusive-start id="662" timestamp="2019-06-16T02:56:16.275" intervalms="37.379">
  <response-info timems="0.055" idlems="0.055" threads="0" lastid="0000000001916700" lastname="main" />
</exclusive-start>
<allocation-taxation id="663" taxation-threshold="11534336" timestamp="2019-06-16T02:56:16.275" intervalms="37.333" />
<cycle-start id="664" type="partial gc" contextid="0" timestamp="2019-06-16T02:56:16.275" intervalms="89.450" />
<gc-start id="665" type="partial gc" contextid="664" timestamp="2019-06-16T02:56:16.275">
  <mem-info id="666" free="2097152" total="65011712" percent="3">
    <mem type="eden" free="0" total="23068672" percent="0" />
    <arraylet-primitive objects="1" leaves="1" largest="1" />
    <remembered-set count="26400" freebytes="2489472" totalbytes="2595072" percent="95" regionsoverflowed="0" regionsstable="0" regionsrebuilding="0"/>
  </mem-info>
</gc-start>
<allocation-stats totalBytes="23045016" >
  <allocated-bytes non-tlh="0" tlh="23045016" arrayletleaf="0"/>
  <largest-consumer threadName="main" threadId="0000000001916700" bytes="11520296" />
</allocation-stats>
<gc-op id="667" type="copy forward" timems="10.122" contextid="664" timestamp="2019-06-16T02:56:16.286">
  <memory-copied type="eden" objects="49901" bytes="1373904" bytesdiscarded="16" />
  <memory-copied type="other" objects="41970" bytes="1026088" bytesdiscarded="0" />
  <memory-cardclean objects="5122" bytes="214656" />
  <regions eden="22" other="2" />
  <remembered-set-cleared processed="23052" cleared="3047" durationms="0.300" />
  <references type="soft" candidates="1" cleared="0" enqueued="0" dynamicThreshold="6" maxThreshold="32" />
  <references type="weak" candidates="4" cleared="0" enqueued="0" />
  <stringconstants candidates="13308" cleared="0"  />
  <heap-resize type="expand" space="default" amount="2097152" count="2" timems="0.135" reason="continue current collection" />
</gc-op>
<gc-op id="668" type="classunload" timems="0.021" contextid="664" timestamp="2019-06-16T02:56:16.286">
  <classunload-info classloadercandidates="55" classloadersunloaded="0" classesunloaded="0" anonymousclassesunloaded="0" quiescems="0.000" setupms="0.021" scanms="0.000" postms="0.000" />
</gc-op>
<gc-op id="669" type="compact" timems="2.131" contextid="664" timestamp="2019-06-16T02:56:16.289">
  <compact-info movecount="6141" movebytes="240320" />
  <remembered-set-cleared processed="49204" cleared="5742" durationms="0.300" />
</gc-op>
<heap-resize id="670" type="expand" space="default" amount="11534336" count="1" timems="0.120" reason="excessive time being spent in gc" timestamp="2019-06-16T02:56:16.289" />
<gc-end id="671" type="partial gc" contextid="664" durationms="13.980" usertimems="12.000" systemtimems="0.000" timestamp="2019-06-16T02:56:16.289" activeThreads="4">
  <mem-info id="672" free="37748736" total="78643200" percent="48">
    <mem type="eden" free="723232" total="2097152" percent="34" />
    <arraylet-primitive objects="1" leaves="1" largest="1" />
    <remembered-set count="29984" freebytes="3019264" totalbytes="3139200" percent="96" regionsoverflowed="0" regionsstable="0" regionsrebuilding="0"/>
  </mem-info>
</gc-end>
<cycle-end id="673" type="partial gc" contextid="664" timestamp="2019-06-16T02:56:16.289" />
  <attribute name="elasticGC enabled" value="1" />
  <attribute name= "numThreadsSpecified" value="4" />
  <attribute name="heapSize specified" value="0" />
  <attribute name="Current GC Util" value="0" />
  <attribute name= "Current Time Running" value="48651" />
  <attribute name ="GC Interval" value="0" />
  <attribute name="ProportionalT" value="-30.000000" />
  <attribute name="ProportionalI" value="-30.000000" />
  <attribute name="ProportionalH" value="-30.000000" />
  <attribute name="Current Error" value="-20.000000" />
  <attribute name="IntegralT" value="-200.000000" />
  <attribute name="IntegralI" value="-200.000000" />
  <attribute name="IntegralH" value="-200.000000" />
  <attribute name="DerivativeT" value="-4.100000" />
  <attribute name="DerivativeI" value="-4.100000" />
  <attribute name="DerivativeH" value="-4.100000" />
  <attribute name="Loop Time for DT" value="10.000000" />
  <attribute name="Output H" value="2091843584"/>
  <attribute name="Output I" value="200"/>
  <attribute name="Output T" value="4"/>
  <attribute name="Target GC Util Change" value ="20.000000" />
  <attribute name="Current GC Util Change" value="0.000000"/>
  <attribute name="GC Util currently" value="0" />
  <attribute name="CPU Util currently" value="437997732154" />
<exclusive-end id="674" timestamp="2019-06-16T02:56:16.290" durationms="15.128" />

<exclusive-start id="675" timestamp="2019-06-16T02:56:16.315" intervalms="40.700">
  <response-info timems="0.082" idlems="0.082" threads="0" lastid="0000000001916700" lastname="main" />
</exclusive-start>
<allocation-taxation id="676" taxation-threshold="12582912" timestamp="2019-06-16T02:56:16.315" intervalms="40.753" />
<gc-start id="677" type="global mark phase" contextid="632" timestamp="2019-06-16T02:56:16.316">
  <mem-info id="678" free="25165824" total="78643200" percent="32">
    <remembered-set count="29504" freebytes="3021184" totalbytes="3139200" percent="96" regionsoverflowed="0" regionsstable="0" regionsrebuilding="0"/>
  </mem-info>
</gc-start>
<gc-end id="679" type="global mark phase" contextid="632" durationms="0.148" usertimems="0.000" systemtimems="0.000" timestamp="2019-06-16T02:56:16.316" activeThreads="4">
  <mem-info id="680" free="25165824" total="78643200" percent="32">
    <remembered-set count="29504" freebytes="3021184" totalbytes="3139200" percent="96" regionsoverflowed="0" regionsstable="0" regionsrebuilding="0"/>
  </mem-info>
</gc-end>
<concurrent-start id="681" type="GMP work packet processing" contextid="632" timestamp="2019-06-16T02:56:16.316">
  <concurrent-mark-start scanTarget="2404287" />
</concurrent-start>
<exclusive-end id="682" timestamp="2019-06-16T02:56:16.316" durationms="0.867" />

<concurrent-end id="683" type="GMP work packet processing" contextid="632" timestamp="2019-06-16T02:56:16.318">
  <concurrent-mark-end bytesScanned="2438924" reasonForTermination="Work target met" />
</concurrent-end>

<exclusive-start id="684" timestamp="2019-06-16T02:56:16.343" intervalms="27.552">
  <response-info timems="0.081" idlems="0.081" threads="0" lastid="0000000001916700" lastname="main" />
</exclusive-start>
<allocation-taxation id="685" taxation-threshold="12582912" timestamp="2019-06-16T02:56:16.343" intervalms="27.485" />
<cycle-start id="686" type="partial gc" contextid="0" timestamp="2019-06-16T02:56:16.343" intervalms="68.238" />
<gc-start id="687" type="partial gc" contextid="686" timestamp="2019-06-16T02:56:16.343">
  <mem-info id="688" free="12582912" total="78643200" percent="16">
    <mem type="eden" free="0" total="25165824" percent="0" />
    <arraylet-primitive objects="1" leaves="1" largest="1" />
    <remembered-set count="29504" freebytes="3021184" totalbytes="3139200" percent="96" regionsoverflowed="0" regionsstable="0" regionsrebuilding="0"/>
  </mem-info>
</gc-start>
<allocation-stats totalBytes="25141848" >
  <allocated-bytes non-tlh="0" tlh="25141848" arrayletleaf="0"/>
  <largest-consumer threadName="main" threadId="0000000001916700" bytes="12570144" />
</allocation-stats>
<gc-op id="689" type="copy forward" timems="12.622" contextid="686" timestamp="2019-06-16T02:56:16.357">
  <memory-copied type="eden" objects="51716" bytes="1267440" bytesdiscarded="24" />
  <memory-copied type="other" objects="54868" bytes="1613400" bytesdiscarded="176" />
  <memory-cardclean objects="13064" bytes="524672" />
  <regions eden="24" other="5" />
  <remembered-set-cleared processed="24998" cleared="7891" durationms="0.343" />
  <finalization candidates="3" enqueued="0" />
  <references type="soft" candidates="161" cleared="0" enqueued="0" dynamicThreshold="10" maxThreshold="32" />
  <references type="weak" candidates="298" cleared="0" enqueued="0" />
  <references type="phantom" candidates="1" cleared="0" enqueued="0" />
  <stringconstants candidates="13308" cleared="11"  />
</gc-op>
<gc-op id="690" type="classunload" timems="0.006" contextid="686" timestamp="2019-06-16T02:56:16.357">
  <classunload-info classloadercandidates="55" classloadersunloaded="0" classesunloaded="0" anonymousclassesunloaded="0" quiescems="0.000" setupms="0.006" scanms="0.000" postms="0.000" />
</gc-op>
<heap-resize id="691" type="expand" space="default" amount="13631488" count="1" timems="0.125" reason="excessive time being spent in gc" timestamp="2019-06-16T02:56:16.357" />
<gc-end id="692" type="partial gc" contextid="686" durationms="14.176" usertimems="12.000" systemtimems="0.000" timestamp="2019-06-16T02:56:16.358" activeThreads="1">
  <mem-info id="693" free="51380224" total="92274688" percent="55">
    <mem type="eden" free="829688" total="2097152" percent="39" />
    <arraylet-primitive objects="1" leaves="1" largest="1" />
    <remembered-set count="31296" freebytes="3558144" totalbytes="3683328" percent="96" regionsoverflowed="0" regionsstable="0" regionsrebuilding="0"/>
  </mem-info>
</gc-end>
<cycle-end id="694" type="partial gc" contextid="686" timestamp="2019-06-16T02:56:16.358" />
  <attribute name="elasticGC enabled" value="1" />
  <attribute name= "numThreadsSpecified" value="1" />
  <attribute name="heapSize specified" value="0" />
  <attribute name="Current GC Util" value="55" />
  <attribute name= "Current Time Running" value="48709" />
  <attribute name ="GC Interval" value="0" />
  <attribute name="ProportionalT" value="52.500000" />
  <attribute name="ProportionalI" value="52.500000" />
  <attribute name="ProportionalH" value="52.500000" />
  <attribute name="Current Error" value="35.000000" />
  <attribute name="IntegralT" value="0.000000" />
  <attribute name="IntegralI" value="0.000000" />
  <attribute name="IntegralH" value="0.000000" />
  <attribute name="DerivativeT" value="inf" />
  <attribute name="DerivativeI" value="inf" />
  <attribute name="DerivativeH" value="inf" />
  <attribute name="Loop Time for DT" value="0.000000" />
  <attribute name="Output H" value="8388608"/>
  <attribute name="Output I" value="200"/>
  <attribute name="Output T" value="1"/>
  <attribute name="Target GC Util Change" value ="20.000000" />
  <attribute name="Current GC Util Change" value="55.000000"/>
  <attribute name="GC Util currently" value="55" />
  <attribute name="CPU Util currently" value="16850650413250" />
<exclusive-end id="695" timestamp="2019-06-16T02:56:16.358" durationms="15.225" />

<exclusive-start id="696" timestamp="2019-06-16T02:56:16.388" intervalms="45.450">
  <response-info timems="0.084" idlems="0.084" threads="0" lastid="0000000001916700" lastname="main" />
</exclusive-start>
<allocation-taxation id="697" taxation-threshold="14680064" timestamp="2019-06-16T02:56:16.388" intervalms="45.483" />
<gc-start id="698" type="global mark phase" contextid="632" timestamp="2019-06-16T02:56:16.389">
  <mem-info id="699" free="36700160" total="92274688" percent="39">
    <remembered-set count="31264" freebytes="3558272" totalbytes="3683328" percent="96" regionsoverflowed="0" regionsstable="0" regionsrebuilding="0"/>
  </mem-info>
</gc-start>
<gc-end id="700" type="global mark phase" contextid="632" durationms="0.116" usertimems="0.000" systemtimems="0.000" timestamp="2019-06-16T02:56:16.389" activeThreads="1">
  <mem-info id="701" free="36700160" total="92274688" percent="39">
    <remembered-set count="31264" freebytes="3558272" totalbytes="3683328" percent="96" regionsoverflowed="0" regionsstable="0" regionsrebuilding="0"/>
  </mem-info>
</gc-end>
<concurrent-start id="702" type="GMP work packet processing" contextid="632" timestamp="2019-06-16T02:56:16.389">
  <concurrent-mark-start scanTarget="1048576" />
</concurrent-start>
<exclusive-end id="703" timestamp="2019-06-16T02:56:16.389" durationms="0.755" />

<concurrent-end id="704" type="GMP work packet processing" contextid="632" timestamp="2019-06-16T02:56:16.390">
  <concurrent-mark-end bytesScanned="1076936" reasonForTermination="Work target met" />
</concurrent-end>

<exclusive-start id="705" timestamp="2019-06-16T02:56:16.419" intervalms="30.738">
  <response-info timems="0.095" idlems="0.095" threads="0" lastid="0000000001916700" lastname="main" />
</exclusive-start>
<allocation-taxation id="706" taxation-threshold="14680064" timestamp="2019-06-16T02:56:16.419" intervalms="30.653" />
<cycle-start id="707" type="partial gc" contextid="0" timestamp="2019-06-16T02:56:16.419" intervalms="76.117" />
<gc-start id="708" type="partial gc" contextid="707" timestamp="2019-06-16T02:56:16.420">
  <mem-info id="709" free="22020096" total="92274688" percent="23">
    <mem type="eden" free="0" total="29360128" percent="0" />
    <arraylet-primitive objects="1" leaves="1" largest="1" />
    <remembered-set count="31264" freebytes="3558272" totalbytes="3683328" percent="96" regionsoverflowed="0" regionsstable="0" regionsrebuilding="0"/>
  </mem-info>
</gc-start>
<allocation-stats totalBytes="29314576" >
  <allocated-bytes non-tlh="0" tlh="29314576" arrayletleaf="0"/>
  <largest-consumer threadName="main" threadId="0000000001916700" bytes="14651192" />
</allocation-stats>
<gc-op id="710" type="copy forward" timems="13.782" contextid="707" timestamp="2019-06-16T02:56:16.434">
  <memory-copied type="eden" objects="59612" bytes="1447000" bytesdiscarded="0" />
  <memory-copied type="other" objects="58518" bytes="1528040" bytesdiscarded="104" />
  <memory-cardclean objects="13416" bytes="556760" />
  <regions eden="28" other="6" />
  <remembered-set-cleared processed="27636" cleared="7151" durationms="0.363" />
  <references type="soft" candidates="398" cleared="0" enqueued="0" dynamicThreshold="12" maxThreshold="32" />
  <references type="weak" candidates="662" cleared="0" enqueued="0" />
  <references type="phantom" candidates="1" cleared="0" enqueued="0" />
  <stringconstants candidates="13297" cleared="0"  />
</gc-op>
<gc-op id="711" type="classunload" timems="0.006" contextid="707" timestamp="2019-06-16T02:56:16.434">
  <classunload-info classloadercandidates="55" classloadersunloaded="0" classesunloaded="0" anonymousclassesunloaded="0" quiescems="0.000" setupms="0.006" scanms="0.000" postms="0.000" />
</gc-op>
<heap-resize id="712" type="expand" space="default" amount="10485760" count="1" timems="0.104" reason="excessive time being spent in gc" timestamp="2019-06-16T02:56:16.435" />
<gc-end id="713" type="partial gc" contextid="707" durationms="15.219" usertimems="16.000" systemtimems="0.000" timestamp="2019-06-16T02:56:16.435" activeThreads="1">
  <mem-info id="714" free="61865984" total="102760448" percent="60">
    <mem type="eden" free="650152" total="2097152" percent="31" />
    <arraylet-primitive objects="1" leaves="1" largest="1" />
    <remembered-set count="34848" freebytes="3962496" totalbytes="4101888" percent="96" regionsoverflowed="0" regionsstable="0" regionsrebuilding="0"/>
  </mem-info>
</gc-end>
<cycle-end id="715" type="partial gc" contextid="707" timestamp="2019-06-16T02:56:16.435" />
  <attribute name="elasticGC enabled" value="1" />
  <attribute name= "numThreadsSpecified" value="1" />
  <attribute name="heapSize specified" value="0" />
  <attribute name="Current GC Util" value="47" />
  <attribute name= "Current Time Running" value="48785" />
  <attribute name ="GC Interval" value="0" />
  <attribute name="ProportionalT" value="40.500000" />
  <attribute name="ProportionalI" value="40.500000" />
  <attribute name="ProportionalH" value="40.500000" />
  <attribute name="Current Error" value="27.000000" />
  <attribute name="IntegralT" value="0.000000" />
  <attribute name="IntegralI" value="0.000000" />
  <attribute name="IntegralH" value="0.000000" />
  <attribute name="DerivativeT" value="inf" />
  <attribute name="DerivativeI" value="inf" />
  <attribute name="DerivativeH" value="inf" />
  <attribute name="Loop Time for DT" value="0.000000" />
  <attribute name="Output H" value="8388608"/>
  <attribute name="Output I" value="200"/>
  <attribute name="Output T" value="1"/>
  <attribute name="Target GC Util Change" value ="20.000000" />
  <attribute name="Current GC Util Change" value="47.000000"/>
  <attribute name="GC Util currently" value="47" />
  <attribute name="CPU Util currently" value="15168123736871" />
<exclusive-end id="716" timestamp="2019-06-16T02:56:16.435" durationms="16.218" />

<exclusive-start id="717" timestamp="2019-06-16T02:56:16.482" intervalms="63.329">
  <response-info timems="0.087" idlems="0.087" threads="0" lastid="0000000001916700" lastname="main" />
</exclusive-start>
<allocation-taxation id="718" taxation-threshold="15728640" timestamp="2019-06-16T02:56:16.483" intervalms="63.430" />
<gc-start id="719" type="global mark phase" contextid="632" timestamp="2019-06-16T02:56:16.483">
  <mem-info id="720" free="46137344" total="102760448" percent="44">
    <remembered-set count="34464" freebytes="3964032" totalbytes="4101888" percent="96" regionsoverflowed="0" regionsstable="0" regionsrebuilding="0"/>
  </mem-info>
</gc-start>
<gc-end id="721" type="global mark phase" contextid="632" durationms="0.074" usertimems="0.000" systemtimems="0.000" timestamp="2019-06-16T02:56:16.483" activeThreads="1">
  <mem-info id="722" free="46137344" total="102760448" percent="44">
    <remembered-set count="34464" freebytes="3964032" totalbytes="4101888" percent="96" regionsoverflowed="0" regionsstable="0" regionsrebuilding="0"/>
  </mem-info>
</gc-end>
<concurrent-start id="723" type="GMP work packet processing" contextid="632" timestamp="2019-06-16T02:56:16.483">
  <concurrent-mark-start scanTarget="1048576" />
</concurrent-start>
<concurrent-end id="724" type="GMP work packet processing" contextid="632" timestamp="2019-06-16T02:56:16.484">
  <concurrent-mark-end bytesScanned="692260" reasonForTermination="Completed all work in GC phase" />
</concurrent-end>

<exclusive-end id="725" timestamp="2019-06-16T02:56:16.484" durationms="1.419" />

<exclusive-start id="726" timestamp="2019-06-16T02:56:16.516" intervalms="33.808">
  <response-info timems="0.078" idlems="0.078" threads="0" lastid="0000000001916700" lastname="main" />
</exclusive-start>
<allocation-taxation id="727" taxation-threshold="15728640" timestamp="2019-06-16T02:56:16.516" intervalms="33.762" />
<cycle-start id="728" type="partial gc" contextid="0" timestamp="2019-06-16T02:56:16.517" intervalms="97.265" />
<gc-start id="729" type="partial gc" contextid="728" timestamp="2019-06-16T02:56:16.517">
  <mem-info id="730" free="30408704" total="102760448" percent="29">
    <mem type="eden" free="0" total="31457280" percent="0" />
    <arraylet-primitive objects="1" leaves="1" largest="1" />
    <remembered-set count="34464" freebytes="3964032" totalbytes="4101888" percent="96" regionsoverflowed="0" regionsstable="0" regionsrebuilding="0"/>
  </mem-info>
</gc-start>
<allocation-stats totalBytes="31420928" >
  <allocated-bytes non-tlh="262160" tlh="31158768" arrayletleaf="0"/>
  <largest-consumer threadName="main" threadId="0000000001916700" bytes="15711928" />
</allocation-stats>
<gc-op id="731" type="copy forward" timems="8.011" contextid="728" timestamp="2019-06-16T02:56:16.526">
  <memory-copied type="eden" objects="67141" bytes="1955048" bytesdiscarded="13880" />
  <memory-copied type="other" objects="62672" bytes="1831808" bytesdiscarded="62968" />
  <memory-cardclean objects="27088" bytes="996056" />
  <regions eden="30" other="6" />
  <remembered-set-cleared processed="29147" cleared="8751" durationms="0.182" />
  <references type="soft" candidates="459" cleared="0" enqueued="0" dynamicThreshold="14" maxThreshold="32" />
  <references type="weak" candidates="1711" cleared="0" enqueued="0" />
  <references type="phantom" candidates="6" cleared="0" enqueued="0" />
  <stringconstants candidates="13297" cleared="0"  />
</gc-op>
<gc-op id="732" type="classunload" timems="0.006" contextid="728" timestamp="2019-06-16T02:56:16.526">
  <classunload-info classloadercandidates="55" classloadersunloaded="0" classesunloaded="0" anonymousclassesunloaded="0" quiescems="0.000" setupms="0.006" scanms="0.000" postms="0.000" />
</gc-op>
<gc-end id="733" type="partial gc" contextid="728" durationms="9.095" usertimems="24.000" systemtimems="0.000" timestamp="2019-06-16T02:56:16.526" activeThreads="4">
  <mem-info id="734" free="61865984" total="102760448" percent="60">
    <mem type="eden" free="128224" total="2097152" percent="6" />
    <arraylet-primitive objects="1" leaves="1" largest="1" />
    <remembered-set count="41888" freebytes="3934336" totalbytes="4101888" percent="95" regionsoverflowed="0" regionsstable="0" regionsrebuilding="0"/>
  </mem-info>
</gc-end>
<cycle-end id="735" type="partial gc" contextid="728" timestamp="2019-06-16T02:56:16.526" />
  <attribute name="elasticGC enabled" value="1" />
  <attribute name= "numThreadsSpecified" value="4" />
  <attribute name="heapSize specified" value="0" />
  <attribute name="Current GC Util" value="60" />
  <attribute name= "Current Time Running" value="48883" />
  <attribute name ="GC Interval" value="0" />
  <attribute name="ProportionalT" value="60.000000" />
  <attribute name="ProportionalI" value="60.000000" />
  <attribute name="ProportionalH" value="60.000000" />
  <attribute name="Current Error" value="40.000000" />
  <attribute name="IntegralT" value="40.000000" />
  <attribute name="IntegralI" value="40.000000" />
  <attribute name="IntegralH" value="40.000000" />
  <attribute name="DerivativeT" value="40.000000" />
  <attribute name="DerivativeI" value="40.000000" />
  <attribute name="DerivativeH" value="40.000000" />
  <attribute name="Loop Time for DT" value="1.000000" />
  <attribute name="Output H" value="8388608"/>
  <attribute name="Output I" value="200"/>
  <attribute name="Output T" value="4"/>
  <attribute name="Target GC Util Change" value ="20.000000" />
  <attribute name="Current GC Util Change" value="60.000000"/>
  <attribute name="GC Util currently" value="60" />
  <attribute name="CPU Util currently" value="17955971406723" />
<exclusive-end id="736" timestamp="2019-06-16T02:56:16.526" durationms="10.223" />

<exclusive-start id="737" timestamp="2019-06-16T02:56:16.559" intervalms="42.889">
  <response-info timems="0.071" idlems="0.071" threads="0" lastid="0000000001916700" lastname="main" />
</exclusive-start>
<allocation-taxation id="738" taxation-threshold="15728640" timestamp="2019-06-16T02:56:16.559" intervalms="42.903" />
<gc-start id="739" type="global mark phase" contextid="632" timestamp="2019-06-16T02:56:16.559">
  <mem-info id="740" free="46137344" total="102760448" percent="44">
    <remembered-set count="41408" freebytes="3936256" totalbytes="4101888" percent="95" regionsoverflowed="0" regionsstable="0" regionsrebuilding="0"/>
  </mem-info>
</gc-start>
<gc-op id="741" type="mark increment" timems="6.437" contextid="632" timestamp="2019-06-16T02:56:16.566">
  <trace-info objectcount="160508" scancount="137331" scanbytes="3681888" />
  <cardclean-info objects="104660" bytes="2953664" />
  <finalization candidates="80" enqueued="0" />
  <ownableSynchronizers candidates="23" cleared="0" />
  <references type="soft" candidates="2517" cleared="5" enqueued="5" dynamicThreshold="19" maxThreshold="32" />
  <references type="weak" candidates="5515" cleared="1" enqueued="1" />
  <references type="phantom" candidates="101" cleared="0" enqueued="0" />
  <stringconstants candidates="13297" cleared="23"  />
</gc-op>
<gc-op id="742" type="classunload" timems="0.007" contextid="632" timestamp="2019-06-16T02:56:16.566">
  <classunload-info classloadercandidates="55" classloadersunloaded="0" classesunloaded="0" anonymousclassesunloaded="0" quiescems="0.000" setupms="0.007" scanms="0.000" postms="0.000" />
</gc-op>
<gc-end id="743" type="global mark phase" contextid="632" durationms="6.841" usertimems="16.000" systemtimems="0.000" timestamp="2019-06-16T02:56:16.566" activeThreads="4">
  <mem-info id="744" free="46137344" total="102760448" percent="44">
    <pending-finalizers system="0" default="0" reference="6" classloader="0" />
    <remembered-set count="41408" freebytes="3936256" totalbytes="4101888" percent="95" regionsoverflowed="0" regionsstable="0" regionsrebuilding="0"/>
  </mem-info>
</gc-end>
<cycle-end id="745" type="global mark phase" contextid="632" timestamp="2019-06-16T02:56:16.566" />
  <attribute name="elasticGC enabled" value="1" />
  <attribute name= "numThreadsSpecified" value="4" />
  <attribute name="heapSize specified" value="0" />
  <attribute name="Current GC Util" value="192" />
  <attribute name= "Current Time Running" value="48929" />
  <attribute name ="GC Interval" value="0" />
  <attribute name="ProportionalT" value="258.000000" />
  <attribute name="ProportionalI" value="258.000000" />
  <attribute name="ProportionalH" value="258.000000" />
  <attribute name="Current Error" value="172.000000" />
  <attribute name="IntegralT" value="344.000000" />
  <attribute name="IntegralI" value="344.000000" />
  <attribute name="IntegralH" value="344.000000" />
  <attribute name="DerivativeT" value="-20.500000" />
  <attribute name="DerivativeI" value="-20.500000" />
  <attribute name="DerivativeH" value="-20.500000" />
  <attribute name="Loop Time for DT" value="2.000000" />
  <attribute name="Output H" value="8388608"/>
  <attribute name="Output I" value="584"/>
  <attribute name="Output T" value="4"/>
  <attribute name="Target GC Util Change" value ="20.000000" />
  <attribute name="Current GC Util Change" value="192.000000"/>
  <attribute name="GC Util currently" value="192" />
  <attribute name="CPU Util currently" value="1755146485353" />
<exclusive-end id="746" timestamp="2019-06-16T02:56:16.567" durationms="7.495" />

<exclusive-start id="747" timestamp="2019-06-16T02:56:16.610" intervalms="51.043">
  <response-info timems="0.057" idlems="0.057" threads="0" lastid="0000000001916700" lastname="main" />
</exclusive-start>
<allocation-taxation id="748" taxation-threshold="15728640" timestamp="2019-06-16T02:56:16.610" intervalms="51.018" />
<cycle-start id="749" type="partial gc" contextid="0" timestamp="2019-06-16T02:56:16.610" intervalms="93.892" />
<gc-start id="750" type="partial gc" contextid="749" timestamp="2019-06-16T02:56:16.611">
  <mem-info id="751" free="30408704" total="102760448" percent="29">
    <mem type="eden" free="0" total="31457280" percent="0" />
    <arraylet-primitive objects="1" leaves="1" largest="1" />
    <arraylet-unknown objects="1" leaves="1" />
    <remembered-set count="41408" freebytes="3936256" totalbytes="4101888" percent="95" regionsoverflowed="0" regionsstable="0" regionsrebuilding="0"/>
  </mem-info>
</gc-start>
<allocation-stats totalBytes="31431584" >
  <allocated-bytes non-tlh="760960" tlh="29622048" arrayletleaf="1048576"/>
  <largest-consumer threadName="main" threadId="0000000001916700" bytes="15717880" />
</allocation-stats>
<gc-op id="752" type="sweep" timems="1.079" contextid="749" timestamp="2019-06-16T02:56:16.612" />
<gc-op id="753" type="copy forward" timems="7.648" contextid="749" timestamp="2019-06-16T02:56:16.620">
  <memory-copied type="eden" objects="29076" bytes="881508" bytesdiscarded="14450" />
  <memory-copied type="other" objects="104098" bytes="3194904" bytesdiscarded="377462" />
  <memory-cardclean objects="15112" bytes="601432" />
  <regions eden="14" other="20" />
  <remembered-set-cleared processed="36765" cleared="9309" durationms="0.236" />
  <finalization candidates="1" enqueued="1" />
  <references type="soft" candidates="56" cleared="0" enqueued="0" dynamicThreshold="14" maxThreshold="32" />
  <references type="weak" candidates="58" cleared="0" enqueued="0" />
  <stringconstants candidates="13274" cleared="0"  />
</gc-op>
<gc-op id="754" type="classunload" timems="0.006" contextid="749" timestamp="2019-06-16T02:56:16.621">
  <classunload-info classloadercandidates="55" classloadersunloaded="0" classesunloaded="0" anonymousclassesunloaded="0" quiescems="0.000" setupms="0.006" scanms="0.000" postms="0.000" />
</gc-op>
<heap-resize id="755" type="expand" space="default" amount="7340032" count="1" timems="0.093" reason="excessive time being spent in gc" timestamp="2019-06-16T02:56:16.621" />
<gc-end id="756" type="partial gc" contextid="749" durationms="10.429" usertimems="24.000" systemtimems="0.000" timestamp="2019-06-16T02:56:16.621" activeThreads="4">
  <mem-info id="757" free="66060288" total="110100480" percent="60">
    <mem type="eden" free="342856" total="3145728" percent="10" />
    <arraylet-primitive objects="2" leaves="2" largest="1" />
    <pending-finalizers system="0" default="1" reference="0" classloader="0" />
    <remembered-set count="44960" freebytes="4215040" totalbytes="4394880" percent="95" regionsoverflowed="0" regionsstable="0" regionsrebuilding="0"/>
  </mem-info>
</gc-end>
<cycle-end id="758" type="partial gc" contextid="749" timestamp="2019-06-16T02:56:16.621" />
  <attribute name="elasticGC enabled" value="1" />
  <attribute name= "numThreadsSpecified" value="4" />
  <attribute name="heapSize specified" value="0" />
  <attribute name="Current GC Util" value="173" />
  <attribute name= "Current Time Running" value="48978" />
  <attribute name ="GC Interval" value="0" />
  <attribute name="ProportionalT" value="229.500000" />
  <attribute name="ProportionalI" value="229.500000" />
  <attribute name="ProportionalH" value="229.500000" />
  <attribute name="Current Error" value="153.000000" />
  <attribute name="IntegralT" value="153.000000" />
  <attribute name="IntegralI" value="153.000000" />
  <attribute name="IntegralH" value="153.000000" />
  <attribute name="DerivativeT" value="21.000000" />
  <attribute name="DerivativeI" value="21.000000" />
  <attribute name="DerivativeH" value="21.000000" />
  <attribute name="Loop Time for DT" value="1.000000" />
  <attribute name="Output H" value="8388608"/>
  <attribute name="Output I" value="408"/>
  <attribute name="Output T" value="4"/>
  <attribute name="Target GC Util Change" value ="20.000000" />
  <attribute name="Current GC Util Change" value="173.000000"/>
  <attribute name="GC Util currently" value="173" />
  <attribute name="CPU Util currently" value="13357178243726" />
<exclusive-end id="759" timestamp="2019-06-16T02:56:16.622" durationms="11.538" />

<exclusive-start id="760" timestamp="2019-06-16T02:56:16.795" intervalms="184.632">
  <response-info timems="0.086" idlems="0.086" threads="0" lastid="0000000001916700" lastname="main" />
</exclusive-start>
<allocation-taxation id="761" taxation-threshold="33554432" timestamp="2019-06-16T02:56:16.795" intervalms="184.665" />
<cycle-start id="762" type="partial gc" contextid="0" timestamp="2019-06-16T02:56:16.795" intervalms="184.622" />
<gc-start id="763" type="partial gc" contextid="762" timestamp="2019-06-16T02:56:16.795">
  <mem-info id="764" free="32505856" total="110100480" percent="29">
    <mem type="eden" free="0" total="33554432" percent="0" />
    <arraylet-primitive objects="2" leaves="2" largest="1" />
    <remembered-set count="40608" freebytes="4232448" totalbytes="4394880" percent="96" regionsoverflowed="0" regionsstable="1" regionsrebuilding="0"/>
  </mem-info>
</gc-start>
<allocation-stats totalBytes="33550632" >
  <allocated-bytes non-tlh="214920" tlh="33335712" arrayletleaf="0"/>
  <largest-consumer threadName="main" threadId="0000000001916700" bytes="33550632" />
</allocation-stats>
<gc-op id="765" type="copy forward" timems="18.610" contextid="762" timestamp="2019-06-16T02:56:16.815">
  <memory-copied type="eden" objects="84955" bytes="2094368" bytesdiscarded="16" />
  <memory-copied type="other" objects="102484" bytes="2569608" bytesdiscarded="32" />
  <memory-cardclean objects="10635" bytes="583904" />
  <regions eden="32" other="6" />
  <remembered-set-cleared processed="36294" cleared="8015" durationms="0.413" />
  <references type="soft" candidates="2166" cleared="0" enqueued="0" dynamicThreshold="19" maxThreshold="32" />
  <references type="weak" candidates="488" cleared="0" enqueued="0" />
  <stringconstants candidates="13733" cleared="5"  />
</gc-op>
<gc-op id="766" type="classunload" timems="0.022" contextid="762" timestamp="2019-06-16T02:56:16.815">
  <classunload-info classloadercandidates="55" classloadersunloaded="0" classesunloaded="0" anonymousclassesunloaded="0" quiescems="0.000" setupms="0.022" scanms="0.000" postms="0.000" />
</gc-op>
<gc-end id="767" type="partial gc" contextid="762" durationms="19.951" usertimems="16.000" systemtimems="4.000" timestamp="2019-06-16T02:56:16.815" activeThreads="1">
  <mem-info id="768" free="66060288" total="110100480" percent="60">
    <mem type="eden" free="2728" total="2097152" percent="0" />
    <arraylet-primitive objects="1" leaves="1" largest="1" />
    <remembered-set count="46912" freebytes="4207232" totalbytes="4394880" percent="95" regionsoverflowed="0" regionsstable="1" regionsrebuilding="0"/>
  </mem-info>
</gc-end>
<cycle-end id="769" type="partial gc" contextid="762" timestamp="2019-06-16T02:56:16.816" />
  <attribute name="elasticGC enabled" value="1" />
  <attribute name= "numThreadsSpecified" value="1" />
  <attribute name="heapSize specified" value="0" />
  <attribute name="Current GC Util" value="173" />
  <attribute name= "Current Time Running" value="49161" />
  <attribute name ="GC Interval" value="0" />
  <attribute name="ProportionalT" value="229.500000" />
  <attribute name="ProportionalI" value="229.500000" />
  <attribute name="ProportionalH" value="229.500000" />
  <attribute name="Current Error" value="153.000000" />
  <attribute name="IntegralT" value="0.000000" />
  <attribute name="IntegralI" value="0.000000" />
  <attribute name="IntegralH" value="0.000000" />
  <attribute name="DerivativeT" value="inf" />
  <attribute name="DerivativeI" value="inf" />
  <attribute name="DerivativeH" value="inf" />
  <attribute name="Loop Time for DT" value="0.000000" />
  <attribute name="Output H" value="8388608"/>
  <attribute name="Output I" value="200"/>
  <attribute name="Output T" value="1"/>
  <attribute name="Target GC Util Change" value ="20.000000" />
  <attribute name="Current GC Util Change" value="173.000000"/>
  <attribute name="GC Util currently" value="173" />
  <attribute name="CPU Util currently" value="12134802316326" />
<exclusive-end id="770" timestamp="2019-06-16T02:56:16.816" durationms="21.087" />

<exclusive-start id="771" timestamp="2019-06-16T02:56:16.989" intervalms="194.276">
  <response-info timems="0.045" idlems="0.045" threads="0" lastid="0000000001916700" lastname="main" />
</exclusive-start>
<allocation-taxation id="772" taxation-threshold="33554432" timestamp="2019-06-16T02:56:16.989" intervalms="194.322" />
<cycle-start id="773" type="partial gc" contextid="0" timestamp="2019-06-16T02:56:16.990" intervalms="194.472" />
<gc-start id="774" type="partial gc" contextid="773" timestamp="2019-06-16T02:56:16.990">
  <mem-info id="775" free="32505856" total="110100480" percent="29">
    <mem type="eden" free="0" total="33554432" percent="0" />
    <arraylet-primitive objects="1" leaves="1" largest="1" />
    <remembered-set count="46496" freebytes="4208896" totalbytes="4394880" percent="95" regionsoverflowed="0" regionsstable="1" regionsrebuilding="0"/>
  </mem-info>
</gc-start>
<allocation-stats totalBytes="33551960" >
  <allocated-bytes non-tlh="0" tlh="33551960" arrayletleaf="0"/>
  <largest-consumer threadName="main" threadId="0000000001916700" bytes="33551960" />
</allocation-stats>
<gc-op id="776" type="copy forward" timems="6.645" contextid="773" timestamp="2019-06-16T02:56:16.997">
  <memory-copied type="eden" objects="28" bytes="880" bytesdiscarded="0" />
  <memory-copied type="other" objects="112047" bytes="2786984" bytesdiscarded="112600" />
  <memory-cardclean objects="10739" bytes="674536" />
  <regions eden="32" other="7" />
  <remembered-set-cleared processed="40438" cleared="9320" durationms="0.209" />
  <references type="soft" candidates="2239" cleared="0" enqueued="0" dynamicThreshold="19" maxThreshold="32" />
  <references type="weak" candidates="409" cleared="0" enqueued="0" />
  <stringconstants candidates="13728" cleared="0"  />
</gc-op>
<gc-op id="777" type="classunload" timems="0.005" contextid="773" timestamp="2019-06-16T02:56:16.997">
  <classunload-info classloadercandidates="55" classloadersunloaded="0" classesunloaded="0" anonymousclassesunloaded="0" quiescems="0.000" setupms="0.003" scanms="0.000" postms="0.000" />
</gc-op>
<gc-end id="778" type="partial gc" contextid="773" durationms="7.900" usertimems="20.000" systemtimems="0.000" timestamp="2019-06-16T02:56:16.998" activeThreads="4">
  <mem-info id="779" free="66060288" total="110100480" percent="60">
    <mem type="eden" free="1047696" total="1048576" percent="99" />
    <arraylet-primitive objects="1" leaves="1" largest="1" />
    <remembered-set count="44800" freebytes="4215680" totalbytes="4394880" percent="95" regionsoverflowed="0" regionsstable="1" regionsrebuilding="0"/>
  </mem-info>
</gc-end>
<cycle-end id="780" type="partial gc" contextid="773" timestamp="2019-06-16T02:56:16.998" />
  <attribute name="elasticGC enabled" value="1" />
  <attribute name= "numThreadsSpecified" value="4" />
  <attribute name="heapSize specified" value="0" />
  <attribute name="Current GC Util" value="301" />
  <attribute name= "Current Time Running" value="49356" />
  <attribute name ="GC Interval" value="0" />
  <attribute name="ProportionalT" value="421.500000" />
  <attribute name="ProportionalI" value="421.500000" />
  <attribute name="ProportionalH" value="421.500000" />
  <attribute name="Current Error" value="281.000000" />
  <attribute name="IntegralT" value="281.000000" />
  <attribute name="IntegralI" value="281.000000" />
  <attribute name="IntegralH" value="281.000000" />
  <attribute name="DerivativeT" value="281.000000" />
  <attribute name="DerivativeI" value="281.000000" />
  <attribute name="DerivativeH" value="281.000000" />
  <attribute name="Loop Time for DT" value="1.000000" />
  <attribute name="Output H" value="8388608"/>
  <attribute name="Output I" value="984"/>
  <attribute name="Output T" value="4"/>
  <attribute name="Target GC Util Change" value ="20.000000" />
  <attribute name="Current GC Util Change" value="301.000000"/>
  <attribute name="GC Util currently" value="301" />
  <attribute name="CPU Util currently" value="12715508357657" />
<exclusive-end id="781" timestamp="2019-06-16T02:56:16.998" durationms="9.116" />

<exclusive-start id="782" timestamp="2019-06-16T02:56:18.617" intervalms="1627.681">
  <response-info timems="0.045" idlems="0.045" threads="0" lastid="0000000001916700" lastname="main" />
</exclusive-start>
<allocation-taxation id="783" taxation-threshold="33554432" timestamp="2019-06-16T02:56:18.617" intervalms="1627.709" />
<cycle-start id="784" type="partial gc" contextid="0" timestamp="2019-06-16T02:56:18.617" intervalms="1627.620" />
<gc-start id="785" type="partial gc" contextid="784" timestamp="2019-06-16T02:56:18.618">
  <mem-info id="786" free="32505856" total="110100480" percent="29">
    <mem type="eden" free="0" total="33554432" percent="0" />
    <arraylet-primitive objects="1" leaves="1" largest="1" />
    <remembered-set count="44800" freebytes="4215680" totalbytes="4394880" percent="95" regionsoverflowed="0" regionsstable="1" regionsrebuilding="0"/>
  </mem-info>
</gc-start>
<allocation-stats totalBytes="33506208" >
  <allocated-bytes non-tlh="64" tlh="33506144" arrayletleaf="0"/>
  <largest-consumer threadName="main" threadId="0000000001916700" bytes="33506208" />
</allocation-stats>
<gc-op id="787" type="copy forward" timems="2.477" contextid="784" timestamp="2019-06-16T02:56:18.621">
  <memory-copied type="eden" objects="84" bytes="3272" bytesdiscarded="0" />
  <memory-copied type="other" objects="4006" bytes="162840" bytesdiscarded="680" />
  <memory-cardclean objects="1239" bytes="53824" />
  <regions eden="32" other="4" />
  <remembered-set-cleared processed="41234" cleared="1387" durationms="0.418" />
  <references type="soft" candidates="94" cleared="0" enqueued="0" dynamicThreshold="19" maxThreshold="32" />
  <references type="weak" candidates="204" cleared="0" enqueued="0" />
  <stringconstants candidates="13729" cleared="0"  />
</gc-op>
<gc-op id="788" type="classunload" timems="0.005" contextid="784" timestamp="2019-06-16T02:56:18.621">
  <classunload-info classloadercandidates="55" classloadersunloaded="0" classesunloaded="0" anonymousclassesunloaded="0" quiescems="0.000" setupms="0.005" scanms="0.000" postms="0.000" />
</gc-op>
<heap-resize id="789" type="contract" space="default" amount="6291456" count="1" timems="0.055" reason="insufficient time being spent in gc" timestamp="2019-06-16T02:56:18.621" />
<gc-end id="790" type="partial gc" contextid="784" durationms="3.955" usertimems="8.000" systemtimems="0.000" timestamp="2019-06-16T02:56:18.621" activeThreads="1">
  <mem-info id="791" free="58720256" total="103809024" percent="56">
    <mem type="eden" free="1045304" total="1048576" percent="99" />
    <arraylet-primitive objects="1" leaves="1" largest="1" />
    <remembered-set count="45184" freebytes="4214144" totalbytes="4394880" percent="95" regionsoverflowed="0" regionsstable="1" regionsrebuilding="0"/>
  </mem-info>
</gc-end>
<cycle-end id="792" type="partial gc" contextid="784" timestamp="2019-06-16T02:56:18.622" />
  <attribute name="elasticGC enabled" value="1" />
  <attribute name= "numThreadsSpecified" value="1" />
  <attribute name="heapSize specified" value="0" />
  <attribute name="Current GC Util" value="163" />
  <attribute name= "Current Time Running" value="50983" />
  <attribute name ="GC Interval" value="0" />
  <attribute name="ProportionalT" value="214.500000" />
  <attribute name="ProportionalI" value="214.500000" />
  <attribute name="ProportionalH" value="214.500000" />
  <attribute name="Current Error" value="143.000000" />
  <attribute name="IntegralT" value="0.000000" />
  <attribute name="IntegralI" value="0.000000" />
  <attribute name="IntegralH" value="0.000000" />
  <attribute name="DerivativeT" value="inf" />
  <attribute name="DerivativeI" value="inf" />
  <attribute name="DerivativeH" value="inf" />
  <attribute name="Loop Time for DT" value="0.000000" />
  <attribute name="Output H" value="8388608"/>
  <attribute name="Output I" value="200"/>
  <attribute name="Output T" value="1"/>
  <attribute name="Target GC Util Change" value ="20.000000" />
  <attribute name="Current GC Util Change" value="163.000000"/>
  <attribute name="GC Util currently" value="163" />
  <attribute name="CPU Util currently" value="12626937845884" />
<exclusive-end id="793" timestamp="2019-06-16T02:56:18.622" durationms="5.199" />

<exclusive-start id="794" timestamp="2019-06-16T02:56:18.648" intervalms="31.123">
  <response-info timems="0.124" idlems="0.124" threads="0" lastid="0000000001916700" lastname="main" />
</exclusive-start>
<allocation-taxation id="795" taxation-threshold="32505856" timestamp="2019-06-16T02:56:18.648" intervalms="31.089" />
<cycle-start id="796" type="partial gc" contextid="0" timestamp="2019-06-16T02:56:18.648" intervalms="31.088" />
<gc-start id="797" type="partial gc" contextid="796" timestamp="2019-06-16T02:56:18.649">
  <mem-info id="798" free="26214400" total="103809024" percent="25">
    <mem type="eden" free="0" total="32505856" percent="0" />
    <arraylet-primitive objects="1" leaves="1" largest="1" />
    <remembered-set count="44960" freebytes="4215040" totalbytes="4394880" percent="95" regionsoverflowed="0" regionsstable="1" regionsrebuilding="0"/>
  </mem-info>
</gc-start>
<allocation-stats totalBytes="32384352" >
  <allocated-bytes non-tlh="0" tlh="32384352" arrayletleaf="0"/>
  <largest-consumer threadName="main" threadId="0000000001916700" bytes="32384352" />
</allocation-stats>
<gc-op id="799" type="copy forward" timems="4.405" contextid="796" timestamp="2019-06-16T02:56:18.654">
  <memory-copied type="eden" objects="1" bytes="32" bytesdiscarded="0" />
  <memory-copied type="other" objects="10447" bytes="400008" bytesdiscarded="49592" />
  <memory-cardclean objects="4113" bytes="195816" />
  <regions eden="31" other="5" />
  <remembered-set-cleared processed="40789" cleared="3990" durationms="0.197" />
  <finalization candidates="5" enqueued="0" />
  <ownableSynchronizers candidates="3" cleared="0" />
  <references type="soft" candidates="80" cleared="0" enqueued="0" dynamicThreshold="18" maxThreshold="32" />
  <references type="weak" candidates="979" cleared="0" enqueued="0" />
  <references type="phantom" candidates="2" cleared="0" enqueued="0" />
  <stringconstants candidates="13729" cleared="0"  />
</gc-op>
<gc-op id="800" type="classunload" timems="0.005" contextid="796" timestamp="2019-06-16T02:56:18.654">
  <classunload-info classloadercandidates="55" classloadersunloaded="0" classesunloaded="0" anonymousclassesunloaded="0" quiescems="0.000" setupms="0.003" scanms="0.000" postms="0.000" />
</gc-op>
<heap-resize id="801" type="contract" space="default" amount="5242880" count="1" timems="0.050" reason="insufficient time being spent in gc" timestamp="2019-06-16T02:56:18.654" />
<gc-end id="802" type="partial gc" contextid="796" durationms="6.029" usertimems="12.000" systemtimems="0.000" timestamp="2019-06-16T02:56:18.655" activeThreads="4">
  <mem-info id="803" free="54525952" total="98566144" percent="55">
    <mem type="eden" free="1048544" total="1048576" percent="99" />
    <arraylet-primitive objects="1" leaves="1" largest="1" />
    <remembered-set count="44608" freebytes="3965312" totalbytes="4143744" percent="95" regionsoverflowed="0" regionsstable="1" regionsrebuilding="0"/>
  </mem-info>
</gc-end>
<cycle-end id="804" type="partial gc" contextid="796" timestamp="2019-06-16T02:56:18.655" />
  <attribute name="elasticGC enabled" value="1" />
  <attribute name= "numThreadsSpecified" value="4" />
  <attribute name="heapSize specified" value="0" />
  <attribute name="Current GC Util" value="170" />
  <attribute name= "Current Time Running" value="51015" />
  <attribute name ="GC Interval" value="0" />
  <attribute name="ProportionalT" value="225.000000" />
  <attribute name="ProportionalI" value="225.000000" />
  <attribute name="ProportionalH" value="225.000000" />
  <attribute name="Current Error" value="150.000000" />
  <attribute name="IntegralT" value="150.000000" />
  <attribute name="IntegralI" value="150.000000" />
  <attribute name="IntegralH" value="150.000000" />
  <attribute name="DerivativeT" value="150.000000" />
  <attribute name="DerivativeI" value="150.000000" />
  <attribute name="DerivativeH" value="150.000000" />
  <attribute name="Loop Time for DT" value="1.000000" />
  <attribute name="Output H" value="8388608"/>
  <attribute name="Output I" value="528"/>
  <attribute name="Output T" value="4"/>
  <attribute name="Target GC Util Change" value ="20.000000" />
  <attribute name="Current GC Util Change" value="170.000000"/>
  <attribute name="GC Util currently" value="170" />
  <attribute name="CPU Util currently" value="7091464907905" />
<exclusive-end id="805" timestamp="2019-06-16T02:56:18.655" durationms="7.129" />

<exclusive-start id="806" timestamp="2019-06-16T02:56:18.679" intervalms="31.691">
  <response-info timems="0.084" idlems="0.084" threads="0" lastid="0000000001916700" lastname="main" />
</exclusive-start>
<allocation-taxation id="807" taxation-threshold="31457280" timestamp="2019-06-16T02:56:18.680" intervalms="31.668" />
<cycle-start id="808" type="partial gc" contextid="0" timestamp="2019-06-16T02:56:18.680" intervalms="31.689" />
<gc-start id="809" type="partial gc" contextid="808" timestamp="2019-06-16T02:56:18.680">
  <mem-info id="810" free="23068672" total="98566144" percent="23">
    <mem type="eden" free="1048544" total="32505856" percent="3" />
    <arraylet-primitive objects="1" leaves="1" largest="1" />
    <remembered-set count="44288" freebytes="3966592" totalbytes="4143744" percent="95" regionsoverflowed="0" regionsstable="1" regionsrebuilding="0"/>
  </mem-info>
</gc-start>
<allocation-stats totalBytes="31347608" >
  <allocated-bytes non-tlh="0" tlh="31347608" arrayletleaf="0"/>
  <largest-consumer threadName="main" threadId="0000000001916700" bytes="31347608" />
</allocation-stats>
<gc-op id="811" type="copy forward" timems="3.699" contextid="808" timestamp="2019-06-16T02:56:18.685">
  <memory-copied type="eden" objects="2" bytes="56" bytesdiscarded="0" />
  <memory-copied type="other" objects="18363" bytes="418200" bytesdiscarded="104" />
  <memory-cardclean objects="8987" bytes="391832" />
  <regions eden="30" other="4" />
  <remembered-set-cleared processed="40417" cleared="3924" durationms="0.421" />
  <references type="soft" candidates="37" cleared="0" enqueued="0" dynamicThreshold="17" maxThreshold="32" />
  <references type="weak" candidates="79" cleared="0" enqueued="0" />
  <stringconstants candidates="13729" cleared="0"  />
</gc-op>
<gc-op id="812" type="classunload" timems="0.005" contextid="808" timestamp="2019-06-16T02:56:18.685">
  <classunload-info classloadercandidates="55" classloadersunloaded="0" classesunloaded="0" anonymousclassesunloaded="0" quiescems="0.000" setupms="0.004" scanms="0.000" postms="0.000" />
</gc-op>
<heap-resize id="813" type="contract" space="default" amount="5242880" count="1" timems="0.049" reason="insufficient time being spent in gc" timestamp="2019-06-16T02:56:18.686" />
<gc-end id="814" type="partial gc" contextid="808" durationms="5.456" usertimems="4.000" systemtimems="0.000" timestamp="2019-06-16T02:56:18.686" activeThreads="1">
  <mem-info id="815" free="50331648" total="93323264" percent="53">
    <mem type="eden" free="1048520" total="1048576" percent="99" />
    <arraylet-primitive objects="1" leaves="1" largest="1" />
    <remembered-set count="43232" freebytes="3761536" totalbytes="3934464" percent="95" regionsoverflowed="0" regionsstable="1" regionsrebuilding="0"/>
  </mem-info>
</gc-end>
<cycle-end id="816" type="partial gc" contextid="808" timestamp="2019-06-16T02:56:18.686" />
  <attribute name="elasticGC enabled" value="1" />
  <attribute name= "numThreadsSpecified" value="1" />
  <attribute name="heapSize specified" value="0" />
  <attribute name="Current GC Util" value="93" />
  <attribute name= "Current Time Running" value="51046" />
  <attribute name ="GC Interval" value="0" />
  <attribute name="ProportionalT" value="109.500000" />
  <attribute name="ProportionalI" value="109.500000" />
  <attribute name="ProportionalH" value="109.500000" />
  <attribute name="Current Error" value="73.000000" />
  <attribute name="IntegralT" value="0.000000" />
  <attribute name="IntegralI" value="0.000000" />
  <attribute name="IntegralH" value="0.000000" />
  <attribute name="DerivativeT" value="inf" />
  <attribute name="DerivativeI" value="inf" />
  <attribute name="DerivativeH" value="inf" />
  <attribute name="Loop Time for DT" value="0.000000" />
  <attribute name="Output H" value="8388608"/>
  <attribute name="Output I" value="200"/>
  <attribute name="Output T" value="1"/>
  <attribute name="Target GC Util Change" value ="20.000000" />
  <attribute name="Current GC Util Change" value="93.000000"/>
  <attribute name="GC Util currently" value="93" />
  <attribute name="CPU Util currently" value="7231147483842" />
<exclusive-end id="817" timestamp="2019-06-16T02:56:18.686" durationms="6.707" />

<exclusive-start id="818" timestamp="2019-06-16T02:56:18.710" intervalms="30.323">
  <response-info timems="0.069" idlems="0.069" threads="0" lastid="0000000001916700" lastname="main" />
</exclusive-start>
<allocation-taxation id="819" taxation-threshold="29360128" timestamp="2019-06-16T02:56:18.710" intervalms="30.379" />
<cycle-start id="820" type="partial gc" contextid="0" timestamp="2019-06-16T02:56:18.710" intervalms="30.354" />
<gc-start id="821" type="partial gc" contextid="820" timestamp="2019-06-16T02:56:18.711">
  <mem-info id="822" free="20971520" total="93323264" percent="22">
    <mem type="eden" free="1048520" total="30408704" percent="3" />
    <arraylet-primitive objects="1" leaves="1" largest="1" />
    <remembered-set count="42944" freebytes="3762688" totalbytes="3934464" percent="95" regionsoverflowed="0" regionsstable="1" regionsrebuilding="0"/>
  </mem-info>
</gc-start>
<allocation-stats totalBytes="29261544" >
  <allocated-bytes non-tlh="0" tlh="29261544" arrayletleaf="0"/>
  <largest-consumer threadName="main" threadId="0000000001916700" bytes="29261544" />
</allocation-stats>
<gc-op id="823" type="copy forward" timems="5.329" contextid="820" timestamp="2019-06-16T02:56:18.717">
  <memory-copied type="eden" objects="2" bytes="56" bytesdiscarded="0" />
  <memory-copied type="other" objects="30843" bytes="1063312" bytesdiscarded="71376" />
  <memory-cardclean objects="41193" bytes="1649128" />
  <regions eden="28" other="4" />
  <remembered-set-cleared processed="36164" cleared="10638" durationms="0.201" />
  <finalization candidates="10" enqueued="0" />
  <ownableSynchronizers candidates="3" cleared="0" />
  <references type="soft" candidates="936" cleared="0" enqueued="0" dynamicThreshold="17" maxThreshold="32" />
  <references type="weak" candidates="1153" cleared="0" enqueued="0" />
  <references type="phantom" candidates="3" cleared="0" enqueued="0" />
  <stringconstants candidates="13729" cleared="0"  />
</gc-op>
<gc-op id="824" type="classunload" timems="0.006" contextid="820" timestamp="2019-06-16T02:56:18.717">
  <classunload-info classloadercandidates="55" classloadersunloaded="0" classesunloaded="0" anonymousclassesunloaded="0" quiescems="0.000" setupms="0.005" scanms="0.000" postms="0.000" />
</gc-op>
<heap-resize id="825" type="expand" space="default" amount="11534336" count="1" timems="0.085" reason="excessive time being spent in gc" timestamp="2019-06-16T02:56:18.717" />
<gc-end id="826" type="partial gc" contextid="820" durationms="6.942" usertimems="16.000" systemtimems="0.000" timestamp="2019-06-16T02:56:18.718" activeThreads="4">
  <mem-info id="827" free="62914560" total="104857600" percent="60">
    <mem type="eden" free="1048520" total="1048576" percent="99" />
    <arraylet-primitive objects="1" leaves="1" largest="1" />
    <remembered-set count="43296" freebytes="4012416" totalbytes="4185600" percent="95" regionsoverflowed="0" regionsstable="1" regionsrebuilding="0"/>
  </mem-info>
</gc-end>
<cycle-end id="828" type="partial gc" contextid="820" timestamp="2019-06-16T02:56:18.718" />
  <attribute name="elasticGC enabled" value="1" />
  <attribute name= "numThreadsSpecified" value="4" />
  <attribute name="heapSize specified" value="0" />
  <attribute name="Current GC Util" value="169" />
  <attribute name= "Current Time Running" value="51077" />
  <attribute name ="GC Interval" value="0" />
  <attribute name="ProportionalT" value="223.500000" />
  <attribute name="ProportionalI" value="223.500000" />
  <attribute name="ProportionalH" value="223.500000" />
  <attribute name="Current Error" value="149.000000" />
  <attribute name="IntegralT" value="149.000000" />
  <attribute name="IntegralI" value="149.000000" />
  <attribute name="IntegralH" value="149.000000" />
  <attribute name="DerivativeT" value="149.000000" />
  <attribute name="DerivativeI" value="149.000000" />
  <attribute name="DerivativeH" value="149.000000" />
  <attribute name="Loop Time for DT" value="1.000000" />
  <attribute name="Output H" value="8388608"/>
  <attribute name="Output I" value="528"/>
  <attribute name="Output T" value="4"/>
  <attribute name="Target GC Util Change" value ="20.000000" />
  <attribute name="Current GC Util Change" value="169.000000"/>
  <attribute name="GC Util currently" value="169" />
  <attribute name="CPU Util currently" value="7117579242650" />
<exclusive-end id="829" timestamp="2019-06-16T02:56:18.718" durationms="8.218" />

<exclusive-start id="830" timestamp="2019-06-16T02:56:18.740" intervalms="29.823">
  <response-info timems="0.065" idlems="0.065" threads="0" lastid="0000000001916700" lastname="main" />
</exclusive-start>
<allocation-taxation id="831" taxation-threshold="32505856" timestamp="2019-06-16T02:56:18.740" intervalms="29.800" />
<cycle-start id="832" type="partial gc" contextid="0" timestamp="2019-06-16T02:56:18.740" intervalms="29.830" />
<gc-start id="833" type="partial gc" contextid="832" timestamp="2019-06-16T02:56:18.740">
  <mem-info id="834" free="30408704" total="104857600" percent="29">
    <mem type="eden" free="1048520" total="33554432" percent="3" />
    <arraylet-primitive objects="1" leaves="1" largest="1" />
    <remembered-set count="42880" freebytes="4014080" totalbytes="4185600" percent="95" regionsoverflowed="0" regionsstable="1" regionsrebuilding="0"/>
  </mem-info>
</gc-start>
<allocation-stats totalBytes="32396976" >
  <allocated-bytes non-tlh="0" tlh="32396976" arrayletleaf="0"/>
  <largest-consumer threadName="main" threadId="0000000001916700" bytes="32396976" />
</allocation-stats>
<gc-op id="835" type="copy forward" timems="7.268" contextid="832" timestamp="2019-06-16T02:56:18.749">
  <memory-copied type="eden" objects="2" bytes="56" bytesdiscarded="0" />
  <memory-copied type="other" objects="57138" bytes="1546040" bytesdiscarded="336" />
  <memory-cardclean objects="13617" bytes="796936" />
  <regions eden="31" other="4" />
  <remembered-set-cleared processed="38756" cleared="6261" durationms="0.442" />
  <references type="soft" candidates="57" cleared="0" enqueued="0" dynamicThreshold="19" maxThreshold="32" />
  <references type="weak" candidates="132" cleared="0" enqueued="0" />
  <stringconstants candidates="13729" cleared="0"  />
</gc-op>
<gc-op id="836" type="classunload" timems="0.005" contextid="832" timestamp="2019-06-16T02:56:18.749">
  <classunload-info classloadercandidates="55" classloadersunloaded="0" classesunloaded="0" anonymousclassesunloaded="0" quiescems="0.000" setupms="0.004" scanms="0.000" postms="0.000" />
</gc-op>
<gc-end id="837" type="partial gc" contextid="832" durationms="8.592" usertimems="8.000" systemtimems="0.000" timestamp="2019-06-16T02:56:18.749" activeThreads="1">
  <mem-info id="838" free="63963136" total="104857600" percent="61">
    <mem type="eden" free="1048520" total="1048576" percent="99" />
    <arraylet-primitive objects="1" leaves="1" largest="1" />
    <remembered-set count="43680" freebytes="4010880" totalbytes="4185600" percent="95" regionsoverflowed="0" regionsstable="1" regionsrebuilding="0"/>
  </mem-info>
</gc-end>
<cycle-end id="839" type="partial gc" contextid="832" timestamp="2019-06-16T02:56:18.749" />
  <attribute name="elasticGC enabled" value="1" />
  <attribute name= "numThreadsSpecified" value="1" />
  <attribute name="heapSize specified" value="0" />
  <attribute name="Current GC Util" value="163" />
  <attribute name= "Current Time Running" value="51106" />
  <attribute name ="GC Interval" value="0" />
  <attribute name="ProportionalT" value="214.500000" />
  <attribute name="ProportionalI" value="214.500000" />
  <attribute name="ProportionalH" value="214.500000" />
  <attribute name="Current Error" value="143.000000" />
  <attribute name="IntegralT" value="0.000000" />
  <attribute name="IntegralI" value="0.000000" />
  <attribute name="IntegralH" value="0.000000" />
  <attribute name="DerivativeT" value="inf" />
  <attribute name="DerivativeI" value="inf" />
  <attribute name="DerivativeH" value="inf" />
  <attribute name="Loop Time for DT" value="0.000000" />
  <attribute name="Output H" value="8388608"/>
  <attribute name="Output I" value="200"/>
  <attribute name="Output T" value="1"/>
  <attribute name="Target GC Util Change" value ="20.000000" />
  <attribute name="Current GC Util Change" value="163.000000"/>
  <attribute name="GC Util currently" value="163" />
  <attribute name="CPU Util currently" value="12388380135091" />
<exclusive-end id="840" timestamp="2019-06-16T02:56:18.749" durationms="9.790" />

<exclusive-start id="841" timestamp="2019-06-16T02:56:18.769" intervalms="29.477">
  <response-info timems="0.073" idlems="0.073" threads="0" lastid="0000000001916700" lastname="main" />
</exclusive-start>
<allocation-taxation id="842" taxation-threshold="32505856" timestamp="2019-06-16T02:56:18.769" intervalms="29.441" />
<cycle-start id="843" type="partial gc" contextid="0" timestamp="2019-06-16T02:56:18.769" intervalms="29.407" />
<gc-start id="844" type="partial gc" contextid="843" timestamp="2019-06-16T02:56:18.770">
  <mem-info id="845" free="31457280" total="104857600" percent="30">
    <mem type="eden" free="1048520" total="33554432" percent="3" />
    <arraylet-primitive objects="1" leaves="1" largest="1" />
    <remembered-set count="43200" freebytes="4012800" totalbytes="4185600" percent="95" regionsoverflowed="0" regionsstable="1" regionsrebuilding="0"/>
  </mem-info>
</gc-start>
<allocation-stats totalBytes="32396976" >
  <allocated-bytes non-tlh="0" tlh="32396976" arrayletleaf="0"/>
  <largest-consumer threadName="main" threadId="0000000001916700" bytes="32396976" />
</allocation-stats>
<gc-op id="846" type="copy forward" timems="8.405" contextid="843" timestamp="2019-06-16T02:56:18.779">
  <memory-copied type="eden" objects="2" bytes="56" bytesdiscarded="0" />
  <memory-copied type="other" objects="82117" bytes="2658624" bytesdiscarded="62896" />
  <memory-cardclean objects="182177" bytes="6056688" />
  <regions eden="31" other="5" />
  <remembered-set-cleared processed="23341" cleared="14400" durationms="0.172" />
  <finalization candidates="40" enqueued="0" />
  <ownableSynchronizers candidates="1" cleared="0" />
  <references type="soft" candidates="2468" cleared="0" enqueued="0" dynamicThreshold="19" maxThreshold="32" />
  <references type="weak" candidates="878" cleared="0" enqueued="0" />
  <references type="phantom" candidates="8" cleared="0" enqueued="0" />
  <stringconstants candidates="13729" cleared="0"  />
</gc-op>
<gc-op id="847" type="classunload" timems="0.005" contextid="843" timestamp="2019-06-16T02:56:18.779">
  <classunload-info classloadercandidates="55" classloadersunloaded="0" classesunloaded="0" anonymousclassesunloaded="0" quiescems="0.000" setupms="0.005" scanms="0.000" postms="0.000" />
</gc-op>
<gc-end id="848" type="partial gc" contextid="843" durationms="9.642" usertimems="24.000" systemtimems="0.000" timestamp="2019-06-16T02:56:18.779" activeThreads="4">
  <mem-info id="849" free="66060288" total="104857600" percent="63">
    <mem type="eden" free="1048520" total="1048576" percent="99" />
    <arraylet-primitive objects="1" leaves="1" largest="1" />
    <remembered-set count="43072" freebytes="4013312" totalbytes="4185600" percent="95" regionsoverflowed="0" regionsstable="1" regionsrebuilding="0"/>
  </mem-info>
</gc-end>
<cycle-end id="850" type="partial gc" contextid="843" timestamp="2019-06-16T02:56:18.780" />
  <attribute name="elasticGC enabled" value="1" />
  <attribute name= "numThreadsSpecified" value="4" />
  <attribute name="heapSize specified" value="0" />
  <attribute name="Current GC Util" value="224" />
  <attribute name= "Current Time Running" value="51136" />
  <attribute name ="GC Interval" value="0" />
  <attribute name="ProportionalT" value="306.000000" />
  <attribute name="ProportionalI" value="306.000000" />
  <attribute name="ProportionalH" value="306.000000" />
  <attribute name="Current Error" value="204.000000" />
  <attribute name="IntegralT" value="204.000000" />
  <attribute name="IntegralI" value="204.000000" />
  <attribute name="IntegralH" value="204.000000" />
  <attribute name="DerivativeT" value="196.000000" />
  <attribute name="DerivativeI" value="196.000000" />
  <attribute name="DerivativeH" value="196.000000" />
  <attribute name="Loop Time for DT" value="1.000000" />
  <attribute name="Output H" value="8388608"/>
  <attribute name="Output I" value="712"/>
  <attribute name="Output T" value="4"/>
  <attribute name="Target GC Util Change" value ="20.000000" />
  <attribute name="Current GC Util Change" value="224.000000"/>
  <attribute name="GC Util currently" value="224" />
  <attribute name="CPU Util currently" value="10212379700690" />
<exclusive-end id="851" timestamp="2019-06-16T02:56:18.780" durationms="10.647" />

<exclusive-start id="852" timestamp="2019-06-16T02:56:18.796" intervalms="27.028">
  <response-info timems="0.076" idlems="0.076" threads="0" lastid="0000000001916700" lastname="main" />
</exclusive-start>
<allocation-taxation id="853" taxation-threshold="32505856" timestamp="2019-06-16T02:56:18.796" intervalms="26.999" />
<cycle-start id="854" type="partial gc" contextid="0" timestamp="2019-06-16T02:56:18.797" intervalms="27.011" />
<gc-start id="855" type="partial gc" contextid="854" timestamp="2019-06-16T02:56:18.797">
  <mem-info id="856" free="33554432" total="104857600" percent="32">
    <mem type="eden" free="1048520" total="33554432" percent="3" />
    <arraylet-primitive objects="1" leaves="1" largest="1" />
    <remembered-set count="42592" freebytes="4015232" totalbytes="4185600" percent="95" regionsoverflowed="0" regionsstable="1" regionsrebuilding="0"/>
  </mem-info>
</gc-start>
<allocation-stats totalBytes="32396952" >
  <allocated-bytes non-tlh="0" tlh="32396952" arrayletleaf="0"/>
  <largest-consumer threadName="main" threadId="0000000001916700" bytes="32396952" />
</allocation-stats>
<gc-op id="857" type="copy forward" timems="5.753" contextid="854" timestamp="2019-06-16T02:56:18.803">
  <memory-copied type="eden" objects="2" bytes="56" bytesdiscarded="0" />
  <memory-copied type="other" objects="88451" bytes="2775704" bytesdiscarded="107832" />
  <memory-cardclean objects="33142" bytes="1556136" />
  <regions eden="31" other="4" />
  <remembered-set-cleared processed="36064" cleared="10462" durationms="0.190" />
  <finalization candidates="9" enqueued="0" />
  <ownableSynchronizers candidates="16" cleared="0" />
  <references type="soft" candidates="3" cleared="0" enqueued="0" dynamicThreshold="20" maxThreshold="32" />
  <references type="weak" candidates="187" cleared="0" enqueued="0" />
  <references type="phantom" candidates="29" cleared="0" enqueued="0" />
  <stringconstants candidates="13729" cleared="0"  />
</gc-op>
<gc-op id="858" type="classunload" timems="0.005" contextid="854" timestamp="2019-06-16T02:56:18.804">
  <classunload-info classloadercandidates="55" classloadersunloaded="0" classesunloaded="0" anonymousclassesunloaded="0" quiescems="0.000" setupms="0.005" scanms="0.000" postms="0.000" />
</gc-op>
<heap-resize id="859" type="contract" space="default" amount="5242880" count="1" timems="0.053" reason="excess free space following gc" timestamp="2019-06-16T02:56:18.804" />
<gc-end id="860" type="partial gc" contextid="854" durationms="6.999" usertimems="16.000" systemtimems="0.000" timestamp="2019-06-16T02:56:18.804" activeThreads="4">
  <mem-info id="861" free="61865984" total="99614720" percent="62">
    <mem type="eden" free="1048520" total="1048576" percent="99" />
    <arraylet-primitive objects="1" leaves="1" largest="1" />
    <remembered-set count="40800" freebytes="4022400" totalbytes="4185600" percent="96" regionsoverflowed="0" regionsstable="1" regionsrebuilding="0"/>
  </mem-info>
</gc-end>
<cycle-end id="862" type="partial gc" contextid="854" timestamp="2019-06-16T02:56:18.804" />
  <attribute name="elasticGC enabled" value="1" />
  <attribute name= "numThreadsSpecified" value="4" />
  <attribute name="heapSize specified" value="0" />
  <attribute name="Current GC Util" value="156" />
  <attribute name= "Current Time Running" value="51163" />
  <attribute name ="GC Interval" value="0" />
  <attribute name="ProportionalT" value="204.000000" />
  <attribute name="ProportionalI" value="204.000000" />
  <attribute name="ProportionalH" value="204.000000" />
  <attribute name="Current Error" value="136.000000" />
  <attribute name="IntegralT" value="136.000000" />
  <attribute name="IntegralI" value="136.000000" />
  <attribute name="IntegralH" value="136.000000" />
  <attribute name="DerivativeT" value="74.000000" />
  <attribute name="DerivativeI" value="74.000000" />
  <attribute name="DerivativeH" value="74.000000" />
  <attribute name="Loop Time for DT" value="1.000000" />
  <attribute name="Output H" value="8388608"/>
  <attribute name="Output I" value="416"/>
  <attribute name="Output T" value="4"/>
  <attribute name="Target GC Util Change" value ="20.000000" />
  <attribute name="Current GC Util Change" value="156.000000"/>
  <attribute name="GC Util currently" value="156" />
  <attribute name="CPU Util currently" value="12209562337116" />
<exclusive-end id="863" timestamp="2019-06-16T02:56:18.804" durationms="7.893" />

<exclusive-start id="864" timestamp="2019-06-16T02:56:18.820" intervalms="23.718">
  <response-info timems="0.063" idlems="0.063" threads="0" lastid="0000000001916700" lastname="main" />
</exclusive-start>
<allocation-taxation id="865" taxation-threshold="31457280" timestamp="2019-06-16T02:56:18.820" intervalms="23.757" />
<cycle-start id="866" type="partial gc" contextid="0" timestamp="2019-06-16T02:56:18.820" intervalms="23.750" />
<gc-start id="867" type="partial gc" contextid="866" timestamp="2019-06-16T02:56:18.821">
  <mem-info id="868" free="30408704" total="99614720" percent="30">
    <mem type="eden" free="1048520" total="32505856" percent="3" />
    <arraylet-primitive objects="1" leaves="1" largest="1" />
    <remembered-set count="40448" freebytes="4023808" totalbytes="4185600" percent="96" regionsoverflowed="0" regionsstable="1" regionsrebuilding="0"/>
  </mem-info>
</gc-start>
<allocation-stats totalBytes="31351832" >
  <allocated-bytes non-tlh="0" tlh="31351832" arrayletleaf="0"/>
  <largest-consumer threadName="main" threadId="0000000001916700" bytes="31351832" />
</allocation-stats>
<gc-op id="869" type="copy forward" timems="5.177" contextid="866" timestamp="2019-06-16T02:56:18.827">
  <memory-copied type="eden" objects="2" bytes="56" bytesdiscarded="0" />
  <memory-copied type="other" objects="93236" bytes="2414152" bytesdiscarded="78112" />
  <memory-cardclean objects="14336" bytes="738440" />
  <regions eden="30" other="4" />
  <remembered-set-cleared processed="36141" cleared="7182" durationms="0.206" />
  <references type="soft" candidates="52" cleared="0" enqueued="0" dynamicThreshold="19" maxThreshold="32" />
  <references type="weak" candidates="68" cleared="0" enqueued="0" />
  <stringconstants candidates="13729" cleared="0"  />
</gc-op>
<gc-op id="870" type="classunload" timems="0.004" contextid="866" timestamp="2019-06-16T02:56:18.827">
  <classunload-info classloadercandidates="55" classloadersunloaded="0" classesunloaded="0" anonymousclassesunloaded="0" quiescems="0.000" setupms="0.004" scanms="0.000" postms="0.000" />
</gc-op>
<heap-resize id="871" type="contract" space="default" amount="2097152" count="1" timems="0.048" reason="excess free space following gc" timestamp="2019-06-16T02:56:18.827" />
<gc-end id="872" type="partial gc" contextid="866" durationms="6.524" usertimems="12.000" systemtimems="0.000" timestamp="2019-06-16T02:56:18.827" activeThreads="4">
  <mem-info id="873" free="59768832" total="97517568" percent="61">
    <mem type="eden" free="1048520" total="1048576" percent="99" />
    <arraylet-primitive objects="1" leaves="1" largest="1" />
    <remembered-set count="40160" freebytes="3815680" totalbytes="3976320" percent="95" regionsoverflowed="0" regionsstable="1" regionsrebuilding="0"/>
  </mem-info>
</gc-end>
<cycle-end id="874" type="partial gc" contextid="866" timestamp="2019-06-16T02:56:18.827" />
  <attribute name="elasticGC enabled" value="1" />
  <attribute name= "numThreadsSpecified" value="4" />
  <attribute name="heapSize specified" value="0" />
  <attribute name="Current GC Util" value="34" />
  <attribute name= "Current Time Running" value="51187" />
  <attribute name ="GC Interval" value="0" />
  <attribute name="ProportionalT" value="21.000000" />
  <attribute name="ProportionalI" value="21.000000" />
  <attribute name="ProportionalH" value="21.000000" />
  <attribute name="Current Error" value="14.000000" />
  <attribute name="IntegralT" value="14.000000" />
  <attribute name="IntegralI" value="14.000000" />
  <attribute name="IntegralH" value="14.000000" />
  <attribute name="DerivativeT" value="-31.000000" />
  <attribute name="DerivativeI" value="-31.000000" />
  <attribute name="DerivativeH" value="-31.000000" />
  <attribute name="Loop Time for DT" value="1.000000" />
  <attribute name="Output H" value="8388608"/>
  <attribute name="Output I" value="200"/>
  <attribute name="Output T" value="4"/>
  <attribute name="Target GC Util Change" value ="20.000000" />
  <attribute name="Current GC Util Change" value="34.000000"/>
  <attribute name="GC Util currently" value="34" />
  <attribute name="CPU Util currently" value="9302236358906" />
<exclusive-end id="875" timestamp="2019-06-16T02:56:18.827" durationms="7.570" />

<exclusive-start id="876" timestamp="2019-06-16T02:56:18.843" intervalms="22.934">
  <response-info timems="0.119" idlems="0.119" threads="0" lastid="0000000001916700" lastname="main" />
</exclusive-start>
<allocation-taxation id="877" taxation-threshold="30408704" timestamp="2019-06-16T02:56:18.843" intervalms="22.917" />
<cycle-start id="878" type="partial gc" contextid="0" timestamp="2019-06-16T02:56:18.843" intervalms="22.803" />
<gc-start id="879" type="partial gc" contextid="878" timestamp="2019-06-16T02:56:18.843">
  <mem-info id="880" free="29360128" total="97517568" percent="30">
    <mem type="eden" free="1048520" total="31457280" percent="3" />
    <arraylet-primitive objects="1" leaves="1" largest="1" />
    <remembered-set count="39936" freebytes="3816576" totalbytes="3976320" percent="95" regionsoverflowed="0" regionsstable="1" regionsrebuilding="0"/>
  </mem-info>
</gc-start>
<allocation-stats totalBytes="30306688" >
  <allocated-bytes non-tlh="0" tlh="30306688" arrayletleaf="0"/>
  <largest-consumer threadName="main" threadId="0000000001916700" bytes="30306688" />
</allocation-stats>
<gc-op id="881" type="copy forward" timems="7.935" contextid="878" timestamp="2019-06-16T02:56:18.852">
  <memory-copied type="eden" objects="2" bytes="56" bytesdiscarded="0" />
  <memory-copied type="other" objects="79609" bytes="1990032" bytesdiscarded="440" />
  <memory-cardclean objects="14783" bytes="632888" />
  <regions eden="29" other="3" />
  <remembered-set-cleared processed="36314" cleared="6777" durationms="0.374" />
  <stringconstants candidates="13729" cleared="0"  />
</gc-op>
<gc-op id="882" type="classunload" timems="0.005" contextid="878" timestamp="2019-06-16T02:56:18.852">
  <classunload-info classloadercandidates="55" classloadersunloaded="0" classesunloaded="0" anonymousclassesunloaded="0" quiescems="0.000" setupms="0.004" scanms="0.000" postms="0.000" />
</gc-op>
<gc-end id="883" type="partial gc" contextid="878" durationms="9.407" usertimems="12.000" systemtimems="0.000" timestamp="2019-06-16T02:56:18.853" activeThreads="1">
  <mem-info id="884" free="59768832" total="97517568" percent="61">
    <mem type="eden" free="1048520" total="1048576" percent="99" />
    <arraylet-primitive objects="1" leaves="1" largest="1" />
    <remembered-set count="39680" freebytes="3733888" totalbytes="3892608" percent="95" regionsoverflowed="0" regionsstable="1" regionsrebuilding="0"/>
  </mem-info>
</gc-end>
<cycle-end id="885" type="partial gc" contextid="878" timestamp="2019-06-16T02:56:18.853" />
  <attribute name="elasticGC enabled" value="1" />
  <attribute name= "numThreadsSpecified" value="1" />
  <attribute name="heapSize specified" value="0" />
  <attribute name="Current GC Util" value="103" />
  <attribute name= "Current Time Running" value="51209" />
  <attribute name ="GC Interval" value="0" />
  <attribute name="ProportionalT" value="124.500000" />
  <attribute name="ProportionalI" value="124.500000" />
  <attribute name="ProportionalH" value="124.500000" />
  <attribute name="Current Error" value="83.000000" />
  <attribute name="IntegralT" value="0.000000" />
  <attribute name="IntegralI" value="0.000000" />
  <attribute name="IntegralH" value="0.000000" />
  <attribute name="DerivativeT" value="inf" />
  <attribute name="DerivativeI" value="inf" />
  <attribute name="DerivativeH" value="inf" />
  <attribute name="Loop Time for DT" value="0.000000" />
  <attribute name="Output H" value="8388608"/>
  <attribute name="Output I" value="200"/>
  <attribute name="Output T" value="1"/>
  <attribute name="Target GC Util Change" value ="20.000000" />
  <attribute name="Current GC Util Change" value="103.000000"/>
  <attribute name="GC Util currently" value="103" />
  <attribute name="CPU Util currently" value="7385208398371" />
<exclusive-end id="886" timestamp="2019-06-16T02:56:18.853" durationms="10.305" />

<exclusive-start id="887" timestamp="2019-06-16T02:56:18.869" intervalms="25.749">
  <response-info timems="0.229" idlems="0.229" threads="0" lastid="0000000001916700" lastname="main" />
</exclusive-start>
<allocation-taxation id="888" taxation-threshold="30408704" timestamp="2019-06-16T02:56:18.869" intervalms="25.734" />
<cycle-start id="889" type="partial gc" contextid="0" timestamp="2019-06-16T02:56:18.869" intervalms="25.821" />
<gc-start id="890" type="partial gc" contextid="889" timestamp="2019-06-16T02:56:18.869">
  <mem-info id="891" free="29360128" total="97517568" percent="30">
    <mem type="eden" free="1048520" total="31457280" percent="3" />
    <arraylet-primitive objects="1" leaves="1" largest="1" />
    <remembered-set count="39424" freebytes="3734912" totalbytes="3892608" percent="95" regionsoverflowed="0" regionsstable="1" regionsrebuilding="0"/>
  </mem-info>
</gc-start>
<allocation-stats totalBytes="30306688" >
  <allocated-bytes non-tlh="0" tlh="30306688" arrayletleaf="0"/>
  <largest-consumer threadName="main" threadId="0000000001916700" bytes="30306688" />
</allocation-stats>
<gc-op id="892" type="copy forward" timems="7.866" contextid="889" timestamp="2019-06-16T02:56:18.878">
  <memory-copied type="eden" objects="2" bytes="56" bytesdiscarded="0" />
  <memory-copied type="other" objects="75492" bytes="1883512" bytesdiscarded="608" />
  <memory-cardclean objects="9410" bytes="509264" />
  <regions eden="29" other="3" />
  <remembered-set-cleared processed="36438" cleared="6465" durationms="0.390" />
  <stringconstants candidates="13729" cleared="0"  />
</gc-op>
<gc-op id="893" type="classunload" timems="0.011" contextid="889" timestamp="2019-06-16T02:56:18.878">
  <classunload-info classloadercandidates="55" classloadersunloaded="0" classesunloaded="0" anonymousclassesunloaded="0" quiescems="0.000" setupms="0.010" scanms="0.000" postms="0.000" />
</gc-op>
<gc-end id="894" type="partial gc" contextid="889" durationms="8.907" usertimems="16.000" systemtimems="0.000" timestamp="2019-06-16T02:56:18.878" activeThreads="1">
  <mem-info id="895" free="59768832" total="97517568" percent="61">
    <mem type="eden" free="1048520" total="1048576" percent="99" />
    <arraylet-primitive objects="1" leaves="1" largest="1" />
    <remembered-set count="39520" freebytes="3734528" totalbytes="3892608" percent="95" regionsoverflowed="0" regionsstable="1" regionsrebuilding="0"/>
  </mem-info>
</gc-end>
<cycle-end id="896" type="partial gc" contextid="889" timestamp="2019-06-16T02:56:18.878" />
  <attribute name="elasticGC enabled" value="1" />
  <attribute name= "numThreadsSpecified" value="1" />
  <attribute name="heapSize specified" value="0" />
  <attribute name="Current GC Util" value="301" />
  <attribute name= "Current Time Running" value="51235" />
  <attribute name ="GC Interval" value="0" />
  <attribute name="ProportionalT" value="421.500000" />
  <attribute name="ProportionalI" value="421.500000" />
  <attribute name="ProportionalH" value="421.500000" />
  <attribute name="Current Error" value="281.000000" />
  <attribute name="IntegralT" value="0.000000" />
  <attribute name="IntegralI" value="0.000000" />
  <attribute name="IntegralH" value="0.000000" />
  <attribute name="DerivativeT" value="inf" />
  <attribute name="DerivativeI" value="inf" />
  <attribute name="DerivativeH" value="inf" />
  <attribute name="Loop Time for DT" value="0.000000" />
  <attribute name="Output H" value="8388608"/>
  <attribute name="Output I" value="200"/>
  <attribute name="Output T" value="1"/>
  <attribute name="Target GC Util Change" value ="20.000000" />
  <attribute name="Current GC Util Change" value="301.000000"/>
  <attribute name="GC Util currently" value="301" />
  <attribute name="CPU Util currently" value="22648381055552" />
<exclusive-end id="897" timestamp="2019-06-16T02:56:18.878" durationms="9.796" />

<exclusive-start id="898" timestamp="2019-06-16T02:56:18.894" intervalms="25.184">
  <response-info timems="0.100" idlems="0.100" threads="0" lastid="0000000001916700" lastname="main" />
</exclusive-start>
<allocation-taxation id="899" taxation-threshold="30408704" timestamp="2019-06-16T02:56:18.894" intervalms="25.175" />
<cycle-start id="900" type="partial gc" contextid="0" timestamp="2019-06-16T02:56:18.894" intervalms="25.172" />
<gc-start id="901" type="partial gc" contextid="900" timestamp="2019-06-16T02:56:18.894">
  <mem-info id="902" free="29360128" total="97517568" percent="30">
    <mem type="eden" free="1048520" total="31457280" percent="3" />
    <arraylet-primitive objects="1" leaves="1" largest="1" />
    <remembered-set count="39136" freebytes="3736064" totalbytes="3892608" percent="95" regionsoverflowed="0" regionsstable="1" regionsrebuilding="0"/>
  </mem-info>
</gc-start>
<allocation-stats totalBytes="30306664" >
  <allocated-bytes non-tlh="0" tlh="30306664" arrayletleaf="0"/>
  <largest-consumer threadName="main" threadId="0000000001916700" bytes="30306664" />
</allocation-stats>
<gc-op id="903" type="copy forward" timems="5.920" contextid="900" timestamp="2019-06-16T02:56:18.901">
  <memory-copied type="eden" objects="2" bytes="56" bytesdiscarded="0" />
  <memory-copied type="other" objects="46549" bytes="2053804" bytesdiscarded="960" />
  <memory-cardclean objects="15860" bytes="837016" />
  <regions eden="29" other="3" />
  <remembered-set-cleared processed="35312" cleared="5067" durationms="0.374" />
  <references type="weak" candidates="14" cleared="0" enqueued="0" />
  <stringconstants candidates="13729" cleared="0"  />
</gc-op>
<gc-op id="904" type="classunload" timems="0.005" contextid="900" timestamp="2019-06-16T02:56:18.901">
  <classunload-info classloadercandidates="55" classloadersunloaded="0" classesunloaded="0" anonymousclassesunloaded="0" quiescems="0.000" setupms="0.005" scanms="0.000" postms="0.000" />
</gc-op>
<gc-end id="905" type="partial gc" contextid="900" durationms="6.927" usertimems="16.000" systemtimems="0.000" timestamp="2019-06-16T02:56:18.901" activeThreads="1">
  <mem-info id="906" free="59768832" total="97517568" percent="61">
    <mem type="eden" free="1048520" total="1048576" percent="99" />
    <arraylet-primitive objects="1" leaves="1" largest="1" />
    <remembered-set count="39200" freebytes="3735808" totalbytes="3892608" percent="95" regionsoverflowed="0" regionsstable="1" regionsrebuilding="0"/>
  </mem-info>
</gc-end>
<cycle-end id="907" type="partial gc" contextid="900" timestamp="2019-06-16T02:56:18.901" />
  <attribute name="elasticGC enabled" value="1" />
  <attribute name= "numThreadsSpecified" value="1" />
  <attribute name="heapSize specified" value="0" />
  <attribute name="Current GC Util" value="303" />
  <attribute name= "Current Time Running" value="51260" />
  <attribute name ="GC Interval" value="0" />
  <attribute name="ProportionalT" value="424.500000" />
  <attribute name="ProportionalI" value="424.500000" />
  <attribute name="ProportionalH" value="424.500000" />
  <attribute name="Current Error" value="283.000000" />
  <attribute name="IntegralT" value="0.000000" />
  <attribute name="IntegralI" value="0.000000" />
  <attribute name="IntegralH" value="0.000000" />
  <attribute name="DerivativeT" value="inf" />
  <attribute name="DerivativeI" value="inf" />
  <attribute name="DerivativeH" value="inf" />
  <attribute name="Loop Time for DT" value="0.000000" />
  <attribute name="Output H" value="8388608"/>
  <attribute name="Output I" value="200"/>
  <attribute name="Output T" value="1"/>
  <attribute name="Target GC Util Change" value ="20.000000" />
  <attribute name="Current GC Util Change" value="303.000000"/>
  <attribute name="GC Util currently" value="303" />
  <attribute name="CPU Util currently" value="13210933848207" />
<exclusive-end id="908" timestamp="2019-06-16T02:56:18.901" durationms="7.737" />

<exclusive-start id="909" timestamp="2019-06-16T02:56:18.917" intervalms="23.109">
  <response-info timems="0.121" idlems="0.121" threads="0" lastid="0000000001916700" lastname="main" />
</exclusive-start>
<allocation-taxation id="910" taxation-threshold="30408704" timestamp="2019-06-16T02:56:18.917" intervalms="23.096" />
<cycle-start id="911" type="partial gc" contextid="0" timestamp="2019-06-16T02:56:18.917" intervalms="23.092" />
<gc-start id="912" type="partial gc" contextid="911" timestamp="2019-06-16T02:56:18.917">
  <mem-info id="913" free="29360128" total="97517568" percent="30">
    <mem type="eden" free="1048520" total="31457280" percent="3" />
    <arraylet-primitive objects="1" leaves="1" largest="1" />
    <remembered-set count="38944" freebytes="3736832" totalbytes="3892608" percent="95" regionsoverflowed="0" regionsstable="1" regionsrebuilding="0"/>
  </mem-info>
</gc-start>
<allocation-stats totalBytes="30306688" >
  <allocated-bytes non-tlh="0" tlh="30306688" arrayletleaf="0"/>
  <largest-consumer threadName="main" threadId="0000000001916700" bytes="30306688" />
</allocation-stats>
<gc-op id="914" type="copy forward" timems="4.653" contextid="911" timestamp="2019-06-16T02:56:18.923">
  <memory-copied type="eden" objects="2" bytes="56" bytesdiscarded="0" />
  <memory-copied type="other" objects="40715" bytes="999544" bytesdiscarded="304" />
  <memory-cardclean objects="5190" bytes="392320" />
  <regions eden="29" other="2" />
  <remembered-set-cleared processed="35698" cleared="3514" durationms="0.365" />
  <stringconstants candidates="13729" cleared="0"  />
</gc-op>
<gc-op id="915" type="classunload" timems="0.005" contextid="911" timestamp="2019-06-16T02:56:18.923">
  <classunload-info classloadercandidates="55" classloadersunloaded="0" classesunloaded="0" anonymousclassesunloaded="0" quiescems="0.000" setupms="0.005" scanms="0.000" postms="0.000" />
</gc-op>
<heap-resize id="916" type="contract" space="default" amount="3145728" count="1" timems="0.049" reason="excess free space following gc" timestamp="2019-06-16T02:56:18.923" />
<gc-end id="917" type="partial gc" contextid="911" durationms="5.587" usertimems="8.000" systemtimems="0.000" timestamp="2019-06-16T02:56:18.923" activeThreads="1">
  <mem-info id="918" free="57671680" total="94371840" percent="61">
    <mem type="eden" free="1048520" total="1048576" percent="99" />
    <arraylet-primitive objects="1" leaves="1" largest="1" />
    <remembered-set count="39168" freebytes="3735936" totalbytes="3892608" percent="95" regionsoverflowed="0" regionsstable="1" regionsrebuilding="0"/>
  </mem-info>
</gc-end>
<cycle-end id="919" type="partial gc" contextid="911" timestamp="2019-06-16T02:56:18.923" />
  <attribute name="elasticGC enabled" value="1" />
  <attribute name= "numThreadsSpecified" value="1" />
  <attribute name="heapSize specified" value="0" />
  <attribute name="Current GC Util" value="342" />
  <attribute name= "Current Time Running" value="51283" />
  <attribute name ="GC Interval" value="0" />
  <attribute name="ProportionalT" value="483.000000" />
  <attribute name="ProportionalI" value="483.000000" />
  <attribute name="ProportionalH" value="483.000000" />
  <attribute name="Current Error" value="322.000000" />
  <attribute name="IntegralT" value="0.000000" />
  <attribute name="IntegralI" value="0.000000" />
  <attribute name="IntegralH" value="0.000000" />
  <attribute name="DerivativeT" value="inf" />
  <attribute name="DerivativeI" value="inf" />
  <attribute name="DerivativeH" value="inf" />
  <attribute name="Loop Time for DT" value="0.000000" />
  <attribute name="Output H" value="8388608"/>
  <attribute name="Output I" value="200"/>
  <attribute name="Output T" value="1"/>
  <attribute name="Target GC Util Change" value ="20.000000" />
  <attribute name="Current GC Util Change" value="342.000000"/>
  <attribute name="GC Util currently" value="342" />
  <attribute name="CPU Util currently" value="25498509897006" />
<exclusive-end id="920" timestamp="2019-06-16T02:56:18.923" durationms="6.361" />

<exclusive-start id="921" timestamp="2019-06-16T02:56:18.939" intervalms="21.727">
  <response-info timems="0.080" idlems="0.080" threads="0" lastid="0000000001916700" lastname="main" />
</exclusive-start>
<allocation-taxation id="922" taxation-threshold="30408704" timestamp="2019-06-16T02:56:18.939" intervalms="21.723" />
<cycle-start id="923" type="partial gc" contextid="0" timestamp="2019-06-16T02:56:18.939" intervalms="21.728" />
<gc-start id="924" type="partial gc" contextid="923" timestamp="2019-06-16T02:56:18.939">
  <mem-info id="925" free="27262976" total="94371840" percent="28">
    <mem type="eden" free="1048520" total="31457280" percent="3" />
    <arraylet-primitive objects="1" leaves="1" largest="1" />
    <remembered-set count="38688" freebytes="3737856" totalbytes="3892608" percent="96" regionsoverflowed="0" regionsstable="1" regionsrebuilding="0"/>
  </mem-info>
</gc-start>
<allocation-stats totalBytes="30306688" >
  <allocated-bytes non-tlh="0" tlh="30306688" arrayletleaf="0"/>
  <largest-consumer threadName="main" threadId="0000000001916700" bytes="30306688" />
</allocation-stats>
<gc-op id="926" type="copy forward" timems="5.307" contextid="923" timestamp="2019-06-16T02:56:18.945">
  <memory-copied type="eden" objects="2" bytes="56" bytesdiscarded="0" />
  <memory-copied type="other" objects="68675" bytes="2049432" bytesdiscarded="113152" />
  <memory-cardclean objects="10847" bytes="291920" />
  <regions eden="29" other="3" />
  <remembered-set-cleared processed="34763" cleared="5508" durationms="0.201" />
  <stringconstants candidates="13729" cleared="0"  />
</gc-op>
<gc-op id="927" type="classunload" timems="0.006" contextid="923" timestamp="2019-06-16T02:56:18.945">
  <classunload-info classloadercandidates="55" classloadersunloaded="0" classesunloaded="0" anonymousclassesunloaded="0" quiescems="0.000" setupms="0.005" scanms="0.000" postms="0.000" />
</gc-op>
<gc-end id="928" type="partial gc" contextid="923" durationms="6.469" usertimems="20.000" systemtimems="0.000" timestamp="2019-06-16T02:56:18.946" activeThreads="4">
  <mem-info id="929" free="57671680" total="94371840" percent="61">
    <mem type="eden" free="1048520" total="1048576" percent="99" />
    <arraylet-primitive objects="1" leaves="1" largest="1" />
    <remembered-set count="39488" freebytes="3609088" totalbytes="3767040" percent="95" regionsoverflowed="0" regionsstable="1" regionsrebuilding="0"/>
  </mem-info>
</gc-end>
<cycle-end id="930" type="partial gc" contextid="923" timestamp="2019-06-16T02:56:18.946" />
  <attribute name="elasticGC enabled" value="1" />
  <attribute name= "numThreadsSpecified" value="4" />
  <attribute name="heapSize specified" value="0" />
  <attribute name="Current GC Util" value="133" />
  <attribute name= "Current Time Running" value="51305" />
  <attribute name ="GC Interval" value="0" />
  <attribute name="ProportionalT" value="169.500000" />
  <attribute name="ProportionalI" value="169.500000" />
  <attribute name="ProportionalH" value="169.500000" />
  <attribute name="Current Error" value="113.000000" />
  <attribute name="IntegralT" value="113.000000" />
  <attribute name="IntegralI" value="113.000000" />
  <attribute name="IntegralH" value="113.000000" />
  <attribute name="DerivativeT" value="108.000000" />
  <attribute name="DerivativeI" value="108.000000" />
  <attribute name="DerivativeH" value="108.000000" />
  <attribute name="Loop Time for DT" value="1.000000" />
  <attribute name="Output H" value="8388608"/>
  <attribute name="Output I" value="392"/>
  <attribute name="Output T" value="4"/>
  <attribute name="Target GC Util Change" value ="20.000000" />
  <attribute name="Current GC Util Change" value="133.000000"/>
  <attribute name="GC Util currently" value="133" />
  <attribute name="CPU Util currently" value="9940392379799" />
<exclusive-end id="931" timestamp="2019-06-16T02:56:18.946" durationms="7.255" />

<exclusive-start id="932" timestamp="2019-06-16T02:56:18.961" intervalms="22.679">
  <response-info timems="0.097" idlems="0.097" threads="0" lastid="0000000001916700" lastname="main" />
</exclusive-start>
<allocation-taxation id="933" taxation-threshold="30408704" timestamp="2019-06-16T02:56:18.961" intervalms="22.722" />
<cycle-start id="934" type="partial gc" contextid="0" timestamp="2019-06-16T02:56:18.962" intervalms="22.759" />
<gc-start id="935" type="partial gc" contextid="934" timestamp="2019-06-16T02:56:18.962">
  <mem-info id="936" free="27262976" total="94371840" percent="28">
    <mem type="eden" free="1048520" total="31457280" percent="3" />
    <arraylet-primitive objects="1" leaves="1" largest="1" />
    <remembered-set count="39264" freebytes="3609984" totalbytes="3767040" percent="95" regionsoverflowed="0" regionsstable="1" regionsrebuilding="0"/>
  </mem-info>
</gc-start>
<allocation-stats totalBytes="30306688" >
  <allocated-bytes non-tlh="0" tlh="30306688" arrayletleaf="0"/>
  <largest-consumer threadName="main" threadId="0000000001916700" bytes="30306688" />
</allocation-stats>
<gc-op id="937" type="copy forward" timems="3.377" contextid="934" timestamp="2019-06-16T02:56:18.966">
  <memory-copied type="eden" objects="2" bytes="56" bytesdiscarded="0" />
  <memory-copied type="other" objects="24845" bytes="573376" bytesdiscarded="32296" />
  <memory-cardclean objects="4311" bytes="389304" />
  <regions eden="29" other="3" />
  <remembered-set-cleared processed="35676" cleared="2368" durationms="0.201" />
  <stringconstants candidates="13729" cleared="0"  />
</gc-op>
<gc-op id="938" type="classunload" timems="0.004" contextid="934" timestamp="2019-06-16T02:56:18.966">
  <classunload-info classloadercandidates="55" classloadersunloaded="0" classesunloaded="0" anonymousclassesunloaded="0" quiescems="0.000" setupms="0.004" scanms="0.000" postms="0.000" />
</gc-op>
<gc-end id="939" type="partial gc" contextid="934" durationms="4.327" usertimems="12.000" systemtimems="0.000" timestamp="2019-06-16T02:56:18.966" activeThreads="4">
  <mem-info id="940" free="57671680" total="94371840" percent="61">
    <mem type="eden" free="1048520" total="1048576" percent="99" />
    <arraylet-primitive objects="1" leaves="1" largest="1" />
    <remembered-set count="39424" freebytes="3609344" totalbytes="3767040" percent="95" regionsoverflowed="0" regionsstable="1" regionsrebuilding="0"/>
  </mem-info>
</gc-end>
<cycle-end id="941" type="partial gc" contextid="934" timestamp="2019-06-16T02:56:18.966" />
  <attribute name="elasticGC enabled" value="1" />
  <attribute name= "numThreadsSpecified" value="4" />
  <attribute name="heapSize specified" value="0" />
  <attribute name="Current GC Util" value="229" />
  <attribute name= "Current Time Running" value="51328" />
  <attribute name ="GC Interval" value="0" />
  <attribute name="ProportionalT" value="313.500000" />
  <attribute name="ProportionalI" value="313.500000" />
  <attribute name="ProportionalH" value="313.500000" />
  <attribute name="Current Error" value="209.000000" />
  <attribute name="IntegralT" value="209.000000" />
  <attribute name="IntegralI" value="209.000000" />
  <attribute name="IntegralH" value="209.000000" />
  <attribute name="DerivativeT" value="163.000000" />
  <attribute name="DerivativeI" value="163.000000" />
  <attribute name="DerivativeH" value="163.000000" />
  <attribute name="Loop Time for DT" value="1.000000" />
  <attribute name="Output H" value="8388608"/>
  <attribute name="Output I" value="688"/>
  <attribute name="Output T" value="4"/>
  <attribute name="Target GC Util Change" value ="20.000000" />
  <attribute name="Current GC Util Change" value="229.000000"/>
  <attribute name="GC Util currently" value="229" />
  <attribute name="CPU Util currently" value="13336628188523" />
<exclusive-end id="942" timestamp="2019-06-16T02:56:18.966" durationms="5.238" />

<exclusive-start id="943" timestamp="2019-06-16T02:56:18.982" intervalms="20.576">
  <response-info timems="0.082" idlems="0.082" threads="0" lastid="0000000001916700" lastname="main" />
</exclusive-start>
<allocation-taxation id="944" taxation-threshold="30408704" timestamp="2019-06-16T02:56:18.982" intervalms="20.567" />
<cycle-start id="945" type="partial gc" contextid="0" timestamp="2019-06-16T02:56:18.982" intervalms="20.545" />
<gc-start id="946" type="partial gc" contextid="945" timestamp="2019-06-16T02:56:18.982">
  <mem-info id="947" free="27262976" total="94371840" percent="28">
    <mem type="eden" free="1048520" total="31457280" percent="3" />
    <arraylet-primitive objects="1" leaves="1" largest="1" />
    <remembered-set count="39424" freebytes="3609344" totalbytes="3767040" percent="95" regionsoverflowed="0" regionsstable="1" regionsrebuilding="0"/>
  </mem-info>
</gc-start>
<allocation-stats totalBytes="30306688" >
  <allocated-bytes non-tlh="0" tlh="30306688" arrayletleaf="0"/>
  <largest-consumer threadName="main" threadId="0000000001916700" bytes="30306688" />
</allocation-stats>
<gc-op id="948" type="copy forward" timems="8.225" contextid="945" timestamp="2019-06-16T02:56:18.991">
  <memory-copied type="eden" objects="2" bytes="56" bytesdiscarded="0" />
  <memory-copied type="other" objects="76626" bytes="2068704" bytesdiscarded="1304" />
  <memory-cardclean objects="18921" bytes="682568" />
  <regions eden="29" other="3" />
  <remembered-set-cleared processed="34898" cleared="6468" durationms="0.398" />
  <references type="soft" candidates="2065" cleared="0" enqueued="0" dynamicThreshold="19" maxThreshold="32" />
  <references type="weak" candidates="79" cleared="0" enqueued="0" />
  <stringconstants candidates="13729" cleared="0"  />
</gc-op>
<gc-op id="949" type="classunload" timems="0.008" contextid="945" timestamp="2019-06-16T02:56:18.991">
  <classunload-info classloadercandidates="55" classloadersunloaded="0" classesunloaded="0" anonymousclassesunloaded="0" quiescems="0.000" setupms="0.008" scanms="0.000" postms="0.000" />
</gc-op>
<heap-resize id="950" type="contract" space="default" amount="2097152" count="1" timems="0.049" reason="excess free space following gc" timestamp="2019-06-16T02:56:18.992" />
<gc-end id="951" type="partial gc" contextid="945" durationms="9.351" usertimems="16.000" systemtimems="0.000" timestamp="2019-06-16T02:56:18.992" activeThreads="1">
  <mem-info id="952" free="56623104" total="92274688" percent="61">
    <mem type="eden" free="1048520" total="1048576" percent="99" />
    <arraylet-primitive objects="1" leaves="1" largest="1" />
    <remembered-set count="39232" freebytes="3610112" totalbytes="3767040" percent="95" regionsoverflowed="0" regionsstable="1" regionsrebuilding="0"/>
  </mem-info>
</gc-end>
<cycle-end id="953" type="partial gc" contextid="945" timestamp="2019-06-16T02:56:18.992" />
  <attribute name="elasticGC enabled" value="1" />
  <attribute name= "numThreadsSpecified" value="1" />
  <attribute name="heapSize specified" value="0" />
  <attribute name="Current GC Util" value="72" />
  <attribute name= "Current Time Running" value="51348" />
  <attribute name ="GC Interval" value="0" />
  <attribute name="ProportionalT" value="78.000000" />
  <attribute name="ProportionalI" value="78.000000" />
  <attribute name="ProportionalH" value="78.000000" />
  <attribute name="Current Error" value="52.000000" />
  <attribute name="IntegralT" value="0.000000" />
  <attribute name="IntegralI" value="0.000000" />
  <attribute name="IntegralH" value="0.000000" />
  <attribute name="DerivativeT" value="inf" />
  <attribute name="DerivativeI" value="inf" />
  <attribute name="DerivativeH" value="inf" />
  <attribute name="Loop Time for DT" value="0.000000" />
  <attribute name="Output H" value="8388608"/>
  <attribute name="Output I" value="200"/>
  <attribute name="Output T" value="1"/>
  <attribute name="Target GC Util Change" value ="20.000000" />
  <attribute name="Current GC Util Change" value="72.000000"/>
  <attribute name="GC Util currently" value="72" />
  <attribute name="CPU Util currently" value="21866487741652" />
<exclusive-end id="954" timestamp="2019-06-16T02:56:18.992" durationms="10.245" />

<exclusive-start id="955" timestamp="2019-06-16T02:56:19.007" intervalms="25.208">
  <response-info timems="0.190" idlems="0.190" threads="0" lastid="0000000001916700" lastname="main" />
</exclusive-start>
<allocation-taxation id="956" taxation-threshold="29360128" timestamp="2019-06-16T02:56:19.007" intervalms="25.188" />
<cycle-start id="957" type="partial gc" contextid="0" timestamp="2019-06-16T02:56:19.007" intervalms="25.129" />
<gc-start id="958" type="partial gc" contextid="957" timestamp="2019-06-16T02:56:19.008">
  <mem-info id="959" free="27262976" total="92274688" percent="29">
    <mem type="eden" free="1048520" total="30408704" percent="3" />
    <arraylet-primitive objects="1" leaves="1" largest="1" />
    <remembered-set count="38368" freebytes="3613568" totalbytes="3767040" percent="95" regionsoverflowed="0" regionsstable="2" regionsrebuilding="0"/>
  </mem-info>
</gc-start>
<allocation-stats totalBytes="29261520" >
  <allocated-bytes non-tlh="0" tlh="29261520" arrayletleaf="0"/>
  <largest-consumer threadName="main" threadId="0000000001916700" bytes="29261520" />
</allocation-stats>
<gc-op id="960" type="copy forward" timems="8.013" contextid="957" timestamp="2019-06-16T02:56:19.016">
  <memory-copied type="eden" objects="2" bytes="56" bytesdiscarded="0" />
  <memory-copied type="other" objects="86444" bytes="1994856" bytesdiscarded="272" />
  <memory-cardclean objects="13881" bytes="767056" />
  <regions eden="28" other="3" />
  <remembered-set-cleared processed="34248" cleared="5848" durationms="0.347" />
  <references type="soft" candidates="74" cleared="0" enqueued="0" dynamicThreshold="19" maxThreshold="32" />
  <references type="weak" candidates="3" cleared="0" enqueued="0" />
  <stringconstants candidates="13729" cleared="0"  />
</gc-op>
<gc-op id="961" type="classunload" timems="0.006" contextid="957" timestamp="2019-06-16T02:56:19.016">
  <classunload-info classloadercandidates="55" classloadersunloaded="0" classesunloaded="0" anonymousclassesunloaded="0" quiescems="0.000" setupms="0.005" scanms="0.000" postms="0.000" />
</gc-op>
<gc-end id="962" type="partial gc" contextid="957" durationms="9.097" usertimems="20.000" systemtimems="0.000" timestamp="2019-06-16T02:56:19.017" activeThreads="1">
  <mem-info id="963" free="56623104" total="92274688" percent="61">
    <mem type="eden" free="1048520" total="1048576" percent="99" />
    <arraylet-primitive objects="1" leaves="1" largest="1" />
    <remembered-set count="37472" freebytes="3533440" totalbytes="3683328" percent="95" regionsoverflowed="0" regionsstable="2" regionsrebuilding="0"/>
  </mem-info>
</gc-end>
<cycle-end id="964" type="partial gc" contextid="957" timestamp="2019-06-16T02:56:19.017" />
  <attribute name="elasticGC enabled" value="1" />
  <attribute name= "numThreadsSpecified" value="1" />
  <attribute name="heapSize specified" value="0" />
  <attribute name="Current GC Util" value="143" />
  <attribute name= "Current Time Running" value="51373" />
  <attribute name ="GC Interval" value="0" />
  <attribute name="ProportionalT" value="184.500000" />
  <attribute name="ProportionalI" value="184.500000" />
  <attribute name="ProportionalH" value="184.500000" />
  <attribute name="Current Error" value="123.000000" />
  <attribute name="IntegralT" value="0.000000" />
  <attribute name="IntegralI" value="0.000000" />
  <attribute name="IntegralH" value="0.000000" />
  <attribute name="DerivativeT" value="inf" />
  <attribute name="DerivativeI" value="inf" />
  <attribute name="DerivativeH" value="inf" />
  <attribute name="Loop Time for DT" value="0.000000" />
  <attribute name="Output H" value="8388608"/>
  <attribute name="Output I" value="200"/>
  <attribute name="Output T" value="1"/>
  <attribute name="Target GC Util Change" value ="20.000000" />
  <attribute name="Current GC Util Change" value="143.000000"/>
  <attribute name="GC Util currently" value="143" />
  <attribute name="CPU Util currently" value="10643932516389" />
<exclusive-end id="965" timestamp="2019-06-16T02:56:19.017" durationms="9.844" />

<exclusive-start id="966" timestamp="2019-06-16T02:56:19.032" intervalms="24.606">
  <response-info timems="0.137" idlems="0.137" threads="0" lastid="0000000001916700" lastname="main" />
</exclusive-start>
<allocation-taxation id="967" taxation-threshold="29360128" timestamp="2019-06-16T02:56:19.032" intervalms="24.639" />
<cycle-start id="968" type="partial gc" contextid="0" timestamp="2019-06-16T02:56:19.032" intervalms="24.736" />
<gc-start id="969" type="partial gc" contextid="968" timestamp="2019-06-16T02:56:19.032">
  <mem-info id="970" free="27262976" total="92274688" percent="29">
    <mem type="eden" free="1048520" total="30408704" percent="3" />
    <arraylet-primitive objects="1" leaves="1" largest="1" />
    <remembered-set count="37056" freebytes="3535104" totalbytes="3683328" percent="95" regionsoverflowed="0" regionsstable="2" regionsrebuilding="0"/>
  </mem-info>
</gc-start>
<allocation-stats totalBytes="29261544" >
  <allocated-bytes non-tlh="0" tlh="29261544" arrayletleaf="0"/>
  <largest-consumer threadName="main" threadId="0000000001916700" bytes="29261544" />
</allocation-stats>
<gc-op id="971" type="copy forward" timems="1.340" contextid="968" timestamp="2019-06-16T02:56:19.035">
  <memory-copied type="eden" objects="2" bytes="56" bytesdiscarded="0" />
  <memory-copied type="other" objects="0" bytes="0" bytesdiscarded="0" />
  <memory-cardclean objects="15" bytes="432" />
  <regions eden="28" other="1" />
  <remembered-set-cleared processed="35077" cleared="4" durationms="0.348" />
  <stringconstants candidates="13729" cleared="0"  />
</gc-op>
<gc-op id="972" type="classunload" timems="0.004" contextid="968" timestamp="2019-06-16T02:56:19.035">
  <classunload-info classloadercandidates="55" classloadersunloaded="0" classesunloaded="0" anonymousclassesunloaded="0" quiescems="0.000" setupms="0.004" scanms="0.000" postms="0.000" />
</gc-op>
<gc-end id="973" type="partial gc" contextid="968" durationms="2.545" usertimems="8.000" systemtimems="0.000" timestamp="2019-06-16T02:56:19.035" activeThreads="1">
  <mem-info id="974" free="56623104" total="92274688" percent="61">
    <mem type="eden" free="1048520" total="1048576" percent="99" />
    <arraylet-primitive objects="1" leaves="1" largest="1" />
    <remembered-set count="37536" freebytes="3533184" totalbytes="3683328" percent="95" regionsoverflowed="0" regionsstable="2" regionsrebuilding="0"/>
  </mem-info>
</gc-end>
<cycle-end id="975" type="partial gc" contextid="968" timestamp="2019-06-16T02:56:19.035" />
  <attribute name="elasticGC enabled" value="1" />
  <attribute name= "numThreadsSpecified" value="1" />
  <attribute name="heapSize specified" value="0" />
  <attribute name="Current GC Util" value="297" />
  <attribute name= "Current Time Running" value="51398" />
  <attribute name ="GC Interval" value="0" />
  <attribute name="ProportionalT" value="415.500000" />
  <attribute name="ProportionalI" value="415.500000" />
  <attribute name="ProportionalH" value="415.500000" />
  <attribute name="Current Error" value="277.000000" />
  <attribute name="IntegralT" value="0.000000" />
  <attribute name="IntegralI" value="0.000000" />
  <attribute name="IntegralH" value="0.000000" />
  <attribute name="DerivativeT" value="inf" />
  <attribute name="DerivativeI" value="inf" />
  <attribute name="DerivativeH" value="inf" />
  <attribute name="Loop Time for DT" value="0.000000" />
  <attribute name="Output H" value="8388608"/>
  <attribute name="Output I" value="200"/>
  <attribute name="Output T" value="1"/>
  <attribute name="Target GC Util Change" value ="20.000000" />
  <attribute name="Current GC Util Change" value="297.000000"/>
  <attribute name="GC Util currently" value="297" />
  <attribute name="CPU Util currently" value="12787009148494" />
<exclusive-end id="976" timestamp="2019-06-16T02:56:19.035" durationms="3.598" />

<exclusive-start id="977" timestamp="2019-06-16T02:56:19.050" intervalms="18.451">
  <response-info timems="0.127" idlems="0.127" threads="0" lastid="0000000001916700" lastname="main" />
</exclusive-start>
<allocation-taxation id="978" taxation-threshold="29360128" timestamp="2019-06-16T02:56:19.050" intervalms="18.431" />
<cycle-start id="979" type="partial gc" contextid="0" timestamp="2019-06-16T02:56:19.050" intervalms="18.389" />
<gc-start id="980" type="partial gc" contextid="979" timestamp="2019-06-16T02:56:19.051">
  <mem-info id="981" free="27262976" total="92274688" percent="29">
    <mem type="eden" free="1048520" total="30408704" percent="3" />
    <arraylet-primitive objects="1" leaves="1" largest="1" />
    <remembered-set count="36576" freebytes="3537024" totalbytes="3683328" percent="96" regionsoverflowed="0" regionsstable="3" regionsrebuilding="0"/>
  </mem-info>
</gc-start>
<allocation-stats totalBytes="29261544" >
  <allocated-bytes non-tlh="0" tlh="29261544" arrayletleaf="0"/>
  <largest-consumer threadName="main" threadId="0000000001916700" bytes="29261544" />
</allocation-stats>
<gc-op id="982" type="copy forward" timems="3.183" contextid="979" timestamp="2019-06-16T02:56:19.055">
  <memory-copied type="eden" objects="2" bytes="56" bytesdiscarded="0" />
  <memory-copied type="other" objects="0" bytes="0" bytesdiscarded="0" />
  <memory-cardclean objects="15" bytes="432" />
  <regions eden="28" other="1" />
  <remembered-set-cleared processed="34662" cleared="4" durationms="0.191" />
  <stringconstants candidates="13729" cleared="0"  />
</gc-op>
<gc-op id="983" type="classunload" timems="0.017" contextid="979" timestamp="2019-06-16T02:56:19.055">
  <classunload-info classloadercandidates="55" classloadersunloaded="0" classesunloaded="0" anonymousclassesunloaded="0" quiescems="0.000" setupms="0.017" scanms="0.000" postms="0.000" />
</gc-op>
<gc-end id="984" type="partial gc" contextid="979" durationms="4.379" usertimems="12.000" systemtimems="0.000" timestamp="2019-06-16T02:56:19.055" activeThreads="4">
  <mem-info id="985" free="56623104" total="92274688" percent="61">
    <mem type="eden" free="1048520" total="1048576" percent="99" />
    <arraylet-primitive objects="1" leaves="1" largest="1" />
    <remembered-set count="37056" freebytes="3535104" totalbytes="3683328" percent="95" regionsoverflowed="0" regionsstable="3" regionsrebuilding="0"/>
  </mem-info>
</gc-end>
<cycle-end id="986" type="partial gc" contextid="979" timestamp="2019-06-16T02:56:19.055" />
  <attribute name="elasticGC enabled" value="1" />
  <attribute name= "numThreadsSpecified" value="4" />
  <attribute name="heapSize specified" value="0" />
  <attribute name="Current GC Util" value="300" />
  <attribute name= "Current Time Running" value="51417" />
  <attribute name ="GC Interval" value="0" />
  <attribute name="ProportionalT" value="420.000000" />
  <attribute name="ProportionalI" value="420.000000" />
  <attribute name="ProportionalH" value="420.000000" />
  <attribute name="Current Error" value="280.000000" />
  <attribute name="IntegralT" value="280.000000" />
  <attribute name="IntegralI" value="280.000000" />
  <attribute name="IntegralH" value="280.000000" />
  <attribute name="DerivativeT" value="280.000000" />
  <attribute name="DerivativeI" value="280.000000" />
  <attribute name="DerivativeH" value="280.000000" />
  <attribute name="Loop Time for DT" value="1.000000" />
  <attribute name="Output H" value="8388608"/>
  <attribute name="Output I" value="984"/>
  <attribute name="Output T" value="4"/>
  <attribute name="Target GC Util Change" value ="20.000000" />
  <attribute name="Current GC Util Change" value="300.000000"/>
  <attribute name="GC Util currently" value="300" />
  <attribute name="CPU Util currently" value="13284878051691" />
<exclusive-end id="987" timestamp="2019-06-16T02:56:19.056" durationms="5.483" />

<exclusive-start id="988" timestamp="2019-06-16T02:56:19.070" intervalms="20.222">
  <response-info timems="0.089" idlems="0.089" threads="0" lastid="0000000001916700" lastname="main" />
</exclusive-start>
<allocation-taxation id="989" taxation-threshold="29360128" timestamp="2019-06-16T02:56:19.070" intervalms="20.230" />
<cycle-start id="990" type="partial gc" contextid="0" timestamp="2019-06-16T02:56:19.071" intervalms="20.210" />
<gc-start id="991" type="partial gc" contextid="990" timestamp="2019-06-16T02:56:19.071">
  <mem-info id="992" free="27262976" total="92274688" percent="29">
    <mem type="eden" free="1048520" total="30408704" percent="3" />
    <arraylet-primitive objects="1" leaves="1" largest="1" />
    <remembered-set count="36448" freebytes="3537536" totalbytes="3683328" percent="96" regionsoverflowed="0" regionsstable="4" regionsrebuilding="0"/>
  </mem-info>
</gc-start>
<allocation-stats totalBytes="29261544" >
  <allocated-bytes non-tlh="0" tlh="29261544" arrayletleaf="0"/>
  <largest-consumer threadName="main" threadId="0000000001916700" bytes="29261544" />
</allocation-stats>
<gc-op id="993" type="copy forward" timems="2.967" contextid="990" timestamp="2019-06-16T02:56:19.075">
  <memory-copied type="eden" objects="2" bytes="56" bytesdiscarded="0" />
  <memory-copied type="other" objects="0" bytes="0" bytesdiscarded="0" />
  <memory-cardclean objects="15" bytes="432" />
  <regions eden="28" other="1" />
  <remembered-set-cleared processed="34128" cleared="4" durationms="0.185" />
  <stringconstants candidates="13729" cleared="0"  />
</gc-op>
<gc-op id="994" type="classunload" timems="0.017" contextid="990" timestamp="2019-06-16T02:56:19.075">
  <classunload-info classloadercandidates="55" classloadersunloaded="0" classesunloaded="0" anonymousclassesunloaded="0" quiescems="0.000" setupms="0.017" scanms="0.000" postms="0.000" />
</gc-op>
<gc-end id="995" type="partial gc" contextid="990" durationms="4.034" usertimems="8.000" systemtimems="0.000" timestamp="2019-06-16T02:56:19.075" activeThreads="4">
  <mem-info id="996" free="56623104" total="92274688" percent="61">
    <mem type="eden" free="1048520" total="1048576" percent="99" />
    <arraylet-primitive objects="1" leaves="1" largest="1" />
    <remembered-set count="36448" freebytes="3537536" totalbytes="3683328" percent="96" regionsoverflowed="0" regionsstable="4" regionsrebuilding="0"/>
  </mem-info>
</gc-end>
<cycle-end id="997" type="partial gc" contextid="990" timestamp="2019-06-16T02:56:19.075" />
  <attribute name="elasticGC enabled" value="1" />
  <attribute name= "numThreadsSpecified" value="4" />
  <attribute name="heapSize specified" value="0" />
  <attribute name="Current GC Util" value="178" />
  <attribute name= "Current Time Running" value="51437" />
  <attribute name ="GC Interval" value="0" />
  <attribute name="ProportionalT" value="237.000000" />
  <attribute name="ProportionalI" value="237.000000" />
  <attribute name="ProportionalH" value="237.000000" />
  <attribute name="Current Error" value="158.000000" />
  <attribute name="IntegralT" value="158.000000" />
  <attribute name="IntegralI" value="158.000000" />
  <attribute name="IntegralH" value="158.000000" />
  <attribute name="DerivativeT" value="134.000000" />
  <attribute name="DerivativeI" value="134.000000" />
  <attribute name="DerivativeH" value="134.000000" />
  <attribute name="Loop Time for DT" value="1.000000" />
  <attribute name="Output H" value="8388608"/>
  <attribute name="Output I" value="536"/>
  <attribute name="Output T" value="4"/>
  <attribute name="Target GC Util Change" value ="20.000000" />
  <attribute name="Current GC Util Change" value="178.000000"/>
  <attribute name="GC Util currently" value="178" />
  <attribute name="CPU Util currently" value="13959366146163" />
<exclusive-end id="998" timestamp="2019-06-16T02:56:19.075" durationms="5.020" />

<exclusive-start id="999" timestamp="2019-06-16T02:56:19.090" intervalms="19.709">
  <response-info timems="0.087" idlems="0.087" threads="0" lastid="0000000001916700" lastname="main" />
</exclusive-start>
<allocation-taxation id="1000" taxation-threshold="29360128" timestamp="2019-06-16T02:56:19.090" intervalms="19.711" />
<cycle-start id="1001" type="partial gc" contextid="0" timestamp="2019-06-16T02:56:19.090" intervalms="19.727" />
<gc-start id="1002" type="partial gc" contextid="1001" timestamp="2019-06-16T02:56:19.091">
  <mem-info id="1003" free="27262976" total="92274688" percent="29">
    <mem type="eden" free="1048520" total="30408704" percent="3" />
    <arraylet-primitive objects="1" leaves="1" largest="1" />
    <remembered-set count="35648" freebytes="3540736" totalbytes="3683328" percent="96" regionsoverflowed="0" regionsstable="5" regionsrebuilding="0"/>
  </mem-info>
</gc-start>
<allocation-stats totalBytes="29261544" >
  <allocated-bytes non-tlh="0" tlh="29261544" arrayletleaf="0"/>
  <largest-consumer threadName="main" threadId="0000000001916700" bytes="29261544" />
</allocation-stats>
<gc-op id="1004" type="copy forward" timems="1.239" contextid="1001" timestamp="2019-06-16T02:56:19.092">
  <memory-copied type="eden" objects="2" bytes="56" bytesdiscarded="0" />
  <memory-copied type="other" objects="0" bytes="0" bytesdiscarded="0" />
  <memory-cardclean objects="15" bytes="432" />
  <regions eden="28" other="1" />
  <remembered-set-cleared processed="33381" cleared="4" durationms="0.307" />
  <stringconstants candidates="13729" cleared="0"  />
</gc-op>
<gc-op id="1005" type="classunload" timems="0.003" contextid="1001" timestamp="2019-06-16T02:56:19.093">
  <classunload-info classloadercandidates="55" classloadersunloaded="0" classesunloaded="0" anonymousclassesunloaded="0" quiescems="0.000" setupms="0.003" scanms="0.000" postms="0.000" />
</gc-op>
<gc-end id="1006" type="partial gc" contextid="1001" durationms="2.150" usertimems="4.000" systemtimems="0.000" timestamp="2019-06-16T02:56:19.093" activeThreads="1">
  <mem-info id="1007" free="56623104" total="92274688" percent="61">
    <mem type="eden" free="1048520" total="1048576" percent="99" />
    <arraylet-primitive objects="1" leaves="1" largest="1" />
    <remembered-set count="36096" freebytes="3538944" totalbytes="3683328" percent="96" regionsoverflowed="0" regionsstable="5" regionsrebuilding="0"/>
  </mem-info>
</gc-end>
<cycle-end id="1008" type="partial gc" contextid="1001" timestamp="2019-06-16T02:56:19.093" />
  <attribute name="elasticGC enabled" value="1" />
  <attribute name= "numThreadsSpecified" value="1" />
  <attribute name="heapSize specified" value="0" />
  <attribute name="Current GC Util" value="66" />
  <attribute name= "Current Time Running" value="51456" />
  <attribute name ="GC Interval" value="0" />
  <attribute name="ProportionalT" value="69.000000" />
  <attribute name="ProportionalI" value="69.000000" />
  <attribute name="ProportionalH" value="69.000000" />
  <attribute name="Current Error" value="46.000000" />
  <attribute name="IntegralT" value="0.000000" />
  <attribute name="IntegralI" value="0.000000" />
  <attribute name="IntegralH" value="0.000000" />
  <attribute name="DerivativeT" value="inf" />
  <attribute name="DerivativeI" value="inf" />
  <attribute name="DerivativeH" value="inf" />
  <attribute name="Loop Time for DT" value="0.000000" />
  <attribute name="Output H" value="8388608"/>
  <attribute name="Output I" value="200"/>
  <attribute name="Output T" value="1"/>
  <attribute name="Target GC Util Change" value ="20.000000" />
  <attribute name="Current GC Util Change" value="66.000000"/>
  <attribute name="GC Util currently" value="66" />
  <attribute name="CPU Util currently" value="27079617833582" />
<exclusive-end id="1009" timestamp="2019-06-16T02:56:19.093" durationms="3.066" />

<exclusive-start id="1010" timestamp="2019-06-16T02:56:19.111" intervalms="20.685">
  <response-info timems="0.058" idlems="0.058" threads="0" lastid="0000000001916700" lastname="main" />
</exclusive-start>
<allocation-taxation id="1011" taxation-threshold="29360128" timestamp="2019-06-16T02:56:19.111" intervalms="20.718" />
<cycle-start id="1012" type="partial gc" contextid="0" timestamp="2019-06-16T02:56:19.111" intervalms="20.743" />
<gc-start id="1013" type="partial gc" contextid="1012" timestamp="2019-06-16T02:56:19.112">
  <mem-info id="1014" free="27262976" total="92274688" percent="29">
    <mem type="eden" free="1048520" total="30408704" percent="3" />
    <arraylet-primitive objects="1" leaves="1" largest="1" />
    <remembered-set count="35616" freebytes="3540864" totalbytes="3683328" percent="96" regionsoverflowed="0" regionsstable="5" regionsrebuilding="0"/>
  </mem-info>
</gc-start>
<allocation-stats totalBytes="29248000" >
  <allocated-bytes non-tlh="0" tlh="29248000" arrayletleaf="0"/>
  <largest-consumer threadName="main" threadId="0000000001916700" bytes="29248000" />
</allocation-stats>
<gc-op id="1015" type="copy forward" timems="1.430" contextid="1012" timestamp="2019-06-16T02:56:19.114">
  <memory-copied type="eden" objects="28" bytes="1960" bytesdiscarded="0" />
  <memory-copied type="other" objects="0" bytes="0" bytesdiscarded="0" />
  <memory-cardclean objects="68" bytes="2088" />
  <regions eden="28" other="1" />
  <remembered-set-cleared processed="33381" cleared="18" durationms="0.380" />
  <stringconstants candidates="13729" cleared="0"  />
</gc-op>
<gc-op id="1016" type="classunload" timems="0.004" contextid="1012" timestamp="2019-06-16T02:56:19.114">
  <classunload-info classloadercandidates="55" classloadersunloaded="0" classesunloaded="0" anonymousclassesunloaded="0" quiescems="0.000" setupms="0.004" scanms="0.000" postms="0.000" />
</gc-op>
<gc-end id="1017" type="partial gc" contextid="1012" durationms="2.598" usertimems="8.000" systemtimems="0.000" timestamp="2019-06-16T02:56:19.114" activeThreads="1">
  <mem-info id="1018" free="56623104" total="92274688" percent="61">
    <mem type="eden" free="1046616" total="1048576" percent="99" />
    <arraylet-primitive objects="1" leaves="1" largest="1" />
    <remembered-set count="36064" freebytes="3539072" totalbytes="3683328" percent="96" regionsoverflowed="0" regionsstable="5" regionsrebuilding="0"/>
  </mem-info>
</gc-end>
<cycle-end id="1019" type="partial gc" contextid="1012" timestamp="2019-06-16T02:56:19.114" />
  <attribute name="elasticGC enabled" value="1" />
  <attribute name= "numThreadsSpecified" value="1" />
  <attribute name="heapSize specified" value="0" />
  <attribute name="Current GC Util" value="321" />
  <attribute name= "Current Time Running" value="51477" />
  <attribute name ="GC Interval" value="0" />
  <attribute name="ProportionalT" value="451.500000" />
  <attribute name="ProportionalI" value="451.500000" />
  <attribute name="ProportionalH" value="451.500000" />
  <attribute name="Current Error" value="301.000000" />
  <attribute name="IntegralT" value="0.000000" />
  <attribute name="IntegralI" value="0.000000" />
  <attribute name="IntegralH" value="0.000000" />
  <attribute name="DerivativeT" value="inf" />
  <attribute name="DerivativeI" value="inf" />
  <attribute name="DerivativeH" value="inf" />
  <attribute name="Loop Time for DT" value="0.000000" />
  <attribute name="Output H" value="8388608"/>
  <attribute name="Output I" value="200"/>
  <attribute name="Output T" value="1"/>
  <attribute name="Target GC Util Change" value ="20.000000" />
  <attribute name="Current GC Util Change" value="321.000000"/>
  <attribute name="GC Util currently" value="321" />
  <attribute name="CPU Util currently" value="13085655580365" />
<exclusive-end id="1020" timestamp="2019-06-16T02:56:19.114" durationms="3.776" />

<exclusive-start id="1021" timestamp="2019-06-16T02:56:19.141" intervalms="30.193">
  <response-info timems="0.074" idlems="0.074" threads="0" lastid="0000000001916700" lastname="main" />
</exclusive-start>
<allocation-taxation id="1022" taxation-threshold="29360128" timestamp="2019-06-16T02:56:19.141" intervalms="30.174" />
<cycle-start id="1023" type="partial gc" contextid="0" timestamp="2019-06-16T02:56:19.141" intervalms="30.156" />
<gc-start id="1024" type="partial gc" contextid="1023" timestamp="2019-06-16T02:56:19.142">
  <mem-info id="1025" free="27262976" total="92274688" percent="29">
    <mem type="eden" free="0" total="29360128" percent="0" />
    <arraylet-primitive objects="1" leaves="1" largest="1" />
    <remembered-set count="34848" freebytes="3543936" totalbytes="3683328" percent="96" regionsoverflowed="0" regionsstable="6" regionsrebuilding="0"/>
  </mem-info>
</gc-start>
<allocation-stats totalBytes="29164800" >
  <allocated-bytes non-tlh="0" tlh="29164800" arrayletleaf="0"/>
  <largest-consumer threadName="main" threadId="0000000001916700" bytes="29164800" />
</allocation-stats>
<gc-op id="1026" type="copy forward" timems="1.282" contextid="1023" timestamp="2019-06-16T02:56:19.144">
  <memory-copied type="eden" objects="1" bytes="40" bytesdiscarded="0" />
  <memory-copied type="other" objects="27" bytes="1920" bytesdiscarded="0" />
  <memory-cardclean objects="44" bytes="1624" />
  <regions eden="28" other="1" />
  <remembered-set-cleared processed="32703" cleared="27" durationms="0.325" />
  <stringconstants candidates="13729" cleared="0"  />
</gc-op>
<gc-op id="1027" type="classunload" timems="0.005" contextid="1023" timestamp="2019-06-16T02:56:19.144">
  <classunload-info classloadercandidates="55" classloadersunloaded="0" classesunloaded="0" anonymousclassesunloaded="0" quiescems="0.000" setupms="0.004" scanms="0.000" postms="0.000" />
</gc-op>
<gc-end id="1028" type="partial gc" contextid="1023" durationms="2.335" usertimems="4.000" systemtimems="0.000" timestamp="2019-06-16T02:56:19.144" activeThreads="1">
  <mem-info id="1029" free="55574528" total="92274688" percent="60">
    <mem type="eden" free="1048536" total="1048576" percent="99" />
    <arraylet-primitive objects="1" leaves="1" largest="1" />
    <remembered-set count="35328" freebytes="3542016" totalbytes="3683328" percent="96" regionsoverflowed="0" regionsstable="6" regionsrebuilding="0"/>
  </mem-info>
</gc-end>
<cycle-end id="1030" type="partial gc" contextid="1023" timestamp="2019-06-16T02:56:19.144" />
  <attribute name="elasticGC enabled" value="1" />
  <attribute name= "numThreadsSpecified" value="1" />
  <attribute name="heapSize specified" value="0" />
  <attribute name="Current GC Util" value="316" />
  <attribute name= "Current Time Running" value="51507" />
  <attribute name ="GC Interval" value="0" />
  <attribute name="ProportionalT" value="444.000000" />
  <attribute name="ProportionalI" value="444.000000" />
  <attribute name="ProportionalH" value="444.000000" />
  <attribute name="Current Error" value="296.000000" />
  <attribute name="IntegralT" value="0.000000" />
  <attribute name="IntegralI" value="0.000000" />
  <attribute name="IntegralH" value="0.000000" />
  <attribute name="DerivativeT" value="inf" />
  <attribute name="DerivativeI" value="inf" />
  <attribute name="DerivativeH" value="inf" />
  <attribute name="Loop Time for DT" value="0.000000" />
  <attribute name="Output H" value="8388608"/>
  <attribute name="Output I" value="200"/>
  <attribute name="Output T" value="1"/>
  <attribute name="Target GC Util Change" value ="20.000000" />
  <attribute name="Current GC Util Change" value="316.000000"/>
  <attribute name="GC Util currently" value="316" />
  <attribute name="CPU Util currently" value="13360970667348" />
<exclusive-end id="1031" timestamp="2019-06-16T02:56:19.144" durationms="3.372" />

<exclusive-start id="1032" timestamp="2019-06-16T02:56:19.171" intervalms="29.730">
  <response-info timems="0.067" idlems="0.067" threads="0" lastid="0000000001916700" lastname="main" />
</exclusive-start>
<allocation-taxation id="1033" taxation-threshold="29360128" timestamp="2019-06-16T02:56:19.171" intervalms="29.707" />
<cycle-start id="1034" type="partial gc" contextid="0" timestamp="2019-06-16T02:56:19.171" intervalms="29.683" />
<gc-start id="1035" type="partial gc" contextid="1034" timestamp="2019-06-16T02:56:19.171">
  <mem-info id="1036" free="26214400" total="92274688" percent="28">
    <mem type="eden" free="1048536" total="30408704" percent="3" />
    <arraylet-primitive objects="1" leaves="1" largest="1" />
    <remembered-set count="34240" freebytes="3546368" totalbytes="3683328" percent="96" regionsoverflowed="0" regionsstable="8" regionsrebuilding="0"/>
  </mem-info>
</gc-start>
<allocation-stats totalBytes="29167800" >
  <allocated-bytes non-tlh="0" tlh="29167800" arrayletleaf="0"/>
  <largest-consumer threadName="main" threadId="0000000001916700" bytes="29167800" />
</allocation-stats>
<gc-op id="1037" type="copy forward" timems="1.337" contextid="1034" timestamp="2019-06-16T02:56:19.174">
  <memory-copied type="eden" objects="2" bytes="64" bytesdiscarded="0" />
  <memory-copied type="other" objects="0" bytes="0" bytesdiscarded="0" />
  <memory-cardclean objects="10" bytes="424" />
  <regions eden="28" other="1" />
  <remembered-set-cleared processed="32121" cleared="3" durationms="0.340" />
  <stringconstants candidates="13729" cleared="0"  />
</gc-op>
<gc-op id="1038" type="classunload" timems="0.003" contextid="1034" timestamp="2019-06-16T02:56:19.174">
  <classunload-info classloadercandidates="55" classloadersunloaded="0" classesunloaded="0" anonymousclassesunloaded="0" quiescems="0.000" setupms="0.003" scanms="0.000" postms="0.000" />
</gc-op>
<gc-end id="1039" type="partial gc" contextid="1034" durationms="2.454" usertimems="0.000" systemtimems="0.000" timestamp="2019-06-16T02:56:19.174" activeThreads="1">
  <mem-info id="1040" free="55574528" total="92274688" percent="60">
    <mem type="eden" free="1048512" total="1048576" percent="99" />
    <arraylet-primitive objects="1" leaves="1" largest="1" />
    <remembered-set count="34752" freebytes="3544320" totalbytes="3683328" percent="96" regionsoverflowed="0" regionsstable="8" regionsrebuilding="0"/>
  </mem-info>
</gc-end>
<cycle-end id="1041" type="partial gc" contextid="1034" timestamp="2019-06-16T02:56:19.174" />
  <attribute name="elasticGC enabled" value="1" />
  <attribute name= "numThreadsSpecified" value="1" />
  <attribute name="heapSize specified" value="0" />
  <attribute name="Current GC Util" value="275" />
  <attribute name= "Current Time Running" value="51537" />
  <attribute name ="GC Interval" value="0" />
  <attribute name="ProportionalT" value="382.500000" />
  <attribute name="ProportionalI" value="382.500000" />
  <attribute name="ProportionalH" value="382.500000" />
  <attribute name="Current Error" value="255.000000" />
  <attribute name="IntegralT" value="0.000000" />
  <attribute name="IntegralI" value="0.000000" />
  <attribute name="IntegralH" value="0.000000" />
  <attribute name="DerivativeT" value="inf" />
  <attribute name="DerivativeI" value="inf" />
  <attribute name="DerivativeH" value="inf" />
  <attribute name="Loop Time for DT" value="0.000000" />
  <attribute name="Output H" value="8388608"/>
  <attribute name="Output I" value="200"/>
  <attribute name="Output T" value="1"/>
  <attribute name="Target GC Util Change" value ="20.000000" />
  <attribute name="Current GC Util Change" value="275.000000"/>
  <attribute name="GC Util currently" value="275" />
  <attribute name="CPU Util currently" value="12483416109987" />
<exclusive-end id="1042" timestamp="2019-06-16T02:56:19.174" durationms="3.505" />

<exclusive-start id="1043" timestamp="2019-06-16T02:56:19.196" intervalms="25.848">
  <response-info timems="0.031" idlems="0.031" threads="0" lastid="0000000001916700" lastname="main" />
</exclusive-start>
<allocation-taxation id="1044" taxation-threshold="29360128" timestamp="2019-06-16T02:56:19.197" intervalms="25.820" />
<cycle-start id="1045" type="partial gc" contextid="0" timestamp="2019-06-16T02:56:19.197" intervalms="25.726" />
<gc-start id="1046" type="partial gc" contextid="1045" timestamp="2019-06-16T02:56:19.197">
  <mem-info id="1047" free="26214400" total="92274688" percent="28">
    <mem type="eden" free="1048512" total="30408704" percent="3" />
    <arraylet-primitive objects="1" leaves="1" largest="1" />
    <remembered-set count="34272" freebytes="3546240" totalbytes="3683328" percent="96" regionsoverflowed="0" regionsstable="8" regionsrebuilding="0"/>
  </mem-info>
</gc-start>
<allocation-stats totalBytes="29176080" >
  <allocated-bytes non-tlh="0" tlh="29176080" arrayletleaf="0"/>
  <largest-consumer threadName="main" threadId="0000000001916700" bytes="29176080" />
</allocation-stats>
<gc-op id="1048" type="copy forward" timems="3.302" contextid="1045" timestamp="2019-06-16T02:56:19.201">
  <memory-copied type="eden" objects="2" bytes="64" bytesdiscarded="0" />
  <memory-copied type="other" objects="0" bytes="0" bytesdiscarded="0" />
  <memory-cardclean objects="10" bytes="424" />
  <regions eden="28" other="1" />
  <remembered-set-cleared processed="32122" cleared="4" durationms="0.194" />
  <stringconstants candidates="13729" cleared="0"  />
</gc-op>
<gc-op id="1049" type="classunload" timems="0.005" contextid="1045" timestamp="2019-06-16T02:56:19.201">
  <classunload-info classloadercandidates="55" classloadersunloaded="0" classesunloaded="0" anonymousclassesunloaded="0" quiescems="0.000" setupms="0.005" scanms="0.000" postms="0.000" />
</gc-op>
<gc-end id="1050" type="partial gc" contextid="1045" durationms="4.243" usertimems="12.000" systemtimems="0.000" timestamp="2019-06-16T02:56:19.201" activeThreads="4">
  <mem-info id="1051" free="55574528" total="92274688" percent="60">
    <mem type="eden" free="1048512" total="1048576" percent="99" />
    <arraylet-primitive objects="1" leaves="1" largest="1" />
    <remembered-set count="34304" freebytes="3546112" totalbytes="3683328" percent="96" regionsoverflowed="0" regionsstable="8" regionsrebuilding="0"/>
  </mem-info>
</gc-end>
<cycle-end id="1052" type="partial gc" contextid="1045" timestamp="2019-06-16T02:56:19.201" />
  <attribute name="elasticGC enabled" value="1" />
  <attribute name= "numThreadsSpecified" value="4" />
  <attribute name="heapSize specified" value="0" />
  <attribute name="Current GC Util" value="287" />
  <attribute name= "Current Time Running" value="51563" />
  <attribute name ="GC Interval" value="0" />
  <attribute name="ProportionalT" value="400.500000" />
  <attribute name="ProportionalI" value="400.500000" />
  <attribute name="ProportionalH" value="400.500000" />
  <attribute name="Current Error" value="267.000000" />
  <attribute name="IntegralT" value="267.000000" />
  <attribute name="IntegralI" value="267.000000" />
  <attribute name="IntegralH" value="267.000000" />
  <attribute name="DerivativeT" value="267.000000" />
  <attribute name="DerivativeI" value="267.000000" />
  <attribute name="DerivativeH" value="267.000000" />
  <attribute name="Loop Time for DT" value="1.000000" />
  <attribute name="Output H" value="8388608"/>
  <attribute name="Output I" value="936"/>
  <attribute name="Output T" value="4"/>
  <attribute name="Target GC Util Change" value ="20.000000" />
  <attribute name="Current GC Util Change" value="287.000000"/>
  <attribute name="GC Util currently" value="287" />
  <attribute name="CPU Util currently" value="13341759763558" />
<exclusive-end id="1053" timestamp="2019-06-16T02:56:19.201" durationms="4.932" />

<exclusive-start id="1054" timestamp="2019-06-16T02:56:19.218" intervalms="21.849">
  <response-info timems="0.028" idlems="0.028" threads="0" lastid="0000000001916700" lastname="main" />
</exclusive-start>
<allocation-taxation id="1055" taxation-threshold="29360128" timestamp="2019-06-16T02:56:19.218" intervalms="21.787" />
<cycle-start id="1056" type="partial gc" contextid="0" timestamp="2019-06-16T02:56:19.219" intervalms="21.868" />
<gc-start id="1057" type="partial gc" contextid="1056" timestamp="2019-06-16T02:56:19.219">
  <mem-info id="1058" free="26214400" total="92274688" percent="28">
    <mem type="eden" free="1048512" total="30408704" percent="3" />
    <arraylet-primitive objects="1" leaves="1" largest="1" />
    <remembered-set count="34304" freebytes="3546112" totalbytes="3683328" percent="96" regionsoverflowed="0" regionsstable="8" regionsrebuilding="0"/>
  </mem-info>
</gc-start>
<allocation-stats totalBytes="29176104" >
  <allocated-bytes non-tlh="0" tlh="29176104" arrayletleaf="0"/>
  <largest-consumer threadName="main" threadId="0000000001916700" bytes="29176104" />
</allocation-stats>
<gc-op id="1059" type="copy forward" timems="1.184" contextid="1056" timestamp="2019-06-16T02:56:19.221">
  <memory-copied type="eden" objects="2" bytes="64" bytesdiscarded="0" />
  <memory-copied type="other" objects="0" bytes="0" bytesdiscarded="0" />
  <memory-cardclean objects="10" bytes="424" />
  <regions eden="28" other="1" />
  <remembered-set-cleared processed="32122" cleared="4" durationms="0.298" />
  <stringconstants candidates="13729" cleared="0"  />
</gc-op>
<gc-op id="1060" type="classunload" timems="0.004" contextid="1056" timestamp="2019-06-16T02:56:19.221">
  <classunload-info classloadercandidates="55" classloadersunloaded="0" classesunloaded="0" anonymousclassesunloaded="0" quiescems="0.000" setupms="0.003" scanms="0.000" postms="0.000" />
</gc-op>
<gc-end id="1061" type="partial gc" contextid="1056" durationms="2.221" usertimems="4.000" systemtimems="0.000" timestamp="2019-06-16T02:56:19.221" activeThreads="1">
  <mem-info id="1062" free="55574528" total="92274688" percent="60">
    <mem type="eden" free="1048512" total="1048576" percent="99" />
    <arraylet-primitive objects="1" leaves="1" largest="1" />
    <remembered-set count="34784" freebytes="3544192" totalbytes="3683328" percent="96" regionsoverflowed="0" regionsstable="8" regionsrebuilding="0"/>
  </mem-info>
</gc-end>
<cycle-end id="1063" type="partial gc" contextid="1056" timestamp="2019-06-16T02:56:19.221" />
  <attribute name="elasticGC enabled" value="1" />
  <attribute name= "numThreadsSpecified" value="1" />
  <attribute name="heapSize specified" value="0" />
  <attribute name="Current GC Util" value="161" />
  <attribute name= "Current Time Running" value="51584" />
  <attribute name ="GC Interval" value="0" />
  <attribute name="ProportionalT" value="211.500000" />
  <attribute name="ProportionalI" value="211.500000" />
  <attribute name="ProportionalH" value="211.500000" />
  <attribute name="Current Error" value="141.000000" />
  <attribute name="IntegralT" value="0.000000" />
  <attribute name="IntegralI" value="0.000000" />
  <attribute name="IntegralH" value="0.000000" />
  <attribute name="DerivativeT" value="inf" />
  <attribute name="DerivativeI" value="inf" />
  <attribute name="DerivativeH" value="inf" />
  <attribute name="Loop Time for DT" value="0.000000" />
  <attribute name="Output H" value="8388608"/>
  <attribute name="Output I" value="200"/>
  <attribute name="Output T" value="1"/>
  <attribute name="Target GC Util Change" value ="20.000000" />
  <attribute name="Current GC Util Change" value="161.000000"/>
  <attribute name="GC Util currently" value="161" />
  <attribute name="CPU Util currently" value="13945267436905" />
<exclusive-end id="1064" timestamp="2019-06-16T02:56:19.221" durationms="3.018" />

<exclusive-start id="1065" timestamp="2019-06-16T02:56:19.238" intervalms="19.446">
  <response-info timems="0.069" idlems="0.069" threads="0" lastid="0000000001916700" lastname="main" />
</exclusive-start>
<allocation-taxation id="1066" taxation-threshold="29360128" timestamp="2019-06-16T02:56:19.238" intervalms="19.514" />
<cycle-start id="1067" type="partial gc" contextid="0" timestamp="2019-06-16T02:56:19.238" intervalms="19.525" />
<gc-start id="1068" type="partial gc" contextid="1067" timestamp="2019-06-16T02:56:19.238">
  <mem-info id="1069" free="26214400" total="92274688" percent="28">
    <mem type="eden" free="1048512" total="30408704" percent="3" />
    <arraylet-primitive objects="1" leaves="1" largest="1" />
    <remembered-set count="34304" freebytes="3546112" totalbytes="3683328" percent="96" regionsoverflowed="0" regionsstable="8" regionsrebuilding="0"/>
  </mem-info>
</gc-start>
<allocation-stats totalBytes="29176080" >
  <allocated-bytes non-tlh="0" tlh="29176080" arrayletleaf="0"/>
  <largest-consumer threadName="main" threadId="0000000001916700" bytes="29176080" />
</allocation-stats>
<gc-op id="1070" type="copy forward" timems="1.147" contextid="1067" timestamp="2019-06-16T02:56:19.240">
  <memory-copied type="eden" objects="2" bytes="64" bytesdiscarded="0" />
  <memory-copied type="other" objects="0" bytes="0" bytesdiscarded="0" />
  <memory-cardclean objects="10" bytes="424" />
  <regions eden="28" other="1" />
  <remembered-set-cleared processed="32122" cleared="4" durationms="0.283" />
  <stringconstants candidates="13729" cleared="0"  />
</gc-op>
<gc-op id="1071" type="classunload" timems="0.003" contextid="1067" timestamp="2019-06-16T02:56:19.240">
  <classunload-info classloadercandidates="55" classloadersunloaded="0" classesunloaded="0" anonymousclassesunloaded="0" quiescems="0.000" setupms="0.003" scanms="0.000" postms="0.000" />
</gc-op>
<gc-end id="1072" type="partial gc" contextid="1067" durationms="2.209" usertimems="4.000" systemtimems="0.000" timestamp="2019-06-16T02:56:19.240" activeThreads="1">
  <mem-info id="1073" free="55574528" total="92274688" percent="60">
    <mem type="eden" free="1048512" total="1048576" percent="99" />
    <arraylet-primitive objects="1" leaves="1" largest="1" />
    <remembered-set count="34784" freebytes="3544192" totalbytes="3683328" percent="96" regionsoverflowed="0" regionsstable="8" regionsrebuilding="0"/>
  </mem-info>
</gc-end>
<cycle-end id="1074" type="partial gc" contextid="1067" timestamp="2019-06-16T02:56:19.241" />
  <attribute name="elasticGC enabled" value="1" />
  <attribute name= "numThreadsSpecified" value="1" />
  <attribute name="heapSize specified" value="0" />
  <attribute name="Current GC Util" value="270" />
  <attribute name= "Current Time Running" value="51604" />
  <attribute name ="GC Interval" value="0" />
  <attribute name="ProportionalT" value="375.000000" />
  <attribute name="ProportionalI" value="375.000000" />
  <attribute name="ProportionalH" value="375.000000" />
  <attribute name="Current Error" value="250.000000" />
  <attribute name="IntegralT" value="0.000000" />
  <attribute name="IntegralI" value="0.000000" />
  <attribute name="IntegralH" value="0.000000" />
  <attribute name="DerivativeT" value="inf" />
  <attribute name="DerivativeI" value="inf" />
  <attribute name="DerivativeH" value="inf" />
  <attribute name="Loop Time for DT" value="0.000000" />
  <attribute name="Output H" value="8388608"/>
  <attribute name="Output I" value="200"/>
  <attribute name="Output T" value="1"/>
  <attribute name="Target GC Util Change" value ="20.000000" />
  <attribute name="Current GC Util Change" value="270.000000"/>
  <attribute name="GC Util currently" value="270" />
  <attribute name="CPU Util currently" value="13194944824799" />
<exclusive-end id="1075" timestamp="2019-06-16T02:56:19.241" durationms="3.044" />

<exclusive-start id="1076" timestamp="2019-06-16T02:56:19.257" intervalms="19.463">
  <response-info timems="0.069" idlems="0.069" threads="0" lastid="0000000001916700" lastname="main" />
</exclusive-start>
<allocation-taxation id="1077" taxation-threshold="29360128" timestamp="2019-06-16T02:56:19.257" intervalms="19.462" />
<cycle-start id="1078" type="partial gc" contextid="0" timestamp="2019-06-16T02:56:19.258" intervalms="19.499" />
<gc-start id="1079" type="partial gc" contextid="1078" timestamp="2019-06-16T02:56:19.258">
  <mem-info id="1080" free="26214400" total="92274688" percent="28">
    <mem type="eden" free="1048512" total="30408704" percent="3" />
    <arraylet-primitive objects="1" leaves="1" largest="1" />
    <remembered-set count="34304" freebytes="3546112" totalbytes="3683328" percent="96" regionsoverflowed="0" regionsstable="8" regionsrebuilding="0"/>
  </mem-info>
</gc-start>
<allocation-stats totalBytes="29176080" >
  <allocated-bytes non-tlh="0" tlh="29176080" arrayletleaf="0"/>
  <largest-consumer threadName="main" threadId="0000000001916700" bytes="29176080" />
</allocation-stats>
<gc-op id="1081" type="copy forward" timems="2.440" contextid="1078" timestamp="2019-06-16T02:56:19.261">
  <memory-copied type="eden" objects="2" bytes="64" bytesdiscarded="0" />
  <memory-copied type="other" objects="0" bytes="0" bytesdiscarded="0" />
  <memory-cardclean objects="10" bytes="424" />
  <regions eden="28" other="1" />
  <remembered-set-cleared processed="32122" cleared="4" durationms="0.188" />
  <stringconstants candidates="13729" cleared="0"  />
</gc-op>
<gc-op id="1082" type="classunload" timems="0.004" contextid="1078" timestamp="2019-06-16T02:56:19.261">
  <classunload-info classloadercandidates="55" classloadersunloaded="0" classesunloaded="0" anonymousclassesunloaded="0" quiescems="0.000" setupms="0.004" scanms="0.000" postms="0.000" />
</gc-op>
<gc-end id="1083" type="partial gc" contextid="1078" durationms="3.542" usertimems="8.000" systemtimems="0.000" timestamp="2019-06-16T02:56:19.261" activeThreads="4">
  <mem-info id="1084" free="55574528" total="92274688" percent="60">
    <mem type="eden" free="1048512" total="1048576" percent="99" />
    <arraylet-primitive objects="1" leaves="1" largest="1" />
    <remembered-set count="34304" freebytes="3546112" totalbytes="3683328" percent="96" regionsoverflowed="0" regionsstable="8" regionsrebuilding="0"/>
  </mem-info>
</gc-end>
<cycle-end id="1085" type="partial gc" contextid="1078" timestamp="2019-06-16T02:56:19.261" />
  <attribute name="elasticGC enabled" value="1" />
  <attribute name= "numThreadsSpecified" value="4" />
  <attribute name="heapSize specified" value="0" />
  <attribute name="Current GC Util" value="280" />
  <attribute name= "Current Time Running" value="51624" />
  <attribute name ="GC Interval" value="0" />
  <attribute name="ProportionalT" value="390.000000" />
  <attribute name="ProportionalI" value="390.000000" />
  <attribute name="ProportionalH" value="390.000000" />
  <attribute name="Current Error" value="260.000000" />
  <attribute name="IntegralT" value="260.000000" />
  <attribute name="IntegralI" value="260.000000" />
  <attribute name="IntegralH" value="260.000000" />
  <attribute name="DerivativeT" value="260.000000" />
  <attribute name="DerivativeI" value="260.000000" />
  <attribute name="DerivativeH" value="260.000000" />
  <attribute name="Loop Time for DT" value="1.000000" />
  <attribute name="Output H" value="8388608"/>
  <attribute name="Output I" value="912"/>
  <attribute name="Output T" value="4"/>
  <attribute name="Target GC Util Change" value ="20.000000" />
  <attribute name="Current GC Util Change" value="280.000000"/>
  <attribute name="GC Util currently" value="280" />
  <attribute name="CPU Util currently" value="13295947216162" />
<exclusive-end id="1086" timestamp="2019-06-16T02:56:19.262" durationms="4.377" />

<exclusive-start id="1087" timestamp="2019-06-16T02:56:19.278" intervalms="20.810">
  <response-info timems="0.070" idlems="0.070" threads="0" lastid="0000000001916700" lastname="main" />
</exclusive-start>
<allocation-taxation id="1088" taxation-threshold="29360128" timestamp="2019-06-16T02:56:19.278" intervalms="20.820" />
<cycle-start id="1089" type="partial gc" contextid="0" timestamp="2019-06-16T02:56:19.278" intervalms="20.826" />
<gc-start id="1090" type="partial gc" contextid="1089" timestamp="2019-06-16T02:56:19.279">
  <mem-info id="1091" free="26214400" total="92274688" percent="28">
    <mem type="eden" free="1048512" total="30408704" percent="3" />
    <arraylet-primitive objects="1" leaves="1" largest="1" />
    <remembered-set count="34304" freebytes="3546112" totalbytes="3683328" percent="96" regionsoverflowed="0" regionsstable="8" regionsrebuilding="0"/>
  </mem-info>
</gc-start>
<allocation-stats totalBytes="29176104" >
  <allocated-bytes non-tlh="0" tlh="29176104" arrayletleaf="0"/>
  <largest-consumer threadName="main" threadId="0000000001916700" bytes="29176104" />
</allocation-stats>
<gc-op id="1092" type="copy forward" timems="1.115" contextid="1089" timestamp="2019-06-16T02:56:19.280">
  <memory-copied type="eden" objects="2" bytes="64" bytesdiscarded="0" />
  <memory-copied type="other" objects="0" bytes="0" bytesdiscarded="0" />
  <memory-cardclean objects="10" bytes="424" />
  <regions eden="28" other="1" />
  <remembered-set-cleared processed="32122" cleared="4" durationms="0.276" />
  <stringconstants candidates="13729" cleared="0"  />
</gc-op>
<gc-op id="1093" type="classunload" timems="0.003" contextid="1089" timestamp="2019-06-16T02:56:19.281">
  <classunload-info classloadercandidates="55" classloadersunloaded="0" classesunloaded="0" anonymousclassesunloaded="0" quiescems="0.000" setupms="0.003" scanms="0.000" postms="0.000" />
</gc-op>
<gc-end id="1094" type="partial gc" contextid="1089" durationms="2.170" usertimems="0.000" systemtimems="0.000" timestamp="2019-06-16T02:56:19.281" activeThreads="1">
  <mem-info id="1095" free="55574528" total="92274688" percent="60">
    <mem type="eden" free="1048512" total="1048576" percent="99" />
    <arraylet-primitive objects="1" leaves="1" largest="1" />
    <remembered-set count="34784" freebytes="3544192" totalbytes="3683328" percent="96" regionsoverflowed="0" regionsstable="8" regionsrebuilding="0"/>
  </mem-info>
</gc-end>
<cycle-end id="1096" type="partial gc" contextid="1089" timestamp="2019-06-16T02:56:19.281" />
  <attribute name="elasticGC enabled" value="1" />
  <attribute name= "numThreadsSpecified" value="1" />
  <attribute name="heapSize specified" value="0" />
  <attribute name="Current GC Util" value="175" />
  <attribute name= "Current Time Running" value="51644" />
  <attribute name ="GC Interval" value="0" />
  <attribute name="ProportionalT" value="232.500000" />
  <attribute name="ProportionalI" value="232.500000" />
  <attribute name="ProportionalH" value="232.500000" />
  <attribute name="Current Error" value="155.000000" />
  <attribute name="IntegralT" value="0.000000" />
  <attribute name="IntegralI" value="0.000000" />
  <attribute name="IntegralH" value="0.000000" />
  <attribute name="DerivativeT" value="inf" />
  <attribute name="DerivativeI" value="inf" />
  <attribute name="DerivativeH" value="inf" />
  <attribute name="Loop Time for DT" value="0.000000" />
  <attribute name="Output H" value="8388608"/>
  <attribute name="Output I" value="200"/>
  <attribute name="Output T" value="1"/>
  <attribute name="Target GC Util Change" value ="20.000000" />
  <attribute name="Current GC Util Change" value="175.000000"/>
  <attribute name="GC Util currently" value="175" />
  <attribute name="CPU Util currently" value="14490856174468" />
<exclusive-end id="1097" timestamp="2019-06-16T02:56:19.281" durationms="3.120" />

<exclusive-start id="1098" timestamp="2019-06-16T02:56:19.298" intervalms="19.605">
  <response-info timems="0.068" idlems="0.068" threads="0" lastid="0000000001916700" lastname="main" />
</exclusive-start>
<allocation-taxation id="1099" taxation-threshold="29360128" timestamp="2019-06-16T02:56:19.298" intervalms="19.593" />
<cycle-start id="1100" type="partial gc" contextid="0" timestamp="2019-06-16T02:56:19.298" intervalms="19.597" />
<gc-start id="1101" type="partial gc" contextid="1100" timestamp="2019-06-16T02:56:19.298">
  <mem-info id="1102" free="26214400" total="92274688" percent="28">
    <mem type="eden" free="1048512" total="30408704" percent="3" />
    <arraylet-primitive objects="1" leaves="1" largest="1" />
    <remembered-set count="34304" freebytes="3546112" totalbytes="3683328" percent="96" regionsoverflowed="0" regionsstable="8" regionsrebuilding="0"/>
  </mem-info>
</gc-start>
<allocation-stats totalBytes="29176080" >
  <allocated-bytes non-tlh="0" tlh="29176080" arrayletleaf="0"/>
  <largest-consumer threadName="main" threadId="0000000001916700" bytes="29176080" />
</allocation-stats>
<gc-op id="1103" type="copy forward" timems="2.944" contextid="1100" timestamp="2019-06-16T02:56:19.302">
  <memory-copied type="eden" objects="2" bytes="64" bytesdiscarded="0" />
  <memory-copied type="other" objects="0" bytes="0" bytesdiscarded="0" />
  <memory-cardclean objects="10" bytes="424" />
  <regions eden="28" other="1" />
  <remembered-set-cleared processed="32122" cleared="4" durationms="0.192" />
  <stringconstants candidates="13729" cleared="0"  />
</gc-op>
<gc-op id="1104" type="classunload" timems="0.004" contextid="1100" timestamp="2019-06-16T02:56:19.302">
  <classunload-info classloadercandidates="55" classloadersunloaded="0" classesunloaded="0" anonymousclassesunloaded="0" quiescems="0.000" setupms="0.004" scanms="0.000" postms="0.000" />
</gc-op>
<gc-end id="1105" type="partial gc" contextid="1100" durationms="3.809" usertimems="8.000" systemtimems="0.000" timestamp="2019-06-16T02:56:19.302" activeThreads="4">
  <mem-info id="1106" free="55574528" total="92274688" percent="60">
    <mem type="eden" free="1048512" total="1048576" percent="99" />
    <arraylet-primitive objects="1" leaves="1" largest="1" />
    <remembered-set count="34304" freebytes="3546112" totalbytes="3683328" percent="96" regionsoverflowed="0" regionsstable="8" regionsrebuilding="0"/>
  </mem-info>
</gc-end>
<cycle-end id="1107" type="partial gc" contextid="1100" timestamp="2019-06-16T02:56:19.302" />
  <attribute name="elasticGC enabled" value="1" />
  <attribute name= "numThreadsSpecified" value="4" />
  <attribute name="heapSize specified" value="0" />
  <attribute name="Current GC Util" value="318" />
  <attribute name= "Current Time Running" value="51664" />
  <attribute name ="GC Interval" value="0" />
  <attribute name="ProportionalT" value="447.000000" />
  <attribute name="ProportionalI" value="447.000000" />
  <attribute name="ProportionalH" value="447.000000" />
  <attribute name="Current Error" value="298.000000" />
  <attribute name="IntegralT" value="298.000000" />
  <attribute name="IntegralI" value="298.000000" />
  <attribute name="IntegralH" value="298.000000" />
  <attribute name="DerivativeT" value="298.000000" />
  <attribute name="DerivativeI" value="298.000000" />
  <attribute name="DerivativeH" value="298.000000" />
  <attribute name="Loop Time for DT" value="1.000000" />
  <attribute name="Output H" value="8388608"/>
  <attribute name="Output I" value="1048"/>
  <attribute name="Output T" value="4"/>
  <attribute name="Target GC Util Change" value ="20.000000" />
  <attribute name="Current GC Util Change" value="318.000000"/>
  <attribute name="GC Util currently" value="318" />
  <attribute name="CPU Util currently" value="14774699314217" />
<exclusive-end id="1108" timestamp="2019-06-16T02:56:19.302" durationms="4.688" />

<exclusive-start id="1109" timestamp="2019-06-16T02:56:19.319" intervalms="21.197">
  <response-info timems="0.084" idlems="0.084" threads="0" lastid="0000000001916700" lastname="main" />
</exclusive-start>
<allocation-taxation id="1110" taxation-threshold="29360128" timestamp="2019-06-16T02:56:19.319" intervalms="21.251" />
<cycle-start id="1111" type="partial gc" contextid="0" timestamp="2019-06-16T02:56:19.319" intervalms="21.240" />
<gc-start id="1112" type="partial gc" contextid="1111" timestamp="2019-06-16T02:56:19.319">
  <mem-info id="1113" free="26214400" total="92274688" percent="28">
    <mem type="eden" free="1048512" total="30408704" percent="3" />
    <arraylet-primitive objects="1" leaves="1" largest="1" />
    <remembered-set count="34304" freebytes="3546112" totalbytes="3683328" percent="96" regionsoverflowed="0" regionsstable="8" regionsrebuilding="0"/>
  </mem-info>
</gc-start>
<allocation-stats totalBytes="29176104" >
  <allocated-bytes non-tlh="0" tlh="29176104" arrayletleaf="0"/>
  <largest-consumer threadName="main" threadId="0000000001916700" bytes="29176104" />
</allocation-stats>
<gc-op id="1114" type="copy forward" timems="1.190" contextid="1111" timestamp="2019-06-16T02:56:19.321">
  <memory-copied type="eden" objects="2" bytes="64" bytesdiscarded="0" />
  <memory-copied type="other" objects="0" bytes="0" bytesdiscarded="0" />
  <memory-cardclean objects="10" bytes="424" />
  <regions eden="28" other="1" />
  <remembered-set-cleared processed="32122" cleared="4" durationms="0.287" />
  <stringconstants candidates="13729" cleared="0"  />
</gc-op>
<gc-op id="1115" type="classunload" timems="0.003" contextid="1111" timestamp="2019-06-16T02:56:19.321">
  <classunload-info classloadercandidates="55" classloadersunloaded="0" classesunloaded="0" anonymousclassesunloaded="0" quiescems="0.000" setupms="0.003" scanms="0.000" postms="0.000" />
</gc-op>
<gc-end id="1116" type="partial gc" contextid="1111" durationms="2.261" usertimems="0.000" systemtimems="0.000" timestamp="2019-06-16T02:56:19.322" activeThreads="1">
  <mem-info id="1117" free="55574528" total="92274688" percent="60">
    <mem type="eden" free="1048512" total="1048576" percent="99" />
    <arraylet-primitive objects="1" leaves="1" largest="1" />
    <remembered-set count="34784" freebytes="3544192" totalbytes="3683328" percent="96" regionsoverflowed="0" regionsstable="8" regionsrebuilding="0"/>
  </mem-info>
</gc-end>
<cycle-end id="1118" type="partial gc" contextid="1111" timestamp="2019-06-16T02:56:19.322" />
  <attribute name="elasticGC enabled" value="1" />
  <attribute name= "numThreadsSpecified" value="1" />
  <attribute name="heapSize specified" value="0" />
  <attribute name="Current GC Util" value="167" />
  <attribute name= "Current Time Running" value="51685" />
  <attribute name ="GC Interval" value="0" />
  <attribute name="ProportionalT" value="220.500000" />
  <attribute name="ProportionalI" value="220.500000" />
  <attribute name="ProportionalH" value="220.500000" />
  <attribute name="Current Error" value="147.000000" />
  <attribute name="IntegralT" value="0.000000" />
  <attribute name="IntegralI" value="0.000000" />
  <attribute name="IntegralH" value="0.000000" />
  <attribute name="DerivativeT" value="inf" />
  <attribute name="DerivativeI" value="inf" />
  <attribute name="DerivativeH" value="inf" />
  <attribute name="Loop Time for DT" value="0.000000" />
  <attribute name="Output H" value="8388608"/>
  <attribute name="Output I" value="200"/>
  <attribute name="Output T" value="1"/>
  <attribute name="Target GC Util Change" value ="20.000000" />
  <attribute name="Current GC Util Change" value="167.000000"/>
  <attribute name="GC Util currently" value="167" />
  <attribute name="CPU Util currently" value="13869523753126" />
<exclusive-end id="1119" timestamp="2019-06-16T02:56:19.322" durationms="3.170" />

<exclusive-start id="1120" timestamp="2019-06-16T02:56:19.338" intervalms="19.425">
  <response-info timems="0.091" idlems="0.091" threads="0" lastid="0000000001916700" lastname="main" />
</exclusive-start>
<allocation-taxation id="1121" taxation-threshold="29360128" timestamp="2019-06-16T02:56:19.338" intervalms="19.371" />
<cycle-start id="1122" type="partial gc" contextid="0" timestamp="2019-06-16T02:56:19.339" intervalms="19.350" />
<gc-start id="1123" type="partial gc" contextid="1122" timestamp="2019-06-16T02:56:19.339">
  <mem-info id="1124" free="26214400" total="92274688" percent="28">
    <mem type="eden" free="1048512" total="30408704" percent="3" />
    <arraylet-primitive objects="1" leaves="1" largest="1" />
    <remembered-set count="34304" freebytes="3546112" totalbytes="3683328" percent="96" regionsoverflowed="0" regionsstable="8" regionsrebuilding="0"/>
  </mem-info>
</gc-start>
<allocation-stats totalBytes="29176080" >
  <allocated-bytes non-tlh="0" tlh="29176080" arrayletleaf="0"/>
  <largest-consumer threadName="main" threadId="0000000001916700" bytes="29176080" />
</allocation-stats>
<gc-op id="1125" type="copy forward" timems="2.936" contextid="1122" timestamp="2019-06-16T02:56:19.343">
  <memory-copied type="eden" objects="2" bytes="64" bytesdiscarded="0" />
  <memory-copied type="other" objects="0" bytes="0" bytesdiscarded="0" />
  <memory-cardclean objects="10" bytes="424" />
  <regions eden="28" other="1" />
  <remembered-set-cleared processed="32122" cleared="4" durationms="0.181" />
  <stringconstants candidates="13729" cleared="0"  />
</gc-op>
<gc-op id="1126" type="classunload" timems="0.004" contextid="1122" timestamp="2019-06-16T02:56:19.343">
  <classunload-info classloadercandidates="55" classloadersunloaded="0" classesunloaded="0" anonymousclassesunloaded="0" quiescems="0.000" setupms="0.004" scanms="0.000" postms="0.000" />
</gc-op>
<gc-end id="1127" type="partial gc" contextid="1122" durationms="4.020" usertimems="8.000" systemtimems="0.000" timestamp="2019-06-16T02:56:19.343" activeThreads="4">
  <mem-info id="1128" free="55574528" total="92274688" percent="60">
    <mem type="eden" free="1048512" total="1048576" percent="99" />
    <arraylet-primitive objects="1" leaves="1" largest="1" />
    <remembered-set count="34304" freebytes="3546112" totalbytes="3683328" percent="96" regionsoverflowed="0" regionsstable="8" regionsrebuilding="0"/>
  </mem-info>
</gc-end>
<cycle-end id="1129" type="partial gc" contextid="1122" timestamp="2019-06-16T02:56:19.343" />
  <attribute name="elasticGC enabled" value="1" />
  <attribute name= "numThreadsSpecified" value="4" />
  <attribute name="heapSize specified" value="0" />
  <attribute name="Current GC Util" value="311" />
  <attribute name= "Current Time Running" value="51705" />
  <attribute name ="GC Interval" value="0" />
  <attribute name="ProportionalT" value="436.500000" />
  <attribute name="ProportionalI" value="436.500000" />
  <attribute name="ProportionalH" value="436.500000" />
  <attribute name="Current Error" value="291.000000" />
  <attribute name="IntegralT" value="291.000000" />
  <attribute name="IntegralI" value="291.000000" />
  <attribute name="IntegralH" value="291.000000" />
  <attribute name="DerivativeT" value="291.000000" />
  <attribute name="DerivativeI" value="291.000000" />
  <attribute name="DerivativeH" value="291.000000" />
  <attribute name="Loop Time for DT" value="1.000000" />
  <attribute name="Output H" value="8388608"/>
  <attribute name="Output I" value="1024"/>
  <attribute name="Output T" value="4"/>
  <attribute name="Target GC Util Change" value ="20.000000" />
  <attribute name="Current GC Util Change" value="311.000000"/>
  <attribute name="GC Util currently" value="311" />
  <attribute name="CPU Util currently" value="14195612344320" />
<exclusive-end id="1130" timestamp="2019-06-16T02:56:19.343" durationms="4.804" />

<exclusive-start id="1131" timestamp="2019-06-16T02:56:19.359" intervalms="20.942">
  <response-info timems="0.074" idlems="0.074" threads="0" lastid="0000000001916700" lastname="main" />
</exclusive-start>
<allocation-taxation id="1132" taxation-threshold="29360128" timestamp="2019-06-16T02:56:19.359" intervalms="20.963" />
<cycle-start id="1133" type="partial gc" contextid="0" timestamp="2019-06-16T02:56:19.360" intervalms="20.998" />
<gc-start id="1134" type="partial gc" contextid="1133" timestamp="2019-06-16T02:56:19.360">
  <mem-info id="1135" free="26214400" total="92274688" percent="28">
    <mem type="eden" free="1048512" total="30408704" percent="3" />
    <arraylet-primitive objects="1" leaves="1" largest="1" />
    <remembered-set count="34304" freebytes="3546112" totalbytes="3683328" percent="96" regionsoverflowed="0" regionsstable="8" regionsrebuilding="0"/>
  </mem-info>
</gc-start>
<allocation-stats totalBytes="29176080" >
  <allocated-bytes non-tlh="0" tlh="29176080" arrayletleaf="0"/>
  <largest-consumer threadName="main" threadId="0000000001916700" bytes="29176080" />
</allocation-stats>
<gc-op id="1136" type="copy forward" timems="2.809" contextid="1133" timestamp="2019-06-16T02:56:19.363">
  <memory-copied type="eden" objects="2" bytes="64" bytesdiscarded="0" />
  <memory-copied type="other" objects="0" bytes="0" bytesdiscarded="0" />
  <memory-cardclean objects="10" bytes="424" />
  <regions eden="28" other="1" />
  <remembered-set-cleared processed="32122" cleared="4" durationms="0.184" />
  <stringconstants candidates="13729" cleared="0"  />
</gc-op>
<gc-op id="1137" type="classunload" timems="0.003" contextid="1133" timestamp="2019-06-16T02:56:19.363">
  <classunload-info classloadercandidates="55" classloadersunloaded="0" classesunloaded="0" anonymousclassesunloaded="0" quiescems="0.000" setupms="0.003" scanms="0.000" postms="0.000" />
</gc-op>
<gc-end id="1138" type="partial gc" contextid="1133" durationms="3.822" usertimems="8.000" systemtimems="0.000" timestamp="2019-06-16T02:56:19.364" activeThreads="4">
  <mem-info id="1139" free="55574528" total="92274688" percent="60">
    <mem type="eden" free="1048512" total="1048576" percent="99" />
    <arraylet-primitive objects="1" leaves="1" largest="1" />
    <remembered-set count="34304" freebytes="3546112" totalbytes="3683328" percent="96" regionsoverflowed="0" regionsstable="8" regionsrebuilding="0"/>
  </mem-info>
</gc-end>
<cycle-end id="1140" type="partial gc" contextid="1133" timestamp="2019-06-16T02:56:19.364" />
  <attribute name="elasticGC enabled" value="1" />
  <attribute name= "numThreadsSpecified" value="4" />
  <attribute name="heapSize specified" value="0" />
  <attribute name="Current GC Util" value="229" />
  <attribute name= "Current Time Running" value="51726" />
  <attribute name ="GC Interval" value="0" />
  <attribute name="ProportionalT" value="313.500000" />
  <attribute name="ProportionalI" value="313.500000" />
  <attribute name="ProportionalH" value="313.500000" />
  <attribute name="Current Error" value="209.000000" />
  <attribute name="IntegralT" value="209.000000" />
  <attribute name="IntegralI" value="209.000000" />
  <attribute name="IntegralH" value="209.000000" />
  <attribute name="DerivativeT" value="194.000000" />
  <attribute name="DerivativeI" value="194.000000" />
  <attribute name="DerivativeH" value="194.000000" />
  <attribute name="Loop Time for DT" value="1.000000" />
  <attribute name="Output H" value="8388608"/>
  <attribute name="Output I" value="720"/>
  <attribute name="Output T" value="4"/>
  <attribute name="Target GC Util Change" value ="20.000000" />
  <attribute name="Current GC Util Change" value="229.000000"/>
  <attribute name="GC Util currently" value="229" />
  <attribute name="CPU Util currently" value="15139442032414" />
<exclusive-end id="1141" timestamp="2019-06-16T02:56:19.364" durationms="4.675" />

<exclusive-start id="1142" timestamp="2019-06-16T02:56:19.380" intervalms="20.783">
  <response-info timems="0.064" idlems="0.064" threads="0" lastid="0000000001916700" lastname="main" />
</exclusive-start>
<allocation-taxation id="1143" taxation-threshold="29360128" timestamp="2019-06-16T02:56:19.380" intervalms="20.769" />
<cycle-start id="1144" type="partial gc" contextid="0" timestamp="2019-06-16T02:56:19.380" intervalms="20.750" />
<gc-start id="1145" type="partial gc" contextid="1144" timestamp="2019-06-16T02:56:19.381">
  <mem-info id="1146" free="26214400" total="92274688" percent="28">
    <mem type="eden" free="1048512" total="30408704" percent="3" />
    <arraylet-primitive objects="1" leaves="1" largest="1" />
    <remembered-set count="34304" freebytes="3546112" totalbytes="3683328" percent="96" regionsoverflowed="0" regionsstable="8" regionsrebuilding="0"/>
  </mem-info>
</gc-start>
<allocation-stats totalBytes="29176104" >
  <allocated-bytes non-tlh="0" tlh="29176104" arrayletleaf="0"/>
  <largest-consumer threadName="main" threadId="0000000001916700" bytes="29176104" />
</allocation-stats>
<gc-op id="1147" type="copy forward" timems="1.194" contextid="1144" timestamp="2019-06-16T02:56:19.383">
  <memory-copied type="eden" objects="2" bytes="64" bytesdiscarded="0" />
  <memory-copied type="other" objects="0" bytes="0" bytesdiscarded="0" />
  <memory-cardclean objects="10" bytes="424" />
  <regions eden="28" other="1" />
  <remembered-set-cleared processed="32122" cleared="4" durationms="0.280" />
  <stringconstants candidates="13729" cleared="0"  />
</gc-op>
<gc-op id="1148" type="classunload" timems="0.004" contextid="1144" timestamp="2019-06-16T02:56:19.383">
  <classunload-info classloadercandidates="55" classloadersunloaded="0" classesunloaded="0" anonymousclassesunloaded="0" quiescems="0.000" setupms="0.004" scanms="0.000" postms="0.000" />
</gc-op>
<gc-end id="1149" type="partial gc" contextid="1144" durationms="2.306" usertimems="0.000" systemtimems="0.000" timestamp="2019-06-16T02:56:19.383" activeThreads="1">
  <mem-info id="1150" free="55574528" total="92274688" percent="60">
    <mem type="eden" free="1048512" total="1048576" percent="99" />
    <arraylet-primitive objects="1" leaves="1" largest="1" />
    <remembered-set count="34784" freebytes="3544192" totalbytes="3683328" percent="96" regionsoverflowed="0" regionsstable="8" regionsrebuilding="0"/>
  </mem-info>
</gc-end>
<cycle-end id="1151" type="partial gc" contextid="1144" timestamp="2019-06-16T02:56:19.383" />
  <attribute name="elasticGC enabled" value="1" />
  <attribute name= "numThreadsSpecified" value="1" />
  <attribute name="heapSize specified" value="0" />
  <attribute name="Current GC Util" value="169" />
  <attribute name= "Current Time Running" value="51746" />
  <attribute name ="GC Interval" value="0" />
  <attribute name="ProportionalT" value="223.500000" />
  <attribute name="ProportionalI" value="223.500000" />
  <attribute name="ProportionalH" value="223.500000" />
  <attribute name="Current Error" value="149.000000" />
  <attribute name="IntegralT" value="0.000000" />
  <attribute name="IntegralI" value="0.000000" />
  <attribute name="IntegralH" value="0.000000" />
  <attribute name="DerivativeT" value="inf" />
  <attribute name="DerivativeI" value="inf" />
  <attribute name="DerivativeH" value="inf" />
  <attribute name="Loop Time for DT" value="0.000000" />
  <attribute name="Output H" value="8388608"/>
  <attribute name="Output I" value="200"/>
  <attribute name="Output T" value="1"/>
  <attribute name="Target GC Util Change" value ="20.000000" />
  <attribute name="Current GC Util Change" value="169.000000"/>
  <attribute name="GC Util currently" value="169" />
  <attribute name="CPU Util currently" value="12888248579772" />
<exclusive-end id="1152" timestamp="2019-06-16T02:56:19.383" durationms="3.325" />

<exclusive-start id="1153" timestamp="2019-06-16T02:56:19.460" intervalms="79.842">
  <response-info timems="0.087" idlems="0.087" threads="0" lastid="0000000001916700" lastname="main" />
</exclusive-start>
<allocation-taxation id="1154" taxation-threshold="29360128" timestamp="2019-06-16T02:56:19.460" intervalms="79.937" />
<cycle-start id="1155" type="partial gc" contextid="0" timestamp="2019-06-16T02:56:19.460" intervalms="79.939" />
<gc-start id="1156" type="partial gc" contextid="1155" timestamp="2019-06-16T02:56:19.461">
  <mem-info id="1157" free="26214400" total="92274688" percent="28">
    <mem type="eden" free="1048512" total="30408704" percent="3" />
    <arraylet-primitive objects="1" leaves="1" largest="1" />
    <remembered-set count="34304" freebytes="3546112" totalbytes="3683328" percent="96" regionsoverflowed="0" regionsstable="8" regionsrebuilding="0"/>
  </mem-info>
</gc-start>
<allocation-stats totalBytes="29351824" >
  <allocated-bytes non-tlh="0" tlh="29351824" arrayletleaf="0"/>
  <largest-consumer threadName="main" threadId="0000000001916700" bytes="29351824" />
</allocation-stats>
<gc-op id="1158" type="copy forward" timems="1.371" contextid="1155" timestamp="2019-06-16T02:56:19.463">
  <memory-copied type="eden" objects="155" bytes="5104" bytesdiscarded="0" />
  <memory-copied type="other" objects="0" bytes="0" bytesdiscarded="0" />
  <memory-cardclean objects="71" bytes="2568" />
  <regions eden="28" other="1" />
  <remembered-set-cleared processed="32122" cleared="18" durationms="0.342" />
  <stringconstants candidates="13729" cleared="0"  />
</gc-op>
<gc-op id="1159" type="classunload" timems="0.004" contextid="1155" timestamp="2019-06-16T02:56:19.463">
  <classunload-info classloadercandidates="55" classloadersunloaded="0" classesunloaded="0" anonymousclassesunloaded="0" quiescems="0.000" setupms="0.003" scanms="0.000" postms="0.000" />
</gc-op>
<gc-end id="1160" type="partial gc" contextid="1155" durationms="2.645" usertimems="0.000" systemtimems="0.000" timestamp="2019-06-16T02:56:19.463" activeThreads="1">
  <mem-info id="1161" free="55574528" total="92274688" percent="60">
    <mem type="eden" free="1043472" total="1048576" percent="99" />
    <arraylet-primitive objects="1" leaves="1" largest="1" />
    <remembered-set count="34784" freebytes="3544192" totalbytes="3683328" percent="96" regionsoverflowed="0" regionsstable="8" regionsrebuilding="0"/>
  </mem-info>
</gc-end>
<cycle-end id="1162" type="partial gc" contextid="1155" timestamp="2019-06-16T02:56:19.463" />
  <attribute name="elasticGC enabled" value="1" />
  <attribute name= "numThreadsSpecified" value="1" />
  <attribute name="heapSize specified" value="0" />
  <attribute name="Current GC Util" value="305" />
  <attribute name= "Current Time Running" value="51826" />
  <attribute name ="GC Interval" value="0" />
  <attribute name="ProportionalT" value="427.500000" />
  <attribute name="ProportionalI" value="427.500000" />
  <attribute name="ProportionalH" value="427.500000" />
  <attribute name="Current Error" value="285.000000" />
  <attribute name="IntegralT" value="0.000000" />
  <attribute name="IntegralI" value="0.000000" />
  <attribute name="IntegralH" value="0.000000" />
  <attribute name="DerivativeT" value="inf" />
  <attribute name="DerivativeI" value="inf" />
  <attribute name="DerivativeH" value="inf" />
  <attribute name="Loop Time for DT" value="0.000000" />
  <attribute name="Output H" value="8388608"/>
  <attribute name="Output I" value="200"/>
  <attribute name="Output T" value="1"/>
  <attribute name="Target GC Util Change" value ="20.000000" />
  <attribute name="Current GC Util Change" value="305.000000"/>
  <attribute name="GC Util currently" value="305" />
  <attribute name="CPU Util currently" value="13000662467159" />
<exclusive-end id="1163" timestamp="2019-06-16T02:56:19.464" durationms="3.917" />

<exclusive-start id="1164" timestamp="2019-06-16T02:56:19.541" intervalms="81.424">
  <response-info timems="0.268" idlems="0.157" threads="1" lastid="000000000191DF00" lastname="JIT Compilation Thread-1" />
</exclusive-start>
<allocation-taxation id="1165" taxation-threshold="29360128" timestamp="2019-06-16T02:56:19.541" intervalms="81.343" />
<cycle-start id="1166" type="partial gc" contextid="0" timestamp="2019-06-16T02:56:19.542" intervalms="81.332" />
<gc-start id="1167" type="partial gc" contextid="1166" timestamp="2019-06-16T02:56:19.542">
  <mem-info id="1168" free="26214400" total="92274688" percent="28">
    <mem type="eden" free="0" total="29360128" percent="0" />
    <arraylet-primitive objects="1" leaves="1" largest="1" />
    <remembered-set count="34336" freebytes="3545984" totalbytes="3683328" percent="96" regionsoverflowed="0" regionsstable="8" regionsrebuilding="0"/>
  </mem-info>
</gc-start>
<allocation-stats totalBytes="29355816" >
  <allocated-bytes non-tlh="0" tlh="29355816" arrayletleaf="0"/>
  <largest-consumer threadName="main" threadId="0000000001916700" bytes="29355816" />
</allocation-stats>
<gc-op id="1169" type="copy forward" timems="3.133" contextid="1166" timestamp="2019-06-16T02:56:19.546">
  <memory-copied type="eden" objects="228" bytes="7424" bytesdiscarded="1312" />
  <memory-copied type="other" objects="8" bytes="184" bytesdiscarded="656" />
  <memory-cardclean objects="93" bytes="11408" />
  <regions eden="28" other="1" />
  <remembered-set-cleared processed="32150" cleared="64" durationms="0.228" />
  <references type="weak" candidates="37" cleared="0" enqueued="0" />
  <stringconstants candidates="13729" cleared="0"  />
</gc-op>
<gc-op id="1170" type="classunload" timems="0.017" contextid="1166" timestamp="2019-06-16T02:56:19.546">
  <classunload-info classloadercandidates="55" classloadersunloaded="0" classesunloaded="0" anonymousclassesunloaded="0" quiescems="0.000" setupms="0.017" scanms="0.000" postms="0.000" />
</gc-op>
<gc-end id="1171" type="partial gc" contextid="1166" durationms="4.294" usertimems="8.000" systemtimems="0.000" timestamp="2019-06-16T02:56:19.546" activeThreads="4">
  <mem-info id="1172" free="54525952" total="92274688" percent="59">
    <mem type="eden" free="1039792" total="1048576" percent="99" />
    <arraylet-primitive objects="1" leaves="1" largest="1" />
    <remembered-set count="35328" freebytes="3542016" totalbytes="3683328" percent="96" regionsoverflowed="0" regionsstable="8" regionsrebuilding="0"/>
  </mem-info>
</gc-end>
<cycle-end id="1173" type="partial gc" contextid="1166" timestamp="2019-06-16T02:56:19.546" />
  <attribute name="elasticGC enabled" value="1" />
  <attribute name= "numThreadsSpecified" value="4" />
  <attribute name="heapSize specified" value="0" />
  <attribute name="Current GC Util" value="298" />
  <attribute name= "Current Time Running" value="51908" />
  <attribute name ="GC Interval" value="0" />
  <attribute name="ProportionalT" value="417.000000" />
  <attribute name="ProportionalI" value="417.000000" />
  <attribute name="ProportionalH" value="417.000000" />
  <attribute name="Current Error" value="278.000000" />
  <attribute name="IntegralT" value="278.000000" />
  <attribute name="IntegralI" value="278.000000" />
  <attribute name="IntegralH" value="278.000000" />
  <attribute name="DerivativeT" value="278.000000" />
  <attribute name="DerivativeI" value="278.000000" />
  <attribute name="DerivativeH" value="278.000000" />
  <attribute name="Loop Time for DT" value="1.000000" />
  <attribute name="Output H" value="8388608"/>
  <attribute name="Output I" value="976"/>
  <attribute name="Output T" value="4"/>
  <attribute name="Target GC Util Change" value ="20.000000" />
  <attribute name="Current GC Util Change" value="298.000000"/>
  <attribute name="GC Util currently" value="298" />
  <attribute name="CPU Util currently" value="14334871965548" />
<exclusive-end id="1174" timestamp="2019-06-16T02:56:19.547" durationms="5.391" />

<exclusive-start id="1175" timestamp="2019-06-16T02:56:19.639" intervalms="98.053">
  <response-info timems="0.077" idlems="0.077" threads="0" lastid="0000000001916700" lastname="main" />
</exclusive-start>
<allocation-taxation id="1176" taxation-threshold="29360128" timestamp="2019-06-16T02:56:19.640" intervalms="98.127" />
<cycle-start id="1177" type="partial gc" contextid="0" timestamp="2019-06-16T02:56:19.640" intervalms="98.171" />
<gc-start id="1178" type="partial gc" contextid="1177" timestamp="2019-06-16T02:56:19.640">
  <mem-info id="1179" free="25165824" total="92274688" percent="27">
    <mem type="eden" free="1039792" total="30408704" percent="3" />
    <arraylet-primitive objects="1" leaves="1" largest="1" />
    <remembered-set count="14496" freebytes="3625344" totalbytes="3683328" percent="98" regionsoverflowed="0" regionsstable="13" regionsrebuilding="0"/>
  </mem-info>
</gc-start>
<allocation-stats totalBytes="29356696" >
  <allocated-bytes non-tlh="0" tlh="29356696" arrayletleaf="0"/>
  <largest-consumer threadName="main" threadId="0000000001916700" bytes="29356696" />
</allocation-stats>
<gc-op id="1180" type="copy forward" timems="1.294" contextid="1177" timestamp="2019-06-16T02:56:19.642">
  <memory-copied type="eden" objects="123" bytes="3800" bytesdiscarded="0" />
  <memory-copied type="other" objects="114" bytes="3992" bytesdiscarded="0" />
  <memory-cardclean objects="48" bytes="9864" />
  <regions eden="28" other="1" />
  <remembered-set-cleared processed="11756" cleared="33" durationms="0.223" />
  <references type="weak" candidates="37" cleared="0" enqueued="0" />
  <stringconstants candidates="13729" cleared="0"  />
</gc-op>
<gc-op id="1181" type="classunload" timems="0.003" contextid="1177" timestamp="2019-06-16T02:56:19.642">
  <classunload-info classloadercandidates="55" classloadersunloaded="0" classesunloaded="0" anonymousclassesunloaded="0" quiescems="0.000" setupms="0.003" scanms="0.000" postms="0.000" />
</gc-op>
<heap-resize id="1182" type="contract" space="default" amount="5242880" count="1" timems="0.054" reason="insufficient time being spent in gc" timestamp="2019-06-16T02:56:19.643" />
<gc-end id="1183" type="partial gc" contextid="1177" durationms="2.671" usertimems="4.000" systemtimems="0.000" timestamp="2019-06-16T02:56:19.643" activeThreads="1">
  <mem-info id="1184" free="48234496" total="87031808" percent="55">
    <mem type="eden" free="2089360" total="2097152" percent="99" />
    <arraylet-primitive objects="1" leaves="1" largest="1" />
    <remembered-set count="14784" freebytes="3624192" totalbytes="3683328" percent="98" regionsoverflowed="0" regionsstable="13" regionsrebuilding="0"/>
  </mem-info>
</gc-end>
<cycle-end id="1185" type="partial gc" contextid="1177" timestamp="2019-06-16T02:56:19.643" />
  <attribute name="elasticGC enabled" value="1" />
  <attribute name= "numThreadsSpecified" value="1" />
  <attribute name="heapSize specified" value="0" />
  <attribute name="Current GC Util" value="152" />
  <attribute name= "Current Time Running" value="52006" />
  <attribute name ="GC Interval" value="0" />
  <attribute name="ProportionalT" value="198.000000" />
  <attribute name="ProportionalI" value="198.000000" />
  <attribute name="ProportionalH" value="198.000000" />
  <attribute name="Current Error" value="132.000000" />
  <attribute name="IntegralT" value="0.000000" />
  <attribute name="IntegralI" value="0.000000" />
  <attribute name="IntegralH" value="0.000000" />
  <attribute name="DerivativeT" value="inf" />
  <attribute name="DerivativeI" value="inf" />
  <attribute name="DerivativeH" value="inf" />
  <attribute name="Loop Time for DT" value="0.000000" />
  <attribute name="Output H" value="8388608"/>
  <attribute name="Output I" value="200"/>
  <attribute name="Output T" value="1"/>
  <attribute name="Target GC Util Change" value ="20.000000" />
  <attribute name="Current GC Util Change" value="152.000000"/>
  <attribute name="GC Util currently" value="152" />
  <attribute name="CPU Util currently" value="12988103739242" />
<exclusive-end id="1186" timestamp="2019-06-16T02:56:19.643" durationms="3.883" />

<exclusive-start id="1187" timestamp="2019-06-16T02:56:19.699" intervalms="60.064">
  <response-info timems="0.066" idlems="0.066" threads="0" lastid="0000000001916700" lastname="main" />
</exclusive-start>
<allocation-taxation id="1188" taxation-threshold="28311552" timestamp="2019-06-16T02:56:19.700" intervalms="59.987" />
<cycle-start id="1189" type="partial gc" contextid="0" timestamp="2019-06-16T02:56:19.700" intervalms="59.913" />
<gc-start id="1190" type="partial gc" contextid="1189" timestamp="2019-06-16T02:56:19.700">
  <mem-info id="1191" free="19922944" total="87031808" percent="22">
    <mem type="eden" free="1044776" total="29360128" percent="3" />
    <arraylet-primitive objects="1" leaves="1" largest="1" />
    <remembered-set count="14400" freebytes="3625728" totalbytes="3683328" percent="98" regionsoverflowed="0" regionsstable="13" regionsrebuilding="0"/>
  </mem-info>
</gc-start>
<allocation-stats totalBytes="28307880" >
  <allocated-bytes non-tlh="0" tlh="28307880" arrayletleaf="0"/>
  <largest-consumer threadName="main" threadId="0000000001916700" bytes="28307880" />
</allocation-stats>
<gc-op id="1192" type="copy forward" timems="3.427" contextid="1189" timestamp="2019-06-16T02:56:19.704">
  <memory-copied type="eden" objects="136" bytes="4392" bytesdiscarded="736" />
  <memory-copied type="other" objects="0" bytes="0" bytesdiscarded="0" />
  <memory-cardclean objects="54" bytes="2192" />
  <regions eden="27" other="1" />
  <remembered-set-cleared processed="11764" cleared="18" durationms="0.137" />
  <stringconstants candidates="13729" cleared="0"  />
</gc-op>
<gc-op id="1193" type="classunload" timems="0.004" contextid="1189" timestamp="2019-06-16T02:56:19.704">
  <classunload-info classloadercandidates="55" classloadersunloaded="0" classesunloaded="0" anonymousclassesunloaded="0" quiescems="0.000" setupms="0.004" scanms="0.000" postms="0.000" />
</gc-op>
<gc-end id="1194" type="partial gc" contextid="1189" durationms="4.434" usertimems="12.000" systemtimems="0.000" timestamp="2019-06-16T02:56:19.704" activeThreads="4">
  <mem-info id="1195" free="48234496" total="87031808" percent="55">
    <mem type="eden" free="1043448" total="1048576" percent="99" />
    <arraylet-primitive objects="1" leaves="1" largest="1" />
    <remembered-set count="14592" freebytes="3415680" totalbytes="3474048" percent="98" regionsoverflowed="0" regionsstable="13" regionsrebuilding="0"/>
  </mem-info>
</gc-end>
<cycle-end id="1196" type="partial gc" contextid="1189" timestamp="2019-06-16T02:56:19.704" />
  <attribute name="elasticGC enabled" value="1" />
  <attribute name= "numThreadsSpecified" value="4" />
  <attribute name="heapSize specified" value="0" />
  <attribute name="Current GC Util" value="134" />
  <attribute name= "Current Time Running" value="52066" />
  <attribute name ="GC Interval" value="0" />
  <attribute name="ProportionalT" value="171.000000" />
  <attribute name="ProportionalI" value="171.000000" />
  <attribute name="ProportionalH" value="171.000000" />
  <attribute name="Current Error" value="114.000000" />
  <attribute name="IntegralT" value="114.000000" />
  <attribute name="IntegralI" value="114.000000" />
  <attribute name="IntegralH" value="114.000000" />
  <attribute name="DerivativeT" value="114.000000" />
  <attribute name="DerivativeI" value="114.000000" />
  <attribute name="DerivativeH" value="114.000000" />
  <attribute name="Loop Time for DT" value="1.000000" />
  <attribute name="Output H" value="8388608"/>
  <attribute name="Output I" value="400"/>
  <attribute name="Output T" value="4"/>
  <attribute name="Target GC Util Change" value ="20.000000" />
  <attribute name="Current GC Util Change" value="134.000000"/>
  <attribute name="GC Util currently" value="134" />
  <attribute name="CPU Util currently" value="10950924064042" />
<exclusive-end id="1197" timestamp="2019-06-16T02:56:19.705" durationms="5.223" />

<exclusive-start id="1198" timestamp="2019-06-16T02:56:19.737" intervalms="37.334">
  <response-info timems="0.091" idlems="0.091" threads="0" lastid="0000000001916700" lastname="main" />
</exclusive-start>
<allocation-taxation id="1199" taxation-threshold="28311552" timestamp="2019-06-16T02:56:19.737" intervalms="37.350" />
<cycle-start id="1200" type="partial gc" contextid="0" timestamp="2019-06-16T02:56:19.737" intervalms="37.386" />
<gc-start id="1201" type="partial gc" contextid="1200" timestamp="2019-06-16T02:56:19.737">
  <mem-info id="1202" free="19922944" total="87031808" percent="22">
    <mem type="eden" free="0" total="28311552" percent="0" />
    <arraylet-primitive objects="1" leaves="1" largest="1" />
    <remembered-set count="14592" freebytes="3415680" totalbytes="3474048" percent="98" regionsoverflowed="0" regionsstable="13" regionsrebuilding="0"/>
  </mem-info>
</gc-start>
<allocation-stats totalBytes="28293968" >
  <allocated-bytes non-tlh="0" tlh="28293968" arrayletleaf="0"/>
  <largest-consumer threadName="main" threadId="0000000001916700" bytes="28293968" />
</allocation-stats>
<gc-op id="1203" type="copy forward" timems="1.145" contextid="1200" timestamp="2019-06-16T02:56:19.739">
  <memory-copied type="eden" objects="6" bytes="408" bytesdiscarded="0" />
  <memory-copied type="other" objects="131" bytes="4032" bytesdiscarded="0" />
  <memory-cardclean objects="36" bytes="1608" />
  <regions eden="27" other="1" />
  <remembered-set-cleared processed="11764" cleared="18" durationms="0.211" />
  <stringconstants candidates="13729" cleared="0"  />
</gc-op>
<gc-op id="1204" type="classunload" timems="0.004" contextid="1200" timestamp="2019-06-16T02:56:19.739">
  <classunload-info classloadercandidates="55" classloadersunloaded="0" classesunloaded="0" anonymousclassesunloaded="0" quiescems="0.000" setupms="0.004" scanms="0.000" postms="0.000" />
</gc-op>
<gc-end id="1205" type="partial gc" contextid="1200" durationms="2.063" usertimems="4.000" systemtimems="0.000" timestamp="2019-06-16T02:56:19.739" activeThreads="1">
  <mem-info id="1206" free="47185920" total="87031808" percent="54">
    <mem type="eden" free="1048168" total="1048576" percent="99" />
    <arraylet-primitive objects="1" leaves="1" largest="1" />
    <remembered-set count="14944" freebytes="3414272" totalbytes="3474048" percent="98" regionsoverflowed="0" regionsstable="13" regionsrebuilding="0"/>
  </mem-info>
</gc-end>
<cycle-end id="1207" type="partial gc" contextid="1200" timestamp="2019-06-16T02:56:19.739" />
  <attribute name="elasticGC enabled" value="1" />
  <attribute name= "numThreadsSpecified" value="1" />
  <attribute name="heapSize specified" value="0" />
  <attribute name="Current GC Util" value="75" />
  <attribute name= "Current Time Running" value="52103" />
  <attribute name ="GC Interval" value="0" />
  <attribute name="ProportionalT" value="82.500000" />
  <attribute name="ProportionalI" value="82.500000" />
  <attribute name="ProportionalH" value="82.500000" />
  <attribute name="Current Error" value="55.000000" />
  <attribute name="IntegralT" value="0.000000" />
  <attribute name="IntegralI" value="0.000000" />
  <attribute name="IntegralH" value="0.000000" />
  <attribute name="DerivativeT" value="inf" />
  <attribute name="DerivativeI" value="inf" />
  <attribute name="DerivativeH" value="inf" />
  <attribute name="Loop Time for DT" value="0.000000" />
  <attribute name="Output H" value="8388608"/>
  <attribute name="Output I" value="200"/>
  <attribute name="Output T" value="1"/>
  <attribute name="Target GC Util Change" value ="20.000000" />
  <attribute name="Current GC Util Change" value="75.000000"/>
  <attribute name="GC Util currently" value="75" />
  <attribute name="CPU Util currently" value="25080003667552" />
<exclusive-end id="1208" timestamp="2019-06-16T02:56:19.740" durationms="2.939" />

<exclusive-start id="1209" timestamp="2019-06-16T02:56:19.752" intervalms="15.543">
  <response-info timems="0.225" idlems="0.225" threads="0" lastid="0000000001916700" lastname="main" />
</exclusive-start>
<allocation-taxation id="1210" taxation-threshold="13631488" timestamp="2019-06-16T02:56:19.752" intervalms="15.510" />
<cycle-start id="1211" type="global mark phase" contextid="0" timestamp="2019-06-16T02:56:19.753" intervalms="3606.995" />
<gc-start id="1212" type="global mark phase" contextid="1211" timestamp="2019-06-16T02:56:19.753">
  <mem-info id="1213" free="33554432" total="87031808" percent="38">
    <remembered-set count="14560" freebytes="3415808" totalbytes="3474048" percent="98" regionsoverflowed="0" regionsstable="13" regionsrebuilding="0"/>
  </mem-info>
</gc-start>
<gc-op id="1214" type="mark increment" timems="2.393" contextid="1211" timestamp="2019-06-16T02:56:19.755">
  <trace-info objectcount="18951" scancount="7107" scanbytes="272468" />
</gc-op>
<gc-end id="1215" type="global mark phase" contextid="1211" durationms="2.543" usertimems="4.000" systemtimems="0.000" timestamp="2019-06-16T02:56:19.755" activeThreads="4">
  <mem-info id="1216" free="33554432" total="87031808" percent="38">
    <remembered-set count="15072" freebytes="3413760" totalbytes="3474048" percent="98" regionsoverflowed="0" regionsstable="0" regionsrebuilding="13"/>
  </mem-info>
</gc-end>
<concurrent-start id="1217" type="GMP work packet processing" contextid="1211" timestamp="2019-06-16T02:56:19.755">
  <concurrent-mark-start scanTarget="1465278" />
</concurrent-start>
<exclusive-end id="1218" timestamp="2019-06-16T02:56:19.755" durationms="3.236" />

<concurrent-end id="1219" type="GMP work packet processing" contextid="1211" timestamp="2019-06-16T02:56:19.757">
  <concurrent-mark-end bytesScanned="1523656" reasonForTermination="Work target met" />
</concurrent-end>

<exclusive-start id="1220" timestamp="2019-06-16T02:56:19.770" intervalms="17.272">
  <response-info timems="0.083" idlems="0.083" threads="0" lastid="0000000001916700" lastname="main" />
</exclusive-start>
<allocation-taxation id="1221" taxation-threshold="13631488" timestamp="2019-06-16T02:56:19.770" intervalms="17.277" />
<cycle-start id="1222" type="partial gc" contextid="0" timestamp="2019-06-16T02:56:19.770" intervalms="32.750" />
<gc-start id="1223" type="partial gc" contextid="1222" timestamp="2019-06-16T02:56:19.770">
  <mem-info id="1224" free="19922944" total="87031808" percent="22">
    <mem type="eden" free="1048168" total="28311552" percent="3" />
    <arraylet-primitive objects="1" leaves="1" largest="1" />
    <remembered-set count="24032" freebytes="3377920" totalbytes="3474048" percent="97" regionsoverflowed="0" regionsstable="0" regionsrebuilding="13"/>
  </mem-info>
</gc-start>
<allocation-stats totalBytes="27248432" >
  <allocated-bytes non-tlh="0" tlh="27248432" arrayletleaf="0"/>
  <largest-consumer threadName="main" threadId="0000000001916700" bytes="13624464" />
</allocation-stats>
<gc-op id="1225" type="copy forward" timems="1.464" contextid="1222" timestamp="2019-06-16T02:56:19.772">
  <memory-copied type="eden" objects="6" bytes="304" bytesdiscarded="0" />
  <memory-copied type="other" objects="0" bytes="0" bytesdiscarded="0" />
  <memory-cardclean objects="16" bytes="520" />
  <regions eden="26" other="1" />
  <remembered-set-cleared processed="21486" cleared="19" durationms="0.260" />
  <stringconstants candidates="13729" cleared="0"  />
</gc-op>
<gc-op id="1226" type="classunload" timems="0.004" contextid="1222" timestamp="2019-06-16T02:56:19.773">
  <classunload-info classloadercandidates="55" classloadersunloaded="0" classesunloaded="0" anonymousclassesunloaded="0" quiescems="0.000" setupms="0.004" scanms="0.000" postms="0.000" />
</gc-op>
<heap-resize id="1227" type="expand" space="default" amount="12582912" count="1" timems="0.075" reason="excessive time being spent in gc" timestamp="2019-06-16T02:56:19.773" />
<gc-end id="1228" type="partial gc" contextid="1222" durationms="2.849" usertimems="4.000" systemtimems="0.000" timestamp="2019-06-16T02:56:19.773" activeThreads="1">
  <mem-info id="1229" free="59768832" total="99614720" percent="60">
    <mem type="eden" free="1048272" total="1048576" percent="99" />
    <arraylet-primitive objects="1" leaves="1" largest="1" />
    <remembered-set count="24480" freebytes="3878400" totalbytes="3976320" percent="97" regionsoverflowed="0" regionsstable="0" regionsrebuilding="13"/>
  </mem-info>
</gc-end>
<cycle-end id="1230" type="partial gc" contextid="1222" timestamp="2019-06-16T02:56:19.773" />
  <attribute name="elasticGC enabled" value="1" />
  <attribute name= "numThreadsSpecified" value="1" />
  <attribute name="heapSize specified" value="0" />
  <attribute name="Current GC Util" value="153" />
  <attribute name= "Current Time Running" value="52136" />
  <attribute name ="GC Interval" value="0" />
  <attribute name="ProportionalT" value="199.500000" />
  <attribute name="ProportionalI" value="199.500000" />
  <attribute name="ProportionalH" value="199.500000" />
  <attribute name="Current Error" value="133.000000" />
  <attribute name="IntegralT" value="0.000000" />
  <attribute name="IntegralI" value="0.000000" />
  <attribute name="IntegralH" value="0.000000" />
  <attribute name="DerivativeT" value="inf" />
  <attribute name="DerivativeI" value="inf" />
  <attribute name="DerivativeH" value="inf" />
  <attribute name="Loop Time for DT" value="0.000000" />
  <attribute name="Output H" value="8388608"/>
  <attribute name="Output I" value="200"/>
  <attribute name="Output T" value="1"/>
  <attribute name="Target GC Util Change" value ="20.000000" />
  <attribute name="Current GC Util Change" value="153.000000"/>
  <attribute name="GC Util currently" value="153" />
  <attribute name="CPU Util currently" value="12699016651535" />
<exclusive-end id="1231" timestamp="2019-06-16T02:56:19.773" durationms="3.880" />

<exclusive-start id="1232" timestamp="2019-06-16T02:56:19.788" intervalms="18.222">
  <response-info timems="0.071" idlems="0.071" threads="0" lastid="0000000001916700" lastname="main" />
</exclusive-start>
<allocation-taxation id="1233" taxation-threshold="15728640" timestamp="2019-06-16T02:56:19.788" intervalms="18.235" />
<gc-start id="1234" type="global mark phase" contextid="1211" timestamp="2019-06-16T02:56:19.788">
  <mem-info id="1235" free="44040192" total="99614720" percent="44">
    <remembered-set count="24032" freebytes="3880192" totalbytes="3976320" percent="97" regionsoverflowed="0" regionsstable="0" regionsrebuilding="13"/>
  </mem-info>
</gc-start>
<gc-end id="1236" type="global mark phase" contextid="1211" durationms="0.125" usertimems="0.000" systemtimems="0.000" timestamp="2019-06-16T02:56:19.788" activeThreads="1">
  <mem-info id="1237" free="44040192" total="99614720" percent="44">
    <remembered-set count="24032" freebytes="3880192" totalbytes="3976320" percent="97" regionsoverflowed="0" regionsstable="0" regionsrebuilding="13"/>
  </mem-info>
</gc-end>
<concurrent-start id="1238" type="GMP work packet processing" contextid="1211" timestamp="2019-06-16T02:56:19.788">
  <concurrent-mark-start scanTarget="1048576" />
</concurrent-start>
<exclusive-end id="1239" timestamp="2019-06-16T02:56:19.789" durationms="0.824" />

<concurrent-end id="1240" type="GMP work packet processing" contextid="1211" timestamp="2019-06-16T02:56:19.793">
  <concurrent-mark-end bytesScanned="1145360" reasonForTermination="Work target met" />
</concurrent-end>

<exclusive-start id="1241" timestamp="2019-06-16T02:56:19.804" intervalms="16.416">
  <response-info timems="0.112" idlems="0.112" threads="0" lastid="0000000001916700" lastname="main" />
</exclusive-start>
<allocation-taxation id="1242" taxation-threshold="15728640" timestamp="2019-06-16T02:56:19.804" intervalms="16.413" />
<cycle-start id="1243" type="partial gc" contextid="0" timestamp="2019-06-16T02:56:19.804" intervalms="34.654" />
<gc-start id="1244" type="partial gc" contextid="1243" timestamp="2019-06-16T02:56:19.805">
  <mem-info id="1245" free="28311552" total="99614720" percent="28">
    <mem type="eden" free="1048272" total="32505856" percent="3" />
    <arraylet-primitive objects="1" leaves="1" largest="1" />
    <remembered-set count="28128" freebytes="3863808" totalbytes="3976320" percent="97" regionsoverflowed="0" regionsstable="0" regionsrebuilding="13"/>
  </mem-info>
</gc-start>
<allocation-stats totalBytes="31440352" >
  <allocated-bytes non-tlh="0" tlh="31440352" arrayletleaf="0"/>
  <largest-consumer threadName="main" threadId="0000000001916700" bytes="15720728" />
</allocation-stats>
<gc-op id="1246" type="copy forward" timems="1.265" contextid="1243" timestamp="2019-06-16T02:56:19.807">
  <memory-copied type="eden" objects="6" bytes="352" bytesdiscarded="0" />
  <memory-copied type="other" objects="0" bytes="0" bytesdiscarded="0" />
  <memory-cardclean objects="16" bytes="520" />
  <regions eden="30" other="1" />
  <remembered-set-cleared processed="25171" cleared="10" durationms="0.285" />
  <stringconstants candidates="13729" cleared="0"  />
</gc-op>
<gc-op id="1247" type="classunload" timems="0.004" contextid="1243" timestamp="2019-06-16T02:56:19.807">
  <classunload-info classloadercandidates="55" classloadersunloaded="0" classesunloaded="0" anonymousclassesunloaded="0" quiescems="0.000" setupms="0.003" scanms="0.000" postms="0.000" />
</gc-op>
<gc-end id="1248" type="partial gc" contextid="1243" durationms="2.234" usertimems="4.000" systemtimems="0.000" timestamp="2019-06-16T02:56:19.807" activeThreads="1">
  <mem-info id="1249" free="59768832" total="99614720" percent="60">
    <mem type="eden" free="1048224" total="1048576" percent="99" />
    <arraylet-primitive objects="1" leaves="1" largest="1" />
    <remembered-set count="28576" freebytes="3862016" totalbytes="3976320" percent="97" regionsoverflowed="0" regionsstable="0" regionsrebuilding="13"/>
  </mem-info>
</gc-end>
<cycle-end id="1250" type="partial gc" contextid="1243" timestamp="2019-06-16T02:56:19.807" />
  <attribute name="elasticGC enabled" value="1" />
  <attribute name= "numThreadsSpecified" value="1" />
  <attribute name="heapSize specified" value="0" />
  <attribute name="Current GC Util" value="135" />
  <attribute name= "Current Time Running" value="52170" />
  <attribute name ="GC Interval" value="0" />
  <attribute name="ProportionalT" value="172.500000" />
  <attribute name="ProportionalI" value="172.500000" />
  <attribute name="ProportionalH" value="172.500000" />
  <attribute name="Current Error" value="115.000000" />
  <attribute name="IntegralT" value="0.000000" />
  <attribute name="IntegralI" value="0.000000" />
  <attribute name="IntegralH" value="0.000000" />
  <attribute name="DerivativeT" value="inf" />
  <attribute name="DerivativeI" value="inf" />
  <attribute name="DerivativeH" value="inf" />
  <attribute name="Loop Time for DT" value="0.000000" />
  <attribute name="Output H" value="8388608"/>
  <attribute name="Output I" value="200"/>
  <attribute name="Output T" value="1"/>
  <attribute name="Target GC Util Change" value ="20.000000" />
  <attribute name="Current GC Util Change" value="135.000000"/>
  <attribute name="GC Util currently" value="135" />
  <attribute name="CPU Util currently" value="18584642019300" />
<exclusive-end id="1251" timestamp="2019-06-16T02:56:19.807" durationms="3.227" />

<exclusive-start id="1252" timestamp="2019-06-16T02:56:19.822" intervalms="17.635">
  <response-info timems="0.117" idlems="0.117" threads="0" lastid="0000000001916700" lastname="main" />
</exclusive-start>
<allocation-taxation id="1253" taxation-threshold="15728640" timestamp="2019-06-16T02:56:19.822" intervalms="17.619" />
<gc-start id="1254" type="global mark phase" contextid="1211" timestamp="2019-06-16T02:56:19.822">
  <mem-info id="1255" free="44040192" total="99614720" percent="44">
    <remembered-set count="28128" freebytes="3863808" totalbytes="3976320" percent="97" regionsoverflowed="0" regionsstable="0" regionsrebuilding="13"/>
  </mem-info>
</gc-start>
<gc-end id="1256" type="global mark phase" contextid="1211" durationms="0.134" usertimems="0.000" systemtimems="0.000" timestamp="2019-06-16T02:56:19.822" activeThreads="1">
  <mem-info id="1257" free="44040192" total="99614720" percent="44">
    <remembered-set count="28128" freebytes="3863808" totalbytes="3976320" percent="97" regionsoverflowed="0" regionsstable="0" regionsrebuilding="13"/>
  </mem-info>
</gc-end>
<concurrent-start id="1258" type="GMP work packet processing" contextid="1211" timestamp="2019-06-16T02:56:19.822">
  <concurrent-mark-start scanTarget="1048576" />
</concurrent-start>
<concurrent-end id="1259" type="GMP work packet processing" contextid="1211" timestamp="2019-06-16T02:56:19.823">
  <concurrent-mark-end bytesScanned="1083364" reasonForTermination="Work target met" />
</concurrent-end>

<exclusive-end id="1260" timestamp="2019-06-16T02:56:19.823" durationms="1.526" />

<exclusive-start id="1261" timestamp="2019-06-16T02:56:19.838" intervalms="15.984">
  <response-info timems="0.138" idlems="0.138" threads="0" lastid="0000000001916700" lastname="main" />
</exclusive-start>
<allocation-taxation id="1262" taxation-threshold="15728640" timestamp="2019-06-16T02:56:19.838" intervalms="16.002" />
<cycle-start id="1263" type="partial gc" contextid="0" timestamp="2019-06-16T02:56:19.838" intervalms="33.579" />
<gc-start id="1264" type="partial gc" contextid="1263" timestamp="2019-06-16T02:56:19.838">
  <mem-info id="1265" free="28311552" total="99614720" percent="28">
    <mem type="eden" free="1048224" total="32505856" percent="3" />
    <arraylet-primitive objects="1" leaves="1" largest="1" />
    <remembered-set count="36224" freebytes="3831424" totalbytes="3976320" percent="96" regionsoverflowed="0" regionsstable="0" regionsrebuilding="13"/>
  </mem-info>
</gc-start>
<allocation-stats totalBytes="31440736" >
  <allocated-bytes non-tlh="0" tlh="31440736" arrayletleaf="0"/>
  <largest-consumer threadName="main" threadId="0000000001916700" bytes="15720608" />
</allocation-stats>
<gc-op id="1266" type="copy forward" timems="1.356" contextid="1263" timestamp="2019-06-16T02:56:19.840">
  <memory-copied type="eden" objects="6" bytes="400" bytesdiscarded="0" />
  <memory-copied type="other" objects="0" bytes="0" bytesdiscarded="0" />
  <memory-cardclean objects="16" bytes="520" />
  <regions eden="30" other="1" />
  <remembered-set-cleared processed="33625" cleared="9" durationms="0.345" />
  <stringconstants candidates="13729" cleared="0"  />
</gc-op>
<gc-op id="1267" type="classunload" timems="0.004" contextid="1263" timestamp="2019-06-16T02:56:19.840">
  <classunload-info classloadercandidates="55" classloadersunloaded="0" classesunloaded="0" anonymousclassesunloaded="0" quiescems="0.000" setupms="0.004" scanms="0.000" postms="0.000" />
</gc-op>
<gc-end id="1268" type="partial gc" contextid="1263" durationms="2.248" usertimems="0.000" systemtimems="0.000" timestamp="2019-06-16T02:56:19.841" activeThreads="1">
  <mem-info id="1269" free="59768832" total="99614720" percent="60">
    <mem type="eden" free="1048176" total="1048576" percent="99" />
    <arraylet-primitive objects="1" leaves="1" largest="1" />
    <remembered-set count="36672" freebytes="3829632" totalbytes="3976320" percent="96" regionsoverflowed="0" regionsstable="0" regionsrebuilding="13"/>
  </mem-info>
</gc-end>
<cycle-end id="1270" type="partial gc" contextid="1263" timestamp="2019-06-16T02:56:19.841" />
  <attribute name="elasticGC enabled" value="1" />
  <attribute name= "numThreadsSpecified" value="1" />
  <attribute name="heapSize specified" value="0" />
  <attribute name="Current GC Util" value="71" />
  <attribute name= "Current Time Running" value="52204" />
  <attribute name ="GC Interval" value="0" />
  <attribute name="ProportionalT" value="76.500000" />
  <attribute name="ProportionalI" value="76.500000" />
  <attribute name="ProportionalH" value="76.500000" />
  <attribute name="Current Error" value="51.000000" />
  <attribute name="IntegralT" value="0.000000" />
  <attribute name="IntegralI" value="0.000000" />
  <attribute name="IntegralH" value="0.000000" />
  <attribute name="DerivativeT" value="inf" />
  <attribute name="DerivativeI" value="inf" />
  <attribute name="DerivativeH" value="inf" />
  <attribute name="Loop Time for DT" value="0.000000" />
  <attribute name="Output H" value="8388608"/>
  <attribute name="Output I" value="200"/>
  <attribute name="Output T" value="1"/>
  <attribute name="Target GC Util Change" value ="20.000000" />
  <attribute name="Current GC Util Change" value="71.000000"/>
  <attribute name="GC Util currently" value="71" />
  <attribute name="CPU Util currently" value="25425128009701" />
<exclusive-end id="1271" timestamp="2019-06-16T02:56:19.841" durationms="3.201" />

<exclusive-start id="1272" timestamp="2019-06-16T02:56:19.855" intervalms="17.563">
  <response-info timems="0.088" idlems="0.088" threads="0" lastid="0000000001916700" lastname="main" />
</exclusive-start>
<allocation-taxation id="1273" taxation-threshold="15728640" timestamp="2019-06-16T02:56:19.856" intervalms="17.581" />
<gc-start id="1274" type="global mark phase" contextid="1211" timestamp="2019-06-16T02:56:19.856">
  <mem-info id="1275" free="44040192" total="99614720" percent="44">
    <remembered-set count="36224" freebytes="3831424" totalbytes="3976320" percent="96" regionsoverflowed="0" regionsstable="0" regionsrebuilding="13"/>
  </mem-info>
</gc-start>
<gc-end id="1276" type="global mark phase" contextid="1211" durationms="0.103" usertimems="0.000" systemtimems="0.000" timestamp="2019-06-16T02:56:19.856" activeThreads="1">
  <mem-info id="1277" free="44040192" total="99614720" percent="44">
    <remembered-set count="36224" freebytes="3831424" totalbytes="3976320" percent="96" regionsoverflowed="0" regionsstable="0" regionsrebuilding="13"/>
  </mem-info>
</gc-end>
<concurrent-start id="1278" type="GMP work packet processing" contextid="1211" timestamp="2019-06-16T02:56:19.856">
  <concurrent-mark-start scanTarget="1048576" />
</concurrent-start>
<concurrent-end id="1279" type="GMP work packet processing" contextid="1211" timestamp="2019-06-16T02:56:19.857">
  <concurrent-mark-end bytesScanned="1070156" reasonForTermination="Work target met" />
</concurrent-end>

<exclusive-end id="1280" timestamp="2019-06-16T02:56:19.857" durationms="1.455" />

<exclusive-start id="1281" timestamp="2019-06-16T02:56:19.871" intervalms="15.739">
  <response-info timems="0.064" idlems="0.064" threads="0" lastid="0000000001916700" lastname="main" />
</exclusive-start>
<allocation-taxation id="1282" taxation-threshold="15728640" timestamp="2019-06-16T02:56:19.871" intervalms="15.695" />
<cycle-start id="1283" type="partial gc" contextid="0" timestamp="2019-06-16T02:56:19.871" intervalms="33.232" />
<gc-start id="1284" type="partial gc" contextid="1283" timestamp="2019-06-16T02:56:19.872">
  <mem-info id="1285" free="28311552" total="99614720" percent="28">
    <mem type="eden" free="1048176" total="32505856" percent="3" />
    <arraylet-primitive objects="1" leaves="1" largest="1" />
    <remembered-set count="45856" freebytes="3792896" totalbytes="3976320" percent="95" regionsoverflowed="0" regionsstable="0" regionsrebuilding="13"/>
  </mem-info>
</gc-start>
<allocation-stats totalBytes="31440712" >
  <allocated-bytes non-tlh="0" tlh="31440712" arrayletleaf="0"/>
  <largest-consumer threadName="main" threadId="0000000001916700" bytes="15720776" />
</allocation-stats>
<gc-op id="1286" type="copy forward" timems="1.355" contextid="1283" timestamp="2019-06-16T02:56:19.873">
  <memory-copied type="eden" objects="6" bytes="176" bytesdiscarded="0" />
  <memory-copied type="other" objects="0" bytes="0" bytesdiscarded="0" />
  <memory-cardclean objects="16" bytes="520" />
  <regions eden="30" other="1" />
  <remembered-set-cleared processed="42786" cleared="9" durationms="0.380" />
  <stringconstants candidates="13729" cleared="0"  />
</gc-op>
<gc-op id="1287" type="classunload" timems="0.003" contextid="1283" timestamp="2019-06-16T02:56:19.874">
  <classunload-info classloadercandidates="55" classloadersunloaded="0" classesunloaded="0" anonymousclassesunloaded="0" quiescems="0.000" setupms="0.003" scanms="0.000" postms="0.000" />
</gc-op>
<gc-end id="1288" type="partial gc" contextid="1283" durationms="2.255" usertimems="0.000" systemtimems="0.000" timestamp="2019-06-16T02:56:19.874" activeThreads="1">
  <mem-info id="1289" free="59768832" total="99614720" percent="60">
    <mem type="eden" free="1048400" total="1048576" percent="99" />
    <arraylet-primitive objects="1" leaves="1" largest="1" />
    <remembered-set count="46304" freebytes="3791104" totalbytes="3976320" percent="95" regionsoverflowed="0" regionsstable="0" regionsrebuilding="13"/>
  </mem-info>
</gc-end>
<cycle-end id="1290" type="partial gc" contextid="1283" timestamp="2019-06-16T02:56:19.874" />
  <attribute name="elasticGC enabled" value="1" />
  <attribute name= "numThreadsSpecified" value="1" />
  <attribute name="heapSize specified" value="0" />
  <attribute name="Current GC Util" value="67" />
  <attribute name= "Current Time Running" value="52237" />
  <attribute name ="GC Interval" value="0" />
  <attribute name="ProportionalT" value="70.500000" />
  <attribute name="ProportionalI" value="70.500000" />
  <attribute name="ProportionalH" value="70.500000" />
  <attribute name="Current Error" value="47.000000" />
  <attribute name="IntegralT" value="0.000000" />
  <attribute name="IntegralI" value="0.000000" />
  <attribute name="IntegralH" value="0.000000" />
  <attribute name="DerivativeT" value="inf" />
  <attribute name="DerivativeI" value="inf" />
  <attribute name="DerivativeH" value="inf" />
  <attribute name="Loop Time for DT" value="0.000000" />
  <attribute name="Output H" value="8388608"/>
  <attribute name="Output I" value="200"/>
  <attribute name="Output T" value="1"/>
  <attribute name="Target GC Util Change" value ="20.000000" />
  <attribute name="Current GC Util Change" value="67.000000"/>
  <attribute name="GC Util currently" value="67" />
  <attribute name="CPU Util currently" value="23163359989171" />
<exclusive-end id="1291" timestamp="2019-06-16T02:56:19.877" durationms="6.114" />

<exclusive-start id="1292" timestamp="2019-06-16T02:56:19.891" intervalms="20.433">
  <response-info timems="0.080" idlems="0.080" threads="0" lastid="0000000001916700" lastname="main" />
</exclusive-start>
<allocation-taxation id="1293" taxation-threshold="15728640" timestamp="2019-06-16T02:56:19.892" intervalms="20.423" />
<gc-start id="1294" type="global mark phase" contextid="1211" timestamp="2019-06-16T02:56:19.892">
  <mem-info id="1295" free="44040192" total="99614720" percent="44">
    <remembered-set count="45856" freebytes="3792896" totalbytes="3976320" percent="95" regionsoverflowed="0" regionsstable="0" regionsrebuilding="13"/>
  </mem-info>
</gc-start>
<gc-end id="1296" type="global mark phase" contextid="1211" durationms="0.116" usertimems="0.000" systemtimems="0.000" timestamp="2019-06-16T02:56:19.892" activeThreads="1">
  <mem-info id="1297" free="44040192" total="99614720" percent="44">
    <remembered-set count="45856" freebytes="3792896" totalbytes="3976320" percent="95" regionsoverflowed="0" regionsstable="0" regionsrebuilding="13"/>
  </mem-info>
</gc-end>
<concurrent-start id="1298" type="GMP work packet processing" contextid="1211" timestamp="2019-06-16T02:56:19.892">
  <concurrent-mark-start scanTarget="1048576" />
</concurrent-start>
<concurrent-end id="1299" type="GMP work packet processing" contextid="1211" timestamp="2019-06-16T02:56:19.893">
  <concurrent-mark-end bytesScanned="1073564" reasonForTermination="Work target met" />
</concurrent-end>

<exclusive-end id="1300" timestamp="2019-06-16T02:56:19.893" durationms="1.782" />

<exclusive-start id="1301" timestamp="2019-06-16T02:56:19.908" intervalms="16.264">
  <response-info timems="0.243" idlems="0.243" threads="0" lastid="0000000001916700" lastname="main" />
</exclusive-start>
<allocation-taxation id="1302" taxation-threshold="15728640" timestamp="2019-06-16T02:56:19.908" intervalms="16.254" />
<cycle-start id="1303" type="partial gc" contextid="0" timestamp="2019-06-16T02:56:19.908" intervalms="36.746" />
<gc-start id="1304" type="partial gc" contextid="1303" timestamp="2019-06-16T02:56:19.908">
  <mem-info id="1305" free="28311552" total="99614720" percent="28">
    <mem type="eden" free="1048400" total="32505856" percent="3" />
    <arraylet-primitive objects="1" leaves="1" largest="1" />
    <remembered-set count="50272" freebytes="3775232" totalbytes="3976320" percent="94" regionsoverflowed="0" regionsstable="0" regionsrebuilding="13"/>
  </mem-info>
</gc-start>
<allocation-stats totalBytes="31440912" >
  <allocated-bytes non-tlh="0" tlh="31440912" arrayletleaf="0"/>
  <largest-consumer threadName="main" threadId="0000000001916700" bytes="15720728" />
</allocation-stats>
<gc-op id="1306" type="copy forward" timems="1.502" contextid="1303" timestamp="2019-06-16T02:56:19.911">
  <memory-copied type="eden" objects="6" bytes="272" bytesdiscarded="0" />
  <memory-copied type="other" objects="0" bytes="0" bytesdiscarded="0" />
  <memory-cardclean objects="16" bytes="520" />
  <regions eden="30" other="1" />
  <remembered-set-cleared processed="47535" cleared="9" durationms="0.436" />
  <stringconstants candidates="13729" cleared="0"  />
</gc-op>
<gc-op id="1307" type="classunload" timems="0.004" contextid="1303" timestamp="2019-06-16T02:56:19.911">
  <classunload-info classloadercandidates="55" classloadersunloaded="0" classesunloaded="0" anonymousclassesunloaded="0" quiescems="0.000" setupms="0.004" scanms="0.000" postms="0.000" />
</gc-op>
<gc-end id="1308" type="partial gc" contextid="1303" durationms="2.564" usertimems="4.000" systemtimems="0.000" timestamp="2019-06-16T02:56:19.911" activeThreads="1">
  <mem-info id="1309" free="59768832" total="99614720" percent="60">
    <mem type="eden" free="1048304" total="1048576" percent="99" />
    <arraylet-primitive objects="1" leaves="1" largest="1" />
    <remembered-set count="50720" freebytes="3773440" totalbytes="3976320" percent="94" regionsoverflowed="0" regionsstable="0" regionsrebuilding="13"/>
  </mem-info>
</gc-end>
<cycle-end id="1310" type="partial gc" contextid="1303" timestamp="2019-06-16T02:56:19.911" />
  <attribute name="elasticGC enabled" value="1" />
  <attribute name= "numThreadsSpecified" value="1" />
  <attribute name="heapSize specified" value="0" />
  <attribute name="Current GC Util" value="53" />
  <attribute name= "Current Time Running" value="52274" />
  <attribute name ="GC Interval" value="0" />
  <attribute name="ProportionalT" value="49.500000" />
  <attribute name="ProportionalI" value="49.500000" />
  <attribute name="ProportionalH" value="49.500000" />
  <attribute name="Current Error" value="33.000000" />
  <attribute name="IntegralT" value="0.000000" />
  <attribute name="IntegralI" value="0.000000" />
  <attribute name="IntegralH" value="0.000000" />
  <attribute name="DerivativeT" value="inf" />
  <attribute name="DerivativeI" value="inf" />
  <attribute name="DerivativeH" value="inf" />
  <attribute name="Loop Time for DT" value="0.000000" />
  <attribute name="Output H" value="8388608"/>
  <attribute name="Output I" value="200"/>
  <attribute name="Output T" value="1"/>
  <attribute name="Target GC Util Change" value ="20.000000" />
  <attribute name="Current GC Util Change" value="53.000000"/>
  <attribute name="GC Util currently" value="53" />
  <attribute name="CPU Util currently" value="16737752494614" />
<exclusive-end id="1311" timestamp="2019-06-16T02:56:19.911" durationms="3.504" />

<exclusive-start id="1312" timestamp="2019-06-16T02:56:19.926" intervalms="17.941">
  <response-info timems="0.242" idlems="0.242" threads="0" lastid="0000000001916700" lastname="main" />
</exclusive-start>
<allocation-taxation id="1313" taxation-threshold="15728640" timestamp="2019-06-16T02:56:19.926" intervalms="18.009" />
<gc-start id="1314" type="global mark phase" contextid="1211" timestamp="2019-06-16T02:56:19.926">
  <mem-info id="1315" free="44040192" total="99614720" percent="44">
    <remembered-set count="50272" freebytes="3775232" totalbytes="3976320" percent="94" regionsoverflowed="0" regionsstable="0" regionsrebuilding="13"/>
  </mem-info>
</gc-start>
<gc-end id="1316" type="global mark phase" contextid="1211" durationms="0.128" usertimems="0.000" systemtimems="0.000" timestamp="2019-06-16T02:56:19.926" activeThreads="1">
  <mem-info id="1317" free="44040192" total="99614720" percent="44">
    <remembered-set count="50272" freebytes="3775232" totalbytes="3976320" percent="94" regionsoverflowed="0" regionsstable="0" regionsrebuilding="13"/>
  </mem-info>
</gc-end>
<concurrent-start id="1318" type="GMP work packet processing" contextid="1211" timestamp="2019-06-16T02:56:19.926">
  <concurrent-mark-start scanTarget="1048576" />
</concurrent-start>
<concurrent-end id="1319" type="GMP work packet processing" contextid="1211" timestamp="2019-06-16T02:56:19.927">
  <concurrent-mark-end bytesScanned="1086568" reasonForTermination="Work target met" />
</concurrent-end>

<exclusive-end id="1320" timestamp="2019-06-16T02:56:19.927" durationms="1.712" />

<exclusive-start id="1321" timestamp="2019-06-16T02:56:19.942" intervalms="15.998">
  <response-info timems="0.090" idlems="0.090" threads="0" lastid="0000000001916700" lastname="main" />
</exclusive-start>
<allocation-taxation id="1322" taxation-threshold="15728640" timestamp="2019-06-16T02:56:19.942" intervalms="16.006" />
<cycle-start id="1323" type="partial gc" contextid="0" timestamp="2019-06-16T02:56:19.942" intervalms="34.016" />
<gc-start id="1324" type="partial gc" contextid="1323" timestamp="2019-06-16T02:56:19.942">
  <mem-info id="1325" free="28311552" total="99614720" percent="28">
    <mem type="eden" free="1048304" total="32505856" percent="3" />
    <arraylet-primitive objects="1" leaves="1" largest="1" />
    <remembered-set count="56800" freebytes="3749120" totalbytes="3976320" percent="94" regionsoverflowed="0" regionsstable="0" regionsrebuilding="13"/>
  </mem-info>
</gc-start>
<allocation-stats totalBytes="31441528" >
  <allocated-bytes non-tlh="0" tlh="31441528" arrayletleaf="0"/>
  <largest-consumer threadName="main" threadId="0000000001916700" bytes="15720728" />
</allocation-stats>
<gc-op id="1326" type="copy forward" timems="1.510" contextid="1323" timestamp="2019-06-16T02:56:19.945">
  <memory-copied type="eden" objects="6" bytes="352" bytesdiscarded="0" />
  <memory-copied type="other" objects="0" bytes="0" bytesdiscarded="0" />
  <memory-cardclean objects="16" bytes="520" />
  <regions eden="30" other="1" />
  <remembered-set-cleared processed="54339" cleared="9" durationms="0.481" />
  <stringconstants candidates="13729" cleared="0"  />
</gc-op>
<gc-op id="1327" type="classunload" timems="0.005" contextid="1323" timestamp="2019-06-16T02:56:19.945">
  <classunload-info classloadercandidates="55" classloadersunloaded="0" classesunloaded="0" anonymousclassesunloaded="0" quiescems="0.000" setupms="0.005" scanms="0.000" postms="0.000" />
</gc-op>
<gc-end id="1328" type="partial gc" contextid="1323" durationms="2.648" usertimems="4.000" systemtimems="0.000" timestamp="2019-06-16T02:56:19.945" activeThreads="1">
  <mem-info id="1329" free="59768832" total="99614720" percent="60">
    <mem type="eden" free="1048224" total="1048576" percent="99" />
    <arraylet-primitive objects="1" leaves="1" largest="1" />
    <remembered-set count="57248" freebytes="3747328" totalbytes="3976320" percent="94" regionsoverflowed="0" regionsstable="0" regionsrebuilding="13"/>
  </mem-info>
</gc-end>
<cycle-end id="1330" type="partial gc" contextid="1323" timestamp="2019-06-16T02:56:19.945" />
  <attribute name="elasticGC enabled" value="1" />
  <attribute name= "numThreadsSpecified" value="1" />
  <attribute name="heapSize specified" value="0" />
  <attribute name="Current GC Util" value="52" />
  <attribute name= "Current Time Running" value="52308" />
  <attribute name ="GC Interval" value="0" />
  <attribute name="ProportionalT" value="48.000000" />
  <attribute name="ProportionalI" value="48.000000" />
  <attribute name="ProportionalH" value="48.000000" />
  <attribute name="Current Error" value="32.000000" />
  <attribute name="IntegralT" value="0.000000" />
  <attribute name="IntegralI" value="0.000000" />
  <attribute name="IntegralH" value="0.000000" />
  <attribute name="DerivativeT" value="inf" />
  <attribute name="DerivativeI" value="inf" />
  <attribute name="DerivativeH" value="inf" />
  <attribute name="Loop Time for DT" value="0.000000" />
  <attribute name="Output H" value="8388608"/>
  <attribute name="Output I" value="200"/>
  <attribute name="Output T" value="1"/>
  <attribute name="Target GC Util Change" value ="20.000000" />
  <attribute name="Current GC Util Change" value="52.000000"/>
  <attribute name="GC Util currently" value="52" />
  <attribute name="CPU Util currently" value="20248717875044" />
<exclusive-end id="1331" timestamp="2019-06-16T02:56:19.945" durationms="3.743" />

<exclusive-start id="1332" timestamp="2019-06-16T02:56:19.961" intervalms="19.675">
  <response-info timems="0.071" idlems="0.071" threads="0" lastid="0000000001916700" lastname="main" />
</exclusive-start>
<allocation-taxation id="1333" taxation-threshold="15728640" timestamp="2019-06-16T02:56:19.962" intervalms="19.694" />
<gc-start id="1334" type="global mark phase" contextid="1211" timestamp="2019-06-16T02:56:19.962">
  <mem-info id="1335" free="44040192" total="99614720" percent="44">
    <remembered-set count="56832" freebytes="3748992" totalbytes="3976320" percent="94" regionsoverflowed="0" regionsstable="0" regionsrebuilding="13"/>
  </mem-info>
</gc-start>
<gc-end id="1336" type="global mark phase" contextid="1211" durationms="0.096" usertimems="0.000" systemtimems="0.000" timestamp="2019-06-16T02:56:19.962" activeThreads="1">
  <mem-info id="1337" free="44040192" total="99614720" percent="44">
    <remembered-set count="56832" freebytes="3748992" totalbytes="3976320" percent="94" regionsoverflowed="0" regionsstable="0" regionsrebuilding="13"/>
  </mem-info>
</gc-end>
<concurrent-start id="1338" type="GMP work packet processing" contextid="1211" timestamp="2019-06-16T02:56:19.962">
  <concurrent-mark-start scanTarget="1048576" />
</concurrent-start>
<concurrent-end id="1339" type="GMP work packet processing" contextid="1211" timestamp="2019-06-16T02:56:19.963">
  <concurrent-mark-end bytesScanned="1077500" reasonForTermination="Work target met" />
</concurrent-end>

<exclusive-end id="1340" timestamp="2019-06-16T02:56:19.963" durationms="1.756" />

<exclusive-start id="1341" timestamp="2019-06-16T02:56:19.982" intervalms="21.108">
  <response-info timems="0.063" idlems="0.063" threads="0" lastid="0000000001916700" lastname="main" />
</exclusive-start>
<allocation-taxation id="1342" taxation-threshold="15728640" timestamp="2019-06-16T02:56:19.983" intervalms="21.109" />
<cycle-start id="1343" type="partial gc" contextid="0" timestamp="2019-06-16T02:56:19.983" intervalms="40.757" />
<gc-start id="1344" type="partial gc" contextid="1343" timestamp="2019-06-16T02:56:19.983">
  <mem-info id="1345" free="28311552" total="99614720" percent="28">
    <mem type="eden" free="1048224" total="32505856" percent="3" />
    <arraylet-primitive objects="1" leaves="1" largest="1" />
    <remembered-set count="64960" freebytes="3716480" totalbytes="3976320" percent="93" regionsoverflowed="0" regionsstable="0" regionsrebuilding="13"/>
  </mem-info>
</gc-start>
<allocation-stats totalBytes="31435264" >
  <allocated-bytes non-tlh="0" tlh="31435264" arrayletleaf="0"/>
  <largest-consumer threadName="main" threadId="0000000001916700" bytes="15716168" />
</allocation-stats>
<gc-op id="1346" type="copy forward" timems="1.578" contextid="1343" timestamp="2019-06-16T02:56:19.986">
  <memory-copied type="eden" objects="29" bytes="1376" bytesdiscarded="0" />
  <memory-copied type="other" objects="0" bytes="0" bytesdiscarded="0" />
  <memory-cardclean objects="61" bytes="2208" />
  <regions eden="30" other="1" />
  <remembered-set-cleared processed="62444" cleared="41" durationms="0.531" />
  <stringconstants candidates="13729" cleared="0"  />
</gc-op>
<gc-op id="1347" type="classunload" timems="0.004" contextid="1343" timestamp="2019-06-16T02:56:19.986">
  <classunload-info classloadercandidates="55" classloadersunloaded="0" classesunloaded="0" anonymousclassesunloaded="0" quiescems="0.000" setupms="0.004" scanms="0.000" postms="0.000" />
</gc-op>
<gc-end id="1348" type="partial gc" contextid="1343" durationms="2.800" usertimems="4.000" systemtimems="0.000" timestamp="2019-06-16T02:56:19.986" activeThreads="1">
  <mem-info id="1349" free="59768832" total="99614720" percent="60">
    <mem type="eden" free="1047200" total="1048576" percent="99" />
    <arraylet-primitive objects="1" leaves="1" largest="1" />
    <remembered-set count="65280" freebytes="3715200" totalbytes="3976320" percent="93" regionsoverflowed="0" regionsstable="0" regionsrebuilding="13"/>
  </mem-info>
</gc-end>
<cycle-end id="1350" type="partial gc" contextid="1343" timestamp="2019-06-16T02:56:19.986" />
  <attribute name="elasticGC enabled" value="1" />
  <attribute name= "numThreadsSpecified" value="1" />
  <attribute name="heapSize specified" value="0" />
  <attribute name="Current GC Util" value="47" />
  <attribute name= "Current Time Running" value="52349" />
  <attribute name ="GC Interval" value="0" />
  <attribute name="ProportionalT" value="40.500000" />
  <attribute name="ProportionalI" value="40.500000" />
  <attribute name="ProportionalH" value="40.500000" />
  <attribute name="Current Error" value="27.000000" />
  <attribute name="IntegralT" value="0.000000" />
  <attribute name="IntegralI" value="0.000000" />
  <attribute name="IntegralH" value="0.000000" />
  <attribute name="DerivativeT" value="inf" />
  <attribute name="DerivativeI" value="inf" />
  <attribute name="DerivativeH" value="inf" />
  <attribute name="Loop Time for DT" value="0.000000" />
  <attribute name="Output H" value="8388608"/>
  <attribute name="Output I" value="200"/>
  <attribute name="Output T" value="1"/>
  <attribute name="Target GC Util Change" value ="20.000000" />
  <attribute name="Current GC Util Change" value="47.000000"/>
  <attribute name="GC Util currently" value="47" />
  <attribute name="CPU Util currently" value="14073061597858" />
<exclusive-end id="1351" timestamp="2019-06-16T02:56:19.986" durationms="3.921" />

<exclusive-start id="1352" timestamp="2019-06-16T02:56:20.001" intervalms="18.962">
  <response-info timems="0.089" idlems="0.089" threads="0" lastid="0000000001916700" lastname="main" />
</exclusive-start>
<allocation-taxation id="1353" taxation-threshold="15728640" timestamp="2019-06-16T02:56:20.002" intervalms="18.912" />
<gc-start id="1354" type="global mark phase" contextid="1211" timestamp="2019-06-16T02:56:20.002">
  <mem-info id="1355" free="44040192" total="99614720" percent="44">
    <remembered-set count="64896" freebytes="3716736" totalbytes="3976320" percent="93" regionsoverflowed="0" regionsstable="0" regionsrebuilding="13"/>
  </mem-info>
</gc-start>
<gc-end id="1356" type="global mark phase" contextid="1211" durationms="0.135" usertimems="0.000" systemtimems="0.000" timestamp="2019-06-16T02:56:20.002" activeThreads="1">
  <mem-info id="1357" free="44040192" total="99614720" percent="44">
    <remembered-set count="64896" freebytes="3716736" totalbytes="3976320" percent="93" regionsoverflowed="0" regionsstable="0" regionsrebuilding="13"/>
  </mem-info>
</gc-end>
<concurrent-start id="1358" type="GMP work packet processing" contextid="1211" timestamp="2019-06-16T02:56:20.002">
  <concurrent-mark-start scanTarget="1048576" />
</concurrent-start>
<concurrent-end id="1359" type="GMP work packet processing" contextid="1211" timestamp="2019-06-16T02:56:20.003">
  <concurrent-mark-end bytesScanned="1085840" reasonForTermination="Work target met" />
</concurrent-end>

<exclusive-end id="1360" timestamp="2019-06-16T02:56:20.003" durationms="1.478" />

<exclusive-start id="1361" timestamp="2019-06-16T02:56:20.018" intervalms="16.601">
  <response-info timems="0.086" idlems="0.086" threads="0" lastid="0000000001916700" lastname="main" />
</exclusive-start>
<allocation-taxation id="1362" taxation-threshold="15728640" timestamp="2019-06-16T02:56:20.018" intervalms="16.619" />
<cycle-start id="1363" type="partial gc" contextid="0" timestamp="2019-06-16T02:56:20.018" intervalms="35.574" />
<gc-start id="1364" type="partial gc" contextid="1363" timestamp="2019-06-16T02:56:20.019">
  <mem-info id="1365" free="28311552" total="99614720" percent="28">
    <mem type="eden" free="0" total="31457280" percent="0" />
    <arraylet-primitive objects="1" leaves="1" largest="1" />
    <remembered-set count="74496" freebytes="3678336" totalbytes="3976320" percent="92" regionsoverflowed="0" regionsstable="0" regionsrebuilding="13"/>
  </mem-info>
</gc-start>
<allocation-stats totalBytes="31429440" >
  <allocated-bytes non-tlh="0" tlh="31429440" arrayletleaf="0"/>
  <largest-consumer threadName="main" threadId="0000000001916700" bytes="15714000" />
</allocation-stats>
<gc-op id="1366" type="copy forward" timems="1.638" contextid="1363" timestamp="2019-06-16T02:56:20.021">
  <memory-copied type="eden" objects="6" bytes="432" bytesdiscarded="0" />
  <memory-copied type="other" objects="23" bytes="968" bytesdiscarded="0" />
  <memory-cardclean objects="45" bytes="1784" />
  <regions eden="30" other="1" />
  <remembered-set-cleared processed="71400" cleared="40" durationms="0.546" />
  <stringconstants candidates="13729" cleared="0"  />
</gc-op>
<gc-op id="1367" type="classunload" timems="0.004" contextid="1363" timestamp="2019-06-16T02:56:20.021">
  <classunload-info classloadercandidates="55" classloadersunloaded="0" classesunloaded="0" anonymousclassesunloaded="0" quiescems="0.000" setupms="0.004" scanms="0.000" postms="0.000" />
</gc-op>
<gc-end id="1368" type="partial gc" contextid="1363" durationms="2.607" usertimems="4.000" systemtimems="0.000" timestamp="2019-06-16T02:56:20.021" activeThreads="1">
  <mem-info id="1369" free="58720256" total="99614720" percent="58">
    <mem type="eden" free="1048144" total="1048576" percent="99" />
    <arraylet-primitive objects="1" leaves="1" largest="1" />
    <remembered-set count="74944" freebytes="3676544" totalbytes="3976320" percent="92" regionsoverflowed="0" regionsstable="0" regionsrebuilding="13"/>
  </mem-info>
</gc-end>
<cycle-end id="1370" type="partial gc" contextid="1363" timestamp="2019-06-16T02:56:20.021" />
  <attribute name="elasticGC enabled" value="1" />
  <attribute name= "numThreadsSpecified" value="1" />
  <attribute name="heapSize specified" value="0" />
  <attribute name="Current GC Util" value="55" />
  <attribute name= "Current Time Running" value="52384" />
  <attribute name ="GC Interval" value="0" />
  <attribute name="ProportionalT" value="52.500000" />
  <attribute name="ProportionalI" value="52.500000" />
  <attribute name="ProportionalH" value="52.500000" />
  <attribute name="Current Error" value="35.000000" />
  <attribute name="IntegralT" value="0.000000" />
  <attribute name="IntegralI" value="0.000000" />
  <attribute name="IntegralH" value="0.000000" />
  <attribute name="DerivativeT" value="inf" />
  <attribute name="DerivativeI" value="inf" />
  <attribute name="DerivativeH" value="inf" />
  <attribute name="Loop Time for DT" value="0.000000" />
  <attribute name="Output H" value="8388608"/>
  <attribute name="Output I" value="200"/>
  <attribute name="Output T" value="1"/>
  <attribute name="Target GC Util Change" value ="20.000000" />
  <attribute name="Current GC Util Change" value="55.000000"/>
  <attribute name="GC Util currently" value="55" />
  <attribute name="CPU Util currently" value="18262656396575" />
<exclusive-end id="1371" timestamp="2019-06-16T02:56:20.022" durationms="3.679" />

<exclusive-start id="1372" timestamp="2019-06-16T02:56:20.037" intervalms="18.728">
  <response-info timems="0.086" idlems="0.086" threads="0" lastid="0000000001916700" lastname="main" />
</exclusive-start>
<allocation-taxation id="1373" taxation-threshold="15728640" timestamp="2019-06-16T02:56:20.037" intervalms="18.750" />
<gc-start id="1374" type="global mark phase" contextid="1211" timestamp="2019-06-16T02:56:20.037">
  <mem-info id="1375" free="42991616" total="99614720" percent="43">
    <remembered-set count="74528" freebytes="3678208" totalbytes="3976320" percent="92" regionsoverflowed="0" regionsstable="0" regionsrebuilding="13"/>
  </mem-info>
</gc-start>
<gc-end id="1376" type="global mark phase" contextid="1211" durationms="0.122" usertimems="0.000" systemtimems="0.000" timestamp="2019-06-16T02:56:20.037" activeThreads="1">
  <mem-info id="1377" free="42991616" total="99614720" percent="43">
    <remembered-set count="74528" freebytes="3678208" totalbytes="3976320" percent="92" regionsoverflowed="0" regionsstable="0" regionsrebuilding="13"/>
  </mem-info>
</gc-end>
<concurrent-start id="1378" type="GMP work packet processing" contextid="1211" timestamp="2019-06-16T02:56:20.037">
  <concurrent-mark-start scanTarget="1048576" />
</concurrent-start>
<exclusive-end id="1379" timestamp="2019-06-16T02:56:20.039" durationms="1.775" />

<concurrent-end id="1380" type="GMP work packet processing" contextid="1211" timestamp="2019-06-16T02:56:20.039">
  <concurrent-mark-end bytesScanned="1094044" reasonForTermination="Work target met" />
</concurrent-end>

<exclusive-start id="1381" timestamp="2019-06-16T02:56:20.054" intervalms="16.998">
  <response-info timems="0.083" idlems="0.083" threads="0" lastid="0000000001916700" lastname="main" />
</exclusive-start>
<allocation-taxation id="1382" taxation-threshold="15728640" timestamp="2019-06-16T02:56:20.054" intervalms="16.947" />
<cycle-start id="1383" type="partial gc" contextid="0" timestamp="2019-06-16T02:56:20.054" intervalms="35.672" />
<gc-start id="1384" type="partial gc" contextid="1383" timestamp="2019-06-16T02:56:20.054">
  <mem-info id="1385" free="27262976" total="99614720" percent="27">
    <mem type="eden" free="1048144" total="32505856" percent="3" />
    <arraylet-primitive objects="1" leaves="1" largest="1" />
    <remembered-set count="85952" freebytes="3632512" totalbytes="3976320" percent="91" regionsoverflowed="0" regionsstable="0" regionsrebuilding="13"/>
  </mem-info>
</gc-start>
<allocation-stats totalBytes="31429560" >
  <allocated-bytes non-tlh="0" tlh="31429560" arrayletleaf="0"/>
  <largest-consumer threadName="main" threadId="0000000001916700" bytes="15714000" />
</allocation-stats>
<gc-op id="1386" type="copy forward" timems="1.707" contextid="1383" timestamp="2019-06-16T02:56:20.057">
  <memory-copied type="eden" objects="6" bytes="192" bytesdiscarded="0" />
  <memory-copied type="other" objects="0" bytes="0" bytesdiscarded="0" />
  <memory-cardclean objects="16" bytes="528" />
  <regions eden="30" other="1" />
  <remembered-set-cleared processed="82852" cleared="12" durationms="0.631" />
  <stringconstants candidates="13729" cleared="0"  />
</gc-op>
<gc-op id="1387" type="classunload" timems="0.004" contextid="1383" timestamp="2019-06-16T02:56:20.057">
  <classunload-info classloadercandidates="55" classloadersunloaded="0" classesunloaded="0" anonymousclassesunloaded="0" quiescems="0.000" setupms="0.004" scanms="0.000" postms="0.000" />
</gc-op>
<gc-end id="1388" type="partial gc" contextid="1383" durationms="2.554" usertimems="4.000" systemtimems="0.000" timestamp="2019-06-16T02:56:20.057" activeThreads="1">
  <mem-info id="1389" free="58720256" total="99614720" percent="58">
    <mem type="eden" free="1048384" total="1048576" percent="99" />
    <arraylet-primitive objects="1" leaves="1" largest="1" />
    <remembered-set count="86432" freebytes="3630592" totalbytes="3976320" percent="91" regionsoverflowed="0" regionsstable="0" regionsrebuilding="13"/>
  </mem-info>
</gc-end>
<cycle-end id="1390" type="partial gc" contextid="1383" timestamp="2019-06-16T02:56:20.057" />
  <attribute name="elasticGC enabled" value="1" />
  <attribute name= "numThreadsSpecified" value="1" />
  <attribute name="heapSize specified" value="0" />
  <attribute name="Current GC Util" value="77" />
  <attribute name= "Current Time Running" value="52420" />
  <attribute name ="GC Interval" value="0" />
  <attribute name="ProportionalT" value="85.500000" />
  <attribute name="ProportionalI" value="85.500000" />
  <attribute name="ProportionalH" value="85.500000" />
  <attribute name="Current Error" value="57.000000" />
  <attribute name="IntegralT" value="0.000000" />
  <attribute name="IntegralI" value="0.000000" />
  <attribute name="IntegralH" value="0.000000" />
  <attribute name="DerivativeT" value="inf" />
  <attribute name="DerivativeI" value="inf" />
  <attribute name="DerivativeH" value="inf" />
  <attribute name="Loop Time for DT" value="0.000000" />
  <attribute name="Output H" value="8388608"/>
  <attribute name="Output I" value="200"/>
  <attribute name="Output T" value="1"/>
  <attribute name="Target GC Util Change" value ="20.000000" />
  <attribute name="Current GC Util Change" value="77.000000"/>
  <attribute name="GC Util currently" value="77" />
  <attribute name="CPU Util currently" value="25864755990575" />
<exclusive-end id="1391" timestamp="2019-06-16T02:56:20.057" durationms="3.442" />

<exclusive-start id="1392" timestamp="2019-06-16T02:56:20.089" intervalms="35.015">
  <response-info timems="0.068" idlems="0.068" threads="0" lastid="0000000001916700" lastname="main" />
</exclusive-start>
<allocation-taxation id="1393" taxation-threshold="15728640" timestamp="2019-06-16T02:56:20.089" intervalms="35.073" />
<gc-start id="1394" type="global mark phase" contextid="1211" timestamp="2019-06-16T02:56:20.089">
  <mem-info id="1395" free="42991616" total="99614720" percent="43">
    <remembered-set count="85952" freebytes="3632512" totalbytes="3976320" percent="91" regionsoverflowed="0" regionsstable="0" regionsrebuilding="13"/>
  </mem-info>
</gc-start>
<gc-end id="1396" type="global mark phase" contextid="1211" durationms="0.119" usertimems="0.000" systemtimems="0.000" timestamp="2019-06-16T02:56:20.089" activeThreads="1">
  <mem-info id="1397" free="42991616" total="99614720" percent="43">
    <remembered-set count="85952" freebytes="3632512" totalbytes="3976320" percent="91" regionsoverflowed="0" regionsstable="0" regionsrebuilding="13"/>
  </mem-info>
</gc-end>
<concurrent-start id="1398" type="GMP work packet processing" contextid="1211" timestamp="2019-06-16T02:56:20.089">
  <concurrent-mark-start scanTarget="1048576" />
</concurrent-start>
<concurrent-end id="1399" type="GMP work packet processing" contextid="1211" timestamp="2019-06-16T02:56:20.091">
  <concurrent-mark-end bytesScanned="1084016" reasonForTermination="Work target met" />
</concurrent-end>

<exclusive-end id="1400" timestamp="2019-06-16T02:56:20.091" durationms="1.919" />

<exclusive-start id="1401" timestamp="2019-06-16T02:56:20.149" intervalms="59.904">
  <response-info timems="0.121" idlems="0.121" threads="0" lastid="0000000001916700" lastname="main" />
</exclusive-start>
<allocation-taxation id="1402" taxation-threshold="15728640" timestamp="2019-06-16T02:56:20.149" intervalms="59.869" />
<cycle-start id="1403" type="partial gc" contextid="0" timestamp="2019-06-16T02:56:20.149" intervalms="94.986" />
<gc-start id="1404" type="partial gc" contextid="1403" timestamp="2019-06-16T02:56:20.149">
  <mem-info id="1405" free="27262976" total="99614720" percent="27">
    <mem type="eden" free="1048384" total="32505856" percent="3" />
    <arraylet-primitive objects="1" leaves="1" largest="1" />
    <remembered-set count="94144" freebytes="3599744" totalbytes="3976320" percent="90" regionsoverflowed="0" regionsstable="0" regionsrebuilding="13"/>
  </mem-info>
</gc-start>
<allocation-stats totalBytes="31444704" >
  <allocated-bytes non-tlh="0" tlh="31444704" arrayletleaf="0"/>
  <largest-consumer threadName="main" threadId="0000000001916700" bytes="15725032" />
</allocation-stats>
<gc-op id="1406" type="copy forward" timems="2.012" contextid="1403" timestamp="2019-06-16T02:56:20.152">
  <memory-copied type="eden" objects="48" bytes="2136" bytesdiscarded="0" />
  <memory-copied type="other" objects="0" bytes="0" bytesdiscarded="0" />
  <memory-cardclean objects="73" bytes="2640" />
  <regions eden="30" other="1" />
  <remembered-set-cleared processed="91342" cleared="33" durationms="0.753" />
  <stringconstants candidates="13729" cleared="0"  />
</gc-op>
<gc-op id="1407" type="classunload" timems="0.005" contextid="1403" timestamp="2019-06-16T02:56:20.152">
  <classunload-info classloadercandidates="55" classloadersunloaded="0" classesunloaded="0" anonymousclassesunloaded="0" quiescems="0.000" setupms="0.005" scanms="0.000" postms="0.000" />
</gc-op>
<gc-end id="1408" type="partial gc" contextid="1403" durationms="3.294" usertimems="4.000" systemtimems="0.000" timestamp="2019-06-16T02:56:20.153" activeThreads="1">
  <mem-info id="1409" free="58720256" total="99614720" percent="58">
    <mem type="eden" free="1046440" total="1048576" percent="99" />
    <arraylet-primitive objects="1" leaves="1" largest="1" />
    <remembered-set count="94592" freebytes="3597952" totalbytes="3976320" percent="90" regionsoverflowed="0" regionsstable="0" regionsrebuilding="13"/>
  </mem-info>
</gc-end>
<cycle-end id="1410" type="partial gc" contextid="1403" timestamp="2019-06-16T02:56:20.153" />
  <attribute name="elasticGC enabled" value="1" />
  <attribute name= "numThreadsSpecified" value="1" />
  <attribute name="heapSize specified" value="0" />
  <attribute name="Current GC Util" value="161" />
  <attribute name= "Current Time Running" value="52515" />
  <attribute name ="GC Interval" value="0" />
  <attribute name="ProportionalT" value="211.500000" />
  <attribute name="ProportionalI" value="211.500000" />
  <attribute name="ProportionalH" value="211.500000" />
  <attribute name="Current Error" value="141.000000" />
  <attribute name="IntegralT" value="0.000000" />
  <attribute name="IntegralI" value="0.000000" />
  <attribute name="IntegralH" value="0.000000" />
  <attribute name="DerivativeT" value="inf" />
  <attribute name="DerivativeI" value="inf" />
  <attribute name="DerivativeH" value="inf" />
  <attribute name="Loop Time for DT" value="0.000000" />
  <attribute name="Output H" value="8388608"/>
  <attribute name="Output I" value="200"/>
  <attribute name="Output T" value="1"/>
  <attribute name="Target GC Util Change" value ="20.000000" />
  <attribute name="Current GC Util Change" value="161.000000"/>
  <attribute name="GC Util currently" value="161" />
  <attribute name="CPU Util currently" value="12029083549277" />
<exclusive-end id="1411" timestamp="2019-06-16T02:56:20.153" durationms="4.339" />

<exclusive-start id="1412" timestamp="2019-06-16T02:56:20.201" intervalms="52.239">
  <response-info timems="0.061" idlems="0.061" threads="0" lastid="0000000001916700" lastname="main" />
</exclusive-start>
<allocation-taxation id="1413" taxation-threshold="15728640" timestamp="2019-06-16T02:56:20.201" intervalms="52.276" />
<gc-start id="1414" type="global mark phase" contextid="1211" timestamp="2019-06-16T02:56:20.201">
  <mem-info id="1415" free="42991616" total="99614720" percent="43">
    <remembered-set count="94144" freebytes="3599744" totalbytes="3976320" percent="90" regionsoverflowed="0" regionsstable="0" regionsrebuilding="13"/>
  </mem-info>
</gc-start>
<gc-end id="1416" type="global mark phase" contextid="1211" durationms="0.160" usertimems="0.000" systemtimems="0.000" timestamp="2019-06-16T02:56:20.201" activeThreads="1">
  <mem-info id="1417" free="42991616" total="99614720" percent="43">
    <remembered-set count="94144" freebytes="3599744" totalbytes="3976320" percent="90" regionsoverflowed="0" regionsstable="0" regionsrebuilding="13"/>
  </mem-info>
</gc-end>
<concurrent-start id="1418" type="GMP work packet processing" contextid="1211" timestamp="2019-06-16T02:56:20.202">
  <concurrent-mark-start scanTarget="1048576" />
</concurrent-start>
<exclusive-end id="1419" timestamp="2019-06-16T02:56:20.203" durationms="1.942" />

<concurrent-end id="1420" type="GMP work packet processing" contextid="1211" timestamp="2019-06-16T02:56:20.203">
  <concurrent-mark-end bytesScanned="1103296" reasonForTermination="Work target met" />
</concurrent-end>

<exclusive-start id="1421" timestamp="2019-06-16T02:56:20.251" intervalms="50.129">
  <response-info timems="0.156" idlems="0.156" threads="0" lastid="0000000001916700" lastname="main" />
</exclusive-start>
<allocation-taxation id="1422" taxation-threshold="15728640" timestamp="2019-06-16T02:56:20.251" intervalms="50.128" />
<cycle-start id="1423" type="partial gc" contextid="0" timestamp="2019-06-16T02:56:20.251" intervalms="102.405" />
<gc-start id="1424" type="partial gc" contextid="1423" timestamp="2019-06-16T02:56:20.252">
  <mem-info id="1425" free="27262976" total="99614720" percent="27">
    <mem type="eden" free="0" total="31457280" percent="0" />
    <arraylet-primitive objects="1" leaves="1" largest="1" />
    <remembered-set count="102080" freebytes="3568000" totalbytes="3976320" percent="89" regionsoverflowed="0" regionsstable="0" regionsrebuilding="13"/>
  </mem-info>
</gc-start>
<allocation-stats totalBytes="31450696" >
  <allocated-bytes non-tlh="0" tlh="31450696" arrayletleaf="0"/>
  <largest-consumer threadName="main" threadId="0000000001916700" bytes="15725368" />
</allocation-stats>
<gc-op id="1426" type="copy forward" timems="3.737" contextid="1423" timestamp="2019-06-16T02:56:20.256">
  <memory-copied type="eden" objects="18" bytes="792" bytesdiscarded="0" />
  <memory-copied type="other" objects="23" bytes="992" bytesdiscarded="1352" />
  <memory-cardclean objects="46" bytes="1864" />
  <regions eden="30" other="1" />
  <remembered-set-cleared processed="99020" cleared="38" durationms="0.538" />
  <stringconstants candidates="13729" cleared="0"  />
</gc-op>
<gc-op id="1427" type="classunload" timems="0.004" contextid="1423" timestamp="2019-06-16T02:56:20.257">
  <classunload-info classloadercandidates="55" classloadersunloaded="0" classesunloaded="0" anonymousclassesunloaded="0" quiescems="0.000" setupms="0.004" scanms="0.000" postms="0.000" />
</gc-op>
<heap-resize id="1428" type="contract" space="default" amount="5242880" count="1" timems="0.052" reason="insufficient time being spent in gc" timestamp="2019-06-16T02:56:20.257" />
<gc-end id="1429" type="partial gc" contextid="1423" durationms="4.970" usertimems="12.000" systemtimems="0.000" timestamp="2019-06-16T02:56:20.257" activeThreads="4">
  <mem-info id="1430" free="52428800" total="94371840" percent="55">
    <mem type="eden" free="1047784" total="1048576" percent="99" />
    <arraylet-primitive objects="1" leaves="1" largest="1" />
    <remembered-set count="103328" freebytes="3563008" totalbytes="3976320" percent="89" regionsoverflowed="0" regionsstable="0" regionsrebuilding="13"/>
  </mem-info>
</gc-end>
<cycle-end id="1431" type="partial gc" contextid="1423" timestamp="2019-06-16T02:56:20.257" />
  <attribute name="elasticGC enabled" value="1" />
  <attribute name= "numThreadsSpecified" value="4" />
  <attribute name="heapSize specified" value="0" />
  <attribute name="Current GC Util" value="166" />
  <attribute name= "Current Time Running" value="52618" />
  <attribute name ="GC Interval" value="0" />
  <attribute name="ProportionalT" value="219.000000" />
  <attribute name="ProportionalI" value="219.000000" />
  <attribute name="ProportionalH" value="219.000000" />
  <attribute name="Current Error" value="146.000000" />
  <attribute name="IntegralT" value="146.000000" />
  <attribute name="IntegralI" value="146.000000" />
  <attribute name="IntegralH" value="146.000000" />
  <attribute name="DerivativeT" value="146.000000" />
  <attribute name="DerivativeI" value="146.000000" />
  <attribute name="DerivativeH" value="146.000000" />
  <attribute name="Loop Time for DT" value="1.000000" />
  <attribute name="Output H" value="8388608"/>
  <attribute name="Output I" value="512"/>
  <attribute name="Output T" value="4"/>
  <attribute name="Target GC Util Change" value ="20.000000" />
  <attribute name="Current GC Util Change" value="166.000000"/>
  <attribute name="GC Util currently" value="166" />
  <attribute name="CPU Util currently" value="12628113410977" />
<exclusive-end id="1432" timestamp="2019-06-16T02:56:20.257" durationms="6.113" />

<exclusive-start id="1433" timestamp="2019-06-16T02:56:20.303" intervalms="51.960">
  <response-info timems="0.117" idlems="0.117" threads="0" lastid="0000000001916700" lastname="main" />
</exclusive-start>
<allocation-taxation id="1434" taxation-threshold="14680064" timestamp="2019-06-16T02:56:20.303" intervalms="51.909" />
<gc-start id="1435" type="global mark phase" contextid="1211" timestamp="2019-06-16T02:56:20.303">
  <mem-info id="1436" free="37748736" total="94371840" percent="40">
    <remembered-set count="102464" freebytes="3566464" totalbytes="3976320" percent="89" regionsoverflowed="0" regionsstable="1" regionsrebuilding="13"/>
  </mem-info>
</gc-start>
<gc-end id="1437" type="global mark phase" contextid="1211" durationms="0.121" usertimems="0.000" systemtimems="0.000" timestamp="2019-06-16T02:56:20.303" activeThreads="4">
  <mem-info id="1438" free="37748736" total="94371840" percent="40">
    <remembered-set count="102464" freebytes="3566464" totalbytes="3976320" percent="89" regionsoverflowed="0" regionsstable="1" regionsrebuilding="13"/>
  </mem-info>
</gc-end>
<concurrent-start id="1439" type="GMP work packet processing" contextid="1211" timestamp="2019-06-16T02:56:20.304">
  <concurrent-mark-start scanTarget="1465278" />
</concurrent-start>
<concurrent-end id="1440" type="GMP work packet processing" contextid="1211" timestamp="2019-06-16T02:56:20.305">
  <concurrent-mark-end bytesScanned="874804" reasonForTermination="Completed all work in GC phase" />
</concurrent-end>

<exclusive-end id="1441" timestamp="2019-06-16T02:56:20.305" durationms="1.875" />

<exclusive-start id="1442" timestamp="2019-06-16T02:56:20.349" intervalms="46.434">
  <response-info timems="0.097" idlems="0.097" threads="0" lastid="0000000001916700" lastname="main" />
</exclusive-start>
<allocation-taxation id="1443" taxation-threshold="14680064" timestamp="2019-06-16T02:56:20.350" intervalms="46.481" />
<cycle-start id="1444" type="partial gc" contextid="0" timestamp="2019-06-16T02:56:20.350" intervalms="98.379" />
<gc-start id="1445" type="partial gc" contextid="1444" timestamp="2019-06-16T02:56:20.350">
  <mem-info id="1446" free="23068672" total="94371840" percent="24">
    <mem type="eden" free="1047784" total="30408704" percent="3" />
    <arraylet-primitive objects="1" leaves="1" largest="1" />
    <remembered-set count="114016" freebytes="3520256" totalbytes="3976320" percent="88" regionsoverflowed="0" regionsstable="1" regionsrebuilding="13"/>
  </mem-info>
</gc-start>
<allocation-stats totalBytes="29353656" >
  <allocated-bytes non-tlh="0" tlh="29353656" arrayletleaf="0"/>
  <largest-consumer threadName="main" threadId="0000000001916700" bytes="14676992" />
</allocation-stats>
<gc-op id="1447" type="copy forward" timems="5.666" contextid="1444" timestamp="2019-06-16T02:56:20.357">
  <memory-copied type="eden" objects="14" bytes="584" bytesdiscarded="0" />
  <memory-copied type="other" objects="0" bytes="0" bytesdiscarded="0" />
  <memory-cardclean objects="157824" bytes="5328248" />
  <regions eden="28" other="1" />
  <remembered-set-cleared processed="58808" cleared="20720" durationms="0.336" />
  <stringconstants candidates="13729" cleared="0"  />
</gc-op>
<gc-op id="1448" type="classunload" timems="0.006" contextid="1444" timestamp="2019-06-16T02:56:20.358">
  <classunload-info classloadercandidates="55" classloadersunloaded="0" classesunloaded="0" anonymousclassesunloaded="0" quiescems="0.000" setupms="0.006" scanms="0.000" postms="0.000" />
</gc-op>
<gc-end id="1449" type="partial gc" contextid="1444" durationms="7.537" usertimems="20.000" systemtimems="0.000" timestamp="2019-06-16T02:56:20.358" activeThreads="4">
  <mem-info id="1450" free="52428800" total="94371840" percent="55">
    <mem type="eden" free="1047992" total="1048576" percent="99" />
    <arraylet-primitive objects="1" leaves="1" largest="1" />
    <remembered-set count="62912" freebytes="3515392" totalbytes="3767040" percent="93" regionsoverflowed="0" regionsstable="1" regionsrebuilding="13"/>
  </mem-info>
</gc-end>
<cycle-end id="1451" type="partial gc" contextid="1444" timestamp="2019-06-16T02:56:20.358" />
  <attribute name="elasticGC enabled" value="1" />
  <attribute name= "numThreadsSpecified" value="4" />
  <attribute name="heapSize specified" value="0" />
  <attribute name="Current GC Util" value="118" />
  <attribute name= "Current Time Running" value="52717" />
  <attribute name ="GC Interval" value="0" />
  <attribute name="ProportionalT" value="147.000000" />
  <attribute name="ProportionalI" value="147.000000" />
  <attribute name="ProportionalH" value="147.000000" />
  <attribute name="Current Error" value="98.000000" />
  <attribute name="IntegralT" value="98.000000" />
  <attribute name="IntegralI" value="98.000000" />
  <attribute name="IntegralH" value="98.000000" />
  <attribute name="DerivativeT" value="98.000000" />
  <attribute name="DerivativeI" value="98.000000" />
  <attribute name="DerivativeH" value="98.000000" />
  <attribute name="Loop Time for DT" value="1.000000" />
  <attribute name="Output H" value="8388608"/>
  <attribute name="Output I" value="344"/>
  <attribute name="Output T" value="4"/>
  <attribute name="Target GC Util Change" value ="20.000000" />
  <attribute name="Current GC Util Change" value="118.000000"/>
  <attribute name="GC Util currently" value="118" />
  <attribute name="CPU Util currently" value="5388786765538" />
<exclusive-end id="1452" timestamp="2019-06-16T02:56:20.358" durationms="8.774" />

<exclusive-start id="1453" timestamp="2019-06-16T02:56:21.509" intervalms="1159.706">
  <response-info timems="0.152" idlems="0.152" threads="0" lastid="0000000001916700" lastname="main" />
</exclusive-start>
<allocation-taxation id="1454" taxation-threshold="14680064" timestamp="2019-06-16T02:56:21.509" intervalms="1159.831" />
<gc-start id="1455" type="global mark phase" contextid="1211" timestamp="2019-06-16T02:56:21.510">
  <mem-info id="1456" free="37748736" total="94371840" percent="40">
    <remembered-set count="62912" freebytes="3515392" totalbytes="3767040" percent="93" regionsoverflowed="0" regionsstable="1" regionsrebuilding="13"/>
  </mem-info>
</gc-start>
<gc-op id="1457" type="mark increment" timems="4.498" contextid="1211" timestamp="2019-06-16T02:56:21.514">
  <trace-info objectcount="118" scancount="110" scanbytes="266188" />
  <cardclean-info objects="192733" bytes="5726460" />
  <finalization candidates="80" enqueued="1" />
  <ownableSynchronizers candidates="23" cleared="0" />
  <references type="soft" candidates="4650" cleared="0" enqueued="0" dynamicThreshold="17" maxThreshold="32" />
  <references type="weak" candidates="5602" cleared="11" enqueued="6" />
  <references type="phantom" candidates="101" cleared="0" enqueued="0" />
  <stringconstants candidates="13729" cleared="2"  />
</gc-op>
<gc-op id="1458" type="classunload" timems="0.777" contextid="1211" timestamp="2019-06-16T02:56:21.515">
  <classunload-info classloadercandidates="55" classloadersunloaded="1" classesunloaded="1" anonymousclassesunloaded="0" quiescems="0.256" setupms="0.504" scanms="0.268" postms="0.005" />
</gc-op>
<gc-end id="1459" type="global mark phase" contextid="1211" durationms="5.720" usertimems="12.000" systemtimems="0.000" timestamp="2019-06-16T02:56:21.515" activeThreads="4">
  <mem-info id="1460" free="37748736" total="94371840" percent="40">
    <pending-finalizers system="0" default="1" reference="6" classloader="0" />
    <remembered-set count="82880" freebytes="3435520" totalbytes="3767040" percent="91" regionsoverflowed="0" regionsstable="1" regionsrebuilding="0"/>
  </mem-info>
</gc-end>
<cycle-end id="1461" type="global mark phase" contextid="1211" timestamp="2019-06-16T02:56:21.515" />
  <attribute name="elasticGC enabled" value="1" />
  <attribute name= "numThreadsSpecified" value="4" />
  <attribute name="heapSize specified" value="0" />
  <attribute name="Current GC Util" value="186" />
  <attribute name= "Current Time Running" value="53878" />
  <attribute name ="GC Interval" value="0" />
  <attribute name="ProportionalT" value="249.000000" />
  <attribute name="ProportionalI" value="249.000000" />
  <attribute name="ProportionalH" value="249.000000" />
  <attribute name="Current Error" value="166.000000" />
  <attribute name="IntegralT" value="0.000000" />
  <attribute name="IntegralI" value="0.000000" />
  <attribute name="IntegralH" value="0.000000" />
  <attribute name="DerivativeT" value="-inf" />
  <attribute name="DerivativeI" value="-inf" />
  <attribute name="DerivativeH" value="-inf" />
  <attribute name="Loop Time for DT" value="0.000000" />
  <attribute name="Output H" value="2091843584"/>
  <attribute name="Output I" value="200"/>
  <attribute name="Output T" value="4"/>
  <attribute name="Target GC Util Change" value ="20.000000" />
  <attribute name="Current GC Util Change" value="186.000000"/>
  <attribute name="GC Util currently" value="186" />
  <attribute name="CPU Util currently" value="9571784956652" />
<exclusive-end id="1462" timestamp="2019-06-16T02:56:21.516" durationms="6.434" />

<exclusive-start id="1463" timestamp="2019-06-16T02:56:21.525" intervalms="15.988">
  <response-info timems="0.052" idlems="0.052" threads="0" lastid="0000000001916700" lastname="main" />
</exclusive-start>
<allocation-taxation id="1464" taxation-threshold="14680064" timestamp="2019-06-16T02:56:21.525" intervalms="15.883" />
<cycle-start id="1465" type="partial gc" contextid="0" timestamp="2019-06-16T02:56:21.526" intervalms="1175.752" />
<gc-start id="1466" type="partial gc" contextid="1465" timestamp="2019-06-16T02:56:21.526">
  <mem-info id="1467" free="23068672" total="94371840" percent="24">
    <mem type="eden" free="1047992" total="30408704" percent="3" />
    <arraylet-unknown objects="1" leaves="1" />
    <remembered-set count="14080" freebytes="3710720" totalbytes="3767040" percent="98" regionsoverflowed="0" regionsstable="14" regionsrebuilding="0"/>
  </mem-info>
</gc-start>
<allocation-stats totalBytes="27780744" >
  <allocated-bytes non-tlh="0" tlh="27780744" arrayletleaf="0"/>
  <largest-consumer threadName="main" threadId="0000000001916700" bytes="13737216" />
</allocation-stats>
<gc-op id="1468" type="sweep" timems="0.821" contextid="1465" timestamp="2019-06-16T02:56:21.527" />
<gc-op id="1469" type="copy forward" timems="1.147" contextid="1465" timestamp="2019-06-16T02:56:21.529">
  <memory-copied type="eden" objects="13" bytes="34352" bytesdiscarded="0" />
  <memory-copied type="other" objects="68" bytes="2208" bytesdiscarded="0" />
  <memory-cardclean objects="128" bytes="5168" />
  <regions eden="14" other="6" />
  <remembered-set-cleared processed="11400" cleared="23" durationms="0.228" />
  <stringconstants candidates="13727" cleared="0"  />
</gc-op>
<gc-op id="1470" type="classunload" timems="0.004" contextid="1465" timestamp="2019-06-16T02:56:21.529">
  <classunload-info classloadercandidates="54" classloadersunloaded="0" classesunloaded="0" anonymousclassesunloaded="0" quiescems="0.000" setupms="0.004" scanms="0.000" postms="0.000" />
</gc-op>
<heap-resize id="1471" type="contract" space="default" amount="5242880" count="1" timems="0.205" reason="insufficient time being spent in gc" timestamp="2019-06-16T02:56:21.530" />
<gc-end id="1472" type="partial gc" contextid="1465" durationms="3.913" usertimems="4.000" systemtimems="0.000" timestamp="2019-06-16T02:56:21.530" activeThreads="1">
  <mem-info id="1473" free="48234496" total="89128960" percent="54">
    <mem type="eden" free="1012176" total="1048576" percent="96" />
    <remembered-set count="14304" freebytes="3709824" totalbytes="3767040" percent="98" regionsoverflowed="0" regionsstable="14" regionsrebuilding="0"/>
  </mem-info>
</gc-end>
<cycle-end id="1474" type="partial gc" contextid="1465" timestamp="2019-06-16T02:56:21.530" />
  <attribute name="elasticGC enabled" value="1" />
  <attribute name= "numThreadsSpecified" value="1" />
  <attribute name="heapSize specified" value="0" />
  <attribute name="Current GC Util" value="69" />
  <attribute name= "Current Time Running" value="53893" />
  <attribute name ="GC Interval" value="0" />
  <attribute name="ProportionalT" value="73.500000" />
  <attribute name="ProportionalI" value="73.500000" />
  <attribute name="ProportionalH" value="73.500000" />
  <attribute name="Current Error" value="49.000000" />
  <attribute name="IntegralT" value="0.000000" />
  <attribute name="IntegralI" value="0.000000" />
  <attribute name="IntegralH" value="0.000000" />
  <attribute name="DerivativeT" value="inf" />
  <attribute name="DerivativeI" value="inf" />
  <attribute name="DerivativeH" value="inf" />
  <attribute name="Loop Time for DT" value="0.000000" />
  <attribute name="Output H" value="8388608"/>
  <attribute name="Output I" value="200"/>
  <attribute name="Output T" value="1"/>
  <attribute name="Target GC Util Change" value ="20.000000" />
  <attribute name="Current GC Util Change" value="69.000000"/>
  <attribute name="GC Util currently" value="69" />
  <attribute name="CPU Util currently" value="18987273673763" />
<exclusive-end id="1475" timestamp="2019-06-16T02:56:21.530" durationms="5.261" />

<exclusive-start id="1476" timestamp="2019-06-16T02:56:21.548" intervalms="22.764">
  <response-info timems="0.062" idlems="0.062" threads="0" lastid="0000000001916700" lastname="main" />
</exclusive-start>
<allocation-taxation id="1477" taxation-threshold="28311552" timestamp="2019-06-16T02:56:21.548" intervalms="22.738" />
<cycle-start id="1478" type="partial gc" contextid="0" timestamp="2019-06-16T02:56:21.548" intervalms="22.716" />
<gc-start id="1479" type="partial gc" contextid="1478" timestamp="2019-06-16T02:56:21.549">
  <mem-info id="1480" free="19922944" total="89128960" percent="22">
    <mem type="eden" free="0" total="28311552" percent="0" />
    <remembered-set count="13952" freebytes="3711232" totalbytes="3767040" percent="98" regionsoverflowed="0" regionsstable="14" regionsrebuilding="0"/>
  </mem-info>
</gc-start>
<allocation-stats totalBytes="26490904" >
  <allocated-bytes non-tlh="0" tlh="26490904" arrayletleaf="0"/>
  <largest-consumer threadName="main" threadId="0000000001916700" bytes="26490904" />
</allocation-stats>
<gc-op id="1481" type="copy forward" timems="2.738" contextid="1478" timestamp="2019-06-16T02:56:21.553">
  <memory-copied type="eden" objects="12" bytes="13784" bytesdiscarded="0" />
  <memory-copied type="other" objects="11750" bytes="313976" bytesdiscarded="14704" />
  <memory-cardclean objects="16972" bytes="809376" />
  <regions eden="27" other="12" />
  <remembered-set-cleared processed="9665" cleared="493" durationms="0.127" />
  <references type="soft" candidates="10" cleared="0" enqueued="0" dynamicThreshold="17" maxThreshold="32" />
  <references type="weak" candidates="54" cleared="0" enqueued="0" />
  <stringconstants candidates="13727" cleared="0"  />
</gc-op>
<gc-op id="1482" type="classunload" timems="0.004" contextid="1478" timestamp="2019-06-16T02:56:21.553">
  <classunload-info classloadercandidates="54" classloadersunloaded="0" classesunloaded="0" anonymousclassesunloaded="0" quiescems="0.000" setupms="0.004" scanms="0.000" postms="0.000" />
</gc-op>
<heap-resize id="1483" type="contract" space="default" amount="5242880" count="1" timems="0.172" reason="insufficient time being spent in gc" timestamp="2019-06-16T02:56:21.553" />
<gc-end id="1484" type="partial gc" contextid="1478" durationms="4.627" usertimems="4.000" systemtimems="0.000" timestamp="2019-06-16T02:56:21.553" activeThreads="4">
  <mem-info id="1485" free="51380224" total="83886080" percent="61">
    <mem type="eden" free="1034792" total="1048576" percent="98" />
    <remembered-set count="13440" freebytes="3504000" totalbytes="3557760" percent="98" regionsoverflowed="0" regionsstable="14" regionsrebuilding="0"/>
  </mem-info>
</gc-end>
<cycle-end id="1486" type="partial gc" contextid="1478" timestamp="2019-06-16T02:56:21.554" />
  <attribute name="elasticGC enabled" value="1" />
  <attribute name= "numThreadsSpecified" value="4" />
  <attribute name="heapSize specified" value="0" />
  <attribute name="Current GC Util" value="38" />
  <attribute name= "Current Time Running" value="53915" />
  <attribute name ="GC Interval" value="0" />
  <attribute name="ProportionalT" value="27.000000" />
  <attribute name="ProportionalI" value="27.000000" />
  <attribute name="ProportionalH" value="27.000000" />
  <attribute name="Current Error" value="18.000000" />
  <attribute name="IntegralT" value="18.000000" />
  <attribute name="IntegralI" value="18.000000" />
  <attribute name="IntegralH" value="18.000000" />
  <attribute name="DerivativeT" value="18.000000" />
  <attribute name="DerivativeI" value="18.000000" />
  <attribute name="DerivativeH" value="18.000000" />
  <attribute name="Loop Time for DT" value="1.000000" />
  <attribute name="Output H" value="8388608"/>
  <attribute name="Output I" value="200"/>
  <attribute name="Output T" value="4"/>
  <attribute name="Target GC Util Change" value ="20.000000" />
  <attribute name="Current GC Util Change" value="38.000000"/>
  <attribute name="GC Util currently" value="38" />
  <attribute name="CPU Util currently" value="8270213353779" />
<exclusive-end id="1487" timestamp="2019-06-16T02:56:21.554" durationms="5.837" />

<exclusive-start id="1488" timestamp="2019-06-16T02:56:21.702" intervalms="154.376">
  <response-info timems="0.222" idlems="0.222" threads="0" lastid="0000000001916700" lastname="main" />
</exclusive-start>
<allocation-taxation id="1489" taxation-threshold="27262976" timestamp="2019-06-16T02:56:21.703" intervalms="154.438" />
<cycle-start id="1490" type="partial gc" contextid="0" timestamp="2019-06-16T02:56:21.703" intervalms="154.531" />
<gc-start id="1491" type="partial gc" contextid="1490" timestamp="2019-06-16T02:56:21.703">
  <mem-info id="1492" free="24117248" total="83886080" percent="28">
    <mem type="eden" free="1034792" total="28311552" percent="3" />
    <remembered-set count="13120" freebytes="3505280" totalbytes="3557760" percent="98" regionsoverflowed="0" regionsstable="14" regionsrebuilding="0"/>
  </mem-info>
</gc-start>
<allocation-stats totalBytes="27260392" >
  <allocated-bytes non-tlh="0" tlh="27260392" arrayletleaf="0"/>
  <largest-consumer threadName="main" threadId="0000000001916700" bytes="27260392" />
</allocation-stats>
<gc-op id="1493" type="copy forward" timems="3.648" contextid="1490" timestamp="2019-06-16T02:56:21.708">
  <memory-copied type="eden" objects="141" bytes="47368" bytesdiscarded="0" />
  <memory-copied type="other" objects="19791" bytes="556280" bytesdiscarded="160" />
  <memory-cardclean objects="12073" bytes="507576" />
  <regions eden="26" other="4" />
  <remembered-set-cleared processed="10259" cleared="593" durationms="0.195" />
  <references type="soft" candidates="54" cleared="0" enqueued="0" dynamicThreshold="19" maxThreshold="32" />
  <references type="weak" candidates="83" cleared="0" enqueued="0" />
  <stringconstants candidates="13727" cleared="0"  />
</gc-op>
<gc-op id="1494" type="classunload" timems="0.004" contextid="1490" timestamp="2019-06-16T02:56:21.708">
  <classunload-info classloadercandidates="54" classloadersunloaded="0" classesunloaded="0" anonymousclassesunloaded="0" quiescems="0.000" setupms="0.003" scanms="0.000" postms="0.000" />
</gc-op>
<heap-resize id="1495" type="contract" space="default" amount="4194304" count="1" timems="0.317" reason="excess free space following gc" timestamp="2019-06-16T02:56:21.709" />
<gc-end id="1496" type="partial gc" contextid="1490" durationms="5.478" usertimems="4.000" systemtimems="0.000" timestamp="2019-06-16T02:56:21.709" activeThreads="1">
  <mem-info id="1497" free="49283072" total="79691776" percent="61">
    <mem type="eden" free="1001208" total="1048576" percent="95" />
    <remembered-set count="12288" freebytes="3299328" totalbytes="3348480" percent="98" regionsoverflowed="0" regionsstable="14" regionsrebuilding="0"/>
  </mem-info>
</gc-end>
<cycle-end id="1498" type="partial gc" contextid="1490" timestamp="2019-06-16T02:56:21.709" />
  <attribute name="elasticGC enabled" value="1" />
  <attribute name= "numThreadsSpecified" value="1" />
  <attribute name="heapSize specified" value="0" />
  <attribute name="Current GC Util" value="33" />
  <attribute name= "Current Time Running" value="54069" />
  <attribute name ="GC Interval" value="0" />
  <attribute name="ProportionalT" value="19.500000" />
  <attribute name="ProportionalI" value="19.500000" />
  <attribute name="ProportionalH" value="19.500000" />
  <attribute name="Current Error" value="13.000000" />
  <attribute name="IntegralT" value="0.000000" />
  <attribute name="IntegralI" value="0.000000" />
  <attribute name="IntegralH" value="0.000000" />
  <attribute name="DerivativeT" value="inf" />
  <attribute name="DerivativeI" value="inf" />
  <attribute name="DerivativeH" value="inf" />
  <attribute name="Loop Time for DT" value="0.000000" />
  <attribute name="Output H" value="8388608"/>
  <attribute name="Output I" value="200"/>
  <attribute name="Output T" value="1"/>
  <attribute name="Target GC Util Change" value ="20.000000" />
  <attribute name="Current GC Util Change" value="33.000000"/>
  <attribute name="GC Util currently" value="33" />
  <attribute name="CPU Util currently" value="10145920216297" />
<exclusive-end id="1499" timestamp="2019-06-16T02:56:21.709" durationms="6.965" />

<exclusive-start id="1500" timestamp="2019-06-16T02:56:22.142" intervalms="439.450">
  <response-info timems="0.165" idlems="0.165" threads="0" lastid="0000000001916700" lastname="main" />
</exclusive-start>
<allocation-taxation id="1501" taxation-threshold="12582912" timestamp="2019-06-16T02:56:22.142" intervalms="439.409" />
<cycle-start id="1502" type="global mark phase" contextid="0" timestamp="2019-06-16T02:56:22.142" intervalms="2389.580" />
<gc-start id="1503" type="global mark phase" contextid="1502" timestamp="2019-06-16T02:56:22.142">
  <mem-info id="1504" free="36700160" total="79691776" percent="46">
    <remembered-set count="11936" freebytes="3300736" totalbytes="3348480" percent="98" regionsoverflowed="0" regionsstable="14" regionsrebuilding="0"/>
  </mem-info>
</gc-start>
<gc-op id="1505" type="mark increment" timems="1.475" contextid="1502" timestamp="2019-06-16T02:56:22.144">
  <trace-info objectcount="17062" scancount="5178" scanbytes="246756" />
</gc-op>
<gc-end id="1506" type="global mark phase" contextid="1502" durationms="1.719" usertimems="4.000" systemtimems="0.000" timestamp="2019-06-16T02:56:22.144" activeThreads="4">
  <mem-info id="1507" free="36700160" total="79691776" percent="46">
    <remembered-set count="13984" freebytes="3292544" totalbytes="3348480" percent="98" regionsoverflowed="0" regionsstable="0" regionsrebuilding="14"/>
  </mem-info>
</gc-end>
<concurrent-start id="1508" type="GMP work packet processing" contextid="1502" timestamp="2019-06-16T02:56:22.144">
  <concurrent-mark-start scanTarget="1755328" />
</concurrent-start>
<exclusive-end id="1509" timestamp="2019-06-16T02:56:22.146" durationms="3.829" />

<concurrent-end id="1510" type="GMP work packet processing" contextid="1502" timestamp="2019-06-16T02:56:22.146">
  <concurrent-mark-end bytesScanned="1855724" reasonForTermination="Work target met" />
</concurrent-end>

<exclusive-start id="1511" timestamp="2019-06-16T02:56:22.197" intervalms="55.735">
  <response-info timems="0.304" idlems="0.304" threads="0" lastid="0000000001916700" lastname="main" />
</exclusive-start>
<allocation-taxation id="1512" taxation-threshold="12582912" timestamp="2019-06-16T02:56:22.198" intervalms="55.727" />
<cycle-start id="1513" type="partial gc" contextid="0" timestamp="2019-06-16T02:56:22.198" intervalms="495.103" />
<gc-start id="1514" type="partial gc" contextid="1513" timestamp="2019-06-16T02:56:22.198">
  <mem-info id="1515" free="24117248" total="79691776" percent="30">
    <mem type="eden" free="0" total="25165824" percent="0" />
    <remembered-set count="21056" freebytes="3264256" totalbytes="3348480" percent="97" regionsoverflowed="0" regionsstable="0" regionsrebuilding="14"/>
  </mem-info>
</gc-start>
<allocation-stats totalBytes="25162472" >
  <allocated-bytes non-tlh="0" tlh="25162472" arrayletleaf="0"/>
  <largest-consumer threadName="main" threadId="0000000001916700" bytes="12581480" />
</allocation-stats>
<gc-op id="1516" type="copy forward" timems="3.831" contextid="1513" timestamp="2019-06-16T02:56:22.203">
  <memory-copied type="eden" objects="44" bytes="1384" bytesdiscarded="0" />
  <memory-copied type="other" objects="8706" bytes="385904" bytesdiscarded="368" />
  <memory-cardclean objects="6294" bytes="397168" />
  <regions eden="24" other="3" />
  <remembered-set-cleared processed="18297" cleared="2538" durationms="0.282" />
  <references type="soft" candidates="795" cleared="0" enqueued="0" dynamicThreshold="14" maxThreshold="32" />
  <references type="weak" candidates="128" cleared="0" enqueued="0" />
  <references type="phantom" candidates="2" cleared="0" enqueued="0" />
  <stringconstants candidates="13727" cleared="0"  />
</gc-op>
<gc-op id="1517" type="classunload" timems="0.018" contextid="1513" timestamp="2019-06-16T02:56:22.203">
  <classunload-info classloadercandidates="54" classloadersunloaded="0" classesunloaded="0" anonymousclassesunloaded="0" quiescems="0.000" setupms="0.018" scanms="0.000" postms="0.000" />
</gc-op>
<heap-resize id="1518" type="contract" space="default" amount="4194304" count="1" timems="0.378" reason="insufficient time being spent in gc" timestamp="2019-06-16T02:56:22.204" />
<gc-end id="1519" type="partial gc" contextid="1513" durationms="5.926" usertimems="12.000" systemtimems="0.000" timestamp="2019-06-16T02:56:22.204" activeThreads="1">
  <mem-info id="1520" free="44040192" total="75497472" percent="58">
    <mem type="eden" free="1047192" total="1048576" percent="99" />
    <remembered-set count="20864" freebytes="3097600" totalbytes="3181056" percent="97" regionsoverflowed="0" regionsstable="0" regionsrebuilding="14"/>
  </mem-info>
</gc-end>
<cycle-end id="1521" type="partial gc" contextid="1513" timestamp="2019-06-16T02:56:22.204" />
  <attribute name="elasticGC enabled" value="1" />
  <attribute name= "numThreadsSpecified" value="1" />
  <attribute name="heapSize specified" value="0" />
  <attribute name="Current GC Util" value="39" />
  <attribute name= "Current Time Running" value="54564" />
  <attribute name ="GC Interval" value="0" />
  <attribute name="ProportionalT" value="28.500000" />
  <attribute name="ProportionalI" value="28.500000" />
  <attribute name="ProportionalH" value="28.500000" />
  <attribute name="Current Error" value="19.000000" />
  <attribute name="IntegralT" value="0.000000" />
  <attribute name="IntegralI" value="0.000000" />
  <attribute name="IntegralH" value="0.000000" />
  <attribute name="DerivativeT" value="inf" />
  <attribute name="DerivativeI" value="inf" />
  <attribute name="DerivativeH" value="inf" />
  <attribute name="Loop Time for DT" value="0.000000" />
  <attribute name="Output H" value="8388608"/>
  <attribute name="Output I" value="200"/>
  <attribute name="Output T" value="1"/>
  <attribute name="Target GC Util Change" value ="20.000000" />
  <attribute name="Current GC Util Change" value="39.000000"/>
  <attribute name="GC Util currently" value="39" />
  <attribute name="CPU Util currently" value="8623794075391" />
<exclusive-end id="1522" timestamp="2019-06-16T02:56:22.205" durationms="7.211" />

<exclusive-start id="1523" timestamp="2019-06-16T02:56:22.257" intervalms="59.269">
  <response-info timems="0.039" idlems="0.039" threads="0" lastid="0000000001916700" lastname="main" />
</exclusive-start>
<allocation-taxation id="1524" taxation-threshold="12582912" timestamp="2019-06-16T02:56:22.257" intervalms="59.256" />
<gc-start id="1525" type="global mark phase" contextid="1502" timestamp="2019-06-16T02:56:22.257">
  <mem-info id="1526" free="31457280" total="75497472" percent="41">
    <remembered-set count="20576" freebytes="3098752" totalbytes="3181056" percent="97" regionsoverflowed="0" regionsstable="0" regionsrebuilding="14"/>
  </mem-info>
</gc-start>
<gc-end id="1527" type="global mark phase" contextid="1502" durationms="0.102" usertimems="0.000" systemtimems="0.000" timestamp="2019-06-16T02:56:22.257" activeThreads="1">
  <mem-info id="1528" free="31457280" total="75497472" percent="41">
    <remembered-set count="20576" freebytes="3098752" totalbytes="3181056" percent="97" regionsoverflowed="0" regionsstable="0" regionsrebuilding="14"/>
  </mem-info>
</gc-end>
<concurrent-start id="1529" type="GMP work packet processing" contextid="1502" timestamp="2019-06-16T02:56:22.257">
  <concurrent-mark-start scanTarget="1316496" />
</concurrent-start>
<concurrent-end id="1530" type="GMP work packet processing" contextid="1502" timestamp="2019-06-16T02:56:22.258">
  <concurrent-mark-end bytesScanned="1371384" reasonForTermination="Work target met" />
</concurrent-end>

<exclusive-end id="1531" timestamp="2019-06-16T02:56:22.258" durationms="1.650" />

<exclusive-start id="1532" timestamp="2019-06-16T02:56:22.310" intervalms="53.419">
  <response-info timems="0.129" idlems="0.129" threads="0" lastid="0000000001916700" lastname="main" />
</exclusive-start>
<allocation-taxation id="1533" taxation-threshold="12582912" timestamp="2019-06-16T02:56:22.310" intervalms="53.370" />
<cycle-start id="1534" type="partial gc" contextid="0" timestamp="2019-06-16T02:56:22.310" intervalms="112.514" />
<gc-start id="1535" type="partial gc" contextid="1534" timestamp="2019-06-16T02:56:22.311">
  <mem-info id="1536" free="18874368" total="75497472" percent="25">
    <mem type="eden" free="0" total="25165824" percent="0" />
    <remembered-set count="32704" freebytes="3050240" totalbytes="3181056" percent="95" regionsoverflowed="0" regionsstable="0" regionsrebuilding="14"/>
  </mem-info>
</gc-start>
<allocation-stats totalBytes="25162672" >
  <allocated-bytes non-tlh="0" tlh="25162672" arrayletleaf="0"/>
  <largest-consumer threadName="main" threadId="0000000001916700" bytes="12581504" />
</allocation-stats>
<gc-op id="1537" type="copy forward" timems="2.925" contextid="1534" timestamp="2019-06-16T02:56:22.314">
  <memory-copied type="eden" objects="2" bytes="56" bytesdiscarded="0" />
  <memory-copied type="other" objects="17826" bytes="397392" bytesdiscarded="11576" />
  <memory-cardclean objects="59568" bytes="2289944" />
  <regions eden="24" other="3" />
  <remembered-set-cleared processed="21292" cleared="9482" durationms="0.175" />
  <references type="soft" candidates="108" cleared="0" enqueued="0" dynamicThreshold="13" maxThreshold="32" />
  <references type="weak" candidates="30" cleared="0" enqueued="0" />
  <stringconstants candidates="13727" cleared="0"  />
</gc-op>
<gc-op id="1538" type="classunload" timems="0.006" contextid="1534" timestamp="2019-06-16T02:56:22.315">
  <classunload-info classloadercandidates="54" classloadersunloaded="0" classesunloaded="0" anonymousclassesunloaded="0" quiescems="0.000" setupms="0.006" scanms="0.000" postms="0.000" />
</gc-op>
<gc-end id="1539" type="partial gc" contextid="1534" durationms="4.080" usertimems="12.000" systemtimems="0.000" timestamp="2019-06-16T02:56:22.315" activeThreads="4">
  <mem-info id="1540" free="44040192" total="75497472" percent="58">
    <mem type="eden" free="1048520" total="1048576" percent="99" />
    <remembered-set count="27968" freebytes="2901760" totalbytes="3013632" percent="96" regionsoverflowed="0" regionsstable="0" regionsrebuilding="14"/>
  </mem-info>
</gc-end>
<cycle-end id="1541" type="partial gc" contextid="1534" timestamp="2019-06-16T02:56:22.315" />
  <attribute name="elasticGC enabled" value="1" />
  <attribute name= "numThreadsSpecified" value="4" />
  <attribute name="heapSize specified" value="0" />
  <attribute name="Current GC Util" value="52" />
  <attribute name= "Current Time Running" value="54677" />
  <attribute name ="GC Interval" value="0" />
  <attribute name="ProportionalT" value="48.000000" />
  <attribute name="ProportionalI" value="48.000000" />
  <attribute name="ProportionalH" value="48.000000" />
  <attribute name="Current Error" value="32.000000" />
  <attribute name="IntegralT" value="32.000000" />
  <attribute name="IntegralI" value="32.000000" />
  <attribute name="IntegralH" value="32.000000" />
  <attribute name="DerivativeT" value="32.000000" />
  <attribute name="DerivativeI" value="32.000000" />
  <attribute name="DerivativeH" value="32.000000" />
  <attribute name="Loop Time for DT" value="1.000000" />
  <attribute name="Output H" value="8388608"/>
  <attribute name="Output I" value="200"/>
  <attribute name="Output T" value="4"/>
  <attribute name="Target GC Util Change" value ="20.000000" />
  <attribute name="Current GC Util Change" value="52.000000"/>
  <attribute name="GC Util currently" value="52" />
  <attribute name="CPU Util currently" value="10360173050306" />
<exclusive-end id="1542" timestamp="2019-06-16T02:56:22.315" durationms="5.048" />

<exclusive-start id="1543" timestamp="2019-06-16T02:56:22.403" intervalms="93.259">
  <response-info timems="0.040" idlems="0.040" threads="0" lastid="0000000001916700" lastname="main" />
</exclusive-start>
<allocation-taxation id="1544" taxation-threshold="12582912" timestamp="2019-06-16T02:56:22.404" intervalms="93.365" />
<gc-start id="1545" type="global mark phase" contextid="1502" timestamp="2019-06-16T02:56:22.404">
  <mem-info id="1546" free="31457280" total="75497472" percent="41">
    <remembered-set count="26592" freebytes="2907264" totalbytes="3013632" percent="96" regionsoverflowed="0" regionsstable="1" regionsrebuilding="14"/>
  </mem-info>
</gc-start>
<gc-end id="1547" type="global mark phase" contextid="1502" durationms="0.135" usertimems="0.000" systemtimems="0.000" timestamp="2019-06-16T02:56:22.404" activeThreads="4">
  <mem-info id="1548" free="31457280" total="75497472" percent="41">
    <remembered-set count="26592" freebytes="2907264" totalbytes="3013632" percent="96" regionsoverflowed="0" regionsstable="1" regionsrebuilding="14"/>
  </mem-info>
</gc-end>
<concurrent-start id="1549" type="GMP work packet processing" contextid="1502" timestamp="2019-06-16T02:56:22.404">
  <concurrent-mark-start scanTarget="1755328" />
</concurrent-start>
<exclusive-end id="1550" timestamp="2019-06-16T02:56:22.405" durationms="1.976" />

<concurrent-end id="1551" type="GMP work packet processing" contextid="1502" timestamp="2019-06-16T02:56:22.405">
  <concurrent-mark-end bytesScanned="1817092" reasonForTermination="Work target met" />
</concurrent-end>

<exclusive-start id="1552" timestamp="2019-06-16T02:56:22.450" intervalms="46.895">
  <response-info timems="0.041" idlems="0.041" threads="0" lastid="0000000001916700" lastname="main" />
</exclusive-start>
<allocation-taxation id="1553" taxation-threshold="12582912" timestamp="2019-06-16T02:56:22.451" intervalms="46.868" />
<cycle-start id="1554" type="partial gc" contextid="0" timestamp="2019-06-16T02:56:22.451" intervalms="140.278" />
<gc-start id="1555" type="partial gc" contextid="1554" timestamp="2019-06-16T02:56:22.451">
  <mem-info id="1556" free="18874368" total="75497472" percent="25">
    <mem type="eden" free="1048520" total="26214400" percent="3" />
    <remembered-set count="38592" freebytes="2859264" totalbytes="3013632" percent="94" regionsoverflowed="0" regionsstable="1" regionsrebuilding="14"/>
  </mem-info>
</gc-start>
<allocation-stats totalBytes="25161264" >
  <allocated-bytes non-tlh="32" tlh="25161232" arrayletleaf="0"/>
  <largest-consumer threadName="main" threadId="0000000001916700" bytes="12580424" />
</allocation-stats>
<gc-op id="1557" type="copy forward" timems="2.571" contextid="1554" timestamp="2019-06-16T02:56:22.454">
  <memory-copied type="eden" objects="48" bytes="1512" bytesdiscarded="2144" />
  <memory-copied type="other" objects="20279" bytes="884408" bytesdiscarded="57256" />
  <memory-cardclean objects="1921" bytes="331112" />
  <regions eden="24" other="3" />
  <remembered-set-cleared processed="36327" cleared="1579" durationms="0.233" />
  <references type="soft" candidates="110" cleared="0" enqueued="0" dynamicThreshold="13" maxThreshold="32" />
  <references type="weak" candidates="14" cleared="0" enqueued="0" />
  <stringconstants candidates="13728" cleared="0"  />
</gc-op>
<gc-op id="1558" type="classunload" timems="0.005" contextid="1554" timestamp="2019-06-16T02:56:22.454">
  <classunload-info classloadercandidates="54" classloadersunloaded="0" classesunloaded="0" anonymousclassesunloaded="0" quiescems="0.000" setupms="0.005" scanms="0.000" postms="0.000" />
</gc-op>
<heap-resize id="1559" type="contract" space="default" amount="4194304" count="1" timems="0.238" reason="insufficient time being spent in gc" timestamp="2019-06-16T02:56:22.455" />
<gc-end id="1560" type="partial gc" contextid="1554" durationms="3.947" usertimems="12.000" systemtimems="0.000" timestamp="2019-06-16T02:56:22.455" activeThreads="4">
  <mem-info id="1561" free="40894464" total="71303168" percent="57">
    <mem type="eden" free="1044920" total="1048576" percent="99" />
    <remembered-set count="38944" freebytes="2857856" totalbytes="3013632" percent="94" regionsoverflowed="0" regionsstable="1" regionsrebuilding="14"/>
  </mem-info>
</gc-end>
<cycle-end id="1562" type="partial gc" contextid="1554" timestamp="2019-06-16T02:56:22.455" />
  <attribute name="elasticGC enabled" value="1" />
  <attribute name= "numThreadsSpecified" value="4" />
  <attribute name="heapSize specified" value="0" />
  <attribute name="Current GC Util" value="86" />
  <attribute name= "Current Time Running" value="54817" />
  <attribute name ="GC Interval" value="0" />
  <attribute name="ProportionalT" value="99.000000" />
  <attribute name="ProportionalI" value="99.000000" />
  <attribute name="ProportionalH" value="99.000000" />
  <attribute name="Current Error" value="66.000000" />
  <attribute name="IntegralT" value="66.000000" />
  <attribute name="IntegralI" value="66.000000" />
  <attribute name="IntegralH" value="66.000000" />
  <attribute name="DerivativeT" value="66.000000" />
  <attribute name="DerivativeI" value="66.000000" />
  <attribute name="DerivativeH" value="66.000000" />
  <attribute name="Loop Time for DT" value="1.000000" />
  <attribute name="Output H" value="8388608"/>
  <attribute name="Output I" value="232"/>
  <attribute name="Output T" value="4"/>
  <attribute name="Target GC Util Change" value ="20.000000" />
  <attribute name="Current GC Util Change" value="86.000000"/>
  <attribute name="GC Util currently" value="86" />
  <attribute name="CPU Util currently" value="16888230498985" />
<exclusive-end id="1563" timestamp="2019-06-16T02:56:22.455" durationms="5.057" />

<exclusive-start id="1564" timestamp="2019-06-16T02:56:22.505" intervalms="54.306">
  <response-info timems="0.039" idlems="0.039" threads="0" lastid="0000000001916700" lastname="main" />
</exclusive-start>
<allocation-taxation id="1565" taxation-threshold="11534336" timestamp="2019-06-16T02:56:22.505" intervalms="54.298" />
<gc-start id="1566" type="global mark phase" contextid="1502" timestamp="2019-06-16T02:56:22.505">
  <mem-info id="1567" free="29360128" total="71303168" percent="41">
    <remembered-set count="38752" freebytes="2858624" totalbytes="3013632" percent="94" regionsoverflowed="0" regionsstable="1" regionsrebuilding="14"/>
  </mem-info>
</gc-start>
<gc-end id="1568" type="global mark phase" contextid="1502" durationms="0.100" usertimems="0.000" systemtimems="0.000" timestamp="2019-06-16T02:56:22.505" activeThreads="4">
  <mem-info id="1569" free="29360128" total="71303168" percent="41">
    <remembered-set count="38752" freebytes="2858624" totalbytes="3013632" percent="94" regionsoverflowed="0" regionsstable="1" regionsrebuilding="14"/>
  </mem-info>
</gc-end>
<concurrent-start id="1570" type="GMP work packet processing" contextid="1502" timestamp="2019-06-16T02:56:22.505">
  <concurrent-mark-start scanTarget="1755328" />
</concurrent-start>
<concurrent-end id="1571" type="GMP work packet processing" contextid="1502" timestamp="2019-06-16T02:56:22.507">
  <concurrent-mark-end bytesScanned="1802288" reasonForTermination="Work target met" />
</concurrent-end>

<exclusive-end id="1572" timestamp="2019-06-16T02:56:22.507" durationms="2.050" />

<exclusive-start id="1573" timestamp="2019-06-16T02:56:22.594" intervalms="89.512">
  <response-info timems="0.071" idlems="0.071" threads="0" lastid="0000000001916700" lastname="main" />
</exclusive-start>
<allocation-taxation id="1574" taxation-threshold="11534336" timestamp="2019-06-16T02:56:22.594" intervalms="89.473" />
<cycle-start id="1575" type="partial gc" contextid="0" timestamp="2019-06-16T02:56:22.594" intervalms="143.729" />
<gc-start id="1576" type="partial gc" contextid="1575" timestamp="2019-06-16T02:56:22.595">
  <mem-info id="1577" free="17825792" total="71303168" percent="25">
    <mem type="eden" free="0" total="23068672" percent="0" />
    <remembered-set count="48512" freebytes="2819584" totalbytes="3013632" percent="93" regionsoverflowed="0" regionsstable="1" regionsrebuilding="14"/>
  </mem-info>
</gc-start>
<allocation-stats totalBytes="23062024" >
  <allocated-bytes non-tlh="0" tlh="23062024" arrayletleaf="0"/>
  <largest-consumer threadName="main" threadId="0000000001916700" bytes="11530200" />
</allocation-stats>
<gc-op id="1578" type="copy forward" timems="2.230" contextid="1575" timestamp="2019-06-16T02:56:22.598">
  <memory-copied type="eden" objects="26" bytes="920" bytesdiscarded="0" />
  <memory-copied type="other" objects="10" bytes="216" bytesdiscarded="1352" />
  <memory-cardclean objects="35056" bytes="1190512" />
  <regions eden="22" other="1" />
  <remembered-set-cleared processed="40318" cleared="3617" durationms="0.231" />
  <stringconstants candidates="13728" cleared="0"  />
</gc-op>
<gc-op id="1579" type="classunload" timems="0.007" contextid="1575" timestamp="2019-06-16T02:56:22.598">
  <classunload-info classloadercandidates="54" classloadersunloaded="0" classesunloaded="0" anonymousclassesunloaded="0" quiescems="0.000" setupms="0.006" scanms="0.000" postms="0.000" />
</gc-op>
<heap-resize id="1580" type="contract" space="default" amount="4194304" count="1" timems="0.334" reason="insufficient time being spent in gc" timestamp="2019-06-16T02:56:22.598" />
<gc-end id="1581" type="partial gc" contextid="1575" durationms="3.789" usertimems="8.000" systemtimems="0.000" timestamp="2019-06-16T02:56:22.599" activeThreads="4">
  <mem-info id="1582" free="35651584" total="67108864" percent="53">
    <mem type="eden" free="1047656" total="1048576" percent="99" />
    <remembered-set count="43392" freebytes="2672640" totalbytes="2846208" percent="93" regionsoverflowed="0" regionsstable="1" regionsrebuilding="14"/>
  </mem-info>
</gc-end>
<cycle-end id="1583" type="partial gc" contextid="1575" timestamp="2019-06-16T02:56:22.599" />
  <attribute name="elasticGC enabled" value="1" />
  <attribute name= "numThreadsSpecified" value="4" />
  <attribute name="heapSize specified" value="0" />
  <attribute name="Current GC Util" value="52" />
  <attribute name= "Current Time Running" value="54961" />
  <attribute name ="GC Interval" value="0" />
  <attribute name="ProportionalT" value="48.000000" />
  <attribute name="ProportionalI" value="48.000000" />
  <attribute name="ProportionalH" value="48.000000" />
  <attribute name="Current Error" value="32.000000" />
  <attribute name="IntegralT" value="32.000000" />
  <attribute name="IntegralI" value="32.000000" />
  <attribute name="IntegralH" value="32.000000" />
  <attribute name="DerivativeT" value="32.000000" />
  <attribute name="DerivativeI" value="32.000000" />
  <attribute name="DerivativeH" value="32.000000" />
  <attribute name="Loop Time for DT" value="1.000000" />
  <attribute name="Output H" value="8388608"/>
  <attribute name="Output I" value="200"/>
  <attribute name="Output T" value="4"/>
  <attribute name="Target GC Util Change" value ="20.000000" />
  <attribute name="Current GC Util Change" value="52.000000"/>
  <attribute name="GC Util currently" value="52" />
  <attribute name="CPU Util currently" value="11233055468417" />
<exclusive-end id="1584" timestamp="2019-06-16T02:56:22.599" durationms="4.689" />

<exclusive-start id="1585" timestamp="2019-06-16T02:56:22.686" intervalms="92.105">
  <response-info timems="0.039" idlems="0.039" threads="0" lastid="0000000001916700" lastname="main" />
</exclusive-start>
<allocation-taxation id="1586" taxation-threshold="11534336" timestamp="2019-06-16T02:56:22.686" intervalms="92.116" />
<gc-start id="1587" type="global mark phase" contextid="1502" timestamp="2019-06-16T02:56:22.687">
  <mem-info id="1588" free="24117248" total="67108864" percent="35">
    <remembered-set count="43168" freebytes="2673536" totalbytes="2846208" percent="93" regionsoverflowed="0" regionsstable="1" regionsrebuilding="14"/>
  </mem-info>
</gc-start>
<gc-end id="1589" type="global mark phase" contextid="1502" durationms="0.111" usertimems="0.000" systemtimems="0.000" timestamp="2019-06-16T02:56:22.687" activeThreads="4">
  <mem-info id="1590" free="24117248" total="67108864" percent="35">
    <remembered-set count="43168" freebytes="2673536" totalbytes="2846208" percent="93" regionsoverflowed="0" regionsstable="1" regionsrebuilding="14"/>
  </mem-info>
</gc-end>
<concurrent-start id="1591" type="GMP work packet processing" contextid="1502" timestamp="2019-06-16T02:56:22.687">
  <concurrent-mark-start scanTarget="1755328" />
</concurrent-start>
<concurrent-end id="1592" type="GMP work packet processing" contextid="1502" timestamp="2019-06-16T02:56:22.688">
  <concurrent-mark-end bytesScanned="1797932" reasonForTermination="Work target met" />
</concurrent-end>

<exclusive-end id="1593" timestamp="2019-06-16T02:56:22.688" durationms="1.633" />

<exclusive-start id="1594" timestamp="2019-06-16T02:56:22.772" intervalms="85.800">
  <response-info timems="0.081" idlems="0.081" threads="0" lastid="0000000001916700" lastname="main" />
</exclusive-start>
<allocation-taxation id="1595" taxation-threshold="11534336" timestamp="2019-06-16T02:56:22.772" intervalms="85.816" />
<cycle-start id="1596" type="partial gc" contextid="0" timestamp="2019-06-16T02:56:22.772" intervalms="177.949" />
<gc-start id="1597" type="partial gc" contextid="1596" timestamp="2019-06-16T02:56:22.773">
  <mem-info id="1598" free="12582912" total="67108864" percent="18">
    <mem type="eden" free="0" total="23068672" percent="0" />
    <remembered-set count="53536" freebytes="2632064" totalbytes="2846208" percent="92" regionsoverflowed="0" regionsstable="1" regionsrebuilding="14"/>
  </mem-info>
</gc-start>
<allocation-stats totalBytes="23059680" >
  <allocated-bytes non-tlh="0" tlh="23059680" arrayletleaf="0"/>
  <largest-consumer threadName="main" threadId="0000000001916700" bytes="11529744" />
</allocation-stats>
<gc-op id="1599" type="copy forward" timems="5.123" contextid="1596" timestamp="2019-06-16T02:56:22.779">
  <memory-copied type="eden" objects="7" bytes="312" bytesdiscarded="0" />
  <memory-copied type="other" objects="16073" bytes="756104" bytesdiscarded="109336" />
  <memory-cardclean objects="145468" bytes="4309784" />
  <regions eden="22" other="3" />
  <remembered-set-cleared processed="30904" cleared="8908" durationms="0.235" />
  <finalization candidates="13" enqueued="0" />
  <references type="soft" candidates="160" cleared="0" enqueued="0" dynamicThreshold="11" maxThreshold="32" />
  <references type="weak" candidates="156" cleared="0" enqueued="0" />
  <references type="phantom" candidates="55" cleared="0" enqueued="0" />
  <stringconstants candidates="13728" cleared="0"  />
</gc-op>
<gc-op id="1600" type="classunload" timems="0.005" contextid="1596" timestamp="2019-06-16T02:56:22.779">
  <classunload-info classloadercandidates="54" classloadersunloaded="0" classesunloaded="0" anonymousclassesunloaded="0" quiescems="0.000" setupms="0.005" scanms="0.000" postms="0.000" />
</gc-op>
<heap-resize id="1601" type="contract" space="default" amount="4194304" count="1" timems="0.289" reason="insufficient time being spent in gc" timestamp="2019-06-16T02:56:22.779" />
<gc-end id="1602" type="partial gc" contextid="1596" durationms="6.787" usertimems="12.000" systemtimems="4.000" timestamp="2019-06-16T02:56:22.779" activeThreads="4">
  <mem-info id="1603" free="31457280" total="62914560" percent="50">
    <mem type="eden" free="1048264" total="1048576" percent="99" />
    <remembered-set count="49280" freebytes="2481664" totalbytes="2678784" percent="92" regionsoverflowed="0" regionsstable="1" regionsrebuilding="14"/>
  </mem-info>
</gc-end>
<cycle-end id="1604" type="partial gc" contextid="1596" timestamp="2019-06-16T02:56:22.780" />
  <attribute name="elasticGC enabled" value="1" />
  <attribute name= "numThreadsSpecified" value="4" />
  <attribute name="heapSize specified" value="0" />
  <attribute name="Current GC Util" value="59" />
  <attribute name= "Current Time Running" value="55139" />
  <attribute name ="GC Interval" value="0" />
  <attribute name="ProportionalT" value="58.500000" />
  <attribute name="ProportionalI" value="58.500000" />
  <attribute name="ProportionalH" value="58.500000" />
  <attribute name="Current Error" value="39.000000" />
  <attribute name="IntegralT" value="39.000000" />
  <attribute name="IntegralI" value="39.000000" />
  <attribute name="IntegralH" value="39.000000" />
  <attribute name="DerivativeT" value="39.000000" />
  <attribute name="DerivativeI" value="39.000000" />
  <attribute name="DerivativeH" value="39.000000" />
  <attribute name="Loop Time for DT" value="1.000000" />
  <attribute name="Output H" value="8388608"/>
  <attribute name="Output I" value="200"/>
  <attribute name="Output T" value="4"/>
  <attribute name="Target GC Util Change" value ="20.000000" />
  <attribute name="Current GC Util Change" value="59.000000"/>
  <attribute name="GC Util currently" value="59" />
  <attribute name="CPU Util currently" value="9762723397540" />
<exclusive-end id="1605" timestamp="2019-06-16T02:56:22.780" durationms="7.814" />

<exclusive-start id="1606" timestamp="2019-06-16T02:56:22.854" intervalms="82.100">
  <response-info timems="0.211" idlems="0.211" threads="0" lastid="0000000001916700" lastname="main" />
</exclusive-start>
<allocation-taxation id="1607" taxation-threshold="10485760" timestamp="2019-06-16T02:56:22.854" intervalms="82.063" />
<gc-start id="1608" type="global mark phase" contextid="1502" timestamp="2019-06-16T02:56:22.854">
  <mem-info id="1609" free="20971520" total="62914560" percent="33">
    <remembered-set count="36288" freebytes="2533632" totalbytes="2678784" percent="94" regionsoverflowed="0" regionsstable="3" regionsrebuilding="14"/>
  </mem-info>
</gc-start>
<gc-end id="1610" type="global mark phase" contextid="1502" durationms="0.108" usertimems="4.000" systemtimems="0.000" timestamp="2019-06-16T02:56:22.855" activeThreads="4">
  <mem-info id="1611" free="20971520" total="62914560" percent="33">
    <remembered-set count="36288" freebytes="2533632" totalbytes="2678784" percent="94" regionsoverflowed="0" regionsstable="3" regionsrebuilding="14"/>
  </mem-info>
</gc-end>
<concurrent-start id="1612" type="GMP work packet processing" contextid="1502" timestamp="2019-06-16T02:56:22.855">
  <concurrent-mark-start scanTarget="1755328" />
</concurrent-start>
<concurrent-end id="1613" type="GMP work packet processing" contextid="1502" timestamp="2019-06-16T02:56:22.856">
  <concurrent-mark-end bytesScanned="1800236" reasonForTermination="Work target met" />
</concurrent-end>

<exclusive-end id="1614" timestamp="2019-06-16T02:56:22.856" durationms="1.637" />

<exclusive-start id="1615" timestamp="2019-06-16T02:56:22.998" intervalms="143.790">
  <response-info timems="0.247" idlems="0.247" threads="0" lastid="0000000001916700" lastname="main" />
</exclusive-start>
<allocation-taxation id="1616" taxation-threshold="10485760" timestamp="2019-06-16T02:56:22.998" intervalms="143.872" />
<cycle-start id="1617" type="partial gc" contextid="0" timestamp="2019-06-16T02:56:22.998" intervalms="226.034" />
<gc-start id="1618" type="partial gc" contextid="1617" timestamp="2019-06-16T02:56:22.999">
  <mem-info id="1619" free="10485760" total="62914560" percent="16">
    <mem type="eden" free="1048264" total="22020096" percent="4" />
    <remembered-set count="47296" freebytes="2489600" totalbytes="2678784" percent="92" regionsoverflowed="0" regionsstable="3" regionsrebuilding="14"/>
  </mem-info>
</gc-start>
<allocation-stats totalBytes="20965344" >
  <allocated-bytes non-tlh="0" tlh="20965344" arrayletleaf="0"/>
  <largest-consumer threadName="main" threadId="0000000001916700" bytes="10483464" />
</allocation-stats>
<gc-op id="1620" type="copy forward" timems="4.048" contextid="1617" timestamp="2019-06-16T02:56:23.004">
  <memory-copied type="eden" objects="31" bytes="944" bytesdiscarded="584" />
  <memory-copied type="other" objects="0" bytes="0" bytesdiscarded="0" />
  <memory-cardclean objects="145031" bytes="5021592" />
  <regions eden="20" other="1" />
  <remembered-set-cleared processed="17919" cleared="8445" durationms="0.247" />
  <stringconstants candidates="13728" cleared="0"  />
</gc-op>
<gc-op id="1621" type="classunload" timems="0.005" contextid="1617" timestamp="2019-06-16T02:56:23.004">
  <classunload-info classloadercandidates="54" classloadersunloaded="0" classesunloaded="0" anonymousclassesunloaded="0" quiescems="0.000" setupms="0.004" scanms="0.000" postms="0.000" />
</gc-op>
<heap-resize id="1622" type="contract" space="default" amount="3145728" count="1" timems="0.221" reason="insufficient time being spent in gc" timestamp="2019-06-16T02:56:23.004" />
<gc-end id="1623" type="partial gc" contextid="1617" durationms="5.826" usertimems="12.000" systemtimems="0.000" timestamp="2019-06-16T02:56:23.005" activeThreads="4">
  <mem-info id="1624" free="28311552" total="59768832" percent="47">
    <mem type="eden" free="1047048" total="1048576" percent="99" />
    <remembered-set count="30336" freebytes="2390016" totalbytes="2511360" percent="95" regionsoverflowed="0" regionsstable="3" regionsrebuilding="14"/>
  </mem-info>
</gc-end>
<cycle-end id="1625" type="partial gc" contextid="1617" timestamp="2019-06-16T02:56:23.005" />
  <attribute name="elasticGC enabled" value="1" />
  <attribute name= "numThreadsSpecified" value="4" />
  <attribute name="heapSize specified" value="0" />
  <attribute name="Current GC Util" value="63" />
  <attribute name= "Current Time Running" value="55365" />
  <attribute name ="GC Interval" value="0" />
  <attribute name="ProportionalT" value="64.500000" />
  <attribute name="ProportionalI" value="64.500000" />
  <attribute name="ProportionalH" value="64.500000" />
  <attribute name="Current Error" value="43.000000" />
  <attribute name="IntegralT" value="43.000000" />
  <attribute name="IntegralI" value="43.000000" />
  <attribute name="IntegralH" value="43.000000" />
  <attribute name="DerivativeT" value="43.000000" />
  <attribute name="DerivativeI" value="43.000000" />
  <attribute name="DerivativeH" value="43.000000" />
  <attribute name="Loop Time for DT" value="1.000000" />
  <attribute name="Output H" value="8388608"/>
  <attribute name="Output I" value="200"/>
  <attribute name="Output T" value="4"/>
  <attribute name="Target GC Util Change" value ="20.000000" />
  <attribute name="Current GC Util Change" value="63.000000"/>
  <attribute name="GC Util currently" value="63" />
  <attribute name="CPU Util currently" value="7525891989301" />
<exclusive-end id="1626" timestamp="2019-06-16T02:56:23.005" durationms="7.169" />

<exclusive-start id="1627" timestamp="2019-06-16T02:56:23.026" intervalms="28.205">
  <response-info timems="0.246" idlems="0.246" threads="0" lastid="0000000001916700" lastname="main" />
</exclusive-start>
<allocation-taxation id="1628" taxation-threshold="10485760" timestamp="2019-06-16T02:56:23.026" intervalms="28.202" />
<gc-start id="1629" type="global mark phase" contextid="1502" timestamp="2019-06-16T02:56:23.027">
  <mem-info id="1630" free="17825792" total="59768832" percent="29">
    <remembered-set count="30272" freebytes="2390272" totalbytes="2511360" percent="95" regionsoverflowed="0" regionsstable="3" regionsrebuilding="14"/>
  </mem-info>
</gc-start>
<gc-end id="1631" type="global mark phase" contextid="1502" durationms="0.124" usertimems="0.000" systemtimems="0.000" timestamp="2019-06-16T02:56:23.027" activeThreads="4">
  <mem-info id="1632" free="17825792" total="59768832" percent="29">
    <remembered-set count="30272" freebytes="2390272" totalbytes="2511360" percent="95" regionsoverflowed="0" regionsstable="3" regionsrebuilding="14"/>
  </mem-info>
</gc-end>
<concurrent-start id="1633" type="GMP work packet processing" contextid="1502" timestamp="2019-06-16T02:56:23.027">
  <concurrent-mark-start scanTarget="1755328" />
</concurrent-start>
<concurrent-end id="1634" type="GMP work packet processing" contextid="1502" timestamp="2019-06-16T02:56:23.028">
  <concurrent-mark-end bytesScanned="1821024" reasonForTermination="Work target met" />
</concurrent-end>

<exclusive-end id="1635" timestamp="2019-06-16T02:56:23.028" durationms="1.932" />

<exclusive-start id="1636" timestamp="2019-06-16T02:56:23.053" intervalms="26.421">
  <response-info timems="0.035" idlems="0.035" threads="0" lastid="0000000001916700" lastname="main" />
</exclusive-start>
<allocation-taxation id="1637" taxation-threshold="10485760" timestamp="2019-06-16T02:56:23.053" intervalms="26.432" />
<cycle-start id="1638" type="partial gc" contextid="0" timestamp="2019-06-16T02:56:23.053" intervalms="54.563" />
<gc-start id="1639" type="partial gc" contextid="1638" timestamp="2019-06-16T02:56:23.053">
  <mem-info id="1640" free="7340032" total="59768832" percent="12">
    <mem type="eden" free="0" total="20971520" percent="0" />
    <remembered-set count="48544" freebytes="2317184" totalbytes="2511360" percent="92" regionsoverflowed="0" regionsstable="3" regionsrebuilding="14"/>
  </mem-info>
</gc-start>
<allocation-stats totalBytes="20970488" >
  <allocated-bytes non-tlh="0" tlh="20970488" arrayletleaf="0"/>
  <largest-consumer threadName="main" threadId="0000000001916700" bytes="10485200" />
</allocation-stats>
<gc-op id="1641" type="copy forward" timems="8.862" contextid="1638" timestamp="2019-06-16T02:56:23.063">
  <memory-copied type="eden" objects="30" bytes="912" bytesdiscarded="0" />
  <memory-copied type="other" objects="8" bytes="184" bytesdiscarded="0" />
  <memory-cardclean objects="141395" bytes="4879432" />
  <regions eden="20" other="1" />
  <remembered-set-cleared processed="23481" cleared="9975" durationms="0.345" />
  <stringconstants candidates="13728" cleared="0"  />
</gc-op>
<gc-op id="1642" type="classunload" timems="0.006" contextid="1638" timestamp="2019-06-16T02:56:23.063">
  <classunload-info classloadercandidates="54" classloadersunloaded="0" classesunloaded="0" anonymousclassesunloaded="0" quiescems="0.000" setupms="0.006" scanms="0.000" postms="0.000" />
</gc-op>
<gc-end id="1643" type="partial gc" contextid="1638" durationms="10.360" usertimems="20.000" systemtimems="0.000" timestamp="2019-06-16T02:56:23.064" activeThreads="1">
  <mem-info id="1644" free="27262976" total="59768832" percent="45">
    <mem type="eden" free="1047664" total="1048576" percent="99" />
    <remembered-set count="33440" freebytes="2252032" totalbytes="2385792" percent="94" regionsoverflowed="0" regionsstable="3" regionsrebuilding="14"/>
  </mem-info>
</gc-end>
<cycle-end id="1645" type="partial gc" contextid="1638" timestamp="2019-06-16T02:56:23.064" />
  <attribute name="elasticGC enabled" value="1" />
  <attribute name= "numThreadsSpecified" value="1" />
  <attribute name="heapSize specified" value="0" />
  <attribute name="Current GC Util" value="71" />
  <attribute name= "Current Time Running" value="55419" />
  <attribute name ="GC Interval" value="0" />
  <attribute name="ProportionalT" value="76.500000" />
  <attribute name="ProportionalI" value="76.500000" />
  <attribute name="ProportionalH" value="76.500000" />
  <attribute name="Current Error" value="51.000000" />
  <attribute name="IntegralT" value="0.000000" />
  <attribute name="IntegralI" value="0.000000" />
  <attribute name="IntegralH" value="0.000000" />
  <attribute name="DerivativeT" value="inf" />
  <attribute name="DerivativeI" value="inf" />
  <attribute name="DerivativeH" value="inf" />
  <attribute name="Loop Time for DT" value="0.000000" />
  <attribute name="Output H" value="8388608"/>
  <attribute name="Output I" value="200"/>
  <attribute name="Output T" value="1"/>
  <attribute name="Target GC Util Change" value ="20.000000" />
  <attribute name="Current GC Util Change" value="71.000000"/>
  <attribute name="GC Util currently" value="71" />
  <attribute name="CPU Util currently" value="9749266935498" />
<exclusive-end id="1646" timestamp="2019-06-16T02:56:23.064" durationms="11.635" />

<exclusive-start id="1647" timestamp="2019-06-16T02:56:23.100" intervalms="47.710">
  <response-info timems="0.062" idlems="0.062" threads="0" lastid="0000000001916700" lastname="main" />
</exclusive-start>
<allocation-taxation id="1648" taxation-threshold="10485760" timestamp="2019-06-16T02:56:23.101" intervalms="47.706" />
<gc-start id="1649" type="global mark phase" contextid="1502" timestamp="2019-06-16T02:56:23.101">
  <mem-info id="1650" free="16777216" total="59768832" percent="28">
    <remembered-set count="33312" freebytes="2252544" totalbytes="2385792" percent="94" regionsoverflowed="0" regionsstable="3" regionsrebuilding="14"/>
  </mem-info>
</gc-start>
<gc-end id="1651" type="global mark phase" contextid="1502" durationms="0.153" usertimems="0.000" systemtimems="0.000" timestamp="2019-06-16T02:56:23.101" activeThreads="1">
  <mem-info id="1652" free="16777216" total="59768832" percent="28">
    <remembered-set count="33312" freebytes="2252544" totalbytes="2385792" percent="94" regionsoverflowed="0" regionsstable="3" regionsrebuilding="14"/>
  </mem-info>
</gc-end>
<concurrent-start id="1653" type="GMP work packet processing" contextid="1502" timestamp="2019-06-16T02:56:23.101">
  <concurrent-mark-start scanTarget="1048576" />
</concurrent-start>
<concurrent-end id="1654" type="GMP work packet processing" contextid="1502" timestamp="2019-06-16T02:56:23.102">
  <concurrent-mark-end bytesScanned="1058408" reasonForTermination="Work target met" />
</concurrent-end>

<exclusive-end id="1655" timestamp="2019-06-16T02:56:23.102" durationms="1.907" />

<exclusive-start id="1656" timestamp="2019-06-16T02:56:23.123" intervalms="22.891">
  <response-info timems="0.071" idlems="0.071" threads="0" lastid="0000000001916700" lastname="main" />
</exclusive-start>
<allocation-taxation id="1657" taxation-threshold="10485760" timestamp="2019-06-16T02:56:23.123" intervalms="22.856" />
<cycle-start id="1658" type="partial gc" contextid="0" timestamp="2019-06-16T02:56:23.124" intervalms="70.560" />
<gc-start id="1659" type="partial gc" contextid="1658" timestamp="2019-06-16T02:56:23.124">
  <mem-info id="1660" free="6291456" total="59768832" percent="10">
    <mem type="eden" free="0" total="20971520" percent="0" />
    <remembered-set count="54112" freebytes="2169344" totalbytes="2385792" percent="90" regionsoverflowed="0" regionsstable="3" regionsrebuilding="14"/>
  </mem-info>
</gc-start>
<allocation-stats totalBytes="20969696" >
  <allocated-bytes non-tlh="0" tlh="20969696" arrayletleaf="0"/>
  <largest-consumer threadName="main" threadId="0000000001916700" bytes="10485128" />
</allocation-stats>
<gc-op id="1661" type="copy forward" timems="1.766" contextid="1658" timestamp="2019-06-16T02:56:23.127">
  <memory-copied type="eden" objects="6" bytes="160" bytesdiscarded="0" />
  <memory-copied type="other" objects="24" bytes="768" bytesdiscarded="656" />
  <memory-cardclean objects="35" bytes="1424" />
  <regions eden="20" other="1" />
  <remembered-set-cleared processed="51960" cleared="31" durationms="0.257" />
  <stringconstants candidates="13728" cleared="0"  />
</gc-op>
<gc-op id="1662" type="classunload" timems="0.004" contextid="1658" timestamp="2019-06-16T02:56:23.127">
  <classunload-info classloadercandidates="54" classloadersunloaded="0" classesunloaded="0" anonymousclassesunloaded="0" quiescems="0.000" setupms="0.003" scanms="0.000" postms="0.000" />
</gc-op>
<heap-resize id="1663" type="expand" space="default" amount="10485760" count="1" timems="0.087" reason="excessive time being spent in gc" timestamp="2019-06-16T02:56:23.127" />
<gc-end id="1664" type="partial gc" contextid="1658" durationms="3.084" usertimems="4.000" systemtimems="0.000" timestamp="2019-06-16T02:56:23.127" activeThreads="4">
  <mem-info id="1665" free="36700160" total="70254592" percent="52">
    <mem type="eden" free="1048416" total="1048576" percent="99" />
    <remembered-set count="54304" freebytes="2587136" totalbytes="2804352" percent="92" regionsoverflowed="0" regionsstable="3" regionsrebuilding="14"/>
  </mem-info>
</gc-end>
<cycle-end id="1666" type="partial gc" contextid="1658" timestamp="2019-06-16T02:56:23.127" />
  <attribute name="elasticGC enabled" value="1" />
  <attribute name= "numThreadsSpecified" value="4" />
  <attribute name="heapSize specified" value="0" />
  <attribute name="Current GC Util" value="75" />
  <attribute name= "Current Time Running" value="55490" />
  <attribute name ="GC Interval" value="0" />
  <attribute name="ProportionalT" value="82.500000" />
  <attribute name="ProportionalI" value="82.500000" />
  <attribute name="ProportionalH" value="82.500000" />
  <attribute name="Current Error" value="55.000000" />
  <attribute name="IntegralT" value="55.000000" />
  <attribute name="IntegralI" value="55.000000" />
  <attribute name="IntegralH" value="55.000000" />
  <attribute name="DerivativeT" value="55.000000" />
  <attribute name="DerivativeI" value="55.000000" />
  <attribute name="DerivativeH" value="55.000000" />
  <attribute name="Loop Time for DT" value="1.000000" />
  <attribute name="Output H" value="8388608"/>
  <attribute name="Output I" value="200"/>
  <attribute name="Output T" value="4"/>
  <attribute name="Target GC Util Change" value ="20.000000" />
  <attribute name="Current GC Util Change" value="75.000000"/>
  <attribute name="GC Util currently" value="75" />
  <attribute name="CPU Util currently" value="15470316870968" />
<exclusive-end id="1667" timestamp="2019-06-16T02:56:23.127" durationms="4.157" />

<exclusive-start id="1668" timestamp="2019-06-16T02:56:23.151" intervalms="28.145">
  <response-info timems="0.072" idlems="0.072" threads="0" lastid="0000000001916700" lastname="main" />
</exclusive-start>
<allocation-taxation id="1669" taxation-threshold="11534336" timestamp="2019-06-16T02:56:23.151" intervalms="28.096" />
<gc-start id="1670" type="global mark phase" contextid="1502" timestamp="2019-06-16T02:56:23.152">
  <mem-info id="1671" free="25165824" total="70254592" percent="35">
    <remembered-set count="53824" freebytes="2589056" totalbytes="2804352" percent="92" regionsoverflowed="0" regionsstable="3" regionsrebuilding="14"/>
  </mem-info>
</gc-start>
<gc-end id="1672" type="global mark phase" contextid="1502" durationms="0.096" usertimems="0.000" systemtimems="0.000" timestamp="2019-06-16T02:56:23.152" activeThreads="4">
  <mem-info id="1673" free="25165824" total="70254592" percent="35">
    <remembered-set count="53824" freebytes="2589056" totalbytes="2804352" percent="92" regionsoverflowed="0" regionsstable="3" regionsrebuilding="14"/>
  </mem-info>
</gc-end>
<concurrent-start id="1674" type="GMP work packet processing" contextid="1502" timestamp="2019-06-16T02:56:23.152">
  <concurrent-mark-start scanTarget="18446744073709551615" />
</concurrent-start>
<concurrent-end id="1675" type="GMP work packet processing" contextid="1502" timestamp="2019-06-16T02:56:23.152">
  <concurrent-mark-end bytesScanned="6432" reasonForTermination="Completed all work in GC phase" />
</concurrent-end>

<exclusive-end id="1676" timestamp="2019-06-16T02:56:23.152" durationms="0.904" />

<exclusive-start id="1677" timestamp="2019-06-16T02:56:23.177" intervalms="25.243">
  <response-info timems="0.036" idlems="0.036" threads="0" lastid="0000000001916700" lastname="main" />
</exclusive-start>
<allocation-taxation id="1678" taxation-threshold="11534336" timestamp="2019-06-16T02:56:23.177" intervalms="25.182" />
<cycle-start id="1679" type="partial gc" contextid="0" timestamp="2019-06-16T02:56:23.177" intervalms="53.190" />
<gc-start id="1680" type="partial gc" contextid="1679" timestamp="2019-06-16T02:56:23.177">
  <mem-info id="1681" free="13631488" total="70254592" percent="19">
    <mem type="eden" free="1048416" total="24117248" percent="4" />
    <remembered-set count="54336" freebytes="2587008" totalbytes="2804352" percent="92" regionsoverflowed="0" regionsstable="3" regionsrebuilding="14"/>
  </mem-info>
</gc-start>
<allocation-stats totalBytes="23064904" >
  <allocated-bytes non-tlh="0" tlh="23064904" arrayletleaf="0"/>
  <largest-consumer threadName="main" threadId="0000000001916700" bytes="11532256" />
</allocation-stats>
<gc-op id="1682" type="copy forward" timems="1.184" contextid="1679" timestamp="2019-06-16T02:56:23.179">
  <memory-copied type="eden" objects="32" bytes="960" bytesdiscarded="696" />
  <memory-copied type="other" objects="0" bytes="0" bytesdiscarded="0" />
  <memory-cardclean objects="71" bytes="2528" />
  <regions eden="22" other="1" />
  <remembered-set-cleared processed="52021" cleared="35" durationms="0.204" />
  <stringconstants candidates="13728" cleared="0"  />
</gc-op>
<gc-op id="1683" type="classunload" timems="0.004" contextid="1679" timestamp="2019-06-16T02:56:23.179">
  <classunload-info classloadercandidates="54" classloadersunloaded="0" classesunloaded="0" anonymousclassesunloaded="0" quiescems="0.000" setupms="0.004" scanms="0.000" postms="0.000" />
</gc-op>
<gc-end id="1684" type="partial gc" contextid="1679" durationms="1.972" usertimems="4.000" systemtimems="0.000" timestamp="2019-06-16T02:56:23.179" activeThreads="4">
  <mem-info id="1685" free="36700160" total="70254592" percent="52">
    <mem type="eden" free="1046920" total="1048576" percent="99" />
    <remembered-set count="54848" freebytes="2584960" totalbytes="2804352" percent="92" regionsoverflowed="0" regionsstable="3" regionsrebuilding="14"/>
  </mem-info>
</gc-end>
<cycle-end id="1686" type="partial gc" contextid="1679" timestamp="2019-06-16T02:56:23.179" />
  <attribute name="elasticGC enabled" value="1" />
  <attribute name= "numThreadsSpecified" value="4" />
  <attribute name="heapSize specified" value="0" />
  <attribute name="Current GC Util" value="67" />
  <attribute name= "Current Time Running" value="55543" />
  <attribute name ="GC Interval" value="0" />
  <attribute name="ProportionalT" value="70.500000" />
  <attribute name="ProportionalI" value="70.500000" />
  <attribute name="ProportionalH" value="70.500000" />
  <attribute name="Current Error" value="47.000000" />
  <attribute name="IntegralT" value="47.000000" />
  <attribute name="IntegralI" value="47.000000" />
  <attribute name="IntegralH" value="47.000000" />
  <attribute name="DerivativeT" value="47.000000" />
  <attribute name="DerivativeI" value="47.000000" />
  <attribute name="DerivativeH" value="47.000000" />
  <attribute name="Loop Time for DT" value="1.000000" />
  <attribute name="Output H" value="8388608"/>
  <attribute name="Output I" value="200"/>
  <attribute name="Output T" value="4"/>
  <attribute name="Target GC Util Change" value ="20.000000" />
  <attribute name="Current GC Util Change" value="67.000000"/>
  <attribute name="GC Util currently" value="67" />
  <attribute name="CPU Util currently" value="21214858721092" />
<exclusive-end id="1687" timestamp="2019-06-16T02:56:23.179" durationms="2.631" />

<exclusive-start id="1688" timestamp="2019-06-16T02:56:23.203" intervalms="26.932">
  <response-info timems="0.037" idlems="0.037" threads="0" lastid="0000000001916700" lastname="main" />
</exclusive-start>
<allocation-taxation id="1689" taxation-threshold="11534336" timestamp="2019-06-16T02:56:23.204" intervalms="26.989" />
<gc-start id="1690" type="global mark phase" contextid="1502" timestamp="2019-06-16T02:56:23.204">
  <mem-info id="1691" free="25165824" total="70254592" percent="35">
    <remembered-set count="54368" freebytes="2586880" totalbytes="2804352" percent="92" regionsoverflowed="0" regionsstable="3" regionsrebuilding="14"/>
  </mem-info>
</gc-start>
<gc-op id="1692" type="mark increment" timems="5.547" contextid="1502" timestamp="2019-06-16T02:56:23.209">
  <trace-info objectcount="57" scancount="54" scanbytes="345500" />
  <cardclean-info objects="390756" bytes="10074848" />
  <finalization candidates="79" enqueued="0" />
  <ownableSynchronizers candidates="23" cleared="0" />
  <references type="soft" candidates="4650" cleared="0" enqueued="0" dynamicThreshold="16" maxThreshold="32" />
  <references type="weak" candidates="5591" cleared="0" enqueued="0" />
  <references type="phantom" candidates="101" cleared="1" enqueued="1" />
  <stringconstants candidates="13728" cleared="0"  />
</gc-op>
<gc-op id="1693" type="classunload" timems="0.007" contextid="1502" timestamp="2019-06-16T02:56:23.209">
  <classunload-info classloadercandidates="54" classloadersunloaded="0" classesunloaded="0" anonymousclassesunloaded="0" quiescems="0.000" setupms="0.007" scanms="0.000" postms="0.000" />
</gc-op>
<gc-end id="1694" type="global mark phase" contextid="1502" durationms="5.792" usertimems="12.000" systemtimems="8.000" timestamp="2019-06-16T02:56:23.210" activeThreads="4">
  <mem-info id="1695" free="25165824" total="70254592" percent="35">
    <pending-finalizers system="0" default="0" reference="1" classloader="0" />
    <remembered-set count="78944" freebytes="2488576" totalbytes="2804352" percent="88" regionsoverflowed="0" regionsstable="3" regionsrebuilding="0"/>
  </mem-info>
</gc-end>
<cycle-end id="1696" type="global mark phase" contextid="1502" timestamp="2019-06-16T02:56:23.210" />
  <attribute name="elasticGC enabled" value="1" />
  <attribute name= "numThreadsSpecified" value="4" />
  <attribute name="heapSize specified" value="0" />
  <attribute name="Current GC Util" value="132" />
  <attribute name= "Current Time Running" value="55574" />
  <attribute name ="GC Interval" value="0" />
  <attribute name="ProportionalT" value="168.000000" />
  <attribute name="ProportionalI" value="168.000000" />
  <attribute name="ProportionalH" value="168.000000" />
  <attribute name="Current Error" value="112.000000" />
  <attribute name="IntegralT" value="112.000000" />
  <attribute name="IntegralI" value="112.000000" />
  <attribute name="IntegralH" value="112.000000" />
  <attribute name="DerivativeT" value="-132.000000" />
  <attribute name="DerivativeI" value="-132.000000" />
  <attribute name="DerivativeH" value="-132.000000" />
  <attribute name="Loop Time for DT" value="1.000000" />
  <attribute name="Output H" value="8388608"/>
  <attribute name="Output I" value="200"/>
  <attribute name="Output T" value="4"/>
  <attribute name="Target GC Util Change" value ="20.000000" />
  <attribute name="Current GC Util Change" value="132.000000"/>
  <attribute name="GC Util currently" value="132" />
  <attribute name="CPU Util currently" value="16311156814191" />
<exclusive-end id="1697" timestamp="2019-06-16T02:56:23.210" durationms="6.285" />

<exclusive-start id="1698" timestamp="2019-06-16T02:56:23.234" intervalms="30.568">
  <response-info timems="0.036" idlems="0.036" threads="0" lastid="0000000001916700" lastname="main" />
</exclusive-start>
<allocation-taxation id="1699" taxation-threshold="11534336" timestamp="2019-06-16T02:56:23.234" intervalms="30.561" />
<cycle-start id="1700" type="partial gc" contextid="0" timestamp="2019-06-16T02:56:23.234" intervalms="57.591" />
<gc-start id="1701" type="partial gc" contextid="1700" timestamp="2019-06-16T02:56:23.235">
  <mem-info id="1702" free="13631488" total="70254592" percent="19">
    <mem type="eden" free="0" total="23068672" percent="0" />
    <remembered-set count="5152" freebytes="2783744" totalbytes="2804352" percent="99" regionsoverflowed="0" regionsstable="15" regionsrebuilding="0"/>
  </mem-info>
</gc-start>
<allocation-stats totalBytes="23065504" >
  <allocated-bytes non-tlh="0" tlh="23065504" arrayletleaf="0"/>
  <largest-consumer threadName="main" threadId="0000000001916700" bytes="11532712" />
</allocation-stats>
<gc-op id="1703" type="sweep" timems="0.598" contextid="1700" timestamp="2019-06-16T02:56:23.235" />
<gc-op id="1704" type="copy forward" timems="0.995" contextid="1700" timestamp="2019-06-16T02:56:23.237">
  <memory-copied type="eden" objects="7" bytes="168" bytesdiscarded="0" />
  <memory-copied type="other" objects="24" bytes="768" bytesdiscarded="0" />
  <memory-cardclean objects="76" bytes="3392" />
  <regions eden="11" other="2" />
  <remembered-set-cleared processed="3811" cleared="14" durationms="0.088" />
  <stringconstants candidates="13728" cleared="0"  />
</gc-op>
<gc-op id="1705" type="classunload" timems="0.004" contextid="1700" timestamp="2019-06-16T02:56:23.237">
  <classunload-info classloadercandidates="54" classloadersunloaded="0" classesunloaded="0" anonymousclassesunloaded="0" quiescems="0.000" setupms="0.004" scanms="0.000" postms="0.000" />
</gc-op>
<gc-end id="1706" type="partial gc" contextid="1700" durationms="2.746" usertimems="4.000" systemtimems="0.000" timestamp="2019-06-16T02:56:23.237" activeThreads="4">
  <mem-info id="1707" free="35651584" total="70254592" percent="50">
    <mem type="eden" free="1048408" total="1048576" percent="99" />
    <remembered-set count="5920" freebytes="2780672" totalbytes="2804352" percent="99" regionsoverflowed="0" regionsstable="15" regionsrebuilding="0"/>
  </mem-info>
</gc-end>
<cycle-end id="1708" type="partial gc" contextid="1700" timestamp="2019-06-16T02:56:23.237" />
  <attribute name="elasticGC enabled" value="1" />
  <attribute name= "numThreadsSpecified" value="4" />
  <attribute name="heapSize specified" value="0" />
  <attribute name="Current GC Util" value="55" />
  <attribute name= "Current Time Running" value="55601" />
  <attribute name ="GC Interval" value="0" />
  <attribute name="ProportionalT" value="52.500000" />
  <attribute name="ProportionalI" value="52.500000" />
  <attribute name="ProportionalH" value="52.500000" />
  <attribute name="Current Error" value="35.000000" />
  <attribute name="IntegralT" value="0.000000" />
  <attribute name="IntegralI" value="0.000000" />
  <attribute name="IntegralH" value="0.000000" />
  <attribute name="DerivativeT" value="-inf" />
  <attribute name="DerivativeI" value="-inf" />
  <attribute name="DerivativeH" value="-inf" />
  <attribute name="Loop Time for DT" value="0.000000" />
  <attribute name="Output H" value="2091843584"/>
  <attribute name="Output I" value="200"/>
  <attribute name="Output T" value="4"/>
  <attribute name="Target GC Util Change" value ="20.000000" />
  <attribute name="Current GC Util Change" value="55.000000"/>
  <attribute name="GC Util currently" value="55" />
  <attribute name="CPU Util currently" value="22510963313359" />
<exclusive-end id="1709" timestamp="2019-06-16T02:56:23.238" durationms="3.584" />

<exclusive-start id="1710" timestamp="2019-06-16T02:56:23.365" intervalms="131.168">
  <response-info timems="0.077" idlems="0.077" threads="0" lastid="0000000001916700" lastname="main" />
</exclusive-start>
<allocation-taxation id="1711" taxation-threshold="24117248" timestamp="2019-06-16T02:56:23.365" intervalms="131.218" />
<cycle-start id="1712" type="partial gc" contextid="0" timestamp="2019-06-16T02:56:23.366" intervalms="131.291" />
<gc-start id="1713" type="partial gc" contextid="1712" timestamp="2019-06-16T02:56:23.366">
  <mem-info id="1714" free="11534336" total="70254592" percent="16">
    <mem type="eden" free="1048408" total="25165824" percent="4" />
    <remembered-set count="5472" freebytes="2782464" totalbytes="2804352" percent="99" regionsoverflowed="0" regionsstable="15" regionsrebuilding="0"/>
  </mem-info>
</gc-start>
<allocation-stats totalBytes="24115352" >
  <allocated-bytes non-tlh="0" tlh="24115352" arrayletleaf="0"/>
  <largest-consumer threadName="main" threadId="0000000001916700" bytes="24115352" />
</allocation-stats>
<gc-op id="1715" type="copy forward" timems="1.828" contextid="1712" timestamp="2019-06-16T02:56:23.369">
  <memory-copied type="eden" objects="23" bytes="720" bytesdiscarded="0" />
  <memory-copied type="other" objects="3831" bytes="94008" bytesdiscarded="0" />
  <memory-cardclean objects="1254" bytes="309856" />
  <regions eden="23" other="5" />
  <remembered-set-cleared processed="3621" cleared="185" durationms="0.153" />
  <references type="weak" candidates="35" cleared="0" enqueued="0" />
  <stringconstants candidates="13728" cleared="0"  />
</gc-op>
<gc-op id="1716" type="classunload" timems="0.005" contextid="1712" timestamp="2019-06-16T02:56:23.369">
  <classunload-info classloadercandidates="54" classloadersunloaded="0" classesunloaded="0" anonymousclassesunloaded="0" quiescems="0.000" setupms="0.004" scanms="0.000" postms="0.000" />
</gc-op>
<gc-end id="1717" type="partial gc" contextid="1712" durationms="3.025" usertimems="8.000" systemtimems="0.000" timestamp="2019-06-16T02:56:23.369" activeThreads="1">
  <mem-info id="1718" free="37748736" total="70254592" percent="53">
    <mem type="eden" free="1047856" total="1048576" percent="99" />
    <remembered-set count="5344" freebytes="2782976" totalbytes="2804352" percent="99" regionsoverflowed="0" regionsstable="15" regionsrebuilding="0"/>
  </mem-info>
</gc-end>
<cycle-end id="1719" type="partial gc" contextid="1712" timestamp="2019-06-16T02:56:23.369" />
  <attribute name="elasticGC enabled" value="1" />
  <attribute name= "numThreadsSpecified" value="1" />
  <attribute name="heapSize specified" value="0" />
  <attribute name="Current GC Util" value="57" />
  <attribute name= "Current Time Running" value="55732" />
  <attribute name ="GC Interval" value="0" />
  <attribute name="ProportionalT" value="55.500000" />
  <attribute name="ProportionalI" value="55.500000" />
  <attribute name="ProportionalH" value="55.500000" />
  <attribute name="Current Error" value="37.000000" />
  <attribute name="IntegralT" value="0.000000" />
  <attribute name="IntegralI" value="0.000000" />
  <attribute name="IntegralH" value="0.000000" />
  <attribute name="DerivativeT" value="inf" />
  <attribute name="DerivativeI" value="inf" />
  <attribute name="DerivativeH" value="inf" />
  <attribute name="Loop Time for DT" value="0.000000" />
  <attribute name="Output H" value="8388608"/>
  <attribute name="Output I" value="200"/>
  <attribute name="Output T" value="1"/>
  <attribute name="Target GC Util Change" value ="20.000000" />
  <attribute name="Current GC Util Change" value="57.000000"/>
  <attribute name="GC Util currently" value="57" />
  <attribute name="CPU Util currently" value="18230385734638" />
<exclusive-end id="1720" timestamp="2019-06-16T02:56:23.369" durationms="4.230" />

<exclusive-start id="1721" timestamp="2019-06-16T02:56:23.676" intervalms="310.947">
  <response-info timems="0.097" idlems="0.097" threads="0" lastid="0000000001916700" lastname="main" />
</exclusive-start>
<allocation-taxation id="1722" taxation-threshold="24117248" timestamp="2019-06-16T02:56:23.676" intervalms="310.978" />
<cycle-start id="1723" type="partial gc" contextid="0" timestamp="2019-06-16T02:56:23.677" intervalms="310.976" />
<gc-start id="1724" type="partial gc" contextid="1723" timestamp="2019-06-16T02:56:23.677">
  <mem-info id="1725" free="13631488" total="70254592" percent="19">
    <mem type="eden" free="0" total="24117248" percent="0" />
    <remembered-set count="5280" freebytes="2783232" totalbytes="2804352" percent="99" regionsoverflowed="0" regionsstable="15" regionsrebuilding="0"/>
  </mem-info>
</gc-start>
<allocation-stats totalBytes="24116136" >
  <allocated-bytes non-tlh="0" tlh="24116136" arrayletleaf="0"/>
  <largest-consumer threadName="main" threadId="0000000001916700" bytes="24116136" />
</allocation-stats>
<gc-op id="1726" type="copy forward" timems="1.760" contextid="1723" timestamp="2019-06-16T02:56:23.679">
  <memory-copied type="eden" objects="26" bytes="944" bytesdiscarded="1360" />
  <memory-copied type="other" objects="5528" bytes="205976" bytesdiscarded="10904" />
  <memory-cardclean objects="8296" bytes="329904" />
  <regions eden="23" other="3" />
  <remembered-set-cleared processed="2756" cleared="109" durationms="0.096" />
  <finalization candidates="5" enqueued="0" />
  <references type="soft" candidates="42" cleared="0" enqueued="0" dynamicThreshold="17" maxThreshold="32" />
  <references type="weak" candidates="120" cleared="0" enqueued="0" />
  <stringconstants candidates="13728" cleared="0"  />
</gc-op>
<gc-op id="1727" type="classunload" timems="0.004" contextid="1723" timestamp="2019-06-16T02:56:23.680">
  <classunload-info classloadercandidates="54" classloadersunloaded="0" classesunloaded="0" anonymousclassesunloaded="0" quiescems="0.000" setupms="0.004" scanms="0.000" postms="0.000" />
</gc-op>
<heap-resize id="1728" type="contract" space="default" amount="4194304" count="1" timems="0.057" reason="insufficient time being spent in gc" timestamp="2019-06-16T02:56:23.680" />
<gc-end id="1729" type="partial gc" contextid="1723" durationms="3.050" usertimems="8.000" systemtimems="0.000" timestamp="2019-06-16T02:56:23.680" activeThreads="4">
  <mem-info id="1730" free="33554432" total="66060288" percent="50">
    <mem type="eden" free="1046272" total="1048576" percent="99" />
    <remembered-set count="5600" freebytes="2781952" totalbytes="2804352" percent="99" regionsoverflowed="0" regionsstable="15" regionsrebuilding="0"/>
  </mem-info>
</gc-end>
<cycle-end id="1731" type="partial gc" contextid="1723" timestamp="2019-06-16T02:56:23.680" />
  <attribute name="elasticGC enabled" value="1" />
  <attribute name= "numThreadsSpecified" value="4" />
  <attribute name="heapSize specified" value="0" />
  <attribute name="Current GC Util" value="75" />
  <attribute name= "Current Time Running" value="56043" />
  <attribute name ="GC Interval" value="0" />
  <attribute name="ProportionalT" value="82.500000" />
  <attribute name="ProportionalI" value="82.500000" />
  <attribute name="ProportionalH" value="82.500000" />
  <attribute name="Current Error" value="55.000000" />
  <attribute name="IntegralT" value="55.000000" />
  <attribute name="IntegralI" value="55.000000" />
  <attribute name="IntegralH" value="55.000000" />
  <attribute name="DerivativeT" value="55.000000" />
  <attribute name="DerivativeI" value="55.000000" />
  <attribute name="DerivativeH" value="55.000000" />
  <attribute name="Loop Time for DT" value="1.000000" />
  <attribute name="Output H" value="8388608"/>
  <attribute name="Output I" value="200"/>
  <attribute name="Output T" value="4"/>
  <attribute name="Target GC Util Change" value ="20.000000" />
  <attribute name="Current GC Util Change" value="75.000000"/>
  <attribute name="GC Util currently" value="75" />
  <attribute name="CPU Util currently" value="17267963679598" />
<exclusive-end id="1732" timestamp="2019-06-16T02:56:23.680" durationms="4.143" />

<exclusive-start id="1733" timestamp="2019-06-16T02:56:24.120" intervalms="443.628">
  <response-info timems="0.169" idlems="0.169" threads="0" lastid="0000000001916700" lastname="main" />
</exclusive-start>
<allocation-taxation id="1734" taxation-threshold="23068672" timestamp="2019-06-16T02:56:24.120" intervalms="443.560" />
<cycle-start id="1735" type="partial gc" contextid="0" timestamp="2019-06-16T02:56:24.120" intervalms="443.482" />
<gc-start id="1736" type="partial gc" contextid="1735" timestamp="2019-06-16T02:56:24.120">
  <mem-info id="1737" free="10485760" total="66060288" percent="15">
    <mem type="eden" free="0" total="23068672" percent="0" />
    <remembered-set count="5216" freebytes="2783488" totalbytes="2804352" percent="99" regionsoverflowed="0" regionsstable="15" regionsrebuilding="0"/>
  </mem-info>
</gc-start>
<allocation-stats totalBytes="23067184" >
  <allocated-bytes non-tlh="0" tlh="23067184" arrayletleaf="0"/>
  <largest-consumer threadName="main" threadId="0000000001916700" bytes="23067184" />
</allocation-stats>
<gc-op id="1738" type="copy forward" timems="1.476" contextid="1735" timestamp="2019-06-16T02:56:24.123">
  <memory-copied type="eden" objects="22" bytes="688" bytesdiscarded="0" />
  <memory-copied type="other" objects="14" bytes="320" bytesdiscarded="0" />
  <memory-cardclean objects="1580" bytes="197360" />
  <regions eden="22" other="2" />
  <remembered-set-cleared processed="3539" cleared="48" durationms="0.147" />
  <references type="weak" candidates="2" cleared="0" enqueued="0" />
  <stringconstants candidates="13728" cleared="0"  />
</gc-op>
<gc-op id="1739" type="classunload" timems="0.018" contextid="1735" timestamp="2019-06-16T02:56:24.123">
  <classunload-info classloadercandidates="54" classloadersunloaded="0" classesunloaded="0" anonymousclassesunloaded="0" quiescems="0.000" setupms="0.017" scanms="0.000" postms="0.000" />
</gc-op>
<heap-resize id="1740" type="contract" space="default" amount="4194304" count="1" timems="0.054" reason="insufficient time being spent in gc" timestamp="2019-06-16T02:56:24.123" />
<gc-end id="1741" type="partial gc" contextid="1735" durationms="2.855" usertimems="4.000" systemtimems="0.000" timestamp="2019-06-16T02:56:24.123" activeThreads="1">
  <mem-info id="1742" free="28311552" total="61865984" percent="45">
    <mem type="eden" free="1047888" total="1048576" percent="99" />
    <remembered-set count="4416" freebytes="2619264" totalbytes="2636928" percent="99" regionsoverflowed="0" regionsstable="15" regionsrebuilding="0"/>
  </mem-info>
</gc-end>
<cycle-end id="1743" type="partial gc" contextid="1735" timestamp="2019-06-16T02:56:24.123" />
  <attribute name="elasticGC enabled" value="1" />
  <attribute name= "numThreadsSpecified" value="1" />
  <attribute name="heapSize specified" value="0" />
  <attribute name="Current GC Util" value="42" />
  <attribute name= "Current Time Running" value="56486" />
  <attribute name ="GC Interval" value="0" />
  <attribute name="ProportionalT" value="33.000000" />
  <attribute name="ProportionalI" value="33.000000" />
  <attribute name="ProportionalH" value="33.000000" />
  <attribute name="Current Error" value="22.000000" />
  <attribute name="IntegralT" value="0.000000" />
  <attribute name="IntegralI" value="0.000000" />
  <attribute name="IntegralH" value="0.000000" />
  <attribute name="DerivativeT" value="inf" />
  <attribute name="DerivativeI" value="inf" />
  <attribute name="DerivativeH" value="inf" />
  <attribute name="Loop Time for DT" value="0.000000" />
  <attribute name="Output H" value="8388608"/>
  <attribute name="Output I" value="200"/>
  <attribute name="Output T" value="1"/>
  <attribute name="Target GC Util Change" value ="20.000000" />
  <attribute name="Current GC Util Change" value="42.000000"/>
  <attribute name="GC Util currently" value="42" />
  <attribute name="CPU Util currently" value="10698850440601" />
<exclusive-end id="1744" timestamp="2019-06-16T02:56:24.124" durationms="3.780" />

<exclusive-start id="1745" timestamp="2019-06-16T02:56:25.141" intervalms="1021.419">
  <response-info timems="0.037" idlems="0.037" threads="0" lastid="0000000001916700" lastname="main" />
</exclusive-start>
<allocation-taxation id="1746" taxation-threshold="10485760" timestamp="2019-06-16T02:56:25.141" intervalms="1021.430" />
<cycle-start id="1747" type="global mark phase" contextid="0" timestamp="2019-06-16T02:56:25.142" intervalms="2999.426" />
<gc-start id="1748" type="global mark phase" contextid="1747" timestamp="2019-06-16T02:56:25.142">
  <mem-info id="1749" free="17825792" total="61865984" percent="28">
    <remembered-set count="4384" freebytes="2619392" totalbytes="2636928" percent="99" regionsoverflowed="0" regionsstable="15" regionsrebuilding="0"/>
  </mem-info>
</gc-start>
<gc-op id="1750" type="mark increment" timems="2.820" contextid="1747" timestamp="2019-06-16T02:56:25.145">
  <trace-info objectcount="89100" scancount="60856" scanbytes="2098700" />
</gc-op>
<gc-end id="1751" type="global mark phase" contextid="1747" durationms="3.220" usertimems="8.000" systemtimems="4.000" timestamp="2019-06-16T02:56:25.145" activeThreads="4">
  <mem-info id="1752" free="17825792" total="61865984" percent="28">
    <remembered-set count="25376" freebytes="2535424" totalbytes="2636928" percent="96" regionsoverflowed="0" regionsstable="0" regionsrebuilding="15"/>
  </mem-info>
</gc-end>
<concurrent-start id="1753" type="GMP work packet processing" contextid="1747" timestamp="2019-06-16T02:56:25.145">
  <concurrent-mark-start scanTarget="1877502" />
</concurrent-start>
<concurrent-end id="1754" type="GMP work packet processing" contextid="1747" timestamp="2019-06-16T02:56:25.146">
  <concurrent-mark-end bytesScanned="1927292" reasonForTermination="Work target met" />
</concurrent-end>

<exclusive-end id="1755" timestamp="2019-06-16T02:56:25.146" durationms="5.108" />

<exclusive-start id="1756" timestamp="2019-06-16T02:56:25.263" intervalms="122.053">
  <response-info timems="0.043" idlems="0.043" threads="0" lastid="0000000001916700" lastname="main" />
</exclusive-start>
<allocation-taxation id="1757" taxation-threshold="10485760" timestamp="2019-06-16T02:56:25.263" intervalms="122.052" />
<cycle-start id="1758" type="partial gc" contextid="0" timestamp="2019-06-16T02:56:25.264" intervalms="1143.490" />
<gc-start id="1759" type="partial gc" contextid="1758" timestamp="2019-06-16T02:56:25.264">
  <mem-info id="1760" free="7340032" total="61865984" percent="11">
    <mem type="eden" free="0" total="20971520" percent="0" />
    <remembered-set count="42656" freebytes="2466304" totalbytes="2636928" percent="93" regionsoverflowed="0" regionsstable="0" regionsrebuilding="15"/>
  </mem-info>
</gc-start>
<allocation-stats totalBytes="20970000" >
  <allocated-bytes non-tlh="0" tlh="20970000" arrayletleaf="0"/>
  <largest-consumer threadName="main" threadId="0000000001916700" bytes="10484968" />
</allocation-stats>
<gc-op id="1761" type="copy forward" timems="1.479" contextid="1758" timestamp="2019-06-16T02:56:25.266">
  <memory-copied type="eden" objects="47" bytes="1264" bytesdiscarded="872" />
  <memory-copied type="other" objects="16" bytes="384" bytesdiscarded="608" />
  <memory-cardclean objects="83" bytes="11752" />
  <regions eden="20" other="2" />
  <remembered-set-cleared processed="40581" cleared="119" durationms="0.187" />
  <references type="weak" candidates="4" cleared="0" enqueued="0" />
  <stringconstants candidates="13728" cleared="0"  />
</gc-op>
<gc-op id="1762" type="classunload" timems="0.006" contextid="1758" timestamp="2019-06-16T02:56:25.266">
  <classunload-info classloadercandidates="54" classloadersunloaded="0" classesunloaded="0" anonymousclassesunloaded="0" quiescems="0.000" setupms="0.006" scanms="0.000" postms="0.000" />
</gc-op>
<gc-end id="1763" type="partial gc" contextid="1758" durationms="2.499" usertimems="0.000" systemtimems="4.000" timestamp="2019-06-16T02:56:25.266" activeThreads="4">
  <mem-info id="1764" free="27262976" total="61865984" percent="44">
    <mem type="eden" free="1046440" total="1048576" percent="99" />
    <remembered-set count="43328" freebytes="2296192" totalbytes="2469504" percent="92" regionsoverflowed="0" regionsstable="0" regionsrebuilding="15"/>
  </mem-info>
</gc-end>
<cycle-end id="1765" type="partial gc" contextid="1758" timestamp="2019-06-16T02:56:25.267" />
  <attribute name="elasticGC enabled" value="1" />
  <attribute name= "numThreadsSpecified" value="4" />
  <attribute name="heapSize specified" value="0" />
  <attribute name="Current GC Util" value="41" />
  <attribute name= "Current Time Running" value="57630" />
  <attribute name ="GC Interval" value="0" />
  <attribute name="ProportionalT" value="31.500000" />
  <attribute name="ProportionalI" value="31.500000" />
  <attribute name="ProportionalH" value="31.500000" />
  <attribute name="Current Error" value="21.000000" />
  <attribute name="IntegralT" value="21.000000" />
  <attribute name="IntegralI" value="21.000000" />
  <attribute name="IntegralH" value="21.000000" />
  <attribute name="DerivativeT" value="21.000000" />
  <attribute name="DerivativeI" value="21.000000" />
  <attribute name="DerivativeH" value="21.000000" />
  <attribute name="Loop Time for DT" value="1.000000" />
  <attribute name="Output H" value="8388608"/>
  <attribute name="Output I" value="200"/>
  <attribute name="Output T" value="4"/>
  <attribute name="Target GC Util Change" value ="20.000000" />
  <attribute name="Current GC Util Change" value="41.000000"/>
  <attribute name="GC Util currently" value="41" />
  <attribute name="CPU Util currently" value="11373988461379" />
<exclusive-end id="1766" timestamp="2019-06-16T02:56:25.267" durationms="3.398" />

<exclusive-start id="1767" timestamp="2019-06-16T02:56:25.305" intervalms="41.442">
  <response-info timems="0.045" idlems="0.045" threads="0" lastid="0000000001916700" lastname="main" />
</exclusive-start>
<allocation-taxation id="1768" taxation-threshold="10485760" timestamp="2019-06-16T02:56:25.305" intervalms="41.454" />
<gc-start id="1769" type="global mark phase" contextid="1747" timestamp="2019-06-16T02:56:25.305">
  <mem-info id="1770" free="16777216" total="61865984" percent="27">
    <remembered-set count="42944" freebytes="2297728" totalbytes="2469504" percent="93" regionsoverflowed="0" regionsstable="0" regionsrebuilding="15"/>
  </mem-info>
</gc-start>
<gc-end id="1771" type="global mark phase" contextid="1747" durationms="0.101" usertimems="0.000" systemtimems="0.000" timestamp="2019-06-16T02:56:25.305" activeThreads="4">
  <mem-info id="1772" free="16777216" total="61865984" percent="27">
    <remembered-set count="42944" freebytes="2297728" totalbytes="2469504" percent="93" regionsoverflowed="0" regionsstable="0" regionsrebuilding="15"/>
  </mem-info>
</gc-end>
<concurrent-start id="1773" type="GMP work packet processing" contextid="1747" timestamp="2019-06-16T02:56:25.305">
  <concurrent-mark-start scanTarget="3755005" />
</concurrent-start>
<concurrent-end id="1774" type="GMP work packet processing" contextid="1747" timestamp="2019-06-16T02:56:25.307">
  <concurrent-mark-end bytesScanned="3806936" reasonForTermination="Work target met" />
</concurrent-end>

<exclusive-end id="1775" timestamp="2019-06-16T02:56:25.307" durationms="2.474" />

<exclusive-start id="1776" timestamp="2019-06-16T02:56:25.334" intervalms="28.880">
  <response-info timems="0.102" idlems="0.102" threads="0" lastid="0000000001916700" lastname="main" />
</exclusive-start>
<allocation-taxation id="1777" taxation-threshold="10485760" timestamp="2019-06-16T02:56:25.334" intervalms="28.859" />
<cycle-start id="1778" type="partial gc" contextid="0" timestamp="2019-06-16T02:56:25.334" intervalms="70.313" />
<gc-start id="1779" type="partial gc" contextid="1778" timestamp="2019-06-16T02:56:25.334">
  <mem-info id="1780" free="6291456" total="61865984" percent="10">
    <mem type="eden" free="0" total="20971520" percent="0" />
    <remembered-set count="68096" freebytes="2197120" totalbytes="2469504" percent="88" regionsoverflowed="0" regionsstable="0" regionsrebuilding="15"/>
  </mem-info>
</gc-start>
<allocation-stats totalBytes="20969888" >
  <allocated-bytes non-tlh="0" tlh="20969888" arrayletleaf="0"/>
  <largest-consumer threadName="main" threadId="0000000001916700" bytes="10484936" />
</allocation-stats>
<gc-op id="1781" type="copy forward" timems="1.492" contextid="1778" timestamp="2019-06-16T02:56:25.336">
  <memory-copied type="eden" objects="2" bytes="48" bytesdiscarded="0" />
  <memory-copied type="other" objects="49" bytes="1328" bytesdiscarded="0" />
  <memory-cardclean objects="62" bytes="10888" />
  <regions eden="20" other="2" />
  <remembered-set-cleared processed="65414" cleared="72" durationms="0.531" />
  <references type="weak" candidates="2" cleared="0" enqueued="0" />
  <stringconstants candidates="13728" cleared="0"  />
</gc-op>
<gc-op id="1782" type="classunload" timems="0.005" contextid="1778" timestamp="2019-06-16T02:56:25.336">
  <classunload-info classloadercandidates="54" classloadersunloaded="0" classesunloaded="0" anonymousclassesunloaded="0" quiescems="0.000" setupms="0.005" scanms="0.000" postms="0.000" />
</gc-op>
<gc-end id="1783" type="partial gc" contextid="1778" durationms="2.520" usertimems="8.000" systemtimems="0.000" timestamp="2019-06-16T02:56:25.337" activeThreads="1">
  <mem-info id="1784" free="26214400" total="61865984" percent="42">
    <mem type="eden" free="1048528" total="1048576" percent="99" />
    <remembered-set count="68256" freebytes="2196480" totalbytes="2469504" percent="88" regionsoverflowed="0" regionsstable="0" regionsrebuilding="15"/>
  </mem-info>
</gc-end>
<cycle-end id="1785" type="partial gc" contextid="1778" timestamp="2019-06-16T02:56:25.337" />
  <attribute name="elasticGC enabled" value="1" />
  <attribute name= "numThreadsSpecified" value="1" />
  <attribute name="heapSize specified" value="0" />
  <attribute name="Current GC Util" value="82" />
  <attribute name= "Current Time Running" value="57700" />
  <attribute name ="GC Interval" value="0" />
  <attribute name="ProportionalT" value="93.000000" />
  <attribute name="ProportionalI" value="93.000000" />
  <attribute name="ProportionalH" value="93.000000" />
  <attribute name="Current Error" value="62.000000" />
  <attribute name="IntegralT" value="0.000000" />
  <attribute name="IntegralI" value="0.000000" />
  <attribute name="IntegralH" value="0.000000" />
  <attribute name="DerivativeT" value="inf" />
  <attribute name="DerivativeI" value="inf" />
  <attribute name="DerivativeH" value="inf" />
  <attribute name="Loop Time for DT" value="0.000000" />
  <attribute name="Output H" value="8388608"/>
  <attribute name="Output I" value="200"/>
  <attribute name="Output T" value="1"/>
  <attribute name="Target GC Util Change" value ="20.000000" />
  <attribute name="Current GC Util Change" value="82.000000"/>
  <attribute name="GC Util currently" value="82" />
  <attribute name="CPU Util currently" value="22600210665411" />
<exclusive-end id="1786" timestamp="2019-06-16T02:56:25.337" durationms="3.503" />

<exclusive-start id="1787" timestamp="2019-06-16T02:56:25.364" intervalms="30.131">
  <response-info timems="0.078" idlems="0.078" threads="0" lastid="0000000001916700" lastname="main" />
</exclusive-start>
<allocation-taxation id="1788" taxation-threshold="10485760" timestamp="2019-06-16T02:56:25.364" intervalms="30.121" />
<gc-start id="1789" type="global mark phase" contextid="1747" timestamp="2019-06-16T02:56:25.364">
  <mem-info id="1790" free="15728640" total="61865984" percent="25">
    <remembered-set count="68096" freebytes="2197120" totalbytes="2469504" percent="88" regionsoverflowed="0" regionsstable="0" regionsrebuilding="15"/>
  </mem-info>
</gc-start>
<gc-end id="1791" type="global mark phase" contextid="1747" durationms="0.101" usertimems="0.000" systemtimems="0.000" timestamp="2019-06-16T02:56:25.364" activeThreads="1">
  <mem-info id="1792" free="15728640" total="61865984" percent="25">
    <remembered-set count="68096" freebytes="2197120" totalbytes="2469504" percent="88" regionsoverflowed="0" regionsstable="0" regionsrebuilding="15"/>
  </mem-info>
</gc-end>
<concurrent-start id="1793" type="GMP work packet processing" contextid="1747" timestamp="2019-06-16T02:56:25.364">
  <concurrent-mark-start scanTarget="2346878" />
</concurrent-start>
<concurrent-end id="1794" type="GMP work packet processing" contextid="1747" timestamp="2019-06-16T02:56:25.366">
  <concurrent-mark-end bytesScanned="2389896" reasonForTermination="Work target met" />
</concurrent-end>

<exclusive-end id="1795" timestamp="2019-06-16T02:56:25.366" durationms="1.932" />

<exclusive-start id="1796" timestamp="2019-06-16T02:56:25.400" intervalms="35.894">
  <response-info timems="0.042" idlems="0.042" threads="0" lastid="0000000001916700" lastname="main" />
</exclusive-start>
<allocation-taxation id="1797" taxation-threshold="10485760" timestamp="2019-06-16T02:56:25.400" intervalms="35.867" />
<cycle-start id="1798" type="partial gc" contextid="0" timestamp="2019-06-16T02:56:25.400" intervalms="65.999" />
<gc-start id="1799" type="partial gc" contextid="1798" timestamp="2019-06-16T02:56:25.400">
  <mem-info id="1800" free="5242880" total="61865984" percent="8">
    <mem type="eden" free="1048528" total="22020096" percent="4" />
    <remembered-set count="90240" freebytes="2108544" totalbytes="2469504" percent="85" regionsoverflowed="0" regionsstable="0" regionsrebuilding="15"/>
  </mem-info>
</gc-start>
<allocation-stats totalBytes="20970080" >
  <allocated-bytes non-tlh="0" tlh="20970080" arrayletleaf="0"/>
  <largest-consumer threadName="main" threadId="0000000001916700" bytes="10484840" />
</allocation-stats>
<gc-op id="1801" type="copy forward" timems="1.369" contextid="1798" timestamp="2019-06-16T02:56:25.402">
  <memory-copied type="eden" objects="32" bytes="952" bytesdiscarded="1328" />
  <memory-copied type="other" objects="7" bytes="160" bytesdiscarded="0" />
  <memory-cardclean objects="82" bytes="3152" />
  <regions eden="20" other="2" />
  <remembered-set-cleared processed="87877" cleared="45" durationms="0.366" />
  <stringconstants candidates="13728" cleared="0"  />
</gc-op>
<gc-op id="1802" type="classunload" timems="0.006" contextid="1798" timestamp="2019-06-16T02:56:25.402">
  <classunload-info classloadercandidates="54" classloadersunloaded="0" classesunloaded="0" anonymousclassesunloaded="0" quiescems="0.000" setupms="0.005" scanms="0.000" postms="0.000" />
</gc-op>
<gc-end id="1803" type="partial gc" contextid="1798" durationms="2.284" usertimems="0.000" systemtimems="8.000" timestamp="2019-06-16T02:56:25.402" activeThreads="4">
  <mem-info id="1804" free="26214400" total="61865984" percent="42">
    <mem type="eden" free="1046296" total="1048576" percent="99" />
    <remembered-set count="91520" freebytes="2103424" totalbytes="2469504" percent="85" regionsoverflowed="0" regionsstable="0" regionsrebuilding="15"/>
  </mem-info>
</gc-end>
<cycle-end id="1805" type="partial gc" contextid="1798" timestamp="2019-06-16T02:56:25.403" />
  <attribute name="elasticGC enabled" value="1" />
  <attribute name= "numThreadsSpecified" value="4" />
  <attribute name="heapSize specified" value="0" />
  <attribute name="Current GC Util" value="69" />
  <attribute name= "Current Time Running" value="57766" />
  <attribute name ="GC Interval" value="0" />
  <attribute name="ProportionalT" value="73.500000" />
  <attribute name="ProportionalI" value="73.500000" />
  <attribute name="ProportionalH" value="73.500000" />
  <attribute name="Current Error" value="49.000000" />
  <attribute name="IntegralT" value="49.000000" />
  <attribute name="IntegralI" value="49.000000" />
  <attribute name="IntegralH" value="49.000000" />
  <attribute name="DerivativeT" value="49.000000" />
  <attribute name="DerivativeI" value="49.000000" />
  <attribute name="DerivativeH" value="49.000000" />
  <attribute name="Loop Time for DT" value="1.000000" />
  <attribute name="Output H" value="8388608"/>
  <attribute name="Output I" value="200"/>
  <attribute name="Output T" value="4"/>
  <attribute name="Target GC Util Change" value ="20.000000" />
  <attribute name="Current GC Util Change" value="69.000000"/>
  <attribute name="GC Util currently" value="69" />
  <attribute name="CPU Util currently" value="20514891155920" />
<exclusive-end id="1806" timestamp="2019-06-16T02:56:25.403" durationms="3.104" />

<exclusive-start id="1807" timestamp="2019-06-16T02:56:25.440" intervalms="40.103">
  <response-info timems="0.037" idlems="0.037" threads="0" lastid="0000000001916700" lastname="main" />
</exclusive-start>
<allocation-taxation id="1808" taxation-threshold="10485760" timestamp="2019-06-16T02:56:25.440" intervalms="40.122" />
<gc-start id="1809" type="global mark phase" contextid="1747" timestamp="2019-06-16T02:56:25.440">
  <mem-info id="1810" free="15728640" total="61865984" percent="25">
    <remembered-set count="91040" freebytes="2105344" totalbytes="2469504" percent="85" regionsoverflowed="0" regionsstable="0" regionsrebuilding="15"/>
  </mem-info>
</gc-start>
<gc-end id="1811" type="global mark phase" contextid="1747" durationms="0.065" usertimems="0.000" systemtimems="0.000" timestamp="2019-06-16T02:56:25.440" activeThreads="4">
  <mem-info id="1812" free="15728640" total="61865984" percent="25">
    <remembered-set count="91040" freebytes="2105344" totalbytes="2469504" percent="85" regionsoverflowed="0" regionsstable="0" regionsrebuilding="15"/>
  </mem-info>
</gc-end>
<concurrent-start id="1813" type="GMP work packet processing" contextid="1747" timestamp="2019-06-16T02:56:25.440">
  <concurrent-mark-start scanTarget="1877502" />
</concurrent-start>
<concurrent-end id="1814" type="GMP work packet processing" contextid="1747" timestamp="2019-06-16T02:56:25.441">
  <concurrent-mark-end bytesScanned="1955656" reasonForTermination="Work target met" />
</concurrent-end>

<exclusive-end id="1815" timestamp="2019-06-16T02:56:25.441" durationms="1.745" />

<exclusive-start id="1816" timestamp="2019-06-16T02:56:25.477" intervalms="37.560">
  <response-info timems="0.099" idlems="0.099" threads="0" lastid="0000000001916700" lastname="main" />
</exclusive-start>
<allocation-taxation id="1817" taxation-threshold="10485760" timestamp="2019-06-16T02:56:25.477" intervalms="37.580" />
<cycle-start id="1818" type="partial gc" contextid="0" timestamp="2019-06-16T02:56:25.478" intervalms="77.693" />
<gc-start id="1819" type="partial gc" contextid="1818" timestamp="2019-06-16T02:56:25.478">
  <mem-info id="1820" free="5242880" total="61865984" percent="8">
    <mem type="eden" free="0" total="20971520" percent="0" />
    <remembered-set count="111776" freebytes="2022400" totalbytes="2469504" percent="81" regionsoverflowed="0" regionsstable="0" regionsrebuilding="15"/>
  </mem-info>
</gc-start>
<allocation-stats totalBytes="20970136" >
  <allocated-bytes non-tlh="0" tlh="20970136" arrayletleaf="0"/>
  <largest-consumer threadName="main" threadId="0000000001916700" bytes="10485072" />
</allocation-stats>
<gc-op id="1821" type="copy forward" timems="1.791" contextid="1818" timestamp="2019-06-16T02:56:25.480">
  <memory-copied type="eden" objects="12" bytes="320" bytesdiscarded="0" />
  <memory-copied type="other" objects="30" bytes="840" bytesdiscarded="0" />
  <memory-cardclean objects="82" bytes="3520" />
  <regions eden="20" other="2" />
  <remembered-set-cleared processed="109247" cleared="65" durationms="0.764" />
  <stringconstants candidates="13728" cleared="0"  />
</gc-op>
<gc-op id="1822" type="classunload" timems="0.007" contextid="1818" timestamp="2019-06-16T02:56:25.480">
  <classunload-info classloadercandidates="54" classloadersunloaded="0" classesunloaded="0" anonymousclassesunloaded="0" quiescems="0.000" setupms="0.007" scanms="0.000" postms="0.000" />
</gc-op>
<gc-end id="1823" type="partial gc" contextid="1818" durationms="2.764" usertimems="8.000" systemtimems="4.000" timestamp="2019-06-16T02:56:25.481" activeThreads="1">
  <mem-info id="1824" free="25165824" total="61865984" percent="40">
    <mem type="eden" free="1048256" total="1048576" percent="99" />
    <remembered-set count="111872" freebytes="2022016" totalbytes="2469504" percent="81" regionsoverflowed="0" regionsstable="0" regionsrebuilding="15"/>
  </mem-info>
</gc-end>
<cycle-end id="1825" type="partial gc" contextid="1818" timestamp="2019-06-16T02:56:25.481" />
  <attribute name="elasticGC enabled" value="1" />
  <attribute name= "numThreadsSpecified" value="1" />
  <attribute name="heapSize specified" value="0" />
  <attribute name="Current GC Util" value="83" />
  <attribute name= "Current Time Running" value="57843" />
  <attribute name ="GC Interval" value="0" />
  <attribute name="ProportionalT" value="94.500000" />
  <attribute name="ProportionalI" value="94.500000" />
  <attribute name="ProportionalH" value="94.500000" />
  <attribute name="Current Error" value="63.000000" />
  <attribute name="IntegralT" value="0.000000" />
  <attribute name="IntegralI" value="0.000000" />
  <attribute name="IntegralH" value="0.000000" />
  <attribute name="DerivativeT" value="inf" />
  <attribute name="DerivativeI" value="inf" />
  <attribute name="DerivativeH" value="inf" />
  <attribute name="Loop Time for DT" value="0.000000" />
  <attribute name="Output H" value="8388608"/>
  <attribute name="Output I" value="200"/>
  <attribute name="Output T" value="1"/>
  <attribute name="Target GC Util Change" value ="20.000000" />
  <attribute name="Current GC Util Change" value="83.000000"/>
  <attribute name="GC Util currently" value="83" />
  <attribute name="CPU Util currently" value="23029757886412" />
<exclusive-end id="1826" timestamp="2019-06-16T02:56:25.481" durationms="3.677" />

<exclusive-start id="1827" timestamp="2019-06-16T02:56:25.517" intervalms="39.235">
  <response-info timems="0.063" idlems="0.063" threads="0" lastid="0000000001916700" lastname="main" />
</exclusive-start>
<allocation-taxation id="1828" taxation-threshold="10485760" timestamp="2019-06-16T02:56:25.517" intervalms="39.229" />
<gc-start id="1829" type="global mark phase" contextid="1747" timestamp="2019-06-16T02:56:25.517">
  <mem-info id="1830" free="14680064" total="61865984" percent="23">
    <remembered-set count="111680" freebytes="2022784" totalbytes="2469504" percent="81" regionsoverflowed="0" regionsstable="0" regionsrebuilding="15"/>
  </mem-info>
</gc-start>
<gc-end id="1831" type="global mark phase" contextid="1747" durationms="0.099" usertimems="0.000" systemtimems="0.000" timestamp="2019-06-16T02:56:25.517" activeThreads="1">
  <mem-info id="1832" free="14680064" total="61865984" percent="23">
    <remembered-set count="111680" freebytes="2022784" totalbytes="2469504" percent="81" regionsoverflowed="0" regionsstable="0" regionsrebuilding="15"/>
  </mem-info>
</gc-end>
<concurrent-start id="1833" type="GMP work packet processing" contextid="1747" timestamp="2019-06-16T02:56:25.517">
  <concurrent-mark-start scanTarget="1048576" />
</concurrent-start>
<concurrent-end id="1834" type="GMP work packet processing" contextid="1747" timestamp="2019-06-16T02:56:25.518">
  <concurrent-mark-end bytesScanned="1100908" reasonForTermination="Work target met" />
</concurrent-end>

<exclusive-end id="1835" timestamp="2019-06-16T02:56:25.518" durationms="1.338" />

<exclusive-start id="1836" timestamp="2019-06-16T02:56:25.554" intervalms="37.108">
  <response-info timems="0.037" idlems="0.037" threads="0" lastid="0000000001916700" lastname="main" />
</exclusive-start>
<allocation-taxation id="1837" taxation-threshold="10485760" timestamp="2019-06-16T02:56:25.554" intervalms="37.120" />
<cycle-start id="1838" type="partial gc" contextid="0" timestamp="2019-06-16T02:56:25.554" intervalms="76.348" />
<gc-start id="1839" type="partial gc" contextid="1838" timestamp="2019-06-16T02:56:25.554">
  <mem-info id="1840" free="4194304" total="61865984" percent="6">
    <mem type="eden" free="1048256" total="22020096" percent="4" />
    <remembered-set count="124160" freebytes="1972864" totalbytes="2469504" percent="79" regionsoverflowed="0" regionsstable="0" regionsrebuilding="15"/>
  </mem-info>
</gc-start>
<allocation-stats totalBytes="20970136" >
  <allocated-bytes non-tlh="0" tlh="20970136" arrayletleaf="0"/>
  <largest-consumer threadName="main" threadId="0000000001916700" bytes="10485096" />
</allocation-stats>
<gc-op id="1841" type="copy forward" timems="1.810" contextid="1838" timestamp="2019-06-16T02:56:25.557">
  <memory-copied type="eden" objects="14" bytes="360" bytesdiscarded="0" />
  <memory-copied type="other" objects="30" bytes="880" bytesdiscarded="0" />
  <memory-cardclean objects="54" bytes="2384" />
  <regions eden="20" other="2" />
  <remembered-set-cleared processed="121331" cleared="62" durationms="0.863" />
  <stringconstants candidates="13728" cleared="0"  />
</gc-op>
<gc-op id="1842" type="classunload" timems="0.004" contextid="1838" timestamp="2019-06-16T02:56:25.557">
  <classunload-info classloadercandidates="54" classloadersunloaded="0" classesunloaded="0" anonymousclassesunloaded="0" quiescems="0.000" setupms="0.003" scanms="0.000" postms="0.000" />
</gc-op>
<gc-end id="1843" type="partial gc" contextid="1838" durationms="2.848" usertimems="8.000" systemtimems="0.000" timestamp="2019-06-16T02:56:25.557" activeThreads="1">
  <mem-info id="1844" free="25165824" total="61865984" percent="40">
    <mem type="eden" free="1048216" total="1048576" percent="99" />
    <remembered-set count="124544" freebytes="1971328" totalbytes="2469504" percent="79" regionsoverflowed="0" regionsstable="0" regionsrebuilding="15"/>
  </mem-info>
</gc-end>
<cycle-end id="1845" type="partial gc" contextid="1838" timestamp="2019-06-16T02:56:25.557" />
  <attribute name="elasticGC enabled" value="1" />
  <attribute name= "numThreadsSpecified" value="1" />
  <attribute name="heapSize specified" value="0" />
  <attribute name="Current GC Util" value="65" />
  <attribute name= "Current Time Running" value="57920" />
  <attribute name ="GC Interval" value="0" />
  <attribute name="ProportionalT" value="67.500000" />
  <attribute name="ProportionalI" value="67.500000" />
  <attribute name="ProportionalH" value="67.500000" />
  <attribute name="Current Error" value="45.000000" />
  <attribute name="IntegralT" value="0.000000" />
  <attribute name="IntegralI" value="0.000000" />
  <attribute name="IntegralH" value="0.000000" />
  <attribute name="DerivativeT" value="inf" />
  <attribute name="DerivativeI" value="inf" />
  <attribute name="DerivativeH" value="inf" />
  <attribute name="Loop Time for DT" value="0.000000" />
  <attribute name="Output H" value="8388608"/>
  <attribute name="Output I" value="200"/>
  <attribute name="Output T" value="1"/>
  <attribute name="Target GC Util Change" value ="20.000000" />
  <attribute name="Current GC Util Change" value="65.000000"/>
  <attribute name="GC Util currently" value="65" />
  <attribute name="CPU Util currently" value="19987023962125" />
<exclusive-end id="1846" timestamp="2019-06-16T02:56:25.557" durationms="3.873" />

<exclusive-start id="1847" timestamp="2019-06-16T02:56:25.629" intervalms="75.089">
  <response-info timems="0.040" idlems="0.040" threads="0" lastid="0000000001916700" lastname="main" />
</exclusive-start>
<allocation-taxation id="1848" taxation-threshold="10485760" timestamp="2019-06-16T02:56:25.629" intervalms="75.093" />
<gc-start id="1849" type="global mark phase" contextid="1747" timestamp="2019-06-16T02:56:25.629">
  <mem-info id="1850" free="14680064" total="61865984" percent="23">
    <remembered-set count="124160" freebytes="1972864" totalbytes="2469504" percent="79" regionsoverflowed="0" regionsstable="0" regionsrebuilding="15"/>
  </mem-info>
</gc-start>
<gc-end id="1851" type="global mark phase" contextid="1747" durationms="0.109" usertimems="0.000" systemtimems="0.000" timestamp="2019-06-16T02:56:25.629" activeThreads="1">
  <mem-info id="1852" free="14680064" total="61865984" percent="23">
    <remembered-set count="124160" freebytes="1972864" totalbytes="2469504" percent="79" regionsoverflowed="0" regionsstable="0" regionsrebuilding="15"/>
  </mem-info>
</gc-end>
<concurrent-start id="1853" type="GMP work packet processing" contextid="1747" timestamp="2019-06-16T02:56:25.629">
  <concurrent-mark-start scanTarget="1048576" />
</concurrent-start>
<concurrent-end id="1854" type="GMP work packet processing" contextid="1747" timestamp="2019-06-16T02:56:25.630">
  <concurrent-mark-end bytesScanned="285624" reasonForTermination="Completed all work in GC phase" />
</concurrent-end>

<exclusive-end id="1855" timestamp="2019-06-16T02:56:25.630" durationms="0.987" />

<exclusive-start id="1856" timestamp="2019-06-16T02:56:25.690" intervalms="60.989">
  <response-info timems="0.033" idlems="0.033" threads="0" lastid="0000000001916700" lastname="main" />
</exclusive-start>
<allocation-taxation id="1857" taxation-threshold="10485760" timestamp="2019-06-16T02:56:25.690" intervalms="60.981" />
<cycle-start id="1858" type="partial gc" contextid="0" timestamp="2019-06-16T02:56:25.690" intervalms="136.072" />
<gc-start id="1859" type="partial gc" contextid="1858" timestamp="2019-06-16T02:56:25.690">
  <mem-info id="1860" free="4194304" total="61865984" percent="6">
    <mem type="eden" free="1048216" total="22020096" percent="4" />
    <remembered-set count="128480" freebytes="1955584" totalbytes="2469504" percent="79" regionsoverflowed="0" regionsstable="0" regionsrebuilding="15"/>
  </mem-info>
</gc-start>
<allocation-stats totalBytes="20969968" >
  <allocated-bytes non-tlh="0" tlh="20969968" arrayletleaf="0"/>
  <largest-consumer threadName="main" threadId="0000000001916700" bytes="10484976" />
</allocation-stats>
<gc-op id="1861" type="copy forward" timems="1.826" contextid="1858" timestamp="2019-06-16T02:56:25.693">
  <memory-copied type="eden" objects="42" bytes="1248" bytesdiscarded="0" />
  <memory-copied type="other" objects="43" bytes="1480" bytesdiscarded="0" />
  <memory-cardclean objects="121" bytes="12928" />
  <regions eden="20" other="2" />
  <remembered-set-cleared processed="125808" cleared="94" durationms="0.891" />
  <references type="weak" candidates="2" cleared="0" enqueued="0" />
  <stringconstants candidates="13728" cleared="0"  />
</gc-op>
<gc-op id="1862" type="classunload" timems="0.007" contextid="1858" timestamp="2019-06-16T02:56:25.693">
  <classunload-info classloadercandidates="54" classloadersunloaded="0" classesunloaded="0" anonymousclassesunloaded="0" quiescems="0.000" setupms="0.007" scanms="0.000" postms="0.000" />
</gc-op>
<heap-resize id="1863" type="contract" space="default" amount="3145728" count="1" timems="0.249" reason="insufficient time being spent in gc" timestamp="2019-06-16T02:56:25.693" />
<gc-end id="1864" type="partial gc" contextid="1858" durationms="3.200" usertimems="12.000" systemtimems="0.000" timestamp="2019-06-16T02:56:25.694" activeThreads="1">
  <mem-info id="1865" free="22020096" total="58720256" percent="37">
    <mem type="eden" free="1047328" total="1048576" percent="99" />
    <remembered-set count="128704" freebytes="1954688" totalbytes="2469504" percent="79" regionsoverflowed="0" regionsstable="0" regionsrebuilding="15"/>
  </mem-info>
</gc-end>
<cycle-end id="1866" type="partial gc" contextid="1858" timestamp="2019-06-16T02:56:25.694" />
  <attribute name="elasticGC enabled" value="1" />
  <attribute name= "numThreadsSpecified" value="1" />
  <attribute name="heapSize specified" value="0" />
  <attribute name="Current GC Util" value="78" />
  <attribute name= "Current Time Running" value="58056" />
  <attribute name ="GC Interval" value="0" />
  <attribute name="ProportionalT" value="87.000000" />
  <attribute name="ProportionalI" value="87.000000" />
  <attribute name="ProportionalH" value="87.000000" />
  <attribute name="Current Error" value="58.000000" />
  <attribute name="IntegralT" value="0.000000" />
  <attribute name="IntegralI" value="0.000000" />
  <attribute name="IntegralH" value="0.000000" />
  <attribute name="DerivativeT" value="inf" />
  <attribute name="DerivativeI" value="inf" />
  <attribute name="DerivativeH" value="inf" />
  <attribute name="Loop Time for DT" value="0.000000" />
  <attribute name="Output H" value="8388608"/>
  <attribute name="Output I" value="200"/>
  <attribute name="Output T" value="1"/>
  <attribute name="Target GC Util Change" value ="20.000000" />
  <attribute name="Current GC Util Change" value="78.000000"/>
  <attribute name="GC Util currently" value="78" />
  <attribute name="CPU Util currently" value="22805629530561" />
<exclusive-end id="1867" timestamp="2019-06-16T02:56:25.694" durationms="4.124" />

<exclusive-start id="1868" timestamp="2019-06-16T02:56:25.754" intervalms="64.156">
  <response-info timems="0.045" idlems="0.045" threads="0" lastid="0000000001916700" lastname="main" />
</exclusive-start>
<allocation-taxation id="1869" taxation-threshold="10485760" timestamp="2019-06-16T02:56:25.754" intervalms="64.171" />
<gc-start id="1870" type="global mark phase" contextid="1747" timestamp="2019-06-16T02:56:25.754">
  <mem-info id="1871" free="11534336" total="58720256" percent="19">
    <remembered-set count="128480" freebytes="1955584" totalbytes="2469504" percent="79" regionsoverflowed="0" regionsstable="0" regionsrebuilding="15"/>
  </mem-info>
</gc-start>
<gc-op id="1872" type="mark increment" timems="1.192" contextid="1747" timestamp="2019-06-16T02:56:25.755">
  <trace-info objectcount="39" scancount="39" scanbytes="1124" />
  <cardclean-info objects="228" bytes="16212" />
  <finalization candidates="79" enqueued="0" />
  <ownableSynchronizers candidates="23" cleared="0" />
  <references type="soft" candidates="4650" cleared="116" enqueued="113" dynamicThreshold="12" maxThreshold="32" />
  <references type="weak" candidates="5595" cleared="0" enqueued="0" />
  <references type="phantom" candidates="100" cleared="0" enqueued="0" />
  <stringconstants candidates="13728" cleared="0"  />
</gc-op>
<gc-op id="1873" type="classunload" timems="0.009" contextid="1747" timestamp="2019-06-16T02:56:25.756">
  <classunload-info classloadercandidates="54" classloadersunloaded="0" classesunloaded="0" anonymousclassesunloaded="0" quiescems="0.000" setupms="0.009" scanms="0.000" postms="0.000" />
</gc-op>
<gc-end id="1874" type="global mark phase" contextid="1747" durationms="1.518" usertimems="4.000" systemtimems="0.000" timestamp="2019-06-16T02:56:25.756" activeThreads="4">
  <mem-info id="1875" free="11534336" total="58720256" percent="19">
    <pending-finalizers system="0" default="0" reference="113" classloader="0" />
    <remembered-set count="130016" freebytes="1949440" totalbytes="2469504" percent="78" regionsoverflowed="0" regionsstable="0" regionsrebuilding="0"/>
  </mem-info>
</gc-end>
<cycle-end id="1876" type="global mark phase" contextid="1747" timestamp="2019-06-16T02:56:25.756" />
  <attribute name="elasticGC enabled" value="1" />
  <attribute name= "numThreadsSpecified" value="4" />
  <attribute name="heapSize specified" value="0" />
  <attribute name="Current GC Util" value="29" />
  <attribute name= "Current Time Running" value="58120" />
  <attribute name ="GC Interval" value="0" />
  <attribute name="ProportionalT" value="13.500000" />
  <attribute name="ProportionalI" value="13.500000" />
  <attribute name="ProportionalH" value="13.500000" />
  <attribute name="Current Error" value="9.000000" />
  <attribute name="IntegralT" value="0.000000" />
  <attribute name="IntegralI" value="0.000000" />
  <attribute name="IntegralH" value="0.000000" />
  <attribute name="DerivativeT" value="-inf" />
  <attribute name="DerivativeI" value="-inf" />
  <attribute name="DerivativeH" value="-inf" />
  <attribute name="Loop Time for DT" value="0.000000" />
  <attribute name="Output H" value="2091843584"/>
  <attribute name="Output I" value="200"/>
  <attribute name="Output T" value="4"/>
  <attribute name="Target GC Util Change" value ="20.000000" />
  <attribute name="Current GC Util Change" value="29.000000"/>
  <attribute name="GC Util currently" value="29" />
  <attribute name="CPU Util currently" value="26899237569835" />
<exclusive-end id="1877" timestamp="2019-06-16T02:56:25.756" durationms="2.044" />

<exclusive-start id="1878" timestamp="2019-06-16T02:56:25.816" intervalms="61.962">
  <response-info timems="0.042" idlems="0.042" threads="0" lastid="0000000001916700" lastname="main" />
</exclusive-start>
<allocation-taxation id="1879" taxation-threshold="10485760" timestamp="2019-06-16T02:56:25.816" intervalms="61.959" />
<cycle-start id="1880" type="partial gc" contextid="0" timestamp="2019-06-16T02:56:25.816" intervalms="126.130" />
<gc-start id="1881" type="partial gc" contextid="1880" timestamp="2019-06-16T02:56:25.816">
  <mem-info id="1882" free="1048576" total="58720256" percent="1">
    <mem type="eden" free="0" total="20971520" percent="0" />
    <remembered-set count="81088" freebytes="2145152" totalbytes="2469504" percent="86" regionsoverflowed="0" regionsstable="13" regionsrebuilding="0"/>
  </mem-info>
</gc-start>
<allocation-stats totalBytes="20969840" >
  <allocated-bytes non-tlh="0" tlh="20969840" arrayletleaf="0"/>
  <largest-consumer threadName="main" threadId="0000000001916700" bytes="10485000" />
</allocation-stats>
<gc-op id="1883" type="sweep" timems="0.580" contextid="1880" timestamp="2019-06-16T02:56:25.817" />
<gc-op id="1884" type="copy forward" timems="2.497" contextid="1880" timestamp="2019-06-16T02:56:25.821">
  <memory-copied type="eden" objects="8" bytes="224" bytesdiscarded="0" />
  <memory-copied type="other" objects="20" bytes="656" bytesdiscarded="656" />
  <memory-cardclean objects="74672" bytes="2703552" />
  <regions eden="10" other="2" />
  <remembered-set-cleared processed="61197" cleared="18963" durationms="0.515" />
  <references type="weak" candidates="2" cleared="0" enqueued="0" />
  <stringconstants candidates="13728" cleared="0"  />
</gc-op>
<gc-op id="1885" type="classunload" timems="0.005" contextid="1880" timestamp="2019-06-16T02:56:25.821">
  <classunload-info classloadercandidates="54" classloadersunloaded="0" classesunloaded="0" anonymousclassesunloaded="0" quiescems="0.000" setupms="0.005" scanms="0.000" postms="0.000" />
</gc-op>
<gc-end id="1886" type="partial gc" contextid="1880" durationms="4.479" usertimems="16.000" systemtimems="0.000" timestamp="2019-06-16T02:56:25.821" activeThreads="4">
  <mem-info id="1887" free="20971520" total="58720256" percent="35">
    <mem type="eden" free="1048352" total="1048576" percent="99" />
    <remembered-set count="52320" freebytes="2134656" totalbytes="2343936" percent="91" regionsoverflowed="0" regionsstable="13" regionsrebuilding="0"/>
  </mem-info>
</gc-end>
<cycle-end id="1888" type="partial gc" contextid="1880" timestamp="2019-06-16T02:56:25.821" />
  <attribute name="elasticGC enabled" value="1" />
  <attribute name= "numThreadsSpecified" value="4" />
  <attribute name="heapSize specified" value="0" />
  <attribute name="Current GC Util" value="41" />
  <attribute name= "Current Time Running" value="58183" />
  <attribute name ="GC Interval" value="0" />
  <attribute name="ProportionalT" value="31.500000" />
  <attribute name="ProportionalI" value="31.500000" />
  <attribute name="ProportionalH" value="31.500000" />
  <attribute name="Current Error" value="21.000000" />
  <attribute name="IntegralT" value="0.000000" />
  <attribute name="IntegralI" value="0.000000" />
  <attribute name="IntegralH" value="0.000000" />
  <attribute name="DerivativeT" value="-inf" />
  <attribute name="DerivativeI" value="-inf" />
  <attribute name="DerivativeH" value="-inf" />
  <attribute name="Loop Time for DT" value="0.000000" />
  <attribute name="Output H" value="2091843584"/>
  <attribute name="Output I" value="200"/>
  <attribute name="Output T" value="4"/>
  <attribute name="Target GC Util Change" value ="20.000000" />
  <attribute name="Current GC Util Change" value="41.000000"/>
  <attribute name="GC Util currently" value="41" />
  <attribute name="CPU Util currently" value="11331953977658" />
<exclusive-end id="1889" timestamp="2019-06-16T02:56:25.821" durationms="5.413" />

<exclusive-start id="1890" timestamp="2019-06-16T02:56:25.881" intervalms="65.649">
  <response-info timems="0.047" idlems="0.047" threads="0" lastid="0000000001916700" lastname="main" />
</exclusive-start>
<allocation-taxation id="1891" taxation-threshold="10485760" timestamp="2019-06-16T02:56:25.882" intervalms="65.644" />
<cycle-start id="1892" type="global mark phase" contextid="0" timestamp="2019-06-16T02:56:25.882" intervalms="740.220" />
<gc-start id="1893" type="global mark phase" contextid="1892" timestamp="2019-06-16T02:56:25.882">
  <mem-info id="1894" free="10485760" total="58720256" percent="17">
    <remembered-set count="4640" freebytes="2325376" totalbytes="2343936" percent="99" regionsoverflowed="0" regionsstable="15" regionsrebuilding="0"/>
  </mem-info>
</gc-start>
<gc-op id="1895" type="mark increment" timems="0.657" contextid="1892" timestamp="2019-06-16T02:56:25.883">
  <trace-info objectcount="199" scancount="0" scanbytes="0" />
</gc-op>
<gc-end id="1896" type="global mark phase" contextid="1892" durationms="0.817" usertimems="0.000" systemtimems="0.000" timestamp="2019-06-16T02:56:25.883" activeThreads="4">
  <mem-info id="1897" free="10485760" total="58720256" percent="17">
    <remembered-set count="4640" freebytes="2325376" totalbytes="2343936" percent="99" regionsoverflowed="0" regionsstable="0" regionsrebuilding="15"/>
  </mem-info>
</gc-end>
<concurrent-start id="1898" type="GMP work packet processing" contextid="1892" timestamp="2019-06-16T02:56:25.883">
  <concurrent-mark-start scanTarget="1766606" />
</concurrent-start>
<exclusive-end id="1899" timestamp="2019-06-16T02:56:25.884" durationms="3.012" />

<concurrent-end id="1900" type="GMP work packet processing" contextid="1892" timestamp="2019-06-16T02:56:25.885">
  <concurrent-mark-end bytesScanned="1840584" reasonForTermination="Work target met" />
</concurrent-end>

<exclusive-start id="1901" timestamp="2019-06-16T02:56:25.934" intervalms="52.441">
  <response-info timems="0.063" idlems="0.063" threads="0" lastid="0000000001916700" lastname="main" />
</exclusive-start>
<allocation-taxation id="1902" taxation-threshold="10485760" timestamp="2019-06-16T02:56:25.934" intervalms="52.383" />
<cycle-start id="1903" type="partial gc" contextid="0" timestamp="2019-06-16T02:56:25.934" intervalms="118.026" />
<gc-start id="1904" type="partial gc" contextid="1903" timestamp="2019-06-16T02:56:25.934">
  <mem-info id="1905" free="0" total="58720256" percent="0">
    <mem type="eden" free="1048352" total="22020096" percent="4" />
    <remembered-set count="22528" freebytes="2253824" totalbytes="2343936" percent="96" regionsoverflowed="0" regionsstable="0" regionsrebuilding="15"/>
  </mem-info>
</gc-start>
<allocation-stats totalBytes="20969912" >
  <allocated-bytes non-tlh="0" tlh="20969912" arrayletleaf="0"/>
  <largest-consumer threadName="main" threadId="0000000001916700" bytes="10484992" />
</allocation-stats>
<gc-op id="1906" type="mark" timems="1.079" contextid="1903" timestamp="2019-06-16T02:56:25.936">
  <trace-info objectcount="16" scancount="16" scanbytes="408" />
  <cardclean-info objects="37" bytes="1480" />
  <remembered-set-cleared processed="19938" cleared="36" durationms="0.264" />
  <stringconstants candidates="13728" cleared="0"  />
  <warning details="Mark invoked due to insufficient free space for Copy-Forward" />
</gc-op>
<gc-op id="1907" type="classunload" timems="0.004" contextid="1903" timestamp="2019-06-16T02:56:25.936">
  <classunload-info classloadercandidates="54" classloadersunloaded="0" classesunloaded="0" anonymousclassesunloaded="0" quiescems="0.000" setupms="0.004" scanms="0.000" postms="0.000" />
</gc-op>
<gc-op id="1908" type="sweep" timems="0.420" contextid="1903" timestamp="2019-06-16T02:56:25.937" />
<gc-op id="1909" type="compact" timems="2.070" contextid="1903" timestamp="2019-06-16T02:56:25.939">
  <compact-info movecount="9353" movebytes="300520" />
  <remembered-set-cleared processed="38834" cleared="2928" durationms="0.264" />
</gc-op>
<gc-end id="1910" type="partial gc" contextid="1903" durationms="4.974" usertimems="8.000" systemtimems="4.000" timestamp="2019-06-16T02:56:25.939" activeThreads="4">
  <mem-info id="1911" free="23068672" total="58720256" percent="39">
    <mem type="eden" free="1048320" total="1048576" percent="99" />
    <remembered-set count="22944" freebytes="2252160" totalbytes="2343936" percent="96" regionsoverflowed="0" regionsstable="0" regionsrebuilding="15"/>
  </mem-info>
</gc-end>
<cycle-end id="1912" type="partial gc" contextid="1903" timestamp="2019-06-16T02:56:25.940" />
  <attribute name="elasticGC enabled" value="1" />
  <attribute name= "numThreadsSpecified" value="4" />
  <attribute name="heapSize specified" value="0" />
  <attribute name="Current GC Util" value="34" />
  <attribute name= "Current Time Running" value="58302" />
  <attribute name ="GC Interval" value="0" />
  <attribute name="ProportionalT" value="21.000000" />
  <attribute name="ProportionalI" value="21.000000" />
  <attribute name="ProportionalH" value="21.000000" />
  <attribute name="Current Error" value="14.000000" />
  <attribute name="IntegralT" value="14.000000" />
  <attribute name="IntegralI" value="14.000000" />
  <attribute name="IntegralH" value="14.000000" />
  <attribute name="DerivativeT" value="14.000000" />
  <attribute name="DerivativeI" value="14.000000" />
  <attribute name="DerivativeH" value="14.000000" />
  <attribute name="Loop Time for DT" value="1.000000" />
  <attribute name="Output H" value="8388608"/>
  <attribute name="Output I" value="200"/>
  <attribute name="Output T" value="4"/>
  <attribute name="Target GC Util Change" value ="20.000000" />
  <attribute name="Current GC Util Change" value="34.000000"/>
  <attribute name="GC Util currently" value="34" />
  <attribute name="CPU Util currently" value="6699721048082" />
<exclusive-end id="1913" timestamp="2019-06-16T02:56:25.940" durationms="5.910" />

<exclusive-start id="1914" timestamp="2019-06-16T02:56:26.543" intervalms="609.003">
  <response-info timems="0.036" idlems="0.036" threads="0" lastid="0000000001916700" lastname="main" />
</exclusive-start>
<allocation-taxation id="1915" taxation-threshold="10485760" timestamp="2019-06-16T02:56:26.543" intervalms="609.069" />
<gc-start id="1916" type="global mark phase" contextid="1892" timestamp="2019-06-16T02:56:26.543">
  <mem-info id="1917" free="12582912" total="58720256" percent="21">
    <remembered-set count="22912" freebytes="2252288" totalbytes="2343936" percent="96" regionsoverflowed="0" regionsstable="0" regionsrebuilding="15"/>
  </mem-info>
</gc-start>
<gc-end id="1918" type="global mark phase" contextid="1892" durationms="0.169" usertimems="0.000" systemtimems="0.000" timestamp="2019-06-16T02:56:26.543" activeThreads="4">
  <mem-info id="1919" free="12582912" total="58720256" percent="21">
    <remembered-set count="22912" freebytes="2252288" totalbytes="2343936" percent="96" regionsoverflowed="0" regionsstable="0" regionsrebuilding="15"/>
  </mem-info>
</gc-end>
<concurrent-start id="1920" type="GMP work packet processing" contextid="1892" timestamp="2019-06-16T02:56:26.544">
  <concurrent-mark-start scanTarget="1765557" />
</concurrent-start>
<concurrent-end id="1921" type="GMP work packet processing" contextid="1892" timestamp="2019-06-16T02:56:26.545">
  <concurrent-mark-end bytesScanned="1810124" reasonForTermination="Work target met" />
</concurrent-end>

<exclusive-end id="1922" timestamp="2019-06-16T02:56:26.545" durationms="2.174" />

<exclusive-start id="1923" timestamp="2019-06-16T02:56:26.608" intervalms="64.922">
  <response-info timems="0.038" idlems="0.038" threads="0" lastid="0000000001916700" lastname="main" />
</exclusive-start>
<allocation-taxation id="1924" taxation-threshold="10485760" timestamp="2019-06-16T02:56:26.608" intervalms="64.924" />
<cycle-start id="1925" type="partial gc" contextid="0" timestamp="2019-06-16T02:56:26.608" intervalms="674.027" />
<gc-start id="1926" type="partial gc" contextid="1925" timestamp="2019-06-16T02:56:26.609">
  <mem-info id="1927" free="2097152" total="58720256" percent="3">
    <mem type="eden" free="1048320" total="22020096" percent="4" />
    <remembered-set count="41376" freebytes="2178432" totalbytes="2343936" percent="92" regionsoverflowed="0" regionsstable="0" regionsrebuilding="15"/>
  </mem-info>
</gc-start>
<allocation-stats totalBytes="20953280" >
  <allocated-bytes non-tlh="360" tlh="20952920" arrayletleaf="0"/>
  <largest-consumer threadName="main" threadId="0000000001916700" bytes="10478488" />
</allocation-stats>
<gc-op id="1928" type="copy forward" timems="4.674" contextid="1925" timestamp="2019-06-16T02:56:26.614">
  <memory-copied type="eden" objects="77" bytes="3376" bytesdiscarded="0" />
  <memory-copied type="other" objects="30373" bytes="756016" bytesdiscarded="120" />
  <memory-cardclean objects="8138" bytes="352752" />
  <regions eden="20" other="4" />
  <remembered-set-cleared processed="37910" cleared="5209" durationms="0.441" />
  <references type="weak" candidates="53" cleared="0" enqueued="0" />
  <stringconstants candidates="13734" cleared="0"  />
  <heap-resize type="expand" space="default" amount="1048576" count="1" timems="0.065" reason="continue current collection" />
</gc-op>
<gc-op id="1929" type="classunload" timems="0.007" contextid="1925" timestamp="2019-06-16T02:56:26.614">
  <classunload-info classloadercandidates="54" classloadersunloaded="0" classesunloaded="0" anonymousclassesunloaded="0" quiescems="0.000" setupms="0.007" scanms="0.000" postms="0.000" />
</gc-op>
<heap-resize id="1930" type="contract" space="default" amount="3145728" count="1" timems="0.321" reason="insufficient time being spent in gc" timestamp="2019-06-16T02:56:26.615" />
<gc-end id="1931" type="partial gc" contextid="1925" durationms="6.376" usertimems="12.000" systemtimems="0.000" timestamp="2019-06-16T02:56:26.615" activeThreads="1">
  <mem-info id="1932" free="22020096" total="56623104" percent="38">
    <mem type="eden" free="1045200" total="1048576" percent="99" />
    <remembered-set count="40352" freebytes="2224384" totalbytes="2385792" percent="93" regionsoverflowed="0" regionsstable="0" regionsrebuilding="15"/>
  </mem-info>
</gc-end>
<cycle-end id="1933" type="partial gc" contextid="1925" timestamp="2019-06-16T02:56:26.615" />
  <attribute name="elasticGC enabled" value="1" />
  <attribute name= "numThreadsSpecified" value="1" />
  <attribute name="heapSize specified" value="0" />
  <attribute name="Current GC Util" value="54" />
  <attribute name= "Current Time Running" value="58974" />
  <attribute name ="GC Interval" value="0" />
  <attribute name="ProportionalT" value="51.000000" />
  <attribute name="ProportionalI" value="51.000000" />
  <attribute name="ProportionalH" value="51.000000" />
  <attribute name="Current Error" value="34.000000" />
  <attribute name="IntegralT" value="0.000000" />
  <attribute name="IntegralI" value="0.000000" />
  <attribute name="IntegralH" value="0.000000" />
  <attribute name="DerivativeT" value="inf" />
  <attribute name="DerivativeI" value="inf" />
  <attribute name="DerivativeH" value="inf" />
  <attribute name="Loop Time for DT" value="0.000000" />
  <attribute name="Output H" value="8388608"/>
  <attribute name="Output I" value="200"/>
  <attribute name="Output T" value="1"/>
  <attribute name="Target GC Util Change" value ="20.000000" />
  <attribute name="Current GC Util Change" value="54.000000"/>
  <attribute name="GC Util currently" value="54" />
  <attribute name="CPU Util currently" value="17151911817894" />
<exclusive-end id="1934" timestamp="2019-06-16T02:56:26.615" durationms="7.512" />

<exclusive-start id="1935" timestamp="2019-06-16T02:56:26.636" intervalms="28.024">
  <response-info timems="0.075" idlems="0.075" threads="0" lastid="0000000001916700" lastname="main" />
</exclusive-start>
<allocation-taxation id="1936" taxation-threshold="10485760" timestamp="2019-06-16T02:56:26.636" intervalms="28.033" />
<gc-start id="1937" type="global mark phase" contextid="1892" timestamp="2019-06-16T02:56:26.636">
  <mem-info id="1938" free="11534336" total="56623104" percent="20">
    <remembered-set count="38624" freebytes="2231296" totalbytes="2385792" percent="93" regionsoverflowed="0" regionsstable="1" regionsrebuilding="15"/>
  </mem-info>
</gc-start>
<gc-end id="1939" type="global mark phase" contextid="1892" durationms="0.143" usertimems="0.000" systemtimems="0.000" timestamp="2019-06-16T02:56:26.636" activeThreads="1">
  <mem-info id="1940" free="11534336" total="56623104" percent="20">
    <remembered-set count="38624" freebytes="2231296" totalbytes="2385792" percent="93" regionsoverflowed="0" regionsstable="1" regionsrebuilding="15"/>
  </mem-info>
</gc-end>
<concurrent-start id="1941" type="GMP work packet processing" contextid="1892" timestamp="2019-06-16T02:56:26.636">
  <concurrent-mark-start scanTarget="1048576" />
</concurrent-start>
<concurrent-end id="1942" type="GMP work packet processing" contextid="1892" timestamp="2019-06-16T02:56:26.637">
  <concurrent-mark-end bytesScanned="1082108" reasonForTermination="Work target met" />
</concurrent-end>

<exclusive-end id="1943" timestamp="2019-06-16T02:56:26.637" durationms="1.582" />

<exclusive-start id="1944" timestamp="2019-06-16T02:56:26.656" intervalms="19.834">
  <response-info timems="0.094" idlems="0.094" threads="0" lastid="0000000001916700" lastname="main" />
</exclusive-start>
<allocation-taxation id="1945" taxation-threshold="10485760" timestamp="2019-06-16T02:56:26.656" intervalms="19.798" />
<cycle-start id="1946" type="partial gc" contextid="0" timestamp="2019-06-16T02:56:26.656" intervalms="47.838" />
<gc-start id="1947" type="partial gc" contextid="1946" timestamp="2019-06-16T02:56:26.656">
  <mem-info id="1948" free="1048576" total="56623104" percent="1">
    <mem type="eden" free="0" total="20971520" percent="0" />
    <remembered-set count="47648" freebytes="2195200" totalbytes="2385792" percent="92" regionsoverflowed="0" regionsstable="1" regionsrebuilding="15"/>
  </mem-info>
</gc-start>
<allocation-stats totalBytes="20956120" >
  <allocated-bytes non-tlh="0" tlh="20956120" arrayletleaf="0"/>
  <largest-consumer threadName="main" threadId="0000000001916700" bytes="10478336" />
</allocation-stats>
<gc-op id="1949" type="copy forward" timems="6.724" contextid="1946" timestamp="2019-06-16T02:56:26.664">
  <memory-copied type="eden" objects="4" bytes="592" bytesdiscarded="0" />
  <memory-copied type="other" objects="79" bytes="2912" bytesdiscarded="0" />
  <memory-cardclean objects="56215" bytes="2257456" />
  <regions eden="20" other="2" />
  <remembered-set-cleared processed="32371" cleared="17256" durationms="0.460" />
  <references type="weak" candidates="4" cleared="0" enqueued="0" />
  <stringconstants candidates="13734" cleared="0"  />
  <heap-resize type="expand" space="default" amount="2097152" count="2" timems="0.171" reason="continue current collection" />
</gc-op>
<gc-op id="1950" type="classunload" timems="0.009" contextid="1946" timestamp="2019-06-16T02:56:26.664">
  <classunload-info classloadercandidates="54" classloadersunloaded="0" classesunloaded="0" anonymousclassesunloaded="0" quiescems="0.000" setupms="0.009" scanms="0.000" postms="0.000" />
</gc-op>
<gc-end id="1951" type="partial gc" contextid="1946" durationms="8.094" usertimems="8.000" systemtimems="16.000" timestamp="2019-06-16T02:56:26.664" activeThreads="1">
  <mem-info id="1952" free="23068672" total="58720256" percent="39">
    <mem type="eden" free="1047984" total="1048576" percent="99" />
    <remembered-set count="30528" freebytes="2221824" totalbytes="2343936" percent="94" regionsoverflowed="0" regionsstable="1" regionsrebuilding="15"/>
  </mem-info>
</gc-end>
<cycle-end id="1953" type="partial gc" contextid="1946" timestamp="2019-06-16T02:56:26.665" />
  <attribute name="elasticGC enabled" value="1" />
  <attribute name= "numThreadsSpecified" value="1" />
  <attribute name="heapSize specified" value="0" />
  <attribute name="Current GC Util" value="64" />
  <attribute name= "Current Time Running" value="59022" />
  <attribute name ="GC Interval" value="0" />
  <attribute name="ProportionalT" value="66.000000" />
  <attribute name="ProportionalI" value="66.000000" />
  <attribute name="ProportionalH" value="66.000000" />
  <attribute name="Current Error" value="44.000000" />
  <attribute name="IntegralT" value="0.000000" />
  <attribute name="IntegralI" value="0.000000" />
  <attribute name="IntegralH" value="0.000000" />
  <attribute name="DerivativeT" value="inf" />
  <attribute name="DerivativeI" value="inf" />
  <attribute name="DerivativeH" value="inf" />
  <attribute name="Loop Time for DT" value="0.000000" />
  <attribute name="Output H" value="8388608"/>
  <attribute name="Output I" value="200"/>
  <attribute name="Output T" value="1"/>
  <attribute name="Target GC Util Change" value ="20.000000" />
  <attribute name="Current GC Util Change" value="64.000000"/>
  <attribute name="GC Util currently" value="64" />
  <attribute name="CPU Util currently" value="10993527836725" />
<exclusive-end id="1954" timestamp="2019-06-16T02:56:26.665" durationms="9.158" />

<exclusive-start id="1955" timestamp="2019-06-16T02:56:26.683" intervalms="27.069">
  <response-info timems="0.143" idlems="0.143" threads="0" lastid="0000000001916700" lastname="main" />
</exclusive-start>
<allocation-taxation id="1956" taxation-threshold="10485760" timestamp="2019-06-16T02:56:26.683" intervalms="27.091" />
<gc-start id="1957" type="global mark phase" contextid="1892" timestamp="2019-06-16T02:56:26.683">
  <mem-info id="1958" free="12582912" total="58720256" percent="21">
    <remembered-set count="30144" freebytes="2223360" totalbytes="2343936" percent="94" regionsoverflowed="0" regionsstable="1" regionsrebuilding="15"/>
  </mem-info>
</gc-start>
<gc-end id="1959" type="global mark phase" contextid="1892" durationms="0.117" usertimems="0.000" systemtimems="0.000" timestamp="2019-06-16T02:56:26.683" activeThreads="1">
  <mem-info id="1960" free="12582912" total="58720256" percent="21">
    <remembered-set count="30144" freebytes="2223360" totalbytes="2343936" percent="94" regionsoverflowed="0" regionsstable="1" regionsrebuilding="15"/>
  </mem-info>
</gc-end>
<concurrent-start id="1961" type="GMP work packet processing" contextid="1892" timestamp="2019-06-16T02:56:26.683">
  <concurrent-mark-start scanTarget="1324168" />
</concurrent-start>
<concurrent-end id="1962" type="GMP work packet processing" contextid="1892" timestamp="2019-06-16T02:56:26.684">
  <concurrent-mark-end bytesScanned="1369504" reasonForTermination="Work target met" />
</concurrent-end>

<exclusive-end id="1963" timestamp="2019-06-16T02:56:26.684" durationms="1.611" />

<exclusive-start id="1964" timestamp="2019-06-16T02:56:26.702" intervalms="19.475">
  <response-info timems="0.087" idlems="0.087" threads="0" lastid="0000000001916700" lastname="main" />
</exclusive-start>
<allocation-taxation id="1965" taxation-threshold="10485760" timestamp="2019-06-16T02:56:26.702" intervalms="19.445" />
<cycle-start id="1966" type="partial gc" contextid="0" timestamp="2019-06-16T02:56:26.703" intervalms="46.494" />
<gc-start id="1967" type="partial gc" contextid="1966" timestamp="2019-06-16T02:56:26.703">
  <mem-info id="1968" free="2097152" total="58720256" percent="3">
    <mem type="eden" free="1047984" total="22020096" percent="4" />
    <remembered-set count="38432" freebytes="2190208" totalbytes="2343936" percent="93" regionsoverflowed="0" regionsstable="1" regionsrebuilding="15"/>
  </mem-info>
</gc-start>
<allocation-stats totalBytes="20956088" >
  <allocated-bytes non-tlh="0" tlh="20956088" arrayletleaf="0"/>
  <largest-consumer threadName="main" threadId="0000000001916700" bytes="10478336" />
</allocation-stats>
<gc-op id="1969" type="copy forward" timems="1.368" contextid="1966" timestamp="2019-06-16T02:56:26.705">
  <memory-copied type="eden" objects="5" bytes="632" bytesdiscarded="0" />
  <memory-copied type="other" objects="7" bytes="160" bytesdiscarded="0" />
  <memory-cardclean objects="39" bytes="1480" />
  <regions eden="20" other="2" />
  <remembered-set-cleared processed="36424" cleared="25" durationms="0.337" />
  <stringconstants candidates="13734" cleared="0"  />
</gc-op>
<gc-op id="1970" type="classunload" timems="0.004" contextid="1966" timestamp="2019-06-16T02:56:26.705">
  <classunload-info classloadercandidates="54" classloadersunloaded="0" classesunloaded="0" anonymousclassesunloaded="0" quiescems="0.000" setupms="0.004" scanms="0.000" postms="0.000" />
</gc-op>
<heap-resize id="1971" type="expand" space="default" amount="10485760" count="1" timems="0.115" reason="excessive time being spent in gc" timestamp="2019-06-16T02:56:26.705" />
<gc-end id="1972" type="partial gc" contextid="1966" durationms="2.663" usertimems="8.000" systemtimems="0.000" timestamp="2019-06-16T02:56:26.705" activeThreads="1">
  <mem-info id="1973" free="33554432" total="69206016" percent="48">
    <mem type="eden" free="1047944" total="1048576" percent="99" />
    <remembered-set count="38720" freebytes="2607616" totalbytes="2762496" percent="94" regionsoverflowed="0" regionsstable="1" regionsrebuilding="15"/>
  </mem-info>
</gc-end>
<cycle-end id="1974" type="partial gc" contextid="1966" timestamp="2019-06-16T02:56:26.706" />
  <attribute name="elasticGC enabled" value="1" />
  <attribute name= "numThreadsSpecified" value="1" />
  <attribute name="heapSize specified" value="0" />
  <attribute name="Current GC Util" value="69" />
  <attribute name= "Current Time Running" value="59068" />
  <attribute name ="GC Interval" value="0" />
  <attribute name="ProportionalT" value="73.500000" />
  <attribute name="ProportionalI" value="73.500000" />
  <attribute name="ProportionalH" value="73.500000" />
  <attribute name="Current Error" value="49.000000" />
  <attribute name="IntegralT" value="0.000000" />
  <attribute name="IntegralI" value="0.000000" />
  <attribute name="IntegralH" value="0.000000" />
  <attribute name="DerivativeT" value="inf" />
  <attribute name="DerivativeI" value="inf" />
  <attribute name="DerivativeH" value="inf" />
  <attribute name="Loop Time for DT" value="0.000000" />
  <attribute name="Output H" value="8388608"/>
  <attribute name="Output I" value="200"/>
  <attribute name="Output T" value="1"/>
  <attribute name="Target GC Util Change" value ="20.000000" />
  <attribute name="Current GC Util Change" value="69.000000"/>
  <attribute name="GC Util currently" value="69" />
  <attribute name="CPU Util currently" value="20438065544088" />
<exclusive-end id="1975" timestamp="2019-06-16T02:56:26.706" durationms="3.595" />

<exclusive-start id="1976" timestamp="2019-06-16T02:56:26.726" intervalms="23.292">
  <response-info timems="0.103" idlems="0.103" threads="0" lastid="0000000001916700" lastname="main" />
</exclusive-start>
<allocation-taxation id="1977" taxation-threshold="11534336" timestamp="2019-06-16T02:56:26.726" intervalms="23.329" />
<gc-start id="1978" type="global mark phase" contextid="1892" timestamp="2019-06-16T02:56:26.726">
  <mem-info id="1979" free="22020096" total="69206016" percent="31">
    <remembered-set count="38432" freebytes="2608768" totalbytes="2762496" percent="94" regionsoverflowed="0" regionsstable="1" regionsrebuilding="15"/>
  </mem-info>
</gc-start>
<gc-end id="1980" type="global mark phase" contextid="1892" durationms="0.141" usertimems="0.000" systemtimems="0.000" timestamp="2019-06-16T02:56:26.726" activeThreads="1">
  <mem-info id="1981" free="22020096" total="69206016" percent="31">
    <remembered-set count="38432" freebytes="2608768" totalbytes="2762496" percent="94" regionsoverflowed="0" regionsstable="1" regionsrebuilding="15"/>
  </mem-info>
</gc-end>
<concurrent-start id="1982" type="GMP work packet processing" contextid="1892" timestamp="2019-06-16T02:56:26.726">
  <concurrent-mark-start scanTarget="18446744073709551615" />
</concurrent-start>
<concurrent-end id="1983" type="GMP work packet processing" contextid="1892" timestamp="2019-06-16T02:56:26.730">
  <concurrent-mark-end bytesScanned="7347344" reasonForTermination="Completed all work in GC phase" />
</concurrent-end>

<exclusive-end id="1984" timestamp="2019-06-16T02:56:26.730" durationms="4.263" />

<exclusive-start id="1985" timestamp="2019-06-16T02:56:27.066" intervalms="340.760">
  <response-info timems="0.044" idlems="0.044" threads="0" lastid="0000000001916700" lastname="main" />
</exclusive-start>
<allocation-taxation id="1986" taxation-threshold="11534336" timestamp="2019-06-16T02:56:27.067" intervalms="340.823" />
<cycle-start id="1987" type="partial gc" contextid="0" timestamp="2019-06-16T02:56:27.067" intervalms="364.213" />
<gc-start id="1988" type="partial gc" contextid="1987" timestamp="2019-06-16T02:56:27.067">
  <mem-info id="1989" free="10485760" total="69206016" percent="15">
    <mem type="eden" free="1047944" total="24117248" percent="4" />
    <remembered-set count="108960" freebytes="2326656" totalbytes="2762496" percent="84" regionsoverflowed="0" regionsstable="1" regionsrebuilding="15"/>
  </mem-info>
</gc-start>
<allocation-stats totalBytes="23057912" >
  <allocated-bytes non-tlh="0" tlh="23057912" arrayletleaf="0"/>
  <largest-consumer threadName="main" threadId="0000000001916700" bytes="11532048" />
</allocation-stats>
<gc-op id="1990" type="copy forward" timems="5.119" contextid="1987" timestamp="2019-06-16T02:56:27.073">
  <memory-copied type="eden" objects="41" bytes="1248" bytesdiscarded="0" />
  <memory-copied type="other" objects="13131" bytes="774320" bytesdiscarded="352" />
  <memory-cardclean objects="7801" bytes="338424" />
  <regions eden="22" other="4" />
  <remembered-set-cleared processed="105371" cleared="6083" durationms="0.827" />
  <references type="soft" candidates="260" cleared="0" enqueued="0" dynamicThreshold="10" maxThreshold="32" />
  <references type="weak" candidates="922" cleared="0" enqueued="0" />
  <stringconstants candidates="13734" cleared="0"  />
</gc-op>
<gc-op id="1991" type="classunload" timems="0.021" contextid="1987" timestamp="2019-06-16T02:56:27.073">
  <classunload-info classloadercandidates="54" classloadersunloaded="0" classesunloaded="0" anonymousclassesunloaded="0" quiescems="0.000" setupms="0.020" scanms="0.000" postms="0.000" />
</gc-op>
<gc-end id="1992" type="partial gc" contextid="1987" durationms="6.391" usertimems="16.000" systemtimems="0.000" timestamp="2019-06-16T02:56:27.073" activeThreads="1">
  <mem-info id="1993" free="35651584" total="69206016" percent="51">
    <mem type="eden" free="1047328" total="1048576" percent="99" />
    <remembered-set count="107744" freebytes="2331520" totalbytes="2762496" percent="84" regionsoverflowed="0" regionsstable="1" regionsrebuilding="15"/>
  </mem-info>
</gc-end>
<cycle-end id="1994" type="partial gc" contextid="1987" timestamp="2019-06-16T02:56:27.074" />
  <attribute name="elasticGC enabled" value="1" />
  <attribute name= "numThreadsSpecified" value="1" />
  <attribute name="heapSize specified" value="0" />
  <attribute name="Current GC Util" value="70" />
  <attribute name= "Current Time Running" value="59433" />
  <attribute name ="GC Interval" value="0" />
  <attribute name="ProportionalT" value="75.000000" />
  <attribute name="ProportionalI" value="75.000000" />
  <attribute name="ProportionalH" value="75.000000" />
  <attribute name="Current Error" value="50.000000" />
  <attribute name="IntegralT" value="0.000000" />
  <attribute name="IntegralI" value="0.000000" />
  <attribute name="IntegralH" value="0.000000" />
  <attribute name="DerivativeT" value="inf" />
  <attribute name="DerivativeI" value="inf" />
  <attribute name="DerivativeH" value="inf" />
  <attribute name="Loop Time for DT" value="0.000000" />
  <attribute name="Output H" value="8388608"/>
  <attribute name="Output I" value="200"/>
  <attribute name="Output T" value="1"/>
  <attribute name="Target GC Util Change" value ="20.000000" />
  <attribute name="Current GC Util Change" value="70.000000"/>
  <attribute name="GC Util currently" value="70" />
  <attribute name="CPU Util currently" value="18920513601318" />
<exclusive-end id="1995" timestamp="2019-06-16T02:56:27.074" durationms="7.604" />

<exclusive-start id="1996" timestamp="2019-06-16T02:56:27.215" intervalms="148.305">
  <response-info timems="0.443" idlems="0.232" threads="1" lastid="000000000191DF00" lastname="JIT Compilation Thread-1" />
</exclusive-start>
<allocation-taxation id="1997" taxation-threshold="11534336" timestamp="2019-06-16T02:56:27.215" intervalms="148.223" />
<gc-start id="1998" type="global mark phase" contextid="1892" timestamp="2019-06-16T02:56:27.215">
  <mem-info id="1999" free="24117248" total="69206016" percent="34">
    <remembered-set count="107296" freebytes="2333312" totalbytes="2762496" percent="84" regionsoverflowed="0" regionsstable="1" regionsrebuilding="15"/>
  </mem-info>
</gc-start>
<gc-op id="2000" type="mark increment" timems="3.539" contextid="1892" timestamp="2019-06-16T02:56:27.219">
  <trace-info objectcount="7500" scancount="6073" scanbytes="425396" />
  <cardclean-info objects="91454" bytes="2911592" />
  <finalization candidates="79" enqueued="0" />
  <ownableSynchronizers candidates="23" cleared="0" />
  <references type="soft" candidates="4534" cleared="13" enqueued="10" dynamicThreshold="16" maxThreshold="32" />
  <references type="weak" candidates="5609" cleared="0" enqueued="0" />
  <references type="phantom" candidates="100" cleared="0" enqueued="0" />
  <stringconstants candidates="13734" cleared="55"  />
</gc-op>
<gc-op id="2001" type="classunload" timems="0.007" contextid="1892" timestamp="2019-06-16T02:56:27.219">
  <classunload-info classloadercandidates="54" classloadersunloaded="0" classesunloaded="0" anonymousclassesunloaded="0" quiescems="0.000" setupms="0.007" scanms="0.000" postms="0.000" />
</gc-op>
<gc-end id="2002" type="global mark phase" contextid="1892" durationms="3.917" usertimems="12.000" systemtimems="0.000" timestamp="2019-06-16T02:56:27.219" activeThreads="4">
  <mem-info id="2003" free="24117248" total="69206016" percent="34">
    <pending-finalizers system="0" default="0" reference="10" classloader="0" />
    <remembered-set count="123168" freebytes="2269824" totalbytes="2762496" percent="82" regionsoverflowed="0" regionsstable="1" regionsrebuilding="0"/>
  </mem-info>
</gc-end>
<cycle-end id="2004" type="global mark phase" contextid="1892" timestamp="2019-06-16T02:56:27.219" />
  <attribute name="elasticGC enabled" value="1" />
  <attribute name= "numThreadsSpecified" value="4" />
  <attribute name="heapSize specified" value="0" />
  <attribute name="Current GC Util" value="155" />
  <attribute name= "Current Time Running" value="59583" />
  <attribute name ="GC Interval" value="0" />
  <attribute name="ProportionalT" value="202.500000" />
  <attribute name="ProportionalI" value="202.500000" />
  <attribute name="ProportionalH" value="202.500000" />
  <attribute name="Current Error" value="135.000000" />
  <attribute name="IntegralT" value="135.000000" />
  <attribute name="IntegralI" value="135.000000" />
  <attribute name="IntegralH" value="135.000000" />
  <attribute name="DerivativeT" value="-77.000000" />
  <attribute name="DerivativeI" value="-77.000000" />
  <attribute name="DerivativeH" value="-77.000000" />
  <attribute name="Loop Time for DT" value="1.000000" />
  <attribute name="Output H" value="8388608"/>
  <attribute name="Output I" value="264"/>
  <attribute name="Output T" value="4"/>
  <attribute name="Target GC Util Change" value ="20.000000" />
  <attribute name="Current GC Util Change" value="155.000000"/>
  <attribute name="GC Util currently" value="155" />
  <attribute name="CPU Util currently" value="12115355879665" />
<exclusive-end id="2005" timestamp="2019-06-16T02:56:27.219" durationms="4.600" />

<exclusive-start id="2006" timestamp="2019-06-16T02:56:27.236" intervalms="21.884">
  <response-info timems="0.118" idlems="0.118" threads="0" lastid="0000000001916700" lastname="main" />
</exclusive-start>
<allocation-taxation id="2007" taxation-threshold="11534336" timestamp="2019-06-16T02:56:27.237" intervalms="21.876" />
<cycle-start id="2008" type="partial gc" contextid="0" timestamp="2019-06-16T02:56:27.237" intervalms="170.080" />
<gc-start id="2009" type="partial gc" contextid="2008" timestamp="2019-06-16T02:56:27.237">
  <mem-info id="2010" free="12582912" total="69206016" percent="18">
    <mem type="eden" free="0" total="23068672" percent="0" />
    <remembered-set count="117472" freebytes="2292608" totalbytes="2762496" percent="82" regionsoverflowed="0" regionsstable="5" regionsrebuilding="0"/>
  </mem-info>
</gc-start>
<allocation-stats totalBytes="23062624" >
  <allocated-bytes non-tlh="0" tlh="23062624" arrayletleaf="0"/>
  <largest-consumer threadName="main" threadId="0000000001916700" bytes="11525520" />
</allocation-stats>
<gc-op id="2011" type="sweep" timems="0.613" contextid="2008" timestamp="2019-06-16T02:56:27.238" />
<gc-op id="2012" type="copy forward" timems="1.656" contextid="2008" timestamp="2019-06-16T02:56:27.240">
  <memory-copied type="eden" objects="25" bytes="1792" bytesdiscarded="904" />
  <memory-copied type="other" objects="21" bytes="608" bytesdiscarded="608" />
  <memory-cardclean objects="153" bytes="12560" />
  <regions eden="11" other="2" />
  <remembered-set-cleared processed="115837" cleared="86" durationms="0.400" />
  <references type="weak" candidates="14" cleared="0" enqueued="0" />
  <stringconstants candidates="13679" cleared="0"  />
</gc-op>
<gc-op id="2013" type="classunload" timems="0.004" contextid="2008" timestamp="2019-06-16T02:56:27.240">
  <classunload-info classloadercandidates="54" classloadersunloaded="0" classesunloaded="0" anonymousclassesunloaded="0" quiescems="0.000" setupms="0.003" scanms="0.000" postms="0.000" />
</gc-op>
<heap-resize id="2014" type="contract" space="default" amount="4194304" count="1" timems="0.052" reason="insufficient time being spent in gc" timestamp="2019-06-16T02:56:27.241" />
<gc-end id="2015" type="partial gc" contextid="2008" durationms="3.644" usertimems="8.000" systemtimems="0.000" timestamp="2019-06-16T02:56:27.241" activeThreads="4">
  <mem-info id="2016" free="30408704" total="65011712" percent="46">
    <mem type="eden" free="1045880" total="1048576" percent="99" />
    <remembered-set count="119040" freebytes="2286336" totalbytes="2762496" percent="82" regionsoverflowed="0" regionsstable="5" regionsrebuilding="0"/>
  </mem-info>
</gc-end>
<cycle-end id="2017" type="partial gc" contextid="2008" timestamp="2019-06-16T02:56:27.241" />
  <attribute name="elasticGC enabled" value="1" />
  <attribute name= "numThreadsSpecified" value="4" />
  <attribute name="heapSize specified" value="0" />
  <attribute name="Current GC Util" value="61" />
  <attribute name= "Current Time Running" value="59604" />
  <attribute name ="GC Interval" value="0" />
  <attribute name="ProportionalT" value="61.500000" />
  <attribute name="ProportionalI" value="61.500000" />
  <attribute name="ProportionalH" value="61.500000" />
  <attribute name="Current Error" value="41.000000" />
  <attribute name="IntegralT" value="41.000000" />
  <attribute name="IntegralI" value="41.000000" />
  <attribute name="IntegralH" value="41.000000" />
  <attribute name="DerivativeT" value="-22.000000" />
  <attribute name="DerivativeI" value="-22.000000" />
  <attribute name="DerivativeH" value="-22.000000" />
  <attribute name="Loop Time for DT" value="1.000000" />
  <attribute name="Output H" value="8388608"/>
  <attribute name="Output I" value="200"/>
  <attribute name="Output T" value="4"/>
  <attribute name="Target GC Util Change" value ="20.000000" />
  <attribute name="Current GC Util Change" value="61.000000"/>
  <attribute name="GC Util currently" value="61" />
  <attribute name="CPU Util currently" value="22614285359378" />
<exclusive-end id="2018" timestamp="2019-06-16T02:56:27.241" durationms="4.588" />

<exclusive-start id="2019" timestamp="2019-06-16T02:56:27.260" intervalms="23.558">
  <response-info timems="0.146" idlems="0.146" threads="0" lastid="0000000001916700" lastname="main" />
</exclusive-start>
<allocation-taxation id="2020" taxation-threshold="23068672" timestamp="2019-06-16T02:56:27.260" intervalms="23.563" />
<cycle-start id="2021" type="partial gc" contextid="0" timestamp="2019-06-16T02:56:27.260" intervalms="23.554" />
<gc-start id="2022" type="partial gc" contextid="2021" timestamp="2019-06-16T02:56:27.261">
  <mem-info id="2023" free="7340032" total="65011712" percent="11">
    <mem type="eden" free="0" total="23068672" percent="0" />
    <remembered-set count="117408" freebytes="2292864" totalbytes="2762496" percent="82" regionsoverflowed="0" regionsstable="6" regionsrebuilding="0"/>
  </mem-info>
</gc-start>
<allocation-stats totalBytes="23028848" >
  <allocated-bytes non-tlh="0" tlh="23028848" arrayletleaf="0"/>
  <largest-consumer threadName="main" threadId="0000000001916700" bytes="23028848" />
</allocation-stats>
<gc-op id="2024" type="copy forward" timems="3.056" contextid="2021" timestamp="2019-06-16T02:56:27.265">
  <memory-copied type="eden" objects="3" bytes="72" bytesdiscarded="720" />
  <memory-copied type="other" objects="494" bytes="9920" bytesdiscarded="2008" />
  <memory-cardclean objects="98074" bytes="3167232" />
  <regions eden="22" other="4" />
  <remembered-set-cleared processed="75588" cleared="12825" durationms="0.413" />
  <stringconstants candidates="13679" cleared="0"  />
</gc-op>
<gc-op id="2025" type="classunload" timems="0.004" contextid="2021" timestamp="2019-06-16T02:56:27.265">
  <classunload-info classloadercandidates="54" classloadersunloaded="0" classesunloaded="0" anonymousclassesunloaded="0" quiescems="0.000" setupms="0.004" scanms="0.000" postms="0.000" />
</gc-op>
<gc-end id="2026" type="partial gc" contextid="2021" durationms="4.384" usertimems="4.000" systemtimems="4.000" timestamp="2019-06-16T02:56:27.265" activeThreads="4">
  <mem-info id="2027" free="30408704" total="65011712" percent="46">
    <mem type="eden" free="1047784" total="1048576" percent="99" />
    <remembered-set count="77408" freebytes="2285440" totalbytes="2595072" percent="88" regionsoverflowed="0" regionsstable="6" regionsrebuilding="0"/>
  </mem-info>
</gc-end>
<cycle-end id="2028" type="partial gc" contextid="2021" timestamp="2019-06-16T02:56:27.265" />
  <attribute name="elasticGC enabled" value="1" />
  <attribute name= "numThreadsSpecified" value="4" />
  <attribute name="heapSize specified" value="0" />
  <attribute name="Current GC Util" value="0" />
  <attribute name= "Current Time Running" value="59627" />
  <attribute name ="GC Interval" value="0" />
  <attribute name="ProportionalT" value="-30.000000" />
  <attribute name="ProportionalI" value="-30.000000" />
  <attribute name="ProportionalH" value="-30.000000" />
  <attribute name="Current Error" value="-20.000000" />
  <attribute name="IntegralT" value="-20.000000" />
  <attribute name="IntegralI" value="-20.000000" />
  <attribute name="IntegralH" value="-20.000000" />
  <attribute name="DerivativeT" value="-20.000000" />
  <attribute name="DerivativeI" value="-20.000000" />
  <attribute name="DerivativeH" value="-20.000000" />
  <attribute name="Loop Time for DT" value="1.000000" />
  <attribute name="Output H" value="2091843584"/>
  <attribute name="Output I" value="200"/>
  <attribute name="Output T" value="4"/>
  <attribute name="Target GC Util Change" value ="20.000000" />
  <attribute name="Current GC Util Change" value="0.000000"/>
  <attribute name="GC Util currently" value="0" />
  <attribute name="CPU Util currently" value="8065856968035" />
<exclusive-end id="2029" timestamp="2019-06-16T02:56:27.265" durationms="5.339" />

<exclusive-start id="2030" timestamp="2019-06-16T02:56:27.283" intervalms="23.288">
  <response-info timems="0.141" idlems="0.141" threads="0" lastid="0000000001916700" lastname="main" />
</exclusive-start>
<allocation-taxation id="2031" taxation-threshold="23068672" timestamp="2019-06-16T02:56:27.284" intervalms="23.296" />
<cycle-start id="2032" type="partial gc" contextid="0" timestamp="2019-06-16T02:56:27.284" intervalms="23.296" />
<gc-start id="2033" type="partial gc" contextid="2032" timestamp="2019-06-16T02:56:27.284">
  <mem-info id="2034" free="7340032" total="65011712" percent="11">
    <mem type="eden" free="1047784" total="24117248" percent="4" />
    <remembered-set count="77280" freebytes="2285952" totalbytes="2595072" percent="88" regionsoverflowed="0" regionsstable="6" regionsrebuilding="0"/>
  </mem-info>
</gc-start>
<allocation-stats totalBytes="23028408" >
  <allocated-bytes non-tlh="0" tlh="23028408" arrayletleaf="0"/>
  <largest-consumer threadName="main" threadId="0000000001916700" bytes="23028408" />
</allocation-stats>
<gc-op id="2035" type="copy forward" timems="2.500" contextid="2032" timestamp="2019-06-16T02:56:27.287">
  <memory-copied type="eden" objects="3" bytes="72" bytesdiscarded="0" />
  <memory-copied type="other" objects="13130" bytes="774152" bytesdiscarded="94928" />
  <memory-cardclean objects="7729" bytes="335848" />
  <regions eden="22" other="4" />
  <remembered-set-cleared processed="73754" cleared="8950" durationms="0.303" />
  <references type="soft" candidates="259" cleared="0" enqueued="0" dynamicThreshold="14" maxThreshold="32" />
  <references type="weak" candidates="908" cleared="0" enqueued="0" />
  <stringconstants candidates="13679" cleared="0"  />
</gc-op>
<gc-op id="2036" type="classunload" timems="0.004" contextid="2032" timestamp="2019-06-16T02:56:27.287">
  <classunload-info classloadercandidates="54" classloadersunloaded="0" classesunloaded="0" anonymousclassesunloaded="0" quiescems="0.000" setupms="0.004" scanms="0.000" postms="0.000" />
</gc-op>
<heap-resize id="2037" type="expand" space="default" amount="11534336" count="1" timems="0.095" reason="excessive time being spent in gc" timestamp="2019-06-16T02:56:27.288" />
<gc-end id="2038" type="partial gc" contextid="2032" durationms="3.705" usertimems="8.000" systemtimems="0.000" timestamp="2019-06-16T02:56:27.288" activeThreads="4">
  <mem-info id="2039" free="44040192" total="76546048" percent="57">
    <mem type="eden" free="1048504" total="1048576" percent="99" />
    <remembered-set count="72544" freebytes="2765312" totalbytes="3055488" percent="90" regionsoverflowed="0" regionsstable="6" regionsrebuilding="0"/>
  </mem-info>
</gc-end>
<cycle-end id="2040" type="partial gc" contextid="2032" timestamp="2019-06-16T02:56:27.288" />
  <attribute name="elasticGC enabled" value="1" />
  <attribute name= "numThreadsSpecified" value="4" />
  <attribute name="heapSize specified" value="0" />
  <attribute name="Current GC Util" value="73" />
  <attribute name= "Current Time Running" value="59650" />
  <attribute name ="GC Interval" value="0" />
  <attribute name="ProportionalT" value="79.500000" />
  <attribute name="ProportionalI" value="79.500000" />
  <attribute name="ProportionalH" value="79.500000" />
  <attribute name="Current Error" value="53.000000" />
  <attribute name="IntegralT" value="53.000000" />
  <attribute name="IntegralI" value="53.000000" />
  <attribute name="IntegralH" value="53.000000" />
  <attribute name="DerivativeT" value="35.000000" />
  <attribute name="DerivativeI" value="35.000000" />
  <attribute name="DerivativeH" value="35.000000" />
  <attribute name="Loop Time for DT" value="1.000000" />
  <attribute name="Output H" value="8388608"/>
  <attribute name="Output I" value="200"/>
  <attribute name="Output T" value="4"/>
  <attribute name="Target GC Util Change" value ="20.000000" />
  <attribute name="Current GC Util Change" value="73.000000"/>
  <attribute name="GC Util currently" value="73" />
  <attribute name="CPU Util currently" value="22572445177464" />
<exclusive-end id="2041" timestamp="2019-06-16T02:56:27.288" durationms="4.741" />

<exclusive-start id="2042" timestamp="2019-06-16T02:56:27.305" intervalms="21.680">
  <response-info timems="0.159" idlems="0.159" threads="0" lastid="0000000001916700" lastname="main" />
</exclusive-start>
<allocation-taxation id="2043" taxation-threshold="26214400" timestamp="2019-06-16T02:56:27.305" intervalms="21.681" />
<cycle-start id="2044" type="partial gc" contextid="0" timestamp="2019-06-16T02:56:27.305" intervalms="21.689" />
<gc-start id="2045" type="partial gc" contextid="2044" timestamp="2019-06-16T02:56:27.306">
  <mem-info id="2046" free="17825792" total="76546048" percent="23">
    <mem type="eden" free="1048504" total="27262976" percent="3" />
    <remembered-set count="42976" freebytes="2883584" totalbytes="3055488" percent="94" regionsoverflowed="0" regionsstable="14" regionsrebuilding="0"/>
  </mem-info>
</gc-start>
<allocation-stats totalBytes="26168520" >
  <allocated-bytes non-tlh="0" tlh="26168520" arrayletleaf="0"/>
  <largest-consumer threadName="main" threadId="0000000001916700" bytes="26168520" />
</allocation-stats>
<gc-op id="2047" type="copy forward" timems="1.162" contextid="2044" timestamp="2019-06-16T02:56:27.307">
  <memory-copied type="eden" objects="3" bytes="72" bytesdiscarded="0" />
  <memory-copied type="other" objects="7" bytes="160" bytesdiscarded="0" />
  <memory-cardclean objects="30" bytes="1152" />
  <regions eden="25" other="2" />
  <remembered-set-cleared processed="41667" cleared="18" durationms="0.386" />
  <stringconstants candidates="13679" cleared="0"  />
</gc-op>
<gc-op id="2048" type="classunload" timems="0.003" contextid="2044" timestamp="2019-06-16T02:56:27.307">
  <classunload-info classloadercandidates="54" classloadersunloaded="0" classesunloaded="0" anonymousclassesunloaded="0" quiescems="0.000" setupms="0.003" scanms="0.000" postms="0.000" />
</gc-op>
<heap-resize id="2049" type="expand" space="default" amount="5242880" count="1" timems="0.066" reason="excessive time being spent in gc" timestamp="2019-06-16T02:56:27.308" />
<gc-end id="2050" type="partial gc" contextid="2044" durationms="2.300" usertimems="4.000" systemtimems="0.000" timestamp="2019-06-16T02:56:27.308" activeThreads="1">
  <mem-info id="2051" free="49283072" total="81788928" percent="60">
    <mem type="eden" free="1048504" total="1048576" percent="99" />
    <remembered-set count="43264" freebytes="3091712" totalbytes="3264768" percent="94" regionsoverflowed="0" regionsstable="14" regionsrebuilding="0"/>
  </mem-info>
</gc-end>
<cycle-end id="2052" type="partial gc" contextid="2044" timestamp="2019-06-16T02:56:27.308" />
  <attribute name="elasticGC enabled" value="1" />
  <attribute name= "numThreadsSpecified" value="1" />
  <attribute name="heapSize specified" value="0" />
  <attribute name="Current GC Util" value="82" />
  <attribute name= "Current Time Running" value="59671" />
  <attribute name ="GC Interval" value="0" />
  <attribute name="ProportionalT" value="93.000000" />
  <attribute name="ProportionalI" value="93.000000" />
  <attribute name="ProportionalH" value="93.000000" />
  <attribute name="Current Error" value="62.000000" />
  <attribute name="IntegralT" value="0.000000" />
  <attribute name="IntegralI" value="0.000000" />
  <attribute name="IntegralH" value="0.000000" />
  <attribute name="DerivativeT" value="inf" />
  <attribute name="DerivativeI" value="inf" />
  <attribute name="DerivativeH" value="inf" />
  <attribute name="Loop Time for DT" value="0.000000" />
  <attribute name="Output H" value="8388608"/>
  <attribute name="Output I" value="200"/>
  <attribute name="Output T" value="1"/>
  <attribute name="Target GC Util Change" value ="20.000000" />
  <attribute name="Current GC Util Change" value="82.000000"/>
  <attribute name="GC Util currently" value="82" />
  <attribute name="CPU Util currently" value="21453394231778" />
<exclusive-end id="2053" timestamp="2019-06-16T02:56:27.308" durationms="3.299" />

<exclusive-start id="2054" timestamp="2019-06-16T02:56:27.325" intervalms="20.457">
  <response-info timems="0.062" idlems="0.062" threads="0" lastid="0000000001916700" lastname="main" />
</exclusive-start>
<allocation-taxation id="2055" taxation-threshold="27262976" timestamp="2019-06-16T02:56:27.326" intervalms="20.421" />
<cycle-start id="2056" type="partial gc" contextid="0" timestamp="2019-06-16T02:56:27.326" intervalms="20.410" />
<gc-start id="2057" type="partial gc" contextid="2056" timestamp="2019-06-16T02:56:27.326">
  <mem-info id="2058" free="22020096" total="81788928" percent="26">
    <mem type="eden" free="1048504" total="28311552" percent="3" />
    <remembered-set count="42944" freebytes="3092992" totalbytes="3264768" percent="94" regionsoverflowed="0" regionsstable="14" regionsrebuilding="0"/>
  </mem-info>
</gc-start>
<allocation-stats totalBytes="27215304" >
  <allocated-bytes non-tlh="0" tlh="27215304" arrayletleaf="0"/>
  <largest-consumer threadName="main" threadId="0000000001916700" bytes="27215304" />
</allocation-stats>
<gc-op id="2059" type="copy forward" timems="1.087" contextid="2056" timestamp="2019-06-16T02:56:27.328">
  <memory-copied type="eden" objects="4" bytes="104" bytesdiscarded="0" />
  <memory-copied type="other" objects="7" bytes="160" bytesdiscarded="0" />
  <memory-cardclean objects="29" bytes="1080" />
  <regions eden="26" other="2" />
  <remembered-set-cleared processed="41667" cleared="23" durationms="0.357" />
  <stringconstants candidates="13679" cleared="0"  />
</gc-op>
<gc-op id="2060" type="classunload" timems="0.003" contextid="2056" timestamp="2019-06-16T02:56:27.328">
  <classunload-info classloadercandidates="54" classloadersunloaded="0" classesunloaded="0" anonymousclassesunloaded="0" quiescems="0.000" setupms="0.003" scanms="0.000" postms="0.000" />
</gc-op>
<gc-end id="2061" type="partial gc" contextid="2056" durationms="1.992" usertimems="4.000" systemtimems="0.000" timestamp="2019-06-16T02:56:27.328" activeThreads="1">
  <mem-info id="2062" free="49283072" total="81788928" percent="60">
    <mem type="eden" free="1048472" total="1048576" percent="99" />
    <remembered-set count="43264" freebytes="3091712" totalbytes="3264768" percent="94" regionsoverflowed="0" regionsstable="14" regionsrebuilding="0"/>
  </mem-info>
</gc-end>
<cycle-end id="2063" type="partial gc" contextid="2056" timestamp="2019-06-16T02:56:27.328" />
  <attribute name="elasticGC enabled" value="1" />
  <attribute name= "numThreadsSpecified" value="1" />
  <attribute name="heapSize specified" value="0" />
  <attribute name="Current GC Util" value="62" />
  <attribute name= "Current Time Running" value="59691" />
  <attribute name ="GC Interval" value="0" />
  <attribute name="ProportionalT" value="63.000000" />
  <attribute name="ProportionalI" value="63.000000" />
  <attribute name="ProportionalH" value="63.000000" />
  <attribute name="Current Error" value="42.000000" />
  <attribute name="IntegralT" value="0.000000" />
  <attribute name="IntegralI" value="0.000000" />
  <attribute name="IntegralH" value="0.000000" />
  <attribute name="DerivativeT" value="inf" />
  <attribute name="DerivativeI" value="inf" />
  <attribute name="DerivativeH" value="inf" />
  <attribute name="Loop Time for DT" value="0.000000" />
  <attribute name="Output H" value="8388608"/>
  <attribute name="Output I" value="200"/>
  <attribute name="Output T" value="1"/>
  <attribute name="Target GC Util Change" value ="20.000000" />
  <attribute name="Current GC Util Change" value="62.000000"/>
  <attribute name="GC Util currently" value="62" />
  <attribute name="CPU Util currently" value="19367717646262" />
<exclusive-end id="2064" timestamp="2019-06-16T02:56:27.328" durationms="2.808" />

<exclusive-start id="2065" timestamp="2019-06-16T02:56:27.346" intervalms="20.083">
  <response-info timems="0.083" idlems="0.083" threads="0" lastid="0000000001916700" lastname="main" />
</exclusive-start>
<allocation-taxation id="2066" taxation-threshold="27262976" timestamp="2019-06-16T02:56:27.346" intervalms="20.128" />
<cycle-start id="2067" type="partial gc" contextid="0" timestamp="2019-06-16T02:56:27.346" intervalms="20.101" />
<gc-start id="2068" type="partial gc" contextid="2067" timestamp="2019-06-16T02:56:27.346">
  <mem-info id="2069" free="22020096" total="81788928" percent="26">
    <mem type="eden" free="1048472" total="28311552" percent="3" />
    <remembered-set count="42912" freebytes="3093120" totalbytes="3264768" percent="94" regionsoverflowed="0" regionsstable="14" regionsrebuilding="0"/>
  </mem-info>
</gc-start>
<allocation-stats totalBytes="27215008" >
  <allocated-bytes non-tlh="0" tlh="27215008" arrayletleaf="0"/>
  <largest-consumer threadName="main" threadId="0000000001916700" bytes="27215008" />
</allocation-stats>
<gc-op id="2070" type="copy forward" timems="1.565" contextid="2067" timestamp="2019-06-16T02:56:27.348">
  <memory-copied type="eden" objects="3" bytes="72" bytesdiscarded="0" />
  <memory-copied type="other" objects="7" bytes="160" bytesdiscarded="0" />
  <memory-cardclean objects="30" bytes="1152" />
  <regions eden="26" other="2" />
  <remembered-set-cleared processed="41658" cleared="19" durationms="0.280" />
  <stringconstants candidates="13679" cleared="0"  />
</gc-op>
<gc-op id="2071" type="classunload" timems="0.004" contextid="2067" timestamp="2019-06-16T02:56:27.348">
  <classunload-info classloadercandidates="54" classloadersunloaded="0" classesunloaded="0" anonymousclassesunloaded="0" quiescems="0.000" setupms="0.004" scanms="0.000" postms="0.000" />
</gc-op>
<gc-end id="2072" type="partial gc" contextid="2067" durationms="2.501" usertimems="4.000" systemtimems="0.000" timestamp="2019-06-16T02:56:27.349" activeThreads="4">
  <mem-info id="2073" free="49283072" total="81788928" percent="60">
    <mem type="eden" free="1048504" total="1048576" percent="99" />
    <remembered-set count="43360" freebytes="3091328" totalbytes="3264768" percent="94" regionsoverflowed="0" regionsstable="14" regionsrebuilding="0"/>
  </mem-info>
</gc-end>
<cycle-end id="2074" type="partial gc" contextid="2067" timestamp="2019-06-16T02:56:27.349" />
  <attribute name="elasticGC enabled" value="1" />
  <attribute name= "numThreadsSpecified" value="4" />
  <attribute name="heapSize specified" value="0" />
  <attribute name="Current GC Util" value="66" />
  <attribute name= "Current Time Running" value="59712" />
  <attribute name ="GC Interval" value="0" />
  <attribute name="ProportionalT" value="69.000000" />
  <attribute name="ProportionalI" value="69.000000" />
  <attribute name="ProportionalH" value="69.000000" />
  <attribute name="Current Error" value="46.000000" />
  <attribute name="IntegralT" value="46.000000" />
  <attribute name="IntegralI" value="46.000000" />
  <attribute name="IntegralH" value="46.000000" />
  <attribute name="DerivativeT" value="46.000000" />
  <attribute name="DerivativeI" value="46.000000" />
  <attribute name="DerivativeH" value="46.000000" />
  <attribute name="Loop Time for DT" value="1.000000" />
  <attribute name="Output H" value="8388608"/>
  <attribute name="Output I" value="200"/>
  <attribute name="Output T" value="4"/>
  <attribute name="Target GC Util Change" value ="20.000000" />
  <attribute name="Current GC Util Change" value="66.000000"/>
  <attribute name="GC Util currently" value="66" />
  <attribute name="CPU Util currently" value="19044513114171" />
<exclusive-end id="2075" timestamp="2019-06-16T02:56:27.349" durationms="3.447" />

<exclusive-start id="2076" timestamp="2019-06-16T02:56:27.366" intervalms="20.734">
  <response-info timems="0.082" idlems="0.082" threads="0" lastid="0000000001916700" lastname="main" />
</exclusive-start>
<allocation-taxation id="2077" taxation-threshold="27262976" timestamp="2019-06-16T02:56:27.366" intervalms="20.735" />
<cycle-start id="2078" type="partial gc" contextid="0" timestamp="2019-06-16T02:56:27.367" intervalms="20.773" />
<gc-start id="2079" type="partial gc" contextid="2078" timestamp="2019-06-16T02:56:27.367">
  <mem-info id="2080" free="22020096" total="81788928" percent="26">
    <mem type="eden" free="1048504" total="28311552" percent="3" />
    <remembered-set count="42880" freebytes="3093248" totalbytes="3264768" percent="94" regionsoverflowed="0" regionsstable="14" regionsrebuilding="0"/>
  </mem-info>
</gc-start>
<allocation-stats totalBytes="27214616" >
  <allocated-bytes non-tlh="0" tlh="27214616" arrayletleaf="0"/>
  <largest-consumer threadName="main" threadId="0000000001916700" bytes="27214616" />
</allocation-stats>
<gc-op id="2081" type="copy forward" timems="1.484" contextid="2078" timestamp="2019-06-16T02:56:27.369">
  <memory-copied type="eden" objects="4" bytes="104" bytesdiscarded="0" />
  <memory-copied type="other" objects="9" bytes="224" bytesdiscarded="608" />
  <memory-cardclean objects="30" bytes="9280" />
  <regions eden="26" other="2" />
  <remembered-set-cleared processed="41657" cleared="21" durationms="0.292" />
  <references type="weak" candidates="2" cleared="0" enqueued="0" />
  <stringconstants candidates="13679" cleared="0"  />
</gc-op>
<gc-op id="2082" type="classunload" timems="0.004" contextid="2078" timestamp="2019-06-16T02:56:27.369">
  <classunload-info classloadercandidates="54" classloadersunloaded="0" classesunloaded="0" anonymousclassesunloaded="0" quiescems="0.000" setupms="0.004" scanms="0.000" postms="0.000" />
</gc-op>
<gc-end id="2083" type="partial gc" contextid="2078" durationms="2.421" usertimems="4.000" systemtimems="0.000" timestamp="2019-06-16T02:56:27.369" activeThreads="4">
  <mem-info id="2084" free="49283072" total="81788928" percent="60">
    <mem type="eden" free="1048472" total="1048576" percent="99" />
    <remembered-set count="43808" freebytes="3089536" totalbytes="3264768" percent="94" regionsoverflowed="0" regionsstable="14" regionsrebuilding="0"/>
  </mem-info>
</gc-end>
<cycle-end id="2085" type="partial gc" contextid="2078" timestamp="2019-06-16T02:56:27.370" />
  <attribute name="elasticGC enabled" value="1" />
  <attribute name= "numThreadsSpecified" value="4" />
  <attribute name="heapSize specified" value="0" />
  <attribute name="Current GC Util" value="63" />
  <attribute name= "Current Time Running" value="59733" />
  <attribute name ="GC Interval" value="0" />
  <attribute name="ProportionalT" value="64.500000" />
  <attribute name="ProportionalI" value="64.500000" />
  <attribute name="ProportionalH" value="64.500000" />
  <attribute name="Current Error" value="43.000000" />
  <attribute name="IntegralT" value="43.000000" />
  <attribute name="IntegralI" value="43.000000" />
  <attribute name="IntegralH" value="43.000000" />
  <attribute name="DerivativeT" value="43.000000" />
  <attribute name="DerivativeI" value="43.000000" />
  <attribute name="DerivativeH" value="43.000000" />
  <attribute name="Loop Time for DT" value="1.000000" />
  <attribute name="Output H" value="8388608"/>
  <attribute name="Output I" value="200"/>
  <attribute name="Output T" value="4"/>
  <attribute name="Target GC Util Change" value ="20.000000" />
  <attribute name="Current GC Util Change" value="63.000000"/>
  <attribute name="GC Util currently" value="63" />
  <attribute name="CPU Util currently" value="20065203228596" />
<exclusive-end id="2086" timestamp="2019-06-16T02:56:27.370" durationms="3.440" />

<exclusive-start id="2087" timestamp="2019-06-16T02:56:27.387" intervalms="20.628">
  <response-info timems="0.123" idlems="0.123" threads="0" lastid="0000000001916700" lastname="main" />
</exclusive-start>
<allocation-taxation id="2088" taxation-threshold="27262976" timestamp="2019-06-16T02:56:27.387" intervalms="20.579" />
<cycle-start id="2089" type="partial gc" contextid="0" timestamp="2019-06-16T02:56:27.387" intervalms="20.576" />
<gc-start id="2090" type="partial gc" contextid="2089" timestamp="2019-06-16T02:56:27.387">
  <mem-info id="2091" free="22020096" total="81788928" percent="26">
    <mem type="eden" free="1048472" total="28311552" percent="3" />
    <remembered-set count="43328" freebytes="3091456" totalbytes="3264768" percent="94" regionsoverflowed="0" regionsstable="14" regionsrebuilding="0"/>
  </mem-info>
</gc-start>
<allocation-stats totalBytes="27215008" >
  <allocated-bytes non-tlh="0" tlh="27215008" arrayletleaf="0"/>
  <largest-consumer threadName="main" threadId="0000000001916700" bytes="27215008" />
</allocation-stats>
<gc-op id="2092" type="copy forward" timems="1.152" contextid="2089" timestamp="2019-06-16T02:56:27.389">
  <memory-copied type="eden" objects="3" bytes="72" bytesdiscarded="0" />
  <memory-copied type="other" objects="7" bytes="160" bytesdiscarded="0" />
  <memory-cardclean objects="30" bytes="1152" />
  <regions eden="26" other="2" />
  <remembered-set-cleared processed="41658" cleared="19" durationms="0.377" />
  <stringconstants candidates="13679" cleared="0"  />
</gc-op>
<gc-op id="2093" type="classunload" timems="0.004" contextid="2089" timestamp="2019-06-16T02:56:27.389">
  <classunload-info classloadercandidates="54" classloadersunloaded="0" classesunloaded="0" anonymousclassesunloaded="0" quiescems="0.000" setupms="0.004" scanms="0.000" postms="0.000" />
</gc-op>
<gc-end id="2094" type="partial gc" contextid="2089" durationms="2.143" usertimems="4.000" systemtimems="0.000" timestamp="2019-06-16T02:56:27.390" activeThreads="1">
  <mem-info id="2095" free="49283072" total="81788928" percent="60">
    <mem type="eden" free="1048504" total="1048576" percent="99" />
    <remembered-set count="43648" freebytes="3090176" totalbytes="3264768" percent="94" regionsoverflowed="0" regionsstable="14" regionsrebuilding="0"/>
  </mem-info>
</gc-end>
<cycle-end id="2096" type="partial gc" contextid="2089" timestamp="2019-06-16T02:56:27.390" />
  <attribute name="elasticGC enabled" value="1" />
  <attribute name= "numThreadsSpecified" value="1" />
  <attribute name="heapSize specified" value="0" />
  <attribute name="Current GC Util" value="66" />
  <attribute name= "Current Time Running" value="59753" />
  <attribute name ="GC Interval" value="0" />
  <attribute name="ProportionalT" value="69.000000" />
  <attribute name="ProportionalI" value="69.000000" />
  <attribute name="ProportionalH" value="69.000000" />
  <attribute name="Current Error" value="46.000000" />
  <attribute name="IntegralT" value="0.000000" />
  <attribute name="IntegralI" value="0.000000" />
  <attribute name="IntegralH" value="0.000000" />
  <attribute name="DerivativeT" value="inf" />
  <attribute name="DerivativeI" value="inf" />
  <attribute name="DerivativeH" value="inf" />
  <attribute name="Loop Time for DT" value="0.000000" />
  <attribute name="Output H" value="8388608"/>
  <attribute name="Output I" value="200"/>
  <attribute name="Output T" value="1"/>
  <attribute name="Target GC Util Change" value ="20.000000" />
  <attribute name="Current GC Util Change" value="66.000000"/>
  <attribute name="GC Util currently" value="66" />
  <attribute name="CPU Util currently" value="18580673429897" />
<exclusive-end id="2097" timestamp="2019-06-16T02:56:27.390" durationms="3.069" />

<exclusive-start id="2098" timestamp="2019-06-16T02:56:27.598" intervalms="211.076">
  <response-info timems="0.026" idlems="0.026" threads="0" lastid="0000000001916700" lastname="main" />
</exclusive-start>
<allocation-taxation id="2099" taxation-threshold="27262976" timestamp="2019-06-16T02:56:27.598" intervalms="211.176" />
<cycle-start id="2100" type="partial gc" contextid="0" timestamp="2019-06-16T02:56:27.598" intervalms="211.191" />
<gc-start id="2101" type="partial gc" contextid="2100" timestamp="2019-06-16T02:56:27.599">
  <mem-info id="2102" free="22020096" total="81788928" percent="26">
    <mem type="eden" free="1048504" total="28311552" percent="3" />
    <remembered-set count="43328" freebytes="3091456" totalbytes="3264768" percent="94" regionsoverflowed="0" regionsstable="14" regionsrebuilding="0"/>
  </mem-info>
</gc-start>
<allocation-stats totalBytes="27225520" >
  <allocated-bytes non-tlh="0" tlh="27225520" arrayletleaf="0"/>
  <largest-consumer threadName="main" threadId="0000000001916700" bytes="27225520" />
</allocation-stats>
<gc-op id="2103" type="copy forward" timems="1.165" contextid="2100" timestamp="2019-06-16T02:56:27.601">
  <memory-copied type="eden" objects="35" bytes="1416" bytesdiscarded="0" />
  <memory-copied type="other" objects="30" bytes="704" bytesdiscarded="0" />
  <memory-cardclean objects="91" bytes="11656" />
  <regions eden="26" other="2" />
  <remembered-set-cleared processed="41656" cleared="51" durationms="0.393" />
  <references type="weak" candidates="2" cleared="0" enqueued="0" />
  <stringconstants candidates="13679" cleared="0"  />
</gc-op>
<gc-op id="2104" type="classunload" timems="0.004" contextid="2100" timestamp="2019-06-16T02:56:27.601">
  <classunload-info classloadercandidates="54" classloadersunloaded="0" classesunloaded="0" anonymousclassesunloaded="0" quiescems="0.000" setupms="0.004" scanms="0.000" postms="0.000" />
</gc-op>
<heap-resize id="2105" type="contract" space="default" amount="4194304" count="1" timems="0.082" reason="insufficient time being spent in gc" timestamp="2019-06-16T02:56:27.601" />
<gc-end id="2106" type="partial gc" contextid="2100" durationms="2.622" usertimems="0.000" systemtimems="0.000" timestamp="2019-06-16T02:56:27.601" activeThreads="1">
  <mem-info id="2107" free="45088768" total="77594624" percent="58">
    <mem type="eden" free="1047160" total="1048576" percent="99" />
    <remembered-set count="43424" freebytes="3091072" totalbytes="3264768" percent="94" regionsoverflowed="0" regionsstable="14" regionsrebuilding="0"/>
  </mem-info>
</gc-end>
<cycle-end id="2108" type="partial gc" contextid="2100" timestamp="2019-06-16T02:56:27.602" />
  <attribute name="elasticGC enabled" value="1" />
  <attribute name= "numThreadsSpecified" value="1" />
  <attribute name="heapSize specified" value="0" />
  <attribute name="Current GC Util" value="74" />
  <attribute name= "Current Time Running" value="59964" />
  <attribute name ="GC Interval" value="0" />
  <attribute name="ProportionalT" value="81.000000" />
  <attribute name="ProportionalI" value="81.000000" />
  <attribute name="ProportionalH" value="81.000000" />
  <attribute name="Current Error" value="54.000000" />
  <attribute name="IntegralT" value="0.000000" />
  <attribute name="IntegralI" value="0.000000" />
  <attribute name="IntegralH" value="0.000000" />
  <attribute name="DerivativeT" value="inf" />
  <attribute name="DerivativeI" value="inf" />
  <attribute name="DerivativeH" value="inf" />
  <attribute name="Loop Time for DT" value="0.000000" />
  <attribute name="Output H" value="8388608"/>
  <attribute name="Output I" value="200"/>
  <attribute name="Output T" value="1"/>
  <attribute name="Target GC Util Change" value ="20.000000" />
  <attribute name="Current GC Util Change" value="74.000000"/>
  <attribute name="GC Util currently" value="74" />
  <attribute name="CPU Util currently" value="16844064852958" />
<exclusive-end id="2109" timestamp="2019-06-16T02:56:27.602" durationms="3.802" />

<exclusive-start id="2110" timestamp="2019-06-16T02:56:27.662" intervalms="63.758">
  <response-info timems="0.194" idlems="0.194" threads="0" lastid="0000000001916700" lastname="main" />
</exclusive-start>
<allocation-taxation id="2111" taxation-threshold="26214400" timestamp="2019-06-16T02:56:27.662" intervalms="63.720" />
<cycle-start id="2112" type="partial gc" contextid="0" timestamp="2019-06-16T02:56:27.662" intervalms="63.716" />
<gc-start id="2113" type="partial gc" contextid="2112" timestamp="2019-06-16T02:56:27.662">
  <mem-info id="2114" free="18874368" total="77594624" percent="24">
    <mem type="eden" free="0" total="26214400" percent="0" />
    <remembered-set count="43200" freebytes="3091968" totalbytes="3264768" percent="94" regionsoverflowed="0" regionsstable="14" regionsrebuilding="0"/>
  </mem-info>
</gc-start>
<allocation-stats totalBytes="26181544" >
  <allocated-bytes non-tlh="0" tlh="26181544" arrayletleaf="0"/>
  <largest-consumer threadName="main" threadId="0000000001916700" bytes="26181544" />
</allocation-stats>
<gc-op id="2115" type="copy forward" timems="1.178" contextid="2112" timestamp="2019-06-16T02:56:27.664">
  <memory-copied type="eden" objects="10" bytes="728" bytesdiscarded="0" />
  <memory-copied type="other" objects="35" bytes="976" bytesdiscarded="0" />
  <memory-cardclean objects="72" bytes="11128" />
  <regions eden="25" other="2" />
  <remembered-set-cleared processed="41648" cleared="42" durationms="0.378" />
  <references type="weak" candidates="2" cleared="0" enqueued="0" />
  <stringconstants candidates="13679" cleared="0"  />
</gc-op>
<gc-op id="2116" type="classunload" timems="0.005" contextid="2112" timestamp="2019-06-16T02:56:27.665">
  <classunload-info classloadercandidates="54" classloadersunloaded="0" classesunloaded="0" anonymousclassesunloaded="0" quiescems="0.000" setupms="0.005" scanms="0.000" postms="0.000" />
</gc-op>
<heap-resize id="2117" type="contract" space="default" amount="4194304" count="1" timems="0.052" reason="insufficient time being spent in gc" timestamp="2019-06-16T02:56:27.665" />
<gc-end id="2118" type="partial gc" contextid="2112" durationms="2.640" usertimems="4.000" systemtimems="0.000" timestamp="2019-06-16T02:56:27.665" activeThreads="1">
  <mem-info id="2119" free="39845888" total="73400320" percent="54">
    <mem type="eden" free="1047848" total="1048576" percent="99" />
    <remembered-set count="42592" freebytes="2926976" totalbytes="3097344" percent="94" regionsoverflowed="0" regionsstable="14" regionsrebuilding="0"/>
  </mem-info>
</gc-end>
<cycle-end id="2120" type="partial gc" contextid="2112" timestamp="2019-06-16T02:56:27.665" />
  <attribute name="elasticGC enabled" value="1" />
  <attribute name= "numThreadsSpecified" value="1" />
  <attribute name="heapSize specified" value="0" />
  <attribute name="Current GC Util" value="56" />
  <attribute name= "Current Time Running" value="60028" />
  <attribute name ="GC Interval" value="0" />
  <attribute name="ProportionalT" value="54.000000" />
  <attribute name="ProportionalI" value="54.000000" />
  <attribute name="ProportionalH" value="54.000000" />
  <attribute name="Current Error" value="36.000000" />
  <attribute name="IntegralT" value="0.000000" />
  <attribute name="IntegralI" value="0.000000" />
  <attribute name="IntegralH" value="0.000000" />
  <attribute name="DerivativeT" value="inf" />
  <attribute name="DerivativeI" value="inf" />
  <attribute name="DerivativeH" value="inf" />
  <attribute name="Loop Time for DT" value="0.000000" />
  <attribute name="Output H" value="8388608"/>
  <attribute name="Output I" value="200"/>
  <attribute name="Output T" value="1"/>
  <attribute name="Target GC Util Change" value ="20.000000" />
  <attribute name="Current GC Util Change" value="56.000000"/>
  <attribute name="GC Util currently" value="56" />
  <attribute name="CPU Util currently" value="9808925589659" />
<exclusive-end id="2121" timestamp="2019-06-16T02:56:27.665" durationms="3.691" />

<exclusive-start id="2122" timestamp="2019-06-16T02:56:27.708" intervalms="45.993">
  <response-info timems="0.089" idlems="0.089" threads="0" lastid="0000000001916700" lastname="main" />
</exclusive-start>
<allocation-taxation id="2123" taxation-threshold="25165824" timestamp="2019-06-16T02:56:27.708" intervalms="45.997" />
<cycle-start id="2124" type="partial gc" contextid="0" timestamp="2019-06-16T02:56:27.708" intervalms="46.008" />
<gc-start id="2125" type="partial gc" contextid="2124" timestamp="2019-06-16T02:56:27.708">
  <mem-info id="2126" free="14680064" total="73400320" percent="20">
    <mem type="eden" free="1047848" total="26214400" percent="3" />
    <remembered-set count="42400" freebytes="2927744" totalbytes="3097344" percent="94" regionsoverflowed="0" regionsstable="14" regionsrebuilding="0"/>
  </mem-info>
</gc-start>
<allocation-stats totalBytes="25140904" >
  <allocated-bytes non-tlh="0" tlh="25140904" arrayletleaf="0"/>
  <largest-consumer threadName="main" threadId="0000000001916700" bytes="25140904" />
</allocation-stats>
<gc-op id="2127" type="copy forward" timems="1.228" contextid="2124" timestamp="2019-06-16T02:56:27.711">
  <memory-copied type="eden" objects="31" bytes="1384" bytesdiscarded="0" />
  <memory-copied type="other" objects="37" bytes="968" bytesdiscarded="0" />
  <memory-cardclean objects="103" bytes="12104" />
  <regions eden="24" other="2" />
  <remembered-set-cleared processed="41653" cleared="53" durationms="0.378" />
  <references type="weak" candidates="4" cleared="0" enqueued="0" />
  <stringconstants candidates="13679" cleared="0"  />
</gc-op>
<gc-op id="2128" type="classunload" timems="0.005" contextid="2124" timestamp="2019-06-16T02:56:27.711">
  <classunload-info classloadercandidates="54" classloadersunloaded="0" classesunloaded="0" anonymousclassesunloaded="0" quiescems="0.000" setupms="0.005" scanms="0.000" postms="0.000" />
</gc-op>
<heap-resize id="2129" type="contract" space="default" amount="4194304" count="1" timems="0.054" reason="insufficient time being spent in gc" timestamp="2019-06-16T02:56:27.711" />
<gc-end id="2130" type="partial gc" contextid="2124" durationms="2.743" usertimems="8.000" systemtimems="0.000" timestamp="2019-06-16T02:56:27.711" activeThreads="1">
  <mem-info id="2131" free="35651584" total="69206016" percent="51">
    <mem type="eden" free="1047192" total="1048576" percent="99" />
    <remembered-set count="42720" freebytes="2759040" totalbytes="2929920" percent="94" regionsoverflowed="0" regionsstable="14" regionsrebuilding="0"/>
  </mem-info>
</gc-end>
<cycle-end id="2132" type="partial gc" contextid="2124" timestamp="2019-06-16T02:56:27.711" />
  <attribute name="elasticGC enabled" value="1" />
  <attribute name= "numThreadsSpecified" value="1" />
  <attribute name="heapSize specified" value="0" />
  <attribute name="Current GC Util" value="48" />
  <attribute name= "Current Time Running" value="60074" />
  <attribute name ="GC Interval" value="0" />
  <attribute name="ProportionalT" value="42.000000" />
  <attribute name="ProportionalI" value="42.000000" />
  <attribute name="ProportionalH" value="42.000000" />
  <attribute name="Current Error" value="28.000000" />
  <attribute name="IntegralT" value="0.000000" />
  <attribute name="IntegralI" value="0.000000" />
  <attribute name="IntegralH" value="0.000000" />
  <attribute name="DerivativeT" value="inf" />
  <attribute name="DerivativeI" value="inf" />
  <attribute name="DerivativeH" value="inf" />
  <attribute name="Loop Time for DT" value="0.000000" />
  <attribute name="Output H" value="8388608"/>
  <attribute name="Output I" value="200"/>
  <attribute name="Output T" value="1"/>
  <attribute name="Target GC Util Change" value ="20.000000" />
  <attribute name="Current GC Util Change" value="48.000000"/>
  <attribute name="GC Util currently" value="48" />
  <attribute name="CPU Util currently" value="10074308510138" />
<exclusive-end id="2133" timestamp="2019-06-16T02:56:27.712" durationms="3.851" />

<exclusive-start id="2134" timestamp="2019-06-16T02:56:27.734" intervalms="26.471">
  <response-info timems="0.120" idlems="0.120" threads="0" lastid="0000000001916700" lastname="main" />
</exclusive-start>
<allocation-taxation id="2135" taxation-threshold="24117248" timestamp="2019-06-16T02:56:27.734" intervalms="26.451" />
<cycle-start id="2136" type="partial gc" contextid="0" timestamp="2019-06-16T02:56:27.734" intervalms="26.383" />
<gc-start id="2137" type="partial gc" contextid="2136" timestamp="2019-06-16T02:56:27.735">
  <mem-info id="2138" free="11534336" total="69206016" percent="16">
    <mem type="eden" free="0" total="24117248" percent="0" />
    <remembered-set count="42368" freebytes="2760448" totalbytes="2929920" percent="94" regionsoverflowed="0" regionsstable="14" regionsrebuilding="0"/>
  </mem-info>
</gc-start>
<allocation-stats totalBytes="24099320" >
  <allocated-bytes non-tlh="0" tlh="24099320" arrayletleaf="0"/>
  <largest-consumer threadName="main" threadId="0000000001916700" bytes="24099320" />
</allocation-stats>
<gc-op id="2139" type="copy forward" timems="1.612" contextid="2136" timestamp="2019-06-16T02:56:27.737">
  <memory-copied type="eden" objects="4" bytes="288" bytesdiscarded="0" />
  <memory-copied type="other" objects="26" bytes="1240" bytesdiscarded="632" />
  <memory-cardclean objects="42" bytes="1600" />
  <regions eden="23" other="1" />
  <remembered-set-cleared processed="41645" cleared="17" durationms="0.288" />
  <stringconstants candidates="13679" cleared="0"  />
</gc-op>
<gc-op id="2140" type="classunload" timems="0.004" contextid="2136" timestamp="2019-06-16T02:56:27.737">
  <classunload-info classloadercandidates="54" classloadersunloaded="0" classesunloaded="0" anonymousclassesunloaded="0" quiescems="0.000" setupms="0.004" scanms="0.000" postms="0.000" />
</gc-op>
<gc-end id="2141" type="partial gc" contextid="2136" durationms="2.680" usertimems="4.000" systemtimems="4.000" timestamp="2019-06-16T02:56:27.737" activeThreads="4">
  <mem-info id="2142" free="34603008" total="69206016" percent="50">
    <mem type="eden" free="1048288" total="1048576" percent="99" />
    <remembered-set count="43360" freebytes="2589056" totalbytes="2762496" percent="93" regionsoverflowed="0" regionsstable="14" regionsrebuilding="0"/>
  </mem-info>
</gc-end>
<cycle-end id="2143" type="partial gc" contextid="2136" timestamp="2019-06-16T02:56:27.738" />
  <attribute name="elasticGC enabled" value="1" />
  <attribute name= "numThreadsSpecified" value="4" />
  <attribute name="heapSize specified" value="0" />
  <attribute name="Current GC Util" value="45" />
  <attribute name= "Current Time Running" value="60101" />
  <attribute name ="GC Interval" value="0" />
  <attribute name="ProportionalT" value="37.500000" />
  <attribute name="ProportionalI" value="37.500000" />
  <attribute name="ProportionalH" value="37.500000" />
  <attribute name="Current Error" value="25.000000" />
  <attribute name="IntegralT" value="25.000000" />
  <attribute name="IntegralI" value="25.000000" />
  <attribute name="IntegralH" value="25.000000" />
  <attribute name="DerivativeT" value="25.000000" />
  <attribute name="DerivativeI" value="25.000000" />
  <attribute name="DerivativeH" value="25.000000" />
  <attribute name="Loop Time for DT" value="1.000000" />
  <attribute name="Output H" value="8388608"/>
  <attribute name="Output I" value="200"/>
  <attribute name="Output T" value="4"/>
  <attribute name="Target GC Util Change" value ="20.000000" />
  <attribute name="Current GC Util Change" value="45.000000"/>
  <attribute name="GC Util currently" value="45" />
  <attribute name="CPU Util currently" value="10867211596781" />
<exclusive-end id="2144" timestamp="2019-06-16T02:56:27.738" durationms="3.584" />

<exclusive-start id="2145" timestamp="2019-06-16T02:56:27.748" intervalms="13.387">
  <response-info timems="0.175" idlems="0.175" threads="0" lastid="0000000001916700" lastname="main" />
</exclusive-start>
<allocation-taxation id="2146" taxation-threshold="11534336" timestamp="2019-06-16T02:56:27.748" intervalms="13.373" />
<cycle-start id="2147" type="global mark phase" contextid="0" timestamp="2019-06-16T02:56:27.748" intervalms="1866.148" />
<gc-start id="2148" type="global mark phase" contextid="2147" timestamp="2019-06-16T02:56:27.748">
  <mem-info id="2149" free="23068672" total="69206016" percent="33">
    <remembered-set count="36032" freebytes="2618368" totalbytes="2762496" percent="94" regionsoverflowed="0" regionsstable="15" regionsrebuilding="0"/>
  </mem-info>
</gc-start>
<gc-op id="2150" type="mark increment" timems="0.543" contextid="2147" timestamp="2019-06-16T02:56:27.749">
  <trace-info objectcount="182" scancount="0" scanbytes="0" />
</gc-op>
<gc-end id="2151" type="global mark phase" contextid="2147" durationms="0.721" usertimems="0.000" systemtimems="0.000" timestamp="2019-06-16T02:56:27.749" activeThreads="1">
  <mem-info id="2152" free="23068672" total="69206016" percent="33">
    <remembered-set count="36032" freebytes="2618368" totalbytes="2762496" percent="94" regionsoverflowed="0" regionsstable="0" regionsrebuilding="15"/>
  </mem-info>
</gc-end>
<concurrent-start id="2153" type="GMP work packet processing" contextid="2147" timestamp="2019-06-16T02:56:27.749">
  <concurrent-mark-start scanTarget="1048576" />
</concurrent-start>
<exclusive-end id="2154" timestamp="2019-06-16T02:56:27.750" durationms="2.695" />

<concurrent-end id="2155" type="GMP work packet processing" contextid="2147" timestamp="2019-06-16T02:56:27.750">
  <concurrent-mark-end bytesScanned="1140500" reasonForTermination="Work target met" />
</concurrent-end>

<exclusive-start id="2156" timestamp="2019-06-16T02:56:27.760" intervalms="12.627">
  <response-info timems="0.063" idlems="0.063" threads="0" lastid="0000000001916700" lastname="main" />
</exclusive-start>
<allocation-taxation id="2157" taxation-threshold="11534336" timestamp="2019-06-16T02:56:27.760" intervalms="12.579" />
<cycle-start id="2158" type="partial gc" contextid="0" timestamp="2019-06-16T02:56:27.760" intervalms="25.945" />
<gc-start id="2159" type="partial gc" contextid="2158" timestamp="2019-06-16T02:56:27.761">
  <mem-info id="2160" free="11534336" total="69206016" percent="16">
    <mem type="eden" free="1048288" total="24117248" percent="4" />
    <remembered-set count="44928" freebytes="2582784" totalbytes="2762496" percent="93" regionsoverflowed="0" regionsstable="0" regionsrebuilding="15"/>
  </mem-info>
</gc-start>
<allocation-stats totalBytes="23051904" >
  <allocated-bytes non-tlh="0" tlh="23051904" arrayletleaf="0"/>
  <largest-consumer threadName="main" threadId="0000000001916700" bytes="11525968" />
</allocation-stats>
<gc-op id="2161" type="copy forward" timems="1.415" contextid="2158" timestamp="2019-06-16T02:56:27.763">
  <memory-copied type="eden" objects="4" bytes="288" bytesdiscarded="0" />
  <memory-copied type="other" objects="0" bytes="0" bytesdiscarded="0" />
  <memory-cardclean objects="8" bytes="288" />
  <regions eden="22" other="1" />
  <remembered-set-cleared processed="42565" cleared="8" durationms="0.385" />
  <stringconstants candidates="13679" cleared="0"  />
</gc-op>
<gc-op id="2162" type="classunload" timems="0.004" contextid="2158" timestamp="2019-06-16T02:56:27.763">
  <classunload-info classloadercandidates="54" classloadersunloaded="0" classesunloaded="0" anonymousclassesunloaded="0" quiescems="0.000" setupms="0.004" scanms="0.000" postms="0.000" />
</gc-op>
<heap-resize id="2163" type="expand" space="default" amount="12582912" count="1" timems="0.083" reason="excessive time being spent in gc" timestamp="2019-06-16T02:56:27.763" />
<gc-end id="2164" type="partial gc" contextid="2158" durationms="2.637" usertimems="4.000" systemtimems="4.000" timestamp="2019-06-16T02:56:27.763" activeThreads="1">
  <mem-info id="2165" free="47185920" total="81788928" percent="57">
    <mem type="eden" free="1048288" total="1048576" percent="99" />
    <remembered-set count="45408" freebytes="3083136" totalbytes="3264768" percent="94" regionsoverflowed="0" regionsstable="0" regionsrebuilding="15"/>
  </mem-info>
</gc-end>
<cycle-end id="2166" type="partial gc" contextid="2158" timestamp="2019-06-16T02:56:27.763" />
  <attribute name="elasticGC enabled" value="1" />
  <attribute name= "numThreadsSpecified" value="1" />
  <attribute name="heapSize specified" value="0" />
  <attribute name="Current GC Util" value="72" />
  <attribute name= "Current Time Running" value="60126" />
  <attribute name ="GC Interval" value="0" />
  <attribute name="ProportionalT" value="78.000000" />
  <attribute name="ProportionalI" value="78.000000" />
  <attribute name="ProportionalH" value="78.000000" />
  <attribute name="Current Error" value="52.000000" />
  <attribute name="IntegralT" value="0.000000" />
  <attribute name="IntegralI" value="0.000000" />
  <attribute name="IntegralH" value="0.000000" />
  <attribute name="DerivativeT" value="inf" />
  <attribute name="DerivativeI" value="inf" />
  <attribute name="DerivativeH" value="inf" />
  <attribute name="Loop Time for DT" value="0.000000" />
  <attribute name="Output H" value="8388608"/>
  <attribute name="Output I" value="200"/>
  <attribute name="Output T" value="1"/>
  <attribute name="Target GC Util Change" value ="20.000000" />
  <attribute name="Current GC Util Change" value="72.000000"/>
  <attribute name="GC Util currently" value="72" />
  <attribute name="CPU Util currently" value="21540070357888" />
<exclusive-end id="2167" timestamp="2019-06-16T02:56:27.764" durationms="3.436" />

<exclusive-start id="2168" timestamp="2019-06-16T02:56:27.775" intervalms="14.952">
  <response-info timems="0.069" idlems="0.069" threads="0" lastid="0000000001916700" lastname="main" />
</exclusive-start>
<allocation-taxation id="2169" taxation-threshold="13631488" timestamp="2019-06-16T02:56:27.775" intervalms="15.011" />
<gc-start id="2170" type="global mark phase" contextid="2147" timestamp="2019-06-16T02:56:27.776">
  <mem-info id="2171" free="33554432" total="81788928" percent="41">
    <remembered-set count="44928" freebytes="3085056" totalbytes="3264768" percent="94" regionsoverflowed="0" regionsstable="0" regionsrebuilding="15"/>
  </mem-info>
</gc-start>
<gc-end id="2172" type="global mark phase" contextid="2147" durationms="0.085" usertimems="0.000" systemtimems="0.000" timestamp="2019-06-16T02:56:27.776" activeThreads="1">
  <mem-info id="2173" free="33554432" total="81788928" percent="41">
    <remembered-set count="44928" freebytes="3085056" totalbytes="3264768" percent="94" regionsoverflowed="0" regionsstable="0" regionsrebuilding="15"/>
  </mem-info>
</gc-end>
<concurrent-start id="2174" type="GMP work packet processing" contextid="2147" timestamp="2019-06-16T02:56:27.776">
  <concurrent-mark-start scanTarget="1048576" />
</concurrent-start>
<concurrent-end id="2175" type="GMP work packet processing" contextid="2147" timestamp="2019-06-16T02:56:27.777">
  <concurrent-mark-end bytesScanned="1136892" reasonForTermination="Work target met" />
</concurrent-end>

<exclusive-end id="2176" timestamp="2019-06-16T02:56:27.777" durationms="1.637" />

<exclusive-start id="2177" timestamp="2019-06-16T02:56:28.053" intervalms="277.401">
  <response-info timems="0.060" idlems="0.060" threads="0" lastid="0000000001916700" lastname="main" />
</exclusive-start>
<allocation-taxation id="2178" taxation-threshold="13631488" timestamp="2019-06-16T02:56:28.053" intervalms="277.412" />
<cycle-start id="2179" type="partial gc" contextid="0" timestamp="2019-06-16T02:56:28.053" intervalms="292.481" />
<gc-start id="2180" type="partial gc" contextid="2179" timestamp="2019-06-16T02:56:28.053">
  <mem-info id="2181" free="19922944" total="81788928" percent="24">
    <mem type="eden" free="1048288" total="28311552" percent="3" />
    <remembered-set count="51392" freebytes="3059200" totalbytes="3264768" percent="93" regionsoverflowed="0" regionsstable="0" regionsrebuilding="15"/>
  </mem-info>
</gc-start>
<allocation-stats totalBytes="27232304" >
  <allocated-bytes non-tlh="25864" tlh="27206440" arrayletleaf="0"/>
  <largest-consumer threadName="main" threadId="0000000001916700" bytes="13610720" />
</allocation-stats>
<gc-op id="2182" type="copy forward" timems="1.873" contextid="2179" timestamp="2019-06-16T02:56:28.056">
  <memory-copied type="eden" objects="1397" bytes="102872" bytesdiscarded="0" />
  <memory-copied type="other" objects="0" bytes="0" bytesdiscarded="0" />
  <memory-cardclean objects="300" bytes="28088" />
  <regions eden="26" other="1" />
  <remembered-set-cleared processed="49703" cleared="165" durationms="0.454" />
  <references type="soft" candidates="15" cleared="0" enqueued="0" dynamicThreshold="13" maxThreshold="32" />
  <references type="weak" candidates="62" cleared="0" enqueued="0" />
  <stringconstants candidates="13721" cleared="0"  />
</gc-op>
<gc-op id="2183" type="classunload" timems="0.004" contextid="2179" timestamp="2019-06-16T02:56:28.056">
  <classunload-info classloadercandidates="54" classloadersunloaded="0" classesunloaded="0" anonymousclassesunloaded="0" quiescems="0.000" setupms="0.004" scanms="0.000" postms="0.000" />
</gc-op>
<gc-end id="2184" type="partial gc" contextid="2179" durationms="3.002" usertimems="4.000" systemtimems="0.000" timestamp="2019-06-16T02:56:28.056" activeThreads="1">
  <mem-info id="2185" free="47185920" total="81788928" percent="57">
    <mem type="eden" free="945664" total="1048576" percent="90" />
    <remembered-set count="51616" freebytes="3058304" totalbytes="3264768" percent="93" regionsoverflowed="0" regionsstable="0" regionsrebuilding="15"/>
  </mem-info>
</gc-end>
<cycle-end id="2186" type="partial gc" contextid="2179" timestamp="2019-06-16T02:56:28.056" />
  <attribute name="elasticGC enabled" value="1" />
  <attribute name= "numThreadsSpecified" value="1" />
  <attribute name="heapSize specified" value="0" />
  <attribute name="Current GC Util" value="70" />
  <attribute name= "Current Time Running" value="60419" />
  <attribute name ="GC Interval" value="0" />
  <attribute name="ProportionalT" value="75.000000" />
  <attribute name="ProportionalI" value="75.000000" />
  <attribute name="ProportionalH" value="75.000000" />
  <attribute name="Current Error" value="50.000000" />
  <attribute name="IntegralT" value="0.000000" />
  <attribute name="IntegralI" value="0.000000" />
  <attribute name="IntegralH" value="0.000000" />
  <attribute name="DerivativeT" value="inf" />
  <attribute name="DerivativeI" value="inf" />
  <attribute name="DerivativeH" value="inf" />
  <attribute name="Loop Time for DT" value="0.000000" />
  <attribute name="Output H" value="8388608"/>
  <attribute name="Output I" value="200"/>
  <attribute name="Output T" value="1"/>
  <attribute name="Target GC Util Change" value ="20.000000" />
  <attribute name="Current GC Util Change" value="70.000000"/>
  <attribute name="GC Util currently" value="70" />
  <attribute name="CPU Util currently" value="17992399852358" />
<exclusive-end id="2187" timestamp="2019-06-16T02:56:28.057" durationms="4.054" />

<exclusive-start id="2188" timestamp="2019-06-16T02:56:28.099" intervalms="46.425">
  <response-info timems="0.112" idlems="0.112" threads="0" lastid="0000000001916700" lastname="main" />
</exclusive-start>
<allocation-taxation id="2189" taxation-threshold="13631488" timestamp="2019-06-16T02:56:28.099" intervalms="46.432" />
<gc-start id="2190" type="global mark phase" contextid="2147" timestamp="2019-06-16T02:56:28.099">
  <mem-info id="2191" free="33554432" total="81788928" percent="41">
    <remembered-set count="51488" freebytes="3058816" totalbytes="3264768" percent="93" regionsoverflowed="0" regionsstable="0" regionsrebuilding="15"/>
  </mem-info>
</gc-start>
<gc-end id="2192" type="global mark phase" contextid="2147" durationms="0.134" usertimems="0.000" systemtimems="0.000" timestamp="2019-06-16T02:56:28.099" activeThreads="1">
  <mem-info id="2193" free="33554432" total="81788928" percent="41">
    <remembered-set count="51488" freebytes="3058816" totalbytes="3264768" percent="93" regionsoverflowed="0" regionsstable="0" regionsrebuilding="15"/>
  </mem-info>
</gc-end>
<concurrent-start id="2194" type="GMP work packet processing" contextid="2147" timestamp="2019-06-16T02:56:28.100">
  <concurrent-mark-start scanTarget="1048576" />
</concurrent-start>
<concurrent-end id="2195" type="GMP work packet processing" contextid="2147" timestamp="2019-06-16T02:56:28.100">
  <concurrent-mark-end bytesScanned="1103844" reasonForTermination="Work target met" />
</concurrent-end>

<exclusive-end id="2196" timestamp="2019-06-16T02:56:28.101" durationms="1.620" />

<exclusive-start id="2197" timestamp="2019-06-16T02:56:28.128" intervalms="28.888">
  <response-info timems="0.072" idlems="0.072" threads="0" lastid="0000000001916700" lastname="main" />
</exclusive-start>
<allocation-taxation id="2198" taxation-threshold="13631488" timestamp="2019-06-16T02:56:28.128" intervalms="28.876" />
<cycle-start id="2199" type="partial gc" contextid="0" timestamp="2019-06-16T02:56:28.128" intervalms="75.306" />
<gc-start id="2200" type="partial gc" contextid="2199" timestamp="2019-06-16T02:56:28.129">
  <mem-info id="2201" free="19922944" total="81788928" percent="24">
    <mem type="eden" free="0" total="27262976" percent="0" />
    <remembered-set count="55488" freebytes="3042816" totalbytes="3264768" percent="93" regionsoverflowed="0" regionsstable="0" regionsrebuilding="15"/>
  </mem-info>
</gc-start>
<allocation-stats totalBytes="27216688" >
  <allocated-bytes non-tlh="0" tlh="27216688" arrayletleaf="0"/>
  <largest-consumer threadName="main" threadId="0000000001916700" bytes="13608896" />
</allocation-stats>
<gc-op id="2202" type="copy forward" timems="1.946" contextid="2199" timestamp="2019-06-16T02:56:28.131">
  <memory-copied type="eden" objects="3" bytes="2088" bytesdiscarded="0" />
  <memory-copied type="other" objects="1395" bytes="102800" bytesdiscarded="0" />
  <memory-cardclean objects="142" bytes="18000" />
  <regions eden="26" other="1" />
  <remembered-set-cleared processed="53379" cleared="235" durationms="0.472" />
  <references type="soft" candidates="15" cleared="0" enqueued="0" dynamicThreshold="13" maxThreshold="32" />
  <references type="weak" candidates="62" cleared="0" enqueued="0" />
  <stringconstants candidates="13721" cleared="0"  />
</gc-op>
<gc-op id="2203" type="classunload" timems="0.004" contextid="2199" timestamp="2019-06-16T02:56:28.131">
  <classunload-info classloadercandidates="54" classloadersunloaded="0" classesunloaded="0" anonymousclassesunloaded="0" quiescems="0.000" setupms="0.004" scanms="0.000" postms="0.000" />
</gc-op>
<heap-resize id="2204" type="contract" space="default" amount="4194304" count="1" timems="0.054" reason="insufficient time being spent in gc" timestamp="2019-06-16T02:56:28.132" />
<gc-end id="2205" type="partial gc" contextid="2199" durationms="3.223" usertimems="0.000" systemtimems="0.000" timestamp="2019-06-16T02:56:28.132" activeThreads="1">
  <mem-info id="2206" free="41943040" total="77594624" percent="54">
    <mem type="eden" free="1046488" total="1048576" percent="99" />
    <remembered-set count="55648" freebytes="3042176" totalbytes="3264768" percent="93" regionsoverflowed="0" regionsstable="0" regionsrebuilding="15"/>
  </mem-info>
</gc-end>
<cycle-end id="2207" type="partial gc" contextid="2199" timestamp="2019-06-16T02:56:28.132" />
  <attribute name="elasticGC enabled" value="1" />
  <attribute name= "numThreadsSpecified" value="1" />
  <attribute name="heapSize specified" value="0" />
  <attribute name="Current GC Util" value="74" />
  <attribute name= "Current Time Running" value="60494" />
  <attribute name ="GC Interval" value="0" />
  <attribute name="ProportionalT" value="81.000000" />
  <attribute name="ProportionalI" value="81.000000" />
  <attribute name="ProportionalH" value="81.000000" />
  <attribute name="Current Error" value="54.000000" />
  <attribute name="IntegralT" value="0.000000" />
  <attribute name="IntegralI" value="0.000000" />
  <attribute name="IntegralH" value="0.000000" />
  <attribute name="DerivativeT" value="inf" />
  <attribute name="DerivativeI" value="inf" />
  <attribute name="DerivativeH" value="inf" />
  <attribute name="Loop Time for DT" value="0.000000" />
  <attribute name="Output H" value="8388608"/>
  <attribute name="Output I" value="200"/>
  <attribute name="Output T" value="1"/>
  <attribute name="Target GC Util Change" value ="20.000000" />
  <attribute name="Current GC Util Change" value="74.000000"/>
  <attribute name="GC Util currently" value="74" />
  <attribute name="CPU Util currently" value="18300704312528" />
<exclusive-end id="2208" timestamp="2019-06-16T02:56:28.132" durationms="4.221" />

<exclusive-start id="2209" timestamp="2019-06-16T02:56:28.155" intervalms="26.970">
  <response-info timems="0.064" idlems="0.064" threads="0" lastid="0000000001916700" lastname="main" />
</exclusive-start>
<allocation-taxation id="2210" taxation-threshold="12582912" timestamp="2019-06-16T02:56:28.155" intervalms="26.969" />
<gc-start id="2211" type="global mark phase" contextid="2147" timestamp="2019-06-16T02:56:28.155">
  <mem-info id="2212" free="29360128" total="77594624" percent="37">
    <remembered-set count="55488" freebytes="3042816" totalbytes="3264768" percent="93" regionsoverflowed="0" regionsstable="0" regionsrebuilding="15"/>
  </mem-info>
</gc-start>
<gc-end id="2213" type="global mark phase" contextid="2147" durationms="0.133" usertimems="0.000" systemtimems="0.000" timestamp="2019-06-16T02:56:28.155" activeThreads="1">
  <mem-info id="2214" free="29360128" total="77594624" percent="37">
    <remembered-set count="55488" freebytes="3042816" totalbytes="3264768" percent="93" regionsoverflowed="0" regionsstable="0" regionsrebuilding="15"/>
  </mem-info>
</gc-end>
<concurrent-start id="2215" type="GMP work packet processing" contextid="2147" timestamp="2019-06-16T02:56:28.155">
  <concurrent-mark-start scanTarget="1048576" />
</concurrent-start>
<concurrent-end id="2216" type="GMP work packet processing" contextid="2147" timestamp="2019-06-16T02:56:28.156">
  <concurrent-mark-end bytesScanned="1111544" reasonForTermination="Work target met" />
</concurrent-end>

<exclusive-end id="2217" timestamp="2019-06-16T02:56:28.156" durationms="1.531" />

<exclusive-start id="2218" timestamp="2019-06-16T02:56:28.177" intervalms="22.231">
  <response-info timems="0.042" idlems="0.042" threads="0" lastid="0000000001916700" lastname="main" />
</exclusive-start>
<allocation-taxation id="2219" taxation-threshold="12582912" timestamp="2019-06-16T02:56:28.177" intervalms="22.244" />
<cycle-start id="2220" type="partial gc" contextid="0" timestamp="2019-06-16T02:56:28.177" intervalms="49.216" />
<gc-start id="2221" type="partial gc" contextid="2220" timestamp="2019-06-16T02:56:28.178">
  <mem-info id="2222" free="16777216" total="77594624" percent="21">
    <mem type="eden" free="1046488" total="26214400" percent="3" />
    <remembered-set count="58304" freebytes="3031552" totalbytes="3264768" percent="92" regionsoverflowed="0" regionsstable="0" regionsrebuilding="15"/>
  </mem-info>
</gc-start>
<allocation-stats totalBytes="25121464" >
  <allocated-bytes non-tlh="0" tlh="25121464" arrayletleaf="0"/>
  <largest-consumer threadName="main" threadId="0000000001916700" bytes="12560144" />
</allocation-stats>
<gc-op id="2223" type="copy forward" timems="1.704" contextid="2220" timestamp="2019-06-16T02:56:28.180">
  <memory-copied type="eden" objects="5" bytes="4120" bytesdiscarded="0" />
  <memory-copied type="other" objects="0" bytes="0" bytesdiscarded="0" />
  <memory-cardclean objects="8" bytes="344" />
  <regions eden="24" other="1" />
  <remembered-set-cleared processed="56038" cleared="9" durationms="0.280" />
  <stringconstants candidates="13721" cleared="0"  />
</gc-op>
<gc-op id="2224" type="classunload" timems="0.004" contextid="2220" timestamp="2019-06-16T02:56:28.181">
  <classunload-info classloadercandidates="54" classloadersunloaded="0" classesunloaded="0" anonymousclassesunloaded="0" quiescems="0.000" setupms="0.004" scanms="0.000" postms="0.000" />
</gc-op>
<gc-end id="2225" type="partial gc" contextid="2220" durationms="2.929" usertimems="4.000" systemtimems="0.000" timestamp="2019-06-16T02:56:28.181" activeThreads="4">
  <mem-info id="2226" free="41943040" total="77594624" percent="54">
    <mem type="eden" free="1044456" total="1048576" percent="99" />
    <remembered-set count="58048" freebytes="2865152" totalbytes="3097344" percent="92" regionsoverflowed="0" regionsstable="0" regionsrebuilding="15"/>
  </mem-info>
</gc-end>
<cycle-end id="2227" type="partial gc" contextid="2220" timestamp="2019-06-16T02:56:28.181" />
  <attribute name="elasticGC enabled" value="1" />
  <attribute name= "numThreadsSpecified" value="4" />
  <attribute name="heapSize specified" value="0" />
  <attribute name="Current GC Util" value="35" />
  <attribute name= "Current Time Running" value="60544" />
  <attribute name ="GC Interval" value="0" />
  <attribute name="ProportionalT" value="22.500000" />
  <attribute name="ProportionalI" value="22.500000" />
  <attribute name="ProportionalH" value="22.500000" />
  <attribute name="Current Error" value="15.000000" />
  <attribute name="IntegralT" value="15.000000" />
  <attribute name="IntegralI" value="15.000000" />
  <attribute name="IntegralH" value="15.000000" />
  <attribute name="DerivativeT" value="15.000000" />
  <attribute name="DerivativeI" value="15.000000" />
  <attribute name="DerivativeH" value="15.000000" />
  <attribute name="Loop Time for DT" value="1.000000" />
  <attribute name="Output H" value="8388608"/>
  <attribute name="Output I" value="200"/>
  <attribute name="Output T" value="4"/>
  <attribute name="Target GC Util Change" value ="20.000000" />
  <attribute name="Current GC Util Change" value="35.000000"/>
  <attribute name="GC Util currently" value="35" />
  <attribute name="CPU Util currently" value="10623238610947" />
<exclusive-end id="2228" timestamp="2019-06-16T02:56:28.181" durationms="3.963" />

<exclusive-start id="2229" timestamp="2019-06-16T02:56:28.300" intervalms="122.922">
  <response-info timems="0.042" idlems="0.042" threads="0" lastid="0000000001916700" lastname="main" />
</exclusive-start>
<allocation-taxation id="2230" taxation-threshold="12582912" timestamp="2019-06-16T02:56:28.300" intervalms="122.907" />
<gc-start id="2231" type="global mark phase" contextid="2147" timestamp="2019-06-16T02:56:28.300">
  <mem-info id="2232" free="29360128" total="77594624" percent="37">
    <remembered-set count="58048" freebytes="2865152" totalbytes="3097344" percent="92" regionsoverflowed="0" regionsstable="0" regionsrebuilding="15"/>
  </mem-info>
</gc-start>
<gc-end id="2233" type="global mark phase" contextid="2147" durationms="0.136" usertimems="0.000" systemtimems="0.000" timestamp="2019-06-16T02:56:28.300" activeThreads="4">
  <mem-info id="2234" free="29360128" total="77594624" percent="37">
    <remembered-set count="58048" freebytes="2865152" totalbytes="3097344" percent="92" regionsoverflowed="0" regionsstable="0" regionsrebuilding="15"/>
  </mem-info>
</gc-end>
<concurrent-start id="2235" type="GMP work packet processing" contextid="2147" timestamp="2019-06-16T02:56:28.301">
  <concurrent-mark-start scanTarget="1834041" />
</concurrent-start>
<concurrent-end id="2236" type="GMP work packet processing" contextid="2147" timestamp="2019-06-16T02:56:28.302">
  <concurrent-mark-end bytesScanned="1880756" reasonForTermination="Work target met" />
</concurrent-end>

<exclusive-end id="2237" timestamp="2019-06-16T02:56:28.302" durationms="1.874" />

<exclusive-start id="2238" timestamp="2019-06-16T02:56:28.425" intervalms="125.474">
  <response-info timems="0.036" idlems="0.036" threads="0" lastid="0000000001916700" lastname="main" />
</exclusive-start>
<allocation-taxation id="2239" taxation-threshold="12582912" timestamp="2019-06-16T02:56:28.426" intervalms="125.439" />
<cycle-start id="2240" type="partial gc" contextid="0" timestamp="2019-06-16T02:56:28.426" intervalms="248.278" />
<gc-start id="2241" type="partial gc" contextid="2240" timestamp="2019-06-16T02:56:28.426">
  <mem-info id="2242" free="16777216" total="77594624" percent="21">
    <mem type="eden" free="1044456" total="26214400" percent="3" />
    <remembered-set count="66528" freebytes="2831232" totalbytes="3097344" percent="91" regionsoverflowed="0" regionsstable="0" regionsrebuilding="15"/>
  </mem-info>
</gc-start>
<allocation-stats totalBytes="25152656" >
  <allocated-bytes non-tlh="0" tlh="25152656" arrayletleaf="0"/>
  <largest-consumer threadName="main" threadId="0000000001916700" bytes="12581744" />
</allocation-stats>
<gc-op id="2243" type="copy forward" timems="1.697" contextid="2240" timestamp="2019-06-16T02:56:28.428">
  <memory-copied type="eden" objects="45" bytes="1384" bytesdiscarded="776" />
  <memory-copied type="other" objects="0" bytes="0" bytesdiscarded="0" />
  <memory-cardclean objects="120" bytes="12232" />
  <regions eden="24" other="1" />
  <remembered-set-cleared processed="64036" cleared="79" durationms="0.329" />
  <references type="weak" candidates="18" cleared="0" enqueued="0" />
  <stringconstants candidates="13721" cleared="0"  />
</gc-op>
<gc-op id="2244" type="classunload" timems="0.005" contextid="2240" timestamp="2019-06-16T02:56:28.429">
  <classunload-info classloadercandidates="54" classloadersunloaded="0" classesunloaded="0" anonymousclassesunloaded="0" quiescems="0.000" setupms="0.005" scanms="0.000" postms="0.000" />
</gc-op>
<heap-resize id="2245" type="contract" space="default" amount="4194304" count="1" timems="0.055" reason="insufficient time being spent in gc" timestamp="2019-06-16T02:56:28.429" />
<gc-end id="2246" type="partial gc" contextid="2240" durationms="2.866" usertimems="8.000" systemtimems="0.000" timestamp="2019-06-16T02:56:28.429" activeThreads="4">
  <mem-info id="2247" free="37748736" total="73400320" percent="51">
    <mem type="eden" free="1046416" total="1048576" percent="99" />
    <remembered-set count="67680" freebytes="2826624" totalbytes="3097344" percent="91" regionsoverflowed="0" regionsstable="0" regionsrebuilding="15"/>
  </mem-info>
</gc-end>
<cycle-end id="2248" type="partial gc" contextid="2240" timestamp="2019-06-16T02:56:28.429" />
  <attribute name="elasticGC enabled" value="1" />
  <attribute name= "numThreadsSpecified" value="4" />
  <attribute name="heapSize specified" value="0" />
  <attribute name="Current GC Util" value="74" />
  <attribute name= "Current Time Running" value="60792" />
  <attribute name ="GC Interval" value="0" />
  <attribute name="ProportionalT" value="81.000000" />
  <attribute name="ProportionalI" value="81.000000" />
  <attribute name="ProportionalH" value="81.000000" />
  <attribute name="Current Error" value="54.000000" />
  <attribute name="IntegralT" value="54.000000" />
  <attribute name="IntegralI" value="54.000000" />
  <attribute name="IntegralH" value="54.000000" />
  <attribute name="DerivativeT" value="54.000000" />
  <attribute name="DerivativeI" value="54.000000" />
  <attribute name="DerivativeH" value="54.000000" />
  <attribute name="Loop Time for DT" value="1.000000" />
  <attribute name="Output H" value="8388608"/>
  <attribute name="Output I" value="200"/>
  <attribute name="Output T" value="4"/>
  <attribute name="Target GC Util Change" value ="20.000000" />
  <attribute name="Current GC Util Change" value="74.000000"/>
  <attribute name="GC Util currently" value="74" />
  <attribute name="CPU Util currently" value="18560333170724" />
<exclusive-end id="2249" timestamp="2019-06-16T02:56:28.429" durationms="3.801" />

<exclusive-start id="2250" timestamp="2019-06-16T02:56:28.643" intervalms="217.851">
  <response-info timems="0.034" idlems="0.034" threads="0" lastid="0000000001916700" lastname="main" />
</exclusive-start>
<allocation-taxation id="2251" taxation-threshold="12582912" timestamp="2019-06-16T02:56:28.644" intervalms="217.910" />
<gc-start id="2252" type="global mark phase" contextid="2147" timestamp="2019-06-16T02:56:28.644">
  <mem-info id="2253" free="25165824" total="73400320" percent="34">
    <remembered-set count="67232" freebytes="2828416" totalbytes="3097344" percent="91" regionsoverflowed="0" regionsstable="0" regionsrebuilding="15"/>
  </mem-info>
</gc-start>
<gc-end id="2254" type="global mark phase" contextid="2147" durationms="0.139" usertimems="0.000" systemtimems="0.000" timestamp="2019-06-16T02:56:28.644" activeThreads="4">
  <mem-info id="2255" free="25165824" total="73400320" percent="34">
    <remembered-set count="67232" freebytes="2828416" totalbytes="3097344" percent="91" regionsoverflowed="0" regionsstable="0" regionsrebuilding="15"/>
  </mem-info>
</gc-end>
<concurrent-start id="2256" type="GMP work packet processing" contextid="2147" timestamp="2019-06-16T02:56:28.644">
  <concurrent-mark-start scanTarget="1834041" />
</concurrent-start>
<concurrent-end id="2257" type="GMP work packet processing" contextid="2147" timestamp="2019-06-16T02:56:28.645">
  <concurrent-mark-end bytesScanned="1864896" reasonForTermination="Work target met" />
</concurrent-end>

<exclusive-end id="2258" timestamp="2019-06-16T02:56:28.645" durationms="1.909" />

<exclusive-start id="2259" timestamp="2019-06-16T02:56:28.695" intervalms="52.052">
  <response-info timems="0.058" idlems="0.058" threads="0" lastid="0000000001916700" lastname="main" />
</exclusive-start>
<allocation-taxation id="2260" taxation-threshold="12582912" timestamp="2019-06-16T02:56:28.696" intervalms="52.043" />
<cycle-start id="2261" type="partial gc" contextid="0" timestamp="2019-06-16T02:56:28.696" intervalms="270.018" />
<gc-start id="2262" type="partial gc" contextid="2261" timestamp="2019-06-16T02:56:28.696">
  <mem-info id="2263" free="12582912" total="73400320" percent="17">
    <mem type="eden" free="0" total="25165824" percent="0" />
    <remembered-set count="69856" freebytes="2817920" totalbytes="3097344" percent="90" regionsoverflowed="0" regionsstable="0" regionsrebuilding="15"/>
  </mem-info>
</gc-start>
<allocation-stats totalBytes="25161056" >
  <allocated-bytes non-tlh="0" tlh="25161056" arrayletleaf="0"/>
  <largest-consumer threadName="main" threadId="0000000001916700" bytes="12580616" />
</allocation-stats>
<gc-op id="2264" type="copy forward" timems="2.095" contextid="2261" timestamp="2019-06-16T02:56:28.699">
  <memory-copied type="eden" objects="38" bytes="1224" bytesdiscarded="0" />
  <memory-copied type="other" objects="26" bytes="760" bytesdiscarded="0" />
  <memory-cardclean objects="18066" bytes="375184" />
  <regions eden="24" other="1" />
  <remembered-set-cleared processed="64779" cleared="1190" durationms="0.566" />
  <references type="weak" candidates="34" cleared="0" enqueued="0" />
  <stringconstants candidates="13721" cleared="0"  />
</gc-op>
<gc-op id="2265" type="classunload" timems="0.004" contextid="2261" timestamp="2019-06-16T02:56:28.699">
  <classunload-info classloadercandidates="54" classloadersunloaded="0" classesunloaded="0" anonymousclassesunloaded="0" quiescems="0.000" setupms="0.003" scanms="0.000" postms="0.000" />
</gc-op>
<heap-resize id="2266" type="contract" space="default" amount="4194304" count="1" timems="0.140" reason="insufficient time being spent in gc" timestamp="2019-06-16T02:56:28.700" />
<gc-end id="2267" type="partial gc" contextid="2261" durationms="3.732" usertimems="4.000" systemtimems="0.000" timestamp="2019-06-16T02:56:28.700" activeThreads="1">
  <mem-info id="2268" free="32505856" total="69206016" percent="46">
    <mem type="eden" free="1047352" total="1048576" percent="99" />
    <remembered-set count="67776" freebytes="2658816" totalbytes="2929920" percent="90" regionsoverflowed="0" regionsstable="0" regionsrebuilding="15"/>
  </mem-info>
</gc-end>
<cycle-end id="2269" type="partial gc" contextid="2261" timestamp="2019-06-16T02:56:28.700" />
  <attribute name="elasticGC enabled" value="1" />
  <attribute name= "numThreadsSpecified" value="1" />
  <attribute name="heapSize specified" value="0" />
  <attribute name="Current GC Util" value="51" />
  <attribute name= "Current Time Running" value="61062" />
  <attribute name ="GC Interval" value="0" />
  <attribute name="ProportionalT" value="46.500000" />
  <attribute name="ProportionalI" value="46.500000" />
  <attribute name="ProportionalH" value="46.500000" />
  <attribute name="Current Error" value="31.000000" />
  <attribute name="IntegralT" value="0.000000" />
  <attribute name="IntegralI" value="0.000000" />
  <attribute name="IntegralH" value="0.000000" />
  <attribute name="DerivativeT" value="inf" />
  <attribute name="DerivativeI" value="inf" />
  <attribute name="DerivativeH" value="inf" />
  <attribute name="Loop Time for DT" value="0.000000" />
  <attribute name="Output H" value="8388608"/>
  <attribute name="Output I" value="200"/>
  <attribute name="Output T" value="1"/>
  <attribute name="Target GC Util Change" value ="20.000000" />
  <attribute name="Current GC Util Change" value="51.000000"/>
  <attribute name="GC Util currently" value="51" />
  <attribute name="CPU Util currently" value="10301461072569" />
<exclusive-end id="2270" timestamp="2019-06-16T02:56:28.700" durationms="4.816" />

<exclusive-start id="2271" timestamp="2019-06-16T02:56:28.729" intervalms="33.552">
  <response-info timems="0.055" idlems="0.055" threads="0" lastid="0000000001916700" lastname="main" />
</exclusive-start>
<allocation-taxation id="2272" taxation-threshold="11534336" timestamp="2019-06-16T02:56:28.729" intervalms="33.481" />
<gc-start id="2273" type="global mark phase" contextid="2147" timestamp="2019-06-16T02:56:28.729">
  <mem-info id="2274" free="20971520" total="69206016" percent="30">
    <remembered-set count="67616" freebytes="2659456" totalbytes="2929920" percent="90" regionsoverflowed="0" regionsstable="0" regionsrebuilding="15"/>
  </mem-info>
</gc-start>
<gc-end id="2275" type="global mark phase" contextid="2147" durationms="0.131" usertimems="0.000" systemtimems="0.000" timestamp="2019-06-16T02:56:28.729" activeThreads="1">
  <mem-info id="2276" free="20971520" total="69206016" percent="30">
    <remembered-set count="67616" freebytes="2659456" totalbytes="2929920" percent="90" regionsoverflowed="0" regionsstable="0" regionsrebuilding="15"/>
  </mem-info>
</gc-end>
<concurrent-start id="2277" type="GMP work packet processing" contextid="2147" timestamp="2019-06-16T02:56:28.729">
  <concurrent-mark-start scanTarget="1048576" />
</concurrent-start>
<exclusive-end id="2278" timestamp="2019-06-16T02:56:28.730" durationms="1.232" />

<concurrent-end id="2279" type="GMP work packet processing" contextid="2147" timestamp="2019-06-16T02:56:28.730">
  <concurrent-mark-end bytesScanned="1087948" reasonForTermination="Work target met" />
</concurrent-end>

<exclusive-start id="2280" timestamp="2019-06-16T02:56:28.753" intervalms="24.212">
  <response-info timems="0.080" idlems="0.080" threads="0" lastid="0000000001916700" lastname="main" />
</exclusive-start>
<allocation-taxation id="2281" taxation-threshold="11534336" timestamp="2019-06-16T02:56:28.753" intervalms="24.168" />
<cycle-start id="2282" type="partial gc" contextid="0" timestamp="2019-06-16T02:56:28.753" intervalms="57.610" />
<gc-start id="2283" type="partial gc" contextid="2282" timestamp="2019-06-16T02:56:28.754">
  <mem-info id="2284" free="9437184" total="69206016" percent="13">
    <mem type="eden" free="0" total="23068672" percent="0" />
    <remembered-set count="72608" freebytes="2639488" totalbytes="2929920" percent="90" regionsoverflowed="0" regionsstable="0" regionsrebuilding="15"/>
  </mem-info>
</gc-start>
<allocation-stats totalBytes="23064480" >
  <allocated-bytes non-tlh="0" tlh="23064480" arrayletleaf="0"/>
  <largest-consumer threadName="main" threadId="0000000001916700" bytes="11532136" />
</allocation-stats>
<gc-op id="2285" type="copy forward" timems="2.498" contextid="2282" timestamp="2019-06-16T02:56:28.757">
  <memory-copied type="eden" objects="3" bytes="120" bytesdiscarded="0" />
  <memory-copied type="other" objects="37" bytes="1200" bytesdiscarded="0" />
  <memory-cardclean objects="22962" bytes="681248" />
  <regions eden="22" other="1" />
  <remembered-set-cleared processed="65161" cleared="1403" durationms="0.585" />
  <references type="weak" candidates="16" cleared="0" enqueued="0" />
  <stringconstants candidates="13721" cleared="0"  />
</gc-op>
<gc-op id="2286" type="classunload" timems="0.004" contextid="2282" timestamp="2019-06-16T02:56:28.757">
  <classunload-info classloadercandidates="54" classloadersunloaded="0" classesunloaded="0" anonymousclassesunloaded="0" quiescems="0.000" setupms="0.003" scanms="0.000" postms="0.000" />
</gc-op>
<gc-end id="2287" type="partial gc" contextid="2282" durationms="3.726" usertimems="4.000" systemtimems="0.000" timestamp="2019-06-16T02:56:28.757" activeThreads="1">
  <mem-info id="2288" free="31457280" total="69206016" percent="45">
    <mem type="eden" free="1048456" total="1048576" percent="99" />
    <remembered-set count="68928" freebytes="2486784" totalbytes="2762496" percent="90" regionsoverflowed="0" regionsstable="0" regionsrebuilding="15"/>
  </mem-info>
</gc-end>
<cycle-end id="2289" type="partial gc" contextid="2282" timestamp="2019-06-16T02:56:28.757" />
  <attribute name="elasticGC enabled" value="1" />
  <attribute name= "numThreadsSpecified" value="1" />
  <attribute name="heapSize specified" value="0" />
  <attribute name="Current GC Util" value="54" />
  <attribute name= "Current Time Running" value="61119" />
  <attribute name ="GC Interval" value="0" />
  <attribute name="ProportionalT" value="51.000000" />
  <attribute name="ProportionalI" value="51.000000" />
  <attribute name="ProportionalH" value="51.000000" />
  <attribute name="Current Error" value="34.000000" />
  <attribute name="IntegralT" value="0.000000" />
  <attribute name="IntegralI" value="0.000000" />
  <attribute name="IntegralH" value="0.000000" />
  <attribute name="DerivativeT" value="inf" />
  <attribute name="DerivativeI" value="inf" />
  <attribute name="DerivativeH" value="inf" />
  <attribute name="Loop Time for DT" value="0.000000" />
  <attribute name="Output H" value="8388608"/>
  <attribute name="Output I" value="200"/>
  <attribute name="Output T" value="1"/>
  <attribute name="Target GC Util Change" value ="20.000000" />
  <attribute name="Current GC Util Change" value="54.000000"/>
  <attribute name="GC Util currently" value="54" />
  <attribute name="CPU Util currently" value="10243752113214" />
<exclusive-end id="2290" timestamp="2019-06-16T02:56:28.758" durationms="4.500" />

<exclusive-start id="2291" timestamp="2019-06-16T02:56:28.781" intervalms="27.470">
  <response-info timems="0.071" idlems="0.071" threads="0" lastid="0000000001916700" lastname="main" />
</exclusive-start>
<allocation-taxation id="2292" taxation-threshold="11534336" timestamp="2019-06-16T02:56:28.781" intervalms="27.532" />
<gc-start id="2293" type="global mark phase" contextid="2147" timestamp="2019-06-16T02:56:28.781">
  <mem-info id="2294" free="19922944" total="69206016" percent="28">
    <remembered-set count="68864" freebytes="2487040" totalbytes="2762496" percent="90" regionsoverflowed="0" regionsstable="0" regionsrebuilding="15"/>
  </mem-info>
</gc-start>
<gc-end id="2295" type="global mark phase" contextid="2147" durationms="0.092" usertimems="0.000" systemtimems="0.000" timestamp="2019-06-16T02:56:28.781" activeThreads="1">
  <mem-info id="2296" free="19922944" total="69206016" percent="28">
    <remembered-set count="68864" freebytes="2487040" totalbytes="2762496" percent="90" regionsoverflowed="0" regionsstable="0" regionsrebuilding="15"/>
  </mem-info>
</gc-end>
<concurrent-start id="2297" type="GMP work packet processing" contextid="2147" timestamp="2019-06-16T02:56:28.781">
  <concurrent-mark-start scanTarget="1048576" />
</concurrent-start>
<concurrent-end id="2298" type="GMP work packet processing" contextid="2147" timestamp="2019-06-16T02:56:28.782">
  <concurrent-mark-end bytesScanned="1090716" reasonForTermination="Work target met" />
</concurrent-end>

<exclusive-end id="2299" timestamp="2019-06-16T02:56:28.782" durationms="1.215" />

<exclusive-start id="2300" timestamp="2019-06-16T02:56:28.805" intervalms="24.168">
  <response-info timems="0.153" idlems="0.153" threads="0" lastid="0000000001916700" lastname="main" />
</exclusive-start>
<allocation-taxation id="2301" taxation-threshold="11534336" timestamp="2019-06-16T02:56:28.805" intervalms="24.127" />
<cycle-start id="2302" type="partial gc" contextid="0" timestamp="2019-06-16T02:56:28.805" intervalms="51.659" />
<gc-start id="2303" type="partial gc" contextid="2302" timestamp="2019-06-16T02:56:28.805">
  <mem-info id="2304" free="8388608" total="69206016" percent="12">
    <mem type="eden" free="1048456" total="24117248" percent="4" />
    <remembered-set count="72192" freebytes="2473728" totalbytes="2762496" percent="89" regionsoverflowed="0" regionsstable="0" regionsrebuilding="15"/>
  </mem-info>
</gc-start>
<allocation-stats totalBytes="23064088" >
  <allocated-bytes non-tlh="0" tlh="23064088" arrayletleaf="0"/>
  <largest-consumer threadName="main" threadId="0000000001916700" bytes="11531992" />
</allocation-stats>
<gc-op id="2305" type="copy forward" timems="1.485" contextid="2302" timestamp="2019-06-16T02:56:28.807">
  <memory-copied type="eden" objects="3" bytes="120" bytesdiscarded="0" />
  <memory-copied type="other" objects="0" bytes="0" bytesdiscarded="0" />
  <memory-cardclean objects="21" bytes="824" />
  <regions eden="22" other="1" />
  <remembered-set-cleared processed="70186" cleared="17" durationms="0.549" />
  <stringconstants candidates="13721" cleared="0"  />
</gc-op>
<gc-op id="2306" type="classunload" timems="0.004" contextid="2302" timestamp="2019-06-16T02:56:28.807">
  <classunload-info classloadercandidates="54" classloadersunloaded="0" classesunloaded="0" anonymousclassesunloaded="0" quiescems="0.000" setupms="0.004" scanms="0.000" postms="0.000" />
</gc-op>
<gc-end id="2307" type="partial gc" contextid="2302" durationms="2.374" usertimems="4.000" systemtimems="0.000" timestamp="2019-06-16T02:56:28.808" activeThreads="1">
  <mem-info id="2308" free="31457280" total="69206016" percent="45">
    <mem type="eden" free="1048456" total="1048576" percent="99" />
    <remembered-set count="72640" freebytes="2471936" totalbytes="2762496" percent="89" regionsoverflowed="0" regionsstable="0" regionsrebuilding="15"/>
  </mem-info>
</gc-end>
<cycle-end id="2309" type="partial gc" contextid="2302" timestamp="2019-06-16T02:56:28.808" />
  <attribute name="elasticGC enabled" value="1" />
  <attribute name= "numThreadsSpecified" value="1" />
  <attribute name="heapSize specified" value="0" />
  <attribute name="Current GC Util" value="68" />
  <attribute name= "Current Time Running" value="61171" />
  <attribute name ="GC Interval" value="0" />
  <attribute name="ProportionalT" value="72.000000" />
  <attribute name="ProportionalI" value="72.000000" />
  <attribute name="ProportionalH" value="72.000000" />
  <attribute name="Current Error" value="48.000000" />
  <attribute name="IntegralT" value="0.000000" />
  <attribute name="IntegralI" value="0.000000" />
  <attribute name="IntegralH" value="0.000000" />
  <attribute name="DerivativeT" value="inf" />
  <attribute name="DerivativeI" value="inf" />
  <attribute name="DerivativeH" value="inf" />
  <attribute name="Loop Time for DT" value="0.000000" />
  <attribute name="Output H" value="8388608"/>
  <attribute name="Output I" value="200"/>
  <attribute name="Output T" value="1"/>
  <attribute name="Target GC Util Change" value ="20.000000" />
  <attribute name="Current GC Util Change" value="68.000000"/>
  <attribute name="GC Util currently" value="68" />
  <attribute name="CPU Util currently" value="19290026738827" />
<exclusive-end id="2310" timestamp="2019-06-16T02:56:28.808" durationms="3.142" />

<exclusive-start id="2311" timestamp="2019-06-16T02:56:28.831" intervalms="26.166">
  <response-info timems="0.101" idlems="0.101" threads="0" lastid="0000000001916700" lastname="main" />
</exclusive-start>
<allocation-taxation id="2312" taxation-threshold="11534336" timestamp="2019-06-16T02:56:28.831" intervalms="26.176" />
<gc-start id="2313" type="global mark phase" contextid="2147" timestamp="2019-06-16T02:56:28.831">
  <mem-info id="2314" free="19922944" total="69206016" percent="28">
    <remembered-set count="72192" freebytes="2473728" totalbytes="2762496" percent="89" regionsoverflowed="0" regionsstable="0" regionsrebuilding="15"/>
  </mem-info>
</gc-start>
<gc-end id="2315" type="global mark phase" contextid="2147" durationms="0.059" usertimems="0.000" systemtimems="0.000" timestamp="2019-06-16T02:56:28.831" activeThreads="1">
  <mem-info id="2316" free="19922944" total="69206016" percent="28">
    <remembered-set count="72192" freebytes="2473728" totalbytes="2762496" percent="89" regionsoverflowed="0" regionsstable="0" regionsrebuilding="15"/>
  </mem-info>
</gc-end>
<concurrent-start id="2317" type="GMP work packet processing" contextid="2147" timestamp="2019-06-16T02:56:28.831">
  <concurrent-mark-start scanTarget="1048576" />
</concurrent-start>
<concurrent-end id="2318" type="GMP work packet processing" contextid="2147" timestamp="2019-06-16T02:56:28.832">
  <concurrent-mark-end bytesScanned="1091756" reasonForTermination="Work target met" />
</concurrent-end>

<exclusive-end id="2319" timestamp="2019-06-16T02:56:28.832" durationms="1.203" />

<exclusive-start id="2320" timestamp="2019-06-16T02:56:28.855" intervalms="24.225">
  <response-info timems="0.184" idlems="0.184" threads="0" lastid="0000000001916700" lastname="main" />
</exclusive-start>
<allocation-taxation id="2321" taxation-threshold="11534336" timestamp="2019-06-16T02:56:28.855" intervalms="24.250" />
<cycle-start id="2322" type="partial gc" contextid="0" timestamp="2019-06-16T02:56:28.855" intervalms="50.460" />
<gc-start id="2323" type="partial gc" contextid="2322" timestamp="2019-06-16T02:56:28.856">
  <mem-info id="2324" free="8388608" total="69206016" percent="12">
    <mem type="eden" free="1048456" total="24117248" percent="4" />
    <remembered-set count="78240" freebytes="2449536" totalbytes="2762496" percent="88" regionsoverflowed="0" regionsstable="0" regionsrebuilding="15"/>
  </mem-info>
</gc-start>
<allocation-stats totalBytes="23064432" >
  <allocated-bytes non-tlh="0" tlh="23064432" arrayletleaf="0"/>
  <largest-consumer threadName="main" threadId="0000000001916700" bytes="11532024" />
</allocation-stats>
<gc-op id="2325" type="copy forward" timems="1.571" contextid="2322" timestamp="2019-06-16T02:56:28.858">
  <memory-copied type="eden" objects="10" bytes="336" bytesdiscarded="0" />
  <memory-copied type="other" objects="0" bytes="0" bytesdiscarded="0" />
  <memory-cardclean objects="21" bytes="824" />
  <regions eden="22" other="1" />
  <remembered-set-cleared processed="75496" cleared="16" durationms="0.593" />
  <stringconstants candidates="13721" cleared="0"  />
</gc-op>
<gc-op id="2326" type="classunload" timems="0.004" contextid="2322" timestamp="2019-06-16T02:56:28.858">
  <classunload-info classloadercandidates="54" classloadersunloaded="0" classesunloaded="0" anonymousclassesunloaded="0" quiescems="0.000" setupms="0.004" scanms="0.000" postms="0.000" />
</gc-op>
<gc-end id="2327" type="partial gc" contextid="2322" durationms="2.677" usertimems="4.000" systemtimems="0.000" timestamp="2019-06-16T02:56:28.858" activeThreads="1">
  <mem-info id="2328" free="31457280" total="69206016" percent="45">
    <mem type="eden" free="1048240" total="1048576" percent="99" />
    <remembered-set count="78720" freebytes="2447616" totalbytes="2762496" percent="88" regionsoverflowed="0" regionsstable="0" regionsrebuilding="15"/>
  </mem-info>
</gc-end>
<cycle-end id="2329" type="partial gc" contextid="2322" timestamp="2019-06-16T02:56:28.859" />
  <attribute name="elasticGC enabled" value="1" />
  <attribute name= "numThreadsSpecified" value="1" />
  <attribute name="heapSize specified" value="0" />
  <attribute name="Current GC Util" value="66" />
  <attribute name= "Current Time Running" value="61221" />
  <attribute name ="GC Interval" value="0" />
  <attribute name="ProportionalT" value="69.000000" />
  <attribute name="ProportionalI" value="69.000000" />
  <attribute name="ProportionalH" value="69.000000" />
  <attribute name="Current Error" value="46.000000" />
  <attribute name="IntegralT" value="0.000000" />
  <attribute name="IntegralI" value="0.000000" />
  <attribute name="IntegralH" value="0.000000" />
  <attribute name="DerivativeT" value="inf" />
  <attribute name="DerivativeI" value="inf" />
  <attribute name="DerivativeH" value="inf" />
  <attribute name="Loop Time for DT" value="0.000000" />
  <attribute name="Output H" value="8388608"/>
  <attribute name="Output I" value="200"/>
  <attribute name="Output T" value="1"/>
  <attribute name="Target GC Util Change" value ="20.000000" />
  <attribute name="Current GC Util Change" value="66.000000"/>
  <attribute name="GC Util currently" value="66" />
  <attribute name="CPU Util currently" value="18369298965056" />
<exclusive-end id="2330" timestamp="2019-06-16T02:56:28.859" durationms="3.633" />

<exclusive-start id="2331" timestamp="2019-06-16T02:56:28.882" intervalms="26.658">
  <response-info timems="0.126" idlems="0.126" threads="0" lastid="0000000001916700" lastname="main" />
</exclusive-start>
<allocation-taxation id="2332" taxation-threshold="11534336" timestamp="2019-06-16T02:56:28.882" intervalms="26.664" />
<gc-start id="2333" type="global mark phase" contextid="2147" timestamp="2019-06-16T02:56:28.882">
  <mem-info id="2334" free="19922944" total="69206016" percent="28">
    <remembered-set count="78240" freebytes="2449536" totalbytes="2762496" percent="88" regionsoverflowed="0" regionsstable="0" regionsrebuilding="15"/>
  </mem-info>
</gc-start>
<gc-end id="2335" type="global mark phase" contextid="2147" durationms="0.061" usertimems="0.000" systemtimems="0.000" timestamp="2019-06-16T02:56:28.882" activeThreads="1">
  <mem-info id="2336" free="19922944" total="69206016" percent="28">
    <remembered-set count="78240" freebytes="2449536" totalbytes="2762496" percent="88" regionsoverflowed="0" regionsstable="0" regionsrebuilding="15"/>
  </mem-info>
</gc-end>
<concurrent-start id="2337" type="GMP work packet processing" contextid="2147" timestamp="2019-06-16T02:56:28.882">
  <concurrent-mark-start scanTarget="1048576" />
</concurrent-start>
<concurrent-end id="2338" type="GMP work packet processing" contextid="2147" timestamp="2019-06-16T02:56:28.883">
  <concurrent-mark-end bytesScanned="1085076" reasonForTermination="Work target met" />
</concurrent-end>

<exclusive-end id="2339" timestamp="2019-06-16T02:56:28.883" durationms="1.240" />

<exclusive-start id="2340" timestamp="2019-06-16T02:56:28.906" intervalms="24.128">
  <response-info timems="0.053" idlems="0.053" threads="0" lastid="0000000001916700" lastname="main" />
</exclusive-start>
<allocation-taxation id="2341" taxation-threshold="11534336" timestamp="2019-06-16T02:56:28.906" intervalms="24.098" />
<cycle-start id="2342" type="partial gc" contextid="0" timestamp="2019-06-16T02:56:28.906" intervalms="50.768" />
<gc-start id="2343" type="partial gc" contextid="2342" timestamp="2019-06-16T02:56:28.907">
  <mem-info id="2344" free="8388608" total="69206016" percent="12">
    <mem type="eden" free="1048240" total="24117248" percent="4" />
    <remembered-set count="85632" freebytes="2419968" totalbytes="2762496" percent="87" regionsoverflowed="0" regionsstable="0" regionsrebuilding="15"/>
  </mem-info>
</gc-start>
<allocation-stats totalBytes="23064104" >
  <allocated-bytes non-tlh="0" tlh="23064104" arrayletleaf="0"/>
  <largest-consumer threadName="main" threadId="0000000001916700" bytes="11531968" />
</allocation-stats>
<gc-op id="2345" type="copy forward" timems="1.549" contextid="2342" timestamp="2019-06-16T02:56:28.909">
  <memory-copied type="eden" objects="3" bytes="120" bytesdiscarded="0" />
  <memory-copied type="other" objects="0" bytes="0" bytesdiscarded="0" />
  <memory-cardclean objects="21" bytes="824" />
  <regions eden="22" other="1" />
  <remembered-set-cleared processed="83689" cleared="18" durationms="0.622" />
  <stringconstants candidates="13721" cleared="0"  />
</gc-op>
<gc-op id="2346" type="classunload" timems="0.004" contextid="2342" timestamp="2019-06-16T02:56:28.909">
  <classunload-info classloadercandidates="54" classloadersunloaded="0" classesunloaded="0" anonymousclassesunloaded="0" quiescems="0.000" setupms="0.004" scanms="0.000" postms="0.000" />
</gc-op>
<gc-end id="2347" type="partial gc" contextid="2342" durationms="2.651" usertimems="4.000" systemtimems="0.000" timestamp="2019-06-16T02:56:28.909" activeThreads="1">
  <mem-info id="2348" free="31457280" total="69206016" percent="45">
    <mem type="eden" free="1048456" total="1048576" percent="99" />
    <remembered-set count="86080" freebytes="2418176" totalbytes="2762496" percent="87" regionsoverflowed="0" regionsstable="0" regionsrebuilding="15"/>
  </mem-info>
</gc-end>
<cycle-end id="2349" type="partial gc" contextid="2342" timestamp="2019-06-16T02:56:28.909" />
  <attribute name="elasticGC enabled" value="1" />
  <attribute name= "numThreadsSpecified" value="1" />
  <attribute name="heapSize specified" value="0" />
  <attribute name="Current GC Util" value="78" />
  <attribute name= "Current Time Running" value="61272" />
  <attribute name ="GC Interval" value="0" />
  <attribute name="ProportionalT" value="87.000000" />
  <attribute name="ProportionalI" value="87.000000" />
  <attribute name="ProportionalH" value="87.000000" />
  <attribute name="Current Error" value="58.000000" />
  <attribute name="IntegralT" value="0.000000" />
  <attribute name="IntegralI" value="0.000000" />
  <attribute name="IntegralH" value="0.000000" />
  <attribute name="DerivativeT" value="inf" />
  <attribute name="DerivativeI" value="inf" />
  <attribute name="DerivativeH" value="inf" />
  <attribute name="Loop Time for DT" value="0.000000" />
  <attribute name="Output H" value="8388608"/>
  <attribute name="Output I" value="200"/>
  <attribute name="Output T" value="1"/>
  <attribute name="Target GC Util Change" value ="20.000000" />
  <attribute name="Current GC Util Change" value="78.000000"/>
  <attribute name="GC Util currently" value="78" />
  <attribute name="CPU Util currently" value="17745990265453" />
<exclusive-end id="2350" timestamp="2019-06-16T02:56:28.910" durationms="3.577" />

<exclusive-start id="2351" timestamp="2019-06-16T02:56:28.932" intervalms="26.506">
  <response-info timems="0.090" idlems="0.090" threads="0" lastid="0000000001916700" lastname="main" />
</exclusive-start>
<allocation-taxation id="2352" taxation-threshold="11534336" timestamp="2019-06-16T02:56:28.933" intervalms="26.538" />
<gc-start id="2353" type="global mark phase" contextid="2147" timestamp="2019-06-16T02:56:28.933">
  <mem-info id="2354" free="19922944" total="69206016" percent="28">
    <remembered-set count="85632" freebytes="2419968" totalbytes="2762496" percent="87" regionsoverflowed="0" regionsstable="0" regionsrebuilding="15"/>
  </mem-info>
</gc-start>
<gc-end id="2355" type="global mark phase" contextid="2147" durationms="0.094" usertimems="4.000" systemtimems="0.000" timestamp="2019-06-16T02:56:28.933" activeThreads="1">
  <mem-info id="2356" free="19922944" total="69206016" percent="28">
    <remembered-set count="85632" freebytes="2419968" totalbytes="2762496" percent="87" regionsoverflowed="0" regionsstable="0" regionsrebuilding="15"/>
  </mem-info>
</gc-end>
<concurrent-start id="2357" type="GMP work packet processing" contextid="2147" timestamp="2019-06-16T02:56:28.933">
  <concurrent-mark-start scanTarget="1048576" />
</concurrent-start>
<concurrent-end id="2358" type="GMP work packet processing" contextid="2147" timestamp="2019-06-16T02:56:28.934">
  <concurrent-mark-end bytesScanned="949644" reasonForTermination="Completed all work in GC phase" />
</concurrent-end>

<exclusive-end id="2359" timestamp="2019-06-16T02:56:28.934" durationms="1.347" />

<exclusive-start id="2360" timestamp="2019-06-16T02:56:28.957" intervalms="24.324">
  <response-info timems="0.154" idlems="0.154" threads="0" lastid="0000000001916700" lastname="main" />
</exclusive-start>
<allocation-taxation id="2361" taxation-threshold="11534336" timestamp="2019-06-16T02:56:28.957" intervalms="24.342" />
<cycle-start id="2362" type="partial gc" contextid="0" timestamp="2019-06-16T02:56:28.957" intervalms="50.846" />
<gc-start id="2363" type="partial gc" contextid="2362" timestamp="2019-06-16T02:56:28.957">
  <mem-info id="2364" free="8388608" total="69206016" percent="12">
    <mem type="eden" free="1048456" total="24117248" percent="4" />
    <remembered-set count="100928" freebytes="2358784" totalbytes="2762496" percent="85" regionsoverflowed="0" regionsstable="0" regionsrebuilding="15"/>
  </mem-info>
</gc-start>
<allocation-stats totalBytes="23064400" >
  <allocated-bytes non-tlh="0" tlh="23064400" arrayletleaf="0"/>
  <largest-consumer threadName="main" threadId="0000000001916700" bytes="11531960" />
</allocation-stats>
<gc-op id="2365" type="copy forward" timems="1.568" contextid="2362" timestamp="2019-06-16T02:56:28.960">
  <memory-copied type="eden" objects="1" bytes="24" bytesdiscarded="0" />
  <memory-copied type="other" objects="0" bytes="0" bytesdiscarded="0" />
  <memory-cardclean objects="21" bytes="824" />
  <regions eden="22" other="1" />
  <remembered-set-cleared processed="98760" cleared="16" durationms="0.708" />
  <stringconstants candidates="13721" cleared="0"  />
</gc-op>
<gc-op id="2366" type="classunload" timems="0.005" contextid="2362" timestamp="2019-06-16T02:56:28.960">
  <classunload-info classloadercandidates="54" classloadersunloaded="0" classesunloaded="0" anonymousclassesunloaded="0" quiescems="0.000" setupms="0.005" scanms="0.000" postms="0.000" />
</gc-op>
<gc-end id="2367" type="partial gc" contextid="2362" durationms="2.513" usertimems="4.000" systemtimems="0.000" timestamp="2019-06-16T02:56:28.960" activeThreads="1">
  <mem-info id="2368" free="31457280" total="69206016" percent="45">
    <mem type="eden" free="1048552" total="1048576" percent="99" />
    <remembered-set count="101408" freebytes="2356864" totalbytes="2762496" percent="85" regionsoverflowed="0" regionsstable="0" regionsrebuilding="15"/>
  </mem-info>
</gc-end>
<cycle-end id="2369" type="partial gc" contextid="2362" timestamp="2019-06-16T02:56:28.960" />
  <attribute name="elasticGC enabled" value="1" />
  <attribute name= "numThreadsSpecified" value="1" />
  <attribute name="heapSize specified" value="0" />
  <attribute name="Current GC Util" value="60" />
  <attribute name= "Current Time Running" value="61323" />
  <attribute name ="GC Interval" value="0" />
  <attribute name="ProportionalT" value="60.000000" />
  <attribute name="ProportionalI" value="60.000000" />
  <attribute name="ProportionalH" value="60.000000" />
  <attribute name="Current Error" value="40.000000" />
  <attribute name="IntegralT" value="0.000000" />
  <attribute name="IntegralI" value="0.000000" />
  <attribute name="IntegralH" value="0.000000" />
  <attribute name="DerivativeT" value="inf" />
  <attribute name="DerivativeI" value="inf" />
  <attribute name="DerivativeH" value="inf" />
  <attribute name="Loop Time for DT" value="0.000000" />
  <attribute name="Output H" value="8388608"/>
  <attribute name="Output I" value="200"/>
  <attribute name="Output T" value="1"/>
  <attribute name="Target GC Util Change" value ="20.000000" />
  <attribute name="Current GC Util Change" value="60.000000"/>
  <attribute name="GC Util currently" value="60" />
  <attribute name="CPU Util currently" value="19257805672304" />
<exclusive-end id="2370" timestamp="2019-06-16T02:56:28.960" durationms="3.384" />

<exclusive-start id="2371" timestamp="2019-06-16T02:56:28.983" intervalms="26.282">
  <response-info timems="0.056" idlems="0.056" threads="0" lastid="0000000001916700" lastname="main" />
</exclusive-start>
<allocation-taxation id="2372" taxation-threshold="11534336" timestamp="2019-06-16T02:56:28.983" intervalms="26.254" />
<gc-start id="2373" type="global mark phase" contextid="2147" timestamp="2019-06-16T02:56:28.983">
  <mem-info id="2374" free="19922944" total="69206016" percent="28">
    <remembered-set count="100928" freebytes="2358784" totalbytes="2762496" percent="85" regionsoverflowed="0" regionsstable="0" regionsrebuilding="15"/>
  </mem-info>
</gc-start>
<gc-op id="2375" type="mark increment" timems="2.197" contextid="2147" timestamp="2019-06-16T02:56:28.986">
  <trace-info objectcount="1417" scancount="942" scanbytes="142548" />
  <cardclean-info objects="57028" bytes="1144600" />
  <finalization candidates="79" enqueued="0" />
  <ownableSynchronizers candidates="23" cleared="0" />
  <references type="soft" candidates="4536" cleared="30" enqueued="30" dynamicThreshold="14" maxThreshold="32" />
  <references type="weak" candidates="5703" cleared="10" enqueued="7" />
  <references type="phantom" candidates="100" cleared="0" enqueued="0" />
  <stringconstants candidates="13721" cleared="0"  />
</gc-op>
<gc-op id="2376" type="classunload" timems="0.008" contextid="2147" timestamp="2019-06-16T02:56:28.986">
  <classunload-info classloadercandidates="54" classloadersunloaded="0" classesunloaded="0" anonymousclassesunloaded="0" quiescems="0.000" setupms="0.008" scanms="0.000" postms="0.000" />
</gc-op>
<gc-end id="2377" type="global mark phase" contextid="2147" durationms="2.544" usertimems="8.000" systemtimems="0.000" timestamp="2019-06-16T02:56:28.986" activeThreads="4">
  <mem-info id="2378" free="19922944" total="69206016" percent="28">
    <pending-finalizers system="0" default="0" reference="37" classloader="0" />
    <remembered-set count="106048" freebytes="2338304" totalbytes="2762496" percent="84" regionsoverflowed="0" regionsstable="0" regionsrebuilding="0"/>
  </mem-info>
</gc-end>
<cycle-end id="2379" type="global mark phase" contextid="2147" timestamp="2019-06-16T02:56:28.986" />
  <attribute name="elasticGC enabled" value="1" />
  <attribute name= "numThreadsSpecified" value="4" />
  <attribute name="heapSize specified" value="0" />
  <attribute name="Current GC Util" value="0" />
  <attribute name= "Current Time Running" value="61350" />
  <attribute name ="GC Interval" value="0" />
  <attribute name="ProportionalT" value="-30.000000" />
  <attribute name="ProportionalI" value="-30.000000" />
  <attribute name="ProportionalH" value="-30.000000" />
  <attribute name="Current Error" value="-20.000000" />
  <attribute name="IntegralT" value="-20.000000" />
  <attribute name="IntegralI" value="-20.000000" />
  <attribute name="IntegralH" value="-20.000000" />
  <attribute name="DerivativeT" value="-221.000000" />
  <attribute name="DerivativeI" value="-221.000000" />
  <attribute name="DerivativeH" value="-221.000000" />
  <attribute name="Loop Time for DT" value="1.000000" />
  <attribute name="Output H" value="2091843584"/>
  <attribute name="Output I" value="200"/>
  <attribute name="Output T" value="4"/>
  <attribute name="Target GC Util Change" value ="20.000000" />
  <attribute name="Current GC Util Change" value="0.000000"/>
  <attribute name="GC Util currently" value="0" />
  <attribute name="CPU Util currently" value="18066551420087" />
<exclusive-end id="2380" timestamp="2019-06-16T02:56:28.986" durationms="3.030" />

<exclusive-start id="2381" timestamp="2019-06-16T02:56:29.009" intervalms="25.972">
  <response-info timems="0.081" idlems="0.081" threads="0" lastid="0000000001916700" lastname="main" />
</exclusive-start>
<allocation-taxation id="2382" taxation-threshold="11534336" timestamp="2019-06-16T02:56:29.009" intervalms="25.909" />
<cycle-start id="2383" type="partial gc" contextid="0" timestamp="2019-06-16T02:56:29.009" intervalms="52.148" />
<gc-start id="2384" type="partial gc" contextid="2383" timestamp="2019-06-16T02:56:29.009">
  <mem-info id="2385" free="8388608" total="69206016" percent="12">
    <mem type="eden" free="1048552" total="24117248" percent="4" />
    <remembered-set count="95072" freebytes="2382208" totalbytes="2762496" percent="86" regionsoverflowed="0" regionsstable="9" regionsrebuilding="0"/>
  </mem-info>
</gc-start>
<allocation-stats totalBytes="23064112" >
  <allocated-bytes non-tlh="0" tlh="23064112" arrayletleaf="0"/>
  <largest-consumer threadName="main" threadId="0000000001916700" bytes="11531984" />
</allocation-stats>
<gc-op id="2386" type="sweep" timems="0.579" contextid="2383" timestamp="2019-06-16T02:56:29.010" />
<gc-op id="2387" type="copy forward" timems="3.296" contextid="2383" timestamp="2019-06-16T02:56:29.014">
  <memory-copied type="eden" objects="4" bytes="136" bytesdiscarded="0" />
  <memory-copied type="other" objects="37824" bytes="920192" bytesdiscarded="113008" />
  <memory-cardclean objects="6402" bytes="316392" />
  <regions eden="11" other="3" />
  <remembered-set-cleared processed="92781" cleared="5159" durationms="0.315" />
  <references type="weak" candidates="14" cleared="0" enqueued="0" />
  <stringconstants candidates="13721" cleared="0"  />
</gc-op>
<gc-op id="2388" type="classunload" timems="0.004" contextid="2383" timestamp="2019-06-16T02:56:29.014">
  <classunload-info classloadercandidates="54" classloadersunloaded="0" classesunloaded="0" anonymousclassesunloaded="0" quiescems="0.000" setupms="0.004" scanms="0.000" postms="0.000" />
</gc-op>
<gc-end id="2389" type="partial gc" contextid="2383" durationms="5.051" usertimems="8.000" systemtimems="0.000" timestamp="2019-06-16T02:56:29.014" activeThreads="4">
  <mem-info id="2390" free="32505856" total="69206016" percent="46">
    <mem type="eden" free="1048440" total="1048576" percent="99" />
    <remembered-set count="92192" freebytes="2393728" totalbytes="2762496" percent="86" regionsoverflowed="0" regionsstable="9" regionsrebuilding="0"/>
  </mem-info>
</gc-end>
<cycle-end id="2391" type="partial gc" contextid="2383" timestamp="2019-06-16T02:56:29.015" />
  <attribute name="elasticGC enabled" value="1" />
  <attribute name= "numThreadsSpecified" value="4" />
  <attribute name="heapSize specified" value="0" />
  <attribute name="Current GC Util" value="61" />
  <attribute name= "Current Time Running" value="61376" />
  <attribute name ="GC Interval" value="0" />
  <attribute name="ProportionalT" value="61.500000" />
  <attribute name="ProportionalI" value="61.500000" />
  <attribute name="ProportionalH" value="61.500000" />
  <attribute name="Current Error" value="41.000000" />
  <attribute name="IntegralT" value="0.000000" />
  <attribute name="IntegralI" value="0.000000" />
  <attribute name="IntegralH" value="0.000000" />
  <attribute name="DerivativeT" value="-inf" />
  <attribute name="DerivativeI" value="-inf" />
  <attribute name="DerivativeH" value="-inf" />
  <attribute name="Loop Time for DT" value="0.000000" />
  <attribute name="Output H" value="2091843584"/>
  <attribute name="Output I" value="200"/>
  <attribute name="Output T" value="4"/>
  <attribute name="Target GC Util Change" value ="20.000000" />
  <attribute name="Current GC Util Change" value="61.000000"/>
  <attribute name="GC Util currently" value="61" />
  <attribute name="CPU Util currently" value="21454392271526" />
<exclusive-end id="2392" timestamp="2019-06-16T02:56:29.015" durationms="5.770" />

<exclusive-start id="2393" timestamp="2019-06-16T02:56:29.062" intervalms="53.413">
  <response-info timems="0.074" idlems="0.074" threads="0" lastid="0000000001916700" lastname="main" />
</exclusive-start>
<allocation-taxation id="2394" taxation-threshold="24117248" timestamp="2019-06-16T02:56:29.063" intervalms="53.491" />
<cycle-start id="2395" type="partial gc" contextid="0" timestamp="2019-06-16T02:56:29.063" intervalms="53.550" />
<gc-start id="2396" type="partial gc" contextid="2395" timestamp="2019-06-16T02:56:29.063">
  <mem-info id="2397" free="8388608" total="69206016" percent="12">
    <mem type="eden" free="1048440" total="25165824" percent="4" />
    <remembered-set count="2688" freebytes="2751744" totalbytes="2762496" percent="99" regionsoverflowed="0" regionsstable="16" regionsrebuilding="0"/>
  </mem-info>
</gc-start>
<allocation-stats totalBytes="24112424" >
  <allocated-bytes non-tlh="0" tlh="24112424" arrayletleaf="0"/>
  <largest-consumer threadName="main" threadId="0000000001916700" bytes="24112424" />
</allocation-stats>
<gc-op id="2398" type="copy forward" timems="2.158" contextid="2395" timestamp="2019-06-16T02:56:29.066">
  <memory-copied type="eden" objects="10" bytes="336" bytesdiscarded="0" />
  <memory-copied type="other" objects="13703" bytes="782320" bytesdiscarded="63744" />
  <memory-cardclean objects="8351" bytes="348320" />
  <regions eden="23" other="14" />
  <remembered-set-cleared processed="417" cleared="11" durationms="0.073" />
  <references type="soft" candidates="249" cleared="0" enqueued="0" dynamicThreshold="15" maxThreshold="32" />
  <references type="weak" candidates="916" cleared="0" enqueued="0" />
  <stringconstants candidates="13721" cleared="0"  />
</gc-op>
<gc-op id="2399" type="classunload" timems="0.004" contextid="2395" timestamp="2019-06-16T02:56:29.066">
  <classunload-info classloadercandidates="54" classloadersunloaded="0" classesunloaded="0" anonymousclassesunloaded="0" quiescems="0.000" setupms="0.004" scanms="0.000" postms="0.000" />
</gc-op>
<heap-resize id="2400" type="contract" space="default" amount="4194304" count="1" timems="0.131" reason="excess free space following gc" timestamp="2019-06-16T02:56:29.066" />
<gc-end id="2401" type="partial gc" contextid="2395" durationms="3.383" usertimems="4.000" systemtimems="4.000" timestamp="2019-06-16T02:56:29.066" activeThreads="4">
  <mem-info id="2402" free="39845888" total="65011712" percent="61">
    <mem type="eden" free="1048240" total="1048576" percent="99" />
    <remembered-set count="3136" freebytes="2749952" totalbytes="2762496" percent="99" regionsoverflowed="0" regionsstable="16" regionsrebuilding="0"/>
  </mem-info>
</gc-end>
<cycle-end id="2403" type="partial gc" contextid="2395" timestamp="2019-06-16T02:56:29.067" />
  <attribute name="elasticGC enabled" value="1" />
  <attribute name= "numThreadsSpecified" value="4" />
  <attribute name="heapSize specified" value="0" />
  <attribute name="Current GC Util" value="77" />
  <attribute name= "Current Time Running" value="61429" />
  <attribute name ="GC Interval" value="0" />
  <attribute name="ProportionalT" value="85.500000" />
  <attribute name="ProportionalI" value="85.500000" />
  <attribute name="ProportionalH" value="85.500000" />
  <attribute name="Current Error" value="57.000000" />
  <attribute name="IntegralT" value="57.000000" />
  <attribute name="IntegralI" value="57.000000" />
  <attribute name="IntegralH" value="57.000000" />
  <attribute name="DerivativeT" value="57.000000" />
  <attribute name="DerivativeI" value="57.000000" />
  <attribute name="DerivativeH" value="57.000000" />
  <attribute name="Loop Time for DT" value="1.000000" />
  <attribute name="Output H" value="8388608"/>
  <attribute name="Output I" value="200"/>
  <attribute name="Output T" value="4"/>
  <attribute name="Target GC Util Change" value ="20.000000" />
  <attribute name="Current GC Util Change" value="77.000000"/>
  <attribute name="GC Util currently" value="77" />
  <attribute name="CPU Util currently" value="18894312399096" />
<exclusive-end id="2404" timestamp="2019-06-16T02:56:29.067" durationms="4.297" />

<exclusive-start id="2405" timestamp="2019-06-16T02:56:29.109" intervalms="46.794">
  <response-info timems="0.091" idlems="0.091" threads="0" lastid="0000000001916700" lastname="main" />
</exclusive-start>
<allocation-taxation id="2406" taxation-threshold="23068672" timestamp="2019-06-16T02:56:29.109" intervalms="46.803" />
<cycle-start id="2407" type="partial gc" contextid="0" timestamp="2019-06-16T02:56:29.110" intervalms="46.787" />
<gc-start id="2408" type="partial gc" contextid="2407" timestamp="2019-06-16T02:56:29.110">
  <mem-info id="2409" free="16777216" total="65011712" percent="25">
    <mem type="eden" free="1048240" total="24117248" percent="4" />
    <remembered-set count="2880" freebytes="2750976" totalbytes="2762496" percent="99" regionsoverflowed="0" regionsstable="16" regionsrebuilding="0"/>
  </mem-info>
</gc-start>
<allocation-stats totalBytes="23053552" >
  <allocated-bytes non-tlh="0" tlh="23053552" arrayletleaf="0"/>
  <largest-consumer threadName="main" threadId="0000000001916700" bytes="23053552" />
</allocation-stats>
<gc-op id="2410" type="copy forward" timems="1.638" contextid="2407" timestamp="2019-06-16T02:56:29.112">
  <memory-copied type="eden" objects="25" bytes="1328" bytesdiscarded="632" />
  <memory-copied type="other" objects="25" bytes="736" bytesdiscarded="608" />
  <memory-cardclean objects="1740" bytes="76480" />
  <regions eden="22" other="2" />
  <remembered-set-cleared processed="1430" cleared="33" durationms="0.088" />
  <references type="weak" candidates="18" cleared="0" enqueued="0" />
  <stringconstants candidates="13721" cleared="0"  />
</gc-op>
<gc-op id="2411" type="classunload" timems="0.004" contextid="2407" timestamp="2019-06-16T02:56:29.113">
  <classunload-info classloadercandidates="54" classloadersunloaded="0" classesunloaded="0" anonymousclassesunloaded="0" quiescems="0.000" setupms="0.004" scanms="0.000" postms="0.000" />
</gc-op>
<gc-end id="2412" type="partial gc" contextid="2407" durationms="2.881" usertimems="4.000" systemtimems="0.000" timestamp="2019-06-16T02:56:29.113" activeThreads="4">
  <mem-info id="2413" free="39845888" total="65011712" percent="61">
    <mem type="eden" free="1046616" total="1048576" percent="99" />
    <remembered-set count="3552" freebytes="2580864" totalbytes="2595072" percent="99" regionsoverflowed="0" regionsstable="16" regionsrebuilding="0"/>
  </mem-info>
</gc-end>
<cycle-end id="2414" type="partial gc" contextid="2407" timestamp="2019-06-16T02:56:29.113" />
  <attribute name="elasticGC enabled" value="1" />
  <attribute name= "numThreadsSpecified" value="4" />
  <attribute name="heapSize specified" value="0" />
  <attribute name="Current GC Util" value="38" />
  <attribute name= "Current Time Running" value="61476" />
  <attribute name ="GC Interval" value="0" />
  <attribute name="ProportionalT" value="27.000000" />
  <attribute name="ProportionalI" value="27.000000" />
  <attribute name="ProportionalH" value="27.000000" />
  <attribute name="Current Error" value="18.000000" />
  <attribute name="IntegralT" value="18.000000" />
  <attribute name="IntegralI" value="18.000000" />
  <attribute name="IntegralH" value="18.000000" />
  <attribute name="DerivativeT" value="18.000000" />
  <attribute name="DerivativeI" value="18.000000" />
  <attribute name="DerivativeH" value="18.000000" />
  <attribute name="Loop Time for DT" value="1.000000" />
  <attribute name="Output H" value="8388608"/>
  <attribute name="Output I" value="200"/>
  <attribute name="Output T" value="4"/>
  <attribute name="Target GC Util Change" value ="20.000000" />
  <attribute name="Current GC Util Change" value="38.000000"/>
  <attribute name="GC Util currently" value="38" />
  <attribute name="CPU Util currently" value="10105988581955" />
<exclusive-end id="2415" timestamp="2019-06-16T02:56:29.113" durationms="3.891" />

<exclusive-start id="2416" timestamp="2019-06-16T02:56:29.132" intervalms="22.415">
  <response-info timems="0.071" idlems="0.071" threads="0" lastid="0000000001916700" lastname="main" />
</exclusive-start>
<allocation-taxation id="2417" taxation-threshold="23068672" timestamp="2019-06-16T02:56:29.132" intervalms="22.383" />
<cycle-start id="2418" type="partial gc" contextid="0" timestamp="2019-06-16T02:56:29.132" intervalms="22.382" />
<gc-start id="2419" type="partial gc" contextid="2418" timestamp="2019-06-16T02:56:29.132">
  <mem-info id="2420" free="16777216" total="65011712" percent="25">
    <mem type="eden" free="0" total="23068672" percent="0" />
    <remembered-set count="3168" freebytes="2582400" totalbytes="2595072" percent="99" regionsoverflowed="0" regionsstable="16" regionsrebuilding="0"/>
  </mem-info>
</gc-start>
<allocation-stats totalBytes="23035352" >
  <allocated-bytes non-tlh="0" tlh="23035352" arrayletleaf="0"/>
  <largest-consumer threadName="main" threadId="0000000001916700" bytes="23035352" />
</allocation-stats>
<gc-op id="2421" type="copy forward" timems="0.930" contextid="2418" timestamp="2019-06-16T02:56:29.134">
  <memory-copied type="eden" objects="4" bytes="112" bytesdiscarded="0" />
  <memory-copied type="other" objects="45" bytes="1904" bytesdiscarded="0" />
  <memory-cardclean objects="33" bytes="9600" />
  <regions eden="22" other="2" />
  <remembered-set-cleared processed="1602" cleared="12" durationms="0.111" />
  <references type="weak" candidates="16" cleared="0" enqueued="0" />
  <stringconstants candidates="13721" cleared="0"  />
</gc-op>
<gc-op id="2422" type="classunload" timems="0.003" contextid="2418" timestamp="2019-06-16T02:56:29.134">
  <classunload-info classloadercandidates="54" classloadersunloaded="0" classesunloaded="0" anonymousclassesunloaded="0" quiescems="0.000" setupms="0.003" scanms="0.000" postms="0.000" />
</gc-op>
<gc-end id="2423" type="partial gc" contextid="2418" durationms="1.923" usertimems="4.000" systemtimems="0.000" timestamp="2019-06-16T02:56:29.134" activeThreads="1">
  <mem-info id="2424" free="38797312" total="65011712" percent="59">
    <mem type="eden" free="1048464" total="1048576" percent="99" />
    <remembered-set count="3424" freebytes="2581376" totalbytes="2595072" percent="99" regionsoverflowed="0" regionsstable="16" regionsrebuilding="0"/>
  </mem-info>
</gc-end>
<cycle-end id="2425" type="partial gc" contextid="2418" timestamp="2019-06-16T02:56:29.134" />
  <attribute name="elasticGC enabled" value="1" />
  <attribute name= "numThreadsSpecified" value="1" />
  <attribute name="heapSize specified" value="0" />
  <attribute name="Current GC Util" value="70" />
  <attribute name= "Current Time Running" value="61498" />
  <attribute name ="GC Interval" value="0" />
  <attribute name="ProportionalT" value="75.000000" />
  <attribute name="ProportionalI" value="75.000000" />
  <attribute name="ProportionalH" value="75.000000" />
  <attribute name="Current Error" value="50.000000" />
  <attribute name="IntegralT" value="0.000000" />
  <attribute name="IntegralI" value="0.000000" />
  <attribute name="IntegralH" value="0.000000" />
  <attribute name="DerivativeT" value="inf" />
  <attribute name="DerivativeI" value="inf" />
  <attribute name="DerivativeH" value="inf" />
  <attribute name="Loop Time for DT" value="0.000000" />
  <attribute name="Output H" value="8388608"/>
  <attribute name="Output I" value="200"/>
  <attribute name="Output T" value="1"/>
  <attribute name="Target GC Util Change" value ="20.000000" />
  <attribute name="Current GC Util Change" value="70.000000"/>
  <attribute name="GC Util currently" value="70" />
  <attribute name="CPU Util currently" value="24168361928976" />
<exclusive-end id="2426" timestamp="2019-06-16T02:56:29.134" durationms="2.790" />

<exclusive-start id="2427" timestamp="2019-06-16T02:56:29.144" intervalms="12.144">
  <response-info timems="0.066" idlems="0.066" threads="0" lastid="0000000001916700" lastname="main" />
</exclusive-start>
<allocation-taxation id="2428" taxation-threshold="11534336" timestamp="2019-06-16T02:56:29.144" intervalms="12.098" />
<cycle-start id="2429" type="global mark phase" contextid="0" timestamp="2019-06-16T02:56:29.144" intervalms="1396.120" />
<gc-start id="2430" type="global mark phase" contextid="2429" timestamp="2019-06-16T02:56:29.144">
  <mem-info id="2431" free="27262976" total="65011712" percent="41">
    <remembered-set count="3072" freebytes="2582784" totalbytes="2595072" percent="99" regionsoverflowed="0" regionsstable="16" regionsrebuilding="0"/>
  </mem-info>
</gc-start>
<gc-op id="2432" type="mark increment" timems="0.462" contextid="2429" timestamp="2019-06-16T02:56:29.145">
  <trace-info objectcount="185" scancount="0" scanbytes="0" />
</gc-op>
<gc-end id="2433" type="global mark phase" contextid="2429" durationms="0.655" usertimems="0.000" systemtimems="0.000" timestamp="2019-06-16T02:56:29.145" activeThreads="1">
  <mem-info id="2434" free="27262976" total="65011712" percent="41">
    <remembered-set count="3072" freebytes="2582784" totalbytes="2595072" percent="99" regionsoverflowed="0" regionsstable="0" regionsrebuilding="16"/>
  </mem-info>
</gc-end>
<concurrent-start id="2435" type="GMP work packet processing" contextid="2429" timestamp="2019-06-16T02:56:29.145">
  <concurrent-mark-start scanTarget="1048576" />
</concurrent-start>
<exclusive-end id="2436" timestamp="2019-06-16T02:56:29.146" durationms="2.397" />

<concurrent-end id="2437" type="GMP work packet processing" contextid="2429" timestamp="2019-06-16T02:56:29.146">
  <concurrent-mark-end bytesScanned="1124576" reasonForTermination="Work target met" />
</concurrent-end>

<exclusive-start id="2438" timestamp="2019-06-16T02:56:29.155" intervalms="11.618">
  <response-info timems="0.026" idlems="0.026" threads="0" lastid="0000000001916700" lastname="main" />
</exclusive-start>
<allocation-taxation id="2439" taxation-threshold="11534336" timestamp="2019-06-16T02:56:29.156" intervalms="11.621" />
<cycle-start id="2440" type="partial gc" contextid="0" timestamp="2019-06-16T02:56:29.156" intervalms="23.673" />
<gc-start id="2441" type="partial gc" contextid="2440" timestamp="2019-06-16T02:56:29.156">
  <mem-info id="2442" free="15728640" total="65011712" percent="24">
    <mem type="eden" free="1048464" total="24117248" percent="4" />
    <remembered-set count="15360" freebytes="2533632" totalbytes="2595072" percent="97" regionsoverflowed="0" regionsstable="0" regionsrebuilding="16"/>
  </mem-info>
</gc-start>
<allocation-stats totalBytes="23035448" >
  <allocated-bytes non-tlh="0" tlh="23035448" arrayletleaf="0"/>
  <largest-consumer threadName="main" threadId="0000000001916700" bytes="11518416" />
</allocation-stats>
<gc-op id="2443" type="copy forward" timems="1.144" contextid="2440" timestamp="2019-06-16T02:56:29.158">
  <memory-copied type="eden" objects="4" bytes="112" bytesdiscarded="0" />
  <memory-copied type="other" objects="7" bytes="160" bytesdiscarded="0" />
  <memory-cardclean objects="29" bytes="1016" />
  <regions eden="22" other="2" />
  <remembered-set-cleared processed="13405" cleared="14" durationms="0.172" />
  <stringconstants candidates="13721" cleared="0"  />
</gc-op>
<gc-op id="2444" type="classunload" timems="0.004" contextid="2440" timestamp="2019-06-16T02:56:29.158">
  <classunload-info classloadercandidates="54" classloadersunloaded="0" classesunloaded="0" anonymousclassesunloaded="0" quiescems="0.000" setupms="0.004" scanms="0.000" postms="0.000" />
</gc-op>
<heap-resize id="2445" type="expand" space="default" amount="1048576" count="1" timems="0.049" reason="excessive time being spent in gc" timestamp="2019-06-16T02:56:29.158" />
<gc-end id="2446" type="partial gc" contextid="2440" durationms="2.331" usertimems="0.000" systemtimems="0.000" timestamp="2019-06-16T02:56:29.158" activeThreads="1">
  <mem-info id="2447" free="39845888" total="66060288" percent="60">
    <mem type="eden" free="1048464" total="1048576" percent="99" />
    <remembered-set count="15808" freebytes="2573696" totalbytes="2636928" percent="97" regionsoverflowed="0" regionsstable="0" regionsrebuilding="16"/>
  </mem-info>
</gc-end>
<cycle-end id="2448" type="partial gc" contextid="2440" timestamp="2019-06-16T02:56:29.158" />
  <attribute name="elasticGC enabled" value="1" />
  <attribute name= "numThreadsSpecified" value="1" />
  <attribute name="heapSize specified" value="0" />
  <attribute name="Current GC Util" value="59" />
  <attribute name= "Current Time Running" value="61521" />
  <attribute name ="GC Interval" value="0" />
  <attribute name="ProportionalT" value="58.500000" />
  <attribute name="ProportionalI" value="58.500000" />
  <attribute name="ProportionalH" value="58.500000" />
  <attribute name="Current Error" value="39.000000" />
  <attribute name="IntegralT" value="0.000000" />
  <attribute name="IntegralI" value="0.000000" />
  <attribute name="IntegralH" value="0.000000" />
  <attribute name="DerivativeT" value="inf" />
  <attribute name="DerivativeI" value="inf" />
  <attribute name="DerivativeH" value="inf" />
  <attribute name="Loop Time for DT" value="0.000000" />
  <attribute name="Output H" value="8388608"/>
  <attribute name="Output I" value="200"/>
  <attribute name="Output T" value="1"/>
  <attribute name="Target GC Util Change" value ="20.000000" />
  <attribute name="Current GC Util Change" value="59.000000"/>
  <attribute name="GC Util currently" value="59" />
  <attribute name="CPU Util currently" value="22122217655455" />
<exclusive-end id="2449" timestamp="2019-06-16T02:56:29.158" durationms="3.008" />

<exclusive-start id="2450" timestamp="2019-06-16T02:56:29.168" intervalms="12.205">
  <response-info timems="0.056" idlems="0.056" threads="0" lastid="0000000001916700" lastname="main" />
</exclusive-start>
<allocation-taxation id="2451" taxation-threshold="11534336" timestamp="2019-06-16T02:56:29.168" intervalms="12.238" />
<gc-start id="2452" type="global mark phase" contextid="2429" timestamp="2019-06-16T02:56:29.168">
  <mem-info id="2453" free="28311552" total="66060288" percent="42">
    <remembered-set count="15360" freebytes="2575488" totalbytes="2636928" percent="97" regionsoverflowed="0" regionsstable="0" regionsrebuilding="16"/>
  </mem-info>
</gc-start>
<gc-end id="2454" type="global mark phase" contextid="2429" durationms="0.089" usertimems="0.000" systemtimems="0.000" timestamp="2019-06-16T02:56:29.168" activeThreads="1">
  <mem-info id="2455" free="28311552" total="66060288" percent="42">
    <remembered-set count="15360" freebytes="2575488" totalbytes="2636928" percent="97" regionsoverflowed="0" regionsstable="0" regionsrebuilding="16"/>
  </mem-info>
</gc-end>
<concurrent-start id="2456" type="GMP work packet processing" contextid="2429" timestamp="2019-06-16T02:56:29.168">
  <concurrent-mark-start scanTarget="1048576" />
</concurrent-start>
<concurrent-end id="2457" type="GMP work packet processing" contextid="2429" timestamp="2019-06-16T02:56:29.169">
  <concurrent-mark-end bytesScanned="1091432" reasonForTermination="Work target met" />
</concurrent-end>

<exclusive-end id="2458" timestamp="2019-06-16T02:56:29.169" durationms="1.367" />

<exclusive-start id="2459" timestamp="2019-06-16T02:56:29.178" intervalms="10.525">
  <response-info timems="0.025" idlems="0.025" threads="0" lastid="0000000001916700" lastname="main" />
</exclusive-start>
<allocation-taxation id="2460" taxation-threshold="11534336" timestamp="2019-06-16T02:56:29.178" intervalms="10.490" />
<cycle-start id="2461" type="partial gc" contextid="0" timestamp="2019-06-16T02:56:29.178" intervalms="22.769" />
<gc-start id="2462" type="partial gc" contextid="2461" timestamp="2019-06-16T02:56:29.179">
  <mem-info id="2463" free="16777216" total="66060288" percent="25">
    <mem type="eden" free="1048464" total="24117248" percent="4" />
    <remembered-set count="25664" freebytes="2534272" totalbytes="2636928" percent="96" regionsoverflowed="0" regionsstable="0" regionsrebuilding="16"/>
  </mem-info>
</gc-start>
<allocation-stats totalBytes="23036856" >
  <allocated-bytes non-tlh="0" tlh="23036856" arrayletleaf="0"/>
  <largest-consumer threadName="main" threadId="0000000001916700" bytes="11518416" />
</allocation-stats>
<gc-op id="2464" type="copy forward" timems="1.422" contextid="2461" timestamp="2019-06-16T02:56:29.181">
  <memory-copied type="eden" objects="4" bytes="112" bytesdiscarded="0" />
  <memory-copied type="other" objects="1339" bytes="97720" bytesdiscarded="10360" />
  <memory-cardclean objects="139" bytes="18192" />
  <regions eden="22" other="2" />
  <remembered-set-cleared processed="23926" cleared="247" durationms="0.123" />
  <references type="soft" candidates="15" cleared="0" enqueued="0" dynamicThreshold="13" maxThreshold="32" />
  <references type="weak" candidates="52" cleared="0" enqueued="0" />
  <stringconstants candidates="13721" cleared="0"  />
</gc-op>
<gc-op id="2465" type="classunload" timems="0.004" contextid="2461" timestamp="2019-06-16T02:56:29.181">
  <classunload-info classloadercandidates="54" classloadersunloaded="0" classesunloaded="0" anonymousclassesunloaded="0" quiescems="0.000" setupms="0.004" scanms="0.000" postms="0.000" />
</gc-op>
<gc-end id="2466" type="partial gc" contextid="2461" durationms="2.219" usertimems="4.000" systemtimems="0.000" timestamp="2019-06-16T02:56:29.181" activeThreads="4">
  <mem-info id="2467" free="39845888" total="66060288" percent="60">
    <mem type="eden" free="1048464" total="1048576" percent="99" />
    <remembered-set count="26720" freebytes="2530048" totalbytes="2636928" percent="95" regionsoverflowed="0" regionsstable="0" regionsrebuilding="16"/>
  </mem-info>
</gc-end>
<cycle-end id="2468" type="partial gc" contextid="2461" timestamp="2019-06-16T02:56:29.181" />
  <attribute name="elasticGC enabled" value="1" />
  <attribute name= "numThreadsSpecified" value="4" />
  <attribute name="heapSize specified" value="0" />
  <attribute name="Current GC Util" value="0" />
  <attribute name= "Current Time Running" value="61544" />
  <attribute name ="GC Interval" value="0" />
  <attribute name="ProportionalT" value="-30.000000" />
  <attribute name="ProportionalI" value="-30.000000" />
  <attribute name="ProportionalH" value="-30.000000" />
  <attribute name="Current Error" value="-20.000000" />
  <attribute name="IntegralT" value="0.000000" />
  <attribute name="IntegralI" value="0.000000" />
  <attribute name="IntegralH" value="0.000000" />
  <attribute name="DerivativeT" value="-inf" />
  <attribute name="DerivativeI" value="-inf" />
  <attribute name="DerivativeH" value="-inf" />
  <attribute name="Loop Time for DT" value="0.000000" />
  <attribute name="Output H" value="2091843584"/>
  <attribute name="Output I" value="200"/>
  <attribute name="Output T" value="4"/>
  <attribute name="Target GC Util Change" value ="20.000000" />
  <attribute name="Current GC Util Change" value="0.000000"/>
  <attribute name="GC Util currently" value="0" />
  <attribute name="CPU Util currently" value="37143388568059" />
<exclusive-end id="2469" timestamp="2019-06-16T02:56:29.181" durationms="2.969" />

<exclusive-start id="2470" timestamp="2019-06-16T02:56:29.190" intervalms="12.168">
  <response-info timems="0.071" idlems="0.071" threads="0" lastid="0000000001916700" lastname="main" />
</exclusive-start>
<allocation-taxation id="2471" taxation-threshold="11534336" timestamp="2019-06-16T02:56:29.190" intervalms="12.202" />
<gc-start id="2472" type="global mark phase" contextid="2429" timestamp="2019-06-16T02:56:29.191">
  <mem-info id="2473" free="28311552" total="66060288" percent="42">
    <remembered-set count="26272" freebytes="2531840" totalbytes="2636928" percent="96" regionsoverflowed="0" regionsstable="0" regionsrebuilding="16"/>
  </mem-info>
</gc-start>
<gc-end id="2474" type="global mark phase" contextid="2429" durationms="0.088" usertimems="0.000" systemtimems="0.000" timestamp="2019-06-16T02:56:29.191" activeThreads="4">
  <mem-info id="2475" free="28311552" total="66060288" percent="42">
    <remembered-set count="26272" freebytes="2531840" totalbytes="2636928" percent="96" regionsoverflowed="0" regionsstable="0" regionsrebuilding="16"/>
  </mem-info>
</gc-end>
<concurrent-start id="2476" type="GMP work packet processing" contextid="2429" timestamp="2019-06-16T02:56:29.191">
  <concurrent-mark-start scanTarget="1917015" />
</concurrent-start>
<exclusive-end id="2477" timestamp="2019-06-16T02:56:29.192" durationms="1.660" />

<concurrent-end id="2478" type="GMP work packet processing" contextid="2429" timestamp="2019-06-16T02:56:29.192">
  <concurrent-mark-end bytesScanned="1969628" reasonForTermination="Work target met" />
</concurrent-end>

<exclusive-start id="2479" timestamp="2019-06-16T02:56:29.200" intervalms="9.511">
  <response-info timems="0.065" idlems="0.065" threads="0" lastid="0000000001916700" lastname="main" />
</exclusive-start>
<allocation-taxation id="2480" taxation-threshold="11534336" timestamp="2019-06-16T02:56:29.200" intervalms="9.488" />
<cycle-start id="2481" type="partial gc" contextid="0" timestamp="2019-06-16T02:56:29.200" intervalms="21.649" />
<gc-start id="2482" type="partial gc" contextid="2481" timestamp="2019-06-16T02:56:29.200">
  <mem-info id="2483" free="16777216" total="66060288" percent="25">
    <mem type="eden" free="1048464" total="24117248" percent="4" />
    <remembered-set count="44160" freebytes="2460288" totalbytes="2636928" percent="93" regionsoverflowed="0" regionsstable="0" regionsrebuilding="16"/>
  </mem-info>
</gc-start>
<allocation-stats totalBytes="23036856" >
  <allocated-bytes non-tlh="0" tlh="23036856" arrayletleaf="0"/>
  <largest-consumer threadName="main" threadId="0000000001916700" bytes="11518440" />
</allocation-stats>
<gc-op id="2484" type="copy forward" timems="1.324" contextid="2481" timestamp="2019-06-16T02:56:29.202">
  <memory-copied type="eden" objects="4" bytes="112" bytesdiscarded="0" />
  <memory-copied type="other" objects="0" bytes="0" bytesdiscarded="0" />
  <memory-cardclean objects="9" bytes="208" />
  <regions eden="22" other="1" />
  <remembered-set-cleared processed="42253" cleared="11" durationms="0.340" />
  <stringconstants candidates="13721" cleared="0"  />
</gc-op>
<gc-op id="2485" type="classunload" timems="0.003" contextid="2481" timestamp="2019-06-16T02:56:29.202">
  <classunload-info classloadercandidates="54" classloadersunloaded="0" classesunloaded="0" anonymousclassesunloaded="0" quiescems="0.000" setupms="0.003" scanms="0.000" postms="0.000" />
</gc-op>
<gc-end id="2486" type="partial gc" contextid="2481" durationms="2.286" usertimems="4.000" systemtimems="0.000" timestamp="2019-06-16T02:56:29.203" activeThreads="1">
  <mem-info id="2487" free="39845888" total="66060288" percent="60">
    <mem type="eden" free="1048464" total="1048576" percent="99" />
    <remembered-set count="44640" freebytes="2458368" totalbytes="2636928" percent="93" regionsoverflowed="0" regionsstable="0" regionsrebuilding="16"/>
  </mem-info>
</gc-end>
<cycle-end id="2488" type="partial gc" contextid="2481" timestamp="2019-06-16T02:56:29.203" />
  <attribute name="elasticGC enabled" value="1" />
  <attribute name= "numThreadsSpecified" value="1" />
  <attribute name="heapSize specified" value="0" />
  <attribute name="Current GC Util" value="83" />
  <attribute name= "Current Time Running" value="61566" />
  <attribute name ="GC Interval" value="0" />
  <attribute name="ProportionalT" value="94.500000" />
  <attribute name="ProportionalI" value="94.500000" />
  <attribute name="ProportionalH" value="94.500000" />
  <attribute name="Current Error" value="63.000000" />
  <attribute name="IntegralT" value="0.000000" />
  <attribute name="IntegralI" value="0.000000" />
  <attribute name="IntegralH" value="0.000000" />
  <attribute name="DerivativeT" value="inf" />
  <attribute name="DerivativeI" value="inf" />
  <attribute name="DerivativeH" value="inf" />
  <attribute name="Loop Time for DT" value="0.000000" />
  <attribute name="Output H" value="8388608"/>
  <attribute name="Output I" value="200"/>
  <attribute name="Output T" value="1"/>
  <attribute name="Target GC Util Change" value ="20.000000" />
  <attribute name="Current GC Util Change" value="83.000000"/>
  <attribute name="GC Util currently" value="83" />
  <attribute name="CPU Util currently" value="18850907378357" />
<exclusive-end id="2489" timestamp="2019-06-16T02:56:29.203" durationms="3.029" />

<exclusive-start id="2490" timestamp="2019-06-16T02:56:29.211" intervalms="10.797">
  <response-info timems="0.115" idlems="0.115" threads="0" lastid="0000000001916700" lastname="main" />
</exclusive-start>
<allocation-taxation id="2491" taxation-threshold="11534336" timestamp="2019-06-16T02:56:29.211" intervalms="10.797" />
<gc-start id="2492" type="global mark phase" contextid="2429" timestamp="2019-06-16T02:56:29.211">
  <mem-info id="2493" free="28311552" total="66060288" percent="42">
    <remembered-set count="44160" freebytes="2460288" totalbytes="2636928" percent="93" regionsoverflowed="0" regionsstable="0" regionsrebuilding="16"/>
  </mem-info>
</gc-start>
<gc-end id="2494" type="global mark phase" contextid="2429" durationms="0.091" usertimems="0.000" systemtimems="0.000" timestamp="2019-06-16T02:56:29.211" activeThreads="1">
  <mem-info id="2495" free="28311552" total="66060288" percent="42">
    <remembered-set count="44160" freebytes="2460288" totalbytes="2636928" percent="93" regionsoverflowed="0" regionsstable="0" regionsrebuilding="16"/>
  </mem-info>
</gc-end>
<concurrent-start id="2496" type="GMP work packet processing" contextid="2429" timestamp="2019-06-16T02:56:29.211">
  <concurrent-mark-start scanTarget="1048576" />
</concurrent-start>
<concurrent-end id="2497" type="GMP work packet processing" contextid="2429" timestamp="2019-06-16T02:56:29.213">
  <concurrent-mark-end bytesScanned="1052032" reasonForTermination="Work target met" />
</concurrent-end>

<exclusive-end id="2498" timestamp="2019-06-16T02:56:29.213" durationms="2.381" />

<exclusive-start id="2499" timestamp="2019-06-16T02:56:29.221" intervalms="10.067">
  <response-info timems="0.072" idlems="0.072" threads="0" lastid="0000000001916700" lastname="main" />
</exclusive-start>
<allocation-taxation id="2500" taxation-threshold="11534336" timestamp="2019-06-16T02:56:29.221" intervalms="10.067" />
<cycle-start id="2501" type="partial gc" contextid="0" timestamp="2019-06-16T02:56:29.221" intervalms="20.877" />
<gc-start id="2502" type="partial gc" contextid="2501" timestamp="2019-06-16T02:56:29.221">
  <mem-info id="2503" free="16777216" total="66060288" percent="25">
    <mem type="eden" free="1048464" total="24117248" percent="4" />
    <remembered-set count="53376" freebytes="2423424" totalbytes="2636928" percent="91" regionsoverflowed="0" regionsstable="0" regionsrebuilding="16"/>
  </mem-info>
</gc-start>
<allocation-stats totalBytes="23036856" >
  <allocated-bytes non-tlh="0" tlh="23036856" arrayletleaf="0"/>
  <largest-consumer threadName="main" threadId="0000000001916700" bytes="11518440" />
</allocation-stats>
<gc-op id="2504" type="copy forward" timems="1.320" contextid="2501" timestamp="2019-06-16T02:56:29.223">
  <memory-copied type="eden" objects="4" bytes="112" bytesdiscarded="0" />
  <memory-copied type="other" objects="0" bytes="0" bytesdiscarded="0" />
  <memory-cardclean objects="9" bytes="208" />
  <regions eden="22" other="1" />
  <remembered-set-cleared processed="51425" cleared="7" durationms="0.397" />
  <stringconstants candidates="13721" cleared="0"  />
</gc-op>
<gc-op id="2505" type="classunload" timems="0.004" contextid="2501" timestamp="2019-06-16T02:56:29.223">
  <classunload-info classloadercandidates="54" classloadersunloaded="0" classesunloaded="0" anonymousclassesunloaded="0" quiescems="0.000" setupms="0.003" scanms="0.000" postms="0.000" />
</gc-op>
<gc-end id="2506" type="partial gc" contextid="2501" durationms="2.277" usertimems="0.000" systemtimems="0.000" timestamp="2019-06-16T02:56:29.223" activeThreads="1">
  <mem-info id="2507" free="39845888" total="66060288" percent="60">
    <mem type="eden" free="1048464" total="1048576" percent="99" />
    <remembered-set count="53856" freebytes="2421504" totalbytes="2636928" percent="91" regionsoverflowed="0" regionsstable="0" regionsrebuilding="16"/>
  </mem-info>
</gc-end>
<cycle-end id="2508" type="partial gc" contextid="2501" timestamp="2019-06-16T02:56:29.224" />
  <attribute name="elasticGC enabled" value="1" />
  <attribute name= "numThreadsSpecified" value="1" />
  <attribute name="heapSize specified" value="0" />
  <attribute name="Current GC Util" value="91" />
  <attribute name= "Current Time Running" value="61587" />
  <attribute name ="GC Interval" value="0" />
  <attribute name="ProportionalT" value="106.500000" />
  <attribute name="ProportionalI" value="106.500000" />
  <attribute name="ProportionalH" value="106.500000" />
  <attribute name="Current Error" value="71.000000" />
  <attribute name="IntegralT" value="0.000000" />
  <attribute name="IntegralI" value="0.000000" />
  <attribute name="IntegralH" value="0.000000" />
  <attribute name="DerivativeT" value="inf" />
  <attribute name="DerivativeI" value="inf" />
  <attribute name="DerivativeH" value="inf" />
  <attribute name="Loop Time for DT" value="0.000000" />
  <attribute name="Output H" value="8388608"/>
  <attribute name="Output I" value="200"/>
  <attribute name="Output T" value="1"/>
  <attribute name="Target GC Util Change" value ="20.000000" />
  <attribute name="Current GC Util Change" value="91.000000"/>
  <attribute name="GC Util currently" value="91" />
  <attribute name="CPU Util currently" value="20440511406522" />
<exclusive-end id="2509" timestamp="2019-06-16T02:56:29.224" durationms="3.098" />

<exclusive-start id="2510" timestamp="2019-06-16T02:56:29.232" intervalms="10.942">
  <response-info timems="0.148" idlems="0.148" threads="0" lastid="0000000001916700" lastname="main" />
</exclusive-start>
<allocation-taxation id="2511" taxation-threshold="11534336" timestamp="2019-06-16T02:56:29.232" intervalms="10.936" />
<gc-start id="2512" type="global mark phase" contextid="2429" timestamp="2019-06-16T02:56:29.232">
  <mem-info id="2513" free="28311552" total="66060288" percent="42">
    <remembered-set count="53376" freebytes="2423424" totalbytes="2636928" percent="91" regionsoverflowed="0" regionsstable="0" regionsrebuilding="16"/>
  </mem-info>
</gc-start>
<gc-end id="2514" type="global mark phase" contextid="2429" durationms="0.057" usertimems="0.000" systemtimems="0.000" timestamp="2019-06-16T02:56:29.232" activeThreads="1">
  <mem-info id="2515" free="28311552" total="66060288" percent="42">
    <remembered-set count="53376" freebytes="2423424" totalbytes="2636928" percent="91" regionsoverflowed="0" regionsstable="0" regionsrebuilding="16"/>
  </mem-info>
</gc-end>
<concurrent-start id="2516" type="GMP work packet processing" contextid="2429" timestamp="2019-06-16T02:56:29.232">
  <concurrent-mark-start scanTarget="1048576" />
</concurrent-start>
<concurrent-end id="2517" type="GMP work packet processing" contextid="2429" timestamp="2019-06-16T02:56:29.233">
  <concurrent-mark-end bytesScanned="1090364" reasonForTermination="Work target met" />
</concurrent-end>

<exclusive-end id="2518" timestamp="2019-06-16T02:56:29.233" durationms="1.094" />

<exclusive-start id="2519" timestamp="2019-06-16T02:56:29.240" intervalms="8.850">
  <response-info timems="0.073" idlems="0.073" threads="0" lastid="0000000001916700" lastname="main" />
</exclusive-start>
<allocation-taxation id="2520" taxation-threshold="11534336" timestamp="2019-06-16T02:56:29.241" intervalms="8.842" />
<cycle-start id="2521" type="partial gc" contextid="0" timestamp="2019-06-16T02:56:29.241" intervalms="19.730" />
<gc-start id="2522" type="partial gc" contextid="2521" timestamp="2019-06-16T02:56:29.241">
  <mem-info id="2523" free="16777216" total="66060288" percent="25">
    <mem type="eden" free="1048464" total="24117248" percent="4" />
    <remembered-set count="60192" freebytes="2396160" totalbytes="2636928" percent="90" regionsoverflowed="0" regionsstable="0" regionsrebuilding="16"/>
  </mem-info>
</gc-start>
<allocation-stats totalBytes="23036832" >
  <allocated-bytes non-tlh="0" tlh="23036832" arrayletleaf="0"/>
  <largest-consumer threadName="main" threadId="0000000001916700" bytes="11518416" />
</allocation-stats>
<gc-op id="2524" type="copy forward" timems="1.369" contextid="2521" timestamp="2019-06-16T02:56:29.243">
  <memory-copied type="eden" objects="4" bytes="112" bytesdiscarded="0" />
  <memory-copied type="other" objects="0" bytes="0" bytesdiscarded="0" />
  <memory-cardclean objects="9" bytes="208" />
  <regions eden="22" other="1" />
  <remembered-set-cleared processed="57778" cleared="7" durationms="0.445" />
  <stringconstants candidates="13721" cleared="0"  />
</gc-op>
<gc-op id="2525" type="classunload" timems="0.005" contextid="2521" timestamp="2019-06-16T02:56:29.243">
  <classunload-info classloadercandidates="54" classloadersunloaded="0" classesunloaded="0" anonymousclassesunloaded="0" quiescems="0.000" setupms="0.005" scanms="0.000" postms="0.000" />
</gc-op>
<gc-end id="2526" type="partial gc" contextid="2521" durationms="2.271" usertimems="4.000" systemtimems="0.000" timestamp="2019-06-16T02:56:29.243" activeThreads="1">
  <mem-info id="2527" free="39845888" total="66060288" percent="60">
    <mem type="eden" free="1048464" total="1048576" percent="99" />
    <remembered-set count="60672" freebytes="2394240" totalbytes="2636928" percent="90" regionsoverflowed="0" regionsstable="0" regionsrebuilding="16"/>
  </mem-info>
</gc-end>
<cycle-end id="2528" type="partial gc" contextid="2521" timestamp="2019-06-16T02:56:29.243" />
  <attribute name="elasticGC enabled" value="1" />
  <attribute name= "numThreadsSpecified" value="1" />
  <attribute name="heapSize specified" value="0" />
  <attribute name="Current GC Util" value="68" />
  <attribute name= "Current Time Running" value="61606" />
  <attribute name ="GC Interval" value="0" />
  <attribute name="ProportionalT" value="72.000000" />
  <attribute name="ProportionalI" value="72.000000" />
  <attribute name="ProportionalH" value="72.000000" />
  <attribute name="Current Error" value="48.000000" />
  <attribute name="IntegralT" value="0.000000" />
  <attribute name="IntegralI" value="0.000000" />
  <attribute name="IntegralH" value="0.000000" />
  <attribute name="DerivativeT" value="inf" />
  <attribute name="DerivativeI" value="inf" />
  <attribute name="DerivativeH" value="inf" />
  <attribute name="Loop Time for DT" value="0.000000" />
  <attribute name="Output H" value="8388608"/>
  <attribute name="Output I" value="200"/>
  <attribute name="Output T" value="1"/>
  <attribute name="Target GC Util Change" value ="20.000000" />
  <attribute name="Current GC Util Change" value="68.000000"/>
  <attribute name="GC Util currently" value="68" />
  <attribute name="CPU Util currently" value="20908038177823" />
<exclusive-end id="2529" timestamp="2019-06-16T02:56:29.243" durationms="2.938" />

<exclusive-start id="2530" timestamp="2019-06-16T02:56:29.251" intervalms="10.650">
  <response-info timems="0.082" idlems="0.082" threads="0" lastid="0000000001916700" lastname="main" />
</exclusive-start>
<allocation-taxation id="2531" taxation-threshold="11534336" timestamp="2019-06-16T02:56:29.251" intervalms="10.661" />
<gc-start id="2532" type="global mark phase" contextid="2429" timestamp="2019-06-16T02:56:29.251">
  <mem-info id="2533" free="28311552" total="66060288" percent="42">
    <remembered-set count="60192" freebytes="2396160" totalbytes="2636928" percent="90" regionsoverflowed="0" regionsstable="0" regionsrebuilding="16"/>
  </mem-info>
</gc-start>
<gc-end id="2534" type="global mark phase" contextid="2429" durationms="0.089" usertimems="0.000" systemtimems="0.000" timestamp="2019-06-16T02:56:29.251" activeThreads="1">
  <mem-info id="2535" free="28311552" total="66060288" percent="42">
    <remembered-set count="60192" freebytes="2396160" totalbytes="2636928" percent="90" regionsoverflowed="0" regionsstable="0" regionsrebuilding="16"/>
  </mem-info>
</gc-end>
<concurrent-start id="2536" type="GMP work packet processing" contextid="2429" timestamp="2019-06-16T02:56:29.251">
  <concurrent-mark-start scanTarget="1048576" />
</concurrent-start>
<concurrent-end id="2537" type="GMP work packet processing" contextid="2429" timestamp="2019-06-16T02:56:29.252">
  <concurrent-mark-end bytesScanned="1099464" reasonForTermination="Work target met" />
</concurrent-end>

<exclusive-end id="2538" timestamp="2019-06-16T02:56:29.252" durationms="1.189" />

<exclusive-start id="2539" timestamp="2019-06-16T02:56:29.260" intervalms="8.884">
  <response-info timems="0.066" idlems="0.066" threads="0" lastid="0000000001916700" lastname="main" />
</exclusive-start>
<allocation-taxation id="2540" taxation-threshold="11534336" timestamp="2019-06-16T02:56:29.260" intervalms="8.841" />
<cycle-start id="2541" type="partial gc" contextid="0" timestamp="2019-06-16T02:56:29.260" intervalms="19.535" />
<gc-start id="2542" type="partial gc" contextid="2541" timestamp="2019-06-16T02:56:29.260">
  <mem-info id="2543" free="16777216" total="66060288" percent="25">
    <mem type="eden" free="1048464" total="24117248" percent="4" />
    <remembered-set count="73984" freebytes="2340992" totalbytes="2636928" percent="88" regionsoverflowed="0" regionsstable="0" regionsrebuilding="16"/>
  </mem-info>
</gc-start>
<allocation-stats totalBytes="23036856" >
  <allocated-bytes non-tlh="0" tlh="23036856" arrayletleaf="0"/>
  <largest-consumer threadName="main" threadId="0000000001916700" bytes="11518416" />
</allocation-stats>
<gc-op id="2544" type="copy forward" timems="1.498" contextid="2541" timestamp="2019-06-16T02:56:29.262">
  <memory-copied type="eden" objects="4" bytes="112" bytesdiscarded="0" />
  <memory-copied type="other" objects="0" bytes="0" bytesdiscarded="0" />
  <memory-cardclean objects="9" bytes="208" />
  <regions eden="22" other="1" />
  <remembered-set-cleared processed="71722" cleared="7" durationms="0.282" />
  <stringconstants candidates="13721" cleared="0"  />
</gc-op>
<gc-op id="2545" type="classunload" timems="0.004" contextid="2541" timestamp="2019-06-16T02:56:29.262">
  <classunload-info classloadercandidates="54" classloadersunloaded="0" classesunloaded="0" anonymousclassesunloaded="0" quiescems="0.000" setupms="0.004" scanms="0.000" postms="0.000" />
</gc-op>
<gc-end id="2546" type="partial gc" contextid="2541" durationms="2.263" usertimems="0.000" systemtimems="4.000" timestamp="2019-06-16T02:56:29.263" activeThreads="4">
  <mem-info id="2547" free="39845888" total="66060288" percent="60">
    <mem type="eden" free="1048464" total="1048576" percent="99" />
    <remembered-set count="73696" freebytes="2342144" totalbytes="2636928" percent="88" regionsoverflowed="0" regionsstable="0" regionsrebuilding="16"/>
  </mem-info>
</gc-end>
<cycle-end id="2548" type="partial gc" contextid="2541" timestamp="2019-06-16T02:56:29.263" />
  <attribute name="elasticGC enabled" value="1" />
  <attribute name= "numThreadsSpecified" value="4" />
  <attribute name="heapSize specified" value="0" />
  <attribute name="Current GC Util" value="0" />
  <attribute name= "Current Time Running" value="61626" />
  <attribute name ="GC Interval" value="0" />
  <attribute name="ProportionalT" value="-30.000000" />
  <attribute name="ProportionalI" value="-30.000000" />
  <attribute name="ProportionalH" value="-30.000000" />
  <attribute name="Current Error" value="-20.000000" />
  <attribute name="IntegralT" value="0.000000" />
  <attribute name="IntegralI" value="0.000000" />
  <attribute name="IntegralH" value="0.000000" />
  <attribute name="DerivativeT" value="-inf" />
  <attribute name="DerivativeI" value="-inf" />
  <attribute name="DerivativeH" value="-inf" />
  <attribute name="Loop Time for DT" value="0.000000" />
  <attribute name="Output H" value="2091843584"/>
  <attribute name="Output I" value="200"/>
  <attribute name="Output T" value="4"/>
  <attribute name="Target GC Util Change" value ="20.000000" />
  <attribute name="Current GC Util Change" value="0.000000"/>
  <attribute name="GC Util currently" value="0" />
  <attribute name="CPU Util currently" value="35205859753089" />
<exclusive-end id="2549" timestamp="2019-06-16T02:56:29.263" durationms="2.859" />

<exclusive-start id="2550" timestamp="2019-06-16T02:56:29.271" intervalms="10.551">
  <response-info timems="0.077" idlems="0.077" threads="0" lastid="0000000001916700" lastname="main" />
</exclusive-start>
<allocation-taxation id="2551" taxation-threshold="11534336" timestamp="2019-06-16T02:56:29.271" intervalms="10.554" />
<gc-start id="2552" type="global mark phase" contextid="2429" timestamp="2019-06-16T02:56:29.271">
  <mem-info id="2553" free="28311552" total="66060288" percent="42">
    <remembered-set count="73696" freebytes="2342144" totalbytes="2636928" percent="88" regionsoverflowed="0" regionsstable="0" regionsrebuilding="16"/>
  </mem-info>
</gc-start>
<gc-end id="2554" type="global mark phase" contextid="2429" durationms="0.054" usertimems="0.000" systemtimems="0.000" timestamp="2019-06-16T02:56:29.271" activeThreads="4">
  <mem-info id="2555" free="28311552" total="66060288" percent="42">
    <remembered-set count="73696" freebytes="2342144" totalbytes="2636928" percent="88" regionsoverflowed="0" regionsstable="0" regionsrebuilding="16"/>
  </mem-info>
</gc-end>
<concurrent-start id="2556" type="GMP work packet processing" contextid="2429" timestamp="2019-06-16T02:56:29.271">
  <concurrent-mark-start scanTarget="1917015" />
</concurrent-start>
<concurrent-end id="2557" type="GMP work packet processing" contextid="2429" timestamp="2019-06-16T02:56:29.272">
  <concurrent-mark-end bytesScanned="1946832" reasonForTermination="Work target met" />
</concurrent-end>

<exclusive-end id="2558" timestamp="2019-06-16T02:56:29.272" durationms="1.422" />

<exclusive-start id="2559" timestamp="2019-06-16T02:56:29.287" intervalms="16.022">
  <response-info timems="0.093" idlems="0.093" threads="0" lastid="0000000001916700" lastname="main" />
</exclusive-start>
<allocation-taxation id="2560" taxation-threshold="11534336" timestamp="2019-06-16T02:56:29.287" intervalms="16.077" />
<cycle-start id="2561" type="partial gc" contextid="0" timestamp="2019-06-16T02:56:29.287" intervalms="26.641" />
<gc-start id="2562" type="partial gc" contextid="2561" timestamp="2019-06-16T02:56:29.287">
  <mem-info id="2563" free="16777216" total="66060288" percent="25">
    <mem type="eden" free="1048464" total="24117248" percent="4" />
    <remembered-set count="91648" freebytes="2270336" totalbytes="2636928" percent="86" regionsoverflowed="0" regionsstable="0" regionsrebuilding="16"/>
  </mem-info>
</gc-start>
<allocation-stats totalBytes="23049224" >
  <allocated-bytes non-tlh="3064" tlh="23046160" arrayletleaf="0"/>
  <largest-consumer threadName="main" threadId="0000000001916700" bytes="11530784" />
</allocation-stats>
<gc-op id="2564" type="copy forward" timems="1.947" contextid="2561" timestamp="2019-06-16T02:56:29.290">
  <memory-copied type="eden" objects="932" bytes="41088" bytesdiscarded="2040" />
  <memory-copied type="other" objects="0" bytes="0" bytesdiscarded="0" />
  <memory-cardclean objects="298" bytes="15200" />
  <regions eden="22" other="1" />
  <remembered-set-cleared processed="89653" cleared="195" durationms="0.347" />
  <references type="soft" candidates="4" cleared="0" enqueued="0" dynamicThreshold="13" maxThreshold="32" />
  <references type="weak" candidates="17" cleared="0" enqueued="0" />
  <stringconstants candidates="13747" cleared="0"  />
</gc-op>
<gc-op id="2565" type="classunload" timems="0.005" contextid="2561" timestamp="2019-06-16T02:56:29.290">
  <classunload-info classloadercandidates="54" classloadersunloaded="0" classesunloaded="0" anonymousclassesunloaded="0" quiescems="0.000" setupms="0.005" scanms="0.000" postms="0.000" />
</gc-op>
<gc-end id="2566" type="partial gc" contextid="2561" durationms="2.895" usertimems="4.000" systemtimems="0.000" timestamp="2019-06-16T02:56:29.290" activeThreads="4">
  <mem-info id="2567" free="39845888" total="66060288" percent="60">
    <mem type="eden" free="1005432" total="1048576" percent="95" />
    <remembered-set count="92896" freebytes="2265344" totalbytes="2636928" percent="85" regionsoverflowed="0" regionsstable="0" regionsrebuilding="16"/>
  </mem-info>
</gc-end>
<cycle-end id="2568" type="partial gc" contextid="2561" timestamp="2019-06-16T02:56:29.290" />
  <attribute name="elasticGC enabled" value="1" />
  <attribute name= "numThreadsSpecified" value="4" />
  <attribute name="heapSize specified" value="0" />
  <attribute name="Current GC Util" value="60" />
  <attribute name= "Current Time Running" value="61653" />
  <attribute name ="GC Interval" value="0" />
  <attribute name="ProportionalT" value="60.000000" />
  <attribute name="ProportionalI" value="60.000000" />
  <attribute name="ProportionalH" value="60.000000" />
  <attribute name="Current Error" value="40.000000" />
  <attribute name="IntegralT" value="40.000000" />
  <attribute name="IntegralI" value="40.000000" />
  <attribute name="IntegralH" value="40.000000" />
  <attribute name="DerivativeT" value="40.000000" />
  <attribute name="DerivativeI" value="40.000000" />
  <attribute name="DerivativeH" value="40.000000" />
  <attribute name="Loop Time for DT" value="1.000000" />
  <attribute name="Output H" value="8388608"/>
  <attribute name="Output I" value="200"/>
  <attribute name="Output T" value="4"/>
  <attribute name="Target GC Util Change" value ="20.000000" />
  <attribute name="Current GC Util Change" value="60.000000"/>
  <attribute name="GC Util currently" value="60" />
  <attribute name="CPU Util currently" value="20423221617695" />
<exclusive-end id="2569" timestamp="2019-06-16T02:56:29.290" durationms="3.668" />

<exclusive-start id="2570" timestamp="2019-06-16T02:56:29.300" intervalms="13.573">
  <response-info timems="0.087" idlems="0.087" threads="0" lastid="0000000001916700" lastname="main" />
</exclusive-start>
<allocation-taxation id="2571" taxation-threshold="11534336" timestamp="2019-06-16T02:56:29.300" intervalms="13.596" />
<gc-start id="2572" type="global mark phase" contextid="2429" timestamp="2019-06-16T02:56:29.300">
  <mem-info id="2573" free="28311552" total="66060288" percent="42">
    <remembered-set count="92608" freebytes="2266496" totalbytes="2636928" percent="85" regionsoverflowed="0" regionsstable="0" regionsrebuilding="16"/>
  </mem-info>
</gc-start>
<gc-end id="2574" type="global mark phase" contextid="2429" durationms="0.091" usertimems="0.000" systemtimems="0.000" timestamp="2019-06-16T02:56:29.301" activeThreads="4">
  <mem-info id="2575" free="28311552" total="66060288" percent="42">
    <remembered-set count="92608" freebytes="2266496" totalbytes="2636928" percent="85" regionsoverflowed="0" regionsstable="0" regionsrebuilding="16"/>
  </mem-info>
</gc-end>
<concurrent-start id="2576" type="GMP work packet processing" contextid="2429" timestamp="2019-06-16T02:56:29.301">
  <concurrent-mark-start scanTarget="1917015" />
</concurrent-start>
<concurrent-end id="2577" type="GMP work packet processing" contextid="2429" timestamp="2019-06-16T02:56:29.302">
  <concurrent-mark-end bytesScanned="1960652" reasonForTermination="Work target met" />
</concurrent-end>

<exclusive-end id="2578" timestamp="2019-06-16T02:56:29.302" durationms="1.731" />

<exclusive-start id="2579" timestamp="2019-06-16T02:56:29.314" intervalms="13.970">
  <response-info timems="0.098" idlems="0.098" threads="0" lastid="0000000001916700" lastname="main" />
</exclusive-start>
<allocation-taxation id="2580" taxation-threshold="11534336" timestamp="2019-06-16T02:56:29.314" intervalms="13.982" />
<cycle-start id="2581" type="partial gc" contextid="0" timestamp="2019-06-16T02:56:29.314" intervalms="27.579" />
<gc-start id="2582" type="partial gc" contextid="2581" timestamp="2019-06-16T02:56:29.315">
  <mem-info id="2583" free="16777216" total="66060288" percent="25">
    <mem type="eden" free="0" total="23068672" percent="0" />
    <remembered-set count="112640" freebytes="2186368" totalbytes="2636928" percent="82" regionsoverflowed="0" regionsstable="0" regionsrebuilding="16"/>
  </mem-info>
</gc-start>
<allocation-stats totalBytes="23067200" >
  <allocated-bytes non-tlh="0" tlh="23067200" arrayletleaf="0"/>
  <largest-consumer threadName="main" threadId="0000000001916700" bytes="11533336" />
</allocation-stats>
<gc-op id="2584" type="copy forward" timems="1.822" contextid="2581" timestamp="2019-06-16T02:56:29.317">
  <memory-copied type="eden" objects="25" bytes="792" bytesdiscarded="2944" />
  <memory-copied type="other" objects="917" bytes="40584" bytesdiscarded="3392" />
  <memory-cardclean objects="205" bytes="19264" />
  <regions eden="22" other="1" />
  <remembered-set-cleared processed="109991" cleared="213" durationms="0.421" />
  <references type="soft" candidates="4" cleared="0" enqueued="0" dynamicThreshold="13" maxThreshold="32" />
  <references type="weak" candidates="19" cleared="0" enqueued="0" />
  <stringconstants candidates="13747" cleared="0"  />
</gc-op>
<gc-op id="2585" type="classunload" timems="0.005" contextid="2581" timestamp="2019-06-16T02:56:29.317">
  <classunload-info classloadercandidates="54" classloadersunloaded="0" classesunloaded="0" anonymousclassesunloaded="0" quiescems="0.000" setupms="0.004" scanms="0.000" postms="0.000" />
</gc-op>
<heap-resize id="2586" type="expand" space="default" amount="2097152" count="1" timems="0.062" reason="excessive time being spent in gc" timestamp="2019-06-16T02:56:29.318" />
<gc-end id="2587" type="partial gc" contextid="2581" durationms="2.990" usertimems="4.000" systemtimems="0.000" timestamp="2019-06-16T02:56:29.318" activeThreads="4">
  <mem-info id="2588" free="40894464" total="68157440" percent="60">
    <mem type="eden" free="1044840" total="1048576" percent="99" />
    <remembered-set count="113184" freebytes="2267904" totalbytes="2720640" percent="83" regionsoverflowed="0" regionsstable="0" regionsrebuilding="16"/>
  </mem-info>
</gc-end>
<cycle-end id="2589" type="partial gc" contextid="2581" timestamp="2019-06-16T02:56:29.318" />
  <attribute name="elasticGC enabled" value="1" />
  <attribute name= "numThreadsSpecified" value="4" />
  <attribute name="heapSize specified" value="0" />
  <attribute name="Current GC Util" value="0" />
  <attribute name= "Current Time Running" value="61680" />
  <attribute name ="GC Interval" value="0" />
  <attribute name="ProportionalT" value="-30.000000" />
  <attribute name="ProportionalI" value="-30.000000" />
  <attribute name="ProportionalH" value="-30.000000" />
  <attribute name="Current Error" value="-20.000000" />
  <attribute name="IntegralT" value="0.000000" />
  <attribute name="IntegralI" value="0.000000" />
  <attribute name="IntegralH" value="0.000000" />
  <attribute name="DerivativeT" value="-inf" />
  <attribute name="DerivativeI" value="-inf" />
  <attribute name="DerivativeH" value="-inf" />
  <attribute name="Loop Time for DT" value="0.000000" />
  <attribute name="Output H" value="2091843584"/>
  <attribute name="Output I" value="200"/>
  <attribute name="Output T" value="4"/>
  <attribute name="Target GC Util Change" value ="20.000000" />
  <attribute name="Current GC Util Change" value="0.000000"/>
  <attribute name="GC Util currently" value="0" />
  <attribute name="CPU Util currently" value="29052552542660" />
<exclusive-end id="2590" timestamp="2019-06-16T02:56:29.318" durationms="3.958" />

<exclusive-start id="2591" timestamp="2019-06-16T02:56:29.331" intervalms="16.406">
  <response-info timems="0.080" idlems="0.080" threads="0" lastid="0000000001916700" lastname="main" />
</exclusive-start>
<allocation-taxation id="2592" taxation-threshold="11534336" timestamp="2019-06-16T02:56:29.331" intervalms="16.414" />
<gc-start id="2593" type="global mark phase" contextid="2429" timestamp="2019-06-16T02:56:29.331">
  <mem-info id="2594" free="29360128" total="68157440" percent="43">
    <remembered-set count="112864" freebytes="2269184" totalbytes="2720640" percent="83" regionsoverflowed="0" regionsstable="0" regionsrebuilding="16"/>
  </mem-info>
</gc-start>
<gc-end id="2595" type="global mark phase" contextid="2429" durationms="0.139" usertimems="0.000" systemtimems="0.000" timestamp="2019-06-16T02:56:29.331" activeThreads="4">
  <mem-info id="2596" free="29360128" total="68157440" percent="43">
    <remembered-set count="112864" freebytes="2269184" totalbytes="2720640" percent="83" regionsoverflowed="0" regionsstable="0" regionsrebuilding="16"/>
  </mem-info>
</gc-end>
<concurrent-start id="2597" type="GMP work packet processing" contextid="2429" timestamp="2019-06-16T02:56:29.331">
  <concurrent-mark-start scanTarget="1917015" />
</concurrent-start>
<exclusive-end id="2598" timestamp="2019-06-16T02:56:29.332" durationms="1.667" />

<concurrent-end id="2599" type="GMP work packet processing" contextid="2429" timestamp="2019-06-16T02:56:29.332">
  <concurrent-mark-end bytesScanned="1956836" reasonForTermination="Work target met" />
</concurrent-end>

<exclusive-start id="2600" timestamp="2019-06-16T02:56:29.345" intervalms="14.177">
  <response-info timems="0.258" idlems="0.258" threads="0" lastid="0000000001916700" lastname="main" />
</exclusive-start>
<allocation-taxation id="2601" taxation-threshold="11534336" timestamp="2019-06-16T02:56:29.345" intervalms="14.097" />
<cycle-start id="2602" type="partial gc" contextid="0" timestamp="2019-06-16T02:56:29.345" intervalms="30.510" />
<gc-start id="2603" type="partial gc" contextid="2602" timestamp="2019-06-16T02:56:29.345">
  <mem-info id="2604" free="17825792" total="68157440" percent="26">
    <mem type="eden" free="0" total="23068672" percent="0" />
    <remembered-set count="127168" freebytes="2211968" totalbytes="2720640" percent="81" regionsoverflowed="0" regionsstable="0" regionsrebuilding="16"/>
  </mem-info>
</gc-start>
<allocation-stats totalBytes="23065208" >
  <allocated-bytes non-tlh="0" tlh="23065208" arrayletleaf="0"/>
  <largest-consumer threadName="main" threadId="0000000001916700" bytes="11532584" />
</allocation-stats>
<gc-op id="2605" type="copy forward" timems="1.890" contextid="2602" timestamp="2019-06-16T02:56:29.348">
  <memory-copied type="eden" objects="1" bytes="24" bytesdiscarded="0" />
  <memory-copied type="other" objects="24" bytes="768" bytesdiscarded="0" />
  <memory-cardclean objects="47" bytes="9664" />
  <regions eden="22" other="1" />
  <remembered-set-cleared processed="125100" cleared="43" durationms="0.882" />
  <references type="weak" candidates="2" cleared="0" enqueued="0" />
  <stringconstants candidates="13747" cleared="0"  />
</gc-op>
<gc-op id="2606" type="classunload" timems="0.004" contextid="2602" timestamp="2019-06-16T02:56:29.348">
  <classunload-info classloadercandidates="54" classloadersunloaded="0" classesunloaded="0" anonymousclassesunloaded="0" quiescems="0.000" setupms="0.004" scanms="0.000" postms="0.000" />
</gc-op>
<heap-resize id="2607" type="expand" space="default" amount="3145728" count="1" timems="0.063" reason="excessive time being spent in gc" timestamp="2019-06-16T02:56:29.348" />
<gc-end id="2608" type="partial gc" contextid="2602" durationms="3.151" usertimems="0.000" systemtimems="4.000" timestamp="2019-06-16T02:56:29.348" activeThreads="1">
  <mem-info id="2609" free="42991616" total="71303168" percent="60">
    <mem type="eden" free="1048552" total="1048576" percent="99" />
    <remembered-set count="127392" freebytes="2336640" totalbytes="2846208" percent="82" regionsoverflowed="0" regionsstable="0" regionsrebuilding="16"/>
  </mem-info>
</gc-end>
<cycle-end id="2610" type="partial gc" contextid="2602" timestamp="2019-06-16T02:56:29.349" />
  <attribute name="elasticGC enabled" value="1" />
  <attribute name= "numThreadsSpecified" value="1" />
  <attribute name="heapSize specified" value="0" />
  <attribute name="Current GC Util" value="57" />
  <attribute name= "Current Time Running" value="61711" />
  <attribute name ="GC Interval" value="0" />
  <attribute name="ProportionalT" value="55.500000" />
  <attribute name="ProportionalI" value="55.500000" />
  <attribute name="ProportionalH" value="55.500000" />
  <attribute name="Current Error" value="37.000000" />
  <attribute name="IntegralT" value="0.000000" />
  <attribute name="IntegralI" value="0.000000" />
  <attribute name="IntegralH" value="0.000000" />
  <attribute name="DerivativeT" value="inf" />
  <attribute name="DerivativeI" value="inf" />
  <attribute name="DerivativeH" value="inf" />
  <attribute name="Loop Time for DT" value="0.000000" />
  <attribute name="Output H" value="8388608"/>
  <attribute name="Output I" value="200"/>
  <attribute name="Output T" value="1"/>
  <attribute name="Target GC Util Change" value ="20.000000" />
  <attribute name="Current GC Util Change" value="57.000000"/>
  <attribute name="GC Util currently" value="57" />
  <attribute name="CPU Util currently" value="19430551609950" />
<exclusive-end id="2611" timestamp="2019-06-16T02:56:29.349" durationms="3.977" />

<exclusive-start id="2612" timestamp="2019-06-16T02:56:29.506" intervalms="161.244">
  <response-info timems="0.072" idlems="0.072" threads="0" lastid="0000000001916700" lastname="main" />
</exclusive-start>
<allocation-taxation id="2613" taxation-threshold="11534336" timestamp="2019-06-16T02:56:29.506" intervalms="161.385" />
<gc-start id="2614" type="global mark phase" contextid="2429" timestamp="2019-06-16T02:56:29.506">
  <mem-info id="2615" free="31457280" total="71303168" percent="44">
    <remembered-set count="127040" freebytes="2338048" totalbytes="2846208" percent="82" regionsoverflowed="0" regionsstable="0" regionsrebuilding="16"/>
  </mem-info>
</gc-start>
<gc-end id="2616" type="global mark phase" contextid="2429" durationms="0.165" usertimems="0.000" systemtimems="0.000" timestamp="2019-06-16T02:56:29.507" activeThreads="1">
  <mem-info id="2617" free="31457280" total="71303168" percent="44">
    <remembered-set count="127040" freebytes="2338048" totalbytes="2846208" percent="82" regionsoverflowed="0" regionsstable="0" regionsrebuilding="16"/>
  </mem-info>
</gc-end>
<concurrent-start id="2618" type="GMP work packet processing" contextid="2429" timestamp="2019-06-16T02:56:29.507">
  <concurrent-mark-start scanTarget="1048576" />
</concurrent-start>
<concurrent-end id="2619" type="GMP work packet processing" contextid="2429" timestamp="2019-06-16T02:56:29.507">
  <concurrent-mark-end bytesScanned="271976" reasonForTermination="Completed all work in GC phase" />
</concurrent-end>

<exclusive-end id="2620" timestamp="2019-06-16T02:56:29.507" durationms="1.464" />

<exclusive-start id="2621" timestamp="2019-06-16T02:56:29.512" intervalms="5.712">
  <response-info timems="0.070" idlems="0.070" threads="0" lastid="0000000001916700" lastname="main" />
</exclusive-start>
<allocation-taxation id="2622" taxation-threshold="11534336" timestamp="2019-06-16T02:56:29.512" intervalms="5.649" />
<cycle-start id="2623" type="partial gc" contextid="0" timestamp="2019-06-16T02:56:29.512" intervalms="167.088" />
<gc-start id="2624" type="partial gc" contextid="2623" timestamp="2019-06-16T02:56:29.512">
  <mem-info id="2625" free="19922944" total="71303168" percent="27">
    <mem type="eden" free="1048552" total="24117248" percent="4" />
    <remembered-set count="128512" freebytes="2332160" totalbytes="2846208" percent="81" regionsoverflowed="0" regionsstable="0" regionsrebuilding="16"/>
  </mem-info>
</gc-start>
<allocation-stats totalBytes="22992720" >
  <allocated-bytes non-tlh="0" tlh="22992720" arrayletleaf="0"/>
  <largest-consumer threadName="main" threadId="0000000001916700" bytes="11492096" />
</allocation-stats>
<gc-op id="2626" type="copy forward" timems="1.890" contextid="2623" timestamp="2019-06-16T02:56:29.515">
  <memory-copied type="eden" objects="71" bytes="2928" bytesdiscarded="0" />
  <memory-copied type="other" objects="0" bytes="0" bytesdiscarded="0" />
  <memory-cardclean objects="97" bytes="11072" />
  <regions eden="22" other="1" />
  <remembered-set-cleared processed="126143" cleared="48" durationms="0.876" />
  <references type="weak" candidates="2" cleared="0" enqueued="0" />
  <stringconstants candidates="13747" cleared="0"  />
</gc-op>
<gc-op id="2627" type="classunload" timems="0.004" contextid="2623" timestamp="2019-06-16T02:56:29.515">
  <classunload-info classloadercandidates="54" classloadersunloaded="0" classesunloaded="0" anonymousclassesunloaded="0" quiescems="0.000" setupms="0.004" scanms="0.000" postms="0.000" />
</gc-op>
<gc-end id="2628" type="partial gc" contextid="2623" durationms="2.992" usertimems="4.000" systemtimems="0.000" timestamp="2019-06-16T02:56:29.515" activeThreads="1">
  <mem-info id="2629" free="42991616" total="71303168" percent="60">
    <mem type="eden" free="1045648" total="1048576" percent="99" />
    <remembered-set count="128864" freebytes="2330752" totalbytes="2846208" percent="81" regionsoverflowed="0" regionsstable="0" regionsrebuilding="16"/>
  </mem-info>
</gc-end>
<cycle-end id="2630" type="partial gc" contextid="2623" timestamp="2019-06-16T02:56:29.515" />
  <attribute name="elasticGC enabled" value="1" />
  <attribute name= "numThreadsSpecified" value="1" />
  <attribute name="heapSize specified" value="0" />
  <attribute name="Current GC Util" value="76" />
  <attribute name= "Current Time Running" value="61878" />
  <attribute name ="GC Interval" value="0" />
  <attribute name="ProportionalT" value="84.000000" />
  <attribute name="ProportionalI" value="84.000000" />
  <attribute name="ProportionalH" value="84.000000" />
  <attribute name="Current Error" value="56.000000" />
  <attribute name="IntegralT" value="0.000000" />
  <attribute name="IntegralI" value="0.000000" />
  <attribute name="IntegralH" value="0.000000" />
  <attribute name="DerivativeT" value="inf" />
  <attribute name="DerivativeI" value="inf" />
  <attribute name="DerivativeH" value="inf" />
  <attribute name="Loop Time for DT" value="0.000000" />
  <attribute name="Output H" value="8388608"/>
  <attribute name="Output I" value="200"/>
  <attribute name="Output T" value="1"/>
  <attribute name="Target GC Util Change" value ="20.000000" />
  <attribute name="Current GC Util Change" value="76.000000"/>
  <attribute name="GC Util currently" value="76" />
  <attribute name="CPU Util currently" value="17916557160958" />
<exclusive-end id="2631" timestamp="2019-06-16T02:56:29.516" durationms="4.037" />

<exclusive-start id="2632" timestamp="2019-06-16T02:56:29.520" intervalms="8.349">
  <response-info timems="0.083" idlems="0.083" threads="0" lastid="0000000001916700" lastname="main" />
</exclusive-start>
<allocation-taxation id="2633" taxation-threshold="11534336" timestamp="2019-06-16T02:56:29.520" intervalms="8.365" />
<gc-start id="2634" type="global mark phase" contextid="2429" timestamp="2019-06-16T02:56:29.520">
  <mem-info id="2635" free="31457280" total="71303168" percent="44">
    <remembered-set count="128512" freebytes="2332160" totalbytes="2846208" percent="81" regionsoverflowed="0" regionsstable="0" regionsrebuilding="16"/>
  </mem-info>
</gc-start>
<gc-op id="2636" type="mark increment" timems="1.719" contextid="2429" timestamp="2019-06-16T02:56:29.522">
  <trace-info objectcount="987" scancount="601" scanbytes="17660" />
  <cardclean-info objects="524" bytes="36420" />
  <finalization candidates="79" enqueued="0" />
  <ownableSynchronizers candidates="23" cleared="0" />
  <references type="soft" candidates="4510" cleared="19" enqueued="18" dynamicThreshold="19" maxThreshold="32" />
  <references type="weak" candidates="5700" cleared="4" enqueued="3" />
  <references type="phantom" candidates="100" cleared="0" enqueued="0" />
  <stringconstants candidates="13747" cleared="0"  />
</gc-op>
<gc-op id="2637" type="classunload" timems="0.004" contextid="2429" timestamp="2019-06-16T02:56:29.522">
  <classunload-info classloadercandidates="54" classloadersunloaded="0" classesunloaded="0" anonymousclassesunloaded="0" quiescems="0.000" setupms="0.004" scanms="0.000" postms="0.000" />
</gc-op>
<gc-end id="2638" type="global mark phase" contextid="2429" durationms="2.005" usertimems="4.000" systemtimems="0.000" timestamp="2019-06-16T02:56:29.522" activeThreads="4">
  <mem-info id="2639" free="31457280" total="71303168" percent="44">
    <pending-finalizers system="0" default="0" reference="21" classloader="0" />
    <remembered-set count="130048" freebytes="2326016" totalbytes="2846208" percent="81" regionsoverflowed="0" regionsstable="0" regionsrebuilding="0"/>
  </mem-info>
</gc-end>
<cycle-end id="2640" type="global mark phase" contextid="2429" timestamp="2019-06-16T02:56:29.522" />
  <attribute name="elasticGC enabled" value="1" />
  <attribute name= "numThreadsSpecified" value="4" />
  <attribute name="heapSize specified" value="0" />
  <attribute name="Current GC Util" value="35" />
  <attribute name= "Current Time Running" value="61886" />
  <attribute name ="GC Interval" value="0" />
  <attribute name="ProportionalT" value="22.500000" />
  <attribute name="ProportionalI" value="22.500000" />
  <attribute name="ProportionalH" value="22.500000" />
  <attribute name="Current Error" value="15.000000" />
  <attribute name="IntegralT" value="0.000000" />
  <attribute name="IntegralI" value="0.000000" />
  <attribute name="IntegralH" value="0.000000" />
  <attribute name="DerivativeT" value="-inf" />
  <attribute name="DerivativeI" value="-inf" />
  <attribute name="DerivativeH" value="-inf" />
  <attribute name="Loop Time for DT" value="0.000000" />
  <attribute name="Output H" value="2091843584"/>
  <attribute name="Output I" value="200"/>
  <attribute name="Output T" value="4"/>
  <attribute name="Target GC Util Change" value ="20.000000" />
  <attribute name="Current GC Util Change" value="35.000000"/>
  <attribute name="GC Util currently" value="35" />
  <attribute name="CPU Util currently" value="22829563525735" />
<exclusive-end id="2641" timestamp="2019-06-16T02:56:29.523" durationms="2.587" />

<exclusive-start id="2642" timestamp="2019-06-16T02:56:29.527" intervalms="6.857">
  <response-info timems="0.065" idlems="0.065" threads="0" lastid="0000000001916700" lastname="main" />
</exclusive-start>
<allocation-taxation id="2643" taxation-threshold="11534336" timestamp="2019-06-16T02:56:29.527" intervalms="6.844" />
<cycle-start id="2644" type="partial gc" contextid="0" timestamp="2019-06-16T02:56:29.527" intervalms="15.219" />
<gc-start id="2645" type="partial gc" contextid="2644" timestamp="2019-06-16T02:56:29.527">
  <mem-info id="2646" free="19922944" total="71303168" percent="27">
    <mem type="eden" free="0" total="23068672" percent="0" />
    <remembered-set count="2944" freebytes="2834432" totalbytes="2846208" percent="99" regionsoverflowed="0" regionsstable="16" regionsrebuilding="0"/>
  </mem-info>
</gc-start>
<allocation-stats totalBytes="22981728" >
  <allocated-bytes non-tlh="0" tlh="22981728" arrayletleaf="0"/>
  <largest-consumer threadName="main" threadId="0000000001916700" bytes="11492096" />
</allocation-stats>
<gc-op id="2647" type="sweep" timems="0.697" contextid="2644" timestamp="2019-06-16T02:56:29.529" />
<gc-op id="2648" type="copy forward" timems="1.420" contextid="2644" timestamp="2019-06-16T02:56:29.531">
  <memory-copied type="eden" objects="1" bytes="32" bytesdiscarded="0" />
  <memory-copied type="other" objects="69" bytes="2872" bytesdiscarded="1208" />
  <memory-cardclean objects="170" bytes="14312" />
  <regions eden="11" other="2" />
  <remembered-set-cleared processed="1632" cleared="11" durationms="0.101" />
  <references type="weak" candidates="2" cleared="0" enqueued="0" />
  <stringconstants candidates="13747" cleared="0"  />
</gc-op>
<gc-op id="2649" type="classunload" timems="0.003" contextid="2644" timestamp="2019-06-16T02:56:29.531">
  <classunload-info classloadercandidates="54" classloadersunloaded="0" classesunloaded="0" anonymousclassesunloaded="0" quiescems="0.000" setupms="0.003" scanms="0.000" postms="0.000" />
</gc-op>
<heap-resize id="2650" type="expand" space="default" amount="2097152" count="1" timems="0.061" reason="excessive time being spent in gc" timestamp="2019-06-16T02:56:29.531" />
<gc-end id="2651" type="partial gc" contextid="2644" durationms="3.723" usertimems="0.000" systemtimems="4.000" timestamp="2019-06-16T02:56:29.531" activeThreads="4">
  <mem-info id="2652" free="44040192" total="73400320" percent="60">
    <mem type="eden" free="1048544" total="1048576" percent="99" />
    <remembered-set count="3104" freebytes="2917504" totalbytes="2929920" percent="99" regionsoverflowed="0" regionsstable="16" regionsrebuilding="0"/>
  </mem-info>
</gc-end>
<cycle-end id="2653" type="partial gc" contextid="2644" timestamp="2019-06-16T02:56:29.531" />
  <attribute name="elasticGC enabled" value="1" />
  <attribute name= "numThreadsSpecified" value="4" />
  <attribute name="heapSize specified" value="0" />
  <attribute name="Current GC Util" value="61" />
  <attribute name= "Current Time Running" value="61894" />
  <attribute name ="GC Interval" value="0" />
  <attribute name="ProportionalT" value="61.500000" />
  <attribute name="ProportionalI" value="61.500000" />
  <attribute name="ProportionalH" value="61.500000" />
  <attribute name="Current Error" value="41.000000" />
  <attribute name="IntegralT" value="0.000000" />
  <attribute name="IntegralI" value="0.000000" />
  <attribute name="IntegralH" value="0.000000" />
  <attribute name="DerivativeT" value="-inf" />
  <attribute name="DerivativeI" value="-inf" />
  <attribute name="DerivativeH" value="-inf" />
  <attribute name="Loop Time for DT" value="0.000000" />
  <attribute name="Output H" value="2091843584"/>
  <attribute name="Output I" value="200"/>
  <attribute name="Output T" value="4"/>
  <attribute name="Target GC Util Change" value ="20.000000" />
  <attribute name="Current GC Util Change" value="61.000000"/>
  <attribute name="GC Util currently" value="61" />
  <attribute name="CPU Util currently" value="17603198641818" />
<exclusive-end id="2654" timestamp="2019-06-16T02:56:29.532" durationms="4.720" />

<exclusive-start id="2655" timestamp="2019-06-16T02:56:29.541" intervalms="13.794">
  <response-info timems="0.092" idlems="0.092" threads="0" lastid="0000000001916700" lastname="main" />
</exclusive-start>
<allocation-taxation id="2656" taxation-threshold="25165824" timestamp="2019-06-16T02:56:29.541" intervalms="13.799" />
<cycle-start id="2657" type="partial gc" contextid="0" timestamp="2019-06-16T02:56:29.541" intervalms="13.777" />
<gc-start id="2658" type="partial gc" contextid="2657" timestamp="2019-06-16T02:56:29.541">
  <mem-info id="2659" free="18874368" total="73400320" percent="25">
    <mem type="eden" free="1048544" total="26214400" percent="3" />
    <remembered-set count="2688" freebytes="2919168" totalbytes="2929920" percent="99" regionsoverflowed="0" regionsstable="16" regionsrebuilding="0"/>
  </mem-info>
</gc-start>
<allocation-stats totalBytes="25076336" >
  <allocated-bytes non-tlh="0" tlh="25076336" arrayletleaf="0"/>
  <largest-consumer threadName="main" threadId="0000000001916700" bytes="25076336" />
</allocation-stats>
<gc-op id="2660" type="copy forward" timems="1.215" contextid="2657" timestamp="2019-06-16T02:56:29.543">
  <memory-copied type="eden" objects="2" bytes="56" bytesdiscarded="0" />
  <memory-copied type="other" objects="1377" bytes="98680" bytesdiscarded="0" />
  <memory-cardclean objects="171" bytes="18808" />
  <regions eden="24" other="5" />
  <remembered-set-cleared processed="1608" cleared="27" durationms="0.125" />
  <references type="soft" candidates="15" cleared="0" enqueued="0" dynamicThreshold="19" maxThreshold="32" />
  <references type="weak" candidates="68" cleared="0" enqueued="0" />
  <stringconstants candidates="13747" cleared="0"  />
</gc-op>
<gc-op id="2661" type="classunload" timems="0.004" contextid="2657" timestamp="2019-06-16T02:56:29.543">
  <classunload-info classloadercandidates="54" classloadersunloaded="0" classesunloaded="0" anonymousclassesunloaded="0" quiescems="0.000" setupms="0.004" scanms="0.000" postms="0.000" />
</gc-op>
<gc-end id="2662" type="partial gc" contextid="2657" durationms="2.265" usertimems="4.000" systemtimems="0.000" timestamp="2019-06-16T02:56:29.543" activeThreads="1">
  <mem-info id="2663" free="46137344" total="73400320" percent="62">
    <mem type="eden" free="1048520" total="1048576" percent="99" />
    <remembered-set count="2752" freebytes="2918912" totalbytes="2929920" percent="99" regionsoverflowed="0" regionsstable="16" regionsrebuilding="0"/>
  </mem-info>
</gc-end>
<cycle-end id="2664" type="partial gc" contextid="2657" timestamp="2019-06-16T02:56:29.544" />
  <attribute name="elasticGC enabled" value="1" />
  <attribute name= "numThreadsSpecified" value="1" />
  <attribute name="heapSize specified" value="0" />
  <attribute name="Current GC Util" value="80" />
  <attribute name= "Current Time Running" value="61907" />
  <attribute name ="GC Interval" value="0" />
  <attribute name="ProportionalT" value="90.000000" />
  <attribute name="ProportionalI" value="90.000000" />
  <attribute name="ProportionalH" value="90.000000" />
  <attribute name="Current Error" value="60.000000" />
  <attribute name="IntegralT" value="0.000000" />
  <attribute name="IntegralI" value="0.000000" />
  <attribute name="IntegralH" value="0.000000" />
  <attribute name="DerivativeT" value="inf" />
  <attribute name="DerivativeI" value="inf" />
  <attribute name="DerivativeH" value="inf" />
  <attribute name="Loop Time for DT" value="0.000000" />
  <attribute name="Output H" value="8388608"/>
  <attribute name="Output I" value="200"/>
  <attribute name="Output T" value="1"/>
  <attribute name="Target GC Util Change" value ="20.000000" />
  <attribute name="Current GC Util Change" value="80.000000"/>
  <attribute name="GC Util currently" value="80" />
  <attribute name="CPU Util currently" value="18769275143337" />
<exclusive-end id="2665" timestamp="2019-06-16T02:56:29.544" durationms="3.191" />

<exclusive-start id="2666" timestamp="2019-06-16T02:56:29.553" intervalms="12.161">
  <response-info timems="0.101" idlems="0.101" threads="0" lastid="0000000001916700" lastname="main" />
</exclusive-start>
<allocation-taxation id="2667" taxation-threshold="25165824" timestamp="2019-06-16T02:56:29.553" intervalms="12.136" />
<cycle-start id="2668" type="partial gc" contextid="0" timestamp="2019-06-16T02:56:29.553" intervalms="12.135" />
<gc-start id="2669" type="partial gc" contextid="2668" timestamp="2019-06-16T02:56:29.553">
  <mem-info id="2670" free="20971520" total="73400320" percent="28">
    <mem type="eden" free="1048520" total="26214400" percent="3" />
    <remembered-set count="2432" freebytes="2920192" totalbytes="2929920" percent="99" regionsoverflowed="0" regionsstable="16" regionsrebuilding="0"/>
  </mem-info>
</gc-start>
<allocation-stats totalBytes="25080968" >
  <allocated-bytes non-tlh="0" tlh="25080968" arrayletleaf="0"/>
  <largest-consumer threadName="main" threadId="0000000001916700" bytes="25080968" />
</allocation-stats>
<gc-op id="2671" type="copy forward" timems="0.888" contextid="2668" timestamp="2019-06-16T02:56:29.555">
  <memory-copied type="eden" objects="2" bytes="56" bytesdiscarded="0" />
  <memory-copied type="other" objects="6" bytes="136" bytesdiscarded="0" />
  <memory-cardclean objects="51" bytes="1280" />
  <regions eden="24" other="2" />
  <remembered-set-cleared processed="1634" cleared="3" durationms="0.109" />
  <stringconstants candidates="13747" cleared="0"  />
</gc-op>
<gc-op id="2672" type="classunload" timems="0.003" contextid="2668" timestamp="2019-06-16T02:56:29.555">
  <classunload-info classloadercandidates="54" classloadersunloaded="0" classesunloaded="0" anonymousclassesunloaded="0" quiescems="0.000" setupms="0.003" scanms="0.000" postms="0.000" />
</gc-op>
<gc-end id="2673" type="partial gc" contextid="2668" durationms="2.060" usertimems="4.000" systemtimems="0.000" timestamp="2019-06-16T02:56:29.555" activeThreads="1">
  <mem-info id="2674" free="46137344" total="73400320" percent="62">
    <mem type="eden" free="1048520" total="1048576" percent="99" />
    <remembered-set count="2880" freebytes="2918400" totalbytes="2929920" percent="99" regionsoverflowed="0" regionsstable="16" regionsrebuilding="0"/>
  </mem-info>
</gc-end>
<cycle-end id="2675" type="partial gc" contextid="2668" timestamp="2019-06-16T02:56:29.556" />
  <attribute name="elasticGC enabled" value="1" />
  <attribute name= "numThreadsSpecified" value="1" />
  <attribute name="heapSize specified" value="0" />
  <attribute name="Current GC Util" value="99" />
  <attribute name= "Current Time Running" value="61919" />
  <attribute name ="GC Interval" value="0" />
  <attribute name="ProportionalT" value="118.500000" />
  <attribute name="ProportionalI" value="118.500000" />
  <attribute name="ProportionalH" value="118.500000" />
  <attribute name="Current Error" value="79.000000" />
  <attribute name="IntegralT" value="0.000000" />
  <attribute name="IntegralI" value="0.000000" />
  <attribute name="IntegralH" value="0.000000" />
  <attribute name="DerivativeT" value="inf" />
  <attribute name="DerivativeI" value="inf" />
  <attribute name="DerivativeH" value="inf" />
  <attribute name="Loop Time for DT" value="0.000000" />
  <attribute name="Output H" value="8388608"/>
  <attribute name="Output I" value="200"/>
  <attribute name="Output T" value="1"/>
  <attribute name="Target GC Util Change" value ="20.000000" />
  <attribute name="Current GC Util Change" value="99.000000"/>
  <attribute name="GC Util currently" value="99" />
  <attribute name="CPU Util currently" value="18522686935471" />
<exclusive-end id="2676" timestamp="2019-06-16T02:56:29.556" durationms="2.951" />

<exclusive-start id="2677" timestamp="2019-06-16T02:56:29.565" intervalms="11.966">
  <response-info timems="0.088" idlems="0.088" threads="0" lastid="0000000001916700" lastname="main" />
</exclusive-start>
<allocation-taxation id="2678" taxation-threshold="25165824" timestamp="2019-06-16T02:56:29.565" intervalms="11.989" />
<cycle-start id="2679" type="partial gc" contextid="0" timestamp="2019-06-16T02:56:29.565" intervalms="11.993" />
<gc-start id="2680" type="partial gc" contextid="2679" timestamp="2019-06-16T02:56:29.565">
  <mem-info id="2681" free="20971520" total="73400320" percent="28">
    <mem type="eden" free="1048520" total="26214400" percent="3" />
    <remembered-set count="2432" freebytes="2920192" totalbytes="2929920" percent="99" regionsoverflowed="0" regionsstable="16" regionsrebuilding="0"/>
  </mem-info>
</gc-start>
<allocation-stats totalBytes="25080968" >
  <allocated-bytes non-tlh="0" tlh="25080968" arrayletleaf="0"/>
  <largest-consumer threadName="main" threadId="0000000001916700" bytes="25080968" />
</allocation-stats>
<gc-op id="2682" type="copy forward" timems="3.787" contextid="2679" timestamp="2019-06-16T02:56:29.570">
  <memory-copied type="eden" objects="2" bytes="56" bytesdiscarded="0" />
  <memory-copied type="other" objects="13185" bytes="762672" bytesdiscarded="288" />
  <memory-cardclean objects="6769" bytes="276568" />
  <regions eden="24" other="4" />
  <remembered-set-cleared processed="902" cleared="257" durationms="0.122" />
  <references type="soft" candidates="231" cleared="0" enqueued="0" dynamicThreshold="20" maxThreshold="32" />
  <references type="weak" candidates="932" cleared="0" enqueued="0" />
  <stringconstants candidates="13747" cleared="0"  />
</gc-op>
<gc-op id="2683" type="classunload" timems="0.004" contextid="2679" timestamp="2019-06-16T02:56:29.570">
  <classunload-info classloadercandidates="54" classloadersunloaded="0" classesunloaded="0" anonymousclassesunloaded="0" quiescems="0.000" setupms="0.004" scanms="0.000" postms="0.000" />
</gc-op>
<heap-resize id="2684" type="contract" space="default" amount="4194304" count="1" timems="0.053" reason="excess free space following gc" timestamp="2019-06-16T02:56:29.570" />
<gc-end id="2685" type="partial gc" contextid="2679" durationms="5.065" usertimems="4.000" systemtimems="0.000" timestamp="2019-06-16T02:56:29.570" activeThreads="1">
  <mem-info id="2686" free="44040192" total="69206016" percent="63">
    <mem type="eden" free="1048520" total="1048576" percent="99" />
    <remembered-set count="2784" freebytes="2918784" totalbytes="2929920" percent="99" regionsoverflowed="0" regionsstable="16" regionsrebuilding="0"/>
  </mem-info>
</gc-end>
<cycle-end id="2687" type="partial gc" contextid="2679" timestamp="2019-06-16T02:56:29.571" />
  <attribute name="elasticGC enabled" value="1" />
  <attribute name= "numThreadsSpecified" value="1" />
  <attribute name="heapSize specified" value="0" />
  <attribute name="Current GC Util" value="91" />
  <attribute name= "Current Time Running" value="61931" />
  <attribute name ="GC Interval" value="0" />
  <attribute name="ProportionalT" value="106.500000" />
  <attribute name="ProportionalI" value="106.500000" />
  <attribute name="ProportionalH" value="106.500000" />
  <attribute name="Current Error" value="71.000000" />
  <attribute name="IntegralT" value="0.000000" />
  <attribute name="IntegralI" value="0.000000" />
  <attribute name="IntegralH" value="0.000000" />
  <attribute name="DerivativeT" value="inf" />
  <attribute name="DerivativeI" value="inf" />
  <attribute name="DerivativeH" value="inf" />
  <attribute name="Loop Time for DT" value="0.000000" />
  <attribute name="Output H" value="8388608"/>
  <attribute name="Output I" value="200"/>
  <attribute name="Output T" value="1"/>
  <attribute name="Target GC Util Change" value ="20.000000" />
  <attribute name="Current GC Util Change" value="91.000000"/>
  <attribute name="GC Util currently" value="91" />
  <attribute name="CPU Util currently" value="17748927100936" />
<exclusive-end id="2688" timestamp="2019-06-16T02:56:29.571" durationms="5.958" />

<exclusive-start id="2689" timestamp="2019-06-16T02:56:29.579" intervalms="14.575">
  <response-info timems="0.082" idlems="0.082" threads="0" lastid="0000000001916700" lastname="main" />
</exclusive-start>
<allocation-taxation id="2690" taxation-threshold="24117248" timestamp="2019-06-16T02:56:29.580" intervalms="14.586" />
<cycle-start id="2691" type="partial gc" contextid="0" timestamp="2019-06-16T02:56:29.580" intervalms="14.607" />
<gc-start id="2692" type="partial gc" contextid="2691" timestamp="2019-06-16T02:56:29.580">
  <mem-info id="2693" free="19922944" total="69206016" percent="28">
    <mem type="eden" free="1048520" total="25165824" percent="4" />
    <remembered-set count="2336" freebytes="2920576" totalbytes="2929920" percent="99" regionsoverflowed="0" regionsstable="16" regionsrebuilding="0"/>
  </mem-info>
</gc-start>
<allocation-stats totalBytes="24035824" >
  <allocated-bytes non-tlh="0" tlh="24035824" arrayletleaf="0"/>
  <largest-consumer threadName="main" threadId="0000000001916700" bytes="24035824" />
</allocation-stats>
<gc-op id="2694" type="copy forward" timems="1.543" contextid="2691" timestamp="2019-06-16T02:56:29.582">
  <memory-copied type="eden" objects="2" bytes="56" bytesdiscarded="0" />
  <memory-copied type="other" objects="904" bytes="40184" bytesdiscarded="1992" />
  <memory-cardclean objects="1216" bytes="66352" />
  <regions eden="23" other="2" />
  <remembered-set-cleared processed="1471" cleared="32" durationms="0.074" />
  <references type="soft" candidates="4" cleared="0" enqueued="0" dynamicThreshold="20" maxThreshold="32" />
  <references type="weak" candidates="13" cleared="0" enqueued="0" />
  <stringconstants candidates="13747" cleared="0"  />
</gc-op>
<gc-op id="2695" type="classunload" timems="0.003" contextid="2691" timestamp="2019-06-16T02:56:29.582">
  <classunload-info classloadercandidates="54" classloadersunloaded="0" classesunloaded="0" anonymousclassesunloaded="0" quiescems="0.000" setupms="0.003" scanms="0.000" postms="0.000" />
</gc-op>
<heap-resize id="2696" type="contract" space="default" amount="4194304" count="1" timems="0.050" reason="excess free space following gc" timestamp="2019-06-16T02:56:29.583" />
<gc-end id="2697" type="partial gc" contextid="2691" durationms="2.746" usertimems="0.000" systemtimems="4.000" timestamp="2019-06-16T02:56:29.583" activeThreads="4">
  <mem-info id="2698" free="39845888" total="65011712" percent="61">
    <mem type="eden" free="1048520" total="1048576" percent="99" />
    <remembered-set count="3648" freebytes="2747904" totalbytes="2762496" percent="99" regionsoverflowed="0" regionsstable="16" regionsrebuilding="0"/>
  </mem-info>
</gc-end>
<cycle-end id="2699" type="partial gc" contextid="2691" timestamp="2019-06-16T02:56:29.583" />
  <attribute name="elasticGC enabled" value="1" />
  <attribute name= "numThreadsSpecified" value="4" />
  <attribute name="heapSize specified" value="0" />
  <attribute name="Current GC Util" value="50" />
  <attribute name= "Current Time Running" value="61946" />
  <attribute name ="GC Interval" value="0" />
  <attribute name="ProportionalT" value="45.000000" />
  <attribute name="ProportionalI" value="45.000000" />
  <attribute name="ProportionalH" value="45.000000" />
  <attribute name="Current Error" value="30.000000" />
  <attribute name="IntegralT" value="30.000000" />
  <attribute name="IntegralI" value="30.000000" />
  <attribute name="IntegralH" value="30.000000" />
  <attribute name="DerivativeT" value="17.000000" />
  <attribute name="DerivativeI" value="17.000000" />
  <attribute name="DerivativeH" value="17.000000" />
  <attribute name="Loop Time for DT" value="1.000000" />
  <attribute name="Output H" value="8388608"/>
  <attribute name="Output I" value="200"/>
  <attribute name="Output T" value="4"/>
  <attribute name="Target GC Util Change" value ="20.000000" />
  <attribute name="Current GC Util Change" value="50.000000"/>
  <attribute name="GC Util currently" value="50" />
  <attribute name="CPU Util currently" value="10299551495872" />
<exclusive-end id="2700" timestamp="2019-06-16T02:56:29.583" durationms="3.608" />

<exclusive-start id="2701" timestamp="2019-06-16T02:56:29.591" intervalms="11.826">
  <response-info timems="0.084" idlems="0.084" threads="0" lastid="0000000001916700" lastname="main" />
</exclusive-start>
<allocation-taxation id="2702" taxation-threshold="23068672" timestamp="2019-06-16T02:56:29.591" intervalms="11.831" />
<cycle-start id="2703" type="partial gc" contextid="0" timestamp="2019-06-16T02:56:29.592" intervalms="11.828" />
<gc-start id="2704" type="partial gc" contextid="2703" timestamp="2019-06-16T02:56:29.592">
  <mem-info id="2705" free="16777216" total="65011712" percent="25">
    <mem type="eden" free="1048520" total="24117248" percent="4" />
    <remembered-set count="3264" freebytes="2749440" totalbytes="2762496" percent="99" regionsoverflowed="0" regionsstable="16" regionsrebuilding="0"/>
  </mem-info>
</gc-start>
<allocation-stats totalBytes="22990680" >
  <allocated-bytes non-tlh="0" tlh="22990680" arrayletleaf="0"/>
  <largest-consumer threadName="main" threadId="0000000001916700" bytes="22990680" />
</allocation-stats>
<gc-op id="2706" type="copy forward" timems="1.269" contextid="2703" timestamp="2019-06-16T02:56:29.594">
  <memory-copied type="eden" objects="2" bytes="56" bytesdiscarded="0" />
  <memory-copied type="other" objects="0" bytes="0" bytesdiscarded="0" />
  <memory-cardclean objects="26" bytes="768" />
  <regions eden="22" other="1" />
  <remembered-set-cleared processed="1625" cleared="1" durationms="0.080" />
  <stringconstants candidates="13747" cleared="0"  />
</gc-op>
<gc-op id="2707" type="classunload" timems="0.004" contextid="2703" timestamp="2019-06-16T02:56:29.594">
  <classunload-info classloadercandidates="54" classloadersunloaded="0" classesunloaded="0" anonymousclassesunloaded="0" quiescems="0.000" setupms="0.004" scanms="0.000" postms="0.000" />
</gc-op>
<gc-end id="2708" type="partial gc" contextid="2703" durationms="2.357" usertimems="0.000" systemtimems="0.000" timestamp="2019-06-16T02:56:29.594" activeThreads="4">
  <mem-info id="2709" free="39845888" total="65011712" percent="61">
    <mem type="eden" free="1048520" total="1048576" percent="99" />
    <remembered-set count="2688" freebytes="2584320" totalbytes="2595072" percent="99" regionsoverflowed="0" regionsstable="16" regionsrebuilding="0"/>
  </mem-info>
</gc-end>
<cycle-end id="2710" type="partial gc" contextid="2703" timestamp="2019-06-16T02:56:29.594" />
  <attribute name="elasticGC enabled" value="1" />
  <attribute name= "numThreadsSpecified" value="4" />
  <attribute name="heapSize specified" value="0" />
  <attribute name="Current GC Util" value="50" />
  <attribute name= "Current Time Running" value="61958" />
  <attribute name ="GC Interval" value="0" />
  <attribute name="ProportionalT" value="45.000000" />
  <attribute name="ProportionalI" value="45.000000" />
  <attribute name="ProportionalH" value="45.000000" />
  <attribute name="Current Error" value="30.000000" />
  <attribute name="IntegralT" value="30.000000" />
  <attribute name="IntegralI" value="30.000000" />
  <attribute name="IntegralH" value="30.000000" />
  <attribute name="DerivativeT" value="15.000000" />
  <attribute name="DerivativeI" value="15.000000" />
  <attribute name="DerivativeH" value="15.000000" />
  <attribute name="Loop Time for DT" value="1.000000" />
  <attribute name="Output H" value="8388608"/>
  <attribute name="Output I" value="200"/>
  <attribute name="Output T" value="4"/>
  <attribute name="Target GC Util Change" value ="20.000000" />
  <attribute name="Current GC Util Change" value="50.000000"/>
  <attribute name="GC Util currently" value="50" />
  <attribute name="CPU Util currently" value="10619862658871" />
<exclusive-end id="2711" timestamp="2019-06-16T02:56:29.594" durationms="3.285" />

<exclusive-start id="2712" timestamp="2019-06-16T02:56:29.603" intervalms="11.411">
  <response-info timems="0.088" idlems="0.088" threads="0" lastid="0000000001916700" lastname="main" />
</exclusive-start>
<allocation-taxation id="2713" taxation-threshold="23068672" timestamp="2019-06-16T02:56:29.603" intervalms="11.409" />
<cycle-start id="2714" type="partial gc" contextid="0" timestamp="2019-06-16T02:56:29.603" intervalms="11.409" />
<gc-start id="2715" type="partial gc" contextid="2714" timestamp="2019-06-16T02:56:29.603">
  <mem-info id="2716" free="16777216" total="65011712" percent="25">
    <mem type="eden" free="1048520" total="24117248" percent="4" />
    <remembered-set count="2688" freebytes="2584320" totalbytes="2595072" percent="99" regionsoverflowed="0" regionsstable="16" regionsrebuilding="0"/>
  </mem-info>
</gc-start>
<allocation-stats totalBytes="22990680" >
  <allocated-bytes non-tlh="0" tlh="22990680" arrayletleaf="0"/>
  <largest-consumer threadName="main" threadId="0000000001916700" bytes="22990680" />
</allocation-stats>
<gc-op id="2717" type="copy forward" timems="0.788" contextid="2714" timestamp="2019-06-16T02:56:29.605">
  <memory-copied type="eden" objects="2" bytes="56" bytesdiscarded="0" />
  <memory-copied type="other" objects="0" bytes="0" bytesdiscarded="0" />
  <memory-cardclean objects="17" bytes="408" />
  <regions eden="22" other="1" />
  <remembered-set-cleared processed="1626" cleared="0" durationms="0.109" />
  <stringconstants candidates="13747" cleared="0"  />
</gc-op>
<gc-op id="2718" type="classunload" timems="0.003" contextid="2714" timestamp="2019-06-16T02:56:29.605">
  <classunload-info classloadercandidates="54" classloadersunloaded="0" classesunloaded="0" anonymousclassesunloaded="0" quiescems="0.000" setupms="0.003" scanms="0.000" postms="0.000" />
</gc-op>
<gc-end id="2719" type="partial gc" contextid="2714" durationms="1.782" usertimems="0.000" systemtimems="0.000" timestamp="2019-06-16T02:56:29.605" activeThreads="1">
  <mem-info id="2720" free="39845888" total="65011712" percent="61">
    <mem type="eden" free="1048520" total="1048576" percent="99" />
    <remembered-set count="3168" freebytes="2582400" totalbytes="2595072" percent="99" regionsoverflowed="0" regionsstable="16" regionsrebuilding="0"/>
  </mem-info>
</gc-end>
<cycle-end id="2721" type="partial gc" contextid="2714" timestamp="2019-06-16T02:56:29.605" />
  <attribute name="elasticGC enabled" value="1" />
  <attribute name= "numThreadsSpecified" value="1" />
  <attribute name="heapSize specified" value="0" />
  <attribute name="Current GC Util" value="81" />
  <attribute name= "Current Time Running" value="61969" />
  <attribute name ="GC Interval" value="0" />
  <attribute name="ProportionalT" value="91.500000" />
  <attribute name="ProportionalI" value="91.500000" />
  <attribute name="ProportionalH" value="91.500000" />
  <attribute name="Current Error" value="61.000000" />
  <attribute name="IntegralT" value="0.000000" />
  <attribute name="IntegralI" value="0.000000" />
  <attribute name="IntegralH" value="0.000000" />
  <attribute name="DerivativeT" value="inf" />
  <attribute name="DerivativeI" value="inf" />
  <attribute name="DerivativeH" value="inf" />
  <attribute name="Loop Time for DT" value="0.000000" />
  <attribute name="Output H" value="8388608"/>
  <attribute name="Output I" value="200"/>
  <attribute name="Output T" value="1"/>
  <attribute name="Target GC Util Change" value ="20.000000" />
  <attribute name="Current GC Util Change" value="81.000000"/>
  <attribute name="GC Util currently" value="81" />
  <attribute name="CPU Util currently" value="17263374146568" />
<exclusive-end id="2722" timestamp="2019-06-16T02:56:29.605" durationms="2.708" />

<exclusive-start id="2723" timestamp="2019-06-16T02:56:29.610" intervalms="6.942">
  <response-info timems="0.074" idlems="0.074" threads="0" lastid="0000000001916700" lastname="main" />
</exclusive-start>
<allocation-taxation id="2724" taxation-threshold="11534336" timestamp="2019-06-16T02:56:29.610" intervalms="6.935" />
<cycle-start id="2725" type="global mark phase" contextid="0" timestamp="2019-06-16T02:56:29.610" intervalms="465.816" />
<gc-start id="2726" type="global mark phase" contextid="2725" timestamp="2019-06-16T02:56:29.610">
  <mem-info id="2727" free="28311552" total="65011712" percent="43">
    <remembered-set count="2688" freebytes="2584320" totalbytes="2595072" percent="99" regionsoverflowed="0" regionsstable="16" regionsrebuilding="0"/>
  </mem-info>
</gc-start>
<gc-op id="2728" type="mark increment" timems="0.490" contextid="2725" timestamp="2019-06-16T02:56:29.611">
  <trace-info objectcount="182" scancount="0" scanbytes="0" />
</gc-op>
<gc-end id="2729" type="global mark phase" contextid="2725" durationms="0.782" usertimems="0.000" systemtimems="0.000" timestamp="2019-06-16T02:56:29.611" activeThreads="4">
  <mem-info id="2730" free="28311552" total="65011712" percent="43">
    <remembered-set count="2688" freebytes="2584320" totalbytes="2595072" percent="99" regionsoverflowed="0" regionsstable="0" regionsrebuilding="16"/>
  </mem-info>
</gc-end>
<concurrent-start id="2731" type="GMP work packet processing" contextid="2725" timestamp="2019-06-16T02:56:29.611">
  <concurrent-mark-start scanTarget="1503332" />
</concurrent-start>
<exclusive-end id="2732" timestamp="2019-06-16T02:56:29.613" durationms="3.115" />

<concurrent-end id="2733" type="GMP work packet processing" contextid="2725" timestamp="2019-06-16T02:56:29.613">
  <concurrent-mark-end bytesScanned="1606992" reasonForTermination="Work target met" />
</concurrent-end>

<exclusive-start id="2734" timestamp="2019-06-16T02:56:29.617" intervalms="7.551">
  <response-info timems="0.056" idlems="0.056" threads="0" lastid="0000000001916700" lastname="main" />
</exclusive-start>
<allocation-taxation id="2735" taxation-threshold="11534336" timestamp="2019-06-16T02:56:29.617" intervalms="7.477" />
<cycle-start id="2736" type="partial gc" contextid="0" timestamp="2019-06-16T02:56:29.617" intervalms="14.400" />
<gc-start id="2737" type="partial gc" contextid="2736" timestamp="2019-06-16T02:56:29.618">
  <mem-info id="2738" free="16777216" total="65011712" percent="25">
    <mem type="eden" free="1048520" total="24117248" percent="4" />
    <remembered-set count="17472" freebytes="2525184" totalbytes="2595072" percent="97" regionsoverflowed="0" regionsstable="0" regionsrebuilding="16"/>
  </mem-info>
</gc-start>
<allocation-stats totalBytes="22990680" >
  <allocated-bytes non-tlh="0" tlh="22990680" arrayletleaf="0"/>
  <largest-consumer threadName="main" threadId="0000000001916700" bytes="11496584" />
</allocation-stats>
<gc-op id="2739" type="copy forward" timems="1.119" contextid="2736" timestamp="2019-06-16T02:56:29.620">
  <memory-copied type="eden" objects="2" bytes="56" bytesdiscarded="0" />
  <memory-copied type="other" objects="0" bytes="0" bytesdiscarded="0" />
  <memory-cardclean objects="17" bytes="408" />
  <regions eden="22" other="1" />
  <remembered-set-cleared processed="15976" cleared="11" durationms="0.195" />
  <stringconstants candidates="13747" cleared="0"  />
</gc-op>
<gc-op id="2740" type="classunload" timems="0.004" contextid="2736" timestamp="2019-06-16T02:56:29.620">
  <classunload-info classloadercandidates="54" classloadersunloaded="0" classesunloaded="0" anonymousclassesunloaded="0" quiescems="0.000" setupms="0.004" scanms="0.000" postms="0.000" />
</gc-op>
<gc-end id="2741" type="partial gc" contextid="2736" durationms="2.331" usertimems="0.000" systemtimems="0.000" timestamp="2019-06-16T02:56:29.620" activeThreads="1">
  <mem-info id="2742" free="39845888" total="65011712" percent="61">
    <mem type="eden" free="1048520" total="1048576" percent="99" />
    <remembered-set count="17952" freebytes="2523264" totalbytes="2595072" percent="97" regionsoverflowed="0" regionsstable="0" regionsrebuilding="16"/>
  </mem-info>
</gc-end>
<cycle-end id="2743" type="partial gc" contextid="2736" timestamp="2019-06-16T02:56:29.620" />
  <attribute name="elasticGC enabled" value="1" />
  <attribute name= "numThreadsSpecified" value="1" />
  <attribute name="heapSize specified" value="0" />
  <attribute name="Current GC Util" value="84" />
  <attribute name= "Current Time Running" value="61983" />
  <attribute name ="GC Interval" value="0" />
  <attribute name="ProportionalT" value="96.000000" />
  <attribute name="ProportionalI" value="96.000000" />
  <attribute name="ProportionalH" value="96.000000" />
  <attribute name="Current Error" value="64.000000" />
  <attribute name="IntegralT" value="0.000000" />
  <attribute name="IntegralI" value="0.000000" />
  <attribute name="IntegralH" value="0.000000" />
  <attribute name="DerivativeT" value="inf" />
  <attribute name="DerivativeI" value="inf" />
  <attribute name="DerivativeH" value="inf" />
  <attribute name="Loop Time for DT" value="0.000000" />
  <attribute name="Output H" value="8388608"/>
  <attribute name="Output I" value="200"/>
  <attribute name="Output T" value="1"/>
  <attribute name="Target GC Util Change" value ="20.000000" />
  <attribute name="Current GC Util Change" value="84.000000"/>
  <attribute name="GC Util currently" value="84" />
  <attribute name="CPU Util currently" value="17275920249730" />
<exclusive-end id="2744" timestamp="2019-06-16T02:56:29.620" durationms="3.189" />

<exclusive-start id="2745" timestamp="2019-06-16T02:56:29.625" intervalms="7.669">
  <response-info timems="0.081" idlems="0.081" threads="0" lastid="0000000001916700" lastname="main" />
</exclusive-start>
<allocation-taxation id="2746" taxation-threshold="11534336" timestamp="2019-06-16T02:56:29.625" intervalms="7.744" />
<gc-start id="2747" type="global mark phase" contextid="2725" timestamp="2019-06-16T02:56:29.625">
  <mem-info id="2748" free="28311552" total="65011712" percent="43">
    <remembered-set count="17472" freebytes="2525184" totalbytes="2595072" percent="97" regionsoverflowed="0" regionsstable="0" regionsrebuilding="16"/>
  </mem-info>
</gc-start>
<gc-end id="2749" type="global mark phase" contextid="2725" durationms="0.160" usertimems="0.000" systemtimems="0.000" timestamp="2019-06-16T02:56:29.625" activeThreads="1">
  <mem-info id="2750" free="28311552" total="65011712" percent="43">
    <remembered-set count="17472" freebytes="2525184" totalbytes="2595072" percent="97" regionsoverflowed="0" regionsstable="0" regionsrebuilding="16"/>
  </mem-info>
</gc-end>
<concurrent-start id="2751" type="GMP work packet processing" contextid="2725" timestamp="2019-06-16T02:56:29.625">
  <concurrent-mark-start scanTarget="1048576" />
</concurrent-start>
<concurrent-end id="2752" type="GMP work packet processing" contextid="2725" timestamp="2019-06-16T02:56:29.626">
  <concurrent-mark-end bytesScanned="1103196" reasonForTermination="Work target met" />
</concurrent-end>

<exclusive-end id="2753" timestamp="2019-06-16T02:56:29.626" durationms="1.497" />

<exclusive-start id="2754" timestamp="2019-06-16T02:56:29.630" intervalms="5.692">
  <response-info timems="0.068" idlems="0.068" threads="0" lastid="0000000001916700" lastname="main" />
</exclusive-start>
<allocation-taxation id="2755" taxation-threshold="11534336" timestamp="2019-06-16T02:56:29.631" intervalms="5.656" />
<cycle-start id="2756" type="partial gc" contextid="0" timestamp="2019-06-16T02:56:29.631" intervalms="13.382" />
<gc-start id="2757" type="partial gc" contextid="2756" timestamp="2019-06-16T02:56:29.631">
  <mem-info id="2758" free="16777216" total="65011712" percent="25">
    <mem type="eden" free="1048520" total="24117248" percent="4" />
    <remembered-set count="25888" freebytes="2491520" totalbytes="2595072" percent="96" regionsoverflowed="0" regionsstable="0" regionsrebuilding="16"/>
  </mem-info>
</gc-start>
<allocation-stats totalBytes="22990680" >
  <allocated-bytes non-tlh="0" tlh="22990680" arrayletleaf="0"/>
  <largest-consumer threadName="main" threadId="0000000001916700" bytes="11496560" />
</allocation-stats>
<gc-op id="2759" type="copy forward" timems="1.365" contextid="2756" timestamp="2019-06-16T02:56:29.633">
  <memory-copied type="eden" objects="2" bytes="56" bytesdiscarded="0" />
  <memory-copied type="other" objects="0" bytes="0" bytesdiscarded="0" />
  <memory-cardclean objects="17" bytes="408" />
  <regions eden="22" other="1" />
  <remembered-set-cleared processed="23655" cleared="4" durationms="0.138" />
  <stringconstants candidates="13747" cleared="0"  />
</gc-op>
<gc-op id="2760" type="classunload" timems="0.003" contextid="2756" timestamp="2019-06-16T02:56:29.633">
  <classunload-info classloadercandidates="54" classloadersunloaded="0" classesunloaded="0" anonymousclassesunloaded="0" quiescems="0.000" setupms="0.003" scanms="0.000" postms="0.000" />
</gc-op>
<gc-end id="2761" type="partial gc" contextid="2756" durationms="2.317" usertimems="4.000" systemtimems="0.000" timestamp="2019-06-16T02:56:29.633" activeThreads="4">
  <mem-info id="2762" free="39845888" total="65011712" percent="61">
    <mem type="eden" free="1048520" total="1048576" percent="99" />
    <remembered-set count="25504" freebytes="2493056" totalbytes="2595072" percent="96" regionsoverflowed="0" regionsstable="0" regionsrebuilding="16"/>
  </mem-info>
</gc-end>
<cycle-end id="2763" type="partial gc" contextid="2756" timestamp="2019-06-16T02:56:29.633" />
  <attribute name="elasticGC enabled" value="1" />
  <attribute name= "numThreadsSpecified" value="4" />
  <attribute name="heapSize specified" value="0" />
  <attribute name="Current GC Util" value="83" />
  <attribute name= "Current Time Running" value="61997" />
  <attribute name ="GC Interval" value="0" />
  <attribute name="ProportionalT" value="94.500000" />
  <attribute name="ProportionalI" value="94.500000" />
  <attribute name="ProportionalH" value="94.500000" />
  <attribute name="Current Error" value="63.000000" />
  <attribute name="IntegralT" value="63.000000" />
  <attribute name="IntegralI" value="63.000000" />
  <attribute name="IntegralH" value="63.000000" />
  <attribute name="DerivativeT" value="50.000000" />
  <attribute name="DerivativeI" value="50.000000" />
  <attribute name="DerivativeH" value="50.000000" />
  <attribute name="Loop Time for DT" value="1.000000" />
  <attribute name="Output H" value="8388608"/>
  <attribute name="Output I" value="208"/>
  <attribute name="Output T" value="4"/>
  <attribute name="Target GC Util Change" value ="20.000000" />
  <attribute name="Current GC Util Change" value="83.000000"/>
  <attribute name="GC Util currently" value="83" />
  <attribute name="CPU Util currently" value="19517637659589" />
<exclusive-end id="2764" timestamp="2019-06-16T02:56:29.634" durationms="3.062" />

<exclusive-start id="2765" timestamp="2019-06-16T02:56:29.638" intervalms="7.344">
  <response-info timems="0.077" idlems="0.077" threads="0" lastid="0000000001916700" lastname="main" />
</exclusive-start>
<allocation-taxation id="2766" taxation-threshold="11534336" timestamp="2019-06-16T02:56:29.638" intervalms="7.342" />
<gc-start id="2767" type="global mark phase" contextid="2725" timestamp="2019-06-16T02:56:29.638">
  <mem-info id="2768" free="28311552" total="65011712" percent="43">
    <remembered-set count="25504" freebytes="2493056" totalbytes="2595072" percent="96" regionsoverflowed="0" regionsstable="0" regionsrebuilding="16"/>
  </mem-info>
</gc-start>
<gc-end id="2769" type="global mark phase" contextid="2725" durationms="0.129" usertimems="0.000" systemtimems="0.000" timestamp="2019-06-16T02:56:29.638" activeThreads="4">
  <mem-info id="2770" free="28311552" total="65011712" percent="43">
    <remembered-set count="25504" freebytes="2493056" totalbytes="2595072" percent="96" regionsoverflowed="0" regionsstable="0" regionsrebuilding="16"/>
  </mem-info>
</gc-end>
<concurrent-start id="2771" type="GMP work packet processing" contextid="2725" timestamp="2019-06-16T02:56:29.638">
  <concurrent-mark-start scanTarget="1503332" />
</concurrent-start>
<concurrent-end id="2773" type="GMP work packet processing" contextid="2725" timestamp="2019-06-16T02:56:29.639">
  <concurrent-mark-end bytesScanned="1540752" reasonForTermination="Work target met" />
</concurrent-end>

<exclusive-end id="2772" timestamp="2019-06-16T02:56:29.639" durationms="1.538" />

<exclusive-start id="2774" timestamp="2019-06-16T02:56:29.644" intervalms="5.783">
  <response-info timems="0.058" idlems="0.058" threads="0" lastid="0000000001916700" lastname="main" />
</exclusive-start>
<allocation-taxation id="2775" taxation-threshold="11534336" timestamp="2019-06-16T02:56:29.644" intervalms="5.702" />
<cycle-start id="2776" type="partial gc" contextid="0" timestamp="2019-06-16T02:56:29.644" intervalms="12.963" />
<gc-start id="2777" type="partial gc" contextid="2776" timestamp="2019-06-16T02:56:29.644">
  <mem-info id="2778" free="16777216" total="65011712" percent="25">
    <mem type="eden" free="1048520" total="24117248" percent="4" />
    <remembered-set count="40896" freebytes="2431488" totalbytes="2595072" percent="93" regionsoverflowed="0" regionsstable="0" regionsrebuilding="16"/>
  </mem-info>
</gc-start>
<allocation-stats totalBytes="22990680" >
  <allocated-bytes non-tlh="0" tlh="22990680" arrayletleaf="0"/>
  <largest-consumer threadName="main" threadId="0000000001916700" bytes="11496560" />
</allocation-stats>
<gc-op id="2779" type="copy forward" timems="1.277" contextid="2776" timestamp="2019-06-16T02:56:29.646">
  <memory-copied type="eden" objects="2" bytes="56" bytesdiscarded="0" />
  <memory-copied type="other" objects="0" bytes="0" bytesdiscarded="0" />
  <memory-cardclean objects="17" bytes="408" />
  <regions eden="22" other="1" />
  <remembered-set-cleared processed="38917" cleared="4" durationms="0.304" />
  <stringconstants candidates="13747" cleared="0"  />
</gc-op>
<gc-op id="2780" type="classunload" timems="0.004" contextid="2776" timestamp="2019-06-16T02:56:29.646">
  <classunload-info classloadercandidates="54" classloadersunloaded="0" classesunloaded="0" anonymousclassesunloaded="0" quiescems="0.000" setupms="0.004" scanms="0.000" postms="0.000" />
</gc-op>
<gc-end id="2781" type="partial gc" contextid="2776" durationms="2.206" usertimems="4.000" systemtimems="0.000" timestamp="2019-06-16T02:56:29.646" activeThreads="1">
  <mem-info id="2782" free="39845888" total="65011712" percent="61">
    <mem type="eden" free="1048520" total="1048576" percent="99" />
    <remembered-set count="41376" freebytes="2429568" totalbytes="2595072" percent="93" regionsoverflowed="0" regionsstable="0" regionsrebuilding="16"/>
  </mem-info>
</gc-end>
<cycle-end id="2783" type="partial gc" contextid="2776" timestamp="2019-06-16T02:56:29.646" />
  <attribute name="elasticGC enabled" value="1" />
  <attribute name= "numThreadsSpecified" value="1" />
  <attribute name="heapSize specified" value="0" />
  <attribute name="Current GC Util" value="87" />
  <attribute name= "Current Time Running" value="62009" />
  <attribute name ="GC Interval" value="0" />
  <attribute name="ProportionalT" value="100.500000" />
  <attribute name="ProportionalI" value="100.500000" />
  <attribute name="ProportionalH" value="100.500000" />
  <attribute name="Current Error" value="67.000000" />
  <attribute name="IntegralT" value="0.000000" />
  <attribute name="IntegralI" value="0.000000" />
  <attribute name="IntegralH" value="0.000000" />
  <attribute name="DerivativeT" value="inf" />
  <attribute name="DerivativeI" value="inf" />
  <attribute name="DerivativeH" value="inf" />
  <attribute name="Loop Time for DT" value="0.000000" />
  <attribute name="Output H" value="8388608"/>
  <attribute name="Output I" value="200"/>
  <attribute name="Output T" value="1"/>
  <attribute name="Target GC Util Change" value ="20.000000" />
  <attribute name="Current GC Util Change" value="87.000000"/>
  <attribute name="GC Util currently" value="87" />
  <attribute name="CPU Util currently" value="19405369151951" />
<exclusive-end id="2784" timestamp="2019-06-16T02:56:29.646" durationms="2.786" />

<exclusive-start id="2785" timestamp="2019-06-16T02:56:29.651" intervalms="7.083">
  <response-info timems="0.073" idlems="0.073" threads="0" lastid="0000000001916700" lastname="main" />
</exclusive-start>
<allocation-taxation id="2786" taxation-threshold="11534336" timestamp="2019-06-16T02:56:29.651" intervalms="7.162" />
<gc-start id="2787" type="global mark phase" contextid="2725" timestamp="2019-06-16T02:56:29.651">
  <mem-info id="2788" free="28311552" total="65011712" percent="43">
    <remembered-set count="40896" freebytes="2431488" totalbytes="2595072" percent="93" regionsoverflowed="0" regionsstable="0" regionsrebuilding="16"/>
  </mem-info>
</gc-start>
<gc-end id="2789" type="global mark phase" contextid="2725" durationms="0.130" usertimems="0.000" systemtimems="0.000" timestamp="2019-06-16T02:56:29.651" activeThreads="1">
  <mem-info id="2790" free="28311552" total="65011712" percent="43">
    <remembered-set count="40896" freebytes="2431488" totalbytes="2595072" percent="93" regionsoverflowed="0" regionsstable="0" regionsrebuilding="16"/>
  </mem-info>
</gc-end>
<concurrent-start id="2791" type="GMP work packet processing" contextid="2725" timestamp="2019-06-16T02:56:29.651">
  <concurrent-mark-start scanTarget="1048576" />
</concurrent-start>
<exclusive-end id="2792" timestamp="2019-06-16T02:56:29.652" durationms="1.308" />

<concurrent-end id="2793" type="GMP work packet processing" contextid="2725" timestamp="2019-06-16T02:56:29.652">
  <concurrent-mark-end bytesScanned="1105760" reasonForTermination="Work target met" />
</concurrent-end>

<exclusive-start id="2794" timestamp="2019-06-16T02:56:29.656" intervalms="5.602">
  <response-info timems="0.073" idlems="0.073" threads="0" lastid="0000000001916700" lastname="main" />
</exclusive-start>
<allocation-taxation id="2795" taxation-threshold="11534336" timestamp="2019-06-16T02:56:29.656" intervalms="5.563" />
<cycle-start id="2796" type="partial gc" contextid="0" timestamp="2019-06-16T02:56:29.657" intervalms="12.805" />
<gc-start id="2797" type="partial gc" contextid="2796" timestamp="2019-06-16T02:56:29.657">
  <mem-info id="2798" free="16777216" total="65011712" percent="25">
    <mem type="eden" free="1048520" total="24117248" percent="4" />
    <remembered-set count="52288" freebytes="2385920" totalbytes="2595072" percent="91" regionsoverflowed="0" regionsstable="0" regionsrebuilding="16"/>
  </mem-info>
</gc-start>
<allocation-stats totalBytes="22990680" >
  <allocated-bytes non-tlh="0" tlh="22990680" arrayletleaf="0"/>
  <largest-consumer threadName="main" threadId="0000000001916700" bytes="11496560" />
</allocation-stats>
<gc-op id="2799" type="copy forward" timems="1.275" contextid="2796" timestamp="2019-06-16T02:56:29.659">
  <memory-copied type="eden" objects="2" bytes="56" bytesdiscarded="0" />
  <memory-copied type="other" objects="0" bytes="0" bytesdiscarded="0" />
  <memory-cardclean objects="17" bytes="408" />
  <regions eden="22" other="1" />
  <remembered-set-cleared processed="49778" cleared="4" durationms="0.351" />
  <stringconstants candidates="13747" cleared="0"  />
</gc-op>
<gc-op id="2800" type="classunload" timems="0.004" contextid="2796" timestamp="2019-06-16T02:56:29.659">
  <classunload-info classloadercandidates="54" classloadersunloaded="0" classesunloaded="0" anonymousclassesunloaded="0" quiescems="0.000" setupms="0.004" scanms="0.000" postms="0.000" />
</gc-op>
<gc-end id="2801" type="partial gc" contextid="2796" durationms="2.247" usertimems="0.000" systemtimems="0.000" timestamp="2019-06-16T02:56:29.659" activeThreads="1">
  <mem-info id="2802" free="39845888" total="65011712" percent="61">
    <mem type="eden" free="1048520" total="1048576" percent="99" />
    <remembered-set count="52768" freebytes="2384000" totalbytes="2595072" percent="91" regionsoverflowed="0" regionsstable="0" regionsrebuilding="16"/>
  </mem-info>
</gc-end>
<cycle-end id="2803" type="partial gc" contextid="2796" timestamp="2019-06-16T02:56:29.659" />
  <attribute name="elasticGC enabled" value="1" />
  <attribute name= "numThreadsSpecified" value="1" />
  <attribute name="heapSize specified" value="0" />
  <attribute name="Current GC Util" value="73" />
  <attribute name= "Current Time Running" value="62022" />
  <attribute name ="GC Interval" value="0" />
  <attribute name="ProportionalT" value="79.500000" />
  <attribute name="ProportionalI" value="79.500000" />
  <attribute name="ProportionalH" value="79.500000" />
  <attribute name="Current Error" value="53.000000" />
  <attribute name="IntegralT" value="0.000000" />
  <attribute name="IntegralI" value="0.000000" />
  <attribute name="IntegralH" value="0.000000" />
  <attribute name="DerivativeT" value="inf" />
  <attribute name="DerivativeI" value="inf" />
  <attribute name="DerivativeH" value="inf" />
  <attribute name="Loop Time for DT" value="0.000000" />
  <attribute name="Output H" value="8388608"/>
  <attribute name="Output I" value="200"/>
  <attribute name="Output T" value="1"/>
  <attribute name="Target GC Util Change" value ="20.000000" />
  <attribute name="Current GC Util Change" value="73.000000"/>
  <attribute name="GC Util currently" value="73" />
  <attribute name="CPU Util currently" value="20796123589621" />
<exclusive-end id="2804" timestamp="2019-06-16T02:56:29.659" durationms="2.994" />

<exclusive-start id="2805" timestamp="2019-06-16T02:56:29.664" intervalms="7.298">
  <response-info timems="0.077" idlems="0.077" threads="0" lastid="0000000001916700" lastname="main" />
</exclusive-start>
<allocation-taxation id="2806" taxation-threshold="11534336" timestamp="2019-06-16T02:56:29.664" intervalms="7.301" />
<gc-start id="2807" type="global mark phase" contextid="2725" timestamp="2019-06-16T02:56:29.664">
  <mem-info id="2808" free="28311552" total="65011712" percent="43">
    <remembered-set count="52288" freebytes="2385920" totalbytes="2595072" percent="91" regionsoverflowed="0" regionsstable="0" regionsrebuilding="16"/>
  </mem-info>
</gc-start>
<gc-end id="2809" type="global mark phase" contextid="2725" durationms="0.093" usertimems="0.000" systemtimems="0.000" timestamp="2019-06-16T02:56:29.664" activeThreads="1">
  <mem-info id="2810" free="28311552" total="65011712" percent="43">
    <remembered-set count="52288" freebytes="2385920" totalbytes="2595072" percent="91" regionsoverflowed="0" regionsstable="0" regionsrebuilding="16"/>
  </mem-info>
</gc-end>
<concurrent-start id="2811" type="GMP work packet processing" contextid="2725" timestamp="2019-06-16T02:56:29.664">
  <concurrent-mark-start scanTarget="1048576" />
</concurrent-start>
<exclusive-end id="2812" timestamp="2019-06-16T02:56:29.665" durationms="1.145" />

<concurrent-end id="2813" type="GMP work packet processing" contextid="2725" timestamp="2019-06-16T02:56:29.665">
  <concurrent-mark-end bytesScanned="1111228" reasonForTermination="Work target met" />
</concurrent-end>

<exclusive-start id="2814" timestamp="2019-06-16T02:56:29.669" intervalms="5.443">
  <response-info timems="0.073" idlems="0.073" threads="0" lastid="0000000001916700" lastname="main" />
</exclusive-start>
<allocation-taxation id="2815" taxation-threshold="11534336" timestamp="2019-06-16T02:56:29.669" intervalms="5.483" />
<cycle-start id="2816" type="partial gc" contextid="0" timestamp="2019-06-16T02:56:29.669" intervalms="12.784" />
<gc-start id="2817" type="partial gc" contextid="2816" timestamp="2019-06-16T02:56:29.669">
  <mem-info id="2818" free="16777216" total="65011712" percent="25">
    <mem type="eden" free="1048520" total="24117248" percent="4" />
    <remembered-set count="58400" freebytes="2361472" totalbytes="2595072" percent="90" regionsoverflowed="0" regionsstable="0" regionsrebuilding="16"/>
  </mem-info>
</gc-start>
<allocation-stats totalBytes="22990680" >
  <allocated-bytes non-tlh="0" tlh="22990680" arrayletleaf="0"/>
  <largest-consumer threadName="main" threadId="0000000001916700" bytes="11496560" />
</allocation-stats>
<gc-op id="2819" type="copy forward" timems="1.250" contextid="2816" timestamp="2019-06-16T02:56:29.671">
  <memory-copied type="eden" objects="2" bytes="56" bytesdiscarded="0" />
  <memory-copied type="other" objects="0" bytes="0" bytesdiscarded="0" />
  <memory-cardclean objects="17" bytes="408" />
  <regions eden="22" other="1" />
  <remembered-set-cleared processed="56053" cleared="4" durationms="0.383" />
  <stringconstants candidates="13747" cleared="0"  />
</gc-op>
<gc-op id="2820" type="classunload" timems="0.003" contextid="2816" timestamp="2019-06-16T02:56:29.671">
  <classunload-info classloadercandidates="54" classloadersunloaded="0" classesunloaded="0" anonymousclassesunloaded="0" quiescems="0.000" setupms="0.003" scanms="0.000" postms="0.000" />
</gc-op>
<gc-end id="2821" type="partial gc" contextid="2816" durationms="2.202" usertimems="4.000" systemtimems="0.000" timestamp="2019-06-16T02:56:29.672" activeThreads="1">
  <mem-info id="2822" free="39845888" total="65011712" percent="61">
    <mem type="eden" free="1048520" total="1048576" percent="99" />
    <remembered-set count="58880" freebytes="2359552" totalbytes="2595072" percent="90" regionsoverflowed="0" regionsstable="0" regionsrebuilding="16"/>
  </mem-info>
</gc-end>
<cycle-end id="2823" type="partial gc" contextid="2816" timestamp="2019-06-16T02:56:29.672" />
  <attribute name="elasticGC enabled" value="1" />
  <attribute name= "numThreadsSpecified" value="1" />
  <attribute name="heapSize specified" value="0" />
  <attribute name="Current GC Util" value="75" />
  <attribute name= "Current Time Running" value="62035" />
  <attribute name ="GC Interval" value="0" />
  <attribute name="ProportionalT" value="82.500000" />
  <attribute name="ProportionalI" value="82.500000" />
  <attribute name="ProportionalH" value="82.500000" />
  <attribute name="Current Error" value="55.000000" />
  <attribute name="IntegralT" value="0.000000" />
  <attribute name="IntegralI" value="0.000000" />
  <attribute name="IntegralH" value="0.000000" />
  <attribute name="DerivativeT" value="inf" />
  <attribute name="DerivativeI" value="inf" />
  <attribute name="DerivativeH" value="inf" />
  <attribute name="Loop Time for DT" value="0.000000" />
  <attribute name="Output H" value="8388608"/>
  <attribute name="Output I" value="200"/>
  <attribute name="Output T" value="1"/>
  <attribute name="Target GC Util Change" value ="20.000000" />
  <attribute name="Current GC Util Change" value="75.000000"/>
  <attribute name="GC Util currently" value="75" />
  <attribute name="CPU Util currently" value="21381678653818" />
<exclusive-end id="2824" timestamp="2019-06-16T02:56:29.672" durationms="2.944" />

<exclusive-start id="2825" timestamp="2019-06-16T02:56:29.676" intervalms="7.213">
  <response-info timems="0.080" idlems="0.080" threads="0" lastid="0000000001916700" lastname="main" />
</exclusive-start>
<allocation-taxation id="2826" taxation-threshold="11534336" timestamp="2019-06-16T02:56:29.676" intervalms="7.227" />
<gc-start id="2827" type="global mark phase" contextid="2725" timestamp="2019-06-16T02:56:29.677">
  <mem-info id="2828" free="28311552" total="65011712" percent="43">
    <remembered-set count="58400" freebytes="2361472" totalbytes="2595072" percent="90" regionsoverflowed="0" regionsstable="0" regionsrebuilding="16"/>
  </mem-info>
</gc-start>
<gc-end id="2829" type="global mark phase" contextid="2725" durationms="0.128" usertimems="0.000" systemtimems="0.000" timestamp="2019-06-16T02:56:29.677" activeThreads="1">
  <mem-info id="2830" free="28311552" total="65011712" percent="43">
    <remembered-set count="58400" freebytes="2361472" totalbytes="2595072" percent="90" regionsoverflowed="0" regionsstable="0" regionsrebuilding="16"/>
  </mem-info>
</gc-end>
<concurrent-start id="2831" type="GMP work packet processing" contextid="2725" timestamp="2019-06-16T02:56:29.677">
  <concurrent-mark-start scanTarget="1048576" />
</concurrent-start>
<exclusive-end id="2832" timestamp="2019-06-16T02:56:29.678" durationms="1.294" />

<concurrent-end id="2833" type="GMP work packet processing" contextid="2725" timestamp="2019-06-16T02:56:29.678">
  <concurrent-mark-end bytesScanned="1087552" reasonForTermination="Work target met" />
</concurrent-end>

<exclusive-start id="2834" timestamp="2019-06-16T02:56:29.682" intervalms="5.505">
  <response-info timems="0.070" idlems="0.070" threads="0" lastid="0000000001916700" lastname="main" />
</exclusive-start>
<allocation-taxation id="2835" taxation-threshold="11534336" timestamp="2019-06-16T02:56:29.682" intervalms="5.498" />
<cycle-start id="2836" type="partial gc" contextid="0" timestamp="2019-06-16T02:56:29.682" intervalms="12.818" />
<gc-start id="2837" type="partial gc" contextid="2836" timestamp="2019-06-16T02:56:29.682">
  <mem-info id="2838" free="16777216" total="65011712" percent="25">
    <mem type="eden" free="1048520" total="24117248" percent="4" />
    <remembered-set count="68384" freebytes="2321536" totalbytes="2595072" percent="89" regionsoverflowed="0" regionsstable="0" regionsrebuilding="16"/>
  </mem-info>
</gc-start>
<allocation-stats totalBytes="22990680" >
  <allocated-bytes non-tlh="0" tlh="22990680" arrayletleaf="0"/>
  <largest-consumer threadName="main" threadId="0000000001916700" bytes="11496560" />
</allocation-stats>
<gc-op id="2839" type="copy forward" timems="1.435" contextid="2836" timestamp="2019-06-16T02:56:29.685">
  <memory-copied type="eden" objects="2" bytes="56" bytesdiscarded="0" />
  <memory-copied type="other" objects="0" bytes="0" bytesdiscarded="0" />
  <memory-cardclean objects="17" bytes="408" />
  <regions eden="22" other="1" />
  <remembered-set-cleared processed="65908" cleared="4" durationms="0.449" />
  <stringconstants candidates="13747" cleared="0"  />
</gc-op>
<gc-op id="2840" type="classunload" timems="0.004" contextid="2836" timestamp="2019-06-16T02:56:29.685">
  <classunload-info classloadercandidates="54" classloadersunloaded="0" classesunloaded="0" anonymousclassesunloaded="0" quiescems="0.000" setupms="0.004" scanms="0.000" postms="0.000" />
</gc-op>
<gc-end id="2841" type="partial gc" contextid="2836" durationms="2.651" usertimems="4.000" systemtimems="0.000" timestamp="2019-06-16T02:56:29.685" activeThreads="1">
  <mem-info id="2842" free="39845888" total="65011712" percent="61">
    <mem type="eden" free="1048520" total="1048576" percent="99" />
    <remembered-set count="68864" freebytes="2319616" totalbytes="2595072" percent="89" regionsoverflowed="0" regionsstable="0" regionsrebuilding="16"/>
  </mem-info>
</gc-end>
<cycle-end id="2843" type="partial gc" contextid="2836" timestamp="2019-06-16T02:56:29.685" />
  <attribute name="elasticGC enabled" value="1" />
  <attribute name= "numThreadsSpecified" value="1" />
  <attribute name="heapSize specified" value="0" />
  <attribute name="Current GC Util" value="56" />
  <attribute name= "Current Time Running" value="62048" />
  <attribute name ="GC Interval" value="0" />
  <attribute name="ProportionalT" value="54.000000" />
  <attribute name="ProportionalI" value="54.000000" />
  <attribute name="ProportionalH" value="54.000000" />
  <attribute name="Current Error" value="36.000000" />
  <attribute name="IntegralT" value="0.000000" />
  <attribute name="IntegralI" value="0.000000" />
  <attribute name="IntegralH" value="0.000000" />
  <attribute name="DerivativeT" value="inf" />
  <attribute name="DerivativeI" value="inf" />
  <attribute name="DerivativeH" value="inf" />
  <attribute name="Loop Time for DT" value="0.000000" />
  <attribute name="Output H" value="8388608"/>
  <attribute name="Output I" value="200"/>
  <attribute name="Output T" value="1"/>
  <attribute name="Target GC Util Change" value ="20.000000" />
  <attribute name="Current GC Util Change" value="56.000000"/>
  <attribute name="GC Util currently" value="56" />
  <attribute name="CPU Util currently" value="20056302285732" />
<exclusive-end id="2844" timestamp="2019-06-16T02:56:29.685" durationms="3.743" />

<exclusive-start id="2845" timestamp="2019-06-16T02:56:29.690" intervalms="8.084">
  <response-info timems="0.068" idlems="0.068" threads="0" lastid="0000000001916700" lastname="main" />
</exclusive-start>
<allocation-taxation id="2846" taxation-threshold="11534336" timestamp="2019-06-16T02:56:29.690" intervalms="8.141" />
<gc-start id="2847" type="global mark phase" contextid="2725" timestamp="2019-06-16T02:56:29.690">
  <mem-info id="2848" free="28311552" total="65011712" percent="43">
    <remembered-set count="68384" freebytes="2321536" totalbytes="2595072" percent="89" regionsoverflowed="0" regionsstable="0" regionsrebuilding="16"/>
  </mem-info>
</gc-start>
<gc-end id="2849" type="global mark phase" contextid="2725" durationms="0.205" usertimems="0.000" systemtimems="0.000" timestamp="2019-06-16T02:56:29.690" activeThreads="1">
  <mem-info id="2850" free="28311552" total="65011712" percent="43">
    <remembered-set count="68384" freebytes="2321536" totalbytes="2595072" percent="89" regionsoverflowed="0" regionsstable="0" regionsrebuilding="16"/>
  </mem-info>
</gc-end>
<concurrent-start id="2851" type="GMP work packet processing" contextid="2725" timestamp="2019-06-16T02:56:29.691">
  <concurrent-mark-start scanTarget="1048576" />
</concurrent-start>
<exclusive-end id="2852" timestamp="2019-06-16T02:56:29.691" durationms="1.587" />

<concurrent-end id="2853" type="GMP work packet processing" contextid="2725" timestamp="2019-06-16T02:56:29.691">
  <concurrent-mark-end bytesScanned="1090440" reasonForTermination="Work target met" />
</concurrent-end>

<exclusive-start id="2854" timestamp="2019-06-16T02:56:29.696" intervalms="5.902">
  <response-info timems="0.058" idlems="0.058" threads="0" lastid="0000000001916700" lastname="main" />
</exclusive-start>
<allocation-taxation id="2855" taxation-threshold="11534336" timestamp="2019-06-16T02:56:29.696" intervalms="5.816" />
<cycle-start id="2856" type="partial gc" contextid="0" timestamp="2019-06-16T02:56:29.696" intervalms="13.908" />
<gc-start id="2857" type="partial gc" contextid="2856" timestamp="2019-06-16T02:56:29.696">
  <mem-info id="2858" free="16777216" total="65011712" percent="25">
    <mem type="eden" free="1048520" total="24117248" percent="4" />
    <remembered-set count="79264" freebytes="2278016" totalbytes="2595072" percent="87" regionsoverflowed="0" regionsstable="0" regionsrebuilding="16"/>
  </mem-info>
</gc-start>
<allocation-stats totalBytes="22990704" >
  <allocated-bytes non-tlh="0" tlh="22990704" arrayletleaf="0"/>
  <largest-consumer threadName="main" threadId="0000000001916700" bytes="11496584" />
</allocation-stats>
<gc-op id="2859" type="copy forward" timems="1.506" contextid="2856" timestamp="2019-06-16T02:56:29.699">
  <memory-copied type="eden" objects="2" bytes="56" bytesdiscarded="0" />
  <memory-copied type="other" objects="0" bytes="0" bytesdiscarded="0" />
  <memory-cardclean objects="17" bytes="408" />
  <regions eden="22" other="1" />
  <remembered-set-cleared processed="76669" cleared="4" durationms="0.504" />
  <stringconstants candidates="13747" cleared="0"  />
</gc-op>
<gc-op id="2860" type="classunload" timems="0.004" contextid="2856" timestamp="2019-06-16T02:56:29.699">
  <classunload-info classloadercandidates="54" classloadersunloaded="0" classesunloaded="0" anonymousclassesunloaded="0" quiescems="0.000" setupms="0.004" scanms="0.000" postms="0.000" />
</gc-op>
<gc-end id="2861" type="partial gc" contextid="2856" durationms="2.658" usertimems="4.000" systemtimems="0.000" timestamp="2019-06-16T02:56:29.699" activeThreads="1">
  <mem-info id="2862" free="39845888" total="65011712" percent="61">
    <mem type="eden" free="1048520" total="1048576" percent="99" />
    <remembered-set count="79744" freebytes="2276096" totalbytes="2595072" percent="87" regionsoverflowed="0" regionsstable="0" regionsrebuilding="16"/>
  </mem-info>
</gc-end>
<cycle-end id="2863" type="partial gc" contextid="2856" timestamp="2019-06-16T02:56:29.699" />
  <attribute name="elasticGC enabled" value="1" />
  <attribute name= "numThreadsSpecified" value="1" />
  <attribute name="heapSize specified" value="0" />
  <attribute name="Current GC Util" value="73" />
  <attribute name= "Current Time Running" value="62062" />
  <attribute name ="GC Interval" value="0" />
  <attribute name="ProportionalT" value="79.500000" />
  <attribute name="ProportionalI" value="79.500000" />
  <attribute name="ProportionalH" value="79.500000" />
  <attribute name="Current Error" value="53.000000" />
  <attribute name="IntegralT" value="0.000000" />
  <attribute name="IntegralI" value="0.000000" />
  <attribute name="IntegralH" value="0.000000" />
  <attribute name="DerivativeT" value="inf" />
  <attribute name="DerivativeI" value="inf" />
  <attribute name="DerivativeH" value="inf" />
  <attribute name="Loop Time for DT" value="0.000000" />
  <attribute name="Output H" value="8388608"/>
  <attribute name="Output I" value="200"/>
  <attribute name="Output T" value="1"/>
  <attribute name="Target GC Util Change" value ="20.000000" />
  <attribute name="Current GC Util Change" value="73.000000"/>
  <attribute name="GC Util currently" value="73" />
  <attribute name="CPU Util currently" value="18709196523104" />
<exclusive-end id="2864" timestamp="2019-06-16T02:56:29.699" durationms="3.691" />

<exclusive-start id="2865" timestamp="2019-06-16T02:56:29.704" intervalms="8.048">
  <response-info timems="0.073" idlems="0.073" threads="0" lastid="0000000001916700" lastname="main" />
</exclusive-start>
<allocation-taxation id="2866" taxation-threshold="11534336" timestamp="2019-06-16T02:56:29.704" intervalms="8.135" />
<gc-start id="2867" type="global mark phase" contextid="2725" timestamp="2019-06-16T02:56:29.704">
  <mem-info id="2868" free="28311552" total="65011712" percent="43">
    <remembered-set count="79264" freebytes="2278016" totalbytes="2595072" percent="87" regionsoverflowed="0" regionsstable="0" regionsrebuilding="16"/>
  </mem-info>
</gc-start>
<gc-end id="2869" type="global mark phase" contextid="2725" durationms="0.201" usertimems="0.000" systemtimems="0.000" timestamp="2019-06-16T02:56:29.704" activeThreads="1">
  <mem-info id="2870" free="28311552" total="65011712" percent="43">
    <remembered-set count="79264" freebytes="2278016" totalbytes="2595072" percent="87" regionsoverflowed="0" regionsstable="0" regionsrebuilding="16"/>
  </mem-info>
</gc-end>
<concurrent-start id="2871" type="GMP work packet processing" contextid="2725" timestamp="2019-06-16T02:56:29.705">
  <concurrent-mark-start scanTarget="1048576" />
</concurrent-start>
<exclusive-end id="2872" timestamp="2019-06-16T02:56:29.705" durationms="1.628" />

<concurrent-end id="2873" type="GMP work packet processing" contextid="2725" timestamp="2019-06-16T02:56:29.706">
  <concurrent-mark-end bytesScanned="1085372" reasonForTermination="Work target met" />
</concurrent-end>

<exclusive-start id="2874" timestamp="2019-06-16T02:56:29.710" intervalms="5.911">
  <response-info timems="0.068" idlems="0.068" threads="0" lastid="0000000001916700" lastname="main" />
</exclusive-start>
<allocation-taxation id="2875" taxation-threshold="11534336" timestamp="2019-06-16T02:56:29.710" intervalms="5.896" />
<cycle-start id="2876" type="partial gc" contextid="0" timestamp="2019-06-16T02:56:29.710" intervalms="14.079" />
<gc-start id="2877" type="partial gc" contextid="2876" timestamp="2019-06-16T02:56:29.710">
  <mem-info id="2878" free="16777216" total="65011712" percent="25">
    <mem type="eden" free="1048520" total="24117248" percent="4" />
    <remembered-set count="92672" freebytes="2224384" totalbytes="2595072" percent="85" regionsoverflowed="0" regionsstable="0" regionsrebuilding="16"/>
  </mem-info>
</gc-start>
<allocation-stats totalBytes="22990680" >
  <allocated-bytes non-tlh="0" tlh="22990680" arrayletleaf="0"/>
  <largest-consumer threadName="main" threadId="0000000001916700" bytes="11496584" />
</allocation-stats>
<gc-op id="2879" type="copy forward" timems="1.520" contextid="2876" timestamp="2019-06-16T02:56:29.713">
  <memory-copied type="eden" objects="2" bytes="56" bytesdiscarded="0" />
  <memory-copied type="other" objects="0" bytes="0" bytesdiscarded="0" />
  <memory-cardclean objects="17" bytes="408" />
  <regions eden="22" other="1" />
  <remembered-set-cleared processed="90283" cleared="4" durationms="0.569" />
  <stringconstants candidates="13747" cleared="0"  />
</gc-op>
<gc-op id="2880" type="classunload" timems="0.004" contextid="2876" timestamp="2019-06-16T02:56:29.713">
  <classunload-info classloadercandidates="54" classloadersunloaded="0" classesunloaded="0" anonymousclassesunloaded="0" quiescems="0.000" setupms="0.004" scanms="0.000" postms="0.000" />
</gc-op>
<gc-end id="2881" type="partial gc" contextid="2876" durationms="2.749" usertimems="4.000" systemtimems="0.000" timestamp="2019-06-16T02:56:29.713" activeThreads="1">
  <mem-info id="2882" free="39845888" total="65011712" percent="61">
    <mem type="eden" free="1048520" total="1048576" percent="99" />
    <remembered-set count="93152" freebytes="2222464" totalbytes="2595072" percent="85" regionsoverflowed="0" regionsstable="0" regionsrebuilding="16"/>
  </mem-info>
</gc-end>
<cycle-end id="2883" type="partial gc" contextid="2876" timestamp="2019-06-16T02:56:29.713" />
  <attribute name="elasticGC enabled" value="1" />
  <attribute name= "numThreadsSpecified" value="1" />
  <attribute name="heapSize specified" value="0" />
  <attribute name="Current GC Util" value="55" />
  <attribute name= "Current Time Running" value="62076" />
  <attribute name ="GC Interval" value="0" />
  <attribute name="ProportionalT" value="52.500000" />
  <attribute name="ProportionalI" value="52.500000" />
  <attribute name="ProportionalH" value="52.500000" />
  <attribute name="Current Error" value="35.000000" />
  <attribute name="IntegralT" value="0.000000" />
  <attribute name="IntegralI" value="0.000000" />
  <attribute name="IntegralH" value="0.000000" />
  <attribute name="DerivativeT" value="inf" />
  <attribute name="DerivativeI" value="inf" />
  <attribute name="DerivativeH" value="inf" />
  <attribute name="Loop Time for DT" value="0.000000" />
  <attribute name="Output H" value="8388608"/>
  <attribute name="Output I" value="200"/>
  <attribute name="Output T" value="1"/>
  <attribute name="Target GC Util Change" value ="20.000000" />
  <attribute name="Current GC Util Change" value="55.000000"/>
  <attribute name="GC Util currently" value="55" />
  <attribute name="CPU Util currently" value="19671742673622" />
<exclusive-end id="2884" timestamp="2019-06-16T02:56:29.713" durationms="3.817" />

<exclusive-start id="2885" timestamp="2019-06-16T02:56:29.718" intervalms="8.189">
  <response-info timems="0.074" idlems="0.074" threads="0" lastid="0000000001916700" lastname="main" />
</exclusive-start>
<allocation-taxation id="2886" taxation-threshold="11534336" timestamp="2019-06-16T02:56:29.718" intervalms="8.196" />
<gc-start id="2887" type="global mark phase" contextid="2725" timestamp="2019-06-16T02:56:29.718">
  <mem-info id="2888" free="28311552" total="65011712" percent="43">
    <remembered-set count="92672" freebytes="2224384" totalbytes="2595072" percent="85" regionsoverflowed="0" regionsstable="0" regionsrebuilding="16"/>
  </mem-info>
</gc-start>
<gc-end id="2889" type="global mark phase" contextid="2725" durationms="0.200" usertimems="0.000" systemtimems="0.000" timestamp="2019-06-16T02:56:29.718" activeThreads="1">
  <mem-info id="2890" free="28311552" total="65011712" percent="43">
    <remembered-set count="92672" freebytes="2224384" totalbytes="2595072" percent="85" regionsoverflowed="0" regionsstable="0" regionsrebuilding="16"/>
  </mem-info>
</gc-end>
<concurrent-start id="2891" type="GMP work packet processing" contextid="2725" timestamp="2019-06-16T02:56:29.719">
  <concurrent-mark-start scanTarget="1048576" />
</concurrent-start>
<concurrent-end id="2893" type="GMP work packet processing" contextid="2725" timestamp="2019-06-16T02:56:29.719">
  <concurrent-mark-end bytesScanned="1092596" reasonForTermination="Work target met" />
</concurrent-end>

<exclusive-end id="2892" timestamp="2019-06-16T02:56:29.719" durationms="1.601" />

<exclusive-start id="2894" timestamp="2019-06-16T02:56:29.724" intervalms="6.127">
  <response-info timems="0.076" idlems="0.076" threads="0" lastid="0000000001916700" lastname="main" />
</exclusive-start>
<allocation-taxation id="2895" taxation-threshold="11534336" timestamp="2019-06-16T02:56:29.724" intervalms="6.095" />
<cycle-start id="2896" type="partial gc" contextid="0" timestamp="2019-06-16T02:56:29.724" intervalms="14.274" />
<gc-start id="2897" type="partial gc" contextid="2896" timestamp="2019-06-16T02:56:29.725">
  <mem-info id="2898" free="16777216" total="65011712" percent="25">
    <mem type="eden" free="1048520" total="24117248" percent="4" />
    <remembered-set count="102048" freebytes="2186880" totalbytes="2595072" percent="84" regionsoverflowed="0" regionsstable="0" regionsrebuilding="16"/>
  </mem-info>
</gc-start>
<allocation-stats totalBytes="22990680" >
  <allocated-bytes non-tlh="0" tlh="22990680" arrayletleaf="0"/>
  <largest-consumer threadName="main" threadId="0000000001916700" bytes="11496584" />
</allocation-stats>
<gc-op id="2899" type="copy forward" timems="1.542" contextid="2896" timestamp="2019-06-16T02:56:29.727">
  <memory-copied type="eden" objects="2" bytes="56" bytesdiscarded="0" />
  <memory-copied type="other" objects="0" bytes="0" bytesdiscarded="0" />
  <memory-cardclean objects="17" bytes="408" />
  <regions eden="22" other="1" />
  <remembered-set-cleared processed="99665" cleared="4" durationms="0.618" />
  <stringconstants candidates="13747" cleared="0"  />
</gc-op>
<gc-op id="2900" type="classunload" timems="0.004" contextid="2896" timestamp="2019-06-16T02:56:29.727">
  <classunload-info classloadercandidates="54" classloadersunloaded="0" classesunloaded="0" anonymousclassesunloaded="0" quiescems="0.000" setupms="0.004" scanms="0.000" postms="0.000" />
</gc-op>
<gc-end id="2901" type="partial gc" contextid="2896" durationms="2.671" usertimems="0.000" systemtimems="0.000" timestamp="2019-06-16T02:56:29.727" activeThreads="1">
  <mem-info id="2902" free="39845888" total="65011712" percent="61">
    <mem type="eden" free="1048520" total="1048576" percent="99" />
    <remembered-set count="102528" freebytes="2184960" totalbytes="2595072" percent="84" regionsoverflowed="0" regionsstable="0" regionsrebuilding="16"/>
  </mem-info>
</gc-end>
<cycle-end id="2903" type="partial gc" contextid="2896" timestamp="2019-06-16T02:56:29.727" />
  <attribute name="elasticGC enabled" value="1" />
  <attribute name= "numThreadsSpecified" value="1" />
  <attribute name="heapSize specified" value="0" />
  <attribute name="Current GC Util" value="73" />
  <attribute name= "Current Time Running" value="62090" />
  <attribute name ="GC Interval" value="0" />
  <attribute name="ProportionalT" value="79.500000" />
  <attribute name="ProportionalI" value="79.500000" />
  <attribute name="ProportionalH" value="79.500000" />
  <attribute name="Current Error" value="53.000000" />
  <attribute name="IntegralT" value="0.000000" />
  <attribute name="IntegralI" value="0.000000" />
  <attribute name="IntegralH" value="0.000000" />
  <attribute name="DerivativeT" value="inf" />
  <attribute name="DerivativeI" value="inf" />
  <attribute name="DerivativeH" value="inf" />
  <attribute name="Loop Time for DT" value="0.000000" />
  <attribute name="Output H" value="8388608"/>
  <attribute name="Output I" value="200"/>
  <attribute name="Output T" value="1"/>
  <attribute name="Target GC Util Change" value ="20.000000" />
  <attribute name="Current GC Util Change" value="73.000000"/>
  <attribute name="GC Util currently" value="73" />
  <attribute name="CPU Util currently" value="18576182754864" />
<exclusive-end id="2904" timestamp="2019-06-16T02:56:29.728" durationms="3.726" />

<exclusive-start id="2905" timestamp="2019-06-16T02:56:29.732" intervalms="8.075">
  <response-info timems="0.069" idlems="0.069" threads="0" lastid="0000000001916700" lastname="main" />
</exclusive-start>
<allocation-taxation id="2906" taxation-threshold="11534336" timestamp="2019-06-16T02:56:29.732" intervalms="8.102" />
<gc-start id="2907" type="global mark phase" contextid="2725" timestamp="2019-06-16T02:56:29.732">
  <mem-info id="2908" free="28311552" total="65011712" percent="43">
    <remembered-set count="102048" freebytes="2186880" totalbytes="2595072" percent="84" regionsoverflowed="0" regionsstable="0" regionsrebuilding="16"/>
  </mem-info>
</gc-start>
<gc-end id="2909" type="global mark phase" contextid="2725" durationms="0.189" usertimems="0.000" systemtimems="0.000" timestamp="2019-06-16T02:56:29.733" activeThreads="1">
  <mem-info id="2910" free="28311552" total="65011712" percent="43">
    <remembered-set count="102048" freebytes="2186880" totalbytes="2595072" percent="84" regionsoverflowed="0" regionsstable="0" regionsrebuilding="16"/>
  </mem-info>
</gc-end>
<concurrent-start id="2911" type="GMP work packet processing" contextid="2725" timestamp="2019-06-16T02:56:29.733">
  <concurrent-mark-start scanTarget="1048576" />
</concurrent-start>
<exclusive-end id="2912" timestamp="2019-06-16T02:56:29.734" durationms="1.618" />

<concurrent-end id="2913" type="GMP work packet processing" contextid="2725" timestamp="2019-06-16T02:56:29.734">
  <concurrent-mark-end bytesScanned="1089172" reasonForTermination="Work target met" />
</concurrent-end>

<exclusive-start id="2914" timestamp="2019-06-16T02:56:29.738" intervalms="5.917">
  <response-info timems="0.071" idlems="0.071" threads="0" lastid="0000000001916700" lastname="main" />
</exclusive-start>
<allocation-taxation id="2915" taxation-threshold="11534336" timestamp="2019-06-16T02:56:29.738" intervalms="5.872" />
<cycle-start id="2916" type="partial gc" contextid="0" timestamp="2019-06-16T02:56:29.738" intervalms="13.979" />
<gc-start id="2917" type="partial gc" contextid="2916" timestamp="2019-06-16T02:56:29.739">
  <mem-info id="2918" free="16777216" total="65011712" percent="25">
    <mem type="eden" free="1048520" total="24117248" percent="4" />
    <remembered-set count="114400" freebytes="2137472" totalbytes="2595072" percent="82" regionsoverflowed="0" regionsstable="0" regionsrebuilding="16"/>
  </mem-info>
</gc-start>
<allocation-stats totalBytes="22990680" >
  <allocated-bytes non-tlh="0" tlh="22990680" arrayletleaf="0"/>
  <largest-consumer threadName="main" threadId="0000000001916700" bytes="11496584" />
</allocation-stats>
<gc-op id="2919" type="copy forward" timems="1.672" contextid="2916" timestamp="2019-06-16T02:56:29.741">
  <memory-copied type="eden" objects="2" bytes="56" bytesdiscarded="0" />
  <memory-copied type="other" objects="0" bytes="0" bytesdiscarded="0" />
  <memory-cardclean objects="17" bytes="408" />
  <regions eden="22" other="1" />
  <remembered-set-cleared processed="111798" cleared="4" durationms="0.675" />
  <stringconstants candidates="13747" cleared="0"  />
</gc-op>
<gc-op id="2920" type="classunload" timems="0.004" contextid="2916" timestamp="2019-06-16T02:56:29.741">
  <classunload-info classloadercandidates="54" classloadersunloaded="0" classesunloaded="0" anonymousclassesunloaded="0" quiescems="0.000" setupms="0.004" scanms="0.000" postms="0.000" />
</gc-op>
<gc-end id="2921" type="partial gc" contextid="2916" durationms="2.927" usertimems="4.000" systemtimems="0.000" timestamp="2019-06-16T02:56:29.742" activeThreads="1">
  <mem-info id="2922" free="39845888" total="65011712" percent="61">
    <mem type="eden" free="1048520" total="1048576" percent="99" />
    <remembered-set count="114880" freebytes="2135552" totalbytes="2595072" percent="82" regionsoverflowed="0" regionsstable="0" regionsrebuilding="16"/>
  </mem-info>
</gc-end>
<cycle-end id="2923" type="partial gc" contextid="2916" timestamp="2019-06-16T02:56:29.742" />
  <attribute name="elasticGC enabled" value="1" />
  <attribute name= "numThreadsSpecified" value="1" />
  <attribute name="heapSize specified" value="0" />
  <attribute name="Current GC Util" value="77" />
  <attribute name= "Current Time Running" value="62104" />
  <attribute name ="GC Interval" value="0" />
  <attribute name="ProportionalT" value="85.500000" />
  <attribute name="ProportionalI" value="85.500000" />
  <attribute name="ProportionalH" value="85.500000" />
  <attribute name="Current Error" value="57.000000" />
  <attribute name="IntegralT" value="0.000000" />
  <attribute name="IntegralI" value="0.000000" />
  <attribute name="IntegralH" value="0.000000" />
  <attribute name="DerivativeT" value="inf" />
  <attribute name="DerivativeI" value="inf" />
  <attribute name="DerivativeH" value="inf" />
  <attribute name="Loop Time for DT" value="0.000000" />
  <attribute name="Output H" value="8388608"/>
  <attribute name="Output I" value="200"/>
  <attribute name="Output T" value="1"/>
  <attribute name="Target GC Util Change" value ="20.000000" />
  <attribute name="Current GC Util Change" value="77.000000"/>
  <attribute name="GC Util currently" value="77" />
  <attribute name="CPU Util currently" value="18179146871040" />
<exclusive-end id="2924" timestamp="2019-06-16T02:56:29.742" durationms="4.015" />

<exclusive-start id="2925" timestamp="2019-06-16T02:56:29.746" intervalms="8.349">
  <response-info timems="0.066" idlems="0.066" threads="0" lastid="0000000001916700" lastname="main" />
</exclusive-start>
<allocation-taxation id="2926" taxation-threshold="11534336" timestamp="2019-06-16T02:56:29.747" intervalms="8.392" />
<gc-start id="2927" type="global mark phase" contextid="2725" timestamp="2019-06-16T02:56:29.747">
  <mem-info id="2928" free="28311552" total="65011712" percent="43">
    <remembered-set count="114400" freebytes="2137472" totalbytes="2595072" percent="82" regionsoverflowed="0" regionsstable="0" regionsrebuilding="16"/>
  </mem-info>
</gc-start>
<gc-end id="2929" type="global mark phase" contextid="2725" durationms="0.208" usertimems="0.000" systemtimems="0.000" timestamp="2019-06-16T02:56:29.747" activeThreads="1">
  <mem-info id="2930" free="28311552" total="65011712" percent="43">
    <remembered-set count="114400" freebytes="2137472" totalbytes="2595072" percent="82" regionsoverflowed="0" regionsstable="0" regionsrebuilding="16"/>
  </mem-info>
</gc-end>
<concurrent-start id="2931" type="GMP work packet processing" contextid="2725" timestamp="2019-06-16T02:56:29.747">
  <concurrent-mark-start scanTarget="1048576" />
</concurrent-start>
<exclusive-end id="2932" timestamp="2019-06-16T02:56:29.748" durationms="1.584" />

<concurrent-end id="2933" type="GMP work packet processing" contextid="2725" timestamp="2019-06-16T02:56:29.748">
  <concurrent-mark-end bytesScanned="1093516" reasonForTermination="Work target met" />
</concurrent-end>

<exclusive-start id="2934" timestamp="2019-06-16T02:56:29.752" intervalms="5.889">
  <response-info timems="0.076" idlems="0.076" threads="0" lastid="0000000001916700" lastname="main" />
</exclusive-start>
<allocation-taxation id="2935" taxation-threshold="11534336" timestamp="2019-06-16T02:56:29.752" intervalms="5.817" />
<cycle-start id="2936" type="partial gc" contextid="0" timestamp="2019-06-16T02:56:29.753" intervalms="14.168" />
<gc-start id="2937" type="partial gc" contextid="2936" timestamp="2019-06-16T02:56:29.753">
  <mem-info id="2938" free="16777216" total="65011712" percent="25">
    <mem type="eden" free="1048520" total="24117248" percent="4" />
    <remembered-set count="123936" freebytes="2099328" totalbytes="2595072" percent="80" regionsoverflowed="0" regionsstable="0" regionsrebuilding="16"/>
  </mem-info>
</gc-start>
<allocation-stats totalBytes="22990680" >
  <allocated-bytes non-tlh="0" tlh="22990680" arrayletleaf="0"/>
  <largest-consumer threadName="main" threadId="0000000001916700" bytes="11496584" />
</allocation-stats>
<gc-op id="2939" type="copy forward" timems="1.735" contextid="2936" timestamp="2019-06-16T02:56:29.755">
  <memory-copied type="eden" objects="2" bytes="56" bytesdiscarded="0" />
  <memory-copied type="other" objects="0" bytes="0" bytesdiscarded="0" />
  <memory-cardclean objects="17" bytes="408" />
  <regions eden="22" other="1" />
  <remembered-set-cleared processed="121333" cleared="4" durationms="0.442" />
  <stringconstants candidates="13747" cleared="0"  />
</gc-op>
<gc-op id="2940" type="classunload" timems="0.004" contextid="2936" timestamp="2019-06-16T02:56:29.755">
  <classunload-info classloadercandidates="54" classloadersunloaded="0" classesunloaded="0" anonymousclassesunloaded="0" quiescems="0.000" setupms="0.003" scanms="0.000" postms="0.000" />
</gc-op>
<gc-end id="2941" type="partial gc" contextid="2936" durationms="2.829" usertimems="4.000" systemtimems="0.000" timestamp="2019-06-16T02:56:29.756" activeThreads="4">
  <mem-info id="2942" free="39845888" total="65011712" percent="61">
    <mem type="eden" free="1048520" total="1048576" percent="99" />
    <remembered-set count="123360" freebytes="2101632" totalbytes="2595072" percent="80" regionsoverflowed="0" regionsstable="0" regionsrebuilding="16"/>
  </mem-info>
</gc-end>
<cycle-end id="2943" type="partial gc" contextid="2936" timestamp="2019-06-16T02:56:29.756" />
  <attribute name="elasticGC enabled" value="1" />
  <attribute name= "numThreadsSpecified" value="4" />
  <attribute name="heapSize specified" value="0" />
  <attribute name="Current GC Util" value="76" />
  <attribute name= "Current Time Running" value="62119" />
  <attribute name ="GC Interval" value="0" />
  <attribute name="ProportionalT" value="84.000000" />
  <attribute name="ProportionalI" value="84.000000" />
  <attribute name="ProportionalH" value="84.000000" />
  <attribute name="Current Error" value="56.000000" />
  <attribute name="IntegralT" value="56.000000" />
  <attribute name="IntegralI" value="56.000000" />
  <attribute name="IntegralH" value="56.000000" />
  <attribute name="DerivativeT" value="51.000000" />
  <attribute name="DerivativeI" value="51.000000" />
  <attribute name="DerivativeH" value="51.000000" />
  <attribute name="Loop Time for DT" value="1.000000" />
  <attribute name="Output H" value="8388608"/>
  <attribute name="Output I" value="200"/>
  <attribute name="Output T" value="4"/>
  <attribute name="Target GC Util Change" value ="20.000000" />
  <attribute name="Current GC Util Change" value="76.000000"/>
  <attribute name="GC Util currently" value="76" />
  <attribute name="CPU Util currently" value="20232549677257" />
<exclusive-end id="2944" timestamp="2019-06-16T02:56:29.756" durationms="3.793" />

<exclusive-start id="2945" timestamp="2019-06-16T02:56:29.760" intervalms="8.173">
  <response-info timems="0.078" idlems="0.078" threads="0" lastid="0000000001916700" lastname="main" />
</exclusive-start>
<allocation-taxation id="2946" taxation-threshold="11534336" timestamp="2019-06-16T02:56:29.761" intervalms="8.252" />
<gc-start id="2947" type="global mark phase" contextid="2725" timestamp="2019-06-16T02:56:29.761">
  <mem-info id="2948" free="28311552" total="65011712" percent="43">
    <remembered-set count="123360" freebytes="2101632" totalbytes="2595072" percent="80" regionsoverflowed="0" regionsstable="0" regionsrebuilding="16"/>
  </mem-info>
</gc-start>
<gc-end id="2949" type="global mark phase" contextid="2725" durationms="0.203" usertimems="0.000" systemtimems="0.000" timestamp="2019-06-16T02:56:29.761" activeThreads="4">
  <mem-info id="2950" free="28311552" total="65011712" percent="43">
    <remembered-set count="123360" freebytes="2101632" totalbytes="2595072" percent="80" regionsoverflowed="0" regionsstable="0" regionsrebuilding="16"/>
  </mem-info>
</gc-end>
<concurrent-start id="2951" type="GMP work packet processing" contextid="2725" timestamp="2019-06-16T02:56:29.761">
  <concurrent-mark-start scanTarget="1503332" />
</concurrent-start>
<exclusive-end id="2952" timestamp="2019-06-16T02:56:29.762" durationms="1.373" />

<concurrent-end id="2953" type="GMP work packet processing" contextid="2725" timestamp="2019-06-16T02:56:29.762">
  <concurrent-mark-end bytesScanned="563572" reasonForTermination="Completed all work in GC phase" />
</concurrent-end>

<exclusive-start id="2954" timestamp="2019-06-16T02:56:29.766" intervalms="5.570">
  <response-info timems="0.073" idlems="0.073" threads="0" lastid="0000000001916700" lastname="main" />
</exclusive-start>
<allocation-taxation id="2955" taxation-threshold="11534336" timestamp="2019-06-16T02:56:29.766" intervalms="5.551" />
<cycle-start id="2956" type="partial gc" contextid="0" timestamp="2019-06-16T02:56:29.766" intervalms="13.891" />
<gc-start id="2957" type="partial gc" contextid="2956" timestamp="2019-06-16T02:56:29.767">
  <mem-info id="2958" free="16777216" total="65011712" percent="25">
    <mem type="eden" free="1048520" total="24117248" percent="4" />
    <remembered-set count="129600" freebytes="2076672" totalbytes="2595072" percent="80" regionsoverflowed="0" regionsstable="0" regionsrebuilding="16"/>
  </mem-info>
</gc-start>
<allocation-stats totalBytes="22990680" >
  <allocated-bytes non-tlh="0" tlh="22990680" arrayletleaf="0"/>
  <largest-consumer threadName="main" threadId="0000000001916700" bytes="11496584" />
</allocation-stats>
<gc-op id="2959" type="copy forward" timems="1.612" contextid="2956" timestamp="2019-06-16T02:56:29.769">
  <memory-copied type="eden" objects="2" bytes="56" bytesdiscarded="0" />
  <memory-copied type="other" objects="0" bytes="0" bytesdiscarded="0" />
  <memory-cardclean objects="17" bytes="408" />
  <regions eden="22" other="1" />
  <remembered-set-cleared processed="127099" cleared="4" durationms="0.753" />
  <stringconstants candidates="13747" cleared="0"  />
</gc-op>
<gc-op id="2960" type="classunload" timems="0.004" contextid="2956" timestamp="2019-06-16T02:56:29.769">
  <classunload-info classloadercandidates="54" classloadersunloaded="0" classesunloaded="0" anonymousclassesunloaded="0" quiescems="0.000" setupms="0.004" scanms="0.000" postms="0.000" />
</gc-op>
<gc-end id="2961" type="partial gc" contextid="2956" durationms="2.831" usertimems="0.000" systemtimems="0.000" timestamp="2019-06-16T02:56:29.769" activeThreads="1">
  <mem-info id="2962" free="39845888" total="65011712" percent="61">
    <mem type="eden" free="1048520" total="1048576" percent="99" />
    <remembered-set count="130080" freebytes="2074752" totalbytes="2595072" percent="79" regionsoverflowed="0" regionsstable="0" regionsrebuilding="16"/>
  </mem-info>
</gc-end>
<cycle-end id="2963" type="partial gc" contextid="2956" timestamp="2019-06-16T02:56:29.770" />
  <attribute name="elasticGC enabled" value="1" />
  <attribute name= "numThreadsSpecified" value="1" />
  <attribute name="heapSize specified" value="0" />
  <attribute name="Current GC Util" value="57" />
  <attribute name= "Current Time Running" value="62132" />
  <attribute name ="GC Interval" value="0" />
  <attribute name="ProportionalT" value="55.500000" />
  <attribute name="ProportionalI" value="55.500000" />
  <attribute name="ProportionalH" value="55.500000" />
  <attribute name="Current Error" value="37.000000" />
  <attribute name="IntegralT" value="0.000000" />
  <attribute name="IntegralI" value="0.000000" />
  <attribute name="IntegralH" value="0.000000" />
  <attribute name="DerivativeT" value="inf" />
  <attribute name="DerivativeI" value="inf" />
  <attribute name="DerivativeH" value="inf" />
  <attribute name="Loop Time for DT" value="0.000000" />
  <attribute name="Output H" value="8388608"/>
  <attribute name="Output I" value="200"/>
  <attribute name="Output T" value="1"/>
  <attribute name="Target GC Util Change" value ="20.000000" />
  <attribute name="Current GC Util Change" value="57.000000"/>
  <attribute name="GC Util currently" value="57" />
  <attribute name="CPU Util currently" value="20164871634771" />
<exclusive-end id="2964" timestamp="2019-06-16T02:56:29.770" durationms="3.923" />

<exclusive-start id="2965" timestamp="2019-06-16T02:56:29.774" intervalms="8.278">
  <response-info timems="0.067" idlems="0.067" threads="0" lastid="0000000001916700" lastname="main" />
</exclusive-start>
<allocation-taxation id="2966" taxation-threshold="11534336" timestamp="2019-06-16T02:56:29.774" intervalms="8.303" />
<gc-start id="2967" type="global mark phase" contextid="2725" timestamp="2019-06-16T02:56:29.775">
  <mem-info id="2968" free="28311552" total="65011712" percent="43">
    <remembered-set count="129600" freebytes="2076672" totalbytes="2595072" percent="80" regionsoverflowed="0" regionsstable="0" regionsrebuilding="16"/>
  </mem-info>
</gc-start>
<gc-op id="2969" type="mark increment" timems="1.279" contextid="2725" timestamp="2019-06-16T02:56:29.776">
  <trace-info objectcount="2" scancount="2" scanbytes="56" />
  <cardclean-info objects="17" bytes="408" />
  <finalization candidates="79" enqueued="0" />
  <ownableSynchronizers candidates="23" cleared="0" />
  <references type="soft" candidates="4491" cleared="66" enqueued="66" dynamicThreshold="19" maxThreshold="32" />
  <references type="weak" candidates="5694" cleared="0" enqueued="0" />
  <references type="phantom" candidates="100" cleared="0" enqueued="0" />
  <stringconstants candidates="13747" cleared="0"  />
</gc-op>
<gc-op id="2970" type="classunload" timems="0.005" contextid="2725" timestamp="2019-06-16T02:56:29.776">
  <classunload-info classloadercandidates="54" classloadersunloaded="0" classesunloaded="0" anonymousclassesunloaded="0" quiescems="0.000" setupms="0.005" scanms="0.000" postms="0.000" />
</gc-op>
<gc-end id="2971" type="global mark phase" contextid="2725" durationms="1.734" usertimems="4.000" systemtimems="0.000" timestamp="2019-06-16T02:56:29.776" activeThreads="4">
  <mem-info id="2972" free="28311552" total="65011712" percent="43">
    <pending-finalizers system="0" default="0" reference="66" classloader="0" />
    <remembered-set count="130624" freebytes="2072576" totalbytes="2595072" percent="79" regionsoverflowed="0" regionsstable="0" regionsrebuilding="0"/>
  </mem-info>
</gc-end>
<cycle-end id="2973" type="global mark phase" contextid="2725" timestamp="2019-06-16T02:56:29.776" />
  <attribute name="elasticGC enabled" value="1" />
  <attribute name= "numThreadsSpecified" value="4" />
  <attribute name="heapSize specified" value="0" />
  <attribute name="Current GC Util" value="0" />
  <attribute name= "Current Time Running" value="62140" />
  <attribute name ="GC Interval" value="0" />
  <attribute name="ProportionalT" value="-30.000000" />
  <attribute name="ProportionalI" value="-30.000000" />
  <attribute name="ProportionalH" value="-30.000000" />
  <attribute name="Current Error" value="-20.000000" />
  <attribute name="IntegralT" value="0.000000" />
  <attribute name="IntegralI" value="0.000000" />
  <attribute name="IntegralH" value="0.000000" />
  <attribute name="DerivativeT" value="-inf" />
  <attribute name="DerivativeI" value="-inf" />
  <attribute name="DerivativeH" value="-inf" />
  <attribute name="Loop Time for DT" value="0.000000" />
  <attribute name="Output H" value="2091843584"/>
  <attribute name="Output I" value="200"/>
  <attribute name="Output T" value="4"/>
  <attribute name="Target GC Util Change" value ="20.000000" />
  <attribute name="Current GC Util Change" value="0.000000"/>
  <attribute name="GC Util currently" value="0" />
  <attribute name="CPU Util currently" value="75280541592087" />
<exclusive-end id="2974" timestamp="2019-06-16T02:56:29.777" durationms="2.500" />

<exclusive-start id="2975" timestamp="2019-06-16T02:56:29.781" intervalms="6.869">
  <response-info timems="0.102" idlems="0.102" threads="0" lastid="0000000001916700" lastname="main" />
</exclusive-start>
<allocation-taxation id="2976" taxation-threshold="11534336" timestamp="2019-06-16T02:56:29.781" intervalms="6.866" />
<cycle-start id="2977" type="partial gc" contextid="0" timestamp="2019-06-16T02:56:29.782" intervalms="15.085" />
<gc-start id="2978" type="partial gc" contextid="2977" timestamp="2019-06-16T02:56:29.782">
  <mem-info id="2979" free="16777216" total="65011712" percent="25">
    <mem type="eden" free="1048520" total="24117248" percent="4" />
    <remembered-set count="123296" freebytes="2101888" totalbytes="2595072" percent="80" regionsoverflowed="0" regionsstable="6" regionsrebuilding="0"/>
  </mem-info>
</gc-start>
<allocation-stats totalBytes="22990680" >
  <allocated-bytes non-tlh="0" tlh="22990680" arrayletleaf="0"/>
  <largest-consumer threadName="main" threadId="0000000001916700" bytes="11496584" />
</allocation-stats>
<gc-op id="2980" type="sweep" timems="0.664" contextid="2977" timestamp="2019-06-16T02:56:29.783" />
<gc-op id="2981" type="copy forward" timems="1.602" contextid="2977" timestamp="2019-06-16T02:56:29.785">
  <memory-copied type="eden" objects="2" bytes="56" bytesdiscarded="0" />
  <memory-copied type="other" objects="0" bytes="0" bytesdiscarded="0" />
  <memory-cardclean objects="145" bytes="5592" />
  <regions eden="11" other="1" />
  <remembered-set-cleared processed="121681" cleared="30" durationms="0.412" />
  <stringconstants candidates="13747" cleared="0"  />
</gc-op>
<gc-op id="2982" type="classunload" timems="0.004" contextid="2977" timestamp="2019-06-16T02:56:29.785">
  <classunload-info classloadercandidates="54" classloadersunloaded="0" classesunloaded="0" anonymousclassesunloaded="0" quiescems="0.000" setupms="0.004" scanms="0.000" postms="0.000" />
</gc-op>
<gc-end id="2983" type="partial gc" contextid="2977" durationms="3.700" usertimems="4.000" systemtimems="0.000" timestamp="2019-06-16T02:56:29.785" activeThreads="4">
  <mem-info id="2984" free="39845888" total="65011712" percent="61">
    <mem type="eden" free="1048520" total="1048576" percent="99" />
    <remembered-set count="123392" freebytes="2101504" totalbytes="2595072" percent="80" regionsoverflowed="0" regionsstable="6" regionsrebuilding="0"/>
  </mem-info>
</gc-end>
<cycle-end id="2985" type="partial gc" contextid="2977" timestamp="2019-06-16T02:56:29.786" />
  <attribute name="elasticGC enabled" value="1" />
  <attribute name= "numThreadsSpecified" value="4" />
  <attribute name="heapSize specified" value="0" />
  <attribute name="Current GC Util" value="70" />
  <attribute name= "Current Time Running" value="62148" />
  <attribute name ="GC Interval" value="0" />
  <attribute name="ProportionalT" value="75.000000" />
  <attribute name="ProportionalI" value="75.000000" />
  <attribute name="ProportionalH" value="75.000000" />
  <attribute name="Current Error" value="50.000000" />
  <attribute name="IntegralT" value="0.000000" />
  <attribute name="IntegralI" value="0.000000" />
  <attribute name="IntegralH" value="0.000000" />
  <attribute name="DerivativeT" value="-inf" />
  <attribute name="DerivativeI" value="-inf" />
  <attribute name="DerivativeH" value="-inf" />
  <attribute name="Loop Time for DT" value="0.000000" />
  <attribute name="Output H" value="2091843584"/>
  <attribute name="Output I" value="200"/>
  <attribute name="Output T" value="4"/>
  <attribute name="Target GC Util Change" value ="20.000000" />
  <attribute name="Current GC Util Change" value="70.000000"/>
  <attribute name="GC Util currently" value="70" />
  <attribute name="CPU Util currently" value="20444951711935" />
<exclusive-end id="2986" timestamp="2019-06-16T02:56:29.786" durationms="4.732" />

<exclusive-start id="2987" timestamp="2019-06-16T02:56:29.794" intervalms="13.117">
  <response-info timems="0.092" idlems="0.092" threads="0" lastid="0000000001916700" lastname="main" />
</exclusive-start>
<allocation-taxation id="2988" taxation-threshold="23068672" timestamp="2019-06-16T02:56:29.794" intervalms="13.118" />
<cycle-start id="2989" type="partial gc" contextid="0" timestamp="2019-06-16T02:56:29.795" intervalms="13.186" />
<gc-start id="2990" type="partial gc" contextid="2989" timestamp="2019-06-16T02:56:29.795">
  <mem-info id="2991" free="16777216" total="65011712" percent="25">
    <mem type="eden" free="1048520" total="24117248" percent="4" />
    <remembered-set count="123392" freebytes="2101504" totalbytes="2595072" percent="80" regionsoverflowed="0" regionsstable="6" regionsrebuilding="0"/>
  </mem-info>
</gc-start>
<allocation-stats totalBytes="22990680" >
  <allocated-bytes non-tlh="0" tlh="22990680" arrayletleaf="0"/>
  <largest-consumer threadName="main" threadId="0000000001916700" bytes="22990680" />
</allocation-stats>
<gc-op id="2992" type="copy forward" timems="1.726" contextid="2989" timestamp="2019-06-16T02:56:29.797">
  <memory-copied type="eden" objects="2" bytes="56" bytesdiscarded="0" />
  <memory-copied type="other" objects="36" bytes="968" bytesdiscarded="1120" />
  <memory-cardclean objects="73" bytes="10360" />
  <regions eden="22" other="4" />
  <remembered-set-cleared processed="121664" cleared="84" durationms="0.423" />
  <references type="weak" candidates="16" cleared="0" enqueued="0" />
  <stringconstants candidates="13747" cleared="0"  />
</gc-op>
<gc-op id="2993" type="classunload" timems="0.004" contextid="2989" timestamp="2019-06-16T02:56:29.798">
  <classunload-info classloadercandidates="54" classloadersunloaded="0" classesunloaded="0" anonymousclassesunloaded="0" quiescems="0.000" setupms="0.003" scanms="0.000" postms="0.000" />
</gc-op>
<heap-resize id="2994" type="contract" space="default" amount="3145728" count="1" timems="0.196" reason="excess free space following gc" timestamp="2019-06-16T02:56:29.798" />
<gc-end id="2995" type="partial gc" contextid="2989" durationms="3.125" usertimems="4.000" systemtimems="0.000" timestamp="2019-06-16T02:56:29.798" activeThreads="4">
  <mem-info id="2996" free="37748736" total="61865984" percent="61">
    <mem type="eden" free="1048520" total="1048576" percent="99" />
    <remembered-set count="123584" freebytes="2100736" totalbytes="2595072" percent="80" regionsoverflowed="0" regionsstable="6" regionsrebuilding="0"/>
  </mem-info>
</gc-end>
<cycle-end id="2997" type="partial gc" contextid="2989" timestamp="2019-06-16T02:56:29.798" />
  <attribute name="elasticGC enabled" value="1" />
  <attribute name= "numThreadsSpecified" value="4" />
  <attribute name="heapSize specified" value="0" />
  <attribute name="Current GC Util" value="59" />
  <attribute name= "Current Time Running" value="62161" />
  <attribute name ="GC Interval" value="0" />
  <attribute name="ProportionalT" value="58.500000" />
  <attribute name="ProportionalI" value="58.500000" />
  <attribute name="ProportionalH" value="58.500000" />
  <attribute name="Current Error" value="39.000000" />
  <attribute name="IntegralT" value="39.000000" />
  <attribute name="IntegralI" value="39.000000" />
  <attribute name="IntegralH" value="39.000000" />
  <attribute name="DerivativeT" value="22.000000" />
  <attribute name="DerivativeI" value="22.000000" />
  <attribute name="DerivativeH" value="22.000000" />
  <attribute name="Loop Time for DT" value="1.000000" />
  <attribute name="Output H" value="8388608"/>
  <attribute name="Output I" value="200"/>
  <attribute name="Output T" value="4"/>
  <attribute name="Target GC Util Change" value ="20.000000" />
  <attribute name="Current GC Util Change" value="59.000000"/>
  <attribute name="GC Util currently" value="59" />
  <attribute name="CPU Util currently" value="19821738249876" />
<exclusive-end id="2998" timestamp="2019-06-16T02:56:29.799" durationms="4.329" />

<exclusive-start id="2999" timestamp="2019-06-16T02:56:29.807" intervalms="12.370">
  <response-info timems="0.069" idlems="0.069" threads="0" lastid="0000000001916700" lastname="main" />
</exclusive-start>
<allocation-taxation id="3000" taxation-threshold="22020096" timestamp="2019-06-16T02:56:29.807" intervalms="12.371" />
<cycle-start id="3001" type="partial gc" contextid="0" timestamp="2019-06-16T02:56:29.807" intervalms="12.337" />
<gc-start id="3002" type="partial gc" contextid="3001" timestamp="2019-06-16T02:56:29.807">
  <mem-info id="3003" free="15728640" total="61865984" percent="25">
    <mem type="eden" free="1048520" total="23068672" percent="4" />
    <remembered-set count="800" freebytes="2591872" totalbytes="2595072" percent="99" regionsoverflowed="0" regionsstable="18" regionsrebuilding="0"/>
  </mem-info>
</gc-start>
<allocation-stats totalBytes="21945536" >
  <allocated-bytes non-tlh="0" tlh="21945536" arrayletleaf="0"/>
  <largest-consumer threadName="main" threadId="0000000001916700" bytes="21945536" />
</allocation-stats>
<gc-op id="3004" type="copy forward" timems="1.646" contextid="3001" timestamp="2019-06-16T02:56:29.810">
  <memory-copied type="eden" objects="2" bytes="56" bytesdiscarded="0" />
  <memory-copied type="other" objects="69" bytes="2872" bytesdiscarded="648" />
  <memory-cardclean objects="88" bytes="11160" />
  <regions eden="21" other="2" />
  <remembered-set-cleared processed="22" cleared="1" durationms="0.081" />
  <references type="weak" candidates="2" cleared="0" enqueued="0" />
  <stringconstants candidates="13747" cleared="0"  />
</gc-op>
<gc-op id="3005" type="classunload" timems="0.004" contextid="3001" timestamp="2019-06-16T02:56:29.810">
  <classunload-info classloadercandidates="54" classloadersunloaded="0" classesunloaded="0" anonymousclassesunloaded="0" quiescems="0.000" setupms="0.004" scanms="0.000" postms="0.000" />
</gc-op>
<gc-end id="3006" type="partial gc" contextid="3001" durationms="2.826" usertimems="4.000" systemtimems="0.000" timestamp="2019-06-16T02:56:29.810" activeThreads="4">
  <mem-info id="3007" free="37748736" total="61865984" percent="61">
    <mem type="eden" free="1048520" total="1048576" percent="99" />
    <remembered-set count="1664" freebytes="2462848" totalbytes="2469504" percent="99" regionsoverflowed="0" regionsstable="18" regionsrebuilding="0"/>
  </mem-info>
</gc-end>
<cycle-end id="3008" type="partial gc" contextid="3001" timestamp="2019-06-16T02:56:29.810" />
  <attribute name="elasticGC enabled" value="1" />
  <attribute name= "numThreadsSpecified" value="4" />
  <attribute name="heapSize specified" value="0" />
  <attribute name="Current GC Util" value="32" />
  <attribute name= "Current Time Running" value="62173" />
  <attribute name ="GC Interval" value="0" />
  <attribute name="ProportionalT" value="18.000000" />
  <attribute name="ProportionalI" value="18.000000" />
  <attribute name="ProportionalH" value="18.000000" />
  <attribute name="Current Error" value="12.000000" />
  <attribute name="IntegralT" value="0.000000" />
  <attribute name="IntegralI" value="0.000000" />
  <attribute name="IntegralH" value="0.000000" />
  <attribute name="DerivativeT" value="-inf" />
  <attribute name="DerivativeI" value="-inf" />
  <attribute name="DerivativeH" value="-inf" />
  <attribute name="Loop Time for DT" value="0.000000" />
  <attribute name="Output H" value="2091843584"/>
  <attribute name="Output I" value="200"/>
  <attribute name="Output T" value="4"/>
  <attribute name="Target GC Util Change" value ="20.000000" />
  <attribute name="Current GC Util Change" value="32.000000"/>
  <attribute name="GC Util currently" value="32" />
  <attribute name="CPU Util currently" value="11373287176887" />
<exclusive-end id="3009" timestamp="2019-06-16T02:56:29.811" durationms="3.938" />

<exclusive-start id="3010" timestamp="2019-06-16T02:56:29.819" intervalms="11.939">
  <response-info timems="0.078" idlems="0.078" threads="0" lastid="0000000001916700" lastname="main" />
</exclusive-start>
<allocation-taxation id="3011" taxation-threshold="22020096" timestamp="2019-06-16T02:56:29.819" intervalms="11.948" />
<cycle-start id="3012" type="partial gc" contextid="0" timestamp="2019-06-16T02:56:29.819" intervalms="12.002" />
<gc-start id="3013" type="partial gc" contextid="3012" timestamp="2019-06-16T02:56:29.819">
  <mem-info id="3014" free="15728640" total="61865984" percent="25">
    <mem type="eden" free="1048520" total="23068672" percent="4" />
    <remembered-set count="1248" freebytes="2464512" totalbytes="2469504" percent="99" regionsoverflowed="0" regionsstable="18" regionsrebuilding="0"/>
  </mem-info>
</gc-start>
<allocation-stats totalBytes="21945536" >
  <allocated-bytes non-tlh="0" tlh="21945536" arrayletleaf="0"/>
  <largest-consumer threadName="main" threadId="0000000001916700" bytes="21945536" />
</allocation-stats>
<gc-op id="3015" type="copy forward" timems="0.827" contextid="3012" timestamp="2019-06-16T02:56:29.821">
  <memory-copied type="eden" objects="2" bytes="56" bytesdiscarded="0" />
  <memory-copied type="other" objects="0" bytes="0" bytesdiscarded="0" />
  <memory-cardclean objects="15" bytes="376" />
  <regions eden="21" other="1" />
  <remembered-set-cleared processed="33" cleared="0" durationms="0.096" />
  <stringconstants candidates="13747" cleared="0"  />
</gc-op>
<gc-op id="3016" type="classunload" timems="0.003" contextid="3012" timestamp="2019-06-16T02:56:29.821">
  <classunload-info classloadercandidates="54" classloadersunloaded="0" classesunloaded="0" anonymousclassesunloaded="0" quiescems="0.000" setupms="0.003" scanms="0.000" postms="0.000" />
</gc-op>
<gc-end id="3017" type="partial gc" contextid="3012" durationms="1.970" usertimems="0.000" systemtimems="0.000" timestamp="2019-06-16T02:56:29.821" activeThreads="1">
  <mem-info id="3018" free="37748736" total="61865984" percent="61">
    <mem type="eden" free="1048520" total="1048576" percent="99" />
    <remembered-set count="1728" freebytes="2462592" totalbytes="2469504" percent="99" regionsoverflowed="0" regionsstable="18" regionsrebuilding="0"/>
  </mem-info>
</gc-end>
<cycle-end id="3019" type="partial gc" contextid="3012" timestamp="2019-06-16T02:56:29.821" />
  <attribute name="elasticGC enabled" value="1" />
  <attribute name= "numThreadsSpecified" value="1" />
  <attribute name="heapSize specified" value="0" />
  <attribute name="Current GC Util" value="55" />
  <attribute name= "Current Time Running" value="62185" />
  <attribute name ="GC Interval" value="0" />
  <attribute name="ProportionalT" value="52.500000" />
  <attribute name="ProportionalI" value="52.500000" />
  <attribute name="ProportionalH" value="52.500000" />
  <attribute name="Current Error" value="35.000000" />
  <attribute name="IntegralT" value="0.000000" />
  <attribute name="IntegralI" value="0.000000" />
  <attribute name="IntegralH" value="0.000000" />
  <attribute name="DerivativeT" value="inf" />
  <attribute name="DerivativeI" value="inf" />
  <attribute name="DerivativeH" value="inf" />
  <attribute name="Loop Time for DT" value="0.000000" />
  <attribute name="Output H" value="8388608"/>
  <attribute name="Output I" value="200"/>
  <attribute name="Output T" value="1"/>
  <attribute name="Target GC Util Change" value ="20.000000" />
  <attribute name="Current GC Util Change" value="55.000000"/>
  <attribute name="GC Util currently" value="55" />
  <attribute name="CPU Util currently" value="19786953869659" />
<exclusive-end id="3020" timestamp="2019-06-16T02:56:29.822" durationms="3.176" />

<exclusive-start id="3021" timestamp="2019-06-16T02:56:29.830" intervalms="11.115">
  <response-info timems="0.072" idlems="0.072" threads="0" lastid="0000000001916700" lastname="main" />
</exclusive-start>
<allocation-taxation id="3022" taxation-threshold="22020096" timestamp="2019-06-16T02:56:29.830" intervalms="11.055" />
<cycle-start id="3023" type="partial gc" contextid="0" timestamp="2019-06-16T02:56:29.830" intervalms="11.034" />
<gc-start id="3024" type="partial gc" contextid="3023" timestamp="2019-06-16T02:56:29.830">
  <mem-info id="3025" free="15728640" total="61865984" percent="25">
    <mem type="eden" free="1048520" total="23068672" percent="4" />
    <remembered-set count="1248" freebytes="2464512" totalbytes="2469504" percent="99" regionsoverflowed="0" regionsstable="18" regionsrebuilding="0"/>
  </mem-info>
</gc-start>
<allocation-stats totalBytes="21945536" >
  <allocated-bytes non-tlh="0" tlh="21945536" arrayletleaf="0"/>
  <largest-consumer threadName="main" threadId="0000000001916700" bytes="21945536" />
</allocation-stats>
<gc-op id="3026" type="copy forward" timems="0.831" contextid="3023" timestamp="2019-06-16T02:56:29.832">
  <memory-copied type="eden" objects="2" bytes="56" bytesdiscarded="0" />
  <memory-copied type="other" objects="0" bytes="0" bytesdiscarded="0" />
  <memory-cardclean objects="15" bytes="376" />
  <regions eden="21" other="1" />
  <remembered-set-cleared processed="33" cleared="0" durationms="0.095" />
  <stringconstants candidates="13747" cleared="0"  />
</gc-op>
<gc-op id="3027" type="classunload" timems="0.003" contextid="3023" timestamp="2019-06-16T02:56:29.832">
  <classunload-info classloadercandidates="54" classloadersunloaded="0" classesunloaded="0" anonymousclassesunloaded="0" quiescems="0.000" setupms="0.003" scanms="0.000" postms="0.000" />
</gc-op>
<gc-end id="3028" type="partial gc" contextid="3023" durationms="1.943" usertimems="4.000" systemtimems="0.000" timestamp="2019-06-16T02:56:29.832" activeThreads="1">
  <mem-info id="3029" free="37748736" total="61865984" percent="61">
    <mem type="eden" free="1048520" total="1048576" percent="99" />
    <remembered-set count="1728" freebytes="2462592" totalbytes="2469504" percent="99" regionsoverflowed="0" regionsstable="18" regionsrebuilding="0"/>
  </mem-info>
</gc-end>
<cycle-end id="3030" type="partial gc" contextid="3023" timestamp="2019-06-16T02:56:29.832" />
  <attribute name="elasticGC enabled" value="1" />
  <attribute name= "numThreadsSpecified" value="1" />
  <attribute name="heapSize specified" value="0" />
  <attribute name="Current GC Util" value="80" />
  <attribute name= "Current Time Running" value="62196" />
  <attribute name ="GC Interval" value="0" />
  <attribute name="ProportionalT" value="90.000000" />
  <attribute name="ProportionalI" value="90.000000" />
  <attribute name="ProportionalH" value="90.000000" />
  <attribute name="Current Error" value="60.000000" />
  <attribute name="IntegralT" value="0.000000" />
  <attribute name="IntegralI" value="0.000000" />
  <attribute name="IntegralH" value="0.000000" />
  <attribute name="DerivativeT" value="inf" />
  <attribute name="DerivativeI" value="inf" />
  <attribute name="DerivativeH" value="inf" />
  <attribute name="Loop Time for DT" value="0.000000" />
  <attribute name="Output H" value="8388608"/>
  <attribute name="Output I" value="200"/>
  <attribute name="Output T" value="1"/>
  <attribute name="Target GC Util Change" value ="20.000000" />
  <attribute name="Current GC Util Change" value="80.000000"/>
  <attribute name="GC Util currently" value="80" />
  <attribute name="CPU Util currently" value="20166899794877" />
<exclusive-end id="3031" timestamp="2019-06-16T02:56:29.833" durationms="3.063" />

<exclusive-start id="3032" timestamp="2019-06-16T02:56:29.841" intervalms="11.084">
  <response-info timems="0.079" idlems="0.079" threads="0" lastid="0000000001916700" lastname="main" />
</exclusive-start>
<allocation-taxation id="3033" taxation-threshold="22020096" timestamp="2019-06-16T02:56:29.841" intervalms="11.132" />
<cycle-start id="3034" type="partial gc" contextid="0" timestamp="2019-06-16T02:56:29.841" intervalms="11.065" />
<gc-start id="3035" type="partial gc" contextid="3034" timestamp="2019-06-16T02:56:29.841">
  <mem-info id="3036" free="15728640" total="61865984" percent="25">
    <mem type="eden" free="1048520" total="23068672" percent="4" />
    <remembered-set count="1248" freebytes="2464512" totalbytes="2469504" percent="99" regionsoverflowed="0" regionsstable="18" regionsrebuilding="0"/>
  </mem-info>
</gc-start>
<allocation-stats totalBytes="21945560" >
  <allocated-bytes non-tlh="0" tlh="21945560" arrayletleaf="0"/>
  <largest-consumer threadName="main" threadId="0000000001916700" bytes="21945560" />
</allocation-stats>
<gc-op id="3037" type="copy forward" timems="0.820" contextid="3034" timestamp="2019-06-16T02:56:29.843">
  <memory-copied type="eden" objects="2" bytes="56" bytesdiscarded="0" />
  <memory-copied type="other" objects="0" bytes="0" bytesdiscarded="0" />
  <memory-cardclean objects="15" bytes="376" />
  <regions eden="21" other="1" />
  <remembered-set-cleared processed="33" cleared="0" durationms="0.095" />
  <stringconstants candidates="13747" cleared="0"  />
</gc-op>
<gc-op id="3038" type="classunload" timems="0.008" contextid="3034" timestamp="2019-06-16T02:56:29.843">
  <classunload-info classloadercandidates="54" classloadersunloaded="0" classesunloaded="0" anonymousclassesunloaded="0" quiescems="0.000" setupms="0.008" scanms="0.000" postms="0.000" />
</gc-op>
<gc-end id="3039" type="partial gc" contextid="3034" durationms="1.923" usertimems="0.000" systemtimems="0.000" timestamp="2019-06-16T02:56:29.843" activeThreads="1">
  <mem-info id="3040" free="37748736" total="61865984" percent="61">
    <mem type="eden" free="1048520" total="1048576" percent="99" />
    <remembered-set count="1728" freebytes="2462592" totalbytes="2469504" percent="99" regionsoverflowed="0" regionsstable="18" regionsrebuilding="0"/>
  </mem-info>
</gc-end>
<cycle-end id="3041" type="partial gc" contextid="3034" timestamp="2019-06-16T02:56:29.843" />
  <attribute name="elasticGC enabled" value="1" />
  <attribute name= "numThreadsSpecified" value="1" />
  <attribute name="heapSize specified" value="0" />
  <attribute name="Current GC Util" value="86" />
  <attribute name= "Current Time Running" value="62207" />
  <attribute name ="GC Interval" value="0" />
  <attribute name="ProportionalT" value="99.000000" />
  <attribute name="ProportionalI" value="99.000000" />
  <attribute name="ProportionalH" value="99.000000" />
  <attribute name="Current Error" value="66.000000" />
  <attribute name="IntegralT" value="0.000000" />
  <attribute name="IntegralI" value="0.000000" />
  <attribute name="IntegralH" value="0.000000" />
  <attribute name="DerivativeT" value="inf" />
  <attribute name="DerivativeI" value="inf" />
  <attribute name="DerivativeH" value="inf" />
  <attribute name="Loop Time for DT" value="0.000000" />
  <attribute name="Output H" value="8388608"/>
  <attribute name="Output I" value="200"/>
  <attribute name="Output T" value="1"/>
  <attribute name="Target GC Util Change" value ="20.000000" />
  <attribute name="Current GC Util Change" value="86.000000"/>
  <attribute name="GC Util currently" value="86" />
  <attribute name="CPU Util currently" value="18413746476100" />
<exclusive-end id="3042" timestamp="2019-06-16T02:56:29.844" durationms="2.982" />

<exclusive-start id="3043" timestamp="2019-06-16T02:56:29.853" intervalms="12.447">
  <response-info timems="0.110" idlems="0.110" threads="0" lastid="0000000001916700" lastname="main" />
</exclusive-start>
<allocation-taxation id="3044" taxation-threshold="22020096" timestamp="2019-06-16T02:56:29.853" intervalms="12.450" />
<cycle-start id="3045" type="partial gc" contextid="0" timestamp="2019-06-16T02:56:29.854" intervalms="12.480" />
<gc-start id="3046" type="partial gc" contextid="3045" timestamp="2019-06-16T02:56:29.854">
  <mem-info id="3047" free="15728640" total="61865984" percent="25">
    <mem type="eden" free="1048520" total="23068672" percent="4" />
    <remembered-set count="1248" freebytes="2464512" totalbytes="2469504" percent="99" regionsoverflowed="0" regionsstable="18" regionsrebuilding="0"/>
  </mem-info>
</gc-start>
<allocation-stats totalBytes="21931400" >
  <allocated-bytes non-tlh="0" tlh="21931400" arrayletleaf="0"/>
  <largest-consumer threadName="main" threadId="0000000001916700" bytes="21931400" />
</allocation-stats>
<gc-op id="3048" type="copy forward" timems="1.234" contextid="3045" timestamp="2019-06-16T02:56:29.856">
  <memory-copied type="eden" objects="27" bytes="1936" bytesdiscarded="992" />
  <memory-copied type="other" objects="0" bytes="0" bytesdiscarded="0" />
  <memory-cardclean objects="90" bytes="2376" />
  <regions eden="21" other="1" />
  <remembered-set-cleared processed="33" cleared="2" durationms="0.080" />
  <stringconstants candidates="13747" cleared="0"  />
</gc-op>
<gc-op id="3049" type="classunload" timems="0.004" contextid="3045" timestamp="2019-06-16T02:56:29.856">
  <classunload-info classloadercandidates="54" classloadersunloaded="0" classesunloaded="0" anonymousclassesunloaded="0" quiescems="0.000" setupms="0.004" scanms="0.000" postms="0.000" />
</gc-op>
<gc-end id="3050" type="partial gc" contextid="3045" durationms="2.254" usertimems="4.000" systemtimems="0.000" timestamp="2019-06-16T02:56:29.856" activeThreads="4">
  <mem-info id="3051" free="37748736" total="61865984" percent="61">
    <mem type="eden" free="1045648" total="1048576" percent="99" />
    <remembered-set count="1312" freebytes="2464256" totalbytes="2469504" percent="99" regionsoverflowed="0" regionsstable="18" regionsrebuilding="0"/>
  </mem-info>
</gc-end>
<cycle-end id="3052" type="partial gc" contextid="3045" timestamp="2019-06-16T02:56:29.856" />
  <attribute name="elasticGC enabled" value="1" />
  <attribute name= "numThreadsSpecified" value="4" />
  <attribute name="heapSize specified" value="0" />
  <attribute name="Current GC Util" value="65" />
  <attribute name= "Current Time Running" value="62220" />
  <attribute name ="GC Interval" value="0" />
  <attribute name="ProportionalT" value="67.500000" />
  <attribute name="ProportionalI" value="67.500000" />
  <attribute name="ProportionalH" value="67.500000" />
  <attribute name="Current Error" value="45.000000" />
  <attribute name="IntegralT" value="45.000000" />
  <attribute name="IntegralI" value="45.000000" />
  <attribute name="IntegralH" value="45.000000" />
  <attribute name="DerivativeT" value="45.000000" />
  <attribute name="DerivativeI" value="45.000000" />
  <attribute name="DerivativeH" value="45.000000" />
  <attribute name="Loop Time for DT" value="1.000000" />
  <attribute name="Output H" value="8388608"/>
  <attribute name="Output I" value="200"/>
  <attribute name="Output T" value="4"/>
  <attribute name="Target GC Util Change" value ="20.000000" />
  <attribute name="Current GC Util Change" value="65.000000"/>
  <attribute name="GC Util currently" value="65" />
  <attribute name="CPU Util currently" value="19551729451270" />
<exclusive-end id="3053" timestamp="2019-06-16T02:56:29.857" durationms="3.360" />

<exclusive-start id="3054" timestamp="2019-06-16T02:56:29.867" intervalms="13.780">
  <response-info timems="0.083" idlems="0.083" threads="0" lastid="0000000001916700" lastname="main" />
</exclusive-start>
<allocation-taxation id="3055" taxation-threshold="22020096" timestamp="2019-06-16T02:56:29.867" intervalms="13.780" />
<cycle-start id="3056" type="partial gc" contextid="0" timestamp="2019-06-16T02:56:29.867" intervalms="13.818" />
<gc-start id="3057" type="partial gc" contextid="3056" timestamp="2019-06-16T02:56:29.868">
  <mem-info id="3058" free="15728640" total="61865984" percent="25">
    <mem type="eden" free="0" total="22020096" percent="0" />
    <remembered-set count="832" freebytes="2466176" totalbytes="2469504" percent="99" regionsoverflowed="0" regionsstable="18" regionsrebuilding="0"/>
  </mem-info>
</gc-start>
<allocation-stats totalBytes="21873600" >
  <allocated-bytes non-tlh="0" tlh="21873600" arrayletleaf="0"/>
  <largest-consumer threadName="main" threadId="0000000001916700" bytes="21873600" />
</allocation-stats>
<gc-op id="3059" type="copy forward" timems="0.900" contextid="3056" timestamp="2019-06-16T02:56:29.869">
  <memory-copied type="eden" objects="1" bytes="40" bytesdiscarded="0" />
  <memory-copied type="other" objects="26" bytes="1896" bytesdiscarded="0" />
  <memory-cardclean objects="66" bytes="1992" />
  <regions eden="21" other="1" />
  <remembered-set-cleared processed="31" cleared="0" durationms="0.097" />
  <stringconstants candidates="13747" cleared="0"  />
</gc-op>
<gc-op id="3060" type="classunload" timems="0.004" contextid="3056" timestamp="2019-06-16T02:56:29.870">
  <classunload-info classloadercandidates="54" classloadersunloaded="0" classesunloaded="0" anonymousclassesunloaded="0" quiescems="0.000" setupms="0.004" scanms="0.000" postms="0.000" />
</gc-op>
<heap-resize id="3061" type="expand" space="default" amount="1048576" count="1" timems="0.059" reason="excessive time being spent in gc" timestamp="2019-06-16T02:56:29.870" />
<gc-end id="3062" type="partial gc" contextid="3056" durationms="2.360" usertimems="4.000" systemtimems="0.000" timestamp="2019-06-16T02:56:29.870" activeThreads="1">
  <mem-info id="3063" free="37748736" total="62914560" percent="60">
    <mem type="eden" free="1048536" total="1048576" percent="99" />
    <remembered-set count="1280" freebytes="2506240" totalbytes="2511360" percent="99" regionsoverflowed="0" regionsstable="18" regionsrebuilding="0"/>
  </mem-info>
</gc-end>
<cycle-end id="3064" type="partial gc" contextid="3056" timestamp="2019-06-16T02:56:29.870" />
  <attribute name="elasticGC enabled" value="1" />
  <attribute name= "numThreadsSpecified" value="1" />
  <attribute name="heapSize specified" value="0" />
  <attribute name="Current GC Util" value="72" />
  <attribute name= "Current Time Running" value="62233" />
  <attribute name ="GC Interval" value="0" />
  <attribute name="ProportionalT" value="78.000000" />
  <attribute name="ProportionalI" value="78.000000" />
  <attribute name="ProportionalH" value="78.000000" />
  <attribute name="Current Error" value="52.000000" />
  <attribute name="IntegralT" value="0.000000" />
  <attribute name="IntegralI" value="0.000000" />
  <attribute name="IntegralH" value="0.000000" />
  <attribute name="DerivativeT" value="inf" />
  <attribute name="DerivativeI" value="inf" />
  <attribute name="DerivativeH" value="inf" />
  <attribute name="Loop Time for DT" value="0.000000" />
  <attribute name="Output H" value="8388608"/>
  <attribute name="Output I" value="200"/>
  <attribute name="Output T" value="1"/>
  <attribute name="Target GC Util Change" value ="20.000000" />
  <attribute name="Current GC Util Change" value="72.000000"/>
  <attribute name="GC Util currently" value="72" />
  <attribute name="CPU Util currently" value="17538462037293" />
<exclusive-end id="3065" timestamp="2019-06-16T02:56:29.870" durationms="3.530" />

<exclusive-start id="3066" timestamp="2019-06-16T02:56:29.881" intervalms="14.251">
  <response-info timems="0.365" idlems="0.365" threads="0" lastid="0000000001916700" lastname="main" />
</exclusive-start>
<allocation-taxation id="3067" taxation-threshold="22020096" timestamp="2019-06-16T02:56:29.881" intervalms="14.171" />
<cycle-start id="3068" type="partial gc" contextid="0" timestamp="2019-06-16T02:56:29.882" intervalms="14.108" />
<gc-start id="3069" type="partial gc" contextid="3068" timestamp="2019-06-16T02:56:29.882">
  <mem-info id="3070" free="15728640" total="62914560" percent="25">
    <mem type="eden" free="1048536" total="23068672" percent="4" />
    <remembered-set count="800" freebytes="2508160" totalbytes="2511360" percent="99" regionsoverflowed="0" regionsstable="18" regionsrebuilding="0"/>
  </mem-info>
</gc-start>
<allocation-stats totalBytes="21873600" >
  <allocated-bytes non-tlh="0" tlh="21873600" arrayletleaf="0"/>
  <largest-consumer threadName="main" threadId="0000000001916700" bytes="21873600" />
</allocation-stats>
<gc-op id="3071" type="copy forward" timems="1.287" contextid="3068" timestamp="2019-06-16T02:56:29.884">
  <memory-copied type="eden" objects="1" bytes="40" bytesdiscarded="0" />
  <memory-copied type="other" objects="0" bytes="0" bytesdiscarded="0" />
  <memory-cardclean objects="8" bytes="344" />
  <regions eden="21" other="1" />
  <remembered-set-cleared processed="37" cleared="0" durationms="0.081" />
  <stringconstants candidates="13747" cleared="0"  />
</gc-op>
<gc-op id="3072" type="classunload" timems="0.004" contextid="3068" timestamp="2019-06-16T02:56:29.884">
  <classunload-info classloadercandidates="54" classloadersunloaded="0" classesunloaded="0" anonymousclassesunloaded="0" quiescems="0.000" setupms="0.004" scanms="0.000" postms="0.000" />
</gc-op>
<gc-end id="3073" type="partial gc" contextid="3068" durationms="2.339" usertimems="4.000" systemtimems="0.000" timestamp="2019-06-16T02:56:29.884" activeThreads="4">
  <mem-info id="3074" free="37748736" total="62914560" percent="60">
    <mem type="eden" free="1048536" total="1048576" percent="99" />
    <remembered-set count="320" freebytes="2510080" totalbytes="2511360" percent="99" regionsoverflowed="0" regionsstable="18" regionsrebuilding="0"/>
  </mem-info>
</gc-end>
<cycle-end id="3075" type="partial gc" contextid="3068" timestamp="2019-06-16T02:56:29.884" />
  <attribute name="elasticGC enabled" value="1" />
  <attribute name= "numThreadsSpecified" value="4" />
  <attribute name="heapSize specified" value="0" />
  <attribute name="Current GC Util" value="64" />
  <attribute name= "Current Time Running" value="62248" />
  <attribute name ="GC Interval" value="0" />
  <attribute name="ProportionalT" value="66.000000" />
  <attribute name="ProportionalI" value="66.000000" />
  <attribute name="ProportionalH" value="66.000000" />
  <attribute name="Current Error" value="44.000000" />
  <attribute name="IntegralT" value="44.000000" />
  <attribute name="IntegralI" value="44.000000" />
  <attribute name="IntegralH" value="44.000000" />
  <attribute name="DerivativeT" value="44.000000" />
  <attribute name="DerivativeI" value="44.000000" />
  <attribute name="DerivativeH" value="44.000000" />
  <attribute name="Loop Time for DT" value="1.000000" />
  <attribute name="Output H" value="8388608"/>
  <attribute name="Output I" value="200"/>
  <attribute name="Output T" value="4"/>
  <attribute name="Target GC Util Change" value ="20.000000" />
  <attribute name="Current GC Util Change" value="64.000000"/>
  <attribute name="GC Util currently" value="64" />
  <attribute name="CPU Util currently" value="18908101587815" />
<exclusive-end id="3076" timestamp="2019-06-16T02:56:29.885" durationms="3.372" />

<exclusive-start id="3077" timestamp="2019-06-16T02:56:29.895" intervalms="14.027">
  <response-info timems="0.397" idlems="0.397" threads="0" lastid="0000000001916700" lastname="main" />
</exclusive-start>
<allocation-taxation id="3078" taxation-threshold="22020096" timestamp="2019-06-16T02:56:29.895" intervalms="14.057" />
<cycle-start id="3079" type="partial gc" contextid="0" timestamp="2019-06-16T02:56:29.896" intervalms="14.065" />
<gc-start id="3080" type="partial gc" contextid="3079" timestamp="2019-06-16T02:56:29.896">
  <mem-info id="3081" free="15728640" total="62914560" percent="25">
    <mem type="eden" free="1048536" total="23068672" percent="4" />
    <remembered-set count="320" freebytes="2510080" totalbytes="2511360" percent="99" regionsoverflowed="0" regionsstable="18" regionsrebuilding="0"/>
  </mem-info>
</gc-start>
<allocation-stats totalBytes="21879000" >
  <allocated-bytes non-tlh="0" tlh="21879000" arrayletleaf="0"/>
  <largest-consumer threadName="main" threadId="0000000001916700" bytes="21879000" />
</allocation-stats>
<gc-op id="3082" type="copy forward" timems="1.246" contextid="3079" timestamp="2019-06-16T02:56:29.898">
  <memory-copied type="eden" objects="2" bytes="64" bytesdiscarded="0" />
  <memory-copied type="other" objects="0" bytes="0" bytesdiscarded="0" />
  <memory-cardclean objects="8" bytes="344" />
  <regions eden="21" other="1" />
  <remembered-set-cleared processed="37" cleared="0" durationms="0.083" />
  <stringconstants candidates="13747" cleared="0"  />
</gc-op>
<gc-op id="3083" type="classunload" timems="0.005" contextid="3079" timestamp="2019-06-16T02:56:29.898">
  <classunload-info classloadercandidates="54" classloadersunloaded="0" classesunloaded="0" anonymousclassesunloaded="0" quiescems="0.000" setupms="0.005" scanms="0.000" postms="0.000" />
</gc-op>
<gc-end id="3084" type="partial gc" contextid="3079" durationms="2.377" usertimems="4.000" systemtimems="0.000" timestamp="2019-06-16T02:56:29.898" activeThreads="4">
  <mem-info id="3085" free="37748736" total="62914560" percent="60">
    <mem type="eden" free="1048512" total="1048576" percent="99" />
    <remembered-set count="832" freebytes="2508032" totalbytes="2511360" percent="99" regionsoverflowed="0" regionsstable="18" regionsrebuilding="0"/>
  </mem-info>
</gc-end>
<cycle-end id="3086" type="partial gc" contextid="3079" timestamp="2019-06-16T02:56:29.898" />
  <attribute name="elasticGC enabled" value="1" />
  <attribute name= "numThreadsSpecified" value="4" />
  <attribute name="heapSize specified" value="0" />
  <attribute name="Current GC Util" value="71" />
  <attribute name= "Current Time Running" value="62262" />
  <attribute name ="GC Interval" value="0" />
  <attribute name="ProportionalT" value="76.500000" />
  <attribute name="ProportionalI" value="76.500000" />
  <attribute name="ProportionalH" value="76.500000" />
  <attribute name="Current Error" value="51.000000" />
  <attribute name="IntegralT" value="51.000000" />
  <attribute name="IntegralI" value="51.000000" />
  <attribute name="IntegralH" value="51.000000" />
  <attribute name="DerivativeT" value="49.000000" />
  <attribute name="DerivativeI" value="49.000000" />
  <attribute name="DerivativeH" value="49.000000" />
  <attribute name="Loop Time for DT" value="1.000000" />
  <attribute name="Output H" value="8388608"/>
  <attribute name="Output I" value="200"/>
  <attribute name="Output T" value="4"/>
  <attribute name="Target GC Util Change" value ="20.000000" />
  <attribute name="Current GC Util Change" value="71.000000"/>
  <attribute name="GC Util currently" value="71" />
  <attribute name="CPU Util currently" value="19855619226585" />
<exclusive-end id="3087" timestamp="2019-06-16T02:56:29.899" durationms="3.526" />

<exclusive-start id="3088" timestamp="2019-06-16T02:56:29.910" intervalms="14.339">
  <response-info timems="0.346" idlems="0.346" threads="0" lastid="0000000001916700" lastname="main" />
</exclusive-start>
<allocation-taxation id="3089" taxation-threshold="22020096" timestamp="2019-06-16T02:56:29.910" intervalms="14.383" />
<cycle-start id="3090" type="partial gc" contextid="0" timestamp="2019-06-16T02:56:29.910" intervalms="14.360" />
<gc-start id="3091" type="partial gc" contextid="3090" timestamp="2019-06-16T02:56:29.910">
  <mem-info id="3092" free="15728640" total="62914560" percent="25">
    <mem type="eden" free="1048512" total="23068672" percent="4" />
    <remembered-set count="832" freebytes="2508032" totalbytes="2511360" percent="99" regionsoverflowed="0" regionsstable="18" regionsrebuilding="0"/>
  </mem-info>
</gc-start>
<allocation-stats totalBytes="21882048" >
  <allocated-bytes non-tlh="0" tlh="21882048" arrayletleaf="0"/>
  <largest-consumer threadName="main" threadId="0000000001916700" bytes="21882048" />
</allocation-stats>
<gc-op id="3093" type="copy forward" timems="0.907" contextid="3090" timestamp="2019-06-16T02:56:29.912">
  <memory-copied type="eden" objects="2" bytes="64" bytesdiscarded="0" />
  <memory-copied type="other" objects="0" bytes="0" bytesdiscarded="0" />
  <memory-cardclean objects="8" bytes="344" />
  <regions eden="21" other="1" />
  <remembered-set-cleared processed="37" cleared="0" durationms="0.100" />
  <stringconstants candidates="13747" cleared="0"  />
</gc-op>
<gc-op id="3094" type="classunload" timems="0.004" contextid="3090" timestamp="2019-06-16T02:56:29.912">
  <classunload-info classloadercandidates="54" classloadersunloaded="0" classesunloaded="0" anonymousclassesunloaded="0" quiescems="0.000" setupms="0.004" scanms="0.000" postms="0.000" />
</gc-op>
<gc-end id="3095" type="partial gc" contextid="3090" durationms="2.155" usertimems="4.000" systemtimems="0.000" timestamp="2019-06-16T02:56:29.912" activeThreads="1">
  <mem-info id="3096" free="37748736" total="62914560" percent="60">
    <mem type="eden" free="1048512" total="1048576" percent="99" />
    <remembered-set count="1312" freebytes="2506112" totalbytes="2511360" percent="99" regionsoverflowed="0" regionsstable="18" regionsrebuilding="0"/>
  </mem-info>
</gc-end>
<cycle-end id="3097" type="partial gc" contextid="3090" timestamp="2019-06-16T02:56:29.913" />
  <attribute name="elasticGC enabled" value="1" />
  <attribute name= "numThreadsSpecified" value="1" />
  <attribute name="heapSize specified" value="0" />
  <attribute name="Current GC Util" value="77" />
  <attribute name= "Current Time Running" value="62276" />
  <attribute name ="GC Interval" value="0" />
  <attribute name="ProportionalT" value="85.500000" />
  <attribute name="ProportionalI" value="85.500000" />
  <attribute name="ProportionalH" value="85.500000" />
  <attribute name="Current Error" value="57.000000" />
  <attribute name="IntegralT" value="0.000000" />
  <attribute name="IntegralI" value="0.000000" />
  <attribute name="IntegralH" value="0.000000" />
  <attribute name="DerivativeT" value="inf" />
  <attribute name="DerivativeI" value="inf" />
  <attribute name="DerivativeH" value="inf" />
  <attribute name="Loop Time for DT" value="0.000000" />
  <attribute name="Output H" value="8388608"/>
  <attribute name="Output I" value="200"/>
  <attribute name="Output T" value="1"/>
  <attribute name="Target GC Util Change" value ="20.000000" />
  <attribute name="Current GC Util Change" value="77.000000"/>
  <attribute name="GC Util currently" value="77" />
  <attribute name="CPU Util currently" value="16929396003401" />
<exclusive-end id="3098" timestamp="2019-06-16T02:56:29.913" durationms="3.334" />

<exclusive-start id="3099" timestamp="2019-06-16T02:56:29.924" intervalms="14.035">
  <response-info timems="0.344" idlems="0.344" threads="0" lastid="0000000001916700" lastname="main" />
</exclusive-start>
<allocation-taxation id="3100" taxation-threshold="22020096" timestamp="2019-06-16T02:56:29.924" intervalms="14.012" />
<cycle-start id="3101" type="partial gc" contextid="0" timestamp="2019-06-16T02:56:29.924" intervalms="14.064" />
<gc-start id="3102" type="partial gc" contextid="3101" timestamp="2019-06-16T02:56:29.924">
  <mem-info id="3103" free="15728640" total="62914560" percent="25">
    <mem type="eden" free="1048512" total="23068672" percent="4" />
    <remembered-set count="832" freebytes="2508032" totalbytes="2511360" percent="99" regionsoverflowed="0" regionsstable="18" regionsrebuilding="0"/>
  </mem-info>
</gc-start>
<allocation-stats totalBytes="21882072" >
  <allocated-bytes non-tlh="0" tlh="21882072" arrayletleaf="0"/>
  <largest-consumer threadName="main" threadId="0000000001916700" bytes="21882072" />
</allocation-stats>
<gc-op id="3104" type="copy forward" timems="0.913" contextid="3101" timestamp="2019-06-16T02:56:29.926">
  <memory-copied type="eden" objects="2" bytes="64" bytesdiscarded="0" />
  <memory-copied type="other" objects="0" bytes="0" bytesdiscarded="0" />
  <memory-cardclean objects="8" bytes="344" />
  <regions eden="21" other="1" />
  <remembered-set-cleared processed="37" cleared="0" durationms="0.100" />
  <stringconstants candidates="13747" cleared="0"  />
</gc-op>
<gc-op id="3105" type="classunload" timems="0.004" contextid="3101" timestamp="2019-06-16T02:56:29.926">
  <classunload-info classloadercandidates="54" classloadersunloaded="0" classesunloaded="0" anonymousclassesunloaded="0" quiescems="0.000" setupms="0.003" scanms="0.000" postms="0.000" />
</gc-op>
<gc-end id="3106" type="partial gc" contextid="3101" durationms="2.144" usertimems="0.000" systemtimems="0.000" timestamp="2019-06-16T02:56:29.926" activeThreads="1">
  <mem-info id="3107" free="37748736" total="62914560" percent="60">
    <mem type="eden" free="1048512" total="1048576" percent="99" />
    <remembered-set count="1312" freebytes="2506112" totalbytes="2511360" percent="99" regionsoverflowed="0" regionsstable="18" regionsrebuilding="0"/>
  </mem-info>
</gc-end>
<cycle-end id="3108" type="partial gc" contextid="3101" timestamp="2019-06-16T02:56:29.927" />
  <attribute name="elasticGC enabled" value="1" />
  <attribute name= "numThreadsSpecified" value="1" />
  <attribute name="heapSize specified" value="0" />
  <attribute name="Current GC Util" value="79" />
  <attribute name= "Current Time Running" value="62290" />
  <attribute name ="GC Interval" value="0" />
  <attribute name="ProportionalT" value="88.500000" />
  <attribute name="ProportionalI" value="88.500000" />
  <attribute name="ProportionalH" value="88.500000" />
  <attribute name="Current Error" value="59.000000" />
  <attribute name="IntegralT" value="0.000000" />
  <attribute name="IntegralI" value="0.000000" />
  <attribute name="IntegralH" value="0.000000" />
  <attribute name="DerivativeT" value="inf" />
  <attribute name="DerivativeI" value="inf" />
  <attribute name="DerivativeH" value="inf" />
  <attribute name="Loop Time for DT" value="0.000000" />
  <attribute name="Output H" value="8388608"/>
  <attribute name="Output I" value="200"/>
  <attribute name="Output T" value="1"/>
  <attribute name="Target GC Util Change" value ="20.000000" />
  <attribute name="Current GC Util Change" value="79.000000"/>
  <attribute name="GC Util currently" value="79" />
  <attribute name="CPU Util currently" value="17623514307837" />
<exclusive-end id="3109" timestamp="2019-06-16T02:56:29.927" durationms="3.295" />

<exclusive-start id="3110" timestamp="2019-06-16T02:56:29.938" intervalms="13.885">
  <response-info timems="0.189" idlems="0.189" threads="0" lastid="0000000001916700" lastname="main" />
</exclusive-start>
<allocation-taxation id="3111" taxation-threshold="22020096" timestamp="2019-06-16T02:56:29.938" intervalms="13.947" />
<cycle-start id="3112" type="partial gc" contextid="0" timestamp="2019-06-16T02:56:29.938" intervalms="13.940" />
<gc-start id="3113" type="partial gc" contextid="3112" timestamp="2019-06-16T02:56:29.938">
  <mem-info id="3114" free="15728640" total="62914560" percent="25">
    <mem type="eden" free="1048512" total="23068672" percent="4" />
    <remembered-set count="832" freebytes="2508032" totalbytes="2511360" percent="99" regionsoverflowed="0" regionsstable="18" regionsrebuilding="0"/>
  </mem-info>
</gc-start>
<allocation-stats totalBytes="21882072" >
  <allocated-bytes non-tlh="0" tlh="21882072" arrayletleaf="0"/>
  <largest-consumer threadName="main" threadId="0000000001916700" bytes="21882072" />
</allocation-stats>
<gc-op id="3115" type="copy forward" timems="0.902" contextid="3112" timestamp="2019-06-16T02:56:29.940">
  <memory-copied type="eden" objects="2" bytes="64" bytesdiscarded="0" />
  <memory-copied type="other" objects="0" bytes="0" bytesdiscarded="0" />
  <memory-cardclean objects="8" bytes="344" />
  <regions eden="21" other="1" />
  <remembered-set-cleared processed="37" cleared="0" durationms="0.099" />
  <stringconstants candidates="13747" cleared="0"  />
</gc-op>
<gc-op id="3116" type="classunload" timems="0.004" contextid="3112" timestamp="2019-06-16T02:56:29.940">
  <classunload-info classloadercandidates="54" classloadersunloaded="0" classesunloaded="0" anonymousclassesunloaded="0" quiescems="0.000" setupms="0.004" scanms="0.000" postms="0.000" />
</gc-op>
<gc-end id="3117" type="partial gc" contextid="3112" durationms="2.137" usertimems="0.000" systemtimems="0.000" timestamp="2019-06-16T02:56:29.940" activeThreads="1">
  <mem-info id="3118" free="37748736" total="62914560" percent="60">
    <mem type="eden" free="1048512" total="1048576" percent="99" />
    <remembered-set count="1312" freebytes="2506112" totalbytes="2511360" percent="99" regionsoverflowed="0" regionsstable="18" regionsrebuilding="0"/>
  </mem-info>
</gc-end>
<cycle-end id="3119" type="partial gc" contextid="3112" timestamp="2019-06-16T02:56:29.941" />
  <attribute name="elasticGC enabled" value="1" />
  <attribute name= "numThreadsSpecified" value="1" />
  <attribute name="heapSize specified" value="0" />
  <attribute name="Current GC Util" value="86" />
  <attribute name= "Current Time Running" value="62304" />
  <attribute name ="GC Interval" value="0" />
  <attribute name="ProportionalT" value="99.000000" />
  <attribute name="ProportionalI" value="99.000000" />
  <attribute name="ProportionalH" value="99.000000" />
  <attribute name="Current Error" value="66.000000" />
  <attribute name="IntegralT" value="0.000000" />
  <attribute name="IntegralI" value="0.000000" />
  <attribute name="IntegralH" value="0.000000" />
  <attribute name="DerivativeT" value="inf" />
  <attribute name="DerivativeI" value="inf" />
  <attribute name="DerivativeH" value="inf" />
  <attribute name="Loop Time for DT" value="0.000000" />
  <attribute name="Output H" value="8388608"/>
  <attribute name="Output I" value="200"/>
  <attribute name="Output T" value="1"/>
  <attribute name="Target GC Util Change" value ="20.000000" />
  <attribute name="Current GC Util Change" value="86.000000"/>
  <attribute name="GC Util currently" value="86" />
  <attribute name="CPU Util currently" value="16219199103145" />
<exclusive-end id="3120" timestamp="2019-06-16T02:56:29.941" durationms="3.404" />

<exclusive-start id="3121" timestamp="2019-06-16T02:56:29.951" intervalms="13.851">
  <response-info timems="0.115" idlems="0.115" threads="0" lastid="0000000001916700" lastname="main" />
</exclusive-start>
<allocation-taxation id="3122" taxation-threshold="22020096" timestamp="2019-06-16T02:56:29.952" intervalms="13.852" />
<cycle-start id="3123" type="partial gc" contextid="0" timestamp="2019-06-16T02:56:29.952" intervalms="13.794" />
<gc-start id="3124" type="partial gc" contextid="3123" timestamp="2019-06-16T02:56:29.952">
  <mem-info id="3125" free="15728640" total="62914560" percent="25">
    <mem type="eden" free="1048512" total="23068672" percent="4" />
    <remembered-set count="832" freebytes="2508032" totalbytes="2511360" percent="99" regionsoverflowed="0" regionsstable="18" regionsrebuilding="0"/>
  </mem-info>
</gc-start>
<allocation-stats totalBytes="21882072" >
  <allocated-bytes non-tlh="0" tlh="21882072" arrayletleaf="0"/>
  <largest-consumer threadName="main" threadId="0000000001916700" bytes="21882072" />
</allocation-stats>
<gc-op id="3126" type="copy forward" timems="0.939" contextid="3123" timestamp="2019-06-16T02:56:29.954">
  <memory-copied type="eden" objects="2" bytes="64" bytesdiscarded="0" />
  <memory-copied type="other" objects="0" bytes="0" bytesdiscarded="0" />
  <memory-cardclean objects="8" bytes="344" />
  <regions eden="21" other="1" />
  <remembered-set-cleared processed="37" cleared="0" durationms="0.101" />
  <stringconstants candidates="13747" cleared="0"  />
</gc-op>
<gc-op id="3127" type="classunload" timems="0.004" contextid="3123" timestamp="2019-06-16T02:56:29.954">
  <classunload-info classloadercandidates="54" classloadersunloaded="0" classesunloaded="0" anonymousclassesunloaded="0" quiescems="0.000" setupms="0.004" scanms="0.000" postms="0.000" />
</gc-op>
<gc-end id="3128" type="partial gc" contextid="3123" durationms="1.984" usertimems="4.000" systemtimems="0.000" timestamp="2019-06-16T02:56:29.954" activeThreads="1">
  <mem-info id="3129" free="37748736" total="62914560" percent="60">
    <mem type="eden" free="1048512" total="1048576" percent="99" />
    <remembered-set count="1312" freebytes="2506112" totalbytes="2511360" percent="99" regionsoverflowed="0" regionsstable="18" regionsrebuilding="0"/>
  </mem-info>
</gc-end>
<cycle-end id="3130" type="partial gc" contextid="3123" timestamp="2019-06-16T02:56:29.954" />
  <attribute name="elasticGC enabled" value="1" />
  <attribute name= "numThreadsSpecified" value="1" />
  <attribute name="heapSize specified" value="0" />
  <attribute name="Current GC Util" value="67" />
  <attribute name= "Current Time Running" value="62318" />
  <attribute name ="GC Interval" value="0" />
  <attribute name="ProportionalT" value="70.500000" />
  <attribute name="ProportionalI" value="70.500000" />
  <attribute name="ProportionalH" value="70.500000" />
  <attribute name="Current Error" value="47.000000" />
  <attribute name="IntegralT" value="0.000000" />
  <attribute name="IntegralI" value="0.000000" />
  <attribute name="IntegralH" value="0.000000" />
  <attribute name="DerivativeT" value="inf" />
  <attribute name="DerivativeI" value="inf" />
  <attribute name="DerivativeH" value="inf" />
  <attribute name="Loop Time for DT" value="0.000000" />
  <attribute name="Output H" value="8388608"/>
  <attribute name="Output I" value="200"/>
  <attribute name="Output T" value="1"/>
  <attribute name="Target GC Util Change" value ="20.000000" />
  <attribute name="Current GC Util Change" value="67.000000"/>
  <attribute name="GC Util currently" value="67" />
  <attribute name="CPU Util currently" value="18277059685645" />
<exclusive-end id="3131" timestamp="2019-06-16T02:56:29.954" durationms="3.050" />

<exclusive-start id="3132" timestamp="2019-06-16T02:56:29.965" intervalms="13.539">
  <response-info timems="0.087" idlems="0.087" threads="0" lastid="0000000001916700" lastname="main" />
</exclusive-start>
<allocation-taxation id="3133" taxation-threshold="22020096" timestamp="2019-06-16T02:56:29.965" intervalms="13.533" />
<cycle-start id="3134" type="partial gc" contextid="0" timestamp="2019-06-16T02:56:29.965" intervalms="13.569" />
<gc-start id="3135" type="partial gc" contextid="3134" timestamp="2019-06-16T02:56:29.966">
  <mem-info id="3136" free="15728640" total="62914560" percent="25">
    <mem type="eden" free="1048512" total="23068672" percent="4" />
    <remembered-set count="832" freebytes="2508032" totalbytes="2511360" percent="99" regionsoverflowed="0" regionsstable="18" regionsrebuilding="0"/>
  </mem-info>
</gc-start>
<allocation-stats totalBytes="21882072" >
  <allocated-bytes non-tlh="0" tlh="21882072" arrayletleaf="0"/>
  <largest-consumer threadName="main" threadId="0000000001916700" bytes="21882072" />
</allocation-stats>
<gc-op id="3137" type="copy forward" timems="0.932" contextid="3134" timestamp="2019-06-16T02:56:29.967">
  <memory-copied type="eden" objects="2" bytes="64" bytesdiscarded="0" />
  <memory-copied type="other" objects="0" bytes="0" bytesdiscarded="0" />
  <memory-cardclean objects="8" bytes="344" />
  <regions eden="21" other="1" />
  <remembered-set-cleared processed="37" cleared="0" durationms="0.101" />
  <stringconstants candidates="13747" cleared="0"  />
</gc-op>
<gc-op id="3138" type="classunload" timems="0.004" contextid="3134" timestamp="2019-06-16T02:56:29.967">
  <classunload-info classloadercandidates="54" classloadersunloaded="0" classesunloaded="0" anonymousclassesunloaded="0" quiescems="0.000" setupms="0.004" scanms="0.000" postms="0.000" />
</gc-op>
<gc-end id="3139" type="partial gc" contextid="3134" durationms="1.927" usertimems="4.000" systemtimems="0.000" timestamp="2019-06-16T02:56:29.968" activeThreads="1">
  <mem-info id="3140" free="37748736" total="62914560" percent="60">
    <mem type="eden" free="1048512" total="1048576" percent="99" />
    <remembered-set count="1312" freebytes="2506112" totalbytes="2511360" percent="99" regionsoverflowed="0" regionsstable="18" regionsrebuilding="0"/>
  </mem-info>
</gc-end>
<cycle-end id="3141" type="partial gc" contextid="3134" timestamp="2019-06-16T02:56:29.968" />
  <attribute name="elasticGC enabled" value="1" />
  <attribute name= "numThreadsSpecified" value="1" />
  <attribute name="heapSize specified" value="0" />
  <attribute name="Current GC Util" value="64" />
  <attribute name= "Current Time Running" value="62331" />
  <attribute name ="GC Interval" value="0" />
  <attribute name="ProportionalT" value="66.000000" />
  <attribute name="ProportionalI" value="66.000000" />
  <attribute name="ProportionalH" value="66.000000" />
  <attribute name="Current Error" value="44.000000" />
  <attribute name="IntegralT" value="0.000000" />
  <attribute name="IntegralI" value="0.000000" />
  <attribute name="IntegralH" value="0.000000" />
  <attribute name="DerivativeT" value="inf" />
  <attribute name="DerivativeI" value="inf" />
  <attribute name="DerivativeH" value="inf" />
  <attribute name="Loop Time for DT" value="0.000000" />
  <attribute name="Output H" value="8388608"/>
  <attribute name="Output I" value="200"/>
  <attribute name="Output T" value="1"/>
  <attribute name="Target GC Util Change" value ="20.000000" />
  <attribute name="Current GC Util Change" value="64.000000"/>
  <attribute name="GC Util currently" value="64" />
  <attribute name="CPU Util currently" value="18254270875438" />
<exclusive-end id="3142" timestamp="2019-06-16T02:56:29.968" durationms="3.030" />

<exclusive-start id="3143" timestamp="2019-06-16T02:56:29.978" intervalms="13.532">
  <response-info timems="0.165" idlems="0.165" threads="0" lastid="0000000001916700" lastname="main" />
</exclusive-start>
<allocation-taxation id="3144" taxation-threshold="22020096" timestamp="2019-06-16T02:56:29.979" intervalms="13.502" />
<cycle-start id="3145" type="partial gc" contextid="0" timestamp="2019-06-16T02:56:29.979" intervalms="13.500" />
<gc-start id="3146" type="partial gc" contextid="3145" timestamp="2019-06-16T02:56:29.979">
  <mem-info id="3147" free="15728640" total="62914560" percent="25">
    <mem type="eden" free="1048512" total="23068672" percent="4" />
    <remembered-set count="832" freebytes="2508032" totalbytes="2511360" percent="99" regionsoverflowed="0" regionsstable="18" regionsrebuilding="0"/>
  </mem-info>
</gc-start>
<allocation-stats totalBytes="21882048" >
  <allocated-bytes non-tlh="0" tlh="21882048" arrayletleaf="0"/>
  <largest-consumer threadName="main" threadId="0000000001916700" bytes="21882048" />
</allocation-stats>
<gc-op id="3148" type="copy forward" timems="1.238" contextid="3145" timestamp="2019-06-16T02:56:29.981">
  <memory-copied type="eden" objects="2" bytes="64" bytesdiscarded="0" />
  <memory-copied type="other" objects="0" bytes="0" bytesdiscarded="0" />
  <memory-cardclean objects="8" bytes="344" />
  <regions eden="21" other="1" />
  <remembered-set-cleared processed="37" cleared="0" durationms="0.076" />
  <stringconstants candidates="13747" cleared="0"  />
</gc-op>
<gc-op id="3149" type="classunload" timems="0.004" contextid="3145" timestamp="2019-06-16T02:56:29.981">
  <classunload-info classloadercandidates="54" classloadersunloaded="0" classesunloaded="0" anonymousclassesunloaded="0" quiescems="0.000" setupms="0.004" scanms="0.000" postms="0.000" />
</gc-op>
<gc-end id="3150" type="partial gc" contextid="3145" durationms="2.241" usertimems="4.000" systemtimems="0.000" timestamp="2019-06-16T02:56:29.981" activeThreads="4">
  <mem-info id="3151" free="37748736" total="62914560" percent="60">
    <mem type="eden" free="1048512" total="1048576" percent="99" />
    <remembered-set count="832" freebytes="2508032" totalbytes="2511360" percent="99" regionsoverflowed="0" regionsstable="18" regionsrebuilding="0"/>
  </mem-info>
</gc-end>
<cycle-end id="3152" type="partial gc" contextid="3145" timestamp="2019-06-16T02:56:29.981" />
  <attribute name="elasticGC enabled" value="1" />
  <attribute name= "numThreadsSpecified" value="4" />
  <attribute name="heapSize specified" value="0" />
  <attribute name="Current GC Util" value="56" />
  <attribute name= "Current Time Running" value="62345" />
  <attribute name ="GC Interval" value="0" />
  <attribute name="ProportionalT" value="54.000000" />
  <attribute name="ProportionalI" value="54.000000" />
  <attribute name="ProportionalH" value="54.000000" />
  <attribute name="Current Error" value="36.000000" />
  <attribute name="IntegralT" value="36.000000" />
  <attribute name="IntegralI" value="36.000000" />
  <attribute name="IntegralH" value="36.000000" />
  <attribute name="DerivativeT" value="36.000000" />
  <attribute name="DerivativeI" value="36.000000" />
  <attribute name="DerivativeH" value="36.000000" />
  <attribute name="Loop Time for DT" value="1.000000" />
  <attribute name="Output H" value="8388608"/>
  <attribute name="Output I" value="200"/>
  <attribute name="Output T" value="4"/>
  <attribute name="Target GC Util Change" value ="20.000000" />
  <attribute name="Current GC Util Change" value="56.000000"/>
  <attribute name="GC Util currently" value="56" />
  <attribute name="CPU Util currently" value="16784904120200" />
<exclusive-end id="3153" timestamp="2019-06-16T02:56:29.982" durationms="3.165" />

<exclusive-start id="3154" timestamp="2019-06-16T02:56:30.005" intervalms="26.125">
  <response-info timems="0.045" idlems="0.045" threads="0" lastid="0000000001916700" lastname="main" />
</exclusive-start>
<allocation-taxation id="3155" taxation-threshold="22020096" timestamp="2019-06-16T02:56:30.005" intervalms="26.087" />
<cycle-start id="3156" type="partial gc" contextid="0" timestamp="2019-06-16T02:56:30.005" intervalms="26.092" />
<gc-start id="3157" type="partial gc" contextid="3156" timestamp="2019-06-16T02:56:30.005">
  <mem-info id="3158" free="15728640" total="62914560" percent="25">
    <mem type="eden" free="1048512" total="23068672" percent="4" />
    <remembered-set count="352" freebytes="2509952" totalbytes="2511360" percent="99" regionsoverflowed="0" regionsstable="18" regionsrebuilding="0"/>
  </mem-info>
</gc-start>
<allocation-stats totalBytes="21882072" >
  <allocated-bytes non-tlh="0" tlh="21882072" arrayletleaf="0"/>
  <largest-consumer threadName="main" threadId="0000000001916700" bytes="21882072" />
</allocation-stats>
<gc-op id="3159" type="copy forward" timems="0.925" contextid="3156" timestamp="2019-06-16T02:56:30.007">
  <memory-copied type="eden" objects="2" bytes="64" bytesdiscarded="0" />
  <memory-copied type="other" objects="0" bytes="0" bytesdiscarded="0" />
  <memory-cardclean objects="8" bytes="344" />
  <regions eden="21" other="1" />
  <remembered-set-cleared processed="37" cleared="0" durationms="0.102" />
  <stringconstants candidates="13747" cleared="0"  />
</gc-op>
<gc-op id="3160" type="classunload" timems="0.004" contextid="3156" timestamp="2019-06-16T02:56:30.007">
  <classunload-info classloadercandidates="54" classloadersunloaded="0" classesunloaded="0" anonymousclassesunloaded="0" quiescems="0.000" setupms="0.004" scanms="0.000" postms="0.000" />
</gc-op>
<gc-end id="3161" type="partial gc" contextid="3156" durationms="2.066" usertimems="4.000" systemtimems="0.000" timestamp="2019-06-16T02:56:30.007" activeThreads="1">
  <mem-info id="3162" free="37748736" total="62914560" percent="60">
    <mem type="eden" free="1048512" total="1048576" percent="99" />
    <remembered-set count="832" freebytes="2508032" totalbytes="2511360" percent="99" regionsoverflowed="0" regionsstable="18" regionsrebuilding="0"/>
  </mem-info>
</gc-end>
<cycle-end id="3163" type="partial gc" contextid="3156" timestamp="2019-06-16T02:56:30.008" />
  <attribute name="elasticGC enabled" value="1" />
  <attribute name= "numThreadsSpecified" value="1" />
  <attribute name="heapSize specified" value="0" />
  <attribute name="Current GC Util" value="62" />
  <attribute name= "Current Time Running" value="62371" />
  <attribute name ="GC Interval" value="0" />
  <attribute name="ProportionalT" value="63.000000" />
  <attribute name="ProportionalI" value="63.000000" />
  <attribute name="ProportionalH" value="63.000000" />
  <attribute name="Current Error" value="42.000000" />
  <attribute name="IntegralT" value="0.000000" />
  <attribute name="IntegralI" value="0.000000" />
  <attribute name="IntegralH" value="0.000000" />
  <attribute name="DerivativeT" value="inf" />
  <attribute name="DerivativeI" value="inf" />
  <attribute name="DerivativeH" value="inf" />
  <attribute name="Loop Time for DT" value="0.000000" />
  <attribute name="Output H" value="8388608"/>
  <attribute name="Output I" value="200"/>
  <attribute name="Output T" value="1"/>
  <attribute name="Target GC Util Change" value ="20.000000" />
  <attribute name="Current GC Util Change" value="62.000000"/>
  <attribute name="GC Util currently" value="62" />
  <attribute name="CPU Util currently" value="17883069554650" />
<exclusive-end id="3164" timestamp="2019-06-16T02:56:30.008" durationms="3.173" />

<exclusive-start id="3165" timestamp="2019-06-16T02:56:30.017" intervalms="12.218">
  <response-info timems="0.081" idlems="0.081" threads="0" lastid="0000000001916700" lastname="main" />
</exclusive-start>
<allocation-taxation id="3166" taxation-threshold="22020096" timestamp="2019-06-16T02:56:30.017" intervalms="12.176" />
<cycle-start id="3167" type="partial gc" contextid="0" timestamp="2019-06-16T02:56:30.017" intervalms="12.169" />
<gc-start id="3168" type="partial gc" contextid="3167" timestamp="2019-06-16T02:56:30.017">
  <mem-info id="3169" free="15728640" total="62914560" percent="25">
    <mem type="eden" free="1048512" total="23068672" percent="4" />
    <remembered-set count="352" freebytes="2509952" totalbytes="2511360" percent="99" regionsoverflowed="0" regionsstable="18" regionsrebuilding="0"/>
  </mem-info>
</gc-start>
<allocation-stats totalBytes="21882072" >
  <allocated-bytes non-tlh="0" tlh="21882072" arrayletleaf="0"/>
  <largest-consumer threadName="main" threadId="0000000001916700" bytes="21882072" />
</allocation-stats>
<gc-op id="3170" type="copy forward" timems="0.898" contextid="3167" timestamp="2019-06-16T02:56:30.019">
  <memory-copied type="eden" objects="2" bytes="64" bytesdiscarded="0" />
  <memory-copied type="other" objects="0" bytes="0" bytesdiscarded="0" />
  <memory-cardclean objects="8" bytes="344" />
  <regions eden="21" other="1" />
  <remembered-set-cleared processed="37" cleared="0" durationms="0.100" />
  <stringconstants candidates="13747" cleared="0"  />
</gc-op>
<gc-op id="3171" type="classunload" timems="0.004" contextid="3167" timestamp="2019-06-16T02:56:30.019">
  <classunload-info classloadercandidates="54" classloadersunloaded="0" classesunloaded="0" anonymousclassesunloaded="0" quiescems="0.000" setupms="0.003" scanms="0.000" postms="0.000" />
</gc-op>
<gc-end id="3172" type="partial gc" contextid="3167" durationms="1.920" usertimems="0.000" systemtimems="0.000" timestamp="2019-06-16T02:56:30.019" activeThreads="1">
  <mem-info id="3173" free="37748736" total="62914560" percent="60">
    <mem type="eden" free="1048512" total="1048576" percent="99" />
    <remembered-set count="832" freebytes="2508032" totalbytes="2511360" percent="99" regionsoverflowed="0" regionsstable="18" regionsrebuilding="0"/>
  </mem-info>
</gc-end>
<cycle-end id="3174" type="partial gc" contextid="3167" timestamp="2019-06-16T02:56:30.019" />
  <attribute name="elasticGC enabled" value="1" />
  <attribute name= "numThreadsSpecified" value="1" />
  <attribute name="heapSize specified" value="0" />
  <attribute name="Current GC Util" value="61" />
  <attribute name= "Current Time Running" value="62383" />
  <attribute name ="GC Interval" value="0" />
  <attribute name="ProportionalT" value="61.500000" />
  <attribute name="ProportionalI" value="61.500000" />
  <attribute name="ProportionalH" value="61.500000" />
  <attribute name="Current Error" value="41.000000" />
  <attribute name="IntegralT" value="0.000000" />
  <attribute name="IntegralI" value="0.000000" />
  <attribute name="IntegralH" value="0.000000" />
  <attribute name="DerivativeT" value="inf" />
  <attribute name="DerivativeI" value="inf" />
  <attribute name="DerivativeH" value="inf" />
  <attribute name="Loop Time for DT" value="0.000000" />
  <attribute name="Output H" value="8388608"/>
  <attribute name="Output I" value="200"/>
  <attribute name="Output T" value="1"/>
  <attribute name="Target GC Util Change" value ="20.000000" />
  <attribute name="Current GC Util Change" value="61.000000"/>
  <attribute name="GC Util currently" value="61" />
  <attribute name="CPU Util currently" value="18843127946272" />
<exclusive-end id="3175" timestamp="2019-06-16T02:56:30.020" durationms="2.776" />

<exclusive-start id="3176" timestamp="2019-06-16T02:56:30.029" intervalms="11.741">
  <response-info timems="0.072" idlems="0.072" threads="0" lastid="0000000001916700" lastname="main" />
</exclusive-start>
<allocation-taxation id="3177" taxation-threshold="22020096" timestamp="2019-06-16T02:56:30.029" intervalms="11.817" />
<cycle-start id="3178" type="partial gc" contextid="0" timestamp="2019-06-16T02:56:30.029" intervalms="11.821" />
<gc-start id="3179" type="partial gc" contextid="3178" timestamp="2019-06-16T02:56:30.029">
  <mem-info id="3180" free="15728640" total="62914560" percent="25">
    <mem type="eden" free="1048512" total="23068672" percent="4" />
    <remembered-set count="352" freebytes="2509952" totalbytes="2511360" percent="99" regionsoverflowed="0" regionsstable="18" regionsrebuilding="0"/>
  </mem-info>
</gc-start>
<allocation-stats totalBytes="21882072" >
  <allocated-bytes non-tlh="0" tlh="21882072" arrayletleaf="0"/>
  <largest-consumer threadName="main" threadId="0000000001916700" bytes="21882072" />
</allocation-stats>
<gc-op id="3181" type="copy forward" timems="0.928" contextid="3178" timestamp="2019-06-16T02:56:30.031">
  <memory-copied type="eden" objects="2" bytes="64" bytesdiscarded="0" />
  <memory-copied type="other" objects="0" bytes="0" bytesdiscarded="0" />
  <memory-cardclean objects="8" bytes="344" />
  <regions eden="21" other="1" />
  <remembered-set-cleared processed="37" cleared="0" durationms="0.101" />
  <stringconstants candidates="13747" cleared="0"  />
</gc-op>
<gc-op id="3182" type="classunload" timems="0.004" contextid="3178" timestamp="2019-06-16T02:56:30.031">
  <classunload-info classloadercandidates="54" classloadersunloaded="0" classesunloaded="0" anonymousclassesunloaded="0" quiescems="0.000" setupms="0.004" scanms="0.000" postms="0.000" />
</gc-op>
<gc-end id="3183" type="partial gc" contextid="3178" durationms="1.979" usertimems="4.000" systemtimems="0.000" timestamp="2019-06-16T02:56:30.031" activeThreads="1">
  <mem-info id="3184" free="37748736" total="62914560" percent="60">
    <mem type="eden" free="1048512" total="1048576" percent="99" />
    <remembered-set count="832" freebytes="2508032" totalbytes="2511360" percent="99" regionsoverflowed="0" regionsstable="18" regionsrebuilding="0"/>
  </mem-info>
</gc-end>
<cycle-end id="3185" type="partial gc" contextid="3178" timestamp="2019-06-16T02:56:30.031" />
  <attribute name="elasticGC enabled" value="1" />
  <attribute name= "numThreadsSpecified" value="1" />
  <attribute name="heapSize specified" value="0" />
  <attribute name="Current GC Util" value="63" />
  <attribute name= "Current Time Running" value="62395" />
  <attribute name ="GC Interval" value="0" />
  <attribute name="ProportionalT" value="64.500000" />
  <attribute name="ProportionalI" value="64.500000" />
  <attribute name="ProportionalH" value="64.500000" />
  <attribute name="Current Error" value="43.000000" />
  <attribute name="IntegralT" value="0.000000" />
  <attribute name="IntegralI" value="0.000000" />
  <attribute name="IntegralH" value="0.000000" />
  <attribute name="DerivativeT" value="inf" />
  <attribute name="DerivativeI" value="inf" />
  <attribute name="DerivativeH" value="inf" />
  <attribute name="Loop Time for DT" value="0.000000" />
  <attribute name="Output H" value="8388608"/>
  <attribute name="Output I" value="200"/>
  <attribute name="Output T" value="1"/>
  <attribute name="Target GC Util Change" value ="20.000000" />
  <attribute name="Current GC Util Change" value="63.000000"/>
  <attribute name="GC Util currently" value="63" />
  <attribute name="CPU Util currently" value="18077174158106" />
<exclusive-end id="3186" timestamp="2019-06-16T02:56:30.032" durationms="3.061" />

<exclusive-start id="3187" timestamp="2019-06-16T02:56:30.041" intervalms="12.038">
  <response-info timems="0.085" idlems="0.085" threads="0" lastid="0000000001916700" lastname="main" />
</exclusive-start>
<allocation-taxation id="3188" taxation-threshold="22020096" timestamp="2019-06-16T02:56:30.041" intervalms="12.079" />
<cycle-start id="3189" type="partial gc" contextid="0" timestamp="2019-06-16T02:56:30.041" intervalms="12.079" />
<gc-start id="3190" type="partial gc" contextid="3189" timestamp="2019-06-16T02:56:30.041">
  <mem-info id="3191" free="15728640" total="62914560" percent="25">
    <mem type="eden" free="1048512" total="23068672" percent="4" />
    <remembered-set count="352" freebytes="2509952" totalbytes="2511360" percent="99" regionsoverflowed="0" regionsstable="18" regionsrebuilding="0"/>
  </mem-info>
</gc-start>
<allocation-stats totalBytes="21882072" >
  <allocated-bytes non-tlh="0" tlh="21882072" arrayletleaf="0"/>
  <largest-consumer threadName="main" threadId="0000000001916700" bytes="21882072" />
</allocation-stats>
<gc-op id="3192" type="copy forward" timems="0.939" contextid="3189" timestamp="2019-06-16T02:56:30.043">
  <memory-copied type="eden" objects="2" bytes="64" bytesdiscarded="0" />
  <memory-copied type="other" objects="0" bytes="0" bytesdiscarded="0" />
  <memory-cardclean objects="8" bytes="344" />
  <regions eden="21" other="1" />
  <remembered-set-cleared processed="37" cleared="0" durationms="0.101" />
  <stringconstants candidates="13747" cleared="0"  />
</gc-op>
<gc-op id="3193" type="classunload" timems="0.004" contextid="3189" timestamp="2019-06-16T02:56:30.043">
  <classunload-info classloadercandidates="54" classloadersunloaded="0" classesunloaded="0" anonymousclassesunloaded="0" quiescems="0.000" setupms="0.004" scanms="0.000" postms="0.000" />
</gc-op>
<gc-end id="3194" type="partial gc" contextid="3189" durationms="1.984" usertimems="4.000" systemtimems="0.000" timestamp="2019-06-16T02:56:30.043" activeThreads="1">
  <mem-info id="3195" free="37748736" total="62914560" percent="60">
    <mem type="eden" free="1048512" total="1048576" percent="99" />
    <remembered-set count="832" freebytes="2508032" totalbytes="2511360" percent="99" regionsoverflowed="0" regionsstable="18" regionsrebuilding="0"/>
  </mem-info>
</gc-end>
<cycle-end id="3196" type="partial gc" contextid="3189" timestamp="2019-06-16T02:56:30.043" />
  <attribute name="elasticGC enabled" value="1" />
  <attribute name= "numThreadsSpecified" value="1" />
  <attribute name="heapSize specified" value="0" />
  <attribute name="Current GC Util" value="59" />
  <attribute name= "Current Time Running" value="62407" />
  <attribute name ="GC Interval" value="0" />
  <attribute name="ProportionalT" value="58.500000" />
  <attribute name="ProportionalI" value="58.500000" />
  <attribute name="ProportionalH" value="58.500000" />
  <attribute name="Current Error" value="39.000000" />
  <attribute name="IntegralT" value="0.000000" />
  <attribute name="IntegralI" value="0.000000" />
  <attribute name="IntegralH" value="0.000000" />
  <attribute name="DerivativeT" value="inf" />
  <attribute name="DerivativeI" value="inf" />
  <attribute name="DerivativeH" value="inf" />
  <attribute name="Loop Time for DT" value="0.000000" />
  <attribute name="Output H" value="8388608"/>
  <attribute name="Output I" value="200"/>
  <attribute name="Output T" value="1"/>
  <attribute name="Target GC Util Change" value ="20.000000" />
  <attribute name="Current GC Util Change" value="59.000000"/>
  <attribute name="GC Util currently" value="59" />
  <attribute name="CPU Util currently" value="16325014430828" />
<exclusive-end id="3197" timestamp="2019-06-16T02:56:30.044" durationms="3.072" />

<exclusive-start id="3198" timestamp="2019-06-16T02:56:30.053" intervalms="12.129">
  <response-info timems="0.105" idlems="0.105" threads="0" lastid="0000000001916700" lastname="main" />
</exclusive-start>
<allocation-taxation id="3199" taxation-threshold="22020096" timestamp="2019-06-16T02:56:30.053" intervalms="12.048" />
<cycle-start id="3200" type="partial gc" contextid="0" timestamp="2019-06-16T02:56:30.053" intervalms="12.055" />
<gc-start id="3201" type="partial gc" contextid="3200" timestamp="2019-06-16T02:56:30.053">
  <mem-info id="3202" free="15728640" total="62914560" percent="25">
    <mem type="eden" free="1048512" total="23068672" percent="4" />
    <remembered-set count="352" freebytes="2509952" totalbytes="2511360" percent="99" regionsoverflowed="0" regionsstable="18" regionsrebuilding="0"/>
  </mem-info>
</gc-start>
<allocation-stats totalBytes="21882048" >
  <allocated-bytes non-tlh="0" tlh="21882048" arrayletleaf="0"/>
  <largest-consumer threadName="main" threadId="0000000001916700" bytes="21882048" />
</allocation-stats>
<gc-op id="3203" type="copy forward" timems="0.936" contextid="3200" timestamp="2019-06-16T02:56:30.055">
  <memory-copied type="eden" objects="2" bytes="64" bytesdiscarded="0" />
  <memory-copied type="other" objects="0" bytes="0" bytesdiscarded="0" />
  <memory-cardclean objects="8" bytes="344" />
  <regions eden="21" other="1" />
  <remembered-set-cleared processed="37" cleared="0" durationms="0.101" />
  <stringconstants candidates="13747" cleared="0"  />
</gc-op>
<gc-op id="3204" type="classunload" timems="0.004" contextid="3200" timestamp="2019-06-16T02:56:30.055">
  <classunload-info classloadercandidates="54" classloadersunloaded="0" classesunloaded="0" anonymousclassesunloaded="0" quiescems="0.000" setupms="0.004" scanms="0.000" postms="0.000" />
</gc-op>
<gc-end id="3205" type="partial gc" contextid="3200" durationms="2.023" usertimems="4.000" systemtimems="0.000" timestamp="2019-06-16T02:56:30.055" activeThreads="1">
  <mem-info id="3206" free="37748736" total="62914560" percent="60">
    <mem type="eden" free="1048512" total="1048576" percent="99" />
    <remembered-set count="832" freebytes="2508032" totalbytes="2511360" percent="99" regionsoverflowed="0" regionsstable="18" regionsrebuilding="0"/>
  </mem-info>
</gc-end>
<cycle-end id="3207" type="partial gc" contextid="3200" timestamp="2019-06-16T02:56:30.055" />
  <attribute name="elasticGC enabled" value="1" />
  <attribute name= "numThreadsSpecified" value="1" />
  <attribute name="heapSize specified" value="0" />
  <attribute name="Current GC Util" value="56" />
  <attribute name= "Current Time Running" value="62419" />
  <attribute name ="GC Interval" value="0" />
  <attribute name="ProportionalT" value="54.000000" />
  <attribute name="ProportionalI" value="54.000000" />
  <attribute name="ProportionalH" value="54.000000" />
  <attribute name="Current Error" value="36.000000" />
  <attribute name="IntegralT" value="0.000000" />
  <attribute name="IntegralI" value="0.000000" />
  <attribute name="IntegralH" value="0.000000" />
  <attribute name="DerivativeT" value="inf" />
  <attribute name="DerivativeI" value="inf" />
  <attribute name="DerivativeH" value="inf" />
  <attribute name="Loop Time for DT" value="0.000000" />
  <attribute name="Output H" value="8388608"/>
  <attribute name="Output I" value="200"/>
  <attribute name="Output T" value="1"/>
  <attribute name="Target GC Util Change" value ="20.000000" />
  <attribute name="Current GC Util Change" value="56.000000"/>
  <attribute name="GC Util currently" value="56" />
  <attribute name="CPU Util currently" value="16262208864915" />
<exclusive-end id="3208" timestamp="2019-06-16T02:56:30.056" durationms="2.960" />

<exclusive-start id="3209" timestamp="2019-06-16T02:56:30.065" intervalms="11.969">
  <response-info timems="0.096" idlems="0.096" threads="0" lastid="0000000001916700" lastname="main" />
</exclusive-start>
<allocation-taxation id="3210" taxation-threshold="22020096" timestamp="2019-06-16T02:56:30.065" intervalms="12.036" />
<cycle-start id="3211" type="partial gc" contextid="0" timestamp="2019-06-16T02:56:30.065" intervalms="12.037" />
<gc-start id="3212" type="partial gc" contextid="3211" timestamp="2019-06-16T02:56:30.065">
  <mem-info id="3213" free="15728640" total="62914560" percent="25">
    <mem type="eden" free="1048512" total="23068672" percent="4" />
    <remembered-set count="352" freebytes="2509952" totalbytes="2511360" percent="99" regionsoverflowed="0" regionsstable="18" regionsrebuilding="0"/>
  </mem-info>
</gc-start>
<allocation-stats totalBytes="21882072" >
  <allocated-bytes non-tlh="0" tlh="21882072" arrayletleaf="0"/>
  <largest-consumer threadName="main" threadId="0000000001916700" bytes="21882072" />
</allocation-stats>
<gc-op id="3214" type="copy forward" timems="0.919" contextid="3211" timestamp="2019-06-16T02:56:30.067">
  <memory-copied type="eden" objects="2" bytes="64" bytesdiscarded="0" />
  <memory-copied type="other" objects="0" bytes="0" bytesdiscarded="0" />
  <memory-cardclean objects="8" bytes="344" />
  <regions eden="21" other="1" />
  <remembered-set-cleared processed="37" cleared="0" durationms="0.101" />
  <stringconstants candidates="13747" cleared="0"  />
</gc-op>
<gc-op id="3215" type="classunload" timems="0.004" contextid="3211" timestamp="2019-06-16T02:56:30.067">
  <classunload-info classloadercandidates="54" classloadersunloaded="0" classesunloaded="0" anonymousclassesunloaded="0" quiescems="0.000" setupms="0.004" scanms="0.000" postms="0.000" />
</gc-op>
<gc-end id="3216" type="partial gc" contextid="3211" durationms="2.003" usertimems="4.000" systemtimems="0.000" timestamp="2019-06-16T02:56:30.067" activeThreads="1">
  <mem-info id="3217" free="37748736" total="62914560" percent="60">
    <mem type="eden" free="1048512" total="1048576" percent="99" />
    <remembered-set count="832" freebytes="2508032" totalbytes="2511360" percent="99" regionsoverflowed="0" regionsstable="18" regionsrebuilding="0"/>
  </mem-info>
</gc-end>
<cycle-end id="3218" type="partial gc" contextid="3211" timestamp="2019-06-16T02:56:30.068" />
  <attribute name="elasticGC enabled" value="1" />
  <attribute name= "numThreadsSpecified" value="1" />
  <attribute name="heapSize specified" value="0" />
  <attribute name="Current GC Util" value="64" />
  <attribute name= "Current Time Running" value="62431" />
  <attribute name ="GC Interval" value="0" />
  <attribute name="ProportionalT" value="66.000000" />
  <attribute name="ProportionalI" value="66.000000" />
  <attribute name="ProportionalH" value="66.000000" />
  <attribute name="Current Error" value="44.000000" />
  <attribute name="IntegralT" value="0.000000" />
  <attribute name="IntegralI" value="0.000000" />
  <attribute name="IntegralH" value="0.000000" />
  <attribute name="DerivativeT" value="inf" />
  <attribute name="DerivativeI" value="inf" />
  <attribute name="DerivativeH" value="inf" />
  <attribute name="Loop Time for DT" value="0.000000" />
  <attribute name="Output H" value="8388608"/>
  <attribute name="Output I" value="200"/>
  <attribute name="Output T" value="1"/>
  <attribute name="Target GC Util Change" value ="20.000000" />
  <attribute name="Current GC Util Change" value="64.000000"/>
  <attribute name="GC Util currently" value="64" />
  <attribute name="CPU Util currently" value="18302084232170" />
<exclusive-end id="3219" timestamp="2019-06-16T02:56:30.068" durationms="3.073" />

<exclusive-start id="3220" timestamp="2019-06-16T02:56:30.077" intervalms="12.123">
  <response-info timems="0.082" idlems="0.082" threads="0" lastid="0000000001916700" lastname="main" />
</exclusive-start>
<allocation-taxation id="3221" taxation-threshold="22020096" timestamp="2019-06-16T02:56:30.077" intervalms="12.070" />
<cycle-start id="3222" type="partial gc" contextid="0" timestamp="2019-06-16T02:56:30.077" intervalms="12.062" />
<gc-start id="3223" type="partial gc" contextid="3222" timestamp="2019-06-16T02:56:30.077">
  <mem-info id="3224" free="15728640" total="62914560" percent="25">
    <mem type="eden" free="1048512" total="23068672" percent="4" />
    <remembered-set count="352" freebytes="2509952" totalbytes="2511360" percent="99" regionsoverflowed="0" regionsstable="18" regionsrebuilding="0"/>
  </mem-info>
</gc-start>
<allocation-stats totalBytes="21882072" >
  <allocated-bytes non-tlh="0" tlh="21882072" arrayletleaf="0"/>
  <largest-consumer threadName="main" threadId="0000000001916700" bytes="21882072" />
</allocation-stats>
<gc-op id="3225" type="copy forward" timems="0.909" contextid="3222" timestamp="2019-06-16T02:56:30.079">
  <memory-copied type="eden" objects="2" bytes="64" bytesdiscarded="0" />
  <memory-copied type="other" objects="0" bytes="0" bytesdiscarded="0" />
  <memory-cardclean objects="8" bytes="344" />
  <regions eden="21" other="1" />
  <remembered-set-cleared processed="37" cleared="0" durationms="0.100" />
  <stringconstants candidates="13747" cleared="0"  />
</gc-op>
<gc-op id="3226" type="classunload" timems="0.004" contextid="3222" timestamp="2019-06-16T02:56:30.079">
  <classunload-info classloadercandidates="54" classloadersunloaded="0" classesunloaded="0" anonymousclassesunloaded="0" quiescems="0.000" setupms="0.004" scanms="0.000" postms="0.000" />
</gc-op>
<gc-end id="3227" type="partial gc" contextid="3222" durationms="1.957" usertimems="4.000" systemtimems="0.000" timestamp="2019-06-16T02:56:30.079" activeThreads="1">
  <mem-info id="3228" free="37748736" total="62914560" percent="60">
    <mem type="eden" free="1048512" total="1048576" percent="99" />
    <remembered-set count="832" freebytes="2508032" totalbytes="2511360" percent="99" regionsoverflowed="0" regionsstable="18" regionsrebuilding="0"/>
  </mem-info>
</gc-end>
<cycle-end id="3229" type="partial gc" contextid="3222" timestamp="2019-06-16T02:56:30.079" />
  <attribute name="elasticGC enabled" value="1" />
  <attribute name= "numThreadsSpecified" value="1" />
  <attribute name="heapSize specified" value="0" />
  <attribute name="Current GC Util" value="65" />
  <attribute name= "Current Time Running" value="62443" />
  <attribute name ="GC Interval" value="0" />
  <attribute name="ProportionalT" value="67.500000" />
  <attribute name="ProportionalI" value="67.500000" />
  <attribute name="ProportionalH" value="67.500000" />
  <attribute name="Current Error" value="45.000000" />
  <attribute name="IntegralT" value="0.000000" />
  <attribute name="IntegralI" value="0.000000" />
  <attribute name="IntegralH" value="0.000000" />
  <attribute name="DerivativeT" value="inf" />
  <attribute name="DerivativeI" value="inf" />
  <attribute name="DerivativeH" value="inf" />
  <attribute name="Loop Time for DT" value="0.000000" />
  <attribute name="Output H" value="8388608"/>
  <attribute name="Output I" value="200"/>
  <attribute name="Output T" value="1"/>
  <attribute name="Target GC Util Change" value ="20.000000" />
  <attribute name="Current GC Util Change" value="65.000000"/>
  <attribute name="GC Util currently" value="65" />
  <attribute name="CPU Util currently" value="18727506685963" />
<exclusive-end id="3230" timestamp="2019-06-16T02:56:30.080" durationms="2.893" />

<exclusive-start id="3231" timestamp="2019-06-16T02:56:30.095" intervalms="17.800">
  <response-info timems="0.066" idlems="0.066" threads="0" lastid="0000000001916700" lastname="main" />
</exclusive-start>
<allocation-taxation id="3232" taxation-threshold="22020096" timestamp="2019-06-16T02:56:30.095" intervalms="17.791" />
<cycle-start id="3233" type="partial gc" contextid="0" timestamp="2019-06-16T02:56:30.095" intervalms="17.793" />
<gc-start id="3234" type="partial gc" contextid="3233" timestamp="2019-06-16T02:56:30.095">
  <mem-info id="3235" free="15728640" total="62914560" percent="25">
    <mem type="eden" free="1048512" total="23068672" percent="4" />
    <remembered-set count="352" freebytes="2509952" totalbytes="2511360" percent="99" regionsoverflowed="0" regionsstable="18" regionsrebuilding="0"/>
  </mem-info>
</gc-start>
<allocation-stats totalBytes="22012992" >
  <allocated-bytes non-tlh="0" tlh="22012992" arrayletleaf="0"/>
  <largest-consumer threadName="main" threadId="0000000001916700" bytes="22012992" />
</allocation-stats>
<gc-op id="3236" type="copy forward" timems="0.942" contextid="3233" timestamp="2019-06-16T02:56:30.097">
  <memory-copied type="eden" objects="152" bytes="5032" bytesdiscarded="0" />
  <memory-copied type="other" objects="0" bytes="0" bytesdiscarded="0" />
  <memory-cardclean objects="61" bytes="2000" />
  <regions eden="21" other="1" />
  <remembered-set-cleared processed="37" cleared="2" durationms="0.102" />
  <stringconstants candidates="13747" cleared="0"  />
</gc-op>
<gc-op id="3237" type="classunload" timems="0.004" contextid="3233" timestamp="2019-06-16T02:56:30.097">
  <classunload-info classloadercandidates="54" classloadersunloaded="0" classesunloaded="0" anonymousclassesunloaded="0" quiescems="0.000" setupms="0.004" scanms="0.000" postms="0.000" />
</gc-op>
<gc-end id="3238" type="partial gc" contextid="3233" durationms="1.936" usertimems="4.000" systemtimems="0.000" timestamp="2019-06-16T02:56:30.097" activeThreads="1">
  <mem-info id="3239" free="37748736" total="62914560" percent="60">
    <mem type="eden" free="1043544" total="1048576" percent="99" />
    <remembered-set count="832" freebytes="2508032" totalbytes="2511360" percent="99" regionsoverflowed="0" regionsstable="18" regionsrebuilding="0"/>
  </mem-info>
</gc-end>
<cycle-end id="3240" type="partial gc" contextid="3233" timestamp="2019-06-16T02:56:30.097" />
  <attribute name="elasticGC enabled" value="1" />
  <attribute name= "numThreadsSpecified" value="1" />
  <attribute name="heapSize specified" value="0" />
  <attribute name="Current GC Util" value="65" />
  <attribute name= "Current Time Running" value="62461" />
  <attribute name ="GC Interval" value="0" />
  <attribute name="ProportionalT" value="67.500000" />
  <attribute name="ProportionalI" value="67.500000" />
  <attribute name="ProportionalH" value="67.500000" />
  <attribute name="Current Error" value="45.000000" />
  <attribute name="IntegralT" value="0.000000" />
  <attribute name="IntegralI" value="0.000000" />
  <attribute name="IntegralH" value="0.000000" />
  <attribute name="DerivativeT" value="inf" />
  <attribute name="DerivativeI" value="inf" />
  <attribute name="DerivativeH" value="inf" />
  <attribute name="Loop Time for DT" value="0.000000" />
  <attribute name="Output H" value="8388608"/>
  <attribute name="Output I" value="200"/>
  <attribute name="Output T" value="1"/>
  <attribute name="Target GC Util Change" value ="20.000000" />
  <attribute name="Current GC Util Change" value="65.000000"/>
  <attribute name="GC Util currently" value="65" />
  <attribute name="CPU Util currently" value="19488851788350" />
<exclusive-end id="3241" timestamp="2019-06-16T02:56:30.097" durationms="2.874" />

<exclusive-start id="3242" timestamp="2019-06-16T02:56:30.139" intervalms="43.946">
  <response-info timems="0.123" idlems="0.123" threads="0" lastid="0000000001916700" lastname="main" />
</exclusive-start>
<allocation-taxation id="3243" taxation-threshold="22020096" timestamp="2019-06-16T02:56:30.139" intervalms="44.018" />
<cycle-start id="3244" type="partial gc" contextid="0" timestamp="2019-06-16T02:56:30.139" intervalms="44.022" />
<gc-start id="3245" type="partial gc" contextid="3244" timestamp="2019-06-16T02:56:30.139">
  <mem-info id="3246" free="15728640" total="62914560" percent="25">
    <mem type="eden" free="0" total="22020096" percent="0" />
    <remembered-set count="352" freebytes="2509952" totalbytes="2511360" percent="99" regionsoverflowed="0" regionsstable="18" regionsrebuilding="0"/>
  </mem-info>
</gc-start>
<allocation-stats totalBytes="22016992" >
  <allocated-bytes non-tlh="0" tlh="22016992" arrayletleaf="0"/>
  <largest-consumer threadName="main" threadId="0000000001916700" bytes="22016992" />
</allocation-stats>
<gc-op id="3247" type="copy forward" timems="0.973" contextid="3244" timestamp="2019-06-16T02:56:30.141">
  <memory-copied type="eden" objects="107" bytes="3528" bytesdiscarded="0" />
  <memory-copied type="other" objects="50" bytes="1680" bytesdiscarded="0" />
  <memory-cardclean objects="48" bytes="1632" />
  <regions eden="21" other="1" />
  <remembered-set-cleared processed="35" cleared="0" durationms="0.103" />
  <stringconstants candidates="13747" cleared="0"  />
</gc-op>
<gc-op id="3248" type="classunload" timems="0.004" contextid="3244" timestamp="2019-06-16T02:56:30.141">
  <classunload-info classloadercandidates="54" classloadersunloaded="0" classesunloaded="0" anonymousclassesunloaded="0" quiescems="0.000" setupms="0.004" scanms="0.000" postms="0.000" />
</gc-op>
<gc-end id="3249" type="partial gc" contextid="3244" durationms="2.135" usertimems="4.000" systemtimems="0.000" timestamp="2019-06-16T02:56:30.141" activeThreads="1">
  <mem-info id="3250" free="36700160" total="62914560" percent="58">
    <mem type="eden" free="1045048" total="1048576" percent="99" />
    <remembered-set count="832" freebytes="2508032" totalbytes="2511360" percent="99" regionsoverflowed="0" regionsstable="18" regionsrebuilding="0"/>
  </mem-info>
</gc-end>
<cycle-end id="3251" type="partial gc" contextid="3244" timestamp="2019-06-16T02:56:30.142" />
  <attribute name="elasticGC enabled" value="1" />
  <attribute name= "numThreadsSpecified" value="1" />
  <attribute name="heapSize specified" value="0" />
  <attribute name="Current GC Util" value="58" />
  <attribute name= "Current Time Running" value="62505" />
  <attribute name ="GC Interval" value="0" />
  <attribute name="ProportionalT" value="57.000000" />
  <attribute name="ProportionalI" value="57.000000" />
  <attribute name="ProportionalH" value="57.000000" />
  <attribute name="Current Error" value="38.000000" />
  <attribute name="IntegralT" value="0.000000" />
  <attribute name="IntegralI" value="0.000000" />
  <attribute name="IntegralH" value="0.000000" />
  <attribute name="DerivativeT" value="inf" />
  <attribute name="DerivativeI" value="inf" />
  <attribute name="DerivativeH" value="inf" />
  <attribute name="Loop Time for DT" value="0.000000" />
  <attribute name="Output H" value="8388608"/>
  <attribute name="Output I" value="200"/>
  <attribute name="Output T" value="1"/>
  <attribute name="Target GC Util Change" value ="20.000000" />
  <attribute name="Current GC Util Change" value="58.000000"/>
  <attribute name="GC Util currently" value="58" />
  <attribute name="CPU Util currently" value="16300894193660" />
<exclusive-end id="3252" timestamp="2019-06-16T02:56:30.142" durationms="3.284" />

<exclusive-start id="3253" timestamp="2019-06-16T02:56:30.181" intervalms="42.222">
  <response-info timems="0.111" idlems="0.111" threads="0" lastid="0000000001916700" lastname="main" />
</exclusive-start>
<allocation-taxation id="3254" taxation-threshold="22020096" timestamp="2019-06-16T02:56:30.181" intervalms="42.281" />
<cycle-start id="3255" type="partial gc" contextid="0" timestamp="2019-06-16T02:56:30.181" intervalms="42.279" />
<gc-start id="3256" type="partial gc" contextid="3255" timestamp="2019-06-16T02:56:30.182">
  <mem-info id="3257" free="14680064" total="62914560" percent="23">
    <mem type="eden" free="1045048" total="23068672" percent="4" />
    <remembered-set count="384" freebytes="2509824" totalbytes="2511360" percent="99" regionsoverflowed="0" regionsstable="18" regionsrebuilding="0"/>
  </mem-info>
</gc-start>
<allocation-stats totalBytes="22017008" >
  <allocated-bytes non-tlh="0" tlh="22017008" arrayletleaf="0"/>
  <largest-consumer threadName="main" threadId="0000000001916700" bytes="22017008" />
</allocation-stats>
<gc-op id="3258" type="copy forward" timems="1.013" contextid="3255" timestamp="2019-06-16T02:56:30.183">
  <memory-copied type="eden" objects="331" bytes="10800" bytesdiscarded="0" />
  <memory-copied type="other" objects="0" bytes="0" bytesdiscarded="0" />
  <memory-cardclean objects="92" bytes="11152" />
  <regions eden="21" other="1" />
  <remembered-set-cleared processed="41" cleared="6" durationms="0.105" />
  <references type="weak" candidates="37" cleared="0" enqueued="0" />
  <stringconstants candidates="13747" cleared="0"  />
</gc-op>
<gc-op id="3259" type="classunload" timems="0.005" contextid="3255" timestamp="2019-06-16T02:56:30.184">
  <classunload-info classloadercandidates="54" classloadersunloaded="0" classesunloaded="0" anonymousclassesunloaded="0" quiescems="0.000" setupms="0.004" scanms="0.000" postms="0.000" />
</gc-op>
<gc-end id="3260" type="partial gc" contextid="3255" durationms="2.177" usertimems="4.000" systemtimems="0.000" timestamp="2019-06-16T02:56:30.184" activeThreads="1">
  <mem-info id="3261" free="36700160" total="62914560" percent="58">
    <mem type="eden" free="1037728" total="1048576" percent="98" />
    <remembered-set count="800" freebytes="2508160" totalbytes="2511360" percent="99" regionsoverflowed="0" regionsstable="18" regionsrebuilding="0"/>
  </mem-info>
</gc-end>
<cycle-end id="3262" type="partial gc" contextid="3255" timestamp="2019-06-16T02:56:30.184" />
  <attribute name="elasticGC enabled" value="1" />
  <attribute name= "numThreadsSpecified" value="1" />
  <attribute name="heapSize specified" value="0" />
  <attribute name="Current GC Util" value="59" />
  <attribute name= "Current Time Running" value="62547" />
  <attribute name ="GC Interval" value="0" />
  <attribute name="ProportionalT" value="58.500000" />
  <attribute name="ProportionalI" value="58.500000" />
  <attribute name="ProportionalH" value="58.500000" />
  <attribute name="Current Error" value="39.000000" />
  <attribute name="IntegralT" value="0.000000" />
  <attribute name="IntegralI" value="0.000000" />
  <attribute name="IntegralH" value="0.000000" />
  <attribute name="DerivativeT" value="inf" />
  <attribute name="DerivativeI" value="inf" />
  <attribute name="DerivativeH" value="inf" />
  <attribute name="Loop Time for DT" value="0.000000" />
  <attribute name="Output H" value="8388608"/>
  <attribute name="Output I" value="200"/>
  <attribute name="Output T" value="1"/>
  <attribute name="Target GC Util Change" value ="20.000000" />
  <attribute name="Current GC Util Change" value="59.000000"/>
  <attribute name="GC Util currently" value="59" />
  <attribute name="CPU Util currently" value="16439658836991" />
<exclusive-end id="3263" timestamp="2019-06-16T02:56:30.184" durationms="3.371" />

<exclusive-start id="3264" timestamp="2019-06-16T02:56:30.216" intervalms="34.972">
  <response-info timems="0.173" idlems="0.173" threads="0" lastid="0000000001916700" lastname="main" />
</exclusive-start>
<allocation-taxation id="3265" taxation-threshold="22020096" timestamp="2019-06-16T02:56:30.216" intervalms="34.893" />
<cycle-start id="3266" type="partial gc" contextid="0" timestamp="2019-06-16T02:56:30.216" intervalms="34.905" />
<gc-start id="3267" type="partial gc" contextid="3266" timestamp="2019-06-16T02:56:30.217">
  <mem-info id="3268" free="14680064" total="62914560" percent="23">
    <mem type="eden" free="0" total="22020096" percent="0" />
    <remembered-set count="352" freebytes="2509952" totalbytes="2511360" percent="99" regionsoverflowed="0" regionsstable="18" regionsrebuilding="0"/>
  </mem-info>
</gc-start>
<allocation-stats totalBytes="22017504" >
  <allocated-bytes non-tlh="0" tlh="22017504" arrayletleaf="0"/>
  <largest-consumer threadName="main" threadId="0000000001916700" bytes="22017504" />
</allocation-stats>
<gc-op id="3269" type="copy forward" timems="1.030" contextid="3266" timestamp="2019-06-16T02:56:30.218">
  <memory-copied type="eden" objects="130" bytes="3984" bytesdiscarded="0" />
  <memory-copied type="other" objects="212" bytes="7208" bytesdiscarded="0" />
  <memory-cardclean objects="68" bytes="10592" />
  <regions eden="21" other="1" />
  <remembered-set-cleared processed="39" cleared="4" durationms="0.105" />
  <references type="weak" candidates="37" cleared="0" enqueued="0" />
  <stringconstants candidates="13747" cleared="0"  />
</gc-op>
<gc-op id="3270" type="classunload" timems="0.006" contextid="3266" timestamp="2019-06-16T02:56:30.218">
  <classunload-info classloadercandidates="54" classloadersunloaded="0" classesunloaded="0" anonymousclassesunloaded="0" quiescems="0.000" setupms="0.005" scanms="0.000" postms="0.000" />
</gc-op>
<gc-end id="3271" type="partial gc" contextid="3266" durationms="2.122" usertimems="4.000" systemtimems="0.000" timestamp="2019-06-16T02:56:30.219" activeThreads="1">
  <mem-info id="3272" free="35651584" total="62914560" percent="56">
    <mem type="eden" free="1044592" total="1048576" percent="99" />
    <remembered-set count="800" freebytes="2508160" totalbytes="2511360" percent="99" regionsoverflowed="0" regionsstable="18" regionsrebuilding="0"/>
  </mem-info>
</gc-end>
<cycle-end id="3273" type="partial gc" contextid="3266" timestamp="2019-06-16T02:56:30.219" />
  <attribute name="elasticGC enabled" value="1" />
  <attribute name= "numThreadsSpecified" value="1" />
  <attribute name="heapSize specified" value="0" />
  <attribute name="Current GC Util" value="82" />
  <attribute name= "Current Time Running" value="62582" />
  <attribute name ="GC Interval" value="0" />
  <attribute name="ProportionalT" value="93.000000" />
  <attribute name="ProportionalI" value="93.000000" />
  <attribute name="ProportionalH" value="93.000000" />
  <attribute name="Current Error" value="62.000000" />
  <attribute name="IntegralT" value="0.000000" />
  <attribute name="IntegralI" value="0.000000" />
  <attribute name="IntegralH" value="0.000000" />
  <attribute name="DerivativeT" value="inf" />
  <attribute name="DerivativeI" value="inf" />
  <attribute name="DerivativeH" value="inf" />
  <attribute name="Loop Time for DT" value="0.000000" />
  <attribute name="Output H" value="8388608"/>
  <attribute name="Output I" value="200"/>
  <attribute name="Output T" value="1"/>
  <attribute name="Target GC Util Change" value ="20.000000" />
  <attribute name="Current GC Util Change" value="82.000000"/>
  <attribute name="GC Util currently" value="82" />
  <attribute name="CPU Util currently" value="17651710849199" />
<exclusive-end id="3274" timestamp="2019-06-16T02:56:30.219" durationms="3.244" />

<exclusive-start id="3275" timestamp="2019-06-16T02:56:30.234" intervalms="18.532">
  <response-info timems="0.114" idlems="0.114" threads="0" lastid="0000000001916700" lastname="main" />
</exclusive-start>
<allocation-taxation id="3276" taxation-threshold="10485760" timestamp="2019-06-16T02:56:30.234" intervalms="18.501" />
<cycle-start id="3277" type="global mark phase" contextid="0" timestamp="2019-06-16T02:56:30.235" intervalms="624.771" />
<gc-start id="3278" type="global mark phase" contextid="3277" timestamp="2019-06-16T02:56:30.235">
  <mem-info id="3279" free="25165824" total="62914560" percent="40">
    <remembered-set count="384" freebytes="2509824" totalbytes="2511360" percent="99" regionsoverflowed="0" regionsstable="18" regionsrebuilding="0"/>
  </mem-info>
</gc-start>
<gc-op id="3280" type="mark increment" timems="0.806" contextid="3277" timestamp="2019-06-16T02:56:30.236">
  <trace-info objectcount="209" scancount="0" scanbytes="0" />
</gc-op>
<gc-end id="3281" type="global mark phase" contextid="3277" durationms="1.067" usertimems="0.000" systemtimems="0.000" timestamp="2019-06-16T02:56:30.236" activeThreads="4">
  <mem-info id="3282" free="25165824" total="62914560" percent="40">
    <remembered-set count="384" freebytes="2509824" totalbytes="2511360" percent="99" regionsoverflowed="0" regionsstable="0" regionsrebuilding="18"/>
  </mem-info>
</gc-end>
<concurrent-start id="3283" type="GMP work packet processing" contextid="3277" timestamp="2019-06-16T02:56:30.236">
  <concurrent-mark-start scanTarget="1397474" />
</concurrent-start>
<exclusive-end id="3284" timestamp="2019-06-16T02:56:30.236" durationms="1.935" />

<concurrent-end id="3285" type="GMP work packet processing" contextid="3277" timestamp="2019-06-16T02:56:30.238">
  <concurrent-mark-end bytesScanned="1533608" reasonForTermination="Work target met" />
</concurrent-end>

<exclusive-start id="3286" timestamp="2019-06-16T02:56:30.253" intervalms="18.524">
  <response-info timems="0.149" idlems="0.149" threads="0" lastid="0000000001916700" lastname="main" />
</exclusive-start>
<allocation-taxation id="3287" taxation-threshold="10485760" timestamp="2019-06-16T02:56:30.253" intervalms="18.470" />
<cycle-start id="3288" type="partial gc" contextid="0" timestamp="2019-06-16T02:56:30.253" intervalms="36.886" />
<gc-start id="3289" type="partial gc" contextid="3288" timestamp="2019-06-16T02:56:30.253">
  <mem-info id="3290" free="14680064" total="62914560" percent="23">
    <mem type="eden" free="1044592" total="22020096" percent="4" />
    <remembered-set count="18048" freebytes="2439168" totalbytes="2511360" percent="97" regionsoverflowed="0" regionsstable="0" regionsrebuilding="18"/>
  </mem-info>
</gc-start>
<allocation-stats totalBytes="20968736" >
  <allocated-bytes non-tlh="0" tlh="20968736" arrayletleaf="0"/>
  <largest-consumer threadName="main" threadId="0000000001916700" bytes="10484496" />
</allocation-stats>
<gc-op id="3291" type="copy forward" timems="1.385" contextid="3288" timestamp="2019-06-16T02:56:30.256">
  <memory-copied type="eden" objects="123" bytes="3800" bytesdiscarded="0" />
  <memory-copied type="other" objects="0" bytes="0" bytesdiscarded="0" />
  <memory-cardclean objects="17" bytes="816" />
  <regions eden="20" other="1" />
  <remembered-set-cleared processed="16411" cleared="82" durationms="0.230" />
  <stringconstants candidates="13747" cleared="0"  />
</gc-op>
<gc-op id="3292" type="classunload" timems="0.005" contextid="3288" timestamp="2019-06-16T02:56:30.256">
  <classunload-info classloadercandidates="54" classloadersunloaded="0" classesunloaded="0" anonymousclassesunloaded="0" quiescems="0.000" setupms="0.005" scanms="0.000" postms="0.000" />
</gc-op>
<gc-end id="3293" type="partial gc" contextid="3288" durationms="2.582" usertimems="4.000" systemtimems="0.000" timestamp="2019-06-16T02:56:30.256" activeThreads="1">
  <mem-info id="3294" free="35651584" total="62914560" percent="56">
    <mem type="eden" free="1044776" total="1048576" percent="99" />
    <remembered-set count="18464" freebytes="2437504" totalbytes="2511360" percent="97" regionsoverflowed="0" regionsstable="0" regionsrebuilding="18"/>
  </mem-info>
</gc-end>
<cycle-end id="3295" type="partial gc" contextid="3288" timestamp="2019-06-16T02:56:30.256" />
  <attribute name="elasticGC enabled" value="1" />
  <attribute name= "numThreadsSpecified" value="1" />
  <attribute name="heapSize specified" value="0" />
  <attribute name="Current GC Util" value="60" />
  <attribute name= "Current Time Running" value="62619" />
  <attribute name ="GC Interval" value="0" />
  <attribute name="ProportionalT" value="60.000000" />
  <attribute name="ProportionalI" value="60.000000" />
  <attribute name="ProportionalH" value="60.000000" />
  <attribute name="Current Error" value="40.000000" />
  <attribute name="IntegralT" value="0.000000" />
  <attribute name="IntegralI" value="0.000000" />
  <attribute name="IntegralH" value="0.000000" />
  <attribute name="DerivativeT" value="inf" />
  <attribute name="DerivativeI" value="inf" />
  <attribute name="DerivativeH" value="inf" />
  <attribute name="Loop Time for DT" value="0.000000" />
  <attribute name="Output H" value="8388608"/>
  <attribute name="Output I" value="200"/>
  <attribute name="Output T" value="1"/>
  <attribute name="Target GC Util Change" value ="20.000000" />
  <attribute name="Current GC Util Change" value="60.000000"/>
  <attribute name="GC Util currently" value="60" />
  <attribute name="CPU Util currently" value="17567189843005" />
<exclusive-end id="3296" timestamp="2019-06-16T02:56:30.257" durationms="3.739" />

<exclusive-start id="3297" timestamp="2019-06-16T02:56:30.268" intervalms="15.477">
  <response-info timems="0.074" idlems="0.074" threads="0" lastid="0000000001916700" lastname="main" />
</exclusive-start>
<allocation-taxation id="3298" taxation-threshold="10485760" timestamp="2019-06-16T02:56:30.268" intervalms="15.573" />
<gc-start id="3299" type="global mark phase" contextid="3277" timestamp="2019-06-16T02:56:30.269">
  <mem-info id="3300" free="25165824" total="62914560" percent="40">
    <remembered-set count="18016" freebytes="2439296" totalbytes="2511360" percent="97" regionsoverflowed="0" regionsstable="0" regionsrebuilding="18"/>
  </mem-info>
</gc-start>
<gc-end id="3301" type="global mark phase" contextid="3277" durationms="0.204" usertimems="0.000" systemtimems="0.000" timestamp="2019-06-16T02:56:30.269" activeThreads="1">
  <mem-info id="3302" free="25165824" total="62914560" percent="40">
    <remembered-set count="18016" freebytes="2439296" totalbytes="2511360" percent="97" regionsoverflowed="0" regionsstable="0" regionsrebuilding="18"/>
  </mem-info>
</gc-end>
<concurrent-start id="3303" type="GMP work packet processing" contextid="3277" timestamp="2019-06-16T02:56:30.269">
  <concurrent-mark-start scanTarget="1048576" />
</concurrent-start>
<concurrent-end id="3304" type="GMP work packet processing" contextid="3277" timestamp="2019-06-16T02:56:30.270">
  <concurrent-mark-end bytesScanned="1103540" reasonForTermination="Work target met" />
</concurrent-end>

<exclusive-end id="3305" timestamp="2019-06-16T02:56:30.270" durationms="1.883" />

<exclusive-start id="3306" timestamp="2019-06-16T02:56:30.274" intervalms="5.259">
  <response-info timems="0.075" idlems="0.075" threads="0" lastid="0000000001916700" lastname="main" />
</exclusive-start>
<allocation-taxation id="3307" taxation-threshold="10485760" timestamp="2019-06-16T02:56:30.274" intervalms="5.226" />
<cycle-start id="3308" type="partial gc" contextid="0" timestamp="2019-06-16T02:56:30.274" intervalms="20.881" />
<gc-start id="3309" type="partial gc" contextid="3308" timestamp="2019-06-16T02:56:30.274">
  <mem-info id="3310" free="14680064" total="62914560" percent="23">
    <mem type="eden" free="1044776" total="22020096" percent="4" />
    <remembered-set count="27616" freebytes="2400896" totalbytes="2511360" percent="95" regionsoverflowed="0" regionsstable="0" regionsrebuilding="18"/>
  </mem-info>
</gc-start>
<allocation-stats totalBytes="20958888" >
  <allocated-bytes non-tlh="0" tlh="20958888" arrayletleaf="0"/>
  <largest-consumer threadName="main" threadId="0000000001916700" bytes="10477536" />
</allocation-stats>
<gc-op id="3311" type="copy forward" timems="1.444" contextid="3308" timestamp="2019-06-16T02:56:30.277">
  <memory-copied type="eden" objects="136" bytes="4360" bytesdiscarded="0" />
  <memory-copied type="other" objects="0" bytes="0" bytesdiscarded="0" />
  <memory-cardclean objects="64" bytes="2184" />
  <regions eden="20" other="1" />
  <remembered-set-cleared processed="25276" cleared="72" durationms="0.278" />
  <stringconstants candidates="13747" cleared="0"  />
</gc-op>
<gc-op id="3312" type="classunload" timems="0.005" contextid="3308" timestamp="2019-06-16T02:56:30.277">
  <classunload-info classloadercandidates="54" classloadersunloaded="0" classesunloaded="0" anonymousclassesunloaded="0" quiescems="0.000" setupms="0.004" scanms="0.000" postms="0.000" />
</gc-op>
<heap-resize id="3313" type="expand" space="default" amount="5242880" count="1" timems="0.075" reason="excessive time being spent in gc" timestamp="2019-06-16T02:56:30.277" />
<gc-end id="3314" type="partial gc" contextid="3308" durationms="2.933" usertimems="0.000" systemtimems="0.000" timestamp="2019-06-16T02:56:30.277" activeThreads="1">
  <mem-info id="3315" free="40894464" total="68157440" percent="60">
    <mem type="eden" free="1044216" total="1048576" percent="99" />
    <remembered-set count="28000" freebytes="2608640" totalbytes="2720640" percent="95" regionsoverflowed="0" regionsstable="0" regionsrebuilding="18"/>
  </mem-info>
</gc-end>
<cycle-end id="3316" type="partial gc" contextid="3308" timestamp="2019-06-16T02:56:30.277" />
  <attribute name="elasticGC enabled" value="1" />
  <attribute name= "numThreadsSpecified" value="1" />
  <attribute name="heapSize specified" value="0" />
  <attribute name="Current GC Util" value="75" />
  <attribute name= "Current Time Running" value="62640" />
  <attribute name ="GC Interval" value="0" />
  <attribute name="ProportionalT" value="82.500000" />
  <attribute name="ProportionalI" value="82.500000" />
  <attribute name="ProportionalH" value="82.500000" />
  <attribute name="Current Error" value="55.000000" />
  <attribute name="IntegralT" value="0.000000" />
  <attribute name="IntegralI" value="0.000000" />
  <attribute name="IntegralH" value="0.000000" />
  <attribute name="DerivativeT" value="inf" />
  <attribute name="DerivativeI" value="inf" />
  <attribute name="DerivativeH" value="inf" />
  <attribute name="Loop Time for DT" value="0.000000" />
  <attribute name="Output H" value="8388608"/>
  <attribute name="Output I" value="200"/>
  <attribute name="Output T" value="1"/>
  <attribute name="Target GC Util Change" value ="20.000000" />
  <attribute name="Current GC Util Change" value="75.000000"/>
  <attribute name="GC Util currently" value="75" />
  <attribute name="CPU Util currently" value="18285973623473" />
<exclusive-end id="3317" timestamp="2019-06-16T02:56:30.278" durationms="4.154" />

<exclusive-start id="3318" timestamp="2019-06-16T02:56:30.281" intervalms="7.827">
  <response-info timems="0.071" idlems="0.071" threads="0" lastid="0000000001916700" lastname="main" />
</exclusive-start>
<allocation-taxation id="3319" taxation-threshold="11534336" timestamp="2019-06-16T02:56:30.282" intervalms="7.838" />
<gc-start id="3320" type="global mark phase" contextid="3277" timestamp="2019-06-16T02:56:30.282">
  <mem-info id="3321" free="29360128" total="68157440" percent="43">
    <remembered-set count="27616" freebytes="2610176" totalbytes="2720640" percent="95" regionsoverflowed="0" regionsstable="0" regionsrebuilding="18"/>
  </mem-info>
</gc-start>
<gc-end id="3322" type="global mark phase" contextid="3277" durationms="0.135" usertimems="0.000" systemtimems="0.000" timestamp="2019-06-16T02:56:30.282" activeThreads="1">
  <mem-info id="3323" free="29360128" total="68157440" percent="43">
    <remembered-set count="27616" freebytes="2610176" totalbytes="2720640" percent="95" regionsoverflowed="0" regionsstable="0" regionsrebuilding="18"/>
  </mem-info>
</gc-end>
<concurrent-start id="3324" type="GMP work packet processing" contextid="3277" timestamp="2019-06-16T02:56:30.282">
  <concurrent-mark-start scanTarget="1048576" />
</concurrent-start>
<concurrent-end id="3325" type="GMP work packet processing" contextid="3277" timestamp="2019-06-16T02:56:30.283">
  <concurrent-mark-end bytesScanned="1087188" reasonForTermination="Work target met" />
</concurrent-end>

<exclusive-end id="3326" timestamp="2019-06-16T02:56:30.283" durationms="1.582" />

<exclusive-start id="3327" timestamp="2019-06-16T02:56:30.287" intervalms="5.270">
  <response-info timems="0.071" idlems="0.071" threads="0" lastid="0000000001916700" lastname="main" />
</exclusive-start>
<allocation-taxation id="3328" taxation-threshold="11534336" timestamp="2019-06-16T02:56:30.287" intervalms="5.218" />
<cycle-start id="3329" type="partial gc" contextid="0" timestamp="2019-06-16T02:56:30.287" intervalms="13.046" />
<gc-start id="3330" type="partial gc" contextid="3329" timestamp="2019-06-16T02:56:30.287">
  <mem-info id="3331" free="17825792" total="68157440" percent="26">
    <mem type="eden" free="0" total="23068672" percent="0" />
    <remembered-set count="39136" freebytes="2564096" totalbytes="2720640" percent="94" regionsoverflowed="0" regionsstable="0" regionsrebuilding="18"/>
  </mem-info>
</gc-start>
<allocation-stats totalBytes="23056208" >
  <allocated-bytes non-tlh="0" tlh="23056208" arrayletleaf="0"/>
  <largest-consumer threadName="main" threadId="0000000001916700" bytes="11528424" />
</allocation-stats>
<gc-op id="3332" type="copy forward" timems="1.409" contextid="3329" timestamp="2019-06-16T02:56:30.289">
  <memory-copied type="eden" objects="6" bytes="304" bytesdiscarded="0" />
  <memory-copied type="other" objects="130" bytes="4008" bytesdiscarded="0" />
  <memory-cardclean objects="44" bytes="1744" />
  <regions eden="22" other="1" />
  <remembered-set-cleared processed="36764" cleared="62" durationms="0.336" />
  <stringconstants candidates="13747" cleared="0"  />
</gc-op>
<gc-op id="3333" type="classunload" timems="0.003" contextid="3329" timestamp="2019-06-16T02:56:30.290">
  <classunload-info classloadercandidates="54" classloadersunloaded="0" classesunloaded="0" anonymousclassesunloaded="0" quiescems="0.000" setupms="0.003" scanms="0.000" postms="0.000" />
</gc-op>
<heap-resize id="3334" type="expand" space="default" amount="3145728" count="1" timems="0.061" reason="excessive time being spent in gc" timestamp="2019-06-16T02:56:30.290" />
<gc-end id="3335" type="partial gc" contextid="3329" durationms="2.824" usertimems="4.000" systemtimems="0.000" timestamp="2019-06-16T02:56:30.290" activeThreads="1">
  <mem-info id="3336" free="42991616" total="71303168" percent="60">
    <mem type="eden" free="1048272" total="1048576" percent="99" />
    <remembered-set count="39552" freebytes="2688000" totalbytes="2846208" percent="94" regionsoverflowed="0" regionsstable="0" regionsrebuilding="18"/>
  </mem-info>
</gc-end>
<cycle-end id="3337" type="partial gc" contextid="3329" timestamp="2019-06-16T02:56:30.290" />
  <attribute name="elasticGC enabled" value="1" />
  <attribute name= "numThreadsSpecified" value="1" />
  <attribute name="heapSize specified" value="0" />
  <attribute name="Current GC Util" value="75" />
  <attribute name= "Current Time Running" value="62653" />
  <attribute name ="GC Interval" value="0" />
  <attribute name="ProportionalT" value="82.500000" />
  <attribute name="ProportionalI" value="82.500000" />
  <attribute name="ProportionalH" value="82.500000" />
  <attribute name="Current Error" value="55.000000" />
  <attribute name="IntegralT" value="0.000000" />
  <attribute name="IntegralI" value="0.000000" />
  <attribute name="IntegralH" value="0.000000" />
  <attribute name="DerivativeT" value="inf" />
  <attribute name="DerivativeI" value="inf" />
  <attribute name="DerivativeH" value="inf" />
  <attribute name="Loop Time for DT" value="0.000000" />
  <attribute name="Output H" value="8388608"/>
  <attribute name="Output I" value="200"/>
  <attribute name="Output T" value="1"/>
  <attribute name="Target GC Util Change" value ="20.000000" />
  <attribute name="Current GC Util Change" value="75.000000"/>
  <attribute name="GC Util currently" value="75" />
  <attribute name="CPU Util currently" value="18091712144002" />
<exclusive-end id="3338" timestamp="2019-06-16T02:56:30.290" durationms="3.874" />

<exclusive-start id="3339" timestamp="2019-06-16T02:56:30.294" intervalms="7.550">
  <response-info timems="0.066" idlems="0.066" threads="0" lastid="0000000001916700" lastname="main" />
</exclusive-start>
<allocation-taxation id="3340" taxation-threshold="11534336" timestamp="2019-06-16T02:56:30.294" intervalms="7.571" />
<gc-start id="3341" type="global mark phase" contextid="3277" timestamp="2019-06-16T02:56:30.295">
  <mem-info id="3342" free="31457280" total="71303168" percent="44">
    <remembered-set count="39168" freebytes="2689536" totalbytes="2846208" percent="94" regionsoverflowed="0" regionsstable="0" regionsrebuilding="18"/>
  </mem-info>
</gc-start>
<gc-end id="3343" type="global mark phase" contextid="3277" durationms="0.204" usertimems="0.000" systemtimems="0.000" timestamp="2019-06-16T02:56:30.295" activeThreads="1">
  <mem-info id="3344" free="31457280" total="71303168" percent="44">
    <remembered-set count="39168" freebytes="2689536" totalbytes="2846208" percent="94" regionsoverflowed="0" regionsstable="0" regionsrebuilding="18"/>
  </mem-info>
</gc-end>
<concurrent-start id="3345" type="GMP work packet processing" contextid="3277" timestamp="2019-06-16T02:56:30.295">
  <concurrent-mark-start scanTarget="1048576" />
</concurrent-start>
<exclusive-end id="3346" timestamp="2019-06-16T02:56:30.295" durationms="0.899" />

<concurrent-end id="3347" type="GMP work packet processing" contextid="3277" timestamp="2019-06-16T02:56:30.296">
  <concurrent-mark-end bytesScanned="1094928" reasonForTermination="Work target met" />
</concurrent-end>

<exclusive-start id="3348" timestamp="2019-06-16T02:56:30.299" intervalms="5.048">
  <response-info timems="0.072" idlems="0.072" threads="0" lastid="0000000001916700" lastname="main" />
</exclusive-start>
<allocation-taxation id="3349" taxation-threshold="11534336" timestamp="2019-06-16T02:56:30.299" intervalms="5.009" />
<cycle-start id="3350" type="partial gc" contextid="0" timestamp="2019-06-16T02:56:30.300" intervalms="12.571" />
<gc-start id="3351" type="partial gc" contextid="3350" timestamp="2019-06-16T02:56:30.300">
  <mem-info id="3352" free="19922944" total="71303168" percent="27">
    <mem type="eden" free="1048272" total="24117248" percent="4" />
    <remembered-set count="49504" freebytes="2648192" totalbytes="2846208" percent="93" regionsoverflowed="0" regionsstable="0" regionsrebuilding="18"/>
  </mem-info>
</gc-start>
<allocation-stats totalBytes="23056016" >
  <allocated-bytes non-tlh="0" tlh="23056016" arrayletleaf="0"/>
  <largest-consumer threadName="main" threadId="0000000001916700" bytes="11528624" />
</allocation-stats>
<gc-op id="3353" type="copy forward" timems="1.730" contextid="3350" timestamp="2019-06-16T02:56:30.302">
  <memory-copied type="eden" objects="6" bytes="240" bytesdiscarded="0" />
  <memory-copied type="other" objects="0" bytes="0" bytesdiscarded="0" />
  <memory-cardclean objects="16" bytes="528" />
  <regions eden="22" other="1" />
  <remembered-set-cleared processed="47952" cleared="11" durationms="0.233" />
  <stringconstants candidates="13747" cleared="0"  />
</gc-op>
<gc-op id="3354" type="classunload" timems="0.004" contextid="3350" timestamp="2019-06-16T02:56:30.302">
  <classunload-info classloadercandidates="54" classloadersunloaded="0" classesunloaded="0" anonymousclassesunloaded="0" quiescems="0.000" setupms="0.004" scanms="0.000" postms="0.000" />
</gc-op>
<gc-end id="3355" type="partial gc" contextid="3350" durationms="2.852" usertimems="0.000" systemtimems="4.000" timestamp="2019-06-16T02:56:30.303" activeThreads="4">
  <mem-info id="3356" free="42991616" total="71303168" percent="60">
    <mem type="eden" free="1048336" total="1048576" percent="99" />
    <remembered-set count="49824" freebytes="2646912" totalbytes="2846208" percent="92" regionsoverflowed="0" regionsstable="0" regionsrebuilding="18"/>
  </mem-info>
</gc-end>
<cycle-end id="3357" type="partial gc" contextid="3350" timestamp="2019-06-16T02:56:30.303" />
  <attribute name="elasticGC enabled" value="1" />
  <attribute name= "numThreadsSpecified" value="4" />
  <attribute name="heapSize specified" value="0" />
  <attribute name="Current GC Util" value="74" />
  <attribute name= "Current Time Running" value="62666" />
  <attribute name ="GC Interval" value="0" />
  <attribute name="ProportionalT" value="81.000000" />
  <attribute name="ProportionalI" value="81.000000" />
  <attribute name="ProportionalH" value="81.000000" />
  <attribute name="Current Error" value="54.000000" />
  <attribute name="IntegralT" value="54.000000" />
  <attribute name="IntegralI" value="54.000000" />
  <attribute name="IntegralH" value="54.000000" />
  <attribute name="DerivativeT" value="42.000000" />
  <attribute name="DerivativeI" value="42.000000" />
  <attribute name="DerivativeH" value="42.000000" />
  <attribute name="Loop Time for DT" value="1.000000" />
  <attribute name="Output H" value="8388608"/>
  <attribute name="Output I" value="200"/>
  <attribute name="Output T" value="4"/>
  <attribute name="Target GC Util Change" value ="20.000000" />
  <attribute name="Current GC Util Change" value="74.000000"/>
  <attribute name="GC Util currently" value="74" />
  <attribute name="CPU Util currently" value="18431335306364" />
<exclusive-end id="3358" timestamp="2019-06-16T02:56:30.303" durationms="3.863" />

<exclusive-start id="3359" timestamp="2019-06-16T02:56:30.307" intervalms="7.500">
  <response-info timems="0.071" idlems="0.071" threads="0" lastid="0000000001916700" lastname="main" />
</exclusive-start>
<allocation-taxation id="3360" taxation-threshold="11534336" timestamp="2019-06-16T02:56:30.307" intervalms="7.578" />
<gc-start id="3361" type="global mark phase" contextid="3277" timestamp="2019-06-16T02:56:30.307">
  <mem-info id="3362" free="31457280" total="71303168" percent="44">
    <remembered-set count="49376" freebytes="2648704" totalbytes="2846208" percent="93" regionsoverflowed="0" regionsstable="0" regionsrebuilding="18"/>
  </mem-info>
</gc-start>
<gc-end id="3363" type="global mark phase" contextid="3277" durationms="0.194" usertimems="0.000" systemtimems="0.000" timestamp="2019-06-16T02:56:30.307" activeThreads="4">
  <mem-info id="3364" free="31457280" total="71303168" percent="44">
    <remembered-set count="49376" freebytes="2648704" totalbytes="2846208" percent="93" regionsoverflowed="0" regionsstable="0" regionsrebuilding="18"/>
  </mem-info>
</gc-end>
<concurrent-start id="3365" type="GMP work packet processing" contextid="3277" timestamp="2019-06-16T02:56:30.308">
  <concurrent-mark-start scanTarget="1397474" />
</concurrent-start>
<exclusive-end id="3366" timestamp="2019-06-16T02:56:30.308" durationms="1.716" />

<concurrent-end id="3367" type="GMP work packet processing" contextid="3277" timestamp="2019-06-16T02:56:30.309">
  <concurrent-mark-end bytesScanned="1436864" reasonForTermination="Work target met" />
</concurrent-end>

<exclusive-start id="3368" timestamp="2019-06-16T02:56:30.312" intervalms="5.343">
  <response-info timems="0.072" idlems="0.072" threads="0" lastid="0000000001916700" lastname="main" />
</exclusive-start>
<allocation-taxation id="3369" taxation-threshold="11534336" timestamp="2019-06-16T02:56:30.312" intervalms="5.314" />
<cycle-start id="3370" type="partial gc" contextid="0" timestamp="2019-06-16T02:56:30.312" intervalms="12.821" />
<gc-start id="3371" type="partial gc" contextid="3370" timestamp="2019-06-16T02:56:30.313">
  <mem-info id="3372" free="19922944" total="71303168" percent="27">
    <mem type="eden" free="1048336" total="24117248" percent="4" />
    <remembered-set count="59200" freebytes="2609408" totalbytes="2846208" percent="91" regionsoverflowed="0" regionsstable="0" regionsrebuilding="18"/>
  </mem-info>
</gc-start>
<allocation-stats totalBytes="23056360" >
  <allocated-bytes non-tlh="0" tlh="23056360" arrayletleaf="0"/>
  <largest-consumer threadName="main" threadId="0000000001916700" bytes="11528704" />
</allocation-stats>
<gc-op id="3373" type="copy forward" timems="1.386" contextid="3370" timestamp="2019-06-16T02:56:30.315">
  <memory-copied type="eden" objects="8" bytes="192" bytesdiscarded="0" />
  <memory-copied type="other" objects="0" bytes="0" bytesdiscarded="0" />
  <memory-cardclean objects="16" bytes="528" />
  <regions eden="22" other="1" />
  <remembered-set-cleared processed="56627" cleared="10" durationms="0.424" />
  <stringconstants candidates="13747" cleared="0"  />
</gc-op>
<gc-op id="3374" type="classunload" timems="0.004" contextid="3370" timestamp="2019-06-16T02:56:30.315">
  <classunload-info classloadercandidates="54" classloadersunloaded="0" classesunloaded="0" anonymousclassesunloaded="0" quiescems="0.000" setupms="0.004" scanms="0.000" postms="0.000" />
</gc-op>
<gc-end id="3375" type="partial gc" contextid="3370" durationms="2.677" usertimems="0.000" systemtimems="0.000" timestamp="2019-06-16T02:56:30.315" activeThreads="1">
  <mem-info id="3376" free="42991616" total="71303168" percent="60">
    <mem type="eden" free="1048384" total="1048576" percent="99" />
    <remembered-set count="59680" freebytes="2607488" totalbytes="2846208" percent="91" regionsoverflowed="0" regionsstable="0" regionsrebuilding="18"/>
  </mem-info>
</gc-end>
<cycle-end id="3377" type="partial gc" contextid="3370" timestamp="2019-06-16T02:56:30.315" />
  <attribute name="elasticGC enabled" value="1" />
  <attribute name= "numThreadsSpecified" value="1" />
  <attribute name="heapSize specified" value="0" />
  <attribute name="Current GC Util" value="47" />
  <attribute name= "Current Time Running" value="62678" />
  <attribute name ="GC Interval" value="0" />
  <attribute name="ProportionalT" value="40.500000" />
  <attribute name="ProportionalI" value="40.500000" />
  <attribute name="ProportionalH" value="40.500000" />
  <attribute name="Current Error" value="27.000000" />
  <attribute name="IntegralT" value="0.000000" />
  <attribute name="IntegralI" value="0.000000" />
  <attribute name="IntegralH" value="0.000000" />
  <attribute name="DerivativeT" value="inf" />
  <attribute name="DerivativeI" value="inf" />
  <attribute name="DerivativeH" value="inf" />
  <attribute name="Loop Time for DT" value="0.000000" />
  <attribute name="Output H" value="8388608"/>
  <attribute name="Output I" value="200"/>
  <attribute name="Output T" value="1"/>
  <attribute name="Target GC Util Change" value ="20.000000" />
  <attribute name="Current GC Util Change" value="47.000000"/>
  <attribute name="GC Util currently" value="47" />
  <attribute name="CPU Util currently" value="16419289975832" />
<exclusive-end id="3378" timestamp="2019-06-16T02:56:30.316" durationms="3.647" />

<exclusive-start id="3379" timestamp="2019-06-16T02:56:30.319" intervalms="7.268">
  <response-info timems="0.055" idlems="0.055" threads="0" lastid="0000000001916700" lastname="main" />
</exclusive-start>
<allocation-taxation id="3380" taxation-threshold="11534336" timestamp="2019-06-16T02:56:30.320" intervalms="7.286" />
<gc-start id="3381" type="global mark phase" contextid="3277" timestamp="2019-06-16T02:56:30.320">
  <mem-info id="3382" free="31457280" total="71303168" percent="44">
    <remembered-set count="59200" freebytes="2609408" totalbytes="2846208" percent="91" regionsoverflowed="0" regionsstable="0" regionsrebuilding="18"/>
  </mem-info>
</gc-start>
<gc-end id="3383" type="global mark phase" contextid="3277" durationms="0.202" usertimems="0.000" systemtimems="0.000" timestamp="2019-06-16T02:56:30.320" activeThreads="1">
  <mem-info id="3384" free="31457280" total="71303168" percent="44">
    <remembered-set count="59200" freebytes="2609408" totalbytes="2846208" percent="91" regionsoverflowed="0" regionsstable="0" regionsrebuilding="18"/>
  </mem-info>
</gc-end>
<concurrent-start id="3385" type="GMP work packet processing" contextid="3277" timestamp="2019-06-16T02:56:30.320">
  <concurrent-mark-start scanTarget="1048576" />
</concurrent-start>
<exclusive-end id="3386" timestamp="2019-06-16T02:56:30.321" durationms="1.608" />

<concurrent-end id="3387" type="GMP work packet processing" contextid="3277" timestamp="2019-06-16T02:56:30.321">
  <concurrent-mark-end bytesScanned="1097044" reasonForTermination="Work target met" />
</concurrent-end>

<exclusive-start id="3388" timestamp="2019-06-16T02:56:30.325" intervalms="5.246">
  <response-info timems="0.073" idlems="0.073" threads="0" lastid="0000000001916700" lastname="main" />
</exclusive-start>
<allocation-taxation id="3389" taxation-threshold="11534336" timestamp="2019-06-16T02:56:30.325" intervalms="5.192" />
<cycle-start id="3390" type="partial gc" contextid="0" timestamp="2019-06-16T02:56:30.325" intervalms="12.566" />
<gc-start id="3391" type="partial gc" contextid="3390" timestamp="2019-06-16T02:56:30.325">
  <mem-info id="3392" free="19922944" total="71303168" percent="27">
    <mem type="eden" free="1048384" total="24117248" percent="4" />
    <remembered-set count="66592" freebytes="2579840" totalbytes="2846208" percent="90" regionsoverflowed="0" regionsstable="0" regionsrebuilding="18"/>
  </mem-info>
</gc-start>
<allocation-stats totalBytes="23056344" >
  <allocated-bytes non-tlh="0" tlh="23056344" arrayletleaf="0"/>
  <largest-consumer threadName="main" threadId="0000000001916700" bytes="11528496" />
</allocation-stats>
<gc-op id="3393" type="copy forward" timems="1.459" contextid="3390" timestamp="2019-06-16T02:56:30.327">
  <memory-copied type="eden" objects="6" bytes="400" bytesdiscarded="0" />
  <memory-copied type="other" objects="0" bytes="0" bytesdiscarded="0" />
  <memory-cardclean objects="16" bytes="528" />
  <regions eden="22" other="1" />
  <remembered-set-cleared processed="64445" cleared="10" durationms="0.462" />
  <stringconstants candidates="13747" cleared="0"  />
</gc-op>
<gc-op id="3394" type="classunload" timems="0.004" contextid="3390" timestamp="2019-06-16T02:56:30.328">
  <classunload-info classloadercandidates="54" classloadersunloaded="0" classesunloaded="0" anonymousclassesunloaded="0" quiescems="0.000" setupms="0.004" scanms="0.000" postms="0.000" />
</gc-op>
<gc-end id="3395" type="partial gc" contextid="3390" durationms="2.714" usertimems="0.000" systemtimems="0.000" timestamp="2019-06-16T02:56:30.328" activeThreads="1">
  <mem-info id="3396" free="42991616" total="71303168" percent="60">
    <mem type="eden" free="1048176" total="1048576" percent="99" />
    <remembered-set count="67072" freebytes="2577920" totalbytes="2846208" percent="90" regionsoverflowed="0" regionsstable="0" regionsrebuilding="18"/>
  </mem-info>
</gc-end>
<cycle-end id="3397" type="partial gc" contextid="3390" timestamp="2019-06-16T02:56:30.328" />
  <attribute name="elasticGC enabled" value="1" />
  <attribute name= "numThreadsSpecified" value="1" />
  <attribute name="heapSize specified" value="0" />
  <attribute name="Current GC Util" value="57" />
  <attribute name= "Current Time Running" value="62691" />
  <attribute name ="GC Interval" value="0" />
  <attribute name="ProportionalT" value="55.500000" />
  <attribute name="ProportionalI" value="55.500000" />
  <attribute name="ProportionalH" value="55.500000" />
  <attribute name="Current Error" value="37.000000" />
  <attribute name="IntegralT" value="0.000000" />
  <attribute name="IntegralI" value="0.000000" />
  <attribute name="IntegralH" value="0.000000" />
  <attribute name="DerivativeT" value="inf" />
  <attribute name="DerivativeI" value="inf" />
  <attribute name="DerivativeH" value="inf" />
  <attribute name="Loop Time for DT" value="0.000000" />
  <attribute name="Output H" value="8388608"/>
  <attribute name="Output I" value="200"/>
  <attribute name="Output T" value="1"/>
  <attribute name="Target GC Util Change" value ="20.000000" />
  <attribute name="Current GC Util Change" value="57.000000"/>
  <attribute name="GC Util currently" value="57" />
  <attribute name="CPU Util currently" value="15268208298131" />
<exclusive-end id="3398" timestamp="2019-06-16T02:56:30.328" durationms="3.723" />

<exclusive-start id="3399" timestamp="2019-06-16T02:56:30.332" intervalms="7.356">
  <response-info timems="0.070" idlems="0.070" threads="0" lastid="0000000001916700" lastname="main" />
</exclusive-start>
<allocation-taxation id="3400" taxation-threshold="11534336" timestamp="2019-06-16T02:56:30.332" intervalms="7.371" />
<gc-start id="3401" type="global mark phase" contextid="3277" timestamp="2019-06-16T02:56:30.332">
  <mem-info id="3402" free="31457280" total="71303168" percent="44">
    <remembered-set count="66592" freebytes="2579840" totalbytes="2846208" percent="90" regionsoverflowed="0" regionsstable="0" regionsrebuilding="18"/>
  </mem-info>
</gc-start>
<gc-end id="3403" type="global mark phase" contextid="3277" durationms="0.201" usertimems="0.000" systemtimems="0.000" timestamp="2019-06-16T02:56:30.333" activeThreads="1">
  <mem-info id="3404" free="31457280" total="71303168" percent="44">
    <remembered-set count="66592" freebytes="2579840" totalbytes="2846208" percent="90" regionsoverflowed="0" regionsstable="0" regionsrebuilding="18"/>
  </mem-info>
</gc-end>
<concurrent-start id="3405" type="GMP work packet processing" contextid="3277" timestamp="2019-06-16T02:56:30.333">
  <concurrent-mark-start scanTarget="1048576" />
</concurrent-start>
<exclusive-end id="3406" timestamp="2019-06-16T02:56:30.334" durationms="1.595" />

<concurrent-end id="3407" type="GMP work packet processing" contextid="3277" timestamp="2019-06-16T02:56:30.334">
  <concurrent-mark-end bytesScanned="1097556" reasonForTermination="Work target met" />
</concurrent-end>

<exclusive-start id="3408" timestamp="2019-06-16T02:56:30.337" intervalms="5.218">
  <response-info timems="0.074" idlems="0.074" threads="0" lastid="0000000001916700" lastname="main" />
</exclusive-start>
<allocation-taxation id="3409" taxation-threshold="11534336" timestamp="2019-06-16T02:56:30.337" intervalms="5.249" />
<cycle-start id="3410" type="partial gc" contextid="0" timestamp="2019-06-16T02:56:30.337" intervalms="12.524" />
<gc-start id="3411" type="partial gc" contextid="3410" timestamp="2019-06-16T02:56:30.338">
  <mem-info id="3412" free="19922944" total="71303168" percent="27">
    <mem type="eden" free="1048176" total="24117248" percent="4" />
    <remembered-set count="76064" freebytes="2541952" totalbytes="2846208" percent="89" regionsoverflowed="0" regionsstable="0" regionsrebuilding="18"/>
  </mem-info>
</gc-start>
<allocation-stats totalBytes="23056432" >
  <allocated-bytes non-tlh="0" tlh="23056432" arrayletleaf="0"/>
  <largest-consumer threadName="main" threadId="0000000001916700" bytes="11528600" />
</allocation-stats>
<gc-op id="3413" type="copy forward" timems="1.432" contextid="3410" timestamp="2019-06-16T02:56:30.340">
  <memory-copied type="eden" objects="6" bytes="360" bytesdiscarded="0" />
  <memory-copied type="other" objects="0" bytes="0" bytesdiscarded="0" />
  <memory-cardclean objects="16" bytes="528" />
  <regions eden="22" other="1" />
  <remembered-set-cleared processed="74129" cleared="10" durationms="0.509" />
  <stringconstants candidates="13747" cleared="0"  />
</gc-op>
<gc-op id="3414" type="classunload" timems="0.003" contextid="3410" timestamp="2019-06-16T02:56:30.340">
  <classunload-info classloadercandidates="54" classloadersunloaded="0" classesunloaded="0" anonymousclassesunloaded="0" quiescems="0.000" setupms="0.003" scanms="0.000" postms="0.000" />
</gc-op>
<gc-end id="3415" type="partial gc" contextid="3410" durationms="2.464" usertimems="0.000" systemtimems="0.000" timestamp="2019-06-16T02:56:30.340" activeThreads="1">
  <mem-info id="3416" free="42991616" total="71303168" percent="60">
    <mem type="eden" free="1048216" total="1048576" percent="99" />
    <remembered-set count="76544" freebytes="2540032" totalbytes="2846208" percent="89" regionsoverflowed="0" regionsstable="0" regionsrebuilding="18"/>
  </mem-info>
</gc-end>
<cycle-end id="3417" type="partial gc" contextid="3410" timestamp="2019-06-16T02:56:30.340" />
  <attribute name="elasticGC enabled" value="1" />
  <attribute name= "numThreadsSpecified" value="1" />
  <attribute name="heapSize specified" value="0" />
  <attribute name="Current GC Util" value="57" />
  <attribute name= "Current Time Running" value="62703" />
  <attribute name ="GC Interval" value="0" />
  <attribute name="ProportionalT" value="55.500000" />
  <attribute name="ProportionalI" value="55.500000" />
  <attribute name="ProportionalH" value="55.500000" />
  <attribute name="Current Error" value="37.000000" />
  <attribute name="IntegralT" value="0.000000" />
  <attribute name="IntegralI" value="0.000000" />
  <attribute name="IntegralH" value="0.000000" />
  <attribute name="DerivativeT" value="inf" />
  <attribute name="DerivativeI" value="inf" />
  <attribute name="DerivativeH" value="inf" />
  <attribute name="Loop Time for DT" value="0.000000" />
  <attribute name="Output H" value="8388608"/>
  <attribute name="Output I" value="200"/>
  <attribute name="Output T" value="1"/>
  <attribute name="Target GC Util Change" value ="20.000000" />
  <attribute name="Current GC Util Change" value="57.000000"/>
  <attribute name="GC Util currently" value="57" />
  <attribute name="CPU Util currently" value="20470271144382" />
<exclusive-end id="3418" timestamp="2019-06-16T02:56:30.341" durationms="3.440" />

<exclusive-start id="3419" timestamp="2019-06-16T02:56:30.344" intervalms="7.060">
  <response-info timems="0.069" idlems="0.069" threads="0" lastid="0000000001916700" lastname="main" />
</exclusive-start>
<allocation-taxation id="3420" taxation-threshold="11534336" timestamp="2019-06-16T02:56:30.344" intervalms="7.067" />
<gc-start id="3421" type="global mark phase" contextid="3277" timestamp="2019-06-16T02:56:30.345">
  <mem-info id="3422" free="31457280" total="71303168" percent="44">
    <remembered-set count="76064" freebytes="2541952" totalbytes="2846208" percent="89" regionsoverflowed="0" regionsstable="0" regionsrebuilding="18"/>
  </mem-info>
</gc-start>
<gc-end id="3423" type="global mark phase" contextid="3277" durationms="0.202" usertimems="0.000" systemtimems="0.000" timestamp="2019-06-16T02:56:30.345" activeThreads="1">
  <mem-info id="3424" free="31457280" total="71303168" percent="44">
    <remembered-set count="76064" freebytes="2541952" totalbytes="2846208" percent="89" regionsoverflowed="0" regionsstable="0" regionsrebuilding="18"/>
  </mem-info>
</gc-end>
<concurrent-start id="3425" type="GMP work packet processing" contextid="3277" timestamp="2019-06-16T02:56:30.345">
  <concurrent-mark-start scanTarget="1048576" />
</concurrent-start>
<exclusive-end id="3426" timestamp="2019-06-16T02:56:30.346" durationms="1.622" />

<concurrent-end id="3427" type="GMP work packet processing" contextid="3277" timestamp="2019-06-16T02:56:30.346">
  <concurrent-mark-end bytesScanned="1098352" reasonForTermination="Work target met" />
</concurrent-end>

<exclusive-start id="3428" timestamp="2019-06-16T02:56:30.349" intervalms="5.190">
  <response-info timems="0.056" idlems="0.056" threads="0" lastid="0000000001916700" lastname="main" />
</exclusive-start>
<allocation-taxation id="3429" taxation-threshold="11534336" timestamp="2019-06-16T02:56:30.350" intervalms="5.132" />
<cycle-start id="3430" type="partial gc" contextid="0" timestamp="2019-06-16T02:56:30.350" intervalms="12.279" />
<gc-start id="3431" type="partial gc" contextid="3430" timestamp="2019-06-16T02:56:30.350">
  <mem-info id="3432" free="19922944" total="71303168" percent="27">
    <mem type="eden" free="1048216" total="24117248" percent="4" />
    <remembered-set count="87744" freebytes="2495232" totalbytes="2846208" percent="87" regionsoverflowed="0" regionsstable="0" regionsrebuilding="18"/>
  </mem-info>
</gc-start>
<allocation-stats totalBytes="23056376" >
  <allocated-bytes non-tlh="0" tlh="23056376" arrayletleaf="0"/>
  <largest-consumer threadName="main" threadId="0000000001916700" bytes="11528416" />
</allocation-stats>
<gc-op id="3433" type="copy forward" timems="1.593" contextid="3430" timestamp="2019-06-16T02:56:30.352">
  <memory-copied type="eden" objects="6" bytes="320" bytesdiscarded="0" />
  <memory-copied type="other" objects="0" bytes="0" bytesdiscarded="0" />
  <memory-cardclean objects="16" bytes="528" />
  <regions eden="22" other="1" />
  <remembered-set-cleared processed="85368" cleared="10" durationms="0.334" />
  <stringconstants candidates="13747" cleared="0"  />
</gc-op>
<gc-op id="3434" type="classunload" timems="0.004" contextid="3430" timestamp="2019-06-16T02:56:30.352">
  <classunload-info classloadercandidates="54" classloadersunloaded="0" classesunloaded="0" anonymousclassesunloaded="0" quiescems="0.000" setupms="0.004" scanms="0.000" postms="0.000" />
</gc-op>
<gc-end id="3435" type="partial gc" contextid="3430" durationms="2.603" usertimems="0.000" systemtimems="4.000" timestamp="2019-06-16T02:56:30.353" activeThreads="4">
  <mem-info id="3436" free="42991616" total="71303168" percent="60">
    <mem type="eden" free="1048256" total="1048576" percent="99" />
    <remembered-set count="87360" freebytes="2496768" totalbytes="2846208" percent="87" regionsoverflowed="0" regionsstable="0" regionsrebuilding="18"/>
  </mem-info>
</gc-end>
<cycle-end id="3437" type="partial gc" contextid="3430" timestamp="2019-06-16T02:56:30.353" />
  <attribute name="elasticGC enabled" value="1" />
  <attribute name= "numThreadsSpecified" value="4" />
  <attribute name="heapSize specified" value="0" />
  <attribute name="Current GC Util" value="49" />
  <attribute name= "Current Time Running" value="62716" />
  <attribute name ="GC Interval" value="0" />
  <attribute name="ProportionalT" value="43.500000" />
  <attribute name="ProportionalI" value="43.500000" />
  <attribute name="ProportionalH" value="43.500000" />
  <attribute name="Current Error" value="29.000000" />
  <attribute name="IntegralT" value="29.000000" />
  <attribute name="IntegralI" value="29.000000" />
  <attribute name="IntegralH" value="29.000000" />
  <attribute name="DerivativeT" value="18.000000" />
  <attribute name="DerivativeI" value="18.000000" />
  <attribute name="DerivativeH" value="18.000000" />
  <attribute name="Loop Time for DT" value="1.000000" />
  <attribute name="Output H" value="8388608"/>
  <attribute name="Output I" value="200"/>
  <attribute name="Output T" value="4"/>
  <attribute name="Target GC Util Change" value ="20.000000" />
  <attribute name="Current GC Util Change" value="49.000000"/>
  <attribute name="GC Util currently" value="49" />
  <attribute name="CPU Util currently" value="17039360851881" />
<exclusive-end id="3438" timestamp="2019-06-16T02:56:30.353" durationms="3.399" />

<exclusive-start id="3439" timestamp="2019-06-16T02:56:30.356" intervalms="7.070">
  <response-info timems="0.075" idlems="0.075" threads="0" lastid="0000000001916700" lastname="main" />
</exclusive-start>
<allocation-taxation id="3440" taxation-threshold="11534336" timestamp="2019-06-16T02:56:30.357" intervalms="7.127" />
<gc-start id="3441" type="global mark phase" contextid="3277" timestamp="2019-06-16T02:56:30.357">
  <mem-info id="3442" free="31457280" total="71303168" percent="44">
    <remembered-set count="86880" freebytes="2498688" totalbytes="2846208" percent="87" regionsoverflowed="0" regionsstable="0" regionsrebuilding="18"/>
  </mem-info>
</gc-start>
<gc-end id="3443" type="global mark phase" contextid="3277" durationms="0.193" usertimems="0.000" systemtimems="0.000" timestamp="2019-06-16T02:56:30.357" activeThreads="4">
  <mem-info id="3444" free="31457280" total="71303168" percent="44">
    <remembered-set count="86880" freebytes="2498688" totalbytes="2846208" percent="87" regionsoverflowed="0" regionsstable="0" regionsrebuilding="18"/>
  </mem-info>
</gc-end>
<concurrent-start id="3445" type="GMP work packet processing" contextid="3277" timestamp="2019-06-16T02:56:30.357">
  <concurrent-mark-start scanTarget="1397474" />
</concurrent-start>
<concurrent-end id="3447" type="GMP work packet processing" contextid="3277" timestamp="2019-06-16T02:56:30.358">
  <concurrent-mark-end bytesScanned="1440792" reasonForTermination="Work target met" />
</concurrent-end>

<exclusive-end id="3446" timestamp="2019-06-16T02:56:30.358" durationms="1.760" />

<exclusive-start id="3448" timestamp="2019-06-16T02:56:30.362" intervalms="5.409">
  <response-info timems="0.028" idlems="0.028" threads="0" lastid="0000000001916700" lastname="main" />
</exclusive-start>
<allocation-taxation id="3449" taxation-threshold="11534336" timestamp="2019-06-16T02:56:30.362" intervalms="5.317" />
<cycle-start id="3450" type="partial gc" contextid="0" timestamp="2019-06-16T02:56:30.362" intervalms="12.424" />
<gc-start id="3451" type="partial gc" contextid="3450" timestamp="2019-06-16T02:56:30.362">
  <mem-info id="3452" free="19922944" total="71303168" percent="27">
    <mem type="eden" free="1048256" total="24117248" percent="4" />
    <remembered-set count="106880" freebytes="2418688" totalbytes="2846208" percent="84" regionsoverflowed="0" regionsstable="0" regionsrebuilding="18"/>
  </mem-info>
</gc-start>
<allocation-stats totalBytes="23056448" >
  <allocated-bytes non-tlh="0" tlh="23056448" arrayletleaf="0"/>
  <largest-consumer threadName="main" threadId="0000000001916700" bytes="11528544" />
</allocation-stats>
<gc-op id="3453" type="copy forward" timems="1.590" contextid="3450" timestamp="2019-06-16T02:56:30.365">
  <memory-copied type="eden" objects="6" bytes="272" bytesdiscarded="0" />
  <memory-copied type="other" objects="0" bytes="0" bytesdiscarded="0" />
  <memory-cardclean objects="16" bytes="528" />
  <regions eden="22" other="1" />
  <remembered-set-cleared processed="104247" cleared="10" durationms="0.675" />
  <stringconstants candidates="13747" cleared="0"  />
</gc-op>
<gc-op id="3454" type="classunload" timems="0.003" contextid="3450" timestamp="2019-06-16T02:56:30.365">
  <classunload-info classloadercandidates="54" classloadersunloaded="0" classesunloaded="0" anonymousclassesunloaded="0" quiescems="0.000" setupms="0.003" scanms="0.000" postms="0.000" />
</gc-op>
<gc-end id="3455" type="partial gc" contextid="3450" durationms="2.782" usertimems="0.000" systemtimems="0.000" timestamp="2019-06-16T02:56:30.365" activeThreads="1">
  <mem-info id="3456" free="42991616" total="71303168" percent="60">
    <mem type="eden" free="1048304" total="1048576" percent="99" />
    <remembered-set count="107360" freebytes="2416768" totalbytes="2846208" percent="84" regionsoverflowed="0" regionsstable="0" regionsrebuilding="18"/>
  </mem-info>
</gc-end>
<cycle-end id="3457" type="partial gc" contextid="3450" timestamp="2019-06-16T02:56:30.365" />
  <attribute name="elasticGC enabled" value="1" />
  <attribute name= "numThreadsSpecified" value="1" />
  <attribute name="heapSize specified" value="0" />
  <attribute name="Current GC Util" value="54" />
  <attribute name= "Current Time Running" value="62728" />
  <attribute name ="GC Interval" value="0" />
  <attribute name="ProportionalT" value="51.000000" />
  <attribute name="ProportionalI" value="51.000000" />
  <attribute name="ProportionalH" value="51.000000" />
  <attribute name="Current Error" value="34.000000" />
  <attribute name="IntegralT" value="0.000000" />
  <attribute name="IntegralI" value="0.000000" />
  <attribute name="IntegralH" value="0.000000" />
  <attribute name="DerivativeT" value="inf" />
  <attribute name="DerivativeI" value="inf" />
  <attribute name="DerivativeH" value="inf" />
  <attribute name="Loop Time for DT" value="0.000000" />
  <attribute name="Output H" value="8388608"/>
  <attribute name="Output I" value="200"/>
  <attribute name="Output T" value="1"/>
  <attribute name="Target GC Util Change" value ="20.000000" />
  <attribute name="Current GC Util Change" value="54.000000"/>
  <attribute name="GC Util currently" value="54" />
  <attribute name="CPU Util currently" value="18900119978192" />
<exclusive-end id="3458" timestamp="2019-06-16T02:56:30.366" durationms="3.677" />

<exclusive-start id="3459" timestamp="2019-06-16T02:56:30.369" intervalms="7.295">
  <response-info timems="0.056" idlems="0.056" threads="0" lastid="0000000001916700" lastname="main" />
</exclusive-start>
<allocation-taxation id="3460" taxation-threshold="11534336" timestamp="2019-06-16T02:56:30.369" intervalms="7.335" />
<gc-start id="3461" type="global mark phase" contextid="3277" timestamp="2019-06-16T02:56:30.370">
  <mem-info id="3462" free="31457280" total="71303168" percent="44">
    <remembered-set count="106880" freebytes="2418688" totalbytes="2846208" percent="84" regionsoverflowed="0" regionsstable="0" regionsrebuilding="18"/>
  </mem-info>
</gc-start>
<gc-end id="3463" type="global mark phase" contextid="3277" durationms="0.195" usertimems="0.000" systemtimems="0.000" timestamp="2019-06-16T02:56:30.370" activeThreads="1">
  <mem-info id="3464" free="31457280" total="71303168" percent="44">
    <remembered-set count="106880" freebytes="2418688" totalbytes="2846208" percent="84" regionsoverflowed="0" regionsstable="0" regionsrebuilding="18"/>
  </mem-info>
</gc-end>
<concurrent-start id="3465" type="GMP work packet processing" contextid="3277" timestamp="2019-06-16T02:56:30.370">
  <concurrent-mark-start scanTarget="1048576" />
</concurrent-start>
<exclusive-end id="3466" timestamp="2019-06-16T02:56:30.371" durationms="1.611" />

<concurrent-end id="3467" type="GMP work packet processing" contextid="3277" timestamp="2019-06-16T02:56:30.371">
  <concurrent-mark-end bytesScanned="1112020" reasonForTermination="Work target met" />
</concurrent-end>

<exclusive-start id="3468" timestamp="2019-06-16T02:56:30.374" intervalms="5.187">
  <response-info timems="0.066" idlems="0.066" threads="0" lastid="0000000001916700" lastname="main" />
</exclusive-start>
<allocation-taxation id="3469" taxation-threshold="11534336" timestamp="2019-06-16T02:56:30.375" intervalms="5.238" />
<cycle-start id="3470" type="partial gc" contextid="0" timestamp="2019-06-16T02:56:30.375" intervalms="12.628" />
<gc-start id="3471" type="partial gc" contextid="3470" timestamp="2019-06-16T02:56:30.375">
  <mem-info id="3472" free="19922944" total="71303168" percent="27">
    <mem type="eden" free="1048304" total="24117248" percent="4" />
    <remembered-set count="124480" freebytes="2348288" totalbytes="2846208" percent="82" regionsoverflowed="0" regionsstable="0" regionsrebuilding="18"/>
  </mem-info>
</gc-start>
<allocation-stats totalBytes="23057192" >
  <allocated-bytes non-tlh="0" tlh="23057192" arrayletleaf="0"/>
  <largest-consumer threadName="main" threadId="0000000001916700" bytes="11528624" />
</allocation-stats>
<gc-op id="3473" type="copy forward" timems="1.695" contextid="3470" timestamp="2019-06-16T02:56:30.378">
  <memory-copied type="eden" objects="6" bytes="240" bytesdiscarded="0" />
  <memory-copied type="other" objects="0" bytes="0" bytesdiscarded="0" />
  <memory-cardclean objects="16" bytes="528" />
  <regions eden="22" other="1" />
  <remembered-set-cleared processed="121712" cleared="10" durationms="0.770" />
  <stringconstants candidates="13747" cleared="0"  />
</gc-op>
<gc-op id="3474" type="classunload" timems="0.003" contextid="3470" timestamp="2019-06-16T02:56:30.378">
  <classunload-info classloadercandidates="54" classloadersunloaded="0" classesunloaded="0" anonymousclassesunloaded="0" quiescems="0.000" setupms="0.003" scanms="0.000" postms="0.000" />
</gc-op>
<gc-end id="3475" type="partial gc" contextid="3470" durationms="2.933" usertimems="0.000" systemtimems="0.000" timestamp="2019-06-16T02:56:30.378" activeThreads="1">
  <mem-info id="3476" free="42991616" total="71303168" percent="60">
    <mem type="eden" free="1048336" total="1048576" percent="99" />
    <remembered-set count="124960" freebytes="2346368" totalbytes="2846208" percent="82" regionsoverflowed="0" regionsstable="0" regionsrebuilding="18"/>
  </mem-info>
</gc-end>
<cycle-end id="3477" type="partial gc" contextid="3470" timestamp="2019-06-16T02:56:30.378" />
  <attribute name="elasticGC enabled" value="1" />
  <attribute name= "numThreadsSpecified" value="1" />
  <attribute name="heapSize specified" value="0" />
  <attribute name="Current GC Util" value="55" />
  <attribute name= "Current Time Running" value="62741" />
  <attribute name ="GC Interval" value="0" />
  <attribute name="ProportionalT" value="52.500000" />
  <attribute name="ProportionalI" value="52.500000" />
  <attribute name="ProportionalH" value="52.500000" />
  <attribute name="Current Error" value="35.000000" />
  <attribute name="IntegralT" value="0.000000" />
  <attribute name="IntegralI" value="0.000000" />
  <attribute name="IntegralH" value="0.000000" />
  <attribute name="DerivativeT" value="inf" />
  <attribute name="DerivativeI" value="inf" />
  <attribute name="DerivativeH" value="inf" />
  <attribute name="Loop Time for DT" value="0.000000" />
  <attribute name="Output H" value="8388608"/>
  <attribute name="Output I" value="200"/>
  <attribute name="Output T" value="1"/>
  <attribute name="Target GC Util Change" value ="20.000000" />
  <attribute name="Current GC Util Change" value="55.000000"/>
  <attribute name="GC Util currently" value="55" />
  <attribute name="CPU Util currently" value="18487267991136" />
<exclusive-end id="3478" timestamp="2019-06-16T02:56:30.378" durationms="4.059" />

<exclusive-start id="3479" timestamp="2019-06-16T02:56:30.382" intervalms="7.757">
  <response-info timems="0.077" idlems="0.077" threads="0" lastid="0000000001916700" lastname="main" />
</exclusive-start>
<allocation-taxation id="3480" taxation-threshold="11534336" timestamp="2019-06-16T02:56:30.382" intervalms="7.760" />
<gc-start id="3481" type="global mark phase" contextid="3277" timestamp="2019-06-16T02:56:30.383">
  <mem-info id="3482" free="31457280" total="71303168" percent="44">
    <remembered-set count="124480" freebytes="2348288" totalbytes="2846208" percent="82" regionsoverflowed="0" regionsstable="0" regionsrebuilding="18"/>
  </mem-info>
</gc-start>
<gc-end id="3483" type="global mark phase" contextid="3277" durationms="0.198" usertimems="0.000" systemtimems="0.000" timestamp="2019-06-16T02:56:30.383" activeThreads="1">
  <mem-info id="3484" free="31457280" total="71303168" percent="44">
    <remembered-set count="124480" freebytes="2348288" totalbytes="2846208" percent="82" regionsoverflowed="0" regionsstable="0" regionsrebuilding="18"/>
  </mem-info>
</gc-end>
<concurrent-start id="3485" type="GMP work packet processing" contextid="3277" timestamp="2019-06-16T02:56:30.383">
  <concurrent-mark-start scanTarget="1048576" />
</concurrent-start>
<exclusive-end id="3486" timestamp="2019-06-16T02:56:30.384" durationms="1.498" />

<concurrent-end id="3487" type="GMP work packet processing" contextid="3277" timestamp="2019-06-16T02:56:30.384">
  <concurrent-mark-end bytesScanned="1098676" reasonForTermination="Work target met" />
</concurrent-end>

<exclusive-start id="3488" timestamp="2019-06-16T02:56:30.387" intervalms="5.063">
  <response-info timems="0.064" idlems="0.064" threads="0" lastid="0000000001916700" lastname="main" />
</exclusive-start>
<allocation-taxation id="3489" taxation-threshold="11534336" timestamp="2019-06-16T02:56:30.387" intervalms="4.997" />
<cycle-start id="3490" type="partial gc" contextid="0" timestamp="2019-06-16T02:56:30.387" intervalms="12.723" />
<gc-start id="3491" type="partial gc" contextid="3490" timestamp="2019-06-16T02:56:30.388">
  <mem-info id="3492" free="19922944" total="71303168" percent="27">
    <mem type="eden" free="1048336" total="24117248" percent="4" />
    <remembered-set count="129888" freebytes="2326656" totalbytes="2846208" percent="81" regionsoverflowed="0" regionsstable="0" regionsrebuilding="18"/>
  </mem-info>
</gc-start>
<allocation-stats totalBytes="23056360" >
  <allocated-bytes non-tlh="0" tlh="23056360" arrayletleaf="0"/>
  <largest-consumer threadName="main" threadId="0000000001916700" bytes="11528704" />
</allocation-stats>
<gc-op id="3493" type="copy forward" timems="1.693" contextid="3490" timestamp="2019-06-16T02:56:30.390">
  <memory-copied type="eden" objects="8" bytes="192" bytesdiscarded="0" />
  <memory-copied type="other" objects="0" bytes="0" bytesdiscarded="0" />
  <memory-cardclean objects="16" bytes="528" />
  <regions eden="22" other="1" />
  <remembered-set-cleared processed="127823" cleared="10" durationms="0.819" />
  <stringconstants candidates="13747" cleared="0"  />
</gc-op>
<gc-op id="3494" type="classunload" timems="0.004" contextid="3490" timestamp="2019-06-16T02:56:30.390">
  <classunload-info classloadercandidates="54" classloadersunloaded="0" classesunloaded="0" anonymousclassesunloaded="0" quiescems="0.000" setupms="0.004" scanms="0.000" postms="0.000" />
</gc-op>
<gc-end id="3495" type="partial gc" contextid="3490" durationms="2.766" usertimems="0.000" systemtimems="0.000" timestamp="2019-06-16T02:56:30.390" activeThreads="1">
  <mem-info id="3496" free="42991616" total="71303168" percent="60">
    <mem type="eden" free="1048384" total="1048576" percent="99" />
    <remembered-set count="130368" freebytes="2324736" totalbytes="2846208" percent="81" regionsoverflowed="0" regionsstable="0" regionsrebuilding="18"/>
  </mem-info>
</gc-end>
<cycle-end id="3497" type="partial gc" contextid="3490" timestamp="2019-06-16T02:56:30.391" />
  <attribute name="elasticGC enabled" value="1" />
  <attribute name= "numThreadsSpecified" value="1" />
  <attribute name="heapSize specified" value="0" />
  <attribute name="Current GC Util" value="59" />
  <attribute name= "Current Time Running" value="62753" />
  <attribute name ="GC Interval" value="0" />
  <attribute name="ProportionalT" value="58.500000" />
  <attribute name="ProportionalI" value="58.500000" />
  <attribute name="ProportionalH" value="58.500000" />
  <attribute name="Current Error" value="39.000000" />
  <attribute name="IntegralT" value="0.000000" />
  <attribute name="IntegralI" value="0.000000" />
  <attribute name="IntegralH" value="0.000000" />
  <attribute name="DerivativeT" value="inf" />
  <attribute name="DerivativeI" value="inf" />
  <attribute name="DerivativeH" value="inf" />
  <attribute name="Loop Time for DT" value="0.000000" />
  <attribute name="Output H" value="8388608"/>
  <attribute name="Output I" value="200"/>
  <attribute name="Output T" value="1"/>
  <attribute name="Target GC Util Change" value ="20.000000" />
  <attribute name="Current GC Util Change" value="59.000000"/>
  <attribute name="GC Util currently" value="59" />
  <attribute name="CPU Util currently" value="20095192751040" />
<exclusive-end id="3498" timestamp="2019-06-16T02:56:30.391" durationms="3.698" />

<exclusive-start id="3499" timestamp="2019-06-16T02:56:30.395" intervalms="7.594">
  <response-info timems="0.073" idlems="0.073" threads="0" lastid="0000000001916700" lastname="main" />
</exclusive-start>
<allocation-taxation id="3500" taxation-threshold="11534336" timestamp="2019-06-16T02:56:30.395" intervalms="7.673" />
<gc-start id="3501" type="global mark phase" contextid="3277" timestamp="2019-06-16T02:56:30.395">
  <mem-info id="3502" free="31457280" total="71303168" percent="44">
    <remembered-set count="129888" freebytes="2326656" totalbytes="2846208" percent="81" regionsoverflowed="0" regionsstable="0" regionsrebuilding="18"/>
  </mem-info>
</gc-start>
<gc-end id="3503" type="global mark phase" contextid="3277" durationms="0.126" usertimems="0.000" systemtimems="0.000" timestamp="2019-06-16T02:56:30.395" activeThreads="1">
  <mem-info id="3504" free="31457280" total="71303168" percent="44">
    <remembered-set count="129888" freebytes="2326656" totalbytes="2846208" percent="81" regionsoverflowed="0" regionsstable="0" regionsrebuilding="18"/>
  </mem-info>
</gc-end>
<concurrent-start id="3505" type="GMP work packet processing" contextid="3277" timestamp="2019-06-16T02:56:30.395">
  <concurrent-mark-start scanTarget="1048576" />
</concurrent-start>
<exclusive-end id="3506" timestamp="2019-06-16T02:56:30.396" durationms="0.870" />

<concurrent-end id="3507" type="GMP work packet processing" contextid="3277" timestamp="2019-06-16T02:56:30.396">
  <concurrent-mark-end bytesScanned="363340" reasonForTermination="Completed all work in GC phase" />
</concurrent-end>

<exclusive-start id="3508" timestamp="2019-06-16T02:56:30.400" intervalms="4.895">
  <response-info timems="0.057" idlems="0.057" threads="0" lastid="0000000001916700" lastname="main" />
</exclusive-start>
<allocation-taxation id="3509" taxation-threshold="11534336" timestamp="2019-06-16T02:56:30.400" intervalms="4.816" />
<cycle-start id="3510" type="partial gc" contextid="0" timestamp="2019-06-16T02:56:30.400" intervalms="12.499" />
<gc-start id="3511" type="partial gc" contextid="3510" timestamp="2019-06-16T02:56:30.400">
  <mem-info id="3512" free="19922944" total="71303168" percent="27">
    <mem type="eden" free="1048384" total="24117248" percent="4" />
    <remembered-set count="131744" freebytes="2319232" totalbytes="2846208" percent="81" regionsoverflowed="0" regionsstable="0" regionsrebuilding="18"/>
  </mem-info>
</gc-start>
<allocation-stats totalBytes="23051392" >
  <allocated-bytes non-tlh="0" tlh="23051392" arrayletleaf="0"/>
  <largest-consumer threadName="main" threadId="0000000001916700" bytes="11524296" />
</allocation-stats>
<gc-op id="3513" type="copy forward" timems="1.724" contextid="3510" timestamp="2019-06-16T02:56:30.403">
  <memory-copied type="eden" objects="28" bytes="1192" bytesdiscarded="0" />
  <memory-copied type="other" objects="0" bytes="0" bytesdiscarded="0" />
  <memory-cardclean objects="73" bytes="2224" />
  <regions eden="22" other="1" />
  <remembered-set-cleared processed="129238" cleared="44" durationms="0.832" />
  <stringconstants candidates="13747" cleared="0"  />
</gc-op>
<gc-op id="3514" type="classunload" timems="0.004" contextid="3510" timestamp="2019-06-16T02:56:30.403">
  <classunload-info classloadercandidates="54" classloadersunloaded="0" classesunloaded="0" anonymousclassesunloaded="0" quiescems="0.000" setupms="0.004" scanms="0.000" postms="0.000" />
</gc-op>
<gc-end id="3515" type="partial gc" contextid="3510" durationms="2.836" usertimems="0.000" systemtimems="0.000" timestamp="2019-06-16T02:56:30.403" activeThreads="1">
  <mem-info id="3516" free="42991616" total="71303168" percent="60">
    <mem type="eden" free="1047384" total="1048576" percent="99" />
    <remembered-set count="132192" freebytes="2317440" totalbytes="2846208" percent="81" regionsoverflowed="0" regionsstable="0" regionsrebuilding="18"/>
  </mem-info>
</gc-end>
<cycle-end id="3517" type="partial gc" contextid="3510" timestamp="2019-06-16T02:56:30.403" />
  <attribute name="elasticGC enabled" value="1" />
  <attribute name= "numThreadsSpecified" value="1" />
  <attribute name="heapSize specified" value="0" />
  <attribute name="Current GC Util" value="50" />
  <attribute name= "Current Time Running" value="62766" />
  <attribute name ="GC Interval" value="0" />
  <attribute name="ProportionalT" value="45.000000" />
  <attribute name="ProportionalI" value="45.000000" />
  <attribute name="ProportionalH" value="45.000000" />
  <attribute name="Current Error" value="30.000000" />
  <attribute name="IntegralT" value="0.000000" />
  <attribute name="IntegralI" value="0.000000" />
  <attribute name="IntegralH" value="0.000000" />
  <attribute name="DerivativeT" value="inf" />
  <attribute name="DerivativeI" value="inf" />
  <attribute name="DerivativeH" value="inf" />
  <attribute name="Loop Time for DT" value="0.000000" />
  <attribute name="Output H" value="8388608"/>
  <attribute name="Output I" value="200"/>
  <attribute name="Output T" value="1"/>
  <attribute name="Target GC Util Change" value ="20.000000" />
  <attribute name="Current GC Util Change" value="50.000000"/>
  <attribute name="GC Util currently" value="50" />
  <attribute name="CPU Util currently" value="17243170591658" />
<exclusive-end id="3518" timestamp="2019-06-16T02:56:30.404" durationms="3.852" />

<exclusive-start id="3519" timestamp="2019-06-16T02:56:30.407" intervalms="7.744">
  <response-info timems="0.067" idlems="0.067" threads="0" lastid="0000000001916700" lastname="main" />
</exclusive-start>
<allocation-taxation id="3520" taxation-threshold="11534336" timestamp="2019-06-16T02:56:30.408" intervalms="7.783" />
<gc-start id="3521" type="global mark phase" contextid="3277" timestamp="2019-06-16T02:56:30.408">
  <mem-info id="3522" free="31457280" total="71303168" percent="44">
    <remembered-set count="131712" freebytes="2319360" totalbytes="2846208" percent="81" regionsoverflowed="0" regionsstable="0" regionsrebuilding="18"/>
  </mem-info>
</gc-start>
<gc-op id="3523" type="mark increment" timems="1.285" contextid="3277" timestamp="2019-06-16T02:56:30.409">
  <trace-info objectcount="142" scancount="141" scanbytes="4268" />
  <cardclean-info objects="79" bytes="2560" />
  <finalization candidates="79" enqueued="0" />
  <ownableSynchronizers candidates="23" cleared="0" />
  <references type="soft" candidates="4425" cleared="56" enqueued="56" dynamicThreshold="19" maxThreshold="32" />
  <references type="weak" candidates="5709" cleared="0" enqueued="0" />
  <references type="phantom" candidates="100" cleared="0" enqueued="0" />
  <stringconstants candidates="13747" cleared="36"  />
</gc-op>
<gc-op id="3524" type="classunload" timems="0.004" contextid="3277" timestamp="2019-06-16T02:56:30.409">
  <classunload-info classloadercandidates="54" classloadersunloaded="0" classesunloaded="0" anonymousclassesunloaded="0" quiescems="0.000" setupms="0.004" scanms="0.000" postms="0.000" />
</gc-op>
<gc-end id="3525" type="global mark phase" contextid="3277" durationms="1.733" usertimems="0.000" systemtimems="4.000" timestamp="2019-06-16T02:56:30.410" activeThreads="4">
  <mem-info id="3526" free="31457280" total="71303168" percent="44">
    <pending-finalizers system="0" default="0" reference="56" classloader="0" />
    <remembered-set count="133248" freebytes="2313216" totalbytes="2846208" percent="81" regionsoverflowed="0" regionsstable="0" regionsrebuilding="0"/>
  </mem-info>
</gc-end>
<cycle-end id="3527" type="global mark phase" contextid="3277" timestamp="2019-06-16T02:56:30.410" />
  <attribute name="elasticGC enabled" value="1" />
  <attribute name= "numThreadsSpecified" value="4" />
  <attribute name="heapSize specified" value="0" />
  <attribute name="Current GC Util" value="0" />
  <attribute name= "Current Time Running" value="62773" />
  <attribute name ="GC Interval" value="0" />
  <attribute name="ProportionalT" value="-30.000000" />
  <attribute name="ProportionalI" value="-30.000000" />
  <attribute name="ProportionalH" value="-30.000000" />
  <attribute name="Current Error" value="-20.000000" />
  <attribute name="IntegralT" value="0.000000" />
  <attribute name="IntegralI" value="0.000000" />
  <attribute name="IntegralH" value="0.000000" />
  <attribute name="DerivativeT" value="-inf" />
  <attribute name="DerivativeI" value="-inf" />
  <attribute name="DerivativeH" value="-inf" />
  <attribute name="Loop Time for DT" value="0.000000" />
  <attribute name="Output H" value="2091843584"/>
  <attribute name="Output I" value="200"/>
  <attribute name="Output T" value="4"/>
  <attribute name="Target GC Util Change" value ="20.000000" />
  <attribute name="Current GC Util Change" value="0.000000"/>
  <attribute name="GC Util currently" value="0" />
  <attribute name="CPU Util currently" value="63322110349818" />
<exclusive-end id="3528" timestamp="2019-06-16T02:56:30.410" durationms="2.388" />

<exclusive-start id="3529" timestamp="2019-06-16T02:56:30.414" intervalms="6.267">
  <response-info timems="0.075" idlems="0.075" threads="0" lastid="0000000001916700" lastname="main" />
</exclusive-start>
<allocation-taxation id="3530" taxation-threshold="11534336" timestamp="2019-06-16T02:56:30.414" intervalms="6.287" />
<cycle-start id="3531" type="partial gc" contextid="0" timestamp="2019-06-16T02:56:30.414" intervalms="14.092" />
<gc-start id="3532" type="partial gc" contextid="3531" timestamp="2019-06-16T02:56:30.414">
  <mem-info id="3533" free="19922944" total="71303168" percent="27">
    <mem type="eden" free="0" total="23068672" percent="0" />
    <remembered-set count="128448" freebytes="2332416" totalbytes="2846208" percent="81" regionsoverflowed="0" regionsstable="3" regionsrebuilding="0"/>
  </mem-info>
</gc-start>
<allocation-stats totalBytes="23048304" >
  <allocated-bytes non-tlh="0" tlh="23048304" arrayletleaf="0"/>
  <largest-consumer threadName="main" threadId="0000000001916700" bytes="11520224" />
</allocation-stats>
<gc-op id="3534" type="sweep" timems="0.681" contextid="3531" timestamp="2019-06-16T02:56:30.415" />
<gc-op id="3535" type="copy forward" timems="2.030" contextid="3531" timestamp="2019-06-16T02:56:30.418">
  <memory-copied type="eden" objects="7" bytes="952" bytesdiscarded="0" />
  <memory-copied type="other" objects="921" bytes="40728" bytesdiscarded="0" />
  <memory-cardclean objects="397" bytes="23880" />
  <regions eden="11" other="3" />
  <remembered-set-cleared processed="126199" cleared="273" durationms="0.848" />
  <references type="soft" candidates="4" cleared="0" enqueued="0" dynamicThreshold="14" maxThreshold="32" />
  <references type="weak" candidates="13" cleared="0" enqueued="0" />
  <stringconstants candidates="13711" cleared="0"  />
</gc-op>
<gc-op id="3536" type="classunload" timems="0.003" contextid="3531" timestamp="2019-06-16T02:56:30.418">
  <classunload-info classloadercandidates="54" classloadersunloaded="0" classesunloaded="0" anonymousclassesunloaded="0" quiescems="0.000" setupms="0.003" scanms="0.000" postms="0.000" />
</gc-op>
<heap-resize id="3537" type="expand" space="default" amount="2097152" count="1" timems="0.067" reason="excessive time being spent in gc" timestamp="2019-06-16T02:56:30.419" />
<gc-end id="3538" type="partial gc" contextid="3531" durationms="4.413" usertimems="4.000" systemtimems="0.000" timestamp="2019-06-16T02:56:30.419" activeThreads="1">
  <mem-info id="3539" free="44040192" total="73400320" percent="60">
    <mem type="eden" free="1047624" total="1048576" percent="99" />
    <remembered-set count="128544" freebytes="2415744" totalbytes="2929920" percent="82" regionsoverflowed="0" regionsstable="3" regionsrebuilding="0"/>
  </mem-info>
</gc-end>
<cycle-end id="3540" type="partial gc" contextid="3531" timestamp="2019-06-16T02:56:30.419" />
  <attribute name="elasticGC enabled" value="1" />
  <attribute name= "numThreadsSpecified" value="1" />
  <attribute name="heapSize specified" value="0" />
  <attribute name="Current GC Util" value="78" />
  <attribute name= "Current Time Running" value="62781" />
  <attribute name ="GC Interval" value="0" />
  <attribute name="ProportionalT" value="87.000000" />
  <attribute name="ProportionalI" value="87.000000" />
  <attribute name="ProportionalH" value="87.000000" />
  <attribute name="Current Error" value="58.000000" />
  <attribute name="IntegralT" value="0.000000" />
  <attribute name="IntegralI" value="0.000000" />
  <attribute name="IntegralH" value="0.000000" />
  <attribute name="DerivativeT" value="inf" />
  <attribute name="DerivativeI" value="inf" />
  <attribute name="DerivativeH" value="inf" />
  <attribute name="Loop Time for DT" value="0.000000" />
  <attribute name="Output H" value="8388608"/>
  <attribute name="Output I" value="200"/>
  <attribute name="Output T" value="1"/>
  <attribute name="Target GC Util Change" value ="20.000000" />
  <attribute name="Current GC Util Change" value="78.000000"/>
  <attribute name="GC Util currently" value="78" />
  <attribute name="CPU Util currently" value="18793828319759" />
<exclusive-end id="3541" timestamp="2019-06-16T02:56:30.419" durationms="5.487" />

<exclusive-start id="3542" timestamp="2019-06-16T02:56:30.427" intervalms="13.679">
  <response-info timems="0.077" idlems="0.077" threads="0" lastid="0000000001916700" lastname="main" />
</exclusive-start>
<allocation-taxation id="3543" taxation-threshold="25165824" timestamp="2019-06-16T02:56:30.428" intervalms="13.691" />
<cycle-start id="3544" type="partial gc" contextid="0" timestamp="2019-06-16T02:56:30.428" intervalms="13.700" />
<gc-start id="3545" type="partial gc" contextid="3544" timestamp="2019-06-16T02:56:30.428">
  <mem-info id="3546" free="18874368" total="73400320" percent="25">
    <mem type="eden" free="0" total="25165824" percent="0" />
    <remembered-set count="128352" freebytes="2416512" totalbytes="2929920" percent="82" regionsoverflowed="0" regionsstable="3" regionsrebuilding="0"/>
  </mem-info>
</gc-start>
<allocation-stats totalBytes="25143960" >
  <allocated-bytes non-tlh="0" tlh="25143960" arrayletleaf="0"/>
  <largest-consumer threadName="main" threadId="0000000001916700" bytes="25143960" />
</allocation-stats>
<gc-op id="3547" type="copy forward" timems="1.595" contextid="3544" timestamp="2019-06-16T02:56:30.430">
  <memory-copied type="eden" objects="6" bytes="192" bytesdiscarded="0" />
  <memory-copied type="other" objects="13" bytes="792" bytesdiscarded="264" />
  <memory-cardclean objects="97" bytes="2496" />
  <regions eden="24" other="3" />
  <remembered-set-cleared processed="126107" cleared="62" durationms="0.839" />
  <stringconstants candidates="13711" cleared="0"  />
</gc-op>
<gc-op id="3548" type="classunload" timems="0.003" contextid="3544" timestamp="2019-06-16T02:56:30.431">
  <classunload-info classloadercandidates="54" classloadersunloaded="0" classesunloaded="0" anonymousclassesunloaded="0" quiescems="0.000" setupms="0.003" scanms="0.000" postms="0.000" />
</gc-op>
<gc-end id="3549" type="partial gc" contextid="3544" durationms="2.801" usertimems="4.000" systemtimems="0.000" timestamp="2019-06-16T02:56:30.431" activeThreads="1">
  <mem-info id="3550" free="44040192" total="73400320" percent="60">
    <mem type="eden" free="1048384" total="1048576" percent="99" />
    <remembered-set count="128640" freebytes="2415360" totalbytes="2929920" percent="82" regionsoverflowed="0" regionsstable="3" regionsrebuilding="0"/>
  </mem-info>
</gc-end>
<cycle-end id="3551" type="partial gc" contextid="3544" timestamp="2019-06-16T02:56:30.431" />
  <attribute name="elasticGC enabled" value="1" />
  <attribute name= "numThreadsSpecified" value="1" />
  <attribute name="heapSize specified" value="0" />
  <attribute name="Current GC Util" value="84" />
  <attribute name= "Current Time Running" value="62794" />
  <attribute name ="GC Interval" value="0" />
  <attribute name="ProportionalT" value="96.000000" />
  <attribute name="ProportionalI" value="96.000000" />
  <attribute name="ProportionalH" value="96.000000" />
  <attribute name="Current Error" value="64.000000" />
  <attribute name="IntegralT" value="0.000000" />
  <attribute name="IntegralI" value="0.000000" />
  <attribute name="IntegralH" value="0.000000" />
  <attribute name="DerivativeT" value="inf" />
  <attribute name="DerivativeI" value="inf" />
  <attribute name="DerivativeH" value="inf" />
  <attribute name="Loop Time for DT" value="0.000000" />
  <attribute name="Output H" value="8388608"/>
  <attribute name="Output I" value="200"/>
  <attribute name="Output T" value="1"/>
  <attribute name="Target GC Util Change" value ="20.000000" />
  <attribute name="Current GC Util Change" value="84.000000"/>
  <attribute name="GC Util currently" value="84" />
  <attribute name="CPU Util currently" value="17971435375154" />
<exclusive-end id="3552" timestamp="2019-06-16T02:56:30.431" durationms="3.997" />

<exclusive-start id="3553" timestamp="2019-06-16T02:56:30.439" intervalms="12.122">
  <response-info timems="0.080" idlems="0.080" threads="0" lastid="0000000001916700" lastname="main" />
</exclusive-start>
<allocation-taxation id="3554" taxation-threshold="25165824" timestamp="2019-06-16T02:56:30.440" intervalms="12.123" />
<cycle-start id="3555" type="partial gc" contextid="0" timestamp="2019-06-16T02:56:30.440" intervalms="12.097" />
<gc-start id="3556" type="partial gc" contextid="3555" timestamp="2019-06-16T02:56:30.440">
  <mem-info id="3557" free="18874368" total="73400320" percent="25">
    <mem type="eden" free="1048384" total="26214400" percent="3" />
    <remembered-set count="125728" freebytes="2427008" totalbytes="2929920" percent="82" regionsoverflowed="0" regionsstable="6" regionsrebuilding="0"/>
  </mem-info>
</gc-start>
<allocation-stats totalBytes="25143832" >
  <allocated-bytes non-tlh="0" tlh="25143832" arrayletleaf="0"/>
  <largest-consumer threadName="main" threadId="0000000001916700" bytes="25143832" />
</allocation-stats>
<gc-op id="3558" type="copy forward" timems="1.708" contextid="3555" timestamp="2019-06-16T02:56:30.443">
  <memory-copied type="eden" objects="6" bytes="248" bytesdiscarded="0" />
  <memory-copied type="other" objects="125" bytes="3736" bytesdiscarded="376" />
  <memory-cardclean objects="80" bytes="2504" />
  <regions eden="24" other="3" />
  <remembered-set-cleared processed="123772" cleared="125" durationms="0.441" />
  <stringconstants candidates="13711" cleared="0"  />
</gc-op>
<gc-op id="3559" type="classunload" timems="0.004" contextid="3555" timestamp="2019-06-16T02:56:30.443">
  <classunload-info classloadercandidates="54" classloadersunloaded="0" classesunloaded="0" anonymousclassesunloaded="0" quiescems="0.000" setupms="0.004" scanms="0.000" postms="0.000" />
</gc-op>
<gc-end id="3560" type="partial gc" contextid="3555" durationms="2.729" usertimems="4.000" systemtimems="0.000" timestamp="2019-06-16T02:56:30.443" activeThreads="4">
  <mem-info id="3561" free="45088768" total="73400320" percent="61">
    <mem type="eden" free="1048328" total="1048576" percent="99" />
    <remembered-set count="125632" freebytes="2427392" totalbytes="2929920" percent="82" regionsoverflowed="0" regionsstable="6" regionsrebuilding="0"/>
  </mem-info>
</gc-end>
<cycle-end id="3562" type="partial gc" contextid="3555" timestamp="2019-06-16T02:56:30.443" />
  <attribute name="elasticGC enabled" value="1" />
  <attribute name= "numThreadsSpecified" value="4" />
  <attribute name="heapSize specified" value="0" />
  <attribute name="Current GC Util" value="0" />
  <attribute name= "Current Time Running" value="62806" />
  <attribute name ="GC Interval" value="0" />
  <attribute name="ProportionalT" value="-30.000000" />
  <attribute name="ProportionalI" value="-30.000000" />
  <attribute name="ProportionalH" value="-30.000000" />
  <attribute name="Current Error" value="-20.000000" />
  <attribute name="IntegralT" value="0.000000" />
  <attribute name="IntegralI" value="0.000000" />
  <attribute name="IntegralH" value="0.000000" />
  <attribute name="DerivativeT" value="-inf" />
  <attribute name="DerivativeI" value="-inf" />
  <attribute name="DerivativeH" value="-inf" />
  <attribute name="Loop Time for DT" value="0.000000" />
  <attribute name="Output H" value="2091843584"/>
  <attribute name="Output I" value="200"/>
  <attribute name="Output T" value="4"/>
  <attribute name="Target GC Util Change" value ="20.000000" />
  <attribute name="Current GC Util Change" value="0.000000"/>
  <attribute name="GC Util currently" value="0" />
  <attribute name="CPU Util currently" value="32420724626013" />
<exclusive-end id="3563" timestamp="2019-06-16T02:56:30.443" durationms="3.827" />

<exclusive-start id="3564" timestamp="2019-06-16T02:56:30.469" intervalms="29.750">
  <response-info timems="0.076" idlems="0.076" threads="0" lastid="0000000001916700" lastname="main" />
</exclusive-start>
<allocation-taxation id="3565" taxation-threshold="25165824" timestamp="2019-06-16T02:56:30.469" intervalms="29.745" />
<cycle-start id="3566" type="partial gc" contextid="0" timestamp="2019-06-16T02:56:30.470" intervalms="29.792" />
<gc-start id="3567" type="partial gc" contextid="3566" timestamp="2019-06-16T02:56:30.470">
  <mem-info id="3568" free="19922944" total="73400320" percent="27">
    <mem type="eden" free="1048328" total="26214400" percent="3" />
    <remembered-set count="122048" freebytes="2441728" totalbytes="2929920" percent="83" regionsoverflowed="0" regionsstable="9" regionsrebuilding="0"/>
  </mem-info>
</gc-start>
<allocation-stats totalBytes="25159504" >
  <allocated-bytes non-tlh="0" tlh="25159504" arrayletleaf="0"/>
  <largest-consumer threadName="main" threadId="0000000001916700" bytes="25159504" />
</allocation-stats>
<gc-op id="3569" type="copy forward" timems="1.725" contextid="3566" timestamp="2019-06-16T02:56:30.473">
  <memory-copied type="eden" objects="44" bytes="1968" bytesdiscarded="1448" />
  <memory-copied type="other" objects="132" bytes="4328" bytesdiscarded="2312" />
  <memory-cardclean objects="138" bytes="12536" />
  <regions eden="24" other="3" />
  <remembered-set-cleared processed="120706" cleared="155" durationms="0.433" />
  <references type="weak" candidates="53" cleared="0" enqueued="0" />
  <stringconstants candidates="13711" cleared="0"  />
</gc-op>
<gc-op id="3570" type="classunload" timems="0.004" contextid="3566" timestamp="2019-06-16T02:56:30.473">
  <classunload-info classloadercandidates="54" classloadersunloaded="0" classesunloaded="0" anonymousclassesunloaded="0" quiescems="0.000" setupms="0.004" scanms="0.000" postms="0.000" />
</gc-op>
<heap-resize id="3571" type="contract" space="default" amount="3145728" count="1" timems="0.062" reason="excess free space following gc" timestamp="2019-06-16T02:56:30.473" />
<gc-end id="3572" type="partial gc" contextid="3566" durationms="3.015" usertimems="4.000" systemtimems="0.000" timestamp="2019-06-16T02:56:30.473" activeThreads="4">
  <mem-info id="3573" free="42991616" total="70254592" percent="61">
    <mem type="eden" free="1045160" total="1048576" percent="99" />
    <remembered-set count="123296" freebytes="2436736" totalbytes="2929920" percent="83" regionsoverflowed="0" regionsstable="9" regionsrebuilding="0"/>
  </mem-info>
</gc-end>
<cycle-end id="3574" type="partial gc" contextid="3566" timestamp="2019-06-16T02:56:30.473" />
  <attribute name="elasticGC enabled" value="1" />
  <attribute name= "numThreadsSpecified" value="4" />
  <attribute name="heapSize specified" value="0" />
  <attribute name="Current GC Util" value="75" />
  <attribute name= "Current Time Running" value="62836" />
  <attribute name ="GC Interval" value="0" />
  <attribute name="ProportionalT" value="82.500000" />
  <attribute name="ProportionalI" value="82.500000" />
  <attribute name="ProportionalH" value="82.500000" />
  <attribute name="Current Error" value="55.000000" />
  <attribute name="IntegralT" value="55.000000" />
  <attribute name="IntegralI" value="55.000000" />
  <attribute name="IntegralH" value="55.000000" />
  <attribute name="DerivativeT" value="55.000000" />
  <attribute name="DerivativeI" value="55.000000" />
  <attribute name="DerivativeH" value="55.000000" />
  <attribute name="Loop Time for DT" value="1.000000" />
  <attribute name="Output H" value="8388608"/>
  <attribute name="Output I" value="200"/>
  <attribute name="Output T" value="4"/>
  <attribute name="Target GC Util Change" value ="20.000000" />
  <attribute name="Current GC Util Change" value="75.000000"/>
  <attribute name="GC Util currently" value="75" />
  <attribute name="CPU Util currently" value="18144956972913" />
<exclusive-end id="3575" timestamp="2019-06-16T02:56:30.473" durationms="4.238" />

<exclusive-start id="3576" timestamp="2019-06-16T02:56:30.499" intervalms="29.490">
  <response-info timems="0.075" idlems="0.075" threads="0" lastid="0000000001916700" lastname="main" />
</exclusive-start>
<allocation-taxation id="3577" taxation-threshold="24117248" timestamp="2019-06-16T02:56:30.499" intervalms="29.491" />
<cycle-start id="3578" type="partial gc" contextid="0" timestamp="2019-06-16T02:56:30.499" intervalms="29.489" />
<gc-start id="3579" type="partial gc" contextid="3578" timestamp="2019-06-16T02:56:30.499">
  <mem-info id="3580" free="18874368" total="70254592" percent="26">
    <mem type="eden" free="0" total="24117248" percent="0" />
    <remembered-set count="2944" freebytes="2918144" totalbytes="2929920" percent="99" regionsoverflowed="0" regionsstable="17" regionsrebuilding="0"/>
  </mem-info>
</gc-start>
<allocation-stats totalBytes="24111864" >
  <allocated-bytes non-tlh="0" tlh="24111864" arrayletleaf="0"/>
  <largest-consumer threadName="main" threadId="0000000001916700" bytes="24111864" />
</allocation-stats>
<gc-op id="3581" type="copy forward" timems="0.914" contextid="3578" timestamp="2019-06-16T02:56:30.501">
  <memory-copied type="eden" objects="20" bytes="904" bytesdiscarded="0" />
  <memory-copied type="other" objects="72" bytes="2120" bytesdiscarded="256" />
  <memory-cardclean objects="399" bytes="17768" />
  <regions eden="23" other="2" />
  <remembered-set-cleared processed="1143" cleared="40" durationms="0.111" />
  <references type="weak" candidates="2" cleared="0" enqueued="0" />
  <stringconstants candidates="13711" cleared="0"  />
</gc-op>
<gc-op id="3582" type="classunload" timems="0.004" contextid="3578" timestamp="2019-06-16T02:56:30.502">
  <classunload-info classloadercandidates="54" classloadersunloaded="0" classesunloaded="0" anonymousclassesunloaded="0" quiescems="0.000" setupms="0.004" scanms="0.000" postms="0.000" />
</gc-op>
<gc-end id="3583" type="partial gc" contextid="3578" durationms="2.333" usertimems="0.000" systemtimems="0.000" timestamp="2019-06-16T02:56:30.502" activeThreads="1">
  <mem-info id="3584" free="42991616" total="70254592" percent="61">
    <mem type="eden" free="1047672" total="1048576" percent="99" />
    <remembered-set count="1856" freebytes="2796928" totalbytes="2804352" percent="99" regionsoverflowed="0" regionsstable="17" regionsrebuilding="0"/>
  </mem-info>
</gc-end>
<cycle-end id="3585" type="partial gc" contextid="3578" timestamp="2019-06-16T02:56:30.502" />
  <attribute name="elasticGC enabled" value="1" />
  <attribute name= "numThreadsSpecified" value="1" />
  <attribute name="heapSize specified" value="0" />
  <attribute name="Current GC Util" value="42" />
  <attribute name= "Current Time Running" value="62865" />
  <attribute name ="GC Interval" value="0" />
  <attribute name="ProportionalT" value="33.000000" />
  <attribute name="ProportionalI" value="33.000000" />
  <attribute name="ProportionalH" value="33.000000" />
  <attribute name="Current Error" value="22.000000" />
  <attribute name="IntegralT" value="0.000000" />
  <attribute name="IntegralI" value="0.000000" />
  <attribute name="IntegralH" value="0.000000" />
  <attribute name="DerivativeT" value="inf" />
  <attribute name="DerivativeI" value="inf" />
  <attribute name="DerivativeH" value="inf" />
  <attribute name="Loop Time for DT" value="0.000000" />
  <attribute name="Output H" value="8388608"/>
  <attribute name="Output I" value="200"/>
  <attribute name="Output T" value="1"/>
  <attribute name="Target GC Util Change" value ="20.000000" />
  <attribute name="Current GC Util Change" value="42.000000"/>
  <attribute name="GC Util currently" value="42" />
  <attribute name="CPU Util currently" value="10166766550149" />
<exclusive-end id="3586" timestamp="2019-06-16T02:56:30.502" durationms="3.520" />

<exclusive-start id="3587" timestamp="2019-06-16T02:56:30.514" intervalms="15.553">
  <response-info timems="0.076" idlems="0.076" threads="0" lastid="0000000001916700" lastname="main" />
</exclusive-start>
<allocation-taxation id="3588" taxation-threshold="11534336" timestamp="2019-06-16T02:56:30.514" intervalms="15.542" />
<cycle-start id="3589" type="global mark phase" contextid="0" timestamp="2019-06-16T02:56:30.515" intervalms="280.041" />
<gc-start id="3590" type="global mark phase" contextid="3589" timestamp="2019-06-16T02:56:30.515">
  <mem-info id="3591" free="31457280" total="70254592" percent="44">
    <remembered-set count="1472" freebytes="2798464" totalbytes="2804352" percent="99" regionsoverflowed="0" regionsstable="17" regionsrebuilding="0"/>
  </mem-info>
</gc-start>
<gc-op id="3592" type="mark increment" timems="0.501" contextid="3589" timestamp="2019-06-16T02:56:30.516">
  <trace-info objectcount="182" scancount="0" scanbytes="0" />
</gc-op>
<gc-end id="3593" type="global mark phase" contextid="3589" durationms="0.756" usertimems="0.000" systemtimems="0.000" timestamp="2019-06-16T02:56:30.516" activeThreads="1">
  <mem-info id="3594" free="31457280" total="70254592" percent="44">
    <remembered-set count="1472" freebytes="2798464" totalbytes="2804352" percent="99" regionsoverflowed="0" regionsstable="0" regionsrebuilding="17"/>
  </mem-info>
</gc-end>
<concurrent-start id="3595" type="GMP work packet processing" contextid="3589" timestamp="2019-06-16T02:56:30.516">
  <concurrent-mark-start scanTarget="1048576" />
</concurrent-start>
<exclusive-end id="3596" timestamp="2019-06-16T02:56:30.516" durationms="1.679" />

<concurrent-end id="3597" type="GMP work packet processing" contextid="3589" timestamp="2019-06-16T02:56:30.517">
  <concurrent-mark-end bytesScanned="1130820" reasonForTermination="Work target met" />
</concurrent-end>

<exclusive-start id="3598" timestamp="2019-06-16T02:56:30.529" intervalms="15.087">
  <response-info timems="0.062" idlems="0.062" threads="0" lastid="0000000001916700" lastname="main" />
</exclusive-start>
<allocation-taxation id="3599" taxation-threshold="11534336" timestamp="2019-06-16T02:56:30.530" intervalms="15.059" />
<cycle-start id="3600" type="partial gc" contextid="0" timestamp="2019-06-16T02:56:30.530" intervalms="30.562" />
<gc-start id="3601" type="partial gc" contextid="3600" timestamp="2019-06-16T02:56:30.530">
  <mem-info id="3602" free="19922944" total="70254592" percent="28">
    <mem type="eden" free="1047672" total="24117248" percent="4" />
    <remembered-set count="12736" freebytes="2753408" totalbytes="2804352" percent="98" regionsoverflowed="0" regionsstable="0" regionsrebuilding="17"/>
  </mem-info>
</gc-start>
<allocation-stats totalBytes="23063568" >
  <allocated-bytes non-tlh="0" tlh="23063568" arrayletleaf="0"/>
  <largest-consumer threadName="main" threadId="0000000001916700" bytes="11531984" />
</allocation-stats>
<gc-op id="3603" type="copy forward" timems="4.125" contextid="3600" timestamp="2019-06-16T02:56:30.535">
  <memory-copied type="eden" objects="28" bytes="1328" bytesdiscarded="0" />
  <memory-copied type="other" objects="15160" bytes="889504" bytesdiscarded="0" />
  <memory-cardclean objects="6966" bytes="287232" />
  <regions eden="22" other="3" />
  <remembered-set-cleared processed="9800" cleared="2179" durationms="0.209" />
  <references type="soft" candidates="202" cleared="0" enqueued="0" dynamicThreshold="14" maxThreshold="32" />
  <references type="weak" candidates="1007" cleared="0" enqueued="0" />
  <stringconstants candidates="13711" cleared="0"  />
</gc-op>
<gc-op id="3604" type="classunload" timems="0.004" contextid="3600" timestamp="2019-06-16T02:56:30.535">
  <classunload-info classloadercandidates="54" classloadersunloaded="0" classesunloaded="0" anonymousclassesunloaded="0" quiescems="0.000" setupms="0.004" scanms="0.000" postms="0.000" />
</gc-op>
<heap-resize id="3605" type="contract" space="default" amount="2097152" count="1" timems="0.133" reason="excess free space following gc" timestamp="2019-06-16T02:56:30.535" />
<gc-end id="3606" type="partial gc" contextid="3600" durationms="5.600" usertimems="4.000" systemtimems="0.000" timestamp="2019-06-16T02:56:30.536" activeThreads="1">
  <mem-info id="3607" free="41943040" total="68157440" percent="61">
    <mem type="eden" free="1047248" total="1048576" percent="99" />
    <remembered-set count="14816" freebytes="2745088" totalbytes="2804352" percent="97" regionsoverflowed="0" regionsstable="0" regionsrebuilding="17"/>
  </mem-info>
</gc-end>
<cycle-end id="3608" type="partial gc" contextid="3600" timestamp="2019-06-16T02:56:30.536" />
  <attribute name="elasticGC enabled" value="1" />
  <attribute name= "numThreadsSpecified" value="1" />
  <attribute name="heapSize specified" value="0" />
  <attribute name="Current GC Util" value="77" />
  <attribute name= "Current Time Running" value="62896" />
  <attribute name ="GC Interval" value="0" />
  <attribute name="ProportionalT" value="85.500000" />
  <attribute name="ProportionalI" value="85.500000" />
  <attribute name="ProportionalH" value="85.500000" />
  <attribute name="Current Error" value="57.000000" />
  <attribute name="IntegralT" value="0.000000" />
  <attribute name="IntegralI" value="0.000000" />
  <attribute name="IntegralH" value="0.000000" />
  <attribute name="DerivativeT" value="inf" />
  <attribute name="DerivativeI" value="inf" />
  <attribute name="DerivativeH" value="inf" />
  <attribute name="Loop Time for DT" value="0.000000" />
  <attribute name="Output H" value="8388608"/>
  <attribute name="Output I" value="200"/>
  <attribute name="Output T" value="1"/>
  <attribute name="Target GC Util Change" value ="20.000000" />
  <attribute name="Current GC Util Change" value="77.000000"/>
  <attribute name="GC Util currently" value="77" />
  <attribute name="CPU Util currently" value="18156386956044" />
<exclusive-end id="3609" timestamp="2019-06-16T02:56:30.536" durationms="6.648" />

<exclusive-start id="3610" timestamp="2019-06-16T02:56:30.553" intervalms="23.388">
  <response-info timems="0.079" idlems="0.079" threads="0" lastid="0000000001916700" lastname="main" />
</exclusive-start>
<allocation-taxation id="3611" taxation-threshold="11534336" timestamp="2019-06-16T02:56:30.553" intervalms="23.439" />
<gc-start id="3612" type="global mark phase" contextid="3589" timestamp="2019-06-16T02:56:30.553">
  <mem-info id="3613" free="30408704" total="68157440" percent="44">
    <remembered-set count="14432" freebytes="2746624" totalbytes="2804352" percent="97" regionsoverflowed="0" regionsstable="0" regionsrebuilding="17"/>
  </mem-info>
</gc-start>
<gc-end id="3614" type="global mark phase" contextid="3589" durationms="0.218" usertimems="0.000" systemtimems="0.000" timestamp="2019-06-16T02:56:30.553" activeThreads="1">
  <mem-info id="3615" free="30408704" total="68157440" percent="44">
    <remembered-set count="14432" freebytes="2746624" totalbytes="2804352" percent="97" regionsoverflowed="0" regionsstable="0" regionsrebuilding="17"/>
  </mem-info>
</gc-end>
<concurrent-start id="3616" type="GMP work packet processing" contextid="3589" timestamp="2019-06-16T02:56:30.554">
  <concurrent-mark-start scanTarget="1048576" />
</concurrent-start>
<exclusive-end id="3617" timestamp="2019-06-16T02:56:30.554" durationms="1.012" />

<concurrent-end id="3618" type="GMP work packet processing" contextid="3589" timestamp="2019-06-16T02:56:30.555">
  <concurrent-mark-end bytesScanned="1112324" reasonForTermination="Work target met" />
</concurrent-end>

<exclusive-start id="3619" timestamp="2019-06-16T02:56:30.714" intervalms="161.042">
  <response-info timems="0.078" idlems="0.078" threads="0" lastid="0000000001916700" lastname="main" />
</exclusive-start>
<allocation-taxation id="3620" taxation-threshold="11534336" timestamp="2019-06-16T02:56:30.714" intervalms="161.055" />
<cycle-start id="3621" type="partial gc" contextid="0" timestamp="2019-06-16T02:56:30.714" intervalms="184.502" />
<gc-start id="3622" type="partial gc" contextid="3621" timestamp="2019-06-16T02:56:30.715">
  <mem-info id="3623" free="18874368" total="68157440" percent="27">
    <mem type="eden" free="1047248" total="24117248" percent="4" />
    <remembered-set count="25472" freebytes="2702464" totalbytes="2804352" percent="96" regionsoverflowed="0" regionsstable="0" regionsrebuilding="17"/>
  </mem-info>
</gc-start>
<allocation-stats totalBytes="22502552" >
  <allocated-bytes non-tlh="0" tlh="22502552" arrayletleaf="0"/>
  <largest-consumer threadName="main" threadId="0000000001916700" bytes="10970664" />
</allocation-stats>
<gc-op id="3624" type="copy forward" timems="2.781" contextid="3621" timestamp="2019-06-16T02:56:30.718">
  <memory-copied type="eden" objects="98" bytes="14384" bytesdiscarded="1704" />
  <memory-copied type="other" objects="0" bytes="0" bytesdiscarded="0" />
  <memory-cardclean objects="18045" bytes="691768" />
  <regions eden="22" other="1" />
  <remembered-set-cleared processed="18752" cleared="6872" durationms="0.164" />
  <stringconstants candidates="13711" cleared="0"  />
</gc-op>
<gc-op id="3625" type="classunload" timems="0.005" contextid="3621" timestamp="2019-06-16T02:56:30.719">
  <classunload-info classloadercandidates="54" classloadersunloaded="0" classesunloaded="0" anonymousclassesunloaded="0" quiescems="0.000" setupms="0.004" scanms="0.000" postms="0.000" />
</gc-op>
<heap-resize id="3626" type="contract" space="default" amount="4194304" count="1" timems="0.125" reason="insufficient time being spent in gc" timestamp="2019-06-16T02:56:30.719" />
<gc-end id="3627" type="partial gc" contextid="3621" durationms="4.506" usertimems="8.000" systemtimems="0.000" timestamp="2019-06-16T02:56:30.719" activeThreads="4">
  <mem-info id="3628" free="37748736" total="63963136" percent="59">
    <mem type="eden" free="1032488" total="1048576" percent="98" />
    <remembered-set count="19456" freebytes="2642816" totalbytes="2720640" percent="97" regionsoverflowed="0" regionsstable="0" regionsrebuilding="17"/>
  </mem-info>
</gc-end>
<cycle-end id="3629" type="partial gc" contextid="3621" timestamp="2019-06-16T02:56:30.719" />
  <attribute name="elasticGC enabled" value="1" />
  <attribute name= "numThreadsSpecified" value="4" />
  <attribute name="heapSize specified" value="0" />
  <attribute name="Current GC Util" value="48" />
  <attribute name= "Current Time Running" value="63081" />
  <attribute name ="GC Interval" value="0" />
  <attribute name="ProportionalT" value="42.000000" />
  <attribute name="ProportionalI" value="42.000000" />
  <attribute name="ProportionalH" value="42.000000" />
  <attribute name="Current Error" value="28.000000" />
  <attribute name="IntegralT" value="28.000000" />
  <attribute name="IntegralI" value="28.000000" />
  <attribute name="IntegralH" value="28.000000" />
  <attribute name="DerivativeT" value="28.000000" />
  <attribute name="DerivativeI" value="28.000000" />
  <attribute name="DerivativeH" value="28.000000" />
  <attribute name="Loop Time for DT" value="1.000000" />
  <attribute name="Output H" value="8388608"/>
  <attribute name="Output I" value="200"/>
  <attribute name="Output T" value="4"/>
  <attribute name="Target GC Util Change" value ="20.000000" />
  <attribute name="Current GC Util Change" value="48.000000"/>
  <attribute name="GC Util currently" value="48" />
  <attribute name="CPU Util currently" value="9260822714790" />
<exclusive-end id="3630" timestamp="2019-06-16T02:56:30.720" durationms="5.737" />

<exclusive-start id="3631" timestamp="2019-06-16T02:56:30.722" intervalms="8.312">
  <response-info timems="0.057" idlems="0.057" threads="0" lastid="0000000001916700" lastname="main" />
</exclusive-start>
<allocation-taxation id="3632" taxation-threshold="11534336" timestamp="2019-06-16T02:56:30.722" intervalms="8.287" />
<gc-start id="3633" type="global mark phase" contextid="3589" timestamp="2019-06-16T02:56:30.723">
  <mem-info id="3634" free="26214400" total="63963136" percent="40">
    <remembered-set count="19072" freebytes="2644352" totalbytes="2720640" percent="97" regionsoverflowed="0" regionsstable="0" regionsrebuilding="17"/>
  </mem-info>
</gc-start>
<gc-end id="3635" type="global mark phase" contextid="3589" durationms="0.129" usertimems="0.000" systemtimems="0.000" timestamp="2019-06-16T02:56:30.723" activeThreads="4">
  <mem-info id="3636" free="26214400" total="63963136" percent="40">
    <remembered-set count="19072" freebytes="2644352" totalbytes="2720640" percent="97" regionsoverflowed="0" regionsstable="0" regionsrebuilding="17"/>
  </mem-info>
</gc-end>
<concurrent-start id="3637" type="GMP work packet processing" contextid="3589" timestamp="2019-06-16T02:56:30.723">
  <concurrent-mark-start scanTarget="1195842" />
</concurrent-start>
<exclusive-end id="3638" timestamp="2019-06-16T02:56:30.724" durationms="1.522" />

<concurrent-end id="3639" type="GMP work packet processing" contextid="3589" timestamp="2019-06-16T02:56:30.724">
  <concurrent-mark-end bytesScanned="1246096" reasonForTermination="Work target met" />
</concurrent-end>

<exclusive-start id="3640" timestamp="2019-06-16T02:56:30.726" intervalms="4.098">
  <response-info timems="0.054" idlems="0.054" threads="0" lastid="0000000001916700" lastname="main" />
</exclusive-start>
<allocation-taxation id="3641" taxation-threshold="11534336" timestamp="2019-06-16T02:56:30.726" intervalms="4.080" />
<cycle-start id="3642" type="partial gc" contextid="0" timestamp="2019-06-16T02:56:30.727" intervalms="12.351" />
<gc-start id="3643" type="partial gc" contextid="3642" timestamp="2019-06-16T02:56:30.727">
  <mem-info id="3644" free="14680064" total="63963136" percent="22">
    <mem type="eden" free="0" total="23068672" percent="0" />
    <remembered-set count="30368" freebytes="2599168" totalbytes="2720640" percent="95" regionsoverflowed="0" regionsstable="0" regionsrebuilding="17"/>
  </mem-info>
</gc-start>
<allocation-stats totalBytes="21713136" >
  <allocated-bytes non-tlh="0" tlh="21713136" arrayletleaf="0"/>
  <largest-consumer threadName="main" threadId="0000000001916700" bytes="10794456" />
</allocation-stats>
<gc-op id="3645" type="copy forward" timems="2.922" contextid="3642" timestamp="2019-06-16T02:56:30.731">
  <memory-copied type="eden" objects="12" bytes="13784" bytesdiscarded="1112" />
  <memory-copied type="other" objects="86" bytes="3408" bytesdiscarded="1000" />
  <memory-cardclean objects="44969" bytes="1767664" />
  <regions eden="22" other="1" />
  <remembered-set-cleared processed="16110" cleared="7294" durationms="0.148" />
  <stringconstants candidates="13711" cleared="0"  />
</gc-op>
<gc-op id="3646" type="classunload" timems="0.005" contextid="3642" timestamp="2019-06-16T02:56:30.731">
  <classunload-info classloadercandidates="54" classloadersunloaded="0" classesunloaded="0" anonymousclassesunloaded="0" quiescems="0.000" setupms="0.005" scanms="0.000" postms="0.000" />
</gc-op>
<heap-resize id="3647" type="contract" space="default" amount="4194304" count="1" timems="0.205" reason="insufficient time being spent in gc" timestamp="2019-06-16T02:56:30.731" />
<gc-end id="3648" type="partial gc" contextid="3642" durationms="4.574" usertimems="12.000" systemtimems="0.000" timestamp="2019-06-16T02:56:30.732" activeThreads="4">
  <mem-info id="3649" free="32505856" total="59768832" percent="54">
    <mem type="eden" free="1033680" total="1048576" percent="98" />
    <remembered-set count="23040" freebytes="2461056" totalbytes="2553216" percent="96" regionsoverflowed="0" regionsstable="0" regionsrebuilding="17"/>
  </mem-info>
</gc-end>
<cycle-end id="3650" type="partial gc" contextid="3642" timestamp="2019-06-16T02:56:30.732" />
  <attribute name="elasticGC enabled" value="1" />
  <attribute name= "numThreadsSpecified" value="4" />
  <attribute name="heapSize specified" value="0" />
  <attribute name="Current GC Util" value="54" />
  <attribute name= "Current Time Running" value="63093" />
  <attribute name ="GC Interval" value="0" />
  <attribute name="ProportionalT" value="51.000000" />
  <attribute name="ProportionalI" value="51.000000" />
  <attribute name="ProportionalH" value="51.000000" />
  <attribute name="Current Error" value="34.000000" />
  <attribute name="IntegralT" value="34.000000" />
  <attribute name="IntegralI" value="34.000000" />
  <attribute name="IntegralH" value="34.000000" />
  <attribute name="DerivativeT" value="11.000000" />
  <attribute name="DerivativeI" value="11.000000" />
  <attribute name="DerivativeH" value="11.000000" />
  <attribute name="Loop Time for DT" value="1.000000" />
  <attribute name="Output H" value="8388608"/>
  <attribute name="Output I" value="200"/>
  <attribute name="Output T" value="4"/>
  <attribute name="Target GC Util Change" value ="20.000000" />
  <attribute name="Current GC Util Change" value="54.000000"/>
  <attribute name="GC Util currently" value="54" />
  <attribute name="CPU Util currently" value="9861974226291" />
<exclusive-end id="3651" timestamp="2019-06-16T02:56:30.732" durationms="5.777" />

<exclusive-start id="3652" timestamp="2019-06-16T02:56:30.734" intervalms="8.199">
  <response-info timems="0.066" idlems="0.066" threads="0" lastid="0000000001916700" lastname="main" />
</exclusive-start>
<allocation-taxation id="3653" taxation-threshold="10485760" timestamp="2019-06-16T02:56:30.735" intervalms="8.249" />
<gc-start id="3654" type="global mark phase" contextid="3589" timestamp="2019-06-16T02:56:30.735">
  <mem-info id="3655" free="22020096" total="59768832" percent="36">
    <remembered-set count="22560" freebytes="2462976" totalbytes="2553216" percent="96" regionsoverflowed="0" regionsstable="0" regionsrebuilding="17"/>
  </mem-info>
</gc-start>
<gc-end id="3656" type="global mark phase" contextid="3589" durationms="0.212" usertimems="0.000" systemtimems="0.000" timestamp="2019-06-16T02:56:30.735" activeThreads="4">
  <mem-info id="3657" free="22020096" total="59768832" percent="36">
    <remembered-set count="22560" freebytes="2462976" totalbytes="2553216" percent="96" regionsoverflowed="0" regionsstable="0" regionsrebuilding="17"/>
  </mem-info>
</gc-end>
<concurrent-start id="3658" type="GMP work packet processing" contextid="3589" timestamp="2019-06-16T02:56:30.735">
  <concurrent-mark-start scanTarget="1195842" />
</concurrent-start>
<exclusive-end id="3659" timestamp="2019-06-16T02:56:30.735" durationms="1.050" />

<concurrent-end id="3660" type="GMP work packet processing" contextid="3589" timestamp="2019-06-16T02:56:30.736">
  <concurrent-mark-end bytesScanned="1253412" reasonForTermination="Work target met" />
</concurrent-end>

<exclusive-start id="3661" timestamp="2019-06-16T02:56:30.738" intervalms="3.919">
  <response-info timems="0.058" idlems="0.058" threads="0" lastid="0000000001916700" lastname="main" />
</exclusive-start>
<allocation-taxation id="3662" taxation-threshold="10485760" timestamp="2019-06-16T02:56:30.738" intervalms="3.850" />
<cycle-start id="3663" type="partial gc" contextid="0" timestamp="2019-06-16T02:56:30.739" intervalms="12.118" />
<gc-start id="3664" type="partial gc" contextid="3663" timestamp="2019-06-16T02:56:30.739">
  <mem-info id="3665" free="11534336" total="59768832" percent="19">
    <mem type="eden" free="1033680" total="22020096" percent="4" />
    <remembered-set count="32640" freebytes="2422656" totalbytes="2553216" percent="94" regionsoverflowed="0" regionsstable="0" regionsrebuilding="17"/>
  </mem-info>
</gc-start>
<allocation-stats totalBytes="19625488" >
  <allocated-bytes non-tlh="0" tlh="19625488" arrayletleaf="0"/>
  <largest-consumer threadName="main" threadId="0000000001916700" bytes="9814120" />
</allocation-stats>
<gc-op id="3666" type="copy forward" timems="6.458" contextid="3663" timestamp="2019-06-16T02:56:30.747">
  <memory-copied type="eden" objects="10" bytes="18216" bytesdiscarded="0" />
  <memory-copied type="other" objects="0" bytes="0" bytesdiscarded="0" />
  <memory-cardclean objects="65306" bytes="2427392" />
  <regions eden="20" other="1" />
  <remembered-set-cleared processed="15392" cleared="8392" durationms="0.278" />
  <stringconstants candidates="13711" cleared="0"  />
</gc-op>
<gc-op id="3667" type="classunload" timems="0.004" contextid="3663" timestamp="2019-06-16T02:56:30.747">
  <classunload-info classloadercandidates="54" classloadersunloaded="0" classesunloaded="0" anonymousclassesunloaded="0" quiescems="0.000" setupms="0.004" scanms="0.000" postms="0.000" />
</gc-op>
<heap-resize id="3668" type="expand" space="default" amount="8388608" count="1" timems="0.073" reason="excessive time being spent in gc" timestamp="2019-06-16T02:56:30.747" />
<gc-end id="3669" type="partial gc" contextid="3663" durationms="8.195" usertimems="8.000" systemtimems="0.000" timestamp="2019-06-16T02:56:30.747" activeThreads="1">
  <mem-info id="3670" free="40894464" total="68157440" percent="60">
    <mem type="eden" free="1030360" total="1048576" percent="98" />
    <remembered-set count="23968" freebytes="2624768" totalbytes="2720640" percent="96" regionsoverflowed="0" regionsstable="0" regionsrebuilding="17"/>
  </mem-info>
</gc-end>
<cycle-end id="3671" type="partial gc" contextid="3663" timestamp="2019-06-16T02:56:30.747" />
  <attribute name="elasticGC enabled" value="1" />
  <attribute name= "numThreadsSpecified" value="1" />
  <attribute name="heapSize specified" value="0" />
  <attribute name="Current GC Util" value="63" />
  <attribute name= "Current Time Running" value="63105" />
  <attribute name ="GC Interval" value="0" />
  <attribute name="ProportionalT" value="64.500000" />
  <attribute name="ProportionalI" value="64.500000" />
  <attribute name="ProportionalH" value="64.500000" />
  <attribute name="Current Error" value="43.000000" />
  <attribute name="IntegralT" value="0.000000" />
  <attribute name="IntegralI" value="0.000000" />
  <attribute name="IntegralH" value="0.000000" />
  <attribute name="DerivativeT" value="inf" />
  <attribute name="DerivativeI" value="inf" />
  <attribute name="DerivativeH" value="inf" />
  <attribute name="Loop Time for DT" value="0.000000" />
  <attribute name="Output H" value="8388608"/>
  <attribute name="Output I" value="200"/>
  <attribute name="Output T" value="1"/>
  <attribute name="Target GC Util Change" value ="20.000000" />
  <attribute name="Current GC Util Change" value="63.000000"/>
  <attribute name="GC Util currently" value="63" />
  <attribute name="CPU Util currently" value="9591812654324" />
<exclusive-end id="3672" timestamp="2019-06-16T02:56:30.748" durationms="9.464" />

<exclusive-start id="3673" timestamp="2019-06-16T02:56:30.750" intervalms="12.096">
  <response-info timems="0.055" idlems="0.055" threads="0" lastid="0000000001916700" lastname="main" />
</exclusive-start>
<allocation-taxation id="3674" taxation-threshold="11534336" timestamp="2019-06-16T02:56:30.751" intervalms="12.168" />
<gc-start id="3675" type="global mark phase" contextid="3589" timestamp="2019-06-16T02:56:30.751">
  <mem-info id="3676" free="29360128" total="68157440" percent="43">
    <remembered-set count="23552" freebytes="2626432" totalbytes="2720640" percent="96" regionsoverflowed="0" regionsstable="0" regionsrebuilding="17"/>
  </mem-info>
</gc-start>
<gc-end id="3677" type="global mark phase" contextid="3589" durationms="0.206" usertimems="0.000" systemtimems="0.000" timestamp="2019-06-16T02:56:30.751" activeThreads="1">
  <mem-info id="3678" free="29360128" total="68157440" percent="43">
    <remembered-set count="23552" freebytes="2626432" totalbytes="2720640" percent="96" regionsoverflowed="0" regionsstable="0" regionsrebuilding="17"/>
  </mem-info>
</gc-end>
<concurrent-start id="3679" type="GMP work packet processing" contextid="3589" timestamp="2019-06-16T02:56:30.751">
  <concurrent-mark-start scanTarget="1793763" />
</concurrent-start>
<exclusive-end id="3680" timestamp="2019-06-16T02:56:30.753" durationms="2.158" />

<concurrent-end id="3681" type="GMP work packet processing" contextid="3589" timestamp="2019-06-16T02:56:30.753">
  <concurrent-mark-end bytesScanned="1832980" reasonForTermination="Work target met" />
</concurrent-end>

<exclusive-start id="3682" timestamp="2019-06-16T02:56:30.782" intervalms="31.965">
  <response-info timems="0.064" idlems="0.064" threads="0" lastid="0000000001916700" lastname="main" />
</exclusive-start>
<allocation-taxation id="3683" taxation-threshold="11534336" timestamp="2019-06-16T02:56:30.783" intervalms="31.965" />
<cycle-start id="3684" type="partial gc" contextid="0" timestamp="2019-06-16T02:56:30.783" intervalms="44.200" />
<gc-start id="3685" type="partial gc" contextid="3684" timestamp="2019-06-16T02:56:30.783">
  <mem-info id="3686" free="17825792" total="68157440" percent="26">
    <mem type="eden" free="1030360" total="24117248" percent="4" />
    <remembered-set count="38528" freebytes="2566528" totalbytes="2720640" percent="94" regionsoverflowed="0" regionsstable="0" regionsrebuilding="17"/>
  </mem-info>
</gc-start>
<allocation-stats totalBytes="22438592" >
  <allocated-bytes non-tlh="0" tlh="22438592" arrayletleaf="0"/>
  <largest-consumer threadName="main" threadId="0000000001916700" bytes="11533592" />
</allocation-stats>
<gc-op id="3687" type="copy forward" timems="1.632" contextid="3684" timestamp="2019-06-16T02:56:30.786">
  <memory-copied type="eden" objects="139" bytes="47312" bytesdiscarded="0" />
  <memory-copied type="other" objects="0" bytes="0" bytesdiscarded="0" />
  <memory-cardclean objects="82" bytes="2256" />
  <regions eden="22" other="1" />
  <remembered-set-cleared processed="36188" cleared="36" durationms="0.361" />
  <stringconstants candidates="13711" cleared="0"  />
</gc-op>
<gc-op id="3688" type="classunload" timems="0.004" contextid="3684" timestamp="2019-06-16T02:56:30.786">
  <classunload-info classloadercandidates="54" classloadersunloaded="0" classesunloaded="0" anonymousclassesunloaded="0" quiescems="0.000" setupms="0.004" scanms="0.000" postms="0.000" />
</gc-op>
<gc-end id="3689" type="partial gc" contextid="3684" durationms="2.982" usertimems="0.000" systemtimems="4.000" timestamp="2019-06-16T02:56:30.786" activeThreads="1">
  <mem-info id="3690" free="40894464" total="68157440" percent="60">
    <mem type="eden" free="1001264" total="1048576" percent="95" />
    <remembered-set count="38944" freebytes="2564864" totalbytes="2720640" percent="94" regionsoverflowed="0" regionsstable="0" regionsrebuilding="17"/>
  </mem-info>
</gc-end>
<cycle-end id="3691" type="partial gc" contextid="3684" timestamp="2019-06-16T02:56:30.787" />
  <attribute name="elasticGC enabled" value="1" />
  <attribute name= "numThreadsSpecified" value="1" />
  <attribute name="heapSize specified" value="0" />
  <attribute name="Current GC Util" value="76" />
  <attribute name= "Current Time Running" value="63149" />
  <attribute name ="GC Interval" value="0" />
  <attribute name="ProportionalT" value="84.000000" />
  <attribute name="ProportionalI" value="84.000000" />
  <attribute name="ProportionalH" value="84.000000" />
  <attribute name="Current Error" value="56.000000" />
  <attribute name="IntegralT" value="0.000000" />
  <attribute name="IntegralI" value="0.000000" />
  <attribute name="IntegralH" value="0.000000" />
  <attribute name="DerivativeT" value="inf" />
  <attribute name="DerivativeI" value="inf" />
  <attribute name="DerivativeH" value="inf" />
  <attribute name="Loop Time for DT" value="0.000000" />
  <attribute name="Output H" value="8388608"/>
  <attribute name="Output I" value="200"/>
  <attribute name="Output T" value="1"/>
  <attribute name="Target GC Util Change" value ="20.000000" />
  <attribute name="Current GC Util Change" value="76.000000"/>
  <attribute name="GC Util currently" value="76" />
  <attribute name="CPU Util currently" value="15664321748638" />
<exclusive-end id="3692" timestamp="2019-06-16T02:56:30.787" durationms="4.496" />

<exclusive-start id="3693" timestamp="2019-06-16T02:56:30.886" intervalms="103.307">
  <response-info timems="0.076" idlems="0.076" threads="0" lastid="0000000001916700" lastname="main" />
</exclusive-start>
<allocation-taxation id="3694" taxation-threshold="11534336" timestamp="2019-06-16T02:56:30.886" intervalms="103.265" />
<gc-start id="3695" type="global mark phase" contextid="3589" timestamp="2019-06-16T02:56:30.886">
  <mem-info id="3696" free="29360128" total="68157440" percent="43">
    <remembered-set count="38592" freebytes="2566272" totalbytes="2720640" percent="94" regionsoverflowed="0" regionsstable="0" regionsrebuilding="17"/>
  </mem-info>
</gc-start>
<gc-end id="3697" type="global mark phase" contextid="3589" durationms="0.136" usertimems="0.000" systemtimems="0.000" timestamp="2019-06-16T02:56:30.886" activeThreads="1">
  <mem-info id="3698" free="29360128" total="68157440" percent="43">
    <remembered-set count="38592" freebytes="2566272" totalbytes="2720640" percent="94" regionsoverflowed="0" regionsstable="0" regionsrebuilding="17"/>
  </mem-info>
</gc-end>
<concurrent-start id="3699" type="GMP work packet processing" contextid="3589" timestamp="2019-06-16T02:56:30.886">
  <concurrent-mark-start scanTarget="1048576" />
</concurrent-start>
<exclusive-end id="3700" timestamp="2019-06-16T02:56:30.886" durationms="0.832" />

<concurrent-end id="3701" type="GMP work packet processing" contextid="3589" timestamp="2019-06-16T02:56:30.887">
  <concurrent-mark-end bytesScanned="1086432" reasonForTermination="Work target met" />
</concurrent-end>

<exclusive-start id="3702" timestamp="2019-06-16T02:56:30.895" intervalms="8.851">
  <response-info timems="0.067" idlems="0.067" threads="0" lastid="0000000001916700" lastname="main" />
</exclusive-start>
<allocation-taxation id="3703" taxation-threshold="11534336" timestamp="2019-06-16T02:56:30.895" intervalms="8.812" />
<cycle-start id="3704" type="partial gc" contextid="0" timestamp="2019-06-16T02:56:30.895" intervalms="111.995" />
<gc-start id="3705" type="partial gc" contextid="3704" timestamp="2019-06-16T02:56:30.895">
  <mem-info id="3706" free="17825792" total="68157440" percent="26">
    <mem type="eden" free="0" total="23068672" percent="0" />
    <remembered-set count="47680" freebytes="2529920" totalbytes="2720640" percent="92" regionsoverflowed="0" regionsstable="0" regionsrebuilding="17"/>
  </mem-info>
</gc-start>
<allocation-stats totalBytes="23066480" >
  <allocated-bytes non-tlh="0" tlh="23066480" arrayletleaf="0"/>
  <largest-consumer threadName="main" threadId="0000000001916700" bytes="11532864" />
</allocation-stats>
<gc-op id="3707" type="copy forward" timems="1.516" contextid="3704" timestamp="2019-06-16T02:56:30.897">
  <memory-copied type="eden" objects="35" bytes="1048" bytesdiscarded="0" />
  <memory-copied type="other" objects="14" bytes="40120" bytesdiscarded="0" />
  <memory-cardclean objects="115" bytes="3088" />
  <regions eden="22" other="1" />
  <remembered-set-cleared processed="45555" cleared="48" durationms="0.394" />
  <stringconstants candidates="13711" cleared="0"  />
</gc-op>
<gc-op id="3708" type="classunload" timems="0.004" contextid="3704" timestamp="2019-06-16T02:56:30.898">
  <classunload-info classloadercandidates="54" classloadersunloaded="0" classesunloaded="0" anonymousclassesunloaded="0" quiescems="0.000" setupms="0.004" scanms="0.000" postms="0.000" />
</gc-op>
<heap-resize id="3709" type="contract" space="default" amount="4194304" count="1" timems="0.062" reason="insufficient time being spent in gc" timestamp="2019-06-16T02:56:30.898" />
<gc-end id="3710" type="partial gc" contextid="3704" durationms="2.889" usertimems="4.000" systemtimems="0.000" timestamp="2019-06-16T02:56:30.898" activeThreads="1">
  <mem-info id="3711" free="35651584" total="63963136" percent="55">
    <mem type="eden" free="1047528" total="1048576" percent="99" />
    <remembered-set count="48096" freebytes="2528256" totalbytes="2720640" percent="92" regionsoverflowed="0" regionsstable="0" regionsrebuilding="17"/>
  </mem-info>
</gc-end>
<cycle-end id="3712" type="partial gc" contextid="3704" timestamp="2019-06-16T02:56:30.898" />
  <attribute name="elasticGC enabled" value="1" />
  <attribute name= "numThreadsSpecified" value="1" />
  <attribute name="heapSize specified" value="0" />
  <attribute name="Current GC Util" value="55" />
  <attribute name= "Current Time Running" value="63261" />
  <attribute name ="GC Interval" value="0" />
  <attribute name="ProportionalT" value="52.500000" />
  <attribute name="ProportionalI" value="52.500000" />
  <attribute name="ProportionalH" value="52.500000" />
  <attribute name="Current Error" value="35.000000" />
  <attribute name="IntegralT" value="0.000000" />
  <attribute name="IntegralI" value="0.000000" />
  <attribute name="IntegralH" value="0.000000" />
  <attribute name="DerivativeT" value="inf" />
  <attribute name="DerivativeI" value="inf" />
  <attribute name="DerivativeH" value="inf" />
  <attribute name="Loop Time for DT" value="0.000000" />
  <attribute name="Output H" value="8388608"/>
  <attribute name="Output I" value="200"/>
  <attribute name="Output T" value="1"/>
  <attribute name="Target GC Util Change" value ="20.000000" />
  <attribute name="Current GC Util Change" value="55.000000"/>
  <attribute name="GC Util currently" value="55" />
  <attribute name="CPU Util currently" value="20222435508917" />
<exclusive-end id="3713" timestamp="2019-06-16T02:56:30.898" durationms="3.919" />

<exclusive-start id="3714" timestamp="2019-06-16T02:56:30.906" intervalms="11.618">
  <response-info timems="0.082" idlems="0.082" threads="0" lastid="0000000001916700" lastname="main" />
</exclusive-start>
<allocation-taxation id="3715" taxation-threshold="11534336" timestamp="2019-06-16T02:56:30.906" intervalms="11.653" />
<gc-start id="3716" type="global mark phase" contextid="3589" timestamp="2019-06-16T02:56:30.907">
  <mem-info id="3717" free="24117248" total="63963136" percent="37">
    <remembered-set count="47712" freebytes="2529792" totalbytes="2720640" percent="92" regionsoverflowed="0" regionsstable="0" regionsrebuilding="17"/>
  </mem-info>
</gc-start>
<gc-end id="3718" type="global mark phase" contextid="3589" durationms="0.201" usertimems="0.000" systemtimems="0.000" timestamp="2019-06-16T02:56:30.907" activeThreads="1">
  <mem-info id="3719" free="24117248" total="63963136" percent="37">
    <remembered-set count="47712" freebytes="2529792" totalbytes="2720640" percent="92" regionsoverflowed="0" regionsstable="0" regionsrebuilding="17"/>
  </mem-info>
</gc-end>
<concurrent-start id="3720" type="GMP work packet processing" contextid="3589" timestamp="2019-06-16T02:56:30.907">
  <concurrent-mark-start scanTarget="1048576" />
</concurrent-start>
<concurrent-end id="3722" type="GMP work packet processing" contextid="3589" timestamp="2019-06-16T02:56:30.908">
  <concurrent-mark-end bytesScanned="1090884" reasonForTermination="Work target met" />
</concurrent-end>

<exclusive-end id="3721" timestamp="2019-06-16T02:56:30.908" durationms="1.599" />

<exclusive-start id="3723" timestamp="2019-06-16T02:56:30.915" intervalms="9.225">
  <response-info timems="0.070" idlems="0.070" threads="0" lastid="0000000001916700" lastname="main" />
</exclusive-start>
<allocation-taxation id="3724" taxation-threshold="11534336" timestamp="2019-06-16T02:56:30.916" intervalms="9.207" />
<cycle-start id="3725" type="partial gc" contextid="0" timestamp="2019-06-16T02:56:30.916" intervalms="20.853" />
<gc-start id="3726" type="partial gc" contextid="3725" timestamp="2019-06-16T02:56:30.916">
  <mem-info id="3727" free="12582912" total="63963136" percent="19">
    <mem type="eden" free="0" total="23068672" percent="0" />
    <remembered-set count="59136" freebytes="2484096" totalbytes="2720640" percent="91" regionsoverflowed="0" regionsstable="0" regionsrebuilding="17"/>
  </mem-info>
</gc-start>
<allocation-stats totalBytes="23065720" >
  <allocated-bytes non-tlh="0" tlh="23065720" arrayletleaf="0"/>
  <largest-consumer threadName="main" threadId="0000000001916700" bytes="11533008" />
</allocation-stats>
<gc-op id="3728" type="copy forward" timems="6.296" contextid="3725" timestamp="2019-06-16T02:56:30.923">
  <memory-copied type="eden" objects="3" bytes="128" bytesdiscarded="0" />
  <memory-copied type="other" objects="34" bytes="1024" bytesdiscarded="0" />
  <memory-cardclean objects="109634" bytes="3484400" />
  <regions eden="22" other="1" />
  <remembered-set-cleared processed="23391" cleared="4022" durationms="0.324" />
  <stringconstants candidates="13711" cleared="0"  />
</gc-op>
<gc-op id="3729" type="classunload" timems="0.003" contextid="3725" timestamp="2019-06-16T02:56:30.924">
  <classunload-info classloadercandidates="54" classloadersunloaded="0" classesunloaded="0" anonymousclassesunloaded="0" quiescems="0.000" setupms="0.003" scanms="0.000" postms="0.000" />
</gc-op>
<heap-resize id="3730" type="expand" space="default" amount="9437184" count="1" timems="0.082" reason="excessive time being spent in gc" timestamp="2019-06-16T02:56:30.924" />
<gc-end id="3731" type="partial gc" contextid="3725" durationms="7.956" usertimems="4.000" systemtimems="4.000" timestamp="2019-06-16T02:56:30.924" activeThreads="1">
  <mem-info id="3732" free="44040192" total="73400320" percent="60">
    <mem type="eden" free="1048448" total="1048576" percent="99" />
    <remembered-set count="35904" freebytes="2786304" totalbytes="2929920" percent="95" regionsoverflowed="0" regionsstable="0" regionsrebuilding="17"/>
  </mem-info>
</gc-end>
<cycle-end id="3733" type="partial gc" contextid="3725" timestamp="2019-06-16T02:56:30.924" />
  <attribute name="elasticGC enabled" value="1" />
  <attribute name= "numThreadsSpecified" value="1" />
  <attribute name="heapSize specified" value="0" />
  <attribute name="Current GC Util" value="53" />
  <attribute name= "Current Time Running" value="63282" />
  <attribute name ="GC Interval" value="0" />
  <attribute name="ProportionalT" value="49.500000" />
  <attribute name="ProportionalI" value="49.500000" />
  <attribute name="ProportionalH" value="49.500000" />
  <attribute name="Current Error" value="33.000000" />
  <attribute name="IntegralT" value="0.000000" />
  <attribute name="IntegralI" value="0.000000" />
  <attribute name="IntegralH" value="0.000000" />
  <attribute name="DerivativeT" value="inf" />
  <attribute name="DerivativeI" value="inf" />
  <attribute name="DerivativeH" value="inf" />
  <attribute name="Loop Time for DT" value="0.000000" />
  <attribute name="Output H" value="8388608"/>
  <attribute name="Output I" value="200"/>
  <attribute name="Output T" value="1"/>
  <attribute name="Target GC Util Change" value ="20.000000" />
  <attribute name="Current GC Util Change" value="53.000000"/>
  <attribute name="GC Util currently" value="53" />
  <attribute name="CPU Util currently" value="9219555049859" />
<exclusive-end id="3734" timestamp="2019-06-16T02:56:30.924" durationms="9.085" />

<exclusive-start id="3735" timestamp="2019-06-16T02:56:30.933" intervalms="17.161">
  <response-info timems="0.080" idlems="0.080" threads="0" lastid="0000000001916700" lastname="main" />
</exclusive-start>
<allocation-taxation id="3736" taxation-threshold="12582912" timestamp="2019-06-16T02:56:30.933" intervalms="17.212" />
<gc-start id="3737" type="global mark phase" contextid="3589" timestamp="2019-06-16T02:56:30.933">
  <mem-info id="3738" free="31457280" total="73400320" percent="42">
    <remembered-set count="35520" freebytes="2787840" totalbytes="2929920" percent="95" regionsoverflowed="0" regionsstable="0" regionsrebuilding="17"/>
  </mem-info>
</gc-start>
<gc-end id="3739" type="global mark phase" contextid="3589" durationms="0.214" usertimems="0.000" systemtimems="0.000" timestamp="2019-06-16T02:56:30.933" activeThreads="1">
  <mem-info id="3740" free="31457280" total="73400320" percent="42">
    <remembered-set count="35520" freebytes="2787840" totalbytes="2929920" percent="95" regionsoverflowed="0" regionsstable="0" regionsrebuilding="17"/>
  </mem-info>
</gc-end>
<concurrent-start id="3741" type="GMP work packet processing" contextid="3589" timestamp="2019-06-16T02:56:30.933">
  <concurrent-mark-start scanTarget="1048576" />
</concurrent-start>
<exclusive-end id="3742" timestamp="2019-06-16T02:56:30.934" durationms="1.720" />

<concurrent-end id="3743" type="GMP work packet processing" contextid="3589" timestamp="2019-06-16T02:56:30.934">
  <concurrent-mark-end bytesScanned="1103704" reasonForTermination="Work target met" />
</concurrent-end>

<exclusive-start id="3744" timestamp="2019-06-16T02:56:30.946" intervalms="13.461">
  <response-info timems="0.080" idlems="0.080" threads="0" lastid="0000000001916700" lastname="main" />
</exclusive-start>
<allocation-taxation id="3745" taxation-threshold="12582912" timestamp="2019-06-16T02:56:30.946" intervalms="13.455" />
<cycle-start id="3746" type="partial gc" contextid="0" timestamp="2019-06-16T02:56:30.946" intervalms="30.711" />
<gc-start id="3747" type="partial gc" contextid="3746" timestamp="2019-06-16T02:56:30.947">
  <mem-info id="3748" free="18874368" total="73400320" percent="25">
    <mem type="eden" free="1048448" total="26214400" percent="3" />
    <remembered-set count="45760" freebytes="2746880" totalbytes="2929920" percent="93" regionsoverflowed="0" regionsstable="0" regionsrebuilding="17"/>
  </mem-info>
</gc-start>
<allocation-stats totalBytes="25162064" >
  <allocated-bytes non-tlh="0" tlh="25162064" arrayletleaf="0"/>
  <largest-consumer threadName="main" threadId="0000000001916700" bytes="12580752" />
</allocation-stats>
<gc-op id="3749" type="copy forward" timems="1.684" contextid="3746" timestamp="2019-06-16T02:56:30.949">
  <memory-copied type="eden" objects="45" bytes="1456" bytesdiscarded="680" />
  <memory-copied type="other" objects="0" bytes="0" bytesdiscarded="0" />
  <memory-cardclean objects="74" bytes="2184" />
  <regions eden="24" other="1" />
  <remembered-set-cleared processed="43462" cleared="28" durationms="0.204" />
  <stringconstants candidates="13711" cleared="0"  />
</gc-op>
<gc-op id="3750" type="classunload" timems="0.004" contextid="3746" timestamp="2019-06-16T02:56:30.949">
  <classunload-info classloadercandidates="54" classloadersunloaded="0" classesunloaded="0" anonymousclassesunloaded="0" quiescems="0.000" setupms="0.004" scanms="0.000" postms="0.000" />
</gc-op>
<gc-end id="3751" type="partial gc" contextid="3746" durationms="2.824" usertimems="4.000" systemtimems="0.000" timestamp="2019-06-16T02:56:30.950" activeThreads="4">
  <mem-info id="3752" free="44040192" total="73400320" percent="60">
    <mem type="eden" free="1046440" total="1048576" percent="99" />
    <remembered-set count="45792" freebytes="2746752" totalbytes="2929920" percent="93" regionsoverflowed="0" regionsstable="0" regionsrebuilding="17"/>
  </mem-info>
</gc-end>
<cycle-end id="3753" type="partial gc" contextid="3746" timestamp="2019-06-16T02:56:30.950" />
  <attribute name="elasticGC enabled" value="1" />
  <attribute name= "numThreadsSpecified" value="4" />
  <attribute name="heapSize specified" value="0" />
  <attribute name="Current GC Util" value="66" />
  <attribute name= "Current Time Running" value="63313" />
  <attribute name ="GC Interval" value="0" />
  <attribute name="ProportionalT" value="69.000000" />
  <attribute name="ProportionalI" value="69.000000" />
  <attribute name="ProportionalH" value="69.000000" />
  <attribute name="Current Error" value="46.000000" />
  <attribute name="IntegralT" value="46.000000" />
  <attribute name="IntegralI" value="46.000000" />
  <attribute name="IntegralH" value="46.000000" />
  <attribute name="DerivativeT" value="46.000000" />
  <attribute name="DerivativeI" value="46.000000" />
  <attribute name="DerivativeH" value="46.000000" />
  <attribute name="Loop Time for DT" value="1.000000" />
  <attribute name="Output H" value="8388608"/>
  <attribute name="Output I" value="200"/>
  <attribute name="Output T" value="4"/>
  <attribute name="Target GC Util Change" value ="20.000000" />
  <attribute name="Current GC Util Change" value="66.000000"/>
  <attribute name="GC Util currently" value="66" />
  <attribute name="CPU Util currently" value="17463612368454" />
<exclusive-end id="3754" timestamp="2019-06-16T02:56:30.950" durationms="4.002" />

<exclusive-start id="3755" timestamp="2019-06-16T02:56:30.962" intervalms="15.954">
  <response-info timems="0.093" idlems="0.093" threads="0" lastid="0000000001916700" lastname="main" />
</exclusive-start>
<allocation-taxation id="3756" taxation-threshold="12582912" timestamp="2019-06-16T02:56:30.962" intervalms="15.952" />
<gc-start id="3757" type="global mark phase" contextid="3589" timestamp="2019-06-16T02:56:30.962">
  <mem-info id="3758" free="31457280" total="73400320" percent="42">
    <remembered-set count="45344" freebytes="2748544" totalbytes="2929920" percent="93" regionsoverflowed="0" regionsstable="0" regionsrebuilding="17"/>
  </mem-info>
</gc-start>
<gc-end id="3759" type="global mark phase" contextid="3589" durationms="0.220" usertimems="0.000" systemtimems="0.000" timestamp="2019-06-16T02:56:30.963" activeThreads="4">
  <mem-info id="3760" free="31457280" total="73400320" percent="42">
    <remembered-set count="45344" freebytes="2748544" totalbytes="2929920" percent="93" regionsoverflowed="0" regionsstable="0" regionsrebuilding="17"/>
  </mem-info>
</gc-end>
<concurrent-start id="3761" type="GMP work packet processing" contextid="3589" timestamp="2019-06-16T02:56:30.963">
  <concurrent-mark-start scanTarget="1195842" />
</concurrent-start>
<exclusive-end id="3762" timestamp="2019-06-16T02:56:30.964" durationms="1.688" />

<concurrent-end id="3763" type="GMP work packet processing" contextid="3589" timestamp="2019-06-16T02:56:30.964">
  <concurrent-mark-end bytesScanned="1242732" reasonForTermination="Work target met" />
</concurrent-end>

<exclusive-start id="3764" timestamp="2019-06-16T02:56:30.975" intervalms="12.811">
  <response-info timems="0.079" idlems="0.079" threads="0" lastid="0000000001916700" lastname="main" />
</exclusive-start>
<allocation-taxation id="3765" taxation-threshold="12582912" timestamp="2019-06-16T02:56:30.975" intervalms="12.772" />
<cycle-start id="3766" type="partial gc" contextid="0" timestamp="2019-06-16T02:56:30.975" intervalms="28.681" />
<gc-start id="3767" type="partial gc" contextid="3766" timestamp="2019-06-16T02:56:30.975">
  <mem-info id="3768" free="18874368" total="73400320" percent="25">
    <mem type="eden" free="0" total="25165824" percent="0" />
    <remembered-set count="57888" freebytes="2698368" totalbytes="2929920" percent="92" regionsoverflowed="0" regionsstable="0" regionsrebuilding="17"/>
  </mem-info>
</gc-start>
<allocation-stats totalBytes="25160512" >
  <allocated-bytes non-tlh="0" tlh="25160512" arrayletleaf="0"/>
  <largest-consumer threadName="main" threadId="0000000001916700" bytes="12580144" />
</allocation-stats>
<gc-op id="3769" type="copy forward" timems="1.483" contextid="3766" timestamp="2019-06-16T02:56:30.978">
  <memory-copied type="eden" objects="37" bytes="1472" bytesdiscarded="0" />
  <memory-copied type="other" objects="7" bytes="160" bytesdiscarded="0" />
  <memory-cardclean objects="88" bytes="2552" />
  <regions eden="24" other="1" />
  <remembered-set-cleared processed="55265" cleared="47" durationms="0.419" />
  <stringconstants candidates="13711" cleared="0"  />
</gc-op>
<gc-op id="3770" type="classunload" timems="0.004" contextid="3766" timestamp="2019-06-16T02:56:30.978">
  <classunload-info classloadercandidates="54" classloadersunloaded="0" classesunloaded="0" anonymousclassesunloaded="0" quiescems="0.000" setupms="0.003" scanms="0.000" postms="0.000" />
</gc-op>
<heap-resize id="3771" type="expand" space="default" amount="3145728" count="1" timems="0.066" reason="excessive time being spent in gc" timestamp="2019-06-16T02:56:30.978" />
<gc-end id="3772" type="partial gc" contextid="3766" durationms="2.979" usertimems="0.000" systemtimems="0.000" timestamp="2019-06-16T02:56:30.978" activeThreads="1">
  <mem-info id="3773" free="46137344" total="76546048" percent="60">
    <mem type="eden" free="1047104" total="1048576" percent="99" />
    <remembered-set count="58304" freebytes="2822272" totalbytes="3055488" percent="92" regionsoverflowed="0" regionsstable="0" regionsrebuilding="17"/>
  </mem-info>
</gc-end>
<cycle-end id="3774" type="partial gc" contextid="3766" timestamp="2019-06-16T02:56:30.979" />
  <attribute name="elasticGC enabled" value="1" />
  <attribute name= "numThreadsSpecified" value="1" />
  <attribute name="heapSize specified" value="0" />
  <attribute name="Current GC Util" value="71" />
  <attribute name= "Current Time Running" value="63341" />
  <attribute name ="GC Interval" value="0" />
  <attribute name="ProportionalT" value="76.500000" />
  <attribute name="ProportionalI" value="76.500000" />
  <attribute name="ProportionalH" value="76.500000" />
  <attribute name="Current Error" value="51.000000" />
  <attribute name="IntegralT" value="0.000000" />
  <attribute name="IntegralI" value="0.000000" />
  <attribute name="IntegralH" value="0.000000" />
  <attribute name="DerivativeT" value="inf" />
  <attribute name="DerivativeI" value="inf" />
  <attribute name="DerivativeH" value="inf" />
  <attribute name="Loop Time for DT" value="0.000000" />
  <attribute name="Output H" value="8388608"/>
  <attribute name="Output I" value="200"/>
  <attribute name="Output T" value="1"/>
  <attribute name="Target GC Util Change" value ="20.000000" />
  <attribute name="Current GC Util Change" value="71.000000"/>
  <attribute name="GC Util currently" value="71" />
  <attribute name="CPU Util currently" value="18598207693154" />
<exclusive-end id="3775" timestamp="2019-06-16T02:56:30.979" durationms="4.108" />

<exclusive-start id="3776" timestamp="2019-06-16T02:56:30.988" intervalms="13.587">
  <response-info timems="0.081" idlems="0.081" threads="0" lastid="0000000001916700" lastname="main" />
</exclusive-start>
<allocation-taxation id="3777" taxation-threshold="12582912" timestamp="2019-06-16T02:56:30.989" intervalms="13.631" />
<gc-start id="3778" type="global mark phase" contextid="3589" timestamp="2019-06-16T02:56:30.989">
  <mem-info id="3779" free="33554432" total="76546048" percent="43">
    <remembered-set count="57856" freebytes="2824064" totalbytes="3055488" percent="92" regionsoverflowed="0" regionsstable="0" regionsrebuilding="17"/>
  </mem-info>
</gc-start>
<gc-end id="3780" type="global mark phase" contextid="3589" durationms="0.213" usertimems="0.000" systemtimems="0.000" timestamp="2019-06-16T02:56:30.989" activeThreads="1">
  <mem-info id="3781" free="33554432" total="76546048" percent="43">
    <remembered-set count="57856" freebytes="2824064" totalbytes="3055488" percent="92" regionsoverflowed="0" regionsstable="0" regionsrebuilding="17"/>
  </mem-info>
</gc-end>
<concurrent-start id="3782" type="GMP work packet processing" contextid="3589" timestamp="2019-06-16T02:56:30.989">
  <concurrent-mark-start scanTarget="1048576" />
</concurrent-start>
<exclusive-end id="3783" timestamp="2019-06-16T02:56:30.990" durationms="1.658" />

<concurrent-end id="3784" type="GMP work packet processing" contextid="3589" timestamp="2019-06-16T02:56:30.990">
  <concurrent-mark-end bytesScanned="1099112" reasonForTermination="Work target met" />
</concurrent-end>

<exclusive-start id="3785" timestamp="2019-06-16T02:56:31.000" intervalms="11.309">
  <response-info timems="0.080" idlems="0.080" threads="0" lastid="0000000001916700" lastname="main" />
</exclusive-start>
<allocation-taxation id="3786" taxation-threshold="12582912" timestamp="2019-06-16T02:56:31.000" intervalms="11.238" />
<cycle-start id="3787" type="partial gc" contextid="0" timestamp="2019-06-16T02:56:31.000" intervalms="24.892" />
<gc-start id="3788" type="partial gc" contextid="3787" timestamp="2019-06-16T02:56:31.000">
  <mem-info id="3789" free="20971520" total="76546048" percent="27">
    <mem type="eden" free="0" total="25165824" percent="0" />
    <remembered-set count="67328" freebytes="2786176" totalbytes="3055488" percent="91" regionsoverflowed="0" regionsstable="0" regionsrebuilding="17"/>
  </mem-info>
</gc-start>
<allocation-stats totalBytes="25156008" >
  <allocated-bytes non-tlh="0" tlh="25156008" arrayletleaf="0"/>
  <largest-consumer threadName="main" threadId="0000000001916700" bytes="12577896" />
</allocation-stats>
<gc-op id="3790" type="copy forward" timems="1.549" contextid="3787" timestamp="2019-06-16T02:56:31.003">
  <memory-copied type="eden" objects="15" bytes="696" bytesdiscarded="0" />
  <memory-copied type="other" objects="18" bytes="584" bytesdiscarded="0" />
  <memory-cardclean objects="59" bytes="1728" />
  <regions eden="24" other="1" />
  <remembered-set-cleared processed="65492" cleared="44" durationms="0.488" />
  <stringconstants candidates="13711" cleared="0"  />
</gc-op>
<gc-op id="3791" type="classunload" timems="0.004" contextid="3787" timestamp="2019-06-16T02:56:31.003">
  <classunload-info classloadercandidates="54" classloadersunloaded="0" classesunloaded="0" anonymousclassesunloaded="0" quiescems="0.000" setupms="0.004" scanms="0.000" postms="0.000" />
</gc-op>
<heap-resize id="3792" type="expand" space="default" amount="2097152" count="1" timems="0.069" reason="excessive time being spent in gc" timestamp="2019-06-16T02:56:31.003" />
<gc-end id="3793" type="partial gc" contextid="3787" durationms="3.044" usertimems="0.000" systemtimems="0.000" timestamp="2019-06-16T02:56:31.003" activeThreads="1">
  <mem-info id="3794" free="47185920" total="78643200" percent="60">
    <mem type="eden" free="1047880" total="1048576" percent="99" />
    <remembered-set count="67744" freebytes="2868224" totalbytes="3139200" percent="91" regionsoverflowed="0" regionsstable="0" regionsrebuilding="17"/>
  </mem-info>
</gc-end>
<cycle-end id="3795" type="partial gc" contextid="3787" timestamp="2019-06-16T02:56:31.004" />
  <attribute name="elasticGC enabled" value="1" />
  <attribute name= "numThreadsSpecified" value="1" />
  <attribute name="heapSize specified" value="0" />
  <attribute name="Current GC Util" value="60" />
  <attribute name= "Current Time Running" value="63366" />
  <attribute name ="GC Interval" value="0" />
  <attribute name="ProportionalT" value="60.000000" />
  <attribute name="ProportionalI" value="60.000000" />
  <attribute name="ProportionalH" value="60.000000" />
  <attribute name="Current Error" value="40.000000" />
  <attribute name="IntegralT" value="0.000000" />
  <attribute name="IntegralI" value="0.000000" />
  <attribute name="IntegralH" value="0.000000" />
  <attribute name="DerivativeT" value="inf" />
  <attribute name="DerivativeI" value="inf" />
  <attribute name="DerivativeH" value="inf" />
  <attribute name="Loop Time for DT" value="0.000000" />
  <attribute name="Output H" value="8388608"/>
  <attribute name="Output I" value="200"/>
  <attribute name="Output T" value="1"/>
  <attribute name="Target GC Util Change" value ="20.000000" />
  <attribute name="Current GC Util Change" value="60.000000"/>
  <attribute name="GC Util currently" value="60" />
  <attribute name="CPU Util currently" value="17941859950283" />
<exclusive-end id="3796" timestamp="2019-06-16T02:56:31.004" durationms="4.254" />

<exclusive-start id="3797" timestamp="2019-06-16T02:56:31.013" intervalms="13.797">
  <response-info timems="0.082" idlems="0.082" threads="0" lastid="0000000001916700" lastname="main" />
</exclusive-start>
<allocation-taxation id="3798" taxation-threshold="12582912" timestamp="2019-06-16T02:56:31.014" intervalms="13.858" />
<gc-start id="3799" type="global mark phase" contextid="3589" timestamp="2019-06-16T02:56:31.014">
  <mem-info id="3800" free="34603008" total="78643200" percent="44">
    <remembered-set count="67360" freebytes="2869760" totalbytes="3139200" percent="91" regionsoverflowed="0" regionsstable="0" regionsrebuilding="17"/>
  </mem-info>
</gc-start>
<gc-end id="3801" type="global mark phase" contextid="3589" durationms="0.150" usertimems="0.000" systemtimems="0.000" timestamp="2019-06-16T02:56:31.014" activeThreads="1">
  <mem-info id="3802" free="34603008" total="78643200" percent="44">
    <remembered-set count="67360" freebytes="2869760" totalbytes="3139200" percent="91" regionsoverflowed="0" regionsstable="0" regionsrebuilding="17"/>
  </mem-info>
</gc-end>
<concurrent-start id="3803" type="GMP work packet processing" contextid="3589" timestamp="2019-06-16T02:56:31.014">
  <concurrent-mark-start scanTarget="1048576" />
</concurrent-start>
<exclusive-end id="3804" timestamp="2019-06-16T02:56:31.015" durationms="1.643" />

<concurrent-end id="3805" type="GMP work packet processing" contextid="3589" timestamp="2019-06-16T02:56:31.015">
  <concurrent-mark-end bytesScanned="1096252" reasonForTermination="Work target met" />
</concurrent-end>

<exclusive-start id="3806" timestamp="2019-06-16T02:56:31.027" intervalms="13.967">
  <response-info timems="0.068" idlems="0.068" threads="0" lastid="0000000001916700" lastname="main" />
</exclusive-start>
<allocation-taxation id="3807" taxation-threshold="12582912" timestamp="2019-06-16T02:56:31.028" intervalms="13.944" />
<cycle-start id="3808" type="partial gc" contextid="0" timestamp="2019-06-16T02:56:31.028" intervalms="27.804" />
<gc-start id="3809" type="partial gc" contextid="3808" timestamp="2019-06-16T02:56:31.028">
  <mem-info id="3810" free="22020096" total="78643200" percent="28">
    <mem type="eden" free="1047880" total="26214400" percent="3" />
    <remembered-set count="83200" freebytes="2806400" totalbytes="3139200" percent="89" regionsoverflowed="0" regionsstable="0" regionsrebuilding="17"/>
  </mem-info>
</gc-start>
<allocation-stats totalBytes="25157424" >
  <allocated-bytes non-tlh="0" tlh="25157424" arrayletleaf="0"/>
  <largest-consumer threadName="main" threadId="0000000001916700" bytes="12579216" />
</allocation-stats>
<gc-op id="3811" type="copy forward" timems="1.586" contextid="3808" timestamp="2019-06-16T02:56:31.030">
  <memory-copied type="eden" objects="26" bytes="816" bytesdiscarded="0" />
  <memory-copied type="other" objects="0" bytes="0" bytesdiscarded="0" />
  <memory-cardclean objects="77" bytes="2248" />
  <regions eden="24" other="1" />
  <remembered-set-cleared processed="80435" cleared="37" durationms="0.599" />
  <stringconstants candidates="13711" cleared="0"  />
</gc-op>
<gc-op id="3812" type="classunload" timems="0.004" contextid="3808" timestamp="2019-06-16T02:56:31.031">
  <classunload-info classloadercandidates="54" classloadersunloaded="0" classesunloaded="0" anonymousclassesunloaded="0" quiescems="0.000" setupms="0.003" scanms="0.000" postms="0.000" />
</gc-op>
<gc-end id="3813" type="partial gc" contextid="3808" durationms="2.762" usertimems="4.000" systemtimems="0.000" timestamp="2019-06-16T02:56:31.031" activeThreads="1">
  <mem-info id="3814" free="47185920" total="78643200" percent="60">
    <mem type="eden" free="1047760" total="1048576" percent="99" />
    <remembered-set count="83616" freebytes="2804736" totalbytes="3139200" percent="89" regionsoverflowed="0" regionsstable="0" regionsrebuilding="17"/>
  </mem-info>
</gc-end>
<cycle-end id="3815" type="partial gc" contextid="3808" timestamp="2019-06-16T02:56:31.031" />
  <attribute name="elasticGC enabled" value="1" />
  <attribute name= "numThreadsSpecified" value="1" />
  <attribute name="heapSize specified" value="0" />
  <attribute name="Current GC Util" value="54" />
  <attribute name= "Current Time Running" value="63394" />
  <attribute name ="GC Interval" value="0" />
  <attribute name="ProportionalT" value="51.000000" />
  <attribute name="ProportionalI" value="51.000000" />
  <attribute name="ProportionalH" value="51.000000" />
  <attribute name="Current Error" value="34.000000" />
  <attribute name="IntegralT" value="0.000000" />
  <attribute name="IntegralI" value="0.000000" />
  <attribute name="IntegralH" value="0.000000" />
  <attribute name="DerivativeT" value="inf" />
  <attribute name="DerivativeI" value="inf" />
  <attribute name="DerivativeH" value="inf" />
  <attribute name="Loop Time for DT" value="0.000000" />
  <attribute name="Output H" value="8388608"/>
  <attribute name="Output I" value="200"/>
  <attribute name="Output T" value="1"/>
  <attribute name="Target GC Util Change" value ="20.000000" />
  <attribute name="Current GC Util Change" value="54.000000"/>
  <attribute name="GC Util currently" value="54" />
  <attribute name="CPU Util currently" value="19884642130575" />
<exclusive-end id="3816" timestamp="2019-06-16T02:56:31.031" durationms="3.879" />

<exclusive-start id="3817" timestamp="2019-06-16T02:56:31.046" intervalms="18.276">
  <response-info timems="0.076" idlems="0.076" threads="0" lastid="0000000001916700" lastname="main" />
</exclusive-start>
<allocation-taxation id="3818" taxation-threshold="12582912" timestamp="2019-06-16T02:56:31.046" intervalms="18.275" />
<gc-start id="3819" type="global mark phase" contextid="3589" timestamp="2019-06-16T02:56:31.046">
  <mem-info id="3820" free="34603008" total="78643200" percent="44">
    <remembered-set count="83200" freebytes="2806400" totalbytes="3139200" percent="89" regionsoverflowed="0" regionsstable="0" regionsrebuilding="17"/>
  </mem-info>
</gc-start>
<gc-end id="3821" type="global mark phase" contextid="3589" durationms="0.200" usertimems="0.000" systemtimems="0.000" timestamp="2019-06-16T02:56:31.046" activeThreads="1">
  <mem-info id="3822" free="34603008" total="78643200" percent="44">
    <remembered-set count="83200" freebytes="2806400" totalbytes="3139200" percent="89" regionsoverflowed="0" regionsstable="0" regionsrebuilding="17"/>
  </mem-info>
</gc-end>
<concurrent-start id="3823" type="GMP work packet processing" contextid="3589" timestamp="2019-06-16T02:56:31.046">
  <concurrent-mark-start scanTarget="1048576" />
</concurrent-start>
<exclusive-end id="3824" timestamp="2019-06-16T02:56:31.047" durationms="1.222" />

<concurrent-end id="3825" type="GMP work packet processing" contextid="3589" timestamp="2019-06-16T02:56:31.047">
  <concurrent-mark-end bytesScanned="260168" reasonForTermination="Completed all work in GC phase" />
</concurrent-end>

<exclusive-start id="3826" timestamp="2019-06-16T02:56:31.062" intervalms="15.888">
  <response-info timems="0.075" idlems="0.075" threads="0" lastid="0000000001916700" lastname="main" />
</exclusive-start>
<allocation-taxation id="3827" taxation-threshold="12582912" timestamp="2019-06-16T02:56:31.062" intervalms="15.909" />
<cycle-start id="3828" type="partial gc" contextid="0" timestamp="2019-06-16T02:56:31.062" intervalms="34.148" />
<gc-start id="3829" type="partial gc" contextid="3828" timestamp="2019-06-16T02:56:31.062">
  <mem-info id="3830" free="22020096" total="78643200" percent="28">
    <mem type="eden" free="0" total="25165824" percent="0" />
    <remembered-set count="87680" freebytes="2788480" totalbytes="3139200" percent="88" regionsoverflowed="0" regionsstable="0" regionsrebuilding="17"/>
  </mem-info>
</gc-start>
<allocation-stats totalBytes="25163976" >
  <allocated-bytes non-tlh="0" tlh="25163976" arrayletleaf="0"/>
  <largest-consumer threadName="main" threadId="0000000001916700" bytes="12581632" />
</allocation-stats>
<gc-op id="3831" type="copy forward" timems="1.536" contextid="3828" timestamp="2019-06-16T02:56:31.065">
  <memory-copied type="eden" objects="27" bytes="840" bytesdiscarded="0" />
  <memory-copied type="other" objects="7" bytes="160" bytesdiscarded="0" />
  <memory-cardclean objects="76" bytes="2232" />
  <regions eden="24" other="1" />
  <remembered-set-cleared processed="85610" cleared="41" durationms="0.591" />
  <stringconstants candidates="13711" cleared="0"  />
</gc-op>
<gc-op id="3832" type="classunload" timems="0.004" contextid="3828" timestamp="2019-06-16T02:56:31.065">
  <classunload-info classloadercandidates="54" classloadersunloaded="0" classesunloaded="0" anonymousclassesunloaded="0" quiescems="0.000" setupms="0.004" scanms="0.000" postms="0.000" />
</gc-op>
<gc-end id="3833" type="partial gc" contextid="3828" durationms="2.750" usertimems="0.000" systemtimems="0.000" timestamp="2019-06-16T02:56:31.065" activeThreads="1">
  <mem-info id="3834" free="46137344" total="78643200" percent="58">
    <mem type="eden" free="1047736" total="1048576" percent="99" />
    <remembered-set count="88096" freebytes="2786816" totalbytes="3139200" percent="88" regionsoverflowed="0" regionsstable="0" regionsrebuilding="17"/>
  </mem-info>
</gc-end>
<cycle-end id="3835" type="partial gc" contextid="3828" timestamp="2019-06-16T02:56:31.065" />
  <attribute name="elasticGC enabled" value="1" />
  <attribute name= "numThreadsSpecified" value="1" />
  <attribute name="heapSize specified" value="0" />
  <attribute name="Current GC Util" value="78" />
  <attribute name= "Current Time Running" value="63428" />
  <attribute name ="GC Interval" value="0" />
  <attribute name="ProportionalT" value="87.000000" />
  <attribute name="ProportionalI" value="87.000000" />
  <attribute name="ProportionalH" value="87.000000" />
  <attribute name="Current Error" value="58.000000" />
  <attribute name="IntegralT" value="0.000000" />
  <attribute name="IntegralI" value="0.000000" />
  <attribute name="IntegralH" value="0.000000" />
  <attribute name="DerivativeT" value="inf" />
  <attribute name="DerivativeI" value="inf" />
  <attribute name="DerivativeH" value="inf" />
  <attribute name="Loop Time for DT" value="0.000000" />
  <attribute name="Output H" value="8388608"/>
  <attribute name="Output I" value="200"/>
  <attribute name="Output T" value="1"/>
  <attribute name="Target GC Util Change" value ="20.000000" />
  <attribute name="Current GC Util Change" value="78.000000"/>
  <attribute name="GC Util currently" value="78" />
  <attribute name="CPU Util currently" value="18204334964110" />
<exclusive-end id="3836" timestamp="2019-06-16T02:56:31.065" durationms="3.900" />

<exclusive-start id="3837" timestamp="2019-06-16T02:56:31.081" intervalms="19.051">
  <response-info timems="0.077" idlems="0.077" threads="0" lastid="0000000001916700" lastname="main" />
</exclusive-start>
<allocation-taxation id="3838" taxation-threshold="12582912" timestamp="2019-06-16T02:56:31.081" intervalms="19.038" />
<gc-start id="3839" type="global mark phase" contextid="3589" timestamp="2019-06-16T02:56:31.081">
  <mem-info id="3840" free="33554432" total="78643200" percent="42">
    <remembered-set count="87712" freebytes="2788352" totalbytes="3139200" percent="88" regionsoverflowed="0" regionsstable="0" regionsrebuilding="17"/>
  </mem-info>
</gc-start>
<gc-op id="3841" type="mark increment" timems="4.987" contextid="3589" timestamp="2019-06-16T02:56:31.086">
  <trace-info objectcount="127" scancount="127" scanbytes="233492" />
  <cardclean-info objects="268495" bytes="7349640" />
  <finalization candidates="79" enqueued="0" />
  <ownableSynchronizers candidates="23" cleared="0" />
  <references type="soft" candidates="4369" cleared="0" enqueued="0" dynamicThreshold="18" maxThreshold="32" />
  <references type="weak" candidates="5709" cleared="7" enqueued="3" />
  <references type="phantom" candidates="100" cleared="0" enqueued="0" />
  <stringconstants candidates="13711" cleared="0"  />
</gc-op>
<gc-op id="3842" type="classunload" timems="0.004" contextid="3589" timestamp="2019-06-16T02:56:31.086">
  <classunload-info classloadercandidates="54" classloadersunloaded="0" classesunloaded="0" anonymousclassesunloaded="0" quiescems="0.000" setupms="0.004" scanms="0.000" postms="0.000" />
</gc-op>
<gc-end id="3843" type="global mark phase" contextid="3589" durationms="5.438" usertimems="12.000" systemtimems="4.000" timestamp="2019-06-16T02:56:31.086" activeThreads="4">
  <mem-info id="3844" free="33554432" total="78643200" percent="42">
    <pending-finalizers system="0" default="0" reference="3" classloader="0" />
    <remembered-set count="118944" freebytes="2663424" totalbytes="3139200" percent="84" regionsoverflowed="0" regionsstable="0" regionsrebuilding="0"/>
  </mem-info>
</gc-end>
<cycle-end id="3845" type="global mark phase" contextid="3589" timestamp="2019-06-16T02:56:31.087" />
  <attribute name="elasticGC enabled" value="1" />
  <attribute name= "numThreadsSpecified" value="4" />
  <attribute name="heapSize specified" value="0" />
  <attribute name="Current GC Util" value="86" />
  <attribute name= "Current Time Running" value="63450" />
  <attribute name ="GC Interval" value="0" />
  <attribute name="ProportionalT" value="99.000000" />
  <attribute name="ProportionalI" value="99.000000" />
  <attribute name="ProportionalH" value="99.000000" />
  <attribute name="Current Error" value="66.000000" />
  <attribute name="IntegralT" value="0.000000" />
  <attribute name="IntegralI" value="0.000000" />
  <attribute name="IntegralH" value="0.000000" />
  <attribute name="DerivativeT" value="-inf" />
  <attribute name="DerivativeI" value="-inf" />
  <attribute name="DerivativeH" value="-inf" />
  <attribute name="Loop Time for DT" value="0.000000" />
  <attribute name="Output H" value="2091843584"/>
  <attribute name="Output I" value="200"/>
  <attribute name="Output T" value="4"/>
  <attribute name="Target GC Util Change" value ="20.000000" />
  <attribute name="Current GC Util Change" value="86.000000"/>
  <attribute name="GC Util currently" value="86" />
  <attribute name="CPU Util currently" value="13675681523034" />
<exclusive-end id="3846" timestamp="2019-06-16T02:56:31.087" durationms="6.163" />

<exclusive-start id="3847" timestamp="2019-06-16T02:56:31.102" intervalms="21.611">
  <response-info timems="0.065" idlems="0.065" threads="0" lastid="0000000001916700" lastname="main" />
</exclusive-start>
<allocation-taxation id="3848" taxation-threshold="12582912" timestamp="2019-06-16T02:56:31.102" intervalms="21.573" />
<cycle-start id="3849" type="partial gc" contextid="0" timestamp="2019-06-16T02:56:31.103" intervalms="40.615" />
<gc-start id="3850" type="partial gc" contextid="3849" timestamp="2019-06-16T02:56:31.103">
  <mem-info id="3851" free="20971520" total="78643200" percent="26">
    <mem type="eden" free="0" total="25165824" percent="0" />
    <remembered-set count="110208" freebytes="2698368" totalbytes="3139200" percent="85" regionsoverflowed="0" regionsstable="7" regionsrebuilding="0"/>
  </mem-info>
</gc-start>
<allocation-stats totalBytes="25164200" >
  <allocated-bytes non-tlh="0" tlh="25164200" arrayletleaf="0"/>
  <largest-consumer threadName="main" threadId="0000000001916700" bytes="12582144" />
</allocation-stats>
<gc-op id="3852" type="sweep" timems="0.626" contextid="3849" timestamp="2019-06-16T02:56:31.104" />
<gc-op id="3853" type="copy forward" timems="1.512" contextid="3849" timestamp="2019-06-16T02:56:31.106">
  <memory-copied type="eden" objects="30" bytes="928" bytesdiscarded="680" />
  <memory-copied type="other" objects="6" bytes="136" bytesdiscarded="0" />
  <memory-cardclean objects="75" bytes="2488" />
  <regions eden="12" other="2" />
  <remembered-set-cleared processed="108210" cleared="68" durationms="0.341" />
  <stringconstants candidates="13711" cleared="0"  />
</gc-op>
<gc-op id="3854" type="classunload" timems="0.003" contextid="3849" timestamp="2019-06-16T02:56:31.106">
  <classunload-info classloadercandidates="54" classloadersunloaded="0" classesunloaded="0" anonymousclassesunloaded="0" quiescems="0.000" setupms="0.003" scanms="0.000" postms="0.000" />
</gc-op>
<heap-resize id="3855" type="expand" space="default" amount="5242880" count="1" timems="0.077" reason="excessive time being spent in gc" timestamp="2019-06-16T02:56:31.106" />
<gc-end id="3856" type="partial gc" contextid="3849" durationms="3.697" usertimems="4.000" systemtimems="0.000" timestamp="2019-06-16T02:56:31.107" activeThreads="4">
  <mem-info id="3857" free="50331648" total="83886080" percent="60">
    <mem type="eden" free="1046968" total="1048576" percent="99" />
    <remembered-set count="110208" freebytes="2907648" totalbytes="3348480" percent="86" regionsoverflowed="0" regionsstable="7" regionsrebuilding="0"/>
  </mem-info>
</gc-end>
<cycle-end id="3858" type="partial gc" contextid="3849" timestamp="2019-06-16T02:56:31.107" />
  <attribute name="elasticGC enabled" value="1" />
  <attribute name= "numThreadsSpecified" value="4" />
  <attribute name="heapSize specified" value="0" />
  <attribute name="Current GC Util" value="54" />
  <attribute name= "Current Time Running" value="63469" />
  <attribute name ="GC Interval" value="0" />
  <attribute name="ProportionalT" value="51.000000" />
  <attribute name="ProportionalI" value="51.000000" />
  <attribute name="ProportionalH" value="51.000000" />
  <attribute name="Current Error" value="34.000000" />
  <attribute name="IntegralT" value="0.000000" />
  <attribute name="IntegralI" value="0.000000" />
  <attribute name="IntegralH" value="0.000000" />
  <attribute name="DerivativeT" value="-inf" />
  <attribute name="DerivativeI" value="-inf" />
  <attribute name="DerivativeH" value="-inf" />
  <attribute name="Loop Time for DT" value="0.000000" />
  <attribute name="Output H" value="2091843584"/>
  <attribute name="Output I" value="200"/>
  <attribute name="Output T" value="4"/>
  <attribute name="Target GC Util Change" value ="20.000000" />
  <attribute name="Current GC Util Change" value="54.000000"/>
  <attribute name="GC Util currently" value="54" />
  <attribute name="CPU Util currently" value="20135992575871" />
<exclusive-end id="3859" timestamp="2019-06-16T02:56:31.107" durationms="4.710" />

<exclusive-start id="3860" timestamp="2019-06-16T02:56:31.146" intervalms="43.925">
  <response-info timems="0.084" idlems="0.084" threads="0" lastid="0000000001916700" lastname="main" />
</exclusive-start>
<allocation-taxation id="3861" taxation-threshold="27262976" timestamp="2019-06-16T02:56:31.146" intervalms="44.006" />
<cycle-start id="3862" type="partial gc" contextid="0" timestamp="2019-06-16T02:56:31.147" intervalms="43.991" />
<gc-start id="3863" type="partial gc" contextid="3862" timestamp="2019-06-16T02:56:31.147">
  <mem-info id="3864" free="23068672" total="83886080" percent="27">
    <mem type="eden" free="1046968" total="28311552" percent="3" />
    <remembered-set count="96192" freebytes="2963712" totalbytes="3348480" percent="88" regionsoverflowed="0" regionsstable="11" regionsrebuilding="0"/>
  </mem-info>
</gc-start>
<allocation-stats totalBytes="27258936" >
  <allocated-bytes non-tlh="0" tlh="27258936" arrayletleaf="0"/>
  <largest-consumer threadName="main" threadId="0000000001916700" bytes="27258936" />
</allocation-stats>
<gc-op id="3865" type="copy forward" timems="1.350" contextid="3862" timestamp="2019-06-16T02:56:31.149">
  <memory-copied type="eden" objects="7" bytes="160" bytesdiscarded="0" />
  <memory-copied type="other" objects="41" bytes="1152" bytesdiscarded="2008" />
  <memory-cardclean objects="90" bytes="2672" />
  <regions eden="26" other="4" />
  <remembered-set-cleared processed="94842" cleared="80" durationms="0.331" />
  <stringconstants candidates="13711" cleared="0"  />
</gc-op>
<gc-op id="3866" type="classunload" timems="0.004" contextid="3862" timestamp="2019-06-16T02:56:31.149">
  <classunload-info classloadercandidates="54" classloadersunloaded="0" classesunloaded="0" anonymousclassesunloaded="0" quiescems="0.000" setupms="0.004" scanms="0.000" postms="0.000" />
</gc-op>
<gc-end id="3867" type="partial gc" contextid="3862" durationms="2.518" usertimems="4.000" systemtimems="4.000" timestamp="2019-06-16T02:56:31.149" activeThreads="4">
  <mem-info id="3868" free="50331648" total="83886080" percent="60">
    <mem type="eden" free="2095496" total="2097152" percent="99" />
    <remembered-set count="97536" freebytes="2958336" totalbytes="3348480" percent="88" regionsoverflowed="0" regionsstable="11" regionsrebuilding="0"/>
  </mem-info>
</gc-end>
<cycle-end id="3869" type="partial gc" contextid="3862" timestamp="2019-06-16T02:56:31.150" />
  <attribute name="elasticGC enabled" value="1" />
  <attribute name= "numThreadsSpecified" value="4" />
  <attribute name="heapSize specified" value="0" />
  <attribute name="Current GC Util" value="65" />
  <attribute name= "Current Time Running" value="63513" />
  <attribute name ="GC Interval" value="0" />
  <attribute name="ProportionalT" value="67.500000" />
  <attribute name="ProportionalI" value="67.500000" />
  <attribute name="ProportionalH" value="67.500000" />
  <attribute name="Current Error" value="45.000000" />
  <attribute name="IntegralT" value="45.000000" />
  <attribute name="IntegralI" value="45.000000" />
  <attribute name="IntegralH" value="45.000000" />
  <attribute name="DerivativeT" value="45.000000" />
  <attribute name="DerivativeI" value="45.000000" />
  <attribute name="DerivativeH" value="45.000000" />
  <attribute name="Loop Time for DT" value="1.000000" />
  <attribute name="Output H" value="8388608"/>
  <attribute name="Output I" value="200"/>
  <attribute name="Output T" value="4"/>
  <attribute name="Target GC Util Change" value ="20.000000" />
  <attribute name="Current GC Util Change" value="65.000000"/>
  <attribute name="GC Util currently" value="65" />
  <attribute name="CPU Util currently" value="17210287958159" />
<exclusive-end id="3870" timestamp="2019-06-16T02:56:31.150" durationms="3.724" />

<exclusive-start id="3871" timestamp="2019-06-16T02:56:31.184" intervalms="38.011">
  <response-info timems="0.082" idlems="0.082" threads="0" lastid="0000000001916700" lastname="main" />
</exclusive-start>
<allocation-taxation id="3872" taxation-threshold="27262976" timestamp="2019-06-16T02:56:31.184" intervalms="38.007" />
<cycle-start id="3873" type="partial gc" contextid="0" timestamp="2019-06-16T02:56:31.185" intervalms="38.031" />
<gc-start id="3874" type="partial gc" contextid="3873" timestamp="2019-06-16T02:56:31.185">
  <mem-info id="3875" free="23068672" total="83886080" percent="27">
    <mem type="eden" free="1048416" total="28311552" percent="3" />
    <remembered-set count="2784" freebytes="3337344" totalbytes="3348480" percent="99" regionsoverflowed="0" regionsstable="17" regionsrebuilding="0"/>
  </mem-info>
</gc-start>
<allocation-stats totalBytes="27259712" >
  <allocated-bytes non-tlh="0" tlh="27259712" arrayletleaf="0"/>
  <largest-consumer threadName="main" threadId="0000000001916700" bytes="27259712" />
</allocation-stats>
<gc-op id="3876" type="copy forward" timems="0.993" contextid="3873" timestamp="2019-06-16T02:56:31.187">
  <memory-copied type="eden" objects="22" bytes="704" bytesdiscarded="0" />
  <memory-copied type="other" objects="55" bytes="1576" bytesdiscarded="224" />
  <memory-cardclean objects="135" bytes="12592" />
  <regions eden="26" other="3" />
  <remembered-set-cleared processed="796" cleared="26" durationms="0.126" />
  <references type="weak" candidates="30" cleared="0" enqueued="0" />
  <stringconstants candidates="13711" cleared="0"  />
</gc-op>
<gc-op id="3877" type="classunload" timems="0.004" contextid="3873" timestamp="2019-06-16T02:56:31.187">
  <classunload-info classloadercandidates="54" classloadersunloaded="0" classesunloaded="0" anonymousclassesunloaded="0" quiescems="0.000" setupms="0.004" scanms="0.000" postms="0.000" />
</gc-op>
<gc-end id="3878" type="partial gc" contextid="3873" durationms="2.207" usertimems="4.000" systemtimems="0.000" timestamp="2019-06-16T02:56:31.187" activeThreads="1">
  <mem-info id="3879" free="51380224" total="83886080" percent="61">
    <mem type="eden" free="1047872" total="1048576" percent="99" />
    <remembered-set count="2816" freebytes="3337216" totalbytes="3348480" percent="99" regionsoverflowed="0" regionsstable="17" regionsrebuilding="0"/>
  </mem-info>
</gc-end>
<cycle-end id="3880" type="partial gc" contextid="3873" timestamp="2019-06-16T02:56:31.187" />
  <attribute name="elasticGC enabled" value="1" />
  <attribute name= "numThreadsSpecified" value="1" />
  <attribute name="heapSize specified" value="0" />
  <attribute name="Current GC Util" value="63" />
  <attribute name= "Current Time Running" value="63551" />
  <attribute name ="GC Interval" value="0" />
  <attribute name="ProportionalT" value="64.500000" />
  <attribute name="ProportionalI" value="64.500000" />
  <attribute name="ProportionalH" value="64.500000" />
  <attribute name="Current Error" value="43.000000" />
  <attribute name="IntegralT" value="0.000000" />
  <attribute name="IntegralI" value="0.000000" />
  <attribute name="IntegralH" value="0.000000" />
  <attribute name="DerivativeT" value="inf" />
  <attribute name="DerivativeI" value="inf" />
  <attribute name="DerivativeH" value="inf" />
  <attribute name="Loop Time for DT" value="0.000000" />
  <attribute name="Output H" value="8388608"/>
  <attribute name="Output I" value="200"/>
  <attribute name="Output T" value="1"/>
  <attribute name="Target GC Util Change" value ="20.000000" />
  <attribute name="Current GC Util Change" value="63.000000"/>
  <attribute name="GC Util currently" value="63" />
  <attribute name="CPU Util currently" value="17674915668393" />
<exclusive-end id="3881" timestamp="2019-06-16T02:56:31.188" durationms="3.537" />

<exclusive-start id="3882" timestamp="2019-06-16T02:56:31.200" intervalms="15.370">
  <response-info timems="0.084" idlems="0.084" threads="0" lastid="0000000001916700" lastname="main" />
</exclusive-start>
<allocation-taxation id="3883" taxation-threshold="27262976" timestamp="2019-06-16T02:56:31.200" intervalms="15.324" />
<cycle-start id="3884" type="partial gc" contextid="0" timestamp="2019-06-16T02:56:31.200" intervalms="15.332" />
<gc-start id="3885" type="partial gc" contextid="3884" timestamp="2019-06-16T02:56:31.200">
  <mem-info id="3886" free="24117248" total="83886080" percent="28">
    <mem type="eden" free="0" total="27262976" percent="0" />
    <remembered-set count="2496" freebytes="3338496" totalbytes="3348480" percent="99" regionsoverflowed="0" regionsstable="17" regionsrebuilding="0"/>
  </mem-info>
</gc-start>
<allocation-stats totalBytes="27261976" >
  <allocated-bytes non-tlh="0" tlh="27261976" arrayletleaf="0"/>
  <largest-consumer threadName="main" threadId="0000000001916700" bytes="27261976" />
</allocation-stats>
<gc-op id="3887" type="copy forward" timems="0.928" contextid="3884" timestamp="2019-06-16T02:56:31.202">
  <memory-copied type="eden" objects="4" bytes="120" bytesdiscarded="0" />
  <memory-copied type="other" objects="24" bytes="712" bytesdiscarded="0" />
  <memory-cardclean objects="76" bytes="2376" />
  <regions eden="26" other="2" />
  <remembered-set-cleared processed="796" cleared="20" durationms="0.120" />
  <stringconstants candidates="13711" cleared="0"  />
</gc-op>
<gc-op id="3888" type="classunload" timems="0.004" contextid="3884" timestamp="2019-06-16T02:56:31.202">
  <classunload-info classloadercandidates="54" classloadersunloaded="0" classesunloaded="0" anonymousclassesunloaded="0" quiescems="0.000" setupms="0.004" scanms="0.000" postms="0.000" />
</gc-op>
<gc-end id="3889" type="partial gc" contextid="3884" durationms="2.034" usertimems="0.000" systemtimems="0.000" timestamp="2019-06-16T02:56:31.202" activeThreads="1">
  <mem-info id="3890" free="50331648" total="83886080" percent="60">
    <mem type="eden" free="1048456" total="1048576" percent="99" />
    <remembered-set count="2816" freebytes="3337216" totalbytes="3348480" percent="99" regionsoverflowed="0" regionsstable="17" regionsrebuilding="0"/>
  </mem-info>
</gc-end>
<cycle-end id="3891" type="partial gc" contextid="3884" timestamp="2019-06-16T02:56:31.202" />
  <attribute name="elasticGC enabled" value="1" />
  <attribute name= "numThreadsSpecified" value="1" />
  <attribute name="heapSize specified" value="0" />
  <attribute name="Current GC Util" value="65" />
  <attribute name= "Current Time Running" value="63566" />
  <attribute name ="GC Interval" value="0" />
  <attribute name="ProportionalT" value="67.500000" />
  <attribute name="ProportionalI" value="67.500000" />
  <attribute name="ProportionalH" value="67.500000" />
  <attribute name="Current Error" value="45.000000" />
  <attribute name="IntegralT" value="0.000000" />
  <attribute name="IntegralI" value="0.000000" />
  <attribute name="IntegralH" value="0.000000" />
  <attribute name="DerivativeT" value="inf" />
  <attribute name="DerivativeI" value="inf" />
  <attribute name="DerivativeH" value="inf" />
  <attribute name="Loop Time for DT" value="0.000000" />
  <attribute name="Output H" value="8388608"/>
  <attribute name="Output I" value="200"/>
  <attribute name="Output T" value="1"/>
  <attribute name="Target GC Util Change" value ="20.000000" />
  <attribute name="Current GC Util Change" value="65.000000"/>
  <attribute name="GC Util currently" value="65" />
  <attribute name="CPU Util currently" value="19589101955197" />
<exclusive-end id="3892" timestamp="2019-06-16T02:56:31.203" durationms="3.132" />

<exclusive-start id="3893" timestamp="2019-06-16T02:56:31.279" intervalms="79.909">
  <response-info timems="0.074" idlems="0.074" threads="0" lastid="0000000001916700" lastname="main" />
</exclusive-start>
<allocation-taxation id="3894" taxation-threshold="27262976" timestamp="2019-06-16T02:56:31.280" intervalms="79.924" />
<cycle-start id="3895" type="partial gc" contextid="0" timestamp="2019-06-16T02:56:31.280" intervalms="79.934" />
<gc-start id="3896" type="partial gc" contextid="3895" timestamp="2019-06-16T02:56:31.280">
  <mem-info id="3897" free="23068672" total="83886080" percent="27">
    <mem type="eden" free="1048456" total="28311552" percent="3" />
    <remembered-set count="2528" freebytes="3338368" totalbytes="3348480" percent="99" regionsoverflowed="0" regionsstable="17" regionsrebuilding="0"/>
  </mem-info>
</gc-start>
<allocation-stats totalBytes="27261184" >
  <allocated-bytes non-tlh="0" tlh="27261184" arrayletleaf="0"/>
  <largest-consumer threadName="main" threadId="0000000001916700" bytes="27261184" />
</allocation-stats>
<gc-op id="3898" type="copy forward" timems="0.938" contextid="3895" timestamp="2019-06-16T02:56:31.282">
  <memory-copied type="eden" objects="31" bytes="920" bytesdiscarded="0" />
  <memory-copied type="other" objects="1" bytes="520" bytesdiscarded="0" />
  <memory-cardclean objects="106" bytes="11224" />
  <regions eden="26" other="2" />
  <remembered-set-cleared processed="803" cleared="23" durationms="0.128" />
  <references type="weak" candidates="2" cleared="0" enqueued="0" />
  <stringconstants candidates="13711" cleared="0"  />
</gc-op>
<gc-op id="3899" type="classunload" timems="0.003" contextid="3895" timestamp="2019-06-16T02:56:31.282">
  <classunload-info classloadercandidates="54" classloadersunloaded="0" classesunloaded="0" anonymousclassesunloaded="0" quiescems="0.000" setupms="0.003" scanms="0.000" postms="0.000" />
</gc-op>
<gc-end id="3900" type="partial gc" contextid="3895" durationms="2.115" usertimems="0.000" systemtimems="0.000" timestamp="2019-06-16T02:56:31.282" activeThreads="1">
  <mem-info id="3901" free="50331648" total="83886080" percent="60">
    <mem type="eden" free="1047656" total="1048576" percent="99" />
    <remembered-set count="2848" freebytes="3337088" totalbytes="3348480" percent="99" regionsoverflowed="0" regionsstable="17" regionsrebuilding="0"/>
  </mem-info>
</gc-end>
<cycle-end id="3902" type="partial gc" contextid="3895" timestamp="2019-06-16T02:56:31.282" />
  <attribute name="elasticGC enabled" value="1" />
  <attribute name= "numThreadsSpecified" value="1" />
  <attribute name="heapSize specified" value="0" />
  <attribute name="Current GC Util" value="79" />
  <attribute name= "Current Time Running" value="63646" />
  <attribute name ="GC Interval" value="0" />
  <attribute name="ProportionalT" value="88.500000" />
  <attribute name="ProportionalI" value="88.500000" />
  <attribute name="ProportionalH" value="88.500000" />
  <attribute name="Current Error" value="59.000000" />
  <attribute name="IntegralT" value="0.000000" />
  <attribute name="IntegralI" value="0.000000" />
  <attribute name="IntegralH" value="0.000000" />
  <attribute name="DerivativeT" value="inf" />
  <attribute name="DerivativeI" value="inf" />
  <attribute name="DerivativeH" value="inf" />
  <attribute name="Loop Time for DT" value="0.000000" />
  <attribute name="Output H" value="8388608"/>
  <attribute name="Output I" value="200"/>
  <attribute name="Output T" value="1"/>
  <attribute name="Target GC Util Change" value ="20.000000" />
  <attribute name="Current GC Util Change" value="79.000000"/>
  <attribute name="GC Util currently" value="79" />
  <attribute name="CPU Util currently" value="19337344629643" />
<exclusive-end id="3903" timestamp="2019-06-16T02:56:31.283" durationms="3.216" />

<exclusive-start id="3904" timestamp="2019-06-16T02:56:31.371" intervalms="91.988">
  <response-info timems="0.087" idlems="0.087" threads="0" lastid="0000000001916700" lastname="main" />
</exclusive-start>
<allocation-taxation id="3905" taxation-threshold="27262976" timestamp="2019-06-16T02:56:31.372" intervalms="92.011" />
<cycle-start id="3906" type="partial gc" contextid="0" timestamp="2019-06-16T02:56:31.372" intervalms="92.015" />
<gc-start id="3907" type="partial gc" contextid="3906" timestamp="2019-06-16T02:56:31.372">
  <mem-info id="3908" free="23068672" total="83886080" percent="27">
    <mem type="eden" free="0" total="27262976" percent="0" />
    <remembered-set count="2528" freebytes="3338368" totalbytes="3348480" percent="99" regionsoverflowed="0" regionsstable="17" regionsrebuilding="0"/>
  </mem-info>
</gc-start>
<allocation-stats totalBytes="27261128" >
  <allocated-bytes non-tlh="0" tlh="27261128" arrayletleaf="0"/>
  <largest-consumer threadName="main" threadId="0000000001916700" bytes="27261128" />
</allocation-stats>
<gc-op id="3909" type="copy forward" timems="1.002" contextid="3906" timestamp="2019-06-16T02:56:31.374">
  <memory-copied type="eden" objects="39" bytes="1056" bytesdiscarded="0" />
  <memory-copied type="other" objects="24" bytes="592" bytesdiscarded="0" />
  <memory-cardclean objects="111" bytes="11456" />
  <regions eden="26" other="2" />
  <remembered-set-cleared processed="800" cleared="25" durationms="0.133" />
  <references type="weak" candidates="2" cleared="0" enqueued="0" />
  <stringconstants candidates="13711" cleared="0"  />
</gc-op>
<gc-op id="3910" type="classunload" timems="0.004" contextid="3906" timestamp="2019-06-16T02:56:31.374">
  <classunload-info classloadercandidates="54" classloadersunloaded="0" classesunloaded="0" anonymousclassesunloaded="0" quiescems="0.000" setupms="0.004" scanms="0.000" postms="0.000" />
</gc-op>
<heap-resize id="3911" type="contract" space="default" amount="4194304" count="1" timems="0.062" reason="insufficient time being spent in gc" timestamp="2019-06-16T02:56:31.375" />
<gc-end id="3912" type="partial gc" contextid="3906" durationms="2.530" usertimems="0.000" systemtimems="4.000" timestamp="2019-06-16T02:56:31.375" activeThreads="1">
  <mem-info id="3913" free="45088768" total="79691776" percent="56">
    <mem type="eden" free="1047520" total="1048576" percent="99" />
    <remembered-set count="2816" freebytes="3337216" totalbytes="3348480" percent="99" regionsoverflowed="0" regionsstable="17" regionsrebuilding="0"/>
  </mem-info>
</gc-end>
<cycle-end id="3914" type="partial gc" contextid="3906" timestamp="2019-06-16T02:56:31.375" />
  <attribute name="elasticGC enabled" value="1" />
  <attribute name= "numThreadsSpecified" value="1" />
  <attribute name="heapSize specified" value="0" />
  <attribute name="Current GC Util" value="57" />
  <attribute name= "Current Time Running" value="63738" />
  <attribute name ="GC Interval" value="0" />
  <attribute name="ProportionalT" value="55.500000" />
  <attribute name="ProportionalI" value="55.500000" />
  <attribute name="ProportionalH" value="55.500000" />
  <attribute name="Current Error" value="37.000000" />
  <attribute name="IntegralT" value="0.000000" />
  <attribute name="IntegralI" value="0.000000" />
  <attribute name="IntegralH" value="0.000000" />
  <attribute name="DerivativeT" value="inf" />
  <attribute name="DerivativeI" value="inf" />
  <attribute name="DerivativeH" value="inf" />
  <attribute name="Loop Time for DT" value="0.000000" />
  <attribute name="Output H" value="8388608"/>
  <attribute name="Output I" value="200"/>
  <attribute name="Output T" value="1"/>
  <attribute name="Target GC Util Change" value ="20.000000" />
  <attribute name="Current GC Util Change" value="57.000000"/>
  <attribute name="GC Util currently" value="57" />
  <attribute name="CPU Util currently" value="16994778029457" />
<exclusive-end id="3915" timestamp="2019-06-16T02:56:31.375" durationms="3.716" />

<exclusive-start id="3916" timestamp="2019-06-16T02:56:31.386" intervalms="14.687">
  <response-info timems="0.089" idlems="0.089" threads="0" lastid="0000000001916700" lastname="main" />
</exclusive-start>
<allocation-taxation id="3917" taxation-threshold="26214400" timestamp="2019-06-16T02:56:31.386" intervalms="14.692" />
<cycle-start id="3918" type="partial gc" contextid="0" timestamp="2019-06-16T02:56:31.387" intervalms="14.711" />
<gc-start id="3919" type="partial gc" contextid="3918" timestamp="2019-06-16T02:56:31.387">
  <mem-info id="3920" free="18874368" total="79691776" percent="23">
    <mem type="eden" free="0" total="26214400" percent="0" />
    <remembered-set count="2560" freebytes="3338240" totalbytes="3348480" percent="99" regionsoverflowed="0" regionsstable="17" regionsrebuilding="0"/>
  </mem-info>
</gc-start>
<allocation-stats totalBytes="26212336" >
  <allocated-bytes non-tlh="0" tlh="26212336" arrayletleaf="0"/>
  <largest-consumer threadName="main" threadId="0000000001916700" bytes="26212336" />
</allocation-stats>
<gc-op id="3921" type="copy forward" timems="1.269" contextid="3918" timestamp="2019-06-16T02:56:31.389">
  <memory-copied type="eden" objects="2" bytes="48" bytesdiscarded="0" />
  <memory-copied type="other" objects="42" bytes="1144" bytesdiscarded="1384" />
  <memory-cardclean objects="108" bytes="3272" />
  <regions eden="25" other="2" />
  <remembered-set-cleared processed="797" cleared="22" durationms="0.094" />
  <stringconstants candidates="13711" cleared="0"  />
</gc-op>
<gc-op id="3922" type="classunload" timems="0.003" contextid="3918" timestamp="2019-06-16T02:56:31.389">
  <classunload-info classloadercandidates="54" classloadersunloaded="0" classesunloaded="0" anonymousclassesunloaded="0" quiescems="0.000" setupms="0.003" scanms="0.000" postms="0.000" />
</gc-op>
<gc-end id="3923" type="partial gc" contextid="3918" durationms="2.587" usertimems="4.000" systemtimems="0.000" timestamp="2019-06-16T02:56:31.389" activeThreads="4">
  <mem-info id="3924" free="44040192" total="79691776" percent="55">
    <mem type="eden" free="1048528" total="1048576" percent="99" />
    <remembered-set count="2624" freebytes="3170560" totalbytes="3181056" percent="99" regionsoverflowed="0" regionsstable="17" regionsrebuilding="0"/>
  </mem-info>
</gc-end>
<cycle-end id="3925" type="partial gc" contextid="3918" timestamp="2019-06-16T02:56:31.390" />
  <attribute name="elasticGC enabled" value="1" />
  <attribute name= "numThreadsSpecified" value="4" />
  <attribute name="heapSize specified" value="0" />
  <attribute name="Current GC Util" value="37" />
  <attribute name= "Current Time Running" value="63753" />
  <attribute name ="GC Interval" value="0" />
  <attribute name="ProportionalT" value="25.500000" />
  <attribute name="ProportionalI" value="25.500000" />
  <attribute name="ProportionalH" value="25.500000" />
  <attribute name="Current Error" value="17.000000" />
  <attribute name="IntegralT" value="17.000000" />
  <attribute name="IntegralI" value="17.000000" />
  <attribute name="IntegralH" value="17.000000" />
  <attribute name="DerivativeT" value="17.000000" />
  <attribute name="DerivativeI" value="17.000000" />
  <attribute name="DerivativeH" value="17.000000" />
  <attribute name="Loop Time for DT" value="1.000000" />
  <attribute name="Output H" value="8388608"/>
  <attribute name="Output I" value="200"/>
  <attribute name="Output T" value="4"/>
  <attribute name="Target GC Util Change" value ="20.000000" />
  <attribute name="Current GC Util Change" value="37.000000"/>
  <attribute name="GC Util currently" value="37" />
  <attribute name="CPU Util currently" value="8510027405254" />
<exclusive-end id="3926" timestamp="2019-06-16T02:56:31.390" durationms="3.692" />

<exclusive-start id="3927" timestamp="2019-06-16T02:56:31.416" intervalms="30.359">
  <response-info timems="0.091" idlems="0.091" threads="0" lastid="0000000001916700" lastname="main" />
</exclusive-start>
<allocation-taxation id="3928" taxation-threshold="26214400" timestamp="2019-06-16T02:56:31.417" intervalms="30.370" />
<cycle-start id="3929" type="partial gc" contextid="0" timestamp="2019-06-16T02:56:31.417" intervalms="30.369" />
<gc-start id="3930" type="partial gc" contextid="3929" timestamp="2019-06-16T02:56:31.417">
  <mem-info id="3931" free="17825792" total="79691776" percent="22">
    <mem type="eden" free="1048528" total="27262976" percent="3" />
    <remembered-set count="1536" freebytes="3174912" totalbytes="3181056" percent="99" regionsoverflowed="0" regionsstable="18" regionsrebuilding="0"/>
  </mem-info>
</gc-start>
<allocation-stats totalBytes="26212800" >
  <allocated-bytes non-tlh="0" tlh="26212800" arrayletleaf="0"/>
  <largest-consumer threadName="main" threadId="0000000001916700" bytes="26212800" />
</allocation-stats>
<gc-op id="3932" type="copy forward" timems="0.896" contextid="3929" timestamp="2019-06-16T02:56:31.419">
  <memory-copied type="eden" objects="34" bytes="984" bytesdiscarded="0" />
  <memory-copied type="other" objects="6" bytes="136" bytesdiscarded="0" />
  <memory-cardclean objects="99" bytes="2896" />
  <regions eden="25" other="2" />
  <remembered-set-cleared processed="43" cleared="18" durationms="0.120" />
  <stringconstants candidates="13711" cleared="0"  />
</gc-op>
<gc-op id="3933" type="classunload" timems="0.019" contextid="3929" timestamp="2019-06-16T02:56:31.419">
  <classunload-info classloadercandidates="54" classloadersunloaded="0" classesunloaded="0" anonymousclassesunloaded="0" quiescems="0.000" setupms="0.018" scanms="0.000" postms="0.000" />
</gc-op>
<gc-end id="3934" type="partial gc" contextid="3929" durationms="2.092" usertimems="4.000" systemtimems="0.000" timestamp="2019-06-16T02:56:31.419" activeThreads="1">
  <mem-info id="3935" free="44040192" total="79691776" percent="55">
    <mem type="eden" free="1047592" total="1048576" percent="99" />
    <remembered-set count="1696" freebytes="3174272" totalbytes="3181056" percent="99" regionsoverflowed="0" regionsstable="18" regionsrebuilding="0"/>
  </mem-info>
</gc-end>
<cycle-end id="3936" type="partial gc" contextid="3929" timestamp="2019-06-16T02:56:31.420" />
  <attribute name="elasticGC enabled" value="1" />
  <attribute name= "numThreadsSpecified" value="1" />
  <attribute name="heapSize specified" value="0" />
  <attribute name="Current GC Util" value="63" />
  <attribute name= "Current Time Running" value="63783" />
  <attribute name ="GC Interval" value="0" />
  <attribute name="ProportionalT" value="64.500000" />
  <attribute name="ProportionalI" value="64.500000" />
  <attribute name="ProportionalH" value="64.500000" />
  <attribute name="Current Error" value="43.000000" />
  <attribute name="IntegralT" value="0.000000" />
  <attribute name="IntegralI" value="0.000000" />
  <attribute name="IntegralH" value="0.000000" />
  <attribute name="DerivativeT" value="inf" />
  <attribute name="DerivativeI" value="inf" />
  <attribute name="DerivativeH" value="inf" />
  <attribute name="Loop Time for DT" value="0.000000" />
  <attribute name="Output H" value="8388608"/>
  <attribute name="Output I" value="200"/>
  <attribute name="Output T" value="1"/>
  <attribute name="Target GC Util Change" value ="20.000000" />
  <attribute name="Current GC Util Change" value="63.000000"/>
  <attribute name="GC Util currently" value="63" />
  <attribute name="CPU Util currently" value="17742166950614" />
<exclusive-end id="3937" timestamp="2019-06-16T02:56:31.420" durationms="3.365" />

<exclusive-start id="3938" timestamp="2019-06-16T02:56:31.455" intervalms="38.472">
  <response-info timems="0.044" idlems="0.044" threads="0" lastid="0000000001916700" lastname="main" />
</exclusive-start>
<allocation-taxation id="3939" taxation-threshold="26214400" timestamp="2019-06-16T02:56:31.455" intervalms="38.366" />
<cycle-start id="3940" type="partial gc" contextid="0" timestamp="2019-06-16T02:56:31.455" intervalms="38.288" />
<gc-start id="3941" type="partial gc" contextid="3940" timestamp="2019-06-16T02:56:31.455">
  <mem-info id="3942" free="17825792" total="79691776" percent="22">
    <mem type="eden" free="0" total="26214400" percent="0" />
    <remembered-set count="1312" freebytes="3175808" totalbytes="3181056" percent="99" regionsoverflowed="0" regionsstable="18" regionsrebuilding="0"/>
  </mem-info>
</gc-start>
<allocation-stats totalBytes="26212704" >
  <allocated-bytes non-tlh="0" tlh="26212704" arrayletleaf="0"/>
  <largest-consumer threadName="main" threadId="0000000001916700" bytes="26212704" />
</allocation-stats>
<gc-op id="3943" type="copy forward" timems="0.881" contextid="3940" timestamp="2019-06-16T02:56:31.457">
  <memory-copied type="eden" objects="13" bytes="352" bytesdiscarded="0" />
  <memory-copied type="other" objects="41" bytes="1176" bytesdiscarded="0" />
  <memory-cardclean objects="87" bytes="2616" />
  <regions eden="25" other="2" />
  <remembered-set-cleared processed="38" cleared="14" durationms="0.112" />
  <stringconstants candidates="13711" cleared="0"  />
</gc-op>
<gc-op id="3944" type="classunload" timems="0.004" contextid="3940" timestamp="2019-06-16T02:56:31.457">
  <classunload-info classloadercandidates="54" classloadersunloaded="0" classesunloaded="0" anonymousclassesunloaded="0" quiescems="0.000" setupms="0.003" scanms="0.000" postms="0.000" />
</gc-op>
<gc-end id="3945" type="partial gc" contextid="3940" durationms="1.876" usertimems="0.000" systemtimems="0.000" timestamp="2019-06-16T02:56:31.457" activeThreads="1">
  <mem-info id="3946" free="42991616" total="79691776" percent="53">
    <mem type="eden" free="1048224" total="1048576" percent="99" />
    <remembered-set count="1632" freebytes="3174528" totalbytes="3181056" percent="99" regionsoverflowed="0" regionsstable="18" regionsrebuilding="0"/>
  </mem-info>
</gc-end>
<cycle-end id="3947" type="partial gc" contextid="3940" timestamp="2019-06-16T02:56:31.458" />
  <attribute name="elasticGC enabled" value="1" />
  <attribute name= "numThreadsSpecified" value="1" />
  <attribute name="heapSize specified" value="0" />
  <attribute name="Current GC Util" value="92" />
  <attribute name= "Current Time Running" value="63821" />
  <attribute name ="GC Interval" value="0" />
  <attribute name="ProportionalT" value="108.000000" />
  <attribute name="ProportionalI" value="108.000000" />
  <attribute name="ProportionalH" value="108.000000" />
  <attribute name="Current Error" value="72.000000" />
  <attribute name="IntegralT" value="0.000000" />
  <attribute name="IntegralI" value="0.000000" />
  <attribute name="IntegralH" value="0.000000" />
  <attribute name="DerivativeT" value="inf" />
  <attribute name="DerivativeI" value="inf" />
  <attribute name="DerivativeH" value="inf" />
  <attribute name="Loop Time for DT" value="0.000000" />
  <attribute name="Output H" value="8388608"/>
  <attribute name="Output I" value="200"/>
  <attribute name="Output T" value="1"/>
  <attribute name="Target GC Util Change" value ="20.000000" />
  <attribute name="Current GC Util Change" value="92.000000"/>
  <attribute name="GC Util currently" value="92" />
  <attribute name="CPU Util currently" value="22812849530257" />
<exclusive-end id="3948" timestamp="2019-06-16T02:56:31.458" durationms="2.710" />

<exclusive-start id="3949" timestamp="2019-06-16T02:56:31.472" intervalms="16.605">
  <response-info timems="0.074" idlems="0.074" threads="0" lastid="0000000001916700" lastname="main" />
</exclusive-start>
<allocation-taxation id="3950" taxation-threshold="12582912" timestamp="2019-06-16T02:56:31.472" intervalms="16.625" />
<cycle-start id="3951" type="global mark phase" contextid="0" timestamp="2019-06-16T02:56:31.472" intervalms="957.259" />
<gc-start id="3952" type="global mark phase" contextid="3951" timestamp="2019-06-16T02:56:31.472">
  <mem-info id="3953" free="30408704" total="79691776" percent="38">
    <remembered-set count="1280" freebytes="3175936" totalbytes="3181056" percent="99" regionsoverflowed="0" regionsstable="18" regionsrebuilding="0"/>
  </mem-info>
</gc-start>
<gc-op id="3954" type="mark increment" timems="0.509" contextid="3951" timestamp="2019-06-16T02:56:31.473">
  <trace-info objectcount="183" scancount="0" scanbytes="0" />
</gc-op>
<gc-end id="3955" type="global mark phase" contextid="3951" durationms="0.789" usertimems="0.000" systemtimems="0.000" timestamp="2019-06-16T02:56:31.473" activeThreads="1">
  <mem-info id="3956" free="30408704" total="79691776" percent="38">
    <remembered-set count="1280" freebytes="3175936" totalbytes="3181056" percent="99" regionsoverflowed="0" regionsstable="0" regionsrebuilding="18"/>
  </mem-info>
</gc-end>
<concurrent-start id="3957" type="GMP work packet processing" contextid="3951" timestamp="2019-06-16T02:56:31.473">
  <concurrent-mark-start scanTarget="1048576" />
</concurrent-start>
<exclusive-end id="3958" timestamp="2019-06-16T02:56:31.473" durationms="1.644" />

<concurrent-end id="3959" type="GMP work packet processing" contextid="3951" timestamp="2019-06-16T02:56:31.475">
  <concurrent-mark-end bytesScanned="1162300" reasonForTermination="Work target met" />
</concurrent-end>

<exclusive-start id="3960" timestamp="2019-06-16T02:56:31.487" intervalms="15.354">
  <response-info timems="0.060" idlems="0.060" threads="0" lastid="0000000001916700" lastname="main" />
</exclusive-start>
<allocation-taxation id="3961" taxation-threshold="12582912" timestamp="2019-06-16T02:56:31.487" intervalms="15.407" />
<cycle-start id="3962" type="partial gc" contextid="0" timestamp="2019-06-16T02:56:31.487" intervalms="32.061" />
<gc-start id="3963" type="partial gc" contextid="3962" timestamp="2019-06-16T02:56:31.487">
  <mem-info id="3964" free="17825792" total="79691776" percent="22">
    <mem type="eden" free="1048224" total="26214400" percent="3" />
    <remembered-set count="12160" freebytes="3132416" totalbytes="3181056" percent="98" regionsoverflowed="0" regionsstable="0" regionsrebuilding="18"/>
  </mem-info>
</gc-start>
<allocation-stats totalBytes="25164072" >
  <allocated-bytes non-tlh="0" tlh="25164072" arrayletleaf="0"/>
  <largest-consumer threadName="main" threadId="0000000001916700" bytes="12581960" />
</allocation-stats>
<gc-op id="3965" type="copy forward" timems="1.205" contextid="3962" timestamp="2019-06-16T02:56:31.489">
  <memory-copied type="eden" objects="37" bytes="1128" bytesdiscarded="0" />
  <memory-copied type="other" objects="36" bytes="816" bytesdiscarded="0" />
  <memory-cardclean objects="114" bytes="3720" />
  <regions eden="24" other="2" />
  <remembered-set-cleared processed="9986" cleared="87" durationms="0.177" />
  <stringconstants candidates="13711" cleared="0"  />
</gc-op>
<gc-op id="3966" type="classunload" timems="0.004" contextid="3962" timestamp="2019-06-16T02:56:31.490">
  <classunload-info classloadercandidates="54" classloadersunloaded="0" classesunloaded="0" anonymousclassesunloaded="0" quiescems="0.000" setupms="0.003" scanms="0.000" postms="0.000" />
</gc-op>
<gc-end id="3967" type="partial gc" contextid="3962" durationms="2.278" usertimems="0.000" systemtimems="0.000" timestamp="2019-06-16T02:56:31.490" activeThreads="1">
  <mem-info id="3968" free="42991616" total="79691776" percent="53">
    <mem type="eden" free="1047448" total="1048576" percent="99" />
    <remembered-set count="12480" freebytes="3131136" totalbytes="3181056" percent="98" regionsoverflowed="0" regionsstable="0" regionsrebuilding="18"/>
  </mem-info>
</gc-end>
<cycle-end id="3969" type="partial gc" contextid="3962" timestamp="2019-06-16T02:56:31.490" />
  <attribute name="elasticGC enabled" value="1" />
  <attribute name= "numThreadsSpecified" value="1" />
  <attribute name="heapSize specified" value="0" />
  <attribute name="Current GC Util" value="66" />
  <attribute name= "Current Time Running" value="63853" />
  <attribute name ="GC Interval" value="0" />
  <attribute name="ProportionalT" value="69.000000" />
  <attribute name="ProportionalI" value="69.000000" />
  <attribute name="ProportionalH" value="69.000000" />
  <attribute name="Current Error" value="46.000000" />
  <attribute name="IntegralT" value="0.000000" />
  <attribute name="IntegralI" value="0.000000" />
  <attribute name="IntegralH" value="0.000000" />
  <attribute name="DerivativeT" value="inf" />
  <attribute name="DerivativeI" value="inf" />
  <attribute name="DerivativeH" value="inf" />
  <attribute name="Loop Time for DT" value="0.000000" />
  <attribute name="Output H" value="8388608"/>
  <attribute name="Output I" value="200"/>
  <attribute name="Output T" value="1"/>
  <attribute name="Target GC Util Change" value ="20.000000" />
  <attribute name="Current GC Util Change" value="66.000000"/>
  <attribute name="GC Util currently" value="66" />
  <attribute name="CPU Util currently" value="20329409873232" />
<exclusive-end id="3970" timestamp="2019-06-16T02:56:31.490" durationms="3.280" />

<exclusive-start id="3971" timestamp="2019-06-16T02:56:31.503" intervalms="15.598">
  <response-info timems="0.077" idlems="0.077" threads="0" lastid="0000000001916700" lastname="main" />
</exclusive-start>
<allocation-taxation id="3972" taxation-threshold="12582912" timestamp="2019-06-16T02:56:31.503" intervalms="15.591" />
<gc-start id="3973" type="global mark phase" contextid="3951" timestamp="2019-06-16T02:56:31.503">
  <mem-info id="3974" free="30408704" total="79691776" percent="38">
    <remembered-set count="12128" freebytes="3132544" totalbytes="3181056" percent="98" regionsoverflowed="0" regionsstable="0" regionsrebuilding="18"/>
  </mem-info>
</gc-start>
<gc-end id="3975" type="global mark phase" contextid="3951" durationms="0.201" usertimems="0.000" systemtimems="0.000" timestamp="2019-06-16T02:56:31.503" activeThreads="1">
  <mem-info id="3976" free="30408704" total="79691776" percent="38">
    <remembered-set count="12128" freebytes="3132544" totalbytes="3181056" percent="98" regionsoverflowed="0" regionsstable="0" regionsrebuilding="18"/>
  </mem-info>
</gc-end>
<concurrent-start id="3977" type="GMP work packet processing" contextid="3951" timestamp="2019-06-16T02:56:31.503">
  <concurrent-mark-start scanTarget="1048576" />
</concurrent-start>
<exclusive-end id="3978" timestamp="2019-06-16T02:56:31.504" durationms="1.816" />

<concurrent-end id="3979" type="GMP work packet processing" contextid="3951" timestamp="2019-06-16T02:56:31.504">
  <concurrent-mark-end bytesScanned="1111996" reasonForTermination="Work target met" />
</concurrent-end>

<exclusive-start id="3980" timestamp="2019-06-16T02:56:31.517" intervalms="14.065">
  <response-info timems="0.074" idlems="0.074" threads="0" lastid="0000000001916700" lastname="main" />
</exclusive-start>
<allocation-taxation id="3981" taxation-threshold="12582912" timestamp="2019-06-16T02:56:31.517" intervalms="14.055" />
<cycle-start id="3982" type="partial gc" contextid="0" timestamp="2019-06-16T02:56:31.517" intervalms="29.675" />
<gc-start id="3983" type="partial gc" contextid="3982" timestamp="2019-06-16T02:56:31.517">
  <mem-info id="3984" free="17825792" total="79691776" percent="22">
    <mem type="eden" free="0" total="25165824" percent="0" />
    <remembered-set count="23968" freebytes="3085184" totalbytes="3181056" percent="96" regionsoverflowed="0" regionsstable="0" regionsrebuilding="18"/>
  </mem-info>
</gc-start>
<allocation-stats totalBytes="25163840" >
  <allocated-bytes non-tlh="0" tlh="25163840" arrayletleaf="0"/>
  <largest-consumer threadName="main" threadId="0000000001916700" bytes="12581968" />
</allocation-stats>
<gc-op id="3985" type="copy forward" timems="1.294" contextid="3982" timestamp="2019-06-16T02:56:31.519">
  <memory-copied type="eden" objects="14" bytes="352" bytesdiscarded="0" />
  <memory-copied type="other" objects="27" bytes="848" bytesdiscarded="0" />
  <memory-cardclean objects="61" bytes="1976" />
  <regions eden="24" other="1" />
  <remembered-set-cleared processed="21812" cleared="63" durationms="0.269" />
  <stringconstants candidates="13711" cleared="0"  />
</gc-op>
<gc-op id="3986" type="classunload" timems="0.004" contextid="3982" timestamp="2019-06-16T02:56:31.520">
  <classunload-info classloadercandidates="54" classloadersunloaded="0" classesunloaded="0" anonymousclassesunloaded="0" quiescems="0.000" setupms="0.004" scanms="0.000" postms="0.000" />
</gc-op>
<heap-resize id="3987" type="expand" space="default" amount="13631488" count="1" timems="0.106" reason="excessive time being spent in gc" timestamp="2019-06-16T02:56:31.520" />
<gc-end id="3988" type="partial gc" contextid="3982" durationms="2.751" usertimems="4.000" systemtimems="0.000" timestamp="2019-06-16T02:56:31.520" activeThreads="1">
  <mem-info id="3989" free="55574528" total="93323264" percent="59">
    <mem type="eden" free="1048224" total="1048576" percent="99" />
    <remembered-set count="24416" freebytes="3627520" totalbytes="3725184" percent="97" regionsoverflowed="0" regionsstable="0" regionsrebuilding="18"/>
  </mem-info>
</gc-end>
<cycle-end id="3990" type="partial gc" contextid="3982" timestamp="2019-06-16T02:56:31.520" />
  <attribute name="elasticGC enabled" value="1" />
  <attribute name= "numThreadsSpecified" value="1" />
  <attribute name="heapSize specified" value="0" />
  <attribute name="Current GC Util" value="77" />
  <attribute name= "Current Time Running" value="63883" />
  <attribute name ="GC Interval" value="0" />
  <attribute name="ProportionalT" value="85.500000" />
  <attribute name="ProportionalI" value="85.500000" />
  <attribute name="ProportionalH" value="85.500000" />
  <attribute name="Current Error" value="57.000000" />
  <attribute name="IntegralT" value="0.000000" />
  <attribute name="IntegralI" value="0.000000" />
  <attribute name="IntegralH" value="0.000000" />
  <attribute name="DerivativeT" value="inf" />
  <attribute name="DerivativeI" value="inf" />
  <attribute name="DerivativeH" value="inf" />
  <attribute name="Loop Time for DT" value="0.000000" />
  <attribute name="Output H" value="8388608"/>
  <attribute name="Output I" value="200"/>
  <attribute name="Output T" value="1"/>
  <attribute name="Target GC Util Change" value ="20.000000" />
  <attribute name="Current GC Util Change" value="77.000000"/>
  <attribute name="GC Util currently" value="77" />
  <attribute name="CPU Util currently" value="18305135356116" />
<exclusive-end id="3991" timestamp="2019-06-16T02:56:31.520" durationms="3.904" />

<exclusive-start id="3992" timestamp="2019-06-16T02:56:31.580" intervalms="63.152">
  <response-info timems="0.086" idlems="0.086" threads="0" lastid="0000000001916700" lastname="main" />
</exclusive-start>
<allocation-taxation id="3993" taxation-threshold="14680064" timestamp="2019-06-16T02:56:31.580" intervalms="63.114" />
<gc-start id="3994" type="global mark phase" contextid="3951" timestamp="2019-06-16T02:56:31.580">
  <mem-info id="3995" free="40894464" total="93323264" percent="43">
    <remembered-set count="24032" freebytes="3629056" totalbytes="3725184" percent="97" regionsoverflowed="0" regionsstable="0" regionsrebuilding="18"/>
  </mem-info>
</gc-start>
<gc-end id="3996" type="global mark phase" contextid="3951" durationms="0.141" usertimems="0.000" systemtimems="0.000" timestamp="2019-06-16T02:56:31.580" activeThreads="1">
  <mem-info id="3997" free="40894464" total="93323264" percent="43">
    <remembered-set count="24032" freebytes="3629056" totalbytes="3725184" percent="97" regionsoverflowed="0" regionsstable="0" regionsrebuilding="18"/>
  </mem-info>
</gc-end>
<concurrent-start id="3998" type="GMP work packet processing" contextid="3951" timestamp="2019-06-16T02:56:31.580">
  <concurrent-mark-start scanTarget="1048576" />
</concurrent-start>
<exclusive-end id="3999" timestamp="2019-06-16T02:56:31.581" durationms="1.490" />

<concurrent-end id="4000" type="GMP work packet processing" contextid="3951" timestamp="2019-06-16T02:56:31.581">
  <concurrent-mark-end bytesScanned="1089600" reasonForTermination="Work target met" />
</concurrent-end>

<exclusive-start id="4001" timestamp="2019-06-16T02:56:31.616" intervalms="36.053">
  <response-info timems="0.065" idlems="0.065" threads="0" lastid="0000000001916700" lastname="main" />
</exclusive-start>
<allocation-taxation id="4002" taxation-threshold="14680064" timestamp="2019-06-16T02:56:31.616" intervalms="36.002" />
<cycle-start id="4003" type="partial gc" contextid="0" timestamp="2019-06-16T02:56:31.616" intervalms="99.038" />
<gc-start id="4004" type="partial gc" contextid="4003" timestamp="2019-06-16T02:56:31.616">
  <mem-info id="4005" free="26214400" total="93323264" percent="28">
    <mem type="eden" free="1048224" total="30408704" percent="3" />
    <remembered-set count="34880" freebytes="3585664" totalbytes="3725184" percent="96" regionsoverflowed="0" regionsstable="0" regionsrebuilding="18"/>
  </mem-info>
</gc-start>
<allocation-stats totalBytes="29344536" >
  <allocated-bytes non-tlh="0" tlh="29344536" arrayletleaf="0"/>
  <largest-consumer threadName="main" threadId="0000000001916700" bytes="14665896" />
</allocation-stats>
<gc-op id="4006" type="copy forward" timems="1.489" contextid="4003" timestamp="2019-06-16T02:56:31.618">
  <memory-copied type="eden" objects="58" bytes="3312" bytesdiscarded="0" />
  <memory-copied type="other" objects="0" bytes="0" bytesdiscarded="0" />
  <memory-cardclean objects="71" bytes="2152" />
  <regions eden="28" other="1" />
  <remembered-set-cleared processed="32183" cleared="44" durationms="0.355" />
  <stringconstants candidates="13711" cleared="0"  />
</gc-op>
<gc-op id="4007" type="classunload" timems="0.004" contextid="4003" timestamp="2019-06-16T02:56:31.619">
  <classunload-info classloadercandidates="54" classloadersunloaded="0" classesunloaded="0" anonymousclassesunloaded="0" quiescems="0.000" setupms="0.004" scanms="0.000" postms="0.000" />
</gc-op>
<gc-end id="4008" type="partial gc" contextid="4003" durationms="2.605" usertimems="4.000" systemtimems="0.000" timestamp="2019-06-16T02:56:31.619" activeThreads="1">
  <mem-info id="4009" free="55574528" total="93323264" percent="59">
    <mem type="eden" free="1045264" total="1048576" percent="99" />
    <remembered-set count="35360" freebytes="3583744" totalbytes="3725184" percent="96" regionsoverflowed="0" regionsstable="0" regionsrebuilding="18"/>
  </mem-info>
</gc-end>
<cycle-end id="4010" type="partial gc" contextid="4003" timestamp="2019-06-16T02:56:31.619" />
  <attribute name="elasticGC enabled" value="1" />
  <attribute name= "numThreadsSpecified" value="1" />
  <attribute name="heapSize specified" value="0" />
  <attribute name="Current GC Util" value="67" />
  <attribute name= "Current Time Running" value="63982" />
  <attribute name ="GC Interval" value="0" />
  <attribute name="ProportionalT" value="70.500000" />
  <attribute name="ProportionalI" value="70.500000" />
  <attribute name="ProportionalH" value="70.500000" />
  <attribute name="Current Error" value="47.000000" />
  <attribute name="IntegralT" value="0.000000" />
  <attribute name="IntegralI" value="0.000000" />
  <attribute name="IntegralH" value="0.000000" />
  <attribute name="DerivativeT" value="inf" />
  <attribute name="DerivativeI" value="inf" />
  <attribute name="DerivativeH" value="inf" />
  <attribute name="Loop Time for DT" value="0.000000" />
  <attribute name="Output H" value="8388608"/>
  <attribute name="Output I" value="200"/>
  <attribute name="Output T" value="1"/>
  <attribute name="Target GC Util Change" value ="20.000000" />
  <attribute name="Current GC Util Change" value="67.000000"/>
  <attribute name="GC Util currently" value="67" />
  <attribute name="CPU Util currently" value="18289889787959" />
<exclusive-end id="4011" timestamp="2019-06-16T02:56:31.619" durationms="3.528" />

<exclusive-start id="4012" timestamp="2019-06-16T02:56:31.653" intervalms="37.010">
  <response-info timems="0.154" idlems="0.154" threads="0" lastid="0000000001916700" lastname="main" />
</exclusive-start>
<allocation-taxation id="4013" taxation-threshold="14680064" timestamp="2019-06-16T02:56:31.653" intervalms="37.028" />
<gc-start id="4014" type="global mark phase" contextid="3951" timestamp="2019-06-16T02:56:31.653">
  <mem-info id="4015" free="40894464" total="93323264" percent="43">
    <remembered-set count="34912" freebytes="3585536" totalbytes="3725184" percent="96" regionsoverflowed="0" regionsstable="0" regionsrebuilding="18"/>
  </mem-info>
</gc-start>
<gc-end id="4016" type="global mark phase" contextid="3951" durationms="0.147" usertimems="0.000" systemtimems="0.000" timestamp="2019-06-16T02:56:31.653" activeThreads="1">
  <mem-info id="4017" free="40894464" total="93323264" percent="43">
    <remembered-set count="34912" freebytes="3585536" totalbytes="3725184" percent="96" regionsoverflowed="0" regionsstable="0" regionsrebuilding="18"/>
  </mem-info>
</gc-end>
<concurrent-start id="4018" type="GMP work packet processing" contextid="3951" timestamp="2019-06-16T02:56:31.653">
  <concurrent-mark-start scanTarget="1048576" />
</concurrent-start>
<exclusive-end id="4019" timestamp="2019-06-16T02:56:31.654" durationms="0.793" />

<concurrent-end id="4020" type="GMP work packet processing" contextid="3951" timestamp="2019-06-16T02:56:31.657">
  <concurrent-mark-end bytesScanned="1091096" reasonForTermination="Work target met" />
</concurrent-end>

<exclusive-start id="4021" timestamp="2019-06-16T02:56:31.688" intervalms="34.941">
  <response-info timems="0.096" idlems="0.096" threads="0" lastid="0000000001916700" lastname="main" />
</exclusive-start>
<allocation-taxation id="4022" taxation-threshold="14680064" timestamp="2019-06-16T02:56:31.688" intervalms="35.016" />
<cycle-start id="4023" type="partial gc" contextid="0" timestamp="2019-06-16T02:56:31.688" intervalms="72.156" />
<gc-start id="4024" type="partial gc" contextid="4023" timestamp="2019-06-16T02:56:31.689">
  <mem-info id="4025" free="26214400" total="93323264" percent="28">
    <mem type="eden" free="0" total="29360128" percent="0" />
    <remembered-set count="44960" freebytes="3545344" totalbytes="3725184" percent="95" regionsoverflowed="0" regionsstable="0" regionsrebuilding="18"/>
  </mem-info>
</gc-start>
<allocation-stats totalBytes="29338248" >
  <allocated-bytes non-tlh="0" tlh="29338248" arrayletleaf="0"/>
  <largest-consumer threadName="main" threadId="0000000001916700" bytes="14669488" />
</allocation-stats>
<gc-op id="4026" type="copy forward" timems="1.473" contextid="4023" timestamp="2019-06-16T02:56:31.691">
  <memory-copied type="eden" objects="2" bytes="56" bytesdiscarded="0" />
  <memory-copied type="other" objects="53" bytes="2192" bytesdiscarded="0" />
  <memory-cardclean objects="59" bytes="1960" />
  <regions eden="28" other="1" />
  <remembered-set-cleared processed="42264" cleared="44" durationms="0.385" />
  <stringconstants candidates="13711" cleared="0"  />
</gc-op>
<gc-op id="4027" type="classunload" timems="0.004" contextid="4023" timestamp="2019-06-16T02:56:31.691">
  <classunload-info classloadercandidates="54" classloadersunloaded="0" classesunloaded="0" anonymousclassesunloaded="0" quiescems="0.000" setupms="0.004" scanms="0.000" postms="0.000" />
</gc-op>
<gc-end id="4028" type="partial gc" contextid="4023" durationms="2.750" usertimems="4.000" systemtimems="0.000" timestamp="2019-06-16T02:56:31.691" activeThreads="1">
  <mem-info id="4029" free="54525952" total="93323264" percent="58">
    <mem type="eden" free="1048520" total="1048576" percent="99" />
    <remembered-set count="45408" freebytes="3543552" totalbytes="3725184" percent="95" regionsoverflowed="0" regionsstable="0" regionsrebuilding="18"/>
  </mem-info>
</gc-end>
<cycle-end id="4030" type="partial gc" contextid="4023" timestamp="2019-06-16T02:56:31.691" />
  <attribute name="elasticGC enabled" value="1" />
  <attribute name= "numThreadsSpecified" value="1" />
  <attribute name="heapSize specified" value="0" />
  <attribute name="Current GC Util" value="71" />
  <attribute name= "Current Time Running" value="64054" />
  <attribute name ="GC Interval" value="0" />
  <attribute name="ProportionalT" value="76.500000" />
  <attribute name="ProportionalI" value="76.500000" />
  <attribute name="ProportionalH" value="76.500000" />
  <attribute name="Current Error" value="51.000000" />
  <attribute name="IntegralT" value="0.000000" />
  <attribute name="IntegralI" value="0.000000" />
  <attribute name="IntegralH" value="0.000000" />
  <attribute name="DerivativeT" value="inf" />
  <attribute name="DerivativeI" value="inf" />
  <attribute name="DerivativeH" value="inf" />
  <attribute name="Loop Time for DT" value="0.000000" />
  <attribute name="Output H" value="8388608"/>
  <attribute name="Output I" value="200"/>
  <attribute name="Output T" value="1"/>
  <attribute name="Target GC Util Change" value ="20.000000" />
  <attribute name="Current GC Util Change" value="71.000000"/>
  <attribute name="GC Util currently" value="71" />
  <attribute name="CPU Util currently" value="18091783097948" />
<exclusive-end id="4031" timestamp="2019-06-16T02:56:31.692" durationms="4.052" />

<exclusive-start id="4032" timestamp="2019-06-16T02:56:31.725" intervalms="37.635">
  <response-info timems="0.095" idlems="0.095" threads="0" lastid="0000000001916700" lastname="main" />
</exclusive-start>
<allocation-taxation id="4033" taxation-threshold="14680064" timestamp="2019-06-16T02:56:31.726" intervalms="37.660" />
<gc-start id="4034" type="global mark phase" contextid="3951" timestamp="2019-06-16T02:56:31.726">
  <mem-info id="4035" free="39845888" total="93323264" percent="42">
    <remembered-set count="44992" freebytes="3545216" totalbytes="3725184" percent="95" regionsoverflowed="0" regionsstable="0" regionsrebuilding="18"/>
  </mem-info>
</gc-start>
<gc-end id="4036" type="global mark phase" contextid="3951" durationms="0.208" usertimems="0.000" systemtimems="0.000" timestamp="2019-06-16T02:56:31.726" activeThreads="1">
  <mem-info id="4037" free="39845888" total="93323264" percent="42">
    <remembered-set count="44992" freebytes="3545216" totalbytes="3725184" percent="95" regionsoverflowed="0" regionsstable="0" regionsrebuilding="18"/>
  </mem-info>
</gc-end>
<concurrent-start id="4038" type="GMP work packet processing" contextid="3951" timestamp="2019-06-16T02:56:31.726">
  <concurrent-mark-start scanTarget="1048576" />
</concurrent-start>
<exclusive-end id="4039" timestamp="2019-06-16T02:56:31.726" durationms="0.978" />

<concurrent-end id="4040" type="GMP work packet processing" contextid="3951" timestamp="2019-06-16T02:56:31.729">
  <concurrent-mark-end bytesScanned="1103508" reasonForTermination="Work target met" />
</concurrent-end>

<exclusive-start id="4041" timestamp="2019-06-16T02:56:31.761" intervalms="35.192">
  <response-info timems="0.088" idlems="0.088" threads="0" lastid="0000000001916700" lastname="main" />
</exclusive-start>
<allocation-taxation id="4042" taxation-threshold="14680064" timestamp="2019-06-16T02:56:31.761" intervalms="35.158" />
<cycle-start id="4043" type="partial gc" contextid="0" timestamp="2019-06-16T02:56:31.761" intervalms="72.779" />
<gc-start id="4044" type="partial gc" contextid="4043" timestamp="2019-06-16T02:56:31.761">
  <mem-info id="4045" free="25165824" total="93323264" percent="26">
    <mem type="eden" free="1048520" total="30408704" percent="3" />
    <remembered-set count="54720" freebytes="3506304" totalbytes="3725184" percent="94" regionsoverflowed="0" regionsstable="0" regionsrebuilding="18"/>
  </mem-info>
</gc-start>
<allocation-stats totalBytes="29338448" >
  <allocated-bytes non-tlh="0" tlh="29338448" arrayletleaf="0"/>
  <largest-consumer threadName="main" threadId="0000000001916700" bytes="14669832" />
</allocation-stats>
<gc-op id="4046" type="copy forward" timems="1.493" contextid="4043" timestamp="2019-06-16T02:56:31.764">
  <memory-copied type="eden" objects="1" bytes="24" bytesdiscarded="0" />
  <memory-copied type="other" objects="0" bytes="0" bytesdiscarded="0" />
  <memory-cardclean objects="15" bytes="344" />
  <regions eden="28" other="1" />
  <remembered-set-cleared processed="52367" cleared="7" durationms="0.429" />
  <stringconstants candidates="13711" cleared="0"  />
</gc-op>
<gc-op id="4047" type="classunload" timems="0.004" contextid="4043" timestamp="2019-06-16T02:56:31.764">
  <classunload-info classloadercandidates="54" classloadersunloaded="0" classesunloaded="0" anonymousclassesunloaded="0" quiescems="0.000" setupms="0.004" scanms="0.000" postms="0.000" />
</gc-op>
<heap-resize id="4048" type="contract" space="default" amount="5242880" count="1" timems="0.063" reason="insufficient time being spent in gc" timestamp="2019-06-16T02:56:31.764" />
<gc-end id="4049" type="partial gc" contextid="4043" durationms="2.933" usertimems="0.000" systemtimems="0.000" timestamp="2019-06-16T02:56:31.764" activeThreads="1">
  <mem-info id="4050" free="49283072" total="88080384" percent="55">
    <mem type="eden" free="1048552" total="1048576" percent="99" />
    <remembered-set count="55168" freebytes="3504512" totalbytes="3725184" percent="94" regionsoverflowed="0" regionsstable="0" regionsrebuilding="18"/>
  </mem-info>
</gc-end>
<cycle-end id="4051" type="partial gc" contextid="4043" timestamp="2019-06-16T02:56:31.764" />
  <attribute name="elasticGC enabled" value="1" />
  <attribute name= "numThreadsSpecified" value="1" />
  <attribute name="heapSize specified" value="0" />
  <attribute name="Current GC Util" value="66" />
  <attribute name= "Current Time Running" value="64127" />
  <attribute name ="GC Interval" value="0" />
  <attribute name="ProportionalT" value="69.000000" />
  <attribute name="ProportionalI" value="69.000000" />
  <attribute name="ProportionalH" value="69.000000" />
  <attribute name="Current Error" value="46.000000" />
  <attribute name="IntegralT" value="0.000000" />
  <attribute name="IntegralI" value="0.000000" />
  <attribute name="IntegralH" value="0.000000" />
  <attribute name="DerivativeT" value="inf" />
  <attribute name="DerivativeI" value="inf" />
  <attribute name="DerivativeH" value="inf" />
  <attribute name="Loop Time for DT" value="0.000000" />
  <attribute name="Output H" value="8388608"/>
  <attribute name="Output I" value="200"/>
  <attribute name="Output T" value="1"/>
  <attribute name="Target GC Util Change" value ="20.000000" />
  <attribute name="Current GC Util Change" value="66.000000"/>
  <attribute name="GC Util currently" value="66" />
  <attribute name="CPU Util currently" value="18631794868532" />
<exclusive-end id="4052" timestamp="2019-06-16T02:56:31.765" durationms="4.072" />

<exclusive-start id="4053" timestamp="2019-06-16T02:56:31.793" intervalms="31.970">
  <response-info timems="0.095" idlems="0.095" threads="0" lastid="0000000001916700" lastname="main" />
</exclusive-start>
<allocation-taxation id="4054" taxation-threshold="13631488" timestamp="2019-06-16T02:56:31.793" intervalms="31.979" />
<gc-start id="4055" type="global mark phase" contextid="3951" timestamp="2019-06-16T02:56:31.793">
  <mem-info id="4056" free="35651584" total="88080384" percent="40">
    <remembered-set count="54720" freebytes="3506304" totalbytes="3725184" percent="94" regionsoverflowed="0" regionsstable="0" regionsrebuilding="18"/>
  </mem-info>
</gc-start>
<gc-end id="4057" type="global mark phase" contextid="3951" durationms="0.196" usertimems="0.000" systemtimems="0.000" timestamp="2019-06-16T02:56:31.793" activeThreads="1">
  <mem-info id="4058" free="35651584" total="88080384" percent="40">
    <remembered-set count="54720" freebytes="3506304" totalbytes="3725184" percent="94" regionsoverflowed="0" regionsstable="0" regionsrebuilding="18"/>
  </mem-info>
</gc-end>
<concurrent-start id="4059" type="GMP work packet processing" contextid="3951" timestamp="2019-06-16T02:56:31.793">
  <concurrent-mark-start scanTarget="1048576" />
</concurrent-start>
<exclusive-end id="4060" timestamp="2019-06-16T02:56:31.794" durationms="1.073" />

<concurrent-end id="4061" type="GMP work packet processing" contextid="3951" timestamp="2019-06-16T02:56:31.795">
  <concurrent-mark-end bytesScanned="1093396" reasonForTermination="Work target met" />
</concurrent-end>

<exclusive-start id="4062" timestamp="2019-06-16T02:56:31.822" intervalms="29.078">
  <response-info timems="0.106" idlems="0.106" threads="0" lastid="0000000001916700" lastname="main" />
</exclusive-start>
<allocation-taxation id="4063" taxation-threshold="13631488" timestamp="2019-06-16T02:56:31.822" intervalms="29.054" />
<cycle-start id="4064" type="partial gc" contextid="0" timestamp="2019-06-16T02:56:31.822" intervalms="61.023" />
<gc-start id="4065" type="partial gc" contextid="4064" timestamp="2019-06-16T02:56:31.822">
  <mem-info id="4066" free="22020096" total="88080384" percent="25">
    <mem type="eden" free="1048552" total="28311552" percent="3" />
    <remembered-set count="63008" freebytes="3473152" totalbytes="3725184" percent="93" regionsoverflowed="0" regionsstable="0" regionsrebuilding="18"/>
  </mem-info>
</gc-start>
<allocation-stats totalBytes="27256320" >
  <allocated-bytes non-tlh="0" tlh="27256320" arrayletleaf="0"/>
  <largest-consumer threadName="main" threadId="0000000001916700" bytes="13628976" />
</allocation-stats>
<gc-op id="4067" type="copy forward" timems="1.620" contextid="4064" timestamp="2019-06-16T02:56:31.825">
  <memory-copied type="eden" objects="29" bytes="1392" bytesdiscarded="0" />
  <memory-copied type="other" objects="0" bytes="0" bytesdiscarded="0" />
  <memory-cardclean objects="89" bytes="2496" />
  <regions eden="26" other="1" />
  <remembered-set-cleared processed="60456" cleared="43" durationms="0.459" />
  <stringconstants candidates="13711" cleared="0"  />
</gc-op>
<gc-op id="4068" type="classunload" timems="0.004" contextid="4064" timestamp="2019-06-16T02:56:31.825">
  <classunload-info classloadercandidates="54" classloadersunloaded="0" classesunloaded="0" anonymousclassesunloaded="0" quiescems="0.000" setupms="0.003" scanms="0.000" postms="0.000" />
</gc-op>
<gc-end id="4069" type="partial gc" contextid="4064" durationms="3.226" usertimems="4.000" systemtimems="0.000" timestamp="2019-06-16T02:56:31.825" activeThreads="1">
  <mem-info id="4070" free="49283072" total="88080384" percent="55">
    <mem type="eden" free="1047184" total="1048576" percent="99" />
    <remembered-set count="62720" freebytes="3265024" totalbytes="3515904" percent="92" regionsoverflowed="0" regionsstable="0" regionsrebuilding="18"/>
  </mem-info>
</gc-end>
<cycle-end id="4071" type="partial gc" contextid="4064" timestamp="2019-06-16T02:56:31.826" />
  <attribute name="elasticGC enabled" value="1" />
  <attribute name= "numThreadsSpecified" value="1" />
  <attribute name="heapSize specified" value="0" />
  <attribute name="Current GC Util" value="98" />
  <attribute name= "Current Time Running" value="64188" />
  <attribute name ="GC Interval" value="0" />
  <attribute name="ProportionalT" value="117.000000" />
  <attribute name="ProportionalI" value="117.000000" />
  <attribute name="ProportionalH" value="117.000000" />
  <attribute name="Current Error" value="78.000000" />
  <attribute name="IntegralT" value="0.000000" />
  <attribute name="IntegralI" value="0.000000" />
  <attribute name="IntegralH" value="0.000000" />
  <attribute name="DerivativeT" value="inf" />
  <attribute name="DerivativeI" value="inf" />
  <attribute name="DerivativeH" value="inf" />
  <attribute name="Loop Time for DT" value="0.000000" />
  <attribute name="Output H" value="8388608"/>
  <attribute name="Output I" value="200"/>
  <attribute name="Output T" value="1"/>
  <attribute name="Target GC Util Change" value ="20.000000" />
  <attribute name="Current GC Util Change" value="98.000000"/>
  <attribute name="GC Util currently" value="98" />
  <attribute name="CPU Util currently" value="7785775254541" />
<exclusive-end id="4072" timestamp="2019-06-16T02:56:31.826" durationms="4.411" />

<exclusive-start id="4073" timestamp="2019-06-16T02:56:31.831" intervalms="8.966">
  <response-info timems="0.074" idlems="0.074" threads="0" lastid="0000000001916700" lastname="main" />
</exclusive-start>
<allocation-taxation id="4074" taxation-threshold="13631488" timestamp="2019-06-16T02:56:31.831" intervalms="8.992" />
<gc-start id="4075" type="global mark phase" contextid="3951" timestamp="2019-06-16T02:56:31.831">
  <mem-info id="4076" free="35651584" total="88080384" percent="40">
    <remembered-set count="62272" freebytes="3266816" totalbytes="3515904" percent="92" regionsoverflowed="0" regionsstable="0" regionsrebuilding="18"/>
  </mem-info>
</gc-start>
<gc-end id="4077" type="global mark phase" contextid="3951" durationms="0.200" usertimems="0.000" systemtimems="0.000" timestamp="2019-06-16T02:56:31.831" activeThreads="1">
  <mem-info id="4078" free="35651584" total="88080384" percent="40">
    <remembered-set count="62272" freebytes="3266816" totalbytes="3515904" percent="92" regionsoverflowed="0" regionsstable="0" regionsrebuilding="18"/>
  </mem-info>
</gc-end>
<concurrent-start id="4079" type="GMP work packet processing" contextid="3951" timestamp="2019-06-16T02:56:31.831">
  <concurrent-mark-start scanTarget="1048576" />
</concurrent-start>
<exclusive-end id="4080" timestamp="2019-06-16T02:56:31.832" durationms="1.030" />

<concurrent-end id="4081" type="GMP work packet processing" contextid="3951" timestamp="2019-06-16T02:56:31.833">
  <concurrent-mark-end bytesScanned="1085796" reasonForTermination="Work target met" />
</concurrent-end>

<exclusive-start id="4082" timestamp="2019-06-16T02:56:31.836" intervalms="5.481">
  <response-info timems="0.070" idlems="0.070" threads="0" lastid="0000000001916700" lastname="main" />
</exclusive-start>
<allocation-taxation id="4083" taxation-threshold="13631488" timestamp="2019-06-16T02:56:31.836" intervalms="5.460" />
<cycle-start id="4084" type="partial gc" contextid="0" timestamp="2019-06-16T02:56:31.836" intervalms="14.449" />
<gc-start id="4085" type="partial gc" contextid="4084" timestamp="2019-06-16T02:56:31.837">
  <mem-info id="4086" free="22020096" total="88080384" percent="25">
    <mem type="eden" free="0" total="27262976" percent="0" />
    <remembered-set count="71072" freebytes="3231616" totalbytes="3515904" percent="91" regionsoverflowed="0" regionsstable="0" regionsrebuilding="18"/>
  </mem-info>
</gc-start>
<allocation-stats totalBytes="27223336" >
  <allocated-bytes non-tlh="0" tlh="27223336" arrayletleaf="0"/>
  <largest-consumer threadName="main" threadId="0000000001916700" bytes="13606968" />
</allocation-stats>
<gc-op id="4087" type="copy forward" timems="3.317" contextid="4084" timestamp="2019-06-16T02:56:31.841">
  <memory-copied type="eden" objects="3" bytes="72" bytesdiscarded="720" />
  <memory-copied type="other" objects="28" bytes="1360" bytesdiscarded="1992" />
  <memory-cardclean objects="69" bytes="2176" />
  <regions eden="26" other="1" />
  <remembered-set-cleared processed="68515" cleared="43" durationms="0.323" />
  <stringconstants candidates="13711" cleared="0"  />
</gc-op>
<gc-op id="4088" type="classunload" timems="0.004" contextid="4084" timestamp="2019-06-16T02:56:31.841">
  <classunload-info classloadercandidates="54" classloadersunloaded="0" classesunloaded="0" anonymousclassesunloaded="0" quiescems="0.000" setupms="0.003" scanms="0.000" postms="0.000" />
</gc-op>
<heap-resize id="4089" type="expand" space="default" amount="11534336" count="1" timems="0.095" reason="excessive time being spent in gc" timestamp="2019-06-16T02:56:31.841" />
<gc-end id="4090" type="partial gc" contextid="4084" durationms="4.743" usertimems="8.000" systemtimems="0.000" timestamp="2019-06-16T02:56:31.841" activeThreads="4">
  <mem-info id="4091" free="59768832" total="99614720" percent="60">
    <mem type="eden" free="1047784" total="1048576" percent="99" />
    <remembered-set count="71744" freebytes="3689344" totalbytes="3976320" percent="92" regionsoverflowed="0" regionsstable="0" regionsrebuilding="18"/>
  </mem-info>
</gc-end>
<cycle-end id="4092" type="partial gc" contextid="4084" timestamp="2019-06-16T02:56:31.842" />
  <attribute name="elasticGC enabled" value="1" />
  <attribute name= "numThreadsSpecified" value="4" />
  <attribute name="heapSize specified" value="0" />
  <attribute name="Current GC Util" value="150" />
  <attribute name= "Current Time Running" value="64203" />
  <attribute name ="GC Interval" value="0" />
  <attribute name="ProportionalT" value="195.000000" />
  <attribute name="ProportionalI" value="195.000000" />
  <attribute name="ProportionalH" value="195.000000" />
  <attribute name="Current Error" value="130.000000" />
  <attribute name="IntegralT" value="130.000000" />
  <attribute name="IntegralI" value="130.000000" />
  <attribute name="IntegralH" value="130.000000" />
  <attribute name="DerivativeT" value="95.000000" />
  <attribute name="DerivativeI" value="95.000000" />
  <attribute name="DerivativeH" value="95.000000" />
  <attribute name="Loop Time for DT" value="1.000000" />
  <attribute name="Output H" value="8388608"/>
  <attribute name="Output I" value="424"/>
  <attribute name="Output T" value="4"/>
  <attribute name="Target GC Util Change" value ="20.000000" />
  <attribute name="Current GC Util Change" value="150.000000"/>
  <attribute name="GC Util currently" value="150" />
  <attribute name="CPU Util currently" value="13656121747235" />
<exclusive-end id="4093" timestamp="2019-06-16T02:56:31.842" durationms="5.663" />

<exclusive-start id="4094" timestamp="2019-06-16T02:56:31.847" intervalms="10.819">
  <response-info timems="0.051" idlems="0.051" threads="0" lastid="0000000001916700" lastname="main" />
</exclusive-start>
<allocation-taxation id="4095" taxation-threshold="15728640" timestamp="2019-06-16T02:56:31.847" intervalms="10.850" />
<gc-start id="4096" type="global mark phase" contextid="3951" timestamp="2019-06-16T02:56:31.847">
  <mem-info id="4097" free="44040192" total="99614720" percent="44">
    <remembered-set count="71744" freebytes="3689344" totalbytes="3976320" percent="92" regionsoverflowed="0" regionsstable="0" regionsrebuilding="18"/>
  </mem-info>
</gc-start>
<gc-end id="4098" type="global mark phase" contextid="3951" durationms="0.202" usertimems="0.000" systemtimems="0.000" timestamp="2019-06-16T02:56:31.847" activeThreads="4">
  <mem-info id="4099" free="44040192" total="99614720" percent="44">
    <remembered-set count="71744" freebytes="3689344" totalbytes="3976320" percent="92" regionsoverflowed="0" regionsstable="0" regionsrebuilding="18"/>
  </mem-info>
</gc-end>
<concurrent-start id="4100" type="GMP work packet processing" contextid="3951" timestamp="2019-06-16T02:56:31.848">
  <concurrent-mark-start scanTarget="2361607" />
</concurrent-start>
<exclusive-end id="4101" timestamp="2019-06-16T02:56:31.848" durationms="0.964" />

<concurrent-end id="4102" type="GMP work packet processing" contextid="3951" timestamp="2019-06-16T02:56:31.850">
  <concurrent-mark-end bytesScanned="2399456" reasonForTermination="Work target met" />
</concurrent-end>

<exclusive-start id="4103" timestamp="2019-06-16T02:56:31.853" intervalms="6.605">
  <response-info timems="0.110" idlems="0.110" threads="0" lastid="0000000001916700" lastname="main" />
</exclusive-start>
<allocation-taxation id="4104" taxation-threshold="15728640" timestamp="2019-06-16T02:56:31.854" intervalms="6.526" />
<cycle-start id="4105" type="partial gc" contextid="0" timestamp="2019-06-16T02:56:31.854" intervalms="17.334" />
<gc-start id="4106" type="partial gc" contextid="4105" timestamp="2019-06-16T02:56:31.854">
  <mem-info id="4107" free="28311552" total="99614720" percent="28">
    <mem type="eden" free="1047784" total="32505856" percent="3" />
    <remembered-set count="104032" freebytes="3560192" totalbytes="3976320" percent="89" regionsoverflowed="0" regionsstable="0" regionsrebuilding="18"/>
  </mem-info>
</gc-start>
<allocation-stats totalBytes="31401216" >
  <allocated-bytes non-tlh="0" tlh="31401216" arrayletleaf="0"/>
  <largest-consumer threadName="main" threadId="0000000001916700" bytes="15700608" />
</allocation-stats>
<gc-op id="4108" type="copy forward" timems="1.808" contextid="4105" timestamp="2019-06-16T02:56:31.857">
  <memory-copied type="eden" objects="3" bytes="72" bytesdiscarded="0" />
  <memory-copied type="other" objects="0" bytes="0" bytesdiscarded="0" />
  <memory-cardclean objects="11" bytes="312" />
  <regions eden="30" other="1" />
  <remembered-set-cleared processed="100928" cleared="12" durationms="0.677" />
  <stringconstants candidates="13711" cleared="0"  />
</gc-op>
<gc-op id="4109" type="classunload" timems="0.004" contextid="4105" timestamp="2019-06-16T02:56:31.857">
  <classunload-info classloadercandidates="54" classloadersunloaded="0" classesunloaded="0" anonymousclassesunloaded="0" quiescems="0.000" setupms="0.004" scanms="0.000" postms="0.000" />
</gc-op>
<gc-end id="4110" type="partial gc" contextid="4105" durationms="3.168" usertimems="0.000" systemtimems="0.000" timestamp="2019-06-16T02:56:31.857" activeThreads="1">
  <mem-info id="4111" free="59768832" total="99614720" percent="60">
    <mem type="eden" free="1048504" total="1048576" percent="99" />
    <remembered-set count="104512" freebytes="3558272" totalbytes="3976320" percent="89" regionsoverflowed="0" regionsstable="0" regionsrebuilding="18"/>
  </mem-info>
</gc-end>
<cycle-end id="4112" type="partial gc" contextid="4105" timestamp="2019-06-16T02:56:31.857" />
  <attribute name="elasticGC enabled" value="1" />
  <attribute name= "numThreadsSpecified" value="1" />
  <attribute name="heapSize specified" value="0" />
  <attribute name="Current GC Util" value="161" />
  <attribute name= "Current Time Running" value="64220" />
  <attribute name ="GC Interval" value="0" />
  <attribute name="ProportionalT" value="211.500000" />
  <attribute name="ProportionalI" value="211.500000" />
  <attribute name="ProportionalH" value="211.500000" />
  <attribute name="Current Error" value="141.000000" />
  <attribute name="IntegralT" value="0.000000" />
  <attribute name="IntegralI" value="0.000000" />
  <attribute name="IntegralH" value="0.000000" />
  <attribute name="DerivativeT" value="inf" />
  <attribute name="DerivativeI" value="inf" />
  <attribute name="DerivativeH" value="inf" />
  <attribute name="Loop Time for DT" value="0.000000" />
  <attribute name="Output H" value="8388608"/>
  <attribute name="Output I" value="200"/>
  <attribute name="Output T" value="1"/>
  <attribute name="Target GC Util Change" value ="20.000000" />
  <attribute name="Current GC Util Change" value="161.000000"/>
  <attribute name="GC Util currently" value="161" />
  <attribute name="CPU Util currently" value="12938582353814" />
<exclusive-end id="4113" timestamp="2019-06-16T02:56:31.858" durationms="4.115" />

<exclusive-start id="4114" timestamp="2019-06-16T02:56:31.863" intervalms="9.355">
  <response-info timems="0.080" idlems="0.080" threads="0" lastid="0000000001916700" lastname="main" />
</exclusive-start>
<allocation-taxation id="4115" taxation-threshold="15728640" timestamp="2019-06-16T02:56:31.863" intervalms="9.394" />
<gc-start id="4116" type="global mark phase" contextid="3951" timestamp="2019-06-16T02:56:31.863">
  <mem-info id="4117" free="44040192" total="99614720" percent="44">
    <remembered-set count="104064" freebytes="3560064" totalbytes="3976320" percent="89" regionsoverflowed="0" regionsstable="0" regionsrebuilding="18"/>
  </mem-info>
</gc-start>
<gc-end id="4118" type="global mark phase" contextid="3951" durationms="0.204" usertimems="0.000" systemtimems="0.000" timestamp="2019-06-16T02:56:31.863" activeThreads="1">
  <mem-info id="4119" free="44040192" total="99614720" percent="44">
    <remembered-set count="104064" freebytes="3560064" totalbytes="3976320" percent="89" regionsoverflowed="0" regionsstable="0" regionsrebuilding="18"/>
  </mem-info>
</gc-end>
<concurrent-start id="4120" type="GMP work packet processing" contextid="3951" timestamp="2019-06-16T02:56:31.864">
  <concurrent-mark-start scanTarget="1048576" />
</concurrent-start>
<exclusive-end id="4121" timestamp="2019-06-16T02:56:31.864" durationms="0.899" />

<concurrent-end id="4122" type="GMP work packet processing" contextid="3951" timestamp="2019-06-16T02:56:31.865">
  <concurrent-mark-end bytesScanned="1104400" reasonForTermination="Work target met" />
</concurrent-end>

<exclusive-start id="4123" timestamp="2019-06-16T02:56:31.869" intervalms="6.152">
  <response-info timems="0.067" idlems="0.067" threads="0" lastid="0000000001916700" lastname="main" />
</exclusive-start>
<allocation-taxation id="4124" taxation-threshold="15728640" timestamp="2019-06-16T02:56:31.869" intervalms="6.185" />
<cycle-start id="4125" type="partial gc" contextid="0" timestamp="2019-06-16T02:56:31.869" intervalms="15.604" />
<gc-start id="4126" type="partial gc" contextid="4125" timestamp="2019-06-16T02:56:31.870">
  <mem-info id="4127" free="28311552" total="99614720" percent="28">
    <mem type="eden" free="1048504" total="32505856" percent="3" />
    <remembered-set count="115328" freebytes="3515008" totalbytes="3976320" percent="88" regionsoverflowed="0" regionsstable="0" regionsrebuilding="18"/>
  </mem-info>
</gc-start>
<allocation-stats totalBytes="31401216" >
  <allocated-bytes non-tlh="0" tlh="31401216" arrayletleaf="0"/>
  <largest-consumer threadName="main" threadId="0000000001916700" bytes="15700608" />
</allocation-stats>
<gc-op id="4128" type="copy forward" timems="1.876" contextid="4125" timestamp="2019-06-16T02:56:31.872">
  <memory-copied type="eden" objects="3" bytes="72" bytesdiscarded="0" />
  <memory-copied type="other" objects="0" bytes="0" bytesdiscarded="0" />
  <memory-cardclean objects="11" bytes="312" />
  <regions eden="30" other="1" />
  <remembered-set-cleared processed="112528" cleared="10" durationms="0.741" />
  <stringconstants candidates="13711" cleared="0"  />
</gc-op>
<gc-op id="4129" type="classunload" timems="0.004" contextid="4125" timestamp="2019-06-16T02:56:31.872">
  <classunload-info classloadercandidates="54" classloadersunloaded="0" classesunloaded="0" anonymousclassesunloaded="0" quiescems="0.000" setupms="0.004" scanms="0.000" postms="0.000" />
</gc-op>
<gc-end id="4130" type="partial gc" contextid="4125" durationms="3.127" usertimems="0.000" systemtimems="4.000" timestamp="2019-06-16T02:56:31.873" activeThreads="1">
  <mem-info id="4131" free="59768832" total="99614720" percent="60">
    <mem type="eden" free="1048504" total="1048576" percent="99" />
    <remembered-set count="115808" freebytes="3513088" totalbytes="3976320" percent="88" regionsoverflowed="0" regionsstable="0" regionsrebuilding="18"/>
  </mem-info>
</gc-end>
<cycle-end id="4132" type="partial gc" contextid="4125" timestamp="2019-06-16T02:56:31.873" />
  <attribute name="elasticGC enabled" value="1" />
  <attribute name= "numThreadsSpecified" value="1" />
  <attribute name="heapSize specified" value="0" />
  <attribute name="Current GC Util" value="158" />
  <attribute name= "Current Time Running" value="64235" />
  <attribute name ="GC Interval" value="0" />
  <attribute name="ProportionalT" value="207.000000" />
  <attribute name="ProportionalI" value="207.000000" />
  <attribute name="ProportionalH" value="207.000000" />
  <attribute name="Current Error" value="138.000000" />
  <attribute name="IntegralT" value="0.000000" />
  <attribute name="IntegralI" value="0.000000" />
  <attribute name="IntegralH" value="0.000000" />
  <attribute name="DerivativeT" value="inf" />
  <attribute name="DerivativeI" value="inf" />
  <attribute name="DerivativeH" value="inf" />
  <attribute name="Loop Time for DT" value="0.000000" />
  <attribute name="Output H" value="8388608"/>
  <attribute name="Output I" value="200"/>
  <attribute name="Output T" value="1"/>
  <attribute name="Target GC Util Change" value ="20.000000" />
  <attribute name="Current GC Util Change" value="158.000000"/>
  <attribute name="GC Util currently" value="158" />
  <attribute name="CPU Util currently" value="13061972032188" />
<exclusive-end id="4133" timestamp="2019-06-16T02:56:31.873" durationms="4.133" />

<exclusive-start id="4134" timestamp="2019-06-16T02:56:31.878" intervalms="9.485">
  <response-info timems="0.067" idlems="0.067" threads="0" lastid="0000000001916700" lastname="main" />
</exclusive-start>
<allocation-taxation id="4135" taxation-threshold="15728640" timestamp="2019-06-16T02:56:31.879" intervalms="9.418" />
<gc-start id="4136" type="global mark phase" contextid="3951" timestamp="2019-06-16T02:56:31.879">
  <mem-info id="4137" free="44040192" total="99614720" percent="44">
    <remembered-set count="115328" freebytes="3515008" totalbytes="3976320" percent="88" regionsoverflowed="0" regionsstable="0" regionsrebuilding="18"/>
  </mem-info>
</gc-start>
<gc-end id="4138" type="global mark phase" contextid="3951" durationms="0.123" usertimems="0.000" systemtimems="0.000" timestamp="2019-06-16T02:56:31.879" activeThreads="1">
  <mem-info id="4139" free="44040192" total="99614720" percent="44">
    <remembered-set count="115328" freebytes="3515008" totalbytes="3976320" percent="88" regionsoverflowed="0" regionsstable="0" regionsrebuilding="18"/>
  </mem-info>
</gc-end>
<concurrent-start id="4140" type="GMP work packet processing" contextid="3951" timestamp="2019-06-16T02:56:31.879">
  <concurrent-mark-start scanTarget="1048576" />
</concurrent-start>
<exclusive-end id="4141" timestamp="2019-06-16T02:56:31.879" durationms="0.731" />

<concurrent-end id="4142" type="GMP work packet processing" contextid="3951" timestamp="2019-06-16T02:56:31.880">
  <concurrent-mark-end bytesScanned="1084776" reasonForTermination="Work target met" />
</concurrent-end>

<exclusive-start id="4143" timestamp="2019-06-16T02:56:31.884" intervalms="5.831">
  <response-info timems="0.057" idlems="0.057" threads="0" lastid="0000000001916700" lastname="main" />
</exclusive-start>
<allocation-taxation id="4144" taxation-threshold="15728640" timestamp="2019-06-16T02:56:31.884" intervalms="5.830" />
<cycle-start id="4145" type="partial gc" contextid="0" timestamp="2019-06-16T02:56:31.885" intervalms="15.255" />
<gc-start id="4146" type="partial gc" contextid="4145" timestamp="2019-06-16T02:56:31.885">
  <mem-info id="4147" free="28311552" total="99614720" percent="28">
    <mem type="eden" free="1048504" total="32505856" percent="3" />
    <remembered-set count="125184" freebytes="3475584" totalbytes="3976320" percent="87" regionsoverflowed="0" regionsstable="0" regionsrebuilding="18"/>
  </mem-info>
</gc-start>
<allocation-stats totalBytes="31401216" >
  <allocated-bytes non-tlh="0" tlh="31401216" arrayletleaf="0"/>
  <largest-consumer threadName="main" threadId="0000000001916700" bytes="15700608" />
</allocation-stats>
<gc-op id="4148" type="copy forward" timems="3.327" contextid="4145" timestamp="2019-06-16T02:56:31.889">
  <memory-copied type="eden" objects="3" bytes="72" bytesdiscarded="0" />
  <memory-copied type="other" objects="0" bytes="0" bytesdiscarded="0" />
  <memory-cardclean objects="11" bytes="312" />
  <regions eden="30" other="1" />
  <remembered-set-cleared processed="122279" cleared="10" durationms="0.415" />
  <stringconstants candidates="13711" cleared="0"  />
</gc-op>
<gc-op id="4149" type="classunload" timems="0.003" contextid="4145" timestamp="2019-06-16T02:56:31.889">
  <classunload-info classloadercandidates="54" classloadersunloaded="0" classesunloaded="0" anonymousclassesunloaded="0" quiescems="0.000" setupms="0.003" scanms="0.000" postms="0.000" />
</gc-op>
<gc-end id="4150" type="partial gc" contextid="4145" durationms="4.513" usertimems="8.000" systemtimems="0.000" timestamp="2019-06-16T02:56:31.889" activeThreads="4">
  <mem-info id="4151" free="59768832" total="99614720" percent="60">
    <mem type="eden" free="1048504" total="1048576" percent="99" />
    <remembered-set count="125088" freebytes="3475968" totalbytes="3976320" percent="87" regionsoverflowed="0" regionsstable="0" regionsrebuilding="18"/>
  </mem-info>
</gc-end>
<cycle-end id="4152" type="partial gc" contextid="4145" timestamp="2019-06-16T02:56:31.890" />
  <attribute name="elasticGC enabled" value="1" />
  <attribute name= "numThreadsSpecified" value="4" />
  <attribute name="heapSize specified" value="0" />
  <attribute name="Current GC Util" value="163" />
  <attribute name= "Current Time Running" value="64251" />
  <attribute name ="GC Interval" value="0" />
  <attribute name="ProportionalT" value="214.500000" />
  <attribute name="ProportionalI" value="214.500000" />
  <attribute name="ProportionalH" value="214.500000" />
  <attribute name="Current Error" value="143.000000" />
  <attribute name="IntegralT" value="143.000000" />
  <attribute name="IntegralI" value="143.000000" />
  <attribute name="IntegralH" value="143.000000" />
  <attribute name="DerivativeT" value="108.000000" />
  <attribute name="DerivativeI" value="108.000000" />
  <attribute name="DerivativeH" value="108.000000" />
  <attribute name="Loop Time for DT" value="1.000000" />
  <attribute name="Output H" value="8388608"/>
  <attribute name="Output I" value="472"/>
  <attribute name="Output T" value="4"/>
  <attribute name="Target GC Util Change" value ="20.000000" />
  <attribute name="Current GC Util Change" value="163.000000"/>
  <attribute name="GC Util currently" value="163" />
  <attribute name="CPU Util currently" value="13590483566132" />
<exclusive-end id="4153" timestamp="2019-06-16T02:56:31.890" durationms="5.466" />

<exclusive-start id="4154" timestamp="2019-06-16T02:56:31.895" intervalms="10.726">
  <response-info timems="0.070" idlems="0.070" threads="0" lastid="0000000001916700" lastname="main" />
</exclusive-start>
<allocation-taxation id="4155" taxation-threshold="15728640" timestamp="2019-06-16T02:56:31.895" intervalms="10.797" />
<gc-start id="4156" type="global mark phase" contextid="3951" timestamp="2019-06-16T02:56:31.895">
  <mem-info id="4157" free="44040192" total="99614720" percent="44">
    <remembered-set count="125088" freebytes="3475968" totalbytes="3976320" percent="87" regionsoverflowed="0" regionsstable="0" regionsrebuilding="18"/>
  </mem-info>
</gc-start>
<gc-end id="4158" type="global mark phase" contextid="3951" durationms="0.133" usertimems="0.000" systemtimems="0.000" timestamp="2019-06-16T02:56:31.895" activeThreads="4">
  <mem-info id="4159" free="44040192" total="99614720" percent="44">
    <remembered-set count="125088" freebytes="3475968" totalbytes="3976320" percent="87" regionsoverflowed="0" regionsstable="0" regionsrebuilding="18"/>
  </mem-info>
</gc-end>
<concurrent-start id="4160" type="GMP work packet processing" contextid="3951" timestamp="2019-06-16T02:56:31.896">
  <concurrent-mark-start scanTarget="2361607" />
</concurrent-start>
<exclusive-end id="4161" timestamp="2019-06-16T02:56:31.896" durationms="0.750" />

<concurrent-end id="4162" type="GMP work packet processing" contextid="3951" timestamp="2019-06-16T02:56:31.897">
  <concurrent-mark-end bytesScanned="1163708" reasonForTermination="Completed all work in GC phase" />
</concurrent-end>

<exclusive-start id="4163" timestamp="2019-06-16T02:56:31.901" intervalms="5.893">
  <response-info timems="0.058" idlems="0.058" threads="0" lastid="0000000001916700" lastname="main" />
</exclusive-start>
<allocation-taxation id="4164" taxation-threshold="15728640" timestamp="2019-06-16T02:56:31.901" intervalms="5.825" />
<cycle-start id="4165" type="partial gc" contextid="0" timestamp="2019-06-16T02:56:31.901" intervalms="16.595" />
<gc-start id="4166" type="partial gc" contextid="4165" timestamp="2019-06-16T02:56:31.901">
  <mem-info id="4167" free="28311552" total="99614720" percent="28">
    <mem type="eden" free="1048504" total="32505856" percent="3" />
    <remembered-set count="130272" freebytes="3455232" totalbytes="3976320" percent="86" regionsoverflowed="0" regionsstable="0" regionsrebuilding="18"/>
  </mem-info>
</gc-start>
<allocation-stats totalBytes="31401216" >
  <allocated-bytes non-tlh="0" tlh="31401216" arrayletleaf="0"/>
  <largest-consumer threadName="main" threadId="0000000001916700" bytes="15700608" />
</allocation-stats>
<gc-op id="4168" type="copy forward" timems="1.948" contextid="4165" timestamp="2019-06-16T02:56:31.904">
  <memory-copied type="eden" objects="3" bytes="72" bytesdiscarded="0" />
  <memory-copied type="other" objects="0" bytes="0" bytesdiscarded="0" />
  <memory-cardclean objects="11" bytes="312" />
  <regions eden="30" other="1" />
  <remembered-set-cleared processed="127189" cleared="10" durationms="0.852" />
  <stringconstants candidates="13711" cleared="0"  />
</gc-op>
<gc-op id="4169" type="classunload" timems="0.004" contextid="4165" timestamp="2019-06-16T02:56:31.905">
  <classunload-info classloadercandidates="54" classloadersunloaded="0" classesunloaded="0" anonymousclassesunloaded="0" quiescems="0.000" setupms="0.004" scanms="0.000" postms="0.000" />
</gc-op>
<gc-end id="4170" type="partial gc" contextid="4165" durationms="3.268" usertimems="4.000" systemtimems="0.000" timestamp="2019-06-16T02:56:31.905" activeThreads="1">
  <mem-info id="4171" free="59768832" total="99614720" percent="60">
    <mem type="eden" free="1048504" total="1048576" percent="99" />
    <remembered-set count="130688" freebytes="3453568" totalbytes="3976320" percent="86" regionsoverflowed="0" regionsstable="0" regionsrebuilding="18"/>
  </mem-info>
</gc-end>
<cycle-end id="4172" type="partial gc" contextid="4165" timestamp="2019-06-16T02:56:31.905" />
  <attribute name="elasticGC enabled" value="1" />
  <attribute name= "numThreadsSpecified" value="1" />
  <attribute name="heapSize specified" value="0" />
  <attribute name="Current GC Util" value="146" />
  <attribute name= "Current Time Running" value="64267" />
  <attribute name ="GC Interval" value="0" />
  <attribute name="ProportionalT" value="189.000000" />
  <attribute name="ProportionalI" value="189.000000" />
  <attribute name="ProportionalH" value="189.000000" />
  <attribute name="Current Error" value="126.000000" />
  <attribute name="IntegralT" value="0.000000" />
  <attribute name="IntegralI" value="0.000000" />
  <attribute name="IntegralH" value="0.000000" />
  <attribute name="DerivativeT" value="inf" />
  <attribute name="DerivativeI" value="inf" />
  <attribute name="DerivativeH" value="inf" />
  <attribute name="Loop Time for DT" value="0.000000" />
  <attribute name="Output H" value="8388608"/>
  <attribute name="Output I" value="200"/>
  <attribute name="Output T" value="1"/>
  <attribute name="Target GC Util Change" value ="20.000000" />
  <attribute name="Current GC Util Change" value="146.000000"/>
  <attribute name="GC Util currently" value="146" />
  <attribute name="CPU Util currently" value="12958250823755" />
<exclusive-end id="4173" timestamp="2019-06-16T02:56:31.905" durationms="4.305" />

<exclusive-start id="4174" timestamp="2019-06-16T02:56:31.910" intervalms="9.529">
  <response-info timems="0.077" idlems="0.077" threads="0" lastid="0000000001916700" lastname="main" />
</exclusive-start>
<allocation-taxation id="4175" taxation-threshold="15728640" timestamp="2019-06-16T02:56:31.911" intervalms="9.558" />
<gc-start id="4176" type="global mark phase" contextid="3951" timestamp="2019-06-16T02:56:31.911">
  <mem-info id="4177" free="44040192" total="99614720" percent="44">
    <remembered-set count="130208" freebytes="3455488" totalbytes="3976320" percent="86" regionsoverflowed="0" regionsstable="0" regionsrebuilding="18"/>
  </mem-info>
</gc-start>
<gc-op id="4178" type="mark increment" timems="2.596" contextid="3951" timestamp="2019-06-16T02:56:31.914">
  <trace-info objectcount="56" scancount="55" scanbytes="1424" />
  <cardclean-info objects="173" bytes="5112" />
  <finalization candidates="79" enqueued="0" />
  <ownableSynchronizers candidates="23" cleared="0" />
  <references type="soft" candidates="4369" cleared="741" enqueued="738" dynamicThreshold="19" maxThreshold="32" />
  <references type="weak" candidates="5702" cleared="0" enqueued="0" />
  <references type="phantom" candidates="100" cleared="0" enqueued="0" />
  <stringconstants candidates="13711" cleared="0"  />
</gc-op>
<gc-op id="4179" type="classunload" timems="0.004" contextid="3951" timestamp="2019-06-16T02:56:31.914">
  <classunload-info classloadercandidates="54" classloadersunloaded="0" classesunloaded="0" anonymousclassesunloaded="0" quiescems="0.000" setupms="0.004" scanms="0.000" postms="0.000" />
</gc-op>
<gc-end id="4180" type="global mark phase" contextid="3951" durationms="3.036" usertimems="8.000" systemtimems="0.000" timestamp="2019-06-16T02:56:31.914" activeThreads="4">
  <mem-info id="4181" free="44040192" total="99614720" percent="44">
    <pending-finalizers system="0" default="0" reference="738" classloader="0" />
    <remembered-set count="132256" freebytes="3447296" totalbytes="3976320" percent="86" regionsoverflowed="0" regionsstable="0" regionsrebuilding="0"/>
  </mem-info>
</gc-end>
<cycle-end id="4182" type="global mark phase" contextid="3951" timestamp="2019-06-16T02:56:31.914" />
  <attribute name="elasticGC enabled" value="1" />
  <attribute name= "numThreadsSpecified" value="4" />
  <attribute name="heapSize specified" value="0" />
  <attribute name="Current GC Util" value="206" />
  <attribute name= "Current Time Running" value="64277" />
  <attribute name ="GC Interval" value="0" />
  <attribute name="ProportionalT" value="279.000000" />
  <attribute name="ProportionalI" value="279.000000" />
  <attribute name="ProportionalH" value="279.000000" />
  <attribute name="Current Error" value="186.000000" />
  <attribute name="IntegralT" value="0.000000" />
  <attribute name="IntegralI" value="0.000000" />
  <attribute name="IntegralH" value="0.000000" />
  <attribute name="DerivativeT" value="-inf" />
  <attribute name="DerivativeI" value="-inf" />
  <attribute name="DerivativeH" value="-inf" />
  <attribute name="Loop Time for DT" value="0.000000" />
  <attribute name="Output H" value="2091843584"/>
  <attribute name="Output I" value="200"/>
  <attribute name="Output T" value="4"/>
  <attribute name="Target GC Util Change" value ="20.000000" />
  <attribute name="Current GC Util Change" value="206.000000"/>
  <attribute name="GC Util currently" value="206" />
  <attribute name="CPU Util currently" value="10180569437764" />
<exclusive-end id="4183" timestamp="2019-06-16T02:56:31.914" durationms="3.781" />

<exclusive-start id="4184" timestamp="2019-06-16T02:56:31.920" intervalms="9.733">
  <response-info timems="0.073" idlems="0.073" threads="0" lastid="0000000001916700" lastname="main" />
</exclusive-start>
<allocation-taxation id="4185" taxation-threshold="15728640" timestamp="2019-06-16T02:56:31.920" intervalms="9.735" />
<cycle-start id="4186" type="partial gc" contextid="0" timestamp="2019-06-16T02:56:31.921" intervalms="19.336" />
<gc-start id="4187" type="partial gc" contextid="4186" timestamp="2019-06-16T02:56:31.921">
  <mem-info id="4188" free="28311552" total="99614720" percent="28">
    <mem type="eden" free="1048504" total="32505856" percent="3" />
    <remembered-set count="2496" freebytes="3966336" totalbytes="3976320" percent="99" regionsoverflowed="0" regionsstable="18" regionsrebuilding="0"/>
  </mem-info>
</gc-start>
<allocation-stats totalBytes="31400352" >
  <allocated-bytes non-tlh="0" tlh="31400352" arrayletleaf="0"/>
  <largest-consumer threadName="main" threadId="0000000001916700" bytes="15659832" />
</allocation-stats>
<gc-op id="4189" type="sweep" timems="1.083" contextid="4186" timestamp="2019-06-16T02:56:31.922" />
<gc-op id="4190" type="copy forward" timems="1.091" contextid="4186" timestamp="2019-06-16T02:56:31.924">
  <memory-copied type="eden" objects="5" bytes="3368" bytesdiscarded="0" />
  <memory-copied type="other" objects="6" bytes="136" bytesdiscarded="0" />
  <memory-cardclean objects="426" bytes="16216" />
  <regions eden="15" other="2" />
  <remembered-set-cleared processed="55" cleared="18" durationms="0.130" />
  <stringconstants candidates="13711" cleared="0"  />
</gc-op>
<gc-op id="4191" type="classunload" timems="0.004" contextid="4186" timestamp="2019-06-16T02:56:31.924">
  <classunload-info classloadercandidates="54" classloadersunloaded="0" classesunloaded="0" anonymousclassesunloaded="0" quiescems="0.000" setupms="0.004" scanms="0.000" postms="0.000" />
</gc-op>
<gc-end id="4192" type="partial gc" contextid="4186" durationms="3.784" usertimems="4.000" systemtimems="0.000" timestamp="2019-06-16T02:56:31.925" activeThreads="1">
  <mem-info id="4193" free="59768832" total="99614720" percent="60">
    <mem type="eden" free="1045208" total="1048576" percent="99" />
    <remembered-set count="2432" freebytes="3966592" totalbytes="3976320" percent="99" regionsoverflowed="0" regionsstable="18" regionsrebuilding="0"/>
  </mem-info>
</gc-end>
<cycle-end id="4194" type="partial gc" contextid="4186" timestamp="2019-06-16T02:56:31.925" />
  <attribute name="elasticGC enabled" value="1" />
  <attribute name= "numThreadsSpecified" value="1" />
  <attribute name="heapSize specified" value="0" />
  <attribute name="Current GC Util" value="154" />
  <attribute name= "Current Time Running" value="64288" />
  <attribute name ="GC Interval" value="0" />
  <attribute name="ProportionalT" value="201.000000" />
  <attribute name="ProportionalI" value="201.000000" />
  <attribute name="ProportionalH" value="201.000000" />
  <attribute name="Current Error" value="134.000000" />
  <attribute name="IntegralT" value="0.000000" />
  <attribute name="IntegralI" value="0.000000" />
  <attribute name="IntegralH" value="0.000000" />
  <attribute name="DerivativeT" value="inf" />
  <attribute name="DerivativeI" value="inf" />
  <attribute name="DerivativeH" value="inf" />
  <attribute name="Loop Time for DT" value="0.000000" />
  <attribute name="Output H" value="8388608"/>
  <attribute name="Output I" value="200"/>
  <attribute name="Output T" value="1"/>
  <attribute name="Target GC Util Change" value ="20.000000" />
  <attribute name="Current GC Util Change" value="154.000000"/>
  <attribute name="GC Util currently" value="154" />
  <attribute name="CPU Util currently" value="12763192257630" />
<exclusive-end id="4195" timestamp="2019-06-16T02:56:31.925" durationms="4.864" />

<exclusive-start id="4196" timestamp="2019-06-16T02:56:31.955" intervalms="34.830">
  <response-info timems="0.075" idlems="0.075" threads="0" lastid="0000000001916700" lastname="main" />
</exclusive-start>
<allocation-taxation id="4197" taxation-threshold="31457280" timestamp="2019-06-16T02:56:31.955" intervalms="34.861" />
<cycle-start id="4198" type="partial gc" contextid="0" timestamp="2019-06-16T02:56:31.955" intervalms="34.862" />
<gc-start id="4199" type="partial gc" contextid="4198" timestamp="2019-06-16T02:56:31.956">
  <mem-info id="4200" free="28311552" total="99614720" percent="28">
    <mem type="eden" free="0" total="31457280" percent="0" />
    <remembered-set count="2144" freebytes="3967744" totalbytes="3976320" percent="99" regionsoverflowed="0" regionsstable="18" regionsrebuilding="0"/>
  </mem-info>
</gc-start>
<allocation-stats totalBytes="31411448" >
  <allocated-bytes non-tlh="0" tlh="31411448" arrayletleaf="0"/>
  <largest-consumer threadName="main" threadId="0000000001916700" bytes="31411448" />
</allocation-stats>
<gc-op id="4201" type="copy forward" timems="3.121" contextid="4198" timestamp="2019-06-16T02:56:31.960">
  <memory-copied type="eden" objects="39" bytes="1528" bytesdiscarded="1216" />
  <memory-copied type="other" objects="34" bytes="4040" bytesdiscarded="2760" />
  <memory-cardclean objects="165" bytes="13016" />
  <regions eden="30" other="5" />
  <remembered-set-cleared processed="46" cleared="31" durationms="0.091" />
  <references type="weak" candidates="2" cleared="0" enqueued="0" />
  <stringconstants candidates="13711" cleared="0"  />
</gc-op>
<gc-op id="4202" type="classunload" timems="0.003" contextid="4198" timestamp="2019-06-16T02:56:31.960">
  <classunload-info classloadercandidates="54" classloadersunloaded="0" classesunloaded="0" anonymousclassesunloaded="0" quiescems="0.000" setupms="0.003" scanms="0.000" postms="0.000" />
</gc-op>
<gc-end id="4203" type="partial gc" contextid="4198" durationms="4.291" usertimems="4.000" systemtimems="4.000" timestamp="2019-06-16T02:56:31.960" activeThreads="4">
  <mem-info id="4204" free="59768832" total="99614720" percent="60">
    <mem type="eden" free="1045832" total="1048576" percent="99" />
    <remembered-set count="2432" freebytes="3966592" totalbytes="3976320" percent="99" regionsoverflowed="0" regionsstable="18" regionsrebuilding="0"/>
  </mem-info>
</gc-end>
<cycle-end id="4205" type="partial gc" contextid="4198" timestamp="2019-06-16T02:56:31.960" />
  <attribute name="elasticGC enabled" value="1" />
  <attribute name= "numThreadsSpecified" value="4" />
  <attribute name="heapSize specified" value="0" />
  <attribute name="Current GC Util" value="261" />
  <attribute name= "Current Time Running" value="64322" />
  <attribute name ="GC Interval" value="0" />
  <attribute name="ProportionalT" value="361.500000" />
  <attribute name="ProportionalI" value="361.500000" />
  <attribute name="ProportionalH" value="361.500000" />
  <attribute name="Current Error" value="241.000000" />
  <attribute name="IntegralT" value="241.000000" />
  <attribute name="IntegralI" value="241.000000" />
  <attribute name="IntegralH" value="241.000000" />
  <attribute name="DerivativeT" value="241.000000" />
  <attribute name="DerivativeI" value="241.000000" />
  <attribute name="DerivativeH" value="241.000000" />
  <attribute name="Loop Time for DT" value="1.000000" />
  <attribute name="Output H" value="8388608"/>
  <attribute name="Output I" value="848"/>
  <attribute name="Output T" value="4"/>
  <attribute name="Target GC Util Change" value ="20.000000" />
  <attribute name="Current GC Util Change" value="261.000000"/>
  <attribute name="GC Util currently" value="261" />
  <attribute name="CPU Util currently" value="13582478142834" />
<exclusive-end id="4206" timestamp="2019-06-16T02:56:31.960" durationms="5.393" />

<exclusive-start id="4207" timestamp="2019-06-16T02:56:32.009" intervalms="53.718">
  <response-info timems="0.077" idlems="0.077" threads="0" lastid="0000000001916700" lastname="main" />
</exclusive-start>
<allocation-taxation id="4208" taxation-threshold="31457280" timestamp="2019-06-16T02:56:32.009" intervalms="53.734" />
<cycle-start id="4209" type="partial gc" contextid="0" timestamp="2019-06-16T02:56:32.009" intervalms="53.746" />
<gc-start id="4210" type="partial gc" contextid="4209" timestamp="2019-06-16T02:56:32.009">
  <mem-info id="4211" free="28311552" total="99614720" percent="28">
    <mem type="eden" free="0" total="31457280" percent="0" />
    <remembered-set count="2432" freebytes="3966592" totalbytes="3976320" percent="99" regionsoverflowed="0" regionsstable="18" regionsrebuilding="0"/>
  </mem-info>
</gc-start>
<allocation-stats totalBytes="31411744" >
  <allocated-bytes non-tlh="0" tlh="31411744" arrayletleaf="0"/>
  <largest-consumer threadName="main" threadId="0000000001916700" bytes="31411744" />
</allocation-stats>
<gc-op id="4212" type="copy forward" timems="1.089" contextid="4209" timestamp="2019-06-16T02:56:32.011">
  <memory-copied type="eden" objects="10" bytes="712" bytesdiscarded="0" />
  <memory-copied type="other" objects="43" bytes="1632" bytesdiscarded="376" />
  <memory-cardclean objects="131" bytes="3824" />
  <regions eden="30" other="5" />
  <remembered-set-cleared processed="46" cleared="27" durationms="0.124" />
  <stringconstants candidates="13711" cleared="0"  />
</gc-op>
<gc-op id="4213" type="classunload" timems="0.004" contextid="4209" timestamp="2019-06-16T02:56:32.012">
  <classunload-info classloadercandidates="54" classloadersunloaded="0" classesunloaded="0" anonymousclassesunloaded="0" quiescems="0.000" setupms="0.003" scanms="0.000" postms="0.000" />
</gc-op>
<gc-end id="4214" type="partial gc" contextid="4209" durationms="2.363" usertimems="4.000" systemtimems="0.000" timestamp="2019-06-16T02:56:32.012" activeThreads="1">
  <mem-info id="4215" free="60817408" total="99614720" percent="61">
    <mem type="eden" free="1047864" total="1048576" percent="99" />
    <remembered-set count="2048" freebytes="3968128" totalbytes="3976320" percent="99" regionsoverflowed="0" regionsstable="18" regionsrebuilding="0"/>
  </mem-info>
</gc-end>
<cycle-end id="4216" type="partial gc" contextid="4209" timestamp="2019-06-16T02:56:32.012" />
  <attribute name="elasticGC enabled" value="1" />
  <attribute name= "numThreadsSpecified" value="1" />
  <attribute name="heapSize specified" value="0" />
  <attribute name="Current GC Util" value="198" />
  <attribute name= "Current Time Running" value="64375" />
  <attribute name ="GC Interval" value="0" />
  <attribute name="ProportionalT" value="267.000000" />
  <attribute name="ProportionalI" value="267.000000" />
  <attribute name="ProportionalH" value="267.000000" />
  <attribute name="Current Error" value="178.000000" />
  <attribute name="IntegralT" value="0.000000" />
  <attribute name="IntegralI" value="0.000000" />
  <attribute name="IntegralH" value="0.000000" />
  <attribute name="DerivativeT" value="inf" />
  <attribute name="DerivativeI" value="inf" />
  <attribute name="DerivativeH" value="inf" />
  <attribute name="Loop Time for DT" value="0.000000" />
  <attribute name="Output H" value="8388608"/>
  <attribute name="Output I" value="200"/>
  <attribute name="Output T" value="1"/>
  <attribute name="Target GC Util Change" value ="20.000000" />
  <attribute name="Current GC Util Change" value="198.000000"/>
  <attribute name="GC Util currently" value="198" />
  <attribute name="CPU Util currently" value="13291463626343" />
<exclusive-end id="4217" timestamp="2019-06-16T02:56:32.012" durationms="3.561" />

<exclusive-start id="4218" timestamp="2019-06-16T02:56:32.032" intervalms="23.081">
  <response-info timems="0.081" idlems="0.081" threads="0" lastid="0000000001916700" lastname="main" />
</exclusive-start>
<allocation-taxation id="4219" taxation-threshold="31457280" timestamp="2019-06-16T02:56:32.032" intervalms="23.103" />
<cycle-start id="4220" type="partial gc" contextid="0" timestamp="2019-06-16T02:56:32.032" intervalms="23.125" />
<gc-start id="4221" type="partial gc" contextid="4220" timestamp="2019-06-16T02:56:32.033">
  <mem-info id="4222" free="29360128" total="99614720" percent="29">
    <mem type="eden" free="1047864" total="32505856" percent="3" />
    <remembered-set count="1952" freebytes="3968512" totalbytes="3976320" percent="99" regionsoverflowed="0" regionsstable="18" regionsrebuilding="0"/>
  </mem-info>
</gc-start>
<allocation-stats totalBytes="31430408" >
  <allocated-bytes non-tlh="0" tlh="31430408" arrayletleaf="0"/>
  <largest-consumer threadName="main" threadId="0000000001916700" bytes="31430408" />
</allocation-stats>
<gc-op id="4223" type="copy forward" timems="3.218" contextid="4220" timestamp="2019-06-16T02:56:32.037">
  <memory-copied type="eden" objects="30" bytes="1360" bytesdiscarded="1424" />
  <memory-copied type="other" objects="46" bytes="1120" bytesdiscarded="2392" />
  <memory-cardclean objects="134" bytes="3904" />
  <regions eden="30" other="4" />
  <remembered-set-cleared processed="50" cleared="25" durationms="0.093" />
  <stringconstants candidates="13711" cleared="0"  />
</gc-op>
<gc-op id="4224" type="classunload" timems="0.004" contextid="4220" timestamp="2019-06-16T02:56:32.037">
  <classunload-info classloadercandidates="54" classloadersunloaded="0" classesunloaded="0" anonymousclassesunloaded="0" quiescems="0.000" setupms="0.004" scanms="0.000" postms="0.000" />
</gc-op>
<heap-resize id="4225" type="contract" space="default" amount="2097152" count="1" timems="0.059" reason="excess free space following gc" timestamp="2019-06-16T02:56:32.037" />
<gc-end id="4226" type="partial gc" contextid="4220" durationms="4.754" usertimems="8.000" systemtimems="0.000" timestamp="2019-06-16T02:56:32.037" activeThreads="4">
  <mem-info id="4227" free="59768832" total="97517568" percent="61">
    <mem type="eden" free="1045792" total="1048576" percent="99" />
    <remembered-set count="2080" freebytes="3968000" totalbytes="3976320" percent="99" regionsoverflowed="0" regionsstable="18" regionsrebuilding="0"/>
  </mem-info>
</gc-end>
<cycle-end id="4228" type="partial gc" contextid="4220" timestamp="2019-06-16T02:56:32.038" />
  <attribute name="elasticGC enabled" value="1" />
  <attribute name= "numThreadsSpecified" value="4" />
  <attribute name="heapSize specified" value="0" />
  <attribute name="Current GC Util" value="271" />
  <attribute name= "Current Time Running" value="64399" />
  <attribute name ="GC Interval" value="0" />
  <attribute name="ProportionalT" value="376.500000" />
  <attribute name="ProportionalI" value="376.500000" />
  <attribute name="ProportionalH" value="376.500000" />
  <attribute name="Current Error" value="251.000000" />
  <attribute name="IntegralT" value="251.000000" />
  <attribute name="IntegralI" value="251.000000" />
  <attribute name="IntegralH" value="251.000000" />
  <attribute name="DerivativeT" value="251.000000" />
  <attribute name="DerivativeI" value="251.000000" />
  <attribute name="DerivativeH" value="251.000000" />
  <attribute name="Loop Time for DT" value="1.000000" />
  <attribute name="Output H" value="8388608"/>
  <attribute name="Output I" value="880"/>
  <attribute name="Output T" value="4"/>
  <attribute name="Target GC Util Change" value ="20.000000" />
  <attribute name="Current GC Util Change" value="271.000000"/>
  <attribute name="GC Util currently" value="271" />
  <attribute name="CPU Util currently" value="12698317244143" />
<exclusive-end id="4229" timestamp="2019-06-16T02:56:32.038" durationms="6.021" />

<exclusive-start id="4230" timestamp="2019-06-16T02:56:32.050" intervalms="17.843">
  <response-info timems="0.082" idlems="0.082" threads="0" lastid="0000000001916700" lastname="main" />
</exclusive-start>
<allocation-taxation id="4231" taxation-threshold="30408704" timestamp="2019-06-16T02:56:32.050" intervalms="17.822" />
<cycle-start id="4232" type="partial gc" contextid="0" timestamp="2019-06-16T02:56:32.050" intervalms="17.791" />
<gc-start id="4233" type="partial gc" contextid="4232" timestamp="2019-06-16T02:56:32.050">
  <mem-info id="4234" free="29360128" total="97517568" percent="30">
    <mem type="eden" free="0" total="30408704" percent="0" />
    <remembered-set count="2080" freebytes="3968000" totalbytes="3976320" percent="99" regionsoverflowed="0" regionsstable="18" regionsrebuilding="0"/>
  </mem-info>
</gc-start>
<allocation-stats totalBytes="30386184" >
  <allocated-bytes non-tlh="0" tlh="30386184" arrayletleaf="0"/>
  <largest-consumer threadName="main" threadId="0000000001916700" bytes="30386184" />
</allocation-stats>
<gc-op id="4235" type="copy forward" timems="3.388" contextid="4232" timestamp="2019-06-16T02:56:32.055">
  <memory-copied type="eden" objects="6" bytes="368" bytesdiscarded="0" />
  <memory-copied type="other" objects="97" bytes="2848" bytesdiscarded="2280" />
  <memory-cardclean objects="155" bytes="5136" />
  <regions eden="29" other="4" />
  <remembered-set-cleared processed="45" cleared="24" durationms="0.092" />
  <stringconstants candidates="13711" cleared="0"  />
</gc-op>
<gc-op id="4236" type="classunload" timems="0.004" contextid="4232" timestamp="2019-06-16T02:56:32.055">
  <classunload-info classloadercandidates="54" classloadersunloaded="0" classesunloaded="0" anonymousclassesunloaded="0" quiescems="0.000" setupms="0.003" scanms="0.000" postms="0.000" />
</gc-op>
<gc-end id="4237" type="partial gc" contextid="4232" durationms="4.879" usertimems="12.000" systemtimems="0.000" timestamp="2019-06-16T02:56:32.055" activeThreads="4">
  <mem-info id="4238" free="59768832" total="97517568" percent="61">
    <mem type="eden" free="1048208" total="1048576" percent="99" />
    <remembered-set count="2080" freebytes="3884288" totalbytes="3892608" percent="99" regionsoverflowed="0" regionsstable="18" regionsrebuilding="0"/>
  </mem-info>
</gc-end>
<cycle-end id="4239" type="partial gc" contextid="4232" timestamp="2019-06-16T02:56:32.055" />
  <attribute name="elasticGC enabled" value="1" />
  <attribute name= "numThreadsSpecified" value="4" />
  <attribute name="heapSize specified" value="0" />
  <attribute name="Current GC Util" value="116" />
  <attribute name= "Current Time Running" value="64417" />
  <attribute name ="GC Interval" value="0" />
  <attribute name="ProportionalT" value="144.000000" />
  <attribute name="ProportionalI" value="144.000000" />
  <attribute name="ProportionalH" value="144.000000" />
  <attribute name="Current Error" value="96.000000" />
  <attribute name="IntegralT" value="96.000000" />
  <attribute name="IntegralI" value="96.000000" />
  <attribute name="IntegralH" value="96.000000" />
  <attribute name="DerivativeT" value="67.000000" />
  <attribute name="DerivativeI" value="67.000000" />
  <attribute name="DerivativeH" value="67.000000" />
  <attribute name="Loop Time for DT" value="1.000000" />
  <attribute name="Output H" value="8388608"/>
  <attribute name="Output I" value="312"/>
  <attribute name="Output T" value="4"/>
  <attribute name="Target GC Util Change" value ="20.000000" />
  <attribute name="Current GC Util Change" value="116.000000"/>
  <attribute name="GC Util currently" value="116" />
  <attribute name="CPU Util currently" value="6935721349511" />
<exclusive-end id="4240" timestamp="2019-06-16T02:56:32.056" durationms="6.078" />

<exclusive-start id="4241" timestamp="2019-06-16T02:56:32.081" intervalms="31.530">
  <response-info timems="0.082" idlems="0.082" threads="0" lastid="0000000001916700" lastname="main" />
</exclusive-start>
<allocation-taxation id="4242" taxation-threshold="30408704" timestamp="2019-06-16T02:56:32.081" intervalms="31.513" />
<cycle-start id="4243" type="partial gc" contextid="0" timestamp="2019-06-16T02:56:32.082" intervalms="31.510" />
<gc-start id="4244" type="partial gc" contextid="4243" timestamp="2019-06-16T02:56:32.082">
  <mem-info id="4245" free="29360128" total="97517568" percent="30">
    <mem type="eden" free="1048208" total="31457280" percent="3" />
    <remembered-set count="2080" freebytes="3884288" totalbytes="3892608" percent="99" regionsoverflowed="0" regionsstable="18" regionsrebuilding="0"/>
  </mem-info>
</gc-start>
<allocation-stats totalBytes="30374552" >
  <allocated-bytes non-tlh="0" tlh="30374552" arrayletleaf="0"/>
  <largest-consumer threadName="main" threadId="0000000001916700" bytes="30374552" />
</allocation-stats>
<gc-op id="4246" type="copy forward" timems="2.819" contextid="4243" timestamp="2019-06-16T02:56:32.086">
  <memory-copied type="eden" objects="40" bytes="5304" bytesdiscarded="1496" />
  <memory-copied type="other" objects="6" bytes="136" bytesdiscarded="888" />
  <memory-cardclean objects="87" bytes="2632" />
  <regions eden="29" other="2" />
  <remembered-set-cleared processed="54" cleared="24" durationms="0.099" />
  <stringconstants candidates="13711" cleared="0"  />
</gc-op>
<gc-op id="4247" type="classunload" timems="0.004" contextid="4243" timestamp="2019-06-16T02:56:32.086">
  <classunload-info classloadercandidates="54" classloadersunloaded="0" classesunloaded="0" anonymousclassesunloaded="0" quiescems="0.000" setupms="0.004" scanms="0.000" postms="0.000" />
</gc-op>
<heap-resize id="4248" type="contract" space="default" amount="3145728" count="1" timems="0.058" reason="excess free space following gc" timestamp="2019-06-16T02:56:32.086" />
<gc-end id="4249" type="partial gc" contextid="4243" durationms="4.327" usertimems="4.000" systemtimems="4.000" timestamp="2019-06-16T02:56:32.086" activeThreads="4">
  <mem-info id="4250" free="57671680" total="94371840" percent="61">
    <mem type="eden" free="1041776" total="1048576" percent="99" />
    <remembered-set count="2272" freebytes="3883520" totalbytes="3892608" percent="99" regionsoverflowed="0" regionsstable="18" regionsrebuilding="0"/>
  </mem-info>
</gc-end>
<cycle-end id="4251" type="partial gc" contextid="4243" timestamp="2019-06-16T02:56:32.086" />
  <attribute name="elasticGC enabled" value="1" />
  <attribute name= "numThreadsSpecified" value="4" />
  <attribute name="heapSize specified" value="0" />
  <attribute name="Current GC Util" value="193" />
  <attribute name= "Current Time Running" value="64448" />
  <attribute name ="GC Interval" value="0" />
  <attribute name="ProportionalT" value="259.500000" />
  <attribute name="ProportionalI" value="259.500000" />
  <attribute name="ProportionalH" value="259.500000" />
  <attribute name="Current Error" value="173.000000" />
  <attribute name="IntegralT" value="173.000000" />
  <attribute name="IntegralI" value="173.000000" />
  <attribute name="IntegralH" value="173.000000" />
  <attribute name="DerivativeT" value="165.000000" />
  <attribute name="DerivativeI" value="165.000000" />
  <attribute name="DerivativeH" value="165.000000" />
  <attribute name="Loop Time for DT" value="1.000000" />
  <attribute name="Output H" value="8388608"/>
  <attribute name="Output I" value="600"/>
  <attribute name="Output T" value="4"/>
  <attribute name="Target GC Util Change" value ="20.000000" />
  <attribute name="Current GC Util Change" value="193.000000"/>
  <attribute name="GC Util currently" value="193" />
  <attribute name="CPU Util currently" value="11980241044819" />
<exclusive-end id="4252" timestamp="2019-06-16T02:56:32.087" durationms="5.580" />

<exclusive-start id="4253" timestamp="2019-06-16T02:56:32.132" intervalms="51.125">
  <response-info timems="0.123" idlems="0.123" threads="0" lastid="0000000001916700" lastname="main" />
</exclusive-start>
<allocation-taxation id="4254" taxation-threshold="30408704" timestamp="2019-06-16T02:56:32.133" intervalms="51.120" />
<cycle-start id="4255" type="partial gc" contextid="0" timestamp="2019-06-16T02:56:32.133" intervalms="51.101" />
<gc-start id="4256" type="partial gc" contextid="4255" timestamp="2019-06-16T02:56:32.133">
  <mem-info id="4257" free="27262976" total="94371840" percent="28">
    <mem type="eden" free="0" total="30408704" percent="0" />
    <remembered-set count="2272" freebytes="3883520" totalbytes="3892608" percent="99" regionsoverflowed="0" regionsstable="18" regionsrebuilding="0"/>
  </mem-info>
</gc-start>
<allocation-stats totalBytes="30356136" >
  <allocated-bytes non-tlh="0" tlh="30356136" arrayletleaf="0"/>
  <largest-consumer threadName="main" threadId="0000000001916700" bytes="30356136" />
</allocation-stats>
<gc-op id="4258" type="copy forward" timems="1.243" contextid="4255" timestamp="2019-06-16T02:56:32.136">
  <memory-copied type="eden" objects="2" bytes="72" bytesdiscarded="0" />
  <memory-copied type="other" objects="43" bytes="4392" bytesdiscarded="160" />
  <memory-cardclean objects="135" bytes="4608" />
  <regions eden="29" other="2" />
  <remembered-set-cleared processed="38" cleared="18" durationms="0.124" />
  <stringconstants candidates="13711" cleared="0"  />
</gc-op>
<gc-op id="4259" type="classunload" timems="0.004" contextid="4255" timestamp="2019-06-16T02:56:32.136">
  <classunload-info classloadercandidates="54" classloadersunloaded="0" classesunloaded="0" anonymousclassesunloaded="0" quiescems="0.000" setupms="0.003" scanms="0.000" postms="0.000" />
</gc-op>
<gc-end id="4260" type="partial gc" contextid="4255" durationms="2.921" usertimems="0.000" systemtimems="4.000" timestamp="2019-06-16T02:56:32.136" activeThreads="1">
  <mem-info id="4261" free="57671680" total="94371840" percent="61">
    <mem type="eden" free="1048504" total="1048576" percent="99" />
    <remembered-set count="992" freebytes="3763072" totalbytes="3767040" percent="99" regionsoverflowed="0" regionsstable="18" regionsrebuilding="0"/>
  </mem-info>
</gc-end>
<cycle-end id="4262" type="partial gc" contextid="4255" timestamp="2019-06-16T02:56:32.136" />
  <attribute name="elasticGC enabled" value="1" />
  <attribute name= "numThreadsSpecified" value="1" />
  <attribute name="heapSize specified" value="0" />
  <attribute name="Current GC Util" value="85" />
  <attribute name= "Current Time Running" value="64499" />
  <attribute name ="GC Interval" value="0" />
  <attribute name="ProportionalT" value="97.500000" />
  <attribute name="ProportionalI" value="97.500000" />
  <attribute name="ProportionalH" value="97.500000" />
  <attribute name="Current Error" value="65.000000" />
  <attribute name="IntegralT" value="0.000000" />
  <attribute name="IntegralI" value="0.000000" />
  <attribute name="IntegralH" value="0.000000" />
  <attribute name="DerivativeT" value="inf" />
  <attribute name="DerivativeI" value="inf" />
  <attribute name="DerivativeH" value="inf" />
  <attribute name="Loop Time for DT" value="0.000000" />
  <attribute name="Output H" value="8388608"/>
  <attribute name="Output I" value="200"/>
  <attribute name="Output T" value="1"/>
  <attribute name="Target GC Util Change" value ="20.000000" />
  <attribute name="Current GC Util Change" value="85.000000"/>
  <attribute name="GC Util currently" value="85" />
  <attribute name="CPU Util currently" value="6874207694868" />
<exclusive-end id="4263" timestamp="2019-06-16T02:56:32.136" durationms="4.128" />

<exclusive-start id="4264" timestamp="2019-06-16T02:56:32.182" intervalms="49.979">
  <response-info timems="0.081" idlems="0.081" threads="0" lastid="0000000001916700" lastname="main" />
</exclusive-start>
<allocation-taxation id="4265" taxation-threshold="30408704" timestamp="2019-06-16T02:56:32.183" intervalms="49.994" />
<cycle-start id="4266" type="partial gc" contextid="0" timestamp="2019-06-16T02:56:32.183" intervalms="50.055" />
<gc-start id="4267" type="partial gc" contextid="4266" timestamp="2019-06-16T02:56:32.183">
  <mem-info id="4268" free="27262976" total="94371840" percent="28">
    <mem type="eden" free="1048504" total="31457280" percent="3" />
    <remembered-set count="896" freebytes="3763456" totalbytes="3767040" percent="99" regionsoverflowed="0" regionsstable="18" regionsrebuilding="0"/>
  </mem-info>
</gc-start>
<allocation-stats totalBytes="30358000" >
  <allocated-bytes non-tlh="0" tlh="30358000" arrayletleaf="0"/>
  <largest-consumer threadName="main" threadId="0000000001916700" bytes="30358000" />
</allocation-stats>
<gc-op id="4269" type="copy forward" timems="1.232" contextid="4266" timestamp="2019-06-16T02:56:32.185">
  <memory-copied type="eden" objects="25" bytes="760" bytesdiscarded="0" />
  <memory-copied type="other" objects="6" bytes="136" bytesdiscarded="328" />
  <memory-cardclean objects="92" bytes="2856" />
  <regions eden="29" other="2" />
  <remembered-set-cleared processed="52" cleared="22" durationms="0.125" />
  <stringconstants candidates="13711" cleared="0"  />
</gc-op>
<gc-op id="4270" type="classunload" timems="0.003" contextid="4266" timestamp="2019-06-16T02:56:32.185">
  <classunload-info classloadercandidates="54" classloadersunloaded="0" classesunloaded="0" anonymousclassesunloaded="0" quiescems="0.000" setupms="0.003" scanms="0.000" postms="0.000" />
</gc-op>
<heap-resize id="4271" type="contract" space="default" amount="2097152" count="1" timems="0.061" reason="excess free space following gc" timestamp="2019-06-16T02:56:32.186" />
<gc-end id="4272" type="partial gc" contextid="4266" durationms="2.719" usertimems="0.000" systemtimems="0.000" timestamp="2019-06-16T02:56:32.186" activeThreads="1">
  <mem-info id="4273" free="56623104" total="92274688" percent="61">
    <mem type="eden" free="1047816" total="1048576" percent="99" />
    <remembered-set count="1248" freebytes="3762048" totalbytes="3767040" percent="99" regionsoverflowed="0" regionsstable="18" regionsrebuilding="0"/>
  </mem-info>
</gc-end>
<cycle-end id="4274" type="partial gc" contextid="4266" timestamp="2019-06-16T02:56:32.186" />
  <attribute name="elasticGC enabled" value="1" />
  <attribute name= "numThreadsSpecified" value="1" />
  <attribute name="heapSize specified" value="0" />
  <attribute name="Current GC Util" value="264" />
  <attribute name= "Current Time Running" value="64549" />
  <attribute name ="GC Interval" value="0" />
  <attribute name="ProportionalT" value="366.000000" />
  <attribute name="ProportionalI" value="366.000000" />
  <attribute name="ProportionalH" value="366.000000" />
  <attribute name="Current Error" value="244.000000" />
  <attribute name="IntegralT" value="0.000000" />
  <attribute name="IntegralI" value="0.000000" />
  <attribute name="IntegralH" value="0.000000" />
  <attribute name="DerivativeT" value="inf" />
  <attribute name="DerivativeI" value="inf" />
  <attribute name="DerivativeH" value="inf" />
  <attribute name="Loop Time for DT" value="0.000000" />
  <attribute name="Output H" value="8388608"/>
  <attribute name="Output I" value="200"/>
  <attribute name="Output T" value="1"/>
  <attribute name="Target GC Util Change" value ="20.000000" />
  <attribute name="Current GC Util Change" value="264.000000"/>
  <attribute name="GC Util currently" value="264" />
  <attribute name="CPU Util currently" value="12869905109396" />
<exclusive-end id="4275" timestamp="2019-06-16T02:56:32.186" durationms="3.993" />

<exclusive-start id="4276" timestamp="2019-06-16T02:56:32.245" intervalms="62.893">
  <response-info timems="0.112" idlems="0.112" threads="0" lastid="0000000001916700" lastname="main" />
</exclusive-start>
<allocation-taxation id="4277" taxation-threshold="29360128" timestamp="2019-06-16T02:56:32.245" intervalms="62.903" />
<cycle-start id="4278" type="partial gc" contextid="0" timestamp="2019-06-16T02:56:32.246" intervalms="62.888" />
<gc-start id="4279" type="partial gc" contextid="4278" timestamp="2019-06-16T02:56:32.246">
  <mem-info id="4280" free="27262976" total="92274688" percent="29">
    <mem type="eden" free="1047816" total="30408704" percent="3" />
    <remembered-set count="928" freebytes="3763328" totalbytes="3767040" percent="99" regionsoverflowed="0" regionsstable="18" regionsrebuilding="0"/>
  </mem-info>
</gc-start>
<allocation-stats totalBytes="29356488" >
  <allocated-bytes non-tlh="0" tlh="29356488" arrayletleaf="0"/>
  <largest-consumer threadName="main" threadId="0000000001916700" bytes="29356488" />
</allocation-stats>
<gc-op id="4281" type="copy forward" timems="1.137" contextid="4278" timestamp="2019-06-16T02:56:32.248">
  <memory-copied type="eden" objects="20" bytes="664" bytesdiscarded="0" />
  <memory-copied type="other" objects="68" bytes="1872" bytesdiscarded="376" />
  <memory-cardclean objects="117" bytes="12312" />
  <regions eden="28" other="2" />
  <remembered-set-cleared processed="43" cleared="9" durationms="0.117" />
  <references type="weak" candidates="30" cleared="0" enqueued="0" />
  <stringconstants candidates="13711" cleared="0"  />
</gc-op>
<gc-op id="4282" type="classunload" timems="0.003" contextid="4278" timestamp="2019-06-16T02:56:32.249">
  <classunload-info classloadercandidates="54" classloadersunloaded="0" classesunloaded="0" anonymousclassesunloaded="0" quiescems="0.000" setupms="0.003" scanms="0.000" postms="0.000" />
</gc-op>
<gc-end id="4283" type="partial gc" contextid="4278" durationms="2.845" usertimems="0.000" systemtimems="4.000" timestamp="2019-06-16T02:56:32.249" activeThreads="1">
  <mem-info id="4284" free="56623104" total="92274688" percent="61">
    <mem type="eden" free="2096328" total="2097152" percent="99" />
    <remembered-set count="1216" freebytes="3678464" totalbytes="3683328" percent="99" regionsoverflowed="0" regionsstable="18" regionsrebuilding="0"/>
  </mem-info>
</gc-end>
<cycle-end id="4285" type="partial gc" contextid="4278" timestamp="2019-06-16T02:56:32.249" />
  <attribute name="elasticGC enabled" value="1" />
  <attribute name= "numThreadsSpecified" value="1" />
  <attribute name="heapSize specified" value="0" />
  <attribute name="Current GC Util" value="140" />
  <attribute name= "Current Time Running" value="64612" />
  <attribute name ="GC Interval" value="0" />
  <attribute name="ProportionalT" value="180.000000" />
  <attribute name="ProportionalI" value="180.000000" />
  <attribute name="ProportionalH" value="180.000000" />
  <attribute name="Current Error" value="120.000000" />
  <attribute name="IntegralT" value="0.000000" />
  <attribute name="IntegralI" value="0.000000" />
  <attribute name="IntegralH" value="0.000000" />
  <attribute name="DerivativeT" value="inf" />
  <attribute name="DerivativeI" value="inf" />
  <attribute name="DerivativeH" value="inf" />
  <attribute name="Loop Time for DT" value="0.000000" />
  <attribute name="Output H" value="8388608"/>
  <attribute name="Output I" value="200"/>
  <attribute name="Output T" value="1"/>
  <attribute name="Target GC Util Change" value ="20.000000" />
  <attribute name="Current GC Util Change" value="140.000000"/>
  <attribute name="GC Util currently" value="140" />
  <attribute name="CPU Util currently" value="6650514134279" />
<exclusive-end id="4286" timestamp="2019-06-16T02:56:32.249" durationms="4.083" />

<exclusive-start id="4287" timestamp="2019-06-16T02:56:32.294" intervalms="49.076">
  <response-info timems="0.097" idlems="0.097" threads="0" lastid="0000000001916700" lastname="main" />
</exclusive-start>
<allocation-taxation id="4288" taxation-threshold="29360128" timestamp="2019-06-16T02:56:32.295" intervalms="49.102" />
<cycle-start id="4289" type="partial gc" contextid="0" timestamp="2019-06-16T02:56:32.295" intervalms="49.100" />
<gc-start id="4290" type="partial gc" contextid="4289" timestamp="2019-06-16T02:56:32.295">
  <mem-info id="4291" free="27262976" total="92274688" percent="29">
    <mem type="eden" free="0" total="29360128" percent="0" />
    <remembered-set count="768" freebytes="3680256" totalbytes="3683328" percent="99" regionsoverflowed="0" regionsstable="18" regionsrebuilding="0"/>
  </mem-info>
</gc-start>
<allocation-stats totalBytes="29354408" >
  <allocated-bytes non-tlh="0" tlh="29354408" arrayletleaf="0"/>
  <largest-consumer threadName="main" threadId="0000000001916700" bytes="29354408" />
</allocation-stats>
<gc-op id="4292" type="copy forward" timems="1.066" contextid="4289" timestamp="2019-06-16T02:56:32.297">
  <memory-copied type="eden" objects="5" bytes="240" bytesdiscarded="0" />
  <memory-copied type="other" objects="20" bytes="664" bytesdiscarded="0" />
  <memory-cardclean objects="38" bytes="1352" />
  <regions eden="28" other="1" />
  <remembered-set-cleared processed="50" cleared="7" durationms="0.120" />
  <stringconstants candidates="13711" cleared="0"  />
</gc-op>
<gc-op id="4293" type="classunload" timems="0.004" contextid="4289" timestamp="2019-06-16T02:56:32.297">
  <classunload-info classloadercandidates="54" classloadersunloaded="0" classesunloaded="0" anonymousclassesunloaded="0" quiescems="0.000" setupms="0.003" scanms="0.000" postms="0.000" />
</gc-op>
<gc-end id="4294" type="partial gc" contextid="4289" durationms="2.432" usertimems="0.000" systemtimems="4.000" timestamp="2019-06-16T02:56:32.298" activeThreads="1">
  <mem-info id="4295" free="55574528" total="92274688" percent="60">
    <mem type="eden" free="1048336" total="1048576" percent="99" />
    <remembered-set count="1248" freebytes="3678336" totalbytes="3683328" percent="99" regionsoverflowed="0" regionsstable="18" regionsrebuilding="0"/>
  </mem-info>
</gc-end>
<cycle-end id="4296" type="partial gc" contextid="4289" timestamp="2019-06-16T02:56:32.298" />
  <attribute name="elasticGC enabled" value="1" />
  <attribute name= "numThreadsSpecified" value="1" />
  <attribute name="heapSize specified" value="0" />
  <attribute name="Current GC Util" value="281" />
  <attribute name= "Current Time Running" value="64661" />
  <attribute name ="GC Interval" value="0" />
  <attribute name="ProportionalT" value="391.500000" />
  <attribute name="ProportionalI" value="391.500000" />
  <attribute name="ProportionalH" value="391.500000" />
  <attribute name="Current Error" value="261.000000" />
  <attribute name="IntegralT" value="0.000000" />
  <attribute name="IntegralI" value="0.000000" />
  <attribute name="IntegralH" value="0.000000" />
  <attribute name="DerivativeT" value="inf" />
  <attribute name="DerivativeI" value="inf" />
  <attribute name="DerivativeH" value="inf" />
  <attribute name="Loop Time for DT" value="0.000000" />
  <attribute name="Output H" value="8388608"/>
  <attribute name="Output I" value="200"/>
  <attribute name="Output T" value="1"/>
  <attribute name="Target GC Util Change" value ="20.000000" />
  <attribute name="Current GC Util Change" value="281.000000"/>
  <attribute name="GC Util currently" value="281" />
  <attribute name="CPU Util currently" value="13047485578310" />
<exclusive-end id="4297" timestamp="2019-06-16T02:56:32.298" durationms="3.705" />

<exclusive-start id="4298" timestamp="2019-06-16T02:56:32.343" intervalms="48.317">
  <response-info timems="0.119" idlems="0.119" threads="0" lastid="0000000001916700" lastname="main" />
</exclusive-start>
<allocation-taxation id="4299" taxation-threshold="29360128" timestamp="2019-06-16T02:56:32.343" intervalms="48.260" />
<cycle-start id="4300" type="partial gc" contextid="0" timestamp="2019-06-16T02:56:32.343" intervalms="48.236" />
<gc-start id="4301" type="partial gc" contextid="4300" timestamp="2019-06-16T02:56:32.343">
  <mem-info id="4302" free="26214400" total="92274688" percent="28">
    <mem type="eden" free="1048336" total="30408704" percent="3" />
    <remembered-set count="800" freebytes="3680128" totalbytes="3683328" percent="99" regionsoverflowed="0" regionsstable="18" regionsrebuilding="0"/>
  </mem-info>
</gc-start>
<allocation-stats totalBytes="29354392" >
  <allocated-bytes non-tlh="0" tlh="29354392" arrayletleaf="0"/>
  <largest-consumer threadName="main" threadId="0000000001916700" bytes="29354392" />
</allocation-stats>
<gc-op id="4303" type="copy forward" timems="1.070" contextid="4300" timestamp="2019-06-16T02:56:32.345">
  <memory-copied type="eden" objects="1" bytes="24" bytesdiscarded="0" />
  <memory-copied type="other" objects="0" bytes="0" bytesdiscarded="0" />
  <memory-cardclean objects="21" bytes="816" />
  <regions eden="28" other="1" />
  <remembered-set-cleared processed="54" cleared="1" durationms="0.121" />
  <stringconstants candidates="13711" cleared="0"  />
</gc-op>
<gc-op id="4304" type="classunload" timems="0.004" contextid="4300" timestamp="2019-06-16T02:56:32.345">
  <classunload-info classloadercandidates="54" classloadersunloaded="0" classesunloaded="0" anonymousclassesunloaded="0" quiescems="0.000" setupms="0.004" scanms="0.000" postms="0.000" />
</gc-op>
<gc-end id="4305" type="partial gc" contextid="4300" durationms="2.436" usertimems="0.000" systemtimems="4.000" timestamp="2019-06-16T02:56:32.346" activeThreads="1">
  <mem-info id="4306" free="55574528" total="92274688" percent="60">
    <mem type="eden" free="1048552" total="1048576" percent="99" />
    <remembered-set count="1280" freebytes="3678208" totalbytes="3683328" percent="99" regionsoverflowed="0" regionsstable="18" regionsrebuilding="0"/>
  </mem-info>
</gc-end>
<cycle-end id="4307" type="partial gc" contextid="4300" timestamp="2019-06-16T02:56:32.346" />
  <attribute name="elasticGC enabled" value="1" />
  <attribute name= "numThreadsSpecified" value="1" />
  <attribute name="heapSize specified" value="0" />
  <attribute name="Current GC Util" value="250" />
  <attribute name= "Current Time Running" value="64709" />
  <attribute name ="GC Interval" value="0" />
  <attribute name="ProportionalT" value="345.000000" />
  <attribute name="ProportionalI" value="345.000000" />
  <attribute name="ProportionalH" value="345.000000" />
  <attribute name="Current Error" value="230.000000" />
  <attribute name="IntegralT" value="0.000000" />
  <attribute name="IntegralI" value="0.000000" />
  <attribute name="IntegralH" value="0.000000" />
  <attribute name="DerivativeT" value="inf" />
  <attribute name="DerivativeI" value="inf" />
  <attribute name="DerivativeH" value="inf" />
  <attribute name="Loop Time for DT" value="0.000000" />
  <attribute name="Output H" value="8388608"/>
  <attribute name="Output I" value="200"/>
  <attribute name="Output T" value="1"/>
  <attribute name="Target GC Util Change" value ="20.000000" />
  <attribute name="Current GC Util Change" value="250.000000"/>
  <attribute name="GC Util currently" value="250" />
  <attribute name="CPU Util currently" value="12398938456875" />
<exclusive-end id="4308" timestamp="2019-06-16T02:56:32.346" durationms="3.671" />

<exclusive-start id="4309" timestamp="2019-06-16T02:56:32.391" intervalms="48.434">
  <response-info timems="0.073" idlems="0.073" threads="0" lastid="0000000001916700" lastname="main" />
</exclusive-start>
<allocation-taxation id="4310" taxation-threshold="29360128" timestamp="2019-06-16T02:56:32.391" intervalms="48.440" />
<cycle-start id="4311" type="partial gc" contextid="0" timestamp="2019-06-16T02:56:32.391" intervalms="48.455" />
<gc-start id="4312" type="partial gc" contextid="4311" timestamp="2019-06-16T02:56:32.392">
  <mem-info id="4313" free="26214400" total="92274688" percent="28">
    <mem type="eden" free="1048552" total="30408704" percent="3" />
    <remembered-set count="800" freebytes="3680128" totalbytes="3683328" percent="99" regionsoverflowed="0" regionsstable="18" regionsrebuilding="0"/>
  </mem-info>
</gc-start>
<allocation-stats totalBytes="29354208" >
  <allocated-bytes non-tlh="0" tlh="29354208" arrayletleaf="0"/>
  <largest-consumer threadName="main" threadId="0000000001916700" bytes="29354208" />
</allocation-stats>
<gc-op id="4314" type="copy forward" timems="3.186" contextid="4311" timestamp="2019-06-16T02:56:32.396">
  <memory-copied type="eden" objects="9" bytes="312" bytesdiscarded="0" />
  <memory-copied type="other" objects="0" bytes="0" bytesdiscarded="0" />
  <memory-cardclean objects="21" bytes="816" />
  <regions eden="28" other="1" />
  <remembered-set-cleared processed="54" cleared="1" durationms="0.092" />
  <stringconstants candidates="13711" cleared="0"  />
</gc-op>
<gc-op id="4315" type="classunload" timems="0.004" contextid="4311" timestamp="2019-06-16T02:56:32.396">
  <classunload-info classloadercandidates="54" classloadersunloaded="0" classesunloaded="0" anonymousclassesunloaded="0" quiescems="0.000" setupms="0.004" scanms="0.000" postms="0.000" />
</gc-op>
<gc-end id="4316" type="partial gc" contextid="4311" durationms="4.544" usertimems="8.000" systemtimems="0.000" timestamp="2019-06-16T02:56:32.396" activeThreads="4">
  <mem-info id="4317" free="55574528" total="92274688" percent="60">
    <mem type="eden" free="1048264" total="1048576" percent="99" />
    <remembered-set count="1792" freebytes="3676160" totalbytes="3683328" percent="99" regionsoverflowed="0" regionsstable="18" regionsrebuilding="0"/>
  </mem-info>
</gc-end>
<cycle-end id="4318" type="partial gc" contextid="4311" timestamp="2019-06-16T02:56:32.396" />
  <attribute name="elasticGC enabled" value="1" />
  <attribute name= "numThreadsSpecified" value="4" />
  <attribute name="heapSize specified" value="0" />
  <attribute name="Current GC Util" value="284" />
  <attribute name= "Current Time Running" value="64758" />
  <attribute name ="GC Interval" value="0" />
  <attribute name="ProportionalT" value="396.000000" />
  <attribute name="ProportionalI" value="396.000000" />
  <attribute name="ProportionalH" value="396.000000" />
  <attribute name="Current Error" value="264.000000" />
  <attribute name="IntegralT" value="264.000000" />
  <attribute name="IntegralI" value="264.000000" />
  <attribute name="IntegralH" value="264.000000" />
  <attribute name="DerivativeT" value="264.000000" />
  <attribute name="DerivativeI" value="264.000000" />
  <attribute name="DerivativeH" value="264.000000" />
  <attribute name="Loop Time for DT" value="1.000000" />
  <attribute name="Output H" value="8388608"/>
  <attribute name="Output I" value="928"/>
  <attribute name="Output T" value="4"/>
  <attribute name="Target GC Util Change" value ="20.000000" />
  <attribute name="Current GC Util Change" value="284.000000"/>
  <attribute name="GC Util currently" value="284" />
  <attribute name="CPU Util currently" value="12042370428522" />
<exclusive-end id="4319" timestamp="2019-06-16T02:56:32.397" durationms="5.750" />

<exclusive-start id="4320" timestamp="2019-06-16T02:56:32.441" intervalms="50.408">
  <response-info timems="0.121" idlems="0.121" threads="0" lastid="0000000001916700" lastname="main" />
</exclusive-start>
<allocation-taxation id="4321" taxation-threshold="29360128" timestamp="2019-06-16T02:56:32.442" intervalms="50.412" />
<cycle-start id="4322" type="partial gc" contextid="0" timestamp="2019-06-16T02:56:32.442" intervalms="50.416" />
<gc-start id="4323" type="partial gc" contextid="4322" timestamp="2019-06-16T02:56:32.442">
  <mem-info id="4324" free="26214400" total="92274688" percent="28">
    <mem type="eden" free="1048264" total="30408704" percent="3" />
    <remembered-set count="1792" freebytes="3676160" totalbytes="3683328" percent="99" regionsoverflowed="0" regionsstable="18" regionsrebuilding="0"/>
  </mem-info>
</gc-start>
<allocation-stats totalBytes="29354440" >
  <allocated-bytes non-tlh="0" tlh="29354440" arrayletleaf="0"/>
  <largest-consumer threadName="main" threadId="0000000001916700" bytes="29354440" />
</allocation-stats>
<gc-op id="4325" type="copy forward" timems="1.092" contextid="4322" timestamp="2019-06-16T02:56:32.444">
  <memory-copied type="eden" objects="12" bytes="448" bytesdiscarded="0" />
  <memory-copied type="other" objects="0" bytes="0" bytesdiscarded="0" />
  <memory-cardclean objects="21" bytes="816" />
  <regions eden="28" other="1" />
  <remembered-set-cleared processed="54" cleared="1" durationms="0.121" />
  <stringconstants candidates="13711" cleared="0"  />
</gc-op>
<gc-op id="4326" type="classunload" timems="0.004" contextid="4322" timestamp="2019-06-16T02:56:32.444">
  <classunload-info classloadercandidates="54" classloadersunloaded="0" classesunloaded="0" anonymousclassesunloaded="0" quiescems="0.000" setupms="0.003" scanms="0.000" postms="0.000" />
</gc-op>
<gc-end id="4327" type="partial gc" contextid="4322" durationms="2.510" usertimems="0.000" systemtimems="0.000" timestamp="2019-06-16T02:56:32.445" activeThreads="1">
  <mem-info id="4328" free="55574528" total="92274688" percent="60">
    <mem type="eden" free="1048128" total="1048576" percent="99" />
    <remembered-set count="2208" freebytes="3674496" totalbytes="3683328" percent="99" regionsoverflowed="0" regionsstable="18" regionsrebuilding="0"/>
  </mem-info>
</gc-end>
<cycle-end id="4329" type="partial gc" contextid="4322" timestamp="2019-06-16T02:56:32.445" />
  <attribute name="elasticGC enabled" value="1" />
  <attribute name= "numThreadsSpecified" value="1" />
  <attribute name="heapSize specified" value="0" />
  <attribute name="Current GC Util" value="200" />
  <attribute name= "Current Time Running" value="64808" />
  <attribute name ="GC Interval" value="0" />
  <attribute name="ProportionalT" value="270.000000" />
  <attribute name="ProportionalI" value="270.000000" />
  <attribute name="ProportionalH" value="270.000000" />
  <attribute name="Current Error" value="180.000000" />
  <attribute name="IntegralT" value="0.000000" />
  <attribute name="IntegralI" value="0.000000" />
  <attribute name="IntegralH" value="0.000000" />
  <attribute name="DerivativeT" value="inf" />
  <attribute name="DerivativeI" value="inf" />
  <attribute name="DerivativeH" value="inf" />
  <attribute name="Loop Time for DT" value="0.000000" />
  <attribute name="Output H" value="8388608"/>
  <attribute name="Output I" value="200"/>
  <attribute name="Output T" value="1"/>
  <attribute name="Target GC Util Change" value ="20.000000" />
  <attribute name="Current GC Util Change" value="200.000000"/>
  <attribute name="GC Util currently" value="200" />
  <attribute name="CPU Util currently" value="12148227869142" />
<exclusive-end id="4330" timestamp="2019-06-16T02:56:32.445" durationms="3.633" />

<exclusive-start id="4331" timestamp="2019-06-16T02:56:32.490" intervalms="48.204">
  <response-info timems="0.083" idlems="0.083" threads="0" lastid="0000000001916700" lastname="main" />
</exclusive-start>
<allocation-taxation id="4332" taxation-threshold="29360128" timestamp="2019-06-16T02:56:32.490" intervalms="48.244" />
<cycle-start id="4333" type="partial gc" contextid="0" timestamp="2019-06-16T02:56:32.490" intervalms="48.252" />
<gc-start id="4334" type="partial gc" contextid="4333" timestamp="2019-06-16T02:56:32.490">
  <mem-info id="4335" free="26214400" total="92274688" percent="28">
    <mem type="eden" free="1048128" total="30408704" percent="3" />
    <remembered-set count="1728" freebytes="3676416" totalbytes="3683328" percent="99" regionsoverflowed="0" regionsstable="18" regionsrebuilding="0"/>
  </mem-info>
</gc-start>
<allocation-stats totalBytes="29355008" >
  <allocated-bytes non-tlh="0" tlh="29355008" arrayletleaf="0"/>
  <largest-consumer threadName="main" threadId="0000000001916700" bytes="29355008" />
</allocation-stats>
<gc-op id="4336" type="copy forward" timems="0.994" contextid="4333" timestamp="2019-06-16T02:56:32.492">
  <memory-copied type="eden" objects="7" bytes="336" bytesdiscarded="0" />
  <memory-copied type="other" objects="0" bytes="0" bytesdiscarded="0" />
  <memory-cardclean objects="21" bytes="816" />
  <regions eden="28" other="1" />
  <remembered-set-cleared processed="54" cleared="1" durationms="0.111" />
  <stringconstants candidates="13711" cleared="0"  />
</gc-op>
<gc-op id="4337" type="classunload" timems="0.004" contextid="4333" timestamp="2019-06-16T02:56:32.493">
  <classunload-info classloadercandidates="54" classloadersunloaded="0" classesunloaded="0" anonymousclassesunloaded="0" quiescems="0.000" setupms="0.003" scanms="0.000" postms="0.000" />
</gc-op>
<gc-end id="4338" type="partial gc" contextid="4333" durationms="2.416" usertimems="4.000" systemtimems="0.000" timestamp="2019-06-16T02:56:32.493" activeThreads="1">
  <mem-info id="4339" free="55574528" total="92274688" percent="60">
    <mem type="eden" free="1048240" total="1048576" percent="99" />
    <remembered-set count="2208" freebytes="3674496" totalbytes="3683328" percent="99" regionsoverflowed="0" regionsstable="18" regionsrebuilding="0"/>
  </mem-info>
</gc-end>
<cycle-end id="4340" type="partial gc" contextid="4333" timestamp="2019-06-16T02:56:32.493" />
  <attribute name="elasticGC enabled" value="1" />
  <attribute name= "numThreadsSpecified" value="1" />
  <attribute name="heapSize specified" value="0" />
  <attribute name="Current GC Util" value="256" />
  <attribute name= "Current Time Running" value="64856" />
  <attribute name ="GC Interval" value="0" />
  <attribute name="ProportionalT" value="354.000000" />
  <attribute name="ProportionalI" value="354.000000" />
  <attribute name="ProportionalH" value="354.000000" />
  <attribute name="Current Error" value="236.000000" />
  <attribute name="IntegralT" value="0.000000" />
  <attribute name="IntegralI" value="0.000000" />
  <attribute name="IntegralH" value="0.000000" />
  <attribute name="DerivativeT" value="inf" />
  <attribute name="DerivativeI" value="inf" />
  <attribute name="DerivativeH" value="inf" />
  <attribute name="Loop Time for DT" value="0.000000" />
  <attribute name="Output H" value="8388608"/>
  <attribute name="Output I" value="200"/>
  <attribute name="Output T" value="1"/>
  <attribute name="Target GC Util Change" value ="20.000000" />
  <attribute name="Current GC Util Change" value="256.000000"/>
  <attribute name="GC Util currently" value="256" />
  <attribute name="CPU Util currently" value="10569843108172" />
<exclusive-end id="4341" timestamp="2019-06-16T02:56:32.493" durationms="3.638" />

<exclusive-start id="4342" timestamp="2019-06-16T02:56:32.538" intervalms="48.235">
  <response-info timems="0.094" idlems="0.094" threads="0" lastid="0000000001916700" lastname="main" />
</exclusive-start>
<allocation-taxation id="4343" taxation-threshold="29360128" timestamp="2019-06-16T02:56:32.538" intervalms="48.198" />
<cycle-start id="4344" type="partial gc" contextid="0" timestamp="2019-06-16T02:56:32.538" intervalms="48.145" />
<gc-start id="4345" type="partial gc" contextid="4344" timestamp="2019-06-16T02:56:32.539">
  <mem-info id="4346" free="26214400" total="92274688" percent="28">
    <mem type="eden" free="1048240" total="30408704" percent="3" />
    <remembered-set count="1728" freebytes="3676416" totalbytes="3683328" percent="99" regionsoverflowed="0" regionsstable="18" regionsrebuilding="0"/>
  </mem-info>
</gc-start>
<allocation-stats totalBytes="29354848" >
  <allocated-bytes non-tlh="0" tlh="29354848" arrayletleaf="0"/>
  <largest-consumer threadName="main" threadId="0000000001916700" bytes="29354848" />
</allocation-stats>
<gc-op id="4347" type="copy forward" timems="1.081" contextid="4344" timestamp="2019-06-16T02:56:32.541">
  <memory-copied type="eden" objects="1" bytes="24" bytesdiscarded="0" />
  <memory-copied type="other" objects="0" bytes="0" bytesdiscarded="0" />
  <memory-cardclean objects="21" bytes="816" />
  <regions eden="28" other="1" />
  <remembered-set-cleared processed="54" cleared="1" durationms="0.121" />
  <stringconstants candidates="13711" cleared="0"  />
</gc-op>
<gc-op id="4348" type="classunload" timems="0.004" contextid="4344" timestamp="2019-06-16T02:56:32.541">
  <classunload-info classloadercandidates="54" classloadersunloaded="0" classesunloaded="0" anonymousclassesunloaded="0" quiescems="0.000" setupms="0.004" scanms="0.000" postms="0.000" />
</gc-op>
<gc-end id="4349" type="partial gc" contextid="4344" durationms="2.429" usertimems="0.000" systemtimems="4.000" timestamp="2019-06-16T02:56:32.541" activeThreads="1">
  <mem-info id="4350" free="55574528" total="92274688" percent="60">
    <mem type="eden" free="1048552" total="1048576" percent="99" />
    <remembered-set count="2208" freebytes="3674496" totalbytes="3683328" percent="99" regionsoverflowed="0" regionsstable="18" regionsrebuilding="0"/>
  </mem-info>
</gc-end>
<cycle-end id="4351" type="partial gc" contextid="4344" timestamp="2019-06-16T02:56:32.541" />
  <attribute name="elasticGC enabled" value="1" />
  <attribute name= "numThreadsSpecified" value="1" />
  <attribute name="heapSize specified" value="0" />
  <attribute name="Current GC Util" value="254" />
  <attribute name= "Current Time Running" value="64904" />
  <attribute name ="GC Interval" value="0" />
  <attribute name="ProportionalT" value="351.000000" />
  <attribute name="ProportionalI" value="351.000000" />
  <attribute name="ProportionalH" value="351.000000" />
  <attribute name="Current Error" value="234.000000" />
  <attribute name="IntegralT" value="0.000000" />
  <attribute name="IntegralI" value="0.000000" />
  <attribute name="IntegralH" value="0.000000" />
  <attribute name="DerivativeT" value="inf" />
  <attribute name="DerivativeI" value="inf" />
  <attribute name="DerivativeH" value="inf" />
  <attribute name="Loop Time for DT" value="0.000000" />
  <attribute name="Output H" value="8388608"/>
  <attribute name="Output I" value="200"/>
  <attribute name="Output T" value="1"/>
  <attribute name="Target GC Util Change" value ="20.000000" />
  <attribute name="Current GC Util Change" value="254.000000"/>
  <attribute name="GC Util currently" value="254" />
  <attribute name="CPU Util currently" value="12039603822775" />
<exclusive-end id="4352" timestamp="2019-06-16T02:56:32.541" durationms="3.618" />

<exclusive-start id="4353" timestamp="2019-06-16T02:56:32.570" intervalms="32.173">
  <response-info timems="0.097" idlems="0.097" threads="0" lastid="0000000001916700" lastname="main" />
</exclusive-start>
<allocation-taxation id="4354" taxation-threshold="29360128" timestamp="2019-06-16T02:56:32.570" intervalms="32.202" />
<cycle-start id="4355" type="partial gc" contextid="0" timestamp="2019-06-16T02:56:32.570" intervalms="32.250" />
<gc-start id="4356" type="partial gc" contextid="4355" timestamp="2019-06-16T02:56:32.571">
  <mem-info id="4357" free="26214400" total="92274688" percent="28">
    <mem type="eden" free="1048552" total="30408704" percent="3" />
    <remembered-set count="1728" freebytes="3676416" totalbytes="3683328" percent="99" regionsoverflowed="0" regionsstable="18" regionsrebuilding="0"/>
  </mem-info>
</gc-start>
<allocation-stats totalBytes="29335448" >
  <allocated-bytes non-tlh="0" tlh="29335448" arrayletleaf="0"/>
  <largest-consumer threadName="main" threadId="0000000001916700" bytes="29335448" />
</allocation-stats>
<gc-op id="4358" type="copy forward" timems="2.780" contextid="4355" timestamp="2019-06-16T02:56:32.575">
  <memory-copied type="eden" objects="26" bytes="1344" bytesdiscarded="1424" />
  <memory-copied type="other" objects="0" bytes="0" bytesdiscarded="0" />
  <memory-cardclean objects="58" bytes="1968" />
  <regions eden="28" other="1" />
  <remembered-set-cleared processed="54" cleared="11" durationms="0.091" />
  <stringconstants candidates="13711" cleared="0"  />
</gc-op>
<gc-op id="4359" type="classunload" timems="0.004" contextid="4355" timestamp="2019-06-16T02:56:32.575">
  <classunload-info classloadercandidates="54" classloadersunloaded="0" classesunloaded="0" anonymousclassesunloaded="0" quiescems="0.000" setupms="0.004" scanms="0.000" postms="0.000" />
</gc-op>
<gc-end id="4360" type="partial gc" contextid="4355" durationms="4.073" usertimems="8.000" systemtimems="0.000" timestamp="2019-06-16T02:56:32.575" activeThreads="4">
  <mem-info id="4361" free="55574528" total="92274688" percent="60">
    <mem type="eden" free="1045808" total="1048576" percent="99" />
    <remembered-set count="2272" freebytes="3674240" totalbytes="3683328" percent="99" regionsoverflowed="0" regionsstable="18" regionsrebuilding="0"/>
  </mem-info>
</gc-end>
<cycle-end id="4362" type="partial gc" contextid="4355" timestamp="2019-06-16T02:56:32.575" />
  <attribute name="elasticGC enabled" value="1" />
  <attribute name= "numThreadsSpecified" value="4" />
  <attribute name="heapSize specified" value="0" />
  <attribute name="Current GC Util" value="284" />
  <attribute name= "Current Time Running" value="64937" />
  <attribute name ="GC Interval" value="0" />
  <attribute name="ProportionalT" value="396.000000" />
  <attribute name="ProportionalI" value="396.000000" />
  <attribute name="ProportionalH" value="396.000000" />
  <attribute name="Current Error" value="264.000000" />
  <attribute name="IntegralT" value="264.000000" />
  <attribute name="IntegralI" value="264.000000" />
  <attribute name="IntegralH" value="264.000000" />
  <attribute name="DerivativeT" value="264.000000" />
  <attribute name="DerivativeI" value="264.000000" />
  <attribute name="DerivativeH" value="264.000000" />
  <attribute name="Loop Time for DT" value="1.000000" />
  <attribute name="Output H" value="8388608"/>
  <attribute name="Output I" value="928"/>
  <attribute name="Output T" value="4"/>
  <attribute name="Target GC Util Change" value ="20.000000" />
  <attribute name="Current GC Util Change" value="284.000000"/>
  <attribute name="GC Util currently" value="284" />
  <attribute name="CPU Util currently" value="13178994381730" />
<exclusive-end id="4363" timestamp="2019-06-16T02:56:32.575" durationms="5.273" />

<exclusive-start id="4364" timestamp="2019-06-16T02:56:32.585" intervalms="15.262">
  <response-info timems="0.094" idlems="0.094" threads="0" lastid="0000000001916700" lastname="main" />
</exclusive-start>
<allocation-taxation id="4365" taxation-threshold="29360128" timestamp="2019-06-16T02:56:32.585" intervalms="15.210" />
<cycle-start id="4366" type="partial gc" contextid="0" timestamp="2019-06-16T02:56:32.586" intervalms="15.194" />
<gc-start id="4367" type="partial gc" contextid="4366" timestamp="2019-06-16T02:56:32.586">
  <mem-info id="4368" free="26214400" total="92274688" percent="28">
    <mem type="eden" free="0" total="29360128" percent="0" />
    <remembered-set count="2272" freebytes="3674240" totalbytes="3683328" percent="99" regionsoverflowed="0" regionsstable="18" regionsrebuilding="0"/>
  </mem-info>
</gc-start>
<allocation-stats totalBytes="29319624" >
  <allocated-bytes non-tlh="0" tlh="29319624" arrayletleaf="0"/>
  <largest-consumer threadName="main" threadId="0000000001916700" bytes="29319624" />
</allocation-stats>
<gc-op id="4369" type="copy forward" timems="3.151" contextid="4366" timestamp="2019-06-16T02:56:32.590">
  <memory-copied type="eden" objects="4" bytes="112" bytesdiscarded="680" />
  <memory-copied type="other" objects="22" bytes="1232" bytesdiscarded="1912" />
  <memory-cardclean objects="46" bytes="1776" />
  <regions eden="28" other="1" />
  <remembered-set-cleared processed="52" cleared="9" durationms="0.096" />
  <stringconstants candidates="13711" cleared="0"  />
</gc-op>
<gc-op id="4370" type="classunload" timems="0.004" contextid="4366" timestamp="2019-06-16T02:56:32.590">
  <classunload-info classloadercandidates="54" classloadersunloaded="0" classesunloaded="0" anonymousclassesunloaded="0" quiescems="0.000" setupms="0.004" scanms="0.000" postms="0.000" />
</gc-op>
<gc-end id="4371" type="partial gc" contextid="4366" durationms="4.316" usertimems="4.000" systemtimems="4.000" timestamp="2019-06-16T02:56:32.590" activeThreads="4">
  <mem-info id="4372" free="54525952" total="92274688" percent="59">
    <mem type="eden" free="1047784" total="1048576" percent="99" />
    <remembered-set count="2272" freebytes="3674240" totalbytes="3683328" percent="99" regionsoverflowed="0" regionsstable="18" regionsrebuilding="0"/>
  </mem-info>
</gc-end>
<cycle-end id="4373" type="partial gc" contextid="4366" timestamp="2019-06-16T02:56:32.590" />
  <attribute name="elasticGC enabled" value="1" />
  <attribute name= "numThreadsSpecified" value="4" />
  <attribute name="heapSize specified" value="0" />
  <attribute name="Current GC Util" value="156" />
  <attribute name= "Current Time Running" value="64952" />
  <attribute name ="GC Interval" value="0" />
  <attribute name="ProportionalT" value="204.000000" />
  <attribute name="ProportionalI" value="204.000000" />
  <attribute name="ProportionalH" value="204.000000" />
  <attribute name="Current Error" value="136.000000" />
  <attribute name="IntegralT" value="136.000000" />
  <attribute name="IntegralI" value="136.000000" />
  <attribute name="IntegralH" value="136.000000" />
  <attribute name="DerivativeT" value="106.000000" />
  <attribute name="DerivativeI" value="106.000000" />
  <attribute name="DerivativeH" value="106.000000" />
  <attribute name="Loop Time for DT" value="1.000000" />
  <attribute name="Output H" value="8388608"/>
  <attribute name="Output I" value="448"/>
  <attribute name="Output T" value="4"/>
  <attribute name="Target GC Util Change" value ="20.000000" />
  <attribute name="Current GC Util Change" value="156.000000"/>
  <attribute name="GC Util currently" value="156" />
  <attribute name="CPU Util currently" value="12424626701873" />
<exclusive-end id="4374" timestamp="2019-06-16T02:56:32.591" durationms="5.253" />

<exclusive-start id="4375" timestamp="2019-06-16T02:56:32.600" intervalms="15.204">
  <response-info timems="0.074" idlems="0.074" threads="0" lastid="0000000001916700" lastname="main" />
</exclusive-start>
<allocation-taxation id="4376" taxation-threshold="29360128" timestamp="2019-06-16T02:56:32.601" intervalms="15.208" />
<cycle-start id="4377" type="partial gc" contextid="0" timestamp="2019-06-16T02:56:32.601" intervalms="15.213" />
<gc-start id="4378" type="partial gc" contextid="4377" timestamp="2019-06-16T02:56:32.601">
  <mem-info id="4379" free="25165824" total="92274688" percent="27">
    <mem type="eden" free="1047784" total="30408704" percent="3" />
    <remembered-set count="2272" freebytes="3674240" totalbytes="3683328" percent="99" regionsoverflowed="0" regionsstable="18" regionsrebuilding="0"/>
  </mem-info>
</gc-start>
<allocation-stats totalBytes="29318240" >
  <allocated-bytes non-tlh="0" tlh="29318240" arrayletleaf="0"/>
  <largest-consumer threadName="main" threadId="0000000001916700" bytes="29318240" />
</allocation-stats>
<gc-op id="4380" type="copy forward" timems="1.083" contextid="4377" timestamp="2019-06-16T02:56:32.603">
  <memory-copied type="eden" objects="4" bytes="112" bytesdiscarded="0" />
  <memory-copied type="other" objects="0" bytes="0" bytesdiscarded="0" />
  <memory-cardclean objects="1" bytes="24" />
  <regions eden="28" other="1" />
  <remembered-set-cleared processed="57" cleared="0" durationms="0.120" />
  <stringconstants candidates="13711" cleared="0"  />
</gc-op>
<gc-op id="4381" type="classunload" timems="0.003" contextid="4377" timestamp="2019-06-16T02:56:32.603">
  <classunload-info classloadercandidates="54" classloadersunloaded="0" classesunloaded="0" anonymousclassesunloaded="0" quiescems="0.000" setupms="0.003" scanms="0.000" postms="0.000" />
</gc-op>
<heap-resize id="4382" type="expand" space="default" amount="2097152" count="1" timems="0.066" reason="excessive time being spent in gc" timestamp="2019-06-16T02:56:32.604" />
<gc-end id="4383" type="partial gc" contextid="4377" durationms="2.655" usertimems="0.000" systemtimems="0.000" timestamp="2019-06-16T02:56:32.604" activeThreads="1">
  <mem-info id="4384" free="56623104" total="94371840" percent="60">
    <mem type="eden" free="1048464" total="1048576" percent="99" />
    <remembered-set count="2752" freebytes="3756032" totalbytes="3767040" percent="99" regionsoverflowed="0" regionsstable="18" regionsrebuilding="0"/>
  </mem-info>
</gc-end>
<cycle-end id="4385" type="partial gc" contextid="4377" timestamp="2019-06-16T02:56:32.604" />
  <attribute name="elasticGC enabled" value="1" />
  <attribute name= "numThreadsSpecified" value="1" />
  <attribute name="heapSize specified" value="0" />
  <attribute name="Current GC Util" value="166" />
  <attribute name= "Current Time Running" value="64967" />
  <attribute name ="GC Interval" value="0" />
  <attribute name="ProportionalT" value="219.000000" />
  <attribute name="ProportionalI" value="219.000000" />
  <attribute name="ProportionalH" value="219.000000" />
  <attribute name="Current Error" value="146.000000" />
  <attribute name="IntegralT" value="0.000000" />
  <attribute name="IntegralI" value="0.000000" />
  <attribute name="IntegralH" value="0.000000" />
  <attribute name="DerivativeT" value="inf" />
  <attribute name="DerivativeI" value="inf" />
  <attribute name="DerivativeH" value="inf" />
  <attribute name="Loop Time for DT" value="0.000000" />
  <attribute name="Output H" value="8388608"/>
  <attribute name="Output I" value="200"/>
  <attribute name="Output T" value="1"/>
  <attribute name="Target GC Util Change" value ="20.000000" />
  <attribute name="Current GC Util Change" value="166.000000"/>
  <attribute name="GC Util currently" value="166" />
  <attribute name="CPU Util currently" value="12066443130765" />
<exclusive-end id="4386" timestamp="2019-06-16T02:56:32.604" durationms="3.854" />

<exclusive-start id="4387" timestamp="2019-06-16T02:56:32.615" intervalms="14.254">
  <response-info timems="0.094" idlems="0.094" threads="0" lastid="0000000001916700" lastname="main" />
</exclusive-start>
<allocation-taxation id="4388" taxation-threshold="30408704" timestamp="2019-06-16T02:56:32.615" intervalms="14.287" />
<cycle-start id="4389" type="partial gc" contextid="0" timestamp="2019-06-16T02:56:32.615" intervalms="14.301" />
<gc-start id="4390" type="partial gc" contextid="4389" timestamp="2019-06-16T02:56:32.615">
  <mem-info id="4391" free="26214400" total="94371840" percent="27">
    <mem type="eden" free="1048464" total="31457280" percent="3" />
    <remembered-set count="2272" freebytes="3757952" totalbytes="3767040" percent="99" regionsoverflowed="0" regionsstable="18" regionsrebuilding="0"/>
  </mem-info>
</gc-start>
<allocation-stats totalBytes="30366768" >
  <allocated-bytes non-tlh="0" tlh="30366768" arrayletleaf="0"/>
  <largest-consumer threadName="main" threadId="0000000001916700" bytes="30366768" />
</allocation-stats>
<gc-op id="4392" type="copy forward" timems="1.055" contextid="4389" timestamp="2019-06-16T02:56:32.617">
  <memory-copied type="eden" objects="4" bytes="112" bytesdiscarded="0" />
  <memory-copied type="other" objects="0" bytes="0" bytesdiscarded="0" />
  <memory-cardclean objects="1" bytes="24" />
  <regions eden="29" other="1" />
  <remembered-set-cleared processed="57" cleared="0" durationms="0.120" />
  <stringconstants candidates="13711" cleared="0"  />
</gc-op>
<gc-op id="4393" type="classunload" timems="0.004" contextid="4389" timestamp="2019-06-16T02:56:32.618">
  <classunload-info classloadercandidates="54" classloadersunloaded="0" classesunloaded="0" anonymousclassesunloaded="0" quiescems="0.000" setupms="0.003" scanms="0.000" postms="0.000" />
</gc-op>
<gc-end id="4394" type="partial gc" contextid="4389" durationms="2.361" usertimems="0.000" systemtimems="0.000" timestamp="2019-06-16T02:56:32.618" activeThreads="1">
  <mem-info id="4395" free="56623104" total="94371840" percent="60">
    <mem type="eden" free="1048464" total="1048576" percent="99" />
    <remembered-set count="2784" freebytes="3755904" totalbytes="3767040" percent="99" regionsoverflowed="0" regionsstable="18" regionsrebuilding="0"/>
  </mem-info>
</gc-end>
<cycle-end id="4396" type="partial gc" contextid="4389" timestamp="2019-06-16T02:56:32.618" />
  <attribute name="elasticGC enabled" value="1" />
  <attribute name= "numThreadsSpecified" value="1" />
  <attribute name="heapSize specified" value="0" />
  <attribute name="Current GC Util" value="288" />
  <attribute name= "Current Time Running" value="64981" />
  <attribute name ="GC Interval" value="0" />
  <attribute name="ProportionalT" value="402.000000" />
  <attribute name="ProportionalI" value="402.000000" />
  <attribute name="ProportionalH" value="402.000000" />
  <attribute name="Current Error" value="268.000000" />
  <attribute name="IntegralT" value="0.000000" />
  <attribute name="IntegralI" value="0.000000" />
  <attribute name="IntegralH" value="0.000000" />
  <attribute name="DerivativeT" value="inf" />
  <attribute name="DerivativeI" value="inf" />
  <attribute name="DerivativeH" value="inf" />
  <attribute name="Loop Time for DT" value="0.000000" />
  <attribute name="Output H" value="8388608"/>
  <attribute name="Output I" value="200"/>
  <attribute name="Output T" value="1"/>
  <attribute name="Target GC Util Change" value ="20.000000" />
  <attribute name="Current GC Util Change" value="288.000000"/>
  <attribute name="GC Util currently" value="288" />
  <attribute name="CPU Util currently" value="12327250281382" />
<exclusive-end id="4397" timestamp="2019-06-16T02:56:32.618" durationms="3.615" />

<exclusive-start id="4398" timestamp="2019-06-16T02:56:32.629" intervalms="13.922">
  <response-info timems="0.076" idlems="0.076" threads="0" lastid="0000000001916700" lastname="main" />
</exclusive-start>
<allocation-taxation id="4399" taxation-threshold="30408704" timestamp="2019-06-16T02:56:32.629" intervalms="13.860" />
<cycle-start id="4400" type="partial gc" contextid="0" timestamp="2019-06-16T02:56:32.629" intervalms="13.852" />
<gc-start id="4401" type="partial gc" contextid="4400" timestamp="2019-06-16T02:56:32.629">
  <mem-info id="4402" free="26214400" total="94371840" percent="27">
    <mem type="eden" free="1048464" total="31457280" percent="3" />
    <remembered-set count="2304" freebytes="3757824" totalbytes="3767040" percent="99" regionsoverflowed="0" regionsstable="18" regionsrebuilding="0"/>
  </mem-info>
</gc-start>
<allocation-stats totalBytes="30366768" >
  <allocated-bytes non-tlh="0" tlh="30366768" arrayletleaf="0"/>
  <largest-consumer threadName="main" threadId="0000000001916700" bytes="30366768" />
</allocation-stats>
<gc-op id="4403" type="copy forward" timems="1.058" contextid="4400" timestamp="2019-06-16T02:56:32.631">
  <memory-copied type="eden" objects="4" bytes="112" bytesdiscarded="0" />
  <memory-copied type="other" objects="0" bytes="0" bytesdiscarded="0" />
  <memory-cardclean objects="1" bytes="24" />
  <regions eden="29" other="1" />
  <remembered-set-cleared processed="57" cleared="0" durationms="0.123" />
  <stringconstants candidates="13711" cleared="0"  />
</gc-op>
<gc-op id="4404" type="classunload" timems="0.003" contextid="4400" timestamp="2019-06-16T02:56:32.631">
  <classunload-info classloadercandidates="54" classloadersunloaded="0" classesunloaded="0" anonymousclassesunloaded="0" quiescems="0.000" setupms="0.003" scanms="0.000" postms="0.000" />
</gc-op>
<gc-end id="4405" type="partial gc" contextid="4400" durationms="2.318" usertimems="4.000" systemtimems="0.000" timestamp="2019-06-16T02:56:32.632" activeThreads="1">
  <mem-info id="4406" free="56623104" total="94371840" percent="60">
    <mem type="eden" free="1048464" total="1048576" percent="99" />
    <remembered-set count="2784" freebytes="3755904" totalbytes="3767040" percent="99" regionsoverflowed="0" regionsstable="18" regionsrebuilding="0"/>
  </mem-info>
</gc-end>
<cycle-end id="4407" type="partial gc" contextid="4400" timestamp="2019-06-16T02:56:32.632" />
  <attribute name="elasticGC enabled" value="1" />
  <attribute name= "numThreadsSpecified" value="1" />
  <attribute name="heapSize specified" value="0" />
  <attribute name="Current GC Util" value="270" />
  <attribute name= "Current Time Running" value="64995" />
  <attribute name ="GC Interval" value="0" />
  <attribute name="ProportionalT" value="375.000000" />
  <attribute name="ProportionalI" value="375.000000" />
  <attribute name="ProportionalH" value="375.000000" />
  <attribute name="Current Error" value="250.000000" />
  <attribute name="IntegralT" value="0.000000" />
  <attribute name="IntegralI" value="0.000000" />
  <attribute name="IntegralH" value="0.000000" />
  <attribute name="DerivativeT" value="inf" />
  <attribute name="DerivativeI" value="inf" />
  <attribute name="DerivativeH" value="inf" />
  <attribute name="Loop Time for DT" value="0.000000" />
  <attribute name="Output H" value="8388608"/>
  <attribute name="Output I" value="200"/>
  <attribute name="Output T" value="1"/>
  <attribute name="Target GC Util Change" value ="20.000000" />
  <attribute name="Current GC Util Change" value="270.000000"/>
  <attribute name="GC Util currently" value="270" />
  <attribute name="CPU Util currently" value="13030343006305" />
<exclusive-end id="4408" timestamp="2019-06-16T02:56:32.632" durationms="3.396" />

<exclusive-start id="4409" timestamp="2019-06-16T02:56:32.643" intervalms="13.933">
  <response-info timems="0.090" idlems="0.090" threads="0" lastid="0000000001916700" lastname="main" />
</exclusive-start>
<allocation-taxation id="4410" taxation-threshold="30408704" timestamp="2019-06-16T02:56:32.643" intervalms="13.954" />
<cycle-start id="4411" type="partial gc" contextid="0" timestamp="2019-06-16T02:56:32.643" intervalms="13.936" />
<gc-start id="4412" type="partial gc" contextid="4411" timestamp="2019-06-16T02:56:32.643">
  <mem-info id="4413" free="26214400" total="94371840" percent="27">
    <mem type="eden" free="1048464" total="31457280" percent="3" />
    <remembered-set count="2304" freebytes="3757824" totalbytes="3767040" percent="99" regionsoverflowed="0" regionsstable="18" regionsrebuilding="0"/>
  </mem-info>
</gc-start>
<allocation-stats totalBytes="30366744" >
  <allocated-bytes non-tlh="0" tlh="30366744" arrayletleaf="0"/>
  <largest-consumer threadName="main" threadId="0000000001916700" bytes="30366744" />
</allocation-stats>
<gc-op id="4414" type="copy forward" timems="1.066" contextid="4411" timestamp="2019-06-16T02:56:32.645">
  <memory-copied type="eden" objects="4" bytes="112" bytesdiscarded="0" />
  <memory-copied type="other" objects="0" bytes="0" bytesdiscarded="0" />
  <memory-cardclean objects="1" bytes="24" />
  <regions eden="29" other="1" />
  <remembered-set-cleared processed="57" cleared="0" durationms="0.123" />
  <stringconstants candidates="13711" cleared="0"  />
</gc-op>
<gc-op id="4415" type="classunload" timems="0.004" contextid="4411" timestamp="2019-06-16T02:56:32.645">
  <classunload-info classloadercandidates="54" classloadersunloaded="0" classesunloaded="0" anonymousclassesunloaded="0" quiescems="0.000" setupms="0.004" scanms="0.000" postms="0.000" />
</gc-op>
<gc-end id="4416" type="partial gc" contextid="4411" durationms="2.302" usertimems="4.000" systemtimems="0.000" timestamp="2019-06-16T02:56:32.646" activeThreads="1">
  <mem-info id="4417" free="56623104" total="94371840" percent="60">
    <mem type="eden" free="1048464" total="1048576" percent="99" />
    <remembered-set count="2784" freebytes="3755904" totalbytes="3767040" percent="99" regionsoverflowed="0" regionsstable="18" regionsrebuilding="0"/>
  </mem-info>
</gc-end>
<cycle-end id="4418" type="partial gc" contextid="4411" timestamp="2019-06-16T02:56:32.646" />
  <attribute name="elasticGC enabled" value="1" />
  <attribute name= "numThreadsSpecified" value="1" />
  <attribute name="heapSize specified" value="0" />
  <attribute name="Current GC Util" value="270" />
  <attribute name= "Current Time Running" value="65009" />
  <attribute name ="GC Interval" value="0" />
  <attribute name="ProportionalT" value="375.000000" />
  <attribute name="ProportionalI" value="375.000000" />
  <attribute name="ProportionalH" value="375.000000" />
  <attribute name="Current Error" value="250.000000" />
  <attribute name="IntegralT" value="0.000000" />
  <attribute name="IntegralI" value="0.000000" />
  <attribute name="IntegralH" value="0.000000" />
  <attribute name="DerivativeT" value="inf" />
  <attribute name="DerivativeI" value="inf" />
  <attribute name="DerivativeH" value="inf" />
  <attribute name="Loop Time for DT" value="0.000000" />
  <attribute name="Output H" value="8388608"/>
  <attribute name="Output I" value="200"/>
  <attribute name="Output T" value="1"/>
  <attribute name="Target GC Util Change" value ="20.000000" />
  <attribute name="Current GC Util Change" value="270.000000"/>
  <attribute name="GC Util currently" value="270" />
  <attribute name="CPU Util currently" value="12959889519762" />
<exclusive-end id="4419" timestamp="2019-06-16T02:56:32.646" durationms="3.424" />

<exclusive-start id="4420" timestamp="2019-06-16T02:56:32.663" intervalms="20.177">
  <response-info timems="0.076" idlems="0.076" threads="0" lastid="0000000001916700" lastname="main" />
</exclusive-start>
<allocation-taxation id="4421" taxation-threshold="30408704" timestamp="2019-06-16T02:56:32.663" intervalms="20.167" />
<cycle-start id="4422" type="partial gc" contextid="0" timestamp="2019-06-16T02:56:32.663" intervalms="20.152" />
<gc-start id="4423" type="partial gc" contextid="4422" timestamp="2019-06-16T02:56:32.663">
  <mem-info id="4424" free="26214400" total="94371840" percent="27">
    <mem type="eden" free="1048464" total="31457280" percent="3" />
    <remembered-set count="2304" freebytes="3757824" totalbytes="3767040" percent="99" regionsoverflowed="0" regionsstable="18" regionsrebuilding="0"/>
  </mem-info>
</gc-start>
<allocation-stats totalBytes="30382800" >
  <allocated-bytes non-tlh="0" tlh="30382800" arrayletleaf="0"/>
  <largest-consumer threadName="main" threadId="0000000001916700" bytes="30382800" />
</allocation-stats>
<gc-op id="4425" type="copy forward" timems="1.106" contextid="4422" timestamp="2019-06-16T02:56:32.665">
  <memory-copied type="eden" objects="25" bytes="936" bytesdiscarded="0" />
  <memory-copied type="other" objects="0" bytes="0" bytesdiscarded="0" />
  <memory-cardclean objects="79" bytes="2912" />
  <regions eden="29" other="1" />
  <remembered-set-cleared processed="57" cleared="8" durationms="0.127" />
  <stringconstants candidates="13711" cleared="0"  />
</gc-op>
<gc-op id="4426" type="classunload" timems="0.003" contextid="4422" timestamp="2019-06-16T02:56:32.666">
  <classunload-info classloadercandidates="54" classloadersunloaded="0" classesunloaded="0" anonymousclassesunloaded="0" quiescems="0.000" setupms="0.003" scanms="0.000" postms="0.000" />
</gc-op>
<gc-end id="4427" type="partial gc" contextid="4422" durationms="2.355" usertimems="4.000" systemtimems="0.000" timestamp="2019-06-16T02:56:32.666" activeThreads="1">
  <mem-info id="4428" free="56623104" total="94371840" percent="60">
    <mem type="eden" free="1047640" total="1048576" percent="99" />
    <remembered-set count="2624" freebytes="3756544" totalbytes="3767040" percent="99" regionsoverflowed="0" regionsstable="18" regionsrebuilding="0"/>
  </mem-info>
</gc-end>
<cycle-end id="4429" type="partial gc" contextid="4422" timestamp="2019-06-16T02:56:32.666" />
  <attribute name="elasticGC enabled" value="1" />
  <attribute name= "numThreadsSpecified" value="1" />
  <attribute name="heapSize specified" value="0" />
  <attribute name="Current GC Util" value="270" />
  <attribute name= "Current Time Running" value="65029" />
  <attribute name ="GC Interval" value="0" />
  <attribute name="ProportionalT" value="375.000000" />
  <attribute name="ProportionalI" value="375.000000" />
  <attribute name="ProportionalH" value="375.000000" />
  <attribute name="Current Error" value="250.000000" />
  <attribute name="IntegralT" value="0.000000" />
  <attribute name="IntegralI" value="0.000000" />
  <attribute name="IntegralH" value="0.000000" />
  <attribute name="DerivativeT" value="inf" />
  <attribute name="DerivativeI" value="inf" />
  <attribute name="DerivativeH" value="inf" />
  <attribute name="Loop Time for DT" value="0.000000" />
  <attribute name="Output H" value="8388608"/>
  <attribute name="Output I" value="200"/>
  <attribute name="Output T" value="1"/>
  <attribute name="Target GC Util Change" value ="20.000000" />
  <attribute name="Current GC Util Change" value="270.000000"/>
  <attribute name="GC Util currently" value="270" />
  <attribute name="CPU Util currently" value="13487419657275" />
<exclusive-end id="4430" timestamp="2019-06-16T02:56:32.666" durationms="3.479" />

<exclusive-start id="4431" timestamp="2019-06-16T02:56:32.697" intervalms="33.803">
  <response-info timems="0.077" idlems="0.077" threads="0" lastid="0000000001916700" lastname="main" />
</exclusive-start>
<allocation-taxation id="4432" taxation-threshold="30408704" timestamp="2019-06-16T02:56:32.697" intervalms="33.802" />
<cycle-start id="4433" type="partial gc" contextid="0" timestamp="2019-06-16T02:56:32.697" intervalms="33.834" />
<gc-start id="4434" type="partial gc" contextid="4433" timestamp="2019-06-16T02:56:32.697">
  <mem-info id="4435" free="26214400" total="94371840" percent="27">
    <mem type="eden" free="0" total="30408704" percent="0" />
    <remembered-set count="2208" freebytes="3758208" totalbytes="3767040" percent="99" regionsoverflowed="0" regionsstable="18" regionsrebuilding="0"/>
  </mem-info>
</gc-start>
<allocation-stats totalBytes="30405792" >
  <allocated-bytes non-tlh="0" tlh="30405792" arrayletleaf="0"/>
  <largest-consumer threadName="main" threadId="0000000001916700" bytes="30405792" />
</allocation-stats>
<gc-op id="4436" type="copy forward" timems="1.069" contextid="4433" timestamp="2019-06-16T02:56:32.699">
  <memory-copied type="eden" objects="25" bytes="800" bytesdiscarded="0" />
  <memory-copied type="other" objects="14" bytes="520" bytesdiscarded="0" />
  <memory-cardclean objects="111" bytes="11552" />
  <regions eden="29" other="1" />
  <remembered-set-cleared processed="55" cleared="8" durationms="0.126" />
  <references type="weak" candidates="2" cleared="0" enqueued="0" />
  <stringconstants candidates="13711" cleared="0"  />
</gc-op>
<gc-op id="4437" type="classunload" timems="0.003" contextid="4433" timestamp="2019-06-16T02:56:32.699">
  <classunload-info classloadercandidates="54" classloadersunloaded="0" classesunloaded="0" anonymousclassesunloaded="0" quiescems="0.000" setupms="0.003" scanms="0.000" postms="0.000" />
</gc-op>
<heap-resize id="4438" type="expand" space="default" amount="3145728" count="1" timems="0.071" reason="excessive time being spent in gc" timestamp="2019-06-16T02:56:32.700" />
<gc-end id="4439" type="partial gc" contextid="4433" durationms="2.568" usertimems="0.000" systemtimems="0.000" timestamp="2019-06-16T02:56:32.700" activeThreads="1">
  <mem-info id="4440" free="58720256" total="97517568" percent="60">
    <mem type="eden" free="1047776" total="1048576" percent="99" />
    <remembered-set count="2624" freebytes="3882112" totalbytes="3892608" percent="99" regionsoverflowed="0" regionsstable="18" regionsrebuilding="0"/>
  </mem-info>
</gc-end>
<cycle-end id="4441" type="partial gc" contextid="4433" timestamp="2019-06-16T02:56:32.700" />
  <attribute name="elasticGC enabled" value="1" />
  <attribute name= "numThreadsSpecified" value="1" />
  <attribute name="heapSize specified" value="0" />
  <attribute name="Current GC Util" value="271" />
  <attribute name= "Current Time Running" value="65063" />
  <attribute name ="GC Interval" value="0" />
  <attribute name="ProportionalT" value="376.500000" />
  <attribute name="ProportionalI" value="376.500000" />
  <attribute name="ProportionalH" value="376.500000" />
  <attribute name="Current Error" value="251.000000" />
  <attribute name="IntegralT" value="0.000000" />
  <attribute name="IntegralI" value="0.000000" />
  <attribute name="IntegralH" value="0.000000" />
  <attribute name="DerivativeT" value="inf" />
  <attribute name="DerivativeI" value="inf" />
  <attribute name="DerivativeH" value="inf" />
  <attribute name="Loop Time for DT" value="0.000000" />
  <attribute name="Output H" value="8388608"/>
  <attribute name="Output I" value="200"/>
  <attribute name="Output T" value="1"/>
  <attribute name="Target GC Util Change" value ="20.000000" />
  <attribute name="Current GC Util Change" value="271.000000"/>
  <attribute name="GC Util currently" value="271" />
  <attribute name="CPU Util currently" value="13053985717322" />
<exclusive-end id="4442" timestamp="2019-06-16T02:56:32.700" durationms="3.684" />

<exclusive-start id="4443" timestamp="2019-06-16T02:56:32.873" intervalms="176.257">
  <response-info timems="0.119" idlems="0.119" threads="0" lastid="0000000001916700" lastname="main" />
</exclusive-start>
<allocation-taxation id="4444" taxation-threshold="30408704" timestamp="2019-06-16T02:56:32.873" intervalms="176.360" />
<cycle-start id="4445" type="partial gc" contextid="0" timestamp="2019-06-16T02:56:32.873" intervalms="176.371" />
<gc-start id="4446" type="partial gc" contextid="4445" timestamp="2019-06-16T02:56:32.874">
  <mem-info id="4447" free="28311552" total="97517568" percent="29">
    <mem type="eden" free="0" total="30408704" percent="0" />
    <remembered-set count="2240" freebytes="3883648" totalbytes="3892608" percent="99" regionsoverflowed="0" regionsstable="18" regionsrebuilding="0"/>
  </mem-info>
</gc-start>
<allocation-stats totalBytes="30351704" >
  <allocated-bytes non-tlh="0" tlh="30351704" arrayletleaf="0"/>
  <largest-consumer threadName="main" threadId="0000000001916700" bytes="30351704" />
</allocation-stats>
<gc-op id="4448" type="copy forward" timems="3.143" contextid="4445" timestamp="2019-06-16T02:56:32.878">
  <memory-copied type="eden" objects="70" bytes="2968" bytesdiscarded="728" />
  <memory-copied type="other" objects="6" bytes="144" bytesdiscarded="672" />
  <memory-cardclean objects="82" bytes="10520" />
  <regions eden="29" other="1" />
  <remembered-set-cleared processed="59" cleared="1" durationms="0.093" />
  <references type="weak" candidates="2" cleared="0" enqueued="0" />
  <stringconstants candidates="13711" cleared="0"  />
</gc-op>
<gc-op id="4449" type="classunload" timems="0.003" contextid="4445" timestamp="2019-06-16T02:56:32.878">
  <classunload-info classloadercandidates="54" classloadersunloaded="0" classesunloaded="0" anonymousclassesunloaded="0" quiescems="0.000" setupms="0.003" scanms="0.000" postms="0.000" />
</gc-op>
<gc-end id="4450" type="partial gc" contextid="4445" durationms="4.603" usertimems="8.000" systemtimems="0.000" timestamp="2019-06-16T02:56:32.878" activeThreads="4">
  <mem-info id="4451" free="57671680" total="97517568" percent="59">
    <mem type="eden" free="1044880" total="1048576" percent="99" />
    <remembered-set count="2560" freebytes="3882368" totalbytes="3892608" percent="99" regionsoverflowed="0" regionsstable="18" regionsrebuilding="0"/>
  </mem-info>
</gc-end>
<cycle-end id="4452" type="partial gc" contextid="4445" timestamp="2019-06-16T02:56:32.878" />
  <attribute name="elasticGC enabled" value="1" />
  <attribute name= "numThreadsSpecified" value="4" />
  <attribute name="heapSize specified" value="0" />
  <attribute name="Current GC Util" value="254" />
  <attribute name= "Current Time Running" value="65240" />
  <attribute name ="GC Interval" value="0" />
  <attribute name="ProportionalT" value="351.000000" />
  <attribute name="ProportionalI" value="351.000000" />
  <attribute name="ProportionalH" value="351.000000" />
  <attribute name="Current Error" value="234.000000" />
  <attribute name="IntegralT" value="234.000000" />
  <attribute name="IntegralI" value="234.000000" />
  <attribute name="IntegralH" value="234.000000" />
  <attribute name="DerivativeT" value="234.000000" />
  <attribute name="DerivativeI" value="234.000000" />
  <attribute name="DerivativeH" value="234.000000" />
  <attribute name="Loop Time for DT" value="1.000000" />
  <attribute name="Output H" value="8388608"/>
  <attribute name="Output I" value="824"/>
  <attribute name="Output T" value="4"/>
  <attribute name="Target GC Util Change" value ="20.000000" />
  <attribute name="Current GC Util Change" value="254.000000"/>
  <attribute name="GC Util currently" value="254" />
  <attribute name="CPU Util currently" value="11518732868519" />
<exclusive-end id="4453" timestamp="2019-06-16T02:56:32.879" durationms="5.907" />

<exclusive-start id="4454" timestamp="2019-06-16T02:56:32.888" intervalms="14.930">
  <response-info timems="0.075" idlems="0.075" threads="0" lastid="0000000001916700" lastname="main" />
</exclusive-start>
<allocation-taxation id="4455" taxation-threshold="30408704" timestamp="2019-06-16T02:56:32.888" intervalms="14.934" />
<cycle-start id="4456" type="partial gc" contextid="0" timestamp="2019-06-16T02:56:32.888" intervalms="14.959" />
<gc-start id="4457" type="partial gc" contextid="4456" timestamp="2019-06-16T02:56:32.889">
  <mem-info id="4458" free="27262976" total="97517568" percent="27">
    <mem type="eden" free="0" total="30408704" percent="0" />
    <remembered-set count="2560" freebytes="3882368" totalbytes="3892608" percent="99" regionsoverflowed="0" regionsstable="18" regionsrebuilding="0"/>
  </mem-info>
</gc-start>
<allocation-stats totalBytes="30294880" >
  <allocated-bytes non-tlh="0" tlh="30294880" arrayletleaf="0"/>
  <largest-consumer threadName="main" threadId="0000000001916700" bytes="30294880" />
</allocation-stats>
<gc-op id="4459" type="copy forward" timems="3.126" contextid="4456" timestamp="2019-06-16T02:56:32.893">
  <memory-copied type="eden" objects="1" bytes="32" bytesdiscarded="0" />
  <memory-copied type="other" objects="69" bytes="2936" bytesdiscarded="1064" />
  <memory-cardclean objects="60" bytes="10024" />
  <regions eden="29" other="1" />
  <remembered-set-cleared processed="61" cleared="3" durationms="0.093" />
  <references type="weak" candidates="2" cleared="0" enqueued="0" />
  <stringconstants candidates="13711" cleared="0"  />
</gc-op>
<gc-op id="4460" type="classunload" timems="0.004" contextid="4456" timestamp="2019-06-16T02:56:32.893">
  <classunload-info classloadercandidates="54" classloadersunloaded="0" classesunloaded="0" anonymousclassesunloaded="0" quiescems="0.000" setupms="0.003" scanms="0.000" postms="0.000" />
</gc-op>
<gc-end id="4461" type="partial gc" contextid="4456" durationms="4.566" usertimems="8.000" systemtimems="0.000" timestamp="2019-06-16T02:56:32.893" activeThreads="4">
  <mem-info id="4462" free="56623104" total="97517568" percent="58">
    <mem type="eden" free="1048544" total="1048576" percent="99" />
    <remembered-set count="2560" freebytes="3882368" totalbytes="3892608" percent="99" regionsoverflowed="0" regionsstable="18" regionsrebuilding="0"/>
  </mem-info>
</gc-end>
<cycle-end id="4463" type="partial gc" contextid="4456" timestamp="2019-06-16T02:56:32.893" />
  <attribute name="elasticGC enabled" value="1" />
  <attribute name= "numThreadsSpecified" value="4" />
  <attribute name="heapSize specified" value="0" />
  <attribute name="Current GC Util" value="155" />
  <attribute name= "Current Time Running" value="65255" />
  <attribute name ="GC Interval" value="0" />
  <attribute name="ProportionalT" value="202.500000" />
  <attribute name="ProportionalI" value="202.500000" />
  <attribute name="ProportionalH" value="202.500000" />
  <attribute name="Current Error" value="135.000000" />
  <attribute name="IntegralT" value="135.000000" />
  <attribute name="IntegralI" value="135.000000" />
  <attribute name="IntegralH" value="135.000000" />
  <attribute name="DerivativeT" value="100.000000" />
  <attribute name="DerivativeI" value="100.000000" />
  <attribute name="DerivativeH" value="100.000000" />
  <attribute name="Loop Time for DT" value="1.000000" />
  <attribute name="Output H" value="8388608"/>
  <attribute name="Output I" value="440"/>
  <attribute name="Output T" value="4"/>
  <attribute name="Target GC Util Change" value ="20.000000" />
  <attribute name="Current GC Util Change" value="155.000000"/>
  <attribute name="GC Util currently" value="155" />
  <attribute name="CPU Util currently" value="12072823997434" />
<exclusive-end id="4464" timestamp="2019-06-16T02:56:32.894" durationms="5.955" />

<exclusive-start id="4465" timestamp="2019-06-16T02:56:32.903" intervalms="14.858">
  <response-info timems="0.090" idlems="0.090" threads="0" lastid="0000000001916700" lastname="main" />
</exclusive-start>
<allocation-taxation id="4466" taxation-threshold="30408704" timestamp="2019-06-16T02:56:32.903" intervalms="14.793" />
<cycle-start id="4467" type="partial gc" contextid="0" timestamp="2019-06-16T02:56:32.903" intervalms="14.780" />
<gc-start id="4468" type="partial gc" contextid="4467" timestamp="2019-06-16T02:56:32.903">
  <mem-info id="4469" free="26214400" total="97517568" percent="26">
    <mem type="eden" free="1048544" total="31457280" percent="3" />
    <remembered-set count="2560" freebytes="3882368" totalbytes="3892608" percent="99" regionsoverflowed="0" regionsstable="18" regionsrebuilding="0"/>
  </mem-info>
</gc-start>
<allocation-stats totalBytes="30302680" >
  <allocated-bytes non-tlh="0" tlh="30302680" arrayletleaf="0"/>
  <largest-consumer threadName="main" threadId="0000000001916700" bytes="30302680" />
</allocation-stats>
<gc-op id="4470" type="copy forward" timems="1.121" contextid="4467" timestamp="2019-06-16T02:56:32.905">
  <memory-copied type="eden" objects="2" bytes="56" bytesdiscarded="0" />
  <memory-copied type="other" objects="0" bytes="0" bytesdiscarded="0" />
  <memory-cardclean objects="12" bytes="416" />
  <regions eden="29" other="1" />
  <remembered-set-cleared processed="67" cleared="0" durationms="0.142" />
  <stringconstants candidates="13711" cleared="0"  />
</gc-op>
<gc-op id="4471" type="classunload" timems="0.016" contextid="4467" timestamp="2019-06-16T02:56:32.906">
  <classunload-info classloadercandidates="54" classloadersunloaded="0" classesunloaded="0" anonymousclassesunloaded="0" quiescems="0.000" setupms="0.016" scanms="0.000" postms="0.000" />
</gc-op>
<gc-end id="4472" type="partial gc" contextid="4467" durationms="2.485" usertimems="0.000" systemtimems="0.000" timestamp="2019-06-16T02:56:32.906" activeThreads="1">
  <mem-info id="4473" free="56623104" total="97517568" percent="58">
    <mem type="eden" free="1048520" total="1048576" percent="99" />
    <remembered-set count="3072" freebytes="3880320" totalbytes="3892608" percent="99" regionsoverflowed="0" regionsstable="18" regionsrebuilding="0"/>
  </mem-info>
</gc-end>
<cycle-end id="4474" type="partial gc" contextid="4467" timestamp="2019-06-16T02:56:32.906" />
  <attribute name="elasticGC enabled" value="1" />
  <attribute name= "numThreadsSpecified" value="1" />
  <attribute name="heapSize specified" value="0" />
  <attribute name="Current GC Util" value="147" />
  <attribute name= "Current Time Running" value="65269" />
  <attribute name ="GC Interval" value="0" />
  <attribute name="ProportionalT" value="190.500000" />
  <attribute name="ProportionalI" value="190.500000" />
  <attribute name="ProportionalH" value="190.500000" />
  <attribute name="Current Error" value="127.000000" />
  <attribute name="IntegralT" value="0.000000" />
  <attribute name="IntegralI" value="0.000000" />
  <attribute name="IntegralH" value="0.000000" />
  <attribute name="DerivativeT" value="inf" />
  <attribute name="DerivativeI" value="inf" />
  <attribute name="DerivativeH" value="inf" />
  <attribute name="Loop Time for DT" value="0.000000" />
  <attribute name="Output H" value="8388608"/>
  <attribute name="Output I" value="200"/>
  <attribute name="Output T" value="1"/>
  <attribute name="Target GC Util Change" value ="20.000000" />
  <attribute name="Current GC Util Change" value="147.000000"/>
  <attribute name="GC Util currently" value="147" />
  <attribute name="CPU Util currently" value="11875504629352" />
<exclusive-end id="4475" timestamp="2019-06-16T02:56:32.906" durationms="3.708" />

<exclusive-start id="4476" timestamp="2019-06-16T02:56:32.915" intervalms="12.706">
  <response-info timems="0.074" idlems="0.074" threads="0" lastid="0000000001916700" lastname="main" />
</exclusive-start>
<allocation-taxation id="4477" taxation-threshold="30408704" timestamp="2019-06-16T02:56:32.916" intervalms="12.752" />
<cycle-start id="4478" type="partial gc" contextid="0" timestamp="2019-06-16T02:56:32.916" intervalms="12.766" />
<gc-start id="4479" type="partial gc" contextid="4478" timestamp="2019-06-16T02:56:32.916">
  <mem-info id="4480" free="26214400" total="97517568" percent="26">
    <mem type="eden" free="1048520" total="31457280" percent="3" />
    <remembered-set count="2592" freebytes="3882240" totalbytes="3892608" percent="99" regionsoverflowed="0" regionsstable="18" regionsrebuilding="0"/>
  </mem-info>
</gc-start>
<allocation-stats totalBytes="30306688" >
  <allocated-bytes non-tlh="0" tlh="30306688" arrayletleaf="0"/>
  <largest-consumer threadName="main" threadId="0000000001916700" bytes="30306688" />
</allocation-stats>
<gc-op id="4481" type="copy forward" timems="1.055" contextid="4478" timestamp="2019-06-16T02:56:32.918">
  <memory-copied type="eden" objects="2" bytes="56" bytesdiscarded="0" />
  <memory-copied type="other" objects="0" bytes="0" bytesdiscarded="0" />
  <memory-cardclean objects="12" bytes="416" />
  <regions eden="29" other="1" />
  <remembered-set-cleared processed="67" cleared="0" durationms="0.120" />
  <stringconstants candidates="13711" cleared="0"  />
</gc-op>
<gc-op id="4482" type="classunload" timems="0.004" contextid="4478" timestamp="2019-06-16T02:56:32.919">
  <classunload-info classloadercandidates="54" classloadersunloaded="0" classesunloaded="0" anonymousclassesunloaded="0" quiescems="0.000" setupms="0.004" scanms="0.000" postms="0.000" />
</gc-op>
<heap-resize id="4483" type="expand" space="default" amount="5242880" count="1" timems="0.075" reason="excessive time being spent in gc" timestamp="2019-06-16T02:56:32.919" />
<gc-end id="4484" type="partial gc" contextid="4478" durationms="2.857" usertimems="0.000" systemtimems="0.000" timestamp="2019-06-16T02:56:32.919" activeThreads="1">
  <mem-info id="4485" free="61865984" total="102760448" percent="60">
    <mem type="eden" free="1048520" total="1048576" percent="99" />
    <remembered-set count="3072" freebytes="4089600" totalbytes="4101888" percent="99" regionsoverflowed="0" regionsstable="18" regionsrebuilding="0"/>
  </mem-info>
</gc-end>
<cycle-end id="4486" type="partial gc" contextid="4478" timestamp="2019-06-16T02:56:32.919" />
  <attribute name="elasticGC enabled" value="1" />
  <attribute name= "numThreadsSpecified" value="1" />
  <attribute name="heapSize specified" value="0" />
  <attribute name="Current GC Util" value="261" />
  <attribute name= "Current Time Running" value="65282" />
  <attribute name ="GC Interval" value="0" />
  <attribute name="ProportionalT" value="361.500000" />
  <attribute name="ProportionalI" value="361.500000" />
  <attribute name="ProportionalH" value="361.500000" />
  <attribute name="Current Error" value="241.000000" />
  <attribute name="IntegralT" value="0.000000" />
  <attribute name="IntegralI" value="0.000000" />
  <attribute name="IntegralH" value="0.000000" />
  <attribute name="DerivativeT" value="inf" />
  <attribute name="DerivativeI" value="inf" />
  <attribute name="DerivativeH" value="inf" />
  <attribute name="Loop Time for DT" value="0.000000" />
  <attribute name="Output H" value="8388608"/>
  <attribute name="Output I" value="200"/>
  <attribute name="Output T" value="1"/>
  <attribute name="Target GC Util Change" value ="20.000000" />
  <attribute name="Current GC Util Change" value="261.000000"/>
  <attribute name="GC Util currently" value="261" />
  <attribute name="CPU Util currently" value="10497518769500" />
<exclusive-end id="4487" timestamp="2019-06-16T02:56:32.920" durationms="4.307" />

<exclusive-start id="4488" timestamp="2019-06-16T02:56:32.929" intervalms="13.915">
  <response-info timems="0.080" idlems="0.080" threads="0" lastid="0000000001916700" lastname="main" />
</exclusive-start>
<allocation-taxation id="4489" taxation-threshold="32505856" timestamp="2019-06-16T02:56:32.929" intervalms="13.849" />
<cycle-start id="4490" type="partial gc" contextid="0" timestamp="2019-06-16T02:56:32.930" intervalms="13.789" />
<gc-start id="4491" type="partial gc" contextid="4490" timestamp="2019-06-16T02:56:32.930">
  <mem-info id="4492" free="29360128" total="102760448" percent="28">
    <mem type="eden" free="1048520" total="33554432" percent="3" />
    <remembered-set count="2592" freebytes="4091520" totalbytes="4101888" percent="99" regionsoverflowed="0" regionsstable="18" regionsrebuilding="0"/>
  </mem-info>
</gc-start>
<allocation-stats totalBytes="32396952" >
  <allocated-bytes non-tlh="0" tlh="32396952" arrayletleaf="0"/>
  <largest-consumer threadName="main" threadId="0000000001916700" bytes="32396952" />
</allocation-stats>
<gc-op id="4493" type="copy forward" timems="3.021" contextid="4490" timestamp="2019-06-16T02:56:32.934">
  <memory-copied type="eden" objects="2" bytes="56" bytesdiscarded="0" />
  <memory-copied type="other" objects="0" bytes="0" bytesdiscarded="0" />
  <memory-cardclean objects="12" bytes="416" />
  <regions eden="31" other="1" />
  <remembered-set-cleared processed="67" cleared="0" durationms="0.096" />
  <stringconstants candidates="13711" cleared="0"  />
</gc-op>
<gc-op id="4494" type="classunload" timems="0.004" contextid="4490" timestamp="2019-06-16T02:56:32.934">
  <classunload-info classloadercandidates="54" classloadersunloaded="0" classesunloaded="0" anonymousclassesunloaded="0" quiescems="0.000" setupms="0.004" scanms="0.000" postms="0.000" />
</gc-op>
<gc-end id="4495" type="partial gc" contextid="4490" durationms="4.199" usertimems="4.000" systemtimems="4.000" timestamp="2019-06-16T02:56:32.934" activeThreads="4">
  <mem-info id="4496" free="61865984" total="102760448" percent="60">
    <mem type="eden" free="1048520" total="1048576" percent="99" />
    <remembered-set count="1696" freebytes="4095104" totalbytes="4101888" percent="99" regionsoverflowed="0" regionsstable="18" regionsrebuilding="0"/>
  </mem-info>
</gc-end>
<cycle-end id="4497" type="partial gc" contextid="4490" timestamp="2019-06-16T02:56:32.934" />
  <attribute name="elasticGC enabled" value="1" />
  <attribute name= "numThreadsSpecified" value="4" />
  <attribute name="heapSize specified" value="0" />
  <attribute name="Current GC Util" value="287" />
  <attribute name= "Current Time Running" value="65296" />
  <attribute name ="GC Interval" value="0" />
  <attribute name="ProportionalT" value="400.500000" />
  <attribute name="ProportionalI" value="400.500000" />
  <attribute name="ProportionalH" value="400.500000" />
  <attribute name="Current Error" value="267.000000" />
  <attribute name="IntegralT" value="267.000000" />
  <attribute name="IntegralI" value="267.000000" />
  <attribute name="IntegralH" value="267.000000" />
  <attribute name="DerivativeT" value="267.000000" />
  <attribute name="DerivativeI" value="267.000000" />
  <attribute name="DerivativeH" value="267.000000" />
  <attribute name="Loop Time for DT" value="1.000000" />
  <attribute name="Output H" value="8388608"/>
  <attribute name="Output I" value="936"/>
  <attribute name="Output T" value="4"/>
  <attribute name="Target GC Util Change" value ="20.000000" />
  <attribute name="Current GC Util Change" value="287.000000"/>
  <attribute name="GC Util currently" value="287" />
  <attribute name="CPU Util currently" value="13088700905070" />
<exclusive-end id="4498" timestamp="2019-06-16T02:56:32.935" durationms="5.260" />

<exclusive-start id="4499" timestamp="2019-06-16T02:56:32.944" intervalms="15.124">
  <response-info timems="0.078" idlems="0.078" threads="0" lastid="0000000001916700" lastname="main" />
</exclusive-start>
<allocation-taxation id="4500" taxation-threshold="32505856" timestamp="2019-06-16T02:56:32.945" intervalms="15.141" />
<cycle-start id="4501" type="partial gc" contextid="0" timestamp="2019-06-16T02:56:32.945" intervalms="15.132" />
<gc-start id="4502" type="partial gc" contextid="4501" timestamp="2019-06-16T02:56:32.945">
  <mem-info id="4503" free="29360128" total="102760448" percent="28">
    <mem type="eden" free="1048520" total="33554432" percent="3" />
    <remembered-set count="1696" freebytes="4095104" totalbytes="4101888" percent="99" regionsoverflowed="0" regionsstable="18" regionsrebuilding="0"/>
  </mem-info>
</gc-start>
<allocation-stats totalBytes="32396976" >
  <allocated-bytes non-tlh="0" tlh="32396976" arrayletleaf="0"/>
  <largest-consumer threadName="main" threadId="0000000001916700" bytes="32396976" />
</allocation-stats>
<gc-op id="4504" type="copy forward" timems="1.067" contextid="4501" timestamp="2019-06-16T02:56:32.947">
  <memory-copied type="eden" objects="2" bytes="56" bytesdiscarded="0" />
  <memory-copied type="other" objects="0" bytes="0" bytesdiscarded="0" />
  <memory-cardclean objects="12" bytes="416" />
  <regions eden="31" other="1" />
  <remembered-set-cleared processed="67" cleared="0" durationms="0.130" />
  <stringconstants candidates="13711" cleared="0"  />
</gc-op>
<gc-op id="4505" type="classunload" timems="0.004" contextid="4501" timestamp="2019-06-16T02:56:32.947">
  <classunload-info classloadercandidates="54" classloadersunloaded="0" classesunloaded="0" anonymousclassesunloaded="0" quiescems="0.000" setupms="0.004" scanms="0.000" postms="0.000" />
</gc-op>
<gc-end id="4506" type="partial gc" contextid="4501" durationms="2.233" usertimems="4.000" systemtimems="0.000" timestamp="2019-06-16T02:56:32.947" activeThreads="1">
  <mem-info id="4507" free="61865984" total="102760448" percent="60">
    <mem type="eden" free="1048520" total="1048576" percent="99" />
    <remembered-set count="2176" freebytes="4093184" totalbytes="4101888" percent="99" regionsoverflowed="0" regionsstable="18" regionsrebuilding="0"/>
  </mem-info>
</gc-end>
<cycle-end id="4508" type="partial gc" contextid="4501" timestamp="2019-06-16T02:56:32.947" />
  <attribute name="elasticGC enabled" value="1" />
  <attribute name= "numThreadsSpecified" value="1" />
  <attribute name="heapSize specified" value="0" />
  <attribute name="Current GC Util" value="163" />
  <attribute name= "Current Time Running" value="65311" />
  <attribute name ="GC Interval" value="0" />
  <attribute name="ProportionalT" value="214.500000" />
  <attribute name="ProportionalI" value="214.500000" />
  <attribute name="ProportionalH" value="214.500000" />
  <attribute name="Current Error" value="143.000000" />
  <attribute name="IntegralT" value="0.000000" />
  <attribute name="IntegralI" value="0.000000" />
  <attribute name="IntegralH" value="0.000000" />
  <attribute name="DerivativeT" value="inf" />
  <attribute name="DerivativeI" value="inf" />
  <attribute name="DerivativeH" value="inf" />
  <attribute name="Loop Time for DT" value="0.000000" />
  <attribute name="Output H" value="8388608"/>
  <attribute name="Output I" value="200"/>
  <attribute name="Output T" value="1"/>
  <attribute name="Target GC Util Change" value ="20.000000" />
  <attribute name="Current GC Util Change" value="163.000000"/>
  <attribute name="GC Util currently" value="163" />
  <attribute name="CPU Util currently" value="13482845522568" />
<exclusive-end id="4509" timestamp="2019-06-16T02:56:32.948" durationms="3.365" />

<exclusive-start id="4510" timestamp="2019-06-16T02:56:32.958" intervalms="13.260">
  <response-info timems="0.081" idlems="0.081" threads="0" lastid="0000000001916700" lastname="main" />
</exclusive-start>
<allocation-taxation id="4511" taxation-threshold="32505856" timestamp="2019-06-16T02:56:32.958" intervalms="13.228" />
<cycle-start id="4512" type="partial gc" contextid="0" timestamp="2019-06-16T02:56:32.958" intervalms="13.249" />
<gc-start id="4513" type="partial gc" contextid="4512" timestamp="2019-06-16T02:56:32.958">
  <mem-info id="4514" free="29360128" total="102760448" percent="28">
    <mem type="eden" free="1048520" total="33554432" percent="3" />
    <remembered-set count="1696" freebytes="4095104" totalbytes="4101888" percent="99" regionsoverflowed="0" regionsstable="18" regionsrebuilding="0"/>
  </mem-info>
</gc-start>
<allocation-stats totalBytes="32396976" >
  <allocated-bytes non-tlh="0" tlh="32396976" arrayletleaf="0"/>
  <largest-consumer threadName="main" threadId="0000000001916700" bytes="32396976" />
</allocation-stats>
<gc-op id="4515" type="copy forward" timems="1.076" contextid="4512" timestamp="2019-06-16T02:56:32.960">
  <memory-copied type="eden" objects="2" bytes="56" bytesdiscarded="0" />
  <memory-copied type="other" objects="0" bytes="0" bytesdiscarded="0" />
  <memory-cardclean objects="12" bytes="416" />
  <regions eden="31" other="1" />
  <remembered-set-cleared processed="67" cleared="0" durationms="0.129" />
  <stringconstants candidates="13711" cleared="0"  />
</gc-op>
<gc-op id="4516" type="classunload" timems="0.004" contextid="4512" timestamp="2019-06-16T02:56:32.960">
  <classunload-info classloadercandidates="54" classloadersunloaded="0" classesunloaded="0" anonymousclassesunloaded="0" quiescems="0.000" setupms="0.004" scanms="0.000" postms="0.000" />
</gc-op>
<gc-end id="4517" type="partial gc" contextid="4512" durationms="2.406" usertimems="0.000" systemtimems="0.000" timestamp="2019-06-16T02:56:32.961" activeThreads="1">
  <mem-info id="4518" free="61865984" total="102760448" percent="60">
    <mem type="eden" free="1048520" total="1048576" percent="99" />
    <remembered-set count="2176" freebytes="4093184" totalbytes="4101888" percent="99" regionsoverflowed="0" regionsstable="18" regionsrebuilding="0"/>
  </mem-info>
</gc-end>
<cycle-end id="4519" type="partial gc" contextid="4512" timestamp="2019-06-16T02:56:32.961" />
  <attribute name="elasticGC enabled" value="1" />
  <attribute name= "numThreadsSpecified" value="1" />
  <attribute name="heapSize specified" value="0" />
  <attribute name="Current GC Util" value="244" />
  <attribute name= "Current Time Running" value="65324" />
  <attribute name ="GC Interval" value="0" />
  <attribute name="ProportionalT" value="336.000000" />
  <attribute name="ProportionalI" value="336.000000" />
  <attribute name="ProportionalH" value="336.000000" />
  <attribute name="Current Error" value="224.000000" />
  <attribute name="IntegralT" value="0.000000" />
  <attribute name="IntegralI" value="0.000000" />
  <attribute name="IntegralH" value="0.000000" />
  <attribute name="DerivativeT" value="inf" />
  <attribute name="DerivativeI" value="inf" />
  <attribute name="DerivativeH" value="inf" />
  <attribute name="Loop Time for DT" value="0.000000" />
  <attribute name="Output H" value="8388608"/>
  <attribute name="Output I" value="200"/>
  <attribute name="Output T" value="1"/>
  <attribute name="Target GC Util Change" value ="20.000000" />
  <attribute name="Current GC Util Change" value="244.000000"/>
  <attribute name="GC Util currently" value="244" />
  <attribute name="CPU Util currently" value="12237620149711" />
<exclusive-end id="4520" timestamp="2019-06-16T02:56:32.961" durationms="3.510" />

<exclusive-start id="4521" timestamp="2019-06-16T02:56:32.971" intervalms="13.240">
  <response-info timems="0.074" idlems="0.074" threads="0" lastid="0000000001916700" lastname="main" />
</exclusive-start>
<allocation-taxation id="4522" taxation-threshold="32505856" timestamp="2019-06-16T02:56:32.971" intervalms="13.227" />
<cycle-start id="4523" type="partial gc" contextid="0" timestamp="2019-06-16T02:56:32.971" intervalms="13.213" />
<gc-start id="4524" type="partial gc" contextid="4523" timestamp="2019-06-16T02:56:32.971">
  <mem-info id="4525" free="29360128" total="102760448" percent="28">
    <mem type="eden" free="1048520" total="33554432" percent="3" />
    <remembered-set count="1696" freebytes="4095104" totalbytes="4101888" percent="99" regionsoverflowed="0" regionsstable="18" regionsrebuilding="0"/>
  </mem-info>
</gc-start>
<allocation-stats totalBytes="32396952" >
  <allocated-bytes non-tlh="0" tlh="32396952" arrayletleaf="0"/>
  <largest-consumer threadName="main" threadId="0000000001916700" bytes="32396952" />
</allocation-stats>
<gc-op id="4526" type="copy forward" timems="1.078" contextid="4523" timestamp="2019-06-16T02:56:32.973">
  <memory-copied type="eden" objects="2" bytes="56" bytesdiscarded="0" />
  <memory-copied type="other" objects="0" bytes="0" bytesdiscarded="0" />
  <memory-cardclean objects="12" bytes="416" />
  <regions eden="31" other="1" />
  <remembered-set-cleared processed="67" cleared="0" durationms="0.128" />
  <stringconstants candidates="13711" cleared="0"  />
</gc-op>
<gc-op id="4527" type="classunload" timems="0.003" contextid="4523" timestamp="2019-06-16T02:56:32.973">
  <classunload-info classloadercandidates="54" classloadersunloaded="0" classesunloaded="0" anonymousclassesunloaded="0" quiescems="0.000" setupms="0.003" scanms="0.000" postms="0.000" />
</gc-op>
<gc-end id="4528" type="partial gc" contextid="4523" durationms="2.262" usertimems="0.000" systemtimems="0.000" timestamp="2019-06-16T02:56:32.974" activeThreads="1">
  <mem-info id="4529" free="61865984" total="102760448" percent="60">
    <mem type="eden" free="1048520" total="1048576" percent="99" />
    <remembered-set count="2176" freebytes="4093184" totalbytes="4101888" percent="99" regionsoverflowed="0" regionsstable="18" regionsrebuilding="0"/>
  </mem-info>
</gc-end>
<cycle-end id="4530" type="partial gc" contextid="4523" timestamp="2019-06-16T02:56:32.974" />
  <attribute name="elasticGC enabled" value="1" />
  <attribute name= "numThreadsSpecified" value="1" />
  <attribute name="heapSize specified" value="0" />
  <attribute name="Current GC Util" value="286" />
  <attribute name= "Current Time Running" value="65337" />
  <attribute name ="GC Interval" value="0" />
  <attribute name="ProportionalT" value="399.000000" />
  <attribute name="ProportionalI" value="399.000000" />
  <attribute name="ProportionalH" value="399.000000" />
  <attribute name="Current Error" value="266.000000" />
  <attribute name="IntegralT" value="0.000000" />
  <attribute name="IntegralI" value="0.000000" />
  <attribute name="IntegralH" value="0.000000" />
  <attribute name="DerivativeT" value="inf" />
  <attribute name="DerivativeI" value="inf" />
  <attribute name="DerivativeH" value="inf" />
  <attribute name="Loop Time for DT" value="0.000000" />
  <attribute name="Output H" value="8388608"/>
  <attribute name="Output I" value="200"/>
  <attribute name="Output T" value="1"/>
  <attribute name="Target GC Util Change" value ="20.000000" />
  <attribute name="Current GC Util Change" value="286.000000"/>
  <attribute name="GC Util currently" value="286" />
  <attribute name="CPU Util currently" value="13602188429827" />
<exclusive-end id="4531" timestamp="2019-06-16T02:56:32.974" durationms="3.267" />

<exclusive-start id="4532" timestamp="2019-06-16T02:56:32.984" intervalms="13.098">
  <response-info timems="0.071" idlems="0.071" threads="0" lastid="0000000001916700" lastname="main" />
</exclusive-start>
<allocation-taxation id="4533" taxation-threshold="32505856" timestamp="2019-06-16T02:56:32.984" intervalms="13.103" />
<cycle-start id="4534" type="partial gc" contextid="0" timestamp="2019-06-16T02:56:32.984" intervalms="13.102" />
<gc-start id="4535" type="partial gc" contextid="4534" timestamp="2019-06-16T02:56:32.985">
  <mem-info id="4536" free="29360128" total="102760448" percent="28">
    <mem type="eden" free="1048520" total="33554432" percent="3" />
    <remembered-set count="1696" freebytes="4095104" totalbytes="4101888" percent="99" regionsoverflowed="0" regionsstable="18" regionsrebuilding="0"/>
  </mem-info>
</gc-start>
<allocation-stats totalBytes="32396976" >
  <allocated-bytes non-tlh="0" tlh="32396976" arrayletleaf="0"/>
  <largest-consumer threadName="main" threadId="0000000001916700" bytes="32396976" />
</allocation-stats>
<gc-op id="4537" type="copy forward" timems="1.060" contextid="4534" timestamp="2019-06-16T02:56:32.986">
  <memory-copied type="eden" objects="2" bytes="56" bytesdiscarded="0" />
  <memory-copied type="other" objects="0" bytes="0" bytesdiscarded="0" />
  <memory-cardclean objects="12" bytes="416" />
  <regions eden="31" other="1" />
  <remembered-set-cleared processed="67" cleared="0" durationms="0.129" />
  <stringconstants candidates="13711" cleared="0"  />
</gc-op>
<gc-op id="4538" type="classunload" timems="0.004" contextid="4534" timestamp="2019-06-16T02:56:32.987">
  <classunload-info classloadercandidates="54" classloadersunloaded="0" classesunloaded="0" anonymousclassesunloaded="0" quiescems="0.000" setupms="0.004" scanms="0.000" postms="0.000" />
</gc-op>
<gc-end id="4539" type="partial gc" contextid="4534" durationms="2.270" usertimems="0.000" systemtimems="4.000" timestamp="2019-06-16T02:56:32.987" activeThreads="1">
  <mem-info id="4540" free="61865984" total="102760448" percent="60">
    <mem type="eden" free="1048520" total="1048576" percent="99" />
    <remembered-set count="2176" freebytes="4093184" totalbytes="4101888" percent="99" regionsoverflowed="0" regionsstable="18" regionsrebuilding="0"/>
  </mem-info>
</gc-end>
<cycle-end id="4541" type="partial gc" contextid="4534" timestamp="2019-06-16T02:56:32.987" />
  <attribute name="elasticGC enabled" value="1" />
  <attribute name= "numThreadsSpecified" value="1" />
  <attribute name="heapSize specified" value="0" />
  <attribute name="Current GC Util" value="278" />
  <attribute name= "Current Time Running" value="65350" />
  <attribute name ="GC Interval" value="0" />
  <attribute name="ProportionalT" value="387.000000" />
  <attribute name="ProportionalI" value="387.000000" />
  <attribute name="ProportionalH" value="387.000000" />
  <attribute name="Current Error" value="258.000000" />
  <attribute name="IntegralT" value="0.000000" />
  <attribute name="IntegralI" value="0.000000" />
  <attribute name="IntegralH" value="0.000000" />
  <attribute name="DerivativeT" value="inf" />
  <attribute name="DerivativeI" value="inf" />
  <attribute name="DerivativeH" value="inf" />
  <attribute name="Loop Time for DT" value="0.000000" />
  <attribute name="Output H" value="8388608"/>
  <attribute name="Output I" value="200"/>
  <attribute name="Output T" value="1"/>
  <attribute name="Target GC Util Change" value ="20.000000" />
  <attribute name="Current GC Util Change" value="278.000000"/>
  <attribute name="GC Util currently" value="278" />
  <attribute name="CPU Util currently" value="13050550173700" />
<exclusive-end id="4542" timestamp="2019-06-16T02:56:32.987" durationms="3.369" />

<exclusive-start id="4543" timestamp="2019-06-16T02:56:32.997" intervalms="13.242">
  <response-info timems="0.079" idlems="0.079" threads="0" lastid="0000000001916700" lastname="main" />
</exclusive-start>
<allocation-taxation id="4544" taxation-threshold="32505856" timestamp="2019-06-16T02:56:32.997" intervalms="13.282" />
<cycle-start id="4545" type="partial gc" contextid="0" timestamp="2019-06-16T02:56:32.998" intervalms="13.285" />
<gc-start id="4546" type="partial gc" contextid="4545" timestamp="2019-06-16T02:56:32.998">
  <mem-info id="4547" free="29360128" total="102760448" percent="28">
    <mem type="eden" free="1048520" total="33554432" percent="3" />
    <remembered-set count="1696" freebytes="4095104" totalbytes="4101888" percent="99" regionsoverflowed="0" regionsstable="18" regionsrebuilding="0"/>
  </mem-info>
</gc-start>
<allocation-stats totalBytes="32396976" >
  <allocated-bytes non-tlh="0" tlh="32396976" arrayletleaf="0"/>
  <largest-consumer threadName="main" threadId="0000000001916700" bytes="32396976" />
</allocation-stats>
<gc-op id="4548" type="copy forward" timems="2.873" contextid="4545" timestamp="2019-06-16T02:56:33.002">
  <memory-copied type="eden" objects="2" bytes="56" bytesdiscarded="0" />
  <memory-copied type="other" objects="0" bytes="0" bytesdiscarded="0" />
  <memory-cardclean objects="12" bytes="416" />
  <regions eden="31" other="1" />
  <remembered-set-cleared processed="67" cleared="0" durationms="0.096" />
  <stringconstants candidates="13711" cleared="0"  />
</gc-op>
<gc-op id="4549" type="classunload" timems="0.004" contextid="4545" timestamp="2019-06-16T02:56:33.002">
  <classunload-info classloadercandidates="54" classloadersunloaded="0" classesunloaded="0" anonymousclassesunloaded="0" quiescems="0.000" setupms="0.004" scanms="0.000" postms="0.000" />
</gc-op>
<gc-end id="4550" type="partial gc" contextid="4545" durationms="4.066" usertimems="4.000" systemtimems="4.000" timestamp="2019-06-16T02:56:33.002" activeThreads="4">
  <mem-info id="4551" free="61865984" total="102760448" percent="60">
    <mem type="eden" free="1048520" total="1048576" percent="99" />
    <remembered-set count="1696" freebytes="4095104" totalbytes="4101888" percent="99" regionsoverflowed="0" regionsstable="18" regionsrebuilding="0"/>
  </mem-info>
</gc-end>
<cycle-end id="4552" type="partial gc" contextid="4545" timestamp="2019-06-16T02:56:33.002" />
  <attribute name="elasticGC enabled" value="1" />
  <attribute name= "numThreadsSpecified" value="4" />
  <attribute name="heapSize specified" value="0" />
  <attribute name="Current GC Util" value="285" />
  <attribute name= "Current Time Running" value="65364" />
  <attribute name ="GC Interval" value="0" />
  <attribute name="ProportionalT" value="397.500000" />
  <attribute name="ProportionalI" value="397.500000" />
  <attribute name="ProportionalH" value="397.500000" />
  <attribute name="Current Error" value="265.000000" />
  <attribute name="IntegralT" value="265.000000" />
  <attribute name="IntegralI" value="265.000000" />
  <attribute name="IntegralH" value="265.000000" />
  <attribute name="DerivativeT" value="265.000000" />
  <attribute name="DerivativeI" value="265.000000" />
  <attribute name="DerivativeH" value="265.000000" />
  <attribute name="Loop Time for DT" value="1.000000" />
  <attribute name="Output H" value="8388608"/>
  <attribute name="Output I" value="928"/>
  <attribute name="Output T" value="4"/>
  <attribute name="Target GC Util Change" value ="20.000000" />
  <attribute name="Current GC Util Change" value="285.000000"/>
  <attribute name="GC Util currently" value="285" />
  <attribute name="CPU Util currently" value="13062120006094" />
<exclusive-end id="4553" timestamp="2019-06-16T02:56:33.002" durationms="5.060" />

<exclusive-start id="4554" timestamp="2019-06-16T02:56:33.012" intervalms="14.931">
  <response-info timems="0.077" idlems="0.077" threads="0" lastid="0000000001916700" lastname="main" />
</exclusive-start>
<allocation-taxation id="4555" taxation-threshold="32505856" timestamp="2019-06-16T02:56:33.012" intervalms="14.840" />
<cycle-start id="4556" type="partial gc" contextid="0" timestamp="2019-06-16T02:56:33.012" intervalms="14.815" />
<gc-start id="4557" type="partial gc" contextid="4556" timestamp="2019-06-16T02:56:33.013">
  <mem-info id="4558" free="29360128" total="102760448" percent="28">
    <mem type="eden" free="1048520" total="33554432" percent="3" />
    <remembered-set count="1696" freebytes="4095104" totalbytes="4101888" percent="99" regionsoverflowed="0" regionsstable="18" regionsrebuilding="0"/>
  </mem-info>
</gc-start>
<allocation-stats totalBytes="32396976" >
  <allocated-bytes non-tlh="0" tlh="32396976" arrayletleaf="0"/>
  <largest-consumer threadName="main" threadId="0000000001916700" bytes="32396976" />
</allocation-stats>
<gc-op id="4559" type="copy forward" timems="2.954" contextid="4556" timestamp="2019-06-16T02:56:33.017">
  <memory-copied type="eden" objects="2" bytes="56" bytesdiscarded="0" />
  <memory-copied type="other" objects="0" bytes="0" bytesdiscarded="0" />
  <memory-cardclean objects="12" bytes="416" />
  <regions eden="31" other="1" />
  <remembered-set-cleared processed="67" cleared="0" durationms="0.093" />
  <stringconstants candidates="13711" cleared="0"  />
</gc-op>
<gc-op id="4560" type="classunload" timems="0.004" contextid="4556" timestamp="2019-06-16T02:56:33.017">
  <classunload-info classloadercandidates="54" classloadersunloaded="0" classesunloaded="0" anonymousclassesunloaded="0" quiescems="0.000" setupms="0.004" scanms="0.000" postms="0.000" />
</gc-op>
<gc-end id="4561" type="partial gc" contextid="4556" durationms="4.179" usertimems="8.000" systemtimems="0.000" timestamp="2019-06-16T02:56:33.017" activeThreads="4">
  <mem-info id="4562" free="61865984" total="102760448" percent="60">
    <mem type="eden" free="1048520" total="1048576" percent="99" />
    <remembered-set count="1696" freebytes="4095104" totalbytes="4101888" percent="99" regionsoverflowed="0" regionsstable="18" regionsrebuilding="0"/>
  </mem-info>
</gc-end>
<cycle-end id="4563" type="partial gc" contextid="4556" timestamp="2019-06-16T02:56:33.017" />
  <attribute name="elasticGC enabled" value="1" />
  <attribute name= "numThreadsSpecified" value="4" />
  <attribute name="heapSize specified" value="0" />
  <attribute name="Current GC Util" value="153" />
  <attribute name= "Current Time Running" value="65379" />
  <attribute name ="GC Interval" value="0" />
  <attribute name="ProportionalT" value="199.500000" />
  <attribute name="ProportionalI" value="199.500000" />
  <attribute name="ProportionalH" value="199.500000" />
  <attribute name="Current Error" value="133.000000" />
  <attribute name="IntegralT" value="133.000000" />
  <attribute name="IntegralI" value="133.000000" />
  <attribute name="IntegralH" value="133.000000" />
  <attribute name="DerivativeT" value="101.000000" />
  <attribute name="DerivativeI" value="101.000000" />
  <attribute name="DerivativeH" value="101.000000" />
  <attribute name="Loop Time for DT" value="1.000000" />
  <attribute name="Output H" value="8388608"/>
  <attribute name="Output I" value="440"/>
  <attribute name="Output T" value="4"/>
  <attribute name="Target GC Util Change" value ="20.000000" />
  <attribute name="Current GC Util Change" value="153.000000"/>
  <attribute name="GC Util currently" value="153" />
  <attribute name="CPU Util currently" value="13011740044184" />
<exclusive-end id="4564" timestamp="2019-06-16T02:56:33.017" durationms="5.077" />

<exclusive-start id="4565" timestamp="2019-06-16T02:56:33.027" intervalms="14.960">
  <response-info timems="0.075" idlems="0.075" threads="0" lastid="0000000001916700" lastname="main" />
</exclusive-start>
<allocation-taxation id="4566" taxation-threshold="32505856" timestamp="2019-06-16T02:56:33.027" intervalms="15.037" />
<cycle-start id="4567" type="partial gc" contextid="0" timestamp="2019-06-16T02:56:33.028" intervalms="15.076" />
<gc-start id="4568" type="partial gc" contextid="4567" timestamp="2019-06-16T02:56:33.028">
  <mem-info id="4569" free="29360128" total="102760448" percent="28">
    <mem type="eden" free="1048520" total="33554432" percent="3" />
    <remembered-set count="1696" freebytes="4095104" totalbytes="4101888" percent="99" regionsoverflowed="0" regionsstable="18" regionsrebuilding="0"/>
  </mem-info>
</gc-start>
<allocation-stats totalBytes="32396952" >
  <allocated-bytes non-tlh="0" tlh="32396952" arrayletleaf="0"/>
  <largest-consumer threadName="main" threadId="0000000001916700" bytes="32396952" />
</allocation-stats>
<gc-op id="4570" type="copy forward" timems="3.144" contextid="4567" timestamp="2019-06-16T02:56:33.032">
  <memory-copied type="eden" objects="2" bytes="56" bytesdiscarded="0" />
  <memory-copied type="other" objects="0" bytes="0" bytesdiscarded="0" />
  <memory-cardclean objects="12" bytes="416" />
  <regions eden="31" other="1" />
  <remembered-set-cleared processed="67" cleared="0" durationms="0.093" />
  <stringconstants candidates="13711" cleared="0"  />
</gc-op>
<gc-op id="4571" type="classunload" timems="0.004" contextid="4567" timestamp="2019-06-16T02:56:33.032">
  <classunload-info classloadercandidates="54" classloadersunloaded="0" classesunloaded="0" anonymousclassesunloaded="0" quiescems="0.000" setupms="0.004" scanms="0.000" postms="0.000" />
</gc-op>
<gc-end id="4572" type="partial gc" contextid="4567" durationms="4.354" usertimems="4.000" systemtimems="4.000" timestamp="2019-06-16T02:56:33.032" activeThreads="4">
  <mem-info id="4573" free="61865984" total="102760448" percent="60">
    <mem type="eden" free="1048520" total="1048576" percent="99" />
    <remembered-set count="1696" freebytes="4095104" totalbytes="4101888" percent="99" regionsoverflowed="0" regionsstable="18" regionsrebuilding="0"/>
  </mem-info>
</gc-end>
<cycle-end id="4574" type="partial gc" contextid="4567" timestamp="2019-06-16T02:56:33.032" />
  <attribute name="elasticGC enabled" value="1" />
  <attribute name= "numThreadsSpecified" value="4" />
  <attribute name="heapSize specified" value="0" />
  <attribute name="Current GC Util" value="194" />
  <attribute name= "Current Time Running" value="65394" />
  <attribute name ="GC Interval" value="0" />
  <attribute name="ProportionalT" value="261.000000" />
  <attribute name="ProportionalI" value="261.000000" />
  <attribute name="ProportionalH" value="261.000000" />
  <attribute name="Current Error" value="174.000000" />
  <attribute name="IntegralT" value="174.000000" />
  <attribute name="IntegralI" value="174.000000" />
  <attribute name="IntegralH" value="174.000000" />
  <attribute name="DerivativeT" value="143.000000" />
  <attribute name="DerivativeI" value="143.000000" />
  <attribute name="DerivativeH" value="143.000000" />
  <attribute name="Loop Time for DT" value="1.000000" />
  <attribute name="Output H" value="8388608"/>
  <attribute name="Output I" value="584"/>
  <attribute name="Output T" value="4"/>
  <attribute name="Target GC Util Change" value ="20.000000" />
  <attribute name="Current GC Util Change" value="194.000000"/>
  <attribute name="GC Util currently" value="194" />
  <attribute name="CPU Util currently" value="12915753320043" />
<exclusive-end id="4575" timestamp="2019-06-16T02:56:33.032" durationms="5.375" />

<exclusive-start id="4576" timestamp="2019-06-16T02:56:33.042" intervalms="15.302">
  <response-info timems="0.077" idlems="0.077" threads="0" lastid="0000000001916700" lastname="main" />
</exclusive-start>
<allocation-taxation id="4577" taxation-threshold="32505856" timestamp="2019-06-16T02:56:33.043" intervalms="15.274" />
<cycle-start id="4578" type="partial gc" contextid="0" timestamp="2019-06-16T02:56:33.043" intervalms="15.264" />
<gc-start id="4579" type="partial gc" contextid="4578" timestamp="2019-06-16T02:56:33.043">
  <mem-info id="4580" free="29360128" total="102760448" percent="28">
    <mem type="eden" free="1048520" total="33554432" percent="3" />
    <remembered-set count="1696" freebytes="4095104" totalbytes="4101888" percent="99" regionsoverflowed="0" regionsstable="18" regionsrebuilding="0"/>
  </mem-info>
</gc-start>
<allocation-stats totalBytes="32396976" >
  <allocated-bytes non-tlh="0" tlh="32396976" arrayletleaf="0"/>
  <largest-consumer threadName="main" threadId="0000000001916700" bytes="32396976" />
</allocation-stats>
<gc-op id="4581" type="copy forward" timems="2.979" contextid="4578" timestamp="2019-06-16T02:56:33.047">
  <memory-copied type="eden" objects="2" bytes="56" bytesdiscarded="0" />
  <memory-copied type="other" objects="0" bytes="0" bytesdiscarded="0" />
  <memory-cardclean objects="12" bytes="416" />
  <regions eden="31" other="1" />
  <remembered-set-cleared processed="67" cleared="0" durationms="0.093" />
  <stringconstants candidates="13711" cleared="0"  />
</gc-op>
<gc-op id="4582" type="classunload" timems="0.004" contextid="4578" timestamp="2019-06-16T02:56:33.047">
  <classunload-info classloadercandidates="54" classloadersunloaded="0" classesunloaded="0" anonymousclassesunloaded="0" quiescems="0.000" setupms="0.003" scanms="0.000" postms="0.000" />
</gc-op>
<gc-end id="4583" type="partial gc" contextid="4578" durationms="4.103" usertimems="8.000" systemtimems="0.000" timestamp="2019-06-16T02:56:33.047" activeThreads="4">
  <mem-info id="4584" free="61865984" total="102760448" percent="60">
    <mem type="eden" free="1048520" total="1048576" percent="99" />
    <remembered-set count="1696" freebytes="4095104" totalbytes="4101888" percent="99" regionsoverflowed="0" regionsstable="18" regionsrebuilding="0"/>
  </mem-info>
</gc-end>
<cycle-end id="4585" type="partial gc" contextid="4578" timestamp="2019-06-16T02:56:33.047" />
  <attribute name="elasticGC enabled" value="1" />
  <attribute name= "numThreadsSpecified" value="4" />
  <attribute name="heapSize specified" value="0" />
  <attribute name="Current GC Util" value="221" />
  <attribute name= "Current Time Running" value="65409" />
  <attribute name ="GC Interval" value="0" />
  <attribute name="ProportionalT" value="301.500000" />
  <attribute name="ProportionalI" value="301.500000" />
  <attribute name="ProportionalH" value="301.500000" />
  <attribute name="Current Error" value="201.000000" />
  <attribute name="IntegralT" value="201.000000" />
  <attribute name="IntegralI" value="201.000000" />
  <attribute name="IntegralH" value="201.000000" />
  <attribute name="DerivativeT" value="167.000000" />
  <attribute name="DerivativeI" value="167.000000" />
  <attribute name="DerivativeH" value="167.000000" />
  <attribute name="Loop Time for DT" value="1.000000" />
  <attribute name="Output H" value="8388608"/>
  <attribute name="Output I" value="672"/>
  <attribute name="Output T" value="4"/>
  <attribute name="Target GC Util Change" value ="20.000000" />
  <attribute name="Current GC Util Change" value="221.000000"/>
  <attribute name="GC Util currently" value="221" />
  <attribute name="CPU Util currently" value="13426594049279" />
<exclusive-end id="4586" timestamp="2019-06-16T02:56:33.047" durationms="5.055" />

<exclusive-start id="4587" timestamp="2019-06-16T02:56:33.057" intervalms="14.828">
  <response-info timems="0.076" idlems="0.076" threads="0" lastid="0000000001916700" lastname="main" />
</exclusive-start>
<allocation-taxation id="4588" taxation-threshold="32505856" timestamp="2019-06-16T02:56:33.057" intervalms="14.880" />
<cycle-start id="4589" type="partial gc" contextid="0" timestamp="2019-06-16T02:56:33.058" intervalms="14.871" />
<gc-start id="4590" type="partial gc" contextid="4589" timestamp="2019-06-16T02:56:33.058">
  <mem-info id="4591" free="29360128" total="102760448" percent="28">
    <mem type="eden" free="1048520" total="33554432" percent="3" />
    <remembered-set count="1696" freebytes="4095104" totalbytes="4101888" percent="99" regionsoverflowed="0" regionsstable="18" regionsrebuilding="0"/>
  </mem-info>
</gc-start>
<allocation-stats totalBytes="32396976" >
  <allocated-bytes non-tlh="0" tlh="32396976" arrayletleaf="0"/>
  <largest-consumer threadName="main" threadId="0000000001916700" bytes="32396976" />
</allocation-stats>
<gc-op id="4592" type="copy forward" timems="2.648" contextid="4589" timestamp="2019-06-16T02:56:33.061">
  <memory-copied type="eden" objects="2" bytes="56" bytesdiscarded="0" />
  <memory-copied type="other" objects="0" bytes="0" bytesdiscarded="0" />
  <memory-cardclean objects="12" bytes="416" />
  <regions eden="31" other="1" />
  <remembered-set-cleared processed="67" cleared="0" durationms="0.093" />
  <stringconstants candidates="13711" cleared="0"  />
</gc-op>
<gc-op id="4593" type="classunload" timems="0.003" contextid="4589" timestamp="2019-06-16T02:56:33.062">
  <classunload-info classloadercandidates="54" classloadersunloaded="0" classesunloaded="0" anonymousclassesunloaded="0" quiescems="0.000" setupms="0.003" scanms="0.000" postms="0.000" />
</gc-op>
<gc-end id="4594" type="partial gc" contextid="4589" durationms="3.825" usertimems="8.000" systemtimems="0.000" timestamp="2019-06-16T02:56:33.062" activeThreads="4">
  <mem-info id="4595" free="61865984" total="102760448" percent="60">
    <mem type="eden" free="1048520" total="1048576" percent="99" />
    <remembered-set count="1696" freebytes="4095104" totalbytes="4101888" percent="99" regionsoverflowed="0" regionsstable="18" regionsrebuilding="0"/>
  </mem-info>
</gc-end>
<cycle-end id="4596" type="partial gc" contextid="4589" timestamp="2019-06-16T02:56:33.062" />
  <attribute name="elasticGC enabled" value="1" />
  <attribute name= "numThreadsSpecified" value="4" />
  <attribute name="heapSize specified" value="0" />
  <attribute name="Current GC Util" value="152" />
  <attribute name= "Current Time Running" value="65424" />
  <attribute name ="GC Interval" value="0" />
  <attribute name="ProportionalT" value="198.000000" />
  <attribute name="ProportionalI" value="198.000000" />
  <attribute name="ProportionalH" value="198.000000" />
  <attribute name="Current Error" value="132.000000" />
  <attribute name="IntegralT" value="132.000000" />
  <attribute name="IntegralI" value="132.000000" />
  <attribute name="IntegralH" value="132.000000" />
  <attribute name="DerivativeT" value="99.000000" />
  <attribute name="DerivativeI" value="99.000000" />
  <attribute name="DerivativeH" value="99.000000" />
  <attribute name="Loop Time for DT" value="1.000000" />
  <attribute name="Output H" value="8388608"/>
  <attribute name="Output I" value="432"/>
  <attribute name="Output T" value="4"/>
  <attribute name="Target GC Util Change" value ="20.000000" />
  <attribute name="Current GC Util Change" value="152.000000"/>
  <attribute name="GC Util currently" value="152" />
  <attribute name="CPU Util currently" value="13586159451662" />
<exclusive-end id="4597" timestamp="2019-06-16T02:56:33.062" durationms="4.886" />

<exclusive-start id="4598" timestamp="2019-06-16T02:56:33.072" intervalms="14.739">
  <response-info timems="0.080" idlems="0.080" threads="0" lastid="0000000001916700" lastname="main" />
</exclusive-start>
<allocation-taxation id="4599" taxation-threshold="32505856" timestamp="2019-06-16T02:56:33.072" intervalms="14.656" />
<cycle-start id="4600" type="partial gc" contextid="0" timestamp="2019-06-16T02:56:33.072" intervalms="14.650" />
<gc-start id="4601" type="partial gc" contextid="4600" timestamp="2019-06-16T02:56:33.073">
  <mem-info id="4602" free="29360128" total="102760448" percent="28">
    <mem type="eden" free="1048520" total="33554432" percent="3" />
    <remembered-set count="1696" freebytes="4095104" totalbytes="4101888" percent="99" regionsoverflowed="0" regionsstable="18" regionsrebuilding="0"/>
  </mem-info>
</gc-start>
<allocation-stats totalBytes="32396952" >
  <allocated-bytes non-tlh="0" tlh="32396952" arrayletleaf="0"/>
  <largest-consumer threadName="main" threadId="0000000001916700" bytes="32396952" />
</allocation-stats>
<gc-op id="4603" type="copy forward" timems="0.995" contextid="4600" timestamp="2019-06-16T02:56:33.074">
  <memory-copied type="eden" objects="2" bytes="56" bytesdiscarded="0" />
  <memory-copied type="other" objects="0" bytes="0" bytesdiscarded="0" />
  <memory-cardclean objects="12" bytes="416" />
  <regions eden="31" other="1" />
  <remembered-set-cleared processed="67" cleared="0" durationms="0.120" />
  <stringconstants candidates="13711" cleared="0"  />
</gc-op>
<gc-op id="4604" type="classunload" timems="0.004" contextid="4600" timestamp="2019-06-16T02:56:33.075">
  <classunload-info classloadercandidates="54" classloadersunloaded="0" classesunloaded="0" anonymousclassesunloaded="0" quiescems="0.000" setupms="0.004" scanms="0.000" postms="0.000" />
</gc-op>
<gc-end id="4605" type="partial gc" contextid="4600" durationms="2.231" usertimems="0.000" systemtimems="0.000" timestamp="2019-06-16T02:56:33.075" activeThreads="1">
  <mem-info id="4606" free="61865984" total="102760448" percent="60">
    <mem type="eden" free="1048520" total="1048576" percent="99" />
    <remembered-set count="2176" freebytes="4093184" totalbytes="4101888" percent="99" regionsoverflowed="0" regionsstable="18" regionsrebuilding="0"/>
  </mem-info>
</gc-end>
<cycle-end id="4607" type="partial gc" contextid="4600" timestamp="2019-06-16T02:56:33.075" />
  <attribute name="elasticGC enabled" value="1" />
  <attribute name= "numThreadsSpecified" value="1" />
  <attribute name="heapSize specified" value="0" />
  <attribute name="Current GC Util" value="161" />
  <attribute name= "Current Time Running" value="65438" />
  <attribute name ="GC Interval" value="0" />
  <attribute name="ProportionalT" value="211.500000" />
  <attribute name="ProportionalI" value="211.500000" />
  <attribute name="ProportionalH" value="211.500000" />
  <attribute name="Current Error" value="141.000000" />
  <attribute name="IntegralT" value="0.000000" />
  <attribute name="IntegralI" value="0.000000" />
  <attribute name="IntegralH" value="0.000000" />
  <attribute name="DerivativeT" value="inf" />
  <attribute name="DerivativeI" value="inf" />
  <attribute name="DerivativeH" value="inf" />
  <attribute name="Loop Time for DT" value="0.000000" />
  <attribute name="Output H" value="8388608"/>
  <attribute name="Output I" value="200"/>
  <attribute name="Output T" value="1"/>
  <attribute name="Target GC Util Change" value ="20.000000" />
  <attribute name="Current GC Util Change" value="161.000000"/>
  <attribute name="GC Util currently" value="161" />
  <attribute name="CPU Util currently" value="12911630957783" />
<exclusive-end id="4608" timestamp="2019-06-16T02:56:33.075" durationms="3.289" />

<exclusive-start id="4609" timestamp="2019-06-16T02:56:33.085" intervalms="13.121">
  <response-info timems="0.079" idlems="0.079" threads="0" lastid="0000000001916700" lastname="main" />
</exclusive-start>
<allocation-taxation id="4610" taxation-threshold="32505856" timestamp="2019-06-16T02:56:33.085" intervalms="13.198" />
<cycle-start id="4611" type="partial gc" contextid="0" timestamp="2019-06-16T02:56:33.086" intervalms="13.218" />
<gc-start id="4612" type="partial gc" contextid="4611" timestamp="2019-06-16T02:56:33.086">
  <mem-info id="4613" free="29360128" total="102760448" percent="28">
    <mem type="eden" free="1048520" total="33554432" percent="3" />
    <remembered-set count="1696" freebytes="4095104" totalbytes="4101888" percent="99" regionsoverflowed="0" regionsstable="18" regionsrebuilding="0"/>
  </mem-info>
</gc-start>
<allocation-stats totalBytes="32396976" >
  <allocated-bytes non-tlh="0" tlh="32396976" arrayletleaf="0"/>
  <largest-consumer threadName="main" threadId="0000000001916700" bytes="32396976" />
</allocation-stats>
<gc-op id="4614" type="copy forward" timems="3.206" contextid="4611" timestamp="2019-06-16T02:56:33.090">
  <memory-copied type="eden" objects="2" bytes="56" bytesdiscarded="0" />
  <memory-copied type="other" objects="0" bytes="0" bytesdiscarded="0" />
  <memory-cardclean objects="12" bytes="416" />
  <regions eden="31" other="1" />
  <remembered-set-cleared processed="67" cleared="0" durationms="0.095" />
  <stringconstants candidates="13711" cleared="0"  />
</gc-op>
<gc-op id="4615" type="classunload" timems="0.003" contextid="4611" timestamp="2019-06-16T02:56:33.090">
  <classunload-info classloadercandidates="54" classloadersunloaded="0" classesunloaded="0" anonymousclassesunloaded="0" quiescems="0.000" setupms="0.003" scanms="0.000" postms="0.000" />
</gc-op>
<gc-end id="4616" type="partial gc" contextid="4611" durationms="4.323" usertimems="8.000" systemtimems="0.000" timestamp="2019-06-16T02:56:33.090" activeThreads="4">
  <mem-info id="4617" free="61865984" total="102760448" percent="60">
    <mem type="eden" free="1048520" total="1048576" percent="99" />
    <remembered-set count="1696" freebytes="4095104" totalbytes="4101888" percent="99" regionsoverflowed="0" regionsstable="18" regionsrebuilding="0"/>
  </mem-info>
</gc-end>
<cycle-end id="4618" type="partial gc" contextid="4611" timestamp="2019-06-16T02:56:33.090" />
  <attribute name="elasticGC enabled" value="1" />
  <attribute name= "numThreadsSpecified" value="4" />
  <attribute name="heapSize specified" value="0" />
  <attribute name="Current GC Util" value="271" />
  <attribute name= "Current Time Running" value="65452" />
  <attribute name ="GC Interval" value="0" />
  <attribute name="ProportionalT" value="376.500000" />
  <attribute name="ProportionalI" value="376.500000" />
  <attribute name="ProportionalH" value="376.500000" />
  <attribute name="Current Error" value="251.000000" />
  <attribute name="IntegralT" value="251.000000" />
  <attribute name="IntegralI" value="251.000000" />
  <attribute name="IntegralH" value="251.000000" />
  <attribute name="DerivativeT" value="251.000000" />
  <attribute name="DerivativeI" value="251.000000" />
  <attribute name="DerivativeH" value="251.000000" />
  <attribute name="Loop Time for DT" value="1.000000" />
  <attribute name="Output H" value="8388608"/>
  <attribute name="Output I" value="880"/>
  <attribute name="Output T" value="4"/>
  <attribute name="Target GC Util Change" value ="20.000000" />
  <attribute name="Current GC Util Change" value="271.000000"/>
  <attribute name="GC Util currently" value="271" />
  <attribute name="CPU Util currently" value="13674181150820" />
<exclusive-end id="4619" timestamp="2019-06-16T02:56:33.091" durationms="5.409" />

<exclusive-start id="4620" timestamp="2019-06-16T02:56:33.100" intervalms="15.229">
  <response-info timems="0.072" idlems="0.072" threads="0" lastid="0000000001916700" lastname="main" />
</exclusive-start>
<allocation-taxation id="4621" taxation-threshold="32505856" timestamp="2019-06-16T02:56:33.100" intervalms="15.168" />
<cycle-start id="4622" type="partial gc" contextid="0" timestamp="2019-06-16T02:56:33.101" intervalms="15.146" />
<gc-start id="4623" type="partial gc" contextid="4622" timestamp="2019-06-16T02:56:33.101">
  <mem-info id="4624" free="29360128" total="102760448" percent="28">
    <mem type="eden" free="1048520" total="33554432" percent="3" />
    <remembered-set count="1696" freebytes="4095104" totalbytes="4101888" percent="99" regionsoverflowed="0" regionsstable="18" regionsrebuilding="0"/>
  </mem-info>
</gc-start>
<allocation-stats totalBytes="32396976" >
  <allocated-bytes non-tlh="0" tlh="32396976" arrayletleaf="0"/>
  <largest-consumer threadName="main" threadId="0000000001916700" bytes="32396976" />
</allocation-stats>
<gc-op id="4625" type="copy forward" timems="2.028" contextid="4622" timestamp="2019-06-16T02:56:33.104">
  <memory-copied type="eden" objects="2" bytes="56" bytesdiscarded="0" />
  <memory-copied type="other" objects="0" bytes="0" bytesdiscarded="0" />
  <memory-cardclean objects="12" bytes="416" />
  <regions eden="31" other="1" />
  <remembered-set-cleared processed="67" cleared="0" durationms="0.095" />
  <stringconstants candidates="13711" cleared="0"  />
</gc-op>
<gc-op id="4626" type="classunload" timems="0.004" contextid="4622" timestamp="2019-06-16T02:56:33.104">
  <classunload-info classloadercandidates="54" classloadersunloaded="0" classesunloaded="0" anonymousclassesunloaded="0" quiescems="0.000" setupms="0.004" scanms="0.000" postms="0.000" />
</gc-op>
<gc-end id="4627" type="partial gc" contextid="4622" durationms="3.194" usertimems="4.000" systemtimems="0.000" timestamp="2019-06-16T02:56:33.104" activeThreads="4">
  <mem-info id="4628" free="61865984" total="102760448" percent="60">
    <mem type="eden" free="1048520" total="1048576" percent="99" />
    <remembered-set count="1696" freebytes="4095104" totalbytes="4101888" percent="99" regionsoverflowed="0" regionsstable="18" regionsrebuilding="0"/>
  </mem-info>
</gc-end>
<cycle-end id="4629" type="partial gc" contextid="4622" timestamp="2019-06-16T02:56:33.104" />
  <attribute name="elasticGC enabled" value="1" />
  <attribute name= "numThreadsSpecified" value="4" />
  <attribute name="heapSize specified" value="0" />
  <attribute name="Current GC Util" value="208" />
  <attribute name= "Current Time Running" value="65467" />
  <attribute name ="GC Interval" value="0" />
  <attribute name="ProportionalT" value="282.000000" />
  <attribute name="ProportionalI" value="282.000000" />
  <attribute name="ProportionalH" value="282.000000" />
  <attribute name="Current Error" value="188.000000" />
  <attribute name="IntegralT" value="188.000000" />
  <attribute name="IntegralI" value="188.000000" />
  <attribute name="IntegralH" value="188.000000" />
  <attribute name="DerivativeT" value="152.000000" />
  <attribute name="DerivativeI" value="152.000000" />
  <attribute name="DerivativeH" value="152.000000" />
  <attribute name="Loop Time for DT" value="1.000000" />
  <attribute name="Output H" value="8388608"/>
  <attribute name="Output I" value="624"/>
  <attribute name="Output T" value="4"/>
  <attribute name="Target GC Util Change" value ="20.000000" />
  <attribute name="Current GC Util Change" value="208.000000"/>
  <attribute name="GC Util currently" value="208" />
  <attribute name="CPU Util currently" value="13064229177233" />
<exclusive-end id="4630" timestamp="2019-06-16T02:56:33.105" durationms="4.217" />

<exclusive-start id="4631" timestamp="2019-06-16T02:56:33.114" intervalms="14.085">
  <response-info timems="0.075" idlems="0.075" threads="0" lastid="0000000001916700" lastname="main" />
</exclusive-start>
<allocation-taxation id="4632" taxation-threshold="32505856" timestamp="2019-06-16T02:56:33.115" intervalms="14.140" />
<cycle-start id="4633" type="partial gc" contextid="0" timestamp="2019-06-16T02:56:33.115" intervalms="14.156" />
<gc-start id="4634" type="partial gc" contextid="4633" timestamp="2019-06-16T02:56:33.115">
  <mem-info id="4635" free="29360128" total="102760448" percent="28">
    <mem type="eden" free="1048520" total="33554432" percent="3" />
    <remembered-set count="1696" freebytes="4095104" totalbytes="4101888" percent="99" regionsoverflowed="0" regionsstable="18" regionsrebuilding="0"/>
  </mem-info>
</gc-start>
<allocation-stats totalBytes="32396976" >
  <allocated-bytes non-tlh="0" tlh="32396976" arrayletleaf="0"/>
  <largest-consumer threadName="main" threadId="0000000001916700" bytes="32396976" />
</allocation-stats>
<gc-op id="4636" type="copy forward" timems="1.075" contextid="4633" timestamp="2019-06-16T02:56:33.117">
  <memory-copied type="eden" objects="2" bytes="56" bytesdiscarded="0" />
  <memory-copied type="other" objects="0" bytes="0" bytesdiscarded="0" />
  <memory-cardclean objects="12" bytes="416" />
  <regions eden="31" other="1" />
  <remembered-set-cleared processed="67" cleared="0" durationms="0.130" />
  <stringconstants candidates="13711" cleared="0"  />
</gc-op>
<gc-op id="4637" type="classunload" timems="0.004" contextid="4633" timestamp="2019-06-16T02:56:33.117">
  <classunload-info classloadercandidates="54" classloadersunloaded="0" classesunloaded="0" anonymousclassesunloaded="0" quiescems="0.000" setupms="0.004" scanms="0.000" postms="0.000" />
</gc-op>
<gc-end id="4638" type="partial gc" contextid="4633" durationms="2.346" usertimems="0.000" systemtimems="0.000" timestamp="2019-06-16T02:56:33.117" activeThreads="1">
  <mem-info id="4639" free="61865984" total="102760448" percent="60">
    <mem type="eden" free="1048520" total="1048576" percent="99" />
    <remembered-set count="2176" freebytes="4093184" totalbytes="4101888" percent="99" regionsoverflowed="0" regionsstable="18" regionsrebuilding="0"/>
  </mem-info>
</gc-end>
<cycle-end id="4640" type="partial gc" contextid="4633" timestamp="2019-06-16T02:56:33.118" />
  <attribute name="elasticGC enabled" value="1" />
  <attribute name= "numThreadsSpecified" value="1" />
  <attribute name="heapSize specified" value="0" />
  <attribute name="Current GC Util" value="149" />
  <attribute name= "Current Time Running" value="65481" />
  <attribute name ="GC Interval" value="0" />
  <attribute name="ProportionalT" value="193.500000" />
  <attribute name="ProportionalI" value="193.500000" />
  <attribute name="ProportionalH" value="193.500000" />
  <attribute name="Current Error" value="129.000000" />
  <attribute name="IntegralT" value="0.000000" />
  <attribute name="IntegralI" value="0.000000" />
  <attribute name="IntegralH" value="0.000000" />
  <attribute name="DerivativeT" value="inf" />
  <attribute name="DerivativeI" value="inf" />
  <attribute name="DerivativeH" value="inf" />
  <attribute name="Loop Time for DT" value="0.000000" />
  <attribute name="Output H" value="8388608"/>
  <attribute name="Output I" value="200"/>
  <attribute name="Output T" value="1"/>
  <attribute name="Target GC Util Change" value ="20.000000" />
  <attribute name="Current GC Util Change" value="149.000000"/>
  <attribute name="GC Util currently" value="149" />
  <attribute name="CPU Util currently" value="13527338005996" />
<exclusive-end id="4641" timestamp="2019-06-16T02:56:33.118" durationms="3.496" />

<exclusive-start id="4642" timestamp="2019-06-16T02:56:33.128" intervalms="13.375">
  <response-info timems="0.075" idlems="0.075" threads="0" lastid="0000000001916700" lastname="main" />
</exclusive-start>
<allocation-taxation id="4643" taxation-threshold="32505856" timestamp="2019-06-16T02:56:33.128" intervalms="13.386" />
<cycle-start id="4644" type="partial gc" contextid="0" timestamp="2019-06-16T02:56:33.128" intervalms="13.396" />
<gc-start id="4645" type="partial gc" contextid="4644" timestamp="2019-06-16T02:56:33.128">
  <mem-info id="4646" free="29360128" total="102760448" percent="28">
    <mem type="eden" free="1048520" total="33554432" percent="3" />
    <remembered-set count="1696" freebytes="4095104" totalbytes="4101888" percent="99" regionsoverflowed="0" regionsstable="18" regionsrebuilding="0"/>
  </mem-info>
</gc-start>
<allocation-stats totalBytes="32396952" >
  <allocated-bytes non-tlh="0" tlh="32396952" arrayletleaf="0"/>
  <largest-consumer threadName="main" threadId="0000000001916700" bytes="32396952" />
</allocation-stats>
<gc-op id="4647" type="copy forward" timems="1.056" contextid="4644" timestamp="2019-06-16T02:56:33.130">
  <memory-copied type="eden" objects="2" bytes="56" bytesdiscarded="0" />
  <memory-copied type="other" objects="0" bytes="0" bytesdiscarded="0" />
  <memory-cardclean objects="12" bytes="416" />
  <regions eden="31" other="1" />
  <remembered-set-cleared processed="67" cleared="0" durationms="0.131" />
  <stringconstants candidates="13711" cleared="0"  />
</gc-op>
<gc-op id="4648" type="classunload" timems="0.003" contextid="4644" timestamp="2019-06-16T02:56:33.130">
  <classunload-info classloadercandidates="54" classloadersunloaded="0" classesunloaded="0" anonymousclassesunloaded="0" quiescems="0.000" setupms="0.003" scanms="0.000" postms="0.000" />
</gc-op>
<gc-end id="4649" type="partial gc" contextid="4644" durationms="2.252" usertimems="0.000" systemtimems="0.000" timestamp="2019-06-16T02:56:33.131" activeThreads="1">
  <mem-info id="4650" free="61865984" total="102760448" percent="60">
    <mem type="eden" free="1048520" total="1048576" percent="99" />
    <remembered-set count="2176" freebytes="4093184" totalbytes="4101888" percent="99" regionsoverflowed="0" regionsstable="18" regionsrebuilding="0"/>
  </mem-info>
</gc-end>
<cycle-end id="4651" type="partial gc" contextid="4644" timestamp="2019-06-16T02:56:33.131" />
  <attribute name="elasticGC enabled" value="1" />
  <attribute name= "numThreadsSpecified" value="1" />
  <attribute name="heapSize specified" value="0" />
  <attribute name="Current GC Util" value="280" />
  <attribute name= "Current Time Running" value="65494" />
  <attribute name ="GC Interval" value="0" />
  <attribute name="ProportionalT" value="390.000000" />
  <attribute name="ProportionalI" value="390.000000" />
  <attribute name="ProportionalH" value="390.000000" />
  <attribute name="Current Error" value="260.000000" />
  <attribute name="IntegralT" value="0.000000" />
  <attribute name="IntegralI" value="0.000000" />
  <attribute name="IntegralH" value="0.000000" />
  <attribute name="DerivativeT" value="inf" />
  <attribute name="DerivativeI" value="inf" />
  <attribute name="DerivativeH" value="inf" />
  <attribute name="Loop Time for DT" value="0.000000" />
  <attribute name="Output H" value="8388608"/>
  <attribute name="Output I" value="200"/>
  <attribute name="Output T" value="1"/>
  <attribute name="Target GC Util Change" value ="20.000000" />
  <attribute name="Current GC Util Change" value="280.000000"/>
  <attribute name="GC Util currently" value="280" />
  <attribute name="CPU Util currently" value="13061935018914" />
<exclusive-end id="4652" timestamp="2019-06-16T02:56:33.131" durationms="3.400" />

<exclusive-start id="4653" timestamp="2019-06-16T02:56:33.142" intervalms="13.898">
  <response-info timems="0.077" idlems="0.077" threads="0" lastid="0000000001916700" lastname="main" />
</exclusive-start>
<allocation-taxation id="4654" taxation-threshold="32505856" timestamp="2019-06-16T02:56:33.142" intervalms="13.824" />
<cycle-start id="4655" type="partial gc" contextid="0" timestamp="2019-06-16T02:56:33.142" intervalms="13.815" />
<gc-start id="4656" type="partial gc" contextid="4655" timestamp="2019-06-16T02:56:33.142">
  <mem-info id="4657" free="29360128" total="102760448" percent="28">
    <mem type="eden" free="1048520" total="33554432" percent="3" />
    <remembered-set count="1696" freebytes="4095104" totalbytes="4101888" percent="99" regionsoverflowed="0" regionsstable="18" regionsrebuilding="0"/>
  </mem-info>
</gc-start>
<allocation-stats totalBytes="32374568" >
  <allocated-bytes non-tlh="0" tlh="32374568" arrayletleaf="0"/>
  <largest-consumer threadName="main" threadId="0000000001916700" bytes="32374568" />
</allocation-stats>
<gc-op id="4658" type="copy forward" timems="1.114" contextid="4655" timestamp="2019-06-16T02:56:33.144">
  <memory-copied type="eden" objects="27" bytes="1944" bytesdiscarded="0" />
  <memory-copied type="other" objects="0" bytes="0" bytesdiscarded="0" />
  <memory-cardclean objects="79" bytes="2080" />
  <regions eden="31" other="1" />
  <remembered-set-cleared processed="67" cleared="2" durationms="0.130" />
  <stringconstants candidates="13711" cleared="0"  />
</gc-op>
<gc-op id="4659" type="classunload" timems="0.004" contextid="4655" timestamp="2019-06-16T02:56:33.144">
  <classunload-info classloadercandidates="54" classloadersunloaded="0" classesunloaded="0" anonymousclassesunloaded="0" quiescems="0.000" setupms="0.004" scanms="0.000" postms="0.000" />
</gc-op>
<gc-end id="4660" type="partial gc" contextid="4655" durationms="2.359" usertimems="4.000" systemtimems="0.000" timestamp="2019-06-16T02:56:33.145" activeThreads="1">
  <mem-info id="4661" free="61865984" total="102760448" percent="60">
    <mem type="eden" free="1046632" total="1048576" percent="99" />
    <remembered-set count="2144" freebytes="4093312" totalbytes="4101888" percent="99" regionsoverflowed="0" regionsstable="18" regionsrebuilding="0"/>
  </mem-info>
</gc-end>
<cycle-end id="4662" type="partial gc" contextid="4655" timestamp="2019-06-16T02:56:33.145" />
  <attribute name="elasticGC enabled" value="1" />
  <attribute name= "numThreadsSpecified" value="1" />
  <attribute name="heapSize specified" value="0" />
  <attribute name="Current GC Util" value="266" />
  <attribute name= "Current Time Running" value="65508" />
  <attribute name ="GC Interval" value="0" />
  <attribute name="ProportionalT" value="369.000000" />
  <attribute name="ProportionalI" value="369.000000" />
  <attribute name="ProportionalH" value="369.000000" />
  <attribute name="Current Error" value="246.000000" />
  <attribute name="IntegralT" value="0.000000" />
  <attribute name="IntegralI" value="0.000000" />
  <attribute name="IntegralH" value="0.000000" />
  <attribute name="DerivativeT" value="inf" />
  <attribute name="DerivativeI" value="inf" />
  <attribute name="DerivativeH" value="inf" />
  <attribute name="Loop Time for DT" value="0.000000" />
  <attribute name="Output H" value="8388608"/>
  <attribute name="Output I" value="200"/>
  <attribute name="Output T" value="1"/>
  <attribute name="Target GC Util Change" value ="20.000000" />
  <attribute name="Current GC Util Change" value="266.000000"/>
  <attribute name="GC Util currently" value="266" />
  <attribute name="CPU Util currently" value="13356636526794" />
<exclusive-end id="4663" timestamp="2019-06-16T02:56:33.145" durationms="3.404" />

<exclusive-start id="4664" timestamp="2019-06-16T02:56:33.155" intervalms="13.456">
  <response-info timems="0.072" idlems="0.072" threads="0" lastid="0000000001916700" lastname="main" />
</exclusive-start>
<allocation-taxation id="4665" taxation-threshold="32505856" timestamp="2019-06-16T02:56:33.155" intervalms="13.508" />
<cycle-start id="4666" type="partial gc" contextid="0" timestamp="2019-06-16T02:56:33.156" intervalms="13.516" />
<gc-start id="4667" type="partial gc" contextid="4666" timestamp="2019-06-16T02:56:33.156">
  <mem-info id="4668" free="29360128" total="102760448" percent="28">
    <mem type="eden" free="0" total="32505856" percent="0" />
    <remembered-set count="1664" freebytes="4095232" totalbytes="4101888" percent="99" regionsoverflowed="0" regionsstable="18" regionsrebuilding="0"/>
  </mem-info>
</gc-start>
<allocation-stats totalBytes="32289600" >
  <allocated-bytes non-tlh="0" tlh="32289600" arrayletleaf="0"/>
  <largest-consumer threadName="main" threadId="0000000001916700" bytes="32289600" />
</allocation-stats>
<gc-op id="4669" type="copy forward" timems="2.845" contextid="4666" timestamp="2019-06-16T02:56:33.160">
  <memory-copied type="eden" objects="1" bytes="40" bytesdiscarded="0" />
  <memory-copied type="other" objects="26" bytes="1904" bytesdiscarded="1752" />
  <memory-cardclean objects="56" bytes="1712" />
  <regions eden="31" other="1" />
  <remembered-set-cleared processed="65" cleared="0" durationms="0.094" />
  <stringconstants candidates="13711" cleared="0"  />
</gc-op>
<gc-op id="4670" type="classunload" timems="0.003" contextid="4666" timestamp="2019-06-16T02:56:33.160">
  <classunload-info classloadercandidates="54" classloadersunloaded="0" classesunloaded="0" anonymousclassesunloaded="0" quiescems="0.000" setupms="0.003" scanms="0.000" postms="0.000" />
</gc-op>
<heap-resize id="4671" type="expand" space="default" amount="2097152" count="1" timems="0.069" reason="excessive time being spent in gc" timestamp="2019-06-16T02:56:33.160" />
<gc-end id="4672" type="partial gc" contextid="4666" durationms="4.209" usertimems="4.000" systemtimems="4.000" timestamp="2019-06-16T02:56:33.160" activeThreads="4">
  <mem-info id="4673" free="62914560" total="104857600" percent="60">
    <mem type="eden" free="1048536" total="1048576" percent="99" />
    <remembered-set count="2688" freebytes="4174848" totalbytes="4185600" percent="99" regionsoverflowed="0" regionsstable="18" regionsrebuilding="0"/>
  </mem-info>
</gc-end>
<cycle-end id="4674" type="partial gc" contextid="4666" timestamp="2019-06-16T02:56:33.160" />
  <attribute name="elasticGC enabled" value="1" />
  <attribute name= "numThreadsSpecified" value="4" />
  <attribute name="heapSize specified" value="0" />
  <attribute name="Current GC Util" value="261" />
  <attribute name= "Current Time Running" value="65522" />
  <attribute name ="GC Interval" value="0" />
  <attribute name="ProportionalT" value="361.500000" />
  <attribute name="ProportionalI" value="361.500000" />
  <attribute name="ProportionalH" value="361.500000" />
  <attribute name="Current Error" value="241.000000" />
  <attribute name="IntegralT" value="241.000000" />
  <attribute name="IntegralI" value="241.000000" />
  <attribute name="IntegralH" value="241.000000" />
  <attribute name="DerivativeT" value="241.000000" />
  <attribute name="DerivativeI" value="241.000000" />
  <attribute name="DerivativeH" value="241.000000" />
  <attribute name="Loop Time for DT" value="1.000000" />
  <attribute name="Output H" value="8388608"/>
  <attribute name="Output I" value="848"/>
  <attribute name="Output T" value="4"/>
  <attribute name="Target GC Util Change" value ="20.000000" />
  <attribute name="Current GC Util Change" value="261.000000"/>
  <attribute name="GC Util currently" value="261" />
  <attribute name="CPU Util currently" value="13381789902757" />
<exclusive-end id="4675" timestamp="2019-06-16T02:56:33.160" durationms="5.351" />

<exclusive-start id="4676" timestamp="2019-06-16T02:56:33.171" intervalms="15.517">
  <response-info timems="0.057" idlems="0.057" threads="0" lastid="0000000001916700" lastname="main" />
</exclusive-start>
<allocation-taxation id="4677" taxation-threshold="32505856" timestamp="2019-06-16T02:56:33.171" intervalms="15.444" />
<cycle-start id="4678" type="partial gc" contextid="0" timestamp="2019-06-16T02:56:33.171" intervalms="15.341" />
<gc-start id="4679" type="partial gc" contextid="4678" timestamp="2019-06-16T02:56:33.171">
  <mem-info id="4680" free="30408704" total="104857600" percent="29">
    <mem type="eden" free="1048536" total="33554432" percent="3" />
    <remembered-set count="2688" freebytes="4174848" totalbytes="4185600" percent="99" regionsoverflowed="0" regionsstable="18" regionsrebuilding="0"/>
  </mem-info>
</gc-start>
<allocation-stats totalBytes="32296032" >
  <allocated-bytes non-tlh="0" tlh="32296032" arrayletleaf="0"/>
  <largest-consumer threadName="main" threadId="0000000001916700" bytes="32296032" />
</allocation-stats>
<gc-op id="4681" type="copy forward" timems="2.865" contextid="4678" timestamp="2019-06-16T02:56:33.175">
  <memory-copied type="eden" objects="2" bytes="64" bytesdiscarded="0" />
  <memory-copied type="other" objects="0" bytes="0" bytesdiscarded="0" />
  <memory-cardclean objects="8" bytes="344" />
  <regions eden="31" other="1" />
  <remembered-set-cleared processed="70" cleared="0" durationms="0.094" />
  <stringconstants candidates="13711" cleared="0"  />
</gc-op>
<gc-op id="4682" type="classunload" timems="0.003" contextid="4678" timestamp="2019-06-16T02:56:33.175">
  <classunload-info classloadercandidates="54" classloadersunloaded="0" classesunloaded="0" anonymousclassesunloaded="0" quiescems="0.000" setupms="0.003" scanms="0.000" postms="0.000" />
</gc-op>
<gc-end id="4683" type="partial gc" contextid="4678" durationms="3.852" usertimems="4.000" systemtimems="4.000" timestamp="2019-06-16T02:56:33.175" activeThreads="4">
  <mem-info id="4684" free="62914560" total="104857600" percent="60">
    <mem type="eden" free="1048512" total="1048576" percent="99" />
    <remembered-set count="1760" freebytes="4178560" totalbytes="4185600" percent="99" regionsoverflowed="0" regionsstable="18" regionsrebuilding="0"/>
  </mem-info>
</gc-end>
<cycle-end id="4685" type="partial gc" contextid="4678" timestamp="2019-06-16T02:56:33.175" />
  <attribute name="elasticGC enabled" value="1" />
  <attribute name= "numThreadsSpecified" value="4" />
  <attribute name="heapSize specified" value="0" />
  <attribute name="Current GC Util" value="174" />
  <attribute name= "Current Time Running" value="65537" />
  <attribute name ="GC Interval" value="0" />
  <attribute name="ProportionalT" value="231.000000" />
  <attribute name="ProportionalI" value="231.000000" />
  <attribute name="ProportionalH" value="231.000000" />
  <attribute name="Current Error" value="154.000000" />
  <attribute name="IntegralT" value="154.000000" />
  <attribute name="IntegralI" value="154.000000" />
  <attribute name="IntegralH" value="154.000000" />
  <attribute name="DerivativeT" value="123.000000" />
  <attribute name="DerivativeI" value="123.000000" />
  <attribute name="DerivativeH" value="123.000000" />
  <attribute name="Loop Time for DT" value="1.000000" />
  <attribute name="Output H" value="8388608"/>
  <attribute name="Output I" value="512"/>
  <attribute name="Output T" value="4"/>
  <attribute name="Target GC Util Change" value ="20.000000" />
  <attribute name="Current GC Util Change" value="174.000000"/>
  <attribute name="GC Util currently" value="174" />
  <attribute name="CPU Util currently" value="14181076147740" />
<exclusive-end id="4686" timestamp="2019-06-16T02:56:33.175" durationms="4.573" />

<exclusive-start id="4687" timestamp="2019-06-16T02:56:33.185" intervalms="14.567">
  <response-info timems="0.069" idlems="0.069" threads="0" lastid="0000000001916700" lastname="main" />
</exclusive-start>
<allocation-taxation id="4688" taxation-threshold="32505856" timestamp="2019-06-16T02:56:33.185" intervalms="14.570" />
<cycle-start id="4689" type="partial gc" contextid="0" timestamp="2019-06-16T02:56:33.185" intervalms="14.582" />
<gc-start id="4690" type="partial gc" contextid="4689" timestamp="2019-06-16T02:56:33.186">
  <mem-info id="4691" free="30408704" total="104857600" percent="29">
    <mem type="eden" free="1048512" total="33554432" percent="3" />
    <remembered-set count="1760" freebytes="4178560" totalbytes="4185600" percent="99" regionsoverflowed="0" regionsstable="18" regionsrebuilding="0"/>
  </mem-info>
</gc-start>
<allocation-stats totalBytes="32302080" >
  <allocated-bytes non-tlh="0" tlh="32302080" arrayletleaf="0"/>
  <largest-consumer threadName="main" threadId="0000000001916700" bytes="32302080" />
</allocation-stats>
<gc-op id="4692" type="copy forward" timems="1.012" contextid="4689" timestamp="2019-06-16T02:56:33.187">
  <memory-copied type="eden" objects="2" bytes="64" bytesdiscarded="0" />
  <memory-copied type="other" objects="0" bytes="0" bytesdiscarded="0" />
  <memory-cardclean objects="8" bytes="344" />
  <regions eden="31" other="1" />
  <remembered-set-cleared processed="70" cleared="0" durationms="0.122" />
  <stringconstants candidates="13711" cleared="0"  />
</gc-op>
<gc-op id="4693" type="classunload" timems="0.003" contextid="4689" timestamp="2019-06-16T02:56:33.188">
  <classunload-info classloadercandidates="54" classloadersunloaded="0" classesunloaded="0" anonymousclassesunloaded="0" quiescems="0.000" setupms="0.003" scanms="0.000" postms="0.000" />
</gc-op>
<gc-end id="4694" type="partial gc" contextid="4689" durationms="2.115" usertimems="0.000" systemtimems="0.000" timestamp="2019-06-16T02:56:33.188" activeThreads="1">
  <mem-info id="4695" free="62914560" total="104857600" percent="60">
    <mem type="eden" free="1048512" total="1048576" percent="99" />
    <remembered-set count="2240" freebytes="4176640" totalbytes="4185600" percent="99" regionsoverflowed="0" regionsstable="18" regionsrebuilding="0"/>
  </mem-info>
</gc-end>
<cycle-end id="4696" type="partial gc" contextid="4689" timestamp="2019-06-16T02:56:33.188" />
  <attribute name="elasticGC enabled" value="1" />
  <attribute name= "numThreadsSpecified" value="1" />
  <attribute name="heapSize specified" value="0" />
  <attribute name="Current GC Util" value="173" />
  <attribute name= "Current Time Running" value="65551" />
  <attribute name ="GC Interval" value="0" />
  <attribute name="ProportionalT" value="229.500000" />
  <attribute name="ProportionalI" value="229.500000" />
  <attribute name="ProportionalH" value="229.500000" />
  <attribute name="Current Error" value="153.000000" />
  <attribute name="IntegralT" value="0.000000" />
  <attribute name="IntegralI" value="0.000000" />
  <attribute name="IntegralH" value="0.000000" />
  <attribute name="DerivativeT" value="inf" />
  <attribute name="DerivativeI" value="inf" />
  <attribute name="DerivativeH" value="inf" />
  <attribute name="Loop Time for DT" value="0.000000" />
  <attribute name="Output H" value="8388608"/>
  <attribute name="Output I" value="200"/>
  <attribute name="Output T" value="1"/>
  <attribute name="Target GC Util Change" value ="20.000000" />
  <attribute name="Current GC Util Change" value="173.000000"/>
  <attribute name="GC Util currently" value="173" />
  <attribute name="CPU Util currently" value="14536028806239" />
<exclusive-end id="4697" timestamp="2019-06-16T02:56:33.188" durationms="2.975" />

<exclusive-start id="4698" timestamp="2019-06-16T02:56:33.198" intervalms="13.045">
  <response-info timems="0.071" idlems="0.071" threads="0" lastid="0000000001916700" lastname="main" />
</exclusive-start>
<allocation-taxation id="4699" taxation-threshold="32505856" timestamp="2019-06-16T02:56:33.198" intervalms="13.067" />
<cycle-start id="4700" type="partial gc" contextid="0" timestamp="2019-06-16T02:56:33.199" intervalms="13.092" />
<gc-start id="4701" type="partial gc" contextid="4700" timestamp="2019-06-16T02:56:33.199">
  <mem-info id="4702" free="30408704" total="104857600" percent="29">
    <mem type="eden" free="1048512" total="33554432" percent="3" />
    <remembered-set count="1760" freebytes="4178560" totalbytes="4185600" percent="99" regionsoverflowed="0" regionsstable="18" regionsrebuilding="0"/>
  </mem-info>
</gc-start>
<allocation-stats totalBytes="32302104" >
  <allocated-bytes non-tlh="0" tlh="32302104" arrayletleaf="0"/>
  <largest-consumer threadName="main" threadId="0000000001916700" bytes="32302104" />
</allocation-stats>
<gc-op id="4703" type="copy forward" timems="0.987" contextid="4700" timestamp="2019-06-16T02:56:33.200">
  <memory-copied type="eden" objects="2" bytes="64" bytesdiscarded="0" />
  <memory-copied type="other" objects="0" bytes="0" bytesdiscarded="0" />
  <memory-cardclean objects="8" bytes="344" />
  <regions eden="31" other="1" />
  <remembered-set-cleared processed="70" cleared="0" durationms="0.121" />
  <stringconstants candidates="13711" cleared="0"  />
</gc-op>
<gc-op id="4704" type="classunload" timems="0.004" contextid="4700" timestamp="2019-06-16T02:56:33.201">
  <classunload-info classloadercandidates="54" classloadersunloaded="0" classesunloaded="0" anonymousclassesunloaded="0" quiescems="0.000" setupms="0.004" scanms="0.000" postms="0.000" />
</gc-op>
<gc-end id="4705" type="partial gc" contextid="4700" durationms="2.055" usertimems="0.000" systemtimems="0.000" timestamp="2019-06-16T02:56:33.201" activeThreads="1">
  <mem-info id="4706" free="62914560" total="104857600" percent="60">
    <mem type="eden" free="1048512" total="1048576" percent="99" />
    <remembered-set count="2240" freebytes="4176640" totalbytes="4185600" percent="99" regionsoverflowed="0" regionsstable="18" regionsrebuilding="0"/>
  </mem-info>
</gc-end>
<cycle-end id="4707" type="partial gc" contextid="4700" timestamp="2019-06-16T02:56:33.201" />
  <attribute name="elasticGC enabled" value="1" />
  <attribute name= "numThreadsSpecified" value="1" />
  <attribute name="heapSize specified" value="0" />
  <attribute name="Current GC Util" value="297" />
  <attribute name= "Current Time Running" value="65564" />
  <attribute name ="GC Interval" value="0" />
  <attribute name="ProportionalT" value="415.500000" />
  <attribute name="ProportionalI" value="415.500000" />
  <attribute name="ProportionalH" value="415.500000" />
  <attribute name="Current Error" value="277.000000" />
  <attribute name="IntegralT" value="0.000000" />
  <attribute name="IntegralI" value="0.000000" />
  <attribute name="IntegralH" value="0.000000" />
  <attribute name="DerivativeT" value="inf" />
  <attribute name="DerivativeI" value="inf" />
  <attribute name="DerivativeH" value="inf" />
  <attribute name="Loop Time for DT" value="0.000000" />
  <attribute name="Output H" value="8388608"/>
  <attribute name="Output I" value="200"/>
  <attribute name="Output T" value="1"/>
  <attribute name="Target GC Util Change" value ="20.000000" />
  <attribute name="Current GC Util Change" value="297.000000"/>
  <attribute name="GC Util currently" value="297" />
  <attribute name="CPU Util currently" value="14654089611397" />
<exclusive-end id="4708" timestamp="2019-06-16T02:56:33.201" durationms="2.962" />

<exclusive-start id="4709" timestamp="2019-06-16T02:56:33.211" intervalms="13.095">
  <response-info timems="0.072" idlems="0.072" threads="0" lastid="0000000001916700" lastname="main" />
</exclusive-start>
<allocation-taxation id="4710" taxation-threshold="32505856" timestamp="2019-06-16T02:56:33.212" intervalms="13.096" />
<cycle-start id="4711" type="partial gc" contextid="0" timestamp="2019-06-16T02:56:33.212" intervalms="13.078" />
<gc-start id="4712" type="partial gc" contextid="4711" timestamp="2019-06-16T02:56:33.212">
  <mem-info id="4713" free="30408704" total="104857600" percent="29">
    <mem type="eden" free="1048512" total="33554432" percent="3" />
    <remembered-set count="1760" freebytes="4178560" totalbytes="4185600" percent="99" regionsoverflowed="0" regionsstable="18" regionsrebuilding="0"/>
  </mem-info>
</gc-start>
<allocation-stats totalBytes="32302104" >
  <allocated-bytes non-tlh="0" tlh="32302104" arrayletleaf="0"/>
  <largest-consumer threadName="main" threadId="0000000001916700" bytes="32302104" />
</allocation-stats>
<gc-op id="4714" type="copy forward" timems="2.669" contextid="4711" timestamp="2019-06-16T02:56:33.215">
  <memory-copied type="eden" objects="2" bytes="64" bytesdiscarded="0" />
  <memory-copied type="other" objects="0" bytes="0" bytesdiscarded="0" />
  <memory-cardclean objects="8" bytes="344" />
  <regions eden="31" other="1" />
  <remembered-set-cleared processed="70" cleared="0" durationms="0.092" />
  <stringconstants candidates="13711" cleared="0"  />
</gc-op>
<gc-op id="4715" type="classunload" timems="0.004" contextid="4711" timestamp="2019-06-16T02:56:33.215">
  <classunload-info classloadercandidates="54" classloadersunloaded="0" classesunloaded="0" anonymousclassesunloaded="0" quiescems="0.000" setupms="0.004" scanms="0.000" postms="0.000" />
</gc-op>
<gc-end id="4716" type="partial gc" contextid="4711" durationms="3.620" usertimems="4.000" systemtimems="4.000" timestamp="2019-06-16T02:56:33.215" activeThreads="4">
  <mem-info id="4717" free="62914560" total="104857600" percent="60">
    <mem type="eden" free="1048512" total="1048576" percent="99" />
    <remembered-set count="1760" freebytes="4178560" totalbytes="4185600" percent="99" regionsoverflowed="0" regionsstable="18" regionsrebuilding="0"/>
  </mem-info>
</gc-end>
<cycle-end id="4718" type="partial gc" contextid="4711" timestamp="2019-06-16T02:56:33.216" />
  <attribute name="elasticGC enabled" value="1" />
  <attribute name= "numThreadsSpecified" value="4" />
  <attribute name="heapSize specified" value="0" />
  <attribute name="Current GC Util" value="299" />
  <attribute name= "Current Time Running" value="65578" />
  <attribute name ="GC Interval" value="0" />
  <attribute name="ProportionalT" value="418.500000" />
  <attribute name="ProportionalI" value="418.500000" />
  <attribute name="ProportionalH" value="418.500000" />
  <attribute name="Current Error" value="279.000000" />
  <attribute name="IntegralT" value="279.000000" />
  <attribute name="IntegralI" value="279.000000" />
  <attribute name="IntegralH" value="279.000000" />
  <attribute name="DerivativeT" value="279.000000" />
  <attribute name="DerivativeI" value="279.000000" />
  <attribute name="DerivativeH" value="279.000000" />
  <attribute name="Loop Time for DT" value="1.000000" />
  <attribute name="Output H" value="8388608"/>
  <attribute name="Output I" value="976"/>
  <attribute name="Output T" value="4"/>
  <attribute name="Target GC Util Change" value ="20.000000" />
  <attribute name="Current GC Util Change" value="299.000000"/>
  <attribute name="GC Util currently" value="299" />
  <attribute name="CPU Util currently" value="14691717228622" />
<exclusive-end id="4719" timestamp="2019-06-16T02:56:33.216" durationms="4.357" />

<exclusive-start id="4720" timestamp="2019-06-16T02:56:33.226" intervalms="14.395">
  <response-info timems="0.065" idlems="0.065" threads="0" lastid="0000000001916700" lastname="main" />
</exclusive-start>
<allocation-taxation id="4721" taxation-threshold="32505856" timestamp="2019-06-16T02:56:33.226" intervalms="14.383" />
<cycle-start id="4722" type="partial gc" contextid="0" timestamp="2019-06-16T02:56:33.226" intervalms="14.403" />
<gc-start id="4723" type="partial gc" contextid="4722" timestamp="2019-06-16T02:56:33.226">
  <mem-info id="4724" free="30408704" total="104857600" percent="29">
    <mem type="eden" free="1048512" total="33554432" percent="3" />
    <remembered-set count="1760" freebytes="4178560" totalbytes="4185600" percent="99" regionsoverflowed="0" regionsstable="18" regionsrebuilding="0"/>
  </mem-info>
</gc-start>
<allocation-stats totalBytes="32302104" >
  <allocated-bytes non-tlh="0" tlh="32302104" arrayletleaf="0"/>
  <largest-consumer threadName="main" threadId="0000000001916700" bytes="32302104" />
</allocation-stats>
<gc-op id="4725" type="copy forward" timems="0.983" contextid="4722" timestamp="2019-06-16T02:56:33.228">
  <memory-copied type="eden" objects="2" bytes="64" bytesdiscarded="0" />
  <memory-copied type="other" objects="0" bytes="0" bytesdiscarded="0" />
  <memory-cardclean objects="8" bytes="344" />
  <regions eden="31" other="1" />
  <remembered-set-cleared processed="70" cleared="0" durationms="0.127" />
  <stringconstants candidates="13711" cleared="0"  />
</gc-op>
<gc-op id="4726" type="classunload" timems="0.003" contextid="4722" timestamp="2019-06-16T02:56:33.228">
  <classunload-info classloadercandidates="54" classloadersunloaded="0" classesunloaded="0" anonymousclassesunloaded="0" quiescems="0.000" setupms="0.003" scanms="0.000" postms="0.000" />
</gc-op>
<gc-end id="4727" type="partial gc" contextid="4722" durationms="1.962" usertimems="4.000" systemtimems="0.000" timestamp="2019-06-16T02:56:33.228" activeThreads="1">
  <mem-info id="4728" free="62914560" total="104857600" percent="60">
    <mem type="eden" free="1048512" total="1048576" percent="99" />
    <remembered-set count="2240" freebytes="4176640" totalbytes="4185600" percent="99" regionsoverflowed="0" regionsstable="18" regionsrebuilding="0"/>
  </mem-info>
</gc-end>
<cycle-end id="4729" type="partial gc" contextid="4722" timestamp="2019-06-16T02:56:33.228" />
  <attribute name="elasticGC enabled" value="1" />
  <attribute name= "numThreadsSpecified" value="1" />
  <attribute name="heapSize specified" value="0" />
  <attribute name="Current GC Util" value="175" />
  <attribute name= "Current Time Running" value="65592" />
  <attribute name ="GC Interval" value="0" />
  <attribute name="ProportionalT" value="232.500000" />
  <attribute name="ProportionalI" value="232.500000" />
  <attribute name="ProportionalH" value="232.500000" />
  <attribute name="Current Error" value="155.000000" />
  <attribute name="IntegralT" value="0.000000" />
  <attribute name="IntegralI" value="0.000000" />
  <attribute name="IntegralH" value="0.000000" />
  <attribute name="DerivativeT" value="inf" />
  <attribute name="DerivativeI" value="inf" />
  <attribute name="DerivativeH" value="inf" />
  <attribute name="Loop Time for DT" value="0.000000" />
  <attribute name="Output H" value="8388608"/>
  <attribute name="Output I" value="200"/>
  <attribute name="Output T" value="1"/>
  <attribute name="Target GC Util Change" value ="20.000000" />
  <attribute name="Current GC Util Change" value="175.000000"/>
  <attribute name="GC Util currently" value="175" />
  <attribute name="CPU Util currently" value="14385534761325" />
<exclusive-end id="4730" timestamp="2019-06-16T02:56:33.229" durationms="2.889" />

<exclusive-start id="4731" timestamp="2019-06-16T02:56:33.239" intervalms="12.859">
  <response-info timems="0.071" idlems="0.071" threads="0" lastid="0000000001916700" lastname="main" />
</exclusive-start>
<allocation-taxation id="4732" taxation-threshold="32505856" timestamp="2019-06-16T02:56:33.239" intervalms="12.876" />
<cycle-start id="4733" type="partial gc" contextid="0" timestamp="2019-06-16T02:56:33.239" intervalms="12.885" />
<gc-start id="4734" type="partial gc" contextid="4733" timestamp="2019-06-16T02:56:33.239">
  <mem-info id="4735" free="30408704" total="104857600" percent="29">
    <mem type="eden" free="1048512" total="33554432" percent="3" />
    <remembered-set count="1760" freebytes="4178560" totalbytes="4185600" percent="99" regionsoverflowed="0" regionsstable="18" regionsrebuilding="0"/>
  </mem-info>
</gc-start>
<allocation-stats totalBytes="32302104" >
  <allocated-bytes non-tlh="0" tlh="32302104" arrayletleaf="0"/>
  <largest-consumer threadName="main" threadId="0000000001916700" bytes="32302104" />
</allocation-stats>
<gc-op id="4736" type="copy forward" timems="2.449" contextid="4733" timestamp="2019-06-16T02:56:33.242">
  <memory-copied type="eden" objects="2" bytes="64" bytesdiscarded="0" />
  <memory-copied type="other" objects="0" bytes="0" bytesdiscarded="0" />
  <memory-cardclean objects="8" bytes="344" />
  <regions eden="31" other="1" />
  <remembered-set-cleared processed="70" cleared="0" durationms="0.087" />
  <stringconstants candidates="13711" cleared="0"  />
</gc-op>
<gc-op id="4737" type="classunload" timems="0.004" contextid="4733" timestamp="2019-06-16T02:56:33.242">
  <classunload-info classloadercandidates="54" classloadersunloaded="0" classesunloaded="0" anonymousclassesunloaded="0" quiescems="0.000" setupms="0.004" scanms="0.000" postms="0.000" />
</gc-op>
<gc-end id="4738" type="partial gc" contextid="4733" durationms="3.439" usertimems="4.000" systemtimems="0.000" timestamp="2019-06-16T02:56:33.243" activeThreads="4">
  <mem-info id="4739" free="62914560" total="104857600" percent="60">
    <mem type="eden" free="1048512" total="1048576" percent="99" />
    <remembered-set count="1760" freebytes="4178560" totalbytes="4185600" percent="99" regionsoverflowed="0" regionsstable="18" regionsrebuilding="0"/>
  </mem-info>
</gc-end>
<cycle-end id="4740" type="partial gc" contextid="4733" timestamp="2019-06-16T02:56:33.243" />
  <attribute name="elasticGC enabled" value="1" />
  <attribute name= "numThreadsSpecified" value="4" />
  <attribute name="heapSize specified" value="0" />
  <attribute name="Current GC Util" value="308" />
  <attribute name= "Current Time Running" value="65605" />
  <attribute name ="GC Interval" value="0" />
  <attribute name="ProportionalT" value="432.000000" />
  <attribute name="ProportionalI" value="432.000000" />
  <attribute name="ProportionalH" value="432.000000" />
  <attribute name="Current Error" value="288.000000" />
  <attribute name="IntegralT" value="288.000000" />
  <attribute name="IntegralI" value="288.000000" />
  <attribute name="IntegralH" value="288.000000" />
  <attribute name="DerivativeT" value="288.000000" />
  <attribute name="DerivativeI" value="288.000000" />
  <attribute name="DerivativeH" value="288.000000" />
  <attribute name="Loop Time for DT" value="1.000000" />
  <attribute name="Output H" value="8388608"/>
  <attribute name="Output I" value="1008"/>
  <attribute name="Output T" value="4"/>
  <attribute name="Target GC Util Change" value ="20.000000" />
  <attribute name="Current GC Util Change" value="308.000000"/>
  <attribute name="GC Util currently" value="308" />
  <attribute name="CPU Util currently" value="14656278483972" />
<exclusive-end id="4741" timestamp="2019-06-16T02:56:33.243" durationms="4.332" />

<exclusive-start id="4742" timestamp="2019-06-16T02:56:33.253" intervalms="14.422">
  <response-info timems="0.089" idlems="0.089" threads="0" lastid="0000000001916700" lastname="main" />
</exclusive-start>
<allocation-taxation id="4743" taxation-threshold="32505856" timestamp="2019-06-16T02:56:33.253" intervalms="14.414" />
<cycle-start id="4744" type="partial gc" contextid="0" timestamp="2019-06-16T02:56:33.253" intervalms="14.404" />
<gc-start id="4745" type="partial gc" contextid="4744" timestamp="2019-06-16T02:56:33.254">
  <mem-info id="4746" free="30408704" total="104857600" percent="29">
    <mem type="eden" free="1048512" total="33554432" percent="3" />
    <remembered-set count="1760" freebytes="4178560" totalbytes="4185600" percent="99" regionsoverflowed="0" regionsstable="18" regionsrebuilding="0"/>
  </mem-info>
</gc-start>
<allocation-stats totalBytes="32302080" >
  <allocated-bytes non-tlh="0" tlh="32302080" arrayletleaf="0"/>
  <largest-consumer threadName="main" threadId="0000000001916700" bytes="32302080" />
</allocation-stats>
<gc-op id="4747" type="copy forward" timems="0.990" contextid="4744" timestamp="2019-06-16T02:56:33.255">
  <memory-copied type="eden" objects="2" bytes="64" bytesdiscarded="0" />
  <memory-copied type="other" objects="0" bytes="0" bytesdiscarded="0" />
  <memory-cardclean objects="8" bytes="344" />
  <regions eden="31" other="1" />
  <remembered-set-cleared processed="70" cleared="0" durationms="0.121" />
  <stringconstants candidates="13711" cleared="0"  />
</gc-op>
<gc-op id="4748" type="classunload" timems="0.003" contextid="4744" timestamp="2019-06-16T02:56:33.255">
  <classunload-info classloadercandidates="54" classloadersunloaded="0" classesunloaded="0" anonymousclassesunloaded="0" quiescems="0.000" setupms="0.003" scanms="0.000" postms="0.000" />
</gc-op>
<gc-end id="4749" type="partial gc" contextid="4744" durationms="1.961" usertimems="0.000" systemtimems="0.000" timestamp="2019-06-16T02:56:33.255" activeThreads="1">
  <mem-info id="4750" free="62914560" total="104857600" percent="60">
    <mem type="eden" free="1048512" total="1048576" percent="99" />
    <remembered-set count="2240" freebytes="4176640" totalbytes="4185600" percent="99" regionsoverflowed="0" regionsstable="18" regionsrebuilding="0"/>
  </mem-info>
</gc-end>
<cycle-end id="4751" type="partial gc" contextid="4744" timestamp="2019-06-16T02:56:33.256" />
  <attribute name="elasticGC enabled" value="1" />
  <attribute name= "numThreadsSpecified" value="1" />
  <attribute name="heapSize specified" value="0" />
  <attribute name="Current GC Util" value="160" />
  <attribute name= "Current Time Running" value="65619" />
  <attribute name ="GC Interval" value="0" />
  <attribute name="ProportionalT" value="210.000000" />
  <attribute name="ProportionalI" value="210.000000" />
  <attribute name="ProportionalH" value="210.000000" />
  <attribute name="Current Error" value="140.000000" />
  <attribute name="IntegralT" value="0.000000" />
  <attribute name="IntegralI" value="0.000000" />
  <attribute name="IntegralH" value="0.000000" />
  <attribute name="DerivativeT" value="inf" />
  <attribute name="DerivativeI" value="inf" />
  <attribute name="DerivativeH" value="inf" />
  <attribute name="Loop Time for DT" value="0.000000" />
  <attribute name="Output H" value="8388608"/>
  <attribute name="Output I" value="200"/>
  <attribute name="Output T" value="1"/>
  <attribute name="Target GC Util Change" value ="20.000000" />
  <attribute name="Current GC Util Change" value="160.000000"/>
  <attribute name="GC Util currently" value="160" />
  <attribute name="CPU Util currently" value="14713889052803" />
<exclusive-end id="4752" timestamp="2019-06-16T02:56:33.256" durationms="2.813" />

<exclusive-start id="4753" timestamp="2019-06-16T02:56:33.266" intervalms="12.839">
  <response-info timems="0.067" idlems="0.067" threads="0" lastid="0000000001916700" lastname="main" />
</exclusive-start>
<allocation-taxation id="4754" taxation-threshold="32505856" timestamp="2019-06-16T02:56:33.266" intervalms="12.892" />
<cycle-start id="4755" type="partial gc" contextid="0" timestamp="2019-06-16T02:56:33.266" intervalms="12.888" />
<gc-start id="4756" type="partial gc" contextid="4755" timestamp="2019-06-16T02:56:33.266">
  <mem-info id="4757" free="30408704" total="104857600" percent="29">
    <mem type="eden" free="1048512" total="33554432" percent="3" />
    <remembered-set count="1760" freebytes="4178560" totalbytes="4185600" percent="99" regionsoverflowed="0" regionsstable="18" regionsrebuilding="0"/>
  </mem-info>
</gc-start>
<allocation-stats totalBytes="32302104" >
  <allocated-bytes non-tlh="0" tlh="32302104" arrayletleaf="0"/>
  <largest-consumer threadName="main" threadId="0000000001916700" bytes="32302104" />
</allocation-stats>
<gc-op id="4758" type="copy forward" timems="0.983" contextid="4755" timestamp="2019-06-16T02:56:33.268">
  <memory-copied type="eden" objects="2" bytes="64" bytesdiscarded="0" />
  <memory-copied type="other" objects="0" bytes="0" bytesdiscarded="0" />
  <memory-cardclean objects="8" bytes="344" />
  <regions eden="31" other="1" />
  <remembered-set-cleared processed="70" cleared="0" durationms="0.121" />
  <stringconstants candidates="13711" cleared="0"  />
</gc-op>
<gc-op id="4759" type="classunload" timems="0.003" contextid="4755" timestamp="2019-06-16T02:56:33.268">
  <classunload-info classloadercandidates="54" classloadersunloaded="0" classesunloaded="0" anonymousclassesunloaded="0" quiescems="0.000" setupms="0.003" scanms="0.000" postms="0.000" />
</gc-op>
<gc-end id="4760" type="partial gc" contextid="4755" durationms="2.133" usertimems="0.000" systemtimems="0.000" timestamp="2019-06-16T02:56:33.269" activeThreads="1">
  <mem-info id="4761" free="62914560" total="104857600" percent="60">
    <mem type="eden" free="1048512" total="1048576" percent="99" />
    <remembered-set count="2240" freebytes="4176640" totalbytes="4185600" percent="99" regionsoverflowed="0" regionsstable="18" regionsrebuilding="0"/>
  </mem-info>
</gc-end>
<cycle-end id="4762" type="partial gc" contextid="4755" timestamp="2019-06-16T02:56:33.269" />
  <attribute name="elasticGC enabled" value="1" />
  <attribute name= "numThreadsSpecified" value="1" />
  <attribute name="heapSize specified" value="0" />
  <attribute name="Current GC Util" value="283" />
  <attribute name= "Current Time Running" value="65632" />
  <attribute name ="GC Interval" value="0" />
  <attribute name="ProportionalT" value="394.500000" />
  <attribute name="ProportionalI" value="394.500000" />
  <attribute name="ProportionalH" value="394.500000" />
  <attribute name="Current Error" value="263.000000" />
  <attribute name="IntegralT" value="0.000000" />
  <attribute name="IntegralI" value="0.000000" />
  <attribute name="IntegralH" value="0.000000" />
  <attribute name="DerivativeT" value="inf" />
  <attribute name="DerivativeI" value="inf" />
  <attribute name="DerivativeH" value="inf" />
  <attribute name="Loop Time for DT" value="0.000000" />
  <attribute name="Output H" value="8388608"/>
  <attribute name="Output I" value="200"/>
  <attribute name="Output T" value="1"/>
  <attribute name="Target GC Util Change" value ="20.000000" />
  <attribute name="Current GC Util Change" value="283.000000"/>
  <attribute name="GC Util currently" value="283" />
  <attribute name="CPU Util currently" value="14490446282170" />
<exclusive-end id="4763" timestamp="2019-06-16T02:56:33.269" durationms="3.002" />

<exclusive-start id="4764" timestamp="2019-06-16T02:56:33.279" intervalms="13.004">
  <response-info timems="0.074" idlems="0.074" threads="0" lastid="0000000001916700" lastname="main" />
</exclusive-start>
<allocation-taxation id="4765" taxation-threshold="32505856" timestamp="2019-06-16T02:56:33.279" intervalms="12.921" />
<cycle-start id="4766" type="partial gc" contextid="0" timestamp="2019-06-16T02:56:33.279" intervalms="12.939" />
<gc-start id="4767" type="partial gc" contextid="4766" timestamp="2019-06-16T02:56:33.279">
  <mem-info id="4768" free="30408704" total="104857600" percent="29">
    <mem type="eden" free="1048512" total="33554432" percent="3" />
    <remembered-set count="1760" freebytes="4178560" totalbytes="4185600" percent="99" regionsoverflowed="0" regionsstable="18" regionsrebuilding="0"/>
  </mem-info>
</gc-start>
<allocation-stats totalBytes="32302104" >
  <allocated-bytes non-tlh="0" tlh="32302104" arrayletleaf="0"/>
  <largest-consumer threadName="main" threadId="0000000001916700" bytes="32302104" />
</allocation-stats>
<gc-op id="4769" type="copy forward" timems="1.082" contextid="4766" timestamp="2019-06-16T02:56:33.281">
  <memory-copied type="eden" objects="2" bytes="64" bytesdiscarded="0" />
  <memory-copied type="other" objects="0" bytes="0" bytesdiscarded="0" />
  <memory-cardclean objects="8" bytes="344" />
  <regions eden="31" other="1" />
  <remembered-set-cleared processed="70" cleared="0" durationms="0.131" />
  <stringconstants candidates="13711" cleared="0"  />
</gc-op>
<gc-op id="4770" type="classunload" timems="0.003" contextid="4766" timestamp="2019-06-16T02:56:33.282">
  <classunload-info classloadercandidates="54" classloadersunloaded="0" classesunloaded="0" anonymousclassesunloaded="0" quiescems="0.000" setupms="0.003" scanms="0.000" postms="0.000" />
</gc-op>
<gc-end id="4771" type="partial gc" contextid="4766" durationms="2.332" usertimems="4.000" systemtimems="0.000" timestamp="2019-06-16T02:56:33.282" activeThreads="1">
  <mem-info id="4772" free="62914560" total="104857600" percent="60">
    <mem type="eden" free="1048512" total="1048576" percent="99" />
    <remembered-set count="2240" freebytes="4176640" totalbytes="4185600" percent="99" regionsoverflowed="0" regionsstable="18" regionsrebuilding="0"/>
  </mem-info>
</gc-end>
<cycle-end id="4773" type="partial gc" contextid="4766" timestamp="2019-06-16T02:56:33.282" />
  <attribute name="elasticGC enabled" value="1" />
  <attribute name= "numThreadsSpecified" value="1" />
  <attribute name="heapSize specified" value="0" />
  <attribute name="Current GC Util" value="280" />
  <attribute name= "Current Time Running" value="65645" />
  <attribute name ="GC Interval" value="0" />
  <attribute name="ProportionalT" value="390.000000" />
  <attribute name="ProportionalI" value="390.000000" />
  <attribute name="ProportionalH" value="390.000000" />
  <attribute name="Current Error" value="260.000000" />
  <attribute name="IntegralT" value="0.000000" />
  <attribute name="IntegralI" value="0.000000" />
  <attribute name="IntegralH" value="0.000000" />
  <attribute name="DerivativeT" value="inf" />
  <attribute name="DerivativeI" value="inf" />
  <attribute name="DerivativeH" value="inf" />
  <attribute name="Loop Time for DT" value="0.000000" />
  <attribute name="Output H" value="8388608"/>
  <attribute name="Output I" value="200"/>
  <attribute name="Output T" value="1"/>
  <attribute name="Target GC Util Change" value ="20.000000" />
  <attribute name="Current GC Util Change" value="280.000000"/>
  <attribute name="GC Util currently" value="280" />
  <attribute name="CPU Util currently" value="13710525186814" />
<exclusive-end id="4774" timestamp="2019-06-16T02:56:33.282" durationms="3.335" />

<exclusive-start id="4775" timestamp="2019-06-16T02:56:33.292" intervalms="13.436">
  <response-info timems="0.076" idlems="0.076" threads="0" lastid="0000000001916700" lastname="main" />
</exclusive-start>
<allocation-taxation id="4776" taxation-threshold="32505856" timestamp="2019-06-16T02:56:33.292" intervalms="13.472" />
<cycle-start id="4777" type="partial gc" contextid="0" timestamp="2019-06-16T02:56:33.293" intervalms="13.473" />
<gc-start id="4778" type="partial gc" contextid="4777" timestamp="2019-06-16T02:56:33.293">
  <mem-info id="4779" free="30408704" total="104857600" percent="29">
    <mem type="eden" free="1048512" total="33554432" percent="3" />
    <remembered-set count="1760" freebytes="4178560" totalbytes="4185600" percent="99" regionsoverflowed="0" regionsstable="18" regionsrebuilding="0"/>
  </mem-info>
</gc-start>
<allocation-stats totalBytes="32302104" >
  <allocated-bytes non-tlh="0" tlh="32302104" arrayletleaf="0"/>
  <largest-consumer threadName="main" threadId="0000000001916700" bytes="32302104" />
</allocation-stats>
<gc-op id="4780" type="copy forward" timems="3.119" contextid="4777" timestamp="2019-06-16T02:56:33.297">
  <memory-copied type="eden" objects="2" bytes="64" bytesdiscarded="0" />
  <memory-copied type="other" objects="0" bytes="0" bytesdiscarded="0" />
  <memory-cardclean objects="8" bytes="344" />
  <regions eden="31" other="1" />
  <remembered-set-cleared processed="70" cleared="0" durationms="0.097" />
  <stringconstants candidates="13711" cleared="0"  />
</gc-op>
<gc-op id="4781" type="classunload" timems="0.004" contextid="4777" timestamp="2019-06-16T02:56:33.297">
  <classunload-info classloadercandidates="54" classloadersunloaded="0" classesunloaded="0" anonymousclassesunloaded="0" quiescems="0.000" setupms="0.004" scanms="0.000" postms="0.000" />
</gc-op>
<gc-end id="4782" type="partial gc" contextid="4777" durationms="4.311" usertimems="8.000" systemtimems="0.000" timestamp="2019-06-16T02:56:33.297" activeThreads="4">
  <mem-info id="4783" free="62914560" total="104857600" percent="60">
    <mem type="eden" free="1048512" total="1048576" percent="99" />
    <remembered-set count="1760" freebytes="4178560" totalbytes="4185600" percent="99" regionsoverflowed="0" regionsstable="18" regionsrebuilding="0"/>
  </mem-info>
</gc-end>
<cycle-end id="4784" type="partial gc" contextid="4777" timestamp="2019-06-16T02:56:33.297" />
  <attribute name="elasticGC enabled" value="1" />
  <attribute name= "numThreadsSpecified" value="4" />
  <attribute name="heapSize specified" value="0" />
  <attribute name="Current GC Util" value="273" />
  <attribute name= "Current Time Running" value="65659" />
  <attribute name ="GC Interval" value="0" />
  <attribute name="ProportionalT" value="379.500000" />
  <attribute name="ProportionalI" value="379.500000" />
  <attribute name="ProportionalH" value="379.500000" />
  <attribute name="Current Error" value="253.000000" />
  <attribute name="IntegralT" value="253.000000" />
  <attribute name="IntegralI" value="253.000000" />
  <attribute name="IntegralH" value="253.000000" />
  <attribute name="DerivativeT" value="253.000000" />
  <attribute name="DerivativeI" value="253.000000" />
  <attribute name="DerivativeH" value="253.000000" />
  <attribute name="Loop Time for DT" value="1.000000" />
  <attribute name="Output H" value="8388608"/>
  <attribute name="Output I" value="888"/>
  <attribute name="Output T" value="4"/>
  <attribute name="Target GC Util Change" value ="20.000000" />
  <attribute name="Current GC Util Change" value="273.000000"/>
  <attribute name="GC Util currently" value="273" />
  <attribute name="CPU Util currently" value="13076045736084" />
<exclusive-end id="4785" timestamp="2019-06-16T02:56:33.298" durationms="5.227" />

<exclusive-start id="4786" timestamp="2019-06-16T02:56:33.344" intervalms="51.717">
  <response-info timems="0.077" idlems="0.077" threads="0" lastid="0000000001916700" lastname="main" />
</exclusive-start>
<allocation-taxation id="4787" taxation-threshold="32505856" timestamp="2019-06-16T02:56:33.344" intervalms="51.747" />
<cycle-start id="4788" type="partial gc" contextid="0" timestamp="2019-06-16T02:56:33.344" intervalms="51.793" />
<gc-start id="4789" type="partial gc" contextid="4788" timestamp="2019-06-16T02:56:33.345">
  <mem-info id="4790" free="30408704" total="104857600" percent="29">
    <mem type="eden" free="1048512" total="33554432" percent="3" />
    <remembered-set count="1760" freebytes="4178560" totalbytes="4185600" percent="99" regionsoverflowed="0" regionsstable="18" regionsrebuilding="0"/>
  </mem-info>
</gc-start>
<allocation-stats totalBytes="32497224" >
  <allocated-bytes non-tlh="0" tlh="32497224" arrayletleaf="0"/>
  <largest-consumer threadName="main" threadId="0000000001916700" bytes="32497224" />
</allocation-stats>
<gc-op id="4791" type="copy forward" timems="2.723" contextid="4788" timestamp="2019-06-16T02:56:33.348">
  <memory-copied type="eden" objects="157" bytes="5216" bytesdiscarded="672" />
  <memory-copied type="other" objects="0" bytes="0" bytesdiscarded="0" />
  <memory-cardclean objects="61" bytes="2000" />
  <regions eden="31" other="1" />
  <remembered-set-cleared processed="70" cleared="5" durationms="0.094" />
  <stringconstants candidates="13711" cleared="0"  />
</gc-op>
<gc-op id="4792" type="classunload" timems="0.003" contextid="4788" timestamp="2019-06-16T02:56:33.348">
  <classunload-info classloadercandidates="54" classloadersunloaded="0" classesunloaded="0" anonymousclassesunloaded="0" quiescems="0.000" setupms="0.003" scanms="0.000" postms="0.000" />
</gc-op>
<gc-end id="4793" type="partial gc" contextid="4788" durationms="3.907" usertimems="8.000" systemtimems="0.000" timestamp="2019-06-16T02:56:33.349" activeThreads="4">
  <mem-info id="4794" free="62914560" total="104857600" percent="60">
    <mem type="eden" free="1042688" total="1048576" percent="99" />
    <remembered-set count="2752" freebytes="4174592" totalbytes="4185600" percent="99" regionsoverflowed="0" regionsstable="18" regionsrebuilding="0"/>
  </mem-info>
</gc-end>
<cycle-end id="4795" type="partial gc" contextid="4788" timestamp="2019-06-16T02:56:33.349" />
  <attribute name="elasticGC enabled" value="1" />
  <attribute name= "numThreadsSpecified" value="4" />
  <attribute name="heapSize specified" value="0" />
  <attribute name="Current GC Util" value="154" />
  <attribute name= "Current Time Running" value="65711" />
  <attribute name ="GC Interval" value="0" />
  <attribute name="ProportionalT" value="201.000000" />
  <attribute name="ProportionalI" value="201.000000" />
  <attribute name="ProportionalH" value="201.000000" />
  <attribute name="Current Error" value="134.000000" />
  <attribute name="IntegralT" value="134.000000" />
  <attribute name="IntegralI" value="134.000000" />
  <attribute name="IntegralH" value="134.000000" />
  <attribute name="DerivativeT" value="134.000000" />
  <attribute name="DerivativeI" value="134.000000" />
  <attribute name="DerivativeH" value="134.000000" />
  <attribute name="Loop Time for DT" value="1.000000" />
  <attribute name="Output H" value="8388608"/>
  <attribute name="Output I" value="472"/>
  <attribute name="Output T" value="4"/>
  <attribute name="Target GC Util Change" value ="20.000000" />
  <attribute name="Current GC Util Change" value="154.000000"/>
  <attribute name="GC Util currently" value="154" />
  <attribute name="CPU Util currently" value="13141589358163" />
<exclusive-end id="4796" timestamp="2019-06-16T02:56:33.349" durationms="4.962" />

<exclusive-start id="4797" timestamp="2019-06-16T02:56:33.405" intervalms="60.645">
  <response-info timems="0.107" idlems="0.107" threads="0" lastid="0000000001916700" lastname="main" />
</exclusive-start>
<allocation-taxation id="4798" taxation-threshold="32505856" timestamp="2019-06-16T02:56:33.405" intervalms="60.705" />
<cycle-start id="4799" type="partial gc" contextid="0" timestamp="2019-06-16T02:56:33.405" intervalms="60.698" />
<gc-start id="4800" type="partial gc" contextid="4799" timestamp="2019-06-16T02:56:33.405">
  <mem-info id="4801" free="30408704" total="104857600" percent="29">
    <mem type="eden" free="0" total="32505856" percent="0" />
    <remembered-set count="2752" freebytes="4174592" totalbytes="4185600" percent="99" regionsoverflowed="0" regionsstable="18" regionsrebuilding="0"/>
  </mem-info>
</gc-start>
<allocation-stats totalBytes="32501216" >
  <allocated-bytes non-tlh="0" tlh="32501216" arrayletleaf="0"/>
  <largest-consumer threadName="main" threadId="0000000001916700" bytes="32501216" />
</allocation-stats>
<gc-op id="4802" type="copy forward" timems="1.142" contextid="4799" timestamp="2019-06-16T02:56:33.407">
  <memory-copied type="eden" objects="238" bytes="7792" bytesdiscarded="0" />
  <memory-copied type="other" objects="7" bytes="168" bytesdiscarded="0" />
  <memory-cardclean objects="125" bytes="11944" />
  <regions eden="31" other="1" />
  <remembered-set-cleared processed="68" cleared="7" durationms="0.135" />
  <references type="weak" candidates="37" cleared="0" enqueued="0" />
  <stringconstants candidates="13711" cleared="0"  />
</gc-op>
<gc-op id="4803" type="classunload" timems="0.003" contextid="4799" timestamp="2019-06-16T02:56:33.408">
  <classunload-info classloadercandidates="54" classloadersunloaded="0" classesunloaded="0" anonymousclassesunloaded="0" quiescems="0.000" setupms="0.003" scanms="0.000" postms="0.000" />
</gc-op>
<gc-end id="4804" type="partial gc" contextid="4799" durationms="2.431" usertimems="4.000" systemtimems="0.000" timestamp="2019-06-16T02:56:33.408" activeThreads="1">
  <mem-info id="4805" free="61865984" total="104857600" percent="59">
    <mem type="eden" free="1040736" total="1048576" percent="99" />
    <remembered-set count="3104" freebytes="4173184" totalbytes="4185600" percent="99" regionsoverflowed="0" regionsstable="18" regionsrebuilding="0"/>
  </mem-info>
</gc-end>
<cycle-end id="4806" type="partial gc" contextid="4799" timestamp="2019-06-16T02:56:33.408" />
  <attribute name="elasticGC enabled" value="1" />
  <attribute name= "numThreadsSpecified" value="1" />
  <attribute name="heapSize specified" value="0" />
  <attribute name="Current GC Util" value="148" />
  <attribute name= "Current Time Running" value="65771" />
  <attribute name ="GC Interval" value="0" />
  <attribute name="ProportionalT" value="192.000000" />
  <attribute name="ProportionalI" value="192.000000" />
  <attribute name="ProportionalH" value="192.000000" />
  <attribute name="Current Error" value="128.000000" />
  <attribute name="IntegralT" value="0.000000" />
  <attribute name="IntegralI" value="0.000000" />
  <attribute name="IntegralH" value="0.000000" />
  <attribute name="DerivativeT" value="inf" />
  <attribute name="DerivativeI" value="inf" />
  <attribute name="DerivativeH" value="inf" />
  <attribute name="Loop Time for DT" value="0.000000" />
  <attribute name="Output H" value="8388608"/>
  <attribute name="Output I" value="200"/>
  <attribute name="Output T" value="1"/>
  <attribute name="Target GC Util Change" value ="20.000000" />
  <attribute name="Current GC Util Change" value="148.000000"/>
  <attribute name="GC Util currently" value="148" />
  <attribute name="CPU Util currently" value="13483279133109" />
<exclusive-end id="4807" timestamp="2019-06-16T02:56:33.408" durationms="3.625" />

<exclusive-start id="4808" timestamp="2019-06-16T02:56:33.454" intervalms="49.800">
  <response-info timems="0.090" idlems="0.090" threads="0" lastid="0000000001916700" lastname="main" />
</exclusive-start>
<allocation-taxation id="4809" taxation-threshold="32505856" timestamp="2019-06-16T02:56:33.455" intervalms="49.805" />
<cycle-start id="4810" type="partial gc" contextid="0" timestamp="2019-06-16T02:56:33.455" intervalms="49.846" />
<gc-start id="4811" type="partial gc" contextid="4810" timestamp="2019-06-16T02:56:33.455">
  <mem-info id="4812" free="29360128" total="104857600" percent="28">
    <mem type="eden" free="0" total="32505856" percent="0" />
    <remembered-set count="2688" freebytes="4174848" totalbytes="4185600" percent="99" regionsoverflowed="0" regionsstable="18" regionsrebuilding="0"/>
  </mem-info>
</gc-start>
<allocation-stats totalBytes="32501768" >
  <allocated-bytes non-tlh="0" tlh="32501768" arrayletleaf="0"/>
  <largest-consumer threadName="main" threadId="0000000001916700" bytes="32501768" />
</allocation-stats>
<gc-op id="4813" type="copy forward" timems="1.148" contextid="4810" timestamp="2019-06-16T02:56:33.457">
  <memory-copied type="eden" objects="128" bytes="3936" bytesdiscarded="0" />
  <memory-copied type="other" objects="113" bytes="3976" bytesdiscarded="0" />
  <memory-cardclean objects="70" bytes="10552" />
  <regions eden="31" other="1" />
  <remembered-set-cleared processed="71" cleared="7" durationms="0.134" />
  <references type="weak" candidates="37" cleared="0" enqueued="0" />
  <stringconstants candidates="13711" cleared="0"  />
</gc-op>
<gc-op id="4814" type="classunload" timems="0.004" contextid="4810" timestamp="2019-06-16T02:56:33.457">
  <classunload-info classloadercandidates="54" classloadersunloaded="0" classesunloaded="0" anonymousclassesunloaded="0" quiescems="0.000" setupms="0.003" scanms="0.000" postms="0.000" />
</gc-op>
<gc-end id="4815" type="partial gc" contextid="4810" durationms="2.479" usertimems="4.000" systemtimems="0.000" timestamp="2019-06-16T02:56:33.458" activeThreads="1">
  <mem-info id="4816" free="60817408" total="104857600" percent="58">
    <mem type="eden" free="1044640" total="1048576" percent="99" />
    <remembered-set count="3136" freebytes="4173056" totalbytes="4185600" percent="99" regionsoverflowed="0" regionsstable="18" regionsrebuilding="0"/>
  </mem-info>
</gc-end>
<cycle-end id="4817" type="partial gc" contextid="4810" timestamp="2019-06-16T02:56:33.458" />
  <attribute name="elasticGC enabled" value="1" />
  <attribute name= "numThreadsSpecified" value="1" />
  <attribute name="heapSize specified" value="0" />
  <attribute name="Current GC Util" value="282" />
  <attribute name= "Current Time Running" value="65821" />
  <attribute name ="GC Interval" value="0" />
  <attribute name="ProportionalT" value="393.000000" />
  <attribute name="ProportionalI" value="393.000000" />
  <attribute name="ProportionalH" value="393.000000" />
  <attribute name="Current Error" value="262.000000" />
  <attribute name="IntegralT" value="0.000000" />
  <attribute name="IntegralI" value="0.000000" />
  <attribute name="IntegralH" value="0.000000" />
  <attribute name="DerivativeT" value="inf" />
  <attribute name="DerivativeI" value="inf" />
  <attribute name="DerivativeH" value="inf" />
  <attribute name="Loop Time for DT" value="0.000000" />
  <attribute name="Output H" value="8388608"/>
  <attribute name="Output I" value="200"/>
  <attribute name="Output T" value="1"/>
  <attribute name="Target GC Util Change" value ="20.000000" />
  <attribute name="Current GC Util Change" value="282.000000"/>
  <attribute name="GC Util currently" value="282" />
  <attribute name="CPU Util currently" value="13862477866700" />
<exclusive-end id="4818" timestamp="2019-06-16T02:56:33.458" durationms="3.718" />

<exclusive-start id="4819" timestamp="2019-06-16T02:56:33.479" intervalms="24.452">
  <response-info timems="0.091" idlems="0.091" threads="0" lastid="0000000001916700" lastname="main" />
</exclusive-start>
<allocation-taxation id="4820" taxation-threshold="32505856" timestamp="2019-06-16T02:56:33.479" intervalms="24.450" />
<cycle-start id="4821" type="partial gc" contextid="0" timestamp="2019-06-16T02:56:33.479" intervalms="24.426" />
<gc-start id="4822" type="partial gc" contextid="4821" timestamp="2019-06-16T02:56:33.480">
  <mem-info id="4823" free="28311552" total="104857600" percent="27">
    <mem type="eden" free="1044640" total="33554432" percent="3" />
    <remembered-set count="2720" freebytes="4174720" totalbytes="4185600" percent="99" regionsoverflowed="0" regionsstable="18" regionsrebuilding="0"/>
  </mem-info>
</gc-start>
<allocation-stats totalBytes="32488920" >
  <allocated-bytes non-tlh="0" tlh="32488920" arrayletleaf="0"/>
  <largest-consumer threadName="main" threadId="0000000001916700" bytes="32488920" />
</allocation-stats>
<gc-op id="4824" type="copy forward" timems="3.140" contextid="4821" timestamp="2019-06-16T02:56:33.484">
  <memory-copied type="eden" objects="136" bytes="4416" bytesdiscarded="424" />
  <memory-copied type="other" objects="0" bytes="0" bytesdiscarded="0" />
  <memory-cardclean objects="56" bytes="1984" />
  <regions eden="31" other="1" />
  <remembered-set-cleared processed="82" cleared="11" durationms="0.097" />
  <stringconstants candidates="13711" cleared="0"  />
</gc-op>
<gc-op id="4825" type="classunload" timems="0.004" contextid="4821" timestamp="2019-06-16T02:56:33.484">
  <classunload-info classloadercandidates="54" classloadersunloaded="0" classesunloaded="0" anonymousclassesunloaded="0" quiescems="0.000" setupms="0.004" scanms="0.000" postms="0.000" />
</gc-op>
<gc-end id="4826" type="partial gc" contextid="4821" durationms="4.434" usertimems="8.000" systemtimems="0.000" timestamp="2019-06-16T02:56:33.484" activeThreads="4">
  <mem-info id="4827" free="60817408" total="104857600" percent="58">
    <mem type="eden" free="1043736" total="1048576" percent="99" />
    <remembered-set count="2336" freebytes="4176256" totalbytes="4185600" percent="99" regionsoverflowed="0" regionsstable="18" regionsrebuilding="0"/>
  </mem-info>
</gc-end>
<cycle-end id="4828" type="partial gc" contextid="4821" timestamp="2019-06-16T02:56:33.484" />
  <attribute name="elasticGC enabled" value="1" />
  <attribute name= "numThreadsSpecified" value="4" />
  <attribute name="heapSize specified" value="0" />
  <attribute name="Current GC Util" value="275" />
  <attribute name= "Current Time Running" value="65846" />
  <attribute name ="GC Interval" value="0" />
  <attribute name="ProportionalT" value="382.500000" />
  <attribute name="ProportionalI" value="382.500000" />
  <attribute name="ProportionalH" value="382.500000" />
  <attribute name="Current Error" value="255.000000" />
  <attribute name="IntegralT" value="255.000000" />
  <attribute name="IntegralI" value="255.000000" />
  <attribute name="IntegralH" value="255.000000" />
  <attribute name="DerivativeT" value="255.000000" />
  <attribute name="DerivativeI" value="255.000000" />
  <attribute name="DerivativeH" value="255.000000" />
  <attribute name="Loop Time for DT" value="1.000000" />
  <attribute name="Output H" value="8388608"/>
  <attribute name="Output I" value="896"/>
  <attribute name="Output T" value="4"/>
  <attribute name="Target GC Util Change" value ="20.000000" />
  <attribute name="Current GC Util Change" value="275.000000"/>
  <attribute name="GC Util currently" value="275" />
  <attribute name="CPU Util currently" value="12323132730553" />
<exclusive-end id="4829" timestamp="2019-06-16T02:56:33.485" durationms="5.731" />

<exclusive-start id="4830" timestamp="2019-06-16T02:56:33.494" intervalms="15.319">
  <response-info timems="0.096" idlems="0.096" threads="0" lastid="0000000001916700" lastname="main" />
</exclusive-start>
<allocation-taxation id="4831" taxation-threshold="32505856" timestamp="2019-06-16T02:56:33.494" intervalms="15.312" />
<cycle-start id="4832" type="partial gc" contextid="0" timestamp="2019-06-16T02:56:33.495" intervalms="15.317" />
<gc-start id="4833" type="partial gc" contextid="4832" timestamp="2019-06-16T02:56:33.495">
  <mem-info id="4834" free="28311552" total="104857600" percent="27">
    <mem type="eden" free="0" total="32505856" percent="0" />
    <remembered-set count="2336" freebytes="4176256" totalbytes="4185600" percent="99" regionsoverflowed="0" regionsstable="18" regionsrebuilding="0"/>
  </mem-info>
</gc-start>
<allocation-stats totalBytes="32488896" >
  <allocated-bytes non-tlh="0" tlh="32488896" arrayletleaf="0"/>
  <largest-consumer threadName="main" threadId="0000000001916700" bytes="32488896" />
</allocation-stats>
<gc-op id="4835" type="copy forward" timems="1.089" contextid="4832" timestamp="2019-06-16T02:56:33.497">
  <memory-copied type="eden" objects="6" bytes="256" bytesdiscarded="0" />
  <memory-copied type="other" objects="130" bytes="4016" bytesdiscarded="0" />
  <memory-cardclean objects="41" bytes="1672" />
  <regions eden="31" other="1" />
  <remembered-set-cleared processed="79" cleared="8" durationms="0.137" />
  <stringconstants candidates="13711" cleared="0"  />
</gc-op>
<gc-op id="4836" type="classunload" timems="0.003" contextid="4832" timestamp="2019-06-16T02:56:33.497">
  <classunload-info classloadercandidates="54" classloadersunloaded="0" classesunloaded="0" anonymousclassesunloaded="0" quiescems="0.000" setupms="0.003" scanms="0.000" postms="0.000" />
</gc-op>
<heap-resize id="4837" type="expand" space="default" amount="8388608" count="1" timems="0.094" reason="excessive time being spent in gc" timestamp="2019-06-16T02:56:33.498" />
<gc-end id="4838" type="partial gc" contextid="4832" durationms="2.743" usertimems="0.000" systemtimems="4.000" timestamp="2019-06-16T02:56:33.498" activeThreads="1">
  <mem-info id="4839" free="68157440" total="113246208" percent="60">
    <mem type="eden" free="1048320" total="1048576" percent="99" />
    <remembered-set count="2656" freebytes="4509824" totalbytes="4520448" percent="99" regionsoverflowed="0" regionsstable="18" regionsrebuilding="0"/>
  </mem-info>
</gc-end>
<cycle-end id="4840" type="partial gc" contextid="4832" timestamp="2019-06-16T02:56:33.498" />
  <attribute name="elasticGC enabled" value="1" />
  <attribute name= "numThreadsSpecified" value="1" />
  <attribute name="heapSize specified" value="0" />
  <attribute name="Current GC Util" value="158" />
  <attribute name= "Current Time Running" value="65861" />
  <attribute name ="GC Interval" value="0" />
  <attribute name="ProportionalT" value="207.000000" />
  <attribute name="ProportionalI" value="207.000000" />
  <attribute name="ProportionalH" value="207.000000" />
  <attribute name="Current Error" value="138.000000" />
  <attribute name="IntegralT" value="0.000000" />
  <attribute name="IntegralI" value="0.000000" />
  <attribute name="IntegralH" value="0.000000" />
  <attribute name="DerivativeT" value="inf" />
  <attribute name="DerivativeI" value="inf" />
  <attribute name="DerivativeH" value="inf" />
  <attribute name="Loop Time for DT" value="0.000000" />
  <attribute name="Output H" value="8388608"/>
  <attribute name="Output I" value="200"/>
  <attribute name="Output T" value="1"/>
  <attribute name="Target GC Util Change" value ="20.000000" />
  <attribute name="Current GC Util Change" value="158.000000"/>
  <attribute name="GC Util currently" value="158" />
  <attribute name="CPU Util currently" value="13189510483489" />
<exclusive-end id="4841" timestamp="2019-06-16T02:56:33.498" durationms="4.054" />

<exclusive-start id="4842" timestamp="2019-06-16T02:56:33.509" intervalms="14.554">
  <response-info timems="0.096" idlems="0.096" threads="0" lastid="0000000001916700" lastname="main" />
</exclusive-start>
<allocation-taxation id="4843" taxation-threshold="34603008" timestamp="2019-06-16T02:56:33.509" intervalms="14.520" />
<cycle-start id="4844" type="partial gc" contextid="0" timestamp="2019-06-16T02:56:33.509" intervalms="14.503" />
<gc-start id="4845" type="partial gc" contextid="4844" timestamp="2019-06-16T02:56:33.510">
  <mem-info id="4846" free="33554432" total="113246208" percent="29">
    <mem type="eden" free="1048320" total="35651584" percent="2" />
    <remembered-set count="2208" freebytes="4511616" totalbytes="4520448" percent="99" regionsoverflowed="0" regionsstable="18" regionsrebuilding="0"/>
  </mem-info>
</gc-start>
<allocation-stats totalBytes="34585480" >
  <allocated-bytes non-tlh="0" tlh="34585480" arrayletleaf="0"/>
  <largest-consumer threadName="main" threadId="0000000001916700" bytes="34585480" />
</allocation-stats>
<gc-op id="4847" type="copy forward" timems="1.101" contextid="4844" timestamp="2019-06-16T02:56:33.511">
  <memory-copied type="eden" objects="6" bytes="176" bytesdiscarded="0" />
  <memory-copied type="other" objects="130" bytes="4016" bytesdiscarded="0" />
  <memory-cardclean objects="41" bytes="1672" />
  <regions eden="33" other="2" />
  <remembered-set-cleared processed="78" cleared="7" durationms="0.136" />
  <stringconstants candidates="13711" cleared="0"  />
</gc-op>
<gc-op id="4848" type="classunload" timems="0.003" contextid="4844" timestamp="2019-06-16T02:56:33.512">
  <classunload-info classloadercandidates="54" classloadersunloaded="0" classesunloaded="0" anonymousclassesunloaded="0" quiescems="0.000" setupms="0.003" scanms="0.000" postms="0.000" />
</gc-op>
<gc-end id="4849" type="partial gc" contextid="4844" durationms="2.372" usertimems="4.000" systemtimems="0.000" timestamp="2019-06-16T02:56:33.512" activeThreads="1">
  <mem-info id="4850" free="68157440" total="113246208" percent="60">
    <mem type="eden" free="1048400" total="1048576" percent="99" />
    <remembered-set count="2688" freebytes="4509696" totalbytes="4520448" percent="99" regionsoverflowed="0" regionsstable="18" regionsrebuilding="0"/>
  </mem-info>
</gc-end>
<cycle-end id="4851" type="partial gc" contextid="4844" timestamp="2019-06-16T02:56:33.512" />
  <attribute name="elasticGC enabled" value="1" />
  <attribute name= "numThreadsSpecified" value="1" />
  <attribute name="heapSize specified" value="0" />
  <attribute name="Current GC Util" value="270" />
  <attribute name= "Current Time Running" value="65875" />
  <attribute name ="GC Interval" value="0" />
  <attribute name="ProportionalT" value="375.000000" />
  <attribute name="ProportionalI" value="375.000000" />
  <attribute name="ProportionalH" value="375.000000" />
  <attribute name="Current Error" value="250.000000" />
  <attribute name="IntegralT" value="0.000000" />
  <attribute name="IntegralI" value="0.000000" />
  <attribute name="IntegralH" value="0.000000" />
  <attribute name="DerivativeT" value="inf" />
  <attribute name="DerivativeI" value="inf" />
  <attribute name="DerivativeH" value="inf" />
  <attribute name="Loop Time for DT" value="0.000000" />
  <attribute name="Output H" value="8388608"/>
  <attribute name="Output I" value="200"/>
  <attribute name="Output T" value="1"/>
  <attribute name="Target GC Util Change" value ="20.000000" />
  <attribute name="Current GC Util Change" value="270.000000"/>
  <attribute name="GC Util currently" value="270" />
  <attribute name="CPU Util currently" value="13266266699631" />
<exclusive-end id="4852" timestamp="2019-06-16T02:56:33.512" durationms="3.563" />

<exclusive-start id="4853" timestamp="2019-06-16T02:56:33.523" intervalms="14.055">
  <response-info timems="0.082" idlems="0.082" threads="0" lastid="0000000001916700" lastname="main" />
</exclusive-start>
<allocation-taxation id="4854" taxation-threshold="34603008" timestamp="2019-06-16T02:56:33.523" intervalms="14.039" />
<cycle-start id="4855" type="partial gc" contextid="0" timestamp="2019-06-16T02:56:33.523" intervalms="14.061" />
<gc-start id="4856" type="partial gc" contextid="4855" timestamp="2019-06-16T02:56:33.524">
  <mem-info id="4857" free="33554432" total="113246208" percent="29">
    <mem type="eden" free="1048400" total="35651584" percent="2" />
    <remembered-set count="2240" freebytes="4511488" totalbytes="4520448" percent="99" regionsoverflowed="0" regionsstable="18" regionsrebuilding="0"/>
  </mem-info>
</gc-start>
<allocation-stats totalBytes="34585048" >
  <allocated-bytes non-tlh="0" tlh="34585048" arrayletleaf="0"/>
  <largest-consumer threadName="main" threadId="0000000001916700" bytes="34585048" />
</allocation-stats>
<gc-op id="4858" type="copy forward" timems="1.088" contextid="4855" timestamp="2019-06-16T02:56:33.526">
  <memory-copied type="eden" objects="6" bytes="400" bytesdiscarded="0" />
  <memory-copied type="other" objects="130" bytes="4016" bytesdiscarded="0" />
  <memory-cardclean objects="41" bytes="1672" />
  <regions eden="33" other="2" />
  <remembered-set-cleared processed="78" cleared="7" durationms="0.136" />
  <stringconstants candidates="13711" cleared="0"  />
</gc-op>
<gc-op id="4859" type="classunload" timems="0.004" contextid="4855" timestamp="2019-06-16T02:56:33.526">
  <classunload-info classloadercandidates="54" classloadersunloaded="0" classesunloaded="0" anonymousclassesunloaded="0" quiescems="0.000" setupms="0.003" scanms="0.000" postms="0.000" />
</gc-op>
<gc-end id="4860" type="partial gc" contextid="4855" durationms="2.466" usertimems="0.000" systemtimems="0.000" timestamp="2019-06-16T02:56:33.526" activeThreads="1">
  <mem-info id="4861" free="68157440" total="113246208" percent="60">
    <mem type="eden" free="1048176" total="1048576" percent="99" />
    <remembered-set count="2720" freebytes="4509568" totalbytes="4520448" percent="99" regionsoverflowed="0" regionsstable="18" regionsrebuilding="0"/>
  </mem-info>
</gc-end>
<cycle-end id="4862" type="partial gc" contextid="4855" timestamp="2019-06-16T02:56:33.526" />
  <attribute name="elasticGC enabled" value="1" />
  <attribute name= "numThreadsSpecified" value="1" />
  <attribute name="heapSize specified" value="0" />
  <attribute name="Current GC Util" value="270" />
  <attribute name= "Current Time Running" value="65889" />
  <attribute name ="GC Interval" value="0" />
  <attribute name="ProportionalT" value="375.000000" />
  <attribute name="ProportionalI" value="375.000000" />
  <attribute name="ProportionalH" value="375.000000" />
  <attribute name="Current Error" value="250.000000" />
  <attribute name="IntegralT" value="0.000000" />
  <attribute name="IntegralI" value="0.000000" />
  <attribute name="IntegralH" value="0.000000" />
  <attribute name="DerivativeT" value="inf" />
  <attribute name="DerivativeI" value="inf" />
  <attribute name="DerivativeH" value="inf" />
  <attribute name="Loop Time for DT" value="0.000000" />
  <attribute name="Output H" value="8388608"/>
  <attribute name="Output I" value="200"/>
  <attribute name="Output T" value="1"/>
  <attribute name="Target GC Util Change" value ="20.000000" />
  <attribute name="Current GC Util Change" value="270.000000"/>
  <attribute name="GC Util currently" value="270" />
  <attribute name="CPU Util currently" value="13199854486567" />
<exclusive-end id="4863" timestamp="2019-06-16T02:56:33.527" durationms="3.756" />

<exclusive-start id="4864" timestamp="2019-06-16T02:56:33.538" intervalms="14.658">
  <response-info timems="0.079" idlems="0.079" threads="0" lastid="0000000001916700" lastname="main" />
</exclusive-start>
<allocation-taxation id="4865" taxation-threshold="34603008" timestamp="2019-06-16T02:56:33.538" intervalms="14.637" />
<cycle-start id="4866" type="partial gc" contextid="0" timestamp="2019-06-16T02:56:33.538" intervalms="14.620" />
<gc-start id="4867" type="partial gc" contextid="4866" timestamp="2019-06-16T02:56:33.538">
  <mem-info id="4868" free="33554432" total="113246208" percent="29">
    <mem type="eden" free="1048176" total="35651584" percent="2" />
    <remembered-set count="2272" freebytes="4511360" totalbytes="4520448" percent="99" regionsoverflowed="0" regionsstable="18" regionsrebuilding="0"/>
  </mem-info>
</gc-start>
<allocation-stats totalBytes="34585024" >
  <allocated-bytes non-tlh="0" tlh="34585024" arrayletleaf="0"/>
  <largest-consumer threadName="main" threadId="0000000001916700" bytes="34585024" />
</allocation-stats>
<gc-op id="4869" type="copy forward" timems="1.123" contextid="4866" timestamp="2019-06-16T02:56:33.540">
  <memory-copied type="eden" objects="6" bytes="352" bytesdiscarded="0" />
  <memory-copied type="other" objects="130" bytes="4016" bytesdiscarded="0" />
  <memory-cardclean objects="41" bytes="1672" />
  <regions eden="33" other="2" />
  <remembered-set-cleared processed="78" cleared="7" durationms="0.140" />
  <stringconstants candidates="13711" cleared="0"  />
</gc-op>
<gc-op id="4870" type="classunload" timems="0.004" contextid="4866" timestamp="2019-06-16T02:56:33.540">
  <classunload-info classloadercandidates="54" classloadersunloaded="0" classesunloaded="0" anonymousclassesunloaded="0" quiescems="0.000" setupms="0.004" scanms="0.000" postms="0.000" />
</gc-op>
<gc-end id="4871" type="partial gc" contextid="4866" durationms="2.396" usertimems="4.000" systemtimems="0.000" timestamp="2019-06-16T02:56:33.541" activeThreads="1">
  <mem-info id="4872" free="68157440" total="113246208" percent="60">
    <mem type="eden" free="1048224" total="1048576" percent="99" />
    <remembered-set count="2752" freebytes="4509440" totalbytes="4520448" percent="99" regionsoverflowed="0" regionsstable="18" regionsrebuilding="0"/>
  </mem-info>
</gc-end>
<cycle-end id="4873" type="partial gc" contextid="4866" timestamp="2019-06-16T02:56:33.541" />
  <attribute name="elasticGC enabled" value="1" />
  <attribute name= "numThreadsSpecified" value="1" />
  <attribute name="heapSize specified" value="0" />
  <attribute name="Current GC Util" value="260" />
  <attribute name= "Current Time Running" value="65904" />
  <attribute name ="GC Interval" value="0" />
  <attribute name="ProportionalT" value="360.000000" />
  <attribute name="ProportionalI" value="360.000000" />
  <attribute name="ProportionalH" value="360.000000" />
  <attribute name="Current Error" value="240.000000" />
  <attribute name="IntegralT" value="0.000000" />
  <attribute name="IntegralI" value="0.000000" />
  <attribute name="IntegralH" value="0.000000" />
  <attribute name="DerivativeT" value="inf" />
  <attribute name="DerivativeI" value="inf" />
  <attribute name="DerivativeH" value="inf" />
  <attribute name="Loop Time for DT" value="0.000000" />
  <attribute name="Output H" value="8388608"/>
  <attribute name="Output I" value="200"/>
  <attribute name="Output T" value="1"/>
  <attribute name="Target GC Util Change" value ="20.000000" />
  <attribute name="Current GC Util Change" value="260.000000"/>
  <attribute name="GC Util currently" value="260" />
  <attribute name="CPU Util currently" value="13509189221563" />
<exclusive-end id="4874" timestamp="2019-06-16T02:56:33.541" durationms="3.505" />

<exclusive-start id="4875" timestamp="2019-06-16T02:56:33.551" intervalms="13.978">
  <response-info timems="0.078" idlems="0.078" threads="0" lastid="0000000001916700" lastname="main" />
</exclusive-start>
<allocation-taxation id="4876" taxation-threshold="34603008" timestamp="2019-06-16T02:56:33.552" intervalms="13.956" />
<cycle-start id="4877" type="partial gc" contextid="0" timestamp="2019-06-16T02:56:33.552" intervalms="13.949" />
<gc-start id="4878" type="partial gc" contextid="4877" timestamp="2019-06-16T02:56:33.552">
  <mem-info id="4879" free="33554432" total="113246208" percent="29">
    <mem type="eden" free="1048224" total="35651584" percent="2" />
    <remembered-set count="2304" freebytes="4511232" totalbytes="4520448" percent="99" regionsoverflowed="0" regionsstable="18" regionsrebuilding="0"/>
  </mem-info>
</gc-start>
<allocation-stats totalBytes="34584888" >
  <allocated-bytes non-tlh="0" tlh="34584888" arrayletleaf="0"/>
  <largest-consumer threadName="main" threadId="0000000001916700" bytes="34584888" />
</allocation-stats>
<gc-op id="4880" type="copy forward" timems="1.115" contextid="4877" timestamp="2019-06-16T02:56:33.554">
  <memory-copied type="eden" objects="5" bytes="256" bytesdiscarded="0" />
  <memory-copied type="other" objects="130" bytes="4016" bytesdiscarded="0" />
  <memory-cardclean objects="41" bytes="1672" />
  <regions eden="33" other="2" />
  <remembered-set-cleared processed="78" cleared="7" durationms="0.141" />
  <stringconstants candidates="13711" cleared="0"  />
</gc-op>
<gc-op id="4881" type="classunload" timems="0.004" contextid="4877" timestamp="2019-06-16T02:56:33.554">
  <classunload-info classloadercandidates="54" classloadersunloaded="0" classesunloaded="0" anonymousclassesunloaded="0" quiescems="0.000" setupms="0.004" scanms="0.000" postms="0.000" />
</gc-op>
<gc-end id="4882" type="partial gc" contextid="4877" durationms="2.349" usertimems="0.000" systemtimems="4.000" timestamp="2019-06-16T02:56:33.554" activeThreads="1">
  <mem-info id="4883" free="68157440" total="113246208" percent="60">
    <mem type="eden" free="1048320" total="1048576" percent="99" />
    <remembered-set count="2784" freebytes="4509312" totalbytes="4520448" percent="99" regionsoverflowed="0" regionsstable="18" regionsrebuilding="0"/>
  </mem-info>
</gc-end>
<cycle-end id="4884" type="partial gc" contextid="4877" timestamp="2019-06-16T02:56:33.555" />
  <attribute name="elasticGC enabled" value="1" />
  <attribute name= "numThreadsSpecified" value="1" />
  <attribute name="heapSize specified" value="0" />
  <attribute name="Current GC Util" value="269" />
  <attribute name= "Current Time Running" value="65918" />
  <attribute name ="GC Interval" value="0" />
  <attribute name="ProportionalT" value="373.500000" />
  <attribute name="ProportionalI" value="373.500000" />
  <attribute name="ProportionalH" value="373.500000" />
  <attribute name="Current Error" value="249.000000" />
  <attribute name="IntegralT" value="0.000000" />
  <attribute name="IntegralI" value="0.000000" />
  <attribute name="IntegralH" value="0.000000" />
  <attribute name="DerivativeT" value="inf" />
  <attribute name="DerivativeI" value="inf" />
  <attribute name="DerivativeH" value="inf" />
  <attribute name="Loop Time for DT" value="0.000000" />
  <attribute name="Output H" value="8388608"/>
  <attribute name="Output I" value="200"/>
  <attribute name="Output T" value="1"/>
  <attribute name="Target GC Util Change" value ="20.000000" />
  <attribute name="Current GC Util Change" value="269.000000"/>
  <attribute name="GC Util currently" value="269" />
  <attribute name="CPU Util currently" value="13303464736357" />
<exclusive-end id="4885" timestamp="2019-06-16T02:56:33.555" durationms="3.329" />

<exclusive-start id="4886" timestamp="2019-06-16T02:56:33.565" intervalms="13.915">
  <response-info timems="0.093" idlems="0.093" threads="0" lastid="0000000001916700" lastname="main" />
</exclusive-start>
<allocation-taxation id="4887" taxation-threshold="34603008" timestamp="2019-06-16T02:56:33.566" intervalms="13.940" />
<cycle-start id="4888" type="partial gc" contextid="0" timestamp="2019-06-16T02:56:33.566" intervalms="13.898" />
<gc-start id="4889" type="partial gc" contextid="4888" timestamp="2019-06-16T02:56:33.566">
  <mem-info id="4890" free="33554432" total="113246208" percent="29">
    <mem type="eden" free="1048320" total="35651584" percent="2" />
    <remembered-set count="2336" freebytes="4511104" totalbytes="4520448" percent="99" regionsoverflowed="0" regionsstable="18" regionsrebuilding="0"/>
  </mem-info>
</gc-start>
<allocation-stats totalBytes="34584672" >
  <allocated-bytes non-tlh="0" tlh="34584672" arrayletleaf="0"/>
  <largest-consumer threadName="main" threadId="0000000001916700" bytes="34584672" />
</allocation-stats>
<gc-op id="4891" type="copy forward" timems="2.947" contextid="4888" timestamp="2019-06-16T02:56:33.570">
  <memory-copied type="eden" objects="22" bytes="768" bytesdiscarded="696" />
  <memory-copied type="other" objects="119" bytes="3608" bytesdiscarded="696" />
  <memory-cardclean objects="62" bytes="2168" />
  <regions eden="33" other="2" />
  <remembered-set-cleared processed="78" cleared="9" durationms="0.107" />
  <stringconstants candidates="13711" cleared="0"  />
</gc-op>
<gc-op id="4892" type="classunload" timems="0.004" contextid="4888" timestamp="2019-06-16T02:56:33.570">
  <classunload-info classloadercandidates="54" classloadersunloaded="0" classesunloaded="0" anonymousclassesunloaded="0" quiescems="0.000" setupms="0.003" scanms="0.000" postms="0.000" />
</gc-op>
<gc-end id="4893" type="partial gc" contextid="4888" durationms="4.161" usertimems="8.000" systemtimems="0.000" timestamp="2019-06-16T02:56:33.570" activeThreads="4">
  <mem-info id="4894" free="68157440" total="113246208" percent="60">
    <mem type="eden" free="1047112" total="1048576" percent="99" />
    <remembered-set count="2816" freebytes="4509184" totalbytes="4520448" percent="99" regionsoverflowed="0" regionsstable="18" regionsrebuilding="0"/>
  </mem-info>
</gc-end>
<cycle-end id="4895" type="partial gc" contextid="4888" timestamp="2019-06-16T02:56:33.570" />
  <attribute name="elasticGC enabled" value="1" />
  <attribute name= "numThreadsSpecified" value="4" />
  <attribute name="heapSize specified" value="0" />
  <attribute name="Current GC Util" value="280" />
  <attribute name= "Current Time Running" value="65932" />
  <attribute name ="GC Interval" value="0" />
  <attribute name="ProportionalT" value="390.000000" />
  <attribute name="ProportionalI" value="390.000000" />
  <attribute name="ProportionalH" value="390.000000" />
  <attribute name="Current Error" value="260.000000" />
  <attribute name="IntegralT" value="260.000000" />
  <attribute name="IntegralI" value="260.000000" />
  <attribute name="IntegralH" value="260.000000" />
  <attribute name="DerivativeT" value="260.000000" />
  <attribute name="DerivativeI" value="260.000000" />
  <attribute name="DerivativeH" value="260.000000" />
  <attribute name="Loop Time for DT" value="1.000000" />
  <attribute name="Output H" value="8388608"/>
  <attribute name="Output I" value="912"/>
  <attribute name="Output T" value="4"/>
  <attribute name="Target GC Util Change" value ="20.000000" />
  <attribute name="Current GC Util Change" value="280.000000"/>
  <attribute name="GC Util currently" value="280" />
  <attribute name="CPU Util currently" value="13552900057256" />
<exclusive-end id="4896" timestamp="2019-06-16T02:56:33.571" durationms="5.185" />

<exclusive-start id="4897" timestamp="2019-06-16T02:56:33.582" intervalms="16.427">
  <response-info timems="0.084" idlems="0.084" threads="0" lastid="0000000001916700" lastname="main" />
</exclusive-start>
<allocation-taxation id="4898" taxation-threshold="34603008" timestamp="2019-06-16T02:56:33.582" intervalms="16.428" />
<cycle-start id="4899" type="partial gc" contextid="0" timestamp="2019-06-16T02:56:33.582" intervalms="16.470" />
<gc-start id="4900" type="partial gc" contextid="4899" timestamp="2019-06-16T02:56:33.583">
  <mem-info id="4901" free="33554432" total="113246208" percent="29">
    <mem type="eden" free="0" total="34603008" percent="0" />
    <remembered-set count="2816" freebytes="4509184" totalbytes="4520448" percent="99" regionsoverflowed="0" regionsstable="18" regionsrebuilding="0"/>
  </mem-info>
</gc-start>
<allocation-stats totalBytes="34573392" >
  <allocated-bytes non-tlh="0" tlh="34573392" arrayletleaf="0"/>
  <largest-consumer threadName="main" threadId="0000000001916700" bytes="34573392" />
</allocation-stats>
<gc-op id="4902" type="copy forward" timems="1.136" contextid="4899" timestamp="2019-06-16T02:56:33.585">
  <memory-copied type="eden" objects="6" bytes="384" bytesdiscarded="0" />
  <memory-copied type="other" objects="136" bytes="4160" bytesdiscarded="0" />
  <memory-cardclean objects="51" bytes="1992" />
  <regions eden="33" other="2" />
  <remembered-set-cleared processed="78" cleared="9" durationms="0.140" />
  <stringconstants candidates="13711" cleared="0"  />
</gc-op>
<gc-op id="4903" type="classunload" timems="0.004" contextid="4899" timestamp="2019-06-16T02:56:33.585">
  <classunload-info classloadercandidates="54" classloadersunloaded="0" classesunloaded="0" anonymousclassesunloaded="0" quiescems="0.000" setupms="0.004" scanms="0.000" postms="0.000" />
</gc-op>
<heap-resize id="4904" type="expand" space="default" amount="2097152" count="1" timems="0.076" reason="excessive time being spent in gc" timestamp="2019-06-16T02:56:33.585" />
<gc-end id="4905" type="partial gc" contextid="4899" durationms="2.673" usertimems="0.000" systemtimems="0.000" timestamp="2019-06-16T02:56:33.585" activeThreads="1">
  <mem-info id="4906" free="69206016" total="115343360" percent="60">
    <mem type="eden" free="1048192" total="1048576" percent="99" />
    <remembered-set count="3168" freebytes="4591488" totalbytes="4604160" percent="99" regionsoverflowed="0" regionsstable="18" regionsrebuilding="0"/>
  </mem-info>
</gc-end>
<cycle-end id="4907" type="partial gc" contextid="4899" timestamp="2019-06-16T02:56:33.585" />
  <attribute name="elasticGC enabled" value="1" />
  <attribute name= "numThreadsSpecified" value="1" />
  <attribute name="heapSize specified" value="0" />
  <attribute name="Current GC Util" value="152" />
  <attribute name= "Current Time Running" value="65948" />
  <attribute name ="GC Interval" value="0" />
  <attribute name="ProportionalT" value="198.000000" />
  <attribute name="ProportionalI" value="198.000000" />
  <attribute name="ProportionalH" value="198.000000" />
  <attribute name="Current Error" value="132.000000" />
  <attribute name="IntegralT" value="0.000000" />
  <attribute name="IntegralI" value="0.000000" />
  <attribute name="IntegralH" value="0.000000" />
  <attribute name="DerivativeT" value="inf" />
  <attribute name="DerivativeI" value="inf" />
  <attribute name="DerivativeH" value="inf" />
  <attribute name="Loop Time for DT" value="0.000000" />
  <attribute name="Output H" value="8388608"/>
  <attribute name="Output I" value="200"/>
  <attribute name="Output T" value="1"/>
  <attribute name="Target GC Util Change" value ="20.000000" />
  <attribute name="Current GC Util Change" value="152.000000"/>
  <attribute name="GC Util currently" value="152" />
  <attribute name="CPU Util currently" value="12062056236717" />
<exclusive-end id="4908" timestamp="2019-06-16T02:56:33.586" durationms="3.801" />

<exclusive-start id="4909" timestamp="2019-06-16T02:56:33.597" intervalms="15.399">
  <response-info timems="0.080" idlems="0.080" threads="0" lastid="0000000001916700" lastname="main" />
</exclusive-start>
<allocation-taxation id="4910" taxation-threshold="35651584" timestamp="2019-06-16T02:56:33.597" intervalms="15.445" />
<cycle-start id="4911" type="partial gc" contextid="0" timestamp="2019-06-16T02:56:33.598" intervalms="15.489" />
<gc-start id="4912" type="partial gc" contextid="4911" timestamp="2019-06-16T02:56:33.598">
  <mem-info id="4913" free="33554432" total="115343360" percent="29">
    <mem type="eden" free="1048192" total="36700160" percent="2" />
    <remembered-set count="2784" freebytes="4593024" totalbytes="4604160" percent="99" regionsoverflowed="0" regionsstable="18" regionsrebuilding="0"/>
  </mem-info>
</gc-start>
<allocation-stats totalBytes="35618400" >
  <allocated-bytes non-tlh="0" tlh="35618400" arrayletleaf="0"/>
  <largest-consumer threadName="main" threadId="0000000001916700" bytes="35618400" />
</allocation-stats>
<gc-op id="4914" type="copy forward" timems="1.111" contextid="4911" timestamp="2019-06-16T02:56:33.600">
  <memory-copied type="eden" objects="6" bytes="384" bytesdiscarded="0" />
  <memory-copied type="other" objects="17" bytes="552" bytesdiscarded="0" />
  <memory-cardclean objects="36" bytes="1296" />
  <regions eden="34" other="2" />
  <remembered-set-cleared processed="80" cleared="6" durationms="0.140" />
  <stringconstants candidates="13711" cleared="0"  />
</gc-op>
<gc-op id="4915" type="classunload" timems="0.004" contextid="4911" timestamp="2019-06-16T02:56:33.600">
  <classunload-info classloadercandidates="54" classloadersunloaded="0" classesunloaded="0" anonymousclassesunloaded="0" quiescems="0.000" setupms="0.004" scanms="0.000" postms="0.000" />
</gc-op>
<gc-end id="4916" type="partial gc" contextid="4911" durationms="2.450" usertimems="4.000" systemtimems="0.000" timestamp="2019-06-16T02:56:33.600" activeThreads="1">
  <mem-info id="4917" free="69206016" total="115343360" percent="60">
    <mem type="eden" free="1048192" total="1048576" percent="99" />
    <remembered-set count="3232" freebytes="4591232" totalbytes="4604160" percent="99" regionsoverflowed="0" regionsstable="18" regionsrebuilding="0"/>
  </mem-info>
</gc-end>
<cycle-end id="4918" type="partial gc" contextid="4911" timestamp="2019-06-16T02:56:33.601" />
  <attribute name="elasticGC enabled" value="1" />
  <attribute name= "numThreadsSpecified" value="1" />
  <attribute name="heapSize specified" value="0" />
  <attribute name="Current GC Util" value="271" />
  <attribute name= "Current Time Running" value="65964" />
  <attribute name ="GC Interval" value="0" />
  <attribute name="ProportionalT" value="376.500000" />
  <attribute name="ProportionalI" value="376.500000" />
  <attribute name="ProportionalH" value="376.500000" />
  <attribute name="Current Error" value="251.000000" />
  <attribute name="IntegralT" value="0.000000" />
  <attribute name="IntegralI" value="0.000000" />
  <attribute name="IntegralH" value="0.000000" />
  <attribute name="DerivativeT" value="inf" />
  <attribute name="DerivativeI" value="inf" />
  <attribute name="DerivativeH" value="inf" />
  <attribute name="Loop Time for DT" value="0.000000" />
  <attribute name="Output H" value="8388608"/>
  <attribute name="Output I" value="200"/>
  <attribute name="Output T" value="1"/>
  <attribute name="Target GC Util Change" value ="20.000000" />
  <attribute name="Current GC Util Change" value="271.000000"/>
  <attribute name="GC Util currently" value="271" />
  <attribute name="CPU Util currently" value="12911847849634" />
<exclusive-end id="4919" timestamp="2019-06-16T02:56:33.601" durationms="3.655" />

<exclusive-start id="4920" timestamp="2019-06-16T02:56:33.624" intervalms="26.609">
  <response-info timems="0.076" idlems="0.076" threads="0" lastid="0000000001916700" lastname="main" />
</exclusive-start>
<allocation-taxation id="4921" taxation-threshold="35651584" timestamp="2019-06-16T02:56:33.624" intervalms="26.616" />
<cycle-start id="4922" type="partial gc" contextid="0" timestamp="2019-06-16T02:56:33.624" intervalms="26.593" />
<gc-start id="4923" type="partial gc" contextid="4922" timestamp="2019-06-16T02:56:33.625">
  <mem-info id="4924" free="33554432" total="115343360" percent="29">
    <mem type="eden" free="1048192" total="36700160" percent="2" />
    <remembered-set count="2816" freebytes="4592896" totalbytes="4604160" percent="99" regionsoverflowed="0" regionsstable="18" regionsrebuilding="0"/>
  </mem-info>
</gc-start>
<allocation-stats totalBytes="35629424" >
  <allocated-bytes non-tlh="0" tlh="35629424" arrayletleaf="0"/>
  <largest-consumer threadName="main" threadId="0000000001916700" bytes="35629424" />
</allocation-stats>
<gc-op id="4925" type="copy forward" timems="1.083" contextid="4922" timestamp="2019-06-16T02:56:33.627">
  <memory-copied type="eden" objects="45" bytes="1896" bytesdiscarded="0" />
  <memory-copied type="other" objects="6" bytes="144" bytesdiscarded="0" />
  <memory-cardclean objects="47" bytes="1472" />
  <regions eden="34" other="2" />
  <remembered-set-cleared processed="80" cleared="6" durationms="0.141" />
  <stringconstants candidates="13711" cleared="0"  />
</gc-op>
<gc-op id="4926" type="classunload" timems="0.004" contextid="4922" timestamp="2019-06-16T02:56:33.627">
  <classunload-info classloadercandidates="54" classloadersunloaded="0" classesunloaded="0" anonymousclassesunloaded="0" quiescems="0.000" setupms="0.004" scanms="0.000" postms="0.000" />
</gc-op>
<gc-end id="4927" type="partial gc" contextid="4922" durationms="2.384" usertimems="0.000" systemtimems="0.000" timestamp="2019-06-16T02:56:33.627" activeThreads="1">
  <mem-info id="4928" free="69206016" total="115343360" percent="60">
    <mem type="eden" free="1046680" total="1048576" percent="99" />
    <remembered-set count="3264" freebytes="4591104" totalbytes="4604160" percent="99" regionsoverflowed="0" regionsstable="18" regionsrebuilding="0"/>
  </mem-info>
</gc-end>
<cycle-end id="4929" type="partial gc" contextid="4922" timestamp="2019-06-16T02:56:33.627" />
  <attribute name="elasticGC enabled" value="1" />
  <attribute name= "numThreadsSpecified" value="1" />
  <attribute name="heapSize specified" value="0" />
  <attribute name="Current GC Util" value="271" />
  <attribute name= "Current Time Running" value="65990" />
  <attribute name ="GC Interval" value="0" />
  <attribute name="ProportionalT" value="376.500000" />
  <attribute name="ProportionalI" value="376.500000" />
  <attribute name="ProportionalH" value="376.500000" />
  <attribute name="Current Error" value="251.000000" />
  <attribute name="IntegralT" value="0.000000" />
  <attribute name="IntegralI" value="0.000000" />
  <attribute name="IntegralH" value="0.000000" />
  <attribute name="DerivativeT" value="inf" />
  <attribute name="DerivativeI" value="inf" />
  <attribute name="DerivativeH" value="inf" />
  <attribute name="Loop Time for DT" value="0.000000" />
  <attribute name="Output H" value="8388608"/>
  <attribute name="Output I" value="200"/>
  <attribute name="Output T" value="1"/>
  <attribute name="Target GC Util Change" value ="20.000000" />
  <attribute name="Current GC Util Change" value="271.000000"/>
  <attribute name="GC Util currently" value="271" />
  <attribute name="CPU Util currently" value="12608571681519" />
<exclusive-end id="4930" timestamp="2019-06-16T02:56:33.627" durationms="3.581" />

<exclusive-start id="4931" timestamp="2019-06-16T02:56:33.665" intervalms="41.039">
  <response-info timems="0.115" idlems="0.115" threads="0" lastid="0000000001916700" lastname="main" />
</exclusive-start>
<allocation-taxation id="4932" taxation-threshold="35651584" timestamp="2019-06-16T02:56:33.665" intervalms="41.056" />
<cycle-start id="4933" type="partial gc" contextid="0" timestamp="2019-06-16T02:56:33.665" intervalms="41.057" />
<gc-start id="4934" type="partial gc" contextid="4933" timestamp="2019-06-16T02:56:33.666">
  <mem-info id="4935" free="33554432" total="115343360" percent="29">
    <mem type="eden" free="0" total="35651584" percent="0" />
    <remembered-set count="2848" freebytes="4592768" totalbytes="4604160" percent="99" regionsoverflowed="0" regionsstable="18" regionsrebuilding="0"/>
  </mem-info>
</gc-start>
<allocation-stats totalBytes="35644112" >
  <allocated-bytes non-tlh="0" tlh="35644112" arrayletleaf="0"/>
  <largest-consumer threadName="main" threadId="0000000001916700" bytes="35644112" />
</allocation-stats>
<gc-op id="4936" type="copy forward" timems="2.851" contextid="4933" timestamp="2019-06-16T02:56:33.669">
  <memory-copied type="eden" objects="31" bytes="1504" bytesdiscarded="0" />
  <memory-copied type="other" objects="23" bytes="712" bytesdiscarded="2112" />
  <memory-cardclean objects="36" bytes="1296" />
  <regions eden="34" other="2" />
  <remembered-set-cleared processed="80" cleared="6" durationms="0.105" />
  <stringconstants candidates="13711" cleared="0"  />
</gc-op>
<gc-op id="4937" type="classunload" timems="0.004" contextid="4933" timestamp="2019-06-16T02:56:33.670">
  <classunload-info classloadercandidates="54" classloadersunloaded="0" classesunloaded="0" anonymousclassesunloaded="0" quiescems="0.000" setupms="0.004" scanms="0.000" postms="0.000" />
</gc-op>
<gc-end id="4938" type="partial gc" contextid="4933" durationms="4.084" usertimems="8.000" systemtimems="0.000" timestamp="2019-06-16T02:56:33.670" activeThreads="4">
  <mem-info id="4939" free="68157440" total="115343360" percent="59">
    <mem type="eden" free="1047072" total="1048576" percent="99" />
    <remembered-set count="2848" freebytes="4592768" totalbytes="4604160" percent="99" regionsoverflowed="0" regionsstable="18" regionsrebuilding="0"/>
  </mem-info>
</gc-end>
<cycle-end id="4940" type="partial gc" contextid="4933" timestamp="2019-06-16T02:56:33.670" />
  <attribute name="elasticGC enabled" value="1" />
  <attribute name= "numThreadsSpecified" value="4" />
  <attribute name="heapSize specified" value="0" />
  <attribute name="Current GC Util" value="272" />
  <attribute name= "Current Time Running" value="66032" />
  <attribute name ="GC Interval" value="0" />
  <attribute name="ProportionalT" value="378.000000" />
  <attribute name="ProportionalI" value="378.000000" />
  <attribute name="ProportionalH" value="378.000000" />
  <attribute name="Current Error" value="252.000000" />
  <attribute name="IntegralT" value="252.000000" />
  <attribute name="IntegralI" value="252.000000" />
  <attribute name="IntegralH" value="252.000000" />
  <attribute name="DerivativeT" value="252.000000" />
  <attribute name="DerivativeI" value="252.000000" />
  <attribute name="DerivativeH" value="252.000000" />
  <attribute name="Loop Time for DT" value="1.000000" />
  <attribute name="Output H" value="8388608"/>
  <attribute name="Output I" value="888"/>
  <attribute name="Output T" value="4"/>
  <attribute name="Target GC Util Change" value ="20.000000" />
  <attribute name="Current GC Util Change" value="272.000000"/>
  <attribute name="GC Util currently" value="272" />
  <attribute name="CPU Util currently" value="13001432061396" />
<exclusive-end id="4941" timestamp="2019-06-16T02:56:33.670" durationms="5.236" />

<exclusive-start id="4942" timestamp="2019-06-16T02:56:33.864" intervalms="198.766">
  <response-info timems="0.084" idlems="0.084" threads="0" lastid="0000000001916700" lastname="main" />
</exclusive-start>
<allocation-taxation id="4943" taxation-threshold="35651584" timestamp="2019-06-16T02:56:33.864" intervalms="198.789" />
<cycle-start id="4944" type="partial gc" contextid="0" timestamp="2019-06-16T02:56:33.864" intervalms="198.770" />
<gc-start id="4945" type="partial gc" contextid="4944" timestamp="2019-06-16T02:56:33.864">
  <mem-info id="4946" free="32505856" total="115343360" percent="28">
    <mem type="eden" free="1047072" total="36700160" percent="2" />
    <remembered-set count="2848" freebytes="4592768" totalbytes="4604160" percent="99" regionsoverflowed="0" regionsstable="18" regionsrebuilding="0"/>
  </mem-info>
</gc-start>
<allocation-stats totalBytes="35573608" >
  <allocated-bytes non-tlh="0" tlh="35573608" arrayletleaf="0"/>
  <largest-consumer threadName="main" threadId="0000000001916700" bytes="35573608" />
</allocation-stats>
<gc-op id="4947" type="copy forward" timems="1.266" contextid="4944" timestamp="2019-06-16T02:56:33.867">
  <memory-copied type="eden" objects="67" bytes="35784" bytesdiscarded="0" />
  <memory-copied type="other" objects="6" bytes="144" bytesdiscarded="0" />
  <memory-cardclean objects="80" bytes="2720" />
  <regions eden="34" other="2" />
  <remembered-set-cleared processed="82" cleared="10" durationms="0.137" />
  <stringconstants candidates="13711" cleared="0"  />
</gc-op>
<gc-op id="4948" type="classunload" timems="0.003" contextid="4944" timestamp="2019-06-16T02:56:33.867">
  <classunload-info classloadercandidates="54" classloadersunloaded="0" classesunloaded="0" anonymousclassesunloaded="0" quiescems="0.000" setupms="0.003" scanms="0.000" postms="0.000" />
</gc-op>
<heap-resize id="4949" type="contract" space="default" amount="6291456" count="1" timems="0.062" reason="insufficient time being spent in gc" timestamp="2019-06-16T02:56:33.867" />
<gc-end id="4950" type="partial gc" contextid="4944" durationms="2.973" usertimems="4.000" systemtimems="0.000" timestamp="2019-06-16T02:56:33.867" activeThreads="1">
  <mem-info id="4951" free="61865984" total="109051904" percent="56">
    <mem type="eden" free="1012792" total="1048576" percent="96" />
    <remembered-set count="3136" freebytes="4591616" totalbytes="4604160" percent="99" regionsoverflowed="0" regionsstable="18" regionsrebuilding="0"/>
  </mem-info>
</gc-end>
<cycle-end id="4952" type="partial gc" contextid="4944" timestamp="2019-06-16T02:56:33.868" />
  <attribute name="elasticGC enabled" value="1" />
  <attribute name= "numThreadsSpecified" value="1" />
  <attribute name="heapSize specified" value="0" />
  <attribute name="Current GC Util" value="147" />
  <attribute name= "Current Time Running" value="66230" />
  <attribute name ="GC Interval" value="0" />
  <attribute name="ProportionalT" value="190.500000" />
  <attribute name="ProportionalI" value="190.500000" />
  <attribute name="ProportionalH" value="190.500000" />
  <attribute name="Current Error" value="127.000000" />
  <attribute name="IntegralT" value="0.000000" />
  <attribute name="IntegralI" value="0.000000" />
  <attribute name="IntegralH" value="0.000000" />
  <attribute name="DerivativeT" value="inf" />
  <attribute name="DerivativeI" value="inf" />
  <attribute name="DerivativeH" value="inf" />
  <attribute name="Loop Time for DT" value="0.000000" />
  <attribute name="Output H" value="8388608"/>
  <attribute name="Output I" value="200"/>
  <attribute name="Output T" value="1"/>
  <attribute name="Target GC Util Change" value ="20.000000" />
  <attribute name="Current GC Util Change" value="147.000000"/>
  <attribute name="GC Util currently" value="147" />
  <attribute name="CPU Util currently" value="11322577855544" />
<exclusive-end id="4953" timestamp="2019-06-16T02:56:33.868" durationms="4.335" />

<exclusive-start id="4954" timestamp="2019-06-16T02:56:33.874" intervalms="10.529">
  <response-info timems="0.122" idlems="0.122" threads="0" lastid="0000000001916700" lastname="main" />
</exclusive-start>
<allocation-taxation id="4955" taxation-threshold="33554432" timestamp="2019-06-16T02:56:33.875" intervalms="10.596" />
<cycle-start id="4956" type="partial gc" contextid="0" timestamp="2019-06-16T02:56:33.875" intervalms="10.622" />
<gc-start id="4957" type="partial gc" contextid="4956" timestamp="2019-06-16T02:56:33.875">
  <mem-info id="4958" free="28311552" total="109051904" percent="25">
    <mem type="eden" free="0" total="33554432" percent="0" />
    <remembered-set count="2752" freebytes="4593152" totalbytes="4604160" percent="99" regionsoverflowed="0" regionsstable="18" regionsrebuilding="0"/>
  </mem-info>
</gc-start>
<allocation-stats totalBytes="31393624" >
  <allocated-bytes non-tlh="0" tlh="31393624" arrayletleaf="0"/>
  <largest-consumer threadName="main" threadId="0000000001916700" bytes="31393624" />
</allocation-stats>
<gc-op id="4959" type="copy forward" timems="3.208" contextid="4956" timestamp="2019-06-16T02:56:33.880">
  <memory-copied type="eden" objects="12" bytes="10976" bytesdiscarded="1464" />
  <memory-copied type="other" objects="55" bytes="1952" bytesdiscarded="96" />
  <memory-cardclean objects="52" bytes="2112" />
  <regions eden="32" other="1" />
  <remembered-set-cleared processed="83" cleared="8" durationms="0.101" />
  <stringconstants candidates="13711" cleared="0"  />
</gc-op>
<gc-op id="4960" type="classunload" timems="0.003" contextid="4956" timestamp="2019-06-16T02:56:33.880">
  <classunload-info classloadercandidates="54" classloadersunloaded="0" classesunloaded="0" anonymousclassesunloaded="0" quiescems="0.000" setupms="0.003" scanms="0.000" postms="0.000" />
</gc-op>
<heap-resize id="4961" type="contract" space="default" amount="6291456" count="1" timems="0.061" reason="insufficient time being spent in gc" timestamp="2019-06-16T02:56:33.880" />
<gc-end id="4962" type="partial gc" contextid="4956" durationms="5.263" usertimems="12.000" systemtimems="0.000" timestamp="2019-06-16T02:56:33.880" activeThreads="4">
  <mem-info id="4963" free="54525952" total="102760448" percent="53">
    <mem type="eden" free="1036136" total="1048576" percent="98" />
    <remembered-set count="2880" freebytes="4341504" totalbytes="4353024" percent="99" regionsoverflowed="0" regionsstable="18" regionsrebuilding="0"/>
  </mem-info>
</gc-end>
<cycle-end id="4964" type="partial gc" contextid="4956" timestamp="2019-06-16T02:56:33.881" />
  <attribute name="elasticGC enabled" value="1" />
  <attribute name= "numThreadsSpecified" value="4" />
  <attribute name="heapSize specified" value="0" />
  <attribute name="Current GC Util" value="137" />
  <attribute name= "Current Time Running" value="66242" />
  <attribute name ="GC Interval" value="0" />
  <attribute name="ProportionalT" value="175.500000" />
  <attribute name="ProportionalI" value="175.500000" />
  <attribute name="ProportionalH" value="175.500000" />
  <attribute name="Current Error" value="117.000000" />
  <attribute name="IntegralT" value="117.000000" />
  <attribute name="IntegralI" value="117.000000" />
  <attribute name="IntegralH" value="117.000000" />
  <attribute name="DerivativeT" value="116.000000" />
  <attribute name="DerivativeI" value="116.000000" />
  <attribute name="DerivativeH" value="116.000000" />
  <attribute name="Loop Time for DT" value="1.000000" />
  <attribute name="Output H" value="8388608"/>
  <attribute name="Output I" value="408"/>
  <attribute name="Output T" value="4"/>
  <attribute name="Target GC Util Change" value ="20.000000" />
  <attribute name="Current GC Util Change" value="137.000000"/>
  <attribute name="GC Util currently" value="137" />
  <attribute name="CPU Util currently" value="5835730415035" />
<exclusive-end id="4965" timestamp="2019-06-16T02:56:33.881" durationms="6.775" />

<exclusive-start id="4966" timestamp="2019-06-16T02:56:33.887" intervalms="12.707">
  <response-info timems="0.162" idlems="0.162" threads="0" lastid="0000000001916700" lastname="main" />
</exclusive-start>
<allocation-taxation id="4967" taxation-threshold="32505856" timestamp="2019-06-16T02:56:33.887" intervalms="12.700" />
<cycle-start id="4968" type="partial gc" contextid="0" timestamp="2019-06-16T02:56:33.887" intervalms="12.698" />
<gc-start id="4969" type="partial gc" contextid="4968" timestamp="2019-06-16T02:56:33.888">
  <mem-info id="4970" free="22020096" total="102760448" percent="21">
    <mem type="eden" free="1036136" total="33554432" percent="3" />
    <remembered-set count="2880" freebytes="4341504" totalbytes="4353024" percent="99" regionsoverflowed="0" regionsstable="18" regionsrebuilding="0"/>
  </mem-info>
</gc-start>
<allocation-stats totalBytes="30545696" >
  <allocated-bytes non-tlh="0" tlh="30545696" arrayletleaf="0"/>
  <largest-consumer threadName="main" threadId="0000000001916700" bytes="30545696" />
</allocation-stats>
<gc-op id="4971" type="copy forward" timems="3.110" contextid="4968" timestamp="2019-06-16T02:56:33.892">
  <memory-copied type="eden" objects="12" bytes="36184" bytesdiscarded="1896" />
  <memory-copied type="other" objects="0" bytes="0" bytesdiscarded="0" />
  <memory-cardclean objects="15" bytes="616" />
  <regions eden="31" other="1" />
  <remembered-set-cleared processed="89" cleared="1" durationms="0.104" />
  <stringconstants candidates="13711" cleared="0"  />
</gc-op>
<gc-op id="4972" type="classunload" timems="0.004" contextid="4968" timestamp="2019-06-16T02:56:33.892">
  <classunload-info classloadercandidates="54" classloadersunloaded="0" classesunloaded="0" anonymousclassesunloaded="0" quiescems="0.000" setupms="0.004" scanms="0.000" postms="0.000" />
</gc-op>
<gc-end id="4973" type="partial gc" contextid="4968" durationms="4.794" usertimems="8.000" systemtimems="0.000" timestamp="2019-06-16T02:56:33.893" activeThreads="4">
  <mem-info id="4974" free="54525952" total="102760448" percent="53">
    <mem type="eden" free="1010496" total="1048576" percent="96" />
    <remembered-set count="2080" freebytes="4093568" totalbytes="4101888" percent="99" regionsoverflowed="0" regionsstable="18" regionsrebuilding="0"/>
  </mem-info>
</gc-end>
<cycle-end id="4975" type="partial gc" contextid="4968" timestamp="2019-06-16T02:56:33.893" />
  <attribute name="elasticGC enabled" value="1" />
  <attribute name= "numThreadsSpecified" value="4" />
  <attribute name="heapSize specified" value="0" />
  <attribute name="Current GC Util" value="83" />
  <attribute name= "Current Time Running" value="66254" />
  <attribute name ="GC Interval" value="0" />
  <attribute name="ProportionalT" value="94.500000" />
  <attribute name="ProportionalI" value="94.500000" />
  <attribute name="ProportionalH" value="94.500000" />
  <attribute name="Current Error" value="63.000000" />
  <attribute name="IntegralT" value="63.000000" />
  <attribute name="IntegralI" value="63.000000" />
  <attribute name="IntegralH" value="63.000000" />
  <attribute name="DerivativeT" value="8.000000" />
  <attribute name="DerivativeI" value="8.000000" />
  <attribute name="DerivativeH" value="8.000000" />
  <attribute name="Loop Time for DT" value="1.000000" />
  <attribute name="Output H" value="8388608"/>
  <attribute name="Output I" value="200"/>
  <attribute name="Output T" value="4"/>
  <attribute name="Target GC Util Change" value ="20.000000" />
  <attribute name="Current GC Util Change" value="83.000000"/>
  <attribute name="GC Util currently" value="83" />
  <attribute name="CPU Util currently" value="6157395399585" />
<exclusive-end id="4976" timestamp="2019-06-16T02:56:33.893" durationms="6.173" />

<exclusive-start id="4977" timestamp="2019-06-16T02:56:33.972" intervalms="84.667">
  <response-info timems="0.114" idlems="0.114" threads="0" lastid="0000000001916700" lastname="main" />
</exclusive-start>
<allocation-taxation id="4978" taxation-threshold="15728640" timestamp="2019-06-16T02:56:33.972" intervalms="84.601" />
<cycle-start id="4979" type="global mark phase" contextid="0" timestamp="2019-06-16T02:56:33.972" intervalms="2500.108" />
<gc-start id="4980" type="global mark phase" contextid="4979" timestamp="2019-06-16T02:56:33.972">
  <mem-info id="4981" free="38797312" total="102760448" percent="37">
    <remembered-set count="2080" freebytes="4093568" totalbytes="4101888" percent="99" regionsoverflowed="0" regionsstable="18" regionsrebuilding="0"/>
  </mem-info>
</gc-start>
<gc-op id="4982" type="mark increment" timems="1.497" contextid="4979" timestamp="2019-06-16T02:56:33.974">
  <trace-info objectcount="179" scancount="0" scanbytes="0" />
</gc-op>
<gc-end id="4983" type="global mark phase" contextid="4979" durationms="1.797" usertimems="4.000" systemtimems="0.000" timestamp="2019-06-16T02:56:33.974" activeThreads="4">
  <mem-info id="4984" free="38797312" total="102760448" percent="37">
    <remembered-set count="2080" freebytes="4093568" totalbytes="4101888" percent="99" regionsoverflowed="0" regionsstable="0" regionsrebuilding="18"/>
  </mem-info>
</gc-end>
<concurrent-start id="4985" type="GMP work packet processing" contextid="4979" timestamp="2019-06-16T02:56:33.974">
  <concurrent-mark-start scanTarget="2217906" />
</concurrent-start>
<exclusive-end id="4986" timestamp="2019-06-16T02:56:33.974" durationms="2.717" />

<concurrent-end id="4987" type="GMP work packet processing" contextid="4979" timestamp="2019-06-16T02:56:33.977">
  <concurrent-mark-end bytesScanned="2275112" reasonForTermination="Work target met" />
</concurrent-end>

<exclusive-start id="4988" timestamp="2019-06-16T02:56:34.030" intervalms="58.850">
  <response-info timems="0.077" idlems="0.077" threads="0" lastid="0000000001916700" lastname="main" />
</exclusive-start>
<allocation-taxation id="4989" taxation-threshold="15728640" timestamp="2019-06-16T02:56:34.031" intervalms="58.777" />
<cycle-start id="4990" type="partial gc" contextid="0" timestamp="2019-06-16T02:56:34.031" intervalms="143.417" />
<gc-start id="4991" type="partial gc" contextid="4990" timestamp="2019-06-16T02:56:34.031">
  <mem-info id="4992" free="23068672" total="102760448" percent="22">
    <mem type="eden" free="1010496" total="32505856" percent="3" />
    <remembered-set count="24416" freebytes="4004224" totalbytes="4101888" percent="97" regionsoverflowed="0" regionsstable="0" regionsrebuilding="18"/>
  </mem-info>
</gc-start>
<allocation-stats totalBytes="31454344" >
  <allocated-bytes non-tlh="0" tlh="31454344" arrayletleaf="0"/>
  <largest-consumer threadName="main" threadId="0000000001916700" bytes="15726304" />
</allocation-stats>
<gc-op id="4993" type="copy forward" timems="1.589" contextid="4990" timestamp="2019-06-16T02:56:34.034">
  <memory-copied type="eden" objects="49" bytes="41200" bytesdiscarded="0" />
  <memory-copied type="other" objects="0" bytes="0" bytesdiscarded="0" />
  <memory-cardclean objects="101" bytes="2872" />
  <regions eden="30" other="1" />
  <remembered-set-cleared processed="21413" cleared="84" durationms="0.267" />
  <stringconstants candidates="13711" cleared="0"  />
</gc-op>
<gc-op id="4994" type="classunload" timems="0.004" contextid="4990" timestamp="2019-06-16T02:56:34.034">
  <classunload-info classloadercandidates="54" classloadersunloaded="0" classesunloaded="0" anonymousclassesunloaded="0" quiescems="0.000" setupms="0.003" scanms="0.000" postms="0.000" />
</gc-op>
<gc-end id="4995" type="partial gc" contextid="4990" durationms="3.038" usertimems="4.000" systemtimems="0.000" timestamp="2019-06-16T02:56:34.034" activeThreads="1">
  <mem-info id="4996" free="54525952" total="102760448" percent="53">
    <mem type="eden" free="1007376" total="1048576" percent="96" />
    <remembered-set count="24768" freebytes="4002816" totalbytes="4101888" percent="97" regionsoverflowed="0" regionsstable="0" regionsrebuilding="18"/>
  </mem-info>
</gc-end>
<cycle-end id="4997" type="partial gc" contextid="4990" timestamp="2019-06-16T02:56:34.034" />
  <attribute name="elasticGC enabled" value="1" />
  <attribute name= "numThreadsSpecified" value="1" />
  <attribute name="heapSize specified" value="0" />
  <attribute name="Current GC Util" value="142" />
  <attribute name= "Current Time Running" value="66397" />
  <attribute name ="GC Interval" value="0" />
  <attribute name="ProportionalT" value="183.000000" />
  <attribute name="ProportionalI" value="183.000000" />
  <attribute name="ProportionalH" value="183.000000" />
  <attribute name="Current Error" value="122.000000" />
  <attribute name="IntegralT" value="0.000000" />
  <attribute name="IntegralI" value="0.000000" />
  <attribute name="IntegralH" value="0.000000" />
  <attribute name="DerivativeT" value="inf" />
  <attribute name="DerivativeI" value="inf" />
  <attribute name="DerivativeH" value="inf" />
  <attribute name="Loop Time for DT" value="0.000000" />
  <attribute name="Output H" value="8388608"/>
  <attribute name="Output I" value="200"/>
  <attribute name="Output T" value="1"/>
  <attribute name="Target GC Util Change" value ="20.000000" />
  <attribute name="Current GC Util Change" value="142.000000"/>
  <attribute name="GC Util currently" value="142" />
  <attribute name="CPU Util currently" value="11839194612272" />
<exclusive-end id="4998" timestamp="2019-06-16T02:56:34.035" durationms="4.336" />

<exclusive-start id="4999" timestamp="2019-06-16T02:56:34.045" intervalms="14.417">
  <response-info timems="0.092" idlems="0.092" threads="0" lastid="0000000001916700" lastname="main" />
</exclusive-start>
<allocation-taxation id="5000" taxation-threshold="15728640" timestamp="2019-06-16T02:56:34.045" intervalms="14.467" />
<gc-start id="5001" type="global mark phase" contextid="4979" timestamp="2019-06-16T02:56:34.045">
  <mem-info id="5002" free="38797312" total="102760448" percent="37">
    <remembered-set count="24480" freebytes="4003968" totalbytes="4101888" percent="97" regionsoverflowed="0" regionsstable="0" regionsrebuilding="18"/>
  </mem-info>
</gc-start>
<gc-end id="5003" type="global mark phase" contextid="4979" durationms="0.211" usertimems="0.000" systemtimems="0.000" timestamp="2019-06-16T02:56:34.045" activeThreads="1">
  <mem-info id="5004" free="38797312" total="102760448" percent="37">
    <remembered-set count="24480" freebytes="4003968" totalbytes="4101888" percent="97" regionsoverflowed="0" regionsstable="0" regionsrebuilding="18"/>
  </mem-info>
</gc-end>
<concurrent-start id="5005" type="GMP work packet processing" contextid="4979" timestamp="2019-06-16T02:56:34.046">
  <concurrent-mark-start scanTarget="1048576" />
</concurrent-start>
<exclusive-end id="5006" timestamp="2019-06-16T02:56:34.046" durationms="1.002" />

<concurrent-end id="5007" type="GMP work packet processing" contextid="4979" timestamp="2019-06-16T02:56:34.047">
  <concurrent-mark-end bytesScanned="1103380" reasonForTermination="Work target met" />
</concurrent-end>

<exclusive-start id="5008" timestamp="2019-06-16T02:56:34.056" intervalms="11.023">
  <response-info timems="0.062" idlems="0.062" threads="0" lastid="0000000001916700" lastname="main" />
</exclusive-start>
<allocation-taxation id="5009" taxation-threshold="15728640" timestamp="2019-06-16T02:56:34.056" intervalms="10.983" />
<cycle-start id="5010" type="partial gc" contextid="0" timestamp="2019-06-16T02:56:34.056" intervalms="25.379" />
<gc-start id="5011" type="partial gc" contextid="5010" timestamp="2019-06-16T02:56:34.056">
  <mem-info id="5012" free="23068672" total="102760448" percent="22">
    <mem type="eden" free="0" total="31457280" percent="0" />
    <remembered-set count="35808" freebytes="3958656" totalbytes="4101888" percent="96" regionsoverflowed="0" regionsstable="0" regionsrebuilding="18"/>
  </mem-info>
</gc-start>
<allocation-stats totalBytes="31453512" >
  <allocated-bytes non-tlh="0" tlh="31453512" arrayletleaf="0"/>
  <largest-consumer threadName="main" threadId="0000000001916700" bytes="15726864" />
</allocation-stats>
<gc-op id="5013" type="copy forward" timems="1.593" contextid="5010" timestamp="2019-06-16T02:56:34.059">
  <memory-copied type="eden" objects="1" bytes="24" bytesdiscarded="0" />
  <memory-copied type="other" objects="48" bytes="41176" bytesdiscarded="0" />
  <memory-cardclean objects="73" bytes="2336" />
  <regions eden="30" other="1" />
  <remembered-set-cleared processed="32291" cleared="53" durationms="0.326" />
  <stringconstants candidates="13711" cleared="0"  />
</gc-op>
<gc-op id="5014" type="classunload" timems="0.004" contextid="5010" timestamp="2019-06-16T02:56:34.059">
  <classunload-info classloadercandidates="54" classloadersunloaded="0" classesunloaded="0" anonymousclassesunloaded="0" quiescems="0.000" setupms="0.003" scanms="0.000" postms="0.000" />
</gc-op>
<gc-end id="5015" type="partial gc" contextid="5010" durationms="2.956" usertimems="0.000" systemtimems="0.000" timestamp="2019-06-16T02:56:34.059" activeThreads="1">
  <mem-info id="5016" free="53477376" total="102760448" percent="52">
    <mem type="eden" free="1048552" total="1048576" percent="99" />
    <remembered-set count="36128" freebytes="3957376" totalbytes="4101888" percent="96" regionsoverflowed="0" regionsstable="0" regionsrebuilding="18"/>
  </mem-info>
</gc-end>
<cycle-end id="5017" type="partial gc" contextid="5010" timestamp="2019-06-16T02:56:34.060" />
  <attribute name="elasticGC enabled" value="1" />
  <attribute name= "numThreadsSpecified" value="1" />
  <attribute name="heapSize specified" value="0" />
  <attribute name="Current GC Util" value="159" />
  <attribute name= "Current Time Running" value="66422" />
  <attribute name ="GC Interval" value="0" />
  <attribute name="ProportionalT" value="208.500000" />
  <attribute name="ProportionalI" value="208.500000" />
  <attribute name="ProportionalH" value="208.500000" />
  <attribute name="Current Error" value="139.000000" />
  <attribute name="IntegralT" value="0.000000" />
  <attribute name="IntegralI" value="0.000000" />
  <attribute name="IntegralH" value="0.000000" />
  <attribute name="DerivativeT" value="inf" />
  <attribute name="DerivativeI" value="inf" />
  <attribute name="DerivativeH" value="inf" />
  <attribute name="Loop Time for DT" value="0.000000" />
  <attribute name="Output H" value="8388608"/>
  <attribute name="Output I" value="200"/>
  <attribute name="Output T" value="1"/>
  <attribute name="Target GC Util Change" value ="20.000000" />
  <attribute name="Current GC Util Change" value="159.000000"/>
  <attribute name="GC Util currently" value="159" />
  <attribute name="CPU Util currently" value="12168871636486" />
<exclusive-end id="5018" timestamp="2019-06-16T02:56:34.060" durationms="4.092" />

<exclusive-start id="5019" timestamp="2019-06-16T02:56:34.073" intervalms="17.368">
  <response-info timems="0.093" idlems="0.093" threads="0" lastid="0000000001916700" lastname="main" />
</exclusive-start>
<allocation-taxation id="5020" taxation-threshold="15728640" timestamp="2019-06-16T02:56:34.073" intervalms="17.401" />
<gc-start id="5021" type="global mark phase" contextid="4979" timestamp="2019-06-16T02:56:34.074">
  <mem-info id="5022" free="37748736" total="102760448" percent="36">
    <remembered-set count="35840" freebytes="3958528" totalbytes="4101888" percent="96" regionsoverflowed="0" regionsstable="0" regionsrebuilding="18"/>
  </mem-info>
</gc-start>
<gc-end id="5023" type="global mark phase" contextid="4979" durationms="0.222" usertimems="0.000" systemtimems="0.000" timestamp="2019-06-16T02:56:34.074" activeThreads="1">
  <mem-info id="5024" free="37748736" total="102760448" percent="36">
    <remembered-set count="35840" freebytes="3958528" totalbytes="4101888" percent="96" regionsoverflowed="0" regionsstable="0" regionsrebuilding="18"/>
  </mem-info>
</gc-end>
<concurrent-start id="5025" type="GMP work packet processing" contextid="4979" timestamp="2019-06-16T02:56:34.074">
  <concurrent-mark-start scanTarget="1048576" />
</concurrent-start>
<exclusive-end id="5026" timestamp="2019-06-16T02:56:34.074" durationms="1.056" />

<concurrent-end id="5027" type="GMP work packet processing" contextid="4979" timestamp="2019-06-16T02:56:34.075">
  <concurrent-mark-end bytesScanned="1106368" reasonForTermination="Work target met" />
</concurrent-end>

<exclusive-start id="5028" timestamp="2019-06-16T02:56:34.089" intervalms="16.159">
  <response-info timems="0.074" idlems="0.074" threads="0" lastid="0000000001916700" lastname="main" />
</exclusive-start>
<allocation-taxation id="5029" taxation-threshold="15728640" timestamp="2019-06-16T02:56:34.090" intervalms="16.134" />
<cycle-start id="5030" type="partial gc" contextid="0" timestamp="2019-06-16T02:56:34.090" intervalms="33.528" />
<gc-start id="5031" type="partial gc" contextid="5030" timestamp="2019-06-16T02:56:34.090">
  <mem-info id="5032" free="22020096" total="102760448" percent="21">
    <mem type="eden" free="1048552" total="32505856" percent="3" />
    <remembered-set count="45280" freebytes="3920768" totalbytes="4101888" percent="95" regionsoverflowed="0" regionsstable="0" regionsrebuilding="18"/>
  </mem-info>
</gc-start>
<allocation-stats totalBytes="31451768" >
  <allocated-bytes non-tlh="0" tlh="31451768" arrayletleaf="0"/>
  <largest-consumer threadName="main" threadId="0000000001916700" bytes="15725592" />
</allocation-stats>
<gc-op id="5033" type="copy forward" timems="3.596" contextid="5030" timestamp="2019-06-16T02:56:34.095">
  <memory-copied type="eden" objects="45" bytes="1464" bytesdiscarded="1416" />
  <memory-copied type="other" objects="0" bytes="0" bytesdiscarded="0" />
  <memory-cardclean objects="73" bytes="2168" />
  <regions eden="30" other="1" />
  <remembered-set-cleared processed="42109" cleared="38" durationms="0.242" />
  <stringconstants candidates="13711" cleared="0"  />
</gc-op>
<gc-op id="5034" type="classunload" timems="0.004" contextid="5030" timestamp="2019-06-16T02:56:34.095">
  <classunload-info classloadercandidates="54" classloadersunloaded="0" classesunloaded="0" anonymousclassesunloaded="0" quiescems="0.000" setupms="0.004" scanms="0.000" postms="0.000" />
</gc-op>
<gc-end id="5035" type="partial gc" contextid="5030" durationms="4.814" usertimems="4.000" systemtimems="4.000" timestamp="2019-06-16T02:56:34.095" activeThreads="4">
  <mem-info id="5036" free="53477376" total="102760448" percent="52">
    <mem type="eden" free="1045696" total="1048576" percent="99" />
    <remembered-set count="45920" freebytes="3918208" totalbytes="4101888" percent="95" regionsoverflowed="0" regionsstable="0" regionsrebuilding="18"/>
  </mem-info>
</gc-end>
<cycle-end id="5037" type="partial gc" contextid="5030" timestamp="2019-06-16T02:56:34.095" />
  <attribute name="elasticGC enabled" value="1" />
  <attribute name= "numThreadsSpecified" value="4" />
  <attribute name="heapSize specified" value="0" />
  <attribute name="Current GC Util" value="0" />
  <attribute name= "Current Time Running" value="66456" />
  <attribute name ="GC Interval" value="0" />
  <attribute name="ProportionalT" value="-30.000000" />
  <attribute name="ProportionalI" value="-30.000000" />
  <attribute name="ProportionalH" value="-30.000000" />
  <attribute name="Current Error" value="-20.000000" />
  <attribute name="IntegralT" value="0.000000" />
  <attribute name="IntegralI" value="0.000000" />
  <attribute name="IntegralH" value="0.000000" />
  <attribute name="DerivativeT" value="-inf" />
  <attribute name="DerivativeI" value="-inf" />
  <attribute name="DerivativeH" value="-inf" />
  <attribute name="Loop Time for DT" value="0.000000" />
  <attribute name="Output H" value="2091843584"/>
  <attribute name="Output I" value="200"/>
  <attribute name="Output T" value="4"/>
  <attribute name="Target GC Util Change" value ="20.000000" />
  <attribute name="Current GC Util Change" value="0.000000"/>
  <attribute name="GC Util currently" value="0" />
  <attribute name="CPU Util currently" value="15100725157317" />
<exclusive-end id="5038" timestamp="2019-06-16T02:56:34.095" durationms="5.969" />

<exclusive-start id="5039" timestamp="2019-06-16T02:56:34.108" intervalms="19.114">
  <response-info timems="0.070" idlems="0.070" threads="0" lastid="0000000001916700" lastname="main" />
</exclusive-start>
<allocation-taxation id="5040" taxation-threshold="15728640" timestamp="2019-06-16T02:56:34.109" intervalms="19.123" />
<gc-start id="5041" type="global mark phase" contextid="4979" timestamp="2019-06-16T02:56:34.109">
  <mem-info id="5042" free="37748736" total="102760448" percent="36">
    <remembered-set count="45920" freebytes="3918208" totalbytes="4101888" percent="95" regionsoverflowed="0" regionsstable="0" regionsrebuilding="18"/>
  </mem-info>
</gc-start>
<gc-end id="5043" type="global mark phase" contextid="4979" durationms="0.221" usertimems="0.000" systemtimems="0.000" timestamp="2019-06-16T02:56:34.109" activeThreads="4">
  <mem-info id="5044" free="37748736" total="102760448" percent="36">
    <remembered-set count="45920" freebytes="3918208" totalbytes="4101888" percent="95" regionsoverflowed="0" regionsstable="0" regionsrebuilding="18"/>
  </mem-info>
</gc-end>
<concurrent-start id="5045" type="GMP work packet processing" contextid="4979" timestamp="2019-06-16T02:56:34.109">
  <concurrent-mark-start scanTarget="2217906" />
</concurrent-start>
<exclusive-end id="5046" timestamp="2019-06-16T02:56:34.110" durationms="1.032" />

<concurrent-end id="5047" type="GMP work packet processing" contextid="4979" timestamp="2019-06-16T02:56:34.111">
  <concurrent-mark-end bytesScanned="2266332" reasonForTermination="Work target met" />
</concurrent-end>

<exclusive-start id="5048" timestamp="2019-06-16T02:56:34.121" intervalms="12.922">
  <response-info timems="0.087" idlems="0.087" threads="0" lastid="0000000001916700" lastname="main" />
</exclusive-start>
<allocation-taxation id="5049" taxation-threshold="15728640" timestamp="2019-06-16T02:56:34.122" intervalms="12.948" />
<cycle-start id="5050" type="partial gc" contextid="0" timestamp="2019-06-16T02:56:34.122" intervalms="32.124" />
<gc-start id="5051" type="partial gc" contextid="5050" timestamp="2019-06-16T02:56:34.122">
  <mem-info id="5052" free="22020096" total="102760448" percent="21">
    <mem type="eden" free="0" total="31457280" percent="0" />
    <remembered-set count="62592" freebytes="3851520" totalbytes="4101888" percent="93" regionsoverflowed="0" regionsstable="0" regionsrebuilding="18"/>
  </mem-info>
</gc-start>
<allocation-stats totalBytes="31446496" >
  <allocated-bytes non-tlh="0" tlh="31446496" arrayletleaf="0"/>
  <largest-consumer threadName="main" threadId="0000000001916700" bytes="15722400" />
</allocation-stats>
<gc-op id="5053" type="copy forward" timems="1.674" contextid="5050" timestamp="2019-06-16T02:56:34.125">
  <memory-copied type="eden" objects="25" bytes="904" bytesdiscarded="0" />
  <memory-copied type="other" objects="7" bytes="168" bytesdiscarded="0" />
  <memory-cardclean objects="87" bytes="2536" />
  <regions eden="30" other="1" />
  <remembered-set-cleared processed="58744" cleared="102" durationms="0.479" />
  <stringconstants candidates="13711" cleared="0"  />
</gc-op>
<gc-op id="5054" type="classunload" timems="0.004" contextid="5050" timestamp="2019-06-16T02:56:34.125">
  <classunload-info classloadercandidates="54" classloadersunloaded="0" classesunloaded="0" anonymousclassesunloaded="0" quiescems="0.000" setupms="0.004" scanms="0.000" postms="0.000" />
</gc-op>
<heap-resize id="5055" type="expand" space="default" amount="17825792" count="1" timems="0.118" reason="excessive time being spent in gc" timestamp="2019-06-16T02:56:34.125" />
<gc-end id="5056" type="partial gc" contextid="5050" durationms="3.435" usertimems="0.000" systemtimems="4.000" timestamp="2019-06-16T02:56:34.126" activeThreads="1">
  <mem-info id="5057" free="70254592" total="120586240" percent="58">
    <mem type="eden" free="1047672" total="1048576" percent="99" />
    <remembered-set count="62432" freebytes="4563712" totalbytes="4813440" percent="94" regionsoverflowed="0" regionsstable="0" regionsrebuilding="18"/>
  </mem-info>
</gc-end>
<cycle-end id="5058" type="partial gc" contextid="5050" timestamp="2019-06-16T02:56:34.126" />
  <attribute name="elasticGC enabled" value="1" />
  <attribute name= "numThreadsSpecified" value="1" />
  <attribute name="heapSize specified" value="0" />
  <attribute name="Current GC Util" value="141" />
  <attribute name= "Current Time Running" value="66488" />
  <attribute name ="GC Interval" value="0" />
  <attribute name="ProportionalT" value="181.500000" />
  <attribute name="ProportionalI" value="181.500000" />
  <attribute name="ProportionalH" value="181.500000" />
  <attribute name="Current Error" value="121.000000" />
  <attribute name="IntegralT" value="0.000000" />
  <attribute name="IntegralI" value="0.000000" />
  <attribute name="IntegralH" value="0.000000" />
  <attribute name="DerivativeT" value="inf" />
  <attribute name="DerivativeI" value="inf" />
  <attribute name="DerivativeH" value="inf" />
  <attribute name="Loop Time for DT" value="0.000000" />
  <attribute name="Output H" value="8388608"/>
  <attribute name="Output I" value="200"/>
  <attribute name="Output T" value="1"/>
  <attribute name="Target GC Util Change" value ="20.000000" />
  <attribute name="Current GC Util Change" value="141.000000"/>
  <attribute name="GC Util currently" value="141" />
  <attribute name="CPU Util currently" value="11445576348391" />
<exclusive-end id="5059" timestamp="2019-06-16T02:56:34.126" durationms="4.708" />

<exclusive-start id="5060" timestamp="2019-06-16T02:56:34.140" intervalms="18.419">
  <response-info timems="0.076" idlems="0.076" threads="0" lastid="0000000001916700" lastname="main" />
</exclusive-start>
<allocation-taxation id="5061" taxation-threshold="17825792" timestamp="2019-06-16T02:56:34.140" intervalms="18.388" />
<gc-start id="5062" type="global mark phase" contextid="4979" timestamp="2019-06-16T02:56:34.140">
  <mem-info id="5063" free="52428800" total="120586240" percent="43">
    <remembered-set count="62208" freebytes="4564608" totalbytes="4813440" percent="94" regionsoverflowed="0" regionsstable="0" regionsrebuilding="18"/>
  </mem-info>
</gc-start>
<gc-end id="5064" type="global mark phase" contextid="4979" durationms="0.199" usertimems="0.000" systemtimems="0.000" timestamp="2019-06-16T02:56:34.140" activeThreads="1">
  <mem-info id="5065" free="52428800" total="120586240" percent="43">
    <remembered-set count="62208" freebytes="4564608" totalbytes="4813440" percent="94" regionsoverflowed="0" regionsstable="0" regionsrebuilding="18"/>
  </mem-info>
</gc-end>
<concurrent-start id="5066" type="GMP work packet processing" contextid="4979" timestamp="2019-06-16T02:56:34.141">
  <concurrent-mark-start scanTarget="1048576" />
</concurrent-start>
<exclusive-end id="5067" timestamp="2019-06-16T02:56:34.141" durationms="0.989" />

<concurrent-end id="5068" type="GMP work packet processing" contextid="4979" timestamp="2019-06-16T02:56:34.142">
  <concurrent-mark-end bytesScanned="1093488" reasonForTermination="Work target met" />
</concurrent-end>

<exclusive-start id="5069" timestamp="2019-06-16T02:56:34.160" intervalms="19.767">
  <response-info timems="0.097" idlems="0.097" threads="0" lastid="0000000001916700" lastname="main" />
</exclusive-start>
<allocation-taxation id="5070" taxation-threshold="17825792" timestamp="2019-06-16T02:56:34.160" intervalms="19.755" />
<cycle-start id="5071" type="partial gc" contextid="0" timestamp="2019-06-16T02:56:34.160" intervalms="38.084" />
<gc-start id="5072" type="partial gc" contextid="5071" timestamp="2019-06-16T02:56:34.160">
  <mem-info id="5073" free="34603008" total="120586240" percent="28">
    <mem type="eden" free="0" total="35651584" percent="0" />
    <remembered-set count="73024" freebytes="4521344" totalbytes="4813440" percent="93" regionsoverflowed="0" regionsstable="0" regionsrebuilding="18"/>
  </mem-info>
</gc-start>
<allocation-stats totalBytes="35640936" >
  <allocated-bytes non-tlh="0" tlh="35640936" arrayletleaf="0"/>
  <largest-consumer threadName="main" threadId="0000000001916700" bytes="17822160" />
</allocation-stats>
<gc-op id="5074" type="copy forward" timems="1.791" contextid="5071" timestamp="2019-06-16T02:56:34.163">
  <memory-copied type="eden" objects="24" bytes="776" bytesdiscarded="0" />
  <memory-copied type="other" objects="14" bytes="360" bytesdiscarded="0" />
  <memory-cardclean objects="85" bytes="2440" />
  <regions eden="34" other="2" />
  <remembered-set-cleared processed="69216" cleared="63" durationms="0.560" />
  <stringconstants candidates="13711" cleared="0"  />
</gc-op>
<gc-op id="5075" type="classunload" timems="0.004" contextid="5071" timestamp="2019-06-16T02:56:34.163">
  <classunload-info classloadercandidates="54" classloadersunloaded="0" classesunloaded="0" anonymousclassesunloaded="0" quiescems="0.000" setupms="0.004" scanms="0.000" postms="0.000" />
</gc-op>
<gc-end id="5076" type="partial gc" contextid="5071" durationms="3.159" usertimems="0.000" systemtimems="4.000" timestamp="2019-06-16T02:56:34.163" activeThreads="1">
  <mem-info id="5077" free="69206016" total="120586240" percent="57">
    <mem type="eden" free="1047800" total="1048576" percent="99" />
    <remembered-set count="73280" freebytes="4520320" totalbytes="4813440" percent="93" regionsoverflowed="0" regionsstable="0" regionsrebuilding="18"/>
  </mem-info>
</gc-end>
<cycle-end id="5078" type="partial gc" contextid="5071" timestamp="2019-06-16T02:56:34.164" />
  <attribute name="elasticGC enabled" value="1" />
  <attribute name= "numThreadsSpecified" value="1" />
  <attribute name="heapSize specified" value="0" />
  <attribute name="Current GC Util" value="152" />
  <attribute name= "Current Time Running" value="66526" />
  <attribute name ="GC Interval" value="0" />
  <attribute name="ProportionalT" value="198.000000" />
  <attribute name="ProportionalI" value="198.000000" />
  <attribute name="ProportionalH" value="198.000000" />
  <attribute name="Current Error" value="132.000000" />
  <attribute name="IntegralT" value="0.000000" />
  <attribute name="IntegralI" value="0.000000" />
  <attribute name="IntegralH" value="0.000000" />
  <attribute name="DerivativeT" value="inf" />
  <attribute name="DerivativeI" value="inf" />
  <attribute name="DerivativeH" value="inf" />
  <attribute name="Loop Time for DT" value="0.000000" />
  <attribute name="Output H" value="8388608"/>
  <attribute name="Output I" value="200"/>
  <attribute name="Output T" value="1"/>
  <attribute name="Target GC Util Change" value ="20.000000" />
  <attribute name="Current GC Util Change" value="152.000000"/>
  <attribute name="GC Util currently" value="152" />
  <attribute name="CPU Util currently" value="12457450691812" />
<exclusive-end id="5079" timestamp="2019-06-16T02:56:34.164" durationms="4.311" />

<exclusive-start id="5080" timestamp="2019-06-16T02:56:34.185" intervalms="25.055">
  <response-info timems="0.068" idlems="0.068" threads="0" lastid="0000000001916700" lastname="main" />
</exclusive-start>
<allocation-taxation id="5081" taxation-threshold="17825792" timestamp="2019-06-16T02:56:34.185" intervalms="25.034" />
<gc-start id="5082" type="global mark phase" contextid="4979" timestamp="2019-06-16T02:56:34.185">
  <mem-info id="5083" free="51380224" total="120586240" percent="42">
    <remembered-set count="73056" freebytes="4521216" totalbytes="4813440" percent="93" regionsoverflowed="0" regionsstable="0" regionsrebuilding="18"/>
  </mem-info>
</gc-start>
<gc-end id="5084" type="global mark phase" contextid="4979" durationms="0.202" usertimems="0.000" systemtimems="0.000" timestamp="2019-06-16T02:56:34.185" activeThreads="1">
  <mem-info id="5085" free="51380224" total="120586240" percent="42">
    <remembered-set count="73056" freebytes="4521216" totalbytes="4813440" percent="93" regionsoverflowed="0" regionsstable="0" regionsrebuilding="18"/>
  </mem-info>
</gc-end>
<concurrent-start id="5086" type="GMP work packet processing" contextid="4979" timestamp="2019-06-16T02:56:34.185">
  <concurrent-mark-start scanTarget="1048576" />
</concurrent-start>
<exclusive-end id="5087" timestamp="2019-06-16T02:56:34.186" durationms="0.865" />

<concurrent-end id="5088" type="GMP work packet processing" contextid="4979" timestamp="2019-06-16T02:56:34.187">
  <concurrent-mark-end bytesScanned="1102344" reasonForTermination="Work target met" />
</concurrent-end>

<exclusive-start id="5089" timestamp="2019-06-16T02:56:34.207" intervalms="22.219">
  <response-info timems="0.074" idlems="0.074" threads="0" lastid="0000000001916700" lastname="main" />
</exclusive-start>
<allocation-taxation id="5090" taxation-threshold="17825792" timestamp="2019-06-16T02:56:34.207" intervalms="22.208" />
<cycle-start id="5091" type="partial gc" contextid="0" timestamp="2019-06-16T02:56:34.207" intervalms="47.173" />
<gc-start id="5092" type="partial gc" contextid="5091" timestamp="2019-06-16T02:56:34.207">
  <mem-info id="5093" free="33554432" total="120586240" percent="27">
    <mem type="eden" free="0" total="35651584" percent="0" />
    <remembered-set count="81408" freebytes="4487808" totalbytes="4813440" percent="93" regionsoverflowed="0" regionsstable="0" regionsrebuilding="18"/>
  </mem-info>
</gc-start>
<allocation-stats totalBytes="35648640" >
  <allocated-bytes non-tlh="0" tlh="35648640" arrayletleaf="0"/>
  <largest-consumer threadName="main" threadId="0000000001916700" bytes="17823960" />
</allocation-stats>
<gc-op id="5094" type="copy forward" timems="1.836" contextid="5091" timestamp="2019-06-16T02:56:34.210">
  <memory-copied type="eden" objects="24" bytes="776" bytesdiscarded="0" />
  <memory-copied type="other" objects="13" bytes="336" bytesdiscarded="0" />
  <memory-cardclean objects="71" bytes="1936" />
  <regions eden="34" other="2" />
  <remembered-set-cleared processed="77569" cleared="55" durationms="0.609" />
  <stringconstants candidates="13711" cleared="0"  />
</gc-op>
<gc-op id="5095" type="classunload" timems="0.004" contextid="5091" timestamp="2019-06-16T02:56:34.210">
  <classunload-info classloadercandidates="54" classloadersunloaded="0" classesunloaded="0" anonymousclassesunloaded="0" quiescems="0.000" setupms="0.004" scanms="0.000" postms="0.000" />
</gc-op>
<gc-end id="5096" type="partial gc" contextid="5091" durationms="3.124" usertimems="4.000" systemtimems="0.000" timestamp="2019-06-16T02:56:34.210" activeThreads="1">
  <mem-info id="5097" free="68157440" total="120586240" percent="56">
    <mem type="eden" free="1047800" total="1048576" percent="99" />
    <remembered-set count="81760" freebytes="4486400" totalbytes="4813440" percent="93" regionsoverflowed="0" regionsstable="0" regionsrebuilding="18"/>
  </mem-info>
</gc-end>
<cycle-end id="5098" type="partial gc" contextid="5091" timestamp="2019-06-16T02:56:34.211" />
  <attribute name="elasticGC enabled" value="1" />
  <attribute name= "numThreadsSpecified" value="1" />
  <attribute name="heapSize specified" value="0" />
  <attribute name="Current GC Util" value="148" />
  <attribute name= "Current Time Running" value="66573" />
  <attribute name ="GC Interval" value="0" />
  <attribute name="ProportionalT" value="192.000000" />
  <attribute name="ProportionalI" value="192.000000" />
  <attribute name="ProportionalH" value="192.000000" />
  <attribute name="Current Error" value="128.000000" />
  <attribute name="IntegralT" value="0.000000" />
  <attribute name="IntegralI" value="0.000000" />
  <attribute name="IntegralH" value="0.000000" />
  <attribute name="DerivativeT" value="inf" />
  <attribute name="DerivativeI" value="inf" />
  <attribute name="DerivativeH" value="inf" />
  <attribute name="Loop Time for DT" value="0.000000" />
  <attribute name="Output H" value="8388608"/>
  <attribute name="Output I" value="200"/>
  <attribute name="Output T" value="1"/>
  <attribute name="Target GC Util Change" value ="20.000000" />
  <attribute name="Current GC Util Change" value="148.000000"/>
  <attribute name="GC Util currently" value="148" />
  <attribute name="CPU Util currently" value="13620024922611" />
<exclusive-end id="5099" timestamp="2019-06-16T02:56:34.211" durationms="4.067" />

<exclusive-start id="5100" timestamp="2019-06-16T02:56:34.232" intervalms="25.365">
  <response-info timems="0.078" idlems="0.078" threads="0" lastid="0000000001916700" lastname="main" />
</exclusive-start>
<allocation-taxation id="5101" taxation-threshold="17825792" timestamp="2019-06-16T02:56:34.232" intervalms="25.396" />
<gc-start id="5102" type="global mark phase" contextid="4979" timestamp="2019-06-16T02:56:34.233">
  <mem-info id="5103" free="50331648" total="120586240" percent="41">
    <remembered-set count="81504" freebytes="4487424" totalbytes="4813440" percent="93" regionsoverflowed="0" regionsstable="0" regionsrebuilding="18"/>
  </mem-info>
</gc-start>
<gc-end id="5104" type="global mark phase" contextid="4979" durationms="0.205" usertimems="0.000" systemtimems="0.000" timestamp="2019-06-16T02:56:34.233" activeThreads="1">
  <mem-info id="5105" free="50331648" total="120586240" percent="41">
    <remembered-set count="81504" freebytes="4487424" totalbytes="4813440" percent="93" regionsoverflowed="0" regionsstable="0" regionsrebuilding="18"/>
  </mem-info>
</gc-end>
<concurrent-start id="5106" type="GMP work packet processing" contextid="4979" timestamp="2019-06-16T02:56:34.233">
  <concurrent-mark-start scanTarget="1048576" />
</concurrent-start>
<exclusive-end id="5107" timestamp="2019-06-16T02:56:34.233" durationms="0.957" />

<concurrent-end id="5108" type="GMP work packet processing" contextid="4979" timestamp="2019-06-16T02:56:34.234">
  <concurrent-mark-end bytesScanned="1084940" reasonForTermination="Work target met" />
</concurrent-end>

<exclusive-start id="5109" timestamp="2019-06-16T02:56:34.253" intervalms="20.950">
  <response-info timems="0.074" idlems="0.074" threads="0" lastid="0000000001916700" lastname="main" />
</exclusive-start>
<allocation-taxation id="5110" taxation-threshold="17825792" timestamp="2019-06-16T02:56:34.253" intervalms="20.920" />
<cycle-start id="5111" type="partial gc" contextid="0" timestamp="2019-06-16T02:56:34.254" intervalms="46.386" />
<gc-start id="5112" type="partial gc" contextid="5111" timestamp="2019-06-16T02:56:34.254">
  <mem-info id="5113" free="32505856" total="120586240" percent="26">
    <mem type="eden" free="0" total="35651584" percent="0" />
    <remembered-set count="89216" freebytes="4456576" totalbytes="4813440" percent="92" regionsoverflowed="0" regionsstable="0" regionsrebuilding="18"/>
  </mem-info>
</gc-start>
<allocation-stats totalBytes="35646096" >
  <allocated-bytes non-tlh="0" tlh="35646096" arrayletleaf="0"/>
  <largest-consumer threadName="main" threadId="0000000001916700" bytes="17823216" />
</allocation-stats>
<gc-op id="5114" type="copy forward" timems="3.587" contextid="5111" timestamp="2019-06-16T02:56:34.258">
  <memory-copied type="eden" objects="30" bytes="920" bytesdiscarded="744" />
  <memory-copied type="other" objects="12" bytes="288" bytesdiscarded="1464" />
  <memory-cardclean objects="62" bytes="1728" />
  <regions eden="34" other="2" />
  <remembered-set-cleared processed="85504" cleared="49" durationms="0.422" />
  <stringconstants candidates="13711" cleared="0"  />
</gc-op>
<gc-op id="5115" type="classunload" timems="0.005" contextid="5111" timestamp="2019-06-16T02:56:34.258">
  <classunload-info classloadercandidates="54" classloadersunloaded="0" classesunloaded="0" anonymousclassesunloaded="0" quiescems="0.000" setupms="0.005" scanms="0.000" postms="0.000" />
</gc-op>
<gc-end id="5116" type="partial gc" contextid="5111" durationms="4.815" usertimems="12.000" systemtimems="0.000" timestamp="2019-06-16T02:56:34.259" activeThreads="4">
  <mem-info id="5117" free="67108864" total="120586240" percent="55">
    <mem type="eden" free="1046912" total="1048576" percent="99" />
    <remembered-set count="89824" freebytes="4454144" totalbytes="4813440" percent="92" regionsoverflowed="0" regionsstable="0" regionsrebuilding="18"/>
  </mem-info>
</gc-end>
<cycle-end id="5118" type="partial gc" contextid="5111" timestamp="2019-06-16T02:56:34.259" />
  <attribute name="elasticGC enabled" value="1" />
  <attribute name= "numThreadsSpecified" value="4" />
  <attribute name="heapSize specified" value="0" />
  <attribute name="Current GC Util" value="151" />
  <attribute name= "Current Time Running" value="66620" />
  <attribute name ="GC Interval" value="0" />
  <attribute name="ProportionalT" value="196.500000" />
  <attribute name="ProportionalI" value="196.500000" />
  <attribute name="ProportionalH" value="196.500000" />
  <attribute name="Current Error" value="131.000000" />
  <attribute name="IntegralT" value="131.000000" />
  <attribute name="IntegralI" value="131.000000" />
  <attribute name="IntegralH" value="131.000000" />
  <attribute name="DerivativeT" value="131.000000" />
  <attribute name="DerivativeI" value="131.000000" />
  <attribute name="DerivativeH" value="131.000000" />
  <attribute name="Loop Time for DT" value="1.000000" />
  <attribute name="Output H" value="8388608"/>
  <attribute name="Output I" value="464"/>
  <attribute name="Output T" value="4"/>
  <attribute name="Target GC Util Change" value ="20.000000" />
  <attribute name="Current GC Util Change" value="151.000000"/>
  <attribute name="GC Util currently" value="151" />
  <attribute name="CPU Util currently" value="13512157839712" />
<exclusive-end id="5119" timestamp="2019-06-16T02:56:34.259" durationms="5.914" />

<exclusive-start id="5120" timestamp="2019-06-16T02:56:34.279" intervalms="25.914">
  <response-info timems="0.090" idlems="0.090" threads="0" lastid="0000000001916700" lastname="main" />
</exclusive-start>
<allocation-taxation id="5121" taxation-threshold="17825792" timestamp="2019-06-16T02:56:34.279" intervalms="25.940" />
<gc-start id="5122" type="global mark phase" contextid="4979" timestamp="2019-06-16T02:56:34.279">
  <mem-info id="5123" free="49283072" total="120586240" percent="40">
    <remembered-set count="89824" freebytes="4454144" totalbytes="4813440" percent="92" regionsoverflowed="0" regionsstable="0" regionsrebuilding="18"/>
  </mem-info>
</gc-start>
<gc-end id="5124" type="global mark phase" contextid="4979" durationms="0.202" usertimems="0.000" systemtimems="0.000" timestamp="2019-06-16T02:56:34.280" activeThreads="4">
  <mem-info id="5125" free="49283072" total="120586240" percent="40">
    <remembered-set count="89824" freebytes="4454144" totalbytes="4813440" percent="92" regionsoverflowed="0" regionsstable="0" regionsrebuilding="18"/>
  </mem-info>
</gc-end>
<concurrent-start id="5126" type="GMP work packet processing" contextid="4979" timestamp="2019-06-16T02:56:34.280">
  <concurrent-mark-start scanTarget="2217906" />
</concurrent-start>
<exclusive-end id="5127" timestamp="2019-06-16T02:56:34.280" durationms="0.958" />

<concurrent-end id="5128" type="GMP work packet processing" contextid="4979" timestamp="2019-06-16T02:56:34.282">
  <concurrent-mark-end bytesScanned="2267016" reasonForTermination="Work target met" />
</concurrent-end>

<exclusive-start id="5129" timestamp="2019-06-16T02:56:34.293" intervalms="13.681">
  <response-info timems="0.090" idlems="0.090" threads="0" lastid="0000000001916700" lastname="main" />
</exclusive-start>
<allocation-taxation id="5130" taxation-threshold="17825792" timestamp="2019-06-16T02:56:34.293" intervalms="13.627" />
<cycle-start id="5131" type="partial gc" contextid="0" timestamp="2019-06-16T02:56:34.293" intervalms="39.573" />
<gc-start id="5132" type="partial gc" contextid="5131" timestamp="2019-06-16T02:56:34.293">
  <mem-info id="5133" free="31457280" total="120586240" percent="26">
    <mem type="eden" free="0" total="35651584" percent="0" />
    <remembered-set count="129312" freebytes="4296192" totalbytes="4813440" percent="89" regionsoverflowed="0" regionsstable="0" regionsrebuilding="18"/>
  </mem-info>
</gc-start>
<allocation-stats totalBytes="35647920" >
  <allocated-bytes non-tlh="0" tlh="35647920" arrayletleaf="0"/>
  <largest-consumer threadName="main" threadId="0000000001916700" bytes="17824592" />
</allocation-stats>
<gc-op id="5134" type="copy forward" timems="2.042" contextid="5131" timestamp="2019-06-16T02:56:34.296">
  <memory-copied type="eden" objects="21" bytes="680" bytesdiscarded="0" />
  <memory-copied type="other" objects="12" bytes="288" bytesdiscarded="0" />
  <memory-cardclean objects="62" bytes="1728" />
  <regions eden="34" other="2" />
  <remembered-set-cleared processed="124830" cleared="53" durationms="0.865" />
  <stringconstants candidates="13711" cleared="0"  />
</gc-op>
<gc-op id="5135" type="classunload" timems="0.004" contextid="5131" timestamp="2019-06-16T02:56:34.296">
  <classunload-info classloadercandidates="54" classloadersunloaded="0" classesunloaded="0" anonymousclassesunloaded="0" quiescems="0.000" setupms="0.004" scanms="0.000" postms="0.000" />
</gc-op>
<gc-end id="5136" type="partial gc" contextid="5131" durationms="3.379" usertimems="4.000" systemtimems="0.000" timestamp="2019-06-16T02:56:34.297" activeThreads="1">
  <mem-info id="5137" free="66060288" total="120586240" percent="54">
    <mem type="eden" free="1047896" total="1048576" percent="99" />
    <remembered-set count="129056" freebytes="4297216" totalbytes="4813440" percent="89" regionsoverflowed="0" regionsstable="0" regionsrebuilding="18"/>
  </mem-info>
</gc-end>
<cycle-end id="5138" type="partial gc" contextid="5131" timestamp="2019-06-16T02:56:34.297" />
  <attribute name="elasticGC enabled" value="1" />
  <attribute name= "numThreadsSpecified" value="1" />
  <attribute name="heapSize specified" value="0" />
  <attribute name="Current GC Util" value="158" />
  <attribute name= "Current Time Running" value="66659" />
  <attribute name ="GC Interval" value="0" />
  <attribute name="ProportionalT" value="207.000000" />
  <attribute name="ProportionalI" value="207.000000" />
  <attribute name="ProportionalH" value="207.000000" />
  <attribute name="Current Error" value="138.000000" />
  <attribute name="IntegralT" value="0.000000" />
  <attribute name="IntegralI" value="0.000000" />
  <attribute name="IntegralH" value="0.000000" />
  <attribute name="DerivativeT" value="inf" />
  <attribute name="DerivativeI" value="inf" />
  <attribute name="DerivativeH" value="inf" />
  <attribute name="Loop Time for DT" value="0.000000" />
  <attribute name="Output H" value="8388608"/>
  <attribute name="Output I" value="200"/>
  <attribute name="Output T" value="1"/>
  <attribute name="Target GC Util Change" value ="20.000000" />
  <attribute name="Current GC Util Change" value="158.000000"/>
  <attribute name="GC Util currently" value="158" />
  <attribute name="CPU Util currently" value="12889401178189" />
<exclusive-end id="5139" timestamp="2019-06-16T02:56:34.297" durationms="4.415" />

<exclusive-start id="5140" timestamp="2019-06-16T02:56:34.305" intervalms="12.142">
  <response-info timems="0.071" idlems="0.071" threads="0" lastid="0000000001916700" lastname="main" />
</exclusive-start>
<allocation-taxation id="5141" taxation-threshold="17825792" timestamp="2019-06-16T02:56:34.305" intervalms="12.171" />
<gc-start id="5142" type="global mark phase" contextid="4979" timestamp="2019-06-16T02:56:34.305">
  <mem-info id="5143" free="48234496" total="120586240" percent="40">
    <remembered-set count="128832" freebytes="4298112" totalbytes="4813440" percent="89" regionsoverflowed="0" regionsstable="0" regionsrebuilding="18"/>
  </mem-info>
</gc-start>
<gc-end id="5144" type="global mark phase" contextid="4979" durationms="0.205" usertimems="0.000" systemtimems="0.000" timestamp="2019-06-16T02:56:34.305" activeThreads="1">
  <mem-info id="5145" free="48234496" total="120586240" percent="40">
    <remembered-set count="128832" freebytes="4298112" totalbytes="4813440" percent="89" regionsoverflowed="0" regionsstable="0" regionsrebuilding="18"/>
  </mem-info>
</gc-end>
<concurrent-start id="5146" type="GMP work packet processing" contextid="4979" timestamp="2019-06-16T02:56:34.306">
  <concurrent-mark-start scanTarget="1048576" />
</concurrent-start>
<exclusive-end id="5147" timestamp="2019-06-16T02:56:34.306" durationms="0.897" />

<concurrent-end id="5148" type="GMP work packet processing" contextid="4979" timestamp="2019-06-16T02:56:34.307">
  <concurrent-mark-end bytesScanned="1091336" reasonForTermination="Work target met" />
</concurrent-end>

<exclusive-start id="5149" timestamp="2019-06-16T02:56:34.378" intervalms="72.756">
  <response-info timems="0.073" idlems="0.073" threads="0" lastid="0000000001916700" lastname="main" />
</exclusive-start>
<allocation-taxation id="5150" taxation-threshold="17825792" timestamp="2019-06-16T02:56:34.378" intervalms="72.750" />
<cycle-start id="5151" type="partial gc" contextid="0" timestamp="2019-06-16T02:56:34.378" intervalms="84.923" />
<gc-start id="5152" type="partial gc" contextid="5151" timestamp="2019-06-16T02:56:34.378">
  <mem-info id="5153" free="30408704" total="120586240" percent="25">
    <mem type="eden" free="0" total="35651584" percent="0" />
    <remembered-set count="132480" freebytes="4283520" totalbytes="4813440" percent="88" regionsoverflowed="0" regionsstable="0" regionsrebuilding="18"/>
  </mem-info>
</gc-start>
<allocation-stats totalBytes="35649840" >
  <allocated-bytes non-tlh="0" tlh="35649840" arrayletleaf="0"/>
  <largest-consumer threadName="main" threadId="0000000001916700" bytes="17824800" />
</allocation-stats>
<gc-op id="5154" type="copy forward" timems="1.987" contextid="5151" timestamp="2019-06-16T02:56:34.381">
  <memory-copied type="eden" objects="27" bytes="816" bytesdiscarded="0" />
  <memory-copied type="other" objects="12" bytes="288" bytesdiscarded="0" />
  <memory-cardclean objects="88" bytes="10624" />
  <regions eden="34" other="2" />
  <remembered-set-cleared processed="128592" cleared="65" durationms="0.845" />
  <references type="weak" candidates="2" cleared="0" enqueued="0" />
  <stringconstants candidates="13711" cleared="0"  />
</gc-op>
<gc-op id="5155" type="classunload" timems="0.003" contextid="5151" timestamp="2019-06-16T02:56:34.381">
  <classunload-info classloadercandidates="54" classloadersunloaded="0" classesunloaded="0" anonymousclassesunloaded="0" quiescems="0.000" setupms="0.003" scanms="0.000" postms="0.000" />
</gc-op>
<gc-end id="5156" type="partial gc" contextid="5151" durationms="3.302" usertimems="4.000" systemtimems="0.000" timestamp="2019-06-16T02:56:34.382" activeThreads="1">
  <mem-info id="5157" free="65011712" total="120586240" percent="53">
    <mem type="eden" free="1047760" total="1048576" percent="99" />
    <remembered-set count="132608" freebytes="4283008" totalbytes="4813440" percent="88" regionsoverflowed="0" regionsstable="0" regionsrebuilding="18"/>
  </mem-info>
</gc-end>
<cycle-end id="5158" type="partial gc" contextid="5151" timestamp="2019-06-16T02:56:34.382" />
  <attribute name="elasticGC enabled" value="1" />
  <attribute name= "numThreadsSpecified" value="1" />
  <attribute name="heapSize specified" value="0" />
  <attribute name="Current GC Util" value="156" />
  <attribute name= "Current Time Running" value="66744" />
  <attribute name ="GC Interval" value="0" />
  <attribute name="ProportionalT" value="204.000000" />
  <attribute name="ProportionalI" value="204.000000" />
  <attribute name="ProportionalH" value="204.000000" />
  <attribute name="Current Error" value="136.000000" />
  <attribute name="IntegralT" value="0.000000" />
  <attribute name="IntegralI" value="0.000000" />
  <attribute name="IntegralH" value="0.000000" />
  <attribute name="DerivativeT" value="inf" />
  <attribute name="DerivativeI" value="inf" />
  <attribute name="DerivativeH" value="inf" />
  <attribute name="Loop Time for DT" value="0.000000" />
  <attribute name="Output H" value="8388608"/>
  <attribute name="Output I" value="200"/>
  <attribute name="Output T" value="1"/>
  <attribute name="Target GC Util Change" value ="20.000000" />
  <attribute name="Current GC Util Change" value="156.000000"/>
  <attribute name="GC Util currently" value="156" />
  <attribute name="CPU Util currently" value="12796944169074" />
<exclusive-end id="5159" timestamp="2019-06-16T02:56:34.382" durationms="4.393" />

<exclusive-start id="5160" timestamp="2019-06-16T02:56:34.394" intervalms="16.042">
  <response-info timems="0.102" idlems="0.102" threads="0" lastid="0000000001916700" lastname="main" />
</exclusive-start>
<allocation-taxation id="5161" taxation-threshold="17825792" timestamp="2019-06-16T02:56:34.394" intervalms="16.035" />
<gc-start id="5162" type="global mark phase" contextid="4979" timestamp="2019-06-16T02:56:34.394">
  <mem-info id="5163" free="47185920" total="120586240" percent="39">
    <remembered-set count="132480" freebytes="4283520" totalbytes="4813440" percent="88" regionsoverflowed="0" regionsstable="0" regionsrebuilding="18"/>
  </mem-info>
</gc-start>
<gc-end id="5164" type="global mark phase" contextid="4979" durationms="0.192" usertimems="0.000" systemtimems="0.000" timestamp="2019-06-16T02:56:34.394" activeThreads="1">
  <mem-info id="5165" free="47185920" total="120586240" percent="39">
    <remembered-set count="132480" freebytes="4283520" totalbytes="4813440" percent="88" regionsoverflowed="0" regionsstable="0" regionsrebuilding="18"/>
  </mem-info>
</gc-end>
<concurrent-start id="5166" type="GMP work packet processing" contextid="4979" timestamp="2019-06-16T02:56:34.394">
  <concurrent-mark-start scanTarget="1048576" />
</concurrent-start>
<exclusive-end id="5167" timestamp="2019-06-16T02:56:34.395" durationms="0.904" />

<concurrent-end id="5168" type="GMP work packet processing" contextid="4979" timestamp="2019-06-16T02:56:34.395">
  <concurrent-mark-end bytesScanned="97912" reasonForTermination="Completed all work in GC phase" />
</concurrent-end>

<exclusive-start id="5169" timestamp="2019-06-16T02:56:34.477" intervalms="83.698">
  <response-info timems="0.096" idlems="0.096" threads="0" lastid="0000000001916700" lastname="main" />
</exclusive-start>
<allocation-taxation id="5170" taxation-threshold="17825792" timestamp="2019-06-16T02:56:34.478" intervalms="83.741" />
<cycle-start id="5171" type="partial gc" contextid="0" timestamp="2019-06-16T02:56:34.478" intervalms="99.788" />
<gc-start id="5172" type="partial gc" contextid="5171" timestamp="2019-06-16T02:56:34.478">
  <mem-info id="5173" free="29360128" total="120586240" percent="24">
    <mem type="eden" free="0" total="35651584" percent="0" />
    <remembered-set count="132480" freebytes="4283520" totalbytes="4813440" percent="88" regionsoverflowed="0" regionsstable="0" regionsrebuilding="18"/>
  </mem-info>
</gc-start>
<allocation-stats totalBytes="35649232" >
  <allocated-bytes non-tlh="0" tlh="35649232" arrayletleaf="0"/>
  <largest-consumer threadName="main" threadId="0000000001916700" bytes="17824600" />
</allocation-stats>
<gc-op id="5174" type="copy forward" timems="1.973" contextid="5171" timestamp="2019-06-16T02:56:34.481">
  <memory-copied type="eden" objects="37" bytes="1040" bytesdiscarded="0" />
  <memory-copied type="other" objects="20" bytes="496" bytesdiscarded="0" />
  <memory-cardclean objects="72" bytes="10224" />
  <regions eden="34" other="2" />
  <remembered-set-cleared processed="128991" cleared="58" durationms="0.842" />
  <references type="weak" candidates="2" cleared="0" enqueued="0" />
  <stringconstants candidates="13711" cleared="0"  />
</gc-op>
<gc-op id="5175" type="classunload" timems="0.004" contextid="5171" timestamp="2019-06-16T02:56:34.481">
  <classunload-info classloadercandidates="54" classloadersunloaded="0" classesunloaded="0" anonymousclassesunloaded="0" quiescems="0.000" setupms="0.004" scanms="0.000" postms="0.000" />
</gc-op>
<heap-resize id="5176" type="contract" space="default" amount="6291456" count="1" timems="0.063" reason="insufficient time being spent in gc" timestamp="2019-06-16T02:56:34.481" />
<gc-end id="5177" type="partial gc" contextid="5171" durationms="3.440" usertimems="4.000" systemtimems="0.000" timestamp="2019-06-16T02:56:34.482" activeThreads="1">
  <mem-info id="5178" free="57671680" total="114294784" percent="50">
    <mem type="eden" free="1047536" total="1048576" percent="99" />
    <remembered-set count="132608" freebytes="4283008" totalbytes="4813440" percent="88" regionsoverflowed="0" regionsstable="0" regionsrebuilding="18"/>
  </mem-info>
</gc-end>
<cycle-end id="5179" type="partial gc" contextid="5171" timestamp="2019-06-16T02:56:34.482" />
  <attribute name="elasticGC enabled" value="1" />
  <attribute name= "numThreadsSpecified" value="1" />
  <attribute name="heapSize specified" value="0" />
  <attribute name="Current GC Util" value="162" />
  <attribute name= "Current Time Running" value="66844" />
  <attribute name ="GC Interval" value="0" />
  <attribute name="ProportionalT" value="213.000000" />
  <attribute name="ProportionalI" value="213.000000" />
  <attribute name="ProportionalH" value="213.000000" />
  <attribute name="Current Error" value="142.000000" />
  <attribute name="IntegralT" value="0.000000" />
  <attribute name="IntegralI" value="0.000000" />
  <attribute name="IntegralH" value="0.000000" />
  <attribute name="DerivativeT" value="inf" />
  <attribute name="DerivativeI" value="inf" />
  <attribute name="DerivativeH" value="inf" />
  <attribute name="Loop Time for DT" value="0.000000" />
  <attribute name="Output H" value="8388608"/>
  <attribute name="Output I" value="200"/>
  <attribute name="Output T" value="1"/>
  <attribute name="Target GC Util Change" value ="20.000000" />
  <attribute name="Current GC Util Change" value="162.000000"/>
  <attribute name="GC Util currently" value="162" />
  <attribute name="CPU Util currently" value="13344075943368" />
<exclusive-end id="5180" timestamp="2019-06-16T02:56:34.482" durationms="4.665" />

<exclusive-start id="5181" timestamp="2019-06-16T02:56:34.489" intervalms="11.926">
  <response-info timems="0.102" idlems="0.102" threads="0" lastid="0000000001916700" lastname="main" />
</exclusive-start>
<allocation-taxation id="5182" taxation-threshold="16777216" timestamp="2019-06-16T02:56:34.490" intervalms="11.934" />
<gc-start id="5183" type="global mark phase" contextid="4979" timestamp="2019-06-16T02:56:34.490">
  <mem-info id="5184" free="40894464" total="114294784" percent="35">
    <remembered-set count="132512" freebytes="4283392" totalbytes="4813440" percent="88" regionsoverflowed="0" regionsstable="0" regionsrebuilding="18"/>
  </mem-info>
</gc-start>
<gc-op id="5185" type="mark increment" timems="2.438" contextid="4979" timestamp="2019-06-16T02:56:34.492">
  <trace-info objectcount="88" scancount="87" scanbytes="2264" />
  <cardclean-info objects="142" bytes="11940" />
  <finalization candidates="79" enqueued="0" />
  <ownableSynchronizers candidates="23" cleared="0" />
  <references type="soft" candidates="3628" cleared="75" enqueued="74" dynamicThreshold="16" maxThreshold="32" />
  <references type="weak" candidates="5731" cleared="7" enqueued="3" />
  <references type="phantom" candidates="100" cleared="0" enqueued="0" />
  <stringconstants candidates="13711" cleared="6"  />
</gc-op>
<gc-op id="5186" type="classunload" timems="0.389" contextid="4979" timestamp="2019-06-16T02:56:34.493">
  <classunload-info classloadercandidates="54" classloadersunloaded="1" classesunloaded="1" anonymousclassesunloaded="0" quiescems="0.000" setupms="0.375" scanms="0.011" postms="0.003" />
</gc-op>
<gc-end id="5187" type="global mark phase" contextid="4979" durationms="3.323" usertimems="4.000" systemtimems="0.000" timestamp="2019-06-16T02:56:34.493" activeThreads="4">
  <mem-info id="5188" free="40894464" total="114294784" percent="35">
    <pending-finalizers system="0" default="0" reference="77" classloader="0" />
    <remembered-set count="134560" freebytes="4275200" totalbytes="4813440" percent="88" regionsoverflowed="0" regionsstable="0" regionsrebuilding="0"/>
  </mem-info>
</gc-end>
<cycle-end id="5189" type="global mark phase" contextid="4979" timestamp="2019-06-16T02:56:34.493" />
  <attribute name="elasticGC enabled" value="1" />
  <attribute name= "numThreadsSpecified" value="4" />
  <attribute name="heapSize specified" value="0" />
  <attribute name="Current GC Util" value="0" />
  <attribute name= "Current Time Running" value="66856" />
  <attribute name ="GC Interval" value="0" />
  <attribute name="ProportionalT" value="-30.000000" />
  <attribute name="ProportionalI" value="-30.000000" />
  <attribute name="ProportionalH" value="-30.000000" />
  <attribute name="Current Error" value="-20.000000" />
  <attribute name="IntegralT" value="-20.000000" />
  <attribute name="IntegralI" value="-20.000000" />
  <attribute name="IntegralH" value="-20.000000" />
  <attribute name="DerivativeT" value="-335.000000" />
  <attribute name="DerivativeI" value="-335.000000" />
  <attribute name="DerivativeH" value="-335.000000" />
  <attribute name="Loop Time for DT" value="1.000000" />
  <attribute name="Output H" value="2091843584"/>
  <attribute name="Output I" value="200"/>
  <attribute name="Output T" value="4"/>
  <attribute name="Target GC Util Change" value ="20.000000" />
  <attribute name="Current GC Util Change" value="0.000000"/>
  <attribute name="GC Util currently" value="0" />
  <attribute name="CPU Util currently" value="17625804366887" />
<exclusive-end id="5190" timestamp="2019-06-16T02:56:34.494" durationms="4.181" />

<exclusive-start id="5191" timestamp="2019-06-16T02:56:34.501" intervalms="11.692">
  <response-info timems="0.079" idlems="0.079" threads="0" lastid="0000000001916700" lastname="main" />
</exclusive-start>
<allocation-taxation id="5192" taxation-threshold="16777216" timestamp="2019-06-16T02:56:34.501" intervalms="11.664" />
<cycle-start id="5193" type="partial gc" contextid="0" timestamp="2019-06-16T02:56:34.501" intervalms="23.596" />
<gc-start id="5194" type="partial gc" contextid="5193" timestamp="2019-06-16T02:56:34.502">
  <mem-info id="5195" free="24117248" total="114294784" percent="21">
    <mem type="eden" free="0" total="33554432" percent="0" />
    <remembered-set count="22176" freebytes="4724736" totalbytes="4813440" percent="98" regionsoverflowed="0" regionsstable="15" regionsrebuilding="0"/>
  </mem-info>
</gc-start>
<allocation-stats totalBytes="33552016" >
  <allocated-bytes non-tlh="3048" tlh="33548968" arrayletleaf="0"/>
  <largest-consumer threadName="main" threadId="0000000001916700" bytes="16772904" />
</allocation-stats>
<gc-op id="5196" type="sweep" timems="0.937" contextid="5193" timestamp="2019-06-16T02:56:34.503" />
<gc-op id="5197" type="copy forward" timems="2.881" contextid="5193" timestamp="2019-06-16T02:56:34.507">
  <memory-copied type="eden" objects="5" bytes="3144" bytesdiscarded="0" />
  <memory-copied type="other" objects="41" bytes="1136" bytesdiscarded="1392" />
  <memory-cardclean objects="203" bytes="11728" />
  <regions eden="16" other="3" />
  <remembered-set-cleared processed="19469" cleared="56" durationms="0.202" />
  <stringconstants candidates="13705" cleared="0"  />
</gc-op>
<gc-op id="5198" type="classunload" timems="0.003" contextid="5193" timestamp="2019-06-16T02:56:34.507">
  <classunload-info classloadercandidates="53" classloadersunloaded="0" classesunloaded="0" anonymousclassesunloaded="0" quiescems="0.000" setupms="0.003" scanms="0.000" postms="0.000" />
</gc-op>
<gc-end id="5199" type="partial gc" contextid="5193" durationms="5.733" usertimems="12.000" systemtimems="0.000" timestamp="2019-06-16T02:56:34.507" activeThreads="4">
  <mem-info id="5200" free="56623104" total="114294784" percent="49">
    <mem type="eden" free="1045432" total="1048576" percent="99" />
    <remembered-set count="22880" freebytes="4470784" totalbytes="4562304" percent="97" regionsoverflowed="0" regionsstable="15" regionsrebuilding="0"/>
  </mem-info>
</gc-end>
<cycle-end id="5201" type="partial gc" contextid="5193" timestamp="2019-06-16T02:56:34.508" />
  <attribute name="elasticGC enabled" value="1" />
  <attribute name= "numThreadsSpecified" value="4" />
  <attribute name="heapSize specified" value="0" />
  <attribute name="Current GC Util" value="84" />
  <attribute name= "Current Time Running" value="66869" />
  <attribute name ="GC Interval" value="0" />
  <attribute name="ProportionalT" value="96.000000" />
  <attribute name="ProportionalI" value="96.000000" />
  <attribute name="ProportionalH" value="96.000000" />
  <attribute name="Current Error" value="64.000000" />
  <attribute name="IntegralT" value="64.000000" />
  <attribute name="IntegralI" value="64.000000" />
  <attribute name="IntegralH" value="64.000000" />
  <attribute name="DerivativeT" value="-43.000000" />
  <attribute name="DerivativeI" value="-43.000000" />
  <attribute name="DerivativeH" value="-43.000000" />
  <attribute name="Loop Time for DT" value="1.000000" />
  <attribute name="Output H" value="8388608"/>
  <attribute name="Output I" value="200"/>
  <attribute name="Output T" value="4"/>
  <attribute name="Target GC Util Change" value ="20.000000" />
  <attribute name="Current GC Util Change" value="84.000000"/>
  <attribute name="GC Util currently" value="84" />
  <attribute name="CPU Util currently" value="6974341925707" />
<exclusive-end id="5202" timestamp="2019-06-16T02:56:34.508" durationms="6.852" />

<exclusive-start id="5203" timestamp="2019-06-16T02:56:34.550" intervalms="49.229">
  <response-info timems="0.084" idlems="0.084" threads="0" lastid="0000000001916700" lastname="main" />
</exclusive-start>
<allocation-taxation id="5204" taxation-threshold="34603008" timestamp="2019-06-16T02:56:34.550" intervalms="49.281" />
<cycle-start id="5205" type="partial gc" contextid="0" timestamp="2019-06-16T02:56:34.551" intervalms="49.306" />
<gc-start id="5206" type="partial gc" contextid="5205" timestamp="2019-06-16T02:56:34.551">
  <mem-info id="5207" free="22020096" total="114294784" percent="19">
    <mem type="eden" free="0" total="34603008" percent="0" />
    <remembered-set count="2944" freebytes="4550528" totalbytes="4562304" percent="99" regionsoverflowed="0" regionsstable="18" regionsrebuilding="0"/>
  </mem-info>
</gc-start>
<allocation-stats totalBytes="34600640" >
  <allocated-bytes non-tlh="0" tlh="34600640" arrayletleaf="0"/>
  <largest-consumer threadName="main" threadId="0000000001916700" bytes="34600640" />
</allocation-stats>
<gc-op id="5208" type="copy forward" timems="1.178" contextid="5205" timestamp="2019-06-16T02:56:34.553">
  <memory-copied type="eden" objects="29" bytes="888" bytesdiscarded="0" />
  <memory-copied type="other" objects="65" bytes="4568" bytesdiscarded="0" />
  <memory-cardclean objects="144" bytes="4224" />
  <regions eden="33" other="11" />
  <remembered-set-cleared processed="81" cleared="37" durationms="0.145" />
  <stringconstants candidates="13705" cleared="0"  />
</gc-op>
<gc-op id="5209" type="classunload" timems="0.003" contextid="5205" timestamp="2019-06-16T02:56:34.553">
  <classunload-info classloadercandidates="53" classloadersunloaded="0" classesunloaded="0" anonymousclassesunloaded="0" quiescems="0.000" setupms="0.003" scanms="0.000" postms="0.000" />
</gc-op>
<heap-resize id="5210" type="expand" space="default" amount="16777216" count="1" timems="0.130" reason="excessive time being spent in gc" timestamp="2019-06-16T02:56:34.554" />
<gc-end id="5211" type="partial gc" contextid="5205" durationms="2.891" usertimems="0.000" systemtimems="4.000" timestamp="2019-06-16T02:56:34.554" activeThreads="1">
  <mem-info id="5212" free="78643200" total="131072000" percent="60">
    <mem type="eden" free="1047688" total="1048576" percent="99" />
    <remembered-set count="3008" freebytes="5219968" totalbytes="5232000" percent="99" regionsoverflowed="0" regionsstable="18" regionsrebuilding="0"/>
  </mem-info>
</gc-end>
<cycle-end id="5213" type="partial gc" contextid="5205" timestamp="2019-06-16T02:56:34.554" />
  <attribute name="elasticGC enabled" value="1" />
  <attribute name= "numThreadsSpecified" value="1" />
  <attribute name="heapSize specified" value="0" />
  <attribute name="Current GC Util" value="150" />
  <attribute name= "Current Time Running" value="66917" />
  <attribute name ="GC Interval" value="0" />
  <attribute name="ProportionalT" value="195.000000" />
  <attribute name="ProportionalI" value="195.000000" />
  <attribute name="ProportionalH" value="195.000000" />
  <attribute name="Current Error" value="130.000000" />
  <attribute name="IntegralT" value="0.000000" />
  <attribute name="IntegralI" value="0.000000" />
  <attribute name="IntegralH" value="0.000000" />
  <attribute name="DerivativeT" value="inf" />
  <attribute name="DerivativeI" value="inf" />
  <attribute name="DerivativeH" value="inf" />
  <attribute name="Loop Time for DT" value="0.000000" />
  <attribute name="Output H" value="8388608"/>
  <attribute name="Output I" value="200"/>
  <attribute name="Output T" value="1"/>
  <attribute name="Target GC Util Change" value ="20.000000" />
  <attribute name="Current GC Util Change" value="150.000000"/>
  <attribute name="GC Util currently" value="150" />
  <attribute name="CPU Util currently" value="12343516689422" />
<exclusive-end id="5214" timestamp="2019-06-16T02:56:34.554" durationms="4.204" />

<exclusive-start id="5215" timestamp="2019-06-16T02:56:34.599" intervalms="48.669">
  <response-info timems="0.089" idlems="0.089" threads="0" lastid="0000000001916700" lastname="main" />
</exclusive-start>
<allocation-taxation id="5216" taxation-threshold="38797312" timestamp="2019-06-16T02:56:34.599" intervalms="48.735" />
<cycle-start id="5217" type="partial gc" contextid="0" timestamp="2019-06-16T02:56:34.599" intervalms="48.734" />
<gc-start id="5218" type="partial gc" contextid="5217" timestamp="2019-06-16T02:56:34.600">
  <mem-info id="5219" free="39845888" total="131072000" percent="30">
    <mem type="eden" free="0" total="38797312" percent="0" />
    <remembered-set count="2528" freebytes="5221888" totalbytes="5232000" percent="99" regionsoverflowed="0" regionsstable="18" regionsrebuilding="0"/>
  </mem-info>
</gc-start>
<allocation-stats totalBytes="38794720" >
  <allocated-bytes non-tlh="0" tlh="38794720" arrayletleaf="0"/>
  <largest-consumer threadName="main" threadId="0000000001916700" bytes="38794720" />
</allocation-stats>
<gc-op id="5220" type="copy forward" timems="3.070" contextid="5217" timestamp="2019-06-16T02:56:34.604">
  <memory-copied type="eden" objects="25" bytes="800" bytesdiscarded="672" />
  <memory-copied type="other" objects="38" bytes="4112" bytesdiscarded="3152" />
  <memory-cardclean objects="135" bytes="3912" />
  <regions eden="37" other="6" />
  <remembered-set-cleared processed="82" cleared="30" durationms="0.103" />
  <stringconstants candidates="13705" cleared="0"  />
</gc-op>
<gc-op id="5221" type="classunload" timems="0.005" contextid="5217" timestamp="2019-06-16T02:56:34.604">
  <classunload-info classloadercandidates="53" classloadersunloaded="0" classesunloaded="0" anonymousclassesunloaded="0" quiescems="0.000" setupms="0.005" scanms="0.000" postms="0.000" />
</gc-op>
<gc-end id="5222" type="partial gc" contextid="5217" durationms="4.391" usertimems="8.000" systemtimems="0.000" timestamp="2019-06-16T02:56:34.604" activeThreads="4">
  <mem-info id="5223" free="79691776" total="131072000" percent="60">
    <mem type="eden" free="1047104" total="1048576" percent="99" />
    <remembered-set count="2816" freebytes="5220736" totalbytes="5232000" percent="99" regionsoverflowed="0" regionsstable="18" regionsrebuilding="0"/>
  </mem-info>
</gc-end>
<cycle-end id="5224" type="partial gc" contextid="5217" timestamp="2019-06-16T02:56:34.604" />
  <attribute name="elasticGC enabled" value="1" />
  <attribute name= "numThreadsSpecified" value="4" />
  <attribute name="heapSize specified" value="0" />
  <attribute name="Current GC Util" value="254" />
  <attribute name= "Current Time Running" value="66966" />
  <attribute name ="GC Interval" value="0" />
  <attribute name="ProportionalT" value="351.000000" />
  <attribute name="ProportionalI" value="351.000000" />
  <attribute name="ProportionalH" value="351.000000" />
  <attribute name="Current Error" value="234.000000" />
  <attribute name="IntegralT" value="234.000000" />
  <attribute name="IntegralI" value="234.000000" />
  <attribute name="IntegralH" value="234.000000" />
  <attribute name="DerivativeT" value="234.000000" />
  <attribute name="DerivativeI" value="234.000000" />
  <attribute name="DerivativeH" value="234.000000" />
  <attribute name="Loop Time for DT" value="1.000000" />
  <attribute name="Output H" value="8388608"/>
  <attribute name="Output I" value="824"/>
  <attribute name="Output T" value="4"/>
  <attribute name="Target GC Util Change" value ="20.000000" />
  <attribute name="Current GC Util Change" value="254.000000"/>
  <attribute name="GC Util currently" value="254" />
  <attribute name="CPU Util currently" value="11903213873118" />
<exclusive-end id="5225" timestamp="2019-06-16T02:56:34.605" durationms="5.713" />

<exclusive-start id="5226" timestamp="2019-06-16T02:56:34.642" intervalms="43.284">
  <response-info timems="0.113" idlems="0.113" threads="0" lastid="0000000001916700" lastname="main" />
</exclusive-start>
<allocation-taxation id="5227" taxation-threshold="38797312" timestamp="2019-06-16T02:56:34.642" intervalms="43.212" />
<cycle-start id="5228" type="partial gc" contextid="0" timestamp="2019-06-16T02:56:34.643" intervalms="43.213" />
<gc-start id="5229" type="partial gc" contextid="5228" timestamp="2019-06-16T02:56:34.643">
  <mem-info id="5230" free="40894464" total="131072000" percent="31">
    <mem type="eden" free="0" total="38797312" percent="0" />
    <remembered-set count="2816" freebytes="5220736" totalbytes="5232000" percent="99" regionsoverflowed="0" regionsstable="18" regionsrebuilding="0"/>
  </mem-info>
</gc-start>
<allocation-stats totalBytes="38794424" >
  <allocated-bytes non-tlh="0" tlh="38794424" arrayletleaf="0"/>
  <largest-consumer threadName="main" threadId="0000000001916700" bytes="38794424" />
</allocation-stats>
<gc-op id="5231" type="copy forward" timems="1.151" contextid="5228" timestamp="2019-06-16T02:56:34.645">
  <memory-copied type="eden" objects="11" bytes="304" bytesdiscarded="0" />
  <memory-copied type="other" objects="62" bytes="1672" bytesdiscarded="256" />
  <memory-cardclean objects="106" bytes="11360" />
  <regions eden="37" other="6" />
  <remembered-set-cleared processed="74" cleared="28" durationms="0.144" />
  <references type="weak" candidates="2" cleared="0" enqueued="0" />
  <stringconstants candidates="13705" cleared="0"  />
</gc-op>
<gc-op id="5232" type="classunload" timems="0.004" contextid="5228" timestamp="2019-06-16T02:56:34.645">
  <classunload-info classloadercandidates="53" classloadersunloaded="0" classesunloaded="0" anonymousclassesunloaded="0" quiescems="0.000" setupms="0.004" scanms="0.000" postms="0.000" />
</gc-op>
<gc-end id="5233" type="partial gc" contextid="5228" durationms="2.569" usertimems="0.000" systemtimems="4.000" timestamp="2019-06-16T02:56:34.646" activeThreads="1">
  <mem-info id="5234" free="80740352" total="131072000" percent="61">
    <mem type="eden" free="1048272" total="1048576" percent="99" />
    <remembered-set count="2336" freebytes="5222656" totalbytes="5232000" percent="99" regionsoverflowed="0" regionsstable="18" regionsrebuilding="0"/>
  </mem-info>
</gc-end>
<cycle-end id="5235" type="partial gc" contextid="5228" timestamp="2019-06-16T02:56:34.646" />
  <attribute name="elasticGC enabled" value="1" />
  <attribute name= "numThreadsSpecified" value="1" />
  <attribute name="heapSize specified" value="0" />
  <attribute name="Current GC Util" value="154" />
  <attribute name= "Current Time Running" value="67009" />
  <attribute name ="GC Interval" value="0" />
  <attribute name="ProportionalT" value="201.000000" />
  <attribute name="ProportionalI" value="201.000000" />
  <attribute name="ProportionalH" value="201.000000" />
  <attribute name="Current Error" value="134.000000" />
  <attribute name="IntegralT" value="0.000000" />
  <attribute name="IntegralI" value="0.000000" />
  <attribute name="IntegralH" value="0.000000" />
  <attribute name="DerivativeT" value="inf" />
  <attribute name="DerivativeI" value="inf" />
  <attribute name="DerivativeH" value="inf" />
  <attribute name="Loop Time for DT" value="0.000000" />
  <attribute name="Output H" value="8388608"/>
  <attribute name="Output I" value="200"/>
  <attribute name="Output T" value="1"/>
  <attribute name="Target GC Util Change" value ="20.000000" />
  <attribute name="Current GC Util Change" value="154.000000"/>
  <attribute name="GC Util currently" value="154" />
  <attribute name="CPU Util currently" value="12770437572534" />
<exclusive-end id="5236" timestamp="2019-06-16T02:56:34.646" durationms="3.879" />

<exclusive-start id="5237" timestamp="2019-06-16T02:56:34.777" intervalms="135.139">
  <response-info timems="0.092" idlems="0.092" threads="0" lastid="0000000001916700" lastname="main" />
</exclusive-start>
<allocation-taxation id="5238" taxation-threshold="38797312" timestamp="2019-06-16T02:56:34.778" intervalms="135.251" />
<cycle-start id="5239" type="partial gc" contextid="0" timestamp="2019-06-16T02:56:34.778" intervalms="135.274" />
<gc-start id="5240" type="partial gc" contextid="5239" timestamp="2019-06-16T02:56:34.778">
  <mem-info id="5241" free="41943040" total="131072000" percent="32">
    <mem type="eden" free="1048272" total="39845888" percent="2" />
    <remembered-set count="2336" freebytes="5222656" totalbytes="5232000" percent="99" regionsoverflowed="0" regionsstable="18" regionsrebuilding="0"/>
  </mem-info>
</gc-start>
<allocation-stats totalBytes="38766712" >
  <allocated-bytes non-tlh="0" tlh="38766712" arrayletleaf="0"/>
  <largest-consumer threadName="main" threadId="0000000001916700" bytes="38766712" />
</allocation-stats>
<gc-op id="5242" type="copy forward" timems="1.228" contextid="5239" timestamp="2019-06-16T02:56:34.781">
  <memory-copied type="eden" objects="49" bytes="2272" bytesdiscarded="0" />
  <memory-copied type="other" objects="24" bytes="576" bytesdiscarded="104" />
  <memory-cardclean objects="144" bytes="4024" />
  <regions eden="37" other="5" />
  <remembered-set-cleared processed="79" cleared="34" durationms="0.143" />
  <stringconstants candidates="13705" cleared="0"  />
</gc-op>
<gc-op id="5243" type="classunload" timems="0.004" contextid="5239" timestamp="2019-06-16T02:56:34.781">
  <classunload-info classloadercandidates="53" classloadersunloaded="0" classesunloaded="0" anonymousclassesunloaded="0" quiescems="0.000" setupms="0.004" scanms="0.000" postms="0.000" />
</gc-op>
<heap-resize id="5244" type="contract" space="default" amount="4194304" count="1" timems="0.077" reason="excess free space following gc" timestamp="2019-06-16T02:56:34.781" />
<gc-end id="5245" type="partial gc" contextid="5239" durationms="3.104" usertimems="0.000" systemtimems="0.000" timestamp="2019-06-16T02:56:34.781" activeThreads="1">
  <mem-info id="5246" free="77594624" total="126877696" percent="61">
    <mem type="eden" free="1046304" total="1048576" percent="99" />
    <remembered-set count="2368" freebytes="5222528" totalbytes="5232000" percent="99" regionsoverflowed="0" regionsstable="18" regionsrebuilding="0"/>
  </mem-info>
</gc-end>
<cycle-end id="5247" type="partial gc" contextid="5239" timestamp="2019-06-16T02:56:34.782" />
  <attribute name="elasticGC enabled" value="1" />
  <attribute name= "numThreadsSpecified" value="1" />
  <attribute name="heapSize specified" value="0" />
  <attribute name="Current GC Util" value="240" />
  <attribute name= "Current Time Running" value="67144" />
  <attribute name ="GC Interval" value="0" />
  <attribute name="ProportionalT" value="330.000000" />
  <attribute name="ProportionalI" value="330.000000" />
  <attribute name="ProportionalH" value="330.000000" />
  <attribute name="Current Error" value="220.000000" />
  <attribute name="IntegralT" value="0.000000" />
  <attribute name="IntegralI" value="0.000000" />
  <attribute name="IntegralH" value="0.000000" />
  <attribute name="DerivativeT" value="inf" />
  <attribute name="DerivativeI" value="inf" />
  <attribute name="DerivativeH" value="inf" />
  <attribute name="Loop Time for DT" value="0.000000" />
  <attribute name="Output H" value="8388608"/>
  <attribute name="Output I" value="200"/>
  <attribute name="Output T" value="1"/>
  <attribute name="Target GC Util Change" value ="20.000000" />
  <attribute name="Current GC Util Change" value="240.000000"/>
  <attribute name="GC Util currently" value="240" />
  <attribute name="CPU Util currently" value="10313094758553" />
<exclusive-end id="5248" timestamp="2019-06-16T02:56:34.782" durationms="4.697" />

<exclusive-start id="5249" timestamp="2019-06-16T02:56:34.867" intervalms="89.957">
  <response-info timems="0.087" idlems="0.087" threads="0" lastid="0000000001916700" lastname="main" />
</exclusive-start>
<allocation-taxation id="5250" taxation-threshold="37748736" timestamp="2019-06-16T02:56:34.868" intervalms="89.925" />
<cycle-start id="5251" type="partial gc" contextid="0" timestamp="2019-06-16T02:56:34.868" intervalms="89.928" />
<gc-start id="5252" type="partial gc" contextid="5251" timestamp="2019-06-16T02:56:34.868">
  <mem-info id="5253" free="39845888" total="126877696" percent="31">
    <mem type="eden" free="0" total="37748736" percent="0" />
    <remembered-set count="2336" freebytes="5222656" totalbytes="5232000" percent="99" regionsoverflowed="0" regionsstable="18" regionsrebuilding="0"/>
  </mem-info>
</gc-start>
<allocation-stats totalBytes="37722024" >
  <allocated-bytes non-tlh="0" tlh="37722024" arrayletleaf="0"/>
  <largest-consumer threadName="main" threadId="0000000001916700" bytes="37722024" />
</allocation-stats>
<gc-op id="5254" type="copy forward" timems="3.281" contextid="5251" timestamp="2019-06-16T02:56:34.873">
  <memory-copied type="eden" objects="24" bytes="736" bytesdiscarded="672" />
  <memory-copied type="other" objects="94" bytes="2328" bytesdiscarded="3008" />
  <memory-cardclean objects="179" bytes="5296" />
  <regions eden="36" other="5" />
  <remembered-set-cleared processed="73" cleared="28" durationms="0.104" />
  <stringconstants candidates="13705" cleared="0"  />
</gc-op>
<gc-op id="5255" type="classunload" timems="0.004" contextid="5251" timestamp="2019-06-16T02:56:34.873">
  <classunload-info classloadercandidates="53" classloadersunloaded="0" classesunloaded="0" anonymousclassesunloaded="0" quiescems="0.000" setupms="0.004" scanms="0.000" postms="0.000" />
</gc-op>
<gc-end id="5256" type="partial gc" contextid="5251" durationms="5.180" usertimems="8.000" systemtimems="0.000" timestamp="2019-06-16T02:56:34.873" activeThreads="4">
  <mem-info id="5257" free="77594624" total="126877696" percent="61">
    <mem type="eden" free="1047168" total="1048576" percent="99" />
    <remembered-set count="2272" freebytes="5055488" totalbytes="5064576" percent="99" regionsoverflowed="0" regionsstable="18" regionsrebuilding="0"/>
  </mem-info>
</gc-end>
<cycle-end id="5258" type="partial gc" contextid="5251" timestamp="2019-06-16T02:56:34.874" />
  <attribute name="elasticGC enabled" value="1" />
  <attribute name= "numThreadsSpecified" value="4" />
  <attribute name="heapSize specified" value="0" />
  <attribute name="Current GC Util" value="131" />
  <attribute name= "Current Time Running" value="67235" />
  <attribute name ="GC Interval" value="0" />
  <attribute name="ProportionalT" value="166.500000" />
  <attribute name="ProportionalI" value="166.500000" />
  <attribute name="ProportionalH" value="166.500000" />
  <attribute name="Current Error" value="111.000000" />
  <attribute name="IntegralT" value="111.000000" />
  <attribute name="IntegralI" value="111.000000" />
  <attribute name="IntegralH" value="111.000000" />
  <attribute name="DerivativeT" value="111.000000" />
  <attribute name="DerivativeI" value="111.000000" />
  <attribute name="DerivativeH" value="111.000000" />
  <attribute name="Loop Time for DT" value="1.000000" />
  <attribute name="Output H" value="8388608"/>
  <attribute name="Output I" value="392"/>
  <attribute name="Output T" value="4"/>
  <attribute name="Target GC Util Change" value ="20.000000" />
  <attribute name="Current GC Util Change" value="131.000000"/>
  <attribute name="GC Util currently" value="131" />
  <attribute name="CPU Util currently" value="5799192379689" />
<exclusive-end id="5259" timestamp="2019-06-16T02:56:34.874" durationms="6.597" />

<exclusive-start id="5260" timestamp="2019-06-16T02:56:34.920" intervalms="52.906">
  <response-info timems="0.115" idlems="0.115" threads="0" lastid="0000000001916700" lastname="main" />
</exclusive-start>
<allocation-taxation id="5261" taxation-threshold="37748736" timestamp="2019-06-16T02:56:34.920" intervalms="52.868" />
<cycle-start id="5262" type="partial gc" contextid="0" timestamp="2019-06-16T02:56:34.921" intervalms="52.860" />
<gc-start id="5263" type="partial gc" contextid="5262" timestamp="2019-06-16T02:56:34.921">
  <mem-info id="5264" free="39845888" total="126877696" percent="31">
    <mem type="eden" free="1047168" total="38797312" percent="2" />
    <remembered-set count="2272" freebytes="5055488" totalbytes="5064576" percent="99" regionsoverflowed="0" regionsstable="18" regionsrebuilding="0"/>
  </mem-info>
</gc-start>
<allocation-stats totalBytes="37734000" >
  <allocated-bytes non-tlh="0" tlh="37734000" arrayletleaf="0"/>
  <largest-consumer threadName="main" threadId="0000000001916700" bytes="37734000" />
</allocation-stats>
<gc-op id="5265" type="copy forward" timems="1.187" contextid="5262" timestamp="2019-06-16T02:56:34.923">
  <memory-copied type="eden" objects="25" bytes="1312" bytesdiscarded="0" />
  <memory-copied type="other" objects="25" bytes="600" bytesdiscarded="368" />
  <memory-cardclean objects="73" bytes="2128" />
  <regions eden="36" other="3" />
  <remembered-set-cleared processed="83" cleared="17" durationms="0.142" />
  <stringconstants candidates="13705" cleared="0"  />
</gc-op>
<gc-op id="5266" type="classunload" timems="0.017" contextid="5262" timestamp="2019-06-16T02:56:34.923">
  <classunload-info classloadercandidates="53" classloadersunloaded="0" classesunloaded="0" anonymousclassesunloaded="0" quiescems="0.000" setupms="0.016" scanms="0.000" postms="0.000" />
</gc-op>
<gc-end id="5267" type="partial gc" contextid="5262" durationms="2.583" usertimems="4.000" systemtimems="0.000" timestamp="2019-06-16T02:56:34.924" activeThreads="1">
  <mem-info id="5268" free="77594624" total="126877696" percent="61">
    <mem type="eden" free="2095696" total="2097152" percent="99" />
    <remembered-set count="2304" freebytes="5055360" totalbytes="5064576" percent="99" regionsoverflowed="0" regionsstable="18" regionsrebuilding="0"/>
  </mem-info>
</gc-end>
<cycle-end id="5269" type="partial gc" contextid="5262" timestamp="2019-06-16T02:56:34.924" />
  <attribute name="elasticGC enabled" value="1" />
  <attribute name= "numThreadsSpecified" value="1" />
  <attribute name="heapSize specified" value="0" />
  <attribute name="Current GC Util" value="152" />
  <attribute name= "Current Time Running" value="67287" />
  <attribute name ="GC Interval" value="0" />
  <attribute name="ProportionalT" value="198.000000" />
  <attribute name="ProportionalI" value="198.000000" />
  <attribute name="ProportionalH" value="198.000000" />
  <attribute name="Current Error" value="132.000000" />
  <attribute name="IntegralT" value="0.000000" />
  <attribute name="IntegralI" value="0.000000" />
  <attribute name="IntegralH" value="0.000000" />
  <attribute name="DerivativeT" value="inf" />
  <attribute name="DerivativeI" value="inf" />
  <attribute name="DerivativeH" value="inf" />
  <attribute name="Loop Time for DT" value="0.000000" />
  <attribute name="Output H" value="8388608"/>
  <attribute name="Output I" value="200"/>
  <attribute name="Output T" value="1"/>
  <attribute name="Target GC Util Change" value ="20.000000" />
  <attribute name="Current GC Util Change" value="152.000000"/>
  <attribute name="GC Util currently" value="152" />
  <attribute name="CPU Util currently" value="11761144664452" />
<exclusive-end id="5270" timestamp="2019-06-16T02:56:34.924" durationms="3.938" />

<exclusive-start id="5271" timestamp="2019-06-16T02:56:34.936" intervalms="15.813">
  <response-info timems="0.097" idlems="0.097" threads="0" lastid="0000000001916700" lastname="main" />
</exclusive-start>
<allocation-taxation id="5272" taxation-threshold="37748736" timestamp="2019-06-16T02:56:34.936" intervalms="15.761" />
<cycle-start id="5273" type="partial gc" contextid="0" timestamp="2019-06-16T02:56:34.936" intervalms="15.733" />
<gc-start id="5274" type="partial gc" contextid="5273" timestamp="2019-06-16T02:56:34.937">
  <mem-info id="5275" free="39845888" total="126877696" percent="31">
    <mem type="eden" free="0" total="37748736" percent="0" />
    <remembered-set count="2080" freebytes="5056256" totalbytes="5064576" percent="99" regionsoverflowed="0" regionsstable="18" regionsrebuilding="0"/>
  </mem-info>
</gc-start>
<allocation-stats totalBytes="37682256" >
  <allocated-bytes non-tlh="0" tlh="37682256" arrayletleaf="0"/>
  <largest-consumer threadName="main" threadId="0000000001916700" bytes="37682256" />
</allocation-stats>
<gc-op id="5276" type="copy forward" timems="3.016" contextid="5273" timestamp="2019-06-16T02:56:34.941">
  <memory-copied type="eden" objects="3" bytes="72" bytesdiscarded="720" />
  <memory-copied type="other" objects="28" bytes="1376" bytesdiscarded="2472" />
  <memory-cardclean objects="66" bytes="2056" />
  <regions eden="36" other="3" />
  <remembered-set-cleared processed="84" cleared="17" durationms="0.104" />
  <stringconstants candidates="13705" cleared="0"  />
</gc-op>
<gc-op id="5277" type="classunload" timems="0.003" contextid="5273" timestamp="2019-06-16T02:56:34.941">
  <classunload-info classloadercandidates="53" classloadersunloaded="0" classesunloaded="0" anonymousclassesunloaded="0" quiescems="0.000" setupms="0.003" scanms="0.000" postms="0.000" />
</gc-op>
<gc-end id="5278" type="partial gc" contextid="5273" durationms="4.183" usertimems="8.000" systemtimems="0.000" timestamp="2019-06-16T02:56:34.941" activeThreads="4">
  <mem-info id="5279" free="77594624" total="126877696" percent="61">
    <mem type="eden" free="1047784" total="1048576" percent="99" />
    <remembered-set count="2752" freebytes="5053568" totalbytes="5064576" percent="99" regionsoverflowed="0" regionsstable="18" regionsrebuilding="0"/>
  </mem-info>
</gc-end>
<cycle-end id="5280" type="partial gc" contextid="5273" timestamp="2019-06-16T02:56:34.941" />
  <attribute name="elasticGC enabled" value="1" />
  <attribute name= "numThreadsSpecified" value="4" />
  <attribute name="heapSize specified" value="0" />
  <attribute name="Current GC Util" value="292" />
  <attribute name= "Current Time Running" value="67303" />
  <attribute name ="GC Interval" value="0" />
  <attribute name="ProportionalT" value="408.000000" />
  <attribute name="ProportionalI" value="408.000000" />
  <attribute name="ProportionalH" value="408.000000" />
  <attribute name="Current Error" value="272.000000" />
  <attribute name="IntegralT" value="272.000000" />
  <attribute name="IntegralI" value="272.000000" />
  <attribute name="IntegralH" value="272.000000" />
  <attribute name="DerivativeT" value="272.000000" />
  <attribute name="DerivativeI" value="272.000000" />
  <attribute name="DerivativeH" value="272.000000" />
  <attribute name="Loop Time for DT" value="1.000000" />
  <attribute name="Output H" value="8388608"/>
  <attribute name="Output I" value="952"/>
  <attribute name="Output T" value="4"/>
  <attribute name="Target GC Util Change" value ="20.000000" />
  <attribute name="Current GC Util Change" value="292.000000"/>
  <attribute name="GC Util currently" value="292" />
  <attribute name="CPU Util currently" value="13834075650407" />
<exclusive-end id="5281" timestamp="2019-06-16T02:56:34.941" durationms="5.341" />

<exclusive-start id="5282" timestamp="2019-06-16T02:56:34.954" intervalms="17.474">
  <response-info timems="0.080" idlems="0.080" threads="0" lastid="0000000001916700" lastname="main" />
</exclusive-start>
<allocation-taxation id="5283" taxation-threshold="37748736" timestamp="2019-06-16T02:56:34.954" intervalms="17.502" />
<cycle-start id="5284" type="partial gc" contextid="0" timestamp="2019-06-16T02:56:34.954" intervalms="17.512" />
<gc-start id="5285" type="partial gc" contextid="5284" timestamp="2019-06-16T02:56:34.954">
  <mem-info id="5286" free="39845888" total="126877696" percent="31">
    <mem type="eden" free="1047784" total="38797312" percent="2" />
    <remembered-set count="2752" freebytes="5053568" totalbytes="5064576" percent="99" regionsoverflowed="0" regionsstable="18" regionsrebuilding="0"/>
  </mem-info>
</gc-start>
<allocation-stats totalBytes="37682128" >
  <allocated-bytes non-tlh="0" tlh="37682128" arrayletleaf="0"/>
  <largest-consumer threadName="main" threadId="0000000001916700" bytes="37682128" />
</allocation-stats>
<gc-op id="5287" type="copy forward" timems="1.100" contextid="5284" timestamp="2019-06-16T02:56:34.956">
  <memory-copied type="eden" objects="3" bytes="72" bytesdiscarded="0" />
  <memory-copied type="other" objects="23" bytes="1256" bytesdiscarded="488" />
  <memory-cardclean objects="47" bytes="1480" />
  <regions eden="36" other="3" />
  <remembered-set-cleared processed="85" cleared="16" durationms="0.143" />
  <stringconstants candidates="13705" cleared="0"  />
</gc-op>
<gc-op id="5288" type="classunload" timems="0.003" contextid="5284" timestamp="2019-06-16T02:56:34.956">
  <classunload-info classloadercandidates="53" classloadersunloaded="0" classesunloaded="0" anonymousclassesunloaded="0" quiescems="0.000" setupms="0.003" scanms="0.000" postms="0.000" />
</gc-op>
<heap-resize id="5289" type="contract" space="default" amount="3145728" count="1" timems="0.072" reason="excess free space following gc" timestamp="2019-06-16T02:56:34.957" />
<gc-end id="5290" type="partial gc" contextid="5284" durationms="2.697" usertimems="0.000" systemtimems="0.000" timestamp="2019-06-16T02:56:34.957" activeThreads="1">
  <mem-info id="5291" free="75497472" total="123731968" percent="61">
    <mem type="eden" free="1048504" total="1048576" percent="99" />
    <remembered-set count="2912" freebytes="5052928" totalbytes="5064576" percent="99" regionsoverflowed="0" regionsstable="18" regionsrebuilding="0"/>
  </mem-info>
</gc-end>
<cycle-end id="5292" type="partial gc" contextid="5284" timestamp="2019-06-16T02:56:34.957" />
  <attribute name="elasticGC enabled" value="1" />
  <attribute name= "numThreadsSpecified" value="1" />
  <attribute name="heapSize specified" value="0" />
  <attribute name="Current GC Util" value="202" />
  <attribute name= "Current Time Running" value="67320" />
  <attribute name ="GC Interval" value="0" />
  <attribute name="ProportionalT" value="273.000000" />
  <attribute name="ProportionalI" value="273.000000" />
  <attribute name="ProportionalH" value="273.000000" />
  <attribute name="Current Error" value="182.000000" />
  <attribute name="IntegralT" value="0.000000" />
  <attribute name="IntegralI" value="0.000000" />
  <attribute name="IntegralH" value="0.000000" />
  <attribute name="DerivativeT" value="inf" />
  <attribute name="DerivativeI" value="inf" />
  <attribute name="DerivativeH" value="inf" />
  <attribute name="Loop Time for DT" value="0.000000" />
  <attribute name="Output H" value="8388608"/>
  <attribute name="Output I" value="200"/>
  <attribute name="Output T" value="1"/>
  <attribute name="Target GC Util Change" value ="20.000000" />
  <attribute name="Current GC Util Change" value="202.000000"/>
  <attribute name="GC Util currently" value="202" />
  <attribute name="CPU Util currently" value="13023866353336" />
<exclusive-end id="5293" timestamp="2019-06-16T02:56:34.958" durationms="4.015" />

<exclusive-start id="5294" timestamp="2019-06-16T02:56:34.970" intervalms="15.998">
  <response-info timems="0.056" idlems="0.056" threads="0" lastid="0000000001916700" lastname="main" />
</exclusive-start>
<allocation-taxation id="5295" taxation-threshold="37748736" timestamp="2019-06-16T02:56:34.970" intervalms="15.989" />
<cycle-start id="5296" type="partial gc" contextid="0" timestamp="2019-06-16T02:56:34.970" intervalms="16.001" />
<gc-start id="5297" type="partial gc" contextid="5296" timestamp="2019-06-16T02:56:34.970">
  <mem-info id="5298" free="37748736" total="123731968" percent="30">
    <mem type="eden" free="1048504" total="38797312" percent="2" />
    <remembered-set count="2656" freebytes="5053952" totalbytes="5064576" percent="99" regionsoverflowed="0" regionsstable="18" regionsrebuilding="0"/>
  </mem-info>
</gc-start>
<allocation-stats totalBytes="37681440" >
  <allocated-bytes non-tlh="0" tlh="37681440" arrayletleaf="0"/>
  <largest-consumer threadName="main" threadId="0000000001916700" bytes="37681440" />
</allocation-stats>
<gc-op id="5299" type="copy forward" timems="3.451" contextid="5296" timestamp="2019-06-16T02:56:34.975">
  <memory-copied type="eden" objects="3" bytes="72" bytesdiscarded="720" />
  <memory-copied type="other" objects="23" bytes="1256" bytesdiscarded="1472" />
  <memory-cardclean objects="57" bytes="1752" />
  <regions eden="36" other="3" />
  <remembered-set-cleared processed="86" cleared="17" durationms="0.104" />
  <stringconstants candidates="13705" cleared="0"  />
</gc-op>
<gc-op id="5300" type="classunload" timems="0.003" contextid="5296" timestamp="2019-06-16T02:56:34.975">
  <classunload-info classloadercandidates="53" classloadersunloaded="0" classesunloaded="0" anonymousclassesunloaded="0" quiescems="0.000" setupms="0.003" scanms="0.000" postms="0.000" />
</gc-op>
<heap-resize id="5301" type="contract" space="default" amount="2097152" count="1" timems="0.064" reason="excess free space following gc" timestamp="2019-06-16T02:56:34.975" />
<gc-end id="5302" type="partial gc" contextid="5296" durationms="5.345" usertimems="8.000" systemtimems="0.000" timestamp="2019-06-16T02:56:34.976" activeThreads="4">
  <mem-info id="5303" free="74448896" total="121634816" percent="61">
    <mem type="eden" free="1047784" total="1048576" percent="99" />
    <remembered-set count="2240" freebytes="4930048" totalbytes="4939008" percent="99" regionsoverflowed="0" regionsstable="18" regionsrebuilding="0"/>
  </mem-info>
</gc-end>
<cycle-end id="5304" type="partial gc" contextid="5296" timestamp="2019-06-16T02:56:34.976" />
  <attribute name="elasticGC enabled" value="1" />
  <attribute name= "numThreadsSpecified" value="4" />
  <attribute name="heapSize specified" value="0" />
  <attribute name="Current GC Util" value="124" />
  <attribute name= "Current Time Running" value="67337" />
  <attribute name ="GC Interval" value="0" />
  <attribute name="ProportionalT" value="156.000000" />
  <attribute name="ProportionalI" value="156.000000" />
  <attribute name="ProportionalH" value="156.000000" />
  <attribute name="Current Error" value="104.000000" />
  <attribute name="IntegralT" value="104.000000" />
  <attribute name="IntegralI" value="104.000000" />
  <attribute name="IntegralH" value="104.000000" />
  <attribute name="DerivativeT" value="104.000000" />
  <attribute name="DerivativeI" value="104.000000" />
  <attribute name="DerivativeH" value="104.000000" />
  <attribute name="Loop Time for DT" value="1.000000" />
  <attribute name="Output H" value="8388608"/>
  <attribute name="Output I" value="368"/>
  <attribute name="Output T" value="4"/>
  <attribute name="Target GC Util Change" value ="20.000000" />
  <attribute name="Current GC Util Change" value="124.000000"/>
  <attribute name="GC Util currently" value="124" />
  <attribute name="CPU Util currently" value="6060567692967" />
<exclusive-end id="5305" timestamp="2019-06-16T02:56:34.976" durationms="6.586" />

<exclusive-start id="5306" timestamp="2019-06-16T02:56:34.988" intervalms="18.293">
  <response-info timems="0.083" idlems="0.083" threads="0" lastid="0000000001916700" lastname="main" />
</exclusive-start>
<allocation-taxation id="5307" taxation-threshold="36700160" timestamp="2019-06-16T02:56:34.988" intervalms="18.247" />
<cycle-start id="5308" type="partial gc" contextid="0" timestamp="2019-06-16T02:56:34.988" intervalms="18.260" />
<gc-start id="5309" type="partial gc" contextid="5308" timestamp="2019-06-16T02:56:34.989">
  <mem-info id="5310" free="37748736" total="121634816" percent="31">
    <mem type="eden" free="1047784" total="37748736" percent="2" />
    <remembered-set count="1824" freebytes="4931712" totalbytes="4939008" percent="99" regionsoverflowed="0" regionsstable="18" regionsrebuilding="0"/>
  </mem-info>
</gc-start>
<allocation-stats totalBytes="36635000" >
  <allocated-bytes non-tlh="0" tlh="36635000" arrayletleaf="0"/>
  <largest-consumer threadName="main" threadId="0000000001916700" bytes="36635000" />
</allocation-stats>
<gc-op id="5311" type="copy forward" timems="2.834" contextid="5308" timestamp="2019-06-16T02:56:34.993">
  <memory-copied type="eden" objects="4" bytes="104" bytesdiscarded="0" />
  <memory-copied type="other" objects="24" bytes="1280" bytesdiscarded="1904" />
  <memory-cardclean objects="61" bytes="1840" />
  <regions eden="35" other="3" />
  <remembered-set-cleared processed="86" cleared="17" durationms="0.103" />
  <stringconstants candidates="13705" cleared="0"  />
</gc-op>
<gc-op id="5312" type="classunload" timems="0.003" contextid="5308" timestamp="2019-06-16T02:56:34.993">
  <classunload-info classloadercandidates="53" classloadersunloaded="0" classesunloaded="0" anonymousclassesunloaded="0" quiescems="0.000" setupms="0.003" scanms="0.000" postms="0.000" />
</gc-op>
<heap-resize id="5313" type="contract" space="default" amount="3145728" count="1" timems="0.062" reason="excess free space following gc" timestamp="2019-06-16T02:56:34.993" />
<gc-end id="5314" type="partial gc" contextid="5308" durationms="4.627" usertimems="8.000" systemtimems="0.000" timestamp="2019-06-16T02:56:34.993" activeThreads="4">
  <mem-info id="5315" free="72351744" total="118489088" percent="61">
    <mem type="eden" free="1048472" total="1048576" percent="99" />
    <remembered-set count="2720" freebytes="4844416" totalbytes="4855296" percent="99" regionsoverflowed="0" regionsstable="18" regionsrebuilding="0"/>
  </mem-info>
</gc-end>
<cycle-end id="5316" type="partial gc" contextid="5308" timestamp="2019-06-16T02:56:34.993" />
  <attribute name="elasticGC enabled" value="1" />
  <attribute name= "numThreadsSpecified" value="4" />
  <attribute name="heapSize specified" value="0" />
  <attribute name="Current GC Util" value="96" />
  <attribute name= "Current Time Running" value="67355" />
  <attribute name ="GC Interval" value="0" />
  <attribute name="ProportionalT" value="114.000000" />
  <attribute name="ProportionalI" value="114.000000" />
  <attribute name="ProportionalH" value="114.000000" />
  <attribute name="Current Error" value="76.000000" />
  <attribute name="IntegralT" value="76.000000" />
  <attribute name="IntegralI" value="76.000000" />
  <attribute name="IntegralH" value="76.000000" />
  <attribute name="DerivativeT" value="44.000000" />
  <attribute name="DerivativeI" value="44.000000" />
  <attribute name="DerivativeH" value="44.000000" />
  <attribute name="Loop Time for DT" value="1.000000" />
  <attribute name="Output H" value="8388608"/>
  <attribute name="Output I" value="240"/>
  <attribute name="Output T" value="4"/>
  <attribute name="Target GC Util Change" value ="20.000000" />
  <attribute name="Current GC Util Change" value="96.000000"/>
  <attribute name="GC Util currently" value="96" />
  <attribute name="CPU Util currently" value="6665229983532" />
<exclusive-end id="5317" timestamp="2019-06-16T02:56:34.994" durationms="5.754" />

<exclusive-start id="5318" timestamp="2019-06-16T02:56:35.005" intervalms="17.020">
  <response-info timems="0.108" idlems="0.108" threads="0" lastid="0000000001916700" lastname="main" />
</exclusive-start>
<allocation-taxation id="5319" taxation-threshold="35651584" timestamp="2019-06-16T02:56:35.005" intervalms="17.027" />
<cycle-start id="5320" type="partial gc" contextid="0" timestamp="2019-06-16T02:56:35.005" intervalms="16.955" />
<gc-start id="5321" type="partial gc" contextid="5320" timestamp="2019-06-16T02:56:35.005">
  <mem-info id="5322" free="36700160" total="118489088" percent="30">
    <mem type="eden" free="1048472" total="36700160" percent="2" />
    <remembered-set count="2720" freebytes="4844416" totalbytes="4855296" percent="99" regionsoverflowed="0" regionsstable="18" regionsrebuilding="0"/>
  </mem-info>
</gc-start>
<allocation-stats totalBytes="35588872" >
  <allocated-bytes non-tlh="0" tlh="35588872" arrayletleaf="0"/>
  <largest-consumer threadName="main" threadId="0000000001916700" bytes="35588872" />
</allocation-stats>
<gc-op id="5323" type="copy forward" timems="2.380" contextid="5320" timestamp="2019-06-16T02:56:35.009">
  <memory-copied type="eden" objects="3" bytes="72" bytesdiscarded="0" />
  <memory-copied type="other" objects="25" bytes="1304" bytesdiscarded="1112" />
  <memory-cardclean objects="64" bytes="1920" />
  <regions eden="34" other="3" />
  <remembered-set-cleared processed="86" cleared="17" durationms="0.102" />
  <stringconstants candidates="13705" cleared="0"  />
</gc-op>
<gc-op id="5324" type="classunload" timems="0.004" contextid="5320" timestamp="2019-06-16T02:56:35.009">
  <classunload-info classloadercandidates="53" classloadersunloaded="0" classesunloaded="0" anonymousclassesunloaded="0" quiescems="0.000" setupms="0.004" scanms="0.000" postms="0.000" />
</gc-op>
<heap-resize id="5325" type="contract" space="default" amount="2097152" count="1" timems="0.055" reason="excess free space following gc" timestamp="2019-06-16T02:56:35.010" />
<gc-end id="5326" type="partial gc" contextid="5320" durationms="4.178" usertimems="8.000" systemtimems="0.000" timestamp="2019-06-16T02:56:35.010" activeThreads="4">
  <mem-info id="5327" free="71303168" total="116391936" percent="61">
    <mem type="eden" free="1048504" total="1048576" percent="99" />
    <remembered-set count="2688" freebytes="4718976" totalbytes="4729728" percent="99" regionsoverflowed="0" regionsstable="18" regionsrebuilding="0"/>
  </mem-info>
</gc-end>
<cycle-end id="5328" type="partial gc" contextid="5320" timestamp="2019-06-16T02:56:35.010" />
  <attribute name="elasticGC enabled" value="1" />
  <attribute name= "numThreadsSpecified" value="4" />
  <attribute name="heapSize specified" value="0" />
  <attribute name="Current GC Util" value="85" />
  <attribute name= "Current Time Running" value="67372" />
  <attribute name ="GC Interval" value="0" />
  <attribute name="ProportionalT" value="97.500000" />
  <attribute name="ProportionalI" value="97.500000" />
  <attribute name="ProportionalH" value="97.500000" />
  <attribute name="Current Error" value="65.000000" />
  <attribute name="IntegralT" value="65.000000" />
  <attribute name="IntegralI" value="65.000000" />
  <attribute name="IntegralH" value="65.000000" />
  <attribute name="DerivativeT" value="37.000000" />
  <attribute name="DerivativeI" value="37.000000" />
  <attribute name="DerivativeH" value="37.000000" />
  <attribute name="Loop Time for DT" value="1.000000" />
  <attribute name="Output H" value="8388608"/>
  <attribute name="Output I" value="200"/>
  <attribute name="Output T" value="4"/>
  <attribute name="Target GC Util Change" value ="20.000000" />
  <attribute name="Current GC Util Change" value="85.000000"/>
  <attribute name="GC Util currently" value="85" />
  <attribute name="CPU Util currently" value="6584999622828" />
<exclusive-end id="5329" timestamp="2019-06-16T02:56:35.010" durationms="5.327" />

<exclusive-start id="5330" timestamp="2019-06-16T02:56:35.064" intervalms="58.708">
  <response-info timems="0.080" idlems="0.080" threads="0" lastid="0000000001916700" lastname="main" />
</exclusive-start>
<allocation-taxation id="5331" taxation-threshold="35651584" timestamp="2019-06-16T02:56:35.064" intervalms="58.702" />
<cycle-start id="5332" type="partial gc" contextid="0" timestamp="2019-06-16T02:56:35.064" intervalms="58.676" />
<gc-start id="5333" type="partial gc" contextid="5332" timestamp="2019-06-16T02:56:35.064">
  <mem-info id="5334" free="35651584" total="116391936" percent="30">
    <mem type="eden" free="1048504" total="36700160" percent="2" />
    <remembered-set count="2688" freebytes="4718976" totalbytes="4729728" percent="99" regionsoverflowed="0" regionsstable="18" regionsrebuilding="0"/>
  </mem-info>
</gc-start>
<allocation-stats totalBytes="35605656" >
  <allocated-bytes non-tlh="0" tlh="35605656" arrayletleaf="0"/>
  <largest-consumer threadName="main" threadId="0000000001916700" bytes="35605656" />
</allocation-stats>
<gc-op id="5335" type="copy forward" timems="1.113" contextid="5332" timestamp="2019-06-16T02:56:35.067">
  <memory-copied type="eden" objects="33" bytes="1408" bytesdiscarded="0" />
  <memory-copied type="other" objects="12" bytes="280" bytesdiscarded="416" />
  <memory-cardclean objects="79" bytes="2344" />
  <regions eden="34" other="3" />
  <remembered-set-cleared processed="85" cleared="19" durationms="0.139" />
  <stringconstants candidates="13705" cleared="0"  />
</gc-op>
<gc-op id="5336" type="classunload" timems="0.004" contextid="5332" timestamp="2019-06-16T02:56:35.067">
  <classunload-info classloadercandidates="53" classloadersunloaded="0" classesunloaded="0" anonymousclassesunloaded="0" quiescems="0.000" setupms="0.004" scanms="0.000" postms="0.000" />
</gc-op>
<heap-resize id="5337" type="contract" space="default" amount="3145728" count="1" timems="0.129" reason="excess free space following gc" timestamp="2019-06-16T02:56:35.067" />
<gc-end id="5338" type="partial gc" contextid="5332" durationms="3.027" usertimems="4.000" systemtimems="0.000" timestamp="2019-06-16T02:56:35.067" activeThreads="1">
  <mem-info id="5339" free="69206016" total="113246208" percent="61">
    <mem type="eden" free="1047168" total="1048576" percent="99" />
    <remembered-set count="1664" freebytes="4639360" totalbytes="4646016" percent="99" regionsoverflowed="0" regionsstable="18" regionsrebuilding="0"/>
  </mem-info>
</gc-end>
<cycle-end id="5340" type="partial gc" contextid="5332" timestamp="2019-06-16T02:56:35.067" />
  <attribute name="elasticGC enabled" value="1" />
  <attribute name= "numThreadsSpecified" value="1" />
  <attribute name="heapSize specified" value="0" />
  <attribute name="Current GC Util" value="80" />
  <attribute name= "Current Time Running" value="67430" />
  <attribute name ="GC Interval" value="0" />
  <attribute name="ProportionalT" value="90.000000" />
  <attribute name="ProportionalI" value="90.000000" />
  <attribute name="ProportionalH" value="90.000000" />
  <attribute name="Current Error" value="60.000000" />
  <attribute name="IntegralT" value="0.000000" />
  <attribute name="IntegralI" value="0.000000" />
  <attribute name="IntegralH" value="0.000000" />
  <attribute name="DerivativeT" value="inf" />
  <attribute name="DerivativeI" value="inf" />
  <attribute name="DerivativeH" value="inf" />
  <attribute name="Loop Time for DT" value="0.000000" />
  <attribute name="Output H" value="8388608"/>
  <attribute name="Output I" value="200"/>
  <attribute name="Output T" value="1"/>
  <attribute name="Target GC Util Change" value ="20.000000" />
  <attribute name="Current GC Util Change" value="80.000000"/>
  <attribute name="GC Util currently" value="80" />
  <attribute name="CPU Util currently" value="6570916379932" />
<exclusive-end id="5341" timestamp="2019-06-16T02:56:35.068" durationms="4.134" />

<exclusive-start id="5342" timestamp="2019-06-16T02:56:35.094" intervalms="30.197">
  <response-info timems="0.076" idlems="0.076" threads="0" lastid="0000000001916700" lastname="main" />
</exclusive-start>
<allocation-taxation id="5343" taxation-threshold="16777216" timestamp="2019-06-16T02:56:35.094" intervalms="30.177" />
<cycle-start id="5344" type="global mark phase" contextid="0" timestamp="2019-06-16T02:56:35.094" intervalms="1122.049" />
<gc-start id="5345" type="global mark phase" contextid="5344" timestamp="2019-06-16T02:56:35.094">
  <mem-info id="5346" free="52428800" total="113246208" percent="46">
    <remembered-set count="1408" freebytes="4640384" totalbytes="4646016" percent="99" regionsoverflowed="0" regionsstable="18" regionsrebuilding="0"/>
  </mem-info>
</gc-start>
<gc-op id="5347" type="mark increment" timems="0.949" contextid="5344" timestamp="2019-06-16T02:56:35.095">
  <trace-info objectcount="184" scancount="0" scanbytes="0" />
</gc-op>
<gc-end id="5348" type="global mark phase" contextid="5344" durationms="1.154" usertimems="4.000" systemtimems="0.000" timestamp="2019-06-16T02:56:35.095" activeThreads="4">
  <mem-info id="5349" free="52428800" total="113246208" percent="46">
    <remembered-set count="1408" freebytes="4640384" totalbytes="4646016" percent="99" regionsoverflowed="0" regionsstable="0" regionsrebuilding="18"/>
  </mem-info>
</gc-end>
<concurrent-start id="5350" type="GMP work packet processing" contextid="5344" timestamp="2019-06-16T02:56:35.095">
  <concurrent-mark-start scanTarget="1958995" />
</concurrent-start>
<exclusive-end id="5351" timestamp="2019-06-16T02:56:35.096" durationms="1.939" />

<concurrent-end id="5352" type="GMP work packet processing" contextid="5344" timestamp="2019-06-16T02:56:35.098">
  <concurrent-mark-end bytesScanned="2003964" reasonForTermination="Work target met" />
</concurrent-end>

<exclusive-start id="5353" timestamp="2019-06-16T02:56:35.106" intervalms="11.864">
  <response-info timems="0.059" idlems="0.059" threads="0" lastid="0000000001916700" lastname="main" />
</exclusive-start>
<allocation-taxation id="5354" taxation-threshold="16777216" timestamp="2019-06-16T02:56:35.106" intervalms="11.847" />
<cycle-start id="5355" type="partial gc" contextid="0" timestamp="2019-06-16T02:56:35.106" intervalms="42.038" />
<gc-start id="5356" type="partial gc" contextid="5355" timestamp="2019-06-16T02:56:35.106">
  <mem-info id="5357" free="35651584" total="113246208" percent="31">
    <mem type="eden" free="0" total="33554432" percent="0" />
    <remembered-set count="22176" freebytes="4557312" totalbytes="4646016" percent="98" regionsoverflowed="0" regionsstable="0" regionsrebuilding="18"/>
  </mem-info>
</gc-start>
<allocation-stats totalBytes="33516912" >
  <allocated-bytes non-tlh="0" tlh="33516912" arrayletleaf="0"/>
  <largest-consumer threadName="main" threadId="0000000001916700" bytes="16763112" />
</allocation-stats>
<gc-op id="5358" type="copy forward" timems="4.845" contextid="5355" timestamp="2019-06-16T02:56:35.112">
  <memory-copied type="eden" objects="29" bytes="1360" bytesdiscarded="0" />
  <memory-copied type="other" objects="60" bytes="1440" bytesdiscarded="376" />
  <memory-cardclean objects="33835" bytes="1335928" />
  <regions eden="32" other="2" />
  <remembered-set-cleared processed="1573" cleared="994" durationms="0.171" />
  <stringconstants candidates="13705" cleared="0"  />
</gc-op>
<gc-op id="5359" type="classunload" timems="0.005" contextid="5355" timestamp="2019-06-16T02:56:35.112">
  <classunload-info classloadercandidates="53" classloadersunloaded="0" classesunloaded="0" anonymousclassesunloaded="0" quiescems="0.000" setupms="0.005" scanms="0.000" postms="0.000" />
</gc-op>
<gc-end id="5360" type="partial gc" contextid="5355" durationms="6.512" usertimems="4.000" systemtimems="0.000" timestamp="2019-06-16T02:56:35.113" activeThreads="1">
  <mem-info id="5361" free="69206016" total="113246208" percent="61">
    <mem type="eden" free="1047216" total="1048576" percent="99" />
    <remembered-set count="12288" freebytes="4471296" totalbytes="4520448" percent="98" regionsoverflowed="0" regionsstable="0" regionsrebuilding="18"/>
  </mem-info>
</gc-end>
<cycle-end id="5362" type="partial gc" contextid="5355" timestamp="2019-06-16T02:56:35.113" />
  <attribute name="elasticGC enabled" value="1" />
  <attribute name= "numThreadsSpecified" value="1" />
  <attribute name="heapSize specified" value="0" />
  <attribute name="Current GC Util" value="88" />
  <attribute name= "Current Time Running" value="67472" />
  <attribute name ="GC Interval" value="0" />
  <attribute name="ProportionalT" value="102.000000" />
  <attribute name="ProportionalI" value="102.000000" />
  <attribute name="ProportionalH" value="102.000000" />
  <attribute name="Current Error" value="68.000000" />
  <attribute name="IntegralT" value="0.000000" />
  <attribute name="IntegralI" value="0.000000" />
  <attribute name="IntegralH" value="0.000000" />
  <attribute name="DerivativeT" value="inf" />
  <attribute name="DerivativeI" value="inf" />
  <attribute name="DerivativeH" value="inf" />
  <attribute name="Loop Time for DT" value="0.000000" />
  <attribute name="Output H" value="8388608"/>
  <attribute name="Output I" value="200"/>
  <attribute name="Output T" value="1"/>
  <attribute name="Target GC Util Change" value ="20.000000" />
  <attribute name="Current GC Util Change" value="88.000000"/>
  <attribute name="GC Util currently" value="88" />
  <attribute name="CPU Util currently" value="6300358422663" />
<exclusive-end id="5363" timestamp="2019-06-16T02:56:35.113" durationms="7.621" />

<exclusive-start id="5364" timestamp="2019-06-16T02:56:35.120" intervalms="14.242">
  <response-info timems="0.077" idlems="0.077" threads="0" lastid="0000000001916700" lastname="main" />
</exclusive-start>
<allocation-taxation id="5365" taxation-threshold="16777216" timestamp="2019-06-16T02:56:35.120" intervalms="14.297" />
<gc-start id="5366" type="global mark phase" contextid="5344" timestamp="2019-06-16T02:56:35.120">
  <mem-info id="5367" free="52428800" total="113246208" percent="46">
    <remembered-set count="11840" freebytes="4473088" totalbytes="4520448" percent="98" regionsoverflowed="0" regionsstable="0" regionsrebuilding="18"/>
  </mem-info>
</gc-start>
<gc-end id="5368" type="global mark phase" contextid="5344" durationms="0.201" usertimems="0.000" systemtimems="0.000" timestamp="2019-06-16T02:56:35.120" activeThreads="1">
  <mem-info id="5369" free="52428800" total="113246208" percent="46">
    <remembered-set count="11840" freebytes="4473088" totalbytes="4520448" percent="98" regionsoverflowed="0" regionsstable="0" regionsrebuilding="18"/>
  </mem-info>
</gc-end>
<concurrent-start id="5370" type="GMP work packet processing" contextid="5344" timestamp="2019-06-16T02:56:35.121">
  <concurrent-mark-start scanTarget="1048576" />
</concurrent-start>
<exclusive-end id="5371" timestamp="2019-06-16T02:56:35.121" durationms="0.991" />

<concurrent-end id="5372" type="GMP work packet processing" contextid="5344" timestamp="2019-06-16T02:56:35.122">
  <concurrent-mark-end bytesScanned="1109564" reasonForTermination="Work target met" />
</concurrent-end>

<exclusive-start id="5373" timestamp="2019-06-16T02:56:35.127" intervalms="7.460">
  <response-info timems="0.073" idlems="0.073" threads="0" lastid="0000000001916700" lastname="main" />
</exclusive-start>
<allocation-taxation id="5374" taxation-threshold="16777216" timestamp="2019-06-16T02:56:35.127" intervalms="7.406" />
<cycle-start id="5375" type="partial gc" contextid="0" timestamp="2019-06-16T02:56:35.128" intervalms="21.677" />
<gc-start id="5376" type="partial gc" contextid="5375" timestamp="2019-06-16T02:56:35.128">
  <mem-info id="5377" free="35651584" total="113246208" percent="31">
    <mem type="eden" free="0" total="33554432" percent="0" />
    <remembered-set count="24800" freebytes="4421248" totalbytes="4520448" percent="97" regionsoverflowed="0" regionsstable="0" regionsrebuilding="18"/>
  </mem-info>
</gc-start>
<allocation-stats totalBytes="33528464" >
  <allocated-bytes non-tlh="0" tlh="33528464" arrayletleaf="0"/>
  <largest-consumer threadName="main" threadId="0000000001916700" bytes="16765024" />
</allocation-stats>
<gc-op id="5378" type="copy forward" timems="3.345" contextid="5375" timestamp="2019-06-16T02:56:35.132">
  <memory-copied type="eden" objects="4" bytes="288" bytesdiscarded="0" />
  <memory-copied type="other" objects="73" bytes="2648" bytesdiscarded="2696" />
  <memory-cardclean objects="100" bytes="11944" />
  <regions eden="32" other="2" />
  <remembered-set-cleared processed="21785" cleared="138" durationms="0.157" />
  <references type="weak" candidates="30" cleared="0" enqueued="0" />
  <stringconstants candidates="13705" cleared="0"  />
</gc-op>
<gc-op id="5379" type="classunload" timems="0.004" contextid="5375" timestamp="2019-06-16T02:56:35.132">
  <classunload-info classloadercandidates="53" classloadersunloaded="0" classesunloaded="0" anonymousclassesunloaded="0" quiescems="0.000" setupms="0.004" scanms="0.000" postms="0.000" />
</gc-op>
<gc-end id="5380" type="partial gc" contextid="5375" durationms="4.531" usertimems="8.000" systemtimems="0.000" timestamp="2019-06-16T02:56:35.132" activeThreads="4">
  <mem-info id="5381" free="69206016" total="113246208" percent="61">
    <mem type="eden" free="1048288" total="1048576" percent="99" />
    <remembered-set count="25312" freebytes="4419200" totalbytes="4520448" percent="97" regionsoverflowed="0" regionsstable="0" regionsrebuilding="18"/>
  </mem-info>
</gc-end>
<cycle-end id="5382" type="partial gc" contextid="5375" timestamp="2019-06-16T02:56:35.132" />
  <attribute name="elasticGC enabled" value="1" />
  <attribute name= "numThreadsSpecified" value="4" />
  <attribute name="heapSize specified" value="0" />
  <attribute name="Current GC Util" value="163" />
  <attribute name= "Current Time Running" value="67494" />
  <attribute name ="GC Interval" value="0" />
  <attribute name="ProportionalT" value="214.500000" />
  <attribute name="ProportionalI" value="214.500000" />
  <attribute name="ProportionalH" value="214.500000" />
  <attribute name="Current Error" value="143.000000" />
  <attribute name="IntegralT" value="143.000000" />
  <attribute name="IntegralI" value="143.000000" />
  <attribute name="IntegralH" value="143.000000" />
  <attribute name="DerivativeT" value="113.000000" />
  <attribute name="DerivativeI" value="113.000000" />
  <attribute name="DerivativeH" value="113.000000" />
  <attribute name="Loop Time for DT" value="1.000000" />
  <attribute name="Output H" value="8388608"/>
  <attribute name="Output I" value="472"/>
  <attribute name="Output T" value="4"/>
  <attribute name="Target GC Util Change" value ="20.000000" />
  <attribute name="Current GC Util Change" value="163.000000"/>
  <attribute name="GC Util currently" value="163" />
  <attribute name="CPU Util currently" value="13511801525581" />
<exclusive-end id="5383" timestamp="2019-06-16T02:56:35.133" durationms="5.401" />

<exclusive-start id="5384" timestamp="2019-06-16T02:56:35.139" intervalms="11.897">
  <response-info timems="0.094" idlems="0.094" threads="0" lastid="0000000001916700" lastname="main" />
</exclusive-start>
<allocation-taxation id="5385" taxation-threshold="16777216" timestamp="2019-06-16T02:56:35.139" intervalms="11.953" />
<gc-start id="5386" type="global mark phase" contextid="5344" timestamp="2019-06-16T02:56:35.140">
  <mem-info id="5387" free="52428800" total="113246208" percent="46">
    <remembered-set count="25312" freebytes="4419200" totalbytes="4520448" percent="97" regionsoverflowed="0" regionsstable="0" regionsrebuilding="18"/>
  </mem-info>
</gc-start>
<gc-end id="5388" type="global mark phase" contextid="5344" durationms="0.204" usertimems="0.000" systemtimems="0.000" timestamp="2019-06-16T02:56:35.140" activeThreads="4">
  <mem-info id="5389" free="52428800" total="113246208" percent="46">
    <remembered-set count="25312" freebytes="4419200" totalbytes="4520448" percent="97" regionsoverflowed="0" regionsstable="0" regionsrebuilding="18"/>
  </mem-info>
</gc-end>
<concurrent-start id="5390" type="GMP work packet processing" contextid="5344" timestamp="2019-06-16T02:56:35.140">
  <concurrent-mark-start scanTarget="1958995" />
</concurrent-start>
<exclusive-end id="5391" timestamp="2019-06-16T02:56:35.140" durationms="0.975" />

<concurrent-end id="5392" type="GMP work packet processing" contextid="5344" timestamp="2019-06-16T02:56:35.142">
  <concurrent-mark-end bytesScanned="1999552" reasonForTermination="Work target met" />
</concurrent-end>

<exclusive-start id="5393" timestamp="2019-06-16T02:56:35.155" intervalms="15.642">
  <response-info timems="0.069" idlems="0.069" threads="0" lastid="0000000001916700" lastname="main" />
</exclusive-start>
<allocation-taxation id="5394" taxation-threshold="16777216" timestamp="2019-06-16T02:56:35.155" intervalms="15.592" />
<cycle-start id="5395" type="partial gc" contextid="0" timestamp="2019-06-16T02:56:35.155" intervalms="27.584" />
<gc-start id="5396" type="partial gc" contextid="5395" timestamp="2019-06-16T02:56:35.155">
  <mem-info id="5397" free="35651584" total="113246208" percent="31">
    <mem type="eden" free="1048288" total="34603008" percent="3" />
    <remembered-set count="44864" freebytes="4340992" totalbytes="4520448" percent="96" regionsoverflowed="0" regionsstable="0" regionsrebuilding="18"/>
  </mem-info>
</gc-start>
<allocation-stats totalBytes="33522448" >
  <allocated-bytes non-tlh="0" tlh="33522448" arrayletleaf="0"/>
  <largest-consumer threadName="main" threadId="0000000001916700" bytes="16757424" />
</allocation-stats>
<gc-op id="5398" type="copy forward" timems="1.691" contextid="5395" timestamp="2019-06-16T02:56:35.158">
  <memory-copied type="eden" objects="40" bytes="6312" bytesdiscarded="0" />
  <memory-copied type="other" objects="1" bytes="520" bytesdiscarded="496" />
  <memory-cardclean objects="53" bytes="1888" />
  <regions eden="32" other="2" />
  <remembered-set-cleared processed="41560" cleared="34" durationms="0.403" />
  <references type="weak" candidates="30" cleared="0" enqueued="0" />
  <stringconstants candidates="13705" cleared="0"  />
</gc-op>
<gc-op id="5399" type="classunload" timems="0.004" contextid="5395" timestamp="2019-06-16T02:56:35.158">
  <classunload-info classloadercandidates="53" classloadersunloaded="0" classesunloaded="0" anonymousclassesunloaded="0" quiescems="0.000" setupms="0.004" scanms="0.000" postms="0.000" />
</gc-op>
<heap-resize id="5400" type="contract" space="default" amount="2097152" count="1" timems="0.136" reason="excess free space following gc" timestamp="2019-06-16T02:56:35.158" />
<gc-end id="5401" type="partial gc" contextid="5395" durationms="3.251" usertimems="4.000" systemtimems="0.000" timestamp="2019-06-16T02:56:35.159" activeThreads="1">
  <mem-info id="5402" free="68157440" total="111149056" percent="61">
    <mem type="eden" free="1042264" total="1048576" percent="99" />
    <remembered-set count="45184" freebytes="4339712" totalbytes="4520448" percent="96" regionsoverflowed="0" regionsstable="0" regionsrebuilding="18"/>
  </mem-info>
</gc-end>
<cycle-end id="5403" type="partial gc" contextid="5395" timestamp="2019-06-16T02:56:35.159" />
  <attribute name="elasticGC enabled" value="1" />
  <attribute name= "numThreadsSpecified" value="1" />
  <attribute name="heapSize specified" value="0" />
  <attribute name="Current GC Util" value="156" />
  <attribute name= "Current Time Running" value="67521" />
  <attribute name ="GC Interval" value="0" />
  <attribute name="ProportionalT" value="204.000000" />
  <attribute name="ProportionalI" value="204.000000" />
  <attribute name="ProportionalH" value="204.000000" />
  <attribute name="Current Error" value="136.000000" />
  <attribute name="IntegralT" value="0.000000" />
  <attribute name="IntegralI" value="0.000000" />
  <attribute name="IntegralH" value="0.000000" />
  <attribute name="DerivativeT" value="inf" />
  <attribute name="DerivativeI" value="inf" />
  <attribute name="DerivativeH" value="inf" />
  <attribute name="Loop Time for DT" value="0.000000" />
  <attribute name="Output H" value="8388608"/>
  <attribute name="Output I" value="200"/>
  <attribute name="Output T" value="1"/>
  <attribute name="Target GC Util Change" value ="20.000000" />
  <attribute name="Current GC Util Change" value="156.000000"/>
  <attribute name="GC Util currently" value="156" />
  <attribute name="CPU Util currently" value="12816540228774" />
<exclusive-end id="5404" timestamp="2019-06-16T02:56:35.159" durationms="4.268" />

<exclusive-start id="5405" timestamp="2019-06-16T02:56:35.184" intervalms="29.423">
  <response-info timems="0.058" idlems="0.058" threads="0" lastid="0000000001916700" lastname="main" />
</exclusive-start>
<allocation-taxation id="5406" taxation-threshold="16777216" timestamp="2019-06-16T02:56:35.184" intervalms="29.426" />
<gc-start id="5407" type="global mark phase" contextid="5344" timestamp="2019-06-16T02:56:35.185">
  <mem-info id="5408" free="51380224" total="111149056" percent="46">
    <remembered-set count="44768" freebytes="4341376" totalbytes="4520448" percent="96" regionsoverflowed="0" regionsstable="0" regionsrebuilding="18"/>
  </mem-info>
</gc-start>
<gc-end id="5409" type="global mark phase" contextid="5344" durationms="0.121" usertimems="0.000" systemtimems="0.000" timestamp="2019-06-16T02:56:35.185" activeThreads="1">
  <mem-info id="5410" free="51380224" total="111149056" percent="46">
    <remembered-set count="44768" freebytes="4341376" totalbytes="4520448" percent="96" regionsoverflowed="0" regionsstable="0" regionsrebuilding="18"/>
  </mem-info>
</gc-end>
<concurrent-start id="5411" type="GMP work packet processing" contextid="5344" timestamp="2019-06-16T02:56:35.185">
  <concurrent-mark-start scanTarget="1048576" />
</concurrent-start>
<exclusive-end id="5412" timestamp="2019-06-16T02:56:35.185" durationms="0.779" />

<concurrent-end id="5413" type="GMP work packet processing" contextid="5344" timestamp="2019-06-16T02:56:35.186">
  <concurrent-mark-end bytesScanned="1091052" reasonForTermination="Work target met" />
</concurrent-end>

<exclusive-start id="5414" timestamp="2019-06-16T02:56:35.210" intervalms="26.174">
  <response-info timems="0.072" idlems="0.072" threads="0" lastid="0000000001916700" lastname="main" />
</exclusive-start>
<allocation-taxation id="5415" taxation-threshold="16777216" timestamp="2019-06-16T02:56:35.211" intervalms="26.101" />
<cycle-start id="5416" type="partial gc" contextid="0" timestamp="2019-06-16T02:56:35.211" intervalms="55.534" />
<gc-start id="5417" type="partial gc" contextid="5416" timestamp="2019-06-16T02:56:35.211">
  <mem-info id="5418" free="34603008" total="111149056" percent="31">
    <mem type="eden" free="0" total="33554432" percent="0" />
    <remembered-set count="49920" freebytes="4320768" totalbytes="4520448" percent="95" regionsoverflowed="0" regionsstable="0" regionsrebuilding="18"/>
  </mem-info>
</gc-start>
<allocation-stats totalBytes="33495664" >
  <allocated-bytes non-tlh="0" tlh="33495664" arrayletleaf="0"/>
  <largest-consumer threadName="main" threadId="0000000001916700" bytes="16749208" />
</allocation-stats>
<gc-op id="5419" type="copy forward" timems="3.388" contextid="5416" timestamp="2019-06-16T02:56:35.216">
  <memory-copied type="eden" objects="4" bytes="2104" bytesdiscarded="0" />
  <memory-copied type="other" objects="89" bytes="6216" bytesdiscarded="2200" />
  <memory-cardclean objects="141" bytes="12272" />
  <regions eden="32" other="2" />
  <remembered-set-cleared processed="46866" cleared="187" durationms="0.275" />
  <references type="weak" candidates="58" cleared="0" enqueued="0" />
  <stringconstants candidates="13705" cleared="0"  />
</gc-op>
<gc-op id="5420" type="classunload" timems="0.004" contextid="5416" timestamp="2019-06-16T02:56:35.216">
  <classunload-info classloadercandidates="53" classloadersunloaded="0" classesunloaded="0" anonymousclassesunloaded="0" quiescems="0.000" setupms="0.003" scanms="0.000" postms="0.000" />
</gc-op>
<gc-end id="5421" type="partial gc" contextid="5416" durationms="4.918" usertimems="8.000" systemtimems="0.000" timestamp="2019-06-16T02:56:35.216" activeThreads="4">
  <mem-info id="5422" free="68157440" total="111149056" percent="61">
    <mem type="eden" free="1046472" total="1048576" percent="99" />
    <remembered-set count="50208" freebytes="4235904" totalbytes="4436736" percent="95" regionsoverflowed="0" regionsstable="0" regionsrebuilding="18"/>
  </mem-info>
</gc-end>
<cycle-end id="5423" type="partial gc" contextid="5416" timestamp="2019-06-16T02:56:35.216" />
  <attribute name="elasticGC enabled" value="1" />
  <attribute name= "numThreadsSpecified" value="4" />
  <attribute name="heapSize specified" value="0" />
  <attribute name="Current GC Util" value="92" />
  <attribute name= "Current Time Running" value="67577" />
  <attribute name ="GC Interval" value="0" />
  <attribute name="ProportionalT" value="108.000000" />
  <attribute name="ProportionalI" value="108.000000" />
  <attribute name="ProportionalH" value="108.000000" />
  <attribute name="Current Error" value="72.000000" />
  <attribute name="IntegralT" value="72.000000" />
  <attribute name="IntegralI" value="72.000000" />
  <attribute name="IntegralH" value="72.000000" />
  <attribute name="DerivativeT" value="72.000000" />
  <attribute name="DerivativeI" value="72.000000" />
  <attribute name="DerivativeH" value="72.000000" />
  <attribute name="Loop Time for DT" value="1.000000" />
  <attribute name="Output H" value="8388608"/>
  <attribute name="Output I" value="256"/>
  <attribute name="Output T" value="4"/>
  <attribute name="Target GC Util Change" value ="20.000000" />
  <attribute name="Current GC Util Change" value="92.000000"/>
  <attribute name="GC Util currently" value="92" />
  <attribute name="CPU Util currently" value="6776888171637" />
<exclusive-end id="5424" timestamp="2019-06-16T02:56:35.216" durationms="5.863" />

<exclusive-start id="5425" timestamp="2019-06-16T02:56:35.242" intervalms="31.113">
  <response-info timems="0.071" idlems="0.071" threads="0" lastid="0000000001916700" lastname="main" />
</exclusive-start>
<allocation-taxation id="5426" taxation-threshold="16777216" timestamp="2019-06-16T02:56:35.242" intervalms="31.209" />
<gc-start id="5427" type="global mark phase" contextid="5344" timestamp="2019-06-16T02:56:35.242">
  <mem-info id="5428" free="51380224" total="111149056" percent="46">
    <remembered-set count="50208" freebytes="4235904" totalbytes="4436736" percent="95" regionsoverflowed="0" regionsstable="0" regionsrebuilding="18"/>
  </mem-info>
</gc-start>
<gc-end id="5429" type="global mark phase" contextid="5344" durationms="0.205" usertimems="0.000" systemtimems="0.000" timestamp="2019-06-16T02:56:35.242" activeThreads="4">
  <mem-info id="5430" free="51380224" total="111149056" percent="46">
    <remembered-set count="50208" freebytes="4235904" totalbytes="4436736" percent="95" regionsoverflowed="0" regionsstable="0" regionsrebuilding="18"/>
  </mem-info>
</gc-end>
<concurrent-start id="5431" type="GMP work packet processing" contextid="5344" timestamp="2019-06-16T02:56:35.242">
  <concurrent-mark-start scanTarget="1958995" />
</concurrent-start>
<exclusive-end id="5432" timestamp="2019-06-16T02:56:35.242" durationms="0.910" />

<concurrent-end id="5433" type="GMP work packet processing" contextid="5344" timestamp="2019-06-16T02:56:35.244">
  <concurrent-mark-end bytesScanned="2007284" reasonForTermination="Work target met" />
</concurrent-end>

<exclusive-start id="5434" timestamp="2019-06-16T02:56:35.269" intervalms="27.554">
  <response-info timems="0.074" idlems="0.074" threads="0" lastid="0000000001916700" lastname="main" />
</exclusive-start>
<allocation-taxation id="5435" taxation-threshold="16777216" timestamp="2019-06-16T02:56:35.269" intervalms="27.426" />
<cycle-start id="5436" type="partial gc" contextid="0" timestamp="2019-06-16T02:56:35.269" intervalms="58.622" />
<gc-start id="5437" type="partial gc" contextid="5436" timestamp="2019-06-16T02:56:35.270">
  <mem-info id="5438" free="34603008" total="111149056" percent="31">
    <mem type="eden" free="1046472" total="34603008" percent="3" />
    <remembered-set count="66080" freebytes="4172416" totalbytes="4436736" percent="94" regionsoverflowed="0" regionsstable="0" regionsrebuilding="18"/>
  </mem-info>
</gc-start>
<allocation-stats totalBytes="33497952" >
  <allocated-bytes non-tlh="0" tlh="33497952" arrayletleaf="0"/>
  <largest-consumer threadName="main" threadId="0000000001916700" bytes="16749824" />
</allocation-stats>
<gc-op id="5439" type="copy forward" timems="1.927" contextid="5436" timestamp="2019-06-16T02:56:35.272">
  <memory-copied type="eden" objects="26" bytes="792" bytesdiscarded="0" />
  <memory-copied type="other" objects="0" bytes="0" bytesdiscarded="0" />
  <memory-cardclean objects="55" bytes="1920" />
  <regions eden="32" other="1" />
  <remembered-set-cleared processed="62820" cleared="36" durationms="0.545" />
  <stringconstants candidates="13705" cleared="0"  />
</gc-op>
<gc-op id="5440" type="classunload" timems="0.005" contextid="5436" timestamp="2019-06-16T02:56:35.273">
  <classunload-info classloadercandidates="53" classloadersunloaded="0" classesunloaded="0" anonymousclassesunloaded="0" quiescems="0.000" setupms="0.004" scanms="0.000" postms="0.000" />
</gc-op>
<gc-end id="5441" type="partial gc" contextid="5436" durationms="3.204" usertimems="0.000" systemtimems="0.000" timestamp="2019-06-16T02:56:35.273" activeThreads="1">
  <mem-info id="5442" free="68157440" total="111149056" percent="61">
    <mem type="eden" free="1047784" total="1048576" percent="99" />
    <remembered-set count="66496" freebytes="4170752" totalbytes="4436736" percent="94" regionsoverflowed="0" regionsstable="0" regionsrebuilding="18"/>
  </mem-info>
</gc-end>
<cycle-end id="5443" type="partial gc" contextid="5436" timestamp="2019-06-16T02:56:35.273" />
  <attribute name="elasticGC enabled" value="1" />
  <attribute name= "numThreadsSpecified" value="1" />
  <attribute name="heapSize specified" value="0" />
  <attribute name="Current GC Util" value="152" />
  <attribute name= "Current Time Running" value="67635" />
  <attribute name ="GC Interval" value="0" />
  <attribute name="ProportionalT" value="198.000000" />
  <attribute name="ProportionalI" value="198.000000" />
  <attribute name="ProportionalH" value="198.000000" />
  <attribute name="Current Error" value="132.000000" />
  <attribute name="IntegralT" value="0.000000" />
  <attribute name="IntegralI" value="0.000000" />
  <attribute name="IntegralH" value="0.000000" />
  <attribute name="DerivativeT" value="inf" />
  <attribute name="DerivativeI" value="inf" />
  <attribute name="DerivativeH" value="inf" />
  <attribute name="Loop Time for DT" value="0.000000" />
  <attribute name="Output H" value="8388608"/>
  <attribute name="Output I" value="200"/>
  <attribute name="Output T" value="1"/>
  <attribute name="Target GC Util Change" value ="20.000000" />
  <attribute name="Current GC Util Change" value="152.000000"/>
  <attribute name="GC Util currently" value="152" />
  <attribute name="CPU Util currently" value="13357951894841" />
<exclusive-end id="5444" timestamp="2019-06-16T02:56:35.273" durationms="4.168" />

<exclusive-start id="5445" timestamp="2019-06-16T02:56:35.312" intervalms="42.714">
  <response-info timems="0.079" idlems="0.079" threads="0" lastid="0000000001916700" lastname="main" />
</exclusive-start>
<allocation-taxation id="5446" taxation-threshold="16777216" timestamp="2019-06-16T02:56:35.312" intervalms="42.839" />
<gc-start id="5447" type="global mark phase" contextid="5344" timestamp="2019-06-16T02:56:35.312">
  <mem-info id="5448" free="51380224" total="111149056" percent="46">
    <remembered-set count="66080" freebytes="4172416" totalbytes="4436736" percent="94" regionsoverflowed="0" regionsstable="0" regionsrebuilding="18"/>
  </mem-info>
</gc-start>
<gc-end id="5449" type="global mark phase" contextid="5344" durationms="0.198" usertimems="0.000" systemtimems="0.000" timestamp="2019-06-16T02:56:35.312" activeThreads="1">
  <mem-info id="5450" free="51380224" total="111149056" percent="46">
    <remembered-set count="66080" freebytes="4172416" totalbytes="4436736" percent="94" regionsoverflowed="0" regionsstable="0" regionsrebuilding="18"/>
  </mem-info>
</gc-end>
<concurrent-start id="5451" type="GMP work packet processing" contextid="5344" timestamp="2019-06-16T02:56:35.313">
  <concurrent-mark-start scanTarget="1048576" />
</concurrent-start>
<exclusive-end id="5452" timestamp="2019-06-16T02:56:35.313" durationms="0.945" />

<concurrent-end id="5453" type="GMP work packet processing" contextid="5344" timestamp="2019-06-16T02:56:35.314">
  <concurrent-mark-end bytesScanned="1079832" reasonForTermination="Work target met" />
</concurrent-end>

<exclusive-start id="5454" timestamp="2019-06-16T02:56:35.339" intervalms="27.002">
  <response-info timems="0.095" idlems="0.095" threads="0" lastid="0000000001916700" lastname="main" />
</exclusive-start>
<allocation-taxation id="5455" taxation-threshold="16777216" timestamp="2019-06-16T02:56:35.339" intervalms="26.984" />
<cycle-start id="5456" type="partial gc" contextid="0" timestamp="2019-06-16T02:56:35.339" intervalms="69.800" />
<gc-start id="5457" type="partial gc" contextid="5456" timestamp="2019-06-16T02:56:35.339">
  <mem-info id="5458" free="34603008" total="111149056" percent="31">
    <mem type="eden" free="0" total="33554432" percent="0" />
    <remembered-set count="74304" freebytes="4139520" totalbytes="4436736" percent="93" regionsoverflowed="0" regionsstable="0" regionsrebuilding="18"/>
  </mem-info>
</gc-start>
<allocation-stats totalBytes="33549888" >
  <allocated-bytes non-tlh="0" tlh="33549888" arrayletleaf="0"/>
  <largest-consumer threadName="main" threadId="0000000001916700" bytes="16774384" />
</allocation-stats>
<gc-op id="5459" type="copy forward" timems="1.810" contextid="5456" timestamp="2019-06-16T02:56:35.342">
  <memory-copied type="eden" objects="24" bytes="888" bytesdiscarded="0" />
  <memory-copied type="other" objects="7" bytes="168" bytesdiscarded="0" />
  <memory-cardclean objects="53" bytes="1888" />
  <regions eden="32" other="1" />
  <remembered-set-cleared processed="71183" cleared="41" durationms="0.547" />
  <stringconstants candidates="13705" cleared="0"  />
</gc-op>
<gc-op id="5460" type="classunload" timems="0.004" contextid="5456" timestamp="2019-06-16T02:56:35.342">
  <classunload-info classloadercandidates="53" classloadersunloaded="0" classesunloaded="0" anonymousclassesunloaded="0" quiescems="0.000" setupms="0.004" scanms="0.000" postms="0.000" />
</gc-op>
<gc-end id="5461" type="partial gc" contextid="5456" durationms="3.233" usertimems="4.000" systemtimems="0.000" timestamp="2019-06-16T02:56:35.343" activeThreads="1">
  <mem-info id="5462" free="67108864" total="111149056" percent="60">
    <mem type="eden" free="1047688" total="1048576" percent="99" />
    <remembered-set count="74720" freebytes="4137856" totalbytes="4436736" percent="93" regionsoverflowed="0" regionsstable="0" regionsrebuilding="18"/>
  </mem-info>
</gc-end>
<cycle-end id="5463" type="partial gc" contextid="5456" timestamp="2019-06-16T02:56:35.343" />
  <attribute name="elasticGC enabled" value="1" />
  <attribute name= "numThreadsSpecified" value="1" />
  <attribute name="heapSize specified" value="0" />
  <attribute name="Current GC Util" value="148" />
  <attribute name= "Current Time Running" value="67705" />
  <attribute name ="GC Interval" value="0" />
  <attribute name="ProportionalT" value="192.000000" />
  <attribute name="ProportionalI" value="192.000000" />
  <attribute name="ProportionalH" value="192.000000" />
  <attribute name="Current Error" value="128.000000" />
  <attribute name="IntegralT" value="0.000000" />
  <attribute name="IntegralI" value="0.000000" />
  <attribute name="IntegralH" value="0.000000" />
  <attribute name="DerivativeT" value="inf" />
  <attribute name="DerivativeI" value="inf" />
  <attribute name="DerivativeH" value="inf" />
  <attribute name="Loop Time for DT" value="0.000000" />
  <attribute name="Output H" value="8388608"/>
  <attribute name="Output I" value="200"/>
  <attribute name="Output T" value="1"/>
  <attribute name="Target GC Util Change" value ="20.000000" />
  <attribute name="Current GC Util Change" value="148.000000"/>
  <attribute name="GC Util currently" value="148" />
  <attribute name="CPU Util currently" value="12316221434831" />
<exclusive-end id="5464" timestamp="2019-06-16T02:56:35.343" durationms="4.268" />

<exclusive-start id="5465" timestamp="2019-06-16T02:56:35.369" intervalms="30.159">
  <response-info timems="0.092" idlems="0.092" threads="0" lastid="0000000001916700" lastname="main" />
</exclusive-start>
<allocation-taxation id="5466" taxation-threshold="16777216" timestamp="2019-06-16T02:56:35.369" intervalms="30.282" />
<gc-start id="5467" type="global mark phase" contextid="5344" timestamp="2019-06-16T02:56:35.369">
  <mem-info id="5468" free="50331648" total="111149056" percent="45">
    <remembered-set count="74368" freebytes="4139264" totalbytes="4436736" percent="93" regionsoverflowed="0" regionsstable="0" regionsrebuilding="18"/>
  </mem-info>
</gc-start>
<gc-end id="5469" type="global mark phase" contextid="5344" durationms="0.219" usertimems="0.000" systemtimems="0.000" timestamp="2019-06-16T02:56:35.370" activeThreads="1">
  <mem-info id="5470" free="50331648" total="111149056" percent="45">
    <remembered-set count="74368" freebytes="4139264" totalbytes="4436736" percent="93" regionsoverflowed="0" regionsstable="0" regionsrebuilding="18"/>
  </mem-info>
</gc-end>
<concurrent-start id="5471" type="GMP work packet processing" contextid="5344" timestamp="2019-06-16T02:56:35.370">
  <concurrent-mark-start scanTarget="1048576" />
</concurrent-start>
<exclusive-end id="5472" timestamp="2019-06-16T02:56:35.370" durationms="1.112" />

<concurrent-end id="5473" type="GMP work packet processing" contextid="5344" timestamp="2019-06-16T02:56:35.371">
  <concurrent-mark-end bytesScanned="1081488" reasonForTermination="Work target met" />
</concurrent-end>

<exclusive-start id="5474" timestamp="2019-06-16T02:56:35.396" intervalms="26.893">
  <response-info timems="0.080" idlems="0.080" threads="0" lastid="0000000001916700" lastname="main" />
</exclusive-start>
<allocation-taxation id="5475" taxation-threshold="16777216" timestamp="2019-06-16T02:56:35.396" intervalms="26.858" />
<cycle-start id="5476" type="partial gc" contextid="0" timestamp="2019-06-16T02:56:35.396" intervalms="57.218" />
<gc-start id="5477" type="partial gc" contextid="5476" timestamp="2019-06-16T02:56:35.397">
  <mem-info id="5478" free="33554432" total="111149056" percent="30">
    <mem type="eden" free="0" total="33554432" percent="0" />
    <remembered-set count="82080" freebytes="4108416" totalbytes="4436736" percent="92" regionsoverflowed="0" regionsstable="0" regionsrebuilding="18"/>
  </mem-info>
</gc-start>
<allocation-stats totalBytes="33548216" >
  <allocated-bytes non-tlh="0" tlh="33548216" arrayletleaf="0"/>
  <largest-consumer threadName="main" threadId="0000000001916700" bytes="16774128" />
</allocation-stats>
<gc-op id="5479" type="copy forward" timems="3.562" contextid="5476" timestamp="2019-06-16T02:56:35.401">
  <memory-copied type="eden" objects="4" bytes="200" bytesdiscarded="0" />
  <memory-copied type="other" objects="20" bytes="672" bytesdiscarded="744" />
  <memory-cardclean objects="37" bytes="1336" />
  <regions eden="32" other="1" />
  <remembered-set-cleared processed="79171" cleared="43" durationms="0.399" />
  <stringconstants candidates="13705" cleared="0"  />
</gc-op>
<gc-op id="5480" type="classunload" timems="0.004" contextid="5476" timestamp="2019-06-16T02:56:35.401">
  <classunload-info classloadercandidates="53" classloadersunloaded="0" classesunloaded="0" anonymousclassesunloaded="0" quiescems="0.000" setupms="0.004" scanms="0.000" postms="0.000" />
</gc-op>
<gc-end id="5481" type="partial gc" contextid="5476" durationms="4.845" usertimems="8.000" systemtimems="0.000" timestamp="2019-06-16T02:56:35.402" activeThreads="4">
  <mem-info id="5482" free="66060288" total="111149056" percent="59">
    <mem type="eden" free="1048376" total="1048576" percent="99" />
    <remembered-set count="83008" freebytes="4104704" totalbytes="4436736" percent="92" regionsoverflowed="0" regionsstable="0" regionsrebuilding="18"/>
  </mem-info>
</gc-end>
<cycle-end id="5483" type="partial gc" contextid="5476" timestamp="2019-06-16T02:56:35.402" />
  <attribute name="elasticGC enabled" value="1" />
  <attribute name= "numThreadsSpecified" value="4" />
  <attribute name="heapSize specified" value="0" />
  <attribute name="Current GC Util" value="162" />
  <attribute name= "Current Time Running" value="67763" />
  <attribute name ="GC Interval" value="0" />
  <attribute name="ProportionalT" value="213.000000" />
  <attribute name="ProportionalI" value="213.000000" />
  <attribute name="ProportionalH" value="213.000000" />
  <attribute name="Current Error" value="142.000000" />
  <attribute name="IntegralT" value="142.000000" />
  <attribute name="IntegralI" value="142.000000" />
  <attribute name="IntegralH" value="142.000000" />
  <attribute name="DerivativeT" value="142.000000" />
  <attribute name="DerivativeI" value="142.000000" />
  <attribute name="DerivativeH" value="142.000000" />
  <attribute name="Loop Time for DT" value="1.000000" />
  <attribute name="Output H" value="8388608"/>
  <attribute name="Output I" value="504"/>
  <attribute name="Output T" value="4"/>
  <attribute name="Target GC Util Change" value ="20.000000" />
  <attribute name="Current GC Util Change" value="162.000000"/>
  <attribute name="GC Util currently" value="162" />
  <attribute name="CPU Util currently" value="12824951830561" />
<exclusive-end id="5484" timestamp="2019-06-16T02:56:35.402" durationms="6.101" />

<exclusive-start id="5485" timestamp="2019-06-16T02:56:35.428" intervalms="31.849">
  <response-info timems="0.073" idlems="0.073" threads="0" lastid="0000000001916700" lastname="main" />
</exclusive-start>
<allocation-taxation id="5486" taxation-threshold="16777216" timestamp="2019-06-16T02:56:35.428" intervalms="31.783" />
<gc-start id="5487" type="global mark phase" contextid="5344" timestamp="2019-06-16T02:56:35.428">
  <mem-info id="5488" free="49283072" total="111149056" percent="44">
    <remembered-set count="83008" freebytes="4104704" totalbytes="4436736" percent="92" regionsoverflowed="0" regionsstable="0" regionsrebuilding="18"/>
  </mem-info>
</gc-start>
<gc-end id="5489" type="global mark phase" contextid="5344" durationms="0.228" usertimems="0.000" systemtimems="0.000" timestamp="2019-06-16T02:56:35.428" activeThreads="4">
  <mem-info id="5490" free="49283072" total="111149056" percent="44">
    <remembered-set count="83008" freebytes="4104704" totalbytes="4436736" percent="92" regionsoverflowed="0" regionsstable="0" regionsrebuilding="18"/>
  </mem-info>
</gc-end>
<concurrent-start id="5491" type="GMP work packet processing" contextid="5344" timestamp="2019-06-16T02:56:35.429">
  <concurrent-mark-start scanTarget="1958995" />
</concurrent-start>
<exclusive-end id="5492" timestamp="2019-06-16T02:56:35.429" durationms="0.960" />

<concurrent-end id="5493" type="GMP work packet processing" contextid="5344" timestamp="2019-06-16T02:56:35.430">
  <concurrent-mark-end bytesScanned="1996928" reasonForTermination="Work target met" />
</concurrent-end>

<exclusive-start id="5494" timestamp="2019-06-16T02:56:35.455" intervalms="26.942">
  <response-info timems="0.058" idlems="0.058" threads="0" lastid="0000000001916700" lastname="main" />
</exclusive-start>
<allocation-taxation id="5495" taxation-threshold="16777216" timestamp="2019-06-16T02:56:35.455" intervalms="26.935" />
<cycle-start id="5496" type="partial gc" contextid="0" timestamp="2019-06-16T02:56:35.455" intervalms="58.669" />
<gc-start id="5497" type="partial gc" contextid="5496" timestamp="2019-06-16T02:56:35.455">
  <mem-info id="5498" free="32505856" total="111149056" percent="29">
    <mem type="eden" free="1048376" total="34603008" percent="3" />
    <remembered-set count="108096" freebytes="4004352" totalbytes="4436736" percent="90" regionsoverflowed="0" regionsstable="0" regionsrebuilding="18"/>
  </mem-info>
</gc-start>
<allocation-stats totalBytes="33548000" >
  <allocated-bytes non-tlh="0" tlh="33548000" arrayletleaf="0"/>
  <largest-consumer threadName="main" threadId="0000000001916700" bytes="16774344" />
</allocation-stats>
<gc-op id="5499" type="copy forward" timems="1.924" contextid="5496" timestamp="2019-06-16T02:56:35.458">
  <memory-copied type="eden" objects="2" bytes="104" bytesdiscarded="0" />
  <memory-copied type="other" objects="0" bytes="0" bytesdiscarded="0" />
  <memory-cardclean objects="21" bytes="824" />
  <regions eden="32" other="1" />
  <remembered-set-cleared processed="104921" cleared="18" durationms="0.717" />
  <stringconstants candidates="13705" cleared="0"  />
</gc-op>
<gc-op id="5500" type="classunload" timems="0.004" contextid="5496" timestamp="2019-06-16T02:56:35.458">
  <classunload-info classloadercandidates="53" classloadersunloaded="0" classesunloaded="0" anonymousclassesunloaded="0" quiescems="0.000" setupms="0.004" scanms="0.000" postms="0.000" />
</gc-op>
<gc-end id="5501" type="partial gc" contextid="5496" durationms="3.274" usertimems="4.000" systemtimems="0.000" timestamp="2019-06-16T02:56:35.459" activeThreads="1">
  <mem-info id="5502" free="66060288" total="111149056" percent="59">
    <mem type="eden" free="1048472" total="1048576" percent="99" />
    <remembered-set count="108544" freebytes="4002560" totalbytes="4436736" percent="90" regionsoverflowed="0" regionsstable="0" regionsrebuilding="18"/>
  </mem-info>
</gc-end>
<cycle-end id="5503" type="partial gc" contextid="5496" timestamp="2019-06-16T02:56:35.459" />
  <attribute name="elasticGC enabled" value="1" />
  <attribute name= "numThreadsSpecified" value="1" />
  <attribute name="heapSize specified" value="0" />
  <attribute name="Current GC Util" value="160" />
  <attribute name= "Current Time Running" value="67821" />
  <attribute name ="GC Interval" value="0" />
  <attribute name="ProportionalT" value="210.000000" />
  <attribute name="ProportionalI" value="210.000000" />
  <attribute name="ProportionalH" value="210.000000" />
  <attribute name="Current Error" value="140.000000" />
  <attribute name="IntegralT" value="0.000000" />
  <attribute name="IntegralI" value="0.000000" />
  <attribute name="IntegralH" value="0.000000" />
  <attribute name="DerivativeT" value="inf" />
  <attribute name="DerivativeI" value="inf" />
  <attribute name="DerivativeH" value="inf" />
  <attribute name="Loop Time for DT" value="0.000000" />
  <attribute name="Output H" value="8388608"/>
  <attribute name="Output I" value="200"/>
  <attribute name="Output T" value="1"/>
  <attribute name="Target GC Util Change" value ="20.000000" />
  <attribute name="Current GC Util Change" value="160.000000"/>
  <attribute name="GC Util currently" value="160" />
  <attribute name="CPU Util currently" value="13233907607569" />
<exclusive-end id="5504" timestamp="2019-06-16T02:56:35.459" durationms="4.445" />

<exclusive-start id="5505" timestamp="2019-06-16T02:56:35.485" intervalms="30.149">
  <response-info timems="0.108" idlems="0.108" threads="0" lastid="0000000001916700" lastname="main" />
</exclusive-start>
<allocation-taxation id="5506" taxation-threshold="16777216" timestamp="2019-06-16T02:56:35.485" intervalms="30.200" />
<gc-start id="5507" type="global mark phase" contextid="5344" timestamp="2019-06-16T02:56:35.485">
  <mem-info id="5508" free="49283072" total="111149056" percent="44">
    <remembered-set count="108096" freebytes="4004352" totalbytes="4436736" percent="90" regionsoverflowed="0" regionsstable="0" regionsrebuilding="18"/>
  </mem-info>
</gc-start>
<gc-end id="5509" type="global mark phase" contextid="5344" durationms="0.213" usertimems="0.000" systemtimems="0.000" timestamp="2019-06-16T02:56:35.485" activeThreads="1">
  <mem-info id="5510" free="49283072" total="111149056" percent="44">
    <remembered-set count="108096" freebytes="4004352" totalbytes="4436736" percent="90" regionsoverflowed="0" regionsstable="0" regionsrebuilding="18"/>
  </mem-info>
</gc-end>
<concurrent-start id="5511" type="GMP work packet processing" contextid="5344" timestamp="2019-06-16T02:56:35.486">
  <concurrent-mark-start scanTarget="1048576" />
</concurrent-start>
<exclusive-end id="5512" timestamp="2019-06-16T02:56:35.486" durationms="1.066" />

<concurrent-end id="5513" type="GMP work packet processing" contextid="5344" timestamp="2019-06-16T02:56:35.487">
  <concurrent-mark-end bytesScanned="1077108" reasonForTermination="Work target met" />
</concurrent-end>

<exclusive-start id="5514" timestamp="2019-06-16T02:56:35.512" intervalms="26.807">
  <response-info timems="0.082" idlems="0.082" threads="0" lastid="0000000001916700" lastname="main" />
</exclusive-start>
<allocation-taxation id="5515" taxation-threshold="16777216" timestamp="2019-06-16T02:56:35.512" intervalms="26.769" />
<cycle-start id="5516" type="partial gc" contextid="0" timestamp="2019-06-16T02:56:35.512" intervalms="57.006" />
<gc-start id="5517" type="partial gc" contextid="5516" timestamp="2019-06-16T02:56:35.512">
  <mem-info id="5518" free="32505856" total="111149056" percent="29">
    <mem type="eden" free="1048472" total="34603008" percent="3" />
    <remembered-set count="122176" freebytes="3948032" totalbytes="4436736" percent="88" regionsoverflowed="0" regionsstable="0" regionsrebuilding="18"/>
  </mem-info>
</gc-start>
<allocation-stats totalBytes="33548304" >
  <allocated-bytes non-tlh="0" tlh="33548304" arrayletleaf="0"/>
  <largest-consumer threadName="main" threadId="0000000001916700" bytes="16774176" />
</allocation-stats>
<gc-op id="5519" type="copy forward" timems="1.897" contextid="5516" timestamp="2019-06-16T02:56:35.515">
  <memory-copied type="eden" objects="5" bytes="240" bytesdiscarded="0" />
  <memory-copied type="other" objects="0" bytes="0" bytesdiscarded="0" />
  <memory-cardclean objects="21" bytes="824" />
  <regions eden="32" other="1" />
  <remembered-set-cleared processed="119291" cleared="17" durationms="0.783" />
  <stringconstants candidates="13705" cleared="0"  />
</gc-op>
<gc-op id="5520" type="classunload" timems="0.003" contextid="5516" timestamp="2019-06-16T02:56:35.515">
  <classunload-info classloadercandidates="53" classloadersunloaded="0" classesunloaded="0" anonymousclassesunloaded="0" quiescems="0.000" setupms="0.003" scanms="0.000" postms="0.000" />
</gc-op>
<gc-end id="5521" type="partial gc" contextid="5516" durationms="3.285" usertimems="4.000" systemtimems="0.000" timestamp="2019-06-16T02:56:35.516" activeThreads="1">
  <mem-info id="5522" free="66060288" total="111149056" percent="59">
    <mem type="eden" free="1048336" total="1048576" percent="99" />
    <remembered-set count="122624" freebytes="3946240" totalbytes="4436736" percent="88" regionsoverflowed="0" regionsstable="0" regionsrebuilding="18"/>
  </mem-info>
</gc-end>
<cycle-end id="5523" type="partial gc" contextid="5516" timestamp="2019-06-16T02:56:35.516" />
  <attribute name="elasticGC enabled" value="1" />
  <attribute name= "numThreadsSpecified" value="1" />
  <attribute name="heapSize specified" value="0" />
  <attribute name="Current GC Util" value="157" />
  <attribute name= "Current Time Running" value="67878" />
  <attribute name ="GC Interval" value="0" />
  <attribute name="ProportionalT" value="205.500000" />
  <attribute name="ProportionalI" value="205.500000" />
  <attribute name="ProportionalH" value="205.500000" />
  <attribute name="Current Error" value="137.000000" />
  <attribute name="IntegralT" value="0.000000" />
  <attribute name="IntegralI" value="0.000000" />
  <attribute name="IntegralH" value="0.000000" />
  <attribute name="DerivativeT" value="inf" />
  <attribute name="DerivativeI" value="inf" />
  <attribute name="DerivativeH" value="inf" />
  <attribute name="Loop Time for DT" value="0.000000" />
  <attribute name="Output H" value="8388608"/>
  <attribute name="Output I" value="200"/>
  <attribute name="Output T" value="1"/>
  <attribute name="Target GC Util Change" value ="20.000000" />
  <attribute name="Current GC Util Change" value="157.000000"/>
  <attribute name="GC Util currently" value="157" />
  <attribute name="CPU Util currently" value="12798435757533" />
<exclusive-end id="5524" timestamp="2019-06-16T02:56:35.516" durationms="4.490" />

<exclusive-start id="5525" timestamp="2019-06-16T02:56:35.542" intervalms="30.218">
  <response-info timems="0.080" idlems="0.080" threads="0" lastid="0000000001916700" lastname="main" />
</exclusive-start>
<allocation-taxation id="5526" taxation-threshold="16777216" timestamp="2019-06-16T02:56:35.542" intervalms="30.260" />
<gc-start id="5527" type="global mark phase" contextid="5344" timestamp="2019-06-16T02:56:35.542">
  <mem-info id="5528" free="49283072" total="111149056" percent="44">
    <remembered-set count="122176" freebytes="3948032" totalbytes="4436736" percent="88" regionsoverflowed="0" regionsstable="0" regionsrebuilding="18"/>
  </mem-info>
</gc-start>
<gc-end id="5529" type="global mark phase" contextid="5344" durationms="0.215" usertimems="0.000" systemtimems="0.000" timestamp="2019-06-16T02:56:35.542" activeThreads="1">
  <mem-info id="5530" free="49283072" total="111149056" percent="44">
    <remembered-set count="122176" freebytes="3948032" totalbytes="4436736" percent="88" regionsoverflowed="0" regionsstable="0" regionsrebuilding="18"/>
  </mem-info>
</gc-end>
<concurrent-start id="5531" type="GMP work packet processing" contextid="5344" timestamp="2019-06-16T02:56:35.543">
  <concurrent-mark-start scanTarget="1048576" />
</concurrent-start>
<exclusive-end id="5532" timestamp="2019-06-16T02:56:35.543" durationms="1.058" />

<concurrent-end id="5533" type="GMP work packet processing" contextid="5344" timestamp="2019-06-16T02:56:35.543">
  <concurrent-mark-end bytesScanned="33140" reasonForTermination="Completed all work in GC phase" />
</concurrent-end>

<exclusive-start id="5534" timestamp="2019-06-16T02:56:35.569" intervalms="26.774">
  <response-info timems="0.070" idlems="0.070" threads="0" lastid="0000000001916700" lastname="main" />
</exclusive-start>
<allocation-taxation id="5535" taxation-threshold="16777216" timestamp="2019-06-16T02:56:35.569" intervalms="26.720" />
<cycle-start id="5536" type="partial gc" contextid="0" timestamp="2019-06-16T02:56:35.569" intervalms="56.986" />
<gc-start id="5537" type="partial gc" contextid="5536" timestamp="2019-06-16T02:56:35.569">
  <mem-info id="5538" free="32505856" total="111149056" percent="29">
    <mem type="eden" free="1048336" total="34603008" percent="3" />
    <remembered-set count="122752" freebytes="3945728" totalbytes="4436736" percent="88" regionsoverflowed="0" regionsstable="0" regionsrebuilding="18"/>
  </mem-info>
</gc-start>
<allocation-stats totalBytes="33548072" >
  <allocated-bytes non-tlh="0" tlh="33548072" arrayletleaf="0"/>
  <largest-consumer threadName="main" threadId="0000000001916700" bytes="16774264" />
</allocation-stats>
<gc-op id="5539" type="copy forward" timems="2.089" contextid="5536" timestamp="2019-06-16T02:56:35.572">
  <memory-copied type="eden" objects="5" bytes="240" bytesdiscarded="0" />
  <memory-copied type="other" objects="0" bytes="0" bytesdiscarded="0" />
  <memory-cardclean objects="21" bytes="824" />
  <regions eden="32" other="1" />
  <remembered-set-cleared processed="119703" cleared="18" durationms="0.929" />
  <stringconstants candidates="13705" cleared="0"  />
</gc-op>
<gc-op id="5540" type="classunload" timems="0.004" contextid="5536" timestamp="2019-06-16T02:56:35.572">
  <classunload-info classloadercandidates="53" classloadersunloaded="0" classesunloaded="0" anonymousclassesunloaded="0" quiescems="0.000" setupms="0.004" scanms="0.000" postms="0.000" />
</gc-op>
<gc-end id="5541" type="partial gc" contextid="5536" durationms="3.396" usertimems="4.000" systemtimems="0.000" timestamp="2019-06-16T02:56:35.573" activeThreads="1">
  <mem-info id="5542" free="66060288" total="111149056" percent="59">
    <mem type="eden" free="1048336" total="1048576" percent="99" />
    <remembered-set count="123200" freebytes="3943936" totalbytes="4436736" percent="88" regionsoverflowed="0" regionsstable="0" regionsrebuilding="18"/>
  </mem-info>
</gc-end>
<cycle-end id="5543" type="partial gc" contextid="5536" timestamp="2019-06-16T02:56:35.573" />
  <attribute name="elasticGC enabled" value="1" />
  <attribute name= "numThreadsSpecified" value="1" />
  <attribute name="heapSize specified" value="0" />
  <attribute name="Current GC Util" value="154" />
  <attribute name= "Current Time Running" value="67935" />
  <attribute name ="GC Interval" value="0" />
  <attribute name="ProportionalT" value="201.000000" />
  <attribute name="ProportionalI" value="201.000000" />
  <attribute name="ProportionalH" value="201.000000" />
  <attribute name="Current Error" value="134.000000" />
  <attribute name="IntegralT" value="0.000000" />
  <attribute name="IntegralI" value="0.000000" />
  <attribute name="IntegralH" value="0.000000" />
  <attribute name="DerivativeT" value="inf" />
  <attribute name="DerivativeI" value="inf" />
  <attribute name="DerivativeH" value="inf" />
  <attribute name="Loop Time for DT" value="0.000000" />
  <attribute name="Output H" value="8388608"/>
  <attribute name="Output I" value="200"/>
  <attribute name="Output T" value="1"/>
  <attribute name="Target GC Util Change" value ="20.000000" />
  <attribute name="Current GC Util Change" value="154.000000"/>
  <attribute name="GC Util currently" value="154" />
  <attribute name="CPU Util currently" value="12087601640990" />
<exclusive-end id="5544" timestamp="2019-06-16T02:56:35.573" durationms="4.462" />

<exclusive-start id="5545" timestamp="2019-06-16T02:56:35.599" intervalms="30.397">
  <response-info timems="0.059" idlems="0.059" threads="0" lastid="0000000001916700" lastname="main" />
</exclusive-start>
<allocation-taxation id="5546" taxation-threshold="16777216" timestamp="2019-06-16T02:56:35.599" intervalms="30.439" />
<gc-start id="5547" type="global mark phase" contextid="5344" timestamp="2019-06-16T02:56:35.599">
  <mem-info id="5548" free="49283072" total="111149056" percent="44">
    <remembered-set count="122752" freebytes="3945728" totalbytes="4436736" percent="88" regionsoverflowed="0" regionsstable="0" regionsrebuilding="18"/>
  </mem-info>
</gc-start>
<gc-op id="5549" type="mark increment" timems="4.426" contextid="5344" timestamp="2019-06-16T02:56:35.604">
  <trace-info objectcount="39" scancount="39" scanbytes="1088" />
  <cardclean-info objects="52448" bytes="1779716" />
  <finalization candidates="79" enqueued="0" />
  <ownableSynchronizers candidates="23" cleared="0" />
  <references type="soft" candidates="3553" cleared="0" enqueued="0" dynamicThreshold="19" maxThreshold="32" />
  <references type="weak" candidates="5722" cleared="0" enqueued="0" />
  <references type="phantom" candidates="100" cleared="0" enqueued="0" />
  <stringconstants candidates="13705" cleared="8"  />
</gc-op>
<gc-op id="5550" type="classunload" timems="0.006" contextid="5344" timestamp="2019-06-16T02:56:35.604">
  <classunload-info classloadercandidates="53" classloadersunloaded="0" classesunloaded="0" anonymousclassesunloaded="0" quiescems="0.000" setupms="0.006" scanms="0.000" postms="0.000" />
</gc-op>
<gc-end id="5551" type="global mark phase" contextid="5344" durationms="4.873" usertimems="8.000" systemtimems="0.000" timestamp="2019-06-16T02:56:35.604" activeThreads="4">
  <mem-info id="5552" free="49283072" total="111149056" percent="44">
    <remembered-set count="132992" freebytes="3904768" totalbytes="4436736" percent="88" regionsoverflowed="0" regionsstable="0" regionsrebuilding="0"/>
  </mem-info>
</gc-end>
<cycle-end id="5553" type="global mark phase" contextid="5344" timestamp="2019-06-16T02:56:35.604" />
  <attribute name="elasticGC enabled" value="1" />
  <attribute name= "numThreadsSpecified" value="4" />
  <attribute name="heapSize specified" value="0" />
  <attribute name="Current GC Util" value="182" />
  <attribute name= "Current Time Running" value="67967" />
  <attribute name ="GC Interval" value="0" />
  <attribute name="ProportionalT" value="243.000000" />
  <attribute name="ProportionalI" value="243.000000" />
  <attribute name="ProportionalH" value="243.000000" />
  <attribute name="Current Error" value="162.000000" />
  <attribute name="IntegralT" value="0.000000" />
  <attribute name="IntegralI" value="0.000000" />
  <attribute name="IntegralH" value="0.000000" />
  <attribute name="DerivativeT" value="-inf" />
  <attribute name="DerivativeI" value="-inf" />
  <attribute name="DerivativeH" value="-inf" />
  <attribute name="Loop Time for DT" value="0.000000" />
  <attribute name="Output H" value="2091843584"/>
  <attribute name="Output I" value="200"/>
  <attribute name="Output T" value="4"/>
  <attribute name="Target GC Util Change" value ="20.000000" />
  <attribute name="Current GC Util Change" value="182.000000"/>
  <attribute name="GC Util currently" value="182" />
  <attribute name="CPU Util currently" value="8569820272450" />
<exclusive-end id="5554" timestamp="2019-06-16T02:56:35.605" durationms="5.714" />

<exclusive-start id="5555" timestamp="2019-06-16T02:56:35.630" intervalms="31.484">
  <response-info timems="0.069" idlems="0.069" threads="0" lastid="0000000001916700" lastname="main" />
</exclusive-start>
<allocation-taxation id="5556" taxation-threshold="16777216" timestamp="2019-06-16T02:56:35.631" intervalms="31.484" />
<cycle-start id="5557" type="partial gc" contextid="0" timestamp="2019-06-16T02:56:35.631" intervalms="61.911" />
<gc-start id="5558" type="partial gc" contextid="5557" timestamp="2019-06-16T02:56:35.631">
  <mem-info id="5559" free="32505856" total="111149056" percent="29">
    <mem type="eden" free="1048336" total="34603008" percent="3" />
    <remembered-set count="2080" freebytes="4428416" totalbytes="4436736" percent="99" regionsoverflowed="0" regionsstable="18" regionsrebuilding="0"/>
  </mem-info>
</gc-start>
<allocation-stats totalBytes="33548456" >
  <allocated-bytes non-tlh="0" tlh="33548456" arrayletleaf="0"/>
  <largest-consumer threadName="main" threadId="0000000001916700" bytes="16774480" />
</allocation-stats>
<gc-op id="5560" type="sweep" timems="1.068" contextid="5557" timestamp="2019-06-16T02:56:35.633" />
<gc-op id="5561" type="copy forward" timems="2.855" contextid="5557" timestamp="2019-06-16T02:56:35.637">
  <memory-copied type="eden" objects="5" bytes="240" bytesdiscarded="0" />
  <memory-copied type="other" objects="6" bytes="144" bytesdiscarded="720" />
  <memory-cardclean objects="56" bytes="1720" />
  <regions eden="16" other="2" />
  <remembered-set-cleared processed="100" cleared="19" durationms="0.105" />
  <stringconstants candidates="13697" cleared="0"  />
</gc-op>
<gc-op id="5562" type="classunload" timems="0.004" contextid="5557" timestamp="2019-06-16T02:56:35.637">
  <classunload-info classloadercandidates="53" classloadersunloaded="0" classesunloaded="0" anonymousclassesunloaded="0" quiescems="0.000" setupms="0.004" scanms="0.000" postms="0.000" />
</gc-op>
<gc-end id="5563" type="partial gc" contextid="5557" durationms="5.691" usertimems="8.000" systemtimems="4.000" timestamp="2019-06-16T02:56:35.637" activeThreads="4">
  <mem-info id="5564" free="66060288" total="111149056" percent="59">
    <mem type="eden" free="1048336" total="1048576" percent="99" />
    <remembered-set count="2752" freebytes="4425728" totalbytes="4436736" percent="99" regionsoverflowed="0" regionsstable="18" regionsrebuilding="0"/>
  </mem-info>
</gc-end>
<cycle-end id="5565" type="partial gc" contextid="5557" timestamp="2019-06-16T02:56:35.637" />
  <attribute name="elasticGC enabled" value="1" />
  <attribute name= "numThreadsSpecified" value="4" />
  <attribute name="heapSize specified" value="0" />
  <attribute name="Current GC Util" value="124" />
  <attribute name= "Current Time Running" value="67999" />
  <attribute name ="GC Interval" value="0" />
  <attribute name="ProportionalT" value="156.000000" />
  <attribute name="ProportionalI" value="156.000000" />
  <attribute name="ProportionalH" value="156.000000" />
  <attribute name="Current Error" value="104.000000" />
  <attribute name="IntegralT" value="104.000000" />
  <attribute name="IntegralI" value="104.000000" />
  <attribute name="IntegralH" value="104.000000" />
  <attribute name="DerivativeT" value="-8.000000" />
  <attribute name="DerivativeI" value="-8.000000" />
  <attribute name="DerivativeH" value="-8.000000" />
  <attribute name="Loop Time for DT" value="1.000000" />
  <attribute name="Output H" value="8388608"/>
  <attribute name="Output I" value="256"/>
  <attribute name="Output T" value="4"/>
  <attribute name="Target GC Util Change" value ="20.000000" />
  <attribute name="Current GC Util Change" value="124.000000"/>
  <attribute name="GC Util currently" value="124" />
  <attribute name="CPU Util currently" value="10408575591130" />
<exclusive-end id="5566" timestamp="2019-06-16T02:56:35.637" durationms="6.816" />

<exclusive-start id="5567" timestamp="2019-06-16T02:56:35.671" intervalms="40.961">
  <response-info timems="0.077" idlems="0.077" threads="0" lastid="0000000001916700" lastname="main" />
</exclusive-start>
<allocation-taxation id="5568" taxation-threshold="34603008" timestamp="2019-06-16T02:56:35.672" intervalms="40.965" />
<cycle-start id="5569" type="partial gc" contextid="0" timestamp="2019-06-16T02:56:35.672" intervalms="40.962" />
<gc-start id="5570" type="partial gc" contextid="5569" timestamp="2019-06-16T02:56:35.672">
  <mem-info id="5571" free="31457280" total="111149056" percent="28">
    <mem type="eden" free="1048336" total="35651584" percent="2" />
    <remembered-set count="2752" freebytes="4425728" totalbytes="4436736" percent="99" regionsoverflowed="0" regionsstable="18" regionsrebuilding="0"/>
  </mem-info>
</gc-start>
<allocation-stats totalBytes="34575328" >
  <allocated-bytes non-tlh="0" tlh="34575328" arrayletleaf="0"/>
  <largest-consumer threadName="main" threadId="0000000001916700" bytes="34575328" />
</allocation-stats>
<gc-op id="5572" type="copy forward" timems="2.727" contextid="5569" timestamp="2019-06-16T02:56:35.676">
  <memory-copied type="eden" objects="25" bytes="1328" bytesdiscarded="672" />
  <memory-copied type="other" objects="30" bytes="720" bytesdiscarded="2664" />
  <memory-cardclean objects="91" bytes="2704" />
  <regions eden="33" other="6" />
  <remembered-set-cleared processed="89" cleared="32" durationms="0.101" />
  <stringconstants candidates="13697" cleared="0"  />
</gc-op>
<gc-op id="5573" type="classunload" timems="0.004" contextid="5569" timestamp="2019-06-16T02:56:35.676">
  <classunload-info classloadercandidates="53" classloadersunloaded="0" classesunloaded="0" anonymousclassesunloaded="0" quiescems="0.000" setupms="0.004" scanms="0.000" postms="0.000" />
</gc-op>
<gc-end id="5574" type="partial gc" contextid="5569" durationms="3.876" usertimems="8.000" systemtimems="0.000" timestamp="2019-06-16T02:56:35.676" activeThreads="4">
  <mem-info id="5575" free="67108864" total="111149056" percent="60">
    <mem type="eden" free="1046576" total="1048576" percent="99" />
    <remembered-set count="2784" freebytes="4425600" totalbytes="4436736" percent="99" regionsoverflowed="0" regionsstable="18" regionsrebuilding="0"/>
  </mem-info>
</gc-end>
<cycle-end id="5576" type="partial gc" contextid="5569" timestamp="2019-06-16T02:56:35.676" />
  <attribute name="elasticGC enabled" value="1" />
  <attribute name= "numThreadsSpecified" value="4" />
  <attribute name="heapSize specified" value="0" />
  <attribute name="Current GC Util" value="0" />
  <attribute name= "Current Time Running" value="68038" />
  <attribute name ="GC Interval" value="0" />
  <attribute name="ProportionalT" value="-30.000000" />
  <attribute name="ProportionalI" value="-30.000000" />
  <attribute name="ProportionalH" value="-30.000000" />
  <attribute name="Current Error" value="-20.000000" />
  <attribute name="IntegralT" value="0.000000" />
  <attribute name="IntegralI" value="0.000000" />
  <attribute name="IntegralH" value="0.000000" />
  <attribute name="DerivativeT" value="-inf" />
  <attribute name="DerivativeI" value="-inf" />
  <attribute name="DerivativeH" value="-inf" />
  <attribute name="Loop Time for DT" value="0.000000" />
  <attribute name="Output H" value="2091843584"/>
  <attribute name="Output I" value="200"/>
  <attribute name="Output T" value="4"/>
  <attribute name="Target GC Util Change" value ="20.000000" />
  <attribute name="Current GC Util Change" value="0.000000"/>
  <attribute name="GC Util currently" value="0" />
  <attribute name="CPU Util currently" value="14499968409350" />
<exclusive-end id="5577" timestamp="2019-06-16T02:56:35.676" durationms="4.988" />

<exclusive-start id="5578" timestamp="2019-06-16T02:56:35.689" intervalms="17.137">
  <response-info timems="0.086" idlems="0.086" threads="0" lastid="0000000001916700" lastname="main" />
</exclusive-start>
<allocation-taxation id="5579" taxation-threshold="34603008" timestamp="2019-06-16T02:56:35.689" intervalms="17.093" />
<cycle-start id="5580" type="partial gc" contextid="0" timestamp="2019-06-16T02:56:35.689" intervalms="17.054" />
<gc-start id="5581" type="partial gc" contextid="5580" timestamp="2019-06-16T02:56:35.689">
  <mem-info id="5582" free="32505856" total="111149056" percent="29">
    <mem type="eden" free="0" total="34603008" percent="0" />
    <remembered-set count="2784" freebytes="4425600" totalbytes="4436736" percent="99" regionsoverflowed="0" regionsstable="18" regionsrebuilding="0"/>
  </mem-info>
</gc-start>
<allocation-stats totalBytes="34554560" >
  <allocated-bytes non-tlh="0" tlh="34554560" arrayletleaf="0"/>
  <largest-consumer threadName="main" threadId="0000000001916700" bytes="34554560" />
</allocation-stats>
<gc-op id="5583" type="copy forward" timems="1.169" contextid="5580" timestamp="2019-06-16T02:56:35.691">
  <memory-copied type="eden" objects="4" bytes="112" bytesdiscarded="0" />
  <memory-copied type="other" objects="96" bytes="3056" bytesdiscarded="160" />
  <memory-cardclean objects="106" bytes="11360" />
  <regions eden="33" other="8" />
  <remembered-set-cleared processed="77" cleared="31" durationms="0.126" />
  <references type="weak" candidates="2" cleared="0" enqueued="0" />
  <stringconstants candidates="13697" cleared="0"  />
</gc-op>
<gc-op id="5584" type="classunload" timems="0.004" contextid="5580" timestamp="2019-06-16T02:56:35.691">
  <classunload-info classloadercandidates="53" classloadersunloaded="0" classesunloaded="0" anonymousclassesunloaded="0" quiescems="0.000" setupms="0.004" scanms="0.000" postms="0.000" />
</gc-op>
<heap-resize id="5585" type="contract" space="default" amount="5242880" count="1" timems="0.156" reason="excess free space following gc" timestamp="2019-06-16T02:56:35.692" />
<gc-end id="5586" type="partial gc" contextid="5580" durationms="2.757" usertimems="4.000" systemtimems="0.000" timestamp="2019-06-16T02:56:35.692" activeThreads="1">
  <mem-info id="5587" free="65011712" total="105906176" percent="61">
    <mem type="eden" free="1048464" total="1048576" percent="99" />
    <remembered-set count="2304" freebytes="4427520" totalbytes="4436736" percent="99" regionsoverflowed="0" regionsstable="18" regionsrebuilding="0"/>
  </mem-info>
</gc-end>
<cycle-end id="5588" type="partial gc" contextid="5580" timestamp="2019-06-16T02:56:35.692" />
  <attribute name="elasticGC enabled" value="1" />
  <attribute name= "numThreadsSpecified" value="1" />
  <attribute name="heapSize specified" value="0" />
  <attribute name="Current GC Util" value="152" />
  <attribute name= "Current Time Running" value="68055" />
  <attribute name ="GC Interval" value="0" />
  <attribute name="ProportionalT" value="198.000000" />
  <attribute name="ProportionalI" value="198.000000" />
  <attribute name="ProportionalH" value="198.000000" />
  <attribute name="Current Error" value="132.000000" />
  <attribute name="IntegralT" value="0.000000" />
  <attribute name="IntegralI" value="0.000000" />
  <attribute name="IntegralH" value="0.000000" />
  <attribute name="DerivativeT" value="inf" />
  <attribute name="DerivativeI" value="inf" />
  <attribute name="DerivativeH" value="inf" />
  <attribute name="Loop Time for DT" value="0.000000" />
  <attribute name="Output H" value="8388608"/>
  <attribute name="Output I" value="200"/>
  <attribute name="Output T" value="1"/>
  <attribute name="Target GC Util Change" value ="20.000000" />
  <attribute name="Current GC Util Change" value="152.000000"/>
  <attribute name="GC Util currently" value="152" />
  <attribute name="CPU Util currently" value="12291044549950" />
<exclusive-end id="5589" timestamp="2019-06-16T02:56:35.692" durationms="3.783" />

<exclusive-start id="5590" timestamp="2019-06-16T02:56:35.704" intervalms="15.307">
  <response-info timems="0.091" idlems="0.091" threads="0" lastid="0000000001916700" lastname="main" />
</exclusive-start>
<allocation-taxation id="5591" taxation-threshold="32505856" timestamp="2019-06-16T02:56:35.704" intervalms="15.274" />
<cycle-start id="5592" type="partial gc" contextid="0" timestamp="2019-06-16T02:56:35.704" intervalms="15.309" />
<gc-start id="5593" type="partial gc" contextid="5592" timestamp="2019-06-16T02:56:35.705">
  <mem-info id="5594" free="32505856" total="105906176" percent="30">
    <mem type="eden" free="1048464" total="33554432" percent="3" />
    <remembered-set count="2272" freebytes="4427648" totalbytes="4436736" percent="99" regionsoverflowed="0" regionsstable="18" regionsrebuilding="0"/>
  </mem-info>
</gc-start>
<allocation-stats totalBytes="32461032" >
  <allocated-bytes non-tlh="0" tlh="32461032" arrayletleaf="0"/>
  <largest-consumer threadName="main" threadId="0000000001916700" bytes="32461032" />
</allocation-stats>
<gc-op id="5595" type="copy forward" timems="2.798" contextid="5592" timestamp="2019-06-16T02:56:35.709">
  <memory-copied type="eden" objects="4" bytes="112" bytesdiscarded="0" />
  <memory-copied type="other" objects="30" bytes="720" bytesdiscarded="2336" />
  <memory-cardclean objects="108" bytes="3440" />
  <regions eden="31" other="4" />
  <remembered-set-cleared processed="77" cleared="28" durationms="0.094" />
  <stringconstants candidates="13697" cleared="0"  />
</gc-op>
<gc-op id="5596" type="classunload" timems="0.003" contextid="5592" timestamp="2019-06-16T02:56:35.709">
  <classunload-info classloadercandidates="53" classloadersunloaded="0" classesunloaded="0" anonymousclassesunloaded="0" quiescems="0.000" setupms="0.003" scanms="0.000" postms="0.000" />
</gc-op>
<heap-resize id="5597" type="contract" space="default" amount="3145728" count="1" timems="0.119" reason="excess free space following gc" timestamp="2019-06-16T02:56:35.709" />
<gc-end id="5598" type="partial gc" contextid="5592" durationms="4.543" usertimems="8.000" systemtimems="0.000" timestamp="2019-06-16T02:56:35.709" activeThreads="4">
  <mem-info id="5599" free="62914560" total="102760448" percent="61">
    <mem type="eden" free="1048464" total="1048576" percent="99" />
    <remembered-set count="1728" freebytes="4220544" totalbytes="4227456" percent="99" regionsoverflowed="0" regionsstable="18" regionsrebuilding="0"/>
  </mem-info>
</gc-end>
<cycle-end id="5600" type="partial gc" contextid="5592" timestamp="2019-06-16T02:56:35.709" />
  <attribute name="elasticGC enabled" value="1" />
  <attribute name= "numThreadsSpecified" value="4" />
  <attribute name="heapSize specified" value="0" />
  <attribute name="Current GC Util" value="138" />
  <attribute name= "Current Time Running" value="68071" />
  <attribute name ="GC Interval" value="0" />
  <attribute name="ProportionalT" value="177.000000" />
  <attribute name="ProportionalI" value="177.000000" />
  <attribute name="ProportionalH" value="177.000000" />
  <attribute name="Current Error" value="118.000000" />
  <attribute name="IntegralT" value="118.000000" />
  <attribute name="IntegralI" value="118.000000" />
  <attribute name="IntegralH" value="118.000000" />
  <attribute name="DerivativeT" value="118.000000" />
  <attribute name="DerivativeI" value="118.000000" />
  <attribute name="DerivativeH" value="118.000000" />
  <attribute name="Loop Time for DT" value="1.000000" />
  <attribute name="Output H" value="8388608"/>
  <attribute name="Output I" value="416"/>
  <attribute name="Output T" value="4"/>
  <attribute name="Target GC Util Change" value ="20.000000" />
  <attribute name="Current GC Util Change" value="138.000000"/>
  <attribute name="GC Util currently" value="138" />
  <attribute name="CPU Util currently" value="6647925629018" />
<exclusive-end id="5601" timestamp="2019-06-16T02:56:35.710" durationms="5.626" />

<exclusive-start id="5602" timestamp="2019-06-16T02:56:35.721" intervalms="16.853">
  <response-info timems="0.073" idlems="0.073" threads="0" lastid="0000000001916700" lastname="main" />
</exclusive-start>
<allocation-taxation id="5603" taxation-threshold="32505856" timestamp="2019-06-16T02:56:35.721" intervalms="16.883" />
<cycle-start id="5604" type="partial gc" contextid="0" timestamp="2019-06-16T02:56:35.721" intervalms="16.857" />
<gc-start id="5605" type="partial gc" contextid="5604" timestamp="2019-06-16T02:56:35.721">
  <mem-info id="5606" free="30408704" total="102760448" percent="29">
    <mem type="eden" free="1048464" total="33554432" percent="3" />
    <remembered-set count="1728" freebytes="4220544" totalbytes="4227456" percent="99" regionsoverflowed="0" regionsstable="18" regionsrebuilding="0"/>
  </mem-info>
</gc-start>
<allocation-stats totalBytes="32461008" >
  <allocated-bytes non-tlh="0" tlh="32461008" arrayletleaf="0"/>
  <largest-consumer threadName="main" threadId="0000000001916700" bytes="32461008" />
</allocation-stats>
<gc-op id="5607" type="copy forward" timems="1.113" contextid="5604" timestamp="2019-06-16T02:56:35.724">
  <memory-copied type="eden" objects="4" bytes="112" bytesdiscarded="0" />
  <memory-copied type="other" objects="18" bytes="432" bytesdiscarded="160" />
  <memory-cardclean objects="72" bytes="1952" />
  <regions eden="31" other="4" />
  <remembered-set-cleared processed="81" cleared="15" durationms="0.125" />
  <stringconstants candidates="13697" cleared="0"  />
</gc-op>
<gc-op id="5608" type="classunload" timems="0.004" contextid="5604" timestamp="2019-06-16T02:56:35.724">
  <classunload-info classloadercandidates="53" classloadersunloaded="0" classesunloaded="0" anonymousclassesunloaded="0" quiescems="0.000" setupms="0.004" scanms="0.000" postms="0.000" />
</gc-op>
<heap-resize id="5609" type="contract" space="default" amount="5242880" count="1" timems="0.200" reason="excess free space following gc" timestamp="2019-06-16T02:56:35.724" />
<gc-end id="5610" type="partial gc" contextid="5604" durationms="2.957" usertimems="4.000" systemtimems="0.000" timestamp="2019-06-16T02:56:35.724" activeThreads="1">
  <mem-info id="5611" free="59768832" total="97517568" percent="61">
    <mem type="eden" free="1048464" total="1048576" percent="99" />
    <remembered-set count="1536" freebytes="4095744" totalbytes="4101888" percent="99" regionsoverflowed="0" regionsstable="18" regionsrebuilding="0"/>
  </mem-info>
</gc-end>
<cycle-end id="5612" type="partial gc" contextid="5604" timestamp="2019-06-16T02:56:35.724" />
  <attribute name="elasticGC enabled" value="1" />
  <attribute name= "numThreadsSpecified" value="1" />
  <attribute name="heapSize specified" value="0" />
  <attribute name="Current GC Util" value="80" />
  <attribute name= "Current Time Running" value="68087" />
  <attribute name ="GC Interval" value="0" />
  <attribute name="ProportionalT" value="90.000000" />
  <attribute name="ProportionalI" value="90.000000" />
  <attribute name="ProportionalH" value="90.000000" />
  <attribute name="Current Error" value="60.000000" />
  <attribute name="IntegralT" value="0.000000" />
  <attribute name="IntegralI" value="0.000000" />
  <attribute name="IntegralH" value="0.000000" />
  <attribute name="DerivativeT" value="inf" />
  <attribute name="DerivativeI" value="inf" />
  <attribute name="DerivativeH" value="inf" />
  <attribute name="Loop Time for DT" value="0.000000" />
  <attribute name="Output H" value="8388608"/>
  <attribute name="Output I" value="200"/>
  <attribute name="Output T" value="1"/>
  <attribute name="Target GC Util Change" value ="20.000000" />
  <attribute name="Current GC Util Change" value="80.000000"/>
  <attribute name="GC Util currently" value="80" />
  <attribute name="CPU Util currently" value="7098133845836" />
<exclusive-end id="5613" timestamp="2019-06-16T02:56:35.725" durationms="3.964" />

<exclusive-start id="5614" timestamp="2019-06-16T02:56:35.730" intervalms="9.142">
  <response-info timems="0.070" idlems="0.070" threads="0" lastid="0000000001916700" lastname="main" />
</exclusive-start>
<allocation-taxation id="5615" taxation-threshold="14680064" timestamp="2019-06-16T02:56:35.730" intervalms="9.182" />
<cycle-start id="5616" type="global mark phase" contextid="0" timestamp="2019-06-16T02:56:35.730" intervalms="636.213" />
<gc-start id="5617" type="global mark phase" contextid="5616" timestamp="2019-06-16T02:56:35.731">
  <mem-info id="5618" free="45088768" total="97517568" percent="46">
    <remembered-set count="1216" freebytes="4097024" totalbytes="4101888" percent="99" regionsoverflowed="0" regionsstable="18" regionsrebuilding="0"/>
  </mem-info>
</gc-start>
<gc-op id="5619" type="mark increment" timems="0.937" contextid="5616" timestamp="2019-06-16T02:56:35.732">
  <trace-info objectcount="187" scancount="0" scanbytes="0" />
</gc-op>
<gc-end id="5620" type="global mark phase" contextid="5616" durationms="1.259" usertimems="0.000" systemtimems="0.000" timestamp="2019-06-16T02:56:35.732" activeThreads="1">
  <mem-info id="5621" free="45088768" total="97517568" percent="46">
    <remembered-set count="1216" freebytes="4097024" totalbytes="4101888" percent="99" regionsoverflowed="0" regionsstable="0" regionsrebuilding="18"/>
  </mem-info>
</gc-end>
<concurrent-start id="5622" type="GMP work packet processing" contextid="5616" timestamp="2019-06-16T02:56:35.732">
  <concurrent-mark-start scanTarget="1048576" />
</concurrent-start>
<exclusive-end id="5623" timestamp="2019-06-16T02:56:35.732" durationms="2.190" />

<concurrent-end id="5624" type="GMP work packet processing" contextid="5616" timestamp="2019-06-16T02:56:35.734">
  <concurrent-mark-end bytesScanned="1133596" reasonForTermination="Work target met" />
</concurrent-end>

<exclusive-start id="5625" timestamp="2019-06-16T02:56:35.737" intervalms="7.463">
  <response-info timems="0.046" idlems="0.046" threads="0" lastid="0000000001916700" lastname="main" />
</exclusive-start>
<allocation-taxation id="5626" taxation-threshold="14680064" timestamp="2019-06-16T02:56:35.737" intervalms="7.366" />
<cycle-start id="5627" type="partial gc" contextid="0" timestamp="2019-06-16T02:56:35.738" intervalms="16.532" />
<gc-start id="5628" type="partial gc" contextid="5627" timestamp="2019-06-16T02:56:35.738">
  <mem-info id="5629" free="30408704" total="97517568" percent="31">
    <mem type="eden" free="1048464" total="30408704" percent="3" />
    <remembered-set count="13408" freebytes="4048256" totalbytes="4101888" percent="98" regionsoverflowed="0" regionsstable="0" regionsrebuilding="18"/>
  </mem-info>
</gc-start>
<allocation-stats totalBytes="29319624" >
  <allocated-bytes non-tlh="0" tlh="29319624" arrayletleaf="0"/>
  <largest-consumer threadName="main" threadId="0000000001916700" bytes="14659800" />
</allocation-stats>
<gc-op id="5630" type="copy forward" timems="3.489" contextid="5627" timestamp="2019-06-16T02:56:35.743">
  <memory-copied type="eden" objects="4" bytes="112" bytesdiscarded="0" />
  <memory-copied type="other" objects="64" bytes="1608" bytesdiscarded="416" />
  <memory-cardclean objects="2713" bytes="112208" />
  <regions eden="28" other="3" />
  <remembered-set-cleared processed="10332" cleared="1394" durationms="0.133" />
  <stringconstants candidates="13697" cleared="0"  />
</gc-op>
<gc-op id="5631" type="classunload" timems="0.003" contextid="5627" timestamp="2019-06-16T02:56:35.743">
  <classunload-info classloadercandidates="53" classloadersunloaded="0" classesunloaded="0" anonymousclassesunloaded="0" quiescems="0.000" setupms="0.003" scanms="0.000" postms="0.000" />
</gc-op>
<heap-resize id="5632" type="contract" space="default" amount="5242880" count="1" timems="0.335" reason="excess free space following gc" timestamp="2019-06-16T02:56:35.743" />
<gc-end id="5633" type="partial gc" contextid="5627" durationms="5.529" usertimems="12.000" systemtimems="0.000" timestamp="2019-06-16T02:56:35.743" activeThreads="4">
  <mem-info id="5634" free="56623104" total="92274688" percent="61">
    <mem type="eden" free="1048464" total="1048576" percent="99" />
    <remembered-set count="12896" freebytes="3841024" totalbytes="3892608" percent="98" regionsoverflowed="0" regionsstable="0" regionsrebuilding="18"/>
  </mem-info>
</gc-end>
<cycle-end id="5635" type="partial gc" contextid="5627" timestamp="2019-06-16T02:56:35.744" />
  <attribute name="elasticGC enabled" value="1" />
  <attribute name= "numThreadsSpecified" value="4" />
  <attribute name="heapSize specified" value="0" />
  <attribute name="Current GC Util" value="87" />
  <attribute name= "Current Time Running" value="68104" />
  <attribute name ="GC Interval" value="0" />
  <attribute name="ProportionalT" value="100.500000" />
  <attribute name="ProportionalI" value="100.500000" />
  <attribute name="ProportionalH" value="100.500000" />
  <attribute name="Current Error" value="67.000000" />
  <attribute name="IntegralT" value="67.000000" />
  <attribute name="IntegralI" value="67.000000" />
  <attribute name="IntegralH" value="67.000000" />
  <attribute name="DerivativeT" value="13.000000" />
  <attribute name="DerivativeI" value="13.000000" />
  <attribute name="DerivativeH" value="13.000000" />
  <attribute name="Loop Time for DT" value="1.000000" />
  <attribute name="Output H" value="8388608"/>
  <attribute name="Output I" value="200"/>
  <attribute name="Output T" value="4"/>
  <attribute name="Target GC Util Change" value ="20.000000" />
  <attribute name="Current GC Util Change" value="87.000000"/>
  <attribute name="GC Util currently" value="87" />
  <attribute name="CPU Util currently" value="6851514584873" />
<exclusive-end id="5636" timestamp="2019-06-16T02:56:35.744" durationms="6.528" />

<exclusive-start id="5637" timestamp="2019-06-16T02:56:35.749" intervalms="11.741">
  <response-info timems="0.058" idlems="0.058" threads="0" lastid="0000000001916700" lastname="main" />
</exclusive-start>
<allocation-taxation id="5638" taxation-threshold="14680064" timestamp="2019-06-16T02:56:35.749" intervalms="11.795" />
<gc-start id="5639" type="global mark phase" contextid="5616" timestamp="2019-06-16T02:56:35.749">
  <mem-info id="5640" free="41943040" total="92274688" percent="45">
    <remembered-set count="12416" freebytes="3842944" totalbytes="3892608" percent="98" regionsoverflowed="0" regionsstable="0" regionsrebuilding="18"/>
  </mem-info>
</gc-start>
<gc-end id="5641" type="global mark phase" contextid="5616" durationms="0.200" usertimems="0.000" systemtimems="0.000" timestamp="2019-06-16T02:56:35.750" activeThreads="4">
  <mem-info id="5642" free="41943040" total="92274688" percent="45">
    <remembered-set count="12416" freebytes="3842944" totalbytes="3892608" percent="98" regionsoverflowed="0" regionsstable="0" regionsrebuilding="18"/>
  </mem-info>
</gc-end>
<concurrent-start id="5643" type="GMP work packet processing" contextid="5616" timestamp="2019-06-16T02:56:35.750">
  <concurrent-mark-start scanTarget="1355656" />
</concurrent-start>
<exclusive-end id="5644" timestamp="2019-06-16T02:56:35.750" durationms="0.936" />

<concurrent-end id="5645" type="GMP work packet processing" contextid="5616" timestamp="2019-06-16T02:56:35.752">
  <concurrent-mark-end bytesScanned="1434536" reasonForTermination="Work target met" />
</concurrent-end>

<exclusive-start id="5646" timestamp="2019-06-16T02:56:35.755" intervalms="6.104">
  <response-info timems="0.029" idlems="0.029" threads="0" lastid="0000000001916700" lastname="main" />
</exclusive-start>
<allocation-taxation id="5647" taxation-threshold="14680064" timestamp="2019-06-16T02:56:35.755" intervalms="6.079" />
<cycle-start id="5648" type="partial gc" contextid="0" timestamp="2019-06-16T02:56:35.756" intervalms="17.888" />
<gc-start id="5649" type="partial gc" contextid="5648" timestamp="2019-06-16T02:56:35.756">
  <mem-info id="5650" free="27262976" total="92274688" percent="29">
    <mem type="eden" free="1048464" total="30408704" percent="3" />
    <remembered-set count="26688" freebytes="3785856" totalbytes="3892608" percent="97" regionsoverflowed="0" regionsstable="0" regionsrebuilding="18"/>
  </mem-info>
</gc-start>
<allocation-stats totalBytes="29319624" >
  <allocated-bytes non-tlh="0" tlh="29319624" arrayletleaf="0"/>
  <largest-consumer threadName="main" threadId="0000000001916700" bytes="14659800" />
</allocation-stats>
<gc-op id="5651" type="copy forward" timems="4.813" contextid="5648" timestamp="2019-06-16T02:56:35.762">
  <memory-copied type="eden" objects="4" bytes="112" bytesdiscarded="0" />
  <memory-copied type="other" objects="10" bytes="240" bytesdiscarded="1568" />
  <memory-cardclean objects="35966" bytes="1737936" />
  <regions eden="28" other="2" />
  <remembered-set-cleared processed="12709" cleared="7909" durationms="0.136" />
  <stringconstants candidates="13697" cleared="0"  />
</gc-op>
<gc-op id="5652" type="classunload" timems="0.004" contextid="5648" timestamp="2019-06-16T02:56:35.762">
  <classunload-info classloadercandidates="53" classloadersunloaded="0" classesunloaded="0" anonymousclassesunloaded="0" quiescems="0.000" setupms="0.004" scanms="0.000" postms="0.000" />
</gc-op>
<heap-resize id="5653" type="contract" space="default" amount="3145728" count="1" timems="0.270" reason="excess free space following gc" timestamp="2019-06-16T02:56:35.762" />
<gc-end id="5654" type="partial gc" contextid="5648" durationms="6.739" usertimems="12.000" systemtimems="0.000" timestamp="2019-06-16T02:56:35.762" activeThreads="4">
  <mem-info id="5655" free="54525952" total="89128960" percent="61">
    <mem type="eden" free="1048464" total="1048576" percent="99" />
    <remembered-set count="17920" freebytes="3611648" totalbytes="3683328" percent="98" regionsoverflowed="0" regionsstable="0" regionsrebuilding="18"/>
  </mem-info>
</gc-end>
<cycle-end id="5656" type="partial gc" contextid="5648" timestamp="2019-06-16T02:56:35.763" />
  <attribute name="elasticGC enabled" value="1" />
  <attribute name= "numThreadsSpecified" value="4" />
  <attribute name="heapSize specified" value="0" />
  <attribute name="Current GC Util" value="90" />
  <attribute name= "Current Time Running" value="68122" />
  <attribute name ="GC Interval" value="0" />
  <attribute name="ProportionalT" value="105.000000" />
  <attribute name="ProportionalI" value="105.000000" />
  <attribute name="ProportionalH" value="105.000000" />
  <attribute name="Current Error" value="70.000000" />
  <attribute name="IntegralT" value="70.000000" />
  <attribute name="IntegralI" value="70.000000" />
  <attribute name="IntegralH" value="70.000000" />
  <attribute name="DerivativeT" value="20.000000" />
  <attribute name="DerivativeI" value="20.000000" />
  <attribute name="DerivativeH" value="20.000000" />
  <attribute name="Loop Time for DT" value="1.000000" />
  <attribute name="Output H" value="8388608"/>
  <attribute name="Output I" value="200"/>
  <attribute name="Output T" value="4"/>
  <attribute name="Target GC Util Change" value ="20.000000" />
  <attribute name="Current GC Util Change" value="90.000000"/>
  <attribute name="GC Util currently" value="90" />
  <attribute name="CPU Util currently" value="6889571048020" />
<exclusive-end id="5657" timestamp="2019-06-16T02:56:35.763" durationms="7.696" />

<exclusive-start id="5658" timestamp="2019-06-16T02:56:35.771" intervalms="15.837">
  <response-info timems="0.069" idlems="0.069" threads="0" lastid="0000000001916700" lastname="main" />
</exclusive-start>
<allocation-taxation id="5659" taxation-threshold="13631488" timestamp="2019-06-16T02:56:35.771" intervalms="15.857" />
<gc-start id="5660" type="global mark phase" contextid="5616" timestamp="2019-06-16T02:56:35.771">
  <mem-info id="5661" free="40894464" total="89128960" percent="45">
    <remembered-set count="17792" freebytes="3612160" totalbytes="3683328" percent="98" regionsoverflowed="0" regionsstable="0" regionsrebuilding="18"/>
  </mem-info>
</gc-start>
<gc-end id="5662" type="global mark phase" contextid="5616" durationms="0.198" usertimems="0.000" systemtimems="0.000" timestamp="2019-06-16T02:56:35.772" activeThreads="4">
  <mem-info id="5663" free="40894464" total="89128960" percent="45">
    <remembered-set count="17792" freebytes="3612160" totalbytes="3683328" percent="98" regionsoverflowed="0" regionsstable="0" regionsrebuilding="18"/>
  </mem-info>
</gc-end>
<concurrent-start id="5664" type="GMP work packet processing" contextid="5616" timestamp="2019-06-16T02:56:35.772">
  <concurrent-mark-start scanTarget="1355656" />
</concurrent-start>
<exclusive-end id="5665" timestamp="2019-06-16T02:56:35.772" durationms="0.869" />

<concurrent-end id="5666" type="GMP work packet processing" contextid="5616" timestamp="2019-06-16T02:56:35.773">
  <concurrent-mark-end bytesScanned="1395660" reasonForTermination="Work target met" />
</concurrent-end>

<exclusive-start id="5667" timestamp="2019-06-16T02:56:35.783" intervalms="12.215">
  <response-info timems="0.064" idlems="0.064" threads="0" lastid="0000000001916700" lastname="main" />
</exclusive-start>
<allocation-taxation id="5668" taxation-threshold="13631488" timestamp="2019-06-16T02:56:35.783" intervalms="12.196" />
<cycle-start id="5669" type="partial gc" contextid="0" timestamp="2019-06-16T02:56:35.784" intervalms="28.022" />
<gc-start id="5670" type="partial gc" contextid="5669" timestamp="2019-06-16T02:56:35.784">
  <mem-info id="5671" free="27262976" total="89128960" percent="30">
    <mem type="eden" free="1048464" total="28311552" percent="3" />
    <remembered-set count="32672" freebytes="3552640" totalbytes="3683328" percent="96" regionsoverflowed="0" regionsstable="0" regionsrebuilding="18"/>
  </mem-info>
</gc-start>
<allocation-stats totalBytes="27251744" >
  <allocated-bytes non-tlh="0" tlh="27251744" arrayletleaf="0"/>
  <largest-consumer threadName="main" threadId="0000000001916700" bytes="13631016" />
</allocation-stats>
<gc-op id="5672" type="copy forward" timems="4.517" contextid="5669" timestamp="2019-06-16T02:56:35.789">
  <memory-copied type="eden" objects="29" bytes="1040" bytesdiscarded="1368" />
  <memory-copied type="other" objects="1" bytes="3048" bytesdiscarded="488" />
  <memory-cardclean objects="43918" bytes="1928264" />
  <regions eden="26" other="2" />
  <remembered-set-cleared processed="20181" cleared="9062" durationms="0.189" />
  <references type="weak" candidates="2" cleared="0" enqueued="0" />
  <stringconstants candidates="13697" cleared="0"  />
</gc-op>
<gc-op id="5673" type="classunload" timems="0.005" contextid="5669" timestamp="2019-06-16T02:56:35.790">
  <classunload-info classloadercandidates="53" classloadersunloaded="0" classesunloaded="0" anonymousclassesunloaded="0" quiescems="0.000" setupms="0.005" scanms="0.000" postms="0.000" />
</gc-op>
<heap-resize id="5674" type="contract" space="default" amount="2097152" count="1" timems="0.244" reason="excess free space following gc" timestamp="2019-06-16T02:56:35.790" />
<gc-end id="5675" type="partial gc" contextid="5669" durationms="6.375" usertimems="12.000" systemtimems="0.000" timestamp="2019-06-16T02:56:35.790" activeThreads="4">
  <mem-info id="5676" free="53477376" total="87031808" percent="61">
    <mem type="eden" free="1046168" total="1048576" percent="99" />
    <remembered-set count="24608" freebytes="3459328" totalbytes="3557760" percent="97" regionsoverflowed="0" regionsstable="0" regionsrebuilding="18"/>
  </mem-info>
</gc-end>
<cycle-end id="5677" type="partial gc" contextid="5669" timestamp="2019-06-16T02:56:35.790" />
  <attribute name="elasticGC enabled" value="1" />
  <attribute name= "numThreadsSpecified" value="4" />
  <attribute name="heapSize specified" value="0" />
  <attribute name="Current GC Util" value="98" />
  <attribute name= "Current Time Running" value="68150" />
  <attribute name ="GC Interval" value="0" />
  <attribute name="ProportionalT" value="117.000000" />
  <attribute name="ProportionalI" value="117.000000" />
  <attribute name="ProportionalH" value="117.000000" />
  <attribute name="Current Error" value="78.000000" />
  <attribute name="IntegralT" value="78.000000" />
  <attribute name="IntegralI" value="78.000000" />
  <attribute name="IntegralH" value="78.000000" />
  <attribute name="DerivativeT" value="73.000000" />
  <attribute name="DerivativeI" value="73.000000" />
  <attribute name="DerivativeH" value="73.000000" />
  <attribute name="Loop Time for DT" value="1.000000" />
  <attribute name="Output H" value="8388608"/>
  <attribute name="Output I" value="272"/>
  <attribute name="Output T" value="4"/>
  <attribute name="Target GC Util Change" value ="20.000000" />
  <attribute name="Current GC Util Change" value="98.000000"/>
  <attribute name="GC Util currently" value="98" />
  <attribute name="CPU Util currently" value="7342770812762" />
<exclusive-end id="5678" timestamp="2019-06-16T02:56:35.791" durationms="7.289" />

<exclusive-start id="5679" timestamp="2019-06-16T02:56:35.805" intervalms="21.684">
  <response-info timems="0.063" idlems="0.063" threads="0" lastid="0000000001916700" lastname="main" />
</exclusive-start>
<allocation-taxation id="5680" taxation-threshold="13631488" timestamp="2019-06-16T02:56:35.805" intervalms="21.731" />
<gc-start id="5681" type="global mark phase" contextid="5616" timestamp="2019-06-16T02:56:35.805">
  <mem-info id="5682" free="39845888" total="87031808" percent="45">
    <remembered-set count="24224" freebytes="3460864" totalbytes="3557760" percent="97" regionsoverflowed="0" regionsstable="0" regionsrebuilding="18"/>
  </mem-info>
</gc-start>
<gc-end id="5683" type="global mark phase" contextid="5616" durationms="0.200" usertimems="0.000" systemtimems="0.000" timestamp="2019-06-16T02:56:35.806" activeThreads="4">
  <mem-info id="5684" free="39845888" total="87031808" percent="45">
    <remembered-set count="24224" freebytes="3460864" totalbytes="3557760" percent="97" regionsoverflowed="0" regionsstable="0" regionsrebuilding="18"/>
  </mem-info>
</gc-end>
<concurrent-start id="5685" type="GMP work packet processing" contextid="5616" timestamp="2019-06-16T02:56:35.806">
  <concurrent-mark-start scanTarget="1355656" />
</concurrent-start>
<exclusive-end id="5686" timestamp="2019-06-16T02:56:35.806" durationms="0.878" />

<concurrent-end id="5687" type="GMP work packet processing" contextid="5616" timestamp="2019-06-16T02:56:35.807">
  <concurrent-mark-end bytesScanned="1407580" reasonForTermination="Work target met" />
</concurrent-end>

<exclusive-start id="5688" timestamp="2019-06-16T02:56:35.821" intervalms="15.791">
  <response-info timems="0.088" idlems="0.088" threads="0" lastid="0000000001916700" lastname="main" />
</exclusive-start>
<allocation-taxation id="5689" taxation-threshold="13631488" timestamp="2019-06-16T02:56:35.821" intervalms="15.704" />
<cycle-start id="5690" type="partial gc" contextid="0" timestamp="2019-06-16T02:56:35.821" intervalms="37.467" />
<gc-start id="5691" type="partial gc" contextid="5690" timestamp="2019-06-16T02:56:35.821">
  <mem-info id="5692" free="26214400" total="87031808" percent="30">
    <mem type="eden" free="0" total="27262976" percent="0" />
    <remembered-set count="36608" freebytes="3411328" totalbytes="3557760" percent="95" regionsoverflowed="0" regionsstable="0" regionsrebuilding="18"/>
  </mem-info>
</gc-start>
<allocation-stats totalBytes="27259688" >
  <allocated-bytes non-tlh="0" tlh="27259688" arrayletleaf="0"/>
  <largest-consumer threadName="main" threadId="0000000001916700" bytes="13629424" />
</allocation-stats>
<gc-op id="5693" type="copy forward" timems="1.544" contextid="5690" timestamp="2019-06-16T02:56:35.824">
  <memory-copied type="eden" objects="25" bytes="800" bytesdiscarded="0" />
  <memory-copied type="other" objects="45" bytes="1280" bytesdiscarded="24" />
  <memory-cardclean objects="246" bytes="15152" />
  <regions eden="26" other="2" />
  <remembered-set-cleared processed="33423" cleared="146" durationms="0.311" />
  <references type="weak" candidates="4" cleared="0" enqueued="0" />
  <stringconstants candidates="13697" cleared="0"  />
</gc-op>
<gc-op id="5694" type="classunload" timems="0.004" contextid="5690" timestamp="2019-06-16T02:56:35.824">
  <classunload-info classloadercandidates="53" classloadersunloaded="0" classesunloaded="0" anonymousclassesunloaded="0" quiescems="0.000" setupms="0.004" scanms="0.000" postms="0.000" />
</gc-op>
<gc-end id="5695" type="partial gc" contextid="5690" durationms="3.092" usertimems="4.000" systemtimems="0.000" timestamp="2019-06-16T02:56:35.824" activeThreads="1">
  <mem-info id="5696" free="53477376" total="87031808" percent="61">
    <mem type="eden" free="1047776" total="1048576" percent="99" />
    <remembered-set count="35584" freebytes="3331712" totalbytes="3474048" percent="95" regionsoverflowed="0" regionsstable="0" regionsrebuilding="18"/>
  </mem-info>
</gc-end>
<cycle-end id="5697" type="partial gc" contextid="5690" timestamp="2019-06-16T02:56:35.825" />
  <attribute name="elasticGC enabled" value="1" />
  <attribute name= "numThreadsSpecified" value="1" />
  <attribute name="heapSize specified" value="0" />
  <attribute name="Current GC Util" value="89" />
  <attribute name= "Current Time Running" value="68187" />
  <attribute name ="GC Interval" value="0" />
  <attribute name="ProportionalT" value="103.500000" />
  <attribute name="ProportionalI" value="103.500000" />
  <attribute name="ProportionalH" value="103.500000" />
  <attribute name="Current Error" value="69.000000" />
  <attribute name="IntegralT" value="0.000000" />
  <attribute name="IntegralI" value="0.000000" />
  <attribute name="IntegralH" value="0.000000" />
  <attribute name="DerivativeT" value="inf" />
  <attribute name="DerivativeI" value="inf" />
  <attribute name="DerivativeH" value="inf" />
  <attribute name="Loop Time for DT" value="0.000000" />
  <attribute name="Output H" value="8388608"/>
  <attribute name="Output I" value="200"/>
  <attribute name="Output T" value="1"/>
  <attribute name="Target GC Util Change" value ="20.000000" />
  <attribute name="Current GC Util Change" value="89.000000"/>
  <attribute name="GC Util currently" value="89" />
  <attribute name="CPU Util currently" value="7786682297466" />
<exclusive-end id="5698" timestamp="2019-06-16T02:56:35.825" durationms="4.079" />

<exclusive-start id="5699" timestamp="2019-06-16T02:56:35.986" intervalms="165.694">
  <response-info timems="0.097" idlems="0.097" threads="0" lastid="0000000001916700" lastname="main" />
</exclusive-start>
<allocation-taxation id="5700" taxation-threshold="13631488" timestamp="2019-06-16T02:56:35.987" intervalms="165.844" />
<gc-start id="5701" type="global mark phase" contextid="5616" timestamp="2019-06-16T02:56:35.987">
  <mem-info id="5702" free="39845888" total="87031808" percent="45">
    <remembered-set count="35328" freebytes="3332736" totalbytes="3474048" percent="95" regionsoverflowed="0" regionsstable="0" regionsrebuilding="18"/>
  </mem-info>
</gc-start>
<gc-end id="5703" type="global mark phase" contextid="5616" durationms="0.262" usertimems="0.000" systemtimems="0.000" timestamp="2019-06-16T02:56:35.987" activeThreads="1">
  <mem-info id="5704" free="39845888" total="87031808" percent="45">
    <remembered-set count="35328" freebytes="3332736" totalbytes="3474048" percent="95" regionsoverflowed="0" regionsstable="0" regionsrebuilding="18"/>
  </mem-info>
</gc-end>
<concurrent-start id="5705" type="GMP work packet processing" contextid="5616" timestamp="2019-06-16T02:56:35.987">
  <concurrent-mark-start scanTarget="1048576" />
</concurrent-start>
<exclusive-end id="5706" timestamp="2019-06-16T02:56:35.988" durationms="1.241" />

<concurrent-end id="5707" type="GMP work packet processing" contextid="5616" timestamp="2019-06-16T02:56:35.989">
  <concurrent-mark-end bytesScanned="1100512" reasonForTermination="Work target met" />
</concurrent-end>

<exclusive-start id="5708" timestamp="2019-06-16T02:56:35.992" intervalms="5.588">
  <response-info timems="0.080" idlems="0.080" threads="0" lastid="0000000001916700" lastname="main" />
</exclusive-start>
<allocation-taxation id="5709" taxation-threshold="13631488" timestamp="2019-06-16T02:56:35.992" intervalms="5.552" />
<cycle-start id="5710" type="partial gc" contextid="0" timestamp="2019-06-16T02:56:35.993" intervalms="171.498" />
<gc-start id="5711" type="partial gc" contextid="5710" timestamp="2019-06-16T02:56:35.993">
  <mem-info id="5712" free="26214400" total="87031808" percent="30">
    <mem type="eden" free="0" total="27262976" percent="0" />
    <remembered-set count="42048" freebytes="3305856" totalbytes="3474048" percent="95" regionsoverflowed="0" regionsstable="0" regionsrebuilding="18"/>
  </mem-info>
</gc-start>
<allocation-stats totalBytes="27201480" >
  <allocated-bytes non-tlh="0" tlh="27201480" arrayletleaf="0"/>
  <largest-consumer threadName="main" threadId="0000000001916700" bytes="13581568" />
</allocation-stats>
<gc-op id="5713" type="copy forward" timems="3.213" contextid="5710" timestamp="2019-06-16T02:56:35.997">
  <memory-copied type="eden" objects="70" bytes="2968" bytesdiscarded="1256" />
  <memory-copied type="other" objects="133" bytes="4688" bytesdiscarded="1608" />
  <memory-cardclean objects="244" bytes="15760" />
  <regions eden="26" other="2" />
  <remembered-set-cleared processed="39494" cleared="147" durationms="0.223" />
  <references type="weak" candidates="62" cleared="0" enqueued="0" />
  <stringconstants candidates="13697" cleared="0"  />
</gc-op>
<gc-op id="5714" type="classunload" timems="0.004" contextid="5710" timestamp="2019-06-16T02:56:35.997">
  <classunload-info classloadercandidates="53" classloadersunloaded="0" classesunloaded="0" anonymousclassesunloaded="0" quiescems="0.000" setupms="0.004" scanms="0.000" postms="0.000" />
</gc-op>
<heap-resize id="5715" type="contract" space="default" amount="5242880" count="1" timems="0.368" reason="insufficient time being spent in gc" timestamp="2019-06-16T02:56:35.998" />
<gc-end id="5716" type="partial gc" contextid="5710" durationms="5.234" usertimems="8.000" systemtimems="0.000" timestamp="2019-06-16T02:56:35.998" activeThreads="4">
  <mem-info id="5717" free="48234496" total="81788928" percent="58">
    <mem type="eden" free="1044352" total="1048576" percent="99" />
    <remembered-set count="42816" freebytes="3302784" totalbytes="3474048" percent="95" regionsoverflowed="0" regionsstable="0" regionsrebuilding="18"/>
  </mem-info>
</gc-end>
<cycle-end id="5718" type="partial gc" contextid="5710" timestamp="2019-06-16T02:56:35.998" />
  <attribute name="elasticGC enabled" value="1" />
  <attribute name= "numThreadsSpecified" value="4" />
  <attribute name="heapSize specified" value="0" />
  <attribute name="Current GC Util" value="158" />
  <attribute name= "Current Time Running" value="68359" />
  <attribute name ="GC Interval" value="0" />
  <attribute name="ProportionalT" value="207.000000" />
  <attribute name="ProportionalI" value="207.000000" />
  <attribute name="ProportionalH" value="207.000000" />
  <attribute name="Current Error" value="138.000000" />
  <attribute name="IntegralT" value="138.000000" />
  <attribute name="IntegralI" value="138.000000" />
  <attribute name="IntegralH" value="138.000000" />
  <attribute name="DerivativeT" value="104.000000" />
  <attribute name="DerivativeI" value="104.000000" />
  <attribute name="DerivativeH" value="104.000000" />
  <attribute name="Loop Time for DT" value="1.000000" />
  <attribute name="Output H" value="8388608"/>
  <attribute name="Output I" value="456"/>
  <attribute name="Output T" value="4"/>
  <attribute name="Target GC Util Change" value ="20.000000" />
  <attribute name="Current GC Util Change" value="158.000000"/>
  <attribute name="GC Util currently" value="158" />
  <attribute name="CPU Util currently" value="11848654604539" />
<exclusive-end id="5719" timestamp="2019-06-16T02:56:35.999" durationms="6.569" />

<exclusive-start id="5720" timestamp="2019-06-16T02:56:36.003" intervalms="10.703">
  <response-info timems="0.067" idlems="0.067" threads="0" lastid="0000000001916700" lastname="main" />
</exclusive-start>
<allocation-taxation id="5721" taxation-threshold="13631488" timestamp="2019-06-16T02:56:36.003" intervalms="10.712" />
<gc-start id="5722" type="global mark phase" contextid="5616" timestamp="2019-06-16T02:56:36.003">
  <mem-info id="5723" free="34603008" total="81788928" percent="42">
    <remembered-set count="42816" freebytes="3302784" totalbytes="3474048" percent="95" regionsoverflowed="0" regionsstable="0" regionsrebuilding="18"/>
  </mem-info>
</gc-start>
<gc-end id="5724" type="global mark phase" contextid="5616" durationms="0.272" usertimems="0.000" systemtimems="0.000" timestamp="2019-06-16T02:56:36.003" activeThreads="4">
  <mem-info id="5725" free="34603008" total="81788928" percent="42">
    <remembered-set count="42816" freebytes="3302784" totalbytes="3474048" percent="95" regionsoverflowed="0" regionsstable="0" regionsrebuilding="18"/>
  </mem-info>
</gc-end>
<concurrent-start id="5726" type="GMP work packet processing" contextid="5616" timestamp="2019-06-16T02:56:36.004">
  <concurrent-mark-start scanTarget="1355656" />
</concurrent-start>
<exclusive-end id="5727" timestamp="2019-06-16T02:56:36.004" durationms="1.223" />

<concurrent-end id="5728" type="GMP work packet processing" contextid="5616" timestamp="2019-06-16T02:56:36.005">
  <concurrent-mark-end bytesScanned="1426364" reasonForTermination="Work target met" />
</concurrent-end>

<exclusive-start id="5729" timestamp="2019-06-16T02:56:36.008" intervalms="5.510">
  <response-info timems="0.051" idlems="0.051" threads="0" lastid="0000000001916700" lastname="main" />
</exclusive-start>
<allocation-taxation id="5730" taxation-threshold="13631488" timestamp="2019-06-16T02:56:36.008" intervalms="5.441" />
<cycle-start id="5731" type="partial gc" contextid="0" timestamp="2019-06-16T02:56:36.009" intervalms="16.127" />
<gc-start id="5732" type="partial gc" contextid="5731" timestamp="2019-06-16T02:56:36.009">
  <mem-info id="5733" free="20971520" total="81788928" percent="25">
    <mem type="eden" free="0" total="27262976" percent="0" />
    <remembered-set count="50048" freebytes="3273856" totalbytes="3474048" percent="94" regionsoverflowed="0" regionsstable="0" regionsrebuilding="18"/>
  </mem-info>
</gc-start>
<allocation-stats totalBytes="27160672" >
  <allocated-bytes non-tlh="0" tlh="27160672" arrayletleaf="0"/>
  <largest-consumer threadName="main" threadId="0000000001916700" bytes="13581568" />
</allocation-stats>
<gc-op id="5734" type="copy forward" timems="8.746" contextid="5731" timestamp="2019-06-16T02:56:36.019">
  <memory-copied type="eden" objects="1" bytes="32" bytesdiscarded="0" />
  <memory-copied type="other" objects="69" bytes="2936" bytesdiscarded="0" />
  <memory-cardclean objects="132000" bytes="4462712" />
  <regions eden="26" other="1" />
  <remembered-set-cleared processed="20328" cleared="12481" durationms="0.288" />
  <references type="weak" candidates="2" cleared="0" enqueued="0" />
  <stringconstants candidates="13697" cleared="0"  />
</gc-op>
<gc-op id="5735" type="classunload" timems="0.018" contextid="5731" timestamp="2019-06-16T02:56:36.019">
  <classunload-info classloadercandidates="53" classloadersunloaded="0" classesunloaded="0" anonymousclassesunloaded="0" quiescems="0.000" setupms="0.017" scanms="0.000" postms="0.000" />
</gc-op>
<heap-resize id="5736" type="expand" space="default" amount="5242880" count="1" timems="0.063" reason="excessive time being spent in gc" timestamp="2019-06-16T02:56:36.020" />
<gc-end id="5737" type="partial gc" contextid="5731" durationms="10.884" usertimems="12.000" systemtimems="0.000" timestamp="2019-06-16T02:56:36.020" activeThreads="1">
  <mem-info id="5738" free="52428800" total="87031808" percent="60">
    <mem type="eden" free="1048544" total="1048576" percent="99" />
    <remembered-set count="32352" freebytes="3344640" totalbytes="3474048" percent="96" regionsoverflowed="0" regionsstable="0" regionsrebuilding="18"/>
  </mem-info>
</gc-end>
<cycle-end id="5739" type="partial gc" contextid="5731" timestamp="2019-06-16T02:56:36.020" />
  <attribute name="elasticGC enabled" value="1" />
  <attribute name= "numThreadsSpecified" value="1" />
  <attribute name="heapSize specified" value="0" />
  <attribute name="Current GC Util" value="111" />
  <attribute name= "Current Time Running" value="68375" />
  <attribute name ="GC Interval" value="0" />
  <attribute name="ProportionalT" value="136.500000" />
  <attribute name="ProportionalI" value="136.500000" />
  <attribute name="ProportionalH" value="136.500000" />
  <attribute name="Current Error" value="91.000000" />
  <attribute name="IntegralT" value="0.000000" />
  <attribute name="IntegralI" value="0.000000" />
  <attribute name="IntegralH" value="0.000000" />
  <attribute name="DerivativeT" value="inf" />
  <attribute name="DerivativeI" value="inf" />
  <attribute name="DerivativeH" value="inf" />
  <attribute name="Loop Time for DT" value="0.000000" />
  <attribute name="Output H" value="8388608"/>
  <attribute name="Output I" value="200"/>
  <attribute name="Output T" value="1"/>
  <attribute name="Target GC Util Change" value ="20.000000" />
  <attribute name="Current GC Util Change" value="111.000000"/>
  <attribute name="GC Util currently" value="111" />
  <attribute name="CPU Util currently" value="6326547174165" />
<exclusive-end id="5740" timestamp="2019-06-16T02:56:36.020" durationms="12.207" />

<exclusive-start id="5741" timestamp="2019-06-16T02:56:36.025" intervalms="16.461">
  <response-info timems="0.091" idlems="0.091" threads="0" lastid="0000000001916700" lastname="main" />
</exclusive-start>
<allocation-taxation id="5742" taxation-threshold="13631488" timestamp="2019-06-16T02:56:36.025" intervalms="16.507" />
<gc-start id="5743" type="global mark phase" contextid="5616" timestamp="2019-06-16T02:56:36.025">
  <mem-info id="5744" free="38797312" total="87031808" percent="44">
    <remembered-set count="31904" freebytes="3346432" totalbytes="3474048" percent="96" regionsoverflowed="0" regionsstable="0" regionsrebuilding="18"/>
  </mem-info>
</gc-start>
<gc-end id="5745" type="global mark phase" contextid="5616" durationms="0.264" usertimems="0.000" systemtimems="0.000" timestamp="2019-06-16T02:56:36.025" activeThreads="1">
  <mem-info id="5746" free="38797312" total="87031808" percent="44">
    <remembered-set count="31904" freebytes="3346432" totalbytes="3474048" percent="96" regionsoverflowed="0" regionsstable="0" regionsrebuilding="18"/>
  </mem-info>
</gc-end>
<concurrent-start id="5747" type="GMP work packet processing" contextid="5616" timestamp="2019-06-16T02:56:36.026">
  <concurrent-mark-start scanTarget="1048576" />
</concurrent-start>
<exclusive-end id="5748" timestamp="2019-06-16T02:56:36.026" durationms="1.117" />

<concurrent-end id="5749" type="GMP work packet processing" contextid="5616" timestamp="2019-06-16T02:56:36.027">
  <concurrent-mark-end bytesScanned="1080608" reasonForTermination="Work target met" />
</concurrent-end>

<exclusive-start id="5750" timestamp="2019-06-16T02:56:36.030" intervalms="5.409">
  <response-info timems="0.058" idlems="0.058" threads="0" lastid="0000000001916700" lastname="main" />
</exclusive-start>
<allocation-taxation id="5751" taxation-threshold="13631488" timestamp="2019-06-16T02:56:36.030" intervalms="5.325" />
<cycle-start id="5752" type="partial gc" contextid="0" timestamp="2019-06-16T02:56:36.030" intervalms="21.744" />
<gc-start id="5753" type="partial gc" contextid="5752" timestamp="2019-06-16T02:56:36.031">
  <mem-info id="5754" free="25165824" total="87031808" percent="28">
    <mem type="eden" free="1048544" total="28311552" percent="3" />
    <remembered-set count="42176" freebytes="3305344" totalbytes="3474048" percent="95" regionsoverflowed="0" regionsstable="0" regionsrebuilding="18"/>
  </mem-info>
</gc-start>
<allocation-stats totalBytes="27166552" >
  <allocated-bytes non-tlh="0" tlh="27166552" arrayletleaf="0"/>
  <largest-consumer threadName="main" threadId="0000000001916700" bytes="13586872" />
</allocation-stats>
<gc-op id="5755" type="copy forward" timems="1.512" contextid="5752" timestamp="2019-06-16T02:56:36.033">
  <memory-copied type="eden" objects="2" bytes="56" bytesdiscarded="0" />
  <memory-copied type="other" objects="0" bytes="0" bytesdiscarded="0" />
  <memory-cardclean objects="13" bytes="376" />
  <regions eden="26" other="1" />
  <remembered-set-cleared processed="39745" cleared="6" durationms="0.326" />
  <stringconstants candidates="13697" cleared="0"  />
</gc-op>
<gc-op id="5756" type="classunload" timems="0.003" contextid="5752" timestamp="2019-06-16T02:56:36.033">
  <classunload-info classloadercandidates="53" classloadersunloaded="0" classesunloaded="0" anonymousclassesunloaded="0" quiescems="0.000" setupms="0.003" scanms="0.000" postms="0.000" />
</gc-op>
<gc-end id="5757" type="partial gc" contextid="5752" durationms="2.797" usertimems="0.000" systemtimems="4.000" timestamp="2019-06-16T02:56:36.033" activeThreads="1">
  <mem-info id="5758" free="52428800" total="87031808" percent="60">
    <mem type="eden" free="1048520" total="1048576" percent="99" />
    <remembered-set count="42688" freebytes="3303296" totalbytes="3474048" percent="95" regionsoverflowed="0" regionsstable="0" regionsrebuilding="18"/>
  </mem-info>
</gc-end>
<cycle-end id="5759" type="partial gc" contextid="5752" timestamp="2019-06-16T02:56:36.034" />
  <attribute name="elasticGC enabled" value="1" />
  <attribute name= "numThreadsSpecified" value="1" />
  <attribute name="heapSize specified" value="0" />
  <attribute name="Current GC Util" value="159" />
  <attribute name= "Current Time Running" value="68396" />
  <attribute name ="GC Interval" value="0" />
  <attribute name="ProportionalT" value="208.500000" />
  <attribute name="ProportionalI" value="208.500000" />
  <attribute name="ProportionalH" value="208.500000" />
  <attribute name="Current Error" value="139.000000" />
  <attribute name="IntegralT" value="0.000000" />
  <attribute name="IntegralI" value="0.000000" />
  <attribute name="IntegralH" value="0.000000" />
  <attribute name="DerivativeT" value="inf" />
  <attribute name="DerivativeI" value="inf" />
  <attribute name="DerivativeH" value="inf" />
  <attribute name="Loop Time for DT" value="0.000000" />
  <attribute name="Output H" value="8388608"/>
  <attribute name="Output I" value="200"/>
  <attribute name="Output T" value="1"/>
  <attribute name="Target GC Util Change" value ="20.000000" />
  <attribute name="Current GC Util Change" value="159.000000"/>
  <attribute name="GC Util currently" value="159" />
  <attribute name="CPU Util currently" value="13374804091248" />
<exclusive-end id="5760" timestamp="2019-06-16T02:56:36.034" durationms="3.762" />

<exclusive-start id="5761" timestamp="2019-06-16T02:56:36.038" intervalms="8.054">
  <response-info timems="0.065" idlems="0.065" threads="0" lastid="0000000001916700" lastname="main" />
</exclusive-start>
<allocation-taxation id="5762" taxation-threshold="13631488" timestamp="2019-06-16T02:56:36.038" intervalms="8.139" />
<gc-start id="5763" type="global mark phase" contextid="5616" timestamp="2019-06-16T02:56:36.039">
  <mem-info id="5764" free="38797312" total="87031808" percent="44">
    <remembered-set count="42208" freebytes="3305216" totalbytes="3474048" percent="95" regionsoverflowed="0" regionsstable="0" regionsrebuilding="18"/>
  </mem-info>
</gc-start>
<gc-end id="5765" type="global mark phase" contextid="5616" durationms="0.200" usertimems="0.000" systemtimems="0.000" timestamp="2019-06-16T02:56:36.039" activeThreads="1">
  <mem-info id="5766" free="38797312" total="87031808" percent="44">
    <remembered-set count="42208" freebytes="3305216" totalbytes="3474048" percent="95" regionsoverflowed="0" regionsstable="0" regionsrebuilding="18"/>
  </mem-info>
</gc-end>
<concurrent-start id="5767" type="GMP work packet processing" contextid="5616" timestamp="2019-06-16T02:56:36.039">
  <concurrent-mark-start scanTarget="1048576" />
</concurrent-start>
<exclusive-end id="5768" timestamp="2019-06-16T02:56:36.039" durationms="0.962" />

<concurrent-end id="5769" type="GMP work packet processing" contextid="5616" timestamp="2019-06-16T02:56:36.040">
  <concurrent-mark-end bytesScanned="1094404" reasonForTermination="Work target met" />
</concurrent-end>

<exclusive-start id="5770" timestamp="2019-06-16T02:56:36.043" intervalms="5.235">
  <response-info timems="0.059" idlems="0.059" threads="0" lastid="0000000001916700" lastname="main" />
</exclusive-start>
<allocation-taxation id="5771" taxation-threshold="13631488" timestamp="2019-06-16T02:56:36.044" intervalms="5.171" />
<cycle-start id="5772" type="partial gc" contextid="0" timestamp="2019-06-16T02:56:36.044" intervalms="13.371" />
<gc-start id="5773" type="partial gc" contextid="5772" timestamp="2019-06-16T02:56:36.044">
  <mem-info id="5774" free="25165824" total="87031808" percent="28">
    <mem type="eden" free="1048520" total="28311552" percent="3" />
    <remembered-set count="49920" freebytes="3274368" totalbytes="3474048" percent="94" regionsoverflowed="0" regionsstable="0" regionsrebuilding="18"/>
  </mem-info>
</gc-start>
<allocation-stats totalBytes="27171256" >
  <allocated-bytes non-tlh="0" tlh="27171256" arrayletleaf="0"/>
  <largest-consumer threadName="main" threadId="0000000001916700" bytes="13586872" />
</allocation-stats>
<gc-op id="5775" type="copy forward" timems="3.574" contextid="5772" timestamp="2019-06-16T02:56:36.048">
  <memory-copied type="eden" objects="2" bytes="56" bytesdiscarded="0" />
  <memory-copied type="other" objects="0" bytes="0" bytesdiscarded="0" />
  <memory-cardclean objects="13" bytes="376" />
  <regions eden="26" other="1" />
  <remembered-set-cleared processed="47849" cleared="6" durationms="0.206" />
  <stringconstants candidates="13697" cleared="0"  />
</gc-op>
<gc-op id="5776" type="classunload" timems="0.003" contextid="5772" timestamp="2019-06-16T02:56:36.049">
  <classunload-info classloadercandidates="53" classloadersunloaded="0" classesunloaded="0" anonymousclassesunloaded="0" quiescems="0.000" setupms="0.003" scanms="0.000" postms="0.000" />
</gc-op>
<gc-end id="5777" type="partial gc" contextid="5772" durationms="4.768" usertimems="8.000" systemtimems="0.000" timestamp="2019-06-16T02:56:36.049" activeThreads="4">
  <mem-info id="5778" free="52428800" total="87031808" percent="60">
    <mem type="eden" free="1048520" total="1048576" percent="99" />
    <remembered-set count="49728" freebytes="3275136" totalbytes="3474048" percent="94" regionsoverflowed="0" regionsstable="0" regionsrebuilding="18"/>
  </mem-info>
</gc-end>
<cycle-end id="5779" type="partial gc" contextid="5772" timestamp="2019-06-16T02:56:36.049" />
  <attribute name="elasticGC enabled" value="1" />
  <attribute name= "numThreadsSpecified" value="4" />
  <attribute name="heapSize specified" value="0" />
  <attribute name="Current GC Util" value="149" />
  <attribute name= "Current Time Running" value="68410" />
  <attribute name ="GC Interval" value="0" />
  <attribute name="ProportionalT" value="193.500000" />
  <attribute name="ProportionalI" value="193.500000" />
  <attribute name="ProportionalH" value="193.500000" />
  <attribute name="Current Error" value="129.000000" />
  <attribute name="IntegralT" value="129.000000" />
  <attribute name="IntegralI" value="129.000000" />
  <attribute name="IntegralH" value="129.000000" />
  <attribute name="DerivativeT" value="99.000000" />
  <attribute name="DerivativeI" value="99.000000" />
  <attribute name="DerivativeH" value="99.000000" />
  <attribute name="Loop Time for DT" value="1.000000" />
  <attribute name="Output H" value="8388608"/>
  <attribute name="Output I" value="424"/>
  <attribute name="Output T" value="4"/>
  <attribute name="Target GC Util Change" value ="20.000000" />
  <attribute name="Current GC Util Change" value="149.000000"/>
  <attribute name="GC Util currently" value="149" />
  <attribute name="CPU Util currently" value="13477722979854" />
<exclusive-end id="5780" timestamp="2019-06-16T02:56:36.049" durationms="5.711" />

<exclusive-start id="5781" timestamp="2019-06-16T02:56:36.053" intervalms="9.989">
  <response-info timems="0.065" idlems="0.065" threads="0" lastid="0000000001916700" lastname="main" />
</exclusive-start>
<allocation-taxation id="5782" taxation-threshold="13631488" timestamp="2019-06-16T02:56:36.054" intervalms="10.058" />
<gc-start id="5783" type="global mark phase" contextid="5616" timestamp="2019-06-16T02:56:36.054">
  <mem-info id="5784" free="38797312" total="87031808" percent="44">
    <remembered-set count="49728" freebytes="3275136" totalbytes="3474048" percent="94" regionsoverflowed="0" regionsstable="0" regionsrebuilding="18"/>
  </mem-info>
</gc-start>
<gc-end id="5785" type="global mark phase" contextid="5616" durationms="0.199" usertimems="0.000" systemtimems="0.000" timestamp="2019-06-16T02:56:36.054" activeThreads="4">
  <mem-info id="5786" free="38797312" total="87031808" percent="44">
    <remembered-set count="49728" freebytes="3275136" totalbytes="3474048" percent="94" regionsoverflowed="0" regionsstable="0" regionsrebuilding="18"/>
  </mem-info>
</gc-end>
<concurrent-start id="5787" type="GMP work packet processing" contextid="5616" timestamp="2019-06-16T02:56:36.054">
  <concurrent-mark-start scanTarget="1355656" />
</concurrent-start>
<exclusive-end id="5788" timestamp="2019-06-16T02:56:36.054" durationms="0.984" />

<concurrent-end id="5789" type="GMP work packet processing" contextid="5616" timestamp="2019-06-16T02:56:36.056">
  <concurrent-mark-end bytesScanned="1405036" reasonForTermination="Work target met" />
</concurrent-end>

<exclusive-start id="5790" timestamp="2019-06-16T02:56:36.059" intervalms="5.257">
  <response-info timems="0.072" idlems="0.072" threads="0" lastid="0000000001916700" lastname="main" />
</exclusive-start>
<allocation-taxation id="5791" taxation-threshold="13631488" timestamp="2019-06-16T02:56:36.059" intervalms="5.194" />
<cycle-start id="5792" type="partial gc" contextid="0" timestamp="2019-06-16T02:56:36.059" intervalms="15.236" />
<gc-start id="5793" type="partial gc" contextid="5792" timestamp="2019-06-16T02:56:36.059">
  <mem-info id="5794" free="25165824" total="87031808" percent="28">
    <mem type="eden" free="1048520" total="28311552" percent="3" />
    <remembered-set count="65120" freebytes="3213568" totalbytes="3474048" percent="92" regionsoverflowed="0" regionsstable="0" regionsrebuilding="18"/>
  </mem-info>
</gc-start>
<allocation-stats totalBytes="27171232" >
  <allocated-bytes non-tlh="0" tlh="27171232" arrayletleaf="0"/>
  <largest-consumer threadName="main" threadId="0000000001916700" bytes="13586848" />
</allocation-stats>
<gc-op id="5795" type="copy forward" timems="1.658" contextid="5792" timestamp="2019-06-16T02:56:36.062">
  <memory-copied type="eden" objects="2" bytes="56" bytesdiscarded="0" />
  <memory-copied type="other" objects="0" bytes="0" bytesdiscarded="0" />
  <memory-cardclean objects="13" bytes="376" />
  <regions eden="26" other="1" />
  <remembered-set-cleared processed="62921" cleared="6" durationms="0.435" />
  <stringconstants candidates="13697" cleared="0"  />
</gc-op>
<gc-op id="5796" type="classunload" timems="0.004" contextid="5792" timestamp="2019-06-16T02:56:36.062">
  <classunload-info classloadercandidates="53" classloadersunloaded="0" classesunloaded="0" anonymousclassesunloaded="0" quiescems="0.000" setupms="0.003" scanms="0.000" postms="0.000" />
</gc-op>
<gc-end id="5797" type="partial gc" contextid="5792" durationms="2.961" usertimems="4.000" systemtimems="0.000" timestamp="2019-06-16T02:56:36.062" activeThreads="1">
  <mem-info id="5798" free="52428800" total="87031808" percent="60">
    <mem type="eden" free="1048520" total="1048576" percent="99" />
    <remembered-set count="65536" freebytes="3211904" totalbytes="3474048" percent="92" regionsoverflowed="0" regionsstable="0" regionsrebuilding="18"/>
  </mem-info>
</gc-end>
<cycle-end id="5799" type="partial gc" contextid="5792" timestamp="2019-06-16T02:56:36.062" />
  <attribute name="elasticGC enabled" value="1" />
  <attribute name= "numThreadsSpecified" value="1" />
  <attribute name="heapSize specified" value="0" />
  <attribute name="Current GC Util" value="150" />
  <attribute name= "Current Time Running" value="68425" />
  <attribute name ="GC Interval" value="0" />
  <attribute name="ProportionalT" value="195.000000" />
  <attribute name="ProportionalI" value="195.000000" />
  <attribute name="ProportionalH" value="195.000000" />
  <attribute name="Current Error" value="130.000000" />
  <attribute name="IntegralT" value="0.000000" />
  <attribute name="IntegralI" value="0.000000" />
  <attribute name="IntegralH" value="0.000000" />
  <attribute name="DerivativeT" value="inf" />
  <attribute name="DerivativeI" value="inf" />
  <attribute name="DerivativeH" value="inf" />
  <attribute name="Loop Time for DT" value="0.000000" />
  <attribute name="Output H" value="8388608"/>
  <attribute name="Output I" value="200"/>
  <attribute name="Output T" value="1"/>
  <attribute name="Target GC Util Change" value ="20.000000" />
  <attribute name="Current GC Util Change" value="150.000000"/>
  <attribute name="GC Util currently" value="150" />
  <attribute name="CPU Util currently" value="13645090892793" />
<exclusive-end id="5800" timestamp="2019-06-16T02:56:36.063" durationms="4.007" />

<exclusive-start id="5801" timestamp="2019-06-16T02:56:36.067" intervalms="8.308">
  <response-info timems="0.083" idlems="0.083" threads="0" lastid="0000000001916700" lastname="main" />
</exclusive-start>
<allocation-taxation id="5802" taxation-threshold="13631488" timestamp="2019-06-16T02:56:36.067" intervalms="8.371" />
<gc-start id="5803" type="global mark phase" contextid="5616" timestamp="2019-06-16T02:56:36.067">
  <mem-info id="5804" free="38797312" total="87031808" percent="44">
    <remembered-set count="65056" freebytes="3213824" totalbytes="3474048" percent="92" regionsoverflowed="0" regionsstable="0" regionsrebuilding="18"/>
  </mem-info>
</gc-start>
<gc-end id="5805" type="global mark phase" contextid="5616" durationms="0.198" usertimems="0.000" systemtimems="0.000" timestamp="2019-06-16T02:56:36.068" activeThreads="1">
  <mem-info id="5806" free="38797312" total="87031808" percent="44">
    <remembered-set count="65056" freebytes="3213824" totalbytes="3474048" percent="92" regionsoverflowed="0" regionsstable="0" regionsrebuilding="18"/>
  </mem-info>
</gc-end>
<concurrent-start id="5807" type="GMP work packet processing" contextid="5616" timestamp="2019-06-16T02:56:36.068">
  <concurrent-mark-start scanTarget="1048576" />
</concurrent-start>
<exclusive-end id="5808" timestamp="2019-06-16T02:56:36.068" durationms="0.984" />

<concurrent-end id="5809" type="GMP work packet processing" contextid="5616" timestamp="2019-06-16T02:56:36.069">
  <concurrent-mark-end bytesScanned="1090740" reasonForTermination="Work target met" />
</concurrent-end>

<exclusive-start id="5810" timestamp="2019-06-16T02:56:36.072" intervalms="5.232">
  <response-info timems="0.071" idlems="0.071" threads="0" lastid="0000000001916700" lastname="main" />
</exclusive-start>
<allocation-taxation id="5811" taxation-threshold="13631488" timestamp="2019-06-16T02:56:36.072" intervalms="5.177" />
<cycle-start id="5812" type="partial gc" contextid="0" timestamp="2019-06-16T02:56:36.073" intervalms="13.570" />
<gc-start id="5813" type="partial gc" contextid="5812" timestamp="2019-06-16T02:56:36.073">
  <mem-info id="5814" free="25165824" total="87031808" percent="28">
    <mem type="eden" free="1048520" total="28311552" percent="3" />
    <remembered-set count="76960" freebytes="3166208" totalbytes="3474048" percent="91" regionsoverflowed="0" regionsstable="0" regionsrebuilding="18"/>
  </mem-info>
</gc-start>
<allocation-stats totalBytes="27171256" >
  <allocated-bytes non-tlh="0" tlh="27171256" arrayletleaf="0"/>
  <largest-consumer threadName="main" threadId="0000000001916700" bytes="13586848" />
</allocation-stats>
<gc-op id="5815" type="copy forward" timems="3.657" contextid="5812" timestamp="2019-06-16T02:56:36.077">
  <memory-copied type="eden" objects="2" bytes="56" bytesdiscarded="0" />
  <memory-copied type="other" objects="0" bytes="0" bytesdiscarded="0" />
  <memory-cardclean objects="13" bytes="376" />
  <regions eden="26" other="1" />
  <remembered-set-cleared processed="74803" cleared="6" durationms="0.324" />
  <stringconstants candidates="13697" cleared="0"  />
</gc-op>
<gc-op id="5816" type="classunload" timems="0.003" contextid="5812" timestamp="2019-06-16T02:56:36.077">
  <classunload-info classloadercandidates="53" classloadersunloaded="0" classesunloaded="0" anonymousclassesunloaded="0" quiescems="0.000" setupms="0.003" scanms="0.000" postms="0.000" />
</gc-op>
<gc-end id="5817" type="partial gc" contextid="5812" durationms="4.851" usertimems="12.000" systemtimems="0.000" timestamp="2019-06-16T02:56:36.078" activeThreads="4">
  <mem-info id="5818" free="52428800" total="87031808" percent="60">
    <mem type="eden" free="1048520" total="1048576" percent="99" />
    <remembered-set count="76928" freebytes="3166336" totalbytes="3474048" percent="91" regionsoverflowed="0" regionsstable="0" regionsrebuilding="18"/>
  </mem-info>
</gc-end>
<cycle-end id="5819" type="partial gc" contextid="5812" timestamp="2019-06-16T02:56:36.078" />
  <attribute name="elasticGC enabled" value="1" />
  <attribute name= "numThreadsSpecified" value="4" />
  <attribute name="heapSize specified" value="0" />
  <attribute name="Current GC Util" value="163" />
  <attribute name= "Current Time Running" value="68439" />
  <attribute name ="GC Interval" value="0" />
  <attribute name="ProportionalT" value="214.500000" />
  <attribute name="ProportionalI" value="214.500000" />
  <attribute name="ProportionalH" value="214.500000" />
  <attribute name="Current Error" value="143.000000" />
  <attribute name="IntegralT" value="143.000000" />
  <attribute name="IntegralI" value="143.000000" />
  <attribute name="IntegralH" value="143.000000" />
  <attribute name="DerivativeT" value="102.000000" />
  <attribute name="DerivativeI" value="102.000000" />
  <attribute name="DerivativeH" value="102.000000" />
  <attribute name="Loop Time for DT" value="1.000000" />
  <attribute name="Output H" value="8388608"/>
  <attribute name="Output I" value="464"/>
  <attribute name="Output T" value="4"/>
  <attribute name="Target GC Util Change" value ="20.000000" />
  <attribute name="Current GC Util Change" value="163.000000"/>
  <attribute name="GC Util currently" value="163" />
  <attribute name="CPU Util currently" value="13683837756679" />
<exclusive-end id="5820" timestamp="2019-06-16T02:56:36.078" durationms="5.906" />

<exclusive-start id="5821" timestamp="2019-06-16T02:56:36.082" intervalms="10.204">
  <response-info timems="0.079" idlems="0.079" threads="0" lastid="0000000001916700" lastname="main" />
</exclusive-start>
<allocation-taxation id="5822" taxation-threshold="13631488" timestamp="2019-06-16T02:56:36.083" intervalms="10.208" />
<gc-start id="5823" type="global mark phase" contextid="5616" timestamp="2019-06-16T02:56:36.083">
  <mem-info id="5824" free="38797312" total="87031808" percent="44">
    <remembered-set count="76928" freebytes="3166336" totalbytes="3474048" percent="91" regionsoverflowed="0" regionsstable="0" regionsrebuilding="18"/>
  </mem-info>
</gc-start>
<gc-end id="5825" type="global mark phase" contextid="5616" durationms="0.204" usertimems="0.000" systemtimems="0.000" timestamp="2019-06-16T02:56:36.083" activeThreads="4">
  <mem-info id="5826" free="38797312" total="87031808" percent="44">
    <remembered-set count="76928" freebytes="3166336" totalbytes="3474048" percent="91" regionsoverflowed="0" regionsstable="0" regionsrebuilding="18"/>
  </mem-info>
</gc-end>
<concurrent-start id="5827" type="GMP work packet processing" contextid="5616" timestamp="2019-06-16T02:56:36.083">
  <concurrent-mark-start scanTarget="1355656" />
</concurrent-start>
<exclusive-end id="5828" timestamp="2019-06-16T02:56:36.083" durationms="0.907" />

<concurrent-end id="5829" type="GMP work packet processing" contextid="5616" timestamp="2019-06-16T02:56:36.085">
  <concurrent-mark-end bytesScanned="910844" reasonForTermination="Completed all work in GC phase" />
</concurrent-end>

<exclusive-start id="5830" timestamp="2019-06-16T02:56:36.087" intervalms="5.125">
  <response-info timems="0.057" idlems="0.057" threads="0" lastid="0000000001916700" lastname="main" />
</exclusive-start>
<allocation-taxation id="5831" taxation-threshold="13631488" timestamp="2019-06-16T02:56:36.088" intervalms="5.108" />
<cycle-start id="5832" type="partial gc" contextid="0" timestamp="2019-06-16T02:56:36.088" intervalms="15.183" />
<gc-start id="5833" type="partial gc" contextid="5832" timestamp="2019-06-16T02:56:36.088">
  <mem-info id="5834" free="25165824" total="87031808" percent="28">
    <mem type="eden" free="1048520" total="28311552" percent="3" />
    <remembered-set count="95456" freebytes="3092224" totalbytes="3474048" percent="89" regionsoverflowed="0" regionsstable="0" regionsrebuilding="18"/>
  </mem-info>
</gc-start>
<allocation-stats totalBytes="27171256" >
  <allocated-bytes non-tlh="0" tlh="27171256" arrayletleaf="0"/>
  <largest-consumer threadName="main" threadId="0000000001916700" bytes="13586848" />
</allocation-stats>
<gc-op id="5835" type="copy forward" timems="3.236" contextid="5832" timestamp="2019-06-16T02:56:36.092">
  <memory-copied type="eden" objects="2" bytes="56" bytesdiscarded="0" />
  <memory-copied type="other" objects="0" bytes="0" bytesdiscarded="0" />
  <memory-cardclean objects="13" bytes="376" />
  <regions eden="26" other="1" />
  <remembered-set-cleared processed="93488" cleared="6" durationms="0.352" />
  <stringconstants candidates="13697" cleared="0"  />
</gc-op>
<gc-op id="5836" type="classunload" timems="0.003" contextid="5832" timestamp="2019-06-16T02:56:36.092">
  <classunload-info classloadercandidates="53" classloadersunloaded="0" classesunloaded="0" anonymousclassesunloaded="0" quiescems="0.000" setupms="0.003" scanms="0.000" postms="0.000" />
</gc-op>
<gc-end id="5837" type="partial gc" contextid="5832" durationms="4.350" usertimems="8.000" systemtimems="0.000" timestamp="2019-06-16T02:56:36.092" activeThreads="4">
  <mem-info id="5838" free="52428800" total="87031808" percent="60">
    <mem type="eden" free="1048520" total="1048576" percent="99" />
    <remembered-set count="95584" freebytes="3091712" totalbytes="3474048" percent="88" regionsoverflowed="0" regionsstable="0" regionsrebuilding="18"/>
  </mem-info>
</gc-end>
<cycle-end id="5839" type="partial gc" contextid="5832" timestamp="2019-06-16T02:56:36.092" />
  <attribute name="elasticGC enabled" value="1" />
  <attribute name= "numThreadsSpecified" value="4" />
  <attribute name="heapSize specified" value="0" />
  <attribute name="Current GC Util" value="148" />
  <attribute name= "Current Time Running" value="68454" />
  <attribute name ="GC Interval" value="0" />
  <attribute name="ProportionalT" value="192.000000" />
  <attribute name="ProportionalI" value="192.000000" />
  <attribute name="ProportionalH" value="192.000000" />
  <attribute name="Current Error" value="128.000000" />
  <attribute name="IntegralT" value="128.000000" />
  <attribute name="IntegralI" value="128.000000" />
  <attribute name="IntegralH" value="128.000000" />
  <attribute name="DerivativeT" value="84.000000" />
  <attribute name="DerivativeI" value="84.000000" />
  <attribute name="DerivativeH" value="84.000000" />
  <attribute name="Loop Time for DT" value="1.000000" />
  <attribute name="Output H" value="8388608"/>
  <attribute name="Output I" value="408"/>
  <attribute name="Output T" value="4"/>
  <attribute name="Target GC Util Change" value ="20.000000" />
  <attribute name="Current GC Util Change" value="148.000000"/>
  <attribute name="GC Util currently" value="148" />
  <attribute name="CPU Util currently" value="13542353419926" />
<exclusive-end id="5840" timestamp="2019-06-16T02:56:36.093" durationms="5.251" />

<exclusive-start id="5841" timestamp="2019-06-16T02:56:36.097" intervalms="9.530">
  <response-info timems="0.071" idlems="0.071" threads="0" lastid="0000000001916700" lastname="main" />
</exclusive-start>
<allocation-taxation id="5842" taxation-threshold="13631488" timestamp="2019-06-16T02:56:36.097" intervalms="9.537" />
<gc-start id="5843" type="global mark phase" contextid="5616" timestamp="2019-06-16T02:56:36.097">
  <mem-info id="5844" free="38797312" total="87031808" percent="44">
    <remembered-set count="95584" freebytes="3091712" totalbytes="3474048" percent="88" regionsoverflowed="0" regionsstable="0" regionsrebuilding="18"/>
  </mem-info>
</gc-start>
<gc-op id="5845" type="mark increment" timems="5.384" contextid="5616" timestamp="2019-06-16T02:56:36.103">
  <trace-info objectcount="91" scancount="89" scanbytes="346504" />
  <cardclean-info objects="207992" bytes="5777992" />
  <finalization candidates="79" enqueued="0" />
  <ownableSynchronizers candidates="23" cleared="0" />
  <references type="soft" candidates="3553" cleared="0" enqueued="0" dynamicThreshold="19" maxThreshold="32" />
  <references type="weak" candidates="5724" cleared="0" enqueued="0" />
  <references type="phantom" candidates="100" cleared="0" enqueued="0" />
  <stringconstants candidates="13697" cleared="0"  />
</gc-op>
<gc-op id="5846" type="classunload" timems="0.005" contextid="5616" timestamp="2019-06-16T02:56:36.103">
  <classunload-info classloadercandidates="53" classloadersunloaded="0" classesunloaded="0" anonymousclassesunloaded="0" quiescems="0.000" setupms="0.005" scanms="0.000" postms="0.000" />
</gc-op>
<gc-end id="5847" type="global mark phase" contextid="5616" durationms="5.833" usertimems="12.000" systemtimems="0.000" timestamp="2019-06-16T02:56:36.103" activeThreads="4">
  <mem-info id="5848" free="38797312" total="87031808" percent="44">
    <remembered-set count="121184" freebytes="2989312" totalbytes="3474048" percent="86" regionsoverflowed="0" regionsstable="0" regionsrebuilding="0"/>
  </mem-info>
</gc-end>
<cycle-end id="5849" type="global mark phase" contextid="5616" timestamp="2019-06-16T02:56:36.103" />
  <attribute name="elasticGC enabled" value="1" />
  <attribute name= "numThreadsSpecified" value="4" />
  <attribute name="heapSize specified" value="0" />
  <attribute name="Current GC Util" value="100" />
  <attribute name= "Current Time Running" value="68467" />
  <attribute name ="GC Interval" value="0" />
  <attribute name="ProportionalT" value="120.000000" />
  <attribute name="ProportionalI" value="120.000000" />
  <attribute name="ProportionalH" value="120.000000" />
  <attribute name="Current Error" value="80.000000" />
  <attribute name="IntegralT" value="0.000000" />
  <attribute name="IntegralI" value="0.000000" />
  <attribute name="IntegralH" value="0.000000" />
  <attribute name="DerivativeT" value="-inf" />
  <attribute name="DerivativeI" value="-inf" />
  <attribute name="DerivativeH" value="-inf" />
  <attribute name="Loop Time for DT" value="0.000000" />
  <attribute name="Output H" value="2091843584"/>
  <attribute name="Output I" value="200"/>
  <attribute name="Output T" value="4"/>
  <attribute name="Target GC Util Change" value ="20.000000" />
  <attribute name="Current GC Util Change" value="100.000000"/>
  <attribute name="GC Util currently" value="100" />
  <attribute name="CPU Util currently" value="15249527796094" />
<exclusive-end id="5850" timestamp="2019-06-16T02:56:36.104" durationms="6.525" />

<exclusive-start id="5851" timestamp="2019-06-16T02:56:36.108" intervalms="10.845">
  <response-info timems="0.058" idlems="0.058" threads="0" lastid="0000000001916700" lastname="main" />
</exclusive-start>
<allocation-taxation id="5852" taxation-threshold="13631488" timestamp="2019-06-16T02:56:36.108" intervalms="10.870" />
<cycle-start id="5853" type="partial gc" contextid="0" timestamp="2019-06-16T02:56:36.108" intervalms="20.501" />
<gc-start id="5854" type="partial gc" contextid="5853" timestamp="2019-06-16T02:56:36.108">
  <mem-info id="5855" free="25165824" total="87031808" percent="28">
    <mem type="eden" free="1048520" total="28311552" percent="3" />
    <remembered-set count="832" freebytes="3470720" totalbytes="3474048" percent="99" regionsoverflowed="0" regionsstable="18" regionsrebuilding="0"/>
  </mem-info>
</gc-start>
<allocation-stats totalBytes="27171256" >
  <allocated-bytes non-tlh="0" tlh="27171256" arrayletleaf="0"/>
  <largest-consumer threadName="main" threadId="0000000001916700" bytes="13586848" />
</allocation-stats>
<gc-op id="5856" type="sweep" timems="0.735" contextid="5853" timestamp="2019-06-16T02:56:36.110" />
<gc-op id="5857" type="copy forward" timems="0.862" contextid="5853" timestamp="2019-06-16T02:56:36.111">
  <memory-copied type="eden" objects="2" bytes="56" bytesdiscarded="0" />
  <memory-copied type="other" objects="0" bytes="0" bytesdiscarded="0" />
  <memory-cardclean objects="13" bytes="376" />
  <regions eden="13" other="1" />
  <remembered-set-cleared processed="69" cleared="1" durationms="0.119" />
  <stringconstants candidates="13697" cleared="0"  />
</gc-op>
<gc-op id="5858" type="classunload" timems="0.004" contextid="5853" timestamp="2019-06-16T02:56:36.111">
  <classunload-info classloadercandidates="53" classloadersunloaded="0" classesunloaded="0" anonymousclassesunloaded="0" quiescems="0.000" setupms="0.004" scanms="0.000" postms="0.000" />
</gc-op>
<gc-end id="5859" type="partial gc" contextid="5853" durationms="3.078" usertimems="4.000" systemtimems="0.000" timestamp="2019-06-16T02:56:36.112" activeThreads="1">
  <mem-info id="5860" free="52428800" total="87031808" percent="60">
    <mem type="eden" free="1048520" total="1048576" percent="99" />
    <remembered-set count="1280" freebytes="3468928" totalbytes="3474048" percent="99" regionsoverflowed="0" regionsstable="18" regionsrebuilding="0"/>
  </mem-info>
</gc-end>
<cycle-end id="5861" type="partial gc" contextid="5853" timestamp="2019-06-16T02:56:36.112" />
  <attribute name="elasticGC enabled" value="1" />
  <attribute name= "numThreadsSpecified" value="1" />
  <attribute name="heapSize specified" value="0" />
  <attribute name="Current GC Util" value="69" />
  <attribute name= "Current Time Running" value="68475" />
  <attribute name ="GC Interval" value="0" />
  <attribute name="ProportionalT" value="73.500000" />
  <attribute name="ProportionalI" value="73.500000" />
  <attribute name="ProportionalH" value="73.500000" />
  <attribute name="Current Error" value="49.000000" />
  <attribute name="IntegralT" value="0.000000" />
  <attribute name="IntegralI" value="0.000000" />
  <attribute name="IntegralH" value="0.000000" />
  <attribute name="DerivativeT" value="inf" />
  <attribute name="DerivativeI" value="inf" />
  <attribute name="DerivativeH" value="inf" />
  <attribute name="Loop Time for DT" value="0.000000" />
  <attribute name="Output H" value="8388608"/>
  <attribute name="Output I" value="200"/>
  <attribute name="Output T" value="1"/>
  <attribute name="Target GC Util Change" value ="20.000000" />
  <attribute name="Current GC Util Change" value="69.000000"/>
  <attribute name="GC Util currently" value="69" />
  <attribute name="CPU Util currently" value="18945697687773" />
<exclusive-end id="5862" timestamp="2019-06-16T02:56:36.112" durationms="4.107" />

<exclusive-start id="5863" timestamp="2019-06-16T02:56:36.121" intervalms="12.800">
  <response-info timems="0.100" idlems="0.100" threads="0" lastid="0000000001916700" lastname="main" />
</exclusive-start>
<allocation-taxation id="5864" taxation-threshold="28311552" timestamp="2019-06-16T02:56:36.121" intervalms="12.776" />
<cycle-start id="5865" type="partial gc" contextid="0" timestamp="2019-06-16T02:56:36.121" intervalms="12.764" />
<gc-start id="5866" type="partial gc" contextid="5865" timestamp="2019-06-16T02:56:36.121">
  <mem-info id="5867" free="24117248" total="87031808" percent="27">
    <mem type="eden" free="1048520" total="29360128" percent="3" />
    <remembered-set count="800" freebytes="3470848" totalbytes="3474048" percent="99" regionsoverflowed="0" regionsstable="18" regionsrebuilding="0"/>
  </mem-info>
</gc-start>
<allocation-stats totalBytes="28216400" >
  <allocated-bytes non-tlh="0" tlh="28216400" arrayletleaf="0"/>
  <largest-consumer threadName="main" threadId="0000000001916700" bytes="28216400" />
</allocation-stats>
<gc-op id="5868" type="copy forward" timems="1.063" contextid="5865" timestamp="2019-06-16T02:56:36.123">
  <memory-copied type="eden" objects="2" bytes="56" bytesdiscarded="0" />
  <memory-copied type="other" objects="30" bytes="720" bytesdiscarded="0" />
  <memory-cardclean objects="85" bytes="2456" />
  <regions eden="27" other="5" />
  <remembered-set-cleared processed="60" cleared="18" durationms="0.113" />
  <stringconstants candidates="13697" cleared="0"  />
</gc-op>
<gc-op id="5869" type="classunload" timems="0.004" contextid="5865" timestamp="2019-06-16T02:56:36.123">
  <classunload-info classloadercandidates="53" classloadersunloaded="0" classesunloaded="0" anonymousclassesunloaded="0" quiescems="0.000" setupms="0.004" scanms="0.000" postms="0.000" />
</gc-op>
<heap-resize id="5870" type="contract" space="default" amount="3145728" count="1" timems="0.062" reason="excess free space following gc" timestamp="2019-06-16T02:56:36.124" />
<gc-end id="5871" type="partial gc" contextid="5865" durationms="2.508" usertimems="4.000" systemtimems="0.000" timestamp="2019-06-16T02:56:36.124" activeThreads="1">
  <mem-info id="5872" free="51380224" total="83886080" percent="61">
    <mem type="eden" free="1048520" total="1048576" percent="99" />
    <remembered-set count="992" freebytes="3470080" totalbytes="3474048" percent="99" regionsoverflowed="0" regionsstable="18" regionsrebuilding="0"/>
  </mem-info>
</gc-end>
<cycle-end id="5873" type="partial gc" contextid="5865" timestamp="2019-06-16T02:56:36.124" />
  <attribute name="elasticGC enabled" value="1" />
  <attribute name= "numThreadsSpecified" value="1" />
  <attribute name="heapSize specified" value="0" />
  <attribute name="Current GC Util" value="162" />
  <attribute name= "Current Time Running" value="68487" />
  <attribute name ="GC Interval" value="0" />
  <attribute name="ProportionalT" value="213.000000" />
  <attribute name="ProportionalI" value="213.000000" />
  <attribute name="ProportionalH" value="213.000000" />
  <attribute name="Current Error" value="142.000000" />
  <attribute name="IntegralT" value="0.000000" />
  <attribute name="IntegralI" value="0.000000" />
  <attribute name="IntegralH" value="0.000000" />
  <attribute name="DerivativeT" value="inf" />
  <attribute name="DerivativeI" value="inf" />
  <attribute name="DerivativeH" value="inf" />
  <attribute name="Loop Time for DT" value="0.000000" />
  <attribute name="Output H" value="8388608"/>
  <attribute name="Output I" value="200"/>
  <attribute name="Output T" value="1"/>
  <attribute name="Target GC Util Change" value ="20.000000" />
  <attribute name="Current GC Util Change" value="162.000000"/>
  <attribute name="GC Util currently" value="162" />
  <attribute name="CPU Util currently" value="12897656192778" />
<exclusive-end id="5874" timestamp="2019-06-16T02:56:36.124" durationms="3.586" />

<exclusive-start id="5875" timestamp="2019-06-16T02:56:36.133" intervalms="11.888">
  <response-info timems="0.080" idlems="0.080" threads="0" lastid="0000000001916700" lastname="main" />
</exclusive-start>
<allocation-taxation id="5876" taxation-threshold="27262976" timestamp="2019-06-16T02:56:36.133" intervalms="11.874" />
<cycle-start id="5877" type="partial gc" contextid="0" timestamp="2019-06-16T02:56:36.133" intervalms="11.884" />
<gc-start id="5878" type="partial gc" contextid="5877" timestamp="2019-06-16T02:56:36.133">
  <mem-info id="5879" free="24117248" total="83886080" percent="28">
    <mem type="eden" free="1048520" total="28311552" percent="3" />
    <remembered-set count="768" freebytes="3470976" totalbytes="3474048" percent="99" regionsoverflowed="0" regionsstable="18" regionsrebuilding="0"/>
  </mem-info>
</gc-start>
<allocation-stats totalBytes="27171256" >
  <allocated-bytes non-tlh="0" tlh="27171256" arrayletleaf="0"/>
  <largest-consumer threadName="main" threadId="0000000001916700" bytes="27171256" />
</allocation-stats>
<gc-op id="5880" type="copy forward" timems="1.070" contextid="5877" timestamp="2019-06-16T02:56:36.135">
  <memory-copied type="eden" objects="2" bytes="56" bytesdiscarded="0" />
  <memory-copied type="other" objects="20" bytes="680" bytesdiscarded="448" />
  <memory-cardclean objects="103" bytes="2944" />
  <regions eden="26" other="3" />
  <remembered-set-cleared processed="58" cleared="15" durationms="0.110" />
  <stringconstants candidates="13697" cleared="0"  />
</gc-op>
<gc-op id="5881" type="classunload" timems="0.003" contextid="5877" timestamp="2019-06-16T02:56:36.135">
  <classunload-info classloadercandidates="53" classloadersunloaded="0" classesunloaded="0" anonymousclassesunloaded="0" quiescems="0.000" setupms="0.003" scanms="0.000" postms="0.000" />
</gc-op>
<heap-resize id="5882" type="contract" space="default" amount="3145728" count="1" timems="0.192" reason="excess free space following gc" timestamp="2019-06-16T02:56:36.136" />
<gc-end id="5883" type="partial gc" contextid="5877" durationms="2.894" usertimems="4.000" systemtimems="0.000" timestamp="2019-06-16T02:56:36.136" activeThreads="1">
  <mem-info id="5884" free="49283072" total="80740352" percent="61">
    <mem type="eden" free="1048520" total="1048576" percent="99" />
    <remembered-set count="800" freebytes="3345280" totalbytes="3348480" percent="99" regionsoverflowed="0" regionsstable="18" regionsrebuilding="0"/>
  </mem-info>
</gc-end>
<cycle-end id="5885" type="partial gc" contextid="5877" timestamp="2019-06-16T02:56:36.136" />
  <attribute name="elasticGC enabled" value="1" />
  <attribute name= "numThreadsSpecified" value="1" />
  <attribute name="heapSize specified" value="0" />
  <attribute name="Current GC Util" value="152" />
  <attribute name= "Current Time Running" value="68499" />
  <attribute name ="GC Interval" value="0" />
  <attribute name="ProportionalT" value="198.000000" />
  <attribute name="ProportionalI" value="198.000000" />
  <attribute name="ProportionalH" value="198.000000" />
  <attribute name="Current Error" value="132.000000" />
  <attribute name="IntegralT" value="0.000000" />
  <attribute name="IntegralI" value="0.000000" />
  <attribute name="IntegralH" value="0.000000" />
  <attribute name="DerivativeT" value="inf" />
  <attribute name="DerivativeI" value="inf" />
  <attribute name="DerivativeH" value="inf" />
  <attribute name="Loop Time for DT" value="0.000000" />
  <attribute name="Output H" value="8388608"/>
  <attribute name="Output I" value="200"/>
  <attribute name="Output T" value="1"/>
  <attribute name="Target GC Util Change" value ="20.000000" />
  <attribute name="Current GC Util Change" value="152.000000"/>
  <attribute name="GC Util currently" value="152" />
  <attribute name="CPU Util currently" value="7298969414443" />
<exclusive-end id="5886" timestamp="2019-06-16T02:56:36.136" durationms="3.921" />

<exclusive-start id="5887" timestamp="2019-06-16T02:56:36.145" intervalms="12.317">
  <response-info timems="0.076" idlems="0.076" threads="0" lastid="0000000001916700" lastname="main" />
</exclusive-start>
<allocation-taxation id="5888" taxation-threshold="27262976" timestamp="2019-06-16T02:56:36.145" intervalms="12.332" />
<cycle-start id="5889" type="partial gc" contextid="0" timestamp="2019-06-16T02:56:36.145" intervalms="12.257" />
<gc-start id="5890" type="partial gc" contextid="5889" timestamp="2019-06-16T02:56:36.145">
  <mem-info id="5891" free="22020096" total="80740352" percent="27">
    <mem type="eden" free="1048520" total="28311552" percent="3" />
    <remembered-set count="416" freebytes="3346816" totalbytes="3348480" percent="99" regionsoverflowed="0" regionsstable="18" regionsrebuilding="0"/>
  </mem-info>
</gc-start>
<allocation-stats totalBytes="27171256" >
  <allocated-bytes non-tlh="0" tlh="27171256" arrayletleaf="0"/>
  <largest-consumer threadName="main" threadId="0000000001916700" bytes="27171256" />
</allocation-stats>
<gc-op id="5892" type="copy forward" timems="1.056" contextid="5889" timestamp="2019-06-16T02:56:36.148">
  <memory-copied type="eden" objects="2" bytes="56" bytesdiscarded="0" />
  <memory-copied type="other" objects="18" bytes="432" bytesdiscarded="368" />
  <memory-cardclean objects="118" bytes="3248" />
  <regions eden="26" other="3" />
  <remembered-set-cleared processed="56" cleared="18" durationms="0.109" />
  <stringconstants candidates="13697" cleared="0"  />
</gc-op>
<gc-op id="5893" type="classunload" timems="0.004" contextid="5889" timestamp="2019-06-16T02:56:36.148">
  <classunload-info classloadercandidates="53" classloadersunloaded="0" classesunloaded="0" anonymousclassesunloaded="0" quiescems="0.000" setupms="0.004" scanms="0.000" postms="0.000" />
</gc-op>
<heap-resize id="5894" type="contract" space="default" amount="2097152" count="1" timems="0.214" reason="excess free space following gc" timestamp="2019-06-16T02:56:36.148" />
<gc-end id="5895" type="partial gc" contextid="5889" durationms="2.823" usertimems="4.000" systemtimems="0.000" timestamp="2019-06-16T02:56:36.148" activeThreads="1">
  <mem-info id="5896" free="48234496" total="78643200" percent="61">
    <mem type="eden" free="1048520" total="1048576" percent="99" />
    <remembered-set count="640" freebytes="3220352" totalbytes="3222912" percent="99" regionsoverflowed="0" regionsstable="18" regionsrebuilding="0"/>
  </mem-info>
</gc-end>
<cycle-end id="5897" type="partial gc" contextid="5889" timestamp="2019-06-16T02:56:36.148" />
  <attribute name="elasticGC enabled" value="1" />
  <attribute name= "numThreadsSpecified" value="1" />
  <attribute name="heapSize specified" value="0" />
  <attribute name="Current GC Util" value="150" />
  <attribute name= "Current Time Running" value="68511" />
  <attribute name ="GC Interval" value="0" />
  <attribute name="ProportionalT" value="195.000000" />
  <attribute name="ProportionalI" value="195.000000" />
  <attribute name="ProportionalH" value="195.000000" />
  <attribute name="Current Error" value="130.000000" />
  <attribute name="IntegralT" value="0.000000" />
  <attribute name="IntegralI" value="0.000000" />
  <attribute name="IntegralH" value="0.000000" />
  <attribute name="DerivativeT" value="inf" />
  <attribute name="DerivativeI" value="inf" />
  <attribute name="DerivativeH" value="inf" />
  <attribute name="Loop Time for DT" value="0.000000" />
  <attribute name="Output H" value="8388608"/>
  <attribute name="Output I" value="200"/>
  <attribute name="Output T" value="1"/>
  <attribute name="Target GC Util Change" value ="20.000000" />
  <attribute name="Current GC Util Change" value="150.000000"/>
  <attribute name="GC Util currently" value="150" />
  <attribute name="CPU Util currently" value="7652650148085" />
<exclusive-end id="5898" timestamp="2019-06-16T02:56:36.149" durationms="3.689" />

<exclusive-start id="5899" timestamp="2019-06-16T02:56:36.153" intervalms="7.640">
  <response-info timems="0.070" idlems="0.070" threads="0" lastid="0000000001916700" lastname="main" />
</exclusive-start>
<allocation-taxation id="5900" taxation-threshold="12582912" timestamp="2019-06-16T02:56:36.153" intervalms="7.690" />
<cycle-start id="5901" type="global mark phase" contextid="0" timestamp="2019-06-16T02:56:36.153" intervalms="422.601" />
<gc-start id="5902" type="global mark phase" contextid="5901" timestamp="2019-06-16T02:56:36.153">
  <mem-info id="5903" free="35651584" total="78643200" percent="45">
    <remembered-set count="384" freebytes="3221376" totalbytes="3222912" percent="99" regionsoverflowed="0" regionsstable="18" regionsrebuilding="0"/>
  </mem-info>
</gc-start>
<gc-op id="5904" type="mark increment" timems="0.891" contextid="5901" timestamp="2019-06-16T02:56:36.154">
  <trace-info objectcount="181" scancount="0" scanbytes="0" />
</gc-op>
<gc-end id="5905" type="global mark phase" contextid="5901" durationms="1.046" usertimems="0.000" systemtimems="0.000" timestamp="2019-06-16T02:56:36.154" activeThreads="4">
  <mem-info id="5906" free="35651584" total="78643200" percent="45">
    <remembered-set count="384" freebytes="3221376" totalbytes="3222912" percent="99" regionsoverflowed="0" regionsstable="0" regionsrebuilding="18"/>
  </mem-info>
</gc-end>
<concurrent-start id="5907" type="GMP work packet processing" contextid="5901" timestamp="2019-06-16T02:56:36.154">
  <concurrent-mark-start scanTarget="1710351" />
</concurrent-start>
<exclusive-end id="5908" timestamp="2019-06-16T02:56:36.154" durationms="1.851" />

<concurrent-end id="5909" type="GMP work packet processing" contextid="5901" timestamp="2019-06-16T02:56:36.157">
  <concurrent-mark-end bytesScanned="1792304" reasonForTermination="Work target met" />
</concurrent-end>

<exclusive-start id="5910" timestamp="2019-06-16T02:56:36.158" intervalms="5.840">
  <response-info timems="0.055" idlems="0.055" threads="0" lastid="0000000001916700" lastname="main" />
</exclusive-start>
<allocation-taxation id="5911" taxation-threshold="12582912" timestamp="2019-06-16T02:56:36.159" intervalms="5.822" />
<cycle-start id="5912" type="partial gc" contextid="0" timestamp="2019-06-16T02:56:36.159" intervalms="13.582" />
<gc-start id="5913" type="partial gc" contextid="5912" timestamp="2019-06-16T02:56:36.159">
  <mem-info id="5914" free="23068672" total="78643200" percent="29">
    <mem type="eden" free="1048520" total="26214400" percent="3" />
    <remembered-set count="19552" freebytes="3144704" totalbytes="3222912" percent="97" regionsoverflowed="0" regionsstable="0" regionsrebuilding="18"/>
  </mem-info>
</gc-start>
<allocation-stats totalBytes="25080968" >
  <allocated-bytes non-tlh="0" tlh="25080968" arrayletleaf="0"/>
  <largest-consumer threadName="main" threadId="0000000001916700" bytes="12541728" />
</allocation-stats>
<gc-op id="5915" type="copy forward" timems="4.131" contextid="5912" timestamp="2019-06-16T02:56:36.164">
  <memory-copied type="eden" objects="2" bytes="56" bytesdiscarded="0" />
  <memory-copied type="other" objects="18" bytes="432" bytesdiscarded="1688" />
  <memory-cardclean objects="18250" bytes="750624" />
  <regions eden="24" other="4" />
  <remembered-set-cleared processed="11203" cleared="5421" durationms="0.128" />
  <stringconstants candidates="13697" cleared="0"  />
</gc-op>
<gc-op id="5916" type="classunload" timems="0.004" contextid="5912" timestamp="2019-06-16T02:56:36.164">
  <classunload-info classloadercandidates="53" classloadersunloaded="0" classesunloaded="0" anonymousclassesunloaded="0" quiescems="0.000" setupms="0.004" scanms="0.000" postms="0.000" />
</gc-op>
<heap-resize id="5917" type="contract" space="default" amount="4194304" count="1" timems="0.298" reason="excess free space following gc" timestamp="2019-06-16T02:56:36.165" />
<gc-end id="5918" type="partial gc" contextid="5912" durationms="6.027" usertimems="12.000" systemtimems="0.000" timestamp="2019-06-16T02:56:36.165" activeThreads="4">
  <mem-info id="5919" free="46137344" total="74448896" percent="61">
    <mem type="eden" free="1048520" total="1048576" percent="99" />
    <remembered-set count="14464" freebytes="3081344" totalbytes="3139200" percent="98" regionsoverflowed="0" regionsstable="0" regionsrebuilding="18"/>
  </mem-info>
</gc-end>
<cycle-end id="5920" type="partial gc" contextid="5912" timestamp="2019-06-16T02:56:36.165" />
  <attribute name="elasticGC enabled" value="1" />
  <attribute name= "numThreadsSpecified" value="4" />
  <attribute name="heapSize specified" value="0" />
  <attribute name="Current GC Util" value="94" />
  <attribute name= "Current Time Running" value="68525" />
  <attribute name ="GC Interval" value="0" />
  <attribute name="ProportionalT" value="111.000000" />
  <attribute name="ProportionalI" value="111.000000" />
  <attribute name="ProportionalH" value="111.000000" />
  <attribute name="Current Error" value="74.000000" />
  <attribute name="IntegralT" value="74.000000" />
  <attribute name="IntegralI" value="74.000000" />
  <attribute name="IntegralH" value="74.000000" />
  <attribute name="DerivativeT" value="-35.000000" />
  <attribute name="DerivativeI" value="-35.000000" />
  <attribute name="DerivativeH" value="-35.000000" />
  <attribute name="Loop Time for DT" value="1.000000" />
  <attribute name="Output H" value="8388608"/>
  <attribute name="Output I" value="200"/>
  <attribute name="Output T" value="4"/>
  <attribute name="Target GC Util Change" value ="20.000000" />
  <attribute name="Current GC Util Change" value="94.000000"/>
  <attribute name="GC Util currently" value="94" />
  <attribute name="CPU Util currently" value="7742651699391" />
<exclusive-end id="5921" timestamp="2019-06-16T02:56:36.165" durationms="7.055" />

<exclusive-start id="5922" timestamp="2019-06-16T02:56:36.169" intervalms="11.030">
  <response-info timems="0.059" idlems="0.059" threads="0" lastid="0000000001916700" lastname="main" />
</exclusive-start>
<allocation-taxation id="5923" taxation-threshold="12582912" timestamp="2019-06-16T02:56:36.170" intervalms="10.997" />
<gc-start id="5924" type="global mark phase" contextid="5901" timestamp="2019-06-16T02:56:36.170">
  <mem-info id="5925" free="33554432" total="74448896" percent="45">
    <remembered-set count="14464" freebytes="3081344" totalbytes="3139200" percent="98" regionsoverflowed="0" regionsstable="0" regionsrebuilding="18"/>
  </mem-info>
</gc-start>
<gc-end id="5926" type="global mark phase" contextid="5901" durationms="0.199" usertimems="0.000" systemtimems="0.000" timestamp="2019-06-16T02:56:36.170" activeThreads="4">
  <mem-info id="5927" free="33554432" total="74448896" percent="45">
    <remembered-set count="14464" freebytes="3081344" totalbytes="3139200" percent="98" regionsoverflowed="0" regionsstable="0" regionsrebuilding="18"/>
  </mem-info>
</gc-end>
<concurrent-start id="5928" type="GMP work packet processing" contextid="5901" timestamp="2019-06-16T02:56:36.170">
  <concurrent-mark-start scanTarget="1710351" />
</concurrent-start>
<exclusive-end id="5929" timestamp="2019-06-16T02:56:36.170" durationms="0.907" />

<concurrent-end id="5930" type="GMP work packet processing" contextid="5901" timestamp="2019-06-16T02:56:36.172">
  <concurrent-mark-end bytesScanned="1781332" reasonForTermination="Work target met" />
</concurrent-end>

<exclusive-start id="5931" timestamp="2019-06-16T02:56:36.174" intervalms="4.864">
  <response-info timems="0.057" idlems="0.057" threads="0" lastid="0000000001916700" lastname="main" />
</exclusive-start>
<allocation-taxation id="5932" taxation-threshold="12582912" timestamp="2019-06-16T02:56:36.174" intervalms="4.875" />
<cycle-start id="5933" type="partial gc" contextid="0" timestamp="2019-06-16T02:56:36.175" intervalms="15.826" />
<gc-start id="5934" type="partial gc" contextid="5933" timestamp="2019-06-16T02:56:36.175">
  <mem-info id="5935" free="20971520" total="74448896" percent="28">
    <mem type="eden" free="1048520" total="26214400" percent="3" />
    <remembered-set count="31264" freebytes="3014144" totalbytes="3139200" percent="96" regionsoverflowed="0" regionsstable="0" regionsrebuilding="18"/>
  </mem-info>
</gc-start>
<allocation-stats totalBytes="25080968" >
  <allocated-bytes non-tlh="0" tlh="25080968" arrayletleaf="0"/>
  <largest-consumer threadName="main" threadId="0000000001916700" bytes="12541728" />
</allocation-stats>
<gc-op id="5936" type="copy forward" timems="3.422" contextid="5933" timestamp="2019-06-16T02:56:36.179">
  <memory-copied type="eden" objects="2" bytes="56" bytesdiscarded="736" />
  <memory-copied type="other" objects="87" bytes="3368" bytesdiscarded="2408" />
  <memory-cardclean objects="42678" bytes="1672016" />
  <regions eden="24" other="3" />
  <remembered-set-cleared processed="18133" cleared="7792" durationms="0.189" />
  <references type="weak" candidates="2" cleared="0" enqueued="0" />
  <stringconstants candidates="13697" cleared="0"  />
</gc-op>
<gc-op id="5937" type="classunload" timems="0.004" contextid="5933" timestamp="2019-06-16T02:56:36.179">
  <classunload-info classloadercandidates="53" classloadersunloaded="0" classesunloaded="0" anonymousclassesunloaded="0" quiescems="0.000" setupms="0.004" scanms="0.000" postms="0.000" />
</gc-op>
<heap-resize id="5938" type="contract" space="default" amount="4194304" count="1" timems="0.322" reason="excess free space following gc" timestamp="2019-06-16T02:56:36.180" />
<gc-end id="5939" type="partial gc" contextid="5933" durationms="5.218" usertimems="12.000" systemtimems="0.000" timestamp="2019-06-16T02:56:36.180" activeThreads="4">
  <mem-info id="5940" free="42991616" total="70254592" percent="61">
    <mem type="eden" free="1047784" total="1048576" percent="99" />
    <remembered-set count="22560" freebytes="2881536" totalbytes="2971776" percent="96" regionsoverflowed="0" regionsstable="0" regionsrebuilding="18"/>
  </mem-info>
</gc-end>
<cycle-end id="5941" type="partial gc" contextid="5933" timestamp="2019-06-16T02:56:36.180" />
  <attribute name="elasticGC enabled" value="1" />
  <attribute name= "numThreadsSpecified" value="4" />
  <attribute name="heapSize specified" value="0" />
  <attribute name="Current GC Util" value="97" />
  <attribute name= "Current Time Running" value="68541" />
  <attribute name ="GC Interval" value="0" />
  <attribute name="ProportionalT" value="115.500000" />
  <attribute name="ProportionalI" value="115.500000" />
  <attribute name="ProportionalH" value="115.500000" />
  <attribute name="Current Error" value="77.000000" />
  <attribute name="IntegralT" value="77.000000" />
  <attribute name="IntegralI" value="77.000000" />
  <attribute name="IntegralH" value="77.000000" />
  <attribute name="DerivativeT" value="9.000000" />
  <attribute name="DerivativeI" value="9.000000" />
  <attribute name="DerivativeH" value="9.000000" />
  <attribute name="Loop Time for DT" value="1.000000" />
  <attribute name="Output H" value="8388608"/>
  <attribute name="Output I" value="208"/>
  <attribute name="Output T" value="4"/>
  <attribute name="Target GC Util Change" value ="20.000000" />
  <attribute name="Current GC Util Change" value="97.000000"/>
  <attribute name="GC Util currently" value="97" />
  <attribute name="CPU Util currently" value="7469599554634" />
<exclusive-end id="5942" timestamp="2019-06-16T02:56:36.180" durationms="6.126" />

<exclusive-start id="5943" timestamp="2019-06-16T02:56:36.184" intervalms="9.791">
  <response-info timems="0.057" idlems="0.057" threads="0" lastid="0000000001916700" lastname="main" />
</exclusive-start>
<allocation-taxation id="5944" taxation-threshold="11534336" timestamp="2019-06-16T02:56:36.184" intervalms="9.798" />
<gc-start id="5945" type="global mark phase" contextid="5901" timestamp="2019-06-16T02:56:36.184">
  <mem-info id="5946" free="31457280" total="70254592" percent="44">
    <remembered-set count="22560" freebytes="2881536" totalbytes="2971776" percent="96" regionsoverflowed="0" regionsstable="0" regionsrebuilding="18"/>
  </mem-info>
</gc-start>
<gc-end id="5947" type="global mark phase" contextid="5901" durationms="0.125" usertimems="0.000" systemtimems="0.000" timestamp="2019-06-16T02:56:36.185" activeThreads="4">
  <mem-info id="5948" free="31457280" total="70254592" percent="44">
    <remembered-set count="22560" freebytes="2881536" totalbytes="2971776" percent="96" regionsoverflowed="0" regionsstable="0" regionsrebuilding="18"/>
  </mem-info>
</gc-end>
<concurrent-start id="5949" type="GMP work packet processing" contextid="5901" timestamp="2019-06-16T02:56:36.185">
  <concurrent-mark-start scanTarget="1710351" />
</concurrent-start>
<exclusive-end id="5950" timestamp="2019-06-16T02:56:36.185" durationms="0.877" />

<concurrent-end id="5951" type="GMP work packet processing" contextid="5901" timestamp="2019-06-16T02:56:36.186">
  <concurrent-mark-end bytesScanned="1751808" reasonForTermination="Work target met" />
</concurrent-end>

<exclusive-start id="5952" timestamp="2019-06-16T02:56:36.189" intervalms="4.526">
  <response-info timems="0.060" idlems="0.060" threads="0" lastid="0000000001916700" lastname="main" />
</exclusive-start>
<allocation-taxation id="5953" taxation-threshold="11534336" timestamp="2019-06-16T02:56:36.189" intervalms="4.507" />
<cycle-start id="5954" type="partial gc" contextid="0" timestamp="2019-06-16T02:56:36.189" intervalms="14.340" />
<gc-start id="5955" type="partial gc" contextid="5954" timestamp="2019-06-16T02:56:36.189">
  <mem-info id="5956" free="19922944" total="70254592" percent="28">
    <mem type="eden" free="1047784" total="24117248" percent="4" />
    <remembered-set count="39008" freebytes="2815744" totalbytes="2971776" percent="94" regionsoverflowed="0" regionsstable="0" regionsrebuilding="18"/>
  </mem-info>
</gc-start>
<allocation-stats totalBytes="22990680" >
  <allocated-bytes non-tlh="0" tlh="22990680" arrayletleaf="0"/>
  <largest-consumer threadName="main" threadId="0000000001916700" bytes="11496584" />
</allocation-stats>
<gc-op id="5957" type="copy forward" timems="3.730" contextid="5954" timestamp="2019-06-16T02:56:36.194">
  <memory-copied type="eden" objects="2" bytes="56" bytesdiscarded="0" />
  <memory-copied type="other" objects="0" bytes="0" bytesdiscarded="0" />
  <memory-cardclean objects="40064" bytes="1316832" />
  <regions eden="22" other="1" />
  <remembered-set-cleared processed="25289" cleared="5716" durationms="0.336" />
  <stringconstants candidates="13697" cleared="0"  />
</gc-op>
<gc-op id="5958" type="classunload" timems="0.004" contextid="5954" timestamp="2019-06-16T02:56:36.194">
  <classunload-info classloadercandidates="53" classloadersunloaded="0" classesunloaded="0" anonymousclassesunloaded="0" quiescems="0.000" setupms="0.004" scanms="0.000" postms="0.000" />
</gc-op>
<gc-end id="5959" type="partial gc" contextid="5954" durationms="5.269" usertimems="0.000" systemtimems="4.000" timestamp="2019-06-16T02:56:36.194" activeThreads="1">
  <mem-info id="5960" free="42991616" total="70254592" percent="61">
    <mem type="eden" free="1048520" total="1048576" percent="99" />
    <remembered-set count="29792" freebytes="2685184" totalbytes="2804352" percent="95" regionsoverflowed="0" regionsstable="0" regionsrebuilding="18"/>
  </mem-info>
</gc-end>
<cycle-end id="5961" type="partial gc" contextid="5954" timestamp="2019-06-16T02:56:36.195" />
  <attribute name="elasticGC enabled" value="1" />
  <attribute name= "numThreadsSpecified" value="1" />
  <attribute name="heapSize specified" value="0" />
  <attribute name="Current GC Util" value="98" />
  <attribute name= "Current Time Running" value="68555" />
  <attribute name ="GC Interval" value="0" />
  <attribute name="ProportionalT" value="117.000000" />
  <attribute name="ProportionalI" value="117.000000" />
  <attribute name="ProportionalH" value="117.000000" />
  <attribute name="Current Error" value="78.000000" />
  <attribute name="IntegralT" value="0.000000" />
  <attribute name="IntegralI" value="0.000000" />
  <attribute name="IntegralH" value="0.000000" />
  <attribute name="DerivativeT" value="inf" />
  <attribute name="DerivativeI" value="inf" />
  <attribute name="DerivativeH" value="inf" />
  <attribute name="Loop Time for DT" value="0.000000" />
  <attribute name="Output H" value="8388608"/>
  <attribute name="Output I" value="200"/>
  <attribute name="Output T" value="1"/>
  <attribute name="Target GC Util Change" value ="20.000000" />
  <attribute name="Current GC Util Change" value="98.000000"/>
  <attribute name="GC Util currently" value="98" />
  <attribute name="CPU Util currently" value="7682263701957" />
<exclusive-end id="5962" timestamp="2019-06-16T02:56:36.195" durationms="6.249" />

<exclusive-start id="5963" timestamp="2019-06-16T02:56:36.199" intervalms="9.952">
  <response-info timems="0.073" idlems="0.073" threads="0" lastid="0000000001916700" lastname="main" />
</exclusive-start>
<allocation-taxation id="5964" taxation-threshold="11534336" timestamp="2019-06-16T02:56:36.199" intervalms="10.011" />
<gc-start id="5965" type="global mark phase" contextid="5901" timestamp="2019-06-16T02:56:36.199">
  <mem-info id="5966" free="31457280" total="70254592" percent="44">
    <remembered-set count="29312" freebytes="2687104" totalbytes="2804352" percent="95" regionsoverflowed="0" regionsstable="0" regionsrebuilding="18"/>
  </mem-info>
</gc-start>
<gc-end id="5967" type="global mark phase" contextid="5901" durationms="0.205" usertimems="0.000" systemtimems="0.000" timestamp="2019-06-16T02:56:36.199" activeThreads="1">
  <mem-info id="5968" free="31457280" total="70254592" percent="44">
    <remembered-set count="29312" freebytes="2687104" totalbytes="2804352" percent="95" regionsoverflowed="0" regionsstable="0" regionsrebuilding="18"/>
  </mem-info>
</gc-end>
<concurrent-start id="5969" type="GMP work packet processing" contextid="5901" timestamp="2019-06-16T02:56:36.199">
  <concurrent-mark-start scanTarget="1048576" />
</concurrent-start>
<exclusive-end id="5970" timestamp="2019-06-16T02:56:36.199" durationms="0.990" />

<concurrent-end id="5971" type="GMP work packet processing" contextid="5901" timestamp="2019-06-16T02:56:36.201">
  <concurrent-mark-end bytesScanned="1110848" reasonForTermination="Work target met" />
</concurrent-end>

<exclusive-start id="5972" timestamp="2019-06-16T02:56:36.203" intervalms="4.621">
  <response-info timems="0.077" idlems="0.077" threads="0" lastid="0000000001916700" lastname="main" />
</exclusive-start>
<allocation-taxation id="5973" taxation-threshold="11534336" timestamp="2019-06-16T02:56:36.203" intervalms="4.592" />
<cycle-start id="5974" type="partial gc" contextid="0" timestamp="2019-06-16T02:56:36.203" intervalms="14.577" />
<gc-start id="5975" type="partial gc" contextid="5974" timestamp="2019-06-16T02:56:36.204">
  <mem-info id="5976" free="19922944" total="70254592" percent="28">
    <mem type="eden" free="1048520" total="24117248" percent="4" />
    <remembered-set count="35488" freebytes="2662400" totalbytes="2804352" percent="94" regionsoverflowed="0" regionsstable="0" regionsrebuilding="18"/>
  </mem-info>
</gc-start>
<allocation-stats totalBytes="22990680" >
  <allocated-bytes non-tlh="0" tlh="22990680" arrayletleaf="0"/>
  <largest-consumer threadName="main" threadId="0000000001916700" bytes="11496560" />
</allocation-stats>
<gc-op id="5977" type="copy forward" timems="3.229" contextid="5974" timestamp="2019-06-16T02:56:36.208">
  <memory-copied type="eden" objects="2" bytes="56" bytesdiscarded="0" />
  <memory-copied type="other" objects="0" bytes="0" bytesdiscarded="0" />
  <memory-cardclean objects="15" bytes="400" />
  <regions eden="22" other="1" />
  <remembered-set-cleared processed="33522" cleared="3" durationms="0.153" />
  <stringconstants candidates="13697" cleared="0"  />
</gc-op>
<gc-op id="5978" type="classunload" timems="0.004" contextid="5974" timestamp="2019-06-16T02:56:36.208">
  <classunload-info classloadercandidates="53" classloadersunloaded="0" classesunloaded="0" anonymousclassesunloaded="0" quiescems="0.000" setupms="0.003" scanms="0.000" postms="0.000" />
</gc-op>
<gc-end id="5979" type="partial gc" contextid="5974" durationms="4.397" usertimems="8.000" systemtimems="0.000" timestamp="2019-06-16T02:56:36.208" activeThreads="4">
  <mem-info id="5980" free="42991616" total="70254592" percent="61">
    <mem type="eden" free="1048520" total="1048576" percent="99" />
    <remembered-set count="35808" freebytes="2661120" totalbytes="2804352" percent="94" regionsoverflowed="0" regionsstable="0" regionsrebuilding="18"/>
  </mem-info>
</gc-end>
<cycle-end id="5981" type="partial gc" contextid="5974" timestamp="2019-06-16T02:56:36.208" />
  <attribute name="elasticGC enabled" value="1" />
  <attribute name= "numThreadsSpecified" value="4" />
  <attribute name="heapSize specified" value="0" />
  <attribute name="Current GC Util" value="151" />
  <attribute name= "Current Time Running" value="68570" />
  <attribute name ="GC Interval" value="0" />
  <attribute name="ProportionalT" value="196.500000" />
  <attribute name="ProportionalI" value="196.500000" />
  <attribute name="ProportionalH" value="196.500000" />
  <attribute name="Current Error" value="131.000000" />
  <attribute name="IntegralT" value="131.000000" />
  <attribute name="IntegralI" value="131.000000" />
  <attribute name="IntegralH" value="131.000000" />
  <attribute name="DerivativeT" value="84.000000" />
  <attribute name="DerivativeI" value="84.000000" />
  <attribute name="DerivativeH" value="84.000000" />
  <attribute name="Loop Time for DT" value="1.000000" />
  <attribute name="Output H" value="8388608"/>
  <attribute name="Output I" value="416"/>
  <attribute name="Output T" value="4"/>
  <attribute name="Target GC Util Change" value ="20.000000" />
  <attribute name="Current GC Util Change" value="151.000000"/>
  <attribute name="GC Util currently" value="151" />
  <attribute name="CPU Util currently" value="13637303305362" />
<exclusive-end id="5982" timestamp="2019-06-16T02:56:36.208" durationms="5.310" />

<exclusive-start id="5983" timestamp="2019-06-16T02:56:36.212" intervalms="8.967">
  <response-info timems="0.067" idlems="0.067" threads="0" lastid="0000000001916700" lastname="main" />
</exclusive-start>
<allocation-taxation id="5984" taxation-threshold="11534336" timestamp="2019-06-16T02:56:36.212" intervalms="8.989" />
<gc-start id="5985" type="global mark phase" contextid="5901" timestamp="2019-06-16T02:56:36.213">
  <mem-info id="5986" free="31457280" total="70254592" percent="44">
    <remembered-set count="35808" freebytes="2661120" totalbytes="2804352" percent="94" regionsoverflowed="0" regionsstable="0" regionsrebuilding="18"/>
  </mem-info>
</gc-start>
<gc-end id="5987" type="global mark phase" contextid="5901" durationms="0.125" usertimems="0.000" systemtimems="0.000" timestamp="2019-06-16T02:56:36.213" activeThreads="4">
  <mem-info id="5988" free="31457280" total="70254592" percent="44">
    <remembered-set count="35808" freebytes="2661120" totalbytes="2804352" percent="94" regionsoverflowed="0" regionsstable="0" regionsrebuilding="18"/>
  </mem-info>
</gc-end>
<concurrent-start id="5989" type="GMP work packet processing" contextid="5901" timestamp="2019-06-16T02:56:36.213">
  <concurrent-mark-start scanTarget="1710351" />
</concurrent-start>
<exclusive-end id="5990" timestamp="2019-06-16T02:56:36.213" durationms="0.890" />

<concurrent-end id="5991" type="GMP work packet processing" contextid="5901" timestamp="2019-06-16T02:56:36.214">
  <concurrent-mark-end bytesScanned="1754204" reasonForTermination="Work target met" />
</concurrent-end>

<exclusive-start id="5992" timestamp="2019-06-16T02:56:36.217" intervalms="4.568">
  <response-info timems="0.058" idlems="0.058" threads="0" lastid="0000000001916700" lastname="main" />
</exclusive-start>
<allocation-taxation id="5993" taxation-threshold="11534336" timestamp="2019-06-16T02:56:36.217" intervalms="4.471" />
<cycle-start id="5994" type="partial gc" contextid="0" timestamp="2019-06-16T02:56:36.217" intervalms="13.412" />
<gc-start id="5995" type="partial gc" contextid="5994" timestamp="2019-06-16T02:56:36.217">
  <mem-info id="5996" free="19922944" total="70254592" percent="28">
    <mem type="eden" free="1048520" total="24117248" percent="4" />
    <remembered-set count="51200" freebytes="2599552" totalbytes="2804352" percent="92" regionsoverflowed="0" regionsstable="0" regionsrebuilding="18"/>
  </mem-info>
</gc-start>
<allocation-stats totalBytes="22990680" >
  <allocated-bytes non-tlh="0" tlh="22990680" arrayletleaf="0"/>
  <largest-consumer threadName="main" threadId="0000000001916700" bytes="11496560" />
</allocation-stats>
<gc-op id="5997" type="copy forward" timems="1.527" contextid="5994" timestamp="2019-06-16T02:56:36.220">
  <memory-copied type="eden" objects="2" bytes="56" bytesdiscarded="0" />
  <memory-copied type="other" objects="0" bytes="0" bytesdiscarded="0" />
  <memory-cardclean objects="15" bytes="400" />
  <regions eden="22" other="1" />
  <remembered-set-cleared processed="48576" cleared="3" durationms="0.359" />
  <stringconstants candidates="13697" cleared="0"  />
</gc-op>
<gc-op id="5998" type="classunload" timems="0.004" contextid="5994" timestamp="2019-06-16T02:56:36.220">
  <classunload-info classloadercandidates="53" classloadersunloaded="0" classesunloaded="0" anonymousclassesunloaded="0" quiescems="0.000" setupms="0.004" scanms="0.000" postms="0.000" />
</gc-op>
<gc-end id="5999" type="partial gc" contextid="5994" durationms="2.798" usertimems="4.000" systemtimems="0.000" timestamp="2019-06-16T02:56:36.220" activeThreads="1">
  <mem-info id="6000" free="42991616" total="70254592" percent="61">
    <mem type="eden" free="1048520" total="1048576" percent="99" />
    <remembered-set count="51680" freebytes="2597632" totalbytes="2804352" percent="92" regionsoverflowed="0" regionsstable="0" regionsrebuilding="18"/>
  </mem-info>
</gc-end>
<cycle-end id="6001" type="partial gc" contextid="5994" timestamp="2019-06-16T02:56:36.220" />
  <attribute name="elasticGC enabled" value="1" />
  <attribute name= "numThreadsSpecified" value="1" />
  <attribute name="heapSize specified" value="0" />
  <attribute name="Current GC Util" value="159" />
  <attribute name= "Current Time Running" value="68583" />
  <attribute name ="GC Interval" value="0" />
  <attribute name="ProportionalT" value="208.500000" />
  <attribute name="ProportionalI" value="208.500000" />
  <attribute name="ProportionalH" value="208.500000" />
  <attribute name="Current Error" value="139.000000" />
  <attribute name="IntegralT" value="0.000000" />
  <attribute name="IntegralI" value="0.000000" />
  <attribute name="IntegralH" value="0.000000" />
  <attribute name="DerivativeT" value="inf" />
  <attribute name="DerivativeI" value="inf" />
  <attribute name="DerivativeH" value="inf" />
  <attribute name="Loop Time for DT" value="0.000000" />
  <attribute name="Output H" value="8388608"/>
  <attribute name="Output I" value="200"/>
  <attribute name="Output T" value="1"/>
  <attribute name="Target GC Util Change" value ="20.000000" />
  <attribute name="Current GC Util Change" value="159.000000"/>
  <attribute name="GC Util currently" value="159" />
  <attribute name="CPU Util currently" value="13137284130314" />
<exclusive-end id="6002" timestamp="2019-06-16T02:56:36.220" durationms="3.747" />

<exclusive-start id="6003" timestamp="2019-06-16T02:56:36.224" intervalms="7.458">
  <response-info timems="0.071" idlems="0.071" threads="0" lastid="0000000001916700" lastname="main" />
</exclusive-start>
<allocation-taxation id="6004" taxation-threshold="11534336" timestamp="2019-06-16T02:56:36.224" intervalms="7.548" />
<gc-start id="6005" type="global mark phase" contextid="5901" timestamp="2019-06-16T02:56:36.225">
  <mem-info id="6006" free="31457280" total="70254592" percent="44">
    <remembered-set count="51200" freebytes="2599552" totalbytes="2804352" percent="92" regionsoverflowed="0" regionsstable="0" regionsrebuilding="18"/>
  </mem-info>
</gc-start>
<gc-end id="6007" type="global mark phase" contextid="5901" durationms="0.204" usertimems="0.000" systemtimems="0.000" timestamp="2019-06-16T02:56:36.225" activeThreads="1">
  <mem-info id="6008" free="31457280" total="70254592" percent="44">
    <remembered-set count="51200" freebytes="2599552" totalbytes="2804352" percent="92" regionsoverflowed="0" regionsstable="0" regionsrebuilding="18"/>
  </mem-info>
</gc-end>
<concurrent-start id="6009" type="GMP work packet processing" contextid="5901" timestamp="2019-06-16T02:56:36.225">
  <concurrent-mark-start scanTarget="1048576" />
</concurrent-start>
<exclusive-end id="6010" timestamp="2019-06-16T02:56:36.225" durationms="0.959" />

<concurrent-end id="6011" type="GMP work packet processing" contextid="5901" timestamp="2019-06-16T02:56:36.226">
  <concurrent-mark-end bytesScanned="1091008" reasonForTermination="Work target met" />
</concurrent-end>

<exclusive-start id="6012" timestamp="2019-06-16T02:56:36.229" intervalms="4.568">
  <response-info timems="0.073" idlems="0.073" threads="0" lastid="0000000001916700" lastname="main" />
</exclusive-start>
<allocation-taxation id="6013" taxation-threshold="11534336" timestamp="2019-06-16T02:56:36.229" intervalms="4.515" />
<cycle-start id="6014" type="partial gc" contextid="0" timestamp="2019-06-16T02:56:36.229" intervalms="12.131" />
<gc-start id="6015" type="partial gc" contextid="6014" timestamp="2019-06-16T02:56:36.229">
  <mem-info id="6016" free="19922944" total="70254592" percent="28">
    <mem type="eden" free="1048520" total="24117248" percent="4" />
    <remembered-set count="59904" freebytes="2564736" totalbytes="2804352" percent="91" regionsoverflowed="0" regionsstable="0" regionsrebuilding="18"/>
  </mem-info>
</gc-start>
<allocation-stats totalBytes="22990680" >
  <allocated-bytes non-tlh="0" tlh="22990680" arrayletleaf="0"/>
  <largest-consumer threadName="main" threadId="0000000001916700" bytes="11496560" />
</allocation-stats>
<gc-op id="6017" type="copy forward" timems="1.518" contextid="6014" timestamp="2019-06-16T02:56:36.232">
  <memory-copied type="eden" objects="2" bytes="56" bytesdiscarded="0" />
  <memory-copied type="other" objects="0" bytes="0" bytesdiscarded="0" />
  <memory-cardclean objects="15" bytes="400" />
  <regions eden="22" other="1" />
  <remembered-set-cleared processed="57541" cleared="3" durationms="0.391" />
  <stringconstants candidates="13697" cleared="0"  />
</gc-op>
<gc-op id="6018" type="classunload" timems="0.003" contextid="6014" timestamp="2019-06-16T02:56:36.232">
  <classunload-info classloadercandidates="53" classloadersunloaded="0" classesunloaded="0" anonymousclassesunloaded="0" quiescems="0.000" setupms="0.003" scanms="0.000" postms="0.000" />
</gc-op>
<gc-end id="6019" type="partial gc" contextid="6014" durationms="2.813" usertimems="0.000" systemtimems="0.000" timestamp="2019-06-16T02:56:36.232" activeThreads="1">
  <mem-info id="6020" free="42991616" total="70254592" percent="61">
    <mem type="eden" free="1048520" total="1048576" percent="99" />
    <remembered-set count="60384" freebytes="2562816" totalbytes="2804352" percent="91" regionsoverflowed="0" regionsstable="0" regionsrebuilding="18"/>
  </mem-info>
</gc-end>
<cycle-end id="6021" type="partial gc" contextid="6014" timestamp="2019-06-16T02:56:36.232" />
  <attribute name="elasticGC enabled" value="1" />
  <attribute name= "numThreadsSpecified" value="1" />
  <attribute name="heapSize specified" value="0" />
  <attribute name="Current GC Util" value="151" />
  <attribute name= "Current Time Running" value="68595" />
  <attribute name ="GC Interval" value="0" />
  <attribute name="ProportionalT" value="196.500000" />
  <attribute name="ProportionalI" value="196.500000" />
  <attribute name="ProportionalH" value="196.500000" />
  <attribute name="Current Error" value="131.000000" />
  <attribute name="IntegralT" value="0.000000" />
  <attribute name="IntegralI" value="0.000000" />
  <attribute name="IntegralH" value="0.000000" />
  <attribute name="DerivativeT" value="inf" />
  <attribute name="DerivativeI" value="inf" />
  <attribute name="DerivativeH" value="inf" />
  <attribute name="Loop Time for DT" value="0.000000" />
  <attribute name="Output H" value="8388608"/>
  <attribute name="Output I" value="200"/>
  <attribute name="Output T" value="1"/>
  <attribute name="Target GC Util Change" value ="20.000000" />
  <attribute name="Current GC Util Change" value="151.000000"/>
  <attribute name="GC Util currently" value="151" />
  <attribute name="CPU Util currently" value="13644404574061" />
<exclusive-end id="6022" timestamp="2019-06-16T02:56:36.232" durationms="3.722" />

<exclusive-start id="6023" timestamp="2019-06-16T02:56:36.236" intervalms="7.381">
  <response-info timems="0.069" idlems="0.069" threads="0" lastid="0000000001916700" lastname="main" />
</exclusive-start>
<allocation-taxation id="6024" taxation-threshold="11534336" timestamp="2019-06-16T02:56:36.236" intervalms="7.413" />
<gc-start id="6025" type="global mark phase" contextid="5901" timestamp="2019-06-16T02:56:36.236">
  <mem-info id="6026" free="31457280" total="70254592" percent="44">
    <remembered-set count="59904" freebytes="2564736" totalbytes="2804352" percent="91" regionsoverflowed="0" regionsstable="0" regionsrebuilding="18"/>
  </mem-info>
</gc-start>
<gc-end id="6027" type="global mark phase" contextid="5901" durationms="0.201" usertimems="0.000" systemtimems="0.000" timestamp="2019-06-16T02:56:36.237" activeThreads="1">
  <mem-info id="6028" free="31457280" total="70254592" percent="44">
    <remembered-set count="59904" freebytes="2564736" totalbytes="2804352" percent="91" regionsoverflowed="0" regionsstable="0" regionsrebuilding="18"/>
  </mem-info>
</gc-end>
<concurrent-start id="6029" type="GMP work packet processing" contextid="5901" timestamp="2019-06-16T02:56:36.237">
  <concurrent-mark-start scanTarget="1048576" />
</concurrent-start>
<exclusive-end id="6030" timestamp="2019-06-16T02:56:36.237" durationms="0.916" />

<concurrent-end id="6031" type="GMP work packet processing" contextid="5901" timestamp="2019-06-16T02:56:36.238">
  <concurrent-mark-end bytesScanned="1088924" reasonForTermination="Work target met" />
</concurrent-end>

<exclusive-start id="6032" timestamp="2019-06-16T02:56:36.241" intervalms="4.504">
  <response-info timems="0.057" idlems="0.057" threads="0" lastid="0000000001916700" lastname="main" />
</exclusive-start>
<allocation-taxation id="6033" taxation-threshold="11534336" timestamp="2019-06-16T02:56:36.241" intervalms="4.431" />
<cycle-start id="6034" type="partial gc" contextid="0" timestamp="2019-06-16T02:56:36.241" intervalms="11.809" />
<gc-start id="6035" type="partial gc" contextid="6034" timestamp="2019-06-16T02:56:36.241">
  <mem-info id="6036" free="19922944" total="70254592" percent="28">
    <mem type="eden" free="1048520" total="24117248" percent="4" />
    <remembered-set count="68608" freebytes="2529920" totalbytes="2804352" percent="90" regionsoverflowed="0" regionsstable="0" regionsrebuilding="18"/>
  </mem-info>
</gc-start>
<allocation-stats totalBytes="22990680" >
  <allocated-bytes non-tlh="0" tlh="22990680" arrayletleaf="0"/>
  <largest-consumer threadName="main" threadId="0000000001916700" bytes="11496560" />
</allocation-stats>
<gc-op id="6037" type="copy forward" timems="1.548" contextid="6034" timestamp="2019-06-16T02:56:36.244">
  <memory-copied type="eden" objects="2" bytes="56" bytesdiscarded="0" />
  <memory-copied type="other" objects="0" bytes="0" bytesdiscarded="0" />
  <memory-cardclean objects="15" bytes="400" />
  <regions eden="22" other="1" />
  <remembered-set-cleared processed="65671" cleared="3" durationms="0.442" />
  <stringconstants candidates="13697" cleared="0"  />
</gc-op>
<gc-op id="6038" type="classunload" timems="0.003" contextid="6034" timestamp="2019-06-16T02:56:36.244">
  <classunload-info classloadercandidates="53" classloadersunloaded="0" classesunloaded="0" anonymousclassesunloaded="0" quiescems="0.000" setupms="0.003" scanms="0.000" postms="0.000" />
</gc-op>
<gc-end id="6039" type="partial gc" contextid="6034" durationms="2.833" usertimems="0.000" systemtimems="4.000" timestamp="2019-06-16T02:56:36.244" activeThreads="1">
  <mem-info id="6040" free="42991616" total="70254592" percent="61">
    <mem type="eden" free="1048520" total="1048576" percent="99" />
    <remembered-set count="69088" freebytes="2528000" totalbytes="2804352" percent="90" regionsoverflowed="0" regionsstable="0" regionsrebuilding="18"/>
  </mem-info>
</gc-end>
<cycle-end id="6041" type="partial gc" contextid="6034" timestamp="2019-06-16T02:56:36.244" />
  <attribute name="elasticGC enabled" value="1" />
  <attribute name= "numThreadsSpecified" value="1" />
  <attribute name="heapSize specified" value="0" />
  <attribute name="Current GC Util" value="152" />
  <attribute name= "Current Time Running" value="68607" />
  <attribute name ="GC Interval" value="0" />
  <attribute name="ProportionalT" value="198.000000" />
  <attribute name="ProportionalI" value="198.000000" />
  <attribute name="ProportionalH" value="198.000000" />
  <attribute name="Current Error" value="132.000000" />
  <attribute name="IntegralT" value="0.000000" />
  <attribute name="IntegralI" value="0.000000" />
  <attribute name="IntegralH" value="0.000000" />
  <attribute name="DerivativeT" value="inf" />
  <attribute name="DerivativeI" value="inf" />
  <attribute name="DerivativeH" value="inf" />
  <attribute name="Loop Time for DT" value="0.000000" />
  <attribute name="Output H" value="8388608"/>
  <attribute name="Output I" value="200"/>
  <attribute name="Output T" value="1"/>
  <attribute name="Target GC Util Change" value ="20.000000" />
  <attribute name="Current GC Util Change" value="152.000000"/>
  <attribute name="GC Util currently" value="152" />
  <attribute name="CPU Util currently" value="12513155571028" />
<exclusive-end id="6042" timestamp="2019-06-16T02:56:36.244" durationms="3.786" />

<exclusive-start id="6043" timestamp="2019-06-16T02:56:36.248" intervalms="7.480">
  <response-info timems="0.071" idlems="0.071" threads="0" lastid="0000000001916700" lastname="main" />
</exclusive-start>
<allocation-taxation id="6044" taxation-threshold="11534336" timestamp="2019-06-16T02:56:36.248" intervalms="7.581" />
<gc-start id="6045" type="global mark phase" contextid="5901" timestamp="2019-06-16T02:56:36.248">
  <mem-info id="6046" free="31457280" total="70254592" percent="44">
    <remembered-set count="68608" freebytes="2529920" totalbytes="2804352" percent="90" regionsoverflowed="0" regionsstable="0" regionsrebuilding="18"/>
  </mem-info>
</gc-start>
<gc-end id="6047" type="global mark phase" contextid="5901" durationms="0.203" usertimems="0.000" systemtimems="0.000" timestamp="2019-06-16T02:56:36.249" activeThreads="1">
  <mem-info id="6048" free="31457280" total="70254592" percent="44">
    <remembered-set count="68608" freebytes="2529920" totalbytes="2804352" percent="90" regionsoverflowed="0" regionsstable="0" regionsrebuilding="18"/>
  </mem-info>
</gc-end>
<concurrent-start id="6049" type="GMP work packet processing" contextid="5901" timestamp="2019-06-16T02:56:36.249">
  <concurrent-mark-start scanTarget="1048576" />
</concurrent-start>
<exclusive-end id="6050" timestamp="2019-06-16T02:56:36.249" durationms="0.985" />

<concurrent-end id="6051" type="GMP work packet processing" contextid="5901" timestamp="2019-06-16T02:56:36.250">
  <concurrent-mark-end bytesScanned="1098000" reasonForTermination="Work target met" />
</concurrent-end>

<exclusive-start id="6052" timestamp="2019-06-16T02:56:36.253" intervalms="4.583">
  <response-info timems="0.074" idlems="0.074" threads="0" lastid="0000000001916700" lastname="main" />
</exclusive-start>
<allocation-taxation id="6053" taxation-threshold="11534336" timestamp="2019-06-16T02:56:36.253" intervalms="4.523" />
<cycle-start id="6054" type="partial gc" contextid="0" timestamp="2019-06-16T02:56:36.253" intervalms="12.139" />
<gc-start id="6055" type="partial gc" contextid="6054" timestamp="2019-06-16T02:56:36.253">
  <mem-info id="6056" free="19922944" total="70254592" percent="28">
    <mem type="eden" free="1048520" total="24117248" percent="4" />
    <remembered-set count="82624" freebytes="2473856" totalbytes="2804352" percent="88" regionsoverflowed="0" regionsstable="0" regionsrebuilding="18"/>
  </mem-info>
</gc-start>
<allocation-stats totalBytes="22990680" >
  <allocated-bytes non-tlh="0" tlh="22990680" arrayletleaf="0"/>
  <largest-consumer threadName="main" threadId="0000000001916700" bytes="11496560" />
</allocation-stats>
<gc-op id="6057" type="copy forward" timems="1.676" contextid="6054" timestamp="2019-06-16T02:56:36.256">
  <memory-copied type="eden" objects="2" bytes="56" bytesdiscarded="0" />
  <memory-copied type="other" objects="0" bytes="0" bytesdiscarded="0" />
  <memory-cardclean objects="15" bytes="400" />
  <regions eden="22" other="1" />
  <remembered-set-cleared processed="80453" cleared="3" durationms="0.512" />
  <stringconstants candidates="13697" cleared="0"  />
</gc-op>
<gc-op id="6058" type="classunload" timems="0.004" contextid="6054" timestamp="2019-06-16T02:56:36.256">
  <classunload-info classloadercandidates="53" classloadersunloaded="0" classesunloaded="0" anonymousclassesunloaded="0" quiescems="0.000" setupms="0.004" scanms="0.000" postms="0.000" />
</gc-op>
<gc-end id="6059" type="partial gc" contextid="6054" durationms="2.991" usertimems="4.000" systemtimems="0.000" timestamp="2019-06-16T02:56:36.256" activeThreads="1">
  <mem-info id="6060" free="42991616" total="70254592" percent="61">
    <mem type="eden" free="1048520" total="1048576" percent="99" />
    <remembered-set count="83104" freebytes="2471936" totalbytes="2804352" percent="88" regionsoverflowed="0" regionsstable="0" regionsrebuilding="18"/>
  </mem-info>
</gc-end>
<cycle-end id="6061" type="partial gc" contextid="6054" timestamp="2019-06-16T02:56:36.256" />
  <attribute name="elasticGC enabled" value="1" />
  <attribute name= "numThreadsSpecified" value="1" />
  <attribute name="heapSize specified" value="0" />
  <attribute name="Current GC Util" value="158" />
  <attribute name= "Current Time Running" value="68619" />
  <attribute name ="GC Interval" value="0" />
  <attribute name="ProportionalT" value="207.000000" />
  <attribute name="ProportionalI" value="207.000000" />
  <attribute name="ProportionalH" value="207.000000" />
  <attribute name="Current Error" value="138.000000" />
  <attribute name="IntegralT" value="0.000000" />
  <attribute name="IntegralI" value="0.000000" />
  <attribute name="IntegralH" value="0.000000" />
  <attribute name="DerivativeT" value="inf" />
  <attribute name="DerivativeI" value="inf" />
  <attribute name="DerivativeH" value="inf" />
  <attribute name="Loop Time for DT" value="0.000000" />
  <attribute name="Output H" value="8388608"/>
  <attribute name="Output I" value="200"/>
  <attribute name="Output T" value="1"/>
  <attribute name="Target GC Util Change" value ="20.000000" />
  <attribute name="Current GC Util Change" value="158.000000"/>
  <attribute name="GC Util currently" value="158" />
  <attribute name="CPU Util currently" value="13018388303201" />
<exclusive-end id="6062" timestamp="2019-06-16T02:56:36.257" durationms="4.035" />

<exclusive-start id="6063" timestamp="2019-06-16T02:56:36.260" intervalms="7.683">
  <response-info timems="0.067" idlems="0.067" threads="0" lastid="0000000001916700" lastname="main" />
</exclusive-start>
<allocation-taxation id="6064" taxation-threshold="11534336" timestamp="2019-06-16T02:56:36.260" intervalms="7.712" />
<gc-start id="6065" type="global mark phase" contextid="5901" timestamp="2019-06-16T02:56:36.261">
  <mem-info id="6066" free="31457280" total="70254592" percent="44">
    <remembered-set count="82624" freebytes="2473856" totalbytes="2804352" percent="88" regionsoverflowed="0" regionsstable="0" regionsrebuilding="18"/>
  </mem-info>
</gc-start>
<gc-end id="6067" type="global mark phase" contextid="5901" durationms="0.200" usertimems="0.000" systemtimems="0.000" timestamp="2019-06-16T02:56:36.261" activeThreads="1">
  <mem-info id="6068" free="31457280" total="70254592" percent="44">
    <remembered-set count="82624" freebytes="2473856" totalbytes="2804352" percent="88" regionsoverflowed="0" regionsstable="0" regionsrebuilding="18"/>
  </mem-info>
</gc-end>
<concurrent-start id="6069" type="GMP work packet processing" contextid="5901" timestamp="2019-06-16T02:56:36.261">
  <concurrent-mark-start scanTarget="1048576" />
</concurrent-start>
<exclusive-end id="6070" timestamp="2019-06-16T02:56:36.261" durationms="0.922" />

<concurrent-end id="6071" type="GMP work packet processing" contextid="5901" timestamp="2019-06-16T02:56:36.262">
  <concurrent-mark-end bytesScanned="1098104" reasonForTermination="Work target met" />
</concurrent-end>

<exclusive-start id="6072" timestamp="2019-06-16T02:56:36.265" intervalms="4.559">
  <response-info timems="0.072" idlems="0.072" threads="0" lastid="0000000001916700" lastname="main" />
</exclusive-start>
<allocation-taxation id="6073" taxation-threshold="11534336" timestamp="2019-06-16T02:56:36.265" intervalms="4.533" />
<cycle-start id="6074" type="partial gc" contextid="0" timestamp="2019-06-16T02:56:36.265" intervalms="12.272" />
<gc-start id="6075" type="partial gc" contextid="6074" timestamp="2019-06-16T02:56:36.265">
  <mem-info id="6076" free="19922944" total="70254592" percent="28">
    <mem type="eden" free="1048520" total="24117248" percent="4" />
    <remembered-set count="93952" freebytes="2428544" totalbytes="2804352" percent="86" regionsoverflowed="0" regionsstable="0" regionsrebuilding="18"/>
  </mem-info>
</gc-start>
<allocation-stats totalBytes="22990704" >
  <allocated-bytes non-tlh="0" tlh="22990704" arrayletleaf="0"/>
  <largest-consumer threadName="main" threadId="0000000001916700" bytes="11496584" />
</allocation-stats>
<gc-op id="6077" type="copy forward" timems="1.693" contextid="6074" timestamp="2019-06-16T02:56:36.268">
  <memory-copied type="eden" objects="2" bytes="56" bytesdiscarded="0" />
  <memory-copied type="other" objects="0" bytes="0" bytesdiscarded="0" />
  <memory-cardclean objects="15" bytes="400" />
  <regions eden="22" other="1" />
  <remembered-set-cleared processed="91245" cleared="3" durationms="0.567" />
  <stringconstants candidates="13697" cleared="0"  />
</gc-op>
<gc-op id="6078" type="classunload" timems="0.003" contextid="6074" timestamp="2019-06-16T02:56:36.268">
  <classunload-info classloadercandidates="53" classloadersunloaded="0" classesunloaded="0" anonymousclassesunloaded="0" quiescems="0.000" setupms="0.003" scanms="0.000" postms="0.000" />
</gc-op>
<gc-end id="6079" type="partial gc" contextid="6074" durationms="2.893" usertimems="4.000" systemtimems="0.000" timestamp="2019-06-16T02:56:36.268" activeThreads="1">
  <mem-info id="6080" free="42991616" total="70254592" percent="61">
    <mem type="eden" free="1048520" total="1048576" percent="99" />
    <remembered-set count="94432" freebytes="2426624" totalbytes="2804352" percent="86" regionsoverflowed="0" regionsstable="0" regionsrebuilding="18"/>
  </mem-info>
</gc-end>
<cycle-end id="6081" type="partial gc" contextid="6074" timestamp="2019-06-16T02:56:36.268" />
  <attribute name="elasticGC enabled" value="1" />
  <attribute name= "numThreadsSpecified" value="1" />
  <attribute name="heapSize specified" value="0" />
  <attribute name="Current GC Util" value="152" />
  <attribute name= "Current Time Running" value="68631" />
  <attribute name ="GC Interval" value="0" />
  <attribute name="ProportionalT" value="198.000000" />
  <attribute name="ProportionalI" value="198.000000" />
  <attribute name="ProportionalH" value="198.000000" />
  <attribute name="Current Error" value="132.000000" />
  <attribute name="IntegralT" value="0.000000" />
  <attribute name="IntegralI" value="0.000000" />
  <attribute name="IntegralH" value="0.000000" />
  <attribute name="DerivativeT" value="inf" />
  <attribute name="DerivativeI" value="inf" />
  <attribute name="DerivativeH" value="inf" />
  <attribute name="Loop Time for DT" value="0.000000" />
  <attribute name="Output H" value="8388608"/>
  <attribute name="Output I" value="200"/>
  <attribute name="Output T" value="1"/>
  <attribute name="Target GC Util Change" value ="20.000000" />
  <attribute name="Current GC Util Change" value="152.000000"/>
  <attribute name="GC Util currently" value="152" />
  <attribute name="CPU Util currently" value="13945140779098" />
<exclusive-end id="6082" timestamp="2019-06-16T02:56:36.269" durationms="3.838" />

<exclusive-start id="6083" timestamp="2019-06-16T02:56:36.272" intervalms="7.499">
  <response-info timems="0.067" idlems="0.067" threads="0" lastid="0000000001916700" lastname="main" />
</exclusive-start>
<allocation-taxation id="6084" taxation-threshold="11534336" timestamp="2019-06-16T02:56:36.273" intervalms="7.524" />
<gc-start id="6085" type="global mark phase" contextid="5901" timestamp="2019-06-16T02:56:36.273">
  <mem-info id="6086" free="31457280" total="70254592" percent="44">
    <remembered-set count="93952" freebytes="2428544" totalbytes="2804352" percent="86" regionsoverflowed="0" regionsstable="0" regionsrebuilding="18"/>
  </mem-info>
</gc-start>
<gc-end id="6087" type="global mark phase" contextid="5901" durationms="0.186" usertimems="0.000" systemtimems="0.000" timestamp="2019-06-16T02:56:36.273" activeThreads="1">
  <mem-info id="6088" free="31457280" total="70254592" percent="44">
    <remembered-set count="93952" freebytes="2428544" totalbytes="2804352" percent="86" regionsoverflowed="0" regionsstable="0" regionsrebuilding="18"/>
  </mem-info>
</gc-end>
<concurrent-start id="6089" type="GMP work packet processing" contextid="5901" timestamp="2019-06-16T02:56:36.273">
  <concurrent-mark-start scanTarget="1048576" />
</concurrent-start>
<exclusive-end id="6090" timestamp="2019-06-16T02:56:36.273" durationms="0.934" />

<concurrent-end id="6091" type="GMP work packet processing" contextid="5901" timestamp="2019-06-16T02:56:36.274">
  <concurrent-mark-end bytesScanned="912460" reasonForTermination="Completed all work in GC phase" />
</concurrent-end>

<exclusive-start id="6092" timestamp="2019-06-16T02:56:36.277" intervalms="4.567">
  <response-info timems="0.058" idlems="0.058" threads="0" lastid="0000000001916700" lastname="main" />
</exclusive-start>
<allocation-taxation id="6093" taxation-threshold="11534336" timestamp="2019-06-16T02:56:36.277" intervalms="4.565" />
<cycle-start id="6094" type="partial gc" contextid="0" timestamp="2019-06-16T02:56:36.277" intervalms="12.080" />
<gc-start id="6095" type="partial gc" contextid="6094" timestamp="2019-06-16T02:56:36.278">
  <mem-info id="6096" free="19922944" total="70254592" percent="28">
    <mem type="eden" free="1048520" total="24117248" percent="4" />
    <remembered-set count="108896" freebytes="2368768" totalbytes="2804352" percent="84" regionsoverflowed="0" regionsstable="0" regionsrebuilding="18"/>
  </mem-info>
</gc-start>
<allocation-stats totalBytes="22990680" >
  <allocated-bytes non-tlh="0" tlh="22990680" arrayletleaf="0"/>
  <largest-consumer threadName="main" threadId="0000000001916700" bytes="11496584" />
</allocation-stats>
<gc-op id="6097" type="copy forward" timems="1.712" contextid="6094" timestamp="2019-06-16T02:56:36.280">
  <memory-copied type="eden" objects="2" bytes="56" bytesdiscarded="0" />
  <memory-copied type="other" objects="0" bytes="0" bytesdiscarded="0" />
  <memory-cardclean objects="15" bytes="400" />
  <regions eden="22" other="1" />
  <remembered-set-cleared processed="106074" cleared="3" durationms="0.649" />
  <stringconstants candidates="13697" cleared="0"  />
</gc-op>
<gc-op id="6098" type="classunload" timems="0.003" contextid="6094" timestamp="2019-06-16T02:56:36.280">
  <classunload-info classloadercandidates="53" classloadersunloaded="0" classesunloaded="0" anonymousclassesunloaded="0" quiescems="0.000" setupms="0.003" scanms="0.000" postms="0.000" />
</gc-op>
<gc-end id="6099" type="partial gc" contextid="6094" durationms="2.965" usertimems="4.000" systemtimems="0.000" timestamp="2019-06-16T02:56:36.280" activeThreads="1">
  <mem-info id="6100" free="42991616" total="70254592" percent="61">
    <mem type="eden" free="1048520" total="1048576" percent="99" />
    <remembered-set count="109376" freebytes="2366848" totalbytes="2804352" percent="84" regionsoverflowed="0" regionsstable="0" regionsrebuilding="18"/>
  </mem-info>
</gc-end>
<cycle-end id="6101" type="partial gc" contextid="6094" timestamp="2019-06-16T02:56:36.281" />
  <attribute name="elasticGC enabled" value="1" />
  <attribute name= "numThreadsSpecified" value="1" />
  <attribute name="heapSize specified" value="0" />
  <attribute name="Current GC Util" value="163" />
  <attribute name= "Current Time Running" value="68643" />
  <attribute name ="GC Interval" value="0" />
  <attribute name="ProportionalT" value="214.500000" />
  <attribute name="ProportionalI" value="214.500000" />
  <attribute name="ProportionalH" value="214.500000" />
  <attribute name="Current Error" value="143.000000" />
  <attribute name="IntegralT" value="0.000000" />
  <attribute name="IntegralI" value="0.000000" />
  <attribute name="IntegralH" value="0.000000" />
  <attribute name="DerivativeT" value="inf" />
  <attribute name="DerivativeI" value="inf" />
  <attribute name="DerivativeH" value="inf" />
  <attribute name="Loop Time for DT" value="0.000000" />
  <attribute name="Output H" value="8388608"/>
  <attribute name="Output I" value="200"/>
  <attribute name="Output T" value="1"/>
  <attribute name="Target GC Util Change" value ="20.000000" />
  <attribute name="Current GC Util Change" value="163.000000"/>
  <attribute name="GC Util currently" value="163" />
  <attribute name="CPU Util currently" value="13737971592084" />
<exclusive-end id="6102" timestamp="2019-06-16T02:56:36.281" durationms="3.967" />

<exclusive-start id="6103" timestamp="2019-06-16T02:56:36.285" intervalms="7.622">
  <response-info timems="0.067" idlems="0.067" threads="0" lastid="0000000001916700" lastname="main" />
</exclusive-start>
<allocation-taxation id="6104" taxation-threshold="11534336" timestamp="2019-06-16T02:56:36.285" intervalms="7.623" />
<gc-start id="6105" type="global mark phase" contextid="5901" timestamp="2019-06-16T02:56:36.285">
  <mem-info id="6106" free="31457280" total="70254592" percent="44">
    <remembered-set count="108896" freebytes="2368768" totalbytes="2804352" percent="84" regionsoverflowed="0" regionsstable="0" regionsrebuilding="18"/>
  </mem-info>
</gc-start>
<gc-op id="6107" type="mark increment" timems="3.800" contextid="5901" timestamp="2019-06-16T02:56:36.289">
  <trace-info objectcount="25" scancount="25" scanbytes="115472" />
  <cardclean-info objects="114016" bytes="3519856" />
  <finalization candidates="79" enqueued="0" />
  <ownableSynchronizers candidates="23" cleared="0" />
  <references type="soft" candidates="3553" cleared="6" enqueued="6" dynamicThreshold="19" maxThreshold="32" />
  <references type="weak" candidates="5722" cleared="0" enqueued="0" />
  <references type="phantom" candidates="100" cleared="0" enqueued="0" />
  <stringconstants candidates="13697" cleared="0"  />
</gc-op>
<gc-op id="6108" type="classunload" timems="0.005" contextid="5901" timestamp="2019-06-16T02:56:36.289">
  <classunload-info classloadercandidates="53" classloadersunloaded="0" classesunloaded="0" anonymousclassesunloaded="0" quiescems="0.000" setupms="0.005" scanms="0.000" postms="0.000" />
</gc-op>
<gc-end id="6109" type="global mark phase" contextid="5901" durationms="4.421" usertimems="8.000" systemtimems="0.000" timestamp="2019-06-16T02:56:36.289" activeThreads="4">
  <mem-info id="6110" free="31457280" total="70254592" percent="44">
    <pending-finalizers system="0" default="0" reference="6" classloader="0" />
    <remembered-set count="127840" freebytes="2292992" totalbytes="2804352" percent="81" regionsoverflowed="0" regionsstable="0" regionsrebuilding="0"/>
  </mem-info>
</gc-end>
<cycle-end id="6111" type="global mark phase" contextid="5901" timestamp="2019-06-16T02:56:36.289" />
  <attribute name="elasticGC enabled" value="1" />
  <attribute name= "numThreadsSpecified" value="4" />
  <attribute name="heapSize specified" value="0" />
  <attribute name="Current GC Util" value="59" />
  <attribute name= "Current Time Running" value="68653" />
  <attribute name ="GC Interval" value="0" />
  <attribute name="ProportionalT" value="58.500000" />
  <attribute name="ProportionalI" value="58.500000" />
  <attribute name="ProportionalH" value="58.500000" />
  <attribute name="Current Error" value="39.000000" />
  <attribute name="IntegralT" value="0.000000" />
  <attribute name="IntegralI" value="0.000000" />
  <attribute name="IntegralH" value="0.000000" />
  <attribute name="DerivativeT" value="-inf" />
  <attribute name="DerivativeI" value="-inf" />
  <attribute name="DerivativeH" value="-inf" />
  <attribute name="Loop Time for DT" value="0.000000" />
  <attribute name="Output H" value="2091843584"/>
  <attribute name="Output I" value="200"/>
  <attribute name="Output T" value="4"/>
  <attribute name="Target GC Util Change" value ="20.000000" />
  <attribute name="Current GC Util Change" value="59.000000"/>
  <attribute name="GC Util currently" value="59" />
  <attribute name="CPU Util currently" value="26281605871699" />
<exclusive-end id="6112" timestamp="2019-06-16T02:56:36.290" durationms="5.085" />

<exclusive-start id="6113" timestamp="2019-06-16T02:56:36.293" intervalms="8.734">
  <response-info timems="0.073" idlems="0.073" threads="0" lastid="0000000001916700" lastname="main" />
</exclusive-start>
<allocation-taxation id="6114" taxation-threshold="11534336" timestamp="2019-06-16T02:56:36.294" intervalms="8.779" />
<cycle-start id="6115" type="partial gc" contextid="0" timestamp="2019-06-16T02:56:36.294" intervalms="16.432" />
<gc-start id="6116" type="partial gc" contextid="6115" timestamp="2019-06-16T02:56:36.294">
  <mem-info id="6117" free="19922944" total="70254592" percent="28">
    <mem type="eden" free="1048520" total="24117248" percent="4" />
    <remembered-set count="1664" freebytes="2797696" totalbytes="2804352" percent="99" regionsoverflowed="0" regionsstable="18" regionsrebuilding="0"/>
  </mem-info>
</gc-start>
<allocation-stats totalBytes="22990680" >
  <allocated-bytes non-tlh="0" tlh="22990680" arrayletleaf="0"/>
  <largest-consumer threadName="main" threadId="0000000001916700" bytes="11496584" />
</allocation-stats>
<gc-op id="6118" type="sweep" timems="0.661" contextid="6115" timestamp="2019-06-16T02:56:36.295" />
<gc-op id="6119" type="copy forward" timems="1.154" contextid="6115" timestamp="2019-06-16T02:56:36.297">
  <memory-copied type="eden" objects="2" bytes="56" bytesdiscarded="0" />
  <memory-copied type="other" objects="0" bytes="0" bytesdiscarded="0" />
  <memory-cardclean objects="45" bytes="1808" />
  <regions eden="11" other="1" />
  <remembered-set-cleared processed="54" cleared="0" durationms="0.095" />
  <stringconstants candidates="13697" cleared="0"  />
</gc-op>
<gc-op id="6120" type="classunload" timems="0.003" contextid="6115" timestamp="2019-06-16T02:56:36.297">
  <classunload-info classloadercandidates="53" classloadersunloaded="0" classesunloaded="0" anonymousclassesunloaded="0" quiescems="0.000" setupms="0.003" scanms="0.000" postms="0.000" />
</gc-op>
<gc-end id="6121" type="partial gc" contextid="6115" durationms="3.042" usertimems="4.000" systemtimems="0.000" timestamp="2019-06-16T02:56:36.297" activeThreads="4">
  <mem-info id="6122" free="42991616" total="70254592" percent="61">
    <mem type="eden" free="1048520" total="1048576" percent="99" />
    <remembered-set count="1088" freebytes="2800000" totalbytes="2804352" percent="99" regionsoverflowed="0" regionsstable="18" regionsrebuilding="0"/>
  </mem-info>
</gc-end>
<cycle-end id="6123" type="partial gc" contextid="6115" timestamp="2019-06-16T02:56:36.297" />
  <attribute name="elasticGC enabled" value="1" />
  <attribute name= "numThreadsSpecified" value="4" />
  <attribute name="heapSize specified" value="0" />
  <attribute name="Current GC Util" value="70" />
  <attribute name= "Current Time Running" value="68661" />
  <attribute name ="GC Interval" value="0" />
  <attribute name="ProportionalT" value="75.000000" />
  <attribute name="ProportionalI" value="75.000000" />
  <attribute name="ProportionalH" value="75.000000" />
  <attribute name="Current Error" value="50.000000" />
  <attribute name="IntegralT" value="50.000000" />
  <attribute name="IntegralI" value="50.000000" />
  <attribute name="IntegralH" value="50.000000" />
  <attribute name="DerivativeT" value="2.000000" />
  <attribute name="DerivativeI" value="2.000000" />
  <attribute name="DerivativeH" value="2.000000" />
  <attribute name="Loop Time for DT" value="1.000000" />
  <attribute name="Output H" value="8388608"/>
  <attribute name="Output I" value="200"/>
  <attribute name="Output T" value="4"/>
  <attribute name="Target GC Util Change" value ="20.000000" />
  <attribute name="Current GC Util Change" value="70.000000"/>
  <attribute name="GC Util currently" value="70" />
  <attribute name="CPU Util currently" value="20471724924427" />
<exclusive-end id="6124" timestamp="2019-06-16T02:56:36.297" durationms="4.013" />

<exclusive-start id="6125" timestamp="2019-06-16T02:56:36.305" intervalms="11.369">
  <response-info timems="0.058" idlems="0.058" threads="0" lastid="0000000001916700" lastname="main" />
</exclusive-start>
<allocation-taxation id="6126" taxation-threshold="24117248" timestamp="2019-06-16T02:56:36.305" intervalms="11.324" />
<cycle-start id="6127" type="partial gc" contextid="0" timestamp="2019-06-16T02:56:36.305" intervalms="11.329" />
<gc-start id="6128" type="partial gc" contextid="6127" timestamp="2019-06-16T02:56:36.305">
  <mem-info id="6129" free="18874368" total="70254592" percent="26">
    <mem type="eden" free="1048520" total="25165824" percent="4" />
    <remembered-set count="608" freebytes="2801920" totalbytes="2804352" percent="99" regionsoverflowed="0" regionsstable="18" regionsrebuilding="0"/>
  </mem-info>
</gc-start>
<allocation-stats totalBytes="24035824" >
  <allocated-bytes non-tlh="0" tlh="24035824" arrayletleaf="0"/>
  <largest-consumer threadName="main" threadId="0000000001916700" bytes="24035824" />
</allocation-stats>
<gc-op id="6130" type="copy forward" timems="0.842" contextid="6127" timestamp="2019-06-16T02:56:36.307">
  <memory-copied type="eden" objects="2" bytes="56" bytesdiscarded="0" />
  <memory-copied type="other" objects="19" bytes="656" bytesdiscarded="0" />
  <memory-cardclean objects="88" bytes="2384" />
  <regions eden="23" other="3" />
  <remembered-set-cleared processed="49" cleared="7" durationms="0.097" />
  <stringconstants candidates="13697" cleared="0"  />
</gc-op>
<gc-op id="6131" type="classunload" timems="0.003" contextid="6127" timestamp="2019-06-16T02:56:36.307">
  <classunload-info classloadercandidates="53" classloadersunloaded="0" classesunloaded="0" anonymousclassesunloaded="0" quiescems="0.000" setupms="0.003" scanms="0.000" postms="0.000" />
</gc-op>
<gc-end id="6132" type="partial gc" contextid="6127" durationms="1.798" usertimems="4.000" systemtimems="0.000" timestamp="2019-06-16T02:56:36.307" activeThreads="1">
  <mem-info id="6133" free="42991616" total="70254592" percent="61">
    <mem type="eden" free="1048520" total="1048576" percent="99" />
    <remembered-set count="896" freebytes="2800768" totalbytes="2804352" percent="99" regionsoverflowed="0" regionsstable="18" regionsrebuilding="0"/>
  </mem-info>
</gc-end>
<cycle-end id="6134" type="partial gc" contextid="6127" timestamp="2019-06-16T02:56:36.307" />
  <attribute name="elasticGC enabled" value="1" />
  <attribute name= "numThreadsSpecified" value="1" />
  <attribute name="heapSize specified" value="0" />
  <attribute name="Current GC Util" value="51" />
  <attribute name= "Current Time Running" value="68671" />
  <attribute name ="GC Interval" value="0" />
  <attribute name="ProportionalT" value="46.500000" />
  <attribute name="ProportionalI" value="46.500000" />
  <attribute name="ProportionalH" value="46.500000" />
  <attribute name="Current Error" value="31.000000" />
  <attribute name="IntegralT" value="0.000000" />
  <attribute name="IntegralI" value="0.000000" />
  <attribute name="IntegralH" value="0.000000" />
  <attribute name="DerivativeT" value="inf" />
  <attribute name="DerivativeI" value="inf" />
  <attribute name="DerivativeH" value="inf" />
  <attribute name="Loop Time for DT" value="0.000000" />
  <attribute name="Output H" value="8388608"/>
  <attribute name="Output I" value="200"/>
  <attribute name="Output T" value="1"/>
  <attribute name="Target GC Util Change" value ="20.000000" />
  <attribute name="Current GC Util Change" value="51.000000"/>
  <attribute name="GC Util currently" value="51" />
  <attribute name="CPU Util currently" value="21304533967913" />
<exclusive-end id="6135" timestamp="2019-06-16T02:56:36.307" durationms="2.748" />

<exclusive-start id="6136" timestamp="2019-06-16T02:56:36.315" intervalms="10.139">
  <response-info timems="0.117" idlems="0.117" threads="0" lastid="0000000001916700" lastname="main" />
</exclusive-start>
<allocation-taxation id="6137" taxation-threshold="24117248" timestamp="2019-06-16T02:56:36.315" intervalms="10.175" />
<cycle-start id="6138" type="partial gc" contextid="0" timestamp="2019-06-16T02:56:36.315" intervalms="10.170" />
<gc-start id="6139" type="partial gc" contextid="6138" timestamp="2019-06-16T02:56:36.315">
  <mem-info id="6140" free="18874368" total="70254592" percent="26">
    <mem type="eden" free="1048520" total="25165824" percent="4" />
    <remembered-set count="544" freebytes="2802176" totalbytes="2804352" percent="99" regionsoverflowed="0" regionsstable="18" regionsrebuilding="0"/>
  </mem-info>
</gc-start>
<allocation-stats totalBytes="24035824" >
  <allocated-bytes non-tlh="0" tlh="24035824" arrayletleaf="0"/>
  <largest-consumer threadName="main" threadId="0000000001916700" bytes="24035824" />
</allocation-stats>
<gc-op id="6141" type="copy forward" timems="0.987" contextid="6138" timestamp="2019-06-16T02:56:36.317">
  <memory-copied type="eden" objects="2" bytes="56" bytesdiscarded="0" />
  <memory-copied type="other" objects="75" bytes="3080" bytesdiscarded="0" />
  <memory-cardclean objects="82" bytes="10736" />
  <regions eden="23" other="3" />
  <remembered-set-cleared processed="46" cleared="11" durationms="0.088" />
  <references type="weak" candidates="2" cleared="0" enqueued="0" />
  <stringconstants candidates="13697" cleared="0"  />
</gc-op>
<gc-op id="6142" type="classunload" timems="0.003" contextid="6138" timestamp="2019-06-16T02:56:36.317">
  <classunload-info classloadercandidates="53" classloadersunloaded="0" classesunloaded="0" anonymousclassesunloaded="0" quiescems="0.000" setupms="0.003" scanms="0.000" postms="0.000" />
</gc-op>
<heap-resize id="6143" type="contract" space="default" amount="2097152" count="1" timems="0.200" reason="excess free space following gc" timestamp="2019-06-16T02:56:36.318" />
<gc-end id="6144" type="partial gc" contextid="6138" durationms="2.317" usertimems="0.000" systemtimems="0.000" timestamp="2019-06-16T02:56:36.318" activeThreads="1">
  <mem-info id="6145" free="41943040" total="68157440" percent="61">
    <mem type="eden" free="1048520" total="1048576" percent="99" />
    <remembered-set count="864" freebytes="2800896" totalbytes="2804352" percent="99" regionsoverflowed="0" regionsstable="18" regionsrebuilding="0"/>
  </mem-info>
</gc-end>
<cycle-end id="6146" type="partial gc" contextid="6138" timestamp="2019-06-16T02:56:36.318" />
  <attribute name="elasticGC enabled" value="1" />
  <attribute name= "numThreadsSpecified" value="1" />
  <attribute name="heapSize specified" value="0" />
  <attribute name="Current GC Util" value="176" />
  <attribute name= "Current Time Running" value="68681" />
  <attribute name ="GC Interval" value="0" />
  <attribute name="ProportionalT" value="234.000000" />
  <attribute name="ProportionalI" value="234.000000" />
  <attribute name="ProportionalH" value="234.000000" />
  <attribute name="Current Error" value="156.000000" />
  <attribute name="IntegralT" value="0.000000" />
  <attribute name="IntegralI" value="0.000000" />
  <attribute name="IntegralH" value="0.000000" />
  <attribute name="DerivativeT" value="inf" />
  <attribute name="DerivativeI" value="inf" />
  <attribute name="DerivativeH" value="inf" />
  <attribute name="Loop Time for DT" value="0.000000" />
  <attribute name="Output H" value="8388608"/>
  <attribute name="Output I" value="200"/>
  <attribute name="Output T" value="1"/>
  <attribute name="Target GC Util Change" value ="20.000000" />
  <attribute name="Current GC Util Change" value="176.000000"/>
  <attribute name="GC Util currently" value="176" />
  <attribute name="CPU Util currently" value="13880502601441" />
<exclusive-end id="6147" timestamp="2019-06-16T02:56:36.318" durationms="3.316" />

<exclusive-start id="6148" timestamp="2019-06-16T02:56:36.326" intervalms="11.147">
  <response-info timems="0.053" idlems="0.053" threads="0" lastid="0000000001916700" lastname="main" />
</exclusive-start>
<allocation-taxation id="6149" taxation-threshold="24117248" timestamp="2019-06-16T02:56:36.326" intervalms="11.139" />
<cycle-start id="6150" type="partial gc" contextid="0" timestamp="2019-06-16T02:56:36.326" intervalms="11.123" />
<gc-start id="6151" type="partial gc" contextid="6150" timestamp="2019-06-16T02:56:36.327">
  <mem-info id="6152" free="17825792" total="68157440" percent="26">
    <mem type="eden" free="1048520" total="25165824" percent="4" />
    <remembered-set count="480" freebytes="2802432" totalbytes="2804352" percent="99" regionsoverflowed="0" regionsstable="18" regionsrebuilding="0"/>
  </mem-info>
</gc-start>
<allocation-stats totalBytes="24033872" >
  <allocated-bytes non-tlh="0" tlh="24033872" arrayletleaf="0"/>
  <largest-consumer threadName="main" threadId="0000000001916700" bytes="24033872" />
</allocation-stats>
<gc-op id="6153" type="copy forward" timems="2.441" contextid="6150" timestamp="2019-06-16T02:56:36.330">
  <memory-copied type="eden" objects="27" bytes="1944" bytesdiscarded="1056" />
  <memory-copied type="other" objects="30" bytes="720" bytesdiscarded="1072" />
  <memory-cardclean objects="160" bytes="4456" />
  <regions eden="23" other="2" />
  <remembered-set-cleared processed="48" cleared="14" durationms="0.079" />
  <stringconstants candidates="13697" cleared="0"  />
</gc-op>
<gc-op id="6154" type="classunload" timems="0.004" contextid="6150" timestamp="2019-06-16T02:56:36.330">
  <classunload-info classloadercandidates="53" classloadersunloaded="0" classesunloaded="0" anonymousclassesunloaded="0" quiescems="0.000" setupms="0.004" scanms="0.000" postms="0.000" />
</gc-op>
<heap-resize id="6155" type="contract" space="default" amount="3145728" count="1" timems="0.254" reason="excess free space following gc" timestamp="2019-06-16T02:56:36.331" />
<gc-end id="6156" type="partial gc" contextid="6150" durationms="4.063" usertimems="0.000" systemtimems="8.000" timestamp="2019-06-16T02:56:36.331" activeThreads="4">
  <mem-info id="6157" free="39845888" total="65011712" percent="61">
    <mem type="eden" free="1045576" total="1048576" percent="99" />
    <remembered-set count="2304" freebytes="2711424" totalbytes="2720640" percent="99" regionsoverflowed="0" regionsstable="18" regionsrebuilding="0"/>
  </mem-info>
</gc-end>
<cycle-end id="6158" type="partial gc" contextid="6150" timestamp="2019-06-16T02:56:36.331" />
  <attribute name="elasticGC enabled" value="1" />
  <attribute name= "numThreadsSpecified" value="4" />
  <attribute name="heapSize specified" value="0" />
  <attribute name="Current GC Util" value="168" />
  <attribute name= "Current Time Running" value="68693" />
  <attribute name ="GC Interval" value="0" />
  <attribute name="ProportionalT" value="222.000000" />
  <attribute name="ProportionalI" value="222.000000" />
  <attribute name="ProportionalH" value="222.000000" />
  <attribute name="Current Error" value="148.000000" />
  <attribute name="IntegralT" value="148.000000" />
  <attribute name="IntegralI" value="148.000000" />
  <attribute name="IntegralH" value="148.000000" />
  <attribute name="DerivativeT" value="148.000000" />
  <attribute name="DerivativeI" value="148.000000" />
  <attribute name="DerivativeH" value="148.000000" />
  <attribute name="Loop Time for DT" value="1.000000" />
  <attribute name="Output H" value="8388608"/>
  <attribute name="Output I" value="520"/>
  <attribute name="Output T" value="4"/>
  <attribute name="Target GC Util Change" value ="20.000000" />
  <attribute name="Current GC Util Change" value="168.000000"/>
  <attribute name="GC Util currently" value="168" />
  <attribute name="CPU Util currently" value="8597555803538" />
<exclusive-end id="6159" timestamp="2019-06-16T02:56:36.331" durationms="5.007" />

<exclusive-start id="6160" timestamp="2019-06-16T02:56:36.338" intervalms="12.192">
  <response-info timems="0.054" idlems="0.054" threads="0" lastid="0000000001916700" lastname="main" />
</exclusive-start>
<allocation-taxation id="6161" taxation-threshold="23068672" timestamp="2019-06-16T02:56:36.338" intervalms="12.161" />
<cycle-start id="6162" type="partial gc" contextid="0" timestamp="2019-06-16T02:56:36.339" intervalms="12.163" />
<gc-start id="6163" type="partial gc" contextid="6162" timestamp="2019-06-16T02:56:36.339">
  <mem-info id="6164" free="16777216" total="65011712" percent="25">
    <mem type="eden" free="0" total="23068672" percent="0" />
    <remembered-set count="1856" freebytes="2713216" totalbytes="2720640" percent="99" regionsoverflowed="0" regionsstable="18" regionsrebuilding="0"/>
  </mem-info>
</gc-start>
<allocation-stats totalBytes="22915200" >
  <allocated-bytes non-tlh="0" tlh="22915200" arrayletleaf="0"/>
  <largest-consumer threadName="main" threadId="0000000001916700" bytes="22915200" />
</allocation-stats>
<gc-op id="6165" type="copy forward" timems="2.865" contextid="6162" timestamp="2019-06-16T02:56:36.343">
  <memory-copied type="eden" objects="1" bytes="40" bytesdiscarded="0" />
  <memory-copied type="other" objects="74" bytes="3056" bytesdiscarded="1472" />
  <memory-cardclean objects="135" bytes="3992" />
  <regions eden="22" other="2" />
  <remembered-set-cleared processed="44" cleared="14" durationms="0.082" />
  <stringconstants candidates="13697" cleared="0"  />
</gc-op>
<gc-op id="6166" type="classunload" timems="0.003" contextid="6162" timestamp="2019-06-16T02:56:36.343">
  <classunload-info classloadercandidates="53" classloadersunloaded="0" classesunloaded="0" anonymousclassesunloaded="0" quiescems="0.000" setupms="0.003" scanms="0.000" postms="0.000" />
</gc-op>
<gc-end id="6167" type="partial gc" contextid="6162" durationms="4.165" usertimems="8.000" systemtimems="0.000" timestamp="2019-06-16T02:56:36.343" activeThreads="4">
  <mem-info id="6168" free="39845888" total="65011712" percent="61">
    <mem type="eden" free="1048536" total="1048576" percent="99" />
    <remembered-set count="1792" freebytes="2587904" totalbytes="2595072" percent="99" regionsoverflowed="0" regionsstable="18" regionsrebuilding="0"/>
  </mem-info>
</gc-end>
<cycle-end id="6169" type="partial gc" contextid="6162" timestamp="2019-06-16T02:56:36.343" />
  <attribute name="elasticGC enabled" value="1" />
  <attribute name= "numThreadsSpecified" value="4" />
  <attribute name="heapSize specified" value="0" />
  <attribute name="Current GC Util" value="93" />
  <attribute name= "Current Time Running" value="68705" />
  <attribute name ="GC Interval" value="0" />
  <attribute name="ProportionalT" value="109.500000" />
  <attribute name="ProportionalI" value="109.500000" />
  <attribute name="ProportionalH" value="109.500000" />
  <attribute name="Current Error" value="73.000000" />
  <attribute name="IntegralT" value="73.000000" />
  <attribute name="IntegralI" value="73.000000" />
  <attribute name="IntegralH" value="73.000000" />
  <attribute name="DerivativeT" value="35.000000" />
  <attribute name="DerivativeI" value="35.000000" />
  <attribute name="DerivativeH" value="35.000000" />
  <attribute name="Loop Time for DT" value="1.000000" />
  <attribute name="Output H" value="8388608"/>
  <attribute name="Output I" value="224"/>
  <attribute name="Output T" value="4"/>
  <attribute name="Target GC Util Change" value ="20.000000" />
  <attribute name="Current GC Util Change" value="93.000000"/>
  <attribute name="GC Util currently" value="93" />
  <attribute name="CPU Util currently" value="8559370188377" />
<exclusive-end id="6170" timestamp="2019-06-16T02:56:36.343" durationms="5.121" />

<exclusive-start id="6171" timestamp="2019-06-16T02:56:36.350" intervalms="12.217">
  <response-info timems="0.062" idlems="0.062" threads="0" lastid="0000000001916700" lastname="main" />
</exclusive-start>
<allocation-taxation id="6172" taxation-threshold="23068672" timestamp="2019-06-16T02:56:36.351" intervalms="12.260" />
<cycle-start id="6173" type="partial gc" contextid="0" timestamp="2019-06-16T02:56:36.351" intervalms="12.269" />
<gc-start id="6174" type="partial gc" contextid="6173" timestamp="2019-06-16T02:56:36.351">
  <mem-info id="6175" free="16777216" total="65011712" percent="25">
    <mem type="eden" free="1048536" total="24117248" percent="4" />
    <remembered-set count="1792" freebytes="2587904" totalbytes="2595072" percent="99" regionsoverflowed="0" regionsstable="18" regionsrebuilding="0"/>
  </mem-info>
</gc-start>
<allocation-stats totalBytes="22915200" >
  <allocated-bytes non-tlh="0" tlh="22915200" arrayletleaf="0"/>
  <largest-consumer threadName="main" threadId="0000000001916700" bytes="22915200" />
</allocation-stats>
<gc-op id="6176" type="copy forward" timems="2.734" contextid="6173" timestamp="2019-06-16T02:56:36.355">
  <memory-copied type="eden" objects="1" bytes="40" bytesdiscarded="0" />
  <memory-copied type="other" objects="0" bytes="0" bytesdiscarded="0" />
  <memory-cardclean objects="8" bytes="344" />
  <regions eden="22" other="1" />
  <remembered-set-cleared processed="48" cleared="0" durationms="0.080" />
  <stringconstants candidates="13697" cleared="0"  />
</gc-op>
<gc-op id="6177" type="classunload" timems="0.003" contextid="6173" timestamp="2019-06-16T02:56:36.355">
  <classunload-info classloadercandidates="53" classloadersunloaded="0" classesunloaded="0" anonymousclassesunloaded="0" quiescems="0.000" setupms="0.003" scanms="0.000" postms="0.000" />
</gc-op>
<gc-end id="6178" type="partial gc" contextid="6173" durationms="3.799" usertimems="8.000" systemtimems="0.000" timestamp="2019-06-16T02:56:36.355" activeThreads="4">
  <mem-info id="6179" free="39845888" total="65011712" percent="61">
    <mem type="eden" free="1048536" total="1048576" percent="99" />
    <remembered-set count="448" freebytes="2593280" totalbytes="2595072" percent="99" regionsoverflowed="0" regionsstable="18" regionsrebuilding="0"/>
  </mem-info>
</gc-end>
<cycle-end id="6180" type="partial gc" contextid="6173" timestamp="2019-06-16T02:56:36.355" />
  <attribute name="elasticGC enabled" value="1" />
  <attribute name= "numThreadsSpecified" value="4" />
  <attribute name="heapSize specified" value="0" />
  <attribute name="Current GC Util" value="153" />
  <attribute name= "Current Time Running" value="68717" />
  <attribute name ="GC Interval" value="0" />
  <attribute name="ProportionalT" value="199.500000" />
  <attribute name="ProportionalI" value="199.500000" />
  <attribute name="ProportionalH" value="199.500000" />
  <attribute name="Current Error" value="133.000000" />
  <attribute name="IntegralT" value="133.000000" />
  <attribute name="IntegralI" value="133.000000" />
  <attribute name="IntegralH" value="133.000000" />
  <attribute name="DerivativeT" value="90.000000" />
  <attribute name="DerivativeI" value="90.000000" />
  <attribute name="DerivativeH" value="90.000000" />
  <attribute name="Loop Time for DT" value="1.000000" />
  <attribute name="Output H" value="8388608"/>
  <attribute name="Output I" value="424"/>
  <attribute name="Output T" value="4"/>
  <attribute name="Target GC Util Change" value ="20.000000" />
  <attribute name="Current GC Util Change" value="153.000000"/>
  <attribute name="GC Util currently" value="153" />
  <attribute name="CPU Util currently" value="13958901206071" />
<exclusive-end id="6181" timestamp="2019-06-16T02:56:36.355" durationms="4.772" />

<exclusive-start id="6182" timestamp="2019-06-16T02:56:36.362" intervalms="11.859">
  <response-info timems="0.057" idlems="0.057" threads="0" lastid="0000000001916700" lastname="main" />
</exclusive-start>
<allocation-taxation id="6183" taxation-threshold="23068672" timestamp="2019-06-16T02:56:36.362" intervalms="11.813" />
<cycle-start id="6184" type="partial gc" contextid="0" timestamp="2019-06-16T02:56:36.363" intervalms="11.851" />
<gc-start id="6185" type="partial gc" contextid="6184" timestamp="2019-06-16T02:56:36.363">
  <mem-info id="6186" free="16777216" total="65011712" percent="25">
    <mem type="eden" free="1048536" total="24117248" percent="4" />
    <remembered-set count="448" freebytes="2593280" totalbytes="2595072" percent="99" regionsoverflowed="0" regionsstable="18" regionsrebuilding="0"/>
  </mem-info>
</gc-start>
<allocation-stats totalBytes="22920912" >
  <allocated-bytes non-tlh="0" tlh="22920912" arrayletleaf="0"/>
  <largest-consumer threadName="main" threadId="0000000001916700" bytes="22920912" />
</allocation-stats>
<gc-op id="6187" type="copy forward" timems="1.945" contextid="6184" timestamp="2019-06-16T02:56:36.366">
  <memory-copied type="eden" objects="2" bytes="64" bytesdiscarded="0" />
  <memory-copied type="other" objects="0" bytes="0" bytesdiscarded="0" />
  <memory-cardclean objects="8" bytes="344" />
  <regions eden="22" other="1" />
  <remembered-set-cleared processed="48" cleared="0" durationms="0.082" />
  <stringconstants candidates="13697" cleared="0"  />
</gc-op>
<gc-op id="6188" type="classunload" timems="0.003" contextid="6184" timestamp="2019-06-16T02:56:36.366">
  <classunload-info classloadercandidates="53" classloadersunloaded="0" classesunloaded="0" anonymousclassesunloaded="0" quiescems="0.000" setupms="0.003" scanms="0.000" postms="0.000" />
</gc-op>
<gc-end id="6189" type="partial gc" contextid="6184" durationms="3.067" usertimems="4.000" systemtimems="0.000" timestamp="2019-06-16T02:56:36.366" activeThreads="4">
  <mem-info id="6190" free="39845888" total="65011712" percent="61">
    <mem type="eden" free="1048512" total="1048576" percent="99" />
    <remembered-set count="960" freebytes="2591232" totalbytes="2595072" percent="99" regionsoverflowed="0" regionsstable="18" regionsrebuilding="0"/>
  </mem-info>
</gc-end>
<cycle-end id="6191" type="partial gc" contextid="6184" timestamp="2019-06-16T02:56:36.366" />
  <attribute name="elasticGC enabled" value="1" />
  <attribute name= "numThreadsSpecified" value="4" />
  <attribute name="heapSize specified" value="0" />
  <attribute name="Current GC Util" value="201" />
  <attribute name= "Current Time Running" value="68729" />
  <attribute name ="GC Interval" value="0" />
  <attribute name="ProportionalT" value="271.500000" />
  <attribute name="ProportionalI" value="271.500000" />
  <attribute name="ProportionalH" value="271.500000" />
  <attribute name="Current Error" value="181.000000" />
  <attribute name="IntegralT" value="181.000000" />
  <attribute name="IntegralI" value="181.000000" />
  <attribute name="IntegralH" value="181.000000" />
  <attribute name="DerivativeT" value="140.000000" />
  <attribute name="DerivativeI" value="140.000000" />
  <attribute name="DerivativeH" value="140.000000" />
  <attribute name="Loop Time for DT" value="1.000000" />
  <attribute name="Output H" value="8388608"/>
  <attribute name="Output I" value="592"/>
  <attribute name="Output T" value="4"/>
  <attribute name="Target GC Util Change" value ="20.000000" />
  <attribute name="Current GC Util Change" value="201.000000"/>
  <attribute name="GC Util currently" value="201" />
  <attribute name="CPU Util currently" value="13987818803143" />
<exclusive-end id="6192" timestamp="2019-06-16T02:56:36.366" durationms="3.914" />

<exclusive-start id="6193" timestamp="2019-06-16T02:56:36.373" intervalms="10.946">
  <response-info timems="0.073" idlems="0.073" threads="0" lastid="0000000001916700" lastname="main" />
</exclusive-start>
<allocation-taxation id="6194" taxation-threshold="23068672" timestamp="2019-06-16T02:56:36.373" intervalms="10.997" />
<cycle-start id="6195" type="partial gc" contextid="0" timestamp="2019-06-16T02:56:36.374" intervalms="10.960" />
<gc-start id="6196" type="partial gc" contextid="6195" timestamp="2019-06-16T02:56:36.374">
  <mem-info id="6197" free="16777216" total="65011712" percent="25">
    <mem type="eden" free="1048512" total="24117248" percent="4" />
    <remembered-set count="960" freebytes="2591232" totalbytes="2595072" percent="99" regionsoverflowed="0" regionsstable="18" regionsrebuilding="0"/>
  </mem-info>
</gc-start>
<allocation-stats totalBytes="22924080" >
  <allocated-bytes non-tlh="0" tlh="22924080" arrayletleaf="0"/>
  <largest-consumer threadName="main" threadId="0000000001916700" bytes="22924080" />
</allocation-stats>
<gc-op id="6198" type="copy forward" timems="1.987" contextid="6195" timestamp="2019-06-16T02:56:36.377">
  <memory-copied type="eden" objects="2" bytes="64" bytesdiscarded="0" />
  <memory-copied type="other" objects="0" bytes="0" bytesdiscarded="0" />
  <memory-cardclean objects="8" bytes="344" />
  <regions eden="22" other="1" />
  <remembered-set-cleared processed="48" cleared="0" durationms="0.080" />
  <stringconstants candidates="13697" cleared="0"  />
</gc-op>
<gc-op id="6199" type="classunload" timems="0.004" contextid="6195" timestamp="2019-06-16T02:56:36.377">
  <classunload-info classloadercandidates="53" classloadersunloaded="0" classesunloaded="0" anonymousclassesunloaded="0" quiescems="0.000" setupms="0.004" scanms="0.000" postms="0.000" />
</gc-op>
<gc-end id="6200" type="partial gc" contextid="6195" durationms="3.106" usertimems="4.000" systemtimems="0.000" timestamp="2019-06-16T02:56:36.377" activeThreads="4">
  <mem-info id="6201" free="39845888" total="65011712" percent="61">
    <mem type="eden" free="1048512" total="1048576" percent="99" />
    <remembered-set count="960" freebytes="2591232" totalbytes="2595072" percent="99" regionsoverflowed="0" regionsstable="18" regionsrebuilding="0"/>
  </mem-info>
</gc-end>
<cycle-end id="6202" type="partial gc" contextid="6195" timestamp="2019-06-16T02:56:36.377" />
  <attribute name="elasticGC enabled" value="1" />
  <attribute name= "numThreadsSpecified" value="4" />
  <attribute name="heapSize specified" value="0" />
  <attribute name="Current GC Util" value="159" />
  <attribute name= "Current Time Running" value="68740" />
  <attribute name ="GC Interval" value="0" />
  <attribute name="ProportionalT" value="208.500000" />
  <attribute name="ProportionalI" value="208.500000" />
  <attribute name="ProportionalH" value="208.500000" />
  <attribute name="Current Error" value="139.000000" />
  <attribute name="IntegralT" value="139.000000" />
  <attribute name="IntegralI" value="139.000000" />
  <attribute name="IntegralH" value="139.000000" />
  <attribute name="DerivativeT" value="116.000000" />
  <attribute name="DerivativeI" value="116.000000" />
  <attribute name="DerivativeH" value="116.000000" />
  <attribute name="Loop Time for DT" value="1.000000" />
  <attribute name="Output H" value="8388608"/>
  <attribute name="Output I" value="464"/>
  <attribute name="Output T" value="4"/>
  <attribute name="Target GC Util Change" value ="20.000000" />
  <attribute name="Current GC Util Change" value="159.000000"/>
  <attribute name="GC Util currently" value="159" />
  <attribute name="CPU Util currently" value="13293724094740" />
<exclusive-end id="6203" timestamp="2019-06-16T02:56:36.377" durationms="4.068" />

<exclusive-start id="6204" timestamp="2019-06-16T02:56:36.384" intervalms="11.252">
  <response-info timems="0.074" idlems="0.074" threads="0" lastid="0000000001916700" lastname="main" />
</exclusive-start>
<allocation-taxation id="6205" taxation-threshold="23068672" timestamp="2019-06-16T02:56:36.385" intervalms="11.248" />
<cycle-start id="6206" type="partial gc" contextid="0" timestamp="2019-06-16T02:56:36.385" intervalms="11.249" />
<gc-start id="6207" type="partial gc" contextid="6206" timestamp="2019-06-16T02:56:36.385">
  <mem-info id="6208" free="16777216" total="65011712" percent="25">
    <mem type="eden" free="1048512" total="24117248" percent="4" />
    <remembered-set count="960" freebytes="2591232" totalbytes="2595072" percent="99" regionsoverflowed="0" regionsstable="18" regionsrebuilding="0"/>
  </mem-info>
</gc-start>
<allocation-stats totalBytes="22924080" >
  <allocated-bytes non-tlh="0" tlh="22924080" arrayletleaf="0"/>
  <largest-consumer threadName="main" threadId="0000000001916700" bytes="22924080" />
</allocation-stats>
<gc-op id="6209" type="copy forward" timems="0.967" contextid="6206" timestamp="2019-06-16T02:56:36.387">
  <memory-copied type="eden" objects="2" bytes="64" bytesdiscarded="0" />
  <memory-copied type="other" objects="0" bytes="0" bytesdiscarded="0" />
  <memory-cardclean objects="8" bytes="344" />
  <regions eden="22" other="1" />
  <remembered-set-cleared processed="48" cleared="0" durationms="0.095" />
  <stringconstants candidates="13697" cleared="0"  />
</gc-op>
<gc-op id="6210" type="classunload" timems="0.003" contextid="6206" timestamp="2019-06-16T02:56:36.387">
  <classunload-info classloadercandidates="53" classloadersunloaded="0" classesunloaded="0" anonymousclassesunloaded="0" quiescems="0.000" setupms="0.003" scanms="0.000" postms="0.000" />
</gc-op>
<gc-end id="6211" type="partial gc" contextid="6206" durationms="2.103" usertimems="0.000" systemtimems="0.000" timestamp="2019-06-16T02:56:36.387" activeThreads="1">
  <mem-info id="6212" free="39845888" total="65011712" percent="61">
    <mem type="eden" free="1048512" total="1048576" percent="99" />
    <remembered-set count="1440" freebytes="2589312" totalbytes="2595072" percent="99" regionsoverflowed="0" regionsstable="18" regionsrebuilding="0"/>
  </mem-info>
</gc-end>
<cycle-end id="6213" type="partial gc" contextid="6206" timestamp="2019-06-16T02:56:36.387" />
  <attribute name="elasticGC enabled" value="1" />
  <attribute name= "numThreadsSpecified" value="1" />
  <attribute name="heapSize specified" value="0" />
  <attribute name="Current GC Util" value="152" />
  <attribute name= "Current Time Running" value="68751" />
  <attribute name ="GC Interval" value="0" />
  <attribute name="ProportionalT" value="198.000000" />
  <attribute name="ProportionalI" value="198.000000" />
  <attribute name="ProportionalH" value="198.000000" />
  <attribute name="Current Error" value="132.000000" />
  <attribute name="IntegralT" value="0.000000" />
  <attribute name="IntegralI" value="0.000000" />
  <attribute name="IntegralH" value="0.000000" />
  <attribute name="DerivativeT" value="inf" />
  <attribute name="DerivativeI" value="inf" />
  <attribute name="DerivativeH" value="inf" />
  <attribute name="Loop Time for DT" value="0.000000" />
  <attribute name="Output H" value="8388608"/>
  <attribute name="Output I" value="200"/>
  <attribute name="Output T" value="1"/>
  <attribute name="Target GC Util Change" value ="20.000000" />
  <attribute name="Current GC Util Change" value="152.000000"/>
  <attribute name="GC Util currently" value="152" />
  <attribute name="CPU Util currently" value="13986673372553" />
<exclusive-end id="6214" timestamp="2019-06-16T02:56:36.388" durationms="3.124" />

<exclusive-start id="6215" timestamp="2019-06-16T02:56:36.395" intervalms="10.287">
  <response-info timems="0.070" idlems="0.070" threads="0" lastid="0000000001916700" lastname="main" />
</exclusive-start>
<allocation-taxation id="6216" taxation-threshold="23068672" timestamp="2019-06-16T02:56:36.395" intervalms="10.297" />
<cycle-start id="6217" type="partial gc" contextid="0" timestamp="2019-06-16T02:56:36.395" intervalms="10.292" />
<gc-start id="6218" type="partial gc" contextid="6217" timestamp="2019-06-16T02:56:36.395">
  <mem-info id="6219" free="16777216" total="65011712" percent="25">
    <mem type="eden" free="1048512" total="24117248" percent="4" />
    <remembered-set count="960" freebytes="2591232" totalbytes="2595072" percent="99" regionsoverflowed="0" regionsstable="18" regionsrebuilding="0"/>
  </mem-info>
</gc-start>
<allocation-stats totalBytes="22924056" >
  <allocated-bytes non-tlh="0" tlh="22924056" arrayletleaf="0"/>
  <largest-consumer threadName="main" threadId="0000000001916700" bytes="22924056" />
</allocation-stats>
<gc-op id="6220" type="copy forward" timems="0.976" contextid="6217" timestamp="2019-06-16T02:56:36.397">
  <memory-copied type="eden" objects="2" bytes="64" bytesdiscarded="0" />
  <memory-copied type="other" objects="0" bytes="0" bytesdiscarded="0" />
  <memory-cardclean objects="8" bytes="344" />
  <regions eden="22" other="1" />
  <remembered-set-cleared processed="48" cleared="0" durationms="0.094" />
  <stringconstants candidates="13697" cleared="0"  />
</gc-op>
<gc-op id="6221" type="classunload" timems="0.003" contextid="6217" timestamp="2019-06-16T02:56:36.397">
  <classunload-info classloadercandidates="53" classloadersunloaded="0" classesunloaded="0" anonymousclassesunloaded="0" quiescems="0.000" setupms="0.003" scanms="0.000" postms="0.000" />
</gc-op>
<gc-end id="6222" type="partial gc" contextid="6217" durationms="2.109" usertimems="4.000" systemtimems="0.000" timestamp="2019-06-16T02:56:36.397" activeThreads="1">
  <mem-info id="6223" free="39845888" total="65011712" percent="61">
    <mem type="eden" free="1048512" total="1048576" percent="99" />
    <remembered-set count="1440" freebytes="2589312" totalbytes="2595072" percent="99" regionsoverflowed="0" regionsstable="18" regionsrebuilding="0"/>
  </mem-info>
</gc-end>
<cycle-end id="6224" type="partial gc" contextid="6217" timestamp="2019-06-16T02:56:36.398" />
  <attribute name="elasticGC enabled" value="1" />
  <attribute name= "numThreadsSpecified" value="1" />
  <attribute name="heapSize specified" value="0" />
  <attribute name="Current GC Util" value="278" />
  <attribute name= "Current Time Running" value="68761" />
  <attribute name ="GC Interval" value="0" />
  <attribute name="ProportionalT" value="387.000000" />
  <attribute name="ProportionalI" value="387.000000" />
  <attribute name="ProportionalH" value="387.000000" />
  <attribute name="Current Error" value="258.000000" />
  <attribute name="IntegralT" value="0.000000" />
  <attribute name="IntegralI" value="0.000000" />
  <attribute name="IntegralH" value="0.000000" />
  <attribute name="DerivativeT" value="inf" />
  <attribute name="DerivativeI" value="inf" />
  <attribute name="DerivativeH" value="inf" />
  <attribute name="Loop Time for DT" value="0.000000" />
  <attribute name="Output H" value="8388608"/>
  <attribute name="Output I" value="200"/>
  <attribute name="Output T" value="1"/>
  <attribute name="Target GC Util Change" value ="20.000000" />
  <attribute name="Current GC Util Change" value="278.000000"/>
  <attribute name="GC Util currently" value="278" />
  <attribute name="CPU Util currently" value="13394616067469" />
<exclusive-end id="6225" timestamp="2019-06-16T02:56:36.398" durationms="3.083" />

<exclusive-start id="6226" timestamp="2019-06-16T02:56:36.405" intervalms="10.236">
  <response-info timems="0.057" idlems="0.057" threads="0" lastid="0000000001916700" lastname="main" />
</exclusive-start>
<allocation-taxation id="6227" taxation-threshold="23068672" timestamp="2019-06-16T02:56:36.405" intervalms="10.181" />
<cycle-start id="6228" type="partial gc" contextid="0" timestamp="2019-06-16T02:56:36.405" intervalms="10.173" />
<gc-start id="6229" type="partial gc" contextid="6228" timestamp="2019-06-16T02:56:36.405">
  <mem-info id="6230" free="16777216" total="65011712" percent="25">
    <mem type="eden" free="1048512" total="24117248" percent="4" />
    <remembered-set count="960" freebytes="2591232" totalbytes="2595072" percent="99" regionsoverflowed="0" regionsstable="18" regionsrebuilding="0"/>
  </mem-info>
</gc-start>
<allocation-stats totalBytes="22924080" >
  <allocated-bytes non-tlh="0" tlh="22924080" arrayletleaf="0"/>
  <largest-consumer threadName="main" threadId="0000000001916700" bytes="22924080" />
</allocation-stats>
<gc-op id="6231" type="copy forward" timems="0.961" contextid="6228" timestamp="2019-06-16T02:56:36.407">
  <memory-copied type="eden" objects="2" bytes="64" bytesdiscarded="0" />
  <memory-copied type="other" objects="0" bytes="0" bytesdiscarded="0" />
  <memory-cardclean objects="8" bytes="344" />
  <regions eden="22" other="1" />
  <remembered-set-cleared processed="48" cleared="0" durationms="0.095" />
  <stringconstants candidates="13697" cleared="0"  />
</gc-op>
<gc-op id="6232" type="classunload" timems="0.003" contextid="6228" timestamp="2019-06-16T02:56:36.407">
  <classunload-info classloadercandidates="53" classloadersunloaded="0" classesunloaded="0" anonymousclassesunloaded="0" quiescems="0.000" setupms="0.003" scanms="0.000" postms="0.000" />
</gc-op>
<gc-end id="6233" type="partial gc" contextid="6228" durationms="1.993" usertimems="0.000" systemtimems="0.000" timestamp="2019-06-16T02:56:36.407" activeThreads="1">
  <mem-info id="6234" free="39845888" total="65011712" percent="61">
    <mem type="eden" free="1048512" total="1048576" percent="99" />
    <remembered-set count="1440" freebytes="2589312" totalbytes="2595072" percent="99" regionsoverflowed="0" regionsstable="18" regionsrebuilding="0"/>
  </mem-info>
</gc-end>
<cycle-end id="6235" type="partial gc" contextid="6228" timestamp="2019-06-16T02:56:36.408" />
  <attribute name="elasticGC enabled" value="1" />
  <attribute name= "numThreadsSpecified" value="1" />
  <attribute name="heapSize specified" value="0" />
  <attribute name="Current GC Util" value="282" />
  <attribute name= "Current Time Running" value="68771" />
  <attribute name ="GC Interval" value="0" />
  <attribute name="ProportionalT" value="393.000000" />
  <attribute name="ProportionalI" value="393.000000" />
  <attribute name="ProportionalH" value="393.000000" />
  <attribute name="Current Error" value="262.000000" />
  <attribute name="IntegralT" value="0.000000" />
  <attribute name="IntegralI" value="0.000000" />
  <attribute name="IntegralH" value="0.000000" />
  <attribute name="DerivativeT" value="inf" />
  <attribute name="DerivativeI" value="inf" />
  <attribute name="DerivativeH" value="inf" />
  <attribute name="Loop Time for DT" value="0.000000" />
  <attribute name="Output H" value="8388608"/>
  <attribute name="Output I" value="200"/>
  <attribute name="Output T" value="1"/>
  <attribute name="Target GC Util Change" value ="20.000000" />
  <attribute name="Current GC Util Change" value="282.000000"/>
  <attribute name="GC Util currently" value="282" />
  <attribute name="CPU Util currently" value="14077271363894" />
<exclusive-end id="6236" timestamp="2019-06-16T02:56:36.408" durationms="2.793" />

<exclusive-start id="6237" timestamp="2019-06-16T02:56:36.415" intervalms="9.965">
  <response-info timems="0.074" idlems="0.074" threads="0" lastid="0000000001916700" lastname="main" />
</exclusive-start>
<allocation-taxation id="6238" taxation-threshold="23068672" timestamp="2019-06-16T02:56:36.415" intervalms="10.000" />
<cycle-start id="6239" type="partial gc" contextid="0" timestamp="2019-06-16T02:56:36.415" intervalms="10.020" />
<gc-start id="6240" type="partial gc" contextid="6239" timestamp="2019-06-16T02:56:36.416">
  <mem-info id="6241" free="16777216" total="65011712" percent="25">
    <mem type="eden" free="1048512" total="24117248" percent="4" />
    <remembered-set count="960" freebytes="2591232" totalbytes="2595072" percent="99" regionsoverflowed="0" regionsstable="18" regionsrebuilding="0"/>
  </mem-info>
</gc-start>
<allocation-stats totalBytes="22924056" >
  <allocated-bytes non-tlh="0" tlh="22924056" arrayletleaf="0"/>
  <largest-consumer threadName="main" threadId="0000000001916700" bytes="22924056" />
</allocation-stats>
<gc-op id="6242" type="copy forward" timems="0.932" contextid="6239" timestamp="2019-06-16T02:56:36.417">
  <memory-copied type="eden" objects="2" bytes="64" bytesdiscarded="0" />
  <memory-copied type="other" objects="0" bytes="0" bytesdiscarded="0" />
  <memory-cardclean objects="8" bytes="344" />
  <regions eden="22" other="1" />
  <remembered-set-cleared processed="48" cleared="0" durationms="0.086" />
  <stringconstants candidates="13697" cleared="0"  />
</gc-op>
<gc-op id="6243" type="classunload" timems="0.003" contextid="6239" timestamp="2019-06-16T02:56:36.417">
  <classunload-info classloadercandidates="53" classloadersunloaded="0" classesunloaded="0" anonymousclassesunloaded="0" quiescems="0.000" setupms="0.003" scanms="0.000" postms="0.000" />
</gc-op>
<gc-end id="6244" type="partial gc" contextid="6239" durationms="2.036" usertimems="4.000" systemtimems="0.000" timestamp="2019-06-16T02:56:36.418" activeThreads="1">
  <mem-info id="6245" free="39845888" total="65011712" percent="61">
    <mem type="eden" free="1048512" total="1048576" percent="99" />
    <remembered-set count="1440" freebytes="2589312" totalbytes="2595072" percent="99" regionsoverflowed="0" regionsstable="18" regionsrebuilding="0"/>
  </mem-info>
</gc-end>
<cycle-end id="6246" type="partial gc" contextid="6239" timestamp="2019-06-16T02:56:36.418" />
  <attribute name="elasticGC enabled" value="1" />
  <attribute name= "numThreadsSpecified" value="1" />
  <attribute name="heapSize specified" value="0" />
  <attribute name="Current GC Util" value="276" />
  <attribute name= "Current Time Running" value="68781" />
  <attribute name ="GC Interval" value="0" />
  <attribute name="ProportionalT" value="384.000000" />
  <attribute name="ProportionalI" value="384.000000" />
  <attribute name="ProportionalH" value="384.000000" />
  <attribute name="Current Error" value="256.000000" />
  <attribute name="IntegralT" value="0.000000" />
  <attribute name="IntegralI" value="0.000000" />
  <attribute name="IntegralH" value="0.000000" />
  <attribute name="DerivativeT" value="inf" />
  <attribute name="DerivativeI" value="inf" />
  <attribute name="DerivativeH" value="inf" />
  <attribute name="Loop Time for DT" value="0.000000" />
  <attribute name="Output H" value="8388608"/>
  <attribute name="Output I" value="200"/>
  <attribute name="Output T" value="1"/>
  <attribute name="Target GC Util Change" value ="20.000000" />
  <attribute name="Current GC Util Change" value="276.000000"/>
  <attribute name="GC Util currently" value="276" />
  <attribute name="CPU Util currently" value="13366392028905" />
<exclusive-end id="6247" timestamp="2019-06-16T02:56:36.418" durationms="3.020" />

<exclusive-start id="6248" timestamp="2019-06-16T02:56:36.425" intervalms="10.136">
  <response-info timems="0.076" idlems="0.076" threads="0" lastid="0000000001916700" lastname="main" />
</exclusive-start>
<allocation-taxation id="6249" taxation-threshold="23068672" timestamp="2019-06-16T02:56:36.425" intervalms="10.087" />
<cycle-start id="6250" type="partial gc" contextid="0" timestamp="2019-06-16T02:56:36.425" intervalms="10.082" />
<gc-start id="6251" type="partial gc" contextid="6250" timestamp="2019-06-16T02:56:36.426">
  <mem-info id="6252" free="16777216" total="65011712" percent="25">
    <mem type="eden" free="1048512" total="24117248" percent="4" />
    <remembered-set count="960" freebytes="2591232" totalbytes="2595072" percent="99" regionsoverflowed="0" regionsstable="18" regionsrebuilding="0"/>
  </mem-info>
</gc-start>
<allocation-stats totalBytes="22924080" >
  <allocated-bytes non-tlh="0" tlh="22924080" arrayletleaf="0"/>
  <largest-consumer threadName="main" threadId="0000000001916700" bytes="22924080" />
</allocation-stats>
<gc-op id="6253" type="copy forward" timems="0.969" contextid="6250" timestamp="2019-06-16T02:56:36.427">
  <memory-copied type="eden" objects="2" bytes="64" bytesdiscarded="0" />
  <memory-copied type="other" objects="0" bytes="0" bytesdiscarded="0" />
  <memory-cardclean objects="8" bytes="344" />
  <regions eden="22" other="1" />
  <remembered-set-cleared processed="48" cleared="0" durationms="0.095" />
  <stringconstants candidates="13697" cleared="0"  />
</gc-op>
<gc-op id="6254" type="classunload" timems="0.003" contextid="6250" timestamp="2019-06-16T02:56:36.428">
  <classunload-info classloadercandidates="53" classloadersunloaded="0" classesunloaded="0" anonymousclassesunloaded="0" quiescems="0.000" setupms="0.003" scanms="0.000" postms="0.000" />
</gc-op>
<gc-end id="6255" type="partial gc" contextid="6250" durationms="2.063" usertimems="0.000" systemtimems="0.000" timestamp="2019-06-16T02:56:36.428" activeThreads="1">
  <mem-info id="6256" free="39845888" total="65011712" percent="61">
    <mem type="eden" free="1048512" total="1048576" percent="99" />
    <remembered-set count="1440" freebytes="2589312" totalbytes="2595072" percent="99" regionsoverflowed="0" regionsstable="18" regionsrebuilding="0"/>
  </mem-info>
</gc-end>
<cycle-end id="6257" type="partial gc" contextid="6250" timestamp="2019-06-16T02:56:36.428" />
  <attribute name="elasticGC enabled" value="1" />
  <attribute name= "numThreadsSpecified" value="1" />
  <attribute name="heapSize specified" value="0" />
  <attribute name="Current GC Util" value="276" />
  <attribute name= "Current Time Running" value="68791" />
  <attribute name ="GC Interval" value="0" />
  <attribute name="ProportionalT" value="384.000000" />
  <attribute name="ProportionalI" value="384.000000" />
  <attribute name="ProportionalH" value="384.000000" />
  <attribute name="Current Error" value="256.000000" />
  <attribute name="IntegralT" value="0.000000" />
  <attribute name="IntegralI" value="0.000000" />
  <attribute name="IntegralH" value="0.000000" />
  <attribute name="DerivativeT" value="inf" />
  <attribute name="DerivativeI" value="inf" />
  <attribute name="DerivativeH" value="inf" />
  <attribute name="Loop Time for DT" value="0.000000" />
  <attribute name="Output H" value="8388608"/>
  <attribute name="Output I" value="200"/>
  <attribute name="Output T" value="1"/>
  <attribute name="Target GC Util Change" value ="20.000000" />
  <attribute name="Current GC Util Change" value="276.000000"/>
  <attribute name="GC Util currently" value="276" />
  <attribute name="CPU Util currently" value="13960126606698" />
<exclusive-end id="6258" timestamp="2019-06-16T02:56:36.428" durationms="3.001" />

<exclusive-start id="6259" timestamp="2019-06-16T02:56:36.435" intervalms="10.198">
  <response-info timems="0.118" idlems="0.118" threads="0" lastid="0000000001916700" lastname="main" />
</exclusive-start>
<allocation-taxation id="6260" taxation-threshold="23068672" timestamp="2019-06-16T02:56:36.435" intervalms="10.239" />
<cycle-start id="6261" type="partial gc" contextid="0" timestamp="2019-06-16T02:56:36.436" intervalms="10.226" />
<gc-start id="6262" type="partial gc" contextid="6261" timestamp="2019-06-16T02:56:36.436">
  <mem-info id="6263" free="16777216" total="65011712" percent="25">
    <mem type="eden" free="1048512" total="24117248" percent="4" />
    <remembered-set count="960" freebytes="2591232" totalbytes="2595072" percent="99" regionsoverflowed="0" regionsstable="18" regionsrebuilding="0"/>
  </mem-info>
</gc-start>
<allocation-stats totalBytes="22924080" >
  <allocated-bytes non-tlh="0" tlh="22924080" arrayletleaf="0"/>
  <largest-consumer threadName="main" threadId="0000000001916700" bytes="22924080" />
</allocation-stats>
<gc-op id="6264" type="copy forward" timems="2.515" contextid="6261" timestamp="2019-06-16T02:56:36.439">
  <memory-copied type="eden" objects="2" bytes="64" bytesdiscarded="0" />
  <memory-copied type="other" objects="0" bytes="0" bytesdiscarded="0" />
  <memory-cardclean objects="8" bytes="344" />
  <regions eden="22" other="1" />
  <remembered-set-cleared processed="48" cleared="0" durationms="0.083" />
  <stringconstants candidates="13697" cleared="0"  />
</gc-op>
<gc-op id="6265" type="classunload" timems="0.004" contextid="6261" timestamp="2019-06-16T02:56:36.439">
  <classunload-info classloadercandidates="53" classloadersunloaded="0" classesunloaded="0" anonymousclassesunloaded="0" quiescems="0.000" setupms="0.004" scanms="0.000" postms="0.000" />
</gc-op>
<gc-end id="6266" type="partial gc" contextid="6261" durationms="3.554" usertimems="8.000" systemtimems="0.000" timestamp="2019-06-16T02:56:36.439" activeThreads="4">
  <mem-info id="6267" free="39845888" total="65011712" percent="61">
    <mem type="eden" free="1048512" total="1048576" percent="99" />
    <remembered-set count="960" freebytes="2591232" totalbytes="2595072" percent="99" regionsoverflowed="0" regionsstable="18" regionsrebuilding="0"/>
  </mem-info>
</gc-end>
<cycle-end id="6268" type="partial gc" contextid="6261" timestamp="2019-06-16T02:56:36.440" />
  <attribute name="elasticGC enabled" value="1" />
  <attribute name= "numThreadsSpecified" value="4" />
  <attribute name="heapSize specified" value="0" />
  <attribute name="Current GC Util" value="292" />
  <attribute name= "Current Time Running" value="68802" />
  <attribute name ="GC Interval" value="0" />
  <attribute name="ProportionalT" value="408.000000" />
  <attribute name="ProportionalI" value="408.000000" />
  <attribute name="ProportionalH" value="408.000000" />
  <attribute name="Current Error" value="272.000000" />
  <attribute name="IntegralT" value="272.000000" />
  <attribute name="IntegralI" value="272.000000" />
  <attribute name="IntegralH" value="272.000000" />
  <attribute name="DerivativeT" value="272.000000" />
  <attribute name="DerivativeI" value="272.000000" />
  <attribute name="DerivativeH" value="272.000000" />
  <attribute name="Loop Time for DT" value="1.000000" />
  <attribute name="Output H" value="8388608"/>
  <attribute name="Output I" value="952"/>
  <attribute name="Output T" value="4"/>
  <attribute name="Target GC Util Change" value ="20.000000" />
  <attribute name="Current GC Util Change" value="292.000000"/>
  <attribute name="GC Util currently" value="292" />
  <attribute name="CPU Util currently" value="13722519450221" />
<exclusive-end id="6269" timestamp="2019-06-16T02:56:36.440" durationms="4.473" />

<exclusive-start id="6270" timestamp="2019-06-16T02:56:36.447" intervalms="11.643">
  <response-info timems="0.081" idlems="0.081" threads="0" lastid="0000000001916700" lastname="main" />
</exclusive-start>
<allocation-taxation id="6271" taxation-threshold="23068672" timestamp="2019-06-16T02:56:36.447" intervalms="11.658" />
<cycle-start id="6272" type="partial gc" contextid="0" timestamp="2019-06-16T02:56:36.447" intervalms="11.654" />
<gc-start id="6273" type="partial gc" contextid="6272" timestamp="2019-06-16T02:56:36.448">
  <mem-info id="6274" free="16777216" total="65011712" percent="25">
    <mem type="eden" free="1048512" total="24117248" percent="4" />
    <remembered-set count="960" freebytes="2591232" totalbytes="2595072" percent="99" regionsoverflowed="0" regionsstable="18" regionsrebuilding="0"/>
  </mem-info>
</gc-start>
<allocation-stats totalBytes="22924056" >
  <allocated-bytes non-tlh="0" tlh="22924056" arrayletleaf="0"/>
  <largest-consumer threadName="main" threadId="0000000001916700" bytes="22924056" />
</allocation-stats>
<gc-op id="6275" type="copy forward" timems="0.981" contextid="6272" timestamp="2019-06-16T02:56:36.449">
  <memory-copied type="eden" objects="2" bytes="64" bytesdiscarded="0" />
  <memory-copied type="other" objects="0" bytes="0" bytesdiscarded="0" />
  <memory-cardclean objects="8" bytes="344" />
  <regions eden="22" other="1" />
  <remembered-set-cleared processed="48" cleared="0" durationms="0.094" />
  <stringconstants candidates="13697" cleared="0"  />
</gc-op>
<gc-op id="6276" type="classunload" timems="0.003" contextid="6272" timestamp="2019-06-16T02:56:36.449">
  <classunload-info classloadercandidates="53" classloadersunloaded="0" classesunloaded="0" anonymousclassesunloaded="0" quiescems="0.000" setupms="0.003" scanms="0.000" postms="0.000" />
</gc-op>
<gc-end id="6277" type="partial gc" contextid="6272" durationms="2.015" usertimems="0.000" systemtimems="0.000" timestamp="2019-06-16T02:56:36.450" activeThreads="1">
  <mem-info id="6278" free="39845888" total="65011712" percent="61">
    <mem type="eden" free="1048512" total="1048576" percent="99" />
    <remembered-set count="1440" freebytes="2589312" totalbytes="2595072" percent="99" regionsoverflowed="0" regionsstable="18" regionsrebuilding="0"/>
  </mem-info>
</gc-end>
<cycle-end id="6279" type="partial gc" contextid="6272" timestamp="2019-06-16T02:56:36.450" />
  <attribute name="elasticGC enabled" value="1" />
  <attribute name= "numThreadsSpecified" value="1" />
  <attribute name="heapSize specified" value="0" />
  <attribute name="Current GC Util" value="167" />
  <attribute name= "Current Time Running" value="68813" />
  <attribute name ="GC Interval" value="0" />
  <attribute name="ProportionalT" value="220.500000" />
  <attribute name="ProportionalI" value="220.500000" />
  <attribute name="ProportionalH" value="220.500000" />
  <attribute name="Current Error" value="147.000000" />
  <attribute name="IntegralT" value="0.000000" />
  <attribute name="IntegralI" value="0.000000" />
  <attribute name="IntegralH" value="0.000000" />
  <attribute name="DerivativeT" value="inf" />
  <attribute name="DerivativeI" value="inf" />
  <attribute name="DerivativeH" value="inf" />
  <attribute name="Loop Time for DT" value="0.000000" />
  <attribute name="Output H" value="8388608"/>
  <attribute name="Output I" value="200"/>
  <attribute name="Output T" value="1"/>
  <attribute name="Target GC Util Change" value ="20.000000" />
  <attribute name="Current GC Util Change" value="167.000000"/>
  <attribute name="GC Util currently" value="167" />
  <attribute name="CPU Util currently" value="14020649164706" />
<exclusive-end id="6280" timestamp="2019-06-16T02:56:36.450" durationms="2.990" />

<exclusive-start id="6281" timestamp="2019-06-16T02:56:36.457" intervalms="10.159">
  <response-info timems="0.068" idlems="0.068" threads="0" lastid="0000000001916700" lastname="main" />
</exclusive-start>
<allocation-taxation id="6282" taxation-threshold="23068672" timestamp="2019-06-16T02:56:36.457" intervalms="10.101" />
<cycle-start id="6283" type="partial gc" contextid="0" timestamp="2019-06-16T02:56:36.457" intervalms="10.150" />
<gc-start id="6284" type="partial gc" contextid="6283" timestamp="2019-06-16T02:56:36.458">
  <mem-info id="6285" free="16777216" total="65011712" percent="25">
    <mem type="eden" free="1048512" total="24117248" percent="4" />
    <remembered-set count="960" freebytes="2591232" totalbytes="2595072" percent="99" regionsoverflowed="0" regionsstable="18" regionsrebuilding="0"/>
  </mem-info>
</gc-start>
<allocation-stats totalBytes="22924080" >
  <allocated-bytes non-tlh="0" tlh="22924080" arrayletleaf="0"/>
  <largest-consumer threadName="main" threadId="0000000001916700" bytes="22924080" />
</allocation-stats>
<gc-op id="6286" type="copy forward" timems="0.964" contextid="6283" timestamp="2019-06-16T02:56:36.459">
  <memory-copied type="eden" objects="2" bytes="64" bytesdiscarded="0" />
  <memory-copied type="other" objects="0" bytes="0" bytesdiscarded="0" />
  <memory-cardclean objects="8" bytes="344" />
  <regions eden="22" other="1" />
  <remembered-set-cleared processed="48" cleared="0" durationms="0.095" />
  <stringconstants candidates="13697" cleared="0"  />
</gc-op>
<gc-op id="6287" type="classunload" timems="0.003" contextid="6283" timestamp="2019-06-16T02:56:36.459">
  <classunload-info classloadercandidates="53" classloadersunloaded="0" classesunloaded="0" anonymousclassesunloaded="0" quiescems="0.000" setupms="0.003" scanms="0.000" postms="0.000" />
</gc-op>
<gc-end id="6288" type="partial gc" contextid="6283" durationms="1.990" usertimems="4.000" systemtimems="0.000" timestamp="2019-06-16T02:56:36.460" activeThreads="1">
  <mem-info id="6289" free="39845888" total="65011712" percent="61">
    <mem type="eden" free="1048512" total="1048576" percent="99" />
    <remembered-set count="1440" freebytes="2589312" totalbytes="2595072" percent="99" regionsoverflowed="0" regionsstable="18" regionsrebuilding="0"/>
  </mem-info>
</gc-end>
<cycle-end id="6290" type="partial gc" contextid="6283" timestamp="2019-06-16T02:56:36.460" />
  <attribute name="elasticGC enabled" value="1" />
  <attribute name= "numThreadsSpecified" value="1" />
  <attribute name="heapSize specified" value="0" />
  <attribute name="Current GC Util" value="313" />
  <attribute name= "Current Time Running" value="68823" />
  <attribute name ="GC Interval" value="0" />
  <attribute name="ProportionalT" value="439.500000" />
  <attribute name="ProportionalI" value="439.500000" />
  <attribute name="ProportionalH" value="439.500000" />
  <attribute name="Current Error" value="293.000000" />
  <attribute name="IntegralT" value="0.000000" />
  <attribute name="IntegralI" value="0.000000" />
  <attribute name="IntegralH" value="0.000000" />
  <attribute name="DerivativeT" value="inf" />
  <attribute name="DerivativeI" value="inf" />
  <attribute name="DerivativeH" value="inf" />
  <attribute name="Loop Time for DT" value="0.000000" />
  <attribute name="Output H" value="8388608"/>
  <attribute name="Output I" value="200"/>
  <attribute name="Output T" value="1"/>
  <attribute name="Target GC Util Change" value ="20.000000" />
  <attribute name="Current GC Util Change" value="313.000000"/>
  <attribute name="GC Util currently" value="313" />
  <attribute name="CPU Util currently" value="14099608791264" />
<exclusive-end id="6291" timestamp="2019-06-16T02:56:36.460" durationms="2.835" />

<exclusive-start id="6292" timestamp="2019-06-16T02:56:36.467" intervalms="10.040">
  <response-info timems="0.074" idlems="0.074" threads="0" lastid="0000000001916700" lastname="main" />
</exclusive-start>
<allocation-taxation id="6293" taxation-threshold="23068672" timestamp="2019-06-16T02:56:36.467" intervalms="10.095" />
<cycle-start id="6294" type="partial gc" contextid="0" timestamp="2019-06-16T02:56:36.468" intervalms="10.060" />
<gc-start id="6295" type="partial gc" contextid="6294" timestamp="2019-06-16T02:56:36.468">
  <mem-info id="6296" free="16777216" total="65011712" percent="25">
    <mem type="eden" free="1048512" total="24117248" percent="4" />
    <remembered-set count="960" freebytes="2591232" totalbytes="2595072" percent="99" regionsoverflowed="0" regionsstable="18" regionsrebuilding="0"/>
  </mem-info>
</gc-start>
<allocation-stats totalBytes="22924056" >
  <allocated-bytes non-tlh="0" tlh="22924056" arrayletleaf="0"/>
  <largest-consumer threadName="main" threadId="0000000001916700" bytes="22924056" />
</allocation-stats>
<gc-op id="6297" type="copy forward" timems="2.984" contextid="6294" timestamp="2019-06-16T02:56:36.472">
  <memory-copied type="eden" objects="2" bytes="64" bytesdiscarded="0" />
  <memory-copied type="other" objects="0" bytes="0" bytesdiscarded="0" />
  <memory-cardclean objects="8" bytes="344" />
  <regions eden="22" other="1" />
  <remembered-set-cleared processed="48" cleared="0" durationms="0.083" />
  <stringconstants candidates="13697" cleared="0"  />
</gc-op>
<gc-op id="6298" type="classunload" timems="0.003" contextid="6294" timestamp="2019-06-16T02:56:36.472">
  <classunload-info classloadercandidates="53" classloadersunloaded="0" classesunloaded="0" anonymousclassesunloaded="0" quiescems="0.000" setupms="0.003" scanms="0.000" postms="0.000" />
</gc-op>
<gc-end id="6299" type="partial gc" contextid="6294" durationms="4.019" usertimems="8.000" systemtimems="0.000" timestamp="2019-06-16T02:56:36.472" activeThreads="4">
  <mem-info id="6300" free="39845888" total="65011712" percent="61">
    <mem type="eden" free="1048512" total="1048576" percent="99" />
    <remembered-set count="960" freebytes="2591232" totalbytes="2595072" percent="99" regionsoverflowed="0" regionsstable="18" regionsrebuilding="0"/>
  </mem-info>
</gc-end>
<cycle-end id="6301" type="partial gc" contextid="6294" timestamp="2019-06-16T02:56:36.472" />
  <attribute name="elasticGC enabled" value="1" />
  <attribute name= "numThreadsSpecified" value="4" />
  <attribute name="heapSize specified" value="0" />
  <attribute name="Current GC Util" value="289" />
  <attribute name= "Current Time Running" value="68834" />
  <attribute name ="GC Interval" value="0" />
  <attribute name="ProportionalT" value="403.500000" />
  <attribute name="ProportionalI" value="403.500000" />
  <attribute name="ProportionalH" value="403.500000" />
  <attribute name="Current Error" value="269.000000" />
  <attribute name="IntegralT" value="269.000000" />
  <attribute name="IntegralI" value="269.000000" />
  <attribute name="IntegralH" value="269.000000" />
  <attribute name="DerivativeT" value="269.000000" />
  <attribute name="DerivativeI" value="269.000000" />
  <attribute name="DerivativeH" value="269.000000" />
  <attribute name="Loop Time for DT" value="1.000000" />
  <attribute name="Output H" value="8388608"/>
  <attribute name="Output I" value="944"/>
  <attribute name="Output T" value="4"/>
  <attribute name="Target GC Util Change" value ="20.000000" />
  <attribute name="Current GC Util Change" value="289.000000"/>
  <attribute name="GC Util currently" value="289" />
  <attribute name="CPU Util currently" value="14039857228717" />
<exclusive-end id="6302" timestamp="2019-06-16T02:56:36.472" durationms="4.961" />

<exclusive-start id="6303" timestamp="2019-06-16T02:56:36.479" intervalms="12.103">
  <response-info timems="0.079" idlems="0.079" threads="0" lastid="0000000001916700" lastname="main" />
</exclusive-start>
<allocation-taxation id="6304" taxation-threshold="23068672" timestamp="2019-06-16T02:56:36.479" intervalms="12.109" />
<cycle-start id="6305" type="partial gc" contextid="0" timestamp="2019-06-16T02:56:36.480" intervalms="12.106" />
<gc-start id="6306" type="partial gc" contextid="6305" timestamp="2019-06-16T02:56:36.480">
  <mem-info id="6307" free="16777216" total="65011712" percent="25">
    <mem type="eden" free="1048512" total="24117248" percent="4" />
    <remembered-set count="960" freebytes="2591232" totalbytes="2595072" percent="99" regionsoverflowed="0" regionsstable="18" regionsrebuilding="0"/>
  </mem-info>
</gc-start>
<allocation-stats totalBytes="22924080" >
  <allocated-bytes non-tlh="0" tlh="22924080" arrayletleaf="0"/>
  <largest-consumer threadName="main" threadId="0000000001916700" bytes="22924080" />
</allocation-stats>
<gc-op id="6308" type="copy forward" timems="2.555" contextid="6305" timestamp="2019-06-16T02:56:36.483">
  <memory-copied type="eden" objects="2" bytes="64" bytesdiscarded="0" />
  <memory-copied type="other" objects="0" bytes="0" bytesdiscarded="0" />
  <memory-cardclean objects="8" bytes="344" />
  <regions eden="22" other="1" />
  <remembered-set-cleared processed="48" cleared="0" durationms="0.080" />
  <stringconstants candidates="13697" cleared="0"  />
</gc-op>
<gc-op id="6309" type="classunload" timems="0.004" contextid="6305" timestamp="2019-06-16T02:56:36.483">
  <classunload-info classloadercandidates="53" classloadersunloaded="0" classesunloaded="0" anonymousclassesunloaded="0" quiescems="0.000" setupms="0.004" scanms="0.000" postms="0.000" />
</gc-op>
<gc-end id="6310" type="partial gc" contextid="6305" durationms="3.654" usertimems="4.000" systemtimems="0.000" timestamp="2019-06-16T02:56:36.483" activeThreads="4">
  <mem-info id="6311" free="39845888" total="65011712" percent="61">
    <mem type="eden" free="1048512" total="1048576" percent="99" />
    <remembered-set count="960" freebytes="2591232" totalbytes="2595072" percent="99" regionsoverflowed="0" regionsstable="18" regionsrebuilding="0"/>
  </mem-info>
</gc-end>
<cycle-end id="6312" type="partial gc" contextid="6305" timestamp="2019-06-16T02:56:36.484" />
  <attribute name="elasticGC enabled" value="1" />
  <attribute name= "numThreadsSpecified" value="4" />
  <attribute name="heapSize specified" value="0" />
  <attribute name="Current GC Util" value="157" />
  <attribute name= "Current Time Running" value="68846" />
  <attribute name ="GC Interval" value="0" />
  <attribute name="ProportionalT" value="205.500000" />
  <attribute name="ProportionalI" value="205.500000" />
  <attribute name="ProportionalH" value="205.500000" />
  <attribute name="Current Error" value="137.000000" />
  <attribute name="IntegralT" value="137.000000" />
  <attribute name="IntegralI" value="137.000000" />
  <attribute name="IntegralH" value="137.000000" />
  <attribute name="DerivativeT" value="91.000000" />
  <attribute name="DerivativeI" value="91.000000" />
  <attribute name="DerivativeH" value="91.000000" />
  <attribute name="Loop Time for DT" value="1.000000" />
  <attribute name="Output H" value="8388608"/>
  <attribute name="Output I" value="440"/>
  <attribute name="Output T" value="4"/>
  <attribute name="Target GC Util Change" value ="20.000000" />
  <attribute name="Current GC Util Change" value="157.000000"/>
  <attribute name="GC Util currently" value="157" />
  <attribute name="CPU Util currently" value="13753007388617" />
<exclusive-end id="6313" timestamp="2019-06-16T02:56:36.484" durationms="4.630" />

<exclusive-start id="6314" timestamp="2019-06-16T02:56:36.491" intervalms="11.737">
  <response-info timems="0.071" idlems="0.071" threads="0" lastid="0000000001916700" lastname="main" />
</exclusive-start>
<allocation-taxation id="6315" taxation-threshold="23068672" timestamp="2019-06-16T02:56:36.491" intervalms="11.727" />
<cycle-start id="6316" type="partial gc" contextid="0" timestamp="2019-06-16T02:56:36.491" intervalms="11.718" />
<gc-start id="6317" type="partial gc" contextid="6316" timestamp="2019-06-16T02:56:36.491">
  <mem-info id="6318" free="16777216" total="65011712" percent="25">
    <mem type="eden" free="1048512" total="24117248" percent="4" />
    <remembered-set count="960" freebytes="2591232" totalbytes="2595072" percent="99" regionsoverflowed="0" regionsstable="18" regionsrebuilding="0"/>
  </mem-info>
</gc-start>
<allocation-stats totalBytes="22924080" >
  <allocated-bytes non-tlh="0" tlh="22924080" arrayletleaf="0"/>
  <largest-consumer threadName="main" threadId="0000000001916700" bytes="22924080" />
</allocation-stats>
<gc-op id="6319" type="copy forward" timems="0.967" contextid="6316" timestamp="2019-06-16T02:56:36.493">
  <memory-copied type="eden" objects="2" bytes="64" bytesdiscarded="0" />
  <memory-copied type="other" objects="0" bytes="0" bytesdiscarded="0" />
  <memory-cardclean objects="8" bytes="344" />
  <regions eden="22" other="1" />
  <remembered-set-cleared processed="48" cleared="0" durationms="0.100" />
  <stringconstants candidates="13697" cleared="0"  />
</gc-op>
<gc-op id="6320" type="classunload" timems="0.003" contextid="6316" timestamp="2019-06-16T02:56:36.493">
  <classunload-info classloadercandidates="53" classloadersunloaded="0" classesunloaded="0" anonymousclassesunloaded="0" quiescems="0.000" setupms="0.003" scanms="0.000" postms="0.000" />
</gc-op>
<gc-end id="6321" type="partial gc" contextid="6316" durationms="2.013" usertimems="4.000" systemtimems="0.000" timestamp="2019-06-16T02:56:36.493" activeThreads="1">
  <mem-info id="6322" free="39845888" total="65011712" percent="61">
    <mem type="eden" free="1048512" total="1048576" percent="99" />
    <remembered-set count="1440" freebytes="2589312" totalbytes="2595072" percent="99" regionsoverflowed="0" regionsstable="18" regionsrebuilding="0"/>
  </mem-info>
</gc-end>
<cycle-end id="6323" type="partial gc" contextid="6316" timestamp="2019-06-16T02:56:36.494" />
  <attribute name="elasticGC enabled" value="1" />
  <attribute name= "numThreadsSpecified" value="1" />
  <attribute name="heapSize specified" value="0" />
  <attribute name="Current GC Util" value="154" />
  <attribute name= "Current Time Running" value="68857" />
  <attribute name ="GC Interval" value="0" />
  <attribute name="ProportionalT" value="201.000000" />
  <attribute name="ProportionalI" value="201.000000" />
  <attribute name="ProportionalH" value="201.000000" />
  <attribute name="Current Error" value="134.000000" />
  <attribute name="IntegralT" value="0.000000" />
  <attribute name="IntegralI" value="0.000000" />
  <attribute name="IntegralH" value="0.000000" />
  <attribute name="DerivativeT" value="inf" />
  <attribute name="DerivativeI" value="inf" />
  <attribute name="DerivativeH" value="inf" />
  <attribute name="Loop Time for DT" value="0.000000" />
  <attribute name="Output H" value="8388608"/>
  <attribute name="Output I" value="200"/>
  <attribute name="Output T" value="1"/>
  <attribute name="Target GC Util Change" value ="20.000000" />
  <attribute name="Current GC Util Change" value="154.000000"/>
  <attribute name="GC Util currently" value="154" />
  <attribute name="CPU Util currently" value="14081483796641" />
<exclusive-end id="6324" timestamp="2019-06-16T02:56:36.494" durationms="2.949" />

<exclusive-start id="6325" timestamp="2019-06-16T02:56:36.501" intervalms="10.051">
  <response-info timems="0.076" idlems="0.076" threads="0" lastid="0000000001916700" lastname="main" />
</exclusive-start>
<allocation-taxation id="6326" taxation-threshold="23068672" timestamp="2019-06-16T02:56:36.501" intervalms="10.002" />
<cycle-start id="6327" type="partial gc" contextid="0" timestamp="2019-06-16T02:56:36.501" intervalms="10.005" />
<gc-start id="6328" type="partial gc" contextid="6327" timestamp="2019-06-16T02:56:36.502">
  <mem-info id="6329" free="16777216" total="65011712" percent="25">
    <mem type="eden" free="1048512" total="24117248" percent="4" />
    <remembered-set count="960" freebytes="2591232" totalbytes="2595072" percent="99" regionsoverflowed="0" regionsstable="18" regionsrebuilding="0"/>
  </mem-info>
</gc-start>
<allocation-stats totalBytes="22924056" >
  <allocated-bytes non-tlh="0" tlh="22924056" arrayletleaf="0"/>
  <largest-consumer threadName="main" threadId="0000000001916700" bytes="22924056" />
</allocation-stats>
<gc-op id="6330" type="copy forward" timems="0.960" contextid="6327" timestamp="2019-06-16T02:56:36.503">
  <memory-copied type="eden" objects="2" bytes="64" bytesdiscarded="0" />
  <memory-copied type="other" objects="0" bytes="0" bytesdiscarded="0" />
  <memory-cardclean objects="8" bytes="344" />
  <regions eden="22" other="1" />
  <remembered-set-cleared processed="48" cleared="0" durationms="0.095" />
  <stringconstants candidates="13697" cleared="0"  />
</gc-op>
<gc-op id="6331" type="classunload" timems="0.003" contextid="6327" timestamp="2019-06-16T02:56:36.503">
  <classunload-info classloadercandidates="53" classloadersunloaded="0" classesunloaded="0" anonymousclassesunloaded="0" quiescems="0.000" setupms="0.002" scanms="0.000" postms="0.000" />
</gc-op>
<gc-end id="6332" type="partial gc" contextid="6327" durationms="1.991" usertimems="4.000" systemtimems="0.000" timestamp="2019-06-16T02:56:36.504" activeThreads="1">
  <mem-info id="6333" free="39845888" total="65011712" percent="61">
    <mem type="eden" free="1048512" total="1048576" percent="99" />
    <remembered-set count="1440" freebytes="2589312" totalbytes="2595072" percent="99" regionsoverflowed="0" regionsstable="18" regionsrebuilding="0"/>
  </mem-info>
</gc-end>
<cycle-end id="6334" type="partial gc" contextid="6327" timestamp="2019-06-16T02:56:36.504" />
  <attribute name="elasticGC enabled" value="1" />
  <attribute name= "numThreadsSpecified" value="1" />
  <attribute name="heapSize specified" value="0" />
  <attribute name="Current GC Util" value="275" />
  <attribute name= "Current Time Running" value="68867" />
  <attribute name ="GC Interval" value="0" />
  <attribute name="ProportionalT" value="382.500000" />
  <attribute name="ProportionalI" value="382.500000" />
  <attribute name="ProportionalH" value="382.500000" />
  <attribute name="Current Error" value="255.000000" />
  <attribute name="IntegralT" value="0.000000" />
  <attribute name="IntegralI" value="0.000000" />
  <attribute name="IntegralH" value="0.000000" />
  <attribute name="DerivativeT" value="inf" />
  <attribute name="DerivativeI" value="inf" />
  <attribute name="DerivativeH" value="inf" />
  <attribute name="Loop Time for DT" value="0.000000" />
  <attribute name="Output H" value="8388608"/>
  <attribute name="Output I" value="200"/>
  <attribute name="Output T" value="1"/>
  <attribute name="Target GC Util Change" value ="20.000000" />
  <attribute name="Current GC Util Change" value="275.000000"/>
  <attribute name="GC Util currently" value="275" />
  <attribute name="CPU Util currently" value="14065335502862" />
<exclusive-end id="6335" timestamp="2019-06-16T02:56:36.504" durationms="2.919" />

<exclusive-start id="6336" timestamp="2019-06-16T02:56:36.541" intervalms="40.355">
  <response-info timems="0.075" idlems="0.075" threads="0" lastid="0000000001916700" lastname="main" />
</exclusive-start>
<allocation-taxation id="6337" taxation-threshold="23068672" timestamp="2019-06-16T02:56:36.542" intervalms="40.404" />
<cycle-start id="6338" type="partial gc" contextid="0" timestamp="2019-06-16T02:56:36.542" intervalms="40.436" />
<gc-start id="6339" type="partial gc" contextid="6338" timestamp="2019-06-16T02:56:36.542">
  <mem-info id="6340" free="16777216" total="65011712" percent="25">
    <mem type="eden" free="1048512" total="24117248" percent="4" />
    <remembered-set count="960" freebytes="2591232" totalbytes="2595072" percent="99" regionsoverflowed="0" regionsstable="18" regionsrebuilding="0"/>
  </mem-info>
</gc-start>
<allocation-stats totalBytes="23061984" >
  <allocated-bytes non-tlh="0" tlh="23061984" arrayletleaf="0"/>
  <largest-consumer threadName="main" threadId="0000000001916700" bytes="23061984" />
</allocation-stats>
<gc-op id="6341" type="copy forward" timems="2.786" contextid="6338" timestamp="2019-06-16T02:56:36.546">
  <memory-copied type="eden" objects="151" bytes="4976" bytesdiscarded="648" />
  <memory-copied type="other" objects="0" bytes="0" bytesdiscarded="0" />
  <memory-cardclean objects="57" bytes="1928" />
  <regions eden="22" other="1" />
  <remembered-set-cleared processed="48" cleared="4" durationms="0.083" />
  <stringconstants candidates="13697" cleared="0"  />
</gc-op>
<gc-op id="6342" type="classunload" timems="0.003" contextid="6338" timestamp="2019-06-16T02:56:36.546">
  <classunload-info classloadercandidates="53" classloadersunloaded="0" classesunloaded="0" anonymousclassesunloaded="0" quiescems="0.000" setupms="0.003" scanms="0.000" postms="0.000" />
</gc-op>
<gc-end id="6343" type="partial gc" contextid="6338" durationms="3.844" usertimems="8.000" systemtimems="0.000" timestamp="2019-06-16T02:56:36.546" activeThreads="4">
  <mem-info id="6344" free="39845888" total="65011712" percent="61">
    <mem type="eden" free="1042952" total="1048576" percent="99" />
    <remembered-set count="1952" freebytes="2587264" totalbytes="2595072" percent="99" regionsoverflowed="0" regionsstable="18" regionsrebuilding="0"/>
  </mem-info>
</gc-end>
<cycle-end id="6345" type="partial gc" contextid="6338" timestamp="2019-06-16T02:56:36.546" />
  <attribute name="elasticGC enabled" value="1" />
  <attribute name= "numThreadsSpecified" value="4" />
  <attribute name="heapSize specified" value="0" />
  <attribute name="Current GC Util" value="272" />
  <attribute name= "Current Time Running" value="68908" />
  <attribute name ="GC Interval" value="0" />
  <attribute name="ProportionalT" value="378.000000" />
  <attribute name="ProportionalI" value="378.000000" />
  <attribute name="ProportionalH" value="378.000000" />
  <attribute name="Current Error" value="252.000000" />
  <attribute name="IntegralT" value="252.000000" />
  <attribute name="IntegralI" value="252.000000" />
  <attribute name="IntegralH" value="252.000000" />
  <attribute name="DerivativeT" value="252.000000" />
  <attribute name="DerivativeI" value="252.000000" />
  <attribute name="DerivativeH" value="252.000000" />
  <attribute name="Loop Time for DT" value="1.000000" />
  <attribute name="Output H" value="8388608"/>
  <attribute name="Output I" value="888"/>
  <attribute name="Output T" value="4"/>
  <attribute name="Target GC Util Change" value ="20.000000" />
  <attribute name="Current GC Util Change" value="272.000000"/>
  <attribute name="GC Util currently" value="272" />
  <attribute name="CPU Util currently" value="13951004629295" />
<exclusive-end id="6346" timestamp="2019-06-16T02:56:36.546" durationms="4.837" />

<exclusive-start id="6347" timestamp="2019-06-16T02:56:36.589" intervalms="47.546">
  <response-info timems="0.101" idlems="0.101" threads="0" lastid="0000000001916700" lastname="main" />
</exclusive-start>
<allocation-taxation id="6348" taxation-threshold="23068672" timestamp="2019-06-16T02:56:36.589" intervalms="47.560" />
<cycle-start id="6349" type="partial gc" contextid="0" timestamp="2019-06-16T02:56:36.589" intervalms="47.544" />
<gc-start id="6350" type="partial gc" contextid="6349" timestamp="2019-06-16T02:56:36.590">
  <mem-info id="6351" free="16777216" total="65011712" percent="25">
    <mem type="eden" free="0" total="23068672" percent="0" />
    <remembered-set count="1952" freebytes="2587264" totalbytes="2595072" percent="99" regionsoverflowed="0" regionsstable="18" regionsrebuilding="0"/>
  </mem-info>
</gc-start>
<allocation-stats totalBytes="23065296" >
  <allocated-bytes non-tlh="0" tlh="23065296" arrayletleaf="0"/>
  <largest-consumer threadName="main" threadId="0000000001916700" bytes="23065296" />
</allocation-stats>
<gc-op id="6352" type="copy forward" timems="1.040" contextid="6349" timestamp="2019-06-16T02:56:36.591">
  <memory-copied type="eden" objects="236" bytes="7744" bytesdiscarded="0" />
  <memory-copied type="other" objects="7" bytes="168" bytesdiscarded="0" />
  <memory-cardclean objects="108" bytes="11408" />
  <regions eden="22" other="1" />
  <remembered-set-cleared processed="46" cleared="7" durationms="0.097" />
  <references type="weak" candidates="37" cleared="0" enqueued="0" />
  <stringconstants candidates="13697" cleared="0"  />
</gc-op>
<gc-op id="6353" type="classunload" timems="0.003" contextid="6349" timestamp="2019-06-16T02:56:36.591">
  <classunload-info classloadercandidates="53" classloadersunloaded="0" classesunloaded="0" anonymousclassesunloaded="0" quiescems="0.000" setupms="0.003" scanms="0.000" postms="0.000" />
</gc-op>
<gc-end id="6354" type="partial gc" contextid="6349" durationms="2.187" usertimems="4.000" systemtimems="0.000" timestamp="2019-06-16T02:56:36.592" activeThreads="1">
  <mem-info id="6355" free="38797312" total="65011712" percent="59">
    <mem type="eden" free="1040784" total="1048576" percent="99" />
    <remembered-set count="2368" freebytes="2585600" totalbytes="2595072" percent="99" regionsoverflowed="0" regionsstable="18" regionsrebuilding="0"/>
  </mem-info>
</gc-end>
<cycle-end id="6356" type="partial gc" contextid="6349" timestamp="2019-06-16T02:56:36.592" />
  <attribute name="elasticGC enabled" value="1" />
  <attribute name= "numThreadsSpecified" value="1" />
  <attribute name="heapSize specified" value="0" />
  <attribute name="Current GC Util" value="215" />
  <attribute name= "Current Time Running" value="68955" />
  <attribute name ="GC Interval" value="0" />
  <attribute name="ProportionalT" value="292.500000" />
  <attribute name="ProportionalI" value="292.500000" />
  <attribute name="ProportionalH" value="292.500000" />
  <attribute name="Current Error" value="195.000000" />
  <attribute name="IntegralT" value="0.000000" />
  <attribute name="IntegralI" value="0.000000" />
  <attribute name="IntegralH" value="0.000000" />
  <attribute name="DerivativeT" value="inf" />
  <attribute name="DerivativeI" value="inf" />
  <attribute name="DerivativeH" value="inf" />
  <attribute name="Loop Time for DT" value="0.000000" />
  <attribute name="Output H" value="8388608"/>
  <attribute name="Output I" value="200"/>
  <attribute name="Output T" value="1"/>
  <attribute name="Target GC Util Change" value ="20.000000" />
  <attribute name="Current GC Util Change" value="215.000000"/>
  <attribute name="GC Util currently" value="215" />
  <attribute name="CPU Util currently" value="13867021313364" />
<exclusive-end id="6357" timestamp="2019-06-16T02:56:36.592" durationms="3.205" />

<exclusive-start id="6358" timestamp="2019-06-16T02:56:36.625" intervalms="36.503">
  <response-info timems="0.072" idlems="0.072" threads="0" lastid="0000000001916700" lastname="main" />
</exclusive-start>
<allocation-taxation id="6359" taxation-threshold="23068672" timestamp="2019-06-16T02:56:36.626" intervalms="36.500" />
<cycle-start id="6360" type="partial gc" contextid="0" timestamp="2019-06-16T02:56:36.626" intervalms="36.493" />
<gc-start id="6361" type="partial gc" contextid="6360" timestamp="2019-06-16T02:56:36.626">
  <mem-info id="6362" free="15728640" total="65011712" percent="24">
    <mem type="eden" free="0" total="23068672" percent="0" />
    <remembered-set count="1920" freebytes="2587392" totalbytes="2595072" percent="99" regionsoverflowed="0" regionsstable="18" regionsrebuilding="0"/>
  </mem-info>
</gc-start>
<allocation-stats totalBytes="23065728" >
  <allocated-bytes non-tlh="0" tlh="23065728" arrayletleaf="0"/>
  <largest-consumer threadName="main" threadId="0000000001916700" bytes="23065728" />
</allocation-stats>
<gc-op id="6363" type="copy forward" timems="1.079" contextid="6360" timestamp="2019-06-16T02:56:36.628">
  <memory-copied type="eden" objects="126" bytes="3896" bytesdiscarded="0" />
  <memory-copied type="other" objects="113" bytes="3976" bytesdiscarded="0" />
  <memory-cardclean objects="59" bytes="10120" />
  <regions eden="22" other="1" />
  <remembered-set-cleared processed="48" cleared="6" durationms="0.097" />
  <references type="weak" candidates="37" cleared="0" enqueued="0" />
  <stringconstants candidates="13697" cleared="0"  />
</gc-op>
<gc-op id="6364" type="classunload" timems="0.003" contextid="6360" timestamp="2019-06-16T02:56:36.628">
  <classunload-info classloadercandidates="53" classloadersunloaded="0" classesunloaded="0" anonymousclassesunloaded="0" quiescems="0.000" setupms="0.003" scanms="0.000" postms="0.000" />
</gc-op>
<gc-end id="6365" type="partial gc" contextid="6360" durationms="2.245" usertimems="4.000" systemtimems="0.000" timestamp="2019-06-16T02:56:36.628" activeThreads="1">
  <mem-info id="6366" free="37748736" total="65011712" percent="58">
    <mem type="eden" free="1044680" total="1048576" percent="99" />
    <remembered-set count="2400" freebytes="2585472" totalbytes="2595072" percent="99" regionsoverflowed="0" regionsstable="18" regionsrebuilding="0"/>
  </mem-info>
</gc-end>
<cycle-end id="6367" type="partial gc" contextid="6360" timestamp="2019-06-16T02:56:36.628" />
  <attribute name="elasticGC enabled" value="1" />
  <attribute name= "numThreadsSpecified" value="1" />
  <attribute name="heapSize specified" value="0" />
  <attribute name="Current GC Util" value="255" />
  <attribute name= "Current Time Running" value="68992" />
  <attribute name ="GC Interval" value="0" />
  <attribute name="ProportionalT" value="352.500000" />
  <attribute name="ProportionalI" value="352.500000" />
  <attribute name="ProportionalH" value="352.500000" />
  <attribute name="Current Error" value="235.000000" />
  <attribute name="IntegralT" value="0.000000" />
  <attribute name="IntegralI" value="0.000000" />
  <attribute name="IntegralH" value="0.000000" />
  <attribute name="DerivativeT" value="inf" />
  <attribute name="DerivativeI" value="inf" />
  <attribute name="DerivativeH" value="inf" />
  <attribute name="Loop Time for DT" value="0.000000" />
  <attribute name="Output H" value="8388608"/>
  <attribute name="Output I" value="200"/>
  <attribute name="Output T" value="1"/>
  <attribute name="Target GC Util Change" value ="20.000000" />
  <attribute name="Current GC Util Change" value="255.000000"/>
  <attribute name="GC Util currently" value="255" />
  <attribute name="CPU Util currently" value="12562615618291" />
<exclusive-end id="6368" timestamp="2019-06-16T02:56:36.629" durationms="3.213" />

<exclusive-start id="6369" timestamp="2019-06-16T02:56:36.645" intervalms="19.715">
  <response-info timems="0.116" idlems="0.116" threads="0" lastid="0000000001916700" lastname="main" />
</exclusive-start>
<allocation-taxation id="6370" taxation-threshold="11534336" timestamp="2019-06-16T02:56:36.645" intervalms="19.728" />
<cycle-start id="6371" type="global mark phase" contextid="0" timestamp="2019-06-16T02:56:36.646" intervalms="492.637" />
<gc-start id="6372" type="global mark phase" contextid="6371" timestamp="2019-06-16T02:56:36.646">
  <mem-info id="6373" free="26214400" total="65011712" percent="40">
    <remembered-set count="1952" freebytes="2587264" totalbytes="2595072" percent="99" regionsoverflowed="0" regionsstable="18" regionsrebuilding="0"/>
  </mem-info>
</gc-start>
<gc-op id="6374" type="mark increment" timems="0.992" contextid="6371" timestamp="2019-06-16T02:56:36.647">
  <trace-info objectcount="191" scancount="0" scanbytes="0" />
</gc-op>
<gc-end id="6375" type="global mark phase" contextid="6371" durationms="1.293" usertimems="4.000" systemtimems="0.000" timestamp="2019-06-16T02:56:36.647" activeThreads="1">
  <mem-info id="6376" free="26214400" total="65011712" percent="40">
    <remembered-set count="1952" freebytes="2587264" totalbytes="2595072" percent="99" regionsoverflowed="0" regionsstable="0" regionsrebuilding="18"/>
  </mem-info>
</gc-end>
<concurrent-start id="6377" type="GMP work packet processing" contextid="6371" timestamp="2019-06-16T02:56:36.647">
  <concurrent-mark-start scanTarget="1048576" />
</concurrent-start>
<exclusive-end id="6378" timestamp="2019-06-16T02:56:36.647" durationms="2.232" />

<concurrent-end id="6379" type="GMP work packet processing" contextid="6371" timestamp="2019-06-16T02:56:36.650">
  <concurrent-mark-end bytesScanned="1164352" reasonForTermination="Work target met" />
</concurrent-end>

<exclusive-start id="6380" timestamp="2019-06-16T02:56:36.664" intervalms="18.908">
  <response-info timems="0.083" idlems="0.083" threads="0" lastid="0000000001916700" lastname="main" />
</exclusive-start>
<allocation-taxation id="6381" taxation-threshold="11534336" timestamp="2019-06-16T02:56:36.664" intervalms="18.890" />
<cycle-start id="6382" type="partial gc" contextid="0" timestamp="2019-06-16T02:56:36.664" intervalms="38.635" />
<gc-start id="6383" type="partial gc" contextid="6382" timestamp="2019-06-16T02:56:36.665">
  <mem-info id="6384" free="14680064" total="65011712" percent="22">
    <mem type="eden" free="1044680" total="24117248" percent="4" />
    <remembered-set count="13632" freebytes="2540544" totalbytes="2595072" percent="97" regionsoverflowed="0" regionsstable="0" regionsrebuilding="18"/>
  </mem-info>
</gc-start>
<allocation-stats totalBytes="23065824" >
  <allocated-bytes non-tlh="0" tlh="23065824" arrayletleaf="0"/>
  <largest-consumer threadName="main" threadId="0000000001916700" bytes="11532928" />
</allocation-stats>
<gc-op id="6385" type="copy forward" timems="2.806" contextid="6382" timestamp="2019-06-16T02:56:36.668">
  <memory-copied type="eden" objects="129" bytes="3968" bytesdiscarded="0" />
  <memory-copied type="other" objects="0" bytes="0" bytesdiscarded="0" />
  <memory-cardclean objects="16" bytes="800" />
  <regions eden="22" other="1" />
  <remembered-set-cleared processed="11227" cleared="78" durationms="0.115" />
  <stringconstants candidates="13697" cleared="0"  />
</gc-op>
<gc-op id="6386" type="classunload" timems="0.004" contextid="6382" timestamp="2019-06-16T02:56:36.668">
  <classunload-info classloadercandidates="53" classloadersunloaded="0" classesunloaded="0" anonymousclassesunloaded="0" quiescems="0.000" setupms="0.003" scanms="0.000" postms="0.000" />
</gc-op>
<gc-end id="6387" type="partial gc" contextid="6382" durationms="3.952" usertimems="8.000" systemtimems="0.000" timestamp="2019-06-16T02:56:36.669" activeThreads="4">
  <mem-info id="6388" free="37748736" total="65011712" percent="58">
    <mem type="eden" free="1044608" total="1048576" percent="99" />
    <remembered-set count="13376" freebytes="2541568" totalbytes="2595072" percent="97" regionsoverflowed="0" regionsstable="0" regionsrebuilding="18"/>
  </mem-info>
</gc-end>
<cycle-end id="6389" type="partial gc" contextid="6382" timestamp="2019-06-16T02:56:36.669" />
  <attribute name="elasticGC enabled" value="1" />
  <attribute name= "numThreadsSpecified" value="4" />
  <attribute name="heapSize specified" value="0" />
  <attribute name="Current GC Util" value="164" />
  <attribute name= "Current Time Running" value="69031" />
  <attribute name ="GC Interval" value="0" />
  <attribute name="ProportionalT" value="216.000000" />
  <attribute name="ProportionalI" value="216.000000" />
  <attribute name="ProportionalH" value="216.000000" />
  <attribute name="Current Error" value="144.000000" />
  <attribute name="IntegralT" value="144.000000" />
  <attribute name="IntegralI" value="144.000000" />
  <attribute name="IntegralH" value="144.000000" />
  <attribute name="DerivativeT" value="132.000000" />
  <attribute name="DerivativeI" value="132.000000" />
  <attribute name="DerivativeH" value="132.000000" />
  <attribute name="Loop Time for DT" value="1.000000" />
  <attribute name="Output H" value="8388608"/>
  <attribute name="Output I" value="496"/>
  <attribute name="Output T" value="4"/>
  <attribute name="Target GC Util Change" value ="20.000000" />
  <attribute name="Current GC Util Change" value="164.000000"/>
  <attribute name="GC Util currently" value="164" />
  <attribute name="CPU Util currently" value="14243006006307" />
<exclusive-end id="6390" timestamp="2019-06-16T02:56:36.669" durationms="5.005" />

<exclusive-start id="6391" timestamp="2019-06-16T02:56:36.683" intervalms="19.307">
  <response-info timems="0.073" idlems="0.073" threads="0" lastid="0000000001916700" lastname="main" />
</exclusive-start>
<allocation-taxation id="6392" taxation-threshold="11534336" timestamp="2019-06-16T02:56:36.684" intervalms="19.309" />
<gc-start id="6393" type="global mark phase" contextid="6371" timestamp="2019-06-16T02:56:36.684">
  <mem-info id="6394" free="26214400" total="65011712" percent="40">
    <remembered-set count="13376" freebytes="2541568" totalbytes="2595072" percent="97" regionsoverflowed="0" regionsstable="0" regionsrebuilding="18"/>
  </mem-info>
</gc-start>
<gc-end id="6395" type="global mark phase" contextid="6371" durationms="0.076" usertimems="0.000" systemtimems="0.000" timestamp="2019-06-16T02:56:36.684" activeThreads="4">
  <mem-info id="6396" free="26214400" total="65011712" percent="40">
    <remembered-set count="13376" freebytes="2541568" totalbytes="2595072" percent="97" regionsoverflowed="0" regionsstable="0" regionsrebuilding="18"/>
  </mem-info>
</gc-end>
<concurrent-start id="6397" type="GMP work packet processing" contextid="6371" timestamp="2019-06-16T02:56:36.684">
  <concurrent-mark-start scanTarget="1639120" />
</concurrent-start>
<exclusive-end id="6398" timestamp="2019-06-16T02:56:36.684" durationms="0.945" />

<concurrent-end id="6399" type="GMP work packet processing" contextid="6371" timestamp="2019-06-16T02:56:36.686">
  <concurrent-mark-end bytesScanned="1688132" reasonForTermination="Work target met" />
</concurrent-end>

<exclusive-start id="6400" timestamp="2019-06-16T02:56:36.688" intervalms="4.564">
  <response-info timems="0.077" idlems="0.077" threads="0" lastid="0000000001916700" lastname="main" />
</exclusive-start>
<allocation-taxation id="6401" taxation-threshold="11534336" timestamp="2019-06-16T02:56:36.688" intervalms="4.499" />
<cycle-start id="6402" type="partial gc" contextid="0" timestamp="2019-06-16T02:56:36.688" intervalms="23.769" />
<gc-start id="6403" type="partial gc" contextid="6402" timestamp="2019-06-16T02:56:36.688">
  <mem-info id="6404" free="14680064" total="65011712" percent="22">
    <mem type="eden" free="1044608" total="24117248" percent="4" />
    <remembered-set count="31328" freebytes="2469760" totalbytes="2595072" percent="95" regionsoverflowed="0" regionsstable="0" regionsrebuilding="18"/>
  </mem-info>
</gc-start>
<allocation-stats totalBytes="23056688" >
  <allocated-bytes non-tlh="0" tlh="23056688" arrayletleaf="0"/>
  <largest-consumer threadName="main" threadId="0000000001916700" bytes="11524768" />
</allocation-stats>
<gc-op id="6405" type="copy forward" timems="1.408" contextid="6402" timestamp="2019-06-16T02:56:36.691">
  <memory-copied type="eden" objects="135" bytes="4408" bytesdiscarded="0" />
  <memory-copied type="other" objects="0" bytes="0" bytesdiscarded="0" />
  <memory-cardclean objects="55" bytes="1968" />
  <regions eden="22" other="1" />
  <remembered-set-cleared processed="29082" cleared="73" durationms="0.279" />
  <stringconstants candidates="13697" cleared="0"  />
</gc-op>
<gc-op id="6406" type="classunload" timems="0.022" contextid="6402" timestamp="2019-06-16T02:56:36.691">
  <classunload-info classloadercandidates="53" classloadersunloaded="0" classesunloaded="0" anonymousclassesunloaded="0" quiescems="0.000" setupms="0.022" scanms="0.000" postms="0.000" />
</gc-op>
<heap-resize id="6407" type="expand" space="default" amount="3145728" count="1" timems="0.060" reason="excessive time being spent in gc" timestamp="2019-06-16T02:56:36.691" />
<gc-end id="6408" type="partial gc" contextid="6402" durationms="2.820" usertimems="4.000" systemtimems="0.000" timestamp="2019-06-16T02:56:36.691" activeThreads="1">
  <mem-info id="6409" free="40894464" total="68157440" percent="60">
    <mem type="eden" free="1044168" total="1048576" percent="99" />
    <remembered-set count="31648" freebytes="2594048" totalbytes="2720640" percent="95" regionsoverflowed="0" regionsstable="0" regionsrebuilding="18"/>
  </mem-info>
</gc-end>
<cycle-end id="6410" type="partial gc" contextid="6402" timestamp="2019-06-16T02:56:36.691" />
  <attribute name="elasticGC enabled" value="1" />
  <attribute name= "numThreadsSpecified" value="1" />
  <attribute name="heapSize specified" value="0" />
  <attribute name="Current GC Util" value="211" />
  <attribute name= "Current Time Running" value="69054" />
  <attribute name ="GC Interval" value="0" />
  <attribute name="ProportionalT" value="286.500000" />
  <attribute name="ProportionalI" value="286.500000" />
  <attribute name="ProportionalH" value="286.500000" />
  <attribute name="Current Error" value="191.000000" />
  <attribute name="IntegralT" value="0.000000" />
  <attribute name="IntegralI" value="0.000000" />
  <attribute name="IntegralH" value="0.000000" />
  <attribute name="DerivativeT" value="inf" />
  <attribute name="DerivativeI" value="inf" />
  <attribute name="DerivativeH" value="inf" />
  <attribute name="Loop Time for DT" value="0.000000" />
  <attribute name="Output H" value="8388608"/>
  <attribute name="Output I" value="200"/>
  <attribute name="Output T" value="1"/>
  <attribute name="Target GC Util Change" value ="20.000000" />
  <attribute name="Current GC Util Change" value="211.000000"/>
  <attribute name="GC Util currently" value="211" />
  <attribute name="CPU Util currently" value="11861850807310" />
<exclusive-end id="6411" timestamp="2019-06-16T02:56:36.692" durationms="3.755" />

<exclusive-start id="6412" timestamp="2019-06-16T02:56:36.695" intervalms="7.279">
  <response-info timems="0.073" idlems="0.073" threads="0" lastid="0000000001916700" lastname="main" />
</exclusive-start>
<allocation-taxation id="6413" taxation-threshold="11534336" timestamp="2019-06-16T02:56:36.695" intervalms="7.315" />
<gc-start id="6414" type="global mark phase" contextid="6371" timestamp="2019-06-16T02:56:36.696">
  <mem-info id="6415" free="29360128" total="68157440" percent="43">
    <remembered-set count="31200" freebytes="2595840" totalbytes="2720640" percent="95" regionsoverflowed="0" regionsstable="0" regionsrebuilding="18"/>
  </mem-info>
</gc-start>
<gc-end id="6416" type="global mark phase" contextid="6371" durationms="0.168" usertimems="0.000" systemtimems="0.000" timestamp="2019-06-16T02:56:36.696" activeThreads="1">
  <mem-info id="6417" free="29360128" total="68157440" percent="43">
    <remembered-set count="31200" freebytes="2595840" totalbytes="2720640" percent="95" regionsoverflowed="0" regionsstable="0" regionsrebuilding="18"/>
  </mem-info>
</gc-end>
<concurrent-start id="6418" type="GMP work packet processing" contextid="6371" timestamp="2019-06-16T02:56:36.696">
  <concurrent-mark-start scanTarget="1048576" />
</concurrent-start>
<exclusive-end id="6419" timestamp="2019-06-16T02:56:36.696" durationms="0.948" />

<concurrent-end id="6420" type="GMP work packet processing" contextid="6371" timestamp="2019-06-16T02:56:36.697">
  <concurrent-mark-end bytesScanned="1100204" reasonForTermination="Work target met" />
</concurrent-end>

<exclusive-start id="6421" timestamp="2019-06-16T02:56:36.700" intervalms="4.541">
  <response-info timems="0.052" idlems="0.052" threads="0" lastid="0000000001916700" lastname="main" />
</exclusive-start>
<allocation-taxation id="6422" taxation-threshold="11534336" timestamp="2019-06-16T02:56:36.700" intervalms="4.489" />
<cycle-start id="6423" type="partial gc" contextid="0" timestamp="2019-06-16T02:56:36.700" intervalms="11.788" />
<gc-start id="6424" type="partial gc" contextid="6423" timestamp="2019-06-16T02:56:36.700">
  <mem-info id="6425" free="17825792" total="68157440" percent="26">
    <mem type="eden" free="0" total="23068672" percent="0" />
    <remembered-set count="42496" freebytes="2550656" totalbytes="2720640" percent="93" regionsoverflowed="0" regionsstable="0" regionsrebuilding="18"/>
  </mem-info>
</gc-start>
<allocation-stats totalBytes="23056320" >
  <allocated-bytes non-tlh="0" tlh="23056320" arrayletleaf="0"/>
  <largest-consumer threadName="main" threadId="0000000001916700" bytes="11528520" />
</allocation-stats>
<gc-op id="6426" type="copy forward" timems="1.511" contextid="6423" timestamp="2019-06-16T02:56:36.703">
  <memory-copied type="eden" objects="6" bytes="384" bytesdiscarded="0" />
  <memory-copied type="other" objects="130" bytes="4016" bytesdiscarded="0" />
  <memory-cardclean objects="41" bytes="1672" />
  <regions eden="22" other="1" />
  <remembered-set-cleared processed="40255" cleared="54" durationms="0.343" />
  <stringconstants candidates="13697" cleared="0"  />
</gc-op>
<gc-op id="6427" type="classunload" timems="0.003" contextid="6423" timestamp="2019-06-16T02:56:36.703">
  <classunload-info classloadercandidates="53" classloadersunloaded="0" classesunloaded="0" anonymousclassesunloaded="0" quiescems="0.000" setupms="0.003" scanms="0.000" postms="0.000" />
</gc-op>
<heap-resize id="6428" type="expand" space="default" amount="3145728" count="1" timems="0.058" reason="excessive time being spent in gc" timestamp="2019-06-16T02:56:36.703" />
<gc-end id="6429" type="partial gc" contextid="6423" durationms="2.932" usertimems="4.000" systemtimems="0.000" timestamp="2019-06-16T02:56:36.703" activeThreads="1">
  <mem-info id="6430" free="42991616" total="71303168" percent="60">
    <mem type="eden" free="1048192" total="1048576" percent="99" />
    <remembered-set count="42944" freebytes="2674432" totalbytes="2846208" percent="93" regionsoverflowed="0" regionsstable="0" regionsrebuilding="18"/>
  </mem-info>
</gc-end>
<cycle-end id="6431" type="partial gc" contextid="6423" timestamp="2019-06-16T02:56:36.703" />
  <attribute name="elasticGC enabled" value="1" />
  <attribute name= "numThreadsSpecified" value="1" />
  <attribute name="heapSize specified" value="0" />
  <attribute name="Current GC Util" value="159" />
  <attribute name= "Current Time Running" value="69066" />
  <attribute name ="GC Interval" value="0" />
  <attribute name="ProportionalT" value="208.500000" />
  <attribute name="ProportionalI" value="208.500000" />
  <attribute name="ProportionalH" value="208.500000" />
  <attribute name="Current Error" value="139.000000" />
  <attribute name="IntegralT" value="0.000000" />
  <attribute name="IntegralI" value="0.000000" />
  <attribute name="IntegralH" value="0.000000" />
  <attribute name="DerivativeT" value="inf" />
  <attribute name="DerivativeI" value="inf" />
  <attribute name="DerivativeH" value="inf" />
  <attribute name="Loop Time for DT" value="0.000000" />
  <attribute name="Output H" value="8388608"/>
  <attribute name="Output I" value="200"/>
  <attribute name="Output T" value="1"/>
  <attribute name="Target GC Util Change" value ="20.000000" />
  <attribute name="Current GC Util Change" value="159.000000"/>
  <attribute name="GC Util currently" value="159" />
  <attribute name="CPU Util currently" value="13718600626059" />
<exclusive-end id="6432" timestamp="2019-06-16T02:56:36.703" durationms="3.803" />

<exclusive-start id="6433" timestamp="2019-06-16T02:56:36.707" intervalms="7.314">
  <response-info timems="0.066" idlems="0.066" threads="0" lastid="0000000001916700" lastname="main" />
</exclusive-start>
<allocation-taxation id="6434" taxation-threshold="11534336" timestamp="2019-06-16T02:56:36.707" intervalms="7.354" />
<gc-start id="6435" type="global mark phase" contextid="6371" timestamp="2019-06-16T02:56:36.707">
  <mem-info id="6436" free="31457280" total="71303168" percent="44">
    <remembered-set count="42528" freebytes="2676096" totalbytes="2846208" percent="94" regionsoverflowed="0" regionsstable="0" regionsrebuilding="18"/>
  </mem-info>
</gc-start>
<gc-end id="6437" type="global mark phase" contextid="6371" durationms="0.154" usertimems="0.000" systemtimems="0.000" timestamp="2019-06-16T02:56:36.708" activeThreads="1">
  <mem-info id="6438" free="31457280" total="71303168" percent="44">
    <remembered-set count="42528" freebytes="2676096" totalbytes="2846208" percent="94" regionsoverflowed="0" regionsstable="0" regionsrebuilding="18"/>
  </mem-info>
</gc-end>
<concurrent-start id="6439" type="GMP work packet processing" contextid="6371" timestamp="2019-06-16T02:56:36.708">
  <concurrent-mark-start scanTarget="1048576" />
</concurrent-start>
<exclusive-end id="6440" timestamp="2019-06-16T02:56:36.708" durationms="0.863" />

<concurrent-end id="6441" type="GMP work packet processing" contextid="6371" timestamp="2019-06-16T02:56:36.709">
  <concurrent-mark-end bytesScanned="1098680" reasonForTermination="Work target met" />
</concurrent-end>

<exclusive-start id="6442" timestamp="2019-06-16T02:56:36.711" intervalms="4.369">
  <response-info timems="0.024" idlems="0.024" threads="0" lastid="0000000001916700" lastname="main" />
</exclusive-start>
<allocation-taxation id="6443" taxation-threshold="11534336" timestamp="2019-06-16T02:56:36.712" intervalms="4.351" />
<cycle-start id="6444" type="partial gc" contextid="0" timestamp="2019-06-16T02:56:36.712" intervalms="11.730" />
<gc-start id="6445" type="partial gc" contextid="6444" timestamp="2019-06-16T02:56:36.712">
  <mem-info id="6446" free="19922944" total="71303168" percent="27">
    <mem type="eden" free="1048192" total="24117248" percent="4" />
    <remembered-set count="53504" freebytes="2632192" totalbytes="2846208" percent="92" regionsoverflowed="0" regionsstable="0" regionsrebuilding="18"/>
  </mem-info>
</gc-start>
<allocation-stats totalBytes="23057112" >
  <allocated-bytes non-tlh="0" tlh="23057112" arrayletleaf="0"/>
  <largest-consumer threadName="main" threadId="0000000001916700" bytes="11528600" />
</allocation-stats>
<gc-op id="6447" type="copy forward" timems="3.212" contextid="6444" timestamp="2019-06-16T02:56:36.716">
  <memory-copied type="eden" objects="6" bytes="360" bytesdiscarded="0" />
  <memory-copied type="other" objects="0" bytes="0" bytesdiscarded="0" />
  <memory-cardclean objects="15" bytes="512" />
  <regions eden="22" other="1" />
  <remembered-set-cleared processed="51811" cleared="10" durationms="0.305" />
  <stringconstants candidates="13697" cleared="0"  />
</gc-op>
<gc-op id="6448" type="classunload" timems="0.004" contextid="6444" timestamp="2019-06-16T02:56:36.716">
  <classunload-info classloadercandidates="53" classloadersunloaded="0" classesunloaded="0" anonymousclassesunloaded="0" quiescems="0.000" setupms="0.004" scanms="0.000" postms="0.000" />
</gc-op>
<gc-end id="6449" type="partial gc" contextid="6444" durationms="4.367" usertimems="8.000" systemtimems="0.000" timestamp="2019-06-16T02:56:36.716" activeThreads="4">
  <mem-info id="6450" free="42991616" total="71303168" percent="60">
    <mem type="eden" free="1048216" total="1048576" percent="99" />
    <remembered-set count="53632" freebytes="2631680" totalbytes="2846208" percent="92" regionsoverflowed="0" regionsstable="0" regionsrebuilding="18"/>
  </mem-info>
</gc-end>
<cycle-end id="6451" type="partial gc" contextid="6444" timestamp="2019-06-16T02:56:36.716" />
  <attribute name="elasticGC enabled" value="1" />
  <attribute name= "numThreadsSpecified" value="4" />
  <attribute name="heapSize specified" value="0" />
  <attribute name="Current GC Util" value="158" />
  <attribute name= "Current Time Running" value="69078" />
  <attribute name ="GC Interval" value="0" />
  <attribute name="ProportionalT" value="207.000000" />
  <attribute name="ProportionalI" value="207.000000" />
  <attribute name="ProportionalH" value="207.000000" />
  <attribute name="Current Error" value="138.000000" />
  <attribute name="IntegralT" value="138.000000" />
  <attribute name="IntegralI" value="138.000000" />
  <attribute name="IntegralH" value="138.000000" />
  <attribute name="DerivativeT" value="92.000000" />
  <attribute name="DerivativeI" value="92.000000" />
  <attribute name="DerivativeH" value="92.000000" />
  <attribute name="Loop Time for DT" value="1.000000" />
  <attribute name="Output H" value="8388608"/>
  <attribute name="Output I" value="440"/>
  <attribute name="Output T" value="4"/>
  <attribute name="Target GC Util Change" value ="20.000000" />
  <attribute name="Current GC Util Change" value="158.000000"/>
  <attribute name="GC Util currently" value="158" />
  <attribute name="CPU Util currently" value="13680468531911" />
<exclusive-end id="6452" timestamp="2019-06-16T02:56:36.717" durationms="5.312" />

<exclusive-start id="6453" timestamp="2019-06-16T02:56:36.720" intervalms="8.836">
  <response-info timems="0.074" idlems="0.074" threads="0" lastid="0000000001916700" lastname="main" />
</exclusive-start>
<allocation-taxation id="6454" taxation-threshold="11534336" timestamp="2019-06-16T02:56:36.720" intervalms="8.861" />
<gc-start id="6455" type="global mark phase" contextid="6371" timestamp="2019-06-16T02:56:36.721">
  <mem-info id="6456" free="31457280" total="71303168" percent="44">
    <remembered-set count="53632" freebytes="2631680" totalbytes="2846208" percent="92" regionsoverflowed="0" regionsstable="0" regionsrebuilding="18"/>
  </mem-info>
</gc-start>
<gc-end id="6457" type="global mark phase" contextid="6371" durationms="0.167" usertimems="0.000" systemtimems="0.000" timestamp="2019-06-16T02:56:36.721" activeThreads="4">
  <mem-info id="6458" free="31457280" total="71303168" percent="44">
    <remembered-set count="53632" freebytes="2631680" totalbytes="2846208" percent="92" regionsoverflowed="0" regionsstable="0" regionsrebuilding="18"/>
  </mem-info>
</gc-end>
<concurrent-start id="6459" type="GMP work packet processing" contextid="6371" timestamp="2019-06-16T02:56:36.721">
  <concurrent-mark-start scanTarget="1639120" />
</concurrent-start>
<exclusive-end id="6460" timestamp="2019-06-16T02:56:36.721" durationms="0.991" />

<concurrent-end id="6461" type="GMP work packet processing" contextid="6371" timestamp="2019-06-16T02:56:36.723">
  <concurrent-mark-end bytesScanned="1676120" reasonForTermination="Work target met" />
</concurrent-end>

<exclusive-start id="6462" timestamp="2019-06-16T02:56:36.725" intervalms="4.622">
  <response-info timems="0.077" idlems="0.077" threads="0" lastid="0000000001916700" lastname="main" />
</exclusive-start>
<allocation-taxation id="6463" taxation-threshold="11534336" timestamp="2019-06-16T02:56:36.725" intervalms="4.602" />
<cycle-start id="6464" type="partial gc" contextid="0" timestamp="2019-06-16T02:56:36.725" intervalms="13.422" />
<gc-start id="6465" type="partial gc" contextid="6464" timestamp="2019-06-16T02:56:36.725">
  <mem-info id="6466" free="19922944" total="71303168" percent="27">
    <mem type="eden" free="1048216" total="24117248" percent="4" />
    <remembered-set count="63904" freebytes="2590592" totalbytes="2846208" percent="91" regionsoverflowed="0" regionsstable="0" regionsrebuilding="18"/>
  </mem-info>
</gc-start>
<allocation-stats totalBytes="23056376" >
  <allocated-bytes non-tlh="0" tlh="23056376" arrayletleaf="0"/>
  <largest-consumer threadName="main" threadId="0000000001916700" bytes="11528416" />
</allocation-stats>
<gc-op id="6467" type="copy forward" timems="1.579" contextid="6464" timestamp="2019-06-16T02:56:36.728">
  <memory-copied type="eden" objects="6" bytes="320" bytesdiscarded="0" />
  <memory-copied type="other" objects="0" bytes="0" bytesdiscarded="0" />
  <memory-cardclean objects="15" bytes="512" />
  <regions eden="22" other="1" />
  <remembered-set-cleared processed="61441" cleared="9" durationms="0.451" />
  <stringconstants candidates="13697" cleared="0"  />
</gc-op>
<gc-op id="6468" type="classunload" timems="0.003" contextid="6464" timestamp="2019-06-16T02:56:36.728">
  <classunload-info classloadercandidates="53" classloadersunloaded="0" classesunloaded="0" anonymousclassesunloaded="0" quiescems="0.000" setupms="0.003" scanms="0.000" postms="0.000" />
</gc-op>
<gc-end id="6469" type="partial gc" contextid="6464" durationms="2.607" usertimems="0.000" systemtimems="0.000" timestamp="2019-06-16T02:56:36.728" activeThreads="1">
  <mem-info id="6470" free="42991616" total="71303168" percent="60">
    <mem type="eden" free="1048256" total="1048576" percent="99" />
    <remembered-set count="64352" freebytes="2588800" totalbytes="2846208" percent="90" regionsoverflowed="0" regionsstable="0" regionsrebuilding="18"/>
  </mem-info>
</gc-end>
<cycle-end id="6471" type="partial gc" contextid="6464" timestamp="2019-06-16T02:56:36.728" />
  <attribute name="elasticGC enabled" value="1" />
  <attribute name= "numThreadsSpecified" value="1" />
  <attribute name="heapSize specified" value="0" />
  <attribute name="Current GC Util" value="228" />
  <attribute name= "Current Time Running" value="69091" />
  <attribute name ="GC Interval" value="0" />
  <attribute name="ProportionalT" value="312.000000" />
  <attribute name="ProportionalI" value="312.000000" />
  <attribute name="ProportionalH" value="312.000000" />
  <attribute name="Current Error" value="208.000000" />
  <attribute name="IntegralT" value="0.000000" />
  <attribute name="IntegralI" value="0.000000" />
  <attribute name="IntegralH" value="0.000000" />
  <attribute name="DerivativeT" value="inf" />
  <attribute name="DerivativeI" value="inf" />
  <attribute name="DerivativeH" value="inf" />
  <attribute name="Loop Time for DT" value="0.000000" />
  <attribute name="Output H" value="8388608"/>
  <attribute name="Output I" value="200"/>
  <attribute name="Output T" value="1"/>
  <attribute name="Target GC Util Change" value ="20.000000" />
  <attribute name="Current GC Util Change" value="228.000000"/>
  <attribute name="GC Util currently" value="228" />
  <attribute name="CPU Util currently" value="14202694574373" />
<exclusive-end id="6472" timestamp="2019-06-16T02:56:36.728" durationms="3.432" />

<exclusive-start id="6473" timestamp="2019-06-16T02:56:36.732" intervalms="7.037">
  <response-info timems="0.065" idlems="0.065" threads="0" lastid="0000000001916700" lastname="main" />
</exclusive-start>
<allocation-taxation id="6474" taxation-threshold="11534336" timestamp="2019-06-16T02:56:36.732" intervalms="7.071" />
<gc-start id="6475" type="global mark phase" contextid="6371" timestamp="2019-06-16T02:56:36.732">
  <mem-info id="6476" free="31457280" total="71303168" percent="44">
    <remembered-set count="63872" freebytes="2590720" totalbytes="2846208" percent="91" regionsoverflowed="0" regionsstable="0" regionsrebuilding="18"/>
  </mem-info>
</gc-start>
<gc-end id="6477" type="global mark phase" contextid="6371" durationms="0.145" usertimems="0.000" systemtimems="0.000" timestamp="2019-06-16T02:56:36.732" activeThreads="1">
  <mem-info id="6478" free="31457280" total="71303168" percent="44">
    <remembered-set count="63872" freebytes="2590720" totalbytes="2846208" percent="91" regionsoverflowed="0" regionsstable="0" regionsrebuilding="18"/>
  </mem-info>
</gc-end>
<concurrent-start id="6479" type="GMP work packet processing" contextid="6371" timestamp="2019-06-16T02:56:36.733">
  <concurrent-mark-start scanTarget="1048576" />
</concurrent-start>
<exclusive-end id="6480" timestamp="2019-06-16T02:56:36.733" durationms="0.799" />

<concurrent-end id="6481" type="GMP work packet processing" contextid="6371" timestamp="2019-06-16T02:56:36.734">
  <concurrent-mark-end bytesScanned="1092804" reasonForTermination="Work target met" />
</concurrent-end>

<exclusive-start id="6482" timestamp="2019-06-16T02:56:36.736" intervalms="4.279">
  <response-info timems="0.028" idlems="0.028" threads="0" lastid="0000000001916700" lastname="main" />
</exclusive-start>
<allocation-taxation id="6483" taxation-threshold="11534336" timestamp="2019-06-16T02:56:36.736" intervalms="4.199" />
<cycle-start id="6484" type="partial gc" contextid="0" timestamp="2019-06-16T02:56:36.736" intervalms="11.260" />
<gc-start id="6485" type="partial gc" contextid="6484" timestamp="2019-06-16T02:56:36.737">
  <mem-info id="6486" free="19922944" total="71303168" percent="27">
    <mem type="eden" free="1048256" total="24117248" percent="4" />
    <remembered-set count="73120" freebytes="2553728" totalbytes="2846208" percent="89" regionsoverflowed="0" regionsstable="0" regionsrebuilding="18"/>
  </mem-info>
</gc-start>
<allocation-stats totalBytes="23056448" >
  <allocated-bytes non-tlh="0" tlh="23056448" arrayletleaf="0"/>
  <largest-consumer threadName="main" threadId="0000000001916700" bytes="11528544" />
</allocation-stats>
<gc-op id="6487" type="copy forward" timems="1.605" contextid="6484" timestamp="2019-06-16T02:56:36.739">
  <memory-copied type="eden" objects="6" bytes="272" bytesdiscarded="0" />
  <memory-copied type="other" objects="0" bytes="0" bytesdiscarded="0" />
  <memory-cardclean objects="15" bytes="512" />
  <regions eden="22" other="1" />
  <remembered-set-cleared processed="71031" cleared="9" durationms="0.496" />
  <stringconstants candidates="13697" cleared="0"  />
</gc-op>
<gc-op id="6488" type="classunload" timems="0.003" contextid="6484" timestamp="2019-06-16T02:56:36.739">
  <classunload-info classloadercandidates="53" classloadersunloaded="0" classesunloaded="0" anonymousclassesunloaded="0" quiescems="0.000" setupms="0.003" scanms="0.000" postms="0.000" />
</gc-op>
<gc-end id="6489" type="partial gc" contextid="6484" durationms="2.550" usertimems="4.000" systemtimems="0.000" timestamp="2019-06-16T02:56:36.739" activeThreads="1">
  <mem-info id="6490" free="42991616" total="71303168" percent="60">
    <mem type="eden" free="1048304" total="1048576" percent="99" />
    <remembered-set count="73600" freebytes="2551808" totalbytes="2846208" percent="89" regionsoverflowed="0" regionsstable="0" regionsrebuilding="18"/>
  </mem-info>
</gc-end>
<cycle-end id="6491" type="partial gc" contextid="6484" timestamp="2019-06-16T02:56:36.739" />
  <attribute name="elasticGC enabled" value="1" />
  <attribute name= "numThreadsSpecified" value="1" />
  <attribute name="heapSize specified" value="0" />
  <attribute name="Current GC Util" value="165" />
  <attribute name= "Current Time Running" value="69102" />
  <attribute name ="GC Interval" value="0" />
  <attribute name="ProportionalT" value="217.500000" />
  <attribute name="ProportionalI" value="217.500000" />
  <attribute name="ProportionalH" value="217.500000" />
  <attribute name="Current Error" value="145.000000" />
  <attribute name="IntegralT" value="0.000000" />
  <attribute name="IntegralI" value="0.000000" />
  <attribute name="IntegralH" value="0.000000" />
  <attribute name="DerivativeT" value="inf" />
  <attribute name="DerivativeI" value="inf" />
  <attribute name="DerivativeH" value="inf" />
  <attribute name="Loop Time for DT" value="0.000000" />
  <attribute name="Output H" value="8388608"/>
  <attribute name="Output I" value="200"/>
  <attribute name="Output T" value="1"/>
  <attribute name="Target GC Util Change" value ="20.000000" />
  <attribute name="Current GC Util Change" value="165.000000"/>
  <attribute name="GC Util currently" value="165" />
  <attribute name="CPU Util currently" value="13434260108758" />
<exclusive-end id="6492" timestamp="2019-06-16T02:56:36.739" durationms="3.266" />

<exclusive-start id="6493" timestamp="2019-06-16T02:56:36.743" intervalms="6.885">
  <response-info timems="0.075" idlems="0.075" threads="0" lastid="0000000001916700" lastname="main" />
</exclusive-start>
<allocation-taxation id="6494" taxation-threshold="11534336" timestamp="2019-06-16T02:56:36.743" intervalms="6.967" />
<gc-start id="6495" type="global mark phase" contextid="6371" timestamp="2019-06-16T02:56:36.743">
  <mem-info id="6496" free="31457280" total="71303168" percent="44">
    <remembered-set count="73120" freebytes="2553728" totalbytes="2846208" percent="89" regionsoverflowed="0" regionsstable="0" regionsrebuilding="18"/>
  </mem-info>
</gc-start>
<gc-end id="6497" type="global mark phase" contextid="6371" durationms="0.158" usertimems="0.000" systemtimems="0.000" timestamp="2019-06-16T02:56:36.744" activeThreads="1">
  <mem-info id="6498" free="31457280" total="71303168" percent="44">
    <remembered-set count="73120" freebytes="2553728" totalbytes="2846208" percent="89" regionsoverflowed="0" regionsstable="0" regionsrebuilding="18"/>
  </mem-info>
</gc-end>
<concurrent-start id="6499" type="GMP work packet processing" contextid="6371" timestamp="2019-06-16T02:56:36.744">
  <concurrent-mark-start scanTarget="1048576" />
</concurrent-start>
<exclusive-end id="6500" timestamp="2019-06-16T02:56:36.744" durationms="0.817" />

<concurrent-end id="6501" type="GMP work packet processing" contextid="6371" timestamp="2019-06-16T02:56:36.745">
  <concurrent-mark-end bytesScanned="1083068" reasonForTermination="Work target met" />
</concurrent-end>

<exclusive-start id="6502" timestamp="2019-06-16T02:56:36.747" intervalms="4.379">
  <response-info timems="0.074" idlems="0.074" threads="0" lastid="0000000001916700" lastname="main" />
</exclusive-start>
<allocation-taxation id="6503" taxation-threshold="11534336" timestamp="2019-06-16T02:56:36.748" intervalms="4.340" />
<cycle-start id="6504" type="partial gc" contextid="0" timestamp="2019-06-16T02:56:36.748" intervalms="11.326" />
<gc-start id="6505" type="partial gc" contextid="6504" timestamp="2019-06-16T02:56:36.748">
  <mem-info id="6506" free="19922944" total="71303168" percent="27">
    <mem type="eden" free="1048304" total="24117248" percent="4" />
    <remembered-set count="85152" freebytes="2505600" totalbytes="2846208" percent="88" regionsoverflowed="0" regionsstable="0" regionsrebuilding="18"/>
  </mem-info>
</gc-start>
<allocation-stats totalBytes="23057192" >
  <allocated-bytes non-tlh="0" tlh="23057192" arrayletleaf="0"/>
  <largest-consumer threadName="main" threadId="0000000001916700" bytes="11528624" />
</allocation-stats>
<gc-op id="6507" type="copy forward" timems="3.311" contextid="6504" timestamp="2019-06-16T02:56:36.752">
  <memory-copied type="eden" objects="6" bytes="240" bytesdiscarded="0" />
  <memory-copied type="other" objects="0" bytes="0" bytesdiscarded="0" />
  <memory-cardclean objects="15" bytes="512" />
  <regions eden="22" other="1" />
  <remembered-set-cleared processed="82863" cleared="9" durationms="0.390" />
  <stringconstants candidates="13697" cleared="0"  />
</gc-op>
<gc-op id="6508" type="classunload" timems="0.003" contextid="6504" timestamp="2019-06-16T02:56:36.752">
  <classunload-info classloadercandidates="53" classloadersunloaded="0" classesunloaded="0" anonymousclassesunloaded="0" quiescems="0.000" setupms="0.003" scanms="0.000" postms="0.000" />
</gc-op>
<gc-end id="6509" type="partial gc" contextid="6504" durationms="4.311" usertimems="12.000" systemtimems="0.000" timestamp="2019-06-16T02:56:36.752" activeThreads="4">
  <mem-info id="6510" free="42991616" total="71303168" percent="60">
    <mem type="eden" free="1048336" total="1048576" percent="99" />
    <remembered-set count="84896" freebytes="2506624" totalbytes="2846208" percent="88" regionsoverflowed="0" regionsstable="0" regionsrebuilding="18"/>
  </mem-info>
</gc-end>
<cycle-end id="6511" type="partial gc" contextid="6504" timestamp="2019-06-16T02:56:36.752" />
  <attribute name="elasticGC enabled" value="1" />
  <attribute name= "numThreadsSpecified" value="4" />
  <attribute name="heapSize specified" value="0" />
  <attribute name="Current GC Util" value="154" />
  <attribute name= "Current Time Running" value="69114" />
  <attribute name ="GC Interval" value="0" />
  <attribute name="ProportionalT" value="201.000000" />
  <attribute name="ProportionalI" value="201.000000" />
  <attribute name="ProportionalH" value="201.000000" />
  <attribute name="Current Error" value="134.000000" />
  <attribute name="IntegralT" value="134.000000" />
  <attribute name="IntegralI" value="134.000000" />
  <attribute name="IntegralH" value="134.000000" />
  <attribute name="DerivativeT" value="82.000000" />
  <attribute name="DerivativeI" value="82.000000" />
  <attribute name="DerivativeH" value="82.000000" />
  <attribute name="Loop Time for DT" value="1.000000" />
  <attribute name="Output H" value="8388608"/>
  <attribute name="Output I" value="424"/>
  <attribute name="Output T" value="4"/>
  <attribute name="Target GC Util Change" value ="20.000000" />
  <attribute name="Current GC Util Change" value="154.000000"/>
  <attribute name="GC Util currently" value="154" />
  <attribute name="CPU Util currently" value="14040455650093" />
<exclusive-end id="6512" timestamp="2019-06-16T02:56:36.753" durationms="5.103" />

<exclusive-start id="6513" timestamp="2019-06-16T02:56:36.756" intervalms="8.731">
  <response-info timems="0.075" idlems="0.075" threads="0" lastid="0000000001916700" lastname="main" />
</exclusive-start>
<allocation-taxation id="6514" taxation-threshold="11534336" timestamp="2019-06-16T02:56:36.756" intervalms="8.743" />
<gc-start id="6515" type="global mark phase" contextid="6371" timestamp="2019-06-16T02:56:36.757">
  <mem-info id="6516" free="31457280" total="71303168" percent="44">
    <remembered-set count="84896" freebytes="2506624" totalbytes="2846208" percent="88" regionsoverflowed="0" regionsstable="0" regionsrebuilding="18"/>
  </mem-info>
</gc-start>
<gc-end id="6517" type="global mark phase" contextid="6371" durationms="0.159" usertimems="0.000" systemtimems="0.000" timestamp="2019-06-16T02:56:36.757" activeThreads="4">
  <mem-info id="6518" free="31457280" total="71303168" percent="44">
    <remembered-set count="84896" freebytes="2506624" totalbytes="2846208" percent="88" regionsoverflowed="0" regionsstable="0" regionsrebuilding="18"/>
  </mem-info>
</gc-end>
<concurrent-start id="6519" type="GMP work packet processing" contextid="6371" timestamp="2019-06-16T02:56:36.757">
  <concurrent-mark-start scanTarget="1639120" />
</concurrent-start>
<exclusive-end id="6520" timestamp="2019-06-16T02:56:36.757" durationms="0.781" />

<concurrent-end id="6521" type="GMP work packet processing" contextid="6371" timestamp="2019-06-16T02:56:36.758">
  <concurrent-mark-end bytesScanned="1687140" reasonForTermination="Work target met" />
</concurrent-end>

<exclusive-start id="6522" timestamp="2019-06-16T02:56:36.760" intervalms="4.279">
  <response-info timems="0.068" idlems="0.068" threads="0" lastid="0000000001916700" lastname="main" />
</exclusive-start>
<allocation-taxation id="6523" taxation-threshold="11534336" timestamp="2019-06-16T02:56:36.761" intervalms="4.235" />
<cycle-start id="6524" type="partial gc" contextid="0" timestamp="2019-06-16T02:56:36.761" intervalms="12.917" />
<gc-start id="6525" type="partial gc" contextid="6524" timestamp="2019-06-16T02:56:36.761">
  <mem-info id="6526" free="19922944" total="71303168" percent="27">
    <mem type="eden" free="1048336" total="24117248" percent="4" />
    <remembered-set count="94368" freebytes="2468736" totalbytes="2846208" percent="86" regionsoverflowed="0" regionsstable="0" regionsrebuilding="18"/>
  </mem-info>
</gc-start>
<allocation-stats totalBytes="23056360" >
  <allocated-bytes non-tlh="0" tlh="23056360" arrayletleaf="0"/>
  <largest-consumer threadName="main" threadId="0000000001916700" bytes="11528704" />
</allocation-stats>
<gc-op id="6527" type="copy forward" timems="1.663" contextid="6524" timestamp="2019-06-16T02:56:36.763">
  <memory-copied type="eden" objects="8" bytes="192" bytesdiscarded="0" />
  <memory-copied type="other" objects="0" bytes="0" bytesdiscarded="0" />
  <memory-cardclean objects="15" bytes="512" />
  <regions eden="22" other="1" />
  <remembered-set-cleared processed="92126" cleared="9" durationms="0.587" />
  <stringconstants candidates="13697" cleared="0"  />
</gc-op>
<gc-op id="6528" type="classunload" timems="0.003" contextid="6524" timestamp="2019-06-16T02:56:36.763">
  <classunload-info classloadercandidates="53" classloadersunloaded="0" classesunloaded="0" anonymousclassesunloaded="0" quiescems="0.000" setupms="0.003" scanms="0.000" postms="0.000" />
</gc-op>
<gc-end id="6529" type="partial gc" contextid="6524" durationms="2.635" usertimems="4.000" systemtimems="0.000" timestamp="2019-06-16T02:56:36.763" activeThreads="1">
  <mem-info id="6530" free="42991616" total="71303168" percent="60">
    <mem type="eden" free="1048384" total="1048576" percent="99" />
    <remembered-set count="94816" freebytes="2466944" totalbytes="2846208" percent="86" regionsoverflowed="0" regionsstable="0" regionsrebuilding="18"/>
  </mem-info>
</gc-end>
<cycle-end id="6531" type="partial gc" contextid="6524" timestamp="2019-06-16T02:56:36.764" />
  <attribute name="elasticGC enabled" value="1" />
  <attribute name= "numThreadsSpecified" value="1" />
  <attribute name="heapSize specified" value="0" />
  <attribute name="Current GC Util" value="154" />
  <attribute name= "Current Time Running" value="69126" />
  <attribute name ="GC Interval" value="0" />
  <attribute name="ProportionalT" value="201.000000" />
  <attribute name="ProportionalI" value="201.000000" />
  <attribute name="ProportionalH" value="201.000000" />
  <attribute name="Current Error" value="134.000000" />
  <attribute name="IntegralT" value="0.000000" />
  <attribute name="IntegralI" value="0.000000" />
  <attribute name="IntegralH" value="0.000000" />
  <attribute name="DerivativeT" value="inf" />
  <attribute name="DerivativeI" value="inf" />
  <attribute name="DerivativeH" value="inf" />
  <attribute name="Loop Time for DT" value="0.000000" />
  <attribute name="Output H" value="8388608"/>
  <attribute name="Output I" value="200"/>
  <attribute name="Output T" value="1"/>
  <attribute name="Target GC Util Change" value ="20.000000" />
  <attribute name="Current GC Util Change" value="154.000000"/>
  <attribute name="GC Util currently" value="154" />
  <attribute name="CPU Util currently" value="14097065890068" />
<exclusive-end id="6532" timestamp="2019-06-16T02:56:36.764" durationms="3.360" />

<exclusive-start id="6533" timestamp="2019-06-16T02:56:36.767" intervalms="6.978">
  <response-info timems="0.067" idlems="0.067" threads="0" lastid="0000000001916700" lastname="main" />
</exclusive-start>
<allocation-taxation id="6534" taxation-threshold="11534336" timestamp="2019-06-16T02:56:36.768" intervalms="7.062" />
<gc-start id="6535" type="global mark phase" contextid="6371" timestamp="2019-06-16T02:56:36.768">
  <mem-info id="6536" free="31457280" total="71303168" percent="44">
    <remembered-set count="94336" freebytes="2468864" totalbytes="2846208" percent="86" regionsoverflowed="0" regionsstable="0" regionsrebuilding="18"/>
  </mem-info>
</gc-start>
<gc-end id="6537" type="global mark phase" contextid="6371" durationms="0.159" usertimems="0.000" systemtimems="0.000" timestamp="2019-06-16T02:56:36.768" activeThreads="1">
  <mem-info id="6538" free="31457280" total="71303168" percent="44">
    <remembered-set count="94336" freebytes="2468864" totalbytes="2846208" percent="86" regionsoverflowed="0" regionsstable="0" regionsrebuilding="18"/>
  </mem-info>
</gc-end>
<concurrent-start id="6539" type="GMP work packet processing" contextid="6371" timestamp="2019-06-16T02:56:36.768">
  <concurrent-mark-start scanTarget="1048576" />
</concurrent-start>
<exclusive-end id="6540" timestamp="2019-06-16T02:56:36.768" durationms="0.908" />

<concurrent-end id="6541" type="GMP work packet processing" contextid="6371" timestamp="2019-06-16T02:56:36.769">
  <concurrent-mark-end bytesScanned="1088368" reasonForTermination="Work target met" />
</concurrent-end>

<exclusive-start id="6542" timestamp="2019-06-16T02:56:36.772" intervalms="4.485">
  <response-info timems="0.069" idlems="0.069" threads="0" lastid="0000000001916700" lastname="main" />
</exclusive-start>
<allocation-taxation id="6543" taxation-threshold="11534336" timestamp="2019-06-16T02:56:36.772" intervalms="4.417" />
<cycle-start id="6544" type="partial gc" contextid="0" timestamp="2019-06-16T02:56:36.772" intervalms="11.514" />
<gc-start id="6545" type="partial gc" contextid="6544" timestamp="2019-06-16T02:56:36.772">
  <mem-info id="6546" free="19922944" total="71303168" percent="27">
    <mem type="eden" free="1048384" total="24117248" percent="4" />
    <remembered-set count="105152" freebytes="2425600" totalbytes="2846208" percent="85" regionsoverflowed="0" regionsstable="0" regionsrebuilding="18"/>
  </mem-info>
</gc-start>
<allocation-stats totalBytes="23056344" >
  <allocated-bytes non-tlh="0" tlh="23056344" arrayletleaf="0"/>
  <largest-consumer threadName="main" threadId="0000000001916700" bytes="11528496" />
</allocation-stats>
<gc-op id="6547" type="copy forward" timems="1.675" contextid="6544" timestamp="2019-06-16T02:56:36.775">
  <memory-copied type="eden" objects="6" bytes="400" bytesdiscarded="0" />
  <memory-copied type="other" objects="0" bytes="0" bytesdiscarded="0" />
  <memory-cardclean objects="15" bytes="512" />
  <regions eden="22" other="1" />
  <remembered-set-cleared processed="102772" cleared="9" durationms="0.651" />
  <stringconstants candidates="13697" cleared="0"  />
</gc-op>
<gc-op id="6548" type="classunload" timems="0.004" contextid="6544" timestamp="2019-06-16T02:56:36.775">
  <classunload-info classloadercandidates="53" classloadersunloaded="0" classesunloaded="0" anonymousclassesunloaded="0" quiescems="0.000" setupms="0.004" scanms="0.000" postms="0.000" />
</gc-op>
<gc-end id="6549" type="partial gc" contextid="6544" durationms="2.981" usertimems="4.000" systemtimems="0.000" timestamp="2019-06-16T02:56:36.775" activeThreads="1">
  <mem-info id="6550" free="42991616" total="71303168" percent="60">
    <mem type="eden" free="1048176" total="1048576" percent="99" />
    <remembered-set count="105632" freebytes="2423680" totalbytes="2846208" percent="85" regionsoverflowed="0" regionsstable="0" regionsrebuilding="18"/>
  </mem-info>
</gc-end>
<cycle-end id="6551" type="partial gc" contextid="6544" timestamp="2019-06-16T02:56:36.776" />
  <attribute name="elasticGC enabled" value="1" />
  <attribute name= "numThreadsSpecified" value="1" />
  <attribute name="heapSize specified" value="0" />
  <attribute name="Current GC Util" value="158" />
  <attribute name= "Current Time Running" value="69138" />
  <attribute name ="GC Interval" value="0" />
  <attribute name="ProportionalT" value="207.000000" />
  <attribute name="ProportionalI" value="207.000000" />
  <attribute name="ProportionalH" value="207.000000" />
  <attribute name="Current Error" value="138.000000" />
  <attribute name="IntegralT" value="0.000000" />
  <attribute name="IntegralI" value="0.000000" />
  <attribute name="IntegralH" value="0.000000" />
  <attribute name="DerivativeT" value="inf" />
  <attribute name="DerivativeI" value="inf" />
  <attribute name="DerivativeH" value="inf" />
  <attribute name="Loop Time for DT" value="0.000000" />
  <attribute name="Output H" value="8388608"/>
  <attribute name="Output I" value="200"/>
  <attribute name="Output T" value="1"/>
  <attribute name="Target GC Util Change" value ="20.000000" />
  <attribute name="Current GC Util Change" value="158.000000"/>
  <attribute name="GC Util currently" value="158" />
  <attribute name="CPU Util currently" value="12832517401000" />
<exclusive-end id="6552" timestamp="2019-06-16T02:56:36.776" durationms="3.839" />

<exclusive-start id="6553" timestamp="2019-06-16T02:56:36.779" intervalms="7.457">
  <response-info timems="0.067" idlems="0.067" threads="0" lastid="0000000001916700" lastname="main" />
</exclusive-start>
<allocation-taxation id="6554" taxation-threshold="11534336" timestamp="2019-06-16T02:56:36.780" intervalms="7.531" />
<gc-start id="6555" type="global mark phase" contextid="6371" timestamp="2019-06-16T02:56:36.780">
  <mem-info id="6556" free="31457280" total="71303168" percent="44">
    <remembered-set count="105152" freebytes="2425600" totalbytes="2846208" percent="85" regionsoverflowed="0" regionsstable="0" regionsrebuilding="18"/>
  </mem-info>
</gc-start>
<gc-end id="6557" type="global mark phase" contextid="6371" durationms="0.161" usertimems="0.000" systemtimems="0.000" timestamp="2019-06-16T02:56:36.780" activeThreads="1">
  <mem-info id="6558" free="31457280" total="71303168" percent="44">
    <remembered-set count="105152" freebytes="2425600" totalbytes="2846208" percent="85" regionsoverflowed="0" regionsstable="0" regionsrebuilding="18"/>
  </mem-info>
</gc-end>
<concurrent-start id="6559" type="GMP work packet processing" contextid="6371" timestamp="2019-06-16T02:56:36.780">
  <concurrent-mark-start scanTarget="1048576" />
</concurrent-start>
<exclusive-end id="6560" timestamp="2019-06-16T02:56:36.780" durationms="0.924" />

<concurrent-end id="6561" type="GMP work packet processing" contextid="6371" timestamp="2019-06-16T02:56:36.781">
  <concurrent-mark-end bytesScanned="1091136" reasonForTermination="Work target met" />
</concurrent-end>

<exclusive-start id="6562" timestamp="2019-06-16T02:56:36.784" intervalms="4.509">
  <response-info timems="0.069" idlems="0.069" threads="0" lastid="0000000001916700" lastname="main" />
</exclusive-start>
<allocation-taxation id="6563" taxation-threshold="11534336" timestamp="2019-06-16T02:56:36.784" intervalms="4.466" />
<cycle-start id="6564" type="partial gc" contextid="0" timestamp="2019-06-16T02:56:36.784" intervalms="12.001" />
<gc-start id="6565" type="partial gc" contextid="6564" timestamp="2019-06-16T02:56:36.784">
  <mem-info id="6566" free="19922944" total="71303168" percent="27">
    <mem type="eden" free="1048176" total="24117248" percent="4" />
    <remembered-set count="119584" freebytes="2367872" totalbytes="2846208" percent="83" regionsoverflowed="0" regionsstable="0" regionsrebuilding="18"/>
  </mem-info>
</gc-start>
<allocation-stats totalBytes="23056432" >
