<?xml version="1.0" ?>

<verbosegc xmlns="http://www.ibm.com/j9/verbosegc" version="10b4217_CMPRSS">

<initialized id="1" timestamp="2019-06-15T06:32:55.277">
  <attribute name="gcPolicy" value="-Xgcpolicy:balanced" />
  <attribute name="elasticGC enabled" value="1" />
  <attribute name= "numThreadsSpecified" value="0" />
  <attribute name="heapSize specified" value="0" />
  <attribute name="Current GC Util" value="0" />
  <attribute name= "Current Time Running" value="0" />
  <attribute name ="GC Interval" value="0" />
  <attribute name="ProportionalT" value="0.000000" />
  <attribute name="ProportionalI" value="0.000000" />
  <attribute name="ProportionalH" value="0.000000" />
  <attribute name="IntegralT" value="0.000000" />
  <attribute name="IntegralI" value="0.000000" />
  <attribute name="IntegralH" value="0.000000" />
  <attribute name="DerivativeT" value="0.000000" />
  <attribute name="DerivativeI" value="0.000000" />
  <attribute name="DerivativeH" value="0.000000" />
  <attribute name="Target GC Util Change" value ="0.000000" />
  <attribute name="Current GC Util Change" value="0.000000"/>
  <attribute name="Current Error" value="0.000000" />
  <attribute name="Loop Time for DT" value="0.000000" />
  <attribute name="Output H" value="0"/>
  <attribute name="Output I" value="0"/>
  <attribute name="Output T" value="0"/>
  <attribute name="GC Util currently" value="0" />
  <attribute name="CPU Util currently" value="0" />
  <attribute name="maxHeapSize" value="0x7cb00000" />
  <attribute name="initialHeapSize" value="0x800000" />
  <attribute name="compressedRefs" value="true" />
  <attribute name="compressedRefsDisplacement" value="0x0" />
  <attribute name="compressedRefsShift" value="0x0" />
  <attribute name="pageSize" value="0x1000" />
  <attribute name="pageType" value="not used" />
  <attribute name="requestedPageSize" value="0x1000" />
  <attribute name="requestedPageType" value="not used" />
  <attribute name="gcthreads" value="4" />
  <attribute name="packetListSplit" value="4" />
  <attribute name="cacheListSplit" value="4" />
  <attribute name="splitFreeListSplitAmount" value="1" />
  <attribute name="numaNodes" value="0" />
  <region>
    <attribute name="regionSize" value="1048576" />
    <attribute name="regionCount" value="1995" />
    <attribute name="arrayletLeafSize" value="1048576" />
  </region>
  <system>
    <attribute name="physicalMemory" value="8370958336" />
    <attribute name="numCPUs" value="4" />
    <attribute name="architecture" value="amd64" />
    <attribute name="os" value="Linux" />
    <attribute name="osVersion" value="4.4.0-150-generic" />
  </system>
  <vmargs>
    <vmarg name="-Xoptionsfile=/vagrant/jdk/lib/options.default" />
    <vmarg name="-Xlockword:mode=default,noLockword=java/lang/String,noLockword=java/util/MapEntry,noLockword=java/util/HashMap$Entry,noLockword..." />
    <vmarg name="-Xjcl:jclse29" />
    <vmarg name="-Dcom.ibm.oti.vm.bootstrap.library.path=/vagrant/jdk/lib/compressedrefs:/vagrant/jdk/lib" />
    <vmarg name="-Dsun.boot.library.path=/vagrant/jdk/lib/compressedrefs:/vagrant/jdk/lib" />
    <vmarg name="-Djava.library.path=/vagrant/jdk/lib/compressedrefs:/vagrant/jdk/lib:/usr/lib64:/usr/lib" />
    <vmarg name="-Djava.home=/vagrant/jdk" />
    <vmarg name="-Duser.dir=/vagrant" />
    <vmarg name="-Xgcpolicy:balanced" />
    <vmarg name="-Xgcelastic" />
    <vmarg name="-Xcheck:gc:::elasticGC" />
    <vmarg name="-verbose:gc" />
    <vmarg name="-Xloggc:jdk0.5-1-1-large-BAL-4CORE-elasticverbose15sunflow.txt" />
    <vmarg name="-Djava.class.path=dacapo-9.12-MR1-bach.jar" />
    <vmarg name="-Dsun.java.command=dacapo-9.12-MR1-bach.jar sunflow --size=large" />
    <vmarg name="-Dsun.java.launcher=SUN_STANDARD" />
    <vmarg name="-Dsun.java.launcher.pid=2390" />
  </vmargs>
</initialized>

<exclusive-start id="2" timestamp="2019-06-15T06:32:55.997" intervalms="720.524">
  <response-info timems="0.030" idlems="0.030" threads="0" lastid="0000000001581700" lastname="main" />
</exclusive-start>
<allocation-taxation id="3" taxation-threshold="8388608" timestamp="2019-06-15T06:32:55.998" intervalms="720.768" />
<cycle-start id="4" type="partial gc" contextid="0" timestamp="2019-06-15T06:32:55.998" intervalms="721.054" />
<gc-start id="5" type="partial gc" contextid="4" timestamp="2019-06-15T06:32:55.998">
  <mem-info id="6" free="0" total="8388608" percent="0">
    <mem type="eden" free="32" total="8388608" percent="0" />
    <arraylet-primitive objects="1" leaves="1" largest="1" />
    <remembered-set count="0" freebytes="334848" totalbytes="334848" percent="100" regionsoverflowed="0" regionsstable="0" regionsrebuilding="0"/>
  </mem-info>
</gc-start>
<allocation-stats totalBytes="8379376" >
  <allocated-bytes non-tlh="1288440" tlh="6042360" arrayletleaf="1048576"/>
  <largest-consumer threadName="main" threadId="0000000001581700" bytes="8300872" />
</allocation-stats>
<gc-op id="7" type="mark" timems="3.336" contextid="4" timestamp="2019-06-15T06:32:56.003">
  <trace-info objectcount="30323" scancount="23650" scanbytes="765992" />
  <remembered-set-cleared processed="0" cleared="0" durationms="0.215" />
  <finalization candidates="125" enqueued="1" />
  <ownableSynchronizers candidates="3" cleared="0" />
  <references type="soft" candidates="132" cleared="0" enqueued="0" dynamicThreshold="32" maxThreshold="32" />
  <references type="weak" candidates="1325" cleared="568" enqueued="478" />
  <references type="phantom" candidates="107" cleared="42" enqueued="42" />
  <stringconstants candidates="3958" cleared="0"  />
  <warning details="Mark for calibration purposes" />
</gc-op>
<gc-op id="8" type="classunload" timems="0.087" contextid="4" timestamp="2019-06-15T06:32:56.003">
  <classunload-info classloadercandidates="7" classloadersunloaded="0" classesunloaded="0" anonymousclassesunloaded="0" quiescems="0.000" setupms="0.086" scanms="0.000" postms="0.000" />
</gc-op>
<gc-op id="9" type="sweep" timems="0.540" contextid="4" timestamp="2019-06-15T06:32:56.004" />
<gc-op id="10" type="compact" timems="4.737" contextid="4" timestamp="2019-06-15T06:32:56.009">
  <compact-info movecount="30305" movebytes="1336856" />
  <remembered-set-cleared processed="0" cleared="0" durationms="0.215" />
</gc-op>
<heap-resize id="11" type="expand" space="default" amount="1048576" count="1" timems="0.059" reason="insufficient free space following gc" timestamp="2019-06-15T06:32:56.009" />
<gc-end id="12" type="partial gc" contextid="4" durationms="11.121" usertimems="8.000" systemtimems="4.000" timestamp="2019-06-15T06:32:56.009" activeThreads="4">
  <mem-info id="13" free="5242880" total="9437184" percent="55">
    <mem type="eden" free="1020360" total="4194304" percent="24" />
    <arraylet-primitive objects="1" leaves="1" largest="1" />
    <pending-finalizers system="1" default="0" reference="520" classloader="0" />
    <remembered-set count="1536" freebytes="370560" totalbytes="376704" percent="98" regionsoverflowed="0" regionsstable="0" regionsrebuilding="0"/>
  </mem-info>
</gc-end>
<cycle-end id="14" type="partial gc" contextid="4" timestamp="2019-06-15T06:32:56.010" />
  <attribute name="elasticGC enabled" value="1" />
  <attribute name= "numThreadsSpecified" value="4" />
  <attribute name="heapSize specified" value="0" />
  <attribute name="Current GC Util" value="52" />
  <attribute name= "Current Time Running" value="610" />
  <attribute name ="GC Interval" value="0" />
  <attribute name="ProportionalT" value="16.000000" />
  <attribute name="ProportionalI" value="16.000000" />
  <attribute name="ProportionalH" value="16.000000" />
  <attribute name="Current Error" value="32.000000" />
  <attribute name="IntegralT" value="-11731.000000" />
  <attribute name="IntegralI" value="-11731.000000" />
  <attribute name="IntegralH" value="-11731.000000" />
  <attribute name="DerivativeT" value="-51.000000" />
  <attribute name="DerivativeI" value="-51.000000" />
  <attribute name="DerivativeH" value="-51.000000" />
  <attribute name="Loop Time for DT" value="1.000000" />
  <attribute name="Output H" value="2091843584"/>
  <attribute name="Output I" value="200"/>
  <attribute name="Output T" value="4"/>
  <attribute name="Target GC Util Change" value ="20.000000" />
  <attribute name="Current GC Util Change" value="52.000000"/>
  <attribute name="GC Util currently" value="52" />
  <attribute name="CPU Util currently" value="5519487100741" />
<exclusive-end id="15" timestamp="2019-06-15T06:32:56.010" durationms="12.401" />

<exclusive-start id="16" timestamp="2019-06-15T06:32:56.033" intervalms="35.177">
  <response-info timems="0.056" idlems="0.056" threads="0" lastid="0000000001581700" lastname="main" />
</exclusive-start>
<sys-start reason="explicit" id="17" timestamp="2019-06-15T06:32:56.033" intervalms="755.857" />
<cycle-start id="18" type="global garbage collect" contextid="0" timestamp="2019-06-15T06:32:56.033" intervalms="756.055" />
<gc-start id="19" type="global garbage collect" contextid="18" timestamp="2019-06-15T06:32:56.033">
  <mem-info id="20" free="1572864" total="9437184" percent="16">
    <mem type="eden" free="524288" total="4194304" percent="12" />
    <arraylet-primitive objects="2" leaves="2" largest="1" />
    <remembered-set count="1536" freebytes="370560" totalbytes="376704" percent="98" regionsoverflowed="0" regionsstable="0" regionsrebuilding="0"/>
  </mem-info>
</gc-start>
<allocation-stats totalBytes="3669608" >
  <allocated-bytes non-tlh="88" tlh="2620944" arrayletleaf="1048576"/>
  <largest-consumer threadName="main" threadId="0000000001581700" bytes="3653536" />
</allocation-stats>
<gc-op id="21" type="global mark" timems="2.295" contextid="18" timestamp="2019-06-15T06:32:56.036">
  <trace-info objectcount="29371" scancount="22850" scanbytes="751696" />
  <finalization candidates="124" enqueued="0" />
  <ownableSynchronizers candidates="3" cleared="0" />
  <references type="soft" candidates="132" cleared="0" enqueued="0" dynamicThreshold="17" maxThreshold="32" />
  <references type="weak" candidates="759" cleared="2" enqueued="2" />
  <references type="phantom" candidates="64" cleared="0" enqueued="0" />
  <stringconstants candidates="3958" cleared="0"  />
</gc-op>
<gc-op id="22" type="classunload" timems="0.002" contextid="18" timestamp="2019-06-15T06:32:56.036">
  <classunload-info classloadercandidates="7" classloadersunloaded="0" classesunloaded="0" anonymousclassesunloaded="0" quiescems="0.000" setupms="0.002" scanms="0.000" postms="0.000" />
</gc-op>
<gc-op id="23" type="sweep" timems="0.305" contextid="18" timestamp="2019-06-15T06:32:56.036" />
<gc-op id="24" type="compact" timems="3.989" contextid="18" timestamp="2019-06-15T06:32:56.040">
  <compact-info movecount="29201" movebytes="1290584" />
  <remembered-set-cleared processed="1296" cleared="1296" durationms="0.047" />
</gc-op>
<gc-end id="25" type="global garbage collect" contextid="18" durationms="7.583" usertimems="8.000" systemtimems="0.000" timestamp="2019-06-15T06:32:56.041" activeThreads="4">
  <mem-info id="26" free="4194304" total="9437184" percent="44">
    <arraylet-primitive objects="2" leaves="2" largest="1" />
    <pending-finalizers system="0" default="0" reference="2" classloader="0" />
    <remembered-set count="1536" freebytes="370560" totalbytes="376704" percent="98" regionsoverflowed="0" regionsstable="0" regionsrebuilding="0"/>
  </mem-info>
</gc-end>
<cycle-end id="27" type="global garbage collect" contextid="18" timestamp="2019-06-15T06:32:56.041" />
  <attribute name="elasticGC enabled" value="1" />
  <attribute name= "numThreadsSpecified" value="4" />
  <attribute name="heapSize specified" value="0" />
  <attribute name="Current GC Util" value="22" />
  <attribute name= "Current Time Running" value="643" />
  <attribute name ="GC Interval" value="0" />
  <attribute name="ProportionalT" value="1.000000" />
  <attribute name="ProportionalI" value="1.000000" />
  <attribute name="ProportionalH" value="1.000000" />
  <attribute name="Current Error" value="2.000000" />
  <attribute name="IntegralT" value="2.000000" />
  <attribute name="IntegralI" value="2.000000" />
  <attribute name="IntegralH" value="2.000000" />
  <attribute name="DerivativeT" value="-105.000000" />
  <attribute name="DerivativeI" value="-105.000000" />
  <attribute name="DerivativeH" value="-105.000000" />
  <attribute name="Loop Time for DT" value="1.000000" />
  <attribute name="Output H" value="2091843584"/>
  <attribute name="Output I" value="200"/>
  <attribute name="Output T" value="4"/>
  <attribute name="Target GC Util Change" value ="20.000000" />
  <attribute name="Current GC Util Change" value="22.000000"/>
  <attribute name="GC Util currently" value="22" />
  <attribute name="CPU Util currently" value="8225782087565" />
<sys-end id="28" timestamp="2019-06-15T06:32:56.041" />
<exclusive-end id="29" timestamp="2019-06-15T06:32:56.041" durationms="8.466" />

<exclusive-start id="30" timestamp="2019-06-15T06:32:56.284" intervalms="251.174">
  <response-info timems="0.072" idlems="0.072" threads="0" lastid="00000000018D2D00" lastname="Thread-3" />
</exclusive-start>
<allocation-taxation id="31" taxation-threshold="4194304" timestamp="2019-06-15T06:32:56.284" intervalms="286.338" />
<cycle-start id="32" type="partial gc" contextid="0" timestamp="2019-06-15T06:32:56.284" intervalms="286.275" />
<gc-start id="33" type="partial gc" contextid="32" timestamp="2019-06-15T06:32:56.284">
  <mem-info id="34" free="0" total="9437184" percent="0">
    <mem type="eden" free="0" total="4194304" percent="0" />
    <arraylet-primitive objects="2" leaves="2" largest="1" />
    <remembered-set count="1536" freebytes="370560" totalbytes="376704" percent="98" regionsoverflowed="0" regionsstable="0" regionsrebuilding="0"/>
  </mem-info>
</gc-start>
<allocation-stats totalBytes="4182048" >
  <allocated-bytes non-tlh="489792" tlh="3692256" arrayletleaf="0"/>
  <largest-consumer threadName="main" threadId="0000000001581700" bytes="3032456" />
</allocation-stats>
<gc-op id="35" type="mark" timems="1.319" contextid="32" timestamp="2019-06-15T06:32:56.286">
  <trace-info objectcount="11061" scancount="7686" scanbytes="228256" />
  <cardclean-info objects="466" bytes="21240" />
  <remembered-set-cleared processed="672" cleared="35" durationms="0.055" />
  <references type="soft" candidates="17" cleared="0" enqueued="0" dynamicThreshold="14" maxThreshold="32" />
  <references type="weak" candidates="45" cleared="29" enqueued="28" />
  <references type="phantom" candidates="2" cleared="0" enqueued="0" />
  <stringconstants candidates="4509" cleared="1"  />
  <warning details="Mark invoked due to insufficient free space for Copy-Forward" />
</gc-op>
<gc-op id="36" type="classunload" timems="0.002" contextid="32" timestamp="2019-06-15T06:32:56.286">
  <classunload-info classloadercandidates="8" classloadersunloaded="0" classesunloaded="0" anonymousclassesunloaded="0" quiescems="0.000" setupms="0.002" scanms="0.000" postms="0.000" />
</gc-op>
<gc-op id="37" type="sweep" timems="0.409" contextid="32" timestamp="2019-06-15T06:32:56.287" />
<gc-op id="38" type="compact" timems="1.812" contextid="32" timestamp="2019-06-15T06:32:56.289">
  <compact-info movecount="11042" movebytes="1585448" />
  <remembered-set-cleared processed="2696" cleared="1413" durationms="0.058" />
</gc-op>
<heap-resize id="39" type="expand" space="default" amount="4194304" count="1" timems="0.077" reason="insufficient free space following gc" timestamp="2019-06-15T06:32:56.290" />
<gc-end id="40" type="partial gc" contextid="32" durationms="5.258" usertimems="0.000" systemtimems="4.000" timestamp="2019-06-15T06:32:56.290" activeThreads="4">
  <mem-info id="41" free="6291456" total="13631488" percent="46">
    <mem type="eden" free="472032" total="2097152" percent="22" />
    <arraylet-primitive objects="2" leaves="2" largest="1" />
    <pending-finalizers system="0" default="0" reference="28" classloader="0" />
    <remembered-set count="2368" freebytes="534656" totalbytes="544128" percent="98" regionsoverflowed="0" regionsstable="0" regionsrebuilding="0"/>
  </mem-info>
</gc-end>
<cycle-end id="42" type="partial gc" contextid="32" timestamp="2019-06-15T06:32:56.290" />
  <attribute name="elasticGC enabled" value="1" />
  <attribute name= "numThreadsSpecified" value="4" />
  <attribute name="heapSize specified" value="0" />
  <attribute name="Current GC Util" value="26" />
  <attribute name= "Current Time Running" value="894" />
  <attribute name ="GC Interval" value="0" />
  <attribute name="ProportionalT" value="3.000000" />
  <attribute name="ProportionalI" value="3.000000" />
  <attribute name="ProportionalH" value="3.000000" />
  <attribute name="Current Error" value="6.000000" />
  <attribute name="IntegralT" value="6.000000" />
  <attribute name="IntegralI" value="6.000000" />
  <attribute name="IntegralH" value="6.000000" />
  <attribute name="DerivativeT" value="6.000000" />
  <attribute name="DerivativeI" value="6.000000" />
  <attribute name="DerivativeH" value="6.000000" />
  <attribute name="Loop Time for DT" value="1.000000" />
  <attribute name="Output H" value="8388608"/>
  <attribute name="Output I" value="200"/>
  <attribute name="Output T" value="4"/>
  <attribute name="Target GC Util Change" value ="20.000000" />
  <attribute name="Current GC Util Change" value="26.000000"/>
  <attribute name="GC Util currently" value="26" />
  <attribute name="CPU Util currently" value="6877611370442" />
<exclusive-end id="43" timestamp="2019-06-15T06:32:56.290" durationms="6.514" />

<exclusive-start id="44" timestamp="2019-06-15T06:32:56.402" intervalms="118.760">
  <response-info timems="0.066" idlems="0.066" threads="0" lastid="00000000018DA500" lastname="Thread-5" />
</exclusive-start>
<allocation-taxation id="45" taxation-threshold="3145728" timestamp="2019-06-15T06:32:56.403" intervalms="118.714" />
<cycle-start id="46" type="global mark phase" contextid="0" timestamp="2019-06-15T06:32:56.403" intervalms="1126.125" />
<gc-start id="47" type="global mark phase" contextid="46" timestamp="2019-06-15T06:32:56.403">
  <mem-info id="48" free="3145728" total="13631488" percent="23">
    <remembered-set count="2368" freebytes="534656" totalbytes="544128" percent="98" regionsoverflowed="0" regionsstable="0" regionsrebuilding="0"/>
  </mem-info>
</gc-start>
<gc-op id="49" type="mark increment" timems="0.688" contextid="46" timestamp="2019-06-15T06:32:56.404">
  <trace-info objectcount="164" scancount="0" scanbytes="0" />
</gc-op>
<gc-end id="50" type="global mark phase" contextid="46" durationms="0.963" usertimems="0.000" systemtimems="0.000" timestamp="2019-06-15T06:32:56.404" activeThreads="1">
  <mem-info id="51" free="3145728" total="13631488" percent="23">
    <remembered-set count="2368" freebytes="534656" totalbytes="544128" percent="98" regionsoverflowed="0" regionsstable="0" regionsrebuilding="0"/>
  </mem-info>
</gc-end>
<concurrent-start id="52" type="GMP work packet processing" contextid="46" timestamp="2019-06-15T06:32:56.404">
  <concurrent-mark-start scanTarget="18446744073709551615" />
</concurrent-start>
<concurrent-end id="53" type="GMP work packet processing" contextid="46" timestamp="2019-06-15T06:32:56.407">
  <concurrent-mark-end bytesScanned="1187868" reasonForTermination="Completed all work in GC phase" />
</concurrent-end>

<exclusive-end id="54" timestamp="2019-06-15T06:32:56.407" durationms="4.458" />

<exclusive-start id="55" timestamp="2019-06-15T06:32:56.416" intervalms="13.432">
  <response-info timems="0.056" idlems="0.056" threads="0" lastid="00000000018DA500" lastname="Thread-5" />
</exclusive-start>
<allocation-taxation id="56" taxation-threshold="3145728" timestamp="2019-06-15T06:32:56.416" intervalms="13.403" />
<cycle-start id="57" type="partial gc" contextid="0" timestamp="2019-06-15T06:32:56.416" intervalms="132.036" />
<gc-start id="58" type="partial gc" contextid="57" timestamp="2019-06-15T06:32:56.416">
  <mem-info id="59" free="0" total="13631488" percent="0">
    <mem type="eden" free="472032" total="7340032" percent="6" />
    <arraylet-primitive objects="2" leaves="2" largest="1" />
    <remembered-set count="2368" freebytes="534656" totalbytes="544128" percent="98" regionsoverflowed="0" regionsstable="0" regionsrebuilding="0"/>
  </mem-info>
</gc-start>
<allocation-stats totalBytes="6246648" >
  <allocated-bytes non-tlh="823080" tlh="5423568" arrayletleaf="0"/>
  <largest-consumer threadName="Thread-5" threadId="00000000018DA500" bytes="3117384" />
</allocation-stats>
<gc-op id="60" type="mark" timems="1.345" contextid="57" timestamp="2019-06-15T06:32:56.418">
  <trace-info objectcount="14624" scancount="11770" scanbytes="438392" />
  <cardclean-info objects="145" bytes="10716" />
  <remembered-set-cleared processed="1220" cleared="577" durationms="0.087" />
  <references type="soft" candidates="17" cleared="0" enqueued="0" dynamicThreshold="7" maxThreshold="32" />
  <references type="weak" candidates="16" cleared="0" enqueued="0" />
  <references type="phantom" candidates="2" cleared="0" enqueued="0" />
  <stringconstants candidates="4533" cleared="0"  />
  <warning details="Mark invoked due to insufficient free space for Copy-Forward" />
</gc-op>
<gc-op id="61" type="classunload" timems="0.003" contextid="57" timestamp="2019-06-15T06:32:56.418">
  <classunload-info classloadercandidates="8" classloadersunloaded="0" classesunloaded="0" anonymousclassesunloaded="0" quiescems="0.000" setupms="0.002" scanms="0.000" postms="0.000" />
</gc-op>
<gc-op id="62" type="sweep" timems="0.424" contextid="57" timestamp="2019-06-15T06:32:56.419" />
<gc-op id="63" type="compact" timems="2.357" contextid="57" timestamp="2019-06-15T06:32:56.422">
  <compact-info movecount="14622" movebytes="1300496" />
  <remembered-set-cleared processed="3138" cleared="1848" durationms="0.087" />
</gc-op>
<gc-end id="64" type="partial gc" contextid="57" durationms="5.573" usertimems="4.000" systemtimems="0.000" timestamp="2019-06-15T06:32:56.422" activeThreads="1">
  <mem-info id="65" free="6291456" total="13631488" percent="46">
    <mem type="eden" free="742328" total="2097152" percent="35" />
    <arraylet-primitive objects="2" leaves="2" largest="1" />
    <remembered-set count="2720" freebytes="533248" totalbytes="544128" percent="98" regionsoverflowed="0" regionsstable="0" regionsrebuilding="0"/>
  </mem-info>
</gc-end>
<cycle-end id="66" type="partial gc" contextid="57" timestamp="2019-06-15T06:32:56.422" />
  <attribute name="elasticGC enabled" value="1" />
  <attribute name= "numThreadsSpecified" value="1" />
  <attribute name="heapSize specified" value="0" />
  <attribute name="Current GC Util" value="32" />
  <attribute name= "Current Time Running" value="1025" />
  <attribute name ="GC Interval" value="0" />
  <attribute name="ProportionalT" value="6.000000" />
  <attribute name="ProportionalI" value="6.000000" />
  <attribute name="ProportionalH" value="6.000000" />
  <attribute name="Current Error" value="12.000000" />
  <attribute name="IntegralT" value="0.000000" />
  <attribute name="IntegralI" value="0.000000" />
  <attribute name="IntegralH" value="0.000000" />
  <attribute name="DerivativeT" value="inf" />
  <attribute name="DerivativeI" value="inf" />
  <attribute name="DerivativeH" value="inf" />
  <attribute name="Loop Time for DT" value="0.000000" />
  <attribute name="Output H" value="8388608"/>
  <attribute name="Output I" value="200"/>
  <attribute name="Output T" value="1"/>
  <attribute name="Target GC Util Change" value ="20.000000" />
  <attribute name="Current GC Util Change" value="32.000000"/>
  <attribute name="GC Util currently" value="32" />
  <attribute name="CPU Util currently" value="6687557305953" />
<exclusive-end id="67" timestamp="2019-06-15T06:32:56.422" durationms="6.468" />

<exclusive-start id="68" timestamp="2019-06-15T06:32:56.470" intervalms="54.272">
  <response-info timems="0.077" idlems="0.077" threads="0" lastid="00000000018DE100" lastname="Thread-7" />
</exclusive-start>
<allocation-taxation id="69" taxation-threshold="3145728" timestamp="2019-06-15T06:32:56.470" intervalms="54.280" />
<gc-start id="70" type="global mark phase" contextid="46" timestamp="2019-06-15T06:32:56.471">
  <mem-info id="71" free="3145728" total="13631488" percent="23">
    <remembered-set count="2368" freebytes="534656" totalbytes="544128" percent="98" regionsoverflowed="0" regionsstable="0" regionsrebuilding="0"/>
  </mem-info>
</gc-start>
<gc-op id="72" type="mark increment" timems="2.641" contextid="46" timestamp="2019-06-15T06:32:56.473">
  <trace-info objectcount="34672" scancount="31753" scanbytes="1469840" />
  <cardclean-info objects="413" bytes="19528" />
  <finalization candidates="124" enqueued="0" />
  <ownableSynchronizers candidates="3" cleared="0" />
  <references type="soft" candidates="149" cleared="0" enqueued="0" dynamicThreshold="14" maxThreshold="32" />
  <references type="weak" candidates="773" cleared="0" enqueued="0" />
  <references type="phantom" candidates="66" cleared="2" enqueued="2" />
  <stringconstants candidates="4596" cleared="0"  />
</gc-op>
<gc-op id="73" type="classunload" timems="0.005" contextid="46" timestamp="2019-06-15T06:32:56.473">
  <classunload-info classloadercandidates="8" classloadersunloaded="0" classesunloaded="0" anonymousclassesunloaded="0" quiescems="0.000" setupms="0.005" scanms="0.000" postms="0.000" />
</gc-op>
<gc-end id="74" type="global mark phase" contextid="46" durationms="3.058" usertimems="4.000" systemtimems="0.000" timestamp="2019-06-15T06:32:56.474" activeThreads="4">
  <mem-info id="75" free="3145728" total="13631488" percent="23">
    <pending-finalizers system="0" default="0" reference="2" classloader="0" />
    <remembered-set count="2368" freebytes="534656" totalbytes="544128" percent="98" regionsoverflowed="0" regionsstable="0" regionsrebuilding="0"/>
  </mem-info>
</gc-end>
<cycle-end id="76" type="global mark phase" contextid="46" timestamp="2019-06-15T06:32:56.474" />
  <attribute name="elasticGC enabled" value="1" />
  <attribute name= "numThreadsSpecified" value="4" />
  <attribute name="heapSize specified" value="0" />
  <attribute name="Current GC Util" value="0" />
  <attribute name= "Current Time Running" value="1079" />
  <attribute name ="GC Interval" value="0" />
  <attribute name="ProportionalT" value="-10.000000" />
  <attribute name="ProportionalI" value="-10.000000" />
  <attribute name="ProportionalH" value="-10.000000" />
  <attribute name="Current Error" value="-20.000000" />
  <attribute name="IntegralT" value="-40.000000" />
  <attribute name="IntegralI" value="-40.000000" />
  <attribute name="IntegralH" value="-40.000000" />
  <attribute name="DerivativeT" value="-62.500000" />
  <attribute name="DerivativeI" value="-62.500000" />
  <attribute name="DerivativeH" value="-62.500000" />
  <attribute name="Loop Time for DT" value="2.000000" />
  <attribute name="Output H" value="2091843584"/>
  <attribute name="Output I" value="200"/>
  <attribute name="Output T" value="4"/>
  <attribute name="Target GC Util Change" value ="20.000000" />
  <attribute name="Current GC Util Change" value="0.000000"/>
  <attribute name="GC Util currently" value="0" />
  <attribute name="CPU Util currently" value="3300362776642" />
<exclusive-end id="77" timestamp="2019-06-15T06:32:56.474" durationms="3.738" />

<exclusive-start id="78" timestamp="2019-06-15T06:32:56.505" intervalms="35.124">
  <response-info timems="0.055" idlems="0.055" threads="0" lastid="00000000018D6900" lastname="Thread-10" />
</exclusive-start>
<allocation-taxation id="79" taxation-threshold="3145728" timestamp="2019-06-15T06:32:56.505" intervalms="35.152" />
<cycle-start id="80" type="partial gc" contextid="0" timestamp="2019-06-15T06:32:56.506" intervalms="89.473" />
<gc-start id="81" type="partial gc" contextid="80" timestamp="2019-06-15T06:32:56.506">
  <mem-info id="82" free="0" total="13631488" percent="0">
    <mem type="eden" free="0" total="6291456" percent="0" />
    <arraylet-primitive objects="2" leaves="2" largest="1" />
    <remembered-set count="2368" freebytes="534656" totalbytes="544128" percent="98" regionsoverflowed="0" regionsstable="0" regionsrebuilding="0"/>
  </mem-info>
</gc-start>
<allocation-stats totalBytes="6283536" >
  <allocated-bytes non-tlh="486568" tlh="5796968" arrayletleaf="0"/>
  <largest-consumer threadName="Thread-7" threadId="00000000018DE100" bytes="1417032" />
</allocation-stats>
<gc-op id="83" type="sweep" timems="0.519" contextid="80" timestamp="2019-06-15T06:32:56.507" />
<gc-op id="84" type="mark" timems="1.521" contextid="80" timestamp="2019-06-15T06:32:56.509">
  <trace-info objectcount="26061" scancount="25816" scanbytes="1289384" />
  <cardclean-info objects="283" bytes="10984" />
  <remembered-set-cleared processed="1248" cleared="55" durationms="0.068" />
  <stringconstants candidates="4596" cleared="0"  />
  <warning details="Mark invoked due to insufficient free space for Copy-Forward" />
</gc-op>
<gc-op id="85" type="classunload" timems="0.002" contextid="80" timestamp="2019-06-15T06:32:56.509">
  <classunload-info classloadercandidates="8" classloadersunloaded="0" classesunloaded="0" anonymousclassesunloaded="0" quiescems="0.000" setupms="0.002" scanms="0.000" postms="0.000" />
</gc-op>
<gc-op id="86" type="sweep" timems="0.445" contextid="80" timestamp="2019-06-15T06:32:56.509" />
<gc-op id="87" type="compact" timems="2.733" contextid="80" timestamp="2019-06-15T06:32:56.512">
  <compact-info movecount="23813" movebytes="1808824" />
  <remembered-set-cleared processed="2624" cleared="218" durationms="0.068" />
</gc-op>
<heap-resize id="88" type="expand" space="default" amount="2097152" count="1" timems="0.063" reason="insufficient free space following gc" timestamp="2019-06-15T06:32:56.513" />
<gc-end id="89" type="partial gc" contextid="80" durationms="6.955" usertimems="8.000" systemtimems="0.000" timestamp="2019-06-15T06:32:56.513" activeThreads="4">
  <mem-info id="90" free="6291456" total="15728640" percent="40">
    <mem type="eden" free="696824" total="2097152" percent="33" />
    <arraylet-primitive objects="2" leaves="2" largest="1" />
    <remembered-set count="2944" freebytes="616064" totalbytes="627840" percent="98" regionsoverflowed="0" regionsstable="0" regionsrebuilding="0"/>
  </mem-info>
</gc-end>
<cycle-end id="91" type="partial gc" contextid="80" timestamp="2019-06-15T06:32:56.513" />
  <attribute name="elasticGC enabled" value="1" />
  <attribute name= "numThreadsSpecified" value="4" />
  <attribute name="heapSize specified" value="0" />
  <attribute name="Current GC Util" value="41" />
  <attribute name= "Current Time Running" value="1116" />
  <attribute name ="GC Interval" value="0" />
  <attribute name="ProportionalT" value="10.500000" />
  <attribute name="ProportionalI" value="10.500000" />
  <attribute name="ProportionalH" value="10.500000" />
  <attribute name="Current Error" value="21.000000" />
  <attribute name="IntegralT" value="21.000000" />
  <attribute name="IntegralI" value="21.000000" />
  <attribute name="IntegralH" value="21.000000" />
  <attribute name="DerivativeT" value="21.000000" />
  <attribute name="DerivativeI" value="21.000000" />
  <attribute name="DerivativeH" value="21.000000" />
  <attribute name="Loop Time for DT" value="1.000000" />
  <attribute name="Output H" value="8388608"/>
  <attribute name="Output I" value="200"/>
  <attribute name="Output T" value="4"/>
  <attribute name="Target GC Util Change" value ="20.000000" />
  <attribute name="Current GC Util Change" value="41.000000"/>
  <attribute name="GC Util currently" value="41" />
  <attribute name="CPU Util currently" value="7040086369819" />
<exclusive-end id="92" timestamp="2019-06-15T06:32:56.513" durationms="7.873" />

<exclusive-start id="93" timestamp="2019-06-15T06:32:56.526" intervalms="20.610">
  <response-info timems="0.022" idlems="0.022" threads="0" lastid="00000000018D6900" lastname="Thread-10" />
</exclusive-start>
<allocation-taxation id="94" taxation-threshold="6291456" timestamp="2019-06-15T06:32:56.526" intervalms="20.585" />
<cycle-start id="95" type="partial gc" contextid="0" timestamp="2019-06-15T06:32:56.526" intervalms="20.553" />
<gc-start id="96" type="partial gc" contextid="95" timestamp="2019-06-15T06:32:56.526">
  <mem-info id="97" free="0" total="15728640" percent="0">
    <mem type="eden" free="0" total="6291456" percent="0" />
    <arraylet-primitive objects="2" leaves="2" largest="1" />
    <remembered-set count="2944" freebytes="616064" totalbytes="627840" percent="98" regionsoverflowed="0" regionsstable="0" regionsrebuilding="0"/>
  </mem-info>
</gc-start>
<allocation-stats totalBytes="6290432" >
  <allocated-bytes non-tlh="0" tlh="6290432" arrayletleaf="0"/>
  <largest-consumer threadName="Thread-7" threadId="00000000018DE100" bytes="2428600" />
</allocation-stats>
<gc-op id="98" type="mark" timems="1.521" contextid="95" timestamp="2019-06-15T06:32:56.529">
  <trace-info objectcount="24639" scancount="24554" scanbytes="1144264" />
  <cardclean-info objects="30" bytes="1988" />
  <remembered-set-cleared processed="1382" cleared="143" durationms="0.068" />
  <stringconstants candidates="4596" cleared="0"  />
  <warning details="Mark invoked due to insufficient free space for Copy-Forward" />
</gc-op>
<gc-op id="99" type="classunload" timems="0.002" contextid="95" timestamp="2019-06-15T06:32:56.529">
  <classunload-info classloadercandidates="8" classloadersunloaded="0" classesunloaded="0" anonymousclassesunloaded="0" quiescems="0.000" setupms="0.002" scanms="0.000" postms="0.000" />
</gc-op>
<gc-op id="100" type="sweep" timems="0.431" contextid="95" timestamp="2019-06-15T06:32:56.529" />
<gc-op id="101" type="compact" timems="2.448" contextid="95" timestamp="2019-06-15T06:32:56.532">
  <compact-info movecount="19868" movebytes="1248784" />
  <remembered-set-cleared processed="2859" cleared="423" durationms="0.068" />
</gc-op>
<heap-resize id="102" type="expand" space="default" amount="1048576" count="1" timems="0.061" reason="insufficient free space following gc" timestamp="2019-06-15T06:32:56.532" />
<gc-end id="103" type="partial gc" contextid="95" durationms="6.089" usertimems="4.000" systemtimems="0.000" timestamp="2019-06-15T06:32:56.533" activeThreads="4">
  <mem-info id="104" free="6291456" total="16777216" percent="37">
    <mem type="eden" free="970384" total="1048576" percent="92" />
    <arraylet-primitive objects="2" leaves="2" largest="1" />
    <remembered-set count="3936" freebytes="653952" totalbytes="669696" percent="97" regionsoverflowed="0" regionsstable="0" regionsrebuilding="0"/>
  </mem-info>
</gc-end>
<cycle-end id="105" type="partial gc" contextid="95" timestamp="2019-06-15T06:32:56.533" />
  <attribute name="elasticGC enabled" value="1" />
  <attribute name= "numThreadsSpecified" value="4" />
  <attribute name="heapSize specified" value="0" />
  <attribute name="Current GC Util" value="31" />
  <attribute name= "Current Time Running" value="1136" />
  <attribute name ="GC Interval" value="0" />
  <attribute name="ProportionalT" value="5.500000" />
  <attribute name="ProportionalI" value="5.500000" />
  <attribute name="ProportionalH" value="5.500000" />
  <attribute name="Current Error" value="11.000000" />
  <attribute name="IntegralT" value="11.000000" />
  <attribute name="IntegralI" value="11.000000" />
  <attribute name="IntegralH" value="11.000000" />
  <attribute name="DerivativeT" value="11.000000" />
  <attribute name="DerivativeI" value="11.000000" />
  <attribute name="DerivativeH" value="11.000000" />
  <attribute name="Loop Time for DT" value="1.000000" />
  <attribute name="Output H" value="8388608"/>
  <attribute name="Output I" value="200"/>
  <attribute name="Output T" value="4"/>
  <attribute name="Target GC Util Change" value ="20.000000" />
  <attribute name="Current GC Util Change" value="31.000000"/>
  <attribute name="GC Util currently" value="31" />
  <attribute name="CPU Util currently" value="6662562743592" />
<exclusive-end id="106" timestamp="2019-06-15T06:32:56.533" durationms="7.006" />

<exclusive-start id="107" timestamp="2019-06-15T06:32:56.541" intervalms="15.214">
  <response-info timems="0.027" idlems="0.027" threads="0" lastid="00000000018DE100" lastname="Thread-7" />
</exclusive-start>
<allocation-taxation id="108" taxation-threshold="6291456" timestamp="2019-06-15T06:32:56.541" intervalms="15.280" />
<cycle-start id="109" type="partial gc" contextid="0" timestamp="2019-06-15T06:32:56.542" intervalms="15.360" />
<gc-start id="110" type="partial gc" contextid="109" timestamp="2019-06-15T06:32:56.542">
  <mem-info id="111" free="0" total="16777216" percent="0">
    <mem type="eden" free="0" total="6291456" percent="0" />
    <arraylet-primitive objects="2" leaves="2" largest="1" />
    <remembered-set count="3520" freebytes="655616" totalbytes="669696" percent="97" regionsoverflowed="0" regionsstable="0" regionsrebuilding="0"/>
  </mem-info>
</gc-start>
<allocation-stats totalBytes="6290520" >
  <allocated-bytes non-tlh="0" tlh="6290520" arrayletleaf="0"/>
  <largest-consumer threadName="Thread-10" threadId="00000000018D6900" bytes="1978088" />
</allocation-stats>
<gc-op id="112" type="mark" timems="1.275" contextid="109" timestamp="2019-06-15T06:32:56.544">
  <trace-info objectcount="6053" scancount="6053" scanbytes="149532" />
  <cardclean-info objects="7420" bytes="374000" />
  <remembered-set-cleared processed="1605" cleared="202" durationms="0.097" />
  <stringconstants candidates="4596" cleared="0"  />
  <warning details="Mark invoked due to insufficient free space for Copy-Forward" />
</gc-op>
<gc-op id="113" type="classunload" timems="0.002" contextid="109" timestamp="2019-06-15T06:32:56.544">
  <classunload-info classloadercandidates="8" classloadersunloaded="0" classesunloaded="0" anonymousclassesunloaded="0" quiescems="0.000" setupms="0.002" scanms="0.000" postms="0.000" />
</gc-op>
<gc-op id="114" type="sweep" timems="0.293" contextid="109" timestamp="2019-06-15T06:32:56.544" />
<gc-op id="115" type="compact" timems="1.179" contextid="109" timestamp="2019-06-15T06:32:56.546">
  <compact-info movecount="4312" movebytes="105088" />
  <remembered-set-cleared processed="3300" cleared="490" durationms="0.097" />
</gc-op>
<heap-resize id="116" type="expand" space="default" amount="2097152" count="1" timems="0.066" reason="insufficient free space following gc" timestamp="2019-06-15T06:32:56.546" />
<gc-end id="117" type="partial gc" contextid="109" durationms="4.199" usertimems="4.000" systemtimems="0.000" timestamp="2019-06-15T06:32:56.546" activeThreads="4">
  <mem-info id="118" free="7340032" total="18874368" percent="38">
    <mem type="eden" free="970944" total="1048576" percent="92" />
    <arraylet-primitive objects="2" leaves="2" largest="1" />
    <remembered-set count="3936" freebytes="737664" totalbytes="753408" percent="97" regionsoverflowed="0" regionsstable="0" regionsrebuilding="0"/>
  </mem-info>
</gc-end>
<cycle-end id="119" type="partial gc" contextid="109" timestamp="2019-06-15T06:32:56.546" />
  <attribute name="elasticGC enabled" value="1" />
  <attribute name= "numThreadsSpecified" value="4" />
  <attribute name="heapSize specified" value="0" />
  <attribute name="Current GC Util" value="33" />
  <attribute name= "Current Time Running" value="1151" />
  <attribute name ="GC Interval" value="0" />
  <attribute name="ProportionalT" value="6.500000" />
  <attribute name="ProportionalI" value="6.500000" />
  <attribute name="ProportionalH" value="6.500000" />
  <attribute name="Current Error" value="13.000000" />
  <attribute name="IntegralT" value="13.000000" />
  <attribute name="IntegralI" value="13.000000" />
  <attribute name="IntegralH" value="13.000000" />
  <attribute name="DerivativeT" value="-82.000000" />
  <attribute name="DerivativeI" value="-82.000000" />
  <attribute name="DerivativeH" value="-82.000000" />
  <attribute name="Loop Time for DT" value="1.000000" />
  <attribute name="Output H" value="2091843584"/>
  <attribute name="Output I" value="200"/>
  <attribute name="Output T" value="4"/>
  <attribute name="Target GC Util Change" value ="20.000000" />
  <attribute name="Current GC Util Change" value="33.000000"/>
  <attribute name="GC Util currently" value="33" />
  <attribute name="CPU Util currently" value="8621585374986" />
<exclusive-end id="120" timestamp="2019-06-15T06:32:56.546" durationms="5.314" />

<exclusive-start id="121" timestamp="2019-06-15T06:32:56.555" intervalms="14.269">
  <response-info timems="0.024" idlems="0.024" threads="0" lastid="00000000018DA500" lastname="Thread-9" />
</exclusive-start>
<allocation-taxation id="122" taxation-threshold="7340032" timestamp="2019-06-15T06:32:56.556" intervalms="14.213" />
<cycle-start id="123" type="partial gc" contextid="0" timestamp="2019-06-15T06:32:56.556" intervalms="14.127" />
<gc-start id="124" type="partial gc" contextid="123" timestamp="2019-06-15T06:32:56.556">
  <mem-info id="125" free="0" total="18874368" percent="0">
    <mem type="eden" free="0" total="7340032" percent="0" />
    <arraylet-primitive objects="2" leaves="2" largest="1" />
    <remembered-set count="3936" freebytes="737664" totalbytes="753408" percent="97" regionsoverflowed="0" regionsstable="0" regionsrebuilding="0"/>
  </mem-info>
</gc-start>
<allocation-stats totalBytes="7339016" >
  <allocated-bytes non-tlh="0" tlh="7339016" arrayletleaf="0"/>
  <largest-consumer threadName="Thread-10" threadId="00000000018D6900" bytes="2088688" />
</allocation-stats>
<gc-op id="126" type="mark" timems="1.382" contextid="123" timestamp="2019-06-15T06:32:56.558">
  <trace-info objectcount="5976" scancount="5976" scanbytes="144880" />
  <cardclean-info objects="8243" bytes="397168" />
  <remembered-set-cleared processed="2197" cleared="390" durationms="0.109" />
  <stringconstants candidates="4596" cleared="0"  />
  <warning details="Mark invoked due to insufficient free space for Copy-Forward" />
</gc-op>
<gc-op id="127" type="classunload" timems="0.002" contextid="123" timestamp="2019-06-15T06:32:56.558">
  <classunload-info classloadercandidates="8" classloadersunloaded="0" classesunloaded="0" anonymousclassesunloaded="0" quiescems="0.000" setupms="0.002" scanms="0.000" postms="0.000" />
</gc-op>
<gc-op id="128" type="sweep" timems="0.461" contextid="123" timestamp="2019-06-15T06:32:56.558" />
<gc-op id="129" type="compact" timems="1.441" contextid="123" timestamp="2019-06-15T06:32:56.560">
  <compact-info movecount="3312" movebytes="80944" />
  <remembered-set-cleared processed="4484" cleared="866" durationms="0.109" />
</gc-op>
<heap-resize id="130" type="expand" space="default" amount="1048576" count="1" timems="0.061" reason="insufficient free space following gc" timestamp="2019-06-15T06:32:56.561" />
<gc-end id="131" type="partial gc" contextid="123" durationms="4.774" usertimems="8.000" systemtimems="0.000" timestamp="2019-06-15T06:32:56.561" activeThreads="4">
  <mem-info id="132" free="7340032" total="19922944" percent="36">
    <mem type="eden" free="972288" total="1048576" percent="92" />
    <arraylet-primitive objects="2" leaves="2" largest="1" />
    <remembered-set count="4416" freebytes="777600" totalbytes="795264" percent="97" regionsoverflowed="0" regionsstable="0" regionsrebuilding="0"/>
  </mem-info>
</gc-end>
<cycle-end id="133" type="partial gc" contextid="123" timestamp="2019-06-15T06:32:56.561" />
  <attribute name="elasticGC enabled" value="1" />
  <attribute name= "numThreadsSpecified" value="4" />
  <attribute name="heapSize specified" value="0" />
  <attribute name="Current GC Util" value="25" />
  <attribute name= "Current Time Running" value="1165" />
  <attribute name ="GC Interval" value="0" />
  <attribute name="ProportionalT" value="2.500000" />
  <attribute name="ProportionalI" value="2.500000" />
  <attribute name="ProportionalH" value="2.500000" />
  <attribute name="Current Error" value="5.000000" />
  <attribute name="IntegralT" value="5.000000" />
  <attribute name="IntegralI" value="5.000000" />
  <attribute name="IntegralH" value="5.000000" />
  <attribute name="DerivativeT" value="-86.000000" />
  <attribute name="DerivativeI" value="-86.000000" />
  <attribute name="DerivativeH" value="-86.000000" />
  <attribute name="Loop Time for DT" value="1.000000" />
  <attribute name="Output H" value="2091843584"/>
  <attribute name="Output I" value="200"/>
  <attribute name="Output T" value="4"/>
  <attribute name="Target GC Util Change" value ="20.000000" />
  <attribute name="Current GC Util Change" value="25.000000"/>
  <attribute name="GC Util currently" value="25" />
  <attribute name="CPU Util currently" value="6102801917937" />
<exclusive-end id="134" timestamp="2019-06-15T06:32:56.561" durationms="5.771" />

<exclusive-start id="135" timestamp="2019-06-15T06:32:56.571" intervalms="15.302">
  <response-info timems="0.021" idlems="0.021" threads="0" lastid="00000000018D2D00" lastname="Thread-8" />
</exclusive-start>
<allocation-taxation id="136" taxation-threshold="7340032" timestamp="2019-06-15T06:32:56.571" intervalms="15.311" />
<cycle-start id="137" type="partial gc" contextid="0" timestamp="2019-06-15T06:32:56.571" intervalms="15.330" />
<gc-start id="138" type="partial gc" contextid="137" timestamp="2019-06-15T06:32:56.571">
  <mem-info id="139" free="0" total="19922944" percent="0">
    <mem type="eden" free="0" total="7340032" percent="0" />
    <arraylet-primitive objects="2" leaves="2" largest="1" />
    <remembered-set count="4416" freebytes="777600" totalbytes="795264" percent="97" regionsoverflowed="0" regionsstable="0" regionsrebuilding="0"/>
  </mem-info>
</gc-start>
<allocation-stats totalBytes="7338800" >
  <allocated-bytes non-tlh="0" tlh="7338800" arrayletleaf="0"/>
  <largest-consumer threadName="Thread-10" threadId="00000000018D6900" bytes="2391760" />
</allocation-stats>
<gc-op id="140" type="mark" timems="1.052" contextid="137" timestamp="2019-06-15T06:32:56.573">
  <trace-info objectcount="5597" scancount="5597" scanbytes="135896" />
  <cardclean-info objects="7873" bytes="379184" />
  <remembered-set-cleared processed="2806" cleared="491" durationms="0.106" />
  <stringconstants candidates="4596" cleared="0"  />
  <warning details="Mark invoked due to insufficient free space for Copy-Forward" />
</gc-op>
<gc-op id="141" type="classunload" timems="0.001" contextid="137" timestamp="2019-06-15T06:32:56.573">
  <classunload-info classloadercandidates="8" classloadersunloaded="0" classesunloaded="0" anonymousclassesunloaded="0" quiescems="0.000" setupms="0.001" scanms="0.000" postms="0.000" />
</gc-op>
<gc-op id="142" type="sweep" timems="0.450" contextid="137" timestamp="2019-06-15T06:32:56.574" />
<gc-op id="143" type="compact" timems="1.439" contextid="137" timestamp="2019-06-15T06:32:56.575">
  <compact-info movecount="5286" movebytes="128432" />
  <remembered-set-cleared processed="5681" cleared="1047" durationms="0.106" />
</gc-op>
<heap-resize id="144" type="expand" space="default" amount="2097152" count="1" timems="0.063" reason="insufficient free space following gc" timestamp="2019-06-15T06:32:56.576" />
<gc-end id="145" type="partial gc" contextid="137" durationms="4.512" usertimems="8.000" systemtimems="0.000" timestamp="2019-06-15T06:32:56.576" activeThreads="4">
  <mem-info id="146" free="8388608" total="22020096" percent="38">
    <mem type="eden" free="980744" total="1048576" percent="93" />
    <arraylet-primitive objects="2" leaves="2" largest="1" />
    <remembered-set count="5440" freebytes="857216" totalbytes="878976" percent="97" regionsoverflowed="0" regionsstable="0" regionsrebuilding="0"/>
  </mem-info>
</gc-end>
<cycle-end id="147" type="partial gc" contextid="137" timestamp="2019-06-15T06:32:56.576" />
  <attribute name="elasticGC enabled" value="1" />
  <attribute name= "numThreadsSpecified" value="4" />
  <attribute name="heapSize specified" value="0" />
  <attribute name="Current GC Util" value="31" />
  <attribute name= "Current Time Running" value="1180" />
  <attribute name ="GC Interval" value="0" />
  <attribute name="ProportionalT" value="5.500000" />
  <attribute name="ProportionalI" value="5.500000" />
  <attribute name="ProportionalH" value="5.500000" />
  <attribute name="Current Error" value="11.000000" />
  <attribute name="IntegralT" value="11.000000" />
  <attribute name="IntegralI" value="11.000000" />
  <attribute name="IntegralH" value="11.000000" />
  <attribute name="DerivativeT" value="11.000000" />
  <attribute name="DerivativeI" value="11.000000" />
  <attribute name="DerivativeH" value="11.000000" />
  <attribute name="Loop Time for DT" value="1.000000" />
  <attribute name="Output H" value="8388608"/>
  <attribute name="Output I" value="200"/>
  <attribute name="Output T" value="4"/>
  <attribute name="Target GC Util Change" value ="20.000000" />
  <attribute name="Current GC Util Change" value="31.000000"/>
  <attribute name="GC Util currently" value="31" />
  <attribute name="CPU Util currently" value="6356308316825" />
<exclusive-end id="148" timestamp="2019-06-15T06:32:56.576" durationms="5.454" />

<exclusive-start id="149" timestamp="2019-06-15T06:32:56.595" intervalms="24.362">
  <response-info timems="1.866" idlems="0.944" threads="1" lastid="00000000018DA500" lastname="Thread-9" />
</exclusive-start>
<allocation-taxation id="150" taxation-threshold="8388608" timestamp="2019-06-15T06:32:56.595" intervalms="24.352" />
<cycle-start id="151" type="partial gc" contextid="0" timestamp="2019-06-15T06:32:56.595" intervalms="24.336" />
<gc-start id="152" type="partial gc" contextid="151" timestamp="2019-06-15T06:32:56.596">
  <mem-info id="153" free="0" total="22020096" percent="0">
    <mem type="eden" free="0" total="8388608" percent="0" />
    <arraylet-primitive objects="2" leaves="2" largest="1" />
    <remembered-set count="5440" freebytes="857216" totalbytes="878976" percent="97" regionsoverflowed="0" regionsstable="0" regionsrebuilding="0"/>
  </mem-info>
</gc-start>
<allocation-stats totalBytes="8387544" >
  <allocated-bytes non-tlh="256" tlh="8387288" arrayletleaf="0"/>
  <largest-consumer threadName="Thread-8" threadId="00000000018D2D00" bytes="4349152" />
</allocation-stats>
<gc-op id="154" type="mark" timems="1.193" contextid="151" timestamp="2019-06-15T06:32:56.597">
  <trace-info objectcount="5079" scancount="5054" scanbytes="123320" />
  <cardclean-info objects="6531" bytes="317680" />
  <remembered-set-cleared processed="3419" cleared="597" durationms="0.133" />
  <stringconstants candidates="4597" cleared="0"  />
  <warning details="Mark invoked due to insufficient free space for Copy-Forward" />
</gc-op>
<gc-op id="155" type="classunload" timems="0.003" contextid="151" timestamp="2019-06-15T06:32:56.597">
  <classunload-info classloadercandidates="8" classloadersunloaded="0" classesunloaded="0" anonymousclassesunloaded="0" quiescems="0.000" setupms="0.002" scanms="0.000" postms="0.000" />
</gc-op>
<gc-op id="156" type="sweep" timems="0.510" contextid="151" timestamp="2019-06-15T06:32:56.598" />
<gc-op id="157" type="compact" timems="1.254" contextid="151" timestamp="2019-06-15T06:32:56.600">
  <compact-info movecount="4987" movebytes="141960" />
  <remembered-set-cleared processed="6882" cleared="1226" durationms="0.133" />
</gc-op>
<heap-resize id="158" type="expand" space="default" amount="1048576" count="1" timems="0.051" reason="insufficient free space following gc" timestamp="2019-06-15T06:32:56.600" />
<gc-end id="159" type="partial gc" contextid="151" durationms="4.457" usertimems="4.000" systemtimems="4.000" timestamp="2019-06-15T06:32:56.600" activeThreads="4">
  <mem-info id="160" free="8388608" total="23068672" percent="36">
    <mem type="eden" free="963208" total="1048576" percent="91" />
    <arraylet-primitive objects="2" leaves="2" largest="1" />
    <remembered-set count="6464" freebytes="894976" totalbytes="920832" percent="97" regionsoverflowed="0" regionsstable="0" regionsrebuilding="0"/>
  </mem-info>
</gc-end>
<cycle-end id="161" type="partial gc" contextid="151" timestamp="2019-06-15T06:32:56.600" />
  <attribute name="elasticGC enabled" value="1" />
  <attribute name= "numThreadsSpecified" value="4" />
  <attribute name="heapSize specified" value="0" />
  <attribute name="Current GC Util" value="28" />
  <attribute name= "Current Time Running" value="1205" />
  <attribute name ="GC Interval" value="0" />
  <attribute name="ProportionalT" value="4.000000" />
  <attribute name="ProportionalI" value="4.000000" />
  <attribute name="ProportionalH" value="4.000000" />
  <attribute name="Current Error" value="8.000000" />
  <attribute name="IntegralT" value="8.000000" />
  <attribute name="IntegralI" value="8.000000" />
  <attribute name="IntegralH" value="8.000000" />
  <attribute name="DerivativeT" value="8.000000" />
  <attribute name="DerivativeI" value="8.000000" />
  <attribute name="DerivativeH" value="8.000000" />
  <attribute name="Loop Time for DT" value="1.000000" />
  <attribute name="Output H" value="8388608"/>
  <attribute name="Output I" value="200"/>
  <attribute name="Output T" value="4"/>
  <attribute name="Target GC Util Change" value ="20.000000" />
  <attribute name="Current GC Util Change" value="28.000000"/>
  <attribute name="GC Util currently" value="28" />
  <attribute name="CPU Util currently" value="6460925713437" />
<exclusive-end id="162" timestamp="2019-06-15T06:32:56.600" durationms="5.362" />

<exclusive-start id="163" timestamp="2019-06-15T06:32:56.616" intervalms="21.337">
  <response-info timems="0.259" idlems="0.155" threads="1" lastid="00000000018DA500" lastname="Thread-9" />
</exclusive-start>
<allocation-taxation id="164" taxation-threshold="8388608" timestamp="2019-06-15T06:32:56.617" intervalms="21.362" />
<cycle-start id="165" type="partial gc" contextid="0" timestamp="2019-06-15T06:32:56.617" intervalms="21.397" />
<gc-start id="166" type="partial gc" contextid="165" timestamp="2019-06-15T06:32:56.617">
  <mem-info id="167" free="0" total="23068672" percent="0">
    <mem type="eden" free="0" total="8388608" percent="0" />
    <arraylet-primitive objects="2" leaves="2" largest="1" />
    <remembered-set count="5984" freebytes="896896" totalbytes="920832" percent="97" regionsoverflowed="0" regionsstable="0" regionsrebuilding="0"/>
  </mem-info>
</gc-start>
<allocation-stats totalBytes="8387384" >
  <allocated-bytes non-tlh="0" tlh="8387384" arrayletleaf="0"/>
  <largest-consumer threadName="Thread-8" threadId="00000000018D2D00" bytes="4025856" />
</allocation-stats>
<gc-op id="168" type="mark" timems="1.299" contextid="165" timestamp="2019-06-15T06:32:56.619">
  <trace-info objectcount="14917" scancount="14895" scanbytes="634896" />
  <cardclean-info objects="3750" bytes="189728" />
  <remembered-set-cleared processed="3958" cleared="554" durationms="0.093" />
  <stringconstants candidates="4597" cleared="0"  />
  <warning details="Mark invoked due to insufficient free space for Copy-Forward" />
</gc-op>
<gc-op id="169" type="classunload" timems="0.002" contextid="165" timestamp="2019-06-15T06:32:56.619">
  <classunload-info classloadercandidates="8" classloadersunloaded="0" classesunloaded="0" anonymousclassesunloaded="0" quiescems="0.000" setupms="0.002" scanms="0.000" postms="0.000" />
</gc-op>
<gc-op id="170" type="sweep" timems="0.453" contextid="165" timestamp="2019-06-15T06:32:56.620" />
<gc-op id="171" type="compact" timems="1.482" contextid="165" timestamp="2019-06-15T06:32:56.621">
  <compact-info movecount="14814" movebytes="648952" />
  <remembered-set-cleared processed="8014" cleared="1200" durationms="0.093" />
</gc-op>
<heap-resize id="172" type="expand" space="default" amount="1048576" count="1" timems="0.053" reason="insufficient free space following gc" timestamp="2019-06-15T06:32:56.622" />
<gc-end id="173" type="partial gc" contextid="165" durationms="4.975" usertimems="8.000" systemtimems="0.000" timestamp="2019-06-15T06:32:56.622" activeThreads="4">
  <mem-info id="174" free="8388608" total="24117248" percent="34">
    <mem type="eden" free="473560" total="1048576" percent="45" />
    <arraylet-primitive objects="2" leaves="2" largest="1" />
    <remembered-set count="6688" freebytes="935936" totalbytes="962688" percent="97" regionsoverflowed="0" regionsstable="0" regionsrebuilding="0"/>
  </mem-info>
</gc-end>
<cycle-end id="175" type="partial gc" contextid="165" timestamp="2019-06-15T06:32:56.622" />
  <attribute name="elasticGC enabled" value="1" />
  <attribute name= "numThreadsSpecified" value="4" />
  <attribute name="heapSize specified" value="0" />
  <attribute name="Current GC Util" value="38" />
  <attribute name= "Current Time Running" value="1226" />
  <attribute name ="GC Interval" value="0" />
  <attribute name="ProportionalT" value="9.000000" />
  <attribute name="ProportionalI" value="9.000000" />
  <attribute name="ProportionalH" value="9.000000" />
  <attribute name="Current Error" value="18.000000" />
  <attribute name="IntegralT" value="18.000000" />
  <attribute name="IntegralI" value="18.000000" />
  <attribute name="IntegralH" value="18.000000" />
  <attribute name="DerivativeT" value="18.000000" />
  <attribute name="DerivativeI" value="18.000000" />
  <attribute name="DerivativeH" value="18.000000" />
  <attribute name="Loop Time for DT" value="1.000000" />
  <attribute name="Output H" value="8388608"/>
  <attribute name="Output I" value="200"/>
  <attribute name="Output T" value="4"/>
  <attribute name="Target GC Util Change" value ="20.000000" />
  <attribute name="Current GC Util Change" value="38.000000"/>
  <attribute name="GC Util currently" value="38" />
  <attribute name="CPU Util currently" value="6563874054606" />
<exclusive-end id="176" timestamp="2019-06-15T06:32:56.622" durationms="6.129" />

<exclusive-start id="177" timestamp="2019-06-15T06:32:56.631" intervalms="14.501">
  <response-info timems="0.023" idlems="0.023" threads="0" lastid="00000000018DE100" lastname="Thread-7" />
</exclusive-start>
<allocation-taxation id="178" taxation-threshold="8388608" timestamp="2019-06-15T06:32:56.631" intervalms="14.498" />
<cycle-start id="179" type="partial gc" contextid="0" timestamp="2019-06-15T06:32:56.631" intervalms="14.522" />
<gc-start id="180" type="partial gc" contextid="179" timestamp="2019-06-15T06:32:56.631">
  <mem-info id="181" free="0" total="24117248" percent="0">
    <mem type="eden" free="0" total="8388608" percent="0" />
    <arraylet-primitive objects="2" leaves="2" largest="1" />
    <remembered-set count="6208" freebytes="937856" totalbytes="962688" percent="97" regionsoverflowed="0" regionsstable="0" regionsrebuilding="0"/>
  </mem-info>
</gc-start>
<allocation-stats totalBytes="8387384" >
  <allocated-bytes non-tlh="0" tlh="8387384" arrayletleaf="0"/>
  <largest-consumer threadName="Thread-10" threadId="00000000018D6900" bytes="2195208" />
</allocation-stats>
<gc-op id="182" type="mark" timems="1.172" contextid="179" timestamp="2019-06-15T06:32:56.633">
  <trace-info objectcount="15432" scancount="15432" scanbytes="648884" />
  <cardclean-info objects="2526" bytes="142616" />
  <remembered-set-cleared processed="4431" cleared="385" durationms="0.096" />
  <stringconstants candidates="4597" cleared="0"  />
  <warning details="Mark invoked due to insufficient free space for Copy-Forward" />
</gc-op>
<gc-op id="183" type="classunload" timems="0.002" contextid="179" timestamp="2019-06-15T06:32:56.633">
  <classunload-info classloadercandidates="8" classloadersunloaded="0" classesunloaded="0" anonymousclassesunloaded="0" quiescems="0.000" setupms="0.002" scanms="0.000" postms="0.000" />
</gc-op>
<gc-op id="184" type="sweep" timems="0.464" contextid="179" timestamp="2019-06-15T06:32:56.634" />
<gc-op id="185" type="compact" timems="2.013" contextid="179" timestamp="2019-06-15T06:32:56.636">
  <compact-info movecount="11340" movebytes="447248" />
  <remembered-set-cleared processed="8957" cleared="859" durationms="0.096" />
</gc-op>
<heap-resize id="186" type="expand" space="default" amount="2097152" count="1" timems="0.056" reason="insufficient free space following gc" timestamp="2019-06-15T06:32:56.636" />
<gc-end id="187" type="partial gc" contextid="179" durationms="5.123" usertimems="4.000" systemtimems="0.000" timestamp="2019-06-15T06:32:56.637" activeThreads="1">
  <mem-info id="188" free="9437184" total="26214400" percent="36">
    <mem type="eden" free="969272" total="1048576" percent="92" />
    <arraylet-primitive objects="2" leaves="2" largest="1" />
    <remembered-set count="7200" freebytes="1017600" totalbytes="1046400" percent="97" regionsoverflowed="0" regionsstable="0" regionsrebuilding="0"/>
  </mem-info>
</gc-end>
<cycle-end id="189" type="partial gc" contextid="179" timestamp="2019-06-15T06:32:56.637" />
  <attribute name="elasticGC enabled" value="1" />
  <attribute name= "numThreadsSpecified" value="1" />
  <attribute name="heapSize specified" value="0" />
  <attribute name="Current GC Util" value="33" />
  <attribute name= "Current Time Running" value="1240" />
  <attribute name ="GC Interval" value="0" />
  <attribute name="ProportionalT" value="6.500000" />
  <attribute name="ProportionalI" value="6.500000" />
  <attribute name="ProportionalH" value="6.500000" />
  <attribute name="Current Error" value="13.000000" />
  <attribute name="IntegralT" value="0.000000" />
  <attribute name="IntegralI" value="0.000000" />
  <attribute name="IntegralH" value="0.000000" />
  <attribute name="DerivativeT" value="inf" />
  <attribute name="DerivativeI" value="inf" />
  <attribute name="DerivativeH" value="inf" />
  <attribute name="Loop Time for DT" value="0.000000" />
  <attribute name="Output H" value="8388608"/>
  <attribute name="Output I" value="200"/>
  <attribute name="Output T" value="1"/>
  <attribute name="Target GC Util Change" value ="20.000000" />
  <attribute name="Current GC Util Change" value="33.000000"/>
  <attribute name="GC Util currently" value="33" />
  <attribute name="CPU Util currently" value="6526457183670" />
<exclusive-end id="190" timestamp="2019-06-15T06:32:56.637" durationms="6.191" />

<exclusive-start id="191" timestamp="2019-06-15T06:32:56.653" intervalms="21.842">
  <response-info timems="0.021" idlems="0.021" threads="0" lastid="00000000018D2D00" lastname="Thread-8" />
</exclusive-start>
<allocation-taxation id="192" taxation-threshold="9437184" timestamp="2019-06-15T06:32:56.653" intervalms="21.817" />
<cycle-start id="193" type="partial gc" contextid="0" timestamp="2019-06-15T06:32:56.653" intervalms="21.775" />
<gc-start id="194" type="partial gc" contextid="193" timestamp="2019-06-15T06:32:56.653">
  <mem-info id="195" free="0" total="26214400" percent="0">
    <mem type="eden" free="0" total="9437184" percent="0" />
    <arraylet-primitive objects="2" leaves="2" largest="1" />
    <remembered-set count="6880" freebytes="1018880" totalbytes="1046400" percent="97" regionsoverflowed="0" regionsstable="0" regionsrebuilding="0"/>
  </mem-info>
</gc-start>
<allocation-stats totalBytes="9435888" >
  <allocated-bytes non-tlh="0" tlh="9435888" arrayletleaf="0"/>
  <largest-consumer threadName="Thread-8" threadId="00000000018D2D00" bytes="2678424" />
</allocation-stats>
<gc-op id="196" type="mark" timems="1.097" contextid="193" timestamp="2019-06-15T06:32:56.655">
  <trace-info objectcount="6631" scancount="6631" scanbytes="163308" />
  <cardclean-info objects="8397" bytes="420848" />
  <remembered-set-cleared processed="4663" cleared="407" durationms="0.102" />
  <stringconstants candidates="4597" cleared="0"  />
  <warning details="Mark invoked due to insufficient free space for Copy-Forward" />
</gc-op>
<gc-op id="197" type="classunload" timems="0.002" contextid="193" timestamp="2019-06-15T06:32:56.655">
  <classunload-info classloadercandidates="8" classloadersunloaded="0" classesunloaded="0" anonymousclassesunloaded="0" quiescems="0.000" setupms="0.002" scanms="0.000" postms="0.000" />
</gc-op>
<gc-op id="198" type="sweep" timems="0.456" contextid="193" timestamp="2019-06-15T06:32:56.656" />
<gc-op id="199" type="compact" timems="1.452" contextid="193" timestamp="2019-06-15T06:32:56.657">
  <compact-info movecount="6543" movebytes="158536" />
  <remembered-set-cleared processed="9422" cleared="904" durationms="0.102" />
</gc-op>
<heap-resize id="200" type="expand" space="default" amount="1048576" count="1" timems="0.052" reason="insufficient free space following gc" timestamp="2019-06-15T06:32:56.658" />
<gc-end id="201" type="partial gc" contextid="193" durationms="4.598" usertimems="4.000" systemtimems="0.000" timestamp="2019-06-15T06:32:56.658" activeThreads="4">
  <mem-info id="202" free="9437184" total="27262976" percent="34">
    <mem type="eden" free="960672" total="1048576" percent="91" />
    <arraylet-primitive objects="2" leaves="2" largest="1" />
    <remembered-set count="7264" freebytes="1059200" totalbytes="1088256" percent="97" regionsoverflowed="0" regionsstable="0" regionsrebuilding="0"/>
  </mem-info>
</gc-end>
<cycle-end id="203" type="partial gc" contextid="193" timestamp="2019-06-15T06:32:56.658" />
  <attribute name="elasticGC enabled" value="1" />
  <attribute name= "numThreadsSpecified" value="4" />
  <attribute name="heapSize specified" value="0" />
  <attribute name="Current GC Util" value="30" />
  <attribute name= "Current Time Running" value="1262" />
  <attribute name ="GC Interval" value="0" />
  <attribute name="ProportionalT" value="5.000000" />
  <attribute name="ProportionalI" value="5.000000" />
  <attribute name="ProportionalH" value="5.000000" />
  <attribute name="Current Error" value="10.000000" />
  <attribute name="IntegralT" value="10.000000" />
  <attribute name="IntegralI" value="10.000000" />
  <attribute name="IntegralH" value="10.000000" />
  <attribute name="DerivativeT" value="10.000000" />
  <attribute name="DerivativeI" value="10.000000" />
  <attribute name="DerivativeH" value="10.000000" />
  <attribute name="Loop Time for DT" value="1.000000" />
  <attribute name="Output H" value="8388608"/>
  <attribute name="Output I" value="200"/>
  <attribute name="Output T" value="4"/>
  <attribute name="Target GC Util Change" value ="20.000000" />
  <attribute name="Current GC Util Change" value="30.000000"/>
  <attribute name="GC Util currently" value="30" />
  <attribute name="CPU Util currently" value="6434279263194" />
<exclusive-end id="204" timestamp="2019-06-15T06:32:56.658" durationms="5.540" />

<exclusive-start id="205" timestamp="2019-06-15T06:32:56.673" intervalms="20.125">
  <response-info timems="0.025" idlems="0.025" threads="0" lastid="00000000018DA500" lastname="Thread-9" />
</exclusive-start>
<allocation-taxation id="206" taxation-threshold="9437184" timestamp="2019-06-15T06:32:56.673" intervalms="20.153" />
<cycle-start id="207" type="partial gc" contextid="0" timestamp="2019-06-15T06:32:56.673" intervalms="20.142" />
<gc-start id="208" type="partial gc" contextid="207" timestamp="2019-06-15T06:32:56.673">
  <mem-info id="209" free="0" total="27262976" percent="0">
    <mem type="eden" free="0" total="9437184" percent="0" />
    <arraylet-primitive objects="2" leaves="2" largest="1" />
    <remembered-set count="7168" freebytes="1059584" totalbytes="1088256" percent="97" regionsoverflowed="0" regionsstable="0" regionsrebuilding="0"/>
  </mem-info>
</gc-start>
<allocation-stats totalBytes="9435840" >
  <allocated-bytes non-tlh="0" tlh="9435840" arrayletleaf="0"/>
  <largest-consumer threadName="Thread-8" threadId="00000000018D2D00" bytes="2850472" />
</allocation-stats>
<gc-op id="210" type="mark" timems="1.117" contextid="207" timestamp="2019-06-15T06:32:56.675">
  <trace-info objectcount="7907" scancount="7907" scanbytes="190976" />
  <cardclean-info objects="9385" bytes="454712" />
  <remembered-set-cleared processed="5303" cleared="535" durationms="0.108" />
  <stringconstants candidates="4597" cleared="0"  />
  <warning details="Mark invoked due to insufficient free space for Copy-Forward" />
</gc-op>
<gc-op id="211" type="classunload" timems="0.002" contextid="207" timestamp="2019-06-15T06:32:56.675">
  <classunload-info classloadercandidates="8" classloadersunloaded="0" classesunloaded="0" anonymousclassesunloaded="0" quiescems="0.000" setupms="0.002" scanms="0.000" postms="0.000" />
</gc-op>
<gc-op id="212" type="sweep" timems="0.455" contextid="207" timestamp="2019-06-15T06:32:56.676" />
<gc-op id="213" type="compact" timems="1.704" contextid="207" timestamp="2019-06-15T06:32:56.678">
  <compact-info movecount="7817" movebytes="188816" />
  <remembered-set-cleared processed="10715" cleared="1174" durationms="0.108" />
</gc-op>
<heap-resize id="214" type="expand" space="default" amount="2097152" count="1" timems="0.058" reason="insufficient free space following gc" timestamp="2019-06-15T06:32:56.678" />
<gc-end id="215" type="partial gc" contextid="207" durationms="4.926" usertimems="4.000" systemtimems="0.000" timestamp="2019-06-15T06:32:56.678" activeThreads="1">
  <mem-info id="216" free="10485760" total="29360128" percent="35">
    <mem type="eden" free="936392" total="1048576" percent="89" />
    <arraylet-primitive objects="2" leaves="2" largest="1" />
    <remembered-set count="8064" freebytes="1139712" totalbytes="1171968" percent="97" regionsoverflowed="0" regionsstable="0" regionsrebuilding="0"/>
  </mem-info>
</gc-end>
<cycle-end id="217" type="partial gc" contextid="207" timestamp="2019-06-15T06:32:56.678" />
  <attribute name="elasticGC enabled" value="1" />
  <attribute name= "numThreadsSpecified" value="1" />
  <attribute name="heapSize specified" value="0" />
  <attribute name="Current GC Util" value="36" />
  <attribute name= "Current Time Running" value="1282" />
  <attribute name ="GC Interval" value="0" />
  <attribute name="ProportionalT" value="8.000000" />
  <attribute name="ProportionalI" value="8.000000" />
  <attribute name="ProportionalH" value="8.000000" />
  <attribute name="Current Error" value="16.000000" />
  <attribute name="IntegralT" value="0.000000" />
  <attribute name="IntegralI" value="0.000000" />
  <attribute name="IntegralH" value="0.000000" />
  <attribute name="DerivativeT" value="inf" />
  <attribute name="DerivativeI" value="inf" />
  <attribute name="DerivativeH" value="inf" />
  <attribute name="Loop Time for DT" value="0.000000" />
  <attribute name="Output H" value="8388608"/>
  <attribute name="Output I" value="200"/>
  <attribute name="Output T" value="1"/>
  <attribute name="Target GC Util Change" value ="20.000000" />
  <attribute name="Current GC Util Change" value="36.000000"/>
  <attribute name="GC Util currently" value="36" />
  <attribute name="CPU Util currently" value="6838540462584" />
<exclusive-end id="218" timestamp="2019-06-15T06:32:56.679" durationms="5.988" />

<exclusive-start id="219" timestamp="2019-06-15T06:32:56.697" intervalms="24.140">
  <response-info timems="0.025" idlems="0.025" threads="0" lastid="00000000018DA500" lastname="Thread-9" />
</exclusive-start>
<allocation-taxation id="220" taxation-threshold="10485760" timestamp="2019-06-15T06:32:56.697" intervalms="24.165" />
<cycle-start id="221" type="partial gc" contextid="0" timestamp="2019-06-15T06:32:56.697" intervalms="24.194" />
<gc-start id="222" type="partial gc" contextid="221" timestamp="2019-06-15T06:32:56.698">
  <mem-info id="223" free="0" total="29360128" percent="0">
    <mem type="eden" free="0" total="10485760" percent="0" />
    <arraylet-primitive objects="2" leaves="2" largest="1" />
    <remembered-set count="7904" freebytes="1140352" totalbytes="1171968" percent="97" regionsoverflowed="0" regionsstable="0" regionsrebuilding="0"/>
  </mem-info>
</gc-start>
<allocation-stats totalBytes="10484208" >
  <allocated-bytes non-tlh="0" tlh="10484208" arrayletleaf="0"/>
  <largest-consumer threadName="Thread-7" threadId="00000000018DE100" bytes="2981432" />
</allocation-stats>
<gc-op id="224" type="mark" timems="1.562" contextid="221" timestamp="2019-06-15T06:32:56.700">
  <trace-info objectcount="17744" scancount="17744" scanbytes="701704" />
  <cardclean-info objects="6913" bytes="340424" />
  <remembered-set-cleared processed="5992" cleared="617" durationms="0.117" />
  <stringconstants candidates="4597" cleared="0"  />
  <warning details="Mark invoked due to insufficient free space for Copy-Forward" />
</gc-op>
<gc-op id="225" type="classunload" timems="0.002" contextid="221" timestamp="2019-06-15T06:32:56.700">
  <classunload-info classloadercandidates="8" classloadersunloaded="0" classesunloaded="0" anonymousclassesunloaded="0" quiescems="0.000" setupms="0.002" scanms="0.000" postms="0.000" />
</gc-op>
<gc-op id="226" type="sweep" timems="0.463" contextid="221" timestamp="2019-06-15T06:32:56.701" />
<gc-op id="227" type="compact" timems="1.762" contextid="221" timestamp="2019-06-15T06:32:56.703">
  <compact-info movecount="17047" movebytes="684984" />
  <remembered-set-cleared processed="12111" cleared="1354" durationms="0.117" />
</gc-op>
<heap-resize id="228" type="expand" space="default" amount="1048576" count="1" timems="0.055" reason="insufficient free space following gc" timestamp="2019-06-15T06:32:56.703" />
<gc-end id="229" type="partial gc" contextid="221" durationms="5.402" usertimems="4.000" systemtimems="0.000" timestamp="2019-06-15T06:32:56.703" activeThreads="4">
  <mem-info id="230" free="10485760" total="30408704" percent="34">
    <mem type="eden" free="452200" total="1048576" percent="43" />
    <arraylet-primitive objects="2" leaves="2" largest="1" />
    <remembered-set count="9504" freebytes="1175808" totalbytes="1213824" percent="96" regionsoverflowed="0" regionsstable="0" regionsrebuilding="0"/>
  </mem-info>
</gc-end>
<cycle-end id="231" type="partial gc" contextid="221" timestamp="2019-06-15T06:32:56.703" />
  <attribute name="elasticGC enabled" value="1" />
  <attribute name= "numThreadsSpecified" value="4" />
  <attribute name="heapSize specified" value="0" />
  <attribute name="Current GC Util" value="34" />
  <attribute name= "Current Time Running" value="1307" />
  <attribute name ="GC Interval" value="0" />
  <attribute name="ProportionalT" value="7.000000" />
  <attribute name="ProportionalI" value="7.000000" />
  <attribute name="ProportionalH" value="7.000000" />
  <attribute name="Current Error" value="14.000000" />
  <attribute name="IntegralT" value="14.000000" />
  <attribute name="IntegralI" value="14.000000" />
  <attribute name="IntegralH" value="14.000000" />
  <attribute name="DerivativeT" value="14.000000" />
  <attribute name="DerivativeI" value="14.000000" />
  <attribute name="DerivativeH" value="14.000000" />
  <attribute name="Loop Time for DT" value="1.000000" />
  <attribute name="Output H" value="8388608"/>
  <attribute name="Output I" value="200"/>
  <attribute name="Output T" value="4"/>
  <attribute name="Target GC Util Change" value ="20.000000" />
  <attribute name="Current GC Util Change" value="34.000000"/>
  <attribute name="GC Util currently" value="34" />
  <attribute name="CPU Util currently" value="6316443616588" />
<exclusive-end id="232" timestamp="2019-06-15T06:32:56.703" durationms="6.516" />

<exclusive-start id="233" timestamp="2019-06-15T06:32:56.715" intervalms="18.190">
  <response-info timems="0.095" idlems="0.075" threads="1" lastid="0000000001585300" lastname="JIT Compilation Thread-0" />
</exclusive-start>
<allocation-taxation id="234" taxation-threshold="10485760" timestamp="2019-06-15T06:32:56.715" intervalms="18.133" />
<cycle-start id="235" type="partial gc" contextid="0" timestamp="2019-06-15T06:32:56.715" intervalms="18.120" />
<gc-start id="236" type="partial gc" contextid="235" timestamp="2019-06-15T06:32:56.716">
  <mem-info id="237" free="0" total="30408704" percent="0">
    <mem type="eden" free="0" total="10485760" percent="0" />
    <arraylet-primitive objects="2" leaves="2" largest="1" />
    <remembered-set count="9024" freebytes="1177728" totalbytes="1213824" percent="97" regionsoverflowed="0" regionsstable="0" regionsrebuilding="0"/>
  </mem-info>
</gc-start>
<allocation-stats totalBytes="10484424" >
  <allocated-bytes non-tlh="0" tlh="10484424" arrayletleaf="0"/>
  <largest-consumer threadName="Thread-8" threadId="00000000018D2D00" bytes="3051184" />
</allocation-stats>
<gc-op id="238" type="mark" timems="1.305" contextid="235" timestamp="2019-06-15T06:32:56.718">
  <trace-info objectcount="16387" scancount="16387" scanbytes="668712" />
  <cardclean-info objects="3626" bytes="179552" />
  <remembered-set-cleared processed="6711" cleared="596" durationms="0.121" />
  <stringconstants candidates="4597" cleared="0"  />
  <warning details="Mark invoked due to insufficient free space for Copy-Forward" />
</gc-op>
<gc-op id="239" type="classunload" timems="0.002" contextid="235" timestamp="2019-06-15T06:32:56.718">
  <classunload-info classloadercandidates="8" classloadersunloaded="0" classesunloaded="0" anonymousclassesunloaded="0" quiescems="0.000" setupms="0.002" scanms="0.000" postms="0.000" />
</gc-op>
<gc-op id="240" type="sweep" timems="0.412" contextid="235" timestamp="2019-06-15T06:32:56.718" />
<gc-op id="241" type="compact" timems="2.120" contextid="235" timestamp="2019-06-15T06:32:56.721">
  <compact-info movecount="15873" movebytes="656384" />
  <remembered-set-cleared processed="13519" cleared="1283" durationms="0.121" />
</gc-op>
<heap-resize id="242" type="expand" space="default" amount="2097152" count="1" timems="0.058" reason="insufficient free space following gc" timestamp="2019-06-15T06:32:56.721" />
<gc-end id="243" type="partial gc" contextid="235" durationms="5.385" usertimems="4.000" systemtimems="0.000" timestamp="2019-06-15T06:32:56.721" activeThreads="4">
  <mem-info id="244" free="11534336" total="32505856" percent="35">
    <mem type="eden" free="970328" total="1048576" percent="92" />
    <arraylet-primitive objects="2" leaves="2" largest="1" />
    <remembered-set count="10784" freebytes="1254400" totalbytes="1297536" percent="96" regionsoverflowed="0" regionsstable="0" regionsrebuilding="0"/>
  </mem-info>
</gc-end>
<cycle-end id="245" type="partial gc" contextid="235" timestamp="2019-06-15T06:32:56.721" />
  <attribute name="elasticGC enabled" value="1" />
  <attribute name= "numThreadsSpecified" value="4" />
  <attribute name="heapSize specified" value="0" />
  <attribute name="Current GC Util" value="34" />
  <attribute name= "Current Time Running" value="1325" />
  <attribute name ="GC Interval" value="0" />
  <attribute name="ProportionalT" value="7.000000" />
  <attribute name="ProportionalI" value="7.000000" />
  <attribute name="ProportionalH" value="7.000000" />
  <attribute name="Current Error" value="14.000000" />
  <attribute name="IntegralT" value="14.000000" />
  <attribute name="IntegralI" value="14.000000" />
  <attribute name="IntegralH" value="14.000000" />
  <attribute name="DerivativeT" value="14.000000" />
  <attribute name="DerivativeI" value="14.000000" />
  <attribute name="DerivativeH" value="14.000000" />
  <attribute name="Loop Time for DT" value="1.000000" />
  <attribute name="Output H" value="8388608"/>
  <attribute name="Output I" value="200"/>
  <attribute name="Output T" value="4"/>
  <attribute name="Target GC Util Change" value ="20.000000" />
  <attribute name="Current GC Util Change" value="34.000000"/>
  <attribute name="GC Util currently" value="34" />
  <attribute name="CPU Util currently" value="6964010310603" />
<exclusive-end id="246" timestamp="2019-06-15T06:32:56.722" durationms="6.358" />

<exclusive-start id="247" timestamp="2019-06-15T06:32:56.732" intervalms="16.887">
  <response-info timems="0.023" idlems="0.023" threads="0" lastid="00000000018D2D00" lastname="Thread-8" />
</exclusive-start>
<allocation-taxation id="248" taxation-threshold="11534336" timestamp="2019-06-15T06:32:56.732" intervalms="16.876" />
<cycle-start id="249" type="partial gc" contextid="0" timestamp="2019-06-15T06:32:56.732" intervalms="16.857" />
<gc-start id="250" type="partial gc" contextid="249" timestamp="2019-06-15T06:32:56.732">
  <mem-info id="251" free="0" total="32505856" percent="0">
    <mem type="eden" free="0" total="11534336" percent="0" />
    <arraylet-primitive objects="2" leaves="2" largest="1" />
    <remembered-set count="10336" freebytes="1256192" totalbytes="1297536" percent="96" regionsoverflowed="0" regionsstable="0" regionsrebuilding="0"/>
  </mem-info>
</gc-start>
<allocation-stats totalBytes="11532800" >
  <allocated-bytes non-tlh="0" tlh="11532800" arrayletleaf="0"/>
  <largest-consumer threadName="Thread-10" threadId="00000000018D6900" bytes="2981536" />
</allocation-stats>
<gc-op id="252" type="mark" timems="1.281" contextid="249" timestamp="2019-06-15T06:32:56.734">
  <trace-info objectcount="12726" scancount="12726" scanbytes="443932" />
  <cardclean-info objects="8767" bytes="425912" />
  <remembered-set-cleared processed="7114" cleared="534" durationms="0.121" />
  <stringconstants candidates="4597" cleared="0"  />
  <warning details="Mark invoked due to insufficient free space for Copy-Forward" />
</gc-op>
<gc-op id="253" type="classunload" timems="0.002" contextid="249" timestamp="2019-06-15T06:32:56.734">
  <classunload-info classloadercandidates="8" classloadersunloaded="0" classesunloaded="0" anonymousclassesunloaded="0" quiescems="0.000" setupms="0.002" scanms="0.000" postms="0.000" />
</gc-op>
<gc-op id="254" type="sweep" timems="0.442" contextid="249" timestamp="2019-06-15T06:32:56.735" />
<gc-op id="255" type="compact" timems="2.090" contextid="249" timestamp="2019-06-15T06:32:56.737">
  <compact-info movecount="12054" movebytes="427808" />
  <remembered-set-cleared processed="14352" cleared="1187" durationms="0.121" />
</gc-op>
<heap-resize id="256" type="expand" space="default" amount="1048576" count="1" timems="0.049" reason="insufficient free space following gc" timestamp="2019-06-15T06:32:56.738" />
<gc-end id="257" type="partial gc" contextid="249" durationms="5.261" usertimems="0.000" systemtimems="4.000" timestamp="2019-06-15T06:32:56.738" activeThreads="1">
  <mem-info id="258" free="11534336" total="33554432" percent="34">
    <mem type="eden" free="679616" total="1048576" percent="64" />
    <arraylet-primitive objects="2" leaves="2" largest="1" />
    <remembered-set count="11296" freebytes="1294208" totalbytes="1339392" percent="96" regionsoverflowed="0" regionsstable="0" regionsrebuilding="0"/>
  </mem-info>
</gc-end>
<cycle-end id="259" type="partial gc" contextid="249" timestamp="2019-06-15T06:32:56.738" />
  <attribute name="elasticGC enabled" value="1" />
  <attribute name= "numThreadsSpecified" value="1" />
  <attribute name="heapSize specified" value="0" />
  <attribute name="Current GC Util" value="30" />
  <attribute name= "Current Time Running" value="1341" />
  <attribute name ="GC Interval" value="0" />
  <attribute name="ProportionalT" value="5.000000" />
  <attribute name="ProportionalI" value="5.000000" />
  <attribute name="ProportionalH" value="5.000000" />
  <attribute name="Current Error" value="10.000000" />
  <attribute name="IntegralT" value="0.000000" />
  <attribute name="IntegralI" value="0.000000" />
  <attribute name="IntegralH" value="0.000000" />
  <attribute name="DerivativeT" value="inf" />
  <attribute name="DerivativeI" value="inf" />
  <attribute name="DerivativeH" value="inf" />
  <attribute name="Loop Time for DT" value="0.000000" />
  <attribute name="Output H" value="8388608"/>
  <attribute name="Output I" value="200"/>
  <attribute name="Output T" value="1"/>
  <attribute name="Target GC Util Change" value ="20.000000" />
  <attribute name="Current GC Util Change" value="30.000000"/>
  <attribute name="GC Util currently" value="30" />
  <attribute name="CPU Util currently" value="6661860154540" />
<exclusive-end id="260" timestamp="2019-06-15T06:32:56.738" durationms="6.067" />

<exclusive-start id="261" timestamp="2019-06-15T06:32:56.750" intervalms="18.397">
  <response-info timems="0.026" idlems="0.026" threads="0" lastid="00000000018DA500" lastname="Thread-9" />
</exclusive-start>
<allocation-taxation id="262" taxation-threshold="11534336" timestamp="2019-06-15T06:32:56.751" intervalms="18.455" />
<cycle-start id="263" type="partial gc" contextid="0" timestamp="2019-06-15T06:32:56.751" intervalms="18.521" />
<gc-start id="264" type="partial gc" contextid="263" timestamp="2019-06-15T06:32:56.751">
  <mem-info id="265" free="0" total="33554432" percent="0">
    <mem type="eden" free="0" total="11534336" percent="0" />
    <arraylet-primitive objects="2" leaves="2" largest="1" />
    <remembered-set count="11072" freebytes="1295104" totalbytes="1339392" percent="96" regionsoverflowed="0" regionsstable="0" regionsrebuilding="0"/>
  </mem-info>
</gc-start>
<allocation-stats totalBytes="11532840" >
  <allocated-bytes non-tlh="0" tlh="11532840" arrayletleaf="0"/>
  <largest-consumer threadName="Thread-10" threadId="00000000018D6900" bytes="3972528" />
</allocation-stats>
<gc-op id="266" type="mark" timems="1.613" contextid="263" timestamp="2019-06-15T06:32:56.753">
  <trace-info objectcount="24653" scancount="24653" scanbytes="1005148" />
  <cardclean-info objects="9256" bytes="457448" />
  <remembered-set-cleared processed="7810" cleared="713" durationms="0.119" />
  <stringconstants candidates="4597" cleared="0"  />
  <warning details="Mark invoked due to insufficient free space for Copy-Forward" />
</gc-op>
<gc-op id="267" type="classunload" timems="0.002" contextid="263" timestamp="2019-06-15T06:32:56.753">
  <classunload-info classloadercandidates="8" classloadersunloaded="0" classesunloaded="0" anonymousclassesunloaded="0" quiescems="0.000" setupms="0.002" scanms="0.000" postms="0.000" />
</gc-op>
<gc-op id="268" type="sweep" timems="0.333" contextid="263" timestamp="2019-06-15T06:32:56.754" />
<gc-op id="269" type="compact" timems="2.062" contextid="263" timestamp="2019-06-15T06:32:56.756">
  <compact-info movecount="22090" movebytes="943648" />
  <remembered-set-cleared processed="15738" cleared="1539" durationms="0.119" />
</gc-op>
<heap-resize id="270" type="expand" space="default" amount="1048576" count="1" timems="0.055" reason="insufficient free space following gc" timestamp="2019-06-15T06:32:56.756" />
<gc-end id="271" type="partial gc" contextid="263" durationms="5.481" usertimems="8.000" systemtimems="0.000" timestamp="2019-06-15T06:32:56.757" activeThreads="4">
  <mem-info id="272" free="11534336" total="34603008" percent="33">
    <mem type="eden" free="406008" total="1048576" percent="38" />
    <arraylet-primitive objects="2" leaves="2" largest="1" />
    <remembered-set count="10944" freebytes="1337472" totalbytes="1381248" percent="96" regionsoverflowed="0" regionsstable="0" regionsrebuilding="0"/>
  </mem-info>
</gc-end>
<cycle-end id="273" type="partial gc" contextid="263" timestamp="2019-06-15T06:32:56.757" />
  <attribute name="elasticGC enabled" value="1" />
  <attribute name= "numThreadsSpecified" value="4" />
  <attribute name="heapSize specified" value="0" />
  <attribute name="Current GC Util" value="36" />
  <attribute name= "Current Time Running" value="1360" />
  <attribute name ="GC Interval" value="0" />
  <attribute name="ProportionalT" value="8.000000" />
  <attribute name="ProportionalI" value="8.000000" />
  <attribute name="ProportionalH" value="8.000000" />
  <attribute name="Current Error" value="16.000000" />
  <attribute name="IntegralT" value="0.000000" />
  <attribute name="IntegralI" value="0.000000" />
  <attribute name="IntegralH" value="0.000000" />
  <attribute name="DerivativeT" value="-inf" />
  <attribute name="DerivativeI" value="-inf" />
  <attribute name="DerivativeH" value="-inf" />
  <attribute name="Loop Time for DT" value="0.000000" />
  <attribute name="Output H" value="2091843584"/>
  <attribute name="Output I" value="200"/>
  <attribute name="Output T" value="4"/>
  <attribute name="Target GC Util Change" value ="20.000000" />
  <attribute name="Current GC Util Change" value="36.000000"/>
  <attribute name="GC Util currently" value="36" />
  <attribute name="CPU Util currently" value="8502621787386" />
<exclusive-end id="274" timestamp="2019-06-15T06:32:56.757" durationms="6.555" />

<exclusive-start id="275" timestamp="2019-06-15T06:32:56.767" intervalms="16.190">
  <response-info timems="0.024" idlems="0.024" threads="0" lastid="00000000018DE100" lastname="Thread-7" />
</exclusive-start>
<allocation-taxation id="276" taxation-threshold="11534336" timestamp="2019-06-15T06:32:56.767" intervalms="16.102" />
<cycle-start id="277" type="partial gc" contextid="0" timestamp="2019-06-15T06:32:56.767" intervalms="16.021" />
<gc-start id="278" type="partial gc" contextid="277" timestamp="2019-06-15T06:32:56.767">
  <mem-info id="279" free="0" total="34603008" percent="0">
    <mem type="eden" free="0" total="11534336" percent="0" />
    <arraylet-primitive objects="2" leaves="2" largest="1" />
    <remembered-set count="10688" freebytes="1338496" totalbytes="1381248" percent="96" regionsoverflowed="0" regionsstable="0" regionsrebuilding="0"/>
  </mem-info>
</gc-start>
<allocation-stats totalBytes="11532824" >
  <allocated-bytes non-tlh="0" tlh="11532824" arrayletleaf="0"/>
  <largest-consumer threadName="Thread-10" threadId="00000000018D6900" bytes="3112696" />
</allocation-stats>
<gc-op id="280" type="mark" timems="1.364" contextid="277" timestamp="2019-06-15T06:32:56.769">
  <trace-info objectcount="18024" scancount="18024" scanbytes="708512" />
  <cardclean-info objects="6372" bytes="314720" />
  <remembered-set-cleared processed="8530" cleared="492" durationms="0.132" />
  <stringconstants candidates="4597" cleared="0"  />
  <warning details="Mark invoked due to insufficient free space for Copy-Forward" />
</gc-op>
<gc-op id="281" type="classunload" timems="0.002" contextid="277" timestamp="2019-06-15T06:32:56.769">
  <classunload-info classloadercandidates="8" classloadersunloaded="0" classesunloaded="0" anonymousclassesunloaded="0" quiescems="0.000" setupms="0.002" scanms="0.000" postms="0.000" />
</gc-op>
<gc-op id="282" type="sweep" timems="0.489" contextid="277" timestamp="2019-06-15T06:32:56.770" />
<gc-op id="283" type="compact" timems="2.098" contextid="277" timestamp="2019-06-15T06:32:56.772">
  <compact-info movecount="17899" movebytes="705520" />
  <remembered-set-cleared processed="17209" cleared="1127" durationms="0.132" />
</gc-op>
<heap-resize id="284" type="expand" space="default" amount="2097152" count="1" timems="0.066" reason="insufficient free space following gc" timestamp="2019-06-15T06:32:56.772" />
<gc-end id="285" type="partial gc" contextid="277" durationms="5.481" usertimems="4.000" systemtimems="0.000" timestamp="2019-06-15T06:32:56.773" activeThreads="4">
  <mem-info id="286" free="12582912" total="36700160" percent="34">
    <mem type="eden" free="974976" total="1048576" percent="92" />
    <arraylet-primitive objects="2" leaves="2" largest="1" />
    <remembered-set count="11968" freebytes="1417088" totalbytes="1464960" percent="96" regionsoverflowed="0" regionsstable="0" regionsrebuilding="0"/>
  </mem-info>
</gc-end>
<cycle-end id="287" type="partial gc" contextid="277" timestamp="2019-06-15T06:32:56.773" />
  <attribute name="elasticGC enabled" value="1" />
  <attribute name= "numThreadsSpecified" value="4" />
  <attribute name="heapSize specified" value="0" />
  <attribute name="Current GC Util" value="32" />
  <attribute name= "Current Time Running" value="1376" />
  <attribute name ="GC Interval" value="0" />
  <attribute name="ProportionalT" value="6.000000" />
  <attribute name="ProportionalI" value="6.000000" />
  <attribute name="ProportionalH" value="6.000000" />
  <attribute name="Current Error" value="12.000000" />
  <attribute name="IntegralT" value="12.000000" />
  <attribute name="IntegralI" value="12.000000" />
  <attribute name="IntegralH" value="12.000000" />
  <attribute name="DerivativeT" value="12.000000" />
  <attribute name="DerivativeI" value="12.000000" />
  <attribute name="DerivativeH" value="12.000000" />
  <attribute name="Loop Time for DT" value="1.000000" />
  <attribute name="Output H" value="8388608"/>
  <attribute name="Output I" value="200"/>
  <attribute name="Output T" value="4"/>
  <attribute name="Target GC Util Change" value ="20.000000" />
  <attribute name="Current GC Util Change" value="32.000000"/>
  <attribute name="GC Util currently" value="32" />
  <attribute name="CPU Util currently" value="6087455734067" />
<exclusive-end id="288" timestamp="2019-06-15T06:32:56.773" durationms="6.351" />

<exclusive-start id="289" timestamp="2019-06-15T06:32:56.784" intervalms="17.164">
  <response-info timems="0.029" idlems="0.029" threads="0" lastid="00000000018D6900" lastname="Thread-10" />
</exclusive-start>
<allocation-taxation id="290" taxation-threshold="12582912" timestamp="2019-06-15T06:32:56.784" intervalms="17.147" />
<cycle-start id="291" type="partial gc" contextid="0" timestamp="2019-06-15T06:32:56.784" intervalms="17.163" />
<gc-start id="292" type="partial gc" contextid="291" timestamp="2019-06-15T06:32:56.784">
  <mem-info id="293" free="0" total="36700160" percent="0">
    <mem type="eden" free="0" total="12582912" percent="0" />
    <arraylet-primitive objects="2" leaves="2" largest="1" />
    <remembered-set count="11808" freebytes="1417728" totalbytes="1464960" percent="96" regionsoverflowed="0" regionsstable="0" regionsrebuilding="0"/>
  </mem-info>
</gc-start>
<allocation-stats totalBytes="12581216" >
  <allocated-bytes non-tlh="0" tlh="12581216" arrayletleaf="0"/>
  <largest-consumer threadName="Thread-10" threadId="00000000018D6900" bytes="3452560" />
</allocation-stats>
<gc-op id="294" type="mark" timems="1.101" contextid="291" timestamp="2019-06-15T06:32:56.786">
  <trace-info objectcount="5743" scancount="5743" scanbytes="139160" />
  <cardclean-info objects="7369" bytes="355136" />
  <remembered-set-cleared processed="9182" cleared="437" durationms="0.140" />
  <stringconstants candidates="4597" cleared="0"  />
  <warning details="Mark invoked due to insufficient free space for Copy-Forward" />
</gc-op>
<gc-op id="295" type="classunload" timems="0.002" contextid="291" timestamp="2019-06-15T06:32:56.786">
  <classunload-info classloadercandidates="8" classloadersunloaded="0" classesunloaded="0" anonymousclassesunloaded="0" quiescems="0.000" setupms="0.002" scanms="0.000" postms="0.000" />
</gc-op>
<gc-op id="296" type="sweep" timems="0.436" contextid="291" timestamp="2019-06-15T06:32:56.787" />
<gc-op id="297" type="compact" timems="1.441" contextid="291" timestamp="2019-06-15T06:32:56.788">
  <compact-info movecount="5417" movebytes="131336" />
  <remembered-set-cleared processed="18481" cleared="985" durationms="0.140" />
</gc-op>
<heap-resize id="298" type="expand" space="default" amount="1048576" count="1" timems="0.051" reason="insufficient free space following gc" timestamp="2019-06-15T06:32:56.788" />
<gc-end id="299" type="partial gc" contextid="291" durationms="4.264" usertimems="4.000" systemtimems="0.000" timestamp="2019-06-15T06:32:56.789" activeThreads="4">
  <mem-info id="300" free="12582912" total="37748736" percent="33">
    <mem type="eden" free="976160" total="1048576" percent="93" />
    <arraylet-primitive objects="2" leaves="2" largest="1" />
    <remembered-set count="12224" freebytes="1457920" totalbytes="1506816" percent="96" regionsoverflowed="0" regionsstable="0" regionsrebuilding="0"/>
  </mem-info>
</gc-end>
<cycle-end id="301" type="partial gc" contextid="291" timestamp="2019-06-15T06:32:56.789" />
  <attribute name="elasticGC enabled" value="1" />
  <attribute name= "numThreadsSpecified" value="4" />
  <attribute name="heapSize specified" value="0" />
  <attribute name="Current GC Util" value="31" />
  <attribute name= "Current Time Running" value="1393" />
  <attribute name ="GC Interval" value="0" />
  <attribute name="ProportionalT" value="5.500000" />
  <attribute name="ProportionalI" value="5.500000" />
  <attribute name="ProportionalH" value="5.500000" />
  <attribute name="Current Error" value="11.000000" />
  <attribute name="IntegralT" value="11.000000" />
  <attribute name="IntegralI" value="11.000000" />
  <attribute name="IntegralH" value="11.000000" />
  <attribute name="DerivativeT" value="11.000000" />
  <attribute name="DerivativeI" value="11.000000" />
  <attribute name="DerivativeH" value="11.000000" />
  <attribute name="Loop Time for DT" value="1.000000" />
  <attribute name="Output H" value="8388608"/>
  <attribute name="Output I" value="200"/>
  <attribute name="Output T" value="4"/>
  <attribute name="Target GC Util Change" value ="20.000000" />
  <attribute name="Current GC Util Change" value="31.000000"/>
  <attribute name="GC Util currently" value="31" />
  <attribute name="CPU Util currently" value="7061722331090" />
<exclusive-end id="302" timestamp="2019-06-15T06:32:56.789" durationms="5.239" />

<exclusive-start id="303" timestamp="2019-06-15T06:32:56.799" intervalms="15.633">
  <response-info timems="0.037" idlems="0.037" threads="0" lastid="00000000018DA500" lastname="Thread-9" />
</exclusive-start>
<allocation-taxation id="304" taxation-threshold="12582912" timestamp="2019-06-15T06:32:56.800" intervalms="15.690" />
<cycle-start id="305" type="partial gc" contextid="0" timestamp="2019-06-15T06:32:56.800" intervalms="15.749" />
<gc-start id="306" type="partial gc" contextid="305" timestamp="2019-06-15T06:32:56.800">
  <mem-info id="307" free="0" total="37748736" percent="0">
    <mem type="eden" free="0" total="12582912" percent="0" />
    <arraylet-primitive objects="2" leaves="2" largest="1" />
    <remembered-set count="12064" freebytes="1458560" totalbytes="1506816" percent="96" regionsoverflowed="0" regionsstable="0" regionsrebuilding="0"/>
  </mem-info>
</gc-start>
<allocation-stats totalBytes="12581064" >
  <allocated-bytes non-tlh="0" tlh="12581064" arrayletleaf="0"/>
  <largest-consumer threadName="Thread-10" threadId="00000000018D6900" bytes="3599936" />
</allocation-stats>
<gc-op id="308" type="mark" timems="1.183" contextid="305" timestamp="2019-06-15T06:32:56.802">
  <trace-info objectcount="10360" scancount="10360" scanbytes="387596" />
  <cardclean-info objects="6745" bytes="329168" />
  <remembered-set-cleared processed="9840" cleared="654" durationms="0.144" />
  <stringconstants candidates="4597" cleared="0"  />
  <warning details="Mark invoked due to insufficient free space for Copy-Forward" />
</gc-op>
<gc-op id="309" type="classunload" timems="0.002" contextid="305" timestamp="2019-06-15T06:32:56.802">
  <classunload-info classloadercandidates="8" classloadersunloaded="0" classesunloaded="0" anonymousclassesunloaded="0" quiescems="0.000" setupms="0.002" scanms="0.000" postms="0.000" />
</gc-op>
<gc-op id="310" type="sweep" timems="0.464" contextid="305" timestamp="2019-06-15T06:32:56.802" />
<gc-op id="311" type="compact" timems="1.459" contextid="305" timestamp="2019-06-15T06:32:56.804">
  <compact-info movecount="10234" movebytes="384576" />
  <remembered-set-cleared processed="19786" cleared="1408" durationms="0.144" />
</gc-op>
<heap-resize id="312" type="expand" space="default" amount="2097152" count="1" timems="0.058" reason="insufficient free space following gc" timestamp="2019-06-15T06:32:56.805" />
<gc-end id="313" type="partial gc" contextid="305" durationms="4.656" usertimems="4.000" systemtimems="0.000" timestamp="2019-06-15T06:32:56.805" activeThreads="4">
  <mem-info id="314" free="13631488" total="39845888" percent="34">
    <mem type="eden" free="725992" total="1048576" percent="69" />
    <arraylet-primitive objects="2" leaves="2" largest="1" />
    <remembered-set count="13280" freebytes="1537408" totalbytes="1590528" percent="96" regionsoverflowed="0" regionsstable="0" regionsrebuilding="0"/>
  </mem-info>
</gc-end>
<cycle-end id="315" type="partial gc" contextid="305" timestamp="2019-06-15T06:32:56.805" />
  <attribute name="elasticGC enabled" value="1" />
  <attribute name= "numThreadsSpecified" value="4" />
  <attribute name="heapSize specified" value="0" />
  <attribute name="Current GC Util" value="33" />
  <attribute name= "Current Time Running" value="1409" />
  <attribute name ="GC Interval" value="0" />
  <attribute name="ProportionalT" value="6.500000" />
  <attribute name="ProportionalI" value="6.500000" />
  <attribute name="ProportionalH" value="6.500000" />
  <attribute name="Current Error" value="13.000000" />
  <attribute name="IntegralT" value="13.000000" />
  <attribute name="IntegralI" value="13.000000" />
  <attribute name="IntegralH" value="13.000000" />
  <attribute name="DerivativeT" value="13.000000" />
  <attribute name="DerivativeI" value="13.000000" />
  <attribute name="DerivativeH" value="13.000000" />
  <attribute name="Loop Time for DT" value="1.000000" />
  <attribute name="Output H" value="8388608"/>
  <attribute name="Output I" value="200"/>
  <attribute name="Output T" value="4"/>
  <attribute name="Target GC Util Change" value ="20.000000" />
  <attribute name="Current GC Util Change" value="33.000000"/>
  <attribute name="GC Util currently" value="33" />
  <attribute name="CPU Util currently" value="6366715789447" />
<exclusive-end id="316" timestamp="2019-06-15T06:32:56.805" durationms="5.508" />

<exclusive-start id="317" timestamp="2019-06-15T06:32:56.820" intervalms="20.164">
  <response-info timems="0.186" idlems="0.103" threads="1" lastid="00000000018DA500" lastname="Thread-9" />
</exclusive-start>
<allocation-taxation id="318" taxation-threshold="13631488" timestamp="2019-06-15T06:32:56.820" intervalms="20.171" />
<cycle-start id="319" type="partial gc" contextid="0" timestamp="2019-06-15T06:32:56.820" intervalms="20.122" />
<gc-start id="320" type="partial gc" contextid="319" timestamp="2019-06-15T06:32:56.820">
  <mem-info id="321" free="0" total="39845888" percent="0">
    <mem type="eden" free="0" total="13631488" percent="0" />
    <arraylet-primitive objects="2" leaves="2" largest="1" />
    <remembered-set count="13280" freebytes="1537408" totalbytes="1590528" percent="96" regionsoverflowed="0" regionsstable="0" regionsrebuilding="0"/>
  </mem-info>
</gc-start>
<allocation-stats totalBytes="13629904" >
  <allocated-bytes non-tlh="0" tlh="13629904" arrayletleaf="0"/>
  <largest-consumer threadName="Thread-10" threadId="00000000018D6900" bytes="4816248" />
</allocation-stats>
<gc-op id="322" type="mark" timems="1.230" contextid="319" timestamp="2019-06-15T06:32:56.822">
  <trace-info objectcount="10490" scancount="10490" scanbytes="390732" />
  <cardclean-info objects="5866" bytes="286976" />
  <remembered-set-cleared processed="10479" cleared="522" durationms="0.153" />
  <stringconstants candidates="4597" cleared="0"  />
  <warning details="Mark invoked due to insufficient free space for Copy-Forward" />
</gc-op>
<gc-op id="323" type="classunload" timems="0.002" contextid="319" timestamp="2019-06-15T06:32:56.822">
  <classunload-info classloadercandidates="8" classloadersunloaded="0" classesunloaded="0" anonymousclassesunloaded="0" quiescems="0.000" setupms="0.002" scanms="0.000" postms="0.000" />
</gc-op>
<gc-op id="324" type="sweep" timems="0.475" contextid="319" timestamp="2019-06-15T06:32:56.823" />
<gc-op id="325" type="compact" timems="1.601" contextid="319" timestamp="2019-06-15T06:32:56.825">
  <compact-info movecount="10236" movebytes="384640" />
  <remembered-set-cleared processed="21104" cleared="1185" durationms="0.153" />
</gc-op>
<heap-resize id="326" type="expand" space="default" amount="1048576" count="1" timems="0.052" reason="insufficient free space following gc" timestamp="2019-06-15T06:32:56.825" />
<gc-end id="327" type="partial gc" contextid="319" durationms="4.859" usertimems="8.000" systemtimems="0.000" timestamp="2019-06-15T06:32:56.825" activeThreads="4">
  <mem-info id="328" free="13631488" total="40894464" percent="33">
    <mem type="eden" free="971376" total="1048576" percent="92" />
    <arraylet-primitive objects="2" leaves="2" largest="1" />
    <remembered-set count="13568" freebytes="1578112" totalbytes="1632384" percent="96" regionsoverflowed="0" regionsstable="0" regionsrebuilding="0"/>
  </mem-info>
</gc-end>
<cycle-end id="329" type="partial gc" contextid="319" timestamp="2019-06-15T06:32:56.825" />
  <attribute name="elasticGC enabled" value="1" />
  <attribute name= "numThreadsSpecified" value="4" />
  <attribute name="heapSize specified" value="0" />
  <attribute name="Current GC Util" value="32" />
  <attribute name= "Current Time Running" value="1429" />
  <attribute name ="GC Interval" value="0" />
  <attribute name="ProportionalT" value="6.000000" />
  <attribute name="ProportionalI" value="6.000000" />
  <attribute name="ProportionalH" value="6.000000" />
  <attribute name="Current Error" value="12.000000" />
  <attribute name="IntegralT" value="12.000000" />
  <attribute name="IntegralI" value="12.000000" />
  <attribute name="IntegralH" value="12.000000" />
  <attribute name="DerivativeT" value="12.000000" />
  <attribute name="DerivativeI" value="12.000000" />
  <attribute name="DerivativeH" value="12.000000" />
  <attribute name="Loop Time for DT" value="1.000000" />
  <attribute name="Output H" value="8388608"/>
  <attribute name="Output I" value="200"/>
  <attribute name="Output T" value="4"/>
  <attribute name="Target GC Util Change" value ="20.000000" />
  <attribute name="Current GC Util Change" value="32.000000"/>
  <attribute name="GC Util currently" value="32" />
  <attribute name="CPU Util currently" value="6218973496005" />
<exclusive-end id="330" timestamp="2019-06-15T06:32:56.825" durationms="5.801" />

<exclusive-start id="331" timestamp="2019-06-15T06:32:56.837" intervalms="17.068">
  <response-info timems="0.216" idlems="0.216" threads="0" lastid="00000000018D2D00" lastname="Thread-8" />
</exclusive-start>
<allocation-taxation id="332" taxation-threshold="13631488" timestamp="2019-06-15T06:32:56.837" intervalms="17.048" />
<cycle-start id="333" type="partial gc" contextid="0" timestamp="2019-06-15T06:32:56.837" intervalms="17.044" />
<gc-start id="334" type="partial gc" contextid="333" timestamp="2019-06-15T06:32:56.837">
  <mem-info id="335" free="0" total="40894464" percent="0">
    <mem type="eden" free="0" total="13631488" percent="0" />
    <arraylet-primitive objects="2" leaves="2" largest="1" />
    <remembered-set count="13248" freebytes="1579392" totalbytes="1632384" percent="96" regionsoverflowed="0" regionsstable="0" regionsrebuilding="0"/>
  </mem-info>
</gc-start>
<allocation-stats totalBytes="13629688" >
  <allocated-bytes non-tlh="0" tlh="13629688" arrayletleaf="0"/>
  <largest-consumer threadName="Thread-10" threadId="00000000018D6900" bytes="3636792" />
</allocation-stats>
<gc-op id="336" type="mark" timems="1.084" contextid="333" timestamp="2019-06-15T06:32:56.839">
  <trace-info objectcount="6098" scancount="6098" scanbytes="147968" />
  <cardclean-info objects="8207" bytes="395360" />
  <remembered-set-cleared processed="10965" cleared="610" durationms="0.149" />
  <stringconstants candidates="4597" cleared="0"  />
  <warning details="Mark invoked due to insufficient free space for Copy-Forward" />
</gc-op>
<gc-op id="337" type="classunload" timems="0.002" contextid="333" timestamp="2019-06-15T06:32:56.839">
  <classunload-info classloadercandidates="8" classloadersunloaded="0" classesunloaded="0" anonymousclassesunloaded="0" quiescems="0.000" setupms="0.001" scanms="0.000" postms="0.000" />
</gc-op>
<gc-op id="338" type="sweep" timems="0.446" contextid="333" timestamp="2019-06-15T06:32:56.839" />
<gc-op id="339" type="compact" timems="1.411" contextid="333" timestamp="2019-06-15T06:32:56.841">
  <compact-info movecount="5069" movebytes="123272" />
  <remembered-set-cleared processed="22047" cleared="1331" durationms="0.149" />
</gc-op>
<heap-resize id="340" type="expand" space="default" amount="2097152" count="1" timems="0.057" reason="insufficient free space following gc" timestamp="2019-06-15T06:32:56.841" />
<gc-end id="341" type="partial gc" contextid="333" durationms="4.340" usertimems="0.000" systemtimems="4.000" timestamp="2019-06-15T06:32:56.841" activeThreads="4">
  <mem-info id="342" free="14680064" total="42991616" percent="34">
    <mem type="eden" free="968744" total="1048576" percent="92" />
    <arraylet-primitive objects="2" leaves="2" largest="1" />
    <remembered-set count="14560" freebytes="1657856" totalbytes="1716096" percent="96" regionsoverflowed="0" regionsstable="0" regionsrebuilding="0"/>
  </mem-info>
</gc-end>
<cycle-end id="343" type="partial gc" contextid="333" timestamp="2019-06-15T06:32:56.842" />
  <attribute name="elasticGC enabled" value="1" />
  <attribute name= "numThreadsSpecified" value="4" />
  <attribute name="heapSize specified" value="0" />
  <attribute name="Current GC Util" value="31" />
  <attribute name= "Current Time Running" value="1446" />
  <attribute name ="GC Interval" value="0" />
  <attribute name="ProportionalT" value="5.500000" />
  <attribute name="ProportionalI" value="5.500000" />
  <attribute name="ProportionalH" value="5.500000" />
  <attribute name="Current Error" value="11.000000" />
  <attribute name="IntegralT" value="11.000000" />
  <attribute name="IntegralI" value="11.000000" />
  <attribute name="IntegralH" value="11.000000" />
  <attribute name="DerivativeT" value="11.000000" />
  <attribute name="DerivativeI" value="11.000000" />
  <attribute name="DerivativeH" value="11.000000" />
  <attribute name="Loop Time for DT" value="1.000000" />
  <attribute name="Output H" value="8388608"/>
  <attribute name="Output I" value="200"/>
  <attribute name="Output T" value="4"/>
  <attribute name="Target GC Util Change" value ="20.000000" />
  <attribute name="Current GC Util Change" value="31.000000"/>
  <attribute name="GC Util currently" value="31" />
  <attribute name="CPU Util currently" value="6846093459976" />
<exclusive-end id="344" timestamp="2019-06-15T06:32:56.842" durationms="5.149" />

<exclusive-start id="345" timestamp="2019-06-15T06:32:56.855" intervalms="18.375">
  <response-info timems="0.537" idlems="0.537" threads="0" lastid="00000000018DA500" lastname="Thread-9" />
</exclusive-start>
<allocation-taxation id="346" taxation-threshold="14680064" timestamp="2019-06-15T06:32:56.855" intervalms="18.381" />
<cycle-start id="347" type="partial gc" contextid="0" timestamp="2019-06-15T06:32:56.855" intervalms="18.383" />
<gc-start id="348" type="partial gc" contextid="347" timestamp="2019-06-15T06:32:56.856">
  <mem-info id="349" free="0" total="42991616" percent="0">
    <mem type="eden" free="0" total="14680064" percent="0" />
    <arraylet-primitive objects="2" leaves="2" largest="1" />
    <remembered-set count="14368" freebytes="1658624" totalbytes="1716096" percent="96" regionsoverflowed="0" regionsstable="0" regionsrebuilding="0"/>
  </mem-info>
</gc-start>
<allocation-stats totalBytes="14678456" >
  <allocated-bytes non-tlh="0" tlh="14678456" arrayletleaf="0"/>
  <largest-consumer threadName="Thread-10" threadId="00000000018D6900" bytes="4357712" />
</allocation-stats>
<gc-op id="350" type="mark" timems="1.742" contextid="347" timestamp="2019-06-15T06:32:56.858">
  <trace-info objectcount="19314" scancount="19314" scanbytes="739368" />
  <cardclean-info objects="11801" bytes="575688" />
  <remembered-set-cleared processed="11041" cleared="1531" durationms="0.170" />
  <stringconstants candidates="4597" cleared="0"  />
  <warning details="Mark invoked due to insufficient free space for Copy-Forward" />
</gc-op>
<gc-op id="351" type="classunload" timems="0.002" contextid="347" timestamp="2019-06-15T06:32:56.858">
  <classunload-info classloadercandidates="8" classloadersunloaded="0" classesunloaded="0" anonymousclassesunloaded="0" quiescems="0.000" setupms="0.001" scanms="0.000" postms="0.000" />
</gc-op>
<gc-op id="352" type="sweep" timems="0.476" contextid="347" timestamp="2019-06-15T06:32:56.859" />
<gc-op id="353" type="compact" timems="1.868" contextid="347" timestamp="2019-06-15T06:32:56.861">
  <compact-info movecount="13585" movebytes="601880" />
  <remembered-set-cleared processed="22253" cleared="3227" durationms="0.170" />
</gc-op>
<heap-resize id="354" type="expand" space="default" amount="1048576" count="1" timems="0.051" reason="insufficient free space following gc" timestamp="2019-06-15T06:32:56.861" />
<gc-end id="355" type="partial gc" contextid="347" durationms="5.699" usertimems="4.000" systemtimems="4.000" timestamp="2019-06-15T06:32:56.861" activeThreads="4">
  <mem-info id="356" free="14680064" total="44040192" percent="33">
    <mem type="eden" free="448016" total="1048576" percent="42" />
    <arraylet-primitive objects="2" leaves="2" largest="1" />
    <remembered-set count="15744" freebytes="1694976" totalbytes="1757952" percent="96" regionsoverflowed="0" regionsstable="0" regionsrebuilding="0"/>
  </mem-info>
</gc-end>
<cycle-end id="357" type="partial gc" contextid="347" timestamp="2019-06-15T06:32:56.861" />
  <attribute name="elasticGC enabled" value="1" />
  <attribute name= "numThreadsSpecified" value="4" />
  <attribute name="heapSize specified" value="0" />
  <attribute name="Current GC Util" value="37" />
  <attribute name= "Current Time Running" value="1465" />
  <attribute name ="GC Interval" value="0" />
  <attribute name="ProportionalT" value="8.500000" />
  <attribute name="ProportionalI" value="8.500000" />
  <attribute name="ProportionalH" value="8.500000" />
  <attribute name="Current Error" value="17.000000" />
  <attribute name="IntegralT" value="17.000000" />
  <attribute name="IntegralI" value="17.000000" />
  <attribute name="IntegralH" value="17.000000" />
  <attribute name="DerivativeT" value="17.000000" />
  <attribute name="DerivativeI" value="17.000000" />
  <attribute name="DerivativeH" value="17.000000" />
  <attribute name="Loop Time for DT" value="1.000000" />
  <attribute name="Output H" value="8388608"/>
  <attribute name="Output I" value="200"/>
  <attribute name="Output T" value="4"/>
  <attribute name="Target GC Util Change" value ="20.000000" />
  <attribute name="Current GC Util Change" value="37.000000"/>
  <attribute name="GC Util currently" value="37" />
  <attribute name="CPU Util currently" value="6200386158506" />
<exclusive-end id="358" timestamp="2019-06-15T06:32:56.862" durationms="6.670" />

<exclusive-start id="359" timestamp="2019-06-15T06:32:56.883" intervalms="27.865">
  <response-info timems="0.064" idlems="0.034" threads="1" lastid="00000000018DA500" lastname="Thread-9" />
</exclusive-start>
<allocation-taxation id="360" taxation-threshold="14680064" timestamp="2019-06-15T06:32:56.883" intervalms="27.860" />
<cycle-start id="361" type="partial gc" contextid="0" timestamp="2019-06-15T06:32:56.883" intervalms="27.837" />
<gc-start id="362" type="partial gc" contextid="361" timestamp="2019-06-15T06:32:56.883">
  <mem-info id="363" free="0" total="44040192" percent="0">
    <mem type="eden" free="0" total="14680064" percent="0" />
    <arraylet-primitive objects="2" leaves="2" largest="1" />
    <remembered-set count="15264" freebytes="1696896" totalbytes="1757952" percent="96" regionsoverflowed="0" regionsstable="0" regionsrebuilding="0"/>
  </mem-info>
</gc-start>
<allocation-stats totalBytes="14678024" >
  <allocated-bytes non-tlh="0" tlh="14678024" arrayletleaf="0"/>
  <largest-consumer threadName="Thread-10" threadId="00000000018D6900" bytes="7011520" />
</allocation-stats>
<gc-op id="364" type="mark" timems="1.727" contextid="361" timestamp="2019-06-15T06:32:56.886">
  <trace-info objectcount="17859" scancount="17859" scanbytes="704688" />
  <cardclean-info objects="8533" bytes="419224" />
  <remembered-set-cleared processed="11795" cleared="1480" durationms="0.197" />
  <stringconstants candidates="4597" cleared="0"  />
  <warning details="Mark invoked due to insufficient free space for Copy-Forward" />
</gc-op>
<gc-op id="365" type="classunload" timems="0.003" contextid="361" timestamp="2019-06-15T06:32:56.886">
  <classunload-info classloadercandidates="8" classloadersunloaded="0" classesunloaded="0" anonymousclassesunloaded="0" quiescems="0.000" setupms="0.003" scanms="0.000" postms="0.000" />
</gc-op>
<gc-op id="366" type="sweep" timems="0.506" contextid="361" timestamp="2019-06-15T06:32:56.887" />
<gc-op id="367" type="compact" timems="2.342" contextid="361" timestamp="2019-06-15T06:32:56.889">
  <compact-info movecount="15306" movebytes="643424" />
  <remembered-set-cleared processed="23697" cleared="3061" durationms="0.197" />
</gc-op>
<heap-resize id="368" type="expand" space="default" amount="1048576" count="1" timems="0.063" reason="insufficient free space following gc" timestamp="2019-06-15T06:32:56.890" />
<gc-end id="369" type="partial gc" contextid="361" durationms="6.470" usertimems="8.000" systemtimems="0.000" timestamp="2019-06-15T06:32:56.890" activeThreads="4">
  <mem-info id="370" free="14680064" total="45088768" percent="32">
    <mem type="eden" free="997760" total="1048576" percent="95" />
    <arraylet-primitive objects="2" leaves="2" largest="1" />
    <remembered-set count="15584" freebytes="1737472" totalbytes="1799808" percent="96" regionsoverflowed="0" regionsstable="0" regionsrebuilding="0"/>
  </mem-info>
</gc-end>
<cycle-end id="371" type="partial gc" contextid="361" timestamp="2019-06-15T06:32:56.890" />
  <attribute name="elasticGC enabled" value="1" />
  <attribute name= "numThreadsSpecified" value="4" />
  <attribute name="heapSize specified" value="0" />
  <attribute name="Current GC Util" value="35" />
  <attribute name= "Current Time Running" value="1493" />
  <attribute name ="GC Interval" value="0" />
  <attribute name="ProportionalT" value="7.500000" />
  <attribute name="ProportionalI" value="7.500000" />
  <attribute name="ProportionalH" value="7.500000" />
  <attribute name="Current Error" value="15.000000" />
  <attribute name="IntegralT" value="15.000000" />
  <attribute name="IntegralI" value="15.000000" />
  <attribute name="IntegralH" value="15.000000" />
  <attribute name="DerivativeT" value="15.000000" />
  <attribute name="DerivativeI" value="15.000000" />
  <attribute name="DerivativeH" value="15.000000" />
  <attribute name="Loop Time for DT" value="1.000000" />
  <attribute name="Output H" value="8388608"/>
  <attribute name="Output I" value="200"/>
  <attribute name="Output T" value="4"/>
  <attribute name="Target GC Util Change" value ="20.000000" />
  <attribute name="Current GC Util Change" value="35.000000"/>
  <attribute name="GC Util currently" value="35" />
  <attribute name="CPU Util currently" value="5998660244175" />
<exclusive-end id="372" timestamp="2019-06-15T06:32:56.890" durationms="7.521" />

<exclusive-start id="373" timestamp="2019-06-15T06:32:56.902" intervalms="19.301">
  <response-info timems="0.203" idlems="0.185" threads="1" lastid="00000000018DE100" lastname="Thread-7" />
</exclusive-start>
<allocation-taxation id="374" taxation-threshold="14680064" timestamp="2019-06-15T06:32:56.902" intervalms="19.348" />
<cycle-start id="375" type="partial gc" contextid="0" timestamp="2019-06-15T06:32:56.903" intervalms="19.415" />
<gc-start id="376" type="partial gc" contextid="375" timestamp="2019-06-15T06:32:56.903">
  <mem-info id="377" free="0" total="45088768" percent="0">
    <mem type="eden" free="0" total="14680064" percent="0" />
    <arraylet-primitive objects="2" leaves="2" largest="1" />
    <remembered-set count="15488" freebytes="1737856" totalbytes="1799808" percent="96" regionsoverflowed="0" regionsstable="0" regionsrebuilding="0"/>
  </mem-info>
</gc-start>
<allocation-stats totalBytes="14678264" >
  <allocated-bytes non-tlh="0" tlh="14678264" arrayletleaf="0"/>
  <largest-consumer threadName="Thread-10" threadId="00000000018D6900" bytes="5103008" />
</allocation-stats>
<gc-op id="378" type="mark" timems="1.433" contextid="375" timestamp="2019-06-15T06:32:56.905">
  <trace-info objectcount="10724" scancount="10722" scanbytes="420328" />
  <cardclean-info objects="6054" bytes="324744" />
  <remembered-set-cleared processed="12639" cleared="2635" durationms="0.157" />
  <stringconstants candidates="4597" cleared="0"  />
  <warning details="Mark invoked due to insufficient free space for Copy-Forward" />
</gc-op>
<gc-op id="379" type="classunload" timems="0.002" contextid="375" timestamp="2019-06-15T06:32:56.905">
  <classunload-info classloadercandidates="8" classloadersunloaded="0" classesunloaded="0" anonymousclassesunloaded="0" quiescems="0.000" setupms="0.002" scanms="0.000" postms="0.000" />
</gc-op>
<gc-op id="380" type="sweep" timems="0.422" contextid="375" timestamp="2019-06-15T06:32:56.906" />
<gc-op id="381" type="compact" timems="1.528" contextid="375" timestamp="2019-06-15T06:32:56.907">
  <compact-info movecount="8738" movebytes="321176" />
  <remembered-set-cleared processed="25289" cleared="5275" durationms="0.157" />
</gc-op>
<heap-resize id="382" type="expand" space="default" amount="2097152" count="1" timems="0.068" reason="insufficient free space following gc" timestamp="2019-06-15T06:32:56.908" />
<gc-end id="383" type="partial gc" contextid="375" durationms="4.990" usertimems="4.000" systemtimems="0.000" timestamp="2019-06-15T06:32:56.908" activeThreads="4">
  <mem-info id="384" free="15728640" total="47185920" percent="33">
    <mem type="eden" free="992504" total="1048576" percent="94" />
    <arraylet-primitive objects="2" leaves="2" largest="1" />
    <remembered-set count="16128" freebytes="1819008" totalbytes="1883520" percent="96" regionsoverflowed="0" regionsstable="0" regionsrebuilding="0"/>
  </mem-info>
</gc-end>
<cycle-end id="385" type="partial gc" contextid="375" timestamp="2019-06-15T06:32:56.908" />
  <attribute name="elasticGC enabled" value="1" />
  <attribute name= "numThreadsSpecified" value="4" />
  <attribute name="heapSize specified" value="0" />
  <attribute name="Current GC Util" value="31" />
  <attribute name= "Current Time Running" value="1512" />
  <attribute name ="GC Interval" value="0" />
  <attribute name="ProportionalT" value="5.500000" />
  <attribute name="ProportionalI" value="5.500000" />
  <attribute name="ProportionalH" value="5.500000" />
  <attribute name="Current Error" value="11.000000" />
  <attribute name="IntegralT" value="11.000000" />
  <attribute name="IntegralI" value="11.000000" />
  <attribute name="IntegralH" value="11.000000" />
  <attribute name="DerivativeT" value="-74.000000" />
  <attribute name="DerivativeI" value="-74.000000" />
  <attribute name="DerivativeH" value="-74.000000" />
  <attribute name="Loop Time for DT" value="1.000000" />
  <attribute name="Output H" value="2091843584"/>
  <attribute name="Output I" value="200"/>
  <attribute name="Output T" value="4"/>
  <attribute name="Target GC Util Change" value ="20.000000" />
  <attribute name="Current GC Util Change" value="31.000000"/>
  <attribute name="GC Util currently" value="31" />
  <attribute name="CPU Util currently" value="7005894367023" />
<exclusive-end id="386" timestamp="2019-06-15T06:32:56.908" durationms="6.152" />

<exclusive-start id="387" timestamp="2019-06-15T06:32:56.920" intervalms="17.556">
  <response-info timems="0.028" idlems="0.028" threads="0" lastid="00000000018D2D00" lastname="Thread-8" />
</exclusive-start>
<allocation-taxation id="388" taxation-threshold="15728640" timestamp="2019-06-15T06:32:56.920" intervalms="17.519" />
<cycle-start id="389" type="partial gc" contextid="0" timestamp="2019-06-15T06:32:56.920" intervalms="17.473" />
<gc-start id="390" type="partial gc" contextid="389" timestamp="2019-06-15T06:32:56.920">
  <mem-info id="391" free="0" total="47185920" percent="0">
    <mem type="eden" free="0" total="15728640" percent="0" />
    <arraylet-primitive objects="2" leaves="2" largest="1" />
    <remembered-set count="15776" freebytes="1820416" totalbytes="1883520" percent="96" regionsoverflowed="0" regionsstable="0" regionsrebuilding="0"/>
  </mem-info>
</gc-start>
<allocation-stats totalBytes="15726544" >
  <allocated-bytes non-tlh="0" tlh="15726544" arrayletleaf="0"/>
  <largest-consumer threadName="Thread-10" threadId="00000000018D6900" bytes="5205296" />
</allocation-stats>
<gc-op id="392" type="mark" timems="1.193" contextid="389" timestamp="2019-06-15T06:32:56.922">
  <trace-info objectcount="4198" scancount="4198" scanbytes="101552" />
  <cardclean-info objects="6547" bytes="315704" />
  <remembered-set-cleared processed="13096" cleared="603" durationms="0.184" />
  <stringconstants candidates="4597" cleared="0"  />
  <warning details="Mark invoked due to insufficient free space for Copy-Forward" />
</gc-op>
<gc-op id="393" type="classunload" timems="0.002" contextid="389" timestamp="2019-06-15T06:32:56.922">
  <classunload-info classloadercandidates="8" classloadersunloaded="0" classesunloaded="0" anonymousclassesunloaded="0" quiescems="0.000" setupms="0.002" scanms="0.000" postms="0.000" />
</gc-op>
<gc-op id="394" type="sweep" timems="0.485" contextid="389" timestamp="2019-06-15T06:32:56.923" />
<gc-op id="395" type="compact" timems="2.591" contextid="389" timestamp="2019-06-15T06:32:56.926">
  <compact-info movecount="7050" movebytes="246336" />
  <remembered-set-cleared processed="25528" cleared="1765" durationms="0.184" />
</gc-op>
<heap-resize id="396" type="expand" space="default" amount="1048576" count="1" timems="0.060" reason="insufficient free space following gc" timestamp="2019-06-15T06:32:56.926" />
<gc-end id="397" type="partial gc" contextid="389" durationms="5.954" usertimems="8.000" systemtimems="0.000" timestamp="2019-06-15T06:32:56.926" activeThreads="1">
  <mem-info id="398" free="15728640" total="48234496" percent="32">
    <mem type="eden" free="996992" total="1048576" percent="95" />
    <arraylet-primitive objects="2" leaves="2" largest="1" />
    <remembered-set count="16448" freebytes="1859584" totalbytes="1925376" percent="96" regionsoverflowed="0" regionsstable="0" regionsrebuilding="0"/>
  </mem-info>
</gc-end>
<cycle-end id="399" type="partial gc" contextid="389" timestamp="2019-06-15T06:32:56.926" />
  <attribute name="elasticGC enabled" value="1" />
  <attribute name= "numThreadsSpecified" value="1" />
  <attribute name="heapSize specified" value="0" />
  <attribute name="Current GC Util" value="28" />
  <attribute name= "Current Time Running" value="1529" />
  <attribute name ="GC Interval" value="0" />
  <attribute name="ProportionalT" value="4.000000" />
  <attribute name="ProportionalI" value="4.000000" />
  <attribute name="ProportionalH" value="4.000000" />
  <attribute name="Current Error" value="8.000000" />
  <attribute name="IntegralT" value="0.000000" />
  <attribute name="IntegralI" value="0.000000" />
  <attribute name="IntegralH" value="0.000000" />
  <attribute name="DerivativeT" value="inf" />
  <attribute name="DerivativeI" value="inf" />
  <attribute name="DerivativeH" value="inf" />
  <attribute name="Loop Time for DT" value="0.000000" />
  <attribute name="Output H" value="8388608"/>
  <attribute name="Output I" value="200"/>
  <attribute name="Output T" value="1"/>
  <attribute name="Target GC Util Change" value ="20.000000" />
  <attribute name="Current GC Util Change" value="28.000000"/>
  <attribute name="GC Util currently" value="28" />
  <attribute name="CPU Util currently" value="5905921453198" />
<exclusive-end id="400" timestamp="2019-06-15T06:32:56.927" durationms="6.911" />

<exclusive-start id="401" timestamp="2019-06-15T06:32:56.935" intervalms="15.540">
  <response-info timems="0.025" idlems="0.025" threads="0" lastid="00000000018DA500" lastname="Thread-9" />
</exclusive-start>
<allocation-taxation id="402" taxation-threshold="15728640" timestamp="2019-06-15T06:32:56.936" intervalms="15.582" />
<cycle-start id="403" type="partial gc" contextid="0" timestamp="2019-06-15T06:32:56.936" intervalms="15.645" />
<gc-start id="404" type="partial gc" contextid="403" timestamp="2019-06-15T06:32:56.936">
  <mem-info id="405" free="0" total="48234496" percent="0">
    <mem type="eden" free="0" total="15728640" percent="0" />
    <arraylet-primitive objects="2" leaves="2" largest="1" />
    <remembered-set count="16064" freebytes="1861120" totalbytes="1925376" percent="96" regionsoverflowed="0" regionsstable="0" regionsrebuilding="0"/>
  </mem-info>
</gc-start>
<allocation-stats totalBytes="15726688" >
  <allocated-bytes non-tlh="0" tlh="15726688" arrayletleaf="0"/>
  <largest-consumer threadName="Thread-10" threadId="00000000018D6900" bytes="4341248" />
</allocation-stats>
<gc-op id="406" type="mark" timems="1.418" contextid="403" timestamp="2019-06-15T06:32:56.938">
  <trace-info objectcount="4532" scancount="4532" scanbytes="109776" />
  <cardclean-info objects="7081" bytes="340856" />
  <remembered-set-cleared processed="13399" cleared="593" durationms="0.140" />
  <stringconstants candidates="4597" cleared="0"  />
  <warning details="Mark invoked due to insufficient free space for Copy-Forward" />
</gc-op>
<gc-op id="407" type="classunload" timems="0.002" contextid="403" timestamp="2019-06-15T06:32:56.938">
  <classunload-info classloadercandidates="8" classloadersunloaded="0" classesunloaded="0" anonymousclassesunloaded="0" quiescems="0.000" setupms="0.002" scanms="0.000" postms="0.000" />
</gc-op>
<gc-op id="408" type="sweep" timems="0.445" contextid="403" timestamp="2019-06-15T06:32:56.939" />
<gc-op id="409" type="compact" timems="2.390" contextid="403" timestamp="2019-06-15T06:32:56.941">
  <compact-info movecount="13780" movebytes="559600" />
  <remembered-set-cleared processed="24361" cleared="5630" durationms="0.140" />
</gc-op>
<heap-resize id="410" type="expand" space="default" amount="2097152" count="1" timems="0.070" reason="insufficient free space following gc" timestamp="2019-06-15T06:32:56.942" />
<gc-end id="411" type="partial gc" contextid="403" durationms="5.822" usertimems="8.000" systemtimems="0.000" timestamp="2019-06-15T06:32:56.942" activeThreads="4">
  <mem-info id="412" free="16777216" total="50331648" percent="33">
    <mem type="eden" free="986800" total="1048576" percent="94" />
    <arraylet-primitive objects="2" leaves="2" largest="1" />
    <remembered-set count="16928" freebytes="1941376" totalbytes="2009088" percent="96" regionsoverflowed="0" regionsstable="0" regionsrebuilding="0"/>
  </mem-info>
</gc-end>
<cycle-end id="413" type="partial gc" contextid="403" timestamp="2019-06-15T06:32:56.942" />
  <attribute name="elasticGC enabled" value="1" />
  <attribute name= "numThreadsSpecified" value="4" />
  <attribute name="heapSize specified" value="0" />
  <attribute name="Current GC Util" value="29" />
  <attribute name= "Current Time Running" value="1545" />
  <attribute name ="GC Interval" value="0" />
  <attribute name="ProportionalT" value="4.500000" />
  <attribute name="ProportionalI" value="4.500000" />
  <attribute name="ProportionalH" value="4.500000" />
  <attribute name="Current Error" value="9.000000" />
  <attribute name="IntegralT" value="9.000000" />
  <attribute name="IntegralI" value="9.000000" />
  <attribute name="IntegralH" value="9.000000" />
  <attribute name="DerivativeT" value="-66.000000" />
  <attribute name="DerivativeI" value="-66.000000" />
  <attribute name="DerivativeH" value="-66.000000" />
  <attribute name="Loop Time for DT" value="1.000000" />
  <attribute name="Output H" value="2091843584"/>
  <attribute name="Output I" value="200"/>
  <attribute name="Output T" value="4"/>
  <attribute name="Target GC Util Change" value ="20.000000" />
  <attribute name="Current GC Util Change" value="29.000000"/>
  <attribute name="GC Util currently" value="29" />
  <attribute name="CPU Util currently" value="6658512870232" />
<exclusive-end id="414" timestamp="2019-06-15T06:32:56.942" durationms="6.921" />

<exclusive-start id="415" timestamp="2019-06-15T06:32:56.951" intervalms="15.249">
  <response-info timems="0.022" idlems="0.022" threads="0" lastid="00000000018DE100" lastname="Thread-7" />
</exclusive-start>
<allocation-taxation id="416" taxation-threshold="16777216" timestamp="2019-06-15T06:32:56.951" intervalms="15.247" />
<cycle-start id="417" type="partial gc" contextid="0" timestamp="2019-06-15T06:32:56.951" intervalms="15.240" />
<gc-start id="418" type="partial gc" contextid="417" timestamp="2019-06-15T06:32:56.951">
  <mem-info id="419" free="0" total="50331648" percent="0">
    <mem type="eden" free="0" total="16777216" percent="0" />
    <arraylet-primitive objects="2" leaves="2" largest="1" />
    <remembered-set count="16896" freebytes="1941504" totalbytes="2009088" percent="96" regionsoverflowed="0" regionsstable="0" regionsrebuilding="0"/>
  </mem-info>
</gc-start>
<allocation-stats totalBytes="16775008" >
  <allocated-bytes non-tlh="0" tlh="16775008" arrayletleaf="0"/>
  <largest-consumer threadName="Thread-10" threadId="00000000018D6900" bytes="4337152" />
</allocation-stats>
<gc-op id="420" type="mark" timems="1.399" contextid="417" timestamp="2019-06-15T06:32:56.953">
  <trace-info objectcount="5477" scancount="5477" scanbytes="132520" />
  <cardclean-info objects="8025" bytes="386504" />
  <remembered-set-cleared processed="13918" cleared="638" durationms="0.143" />
  <stringconstants candidates="4597" cleared="0"  />
  <warning details="Mark invoked due to insufficient free space for Copy-Forward" />
</gc-op>
<gc-op id="421" type="classunload" timems="0.002" contextid="417" timestamp="2019-06-15T06:32:56.953">
  <classunload-info classloadercandidates="8" classloadersunloaded="0" classesunloaded="0" anonymousclassesunloaded="0" quiescems="0.000" setupms="0.002" scanms="0.000" postms="0.000" />
</gc-op>
<gc-op id="422" type="sweep" timems="0.369" contextid="417" timestamp="2019-06-15T06:32:56.954" />
<gc-op id="423" type="compact" timems="1.373" contextid="417" timestamp="2019-06-15T06:32:56.955">
  <compact-info movecount="3179" movebytes="77368" />
  <remembered-set-cleared processed="27952" cleared="1387" durationms="0.143" />
</gc-op>
<heap-resize id="424" type="expand" space="default" amount="1048576" count="1" timems="0.061" reason="insufficient free space following gc" timestamp="2019-06-15T06:32:56.956" />
<gc-end id="425" type="partial gc" contextid="417" durationms="4.569" usertimems="4.000" systemtimems="0.000" timestamp="2019-06-15T06:32:56.956" activeThreads="4">
  <mem-info id="426" free="16777216" total="51380224" percent="32">
    <mem type="eden" free="972576" total="1048576" percent="92" />
    <arraylet-primitive objects="2" leaves="2" largest="1" />
    <remembered-set count="18304" freebytes="1977728" totalbytes="2050944" percent="96" regionsoverflowed="0" regionsstable="0" regionsrebuilding="0"/>
  </mem-info>
</gc-end>
<cycle-end id="427" type="partial gc" contextid="417" timestamp="2019-06-15T06:32:56.956" />
  <attribute name="elasticGC enabled" value="1" />
  <attribute name= "numThreadsSpecified" value="4" />
  <attribute name="heapSize specified" value="0" />
  <attribute name="Current GC Util" value="35" />
  <attribute name= "Current Time Running" value="1560" />
  <attribute name ="GC Interval" value="0" />
  <attribute name="ProportionalT" value="7.500000" />
  <attribute name="ProportionalI" value="7.500000" />
  <attribute name="ProportionalH" value="7.500000" />
  <attribute name="Current Error" value="15.000000" />
  <attribute name="IntegralT" value="15.000000" />
  <attribute name="IntegralI" value="15.000000" />
  <attribute name="IntegralH" value="15.000000" />
  <attribute name="DerivativeT" value="-63.000000" />
  <attribute name="DerivativeI" value="-63.000000" />
  <attribute name="DerivativeH" value="-63.000000" />
  <attribute name="Loop Time for DT" value="1.000000" />
  <attribute name="Output H" value="2091843584"/>
  <attribute name="Output I" value="200"/>
  <attribute name="Output T" value="4"/>
  <attribute name="Target GC Util Change" value ="20.000000" />
  <attribute name="Current GC Util Change" value="35.000000"/>
  <attribute name="GC Util currently" value="35" />
  <attribute name="CPU Util currently" value="7672179988587" />
<exclusive-end id="428" timestamp="2019-06-15T06:32:56.956" durationms="5.514" />

<exclusive-start id="429" timestamp="2019-06-15T06:32:56.964" intervalms="13.422">
  <response-info timems="0.022" idlems="0.022" threads="0" lastid="00000000018DE100" lastname="Thread-7" />
</exclusive-start>
<allocation-taxation id="430" taxation-threshold="16777216" timestamp="2019-06-15T06:32:56.964" intervalms="13.370" />
<cycle-start id="431" type="partial gc" contextid="0" timestamp="2019-06-15T06:32:56.964" intervalms="13.367" />
<gc-start id="432" type="partial gc" contextid="431" timestamp="2019-06-15T06:32:56.965">
  <mem-info id="433" free="0" total="51380224" percent="0">
    <mem type="eden" free="0" total="16777216" percent="0" />
    <arraylet-primitive objects="2" leaves="2" largest="1" />
    <remembered-set count="18240" freebytes="1977984" totalbytes="2050944" percent="96" regionsoverflowed="0" regionsstable="0" regionsrebuilding="0"/>
  </mem-info>
</gc-start>
<allocation-stats totalBytes="16774944" >
  <allocated-bytes non-tlh="0" tlh="16774944" arrayletleaf="0"/>
  <largest-consumer threadName="Thread-7" threadId="00000000018DE100" bytes="4287960" />
</allocation-stats>
<gc-op id="434" type="mark" timems="1.594" contextid="431" timestamp="2019-06-15T06:32:56.967">
  <trace-info objectcount="17723" scancount="17723" scanbytes="700928" />
  <cardclean-info objects="7034" bytes="346232" />
  <remembered-set-cleared processed="14538" cleared="738" durationms="0.197" />
  <stringconstants candidates="4597" cleared="0"  />
  <warning details="Mark invoked due to insufficient free space for Copy-Forward" />
</gc-op>
<gc-op id="435" type="classunload" timems="0.002" contextid="431" timestamp="2019-06-15T06:32:56.967">
  <classunload-info classloadercandidates="8" classloadersunloaded="0" classesunloaded="0" anonymousclassesunloaded="0" quiescems="0.000" setupms="0.002" scanms="0.000" postms="0.000" />
</gc-op>
<gc-op id="436" type="sweep" timems="0.492" contextid="431" timestamp="2019-06-15T06:32:56.968" />
<gc-op id="437" type="compact" timems="1.687" contextid="431" timestamp="2019-06-15T06:32:56.970">
  <compact-info movecount="16864" movebytes="680320" />
  <remembered-set-cleared processed="29246" cleared="1640" durationms="0.197" />
</gc-op>
<heap-resize id="438" type="expand" space="default" amount="2097152" count="1" timems="0.067" reason="insufficient free space following gc" timestamp="2019-06-15T06:32:56.970" />
<gc-end id="439" type="partial gc" contextid="431" durationms="5.448" usertimems="8.000" systemtimems="0.000" timestamp="2019-06-15T06:32:56.970" activeThreads="4">
  <mem-info id="440" free="17825792" total="53477376" percent="33">
    <mem type="eden" free="418224" total="1048576" percent="39" />
    <arraylet-primitive objects="2" leaves="2" largest="1" />
    <remembered-set count="18432" freebytes="2060928" totalbytes="2134656" percent="96" regionsoverflowed="0" regionsstable="0" regionsrebuilding="0"/>
  </mem-info>
</gc-end>
<cycle-end id="441" type="partial gc" contextid="431" timestamp="2019-06-15T06:32:56.970" />
  <attribute name="elasticGC enabled" value="1" />
  <attribute name= "numThreadsSpecified" value="4" />
  <attribute name="heapSize specified" value="0" />
  <attribute name="Current GC Util" value="29" />
  <attribute name= "Current Time Running" value="1574" />
  <attribute name ="GC Interval" value="0" />
  <attribute name="ProportionalT" value="4.500000" />
  <attribute name="ProportionalI" value="4.500000" />
  <attribute name="ProportionalH" value="4.500000" />
  <attribute name="Current Error" value="9.000000" />
  <attribute name="IntegralT" value="9.000000" />
  <attribute name="IntegralI" value="9.000000" />
  <attribute name="IntegralH" value="9.000000" />
  <attribute name="DerivativeT" value="9.000000" />
  <attribute name="DerivativeI" value="9.000000" />
  <attribute name="DerivativeH" value="9.000000" />
  <attribute name="Loop Time for DT" value="1.000000" />
  <attribute name="Output H" value="8388608"/>
  <attribute name="Output I" value="200"/>
  <attribute name="Output T" value="4"/>
  <attribute name="Target GC Util Change" value ="20.000000" />
  <attribute name="Current GC Util Change" value="29.000000"/>
  <attribute name="GC Util currently" value="29" />
  <attribute name="CPU Util currently" value="5971984685155" />
<exclusive-end id="442" timestamp="2019-06-15T06:32:56.970" durationms="6.437" />

<exclusive-start id="443" timestamp="2019-06-15T06:32:56.979" intervalms="15.011">
  <response-info timems="0.023" idlems="0.023" threads="0" lastid="00000000018DE100" lastname="Thread-7" />
</exclusive-start>
<allocation-taxation id="444" taxation-threshold="17825792" timestamp="2019-06-15T06:32:56.979" intervalms="15.016" />
<cycle-start id="445" type="partial gc" contextid="0" timestamp="2019-06-15T06:32:56.979" intervalms="14.959" />
<gc-start id="446" type="partial gc" contextid="445" timestamp="2019-06-15T06:32:56.979">
  <mem-info id="447" free="0" total="53477376" percent="0">
    <mem type="eden" free="0" total="17825792" percent="0" />
    <arraylet-primitive objects="2" leaves="2" largest="1" />
    <remembered-set count="17952" freebytes="2062848" totalbytes="2134656" percent="96" regionsoverflowed="0" regionsstable="0" regionsrebuilding="0"/>
  </mem-info>
</gc-start>
<allocation-stats totalBytes="17823328" >
  <allocated-bytes non-tlh="0" tlh="17823328" arrayletleaf="0"/>
  <largest-consumer threadName="Thread-8" threadId="00000000018D2D00" bytes="4554120" />
</allocation-stats>
<gc-op id="448" type="mark" timems="1.776" contextid="445" timestamp="2019-06-15T06:32:56.982">
  <trace-info objectcount="25143" scancount="25143" scanbytes="1016124" />
  <cardclean-info objects="4343" bytes="221480" />
  <remembered-set-cleared processed="15266" cleared="676" durationms="0.203" />
  <stringconstants candidates="4597" cleared="0"  />
  <warning details="Mark invoked due to insufficient free space for Copy-Forward" />
</gc-op>
<gc-op id="449" type="classunload" timems="0.002" contextid="445" timestamp="2019-06-15T06:32:56.982">
  <classunload-info classloadercandidates="8" classloadersunloaded="0" classesunloaded="0" anonymousclassesunloaded="0" quiescems="0.000" setupms="0.001" scanms="0.000" postms="0.000" />
</gc-op>
<gc-op id="450" type="sweep" timems="0.488" contextid="445" timestamp="2019-06-15T06:32:56.982" />
<gc-op id="451" type="compact" timems="2.209" contextid="445" timestamp="2019-06-15T06:32:56.985">
  <compact-info movecount="24764" movebytes="1007040" />
  <remembered-set-cleared processed="30699" cleared="1515" durationms="0.203" />
</gc-op>
<heap-resize id="452" type="expand" space="default" amount="1048576" count="1" timems="0.059" reason="insufficient free space following gc" timestamp="2019-06-15T06:32:56.985" />
<gc-end id="453" type="partial gc" contextid="445" durationms="6.073" usertimems="4.000" systemtimems="4.000" timestamp="2019-06-15T06:32:56.986" activeThreads="4">
  <mem-info id="454" free="17825792" total="54525952" percent="32">
    <mem type="eden" free="659152" total="1048576" percent="62" />
    <arraylet-primitive objects="2" leaves="2" largest="1" />
    <remembered-set count="19712" freebytes="2097664" totalbytes="2176512" percent="96" regionsoverflowed="0" regionsstable="0" regionsrebuilding="0"/>
  </mem-info>
</gc-end>
<cycle-end id="455" type="partial gc" contextid="445" timestamp="2019-06-15T06:32:56.986" />
  <attribute name="elasticGC enabled" value="1" />
  <attribute name= "numThreadsSpecified" value="4" />
  <attribute name="heapSize specified" value="0" />
  <attribute name="Current GC Util" value="29" />
  <attribute name= "Current Time Running" value="1589" />
  <attribute name ="GC Interval" value="0" />
  <attribute name="ProportionalT" value="4.500000" />
  <attribute name="ProportionalI" value="4.500000" />
  <attribute name="ProportionalH" value="4.500000" />
  <attribute name="Current Error" value="9.000000" />
  <attribute name="IntegralT" value="9.000000" />
  <attribute name="IntegralI" value="9.000000" />
  <attribute name="IntegralH" value="9.000000" />
  <attribute name="DerivativeT" value="9.000000" />
  <attribute name="DerivativeI" value="9.000000" />
  <attribute name="DerivativeH" value="9.000000" />
  <attribute name="Loop Time for DT" value="1.000000" />
  <attribute name="Output H" value="8388608"/>
  <attribute name="Output I" value="200"/>
  <attribute name="Output T" value="4"/>
  <attribute name="Target GC Util Change" value ="20.000000" />
  <attribute name="Current GC Util Change" value="29.000000"/>
  <attribute name="GC Util currently" value="29" />
  <attribute name="CPU Util currently" value="5975040991671" />
<exclusive-end id="456" timestamp="2019-06-15T06:32:56.986" durationms="7.009" />

<exclusive-start id="457" timestamp="2019-06-15T06:32:56.995" intervalms="15.553">
  <response-info timems="0.023" idlems="0.023" threads="0" lastid="00000000018D6900" lastname="Thread-10" />
</exclusive-start>
<allocation-taxation id="458" taxation-threshold="17825792" timestamp="2019-06-15T06:32:56.995" intervalms="15.555" />
<cycle-start id="459" type="partial gc" contextid="0" timestamp="2019-06-15T06:32:56.995" intervalms="15.571" />
<gc-start id="460" type="partial gc" contextid="459" timestamp="2019-06-15T06:32:56.995">
  <mem-info id="461" free="0" total="54525952" percent="0">
    <mem type="eden" free="0" total="17825792" percent="0" />
    <arraylet-primitive objects="2" leaves="2" largest="1" />
    <remembered-set count="19296" freebytes="2099328" totalbytes="2176512" percent="96" regionsoverflowed="0" regionsstable="0" regionsrebuilding="0"/>
  </mem-info>
</gc-start>
<allocation-stats totalBytes="17823608" >
  <allocated-bytes non-tlh="0" tlh="17823608" arrayletleaf="0"/>
  <largest-consumer threadName="Thread-7" threadId="00000000018DE100" bytes="4685248" />
</allocation-stats>
<gc-op id="462" type="mark" timems="1.517" contextid="459" timestamp="2019-06-15T06:32:56.997">
  <trace-info objectcount="22614" scancount="22614" scanbytes="818040" />
  <cardclean-info objects="9756" bytes="476408" />
  <remembered-set-cleared processed="15771" cleared="618" durationms="0.124" />
  <stringconstants candidates="4597" cleared="0"  />
  <warning details="Mark invoked due to insufficient free space for Copy-Forward" />
</gc-op>
<gc-op id="463" type="classunload" timems="0.002" contextid="459" timestamp="2019-06-15T06:32:56.997">
  <classunload-info classloadercandidates="8" classloadersunloaded="0" classesunloaded="0" anonymousclassesunloaded="0" quiescems="0.000" setupms="0.002" scanms="0.000" postms="0.000" />
</gc-op>
<gc-op id="464" type="sweep" timems="0.348" contextid="459" timestamp="2019-06-15T06:32:56.998" />
<gc-op id="465" type="compact" timems="2.017" contextid="459" timestamp="2019-06-15T06:32:57.000">
  <compact-info movecount="12923" movebytes="448088" />
  <remembered-set-cleared processed="31754" cleared="1443" durationms="0.126" />
</gc-op>
<heap-resize id="466" type="expand" space="default" amount="1048576" count="1" timems="0.052" reason="insufficient free space following gc" timestamp="2019-06-15T06:32:57.000" />
<gc-end id="467" type="partial gc" contextid="459" durationms="5.238" usertimems="8.000" systemtimems="0.000" timestamp="2019-06-15T06:32:57.000" activeThreads="4">
  <mem-info id="468" free="17825792" total="55574528" percent="32">
    <mem type="eden" free="618152" total="1048576" percent="58" />
    <arraylet-primitive objects="2" leaves="2" largest="1" />
    <remembered-set count="20384" freebytes="2136832" totalbytes="2218368" percent="96" regionsoverflowed="0" regionsstable="0" regionsrebuilding="0"/>
  </mem-info>
</gc-end>
<cycle-end id="469" type="partial gc" contextid="459" timestamp="2019-06-15T06:32:57.000" />
  <attribute name="elasticGC enabled" value="1" />
  <attribute name= "numThreadsSpecified" value="4" />
  <attribute name="heapSize specified" value="0" />
  <attribute name="Current GC Util" value="35" />
  <attribute name= "Current Time Running" value="1604" />
  <attribute name ="GC Interval" value="0" />
  <attribute name="ProportionalT" value="7.500000" />
  <attribute name="ProportionalI" value="7.500000" />
  <attribute name="ProportionalH" value="7.500000" />
  <attribute name="Current Error" value="15.000000" />
  <attribute name="IntegralT" value="15.000000" />
  <attribute name="IntegralI" value="15.000000" />
  <attribute name="IntegralH" value="15.000000" />
  <attribute name="DerivativeT" value="-76.000000" />
  <attribute name="DerivativeI" value="-76.000000" />
  <attribute name="DerivativeH" value="-76.000000" />
  <attribute name="Loop Time for DT" value="1.000000" />
  <attribute name="Output H" value="2091843584"/>
  <attribute name="Output I" value="200"/>
  <attribute name="Output T" value="4"/>
  <attribute name="Target GC Util Change" value ="20.000000" />
  <attribute name="Current GC Util Change" value="35.000000"/>
  <attribute name="GC Util currently" value="35" />
  <attribute name="CPU Util currently" value="8204109829329" />
<exclusive-end id="470" timestamp="2019-06-15T06:32:57.001" durationms="6.147" />

<exclusive-start id="471" timestamp="2019-06-15T06:32:57.009" intervalms="14.669">
  <response-info timems="0.043" idlems="0.043" threads="0" lastid="00000000018D6900" lastname="Thread-10" />
</exclusive-start>
<allocation-taxation id="472" taxation-threshold="17825792" timestamp="2019-06-15T06:32:57.009" intervalms="14.611" />
<cycle-start id="473" type="partial gc" contextid="0" timestamp="2019-06-15T06:32:57.009" intervalms="14.506" />
<gc-start id="474" type="partial gc" contextid="473" timestamp="2019-06-15T06:32:57.009">
  <mem-info id="475" free="0" total="55574528" percent="0">
    <mem type="eden" free="0" total="17825792" percent="0" />
    <arraylet-primitive objects="2" leaves="2" largest="1" />
    <remembered-set count="19904" freebytes="2138752" totalbytes="2218368" percent="96" regionsoverflowed="0" regionsstable="0" regionsrebuilding="0"/>
  </mem-info>
</gc-start>
<allocation-stats totalBytes="17823400" >
  <allocated-bytes non-tlh="0" tlh="17823400" arrayletleaf="0"/>
  <largest-consumer threadName="Thread-8" threadId="00000000018D2D00" bytes="4718032" />
</allocation-stats>
<gc-op id="476" type="mark" timems="2.035" contextid="473" timestamp="2019-06-15T06:32:57.012">
  <trace-info objectcount="31511" scancount="31511" scanbytes="1168788" />
  <cardclean-info objects="11847" bytes="584192" />
  <remembered-set-cleared processed="16663" cleared="660" durationms="0.198" />
  <stringconstants candidates="4597" cleared="0"  />
  <warning details="Mark invoked due to insufficient free space for Copy-Forward" />
</gc-op>
<gc-op id="477" type="classunload" timems="0.002" contextid="473" timestamp="2019-06-15T06:32:57.012">
  <classunload-info classloadercandidates="8" classloadersunloaded="0" classesunloaded="0" anonymousclassesunloaded="0" quiescems="0.000" setupms="0.002" scanms="0.000" postms="0.000" />
</gc-op>
<gc-op id="478" type="sweep" timems="0.453" contextid="473" timestamp="2019-06-15T06:32:57.013" />
<gc-op id="479" type="compact" timems="2.259" contextid="473" timestamp="2019-06-15T06:32:57.015">
  <compact-info movecount="30839" movebytes="1152672" />
  <remembered-set-cleared processed="33553" cleared="1541" durationms="0.198" />
</gc-op>
<heap-resize id="480" type="expand" space="default" amount="2097152" count="1" timems="0.058" reason="insufficient free space following gc" timestamp="2019-06-15T06:32:57.015" />
<gc-end id="481" type="partial gc" contextid="473" durationms="6.183" usertimems="8.000" systemtimems="0.000" timestamp="2019-06-15T06:32:57.016" activeThreads="4">
  <mem-info id="482" free="18874368" total="57671680" percent="32">
    <mem type="eden" free="308440" total="1048576" percent="29" />
    <arraylet-primitive objects="2" leaves="2" largest="1" />
    <remembered-set count="21760" freebytes="2215040" totalbytes="2302080" percent="96" regionsoverflowed="0" regionsstable="0" regionsrebuilding="0"/>
  </mem-info>
</gc-end>
<cycle-end id="483" type="partial gc" contextid="473" timestamp="2019-06-15T06:32:57.016" />
  <attribute name="elasticGC enabled" value="1" />
  <attribute name= "numThreadsSpecified" value="4" />
  <attribute name="heapSize specified" value="0" />
  <attribute name="Current GC Util" value="34" />
  <attribute name= "Current Time Running" value="1619" />
  <attribute name ="GC Interval" value="0" />
  <attribute name="ProportionalT" value="7.000000" />
  <attribute name="ProportionalI" value="7.000000" />
  <attribute name="ProportionalH" value="7.000000" />
  <attribute name="Current Error" value="14.000000" />
  <attribute name="IntegralT" value="14.000000" />
  <attribute name="IntegralI" value="14.000000" />
  <attribute name="IntegralH" value="14.000000" />
  <attribute name="DerivativeT" value="14.000000" />
  <attribute name="DerivativeI" value="14.000000" />
  <attribute name="DerivativeH" value="14.000000" />
  <attribute name="Loop Time for DT" value="1.000000" />
  <attribute name="Output H" value="8388608"/>
  <attribute name="Output I" value="200"/>
  <attribute name="Output T" value="4"/>
  <attribute name="Target GC Util Change" value ="20.000000" />
  <attribute name="Current GC Util Change" value="34.000000"/>
  <attribute name="GC Util currently" value="34" />
  <attribute name="CPU Util currently" value="6838297090261" />
<exclusive-end id="484" timestamp="2019-06-15T06:32:57.016" durationms="6.924" />

<exclusive-start id="485" timestamp="2019-06-15T06:32:57.025" intervalms="16.094">
  <response-info timems="0.020" idlems="0.020" threads="0" lastid="00000000018D6900" lastname="Thread-10" />
</exclusive-start>
<allocation-taxation id="486" taxation-threshold="18874368" timestamp="2019-06-15T06:32:57.025" intervalms="16.155" />
<cycle-start id="487" type="partial gc" contextid="0" timestamp="2019-06-15T06:32:57.026" intervalms="16.257" />
<gc-start id="488" type="partial gc" contextid="487" timestamp="2019-06-15T06:32:57.026">
  <mem-info id="489" free="0" total="57671680" percent="0">
    <mem type="eden" free="0" total="18874368" percent="0" />
    <arraylet-primitive objects="2" leaves="2" largest="1" />
    <remembered-set count="21504" freebytes="2216064" totalbytes="2302080" percent="96" regionsoverflowed="0" regionsstable="0" regionsrebuilding="0"/>
  </mem-info>
</gc-start>
<allocation-stats totalBytes="18872088" >
  <allocated-bytes non-tlh="0" tlh="18872088" arrayletleaf="0"/>
  <largest-consumer threadName="Thread-9" threadId="00000000018DA500" bytes="5193200" />
</allocation-stats>
<gc-op id="490" type="mark" timems="2.082" contextid="487" timestamp="2019-06-15T06:32:57.028">
  <trace-info objectcount="32576" scancount="32576" scanbytes="1194516" />
  <cardclean-info objects="9349" bytes="461408" />
  <remembered-set-cleared processed="17714" cleared="639" durationms="0.222" />
  <stringconstants candidates="4597" cleared="0"  />
  <warning details="Mark invoked due to insufficient free space for Copy-Forward" />
</gc-op>
<gc-op id="491" type="classunload" timems="0.002" contextid="487" timestamp="2019-06-15T06:32:57.028">
  <classunload-info classloadercandidates="8" classloadersunloaded="0" classesunloaded="0" anonymousclassesunloaded="0" quiescems="0.000" setupms="0.002" scanms="0.000" postms="0.000" />
</gc-op>
<gc-op id="492" type="sweep" timems="0.497" contextid="487" timestamp="2019-06-15T06:32:57.029" />
<gc-op id="493" type="compact" timems="2.216" contextid="487" timestamp="2019-06-15T06:32:57.032">
  <compact-info movecount="14098" movebytes="476304" />
  <remembered-set-cleared processed="35694" cleared="1539" durationms="0.222" />
</gc-op>
<heap-resize id="494" type="expand" space="default" amount="1048576" count="1" timems="0.050" reason="insufficient free space following gc" timestamp="2019-06-15T06:32:57.032" />
<gc-end id="495" type="partial gc" contextid="487" durationms="6.263" usertimems="8.000" systemtimems="0.000" timestamp="2019-06-15T06:32:57.032" activeThreads="4">
  <mem-info id="496" free="18874368" total="58720256" percent="32">
    <mem type="eden" free="592912" total="1048576" percent="56" />
    <arraylet-primitive objects="2" leaves="2" largest="1" />
    <remembered-set count="22880" freebytes="2252416" totalbytes="2343936" percent="96" regionsoverflowed="0" regionsstable="0" regionsrebuilding="0"/>
  </mem-info>
</gc-end>
<cycle-end id="497" type="partial gc" contextid="487" timestamp="2019-06-15T06:32:57.032" />
  <attribute name="elasticGC enabled" value="1" />
  <attribute name= "numThreadsSpecified" value="4" />
  <attribute name="heapSize specified" value="0" />
  <attribute name="Current GC Util" value="36" />
  <attribute name= "Current Time Running" value="1636" />
  <attribute name ="GC Interval" value="0" />
  <attribute name="ProportionalT" value="8.000000" />
  <attribute name="ProportionalI" value="8.000000" />
  <attribute name="ProportionalH" value="8.000000" />
  <attribute name="Current Error" value="16.000000" />
  <attribute name="IntegralT" value="16.000000" />
  <attribute name="IntegralI" value="16.000000" />
  <attribute name="IntegralH" value="16.000000" />
  <attribute name="DerivativeT" value="16.000000" />
  <attribute name="DerivativeI" value="16.000000" />
  <attribute name="DerivativeH" value="16.000000" />
  <attribute name="Loop Time for DT" value="1.000000" />
  <attribute name="Output H" value="8388608"/>
  <attribute name="Output I" value="200"/>
  <attribute name="Output T" value="4"/>
  <attribute name="Target GC Util Change" value ="20.000000" />
  <attribute name="Current GC Util Change" value="36.000000"/>
  <attribute name="GC Util currently" value="36" />
  <attribute name="CPU Util currently" value="6134363972371" />
<exclusive-end id="498" timestamp="2019-06-15T06:32:57.033" durationms="7.268" />

<exclusive-start id="499" timestamp="2019-06-15T06:32:57.042" intervalms="16.754">
  <response-info timems="0.030" idlems="0.030" threads="0" lastid="00000000018D2D00" lastname="Thread-8" />
</exclusive-start>
<allocation-taxation id="500" taxation-threshold="18874368" timestamp="2019-06-15T06:32:57.042" intervalms="16.700" />
<cycle-start id="501" type="partial gc" contextid="0" timestamp="2019-06-15T06:32:57.042" intervalms="16.642" />
<gc-start id="502" type="partial gc" contextid="501" timestamp="2019-06-15T06:32:57.042">
  <mem-info id="503" free="0" total="58720256" percent="0">
    <mem type="eden" free="0" total="18874368" percent="0" />
    <arraylet-primitive objects="2" leaves="2" largest="1" />
    <remembered-set count="22688" freebytes="2253184" totalbytes="2343936" percent="96" regionsoverflowed="0" regionsstable="0" regionsrebuilding="0"/>
  </mem-info>
</gc-start>
<allocation-stats totalBytes="18872112" >
  <allocated-bytes non-tlh="0" tlh="18872112" arrayletleaf="0"/>
  <largest-consumer threadName="Thread-8" threadId="00000000018D2D00" bytes="5180912" />
</allocation-stats>
<gc-op id="504" type="mark" timems="2.340" contextid="501" timestamp="2019-06-15T06:32:57.045">
  <trace-info objectcount="40131" scancount="40131" scanbytes="1513176" />
  <cardclean-info objects="11924" bytes="588200" />
  <remembered-set-cleared processed="18788" cleared="430" durationms="0.209" />
  <stringconstants candidates="4597" cleared="0"  />
  <warning details="Mark invoked due to insufficient free space for Copy-Forward" />
</gc-op>
<gc-op id="505" type="classunload" timems="0.002" contextid="501" timestamp="2019-06-15T06:32:57.045">
  <classunload-info classloadercandidates="8" classloadersunloaded="0" classesunloaded="0" anonymousclassesunloaded="0" quiescems="0.000" setupms="0.002" scanms="0.000" postms="0.000" />
</gc-op>
<gc-op id="506" type="sweep" timems="0.472" contextid="501" timestamp="2019-06-15T06:32:57.046" />
<gc-op id="507" type="compact" timems="4.516" contextid="501" timestamp="2019-06-15T06:32:57.051">
  <compact-info movecount="38878" movebytes="1483120" />
  <remembered-set-cleared processed="37970" cleared="1248" durationms="0.209" />
</gc-op>
<heap-resize id="508" type="expand" space="default" amount="3145728" count="1" timems="0.065" reason="insufficient free space following gc" timestamp="2019-06-15T06:32:57.051" />
<gc-end id="509" type="partial gc" contextid="501" durationms="8.818" usertimems="4.000" systemtimems="4.000" timestamp="2019-06-15T06:32:57.051" activeThreads="1">
  <mem-info id="510" free="19922944" total="61865984" percent="32">
    <mem type="eden" free="1037784" total="2097152" percent="49" />
    <arraylet-primitive objects="2" leaves="2" largest="1" />
    <remembered-set count="24448" freebytes="2371712" totalbytes="2469504" percent="96" regionsoverflowed="0" regionsstable="0" regionsrebuilding="0"/>
  </mem-info>
</gc-end>
<cycle-end id="511" type="partial gc" contextid="501" timestamp="2019-06-15T06:32:57.051" />
  <attribute name="elasticGC enabled" value="1" />
  <attribute name= "numThreadsSpecified" value="1" />
  <attribute name="heapSize specified" value="0" />
  <attribute name="Current GC Util" value="40" />
  <attribute name= "Current Time Running" value="1652" />
  <attribute name ="GC Interval" value="0" />
  <attribute name="ProportionalT" value="10.000000" />
  <attribute name="ProportionalI" value="10.000000" />
  <attribute name="ProportionalH" value="10.000000" />
  <attribute name="Current Error" value="20.000000" />
  <attribute name="IntegralT" value="0.000000" />
  <attribute name="IntegralI" value="0.000000" />
  <attribute name="IntegralH" value="0.000000" />
  <attribute name="DerivativeT" value="inf" />
  <attribute name="DerivativeI" value="inf" />
  <attribute name="DerivativeH" value="inf" />
  <attribute name="Loop Time for DT" value="0.000000" />
  <attribute name="Output H" value="8388608"/>
  <attribute name="Output I" value="200"/>
  <attribute name="Output T" value="1"/>
  <attribute name="Target GC Util Change" value ="20.000000" />
  <attribute name="Current GC Util Change" value="40.000000"/>
  <attribute name="GC Util currently" value="40" />
  <attribute name="CPU Util currently" value="6464448735871" />
<exclusive-end id="512" timestamp="2019-06-15T06:32:57.052" durationms="9.601" />

<exclusive-start id="513" timestamp="2019-06-15T06:32:57.063" intervalms="21.008">
  <response-info timems="0.033" idlems="0.033" threads="0" lastid="00000000018DE100" lastname="Thread-7" />
</exclusive-start>
<allocation-taxation id="514" taxation-threshold="19922944" timestamp="2019-06-15T06:32:57.063" intervalms="21.108" />
<cycle-start id="515" type="partial gc" contextid="0" timestamp="2019-06-15T06:32:57.063" intervalms="21.216" />
<gc-start id="516" type="partial gc" contextid="515" timestamp="2019-06-15T06:32:57.064">
  <mem-info id="517" free="0" total="61865984" percent="0">
    <mem type="eden" free="0" total="19922944" percent="0" />
    <arraylet-primitive objects="2" leaves="2" largest="1" />
    <remembered-set count="24000" freebytes="2373504" totalbytes="2469504" percent="96" regionsoverflowed="0" regionsstable="0" regionsrebuilding="0"/>
  </mem-info>
</gc-start>
<allocation-stats totalBytes="19920320" >
  <allocated-bytes non-tlh="0" tlh="19920320" arrayletleaf="0"/>
  <largest-consumer threadName="Thread-7" threadId="00000000018DE100" bytes="5557520" />
</allocation-stats>
<gc-op id="518" type="mark" timems="2.288" contextid="515" timestamp="2019-06-15T06:32:57.066">
  <trace-info objectcount="37775" scancount="37775" scanbytes="1457160" />
  <cardclean-info objects="8968" bytes="447464" />
  <remembered-set-cleared processed="20010" cleared="768" durationms="0.232" />
  <stringconstants candidates="4597" cleared="0"  />
  <warning details="Mark invoked due to insufficient free space for Copy-Forward" />
</gc-op>
<gc-op id="519" type="classunload" timems="0.002" contextid="515" timestamp="2019-06-15T06:32:57.067">
  <classunload-info classloadercandidates="8" classloadersunloaded="0" classesunloaded="0" anonymousclassesunloaded="0" quiescems="0.000" setupms="0.002" scanms="0.000" postms="0.000" />
</gc-op>
<gc-op id="520" type="sweep" timems="0.509" contextid="515" timestamp="2019-06-15T06:32:57.067" />
<gc-op id="521" type="compact" timems="2.381" contextid="515" timestamp="2019-06-15T06:32:57.070">
  <compact-info movecount="37759" movebytes="1456792" />
  <remembered-set-cleared processed="40179" cleared="1680" durationms="0.232" />
</gc-op>
<heap-resize id="522" type="expand" space="default" amount="11534336" count="1" timems="0.107" reason="excessive time being spent in gc" timestamp="2019-06-15T06:32:57.070" />
<gc-end id="523" type="partial gc" contextid="515" durationms="6.768" usertimems="8.000" systemtimems="0.000" timestamp="2019-06-15T06:32:57.070" activeThreads="4">
  <mem-info id="524" free="31457280" total="73400320" percent="42">
    <mem type="eden" free="305592" total="1048576" percent="29" />
    <arraylet-primitive objects="2" leaves="2" largest="1" />
    <remembered-set count="24608" freebytes="2831488" totalbytes="2929920" percent="96" regionsoverflowed="0" regionsstable="0" regionsrebuilding="0"/>
  </mem-info>
</gc-end>
<cycle-end id="525" type="partial gc" contextid="515" timestamp="2019-06-15T06:32:57.071" />
  <attribute name="elasticGC enabled" value="1" />
  <attribute name= "numThreadsSpecified" value="4" />
  <attribute name="heapSize specified" value="0" />
  <attribute name="Current GC Util" value="41" />
  <attribute name= "Current Time Running" value="1674" />
  <attribute name ="GC Interval" value="0" />
  <attribute name="ProportionalT" value="10.500000" />
  <attribute name="ProportionalI" value="10.500000" />
  <attribute name="ProportionalH" value="10.500000" />
  <attribute name="Current Error" value="21.000000" />
  <attribute name="IntegralT" value="21.000000" />
  <attribute name="IntegralI" value="21.000000" />
  <attribute name="IntegralH" value="21.000000" />
  <attribute name="DerivativeT" value="21.000000" />
  <attribute name="DerivativeI" value="21.000000" />
  <attribute name="DerivativeH" value="21.000000" />
  <attribute name="Loop Time for DT" value="1.000000" />
  <attribute name="Output H" value="8388608"/>
  <attribute name="Output I" value="200"/>
  <attribute name="Output T" value="4"/>
  <attribute name="Target GC Util Change" value ="20.000000" />
  <attribute name="Current GC Util Change" value="41.000000"/>
  <attribute name="GC Util currently" value="41" />
  <attribute name="CPU Util currently" value="6402682885076" />
<exclusive-end id="526" timestamp="2019-06-15T06:32:57.071" durationms="7.823" />

<exclusive-start id="527" timestamp="2019-06-15T06:32:57.087" intervalms="23.553">
  <response-info timems="0.040" idlems="0.038" threads="1" lastid="00000000018DE100" lastname="Thread-7" />
</exclusive-start>
<allocation-taxation id="528" taxation-threshold="25165824" timestamp="2019-06-15T06:32:57.087" intervalms="23.546" />
<cycle-start id="529" type="partial gc" contextid="0" timestamp="2019-06-15T06:32:57.087" intervalms="23.482" />
<gc-start id="530" type="partial gc" contextid="529" timestamp="2019-06-15T06:32:57.087">
  <mem-info id="531" free="6291456" total="73400320" percent="8">
    <mem type="eden" free="0" total="25165824" percent="0" />
    <arraylet-primitive objects="2" leaves="2" largest="1" />
    <remembered-set count="24480" freebytes="2832000" totalbytes="2929920" percent="96" regionsoverflowed="0" regionsstable="0" regionsrebuilding="0"/>
  </mem-info>
</gc-start>
<allocation-stats totalBytes="25162600" >
  <allocated-bytes non-tlh="0" tlh="25162600" arrayletleaf="0"/>
  <largest-consumer threadName="Thread-8" threadId="00000000018D2D00" bytes="7883744" />
</allocation-stats>
<gc-op id="532" type="copy forward" timems="4.513" contextid="529" timestamp="2019-06-15T06:32:57.093">
  <memory-copied type="eden" objects="20554" bytes="768952" bytesdiscarded="75808" />
  <memory-copied type="other" objects="19288" bytes="737664" bytesdiscarded="38360" />
  <memory-cardclean objects="11831" bytes="580760" />
  <regions eden="24" other="1" />
  <remembered-set-cleared processed="20910" cleared="454" durationms="0.189" />
  <stringconstants candidates="4597" cleared="0"  />
</gc-op>
<gc-op id="533" type="classunload" timems="0.003" contextid="529" timestamp="2019-06-15T06:32:57.093">
  <classunload-info classloadercandidates="8" classloadersunloaded="0" classesunloaded="0" anonymousclassesunloaded="0" quiescems="0.000" setupms="0.002" scanms="0.000" postms="0.000" />
</gc-op>
<heap-resize id="534" type="expand" space="default" amount="12582912" count="1" timems="0.114" reason="excessive time being spent in gc" timestamp="2019-06-15T06:32:57.093" />
<gc-end id="535" type="partial gc" contextid="529" durationms="5.968" usertimems="0.000" systemtimems="8.000" timestamp="2019-06-15T06:32:57.093" activeThreads="4">
  <mem-info id="536" free="42991616" total="85983232" percent="50">
    <mem type="eden" free="203816" total="1048576" percent="19" />
    <arraylet-primitive objects="2" leaves="2" largest="1" />
    <remembered-set count="26880" freebytes="3324672" totalbytes="3432192" percent="96" regionsoverflowed="0" regionsstable="0" regionsrebuilding="0"/>
  </mem-info>
</gc-end>
<cycle-end id="537" type="partial gc" contextid="529" timestamp="2019-06-15T06:32:57.093" />
  <attribute name="elasticGC enabled" value="1" />
  <attribute name= "numThreadsSpecified" value="4" />
  <attribute name="heapSize specified" value="0" />
  <attribute name="Current GC Util" value="20" />
  <attribute name= "Current Time Running" value="1695" />
  <attribute name ="GC Interval" value="0" />
  <attribute name="ProportionalT" value="0.000000" />
  <attribute name="ProportionalI" value="0.000000" />
  <attribute name="ProportionalH" value="0.000000" />
  <attribute name="Current Error" value="0.000000" />
  <attribute name="IntegralT" value="0.000000" />
  <attribute name="IntegralI" value="0.000000" />
  <attribute name="IntegralH" value="0.000000" />
  <attribute name="DerivativeT" value="-24.000000" />
  <attribute name="DerivativeI" value="-24.000000" />
  <attribute name="DerivativeH" value="-24.000000" />
  <attribute name="Loop Time for DT" value="1.000000" />
  <attribute name="Output H" value="2091843584"/>
  <attribute name="Output I" value="200"/>
  <attribute name="Output T" value="4"/>
  <attribute name="Target GC Util Change" value ="20.000000" />
  <attribute name="Current GC Util Change" value="20.000000"/>
  <attribute name="GC Util currently" value="20" />
  <attribute name="CPU Util currently" value="7149601508365" />
<exclusive-end id="538" timestamp="2019-06-15T06:32:57.094" durationms="7.013" />

<exclusive-start id="539" timestamp="2019-06-15T06:32:57.111" intervalms="23.995">
  <response-info timems="0.031" idlems="0.031" threads="0" lastid="00000000018D2D00" lastname="Thread-8" />
</exclusive-start>
<allocation-taxation id="540" taxation-threshold="28311552" timestamp="2019-06-15T06:32:57.111" intervalms="23.905" />
<cycle-start id="541" type="partial gc" contextid="0" timestamp="2019-06-15T06:32:57.111" intervalms="23.825" />
<gc-start id="542" type="partial gc" contextid="541" timestamp="2019-06-15T06:32:57.111">
  <mem-info id="543" free="14680064" total="85983232" percent="17">
    <mem type="eden" free="0" total="28311552" percent="0" />
    <arraylet-primitive objects="2" leaves="2" largest="1" />
    <remembered-set count="25600" freebytes="3329792" totalbytes="3432192" percent="97" regionsoverflowed="0" regionsstable="2" regionsrebuilding="0"/>
  </mem-info>
</gc-start>
<allocation-stats totalBytes="28308432" >
  <allocated-bytes non-tlh="0" tlh="28308432" arrayletleaf="0"/>
  <largest-consumer threadName="Thread-8" threadId="00000000018D2D00" bytes="8797128" />
</allocation-stats>
<gc-op id="544" type="copy forward" timems="2.731" contextid="541" timestamp="2019-06-15T06:32:57.114">
  <memory-copied type="eden" objects="13538" bytes="600848" bytesdiscarded="30008" />
  <memory-copied type="other" objects="25903" bytes="896424" bytesdiscarded="52032" />
  <memory-cardclean objects="11311" bytes="556544" />
  <regions eden="27" other="2" />
  <remembered-set-cleared processed="20554" cleared="748" durationms="0.129" />
  <stringconstants candidates="4597" cleared="0"  />
</gc-op>
<gc-op id="545" type="classunload" timems="0.004" contextid="541" timestamp="2019-06-15T06:32:57.114">
  <classunload-info classloadercandidates="8" classloadersunloaded="0" classesunloaded="0" anonymousclassesunloaded="0" quiescems="0.000" setupms="0.003" scanms="0.000" postms="0.000" />
</gc-op>
<heap-resize id="546" type="expand" space="default" amount="14680064" count="1" timems="0.123" reason="excessive time being spent in gc" timestamp="2019-06-15T06:32:57.115" />
<gc-end id="547" type="partial gc" contextid="541" durationms="3.679" usertimems="0.000" systemtimems="8.000" timestamp="2019-06-15T06:32:57.115" activeThreads="4">
  <mem-info id="548" free="56623104" total="100663296" percent="56">
    <mem type="eden" free="417720" total="1048576" percent="39" />
    <arraylet-primitive objects="2" leaves="2" largest="1" />
    <remembered-set count="26080" freebytes="3913856" totalbytes="4018176" percent="97" regionsoverflowed="0" regionsstable="2" regionsrebuilding="0"/>
  </mem-info>
</gc-end>
<cycle-end id="549" type="partial gc" contextid="541" timestamp="2019-06-15T06:32:57.115" />
  <attribute name="elasticGC enabled" value="1" />
  <attribute name= "numThreadsSpecified" value="4" />
  <attribute name="heapSize specified" value="0" />
  <attribute name="Current GC Util" value="56" />
  <attribute name= "Current Time Running" value="1718" />
  <attribute name ="GC Interval" value="0" />
  <attribute name="ProportionalT" value="18.000000" />
  <attribute name="ProportionalI" value="18.000000" />
  <attribute name="ProportionalH" value="18.000000" />
  <attribute name="Current Error" value="36.000000" />
  <attribute name="IntegralT" value="36.000000" />
  <attribute name="IntegralI" value="36.000000" />
  <attribute name="IntegralH" value="36.000000" />
  <attribute name="DerivativeT" value="16.000000" />
  <attribute name="DerivativeI" value="16.000000" />
  <attribute name="DerivativeH" value="16.000000" />
  <attribute name="Loop Time for DT" value="1.000000" />
  <attribute name="Output H" value="8388608"/>
  <attribute name="Output I" value="200"/>
  <attribute name="Output T" value="4"/>
  <attribute name="Target GC Util Change" value ="20.000000" />
  <attribute name="Current GC Util Change" value="56.000000"/>
  <attribute name="GC Util currently" value="56" />
  <attribute name="CPU Util currently" value="20736371211270" />
<exclusive-end id="550" timestamp="2019-06-15T06:32:57.115" durationms="4.250" />

<exclusive-start id="551" timestamp="2019-06-15T06:32:57.132" intervalms="21.774">
  <response-info timems="0.784" idlems="0.420" threads="1" lastid="00000000018DA500" lastname="Thread-9" />
</exclusive-start>
<allocation-taxation id="552" taxation-threshold="31457280" timestamp="2019-06-15T06:32:57.133" intervalms="21.823" />
<cycle-start id="553" type="partial gc" contextid="0" timestamp="2019-06-15T06:32:57.133" intervalms="21.878" />
<gc-start id="554" type="partial gc" contextid="553" timestamp="2019-06-15T06:32:57.133">
  <mem-info id="555" free="25165824" total="100663296" percent="25">
    <mem type="eden" free="0" total="31457280" percent="0" />
    <arraylet-primitive objects="2" leaves="2" largest="1" />
    <remembered-set count="25632" freebytes="3915648" totalbytes="4018176" percent="97" regionsoverflowed="0" regionsstable="2" regionsrebuilding="0"/>
  </mem-info>
</gc-start>
<allocation-stats totalBytes="31453784" >
  <allocated-bytes non-tlh="0" tlh="31453784" arrayletleaf="0"/>
  <largest-consumer threadName="Thread-10" threadId="00000000018D6900" bytes="9251816" />
</allocation-stats>
<gc-op id="556" type="copy forward" timems="2.285" contextid="553" timestamp="2019-06-15T06:32:57.136">
  <memory-copied type="eden" objects="15089" bytes="638312" bytesdiscarded="41904" />
  <memory-copied type="other" objects="7102" bytes="307824" bytesdiscarded="18928" />
  <memory-cardclean objects="5413" bytes="264872" />
  <regions eden="30" other="1" />
  <remembered-set-cleared processed="22256" cleared="403" durationms="0.147" />
  <stringconstants candidates="4597" cleared="0"  />
</gc-op>
<gc-op id="557" type="classunload" timems="0.003" contextid="553" timestamp="2019-06-15T06:32:57.136">
  <classunload-info classloadercandidates="8" classloadersunloaded="0" classesunloaded="0" anonymousclassesunloaded="0" quiescems="0.000" setupms="0.003" scanms="0.000" postms="0.000" />
</gc-op>
<heap-resize id="558" type="expand" space="default" amount="12582912" count="1" timems="0.124" reason="excessive time being spent in gc" timestamp="2019-06-15T06:32:57.136" />
<gc-end id="559" type="partial gc" contextid="553" durationms="3.464" usertimems="8.000" systemtimems="0.000" timestamp="2019-06-15T06:32:57.136" activeThreads="4">
  <mem-info id="560" free="68157440" total="113246208" percent="60">
    <mem type="eden" free="368360" total="1048576" percent="35" />
    <arraylet-primitive objects="2" leaves="2" largest="1" />
    <remembered-set count="26624" freebytes="4413952" totalbytes="4520448" percent="97" regionsoverflowed="0" regionsstable="2" regionsrebuilding="0"/>
  </mem-info>
</gc-end>
<cycle-end id="561" type="partial gc" contextid="553" timestamp="2019-06-15T06:32:57.137" />
  <attribute name="elasticGC enabled" value="1" />
  <attribute name= "numThreadsSpecified" value="4" />
  <attribute name="heapSize specified" value="0" />
  <attribute name="Current GC Util" value="46" />
  <attribute name= "Current Time Running" value="1740" />
  <attribute name ="GC Interval" value="0" />
  <attribute name="ProportionalT" value="13.000000" />
  <attribute name="ProportionalI" value="13.000000" />
  <attribute name="ProportionalH" value="13.000000" />
  <attribute name="Current Error" value="26.000000" />
  <attribute name="IntegralT" value="26.000000" />
  <attribute name="IntegralI" value="26.000000" />
  <attribute name="IntegralH" value="26.000000" />
  <attribute name="DerivativeT" value="16.000000" />
  <attribute name="DerivativeI" value="16.000000" />
  <attribute name="DerivativeH" value="16.000000" />
  <attribute name="Loop Time for DT" value="1.000000" />
  <attribute name="Output H" value="8388608"/>
  <attribute name="Output I" value="200"/>
  <attribute name="Output T" value="4"/>
  <attribute name="Target GC Util Change" value ="20.000000" />
  <attribute name="Current GC Util Change" value="46.000000"/>
  <attribute name="GC Util currently" value="46" />
  <attribute name="CPU Util currently" value="19682573469961" />
<exclusive-end id="562" timestamp="2019-06-15T06:32:57.137" durationms="4.421" />

<exclusive-start id="563" timestamp="2019-06-15T06:32:57.161" intervalms="28.533">
  <response-info timems="6.128" idlems="3.066" threads="1" lastid="00000000018DA500" lastname="Thread-9" />
</exclusive-start>
<allocation-taxation id="564" taxation-threshold="34603008" timestamp="2019-06-15T06:32:57.161" intervalms="28.532" />
<cycle-start id="565" type="partial gc" contextid="0" timestamp="2019-06-15T06:32:57.161" intervalms="28.595" />
<gc-start id="566" type="partial gc" contextid="565" timestamp="2019-06-15T06:32:57.162">
  <mem-info id="567" free="33554432" total="113246208" percent="29">
    <mem type="eden" free="0" total="34603008" percent="0" />
    <arraylet-primitive objects="2" leaves="2" largest="1" />
    <remembered-set count="26304" freebytes="4415232" totalbytes="4520448" percent="97" regionsoverflowed="0" regionsstable="2" regionsrebuilding="0"/>
  </mem-info>
</gc-start>
<allocation-stats totalBytes="34599072" >
  <allocated-bytes non-tlh="0" tlh="34599072" arrayletleaf="0"/>
  <largest-consumer threadName="Thread-7" threadId="00000000018DE100" bytes="9923408" />
</allocation-stats>
<gc-op id="568" type="copy forward" timems="3.313" contextid="565" timestamp="2019-06-15T06:32:57.166">
  <memory-copied type="eden" objects="9373" bytes="363432" bytesdiscarded="0" />
  <memory-copied type="other" objects="16690" bytes="675312" bytesdiscarded="0" />
  <memory-cardclean objects="6214" bytes="303416" />
  <regions eden="33" other="2" />
  <remembered-set-cleared processed="22422" cleared="569" durationms="0.274" />
  <stringconstants candidates="4597" cleared="0"  />
</gc-op>
<gc-op id="569" type="classunload" timems="0.002" contextid="565" timestamp="2019-06-15T06:32:57.166">
  <classunload-info classloadercandidates="8" classloadersunloaded="0" classesunloaded="0" anonymousclassesunloaded="0" quiescems="0.000" setupms="0.002" scanms="0.000" postms="0.000" />
</gc-op>
<heap-resize id="570" type="expand" space="default" amount="2097152" count="1" timems="0.070" reason="excessive time being spent in gc" timestamp="2019-06-15T06:32:57.166" />
<gc-end id="571" type="partial gc" contextid="565" durationms="4.656" usertimems="4.000" systemtimems="0.000" timestamp="2019-06-15T06:32:57.166" activeThreads="1">
  <mem-info id="572" free="69206016" total="115343360" percent="60">
    <mem type="eden" free="685144" total="1048576" percent="65" />
    <arraylet-primitive objects="2" leaves="2" largest="1" />
    <remembered-set count="27360" freebytes="4494720" totalbytes="4604160" percent="97" regionsoverflowed="0" regionsstable="2" regionsrebuilding="0"/>
  </mem-info>
</gc-end>
<cycle-end id="573" type="partial gc" contextid="565" timestamp="2019-06-15T06:32:57.166" />
  <attribute name="elasticGC enabled" value="1" />
  <attribute name= "numThreadsSpecified" value="1" />
  <attribute name="heapSize specified" value="0" />
  <attribute name="Current GC Util" value="43" />
  <attribute name= "Current Time Running" value="1768" />
  <attribute name ="GC Interval" value="0" />
  <attribute name="ProportionalT" value="11.500000" />
  <attribute name="ProportionalI" value="11.500000" />
  <attribute name="ProportionalH" value="11.500000" />
  <attribute name="Current Error" value="23.000000" />
  <attribute name="IntegralT" value="0.000000" />
  <attribute name="IntegralI" value="0.000000" />
  <attribute name="IntegralH" value="0.000000" />
  <attribute name="DerivativeT" value="inf" />
  <attribute name="DerivativeI" value="inf" />
  <attribute name="DerivativeH" value="inf" />
  <attribute name="Loop Time for DT" value="0.000000" />
  <attribute name="Output H" value="8388608"/>
  <attribute name="Output I" value="200"/>
  <attribute name="Output T" value="1"/>
  <attribute name="Target GC Util Change" value ="20.000000" />
  <attribute name="Current GC Util Change" value="43.000000"/>
  <attribute name="GC Util currently" value="43" />
  <attribute name="CPU Util currently" value="17603534732691" />
<exclusive-end id="574" timestamp="2019-06-15T06:32:57.167" durationms="5.684" />

<exclusive-start id="575" timestamp="2019-06-15T06:32:57.185" intervalms="24.014">
  <response-info timems="0.228" idlems="0.228" threads="0" lastid="00000000018D6900" lastname="Thread-10" />
</exclusive-start>
<allocation-taxation id="576" taxation-threshold="35651584" timestamp="2019-06-15T06:32:57.185" intervalms="24.034" />
<cycle-start id="577" type="partial gc" contextid="0" timestamp="2019-06-15T06:32:57.185" intervalms="23.967" />
<gc-start id="578" type="partial gc" contextid="577" timestamp="2019-06-15T06:32:57.185">
  <mem-info id="579" free="33554432" total="115343360" percent="29">
    <mem type="eden" free="0" total="35651584" percent="0" />
    <arraylet-primitive objects="2" leaves="2" largest="1" />
    <remembered-set count="27072" freebytes="4495872" totalbytes="4604160" percent="97" regionsoverflowed="0" regionsstable="2" regionsrebuilding="0"/>
  </mem-info>
</gc-start>
<allocation-stats totalBytes="35647296" >
  <allocated-bytes non-tlh="0" tlh="35647296" arrayletleaf="0"/>
  <largest-consumer threadName="Thread-7" threadId="00000000018DE100" bytes="10402576" />
</allocation-stats>
<gc-op id="580" type="copy forward" timems="3.463" contextid="577" timestamp="2019-06-15T06:32:57.190">
  <memory-copied type="eden" objects="15830" bytes="656272" bytesdiscarded="0" />
  <memory-copied type="other" objects="13732" bytes="466944" bytesdiscarded="0" />
  <memory-cardclean objects="10243" bytes="519824" />
  <regions eden="34" other="2" />
  <remembered-set-cleared processed="22915" cleared="698" durationms="0.276" />
  <stringconstants candidates="4597" cleared="0"  />
</gc-op>
<gc-op id="581" type="classunload" timems="0.002" contextid="577" timestamp="2019-06-15T06:32:57.190">
  <classunload-info classloadercandidates="8" classloadersunloaded="0" classesunloaded="0" anonymousclassesunloaded="0" quiescems="0.000" setupms="0.002" scanms="0.000" postms="0.000" />
</gc-op>
<heap-resize id="582" type="expand" space="default" amount="3145728" count="1" timems="0.066" reason="excessive time being spent in gc" timestamp="2019-06-15T06:32:57.190" />
<gc-end id="583" type="partial gc" contextid="577" durationms="4.724" usertimems="4.000" systemtimems="0.000" timestamp="2019-06-15T06:32:57.190" activeThreads="1">
  <mem-info id="584" free="71303168" total="118489088" percent="60">
    <mem type="eden" free="392304" total="1048576" percent="37" />
    <arraylet-primitive objects="2" leaves="2" largest="1" />
    <remembered-set count="28256" freebytes="4616704" totalbytes="4729728" percent="97" regionsoverflowed="0" regionsstable="2" regionsrebuilding="0"/>
  </mem-info>
</gc-end>
<cycle-end id="585" type="partial gc" contextid="577" timestamp="2019-06-15T06:32:57.190" />
  <attribute name="elasticGC enabled" value="1" />
  <attribute name= "numThreadsSpecified" value="1" />
  <attribute name="heapSize specified" value="0" />
  <attribute name="Current GC Util" value="54" />
  <attribute name= "Current Time Running" value="1792" />
  <attribute name ="GC Interval" value="0" />
  <attribute name="ProportionalT" value="17.000000" />
  <attribute name="ProportionalI" value="17.000000" />
  <attribute name="ProportionalH" value="17.000000" />
  <attribute name="Current Error" value="34.000000" />
  <attribute name="IntegralT" value="0.000000" />
  <attribute name="IntegralI" value="0.000000" />
  <attribute name="IntegralH" value="0.000000" />
  <attribute name="DerivativeT" value="inf" />
  <attribute name="DerivativeI" value="inf" />
  <attribute name="DerivativeH" value="inf" />
  <attribute name="Loop Time for DT" value="0.000000" />
  <attribute name="Output H" value="8388608"/>
  <attribute name="Output I" value="200"/>
  <attribute name="Output T" value="1"/>
  <attribute name="Target GC Util Change" value ="20.000000" />
  <attribute name="Current GC Util Change" value="54.000000"/>
  <attribute name="GC Util currently" value="54" />
  <attribute name="CPU Util currently" value="18907559075729" />
<exclusive-end id="586" timestamp="2019-06-15T06:32:57.191" durationms="5.718" />

<exclusive-start id="587" timestamp="2019-06-15T06:32:57.208" intervalms="23.310">
  <response-info timems="0.026" idlems="0.026" threads="0" lastid="00000000018DE100" lastname="Thread-7" />
</exclusive-start>
<allocation-taxation id="588" taxation-threshold="35651584" timestamp="2019-06-15T06:32:57.208" intervalms="23.286" />
<cycle-start id="589" type="partial gc" contextid="0" timestamp="2019-06-15T06:32:57.209" intervalms="23.320" />
<gc-start id="590" type="partial gc" contextid="589" timestamp="2019-06-15T06:32:57.209">
  <mem-info id="591" free="35651584" total="118489088" percent="30">
    <mem type="eden" free="0" total="35651584" percent="0" />
    <arraylet-primitive objects="2" leaves="2" largest="1" />
    <remembered-set count="27872" freebytes="4618240" totalbytes="4729728" percent="97" regionsoverflowed="0" regionsstable="2" regionsrebuilding="0"/>
  </mem-info>
</gc-start>
<allocation-stats totalBytes="35646944" >
  <allocated-bytes non-tlh="0" tlh="35646944" arrayletleaf="0"/>
  <largest-consumer threadName="Thread-10" threadId="00000000018D6900" bytes="9407312" />
</allocation-stats>
<gc-op id="592" type="copy forward" timems="3.693" contextid="589" timestamp="2019-06-15T06:32:57.213">
  <memory-copied type="eden" objects="14384" bytes="483792" bytesdiscarded="0" />
  <memory-copied type="other" objects="19662" bytes="746640" bytesdiscarded="0" />
  <memory-cardclean objects="11702" bytes="589808" />
  <regions eden="34" other="2" />
  <remembered-set-cleared processed="23658" cleared="799" durationms="0.279" />
  <stringconstants candidates="4597" cleared="0"  />
</gc-op>
<gc-op id="593" type="classunload" timems="0.002" contextid="589" timestamp="2019-06-15T06:32:57.213">
  <classunload-info classloadercandidates="8" classloadersunloaded="0" classesunloaded="0" anonymousclassesunloaded="0" quiescems="0.000" setupms="0.002" scanms="0.000" postms="0.000" />
</gc-op>
<heap-resize id="594" type="expand" space="default" amount="2097152" count="1" timems="0.058" reason="excessive time being spent in gc" timestamp="2019-06-15T06:32:57.213" />
<gc-end id="595" type="partial gc" contextid="589" durationms="4.638" usertimems="0.000" systemtimems="4.000" timestamp="2019-06-15T06:32:57.213" activeThreads="1">
  <mem-info id="596" free="72351744" total="120586240" percent="60">
    <mem type="eden" free="564784" total="1048576" percent="53" />
    <arraylet-primitive objects="2" leaves="2" largest="1" />
    <remembered-set count="30080" freebytes="4693120" totalbytes="4813440" percent="97" regionsoverflowed="0" regionsstable="2" regionsrebuilding="0"/>
  </mem-info>
</gc-end>
<cycle-end id="597" type="partial gc" contextid="589" timestamp="2019-06-15T06:32:57.214" />
  <attribute name="elasticGC enabled" value="1" />
  <attribute name= "numThreadsSpecified" value="1" />
  <attribute name="heapSize specified" value="0" />
  <attribute name="Current GC Util" value="65" />
  <attribute name= "Current Time Running" value="1815" />
  <attribute name ="GC Interval" value="0" />
  <attribute name="ProportionalT" value="22.500000" />
  <attribute name="ProportionalI" value="22.500000" />
  <attribute name="ProportionalH" value="22.500000" />
  <attribute name="Current Error" value="45.000000" />
  <attribute name="IntegralT" value="0.000000" />
  <attribute name="IntegralI" value="0.000000" />
  <attribute name="IntegralH" value="0.000000" />
  <attribute name="DerivativeT" value="inf" />
  <attribute name="DerivativeI" value="inf" />
  <attribute name="DerivativeH" value="inf" />
  <attribute name="Loop Time for DT" value="0.000000" />
  <attribute name="Output H" value="8388608"/>
  <attribute name="Output I" value="200"/>
  <attribute name="Output T" value="1"/>
  <attribute name="Target GC Util Change" value ="20.000000" />
  <attribute name="Current GC Util Change" value="65.000000"/>
  <attribute name="GC Util currently" value="65" />
  <attribute name="CPU Util currently" value="21988785582191" />
<exclusive-end id="598" timestamp="2019-06-15T06:32:57.214" durationms="5.440" />

<exclusive-start id="599" timestamp="2019-06-15T06:32:57.233" intervalms="24.308">
  <response-info timems="0.023" idlems="0.023" threads="0" lastid="00000000018D6900" lastname="Thread-10" />
</exclusive-start>
<allocation-taxation id="600" taxation-threshold="36700160" timestamp="2019-06-15T06:32:57.233" intervalms="24.270" />
<cycle-start id="601" type="partial gc" contextid="0" timestamp="2019-06-15T06:32:57.233" intervalms="24.221" />
<gc-start id="602" type="partial gc" contextid="601" timestamp="2019-06-15T06:32:57.233">
  <mem-info id="603" free="35651584" total="120586240" percent="29">
    <mem type="eden" free="0" total="36700160" percent="0" />
    <arraylet-primitive objects="2" leaves="2" largest="1" />
    <remembered-set count="29664" freebytes="4694784" totalbytes="4813440" percent="97" regionsoverflowed="0" regionsstable="2" regionsrebuilding="0"/>
  </mem-info>
</gc-start>
<allocation-stats totalBytes="36695976" >
  <allocated-bytes non-tlh="0" tlh="36695976" arrayletleaf="0"/>
  <largest-consumer threadName="Thread-10" threadId="00000000018D6900" bytes="10169200" />
</allocation-stats>
<gc-op id="604" type="copy forward" timems="2.328" contextid="601" timestamp="2019-06-15T06:32:57.236">
  <memory-copied type="eden" objects="13074" bytes="456408" bytesdiscarded="23144" />
  <memory-copied type="other" objects="22141" bytes="806136" bytesdiscarded="96272" />
  <memory-cardclean objects="7864" bytes="390680" />
  <regions eden="35" other="2" />
  <remembered-set-cleared processed="24589" cleared="1070" durationms="0.148" />
  <stringconstants candidates="4597" cleared="0"  />
</gc-op>
<gc-op id="605" type="classunload" timems="0.002" contextid="601" timestamp="2019-06-15T06:32:57.236">
  <classunload-info classloadercandidates="8" classloadersunloaded="0" classesunloaded="0" anonymousclassesunloaded="0" quiescems="0.000" setupms="0.002" scanms="0.000" postms="0.000" />
</gc-op>
<heap-resize id="606" type="expand" space="default" amount="3145728" count="1" timems="0.064" reason="excessive time being spent in gc" timestamp="2019-06-15T06:32:57.236" />
<gc-end id="607" type="partial gc" contextid="601" durationms="3.349" usertimems="8.000" systemtimems="0.000" timestamp="2019-06-15T06:32:57.236" activeThreads="4">
  <mem-info id="608" free="74448896" total="123731968" percent="60">
    <mem type="eden" free="569024" total="1048576" percent="54" />
    <arraylet-primitive objects="2" leaves="2" largest="1" />
    <remembered-set count="30400" freebytes="4817408" totalbytes="4939008" percent="97" regionsoverflowed="0" regionsstable="2" regionsrebuilding="0"/>
  </mem-info>
</gc-end>
<cycle-end id="609" type="partial gc" contextid="601" timestamp="2019-06-15T06:32:57.236" />
  <attribute name="elasticGC enabled" value="1" />
  <attribute name= "numThreadsSpecified" value="4" />
  <attribute name="heapSize specified" value="0" />
  <attribute name="Current GC Util" value="59" />
  <attribute name= "Current Time Running" value="1840" />
  <attribute name ="GC Interval" value="0" />
  <attribute name="ProportionalT" value="19.500000" />
  <attribute name="ProportionalI" value="19.500000" />
  <attribute name="ProportionalH" value="19.500000" />
  <attribute name="Current Error" value="39.000000" />
  <attribute name="IntegralT" value="39.000000" />
  <attribute name="IntegralI" value="39.000000" />
  <attribute name="IntegralH" value="39.000000" />
  <attribute name="DerivativeT" value="39.000000" />
  <attribute name="DerivativeI" value="39.000000" />
  <attribute name="DerivativeH" value="39.000000" />
  <attribute name="Loop Time for DT" value="1.000000" />
  <attribute name="Output H" value="8388608"/>
  <attribute name="Output I" value="200"/>
  <attribute name="Output T" value="4"/>
  <attribute name="Target GC Util Change" value ="20.000000" />
  <attribute name="Current GC Util Change" value="59.000000"/>
  <attribute name="GC Util currently" value="59" />
  <attribute name="CPU Util currently" value="23381444714990" />
<exclusive-end id="610" timestamp="2019-06-15T06:32:57.237" durationms="4.069" />

<exclusive-start id="611" timestamp="2019-06-15T06:32:57.258" intervalms="25.665">
  <response-info timems="0.026" idlems="0.026" threads="0" lastid="00000000018DA500" lastname="Thread-9" />
</exclusive-start>
<allocation-taxation id="612" taxation-threshold="37748736" timestamp="2019-06-15T06:32:57.258" intervalms="25.749" />
<cycle-start id="613" type="partial gc" contextid="0" timestamp="2019-06-15T06:32:57.259" intervalms="25.806" />
<gc-start id="614" type="partial gc" contextid="613" timestamp="2019-06-15T06:32:57.259">
  <mem-info id="615" free="36700160" total="123731968" percent="29">
    <mem type="eden" free="0" total="37748736" percent="0" />
    <arraylet-primitive objects="2" leaves="2" largest="1" />
    <remembered-set count="30272" freebytes="4817920" totalbytes="4939008" percent="97" regionsoverflowed="0" regionsstable="2" regionsrebuilding="0"/>
  </mem-info>
</gc-start>
<allocation-stats totalBytes="37744312" >
  <allocated-bytes non-tlh="0" tlh="37744312" arrayletleaf="0"/>
  <largest-consumer threadName="Thread-8" threadId="00000000018D2D00" bytes="9829256" />
</allocation-stats>
<gc-op id="616" type="copy forward" timems="2.117" contextid="613" timestamp="2019-06-15T06:32:57.262">
  <memory-copied type="eden" objects="26159" bytes="1178520" bytesdiscarded="33440" />
  <memory-copied type="other" objects="9262" bytes="222288" bytesdiscarded="11472" />
  <memory-cardclean objects="7817" bytes="388832" />
  <regions eden="36" other="3" />
  <remembered-set-cleared processed="24729" cleared="1210" durationms="0.141" />
  <stringconstants candidates="4597" cleared="0"  />
</gc-op>
<gc-op id="617" type="classunload" timems="0.002" contextid="613" timestamp="2019-06-15T06:32:57.262">
  <classunload-info classloadercandidates="8" classloadersunloaded="0" classesunloaded="0" anonymousclassesunloaded="0" quiescems="0.000" setupms="0.002" scanms="0.000" postms="0.000" />
</gc-op>
<heap-resize id="618" type="expand" space="default" amount="5242880" count="1" timems="0.077" reason="excessive time being spent in gc" timestamp="2019-06-15T06:32:57.262" />
<gc-end id="619" type="partial gc" contextid="613" durationms="3.306" usertimems="8.000" systemtimems="0.000" timestamp="2019-06-15T06:32:57.262" activeThreads="4">
  <mem-info id="620" free="77594624" total="128974848" percent="60">
    <mem type="eden" free="885192" total="2097152" percent="42" />
    <arraylet-primitive objects="2" leaves="2" largest="1" />
    <remembered-set count="29376" freebytes="5030784" totalbytes="5148288" percent="97" regionsoverflowed="0" regionsstable="2" regionsrebuilding="0"/>
  </mem-info>
</gc-end>
<cycle-end id="621" type="partial gc" contextid="613" timestamp="2019-06-15T06:32:57.262" />
  <attribute name="elasticGC enabled" value="1" />
  <attribute name= "numThreadsSpecified" value="4" />
  <attribute name="heapSize specified" value="0" />
  <attribute name="Current GC Util" value="56" />
  <attribute name= "Current Time Running" value="1866" />
  <attribute name ="GC Interval" value="0" />
  <attribute name="ProportionalT" value="18.000000" />
  <attribute name="ProportionalI" value="18.000000" />
  <attribute name="ProportionalH" value="18.000000" />
  <attribute name="Current Error" value="36.000000" />
  <attribute name="IntegralT" value="36.000000" />
  <attribute name="IntegralI" value="36.000000" />
  <attribute name="IntegralH" value="36.000000" />
  <attribute name="DerivativeT" value="34.000000" />
  <attribute name="DerivativeI" value="34.000000" />
  <attribute name="DerivativeH" value="34.000000" />
  <attribute name="Loop Time for DT" value="1.000000" />
  <attribute name="Output H" value="8388608"/>
  <attribute name="Output I" value="200"/>
  <attribute name="Output T" value="4"/>
  <attribute name="Target GC Util Change" value ="20.000000" />
  <attribute name="Current GC Util Change" value="56.000000"/>
  <attribute name="GC Util currently" value="56" />
  <attribute name="CPU Util currently" value="21066103332800" />
<exclusive-end id="622" timestamp="2019-06-15T06:32:57.262" durationms="4.239" />

<exclusive-start id="623" timestamp="2019-06-15T06:32:57.289" intervalms="30.383">
  <response-info timems="0.036" idlems="0.036" threads="0" lastid="00000000018DA500" lastname="Thread-9" />
</exclusive-start>
<allocation-taxation id="624" taxation-threshold="38797312" timestamp="2019-06-15T06:32:57.289" intervalms="30.354" />
<cycle-start id="625" type="partial gc" contextid="0" timestamp="2019-06-15T06:32:57.289" intervalms="30.346" />
<gc-start id="626" type="partial gc" contextid="625" timestamp="2019-06-15T06:32:57.289">
  <mem-info id="627" free="38797312" total="128974848" percent="30">
    <mem type="eden" free="885192" total="39845888" percent="2" />
    <arraylet-primitive objects="2" leaves="2" largest="1" />
    <remembered-set count="29088" freebytes="5031936" totalbytes="5148288" percent="97" regionsoverflowed="0" regionsstable="2" regionsrebuilding="0"/>
  </mem-info>
</gc-start>
<allocation-stats totalBytes="38792616" >
  <allocated-bytes non-tlh="0" tlh="38792616" arrayletleaf="0"/>
  <largest-consumer threadName="Thread-7" threadId="00000000018DE100" bytes="11164552" />
</allocation-stats>
<gc-op id="628" type="copy forward" timems="2.778" contextid="625" timestamp="2019-06-15T06:32:57.293">
  <memory-copied type="eden" objects="13853" bytes="608696" bytesdiscarded="0" />
  <memory-copied type="other" objects="11514" bytes="551088" bytesdiscarded="0" />
  <memory-cardclean objects="421" bytes="25712" />
  <regions eden="37" other="3" />
  <remembered-set-cleared processed="25480" cleared="377" durationms="0.283" />
  <stringconstants candidates="4597" cleared="0"  />
</gc-op>
<gc-op id="629" type="classunload" timems="0.002" contextid="625" timestamp="2019-06-15T06:32:57.293">
  <classunload-info classloadercandidates="8" classloadersunloaded="0" classesunloaded="0" anonymousclassesunloaded="0" quiescems="0.000" setupms="0.002" scanms="0.000" postms="0.000" />
</gc-op>
<gc-end id="630" type="partial gc" contextid="625" durationms="3.721" usertimems="0.000" systemtimems="4.000" timestamp="2019-06-15T06:32:57.293" activeThreads="1">
  <mem-info id="631" free="77594624" total="128974848" percent="60">
    <mem type="eden" free="439880" total="1048576" percent="41" />
    <arraylet-primitive objects="2" leaves="2" largest="1" />
    <remembered-set count="29600" freebytes="5029888" totalbytes="5148288" percent="97" regionsoverflowed="0" regionsstable="2" regionsrebuilding="0"/>
  </mem-info>
</gc-end>
<cycle-end id="632" type="partial gc" contextid="625" timestamp="2019-06-15T06:32:57.293" />
  <attribute name="elasticGC enabled" value="1" />
  <attribute name= "numThreadsSpecified" value="1" />
  <attribute name="heapSize specified" value="0" />
  <attribute name="Current GC Util" value="53" />
  <attribute name= "Current Time Running" value="1896" />
  <attribute name ="GC Interval" value="0" />
  <attribute name="ProportionalT" value="16.500000" />
  <attribute name="ProportionalI" value="16.500000" />
  <attribute name="ProportionalH" value="16.500000" />
  <attribute name="Current Error" value="33.000000" />
  <attribute name="IntegralT" value="0.000000" />
  <attribute name="IntegralI" value="0.000000" />
  <attribute name="IntegralH" value="0.000000" />
  <attribute name="DerivativeT" value="inf" />
  <attribute name="DerivativeI" value="inf" />
  <attribute name="DerivativeH" value="inf" />
  <attribute name="Loop Time for DT" value="0.000000" />
  <attribute name="Output H" value="8388608"/>
  <attribute name="Output I" value="200"/>
  <attribute name="Output T" value="1"/>
  <attribute name="Target GC Util Change" value ="20.000000" />
  <attribute name="Current GC Util Change" value="53.000000"/>
  <attribute name="GC Util currently" value="53" />
  <attribute name="CPU Util currently" value="20648261707012" />
<exclusive-end id="633" timestamp="2019-06-15T06:32:57.293" durationms="4.661" />

<exclusive-start id="634" timestamp="2019-06-15T06:32:57.320" intervalms="31.342">
  <response-info timems="0.260" idlems="0.260" threads="0" lastid="00000000018DA500" lastname="Thread-9" />
</exclusive-start>
<allocation-taxation id="635" taxation-threshold="38797312" timestamp="2019-06-15T06:32:57.320" intervalms="31.269" />
<cycle-start id="636" type="partial gc" contextid="0" timestamp="2019-06-15T06:32:57.323" intervalms="33.934" />
<gc-start id="637" type="partial gc" contextid="636" timestamp="2019-06-15T06:32:57.323">
  <mem-info id="638" free="38797312" total="128974848" percent="30">
    <mem type="eden" free="0" total="38797312" percent="0" />
    <arraylet-primitive objects="2" leaves="2" largest="1" />
    <remembered-set count="29536" freebytes="5030144" totalbytes="5148288" percent="97" regionsoverflowed="0" regionsstable="2" regionsrebuilding="0"/>
  </mem-info>
</gc-start>
<allocation-stats totalBytes="38792504" >
  <allocated-bytes non-tlh="0" tlh="38792504" arrayletleaf="0"/>
  <largest-consumer threadName="Thread-7" threadId="00000000018DE100" bytes="11524688" />
</allocation-stats>
<gc-op id="639" type="copy forward" timems="3.242" contextid="636" timestamp="2019-06-15T06:32:57.327">
  <memory-copied type="eden" objects="5854" bytes="141840" bytesdiscarded="0" />
  <memory-copied type="other" objects="25071" bytes="1151208" bytesdiscarded="0" />
  <memory-cardclean objects="421" bytes="25712" />
  <regions eden="37" other="3" />
  <remembered-set-cleared processed="25569" cleared="466" durationms="0.282" />
  <stringconstants candidates="4597" cleared="0"  />
</gc-op>
<gc-op id="640" type="classunload" timems="0.003" contextid="636" timestamp="2019-06-15T06:32:57.327">
  <classunload-info classloadercandidates="8" classloadersunloaded="0" classesunloaded="0" anonymousclassesunloaded="0" quiescems="0.000" setupms="0.002" scanms="0.000" postms="0.000" />
</gc-op>
<heap-resize id="641" type="expand" space="default" amount="2097152" count="1" timems="0.060" reason="excessive time being spent in gc" timestamp="2019-06-15T06:32:57.327" />
<gc-end id="642" type="partial gc" contextid="636" durationms="4.379" usertimems="4.000" systemtimems="0.000" timestamp="2019-06-15T06:32:57.327" activeThreads="1">
  <mem-info id="643" free="78643200" total="131072000" percent="60">
    <mem type="eden" free="906736" total="1048576" percent="86" />
    <arraylet-primitive objects="2" leaves="2" largest="1" />
    <remembered-set count="31200" freebytes="5107200" totalbytes="5232000" percent="97" regionsoverflowed="0" regionsstable="2" regionsrebuilding="0"/>
  </mem-info>
</gc-end>
<cycle-end id="644" type="partial gc" contextid="636" timestamp="2019-06-15T06:32:57.328" />
  <attribute name="elasticGC enabled" value="1" />
  <attribute name= "numThreadsSpecified" value="1" />
  <attribute name="heapSize specified" value="0" />
  <attribute name="Current GC Util" value="59" />
  <attribute name= "Current Time Running" value="1930" />
  <attribute name ="GC Interval" value="0" />
  <attribute name="ProportionalT" value="19.500000" />
  <attribute name="ProportionalI" value="19.500000" />
  <attribute name="ProportionalH" value="19.500000" />
  <attribute name="Current Error" value="39.000000" />
  <attribute name="IntegralT" value="0.000000" />
  <attribute name="IntegralI" value="0.000000" />
  <attribute name="IntegralH" value="0.000000" />
  <attribute name="DerivativeT" value="inf" />
  <attribute name="DerivativeI" value="inf" />
  <attribute name="DerivativeH" value="inf" />
  <attribute name="Loop Time for DT" value="0.000000" />
  <attribute name="Output H" value="8388608"/>
  <attribute name="Output I" value="200"/>
  <attribute name="Output T" value="1"/>
  <attribute name="Target GC Util Change" value ="20.000000" />
  <attribute name="Current GC Util Change" value="59.000000"/>
  <attribute name="GC Util currently" value="59" />
  <attribute name="CPU Util currently" value="21164134220857" />
<exclusive-end id="645" timestamp="2019-06-15T06:32:57.328" durationms="7.914" />

<exclusive-start id="646" timestamp="2019-06-15T06:32:57.354" intervalms="33.651">
  <response-info timems="0.366" idlems="0.366" threads="0" lastid="00000000018D6900" lastname="Thread-10" />
</exclusive-start>
<allocation-taxation id="647" taxation-threshold="38797312" timestamp="2019-06-15T06:32:57.354" intervalms="33.655" />
<cycle-start id="648" type="partial gc" contextid="0" timestamp="2019-06-15T06:32:57.354" intervalms="30.964" />
<gc-start id="649" type="partial gc" contextid="648" timestamp="2019-06-15T06:32:57.354">
  <mem-info id="650" free="39845888" total="131072000" percent="30">
    <mem type="eden" free="0" total="38797312" percent="0" />
    <arraylet-primitive objects="2" leaves="2" largest="1" />
    <remembered-set count="30752" freebytes="5108992" totalbytes="5232000" percent="97" regionsoverflowed="0" regionsstable="2" regionsrebuilding="0"/>
  </mem-info>
</gc-start>
<allocation-stats totalBytes="38792912" >
  <allocated-bytes non-tlh="0" tlh="38792912" arrayletleaf="0"/>
  <largest-consumer threadName="Thread-7" threadId="00000000018DE100" bytes="10894112" />
</allocation-stats>
<gc-op id="651" type="copy forward" timems="1.814" contextid="648" timestamp="2019-06-15T06:32:57.356">
  <memory-copied type="eden" objects="13109" bytes="590488" bytesdiscarded="39384" />
  <memory-copied type="other" objects="13956" bytes="609696" bytesdiscarded="23944" />
  <memory-cardclean objects="35" bytes="3128" />
  <regions eden="37" other="3" />
  <remembered-set-cleared processed="25924" cleared="698" durationms="0.153" />
  <stringconstants candidates="4597" cleared="0"  />
</gc-op>
<gc-op id="652" type="classunload" timems="0.002" contextid="648" timestamp="2019-06-15T06:32:57.356">
  <classunload-info classloadercandidates="8" classloadersunloaded="0" classesunloaded="0" anonymousclassesunloaded="0" quiescems="0.000" setupms="0.002" scanms="0.000" postms="0.000" />
</gc-op>
<heap-resize id="653" type="expand" space="default" amount="3145728" count="1" timems="0.064" reason="excessive time being spent in gc" timestamp="2019-06-15T06:32:57.357" />
<gc-end id="654" type="partial gc" contextid="648" durationms="2.755" usertimems="8.000" systemtimems="0.000" timestamp="2019-06-15T06:32:57.357" activeThreads="4">
  <mem-info id="655" free="80740352" total="134217728" percent="60">
    <mem type="eden" free="418704" total="1048576" percent="39" />
    <arraylet-primitive objects="2" leaves="2" largest="1" />
    <remembered-set count="30272" freebytes="5236480" totalbytes="5357568" percent="97" regionsoverflowed="0" regionsstable="2" regionsrebuilding="0"/>
  </mem-info>
</gc-end>
<cycle-end id="656" type="partial gc" contextid="648" timestamp="2019-06-15T06:32:57.357" />
  <attribute name="elasticGC enabled" value="1" />
  <attribute name= "numThreadsSpecified" value="4" />
  <attribute name="heapSize specified" value="0" />
  <attribute name="Current GC Util" value="72" />
  <attribute name= "Current Time Running" value="1961" />
  <attribute name ="GC Interval" value="0" />
  <attribute name="ProportionalT" value="26.000000" />
  <attribute name="ProportionalI" value="26.000000" />
  <attribute name="ProportionalH" value="26.000000" />
  <attribute name="Current Error" value="52.000000" />
  <attribute name="IntegralT" value="52.000000" />
  <attribute name="IntegralI" value="52.000000" />
  <attribute name="IntegralH" value="52.000000" />
  <attribute name="DerivativeT" value="52.000000" />
  <attribute name="DerivativeI" value="52.000000" />
  <attribute name="DerivativeH" value="52.000000" />
  <attribute name="Loop Time for DT" value="1.000000" />
  <attribute name="Output H" value="8388608"/>
  <attribute name="Output I" value="200"/>
  <attribute name="Output T" value="4"/>
  <attribute name="Target GC Util Change" value ="20.000000" />
  <attribute name="Current GC Util Change" value="72.000000"/>
  <attribute name="GC Util currently" value="72" />
  <attribute name="CPU Util currently" value="21924495163882" />
<exclusive-end id="657" timestamp="2019-06-15T06:32:57.357" durationms="3.609" />

<exclusive-start id="658" timestamp="2019-06-15T06:32:57.385" intervalms="31.117">
  <response-info timems="0.175" idlems="0.175" threads="0" lastid="00000000018D6900" lastname="Thread-10" />
</exclusive-start>
<allocation-taxation id="659" taxation-threshold="39845888" timestamp="2019-06-15T06:32:57.385" intervalms="31.177" />
<cycle-start id="660" type="partial gc" contextid="0" timestamp="2019-06-15T06:32:57.385" intervalms="31.150" />
<gc-start id="661" type="partial gc" contextid="660" timestamp="2019-06-15T06:32:57.385">
  <mem-info id="662" free="40894464" total="134217728" percent="30">
    <mem type="eden" free="0" total="39845888" percent="0" />
    <arraylet-primitive objects="2" leaves="2" largest="1" />
    <remembered-set count="30176" freebytes="5236864" totalbytes="5357568" percent="97" regionsoverflowed="0" regionsstable="2" regionsrebuilding="0"/>
  </mem-info>
</gc-start>
<allocation-stats totalBytes="39840936" >
  <allocated-bytes non-tlh="0" tlh="39840936" arrayletleaf="0"/>
  <largest-consumer threadName="Thread-10" threadId="00000000018D6900" bytes="11979448" />
</allocation-stats>
<gc-op id="663" type="copy forward" timems="3.255" contextid="660" timestamp="2019-06-15T06:32:57.389">
  <memory-copied type="eden" objects="11043" bytes="403464" bytesdiscarded="0" />
  <memory-copied type="other" objects="15138" bytes="638064" bytesdiscarded="0" />
  <memory-cardclean objects="7286" bytes="393200" />
  <regions eden="38" other="2" />
  <remembered-set-cleared processed="26057" cleared="619" durationms="0.295" />
  <stringconstants candidates="4597" cleared="0"  />
</gc-op>
<gc-op id="664" type="classunload" timems="0.002" contextid="660" timestamp="2019-06-15T06:32:57.389">
  <classunload-info classloadercandidates="8" classloadersunloaded="0" classesunloaded="0" anonymousclassesunloaded="0" quiescems="0.000" setupms="0.002" scanms="0.000" postms="0.000" />
</gc-op>
<heap-resize id="665" type="expand" space="default" amount="2097152" count="1" timems="0.061" reason="excessive time being spent in gc" timestamp="2019-06-15T06:32:57.389" />
<gc-end id="666" type="partial gc" contextid="660" durationms="4.347" usertimems="8.000" systemtimems="0.000" timestamp="2019-06-15T06:32:57.390" activeThreads="1">
  <mem-info id="667" free="81788928" total="136314880" percent="60">
    <mem type="eden" free="645112" total="1048576" percent="61" />
    <arraylet-primitive objects="2" leaves="2" largest="1" />
    <remembered-set count="31296" freebytes="5316096" totalbytes="5441280" percent="97" regionsoverflowed="0" regionsstable="2" regionsrebuilding="0"/>
  </mem-info>
</gc-end>
<cycle-end id="668" type="partial gc" contextid="660" timestamp="2019-06-15T06:32:57.390" />
  <attribute name="elasticGC enabled" value="1" />
  <attribute name= "numThreadsSpecified" value="1" />
  <attribute name="heapSize specified" value="0" />
  <attribute name="Current GC Util" value="56" />
  <attribute name= "Current Time Running" value="1992" />
  <attribute name ="GC Interval" value="0" />
  <attribute name="ProportionalT" value="18.000000" />
  <attribute name="ProportionalI" value="18.000000" />
  <attribute name="ProportionalH" value="18.000000" />
  <attribute name="Current Error" value="36.000000" />
  <attribute name="IntegralT" value="0.000000" />
  <attribute name="IntegralI" value="0.000000" />
  <attribute name="IntegralH" value="0.000000" />
  <attribute name="DerivativeT" value="inf" />
  <attribute name="DerivativeI" value="inf" />
  <attribute name="DerivativeH" value="inf" />
  <attribute name="Loop Time for DT" value="0.000000" />
  <attribute name="Output H" value="8388608"/>
  <attribute name="Output I" value="200"/>
  <attribute name="Output T" value="1"/>
  <attribute name="Target GC Util Change" value ="20.000000" />
  <attribute name="Current GC Util Change" value="56.000000"/>
  <attribute name="GC Util currently" value="56" />
  <attribute name="CPU Util currently" value="20776355198145" />
<exclusive-end id="669" timestamp="2019-06-15T06:32:57.390" durationms="5.143" />

<exclusive-start id="670" timestamp="2019-06-15T06:32:57.418" intervalms="33.247">
  <response-info timems="0.324" idlems="0.324" threads="0" lastid="00000000018DE100" lastname="Thread-7" />
</exclusive-start>
<allocation-taxation id="671" taxation-threshold="40894464" timestamp="2019-06-15T06:32:57.418" intervalms="33.230" />
<cycle-start id="672" type="partial gc" contextid="0" timestamp="2019-06-15T06:32:57.418" intervalms="33.262" />
<gc-start id="673" type="partial gc" contextid="672" timestamp="2019-06-15T06:32:57.418">
  <mem-info id="674" free="40894464" total="136314880" percent="30">
    <mem type="eden" free="0" total="40894464" percent="0" />
    <arraylet-primitive objects="2" leaves="2" largest="1" />
    <remembered-set count="31168" freebytes="5316608" totalbytes="5441280" percent="97" regionsoverflowed="0" regionsstable="2" regionsrebuilding="0"/>
  </mem-info>
</gc-start>
<allocation-stats totalBytes="40889840" >
  <allocated-bytes non-tlh="0" tlh="40889840" arrayletleaf="0"/>
  <largest-consumer threadName="Thread-10" threadId="00000000018D6900" bytes="12581544" />
</allocation-stats>
<gc-op id="675" type="copy forward" timems="3.733" contextid="672" timestamp="2019-06-15T06:32:57.423">
  <memory-copied type="eden" objects="5882" bytes="142456" bytesdiscarded="0" />
  <memory-copied type="other" objects="23761" bytes="982392" bytesdiscarded="0" />
  <memory-cardclean objects="6237" bytes="323728" />
  <regions eden="39" other="2" />
  <remembered-set-cleared processed="26766" cleared="988" durationms="0.301" />
  <stringconstants candidates="4597" cleared="0"  />
</gc-op>
<gc-op id="676" type="classunload" timems="0.002" contextid="672" timestamp="2019-06-15T06:32:57.423">
  <classunload-info classloadercandidates="8" classloadersunloaded="0" classesunloaded="0" anonymousclassesunloaded="0" quiescems="0.000" setupms="0.002" scanms="0.000" postms="0.000" />
</gc-op>
<heap-resize id="677" type="expand" space="default" amount="3145728" count="1" timems="0.065" reason="excessive time being spent in gc" timestamp="2019-06-15T06:32:57.423" />
<gc-end id="678" type="partial gc" contextid="672" durationms="4.652" usertimems="8.000" systemtimems="0.000" timestamp="2019-06-15T06:32:57.423" activeThreads="1">
  <mem-info id="679" free="83886080" total="139460608" percent="60">
    <mem type="eden" free="906120" total="1048576" percent="86" />
    <arraylet-primitive objects="2" leaves="2" largest="1" />
    <remembered-set count="32672" freebytes="5436160" totalbytes="5566848" percent="97" regionsoverflowed="0" regionsstable="2" regionsrebuilding="0"/>
  </mem-info>
</gc-end>
<cycle-end id="680" type="partial gc" contextid="672" timestamp="2019-06-15T06:32:57.423" />
  <attribute name="elasticGC enabled" value="1" />
  <attribute name= "numThreadsSpecified" value="1" />
  <attribute name="heapSize specified" value="0" />
  <attribute name="Current GC Util" value="59" />
  <attribute name= "Current Time Running" value="2025" />
  <attribute name ="GC Interval" value="0" />
  <attribute name="ProportionalT" value="19.500000" />
  <attribute name="ProportionalI" value="19.500000" />
  <attribute name="ProportionalH" value="19.500000" />
  <attribute name="Current Error" value="39.000000" />
  <attribute name="IntegralT" value="0.000000" />
  <attribute name="IntegralI" value="0.000000" />
  <attribute name="IntegralH" value="0.000000" />
  <attribute name="DerivativeT" value="inf" />
  <attribute name="DerivativeI" value="inf" />
  <attribute name="DerivativeH" value="inf" />
  <attribute name="Loop Time for DT" value="0.000000" />
  <attribute name="Output H" value="8388608"/>
  <attribute name="Output I" value="200"/>
  <attribute name="Output T" value="1"/>
  <attribute name="Target GC Util Change" value ="20.000000" />
  <attribute name="Current GC Util Change" value="59.000000"/>
  <attribute name="GC Util currently" value="59" />
  <attribute name="CPU Util currently" value="21408081081948" />
<exclusive-end id="681" timestamp="2019-06-15T06:32:57.423" durationms="5.503" />

<exclusive-start id="682" timestamp="2019-06-15T06:32:57.446" intervalms="28.016">
  <response-info timems="0.329" idlems="0.175" threads="1" lastid="00000000018DA500" lastname="Thread-9" />
</exclusive-start>
<allocation-taxation id="683" taxation-threshold="40894464" timestamp="2019-06-15T06:32:57.446" intervalms="27.968" />
<cycle-start id="684" type="partial gc" contextid="0" timestamp="2019-06-15T06:32:57.446" intervalms="27.954" />
<gc-start id="685" type="partial gc" contextid="684" timestamp="2019-06-15T06:32:57.446">
  <mem-info id="686" free="42991616" total="139460608" percent="30">
    <mem type="eden" free="0" total="40894464" percent="0" />
    <arraylet-primitive objects="2" leaves="2" largest="1" />
    <remembered-set count="32320" freebytes="5437568" totalbytes="5566848" percent="97" regionsoverflowed="0" regionsstable="2" regionsrebuilding="0"/>
  </mem-info>
</gc-start>
<allocation-stats totalBytes="40889568" >
  <allocated-bytes non-tlh="0" tlh="40889568" arrayletleaf="0"/>
  <largest-consumer threadName="Thread-10" threadId="00000000018D6900" bytes="12691848" />
</allocation-stats>
<gc-op id="687" type="copy forward" timems="3.991" contextid="684" timestamp="2019-06-15T06:32:57.451">
  <memory-copied type="eden" objects="18389" bytes="717064" bytesdiscarded="0" />
  <memory-copied type="other" objects="16503" bytes="533472" bytesdiscarded="0" />
  <memory-cardclean objects="10869" bytes="573000" />
  <regions eden="39" other="2" />
  <remembered-set-cleared processed="27420" cleared="1113" durationms="0.303" />
  <stringconstants candidates="4597" cleared="0"  />
</gc-op>
<gc-op id="688" type="classunload" timems="0.002" contextid="684" timestamp="2019-06-15T06:32:57.451">
  <classunload-info classloadercandidates="8" classloadersunloaded="0" classesunloaded="0" anonymousclassesunloaded="0" quiescems="0.000" setupms="0.002" scanms="0.000" postms="0.000" />
</gc-op>
<heap-resize id="689" type="expand" space="default" amount="2097152" count="1" timems="0.063" reason="excessive time being spent in gc" timestamp="2019-06-15T06:32:57.451" />
<gc-end id="690" type="partial gc" contextid="684" durationms="4.969" usertimems="8.000" systemtimems="0.000" timestamp="2019-06-15T06:32:57.451" activeThreads="1">
  <mem-info id="691" free="84934656" total="141557760" percent="60">
    <mem type="eden" free="331512" total="1048576" percent="31" />
    <arraylet-primitive objects="2" leaves="2" largest="1" />
    <remembered-set count="33728" freebytes="5515648" totalbytes="5650560" percent="97" regionsoverflowed="0" regionsstable="2" regionsrebuilding="0"/>
  </mem-info>
</gc-end>
<cycle-end id="692" type="partial gc" contextid="684" timestamp="2019-06-15T06:32:57.451" />
  <attribute name="elasticGC enabled" value="1" />
  <attribute name= "numThreadsSpecified" value="1" />
  <attribute name="heapSize specified" value="0" />
  <attribute name="Current GC Util" value="54" />
  <attribute name= "Current Time Running" value="2053" />
  <attribute name ="GC Interval" value="0" />
  <attribute name="ProportionalT" value="17.000000" />
  <attribute name="ProportionalI" value="17.000000" />
  <attribute name="ProportionalH" value="17.000000" />
  <attribute name="Current Error" value="34.000000" />
  <attribute name="IntegralT" value="0.000000" />
  <attribute name="IntegralI" value="0.000000" />
  <attribute name="IntegralH" value="0.000000" />
  <attribute name="DerivativeT" value="inf" />
  <attribute name="DerivativeI" value="inf" />
  <attribute name="DerivativeH" value="inf" />
  <attribute name="Loop Time for DT" value="0.000000" />
  <attribute name="Output H" value="8388608"/>
  <attribute name="Output I" value="200"/>
  <attribute name="Output T" value="1"/>
  <attribute name="Target GC Util Change" value ="20.000000" />
  <attribute name="Current GC Util Change" value="54.000000"/>
  <attribute name="GC Util currently" value="54" />
  <attribute name="CPU Util currently" value="17274367282816" />
<exclusive-end id="693" timestamp="2019-06-15T06:32:57.452" durationms="5.654" />

<exclusive-start id="694" timestamp="2019-06-15T06:32:57.476" intervalms="30.437">
  <response-info timems="0.043" idlems="0.043" threads="0" lastid="00000000018DE100" lastname="Thread-7" />
</exclusive-start>
<allocation-taxation id="695" taxation-threshold="41943040" timestamp="2019-06-15T06:32:57.477" intervalms="30.481" />
<cycle-start id="696" type="partial gc" contextid="0" timestamp="2019-06-15T06:32:57.477" intervalms="30.523" />
<gc-start id="697" type="partial gc" contextid="696" timestamp="2019-06-15T06:32:57.477">
  <mem-info id="698" free="42991616" total="141557760" percent="30">
    <mem type="eden" free="0" total="41943040" percent="0" />
    <arraylet-primitive objects="2" leaves="2" largest="1" />
    <remembered-set count="33280" freebytes="5517440" totalbytes="5650560" percent="97" regionsoverflowed="0" regionsstable="2" regionsrebuilding="0"/>
  </mem-info>
</gc-start>
<allocation-stats totalBytes="41937552" >
  <allocated-bytes non-tlh="0" tlh="41937552" arrayletleaf="0"/>
  <largest-consumer threadName="Thread-8" threadId="00000000018D2D00" bytes="14145752" />
</allocation-stats>
<gc-op id="699" type="copy forward" timems="3.878" contextid="696" timestamp="2019-06-15T06:32:57.481">
  <memory-copied type="eden" objects="16543" bytes="672976" bytesdiscarded="0" />
  <memory-copied type="other" objects="16687" bytes="537888" bytesdiscarded="0" />
  <memory-cardclean objects="11225" bytes="571296" />
  <regions eden="40" other="2" />
  <remembered-set-cleared processed="28657" cleared="1335" durationms="0.317" />
  <stringconstants candidates="4597" cleared="0"  />
</gc-op>
<gc-op id="700" type="classunload" timems="0.002" contextid="696" timestamp="2019-06-15T06:32:57.482">
  <classunload-info classloadercandidates="8" classloadersunloaded="0" classesunloaded="0" anonymousclassesunloaded="0" quiescems="0.000" setupms="0.002" scanms="0.000" postms="0.000" />
</gc-op>
<heap-resize id="701" type="expand" space="default" amount="3145728" count="1" timems="0.068" reason="excessive time being spent in gc" timestamp="2019-06-15T06:32:57.482" />
<gc-end id="702" type="partial gc" contextid="696" durationms="5.116" usertimems="8.000" systemtimems="0.000" timestamp="2019-06-15T06:32:57.482" activeThreads="1">
  <mem-info id="703" free="87031808" total="144703488" percent="60">
    <mem type="eden" free="375600" total="1048576" percent="35" />
    <arraylet-primitive objects="2" leaves="2" largest="1" />
    <remembered-set count="34272" freebytes="5639040" totalbytes="5776128" percent="97" regionsoverflowed="0" regionsstable="2" regionsrebuilding="0"/>
  </mem-info>
</gc-end>
<cycle-end id="704" type="partial gc" contextid="696" timestamp="2019-06-15T06:32:57.482" />
  <attribute name="elasticGC enabled" value="1" />
  <attribute name= "numThreadsSpecified" value="1" />
  <attribute name="heapSize specified" value="0" />
  <attribute name="Current GC Util" value="56" />
  <attribute name= "Current Time Running" value="2084" />
  <attribute name ="GC Interval" value="0" />
  <attribute name="ProportionalT" value="18.000000" />
  <attribute name="ProportionalI" value="18.000000" />
  <attribute name="ProportionalH" value="18.000000" />
  <attribute name="Current Error" value="36.000000" />
  <attribute name="IntegralT" value="0.000000" />
  <attribute name="IntegralI" value="0.000000" />
  <attribute name="IntegralH" value="0.000000" />
  <attribute name="DerivativeT" value="inf" />
  <attribute name="DerivativeI" value="inf" />
  <attribute name="DerivativeH" value="inf" />
  <attribute name="Loop Time for DT" value="0.000000" />
  <attribute name="Output H" value="8388608"/>
  <attribute name="Output I" value="200"/>
  <attribute name="Output T" value="1"/>
  <attribute name="Target GC Util Change" value ="20.000000" />
  <attribute name="Current GC Util Change" value="56.000000"/>
  <attribute name="GC Util currently" value="56" />
  <attribute name="CPU Util currently" value="20478361309896" />
<exclusive-end id="705" timestamp="2019-06-15T06:32:57.482" durationms="6.036" />

<exclusive-start id="706" timestamp="2019-06-15T06:32:57.506" intervalms="29.566">
  <response-info timems="0.035" idlems="0.035" threads="0" lastid="00000000018DA500" lastname="Thread-9" />
</exclusive-start>
<allocation-taxation id="707" taxation-threshold="42991616" timestamp="2019-06-15T06:32:57.506" intervalms="29.633" />
<cycle-start id="708" type="partial gc" contextid="0" timestamp="2019-06-15T06:32:57.506" intervalms="29.638" />
<gc-start id="709" type="partial gc" contextid="708" timestamp="2019-06-15T06:32:57.507">
  <mem-info id="710" free="44040192" total="144703488" percent="30">
    <mem type="eden" free="0" total="42991616" percent="0" />
    <arraylet-primitive objects="2" leaves="2" largest="1" />
    <remembered-set count="33888" freebytes="5640576" totalbytes="5776128" percent="97" regionsoverflowed="0" regionsstable="2" regionsrebuilding="0"/>
  </mem-info>
</gc-start>
<allocation-stats totalBytes="42986424" >
  <allocated-bytes non-tlh="0" tlh="42986424" arrayletleaf="0"/>
  <largest-consumer threadName="Thread-7" threadId="00000000018DE100" bytes="13580760" />
</allocation-stats>
<gc-op id="711" type="copy forward" timems="3.776" contextid="708" timestamp="2019-06-15T06:32:57.511">
  <memory-copied type="eden" objects="16794" bytes="678720" bytesdiscarded="0" />
  <memory-copied type="other" objects="15621" bytes="512280" bytesdiscarded="0" />
  <memory-cardclean objects="8539" bytes="431600" />
  <regions eden="41" other="3" />
  <remembered-set-cleared processed="29176" cleared="2949" durationms="0.331" />
  <stringconstants candidates="4597" cleared="0"  />
</gc-op>
<gc-op id="712" type="classunload" timems="0.002" contextid="708" timestamp="2019-06-15T06:32:57.511">
  <classunload-info classloadercandidates="8" classloadersunloaded="0" classesunloaded="0" anonymousclassesunloaded="0" quiescems="0.000" setupms="0.002" scanms="0.000" postms="0.000" />
</gc-op>
<heap-resize id="713" type="expand" space="default" amount="2097152" count="1" timems="0.060" reason="excessive time being spent in gc" timestamp="2019-06-15T06:32:57.511" />
<gc-end id="714" type="partial gc" contextid="708" durationms="5.034" usertimems="4.000" systemtimems="0.000" timestamp="2019-06-15T06:32:57.512" activeThreads="1">
  <mem-info id="715" free="88080384" total="146800640" percent="60">
    <mem type="eden" free="369856" total="1048576" percent="35" />
    <arraylet-primitive objects="2" leaves="2" largest="1" />
    <remembered-set count="33472" freebytes="5725952" totalbytes="5859840" percent="97" regionsoverflowed="0" regionsstable="2" regionsrebuilding="0"/>
  </mem-info>
</gc-end>
<cycle-end id="716" type="partial gc" contextid="708" timestamp="2019-06-15T06:32:57.512" />
  <attribute name="elasticGC enabled" value="1" />
  <attribute name= "numThreadsSpecified" value="1" />
  <attribute name="heapSize specified" value="0" />
  <attribute name="Current GC Util" value="62" />
  <attribute name= "Current Time Running" value="2113" />
  <attribute name ="GC Interval" value="0" />
  <attribute name="ProportionalT" value="21.000000" />
  <attribute name="ProportionalI" value="21.000000" />
  <attribute name="ProportionalH" value="21.000000" />
  <attribute name="Current Error" value="42.000000" />
  <attribute name="IntegralT" value="0.000000" />
  <attribute name="IntegralI" value="0.000000" />
  <attribute name="IntegralH" value="0.000000" />
  <attribute name="DerivativeT" value="inf" />
  <attribute name="DerivativeI" value="inf" />
  <attribute name="DerivativeH" value="inf" />
  <attribute name="Loop Time for DT" value="0.000000" />
  <attribute name="Output H" value="8388608"/>
  <attribute name="Output I" value="200"/>
  <attribute name="Output T" value="1"/>
  <attribute name="Target GC Util Change" value ="20.000000" />
  <attribute name="Current GC Util Change" value="62.000000"/>
  <attribute name="GC Util currently" value="62" />
  <attribute name="CPU Util currently" value="18130832416541" />
<exclusive-end id="717" timestamp="2019-06-15T06:32:57.512" durationms="5.993" />

<exclusive-start id="718" timestamp="2019-06-15T06:32:57.541" intervalms="35.005">
  <response-info timems="0.027" idlems="0.027" threads="0" lastid="00000000018DE100" lastname="Thread-7" />
</exclusive-start>
<allocation-taxation id="719" taxation-threshold="42991616" timestamp="2019-06-15T06:32:57.541" intervalms="34.934" />
<cycle-start id="720" type="partial gc" contextid="0" timestamp="2019-06-15T06:32:57.541" intervalms="34.933" />
<gc-start id="721" type="partial gc" contextid="720" timestamp="2019-06-15T06:32:57.542">
  <mem-info id="722" free="45088768" total="146800640" percent="30">
    <mem type="eden" free="0" total="42991616" percent="0" />
    <arraylet-primitive objects="2" leaves="2" largest="1" />
    <remembered-set count="33248" freebytes="5726848" totalbytes="5859840" percent="97" regionsoverflowed="0" regionsstable="2" regionsrebuilding="0"/>
  </mem-info>
</gc-start>
<allocation-stats totalBytes="42986096" >
  <allocated-bytes non-tlh="0" tlh="42986096" arrayletleaf="0"/>
  <largest-consumer threadName="Thread-8" threadId="00000000018D2D00" bytes="13740160" />
</allocation-stats>
<gc-op id="723" type="copy forward" timems="2.803" contextid="720" timestamp="2019-06-15T06:32:57.545">
  <memory-copied type="eden" objects="13849" bytes="608696" bytesdiscarded="0" />
  <memory-copied type="other" objects="9685" bytes="369816" bytesdiscarded="0" />
  <memory-cardclean objects="3466" bytes="171872" />
  <regions eden="41" other="2" />
  <remembered-set-cleared processed="28583" cleared="845" durationms="0.323" />
  <stringconstants candidates="4597" cleared="0"  />
</gc-op>
<gc-op id="724" type="classunload" timems="0.003" contextid="720" timestamp="2019-06-15T06:32:57.545">
  <classunload-info classloadercandidates="8" classloadersunloaded="0" classesunloaded="0" anonymousclassesunloaded="0" quiescems="0.000" setupms="0.003" scanms="0.000" postms="0.000" />
</gc-op>
<heap-resize id="725" type="expand" space="default" amount="3145728" count="1" timems="0.068" reason="excessive time being spent in gc" timestamp="2019-06-15T06:32:57.545" />
<gc-end id="726" type="partial gc" contextid="720" durationms="4.030" usertimems="0.000" systemtimems="4.000" timestamp="2019-06-15T06:32:57.546" activeThreads="1">
  <mem-info id="727" free="90177536" total="149946368" percent="60">
    <mem type="eden" free="439880" total="1048576" percent="41" />
    <arraylet-primitive objects="2" leaves="2" largest="1" />
    <remembered-set count="33632" freebytes="5850880" totalbytes="5985408" percent="97" regionsoverflowed="0" regionsstable="2" regionsrebuilding="0"/>
  </mem-info>
</gc-end>
<cycle-end id="728" type="partial gc" contextid="720" timestamp="2019-06-15T06:32:57.546" />
  <attribute name="elasticGC enabled" value="1" />
  <attribute name= "numThreadsSpecified" value="1" />
  <attribute name="heapSize specified" value="0" />
  <attribute name="Current GC Util" value="67" />
  <attribute name= "Current Time Running" value="2148" />
  <attribute name ="GC Interval" value="0" />
  <attribute name="ProportionalT" value="23.500000" />
  <attribute name="ProportionalI" value="23.500000" />
  <attribute name="ProportionalH" value="23.500000" />
  <attribute name="Current Error" value="47.000000" />
  <attribute name="IntegralT" value="0.000000" />
  <attribute name="IntegralI" value="0.000000" />
  <attribute name="IntegralH" value="0.000000" />
  <attribute name="DerivativeT" value="inf" />
  <attribute name="DerivativeI" value="inf" />
  <attribute name="DerivativeH" value="inf" />
  <attribute name="Loop Time for DT" value="0.000000" />
  <attribute name="Output H" value="8388608"/>
  <attribute name="Output I" value="200"/>
  <attribute name="Output T" value="1"/>
  <attribute name="Target GC Util Change" value ="20.000000" />
  <attribute name="Current GC Util Change" value="67.000000"/>
  <attribute name="GC Util currently" value="67" />
  <attribute name="CPU Util currently" value="20232904883168" />
<exclusive-end id="729" timestamp="2019-06-15T06:32:57.546" durationms="4.998" />

<exclusive-start id="730" timestamp="2019-06-15T06:32:57.582" intervalms="40.542">
  <response-info timems="0.041" idlems="0.041" threads="0" lastid="00000000018DA500" lastname="Thread-9" />
</exclusive-start>
<allocation-taxation id="731" taxation-threshold="44040192" timestamp="2019-06-15T06:32:57.582" intervalms="40.551" />
<cycle-start id="732" type="partial gc" contextid="0" timestamp="2019-06-15T06:32:57.582" intervalms="40.523" />
<gc-start id="733" type="partial gc" contextid="732" timestamp="2019-06-15T06:32:57.582">
  <mem-info id="734" free="46137344" total="149946368" percent="30">
    <mem type="eden" free="0" total="44040192" percent="0" />
    <arraylet-primitive objects="2" leaves="2" largest="1" />
    <remembered-set count="33152" freebytes="5852800" totalbytes="5985408" percent="97" regionsoverflowed="0" regionsstable="2" regionsrebuilding="0"/>
  </mem-info>
</gc-start>
<allocation-stats totalBytes="44034928" >
  <allocated-bytes non-tlh="0" tlh="44034928" arrayletleaf="0"/>
  <largest-consumer threadName="Thread-8" threadId="00000000018D2D00" bytes="13511056" />
</allocation-stats>
<gc-op id="735" type="copy forward" timems="3.087" contextid="732" timestamp="2019-06-15T06:32:57.586">
  <memory-copied type="eden" objects="17793" bytes="703368" bytesdiscarded="0" />
  <memory-copied type="other" objects="8693" bytes="346008" bytesdiscarded="0" />
  <memory-cardclean objects="2343" bytes="113816" />
  <regions eden="42" other="2" />
  <remembered-set-cleared processed="28882" cleared="716" durationms="0.324" />
  <stringconstants candidates="4597" cleared="0"  />
</gc-op>
<gc-op id="736" type="classunload" timems="0.002" contextid="732" timestamp="2019-06-15T06:32:57.586">
  <classunload-info classloadercandidates="8" classloadersunloaded="0" classesunloaded="0" anonymousclassesunloaded="0" quiescems="0.000" setupms="0.002" scanms="0.000" postms="0.000" />
</gc-op>
<heap-resize id="737" type="expand" space="default" amount="2097152" count="1" timems="0.063" reason="excessive time being spent in gc" timestamp="2019-06-15T06:32:57.586" />
<gc-end id="738" type="partial gc" contextid="732" durationms="4.320" usertimems="8.000" systemtimems="0.000" timestamp="2019-06-15T06:32:57.586" activeThreads="1">
  <mem-info id="739" free="91226112" total="152043520" percent="60">
    <mem type="eden" free="345208" total="1048576" percent="32" />
    <arraylet-primitive objects="2" leaves="2" largest="1" />
    <remembered-set count="34048" freebytes="5932928" totalbytes="6069120" percent="97" regionsoverflowed="0" regionsstable="2" regionsrebuilding="0"/>
  </mem-info>
</gc-end>
<cycle-end id="740" type="partial gc" contextid="732" timestamp="2019-06-15T06:32:57.587" />
  <attribute name="elasticGC enabled" value="1" />
  <attribute name= "numThreadsSpecified" value="1" />
  <attribute name="heapSize specified" value="0" />
  <attribute name="Current GC Util" value="59" />
  <attribute name= "Current Time Running" value="2189" />
  <attribute name ="GC Interval" value="0" />
  <attribute name="ProportionalT" value="19.500000" />
  <attribute name="ProportionalI" value="19.500000" />
  <attribute name="ProportionalH" value="19.500000" />
  <attribute name="Current Error" value="39.000000" />
  <attribute name="IntegralT" value="0.000000" />
  <attribute name="IntegralI" value="0.000000" />
  <attribute name="IntegralH" value="0.000000" />
  <attribute name="DerivativeT" value="inf" />
  <attribute name="DerivativeI" value="inf" />
  <attribute name="DerivativeH" value="inf" />
  <attribute name="Loop Time for DT" value="0.000000" />
  <attribute name="Output H" value="8388608"/>
  <attribute name="Output I" value="200"/>
  <attribute name="Output T" value="1"/>
  <attribute name="Target GC Util Change" value ="20.000000" />
  <attribute name="Current GC Util Change" value="59.000000"/>
  <attribute name="GC Util currently" value="59" />
  <attribute name="CPU Util currently" value="20218889244160" />
<exclusive-end id="741" timestamp="2019-06-15T06:32:57.587" durationms="5.239" />

<exclusive-start id="742" timestamp="2019-06-15T06:32:57.618" intervalms="36.516">
  <response-info timems="0.028" idlems="0.028" threads="0" lastid="00000000018DA500" lastname="Thread-9" />
</exclusive-start>
<allocation-taxation id="743" taxation-threshold="44040192" timestamp="2019-06-15T06:32:57.618" intervalms="36.539" />
<cycle-start id="744" type="partial gc" contextid="0" timestamp="2019-06-15T06:32:57.618" intervalms="36.566" />
<gc-start id="745" type="partial gc" contextid="744" timestamp="2019-06-15T06:32:57.619">
  <mem-info id="746" free="47185920" total="152043520" percent="31">
    <mem type="eden" free="0" total="44040192" percent="0" />
    <arraylet-primitive objects="2" leaves="2" largest="1" />
    <remembered-set count="33600" freebytes="5934720" totalbytes="6069120" percent="97" regionsoverflowed="0" regionsstable="2" regionsrebuilding="0"/>
  </mem-info>
</gc-start>
<allocation-stats totalBytes="44035176" >
  <allocated-bytes non-tlh="0" tlh="44035176" arrayletleaf="0"/>
  <largest-consumer threadName="Thread-8" threadId="00000000018D2D00" bytes="12642880" />
</allocation-stats>
<gc-op id="747" type="copy forward" timems="3.410" contextid="744" timestamp="2019-06-15T06:32:57.623">
  <memory-copied type="eden" objects="27827" bytes="1218952" bytesdiscarded="8" />
  <memory-copied type="other" objects="3314" bytes="79536" bytesdiscarded="0" />
  <memory-cardclean objects="5158" bytes="275840" />
  <regions eden="42" other="2" />
  <remembered-set-cleared processed="29115" cleared="741" durationms="0.349" />
  <stringconstants candidates="4597" cleared="0"  />
</gc-op>
<gc-op id="748" type="classunload" timems="0.002" contextid="744" timestamp="2019-06-15T06:32:57.623">
  <classunload-info classloadercandidates="8" classloadersunloaded="0" classesunloaded="0" anonymousclassesunloaded="0" quiescems="0.000" setupms="0.002" scanms="0.000" postms="0.000" />
</gc-op>
<heap-resize id="749" type="expand" space="default" amount="5242880" count="1" timems="0.077" reason="excessive time being spent in gc" timestamp="2019-06-15T06:32:57.623" />
<gc-end id="750" type="partial gc" contextid="744" durationms="4.693" usertimems="4.000" systemtimems="0.000" timestamp="2019-06-15T06:32:57.623" activeThreads="1">
  <mem-info id="751" free="94371840" total="157286400" percent="60">
    <mem type="eden" free="878192" total="2097152" percent="41" />
    <arraylet-primitive objects="2" leaves="2" largest="1" />
    <remembered-set count="34304" freebytes="6141184" totalbytes="6278400" percent="97" regionsoverflowed="0" regionsstable="2" regionsrebuilding="0"/>
  </mem-info>
</gc-end>
<cycle-end id="752" type="partial gc" contextid="744" timestamp="2019-06-15T06:32:57.623" />
  <attribute name="elasticGC enabled" value="1" />
  <attribute name= "numThreadsSpecified" value="1" />
  <attribute name="heapSize specified" value="0" />
  <attribute name="Current GC Util" value="56" />
  <attribute name= "Current Time Running" value="2225" />
  <attribute name ="GC Interval" value="0" />
  <attribute name="ProportionalT" value="18.000000" />
  <attribute name="ProportionalI" value="18.000000" />
  <attribute name="ProportionalH" value="18.000000" />
  <attribute name="Current Error" value="36.000000" />
  <attribute name="IntegralT" value="0.000000" />
  <attribute name="IntegralI" value="0.000000" />
  <attribute name="IntegralH" value="0.000000" />
  <attribute name="DerivativeT" value="inf" />
  <attribute name="DerivativeI" value="inf" />
  <attribute name="DerivativeH" value="inf" />
  <attribute name="Loop Time for DT" value="0.000000" />
  <attribute name="Output H" value="8388608"/>
  <attribute name="Output I" value="200"/>
  <attribute name="Output T" value="1"/>
  <attribute name="Target GC Util Change" value ="20.000000" />
  <attribute name="Current GC Util Change" value="56.000000"/>
  <attribute name="GC Util currently" value="56" />
  <attribute name="CPU Util currently" value="20102375702096" />
<exclusive-end id="753" timestamp="2019-06-15T06:32:57.624" durationms="5.623" />

<exclusive-start id="754" timestamp="2019-06-15T06:32:57.665" intervalms="47.323">
  <response-info timems="4.875" idlems="2.466" threads="1" lastid="00000000018D6900" lastname="Thread-10" />
</exclusive-start>
<allocation-taxation id="755" taxation-threshold="46137344" timestamp="2019-06-15T06:32:57.666" intervalms="47.342" />
<cycle-start id="756" type="partial gc" contextid="0" timestamp="2019-06-15T06:32:57.666" intervalms="47.383" />
<gc-start id="757" type="partial gc" contextid="756" timestamp="2019-06-15T06:32:57.666">
  <mem-info id="758" free="48234496" total="157286400" percent="30">
    <mem type="eden" free="0" total="46137344" percent="0" />
    <arraylet-primitive objects="2" leaves="2" largest="1" />
    <remembered-set count="34048" freebytes="6142208" totalbytes="6278400" percent="97" regionsoverflowed="0" regionsstable="2" regionsrebuilding="0"/>
  </mem-info>
</gc-start>
<allocation-stats totalBytes="46131864" >
  <allocated-bytes non-tlh="0" tlh="46131864" arrayletleaf="0"/>
  <largest-consumer threadName="Thread-7" threadId="00000000018DE100" bytes="13498744" />
</allocation-stats>
<gc-op id="759" type="copy forward" timems="4.560" contextid="756" timestamp="2019-06-15T06:32:57.671">
  <memory-copied type="eden" objects="29146" bytes="1250384" bytesdiscarded="8" />
  <memory-copied type="other" objects="10679" bytes="256296" bytesdiscarded="0" />
  <memory-cardclean objects="8773" bytes="438776" />
  <regions eden="44" other="4" />
  <remembered-set-cleared processed="28857" cleared="2514" durationms="0.368" />
  <stringconstants candidates="4597" cleared="0"  />
</gc-op>
<gc-op id="760" type="classunload" timems="0.003" contextid="756" timestamp="2019-06-15T06:32:57.671">
  <classunload-info classloadercandidates="8" classloadersunloaded="0" classesunloaded="0" anonymousclassesunloaded="0" quiescems="0.000" setupms="0.002" scanms="0.000" postms="0.000" />
</gc-op>
<gc-end id="761" type="partial gc" contextid="756" durationms="5.709" usertimems="8.000" systemtimems="0.000" timestamp="2019-06-15T06:32:57.672" activeThreads="1">
  <mem-info id="762" free="93323264" total="157286400" percent="59">
    <mem type="eden" free="846760" total="2097152" percent="40" />
    <arraylet-primitive objects="2" leaves="2" largest="1" />
    <remembered-set count="33216" freebytes="6145536" totalbytes="6278400" percent="97" regionsoverflowed="0" regionsstable="2" regionsrebuilding="0"/>
  </mem-info>
</gc-end>
<cycle-end id="763" type="partial gc" contextid="756" timestamp="2019-06-15T06:32:57.672" />
  <attribute name="elasticGC enabled" value="1" />
  <attribute name= "numThreadsSpecified" value="1" />
  <attribute name="heapSize specified" value="0" />
  <attribute name="Current GC Util" value="62" />
  <attribute name= "Current Time Running" value="2273" />
  <attribute name ="GC Interval" value="0" />
  <attribute name="ProportionalT" value="21.000000" />
  <attribute name="ProportionalI" value="21.000000" />
  <attribute name="ProportionalH" value="21.000000" />
  <attribute name="Current Error" value="42.000000" />
  <attribute name="IntegralT" value="0.000000" />
  <attribute name="IntegralI" value="0.000000" />
  <attribute name="IntegralH" value="0.000000" />
  <attribute name="DerivativeT" value="inf" />
  <attribute name="DerivativeI" value="inf" />
  <attribute name="DerivativeH" value="inf" />
  <attribute name="Loop Time for DT" value="0.000000" />
  <attribute name="Output H" value="8388608"/>
  <attribute name="Output I" value="200"/>
  <attribute name="Output T" value="1"/>
  <attribute name="Target GC Util Change" value ="20.000000" />
  <attribute name="Current GC Util Change" value="62.000000"/>
  <attribute name="GC Util currently" value="62" />
  <attribute name="CPU Util currently" value="19978798199986" />
<exclusive-end id="764" timestamp="2019-06-15T06:32:57.672" durationms="6.796" />

<exclusive-start id="765" timestamp="2019-06-15T06:32:57.713" intervalms="48.119">
  <response-info timems="0.157" idlems="0.157" threads="0" lastid="00000000018D2D00" lastname="Thread-8" />
</exclusive-start>
<allocation-taxation id="766" taxation-threshold="46137344" timestamp="2019-06-15T06:32:57.714" intervalms="48.091" />
<cycle-start id="767" type="partial gc" contextid="0" timestamp="2019-06-15T06:32:57.714" intervalms="47.992" />
<gc-start id="768" type="partial gc" contextid="767" timestamp="2019-06-15T06:32:57.714">
  <mem-info id="769" free="47185920" total="157286400" percent="30">
    <mem type="eden" free="0" total="46137344" percent="0" />
    <arraylet-primitive objects="2" leaves="2" largest="1" />
    <remembered-set count="32960" freebytes="6146560" totalbytes="6278400" percent="97" regionsoverflowed="0" regionsstable="2" regionsrebuilding="0"/>
  </mem-info>
</gc-start>
<allocation-stats totalBytes="46132160" >
  <allocated-bytes non-tlh="0" tlh="46132160" arrayletleaf="0"/>
  <largest-consumer threadName="Thread-9" threadId="00000000018DA500" bytes="13773368" />
</allocation-stats>
<gc-op id="770" type="copy forward" timems="2.456" contextid="767" timestamp="2019-06-15T06:32:57.717">
  <memory-copied type="eden" objects="8893" bytes="352376" bytesdiscarded="13544" />
  <memory-copied type="other" objects="23249" bytes="970104" bytesdiscarded="37432" />
  <memory-cardclean objects="1590" bytes="85880" />
  <regions eden="44" other="3" />
  <remembered-set-cleared processed="28502" cleared="620" durationms="0.204" />
  <stringconstants candidates="4597" cleared="0"  />
</gc-op>
<gc-op id="771" type="classunload" timems="0.003" contextid="767" timestamp="2019-06-15T06:32:57.717">
  <classunload-info classloadercandidates="8" classloadersunloaded="0" classesunloaded="0" anonymousclassesunloaded="0" quiescems="0.000" setupms="0.002" scanms="0.000" postms="0.000" />
</gc-op>
<gc-end id="772" type="partial gc" contextid="767" durationms="3.446" usertimems="8.000" systemtimems="0.000" timestamp="2019-06-15T06:32:57.717" activeThreads="4">
  <mem-info id="773" free="93323264" total="157286400" percent="59">
    <mem type="eden" free="682656" total="1048576" percent="65" />
    <arraylet-primitive objects="2" leaves="2" largest="1" />
    <remembered-set count="33088" freebytes="6146048" totalbytes="6278400" percent="97" regionsoverflowed="0" regionsstable="2" regionsrebuilding="0"/>
  </mem-info>
</gc-end>
<cycle-end id="774" type="partial gc" contextid="767" timestamp="2019-06-15T06:32:57.718" />
  <attribute name="elasticGC enabled" value="1" />
  <attribute name= "numThreadsSpecified" value="4" />
  <attribute name="heapSize specified" value="0" />
  <attribute name="Current GC Util" value="74" />
  <attribute name= "Current Time Running" value="2321" />
  <attribute name ="GC Interval" value="0" />
  <attribute name="ProportionalT" value="27.000000" />
  <attribute name="ProportionalI" value="27.000000" />
  <attribute name="ProportionalH" value="27.000000" />
  <attribute name="Current Error" value="54.000000" />
  <attribute name="IntegralT" value="54.000000" />
  <attribute name="IntegralI" value="54.000000" />
  <attribute name="IntegralH" value="54.000000" />
  <attribute name="DerivativeT" value="54.000000" />
  <attribute name="DerivativeI" value="54.000000" />
  <attribute name="DerivativeH" value="54.000000" />
  <attribute name="Loop Time for DT" value="1.000000" />
  <attribute name="Output H" value="8388608"/>
  <attribute name="Output I" value="200"/>
  <attribute name="Output T" value="4"/>
  <attribute name="Target GC Util Change" value ="20.000000" />
  <attribute name="Current GC Util Change" value="74.000000"/>
  <attribute name="GC Util currently" value="74" />
  <attribute name="CPU Util currently" value="20665101336517" />
<exclusive-end id="775" timestamp="2019-06-15T06:32:57.718" durationms="4.267" />

<exclusive-start id="776" timestamp="2019-06-15T06:32:57.764" intervalms="50.896">
  <response-info timems="0.045" idlems="0.045" threads="0" lastid="00000000018DE100" lastname="Thread-7" />
</exclusive-start>
<allocation-taxation id="777" taxation-threshold="46137344" timestamp="2019-06-15T06:32:57.765" intervalms="50.879" />
<cycle-start id="778" type="partial gc" contextid="0" timestamp="2019-06-15T06:32:57.765" intervalms="50.897" />
<gc-start id="779" type="partial gc" contextid="778" timestamp="2019-06-15T06:32:57.765">
  <mem-info id="780" free="47185920" total="157286400" percent="30">
    <mem type="eden" free="0" total="46137344" percent="0" />
    <arraylet-primitive objects="2" leaves="2" largest="1" />
    <remembered-set count="32992" freebytes="6146432" totalbytes="6278400" percent="97" regionsoverflowed="0" regionsstable="2" regionsrebuilding="0"/>
  </mem-info>
</gc-start>
<allocation-stats totalBytes="46131760" >
  <allocated-bytes non-tlh="0" tlh="46131760" arrayletleaf="0"/>
  <largest-consumer threadName="Thread-9" threadId="00000000018DA500" bytes="14436640" />
</allocation-stats>
<gc-op id="781" type="copy forward" timems="2.299" contextid="778" timestamp="2019-06-15T06:32:57.768">
  <memory-copied type="eden" objects="8441" bytes="340896" bytesdiscarded="11168" />
  <memory-copied type="other" objects="15954" bytes="661728" bytesdiscarded="14424" />
  <memory-cardclean objects="3760" bytes="194096" />
  <regions eden="44" other="4" />
  <remembered-set-cleared processed="28548" cleared="2569" durationms="0.202" />
  <stringconstants candidates="4597" cleared="0"  />
</gc-op>
<gc-op id="782" type="classunload" timems="0.003" contextid="778" timestamp="2019-06-15T06:32:57.768">
  <classunload-info classloadercandidates="8" classloadersunloaded="0" classesunloaded="0" anonymousclassesunloaded="0" quiescems="0.000" setupms="0.003" scanms="0.000" postms="0.000" />
</gc-op>
<gc-end id="783" type="partial gc" contextid="778" durationms="3.214" usertimems="8.000" systemtimems="0.000" timestamp="2019-06-15T06:32:57.768" activeThreads="4">
  <mem-info id="784" free="92274688" total="157286400" percent="58">
    <mem type="eden" free="696512" total="1048576" percent="66" />
    <arraylet-primitive objects="2" leaves="2" largest="1" />
    <remembered-set count="31680" freebytes="6151680" totalbytes="6278400" percent="97" regionsoverflowed="0" regionsstable="2" regionsrebuilding="0"/>
  </mem-info>
</gc-end>
<cycle-end id="785" type="partial gc" contextid="778" timestamp="2019-06-15T06:32:57.768" />
  <attribute name="elasticGC enabled" value="1" />
  <attribute name= "numThreadsSpecified" value="4" />
  <attribute name="heapSize specified" value="0" />
  <attribute name="Current GC Util" value="39" />
  <attribute name= "Current Time Running" value="2372" />
  <attribute name ="GC Interval" value="0" />
  <attribute name="ProportionalT" value="9.500000" />
  <attribute name="ProportionalI" value="9.500000" />
  <attribute name="ProportionalH" value="9.500000" />
  <attribute name="Current Error" value="19.000000" />
  <attribute name="IntegralT" value="19.000000" />
  <attribute name="IntegralI" value="19.000000" />
  <attribute name="IntegralH" value="19.000000" />
  <attribute name="DerivativeT" value="19.000000" />
  <attribute name="DerivativeI" value="19.000000" />
  <attribute name="DerivativeH" value="19.000000" />
  <attribute name="Loop Time for DT" value="1.000000" />
  <attribute name="Output H" value="8388608"/>
  <attribute name="Output I" value="200"/>
  <attribute name="Output T" value="4"/>
  <attribute name="Target GC Util Change" value ="20.000000" />
  <attribute name="Current GC Util Change" value="39.000000"/>
  <attribute name="GC Util currently" value="39" />
  <attribute name="CPU Util currently" value="18633827668520" />
<exclusive-end id="786" timestamp="2019-06-15T06:32:57.768" durationms="3.973" />

<exclusive-start id="787" timestamp="2019-06-15T06:32:57.810" intervalms="45.779">
  <response-info timems="0.041" idlems="0.041" threads="0" lastid="00000000018D6900" lastname="Thread-10" />
</exclusive-start>
<allocation-taxation id="788" taxation-threshold="46137344" timestamp="2019-06-15T06:32:57.810" intervalms="45.784" />
<cycle-start id="789" type="partial gc" contextid="0" timestamp="2019-06-15T06:32:57.810" intervalms="45.814" />
<gc-start id="790" type="partial gc" contextid="789" timestamp="2019-06-15T06:32:57.811">
  <mem-info id="791" free="46137344" total="157286400" percent="29">
    <mem type="eden" free="0" total="46137344" percent="0" />
    <arraylet-primitive objects="2" leaves="2" largest="1" />
    <remembered-set count="31424" freebytes="6152704" totalbytes="6278400" percent="97" regionsoverflowed="0" regionsstable="2" regionsrebuilding="0"/>
  </mem-info>
</gc-start>
<allocation-stats totalBytes="46131496" >
  <allocated-bytes non-tlh="0" tlh="46131496" arrayletleaf="0"/>
  <largest-consumer threadName="Thread-9" threadId="00000000018DA500" bytes="12679552" />
</allocation-stats>
<gc-op id="792" type="copy forward" timems="3.370" contextid="789" timestamp="2019-06-15T06:32:57.815">
  <memory-copied type="eden" objects="9111" bytes="357336" bytesdiscarded="0" />
  <memory-copied type="other" objects="21198" bytes="920880" bytesdiscarded="0" />
  <memory-cardclean objects="2565" bytes="128624" />
  <regions eden="44" other="4" />
  <remembered-set-cleared processed="27198" cleared="2516" durationms="0.312" />
  <stringconstants candidates="4597" cleared="0"  />
</gc-op>
<gc-op id="793" type="classunload" timems="0.002" contextid="789" timestamp="2019-06-15T06:32:57.815">
  <classunload-info classloadercandidates="8" classloadersunloaded="0" classesunloaded="0" anonymousclassesunloaded="0" quiescems="0.000" setupms="0.002" scanms="0.000" postms="0.000" />
</gc-op>
<gc-end id="794" type="partial gc" contextid="789" durationms="4.349" usertimems="8.000" systemtimems="0.000" timestamp="2019-06-15T06:32:57.815" activeThreads="1">
  <mem-info id="795" free="91226112" total="157286400" percent="58">
    <mem type="eden" free="691240" total="1048576" percent="65" />
    <arraylet-primitive objects="2" leaves="2" largest="1" />
    <remembered-set count="30528" freebytes="6156288" totalbytes="6278400" percent="98" regionsoverflowed="0" regionsstable="2" regionsrebuilding="0"/>
  </mem-info>
</gc-end>
<cycle-end id="796" type="partial gc" contextid="789" timestamp="2019-06-15T06:32:57.815" />
  <attribute name="elasticGC enabled" value="1" />
  <attribute name= "numThreadsSpecified" value="1" />
  <attribute name="heapSize specified" value="0" />
  <attribute name="Current GC Util" value="36" />
  <attribute name= "Current Time Running" value="2417" />
  <attribute name ="GC Interval" value="0" />
  <attribute name="ProportionalT" value="8.000000" />
  <attribute name="ProportionalI" value="8.000000" />
  <attribute name="ProportionalH" value="8.000000" />
  <attribute name="Current Error" value="16.000000" />
  <attribute name="IntegralT" value="0.000000" />
  <attribute name="IntegralI" value="0.000000" />
  <attribute name="IntegralH" value="0.000000" />
  <attribute name="DerivativeT" value="inf" />
  <attribute name="DerivativeI" value="inf" />
  <attribute name="DerivativeH" value="inf" />
  <attribute name="Loop Time for DT" value="0.000000" />
  <attribute name="Output H" value="8388608"/>
  <attribute name="Output I" value="200"/>
  <attribute name="Output T" value="1"/>
  <attribute name="Target GC Util Change" value ="20.000000" />
  <attribute name="Current GC Util Change" value="36.000000"/>
  <attribute name="GC Util currently" value="36" />
  <attribute name="CPU Util currently" value="21020780672103" />
<exclusive-end id="797" timestamp="2019-06-15T06:32:57.815" durationms="5.155" />

<exclusive-start id="798" timestamp="2019-06-15T06:32:57.857" intervalms="46.876">
  <response-info timems="0.150" idlems="0.102" threads="1" lastid="00000000018DA500" lastname="Thread-9" />
</exclusive-start>
<allocation-taxation id="799" taxation-threshold="46137344" timestamp="2019-06-15T06:32:57.857" intervalms="46.875" />
<cycle-start id="800" type="partial gc" contextid="0" timestamp="2019-06-15T06:32:57.857" intervalms="46.833" />
<gc-start id="801" type="partial gc" contextid="800" timestamp="2019-06-15T06:32:57.858">
  <mem-info id="802" free="45088768" total="157286400" percent="28">
    <mem type="eden" free="0" total="46137344" percent="0" />
    <arraylet-primitive objects="2" leaves="2" largest="1" />
    <remembered-set count="30240" freebytes="6157440" totalbytes="6278400" percent="98" regionsoverflowed="0" regionsstable="2" regionsrebuilding="0"/>
  </mem-info>
</gc-start>
<allocation-stats totalBytes="46132040" >
  <allocated-bytes non-tlh="0" tlh="46132040" arrayletleaf="0"/>
  <largest-consumer threadName="Thread-10" threadId="00000000018D6900" bytes="15497472" />
</allocation-stats>
<gc-op id="803" type="copy forward" timems="2.691" contextid="800" timestamp="2019-06-15T06:32:57.861">
  <memory-copied type="eden" objects="8142" bytes="333632" bytesdiscarded="0" />
  <memory-copied type="other" objects="10061" bytes="378840" bytesdiscarded="0" />
  <memory-cardclean objects="7596" bytes="404072" />
  <regions eden="44" other="2" />
  <remembered-set-cleared processed="26082" cleared="820" durationms="0.322" />
  <stringconstants candidates="4597" cleared="0"  />
</gc-op>
<gc-op id="804" type="classunload" timems="0.003" contextid="800" timestamp="2019-06-15T06:32:57.861">
  <classunload-info classloadercandidates="8" classloadersunloaded="0" classesunloaded="0" anonymousclassesunloaded="0" quiescems="0.000" setupms="0.001" scanms="0.000" postms="0.000" />
</gc-op>
<gc-end id="805" type="partial gc" contextid="800" durationms="3.805" usertimems="8.000" systemtimems="0.000" timestamp="2019-06-15T06:32:57.861" activeThreads="1">
  <mem-info id="806" free="90177536" total="157286400" percent="57">
    <mem type="eden" free="714944" total="1048576" percent="68" />
    <arraylet-primitive objects="2" leaves="2" largest="1" />
    <remembered-set count="31136" freebytes="6153856" totalbytes="6278400" percent="98" regionsoverflowed="0" regionsstable="2" regionsrebuilding="0"/>
  </mem-info>
</gc-end>
<cycle-end id="807" type="partial gc" contextid="800" timestamp="2019-06-15T06:32:57.862" />
  <attribute name="elasticGC enabled" value="1" />
  <attribute name= "numThreadsSpecified" value="1" />
  <attribute name="heapSize specified" value="0" />
  <attribute name="Current GC Util" value="44" />
  <attribute name= "Current Time Running" value="2464" />
  <attribute name ="GC Interval" value="0" />
  <attribute name="ProportionalT" value="12.000000" />
  <attribute name="ProportionalI" value="12.000000" />
  <attribute name="ProportionalH" value="12.000000" />
  <attribute name="Current Error" value="24.000000" />
  <attribute name="IntegralT" value="0.000000" />
  <attribute name="IntegralI" value="0.000000" />
  <attribute name="IntegralH" value="0.000000" />
  <attribute name="DerivativeT" value="inf" />
  <attribute name="DerivativeI" value="inf" />
  <attribute name="DerivativeH" value="inf" />
  <attribute name="Loop Time for DT" value="0.000000" />
  <attribute name="Output H" value="8388608"/>
  <attribute name="Output I" value="200"/>
  <attribute name="Output T" value="1"/>
  <attribute name="Target GC Util Change" value ="20.000000" />
  <attribute name="Current GC Util Change" value="44.000000"/>
  <attribute name="GC Util currently" value="44" />
  <attribute name="CPU Util currently" value="20266336822048" />
<exclusive-end id="808" timestamp="2019-06-15T06:32:57.862" durationms="4.671" />

<exclusive-start id="809" timestamp="2019-06-15T06:32:57.902" intervalms="45.251">
  <response-info timems="0.035" idlems="0.035" threads="0" lastid="00000000018D6900" lastname="Thread-10" />
</exclusive-start>
<allocation-taxation id="810" taxation-threshold="46137344" timestamp="2019-06-15T06:32:57.902" intervalms="45.300" />
<cycle-start id="811" type="partial gc" contextid="0" timestamp="2019-06-15T06:32:57.903" intervalms="45.307" />
<gc-start id="812" type="partial gc" contextid="811" timestamp="2019-06-15T06:32:57.903">
  <mem-info id="813" free="44040192" total="157286400" percent="28">
    <mem type="eden" free="0" total="46137344" percent="0" />
    <arraylet-primitive objects="2" leaves="2" largest="1" />
    <remembered-set count="30848" freebytes="6155008" totalbytes="6278400" percent="98" regionsoverflowed="0" regionsstable="2" regionsrebuilding="0"/>
  </mem-info>
</gc-start>
<allocation-stats totalBytes="46132216" >
  <allocated-bytes non-tlh="0" tlh="46132216" arrayletleaf="0"/>
  <largest-consumer threadName="Thread-8" threadId="00000000018D2D00" bytes="16480376" />
</allocation-stats>
<gc-op id="814" type="copy forward" timems="2.087" contextid="811" timestamp="2019-06-15T06:32:57.906">
  <memory-copied type="eden" objects="2960" bytes="72512" bytesdiscarded="17616" />
  <memory-copied type="other" objects="10812" bytes="396864" bytesdiscarded="34488" />
  <memory-cardclean objects="9470" bytes="493640" />
  <regions eden="44" other="2" />
  <remembered-set-cleared processed="26529" cleared="868" durationms="0.209" />
  <stringconstants candidates="4597" cleared="0"  />
</gc-op>
<gc-op id="815" type="classunload" timems="0.003" contextid="811" timestamp="2019-06-15T06:32:57.906">
  <classunload-info classloadercandidates="8" classloadersunloaded="0" classesunloaded="0" anonymousclassesunloaded="0" quiescems="0.000" setupms="0.003" scanms="0.000" postms="0.000" />
</gc-op>
<gc-end id="816" type="partial gc" contextid="811" durationms="2.899" usertimems="4.000" systemtimems="0.000" timestamp="2019-06-15T06:32:57.906" activeThreads="4">
  <mem-info id="817" free="89128960" total="157286400" percent="56">
    <mem type="eden" free="958448" total="1048576" percent="91" />
    <arraylet-primitive objects="2" leaves="2" largest="1" />
    <remembered-set count="31936" freebytes="6150656" totalbytes="6278400" percent="97" regionsoverflowed="0" regionsstable="2" regionsrebuilding="0"/>
  </mem-info>
</gc-end>
<cycle-end id="818" type="partial gc" contextid="811" timestamp="2019-06-15T06:32:57.906" />
  <attribute name="elasticGC enabled" value="1" />
  <attribute name= "numThreadsSpecified" value="4" />
  <attribute name="heapSize specified" value="0" />
  <attribute name="Current GC Util" value="44" />
  <attribute name= "Current Time Running" value="2510" />
  <attribute name ="GC Interval" value="0" />
  <attribute name="ProportionalT" value="12.000000" />
  <attribute name="ProportionalI" value="12.000000" />
  <attribute name="ProportionalH" value="12.000000" />
  <attribute name="Current Error" value="24.000000" />
  <attribute name="IntegralT" value="24.000000" />
  <attribute name="IntegralI" value="24.000000" />
  <attribute name="IntegralH" value="24.000000" />
  <attribute name="DerivativeT" value="24.000000" />
  <attribute name="DerivativeI" value="24.000000" />
  <attribute name="DerivativeH" value="24.000000" />
  <attribute name="Loop Time for DT" value="1.000000" />
  <attribute name="Output H" value="8388608"/>
  <attribute name="Output I" value="200"/>
  <attribute name="Output T" value="4"/>
  <attribute name="Target GC Util Change" value ="20.000000" />
  <attribute name="Current GC Util Change" value="44.000000"/>
  <attribute name="GC Util currently" value="44" />
  <attribute name="CPU Util currently" value="18905931295766" />
<exclusive-end id="819" timestamp="2019-06-15T06:32:57.906" durationms="3.767" />

<exclusive-start id="820" timestamp="2019-06-15T06:32:57.944" intervalms="41.696">
  <response-info timems="0.034" idlems="0.034" threads="0" lastid="00000000018D6900" lastname="Thread-10" />
</exclusive-start>
<allocation-taxation id="821" taxation-threshold="46137344" timestamp="2019-06-15T06:32:57.944" intervalms="41.695" />
<cycle-start id="822" type="partial gc" contextid="0" timestamp="2019-06-15T06:32:57.944" intervalms="41.736" />
<gc-start id="823" type="partial gc" contextid="822" timestamp="2019-06-15T06:32:57.945">
  <mem-info id="824" free="42991616" total="157286400" percent="27">
    <mem type="eden" free="0" total="46137344" percent="0" />
    <arraylet-primitive objects="2" leaves="2" largest="1" />
    <remembered-set count="31904" freebytes="6150784" totalbytes="6278400" percent="97" regionsoverflowed="0" regionsstable="2" regionsrebuilding="0"/>
  </mem-info>
</gc-start>
<allocation-stats totalBytes="46132088" >
  <allocated-bytes non-tlh="0" tlh="46132088" arrayletleaf="0"/>
  <largest-consumer threadName="Thread-8" threadId="00000000018D2D00" bytes="16685432" />
</allocation-stats>
<gc-op id="825" type="copy forward" timems="3.480" contextid="822" timestamp="2019-06-15T06:32:57.949">
  <memory-copied type="eden" objects="14162" bytes="615936" bytesdiscarded="0" />
  <memory-copied type="other" objects="13473" bytes="460728" bytesdiscarded="0" />
  <memory-cardclean objects="10413" bytes="527984" />
  <regions eden="44" other="3" />
  <remembered-set-cleared processed="26785" cleared="1205" durationms="0.326" />
  <stringconstants candidates="4597" cleared="0"  />
</gc-op>
<gc-op id="826" type="classunload" timems="0.002" contextid="822" timestamp="2019-06-15T06:32:57.949">
  <classunload-info classloadercandidates="8" classloadersunloaded="0" classesunloaded="0" anonymousclassesunloaded="0" quiescems="0.000" setupms="0.002" scanms="0.000" postms="0.000" />
</gc-op>
<gc-end id="827" type="partial gc" contextid="822" durationms="4.569" usertimems="4.000" systemtimems="0.000" timestamp="2019-06-15T06:32:57.949" activeThreads="1">
  <mem-info id="828" free="88080384" total="157286400" percent="56">
    <mem type="eden" free="432640" total="1048576" percent="41" />
    <arraylet-primitive objects="2" leaves="2" largest="1" />
    <remembered-set count="33216" freebytes="6145536" totalbytes="6278400" percent="97" regionsoverflowed="0" regionsstable="2" regionsrebuilding="0"/>
  </mem-info>
</gc-end>
<cycle-end id="829" type="partial gc" contextid="822" timestamp="2019-06-15T06:32:57.949" />
  <attribute name="elasticGC enabled" value="1" />
  <attribute name= "numThreadsSpecified" value="1" />
  <attribute name="heapSize specified" value="0" />
  <attribute name="Current GC Util" value="45" />
  <attribute name= "Current Time Running" value="2551" />
  <attribute name ="GC Interval" value="0" />
  <attribute name="ProportionalT" value="12.500000" />
  <attribute name="ProportionalI" value="12.500000" />
  <attribute name="ProportionalH" value="12.500000" />
  <attribute name="Current Error" value="25.000000" />
  <attribute name="IntegralT" value="0.000000" />
  <attribute name="IntegralI" value="0.000000" />
  <attribute name="IntegralH" value="0.000000" />
  <attribute name="DerivativeT" value="inf" />
  <attribute name="DerivativeI" value="inf" />
  <attribute name="DerivativeH" value="inf" />
  <attribute name="Loop Time for DT" value="0.000000" />
  <attribute name="Output H" value="8388608"/>
  <attribute name="Output I" value="200"/>
  <attribute name="Output T" value="1"/>
  <attribute name="Target GC Util Change" value ="20.000000" />
  <attribute name="Current GC Util Change" value="45.000000"/>
  <attribute name="GC Util currently" value="45" />
  <attribute name="CPU Util currently" value="17986084441292" />
<exclusive-end id="830" timestamp="2019-06-15T06:32:57.950" durationms="5.542" />

<exclusive-start id="831" timestamp="2019-06-15T06:32:57.986" intervalms="42.033">
  <response-info timems="0.032" idlems="0.032" threads="0" lastid="00000000018DA500" lastname="Thread-9" />
</exclusive-start>
<allocation-taxation id="832" taxation-threshold="46137344" timestamp="2019-06-15T06:32:57.986" intervalms="41.998" />
<cycle-start id="833" type="partial gc" contextid="0" timestamp="2019-06-15T06:32:57.986" intervalms="41.997" />
<gc-start id="834" type="partial gc" contextid="833" timestamp="2019-06-15T06:32:57.987">
  <mem-info id="835" free="41943040" total="157286400" percent="26">
    <mem type="eden" free="0" total="46137344" percent="0" />
    <arraylet-primitive objects="2" leaves="2" largest="1" />
    <remembered-set count="33056" freebytes="6146176" totalbytes="6278400" percent="97" regionsoverflowed="0" regionsstable="2" regionsrebuilding="0"/>
  </mem-info>
</gc-start>
<allocation-stats totalBytes="46131800" >
  <allocated-bytes non-tlh="0" tlh="46131800" arrayletleaf="0"/>
  <largest-consumer threadName="Thread-8" threadId="00000000018D2D00" bytes="16615552" />
</allocation-stats>
<gc-op id="836" type="copy forward" timems="2.916" contextid="833" timestamp="2019-06-15T06:32:57.990">
  <memory-copied type="eden" objects="3368" bytes="82208" bytesdiscarded="0" />
  <memory-copied type="other" objects="16569" bytes="672408" bytesdiscarded="0" />
  <memory-cardclean objects="7918" bytes="408344" />
  <regions eden="44" other="2" />
  <remembered-set-cleared processed="28013" cleared="1109" durationms="0.346" />
  <stringconstants candidates="4597" cleared="0"  />
</gc-op>
<gc-op id="837" type="classunload" timems="0.002" contextid="833" timestamp="2019-06-15T06:32:57.990">
  <classunload-info classloadercandidates="8" classloadersunloaded="0" classesunloaded="0" anonymousclassesunloaded="0" quiescems="0.000" setupms="0.002" scanms="0.000" postms="0.000" />
</gc-op>
<gc-end id="838" type="partial gc" contextid="833" durationms="4.009" usertimems="8.000" systemtimems="0.000" timestamp="2019-06-15T06:32:57.991" activeThreads="1">
  <mem-info id="839" free="87031808" total="157286400" percent="55">
    <mem type="eden" free="966368" total="1048576" percent="92" />
    <arraylet-primitive objects="2" leaves="2" largest="1" />
    <remembered-set count="34592" freebytes="6140032" totalbytes="6278400" percent="97" regionsoverflowed="0" regionsstable="2" regionsrebuilding="0"/>
  </mem-info>
</gc-end>
<cycle-end id="840" type="partial gc" contextid="833" timestamp="2019-06-15T06:32:57.991" />
  <attribute name="elasticGC enabled" value="1" />
  <attribute name= "numThreadsSpecified" value="1" />
  <attribute name="heapSize specified" value="0" />
  <attribute name="Current GC Util" value="61" />
  <attribute name= "Current Time Running" value="2593" />
  <attribute name ="GC Interval" value="0" />
  <attribute name="ProportionalT" value="20.500000" />
  <attribute name="ProportionalI" value="20.500000" />
  <attribute name="ProportionalH" value="20.500000" />
  <attribute name="Current Error" value="41.000000" />
  <attribute name="IntegralT" value="0.000000" />
  <attribute name="IntegralI" value="0.000000" />
  <attribute name="IntegralH" value="0.000000" />
  <attribute name="DerivativeT" value="inf" />
  <attribute name="DerivativeI" value="inf" />
  <attribute name="DerivativeH" value="inf" />
  <attribute name="Loop Time for DT" value="0.000000" />
  <attribute name="Output H" value="8388608"/>
  <attribute name="Output I" value="200"/>
  <attribute name="Output T" value="1"/>
  <attribute name="Target GC Util Change" value ="20.000000" />
  <attribute name="Current GC Util Change" value="61.000000"/>
  <attribute name="GC Util currently" value="61" />
  <attribute name="CPU Util currently" value="20439696171009" />
<exclusive-end id="841" timestamp="2019-06-15T06:32:57.991" durationms="4.977" />

<exclusive-start id="842" timestamp="2019-06-15T06:32:58.027" intervalms="41.144">
  <response-info timems="0.209" idlems="0.209" threads="0" lastid="00000000018DA500" lastname="Thread-9" />
</exclusive-start>
<allocation-taxation id="843" taxation-threshold="46137344" timestamp="2019-06-15T06:32:58.027" intervalms="41.177" />
<cycle-start id="844" type="partial gc" contextid="0" timestamp="2019-06-15T06:32:58.028" intervalms="41.181" />
<gc-start id="845" type="partial gc" contextid="844" timestamp="2019-06-15T06:32:58.028">
  <mem-info id="846" free="40894464" total="157286400" percent="26">
    <mem type="eden" free="0" total="46137344" percent="0" />
    <arraylet-primitive objects="2" leaves="2" largest="1" />
    <remembered-set count="34432" freebytes="6140672" totalbytes="6278400" percent="97" regionsoverflowed="0" regionsstable="2" regionsrebuilding="0"/>
  </mem-info>
</gc-start>
<allocation-stats totalBytes="46131928" >
  <allocated-bytes non-tlh="0" tlh="46131928" arrayletleaf="0"/>
  <largest-consumer threadName="Thread-8" threadId="00000000018D2D00" bytes="17721352" />
</allocation-stats>
<gc-op id="847" type="copy forward" timems="2.023" contextid="844" timestamp="2019-06-15T06:32:58.030">
  <memory-copied type="eden" objects="5169" bytes="125168" bytesdiscarded="4504" />
  <memory-copied type="other" objects="17008" bytes="682944" bytesdiscarded="39352" />
  <memory-cardclean objects="6917" bytes="341576" />
  <regions eden="44" other="2" />
  <remembered-set-cleared processed="28792" cleared="1209" durationms="0.175" />
  <stringconstants candidates="4597" cleared="0"  />
</gc-op>
<gc-op id="848" type="classunload" timems="0.003" contextid="844" timestamp="2019-06-15T06:32:58.031">
  <classunload-info classloadercandidates="8" classloadersunloaded="0" classesunloaded="0" anonymousclassesunloaded="0" quiescems="0.000" setupms="0.003" scanms="0.000" postms="0.000" />
</gc-op>
<gc-end id="849" type="partial gc" contextid="844" durationms="2.999" usertimems="4.000" systemtimems="4.000" timestamp="2019-06-15T06:32:58.031" activeThreads="4">
  <mem-info id="850" free="84934656" total="157286400" percent="54">
    <mem type="eden" free="1967480" total="2097152" percent="93" />
    <arraylet-primitive objects="2" leaves="2" largest="1" />
    <remembered-set count="35456" freebytes="6136576" totalbytes="6278400" percent="97" regionsoverflowed="0" regionsstable="2" regionsrebuilding="0"/>
  </mem-info>
</gc-end>
<cycle-end id="851" type="partial gc" contextid="844" timestamp="2019-06-15T06:32:58.031" />
  <attribute name="elasticGC enabled" value="1" />
  <attribute name= "numThreadsSpecified" value="4" />
  <attribute name="heapSize specified" value="0" />
  <attribute name="Current GC Util" value="62" />
  <attribute name= "Current Time Running" value="2635" />
  <attribute name ="GC Interval" value="0" />
  <attribute name="ProportionalT" value="21.000000" />
  <attribute name="ProportionalI" value="21.000000" />
  <attribute name="ProportionalH" value="21.000000" />
  <attribute name="Current Error" value="42.000000" />
  <attribute name="IntegralT" value="42.000000" />
  <attribute name="IntegralI" value="42.000000" />
  <attribute name="IntegralH" value="42.000000" />
  <attribute name="DerivativeT" value="42.000000" />
  <attribute name="DerivativeI" value="42.000000" />
  <attribute name="DerivativeH" value="42.000000" />
  <attribute name="Loop Time for DT" value="1.000000" />
  <attribute name="Output H" value="8388608"/>
  <attribute name="Output I" value="200"/>
  <attribute name="Output T" value="4"/>
  <attribute name="Target GC Util Change" value ="20.000000" />
  <attribute name="Current GC Util Change" value="62.000000"/>
  <attribute name="GC Util currently" value="62" />
  <attribute name="CPU Util currently" value="20631541783907" />
<exclusive-end id="852" timestamp="2019-06-15T06:32:58.031" durationms="3.918" />

<exclusive-start id="853" timestamp="2019-06-15T06:32:58.093" intervalms="65.874">
  <response-info timems="0.038" idlems="0.038" threads="0" lastid="00000000018D2D00" lastname="Thread-8" />
</exclusive-start>
<allocation-taxation id="854" taxation-threshold="46137344" timestamp="2019-06-15T06:32:58.093" intervalms="65.897" />
<cycle-start id="855" type="partial gc" contextid="0" timestamp="2019-06-15T06:32:58.093" intervalms="65.898" />
<gc-start id="856" type="partial gc" contextid="855" timestamp="2019-06-15T06:32:58.094">
  <mem-info id="857" free="38797312" total="157286400" percent="24">
    <mem type="eden" free="0" total="46137344" percent="0" />
    <arraylet-primitive objects="2" leaves="2" largest="1" />
    <remembered-set count="35104" freebytes="6137984" totalbytes="6278400" percent="97" regionsoverflowed="0" regionsstable="2" regionsrebuilding="0"/>
  </mem-info>
</gc-start>
<allocation-stats totalBytes="46131208" >
  <allocated-bytes non-tlh="0" tlh="46131208" arrayletleaf="0"/>
  <largest-consumer threadName="Thread-8" threadId="00000000018D2D00" bytes="15546392" />
</allocation-stats>
<gc-op id="858" type="copy forward" timems="2.480" contextid="855" timestamp="2019-06-15T06:32:58.097">
  <memory-copied type="eden" objects="10306" bytes="386144" bytesdiscarded="3184" />
  <memory-copied type="other" objects="8026" bytes="192624" bytesdiscarded="4456" />
  <memory-cardclean objects="14443" bytes="735968" />
  <regions eden="44" other="3" />
  <remembered-set-cleared processed="29573" cleared="1162" durationms="0.181" />
  <stringconstants candidates="4597" cleared="0"  />
</gc-op>
<gc-op id="859" type="classunload" timems="0.002" contextid="855" timestamp="2019-06-15T06:32:58.097">
  <classunload-info classloadercandidates="8" classloadersunloaded="0" classesunloaded="0" anonymousclassesunloaded="0" quiescems="0.000" setupms="0.002" scanms="0.000" postms="0.000" />
</gc-op>
<gc-end id="860" type="partial gc" contextid="855" durationms="3.444" usertimems="4.000" systemtimems="0.000" timestamp="2019-06-15T06:32:58.097" activeThreads="4">
  <mem-info id="861" free="84934656" total="157286400" percent="54">
    <mem type="eden" free="659248" total="1048576" percent="62" />
    <arraylet-primitive objects="2" leaves="2" largest="1" />
    <remembered-set count="35520" freebytes="6136320" totalbytes="6278400" percent="97" regionsoverflowed="0" regionsstable="2" regionsrebuilding="0"/>
  </mem-info>
</gc-end>
<cycle-end id="862" type="partial gc" contextid="855" timestamp="2019-06-15T06:32:58.097" />
  <attribute name="elasticGC enabled" value="1" />
  <attribute name= "numThreadsSpecified" value="4" />
  <attribute name="heapSize specified" value="0" />
  <attribute name="Current GC Util" value="58" />
  <attribute name= "Current Time Running" value="2701" />
  <attribute name ="GC Interval" value="0" />
  <attribute name="ProportionalT" value="19.000000" />
  <attribute name="ProportionalI" value="19.000000" />
  <attribute name="ProportionalH" value="19.000000" />
  <attribute name="Current Error" value="38.000000" />
  <attribute name="IntegralT" value="38.000000" />
  <attribute name="IntegralI" value="38.000000" />
  <attribute name="IntegralH" value="38.000000" />
  <attribute name="DerivativeT" value="38.000000" />
  <attribute name="DerivativeI" value="38.000000" />
  <attribute name="DerivativeH" value="38.000000" />
  <attribute name="Loop Time for DT" value="1.000000" />
  <attribute name="Output H" value="8388608"/>
  <attribute name="Output I" value="200"/>
  <attribute name="Output T" value="4"/>
  <attribute name="Target GC Util Change" value ="20.000000" />
  <attribute name="Current GC Util Change" value="58.000000"/>
  <attribute name="GC Util currently" value="58" />
  <attribute name="CPU Util currently" value="18390542536616" />
<exclusive-end id="863" timestamp="2019-06-15T06:32:58.097" durationms="4.446" />

<exclusive-start id="864" timestamp="2019-06-15T06:32:58.164" intervalms="70.723">
  <response-info timems="0.653" idlems="0.354" threads="1" lastid="00000000018DA500" lastname="Thread-9" />
</exclusive-start>
<allocation-taxation id="865" taxation-threshold="46137344" timestamp="2019-06-15T06:32:58.164" intervalms="70.704" />
<cycle-start id="866" type="partial gc" contextid="0" timestamp="2019-06-15T06:32:58.164" intervalms="70.705" />
<gc-start id="867" type="partial gc" contextid="866" timestamp="2019-06-15T06:32:58.164">
  <mem-info id="868" free="38797312" total="157286400" percent="24">
    <mem type="eden" free="0" total="46137344" percent="0" />
    <arraylet-primitive objects="2" leaves="2" largest="1" />
    <remembered-set count="35296" freebytes="6137216" totalbytes="6278400" percent="97" regionsoverflowed="0" regionsstable="2" regionsrebuilding="0"/>
  </mem-info>
</gc-start>
<allocation-stats totalBytes="46131520" >
  <allocated-bytes non-tlh="0" tlh="46131520" arrayletleaf="0"/>
  <largest-consumer threadName="Thread-10" threadId="00000000018D6900" bytes="15194104" />
</allocation-stats>
<gc-op id="869" type="copy forward" timems="3.907" contextid="866" timestamp="2019-06-15T06:32:58.169">
  <memory-copied type="eden" objects="17346" bytes="693000" bytesdiscarded="0" />
  <memory-copied type="other" objects="14981" bytes="496920" bytesdiscarded="0" />
  <memory-cardclean objects="12865" bytes="631088" />
  <regions eden="44" other="2" />
  <remembered-set-cleared processed="30403" cleared="1411" durationms="0.380" />
  <stringconstants candidates="4597" cleared="0"  />
</gc-op>
<gc-op id="870" type="classunload" timems="0.002" contextid="866" timestamp="2019-06-15T06:32:58.169">
  <classunload-info classloadercandidates="8" classloadersunloaded="0" classesunloaded="0" anonymousclassesunloaded="0" quiescems="0.000" setupms="0.002" scanms="0.000" postms="0.000" />
</gc-op>
<gc-end id="871" type="partial gc" contextid="866" durationms="5.103" usertimems="12.000" systemtimems="0.000" timestamp="2019-06-15T06:32:58.170" activeThreads="1">
  <mem-info id="872" free="83886080" total="157286400" percent="53">
    <mem type="eden" free="355576" total="1048576" percent="33" />
    <arraylet-primitive objects="2" leaves="2" largest="1" />
    <remembered-set count="36768" freebytes="6131328" totalbytes="6278400" percent="97" regionsoverflowed="0" regionsstable="2" regionsrebuilding="0"/>
  </mem-info>
</gc-end>
<cycle-end id="873" type="partial gc" contextid="866" timestamp="2019-06-15T06:32:58.170" />
  <attribute name="elasticGC enabled" value="1" />
  <attribute name= "numThreadsSpecified" value="1" />
  <attribute name="heapSize specified" value="0" />
  <attribute name="Current GC Util" value="80" />
  <attribute name= "Current Time Running" value="2771" />
  <attribute name ="GC Interval" value="0" />
  <attribute name="ProportionalT" value="30.000000" />
  <attribute name="ProportionalI" value="30.000000" />
  <attribute name="ProportionalH" value="30.000000" />
  <attribute name="Current Error" value="60.000000" />
  <attribute name="IntegralT" value="0.000000" />
  <attribute name="IntegralI" value="0.000000" />
  <attribute name="IntegralH" value="0.000000" />
  <attribute name="DerivativeT" value="inf" />
  <attribute name="DerivativeI" value="inf" />
  <attribute name="DerivativeH" value="inf" />
  <attribute name="Loop Time for DT" value="0.000000" />
  <attribute name="Output H" value="8388608"/>
  <attribute name="Output I" value="200"/>
  <attribute name="Output T" value="1"/>
  <attribute name="Target GC Util Change" value ="20.000000" />
  <attribute name="Current GC Util Change" value="80.000000"/>
  <attribute name="GC Util currently" value="80" />
  <attribute name="CPU Util currently" value="16032115113538" />
<exclusive-end id="874" timestamp="2019-06-15T06:32:58.170" durationms="6.227" />

<exclusive-start id="875" timestamp="2019-06-15T06:32:58.241" intervalms="76.933">
  <response-info timems="0.054" idlems="0.054" threads="0" lastid="00000000018D2D00" lastname="Thread-8" />
</exclusive-start>
<allocation-taxation id="876" taxation-threshold="46137344" timestamp="2019-06-15T06:32:58.241" intervalms="76.960" />
<cycle-start id="877" type="partial gc" contextid="0" timestamp="2019-06-15T06:32:58.241" intervalms="76.956" />
<gc-start id="878" type="partial gc" contextid="877" timestamp="2019-06-15T06:32:58.241">
  <mem-info id="879" free="37748736" total="157286400" percent="24">
    <mem type="eden" free="0" total="46137344" percent="0" />
    <arraylet-primitive objects="2" leaves="2" largest="1" />
    <remembered-set count="36736" freebytes="6131456" totalbytes="6278400" percent="97" regionsoverflowed="0" regionsstable="2" regionsrebuilding="0"/>
  </mem-info>
</gc-start>
<allocation-stats totalBytes="46131136" >
  <allocated-bytes non-tlh="0" tlh="46131136" arrayletleaf="0"/>
  <largest-consumer threadName="Thread-7" threadId="00000000018DE100" bytes="17205064" />
</allocation-stats>
<gc-op id="880" type="copy forward" timems="4.116" contextid="877" timestamp="2019-06-15T06:32:58.246">
  <memory-copied type="eden" objects="9312" bytes="362416" bytesdiscarded="0" />
  <memory-copied type="other" objects="27033" bytes="1060920" bytesdiscarded="0" />
  <memory-cardclean objects="8273" bytes="414776" />
  <regions eden="44" other="2" />
  <remembered-set-cleared processed="31477" cleared="1422" durationms="0.380" />
  <stringconstants candidates="4597" cleared="0"  />
</gc-op>
<gc-op id="881" type="classunload" timems="0.003" contextid="877" timestamp="2019-06-15T06:32:58.246">
  <classunload-info classloadercandidates="8" classloadersunloaded="0" classesunloaded="0" anonymousclassesunloaded="0" quiescems="0.000" setupms="0.002" scanms="0.000" postms="0.000" />
</gc-op>
<gc-end id="882" type="partial gc" contextid="877" durationms="5.221" usertimems="8.000" systemtimems="0.000" timestamp="2019-06-15T06:32:58.247" activeThreads="1">
  <mem-info id="883" free="82837504" total="157286400" percent="52">
    <mem type="eden" free="686160" total="1048576" percent="65" />
    <arraylet-primitive objects="2" leaves="2" largest="1" />
    <remembered-set count="38240" freebytes="6125440" totalbytes="6278400" percent="97" regionsoverflowed="0" regionsstable="2" regionsrebuilding="0"/>
  </mem-info>
</gc-end>
<cycle-end id="884" type="partial gc" contextid="877" timestamp="2019-06-15T06:32:58.247" />
  <attribute name="elasticGC enabled" value="1" />
  <attribute name= "numThreadsSpecified" value="1" />
  <attribute name="heapSize specified" value="0" />
  <attribute name="Current GC Util" value="76" />
  <attribute name= "Current Time Running" value="2848" />
  <attribute name ="GC Interval" value="0" />
  <attribute name="ProportionalT" value="28.000000" />
  <attribute name="ProportionalI" value="28.000000" />
  <attribute name="ProportionalH" value="28.000000" />
  <attribute name="Current Error" value="56.000000" />
  <attribute name="IntegralT" value="0.000000" />
  <attribute name="IntegralI" value="0.000000" />
  <attribute name="IntegralH" value="0.000000" />
  <attribute name="DerivativeT" value="inf" />
  <attribute name="DerivativeI" value="inf" />
  <attribute name="DerivativeH" value="inf" />
  <attribute name="Loop Time for DT" value="0.000000" />
  <attribute name="Output H" value="8388608"/>
  <attribute name="Output I" value="200"/>
  <attribute name="Output T" value="1"/>
  <attribute name="Target GC Util Change" value ="20.000000" />
  <attribute name="Current GC Util Change" value="76.000000"/>
  <attribute name="GC Util currently" value="76" />
  <attribute name="CPU Util currently" value="18948422466745" />
<exclusive-end id="885" timestamp="2019-06-15T06:32:58.247" durationms="6.259" />

<exclusive-start id="886" timestamp="2019-06-15T06:32:58.289" intervalms="48.680">
  <response-info timems="0.067" idlems="0.067" threads="0" lastid="00000000018DE100" lastname="Thread-7" />
</exclusive-start>
<allocation-taxation id="887" taxation-threshold="46137344" timestamp="2019-06-15T06:32:58.290" intervalms="48.695" />
<cycle-start id="888" type="partial gc" contextid="0" timestamp="2019-06-15T06:32:58.290" intervalms="48.744" />
<gc-start id="889" type="partial gc" contextid="888" timestamp="2019-06-15T06:32:58.290">
  <mem-info id="890" free="36700160" total="157286400" percent="23">
    <mem type="eden" free="0" total="46137344" percent="0" />
    <arraylet-primitive objects="2" leaves="2" largest="1" />
    <remembered-set count="37920" freebytes="6126720" totalbytes="6278400" percent="97" regionsoverflowed="0" regionsstable="2" regionsrebuilding="0"/>
  </mem-info>
</gc-start>
<allocation-stats totalBytes="46131496" >
  <allocated-bytes non-tlh="0" tlh="46131496" arrayletleaf="0"/>
  <largest-consumer threadName="Thread-7" threadId="00000000018DE100" bytes="16820144" />
</allocation-stats>
<gc-op id="891" type="copy forward" timems="3.194" contextid="888" timestamp="2019-06-15T06:32:58.294">
  <memory-copied type="eden" objects="7538" bytes="319304" bytesdiscarded="0" />
  <memory-copied type="other" objects="17344" bytes="691008" bytesdiscarded="0" />
  <memory-cardclean objects="4348" bytes="241328" />
  <regions eden="44" other="2" />
  <remembered-set-cleared processed="32424" cleared="1097" durationms="0.381" />
  <stringconstants candidates="4597" cleared="0"  />
</gc-op>
<gc-op id="892" type="classunload" timems="0.003" contextid="888" timestamp="2019-06-15T06:32:58.294">
  <classunload-info classloadercandidates="8" classloadersunloaded="0" classesunloaded="0" anonymousclassesunloaded="0" quiescems="0.000" setupms="0.002" scanms="0.000" postms="0.000" />
</gc-op>
<gc-end id="893" type="partial gc" contextid="888" durationms="4.313" usertimems="4.000" systemtimems="0.000" timestamp="2019-06-15T06:32:58.294" activeThreads="1">
  <mem-info id="894" free="81788928" total="157286400" percent="52">
    <mem type="eden" free="729272" total="1048576" percent="69" />
    <arraylet-primitive objects="2" leaves="2" largest="1" />
    <remembered-set count="38528" freebytes="6124288" totalbytes="6278400" percent="97" regionsoverflowed="0" regionsstable="2" regionsrebuilding="0"/>
  </mem-info>
</gc-end>
<cycle-end id="895" type="partial gc" contextid="888" timestamp="2019-06-15T06:32:58.295" />
  <attribute name="elasticGC enabled" value="1" />
  <attribute name= "numThreadsSpecified" value="1" />
  <attribute name="heapSize specified" value="0" />
  <attribute name="Current GC Util" value="66" />
  <attribute name= "Current Time Running" value="2897" />
  <attribute name ="GC Interval" value="0" />
  <attribute name="ProportionalT" value="23.000000" />
  <attribute name="ProportionalI" value="23.000000" />
  <attribute name="ProportionalH" value="23.000000" />
  <attribute name="Current Error" value="46.000000" />
  <attribute name="IntegralT" value="0.000000" />
  <attribute name="IntegralI" value="0.000000" />
  <attribute name="IntegralH" value="0.000000" />
  <attribute name="DerivativeT" value="inf" />
  <attribute name="DerivativeI" value="inf" />
  <attribute name="DerivativeH" value="inf" />
  <attribute name="Loop Time for DT" value="0.000000" />
  <attribute name="Output H" value="8388608"/>
  <attribute name="Output I" value="200"/>
  <attribute name="Output T" value="1"/>
  <attribute name="Target GC Util Change" value ="20.000000" />
  <attribute name="Current GC Util Change" value="66.000000"/>
  <attribute name="GC Util currently" value="66" />
  <attribute name="CPU Util currently" value="18990401239685" />
<exclusive-end id="896" timestamp="2019-06-15T06:32:58.295" durationms="5.551" />

<exclusive-start id="897" timestamp="2019-06-15T06:32:58.326" intervalms="36.863">
  <response-info timems="0.038" idlems="0.038" threads="0" lastid="00000000018DE100" lastname="Thread-7" />
</exclusive-start>
<allocation-taxation id="898" taxation-threshold="46137344" timestamp="2019-06-15T06:32:58.326" intervalms="36.886" />
<cycle-start id="899" type="partial gc" contextid="0" timestamp="2019-06-15T06:32:58.327" intervalms="36.840" />
<gc-start id="900" type="partial gc" contextid="899" timestamp="2019-06-15T06:32:58.327">
  <mem-info id="901" free="35651584" total="157286400" percent="22">
    <mem type="eden" free="0" total="46137344" percent="0" />
    <arraylet-primitive objects="2" leaves="2" largest="1" />
    <remembered-set count="38272" freebytes="6125312" totalbytes="6278400" percent="97" regionsoverflowed="0" regionsstable="2" regionsrebuilding="0"/>
  </mem-info>
</gc-start>
<allocation-stats totalBytes="46131856" >
  <allocated-bytes non-tlh="0" tlh="46131856" arrayletleaf="0"/>
  <largest-consumer threadName="Thread-7" threadId="00000000018DE100" bytes="19842832" />
</allocation-stats>
<gc-op id="902" type="copy forward" timems="2.783" contextid="899" timestamp="2019-06-15T06:32:58.330">
  <memory-copied type="eden" objects="2153" bytes="53336" bytesdiscarded="0" />
  <memory-copied type="other" objects="15775" bytes="653352" bytesdiscarded="0" />
  <memory-cardclean objects="6079" bytes="316304" />
  <regions eden="44" other="2" />
  <remembered-set-cleared processed="32834" cleared="858" durationms="0.385" />
  <stringconstants candidates="4597" cleared="0"  />
</gc-op>
<gc-op id="903" type="classunload" timems="0.002" contextid="899" timestamp="2019-06-15T06:32:58.331">
  <classunload-info classloadercandidates="8" classloadersunloaded="0" classesunloaded="0" anonymousclassesunloaded="0" quiescems="0.000" setupms="0.002" scanms="0.000" postms="0.000" />
</gc-op>
<gc-end id="904" type="partial gc" contextid="899" durationms="3.895" usertimems="8.000" systemtimems="0.000" timestamp="2019-06-15T06:32:58.331" activeThreads="1">
  <mem-info id="905" free="80740352" total="157286400" percent="51">
    <mem type="eden" free="995240" total="1048576" percent="94" />
    <arraylet-primitive objects="2" leaves="2" largest="1" />
    <remembered-set count="39616" freebytes="6119936" totalbytes="6278400" percent="97" regionsoverflowed="0" regionsstable="2" regionsrebuilding="0"/>
  </mem-info>
</gc-end>
<cycle-end id="906" type="partial gc" contextid="899" timestamp="2019-06-15T06:32:58.331" />
  <attribute name="elasticGC enabled" value="1" />
  <attribute name= "numThreadsSpecified" value="1" />
  <attribute name="heapSize specified" value="0" />
  <attribute name="Current GC Util" value="74" />
  <attribute name= "Current Time Running" value="2934" />
  <attribute name ="GC Interval" value="0" />
  <attribute name="ProportionalT" value="27.000000" />
  <attribute name="ProportionalI" value="27.000000" />
  <attribute name="ProportionalH" value="27.000000" />
  <attribute name="Current Error" value="54.000000" />
  <attribute name="IntegralT" value="0.000000" />
  <attribute name="IntegralI" value="0.000000" />
  <attribute name="IntegralH" value="0.000000" />
  <attribute name="DerivativeT" value="inf" />
  <attribute name="DerivativeI" value="inf" />
  <attribute name="DerivativeH" value="inf" />
  <attribute name="Loop Time for DT" value="0.000000" />
  <attribute name="Output H" value="8388608"/>
  <attribute name="Output I" value="200"/>
  <attribute name="Output T" value="1"/>
  <attribute name="Target GC Util Change" value ="20.000000" />
  <attribute name="Current GC Util Change" value="74.000000"/>
  <attribute name="GC Util currently" value="74" />
  <attribute name="CPU Util currently" value="18575808751773" />
<exclusive-end id="907" timestamp="2019-06-15T06:32:58.331" durationms="5.116" />

<exclusive-start id="908" timestamp="2019-06-15T06:32:58.370" intervalms="43.890">
  <response-info timems="0.066" idlems="0.066" threads="0" lastid="00000000018D6900" lastname="Thread-10" />
</exclusive-start>
<allocation-taxation id="909" taxation-threshold="46137344" timestamp="2019-06-15T06:32:58.370" intervalms="43.849" />
<cycle-start id="910" type="partial gc" contextid="0" timestamp="2019-06-15T06:32:58.371" intervalms="43.896" />
<gc-start id="911" type="partial gc" contextid="910" timestamp="2019-06-15T06:32:58.371">
  <mem-info id="912" free="34603008" total="157286400" percent="22">
    <mem type="eden" free="0" total="46137344" percent="0" />
    <arraylet-primitive objects="2" leaves="2" largest="1" />
    <remembered-set count="39328" freebytes="6121088" totalbytes="6278400" percent="97" regionsoverflowed="0" regionsstable="2" regionsrebuilding="0"/>
  </mem-info>
</gc-start>
<allocation-stats totalBytes="46131664" >
  <allocated-bytes non-tlh="0" tlh="46131664" arrayletleaf="0"/>
  <largest-consumer threadName="Thread-7" threadId="00000000018DE100" bytes="21075440" />
</allocation-stats>
<gc-op id="913" type="copy forward" timems="3.129" contextid="910" timestamp="2019-06-15T06:32:58.375">
  <memory-copied type="eden" objects="10564" bytes="391792" bytesdiscarded="0" />
  <memory-copied type="other" objects="9202" bytes="358224" bytesdiscarded="0" />
  <memory-cardclean objects="9094" bytes="460736" />
  <regions eden="44" other="2" />
  <remembered-set-cleared processed="33390" cleared="824" durationms="0.413" />
  <stringconstants candidates="4597" cleared="0"  />
</gc-op>
<gc-op id="914" type="classunload" timems="0.002" contextid="910" timestamp="2019-06-15T06:32:58.375">
  <classunload-info classloadercandidates="8" classloadersunloaded="0" classesunloaded="0" anonymousclassesunloaded="0" quiescems="0.000" setupms="0.002" scanms="0.000" postms="0.000" />
</gc-op>
<gc-end id="915" type="partial gc" contextid="910" durationms="4.268" usertimems="4.000" systemtimems="0.000" timestamp="2019-06-15T06:32:58.375" activeThreads="1">
  <mem-info id="916" free="79691776" total="157286400" percent="50">
    <mem type="eden" free="656784" total="1048576" percent="62" />
    <arraylet-primitive objects="2" leaves="2" largest="1" />
    <remembered-set count="40224" freebytes="6117504" totalbytes="6278400" percent="97" regionsoverflowed="0" regionsstable="2" regionsrebuilding="0"/>
  </mem-info>
</gc-end>
<cycle-end id="917" type="partial gc" contextid="910" timestamp="2019-06-15T06:32:58.375" />
  <attribute name="elasticGC enabled" value="1" />
  <attribute name= "numThreadsSpecified" value="1" />
  <attribute name="heapSize specified" value="0" />
  <attribute name="Current GC Util" value="67" />
  <attribute name= "Current Time Running" value="2978" />
  <attribute name ="GC Interval" value="0" />
  <attribute name="ProportionalT" value="23.500000" />
  <attribute name="ProportionalI" value="23.500000" />
  <attribute name="ProportionalH" value="23.500000" />
  <attribute name="Current Error" value="47.000000" />
  <attribute name="IntegralT" value="0.000000" />
  <attribute name="IntegralI" value="0.000000" />
  <attribute name="IntegralH" value="0.000000" />
  <attribute name="DerivativeT" value="inf" />
  <attribute name="DerivativeI" value="inf" />
  <attribute name="DerivativeH" value="inf" />
  <attribute name="Loop Time for DT" value="0.000000" />
  <attribute name="Output H" value="8388608"/>
  <attribute name="Output I" value="200"/>
  <attribute name="Output T" value="1"/>
  <attribute name="Target GC Util Change" value ="20.000000" />
  <attribute name="Current GC Util Change" value="67.000000"/>
  <attribute name="GC Util currently" value="67" />
  <attribute name="CPU Util currently" value="17629780025781" />
<exclusive-end id="918" timestamp="2019-06-15T06:32:58.376" durationms="5.665" />

<exclusive-start id="919" timestamp="2019-06-15T06:32:58.398" intervalms="28.239">
  <response-info timems="0.033" idlems="0.033" threads="0" lastid="00000000018D6900" lastname="Thread-10" />
</exclusive-start>
<allocation-taxation id="920" taxation-threshold="46137344" timestamp="2019-06-15T06:32:58.399" intervalms="28.224" />
<cycle-start id="921" type="partial gc" contextid="0" timestamp="2019-06-15T06:32:58.399" intervalms="28.220" />
<gc-start id="922" type="partial gc" contextid="921" timestamp="2019-06-15T06:32:58.399">
  <mem-info id="923" free="33554432" total="157286400" percent="21">
    <mem type="eden" free="0" total="46137344" percent="0" />
    <arraylet-primitive objects="2" leaves="2" largest="1" />
    <remembered-set count="40224" freebytes="6117504" totalbytes="6278400" percent="97" regionsoverflowed="0" regionsstable="2" regionsrebuilding="0"/>
  </mem-info>
</gc-start>
<allocation-stats totalBytes="46131248" >
  <allocated-bytes non-tlh="0" tlh="46131248" arrayletleaf="0"/>
  <largest-consumer threadName="Thread-10" threadId="00000000018D6900" bytes="16021456" />
</allocation-stats>
<gc-op id="924" type="copy forward" timems="3.334" contextid="921" timestamp="2019-06-15T06:32:58.403">
  <memory-copied type="eden" objects="11427" bytes="413280" bytesdiscarded="0" />
  <memory-copied type="other" objects="12261" bytes="431640" bytesdiscarded="0" />
  <memory-cardclean objects="9459" bytes="482096" />
  <regions eden="44" other="2" />
  <remembered-set-cleared processed="34075" cleared="1032" durationms="0.422" />
  <stringconstants candidates="4597" cleared="0"  />
</gc-op>
<gc-op id="925" type="classunload" timems="0.002" contextid="921" timestamp="2019-06-15T06:32:58.403">
  <classunload-info classloadercandidates="8" classloadersunloaded="0" classesunloaded="0" anonymousclassesunloaded="0" quiescems="0.000" setupms="0.002" scanms="0.000" postms="0.000" />
</gc-op>
<heap-resize id="926" type="expand" space="default" amount="27262976" count="1" timems="0.203" reason="excessive time being spent in gc" timestamp="2019-06-15T06:32:58.404" />
<gc-end id="927" type="partial gc" contextid="921" durationms="4.900" usertimems="4.000" systemtimems="0.000" timestamp="2019-06-15T06:32:58.404" activeThreads="1">
  <mem-info id="928" free="105906176" total="184549376" percent="57">
    <mem type="eden" free="635296" total="1048576" percent="60" />
    <arraylet-primitive objects="2" leaves="2" largest="1" />
    <remembered-set count="41696" freebytes="7199872" totalbytes="7366656" percent="97" regionsoverflowed="0" regionsstable="2" regionsrebuilding="0"/>
  </mem-info>
</gc-end>
<cycle-end id="929" type="partial gc" contextid="921" timestamp="2019-06-15T06:32:58.404" />
  <attribute name="elasticGC enabled" value="1" />
  <attribute name= "numThreadsSpecified" value="1" />
  <attribute name="heapSize specified" value="0" />
  <attribute name="Current GC Util" value="75" />
  <attribute name= "Current Time Running" value="3006" />
  <attribute name ="GC Interval" value="0" />
  <attribute name="ProportionalT" value="27.500000" />
  <attribute name="ProportionalI" value="27.500000" />
  <attribute name="ProportionalH" value="27.500000" />
  <attribute name="Current Error" value="55.000000" />
  <attribute name="IntegralT" value="0.000000" />
  <attribute name="IntegralI" value="0.000000" />
  <attribute name="IntegralH" value="0.000000" />
  <attribute name="DerivativeT" value="inf" />
  <attribute name="DerivativeI" value="inf" />
  <attribute name="DerivativeH" value="inf" />
  <attribute name="Loop Time for DT" value="0.000000" />
  <attribute name="Output H" value="8388608"/>
  <attribute name="Output I" value="200"/>
  <attribute name="Output T" value="1"/>
  <attribute name="Target GC Util Change" value ="20.000000" />
  <attribute name="Current GC Util Change" value="75.000000"/>
  <attribute name="GC Util currently" value="75" />
  <attribute name="CPU Util currently" value="16781300631827" />
<exclusive-end id="930" timestamp="2019-06-15T06:32:58.405" durationms="6.153" />

<exclusive-start id="931" timestamp="2019-06-15T06:32:58.425" intervalms="26.918">
  <response-info timems="0.045" idlems="0.045" threads="0" lastid="00000000018D6900" lastname="Thread-10" />
</exclusive-start>
<allocation-taxation id="932" taxation-threshold="52428800" timestamp="2019-06-15T06:32:58.425" intervalms="26.923" />
<cycle-start id="933" type="partial gc" contextid="0" timestamp="2019-06-15T06:32:58.426" intervalms="26.909" />
<gc-start id="934" type="partial gc" contextid="933" timestamp="2019-06-15T06:32:58.426">
  <mem-info id="935" free="53477376" total="184549376" percent="28">
    <mem type="eden" free="0" total="52428800" percent="0" />
    <arraylet-primitive objects="2" leaves="2" largest="1" />
    <remembered-set count="41248" freebytes="7201664" totalbytes="7366656" percent="97" regionsoverflowed="0" regionsstable="2" regionsrebuilding="0"/>
  </mem-info>
</gc-start>
<allocation-stats totalBytes="52422192" >
  <allocated-bytes non-tlh="0" tlh="52422192" arrayletleaf="0"/>
  <largest-consumer threadName="Thread-10" threadId="00000000018D6900" bytes="17344256" />
</allocation-stats>
<gc-op id="936" type="copy forward" timems="3.028" contextid="933" timestamp="2019-06-15T06:32:58.430">
  <memory-copied type="eden" objects="11437" bytes="550760" bytesdiscarded="0" />
  <memory-copied type="other" objects="7212" bytes="173088" bytesdiscarded="0" />
  <memory-cardclean objects="8505" bytes="417640" />
  <regions eden="50" other="2" />
  <remembered-set-cleared processed="34747" cleared="1161" durationms="0.426" />
  <stringconstants candidates="4597" cleared="0"  />
</gc-op>
<gc-op id="937" type="classunload" timems="0.002" contextid="933" timestamp="2019-06-15T06:32:58.430">
  <classunload-info classloadercandidates="8" classloadersunloaded="0" classesunloaded="0" anonymousclassesunloaded="0" quiescems="0.000" setupms="0.002" scanms="0.000" postms="0.000" />
</gc-op>
<gc-op id="938" type="compact" timems="1.022" contextid="933" timestamp="2019-06-15T06:32:58.431">
  <compact-info movecount="0" movebytes="0" />
  <remembered-set-cleared processed="70611" cleared="1161" durationms="0.426" />
</gc-op>
<heap-resize id="939" type="expand" space="default" amount="14680064" count="1" timems="0.135" reason="excessive time being spent in gc" timestamp="2019-06-15T06:32:58.432" />
<gc-end id="940" type="partial gc" contextid="933" durationms="5.867" usertimems="4.000" systemtimems="0.000" timestamp="2019-06-15T06:32:58.432" activeThreads="4">
  <mem-info id="941" free="119537664" total="199229440" percent="60">
    <mem type="eden" free="497816" total="1048576" percent="47" />
    <arraylet-primitive objects="2" leaves="2" largest="1" />
    <remembered-set count="39104" freebytes="7796224" totalbytes="7952640" percent="98" regionsoverflowed="0" regionsstable="2" regionsrebuilding="0"/>
  </mem-info>
</gc-end>
<cycle-end id="942" type="partial gc" contextid="933" timestamp="2019-06-15T06:32:58.432" />
  <attribute name="elasticGC enabled" value="1" />
  <attribute name= "numThreadsSpecified" value="4" />
  <attribute name="heapSize specified" value="0" />
  <attribute name="Current GC Util" value="0" />
  <attribute name= "Current Time Running" value="3036" />
  <attribute name ="GC Interval" value="0" />
  <attribute name="ProportionalT" value="-10.000000" />
  <attribute name="ProportionalI" value="-10.000000" />
  <attribute name="ProportionalH" value="-10.000000" />
  <attribute name="Current Error" value="-20.000000" />
  <attribute name="IntegralT" value="-60.000000" />
  <attribute name="IntegralI" value="-60.000000" />
  <attribute name="IntegralH" value="-60.000000" />
  <attribute name="DerivativeT" value="-25.000000" />
  <attribute name="DerivativeI" value="-25.000000" />
  <attribute name="DerivativeH" value="-25.000000" />
  <attribute name="Loop Time for DT" value="3.000000" />
  <attribute name="Output H" value="2091843584"/>
  <attribute name="Output I" value="200"/>
  <attribute name="Output T" value="4"/>
  <attribute name="Target GC Util Change" value ="20.000000" />
  <attribute name="Current GC Util Change" value="0.000000"/>
  <attribute name="GC Util currently" value="0" />
  <attribute name="CPU Util currently" value="1343769333752" />
<exclusive-end id="943" timestamp="2019-06-15T06:32:58.432" durationms="7.093" />

<exclusive-start id="944" timestamp="2019-06-15T06:32:58.461" intervalms="35.244">
  <response-info timems="3.739" idlems="1.898" threads="1" lastid="00000000018DA500" lastname="Thread-9" />
</exclusive-start>
<allocation-taxation id="945" taxation-threshold="55574528" timestamp="2019-06-15T06:32:58.461" intervalms="35.253" />
<cycle-start id="946" type="partial gc" contextid="0" timestamp="2019-06-15T06:32:58.461" intervalms="35.268" />
<gc-start id="947" type="partial gc" contextid="946" timestamp="2019-06-15T06:32:58.461">
  <mem-info id="948" free="63963136" total="199229440" percent="32">
    <mem type="eden" free="0" total="55574528" percent="0" />
    <arraylet-primitive objects="2" leaves="2" largest="1" />
    <remembered-set count="39104" freebytes="7796224" totalbytes="7952640" percent="98" regionsoverflowed="0" regionsstable="2" regionsrebuilding="0"/>
  </mem-info>
</gc-start>
<allocation-stats totalBytes="55566808" >
  <allocated-bytes non-tlh="0" tlh="55566808" arrayletleaf="0"/>
  <largest-consumer threadName="Thread-10" threadId="00000000018D6900" bytes="18544144" />
</allocation-stats>
<gc-op id="949" type="copy forward" timems="3.092" contextid="946" timestamp="2019-06-15T06:32:58.465">
  <memory-copied type="eden" objects="4375" bytes="106496" bytesdiscarded="0" />
  <memory-copied type="other" objects="13832" bytes="606744" bytesdiscarded="0" />
  <memory-cardclean objects="6214" bytes="303576" />
  <regions eden="53" other="2" />
  <remembered-set-cleared processed="35284" cleared="690" durationms="0.430" />
  <stringconstants candidates="4597" cleared="0"  />
</gc-op>
<gc-op id="950" type="classunload" timems="0.003" contextid="946" timestamp="2019-06-15T06:32:58.465">
  <classunload-info classloadercandidates="8" classloadersunloaded="0" classesunloaded="0" anonymousclassesunloaded="0" quiescems="0.000" setupms="0.003" scanms="0.000" postms="0.000" />
</gc-op>
<heap-resize id="951" type="expand" space="default" amount="3145728" count="1" timems="0.077" reason="excessive time being spent in gc" timestamp="2019-06-15T06:32:58.466" />
<gc-end id="952" type="partial gc" contextid="946" durationms="4.675" usertimems="4.000" systemtimems="0.000" timestamp="2019-06-15T06:32:58.466" activeThreads="1">
  <mem-info id="953" free="121634816" total="202375168" percent="60">
    <mem type="eden" free="942080" total="1048576" percent="89" />
    <arraylet-primitive objects="2" leaves="2" largest="1" />
    <remembered-set count="40352" freebytes="7916800" totalbytes="8078208" percent="98" regionsoverflowed="0" regionsstable="2" regionsrebuilding="0"/>
  </mem-info>
</gc-end>
<cycle-end id="954" type="partial gc" contextid="946" timestamp="2019-06-15T06:32:58.466" />
  <attribute name="elasticGC enabled" value="1" />
  <attribute name= "numThreadsSpecified" value="1" />
  <attribute name="heapSize specified" value="0" />
  <attribute name="Current GC Util" value="61" />
  <attribute name= "Current Time Running" value="3068" />
  <attribute name ="GC Interval" value="0" />
  <attribute name="ProportionalT" value="20.500000" />
  <attribute name="ProportionalI" value="20.500000" />
  <attribute name="ProportionalH" value="20.500000" />
  <attribute name="Current Error" value="41.000000" />
  <attribute name="IntegralT" value="0.000000" />
  <attribute name="IntegralI" value="0.000000" />
  <attribute name="IntegralH" value="0.000000" />
  <attribute name="DerivativeT" value="inf" />
  <attribute name="DerivativeI" value="inf" />
  <attribute name="DerivativeH" value="inf" />
  <attribute name="Loop Time for DT" value="0.000000" />
  <attribute name="Output H" value="8388608"/>
  <attribute name="Output I" value="200"/>
  <attribute name="Output T" value="1"/>
  <attribute name="Target GC Util Change" value ="20.000000" />
  <attribute name="Current GC Util Change" value="61.000000"/>
  <attribute name="GC Util currently" value="61" />
  <attribute name="CPU Util currently" value="17438320814540" />
<exclusive-end id="955" timestamp="2019-06-15T06:32:58.466" durationms="5.912" />

<exclusive-start id="956" timestamp="2019-06-15T06:32:58.491" intervalms="30.778">
  <response-info timems="0.036" idlems="0.036" threads="0" lastid="00000000018D2D00" lastname="Thread-8" />
</exclusive-start>
<allocation-taxation id="957" taxation-threshold="56623104" timestamp="2019-06-15T06:32:58.491" intervalms="30.753" />
<cycle-start id="958" type="partial gc" contextid="0" timestamp="2019-06-15T06:32:58.492" intervalms="30.703" />
<gc-start id="959" type="partial gc" contextid="958" timestamp="2019-06-15T06:32:58.492">
  <mem-info id="960" free="65011712" total="202375168" percent="32">
    <mem type="eden" free="0" total="56623104" percent="0" />
    <arraylet-primitive objects="2" leaves="2" largest="1" />
    <remembered-set count="40128" freebytes="7917696" totalbytes="8078208" percent="98" regionsoverflowed="0" regionsstable="2" regionsrebuilding="0"/>
  </mem-info>
</gc-start>
<allocation-stats totalBytes="56615648" >
  <allocated-bytes non-tlh="0" tlh="56615648" arrayletleaf="0"/>
  <largest-consumer threadName="Thread-10" threadId="00000000018D6900" bytes="17418056" />
</allocation-stats>
<gc-op id="961" type="copy forward" timems="3.034" contextid="958" timestamp="2019-06-15T06:32:58.496">
  <memory-copied type="eden" objects="3127" bytes="76344" bytesdiscarded="0" />
  <memory-copied type="other" objects="15208" bytes="639768" bytesdiscarded="0" />
  <memory-cardclean objects="5520" bytes="266400" />
  <regions eden="54" other="2" />
  <remembered-set-cleared processed="35974" cleared="852" durationms="0.459" />
  <stringconstants candidates="4597" cleared="0"  />
</gc-op>
<gc-op id="962" type="classunload" timems="0.002" contextid="958" timestamp="2019-06-15T06:32:58.496">
  <classunload-info classloadercandidates="8" classloadersunloaded="0" classesunloaded="0" anonymousclassesunloaded="0" quiescems="0.000" setupms="0.002" scanms="0.000" postms="0.000" />
</gc-op>
<heap-resize id="963" type="expand" space="default" amount="2097152" count="1" timems="0.071" reason="excessive time being spent in gc" timestamp="2019-06-15T06:32:58.496" />
<gc-end id="964" type="partial gc" contextid="958" durationms="4.396" usertimems="4.000" systemtimems="0.000" timestamp="2019-06-15T06:32:58.496" activeThreads="1">
  <mem-info id="965" free="122683392" total="204472320" percent="60">
    <mem type="eden" free="972232" total="1048576" percent="92" />
    <arraylet-primitive objects="2" leaves="2" largest="1" />
    <remembered-set count="42080" freebytes="7993600" totalbytes="8161920" percent="97" regionsoverflowed="0" regionsstable="2" regionsrebuilding="0"/>
  </mem-info>
</gc-end>
<cycle-end id="966" type="partial gc" contextid="958" timestamp="2019-06-15T06:32:58.496" />
  <attribute name="elasticGC enabled" value="1" />
  <attribute name= "numThreadsSpecified" value="1" />
  <attribute name="heapSize specified" value="0" />
  <attribute name="Current GC Util" value="78" />
  <attribute name= "Current Time Running" value="3099" />
  <attribute name ="GC Interval" value="0" />
  <attribute name="ProportionalT" value="29.000000" />
  <attribute name="ProportionalI" value="29.000000" />
  <attribute name="ProportionalH" value="29.000000" />
  <attribute name="Current Error" value="58.000000" />
  <attribute name="IntegralT" value="0.000000" />
  <attribute name="IntegralI" value="0.000000" />
  <attribute name="IntegralH" value="0.000000" />
  <attribute name="DerivativeT" value="inf" />
  <attribute name="DerivativeI" value="inf" />
  <attribute name="DerivativeH" value="inf" />
  <attribute name="Loop Time for DT" value="0.000000" />
  <attribute name="Output H" value="8388608"/>
  <attribute name="Output I" value="200"/>
  <attribute name="Output T" value="1"/>
  <attribute name="Target GC Util Change" value ="20.000000" />
  <attribute name="Current GC Util Change" value="78.000000"/>
  <attribute name="GC Util currently" value="78" />
  <attribute name="CPU Util currently" value="18439073375634" />
<exclusive-end id="967" timestamp="2019-06-15T06:32:58.497" durationms="5.407" />

<exclusive-start id="968" timestamp="2019-06-15T06:32:58.523" intervalms="31.780">
  <response-info timems="0.040" idlems="0.040" threads="0" lastid="00000000018DE100" lastname="Thread-7" />
</exclusive-start>
<allocation-taxation id="969" taxation-threshold="57671680" timestamp="2019-06-15T06:32:58.523" intervalms="31.758" />
<cycle-start id="970" type="partial gc" contextid="0" timestamp="2019-06-15T06:32:58.523" intervalms="31.743" />
<gc-start id="971" type="partial gc" contextid="970" timestamp="2019-06-15T06:32:58.524">
  <mem-info id="972" free="65011712" total="204472320" percent="31">
    <mem type="eden" free="0" total="57671680" percent="0" />
    <arraylet-primitive objects="2" leaves="2" largest="1" />
    <remembered-set count="41600" freebytes="7995520" totalbytes="8161920" percent="97" regionsoverflowed="0" regionsstable="2" regionsrebuilding="0"/>
  </mem-info>
</gc-start>
<allocation-stats totalBytes="57664152" >
  <allocated-bytes non-tlh="0" tlh="57664152" arrayletleaf="0"/>
  <largest-consumer threadName="Thread-10" threadId="00000000018D6900" bytes="18786048" />
</allocation-stats>
<gc-op id="973" type="copy forward" timems="2.947" contextid="970" timestamp="2019-06-15T06:32:58.527">
  <memory-copied type="eden" objects="9935" bytes="377112" bytesdiscarded="0" />
  <memory-copied type="other" objects="6924" bytes="166176" bytesdiscarded="0" />
  <memory-cardclean objects="10967" bytes="569288" />
  <regions eden="55" other="2" />
  <remembered-set-cleared processed="36456" cleared="992" durationms="0.418" />
  <stringconstants candidates="4597" cleared="0"  />
</gc-op>
<gc-op id="974" type="classunload" timems="0.003" contextid="970" timestamp="2019-06-15T06:32:58.527">
  <classunload-info classloadercandidates="8" classloadersunloaded="0" classesunloaded="0" anonymousclassesunloaded="0" quiescems="0.000" setupms="0.002" scanms="0.000" postms="0.000" />
</gc-op>
<heap-resize id="975" type="expand" space="default" amount="3145728" count="1" timems="0.065" reason="excessive time being spent in gc" timestamp="2019-06-15T06:32:58.528" />
<gc-end id="976" type="partial gc" contextid="970" durationms="4.207" usertimems="8.000" systemtimems="0.000" timestamp="2019-06-15T06:32:58.528" activeThreads="1">
  <mem-info id="977" free="124780544" total="207618048" percent="60">
    <mem type="eden" free="671464" total="1048576" percent="64" />
    <arraylet-primitive objects="2" leaves="2" largest="1" />
    <remembered-set count="43104" freebytes="8115072" totalbytes="8287488" percent="97" regionsoverflowed="0" regionsstable="2" regionsrebuilding="0"/>
  </mem-info>
</gc-end>
<cycle-end id="978" type="partial gc" contextid="970" timestamp="2019-06-15T06:32:58.528" />
  <attribute name="elasticGC enabled" value="1" />
  <attribute name= "numThreadsSpecified" value="1" />
  <attribute name="heapSize specified" value="0" />
  <attribute name="Current GC Util" value="76" />
  <attribute name= "Current Time Running" value="3130" />
  <attribute name ="GC Interval" value="0" />
  <attribute name="ProportionalT" value="28.000000" />
  <attribute name="ProportionalI" value="28.000000" />
  <attribute name="ProportionalH" value="28.000000" />
  <attribute name="Current Error" value="56.000000" />
  <attribute name="IntegralT" value="0.000000" />
  <attribute name="IntegralI" value="0.000000" />
  <attribute name="IntegralH" value="0.000000" />
  <attribute name="DerivativeT" value="inf" />
  <attribute name="DerivativeI" value="inf" />
  <attribute name="DerivativeH" value="inf" />
  <attribute name="Loop Time for DT" value="0.000000" />
  <attribute name="Output H" value="8388608"/>
  <attribute name="Output I" value="200"/>
  <attribute name="Output T" value="1"/>
  <attribute name="Target GC Util Change" value ="20.000000" />
  <attribute name="Current GC Util Change" value="76.000000"/>
  <attribute name="GC Util currently" value="76" />
  <attribute name="CPU Util currently" value="18534076598659" />
<exclusive-end id="979" timestamp="2019-06-15T06:32:58.528" durationms="5.208" />

<exclusive-start id="980" timestamp="2019-06-15T06:32:58.555" intervalms="32.378">
  <response-info timems="0.058" idlems="0.058" threads="0" lastid="00000000018DA500" lastname="Thread-9" />
</exclusive-start>
<allocation-taxation id="981" taxation-threshold="57671680" timestamp="2019-06-15T06:32:58.556" intervalms="32.423" />
<cycle-start id="982" type="partial gc" contextid="0" timestamp="2019-06-15T06:32:58.556" intervalms="32.455" />
<gc-start id="983" type="partial gc" contextid="982" timestamp="2019-06-15T06:32:58.556">
  <mem-info id="984" free="67108864" total="207618048" percent="32">
    <mem type="eden" free="0" total="57671680" percent="0" />
    <arraylet-primitive objects="2" leaves="2" largest="1" />
    <remembered-set count="42976" freebytes="8115584" totalbytes="8287488" percent="97" regionsoverflowed="0" regionsstable="2" regionsrebuilding="0"/>
  </mem-info>
</gc-start>
<allocation-stats totalBytes="57664056" >
  <allocated-bytes non-tlh="0" tlh="57664056" arrayletleaf="0"/>
  <largest-consumer threadName="Thread-7" threadId="00000000018DE100" bytes="15431696" />
</allocation-stats>
<gc-op id="985" type="copy forward" timems="3.054" contextid="982" timestamp="2019-06-15T06:32:58.560">
  <memory-copied type="eden" objects="5020" bytes="121584" bytesdiscarded="0" />
  <memory-copied type="other" objects="12530" bytes="438096" bytesdiscarded="0" />
  <memory-cardclean objects="9811" bytes="476432" />
  <regions eden="55" other="2" />
  <remembered-set-cleared processed="37386" cleared="1093" durationms="0.483" />
  <stringconstants candidates="4597" cleared="0"  />
</gc-op>
<gc-op id="986" type="classunload" timems="0.002" contextid="982" timestamp="2019-06-15T06:32:58.560">
  <classunload-info classloadercandidates="8" classloadersunloaded="0" classesunloaded="0" anonymousclassesunloaded="0" quiescems="0.000" setupms="0.002" scanms="0.000" postms="0.000" />
</gc-op>
<heap-resize id="987" type="expand" space="default" amount="2097152" count="1" timems="0.070" reason="excessive time being spent in gc" timestamp="2019-06-15T06:32:58.560" />
<gc-end id="988" type="partial gc" contextid="982" durationms="4.521" usertimems="4.000" systemtimems="0.000" timestamp="2019-06-15T06:32:58.561" activeThreads="1">
  <mem-info id="989" free="125829120" total="209715200" percent="60">
    <mem type="eden" free="926992" total="1048576" percent="88" />
    <arraylet-primitive objects="2" leaves="2" largest="1" />
    <remembered-set count="44480" freebytes="8193280" totalbytes="8371200" percent="97" regionsoverflowed="0" regionsstable="2" regionsrebuilding="0"/>
  </mem-info>
</gc-end>
<cycle-end id="990" type="partial gc" contextid="982" timestamp="2019-06-15T06:32:58.561" />
  <attribute name="elasticGC enabled" value="1" />
  <attribute name= "numThreadsSpecified" value="1" />
  <attribute name="heapSize specified" value="0" />
  <attribute name="Current GC Util" value="66" />
  <attribute name= "Current Time Running" value="3163" />
  <attribute name ="GC Interval" value="0" />
  <attribute name="ProportionalT" value="23.000000" />
  <attribute name="ProportionalI" value="23.000000" />
  <attribute name="ProportionalH" value="23.000000" />
  <attribute name="Current Error" value="46.000000" />
  <attribute name="IntegralT" value="0.000000" />
  <attribute name="IntegralI" value="0.000000" />
  <attribute name="IntegralH" value="0.000000" />
  <attribute name="DerivativeT" value="inf" />
  <attribute name="DerivativeI" value="inf" />
  <attribute name="DerivativeH" value="inf" />
  <attribute name="Loop Time for DT" value="0.000000" />
  <attribute name="Output H" value="8388608"/>
  <attribute name="Output I" value="200"/>
  <attribute name="Output T" value="1"/>
  <attribute name="Target GC Util Change" value ="20.000000" />
  <attribute name="Current GC Util Change" value="66.000000"/>
  <attribute name="GC Util currently" value="66" />
  <attribute name="CPU Util currently" value="17400027948069" />
<exclusive-end id="991" timestamp="2019-06-15T06:32:58.561" durationms="5.624" />

<exclusive-start id="992" timestamp="2019-06-15T06:32:58.583" intervalms="27.070">
  <response-info timems="0.030" idlems="0.030" threads="0" lastid="00000000018D6900" lastname="Thread-10" />
</exclusive-start>
<allocation-taxation id="993" taxation-threshold="58720256" timestamp="2019-06-15T06:32:58.583" intervalms="27.079" />
<cycle-start id="994" type="partial gc" contextid="0" timestamp="2019-06-15T06:32:58.583" intervalms="27.047" />
<gc-start id="995" type="partial gc" contextid="994" timestamp="2019-06-15T06:32:58.583">
  <mem-info id="996" free="67108864" total="209715200" percent="32">
    <mem type="eden" free="0" total="58720256" percent="0" />
    <arraylet-primitive objects="2" leaves="2" largest="1" />
    <remembered-set count="44000" freebytes="8195200" totalbytes="8371200" percent="97" regionsoverflowed="0" regionsstable="2" regionsrebuilding="0"/>
  </mem-info>
</gc-start>
<allocation-stats totalBytes="58712504" >
  <allocated-bytes non-tlh="0" tlh="58712504" arrayletleaf="0"/>
  <largest-consumer threadName="Thread-9" threadId="00000000018DA500" bytes="19138264" />
</allocation-stats>
<gc-op id="997" type="copy forward" timems="3.022" contextid="994" timestamp="2019-06-15T06:32:58.587">
  <memory-copied type="eden" objects="13971" bytes="611624" bytesdiscarded="0" />
  <memory-copied type="other" objects="5287" bytes="126888" bytesdiscarded="0" />
  <memory-cardclean objects="8607" bytes="422528" />
  <regions eden="56" other="2" />
  <remembered-set-cleared processed="38221" cleared="1191" durationms="0.466" />
  <stringconstants candidates="4597" cleared="0"  />
</gc-op>
<gc-op id="998" type="classunload" timems="0.002" contextid="994" timestamp="2019-06-15T06:32:58.587">
  <classunload-info classloadercandidates="8" classloadersunloaded="0" classesunloaded="0" anonymousclassesunloaded="0" quiescems="0.000" setupms="0.002" scanms="0.000" postms="0.000" />
</gc-op>
<heap-resize id="999" type="expand" space="default" amount="3145728" count="1" timems="0.076" reason="excessive time being spent in gc" timestamp="2019-06-15T06:32:58.587" />
<gc-end id="1000" type="partial gc" contextid="994" durationms="4.443" usertimems="4.000" systemtimems="0.000" timestamp="2019-06-15T06:32:58.588" activeThreads="1">
  <mem-info id="1001" free="127926272" total="212860928" percent="60">
    <mem type="eden" free="436952" total="1048576" percent="41" />
    <arraylet-primitive objects="2" leaves="2" largest="1" />
    <remembered-set count="44192" freebytes="8320000" totalbytes="8496768" percent="97" regionsoverflowed="0" regionsstable="2" regionsrebuilding="0"/>
  </mem-info>
</gc-end>
<cycle-end id="1002" type="partial gc" contextid="994" timestamp="2019-06-15T06:32:58.588" />
  <attribute name="elasticGC enabled" value="1" />
  <attribute name= "numThreadsSpecified" value="1" />
  <attribute name="heapSize specified" value="0" />
  <attribute name="Current GC Util" value="69" />
  <attribute name= "Current Time Running" value="3190" />
  <attribute name ="GC Interval" value="0" />
  <attribute name="ProportionalT" value="24.500000" />
  <attribute name="ProportionalI" value="24.500000" />
  <attribute name="ProportionalH" value="24.500000" />
  <attribute name="Current Error" value="49.000000" />
  <attribute name="IntegralT" value="0.000000" />
  <attribute name="IntegralI" value="0.000000" />
  <attribute name="IntegralH" value="0.000000" />
  <attribute name="DerivativeT" value="inf" />
  <attribute name="DerivativeI" value="inf" />
  <attribute name="DerivativeH" value="inf" />
  <attribute name="Loop Time for DT" value="0.000000" />
  <attribute name="Output H" value="8388608"/>
  <attribute name="Output I" value="200"/>
  <attribute name="Output T" value="1"/>
  <attribute name="Target GC Util Change" value ="20.000000" />
  <attribute name="Current GC Util Change" value="69.000000"/>
  <attribute name="GC Util currently" value="69" />
  <attribute name="CPU Util currently" value="18131972977981" />
<exclusive-end id="1003" timestamp="2019-06-15T06:32:58.588" durationms="5.496" />

<exclusive-start id="1004" timestamp="2019-06-15T06:32:58.608" intervalms="25.385">
  <response-info timems="0.032" idlems="0.032" threads="0" lastid="00000000018DE100" lastname="Thread-7" />
</exclusive-start>
<allocation-taxation id="1005" taxation-threshold="59768832" timestamp="2019-06-15T06:32:58.608" intervalms="25.395" />
<cycle-start id="1006" type="partial gc" contextid="0" timestamp="2019-06-15T06:32:58.608" intervalms="25.473" />
<gc-start id="1007" type="partial gc" contextid="1006" timestamp="2019-06-15T06:32:58.609">
  <mem-info id="1008" free="68157440" total="212860928" percent="32">
    <mem type="eden" free="0" total="59768832" percent="0" />
    <arraylet-primitive objects="2" leaves="2" largest="1" />
    <remembered-set count="44064" freebytes="8320512" totalbytes="8496768" percent="97" regionsoverflowed="0" regionsstable="2" regionsrebuilding="0"/>
  </mem-info>
</gc-start>
<allocation-stats totalBytes="59760880" >
  <allocated-bytes non-tlh="0" tlh="59760880" arrayletleaf="0"/>
  <largest-consumer threadName="Thread-9" threadId="00000000018DA500" bytes="17110912" />
</allocation-stats>
<gc-op id="1009" type="copy forward" timems="2.196" contextid="1006" timestamp="2019-06-15T06:32:58.612">
  <memory-copied type="eden" objects="21839" bytes="937280" bytesdiscarded="69856" />
  <memory-copied type="other" objects="5334" bytes="128016" bytesdiscarded="5544" />
  <memory-cardclean objects="7072" bytes="352568" />
  <regions eden="57" other="2" />
  <remembered-set-cleared processed="38603" cleared="1028" durationms="0.195" />
  <stringconstants candidates="4597" cleared="0"  />
</gc-op>
<gc-op id="1010" type="classunload" timems="0.002" contextid="1006" timestamp="2019-06-15T06:32:58.612">
  <classunload-info classloadercandidates="8" classloadersunloaded="0" classesunloaded="0" anonymousclassesunloaded="0" quiescems="0.000" setupms="0.002" scanms="0.000" postms="0.000" />
</gc-op>
<heap-resize id="1011" type="expand" space="default" amount="2097152" count="1" timems="0.070" reason="excessive time being spent in gc" timestamp="2019-06-15T06:32:58.612" />
<gc-end id="1012" type="partial gc" contextid="1006" durationms="3.592" usertimems="4.000" systemtimems="0.000" timestamp="2019-06-15T06:32:58.612" activeThreads="4">
  <mem-info id="1013" free="128974848" total="214958080" percent="60">
    <mem type="eden" free="41440" total="1048576" percent="3" />
    <arraylet-primitive objects="2" leaves="2" largest="1" />
    <remembered-set count="44448" freebytes="8402688" totalbytes="8580480" percent="97" regionsoverflowed="0" regionsstable="2" regionsrebuilding="0"/>
  </mem-info>
</gc-end>
<cycle-end id="1014" type="partial gc" contextid="1006" timestamp="2019-06-15T06:32:58.612" />
  <attribute name="elasticGC enabled" value="1" />
  <attribute name= "numThreadsSpecified" value="4" />
  <attribute name="heapSize specified" value="0" />
  <attribute name="Current GC Util" value="72" />
  <attribute name= "Current Time Running" value="3216" />
  <attribute name ="GC Interval" value="0" />
  <attribute name="ProportionalT" value="26.000000" />
  <attribute name="ProportionalI" value="26.000000" />
  <attribute name="ProportionalH" value="26.000000" />
  <attribute name="Current Error" value="52.000000" />
  <attribute name="IntegralT" value="52.000000" />
  <attribute name="IntegralI" value="52.000000" />
  <attribute name="IntegralH" value="52.000000" />
  <attribute name="DerivativeT" value="52.000000" />
  <attribute name="DerivativeI" value="52.000000" />
  <attribute name="DerivativeH" value="52.000000" />
  <attribute name="Loop Time for DT" value="1.000000" />
  <attribute name="Output H" value="8388608"/>
  <attribute name="Output I" value="200"/>
  <attribute name="Output T" value="4"/>
  <attribute name="Target GC Util Change" value ="20.000000" />
  <attribute name="Current GC Util Change" value="72.000000"/>
  <attribute name="GC Util currently" value="72" />
  <attribute name="CPU Util currently" value="18672683498785" />
<exclusive-end id="1015" timestamp="2019-06-15T06:32:58.613" durationms="4.790" />

<exclusive-start id="1016" timestamp="2019-06-15T06:32:58.631" intervalms="22.621">
  <response-info timems="0.034" idlems="0.034" threads="0" lastid="00000000018DA500" lastname="Thread-9" />
</exclusive-start>
<allocation-taxation id="1017" taxation-threshold="59768832" timestamp="2019-06-15T06:32:58.631" intervalms="22.578" />
<cycle-start id="1018" type="partial gc" contextid="0" timestamp="2019-06-15T06:32:58.631" intervalms="22.476" />
<gc-start id="1019" type="partial gc" contextid="1018" timestamp="2019-06-15T06:32:58.631">
  <mem-info id="1020" free="69206016" total="214958080" percent="32">
    <mem type="eden" free="0" total="59768832" percent="0" />
    <arraylet-primitive objects="2" leaves="2" largest="1" />
    <remembered-set count="44224" freebytes="8403584" totalbytes="8580480" percent="97" regionsoverflowed="0" regionsstable="2" regionsrebuilding="0"/>
  </mem-info>
</gc-start>
<allocation-stats totalBytes="59761640" >
  <allocated-bytes non-tlh="0" tlh="59761640" arrayletleaf="0"/>
  <largest-consumer threadName="Thread-9" threadId="00000000018DA500" bytes="15903144" />
</allocation-stats>
<gc-op id="1021" type="copy forward" timems="3.667" contextid="1018" timestamp="2019-06-15T06:32:58.636">
  <memory-copied type="eden" objects="14202" bytes="616928" bytesdiscarded="0" />
  <memory-copied type="other" objects="18143" bytes="710184" bytesdiscarded="0" />
  <memory-cardclean objects="4536" bytes="231344" />
  <regions eden="57" other="2" />
  <remembered-set-cleared processed="39224" cleared="1012" durationms="0.444" />
  <stringconstants candidates="4597" cleared="0"  />
</gc-op>
<gc-op id="1022" type="classunload" timems="0.002" contextid="1018" timestamp="2019-06-15T06:32:58.636">
  <classunload-info classloadercandidates="8" classloadersunloaded="0" classesunloaded="0" anonymousclassesunloaded="0" quiescems="0.000" setupms="0.001" scanms="0.000" postms="0.000" />
</gc-op>
<heap-resize id="1023" type="expand" space="default" amount="3145728" count="1" timems="0.066" reason="excessive time being spent in gc" timestamp="2019-06-15T06:32:58.636" />
<gc-end id="1024" type="partial gc" contextid="1018" durationms="4.956" usertimems="4.000" systemtimems="0.000" timestamp="2019-06-15T06:32:58.636" activeThreads="1">
  <mem-info id="1025" free="131072000" total="218103808" percent="60">
    <mem type="eden" free="431648" total="1048576" percent="41" />
    <arraylet-primitive objects="2" leaves="2" largest="1" />
    <remembered-set count="45088" freebytes="8525696" totalbytes="8706048" percent="97" regionsoverflowed="0" regionsstable="2" regionsrebuilding="0"/>
  </mem-info>
</gc-end>
<cycle-end id="1026" type="partial gc" contextid="1018" timestamp="2019-06-15T06:32:58.636" />
  <attribute name="elasticGC enabled" value="1" />
  <attribute name= "numThreadsSpecified" value="1" />
  <attribute name="heapSize specified" value="0" />
  <attribute name="Current GC Util" value="68" />
  <attribute name= "Current Time Running" value="3238" />
  <attribute name ="GC Interval" value="0" />
  <attribute name="ProportionalT" value="24.000000" />
  <attribute name="ProportionalI" value="24.000000" />
  <attribute name="ProportionalH" value="24.000000" />
  <attribute name="Current Error" value="48.000000" />
  <attribute name="IntegralT" value="0.000000" />
  <attribute name="IntegralI" value="0.000000" />
  <attribute name="IntegralH" value="0.000000" />
  <attribute name="DerivativeT" value="inf" />
  <attribute name="DerivativeI" value="inf" />
  <attribute name="DerivativeH" value="inf" />
  <attribute name="Loop Time for DT" value="0.000000" />
  <attribute name="Output H" value="8388608"/>
  <attribute name="Output I" value="200"/>
  <attribute name="Output T" value="1"/>
  <attribute name="Target GC Util Change" value ="20.000000" />
  <attribute name="Current GC Util Change" value="68.000000"/>
  <attribute name="GC Util currently" value="68" />
  <attribute name="CPU Util currently" value="20669269207085" />
<exclusive-end id="1027" timestamp="2019-06-15T06:32:58.637" durationms="6.036" />

<exclusive-start id="1028" timestamp="2019-06-15T06:32:58.656" intervalms="25.003">
  <response-info timems="0.030" idlems="0.030" threads="0" lastid="00000000018D6900" lastname="Thread-10" />
</exclusive-start>
<allocation-taxation id="1029" taxation-threshold="60817408" timestamp="2019-06-15T06:32:58.656" intervalms="25.045" />
<cycle-start id="1030" type="partial gc" contextid="0" timestamp="2019-06-15T06:32:58.656" intervalms="25.160" />
<gc-start id="1031" type="partial gc" contextid="1030" timestamp="2019-06-15T06:32:58.656">
  <mem-info id="1032" free="70254592" total="218103808" percent="32">
    <mem type="eden" free="0" total="60817408" percent="0" />
    <arraylet-primitive objects="2" leaves="2" largest="1" />
    <remembered-set count="44832" freebytes="8526720" totalbytes="8706048" percent="97" regionsoverflowed="0" regionsstable="2" regionsrebuilding="0"/>
  </mem-info>
</gc-start>
<allocation-stats totalBytes="60810208" >
  <allocated-bytes non-tlh="0" tlh="60810208" arrayletleaf="0"/>
  <largest-consumer threadName="Thread-10" threadId="00000000018D6900" bytes="17188816" />
</allocation-stats>
<gc-op id="1033" type="copy forward" timems="3.979" contextid="1030" timestamp="2019-06-15T06:32:58.661">
  <memory-copied type="eden" objects="10020" bytes="379280" bytesdiscarded="0" />
  <memory-copied type="other" objects="23478" bytes="975600" bytesdiscarded="0" />
  <memory-cardclean objects="4536" bytes="231344" />
  <regions eden="58" other="3" />
  <remembered-set-cleared processed="39441" cleared="1229" durationms="0.440" />
  <stringconstants candidates="4597" cleared="0"  />
</gc-op>
<gc-op id="1034" type="classunload" timems="0.002" contextid="1030" timestamp="2019-06-15T06:32:58.661">
  <classunload-info classloadercandidates="8" classloadersunloaded="0" classesunloaded="0" anonymousclassesunloaded="0" quiescems="0.000" setupms="0.001" scanms="0.000" postms="0.000" />
</gc-op>
<heap-resize id="1035" type="expand" space="default" amount="2097152" count="1" timems="0.060" reason="excessive time being spent in gc" timestamp="2019-06-15T06:32:58.662" />
<gc-end id="1036" type="partial gc" contextid="1030" durationms="5.367" usertimems="0.000" systemtimems="4.000" timestamp="2019-06-15T06:32:58.662" activeThreads="1">
  <mem-info id="1037" free="132120576" total="220200960" percent="60">
    <mem type="eden" free="669296" total="1048576" percent="63" />
    <arraylet-primitive objects="2" leaves="2" largest="1" />
    <remembered-set count="45600" freebytes="8607360" totalbytes="8789760" percent="97" regionsoverflowed="0" regionsstable="2" regionsrebuilding="0"/>
  </mem-info>
</gc-end>
<cycle-end id="1038" type="partial gc" contextid="1030" timestamp="2019-06-15T06:32:58.662" />
  <attribute name="elasticGC enabled" value="1" />
  <attribute name= "numThreadsSpecified" value="1" />
  <attribute name="heapSize specified" value="0" />
  <attribute name="Current GC Util" value="81" />
  <attribute name= "Current Time Running" value="3263" />
  <attribute name ="GC Interval" value="0" />
  <attribute name="ProportionalT" value="30.500000" />
  <attribute name="ProportionalI" value="30.500000" />
  <attribute name="ProportionalH" value="30.500000" />
  <attribute name="Current Error" value="61.000000" />
  <attribute name="IntegralT" value="0.000000" />
  <attribute name="IntegralI" value="0.000000" />
  <attribute name="IntegralH" value="0.000000" />
  <attribute name="DerivativeT" value="inf" />
  <attribute name="DerivativeI" value="inf" />
  <attribute name="DerivativeH" value="inf" />
  <attribute name="Loop Time for DT" value="0.000000" />
  <attribute name="Output H" value="8388608"/>
  <attribute name="Output I" value="200"/>
  <attribute name="Output T" value="1"/>
  <attribute name="Target GC Util Change" value ="20.000000" />
  <attribute name="Current GC Util Change" value="81.000000"/>
  <attribute name="GC Util currently" value="81" />
  <attribute name="CPU Util currently" value="18295477023272" />
<exclusive-end id="1039" timestamp="2019-06-15T06:32:58.662" durationms="6.608" />

<exclusive-start id="1040" timestamp="2019-06-15T06:32:58.683" intervalms="27.610">
  <response-info timems="0.211" idlems="0.211" threads="0" lastid="00000000018D6900" lastname="Thread-10" />
</exclusive-start>
<allocation-taxation id="1041" taxation-threshold="60817408" timestamp="2019-06-15T06:32:58.683" intervalms="27.600" />
<cycle-start id="1042" type="partial gc" contextid="0" timestamp="2019-06-15T06:32:58.684" intervalms="27.590" />
<gc-start id="1043" type="partial gc" contextid="1042" timestamp="2019-06-15T06:32:58.684">
  <mem-info id="1044" free="71303168" total="220200960" percent="32">
    <mem type="eden" free="0" total="60817408" percent="0" />
    <arraylet-primitive objects="2" leaves="2" largest="1" />
    <remembered-set count="45408" freebytes="8608128" totalbytes="8789760" percent="97" regionsoverflowed="0" regionsstable="2" regionsrebuilding="0"/>
  </mem-info>
</gc-start>
<allocation-stats totalBytes="60809768" >
  <allocated-bytes non-tlh="0" tlh="60809768" arrayletleaf="0"/>
  <largest-consumer threadName="Thread-10" threadId="00000000018D6900" bytes="18814752" />
</allocation-stats>
<gc-op id="1045" type="copy forward" timems="3.602" contextid="1042" timestamp="2019-06-15T06:32:58.688">
  <memory-copied type="eden" objects="9012" bytes="355208" bytesdiscarded="0" />
  <memory-copied type="other" objects="21182" bytes="920496" bytesdiscarded="0" />
  <memory-cardclean objects="2070" bytes="108920" />
  <regions eden="58" other="3" />
  <remembered-set-cleared processed="39936" cleared="1035" durationms="0.490" />
  <stringconstants candidates="4597" cleared="0"  />
</gc-op>
<gc-op id="1046" type="classunload" timems="0.002" contextid="1042" timestamp="2019-06-15T06:32:58.689">
  <classunload-info classloadercandidates="8" classloadersunloaded="0" classesunloaded="0" anonymousclassesunloaded="0" quiescems="0.000" setupms="0.002" scanms="0.000" postms="0.000" />
</gc-op>
<heap-resize id="1047" type="expand" space="default" amount="3145728" count="1" timems="0.077" reason="excessive time being spent in gc" timestamp="2019-06-15T06:32:58.689" />
<gc-end id="1048" type="partial gc" contextid="1042" durationms="5.118" usertimems="4.000" systemtimems="0.000" timestamp="2019-06-15T06:32:58.689" activeThreads="1">
  <mem-info id="1049" free="134217728" total="223346688" percent="60">
    <mem type="eden" free="693368" total="1048576" percent="66" />
    <arraylet-primitive objects="2" leaves="2" largest="1" />
    <remembered-set count="45760" freebytes="8732288" totalbytes="8915328" percent="97" regionsoverflowed="0" regionsstable="2" regionsrebuilding="0"/>
  </mem-info>
</gc-end>
<cycle-end id="1050" type="partial gc" contextid="1042" timestamp="2019-06-15T06:32:58.689" />
  <attribute name="elasticGC enabled" value="1" />
  <attribute name= "numThreadsSpecified" value="1" />
  <attribute name="heapSize specified" value="0" />
  <attribute name="Current GC Util" value="71" />
  <attribute name= "Current Time Running" value="3291" />
  <attribute name ="GC Interval" value="0" />
  <attribute name="ProportionalT" value="25.500000" />
  <attribute name="ProportionalI" value="25.500000" />
  <attribute name="ProportionalH" value="25.500000" />
  <attribute name="Current Error" value="51.000000" />
  <attribute name="IntegralT" value="0.000000" />
  <attribute name="IntegralI" value="0.000000" />
  <attribute name="IntegralH" value="0.000000" />
  <attribute name="DerivativeT" value="inf" />
  <attribute name="DerivativeI" value="inf" />
  <attribute name="DerivativeH" value="inf" />
  <attribute name="Loop Time for DT" value="0.000000" />
  <attribute name="Output H" value="8388608"/>
  <attribute name="Output I" value="200"/>
  <attribute name="Output T" value="1"/>
  <attribute name="Target GC Util Change" value ="20.000000" />
  <attribute name="Current GC Util Change" value="71.000000"/>
  <attribute name="GC Util currently" value="71" />
  <attribute name="CPU Util currently" value="17966464497827" />
<exclusive-end id="1051" timestamp="2019-06-15T06:32:58.689" durationms="6.325" />

<exclusive-start id="1052" timestamp="2019-06-15T06:32:58.713" intervalms="30.087">
  <response-info timems="0.049" idlems="0.049" threads="0" lastid="00000000018D2D00" lastname="Thread-8" />
</exclusive-start>
<allocation-taxation id="1053" taxation-threshold="61865984" timestamp="2019-06-15T06:32:58.713" intervalms="30.052" />
<cycle-start id="1054" type="partial gc" contextid="0" timestamp="2019-06-15T06:32:58.714" intervalms="29.973" />
<gc-start id="1055" type="partial gc" contextid="1054" timestamp="2019-06-15T06:32:58.714">
  <mem-info id="1056" free="72351744" total="223346688" percent="32">
    <mem type="eden" free="0" total="61865984" percent="0" />
    <arraylet-primitive objects="2" leaves="2" largest="1" />
    <remembered-set count="45504" freebytes="8733312" totalbytes="8915328" percent="97" regionsoverflowed="0" regionsstable="2" regionsrebuilding="0"/>
  </mem-info>
</gc-start>
<allocation-stats totalBytes="61858224" >
  <allocated-bytes non-tlh="0" tlh="61858224" arrayletleaf="0"/>
  <largest-consumer threadName="Thread-8" threadId="00000000018D2D00" bytes="17922320" />
</allocation-stats>
<gc-op id="1057" type="copy forward" timems="2.458" contextid="1054" timestamp="2019-06-15T06:32:58.717">
  <memory-copied type="eden" objects="9944" bytes="377208" bytesdiscarded="22592" />
  <memory-copied type="other" objects="16522" bytes="671280" bytesdiscarded="22984" />
  <memory-cardclean objects="7388" bytes="397784" />
  <regions eden="59" other="2" />
  <remembered-set-cleared processed="40225" cleared="634" durationms="0.189" />
  <stringconstants candidates="4597" cleared="0"  />
</gc-op>
<gc-op id="1058" type="classunload" timems="0.002" contextid="1054" timestamp="2019-06-15T06:32:58.717">
  <classunload-info classloadercandidates="8" classloadersunloaded="0" classesunloaded="0" anonymousclassesunloaded="0" quiescems="0.000" setupms="0.002" scanms="0.000" postms="0.000" />
</gc-op>
<heap-resize id="1059" type="expand" space="default" amount="2097152" count="1" timems="0.070" reason="excessive time being spent in gc" timestamp="2019-06-15T06:32:58.717" />
<gc-end id="1060" type="partial gc" contextid="1054" durationms="3.679" usertimems="8.000" systemtimems="0.000" timestamp="2019-06-15T06:32:58.717" activeThreads="4">
  <mem-info id="1061" free="135266304" total="225443840" percent="60">
    <mem type="eden" free="648776" total="1048576" percent="61" />
    <arraylet-primitive objects="2" leaves="2" largest="1" />
    <remembered-set count="46560" freebytes="8812800" totalbytes="8999040" percent="97" regionsoverflowed="0" regionsstable="2" regionsrebuilding="0"/>
  </mem-info>
</gc-end>
<cycle-end id="1062" type="partial gc" contextid="1054" timestamp="2019-06-15T06:32:58.718" />
  <attribute name="elasticGC enabled" value="1" />
  <attribute name= "numThreadsSpecified" value="4" />
  <attribute name="heapSize specified" value="0" />
  <attribute name="Current GC Util" value="79" />
  <attribute name= "Current Time Running" value="3321" />
  <attribute name ="GC Interval" value="0" />
  <attribute name="ProportionalT" value="29.500000" />
  <attribute name="ProportionalI" value="29.500000" />
  <attribute name="ProportionalH" value="29.500000" />
  <attribute name="Current Error" value="59.000000" />
  <attribute name="IntegralT" value="59.000000" />
  <attribute name="IntegralI" value="59.000000" />
  <attribute name="IntegralH" value="59.000000" />
  <attribute name="DerivativeT" value="59.000000" />
  <attribute name="DerivativeI" value="59.000000" />
  <attribute name="DerivativeH" value="59.000000" />
  <attribute name="Loop Time for DT" value="1.000000" />
  <attribute name="Output H" value="8388608"/>
  <attribute name="Output I" value="200"/>
  <attribute name="Output T" value="4"/>
  <attribute name="Target GC Util Change" value ="20.000000" />
  <attribute name="Current GC Util Change" value="79.000000"/>
  <attribute name="GC Util currently" value="79" />
  <attribute name="CPU Util currently" value="19245108090310" />
<exclusive-end id="1063" timestamp="2019-06-15T06:32:58.718" durationms="4.596" />

<exclusive-start id="1064" timestamp="2019-06-15T06:32:58.741" intervalms="27.357">
  <response-info timems="0.032" idlems="0.032" threads="0" lastid="00000000018DE100" lastname="Thread-7" />
</exclusive-start>
<allocation-taxation id="1065" taxation-threshold="62914560" timestamp="2019-06-15T06:32:58.741" intervalms="27.412" />
<cycle-start id="1066" type="partial gc" contextid="0" timestamp="2019-06-15T06:32:58.741" intervalms="27.446" />
<gc-start id="1067" type="partial gc" contextid="1066" timestamp="2019-06-15T06:32:58.741">
  <mem-info id="1068" free="72351744" total="225443840" percent="32">
    <mem type="eden" free="0" total="62914560" percent="0" />
    <arraylet-primitive objects="2" leaves="2" largest="1" />
    <remembered-set count="46496" freebytes="8813056" totalbytes="8999040" percent="97" regionsoverflowed="0" regionsstable="2" regionsrebuilding="0"/>
  </mem-info>
</gc-start>
<allocation-stats totalBytes="62907000" >
  <allocated-bytes non-tlh="0" tlh="62907000" arrayletleaf="0"/>
  <largest-consumer threadName="Thread-8" threadId="00000000018D2D00" bytes="20297464" />
</allocation-stats>
<gc-op id="1069" type="copy forward" timems="3.332" contextid="1066" timestamp="2019-06-15T06:32:58.745">
  <memory-copied type="eden" objects="4078" bytes="98968" bytesdiscarded="0" />
  <memory-copied type="other" objects="18421" bytes="716856" bytesdiscarded="0" />
  <memory-cardclean objects="8493" bytes="432128" />
  <regions eden="60" other="2" />
  <remembered-set-cleared processed="40951" cleared="919" durationms="0.452" />
  <stringconstants candidates="4597" cleared="0"  />
</gc-op>
<gc-op id="1070" type="classunload" timems="0.002" contextid="1066" timestamp="2019-06-15T06:32:58.745">
  <classunload-info classloadercandidates="8" classloadersunloaded="0" classesunloaded="0" anonymousclassesunloaded="0" quiescems="0.000" setupms="0.002" scanms="0.000" postms="0.000" />
</gc-op>
<heap-resize id="1071" type="expand" space="default" amount="3145728" count="1" timems="0.068" reason="excessive time being spent in gc" timestamp="2019-06-15T06:32:58.746" />
<gc-end id="1072" type="partial gc" contextid="1066" durationms="4.514" usertimems="0.000" systemtimems="4.000" timestamp="2019-06-15T06:32:58.746" activeThreads="1">
  <mem-info id="1073" free="137363456" total="228589568" percent="60">
    <mem type="eden" free="949608" total="1048576" percent="90" />
    <arraylet-primitive objects="2" leaves="2" largest="1" />
    <remembered-set count="47520" freebytes="8934528" totalbytes="9124608" percent="97" regionsoverflowed="0" regionsstable="2" regionsrebuilding="0"/>
  </mem-info>
</gc-end>
<cycle-end id="1074" type="partial gc" contextid="1066" timestamp="2019-06-15T06:32:58.746" />
  <attribute name="elasticGC enabled" value="1" />
  <attribute name= "numThreadsSpecified" value="1" />
  <attribute name="heapSize specified" value="0" />
  <attribute name="Current GC Util" value="78" />
  <attribute name= "Current Time Running" value="3348" />
  <attribute name ="GC Interval" value="0" />
  <attribute name="ProportionalT" value="29.000000" />
  <attribute name="ProportionalI" value="29.000000" />
  <attribute name="ProportionalH" value="29.000000" />
  <attribute name="Current Error" value="58.000000" />
  <attribute name="IntegralT" value="0.000000" />
  <attribute name="IntegralI" value="0.000000" />
  <attribute name="IntegralH" value="0.000000" />
  <attribute name="DerivativeT" value="inf" />
  <attribute name="DerivativeI" value="inf" />
  <attribute name="DerivativeH" value="inf" />
  <attribute name="Loop Time for DT" value="0.000000" />
  <attribute name="Output H" value="8388608"/>
  <attribute name="Output I" value="200"/>
  <attribute name="Output T" value="1"/>
  <attribute name="Target GC Util Change" value ="20.000000" />
  <attribute name="Current GC Util Change" value="78.000000"/>
  <attribute name="GC Util currently" value="78" />
  <attribute name="CPU Util currently" value="20776355179156" />
<exclusive-end id="1075" timestamp="2019-06-15T06:32:58.746" durationms="5.682" />

<exclusive-start id="1076" timestamp="2019-06-15T06:32:58.768" intervalms="27.571">
  <response-info timems="0.046" idlems="0.046" threads="0" lastid="00000000018D6900" lastname="Thread-10" />
</exclusive-start>
<allocation-taxation id="1077" taxation-threshold="62914560" timestamp="2019-06-15T06:32:58.768" intervalms="27.555" />
<cycle-start id="1078" type="partial gc" contextid="0" timestamp="2019-06-15T06:32:58.769" intervalms="27.594" />
<gc-start id="1079" type="partial gc" contextid="1078" timestamp="2019-06-15T06:32:58.769">
  <mem-info id="1080" free="74448896" total="228589568" percent="32">
    <mem type="eden" free="0" total="62914560" percent="0" />
    <arraylet-primitive objects="2" leaves="2" largest="1" />
    <remembered-set count="47360" freebytes="8935168" totalbytes="9124608" percent="97" regionsoverflowed="0" regionsstable="2" regionsrebuilding="0"/>
  </mem-info>
</gc-start>
<allocation-stats totalBytes="62906552" >
  <allocated-bytes non-tlh="0" tlh="62906552" arrayletleaf="0"/>
  <largest-consumer threadName="Thread-8" threadId="00000000018D2D00" bytes="19424936" />
</allocation-stats>
<gc-op id="1081" type="copy forward" timems="1.876" contextid="1078" timestamp="2019-06-15T06:32:58.771">
  <memory-copied type="eden" objects="3760" bytes="91912" bytesdiscarded="4248" />
  <memory-copied type="other" objects="17259" bytes="551592" bytesdiscarded="35480" />
  <memory-cardclean objects="14691" bytes="741536" />
  <regions eden="60" other="3" />
  <remembered-set-cleared processed="41339" cleared="4109" durationms="0.183" />
  <stringconstants candidates="4597" cleared="0"  />
</gc-op>
<gc-op id="1082" type="classunload" timems="0.002" contextid="1078" timestamp="2019-06-15T06:32:58.772">
  <classunload-info classloadercandidates="8" classloadersunloaded="0" classesunloaded="0" anonymousclassesunloaded="0" quiescems="0.000" setupms="0.002" scanms="0.000" postms="0.000" />
</gc-op>
<heap-resize id="1083" type="expand" space="default" amount="2097152" count="1" timems="0.062" reason="excessive time being spent in gc" timestamp="2019-06-15T06:32:58.772" />
<gc-end id="1084" type="partial gc" contextid="1078" durationms="2.962" usertimems="8.000" systemtimems="0.000" timestamp="2019-06-15T06:32:58.772" activeThreads="4">
  <mem-info id="1085" free="138412032" total="230686720" percent="60">
    <mem type="eden" free="952416" total="1048576" percent="90" />
    <arraylet-primitive objects="2" leaves="2" largest="1" />
    <remembered-set count="45952" freebytes="9024512" totalbytes="9208320" percent="98" regionsoverflowed="0" regionsstable="2" regionsrebuilding="0"/>
  </mem-info>
</gc-end>
<cycle-end id="1086" type="partial gc" contextid="1078" timestamp="2019-06-15T06:32:58.772" />
  <attribute name="elasticGC enabled" value="1" />
  <attribute name= "numThreadsSpecified" value="4" />
  <attribute name="heapSize specified" value="0" />
  <attribute name="Current GC Util" value="77" />
  <attribute name= "Current Time Running" value="3376" />
  <attribute name ="GC Interval" value="0" />
  <attribute name="ProportionalT" value="28.500000" />
  <attribute name="ProportionalI" value="28.500000" />
  <attribute name="ProportionalH" value="28.500000" />
  <attribute name="Current Error" value="57.000000" />
  <attribute name="IntegralT" value="57.000000" />
  <attribute name="IntegralI" value="57.000000" />
  <attribute name="IntegralH" value="57.000000" />
  <attribute name="DerivativeT" value="57.000000" />
  <attribute name="DerivativeI" value="57.000000" />
  <attribute name="DerivativeH" value="57.000000" />
  <attribute name="Loop Time for DT" value="1.000000" />
  <attribute name="Output H" value="8388608"/>
  <attribute name="Output I" value="200"/>
  <attribute name="Output T" value="4"/>
  <attribute name="Target GC Util Change" value ="20.000000" />
  <attribute name="Current GC Util Change" value="77.000000"/>
  <attribute name="GC Util currently" value="77" />
  <attribute name="CPU Util currently" value="19518133403987" />
<exclusive-end id="1087" timestamp="2019-06-15T06:32:58.772" durationms="4.116" />

<exclusive-start id="1088" timestamp="2019-06-15T06:32:58.794" intervalms="25.686">
  <response-info timems="0.032" idlems="0.032" threads="0" lastid="00000000018D2D00" lastname="Thread-8" />
</exclusive-start>
<allocation-taxation id="1089" taxation-threshold="63963136" timestamp="2019-06-15T06:32:58.794" intervalms="25.654" />
<cycle-start id="1090" type="partial gc" contextid="0" timestamp="2019-06-15T06:32:58.794" intervalms="25.592" />
<gc-start id="1091" type="partial gc" contextid="1090" timestamp="2019-06-15T06:32:58.794">
  <mem-info id="1092" free="74448896" total="230686720" percent="32">
    <mem type="eden" free="0" total="63963136" percent="0" />
    <arraylet-primitive objects="2" leaves="2" largest="1" />
    <remembered-set count="45600" freebytes="9025920" totalbytes="9208320" percent="98" regionsoverflowed="0" regionsstable="2" regionsrebuilding="0"/>
  </mem-info>
</gc-start>
<allocation-stats totalBytes="63955104" >
  <allocated-bytes non-tlh="0" tlh="63955104" arrayletleaf="0"/>
  <largest-consumer threadName="Thread-10" threadId="00000000018D6900" bytes="19351416" />
</allocation-stats>
<gc-op id="1093" type="copy forward" timems="3.159" contextid="1090" timestamp="2019-06-15T06:32:58.798">
  <memory-copied type="eden" objects="10788" bytes="398200" bytesdiscarded="0" />
  <memory-copied type="other" objects="7302" bytes="175248" bytesdiscarded="0" />
  <memory-cardclean objects="13251" bytes="659768" />
  <regions eden="61" other="2" />
  <remembered-set-cleared processed="40394" cleared="1076" durationms="0.464" />
  <stringconstants candidates="4597" cleared="0"  />
</gc-op>
<gc-op id="1094" type="classunload" timems="0.002" contextid="1090" timestamp="2019-06-15T06:32:58.798">
  <classunload-info classloadercandidates="8" classloadersunloaded="0" classesunloaded="0" anonymousclassesunloaded="0" quiescems="0.000" setupms="0.002" scanms="0.000" postms="0.000" />
</gc-op>
<heap-resize id="1095" type="expand" space="default" amount="3145728" count="1" timems="0.067" reason="excessive time being spent in gc" timestamp="2019-06-15T06:32:58.799" />
<gc-end id="1096" type="partial gc" contextid="1090" durationms="4.351" usertimems="4.000" systemtimems="0.000" timestamp="2019-06-15T06:32:58.799" activeThreads="1">
  <mem-info id="1097" free="140509184" total="233832448" percent="60">
    <mem type="eden" free="650376" total="1048576" percent="62" />
    <arraylet-primitive objects="2" leaves="2" largest="1" />
    <remembered-set count="46720" freebytes="9147008" totalbytes="9333888" percent="97" regionsoverflowed="0" regionsstable="2" regionsrebuilding="0"/>
  </mem-info>
</gc-end>
<cycle-end id="1098" type="partial gc" contextid="1090" timestamp="2019-06-15T06:32:58.799" />
  <attribute name="elasticGC enabled" value="1" />
  <attribute name= "numThreadsSpecified" value="1" />
  <attribute name="heapSize specified" value="0" />
  <attribute name="Current GC Util" value="62" />
  <attribute name= "Current Time Running" value="3401" />
  <attribute name ="GC Interval" value="0" />
  <attribute name="ProportionalT" value="21.000000" />
  <attribute name="ProportionalI" value="21.000000" />
  <attribute name="ProportionalH" value="21.000000" />
  <attribute name="Current Error" value="42.000000" />
  <attribute name="IntegralT" value="0.000000" />
  <attribute name="IntegralI" value="0.000000" />
  <attribute name="IntegralH" value="0.000000" />
  <attribute name="DerivativeT" value="inf" />
  <attribute name="DerivativeI" value="inf" />
  <attribute name="DerivativeH" value="inf" />
  <attribute name="Loop Time for DT" value="0.000000" />
  <attribute name="Output H" value="8388608"/>
  <attribute name="Output I" value="200"/>
  <attribute name="Output T" value="1"/>
  <attribute name="Target GC Util Change" value ="20.000000" />
  <attribute name="Current GC Util Change" value="62.000000"/>
  <attribute name="GC Util currently" value="62" />
  <attribute name="CPU Util currently" value="19993782976106" />
<exclusive-end id="1099" timestamp="2019-06-15T06:32:58.799" durationms="5.293" />

<exclusive-start id="1100" timestamp="2019-06-15T06:32:58.821" intervalms="27.450">
  <response-info timems="0.037" idlems="0.037" threads="0" lastid="00000000018D6900" lastname="Thread-10" />
</exclusive-start>
<allocation-taxation id="1101" taxation-threshold="65011712" timestamp="2019-06-15T06:32:58.822" intervalms="27.488" />
<cycle-start id="1102" type="partial gc" contextid="0" timestamp="2019-06-15T06:32:58.822" intervalms="27.470" />
<gc-start id="1103" type="partial gc" contextid="1102" timestamp="2019-06-15T06:32:58.822">
  <mem-info id="1104" free="75497472" total="233832448" percent="32">
    <mem type="eden" free="0" total="65011712" percent="0" />
    <arraylet-primitive objects="2" leaves="2" largest="1" />
    <remembered-set count="46336" freebytes="9148544" totalbytes="9333888" percent="98" regionsoverflowed="0" regionsstable="2" regionsrebuilding="0"/>
  </mem-info>
</gc-start>
<allocation-stats totalBytes="65003416" >
  <allocated-bytes non-tlh="0" tlh="65003416" arrayletleaf="0"/>
  <largest-consumer threadName="Thread-8" threadId="00000000018D2D00" bytes="18523768" />
</allocation-stats>
<gc-op id="1105" type="copy forward" timems="4.418" contextid="1102" timestamp="2019-06-15T06:32:58.827">
  <memory-copied type="eden" objects="22750" bytes="959704" bytesdiscarded="0" />
  <memory-copied type="other" objects="13883" bytes="470568" bytesdiscarded="0" />
  <memory-cardclean objects="10738" bytes="532496" />
  <regions eden="62" other="2" />
  <remembered-set-cleared processed="41341" cleared="1319" durationms="0.473" />
  <stringconstants candidates="4597" cleared="0"  />
</gc-op>
<gc-op id="1106" type="classunload" timems="0.003" contextid="1102" timestamp="2019-06-15T06:32:58.827">
  <classunload-info classloadercandidates="8" classloadersunloaded="0" classesunloaded="0" anonymousclassesunloaded="0" quiescems="0.000" setupms="0.002" scanms="0.000" postms="0.000" />
</gc-op>
<heap-resize id="1107" type="expand" space="default" amount="2097152" count="1" timems="0.063" reason="excessive time being spent in gc" timestamp="2019-06-15T06:32:58.828" />
<gc-end id="1108" type="partial gc" contextid="1102" durationms="5.817" usertimems="8.000" systemtimems="0.000" timestamp="2019-06-15T06:32:58.828" activeThreads="1">
  <mem-info id="1109" free="141557760" total="235929600" percent="60">
    <mem type="eden" free="88872" total="1048576" percent="8" />
    <arraylet-primitive objects="2" leaves="2" largest="1" />
    <remembered-set count="47424" freebytes="9227904" totalbytes="9417600" percent="97" regionsoverflowed="0" regionsstable="2" regionsrebuilding="0"/>
  </mem-info>
</gc-end>
<cycle-end id="1110" type="partial gc" contextid="1102" timestamp="2019-06-15T06:32:58.828" />
  <attribute name="elasticGC enabled" value="1" />
  <attribute name= "numThreadsSpecified" value="1" />
  <attribute name="heapSize specified" value="0" />
  <attribute name="Current GC Util" value="74" />
  <attribute name= "Current Time Running" value="3429" />
  <attribute name ="GC Interval" value="0" />
  <attribute name="ProportionalT" value="27.000000" />
  <attribute name="ProportionalI" value="27.000000" />
  <attribute name="ProportionalH" value="27.000000" />
  <attribute name="Current Error" value="54.000000" />
  <attribute name="IntegralT" value="0.000000" />
  <attribute name="IntegralI" value="0.000000" />
  <attribute name="IntegralH" value="0.000000" />
  <attribute name="DerivativeT" value="inf" />
  <attribute name="DerivativeI" value="inf" />
  <attribute name="DerivativeH" value="inf" />
  <attribute name="Loop Time for DT" value="0.000000" />
  <attribute name="Output H" value="8388608"/>
  <attribute name="Output I" value="200"/>
  <attribute name="Output T" value="1"/>
  <attribute name="Target GC Util Change" value ="20.000000" />
  <attribute name="Current GC Util Change" value="74.000000"/>
  <attribute name="GC Util currently" value="74" />
  <attribute name="CPU Util currently" value="19115796916180" />
<exclusive-end id="1111" timestamp="2019-06-15T06:32:58.828" durationms="6.934" />

<exclusive-start id="1112" timestamp="2019-06-15T06:32:58.851" intervalms="29.252">
  <response-info timems="0.033" idlems="0.033" threads="0" lastid="00000000018D2D00" lastname="Thread-8" />
</exclusive-start>
<allocation-taxation id="1113" taxation-threshold="65011712" timestamp="2019-06-15T06:32:58.851" intervalms="29.234" />
<cycle-start id="1114" type="partial gc" contextid="0" timestamp="2019-06-15T06:32:58.851" intervalms="29.235" />
<gc-start id="1115" type="partial gc" contextid="1114" timestamp="2019-06-15T06:32:58.851">
  <mem-info id="1116" free="76546048" total="235929600" percent="32">
    <mem type="eden" free="0" total="65011712" percent="0" />
    <arraylet-primitive objects="2" leaves="2" largest="1" />
    <remembered-set count="47200" freebytes="9228800" totalbytes="9417600" percent="97" regionsoverflowed="0" regionsstable="2" regionsrebuilding="0"/>
  </mem-info>
</gc-start>
<allocation-stats totalBytes="65003232" >
  <allocated-bytes non-tlh="0" tlh="65003232" arrayletleaf="0"/>
  <largest-consumer threadName="Thread-7" threadId="00000000018DE100" bytes="20297128" />
</allocation-stats>
<gc-op id="1117" type="copy forward" timems="4.407" contextid="1114" timestamp="2019-06-15T06:32:58.856">
  <memory-copied type="eden" objects="4602" bytes="111864" bytesdiscarded="0" />
  <memory-copied type="other" objects="32934" bytes="1339920" bytesdiscarded="0" />
  <memory-cardclean objects="6610" bytes="334952" />
  <regions eden="62" other="2" />
  <remembered-set-cleared processed="42276" cleared="1287" durationms="0.514" />
  <stringconstants candidates="4597" cleared="0"  />
</gc-op>
<gc-op id="1118" type="classunload" timems="0.003" contextid="1114" timestamp="2019-06-15T06:32:58.856">
  <classunload-info classloadercandidates="8" classloadersunloaded="0" classesunloaded="0" anonymousclassesunloaded="0" quiescems="0.000" setupms="0.002" scanms="0.000" postms="0.000" />
</gc-op>
<heap-resize id="1119" type="expand" space="default" amount="3145728" count="1" timems="0.075" reason="excessive time being spent in gc" timestamp="2019-06-15T06:32:58.857" />
<gc-end id="1120" type="partial gc" contextid="1114" durationms="5.656" usertimems="4.000" systemtimems="0.000" timestamp="2019-06-15T06:32:58.857" activeThreads="1">
  <mem-info id="1121" free="143654912" total="239075328" percent="60">
    <mem type="eden" free="936712" total="1048576" percent="89" />
    <arraylet-primitive objects="2" leaves="2" largest="1" />
    <remembered-set count="48416" freebytes="9349504" totalbytes="9543168" percent="97" regionsoverflowed="0" regionsstable="2" regionsrebuilding="0"/>
  </mem-info>
</gc-end>
<cycle-end id="1122" type="partial gc" contextid="1114" timestamp="2019-06-15T06:32:58.857" />
  <attribute name="elasticGC enabled" value="1" />
  <attribute name= "numThreadsSpecified" value="1" />
  <attribute name="heapSize specified" value="0" />
  <attribute name="Current GC Util" value="75" />
  <attribute name= "Current Time Running" value="3458" />
  <attribute name ="GC Interval" value="0" />
  <attribute name="ProportionalT" value="27.500000" />
  <attribute name="ProportionalI" value="27.500000" />
  <attribute name="ProportionalH" value="27.500000" />
  <attribute name="Current Error" value="55.000000" />
  <attribute name="IntegralT" value="0.000000" />
  <attribute name="IntegralI" value="0.000000" />
  <attribute name="IntegralH" value="0.000000" />
  <attribute name="DerivativeT" value="inf" />
  <attribute name="DerivativeI" value="inf" />
  <attribute name="DerivativeH" value="inf" />
  <attribute name="Loop Time for DT" value="0.000000" />
  <attribute name="Output H" value="8388608"/>
  <attribute name="Output I" value="200"/>
  <attribute name="Output T" value="1"/>
  <attribute name="Target GC Util Change" value ="20.000000" />
  <attribute name="Current GC Util Change" value="75.000000"/>
  <attribute name="GC Util currently" value="75" />
  <attribute name="CPU Util currently" value="18981881218878" />
<exclusive-end id="1123" timestamp="2019-06-15T06:32:58.857" durationms="6.561" />

<exclusive-start id="1124" timestamp="2019-06-15T06:32:58.882" intervalms="31.413">
  <response-info timems="0.042" idlems="0.042" threads="0" lastid="00000000018DE100" lastname="Thread-7" />
</exclusive-start>
<allocation-taxation id="1125" taxation-threshold="66060288" timestamp="2019-06-15T06:32:58.882" intervalms="31.443" />
<cycle-start id="1126" type="partial gc" contextid="0" timestamp="2019-06-15T06:32:58.882" intervalms="31.478" />
<gc-start id="1127" type="partial gc" contextid="1126" timestamp="2019-06-15T06:32:58.883">
  <mem-info id="1128" free="77594624" total="239075328" percent="32">
    <mem type="eden" free="0" total="66060288" percent="0" />
    <arraylet-primitive objects="2" leaves="2" largest="1" />
    <remembered-set count="48192" freebytes="9350400" totalbytes="9543168" percent="97" regionsoverflowed="0" regionsstable="2" regionsrebuilding="0"/>
  </mem-info>
</gc-start>
<allocation-stats totalBytes="66051920" >
  <allocated-bytes non-tlh="0" tlh="66051920" arrayletleaf="0"/>
  <largest-consumer threadName="Thread-7" threadId="00000000018DE100" bytes="21644568" />
</allocation-stats>
<gc-op id="1129" type="copy forward" timems="4.545" contextid="1126" timestamp="2019-06-15T06:32:58.888">
  <memory-copied type="eden" objects="8885" bytes="351808" bytesdiscarded="0" />
  <memory-copied type="other" objects="27851" bytes="1080552" bytesdiscarded="0" />
  <memory-cardclean objects="6610" bytes="334952" />
  <regions eden="63" other="3" />
  <remembered-set-cleared processed="42584" cleared="1595" durationms="0.502" />
  <stringconstants candidates="4597" cleared="0"  />
</gc-op>
<gc-op id="1130" type="classunload" timems="0.002" contextid="1126" timestamp="2019-06-15T06:32:58.888">
  <classunload-info classloadercandidates="8" classloadersunloaded="0" classesunloaded="0" anonymousclassesunloaded="0" quiescems="0.000" setupms="0.002" scanms="0.000" postms="0.000" />
</gc-op>
<heap-resize id="1131" type="expand" space="default" amount="2097152" count="1" timems="0.076" reason="excessive time being spent in gc" timestamp="2019-06-15T06:32:58.888" />
<gc-end id="1132" type="partial gc" contextid="1126" durationms="5.889" usertimems="4.000" systemtimems="0.000" timestamp="2019-06-15T06:32:58.889" activeThreads="1">
  <mem-info id="1133" free="144703488" total="241172480" percent="60">
    <mem type="eden" free="696768" total="1048576" percent="66" />
    <arraylet-primitive objects="2" leaves="2" largest="1" />
    <remembered-set count="49120" freebytes="9430400" totalbytes="9626880" percent="97" regionsoverflowed="0" regionsstable="2" regionsrebuilding="0"/>
  </mem-info>
</gc-end>
<cycle-end id="1134" type="partial gc" contextid="1126" timestamp="2019-06-15T06:32:58.889" />
  <attribute name="elasticGC enabled" value="1" />
  <attribute name= "numThreadsSpecified" value="1" />
  <attribute name="heapSize specified" value="0" />
  <attribute name="Current GC Util" value="73" />
  <attribute name= "Current Time Running" value="3489" />
  <attribute name ="GC Interval" value="0" />
  <attribute name="ProportionalT" value="26.500000" />
  <attribute name="ProportionalI" value="26.500000" />
  <attribute name="ProportionalH" value="26.500000" />
  <attribute name="Current Error" value="53.000000" />
  <attribute name="IntegralT" value="0.000000" />
  <attribute name="IntegralI" value="0.000000" />
  <attribute name="IntegralH" value="0.000000" />
  <attribute name="DerivativeT" value="inf" />
  <attribute name="DerivativeI" value="inf" />
  <attribute name="DerivativeH" value="inf" />
  <attribute name="Loop Time for DT" value="0.000000" />
  <attribute name="Output H" value="8388608"/>
  <attribute name="Output I" value="200"/>
  <attribute name="Output T" value="1"/>
  <attribute name="Target GC Util Change" value ="20.000000" />
  <attribute name="Current GC Util Change" value="73.000000"/>
  <attribute name="GC Util currently" value="73" />
  <attribute name="CPU Util currently" value="19025342746595" />
<exclusive-end id="1135" timestamp="2019-06-15T06:32:58.889" durationms="7.074" />

<exclusive-start id="1136" timestamp="2019-06-15T06:32:58.916" intervalms="34.534">
  <response-info timems="0.037" idlems="0.037" threads="0" lastid="00000000018DE100" lastname="Thread-7" />
</exclusive-start>
<allocation-taxation id="1137" taxation-threshold="66060288" timestamp="2019-06-15T06:32:58.917" intervalms="34.534" />
<cycle-start id="1138" type="partial gc" contextid="0" timestamp="2019-06-15T06:32:58.917" intervalms="34.559" />
<gc-start id="1139" type="partial gc" contextid="1138" timestamp="2019-06-15T06:32:58.917">
  <mem-info id="1140" free="78643200" total="241172480" percent="32">
    <mem type="eden" free="0" total="66060288" percent="0" />
    <arraylet-primitive objects="2" leaves="2" largest="1" />
    <remembered-set count="48896" freebytes="9431296" totalbytes="9626880" percent="97" regionsoverflowed="0" regionsstable="2" regionsrebuilding="0"/>
  </mem-info>
</gc-start>
<allocation-stats totalBytes="66052112" >
  <allocated-bytes non-tlh="0" tlh="66052112" arrayletleaf="0"/>
  <largest-consumer threadName="Thread-8" threadId="00000000018D2D00" bytes="22893760" />
</allocation-stats>
<gc-op id="1141" type="copy forward" timems="3.026" contextid="1138" timestamp="2019-06-15T06:32:58.921">
  <memory-copied type="eden" objects="5003" bytes="121504" bytesdiscarded="0" />
  <memory-copied type="other" objects="11305" bytes="408696" bytesdiscarded="0" />
  <memory-cardclean objects="8425" bytes="462632" />
  <regions eden="63" other="2" />
  <remembered-set-cleared processed="43444" cleared="642" durationms="0.512" />
  <stringconstants candidates="4597" cleared="0"  />
</gc-op>
<gc-op id="1142" type="classunload" timems="0.003" contextid="1138" timestamp="2019-06-15T06:32:58.921">
  <classunload-info classloadercandidates="8" classloadersunloaded="0" classesunloaded="0" anonymousclassesunloaded="0" quiescems="0.000" setupms="0.002" scanms="0.000" postms="0.000" />
</gc-op>
<heap-resize id="1143" type="expand" space="default" amount="3145728" count="1" timems="0.081" reason="excessive time being spent in gc" timestamp="2019-06-15T06:32:58.922" />
<gc-end id="1144" type="partial gc" contextid="1138" durationms="4.421" usertimems="0.000" systemtimems="4.000" timestamp="2019-06-15T06:32:58.922" activeThreads="1">
  <mem-info id="1145" free="146800640" total="244318208" percent="60">
    <mem type="eden" free="927072" total="1048576" percent="88" />
    <arraylet-primitive objects="2" leaves="2" largest="1" />
    <remembered-set count="50432" freebytes="9550720" totalbytes="9752448" percent="97" regionsoverflowed="0" regionsstable="2" regionsrebuilding="0"/>
  </mem-info>
</gc-end>
<cycle-end id="1146" type="partial gc" contextid="1138" timestamp="2019-06-15T06:32:58.922" />
  <attribute name="elasticGC enabled" value="1" />
  <attribute name= "numThreadsSpecified" value="1" />
  <attribute name="heapSize specified" value="0" />
  <attribute name="Current GC Util" value="66" />
  <attribute name= "Current Time Running" value="3524" />
  <attribute name ="GC Interval" value="0" />
  <attribute name="ProportionalT" value="23.000000" />
  <attribute name="ProportionalI" value="23.000000" />
  <attribute name="ProportionalH" value="23.000000" />
  <attribute name="Current Error" value="46.000000" />
  <attribute name="IntegralT" value="0.000000" />
  <attribute name="IntegralI" value="0.000000" />
  <attribute name="IntegralH" value="0.000000" />
  <attribute name="DerivativeT" value="inf" />
  <attribute name="DerivativeI" value="inf" />
  <attribute name="DerivativeH" value="inf" />
  <attribute name="Loop Time for DT" value="0.000000" />
  <attribute name="Output H" value="8388608"/>
  <attribute name="Output I" value="200"/>
  <attribute name="Output T" value="1"/>
  <attribute name="Target GC Util Change" value ="20.000000" />
  <attribute name="Current GC Util Change" value="66.000000"/>
  <attribute name="GC Util currently" value="66" />
  <attribute name="CPU Util currently" value="17974517498673" />
<exclusive-end id="1147" timestamp="2019-06-15T06:32:58.922" durationms="5.668" />

<exclusive-start id="1148" timestamp="2019-06-15T06:32:58.954" intervalms="37.571">
  <response-info timems="0.041" idlems="0.041" threads="0" lastid="00000000018DE100" lastname="Thread-7" />
</exclusive-start>
<allocation-taxation id="1149" taxation-threshold="67108864" timestamp="2019-06-15T06:32:58.954" intervalms="37.590" />
<cycle-start id="1150" type="partial gc" contextid="0" timestamp="2019-06-15T06:32:58.955" intervalms="37.606" />
<gc-start id="1151" type="partial gc" contextid="1150" timestamp="2019-06-15T06:32:58.955">
  <mem-info id="1152" free="79691776" total="244318208" percent="32">
    <mem type="eden" free="0" total="67108864" percent="0" />
    <arraylet-primitive objects="2" leaves="2" largest="1" />
    <remembered-set count="49952" freebytes="9552640" totalbytes="9752448" percent="97" regionsoverflowed="0" regionsstable="2" regionsrebuilding="0"/>
  </mem-info>
</gc-start>
<allocation-stats totalBytes="67100032" >
  <allocated-bytes non-tlh="0" tlh="67100032" arrayletleaf="0"/>
  <largest-consumer threadName="Thread-8" threadId="00000000018D2D00" bytes="25940592" />
</allocation-stats>
<gc-op id="1153" type="copy forward" timems="3.815" contextid="1150" timestamp="2019-06-15T06:32:58.960">
  <memory-copied type="eden" objects="11811" bytes="559712" bytesdiscarded="0" />
  <memory-copied type="other" objects="18004" bytes="706848" bytesdiscarded="0" />
  <memory-cardclean objects="2756" bytes="145904" />
  <regions eden="64" other="3" />
  <remembered-set-cleared processed="43920" cleared="1979" durationms="0.528" />
  <stringconstants candidates="4597" cleared="0"  />
</gc-op>
<gc-op id="1154" type="classunload" timems="0.003" contextid="1150" timestamp="2019-06-15T06:32:58.960">
  <classunload-info classloadercandidates="8" classloadersunloaded="0" classesunloaded="0" anonymousclassesunloaded="0" quiescems="0.000" setupms="0.003" scanms="0.000" postms="0.000" />
</gc-op>
<heap-resize id="1155" type="expand" space="default" amount="2097152" count="1" timems="0.074" reason="excessive time being spent in gc" timestamp="2019-06-15T06:32:58.960" />
<gc-end id="1156" type="partial gc" contextid="1150" durationms="5.383" usertimems="4.000" systemtimems="4.000" timestamp="2019-06-15T06:32:58.960" activeThreads="1">
  <mem-info id="1157" free="147849216" total="246415360" percent="60">
    <mem type="eden" free="488864" total="1048576" percent="46" />
    <arraylet-primitive objects="2" leaves="2" largest="1" />
    <remembered-set count="49792" freebytes="9636992" totalbytes="9836160" percent="97" regionsoverflowed="0" regionsstable="2" regionsrebuilding="0"/>
  </mem-info>
</gc-end>
<cycle-end id="1158" type="partial gc" contextid="1150" timestamp="2019-06-15T06:32:58.960" />
  <attribute name="elasticGC enabled" value="1" />
  <attribute name= "numThreadsSpecified" value="1" />
  <attribute name="heapSize specified" value="0" />
  <attribute name="Current GC Util" value="68" />
  <attribute name= "Current Time Running" value="3562" />
  <attribute name ="GC Interval" value="0" />
  <attribute name="ProportionalT" value="24.000000" />
  <attribute name="ProportionalI" value="24.000000" />
  <attribute name="ProportionalH" value="24.000000" />
  <attribute name="Current Error" value="48.000000" />
  <attribute name="IntegralT" value="0.000000" />
  <attribute name="IntegralI" value="0.000000" />
  <attribute name="IntegralH" value="0.000000" />
  <attribute name="DerivativeT" value="inf" />
  <attribute name="DerivativeI" value="inf" />
  <attribute name="DerivativeH" value="inf" />
  <attribute name="Loop Time for DT" value="0.000000" />
  <attribute name="Output H" value="8388608"/>
  <attribute name="Output I" value="200"/>
  <attribute name="Output T" value="1"/>
  <attribute name="Target GC Util Change" value ="20.000000" />
  <attribute name="Current GC Util Change" value="68.000000"/>
  <attribute name="GC Util currently" value="68" />
  <attribute name="CPU Util currently" value="17691120867470" />
<exclusive-end id="1159" timestamp="2019-06-15T06:32:58.961" durationms="6.710" />

<exclusive-start id="1160" timestamp="2019-06-15T06:32:58.995" intervalms="40.982">
  <response-info timems="0.049" idlems="0.049" threads="0" lastid="00000000018D2D00" lastname="Thread-8" />
</exclusive-start>
<allocation-taxation id="1161" taxation-threshold="67108864" timestamp="2019-06-15T06:32:58.995" intervalms="40.917" />
<cycle-start id="1162" type="partial gc" contextid="0" timestamp="2019-06-15T06:32:58.995" intervalms="40.851" />
<gc-start id="1163" type="partial gc" contextid="1162" timestamp="2019-06-15T06:32:58.996">
  <mem-info id="1164" free="80740352" total="246415360" percent="32">
    <mem type="eden" free="0" total="67108864" percent="0" />
    <arraylet-primitive objects="2" leaves="2" largest="1" />
    <remembered-set count="49664" freebytes="9637504" totalbytes="9836160" percent="97" regionsoverflowed="0" regionsstable="2" regionsrebuilding="0"/>
  </mem-info>
</gc-start>
<allocation-stats totalBytes="67099992" >
  <allocated-bytes non-tlh="0" tlh="67099992" arrayletleaf="0"/>
  <largest-consumer threadName="Thread-8" threadId="00000000018D2D00" bytes="25563984" />
</allocation-stats>
<gc-op id="1165" type="copy forward" timems="1.921" contextid="1162" timestamp="2019-06-15T06:32:58.998">
  <memory-copied type="eden" objects="15416" bytes="646344" bytesdiscarded="63736" />
  <memory-copied type="other" objects="1584" bytes="38016" bytesdiscarded="0" />
  <memory-cardclean objects="3678" bytes="216008" />
  <regions eden="64" other="2" />
  <remembered-set-cleared processed="43872" cleared="527" durationms="0.205" />
  <stringconstants candidates="4597" cleared="0"  />
</gc-op>
<gc-op id="1166" type="classunload" timems="0.003" contextid="1162" timestamp="2019-06-15T06:32:58.999">
  <classunload-info classloadercandidates="8" classloadersunloaded="0" classesunloaded="0" anonymousclassesunloaded="0" quiescems="0.000" setupms="0.002" scanms="0.000" postms="0.000" />
</gc-op>
<heap-resize id="1167" type="expand" space="default" amount="3145728" count="1" timems="0.079" reason="excessive time being spent in gc" timestamp="2019-06-15T06:32:58.999" />
<gc-end id="1168" type="partial gc" contextid="1162" durationms="3.258" usertimems="8.000" systemtimems="0.000" timestamp="2019-06-15T06:32:58.999" activeThreads="4">
  <mem-info id="1169" free="149946368" total="249561088" percent="60">
    <mem type="eden" free="338496" total="1048576" percent="32" />
    <arraylet-primitive objects="2" leaves="2" largest="1" />
    <remembered-set count="48896" freebytes="9766144" totalbytes="9961728" percent="98" regionsoverflowed="0" regionsstable="2" regionsrebuilding="0"/>
  </mem-info>
</gc-end>
<cycle-end id="1170" type="partial gc" contextid="1162" timestamp="2019-06-15T06:32:58.999" />
  <attribute name="elasticGC enabled" value="1" />
  <attribute name= "numThreadsSpecified" value="4" />
  <attribute name="heapSize specified" value="0" />
  <attribute name="Current GC Util" value="63" />
  <attribute name= "Current Time Running" value="3603" />
  <attribute name ="GC Interval" value="0" />
  <attribute name="ProportionalT" value="21.500000" />
  <attribute name="ProportionalI" value="21.500000" />
  <attribute name="ProportionalH" value="21.500000" />
  <attribute name="Current Error" value="43.000000" />
  <attribute name="IntegralT" value="43.000000" />
  <attribute name="IntegralI" value="43.000000" />
  <attribute name="IntegralH" value="43.000000" />
  <attribute name="DerivativeT" value="43.000000" />
  <attribute name="DerivativeI" value="43.000000" />
  <attribute name="DerivativeH" value="43.000000" />
  <attribute name="Loop Time for DT" value="1.000000" />
  <attribute name="Output H" value="8388608"/>
  <attribute name="Output I" value="200"/>
  <attribute name="Output T" value="4"/>
  <attribute name="Target GC Util Change" value ="20.000000" />
  <attribute name="Current GC Util Change" value="63.000000"/>
  <attribute name="GC Util currently" value="63" />
  <attribute name="CPU Util currently" value="17601116004134" />
<exclusive-end id="1171" timestamp="2019-06-15T06:32:58.999" durationms="4.273" />

<exclusive-start id="1172" timestamp="2019-06-15T06:32:59.039" intervalms="44.068">
  <response-info timems="0.048" idlems="0.027" threads="1" lastid="00000000018D6900" lastname="Thread-10" />
</exclusive-start>
<allocation-taxation id="1173" taxation-threshold="68157440" timestamp="2019-06-15T06:32:59.039" intervalms="44.099" />
<cycle-start id="1174" type="partial gc" contextid="0" timestamp="2019-06-15T06:32:59.040" intervalms="44.140" />
<gc-start id="1175" type="partial gc" contextid="1174" timestamp="2019-06-15T06:32:59.040">
  <mem-info id="1176" free="81788928" total="249561088" percent="32">
    <mem type="eden" free="0" total="68157440" percent="0" />
    <arraylet-primitive objects="2" leaves="2" largest="1" />
    <remembered-set count="48896" freebytes="9766144" totalbytes="9961728" percent="98" regionsoverflowed="0" regionsstable="2" regionsrebuilding="0"/>
  </mem-info>
</gc-start>
<allocation-stats totalBytes="68148160" >
  <allocated-bytes non-tlh="0" tlh="68148160" arrayletleaf="0"/>
  <largest-consumer threadName="Thread-8" threadId="00000000018D2D00" bytes="25215720" />
</allocation-stats>
<gc-op id="1177" type="copy forward" timems="2.489" contextid="1174" timestamp="2019-06-15T06:32:59.043">
  <memory-copied type="eden" objects="11783" bytes="558904" bytesdiscarded="0" />
  <memory-copied type="other" objects="1380" bytes="33120" bytesdiscarded="0" />
  <memory-cardclean objects="3825" bytes="185048" />
  <regions eden="65" other="2" />
  <remembered-set-cleared processed="44202" cleared="611" durationms="0.525" />
  <stringconstants candidates="4597" cleared="0"  />
</gc-op>
<gc-op id="1178" type="classunload" timems="0.003" contextid="1174" timestamp="2019-06-15T06:32:59.043">
  <classunload-info classloadercandidates="8" classloadersunloaded="0" classesunloaded="0" anonymousclassesunloaded="0" quiescems="0.000" setupms="0.002" scanms="0.000" postms="0.000" />
</gc-op>
<gc-end id="1179" type="partial gc" contextid="1174" durationms="3.750" usertimems="4.000" systemtimems="0.000" timestamp="2019-06-15T06:32:59.044" activeThreads="1">
  <mem-info id="1180" free="148897792" total="249561088" percent="59">
    <mem type="eden" free="489672" total="1048576" percent="46" />
    <arraylet-primitive objects="2" leaves="2" largest="1" />
    <remembered-set count="49440" freebytes="9763968" totalbytes="9961728" percent="98" regionsoverflowed="0" regionsstable="2" regionsrebuilding="0"/>
  </mem-info>
</gc-end>
<cycle-end id="1181" type="partial gc" contextid="1174" timestamp="2019-06-15T06:32:59.044" />
  <attribute name="elasticGC enabled" value="1" />
  <attribute name= "numThreadsSpecified" value="1" />
  <attribute name="heapSize specified" value="0" />
  <attribute name="Current GC Util" value="62" />
  <attribute name= "Current Time Running" value="3647" />
  <attribute name ="GC Interval" value="0" />
  <attribute name="ProportionalT" value="21.000000" />
  <attribute name="ProportionalI" value="21.000000" />
  <attribute name="ProportionalH" value="21.000000" />
  <attribute name="Current Error" value="42.000000" />
  <attribute name="IntegralT" value="0.000000" />
  <attribute name="IntegralI" value="0.000000" />
  <attribute name="IntegralH" value="0.000000" />
  <attribute name="DerivativeT" value="inf" />
  <attribute name="DerivativeI" value="inf" />
  <attribute name="DerivativeH" value="inf" />
  <attribute name="Loop Time for DT" value="0.000000" />
  <attribute name="Output H" value="8388608"/>
  <attribute name="Output I" value="200"/>
  <attribute name="Output T" value="1"/>
  <attribute name="Target GC Util Change" value ="20.000000" />
  <attribute name="Current GC Util Change" value="62.000000"/>
  <attribute name="GC Util currently" value="62" />
  <attribute name="CPU Util currently" value="18597607815471" />
<exclusive-end id="1182" timestamp="2019-06-15T06:32:59.044" durationms="4.960" />

<exclusive-start id="1183" timestamp="2019-06-15T06:32:59.087" intervalms="48.227">
  <response-info timems="0.034" idlems="0.034" threads="0" lastid="00000000018DE100" lastname="Thread-7" />
</exclusive-start>
<allocation-taxation id="1184" taxation-threshold="68157440" timestamp="2019-06-15T06:32:59.088" intervalms="48.249" />
<cycle-start id="1185" type="partial gc" contextid="0" timestamp="2019-06-15T06:32:59.088" intervalms="48.280" />
<gc-start id="1186" type="partial gc" contextid="1185" timestamp="2019-06-15T06:32:59.088">
  <mem-info id="1187" free="80740352" total="249561088" percent="32">
    <mem type="eden" free="0" total="68157440" percent="0" />
    <arraylet-primitive objects="2" leaves="2" largest="1" />
    <remembered-set count="49280" freebytes="9764608" totalbytes="9961728" percent="98" regionsoverflowed="0" regionsstable="2" regionsrebuilding="0"/>
  </mem-info>
</gc-start>
<allocation-stats totalBytes="68148656" >
  <allocated-bytes non-tlh="0" tlh="68148656" arrayletleaf="0"/>
  <largest-consumer threadName="Thread-8" threadId="00000000018D2D00" bytes="23761888" />
</allocation-stats>
<gc-op id="1188" type="copy forward" timems="3.216" contextid="1185" timestamp="2019-06-15T06:32:59.092">
  <memory-copied type="eden" objects="9542" bytes="367808" bytesdiscarded="0" />
  <memory-copied type="other" objects="12219" bytes="568008" bytesdiscarded="0" />
  <memory-cardclean objects="3950" bytes="194912" />
  <regions eden="65" other="2" />
  <remembered-set-cleared processed="44476" cleared="672" durationms="0.537" />
  <stringconstants candidates="4597" cleared="0"  />
</gc-op>
<gc-op id="1189" type="classunload" timems="0.003" contextid="1185" timestamp="2019-06-15T06:32:59.092">
  <classunload-info classloadercandidates="8" classloadersunloaded="0" classesunloaded="0" anonymousclassesunloaded="0" quiescems="0.000" setupms="0.003" scanms="0.000" postms="0.000" />
</gc-op>
<gc-end id="1190" type="partial gc" contextid="1185" durationms="4.266" usertimems="4.000" systemtimems="0.000" timestamp="2019-06-15T06:32:59.092" activeThreads="1">
  <mem-info id="1191" free="147849216" total="249561088" percent="59">
    <mem type="eden" free="680768" total="1048576" percent="64" />
    <arraylet-primitive objects="2" leaves="2" largest="1" />
    <remembered-set count="50144" freebytes="9761152" totalbytes="9961728" percent="97" regionsoverflowed="0" regionsstable="2" regionsrebuilding="0"/>
  </mem-info>
</gc-end>
<cycle-end id="1192" type="partial gc" contextid="1185" timestamp="2019-06-15T06:32:59.093" />
  <attribute name="elasticGC enabled" value="1" />
  <attribute name= "numThreadsSpecified" value="1" />
  <attribute name="heapSize specified" value="0" />
  <attribute name="Current GC Util" value="74" />
  <attribute name= "Current Time Running" value="3695" />
  <attribute name ="GC Interval" value="0" />
  <attribute name="ProportionalT" value="27.000000" />
  <attribute name="ProportionalI" value="27.000000" />
  <attribute name="ProportionalH" value="27.000000" />
  <attribute name="Current Error" value="54.000000" />
  <attribute name="IntegralT" value="0.000000" />
  <attribute name="IntegralI" value="0.000000" />
  <attribute name="IntegralH" value="0.000000" />
  <attribute name="DerivativeT" value="inf" />
  <attribute name="DerivativeI" value="inf" />
  <attribute name="DerivativeH" value="inf" />
  <attribute name="Loop Time for DT" value="0.000000" />
  <attribute name="Output H" value="8388608"/>
  <attribute name="Output I" value="200"/>
  <attribute name="Output T" value="1"/>
  <attribute name="Target GC Util Change" value ="20.000000" />
  <attribute name="Current GC Util Change" value="74.000000"/>
  <attribute name="GC Util currently" value="74" />
  <attribute name="CPU Util currently" value="20861693681025" />
<exclusive-end id="1193" timestamp="2019-06-15T06:32:59.093" durationms="5.470" />

<exclusive-start id="1194" timestamp="2019-06-15T06:32:59.143" intervalms="55.494">
  <response-info timems="0.038" idlems="0.038" threads="0" lastid="00000000018D6900" lastname="Thread-10" />
</exclusive-start>
<allocation-taxation id="1195" taxation-threshold="68157440" timestamp="2019-06-15T06:32:59.143" intervalms="55.450" />
<cycle-start id="1196" type="partial gc" contextid="0" timestamp="2019-06-15T06:32:59.143" intervalms="55.430" />
<gc-start id="1197" type="partial gc" contextid="1196" timestamp="2019-06-15T06:32:59.144">
  <mem-info id="1198" free="79691776" total="249561088" percent="31">
    <mem type="eden" free="0" total="68157440" percent="0" />
    <arraylet-primitive objects="2" leaves="2" largest="1" />
    <remembered-set count="50144" freebytes="9761152" totalbytes="9961728" percent="97" regionsoverflowed="0" regionsstable="2" regionsrebuilding="0"/>
  </mem-info>
</gc-start>
<allocation-stats totalBytes="68147896" >
  <allocated-bytes non-tlh="0" tlh="68147896" arrayletleaf="0"/>
  <largest-consumer threadName="Thread-7" threadId="00000000018DE100" bytes="25137784" />
</allocation-stats>
<gc-op id="1199" type="copy forward" timems="2.447" contextid="1196" timestamp="2019-06-15T06:32:59.147">
  <memory-copied type="eden" objects="9887" bytes="376264" bytesdiscarded="21760" />
  <memory-copied type="other" objects="21466" bytes="927312" bytesdiscarded="94552" />
  <memory-cardclean objects="4363" bytes="218552" />
  <regions eden="65" other="3" />
  <remembered-set-cleared processed="44812" cleared="1037" durationms="0.200" />
  <stringconstants candidates="4597" cleared="0"  />
</gc-op>
<gc-op id="1200" type="classunload" timems="0.003" contextid="1196" timestamp="2019-06-15T06:32:59.147">
  <classunload-info classloadercandidates="8" classloadersunloaded="0" classesunloaded="0" anonymousclassesunloaded="0" quiescems="0.000" setupms="0.002" scanms="0.000" postms="0.000" />
</gc-op>
<gc-end id="1201" type="partial gc" contextid="1196" durationms="3.645" usertimems="12.000" systemtimems="0.000" timestamp="2019-06-15T06:32:59.147" activeThreads="4">
  <mem-info id="1202" free="146800640" total="249561088" percent="58">
    <mem type="eden" free="650552" total="1048576" percent="62" />
    <arraylet-primitive objects="2" leaves="2" largest="1" />
    <remembered-set count="50912" freebytes="9758080" totalbytes="9961728" percent="97" regionsoverflowed="0" regionsstable="2" regionsrebuilding="0"/>
  </mem-info>
</gc-end>
<cycle-end id="1203" type="partial gc" contextid="1196" timestamp="2019-06-15T06:32:59.147" />
  <attribute name="elasticGC enabled" value="1" />
  <attribute name= "numThreadsSpecified" value="4" />
  <attribute name="heapSize specified" value="0" />
  <attribute name="Current GC Util" value="73" />
  <attribute name= "Current Time Running" value="3751" />
  <attribute name ="GC Interval" value="0" />
  <attribute name="ProportionalT" value="26.500000" />
  <attribute name="ProportionalI" value="26.500000" />
  <attribute name="ProportionalH" value="26.500000" />
  <attribute name="Current Error" value="53.000000" />
  <attribute name="IntegralT" value="53.000000" />
  <attribute name="IntegralI" value="53.000000" />
  <attribute name="IntegralH" value="53.000000" />
  <attribute name="DerivativeT" value="53.000000" />
  <attribute name="DerivativeI" value="53.000000" />
  <attribute name="DerivativeH" value="53.000000" />
  <attribute name="Loop Time for DT" value="1.000000" />
  <attribute name="Output H" value="8388608"/>
  <attribute name="Output I" value="200"/>
  <attribute name="Output T" value="4"/>
  <attribute name="Target GC Util Change" value ="20.000000" />
  <attribute name="Current GC Util Change" value="73.000000"/>
  <attribute name="GC Util currently" value="73" />
  <attribute name="CPU Util currently" value="18627430091963" />
<exclusive-end id="1204" timestamp="2019-06-15T06:32:59.149" durationms="6.323" />

<exclusive-start id="1205" timestamp="2019-06-15T06:32:59.198" intervalms="55.392">
  <response-info timems="0.035" idlems="0.035" threads="0" lastid="00000000018DA500" lastname="Thread-9" />
</exclusive-start>
<allocation-taxation id="1206" taxation-threshold="68157440" timestamp="2019-06-15T06:32:59.198" intervalms="55.379" />
<cycle-start id="1207" type="partial gc" contextid="0" timestamp="2019-06-15T06:32:59.199" intervalms="55.370" />
<gc-start id="1208" type="partial gc" contextid="1207" timestamp="2019-06-15T06:32:59.199">
  <mem-info id="1209" free="78643200" total="249561088" percent="31">
    <mem type="eden" free="0" total="68157440" percent="0" />
    <arraylet-primitive objects="2" leaves="2" largest="1" />
    <remembered-set count="50784" freebytes="9758592" totalbytes="9961728" percent="97" regionsoverflowed="0" regionsstable="2" regionsrebuilding="0"/>
  </mem-info>
</gc-start>
<allocation-stats totalBytes="68147696" >
  <allocated-bytes non-tlh="0" tlh="68147696" arrayletleaf="0"/>
  <largest-consumer threadName="Thread-7" threadId="00000000018DE100" bytes="24638040" />
</allocation-stats>
<gc-op id="1210" type="copy forward" timems="4.732" contextid="1207" timestamp="2019-06-15T06:32:59.204">
  <memory-copied type="eden" objects="4876" bytes="118184" bytesdiscarded="0" />
  <memory-copied type="other" objects="32117" bytes="1320336" bytesdiscarded="0" />
  <memory-cardclean objects="6559" bytes="324384" />
  <regions eden="65" other="5" />
  <remembered-set-cleared processed="44854" cleared="4222" durationms="0.551" />
  <stringconstants candidates="4597" cleared="0"  />
</gc-op>
<gc-op id="1211" type="classunload" timems="0.002" contextid="1207" timestamp="2019-06-15T06:32:59.205">
  <classunload-info classloadercandidates="8" classloadersunloaded="0" classesunloaded="0" anonymousclassesunloaded="0" quiescems="0.000" setupms="0.002" scanms="0.000" postms="0.000" />
</gc-op>
<gc-end id="1212" type="partial gc" contextid="1207" durationms="5.959" usertimems="8.000" systemtimems="0.000" timestamp="2019-06-15T06:32:59.205" activeThreads="1">
  <mem-info id="1213" free="145752064" total="249561088" percent="58">
    <mem type="eden" free="930392" total="1048576" percent="88" />
    <arraylet-primitive objects="2" leaves="2" largest="1" />
    <remembered-set count="50176" freebytes="9761024" totalbytes="9961728" percent="97" regionsoverflowed="0" regionsstable="2" regionsrebuilding="0"/>
  </mem-info>
</gc-end>
<cycle-end id="1214" type="partial gc" contextid="1207" timestamp="2019-06-15T06:32:59.205" />
  <attribute name="elasticGC enabled" value="1" />
  <attribute name= "numThreadsSpecified" value="1" />
  <attribute name="heapSize specified" value="0" />
  <attribute name="Current GC Util" value="63" />
  <attribute name= "Current Time Running" value="3806" />
  <attribute name ="GC Interval" value="0" />
  <attribute name="ProportionalT" value="21.500000" />
  <attribute name="ProportionalI" value="21.500000" />
  <attribute name="ProportionalH" value="21.500000" />
  <attribute name="Current Error" value="43.000000" />
  <attribute name="IntegralT" value="0.000000" />
  <attribute name="IntegralI" value="0.000000" />
  <attribute name="IntegralH" value="0.000000" />
  <attribute name="DerivativeT" value="inf" />
  <attribute name="DerivativeI" value="inf" />
  <attribute name="DerivativeH" value="inf" />
  <attribute name="Loop Time for DT" value="0.000000" />
  <attribute name="Output H" value="8388608"/>
  <attribute name="Output I" value="200"/>
  <attribute name="Output T" value="1"/>
  <attribute name="Target GC Util Change" value ="20.000000" />
  <attribute name="Current GC Util Change" value="63.000000"/>
  <attribute name="GC Util currently" value="63" />
  <attribute name="CPU Util currently" value="17905079552733" />
<exclusive-end id="1215" timestamp="2019-06-15T06:32:59.205" durationms="7.222" />

<exclusive-start id="1216" timestamp="2019-06-15T06:32:59.243" intervalms="44.515">
  <response-info timems="0.033" idlems="0.033" threads="0" lastid="00000000018DE100" lastname="Thread-7" />
</exclusive-start>
<allocation-taxation id="1217" taxation-threshold="68157440" timestamp="2019-06-15T06:32:59.243" intervalms="44.579" />
<cycle-start id="1218" type="partial gc" contextid="0" timestamp="2019-06-15T06:32:59.243" intervalms="44.653" />
<gc-start id="1219" type="partial gc" contextid="1218" timestamp="2019-06-15T06:32:59.244">
  <mem-info id="1220" free="77594624" total="249561088" percent="31">
    <mem type="eden" free="0" total="68157440" percent="0" />
    <arraylet-primitive objects="2" leaves="2" largest="1" />
    <remembered-set count="49856" freebytes="9762304" totalbytes="9961728" percent="97" regionsoverflowed="0" regionsstable="2" regionsrebuilding="0"/>
  </mem-info>
</gc-start>
<allocation-stats totalBytes="68147968" >
  <allocated-bytes non-tlh="0" tlh="68147968" arrayletleaf="0"/>
  <largest-consumer threadName="Thread-7" threadId="00000000018DE100" bytes="18318976" />
</allocation-stats>
<gc-op id="1221" type="copy forward" timems="2.253" contextid="1218" timestamp="2019-06-15T06:32:59.247">
  <memory-copied type="eden" objects="10404" bytes="388352" bytesdiscarded="27048" />
  <memory-copied type="other" objects="14195" bytes="478056" bytesdiscarded="26424" />
  <memory-cardclean objects="12257" bytes="654800" />
  <regions eden="65" other="2" />
  <remembered-set-cleared processed="43966" cleared="1140" durationms="0.214" />
  <stringconstants candidates="4597" cleared="0"  />
</gc-op>
<gc-op id="1222" type="classunload" timems="0.002" contextid="1218" timestamp="2019-06-15T06:32:59.247">
  <classunload-info classloadercandidates="8" classloadersunloaded="0" classesunloaded="0" anonymousclassesunloaded="0" quiescems="0.000" setupms="0.002" scanms="0.000" postms="0.000" />
</gc-op>
<gc-end id="1223" type="partial gc" contextid="1218" durationms="3.442" usertimems="0.000" systemtimems="4.000" timestamp="2019-06-15T06:32:59.247" activeThreads="4">
  <mem-info id="1224" free="144703488" total="249561088" percent="57">
    <mem type="eden" free="633176" total="1048576" percent="60" />
    <arraylet-primitive objects="2" leaves="2" largest="1" />
    <remembered-set count="51584" freebytes="9755392" totalbytes="9961728" percent="97" regionsoverflowed="0" regionsstable="2" regionsrebuilding="0"/>
  </mem-info>
</gc-end>
<cycle-end id="1225" type="partial gc" contextid="1218" timestamp="2019-06-15T06:32:59.247" />
  <attribute name="elasticGC enabled" value="1" />
  <attribute name= "numThreadsSpecified" value="4" />
  <attribute name="heapSize specified" value="0" />
  <attribute name="Current GC Util" value="67" />
  <attribute name= "Current Time Running" value="3851" />
  <attribute name ="GC Interval" value="0" />
  <attribute name="ProportionalT" value="23.500000" />
  <attribute name="ProportionalI" value="23.500000" />
  <attribute name="ProportionalH" value="23.500000" />
  <attribute name="Current Error" value="47.000000" />
  <attribute name="IntegralT" value="47.000000" />
  <attribute name="IntegralI" value="47.000000" />
  <attribute name="IntegralH" value="47.000000" />
  <attribute name="DerivativeT" value="47.000000" />
  <attribute name="DerivativeI" value="47.000000" />
  <attribute name="DerivativeH" value="47.000000" />
  <attribute name="Loop Time for DT" value="1.000000" />
  <attribute name="Output H" value="8388608"/>
  <attribute name="Output I" value="200"/>
  <attribute name="Output T" value="4"/>
  <attribute name="Target GC Util Change" value ="20.000000" />
  <attribute name="Current GC Util Change" value="67.000000"/>
  <attribute name="GC Util currently" value="67" />
  <attribute name="CPU Util currently" value="18181010371174" />
<exclusive-end id="1226" timestamp="2019-06-15T06:32:59.247" durationms="4.668" />

<exclusive-start id="1227" timestamp="2019-06-15T06:32:59.284" intervalms="40.787">
  <response-info timems="0.035" idlems="0.035" threads="0" lastid="00000000018DE100" lastname="Thread-7" />
</exclusive-start>
<allocation-taxation id="1228" taxation-threshold="68157440" timestamp="2019-06-15T06:32:59.284" intervalms="40.701" />
<cycle-start id="1229" type="partial gc" contextid="0" timestamp="2019-06-15T06:32:59.284" intervalms="40.619" />
<gc-start id="1230" type="partial gc" contextid="1229" timestamp="2019-06-15T06:32:59.284">
  <mem-info id="1231" free="76546048" total="249561088" percent="30">
    <mem type="eden" free="0" total="68157440" percent="0" />
    <arraylet-primitive objects="2" leaves="2" largest="1" />
    <remembered-set count="51200" freebytes="9756928" totalbytes="9961728" percent="97" regionsoverflowed="0" regionsstable="2" regionsrebuilding="0"/>
  </mem-info>
</gc-start>
<allocation-stats totalBytes="68148136" >
  <allocated-bytes non-tlh="0" tlh="68148136" arrayletleaf="0"/>
  <largest-consumer threadName="Thread-9" threadId="00000000018DA500" bytes="20243672" />
</allocation-stats>
<gc-op id="1232" type="copy forward" timems="3.720" contextid="1229" timestamp="2019-06-15T06:32:59.289">
  <memory-copied type="eden" objects="10469" bytes="389720" bytesdiscarded="0" />
  <memory-copied type="other" objects="14767" bytes="491784" bytesdiscarded="0" />
  <memory-cardclean objects="12652" bytes="635168" />
  <regions eden="65" other="2" />
  <remembered-set-cleared processed="44870" cleared="1190" durationms="0.532" />
  <stringconstants candidates="4597" cleared="0"  />
</gc-op>
<gc-op id="1233" type="classunload" timems="0.003" contextid="1229" timestamp="2019-06-15T06:32:59.289">
  <classunload-info classloadercandidates="8" classloadersunloaded="0" classesunloaded="0" anonymousclassesunloaded="0" quiescems="0.000" setupms="0.002" scanms="0.000" postms="0.000" />
</gc-op>
<gc-end id="1234" type="partial gc" contextid="1229" durationms="4.843" usertimems="4.000" systemtimems="0.000" timestamp="2019-06-15T06:32:59.289" activeThreads="1">
  <mem-info id="1235" free="143654912" total="249561088" percent="57">
    <mem type="eden" free="658856" total="1048576" percent="62" />
    <arraylet-primitive objects="2" leaves="2" largest="1" />
    <remembered-set count="52800" freebytes="9750528" totalbytes="9961728" percent="97" regionsoverflowed="0" regionsstable="2" regionsrebuilding="0"/>
  </mem-info>
</gc-end>
<cycle-end id="1236" type="partial gc" contextid="1229" timestamp="2019-06-15T06:32:59.289" />
  <attribute name="elasticGC enabled" value="1" />
  <attribute name= "numThreadsSpecified" value="1" />
  <attribute name="heapSize specified" value="0" />
  <attribute name="Current GC Util" value="68" />
  <attribute name= "Current Time Running" value="3891" />
  <attribute name ="GC Interval" value="0" />
  <attribute name="ProportionalT" value="24.000000" />
  <attribute name="ProportionalI" value="24.000000" />
  <attribute name="ProportionalH" value="24.000000" />
  <attribute name="Current Error" value="48.000000" />
  <attribute name="IntegralT" value="0.000000" />
  <attribute name="IntegralI" value="0.000000" />
  <attribute name="IntegralH" value="0.000000" />
  <attribute name="DerivativeT" value="inf" />
  <attribute name="DerivativeI" value="inf" />
  <attribute name="DerivativeH" value="inf" />
  <attribute name="Loop Time for DT" value="0.000000" />
  <attribute name="Output H" value="8388608"/>
  <attribute name="Output I" value="200"/>
  <attribute name="Output T" value="1"/>
  <attribute name="Target GC Util Change" value ="20.000000" />
  <attribute name="Current GC Util Change" value="68.000000"/>
  <attribute name="GC Util currently" value="68" />
  <attribute name="CPU Util currently" value="19382858554859" />
<exclusive-end id="1237" timestamp="2019-06-15T06:32:59.289" durationms="5.904" />

<exclusive-start id="1238" timestamp="2019-06-15T06:32:59.322" intervalms="38.848">
  <response-info timems="0.038" idlems="0.038" threads="0" lastid="00000000018DA500" lastname="Thread-9" />
</exclusive-start>
<allocation-taxation id="1239" taxation-threshold="68157440" timestamp="2019-06-15T06:32:59.323" intervalms="38.867" />
<cycle-start id="1240" type="partial gc" contextid="0" timestamp="2019-06-15T06:32:59.323" intervalms="38.815" />
<gc-start id="1241" type="partial gc" contextid="1240" timestamp="2019-06-15T06:32:59.323">
  <mem-info id="1242" free="75497472" total="249561088" percent="30">
    <mem type="eden" free="0" total="68157440" percent="0" />
    <arraylet-primitive objects="2" leaves="2" largest="1" />
    <remembered-set count="52704" freebytes="9750912" totalbytes="9961728" percent="97" regionsoverflowed="0" regionsstable="2" regionsrebuilding="0"/>
  </mem-info>
</gc-start>
<allocation-stats totalBytes="68146880" >
  <allocated-bytes non-tlh="0" tlh="68146880" arrayletleaf="0"/>
  <largest-consumer threadName="Thread-7" threadId="00000000018DE100" bytes="22340256" />
</allocation-stats>
<gc-op id="1243" type="copy forward" timems="3.875" contextid="1240" timestamp="2019-06-15T06:32:59.328">
  <memory-copied type="eden" objects="14486" bytes="622872" bytesdiscarded="0" />
  <memory-copied type="other" objects="13801" bytes="468600" bytesdiscarded="0" />
  <memory-cardclean objects="9144" bytes="452024" />
  <regions eden="65" other="2" />
  <remembered-set-cleared processed="45901" cleared="1304" durationms="0.567" />
  <stringconstants candidates="4597" cleared="0"  />
</gc-op>
<gc-op id="1244" type="classunload" timems="0.002" contextid="1240" timestamp="2019-06-15T06:32:59.328">
  <classunload-info classloadercandidates="8" classloadersunloaded="0" classesunloaded="0" anonymousclassesunloaded="0" quiescems="0.000" setupms="0.002" scanms="0.000" postms="0.000" />
</gc-op>
<heap-resize id="1245" type="expand" space="default" amount="17825792" count="1" timems="0.161" reason="excessive time being spent in gc" timestamp="2019-06-15T06:32:59.328" />
<gc-end id="1246" type="partial gc" contextid="1240" durationms="5.435" usertimems="8.000" systemtimems="0.000" timestamp="2019-06-15T06:32:59.328" activeThreads="1">
  <mem-info id="1247" free="160432128" total="267386880" percent="60">
    <mem type="eden" free="425704" total="1048576" percent="40" />
    <arraylet-primitive objects="2" leaves="2" largest="1" />
    <remembered-set count="53728" freebytes="10458368" totalbytes="10673280" percent="97" regionsoverflowed="0" regionsstable="2" regionsrebuilding="0"/>
  </mem-info>
</gc-end>
<cycle-end id="1248" type="partial gc" contextid="1240" timestamp="2019-06-15T06:32:59.329" />
  <attribute name="elasticGC enabled" value="1" />
  <attribute name= "numThreadsSpecified" value="1" />
  <attribute name="heapSize specified" value="0" />
  <attribute name="Current GC Util" value="70" />
  <attribute name= "Current Time Running" value="3930" />
  <attribute name ="GC Interval" value="0" />
  <attribute name="ProportionalT" value="25.000000" />
  <attribute name="ProportionalI" value="25.000000" />
  <attribute name="ProportionalH" value="25.000000" />
  <attribute name="Current Error" value="50.000000" />
  <attribute name="IntegralT" value="0.000000" />
  <attribute name="IntegralI" value="0.000000" />
  <attribute name="IntegralH" value="0.000000" />
  <attribute name="DerivativeT" value="inf" />
  <attribute name="DerivativeI" value="inf" />
  <attribute name="DerivativeH" value="inf" />
  <attribute name="Loop Time for DT" value="0.000000" />
  <attribute name="Output H" value="8388608"/>
  <attribute name="Output I" value="200"/>
  <attribute name="Output T" value="1"/>
  <attribute name="Target GC Util Change" value ="20.000000" />
  <attribute name="Current GC Util Change" value="70.000000"/>
  <attribute name="GC Util currently" value="70" />
  <attribute name="CPU Util currently" value="18401109266626" />
<exclusive-end id="1249" timestamp="2019-06-15T06:32:59.329" durationms="6.524" />

<exclusive-start id="1250" timestamp="2019-06-15T06:32:59.365" intervalms="42.551">
  <response-info timems="0.038" idlems="0.038" threads="0" lastid="00000000018D2D00" lastname="Thread-8" />
</exclusive-start>
<allocation-taxation id="1251" taxation-threshold="72351744" timestamp="2019-06-15T06:32:59.365" intervalms="42.576" />
<cycle-start id="1252" type="partial gc" contextid="0" timestamp="2019-06-15T06:32:59.365" intervalms="42.649" />
<gc-start id="1253" type="partial gc" contextid="1252" timestamp="2019-06-15T06:32:59.366">
  <mem-info id="1254" free="88080384" total="267386880" percent="32">
    <mem type="eden" free="0" total="72351744" percent="0" />
    <arraylet-primitive objects="2" leaves="2" largest="1" />
    <remembered-set count="53280" freebytes="10460160" totalbytes="10673280" percent="98" regionsoverflowed="0" regionsstable="2" regionsrebuilding="0"/>
  </mem-info>
</gc-start>
<allocation-stats totalBytes="72341440" >
  <allocated-bytes non-tlh="0" tlh="72341440" arrayletleaf="0"/>
  <largest-consumer threadName="Thread-7" threadId="00000000018DE100" bytes="20698408" />
</allocation-stats>
<gc-op id="1255" type="copy forward" timems="2.233" contextid="1252" timestamp="2019-06-15T06:32:59.369">
  <memory-copied type="eden" objects="15320" bytes="644392" bytesdiscarded="64208" />
  <memory-copied type="other" objects="19587" bytes="744840" bytesdiscarded="84584" />
  <memory-cardclean objects="10121" bytes="503408" />
  <regions eden="69" other="3" />
  <remembered-set-cleared processed="46126" cleared="1608" durationms="0.205" />
  <stringconstants candidates="4597" cleared="0"  />
</gc-op>
<gc-op id="1256" type="classunload" timems="0.002" contextid="1252" timestamp="2019-06-15T06:32:59.369">
  <classunload-info classloadercandidates="8" classloadersunloaded="0" classesunloaded="0" anonymousclassesunloaded="0" quiescems="0.000" setupms="0.002" scanms="0.000" postms="0.000" />
</gc-op>
<heap-resize id="1257" type="expand" space="default" amount="3145728" count="1" timems="0.081" reason="excessive time being spent in gc" timestamp="2019-06-15T06:32:59.369" />
<gc-end id="1258" type="partial gc" contextid="1252" durationms="3.600" usertimems="4.000" systemtimems="4.000" timestamp="2019-06-15T06:32:59.369" activeThreads="4">
  <mem-info id="1259" free="162529280" total="270532608" percent="60">
    <mem type="eden" free="339976" total="1048576" percent="32" />
    <arraylet-primitive objects="2" leaves="2" largest="1" />
    <remembered-set count="52864" freebytes="10587392" totalbytes="10798848" percent="98" regionsoverflowed="0" regionsstable="2" regionsrebuilding="0"/>
  </mem-info>
</gc-end>
<cycle-end id="1260" type="partial gc" contextid="1252" timestamp="2019-06-15T06:32:59.369" />
  <attribute name="elasticGC enabled" value="1" />
  <attribute name= "numThreadsSpecified" value="4" />
  <attribute name="heapSize specified" value="0" />
  <attribute name="Current GC Util" value="69" />
  <attribute name= "Current Time Running" value="3973" />
  <attribute name ="GC Interval" value="0" />
  <attribute name="ProportionalT" value="24.500000" />
  <attribute name="ProportionalI" value="24.500000" />
  <attribute name="ProportionalH" value="24.500000" />
  <attribute name="Current Error" value="49.000000" />
  <attribute name="IntegralT" value="49.000000" />
  <attribute name="IntegralI" value="49.000000" />
  <attribute name="IntegralH" value="49.000000" />
  <attribute name="DerivativeT" value="49.000000" />
  <attribute name="DerivativeI" value="49.000000" />
  <attribute name="DerivativeH" value="49.000000" />
  <attribute name="Loop Time for DT" value="1.000000" />
  <attribute name="Output H" value="8388608"/>
  <attribute name="Output I" value="200"/>
  <attribute name="Output T" value="4"/>
  <attribute name="Target GC Util Change" value ="20.000000" />
  <attribute name="Current GC Util Change" value="69.000000"/>
  <attribute name="GC Util currently" value="69" />
  <attribute name="CPU Util currently" value="17908764724745" />
<exclusive-end id="1261" timestamp="2019-06-15T06:32:59.370" durationms="4.778" />

<exclusive-start id="1262" timestamp="2019-06-15T06:32:59.402" intervalms="36.795">
  <response-info timems="0.047" idlems="0.047" threads="0" lastid="00000000018D2D00" lastname="Thread-8" />
</exclusive-start>
<allocation-taxation id="1263" taxation-threshold="73400320" timestamp="2019-06-15T06:32:59.402" intervalms="36.781" />
<cycle-start id="1264" type="partial gc" contextid="0" timestamp="2019-06-15T06:32:59.402" intervalms="36.734" />
<gc-start id="1265" type="partial gc" contextid="1264" timestamp="2019-06-15T06:32:59.402">
  <mem-info id="1266" free="89128960" total="270532608" percent="32">
    <mem type="eden" free="0" total="73400320" percent="0" />
    <arraylet-primitive objects="2" leaves="2" largest="1" />
    <remembered-set count="52672" freebytes="10588160" totalbytes="10798848" percent="98" regionsoverflowed="0" regionsstable="2" regionsrebuilding="0"/>
  </mem-info>
</gc-start>
<allocation-stats totalBytes="73390312" >
  <allocated-bytes non-tlh="0" tlh="73390312" arrayletleaf="0"/>
  <largest-consumer threadName="Thread-10" threadId="00000000018D6900" bytes="23438168" />
</allocation-stats>
<gc-op id="1267" type="copy forward" timems="2.269" contextid="1264" timestamp="2019-06-15T06:32:59.405">
  <memory-copied type="eden" objects="10701" bytes="395240" bytesdiscarded="21904" />
  <memory-copied type="other" objects="29181" bytes="1112472" bytesdiscarded="58608" />
  <memory-cardclean objects="9994" bytes="497384" />
  <regions eden="70" other="4" />
  <remembered-set-cleared processed="46226" cleared="1708" durationms="0.214" />
  <stringconstants candidates="4597" cleared="0"  />
</gc-op>
<gc-op id="1268" type="classunload" timems="0.003" contextid="1264" timestamp="2019-06-15T06:32:59.405">
  <classunload-info classloadercandidates="8" classloadersunloaded="0" classesunloaded="0" anonymousclassesunloaded="0" quiescems="0.000" setupms="0.002" scanms="0.000" postms="0.000" />
</gc-op>
<heap-resize id="1269" type="expand" space="default" amount="2097152" count="1" timems="0.065" reason="excessive time being spent in gc" timestamp="2019-06-15T06:32:59.406" />
<gc-end id="1270" type="partial gc" contextid="1264" durationms="3.424" usertimems="8.000" systemtimems="0.000" timestamp="2019-06-15T06:32:59.406" activeThreads="4">
  <mem-info id="1271" free="163577856" total="272629760" percent="60">
    <mem type="eden" free="631432" total="1048576" percent="60" />
    <arraylet-primitive objects="2" leaves="2" largest="1" />
    <remembered-set count="53888" freebytes="10667008" totalbytes="10882560" percent="98" regionsoverflowed="0" regionsstable="2" regionsrebuilding="0"/>
  </mem-info>
</gc-end>
<cycle-end id="1272" type="partial gc" contextid="1264" timestamp="2019-06-15T06:32:59.406" />
  <attribute name="elasticGC enabled" value="1" />
  <attribute name= "numThreadsSpecified" value="4" />
  <attribute name="heapSize specified" value="0" />
  <attribute name="Current GC Util" value="0" />
  <attribute name= "Current Time Running" value="4009" />
  <attribute name ="GC Interval" value="0" />
  <attribute name="ProportionalT" value="-10.000000" />
  <attribute name="ProportionalI" value="-10.000000" />
  <attribute name="ProportionalH" value="-10.000000" />
  <attribute name="Current Error" value="-20.000000" />
  <attribute name="IntegralT" value="0.000000" />
  <attribute name="IntegralI" value="0.000000" />
  <attribute name="IntegralH" value="0.000000" />
  <attribute name="DerivativeT" value="-inf" />
  <attribute name="DerivativeI" value="-inf" />
  <attribute name="DerivativeH" value="-inf" />
  <attribute name="Loop Time for DT" value="0.000000" />
  <attribute name="Output H" value="2091843584"/>
  <attribute name="Output I" value="200"/>
  <attribute name="Output T" value="4"/>
  <attribute name="Target GC Util Change" value ="20.000000" />
  <attribute name="Current GC Util Change" value="0.000000"/>
  <attribute name="GC Util currently" value="0" />
  <attribute name="CPU Util currently" value="25850257870395" />
<exclusive-end id="1273" timestamp="2019-06-15T06:32:59.406" durationms="4.470" />

<exclusive-start id="1274" timestamp="2019-06-15T06:32:59.441" intervalms="39.180">
  <response-info timems="0.082" idlems="0.082" threads="0" lastid="00000000018DA500" lastname="Thread-9" />
</exclusive-start>
<allocation-taxation id="1275" taxation-threshold="74448896" timestamp="2019-06-15T06:32:59.441" intervalms="39.188" />
<cycle-start id="1276" type="partial gc" contextid="0" timestamp="2019-06-15T06:32:59.441" intervalms="39.175" />
<gc-start id="1277" type="partial gc" contextid="1276" timestamp="2019-06-15T06:32:59.442">
  <mem-info id="1278" free="89128960" total="272629760" percent="32">
    <mem type="eden" free="0" total="74448896" percent="0" />
    <arraylet-primitive objects="2" leaves="2" largest="1" />
    <remembered-set count="53696" freebytes="10667776" totalbytes="10882560" percent="98" regionsoverflowed="0" regionsstable="2" regionsrebuilding="0"/>
  </mem-info>
</gc-start>
<allocation-stats totalBytes="74437720" >
  <allocated-bytes non-tlh="0" tlh="74437720" arrayletleaf="0"/>
  <largest-consumer threadName="Thread-10" threadId="00000000018D6900" bytes="25047136" />
</allocation-stats>
<gc-op id="1279" type="copy forward" timems="4.573" contextid="1276" timestamp="2019-06-15T06:32:59.447">
  <memory-copied type="eden" objects="11739" bytes="420472" bytesdiscarded="0" />
  <memory-copied type="other" objects="26645" bytes="1051608" bytesdiscarded="0" />
  <memory-cardclean objects="5845" bytes="294016" />
  <regions eden="71" other="5" />
  <remembered-set-cleared processed="47212" cleared="3690" durationms="0.542" />
  <stringconstants candidates="4597" cleared="0"  />
</gc-op>
<gc-op id="1280" type="classunload" timems="0.002" contextid="1276" timestamp="2019-06-15T06:32:59.447">
  <classunload-info classloadercandidates="8" classloadersunloaded="0" classesunloaded="0" anonymousclassesunloaded="0" quiescems="0.000" setupms="0.002" scanms="0.000" postms="0.000" />
</gc-op>
<gc-end id="1281" type="partial gc" contextid="1276" durationms="5.724" usertimems="8.000" systemtimems="4.000" timestamp="2019-06-15T06:32:59.447" activeThreads="1">
  <mem-info id="1282" free="163577856" total="272629760" percent="60">
    <mem type="eden" free="628104" total="1048576" percent="59" />
    <arraylet-primitive objects="2" leaves="2" largest="1" />
    <remembered-set count="53408" freebytes="10668928" totalbytes="10882560" percent="98" regionsoverflowed="0" regionsstable="2" regionsrebuilding="0"/>
  </mem-info>
</gc-end>
<cycle-end id="1283" type="partial gc" contextid="1276" timestamp="2019-06-15T06:32:59.447" />
  <attribute name="elasticGC enabled" value="1" />
  <attribute name= "numThreadsSpecified" value="1" />
  <attribute name="heapSize specified" value="0" />
  <attribute name="Current GC Util" value="64" />
  <attribute name= "Current Time Running" value="4048" />
  <attribute name ="GC Interval" value="0" />
  <attribute name="ProportionalT" value="22.000000" />
  <attribute name="ProportionalI" value="22.000000" />
  <attribute name="ProportionalH" value="22.000000" />
  <attribute name="Current Error" value="44.000000" />
  <attribute name="IntegralT" value="0.000000" />
  <attribute name="IntegralI" value="0.000000" />
  <attribute name="IntegralH" value="0.000000" />
  <attribute name="DerivativeT" value="inf" />
  <attribute name="DerivativeI" value="inf" />
  <attribute name="DerivativeH" value="inf" />
  <attribute name="Loop Time for DT" value="0.000000" />
  <attribute name="Output H" value="8388608"/>
  <attribute name="Output I" value="200"/>
  <attribute name="Output T" value="1"/>
  <attribute name="Target GC Util Change" value ="20.000000" />
  <attribute name="Current GC Util Change" value="64.000000"/>
  <attribute name="GC Util currently" value="64" />
  <attribute name="CPU Util currently" value="19536654920221" />
<exclusive-end id="1284" timestamp="2019-06-15T06:32:59.448" durationms="6.763" />

<exclusive-start id="1285" timestamp="2019-06-15T06:32:59.479" intervalms="38.059">
  <response-info timems="0.047" idlems="0.047" threads="0" lastid="00000000018D2D00" lastname="Thread-8" />
</exclusive-start>
<allocation-taxation id="1286" taxation-threshold="74448896" timestamp="2019-06-15T06:32:59.479" intervalms="38.054" />
<cycle-start id="1287" type="partial gc" contextid="0" timestamp="2019-06-15T06:32:59.479" intervalms="38.076" />
<gc-start id="1288" type="partial gc" contextid="1287" timestamp="2019-06-15T06:32:59.480">
  <mem-info id="1289" free="89128960" total="272629760" percent="32">
    <mem type="eden" free="0" total="74448896" percent="0" />
    <arraylet-primitive objects="2" leaves="2" largest="1" />
    <remembered-set count="53184" freebytes="10669824" totalbytes="10882560" percent="98" regionsoverflowed="0" regionsstable="2" regionsrebuilding="0"/>
  </mem-info>
</gc-start>
<allocation-stats totalBytes="74437832" >
  <allocated-bytes non-tlh="0" tlh="74437832" arrayletleaf="0"/>
  <largest-consumer threadName="Thread-10" threadId="00000000018D6900" bytes="21963568" />
</allocation-stats>
<gc-op id="1290" type="copy forward" timems="2.243" contextid="1287" timestamp="2019-06-15T06:32:59.483">
  <memory-copied type="eden" objects="16267" bytes="665960" bytesdiscarded="34680" />
  <memory-copied type="other" objects="19764" bytes="749112" bytesdiscarded="85264" />
  <memory-cardclean objects="6402" bytes="335544" />
  <regions eden="71" other="3" />
  <remembered-set-cleared processed="45892" cleared="1228" durationms="0.209" />
  <stringconstants candidates="4597" cleared="0"  />
</gc-op>
<gc-op id="1291" type="classunload" timems="0.003" contextid="1287" timestamp="2019-06-15T06:32:59.483">
  <classunload-info classloadercandidates="8" classloadersunloaded="0" classesunloaded="0" anonymousclassesunloaded="0" quiescems="0.000" setupms="0.003" scanms="0.000" postms="0.000" />
</gc-op>
<heap-resize id="1292" type="expand" space="default" amount="3145728" count="1" timems="0.074" reason="excessive time being spent in gc" timestamp="2019-06-15T06:32:59.483" />
<gc-end id="1293" type="partial gc" contextid="1287" durationms="3.465" usertimems="8.000" systemtimems="0.000" timestamp="2019-06-15T06:32:59.483" activeThreads="4">
  <mem-info id="1294" free="165675008" total="275775488" percent="60">
    <mem type="eden" free="347936" total="1048576" percent="33" />
    <arraylet-primitive objects="2" leaves="2" largest="1" />
    <remembered-set count="52608" freebytes="10797696" totalbytes="11008128" percent="98" regionsoverflowed="0" regionsstable="2" regionsrebuilding="0"/>
  </mem-info>
</gc-end>
<cycle-end id="1295" type="partial gc" contextid="1287" timestamp="2019-06-15T06:32:59.483" />
  <attribute name="elasticGC enabled" value="1" />
  <attribute name= "numThreadsSpecified" value="4" />
  <attribute name="heapSize specified" value="0" />
  <attribute name="Current GC Util" value="91" />
  <attribute name= "Current Time Running" value="4087" />
  <attribute name ="GC Interval" value="0" />
  <attribute name="ProportionalT" value="35.500000" />
  <attribute name="ProportionalI" value="35.500000" />
  <attribute name="ProportionalH" value="35.500000" />
  <attribute name="Current Error" value="71.000000" />
  <attribute name="IntegralT" value="71.000000" />
  <attribute name="IntegralI" value="71.000000" />
  <attribute name="IntegralH" value="71.000000" />
  <attribute name="DerivativeT" value="71.000000" />
  <attribute name="DerivativeI" value="71.000000" />
  <attribute name="DerivativeH" value="71.000000" />
  <attribute name="Loop Time for DT" value="1.000000" />
  <attribute name="Output H" value="8388608"/>
  <attribute name="Output I" value="200"/>
  <attribute name="Output T" value="4"/>
  <attribute name="Target GC Util Change" value ="20.000000" />
  <attribute name="Current GC Util Change" value="91.000000"/>
  <attribute name="GC Util currently" value="91" />
  <attribute name="CPU Util currently" value="21327688127175" />
<exclusive-end id="1296" timestamp="2019-06-15T06:32:59.485" durationms="6.199" />

<exclusive-start id="1297" timestamp="2019-06-15T06:32:59.519" intervalms="40.455">
  <response-info timems="0.053" idlems="0.053" threads="0" lastid="00000000018DA500" lastname="Thread-9" />
</exclusive-start>
<allocation-taxation id="1298" taxation-threshold="74448896" timestamp="2019-06-15T06:32:59.520" intervalms="40.451" />
<cycle-start id="1299" type="partial gc" contextid="0" timestamp="2019-06-15T06:32:59.520" intervalms="40.447" />
<gc-start id="1300" type="partial gc" contextid="1299" timestamp="2019-06-15T06:32:59.520">
  <mem-info id="1301" free="91226112" total="275775488" percent="33">
    <mem type="eden" free="0" total="74448896" percent="0" />
    <arraylet-primitive objects="2" leaves="2" largest="1" />
    <remembered-set count="52416" freebytes="10798464" totalbytes="11008128" percent="98" regionsoverflowed="0" regionsstable="2" regionsrebuilding="0"/>
  </mem-info>
</gc-start>
<allocation-stats totalBytes="74437912" >
  <allocated-bytes non-tlh="0" tlh="74437912" arrayletleaf="0"/>
  <largest-consumer threadName="Thread-7" threadId="00000000018DE100" bytes="26144776" />
</allocation-stats>
<gc-op id="1302" type="copy forward" timems="4.020" contextid="1299" timestamp="2019-06-15T06:32:59.525">
  <memory-copied type="eden" objects="10777" bytes="396688" bytesdiscarded="0" />
  <memory-copied type="other" objects="22916" bytes="962136" bytesdiscarded="0" />
  <memory-cardclean objects="2754" bytes="141744" />
  <regions eden="71" other="6" />
  <remembered-set-cleared processed="45936" cleared="2800" durationms="0.558" />
  <stringconstants candidates="4597" cleared="0"  />
</gc-op>
<gc-op id="1303" type="classunload" timems="0.003" contextid="1299" timestamp="2019-06-15T06:32:59.525">
  <classunload-info classloadercandidates="8" classloadersunloaded="0" classesunloaded="0" anonymousclassesunloaded="0" quiescems="0.000" setupms="0.003" scanms="0.000" postms="0.000" />
</gc-op>
<gc-end id="1304" type="partial gc" contextid="1299" durationms="5.162" usertimems="8.000" systemtimems="0.000" timestamp="2019-06-15T06:32:59.525" activeThreads="1">
  <mem-info id="1305" free="166723584" total="275775488" percent="60">
    <mem type="eden" free="651888" total="1048576" percent="62" />
    <arraylet-primitive objects="2" leaves="2" largest="1" />
    <remembered-set count="51648" freebytes="10801536" totalbytes="11008128" percent="98" regionsoverflowed="0" regionsstable="2" regionsrebuilding="0"/>
  </mem-info>
</gc-end>
<cycle-end id="1306" type="partial gc" contextid="1299" timestamp="2019-06-15T06:32:59.525" />
  <attribute name="elasticGC enabled" value="1" />
  <attribute name= "numThreadsSpecified" value="1" />
  <attribute name="heapSize specified" value="0" />
  <attribute name="Current GC Util" value="67" />
  <attribute name= "Current Time Running" value="4127" />
  <attribute name ="GC Interval" value="0" />
  <attribute name="ProportionalT" value="23.500000" />
  <attribute name="ProportionalI" value="23.500000" />
  <attribute name="ProportionalH" value="23.500000" />
  <attribute name="Current Error" value="47.000000" />
  <attribute name="IntegralT" value="0.000000" />
  <attribute name="IntegralI" value="0.000000" />
  <attribute name="IntegralH" value="0.000000" />
  <attribute name="DerivativeT" value="inf" />
  <attribute name="DerivativeI" value="inf" />
  <attribute name="DerivativeH" value="inf" />
  <attribute name="Loop Time for DT" value="0.000000" />
  <attribute name="Output H" value="8388608"/>
  <attribute name="Output I" value="200"/>
  <attribute name="Output T" value="1"/>
  <attribute name="Target GC Util Change" value ="20.000000" />
  <attribute name="Current GC Util Change" value="67.000000"/>
  <attribute name="GC Util currently" value="67" />
  <attribute name="CPU Util currently" value="18568030388731" />
<exclusive-end id="1307" timestamp="2019-06-15T06:32:59.526" durationms="6.281" />

<exclusive-start id="1308" timestamp="2019-06-15T06:32:59.563" intervalms="43.616">
  <response-info timems="0.062" idlems="0.062" threads="0" lastid="00000000018DE100" lastname="Thread-7" />
</exclusive-start>
<allocation-taxation id="1309" taxation-threshold="74448896" timestamp="2019-06-15T06:32:59.563" intervalms="43.597" />
<cycle-start id="1310" type="partial gc" contextid="0" timestamp="2019-06-15T06:32:59.563" intervalms="43.568" />
<gc-start id="1311" type="partial gc" contextid="1310" timestamp="2019-06-15T06:32:59.564">
  <mem-info id="1312" free="92274688" total="275775488" percent="33">
    <mem type="eden" free="0" total="74448896" percent="0" />
    <arraylet-primitive objects="2" leaves="2" largest="1" />
    <remembered-set count="51264" freebytes="10803072" totalbytes="11008128" percent="98" regionsoverflowed="0" regionsstable="2" regionsrebuilding="0"/>
  </mem-info>
</gc-start>
<allocation-stats totalBytes="74438096" >
  <allocated-bytes non-tlh="0" tlh="74438096" arrayletleaf="0"/>
  <largest-consumer threadName="Thread-7" threadId="00000000018DE100" bytes="25501880" />
</allocation-stats>
<gc-op id="1313" type="copy forward" timems="3.522" contextid="1310" timestamp="2019-06-15T06:32:59.568">
  <memory-copied type="eden" objects="19157" bytes="872960" bytesdiscarded="0" />
  <memory-copied type="other" objects="9458" bytes="364392" bytesdiscarded="0" />
  <memory-cardclean objects="1631" bytes="83784" />
  <regions eden="71" other="6" />
  <remembered-set-cleared processed="44454" cleared="3038" durationms="0.523" />
  <stringconstants candidates="4597" cleared="0"  />
</gc-op>
<gc-op id="1314" type="classunload" timems="0.003" contextid="1310" timestamp="2019-06-15T06:32:59.568">
  <classunload-info classloadercandidates="8" classloadersunloaded="0" classesunloaded="0" anonymousclassesunloaded="0" quiescems="0.000" setupms="0.003" scanms="0.000" postms="0.000" />
</gc-op>
<gc-end id="1315" type="partial gc" contextid="1310" durationms="4.547" usertimems="8.000" systemtimems="0.000" timestamp="2019-06-15T06:32:59.568" activeThreads="1">
  <mem-info id="1316" free="167772160" total="275775488" percent="60">
    <mem type="eden" free="175616" total="1048576" percent="16" />
    <arraylet-primitive objects="2" leaves="2" largest="1" />
    <remembered-set count="49280" freebytes="10811008" totalbytes="11008128" percent="98" regionsoverflowed="0" regionsstable="2" regionsrebuilding="0"/>
  </mem-info>
</gc-end>
<cycle-end id="1317" type="partial gc" contextid="1310" timestamp="2019-06-15T06:32:59.568" />
  <attribute name="elasticGC enabled" value="1" />
  <attribute name= "numThreadsSpecified" value="1" />
  <attribute name="heapSize specified" value="0" />
  <attribute name="Current GC Util" value="78" />
  <attribute name= "Current Time Running" value="4170" />
  <attribute name ="GC Interval" value="0" />
  <attribute name="ProportionalT" value="29.000000" />
  <attribute name="ProportionalI" value="29.000000" />
  <attribute name="ProportionalH" value="29.000000" />
  <attribute name="Current Error" value="58.000000" />
  <attribute name="IntegralT" value="0.000000" />
  <attribute name="IntegralI" value="0.000000" />
  <attribute name="IntegralH" value="0.000000" />
  <attribute name="DerivativeT" value="inf" />
  <attribute name="DerivativeI" value="inf" />
  <attribute name="DerivativeH" value="inf" />
  <attribute name="Loop Time for DT" value="0.000000" />
  <attribute name="Output H" value="8388608"/>
  <attribute name="Output I" value="200"/>
  <attribute name="Output T" value="1"/>
  <attribute name="Target GC Util Change" value ="20.000000" />
  <attribute name="Current GC Util Change" value="78.000000"/>
  <attribute name="GC Util currently" value="78" />
  <attribute name="CPU Util currently" value="19326728621295" />
<exclusive-end id="1318" timestamp="2019-06-15T06:32:59.569" durationms="5.527" />

<exclusive-start id="1319" timestamp="2019-06-15T06:32:59.611" intervalms="48.344">
  <response-info timems="0.038" idlems="0.038" threads="0" lastid="00000000018D2D00" lastname="Thread-8" />
</exclusive-start>
<allocation-taxation id="1320" taxation-threshold="74448896" timestamp="2019-06-15T06:32:59.612" intervalms="48.343" />
<cycle-start id="1321" type="partial gc" contextid="0" timestamp="2019-06-15T06:32:59.612" intervalms="48.324" />
<gc-start id="1322" type="partial gc" contextid="1321" timestamp="2019-06-15T06:32:59.612">
  <mem-info id="1323" free="93323264" total="275775488" percent="33">
    <mem type="eden" free="0" total="74448896" percent="0" />
    <arraylet-primitive objects="2" leaves="2" largest="1" />
    <remembered-set count="48864" freebytes="10812672" totalbytes="11008128" percent="98" regionsoverflowed="0" regionsstable="2" regionsrebuilding="0"/>
  </mem-info>
</gc-start>
<allocation-stats totalBytes="74437624" >
  <allocated-bytes non-tlh="0" tlh="74437624" arrayletleaf="0"/>
  <largest-consumer threadName="Thread-7" threadId="00000000018DE100" bytes="24990008" />
</allocation-stats>
<gc-op id="1324" type="copy forward" timems="3.460" contextid="1321" timestamp="2019-06-15T06:32:59.616">
  <memory-copied type="eden" objects="17888" bytes="705496" bytesdiscarded="0" />
  <memory-copied type="other" objects="7712" bytes="322464" bytesdiscarded="0" />
  <memory-cardclean objects="3685" bytes="197336" />
  <regions eden="71" other="3" />
  <remembered-set-cleared processed="42525" cleared="598" durationms="0.527" />
  <stringconstants candidates="4597" cleared="0"  />
</gc-op>
<gc-op id="1325" type="classunload" timems="0.002" contextid="1321" timestamp="2019-06-15T06:32:59.616">
  <classunload-info classloadercandidates="8" classloadersunloaded="0" classesunloaded="0" anonymousclassesunloaded="0" quiescems="0.000" setupms="0.002" scanms="0.000" postms="0.000" />
</gc-op>
<gc-end id="1326" type="partial gc" contextid="1321" durationms="4.455" usertimems="8.000" systemtimems="0.000" timestamp="2019-06-15T06:32:59.616" activeThreads="1">
  <mem-info id="1327" free="166723584" total="275775488" percent="60">
    <mem type="eden" free="343080" total="1048576" percent="32" />
    <arraylet-primitive objects="2" leaves="2" largest="1" />
    <remembered-set count="49952" freebytes="10808320" totalbytes="11008128" percent="98" regionsoverflowed="0" regionsstable="2" regionsrebuilding="0"/>
  </mem-info>
</gc-end>
<cycle-end id="1328" type="partial gc" contextid="1321" timestamp="2019-06-15T06:32:59.617" />
  <attribute name="elasticGC enabled" value="1" />
  <attribute name= "numThreadsSpecified" value="1" />
  <attribute name="heapSize specified" value="0" />
  <attribute name="Current GC Util" value="87" />
  <attribute name= "Current Time Running" value="4219" />
  <attribute name ="GC Interval" value="0" />
  <attribute name="ProportionalT" value="33.500000" />
  <attribute name="ProportionalI" value="33.500000" />
  <attribute name="ProportionalH" value="33.500000" />
  <attribute name="Current Error" value="67.000000" />
  <attribute name="IntegralT" value="0.000000" />
  <attribute name="IntegralI" value="0.000000" />
  <attribute name="IntegralH" value="0.000000" />
  <attribute name="DerivativeT" value="inf" />
  <attribute name="DerivativeI" value="inf" />
  <attribute name="DerivativeH" value="inf" />
  <attribute name="Loop Time for DT" value="0.000000" />
  <attribute name="Output H" value="8388608"/>
  <attribute name="Output I" value="200"/>
  <attribute name="Output T" value="1"/>
  <attribute name="Target GC Util Change" value ="20.000000" />
  <attribute name="Current GC Util Change" value="87.000000"/>
  <attribute name="GC Util currently" value="87" />
  <attribute name="CPU Util currently" value="21966162582153" />
<exclusive-end id="1329" timestamp="2019-06-15T06:32:59.617" durationms="5.305" />

<exclusive-start id="1330" timestamp="2019-06-15T06:32:59.669" intervalms="57.765">
  <response-info timems="0.084" idlems="0.084" threads="0" lastid="00000000018D2D00" lastname="Thread-8" />
</exclusive-start>
<allocation-taxation id="1331" taxation-threshold="74448896" timestamp="2019-06-15T06:32:59.669" intervalms="57.767" />
<cycle-start id="1332" type="partial gc" contextid="0" timestamp="2019-06-15T06:32:59.669" intervalms="57.769" />
<gc-start id="1333" type="partial gc" contextid="1332" timestamp="2019-06-15T06:32:59.670">
  <mem-info id="1334" free="92274688" total="275775488" percent="33">
    <mem type="eden" free="0" total="74448896" percent="0" />
    <arraylet-primitive objects="2" leaves="2" largest="1" />
    <remembered-set count="49536" freebytes="10809984" totalbytes="11008128" percent="98" regionsoverflowed="0" regionsstable="2" regionsrebuilding="0"/>
  </mem-info>
</gc-start>
<allocation-stats totalBytes="74438328" >
  <allocated-bytes non-tlh="0" tlh="74438328" arrayletleaf="0"/>
  <largest-consumer threadName="Thread-7" threadId="00000000018DE100" bytes="30072960" />
</allocation-stats>
<gc-op id="1335" type="copy forward" timems="3.929" contextid="1332" timestamp="2019-06-15T06:32:59.674">
  <memory-copied type="eden" objects="15267" bytes="642664" bytesdiscarded="0" />
  <memory-copied type="other" objects="15718" bytes="651984" bytesdiscarded="0" />
  <memory-cardclean objects="3475" bytes="171992" />
  <regions eden="71" other="3" />
  <remembered-set-cleared processed="42872" cleared="799" durationms="0.532" />
  <stringconstants candidates="4597" cleared="0"  />
</gc-op>
<gc-op id="1336" type="classunload" timems="0.003" contextid="1332" timestamp="2019-06-15T06:32:59.674">
  <classunload-info classloadercandidates="8" classloadersunloaded="0" classesunloaded="0" anonymousclassesunloaded="0" quiescems="0.000" setupms="0.002" scanms="0.000" postms="0.000" />
</gc-op>
<gc-end id="1337" type="partial gc" contextid="1332" durationms="4.907" usertimems="8.000" systemtimems="0.000" timestamp="2019-06-15T06:32:59.675" activeThreads="1">
  <mem-info id="1338" free="165675008" total="275775488" percent="60">
    <mem type="eden" free="405912" total="1048576" percent="38" />
    <arraylet-primitive objects="2" leaves="2" largest="1" />
    <remembered-set count="50752" freebytes="10805120" totalbytes="11008128" percent="98" regionsoverflowed="0" regionsstable="2" regionsrebuilding="0"/>
  </mem-info>
</gc-end>
<cycle-end id="1339" type="partial gc" contextid="1332" timestamp="2019-06-15T06:32:59.675" />
  <attribute name="elasticGC enabled" value="1" />
  <attribute name= "numThreadsSpecified" value="1" />
  <attribute name="heapSize specified" value="0" />
  <attribute name="Current GC Util" value="91" />
  <attribute name= "Current Time Running" value="4276" />
  <attribute name ="GC Interval" value="0" />
  <attribute name="ProportionalT" value="35.500000" />
  <attribute name="ProportionalI" value="35.500000" />
  <attribute name="ProportionalH" value="35.500000" />
  <attribute name="Current Error" value="71.000000" />
  <attribute name="IntegralT" value="0.000000" />
  <attribute name="IntegralI" value="0.000000" />
  <attribute name="IntegralH" value="0.000000" />
  <attribute name="DerivativeT" value="inf" />
  <attribute name="DerivativeI" value="inf" />
  <attribute name="DerivativeH" value="inf" />
  <attribute name="Loop Time for DT" value="0.000000" />
  <attribute name="Output H" value="8388608"/>
  <attribute name="Output I" value="200"/>
  <attribute name="Output T" value="1"/>
  <attribute name="Target GC Util Change" value ="20.000000" />
  <attribute name="Current GC Util Change" value="91.000000"/>
  <attribute name="GC Util currently" value="91" />
  <attribute name="CPU Util currently" value="23381800314321" />
<exclusive-end id="1340" timestamp="2019-06-15T06:32:59.675" durationms="5.758" />

<exclusive-start id="1341" timestamp="2019-06-15T06:32:59.721" intervalms="51.689">
  <response-info timems="0.055" idlems="0.055" threads="0" lastid="00000000018DE100" lastname="Thread-7" />
</exclusive-start>
<allocation-taxation id="1342" taxation-threshold="74448896" timestamp="2019-06-15T06:32:59.721" intervalms="51.703" />
<cycle-start id="1343" type="partial gc" contextid="0" timestamp="2019-06-15T06:32:59.721" intervalms="51.746" />
<gc-start id="1344" type="partial gc" contextid="1343" timestamp="2019-06-15T06:32:59.721">
  <mem-info id="1345" free="91226112" total="275775488" percent="33">
    <mem type="eden" free="0" total="74448896" percent="0" />
    <arraylet-primitive objects="2" leaves="2" largest="1" />
    <remembered-set count="50432" freebytes="10806400" totalbytes="11008128" percent="98" regionsoverflowed="0" regionsstable="2" regionsrebuilding="0"/>
  </mem-info>
</gc-start>
<allocation-stats totalBytes="74438728" >
  <allocated-bytes non-tlh="0" tlh="74438728" arrayletleaf="0"/>
  <largest-consumer threadName="Thread-7" threadId="00000000018DE100" bytes="27468312" />
</allocation-stats>
<gc-op id="1346" type="copy forward" timems="3.785" contextid="1343" timestamp="2019-06-15T06:32:59.726">
  <memory-copied type="eden" objects="14864" bytes="633056" bytesdiscarded="0" />
  <memory-copied type="other" objects="17519" bytes="695208" bytesdiscarded="0" />
  <memory-cardclean objects="3323" bytes="165008" />
  <regions eden="71" other="4" />
  <remembered-set-cleared processed="43120" cleared="1047" durationms="0.514" />
  <stringconstants candidates="4597" cleared="0"  />
</gc-op>
<gc-op id="1347" type="classunload" timems="0.003" contextid="1343" timestamp="2019-06-15T06:32:59.726">
  <classunload-info classloadercandidates="8" classloadersunloaded="0" classesunloaded="0" anonymousclassesunloaded="0" quiescems="0.000" setupms="0.002" scanms="0.000" postms="0.000" />
</gc-op>
<gc-end id="1348" type="partial gc" contextid="1343" durationms="4.964" usertimems="8.000" systemtimems="0.000" timestamp="2019-06-15T06:32:59.726" activeThreads="1">
  <mem-info id="1349" free="164626432" total="275775488" percent="59">
    <mem type="eden" free="415520" total="1048576" percent="39" />
    <arraylet-primitive objects="2" leaves="2" largest="1" />
    <remembered-set count="50752" freebytes="10805120" totalbytes="11008128" percent="98" regionsoverflowed="0" regionsstable="2" regionsrebuilding="0"/>
  </mem-info>
</gc-end>
<cycle-end id="1350" type="partial gc" contextid="1343" timestamp="2019-06-15T06:32:59.727" />
  <attribute name="elasticGC enabled" value="1" />
  <attribute name= "numThreadsSpecified" value="1" />
  <attribute name="heapSize specified" value="0" />
  <attribute name="Current GC Util" value="74" />
  <attribute name= "Current Time Running" value="4328" />
  <attribute name ="GC Interval" value="0" />
  <attribute name="ProportionalT" value="27.000000" />
  <attribute name="ProportionalI" value="27.000000" />
  <attribute name="ProportionalH" value="27.000000" />
  <attribute name="Current Error" value="54.000000" />
  <attribute name="IntegralT" value="0.000000" />
  <attribute name="IntegralI" value="0.000000" />
  <attribute name="IntegralH" value="0.000000" />
  <attribute name="DerivativeT" value="inf" />
  <attribute name="DerivativeI" value="inf" />
  <attribute name="DerivativeH" value="inf" />
  <attribute name="Loop Time for DT" value="0.000000" />
  <attribute name="Output H" value="8388608"/>
  <attribute name="Output I" value="200"/>
  <attribute name="Output T" value="1"/>
  <attribute name="Target GC Util Change" value ="20.000000" />
  <attribute name="Current GC Util Change" value="74.000000"/>
  <attribute name="GC Util currently" value="74" />
  <attribute name="CPU Util currently" value="18028694640936" />
<exclusive-end id="1351" timestamp="2019-06-15T06:32:59.727" durationms="6.130" />

<exclusive-start id="1352" timestamp="2019-06-15T06:32:59.766" intervalms="45.660">
  <response-info timems="0.029" idlems="0.029" threads="0" lastid="00000000018D2D00" lastname="Thread-8" />
</exclusive-start>
<allocation-taxation id="1353" taxation-threshold="74448896" timestamp="2019-06-15T06:32:59.767" intervalms="45.688" />
<cycle-start id="1354" type="partial gc" contextid="0" timestamp="2019-06-15T06:32:59.767" intervalms="45.694" />
<gc-start id="1355" type="partial gc" contextid="1354" timestamp="2019-06-15T06:32:59.767">
  <mem-info id="1356" free="90177536" total="275775488" percent="32">
    <mem type="eden" free="0" total="74448896" percent="0" />
    <arraylet-primitive objects="2" leaves="2" largest="1" />
    <remembered-set count="50560" freebytes="10805888" totalbytes="11008128" percent="98" regionsoverflowed="0" regionsstable="2" regionsrebuilding="0"/>
  </mem-info>
</gc-start>
<allocation-stats totalBytes="74439248" >
  <allocated-bytes non-tlh="0" tlh="74439248" arrayletleaf="0"/>
  <largest-consumer threadName="Thread-7" threadId="00000000018DE100" bytes="21292336" />
</allocation-stats>
<gc-op id="1357" type="copy forward" timems="3.740" contextid="1354" timestamp="2019-06-15T06:32:59.772">
  <memory-copied type="eden" objects="16444" bytes="670784" bytesdiscarded="0" />
  <memory-copied type="other" objects="14401" bytes="620376" bytesdiscarded="0" />
  <memory-cardclean objects="2725" bytes="136304" />
  <regions eden="71" other="4" />
  <remembered-set-cleared processed="43239" cleared="1004" durationms="0.525" />
  <stringconstants candidates="4597" cleared="0"  />
</gc-op>
<gc-op id="1358" type="classunload" timems="0.002" contextid="1354" timestamp="2019-06-15T06:32:59.772">
  <classunload-info classloadercandidates="8" classloadersunloaded="0" classesunloaded="0" anonymousclassesunloaded="0" quiescems="0.000" setupms="0.002" scanms="0.000" postms="0.000" />
</gc-op>
<gc-end id="1359" type="partial gc" contextid="1354" durationms="4.852" usertimems="4.000" systemtimems="0.000" timestamp="2019-06-15T06:32:59.772" activeThreads="1">
  <mem-info id="1360" free="163577856" total="275775488" percent="59">
    <mem type="eden" free="377792" total="1048576" percent="36" />
    <arraylet-primitive objects="2" leaves="2" largest="1" />
    <remembered-set count="50912" freebytes="10804480" totalbytes="11008128" percent="98" regionsoverflowed="0" regionsstable="2" regionsrebuilding="0"/>
  </mem-info>
</gc-end>
<cycle-end id="1361" type="partial gc" contextid="1354" timestamp="2019-06-15T06:32:59.772" />
  <attribute name="elasticGC enabled" value="1" />
  <attribute name= "numThreadsSpecified" value="1" />
  <attribute name="heapSize specified" value="0" />
  <attribute name="Current GC Util" value="93" />
  <attribute name= "Current Time Running" value="4374" />
  <attribute name ="GC Interval" value="0" />
  <attribute name="ProportionalT" value="36.500000" />
  <attribute name="ProportionalI" value="36.500000" />
  <attribute name="ProportionalH" value="36.500000" />
  <attribute name="Current Error" value="73.000000" />
  <attribute name="IntegralT" value="0.000000" />
  <attribute name="IntegralI" value="0.000000" />
  <attribute name="IntegralH" value="0.000000" />
  <attribute name="DerivativeT" value="inf" />
  <attribute name="DerivativeI" value="inf" />
  <attribute name="DerivativeH" value="inf" />
  <attribute name="Loop Time for DT" value="0.000000" />
  <attribute name="Output H" value="8388608"/>
  <attribute name="Output I" value="200"/>
  <attribute name="Output T" value="1"/>
  <attribute name="Target GC Util Change" value ="20.000000" />
  <attribute name="Current GC Util Change" value="93.000000"/>
  <attribute name="GC Util currently" value="93" />
  <attribute name="CPU Util currently" value="19712019093331" />
<exclusive-end id="1362" timestamp="2019-06-15T06:32:59.772" durationms="5.982" />

<exclusive-start id="1363" timestamp="2019-06-15T06:32:59.807" intervalms="40.823">
  <response-info timems="0.028" idlems="0.028" threads="0" lastid="00000000018D6900" lastname="Thread-10" />
</exclusive-start>
<allocation-taxation id="1364" taxation-threshold="74448896" timestamp="2019-06-15T06:32:59.808" intervalms="40.788" />
<cycle-start id="1365" type="partial gc" contextid="0" timestamp="2019-06-15T06:32:59.808" intervalms="40.795" />
<gc-start id="1366" type="partial gc" contextid="1365" timestamp="2019-06-15T06:32:59.808">
  <mem-info id="1367" free="89128960" total="275775488" percent="32">
    <mem type="eden" free="0" total="74448896" percent="0" />
    <arraylet-primitive objects="2" leaves="2" largest="1" />
    <remembered-set count="50432" freebytes="10806400" totalbytes="11008128" percent="98" regionsoverflowed="0" regionsstable="2" regionsrebuilding="0"/>
  </mem-info>
</gc-start>
<allocation-stats totalBytes="74438952" >
  <allocated-bytes non-tlh="0" tlh="74438952" arrayletleaf="0"/>
  <largest-consumer threadName="Thread-8" threadId="00000000018D2D00" bytes="20890760" />
</allocation-stats>
<gc-op id="1368" type="copy forward" timems="3.222" contextid="1365" timestamp="2019-06-15T06:32:59.812">
  <memory-copied type="eden" objects="18676" bytes="861472" bytesdiscarded="0" />
  <memory-copied type="other" objects="7948" bytes="328128" bytesdiscarded="0" />
  <memory-cardclean objects="2095" bytes="106064" />
  <regions eden="71" other="5" />
  <remembered-set-cleared processed="43306" cleared="3351" durationms="0.539" />
  <stringconstants candidates="4597" cleared="0"  />
</gc-op>
<gc-op id="1369" type="classunload" timems="0.002" contextid="1365" timestamp="2019-06-15T06:32:59.812">
  <classunload-info classloadercandidates="8" classloadersunloaded="0" classesunloaded="0" anonymousclassesunloaded="0" quiescems="0.000" setupms="0.001" scanms="0.000" postms="0.000" />
</gc-op>
<gc-end id="1370" type="partial gc" contextid="1365" durationms="4.389" usertimems="4.000" systemtimems="0.000" timestamp="2019-06-15T06:32:59.812" activeThreads="1">
  <mem-info id="1371" free="164626432" total="275775488" percent="59">
    <mem type="eden" free="187104" total="1048576" percent="17" />
    <arraylet-primitive objects="2" leaves="2" largest="1" />
    <remembered-set count="47328" freebytes="10818816" totalbytes="11008128" percent="98" regionsoverflowed="0" regionsstable="2" regionsrebuilding="0"/>
  </mem-info>
</gc-end>
<cycle-end id="1372" type="partial gc" contextid="1365" timestamp="2019-06-15T06:32:59.813" />
  <attribute name="elasticGC enabled" value="1" />
  <attribute name= "numThreadsSpecified" value="1" />
  <attribute name="heapSize specified" value="0" />
  <attribute name="Current GC Util" value="105" />
  <attribute name= "Current Time Running" value="4415" />
  <attribute name ="GC Interval" value="0" />
  <attribute name="ProportionalT" value="42.500000" />
  <attribute name="ProportionalI" value="42.500000" />
  <attribute name="ProportionalH" value="42.500000" />
  <attribute name="Current Error" value="85.000000" />
  <attribute name="IntegralT" value="0.000000" />
  <attribute name="IntegralI" value="0.000000" />
  <attribute name="IntegralH" value="0.000000" />
  <attribute name="DerivativeT" value="inf" />
  <attribute name="DerivativeI" value="inf" />
  <attribute name="DerivativeH" value="inf" />
  <attribute name="Loop Time for DT" value="0.000000" />
  <attribute name="Output H" value="8388608"/>
  <attribute name="Output I" value="200"/>
  <attribute name="Output T" value="1"/>
  <attribute name="Target GC Util Change" value ="20.000000" />
  <attribute name="Current GC Util Change" value="105.000000"/>
  <attribute name="GC Util currently" value="105" />
  <attribute name="CPU Util currently" value="20069656733354" />
<exclusive-end id="1373" timestamp="2019-06-15T06:32:59.813" durationms="5.547" />

<exclusive-start id="1374" timestamp="2019-06-15T06:32:59.850" intervalms="42.768">
  <response-info timems="0.447" idlems="0.447" threads="0" lastid="00000000018DE100" lastname="Thread-7" />
</exclusive-start>
<allocation-taxation id="1375" taxation-threshold="74448896" timestamp="2019-06-15T06:32:59.850" intervalms="42.741" />
<cycle-start id="1376" type="partial gc" contextid="0" timestamp="2019-06-15T06:32:59.850" intervalms="42.693" />
<gc-start id="1377" type="partial gc" contextid="1376" timestamp="2019-06-15T06:32:59.851">
  <mem-info id="1378" free="90177536" total="275775488" percent="32">
    <mem type="eden" free="0" total="74448896" percent="0" />
    <arraylet-primitive objects="2" leaves="2" largest="1" />
    <remembered-set count="46944" freebytes="10820352" totalbytes="11008128" percent="98" regionsoverflowed="0" regionsstable="2" regionsrebuilding="0"/>
  </mem-info>
</gc-start>
<allocation-stats totalBytes="74439096" >
  <allocated-bytes non-tlh="0" tlh="74439096" arrayletleaf="0"/>
  <largest-consumer threadName="Thread-9" threadId="00000000018DA500" bytes="19797304" />
</allocation-stats>
<gc-op id="1379" type="copy forward" timems="3.455" contextid="1376" timestamp="2019-06-15T06:32:59.855">
  <memory-copied type="eden" objects="15208" bytes="641224" bytesdiscarded="0" />
  <memory-copied type="other" objects="13826" bytes="606576" bytesdiscarded="0" />
  <memory-cardclean objects="2095" bytes="106064" />
  <regions eden="71" other="4" />
  <remembered-set-cleared processed="40518" cleared="563" durationms="0.500" />
  <stringconstants candidates="4597" cleared="0"  />
</gc-op>
<gc-op id="1380" type="classunload" timems="0.002" contextid="1376" timestamp="2019-06-15T06:32:59.855">
  <classunload-info classloadercandidates="8" classloadersunloaded="0" classesunloaded="0" anonymousclassesunloaded="0" quiescems="0.000" setupms="0.002" scanms="0.000" postms="0.000" />
</gc-op>
<heap-resize id="1381" type="expand" space="default" amount="2097152" count="1" timems="0.069" reason="excessive time being spent in gc" timestamp="2019-06-15T06:32:59.855" />
<gc-end id="1382" type="partial gc" contextid="1376" durationms="4.852" usertimems="4.000" systemtimems="0.000" timestamp="2019-06-15T06:32:59.855" activeThreads="1">
  <mem-info id="1383" free="166723584" total="277872640" percent="60">
    <mem type="eden" free="407352" total="1048576" percent="38" />
    <arraylet-primitive objects="2" leaves="2" largest="1" />
    <remembered-set count="47328" freebytes="10902528" totalbytes="11091840" percent="98" regionsoverflowed="0" regionsstable="2" regionsrebuilding="0"/>
  </mem-info>
</gc-end>
<cycle-end id="1384" type="partial gc" contextid="1376" timestamp="2019-06-15T06:32:59.856" />
  <attribute name="elasticGC enabled" value="1" />
  <attribute name= "numThreadsSpecified" value="1" />
  <attribute name="heapSize specified" value="0" />
  <attribute name="Current GC Util" value="71" />
  <attribute name= "Current Time Running" value="4457" />
  <attribute name ="GC Interval" value="0" />
  <attribute name="ProportionalT" value="25.500000" />
  <attribute name="ProportionalI" value="25.500000" />
  <attribute name="ProportionalH" value="25.500000" />
  <attribute name="Current Error" value="51.000000" />
  <attribute name="IntegralT" value="0.000000" />
  <attribute name="IntegralI" value="0.000000" />
  <attribute name="IntegralH" value="0.000000" />
  <attribute name="DerivativeT" value="inf" />
  <attribute name="DerivativeI" value="inf" />
  <attribute name="DerivativeH" value="inf" />
  <attribute name="Loop Time for DT" value="0.000000" />
  <attribute name="Output H" value="8388608"/>
  <attribute name="Output I" value="200"/>
  <attribute name="Output T" value="1"/>
  <attribute name="Target GC Util Change" value ="20.000000" />
  <attribute name="Current GC Util Change" value="71.000000"/>
  <attribute name="GC Util currently" value="71" />
  <attribute name="CPU Util currently" value="19539717657737" />
<exclusive-end id="1385" timestamp="2019-06-15T06:32:59.856" durationms="5.881" />

<exclusive-start id="1386" timestamp="2019-06-15T06:32:59.892" intervalms="41.792">
  <response-info timems="0.366" idlems="0.366" threads="0" lastid="00000000018DA500" lastname="Thread-9" />
</exclusive-start>
<allocation-taxation id="1387" taxation-threshold="75497472" timestamp="2019-06-15T06:32:59.892" intervalms="41.781" />
<cycle-start id="1388" type="partial gc" contextid="0" timestamp="2019-06-15T06:32:59.892" intervalms="41.983" />
<gc-start id="1389" type="partial gc" contextid="1388" timestamp="2019-06-15T06:32:59.893">
  <mem-info id="1390" free="91226112" total="277872640" percent="32">
    <mem type="eden" free="0" total="75497472" percent="0" />
    <arraylet-primitive objects="2" leaves="2" largest="1" />
    <remembered-set count="47232" freebytes="10902912" totalbytes="11091840" percent="98" regionsoverflowed="0" regionsstable="2" regionsrebuilding="0"/>
  </mem-info>
</gc-start>
<allocation-stats totalBytes="75486768" >
  <allocated-bytes non-tlh="0" tlh="75486768" arrayletleaf="0"/>
  <largest-consumer threadName="Thread-10" threadId="00000000018D6900" bytes="19297656" />
</allocation-stats>
<gc-op id="1391" type="copy forward" timems="1.990" contextid="1388" timestamp="2019-06-15T06:32:59.895">
  <memory-copied type="eden" objects="17877" bytes="842952" bytesdiscarded="93800" />
  <memory-copied type="other" objects="8380" bytes="338496" bytesdiscarded="12928" />
  <memory-cardclean objects="2095" bytes="106064" />
  <regions eden="72" other="4" />
  <remembered-set-cleared processed="40635" cleared="680" durationms="0.228" />
  <stringconstants candidates="4597" cleared="0"  />
</gc-op>
<gc-op id="1392" type="classunload" timems="0.002" contextid="1388" timestamp="2019-06-15T06:32:59.896">
  <classunload-info classloadercandidates="8" classloadersunloaded="0" classesunloaded="0" anonymousclassesunloaded="0" quiescems="0.000" setupms="0.002" scanms="0.000" postms="0.000" />
</gc-op>
<heap-resize id="1393" type="expand" space="default" amount="3145728" count="1" timems="0.072" reason="excessive time being spent in gc" timestamp="2019-06-15T06:32:59.896" />
<gc-end id="1394" type="partial gc" contextid="1388" durationms="3.266" usertimems="4.000" systemtimems="0.000" timestamp="2019-06-15T06:32:59.896" activeThreads="4">
  <mem-info id="1395" free="168820736" total="281018368" percent="60">
    <mem type="eden" free="111824" total="1048576" percent="10" />
    <arraylet-primitive objects="2" leaves="2" largest="1" />
    <remembered-set count="46048" freebytes="11033216" totalbytes="11217408" percent="98" regionsoverflowed="0" regionsstable="2" regionsrebuilding="0"/>
  </mem-info>
</gc-end>
<cycle-end id="1396" type="partial gc" contextid="1388" timestamp="2019-06-15T06:32:59.896" />
  <attribute name="elasticGC enabled" value="1" />
  <attribute name= "numThreadsSpecified" value="4" />
  <attribute name="heapSize specified" value="0" />
  <attribute name="Current GC Util" value="78" />
  <attribute name= "Current Time Running" value="4500" />
  <attribute name ="GC Interval" value="0" />
  <attribute name="ProportionalT" value="29.000000" />
  <attribute name="ProportionalI" value="29.000000" />
  <attribute name="ProportionalH" value="29.000000" />
  <attribute name="Current Error" value="58.000000" />
  <attribute name="IntegralT" value="58.000000" />
  <attribute name="IntegralI" value="58.000000" />
  <attribute name="IntegralH" value="58.000000" />
  <attribute name="DerivativeT" value="58.000000" />
  <attribute name="DerivativeI" value="58.000000" />
  <attribute name="DerivativeH" value="58.000000" />
  <attribute name="Loop Time for DT" value="1.000000" />
  <attribute name="Output H" value="8388608"/>
  <attribute name="Output I" value="200"/>
  <attribute name="Output T" value="4"/>
  <attribute name="Target GC Util Change" value ="20.000000" />
  <attribute name="Current GC Util Change" value="78.000000"/>
  <attribute name="GC Util currently" value="78" />
  <attribute name="CPU Util currently" value="17595609202043" />
<exclusive-end id="1397" timestamp="2019-06-15T06:32:59.896" durationms="4.520" />

<exclusive-start id="1398" timestamp="2019-06-15T06:32:59.932" intervalms="40.205">
  <response-info timems="0.041" idlems="0.037" threads="1" lastid="00000000018DA500" lastname="Thread-9" />
</exclusive-start>
<allocation-taxation id="1399" taxation-threshold="76546048" timestamp="2019-06-15T06:32:59.932" intervalms="40.276" />
<cycle-start id="1400" type="partial gc" contextid="0" timestamp="2019-06-15T06:32:59.932" intervalms="40.120" />
<gc-start id="1401" type="partial gc" contextid="1400" timestamp="2019-06-15T06:32:59.933">
  <mem-info id="1402" free="92274688" total="281018368" percent="32">
    <mem type="eden" free="0" total="76546048" percent="0" />
    <arraylet-primitive objects="2" leaves="2" largest="1" />
    <remembered-set count="46016" freebytes="11033344" totalbytes="11217408" percent="98" regionsoverflowed="0" regionsstable="2" regionsrebuilding="0"/>
  </mem-info>
</gc-start>
<allocation-stats totalBytes="76534832" >
  <allocated-bytes non-tlh="0" tlh="76534832" arrayletleaf="0"/>
  <largest-consumer threadName="Thread-8" threadId="00000000018D2D00" bytes="25510112" />
</allocation-stats>
<gc-op id="1403" type="copy forward" timems="1.848" contextid="1400" timestamp="2019-06-15T06:32:59.935">
  <memory-copied type="eden" objects="8887" bytes="351952" bytesdiscarded="34128" />
  <memory-copied type="other" objects="17777" bytes="838776" bytesdiscarded="23552" />
  <memory-cardclean objects="35" bytes="3128" />
  <regions eden="73" other="3" />
  <remembered-set-cleared processed="41032" cleared="527" durationms="0.198" />
  <stringconstants candidates="4597" cleared="0"  />
</gc-op>
<gc-op id="1404" type="classunload" timems="0.003" contextid="1400" timestamp="2019-06-15T06:32:59.935">
  <classunload-info classloadercandidates="8" classloadersunloaded="0" classesunloaded="0" anonymousclassesunloaded="0" quiescems="0.000" setupms="0.003" scanms="0.000" postms="0.000" />
</gc-op>
<gc-end id="1405" type="partial gc" contextid="1400" durationms="2.852" usertimems="8.000" systemtimems="0.000" timestamp="2019-06-15T06:32:59.936" activeThreads="4">
  <mem-info id="1406" free="167772160" total="281018368" percent="59">
    <mem type="eden" free="662496" total="1048576" percent="63" />
    <arraylet-primitive objects="2" leaves="2" largest="1" />
    <remembered-set count="46720" freebytes="11030528" totalbytes="11217408" percent="98" regionsoverflowed="0" regionsstable="2" regionsrebuilding="0"/>
  </mem-info>
</gc-end>
<cycle-end id="1407" type="partial gc" contextid="1400" timestamp="2019-06-15T06:32:59.936" />
  <attribute name="elasticGC enabled" value="1" />
  <attribute name= "numThreadsSpecified" value="4" />
  <attribute name="heapSize specified" value="0" />
  <attribute name="Current GC Util" value="78" />
  <attribute name= "Current Time Running" value="4540" />
  <attribute name ="GC Interval" value="0" />
  <attribute name="ProportionalT" value="29.000000" />
  <attribute name="ProportionalI" value="29.000000" />
  <attribute name="ProportionalH" value="29.000000" />
  <attribute name="Current Error" value="58.000000" />
  <attribute name="IntegralT" value="58.000000" />
  <attribute name="IntegralI" value="58.000000" />
  <attribute name="IntegralH" value="58.000000" />
  <attribute name="DerivativeT" value="58.000000" />
  <attribute name="DerivativeI" value="58.000000" />
  <attribute name="DerivativeH" value="58.000000" />
  <attribute name="Loop Time for DT" value="1.000000" />
  <attribute name="Output H" value="8388608"/>
  <attribute name="Output I" value="200"/>
  <attribute name="Output T" value="4"/>
  <attribute name="Target GC Util Change" value ="20.000000" />
  <attribute name="Current GC Util Change" value="78.000000"/>
  <attribute name="GC Util currently" value="78" />
  <attribute name="CPU Util currently" value="19379519019162" />
<exclusive-end id="1408" timestamp="2019-06-15T06:32:59.936" durationms="3.966" />

<exclusive-start id="1409" timestamp="2019-06-15T06:32:59.974" intervalms="41.852">
  <response-info timems="0.040" idlems="0.040" threads="0" lastid="00000000018D6900" lastname="Thread-10" />
</exclusive-start>
<allocation-taxation id="1410" taxation-threshold="76546048" timestamp="2019-06-15T06:32:59.974" intervalms="41.841" />
<cycle-start id="1411" type="partial gc" contextid="0" timestamp="2019-06-15T06:32:59.974" intervalms="41.885" />
<gc-start id="1412" type="partial gc" contextid="1411" timestamp="2019-06-15T06:32:59.975">
  <mem-info id="1413" free="91226112" total="281018368" percent="32">
    <mem type="eden" free="0" total="76546048" percent="0" />
    <arraylet-primitive objects="2" leaves="2" largest="1" />
    <remembered-set count="46560" freebytes="11031168" totalbytes="11217408" percent="98" regionsoverflowed="0" regionsstable="2" regionsrebuilding="0"/>
  </mem-info>
</gc-start>
<allocation-stats totalBytes="76535608" >
  <allocated-bytes non-tlh="0" tlh="76535608" arrayletleaf="0"/>
  <largest-consumer threadName="Thread-8" threadId="00000000018D2D00" bytes="25272912" />
</allocation-stats>
<gc-op id="1414" type="copy forward" timems="2.075" contextid="1411" timestamp="2019-06-15T06:32:59.978">
  <memory-copied type="eden" objects="9406" bytes="364960" bytesdiscarded="28280" />
  <memory-copied type="other" objects="18672" bytes="860256" bytesdiscarded="70768" />
  <memory-cardclean objects="35" bytes="3128" />
  <regions eden="73" other="4" />
  <remembered-set-cleared processed="41241" cleared="736" durationms="0.216" />
  <stringconstants candidates="4597" cleared="0"  />
</gc-op>
<gc-op id="1415" type="classunload" timems="0.002" contextid="1411" timestamp="2019-06-15T06:32:59.978">
  <classunload-info classloadercandidates="8" classloadersunloaded="0" classesunloaded="0" anonymousclassesunloaded="0" quiescems="0.000" setupms="0.002" scanms="0.000" postms="0.000" />
</gc-op>
<gc-end id="1416" type="partial gc" contextid="1411" durationms="3.277" usertimems="4.000" systemtimems="4.000" timestamp="2019-06-15T06:32:59.978" activeThreads="4">
  <mem-info id="1417" free="166723584" total="281018368" percent="59">
    <mem type="eden" free="655336" total="1048576" percent="62" />
    <arraylet-primitive objects="2" leaves="2" largest="1" />
    <remembered-set count="46720" freebytes="11030528" totalbytes="11217408" percent="98" regionsoverflowed="0" regionsstable="2" regionsrebuilding="0"/>
  </mem-info>
</gc-end>
<cycle-end id="1418" type="partial gc" contextid="1411" timestamp="2019-06-15T06:32:59.978" />
  <attribute name="elasticGC enabled" value="1" />
  <attribute name= "numThreadsSpecified" value="4" />
  <attribute name="heapSize specified" value="0" />
  <attribute name="Current GC Util" value="65" />
  <attribute name= "Current Time Running" value="4582" />
  <attribute name ="GC Interval" value="0" />
  <attribute name="ProportionalT" value="22.500000" />
  <attribute name="ProportionalI" value="22.500000" />
  <attribute name="ProportionalH" value="22.500000" />
  <attribute name="Current Error" value="45.000000" />
  <attribute name="IntegralT" value="45.000000" />
  <attribute name="IntegralI" value="45.000000" />
  <attribute name="IntegralH" value="45.000000" />
  <attribute name="DerivativeT" value="45.000000" />
  <attribute name="DerivativeI" value="45.000000" />
  <attribute name="DerivativeH" value="45.000000" />
  <attribute name="Loop Time for DT" value="1.000000" />
  <attribute name="Output H" value="8388608"/>
  <attribute name="Output I" value="200"/>
  <attribute name="Output T" value="4"/>
  <attribute name="Target GC Util Change" value ="20.000000" />
  <attribute name="Current GC Util Change" value="65.000000"/>
  <attribute name="GC Util currently" value="65" />
  <attribute name="CPU Util currently" value="17107056222240" />
<exclusive-end id="1419" timestamp="2019-06-15T06:32:59.978" durationms="4.405" />

<exclusive-start id="1420" timestamp="2019-06-15T06:33:00.014" intervalms="40.043">
  <response-info timems="0.036" idlems="0.036" threads="0" lastid="00000000018DE100" lastname="Thread-7" />
</exclusive-start>
<allocation-taxation id="1421" taxation-threshold="76546048" timestamp="2019-06-15T06:33:00.014" intervalms="40.077" />
<cycle-start id="1422" type="partial gc" contextid="0" timestamp="2019-06-15T06:33:00.014" intervalms="40.110" />
<gc-start id="1423" type="partial gc" contextid="1422" timestamp="2019-06-15T06:33:00.015">
  <mem-info id="1424" free="90177536" total="281018368" percent="32">
    <mem type="eden" free="0" total="76546048" percent="0" />
    <arraylet-primitive objects="2" leaves="2" largest="1" />
    <remembered-set count="46464" freebytes="11031552" totalbytes="11217408" percent="98" regionsoverflowed="0" regionsstable="2" regionsrebuilding="0"/>
  </mem-info>
</gc-start>
<allocation-stats totalBytes="76535360" >
  <allocated-bytes non-tlh="0" tlh="76535360" arrayletleaf="0"/>
  <largest-consumer threadName="Thread-7" threadId="00000000018DE100" bytes="22107080" />
</allocation-stats>
<gc-op id="1425" type="copy forward" timems="2.220" contextid="1422" timestamp="2019-06-15T06:33:00.018">
  <memory-copied type="eden" objects="6872" bytes="166288" bytesdiscarded="12448" />
  <memory-copied type="other" objects="27742" bytes="1215312" bytesdiscarded="60312" />
  <memory-cardclean objects="35" bytes="3128" />
  <regions eden="73" other="5" />
  <remembered-set-cleared processed="41296" cleared="791" durationms="0.228" />
  <stringconstants candidates="4597" cleared="0"  />
</gc-op>
<gc-op id="1426" type="classunload" timems="0.002" contextid="1422" timestamp="2019-06-15T06:33:00.018">
  <classunload-info classloadercandidates="8" classloadersunloaded="0" classesunloaded="0" anonymousclassesunloaded="0" quiescems="0.000" setupms="0.002" scanms="0.000" postms="0.000" />
</gc-op>
<gc-end id="1427" type="partial gc" contextid="1422" durationms="3.311" usertimems="4.000" systemtimems="0.000" timestamp="2019-06-15T06:33:00.018" activeThreads="4">
  <mem-info id="1428" free="165675008" total="281018368" percent="58">
    <mem type="eden" free="869840" total="1048576" percent="82" />
    <arraylet-primitive objects="2" leaves="2" largest="1" />
    <remembered-set count="48256" freebytes="11024384" totalbytes="11217408" percent="98" regionsoverflowed="0" regionsstable="2" regionsrebuilding="0"/>
  </mem-info>
</gc-end>
<cycle-end id="1429" type="partial gc" contextid="1422" timestamp="2019-06-15T06:33:00.018" />
  <attribute name="elasticGC enabled" value="1" />
  <attribute name= "numThreadsSpecified" value="4" />
  <attribute name="heapSize specified" value="0" />
  <attribute name="Current GC Util" value="66" />
  <attribute name= "Current Time Running" value="4622" />
  <attribute name ="GC Interval" value="0" />
  <attribute name="ProportionalT" value="23.000000" />
  <attribute name="ProportionalI" value="23.000000" />
  <attribute name="ProportionalH" value="23.000000" />
  <attribute name="Current Error" value="46.000000" />
  <attribute name="IntegralT" value="46.000000" />
  <attribute name="IntegralI" value="46.000000" />
  <attribute name="IntegralH" value="46.000000" />
  <attribute name="DerivativeT" value="46.000000" />
  <attribute name="DerivativeI" value="46.000000" />
  <attribute name="DerivativeH" value="46.000000" />
  <attribute name="Loop Time for DT" value="1.000000" />
  <attribute name="Output H" value="8388608"/>
  <attribute name="Output I" value="200"/>
  <attribute name="Output T" value="4"/>
  <attribute name="Target GC Util Change" value ="20.000000" />
  <attribute name="Current GC Util Change" value="66.000000"/>
  <attribute name="GC Util currently" value="66" />
  <attribute name="CPU Util currently" value="19974471485557" />
<exclusive-end id="1430" timestamp="2019-06-15T06:33:00.018" durationms="4.426" />

<exclusive-start id="1431" timestamp="2019-06-15T06:33:00.048" intervalms="34.468">
  <response-info timems="0.032" idlems="0.032" threads="0" lastid="00000000018D6900" lastname="Thread-10" />
</exclusive-start>
<allocation-taxation id="1432" taxation-threshold="76546048" timestamp="2019-06-15T06:33:00.049" intervalms="34.420" />
<cycle-start id="1433" type="partial gc" contextid="0" timestamp="2019-06-15T06:33:00.049" intervalms="34.330" />
<gc-start id="1434" type="partial gc" contextid="1433" timestamp="2019-06-15T06:33:00.049">
  <mem-info id="1435" free="89128960" total="281018368" percent="31">
    <mem type="eden" free="0" total="76546048" percent="0" />
    <arraylet-primitive objects="2" leaves="2" largest="1" />
    <remembered-set count="48256" freebytes="11024384" totalbytes="11217408" percent="98" regionsoverflowed="0" regionsstable="2" regionsrebuilding="0"/>
  </mem-info>
</gc-start>
<allocation-stats totalBytes="76536144" >
  <allocated-bytes non-tlh="0" tlh="76536144" arrayletleaf="0"/>
  <largest-consumer threadName="Thread-7" threadId="00000000018DE100" bytes="23352448" />
</allocation-stats>
<gc-op id="1436" type="copy forward" timems="3.468" contextid="1433" timestamp="2019-06-15T06:33:00.053">
  <memory-copied type="eden" objects="18289" bytes="751008" bytesdiscarded="0" />
  <memory-copied type="other" objects="10253" bytes="383448" bytesdiscarded="0" />
  <memory-cardclean objects="4224" bytes="227144" />
  <regions eden="73" other="5" />
  <remembered-set-cleared processed="41827" cleared="3574" durationms="0.519" />
  <stringconstants candidates="4597" cleared="0"  />
</gc-op>
<gc-op id="1437" type="classunload" timems="0.002" contextid="1433" timestamp="2019-06-15T06:33:00.053">
  <classunload-info classloadercandidates="8" classloadersunloaded="0" classesunloaded="0" anonymousclassesunloaded="0" quiescems="0.000" setupms="0.002" scanms="0.000" postms="0.000" />
</gc-op>
<gc-end id="1438" type="partial gc" contextid="1433" durationms="4.587" usertimems="0.000" systemtimems="4.000" timestamp="2019-06-15T06:33:00.054" activeThreads="1">
  <mem-info id="1439" free="165675008" total="281018368" percent="58">
    <mem type="eden" free="297568" total="1048576" percent="28" />
    <arraylet-primitive objects="2" leaves="2" largest="1" />
    <remembered-set count="44704" freebytes="11038592" totalbytes="11217408" percent="98" regionsoverflowed="0" regionsstable="2" regionsrebuilding="0"/>
  </mem-info>
</gc-end>
<cycle-end id="1440" type="partial gc" contextid="1433" timestamp="2019-06-15T06:33:00.054" />
  <attribute name="elasticGC enabled" value="1" />
  <attribute name= "numThreadsSpecified" value="1" />
  <attribute name="heapSize specified" value="0" />
  <attribute name="Current GC Util" value="60" />
  <attribute name= "Current Time Running" value="4656" />
  <attribute name ="GC Interval" value="0" />
  <attribute name="ProportionalT" value="20.000000" />
  <attribute name="ProportionalI" value="20.000000" />
  <attribute name="ProportionalH" value="20.000000" />
  <attribute name="Current Error" value="40.000000" />
  <attribute name="IntegralT" value="0.000000" />
  <attribute name="IntegralI" value="0.000000" />
  <attribute name="IntegralH" value="0.000000" />
  <attribute name="DerivativeT" value="inf" />
  <attribute name="DerivativeI" value="inf" />
  <attribute name="DerivativeH" value="inf" />
  <attribute name="Loop Time for DT" value="0.000000" />
  <attribute name="Output H" value="8388608"/>
  <attribute name="Output I" value="200"/>
  <attribute name="Output T" value="1"/>
  <attribute name="Target GC Util Change" value ="20.000000" />
  <attribute name="Current GC Util Change" value="60.000000"/>
  <attribute name="GC Util currently" value="60" />
  <attribute name="CPU Util currently" value="18447998471658" />
<exclusive-end id="1441" timestamp="2019-06-15T06:33:00.054" durationms="5.683" />

<exclusive-start id="1442" timestamp="2019-06-15T06:33:00.082" intervalms="33.086">
  <response-info timems="0.032" idlems="0.032" threads="0" lastid="00000000018DA500" lastname="Thread-9" />
</exclusive-start>
<allocation-taxation id="1443" taxation-threshold="76546048" timestamp="2019-06-15T06:33:00.082" intervalms="33.124" />
<cycle-start id="1444" type="partial gc" contextid="0" timestamp="2019-06-15T06:33:00.082" intervalms="33.193" />
<gc-start id="1445" type="partial gc" contextid="1444" timestamp="2019-06-15T06:33:00.082">
  <mem-info id="1446" free="89128960" total="281018368" percent="31">
    <mem type="eden" free="0" total="76546048" percent="0" />
    <arraylet-primitive objects="2" leaves="2" largest="1" />
    <remembered-set count="44544" freebytes="11039232" totalbytes="11217408" percent="98" regionsoverflowed="0" regionsstable="2" regionsrebuilding="0"/>
  </mem-info>
</gc-start>
<allocation-stats totalBytes="76536680" >
  <allocated-bytes non-tlh="0" tlh="76536680" arrayletleaf="0"/>
  <largest-consumer threadName="Thread-10" threadId="00000000018D6900" bytes="23995928" />
</allocation-stats>
<gc-op id="1447" type="copy forward" timems="3.982" contextid="1444" timestamp="2019-06-15T06:33:00.087">
  <memory-copied type="eden" objects="22364" bytes="914280" bytesdiscarded="0" />
  <memory-copied type="other" objects="11699" bytes="454248" bytesdiscarded="0" />
  <memory-cardclean objects="3093" bytes="153968" />
  <regions eden="73" other="4" />
  <remembered-set-cleared processed="39351" cleared="1657" durationms="0.511" />
  <stringconstants candidates="4597" cleared="0"  />
</gc-op>
<gc-op id="1448" type="classunload" timems="0.002" contextid="1444" timestamp="2019-06-15T06:33:00.087">
  <classunload-info classloadercandidates="8" classloadersunloaded="0" classesunloaded="0" anonymousclassesunloaded="0" quiescems="0.000" setupms="0.002" scanms="0.000" postms="0.000" />
</gc-op>
<gc-end id="1449" type="partial gc" contextid="1444" durationms="5.185" usertimems="4.000" systemtimems="0.000" timestamp="2019-06-15T06:33:00.087" activeThreads="1">
  <mem-info id="1450" free="165675008" total="281018368" percent="58">
    <mem type="eden" free="134296" total="1048576" percent="12" />
    <arraylet-primitive objects="2" leaves="2" largest="1" />
    <remembered-set count="44800" freebytes="11038208" totalbytes="11217408" percent="98" regionsoverflowed="0" regionsstable="2" regionsrebuilding="0"/>
  </mem-info>
</gc-end>
<cycle-end id="1451" type="partial gc" contextid="1444" timestamp="2019-06-15T06:33:00.088" />
  <attribute name="elasticGC enabled" value="1" />
  <attribute name= "numThreadsSpecified" value="1" />
  <attribute name="heapSize specified" value="0" />
  <attribute name="Current GC Util" value="72" />
  <attribute name= "Current Time Running" value="4689" />
  <attribute name ="GC Interval" value="0" />
  <attribute name="ProportionalT" value="26.000000" />
  <attribute name="ProportionalI" value="26.000000" />
  <attribute name="ProportionalH" value="26.000000" />
  <attribute name="Current Error" value="52.000000" />
  <attribute name="IntegralT" value="0.000000" />
  <attribute name="IntegralI" value="0.000000" />
  <attribute name="IntegralH" value="0.000000" />
  <attribute name="DerivativeT" value="inf" />
  <attribute name="DerivativeI" value="inf" />
  <attribute name="DerivativeH" value="inf" />
  <attribute name="Loop Time for DT" value="0.000000" />
  <attribute name="Output H" value="8388608"/>
  <attribute name="Output I" value="200"/>
  <attribute name="Output T" value="1"/>
  <attribute name="Target GC Util Change" value ="20.000000" />
  <attribute name="Current GC Util Change" value="72.000000"/>
  <attribute name="GC Util currently" value="72" />
  <attribute name="CPU Util currently" value="19253142633357" />
<exclusive-end id="1452" timestamp="2019-06-15T06:33:00.088" durationms="6.362" />

<exclusive-start id="1453" timestamp="2019-06-15T06:33:00.117" intervalms="35.920">
  <response-info timems="0.030" idlems="0.030" threads="0" lastid="00000000018DA500" lastname="Thread-9" />
</exclusive-start>
<allocation-taxation id="1454" taxation-threshold="76546048" timestamp="2019-06-15T06:33:00.118" intervalms="35.956" />
<cycle-start id="1455" type="partial gc" contextid="0" timestamp="2019-06-15T06:33:00.118" intervalms="35.938" />
<gc-start id="1456" type="partial gc" contextid="1455" timestamp="2019-06-15T06:33:00.118">
  <mem-info id="1457" free="89128960" total="281018368" percent="31">
    <mem type="eden" free="0" total="76546048" percent="0" />
    <arraylet-primitive objects="2" leaves="2" largest="1" />
    <remembered-set count="44352" freebytes="11040000" totalbytes="11217408" percent="98" regionsoverflowed="0" regionsstable="2" regionsrebuilding="0"/>
  </mem-info>
</gc-start>
<allocation-stats totalBytes="76536312" >
  <allocated-bytes non-tlh="0" tlh="76536312" arrayletleaf="0"/>
  <largest-consumer threadName="Thread-10" threadId="00000000018D6900" bytes="21579168" />
</allocation-stats>
<gc-op id="1458" type="copy forward" timems="4.106" contextid="1455" timestamp="2019-06-15T06:33:00.123">
  <memory-copied type="eden" objects="16349" bytes="668488" bytesdiscarded="0" />
  <memory-copied type="other" objects="19092" bytes="732960" bytesdiscarded="0" />
  <memory-cardclean objects="6899" bytes="359552" />
  <regions eden="73" other="4" />
  <remembered-set-cleared processed="38968" cleared="2202" durationms="0.507" />
  <stringconstants candidates="4597" cleared="0"  />
</gc-op>
<gc-op id="1459" type="classunload" timems="0.002" contextid="1455" timestamp="2019-06-15T06:33:00.123">
  <classunload-info classloadercandidates="8" classloadersunloaded="0" classesunloaded="0" anonymousclassesunloaded="0" quiescems="0.000" setupms="0.002" scanms="0.000" postms="0.000" />
</gc-op>
<heap-resize id="1460" type="expand" space="default" amount="7340032" count="1" timems="0.107" reason="excessive time being spent in gc" timestamp="2019-06-15T06:33:00.124" />
<gc-end id="1461" type="partial gc" contextid="1455" durationms="5.602" usertimems="8.000" systemtimems="0.000" timestamp="2019-06-15T06:33:00.124" activeThreads="1">
  <mem-info id="1462" free="173015040" total="288358400" percent="60">
    <mem type="eden" free="380088" total="1048576" percent="36" />
    <arraylet-primitive objects="2" leaves="2" largest="1" />
    <remembered-set count="43744" freebytes="11335424" totalbytes="11510400" percent="98" regionsoverflowed="0" regionsstable="2" regionsrebuilding="0"/>
  </mem-info>
</gc-end>
<cycle-end id="1463" type="partial gc" contextid="1455" timestamp="2019-06-15T06:33:00.124" />
  <attribute name="elasticGC enabled" value="1" />
  <attribute name= "numThreadsSpecified" value="1" />
  <attribute name="heapSize specified" value="0" />
  <attribute name="Current GC Util" value="69" />
  <attribute name= "Current Time Running" value="4725" />
  <attribute name ="GC Interval" value="0" />
  <attribute name="ProportionalT" value="24.500000" />
  <attribute name="ProportionalI" value="24.500000" />
  <attribute name="ProportionalH" value="24.500000" />
  <attribute name="Current Error" value="49.000000" />
  <attribute name="IntegralT" value="0.000000" />
  <attribute name="IntegralI" value="0.000000" />
  <attribute name="IntegralH" value="0.000000" />
  <attribute name="DerivativeT" value="inf" />
  <attribute name="DerivativeI" value="inf" />
  <attribute name="DerivativeH" value="inf" />
  <attribute name="Loop Time for DT" value="0.000000" />
  <attribute name="Output H" value="8388608"/>
  <attribute name="Output I" value="200"/>
  <attribute name="Output T" value="1"/>
  <attribute name="Target GC Util Change" value ="20.000000" />
  <attribute name="Current GC Util Change" value="69.000000"/>
  <attribute name="GC Util currently" value="69" />
  <attribute name="CPU Util currently" value="19315153299121" />
<exclusive-end id="1464" timestamp="2019-06-15T06:33:00.124" durationms="6.861" />

<exclusive-start id="1465" timestamp="2019-06-15T06:33:00.156" intervalms="38.404">
  <response-info timems="0.026" idlems="0.026" threads="0" lastid="00000000018D2D00" lastname="Thread-8" />
</exclusive-start>
<allocation-taxation id="1466" taxation-threshold="77594624" timestamp="2019-06-15T06:33:00.156" intervalms="38.337" />
<cycle-start id="1467" type="partial gc" contextid="0" timestamp="2019-06-15T06:33:00.156" intervalms="38.293" />
<gc-start id="1468" type="partial gc" contextid="1467" timestamp="2019-06-15T06:33:00.156">
  <mem-info id="1469" free="95420416" total="288358400" percent="33">
    <mem type="eden" free="0" total="77594624" percent="0" />
    <arraylet-primitive objects="2" leaves="2" largest="1" />
    <remembered-set count="43616" freebytes="11335936" totalbytes="11510400" percent="98" regionsoverflowed="0" regionsstable="2" regionsrebuilding="0"/>
  </mem-info>
</gc-start>
<allocation-stats totalBytes="77584360" >
  <allocated-bytes non-tlh="0" tlh="77584360" arrayletleaf="0"/>
  <largest-consumer threadName="Thread-8" threadId="00000000018D2D00" bytes="20915424" />
</allocation-stats>
<gc-op id="1470" type="copy forward" timems="3.931" contextid="1467" timestamp="2019-06-15T06:33:00.161">
  <memory-copied type="eden" objects="13745" bytes="606664" bytesdiscarded="0" />
  <memory-copied type="other" objects="19775" bytes="749352" bytesdiscarded="0" />
  <memory-cardclean objects="6758" bytes="333944" />
  <regions eden="74" other="4" />
  <remembered-set-cleared processed="37928" cleared="1162" durationms="0.502" />
  <stringconstants candidates="4597" cleared="0"  />
</gc-op>
<gc-op id="1471" type="classunload" timems="0.002" contextid="1467" timestamp="2019-06-15T06:33:00.161">
  <classunload-info classloadercandidates="8" classloadersunloaded="0" classesunloaded="0" anonymousclassesunloaded="0" quiescems="0.000" setupms="0.002" scanms="0.000" postms="0.000" />
</gc-op>
<heap-resize id="1472" type="expand" space="default" amount="3145728" count="1" timems="0.071" reason="excessive time being spent in gc" timestamp="2019-06-15T06:33:00.161" />
<gc-end id="1473" type="partial gc" contextid="1467" durationms="5.162" usertimems="4.000" systemtimems="0.000" timestamp="2019-06-15T06:33:00.162" activeThreads="1">
  <mem-info id="1474" free="175112192" total="291504128" percent="60">
    <mem type="eden" free="441912" total="1048576" percent="42" />
    <arraylet-primitive objects="2" leaves="2" largest="1" />
    <remembered-set count="44256" freebytes="11458944" totalbytes="11635968" percent="98" regionsoverflowed="0" regionsstable="2" regionsrebuilding="0"/>
  </mem-info>
</gc-end>
<cycle-end id="1475" type="partial gc" contextid="1467" timestamp="2019-06-15T06:33:00.162" />
  <attribute name="elasticGC enabled" value="1" />
  <attribute name= "numThreadsSpecified" value="1" />
  <attribute name="heapSize specified" value="0" />
  <attribute name="Current GC Util" value="72" />
  <attribute name= "Current Time Running" value="4763" />
  <attribute name ="GC Interval" value="0" />
  <attribute name="ProportionalT" value="26.000000" />
  <attribute name="ProportionalI" value="26.000000" />
  <attribute name="ProportionalH" value="26.000000" />
  <attribute name="Current Error" value="52.000000" />
  <attribute name="IntegralT" value="0.000000" />
  <attribute name="IntegralI" value="0.000000" />
  <attribute name="IntegralH" value="0.000000" />
  <attribute name="DerivativeT" value="inf" />
  <attribute name="DerivativeI" value="inf" />
  <attribute name="DerivativeH" value="inf" />
  <attribute name="Loop Time for DT" value="0.000000" />
  <attribute name="Output H" value="8388608"/>
  <attribute name="Output I" value="200"/>
  <attribute name="Output T" value="1"/>
  <attribute name="Target GC Util Change" value ="20.000000" />
  <attribute name="Current GC Util Change" value="72.000000"/>
  <attribute name="GC Util currently" value="72" />
  <attribute name="CPU Util currently" value="18797965187827" />
<exclusive-end id="1476" timestamp="2019-06-15T06:33:00.162" durationms="6.153" />

<exclusive-start id="1477" timestamp="2019-06-15T06:33:00.196" intervalms="40.072">
  <response-info timems="0.033" idlems="0.033" threads="0" lastid="00000000018DE100" lastname="Thread-7" />
</exclusive-start>
<allocation-taxation id="1478" taxation-threshold="78643200" timestamp="2019-06-15T06:33:00.196" intervalms="40.063" />
<cycle-start id="1479" type="partial gc" contextid="0" timestamp="2019-06-15T06:33:00.196" intervalms="40.097" />
<gc-start id="1480" type="partial gc" contextid="1479" timestamp="2019-06-15T06:33:00.197">
  <mem-info id="1481" free="96468992" total="291504128" percent="33">
    <mem type="eden" free="0" total="78643200" percent="0" />
    <arraylet-primitive objects="2" leaves="2" largest="1" />
    <remembered-set count="43840" freebytes="11460608" totalbytes="11635968" percent="98" regionsoverflowed="0" regionsstable="2" regionsrebuilding="0"/>
  </mem-info>
</gc-start>
<allocation-stats totalBytes="78632512" >
  <allocated-bytes non-tlh="0" tlh="78632512" arrayletleaf="0"/>
  <largest-consumer threadName="Thread-7" threadId="00000000018DE100" bytes="21402520" />
</allocation-stats>
<gc-op id="1482" type="copy forward" timems="3.929" contextid="1479" timestamp="2019-06-15T06:33:00.201">
  <memory-copied type="eden" objects="10334" bytes="387352" bytesdiscarded="0" />
  <memory-copied type="other" objects="22200" bytes="944928" bytesdiscarded="0" />
  <memory-cardclean objects="3550" bytes="179960" />
  <regions eden="75" other="4" />
  <remembered-set-cleared processed="38268" cleared="841" durationms="0.502" />
  <stringconstants candidates="4597" cleared="0"  />
</gc-op>
<gc-op id="1483" type="classunload" timems="0.002" contextid="1479" timestamp="2019-06-15T06:33:00.201">
  <classunload-info classloadercandidates="8" classloadersunloaded="0" classesunloaded="0" anonymousclassesunloaded="0" quiescems="0.000" setupms="0.002" scanms="0.000" postms="0.000" />
</gc-op>
<heap-resize id="1484" type="expand" space="default" amount="2097152" count="1" timems="0.071" reason="excessive time being spent in gc" timestamp="2019-06-15T06:33:00.202" />
<gc-end id="1485" type="partial gc" contextid="1479" durationms="5.301" usertimems="0.000" systemtimems="4.000" timestamp="2019-06-15T06:33:00.202" activeThreads="1">
  <mem-info id="1486" free="176160768" total="293601280" percent="60">
    <mem type="eden" free="661224" total="1048576" percent="63" />
    <arraylet-primitive objects="2" leaves="2" largest="1" />
    <remembered-set count="44896" freebytes="11540096" totalbytes="11719680" percent="98" regionsoverflowed="0" regionsstable="2" regionsrebuilding="0"/>
  </mem-info>
</gc-end>
<cycle-end id="1487" type="partial gc" contextid="1479" timestamp="2019-06-15T06:33:00.202" />
  <attribute name="elasticGC enabled" value="1" />
  <attribute name= "numThreadsSpecified" value="1" />
  <attribute name="heapSize specified" value="0" />
  <attribute name="Current GC Util" value="76" />
  <attribute name= "Current Time Running" value="4803" />
  <attribute name ="GC Interval" value="0" />
  <attribute name="ProportionalT" value="28.000000" />
  <attribute name="ProportionalI" value="28.000000" />
  <attribute name="ProportionalH" value="28.000000" />
  <attribute name="Current Error" value="56.000000" />
  <attribute name="IntegralT" value="0.000000" />
  <attribute name="IntegralI" value="0.000000" />
  <attribute name="IntegralH" value="0.000000" />
  <attribute name="DerivativeT" value="inf" />
  <attribute name="DerivativeI" value="inf" />
  <attribute name="DerivativeH" value="inf" />
  <attribute name="Loop Time for DT" value="0.000000" />
  <attribute name="Output H" value="8388608"/>
  <attribute name="Output I" value="200"/>
  <attribute name="Output T" value="1"/>
  <attribute name="Target GC Util Change" value ="20.000000" />
  <attribute name="Current GC Util Change" value="76.000000"/>
  <attribute name="GC Util currently" value="76" />
  <attribute name="CPU Util currently" value="19434236428130" />
<exclusive-end id="1488" timestamp="2019-06-15T06:33:00.202" durationms="6.401" />

<exclusive-start id="1489" timestamp="2019-06-15T06:33:00.232" intervalms="36.123">
  <response-info timems="0.033" idlems="0.033" threads="0" lastid="00000000018D6900" lastname="Thread-10" />
</exclusive-start>
<allocation-taxation id="1490" taxation-threshold="79691776" timestamp="2019-06-15T06:33:00.232" intervalms="36.124" />
<cycle-start id="1491" type="partial gc" contextid="0" timestamp="2019-06-15T06:33:00.232" intervalms="36.066" />
<gc-start id="1492" type="partial gc" contextid="1491" timestamp="2019-06-15T06:33:00.233">
  <mem-info id="1493" free="96468992" total="293601280" percent="32">
    <mem type="eden" free="0" total="79691776" percent="0" />
    <arraylet-primitive objects="2" leaves="2" largest="1" />
    <remembered-set count="44800" freebytes="11540480" totalbytes="11719680" percent="98" regionsoverflowed="0" regionsstable="2" regionsrebuilding="0"/>
  </mem-info>
</gc-start>
<allocation-stats totalBytes="79681032" >
  <allocated-bytes non-tlh="0" tlh="79681032" arrayletleaf="0"/>
  <largest-consumer threadName="Thread-7" threadId="00000000018DE100" bytes="26165664" />
</allocation-stats>
<gc-op id="1494" type="copy forward" timems="3.486" contextid="1491" timestamp="2019-06-15T06:33:00.237">
  <memory-copied type="eden" objects="12858" bytes="585752" bytesdiscarded="0" />
  <memory-copied type="other" objects="15077" bytes="636600" bytesdiscarded="0" />
  <memory-cardclean objects="2465" bytes="123824" />
  <regions eden="76" other="4" />
  <remembered-set-cleared processed="38666" cleared="980" durationms="0.509" />
  <stringconstants candidates="4597" cleared="0"  />
</gc-op>
<gc-op id="1495" type="classunload" timems="0.003" contextid="1491" timestamp="2019-06-15T06:33:00.237">
  <classunload-info classloadercandidates="8" classloadersunloaded="0" classesunloaded="0" anonymousclassesunloaded="0" quiescems="0.000" setupms="0.002" scanms="0.000" postms="0.000" />
</gc-op>
<heap-resize id="1496" type="expand" space="default" amount="3145728" count="1" timems="0.073" reason="excessive time being spent in gc" timestamp="2019-06-15T06:33:00.237" />
<gc-end id="1497" type="partial gc" contextid="1491" durationms="4.720" usertimems="0.000" systemtimems="4.000" timestamp="2019-06-15T06:33:00.237" activeThreads="1">
  <mem-info id="1498" free="178257920" total="296747008" percent="60">
    <mem type="eden" free="462824" total="1048576" percent="44" />
    <arraylet-primitive objects="2" leaves="2" largest="1" />
    <remembered-set count="44672" freebytes="11666560" totalbytes="11845248" percent="98" regionsoverflowed="0" regionsstable="2" regionsrebuilding="0"/>
  </mem-info>
</gc-end>
<cycle-end id="1499" type="partial gc" contextid="1491" timestamp="2019-06-15T06:33:00.238" />
  <attribute name="elasticGC enabled" value="1" />
  <attribute name= "numThreadsSpecified" value="1" />
  <attribute name="heapSize specified" value="0" />
  <attribute name="Current GC Util" value="72" />
  <attribute name= "Current Time Running" value="4839" />
  <attribute name ="GC Interval" value="0" />
  <attribute name="ProportionalT" value="26.000000" />
  <attribute name="ProportionalI" value="26.000000" />
  <attribute name="ProportionalH" value="26.000000" />
  <attribute name="Current Error" value="52.000000" />
  <attribute name="IntegralT" value="0.000000" />
  <attribute name="IntegralI" value="0.000000" />
  <attribute name="IntegralH" value="0.000000" />
  <attribute name="DerivativeT" value="inf" />
  <attribute name="DerivativeI" value="inf" />
  <attribute name="DerivativeH" value="inf" />
  <attribute name="Loop Time for DT" value="0.000000" />
  <attribute name="Output H" value="8388608"/>
  <attribute name="Output I" value="200"/>
  <attribute name="Output T" value="1"/>
  <attribute name="Target GC Util Change" value ="20.000000" />
  <attribute name="Current GC Util Change" value="72.000000"/>
  <attribute name="GC Util currently" value="72" />
  <attribute name="CPU Util currently" value="18753170816365" />
<exclusive-end id="1500" timestamp="2019-06-15T06:33:00.238" durationms="5.722" />

<exclusive-start id="1501" timestamp="2019-06-15T06:33:00.267" intervalms="35.403">
  <response-info timems="0.028" idlems="0.028" threads="0" lastid="00000000018DA500" lastname="Thread-9" />
</exclusive-start>
<allocation-taxation id="1502" taxation-threshold="79691776" timestamp="2019-06-15T06:33:00.268" intervalms="35.443" />
<cycle-start id="1503" type="partial gc" contextid="0" timestamp="2019-06-15T06:33:00.268" intervalms="35.463" />
<gc-start id="1504" type="partial gc" contextid="1503" timestamp="2019-06-15T06:33:00.268">
  <mem-info id="1505" free="98566144" total="296747008" percent="33">
    <mem type="eden" free="0" total="79691776" percent="0" />
    <arraylet-primitive objects="2" leaves="2" largest="1" />
    <remembered-set count="44416" freebytes="11667584" totalbytes="11845248" percent="98" regionsoverflowed="0" regionsstable="2" regionsrebuilding="0"/>
  </mem-info>
</gc-start>
<allocation-stats totalBytes="79681248" >
  <allocated-bytes non-tlh="0" tlh="79681248" arrayletleaf="0"/>
  <largest-consumer threadName="Thread-10" threadId="00000000018D6900" bytes="25678560" />
</allocation-stats>
<gc-op id="1506" type="copy forward" timems="3.743" contextid="1503" timestamp="2019-06-15T06:33:00.273">
  <memory-copied type="eden" objects="10438" bytes="390312" bytesdiscarded="0" />
  <memory-copied type="other" objects="20431" bytes="902472" bytesdiscarded="0" />
  <memory-cardclean objects="1579" bytes="81296" />
  <regions eden="76" other="4" />
  <remembered-set-cleared processed="38652" cleared="750" durationms="0.534" />
  <stringconstants candidates="4597" cleared="0"  />
</gc-op>
<gc-op id="1507" type="classunload" timems="0.002" contextid="1503" timestamp="2019-06-15T06:33:00.273">
  <classunload-info classloadercandidates="8" classloadersunloaded="0" classesunloaded="0" anonymousclassesunloaded="0" quiescems="0.000" setupms="0.002" scanms="0.000" postms="0.000" />
</gc-op>
<heap-resize id="1508" type="expand" space="default" amount="2097152" count="1" timems="0.067" reason="excessive time being spent in gc" timestamp="2019-06-15T06:33:00.273" />
<gc-end id="1509" type="partial gc" contextid="1503" durationms="5.013" usertimems="4.000" systemtimems="0.000" timestamp="2019-06-15T06:33:00.273" activeThreads="1">
  <mem-info id="1510" free="179306496" total="298844160" percent="60">
    <mem type="eden" free="658264" total="1048576" percent="62" />
    <arraylet-primitive objects="2" leaves="2" largest="1" />
    <remembered-set count="45408" freebytes="11747328" totalbytes="11928960" percent="98" regionsoverflowed="0" regionsstable="2" regionsrebuilding="0"/>
  </mem-info>
</gc-end>
<cycle-end id="1511" type="partial gc" contextid="1503" timestamp="2019-06-15T06:33:00.273" />
  <attribute name="elasticGC enabled" value="1" />
  <attribute name= "numThreadsSpecified" value="1" />
  <attribute name="heapSize specified" value="0" />
  <attribute name="Current GC Util" value="76" />
  <attribute name= "Current Time Running" value="4875" />
  <attribute name ="GC Interval" value="0" />
  <attribute name="ProportionalT" value="28.000000" />
  <attribute name="ProportionalI" value="28.000000" />
  <attribute name="ProportionalH" value="28.000000" />
  <attribute name="Current Error" value="56.000000" />
  <attribute name="IntegralT" value="0.000000" />
  <attribute name="IntegralI" value="0.000000" />
  <attribute name="IntegralH" value="0.000000" />
  <attribute name="DerivativeT" value="inf" />
  <attribute name="DerivativeI" value="inf" />
  <attribute name="DerivativeH" value="inf" />
  <attribute name="Loop Time for DT" value="0.000000" />
  <attribute name="Output H" value="8388608"/>
  <attribute name="Output I" value="200"/>
  <attribute name="Output T" value="1"/>
  <attribute name="Target GC Util Change" value ="20.000000" />
  <attribute name="Current GC Util Change" value="76.000000"/>
  <attribute name="GC Util currently" value="76" />
  <attribute name="CPU Util currently" value="19514416775366" />
<exclusive-end id="1512" timestamp="2019-06-15T06:33:00.274" durationms="6.108" />

<exclusive-start id="1513" timestamp="2019-06-15T06:33:00.303" intervalms="36.045">
  <response-info timems="0.033" idlems="0.033" threads="0" lastid="00000000018D2D00" lastname="Thread-8" />
</exclusive-start>
<allocation-taxation id="1514" taxation-threshold="80740352" timestamp="2019-06-15T06:33:00.304" intervalms="36.057" />
<cycle-start id="1515" type="partial gc" contextid="0" timestamp="2019-06-15T06:33:00.304" intervalms="36.063" />
<gc-start id="1516" type="partial gc" contextid="1515" timestamp="2019-06-15T06:33:00.304">
  <mem-info id="1517" free="98566144" total="298844160" percent="32">
    <mem type="eden" free="0" total="80740352" percent="0" />
    <arraylet-primitive objects="2" leaves="2" largest="1" />
    <remembered-set count="45344" freebytes="11747584" totalbytes="11928960" percent="98" regionsoverflowed="0" regionsstable="2" regionsrebuilding="0"/>
  </mem-info>
</gc-start>
<allocation-stats totalBytes="80730064" >
  <allocated-bytes non-tlh="0" tlh="80730064" arrayletleaf="0"/>
  <largest-consumer threadName="Thread-7" threadId="00000000018DE100" bytes="22340928" />
</allocation-stats>
<gc-op id="1518" type="copy forward" timems="3.285" contextid="1515" timestamp="2019-06-15T06:33:00.308">
  <memory-copied type="eden" objects="14239" bytes="618040" bytesdiscarded="0" />
  <memory-copied type="other" objects="12224" bytes="568128" bytesdiscarded="0" />
  <memory-cardclean objects="35" bytes="3128" />
  <regions eden="77" other="4" />
  <remembered-set-cleared processed="39029" cleared="772" durationms="0.526" />
  <stringconstants candidates="4597" cleared="0"  />
</gc-op>
<gc-op id="1519" type="classunload" timems="0.002" contextid="1515" timestamp="2019-06-15T06:33:00.308">
  <classunload-info classloadercandidates="8" classloadersunloaded="0" classesunloaded="0" anonymousclassesunloaded="0" quiescems="0.000" setupms="0.002" scanms="0.000" postms="0.000" />
</gc-op>
<heap-resize id="1520" type="expand" space="default" amount="3145728" count="1" timems="0.075" reason="excessive time being spent in gc" timestamp="2019-06-15T06:33:00.309" />
<gc-end id="1521" type="partial gc" contextid="1515" durationms="4.594" usertimems="0.000" systemtimems="4.000" timestamp="2019-06-15T06:33:00.309" activeThreads="1">
  <mem-info id="1522" free="181403648" total="301989888" percent="60">
    <mem type="eden" free="430536" total="1048576" percent="41" />
    <arraylet-primitive objects="2" leaves="2" largest="1" />
    <remembered-set count="44768" freebytes="11875456" totalbytes="12054528" percent="98" regionsoverflowed="0" regionsstable="2" regionsrebuilding="0"/>
  </mem-info>
</gc-end>
<cycle-end id="1523" type="partial gc" contextid="1515" timestamp="2019-06-15T06:33:00.309" />
  <attribute name="elasticGC enabled" value="1" />
  <attribute name= "numThreadsSpecified" value="1" />
  <attribute name="heapSize specified" value="0" />
  <attribute name="Current GC Util" value="67" />
  <attribute name= "Current Time Running" value="4911" />
  <attribute name ="GC Interval" value="0" />
  <attribute name="ProportionalT" value="23.500000" />
  <attribute name="ProportionalI" value="23.500000" />
  <attribute name="ProportionalH" value="23.500000" />
  <attribute name="Current Error" value="47.000000" />
  <attribute name="IntegralT" value="0.000000" />
  <attribute name="IntegralI" value="0.000000" />
  <attribute name="IntegralH" value="0.000000" />
  <attribute name="DerivativeT" value="inf" />
  <attribute name="DerivativeI" value="inf" />
  <attribute name="DerivativeH" value="inf" />
  <attribute name="Loop Time for DT" value="0.000000" />
  <attribute name="Output H" value="8388608"/>
  <attribute name="Output I" value="200"/>
  <attribute name="Output T" value="1"/>
  <attribute name="Target GC Util Change" value ="20.000000" />
  <attribute name="Current GC Util Change" value="67.000000"/>
  <attribute name="GC Util currently" value="67" />
  <attribute name="CPU Util currently" value="18253981954812" />
<exclusive-end id="1524" timestamp="2019-06-15T06:33:00.309" durationms="5.674" />

<exclusive-start id="1525" timestamp="2019-06-15T06:33:00.332" intervalms="28.557">
  <response-info timems="0.040" idlems="0.040" threads="0" lastid="00000000018DE100" lastname="Thread-7" />
</exclusive-start>
<allocation-taxation id="1526" taxation-threshold="81788928" timestamp="2019-06-15T06:33:00.332" intervalms="28.510" />
<cycle-start id="1527" type="partial gc" contextid="0" timestamp="2019-06-15T06:33:00.333" intervalms="28.600" />
<gc-start id="1528" type="partial gc" contextid="1527" timestamp="2019-06-15T06:33:00.333">
  <mem-info id="1529" free="99614720" total="301989888" percent="32">
    <mem type="eden" free="0" total="81788928" percent="0" />
    <arraylet-primitive objects="2" leaves="2" largest="1" />
    <remembered-set count="44736" freebytes="11875584" totalbytes="12054528" percent="98" regionsoverflowed="0" regionsstable="2" regionsrebuilding="0"/>
  </mem-info>
</gc-start>
<allocation-stats totalBytes="81779416" >
  <allocated-bytes non-tlh="0" tlh="81779416" arrayletleaf="0"/>
  <largest-consumer threadName="Thread-8" threadId="00000000018D2D00" bytes="24188440" />
</allocation-stats>
<gc-op id="1530" type="copy forward" timems="4.056" contextid="1527" timestamp="2019-06-15T06:33:00.338">
  <memory-copied type="eden" objects="11458" bytes="414040" bytesdiscarded="0" />
  <memory-copied type="other" objects="21066" bytes="917712" bytesdiscarded="0" />
  <memory-cardclean objects="4724" bytes="250808" />
  <regions eden="78" other="4" />
  <remembered-set-cleared processed="38826" cleared="568" durationms="0.538" />
  <stringconstants candidates="4597" cleared="0"  />
</gc-op>
<gc-op id="1531" type="classunload" timems="0.002" contextid="1527" timestamp="2019-06-15T06:33:00.338">
  <classunload-info classloadercandidates="8" classloadersunloaded="0" classesunloaded="0" anonymousclassesunloaded="0" quiescems="0.000" setupms="0.002" scanms="0.000" postms="0.000" />
</gc-op>
<heap-resize id="1532" type="expand" space="default" amount="2097152" count="1" timems="0.067" reason="excessive time being spent in gc" timestamp="2019-06-15T06:33:00.338" />
<gc-end id="1533" type="partial gc" contextid="1527" durationms="5.527" usertimems="4.000" systemtimems="0.000" timestamp="2019-06-15T06:33:00.338" activeThreads="1">
  <mem-info id="1534" free="182452224" total="304087040" percent="60">
    <mem type="eden" free="634536" total="1048576" percent="60" />
    <arraylet-primitive objects="2" leaves="2" largest="1" />
    <remembered-set count="46432" freebytes="11952512" totalbytes="12138240" percent="98" regionsoverflowed="0" regionsstable="2" regionsrebuilding="0"/>
  </mem-info>
</gc-end>
<cycle-end id="1535" type="partial gc" contextid="1527" timestamp="2019-06-15T06:33:00.339" />
  <attribute name="elasticGC enabled" value="1" />
  <attribute name= "numThreadsSpecified" value="1" />
  <attribute name="heapSize specified" value="0" />
  <attribute name="Current GC Util" value="71" />
  <attribute name= "Current Time Running" value="4940" />
  <attribute name ="GC Interval" value="0" />
  <attribute name="ProportionalT" value="25.500000" />
  <attribute name="ProportionalI" value="25.500000" />
  <attribute name="ProportionalH" value="25.500000" />
  <attribute name="Current Error" value="51.000000" />
  <attribute name="IntegralT" value="0.000000" />
  <attribute name="IntegralI" value="0.000000" />
  <attribute name="IntegralH" value="0.000000" />
  <attribute name="DerivativeT" value="inf" />
  <attribute name="DerivativeI" value="inf" />
  <attribute name="DerivativeH" value="inf" />
  <attribute name="Loop Time for DT" value="0.000000" />
  <attribute name="Output H" value="8388608"/>
  <attribute name="Output I" value="200"/>
  <attribute name="Output T" value="1"/>
  <attribute name="Target GC Util Change" value ="20.000000" />
  <attribute name="Current GC Util Change" value="71.000000"/>
  <attribute name="GC Util currently" value="71" />
  <attribute name="CPU Util currently" value="18491419272766" />
<exclusive-end id="1536" timestamp="2019-06-15T06:33:00.339" durationms="6.728" />

<exclusive-start id="1537" timestamp="2019-06-15T06:33:00.361" intervalms="29.181">
  <response-info timems="0.039" idlems="0.039" threads="0" lastid="00000000018D2D00" lastname="Thread-8" />
</exclusive-start>
<allocation-taxation id="1538" taxation-threshold="81788928" timestamp="2019-06-15T06:33:00.361" intervalms="29.171" />
<cycle-start id="1539" type="partial gc" contextid="0" timestamp="2019-06-15T06:33:00.362" intervalms="29.074" />
<gc-start id="1540" type="partial gc" contextid="1539" timestamp="2019-06-15T06:33:00.362">
  <mem-info id="1541" free="100663296" total="304087040" percent="33">
    <mem type="eden" free="0" total="81788928" percent="0" />
    <arraylet-primitive objects="2" leaves="2" largest="1" />
    <remembered-set count="46016" freebytes="11954176" totalbytes="12138240" percent="98" regionsoverflowed="0" regionsstable="2" regionsrebuilding="0"/>
  </mem-info>
</gc-start>
<allocation-stats totalBytes="81780472" >
  <allocated-bytes non-tlh="0" tlh="81780472" arrayletleaf="0"/>
  <largest-consumer threadName="Thread-8" threadId="00000000018D2D00" bytes="23750600" />
</allocation-stats>
<gc-op id="1542" type="copy forward" timems="2.250" contextid="1539" timestamp="2019-06-15T06:33:00.365">
  <memory-copied type="eden" objects="5844" bytes="142064" bytesdiscarded="13640" />
  <memory-copied type="other" objects="31683" bytes="1309920" bytesdiscarded="70304" />
  <memory-cardclean objects="4504" bytes="221688" />
  <regions eden="78" other="5" />
  <remembered-set-cleared processed="39407" cleared="2228" durationms="0.196" />
  <stringconstants candidates="4597" cleared="0"  />
</gc-op>
<gc-op id="1543" type="classunload" timems="0.003" contextid="1539" timestamp="2019-06-15T06:33:00.365">
  <classunload-info classloadercandidates="8" classloadersunloaded="0" classesunloaded="0" anonymousclassesunloaded="0" quiescems="0.000" setupms="0.003" scanms="0.000" postms="0.000" />
</gc-op>
<heap-resize id="1544" type="expand" space="default" amount="3145728" count="1" timems="0.072" reason="excessive time being spent in gc" timestamp="2019-06-15T06:33:00.365" />
<gc-end id="1545" type="partial gc" contextid="1539" durationms="3.315" usertimems="4.000" systemtimems="4.000" timestamp="2019-06-15T06:33:00.365" activeThreads="4">
  <mem-info id="1546" free="184549376" total="307232768" percent="60">
    <mem type="eden" free="892872" total="1048576" percent="85" />
    <arraylet-primitive objects="2" leaves="2" largest="1" />
    <remembered-set count="45760" freebytes="12080768" totalbytes="12263808" percent="98" regionsoverflowed="0" regionsstable="2" regionsrebuilding="0"/>
  </mem-info>
</gc-end>
<cycle-end id="1547" type="partial gc" contextid="1539" timestamp="2019-06-15T06:33:00.365" />
  <attribute name="elasticGC enabled" value="1" />
  <attribute name= "numThreadsSpecified" value="4" />
  <attribute name="heapSize specified" value="0" />
  <attribute name="Current GC Util" value="94" />
  <attribute name= "Current Time Running" value="4969" />
  <attribute name ="GC Interval" value="0" />
  <attribute name="ProportionalT" value="37.000000" />
  <attribute name="ProportionalI" value="37.000000" />
  <attribute name="ProportionalH" value="37.000000" />
  <attribute name="Current Error" value="74.000000" />
  <attribute name="IntegralT" value="74.000000" />
  <attribute name="IntegralI" value="74.000000" />
  <attribute name="IntegralH" value="74.000000" />
  <attribute name="DerivativeT" value="74.000000" />
  <attribute name="DerivativeI" value="74.000000" />
  <attribute name="DerivativeH" value="74.000000" />
  <attribute name="Loop Time for DT" value="1.000000" />
  <attribute name="Output H" value="8388608"/>
  <attribute name="Output I" value="200"/>
  <attribute name="Output T" value="4"/>
  <attribute name="Target GC Util Change" value ="20.000000" />
  <attribute name="Current GC Util Change" value="94.000000"/>
  <attribute name="GC Util currently" value="94" />
  <attribute name="CPU Util currently" value="21121871239491" />
<exclusive-end id="1548" timestamp="2019-06-15T06:33:00.365" durationms="4.182" />

<exclusive-start id="1549" timestamp="2019-06-15T06:33:00.387" intervalms="25.979">
  <response-info timems="0.031" idlems="0.031" threads="0" lastid="00000000018DE100" lastname="Thread-7" />
</exclusive-start>
<allocation-taxation id="1550" taxation-threshold="82837504" timestamp="2019-06-15T06:33:00.387" intervalms="26.022" />
<cycle-start id="1551" type="partial gc" contextid="0" timestamp="2019-06-15T06:33:00.388" intervalms="26.047" />
<gc-start id="1552" type="partial gc" contextid="1551" timestamp="2019-06-15T06:33:00.388">
  <mem-info id="1553" free="101711872" total="307232768" percent="33">
    <mem type="eden" free="0" total="82837504" percent="0" />
    <arraylet-primitive objects="2" leaves="2" largest="1" />
    <remembered-set count="45344" freebytes="12082432" totalbytes="12263808" percent="98" regionsoverflowed="0" regionsstable="2" regionsrebuilding="0"/>
  </mem-info>
</gc-start>
<allocation-stats totalBytes="82828672" >
  <allocated-bytes non-tlh="0" tlh="82828672" arrayletleaf="0"/>
  <largest-consumer threadName="Thread-8" threadId="00000000018D2D00" bytes="23664304" />
</allocation-stats>
<gc-op id="1554" type="copy forward" timems="3.527" contextid="1551" timestamp="2019-06-15T06:33:00.392">
  <memory-copied type="eden" objects="17178" bytes="825744" bytesdiscarded="0" />
  <memory-copied type="other" objects="11184" bytes="405792" bytesdiscarded="0" />
  <memory-cardclean objects="4497" bytes="221360" />
  <regions eden="79" other="5" />
  <remembered-set-cleared processed="38691" cleared="1511" durationms="0.531" />
  <stringconstants candidates="4597" cleared="0"  />
</gc-op>
<gc-op id="1555" type="classunload" timems="0.002" contextid="1551" timestamp="2019-06-15T06:33:00.392">
  <classunload-info classloadercandidates="8" classloadersunloaded="0" classesunloaded="0" anonymousclassesunloaded="0" quiescems="0.000" setupms="0.001" scanms="0.000" postms="0.000" />
</gc-op>
<heap-resize id="1556" type="expand" space="default" amount="2097152" count="1" timems="0.066" reason="excessive time being spent in gc" timestamp="2019-06-15T06:33:00.393" />
<gc-end id="1557" type="partial gc" contextid="1551" durationms="4.917" usertimems="4.000" systemtimems="0.000" timestamp="2019-06-15T06:33:00.393" activeThreads="1">
  <mem-info id="1558" free="185597952" total="309329920" percent="60">
    <mem type="eden" free="222832" total="1048576" percent="21" />
    <arraylet-primitive objects="2" leaves="2" largest="1" />
    <remembered-set count="44320" freebytes="12170240" totalbytes="12347520" percent="98" regionsoverflowed="0" regionsstable="2" regionsrebuilding="0"/>
  </mem-info>
</gc-end>
<cycle-end id="1559" type="partial gc" contextid="1551" timestamp="2019-06-15T06:33:00.393" />
  <attribute name="elasticGC enabled" value="1" />
  <attribute name= "numThreadsSpecified" value="1" />
  <attribute name="heapSize specified" value="0" />
  <attribute name="Current GC Util" value="60" />
  <attribute name= "Current Time Running" value="4995" />
  <attribute name ="GC Interval" value="0" />
  <attribute name="ProportionalT" value="20.000000" />
  <attribute name="ProportionalI" value="20.000000" />
  <attribute name="ProportionalH" value="20.000000" />
  <attribute name="Current Error" value="40.000000" />
  <attribute name="IntegralT" value="0.000000" />
  <attribute name="IntegralI" value="0.000000" />
  <attribute name="IntegralH" value="0.000000" />
  <attribute name="DerivativeT" value="inf" />
  <attribute name="DerivativeI" value="inf" />
  <attribute name="DerivativeH" value="inf" />
  <attribute name="Loop Time for DT" value="0.000000" />
  <attribute name="Output H" value="8388608"/>
  <attribute name="Output I" value="200"/>
  <attribute name="Output T" value="1"/>
  <attribute name="Target GC Util Change" value ="20.000000" />
  <attribute name="Current GC Util Change" value="60.000000"/>
  <attribute name="GC Util currently" value="60" />
  <attribute name="CPU Util currently" value="19753137504532" />
<exclusive-end id="1560" timestamp="2019-06-15T06:33:00.393" durationms="6.137" />

<exclusive-start id="1561" timestamp="2019-06-15T06:33:00.416" intervalms="28.903">
  <response-info timems="0.031" idlems="0.031" threads="0" lastid="00000000018D6900" lastname="Thread-10" />
</exclusive-start>
<allocation-taxation id="1562" taxation-threshold="82837504" timestamp="2019-06-15T06:33:00.416" intervalms="28.861" />
<cycle-start id="1563" type="partial gc" contextid="0" timestamp="2019-06-15T06:33:00.416" intervalms="28.842" />
<gc-start id="1564" type="partial gc" contextid="1563" timestamp="2019-06-15T06:33:00.417">
  <mem-info id="1565" free="102760448" total="309329920" percent="33">
    <mem type="eden" free="0" total="82837504" percent="0" />
    <arraylet-primitive objects="2" leaves="2" largest="1" />
    <remembered-set count="44128" freebytes="12171008" totalbytes="12347520" percent="98" regionsoverflowed="0" regionsstable="2" regionsrebuilding="0"/>
  </mem-info>
</gc-start>
<allocation-stats totalBytes="82829072" >
  <allocated-bytes non-tlh="0" tlh="82829072" arrayletleaf="0"/>
  <largest-consumer threadName="Thread-7" threadId="00000000018DE100" bytes="24909608" />
</allocation-stats>
<gc-op id="1566" type="copy forward" timems="1.948" contextid="1563" timestamp="2019-06-15T06:33:00.419">
  <memory-copied type="eden" objects="9530" bytes="367856" bytesdiscarded="43616" />
  <memory-copied type="other" objects="19016" bytes="868512" bytesdiscarded="44672" />
  <memory-cardclean objects="195" bytes="14704" />
  <regions eden="79" other="3" />
  <remembered-set-cleared processed="38619" cleared="512" durationms="0.229" />
  <stringconstants candidates="4597" cleared="0"  />
</gc-op>
<gc-op id="1567" type="classunload" timems="0.002" contextid="1563" timestamp="2019-06-15T06:33:00.419">
  <classunload-info classloadercandidates="8" classloadersunloaded="0" classesunloaded="0" anonymousclassesunloaded="0" quiescems="0.000" setupms="0.002" scanms="0.000" postms="0.000" />
</gc-op>
<heap-resize id="1568" type="expand" space="default" amount="3145728" count="1" timems="0.079" reason="excessive time being spent in gc" timestamp="2019-06-15T06:33:00.420" />
<gc-end id="1569" type="partial gc" contextid="1563" durationms="3.100" usertimems="4.000" systemtimems="0.000" timestamp="2019-06-15T06:33:00.420" activeThreads="4">
  <mem-info id="1570" free="187695104" total="312475648" percent="60">
    <mem type="eden" free="637104" total="1048576" percent="60" />
    <arraylet-primitive objects="2" leaves="2" largest="1" />
    <remembered-set count="44704" freebytes="12294272" totalbytes="12473088" percent="98" regionsoverflowed="0" regionsstable="2" regionsrebuilding="0"/>
  </mem-info>
</gc-end>
<cycle-end id="1571" type="partial gc" contextid="1563" timestamp="2019-06-15T06:33:00.420" />
  <attribute name="elasticGC enabled" value="1" />
  <attribute name= "numThreadsSpecified" value="4" />
  <attribute name="heapSize specified" value="0" />
  <attribute name="Current GC Util" value="72" />
  <attribute name= "Current Time Running" value="5024" />
  <attribute name ="GC Interval" value="0" />
  <attribute name="ProportionalT" value="26.000000" />
  <attribute name="ProportionalI" value="26.000000" />
  <attribute name="ProportionalH" value="26.000000" />
  <attribute name="Current Error" value="52.000000" />
  <attribute name="IntegralT" value="52.000000" />
  <attribute name="IntegralI" value="52.000000" />
  <attribute name="IntegralH" value="52.000000" />
  <attribute name="DerivativeT" value="52.000000" />
  <attribute name="DerivativeI" value="52.000000" />
  <attribute name="DerivativeH" value="52.000000" />
  <attribute name="Loop Time for DT" value="1.000000" />
  <attribute name="Output H" value="8388608"/>
  <attribute name="Output I" value="200"/>
  <attribute name="Output T" value="4"/>
  <attribute name="Target GC Util Change" value ="20.000000" />
  <attribute name="Current GC Util Change" value="72.000000"/>
  <attribute name="GC Util currently" value="72" />
  <attribute name="CPU Util currently" value="19232186499703" />
<exclusive-end id="1572" timestamp="2019-06-15T06:33:00.420" durationms="4.117" />

<exclusive-start id="1573" timestamp="2019-06-15T06:33:00.445" intervalms="28.853">
  <response-info timems="0.213" idlems="0.213" threads="0" lastid="00000000018DE100" lastname="Thread-7" />
</exclusive-start>
<allocation-taxation id="1574" taxation-threshold="83886080" timestamp="2019-06-15T06:33:00.445" intervalms="28.886" />
<cycle-start id="1575" type="partial gc" contextid="0" timestamp="2019-06-15T06:33:00.445" intervalms="28.918" />
<gc-start id="1576" type="partial gc" contextid="1575" timestamp="2019-06-15T06:33:00.446">
  <mem-info id="1577" free="103809024" total="312475648" percent="33">
    <mem type="eden" free="0" total="83886080" percent="0" />
    <arraylet-primitive objects="2" leaves="2" largest="1" />
    <remembered-set count="44384" freebytes="12295552" totalbytes="12473088" percent="98" regionsoverflowed="0" regionsstable="2" regionsrebuilding="0"/>
  </mem-info>
</gc-start>
<allocation-stats totalBytes="83877192" >
  <allocated-bytes non-tlh="0" tlh="83877192" arrayletleaf="0"/>
  <largest-consumer threadName="Thread-7" threadId="00000000018DE100" bytes="24958824" />
</allocation-stats>
<gc-op id="1578" type="copy forward" timems="2.002" contextid="1575" timestamp="2019-06-15T06:33:00.449">
  <memory-copied type="eden" objects="9345" bytes="363416" bytesdiscarded="12144" />
  <memory-copied type="other" objects="20504" bytes="904248" bytesdiscarded="42704" />
  <memory-cardclean objects="189" bytes="14568" />
  <regions eden="80" other="4" />
  <remembered-set-cleared processed="38917" cleared="810" durationms="0.228" />
  <stringconstants candidates="4597" cleared="0"  />
</gc-op>
<gc-op id="1579" type="classunload" timems="0.002" contextid="1575" timestamp="2019-06-15T06:33:00.449">
  <classunload-info classloadercandidates="8" classloadersunloaded="0" classesunloaded="0" anonymousclassesunloaded="0" quiescems="0.000" setupms="0.002" scanms="0.000" postms="0.000" />
</gc-op>
<heap-resize id="1580" type="expand" space="default" amount="2097152" count="1" timems="0.077" reason="excessive time being spent in gc" timestamp="2019-06-15T06:33:00.449" />
<gc-end id="1581" type="partial gc" contextid="1575" durationms="3.371" usertimems="4.000" systemtimems="0.000" timestamp="2019-06-15T06:33:00.449" activeThreads="4">
  <mem-info id="1582" free="188743680" total="314572800" percent="60">
    <mem type="eden" free="673016" total="1048576" percent="64" />
    <arraylet-primitive objects="2" leaves="2" largest="1" />
    <remembered-set count="44704" freebytes="12377984" totalbytes="12556800" percent="98" regionsoverflowed="0" regionsstable="2" regionsrebuilding="0"/>
  </mem-info>
</gc-end>
<cycle-end id="1583" type="partial gc" contextid="1575" timestamp="2019-06-15T06:33:00.449" />
  <attribute name="elasticGC enabled" value="1" />
  <attribute name= "numThreadsSpecified" value="4" />
  <attribute name="heapSize specified" value="0" />
  <attribute name="Current GC Util" value="65" />
  <attribute name= "Current Time Running" value="5053" />
  <attribute name ="GC Interval" value="0" />
  <attribute name="ProportionalT" value="22.500000" />
  <attribute name="ProportionalI" value="22.500000" />
  <attribute name="ProportionalH" value="22.500000" />
  <attribute name="Current Error" value="45.000000" />
  <attribute name="IntegralT" value="45.000000" />
  <attribute name="IntegralI" value="45.000000" />
  <attribute name="IntegralH" value="45.000000" />
  <attribute name="DerivativeT" value="44.000000" />
  <attribute name="DerivativeI" value="44.000000" />
  <attribute name="DerivativeH" value="44.000000" />
  <attribute name="Loop Time for DT" value="1.000000" />
  <attribute name="Output H" value="8388608"/>
  <attribute name="Output I" value="200"/>
  <attribute name="Output T" value="4"/>
  <attribute name="Target GC Util Change" value ="20.000000" />
  <attribute name="Current GC Util Change" value="65.000000"/>
  <attribute name="GC Util currently" value="65" />
  <attribute name="CPU Util currently" value="17814541550855" />
<exclusive-end id="1584" timestamp="2019-06-15T06:33:00.450" durationms="4.560" />

<exclusive-start id="1585" timestamp="2019-06-15T06:33:00.477" intervalms="31.889">
  <response-info timems="0.034" idlems="0.034" threads="0" lastid="00000000018D2D00" lastname="Thread-8" />
</exclusive-start>
<allocation-taxation id="1586" taxation-threshold="84934656" timestamp="2019-06-15T06:33:00.477" intervalms="31.879" />
<cycle-start id="1587" type="partial gc" contextid="0" timestamp="2019-06-15T06:33:00.477" intervalms="31.825" />
<gc-start id="1588" type="partial gc" contextid="1587" timestamp="2019-06-15T06:33:00.477">
  <mem-info id="1589" free="103809024" total="314572800" percent="33">
    <mem type="eden" free="0" total="84934656" percent="0" />
    <arraylet-primitive objects="2" leaves="2" largest="1" />
    <remembered-set count="44640" freebytes="12378240" totalbytes="12556800" percent="98" regionsoverflowed="0" regionsstable="2" regionsrebuilding="0"/>
  </mem-info>
</gc-start>
<allocation-stats totalBytes="84924024" >
  <allocated-bytes non-tlh="0" tlh="84924024" arrayletleaf="0"/>
  <largest-consumer threadName="Thread-8" threadId="00000000018D2D00" bytes="24331040" />
</allocation-stats>
<gc-op id="1590" type="copy forward" timems="1.928" contextid="1587" timestamp="2019-06-15T06:33:00.480">
  <memory-copied type="eden" objects="14271" bytes="619184" bytesdiscarded="3968" />
  <memory-copied type="other" objects="12873" bytes="583728" bytesdiscarded="46368" />
  <memory-cardclean objects="189" bytes="14568" />
  <regions eden="81" other="5" />
  <remembered-set-cleared processed="38949" cleared="842" durationms="0.236" />
  <stringconstants candidates="4597" cleared="0"  />
</gc-op>
<gc-op id="1591" type="classunload" timems="0.002" contextid="1587" timestamp="2019-06-15T06:33:00.480">
  <classunload-info classloadercandidates="8" classloadersunloaded="0" classesunloaded="0" anonymousclassesunloaded="0" quiescems="0.000" setupms="0.002" scanms="0.000" postms="0.000" />
</gc-op>
<heap-resize id="1592" type="expand" space="default" amount="3145728" count="1" timems="0.073" reason="excessive time being spent in gc" timestamp="2019-06-15T06:33:00.480" />
<gc-end id="1593" type="partial gc" contextid="1587" durationms="3.027" usertimems="4.000" systemtimems="0.000" timestamp="2019-06-15T06:33:00.480" activeThreads="4">
  <mem-info id="1594" free="190840832" total="317718528" percent="60">
    <mem type="eden" free="1474000" total="2097152" percent="70" />
    <arraylet-primitive objects="2" leaves="2" largest="1" />
    <remembered-set count="44192" freebytes="12505600" totalbytes="12682368" percent="98" regionsoverflowed="0" regionsstable="2" regionsrebuilding="0"/>
  </mem-info>
</gc-end>
<cycle-end id="1595" type="partial gc" contextid="1587" timestamp="2019-06-15T06:33:00.481" />
  <attribute name="elasticGC enabled" value="1" />
  <attribute name= "numThreadsSpecified" value="4" />
  <attribute name="heapSize specified" value="0" />
  <attribute name="Current GC Util" value="0" />
  <attribute name= "Current Time Running" value="5084" />
  <attribute name ="GC Interval" value="0" />
  <attribute name="ProportionalT" value="-10.000000" />
  <attribute name="ProportionalI" value="-10.000000" />
  <attribute name="ProportionalH" value="-10.000000" />
  <attribute name="Current Error" value="-20.000000" />
  <attribute name="IntegralT" value="0.000000" />
  <attribute name="IntegralI" value="0.000000" />
  <attribute name="IntegralH" value="0.000000" />
  <attribute name="DerivativeT" value="-inf" />
  <attribute name="DerivativeI" value="-inf" />
  <attribute name="DerivativeH" value="-inf" />
  <attribute name="Loop Time for DT" value="0.000000" />
  <attribute name="Output H" value="2091843584"/>
  <attribute name="Output I" value="200"/>
  <attribute name="Output T" value="4"/>
  <attribute name="Target GC Util Change" value ="20.000000" />
  <attribute name="Current GC Util Change" value="0.000000"/>
  <attribute name="GC Util currently" value="0" />
  <attribute name="CPU Util currently" value="28012768181530" />
<exclusive-end id="1596" timestamp="2019-06-15T06:33:00.481" durationms="4.008" />

<exclusive-start id="1597" timestamp="2019-06-15T06:33:00.509" intervalms="32.044">
  <response-info timems="0.039" idlems="0.039" threads="0" lastid="00000000018DA500" lastname="Thread-9" />
</exclusive-start>
<allocation-taxation id="1598" taxation-threshold="84934656" timestamp="2019-06-15T06:33:00.509" intervalms="32.028" />
<cycle-start id="1599" type="partial gc" contextid="0" timestamp="2019-06-15T06:33:00.509" intervalms="32.050" />
<gc-start id="1600" type="partial gc" contextid="1599" timestamp="2019-06-15T06:33:00.510">
  <mem-info id="1601" free="105906176" total="317718528" percent="33">
    <mem type="eden" free="0" total="84934656" percent="0" />
    <arraylet-primitive objects="2" leaves="2" largest="1" />
    <remembered-set count="44064" freebytes="12506112" totalbytes="12682368" percent="98" regionsoverflowed="0" regionsstable="2" regionsrebuilding="0"/>
  </mem-info>
</gc-start>
<allocation-stats totalBytes="84923824" >
  <allocated-bytes non-tlh="0" tlh="84923824" arrayletleaf="0"/>
  <largest-consumer threadName="Thread-8" threadId="00000000018D2D00" bytes="24994664" />
</allocation-stats>
<gc-op id="1602" type="copy forward" timems="3.582" contextid="1599" timestamp="2019-06-15T06:33:00.514">
  <memory-copied type="eden" objects="9364" bytes="364152" bytesdiscarded="0" />
  <memory-copied type="other" objects="19461" bytes="879216" bytesdiscarded="0" />
  <memory-cardclean objects="42" bytes="3456" />
  <regions eden="81" other="5" />
  <remembered-set-cleared processed="38769" cleared="614" durationms="0.523" />
  <stringconstants candidates="4597" cleared="0"  />
</gc-op>
<gc-op id="1603" type="classunload" timems="0.002" contextid="1599" timestamp="2019-06-15T06:33:00.514">
  <classunload-info classloadercandidates="8" classloadersunloaded="0" classesunloaded="0" anonymousclassesunloaded="0" quiescems="0.000" setupms="0.002" scanms="0.000" postms="0.000" />
</gc-op>
<gc-end id="1604" type="partial gc" contextid="1599" durationms="4.688" usertimems="4.000" systemtimems="0.000" timestamp="2019-06-15T06:33:00.514" activeThreads="1">
  <mem-info id="1605" free="190840832" total="317718528" percent="60">
    <mem type="eden" free="684424" total="1048576" percent="65" />
    <arraylet-primitive objects="2" leaves="2" largest="1" />
    <remembered-set count="44672" freebytes="12503680" totalbytes="12682368" percent="98" regionsoverflowed="0" regionsstable="2" regionsrebuilding="0"/>
  </mem-info>
</gc-end>
<cycle-end id="1606" type="partial gc" contextid="1599" timestamp="2019-06-15T06:33:00.514" />
  <attribute name="elasticGC enabled" value="1" />
  <attribute name= "numThreadsSpecified" value="1" />
  <attribute name="heapSize specified" value="0" />
  <attribute name="Current GC Util" value="75" />
  <attribute name= "Current Time Running" value="5116" />
  <attribute name ="GC Interval" value="0" />
  <attribute name="ProportionalT" value="27.500000" />
  <attribute name="ProportionalI" value="27.500000" />
  <attribute name="ProportionalH" value="27.500000" />
  <attribute name="Current Error" value="55.000000" />
  <attribute name="IntegralT" value="0.000000" />
  <attribute name="IntegralI" value="0.000000" />
  <attribute name="IntegralH" value="0.000000" />
  <attribute name="DerivativeT" value="inf" />
  <attribute name="DerivativeI" value="inf" />
  <attribute name="DerivativeH" value="inf" />
  <attribute name="Loop Time for DT" value="0.000000" />
  <attribute name="Output H" value="8388608"/>
  <attribute name="Output I" value="200"/>
  <attribute name="Output T" value="1"/>
  <attribute name="Target GC Util Change" value ="20.000000" />
  <attribute name="Current GC Util Change" value="75.000000"/>
  <attribute name="GC Util currently" value="75" />
  <attribute name="CPU Util currently" value="20769805168613" />
<exclusive-end id="1607" timestamp="2019-06-15T06:33:00.515" durationms="5.769" />

<exclusive-start id="1608" timestamp="2019-06-15T06:33:00.545" intervalms="36.339">
  <response-info timems="0.041" idlems="0.041" threads="0" lastid="00000000018DE100" lastname="Thread-7" />
</exclusive-start>
<allocation-taxation id="1609" taxation-threshold="84934656" timestamp="2019-06-15T06:33:00.545" intervalms="36.332" />
<cycle-start id="1610" type="partial gc" contextid="0" timestamp="2019-06-15T06:33:00.546" intervalms="36.353" />
<gc-start id="1611" type="partial gc" contextid="1610" timestamp="2019-06-15T06:33:00.546">
  <mem-info id="1612" free="105906176" total="317718528" percent="33">
    <mem type="eden" free="0" total="84934656" percent="0" />
    <arraylet-primitive objects="2" leaves="2" largest="1" />
    <remembered-set count="44640" freebytes="12503808" totalbytes="12682368" percent="98" regionsoverflowed="0" regionsstable="2" regionsrebuilding="0"/>
  </mem-info>
</gc-start>
<allocation-stats totalBytes="84924560" >
  <allocated-bytes non-tlh="0" tlh="84924560" arrayletleaf="0"/>
  <largest-consumer threadName="Thread-7" threadId="00000000018DE100" bytes="22979816" />
</allocation-stats>
<gc-op id="1613" type="copy forward" timems="3.476" contextid="1610" timestamp="2019-06-15T06:33:00.550">
  <memory-copied type="eden" objects="18383" bytes="855584" bytesdiscarded="0" />
  <memory-copied type="other" objects="8355" bytes="337920" bytesdiscarded="0" />
  <memory-cardclean objects="4719" bytes="250800" />
  <regions eden="81" other="4" />
  <remembered-set-cleared processed="38948" cleared="792" durationms="0.528" />
  <stringconstants candidates="4597" cleared="0"  />
</gc-op>
<gc-op id="1614" type="classunload" timems="0.002" contextid="1610" timestamp="2019-06-15T06:33:00.550">
  <classunload-info classloadercandidates="8" classloadersunloaded="0" classesunloaded="0" anonymousclassesunloaded="0" quiescems="0.000" setupms="0.002" scanms="0.000" postms="0.000" />
</gc-op>
<heap-resize id="1615" type="expand" space="default" amount="2097152" count="1" timems="0.075" reason="excessive time being spent in gc" timestamp="2019-06-15T06:33:00.551" />
<gc-end id="1616" type="partial gc" contextid="1610" durationms="4.827" usertimems="4.000" systemtimems="0.000" timestamp="2019-06-15T06:33:00.551" activeThreads="1">
  <mem-info id="1617" free="191889408" total="319815680" percent="60">
    <mem type="eden" free="192992" total="1048576" percent="18" />
    <arraylet-primitive objects="2" leaves="2" largest="1" />
    <remembered-set count="44832" freebytes="12586752" totalbytes="12766080" percent="98" regionsoverflowed="0" regionsstable="2" regionsrebuilding="0"/>
  </mem-info>
</gc-end>
<cycle-end id="1618" type="partial gc" contextid="1610" timestamp="2019-06-15T06:33:00.551" />
  <attribute name="elasticGC enabled" value="1" />
  <attribute name= "numThreadsSpecified" value="1" />
  <attribute name="heapSize specified" value="0" />
  <attribute name="Current GC Util" value="88" />
  <attribute name= "Current Time Running" value="5153" />
  <attribute name ="GC Interval" value="0" />
  <attribute name="ProportionalT" value="34.000000" />
  <attribute name="ProportionalI" value="34.000000" />
  <attribute name="ProportionalH" value="34.000000" />
  <attribute name="Current Error" value="68.000000" />
  <attribute name="IntegralT" value="0.000000" />
  <attribute name="IntegralI" value="0.000000" />
  <attribute name="IntegralH" value="0.000000" />
  <attribute name="DerivativeT" value="inf" />
  <attribute name="DerivativeI" value="inf" />
  <attribute name="DerivativeH" value="inf" />
  <attribute name="Loop Time for DT" value="0.000000" />
  <attribute name="Output H" value="8388608"/>
  <attribute name="Output I" value="200"/>
  <attribute name="Output T" value="1"/>
  <attribute name="Target GC Util Change" value ="20.000000" />
  <attribute name="Current GC Util Change" value="88.000000"/>
  <attribute name="GC Util currently" value="88" />
  <attribute name="CPU Util currently" value="21265532919138" />
<exclusive-end id="1619" timestamp="2019-06-15T06:33:00.551" durationms="6.052" />

<exclusive-start id="1620" timestamp="2019-06-15T06:33:00.586" intervalms="40.710">
  <response-info timems="0.032" idlems="0.032" threads="0" lastid="00000000018DA500" lastname="Thread-9" />
</exclusive-start>
<allocation-taxation id="1621" taxation-threshold="85983232" timestamp="2019-06-15T06:33:00.586" intervalms="40.756" />
<cycle-start id="1622" type="partial gc" contextid="0" timestamp="2019-06-15T06:33:00.586" intervalms="40.780" />
<gc-start id="1623" type="partial gc" contextid="1622" timestamp="2019-06-15T06:33:00.587">
  <mem-info id="1624" free="105906176" total="319815680" percent="33">
    <mem type="eden" free="0" total="85983232" percent="0" />
    <arraylet-primitive objects="2" leaves="2" largest="1" />
    <remembered-set count="44416" freebytes="12588416" totalbytes="12766080" percent="98" regionsoverflowed="0" regionsstable="2" regionsrebuilding="0"/>
  </mem-info>
</gc-start>
<allocation-stats totalBytes="85972144" >
  <allocated-bytes non-tlh="0" tlh="85972144" arrayletleaf="0"/>
  <largest-consumer threadName="Thread-9" threadId="00000000018DA500" bytes="23249824" />
</allocation-stats>
<gc-op id="1625" type="copy forward" timems="2.329" contextid="1622" timestamp="2019-06-15T06:33:00.590">
  <memory-copied type="eden" objects="4893" bytes="119360" bytesdiscarded="34488" />
  <memory-copied type="other" objects="25573" bytes="1163256" bytesdiscarded="61656" />
  <memory-cardclean objects="4065" bytes="200624" />
  <regions eden="82" other="4" />
  <remembered-set-cleared processed="38932" cleared="675" durationms="0.239" />
  <stringconstants candidates="4597" cleared="0"  />
</gc-op>
<gc-op id="1626" type="classunload" timems="0.002" contextid="1622" timestamp="2019-06-15T06:33:00.590">
  <classunload-info classloadercandidates="8" classloadersunloaded="0" classesunloaded="0" anonymousclassesunloaded="0" quiescems="0.000" setupms="0.002" scanms="0.000" postms="0.000" />
</gc-op>
<heap-resize id="1627" type="expand" space="default" amount="3145728" count="1" timems="0.073" reason="excessive time being spent in gc" timestamp="2019-06-15T06:33:00.590" />
<gc-end id="1628" type="partial gc" contextid="1622" durationms="3.821" usertimems="0.000" systemtimems="4.000" timestamp="2019-06-15T06:33:00.591" activeThreads="4">
  <mem-info id="1629" free="193986560" total="322961408" percent="60">
    <mem type="eden" free="894728" total="1048576" percent="85" />
    <arraylet-primitive objects="2" leaves="2" largest="1" />
    <remembered-set count="45408" freebytes="12710016" totalbytes="12891648" percent="98" regionsoverflowed="0" regionsstable="2" regionsrebuilding="0"/>
  </mem-info>
</gc-end>
<cycle-end id="1630" type="partial gc" contextid="1622" timestamp="2019-06-15T06:33:00.591" />
  <attribute name="elasticGC enabled" value="1" />
  <attribute name= "numThreadsSpecified" value="4" />
  <attribute name="heapSize specified" value="0" />
  <attribute name="Current GC Util" value="72" />
  <attribute name= "Current Time Running" value="5194" />
  <attribute name ="GC Interval" value="0" />
  <attribute name="ProportionalT" value="26.000000" />
  <attribute name="ProportionalI" value="26.000000" />
  <attribute name="ProportionalH" value="26.000000" />
  <attribute name="Current Error" value="52.000000" />
  <attribute name="IntegralT" value="52.000000" />
  <attribute name="IntegralI" value="52.000000" />
  <attribute name="IntegralH" value="52.000000" />
  <attribute name="DerivativeT" value="52.000000" />
  <attribute name="DerivativeI" value="52.000000" />
  <attribute name="DerivativeH" value="52.000000" />
  <attribute name="Loop Time for DT" value="1.000000" />
  <attribute name="Output H" value="8388608"/>
  <attribute name="Output I" value="200"/>
  <attribute name="Output T" value="4"/>
  <attribute name="Target GC Util Change" value ="20.000000" />
  <attribute name="Current GC Util Change" value="72.000000"/>
  <attribute name="GC Util currently" value="72" />
  <attribute name="CPU Util currently" value="17308080030144" />
<exclusive-end id="1631" timestamp="2019-06-15T06:33:00.591" durationms="4.939" />

<exclusive-start id="1632" timestamp="2019-06-15T06:33:00.623" intervalms="37.257">
  <response-info timems="0.030" idlems="0.030" threads="0" lastid="00000000018DA500" lastname="Thread-9" />
</exclusive-start>
<allocation-taxation id="1633" taxation-threshold="85983232" timestamp="2019-06-15T06:33:00.623" intervalms="37.262" />
<cycle-start id="1634" type="partial gc" contextid="0" timestamp="2019-06-15T06:33:00.624" intervalms="37.231" />
<gc-start id="1635" type="partial gc" contextid="1634" timestamp="2019-06-15T06:33:00.624">
  <mem-info id="1636" free="108003328" total="322961408" percent="33">
    <mem type="eden" free="0" total="85983232" percent="0" />
    <arraylet-primitive objects="2" leaves="2" largest="1" />
    <remembered-set count="44928" freebytes="12711936" totalbytes="12891648" percent="98" regionsoverflowed="0" regionsstable="2" regionsrebuilding="0"/>
  </mem-info>
</gc-start>
<allocation-stats totalBytes="85972304" >
  <allocated-bytes non-tlh="0" tlh="85972304" arrayletleaf="0"/>
  <largest-consumer threadName="Thread-10" threadId="00000000018D6900" bytes="21878040" />
</allocation-stats>
<gc-op id="1637" type="copy forward" timems="3.472" contextid="1634" timestamp="2019-06-15T06:33:00.628">
  <memory-copied type="eden" objects="18009" bytes="846648" bytesdiscarded="0" />
  <memory-copied type="other" objects="9296" bytes="360480" bytesdiscarded="0" />
  <memory-cardclean objects="3259" bytes="161936" />
  <regions eden="82" other="4" />
  <remembered-set-cleared processed="39420" cleared="958" durationms="0.558" />
  <stringconstants candidates="4597" cleared="0"  />
</gc-op>
<gc-op id="1638" type="classunload" timems="0.002" contextid="1634" timestamp="2019-06-15T06:33:00.628">
  <classunload-info classloadercandidates="8" classloadersunloaded="0" classesunloaded="0" anonymousclassesunloaded="0" quiescems="0.000" setupms="0.002" scanms="0.000" postms="0.000" />
</gc-op>
<heap-resize id="1639" type="expand" space="default" amount="2097152" count="1" timems="0.067" reason="excessive time being spent in gc" timestamp="2019-06-15T06:33:00.629" />
<gc-end id="1640" type="partial gc" contextid="1634" durationms="4.806" usertimems="8.000" systemtimems="0.000" timestamp="2019-06-15T06:33:00.629" activeThreads="1">
  <mem-info id="1641" free="195035136" total="325058560" percent="60">
    <mem type="eden" free="201928" total="1048576" percent="19" />
    <arraylet-primitive objects="2" leaves="2" largest="1" />
    <remembered-set count="44448" freebytes="12797568" totalbytes="12975360" percent="98" regionsoverflowed="0" regionsstable="2" regionsrebuilding="0"/>
  </mem-info>
</gc-end>
<cycle-end id="1642" type="partial gc" contextid="1634" timestamp="2019-06-15T06:33:00.629" />
  <attribute name="elasticGC enabled" value="1" />
  <attribute name= "numThreadsSpecified" value="1" />
  <attribute name="heapSize specified" value="0" />
  <attribute name="Current GC Util" value="67" />
  <attribute name= "Current Time Running" value="5231" />
  <attribute name ="GC Interval" value="0" />
  <attribute name="ProportionalT" value="23.500000" />
  <attribute name="ProportionalI" value="23.500000" />
  <attribute name="ProportionalH" value="23.500000" />
  <attribute name="Current Error" value="47.000000" />
  <attribute name="IntegralT" value="0.000000" />
  <attribute name="IntegralI" value="0.000000" />
  <attribute name="IntegralH" value="0.000000" />
  <attribute name="DerivativeT" value="inf" />
  <attribute name="DerivativeI" value="inf" />
  <attribute name="DerivativeH" value="inf" />
  <attribute name="Loop Time for DT" value="0.000000" />
  <attribute name="Output H" value="8388608"/>
  <attribute name="Output I" value="200"/>
  <attribute name="Output T" value="1"/>
  <attribute name="Target GC Util Change" value ="20.000000" />
  <attribute name="Current GC Util Change" value="67.000000"/>
  <attribute name="GC Util currently" value="67" />
  <attribute name="CPU Util currently" value="18057001674305" />
<exclusive-end id="1643" timestamp="2019-06-15T06:33:00.629" durationms="6.006" />

<exclusive-start id="1644" timestamp="2019-06-15T06:33:00.664" intervalms="40.641">
  <response-info timems="0.040" idlems="0.040" threads="0" lastid="00000000018D2D00" lastname="Thread-8" />
</exclusive-start>
<allocation-taxation id="1645" taxation-threshold="87031808" timestamp="2019-06-15T06:33:00.664" intervalms="40.589" />
<cycle-start id="1646" type="partial gc" contextid="0" timestamp="2019-06-15T06:33:00.664" intervalms="40.523" />
<gc-start id="1647" type="partial gc" contextid="1646" timestamp="2019-06-15T06:33:00.664">
  <mem-info id="1648" free="108003328" total="325058560" percent="33">
    <mem type="eden" free="0" total="87031808" percent="0" />
    <arraylet-primitive objects="2" leaves="2" largest="1" />
    <remembered-set count="44064" freebytes="12799104" totalbytes="12975360" percent="98" regionsoverflowed="0" regionsstable="2" regionsrebuilding="0"/>
  </mem-info>
</gc-start>
<allocation-stats totalBytes="87020488" >
  <allocated-bytes non-tlh="0" tlh="87020488" arrayletleaf="0"/>
  <largest-consumer threadName="Thread-9" threadId="00000000018DA500" bytes="22885472" />
</allocation-stats>
<gc-op id="1649" type="copy forward" timems="3.826" contextid="1646" timestamp="2019-06-15T06:33:00.669">
  <memory-copied type="eden" objects="5675" bytes="138488" bytesdiscarded="0" />
  <memory-copied type="other" objects="25056" bytes="1150848" bytesdiscarded="0" />
  <memory-cardclean objects="1373" bytes="71408" />
  <regions eden="83" other="3" />
  <remembered-set-cleared processed="39545" cleared="610" durationms="0.569" />
  <stringconstants candidates="4597" cleared="0"  />
</gc-op>
<gc-op id="1650" type="classunload" timems="0.003" contextid="1646" timestamp="2019-06-15T06:33:00.669">
  <classunload-info classloadercandidates="8" classloadersunloaded="0" classesunloaded="0" anonymousclassesunloaded="0" quiescems="0.000" setupms="0.003" scanms="0.000" postms="0.000" />
</gc-op>
<heap-resize id="1651" type="expand" space="default" amount="3145728" count="1" timems="0.076" reason="excessive time being spent in gc" timestamp="2019-06-15T06:33:00.669" />
<gc-end id="1652" type="partial gc" contextid="1646" durationms="5.224" usertimems="4.000" systemtimems="0.000" timestamp="2019-06-15T06:33:00.670" activeThreads="1">
  <mem-info id="1653" free="197132288" total="328204288" percent="60">
    <mem type="eden" free="910088" total="1048576" percent="86" />
    <arraylet-primitive objects="2" leaves="2" largest="1" />
    <remembered-set count="45536" freebytes="12918784" totalbytes="13100928" percent="98" regionsoverflowed="0" regionsstable="2" regionsrebuilding="0"/>
  </mem-info>
</gc-end>
<cycle-end id="1654" type="partial gc" contextid="1646" timestamp="2019-06-15T06:33:00.670" />
  <attribute name="elasticGC enabled" value="1" />
  <attribute name= "numThreadsSpecified" value="1" />
  <attribute name="heapSize specified" value="0" />
  <attribute name="Current GC Util" value="84" />
  <attribute name= "Current Time Running" value="5271" />
  <attribute name ="GC Interval" value="0" />
  <attribute name="ProportionalT" value="32.000000" />
  <attribute name="ProportionalI" value="32.000000" />
  <attribute name="ProportionalH" value="32.000000" />
  <attribute name="Current Error" value="64.000000" />
  <attribute name="IntegralT" value="0.000000" />
  <attribute name="IntegralI" value="0.000000" />
  <attribute name="IntegralH" value="0.000000" />
  <attribute name="DerivativeT" value="inf" />
  <attribute name="DerivativeI" value="inf" />
  <attribute name="DerivativeH" value="inf" />
  <attribute name="Loop Time for DT" value="0.000000" />
  <attribute name="Output H" value="8388608"/>
  <attribute name="Output I" value="200"/>
  <attribute name="Output T" value="1"/>
  <attribute name="Target GC Util Change" value ="20.000000" />
  <attribute name="Current GC Util Change" value="84.000000"/>
  <attribute name="GC Util currently" value="84" />
  <attribute name="CPU Util currently" value="20023733123874" />
<exclusive-end id="1655" timestamp="2019-06-15T06:33:00.670" durationms="6.168" />

<exclusive-start id="1656" timestamp="2019-06-15T06:33:00.705" intervalms="41.539">
  <response-info timems="0.034" idlems="0.034" threads="0" lastid="00000000018D6900" lastname="Thread-10" />
</exclusive-start>
<allocation-taxation id="1657" taxation-threshold="88080384" timestamp="2019-06-15T06:33:00.706" intervalms="41.529" />
<cycle-start id="1658" type="partial gc" contextid="0" timestamp="2019-06-15T06:33:00.706" intervalms="41.606" />
<gc-start id="1659" type="partial gc" contextid="1658" timestamp="2019-06-15T06:33:00.706">
  <mem-info id="1660" free="109051904" total="328204288" percent="33">
    <mem type="eden" free="0" total="88080384" percent="0" />
    <arraylet-primitive objects="2" leaves="2" largest="1" />
    <remembered-set count="45248" freebytes="12919936" totalbytes="13100928" percent="98" regionsoverflowed="0" regionsstable="2" regionsrebuilding="0"/>
  </mem-info>
</gc-start>
<allocation-stats totalBytes="88069088" >
  <allocated-bytes non-tlh="0" tlh="88069088" arrayletleaf="0"/>
  <largest-consumer threadName="Thread-10" threadId="00000000018D6900" bytes="22787184" />
</allocation-stats>
<gc-op id="1661" type="copy forward" timems="4.298" contextid="1658" timestamp="2019-06-15T06:33:00.711">
  <memory-copied type="eden" objects="5400" bytes="131768" bytesdiscarded="0" />
  <memory-copied type="other" objects="30370" bytes="1278384" bytesdiscarded="0" />
  <memory-cardclean objects="1373" bytes="71408" />
  <regions eden="84" other="4" />
  <remembered-set-cleared processed="39927" cleared="992" durationms="0.542" />
  <stringconstants candidates="4597" cleared="0"  />
</gc-op>
<gc-op id="1662" type="classunload" timems="0.002" contextid="1658" timestamp="2019-06-15T06:33:00.711">
  <classunload-info classloadercandidates="8" classloadersunloaded="0" classesunloaded="0" anonymousclassesunloaded="0" quiescems="0.000" setupms="0.002" scanms="0.000" postms="0.000" />
</gc-op>
<heap-resize id="1663" type="expand" space="default" amount="2097152" count="1" timems="0.066" reason="excessive time being spent in gc" timestamp="2019-06-15T06:33:00.712" />
<gc-end id="1664" type="partial gc" contextid="1658" durationms="5.703" usertimems="4.000" systemtimems="0.000" timestamp="2019-06-15T06:33:00.712" activeThreads="1">
  <mem-info id="1665" free="198180864" total="330301440" percent="60">
    <mem type="eden" free="916808" total="1048576" percent="87" />
    <arraylet-primitive objects="2" leaves="2" largest="1" />
    <remembered-set count="46560" freebytes="12998400" totalbytes="13184640" percent="98" regionsoverflowed="0" regionsstable="2" regionsrebuilding="0"/>
  </mem-info>
</gc-end>
<cycle-end id="1666" type="partial gc" contextid="1658" timestamp="2019-06-15T06:33:00.712" />
  <attribute name="elasticGC enabled" value="1" />
  <attribute name= "numThreadsSpecified" value="1" />
  <attribute name="heapSize specified" value="0" />
  <attribute name="Current GC Util" value="81" />
  <attribute name= "Current Time Running" value="5313" />
  <attribute name ="GC Interval" value="0" />
  <attribute name="ProportionalT" value="30.500000" />
  <attribute name="ProportionalI" value="30.500000" />
  <attribute name="ProportionalH" value="30.500000" />
  <attribute name="Current Error" value="61.000000" />
  <attribute name="IntegralT" value="0.000000" />
  <attribute name="IntegralI" value="0.000000" />
  <attribute name="IntegralH" value="0.000000" />
  <attribute name="DerivativeT" value="inf" />
  <attribute name="DerivativeI" value="inf" />
  <attribute name="DerivativeH" value="inf" />
  <attribute name="Loop Time for DT" value="0.000000" />
  <attribute name="Output H" value="8388608"/>
  <attribute name="Output I" value="200"/>
  <attribute name="Output T" value="1"/>
  <attribute name="Target GC Util Change" value ="20.000000" />
  <attribute name="Current GC Util Change" value="81.000000"/>
  <attribute name="GC Util currently" value="81" />
  <attribute name="CPU Util currently" value="17906887163263" />
<exclusive-end id="1667" timestamp="2019-06-15T06:33:00.712" durationms="6.804" />

<exclusive-start id="1668" timestamp="2019-06-15T06:33:00.747" intervalms="42.090">
  <response-info timems="0.032" idlems="0.032" threads="0" lastid="00000000018DE100" lastname="Thread-7" />
</exclusive-start>
<allocation-taxation id="1669" taxation-threshold="88080384" timestamp="2019-06-15T06:33:00.748" intervalms="42.069" />
<cycle-start id="1670" type="partial gc" contextid="0" timestamp="2019-06-15T06:33:00.748" intervalms="42.133" />
<gc-start id="1671" type="partial gc" contextid="1670" timestamp="2019-06-15T06:33:00.748">
  <mem-info id="1672" free="110100480" total="330301440" percent="33">
    <mem type="eden" free="0" total="88080384" percent="0" />
    <arraylet-primitive objects="2" leaves="2" largest="1" />
    <remembered-set count="46336" freebytes="12999296" totalbytes="13184640" percent="98" regionsoverflowed="0" regionsstable="2" regionsrebuilding="0"/>
  </mem-info>
</gc-start>
<allocation-stats totalBytes="88068040" >
  <allocated-bytes non-tlh="0" tlh="88068040" arrayletleaf="0"/>
  <largest-consumer threadName="Thread-10" threadId="00000000018D6900" bytes="23282456" />
</allocation-stats>
<gc-op id="1673" type="copy forward" timems="3.825" contextid="1670" timestamp="2019-06-15T06:33:00.753">
  <memory-copied type="eden" objects="17901" bytes="706304" bytesdiscarded="0" />
  <memory-copied type="other" objects="10657" bytes="393144" bytesdiscarded="0" />
  <memory-cardclean objects="3909" bytes="208088" />
  <regions eden="84" other="4" />
  <remembered-set-cleared processed="40401" cleared="1125" durationms="0.570" />
  <stringconstants candidates="4597" cleared="0"  />
</gc-op>
<gc-op id="1674" type="classunload" timems="0.002" contextid="1670" timestamp="2019-06-15T06:33:00.753">
  <classunload-info classloadercandidates="8" classloadersunloaded="0" classesunloaded="0" anonymousclassesunloaded="0" quiescems="0.000" setupms="0.002" scanms="0.000" postms="0.000" />
</gc-op>
<heap-resize id="1675" type="expand" space="default" amount="3145728" count="1" timems="0.082" reason="excessive time being spent in gc" timestamp="2019-06-15T06:33:00.753" />
<gc-end id="1676" type="partial gc" contextid="1670" durationms="5.415" usertimems="4.000" systemtimems="0.000" timestamp="2019-06-15T06:33:00.754" activeThreads="1">
  <mem-info id="1677" free="200278016" total="333447168" percent="60">
    <mem type="eden" free="342272" total="1048576" percent="32" />
    <arraylet-primitive objects="2" leaves="2" largest="1" />
    <remembered-set count="46688" freebytes="13123456" totalbytes="13310208" percent="98" regionsoverflowed="0" regionsstable="2" regionsrebuilding="0"/>
  </mem-info>
</gc-end>
<cycle-end id="1678" type="partial gc" contextid="1670" timestamp="2019-06-15T06:33:00.754" />
  <attribute name="elasticGC enabled" value="1" />
  <attribute name= "numThreadsSpecified" value="1" />
  <attribute name="heapSize specified" value="0" />
  <attribute name="Current GC Util" value="68" />
  <attribute name= "Current Time Running" value="5355" />
  <attribute name ="GC Interval" value="0" />
  <attribute name="ProportionalT" value="24.000000" />
  <attribute name="ProportionalI" value="24.000000" />
  <attribute name="ProportionalH" value="24.000000" />
  <attribute name="Current Error" value="48.000000" />
  <attribute name="IntegralT" value="0.000000" />
  <attribute name="IntegralI" value="0.000000" />
  <attribute name="IntegralH" value="0.000000" />
  <attribute name="DerivativeT" value="inf" />
  <attribute name="DerivativeI" value="inf" />
  <attribute name="DerivativeH" value="inf" />
  <attribute name="Loop Time for DT" value="0.000000" />
  <attribute name="Output H" value="8388608"/>
  <attribute name="Output I" value="200"/>
  <attribute name="Output T" value="1"/>
  <attribute name="Target GC Util Change" value ="20.000000" />
  <attribute name="Current GC Util Change" value="68.000000"/>
  <attribute name="GC Util currently" value="68" />
  <attribute name="CPU Util currently" value="17350210681818" />
<exclusive-end id="1679" timestamp="2019-06-15T06:33:00.754" durationms="6.619" />

<exclusive-start id="1680" timestamp="2019-06-15T06:33:00.790" intervalms="42.992">
  <response-info timems="0.028" idlems="0.028" threads="0" lastid="00000000018DA500" lastname="Thread-9" />
</exclusive-start>
<allocation-taxation id="1681" taxation-threshold="89128960" timestamp="2019-06-15T06:33:00.791" intervalms="43.072" />
<cycle-start id="1682" type="partial gc" contextid="0" timestamp="2019-06-15T06:33:00.791" intervalms="43.081" />
<gc-start id="1683" type="partial gc" contextid="1682" timestamp="2019-06-15T06:33:00.791">
  <mem-info id="1684" free="111149056" total="333447168" percent="33">
    <mem type="eden" free="0" total="89128960" percent="0" />
    <arraylet-primitive objects="2" leaves="2" largest="1" />
    <remembered-set count="46336" freebytes="13124864" totalbytes="13310208" percent="98" regionsoverflowed="0" regionsstable="2" regionsrebuilding="0"/>
  </mem-info>
</gc-start>
<allocation-stats totalBytes="89117224" >
  <allocated-bytes non-tlh="0" tlh="89117224" arrayletleaf="0"/>
  <largest-consumer threadName="Thread-10" threadId="00000000018D6900" bytes="24564240" />
</allocation-stats>
<gc-op id="1685" type="copy forward" timems="3.734" contextid="1682" timestamp="2019-06-15T06:33:00.796">
  <memory-copied type="eden" objects="11832" bytes="422736" bytesdiscarded="0" />
  <memory-copied type="other" objects="12468" bytes="436608" bytesdiscarded="0" />
  <memory-cardclean objects="9537" bytes="477968" />
  <regions eden="85" other="4" />
  <remembered-set-cleared processed="40368" cleared="2210" durationms="0.560" />
  <stringconstants candidates="4597" cleared="0"  />
</gc-op>
<gc-op id="1686" type="classunload" timems="0.003" contextid="1682" timestamp="2019-06-15T06:33:00.796">
  <classunload-info classloadercandidates="8" classloadersunloaded="0" classesunloaded="0" anonymousclassesunloaded="0" quiescems="0.000" setupms="0.003" scanms="0.000" postms="0.000" />
</gc-op>
<heap-resize id="1687" type="expand" space="default" amount="2097152" count="1" timems="0.067" reason="excessive time being spent in gc" timestamp="2019-06-15T06:33:00.796" />
<gc-end id="1688" type="partial gc" contextid="1682" durationms="5.284" usertimems="0.000" systemtimems="4.000" timestamp="2019-06-15T06:33:00.797" activeThreads="1">
  <mem-info id="1689" free="201326592" total="335544320" percent="60">
    <mem type="eden" free="625840" total="1048576" percent="59" />
    <arraylet-primitive objects="2" leaves="2" largest="1" />
    <remembered-set count="46624" freebytes="13207424" totalbytes="13393920" percent="98" regionsoverflowed="0" regionsstable="2" regionsrebuilding="0"/>
  </mem-info>
</gc-end>
<cycle-end id="1690" type="partial gc" contextid="1682" timestamp="2019-06-15T06:33:00.797" />
  <attribute name="elasticGC enabled" value="1" />
  <attribute name= "numThreadsSpecified" value="1" />
  <attribute name="heapSize specified" value="0" />
  <attribute name="Current GC Util" value="68" />
  <attribute name= "Current Time Running" value="5398" />
  <attribute name ="GC Interval" value="0" />
  <attribute name="ProportionalT" value="24.000000" />
  <attribute name="ProportionalI" value="24.000000" />
  <attribute name="ProportionalH" value="24.000000" />
  <attribute name="Current Error" value="48.000000" />
  <attribute name="IntegralT" value="0.000000" />
  <attribute name="IntegralI" value="0.000000" />
  <attribute name="IntegralH" value="0.000000" />
  <attribute name="DerivativeT" value="inf" />
  <attribute name="DerivativeI" value="inf" />
  <attribute name="DerivativeH" value="inf" />
  <attribute name="Loop Time for DT" value="0.000000" />
  <attribute name="Output H" value="8388608"/>
  <attribute name="Output I" value="200"/>
  <attribute name="Output T" value="1"/>
  <attribute name="Target GC Util Change" value ="20.000000" />
  <attribute name="Current GC Util Change" value="68.000000"/>
  <attribute name="GC Util currently" value="68" />
  <attribute name="CPU Util currently" value="18169191428132" />
<exclusive-end id="1691" timestamp="2019-06-15T06:33:00.797" durationms="6.575" />

<exclusive-start id="1692" timestamp="2019-06-15T06:33:00.831" intervalms="40.261">
  <response-info timems="0.039" idlems="0.039" threads="0" lastid="00000000018DE100" lastname="Thread-7" />
</exclusive-start>
<allocation-taxation id="1693" taxation-threshold="89128960" timestamp="2019-06-15T06:33:00.831" intervalms="40.270" />
<cycle-start id="1694" type="partial gc" contextid="0" timestamp="2019-06-15T06:33:00.831" intervalms="40.236" />
<gc-start id="1695" type="partial gc" contextid="1694" timestamp="2019-06-15T06:33:00.832">
  <mem-info id="1696" free="112197632" total="335544320" percent="33">
    <mem type="eden" free="0" total="89128960" percent="0" />
    <arraylet-primitive objects="2" leaves="2" largest="1" />
    <remembered-set count="46144" freebytes="13209344" totalbytes="13393920" percent="98" regionsoverflowed="0" regionsstable="2" regionsrebuilding="0"/>
  </mem-info>
</gc-start>
<allocation-stats totalBytes="89117616" >
  <allocated-bytes non-tlh="0" tlh="89117616" arrayletleaf="0"/>
  <largest-consumer threadName="Thread-7" threadId="00000000018DE100" bytes="23200704" />
</allocation-stats>
<gc-op id="1697" type="copy forward" timems="2.790" contextid="1694" timestamp="2019-06-15T06:33:00.835">
  <memory-copied type="eden" objects="33970" bytes="1366272" bytesdiscarded="48192" />
  <memory-copied type="other" objects="6823" bytes="163752" bytesdiscarded="6976" />
  <memory-cardclean objects="8359" bytes="410144" />
  <regions eden="85" other="4" />
  <remembered-set-cleared processed="39716" cleared="1221" durationms="0.229" />
  <stringconstants candidates="4597" cleared="0"  />
</gc-op>
<gc-op id="1698" type="classunload" timems="0.003" contextid="1694" timestamp="2019-06-15T06:33:00.835">
  <classunload-info classloadercandidates="8" classloadersunloaded="0" classesunloaded="0" anonymousclassesunloaded="0" quiescems="0.000" setupms="0.002" scanms="0.000" postms="0.000" />
</gc-op>
<heap-resize id="1699" type="expand" space="default" amount="5242880" count="1" timems="0.099" reason="excessive time being spent in gc" timestamp="2019-06-15T06:33:00.836" />
<gc-end id="1700" type="partial gc" contextid="1694" durationms="4.273" usertimems="8.000" systemtimems="0.000" timestamp="2019-06-15T06:33:00.836" activeThreads="4">
  <mem-info id="1701" free="204472320" total="340787200" percent="60">
    <mem type="eden" free="682688" total="2097152" percent="32" />
    <arraylet-primitive objects="2" leaves="2" largest="1" />
    <remembered-set count="46368" freebytes="13417728" totalbytes="13603200" percent="98" regionsoverflowed="0" regionsstable="2" regionsrebuilding="0"/>
  </mem-info>
</gc-end>
<cycle-end id="1702" type="partial gc" contextid="1694" timestamp="2019-06-15T06:33:00.836" />
  <attribute name="elasticGC enabled" value="1" />
  <attribute name= "numThreadsSpecified" value="4" />
  <attribute name="heapSize specified" value="0" />
  <attribute name="Current GC Util" value="75" />
  <attribute name= "Current Time Running" value="5439" />
  <attribute name ="GC Interval" value="0" />
  <attribute name="ProportionalT" value="27.500000" />
  <attribute name="ProportionalI" value="27.500000" />
  <attribute name="ProportionalH" value="27.500000" />
  <attribute name="Current Error" value="55.000000" />
  <attribute name="IntegralT" value="55.000000" />
  <attribute name="IntegralI" value="55.000000" />
  <attribute name="IntegralH" value="55.000000" />
  <attribute name="DerivativeT" value="55.000000" />
  <attribute name="DerivativeI" value="55.000000" />
  <attribute name="DerivativeH" value="55.000000" />
  <attribute name="Loop Time for DT" value="1.000000" />
  <attribute name="Output H" value="8388608"/>
  <attribute name="Output I" value="200"/>
  <attribute name="Output T" value="4"/>
  <attribute name="Target GC Util Change" value ="20.000000" />
  <attribute name="Current GC Util Change" value="75.000000"/>
  <attribute name="GC Util currently" value="75" />
  <attribute name="CPU Util currently" value="16631274113634" />
<exclusive-end id="1703" timestamp="2019-06-15T06:33:00.836" durationms="5.529" />

<exclusive-start id="1704" timestamp="2019-06-15T06:33:00.867" intervalms="36.211">
  <response-info timems="0.033" idlems="0.033" threads="0" lastid="00000000018DA500" lastname="Thread-9" />
</exclusive-start>
<allocation-taxation id="1705" taxation-threshold="91226112" timestamp="2019-06-15T06:33:00.867" intervalms="36.204" />
<cycle-start id="1706" type="partial gc" contextid="0" timestamp="2019-06-15T06:33:00.867" intervalms="36.151" />
<gc-start id="1707" type="partial gc" contextid="1706" timestamp="2019-06-15T06:33:00.868">
  <mem-info id="1708" free="113246208" total="340787200" percent="33">
    <mem type="eden" free="0" total="91226112" percent="0" />
    <arraylet-primitive objects="2" leaves="2" largest="1" />
    <remembered-set count="46112" freebytes="13418752" totalbytes="13603200" percent="98" regionsoverflowed="0" regionsstable="2" regionsrebuilding="0"/>
  </mem-info>
</gc-start>
<allocation-stats totalBytes="91213984" >
  <allocated-bytes non-tlh="0" tlh="91213984" arrayletleaf="0"/>
  <largest-consumer threadName="Thread-10" threadId="00000000018D6900" bytes="23086152" />
</allocation-stats>
<gc-op id="1709" type="copy forward" timems="2.243" contextid="1706" timestamp="2019-06-15T06:33:00.871">
  <memory-copied type="eden" objects="28468" bytes="1234272" bytesdiscarded="116112" />
  <memory-copied type="other" objects="5643" bytes="135432" bytesdiscarded="5160" />
  <memory-cardclean objects="4812" bytes="240536" />
  <regions eden="87" other="4" />
  <remembered-set-cleared processed="40363" cleared="1036" durationms="0.229" />
  <stringconstants candidates="4597" cleared="0"  />
</gc-op>
<gc-op id="1710" type="classunload" timems="0.002" contextid="1706" timestamp="2019-06-15T06:33:00.871">
  <classunload-info classloadercandidates="8" classloadersunloaded="0" classesunloaded="0" anonymousclassesunloaded="0" quiescems="0.000" setupms="0.001" scanms="0.000" postms="0.000" />
</gc-op>
<heap-resize id="1711" type="expand" space="default" amount="3145728" count="1" timems="0.072" reason="excessive time being spent in gc" timestamp="2019-06-15T06:33:00.871" />
<gc-end id="1712" type="partial gc" contextid="1706" durationms="3.559" usertimems="8.000" systemtimems="0.000" timestamp="2019-06-15T06:33:00.871" activeThreads="4">
  <mem-info id="1713" free="206569472" total="343932928" percent="60">
    <mem type="eden" free="746768" total="2097152" percent="35" />
    <arraylet-primitive objects="2" leaves="2" largest="1" />
    <remembered-set count="46272" freebytes="13543680" totalbytes="13728768" percent="98" regionsoverflowed="0" regionsstable="2" regionsrebuilding="0"/>
  </mem-info>
</gc-end>
<cycle-end id="1714" type="partial gc" contextid="1706" timestamp="2019-06-15T06:33:00.871" />
  <attribute name="elasticGC enabled" value="1" />
  <attribute name= "numThreadsSpecified" value="4" />
  <attribute name="heapSize specified" value="0" />
  <attribute name="Current GC Util" value="72" />
  <attribute name= "Current Time Running" value="5475" />
  <attribute name ="GC Interval" value="0" />
  <attribute name="ProportionalT" value="26.000000" />
  <attribute name="ProportionalI" value="26.000000" />
  <attribute name="ProportionalH" value="26.000000" />
  <attribute name="Current Error" value="52.000000" />
  <attribute name="IntegralT" value="52.000000" />
  <attribute name="IntegralI" value="52.000000" />
  <attribute name="IntegralH" value="52.000000" />
  <attribute name="DerivativeT" value="49.000000" />
  <attribute name="DerivativeI" value="49.000000" />
  <attribute name="DerivativeH" value="49.000000" />
  <attribute name="Loop Time for DT" value="1.000000" />
  <attribute name="Output H" value="8388608"/>
  <attribute name="Output I" value="200"/>
  <attribute name="Output T" value="4"/>
  <attribute name="Target GC Util Change" value ="20.000000" />
  <attribute name="Current GC Util Change" value="72.000000"/>
  <attribute name="GC Util currently" value="72" />
  <attribute name="CPU Util currently" value="17742508353466" />
<exclusive-end id="1715" timestamp="2019-06-15T06:33:00.872" durationms="4.714" />

<exclusive-start id="1716" timestamp="2019-06-15T06:33:00.903" intervalms="35.712">
  <response-info timems="0.032" idlems="0.032" threads="0" lastid="00000000018DA500" lastname="Thread-9" />
</exclusive-start>
<allocation-taxation id="1717" taxation-threshold="91226112" timestamp="2019-06-15T06:33:00.903" intervalms="35.701" />
<cycle-start id="1718" type="partial gc" contextid="0" timestamp="2019-06-15T06:33:00.903" intervalms="35.695" />
<gc-start id="1719" type="partial gc" contextid="1718" timestamp="2019-06-15T06:33:00.903">
  <mem-info id="1720" free="115343360" total="343932928" percent="33">
    <mem type="eden" free="0" total="91226112" percent="0" />
    <arraylet-primitive objects="2" leaves="2" largest="1" />
    <remembered-set count="45824" freebytes="13545472" totalbytes="13728768" percent="98" regionsoverflowed="0" regionsstable="2" regionsrebuilding="0"/>
  </mem-info>
</gc-start>
<allocation-stats totalBytes="91214456" >
  <allocated-bytes non-tlh="0" tlh="91214456" arrayletleaf="0"/>
  <largest-consumer threadName="Thread-10" threadId="00000000018D6900" bytes="23622584" />
</allocation-stats>
<gc-op id="1721" type="copy forward" timems="4.340" contextid="1718" timestamp="2019-06-15T06:33:00.908">
  <memory-copied type="eden" objects="34712" bytes="1384176" bytesdiscarded="0" />
  <memory-copied type="other" objects="4175" bytes="100200" bytesdiscarded="0" />
  <memory-cardclean objects="3330" bytes="169400" />
  <regions eden="87" other="4" />
  <remembered-set-cleared processed="40542" cleared="814" durationms="0.568" />
  <stringconstants candidates="4597" cleared="0"  />
</gc-op>
<gc-op id="1722" type="classunload" timems="0.002" contextid="1718" timestamp="2019-06-15T06:33:00.909">
  <classunload-info classloadercandidates="8" classloadersunloaded="0" classesunloaded="0" anonymousclassesunloaded="0" quiescems="0.000" setupms="0.002" scanms="0.000" postms="0.000" />
</gc-op>
<gc-end id="1723" type="partial gc" contextid="1718" durationms="5.465" usertimems="4.000" systemtimems="0.000" timestamp="2019-06-15T06:33:00.909" activeThreads="1">
  <mem-info id="1724" free="206569472" total="343932928" percent="60">
    <mem type="eden" free="712976" total="2097152" percent="33" />
    <arraylet-primitive objects="2" leaves="2" largest="1" />
    <remembered-set count="47552" freebytes="13538560" totalbytes="13728768" percent="98" regionsoverflowed="0" regionsstable="2" regionsrebuilding="0"/>
  </mem-info>
</gc-end>
<cycle-end id="1725" type="partial gc" contextid="1718" timestamp="2019-06-15T06:33:00.909" />
  <attribute name="elasticGC enabled" value="1" />
  <attribute name= "numThreadsSpecified" value="1" />
  <attribute name="heapSize specified" value="0" />
  <attribute name="Current GC Util" value="52" />
  <attribute name= "Current Time Running" value="5510" />
  <attribute name ="GC Interval" value="0" />
  <attribute name="ProportionalT" value="16.000000" />
  <attribute name="ProportionalI" value="16.000000" />
  <attribute name="ProportionalH" value="16.000000" />
  <attribute name="Current Error" value="32.000000" />
  <attribute name="IntegralT" value="0.000000" />
  <attribute name="IntegralI" value="0.000000" />
  <attribute name="IntegralH" value="0.000000" />
  <attribute name="DerivativeT" value="inf" />
  <attribute name="DerivativeI" value="inf" />
  <attribute name="DerivativeH" value="inf" />
  <attribute name="Loop Time for DT" value="0.000000" />
  <attribute name="Output H" value="8388608"/>
  <attribute name="Output I" value="200"/>
  <attribute name="Output T" value="1"/>
  <attribute name="Target GC Util Change" value ="20.000000" />
  <attribute name="Current GC Util Change" value="52.000000"/>
  <attribute name="GC Util currently" value="52" />
  <attribute name="CPU Util currently" value="16808763599112" />
<exclusive-end id="1726" timestamp="2019-06-15T06:33:00.909" durationms="6.593" />

<exclusive-start id="1727" timestamp="2019-06-15T06:33:00.944" intervalms="41.208">
  <response-info timems="0.031" idlems="0.031" threads="0" lastid="00000000018D6900" lastname="Thread-10" />
</exclusive-start>
<allocation-taxation id="1728" taxation-threshold="91226112" timestamp="2019-06-15T06:33:00.944" intervalms="41.188" />
<cycle-start id="1729" type="partial gc" contextid="0" timestamp="2019-06-15T06:33:00.944" intervalms="41.214" />
<gc-start id="1730" type="partial gc" contextid="1729" timestamp="2019-06-15T06:33:00.945">
  <mem-info id="1731" free="115343360" total="343932928" percent="33">
    <mem type="eden" free="0" total="91226112" percent="0" />
    <arraylet-primitive objects="2" leaves="2" largest="1" />
    <remembered-set count="47136" freebytes="13540224" totalbytes="13728768" percent="98" regionsoverflowed="0" regionsstable="2" regionsrebuilding="0"/>
  </mem-info>
</gc-start>
<allocation-stats totalBytes="91214328" >
  <allocated-bytes non-tlh="0" tlh="91214328" arrayletleaf="0"/>
  <largest-consumer threadName="Thread-9" threadId="00000000018DA500" bytes="23561168" />
</allocation-stats>
<gc-op id="1732" type="copy forward" timems="1.961" contextid="1729" timestamp="2019-06-15T06:33:00.947">
  <memory-copied type="eden" objects="24413" bytes="1137016" bytesdiscarded="55280" />
  <memory-copied type="other" objects="4175" bytes="100200" bytesdiscarded="3096" />
  <memory-cardclean objects="3330" bytes="169400" />
  <regions eden="87" other="4" />
  <remembered-set-cleared processed="40893" cleared="1165" durationms="0.225" />
  <stringconstants candidates="4597" cleared="0"  />
</gc-op>
<gc-op id="1733" type="classunload" timems="0.002" contextid="1729" timestamp="2019-06-15T06:33:00.947">
  <classunload-info classloadercandidates="8" classloadersunloaded="0" classesunloaded="0" anonymousclassesunloaded="0" quiescems="0.000" setupms="0.002" scanms="0.000" postms="0.000" />
</gc-op>
<gc-end id="1734" type="partial gc" contextid="1729" durationms="3.106" usertimems="4.000" systemtimems="0.000" timestamp="2019-06-15T06:33:00.948" activeThreads="4">
  <mem-info id="1735" free="206569472" total="343932928" percent="60">
    <mem type="eden" free="904856" total="2097152" percent="43" />
    <arraylet-primitive objects="2" leaves="2" largest="1" />
    <remembered-set count="46720" freebytes="13541888" totalbytes="13728768" percent="98" regionsoverflowed="0" regionsstable="2" regionsrebuilding="0"/>
  </mem-info>
</gc-end>
<cycle-end id="1736" type="partial gc" contextid="1729" timestamp="2019-06-15T06:33:00.948" />
  <attribute name="elasticGC enabled" value="1" />
  <attribute name= "numThreadsSpecified" value="4" />
  <attribute name="heapSize specified" value="0" />
  <attribute name="Current GC Util" value="77" />
  <attribute name= "Current Time Running" value="5552" />
  <attribute name ="GC Interval" value="0" />
  <attribute name="ProportionalT" value="28.500000" />
  <attribute name="ProportionalI" value="28.500000" />
  <attribute name="ProportionalH" value="28.500000" />
  <attribute name="Current Error" value="57.000000" />
  <attribute name="IntegralT" value="57.000000" />
  <attribute name="IntegralI" value="57.000000" />
  <attribute name="IntegralH" value="57.000000" />
  <attribute name="DerivativeT" value="57.000000" />
  <attribute name="DerivativeI" value="57.000000" />
  <attribute name="DerivativeH" value="57.000000" />
  <attribute name="Loop Time for DT" value="1.000000" />
  <attribute name="Output H" value="8388608"/>
  <attribute name="Output I" value="200"/>
  <attribute name="Output T" value="4"/>
  <attribute name="Target GC Util Change" value ="20.000000" />
  <attribute name="Current GC Util Change" value="77.000000"/>
  <attribute name="GC Util currently" value="77" />
  <attribute name="CPU Util currently" value="18234206087610" />
<exclusive-end id="1737" timestamp="2019-06-15T06:33:00.948" durationms="4.273" />

<exclusive-start id="1738" timestamp="2019-06-15T06:33:00.990" intervalms="45.985">
  <response-info timems="0.030" idlems="0.030" threads="0" lastid="00000000018DA500" lastname="Thread-9" />
</exclusive-start>
<allocation-taxation id="1739" taxation-threshold="91226112" timestamp="2019-06-15T06:33:00.990" intervalms="46.017" />
<cycle-start id="1740" type="partial gc" contextid="0" timestamp="2019-06-15T06:33:00.990" intervalms="46.045" />
<gc-start id="1741" type="partial gc" contextid="1740" timestamp="2019-06-15T06:33:00.991">
  <mem-info id="1742" free="115343360" total="343932928" percent="33">
    <mem type="eden" free="0" total="91226112" percent="0" />
    <arraylet-primitive objects="2" leaves="2" largest="1" />
    <remembered-set count="46368" freebytes="13543296" totalbytes="13728768" percent="98" regionsoverflowed="0" regionsstable="2" regionsrebuilding="0"/>
  </mem-info>
</gc-start>
<allocation-stats totalBytes="91213888" >
  <allocated-bytes non-tlh="0" tlh="91213888" arrayletleaf="0"/>
  <largest-consumer threadName="Thread-7" threadId="00000000018DE100" bytes="27677160" />
</allocation-stats>
<gc-op id="1743" type="copy forward" timems="2.109" contextid="1740" timestamp="2019-06-15T06:33:00.994">
  <memory-copied type="eden" objects="18514" bytes="720432" bytesdiscarded="21896" />
  <memory-copied type="other" objects="13756" bytes="604896" bytesdiscarded="27456" />
  <memory-cardclean objects="3330" bytes="169400" />
  <regions eden="87" other="5" />
  <remembered-set-cleared processed="40446" cleared="1736" durationms="0.239" />
  <stringconstants candidates="4597" cleared="0"  />
</gc-op>
<gc-op id="1744" type="classunload" timems="0.002" contextid="1740" timestamp="2019-06-15T06:33:00.994">
  <classunload-info classloadercandidates="8" classloadersunloaded="0" classesunloaded="0" anonymousclassesunloaded="0" quiescems="0.000" setupms="0.002" scanms="0.000" postms="0.000" />
</gc-op>
<gc-end id="1745" type="partial gc" contextid="1740" durationms="3.243" usertimems="8.000" systemtimems="0.000" timestamp="2019-06-15T06:33:00.994" activeThreads="4">
  <mem-info id="1746" free="207618048" total="343932928" percent="60">
    <mem type="eden" free="306248" total="1048576" percent="29" />
    <arraylet-primitive objects="2" leaves="2" largest="1" />
    <remembered-set count="45568" freebytes="13546496" totalbytes="13728768" percent="98" regionsoverflowed="0" regionsstable="2" regionsrebuilding="0"/>
  </mem-info>
</gc-end>
<cycle-end id="1747" type="partial gc" contextid="1740" timestamp="2019-06-15T06:33:00.994" />
  <attribute name="elasticGC enabled" value="1" />
  <attribute name= "numThreadsSpecified" value="4" />
  <attribute name="heapSize specified" value="0" />
  <attribute name="Current GC Util" value="64" />
  <attribute name= "Current Time Running" value="5598" />
  <attribute name ="GC Interval" value="0" />
  <attribute name="ProportionalT" value="22.000000" />
  <attribute name="ProportionalI" value="22.000000" />
  <attribute name="ProportionalH" value="22.000000" />
  <attribute name="Current Error" value="44.000000" />
  <attribute name="IntegralT" value="44.000000" />
  <attribute name="IntegralI" value="44.000000" />
  <attribute name="IntegralH" value="44.000000" />
  <attribute name="DerivativeT" value="44.000000" />
  <attribute name="DerivativeI" value="44.000000" />
  <attribute name="DerivativeH" value="44.000000" />
  <attribute name="Loop Time for DT" value="1.000000" />
  <attribute name="Output H" value="8388608"/>
  <attribute name="Output I" value="200"/>
  <attribute name="Output T" value="4"/>
  <attribute name="Target GC Util Change" value ="20.000000" />
  <attribute name="Current GC Util Change" value="64.000000"/>
  <attribute name="GC Util currently" value="64" />
  <attribute name="CPU Util currently" value="19292124906549" />
<exclusive-end id="1748" timestamp="2019-06-15T06:33:00.994" durationms="4.360" />

<exclusive-start id="1749" timestamp="2019-06-15T06:33:01.033" intervalms="42.730">
  <response-info timems="0.032" idlems="0.032" threads="0" lastid="00000000018DE100" lastname="Thread-7" />
</exclusive-start>
<allocation-taxation id="1750" taxation-threshold="91226112" timestamp="2019-06-15T06:33:01.033" intervalms="42.720" />
<cycle-start id="1751" type="partial gc" contextid="0" timestamp="2019-06-15T06:33:01.033" intervalms="42.737" />
<gc-start id="1752" type="partial gc" contextid="1751" timestamp="2019-06-15T06:33:01.033">
  <mem-info id="1753" free="116391936" total="343932928" percent="33">
    <mem type="eden" free="0" total="91226112" percent="0" />
    <arraylet-primitive objects="2" leaves="2" largest="1" />
    <remembered-set count="45152" freebytes="13548160" totalbytes="13728768" percent="98" regionsoverflowed="0" regionsstable="2" regionsrebuilding="0"/>
  </mem-info>
</gc-start>
<allocation-stats totalBytes="91214096" >
  <allocated-bytes non-tlh="0" tlh="91214096" arrayletleaf="0"/>
  <largest-consumer threadName="Thread-7" threadId="00000000018DE100" bytes="26767952" />
</allocation-stats>
<gc-op id="1754" type="copy forward" timems="3.789" contextid="1751" timestamp="2019-06-15T06:33:01.038">
  <memory-copied type="eden" objects="15566" bytes="649576" bytesdiscarded="0" />
  <memory-copied type="other" objects="16277" bytes="665400" bytesdiscarded="0" />
  <memory-cardclean objects="3330" bytes="169400" />
  <regions eden="87" other="4" />
  <remembered-set-cleared processed="39735" cleared="1025" durationms="0.555" />
  <stringconstants candidates="4597" cleared="0"  />
</gc-op>
<gc-op id="1755" type="classunload" timems="0.002" contextid="1751" timestamp="2019-06-15T06:33:01.038">
  <classunload-info classloadercandidates="8" classloadersunloaded="0" classesunloaded="0" anonymousclassesunloaded="0" quiescems="0.000" setupms="0.002" scanms="0.000" postms="0.000" />
</gc-op>
<gc-end id="1756" type="partial gc" contextid="1751" durationms="5.004" usertimems="4.000" systemtimems="0.000" timestamp="2019-06-15T06:33:01.038" activeThreads="1">
  <mem-info id="1757" free="206569472" total="343932928" percent="60">
    <mem type="eden" free="399000" total="1048576" percent="38" />
    <arraylet-primitive objects="2" leaves="2" largest="1" />
    <remembered-set count="45760" freebytes="13545728" totalbytes="13728768" percent="98" regionsoverflowed="0" regionsstable="2" regionsrebuilding="0"/>
  </mem-info>
</gc-end>
<cycle-end id="1758" type="partial gc" contextid="1751" timestamp="2019-06-15T06:33:01.039" />
  <attribute name="elasticGC enabled" value="1" />
  <attribute name= "numThreadsSpecified" value="1" />
  <attribute name="heapSize specified" value="0" />
  <attribute name="Current GC Util" value="74" />
  <attribute name= "Current Time Running" value="5640" />
  <attribute name ="GC Interval" value="0" />
  <attribute name="ProportionalT" value="27.000000" />
  <attribute name="ProportionalI" value="27.000000" />
  <attribute name="ProportionalH" value="27.000000" />
  <attribute name="Current Error" value="54.000000" />
  <attribute name="IntegralT" value="0.000000" />
  <attribute name="IntegralI" value="0.000000" />
  <attribute name="IntegralH" value="0.000000" />
  <attribute name="DerivativeT" value="inf" />
  <attribute name="DerivativeI" value="inf" />
  <attribute name="DerivativeH" value="inf" />
  <attribute name="Loop Time for DT" value="0.000000" />
  <attribute name="Output H" value="8388608"/>
  <attribute name="Output I" value="200"/>
  <attribute name="Output T" value="1"/>
  <attribute name="Target GC Util Change" value ="20.000000" />
  <attribute name="Current GC Util Change" value="74.000000"/>
  <attribute name="GC Util currently" value="74" />
  <attribute name="CPU Util currently" value="20928438193442" />
<exclusive-end id="1759" timestamp="2019-06-15T06:33:01.039" durationms="6.238" />

<exclusive-start id="1760" timestamp="2019-06-15T06:33:01.074" intervalms="41.026">
  <response-info timems="0.042" idlems="0.042" threads="0" lastid="00000000018DA500" lastname="Thread-9" />
</exclusive-start>
<allocation-taxation id="1761" taxation-threshold="91226112" timestamp="2019-06-15T06:33:01.074" intervalms="41.037" />
<cycle-start id="1762" type="partial gc" contextid="0" timestamp="2019-06-15T06:33:01.074" intervalms="41.006" />
<gc-start id="1763" type="partial gc" contextid="1762" timestamp="2019-06-15T06:33:01.074">
  <mem-info id="1764" free="115343360" total="343932928" percent="33">
    <mem type="eden" free="0" total="91226112" percent="0" />
    <arraylet-primitive objects="2" leaves="2" largest="1" />
    <remembered-set count="45568" freebytes="13546496" totalbytes="13728768" percent="98" regionsoverflowed="0" regionsstable="2" regionsrebuilding="0"/>
  </mem-info>
</gc-start>
<allocation-stats totalBytes="91213912" >
  <allocated-bytes non-tlh="0" tlh="91213912" arrayletleaf="0"/>
  <largest-consumer threadName="Thread-7" threadId="00000000018DE100" bytes="26260208" />
</allocation-stats>
<gc-op id="1765" type="copy forward" timems="3.467" contextid="1762" timestamp="2019-06-15T06:33:01.079">
  <memory-copied type="eden" objects="22194" bytes="946160" bytesdiscarded="0" />
  <memory-copied type="other" objects="6657" bytes="297144" bytesdiscarded="0" />
  <memory-cardclean objects="35" bytes="3128" />
  <regions eden="87" other="3" />
  <remembered-set-cleared processed="40227" cleared="594" durationms="0.562" />
  <stringconstants candidates="4597" cleared="0"  />
</gc-op>
<gc-op id="1766" type="classunload" timems="0.003" contextid="1762" timestamp="2019-06-15T06:33:01.079">
  <classunload-info classloadercandidates="8" classloadersunloaded="0" classesunloaded="0" anonymousclassesunloaded="0" quiescems="0.000" setupms="0.002" scanms="0.000" postms="0.000" />
</gc-op>
<gc-end id="1767" type="partial gc" contextid="1762" durationms="4.577" usertimems="4.000" systemtimems="0.000" timestamp="2019-06-15T06:33:01.079" activeThreads="1">
  <mem-info id="1768" free="205520896" total="343932928" percent="59">
    <mem type="eden" free="102416" total="1048576" percent="9" />
    <arraylet-primitive objects="2" leaves="2" largest="1" />
    <remembered-set count="45792" freebytes="13545600" totalbytes="13728768" percent="98" regionsoverflowed="0" regionsstable="2" regionsrebuilding="0"/>
  </mem-info>
</gc-end>
<cycle-end id="1769" type="partial gc" contextid="1762" timestamp="2019-06-15T06:33:01.079" />
  <attribute name="elasticGC enabled" value="1" />
  <attribute name= "numThreadsSpecified" value="1" />
  <attribute name="heapSize specified" value="0" />
  <attribute name="Current GC Util" value="86" />
  <attribute name= "Current Time Running" value="5681" />
  <attribute name ="GC Interval" value="0" />
  <attribute name="ProportionalT" value="33.000000" />
  <attribute name="ProportionalI" value="33.000000" />
  <attribute name="ProportionalH" value="33.000000" />
  <attribute name="Current Error" value="66.000000" />
  <attribute name="IntegralT" value="0.000000" />
  <attribute name="IntegralI" value="0.000000" />
  <attribute name="IntegralH" value="0.000000" />
  <attribute name="DerivativeT" value="inf" />
  <attribute name="DerivativeI" value="inf" />
  <attribute name="DerivativeH" value="inf" />
  <attribute name="Loop Time for DT" value="0.000000" />
  <attribute name="Output H" value="8388608"/>
  <attribute name="Output I" value="200"/>
  <attribute name="Output T" value="1"/>
  <attribute name="Target GC Util Change" value ="20.000000" />
  <attribute name="Current GC Util Change" value="86.000000"/>
  <attribute name="GC Util currently" value="86" />
  <attribute name="CPU Util currently" value="20447308672484" />
<exclusive-end id="1770" timestamp="2019-06-15T06:33:01.079" durationms="5.804" />

<exclusive-start id="1771" timestamp="2019-06-15T06:33:01.111" intervalms="37.701">
  <response-info timems="0.030" idlems="0.030" threads="0" lastid="00000000018D6900" lastname="Thread-10" />
</exclusive-start>
<allocation-taxation id="1772" taxation-threshold="91226112" timestamp="2019-06-15T06:33:01.112" intervalms="37.656" />
<cycle-start id="1773" type="partial gc" contextid="0" timestamp="2019-06-15T06:33:01.112" intervalms="37.654" />
<gc-start id="1774" type="partial gc" contextid="1773" timestamp="2019-06-15T06:33:01.112">
  <mem-info id="1775" free="114294784" total="343932928" percent="33">
    <mem type="eden" free="0" total="91226112" percent="0" />
    <arraylet-primitive objects="2" leaves="2" largest="1" />
    <remembered-set count="45376" freebytes="13547264" totalbytes="13728768" percent="98" regionsoverflowed="0" regionsstable="2" regionsrebuilding="0"/>
  </mem-info>
</gc-start>
<allocation-stats totalBytes="91213880" >
  <allocated-bytes non-tlh="0" tlh="91213880" arrayletleaf="0"/>
  <largest-consumer threadName="Thread-8" threadId="00000000018D2D00" bytes="24371992" />
</allocation-stats>
<gc-op id="1776" type="copy forward" timems="3.708" contextid="1773" timestamp="2019-06-15T06:33:01.117">
  <memory-copied type="eden" objects="26751" bytes="1192808" bytesdiscarded="32" />
  <memory-copied type="other" objects="2555" bytes="61320" bytesdiscarded="0" />
  <memory-cardclean objects="4797" bytes="254648" />
  <regions eden="87" other="3" />
  <remembered-set-cleared processed="40240" cleared="606" durationms="0.612" />
  <stringconstants candidates="4597" cleared="0"  />
</gc-op>
<gc-op id="1777" type="classunload" timems="0.002" contextid="1773" timestamp="2019-06-15T06:33:01.117">
  <classunload-info classloadercandidates="8" classloadersunloaded="0" classesunloaded="0" anonymousclassesunloaded="0" quiescems="0.000" setupms="0.002" scanms="0.000" postms="0.000" />
</gc-op>
<gc-end id="1778" type="partial gc" contextid="1773" durationms="4.945" usertimems="4.000" systemtimems="0.000" timestamp="2019-06-15T06:33:01.117" activeThreads="1">
  <mem-info id="1779" free="203423744" total="343932928" percent="59">
    <mem type="eden" free="904312" total="2097152" percent="43" />
    <arraylet-primitive objects="2" leaves="2" largest="1" />
    <remembered-set count="45792" freebytes="13545600" totalbytes="13728768" percent="98" regionsoverflowed="0" regionsstable="2" regionsrebuilding="0"/>
  </mem-info>
</gc-end>
<cycle-end id="1780" type="partial gc" contextid="1773" timestamp="2019-06-15T06:33:01.117" />
  <attribute name="elasticGC enabled" value="1" />
  <attribute name= "numThreadsSpecified" value="1" />
  <attribute name="heapSize specified" value="0" />
  <attribute name="Current GC Util" value="67" />
  <attribute name= "Current Time Running" value="5719" />
  <attribute name ="GC Interval" value="0" />
  <attribute name="ProportionalT" value="23.500000" />
  <attribute name="ProportionalI" value="23.500000" />
  <attribute name="ProportionalH" value="23.500000" />
  <attribute name="Current Error" value="47.000000" />
  <attribute name="IntegralT" value="0.000000" />
  <attribute name="IntegralI" value="0.000000" />
  <attribute name="IntegralH" value="0.000000" />
  <attribute name="DerivativeT" value="inf" />
  <attribute name="DerivativeI" value="inf" />
  <attribute name="DerivativeH" value="inf" />
  <attribute name="Loop Time for DT" value="0.000000" />
  <attribute name="Output H" value="8388608"/>
  <attribute name="Output I" value="200"/>
  <attribute name="Output T" value="1"/>
  <attribute name="Target GC Util Change" value ="20.000000" />
  <attribute name="Current GC Util Change" value="67.000000"/>
  <attribute name="GC Util currently" value="67" />
  <attribute name="CPU Util currently" value="18265839120856" />
<exclusive-end id="1781" timestamp="2019-06-15T06:33:01.118" durationms="6.276" />

<exclusive-start id="1782" timestamp="2019-06-15T06:33:01.150" intervalms="38.497">
  <response-info timems="0.103" idlems="0.103" threads="0" lastid="00000000018D2D00" lastname="Thread-8" />
</exclusive-start>
<allocation-taxation id="1783" taxation-threshold="91226112" timestamp="2019-06-15T06:33:01.150" intervalms="38.459" />
<cycle-start id="1784" type="partial gc" contextid="0" timestamp="2019-06-15T06:33:01.150" intervalms="38.361" />
<gc-start id="1785" type="partial gc" contextid="1784" timestamp="2019-06-15T06:33:01.150">
  <mem-info id="1786" free="112197632" total="343932928" percent="32">
    <mem type="eden" free="0" total="91226112" percent="0" />
    <arraylet-primitive objects="2" leaves="2" largest="1" />
    <remembered-set count="45728" freebytes="13545856" totalbytes="13728768" percent="98" regionsoverflowed="0" regionsstable="2" regionsrebuilding="0"/>
  </mem-info>
</gc-start>
<allocation-stats totalBytes="91214032" >
  <allocated-bytes non-tlh="0" tlh="91214032" arrayletleaf="0"/>
  <largest-consumer threadName="Thread-8" threadId="00000000018D2D00" bytes="23196632" />
</allocation-stats>
<gc-op id="1787" type="copy forward" timems="4.107" contextid="1784" timestamp="2019-06-15T06:33:01.155">
  <memory-copied type="eden" objects="19752" bytes="749616" bytesdiscarded="0" />
  <memory-copied type="other" objects="15474" bytes="646128" bytesdiscarded="0" />
  <memory-cardclean objects="4325" bytes="232112" />
  <regions eden="87" other="4" />
  <remembered-set-cleared processed="40388" cleared="667" durationms="0.568" />
  <stringconstants candidates="4597" cleared="0"  />
</gc-op>
<gc-op id="1788" type="classunload" timems="0.002" contextid="1784" timestamp="2019-06-15T06:33:01.155">
  <classunload-info classloadercandidates="8" classloadersunloaded="0" classesunloaded="0" anonymousclassesunloaded="0" quiescems="0.000" setupms="0.002" scanms="0.000" postms="0.000" />
</gc-op>
<heap-resize id="1789" type="expand" space="default" amount="7340032" count="1" timems="0.101" reason="excessive time being spent in gc" timestamp="2019-06-15T06:33:01.156" />
<gc-end id="1790" type="partial gc" contextid="1784" durationms="5.472" usertimems="4.000" systemtimems="0.000" timestamp="2019-06-15T06:33:01.156" activeThreads="1">
  <mem-info id="1791" free="210763776" total="351272960" percent="60">
    <mem type="eden" free="298960" total="1048576" percent="28" />
    <arraylet-primitive objects="2" leaves="2" largest="1" />
    <remembered-set count="46912" freebytes="13834112" totalbytes="14021760" percent="98" regionsoverflowed="0" regionsstable="2" regionsrebuilding="0"/>
  </mem-info>
</gc-end>
<cycle-end id="1792" type="partial gc" contextid="1784" timestamp="2019-06-15T06:33:01.156" />
  <attribute name="elasticGC enabled" value="1" />
  <attribute name= "numThreadsSpecified" value="1" />
  <attribute name="heapSize specified" value="0" />
  <attribute name="Current GC Util" value="73" />
  <attribute name= "Current Time Running" value="5757" />
  <attribute name ="GC Interval" value="0" />
  <attribute name="ProportionalT" value="26.500000" />
  <attribute name="ProportionalI" value="26.500000" />
  <attribute name="ProportionalH" value="26.500000" />
  <attribute name="Current Error" value="53.000000" />
  <attribute name="IntegralT" value="0.000000" />
  <attribute name="IntegralI" value="0.000000" />
  <attribute name="IntegralH" value="0.000000" />
  <attribute name="DerivativeT" value="inf" />
  <attribute name="DerivativeI" value="inf" />
  <attribute name="DerivativeH" value="inf" />
  <attribute name="Loop Time for DT" value="0.000000" />
  <attribute name="Output H" value="8388608"/>
  <attribute name="Output I" value="200"/>
  <attribute name="Output T" value="1"/>
  <attribute name="Target GC Util Change" value ="20.000000" />
  <attribute name="Current GC Util Change" value="73.000000"/>
  <attribute name="GC Util currently" value="73" />
  <attribute name="CPU Util currently" value="18973993317319" />
<exclusive-end id="1793" timestamp="2019-06-15T06:33:01.156" durationms="6.425" />

<exclusive-start id="1794" timestamp="2019-06-15T06:33:01.188" intervalms="38.442">
  <response-info timems="0.029" idlems="0.029" threads="0" lastid="00000000018D6900" lastname="Thread-10" />
</exclusive-start>
<allocation-taxation id="1795" taxation-threshold="93323264" timestamp="2019-06-15T06:33:01.188" intervalms="38.481" />
<cycle-start id="1796" type="partial gc" contextid="0" timestamp="2019-06-15T06:33:01.189" intervalms="38.532" />
<gc-start id="1797" type="partial gc" contextid="1796" timestamp="2019-06-15T06:33:01.189">
  <mem-info id="1798" free="117440512" total="351272960" percent="33">
    <mem type="eden" free="0" total="93323264" percent="0" />
    <arraylet-primitive objects="2" leaves="2" largest="1" />
    <remembered-set count="46752" freebytes="13834752" totalbytes="14021760" percent="98" regionsoverflowed="0" regionsstable="2" regionsrebuilding="0"/>
  </mem-info>
</gc-start>
<allocation-stats totalBytes="93310168" >
  <allocated-bytes non-tlh="0" tlh="93310168" arrayletleaf="0"/>
  <largest-consumer threadName="Thread-7" threadId="00000000018DE100" bytes="24457704" />
</allocation-stats>
<gc-op id="1799" type="copy forward" timems="3.496" contextid="1796" timestamp="2019-06-15T06:33:01.193">
  <memory-copied type="eden" objects="24208" bytes="1131024" bytesdiscarded="16" />
  <memory-copied type="other" objects="4675" bytes="112200" bytesdiscarded="0" />
  <memory-cardclean objects="4325" bytes="232112" />
  <regions eden="89" other="4" />
  <remembered-set-cleared processed="40746" cleared="1025" durationms="0.565" />
  <stringconstants candidates="4597" cleared="0"  />
</gc-op>
<gc-op id="1800" type="classunload" timems="0.003" contextid="1796" timestamp="2019-06-15T06:33:01.193">
  <classunload-info classloadercandidates="8" classloadersunloaded="0" classesunloaded="0" anonymousclassesunloaded="0" quiescems="0.000" setupms="0.002" scanms="0.000" postms="0.000" />
</gc-op>
<heap-resize id="1801" type="expand" space="default" amount="3145728" count="1" timems="0.074" reason="excessive time being spent in gc" timestamp="2019-06-15T06:33:01.194" />
<gc-end id="1802" type="partial gc" contextid="1796" durationms="4.915" usertimems="0.000" systemtimems="4.000" timestamp="2019-06-15T06:33:01.194" activeThreads="1">
  <mem-info id="1803" free="212860928" total="354418688" percent="60">
    <mem type="eden" free="966112" total="2097152" percent="46" />
    <arraylet-primitive objects="2" leaves="2" largest="1" />
    <remembered-set count="46048" freebytes="13963136" totalbytes="14147328" percent="98" regionsoverflowed="0" regionsstable="2" regionsrebuilding="0"/>
  </mem-info>
</gc-end>
<cycle-end id="1804" type="partial gc" contextid="1796" timestamp="2019-06-15T06:33:01.194" />
  <attribute name="elasticGC enabled" value="1" />
  <attribute name= "numThreadsSpecified" value="1" />
  <attribute name="heapSize specified" value="0" />
  <attribute name="Current GC Util" value="77" />
  <attribute name= "Current Time Running" value="5796" />
  <attribute name ="GC Interval" value="0" />
  <attribute name="ProportionalT" value="28.500000" />
  <attribute name="ProportionalI" value="28.500000" />
  <attribute name="ProportionalH" value="28.500000" />
  <attribute name="Current Error" value="57.000000" />
  <attribute name="IntegralT" value="0.000000" />
  <attribute name="IntegralI" value="0.000000" />
  <attribute name="IntegralH" value="0.000000" />
  <attribute name="DerivativeT" value="inf" />
  <attribute name="DerivativeI" value="inf" />
  <attribute name="DerivativeH" value="inf" />
  <attribute name="Loop Time for DT" value="0.000000" />
  <attribute name="Output H" value="8388608"/>
  <attribute name="Output I" value="200"/>
  <attribute name="Output T" value="1"/>
  <attribute name="Target GC Util Change" value ="20.000000" />
  <attribute name="Current GC Util Change" value="77.000000"/>
  <attribute name="GC Util currently" value="77" />
  <attribute name="CPU Util currently" value="18515399090308" />
<exclusive-end id="1805" timestamp="2019-06-15T06:33:01.194" durationms="5.963" />

<exclusive-start id="1806" timestamp="2019-06-15T06:33:01.224" intervalms="36.169">
  <response-info timems="0.040" idlems="0.040" threads="0" lastid="00000000018D6900" lastname="Thread-10" />
</exclusive-start>
<allocation-taxation id="1807" taxation-threshold="94371840" timestamp="2019-06-15T06:33:01.225" intervalms="36.152" />
<cycle-start id="1808" type="partial gc" contextid="0" timestamp="2019-06-15T06:33:01.225" intervalms="36.126" />
<gc-start id="1809" type="partial gc" contextid="1808" timestamp="2019-06-15T06:33:01.225">
  <mem-info id="1810" free="118489088" total="354418688" percent="33">
    <mem type="eden" free="0" total="94371840" percent="0" />
    <arraylet-primitive objects="2" leaves="2" largest="1" />
    <remembered-set count="45920" freebytes="13963648" totalbytes="14147328" percent="98" regionsoverflowed="0" regionsstable="2" regionsrebuilding="0"/>
  </mem-info>
</gc-start>
<allocation-stats totalBytes="94358712" >
  <allocated-bytes non-tlh="0" tlh="94358712" arrayletleaf="0"/>
  <largest-consumer threadName="Thread-7" threadId="00000000018DE100" bytes="24142512" />
</allocation-stats>
<gc-op id="1811" type="copy forward" timems="4.140" contextid="1808" timestamp="2019-06-15T06:33:01.230">
  <memory-copied type="eden" objects="20273" bytes="762616" bytesdiscarded="0" />
  <memory-copied type="other" objects="14549" bytes="623928" bytesdiscarded="0" />
  <memory-cardclean objects="3542" bytes="194528" />
  <regions eden="90" other="4" />
  <remembered-set-cleared processed="40555" cleared="619" durationms="0.575" />
  <stringconstants candidates="4597" cleared="0"  />
</gc-op>
<gc-op id="1812" type="classunload" timems="0.002" contextid="1808" timestamp="2019-06-15T06:33:01.230">
  <classunload-info classloadercandidates="8" classloadersunloaded="0" classesunloaded="0" anonymousclassesunloaded="0" quiescems="0.000" setupms="0.002" scanms="0.000" postms="0.000" />
</gc-op>
<gc-end id="1813" type="partial gc" contextid="1808" durationms="5.206" usertimems="8.000" systemtimems="0.000" timestamp="2019-06-15T06:33:01.230" activeThreads="1">
  <mem-info id="1814" free="212860928" total="354418688" percent="60">
    <mem type="eden" free="285960" total="1048576" percent="27" />
    <arraylet-primitive objects="2" leaves="2" largest="1" />
    <remembered-set count="47584" freebytes="13956992" totalbytes="14147328" percent="98" regionsoverflowed="0" regionsstable="2" regionsrebuilding="0"/>
  </mem-info>
</gc-end>
<cycle-end id="1815" type="partial gc" contextid="1808" timestamp="2019-06-15T06:33:01.230" />
  <attribute name="elasticGC enabled" value="1" />
  <attribute name= "numThreadsSpecified" value="1" />
  <attribute name="heapSize specified" value="0" />
  <attribute name="Current GC Util" value="92" />
  <attribute name= "Current Time Running" value="5832" />
  <attribute name ="GC Interval" value="0" />
  <attribute name="ProportionalT" value="36.000000" />
  <attribute name="ProportionalI" value="36.000000" />
  <attribute name="ProportionalH" value="36.000000" />
  <attribute name="Current Error" value="72.000000" />
  <attribute name="IntegralT" value="0.000000" />
  <attribute name="IntegralI" value="0.000000" />
  <attribute name="IntegralH" value="0.000000" />
  <attribute name="DerivativeT" value="inf" />
  <attribute name="DerivativeI" value="inf" />
  <attribute name="DerivativeH" value="inf" />
  <attribute name="Loop Time for DT" value="0.000000" />
  <attribute name="Output H" value="8388608"/>
  <attribute name="Output I" value="200"/>
  <attribute name="Output T" value="1"/>
  <attribute name="Target GC Util Change" value ="20.000000" />
  <attribute name="Current GC Util Change" value="92.000000"/>
  <attribute name="GC Util currently" value="92" />
  <attribute name="CPU Util currently" value="21702970937595" />
<exclusive-end id="1816" timestamp="2019-06-15T06:33:01.231" durationms="6.271" />

<exclusive-start id="1817" timestamp="2019-06-15T06:33:01.260" intervalms="35.683">
  <response-info timems="0.033" idlems="0.033" threads="0" lastid="00000000018DE100" lastname="Thread-7" />
</exclusive-start>
<allocation-taxation id="1818" taxation-threshold="94371840" timestamp="2019-06-15T06:33:01.260" intervalms="35.740" />
<cycle-start id="1819" type="partial gc" contextid="0" timestamp="2019-06-15T06:33:01.261" intervalms="35.809" />
<gc-start id="1820" type="partial gc" contextid="1819" timestamp="2019-06-15T06:33:01.261">
  <mem-info id="1821" free="118489088" total="354418688" percent="33">
    <mem type="eden" free="0" total="94371840" percent="0" />
    <arraylet-primitive objects="2" leaves="2" largest="1" />
    <remembered-set count="47168" freebytes="13958656" totalbytes="14147328" percent="98" regionsoverflowed="0" regionsstable="2" regionsrebuilding="0"/>
  </mem-info>
</gc-start>
<allocation-stats totalBytes="94359432" >
  <allocated-bytes non-tlh="0" tlh="94359432" arrayletleaf="0"/>
  <largest-consumer threadName="Thread-9" threadId="00000000018DA500" bytes="24114216" />
</allocation-stats>
<gc-op id="1822" type="copy forward" timems="4.045" contextid="1819" timestamp="2019-06-15T06:33:01.266">
  <memory-copied type="eden" objects="21316" bytes="925120" bytesdiscarded="0" />
  <memory-copied type="other" objects="11537" bytes="414264" bytesdiscarded="0" />
  <memory-cardclean objects="3542" bytes="194528" />
  <regions eden="90" other="5" />
  <remembered-set-cleared processed="40937" cleared="2119" durationms="0.613" />
  <stringconstants candidates="4597" cleared="0"  />
</gc-op>
<gc-op id="1823" type="classunload" timems="0.002" contextid="1819" timestamp="2019-06-15T06:33:01.266">
  <classunload-info classloadercandidates="8" classloadersunloaded="0" classesunloaded="0" anonymousclassesunloaded="0" quiescems="0.000" setupms="0.002" scanms="0.000" postms="0.000" />
</gc-op>
<gc-end id="1824" type="partial gc" contextid="1819" durationms="5.315" usertimems="4.000" systemtimems="0.000" timestamp="2019-06-15T06:33:01.266" activeThreads="1">
  <mem-info id="1825" free="212860928" total="354418688" percent="60">
    <mem type="eden" free="123456" total="1048576" percent="11" />
    <arraylet-primitive objects="2" leaves="2" largest="1" />
    <remembered-set count="45856" freebytes="13963904" totalbytes="14147328" percent="98" regionsoverflowed="0" regionsstable="2" regionsrebuilding="0"/>
  </mem-info>
</gc-end>
<cycle-end id="1826" type="partial gc" contextid="1819" timestamp="2019-06-15T06:33:01.266" />
  <attribute name="elasticGC enabled" value="1" />
  <attribute name= "numThreadsSpecified" value="1" />
  <attribute name="heapSize specified" value="0" />
  <attribute name="Current GC Util" value="64" />
  <attribute name= "Current Time Running" value="5868" />
  <attribute name ="GC Interval" value="0" />
  <attribute name="ProportionalT" value="22.000000" />
  <attribute name="ProportionalI" value="22.000000" />
  <attribute name="ProportionalH" value="22.000000" />
  <attribute name="Current Error" value="44.000000" />
  <attribute name="IntegralT" value="0.000000" />
  <attribute name="IntegralI" value="0.000000" />
  <attribute name="IntegralH" value="0.000000" />
  <attribute name="DerivativeT" value="inf" />
  <attribute name="DerivativeI" value="inf" />
  <attribute name="DerivativeH" value="inf" />
  <attribute name="Loop Time for DT" value="0.000000" />
  <attribute name="Output H" value="8388608"/>
  <attribute name="Output I" value="200"/>
  <attribute name="Output T" value="1"/>
  <attribute name="Target GC Util Change" value ="20.000000" />
  <attribute name="Current GC Util Change" value="64.000000"/>
  <attribute name="GC Util currently" value="64" />
  <attribute name="CPU Util currently" value="17430609195797" />
<exclusive-end id="1827" timestamp="2019-06-15T06:33:01.267" durationms="6.520" />

<exclusive-start id="1828" timestamp="2019-06-15T06:33:01.300" intervalms="39.927">
  <response-info timems="0.066" idlems="0.066" threads="0" lastid="00000000018DE100" lastname="Thread-7" />
</exclusive-start>
<allocation-taxation id="1829" taxation-threshold="94371840" timestamp="2019-06-15T06:33:01.300" intervalms="39.941" />
<cycle-start id="1830" type="partial gc" contextid="0" timestamp="2019-06-15T06:33:01.300" intervalms="39.924" />
<gc-start id="1831" type="partial gc" contextid="1830" timestamp="2019-06-15T06:33:01.301">
  <mem-info id="1832" free="118489088" total="354418688" percent="33">
    <mem type="eden" free="0" total="94371840" percent="0" />
    <arraylet-primitive objects="2" leaves="2" largest="1" />
    <remembered-set count="45760" freebytes="13964288" totalbytes="14147328" percent="98" regionsoverflowed="0" regionsstable="2" regionsrebuilding="0"/>
  </mem-info>
</gc-start>
<allocation-stats totalBytes="94359776" >
  <allocated-bytes non-tlh="0" tlh="94359776" arrayletleaf="0"/>
  <largest-consumer threadName="Thread-9" threadId="00000000018DA500" bytes="27120152" />
</allocation-stats>
<gc-op id="1833" type="copy forward" timems="2.024" contextid="1830" timestamp="2019-06-15T06:33:01.304">
  <memory-copied type="eden" objects="25466" bytes="1023664" bytesdiscarded="52272" />
  <memory-copied type="other" objects="0" bytes="0" bytesdiscarded="0" />
  <memory-cardclean objects="35" bytes="3128" />
  <regions eden="90" other="3" />
  <remembered-set-cleared processed="40133" cleared="546" durationms="0.255" />
  <stringconstants candidates="4597" cleared="0"  />
</gc-op>
<gc-op id="1834" type="classunload" timems="0.002" contextid="1830" timestamp="2019-06-15T06:33:01.304">
  <classunload-info classloadercandidates="8" classloadersunloaded="0" classesunloaded="0" anonymousclassesunloaded="0" quiescems="0.000" setupms="0.002" scanms="0.000" postms="0.000" />
</gc-op>
<gc-end id="1835" type="partial gc" contextid="1830" durationms="3.079" usertimems="8.000" systemtimems="0.000" timestamp="2019-06-15T06:33:01.304" activeThreads="4">
  <mem-info id="1836" free="213909504" total="354418688" percent="60">
    <mem type="eden" free="1021216" total="2097152" percent="48" />
    <arraylet-primitive objects="2" leaves="2" largest="1" />
    <remembered-set count="45536" freebytes="13965184" totalbytes="14147328" percent="98" regionsoverflowed="0" regionsstable="2" regionsrebuilding="0"/>
  </mem-info>
</gc-end>
<cycle-end id="1837" type="partial gc" contextid="1830" timestamp="2019-06-15T06:33:01.304" />
  <attribute name="elasticGC enabled" value="1" />
  <attribute name= "numThreadsSpecified" value="4" />
  <attribute name="heapSize specified" value="0" />
  <attribute name="Current GC Util" value="78" />
  <attribute name= "Current Time Running" value="5908" />
  <attribute name ="GC Interval" value="0" />
  <attribute name="ProportionalT" value="29.000000" />
  <attribute name="ProportionalI" value="29.000000" />
  <attribute name="ProportionalH" value="29.000000" />
  <attribute name="Current Error" value="58.000000" />
  <attribute name="IntegralT" value="58.000000" />
  <attribute name="IntegralI" value="58.000000" />
  <attribute name="IntegralH" value="58.000000" />
  <attribute name="DerivativeT" value="58.000000" />
  <attribute name="DerivativeI" value="58.000000" />
  <attribute name="DerivativeH" value="58.000000" />
  <attribute name="Loop Time for DT" value="1.000000" />
  <attribute name="Output H" value="8388608"/>
  <attribute name="Output I" value="200"/>
  <attribute name="Output T" value="4"/>
  <attribute name="Target GC Util Change" value ="20.000000" />
  <attribute name="Current GC Util Change" value="78.000000"/>
  <attribute name="GC Util currently" value="78" />
  <attribute name="CPU Util currently" value="18214257209916" />
<exclusive-end id="1838" timestamp="2019-06-15T06:33:01.304" durationms="4.233" />

</verbosegc>

