<?xml version="1.0" ?>

<verbosegc xmlns="http://www.ibm.com/j9/verbosegc" version="10b4217_CMPRSS">

<initialized id="1" timestamp="2019-06-16T20:29:19.933">
  <attribute name="gcPolicy" value="-Xgcpolicy:gencon" />
  <attribute name="elasticGC enabled" value="1" />
  <attribute name= "numThreadsSpecified" value="0" />
  <attribute name="heapSize specified" value="0" />
  <attribute name="Current GC Util" value="0" />
  <attribute name= "Current Time Running" value="0" />
  <attribute name ="GC Interval" value="0" />
  <attribute name="ProportionalT" value="0.000000" />
  <attribute name="ProportionalI" value="0.000000" />
  <attribute name="ProportionalH" value="0.000000" />
  <attribute name="IntegralT" value="0.000000" />
  <attribute name="IntegralI" value="0.000000" />
  <attribute name="IntegralH" value="0.000000" />
  <attribute name="DerivativeT" value="0.000000" />
  <attribute name="DerivativeI" value="0.000000" />
  <attribute name="DerivativeH" value="0.000000" />
  <attribute name="Target GC Util Change" value ="0.000000" />
  <attribute name="Current GC Util Change" value="0.000000"/>
  <attribute name="Current Error" value="0.000000" />
  <attribute name="Loop Time for DT" value="0.000000" />
  <attribute name="Output H" value="0"/>
  <attribute name="Output I" value="0"/>
  <attribute name="Output T" value="0"/>
  <attribute name="GC Util currently" value="0" />
  <attribute name="CPU Util currently" value="0" />
  <attribute name="maxHeapSize" value="0x7cbc0000" />
  <attribute name="initialHeapSize" value="0x800000" />
  <attribute name="compressedRefs" value="true" />
  <attribute name="compressedRefsDisplacement" value="0x0" />
  <attribute name="compressedRefsShift" value="0x0" />
  <attribute name="pageSize" value="0x1000" />
  <attribute name="pageType" value="not used" />
  <attribute name="requestedPageSize" value="0x1000" />
  <attribute name="requestedPageType" value="not used" />
  <attribute name="gcthreads" value="4" />
  <attribute name="gcthreads Concurrent Mark" value="1" />
  <attribute name="packetListSplit" value="4" />
  <attribute name="cacheListSplit" value="4" />
  <attribute name="splitFreeListSplitAmount" value="1" />
  <attribute name="numaNodes" value="0" />
  <system>
    <attribute name="physicalMemory" value="8370958336" />
    <attribute name="numCPUs" value="4" />
    <attribute name="architecture" value="amd64" />
    <attribute name="os" value="Linux" />
    <attribute name="osVersion" value="4.4.0-150-generic" />
  </system>
  <vmargs>
    <vmarg name="-Xoptionsfile=/vagrant/jdk/lib/options.default" />
    <vmarg name="-Xlockword:mode=default,noLockword=java/lang/String,noLockword=java/util/MapEntry,noLockword=java/util/HashMap$Entry,noLockword..." />
    <vmarg name="-Xjcl:jclse29" />
    <vmarg name="-Dcom.ibm.oti.vm.bootstrap.library.path=/vagrant/jdk/lib/compressedrefs:/vagrant/jdk/lib" />
    <vmarg name="-Dsun.boot.library.path=/vagrant/jdk/lib/compressedrefs:/vagrant/jdk/lib" />
    <vmarg name="-Djava.library.path=/vagrant/jdk/lib/compressedrefs:/vagrant/jdk/lib:/usr/lib64:/usr/lib" />
    <vmarg name="-Djava.home=/vagrant/jdk" />
    <vmarg name="-Duser.dir=/vagrant" />
    <vmarg name="-Xgcpolicy:gencon" />
    <vmarg name="-Xgcelastic" />
    <vmarg name="-Xcheck:gc:::elasticGC" />
    <vmarg name="-verbose:gc" />
    <vmarg name="-Xloggc:jdk0.5-0.5-1-small-GEN-4CORE-elasticverbose15avrora.txt" />
    <vmarg name="-Djava.class.path=dacapo-9.12-MR1-bach.jar" />
    <vmarg name="-Dsun.java.command=dacapo-9.12-MR1-bach.jar avrora --size=small" />
    <vmarg name="-Dsun.java.launcher=SUN_STANDARD" />
    <vmarg name="-Dsun.java.launcher.pid=3276" />
  </vmargs>
</initialized>

<exclusive-start id="2" timestamp="2019-06-16T20:29:20.204" intervalms="270.817">
  <response-info timems="0.020" idlems="0.020" threads="0" lastid="00000000021BD700" lastname="main" />
</exclusive-start>
<af-start id="3" threadId="00000000021BE088" totalBytesRequested="3080" timestamp="2019-06-16T20:29:20.205" intervalms="271.264" type="nursery" />
<cycle-start id="4" type="scavenge" contextid="0" timestamp="2019-06-16T20:29:20.205" intervalms="271.903" />
<gc-start id="5" type="scavenge" contextid="4" timestamp="2019-06-16T20:29:20.211">
  <mem-info id="6" free="6062624" total="8388608" percent="72">
    <mem type="nursery" free="0" total="2097152" percent="0">
      <mem type="allocate" free="0" total="1048576" percent="0" />
      <mem type="survivor" free="0" total="1048576" percent="0" />
    </mem>
    <mem type="tenure" free="6062624" total="6291456" percent="96">
      <mem type="soa" free="5748256" total="5977088" percent="96" />
      <mem type="loa" free="314368" total="314368" percent="100" />
    </mem>
    <remembered-set count="3161" />
  </mem-info>
</gc-start>
<allocation-stats totalBytes="1270936" >
  <allocated-bytes non-tlh="344784" tlh="926152" />
  <largest-consumer threadName="main" threadId="00000000021BD700" bytes="1197360" />
</allocation-stats>
<gc-op id="7" type="scavenge" timems="6.575" contextid="4" timestamp="2019-06-16T20:29:20.218">
  <scavenger-info tenureage="2" tenuremask="fffc" tiltratio="50" />
  <memory-copied type="nursery" objects="10578" bytes="477536" bytesdiscarded="137704" />
  <finalization candidates="11" enqueued="0" />
  <references type="soft" candidates="62" cleared="0" enqueued="0" dynamicThreshold="32" maxThreshold="32" />
  <references type="weak" candidates="309" cleared="177" enqueued="141" />
  <references type="phantom" candidates="25" cleared="6" enqueued="6" />
</gc-op>
<gc-end id="8" type="scavenge" contextid="4" durationms="7.635" usertimems="4.000" systemtimems="0.000" timestamp="2019-06-16T20:29:20.219" activeThreads="4">
  <mem-info id="9" free="6493864" total="8388608" percent="77">
    <mem type="nursery" free="431240" total="2097152" percent="20">
      <mem type="allocate" free="431240" total="1048576" percent="41" />
      <mem type="survivor" free="0" total="1048576" percent="0" />
    </mem>
    <mem type="tenure" free="6062624" total="6291456" percent="96">
      <mem type="soa" free="5748256" total="5977088" percent="96" />
      <mem type="loa" free="314368" total="314368" percent="100" />
    </mem>
    <pending-finalizers system="0" default="0" reference="147" classloader="0" />
    <remembered-set count="3161" />
  </mem-info>
</gc-end>
<cycle-end id="10" type="scavenge" contextid="4" timestamp="2019-06-16T20:29:20.219" />
  <attribute name="elasticGC enabled" value="1" />
  <attribute name= "numThreadsSpecified" value="4" />
  <attribute name="heapSize specified" value="0" />
  <attribute name="Current GC Util" value="0" />
  <attribute name= "Current Time Running" value="113" />
  <attribute name ="GC Interval" value="200" />
  <attribute name="ProportionalT" value="-10.000000" />
  <attribute name="ProportionalI" value="-10.000000" />
  <attribute name="ProportionalH" value="-10.000000" />
  <attribute name="Current Error" value="-20.000000" />
  <attribute name="IntegralT" value="-1130.000000" />
  <attribute name="IntegralI" value="-1130.000000" />
  <attribute name="IntegralH" value="-1130.000000" />
  <attribute name="DerivativeT" value="-0.176991" />
  <attribute name="DerivativeI" value="-0.176991" />
  <attribute name="DerivativeH" value="-0.176991" />
  <attribute name="Loop Time for DT" value="113.000000" />
  <attribute name="Output H" value="2092630016"/>
  <attribute name="Output I" value="200"/>
  <attribute name="Output T" value="4"/>
  <attribute name="Target GC Util Change" value ="20.000000" />
  <attribute name="Current GC Util Change" value="0.000000"/>
  <attribute name="GC Util currently" value="0" />
  <attribute name="CPU Util currently" value="22" />
<allocation-satisfied id="11" threadId="00000000021BD700" bytesRequested="3080" />
<af-end id="12" timestamp="2019-06-16T20:29:20.219" threadId="00000000021BE088" success="true" from="nursery"/>
<exclusive-end id="13" timestamp="2019-06-16T20:29:20.219" durationms="15.049" />

<exclusive-start id="14" timestamp="2019-06-16T20:29:20.422" intervalms="218.015">
  <response-info timems="0.079" idlems="0.079" threads="0" lastid="00000000021BD700" lastname="main" />
</exclusive-start>
<af-start id="15" threadId="00000000021BE088" totalBytesRequested="104" timestamp="2019-06-16T20:29:20.422" intervalms="217.903" type="nursery" />
<cycle-start id="16" type="scavenge" contextid="0" timestamp="2019-06-16T20:29:20.423" intervalms="217.584" />
<gc-start id="17" type="scavenge" contextid="16" timestamp="2019-06-16T20:29:20.423">
  <mem-info id="18" free="6054888" total="8388608" percent="72">
    <mem type="nursery" free="0" total="2097152" percent="0">
      <mem type="allocate" free="0" total="1048576" percent="0" />
      <mem type="survivor" free="0" total="1048576" percent="0" />
    </mem>
    <mem type="tenure" free="6054888" total="6291456" percent="96">
      <mem type="soa" free="5740520" total="5977088" percent="96" />
      <mem type="loa" free="314368" total="314368" percent="100" />
    </mem>
    <remembered-set count="3262" />
  </mem-info>
</gc-start>
<allocation-stats totalBytes="438000" >
  <allocated-bytes non-tlh="10816" tlh="427184" />
  <largest-consumer threadName="main" threadId="00000000021BD700" bytes="426024" />
</allocation-stats>
<gc-op id="19" type="scavenge" timems="15.792" contextid="16" timestamp="2019-06-16T20:29:20.439">
  <scavenger-info tenureage="5" tenuremask="7fe0" tiltratio="50" />
  <memory-copied type="nursery" objects="10958" bytes="486448" bytesdiscarded="134712" />
  <finalization candidates="11" enqueued="0" />
  <references type="soft" candidates="62" cleared="0" enqueued="0" dynamicThreshold="32" maxThreshold="32" />
  <references type="weak" candidates="237" cleared="93" enqueued="90" />
  <references type="phantom" candidates="35" cleared="11" enqueued="11" />
</gc-op>
<gc-end id="20" type="scavenge" contextid="16" durationms="17.534" usertimems="16.000" systemtimems="0.000" timestamp="2019-06-16T20:29:20.441" activeThreads="4">
  <mem-info id="21" free="6480848" total="8388608" percent="77">
    <mem type="nursery" free="425960" total="2097152" percent="20">
      <mem type="allocate" free="425960" total="1048576" percent="40" />
      <mem type="survivor" free="0" total="1048576" percent="0" />
    </mem>
    <mem type="tenure" free="6054888" total="6291456" percent="96">
      <mem type="soa" free="5740520" total="5977088" percent="96" />
      <mem type="loa" free="314368" total="314368" percent="100" />
    </mem>
    <pending-finalizers system="0" default="0" reference="101" classloader="0" />
    <remembered-set count="3262" />
  </mem-info>
</gc-end>
<cycle-end id="22" type="scavenge" contextid="16" timestamp="2019-06-16T20:29:20.441" />
  <attribute name="elasticGC enabled" value="1" />
  <attribute name= "numThreadsSpecified" value="4" />
  <attribute name="heapSize specified" value="0" />
  <attribute name="Current GC Util" value="5" />
  <attribute name= "Current Time Running" value="326" />
  <attribute name ="GC Interval" value="200" />
  <attribute name="ProportionalT" value="-7.500000" />
  <attribute name="ProportionalI" value="-7.500000" />
  <attribute name="ProportionalH" value="-7.500000" />
  <attribute name="Current Error" value="-15.000000" />
  <attribute name="IntegralT" value="-2727.500000" />
  <attribute name="IntegralI" value="-2727.500000" />
  <attribute name="IntegralH" value="-2727.500000" />
  <attribute name="DerivativeT" value="-0.070423" />
  <attribute name="DerivativeI" value="-0.070423" />
  <attribute name="DerivativeH" value="-0.070423" />
  <attribute name="Loop Time for DT" value="213.000000" />
  <attribute name="Output H" value="2092630016"/>
  <attribute name="Output I" value="200"/>
  <attribute name="Output T" value="4"/>
  <attribute name="Target GC Util Change" value ="20.000000" />
  <attribute name="Current GC Util Change" value="5.000000"/>
  <attribute name="GC Util currently" value="5" />
  <attribute name="CPU Util currently" value="5" />
<allocation-satisfied id="23" threadId="00000000021BD700" bytesRequested="104" />
<af-end id="24" timestamp="2019-06-16T20:29:20.442" threadId="00000000021BE088" success="true" from="nursery"/>
<exclusive-end id="25" timestamp="2019-06-16T20:29:20.442" durationms="19.915" />

<exclusive-start id="26" timestamp="2019-06-16T20:29:21.021" intervalms="598.482">
  <response-info timems="0.025" idlems="0.025" threads="0" lastid="00000000021BD700" lastname="main" />
</exclusive-start>
<af-start id="27" threadId="00000000021BE088" totalBytesRequested="136" timestamp="2019-06-16T20:29:21.021" intervalms="598.286" type="nursery" />
<cycle-start id="28" type="scavenge" contextid="0" timestamp="2019-06-16T20:29:21.021" intervalms="598.046" />
<gc-start id="29" type="scavenge" contextid="28" timestamp="2019-06-16T20:29:21.021">
  <mem-info id="30" free="6054888" total="8388608" percent="72">
    <mem type="nursery" free="0" total="2097152" percent="0">
      <mem type="allocate" free="0" total="1048576" percent="0" />
      <mem type="survivor" free="0" total="1048576" percent="0" />
    </mem>
    <mem type="tenure" free="6054888" total="6291456" percent="96">
      <mem type="soa" free="5740520" total="5977088" percent="96" />
      <mem type="loa" free="314368" total="314368" percent="100" />
    </mem>
    <remembered-set count="3262" />
  </mem-info>
</gc-start>
<allocation-stats totalBytes="425632" >
  <allocated-bytes non-tlh="104" tlh="425528" />
  <largest-consumer threadName="main" threadId="00000000021BD700" bytes="417440" />
</allocation-stats>
<gc-op id="31" type="scavenge" timems="6.686" contextid="28" timestamp="2019-06-16T20:29:21.028">
  <scavenger-info tenureage="4" tenuremask="7ff0" tiltratio="50" />
  <memory-copied type="nursery" objects="10892" bytes="484984" bytesdiscarded="25240" />
  <finalization candidates="11" enqueued="0" />
  <references type="soft" candidates="62" cleared="0" enqueued="0" dynamicThreshold="32" maxThreshold="32" />
  <references type="weak" candidates="144" cleared="0" enqueued="0" />
  <references type="phantom" candidates="24" cleared="0" enqueued="0" />
</gc-op>
<gc-end id="32" type="scavenge" contextid="28" durationms="7.119" usertimems="8.000" systemtimems="0.000" timestamp="2019-06-16T20:29:21.028" activeThreads="4">
  <mem-info id="33" free="6591792" total="8388608" percent="78">
    <mem type="nursery" free="536904" total="2097152" percent="25">
      <mem type="allocate" free="536904" total="1048576" percent="51" />
      <mem type="survivor" free="0" total="1048576" percent="0" />
    </mem>
    <mem type="tenure" free="6054888" total="6291456" percent="96">
      <mem type="soa" free="5740520" total="5977088" percent="96" />
      <mem type="loa" free="314368" total="314368" percent="100" />
    </mem>
    <remembered-set count="992" />
  </mem-info>
</gc-end>
<cycle-end id="34" type="scavenge" contextid="28" timestamp="2019-06-16T20:29:21.028" />
  <attribute name="elasticGC enabled" value="1" />
  <attribute name= "numThreadsSpecified" value="4" />
  <attribute name="heapSize specified" value="0" />
  <attribute name="Current GC Util" value="2" />
  <attribute name= "Current Time Running" value="923" />
  <attribute name ="GC Interval" value="200" />
  <attribute name="ProportionalT" value="-9.000000" />
  <attribute name="ProportionalI" value="-9.000000" />
  <attribute name="ProportionalH" value="-9.000000" />
  <attribute name="Current Error" value="-18.000000" />
  <attribute name="IntegralT" value="-8100.500000" />
  <attribute name="IntegralI" value="-8100.500000" />
  <attribute name="IntegralH" value="-8100.500000" />
  <attribute name="DerivativeT" value="-0.030151" />
  <attribute name="DerivativeI" value="-0.030151" />
  <attribute name="DerivativeH" value="-0.030151" />
  <attribute name="Loop Time for DT" value="597.000000" />
  <attribute name="Output H" value="2092630016"/>
  <attribute name="Output I" value="200"/>
  <attribute name="Output T" value="4"/>
  <attribute name="Target GC Util Change" value ="20.000000" />
  <attribute name="Current GC Util Change" value="2.000000"/>
  <attribute name="GC Util currently" value="2" />
  <attribute name="CPU Util currently" value="1" />
<allocation-satisfied id="35" threadId="00000000021BD700" bytesRequested="136" />
<af-end id="36" timestamp="2019-06-16T20:29:21.028" threadId="00000000021BE088" success="true" from="nursery"/>
<exclusive-end id="37" timestamp="2019-06-16T20:29:21.029" durationms="7.994" />

<exclusive-start id="38" timestamp="2019-06-16T20:29:21.193" intervalms="172.762">
  <response-info timems="0.071" idlems="0.071" threads="0" lastid="00000000021BD700" lastname="main" />
</exclusive-start>
<af-start id="39" threadId="00000000021BE088" totalBytesRequested="16392" timestamp="2019-06-16T20:29:21.194" intervalms="172.800" type="nursery" />
<cycle-start id="40" type="scavenge" contextid="0" timestamp="2019-06-16T20:29:21.194" intervalms="172.877" />
<gc-start id="41" type="scavenge" contextid="40" timestamp="2019-06-16T20:29:21.194">
  <mem-info id="42" free="6052200" total="8388608" percent="72">
    <mem type="nursery" free="0" total="2097152" percent="0">
      <mem type="allocate" free="0" total="1048576" percent="0" />
      <mem type="survivor" free="0" total="1048576" percent="0" />
    </mem>
    <mem type="tenure" free="6052200" total="6291456" percent="96">
      <mem type="soa" free="5737832" total="5977088" percent="95" />
      <mem type="loa" free="314368" total="314368" percent="100" />
    </mem>
    <remembered-set count="1025" />
  </mem-info>
</gc-start>
<allocation-stats totalBytes="505400" >
  <allocated-bytes non-tlh="2824" tlh="502576" />
  <largest-consumer threadName="main" threadId="00000000021BD700" bytes="505400" />
</allocation-stats>
<gc-op id="43" type="scavenge" timems="5.481" contextid="40" timestamp="2019-06-16T20:29:21.200">
  <scavenger-info tenureage="3" tenuremask="fff8" tiltratio="50" />
  <memory-copied type="nursery" objects="604" bytes="61416" bytesdiscarded="86552" />
  <memory-copied type="tenure" objects="10291" bytes="460040" bytesdiscarded="608" />
  <finalization candidates="11" enqueued="0" />
  <references type="weak" candidates="92" cleared="76" enqueued="76" />
  <references type="phantom" candidates="18" cleared="10" enqueued="10" />
</gc-op>
<gc-end id="44" type="scavenge" contextid="40" durationms="6.071" usertimems="8.000" systemtimems="0.000" timestamp="2019-06-16T20:29:21.200" activeThreads="4">
  <mem-info id="45" free="6467552" total="8388608" percent="77">
    <mem type="nursery" free="900600" total="2097152" percent="42">
      <mem type="allocate" free="900600" total="1048576" percent="85" />
      <mem type="survivor" free="0" total="1048576" percent="0" />
    </mem>
    <mem type="tenure" free="5566952" total="6291456" percent="88">
      <mem type="soa" free="5252584" total="5977088" percent="87" />
      <mem type="loa" free="314368" total="314368" percent="100" />
    </mem>
    <pending-finalizers system="0" default="0" reference="86" classloader="0" />
    <remembered-set count="134" />
  </mem-info>
</gc-end>
<cycle-end id="46" type="scavenge" contextid="40" timestamp="2019-06-16T20:29:21.200" />
  <attribute name="elasticGC enabled" value="1" />
  <attribute name= "numThreadsSpecified" value="4" />
  <attribute name="heapSize specified" value="0" />
  <attribute name="Current GC Util" value="3" />
  <attribute name= "Current Time Running" value="1096" />
  <attribute name ="GC Interval" value="200" />
  <attribute name="ProportionalT" value="-8.500000" />
  <attribute name="ProportionalI" value="-8.500000" />
  <attribute name="ProportionalH" value="-8.500000" />
  <attribute name="Current Error" value="-17.000000" />
  <attribute name="IntegralT" value="-9571.000000" />
  <attribute name="IntegralI" value="-9571.000000" />
  <attribute name="IntegralH" value="-9571.000000" />
  <attribute name="DerivativeT" value="-0.098266" />
  <attribute name="DerivativeI" value="-0.098266" />
  <attribute name="DerivativeH" value="-0.098266" />
  <attribute name="Loop Time for DT" value="173.000000" />
  <attribute name="Output H" value="2092630016"/>
  <attribute name="Output I" value="200"/>
  <attribute name="Output T" value="4"/>
  <attribute name="Target GC Util Change" value ="20.000000" />
  <attribute name="Current GC Util Change" value="3.000000"/>
  <attribute name="GC Util currently" value="3" />
  <attribute name="CPU Util currently" value="2" />
<allocation-satisfied id="47" threadId="00000000021BD700" bytesRequested="16392" />
<af-end id="48" timestamp="2019-06-16T20:29:21.200" threadId="00000000021BE088" success="true" from="nursery"/>
<exclusive-end id="49" timestamp="2019-06-16T20:29:21.200" durationms="6.966" />

<exclusive-start id="50" timestamp="2019-06-16T20:29:23.595" intervalms="2401.158">
  <response-info timems="0.164" idlems="0.164" threads="0" lastid="00000000021BD700" lastname="main" />
</exclusive-start>
<af-start id="51" threadId="00000000021BE088" totalBytesRequested="2056" timestamp="2019-06-16T20:29:23.595" intervalms="2401.530" type="nursery" />
<cycle-start id="52" type="scavenge" contextid="0" timestamp="2019-06-16T20:29:23.596" intervalms="2401.896" />
<gc-start id="53" type="scavenge" contextid="52" timestamp="2019-06-16T20:29:23.596">
  <mem-info id="54" free="5562368" total="8388608" percent="66">
    <mem type="nursery" free="0" total="2097152" percent="0">
      <mem type="allocate" free="0" total="1048576" percent="0" />
      <mem type="survivor" free="0" total="1048576" percent="0" />
    </mem>
    <mem type="tenure" free="5562368" total="6291456" percent="88">
      <mem type="soa" free="5248000" total="5977088" percent="87" />
      <mem type="loa" free="314368" total="314368" percent="100" />
    </mem>
    <remembered-set count="217" />
  </mem-info>
</gc-start>
<allocation-stats totalBytes="900048" >
  <allocated-bytes non-tlh="20976" tlh="879072" />
  <largest-consumer threadName="main" threadId="00000000021BD700" bytes="900048" />
</allocation-stats>
<gc-op id="55" type="scavenge" timems="70.240" contextid="52" timestamp="2019-06-16T20:29:23.667">
  <scavenger-info tenureage="4" tenuremask="fff0" tiltratio="50" />
  <memory-copied type="nursery" objects="744" bytes="110632" bytesdiscarded="111368" />
  <finalization candidates="3" enqueued="1" />
  <references type="soft" candidates="1" cleared="0" enqueued="0" dynamicThreshold="32" maxThreshold="32" />
  <references type="weak" candidates="66" cleared="50" enqueued="50" />
  <references type="phantom" candidates="21" cleared="10" enqueued="10" />
</gc-op>
<gc-end id="56" type="scavenge" contextid="52" durationms="71.489" usertimems="12.000" systemtimems="4.000" timestamp="2019-06-16T20:29:23.668" activeThreads="4">
  <mem-info id="57" free="6388856" total="8388608" percent="76">
    <mem type="nursery" free="826488" total="2097152" percent="39">
      <mem type="allocate" free="826488" total="1048576" percent="78" />
      <mem type="survivor" free="0" total="1048576" percent="0" />
    </mem>
    <mem type="tenure" free="5562368" total="6291456" percent="88">
      <mem type="soa" free="5248000" total="5977088" percent="87" />
      <mem type="loa" free="314368" total="314368" percent="100" />
    </mem>
    <pending-finalizers system="1" default="0" reference="60" classloader="0" />
    <remembered-set count="215" />
  </mem-info>
</gc-end>
<cycle-end id="58" type="scavenge" contextid="52" timestamp="2019-06-16T20:29:23.668" />
  <attribute name="elasticGC enabled" value="1" />
  <attribute name= "numThreadsSpecified" value="4" />
  <attribute name="heapSize specified" value="0" />
  <attribute name="Current GC Util" value="0" />
  <attribute name= "Current Time Running" value="3499" />
  <attribute name ="GC Interval" value="200" />
  <attribute name="ProportionalT" value="-10.000000" />
  <attribute name="ProportionalI" value="-10.000000" />
  <attribute name="ProportionalH" value="-10.000000" />
  <attribute name="Current Error" value="-20.000000" />
  <attribute name="IntegralT" value="-33601.000000" />
  <attribute name="IntegralI" value="-33601.000000" />
  <attribute name="IntegralH" value="-33601.000000" />
  <attribute name="DerivativeT" value="-0.008323" />
  <attribute name="DerivativeI" value="-0.008323" />
  <attribute name="DerivativeH" value="-0.008323" />
  <attribute name="Loop Time for DT" value="2403.000000" />
  <attribute name="Output H" value="2092630016"/>
  <attribute name="Output I" value="200"/>
  <attribute name="Output T" value="4"/>
  <attribute name="Target GC Util Change" value ="20.000000" />
  <attribute name="Current GC Util Change" value="0.000000"/>
  <attribute name="GC Util currently" value="0" />
  <attribute name="CPU Util currently" value="2" />
<allocation-satisfied id="59" threadId="00000000021BD700" bytesRequested="2056" />
<af-end id="60" timestamp="2019-06-16T20:29:23.668" threadId="00000000021BE088" success="true" from="nursery"/>
<exclusive-end id="61" timestamp="2019-06-16T20:29:23.668" durationms="73.784" />

<exclusive-start id="62" timestamp="2019-06-16T20:29:26.196" intervalms="2601.950">
  <response-info timems="0.105" idlems="0.105" threads="0" lastid="00000000021BD700" lastname="main" />
</exclusive-start>
<af-start id="63" threadId="00000000021BE088" totalBytesRequested="2056" timestamp="2019-06-16T20:29:26.197" intervalms="2601.942" type="nursery" />
<cycle-start id="64" type="scavenge" contextid="0" timestamp="2019-06-16T20:29:26.197" intervalms="2601.824" />
<gc-start id="65" type="scavenge" contextid="64" timestamp="2019-06-16T20:29:26.198">
  <mem-info id="66" free="5562368" total="8388608" percent="66">
    <mem type="nursery" free="0" total="2097152" percent="0">
      <mem type="allocate" free="0" total="1048576" percent="0" />
      <mem type="survivor" free="0" total="1048576" percent="0" />
    </mem>
    <mem type="tenure" free="5562368" total="6291456" percent="88">
      <mem type="soa" free="5248000" total="5977088" percent="87" />
      <mem type="loa" free="314368" total="314368" percent="100" />
    </mem>
    <remembered-set count="215" />
  </mem-info>
</gc-start>
<allocation-stats totalBytes="814072" >
  <allocated-bytes non-tlh="2056" tlh="812016" />
  <largest-consumer threadName="main" threadId="00000000021BD700" bytes="814072" />
</allocation-stats>
<gc-op id="67" type="scavenge" timems="2.154" contextid="64" timestamp="2019-06-16T20:29:26.201">
  <scavenger-info tenureage="3" tenuremask="fff8" tiltratio="50" />
  <memory-copied type="nursery" objects="299" bytes="79584" bytesdiscarded="6872" />
  <memory-copied type="tenure" objects="302" bytes="16080" bytesdiscarded="0" />
  <finalization candidates="2" enqueued="0" />
  <references type="soft" candidates="1" cleared="0" enqueued="0" dynamicThreshold="32" maxThreshold="32" />
  <references type="weak" candidates="2" cleared="0" enqueued="0" />
  <references type="phantom" candidates="5" cleared="0" enqueued="0" />
</gc-op>
<gc-end id="68" type="scavenge" contextid="64" durationms="3.830" usertimems="4.000" systemtimems="0.000" timestamp="2019-06-16T20:29:26.202" activeThreads="4">
  <mem-info id="69" free="6616312" total="8388608" percent="78">
    <mem type="nursery" free="1093112" total="2097152" percent="52">
      <mem type="allocate" free="1093112" total="1179648" percent="92" />
      <mem type="survivor" free="0" total="917504" percent="0" />
    </mem>
    <mem type="tenure" free="5523200" total="6291456" percent="87">
      <mem type="soa" free="5208832" total="5977088" percent="87" />
      <mem type="loa" free="314368" total="314368" percent="100" />
    </mem>
    <remembered-set count="157" />
  </mem-info>
</gc-end>
<cycle-end id="70" type="scavenge" contextid="64" timestamp="2019-06-16T20:29:26.202" />
  <attribute name="elasticGC enabled" value="1" />
  <attribute name= "numThreadsSpecified" value="4" />
  <attribute name="heapSize specified" value="0" />
  <attribute name="Current GC Util" value="0" />
  <attribute name= "Current Time Running" value="6101" />
  <attribute name ="GC Interval" value="200" />
  <attribute name="ProportionalT" value="-10.000000" />
  <attribute name="ProportionalI" value="-10.000000" />
  <attribute name="ProportionalH" value="-10.000000" />
  <attribute name="Current Error" value="-20.000000" />
  <attribute name="IntegralT" value="-26020.000000" />
  <attribute name="IntegralI" value="-26020.000000" />
  <attribute name="IntegralH" value="-26020.000000" />
  <attribute name="DerivativeT" value="-0.007686" />
  <attribute name="DerivativeI" value="-0.007686" />
  <attribute name="DerivativeH" value="-0.007686" />
  <attribute name="Loop Time for DT" value="2602.000000" />
  <attribute name="Output H" value="2092630016"/>
  <attribute name="Output I" value="200"/>
  <attribute name="Output T" value="4"/>
  <attribute name="Target GC Util Change" value ="20.000000" />
  <attribute name="Current GC Util Change" value="0.000000"/>
  <attribute name="GC Util currently" value="0" />
  <attribute name="CPU Util currently" value="3" />
<allocation-satisfied id="71" threadId="00000000021BD700" bytesRequested="2056" />
<af-end id="72" timestamp="2019-06-16T20:29:26.203" threadId="00000000021BE088" success="true" from="nursery"/>
<exclusive-end id="73" timestamp="2019-06-16T20:29:26.203" durationms="6.631" />

<exclusive-start id="74" timestamp="2019-06-16T20:29:29.856" intervalms="3659.633">
  <response-info timems="0.214" idlems="0.214" threads="0" lastid="00000000021BD700" lastname="main" />
</exclusive-start>
<af-start id="75" threadId="00000000021BE088" totalBytesRequested="2056" timestamp="2019-06-16T20:29:29.857" intervalms="3659.639" type="nursery" />
<cycle-start id="76" type="scavenge" contextid="0" timestamp="2019-06-16T20:29:29.857" intervalms="3659.837" />
<gc-start id="77" type="scavenge" contextid="76" timestamp="2019-06-16T20:29:29.858">
  <mem-info id="78" free="5523200" total="8388608" percent="65">
    <mem type="nursery" free="0" total="2097152" percent="0">
      <mem type="allocate" free="0" total="1179648" percent="0" />
      <mem type="survivor" free="0" total="917504" percent="0" />
    </mem>
    <mem type="tenure" free="5523200" total="6291456" percent="87">
      <mem type="soa" free="5208832" total="5977088" percent="87" />
      <mem type="loa" free="314368" total="314368" percent="100" />
    </mem>
    <remembered-set count="157" />
  </mem-info>
</gc-start>
<allocation-stats totalBytes="1084136" >
  <allocated-bytes non-tlh="2056" tlh="1082080" />
  <largest-consumer threadName="main" threadId="00000000021BD700" bytes="1084136" />
</allocation-stats>
<gc-op id="79" type="scavenge" timems="8.898" contextid="76" timestamp="2019-06-16T20:29:29.868">
  <scavenger-info tenureage="5" tenuremask="ffe0" tiltratio="56" />
  <memory-copied type="nursery" objects="299" bytes="79608" bytesdiscarded="472" />
  <finalization candidates="2" enqueued="0" />
  <references type="soft" candidates="1" cleared="0" enqueued="0" dynamicThreshold="32" maxThreshold="32" />
  <references type="weak" candidates="2" cleared="0" enqueued="0" />
  <references type="phantom" candidates="5" cleared="0" enqueued="0" />
</gc-op>
<gc-end id="80" type="scavenge" contextid="76" durationms="10.241" usertimems="8.000" systemtimems="0.000" timestamp="2019-06-16T20:29:29.868" activeThreads="4">
  <mem-info id="81" free="6753760" total="8388608" percent="80">
    <mem type="nursery" free="1230560" total="2097152" percent="58">
      <mem type="allocate" free="1230560" total="1310720" percent="93" />
      <mem type="survivor" free="0" total="786432" percent="0" />
    </mem>
    <mem type="tenure" free="5523200" total="6291456" percent="87">
      <mem type="soa" free="5208832" total="5977088" percent="87" />
      <mem type="loa" free="314368" total="314368" percent="100" />
    </mem>
    <remembered-set count="86" />
  </mem-info>
</gc-end>
<cycle-end id="82" type="scavenge" contextid="76" timestamp="2019-06-16T20:29:29.868" />
  <attribute name="elasticGC enabled" value="1" />
  <attribute name= "numThreadsSpecified" value="4" />
  <attribute name="heapSize specified" value="0" />
  <attribute name="Current GC Util" value="0" />
  <attribute name= "Current Time Running" value="9761" />
  <attribute name ="GC Interval" value="200" />
  <attribute name="ProportionalT" value="-10.000000" />
  <attribute name="ProportionalI" value="-10.000000" />
  <attribute name="ProportionalH" value="-10.000000" />
  <attribute name="Current Error" value="-20.000000" />
  <attribute name="IntegralT" value="-36600.000000" />
  <attribute name="IntegralI" value="-36600.000000" />
  <attribute name="IntegralH" value="-36600.000000" />
  <attribute name="DerivativeT" value="-0.005464" />
  <attribute name="DerivativeI" value="-0.005464" />
  <attribute name="DerivativeH" value="-0.005464" />
  <attribute name="Loop Time for DT" value="3660.000000" />
  <attribute name="Output H" value="2092630016"/>
  <attribute name="Output I" value="200"/>
  <attribute name="Output T" value="4"/>
  <attribute name="Target GC Util Change" value ="20.000000" />
  <attribute name="Current GC Util Change" value="0.000000"/>
  <attribute name="GC Util currently" value="0" />
  <attribute name="CPU Util currently" value="1" />
<allocation-satisfied id="83" threadId="00000000021BD700" bytesRequested="2056" />
<af-end id="84" timestamp="2019-06-16T20:29:29.868" threadId="00000000021BE088" success="true" from="nursery"/>
<exclusive-end id="85" timestamp="2019-06-16T20:29:29.869" durationms="12.523" />

<exclusive-start id="86" timestamp="2019-06-16T20:29:32.370" intervalms="2513.444">
  <response-info timems="0.026" idlems="0.026" threads="0" lastid="00000000021BD700" lastname="main" />
</exclusive-start>
<sys-start reason="explicit" id="87" timestamp="2019-06-16T20:29:32.370" intervalms="12436.388" />
<cycle-start id="88" type="global" contextid="0" timestamp="2019-06-16T20:29:32.370" intervalms="12436.597" />
<gc-start id="89" type="global" contextid="88" timestamp="2019-06-16T20:29:32.370">
  <mem-info id="90" free="5526848" total="8388608" percent="65">
    <mem type="nursery" free="10648" total="2097152" percent="0">
      <mem type="allocate" free="10648" total="1310720" percent="0" />
      <mem type="survivor" free="0" total="786432" percent="0" />
    </mem>
    <mem type="tenure" free="5516200" total="6291456" percent="87">
      <mem type="soa" free="5201832" total="5977088" percent="87" />
      <mem type="loa" free="314368" total="314368" percent="100" />
    </mem>
    <remembered-set count="164" />
  </mem-info>
</gc-start>
<allocation-stats totalBytes="1191936" >
  <allocated-bytes non-tlh="174240" tlh="1017696" />
  <largest-consumer threadName="main" threadId="00000000021BD700" bytes="1191936" />
</allocation-stats>
<gc-op id="91" type="mark" timems="1.719" contextid="88" timestamp="2019-06-16T20:29:32.372">
  <trace-info objectcount="16928" scancount="13945" scanbytes="446088" />
  <finalization candidates="13" enqueued="0" />
  <references type="soft" candidates="66" cleared="0" enqueued="0" dynamicThreshold="32" maxThreshold="32" />
  <references type="weak" candidates="172" cleared="43" enqueued="35" />
  <references type="phantom" candidates="34" cleared="4" enqueued="4" />
  <stringconstants candidates="2456" cleared="0"  />
</gc-op>
<gc-op id="92" type="classunload" timems="0.045" contextid="88" timestamp="2019-06-16T20:29:32.372">
  <classunload-info classloadercandidates="6" classloadersunloaded="0" classesunloaded="0" anonymousclassesunloaded="0" quiescems="0.000" setupms="0.045" scanms="0.000" postms="0.000" />
</gc-op>
<gc-op id="93" type="sweep" timems="0.445" contextid="88" timestamp="2019-06-16T20:29:32.372" />
<mem-info id="94" free="6599528" total="8388608" percent="78">
  <mem type="nursery" free="1037088" total="2097152" percent="49">
    <mem type="allocate" free="1037088" total="1310720" percent="79" />
    <mem type="survivor" free="0" total="786432" percent="0" />
  </mem>
  <mem type="tenure" free="5562440" total="6291456" percent="88" micro-fragmented="0" macro-fragmented="3110739">
    <mem type="soa" free="5248072" total="5977088" percent="87" />
    <mem type="loa" free="314368" total="314368" percent="100" />
  </mem>
  <pending-finalizers system="0" default="0" reference="39" classloader="0" />
  <remembered-set count="163" />
</mem-info>
<gc-op id="95" type="compact" timems="3.819" contextid="88" timestamp="2019-06-16T20:29:32.377">
  <compact-info movecount="12502" movebytes="800752" reason="compact to aid heap contraction" />
</gc-op>
<gc-end id="96" type="global" contextid="88" durationms="7.012" usertimems="4.000" systemtimems="4.000" timestamp="2019-06-16T20:29:32.377" activeThreads="4">
  <mem-info id="97" free="6617544" total="8388608" percent="78">
    <mem type="nursery" free="1052488" total="2097152" percent="50">
      <mem type="allocate" free="1052488" total="1310720" percent="80" />
      <mem type="survivor" free="0" total="786432" percent="0" />
    </mem>
    <mem type="tenure" free="5565056" total="6291456" percent="88">
      <mem type="soa" free="5250688" total="5977088" percent="87" />
      <mem type="loa" free="314368" total="314368" percent="100" />
    </mem>
    <pending-finalizers system="0" default="0" reference="39" classloader="0" />
    <remembered-set count="163" />
  </mem-info>
</gc-end>
<cycle-end id="98" type="global" contextid="88" timestamp="2019-06-16T20:29:32.377" />
  <attribute name="elasticGC enabled" value="1" />
  <attribute name= "numThreadsSpecified" value="4" />
  <attribute name="heapSize specified" value="8388608" />
  <attribute name="Current GC Util" value="30" />
  <attribute name= "Current Time Running" value="12279" />
  <attribute name ="GC Interval" value="200" />
  <attribute name="ProportionalT" value="5.000000" />
  <attribute name="ProportionalI" value="5.000000" />
  <attribute name="ProportionalH" value="5.000000" />
  <attribute name="Current Error" value="10.000000" />
  <attribute name="IntegralT" value="20.000000" />
  <attribute name="IntegralI" value="20.000000" />
  <attribute name="IntegralH" value="20.000000" />
  <attribute name="DerivativeT" value="2.500000" />
  <attribute name="DerivativeI" value="2.500000" />
  <attribute name="DerivativeH" value="2.500000" />
  <attribute name="Loop Time for DT" value="4.000000" />
  <attribute name="Output H" value="8388608"/>
  <attribute name="Output I" value="200"/>
  <attribute name="Output T" value="4"/>
  <attribute name="Target GC Util Change" value ="20.000000" />
  <attribute name="Current GC Util Change" value="30.000000"/>
  <attribute name="GC Util currently" value="30" />
  <attribute name="CPU Util currently" value="1191742208749" />
<sys-end id="99" timestamp="2019-06-16T20:29:32.377" />
<exclusive-end id="100" timestamp="2019-06-16T20:29:32.377" durationms="7.616" />

<exclusive-start id="101" timestamp="2019-06-16T20:29:32.565" intervalms="195.162">
  <response-info timems="0.015" idlems="0.015" threads="0" lastid="00000000021BD700" lastname="main" />
</exclusive-start>
<af-start id="102" threadId="00000000021BE088" totalBytesRequested="112" timestamp="2019-06-16T20:29:32.565" intervalms="2708.144" type="nursery" />
<cycle-start id="103" type="scavenge" contextid="0" timestamp="2019-06-16T20:29:32.565" intervalms="2707.608" />
<gc-start id="104" type="scavenge" contextid="103" timestamp="2019-06-16T20:29:32.565">
  <mem-info id="105" free="5502336" total="8388608" percent="65">
    <mem type="nursery" free="0" total="2097152" percent="0">
      <mem type="allocate" free="0" total="1310720" percent="0" />
      <mem type="survivor" free="0" total="786432" percent="0" />
    </mem>
    <mem type="tenure" free="5502336" total="6291456" percent="87">
      <mem type="soa" free="5187968" total="5977088" percent="86" />
      <mem type="loa" free="314368" total="314368" percent="100" />
    </mem>
    <remembered-set count="569" />
  </mem-info>
</gc-start>
<allocation-stats totalBytes="1113936" >
  <allocated-bytes non-tlh="62720" tlh="1051216" />
  <largest-consumer threadName="main" threadId="00000000021BD700" bytes="1109840" />
</allocation-stats>
<gc-op id="106" type="scavenge" timems="4.629" contextid="103" timestamp="2019-06-16T20:29:32.570">
  <scavenger-info tenureage="3" tenuremask="fff8" tiltratio="62" />
  <memory-copied type="nursery" objects="2272" bytes="290184" bytesdiscarded="45912" />
  <memory-copied type="tenure" objects="231" bytes="57800" bytesdiscarded="24" />
  <finalization candidates="2" enqueued="0" />
  <references type="soft" candidates="3" cleared="0" enqueued="0" dynamicThreshold="28" maxThreshold="32" />
  <references type="weak" candidates="32" cleared="31" enqueued="31" />
  <references type="phantom" candidates="6" cleared="0" enqueued="0" />
</gc-op>
<gc-end id="107" type="scavenge" contextid="103" durationms="4.899" usertimems="0.000" systemtimems="4.000" timestamp="2019-06-16T20:29:32.570" activeThreads="4">
  <mem-info id="108" free="6447688" total="8388608" percent="76">
    <mem type="nursery" free="1040088" total="2097152" percent="49">
      <mem type="allocate" free="1040088" total="1376256" percent="75" />
      <mem type="survivor" free="0" total="720896" percent="0" />
    </mem>
    <mem type="tenure" free="5407600" total="6291456" percent="85" macro-fragmented="4479464">
      <mem type="soa" free="5093232" total="5977088" percent="85" />
      <mem type="loa" free="314368" total="314368" percent="100" />
    </mem>
    <pending-finalizers system="0" default="0" reference="31" classloader="0" />
    <remembered-set count="549" />
  </mem-info>
</gc-end>
<cycle-end id="109" type="scavenge" contextid="103" timestamp="2019-06-16T20:29:32.570" />
  <attribute name="elasticGC enabled" value="1" />
  <attribute name= "numThreadsSpecified" value="4" />
  <attribute name="heapSize specified" value="8388608" />
  <attribute name="Current GC Util" value="3" />
  <attribute name= "Current Time Running" value="12467" />
  <attribute name ="GC Interval" value="200" />
  <attribute name="ProportionalT" value="-8.500000" />
  <attribute name="ProportionalI" value="-8.500000" />
  <attribute name="ProportionalH" value="-8.500000" />
  <attribute name="Current Error" value="-17.000000" />
  <attribute name="IntegralT" value="-1598.000000" />
  <attribute name="IntegralI" value="-1598.000000" />
  <attribute name="IntegralH" value="-1598.000000" />
  <attribute name="DerivativeT" value="-0.143617" />
  <attribute name="DerivativeI" value="-0.143617" />
  <attribute name="DerivativeH" value="-0.143617" />
  <attribute name="Loop Time for DT" value="188.000000" />
  <attribute name="Output H" value="2092630016"/>
  <attribute name="Output I" value="200"/>
  <attribute name="Output T" value="4"/>
  <attribute name="Target GC Util Change" value ="20.000000" />
  <attribute name="Current GC Util Change" value="3.000000"/>
  <attribute name="GC Util currently" value="3" />
  <attribute name="CPU Util currently" value="0" />
<allocation-satisfied id="110" threadId="00000000021BD700" bytesRequested="112" />
<af-end id="111" timestamp="2019-06-16T20:29:32.570" threadId="00000000021BE088" success="true" from="nursery"/>
<exclusive-end id="112" timestamp="2019-06-16T20:29:32.570" durationms="5.792" />

<exclusive-start id="113" timestamp="2019-06-16T20:29:32.628" intervalms="63.367">
  <response-info timems="0.027" idlems="0.027" threads="0" lastid="00000000021BD700" lastname="main" />
</exclusive-start>
<af-start id="114" threadId="00000000021BE088" totalBytesRequested="1032" timestamp="2019-06-16T20:29:32.628" intervalms="63.367" type="nursery" />
<cycle-start id="115" type="scavenge" contextid="0" timestamp="2019-06-16T20:29:32.628" intervalms="63.366" />
<gc-start id="116" type="scavenge" contextid="115" timestamp="2019-06-16T20:29:32.628">
  <mem-info id="117" free="5373560" total="8388608" percent="64">
    <mem type="nursery" free="0" total="2097152" percent="0">
      <mem type="allocate" free="0" total="1376256" percent="0" />
      <mem type="survivor" free="0" total="720896" percent="0" />
    </mem>
    <mem type="tenure" free="5373560" total="6291456" percent="85">
      <mem type="soa" free="5059192" total="5977088" percent="84" />
      <mem type="loa" free="314368" total="314368" percent="100" />
    </mem>
    <remembered-set count="961" />
  </mem-info>
</gc-start>
<allocation-stats totalBytes="1071608" >
  <allocated-bytes non-tlh="34152" tlh="1037456" />
  <largest-consumer threadName="main" threadId="00000000021BD700" bytes="1071608" />
</allocation-stats>
<gc-op id="118" type="scavenge" timems="3.716" contextid="115" timestamp="2019-06-16T20:29:32.632">
  <scavenger-info tenureage="3" tenuremask="ffc8" tiltratio="65" />
  <memory-copied type="nursery" objects="2456" bytes="352424" bytesdiscarded="7816" />
  <references type="soft" candidates="3" cleared="0" enqueued="0" dynamicThreshold="28" maxThreshold="32" />
  <references type="weak" candidates="4" cleared="2" enqueued="2" />
  <references type="phantom" candidates="8" cleared="0" enqueued="0" />
</gc-op>
<gc-end id="119" type="scavenge" contextid="115" durationms="3.967" usertimems="0.000" systemtimems="0.000" timestamp="2019-06-16T20:29:32.632" activeThreads="4">
  <mem-info id="120" free="6586096" total="8388608" percent="78">
    <mem type="nursery" free="1212536" total="2097152" percent="57">
      <mem type="allocate" free="1212536" total="1572864" percent="77" />
      <mem type="survivor" free="0" total="524288" percent="0" />
    </mem>
    <mem type="tenure" free="5373560" total="6291456" percent="85" macro-fragmented="2592282">
      <mem type="soa" free="5059192" total="5977088" percent="84" />
      <mem type="loa" free="314368" total="314368" percent="100" />
    </mem>
    <pending-finalizers system="0" default="0" reference="2" classloader="0" />
    <remembered-set count="959" />
  </mem-info>
</gc-end>
<cycle-end id="121" type="scavenge" contextid="115" timestamp="2019-06-16T20:29:32.632" />
  <attribute name="elasticGC enabled" value="1" />
  <attribute name= "numThreadsSpecified" value="4" />
  <attribute name="heapSize specified" value="8388608" />
  <attribute name="Current GC Util" value="7" />
  <attribute name= "Current Time Running" value="12530" />
  <attribute name ="GC Interval" value="200" />
  <attribute name="ProportionalT" value="-6.500000" />
  <attribute name="ProportionalI" value="-6.500000" />
  <attribute name="ProportionalH" value="-6.500000" />
  <attribute name="Current Error" value="-13.000000" />
  <attribute name="IntegralT" value="-409.500000" />
  <attribute name="IntegralI" value="-409.500000" />
  <attribute name="IntegralH" value="-409.500000" />
  <attribute name="DerivativeT" value="-0.206349" />
  <attribute name="DerivativeI" value="-0.206349" />
  <attribute name="DerivativeH" value="-0.206349" />
  <attribute name="Loop Time for DT" value="63.000000" />
  <attribute name="Output H" value="2092630016"/>
  <attribute name="Output I" value="200"/>
  <attribute name="Output T" value="4"/>
  <attribute name="Target GC Util Change" value ="20.000000" />
  <attribute name="Current GC Util Change" value="7.000000"/>
  <attribute name="GC Util currently" value="7" />
  <attribute name="CPU Util currently" value="72775031907" />
<allocation-satisfied id="122" threadId="00000000021BD700" bytesRequested="1032" />
<af-end id="123" timestamp="2019-06-16T20:29:32.633" threadId="00000000021BE088" success="true" from="nursery"/>
<exclusive-end id="124" timestamp="2019-06-16T20:29:32.633" durationms="4.520" />

<exclusive-start id="125" timestamp="2019-06-16T20:29:32.991" intervalms="363.081">
  <response-info timems="0.034" idlems="0.034" threads="0" lastid="00000000021BD700" lastname="main" />
</exclusive-start>
<af-start id="126" threadId="00000000021BE088" totalBytesRequested="5168" timestamp="2019-06-16T20:29:32.991" intervalms="363.089" type="nursery" />
<cycle-start id="127" type="scavenge" contextid="0" timestamp="2019-06-16T20:29:32.991" intervalms="363.087" />
<gc-start id="128" type="scavenge" contextid="127" timestamp="2019-06-16T20:29:32.991">
  <mem-info id="129" free="5354040" total="8388608" percent="63">
    <mem type="nursery" free="0" total="2097152" percent="0">
      <mem type="allocate" free="0" total="1572864" percent="0" />
      <mem type="survivor" free="0" total="524288" percent="0" />
    </mem>
    <mem type="tenure" free="5354040" total="6291456" percent="85">
      <mem type="soa" free="5039672" total="5977088" percent="84" />
      <mem type="loa" free="314368" total="314368" percent="100" />
    </mem>
    <remembered-set count="1229" />
  </mem-info>
</gc-start>
<allocation-stats totalBytes="1222736" >
  <allocated-bytes non-tlh="20552" tlh="1202184" />
  <largest-consumer threadName="main" threadId="00000000021BD700" bytes="1222736" />
</allocation-stats>
<gc-op id="130" type="scavenge" timems="4.768" contextid="127" timestamp="2019-06-16T20:29:32.996">
  <scavenger-info tenureage="3" tenuremask="fff8" tiltratio="75" />
  <memory-copied type="nursery" objects="8602" bytes="524152" bytesdiscarded="32" />
  <memory-copied type="tenure" objects="5020" bytes="142232" bytesdiscarded="8" />
  <copy-failed type="nursery" objects="5020" bytes="142232" />
  <references type="soft" candidates="3" cleared="0" enqueued="0" dynamicThreshold="28" maxThreshold="32" />
  <references type="weak" candidates="8" cleared="7" enqueued="7" />
  <references type="phantom" candidates="9" cleared="2" enqueued="2" />
</gc-op>
<gc-end id="131" type="scavenge" contextid="127" durationms="5.037" usertimems="8.000" systemtimems="0.000" timestamp="2019-06-16T20:29:32.996" activeThreads="4">
  <mem-info id="132" free="5646392" total="8388608" percent="67">
    <mem type="nursery" free="524288" total="2097152" percent="25">
      <mem type="allocate" free="524288" total="1048576" percent="50" />
      <mem type="survivor" free="0" total="1048576" percent="0" />
    </mem>
    <mem type="tenure" free="5122104" total="6291456" percent="81" macro-fragmented="3110739">
      <mem type="soa" free="4807736" total="5977088" percent="80" />
      <mem type="loa" free="314368" total="314368" percent="100" />
    </mem>
    <pending-finalizers system="0" default="0" reference="9" classloader="0" />
    <remembered-set count="5600" />
  </mem-info>
</gc-end>
<cycle-end id="133" type="scavenge" contextid="127" timestamp="2019-06-16T20:29:32.997" />
  <attribute name="elasticGC enabled" value="1" />
  <attribute name= "numThreadsSpecified" value="4" />
  <attribute name="heapSize specified" value="8388608" />
  <attribute name="Current GC Util" value="1" />
  <attribute name= "Current Time Running" value="12893" />
  <attribute name ="GC Interval" value="200" />
  <attribute name="ProportionalT" value="-9.500000" />
  <attribute name="ProportionalI" value="-9.500000" />
  <attribute name="ProportionalH" value="-9.500000" />
  <attribute name="Current Error" value="-19.000000" />
  <attribute name="IntegralT" value="-3448.500000" />
  <attribute name="IntegralI" value="-3448.500000" />
  <attribute name="IntegralH" value="-3448.500000" />
  <attribute name="DerivativeT" value="-0.052342" />
  <attribute name="DerivativeI" value="-0.052342" />
  <attribute name="DerivativeH" value="-0.052342" />
  <attribute name="Loop Time for DT" value="363.000000" />
  <attribute name="Output H" value="2092630016"/>
  <attribute name="Output I" value="200"/>
  <attribute name="Output T" value="4"/>
  <attribute name="Target GC Util Change" value ="20.000000" />
  <attribute name="Current GC Util Change" value="1.000000"/>
  <attribute name="GC Util currently" value="1" />
  <attribute name="CPU Util currently" value="3" />
<allocation-satisfied id="134" threadId="00000000021BD700" bytesRequested="5168" />
<af-end id="135" timestamp="2019-06-16T20:29:32.997" threadId="00000000021BE088" success="true" from="nursery"/>
<exclusive-end id="136" timestamp="2019-06-16T20:29:32.997" durationms="5.711" />

<exclusive-start id="137" timestamp="2019-06-16T20:29:33.011" intervalms="20.037">
  <response-info timems="0.019" idlems="0.019" threads="0" lastid="00000000021BD700" lastname="main" />
</exclusive-start>
<af-start id="138" threadId="00000000021BE088" totalBytesRequested="47328" timestamp="2019-06-16T20:29:33.011" intervalms="20.057" type="nursery" />
<cycle-start id="139" type="scavenge" contextid="0" timestamp="2019-06-16T20:29:33.011" intervalms="20.084" />
<gc-start id="140" type="scavenge" contextid="139" timestamp="2019-06-16T20:29:33.011">
  <mem-info id="141" free="5104280" total="8388608" percent="60">
    <mem type="nursery" free="0" total="2097152" percent="0">
      <mem type="allocate" free="0" total="1048576" percent="0" />
      <mem type="survivor" free="0" total="1048576" percent="0" />
    </mem>
    <mem type="tenure" free="5104280" total="6291456" percent="81">
      <mem type="soa" free="4789912" total="5977088" percent="80" />
      <mem type="loa" free="314368" total="314368" percent="100" />
    </mem>
    <remembered-set count="5965" />
  </mem-info>
</gc-start>
<allocation-stats totalBytes="516488" >
  <allocated-bytes non-tlh="22992" tlh="493496" />
  <largest-consumer threadName="main" threadId="00000000021BD700" bytes="516488" />
</allocation-stats>
<gc-op id="142" type="scavenge" timems="4.325" contextid="139" timestamp="2019-06-16T20:29:33.016">
  <scavenger-info tenureage="3" tenuremask="fff8" tiltratio="50" />
  <memory-copied type="nursery" objects="7449" bytes="366888" bytesdiscarded="170064" />
  <memory-copied type="tenure" objects="2110" bytes="257592" bytesdiscarded="8" />
  <references type="weak" candidates="1" cleared="0" enqueued="0" />
  <references type="phantom" candidates="1" cleared="0" enqueued="0" />
</gc-op>
<heap-resize id="143" type="expand" space="nursery" amount="262144" count="1" timems="0.216" reason="excessive time being spent scavenging" timestamp="2019-06-16T20:29:33.016" />
<gc-end id="144" type="scavenge" contextid="139" durationms="5.029" usertimems="4.000" systemtimems="0.000" timestamp="2019-06-16T20:29:33.017" activeThreads="4">
  <mem-info id="145" free="5411256" total="8650752" percent="62">
    <mem type="nursery" free="642656" total="2359296" percent="27">
      <mem type="allocate" free="642656" total="1179648" percent="54" />
      <mem type="survivor" free="0" total="1179648" percent="0" />
    </mem>
    <mem type="tenure" free="4768600" total="6291456" percent="75" macro-fragmented="2160235">
      <mem type="soa" free="4454232" total="5977088" percent="74" />
      <mem type="loa" free="314368" total="314368" percent="100" />
    </mem>
    <remembered-set count="5521" />
  </mem-info>
</gc-end>
<cycle-end id="146" type="scavenge" contextid="139" timestamp="2019-06-16T20:29:33.017" />
  <attribute name="elasticGC enabled" value="1" />
  <attribute name= "numThreadsSpecified" value="4" />
  <attribute name="heapSize specified" value="8388608" />
  <attribute name="Current GC Util" value="24" />
  <attribute name= "Current Time Running" value="12914" />
  <attribute name ="GC Interval" value="200" />
  <attribute name="ProportionalT" value="2.000000" />
  <attribute name="ProportionalI" value="2.000000" />
  <attribute name="ProportionalH" value="2.000000" />
  <attribute name="Current Error" value="4.000000" />
  <attribute name="IntegralT" value="42.000000" />
  <attribute name="IntegralI" value="42.000000" />
  <attribute name="IntegralH" value="42.000000" />
  <attribute name="DerivativeT" value="0.190476" />
  <attribute name="DerivativeI" value="0.190476" />
  <attribute name="DerivativeH" value="0.190476" />
  <attribute name="Loop Time for DT" value="21.000000" />
  <attribute name="Output H" value="8388608"/>
  <attribute name="Output I" value="200"/>
  <attribute name="Output T" value="4"/>
  <attribute name="Target GC Util Change" value ="20.000000" />
  <attribute name="Current GC Util Change" value="24.000000"/>
  <attribute name="GC Util currently" value="24" />
  <attribute name="CPU Util currently" value="228512990547" />
<allocation-satisfied id="147" threadId="00000000021BD700" bytesRequested="47328" />
<af-end id="148" timestamp="2019-06-16T20:29:33.017" threadId="00000000021BE088" success="true" from="nursery"/>
<exclusive-end id="149" timestamp="2019-06-16T20:29:33.017" durationms="5.724" />

<exclusive-start id="150" timestamp="2019-06-16T20:29:33.127" intervalms="115.430">
  <response-info timems="0.026" idlems="0.026" threads="0" lastid="00000000021BD700" lastname="main" />
</exclusive-start>
<af-start id="151" threadId="00000000021BE088" totalBytesRequested="16" timestamp="2019-06-16T20:29:33.127" intervalms="115.405" type="nursery" />
<cycle-start id="152" type="scavenge" contextid="0" timestamp="2019-06-16T20:29:33.127" intervalms="115.378" />
<gc-start id="153" type="scavenge" contextid="152" timestamp="2019-06-16T20:29:33.127">
  <mem-info id="154" free="4756112" total="8650752" percent="54">
    <mem type="nursery" free="0" total="2359296" percent="0">
      <mem type="allocate" free="0" total="1179648" percent="0" />
      <mem type="survivor" free="0" total="1179648" percent="0" />
    </mem>
    <mem type="tenure" free="4756112" total="6291456" percent="75">
      <mem type="soa" free="4441744" total="5977088" percent="74" />
      <mem type="loa" free="314368" total="314368" percent="100" />
    </mem>
    <remembered-set count="5669" />
  </mem-info>
</gc-start>
<allocation-stats totalBytes="654448" >
  <allocated-bytes non-tlh="59816" tlh="594632" />
  <largest-consumer threadName="main" threadId="00000000021BD700" bytes="654448" />
</allocation-stats>
<gc-op id="155" type="scavenge" timems="3.338" contextid="152" timestamp="2019-06-16T20:29:33.130">
  <scavenger-info tenureage="3" tenuremask="fff8" tiltratio="50" />
  <memory-copied type="nursery" objects="7715" bytes="298072" bytesdiscarded="48368" />
  <memory-copied type="tenure" objects="165" bytes="51336" bytesdiscarded="0" />
  <references type="weak" candidates="2" cleared="2" enqueued="2" />
</gc-op>
<gc-end id="156" type="scavenge" contextid="152" durationms="3.591" usertimems="4.000" systemtimems="0.000" timestamp="2019-06-16T20:29:33.130" activeThreads="4">
  <mem-info id="157" free="5748976" total="8650752" percent="66">
    <mem type="nursery" free="1029768" total="2359296" percent="43">
      <mem type="allocate" free="1029768" total="1376256" percent="74" />
      <mem type="survivor" free="0" total="983040" percent="0" />
    </mem>
    <mem type="tenure" free="4719208" total="6291456" percent="75" macro-fragmented="2592282">
      <mem type="soa" free="4404840" total="5977088" percent="73" />
      <mem type="loa" free="314368" total="314368" percent="100" />
    </mem>
    <pending-finalizers system="0" default="0" reference="2" classloader="0" />
    <remembered-set count="5412" />
  </mem-info>
</gc-end>
<cycle-end id="158" type="scavenge" contextid="152" timestamp="2019-06-16T20:29:33.130" />
  <attribute name="elasticGC enabled" value="1" />
  <attribute name= "numThreadsSpecified" value="4" />
  <attribute name="heapSize specified" value="8388608" />
  <attribute name="Current GC Util" value="4" />
  <attribute name= "Current Time Running" value="13029" />
  <attribute name ="GC Interval" value="200" />
  <attribute name="ProportionalT" value="-8.000000" />
  <attribute name="ProportionalI" value="-8.000000" />
  <attribute name="ProportionalH" value="-8.000000" />
  <attribute name="Current Error" value="-16.000000" />
  <attribute name="IntegralT" value="-920.000000" />
  <attribute name="IntegralI" value="-920.000000" />
  <attribute name="IntegralH" value="-920.000000" />
  <attribute name="DerivativeT" value="-0.173913" />
  <attribute name="DerivativeI" value="-0.173913" />
  <attribute name="DerivativeH" value="-0.173913" />
  <attribute name="Loop Time for DT" value="115.000000" />
  <attribute name="Output H" value="2092630016"/>
  <attribute name="Output I" value="200"/>
  <attribute name="Output T" value="4"/>
  <attribute name="Target GC Util Change" value ="20.000000" />
  <attribute name="Current GC Util Change" value="4.000000"/>
  <attribute name="GC Util currently" value="4" />
  <attribute name="CPU Util currently" value="40003427910" />
<allocation-satisfied id="159" threadId="00000000021BD700" bytesRequested="16" />
<af-end id="160" timestamp="2019-06-16T20:29:33.131" threadId="00000000021BE088" success="true" from="nursery"/>
<exclusive-end id="161" timestamp="2019-06-16T20:29:33.131" durationms="4.036" />

<exclusive-start id="162" timestamp="2019-06-16T20:29:33.161" intervalms="34.282">
  <response-info timems="0.027" idlems="0.027" threads="0" lastid="00000000021BD700" lastname="main" />
</exclusive-start>
<af-start id="163" threadId="00000000021BE088" totalBytesRequested="2112" timestamp="2019-06-16T20:29:33.161" intervalms="34.420" type="nursery" />
<cycle-start id="164" type="scavenge" contextid="0" timestamp="2019-06-16T20:29:33.161" intervalms="34.420" />
<gc-start id="165" type="scavenge" contextid="164" timestamp="2019-06-16T20:29:33.161">
  <mem-info id="166" free="4695928" total="8650752" percent="54">
    <mem type="nursery" free="0" total="2359296" percent="0">
      <mem type="allocate" free="0" total="1376256" percent="0" />
      <mem type="survivor" free="0" total="983040" percent="0" />
    </mem>
    <mem type="tenure" free="4695928" total="6291456" percent="74">
      <mem type="soa" free="4381560" total="5977088" percent="73" />
      <mem type="loa" free="314368" total="314368" percent="100" />
    </mem>
    <remembered-set count="5703" />
  </mem-info>
</gc-start>
<allocation-stats totalBytes="1050360" >
  <allocated-bytes non-tlh="23296" tlh="1027064" />
  <largest-consumer threadName="main" threadId="00000000021BD700" bytes="1050360" />
</allocation-stats>
<gc-op id="167" type="scavenge" timems="4.295" contextid="164" timestamp="2019-06-16T20:29:33.166">
  <scavenger-info tenureage="3" tenuremask="fff8" tiltratio="58" />
  <memory-copied type="nursery" objects="3301" bytes="170400" bytesdiscarded="87376" />
  <memory-copied type="tenure" objects="6252" bytes="207192" bytesdiscarded="8" />
  <references type="weak" candidates="1" cleared="0" enqueued="0" />
  <references type="phantom" candidates="1" cleared="0" enqueued="0" />
</gc-op>
<heap-resize id="168" type="expand" space="nursery" amount="131072" count="1" timems="0.014" reason="excessive time being spent scavenging" timestamp="2019-06-16T20:29:33.166" />
<gc-end id="169" type="scavenge" contextid="164" durationms="4.700" usertimems="4.000" systemtimems="0.000" timestamp="2019-06-16T20:29:33.166" activeThreads="4">
  <mem-info id="170" free="5945184" total="8781824" percent="67">
    <mem type="nursery" free="1380584" total="2490368" percent="55">
      <mem type="allocate" free="1380584" total="1638400" percent="84" />
      <mem type="survivor" free="0" total="851968" percent="0" />
    </mem>
    <mem type="tenure" free="4564600" total="6291456" percent="72" macro-fragmented="3110739">
      <mem type="soa" free="4250232" total="5977088" percent="71" />
      <mem type="loa" free="314368" total="314368" percent="100" />
    </mem>
    <remembered-set count="525" />
  </mem-info>
</gc-end>
<cycle-end id="171" type="scavenge" contextid="164" timestamp="2019-06-16T20:29:33.166" />
  <attribute name="elasticGC enabled" value="1" />
  <attribute name= "numThreadsSpecified" value="4" />
  <attribute name="heapSize specified" value="8388608" />
  <attribute name="Current GC Util" value="10" />
  <attribute name= "Current Time Running" value="13063" />
  <attribute name ="GC Interval" value="200" />
  <attribute name="ProportionalT" value="-5.000000" />
  <attribute name="ProportionalI" value="-5.000000" />
  <attribute name="ProportionalH" value="-5.000000" />
  <attribute name="Current Error" value="-10.000000" />
  <attribute name="IntegralT" value="-170.000000" />
  <attribute name="IntegralI" value="-170.000000" />
  <attribute name="IntegralH" value="-170.000000" />
  <attribute name="DerivativeT" value="-0.294118" />
  <attribute name="DerivativeI" value="-0.294118" />
  <attribute name="DerivativeH" value="-0.294118" />
  <attribute name="Loop Time for DT" value="34.000000" />
  <attribute name="Output H" value="2092630016"/>
  <attribute name="Output I" value="200"/>
  <attribute name="Output T" value="4"/>
  <attribute name="Target GC Util Change" value ="20.000000" />
  <attribute name="Current GC Util Change" value="10.000000"/>
  <attribute name="GC Util currently" value="10" />
  <attribute name="CPU Util currently" value="133771689291" />
<allocation-satisfied id="172" threadId="00000000021BD700" bytesRequested="2112" />
<af-end id="173" timestamp="2019-06-16T20:29:33.166" threadId="00000000021BE088" success="true" from="nursery"/>
<exclusive-end id="174" timestamp="2019-06-16T20:29:33.166" durationms="5.568" />

<exclusive-start id="175" timestamp="2019-06-16T20:29:33.547" intervalms="386.153">
  <response-info timems="0.032" idlems="0.032" threads="0" lastid="000000000247AD00" lastname="node-1" />
</exclusive-start>
<af-start id="176" threadId="000000000247B688" totalBytesRequested="24" timestamp="2019-06-16T20:29:33.547" intervalms="386.030" type="nursery" />
<cycle-start id="177" type="scavenge" contextid="0" timestamp="2019-06-16T20:29:33.547" intervalms="386.028" />
<gc-start id="178" type="scavenge" contextid="177" timestamp="2019-06-16T20:29:33.547">
  <mem-info id="179" free="4561760" total="8781824" percent="51">
    <mem type="nursery" free="0" total="2490368" percent="0">
      <mem type="allocate" free="0" total="1638400" percent="0" />
      <mem type="survivor" free="0" total="851968" percent="0" />
    </mem>
    <mem type="tenure" free="4561760" total="6291456" percent="72">
      <mem type="soa" free="4247392" total="5977088" percent="71" />
      <mem type="loa" free="314368" total="314368" percent="100" />
    </mem>
    <remembered-set count="575" />
  </mem-info>
</gc-start>
<allocation-stats totalBytes="1381896" >
  <allocated-bytes non-tlh="12328" tlh="1369568" />
  <largest-consumer threadName="main" threadId="00000000021BD700" bytes="492264" />
</allocation-stats>
<gc-op id="180" type="scavenge" timems="0.930" contextid="177" timestamp="2019-06-16T20:29:33.548">
  <scavenger-info tenureage="4" tenuremask="fff0" tiltratio="65" />
  <memory-copied type="nursery" objects="16332" bytes="616808" bytesdiscarded="100272" />
  <references type="weak" candidates="2" cleared="2" enqueued="2" />
</gc-op>
<gc-end id="181" type="scavenge" contextid="177" durationms="1.146" usertimems="4.000" systemtimems="0.000" timestamp="2019-06-16T20:29:33.548" activeThreads="4">
  <mem-info id="182" free="5220872" total="8781824" percent="59">
    <mem type="nursery" free="659112" total="2490368" percent="26">
      <mem type="allocate" free="659112" total="1376256" percent="47" />
      <mem type="survivor" free="0" total="1114112" percent="0" />
    </mem>
    <mem type="tenure" free="4561760" total="6291456" percent="72" macro-fragmented="3732887">
      <mem type="soa" free="4247392" total="5977088" percent="71" />
      <mem type="loa" free="314368" total="314368" percent="100" />
    </mem>
    <pending-finalizers system="0" default="0" reference="2" classloader="0" />
    <remembered-set count="445" />
  </mem-info>
</gc-end>
<cycle-end id="183" type="scavenge" contextid="177" timestamp="2019-06-16T20:29:33.549" />
  <attribute name="elasticGC enabled" value="1" />
  <attribute name= "numThreadsSpecified" value="4" />
  <attribute name="heapSize specified" value="8388608" />
  <attribute name="Current GC Util" value="1" />
  <attribute name= "Current Time Running" value="13449" />
  <attribute name ="GC Interval" value="200" />
  <attribute name="ProportionalT" value="-9.500000" />
  <attribute name="ProportionalI" value="-9.500000" />
  <attribute name="ProportionalH" value="-9.500000" />
  <attribute name="Current Error" value="-19.000000" />
  <attribute name="IntegralT" value="-3667.000000" />
  <attribute name="IntegralI" value="-3667.000000" />
  <attribute name="IntegralH" value="-3667.000000" />
  <attribute name="DerivativeT" value="-0.049223" />
  <attribute name="DerivativeI" value="-0.049223" />
  <attribute name="DerivativeH" value="-0.049223" />
  <attribute name="Loop Time for DT" value="386.000000" />
  <attribute name="Output H" value="2092630016"/>
  <attribute name="Output I" value="200"/>
  <attribute name="Output T" value="4"/>
  <attribute name="Target GC Util Change" value ="20.000000" />
  <attribute name="Current GC Util Change" value="1.000000"/>
  <attribute name="GC Util currently" value="1" />
  <attribute name="CPU Util currently" value="19" />
<allocation-satisfied id="184" threadId="000000000247AD00" bytesRequested="24" />
<af-end id="185" timestamp="2019-06-16T20:29:33.549" threadId="000000000247B688" success="true" from="nursery"/>
<exclusive-end id="186" timestamp="2019-06-16T20:29:33.549" durationms="1.753" />

<exclusive-start id="187" timestamp="2019-06-16T20:29:33.776" intervalms="229.133">
  <response-info timems="0.066" idlems="0.066" threads="0" lastid="000000000247AD00" lastname="node-1" />
</exclusive-start>
<af-start id="188" threadId="000000000247B688" totalBytesRequested="24" timestamp="2019-06-16T20:29:33.776" intervalms="229.162" type="nursery" />
<cycle-start id="189" type="scavenge" contextid="0" timestamp="2019-06-16T20:29:33.776" intervalms="229.215" />
<gc-start id="190" type="scavenge" contextid="189" timestamp="2019-06-16T20:29:33.777">
  <mem-info id="191" free="4561760" total="8781824" percent="51">
    <mem type="nursery" free="0" total="2490368" percent="0">
      <mem type="allocate" free="0" total="1376256" percent="0" />
      <mem type="survivor" free="0" total="1114112" percent="0" />
    </mem>
    <mem type="tenure" free="4561760" total="6291456" percent="72">
      <mem type="soa" free="4247392" total="5977088" percent="71" />
      <mem type="loa" free="314368" total="314368" percent="100" />
    </mem>
    <remembered-set count="445" />
  </mem-info>
</gc-start>
<allocation-stats totalBytes="658464" >
  <allocated-bytes non-tlh="24" tlh="658440" />
  <largest-consumer threadName="node-0" threadId="0000000002477100" bytes="224896" />
</allocation-stats>
<gc-op id="192" type="scavenge" timems="1.231" contextid="189" timestamp="2019-06-16T20:29:33.778">
  <scavenger-info tenureage="3" tenuremask="fff8" tiltratio="55" />
  <memory-copied type="nursery" objects="21949" bytes="695272" bytesdiscarded="153400" />
  <memory-copied type="tenure" objects="1326" bytes="88136" bytesdiscarded="0" />
</gc-op>
<gc-end id="193" type="scavenge" contextid="189" durationms="1.557" usertimems="0.000" systemtimems="0.000" timestamp="2019-06-16T20:29:33.778" activeThreads="4">
  <mem-info id="194" free="5078504" total="8781824" percent="57">
    <mem type="nursery" free="724144" total="2490368" percent="29">
      <mem type="allocate" free="724144" total="1572864" percent="46" />
      <mem type="survivor" free="0" total="917504" percent="0" />
    </mem>
    <mem type="tenure" free="4354360" total="6291456" percent="69" macro-fragmented="5266">
      <mem type="soa" free="4039992" total="5977088" percent="67" />
      <mem type="loa" free="314368" total="314368" percent="100" />
    </mem>
    <remembered-set count="178" />
  </mem-info>
</gc-end>
<cycle-end id="195" type="scavenge" contextid="189" timestamp="2019-06-16T20:29:33.778" />
  <attribute name="elasticGC enabled" value="1" />
  <attribute name= "numThreadsSpecified" value="4" />
  <attribute name="heapSize specified" value="8388608" />
  <attribute name="Current GC Util" value="0" />
  <attribute name= "Current Time Running" value="13679" />
  <attribute name ="GC Interval" value="200" />
  <attribute name="ProportionalT" value="-10.000000" />
  <attribute name="ProportionalI" value="-10.000000" />
  <attribute name="ProportionalH" value="-10.000000" />
  <attribute name="Current Error" value="-20.000000" />
  <attribute name="IntegralT" value="-2300.000000" />
  <attribute name="IntegralI" value="-2300.000000" />
  <attribute name="IntegralH" value="-2300.000000" />
  <attribute name="DerivativeT" value="-0.086957" />
  <attribute name="DerivativeI" value="-0.086957" />
  <attribute name="DerivativeH" value="-0.086957" />
  <attribute name="Loop Time for DT" value="230.000000" />
  <attribute name="Output H" value="2092630016"/>
  <attribute name="Output I" value="200"/>
  <attribute name="Output T" value="4"/>
  <attribute name="Target GC Util Change" value ="20.000000" />
  <attribute name="Current GC Util Change" value="0.000000"/>
  <attribute name="GC Util currently" value="0" />
  <attribute name="CPU Util currently" value="20114029092" />
<allocation-satisfied id="196" threadId="000000000247AD00" bytesRequested="24" />
<af-end id="197" timestamp="2019-06-16T20:29:33.778" threadId="000000000247B688" success="true" from="nursery"/>
<exclusive-end id="198" timestamp="2019-06-16T20:29:33.778" durationms="2.179" />

<exclusive-start id="199" timestamp="2019-06-16T20:29:34.009" intervalms="232.677">
  <response-info timems="0.027" idlems="0.027" threads="0" lastid="0000000002473500" lastname="node-2" />
</exclusive-start>
<af-start id="200" threadId="0000000002473E88" totalBytesRequested="32" timestamp="2019-06-16T20:29:34.009" intervalms="232.635" type="nursery" />
<cycle-start id="201" type="scavenge" contextid="0" timestamp="2019-06-16T20:29:34.009" intervalms="232.591" />
<gc-start id="202" type="scavenge" contextid="201" timestamp="2019-06-16T20:29:34.009">
  <mem-info id="203" free="4354360" total="8781824" percent="49">
    <mem type="nursery" free="0" total="2490368" percent="0">
      <mem type="allocate" free="0" total="1572864" percent="0" />
      <mem type="survivor" free="0" total="917504" percent="0" />
    </mem>
    <mem type="tenure" free="4354360" total="6291456" percent="69">
      <mem type="soa" free="4039992" total="5977088" percent="67" />
      <mem type="loa" free="314368" total="314368" percent="100" />
    </mem>
    <remembered-set count="178" />
  </mem-info>
</gc-start>
<allocation-stats totalBytes="723912" >
  <allocated-bytes non-tlh="24" tlh="723888" />
  <largest-consumer threadName="node-1" threadId="000000000247AD00" bytes="257040" />
</allocation-stats>
<gc-op id="204" type="scavenge" timems="1.674" contextid="201" timestamp="2019-06-16T20:29:34.011">
  <scavenger-info tenureage="2" tenuremask="fffc" tiltratio="63" />
  <memory-copied type="nursery" objects="14141" bytes="339264" bytesdiscarded="52416" />
  <memory-copied type="tenure" objects="14983" bytes="528208" bytesdiscarded="32" />
</gc-op>
<gc-end id="205" type="scavenge" contextid="201" durationms="2.093" usertimems="0.000" systemtimems="0.000" timestamp="2019-06-16T20:29:34.011" activeThreads="4">
  <mem-info id="206" free="4986048" total="8781824" percent="56">
    <mem type="nursery" free="1181184" total="2490368" percent="47">
      <mem type="allocate" free="1181184" total="1572864" percent="75" />
      <mem type="survivor" free="0" total="917504" percent="0" />
    </mem>
    <mem type="tenure" free="3804864" total="6291456" percent="60" macro-fragmented="1800196">
      <mem type="soa" free="3490496" total="5977088" percent="58" />
      <mem type="loa" free="314368" total="314368" percent="100" />
    </mem>
    <remembered-set count="102" />
  </mem-info>
</gc-end>
<cycle-end id="207" type="scavenge" contextid="201" timestamp="2019-06-16T20:29:34.011" />
  <attribute name="elasticGC enabled" value="1" />
  <attribute name= "numThreadsSpecified" value="4" />
  <attribute name="heapSize specified" value="8388608" />
  <attribute name="Current GC Util" value="0" />
  <attribute name= "Current Time Running" value="13911" />
  <attribute name ="GC Interval" value="200" />
  <attribute name="ProportionalT" value="-10.000000" />
  <attribute name="ProportionalI" value="-10.000000" />
  <attribute name="ProportionalH" value="-10.000000" />
  <attribute name="Current Error" value="-20.000000" />
  <attribute name="IntegralT" value="-2320.000000" />
  <attribute name="IntegralI" value="-2320.000000" />
  <attribute name="IntegralH" value="-2320.000000" />
  <attribute name="DerivativeT" value="-0.086207" />
  <attribute name="DerivativeI" value="-0.086207" />
  <attribute name="DerivativeH" value="-0.086207" />
  <attribute name="Loop Time for DT" value="232.000000" />
  <attribute name="Output H" value="2092630016"/>
  <attribute name="Output I" value="200"/>
  <attribute name="Output T" value="4"/>
  <attribute name="Target GC Util Change" value ="20.000000" />
  <attribute name="Current GC Util Change" value="0.000000"/>
  <attribute name="GC Util currently" value="0" />
  <attribute name="CPU Util currently" value="11" />
<allocation-satisfied id="208" threadId="0000000002473500" bytesRequested="32" />
<af-end id="209" timestamp="2019-06-16T20:29:34.012" threadId="0000000002473E88" success="true" from="nursery"/>
<exclusive-end id="210" timestamp="2019-06-16T20:29:34.012" durationms="2.789" />

<exclusive-start id="211" timestamp="2019-06-16T20:29:34.373" intervalms="364.281">
  <response-info timems="0.031" idlems="0.031" threads="0" lastid="000000000247AD00" lastname="node-1" />
</exclusive-start>
<af-start id="212" threadId="000000000247B688" totalBytesRequested="32" timestamp="2019-06-16T20:29:34.373" intervalms="364.270" type="nursery" />
<cycle-start id="213" type="scavenge" contextid="0" timestamp="2019-06-16T20:29:34.373" intervalms="364.256" />
<gc-start id="214" type="scavenge" contextid="213" timestamp="2019-06-16T20:29:34.373">
  <mem-info id="215" free="3804864" total="8781824" percent="43">
    <mem type="nursery" free="0" total="2490368" percent="0">
      <mem type="allocate" free="0" total="1572864" percent="0" />
      <mem type="survivor" free="0" total="917504" percent="0" />
    </mem>
    <mem type="tenure" free="3804864" total="6291456" percent="60">
      <mem type="soa" free="3490496" total="5977088" percent="58" />
      <mem type="loa" free="314368" total="314368" percent="100" />
    </mem>
    <remembered-set count="113" />
  </mem-info>
</gc-start>
<allocation-stats totalBytes="1180600" >
  <allocated-bytes non-tlh="32" tlh="1180568" />
  <largest-consumer threadName="node-2" threadId="0000000002473500" bytes="405488" />
</allocation-stats>
<gc-op id="216" type="scavenge" timems="1.450" contextid="213" timestamp="2019-06-16T20:29:34.375">
  <scavenger-info tenureage="2" tenuremask="fffc" tiltratio="63" />
  <memory-copied type="nursery" objects="19680" bytes="472200" bytesdiscarded="36984" />
  <memory-copied type="tenure" objects="6951" bytes="166824" bytesdiscarded="16" />
</gc-op>
<gc-end id="217" type="scavenge" contextid="213" durationms="1.686" usertimems="0.000" systemtimems="0.000" timestamp="2019-06-16T20:29:34.375" activeThreads="4">
  <mem-info id="218" free="4855744" total="8781824" percent="55">
    <mem type="nursery" free="1129216" total="2490368" percent="45">
      <mem type="allocate" free="1129216" total="1638400" percent="68" />
      <mem type="survivor" free="0" total="851968" percent="0" />
    </mem>
    <mem type="tenure" free="3726528" total="6291456" percent="59" macro-fragmented="2160235">
      <mem type="soa" free="3412160" total="5977088" percent="57" />
      <mem type="loa" free="314368" total="314368" percent="100" />
    </mem>
    <remembered-set count="102" />
  </mem-info>
</gc-end>
<cycle-end id="219" type="scavenge" contextid="213" timestamp="2019-06-16T20:29:34.375" />
  <attribute name="elasticGC enabled" value="1" />
  <attribute name= "numThreadsSpecified" value="4" />
  <attribute name="heapSize specified" value="8388608" />
  <attribute name="Current GC Util" value="0" />
  <attribute name= "Current Time Running" value="14275" />
  <attribute name ="GC Interval" value="200" />
  <attribute name="ProportionalT" value="-10.000000" />
  <attribute name="ProportionalI" value="-10.000000" />
  <attribute name="ProportionalH" value="-10.000000" />
  <attribute name="Current Error" value="-20.000000" />
  <attribute name="IntegralT" value="-3640.000000" />
  <attribute name="IntegralI" value="-3640.000000" />
  <attribute name="IntegralH" value="-3640.000000" />
  <attribute name="DerivativeT" value="-0.054945" />
  <attribute name="DerivativeI" value="-0.054945" />
  <attribute name="DerivativeH" value="-0.054945" />
  <attribute name="Loop Time for DT" value="364.000000" />
  <attribute name="Output H" value="2092630016"/>
  <attribute name="Output I" value="200"/>
  <attribute name="Output T" value="4"/>
  <attribute name="Target GC Util Change" value ="20.000000" />
  <attribute name="Current GC Util Change" value="0.000000"/>
  <attribute name="GC Util currently" value="0" />
  <attribute name="CPU Util currently" value="6" />
<allocation-satisfied id="220" threadId="000000000247AD00" bytesRequested="32" />
<af-end id="221" timestamp="2019-06-16T20:29:34.375" threadId="000000000247B688" success="true" from="nursery"/>
<exclusive-end id="222" timestamp="2019-06-16T20:29:34.375" durationms="2.093" />

<exclusive-start id="223" timestamp="2019-06-16T20:29:34.754" intervalms="380.483">
  <response-info timems="0.085" idlems="0.085" threads="0" lastid="0000000002473500" lastname="node-2" />
</exclusive-start>
<af-start id="224" threadId="0000000002473E88" totalBytesRequested="24" timestamp="2019-06-16T20:29:34.754" intervalms="380.541" type="nursery" />
<cycle-start id="225" type="scavenge" contextid="0" timestamp="2019-06-16T20:29:34.754" intervalms="380.604" />
<gc-start id="226" type="scavenge" contextid="225" timestamp="2019-06-16T20:29:34.754">
  <mem-info id="227" free="3726528" total="8781824" percent="42">
    <mem type="nursery" free="0" total="2490368" percent="0">
      <mem type="allocate" free="0" total="1638400" percent="0" />
      <mem type="survivor" free="0" total="851968" percent="0" />
    </mem>
    <mem type="tenure" free="3726528" total="6291456" percent="59">
      <mem type="soa" free="3412160" total="5977088" percent="57" />
      <mem type="loa" free="314368" total="314368" percent="100" />
    </mem>
    <remembered-set count="113" />
  </mem-info>
</gc-start>
<allocation-stats totalBytes="1127760" >
  <allocated-bytes non-tlh="32" tlh="1127728" />
  <largest-consumer threadName="node-0" threadId="0000000002477100" bytes="376768" />
</allocation-stats>
<gc-op id="228" type="scavenge" timems="1.745" contextid="225" timestamp="2019-06-16T20:29:34.756">
  <scavenger-info tenureage="2" tenuremask="7ffc" tiltratio="65" />
  <memory-copied type="nursery" objects="24421" bytes="586496" bytesdiscarded="40192" />
  <memory-copied type="tenure" objects="7175" bytes="172200" bytesdiscarded="0" />
</gc-op>
<gc-end id="229" type="scavenge" contextid="225" durationms="2.405" usertimems="0.000" systemtimems="0.000" timestamp="2019-06-16T20:29:34.756" activeThreads="4">
  <mem-info id="230" free="4607936" total="8781824" percent="52">
    <mem type="nursery" free="1077248" total="2490368" percent="43">
      <mem type="allocate" free="1077248" total="1703936" percent="63" />
      <mem type="survivor" free="0" total="786432" percent="0" />
    </mem>
    <mem type="tenure" free="3530688" total="6291456" percent="56" macro-fragmented="2160235">
      <mem type="soa" free="3216320" total="5977088" percent="53" />
      <mem type="loa" free="314368" total="314368" percent="100" />
    </mem>
    <remembered-set count="104" />
  </mem-info>
</gc-end>
<cycle-end id="231" type="scavenge" contextid="225" timestamp="2019-06-16T20:29:34.757" />
  <attribute name="elasticGC enabled" value="1" />
  <attribute name= "numThreadsSpecified" value="4" />
  <attribute name="heapSize specified" value="8388608" />
  <attribute name="Current GC Util" value="0" />
  <attribute name= "Current Time Running" value="14656" />
  <attribute name ="GC Interval" value="200" />
  <attribute name="ProportionalT" value="-10.000000" />
  <attribute name="ProportionalI" value="-10.000000" />
  <attribute name="ProportionalH" value="-10.000000" />
  <attribute name="Current Error" value="-20.000000" />
  <attribute name="IntegralT" value="-3810.000000" />
  <attribute name="IntegralI" value="-3810.000000" />
  <attribute name="IntegralH" value="-3810.000000" />
  <attribute name="DerivativeT" value="-0.052493" />
  <attribute name="DerivativeI" value="-0.052493" />
  <attribute name="DerivativeH" value="-0.052493" />
  <attribute name="Loop Time for DT" value="381.000000" />
  <attribute name="Output H" value="2092630016"/>
  <attribute name="Output I" value="200"/>
  <attribute name="Output T" value="4"/>
  <attribute name="Target GC Util Change" value ="20.000000" />
  <attribute name="Current GC Util Change" value="0.000000"/>
  <attribute name="GC Util currently" value="0" />
  <attribute name="CPU Util currently" value="4" />
<allocation-satisfied id="232" threadId="0000000002473500" bytesRequested="24" />
<af-end id="233" timestamp="2019-06-16T20:29:34.757" threadId="0000000002473E88" success="true" from="nursery"/>
<exclusive-end id="234" timestamp="2019-06-16T20:29:34.757" durationms="3.269" />

<exclusive-start id="235" timestamp="2019-06-16T20:29:35.100" intervalms="346.372">
  <response-info timems="0.028" idlems="0.028" threads="0" lastid="0000000002477100" lastname="node-0" />
</exclusive-start>
<af-start id="236" threadId="0000000002477A88" totalBytesRequested="32" timestamp="2019-06-16T20:29:35.100" intervalms="346.325" type="nursery" />
<cycle-start id="237" type="scavenge" contextid="0" timestamp="2019-06-16T20:29:35.100" intervalms="346.275" />
<gc-start id="238" type="scavenge" contextid="237" timestamp="2019-06-16T20:29:35.100">
  <mem-info id="239" free="3530688" total="8781824" percent="40">
    <mem type="nursery" free="0" total="2490368" percent="0">
      <mem type="allocate" free="0" total="1703936" percent="0" />
      <mem type="survivor" free="0" total="786432" percent="0" />
    </mem>
    <mem type="tenure" free="3530688" total="6291456" percent="56">
      <mem type="soa" free="3216320" total="5977088" percent="53" />
      <mem type="loa" free="314368" total="314368" percent="100" />
    </mem>
    <remembered-set count="111" />
  </mem-info>
</gc-start>
<allocation-stats totalBytes="1076368" >
  <allocated-bytes non-tlh="24" tlh="1076344" />
  <largest-consumer threadName="node-2" threadId="0000000002473500" bytes="372664" />
</allocation-stats>
<gc-op id="240" type="scavenge" timems="2.007" contextid="237" timestamp="2019-06-16T20:29:35.102">
  <scavenger-info tenureage="1" tenuremask="7ffe" tiltratio="68" />
  <memory-copied type="nursery" objects="11491" bytes="275664" bytesdiscarded="37680" />
  <memory-copied type="tenure" objects="24399" bytes="585576" bytesdiscarded="0" />
</gc-op>
<gc-end id="241" type="scavenge" contextid="237" durationms="2.249" usertimems="4.000" systemtimems="0.000" timestamp="2019-06-16T20:29:35.102" activeThreads="4">
  <mem-info id="242" free="4333760" total="8781824" percent="49">
    <mem type="nursery" free="1390592" total="2490368" percent="55">
      <mem type="allocate" free="1390592" total="1703936" percent="81" />
      <mem type="survivor" free="0" total="786432" percent="0" />
    </mem>
    <mem type="tenure" free="2943168" total="6291456" percent="46" macro-fragmented="2592282">
      <mem type="soa" free="2628800" total="5977088" percent="43" />
      <mem type="loa" free="314368" total="314368" percent="100" />
    </mem>
    <remembered-set count="96" />
  </mem-info>
</gc-end>
<cycle-end id="243" type="scavenge" contextid="237" timestamp="2019-06-16T20:29:35.103" />
  <attribute name="elasticGC enabled" value="1" />
  <attribute name= "numThreadsSpecified" value="4" />
  <attribute name="heapSize specified" value="8388608" />
  <attribute name="Current GC Util" value="0" />
  <attribute name= "Current Time Running" value="15002" />
  <attribute name ="GC Interval" value="200" />
  <attribute name="ProportionalT" value="-10.000000" />
  <attribute name="ProportionalI" value="-10.000000" />
  <attribute name="ProportionalH" value="-10.000000" />
  <attribute name="Current Error" value="-20.000000" />
  <attribute name="IntegralT" value="-3460.000000" />
  <attribute name="IntegralI" value="-3460.000000" />
  <attribute name="IntegralH" value="-3460.000000" />
  <attribute name="DerivativeT" value="-0.057803" />
  <attribute name="DerivativeI" value="-0.057803" />
  <attribute name="DerivativeH" value="-0.057803" />
  <attribute name="Loop Time for DT" value="346.000000" />
  <attribute name="Output H" value="2092630016"/>
  <attribute name="Output I" value="200"/>
  <attribute name="Output T" value="4"/>
  <attribute name="Target GC Util Change" value ="20.000000" />
  <attribute name="Current GC Util Change" value="0.000000"/>
  <attribute name="GC Util currently" value="0" />
  <attribute name="CPU Util currently" value="4" />
<allocation-satisfied id="244" threadId="0000000002477100" bytesRequested="32" />
<af-end id="245" timestamp="2019-06-16T20:29:35.103" threadId="0000000002477A88" success="true" from="nursery"/>
<exclusive-end id="246" timestamp="2019-06-16T20:29:35.103" durationms="2.976" />

<exclusive-start id="247" timestamp="2019-06-16T20:29:35.521" intervalms="421.451">
  <response-info timems="0.029" idlems="0.029" threads="0" lastid="0000000002477100" lastname="node-0" />
</exclusive-start>
<af-start id="248" threadId="0000000002477A88" totalBytesRequested="32" timestamp="2019-06-16T20:29:35.522" intervalms="421.449" type="nursery" />
<cycle-start id="249" type="scavenge" contextid="0" timestamp="2019-06-16T20:29:35.522" intervalms="421.448" />
<gc-start id="250" type="scavenge" contextid="249" timestamp="2019-06-16T20:29:35.522">
  <mem-info id="251" free="2943168" total="8781824" percent="33">
    <mem type="nursery" free="0" total="2490368" percent="0">
      <mem type="allocate" free="0" total="1703936" percent="0" />
      <mem type="survivor" free="0" total="786432" percent="0" />
    </mem>
    <mem type="tenure" free="2943168" total="6291456" percent="46">
      <mem type="soa" free="2628800" total="5977088" percent="43" />
      <mem type="loa" free="314368" total="314368" percent="100" />
    </mem>
    <remembered-set count="108" />
  </mem-info>
</gc-start>
<allocation-stats totalBytes="1390144" >
  <allocated-bytes non-tlh="32" tlh="1390112" />
  <largest-consumer threadName="node-2" threadId="0000000002473500" bytes="505568" />
</allocation-stats>
<gc-op id="252" type="scavenge" timems="1.517" contextid="249" timestamp="2019-06-16T20:29:35.523">
  <scavenger-info tenureage="1" tenuremask="7ffe" tiltratio="68" />
  <memory-copied type="nursery" objects="14270" bytes="342360" bytesdiscarded="10152" />
  <memory-copied type="tenure" objects="11476" bytes="275424" bytesdiscarded="696" />
</gc-op>
<gc-end id="253" type="scavenge" contextid="249" durationms="1.762" usertimems="0.000" systemtimems="4.000" timestamp="2019-06-16T20:29:35.523" activeThreads="4">
  <mem-info id="254" free="4085952" total="8781824" percent="46">
    <mem type="nursery" free="1416960" total="2490368" percent="56">
      <mem type="allocate" free="1416960" total="1769472" percent="80" />
      <mem type="survivor" free="0" total="720896" percent="0" />
    </mem>
    <mem type="tenure" free="2668992" total="6291456" percent="42" macro-fragmented="2160235">
      <mem type="soa" free="2354624" total="5977088" percent="39" />
      <mem type="loa" free="314368" total="314368" percent="100" />
    </mem>
    <remembered-set count="95" />
  </mem-info>
</gc-end>
<cycle-end id="255" type="scavenge" contextid="249" timestamp="2019-06-16T20:29:35.524" />
  <attribute name="elasticGC enabled" value="1" />
  <attribute name= "numThreadsSpecified" value="4" />
  <attribute name="heapSize specified" value="8388608" />
  <attribute name="Current GC Util" value="0" />
  <attribute name= "Current Time Running" value="15424" />
  <attribute name ="GC Interval" value="200" />
  <attribute name="ProportionalT" value="-10.000000" />
  <attribute name="ProportionalI" value="-10.000000" />
  <attribute name="ProportionalH" value="-10.000000" />
  <attribute name="Current Error" value="-20.000000" />
  <attribute name="IntegralT" value="-4220.000000" />
  <attribute name="IntegralI" value="-4220.000000" />
  <attribute name="IntegralH" value="-4220.000000" />
  <attribute name="DerivativeT" value="-0.047393" />
  <attribute name="DerivativeI" value="-0.047393" />
  <attribute name="DerivativeH" value="-0.047393" />
  <attribute name="Loop Time for DT" value="422.000000" />
  <attribute name="Output H" value="2092630016"/>
  <attribute name="Output I" value="200"/>
  <attribute name="Output T" value="4"/>
  <attribute name="Target GC Util Change" value ="20.000000" />
  <attribute name="Current GC Util Change" value="0.000000"/>
  <attribute name="GC Util currently" value="0" />
  <attribute name="CPU Util currently" value="4" />
<allocation-satisfied id="256" threadId="0000000002477100" bytesRequested="32" />
<af-end id="257" timestamp="2019-06-16T20:29:35.524" threadId="0000000002477A88" success="true" from="nursery"/>
<exclusive-end id="258" timestamp="2019-06-16T20:29:35.524" durationms="2.431" />

<exclusive-start id="259" timestamp="2019-06-16T20:29:35.940" intervalms="418.917">
  <response-info timems="0.039" idlems="0.039" threads="0" lastid="0000000002473500" lastname="node-2" />
</exclusive-start>
<af-start id="260" threadId="0000000002473E88" totalBytesRequested="32" timestamp="2019-06-16T20:29:35.940" intervalms="418.915" type="nursery" />
<cycle-start id="261" type="scavenge" contextid="0" timestamp="2019-06-16T20:29:35.941" intervalms="418.911" />
<gc-start id="262" type="scavenge" contextid="261" timestamp="2019-06-16T20:29:35.941">
  <mem-info id="263" free="2668992" total="8781824" percent="30">
    <mem type="nursery" free="0" total="2490368" percent="0">
      <mem type="allocate" free="0" total="1769472" percent="0" />
      <mem type="survivor" free="0" total="720896" percent="0" />
    </mem>
    <mem type="tenure" free="2668992" total="6291456" percent="42">
      <mem type="soa" free="2354624" total="5977088" percent="39" />
      <mem type="loa" free="314368" total="314368" percent="100" />
    </mem>
    <remembered-set count="107" />
  </mem-info>
</gc-start>
<allocation-stats totalBytes="1416680" >
  <allocated-bytes non-tlh="32" tlh="1416648" />
  <largest-consumer threadName="node-1" threadId="000000000247AD00" bytes="479152" />
</allocation-stats>
<gc-op id="264" type="scavenge" timems="1.681" contextid="261" timestamp="2019-06-16T20:29:35.942">
  <scavenger-info tenureage="1" tenuremask="7ffe" tiltratio="71" />
  <memory-copied type="nursery" objects="14745" bytes="353760" bytesdiscarded="37920" />
  <memory-copied type="tenure" objects="14255" bytes="342120" bytesdiscarded="0" />
</gc-op>
<gc-end id="265" type="scavenge" contextid="261" durationms="2.180" usertimems="4.000" systemtimems="0.000" timestamp="2019-06-16T20:29:35.943" activeThreads="4">
  <mem-info id="266" free="3798976" total="8781824" percent="43">
    <mem type="nursery" free="1443328" total="2490368" percent="57">
      <mem type="allocate" free="1443328" total="1835008" percent="78" />
      <mem type="survivor" free="0" total="655360" percent="0" />
    </mem>
    <mem type="tenure" free="2355648" total="6291456" percent="37" macro-fragmented="0">
      <mem type="soa" free="2041280" total="5977088" percent="34" />
      <mem type="loa" free="314368" total="314368" percent="100" />
    </mem>
    <remembered-set count="96" />
  </mem-info>
</gc-end>
<cycle-end id="267" type="scavenge" contextid="261" timestamp="2019-06-16T20:29:35.943" />
  <attribute name="elasticGC enabled" value="1" />
  <attribute name= "numThreadsSpecified" value="4" />
  <attribute name="heapSize specified" value="8388608" />
  <attribute name="Current GC Util" value="0" />
  <attribute name= "Current Time Running" value="15843" />
  <attribute name ="GC Interval" value="200" />
  <attribute name="ProportionalT" value="-10.000000" />
  <attribute name="ProportionalI" value="-10.000000" />
  <attribute name="ProportionalH" value="-10.000000" />
  <attribute name="Current Error" value="-20.000000" />
  <attribute name="IntegralT" value="-4190.000000" />
  <attribute name="IntegralI" value="-4190.000000" />
  <attribute name="IntegralH" value="-4190.000000" />
  <attribute name="DerivativeT" value="-0.047733" />
  <attribute name="DerivativeI" value="-0.047733" />
  <attribute name="DerivativeH" value="-0.047733" />
  <attribute name="Loop Time for DT" value="419.000000" />
  <attribute name="Output H" value="2092630016"/>
  <attribute name="Output I" value="200"/>
  <attribute name="Output T" value="4"/>
  <attribute name="Target GC Util Change" value ="20.000000" />
  <attribute name="Current GC Util Change" value="0.000000"/>
  <attribute name="GC Util currently" value="0" />
  <attribute name="CPU Util currently" value="4" />
<allocation-satisfied id="268" threadId="0000000002473500" bytesRequested="32" />
<af-end id="269" timestamp="2019-06-16T20:29:35.943" threadId="0000000002473E88" success="true" from="nursery"/>
<exclusive-end id="270" timestamp="2019-06-16T20:29:35.943" durationms="2.767" />

<exclusive-start id="271" timestamp="2019-06-16T20:29:36.347" intervalms="406.995">
  <response-info timems="0.028" idlems="0.028" threads="0" lastid="0000000002473500" lastname="node-2" />
</exclusive-start>
<af-start id="272" threadId="0000000002473E88" totalBytesRequested="376" timestamp="2019-06-16T20:29:36.347" intervalms="407.000" type="nursery" />
<cycle-start id="273" type="scavenge" contextid="0" timestamp="2019-06-16T20:29:36.348" intervalms="407.007" />
<gc-start id="274" type="scavenge" contextid="273" timestamp="2019-06-16T20:29:36.348">
  <mem-info id="275" free="2355648" total="8781824" percent="26">
    <mem type="nursery" free="0" total="2490368" percent="0">
      <mem type="allocate" free="0" total="1835008" percent="0" />
      <mem type="survivor" free="0" total="655360" percent="0" />
    </mem>
    <mem type="tenure" free="2355648" total="6291456" percent="37">
      <mem type="soa" free="2041280" total="5977088" percent="34" />
      <mem type="loa" free="314368" total="314368" percent="100" />
    </mem>
    <remembered-set count="108" />
  </mem-info>
</gc-start>
<allocation-stats totalBytes="1442624" >
  <allocated-bytes non-tlh="32" tlh="1442592" />
  <largest-consumer threadName="node-0" threadId="0000000002477100" bytes="484600" />
</allocation-stats>
<gc-op id="276" type="scavenge" timems="1.700" contextid="273" timestamp="2019-06-16T20:29:36.349">
  <scavenger-info tenureage="1" tenuremask="7ffe" tiltratio="73" />
  <memory-copied type="nursery" objects="14979" bytes="360456" bytesdiscarded="70392" />
  <memory-copied type="tenure" objects="14730" bytes="353520" bytesdiscarded="0" />
</gc-op>
<gc-end id="277" type="scavenge" contextid="273" durationms="2.234" usertimems="0.000" systemtimems="0.000" timestamp="2019-06-16T20:29:36.350" activeThreads="4">
  <mem-info id="278" free="3472832" total="8781824" percent="39">
    <mem type="nursery" free="1469696" total="2490368" percent="59">
      <mem type="allocate" free="1469696" total="1900544" percent="77" />
      <mem type="survivor" free="0" total="589824" percent="0" />
    </mem>
    <mem type="tenure" free="2003136" total="6291456" percent="31" macro-fragmented="0">
      <mem type="soa" free="1688768" total="5977088" percent="28" />
      <mem type="loa" free="314368" total="314368" percent="100" />
    </mem>
    <remembered-set count="98" />
  </mem-info>
</gc-end>
<cycle-end id="279" type="scavenge" contextid="273" timestamp="2019-06-16T20:29:36.350" />
  <attribute name="elasticGC enabled" value="1" />
  <attribute name= "numThreadsSpecified" value="4" />
  <attribute name="heapSize specified" value="8388608" />
  <attribute name="Current GC Util" value="0" />
  <attribute name= "Current Time Running" value="16250" />
  <attribute name ="GC Interval" value="200" />
  <attribute name="ProportionalT" value="-10.000000" />
  <attribute name="ProportionalI" value="-10.000000" />
  <attribute name="ProportionalH" value="-10.000000" />
  <attribute name="Current Error" value="-20.000000" />
  <attribute name="IntegralT" value="-4070.000000" />
  <attribute name="IntegralI" value="-4070.000000" />
  <attribute name="IntegralH" value="-4070.000000" />
  <attribute name="DerivativeT" value="-0.049140" />
  <attribute name="DerivativeI" value="-0.049140" />
  <attribute name="DerivativeH" value="-0.049140" />
  <attribute name="Loop Time for DT" value="407.000000" />
  <attribute name="Output H" value="2092630016"/>
  <attribute name="Output I" value="200"/>
  <attribute name="Output T" value="4"/>
  <attribute name="Target GC Util Change" value ="20.000000" />
  <attribute name="Current GC Util Change" value="0.000000"/>
  <attribute name="GC Util currently" value="0" />
  <attribute name="CPU Util currently" value="1" />
<allocation-satisfied id="280" threadId="0000000002473500" bytesRequested="376" />
<af-end id="281" timestamp="2019-06-16T20:29:36.350" threadId="0000000002473E88" success="true" from="nursery"/>
<exclusive-end id="282" timestamp="2019-06-16T20:29:36.350" durationms="2.720" />

<exclusive-start id="283" timestamp="2019-06-16T20:29:36.788" intervalms="441.009">
  <response-info timems="0.026" idlems="0.026" threads="0" lastid="0000000002473500" lastname="node-2" />
</exclusive-start>
<af-start id="284" threadId="0000000002473E88" totalBytesRequested="32" timestamp="2019-06-16T20:29:36.788" intervalms="441.007" type="nursery" />
<cycle-start id="285" type="scavenge" contextid="0" timestamp="2019-06-16T20:29:36.789" intervalms="441.000" />
<gc-start id="286" type="scavenge" contextid="285" timestamp="2019-06-16T20:29:36.789">
  <mem-info id="287" free="2003136" total="8781824" percent="22">
    <mem type="nursery" free="0" total="2490368" percent="0">
      <mem type="allocate" free="0" total="1900544" percent="0" />
      <mem type="survivor" free="0" total="589824" percent="0" />
    </mem>
    <mem type="tenure" free="2003136" total="6291456" percent="31">
      <mem type="soa" free="1688768" total="5977088" percent="28" />
      <mem type="loa" free="314368" total="314368" percent="100" />
    </mem>
    <remembered-set count="107" />
  </mem-info>
</gc-start>
<allocation-stats totalBytes="1469408" >
  <allocated-bytes non-tlh="376" tlh="1469032" />
  <largest-consumer threadName="node-0" threadId="0000000002477100" bytes="499240" />
</allocation-stats>
<gc-op id="288" type="scavenge" timems="1.701" contextid="285" timestamp="2019-06-16T20:29:36.790">
  <scavenger-info tenureage="1" tenuremask="7ffe" tiltratio="76" />
  <memory-copied type="nursery" objects="15134" bytes="363096" bytesdiscarded="67752" />
  <memory-copied type="tenure" objects="14956" bytes="358944" bytesdiscarded="0" />
</gc-op>
<gc-end id="289" type="scavenge" contextid="285" durationms="2.194" usertimems="0.000" systemtimems="0.000" timestamp="2019-06-16T20:29:36.791" activeThreads="4">
  <mem-info id="290" free="3081152" total="8781824" percent="35">
    <mem type="nursery" free="1469696" total="2490368" percent="59">
      <mem type="allocate" free="1469696" total="1900544" percent="77" />
      <mem type="survivor" free="0" total="589824" percent="0" />
    </mem>
    <mem type="tenure" free="1611456" total="6291456" percent="25" macro-fragmented="0">
      <mem type="soa" free="1297088" total="5977088" percent="21" />
      <mem type="loa" free="314368" total="314368" percent="100" />
    </mem>
    <remembered-set count="93" />
  </mem-info>
</gc-end>
<cycle-end id="291" type="scavenge" contextid="285" timestamp="2019-06-16T20:29:36.791" />
  <attribute name="elasticGC enabled" value="1" />
  <attribute name= "numThreadsSpecified" value="4" />
  <attribute name="heapSize specified" value="8388608" />
  <attribute name="Current GC Util" value="0" />
  <attribute name= "Current Time Running" value="16691" />
  <attribute name ="GC Interval" value="200" />
  <attribute name="ProportionalT" value="-10.000000" />
  <attribute name="ProportionalI" value="-10.000000" />
  <attribute name="ProportionalH" value="-10.000000" />
  <attribute name="Current Error" value="-20.000000" />
  <attribute name="IntegralT" value="-4410.000000" />
  <attribute name="IntegralI" value="-4410.000000" />
  <attribute name="IntegralH" value="-4410.000000" />
  <attribute name="DerivativeT" value="-0.045351" />
  <attribute name="DerivativeI" value="-0.045351" />
  <attribute name="DerivativeH" value="-0.045351" />
  <attribute name="Loop Time for DT" value="441.000000" />
  <attribute name="Output H" value="2092630016"/>
  <attribute name="Output I" value="200"/>
  <attribute name="Output T" value="4"/>
  <attribute name="Target GC Util Change" value ="20.000000" />
  <attribute name="Current GC Util Change" value="0.000000"/>
  <attribute name="GC Util currently" value="0" />
  <attribute name="CPU Util currently" value="1" />
<allocation-satisfied id="292" threadId="0000000002473500" bytesRequested="32" />
<af-end id="293" timestamp="2019-06-16T20:29:36.791" threadId="0000000002473E88" success="true" from="nursery"/>
<exclusive-end id="294" timestamp="2019-06-16T20:29:36.791" durationms="2.890" />

<exclusive-start id="295" timestamp="2019-06-16T20:29:37.219" intervalms="430.661">
  <response-info timems="0.030" idlems="0.030" threads="0" lastid="0000000002477100" lastname="node-0" />
</exclusive-start>
<af-start id="296" threadId="0000000002477A88" totalBytesRequested="24" timestamp="2019-06-16T20:29:37.219" intervalms="430.648" type="nursery" />
<cycle-start id="297" type="scavenge" contextid="0" timestamp="2019-06-16T20:29:37.219" intervalms="430.637" />
<gc-start id="298" type="scavenge" contextid="297" timestamp="2019-06-16T20:29:37.219">
  <mem-info id="299" free="1611456" total="8781824" percent="18">
    <mem type="nursery" free="0" total="2490368" percent="0">
      <mem type="allocate" free="0" total="1900544" percent="0" />
      <mem type="survivor" free="0" total="589824" percent="0" />
    </mem>
    <mem type="tenure" free="1611456" total="6291456" percent="25">
      <mem type="soa" free="1297088" total="5977088" percent="21" />
      <mem type="loa" free="314368" total="314368" percent="100" />
    </mem>
    <remembered-set count="105" />
  </mem-info>
</gc-start>
<allocation-stats totalBytes="1469304" >
  <allocated-bytes non-tlh="32" tlh="1469272" />
  <largest-consumer threadName="node-2" threadId="0000000002473500" bytes="516032" />
</allocation-stats>
<gc-op id="300" type="scavenge" timems="1.692" contextid="297" timestamp="2019-06-16T20:29:37.221">
  <scavenger-info tenureage="1" tenuremask="7ffe" tiltratio="76" />
  <memory-copied type="nursery" objects="15485" bytes="371520" bytesdiscarded="59328" />
  <memory-copied type="tenure" objects="15119" bytes="362856" bytesdiscarded="0" />
</gc-op>
<gc-end id="301" type="scavenge" contextid="297" durationms="1.968" usertimems="4.000" systemtimems="0.000" timestamp="2019-06-16T20:29:37.221" activeThreads="4">
  <mem-info id="302" free="2755008" total="8781824" percent="31">
    <mem type="nursery" free="1535232" total="2490368" percent="61">
      <mem type="allocate" free="1535232" total="1966080" percent="78" />
      <mem type="survivor" free="0" total="524288" percent="0" />
    </mem>
    <mem type="tenure" free="1219776" total="6291456" percent="19" macro-fragmented="0">
      <mem type="soa" free="905408" total="5977088" percent="15" />
      <mem type="loa" free="314368" total="314368" percent="100" />
    </mem>
    <remembered-set count="93" />
  </mem-info>
</gc-end>
<cycle-end id="303" type="scavenge" contextid="297" timestamp="2019-06-16T20:29:37.221" />
  <attribute name="elasticGC enabled" value="1" />
  <attribute name= "numThreadsSpecified" value="4" />
  <attribute name="heapSize specified" value="8388608" />
  <attribute name="Current GC Util" value="0" />
  <attribute name= "Current Time Running" value="17121" />
  <attribute name ="GC Interval" value="200" />
  <attribute name="ProportionalT" value="-10.000000" />
  <attribute name="ProportionalI" value="-10.000000" />
  <attribute name="ProportionalH" value="-10.000000" />
  <attribute name="Current Error" value="-20.000000" />
  <attribute name="IntegralT" value="-4300.000000" />
  <attribute name="IntegralI" value="-4300.000000" />
  <attribute name="IntegralH" value="-4300.000000" />
  <attribute name="DerivativeT" value="-0.046512" />
  <attribute name="DerivativeI" value="-0.046512" />
  <attribute name="DerivativeH" value="-0.046512" />
  <attribute name="Loop Time for DT" value="430.000000" />
  <attribute name="Output H" value="2092630016"/>
  <attribute name="Output I" value="200"/>
  <attribute name="Output T" value="4"/>
  <attribute name="Target GC Util Change" value ="20.000000" />
  <attribute name="Current GC Util Change" value="0.000000"/>
  <attribute name="GC Util currently" value="0" />
  <attribute name="CPU Util currently" value="10709656021" />
<allocation-satisfied id="304" threadId="0000000002477100" bytesRequested="24" />
<af-end id="305" timestamp="2019-06-16T20:29:37.221" threadId="0000000002477A88" success="true" from="nursery"/>
<exclusive-end id="306" timestamp="2019-06-16T20:29:37.221" durationms="2.350" />

<exclusive-start id="307" timestamp="2019-06-16T20:29:37.686" intervalms="466.750">
  <response-info timems="0.027" idlems="0.027" threads="0" lastid="0000000002473500" lastname="node-2" />
</exclusive-start>
<af-start id="308" threadId="0000000002473E88" totalBytesRequested="720" timestamp="2019-06-16T20:29:37.686" intervalms="466.759" type="nursery" />
<cycle-start id="309" type="scavenge" contextid="0" timestamp="2019-06-16T20:29:37.686" intervalms="466.770" />
<gc-start id="310" type="scavenge" contextid="309" timestamp="2019-06-16T20:29:37.686">
  <mem-info id="311" free="1219776" total="8781824" percent="13">
    <mem type="nursery" free="0" total="2490368" percent="0">
      <mem type="allocate" free="0" total="1966080" percent="0" />
      <mem type="survivor" free="0" total="524288" percent="0" />
    </mem>
    <mem type="tenure" free="1219776" total="6291456" percent="19">
      <mem type="soa" free="905408" total="5977088" percent="15" />
      <mem type="loa" free="314368" total="314368" percent="100" />
    </mem>
    <remembered-set count="105" />
  </mem-info>
</gc-start>
<allocation-stats totalBytes="1534080" >
  <allocated-bytes non-tlh="24" tlh="1534056" />
  <largest-consumer threadName="node-2" threadId="0000000002473500" bytes="526672" />
</allocation-stats>
<gc-op id="312" type="scavenge" timems="1.737" contextid="309" timestamp="2019-06-16T20:29:37.688">
  <scavenger-info tenureage="1" tenuremask="7ffe" tiltratio="78" />
  <memory-copied type="nursery" objects="16045" bytes="385688" bytesdiscarded="45160" />
  <memory-copied type="tenure" objects="15470" bytes="371280" bytesdiscarded="0" />
</gc-op>
<gc-end id="313" type="scavenge" contextid="309" durationms="2.271" usertimems="0.000" systemtimems="0.000" timestamp="2019-06-16T20:29:37.688" activeThreads="4">
  <mem-info id="314" free="2402496" total="8781824" percent="27">
    <mem type="nursery" free="1535232" total="2490368" percent="61">
      <mem type="allocate" free="1535232" total="1966080" percent="78" />
      <mem type="survivor" free="0" total="524288" percent="0" />
    </mem>
    <mem type="tenure" free="867264" total="6291456" percent="13" macro-fragmented="0">
      <mem type="soa" free="552896" total="5977088" percent="9" />
      <mem type="loa" free="314368" total="314368" percent="100" />
    </mem>
    <remembered-set count="96" />
  </mem-info>
</gc-end>
<cycle-end id="315" type="scavenge" contextid="309" timestamp="2019-06-16T20:29:37.688" />
  <attribute name="elasticGC enabled" value="1" />
  <attribute name= "numThreadsSpecified" value="4" />
  <attribute name="heapSize specified" value="8388608" />
  <attribute name="Current GC Util" value="0" />
  <attribute name= "Current Time Running" value="17588" />
  <attribute name ="GC Interval" value="200" />
  <attribute name="ProportionalT" value="-10.000000" />
  <attribute name="ProportionalI" value="-10.000000" />
  <attribute name="ProportionalH" value="-10.000000" />
  <attribute name="Current Error" value="-20.000000" />
  <attribute name="IntegralT" value="-4670.000000" />
  <attribute name="IntegralI" value="-4670.000000" />
  <attribute name="IntegralH" value="-4670.000000" />
  <attribute name="DerivativeT" value="-0.042827" />
  <attribute name="DerivativeI" value="-0.042827" />
  <attribute name="DerivativeH" value="-0.042827" />
  <attribute name="Loop Time for DT" value="467.000000" />
  <attribute name="Output H" value="2092630016"/>
  <attribute name="Output I" value="200"/>
  <attribute name="Output T" value="4"/>
  <attribute name="Target GC Util Change" value ="20.000000" />
  <attribute name="Current GC Util Change" value="0.000000"/>
  <attribute name="GC Util currently" value="0" />
  <attribute name="CPU Util currently" value="1" />
<allocation-satisfied id="316" threadId="0000000002473500" bytesRequested="720" />
<af-end id="317" timestamp="2019-06-16T20:29:37.688" threadId="0000000002473E88" success="true" from="nursery"/>
<exclusive-end id="318" timestamp="2019-06-16T20:29:37.688" durationms="2.694" />

<concurrent-kickoff id="319" timestamp="2019-06-16T20:29:38.047">
  <kickoff reason="threshold reached" targetBytes="1867303" thresholdFreeBytes="258111"  remainingFree="207408" tenureFreeBytes="867264" nurseryFreeBytes="207408" />
</concurrent-kickoff>
<exclusive-start id="320" timestamp="2019-06-16T20:29:38.047" intervalms="361.681">
  <response-info timems="0.027" idlems="0.027" threads="0" lastid="0000000002477100" lastname="node-0" />
</exclusive-start>
<cycle-start id="321" type="global" contextid="0" timestamp="2019-06-16T20:29:38.048" intervalms="5677.634" />
<exclusive-end id="322" timestamp="2019-06-16T20:29:38.048" durationms="0.091" />

<exclusive-start id="323" timestamp="2019-06-16T20:29:38.163" intervalms="115.525">
  <response-info timems="0.027" idlems="0.027" threads="0" lastid="0000000002473500" lastname="node-2" />
</exclusive-start>
<af-start id="324" threadId="0000000002473E88" totalBytesRequested="32" timestamp="2019-06-16T20:29:38.163" intervalms="477.201" type="nursery" />
<cycle-start id="325" type="scavenge" contextid="0" timestamp="2019-06-16T20:29:38.163" intervalms="477.204" />
<gc-start id="326" type="scavenge" contextid="325" timestamp="2019-06-16T20:29:38.163">
  <mem-info id="327" free="867264" total="8781824" percent="9">
    <mem type="nursery" free="0" total="2490368" percent="0">
      <mem type="allocate" free="0" total="1966080" percent="0" />
      <mem type="survivor" free="0" total="524288" percent="0" />
    </mem>
    <mem type="tenure" free="867264" total="6291456" percent="13">
      <mem type="soa" free="552896" total="5977088" percent="9" />
      <mem type="loa" free="314368" total="314368" percent="100" />
    </mem>
    <remembered-set count="105" />
  </mem-info>
</gc-start>
<allocation-stats totalBytes="1534696" >
  <allocated-bytes non-tlh="720" tlh="1533976" />
  <largest-consumer threadName="node-2" threadId="0000000002473500" bytes="516696" />
</allocation-stats>
<gc-op id="328" type="scavenge" timems="1.814" contextid="325" timestamp="2019-06-16T20:29:38.165">
  <scavenger-info tenureage="1" tenuremask="7ffe" tiltratio="78" />
  <memory-copied type="nursery" objects="16260" bytes="390120" bytesdiscarded="40728" />
  <memory-copied type="tenure" objects="16021" bytes="384504" bytesdiscarded="0" />
</gc-op>
<gc-end id="329" type="scavenge" contextid="325" durationms="2.253" usertimems="0.000" systemtimems="4.000" timestamp="2019-06-16T20:29:38.165" activeThreads="4">
  <mem-info id="330" free="2010816" total="8781824" percent="22">
    <mem type="nursery" free="1535232" total="2490368" percent="61">
      <mem type="allocate" free="1535232" total="1966080" percent="78" />
      <mem type="survivor" free="0" total="524288" percent="0" />
    </mem>
    <mem type="tenure" free="475584" total="6291456" percent="7" macro-fragmented="0">
      <mem type="soa" free="161216" total="5977088" percent="2" />
      <mem type="loa" free="314368" total="314368" percent="100" />
    </mem>
    <remembered-set count="93" />
  </mem-info>
</gc-end>
<cycle-end id="331" type="scavenge" contextid="325" timestamp="2019-06-16T20:29:38.166" />
  <attribute name="elasticGC enabled" value="1" />
  <attribute name= "numThreadsSpecified" value="4" />
  <attribute name="heapSize specified" value="8388608" />
  <attribute name="Current GC Util" value="0" />
  <attribute name= "Current Time Running" value="18065" />
  <attribute name ="GC Interval" value="200" />
  <attribute name="ProportionalT" value="-10.000000" />
  <attribute name="ProportionalI" value="-10.000000" />
  <attribute name="ProportionalH" value="-10.000000" />
  <attribute name="Current Error" value="-20.000000" />
  <attribute name="IntegralT" value="-4770.000000" />
  <attribute name="IntegralI" value="-4770.000000" />
  <attribute name="IntegralH" value="-4770.000000" />
  <attribute name="DerivativeT" value="-0.041929" />
  <attribute name="DerivativeI" value="-0.041929" />
  <attribute name="DerivativeH" value="-0.041929" />
  <attribute name="Loop Time for DT" value="477.000000" />
  <attribute name="Output H" value="2092630016"/>
  <attribute name="Output I" value="200"/>
  <attribute name="Output T" value="4"/>
  <attribute name="Target GC Util Change" value ="20.000000" />
  <attribute name="Current GC Util Change" value="0.000000"/>
  <attribute name="GC Util currently" value="0" />
  <attribute name="CPU Util currently" value="2" />
<allocation-satisfied id="332" threadId="0000000002473500" bytesRequested="32" />
<af-end id="333" timestamp="2019-06-16T20:29:38.166" threadId="0000000002473E88" success="true" from="nursery"/>
<exclusive-end id="334" timestamp="2019-06-16T20:29:38.166" durationms="3.440" />

<exclusive-start id="335" timestamp="2019-06-16T20:29:38.574" intervalms="411.474">
  <response-info timems="0.024" idlems="0.024" threads="0" lastid="000000000247AD00" lastname="node-1" />
</exclusive-start>
<concurrent-collection-start id="336" timestamp="2019-06-16T20:29:38.575" intervalms="18641.277" >
  <concurrent-trace-info reason="card cleaning threshold reached" tracedByMutators="379056" tracedByHelpers="801144" cardsCleaned="18" workStackOverflowCount="0" />
</concurrent-collection-start>
<gc-start id="337" type="global" contextid="321" timestamp="2019-06-16T20:29:38.575">
  <mem-info id="338" free="495296" total="8781824" percent="5">
    <mem type="nursery" free="19712" total="2490368" percent="0">
      <mem type="allocate" free="19712" total="1966080" percent="1" />
      <mem type="survivor" free="0" total="524288" percent="0" />
    </mem>
    <mem type="tenure" free="475584" total="6291456" percent="7">
      <mem type="soa" free="161216" total="5977088" percent="2" />
      <mem type="loa" free="314368" total="314368" percent="100" />
    </mem>
    <remembered-set count="105" />
  </mem-info>
</gc-start>
<allocation-stats totalBytes="1514624" >
  <allocated-bytes non-tlh="32" tlh="1514592" />
  <largest-consumer threadName="node-2" threadId="0000000002473500" bytes="516064" />
</allocation-stats>
<gc-op id="339" type="rs-scan" timems="0.254" contextid="321" timestamp="2019-06-16T20:29:38.575">
  <scan objectsFound="39" bytesTraced="3960" workStackOverflowCount="0" />
</gc-op>
<gc-op id="340" type="card-cleaning" timems="0.137" contextid="321" timestamp="2019-06-16T20:29:38.575">
  <card-cleaning cardsCleaned="17" bytesTraced="8328" workStackOverflowCount="0" />
</gc-op>
<gc-op id="341" type="mark" timems="0.663" contextid="321" timestamp="2019-06-16T20:29:38.576">
  <trace-info objectcount="228" scancount="187" scanbytes="5024" />
  <finalization candidates="13" enqueued="0" />
  <references type="soft" candidates="66" cleared="0" enqueued="0" dynamicThreshold="28" maxThreshold="32" />
  <references type="weak" candidates="130" cleared="0" enqueued="0" />
  <references type="phantom" candidates="32" cleared="2" enqueued="2" />
  <stringconstants candidates="3831" cleared="0"  />
</gc-op>
<gc-op id="342" type="sweep" timems="0.253" contextid="321" timestamp="2019-06-16T20:29:38.576" />
<mem-info id="343" free="6254504" total="8781824" percent="71">
  <mem type="nursery" free="1964784" total="2490368" percent="78">
    <mem type="allocate" free="1964784" total="1966080" percent="99" />
    <mem type="survivor" free="0" total="524288" percent="0" />
  </mem>
  <mem type="tenure" free="4289720" total="6291456" percent="68" micro-fragmented="1792" macro-fragmented="2592282">
    <mem type="soa" free="3975352" total="5977088" percent="66" />
    <mem type="loa" free="314368" total="314368" percent="100" />
  </mem>
  <pending-finalizers system="0" default="0" reference="2" classloader="0" />
  <remembered-set count="104" />
</mem-info>
<gc-op id="344" type="compact" timems="8.816" contextid="321" timestamp="2019-06-16T20:29:38.585">
  <compact-info movecount="23269" movebytes="1209824" reason="compact to aid heap contraction" />
</gc-op>
<heap-resize id="345" type="expand" space="tenure" amount="2083848192" count="1" timems="0.026" reason="satisfy allocation request" timestamp="2019-06-16T20:29:38.586" />
<gc-end id="346" type="global" contextid="321" durationms="11.385" usertimems="0.000" systemtimems="12.000" timestamp="2019-06-16T20:29:38.586" activeThreads="4">
  <mem-info id="347" free="2090104456" total="2092630016" percent="99">
    <mem type="nursery" free="1965760" total="2490368" percent="78">
      <mem type="allocate" free="1965760" total="1966080" percent="99" />
      <mem type="survivor" free="0" total="524288" percent="0" />
    </mem>
    <mem type="tenure" free="2088138696" total="2090139648" percent="99">
      <mem type="soa" free="1983632328" total="1985633280" percent="99" />
      <mem type="loa" free="104506368" total="104506368" percent="100" />
    </mem>
    <pending-finalizers system="0" default="0" reference="2" classloader="0" />
    <remembered-set count="104" />
  </mem-info>
</gc-end>
<cycle-end id="348" type="global" contextid="321" timestamp="2019-06-16T20:29:38.586" />
  <attribute name="elasticGC enabled" value="1" />
  <attribute name= "numThreadsSpecified" value="4" />
  <attribute name="heapSize specified" value="8781824" />
  <attribute name="Current GC Util" value="11" />
  <attribute name= "Current Time Running" value="18487" />
  <attribute name ="GC Interval" value="200" />
  <attribute name="ProportionalT" value="-4.500000" />
  <attribute name="ProportionalI" value="-4.500000" />
  <attribute name="ProportionalH" value="-4.500000" />
  <attribute name="Current Error" value="-9.000000" />
  <attribute name="IntegralT" value="-40.500000" />
  <attribute name="IntegralI" value="-40.500000" />
  <attribute name="IntegralH" value="-40.500000" />
  <attribute name="DerivativeT" value="-1.000000" />
  <attribute name="DerivativeI" value="-1.000000" />
  <attribute name="DerivativeH" value="-1.000000" />
  <attribute name="Loop Time for DT" value="9.000000" />
  <attribute name="Output H" value="2092630016"/>
  <attribute name="Output I" value="200"/>
  <attribute name="Output T" value="4"/>
  <attribute name="Target GC Util Change" value ="20.000000" />
  <attribute name="Current GC Util Change" value="11.000000"/>
  <attribute name="GC Util currently" value="11" />
  <attribute name="CPU Util currently" value="513036830271" />
<concurrent-collection-end id="349" timestamp="2019-06-16T20:29:38.586" />
<exclusive-end id="350" timestamp="2019-06-16T20:29:38.586" durationms="12.008" />

<exclusive-start id="351" timestamp="2019-06-16T20:29:39.149" intervalms="574.880">
  <response-info timems="0.031" idlems="0.031" threads="0" lastid="0000000002473500" lastname="node-2" />
</exclusive-start>
<af-start id="352" threadId="0000000002473E88" totalBytesRequested="160" timestamp="2019-06-16T20:29:39.149" intervalms="986.365" type="nursery" />
<cycle-start id="353" type="scavenge" contextid="0" timestamp="2019-06-16T20:29:39.150" intervalms="986.371" />
<gc-start id="354" type="scavenge" contextid="353" timestamp="2019-06-16T20:29:39.150">
  <mem-info id="355" free="2088138696" total="2092630016" percent="99">
    <mem type="nursery" free="0" total="2490368" percent="0">
      <mem type="allocate" free="0" total="1966080" percent="0" />
      <mem type="survivor" free="0" total="524288" percent="0" />
    </mem>
    <mem type="tenure" free="2088138696" total="2090139648" percent="99">
      <mem type="soa" free="1983632328" total="1985633280" percent="99" />
      <mem type="loa" free="104506368" total="104506368" percent="100" />
    </mem>
    <remembered-set count="106" />
  </mem-info>
</gc-start>
<allocation-stats totalBytes="1965096" >
  <allocated-bytes non-tlh="0" tlh="1965096" />
  <largest-consumer threadName="node-2" threadId="0000000002473500" bytes="675704" />
</allocation-stats>
<gc-op id="356" type="scavenge" timems="0.227" contextid="353" timestamp="2019-06-16T20:29:39.150">
  <scavenger-info tenureage="1" tenuremask="7ffe" tiltratio="78" />
  <memory-copied type="nursery" objects="29" bytes="1888" bytesdiscarded="76448" />
</gc-op>
<gc-end id="357" type="scavenge" contextid="353" durationms="0.803" usertimems="4.000" systemtimems="0.000" timestamp="2019-06-16T20:29:39.150" activeThreads="4">
  <mem-info id="358" free="2090026440" total="2092630016" percent="99">
    <mem type="nursery" free="1887744" total="2490368" percent="75">
      <mem type="allocate" free="1887744" total="1966080" percent="96" />
      <mem type="survivor" free="0" total="524288" percent="0" />
    </mem>
    <mem type="tenure" free="2088138696" total="2090139648" percent="99" macro-fragmented="0">
      <mem type="soa" free="1983632328" total="1985633280" percent="99" />
      <mem type="loa" free="104506368" total="104506368" percent="100" />
    </mem>
    <remembered-set count="97" />
  </mem-info>
</gc-end>
<cycle-end id="359" type="scavenge" contextid="353" timestamp="2019-06-16T20:29:39.151" />
  <attribute name="elasticGC enabled" value="1" />
  <attribute name= "numThreadsSpecified" value="4" />
  <attribute name="heapSize specified" value="8781824" />
  <attribute name="Current GC Util" value="1" />
  <attribute name= "Current Time Running" value="19052" />
  <attribute name ="GC Interval" value="200" />
  <attribute name="ProportionalT" value="-9.500000" />
  <attribute name="ProportionalI" value="-9.500000" />
  <attribute name="ProportionalH" value="-9.500000" />
  <attribute name="Current Error" value="-19.000000" />
  <attribute name="IntegralT" value="-5367.500000" />
  <attribute name="IntegralI" value="-5367.500000" />
  <attribute name="IntegralH" value="-5367.500000" />
  <attribute name="DerivativeT" value="-0.033628" />
  <attribute name="DerivativeI" value="-0.033628" />
  <attribute name="DerivativeH" value="-0.033628" />
  <attribute name="Loop Time for DT" value="565.000000" />
  <attribute name="Output H" value="2092630016"/>
  <attribute name="Output I" value="200"/>
  <attribute name="Output T" value="4"/>
  <attribute name="Target GC Util Change" value ="20.000000" />
  <attribute name="Current GC Util Change" value="1.000000"/>
  <attribute name="GC Util currently" value="1" />
  <attribute name="CPU Util currently" value="2" />
<allocation-satisfied id="360" threadId="0000000002473500" bytesRequested="160" />
<af-end id="361" timestamp="2019-06-16T20:29:39.151" threadId="0000000002473E88" success="true" from="nursery"/>
<exclusive-end id="362" timestamp="2019-06-16T20:29:39.151" durationms="1.422" />

<exclusive-start id="363" timestamp="2019-06-16T20:29:39.705" intervalms="555.894">
  <response-info timems="0.057" idlems="0.057" threads="0" lastid="0000000002473500" lastname="node-2" />
</exclusive-start>
<af-start id="364" threadId="0000000002473E88" totalBytesRequested="32" timestamp="2019-06-16T20:29:39.705" intervalms="555.930" type="nursery" />
<cycle-start id="365" type="scavenge" contextid="0" timestamp="2019-06-16T20:29:39.705" intervalms="555.969" />
<gc-start id="366" type="scavenge" contextid="365" timestamp="2019-06-16T20:29:39.706">
  <mem-info id="367" free="2088138696" total="2092630016" percent="99">
    <mem type="nursery" free="0" total="2490368" percent="0">
      <mem type="allocate" free="0" total="1966080" percent="0" />
      <mem type="survivor" free="0" total="524288" percent="0" />
    </mem>
    <mem type="tenure" free="2088138696" total="2090139648" percent="99">
      <mem type="soa" free="1983632328" total="1985633280" percent="99" />
      <mem type="loa" free="104506368" total="104506368" percent="100" />
    </mem>
    <remembered-set count="106" />
  </mem-info>
</gc-start>
<allocation-stats totalBytes="1887264" >
  <allocated-bytes non-tlh="160" tlh="1887104" />
  <largest-consumer threadName="node-2" threadId="0000000002473500" bytes="634952" />
</allocation-stats>
<gc-op id="368" type="scavenge" timems="0.191" contextid="365" timestamp="2019-06-16T20:29:39.706">
  <scavenger-info tenureage="2" tenuremask="7ffc" tiltratio="78" />
  <memory-copied type="nursery" objects="21" bytes="384" bytesdiscarded="77952" />
</gc-op>
<gc-end id="369" type="scavenge" contextid="365" durationms="0.875" usertimems="0.000" systemtimems="0.000" timestamp="2019-06-16T20:29:39.706" activeThreads="4">
  <mem-info id="370" free="2090157512" total="2092630016" percent="99">
    <mem type="nursery" free="2018816" total="2490368" percent="81">
      <mem type="allocate" free="2018816" total="2097152" percent="96" />
      <mem type="survivor" free="0" total="393216" percent="0" />
    </mem>
    <mem type="tenure" free="2088138696" total="2090139648" percent="99" macro-fragmented="0">
      <mem type="soa" free="1983632328" total="1985633280" percent="99" />
      <mem type="loa" free="104506368" total="104506368" percent="100" />
    </mem>
    <remembered-set count="91" />
  </mem-info>
</gc-end>
<cycle-end id="371" type="scavenge" contextid="365" timestamp="2019-06-16T20:29:39.707" />
  <attribute name="elasticGC enabled" value="1" />
  <attribute name= "numThreadsSpecified" value="4" />
  <attribute name="heapSize specified" value="8781824" />
  <attribute name="Current GC Util" value="0" />
  <attribute name= "Current Time Running" value="19608" />
  <attribute name ="GC Interval" value="200" />
  <attribute name="ProportionalT" value="-10.000000" />
  <attribute name="ProportionalI" value="-10.000000" />
  <attribute name="ProportionalH" value="-10.000000" />
  <attribute name="Current Error" value="-20.000000" />
  <attribute name="IntegralT" value="-5560.000000" />
  <attribute name="IntegralI" value="-5560.000000" />
  <attribute name="IntegralH" value="-5560.000000" />
  <attribute name="DerivativeT" value="-0.035971" />
  <attribute name="DerivativeI" value="-0.035971" />
  <attribute name="DerivativeH" value="-0.035971" />
  <attribute name="Loop Time for DT" value="556.000000" />
  <attribute name="Output H" value="2092630016"/>
  <attribute name="Output I" value="200"/>
  <attribute name="Output T" value="4"/>
  <attribute name="Target GC Util Change" value ="20.000000" />
  <attribute name="Current GC Util Change" value="0.000000"/>
  <attribute name="GC Util currently" value="0" />
  <attribute name="CPU Util currently" value="1" />
<allocation-satisfied id="372" threadId="0000000002473500" bytesRequested="32" />
<af-end id="373" timestamp="2019-06-16T20:29:39.707" threadId="0000000002473E88" success="true" from="nursery"/>
<exclusive-end id="374" timestamp="2019-06-16T20:29:39.707" durationms="1.648" />

<exclusive-start id="375" timestamp="2019-06-16T20:29:40.304" intervalms="599.122">
  <response-info timems="0.026" idlems="0.026" threads="0" lastid="000000000247AD00" lastname="node-1" />
</exclusive-start>
<af-start id="376" threadId="000000000247B688" totalBytesRequested="32" timestamp="2019-06-16T20:29:40.304" intervalms="599.101" type="nursery" />
<cycle-start id="377" type="scavenge" contextid="0" timestamp="2019-06-16T20:29:40.305" intervalms="599.067" />
<gc-start id="378" type="scavenge" contextid="377" timestamp="2019-06-16T20:29:40.305">
  <mem-info id="379" free="2088138696" total="2092630016" percent="99">
    <mem type="nursery" free="0" total="2490368" percent="0">
      <mem type="allocate" free="0" total="2097152" percent="0" />
      <mem type="survivor" free="0" total="393216" percent="0" />
    </mem>
    <mem type="tenure" free="2088138696" total="2090139648" percent="99">
      <mem type="soa" free="1983632328" total="1985633280" percent="99" />
      <mem type="loa" free="104506368" total="104506368" percent="100" />
    </mem>
    <remembered-set count="103" />
  </mem-info>
</gc-start>
<allocation-stats totalBytes="2018528" >
  <allocated-bytes non-tlh="32" tlh="2018496" />
  <largest-consumer threadName="node-2" threadId="0000000002473500" bytes="720832" />
</allocation-stats>
<gc-op id="380" type="scavenge" timems="1.729" contextid="377" timestamp="2019-06-16T20:29:40.306">
  <scavenger-info tenureage="3" tenuremask="7ff8" tiltratio="84" />
  <memory-copied type="nursery" objects="27" bytes="1032" bytesdiscarded="38136" />
</gc-op>
<gc-end id="381" type="scavenge" contextid="377" durationms="2.126" usertimems="4.000" systemtimems="0.000" timestamp="2019-06-16T20:29:40.307" activeThreads="4">
  <mem-info id="382" free="2090262216" total="2092630016" percent="99">
    <mem type="nursery" free="2123520" total="2490368" percent="85">
      <mem type="allocate" free="2123520" total="2162688" percent="98" />
      <mem type="survivor" free="0" total="327680" percent="0" />
    </mem>
    <mem type="tenure" free="2088138696" total="2090139648" percent="99" macro-fragmented="0">
      <mem type="soa" free="1983632328" total="1985633280" percent="99" />
      <mem type="loa" free="104506368" total="104506368" percent="100" />
    </mem>
    <remembered-set count="94" />
  </mem-info>
</gc-end>
<cycle-end id="383" type="scavenge" contextid="377" timestamp="2019-06-16T20:29:40.307" />
  <attribute name="elasticGC enabled" value="1" />
  <attribute name= "numThreadsSpecified" value="4" />
  <attribute name="heapSize specified" value="8781824" />
  <attribute name="Current GC Util" value="0" />
  <attribute name= "Current Time Running" value="20207" />
  <attribute name ="GC Interval" value="200" />
  <attribute name="ProportionalT" value="-10.000000" />
  <attribute name="ProportionalI" value="-10.000000" />
  <attribute name="ProportionalH" value="-10.000000" />
  <attribute name="Current Error" value="-20.000000" />
  <attribute name="IntegralT" value="-5990.000000" />
  <attribute name="IntegralI" value="-5990.000000" />
  <attribute name="IntegralH" value="-5990.000000" />
  <attribute name="DerivativeT" value="-0.033389" />
  <attribute name="DerivativeI" value="-0.033389" />
  <attribute name="DerivativeH" value="-0.033389" />
  <attribute name="Loop Time for DT" value="599.000000" />
  <attribute name="Output H" value="2092630016"/>
  <attribute name="Output I" value="200"/>
  <attribute name="Output T" value="4"/>
  <attribute name="Target GC Util Change" value ="20.000000" />
  <attribute name="Current GC Util Change" value="0.000000"/>
  <attribute name="GC Util currently" value="0" />
  <attribute name="CPU Util currently" value="2" />
<allocation-satisfied id="384" threadId="000000000247AD00" bytesRequested="32" />
<af-end id="385" timestamp="2019-06-16T20:29:40.307" threadId="000000000247B688" success="true" from="nursery"/>
<exclusive-end id="386" timestamp="2019-06-16T20:29:40.307" durationms="2.646" />

</verbosegc>

