<?xml version="1.0" ?>

<verbosegc xmlns="http://www.ibm.com/j9/verbosegc" version="10b4217_CMPRSS">

<initialized id="1" timestamp="2019-06-15T08:01:05.615">
  <attribute name="gcPolicy" value="-Xgcpolicy:optthruput" />
  <attribute name="elasticGC enabled" value="1" />
  <attribute name= "numThreadsSpecified" value="0" />
  <attribute name="heapSize specified" value="0" />
  <attribute name="Current GC Util" value="0" />
  <attribute name= "Current Time Running" value="0" />
  <attribute name ="GC Interval" value="0" />
  <attribute name="ProportionalT" value="0.000000" />
  <attribute name="ProportionalI" value="0.000000" />
  <attribute name="ProportionalH" value="0.000000" />
  <attribute name="IntegralT" value="0.000000" />
  <attribute name="IntegralI" value="0.000000" />
  <attribute name="IntegralH" value="0.000000" />
  <attribute name="DerivativeT" value="0.000000" />
  <attribute name="DerivativeI" value="0.000000" />
  <attribute name="DerivativeH" value="0.000000" />
  <attribute name="Target GC Util Change" value ="0.000000" />
  <attribute name="Current GC Util Change" value="0.000000"/>
  <attribute name="Current Error" value="0.000000" />
  <attribute name="Loop Time for DT" value="0.000000" />
  <attribute name="Output H" value="0"/>
  <attribute name="Output I" value="0"/>
  <attribute name="Output T" value="0"/>
  <attribute name="GC Util currently" value="0" />
  <attribute name="CPU Util currently" value="0" />
  <attribute name="maxHeapSize" value="0x7cbc0000" />
  <attribute name="initialHeapSize" value="0x800000" />
  <attribute name="compressedRefs" value="true" />
  <attribute name="compressedRefsDisplacement" value="0x0" />
  <attribute name="compressedRefsShift" value="0x0" />
  <attribute name="pageSize" value="0x1000" />
  <attribute name="pageType" value="not used" />
  <attribute name="requestedPageSize" value="0x1000" />
  <attribute name="requestedPageType" value="not used" />
  <attribute name="gcthreads" value="4" />
  <attribute name="packetListSplit" value="4" />
  <attribute name="cacheListSplit" value="4" />
  <attribute name="splitFreeListSplitAmount" value="1" />
  <attribute name="numaNodes" value="0" />
  <system>
    <attribute name="physicalMemory" value="8370962432" />
    <attribute name="numCPUs" value="4" />
    <attribute name="architecture" value="amd64" />
    <attribute name="os" value="Linux" />
    <attribute name="osVersion" value="4.4.0-148-generic" />
  </system>
  <vmargs>
    <vmarg name="-Xoptionsfile=/vagrant/jdk/lib/options.default" />
    <vmarg name="-Xlockword:mode=default,noLockword=java/lang/String,noLockword=java/util/MapEntry,noLockword=java/util/HashMap$Entry,noLockword..." />
    <vmarg name="-Xjcl:jclse29" />
    <vmarg name="-Dcom.ibm.oti.vm.bootstrap.library.path=/vagrant/jdk/lib/compressedrefs:/vagrant/jdk/lib" />
    <vmarg name="-Dsun.boot.library.path=/vagrant/jdk/lib/compressedrefs:/vagrant/jdk/lib" />
    <vmarg name="-Djava.library.path=/vagrant/jdk/lib/compressedrefs:/vagrant/jdk/lib:/usr/lib64:/usr/lib" />
    <vmarg name="-Djava.home=/vagrant/jdk" />
    <vmarg name="-Duser.dir=/vagrant" />
    <vmarg name="-Xgcpolicy:optthruput" />
    <vmarg name="-Xgcelastic" />
    <vmarg name="-Xcheck:gc:::elasticGC" />
    <vmarg name="-verbose:gc" />
    <vmarg name="-Xloggc:large-OPTTHRUPUT-jdk0.5-1-1.5-verbose9sunflow.txt" />
    <vmarg name="-Djava.class.path=dacapo-9.12-MR1-bach.jar" />
    <vmarg name="-Dsun.java.command=dacapo-9.12-MR1-bach.jar sunflow --size=large" />
    <vmarg name="-Dsun.java.launcher=SUN_STANDARD" />
    <vmarg name="-Dsun.java.launcher.pid=25181" />
  </vmargs>
</initialized>

<exclusive-start id="2" timestamp="2019-06-15T08:01:06.096" intervalms="480.321">
  <response-info timems="0.062" idlems="0.062" threads="0" lastid="0000000001592700" lastname="main" />
</exclusive-start>
<af-start id="3" threadId="0000000001593088" totalBytesRequested="16" timestamp="2019-06-15T08:01:06.096" intervalms="480.865" />
<cycle-start id="4" type="global" contextid="0" timestamp="2019-06-15T08:01:06.096" intervalms="481.141" />
<gc-start id="5" type="global" contextid="4" timestamp="2019-06-15T08:01:06.097">
  <mem-info id="6" free="418816" total="8388608" percent="4">
    <mem type="tenure" free="418816" total="8388608" percent="4">
      <mem type="soa" free="0" total="7969792" percent="0" />
      <mem type="loa" free="418816" total="418816" percent="100" />
    </mem>
  </mem-info>
</gc-start>
<allocation-stats totalBytes="7963264" >
  <allocated-bytes non-tlh="2337024" tlh="5626240" />
  <largest-consumer threadName="main" threadId="0000000001592700" bytes="7890792" />
</allocation-stats>
<gc-op id="7" type="mark" timems="2.608" contextid="4" timestamp="2019-06-15T08:01:06.099">
  <trace-info objectcount="30238" scancount="24281" scanbytes="765188" />
  <finalization candidates="125" enqueued="1" />
  <ownableSynchronizers candidates="3" cleared="0" />
  <references type="soft" candidates="131" cleared="0" enqueued="0" dynamicThreshold="32" maxThreshold="32" />
  <references type="weak" candidates="1321" cleared="568" enqueued="478" />
  <references type="phantom" candidates="106" cleared="42" enqueued="42" />
  <stringconstants candidates="3958" cleared="0"  />
</gc-op>
<gc-op id="8" type="classunload" timems="0.075" contextid="4" timestamp="2019-06-15T08:01:06.100">
  <classunload-info classloadercandidates="7" classloadersunloaded="0" classesunloaded="0" anonymousclassesunloaded="0" quiescems="0.000" setupms="0.075" scanms="0.000" postms="0.000" />
</gc-op>
<gc-op id="9" type="sweep" timems="0.644" contextid="4" timestamp="2019-06-15T08:01:06.100" />
<mem-info id="10" free="4708096" total="8388608" percent="56">
  <mem type="tenure" free="4708096" total="8388608" percent="56" micro-fragmented="394101" macro-fragmented="0">
    <mem type="soa" free="4289280" total="7969792" percent="53" />
    <mem type="loa" free="418816" total="418816" percent="100" />
  </mem>
  <pending-finalizers system="1" default="0" reference="520" classloader="0" />
</mem-info>
<gc-op id="11" type="compact" timems="6.429" contextid="4" timestamp="2019-06-15T08:01:06.107">
  <compact-info movecount="30237" movebytes="3169792" reason="compact to aid heap contraction" />
</gc-op>
<heap-resize id="12" type="expand" space="tenure" amount="2084241408" count="1" timems="0.088" reason="satisfy allocation request" timestamp="2019-06-15T08:01:06.108" />
<gc-end id="13" type="global" contextid="4" durationms="11.109" usertimems="12.000" systemtimems="4.000" timestamp="2019-06-15T08:01:06.108" activeThreads="4">
  <mem-info id="14" free="2089394600" total="2092630016" percent="99">
    <mem type="tenure" free="2089394600" total="2092630016" percent="99">
      <mem type="soa" free="1984763304" total="1987998720" percent="99" />
      <mem type="loa" free="104631296" total="104631296" percent="100" />
    </mem>
    <pending-finalizers system="1" default="0" reference="520" classloader="0" />
  </mem-info>
</gc-end>
<cycle-end id="15" type="global" contextid="4" timestamp="2019-06-15T08:01:06.108" />
  <attribute name="elasticGC enabled" value="1" />
  <attribute name= "numThreadsSpecified" value="4" />
  <attribute name="heapSize specified" value="8388608" />
  <attribute name="Current GC Util" value="32" />
  <attribute name= "Current Time Running" value="377" />
  <attribute name ="GC Interval" value="0" />
  <attribute name="ProportionalT" value="6.000000" />
  <attribute name="ProportionalI" value="6.000000" />
  <attribute name="ProportionalH" value="6.000000" />
  <attribute name="Current Error" value="12.000000" />
  <attribute name="IntegralT" value="-7074.000000" />
  <attribute name="IntegralI" value="-7074.000000" />
  <attribute name="IntegralH" value="-7074.000000" />
  <attribute name="DerivativeT" value="3.000000" />
  <attribute name="DerivativeI" value="3.000000" />
  <attribute name="DerivativeH" value="3.000000" />
  <attribute name="Loop Time for DT" value="6.000000" />
  <attribute name="Output H" value="2092630016"/>
  <attribute name="Output I" value="200"/>
  <attribute name="Output T" value="4"/>
  <attribute name="Target GC Util Change" value ="20.000000" />
  <attribute name="Current GC Util Change" value="32.000000"/>
  <attribute name="GC Util currently" value="32" />
  <attribute name="CPU Util currently" value="20" />
<allocation-satisfied id="16" threadId="0000000001592700" bytesRequested="16" />
<af-end id="17" timestamp="2019-06-15T08:01:06.108" threadId="0000000001593088" success="true" />
<exclusive-end id="18" timestamp="2019-06-15T08:01:06.108" durationms="12.625" />

<exclusive-start id="19" timestamp="2019-06-15T08:01:06.131" intervalms="35.349">
  <response-info timems="0.117" idlems="0.117" threads="0" lastid="0000000001592700" lastname="main" />
</exclusive-start>
<sys-start reason="explicit" id="20" timestamp="2019-06-15T08:01:06.131" intervalms="515.823" />
<cycle-start id="21" type="global" contextid="0" timestamp="2019-06-15T08:01:06.131" intervalms="34.817" />
<gc-start id="22" type="global" contextid="21" timestamp="2019-06-15T08:01:06.131">
  <mem-info id="23" free="2085413192" total="2092630016" percent="99">
    <mem type="tenure" free="2085413192" total="2092630016" percent="99">
      <mem type="soa" free="1980781896" total="1987998720" percent="99" />
      <mem type="loa" free="104631296" total="104631296" percent="100" />
    </mem>
  </mem-info>
</gc-start>
<allocation-stats totalBytes="4046544" >
  <allocated-bytes non-tlh="1048672" tlh="2997872" />
  <largest-consumer threadName="main" threadId="0000000001592700" bytes="4030472" />
</allocation-stats>
<gc-op id="24" type="mark" timems="8.750" contextid="21" timestamp="2019-06-15T08:01:06.140">
  <trace-info objectcount="29296" scancount="23488" scanbytes="750892" />
  <finalization candidates="124" enqueued="0" />
  <ownableSynchronizers candidates="3" cleared="0" />
  <references type="soft" candidates="131" cleared="0" enqueued="0" dynamicThreshold="31" maxThreshold="32" />
  <references type="weak" candidates="755" cleared="2" enqueued="2" />
  <references type="phantom" candidates="63" cleared="0" enqueued="0" />
  <stringconstants candidates="3958" cleared="0"  />
</gc-op>
<gc-op id="25" type="classunload" timems="0.003" contextid="21" timestamp="2019-06-15T08:01:06.140">
  <classunload-info classloadercandidates="7" classloadersunloaded="0" classesunloaded="0" anonymousclassesunloaded="0" quiescems="0.000" setupms="0.002" scanms="0.001" postms="0.000" />
</gc-op>
<gc-op id="26" type="sweep" timems="1.551" contextid="21" timestamp="2019-06-15T08:01:06.142" />
<mem-info id="27" free="2089207832" total="2092630016" percent="99">
  <mem type="tenure" free="2089207832" total="2092630016" percent="99" micro-fragmented="35044" macro-fragmented="0">
    <mem type="soa" free="1984576536" total="1987998720" percent="99" />
    <mem type="loa" free="104631296" total="104631296" percent="100" />
  </mem>
  <pending-finalizers system="0" default="0" reference="2" classloader="0" />
</mem-info>
<gc-op id="28" type="compact" timems="12.825" contextid="21" timestamp="2019-06-15T08:01:06.155">
  <compact-info movecount="18200" movebytes="2917048" reason="compact to aid heap contraction" />
</gc-op>
<gc-end id="29" type="global" contextid="21" durationms="24.109" usertimems="28.000" systemtimems="8.000" timestamp="2019-06-15T08:01:06.155" activeThreads="4">
  <mem-info id="30" free="2089237272" total="2092630016" percent="99">
    <mem type="tenure" free="2089237272" total="2092630016" percent="99">
      <mem type="soa" free="1984605976" total="1987998720" percent="99" />
      <mem type="loa" free="104631296" total="104631296" percent="100" />
    </mem>
    <pending-finalizers system="0" default="0" reference="2" classloader="0" />
  </mem-info>
</gc-end>
<cycle-end id="31" type="global" contextid="21" timestamp="2019-06-15T08:01:06.156" />
  <attribute name="elasticGC enabled" value="1" />
  <attribute name= "numThreadsSpecified" value="4" />
  <attribute name="heapSize specified" value="2092630016" />
  <attribute name="Current GC Util" value="104" />
  <attribute name= "Current Time Running" value="425" />
  <attribute name ="GC Interval" value="0" />
  <attribute name="ProportionalT" value="42.000000" />
  <attribute name="ProportionalI" value="42.000000" />
  <attribute name="ProportionalH" value="42.000000" />
  <attribute name="Current Error" value="84.000000" />
  <attribute name="IntegralT" value="1008.000000" />
  <attribute name="IntegralI" value="1008.000000" />
  <attribute name="IntegralH" value="1008.000000" />
  <attribute name="DerivativeT" value="3.250000" />
  <attribute name="DerivativeI" value="3.250000" />
  <attribute name="DerivativeH" value="3.250000" />
  <attribute name="Loop Time for DT" value="12.000000" />
  <attribute name="Output H" value="8388608"/>
  <attribute name="Output I" value="1056"/>
  <attribute name="Output T" value="4"/>
  <attribute name="Target GC Util Change" value ="20.000000" />
  <attribute name="Current GC Util Change" value="104.000000"/>
  <attribute name="GC Util currently" value="104" />
  <attribute name="CPU Util currently" value="356749323450" />
<sys-end id="32" timestamp="2019-06-15T08:01:06.156" />
<exclusive-end id="33" timestamp="2019-06-15T08:01:06.156" durationms="24.846" />

<exclusive-start id="34" timestamp="2019-06-15T08:01:08.123" intervalms="1991.731">
  <response-info timems="0.040" idlems="0.040" threads="0" lastid="00000000018E3D00" lastname="Thread-9" />
</exclusive-start>
<af-start id="35" threadId="00000000018E4688" totalBytesRequested="40" timestamp="2019-06-15T08:01:08.123" intervalms="2026.738" />
<cycle-start id="36" type="global" contextid="0" timestamp="2019-06-15T08:01:08.123" intervalms="1991.764" />
<gc-start id="37" type="global" contextid="36" timestamp="2019-06-15T08:01:08.123">
  <mem-info id="38" free="104631296" total="2092630016" percent="4">
    <mem type="tenure" free="104631296" total="2092630016" percent="4">
      <mem type="soa" free="0" total="1987998720" percent="0" />
      <mem type="loa" free="104631296" total="104631296" percent="100" />
    </mem>
  </mem-info>
</gc-start>
<allocation-stats totalBytes="1984293144" >
  <allocated-bytes non-tlh="1646264" tlh="1982646880" />
  <largest-consumer threadName="Thread-8" threadId="00000000018EB500" bytes="560866040" />
</allocation-stats>
<gc-op id="39" type="mark" timems="3.328" contextid="36" timestamp="2019-06-15T08:01:08.127">
  <trace-info objectcount="72909" scancount="64452" scanbytes="2435376" />
  <finalization candidates="124" enqueued="0" />
  <ownableSynchronizers candidates="3" cleared="0" />
  <references type="soft" candidates="148" cleared="0" enqueued="0" dynamicThreshold="31" maxThreshold="32" />
  <references type="weak" candidates="798" cleared="29" enqueued="28" />
  <references type="phantom" candidates="65" cleared="2" enqueued="2" />
  <stringconstants candidates="4598" cleared="1"  />
</gc-op>
<gc-op id="40" type="sweep" timems="1.687" contextid="36" timestamp="2019-06-15T08:01:08.128" />
<mem-info id="41" free="2085711696" total="2092630016" percent="99">
  <mem type="tenure" free="2085711696" total="2092630016" percent="99" micro-fragmented="891039" macro-fragmented="0">
    <mem type="soa" free="1981080400" total="1987998720" percent="99" />
    <mem type="loa" free="104631296" total="104631296" percent="100" />
  </mem>
  <pending-finalizers system="0" default="0" reference="30" classloader="0" />
</mem-info>
<gc-op id="42" type="compact" timems="13.901" contextid="36" timestamp="2019-06-15T08:01:08.142">
  <compact-info movecount="72278" movebytes="5912520" reason="compact to aid heap contraction" />
</gc-op>
<gc-end id="43" type="global" contextid="36" durationms="19.761" usertimems="44.000" systemtimems="0.000" timestamp="2019-06-15T08:01:08.143" activeThreads="4">
  <mem-info id="44" free="2086585824" total="2092630016" percent="99">
    <mem type="tenure" free="2086585824" total="2092630016" percent="99">
      <mem type="soa" free="1981954528" total="1987998720" percent="99" />
      <mem type="loa" free="104631296" total="104631296" percent="100" />
    </mem>
    <pending-finalizers system="0" default="0" reference="30" classloader="0" />
  </mem-info>
</gc-end>
<cycle-end id="45" type="global" contextid="36" timestamp="2019-06-15T08:01:08.143" />
  <attribute name="elasticGC enabled" value="1" />
  <attribute name= "numThreadsSpecified" value="4" />
  <attribute name="heapSize specified" value="2092630016" />
  <attribute name="Current GC Util" value="168" />
  <attribute name= "Current Time Running" value="2413" />
  <attribute name ="GC Interval" value="0" />
  <attribute name="ProportionalT" value="74.000000" />
  <attribute name="ProportionalI" value="74.000000" />
  <attribute name="ProportionalH" value="74.000000" />
  <attribute name="Current Error" value="148.000000" />
  <attribute name="IntegralT" value="2072.000000" />
  <attribute name="IntegralI" value="2072.000000" />
  <attribute name="IntegralH" value="2072.000000" />
  <attribute name="DerivativeT" value="-0.428571" />
  <attribute name="DerivativeI" value="-0.428571" />
  <attribute name="DerivativeH" value="-0.428571" />
  <attribute name="Loop Time for DT" value="14.000000" />
  <attribute name="Output H" value="8388608"/>
  <attribute name="Output I" value="2152"/>
  <attribute name="Output T" value="4"/>
  <attribute name="Target GC Util Change" value ="20.000000" />
  <attribute name="Current GC Util Change" value="168.000000"/>
  <attribute name="GC Util currently" value="168" />
  <attribute name="CPU Util currently" value="327139325573" />
<allocation-satisfied id="46" threadId="00000000018E3D00" bytesRequested="40" />
<af-end id="47" timestamp="2019-06-15T08:01:08.143" threadId="00000000018E4688" success="true" />
<exclusive-end id="48" timestamp="2019-06-15T08:01:08.143" durationms="20.870" />

<exclusive-start id="49" timestamp="2019-06-15T08:01:09.047" intervalms="924.657">
  <response-info timems="0.031" idlems="0.031" threads="0" lastid="00000000018E0100" lastname="Thread-10" />
</exclusive-start>
<af-start id="50" threadId="00000000018E0A88" totalBytesRequested="40" timestamp="2019-06-15T08:01:09.047" intervalms="924.640" />
<cycle-start id="51" type="global" contextid="0" timestamp="2019-06-15T08:01:09.048" intervalms="924.678" />
<gc-start id="52" type="global" contextid="51" timestamp="2019-06-15T08:01:09.048">
  <mem-info id="53" free="104631296" total="2092630016" percent="4">
    <mem type="tenure" free="104631296" total="2092630016" percent="4">
      <mem type="soa" free="0" total="1987998720" percent="0" />
      <mem type="loa" free="104631296" total="104631296" percent="100" />
    </mem>
  </mem-info>
</gc-start>
<allocation-stats totalBytes="1981992984" >
  <allocated-bytes non-tlh="0" tlh="1981992984" />
  <largest-consumer threadName="Thread-10" threadId="00000000018E0100" bytes="546399104" />
</allocation-stats>
<gc-op id="54" type="mark" timems="3.707" contextid="51" timestamp="2019-06-15T08:01:09.052">
  <trace-info objectcount="70993" scancount="62570" scanbytes="2389576" />
  <finalization candidates="124" enqueued="0" />
  <ownableSynchronizers candidates="3" cleared="0" />
  <references type="soft" candidates="148" cleared="0" enqueued="0" dynamicThreshold="31" maxThreshold="32" />
  <references type="weak" candidates="769" cleared="0" enqueued="0" />
  <references type="phantom" candidates="63" cleared="0" enqueued="0" />
  <stringconstants candidates="4597" cleared="0"  />
</gc-op>
<gc-op id="55" type="sweep" timems="2.032" contextid="51" timestamp="2019-06-15T08:01:09.054" />
<mem-info id="56" free="2086557000" total="2092630016" percent="99">
  <mem type="tenure" free="2086557000" total="2092630016" percent="99" micro-fragmented="592" macro-fragmented="0">
    <mem type="soa" free="1981925704" total="1987998720" percent="99" />
    <mem type="loa" free="104631296" total="104631296" percent="100" />
  </mem>
</mem-info>
<gc-op id="57" type="compact" timems="13.056" contextid="51" timestamp="2019-06-15T08:01:09.067">
  <compact-info movecount="50397" movebytes="4975576" reason="compact to aid heap contraction" />
</gc-op>
<gc-end id="58" type="global" contextid="51" durationms="19.882" usertimems="44.000" systemtimems="0.000" timestamp="2019-06-15T08:01:09.068" activeThreads="4">
  <mem-info id="59" free="2086633016" total="2092630016" percent="99">
    <mem type="tenure" free="2086633016" total="2092630016" percent="99">
      <mem type="soa" free="1982001720" total="1987998720" percent="99" />
      <mem type="loa" free="104631296" total="104631296" percent="100" />
    </mem>
  </mem-info>
</gc-end>
<cycle-end id="60" type="global" contextid="51" timestamp="2019-06-15T08:01:09.068" />
  <attribute name="elasticGC enabled" value="1" />
  <attribute name= "numThreadsSpecified" value="4" />
  <attribute name="heapSize specified" value="2092630016" />
  <attribute name="Current GC Util" value="168" />
  <attribute name= "Current Time Running" value="3338" />
  <attribute name ="GC Interval" value="0" />
  <attribute name="ProportionalT" value="74.000000" />
  <attribute name="ProportionalI" value="74.000000" />
  <attribute name="ProportionalH" value="74.000000" />
  <attribute name="Current Error" value="148.000000" />
  <attribute name="IntegralT" value="2072.000000" />
  <attribute name="IntegralI" value="2072.000000" />
  <attribute name="IntegralH" value="2072.000000" />
  <attribute name="DerivativeT" value="-4.714286" />
  <attribute name="DerivativeI" value="-4.714286" />
  <attribute name="DerivativeH" value="-4.714286" />
  <attribute name="Loop Time for DT" value="14.000000" />
  <attribute name="Output H" value="8388608"/>
  <attribute name="Output I" value="2144"/>
  <attribute name="Output T" value="4"/>
  <attribute name="Target GC Util Change" value ="20.000000" />
  <attribute name="Current GC Util Change" value="168.000000"/>
  <attribute name="GC Util currently" value="168" />
  <attribute name="CPU Util currently" value="349021554224" />
<allocation-satisfied id="61" threadId="00000000018E0100" bytesRequested="40" />
<af-end id="62" timestamp="2019-06-15T08:01:09.068" threadId="00000000018E0A88" success="true" />
<exclusive-end id="63" timestamp="2019-06-15T08:01:09.068" durationms="21.079" />

<exclusive-start id="64" timestamp="2019-06-15T08:01:10.001" intervalms="953.635">
  <response-info timems="0.037" idlems="0.037" threads="0" lastid="00000000018EB500" lastname="Thread-8" />
</exclusive-start>
<af-start id="65" threadId="00000000018EBE88" totalBytesRequested="24" timestamp="2019-06-15T08:01:10.001" intervalms="953.628" />
<cycle-start id="66" type="global" contextid="0" timestamp="2019-06-15T08:01:10.001" intervalms="953.600" />
<gc-start id="67" type="global" contextid="66" timestamp="2019-06-15T08:01:10.001">
  <mem-info id="68" free="104631296" total="2092630016" percent="4">
    <mem type="tenure" free="104631296" total="2092630016" percent="4">
      <mem type="soa" free="0" total="1987998720" percent="0" />
      <mem type="loa" free="104631296" total="104631296" percent="100" />
    </mem>
  </mem-info>
</gc-start>
<allocation-stats totalBytes="1981929624" >
  <allocated-bytes non-tlh="0" tlh="1981929624" />
  <largest-consumer threadName="Thread-7" threadId="00000000018E7900" bytes="558967632" />
</allocation-stats>
<gc-op id="69" type="mark" timems="4.207" contextid="66" timestamp="2019-06-15T08:01:10.006">
  <trace-info objectcount="72461" scancount="64026" scanbytes="2425904" />
  <finalization candidates="124" enqueued="0" />
  <ownableSynchronizers candidates="3" cleared="0" />
  <references type="soft" candidates="148" cleared="0" enqueued="0" dynamicThreshold="31" maxThreshold="32" />
  <references type="weak" candidates="769" cleared="0" enqueued="0" />
  <references type="phantom" candidates="63" cleared="0" enqueued="0" />
  <stringconstants candidates="4597" cleared="0"  />
</gc-op>
<gc-op id="70" type="sweep" timems="2.157" contextid="66" timestamp="2019-06-15T08:01:10.008" />
<mem-info id="71" free="2086229360" total="2092630016" percent="99">
  <mem type="tenure" free="2086229360" total="2092630016" percent="99" micro-fragmented="67695" macro-fragmented="0">
    <mem type="soa" free="1981598064" total="1987998720" percent="99" />
    <mem type="loa" free="104631296" total="104631296" percent="100" />
  </mem>
</mem-info>
<gc-op id="72" type="compact" timems="9.615" contextid="66" timestamp="2019-06-15T08:01:10.018">
  <compact-info movecount="32276" movebytes="1740528" reason="compact to aid heap contraction" />
</gc-op>
<gc-end id="73" type="global" contextid="66" durationms="17.098" usertimems="36.000" systemtimems="0.000" timestamp="2019-06-15T08:01:10.018" activeThreads="4">
  <mem-info id="74" free="2086596688" total="2092630016" percent="99">
    <mem type="tenure" free="2086596688" total="2092630016" percent="99">
      <mem type="soa" free="1981965392" total="1987998720" percent="99" />
      <mem type="loa" free="104631296" total="104631296" percent="100" />
    </mem>
  </mem-info>
</gc-end>
<cycle-end id="75" type="global" contextid="66" timestamp="2019-06-15T08:01:10.019" />
  <attribute name="elasticGC enabled" value="1" />
  <attribute name= "numThreadsSpecified" value="4" />
  <attribute name="heapSize specified" value="2092630016" />
  <attribute name="Current GC Util" value="170" />
  <attribute name= "Current Time Running" value="4288" />
  <attribute name ="GC Interval" value="0" />
  <attribute name="ProportionalT" value="75.000000" />
  <attribute name="ProportionalI" value="75.000000" />
  <attribute name="ProportionalH" value="75.000000" />
  <attribute name="Current Error" value="150.000000" />
  <attribute name="IntegralT" value="1350.000000" />
  <attribute name="IntegralI" value="1350.000000" />
  <attribute name="IntegralH" value="1350.000000" />
  <attribute name="DerivativeT" value="-9.500000" />
  <attribute name="DerivativeI" value="-9.500000" />
  <attribute name="DerivativeH" value="-9.500000" />
  <attribute name="Loop Time for DT" value="9.000000" />
  <attribute name="Output H" value="8388608"/>
  <attribute name="Output I" value="1416"/>
  <attribute name="Output T" value="4"/>
  <attribute name="Target GC Util Change" value ="20.000000" />
  <attribute name="Current GC Util Change" value="170.000000"/>
  <attribute name="GC Util currently" value="170" />
  <attribute name="CPU Util currently" value="469764588807" />
<allocation-satisfied id="76" threadId="00000000018EB500" bytesRequested="24" />
<af-end id="77" timestamp="2019-06-15T08:01:10.019" threadId="00000000018EBE88" success="true" />
<exclusive-end id="78" timestamp="2019-06-15T08:01:10.019" durationms="18.107" />

</verbosegc>

