<?xml version="1.0" ?>

<verbosegc xmlns="http://www.ibm.com/j9/verbosegc" version="10b4217_CMPRSS">

<initialized id="1" timestamp="2019-06-17T03:21:06.903">
  <attribute name="gcPolicy" value="-Xgcpolicy:balanced" />
  <attribute name="elasticGC enabled" value="1" />
  <attribute name= "numThreadsSpecified" value="0" />
  <attribute name="heapSize specified" value="0" />
  <attribute name="Current GC Util" value="0" />
  <attribute name= "Current Time Running" value="0" />
  <attribute name ="GC Interval" value="0" />
  <attribute name="ProportionalT" value="0.000000" />
  <attribute name="ProportionalI" value="0.000000" />
  <attribute name="ProportionalH" value="0.000000" />
  <attribute name="IntegralT" value="0.000000" />
  <attribute name="IntegralI" value="0.000000" />
  <attribute name="IntegralH" value="0.000000" />
  <attribute name="DerivativeT" value="0.000000" />
  <attribute name="DerivativeI" value="0.000000" />
  <attribute name="DerivativeH" value="0.000000" />
  <attribute name="Target GC Util Change" value ="0.000000" />
  <attribute name="Current GC Util Change" value="0.000000"/>
  <attribute name="Current Error" value="0.000000" />
  <attribute name="Loop Time for DT" value="0.000000" />
  <attribute name="Output H" value="0"/>
  <attribute name="Output I" value="0"/>
  <attribute name="Output T" value="0"/>
  <attribute name="GC Util currently" value="0" />
  <attribute name="CPU Util currently" value="0" />
  <attribute name="maxHeapSize" value="0x7cb00000" />
  <attribute name="initialHeapSize" value="0x800000" />
  <attribute name="compressedRefs" value="true" />
  <attribute name="compressedRefsDisplacement" value="0x0" />
  <attribute name="compressedRefsShift" value="0x0" />
  <attribute name="pageSize" value="0x1000" />
  <attribute name="pageType" value="not used" />
  <attribute name="requestedPageSize" value="0x1000" />
  <attribute name="requestedPageType" value="not used" />
  <attribute name="gcthreads" value="4" />
  <attribute name="packetListSplit" value="4" />
  <attribute name="cacheListSplit" value="4" />
  <attribute name="splitFreeListSplitAmount" value="1" />
  <attribute name="numaNodes" value="0" />
  <region>
    <attribute name="regionSize" value="1048576" />
    <attribute name="regionCount" value="1995" />
    <attribute name="arrayletLeafSize" value="1048576" />
  </region>
  <system>
    <attribute name="physicalMemory" value="8370958336" />
    <attribute name="numCPUs" value="4" />
    <attribute name="architecture" value="amd64" />
    <attribute name="os" value="Linux" />
    <attribute name="osVersion" value="4.4.0-150-generic" />
  </system>
  <vmargs>
    <vmarg name="-Xoptionsfile=/vagrant/jdk/lib/options.default" />
    <vmarg name="-Xlockword:mode=default,noLockword=java/lang/String,noLockword=java/util/MapEntry,noLockword=java/util/HashMap$Entry,noLockword..." />
    <vmarg name="-Xjcl:jclse29" />
    <vmarg name="-Dcom.ibm.oti.vm.bootstrap.library.path=/vagrant/jdk/lib/compressedrefs:/vagrant/jdk/lib" />
    <vmarg name="-Dsun.boot.library.path=/vagrant/jdk/lib/compressedrefs:/vagrant/jdk/lib" />
    <vmarg name="-Djava.library.path=/vagrant/jdk/lib/compressedrefs:/vagrant/jdk/lib:/usr/lib64:/usr/lib" />
    <vmarg name="-Djava.home=/vagrant/jdk" />
    <vmarg name="-Duser.dir=/vagrant" />
    <vmarg name="-Xgcpolicy:balanced" />
    <vmarg name="-Xgcelastic" />
    <vmarg name="-Xcheck:gc:::elasticGC" />
    <vmarg name="-verbose:gc" />
    <vmarg name="-Xloggc:jdk1.5-1-1.5-default-BAL-4CORE-elasticverbose3pmd.txt" />
    <vmarg name="-Djava.class.path=dacapo-9.12-MR1-bach.jar" />
    <vmarg name="-Dsun.java.command=dacapo-9.12-MR1-bach.jar pmd --size=default" />
    <vmarg name="-Dsun.java.launcher=SUN_STANDARD" />
    <vmarg name="-Dsun.java.launcher.pid=2612" />
  </vmargs>
</initialized>

<exclusive-start id="2" timestamp="2019-06-17T03:21:18.621" intervalms="11718.244">
  <response-info timems="0.079" idlems="0.079" threads="0" lastid="000000000138C700" lastname="main" />
</exclusive-start>
<allocation-taxation id="3" taxation-threshold="8388608" timestamp="2019-06-17T03:21:18.622" intervalms="11718.795" />
<cycle-start id="4" type="partial gc" contextid="0" timestamp="2019-06-17T03:21:18.622" intervalms="11719.480" />
<gc-start id="5" type="partial gc" contextid="4" timestamp="2019-06-17T03:21:18.623">
  <mem-info id="6" free="0" total="8388608" percent="0">
    <mem type="eden" free="32" total="8388608" percent="0" />
    <remembered-set count="0" freebytes="334848" totalbytes="334848" percent="100" regionsoverflowed="0" regionsstable="0" regionsrebuilding="0"/>
  </mem-info>
</gc-start>
<allocation-stats totalBytes="8359312" >
  <allocated-bytes non-tlh="460328" tlh="7898984" arrayletleaf="0"/>
  <largest-consumer threadName="main" threadId="000000000138C700" bytes="8245024" />
</allocation-stats>
<gc-op id="7" type="mark" timems="2.811" contextid="4" timestamp="2019-06-17T03:21:18.627">
  <trace-info objectcount="20668" scancount="16401" scanbytes="543096" />
  <remembered-set-cleared processed="0" cleared="0" durationms="0.097" />
  <finalization candidates="46" enqueued="1" />
  <ownableSynchronizers candidates="4" cleared="3" />
  <references type="soft" candidates="67" cleared="0" enqueued="0" dynamicThreshold="32" maxThreshold="32" />
  <references type="weak" candidates="915" cleared="529" enqueued="452" />
  <references type="phantom" candidates="126" cleared="44" enqueued="44" />
  <stringconstants candidates="2485" cleared="0"  />
  <warning details="Mark for calibration purposes" />
</gc-op>
<gc-op id="8" type="classunload" timems="0.038" contextid="4" timestamp="2019-06-17T03:21:18.627">
  <classunload-info classloadercandidates="6" classloadersunloaded="0" classesunloaded="0" anonymousclassesunloaded="0" quiescems="0.000" setupms="0.038" scanms="0.000" postms="0.000" />
</gc-op>
<gc-op id="9" type="sweep" timems="1.868" contextid="4" timestamp="2019-06-17T03:21:18.629" />
<gc-op id="10" type="compact" timems="6.538" contextid="4" timestamp="2019-06-17T03:21:18.636">
  <compact-info movecount="20665" movebytes="1312328" />
  <remembered-set-cleared processed="0" cleared="0" durationms="0.097" />
</gc-op>
<gc-end id="11" type="partial gc" contextid="4" durationms="14.238" usertimems="8.000" systemtimems="4.000" timestamp="2019-06-17T03:21:18.637" activeThreads="4">
  <mem-info id="12" free="6291456" total="8388608" percent="75">
    <mem type="eden" free="761632" total="2097152" percent="36" />
    <pending-finalizers system="1" default="0" reference="496" classloader="0" />
    <remembered-set count="1024" freebytes="330752" totalbytes="334848" percent="98" regionsoverflowed="0" regionsstable="0" regionsrebuilding="0"/>
  </mem-info>
</gc-end>
<cycle-end id="13" type="partial gc" contextid="4" timestamp="2019-06-17T03:21:18.637" />
  <attribute name="elasticGC enabled" value="1" />
  <attribute name= "numThreadsSpecified" value="4" />
  <attribute name="heapSize specified" value="0" />
  <attribute name="Current GC Util" value="52" />
  <attribute name= "Current Time Running" value="11575" />
  <attribute name ="GC Interval" value="0" />
  <attribute name="ProportionalT" value="48.000000" />
  <attribute name="ProportionalI" value="48.000000" />
  <attribute name="ProportionalH" value="48.000000" />
  <attribute name="Current Error" value="32.000000" />
  <attribute name="IntegralT" value="-231344.000000" />
  <attribute name="IntegralI" value="-231344.000000" />
  <attribute name="IntegralH" value="-231344.000000" />
  <attribute name="DerivativeT" value="16.000000" />
  <attribute name="DerivativeI" value="16.000000" />
  <attribute name="DerivativeH" value="16.000000" />
  <attribute name="Loop Time for DT" value="3.000000" />
  <attribute name="Output H" value="2091843584"/>
  <attribute name="Output I" value="200"/>
  <attribute name="Output T" value="4"/>
  <attribute name="Target GC Util Change" value ="20.000000" />
  <attribute name="Current GC Util Change" value="52.000000"/>
  <attribute name="GC Util currently" value="52" />
  <attribute name="CPU Util currently" value="1836116634939" />
<exclusive-end id="14" timestamp="2019-06-17T03:21:18.637" durationms="16.277" />

<exclusive-start id="15" timestamp="2019-06-17T03:21:18.642" intervalms="20.863">
  <response-info timems="0.057" idlems="0.057" threads="0" lastid="000000000138C700" lastname="main" />
</exclusive-start>
<allocation-taxation id="16" taxation-threshold="6291456" timestamp="2019-06-17T03:21:18.642" intervalms="20.434" />
<cycle-start id="17" type="partial gc" contextid="0" timestamp="2019-06-17T03:21:18.642" intervalms="19.934" />
<gc-start id="18" type="partial gc" contextid="17" timestamp="2019-06-17T03:21:18.643">
  <mem-info id="19" free="0" total="8388608" percent="0">
    <mem type="eden" free="0" total="6291456" percent="0" />
    <pending-finalizers system="1" default="0" reference="150" classloader="0" />
    <remembered-set count="1024" freebytes="330752" totalbytes="334848" percent="98" regionsoverflowed="0" regionsstable="0" regionsrebuilding="0"/>
  </mem-info>
</gc-start>
<allocation-stats totalBytes="5744288" >
  <allocated-bytes non-tlh="88" tlh="5744200" arrayletleaf="0"/>
  <largest-consumer threadName="main" threadId="000000000138C700" bytes="5740104" />
</allocation-stats>
<gc-op id="20" type="mark" timems="2.621" contextid="17" timestamp="2019-06-17T03:21:18.646">
  <trace-info objectcount="20013" scancount="15846" scanbytes="531864" />
  <remembered-set-cleared processed="0" cleared="0" durationms="0.048" />
  <finalization candidates="45" enqueued="0" />
  <ownableSynchronizers candidates="1" cleared="0" />
  <references type="soft" candidates="67" cleared="0" enqueued="0" dynamicThreshold="24" maxThreshold="32" />
  <references type="weak" candidates="386" cleared="0" enqueued="0" />
  <references type="phantom" candidates="82" cleared="0" enqueued="0" />
  <stringconstants candidates="2485" cleared="0"  />
  <warning details="Mark invoked due to insufficient free space for Copy-Forward" />
</gc-op>
<gc-op id="21" type="classunload" timems="0.002" contextid="17" timestamp="2019-06-17T03:21:18.646">
  <classunload-info classloadercandidates="6" classloadersunloaded="0" classesunloaded="0" anonymousclassesunloaded="0" quiescems="0.000" setupms="0.002" scanms="0.000" postms="0.000" />
</gc-op>
<gc-op id="22" type="sweep" timems="0.508" contextid="17" timestamp="2019-06-17T03:21:18.647" />
<gc-op id="23" type="compact" timems="3.387" contextid="17" timestamp="2019-06-17T03:21:18.651">
  <compact-info movecount="16837" movebytes="1171568" />
  <remembered-set-cleared processed="0" cleared="0" durationms="0.048" />
</gc-op>
<gc-end id="24" type="partial gc" contextid="17" durationms="8.559" usertimems="8.000" systemtimems="0.000" timestamp="2019-06-17T03:21:18.651" activeThreads="4">
  <mem-info id="25" free="5242880" total="8388608" percent="62">
    <mem type="eden" free="1029936" total="1048576" percent="98" />
    <pending-finalizers system="1" default="0" reference="150" classloader="0" />
    <remembered-set count="2560" freebytes="324608" totalbytes="334848" percent="96" regionsoverflowed="0" regionsstable="0" regionsrebuilding="0"/>
  </mem-info>
</gc-end>
<cycle-end id="26" type="partial gc" contextid="17" timestamp="2019-06-17T03:21:18.651" />
  <attribute name="elasticGC enabled" value="1" />
  <attribute name= "numThreadsSpecified" value="4" />
  <attribute name="heapSize specified" value="0" />
  <attribute name="Current GC Util" value="18" />
  <attribute name= "Current Time Running" value="11593" />
  <attribute name ="GC Interval" value="0" />
  <attribute name="ProportionalT" value="-3.000000" />
  <attribute name="ProportionalI" value="-3.000000" />
  <attribute name="ProportionalH" value="-3.000000" />
  <attribute name="Current Error" value="-2.000000" />
  <attribute name="IntegralT" value="-2.000000" />
  <attribute name="IntegralI" value="-2.000000" />
  <attribute name="IntegralH" value="-2.000000" />
  <attribute name="DerivativeT" value="-105.000000" />
  <attribute name="DerivativeI" value="-105.000000" />
  <attribute name="DerivativeH" value="-105.000000" />
  <attribute name="Loop Time for DT" value="1.000000" />
  <attribute name="Output H" value="2091843584"/>
  <attribute name="Output I" value="200"/>
  <attribute name="Output T" value="4"/>
  <attribute name="Target GC Util Change" value ="20.000000" />
  <attribute name="Current GC Util Change" value="18.000000"/>
  <attribute name="GC Util currently" value="18" />
  <attribute name="CPU Util currently" value="4861504130809" />
<exclusive-end id="27" timestamp="2019-06-17T03:21:18.652" durationms="9.552" />

<exclusive-start id="28" timestamp="2019-06-17T03:21:18.653" intervalms="10.497">
  <response-info timems="0.021" idlems="0.021" threads="0" lastid="000000000138C700" lastname="main" />
</exclusive-start>
<allocation-taxation id="29" taxation-threshold="2097152" timestamp="2019-06-17T03:21:18.653" intervalms="10.483" />
<cycle-start id="30" type="global mark phase" contextid="0" timestamp="2019-06-17T03:21:18.653" intervalms="11750.095" />
<gc-start id="31" type="global mark phase" contextid="30" timestamp="2019-06-17T03:21:18.653">
  <mem-info id="32" free="3145728" total="8388608" percent="37">
    <pending-finalizers system="1" default="0" reference="0" classloader="0" />
    <remembered-set count="2112" freebytes="326400" totalbytes="334848" percent="97" regionsoverflowed="0" regionsstable="0" regionsrebuilding="0"/>
  </mem-info>
</gc-start>
<gc-op id="33" type="mark increment" timems="0.725" contextid="30" timestamp="2019-06-17T03:21:18.654">
  <trace-info objectcount="90" scancount="0" scanbytes="0" />
</gc-op>
<gc-end id="34" type="global mark phase" contextid="30" durationms="0.924" usertimems="0.000" systemtimems="0.000" timestamp="2019-06-17T03:21:18.654" activeThreads="1">
  <mem-info id="35" free="3145728" total="8388608" percent="37">
    <pending-finalizers system="1" default="0" reference="0" classloader="0" />
    <remembered-set count="2112" freebytes="326400" totalbytes="334848" percent="97" regionsoverflowed="0" regionsstable="0" regionsrebuilding="0"/>
  </mem-info>
</gc-end>
<concurrent-start id="36" type="GMP work packet processing" contextid="30" timestamp="2019-06-17T03:21:18.654">
  <concurrent-mark-start scanTarget="18446744073709551615" />
</concurrent-start>
<exclusive-end id="37" timestamp="2019-06-17T03:21:18.654" durationms="1.698" />

<exclusive-start id="38" timestamp="2019-06-17T03:21:18.655" intervalms="2.120">
  <response-info timems="0.021" idlems="0.021" threads="0" lastid="000000000138C700" lastname="main" />
</exclusive-start>
<allocation-taxation id="39" taxation-threshold="2097152" timestamp="2019-06-17T03:21:18.655" intervalms="2.072" />
<concurrent-end id="40" type="GMP work packet processing" contextid="30" timestamp="2019-06-17T03:21:18.655">
  <concurrent-mark-end bytesScanned="126280" reasonForTermination="Termination requested" />
</concurrent-end>

<cycle-start id="41" type="partial gc" contextid="0" timestamp="2019-06-17T03:21:18.655" intervalms="12.571" />
<gc-start id="42" type="partial gc" contextid="41" timestamp="2019-06-17T03:21:18.655">
  <mem-info id="43" free="1048576" total="8388608" percent="12">
    <mem type="eden" free="0" total="4194304" percent="0" />
    <remembered-set count="2112" freebytes="326400" totalbytes="334848" percent="97" regionsoverflowed="0" regionsstable="0" regionsrebuilding="0"/>
  </mem-info>
</gc-start>
<allocation-stats totalBytes="3698216" >
  <allocated-bytes non-tlh="0" tlh="3698216" arrayletleaf="0"/>
  <largest-consumer threadName="main" threadId="000000000138C700" bytes="1863728" />
</allocation-stats>
<gc-op id="44" type="copy forward" timems="2.429" contextid="41" timestamp="2019-06-17T03:21:18.658">
  <memory-copied type="eden" objects="9" bytes="20600" bytesdiscarded="264" />
  <memory-copied type="other" objects="15" bytes="3752" bytesdiscarded="664" />
  <memory-cardclean objects="657" bytes="23616" />
  <regions eden="4" other="1" />
  <remembered-set-cleared processed="849" cleared="73" durationms="0.063" />
  <stringconstants candidates="2485" cleared="0"  />
  <heap-resize type="expand" space="default" amount="1048576" count="1" timems="0.225" reason="continue current collection" />
</gc-op>
<gc-op id="45" type="classunload" timems="0.001" contextid="41" timestamp="2019-06-17T03:21:18.658">
  <classunload-info classloadercandidates="6" classloadersunloaded="0" classesunloaded="0" anonymousclassesunloaded="0" quiescems="0.000" setupms="0.001" scanms="0.000" postms="0.000" />
</gc-op>
<heap-resize id="46" type="expand" space="default" amount="1048576" count="1" timems="0.051" reason="excessive time being spent in gc" timestamp="2019-06-17T03:21:18.658" />
<gc-end id="47" type="partial gc" contextid="41" durationms="3.599" usertimems="4.000" systemtimems="0.000" timestamp="2019-06-17T03:21:18.659" activeThreads="4">
  <mem-info id="48" free="6291456" total="10485760" percent="60">
    <mem type="eden" free="1027712" total="1048576" percent="98" />
    <remembered-set count="1856" freebytes="411136" totalbytes="418560" percent="98" regionsoverflowed="0" regionsstable="0" regionsrebuilding="0"/>
  </mem-info>
</gc-end>
<cycle-end id="49" type="partial gc" contextid="41" timestamp="2019-06-17T03:21:18.659" />
  <attribute name="elasticGC enabled" value="1" />
  <attribute name= "numThreadsSpecified" value="4" />
  <attribute name="heapSize specified" value="0" />
  <attribute name="Current GC Util" value="30" />
  <attribute name= "Current Time Running" value="11601" />
  <attribute name ="GC Interval" value="0" />
  <attribute name="ProportionalT" value="15.000000" />
  <attribute name="ProportionalI" value="15.000000" />
  <attribute name="ProportionalH" value="15.000000" />
  <attribute name="Current Error" value="10.000000" />
  <attribute name="IntegralT" value="10.000000" />
  <attribute name="IntegralI" value="10.000000" />
  <attribute name="IntegralH" value="10.000000" />
  <attribute name="DerivativeT" value="15.000000" />
  <attribute name="DerivativeI" value="15.000000" />
  <attribute name="DerivativeH" value="15.000000" />
  <attribute name="Loop Time for DT" value="1.000000" />
  <attribute name="Output H" value="8388608"/>
  <attribute name="Output I" value="200"/>
  <attribute name="Output T" value="4"/>
  <attribute name="Target GC Util Change" value ="20.000000" />
  <attribute name="Current GC Util Change" value="30.000000"/>
  <attribute name="GC Util currently" value="30" />
  <attribute name="CPU Util currently" value="10950690087369" />
<concurrent-start id="50" type="GMP work packet processing" contextid="30" timestamp="2019-06-17T03:21:18.659">
  <concurrent-mark-start scanTarget="18446744073709425335" />
</concurrent-start>
<exclusive-end id="51" timestamp="2019-06-17T03:21:18.659" durationms="4.301" />

<concurrent-end id="52" type="GMP work packet processing" contextid="30" timestamp="2019-06-17T03:21:18.660">
  <concurrent-mark-end bytesScanned="402416" reasonForTermination="Completed all work in GC phase" />
</concurrent-end>

<exclusive-start id="53" timestamp="2019-06-17T03:21:18.660" intervalms="5.521">
  <response-info timems="0.025" idlems="0.025" threads="0" lastid="000000000138C700" lastname="main" />
</exclusive-start>
<allocation-taxation id="54" taxation-threshold="3145728" timestamp="2019-06-17T03:21:18.660" intervalms="5.590" />
<gc-start id="55" type="global mark phase" contextid="30" timestamp="2019-06-17T03:21:18.660">
  <mem-info id="56" free="3145728" total="10485760" percent="30">
    <remembered-set count="1856" freebytes="411136" totalbytes="418560" percent="98" regionsoverflowed="0" regionsstable="0" regionsrebuilding="0"/>
  </mem-info>
</gc-start>
<gc-op id="57" type="mark increment" timems="1.370" contextid="30" timestamp="2019-06-17T03:21:18.662">
  <trace-info objectcount="2" scancount="1" scanbytes="16" />
  <cardclean-info objects="118" bytes="4304" />
  <finalization candidates="45" enqueued="0" />
  <ownableSynchronizers candidates="1" cleared="0" />
  <references type="soft" candidates="67" cleared="0" enqueued="0" dynamicThreshold="19" maxThreshold="32" />
  <references type="weak" candidates="386" cleared="0" enqueued="0" />
  <references type="phantom" candidates="81" cleared="0" enqueued="0" />
  <stringconstants candidates="2485" cleared="0"  />
</gc-op>
<gc-op id="58" type="classunload" timems="0.001" contextid="30" timestamp="2019-06-17T03:21:18.662">
  <classunload-info classloadercandidates="6" classloadersunloaded="0" classesunloaded="0" anonymousclassesunloaded="0" quiescems="0.000" setupms="0.001" scanms="0.000" postms="0.000" />
</gc-op>
<gc-end id="59" type="global mark phase" contextid="30" durationms="1.778" usertimems="0.000" systemtimems="0.000" timestamp="2019-06-17T03:21:18.662" activeThreads="4">
  <mem-info id="60" free="3145728" total="10485760" percent="30">
    <remembered-set count="1856" freebytes="411136" totalbytes="418560" percent="98" regionsoverflowed="0" regionsstable="0" regionsrebuilding="0"/>
  </mem-info>
</gc-end>
<cycle-end id="61" type="global mark phase" contextid="30" timestamp="2019-06-17T03:21:18.662" />
  <attribute name="elasticGC enabled" value="1" />
  <attribute name= "numThreadsSpecified" value="4" />
  <attribute name="heapSize specified" value="0" />
  <attribute name="Current GC Util" value="0" />
  <attribute name= "Current Time Running" value="11606" />
  <attribute name ="GC Interval" value="0" />
  <attribute name="ProportionalT" value="-30.000000" />
  <attribute name="ProportionalI" value="-30.000000" />
  <attribute name="ProportionalH" value="-30.000000" />
  <attribute name="Current Error" value="-20.000000" />
  <attribute name="IntegralT" value="0.000000" />
  <attribute name="IntegralI" value="0.000000" />
  <attribute name="IntegralH" value="0.000000" />
  <attribute name="DerivativeT" value="-inf" />
  <attribute name="DerivativeI" value="-inf" />
  <attribute name="DerivativeH" value="-inf" />
  <attribute name="Loop Time for DT" value="0.000000" />
  <attribute name="Output H" value="2091843584"/>
  <attribute name="Output I" value="200"/>
  <attribute name="Output T" value="4"/>
  <attribute name="Target GC Util Change" value ="20.000000" />
  <attribute name="Current GC Util Change" value="0.000000"/>
  <attribute name="GC Util currently" value="0" />
  <attribute name="CPU Util currently" value="20537457215498" />
<exclusive-end id="62" timestamp="2019-06-17T03:21:18.663" durationms="2.386" />

<exclusive-start id="63" timestamp="2019-06-17T03:21:18.663" intervalms="3.210">
  <response-info timems="0.020" idlems="0.020" threads="0" lastid="000000000138C700" lastname="main" />
</exclusive-start>
<allocation-taxation id="64" taxation-threshold="3145728" timestamp="2019-06-17T03:21:18.663" intervalms="3.211" />
<cycle-start id="65" type="partial gc" contextid="0" timestamp="2019-06-17T03:21:18.664" intervalms="8.761" />
<gc-start id="66" type="partial gc" contextid="65" timestamp="2019-06-17T03:21:18.664">
  <mem-info id="67" free="0" total="10485760" percent="0">
    <mem type="eden" free="0" total="6291456" percent="0" />
    <remembered-set count="1856" freebytes="411136" totalbytes="418560" percent="98" regionsoverflowed="0" regionsstable="0" regionsrebuilding="0"/>
  </mem-info>
</gc-start>
<allocation-stats totalBytes="5592264" >
  <allocated-bytes non-tlh="0" tlh="5592264" arrayletleaf="0"/>
  <largest-consumer threadName="main" threadId="000000000138C700" bytes="2842760" />
</allocation-stats>
<gc-op id="68" type="sweep" timems="0.777" contextid="65" timestamp="2019-06-17T03:21:18.665" />
<gc-op id="69" type="copy forward" timems="1.220" contextid="65" timestamp="2019-06-17T03:21:18.667">
  <memory-copied type="eden" objects="2" bytes="22168" bytesdiscarded="0" />
  <memory-copied type="other" objects="5" bytes="2368" bytesdiscarded="248" />
  <memory-cardclean objects="16" bytes="536" />
  <regions eden="3" other="2" />
  <remembered-set-cleared processed="859" cleared="8" durationms="0.052" />
  <stringconstants candidates="2485" cleared="0"  />
</gc-op>
<gc-op id="70" type="classunload" timems="0.001" contextid="65" timestamp="2019-06-17T03:21:18.667">
  <classunload-info classloadercandidates="6" classloadersunloaded="0" classesunloaded="0" anonymousclassesunloaded="0" quiescems="0.000" setupms="0.001" scanms="0.000" postms="0.000" />
</gc-op>
<heap-resize id="71" type="expand" space="default" amount="2097152" count="1" timems="0.062" reason="excessive time being spent in gc" timestamp="2019-06-17T03:21:18.667" />
<gc-end id="72" type="partial gc" contextid="65" durationms="3.475" usertimems="4.000" systemtimems="0.000" timestamp="2019-06-17T03:21:18.667" activeThreads="4">
  <mem-info id="73" free="7340032" total="12582912" percent="58">
    <mem type="eden" free="1026408" total="1048576" percent="97" />
    <remembered-set count="2048" freebytes="494080" totalbytes="502272" percent="98" regionsoverflowed="0" regionsstable="0" regionsrebuilding="0"/>
  </mem-info>
</gc-end>
<cycle-end id="74" type="partial gc" contextid="65" timestamp="2019-06-17T03:21:18.667" />
  <attribute name="elasticGC enabled" value="1" />
  <attribute name= "numThreadsSpecified" value="4" />
  <attribute name="heapSize specified" value="0" />
  <attribute name="Current GC Util" value="115" />
  <attribute name= "Current Time Running" value="11611" />
  <attribute name ="GC Interval" value="0" />
  <attribute name="ProportionalT" value="142.500000" />
  <attribute name="ProportionalI" value="142.500000" />
  <attribute name="ProportionalH" value="142.500000" />
  <attribute name="Current Error" value="95.000000" />
  <attribute name="IntegralT" value="95.000000" />
  <attribute name="IntegralI" value="95.000000" />
  <attribute name="IntegralH" value="95.000000" />
  <attribute name="DerivativeT" value="19.500000" />
  <attribute name="DerivativeI" value="19.500000" />
  <attribute name="DerivativeH" value="19.500000" />
  <attribute name="Loop Time for DT" value="1.000000" />
  <attribute name="Output H" value="8388608"/>
  <attribute name="Output I" value="264"/>
  <attribute name="Output T" value="4"/>
  <attribute name="Target GC Util Change" value ="20.000000" />
  <attribute name="Current GC Util Change" value="115.000000"/>
  <attribute name="GC Util currently" value="115" />
  <attribute name="CPU Util currently" value="13862436364797" />
<exclusive-end id="75" timestamp="2019-06-17T03:21:18.668" durationms="4.308" />

<exclusive-start id="76" timestamp="2019-06-17T03:21:18.668" intervalms="5.111">
  <response-info timems="0.029" idlems="0.029" threads="0" lastid="000000000138C700" lastname="main" />
</exclusive-start>
<allocation-taxation id="77" taxation-threshold="3145728" timestamp="2019-06-17T03:21:18.669" intervalms="5.141" />
<cycle-start id="78" type="global mark phase" contextid="0" timestamp="2019-06-17T03:21:18.669" intervalms="15.794" />
<gc-start id="79" type="global mark phase" contextid="78" timestamp="2019-06-17T03:21:18.669">
  <mem-info id="80" free="4194304" total="12582912" percent="33">
    <remembered-set count="1632" freebytes="495744" totalbytes="502272" percent="98" regionsoverflowed="0" regionsstable="0" regionsrebuilding="0"/>
  </mem-info>
</gc-start>
<gc-op id="81" type="mark increment" timems="0.700" contextid="78" timestamp="2019-06-17T03:21:18.670">
  <trace-info objectcount="87" scancount="0" scanbytes="0" />
</gc-op>
<gc-end id="82" type="global mark phase" contextid="78" durationms="0.837" usertimems="0.000" systemtimems="0.000" timestamp="2019-06-17T03:21:18.670" activeThreads="4">
  <mem-info id="83" free="4194304" total="12582912" percent="33">
    <remembered-set count="1632" freebytes="495744" totalbytes="502272" percent="98" regionsoverflowed="0" regionsstable="0" regionsrebuilding="0"/>
  </mem-info>
</gc-end>
<concurrent-start id="84" type="GMP work packet processing" contextid="78" timestamp="2019-06-17T03:21:18.670">
  <concurrent-mark-start scanTarget="18446744073709551615" />
</concurrent-start>
<exclusive-end id="85" timestamp="2019-06-17T03:21:18.670" durationms="1.534" />

<concurrent-end id="86" type="GMP work packet processing" contextid="78" timestamp="2019-06-17T03:21:18.671">
  <concurrent-mark-end bytesScanned="528248" reasonForTermination="Completed all work in GC phase" />
</concurrent-end>

<exclusive-start id="87" timestamp="2019-06-17T03:21:18.671" intervalms="3.033">
  <response-info timems="0.019" idlems="0.019" threads="0" lastid="000000000138C700" lastname="main" />
</exclusive-start>
<allocation-taxation id="88" taxation-threshold="3145728" timestamp="2019-06-17T03:21:18.672" intervalms="2.978" />
<cycle-start id="89" type="partial gc" contextid="0" timestamp="2019-06-17T03:21:18.672" intervalms="8.101" />
<gc-start id="90" type="partial gc" contextid="89" timestamp="2019-06-17T03:21:18.672">
  <mem-info id="91" free="1048576" total="12582912" percent="8">
    <mem type="eden" free="1026408" total="7340032" percent="13" />
    <remembered-set count="1632" freebytes="495744" totalbytes="502272" percent="98" regionsoverflowed="0" regionsstable="0" regionsrebuilding="0"/>
  </mem-info>
</gc-start>
<allocation-stats totalBytes="4814712" >
  <allocated-bytes non-tlh="135136" tlh="4679576" arrayletleaf="0"/>
  <largest-consumer threadName="main" threadId="000000000138C700" bytes="2364544" />
</allocation-stats>
<gc-op id="92" type="copy forward" timems="0.850" contextid="89" timestamp="2019-06-17T03:21:18.674">
  <memory-copied type="eden" objects="2" bytes="25104" bytesdiscarded="0" />
  <memory-copied type="other" objects="0" bytes="0" bytesdiscarded="0" />
  <memory-cardclean objects="0" bytes="0" />
  <regions eden="6" other="1" />
  <remembered-set-cleared processed="864" cleared="0" durationms="0.064" />
  <stringconstants candidates="2485" cleared="0"  />
</gc-op>
<gc-op id="93" type="classunload" timems="0.001" contextid="89" timestamp="2019-06-17T03:21:18.674">
  <classunload-info classloadercandidates="6" classloadersunloaded="0" classesunloaded="0" anonymousclassesunloaded="0" quiescems="0.000" setupms="0.001" scanms="0.000" postms="0.000" />
</gc-op>
<heap-resize id="94" type="expand" space="default" amount="1048576" count="1" timems="0.054" reason="excessive time being spent in gc" timestamp="2019-06-17T03:21:18.674" />
<gc-end id="95" type="partial gc" contextid="89" durationms="2.134" usertimems="4.000" systemtimems="0.000" timestamp="2019-06-17T03:21:18.674" activeThreads="1">
  <mem-info id="96" free="8388608" total="13631488" percent="61">
    <mem type="eden" free="1023472" total="1048576" percent="97" />
    <remembered-set count="1632" freebytes="537600" totalbytes="544128" percent="98" regionsoverflowed="0" regionsstable="0" regionsrebuilding="0"/>
  </mem-info>
</gc-end>
<cycle-end id="97" type="partial gc" contextid="89" timestamp="2019-06-17T03:21:18.674" />
  <attribute name="elasticGC enabled" value="1" />
  <attribute name= "numThreadsSpecified" value="1" />
  <attribute name="heapSize specified" value="0" />
  <attribute name="Current GC Util" value="122" />
  <attribute name= "Current Time Running" value="11618" />
  <attribute name ="GC Interval" value="0" />
  <attribute name="ProportionalT" value="153.000000" />
  <attribute name="ProportionalI" value="153.000000" />
  <attribute name="ProportionalH" value="153.000000" />
  <attribute name="Current Error" value="102.000000" />
  <attribute name="IntegralT" value="0.000000" />
  <attribute name="IntegralI" value="0.000000" />
  <attribute name="IntegralH" value="0.000000" />
  <attribute name="DerivativeT" value="inf" />
  <attribute name="DerivativeI" value="inf" />
  <attribute name="DerivativeH" value="inf" />
  <attribute name="Loop Time for DT" value="0.000000" />
  <attribute name="Output H" value="8388608"/>
  <attribute name="Output I" value="200"/>
  <attribute name="Output T" value="1"/>
  <attribute name="Target GC Util Change" value ="20.000000" />
  <attribute name="Current GC Util Change" value="122.000000"/>
  <attribute name="GC Util currently" value="122" />
  <attribute name="CPU Util currently" value="13599621406756" />
<exclusive-end id="98" timestamp="2019-06-17T03:21:18.674" durationms="2.917" />

<exclusive-start id="99" timestamp="2019-06-17T03:21:18.675" intervalms="3.652">
  <response-info timems="0.020" idlems="0.020" threads="0" lastid="000000000138C700" lastname="main" />
</exclusive-start>
<sys-start reason="explicit" id="100" timestamp="2019-06-17T03:21:18.675" intervalms="11772.384" />
<cycle-continue id="101" oldtype="global mark phase" newtype="global garbage collect" contextid="78" timestamp="2019-06-17T03:21:18.675" />
  <attribute name="elasticGC enabled" value="1" />
  <attribute name= "numThreadsSpecified" value="1" />
  <attribute name="heapSize specified" value="0" />
  <attribute name="Current GC Util" value="122" />
  <attribute name= "Current Time Running" value="11618" />
  <attribute name ="GC Interval" value="0" />
  <attribute name="ProportionalT" value="153.000000" />
  <attribute name="ProportionalI" value="153.000000" />
  <attribute name="ProportionalH" value="153.000000" />
  <attribute name="IntegralT" value="0.000000" />
  <attribute name="IntegralI" value="0.000000" />
  <attribute name="IntegralH" value="0.000000" />
  <attribute name="DerivativeT" value="inf" />
  <attribute name="DerivativeI" value="inf" />
  <attribute name="DerivativeH" value="inf" />
  <attribute name="Current Error" value="102.000000" />
  <attribute name="Target GC Util Change" value ="20.000000" />
  <attribute name="Current GC Util Change" value="122.000000"/>
  <attribute name="Loop Time for DT" value="0.000000" />
  <attribute name="Output H" value="8388608"/>
  <attribute name="Output I" value="200"/>
  <attribute name="Output T" value="1"/>
  <attribute name="GC Util currently" value="122" />
  <attribute name="CPU Util currently" value="13599621406756" />
<gc-start id="102" type="global garbage collect" contextid="78" timestamp="2019-06-17T03:21:18.676">
  <mem-info id="103" free="5321608" total="13631488" percent="39">
    <mem type="eden" free="1102200" total="4194304" percent="26" />
    <remembered-set count="1632" freebytes="537600" totalbytes="544128" percent="98" regionsoverflowed="0" regionsstable="0" regionsrebuilding="0"/>
  </mem-info>
</gc-start>
<allocation-stats totalBytes="2588208" >
  <allocated-bytes non-tlh="203904" tlh="2384304" arrayletleaf="0"/>
  <largest-consumer threadName="main" threadId="000000000138C700" bytes="2588208" />
</allocation-stats>
<gc-op id="104" type="global mark" timems="1.896" contextid="78" timestamp="2019-06-17T03:21:18.678">
  <trace-info objectcount="38" scancount="19" scanbytes="304" />
  <cardclean-info objects="15" bytes="480" />
  <finalization candidates="45" enqueued="0" />
  <ownableSynchronizers candidates="1" cleared="0" />
  <references type="soft" candidates="67" cleared="0" enqueued="0" dynamicThreshold="19" maxThreshold="32" />
  <references type="weak" candidates="386" cleared="0" enqueued="0" />
  <references type="phantom" candidates="81" cleared="0" enqueued="0" />
  <stringconstants candidates="2485" cleared="0"  />
</gc-op>
<gc-op id="105" type="classunload" timems="0.001" contextid="78" timestamp="2019-06-17T03:21:18.678">
  <classunload-info classloadercandidates="6" classloadersunloaded="0" classesunloaded="0" anonymousclassesunloaded="0" quiescems="0.000" setupms="0.001" scanms="0.000" postms="0.000" />
</gc-op>
<gc-op id="106" type="sweep" timems="0.962" contextid="78" timestamp="2019-06-17T03:21:18.679" />
<gc-op id="107" type="compact" timems="4.013" contextid="78" timestamp="2019-06-17T03:21:18.683">
  <compact-info movecount="13684" movebytes="1022336" />
  <remembered-set-cleared processed="891" cleared="891" durationms="0.048" />
</gc-op>
<gc-end id="108" type="global garbage collect" contextid="78" durationms="8.032" usertimems="4.000" systemtimems="4.000" timestamp="2019-06-17T03:21:18.684" activeThreads="4">
  <mem-info id="109" free="8388608" total="13631488" percent="61">
    <remembered-set count="2560" freebytes="533888" totalbytes="544128" percent="98" regionsoverflowed="0" regionsstable="0" regionsrebuilding="0"/>
  </mem-info>
</gc-end>
<cycle-end id="110" type="global garbage collect" contextid="78" timestamp="2019-06-17T03:21:18.684" />
  <attribute name="elasticGC enabled" value="1" />
  <attribute name= "numThreadsSpecified" value="4" />
  <attribute name="heapSize specified" value="0" />
  <attribute name="Current GC Util" value="117" />
  <attribute name= "Current Time Running" value="11625" />
  <attribute name ="GC Interval" value="0" />
  <attribute name="ProportionalT" value="145.500000" />
  <attribute name="ProportionalI" value="145.500000" />
  <attribute name="ProportionalH" value="145.500000" />
  <attribute name="Current Error" value="97.000000" />
  <attribute name="IntegralT" value="194.000000" />
  <attribute name="IntegralI" value="194.000000" />
  <attribute name="IntegralH" value="194.000000" />
  <attribute name="DerivativeT" value="-12.750000" />
  <attribute name="DerivativeI" value="-12.750000" />
  <attribute name="DerivativeH" value="-12.750000" />
  <attribute name="Loop Time for DT" value="2.000000" />
  <attribute name="Output H" value="8388608"/>
  <attribute name="Output I" value="328"/>
  <attribute name="Output T" value="4"/>
  <attribute name="Target GC Util Change" value ="20.000000" />
  <attribute name="Current GC Util Change" value="117.000000"/>
  <attribute name="GC Util currently" value="117" />
  <attribute name="CPU Util currently" value="3821876192760" />
<sys-end id="111" timestamp="2019-06-17T03:21:18.684" />
<exclusive-end id="112" timestamp="2019-06-17T03:21:18.684" durationms="9.009" />

<exclusive-start id="113" timestamp="2019-06-17T03:21:19.689" intervalms="1013.972">
  <response-info timems="0.200" idlems="0.107" threads="1" lastid="00000000016A0800" lastname="PmdThread 2" />
</exclusive-start>
<allocation-taxation id="114" taxation-threshold="8388608" timestamp="2019-06-17T03:21:19.689" intervalms="1017.614" />
<cycle-start id="115" type="partial gc" contextid="0" timestamp="2019-06-17T03:21:19.689" intervalms="1017.724" />
<gc-start id="116" type="partial gc" contextid="115" timestamp="2019-06-17T03:21:19.690">
  <mem-info id="117" free="0" total="13631488" percent="0">
    <mem type="eden" free="0" total="8388608" percent="0" />
    <remembered-set count="2112" freebytes="535680" totalbytes="544128" percent="98" regionsoverflowed="0" regionsstable="0" regionsrebuilding="0"/>
  </mem-info>
</gc-start>
<allocation-stats totalBytes="8357152" >
  <allocated-bytes non-tlh="192024" tlh="8165128" arrayletleaf="0"/>
  <largest-consumer threadName="main" threadId="000000000138C700" bytes="7853232" />
</allocation-stats>
<gc-op id="118" type="mark" timems="1.547" contextid="115" timestamp="2019-06-17T03:21:19.692">
  <trace-info objectcount="13479" scancount="9278" scanbytes="338288" />
  <cardclean-info objects="1049" bytes="43604" />
  <remembered-set-cleared processed="781" cleared="51" durationms="0.060" />
  <finalization candidates="6" enqueued="0" />
  <ownableSynchronizers candidates="7" cleared="0" />
  <references type="soft" candidates="3" cleared="0" enqueued="0" dynamicThreshold="19" maxThreshold="32" />
  <references type="weak" candidates="510" cleared="293" enqueued="216" />
  <references type="phantom" candidates="12" cleared="3" enqueued="3" />
  <stringconstants candidates="3409" cleared="0"  />
  <warning details="Mark invoked due to insufficient free space for Copy-Forward" />
</gc-op>
<gc-op id="119" type="classunload" timems="0.002" contextid="115" timestamp="2019-06-17T03:21:19.692">
  <classunload-info classloadercandidates="6" classloadersunloaded="0" classesunloaded="0" anonymousclassesunloaded="0" quiescems="0.000" setupms="0.002" scanms="0.000" postms="0.000" />
</gc-op>
<gc-op id="120" type="sweep" timems="0.395" contextid="115" timestamp="2019-06-17T03:21:19.692" />
<gc-op id="121" type="compact" timems="2.028" contextid="115" timestamp="2019-06-17T03:21:19.695">
  <compact-info movecount="13467" movebytes="885560" />
  <remembered-set-cleared processed="3364" cleared="1896" durationms="0.060" />
</gc-op>
<gc-end id="122" type="partial gc" contextid="115" durationms="5.290" usertimems="4.000" systemtimems="0.000" timestamp="2019-06-17T03:21:19.695" activeThreads="4">
  <mem-info id="123" free="7340032" total="13631488" percent="53">
    <mem type="eden" free="162232" total="1048576" percent="15" />
    <pending-finalizers system="0" default="0" reference="219" classloader="0" />
    <remembered-set count="2944" freebytes="532352" totalbytes="544128" percent="97" regionsoverflowed="0" regionsstable="0" regionsrebuilding="0"/>
  </mem-info>
</gc-end>
<cycle-end id="124" type="partial gc" contextid="115" timestamp="2019-06-17T03:21:19.695" />
  <attribute name="elasticGC enabled" value="1" />
  <attribute name= "numThreadsSpecified" value="4" />
  <attribute name="heapSize specified" value="0" />
  <attribute name="Current GC Util" value="24" />
  <attribute name= "Current Time Running" value="12638" />
  <attribute name ="GC Interval" value="0" />
  <attribute name="ProportionalT" value="6.000000" />
  <attribute name="ProportionalI" value="6.000000" />
  <attribute name="ProportionalH" value="6.000000" />
  <attribute name="Current Error" value="4.000000" />
  <attribute name="IntegralT" value="4.000000" />
  <attribute name="IntegralI" value="4.000000" />
  <attribute name="IntegralH" value="4.000000" />
  <attribute name="DerivativeT" value="6.000000" />
  <attribute name="DerivativeI" value="6.000000" />
  <attribute name="DerivativeH" value="6.000000" />
  <attribute name="Loop Time for DT" value="1.000000" />
  <attribute name="Output H" value="8388608"/>
  <attribute name="Output I" value="200"/>
  <attribute name="Output T" value="4"/>
  <attribute name="Target GC Util Change" value ="20.000000" />
  <attribute name="Current GC Util Change" value="24.000000"/>
  <attribute name="GC Util currently" value="24" />
  <attribute name="CPU Util currently" value="7064524111309" />
<exclusive-end id="125" timestamp="2019-06-17T03:21:19.695" durationms="6.230" />

<exclusive-start id="126" timestamp="2019-06-17T03:21:19.840" intervalms="150.962">
  <response-info timems="0.200" idlems="0.113" threads="1" lastid="00000000016A0800" lastname="PmdThread 2" />
</exclusive-start>
<allocation-taxation id="127" taxation-threshold="7340032" timestamp="2019-06-17T03:21:19.840" intervalms="150.947" />
<cycle-start id="128" type="partial gc" contextid="0" timestamp="2019-06-17T03:21:19.840" intervalms="150.774" />
<gc-start id="129" type="partial gc" contextid="128" timestamp="2019-06-17T03:21:19.840">
  <mem-info id="130" free="0" total="13631488" percent="0">
    <mem type="eden" free="432" total="7340032" percent="0" />
    <remembered-set count="2240" freebytes="535168" totalbytes="544128" percent="98" regionsoverflowed="0" regionsstable="1" regionsrebuilding="0"/>
  </mem-info>
</gc-start>
<allocation-stats totalBytes="7309072" >
  <allocated-bytes non-tlh="431528" tlh="6877544" arrayletleaf="0"/>
  <largest-consumer threadName="PmdThread 3" threadId="00000000016A4400" bytes="2093336" />
</allocation-stats>
<gc-op id="131" type="mark" timems="2.686" contextid="128" timestamp="2019-06-17T03:21:19.844">
  <trace-info objectcount="33847" scancount="27941" scanbytes="954600" />
  <cardclean-info objects="568" bytes="32112" />
  <remembered-set-cleared processed="863" cleared="233" durationms="0.060" />
  <finalization candidates="12" enqueued="0" />
  <ownableSynchronizers candidates="7" cleared="0" />
  <references type="soft" candidates="24" cleared="0" enqueued="0" dynamicThreshold="17" maxThreshold="32" />
  <references type="weak" candidates="288" cleared="25" enqueued="22" />
  <references type="phantom" candidates="15" cleared="4" enqueued="4" />
  <stringconstants candidates="4012" cleared="4"  />
  <warning details="Mark invoked due to insufficient free space for Copy-Forward" />
</gc-op>
<gc-op id="132" type="classunload" timems="0.002" contextid="128" timestamp="2019-06-17T03:21:19.844">
  <classunload-info classloadercandidates="6" classloadersunloaded="0" classesunloaded="0" anonymousclassesunloaded="0" quiescems="0.000" setupms="0.002" scanms="0.000" postms="0.000" />
</gc-op>
<gc-op id="133" type="sweep" timems="0.811" contextid="128" timestamp="2019-06-17T03:21:19.845" />
<gc-op id="134" type="compact" timems="3.433" contextid="128" timestamp="2019-06-17T03:21:19.848">
  <compact-info movecount="33785" movebytes="1823416" />
  <remembered-set-cleared processed="2125" cleared="864" durationms="0.060" />
</gc-op>
<gc-end id="135" type="partial gc" contextid="128" durationms="8.107" usertimems="4.000" systemtimems="4.000" timestamp="2019-06-17T03:21:19.849" activeThreads="4">
  <mem-info id="136" free="5242880" total="13631488" percent="38">
    <mem type="eden" free="736400" total="2097152" percent="35" />
    <pending-finalizers system="0" default="0" reference="26" classloader="0" />
    <remembered-set count="3840" freebytes="528768" totalbytes="544128" percent="97" regionsoverflowed="0" regionsstable="1" regionsrebuilding="0"/>
  </mem-info>
</gc-end>
<cycle-end id="137" type="partial gc" contextid="128" timestamp="2019-06-17T03:21:19.849" />
  <attribute name="elasticGC enabled" value="1" />
  <attribute name= "numThreadsSpecified" value="4" />
  <attribute name="heapSize specified" value="0" />
  <attribute name="Current GC Util" value="108" />
  <attribute name= "Current Time Running" value="12790" />
  <attribute name ="GC Interval" value="0" />
  <attribute name="ProportionalT" value="132.000000" />
  <attribute name="ProportionalI" value="132.000000" />
  <attribute name="ProportionalH" value="132.000000" />
  <attribute name="Current Error" value="88.000000" />
  <attribute name="IntegralT" value="88.000000" />
  <attribute name="IntegralI" value="88.000000" />
  <attribute name="IntegralH" value="88.000000" />
  <attribute name="DerivativeT" value="132.000000" />
  <attribute name="DerivativeI" value="132.000000" />
  <attribute name="DerivativeH" value="132.000000" />
  <attribute name="Loop Time for DT" value="1.000000" />
  <attribute name="Output H" value="8388608"/>
  <attribute name="Output I" value="352"/>
  <attribute name="Output T" value="4"/>
  <attribute name="Target GC Util Change" value ="20.000000" />
  <attribute name="Current GC Util Change" value="108.000000"/>
  <attribute name="GC Util currently" value="108" />
  <attribute name="CPU Util currently" value="4642946979067" />
<exclusive-end id="138" timestamp="2019-06-17T03:21:19.849" durationms="8.853" />

<exclusive-start id="139" timestamp="2019-06-17T03:21:19.913" intervalms="72.911">
  <response-info timems="0.035" idlems="0.035" threads="0" lastid="00000000016A0800" lastname="PmdThread 2" />
</exclusive-start>
<allocation-taxation id="140" taxation-threshold="5242880" timestamp="2019-06-17T03:21:19.913" intervalms="72.947" />
<cycle-start id="141" type="partial gc" contextid="0" timestamp="2019-06-17T03:21:19.913" intervalms="72.927" />
<gc-start id="142" type="partial gc" contextid="141" timestamp="2019-06-17T03:21:19.913">
  <mem-info id="143" free="0" total="13631488" percent="0">
    <mem type="eden" free="0" total="5242880" percent="0" />
    <remembered-set count="3424" freebytes="530432" totalbytes="544128" percent="97" regionsoverflowed="0" regionsstable="1" regionsrebuilding="0"/>
  </mem-info>
</gc-start>
<allocation-stats totalBytes="5237512" >
  <allocated-bytes non-tlh="58824" tlh="5178688" arrayletleaf="0"/>
  <largest-consumer threadName="PmdThread 2" threadId="00000000016A0800" bytes="1871944" />
</allocation-stats>
<gc-op id="144" type="mark" timems="2.599" contextid="141" timestamp="2019-06-17T03:21:19.916">
  <trace-info objectcount="37715" scancount="31822" scanbytes="1048680" />
  <cardclean-info objects="530" bytes="29244" />
  <remembered-set-cleared processed="1530" cleared="653" durationms="0.066" />
  <finalization candidates="6" enqueued="0" />
  <references type="soft" candidates="33" cleared="0" enqueued="0" dynamicThreshold="12" maxThreshold="32" />
  <references type="weak" candidates="233" cleared="122" enqueued="119" />
  <references type="phantom" candidates="7" cleared="2" enqueued="2" />
  <stringconstants candidates="4613" cleared="0"  />
  <warning details="Mark invoked due to insufficient free space for Copy-Forward" />
</gc-op>
<gc-op id="145" type="classunload" timems="0.002" contextid="141" timestamp="2019-06-17T03:21:19.916">
  <classunload-info classloadercandidates="6" classloadersunloaded="0" classesunloaded="0" anonymousclassesunloaded="0" quiescems="0.000" setupms="0.001" scanms="0.000" postms="0.000" />
</gc-op>
<gc-op id="146" type="sweep" timems="0.755" contextid="141" timestamp="2019-06-17T03:21:19.917" />
<gc-op id="147" type="compact" timems="4.569" contextid="141" timestamp="2019-06-17T03:21:19.922">
  <compact-info movecount="36134" movebytes="1650152" />
  <remembered-set-cleared processed="3835" cleared="2080" durationms="0.066" />
</gc-op>
<heap-resize id="148" type="expand" space="default" amount="3145728" count="1" timems="0.064" reason="insufficient free space following gc" timestamp="2019-06-17T03:21:19.923" />
<gc-end id="149" type="partial gc" contextid="141" durationms="9.387" usertimems="8.000" systemtimems="4.000" timestamp="2019-06-17T03:21:19.923" activeThreads="4">
  <mem-info id="150" free="7340032" total="16777216" percent="43">
    <mem type="eden" free="618064" total="1048576" percent="58" />
    <pending-finalizers system="0" default="0" reference="121" classloader="0" />
    <remembered-set count="4768" freebytes="650624" totalbytes="669696" percent="97" regionsoverflowed="0" regionsstable="1" regionsrebuilding="0"/>
  </mem-info>
</gc-end>
<cycle-end id="151" type="partial gc" contextid="141" timestamp="2019-06-17T03:21:19.923" />
  <attribute name="elasticGC enabled" value="1" />
  <attribute name= "numThreadsSpecified" value="4" />
  <attribute name="heapSize specified" value="0" />
  <attribute name="Current GC Util" value="95" />
  <attribute name= "Current Time Running" value="12863" />
  <attribute name ="GC Interval" value="0" />
  <attribute name="ProportionalT" value="112.500000" />
  <attribute name="ProportionalI" value="112.500000" />
  <attribute name="ProportionalH" value="112.500000" />
  <attribute name="Current Error" value="75.000000" />
  <attribute name="IntegralT" value="75.000000" />
  <attribute name="IntegralI" value="75.000000" />
  <attribute name="IntegralH" value="75.000000" />
  <attribute name="DerivativeT" value="112.500000" />
  <attribute name="DerivativeI" value="112.500000" />
  <attribute name="DerivativeH" value="112.500000" />
  <attribute name="Loop Time for DT" value="1.000000" />
  <attribute name="Output H" value="8388608"/>
  <attribute name="Output I" value="304"/>
  <attribute name="Output T" value="4"/>
  <attribute name="Target GC Util Change" value ="20.000000" />
  <attribute name="Current GC Util Change" value="95.000000"/>
  <attribute name="GC Util currently" value="95" />
  <attribute name="CPU Util currently" value="4801138960145" />
<exclusive-end id="152" timestamp="2019-06-17T03:21:19.923" durationms="10.283" />

<exclusive-start id="153" timestamp="2019-06-17T03:21:19.945" intervalms="32.158">
  <response-info timems="0.737" idlems="0.378" threads="1" lastid="00000000016A4400" lastname="PmdThread 3" />
</exclusive-start>
<allocation-taxation id="154" taxation-threshold="3145728" timestamp="2019-06-17T03:21:19.945" intervalms="32.117" />
<cycle-start id="155" type="global mark phase" contextid="0" timestamp="2019-06-17T03:21:19.945" intervalms="1276.520" />
<gc-start id="156" type="global mark phase" contextid="155" timestamp="2019-06-17T03:21:19.945">
  <mem-info id="157" free="4194304" total="16777216" percent="25">
    <remembered-set count="4672" freebytes="651008" totalbytes="669696" percent="97" regionsoverflowed="0" regionsstable="1" regionsrebuilding="0"/>
  </mem-info>
</gc-start>
<gc-op id="158" type="mark increment" timems="0.510" contextid="155" timestamp="2019-06-17T03:21:19.946">
  <trace-info objectcount="256" scancount="0" scanbytes="0" />
</gc-op>
<gc-end id="159" type="global mark phase" contextid="155" durationms="0.624" usertimems="0.000" systemtimems="0.000" timestamp="2019-06-17T03:21:19.946" activeThreads="1">
  <mem-info id="160" free="4194304" total="16777216" percent="25">
    <remembered-set count="4672" freebytes="651008" totalbytes="669696" percent="97" regionsoverflowed="0" regionsstable="0" regionsrebuilding="1"/>
  </mem-info>
</gc-end>
<concurrent-start id="161" type="GMP work packet processing" contextid="155" timestamp="2019-06-17T03:21:19.946">
  <concurrent-mark-start scanTarget="18446744073709551615" />
</concurrent-start>
<exclusive-end id="162" timestamp="2019-06-17T03:21:19.946" durationms="1.010" />

<concurrent-end id="163" type="GMP work packet processing" contextid="155" timestamp="2019-06-17T03:21:19.950">
  <concurrent-mark-end bytesScanned="1913964" reasonForTermination="Completed all work in GC phase" />
</concurrent-end>

<exclusive-start id="164" timestamp="2019-06-17T03:21:19.972" intervalms="26.708">
  <response-info timems="0.037" idlems="0.020" threads="1" lastid="000000000169CC00" lastname="PmdThread 1" />
</exclusive-start>
<allocation-taxation id="165" taxation-threshold="3145728" timestamp="2019-06-17T03:21:19.972" intervalms="26.726" />
<cycle-start id="166" type="partial gc" contextid="0" timestamp="2019-06-17T03:21:19.972" intervalms="58.859" />
<gc-start id="167" type="partial gc" contextid="166" timestamp="2019-06-17T03:21:19.972">
  <mem-info id="168" free="1048576" total="16777216" percent="6">
    <mem type="eden" free="0" total="6291456" percent="0" />
    <remembered-set count="11360" freebytes="624256" totalbytes="669696" percent="93" regionsoverflowed="0" regionsstable="0" regionsrebuilding="1"/>
  </mem-info>
</gc-start>
<allocation-stats totalBytes="6282312" >
  <allocated-bytes non-tlh="12552" tlh="6269760" arrayletleaf="0"/>
  <largest-consumer threadName="PmdThread 2" threadId="00000000016A0800" bytes="1817152" />
</allocation-stats>
<gc-op id="169" type="copy forward" timems="4.726" contextid="166" timestamp="2019-06-17T03:21:19.977">
  <memory-copied type="eden" objects="16876" bytes="459424" bytesdiscarded="0" />
  <memory-copied type="other" objects="11814" bytes="381440" bytesdiscarded="0" />
  <memory-cardclean objects="8731" bytes="371272" />
  <regions eden="6" other="1" />
  <remembered-set-cleared processed="9661" cleared="5866" durationms="0.140" />
  <references type="soft" candidates="82" cleared="0" enqueued="0" dynamicThreshold="8" maxThreshold="32" />
  <references type="weak" candidates="362" cleared="0" enqueued="0" />
  <stringconstants candidates="4805" cleared="0"  />
  <heap-resize type="expand" space="default" amount="1048576" count="1" timems="0.072" reason="continue current collection" />
</gc-op>
<gc-op id="170" type="classunload" timems="0.002" contextid="166" timestamp="2019-06-17T03:21:19.978">
  <classunload-info classloadercandidates="6" classloadersunloaded="0" classesunloaded="0" anonymousclassesunloaded="0" quiescems="0.000" setupms="0.002" scanms="0.000" postms="0.000" />
</gc-op>
<heap-resize id="171" type="expand" space="default" amount="1048576" count="1" timems="0.050" reason="insufficient free space following gc" timestamp="2019-06-17T03:21:19.978" />
<gc-end id="172" type="partial gc" contextid="166" durationms="5.763" usertimems="4.000" systemtimems="0.000" timestamp="2019-06-17T03:21:19.978" activeThreads="1">
  <mem-info id="173" free="8388608" total="18874368" percent="44">
    <mem type="eden" free="585896" total="1048576" percent="55" />
    <remembered-set count="8800" freebytes="718208" totalbytes="753408" percent="95" regionsoverflowed="0" regionsstable="0" regionsrebuilding="1"/>
  </mem-info>
</gc-end>
<cycle-end id="174" type="partial gc" contextid="166" timestamp="2019-06-17T03:21:19.978" />
  <attribute name="elasticGC enabled" value="1" />
  <attribute name= "numThreadsSpecified" value="1" />
  <attribute name="heapSize specified" value="0" />
  <attribute name="Current GC Util" value="60" />
  <attribute name= "Current Time Running" value="12918" />
  <attribute name ="GC Interval" value="0" />
  <attribute name="ProportionalT" value="60.000000" />
  <attribute name="ProportionalI" value="60.000000" />
  <attribute name="ProportionalH" value="60.000000" />
  <attribute name="Current Error" value="40.000000" />
  <attribute name="IntegralT" value="0.000000" />
  <attribute name="IntegralI" value="0.000000" />
  <attribute name="IntegralH" value="0.000000" />
  <attribute name="DerivativeT" value="inf" />
  <attribute name="DerivativeI" value="inf" />
  <attribute name="DerivativeH" value="inf" />
  <attribute name="Loop Time for DT" value="0.000000" />
  <attribute name="Output H" value="8388608"/>
  <attribute name="Output I" value="200"/>
  <attribute name="Output T" value="1"/>
  <attribute name="Target GC Util Change" value ="20.000000" />
  <attribute name="Current GC Util Change" value="60.000000"/>
  <attribute name="GC Util currently" value="60" />
  <attribute name="CPU Util currently" value="19850662306892" />
<exclusive-end id="175" timestamp="2019-06-17T03:21:19.978" durationms="6.579" />

<exclusive-start id="176" timestamp="2019-06-17T03:21:20.028" intervalms="56.196">
  <response-info timems="0.031" idlems="0.031" threads="0" lastid="000000000169CC00" lastname="PmdThread 1" />
</exclusive-start>
<allocation-taxation id="177" taxation-threshold="4194304" timestamp="2019-06-17T03:21:20.028" intervalms="56.229" />
<gc-start id="178" type="global mark phase" contextid="155" timestamp="2019-06-17T03:21:20.028">
  <mem-info id="179" free="4194304" total="18874368" percent="22">
    <remembered-set count="8768" freebytes="718336" totalbytes="753408" percent="95" regionsoverflowed="0" regionsstable="0" regionsrebuilding="1"/>
  </mem-info>
</gc-start>
<gc-op id="180" type="mark increment" timems="2.480" contextid="155" timestamp="2019-06-17T03:21:20.031">
  <trace-info objectcount="21045" scancount="18692" scanbytes="548416" />
  <cardclean-info objects="14081" bytes="475756" />
  <finalization candidates="57" enqueued="0" />
  <ownableSynchronizers candidates="8" cleared="0" />
  <references type="soft" candidates="212" cleared="0" enqueued="0" dynamicThreshold="14" maxThreshold="32" />
  <references type="weak" candidates="1126" cleared="411" enqueued="411" />
  <references type="phantom" candidates="92" cleared="3" enqueued="3" />
  <stringconstants candidates="4882" cleared="1"  />
</gc-op>
<gc-op id="181" type="classunload" timems="0.272" contextid="155" timestamp="2019-06-17T03:21:20.031">
  <classunload-info classloadercandidates="10" classloadersunloaded="1" classesunloaded="1" anonymousclassesunloaded="0" quiescems="0.000" setupms="0.262" scanms="0.007" postms="0.003" />
</gc-op>
<gc-end id="182" type="global mark phase" contextid="155" durationms="2.996" usertimems="0.000" systemtimems="4.000" timestamp="2019-06-17T03:21:20.031" activeThreads="4">
  <mem-info id="183" free="4194304" total="18874368" percent="22">
    <pending-finalizers system="0" default="0" reference="414" classloader="0" />
    <remembered-set count="11840" freebytes="706048" totalbytes="753408" percent="93" regionsoverflowed="0" regionsstable="0" regionsrebuilding="0"/>
  </mem-info>
</gc-end>
<cycle-end id="184" type="global mark phase" contextid="155" timestamp="2019-06-17T03:21:20.031" />
  <attribute name="elasticGC enabled" value="1" />
  <attribute name= "numThreadsSpecified" value="4" />
  <attribute name="heapSize specified" value="0" />
  <attribute name="Current GC Util" value="0" />
  <attribute name= "Current Time Running" value="12976" />
  <attribute name ="GC Interval" value="0" />
  <attribute name="ProportionalT" value="-30.000000" />
  <attribute name="ProportionalI" value="-30.000000" />
  <attribute name="ProportionalH" value="-30.000000" />
  <attribute name="Current Error" value="-20.000000" />
  <attribute name="IntegralT" value="-40.000000" />
  <attribute name="IntegralI" value="-40.000000" />
  <attribute name="IntegralH" value="-40.000000" />
  <attribute name="DerivativeT" value="-60.000000" />
  <attribute name="DerivativeI" value="-60.000000" />
  <attribute name="DerivativeH" value="-60.000000" />
  <attribute name="Loop Time for DT" value="2.000000" />
  <attribute name="Output H" value="2091843584"/>
  <attribute name="Output I" value="200"/>
  <attribute name="Output T" value="4"/>
  <attribute name="Target GC Util Change" value ="20.000000" />
  <attribute name="Current GC Util Change" value="0.000000"/>
  <attribute name="GC Util currently" value="0" />
  <attribute name="CPU Util currently" value="4252855579645" />
<exclusive-end id="185" timestamp="2019-06-17T03:21:20.032" durationms="3.592" />

<exclusive-start id="186" timestamp="2019-06-17T03:21:20.074" intervalms="46.258">
  <response-info timems="0.078" idlems="0.045" threads="1" lastid="0000000001393F00" lastname="JIT Compilation Thread-1" />
</exclusive-start>
<allocation-taxation id="187" taxation-threshold="4194304" timestamp="2019-06-17T03:21:20.074" intervalms="46.241" />
<cycle-start id="188" type="partial gc" contextid="0" timestamp="2019-06-17T03:21:20.074" intervalms="102.464" />
<gc-start id="189" type="partial gc" contextid="188" timestamp="2019-06-17T03:21:20.075">
  <mem-info id="190" free="0" total="18874368" percent="0">
    <mem type="eden" free="0" total="8388608" percent="0" />
    <remembered-set count="5120" freebytes="732928" totalbytes="753408" percent="97" regionsoverflowed="0" regionsstable="1" regionsrebuilding="0"/>
  </mem-info>
</gc-start>
<allocation-stats totalBytes="8373032" >
  <allocated-bytes non-tlh="9136" tlh="8363896" arrayletleaf="0"/>
  <largest-consumer threadName="PmdThread 1" threadId="000000000169CC00" bytes="1253352" />
</allocation-stats>
<gc-op id="191" type="sweep" timems="0.440" contextid="188" timestamp="2019-06-17T03:21:20.075" />
<gc-op id="192" type="mark" timems="3.087" contextid="188" timestamp="2019-06-17T03:21:20.079">
  <trace-info objectcount="42654" scancount="37983" scanbytes="1119528" />
  <cardclean-info objects="3707" bytes="144016" />
  <remembered-set-cleared processed="3879" cleared="690" durationms="0.095" />
  <references type="soft" candidates="111" cleared="0" enqueued="0" dynamicThreshold="7" maxThreshold="32" />
  <references type="weak" candidates="53" cleared="51" enqueued="51" />
  <references type="phantom" candidates="20" cleared="11" enqueued="11" />
  <stringconstants candidates="4890" cleared="0"  />
  <warning details="Mark invoked due to insufficient free space for Copy-Forward" />
</gc-op>
<gc-op id="193" type="classunload" timems="0.002" contextid="188" timestamp="2019-06-17T03:21:20.079">
  <classunload-info classloadercandidates="9" classloadersunloaded="0" classesunloaded="0" anonymousclassesunloaded="0" quiescems="0.000" setupms="0.001" scanms="0.000" postms="0.000" />
</gc-op>
<gc-op id="194" type="sweep" timems="0.454" contextid="188" timestamp="2019-06-17T03:21:20.080" />
<gc-op id="195" type="compact" timems="5.857" contextid="188" timestamp="2019-06-17T03:21:20.086">
  <compact-info movecount="42635" movebytes="1585928" />
  <remembered-set-cleared processed="8672" cleared="2005" durationms="0.095" />
</gc-op>
<heap-resize id="196" type="expand" space="default" amount="1048576" count="1" timems="0.055" reason="insufficient free space following gc" timestamp="2019-06-17T03:21:20.086" />
<gc-end id="197" type="partial gc" contextid="188" durationms="11.682" usertimems="12.000" systemtimems="0.000" timestamp="2019-06-17T03:21:20.086" activeThreads="1">
  <mem-info id="198" free="7340032" total="19922944" percent="36">
    <mem type="eden" free="894840" total="2097152" percent="42" />
    <pending-finalizers system="0" default="0" reference="62" classloader="0" />
    <remembered-set count="6496" freebytes="769280" totalbytes="795264" percent="96" regionsoverflowed="0" regionsstable="1" regionsrebuilding="0"/>
  </mem-info>
</gc-end>
<cycle-end id="199" type="partial gc" contextid="188" timestamp="2019-06-17T03:21:20.087" />
  <attribute name="elasticGC enabled" value="1" />
  <attribute name= "numThreadsSpecified" value="1" />
  <attribute name="heapSize specified" value="0" />
  <attribute name="Current GC Util" value="22" />
  <attribute name= "Current Time Running" value="13025" />
  <attribute name ="GC Interval" value="0" />
  <attribute name="ProportionalT" value="3.000000" />
  <attribute name="ProportionalI" value="3.000000" />
  <attribute name="ProportionalH" value="3.000000" />
  <attribute name="Current Error" value="2.000000" />
  <attribute name="IntegralT" value="0.000000" />
  <attribute name="IntegralI" value="0.000000" />
  <attribute name="IntegralH" value="0.000000" />
  <attribute name="DerivativeT" value="inf" />
  <attribute name="DerivativeI" value="inf" />
  <attribute name="DerivativeH" value="inf" />
  <attribute name="Loop Time for DT" value="0.000000" />
  <attribute name="Output H" value="8388608"/>
  <attribute name="Output I" value="200"/>
  <attribute name="Output T" value="1"/>
  <attribute name="Target GC Util Change" value ="20.000000" />
  <attribute name="Current GC Util Change" value="22.000000"/>
  <attribute name="GC Util currently" value="22" />
  <attribute name="CPU Util currently" value="6540461602286" />
<exclusive-end id="200" timestamp="2019-06-17T03:21:20.087" durationms="12.438" />

<exclusive-start id="201" timestamp="2019-06-17T03:21:20.162" intervalms="87.263">
  <response-info timems="0.026" idlems="0.026" threads="0" lastid="00000000016A4400" lastname="PmdThread 3" />
</exclusive-start>
<allocation-taxation id="202" taxation-threshold="7340032" timestamp="2019-06-17T03:21:20.162" intervalms="87.283" />
<cycle-start id="203" type="partial gc" contextid="0" timestamp="2019-06-17T03:21:20.162" intervalms="87.349" />
<gc-start id="204" type="partial gc" contextid="203" timestamp="2019-06-17T03:21:20.162">
  <mem-info id="205" free="0" total="19922944" percent="0">
    <mem type="eden" free="0" total="7340032" percent="0" />
    <remembered-set count="6496" freebytes="769280" totalbytes="795264" percent="96" regionsoverflowed="0" regionsstable="1" regionsrebuilding="0"/>
  </mem-info>
</gc-start>
<allocation-stats totalBytes="7328744" >
  <allocated-bytes non-tlh="5712" tlh="7323032" arrayletleaf="0"/>
  <largest-consumer threadName="PmdThread 4" threadId="00000000016A8000" bytes="3660192" />
</allocation-stats>
<gc-op id="206" type="mark" timems="2.517" contextid="203" timestamp="2019-06-17T03:21:20.165">
  <trace-info objectcount="31817" scancount="28339" scanbytes="928520" />
  <cardclean-info objects="1311" bytes="70284" />
  <remembered-set-cleared processed="4578" cleared="828" durationms="0.099" />
  <references type="soft" candidates="57" cleared="0" enqueued="0" dynamicThreshold="11" maxThreshold="32" />
  <references type="weak" candidates="116" cleared="115" enqueued="115" />
  <references type="phantom" candidates="13" cleared="5" enqueued="5" />
  <stringconstants candidates="4979" cleared="0"  />
  <warning details="Mark invoked due to insufficient free space for Copy-Forward" />
</gc-op>
<gc-op id="207" type="classunload" timems="0.002" contextid="203" timestamp="2019-06-17T03:21:20.165">
  <classunload-info classloadercandidates="9" classloadersunloaded="0" classesunloaded="0" anonymousclassesunloaded="0" quiescems="0.000" setupms="0.002" scanms="0.000" postms="0.000" />
</gc-op>
<gc-op id="208" type="sweep" timems="0.492" contextid="203" timestamp="2019-06-17T03:21:20.166" />
<gc-op id="209" type="compact" timems="4.669" contextid="203" timestamp="2019-06-17T03:21:20.171">
  <compact-info movecount="31285" movebytes="1447640" />
  <remembered-set-cleared processed="10272" cleared="2765" durationms="0.099" />
</gc-op>
<heap-resize id="210" type="expand" space="default" amount="2097152" count="1" timems="0.059" reason="insufficient free space following gc" timestamp="2019-06-17T03:21:20.171" />
<gc-end id="211" type="partial gc" contextid="203" durationms="9.074" usertimems="8.000" systemtimems="4.000" timestamp="2019-06-17T03:21:20.171" activeThreads="1">
  <mem-info id="212" free="8388608" total="22020096" percent="38">
    <mem type="eden" free="619672" total="1048576" percent="59" />
    <pending-finalizers system="0" default="0" reference="120" classloader="0" />
    <remembered-set count="7264" freebytes="849920" totalbytes="878976" percent="96" regionsoverflowed="0" regionsstable="1" regionsrebuilding="0"/>
  </mem-info>
</gc-end>
<cycle-end id="213" type="partial gc" contextid="203" timestamp="2019-06-17T03:21:20.171" />
  <attribute name="elasticGC enabled" value="1" />
  <attribute name= "numThreadsSpecified" value="1" />
  <attribute name="heapSize specified" value="0" />
  <attribute name="Current GC Util" value="24" />
  <attribute name= "Current Time Running" value="13111" />
  <attribute name ="GC Interval" value="0" />
  <attribute name="ProportionalT" value="6.000000" />
  <attribute name="ProportionalI" value="6.000000" />
  <attribute name="ProportionalH" value="6.000000" />
  <attribute name="Current Error" value="4.000000" />
  <attribute name="IntegralT" value="0.000000" />
  <attribute name="IntegralI" value="0.000000" />
  <attribute name="IntegralH" value="0.000000" />
  <attribute name="DerivativeT" value="inf" />
  <attribute name="DerivativeI" value="inf" />
  <attribute name="DerivativeH" value="inf" />
  <attribute name="Loop Time for DT" value="0.000000" />
  <attribute name="Output H" value="8388608"/>
  <attribute name="Output I" value="200"/>
  <attribute name="Output T" value="1"/>
  <attribute name="Target GC Util Change" value ="20.000000" />
  <attribute name="Current GC Util Change" value="24.000000"/>
  <attribute name="GC Util currently" value="24" />
  <attribute name="CPU Util currently" value="6897257982722" />
<exclusive-end id="214" timestamp="2019-06-17T03:21:20.172" durationms="10.123" />

<exclusive-start id="215" timestamp="2019-06-17T03:21:20.246" intervalms="84.491">
  <response-info timems="0.196" idlems="0.181" threads="1" lastid="00000000016A8000" lastname="PmdThread 4" />
</exclusive-start>
<allocation-taxation id="216" taxation-threshold="8388608" timestamp="2019-06-17T03:21:20.246" intervalms="84.450" />
<cycle-start id="217" type="partial gc" contextid="0" timestamp="2019-06-17T03:21:20.246" intervalms="84.391" />
<gc-start id="218" type="partial gc" contextid="217" timestamp="2019-06-17T03:21:20.246">
  <mem-info id="219" free="0" total="22020096" percent="0">
    <mem type="eden" free="0" total="8388608" percent="0" />
    <remembered-set count="6816" freebytes="851712" totalbytes="878976" percent="96" regionsoverflowed="0" regionsstable="1" regionsrebuilding="0"/>
  </mem-info>
</gc-start>
<allocation-stats totalBytes="8384968" >
  <allocated-bytes non-tlh="264" tlh="8384704" arrayletleaf="0"/>
  <largest-consumer threadName="PmdThread 4" threadId="00000000016A8000" bytes="2518272" />
</allocation-stats>
<gc-op id="220" type="mark" timems="1.664" contextid="217" timestamp="2019-06-17T03:21:20.249">
  <trace-info objectcount="12645" scancount="10755" scanbytes="345684" />
  <cardclean-info objects="2604" bytes="141084" />
  <remembered-set-cleared processed="5325" cleared="774" durationms="0.114" />
  <references type="soft" candidates="16" cleared="0" enqueued="0" dynamicThreshold="12" maxThreshold="32" />
  <references type="weak" candidates="173" cleared="173" enqueued="173" />
  <references type="phantom" candidates="57" cleared="34" enqueued="34" />
  <stringconstants candidates="4981" cleared="0"  />
  <warning details="Mark invoked due to insufficient free space for Copy-Forward" />
</gc-op>
<gc-op id="221" type="classunload" timems="0.002" contextid="217" timestamp="2019-06-17T03:21:20.249">
  <classunload-info classloadercandidates="10" classloadersunloaded="0" classesunloaded="0" anonymousclassesunloaded="0" quiescems="0.000" setupms="0.002" scanms="0.000" postms="0.000" />
</gc-op>
<gc-op id="222" type="sweep" timems="0.381" contextid="217" timestamp="2019-06-17T03:21:20.249" />
<gc-op id="223" type="compact" timems="2.287" contextid="217" timestamp="2019-06-17T03:21:20.252">
  <compact-info movecount="12642" movebytes="986376" />
  <remembered-set-cleared processed="11557" cleared="2454" durationms="0.114" />
</gc-op>
<heap-resize id="224" type="expand" space="default" amount="2097152" count="1" timems="0.060" reason="insufficient free space following gc" timestamp="2019-06-17T03:21:20.252" />
<gc-end id="225" type="partial gc" contextid="217" durationms="5.785" usertimems="0.000" systemtimems="8.000" timestamp="2019-06-17T03:21:20.252" activeThreads="4">
  <mem-info id="226" free="9437184" total="24117248" percent="39">
    <mem type="eden" free="153152" total="1048576" percent="14" />
    <pending-finalizers system="0" default="0" reference="207" classloader="0" />
    <remembered-set count="7904" freebytes="931072" totalbytes="962688" percent="96" regionsoverflowed="0" regionsstable="1" regionsrebuilding="0"/>
  </mem-info>
</gc-end>
<cycle-end id="227" type="partial gc" contextid="217" timestamp="2019-06-17T03:21:20.252" />
  <attribute name="elasticGC enabled" value="1" />
  <attribute name= "numThreadsSpecified" value="4" />
  <attribute name="heapSize specified" value="0" />
  <attribute name="Current GC Util" value="22" />
  <attribute name= "Current Time Running" value="13195" />
  <attribute name ="GC Interval" value="0" />
  <attribute name="ProportionalT" value="3.000000" />
  <attribute name="ProportionalI" value="3.000000" />
  <attribute name="ProportionalH" value="3.000000" />
  <attribute name="Current Error" value="2.000000" />
  <attribute name="IntegralT" value="2.000000" />
  <attribute name="IntegralI" value="2.000000" />
  <attribute name="IntegralH" value="2.000000" />
  <attribute name="DerivativeT" value="3.000000" />
  <attribute name="DerivativeI" value="3.000000" />
  <attribute name="DerivativeH" value="3.000000" />
  <attribute name="Loop Time for DT" value="1.000000" />
  <attribute name="Output H" value="8388608"/>
  <attribute name="Output I" value="200"/>
  <attribute name="Output T" value="4"/>
  <attribute name="Target GC Util Change" value ="20.000000" />
  <attribute name="Current GC Util Change" value="22.000000"/>
  <attribute name="GC Util currently" value="22" />
  <attribute name="CPU Util currently" value="7247671323913" />
<exclusive-end id="228" timestamp="2019-06-17T03:21:20.253" durationms="6.585" />

<exclusive-start id="229" timestamp="2019-06-17T03:21:20.317" intervalms="71.343">
  <response-info timems="0.115" idlems="0.115" threads="0" lastid="00000000016A4400" lastname="PmdThread 3" />
</exclusive-start>
<allocation-taxation id="230" taxation-threshold="9437184" timestamp="2019-06-17T03:21:20.318" intervalms="71.352" />
<cycle-start id="231" type="partial gc" contextid="0" timestamp="2019-06-17T03:21:20.318" intervalms="71.357" />
<gc-start id="232" type="partial gc" contextid="231" timestamp="2019-06-17T03:21:20.318">
  <mem-info id="233" free="0" total="24117248" percent="0">
    <mem type="eden" free="0" total="9437184" percent="0" />
    <remembered-set count="7552" freebytes="932480" totalbytes="962688" percent="96" regionsoverflowed="0" regionsstable="1" regionsrebuilding="0"/>
  </mem-info>
</gc-start>
<allocation-stats totalBytes="9428288" >
  <allocated-bytes non-tlh="8200" tlh="9420088" arrayletleaf="0"/>
  <largest-consumer threadName="PmdThread 4" threadId="00000000016A8000" bytes="2935816" />
</allocation-stats>
<gc-op id="234" type="mark" timems="1.501" contextid="231" timestamp="2019-06-17T03:21:20.320">
  <trace-info objectcount="12203" scancount="10923" scanbytes="370016" />
  <cardclean-info objects="1239" bytes="65084" />
  <remembered-set-cleared processed="6091" cleared="690" durationms="0.118" />
  <references type="weak" candidates="165" cleared="165" enqueued="165" />
  <references type="phantom" candidates="53" cleared="30" enqueued="30" />
  <stringconstants candidates="4981" cleared="0"  />
  <warning details="Mark invoked due to insufficient free space for Copy-Forward" />
</gc-op>
<gc-op id="235" type="classunload" timems="0.002" contextid="231" timestamp="2019-06-17T03:21:20.320">
  <classunload-info classloadercandidates="10" classloadersunloaded="0" classesunloaded="0" anonymousclassesunloaded="0" quiescems="0.000" setupms="0.002" scanms="0.000" postms="0.000" />
</gc-op>
<gc-op id="236" type="sweep" timems="0.396" contextid="231" timestamp="2019-06-17T03:21:20.320" />
<gc-op id="237" type="compact" timems="2.001" contextid="231" timestamp="2019-06-17T03:21:20.322">
  <compact-info movecount="12202" movebytes="952296" />
  <remembered-set-cleared processed="12566" cleared="1749" durationms="0.118" />
</gc-op>
<heap-resize id="238" type="expand" space="default" amount="2097152" count="1" timems="0.057" reason="insufficient free space following gc" timestamp="2019-06-17T03:21:20.323" />
<gc-end id="239" type="partial gc" contextid="231" durationms="5.234" usertimems="4.000" systemtimems="0.000" timestamp="2019-06-17T03:21:20.323" activeThreads="4">
  <mem-info id="240" free="10485760" total="26214400" percent="40">
    <mem type="eden" free="244864" total="1048576" percent="23" />
    <pending-finalizers system="0" default="0" reference="195" classloader="0" />
    <remembered-set count="8000" freebytes="1014400" totalbytes="1046400" percent="96" regionsoverflowed="0" regionsstable="1" regionsrebuilding="0"/>
  </mem-info>
</gc-end>
<cycle-end id="241" type="partial gc" contextid="231" timestamp="2019-06-17T03:21:20.323" />
  <attribute name="elasticGC enabled" value="1" />
  <attribute name= "numThreadsSpecified" value="4" />
  <attribute name="heapSize specified" value="0" />
  <attribute name="Current GC Util" value="23" />
  <attribute name= "Current Time Running" value="13266" />
  <attribute name ="GC Interval" value="0" />
  <attribute name="ProportionalT" value="4.500000" />
  <attribute name="ProportionalI" value="4.500000" />
  <attribute name="ProportionalH" value="4.500000" />
  <attribute name="Current Error" value="3.000000" />
  <attribute name="IntegralT" value="3.000000" />
  <attribute name="IntegralI" value="3.000000" />
  <attribute name="IntegralH" value="3.000000" />
  <attribute name="DerivativeT" value="4.500000" />
  <attribute name="DerivativeI" value="4.500000" />
  <attribute name="DerivativeH" value="4.500000" />
  <attribute name="Loop Time for DT" value="1.000000" />
  <attribute name="Output H" value="8388608"/>
  <attribute name="Output I" value="200"/>
  <attribute name="Output T" value="4"/>
  <attribute name="Target GC Util Change" value ="20.000000" />
  <attribute name="Current GC Util Change" value="23.000000"/>
  <attribute name="GC Util currently" value="23" />
  <attribute name="CPU Util currently" value="8288495991283" />
<exclusive-end id="242" timestamp="2019-06-17T03:21:20.323" durationms="6.041" />

<exclusive-start id="243" timestamp="2019-06-17T03:21:20.390" intervalms="72.772">
  <response-info timems="0.028" idlems="0.028" threads="0" lastid="00000000016A8000" lastname="PmdThread 4" />
</exclusive-start>
<allocation-taxation id="244" taxation-threshold="10485760" timestamp="2019-06-17T03:21:20.390" intervalms="72.792" />
<cycle-start id="245" type="partial gc" contextid="0" timestamp="2019-06-17T03:21:20.390" intervalms="72.789" />
<gc-start id="246" type="partial gc" contextid="245" timestamp="2019-06-17T03:21:20.391">
  <mem-info id="247" free="0" total="26214400" percent="0">
    <mem type="eden" free="0" total="10485760" percent="0" />
    <remembered-set count="7616" freebytes="1015936" totalbytes="1046400" percent="97" regionsoverflowed="0" regionsstable="1" regionsrebuilding="0"/>
  </mem-info>
</gc-start>
<allocation-stats totalBytes="10464832" >
  <allocated-bytes non-tlh="1024" tlh="10463808" arrayletleaf="0"/>
  <largest-consumer threadName="PmdThread 4" threadId="00000000016A8000" bytes="3152480" />
</allocation-stats>
<gc-op id="248" type="mark" timems="1.615" contextid="245" timestamp="2019-06-17T03:21:20.393">
  <trace-info objectcount="13917" scancount="12051" scanbytes="396960" />
  <cardclean-info objects="2378" bytes="97876" />
  <remembered-set-cleared processed="6244" cleared="818" durationms="0.093" />
  <references type="weak" candidates="195" cleared="195" enqueued="195" />
  <references type="phantom" candidates="48" cleared="41" enqueued="41" />
  <stringconstants candidates="4993" cleared="0"  />
  <warning details="Mark invoked due to insufficient free space for Copy-Forward" />
</gc-op>
<gc-op id="249" type="classunload" timems="0.002" contextid="245" timestamp="2019-06-17T03:21:20.393">
  <classunload-info classloadercandidates="10" classloadersunloaded="0" classesunloaded="0" anonymousclassesunloaded="0" quiescems="0.000" setupms="0.002" scanms="0.000" postms="0.000" />
</gc-op>
<gc-op id="250" type="sweep" timems="0.313" contextid="245" timestamp="2019-06-17T03:21:20.393" />
<gc-op id="251" type="compact" timems="1.967" contextid="245" timestamp="2019-06-17T03:21:20.396">
  <compact-info movecount="13912" movebytes="1168176" />
  <remembered-set-cleared processed="13136" cleared="2232" durationms="0.093" />
</gc-op>
<heap-resize id="252" type="expand" space="default" amount="1048576" count="1" timems="0.052" reason="insufficient free space following gc" timestamp="2019-06-17T03:21:20.396" />
<gc-end id="253" type="partial gc" contextid="245" durationms="5.460" usertimems="4.000" systemtimems="4.000" timestamp="2019-06-17T03:21:20.396" activeThreads="4">
  <mem-info id="254" free="10485760" total="27262976" percent="38">
    <mem type="eden" free="29992" total="1048576" percent="2" />
    <pending-finalizers system="0" default="0" reference="236" classloader="0" />
    <remembered-set count="8864" freebytes="1052800" totalbytes="1088256" percent="96" regionsoverflowed="0" regionsstable="1" regionsrebuilding="0"/>
  </mem-info>
</gc-end>
<cycle-end id="255" type="partial gc" contextid="245" timestamp="2019-06-17T03:21:20.396" />
  <attribute name="elasticGC enabled" value="1" />
  <attribute name= "numThreadsSpecified" value="4" />
  <attribute name="heapSize specified" value="0" />
  <attribute name="Current GC Util" value="29" />
  <attribute name= "Current Time Running" value="13339" />
  <attribute name ="GC Interval" value="0" />
  <attribute name="ProportionalT" value="13.500000" />
  <attribute name="ProportionalI" value="13.500000" />
  <attribute name="ProportionalH" value="13.500000" />
  <attribute name="Current Error" value="9.000000" />
  <attribute name="IntegralT" value="9.000000" />
  <attribute name="IntegralI" value="9.000000" />
  <attribute name="IntegralH" value="9.000000" />
  <attribute name="DerivativeT" value="-138.000000" />
  <attribute name="DerivativeI" value="-138.000000" />
  <attribute name="DerivativeH" value="-138.000000" />
  <attribute name="Loop Time for DT" value="1.000000" />
  <attribute name="Output H" value="2091843584"/>
  <attribute name="Output I" value="200"/>
  <attribute name="Output T" value="4"/>
  <attribute name="Target GC Util Change" value ="20.000000" />
  <attribute name="Current GC Util Change" value="29.000000"/>
  <attribute name="GC Util currently" value="29" />
  <attribute name="CPU Util currently" value="9451783838943" />
<exclusive-end id="256" timestamp="2019-06-17T03:21:20.396" durationms="6.277" />

<exclusive-start id="257" timestamp="2019-06-17T03:21:20.435" intervalms="45.309">
  <response-info timems="0.069" idlems="0.041" threads="1" lastid="0000000001390300" lastname="JIT Compilation Thread-0" />
</exclusive-start>
<allocation-taxation id="258" taxation-threshold="10485760" timestamp="2019-06-17T03:21:20.436" intervalms="45.354" />
<cycle-start id="259" type="partial gc" contextid="0" timestamp="2019-06-17T03:21:20.436" intervalms="45.432" />
<gc-start id="260" type="partial gc" contextid="259" timestamp="2019-06-17T03:21:20.436">
  <mem-info id="261" free="0" total="27262976" percent="0">
    <mem type="eden" free="0" total="10485760" percent="0" />
    <remembered-set count="8384" freebytes="1054720" totalbytes="1088256" percent="96" regionsoverflowed="0" regionsstable="1" regionsrebuilding="0"/>
  </mem-info>
</gc-start>
<allocation-stats totalBytes="10481160" >
  <allocated-bytes non-tlh="16392" tlh="10464768" arrayletleaf="0"/>
  <largest-consumer threadName="PmdThread 4" threadId="00000000016A8000" bytes="4614368" />
</allocation-stats>
<gc-op id="262" type="mark" timems="3.339" contextid="259" timestamp="2019-06-17T03:21:20.440">
  <trace-info objectcount="43678" scancount="39895" scanbytes="1436244" />
  <cardclean-info objects="2032" bytes="89208" />
  <remembered-set-cleared processed="6596" cleared="986" durationms="0.124" />
  <finalization candidates="1" enqueued="0" />
  <references type="weak" candidates="85" cleared="79" enqueued="79" />
  <references type="phantom" candidates="22" cleared="13" enqueued="13" />
  <stringconstants candidates="4993" cleared="0"  />
  <warning details="Mark invoked due to insufficient free space for Copy-Forward" />
</gc-op>
<gc-op id="263" type="classunload" timems="0.002" contextid="259" timestamp="2019-06-17T03:21:20.440">
  <classunload-info classloadercandidates="10" classloadersunloaded="0" classesunloaded="0" anonymousclassesunloaded="0" quiescems="0.000" setupms="0.002" scanms="0.000" postms="0.000" />
</gc-op>
<gc-op id="264" type="sweep" timems="1.510" contextid="259" timestamp="2019-06-17T03:21:20.442" />
<gc-op id="265" type="compact" timems="8.173" contextid="259" timestamp="2019-06-17T03:21:20.450">
  <compact-info movecount="43303" movebytes="1996232" />
  <remembered-set-cleared processed="13675" cleared="2413" durationms="0.124" />
</gc-op>
<heap-resize id="266" type="expand" space="default" amount="2097152" count="1" timems="0.060" reason="insufficient free space following gc" timestamp="2019-06-17T03:21:20.451" />
<gc-end id="267" type="partial gc" contextid="259" durationms="14.729" usertimems="16.000" systemtimems="0.000" timestamp="2019-06-17T03:21:20.451" activeThreads="4">
  <mem-info id="268" free="10485760" total="29360128" percent="35">
    <mem type="eden" free="164432" total="2097152" percent="7" />
    <pending-finalizers system="0" default="0" reference="92" classloader="0" />
    <remembered-set count="10144" freebytes="1131392" totalbytes="1171968" percent="96" regionsoverflowed="0" regionsstable="1" regionsrebuilding="0"/>
  </mem-info>
</gc-end>
<cycle-end id="269" type="partial gc" contextid="259" timestamp="2019-06-17T03:21:20.451" />
  <attribute name="elasticGC enabled" value="1" />
  <attribute name= "numThreadsSpecified" value="4" />
  <attribute name="heapSize specified" value="0" />
  <attribute name="Current GC Util" value="102" />
  <attribute name= "Current Time Running" value="13387" />
  <attribute name ="GC Interval" value="0" />
  <attribute name="ProportionalT" value="123.000000" />
  <attribute name="ProportionalI" value="123.000000" />
  <attribute name="ProportionalH" value="123.000000" />
  <attribute name="Current Error" value="82.000000" />
  <attribute name="IntegralT" value="82.000000" />
  <attribute name="IntegralI" value="82.000000" />
  <attribute name="IntegralH" value="82.000000" />
  <attribute name="DerivativeT" value="123.000000" />
  <attribute name="DerivativeI" value="123.000000" />
  <attribute name="DerivativeH" value="123.000000" />
  <attribute name="Loop Time for DT" value="1.000000" />
  <attribute name="Output H" value="8388608"/>
  <attribute name="Output I" value="328"/>
  <attribute name="Output T" value="4"/>
  <attribute name="Target GC Util Change" value ="20.000000" />
  <attribute name="Current GC Util Change" value="102.000000"/>
  <attribute name="GC Util currently" value="102" />
  <attribute name="CPU Util currently" value="2588869916805" />
<exclusive-end id="270" timestamp="2019-06-17T03:21:20.451" durationms="15.768" />

<exclusive-start id="271" timestamp="2019-06-17T03:21:20.483" intervalms="47.874">
  <response-info timems="0.029" idlems="0.029" threads="0" lastid="00000000016A8000" lastname="PmdThread 4" />
</exclusive-start>
<allocation-taxation id="272" taxation-threshold="10485760" timestamp="2019-06-17T03:21:20.484" intervalms="48.050" />
<cycle-start id="273" type="partial gc" contextid="0" timestamp="2019-06-17T03:21:20.484" intervalms="48.035" />
<gc-start id="274" type="partial gc" contextid="273" timestamp="2019-06-17T03:21:20.484">
  <mem-info id="275" free="0" total="29360128" percent="0">
    <mem type="eden" free="0" total="10485760" percent="0" />
    <remembered-set count="10048" freebytes="1131776" totalbytes="1171968" percent="96" regionsoverflowed="0" regionsstable="1" regionsrebuilding="0"/>
  </mem-info>
</gc-start>
<allocation-stats totalBytes="10480328" >
  <allocated-bytes non-tlh="0" tlh="10480328" arrayletleaf="0"/>
  <largest-consumer threadName="PmdThread 4" threadId="00000000016A8000" bytes="3250504" />
</allocation-stats>
<gc-op id="276" type="mark" timems="5.991" contextid="273" timestamp="2019-06-17T03:21:20.491">
  <trace-info objectcount="89903" scancount="82582" scanbytes="2990080" />
  <cardclean-info objects="837" bytes="52028" />
  <remembered-set-cleared processed="6913" cleared="769" durationms="0.159" />
  <finalization candidates="1" enqueued="0" />
  <references type="weak" candidates="233" cleared="227" enqueued="227" />
  <references type="phantom" candidates="5" cleared="3" enqueued="3" />
  <stringconstants candidates="4993" cleared="0"  />
  <warning details="Mark invoked due to insufficient free space for Copy-Forward" />
</gc-op>
<gc-op id="277" type="classunload" timems="0.002" contextid="273" timestamp="2019-06-17T03:21:20.491">
  <classunload-info classloadercandidates="10" classloadersunloaded="0" classesunloaded="0" anonymousclassesunloaded="0" quiescems="0.000" setupms="0.002" scanms="0.000" postms="0.000" />
</gc-op>
<gc-op id="278" type="sweep" timems="0.973" contextid="273" timestamp="2019-06-17T03:21:20.492" />
<gc-op id="279" type="compact" timems="6.873" contextid="273" timestamp="2019-06-17T03:21:20.500">
  <compact-info movecount="88629" movebytes="3807408" />
  <remembered-set-cleared processed="15042" cleared="2706" durationms="0.159" />
</gc-op>
<heap-resize id="280" type="expand" space="default" amount="5242880" count="1" timems="0.093" reason="insufficient free space following gc" timestamp="2019-06-17T03:21:20.500" />
<gc-end id="281" type="partial gc" contextid="273" durationms="15.830" usertimems="24.000" systemtimems="0.000" timestamp="2019-06-17T03:21:20.500" activeThreads="4">
  <mem-info id="282" free="12582912" total="34603008" percent="36">
    <mem type="eden" free="934104" total="3145728" percent="29" />
    <pending-finalizers system="0" default="0" reference="230" classloader="0" />
    <remembered-set count="14912" freebytes="1321600" totalbytes="1381248" percent="95" regionsoverflowed="0" regionsstable="1" regionsrebuilding="0"/>
  </mem-info>
</gc-end>
<cycle-end id="283" type="partial gc" contextid="273" timestamp="2019-06-17T03:21:20.500" />
  <attribute name="elasticGC enabled" value="1" />
  <attribute name= "numThreadsSpecified" value="4" />
  <attribute name="heapSize specified" value="0" />
  <attribute name="Current GC Util" value="120" />
  <attribute name= "Current Time Running" value="13438" />
  <attribute name ="GC Interval" value="0" />
  <attribute name="ProportionalT" value="150.000000" />
  <attribute name="ProportionalI" value="150.000000" />
  <attribute name="ProportionalH" value="150.000000" />
  <attribute name="Current Error" value="100.000000" />
  <attribute name="IntegralT" value="100.000000" />
  <attribute name="IntegralI" value="100.000000" />
  <attribute name="IntegralH" value="100.000000" />
  <attribute name="DerivativeT" value="150.000000" />
  <attribute name="DerivativeI" value="150.000000" />
  <attribute name="DerivativeH" value="150.000000" />
  <attribute name="Loop Time for DT" value="1.000000" />
  <attribute name="Output H" value="8388608"/>
  <attribute name="Output I" value="400"/>
  <attribute name="Output T" value="4"/>
  <attribute name="Target GC Util Change" value ="20.000000" />
  <attribute name="Current GC Util Change" value="120.000000"/>
  <attribute name="GC Util currently" value="120" />
  <attribute name="CPU Util currently" value="3676451818814" />
<exclusive-end id="284" timestamp="2019-06-17T03:21:20.500" durationms="16.978" />

<exclusive-start id="285" timestamp="2019-06-17T03:21:20.537" intervalms="53.909">
  <response-info timems="0.474" idlems="0.474" threads="0" lastid="00000000016A4400" lastname="PmdThread 3" />
</exclusive-start>
<allocation-taxation id="286" taxation-threshold="12582912" timestamp="2019-06-17T03:21:20.537" intervalms="53.665" />
<cycle-start id="287" type="partial gc" contextid="0" timestamp="2019-06-17T03:21:20.537" intervalms="53.580" />
<gc-start id="288" type="partial gc" contextid="287" timestamp="2019-06-17T03:21:20.538">
  <mem-info id="289" free="0" total="34603008" percent="0">
    <mem type="eden" free="0" total="12582912" percent="0" />
    <remembered-set count="14464" freebytes="1323392" totalbytes="1381248" percent="95" regionsoverflowed="0" regionsstable="1" regionsrebuilding="0"/>
  </mem-info>
</gc-start>
<allocation-stats totalBytes="12578976" >
  <allocated-bytes non-tlh="0" tlh="12578976" arrayletleaf="0"/>
  <largest-consumer threadName="PmdThread 4" threadId="00000000016A8000" bytes="4875632" />
</allocation-stats>
<gc-op id="290" type="mark" timems="6.161" contextid="287" timestamp="2019-06-17T03:21:20.544">
  <trace-info objectcount="98822" scancount="91119" scanbytes="3310828" />
  <cardclean-info objects="1122" bytes="62848" />
  <remembered-set-cleared processed="11336" cleared="3388" durationms="0.168" />
  <references type="weak" candidates="238" cleared="238" enqueued="238" />
  <references type="phantom" candidates="29" cleared="6" enqueued="6" />
  <stringconstants candidates="4993" cleared="0"  />
  <warning details="Mark invoked due to insufficient free space for Copy-Forward" />
</gc-op>
<gc-op id="291" type="classunload" timems="0.003" contextid="287" timestamp="2019-06-17T03:21:20.544">
  <classunload-info classloadercandidates="10" classloadersunloaded="0" classesunloaded="0" anonymousclassesunloaded="0" quiescems="0.000" setupms="0.003" scanms="0.000" postms="0.000" />
</gc-op>
<gc-op id="292" type="sweep" timems="0.478" contextid="287" timestamp="2019-06-17T03:21:20.545" />
<gc-op id="293" type="compact" timems="12.780" contextid="287" timestamp="2019-06-17T03:21:20.558">
  <compact-info movecount="95516" movebytes="3914424" />
  <remembered-set-cleared processed="54453" cleared="38529" durationms="0.285" />
</gc-op>
<heap-resize id="294" type="expand" space="default" amount="2097152" count="1" timems="0.062" reason="insufficient free space following gc" timestamp="2019-06-17T03:21:20.558" />
<gc-end id="295" type="partial gc" contextid="287" durationms="20.719" usertimems="20.000" systemtimems="0.000" timestamp="2019-06-17T03:21:20.558" activeThreads="1">
  <mem-info id="296" free="12582912" total="36700160" percent="34">
    <mem type="eden" free="795960" total="3145728" percent="25" />
    <pending-finalizers system="0" default="0" reference="244" classloader="0" />
    <remembered-set count="18592" freebytes="1390592" totalbytes="1464960" percent="94" regionsoverflowed="0" regionsstable="1" regionsrebuilding="0"/>
  </mem-info>
</gc-end>
<cycle-end id="297" type="partial gc" contextid="287" timestamp="2019-06-17T03:21:20.559" />
  <attribute name="elasticGC enabled" value="1" />
  <attribute name= "numThreadsSpecified" value="1" />
  <attribute name="heapSize specified" value="0" />
  <attribute name="Current GC Util" value="54" />
  <attribute name= "Current Time Running" value="13490" />
  <attribute name ="GC Interval" value="0" />
  <attribute name="ProportionalT" value="51.000000" />
  <attribute name="ProportionalI" value="51.000000" />
  <attribute name="ProportionalH" value="51.000000" />
  <attribute name="Current Error" value="34.000000" />
  <attribute name="IntegralT" value="0.000000" />
  <attribute name="IntegralI" value="0.000000" />
  <attribute name="IntegralH" value="0.000000" />
  <attribute name="DerivativeT" value="inf" />
  <attribute name="DerivativeI" value="inf" />
  <attribute name="DerivativeH" value="inf" />
  <attribute name="Loop Time for DT" value="0.000000" />
  <attribute name="Output H" value="8388608"/>
  <attribute name="Output I" value="200"/>
  <attribute name="Output T" value="1"/>
  <attribute name="Target GC Util Change" value ="20.000000" />
  <attribute name="Current GC Util Change" value="54.000000"/>
  <attribute name="GC Util currently" value="54" />
  <attribute name="CPU Util currently" value="6823050244545" />
<exclusive-end id="298" timestamp="2019-06-17T03:21:20.559" durationms="21.468" />

<exclusive-start id="299" timestamp="2019-06-17T03:21:20.608" intervalms="70.632">
  <response-info timems="0.066" idlems="0.066" threads="0" lastid="00000000016A4400" lastname="PmdThread 3" />
</exclusive-start>
<allocation-taxation id="300" taxation-threshold="12582912" timestamp="2019-06-17T03:21:20.609" intervalms="71.768" />
<cycle-start id="301" type="partial gc" contextid="0" timestamp="2019-06-17T03:21:20.609" intervalms="71.872" />
<gc-start id="302" type="partial gc" contextid="301" timestamp="2019-06-17T03:21:20.610">
  <mem-info id="303" free="0" total="36700160" percent="0">
    <mem type="eden" free="0" total="12582912" percent="0" />
    <remembered-set count="18496" freebytes="1390976" totalbytes="1464960" percent="94" regionsoverflowed="0" regionsstable="1" regionsrebuilding="0"/>
  </mem-info>
</gc-start>
<allocation-stats totalBytes="12578624" >
  <allocated-bytes non-tlh="0" tlh="12578624" arrayletleaf="0"/>
  <largest-consumer threadName="PmdThread 1" threadId="000000000169CC00" bytes="7707432" />
</allocation-stats>
<gc-op id="304" type="mark" timems="7.750" contextid="301" timestamp="2019-06-17T03:21:20.618">
  <trace-info objectcount="126235" scancount="117224" scanbytes="4269008" />
  <cardclean-info objects="4939" bytes="209060" />
  <remembered-set-cleared processed="15684" cleared="4887" durationms="0.214" />
  <references type="weak" candidates="115" cleared="114" enqueued="114" />
  <references type="phantom" candidates="30" cleared="6" enqueued="6" />
  <stringconstants candidates="4993" cleared="0"  />
  <warning details="Mark invoked due to insufficient free space for Copy-Forward" />
</gc-op>
<gc-op id="305" type="classunload" timems="0.003" contextid="301" timestamp="2019-06-17T03:21:20.618">
  <classunload-info classloadercandidates="10" classloadersunloaded="0" classesunloaded="0" anonymousclassesunloaded="0" quiescems="0.000" setupms="0.003" scanms="0.000" postms="0.000" />
</gc-op>
<gc-op id="306" type="sweep" timems="0.599" contextid="301" timestamp="2019-06-17T03:21:20.619" />
<gc-op id="307" type="compact" timems="6.536" contextid="301" timestamp="2019-06-17T03:21:20.625">
  <compact-info movecount="121765" movebytes="4878888" />
  <remembered-set-cleared processed="75790" cleared="54138" durationms="0.268" />
</gc-op>
<heap-resize id="308" type="expand" space="default" amount="4194304" count="1" timems="0.082" reason="insufficient free space following gc" timestamp="2019-06-17T03:21:20.626" />
<gc-end id="309" type="partial gc" contextid="301" durationms="16.314" usertimems="28.000" systemtimems="0.000" timestamp="2019-06-17T03:21:20.626" activeThreads="4">
  <mem-info id="310" free="14680064" total="40894464" percent="35">
    <mem type="eden" free="101944" total="3145728" percent="3" />
    <pending-finalizers system="0" default="0" reference="120" classloader="0" />
    <remembered-set count="25312" freebytes="1531136" totalbytes="1632384" percent="93" regionsoverflowed="0" regionsstable="1" regionsrebuilding="0"/>
  </mem-info>
</gc-end>
<cycle-end id="311" type="partial gc" contextid="301" timestamp="2019-06-17T03:21:20.626" />
  <attribute name="elasticGC enabled" value="1" />
  <attribute name= "numThreadsSpecified" value="4" />
  <attribute name="heapSize specified" value="0" />
  <attribute name="Current GC Util" value="52" />
  <attribute name= "Current Time Running" value="13564" />
  <attribute name ="GC Interval" value="0" />
  <attribute name="ProportionalT" value="48.000000" />
  <attribute name="ProportionalI" value="48.000000" />
  <attribute name="ProportionalH" value="48.000000" />
  <attribute name="Current Error" value="32.000000" />
  <attribute name="IntegralT" value="32.000000" />
  <attribute name="IntegralI" value="32.000000" />
  <attribute name="IntegralH" value="32.000000" />
  <attribute name="DerivativeT" value="48.000000" />
  <attribute name="DerivativeI" value="48.000000" />
  <attribute name="DerivativeH" value="48.000000" />
  <attribute name="Loop Time for DT" value="1.000000" />
  <attribute name="Output H" value="8388608"/>
  <attribute name="Output I" value="200"/>
  <attribute name="Output T" value="4"/>
  <attribute name="Target GC Util Change" value ="20.000000" />
  <attribute name="Current GC Util Change" value="52.000000"/>
  <attribute name="GC Util currently" value="52" />
  <attribute name="CPU Util currently" value="5746341334557" />
<exclusive-end id="312" timestamp="2019-06-17T03:21:20.626" durationms="18.376" />

<exclusive-start id="313" timestamp="2019-06-17T03:21:20.668" intervalms="59.656">
  <response-info timems="0.159" idlems="0.085" threads="1" lastid="0000000001397B00" lastname="JIT Compilation Thread-2" />
</exclusive-start>
<allocation-taxation id="314" taxation-threshold="14680064" timestamp="2019-06-17T03:21:20.668" intervalms="58.544" />
<cycle-start id="315" type="partial gc" contextid="0" timestamp="2019-06-17T03:21:20.668" intervalms="58.495" />
<gc-start id="316" type="partial gc" contextid="315" timestamp="2019-06-17T03:21:20.668">
  <mem-info id="317" free="0" total="40894464" percent="0">
    <mem type="eden" free="0" total="14680064" percent="0" />
    <remembered-set count="24896" freebytes="1532800" totalbytes="1632384" percent="93" regionsoverflowed="0" regionsstable="1" regionsrebuilding="0"/>
  </mem-info>
</gc-start>
<allocation-stats totalBytes="14676176" >
  <allocated-bytes non-tlh="2632" tlh="14673544" arrayletleaf="0"/>
  <largest-consumer threadName="PmdThread 1" threadId="000000000169CC00" bytes="8184944" />
</allocation-stats>
<gc-op id="318" type="mark" timems="9.046" contextid="315" timestamp="2019-06-17T03:21:20.678">
  <trace-info objectcount="139625" scancount="130445" scanbytes="4757692" />
  <cardclean-info objects="17750" bytes="772496" />
  <remembered-set-cleared processed="21326" cleared="8346" durationms="0.261" />
  <references type="weak" candidates="100" cleared="100" enqueued="100" />
  <references type="phantom" candidates="16" cleared="9" enqueued="9" />
  <stringconstants candidates="5015" cleared="0"  />
  <warning details="Mark invoked due to insufficient free space for Copy-Forward" />
</gc-op>
<gc-op id="319" type="classunload" timems="0.004" contextid="315" timestamp="2019-06-17T03:21:20.678">
  <classunload-info classloadercandidates="10" classloadersunloaded="0" classesunloaded="0" anonymousclassesunloaded="0" quiescems="0.000" setupms="0.003" scanms="0.000" postms="0.000" />
</gc-op>
<gc-op id="320" type="sweep" timems="0.568" contextid="315" timestamp="2019-06-17T03:21:20.678" />
<gc-op id="321" type="compact" timems="7.403" contextid="315" timestamp="2019-06-17T03:21:20.686">
  <compact-info movecount="133052" movebytes="5261568" />
  <remembered-set-cleared processed="92969" cleared="66990" durationms="0.338" />
</gc-op>
<heap-resize id="322" type="expand" space="default" amount="4194304" count="1" timems="0.085" reason="insufficient free space following gc" timestamp="2019-06-17T03:21:20.686" />
<gc-end id="323" type="partial gc" contextid="315" durationms="18.582" usertimems="28.000" systemtimems="0.000" timestamp="2019-06-17T03:21:20.687" activeThreads="4">
  <mem-info id="324" free="15728640" total="45088768" percent="34">
    <mem type="eden" free="441584" total="3145728" percent="14" />
    <pending-finalizers system="0" default="0" reference="109" classloader="0" />
    <remembered-set count="33056" freebytes="1667584" totalbytes="1799808" percent="92" regionsoverflowed="0" regionsstable="1" regionsrebuilding="0"/>
  </mem-info>
</gc-end>
<cycle-end id="325" type="partial gc" contextid="315" timestamp="2019-06-17T03:21:20.687" />
  <attribute name="elasticGC enabled" value="1" />
  <attribute name= "numThreadsSpecified" value="4" />
  <attribute name="heapSize specified" value="0" />
  <attribute name="Current GC Util" value="56" />
  <attribute name= "Current Time Running" value="13624" />
  <attribute name ="GC Interval" value="0" />
  <attribute name="ProportionalT" value="54.000000" />
  <attribute name="ProportionalI" value="54.000000" />
  <attribute name="ProportionalH" value="54.000000" />
  <attribute name="Current Error" value="36.000000" />
  <attribute name="IntegralT" value="36.000000" />
  <attribute name="IntegralI" value="36.000000" />
  <attribute name="IntegralH" value="36.000000" />
  <attribute name="DerivativeT" value="54.000000" />
  <attribute name="DerivativeI" value="54.000000" />
  <attribute name="DerivativeH" value="54.000000" />
  <attribute name="Loop Time for DT" value="1.000000" />
  <attribute name="Output H" value="8388608"/>
  <attribute name="Output I" value="200"/>
  <attribute name="Output T" value="4"/>
  <attribute name="Target GC Util Change" value ="20.000000" />
  <attribute name="Current GC Util Change" value="56.000000"/>
  <attribute name="GC Util currently" value="56" />
  <attribute name="CPU Util currently" value="5930239094112" />
<exclusive-end id="326" timestamp="2019-06-17T03:21:20.687" durationms="19.474" />

<exclusive-start id="327" timestamp="2019-06-17T03:21:20.749" intervalms="81.162">
  <response-info timems="0.032" idlems="0.032" threads="0" lastid="00000000016A4400" lastname="PmdThread 3" />
</exclusive-start>
<allocation-taxation id="328" taxation-threshold="15728640" timestamp="2019-06-17T03:21:20.749" intervalms="81.184" />
<cycle-start id="329" type="partial gc" contextid="0" timestamp="2019-06-17T03:21:20.749" intervalms="81.692" />
<gc-start id="330" type="partial gc" contextid="329" timestamp="2019-06-17T03:21:20.750">
  <mem-info id="331" free="0" total="45088768" percent="0">
    <mem type="eden" free="0" total="15728640" percent="0" />
    <remembered-set count="32960" freebytes="1667968" totalbytes="1799808" percent="92" regionsoverflowed="0" regionsstable="1" regionsrebuilding="0"/>
  </mem-info>
</gc-start>
<allocation-stats totalBytes="15725072" >
  <allocated-bytes non-tlh="2208" tlh="15722864" arrayletleaf="0"/>
  <largest-consumer threadName="PmdThread 1" threadId="000000000169CC00" bytes="6191048" />
</allocation-stats>
<gc-op id="332" type="mark" timems="10.323" contextid="329" timestamp="2019-06-17T03:21:20.761">
  <trace-info objectcount="100697" scancount="94147" scanbytes="3271956" />
  <cardclean-info objects="104120" bytes="3908904" />
  <remembered-set-cleared processed="29467" cleared="16982" durationms="0.348" />
  <references type="weak" candidates="127" cleared="126" enqueued="126" />
  <references type="phantom" candidates="13" cleared="5" enqueued="5" />
  <stringconstants candidates="5028" cleared="0"  />
  <warning details="Mark invoked due to insufficient free space for Copy-Forward" />
</gc-op>
<gc-op id="333" type="classunload" timems="0.003" contextid="329" timestamp="2019-06-17T03:21:20.761">
  <classunload-info classloadercandidates="10" classloadersunloaded="0" classesunloaded="0" anonymousclassesunloaded="0" quiescems="0.000" setupms="0.003" scanms="0.000" postms="0.000" />
</gc-op>
<gc-op id="334" type="sweep" timems="0.559" contextid="329" timestamp="2019-06-17T03:21:20.761" />
<gc-op id="335" type="compact" timems="7.367" contextid="329" timestamp="2019-06-17T03:21:20.769">
  <compact-info movecount="96116" movebytes="3648496" />
  <remembered-set-cleared processed="85730" cleared="54392" durationms="0.348" />
</gc-op>
<heap-resize id="336" type="expand" space="default" amount="2097152" count="1" timems="0.071" reason="insufficient free space following gc" timestamp="2019-06-17T03:21:20.769" />
<gc-end id="337" type="partial gc" contextid="329" durationms="19.652" usertimems="28.000" systemtimems="0.000" timestamp="2019-06-17T03:21:20.769" activeThreads="4">
  <mem-info id="338" free="15728640" total="47185920" percent="33">
    <mem type="eden" free="789064" total="2097152" percent="37" />
    <pending-finalizers system="0" default="0" reference="131" classloader="0" />
    <remembered-set count="41760" freebytes="1716480" totalbytes="1883520" percent="91" regionsoverflowed="0" regionsstable="1" regionsrebuilding="0"/>
  </mem-info>
</gc-end>
<cycle-end id="339" type="partial gc" contextid="329" timestamp="2019-06-17T03:21:20.769" />
  <attribute name="elasticGC enabled" value="1" />
  <attribute name= "numThreadsSpecified" value="4" />
  <attribute name="heapSize specified" value="0" />
  <attribute name="Current GC Util" value="49" />
  <attribute name= "Current Time Running" value="13707" />
  <attribute name ="GC Interval" value="0" />
  <attribute name="ProportionalT" value="43.500000" />
  <attribute name="ProportionalI" value="43.500000" />
  <attribute name="ProportionalH" value="43.500000" />
  <attribute name="Current Error" value="29.000000" />
  <attribute name="IntegralT" value="29.000000" />
  <attribute name="IntegralI" value="29.000000" />
  <attribute name="IntegralH" value="29.000000" />
  <attribute name="DerivativeT" value="43.500000" />
  <attribute name="DerivativeI" value="43.500000" />
  <attribute name="DerivativeH" value="43.500000" />
  <attribute name="Loop Time for DT" value="1.000000" />
  <attribute name="Output H" value="8388608"/>
  <attribute name="Output I" value="200"/>
  <attribute name="Output T" value="4"/>
  <attribute name="Target GC Util Change" value ="20.000000" />
  <attribute name="Current GC Util Change" value="49.000000"/>
  <attribute name="GC Util currently" value="49" />
  <attribute name="CPU Util currently" value="6013106664539" />
<exclusive-end id="340" timestamp="2019-06-17T03:21:20.770" durationms="20.929" />

<exclusive-start id="341" timestamp="2019-06-17T03:21:20.841" intervalms="92.388">
  <response-info timems="0.509" idlems="0.257" threads="1" lastid="000000000169CC00" lastname="PmdThread 1" />
</exclusive-start>
<allocation-taxation id="342" taxation-threshold="15728640" timestamp="2019-06-17T03:21:20.842" intervalms="92.762" />
<cycle-start id="343" type="partial gc" contextid="0" timestamp="2019-06-17T03:21:20.842" intervalms="92.266" />
<gc-start id="344" type="partial gc" contextid="343" timestamp="2019-06-17T03:21:20.842">
  <mem-info id="345" free="0" total="47185920" percent="0">
    <mem type="eden" free="0" total="15728640" percent="0" />
    <remembered-set count="41312" freebytes="1718272" totalbytes="1883520" percent="91" regionsoverflowed="0" regionsstable="1" regionsrebuilding="0"/>
  </mem-info>
</gc-start>
<allocation-stats totalBytes="15708592" >
  <allocated-bytes non-tlh="446104" tlh="15262488" arrayletleaf="0"/>
  <largest-consumer threadName="PmdThread 1" threadId="000000000169CC00" bytes="9378496" />
</allocation-stats>
<gc-op id="346" type="mark" timems="7.084" contextid="343" timestamp="2019-06-17T03:21:20.850">
  <trace-info objectcount="46260" scancount="42800" scanbytes="1318624" />
  <cardclean-info objects="69378" bytes="3390536" />
  <remembered-set-cleared processed="31710" cleared="12015" durationms="0.364" />
  <finalization candidates="1" enqueued="0" />
  <references type="soft" candidates="16" cleared="0" enqueued="0" dynamicThreshold="10" maxThreshold="32" />
  <references type="weak" candidates="509" cleared="349" enqueued="277" />
  <references type="phantom" candidates="13" cleared="12" enqueued="12" />
  <stringconstants candidates="5047" cleared="0"  />
  <warning details="Mark invoked due to insufficient free space for Copy-Forward" />
</gc-op>
<gc-op id="347" type="classunload" timems="0.002" contextid="343" timestamp="2019-06-17T03:21:20.850">
  <classunload-info classloadercandidates="10" classloadersunloaded="0" classesunloaded="0" anonymousclassesunloaded="0" quiescems="0.000" setupms="0.002" scanms="0.000" postms="0.000" />
</gc-op>
<gc-op id="348" type="sweep" timems="0.512" contextid="343" timestamp="2019-06-17T03:21:20.850" />
<gc-op id="349" type="compact" timems="4.339" contextid="343" timestamp="2019-06-17T03:21:20.855">
  <compact-info movecount="45928" movebytes="1697832" />
  <remembered-set-cleared processed="69819" cleared="30391" durationms="0.364" />
</gc-op>
<heap-resize id="350" type="expand" space="default" amount="8388608" count="1" timems="0.094" reason="excessive time being spent in gc" timestamp="2019-06-17T03:21:20.855" />
<gc-end id="351" type="partial gc" contextid="343" durationms="13.402" usertimems="20.000" systemtimems="0.000" timestamp="2019-06-17T03:21:20.855" activeThreads="4">
  <mem-info id="352" free="24117248" total="55574528" percent="43">
    <mem type="eden" free="152016" total="1048576" percent="14" />
    <pending-finalizers system="0" default="0" reference="289" classloader="0" />
    <remembered-set count="43808" freebytes="2043136" totalbytes="2218368" percent="92" regionsoverflowed="0" regionsstable="1" regionsrebuilding="0"/>
  </mem-info>
</gc-end>
<cycle-end id="353" type="partial gc" contextid="343" timestamp="2019-06-17T03:21:20.856" />
  <attribute name="elasticGC enabled" value="1" />
  <attribute name= "numThreadsSpecified" value="4" />
  <attribute name="heapSize specified" value="0" />
  <attribute name="Current GC Util" value="40" />
  <attribute name= "Current Time Running" value="13796" />
  <attribute name ="GC Interval" value="0" />
  <attribute name="ProportionalT" value="30.000000" />
  <attribute name="ProportionalI" value="30.000000" />
  <attribute name="ProportionalH" value="30.000000" />
  <attribute name="Current Error" value="20.000000" />
  <attribute name="IntegralT" value="20.000000" />
  <attribute name="IntegralI" value="20.000000" />
  <attribute name="IntegralH" value="20.000000" />
  <attribute name="DerivativeT" value="30.000000" />
  <attribute name="DerivativeI" value="30.000000" />
  <attribute name="DerivativeH" value="30.000000" />
  <attribute name="Loop Time for DT" value="1.000000" />
  <attribute name="Output H" value="8388608"/>
  <attribute name="Output I" value="200"/>
  <attribute name="Output T" value="4"/>
  <attribute name="Target GC Util Change" value ="20.000000" />
  <attribute name="Current GC Util Change" value="40.000000"/>
  <attribute name="GC Util currently" value="40" />
  <attribute name="CPU Util currently" value="6369881629141" />
<exclusive-end id="354" timestamp="2019-06-17T03:21:20.856" durationms="14.678" />

<exclusive-start id="355" timestamp="2019-06-17T03:21:20.957" intervalms="116.321">
  <response-info timems="0.365" idlems="0.192" threads="1" lastid="00000000016A4400" lastname="PmdThread 3" />
</exclusive-start>
<allocation-taxation id="356" taxation-threshold="20971520" timestamp="2019-06-17T03:21:20.958" intervalms="115.925" />
<cycle-start id="357" type="partial gc" contextid="0" timestamp="2019-06-17T03:21:20.958" intervalms="115.882" />
<gc-start id="358" type="partial gc" contextid="357" timestamp="2019-06-17T03:21:20.958">
  <mem-info id="359" free="3145728" total="55574528" percent="5">
    <mem type="eden" free="0" total="20971520" percent="0" />
    <remembered-set count="43488" freebytes="2044416" totalbytes="2218368" percent="92" regionsoverflowed="0" regionsstable="1" regionsrebuilding="0"/>
  </mem-info>
</gc-start>
<allocation-stats totalBytes="20950128" >
  <allocated-bytes non-tlh="32448" tlh="20917680" arrayletleaf="0"/>
  <largest-consumer threadName="PmdThread 1" threadId="000000000169CC00" bytes="10724264" />
</allocation-stats>
<gc-op id="360" type="copy forward" timems="4.288" contextid="357" timestamp="2019-06-17T03:21:20.963">
  <memory-copied type="eden" objects="28001" bytes="1253496" bytesdiscarded="131888" />
  <memory-copied type="other" objects="16598" bytes="616056" bytesdiscarded="65504" />
  <memory-cardclean objects="27283" bytes="1050272" />
  <regions eden="20" other="2" />
  <remembered-set-cleared processed="40687" cleared="4570" durationms="0.201" />
  <finalization candidates="1" enqueued="0" />
  <references type="weak" candidates="843" cleared="0" enqueued="0" />
  <references type="phantom" candidates="46" cleared="0" enqueued="0" />
  <stringconstants candidates="5085" cleared="0"  />
  <heap-resize type="expand" space="default" amount="1048576" count="1" timems="0.091" reason="continue current collection" />
</gc-op>
<gc-op id="361" type="classunload" timems="0.002" contextid="357" timestamp="2019-06-17T03:21:20.963">
  <classunload-info classloadercandidates="10" classloadersunloaded="0" classesunloaded="0" anonymousclassesunloaded="0" quiescems="0.000" setupms="0.002" scanms="0.000" postms="0.000" />
</gc-op>
<heap-resize id="362" type="expand" space="default" amount="10485760" count="1" timems="0.103" reason="excessive time being spent in gc" timestamp="2019-06-17T03:21:20.963" />
<gc-end id="363" type="partial gc" contextid="357" durationms="5.253" usertimems="8.000" systemtimems="0.000" timestamp="2019-06-17T03:21:20.963" activeThreads="4">
  <mem-info id="364" free="33554432" total="67108864" percent="50">
    <mem type="eden" free="703824" total="2097152" percent="33" />
    <remembered-set count="46528" freebytes="2492672" totalbytes="2678784" percent="93" regionsoverflowed="0" regionsstable="1" regionsrebuilding="0"/>
  </mem-info>
</gc-end>
<cycle-end id="365" type="partial gc" contextid="357" timestamp="2019-06-17T03:21:20.963" />
  <attribute name="elasticGC enabled" value="1" />
  <attribute name= "numThreadsSpecified" value="4" />
  <attribute name="heapSize specified" value="0" />
  <attribute name="Current GC Util" value="59" />
  <attribute name= "Current Time Running" value="13904" />
  <attribute name ="GC Interval" value="0" />
  <attribute name="ProportionalT" value="58.500000" />
  <attribute name="ProportionalI" value="58.500000" />
  <attribute name="ProportionalH" value="58.500000" />
  <attribute name="Current Error" value="39.000000" />
  <attribute name="IntegralT" value="39.000000" />
  <attribute name="IntegralI" value="39.000000" />
  <attribute name="IntegralH" value="39.000000" />
  <attribute name="DerivativeT" value="58.500000" />
  <attribute name="DerivativeI" value="58.500000" />
  <attribute name="DerivativeH" value="58.500000" />
  <attribute name="Loop Time for DT" value="1.000000" />
  <attribute name="Output H" value="8388608"/>
  <attribute name="Output I" value="200"/>
  <attribute name="Output T" value="4"/>
  <attribute name="Target GC Util Change" value ="20.000000" />
  <attribute name="Current GC Util Change" value="59.000000"/>
  <attribute name="GC Util currently" value="59" />
  <attribute name="CPU Util currently" value="19339047705192" />
<exclusive-end id="366" timestamp="2019-06-17T03:21:20.963" durationms="5.866" />

<exclusive-start id="367" timestamp="2019-06-17T03:21:21.042" intervalms="84.156">
  <response-info timems="0.422" idlems="0.154" threads="2" lastid="0000000001397B00" lastname="JIT Compilation Thread-2" />
</exclusive-start>
<allocation-taxation id="368" taxation-threshold="23068672" timestamp="2019-06-17T03:21:21.042" intervalms="84.197" />
<cycle-start id="369" type="partial gc" contextid="0" timestamp="2019-06-17T03:21:21.042" intervalms="84.278" />
<gc-start id="370" type="partial gc" contextid="369" timestamp="2019-06-17T03:21:21.042">
  <mem-info id="371" free="10485760" total="67108864" percent="15">
    <mem type="eden" free="0" total="23068672" percent="0" />
    <remembered-set count="46144" freebytes="2494208" totalbytes="2678784" percent="93" regionsoverflowed="0" regionsstable="1" regionsrebuilding="0"/>
  </mem-info>
</gc-start>
<allocation-stats totalBytes="23048504" >
  <allocated-bytes non-tlh="4504" tlh="23044000" arrayletleaf="0"/>
  <largest-consumer threadName="PmdThread 1" threadId="000000000169CC00" bytes="11197728" />
</allocation-stats>
<gc-op id="372" type="copy forward" timems="7.592" contextid="369" timestamp="2019-06-17T03:21:21.050">
  <memory-copied type="eden" objects="10666" bytes="603880" bytesdiscarded="0" />
  <memory-copied type="other" objects="33215" bytes="1286200" bytesdiscarded="0" />
  <memory-cardclean objects="29857" bytes="1212544" />
  <regions eden="22" other="3" />
  <remembered-set-cleared processed="42855" cleared="7841" durationms="0.433" />
  <references type="weak" candidates="1277" cleared="0" enqueued="0" />
  <references type="phantom" candidates="85" cleared="0" enqueued="0" />
  <stringconstants candidates="5095" cleared="0"  />
</gc-op>
<gc-op id="373" type="classunload" timems="0.002" contextid="369" timestamp="2019-06-17T03:21:21.051">
  <classunload-info classloadercandidates="10" classloadersunloaded="0" classesunloaded="0" anonymousclassesunloaded="0" quiescems="0.000" setupms="0.002" scanms="0.000" postms="0.000" />
</gc-op>
<heap-resize id="374" type="expand" space="default" amount="11534336" count="1" timems="0.121" reason="excessive time being spent in gc" timestamp="2019-06-17T03:21:21.051" />
<gc-end id="375" type="partial gc" contextid="369" durationms="8.788" usertimems="4.000" systemtimems="4.000" timestamp="2019-06-17T03:21:21.051" activeThreads="1">
  <mem-info id="376" free="45088768" total="78643200" percent="57">
    <mem type="eden" free="436168" total="1048576" percent="41" />
    <remembered-set count="46368" freebytes="2953728" totalbytes="3139200" percent="94" regionsoverflowed="0" regionsstable="1" regionsrebuilding="0"/>
  </mem-info>
</gc-end>
<cycle-end id="377" type="partial gc" contextid="369" timestamp="2019-06-17T03:21:21.051" />
  <attribute name="elasticGC enabled" value="1" />
  <attribute name= "numThreadsSpecified" value="1" />
  <attribute name="heapSize specified" value="0" />
  <attribute name="Current GC Util" value="42" />
  <attribute name= "Current Time Running" value="13988" />
  <attribute name ="GC Interval" value="0" />
  <attribute name="ProportionalT" value="33.000000" />
  <attribute name="ProportionalI" value="33.000000" />
  <attribute name="ProportionalH" value="33.000000" />
  <attribute name="Current Error" value="22.000000" />
  <attribute name="IntegralT" value="0.000000" />
  <attribute name="IntegralI" value="0.000000" />
  <attribute name="IntegralH" value="0.000000" />
  <attribute name="DerivativeT" value="inf" />
  <attribute name="DerivativeI" value="inf" />
  <attribute name="DerivativeH" value="inf" />
  <attribute name="Loop Time for DT" value="0.000000" />
  <attribute name="Output H" value="8388608"/>
  <attribute name="Output I" value="200"/>
  <attribute name="Output T" value="1"/>
  <attribute name="Target GC Util Change" value ="20.000000" />
  <attribute name="Current GC Util Change" value="42.000000"/>
  <attribute name="GC Util currently" value="42" />
  <attribute name="CPU Util currently" value="15352839772145" />
<exclusive-end id="378" timestamp="2019-06-17T03:21:21.051" durationms="9.720" />

<exclusive-start id="379" timestamp="2019-06-17T03:21:21.122" intervalms="80.311">
  <response-info timems="0.045" idlems="0.045" threads="0" lastid="000000000169CC00" lastname="PmdThread 1" />
</exclusive-start>
<allocation-taxation id="380" taxation-threshold="26214400" timestamp="2019-06-17T03:21:21.122" intervalms="80.315" />
<cycle-start id="381" type="partial gc" contextid="0" timestamp="2019-06-17T03:21:21.122" intervalms="80.247" />
<gc-start id="382" type="partial gc" contextid="381" timestamp="2019-06-17T03:21:21.122">
  <mem-info id="383" free="18874368" total="78643200" percent="24">
    <mem type="eden" free="0" total="26214400" percent="0" />
    <remembered-set count="46272" freebytes="2954112" totalbytes="3139200" percent="94" regionsoverflowed="0" regionsstable="1" regionsrebuilding="0"/>
  </mem-info>
</gc-start>
<allocation-stats totalBytes="26195128" >
  <allocated-bytes non-tlh="2208" tlh="26192920" arrayletleaf="0"/>
  <largest-consumer threadName="PmdThread 2" threadId="00000000016A0800" bytes="8804880" />
</allocation-stats>
<gc-op id="384" type="copy forward" timems="13.922" contextid="381" timestamp="2019-06-17T03:21:21.137">
  <memory-copied type="eden" objects="65059" bytes="2738984" bytesdiscarded="80" />
  <memory-copied type="other" objects="18660" bytes="838456" bytesdiscarded="0" />
  <memory-cardclean objects="44326" bytes="2296928" />
  <regions eden="25" other="2" />
  <remembered-set-cleared processed="39625" cleared="7476" durationms="0.414" />
  <references type="weak" candidates="871" cleared="0" enqueued="0" />
  <references type="phantom" candidates="56" cleared="0" enqueued="0" />
  <stringconstants candidates="5108" cleared="0"  />
</gc-op>
<gc-op id="385" type="classunload" timems="0.007" contextid="381" timestamp="2019-06-17T03:21:21.137">
  <classunload-info classloadercandidates="10" classloadersunloaded="0" classesunloaded="0" anonymousclassesunloaded="0" quiescems="0.000" setupms="0.007" scanms="0.000" postms="0.000" />
</gc-op>
<gc-end id="386" type="partial gc" contextid="381" durationms="14.878" usertimems="4.000" systemtimems="8.000" timestamp="2019-06-17T03:21:21.137" activeThreads="1">
  <mem-info id="387" free="41943040" total="78643200" percent="53">
    <mem type="eden" free="398864" total="3145728" percent="12" />
    <remembered-set count="50080" freebytes="2938880" totalbytes="3139200" percent="93" regionsoverflowed="0" regionsstable="1" regionsrebuilding="0"/>
  </mem-info>
</gc-end>
<cycle-end id="388" type="partial gc" contextid="381" timestamp="2019-06-17T03:21:21.137" />
  <attribute name="elasticGC enabled" value="1" />
  <attribute name= "numThreadsSpecified" value="1" />
  <attribute name="heapSize specified" value="0" />
  <attribute name="Current GC Util" value="62" />
  <attribute name= "Current Time Running" value="14068" />
  <attribute name ="GC Interval" value="0" />
  <attribute name="ProportionalT" value="63.000000" />
  <attribute name="ProportionalI" value="63.000000" />
  <attribute name="ProportionalH" value="63.000000" />
  <attribute name="Current Error" value="42.000000" />
  <attribute name="IntegralT" value="0.000000" />
  <attribute name="IntegralI" value="0.000000" />
  <attribute name="IntegralH" value="0.000000" />
  <attribute name="DerivativeT" value="inf" />
  <attribute name="DerivativeI" value="inf" />
  <attribute name="DerivativeH" value="inf" />
  <attribute name="Loop Time for DT" value="0.000000" />
  <attribute name="Output H" value="8388608"/>
  <attribute name="Output I" value="200"/>
  <attribute name="Output T" value="1"/>
  <attribute name="Target GC Util Change" value ="20.000000" />
  <attribute name="Current GC Util Change" value="62.000000"/>
  <attribute name="GC Util currently" value="62" />
  <attribute name="CPU Util currently" value="19328510700280" />
<exclusive-end id="389" timestamp="2019-06-17T03:21:21.138" durationms="15.630" />

<exclusive-start id="390" timestamp="2019-06-17T03:21:21.205" intervalms="82.709">
  <response-info timems="0.046" idlems="0.046" threads="0" lastid="000000000169CC00" lastname="PmdThread 1" />
</exclusive-start>
<allocation-taxation id="391" taxation-threshold="26214400" timestamp="2019-06-17T03:21:21.205" intervalms="82.643" />
<cycle-start id="392" type="partial gc" contextid="0" timestamp="2019-06-17T03:21:21.205" intervalms="82.636" />
<gc-start id="393" type="partial gc" contextid="392" timestamp="2019-06-17T03:21:21.205">
  <mem-info id="394" free="15728640" total="78643200" percent="20">
    <mem type="eden" free="0" total="26214400" percent="0" />
    <remembered-set count="49856" freebytes="2939776" totalbytes="3139200" percent="93" regionsoverflowed="0" regionsstable="1" regionsrebuilding="0"/>
  </mem-info>
</gc-start>
<allocation-stats totalBytes="26193856" >
  <allocated-bytes non-tlh="2592" tlh="26191264" arrayletleaf="0"/>
  <largest-consumer threadName="PmdThread 1" threadId="000000000169CC00" bytes="9698624" />
</allocation-stats>
<gc-op id="395" type="copy forward" timems="9.469" contextid="392" timestamp="2019-06-17T03:21:21.215">
  <memory-copied type="eden" objects="9638" bytes="748688" bytesdiscarded="0" />
  <memory-copied type="other" objects="64590" bytes="2505744" bytesdiscarded="0" />
  <memory-cardclean objects="10997" bytes="470880" />
  <regions eden="25" other="4" />
  <remembered-set-cleared processed="44504" cleared="5041" durationms="0.414" />
  <references type="soft" candidates="12" cleared="0" enqueued="0" dynamicThreshold="17" maxThreshold="32" />
  <references type="weak" candidates="581" cleared="0" enqueued="0" />
  <references type="phantom" candidates="46" cleared="0" enqueued="0" />
  <stringconstants candidates="5129" cleared="0"  />
</gc-op>
<gc-op id="396" type="classunload" timems="0.005" contextid="392" timestamp="2019-06-17T03:21:21.216">
  <classunload-info classloadercandidates="10" classloadersunloaded="0" classesunloaded="0" anonymousclassesunloaded="0" quiescems="0.000" setupms="0.004" scanms="0.000" postms="0.000" />
</gc-op>
<gc-end id="397" type="partial gc" contextid="392" durationms="10.686" usertimems="16.000" systemtimems="4.000" timestamp="2019-06-17T03:21:21.216" activeThreads="1">
  <mem-info id="398" free="41943040" total="78643200" percent="53">
    <mem type="eden" free="295568" total="1048576" percent="28" />
    <remembered-set count="51328" freebytes="2933888" totalbytes="3139200" percent="93" regionsoverflowed="0" regionsstable="1" regionsrebuilding="0"/>
  </mem-info>
</gc-end>
<cycle-end id="399" type="partial gc" contextid="392" timestamp="2019-06-17T03:21:21.216" />
  <attribute name="elasticGC enabled" value="1" />
  <attribute name= "numThreadsSpecified" value="1" />
  <attribute name="heapSize specified" value="0" />
  <attribute name="Current GC Util" value="65" />
  <attribute name= "Current Time Running" value="14151" />
  <attribute name ="GC Interval" value="0" />
  <attribute name="ProportionalT" value="67.500000" />
  <attribute name="ProportionalI" value="67.500000" />
  <attribute name="ProportionalH" value="67.500000" />
  <attribute name="Current Error" value="45.000000" />
  <attribute name="IntegralT" value="0.000000" />
  <attribute name="IntegralI" value="0.000000" />
  <attribute name="IntegralH" value="0.000000" />
  <attribute name="DerivativeT" value="inf" />
  <attribute name="DerivativeI" value="inf" />
  <attribute name="DerivativeH" value="inf" />
  <attribute name="Loop Time for DT" value="0.000000" />
  <attribute name="Output H" value="8388608"/>
  <attribute name="Output I" value="200"/>
  <attribute name="Output T" value="1"/>
  <attribute name="Target GC Util Change" value ="20.000000" />
  <attribute name="Current GC Util Change" value="65.000000"/>
  <attribute name="GC Util currently" value="65" />
  <attribute name="CPU Util currently" value="19667883597421" />
<exclusive-end id="400" timestamp="2019-06-17T03:21:21.216" durationms="11.541" />

<exclusive-start id="401" timestamp="2019-06-17T03:21:21.299" intervalms="94.218">
  <response-info timems="0.071" idlems="0.071" threads="0" lastid="000000000169CC00" lastname="PmdThread 1" />
</exclusive-start>
<allocation-taxation id="402" taxation-threshold="26214400" timestamp="2019-06-17T03:21:21.299" intervalms="94.274" />
<cycle-start id="403" type="partial gc" contextid="0" timestamp="2019-06-17T03:21:21.299" intervalms="94.356" />
<gc-start id="404" type="partial gc" contextid="403" timestamp="2019-06-17T03:21:21.299">
  <mem-info id="405" free="15728640" total="78643200" percent="20">
    <mem type="eden" free="0" total="26214400" percent="0" />
    <remembered-set count="51296" freebytes="2934016" totalbytes="3139200" percent="93" regionsoverflowed="0" regionsstable="1" regionsrebuilding="0"/>
  </mem-info>
</gc-start>
<allocation-stats totalBytes="26193120" >
  <allocated-bytes non-tlh="3704" tlh="26189416" arrayletleaf="0"/>
  <largest-consumer threadName="PmdThread 1" threadId="000000000169CC00" bytes="11896616" />
</allocation-stats>
<gc-op id="406" type="copy forward" timems="9.707" contextid="403" timestamp="2019-06-17T03:21:21.310">
  <memory-copied type="eden" objects="24408" bytes="1287024" bytesdiscarded="32" />
  <memory-copied type="other" objects="29878" bytes="1175952" bytesdiscarded="320" />
  <memory-cardclean objects="52272" bytes="2076440" />
  <regions eden="25" other="2" />
  <remembered-set-cleared processed="46163" cleared="11999" durationms="0.471" />
  <references type="soft" candidates="12" cleared="0" enqueued="0" dynamicThreshold="17" maxThreshold="32" />
  <references type="weak" candidates="446" cleared="0" enqueued="0" />
  <references type="phantom" candidates="56" cleared="0" enqueued="0" />
  <stringconstants candidates="5149" cleared="0"  />
</gc-op>
<gc-op id="407" type="classunload" timems="0.003" contextid="403" timestamp="2019-06-17T03:21:21.310">
  <classunload-info classloadercandidates="10" classloadersunloaded="0" classesunloaded="0" anonymousclassesunloaded="0" quiescems="0.000" setupms="0.003" scanms="0.000" postms="0.000" />
</gc-op>
<heap-resize id="408" type="expand" space="default" amount="13631488" count="1" timems="0.139" reason="excessive time being spent in gc" timestamp="2019-06-17T03:21:21.310" />
<gc-end id="409" type="partial gc" contextid="403" durationms="11.014" usertimems="8.000" systemtimems="4.000" timestamp="2019-06-17T03:21:21.310" activeThreads="1">
  <mem-info id="410" free="53477376" total="92274688" percent="57">
    <mem type="eden" free="799752" total="2097152" percent="38" />
    <remembered-set count="53184" freebytes="3470592" totalbytes="3683328" percent="94" regionsoverflowed="0" regionsstable="1" regionsrebuilding="0"/>
  </mem-info>
</gc-end>
<cycle-end id="411" type="partial gc" contextid="403" timestamp="2019-06-17T03:21:21.311" />
  <attribute name="elasticGC enabled" value="1" />
  <attribute name= "numThreadsSpecified" value="1" />
  <attribute name="heapSize specified" value="0" />
  <attribute name="Current GC Util" value="51" />
  <attribute name= "Current Time Running" value="14245" />
  <attribute name ="GC Interval" value="0" />
  <attribute name="ProportionalT" value="46.500000" />
  <attribute name="ProportionalI" value="46.500000" />
  <attribute name="ProportionalH" value="46.500000" />
  <attribute name="Current Error" value="31.000000" />
  <attribute name="IntegralT" value="0.000000" />
  <attribute name="IntegralI" value="0.000000" />
  <attribute name="IntegralH" value="0.000000" />
  <attribute name="DerivativeT" value="inf" />
  <attribute name="DerivativeI" value="inf" />
  <attribute name="DerivativeH" value="inf" />
  <attribute name="Loop Time for DT" value="0.000000" />
  <attribute name="Output H" value="8388608"/>
  <attribute name="Output I" value="200"/>
  <attribute name="Output T" value="1"/>
  <attribute name="Target GC Util Change" value ="20.000000" />
  <attribute name="Current GC Util Change" value="51.000000"/>
  <attribute name="GC Util currently" value="51" />
  <attribute name="CPU Util currently" value="15066241121638" />
<exclusive-end id="412" timestamp="2019-06-17T03:21:21.311" durationms="11.984" />

<exclusive-start id="413" timestamp="2019-06-17T03:21:23.712" intervalms="2412.924">
  <response-info timems="0.021" idlems="0.021" threads="0" lastid="000000000138C700" lastname="main" />
</exclusive-start>
<allocation-taxation id="414" taxation-threshold="29360128" timestamp="2019-06-17T03:21:23.712" intervalms="2412.857" />
<cycle-start id="415" type="partial gc" contextid="0" timestamp="2019-06-17T03:21:23.712" intervalms="2412.768" />
<gc-start id="416" type="partial gc" contextid="415" timestamp="2019-06-17T03:21:23.712">
  <mem-info id="417" free="24117248" total="92274688" percent="26">
    <mem type="eden" free="0" total="29360128" percent="0" />
    <remembered-set count="52768" freebytes="3472256" totalbytes="3683328" percent="94" regionsoverflowed="0" regionsstable="1" regionsrebuilding="0"/>
  </mem-info>
</gc-start>
<allocation-stats totalBytes="29354480" >
  <allocated-bytes non-tlh="35296" tlh="29319184" arrayletleaf="0"/>
  <largest-consumer threadName="main" threadId="000000000138C700" bytes="652696" />
</allocation-stats>
<gc-op id="418" type="copy forward" timems="8.666" contextid="415" timestamp="2019-06-17T03:21:23.721">
  <memory-copied type="eden" objects="5206" bytes="222864" bytesdiscarded="0" />
  <memory-copied type="other" objects="57162" bytes="2615824" bytesdiscarded="512" />
  <memory-cardclean objects="11595" bytes="538752" />
  <regions eden="28" other="4" />
  <remembered-set-cleared processed="46084" cleared="7287" durationms="0.461" />
  <finalization candidates="5" enqueued="0" />
  <references type="soft" candidates="6" cleared="0" enqueued="0" dynamicThreshold="18" maxThreshold="32" />
  <references type="weak" candidates="185" cleared="0" enqueued="0" />
  <references type="phantom" candidates="31" cleared="0" enqueued="0" />
  <stringconstants candidates="5561" cleared="0"  />
</gc-op>
<gc-op id="419" type="classunload" timems="0.002" contextid="415" timestamp="2019-06-17T03:21:23.721">
  <classunload-info classloadercandidates="10" classloadersunloaded="0" classesunloaded="0" anonymousclassesunloaded="0" quiescems="0.000" setupms="0.002" scanms="0.000" postms="0.000" />
</gc-op>
<gc-end id="420" type="partial gc" contextid="415" durationms="9.476" usertimems="8.000" systemtimems="0.000" timestamp="2019-06-17T03:21:23.722" activeThreads="1">
  <mem-info id="421" free="52428800" total="92274688" percent="56">
    <mem type="eden" free="825520" total="1048576" percent="78" />
    <remembered-set count="53792" freebytes="3468160" totalbytes="3683328" percent="94" regionsoverflowed="0" regionsstable="1" regionsrebuilding="0"/>
  </mem-info>
</gc-end>
<cycle-end id="422" type="partial gc" contextid="415" timestamp="2019-06-17T03:21:23.722" />
  <attribute name="elasticGC enabled" value="1" />
  <attribute name= "numThreadsSpecified" value="1" />
  <attribute name="heapSize specified" value="0" />
  <attribute name="Current GC Util" value="58" />
  <attribute name= "Current Time Running" value="16658" />
  <attribute name ="GC Interval" value="0" />
  <attribute name="ProportionalT" value="57.000000" />
  <attribute name="ProportionalI" value="57.000000" />
  <attribute name="ProportionalH" value="57.000000" />
  <attribute name="Current Error" value="38.000000" />
  <attribute name="IntegralT" value="0.000000" />
  <attribute name="IntegralI" value="0.000000" />
  <attribute name="IntegralH" value="0.000000" />
  <attribute name="DerivativeT" value="inf" />
  <attribute name="DerivativeI" value="inf" />
  <attribute name="DerivativeH" value="inf" />
  <attribute name="Loop Time for DT" value="0.000000" />
  <attribute name="Output H" value="8388608"/>
  <attribute name="Output I" value="200"/>
  <attribute name="Output T" value="1"/>
  <attribute name="Target GC Util Change" value ="20.000000" />
  <attribute name="Current GC Util Change" value="58.000000"/>
  <attribute name="GC Util currently" value="58" />
  <attribute name="CPU Util currently" value="18917719585227" />
<exclusive-end id="423" timestamp="2019-06-17T03:21:23.722" durationms="10.137" />

</verbosegc>

