<?xml version="1.0" ?>

<verbosegc xmlns="http://www.ibm.com/j9/verbosegc" version="10b4217_CMPRSS">

<initialized id="1" timestamp="2019-06-17T03:20:46.281">
  <attribute name="gcPolicy" value="-Xgcpolicy:balanced" />
  <attribute name="elasticGC enabled" value="1" />
  <attribute name= "numThreadsSpecified" value="0" />
  <attribute name="heapSize specified" value="0" />
  <attribute name="Current GC Util" value="0" />
  <attribute name= "Current Time Running" value="0" />
  <attribute name ="GC Interval" value="0" />
  <attribute name="ProportionalT" value="0.000000" />
  <attribute name="ProportionalI" value="0.000000" />
  <attribute name="ProportionalH" value="0.000000" />
  <attribute name="IntegralT" value="0.000000" />
  <attribute name="IntegralI" value="0.000000" />
  <attribute name="IntegralH" value="0.000000" />
  <attribute name="DerivativeT" value="0.000000" />
  <attribute name="DerivativeI" value="0.000000" />
  <attribute name="DerivativeH" value="0.000000" />
  <attribute name="Target GC Util Change" value ="0.000000" />
  <attribute name="Current GC Util Change" value="0.000000"/>
  <attribute name="Current Error" value="0.000000" />
  <attribute name="Loop Time for DT" value="0.000000" />
  <attribute name="Output H" value="0"/>
  <attribute name="Output I" value="0"/>
  <attribute name="Output T" value="0"/>
  <attribute name="GC Util currently" value="0" />
  <attribute name="CPU Util currently" value="0" />
  <attribute name="maxHeapSize" value="0x7cb00000" />
  <attribute name="initialHeapSize" value="0x800000" />
  <attribute name="compressedRefs" value="true" />
  <attribute name="compressedRefsDisplacement" value="0x0" />
  <attribute name="compressedRefsShift" value="0x0" />
  <attribute name="pageSize" value="0x1000" />
  <attribute name="pageType" value="not used" />
  <attribute name="requestedPageSize" value="0x1000" />
  <attribute name="requestedPageType" value="not used" />
  <attribute name="gcthreads" value="4" />
  <attribute name="packetListSplit" value="4" />
  <attribute name="cacheListSplit" value="4" />
  <attribute name="splitFreeListSplitAmount" value="1" />
  <attribute name="numaNodes" value="0" />
  <region>
    <attribute name="regionSize" value="1048576" />
    <attribute name="regionCount" value="1995" />
    <attribute name="arrayletLeafSize" value="1048576" />
  </region>
  <system>
    <attribute name="physicalMemory" value="8370958336" />
    <attribute name="numCPUs" value="4" />
    <attribute name="architecture" value="amd64" />
    <attribute name="os" value="Linux" />
    <attribute name="osVersion" value="4.4.0-150-generic" />
  </system>
  <vmargs>
    <vmarg name="-Xoptionsfile=/vagrant/jdk/lib/options.default" />
    <vmarg name="-Xlockword:mode=default,noLockword=java/lang/String,noLockword=java/util/MapEntry,noLockword=java/util/HashMap$Entry,noLockword..." />
    <vmarg name="-Xjcl:jclse29" />
    <vmarg name="-Dcom.ibm.oti.vm.bootstrap.library.path=/vagrant/jdk/lib/compressedrefs:/vagrant/jdk/lib" />
    <vmarg name="-Dsun.boot.library.path=/vagrant/jdk/lib/compressedrefs:/vagrant/jdk/lib" />
    <vmarg name="-Djava.library.path=/vagrant/jdk/lib/compressedrefs:/vagrant/jdk/lib:/usr/lib64:/usr/lib" />
    <vmarg name="-Djava.home=/vagrant/jdk" />
    <vmarg name="-Duser.dir=/vagrant" />
    <vmarg name="-Xgcpolicy:balanced" />
    <vmarg name="-Xgcelastic" />
    <vmarg name="-Xcheck:gc:::elasticGC" />
    <vmarg name="-verbose:gc" />
    <vmarg name="-Xloggc:jdk1.5-1-1.5-default-BAL-4CORE-elasticverbose2pmd.txt" />
    <vmarg name="-Djava.class.path=dacapo-9.12-MR1-bach.jar" />
    <vmarg name="-Dsun.java.command=dacapo-9.12-MR1-bach.jar pmd --size=default" />
    <vmarg name="-Dsun.java.launcher=SUN_STANDARD" />
    <vmarg name="-Dsun.java.launcher.pid=2328" />
  </vmargs>
</initialized>

<exclusive-start id="2" timestamp="2019-06-17T03:20:58.561" intervalms="12279.758">
  <response-info timems="0.056" idlems="0.056" threads="0" lastid="00000000010B5700" lastname="main" />
</exclusive-start>
<allocation-taxation id="3" taxation-threshold="8388608" timestamp="2019-06-17T03:20:58.561" intervalms="12280.266" />
<cycle-start id="4" type="partial gc" contextid="0" timestamp="2019-06-17T03:20:58.562" intervalms="12280.675" />
<gc-start id="5" type="partial gc" contextid="4" timestamp="2019-06-17T03:20:58.562">
  <mem-info id="6" free="0" total="8388608" percent="0">
    <mem type="eden" free="80" total="8388608" percent="0" />
    <remembered-set count="0" freebytes="334848" totalbytes="334848" percent="100" regionsoverflowed="0" regionsstable="0" regionsrebuilding="0"/>
  </mem-info>
</gc-start>
<allocation-stats totalBytes="8345368" >
  <allocated-bytes non-tlh="449560" tlh="7895808" arrayletleaf="0"/>
  <largest-consumer threadName="main" threadId="00000000010B5700" bytes="8271048" />
</allocation-stats>
<gc-op id="7" type="mark" timems="2.661" contextid="4" timestamp="2019-06-17T03:20:58.566">
  <trace-info objectcount="20648" scancount="16383" scanbytes="542428" />
  <remembered-set-cleared processed="0" cleared="0" durationms="0.086" />
  <finalization candidates="46" enqueued="1" />
  <ownableSynchronizers candidates="4" cleared="3" />
  <references type="soft" candidates="66" cleared="0" enqueued="0" dynamicThreshold="32" maxThreshold="32" />
  <references type="weak" candidates="911" cleared="529" enqueued="452" />
  <references type="phantom" candidates="125" cleared="44" enqueued="44" />
  <stringconstants candidates="2485" cleared="0"  />
  <warning details="Mark for calibration purposes" />
</gc-op>
<gc-op id="8" type="classunload" timems="0.045" contextid="4" timestamp="2019-06-17T03:20:58.566">
  <classunload-info classloadercandidates="6" classloadersunloaded="0" classesunloaded="0" anonymousclassesunloaded="0" quiescems="0.000" setupms="0.045" scanms="0.000" postms="0.000" />
</gc-op>
<gc-op id="9" type="sweep" timems="1.224" contextid="4" timestamp="2019-06-17T03:20:58.567" />
<gc-op id="10" type="compact" timems="6.646" contextid="4" timestamp="2019-06-17T03:20:58.575">
  <compact-info movecount="20648" movebytes="1334416" />
  <remembered-set-cleared processed="0" cleared="0" durationms="0.086" />
</gc-op>
<gc-end id="11" type="partial gc" contextid="4" durationms="12.977" usertimems="12.000" systemtimems="0.000" timestamp="2019-06-17T03:20:58.575" activeThreads="4">
  <mem-info id="12" free="6291456" total="8388608" percent="75">
    <mem type="eden" free="761720" total="2097152" percent="36" />
    <pending-finalizers system="1" default="0" reference="496" classloader="0" />
    <remembered-set count="1536" freebytes="328704" totalbytes="334848" percent="98" regionsoverflowed="0" regionsstable="0" regionsrebuilding="0"/>
  </mem-info>
</gc-end>
<cycle-end id="13" type="partial gc" contextid="4" timestamp="2019-06-17T03:20:58.575" />
  <attribute name="elasticGC enabled" value="1" />
  <attribute name= "numThreadsSpecified" value="4" />
  <attribute name="heapSize specified" value="0" />
  <attribute name="Current GC Util" value="48" />
  <attribute name= "Current Time Running" value="12120" />
  <attribute name ="GC Interval" value="0" />
  <attribute name="ProportionalT" value="42.000000" />
  <attribute name="ProportionalI" value="42.000000" />
  <attribute name="ProportionalH" value="42.000000" />
  <attribute name="Current Error" value="28.000000" />
  <attribute name="IntegralT" value="-242304.000000" />
  <attribute name="IntegralI" value="-242304.000000" />
  <attribute name="IntegralH" value="-242304.000000" />
  <attribute name="DerivativeT" value="21.000000" />
  <attribute name="DerivativeI" value="21.000000" />
  <attribute name="DerivativeH" value="21.000000" />
  <attribute name="Loop Time for DT" value="2.000000" />
  <attribute name="Output H" value="2091843584"/>
  <attribute name="Output I" value="200"/>
  <attribute name="Output T" value="4"/>
  <attribute name="Target GC Util Change" value ="20.000000" />
  <attribute name="Current GC Util Change" value="48.000000"/>
  <attribute name="GC Util currently" value="48" />
  <attribute name="CPU Util currently" value="2717267144868" />
<exclusive-end id="14" timestamp="2019-06-17T03:20:58.576" durationms="14.587" />

<exclusive-start id="15" timestamp="2019-06-17T03:20:58.577" intervalms="15.785">
  <response-info timems="0.077" idlems="0.047" threads="1" lastid="0000000001201800" lastname="Finalizer thread" />
</exclusive-start>
<allocation-taxation id="16" taxation-threshold="6291456" timestamp="2019-06-17T03:20:58.577" intervalms="15.355" />
<cycle-start id="17" type="partial gc" contextid="0" timestamp="2019-06-17T03:20:58.577" intervalms="15.071" />
<gc-start id="18" type="partial gc" contextid="17" timestamp="2019-06-17T03:20:58.577">
  <mem-info id="19" free="0" total="8388608" percent="0">
    <mem type="eden" free="0" total="7340032" percent="0" />
    <pending-finalizers system="1" default="0" reference="43" classloader="0" />
    <remembered-set count="1536" freebytes="328704" totalbytes="334848" percent="98" regionsoverflowed="0" regionsstable="0" regionsrebuilding="0"/>
  </mem-info>
</gc-start>
<allocation-stats totalBytes="5785088" >
  <allocated-bytes non-tlh="88" tlh="5785000" arrayletleaf="0"/>
  <largest-consumer threadName="main" threadId="00000000010B5700" bytes="5773112" />
</allocation-stats>
<gc-op id="20" type="mark" timems="2.326" contextid="17" timestamp="2019-06-17T03:20:58.580">
  <trace-info objectcount="19851" scancount="15722" scanbytes="530628" />
  <remembered-set-cleared processed="0" cleared="0" durationms="0.037" />
  <finalization candidates="45" enqueued="0" />
  <ownableSynchronizers candidates="1" cleared="0" />
  <references type="soft" candidates="66" cleared="0" enqueued="0" dynamicThreshold="24" maxThreshold="32" />
  <references type="weak" candidates="382" cleared="0" enqueued="0" />
  <references type="phantom" candidates="81" cleared="0" enqueued="0" />
  <stringconstants candidates="2485" cleared="0"  />
  <warning details="Mark invoked due to insufficient free space for Copy-Forward" />
</gc-op>
<gc-op id="21" type="classunload" timems="0.001" contextid="17" timestamp="2019-06-17T03:20:58.580">
  <classunload-info classloadercandidates="6" classloadersunloaded="0" classesunloaded="0" anonymousclassesunloaded="0" quiescems="0.000" setupms="0.001" scanms="0.000" postms="0.000" />
</gc-op>
<gc-op id="22" type="sweep" timems="0.650" contextid="17" timestamp="2019-06-17T03:20:58.581" />
<gc-op id="23" type="compact" timems="4.209" contextid="17" timestamp="2019-06-17T03:20:58.586">
  <compact-info movecount="19783" movebytes="1271176" />
  <remembered-set-cleared processed="0" cleared="0" durationms="0.037" />
</gc-op>
<gc-end id="24" type="partial gc" contextid="17" durationms="8.947" usertimems="4.000" systemtimems="4.000" timestamp="2019-06-17T03:20:58.586" activeThreads="4">
  <mem-info id="25" free="5242880" total="8388608" percent="62">
    <mem type="eden" free="1803584" total="2097152" percent="86" />
    <pending-finalizers system="1" default="0" reference="43" classloader="0" />
    <remembered-set count="1024" freebytes="330752" totalbytes="334848" percent="98" regionsoverflowed="0" regionsstable="0" regionsrebuilding="0"/>
  </mem-info>
</gc-end>
<cycle-end id="26" type="partial gc" contextid="17" timestamp="2019-06-17T03:20:58.586" />
  <attribute name="elasticGC enabled" value="1" />
  <attribute name= "numThreadsSpecified" value="4" />
  <attribute name="heapSize specified" value="0" />
  <attribute name="Current GC Util" value="42" />
  <attribute name= "Current Time Running" value="12134" />
  <attribute name ="GC Interval" value="0" />
  <attribute name="ProportionalT" value="33.000000" />
  <attribute name="ProportionalI" value="33.000000" />
  <attribute name="ProportionalH" value="33.000000" />
  <attribute name="Current Error" value="22.000000" />
  <attribute name="IntegralT" value="22.000000" />
  <attribute name="IntegralI" value="22.000000" />
  <attribute name="IntegralH" value="22.000000" />
  <attribute name="DerivativeT" value="-52.500000" />
  <attribute name="DerivativeI" value="-52.500000" />
  <attribute name="DerivativeH" value="-52.500000" />
  <attribute name="Loop Time for DT" value="1.000000" />
  <attribute name="Output H" value="8388608"/>
  <attribute name="Output I" value="200"/>
  <attribute name="Output T" value="4"/>
  <attribute name="Target GC Util Change" value ="20.000000" />
  <attribute name="Current GC Util Change" value="42.000000"/>
  <attribute name="GC Util currently" value="42" />
  <attribute name="CPU Util currently" value="4446378556111" />
<exclusive-end id="27" timestamp="2019-06-17T03:20:58.587" durationms="9.788" />

<exclusive-start id="28" timestamp="2019-06-17T03:20:58.587" intervalms="10.506">
  <response-info timems="0.173" idlems="0.115" threads="1" lastid="0000000001201800" lastname="Finalizer thread" />
</exclusive-start>
<allocation-taxation id="29" taxation-threshold="2097152" timestamp="2019-06-17T03:20:58.587" intervalms="10.615" />
<cycle-start id="30" type="global mark phase" contextid="0" timestamp="2019-06-17T03:20:58.588" intervalms="12306.621" />
<gc-start id="31" type="global mark phase" contextid="30" timestamp="2019-06-17T03:20:58.588">
  <mem-info id="32" free="3145728" total="8388608" percent="37">
    <pending-finalizers system="1" default="0" reference="43" classloader="0" />
    <remembered-set count="576" freebytes="332544" totalbytes="334848" percent="99" regionsoverflowed="0" regionsstable="0" regionsrebuilding="0"/>
  </mem-info>
</gc-start>
<gc-op id="33" type="mark increment" timems="1.987" contextid="30" timestamp="2019-06-17T03:20:58.590">
  <trace-info objectcount="133" scancount="0" scanbytes="0" />
</gc-op>
<gc-end id="34" type="global mark phase" contextid="30" durationms="2.196" usertimems="0.000" systemtimems="0.000" timestamp="2019-06-17T03:20:58.590" activeThreads="4">
  <mem-info id="35" free="3145728" total="8388608" percent="37">
    <pending-finalizers system="1" default="0" reference="43" classloader="0" />
    <remembered-set count="576" freebytes="332544" totalbytes="334848" percent="99" regionsoverflowed="0" regionsstable="0" regionsrebuilding="0"/>
  </mem-info>
</gc-end>
<concurrent-start id="36" type="GMP work packet processing" contextid="30" timestamp="2019-06-17T03:20:58.590">
  <concurrent-mark-start scanTarget="18446744073709551615" />
</concurrent-start>
<exclusive-end id="37" timestamp="2019-06-17T03:20:58.590" durationms="3.077" />

<exclusive-start id="38" timestamp="2019-06-17T03:20:58.591" intervalms="4.185">
  <response-info timems="0.668" idlems="0.668" threads="0" lastid="00000000010B5700" lastname="main" />
</exclusive-start>
<allocation-taxation id="39" taxation-threshold="2097152" timestamp="2019-06-17T03:20:58.592" intervalms="4.093" />
<concurrent-end id="40" type="GMP work packet processing" contextid="30" timestamp="2019-06-17T03:20:58.592">
  <concurrent-mark-end bytesScanned="393940" reasonForTermination="Termination requested" />
</concurrent-end>

<cycle-start id="41" type="partial gc" contextid="0" timestamp="2019-06-17T03:20:58.592" intervalms="14.934" />
<gc-start id="42" type="partial gc" contextid="41" timestamp="2019-06-17T03:20:58.592">
  <mem-info id="43" free="1048576" total="8388608" percent="12">
    <mem type="eden" free="0" total="4194304" percent="0" />
    <pending-finalizers system="1" default="0" reference="42" classloader="0" />
    <remembered-set count="576" freebytes="332544" totalbytes="334848" percent="99" regionsoverflowed="0" regionsstable="0" regionsrebuilding="0"/>
  </mem-info>
</gc-start>
<allocation-stats totalBytes="3648472" >
  <allocated-bytes non-tlh="0" tlh="3648472" arrayletleaf="0"/>
  <largest-consumer threadName="main" threadId="00000000010B5700" bytes="1848568" />
</allocation-stats>
<gc-op id="44" type="copy forward" timems="2.895" contextid="41" timestamp="2019-06-17T03:20:58.596">
  <memory-copied type="eden" objects="2" bytes="18176" bytesdiscarded="0" />
  <memory-copied type="other" objects="19" bytes="5832" bytesdiscarded="392" />
  <memory-cardclean objects="55" bytes="2424" />
  <regions eden="4" other="1" />
  <remembered-set-cleared processed="215" cleared="25" durationms="0.046" />
  <stringconstants candidates="2485" cleared="0"  />
  <heap-resize type="expand" space="default" amount="1048576" count="1" timems="0.170" reason="continue current collection" />
</gc-op>
<gc-op id="45" type="classunload" timems="0.001" contextid="41" timestamp="2019-06-17T03:20:58.596">
  <classunload-info classloadercandidates="6" classloadersunloaded="0" classesunloaded="0" anonymousclassesunloaded="0" quiescems="0.000" setupms="0.001" scanms="0.000" postms="0.000" />
</gc-op>
<heap-resize id="46" type="expand" space="default" amount="1048576" count="1" timems="0.048" reason="excessive time being spent in gc" timestamp="2019-06-17T03:20:58.596" />
<gc-end id="47" type="partial gc" contextid="41" durationms="3.966" usertimems="0.000" systemtimems="4.000" timestamp="2019-06-17T03:20:58.596" activeThreads="4">
  <mem-info id="48" free="6291456" total="10485760" percent="60">
    <mem type="eden" free="1030400" total="1048576" percent="98" />
    <pending-finalizers system="1" default="0" reference="42" classloader="0" />
    <remembered-set count="1792" freebytes="411392" totalbytes="418560" percent="98" regionsoverflowed="0" regionsstable="0" regionsrebuilding="0"/>
  </mem-info>
</gc-end>
<cycle-end id="49" type="partial gc" contextid="41" timestamp="2019-06-17T03:20:58.596" />
  <attribute name="elasticGC enabled" value="1" />
  <attribute name= "numThreadsSpecified" value="4" />
  <attribute name="heapSize specified" value="0" />
  <attribute name="Current GC Util" value="19" />
  <attribute name= "Current Time Running" value="12145" />
  <attribute name ="GC Interval" value="0" />
  <attribute name="ProportionalT" value="-1.500000" />
  <attribute name="ProportionalI" value="-1.500000" />
  <attribute name="ProportionalH" value="-1.500000" />
  <attribute name="Current Error" value="-1.000000" />
  <attribute name="IntegralT" value="0.000000" />
  <attribute name="IntegralI" value="0.000000" />
  <attribute name="IntegralH" value="0.000000" />
  <attribute name="DerivativeT" value="-inf" />
  <attribute name="DerivativeI" value="-inf" />
  <attribute name="DerivativeH" value="-inf" />
  <attribute name="Loop Time for DT" value="0.000000" />
  <attribute name="Output H" value="2091843584"/>
  <attribute name="Output I" value="200"/>
  <attribute name="Output T" value="4"/>
  <attribute name="Target GC Util Change" value ="20.000000" />
  <attribute name="Current GC Util Change" value="19.000000"/>
  <attribute name="GC Util currently" value="19" />
  <attribute name="CPU Util currently" value="12314478555952" />
<concurrent-start id="50" type="GMP work packet processing" contextid="30" timestamp="2019-06-17T03:20:58.596">
  <concurrent-mark-start scanTarget="18446744073709157675" />
</concurrent-start>
<exclusive-end id="51" timestamp="2019-06-17T03:20:58.596" durationms="4.824" />

<exclusive-start id="52" timestamp="2019-06-17T03:20:58.597" intervalms="5.535">
  <response-info timems="0.187" idlems="0.130" threads="1" lastid="0000000001201800" lastname="Finalizer thread" />
</exclusive-start>
<allocation-taxation id="53" taxation-threshold="3145728" timestamp="2019-06-17T03:20:58.597" intervalms="5.488" />
<concurrent-end id="54" type="GMP work packet processing" contextid="30" timestamp="2019-06-17T03:20:58.597">
  <concurrent-mark-end bytesScanned="136680" reasonForTermination="Termination requested" />
</concurrent-end>

<gc-start id="55" type="global mark phase" contextid="30" timestamp="2019-06-17T03:20:58.597">
  <mem-info id="56" free="3145728" total="10485760" percent="30">
    <pending-finalizers system="1" default="0" reference="41" classloader="0" />
    <remembered-set count="1792" freebytes="411392" totalbytes="418560" percent="98" regionsoverflowed="0" regionsstable="0" regionsrebuilding="0"/>
  </mem-info>
</gc-start>
<gc-op id="57" type="mark increment" timems="0.123" contextid="30" timestamp="2019-06-17T03:20:58.597">
  <trace-info objectcount="0" scancount="0" scanbytes="0" />
</gc-op>
<gc-end id="58" type="global mark phase" contextid="30" durationms="0.220" usertimems="0.000" systemtimems="0.000" timestamp="2019-06-17T03:20:58.597" activeThreads="4">
  <mem-info id="59" free="3145728" total="10485760" percent="30">
    <pending-finalizers system="1" default="0" reference="41" classloader="0" />
    <remembered-set count="1792" freebytes="411392" totalbytes="418560" percent="98" regionsoverflowed="0" regionsstable="0" regionsrebuilding="0"/>
  </mem-info>
</gc-end>
<concurrent-start id="60" type="GMP work packet processing" contextid="30" timestamp="2019-06-17T03:20:58.597">
  <concurrent-mark-start scanTarget="18446744073709551615" />
</concurrent-start>
<exclusive-end id="61" timestamp="2019-06-17T03:20:58.598" durationms="0.569" />

<concurrent-end id="62" type="GMP work packet processing" contextid="30" timestamp="2019-06-17T03:20:58.598">
  <concurrent-mark-end bytesScanned="0" reasonForTermination="Completed all work in GC phase" />
</concurrent-end>

<exclusive-start id="63" timestamp="2019-06-17T03:20:58.598" intervalms="1.478">
  <response-info timems="0.143" idlems="0.079" threads="1" lastid="0000000001201800" lastname="Finalizer thread" />
</exclusive-start>
<allocation-taxation id="64" taxation-threshold="3145728" timestamp="2019-06-17T03:20:58.599" intervalms="1.511" />
<cycle-start id="65" type="partial gc" contextid="0" timestamp="2019-06-17T03:20:58.599" intervalms="6.701" />
<gc-start id="66" type="partial gc" contextid="65" timestamp="2019-06-17T03:20:58.599">
  <mem-info id="67" free="0" total="10485760" percent="0">
    <mem type="eden" free="1030400" total="7340032" percent="14" />
    <pending-finalizers system="1" default="0" reference="31" classloader="0" />
    <remembered-set count="1792" freebytes="411392" totalbytes="418560" percent="98" regionsoverflowed="0" regionsstable="0" regionsrebuilding="0"/>
  </mem-info>
</gc-start>
<allocation-stats totalBytes="5662760" >
  <allocated-bytes non-tlh="0" tlh="5662760" arrayletleaf="0"/>
  <largest-consumer threadName="main" threadId="00000000010B5700" bytes="2850280" />
</allocation-stats>
<gc-op id="68" type="mark" timems="0.445" contextid="65" timestamp="2019-06-17T03:20:58.599">
  <trace-info objectcount="2" scancount="1" scanbytes="24" />
  <cardclean-info objects="243" bytes="9372" />
  <remembered-set-cleared processed="226" cleared="16" durationms="0.048" />
  <stringconstants candidates="2485" cleared="0"  />
  <warning details="Mark invoked due to insufficient free space for Copy-Forward" />
</gc-op>
<gc-op id="69" type="classunload" timems="0.001" contextid="65" timestamp="2019-06-17T03:20:58.600">
  <classunload-info classloadercandidates="6" classloadersunloaded="0" classesunloaded="0" anonymousclassesunloaded="0" quiescems="0.000" setupms="0.001" scanms="0.000" postms="0.000" />
</gc-op>
<gc-op id="70" type="sweep" timems="0.322" contextid="65" timestamp="2019-06-17T03:20:58.600" />
<gc-op id="71" type="compact" timems="0.430" contextid="65" timestamp="2019-06-17T03:20:58.601">
  <compact-info movecount="2" movebytes="22168" />
  <remembered-set-cleared processed="452" cleared="16" durationms="0.048" />
</gc-op>
<gc-end id="72" type="partial gc" contextid="65" durationms="2.097" usertimems="0.000" systemtimems="0.000" timestamp="2019-06-17T03:20:58.601" activeThreads="1">
  <mem-info id="73" free="6291456" total="10485760" percent="60">
    <mem type="eden" free="1026408" total="1048576" percent="97" />
    <pending-finalizers system="1" default="0" reference="31" classloader="0" />
    <remembered-set count="1856" freebytes="411136" totalbytes="418560" percent="98" regionsoverflowed="0" regionsstable="0" regionsrebuilding="0"/>
  </mem-info>
</gc-end>
<cycle-end id="74" type="partial gc" contextid="65" timestamp="2019-06-17T03:20:58.601" />
  <attribute name="elasticGC enabled" value="1" />
  <attribute name= "numThreadsSpecified" value="1" />
  <attribute name="heapSize specified" value="0" />
  <attribute name="Current GC Util" value="23" />
  <attribute name= "Current Time Running" value="12152" />
  <attribute name ="GC Interval" value="0" />
  <attribute name="ProportionalT" value="4.500000" />
  <attribute name="ProportionalI" value="4.500000" />
  <attribute name="ProportionalH" value="4.500000" />
  <attribute name="Current Error" value="3.000000" />
  <attribute name="IntegralT" value="0.000000" />
  <attribute name="IntegralI" value="0.000000" />
  <attribute name="IntegralH" value="0.000000" />
  <attribute name="DerivativeT" value="inf" />
  <attribute name="DerivativeI" value="inf" />
  <attribute name="DerivativeH" value="inf" />
  <attribute name="Loop Time for DT" value="0.000000" />
  <attribute name="Output H" value="8388608"/>
  <attribute name="Output I" value="200"/>
  <attribute name="Output T" value="1"/>
  <attribute name="Target GC Util Change" value ="20.000000" />
  <attribute name="Current GC Util Change" value="23.000000"/>
  <attribute name="GC Util currently" value="23" />
  <attribute name="CPU Util currently" value="9470300654753" />
<exclusive-end id="75" timestamp="2019-06-17T03:20:58.601" durationms="2.675" />

<exclusive-start id="76" timestamp="2019-06-17T03:20:58.602" intervalms="3.536">
  <response-info timems="0.116" idlems="0.066" threads="1" lastid="0000000001201800" lastname="Finalizer thread" />
</exclusive-start>
<allocation-taxation id="77" taxation-threshold="3145728" timestamp="2019-06-17T03:20:58.602" intervalms="3.597" />
<gc-start id="78" type="global mark phase" contextid="30" timestamp="2019-06-17T03:20:58.602">
  <mem-info id="79" free="3145728" total="10485760" percent="30">
    <pending-finalizers system="1" default="0" reference="29" classloader="0" />
    <remembered-set count="1856" freebytes="411136" totalbytes="418560" percent="98" regionsoverflowed="0" regionsstable="0" regionsrebuilding="0"/>
  </mem-info>
</gc-start>
<gc-op id="80" type="mark increment" timems="1.089" contextid="30" timestamp="2019-06-17T03:20:58.603">
  <trace-info objectcount="4" scancount="2" scanbytes="40" />
  <cardclean-info objects="397" bytes="14720" />
  <finalization candidates="45" enqueued="0" />
  <ownableSynchronizers candidates="1" cleared="0" />
  <references type="soft" candidates="66" cleared="0" enqueued="0" dynamicThreshold="19" maxThreshold="32" />
  <references type="weak" candidates="382" cleared="0" enqueued="0" />
  <references type="phantom" candidates="81" cleared="0" enqueued="0" />
  <stringconstants candidates="2485" cleared="0"  />
</gc-op>
<gc-op id="81" type="classunload" timems="0.001" contextid="30" timestamp="2019-06-17T03:20:58.604">
  <classunload-info classloadercandidates="6" classloadersunloaded="0" classesunloaded="0" anonymousclassesunloaded="0" quiescems="0.000" setupms="0.001" scanms="0.000" postms="0.000" />
</gc-op>
<gc-end id="82" type="global mark phase" contextid="30" durationms="1.476" usertimems="0.000" systemtimems="0.000" timestamp="2019-06-17T03:20:58.604" activeThreads="4">
  <mem-info id="83" free="3145728" total="10485760" percent="30">
    <pending-finalizers system="1" default="0" reference="29" classloader="0" />
    <remembered-set count="1856" freebytes="411136" totalbytes="418560" percent="98" regionsoverflowed="0" regionsstable="0" regionsrebuilding="0"/>
  </mem-info>
</gc-end>
<cycle-end id="84" type="global mark phase" contextid="30" timestamp="2019-06-17T03:20:58.604" />
  <attribute name="elasticGC enabled" value="1" />
  <attribute name= "numThreadsSpecified" value="4" />
  <attribute name="heapSize specified" value="0" />
  <attribute name="Current GC Util" value="24" />
  <attribute name= "Current Time Running" value="12155" />
  <attribute name ="GC Interval" value="0" />
  <attribute name="ProportionalT" value="6.000000" />
  <attribute name="ProportionalI" value="6.000000" />
  <attribute name="ProportionalH" value="6.000000" />
  <attribute name="Current Error" value="4.000000" />
  <attribute name="IntegralT" value="0.000000" />
  <attribute name="IntegralI" value="0.000000" />
  <attribute name="IntegralH" value="0.000000" />
  <attribute name="DerivativeT" value="-inf" />
  <attribute name="DerivativeI" value="-inf" />
  <attribute name="DerivativeH" value="-inf" />
  <attribute name="Loop Time for DT" value="0.000000" />
  <attribute name="Output H" value="2091843584"/>
  <attribute name="Output I" value="200"/>
  <attribute name="Output T" value="4"/>
  <attribute name="Target GC Util Change" value ="20.000000" />
  <attribute name="Current GC Util Change" value="24.000000"/>
  <attribute name="GC Util currently" value="24" />
  <attribute name="CPU Util currently" value="42838036837343" />
<exclusive-end id="85" timestamp="2019-06-17T03:20:58.604" durationms="2.040" />

<exclusive-start id="86" timestamp="2019-06-17T03:20:58.605" intervalms="2.530">
  <response-info timems="0.029" idlems="0.029" threads="0" lastid="00000000010B5700" lastname="main" />
</exclusive-start>
<allocation-taxation id="87" taxation-threshold="3145728" timestamp="2019-06-17T03:20:58.605" intervalms="2.440" />
<cycle-start id="88" type="partial gc" contextid="0" timestamp="2019-06-17T03:20:58.605" intervalms="6.042" />
<gc-start id="89" type="partial gc" contextid="88" timestamp="2019-06-17T03:20:58.605">
  <mem-info id="90" free="0" total="10485760" percent="0">
    <mem type="eden" free="1026408" total="7340032" percent="13" />
    <pending-finalizers system="1" default="0" reference="27" classloader="0" />
    <remembered-set count="1856" freebytes="411136" totalbytes="418560" percent="98" regionsoverflowed="0" regionsstable="0" regionsrebuilding="0"/>
  </mem-info>
</gc-start>
<allocation-stats totalBytes="4826728" >
  <allocated-bytes non-tlh="135600" tlh="4691128" arrayletleaf="0"/>
  <largest-consumer threadName="main" threadId="00000000010B5700" bytes="2370568" />
</allocation-stats>
<gc-op id="91" type="sweep" timems="0.351" contextid="88" timestamp="2019-06-17T03:20:58.605" />
<gc-op id="92" type="copy forward" timems="0.406" contextid="88" timestamp="2019-06-17T03:20:58.606">
  <memory-copied type="eden" objects="2" bytes="25240" bytesdiscarded="0" />
  <memory-copied type="other" objects="0" bytes="0" bytesdiscarded="0" />
  <memory-cardclean objects="78" bytes="3200" />
  <regions eden="3" other="1" />
  <remembered-set-cleared processed="230" cleared="3" durationms="0.047" />
  <stringconstants candidates="2485" cleared="0"  />
</gc-op>
<gc-op id="93" type="classunload" timems="0.001" contextid="88" timestamp="2019-06-17T03:20:58.606">
  <classunload-info classloadercandidates="6" classloadersunloaded="0" classesunloaded="0" anonymousclassesunloaded="0" quiescems="0.000" setupms="0.001" scanms="0.000" postms="0.000" />
</gc-op>
<gc-end id="94" type="partial gc" contextid="88" durationms="1.925" usertimems="4.000" systemtimems="0.000" timestamp="2019-06-17T03:20:58.607" activeThreads="1">
  <mem-info id="95" free="6291456" total="10485760" percent="60">
    <mem type="eden" free="1023336" total="1048576" percent="97" />
    <pending-finalizers system="1" default="0" reference="27" classloader="0" />
    <remembered-set count="1856" freebytes="411136" totalbytes="418560" percent="98" regionsoverflowed="0" regionsstable="0" regionsrebuilding="0"/>
  </mem-info>
</gc-end>
<cycle-end id="96" type="partial gc" contextid="88" timestamp="2019-06-17T03:20:58.607" />
  <attribute name="elasticGC enabled" value="1" />
  <attribute name= "numThreadsSpecified" value="1" />
  <attribute name="heapSize specified" value="0" />
  <attribute name="Current GC Util" value="39" />
  <attribute name= "Current Time Running" value="12158" />
  <attribute name ="GC Interval" value="0" />
  <attribute name="ProportionalT" value="28.500000" />
  <attribute name="ProportionalI" value="28.500000" />
  <attribute name="ProportionalH" value="28.500000" />
  <attribute name="Current Error" value="19.000000" />
  <attribute name="IntegralT" value="0.000000" />
  <attribute name="IntegralI" value="0.000000" />
  <attribute name="IntegralH" value="0.000000" />
  <attribute name="DerivativeT" value="inf" />
  <attribute name="DerivativeI" value="inf" />
  <attribute name="DerivativeH" value="inf" />
  <attribute name="Loop Time for DT" value="0.000000" />
  <attribute name="Output H" value="8388608"/>
  <attribute name="Output I" value="200"/>
  <attribute name="Output T" value="1"/>
  <attribute name="Target GC Util Change" value ="20.000000" />
  <attribute name="Current GC Util Change" value="39.000000"/>
  <attribute name="GC Util currently" value="39" />
  <attribute name="CPU Util currently" value="20233082454344" />
<exclusive-end id="97" timestamp="2019-06-17T03:20:58.607" durationms="2.505" />

<exclusive-start id="98" timestamp="2019-06-17T03:20:58.608" intervalms="3.156">
  <response-info timems="0.022" idlems="0.022" threads="0" lastid="00000000010B5700" lastname="main" />
</exclusive-start>
<sys-start reason="explicit" id="99" timestamp="2019-06-17T03:20:58.608" intervalms="12326.597" />
<cycle-start id="100" type="global garbage collect" contextid="0" timestamp="2019-06-17T03:20:58.608" intervalms="12326.727" />
<gc-start id="101" type="global garbage collect" contextid="100" timestamp="2019-06-17T03:20:58.608">
  <mem-info id="102" free="3224448" total="10485760" percent="30">
    <mem type="eden" free="1102056" total="4194304" percent="26" />
    <pending-finalizers system="1" default="0" reference="26" classloader="0" />
    <remembered-set count="1856" freebytes="411136" totalbytes="418560" percent="98" regionsoverflowed="0" regionsstable="0" regionsrebuilding="0"/>
  </mem-info>
</gc-start>
<allocation-stats totalBytes="2571184" >
  <allocated-bytes non-tlh="204416" tlh="2366768" arrayletleaf="0"/>
  <largest-consumer threadName="main" threadId="00000000010B5700" bytes="2567088" />
</allocation-stats>
<gc-op id="103" type="global mark" timems="1.611" contextid="100" timestamp="2019-06-17T03:20:58.610">
  <trace-info objectcount="19186" scancount="15263" scanbytes="520188" />
  <finalization candidates="45" enqueued="0" />
  <ownableSynchronizers candidates="1" cleared="0" />
  <references type="soft" candidates="66" cleared="0" enqueued="0" dynamicThreshold="19" maxThreshold="32" />
  <references type="weak" candidates="382" cleared="0" enqueued="0" />
  <references type="phantom" candidates="81" cleared="0" enqueued="0" />
  <stringconstants candidates="2485" cleared="0"  />
</gc-op>
<gc-op id="104" type="classunload" timems="0.002" contextid="100" timestamp="2019-06-17T03:20:58.610">
  <classunload-info classloadercandidates="6" classloadersunloaded="0" classesunloaded="0" anonymousclassesunloaded="0" quiescems="0.000" setupms="0.001" scanms="0.000" postms="0.000" />
</gc-op>
<gc-op id="105" type="sweep" timems="0.433" contextid="100" timestamp="2019-06-17T03:20:58.611" />
<gc-op id="106" type="compact" timems="3.162" contextid="100" timestamp="2019-06-17T03:20:58.614">
  <compact-info movecount="17376" movebytes="1029528" />
  <remembered-set-cleared processed="501" cleared="501" durationms="0.041" />
</gc-op>
<gc-end id="107" type="global garbage collect" contextid="100" durationms="6.233" usertimems="8.000" systemtimems="0.000" timestamp="2019-06-17T03:20:58.614" activeThreads="4">
  <mem-info id="108" free="6291456" total="10485760" percent="60">
    <pending-finalizers system="1" default="0" reference="26" classloader="0" />
    <remembered-set count="1536" freebytes="412416" totalbytes="418560" percent="98" regionsoverflowed="0" regionsstable="0" regionsrebuilding="0"/>
  </mem-info>
</gc-end>
<cycle-end id="109" type="global garbage collect" contextid="100" timestamp="2019-06-17T03:20:58.614" />
  <attribute name="elasticGC enabled" value="1" />
  <attribute name= "numThreadsSpecified" value="4" />
  <attribute name="heapSize specified" value="0" />
  <attribute name="Current GC Util" value="19" />
  <attribute name= "Current Time Running" value="12163" />
  <attribute name ="GC Interval" value="0" />
  <attribute name="ProportionalT" value="-1.500000" />
  <attribute name="ProportionalI" value="-1.500000" />
  <attribute name="ProportionalH" value="-1.500000" />
  <attribute name="Current Error" value="-1.000000" />
  <attribute name="IntegralT" value="-1.000000" />
  <attribute name="IntegralI" value="-1.000000" />
  <attribute name="IntegralH" value="-1.000000" />
  <attribute name="DerivativeT" value="-81.000000" />
  <attribute name="DerivativeI" value="-81.000000" />
  <attribute name="DerivativeH" value="-81.000000" />
  <attribute name="Loop Time for DT" value="1.000000" />
  <attribute name="Output H" value="2091843584"/>
  <attribute name="Output I" value="200"/>
  <attribute name="Output T" value="4"/>
  <attribute name="Target GC Util Change" value ="20.000000" />
  <attribute name="Current GC Util Change" value="19.000000"/>
  <attribute name="GC Util currently" value="19" />
  <attribute name="CPU Util currently" value="7017567966514" />
<sys-end id="110" timestamp="2019-06-17T03:20:58.615" />
<exclusive-end id="111" timestamp="2019-06-17T03:20:58.615" durationms="7.251" />

<exclusive-start id="112" timestamp="2019-06-17T03:20:59.103" intervalms="495.136">
  <response-info timems="0.056" idlems="0.056" threads="0" lastid="00000000010B5700" lastname="main" />
</exclusive-start>
<allocation-taxation id="113" taxation-threshold="6291456" timestamp="2019-06-17T03:20:59.103" intervalms="498.418" />
<cycle-start id="114" type="partial gc" contextid="0" timestamp="2019-06-17T03:20:59.103" intervalms="498.627" />
<gc-start id="115" type="partial gc" contextid="114" timestamp="2019-06-17T03:20:59.104">
  <mem-info id="116" free="0" total="10485760" percent="0">
    <mem type="eden" free="0" total="6291456" percent="0" />
    <remembered-set count="1408" freebytes="412928" totalbytes="418560" percent="98" regionsoverflowed="0" regionsstable="0" regionsrebuilding="0"/>
  </mem-info>
</gc-start>
<allocation-stats totalBytes="6278752" >
  <allocated-bytes non-tlh="184568" tlh="6094184" arrayletleaf="0"/>
  <largest-consumer threadName="main" threadId="00000000010B5700" bytes="6274656" />
</allocation-stats>
<gc-op id="117" type="mark" timems="1.192" contextid="114" timestamp="2019-06-17T03:20:59.105">
  <trace-info objectcount="9085" scancount="6233" scanbytes="201296" />
  <cardclean-info objects="885" bytes="35708" />
  <remembered-set-cleared processed="324" cleared="42" durationms="0.053" />
  <references type="soft" candidates="3" cleared="0" enqueued="0" dynamicThreshold="19" maxThreshold="32" />
  <references type="weak" candidates="77" cleared="73" enqueued="73" />
  <references type="phantom" candidates="8" cleared="3" enqueued="3" />
  <stringconstants candidates="3371" cleared="0"  />
  <warning details="Mark invoked due to insufficient free space for Copy-Forward" />
</gc-op>
<gc-op id="118" type="classunload" timems="0.001" contextid="114" timestamp="2019-06-17T03:20:59.105">
  <classunload-info classloadercandidates="6" classloadersunloaded="0" classesunloaded="0" anonymousclassesunloaded="0" quiescems="0.000" setupms="0.001" scanms="0.000" postms="0.000" />
</gc-op>
<gc-op id="119" type="sweep" timems="0.352" contextid="114" timestamp="2019-06-17T03:20:59.106" />
<gc-op id="120" type="compact" timems="1.750" contextid="114" timestamp="2019-06-17T03:20:59.108">
  <compact-info movecount="9050" movebytes="571960" />
  <remembered-set-cleared processed="1890" cleared="1310" durationms="0.054" />
</gc-op>
<gc-end id="121" type="partial gc" contextid="114" durationms="4.658" usertimems="4.000" systemtimems="0.000" timestamp="2019-06-17T03:20:59.108" activeThreads="1">
  <mem-info id="122" free="5242880" total="10485760" percent="50">
    <mem type="eden" free="474096" total="1048576" percent="45" />
    <pending-finalizers system="0" default="0" reference="76" classloader="0" />
    <remembered-set count="2368" freebytes="409088" totalbytes="418560" percent="97" regionsoverflowed="0" regionsstable="0" regionsrebuilding="0"/>
  </mem-info>
</gc-end>
<cycle-end id="123" type="partial gc" contextid="114" timestamp="2019-06-17T03:20:59.108" />
  <attribute name="elasticGC enabled" value="1" />
  <attribute name= "numThreadsSpecified" value="1" />
  <attribute name="heapSize specified" value="0" />
  <attribute name="Current GC Util" value="24" />
  <attribute name= "Current Time Running" value="12658" />
  <attribute name ="GC Interval" value="0" />
  <attribute name="ProportionalT" value="6.000000" />
  <attribute name="ProportionalI" value="6.000000" />
  <attribute name="ProportionalH" value="6.000000" />
  <attribute name="Current Error" value="4.000000" />
  <attribute name="IntegralT" value="0.000000" />
  <attribute name="IntegralI" value="0.000000" />
  <attribute name="IntegralH" value="0.000000" />
  <attribute name="DerivativeT" value="inf" />
  <attribute name="DerivativeI" value="inf" />
  <attribute name="DerivativeH" value="inf" />
  <attribute name="Loop Time for DT" value="0.000000" />
  <attribute name="Output H" value="8388608"/>
  <attribute name="Output I" value="200"/>
  <attribute name="Output T" value="1"/>
  <attribute name="Target GC Util Change" value ="20.000000" />
  <attribute name="Current GC Util Change" value="24.000000"/>
  <attribute name="GC Util currently" value="24" />
  <attribute name="CPU Util currently" value="7759457301654" />
<exclusive-end id="124" timestamp="2019-06-17T03:20:59.109" durationms="5.697" />

<exclusive-start id="125" timestamp="2019-06-17T03:20:59.582" intervalms="479.180">
  <response-info timems="0.074" idlems="0.049" threads="1" lastid="00000000013C5C00" lastname="PmdThread 1" />
</exclusive-start>
<allocation-taxation id="126" taxation-threshold="5242880" timestamp="2019-06-17T03:20:59.582" intervalms="479.103" />
<cycle-start id="127" type="partial gc" contextid="0" timestamp="2019-06-17T03:20:59.582" intervalms="478.933" />
<gc-start id="128" type="partial gc" contextid="127" timestamp="2019-06-17T03:20:59.582">
  <mem-info id="129" free="0" total="10485760" percent="0">
    <mem type="eden" free="0" total="5242880" percent="0" />
    <remembered-set count="1344" freebytes="413184" totalbytes="418560" percent="98" regionsoverflowed="0" regionsstable="1" regionsrebuilding="0"/>
  </mem-info>
</gc-start>
<allocation-stats totalBytes="5214256" >
  <allocated-bytes non-tlh="391784" tlh="4822472" arrayletleaf="0"/>
  <largest-consumer threadName="main" threadId="00000000010B5700" bytes="1688752" />
</allocation-stats>
<gc-op id="130" type="mark" timems="1.512" contextid="127" timestamp="2019-06-17T03:20:59.584">
  <trace-info objectcount="13773" scancount="10036" scanbytes="321048" />
  <cardclean-info objects="807" bytes="32124" />
  <remembered-set-cleared processed="264" cleared="97" durationms="0.056" />
  <finalization candidates="6" enqueued="0" />
  <ownableSynchronizers candidates="7" cleared="0" />
  <references type="soft" candidates="3" cleared="0" enqueued="0" dynamicThreshold="16" maxThreshold="32" />
  <references type="weak" candidates="437" cleared="220" enqueued="143" />
  <references type="phantom" candidates="8" cleared="0" enqueued="0" />
  <stringconstants candidates="3528" cleared="4"  />
  <warning details="Mark invoked due to insufficient free space for Copy-Forward" />
</gc-op>
<gc-op id="131" type="classunload" timems="0.002" contextid="127" timestamp="2019-06-17T03:20:59.584">
  <classunload-info classloadercandidates="6" classloadersunloaded="0" classesunloaded="0" anonymousclassesunloaded="0" quiescems="0.000" setupms="0.002" scanms="0.000" postms="0.000" />
</gc-op>
<gc-op id="132" type="sweep" timems="0.376" contextid="127" timestamp="2019-06-17T03:20:59.585" />
<gc-op id="133" type="compact" timems="2.434" contextid="127" timestamp="2019-06-17T03:20:59.587">
  <compact-info movecount="13726" movebytes="1118168" />
  <remembered-set-cleared processed="616" cleared="275" durationms="0.056" />
</gc-op>
<gc-end id="134" type="partial gc" contextid="127" durationms="5.336" usertimems="8.000" systemtimems="0.000" timestamp="2019-06-17T03:20:59.588" activeThreads="1">
  <mem-info id="135" free="4194304" total="10485760" percent="40">
    <mem type="eden" free="220928" total="1048576" percent="21" />
    <pending-finalizers system="0" default="0" reference="143" classloader="0" />
    <remembered-set count="2208" freebytes="409728" totalbytes="418560" percent="97" regionsoverflowed="0" regionsstable="1" regionsrebuilding="0"/>
  </mem-info>
</gc-end>
<cycle-end id="136" type="partial gc" contextid="127" timestamp="2019-06-17T03:20:59.588" />
  <attribute name="elasticGC enabled" value="1" />
  <attribute name= "numThreadsSpecified" value="1" />
  <attribute name="heapSize specified" value="0" />
  <attribute name="Current GC Util" value="28" />
  <attribute name= "Current Time Running" value="13137" />
  <attribute name ="GC Interval" value="0" />
  <attribute name="ProportionalT" value="12.000000" />
  <attribute name="ProportionalI" value="12.000000" />
  <attribute name="ProportionalH" value="12.000000" />
  <attribute name="Current Error" value="8.000000" />
  <attribute name="IntegralT" value="0.000000" />
  <attribute name="IntegralI" value="0.000000" />
  <attribute name="IntegralH" value="0.000000" />
  <attribute name="DerivativeT" value="inf" />
  <attribute name="DerivativeI" value="inf" />
  <attribute name="DerivativeH" value="inf" />
  <attribute name="Loop Time for DT" value="0.000000" />
  <attribute name="Output H" value="8388608"/>
  <attribute name="Output I" value="200"/>
  <attribute name="Output T" value="1"/>
  <attribute name="Target GC Util Change" value ="20.000000" />
  <attribute name="Current GC Util Change" value="28.000000"/>
  <attribute name="GC Util currently" value="28" />
  <attribute name="CPU Util currently" value="8361517028663" />
<exclusive-end id="137" timestamp="2019-06-17T03:20:59.588" durationms="6.094" />

<exclusive-start id="138" timestamp="2019-06-17T03:20:59.660" intervalms="78.385">
  <response-info timems="0.046" idlems="0.046" threads="0" lastid="00000000013D1400" lastname="PmdThread 3" />
</exclusive-start>
<allocation-taxation id="139" taxation-threshold="4194304" timestamp="2019-06-17T03:20:59.660" intervalms="78.370" />
<cycle-start id="140" type="partial gc" contextid="0" timestamp="2019-06-17T03:20:59.661" intervalms="78.357" />
<gc-start id="141" type="partial gc" contextid="140" timestamp="2019-06-17T03:20:59.661">
  <mem-info id="142" free="0" total="10485760" percent="0">
    <mem type="eden" free="220928" total="5242880" percent="4" />
    <remembered-set count="1728" freebytes="411648" totalbytes="418560" percent="98" regionsoverflowed="0" regionsstable="1" regionsrebuilding="0"/>
  </mem-info>
</gc-start>
<allocation-stats totalBytes="4191504" >
  <allocated-bytes non-tlh="75896" tlh="4115608" arrayletleaf="0"/>
  <largest-consumer threadName="PmdThread 3" threadId="00000000013D1400" bytes="1370888" />
</allocation-stats>
<gc-op id="143" type="mark" timems="2.227" contextid="140" timestamp="2019-06-17T03:20:59.663">
  <trace-info objectcount="30023" scancount="24374" scanbytes="817612" />
  <cardclean-info objects="631" bytes="30188" />
  <remembered-set-cleared processed="622" cleared="368" durationms="0.059" />
  <finalization candidates="12" enqueued="0" />
  <ownableSynchronizers candidates="7" cleared="0" />
  <references type="soft" candidates="32" cleared="0" enqueued="0" dynamicThreshold="12" maxThreshold="32" />
  <references type="weak" candidates="361" cleared="41" enqueued="35" />
  <references type="phantom" candidates="11" cleared="4" enqueued="4" />
  <stringconstants candidates="4469" cleared="0"  />
  <warning details="Mark invoked due to insufficient free space for Copy-Forward" />
</gc-op>
<gc-op id="144" type="classunload" timems="0.002" contextid="140" timestamp="2019-06-17T03:20:59.664">
  <classunload-info classloadercandidates="6" classloadersunloaded="0" classesunloaded="0" anonymousclassesunloaded="0" quiescems="0.000" setupms="0.002" scanms="0.000" postms="0.000" />
</gc-op>
<gc-op id="145" type="sweep" timems="0.388" contextid="140" timestamp="2019-06-17T03:20:59.664" />
<gc-op id="146" type="compact" timems="2.841" contextid="140" timestamp="2019-06-17T03:20:59.667">
  <compact-info movecount="29944" movebytes="1506872" />
  <remembered-set-cleared processed="1622" cleared="1111" durationms="0.059" />
</gc-op>
<heap-resize id="147" type="expand" space="default" amount="2097152" count="1" timems="0.066" reason="insufficient free space following gc" timestamp="2019-06-17T03:20:59.667" />
<gc-end id="148" type="partial gc" contextid="140" durationms="6.896" usertimems="8.000" systemtimems="0.000" timestamp="2019-06-17T03:20:59.668" activeThreads="4">
  <mem-info id="149" free="5242880" total="12582912" percent="41">
    <mem type="eden" free="535256" total="2097152" percent="25" />
    <pending-finalizers system="0" default="0" reference="39" classloader="0" />
    <remembered-set count="3456" freebytes="488448" totalbytes="502272" percent="97" regionsoverflowed="0" regionsstable="1" regionsrebuilding="0"/>
  </mem-info>
</gc-end>
<cycle-end id="150" type="partial gc" contextid="140" timestamp="2019-06-17T03:20:59.668" />
  <attribute name="elasticGC enabled" value="1" />
  <attribute name= "numThreadsSpecified" value="4" />
  <attribute name="heapSize specified" value="0" />
  <attribute name="Current GC Util" value="22" />
  <attribute name= "Current Time Running" value="13217" />
  <attribute name ="GC Interval" value="0" />
  <attribute name="ProportionalT" value="3.000000" />
  <attribute name="ProportionalI" value="3.000000" />
  <attribute name="ProportionalH" value="3.000000" />
  <attribute name="Current Error" value="2.000000" />
  <attribute name="IntegralT" value="2.000000" />
  <attribute name="IntegralI" value="2.000000" />
  <attribute name="IntegralH" value="2.000000" />
  <attribute name="DerivativeT" value="3.000000" />
  <attribute name="DerivativeI" value="3.000000" />
  <attribute name="DerivativeH" value="3.000000" />
  <attribute name="Loop Time for DT" value="1.000000" />
  <attribute name="Output H" value="8388608"/>
  <attribute name="Output I" value="200"/>
  <attribute name="Output T" value="4"/>
  <attribute name="Target GC Util Change" value ="20.000000" />
  <attribute name="Current GC Util Change" value="22.000000"/>
  <attribute name="GC Util currently" value="22" />
  <attribute name="CPU Util currently" value="7154637282822" />
<exclusive-end id="151" timestamp="2019-06-17T03:20:59.668" durationms="7.639" />

<exclusive-start id="152" timestamp="2019-06-17T03:20:59.712" intervalms="51.230">
  <response-info timems="0.074" idlems="0.045" threads="1" lastid="00000000013D1400" lastname="PmdThread 3" />
</exclusive-start>
<allocation-taxation id="153" taxation-threshold="2097152" timestamp="2019-06-17T03:20:59.712" intervalms="51.263" />
<cycle-start id="154" type="global mark phase" contextid="0" timestamp="2019-06-17T03:20:59.712" intervalms="1124.006" />
<gc-start id="155" type="global mark phase" contextid="154" timestamp="2019-06-17T03:20:59.712">
  <mem-info id="156" free="3145728" total="12582912" percent="25">
    <remembered-set count="3264" freebytes="489216" totalbytes="502272" percent="97" regionsoverflowed="0" regionsstable="1" regionsrebuilding="0"/>
  </mem-info>
</gc-start>
<gc-op id="157" type="mark increment" timems="0.498" contextid="154" timestamp="2019-06-17T03:20:59.712">
  <trace-info objectcount="259" scancount="0" scanbytes="0" />
</gc-op>
<gc-end id="158" type="global mark phase" contextid="154" durationms="0.607" usertimems="0.000" systemtimems="4.000" timestamp="2019-06-17T03:20:59.713" activeThreads="1">
  <mem-info id="159" free="3145728" total="12582912" percent="25">
    <remembered-set count="3264" freebytes="489216" totalbytes="502272" percent="97" regionsoverflowed="0" regionsstable="0" regionsrebuilding="1"/>
  </mem-info>
</gc-end>
<concurrent-start id="160" type="GMP work packet processing" contextid="154" timestamp="2019-06-17T03:20:59.713">
  <concurrent-mark-start scanTarget="18446744073709551615" />
</concurrent-start>
<exclusive-end id="161" timestamp="2019-06-17T03:20:59.713" durationms="1.042" />

<concurrent-end id="162" type="GMP work packet processing" contextid="154" timestamp="2019-06-17T03:20:59.715">
  <concurrent-mark-end bytesScanned="1661820" reasonForTermination="Completed all work in GC phase" />
</concurrent-end>

<exclusive-start id="163" timestamp="2019-06-17T03:20:59.735" intervalms="23.074">
  <response-info timems="0.053" idlems="0.053" threads="0" lastid="00000000013D5000" lastname="PmdThread 4" />
</exclusive-start>
<allocation-taxation id="164" taxation-threshold="2097152" timestamp="2019-06-17T03:20:59.735" intervalms="23.059" />
<cycle-start id="165" type="partial gc" contextid="0" timestamp="2019-06-17T03:20:59.735" intervalms="74.491" />
<gc-start id="166" type="partial gc" contextid="165" timestamp="2019-06-17T03:20:59.735">
  <mem-info id="167" free="1048576" total="12582912" percent="8">
    <mem type="eden" free="0" total="4194304" percent="0" />
    <remembered-set count="6624" freebytes="475776" totalbytes="502272" percent="94" regionsoverflowed="0" regionsstable="0" regionsrebuilding="1"/>
  </mem-info>
</gc-start>
<allocation-stats totalBytes="4182224" >
  <allocated-bytes non-tlh="21144" tlh="4161080" arrayletleaf="0"/>
  <largest-consumer threadName="PmdThread 4" threadId="00000000013D5000" bytes="920096" />
</allocation-stats>
<gc-op id="168" type="copy forward" timems="4.976" contextid="165" timestamp="2019-06-17T03:20:59.741">
  <memory-copied type="eden" objects="11763" bytes="498616" bytesdiscarded="0" />
  <memory-copied type="other" objects="21719" bytes="813728" bytesdiscarded="0" />
  <memory-cardclean objects="769" bytes="36176" />
  <regions eden="4" other="1" />
  <remembered-set-cleared processed="5346" cleared="3124" durationms="0.104" />
  <finalization candidates="6" enqueued="0" />
  <references type="soft" candidates="33" cleared="0" enqueued="0" dynamicThreshold="8" maxThreshold="32" />
  <references type="weak" candidates="134" cleared="0" enqueued="0" />
  <references type="phantom" candidates="7" cleared="0" enqueued="0" />
  <stringconstants candidates="4607" cleared="0"  />
  <heap-resize type="expand" space="default" amount="1048576" count="1" timems="0.054" reason="continue current collection" />
</gc-op>
<gc-op id="169" type="classunload" timems="0.002" contextid="165" timestamp="2019-06-17T03:20:59.741">
  <classunload-info classloadercandidates="6" classloadersunloaded="0" classesunloaded="0" anonymousclassesunloaded="0" quiescems="0.000" setupms="0.002" scanms="0.000" postms="0.000" />
</gc-op>
<gc-op id="170" type="compact" timems="0.921" contextid="165" timestamp="2019-06-17T03:20:59.742">
  <compact-info movecount="0" movebytes="0" />
  <remembered-set-cleared processed="10590" cleared="3124" durationms="0.104" />
</gc-op>
<gc-end id="171" type="partial gc" contextid="165" durationms="6.931" usertimems="4.000" systemtimems="4.000" timestamp="2019-06-17T03:20:59.742" activeThreads="4">
  <mem-info id="172" free="5242880" total="13631488" percent="38">
    <mem type="eden" free="549488" total="1048576" percent="52" />
    <remembered-set count="6048" freebytes="519936" totalbytes="544128" percent="95" regionsoverflowed="0" regionsstable="0" regionsrebuilding="1"/>
  </mem-info>
</gc-end>
<cycle-end id="173" type="partial gc" contextid="165" timestamp="2019-06-17T03:20:59.742" />
  <attribute name="elasticGC enabled" value="1" />
  <attribute name= "numThreadsSpecified" value="4" />
  <attribute name="heapSize specified" value="0" />
  <attribute name="Current GC Util" value="0" />
  <attribute name= "Current Time Running" value="13293" />
  <attribute name ="GC Interval" value="0" />
  <attribute name="ProportionalT" value="-30.000000" />
  <attribute name="ProportionalI" value="-30.000000" />
  <attribute name="ProportionalH" value="-30.000000" />
  <attribute name="Current Error" value="-20.000000" />
  <attribute name="IntegralT" value="-100.000000" />
  <attribute name="IntegralI" value="-100.000000" />
  <attribute name="IntegralH" value="-100.000000" />
  <attribute name="DerivativeT" value="-12.000000" />
  <attribute name="DerivativeI" value="-12.000000" />
  <attribute name="DerivativeH" value="-12.000000" />
  <attribute name="Loop Time for DT" value="5.000000" />
  <attribute name="Output H" value="2091843584"/>
  <attribute name="Output I" value="200"/>
  <attribute name="Output T" value="4"/>
  <attribute name="Target GC Util Change" value ="20.000000" />
  <attribute name="Current GC Util Change" value="0.000000"/>
  <attribute name="GC Util currently" value="0" />
  <attribute name="CPU Util currently" value="874912069716" />
<exclusive-end id="174" timestamp="2019-06-17T03:20:59.743" durationms="7.831" />

<exclusive-start id="175" timestamp="2019-06-17T03:20:59.766" intervalms="31.427">
  <response-info timems="0.058" idlems="0.033" threads="1" lastid="00000000013C5C00" lastname="PmdThread 1" />
</exclusive-start>
<allocation-taxation id="176" taxation-threshold="2097152" timestamp="2019-06-17T03:20:59.766" intervalms="31.423" />
<gc-start id="177" type="global mark phase" contextid="154" timestamp="2019-06-17T03:20:59.766">
  <mem-info id="178" free="3145728" total="13631488" percent="23">
    <remembered-set count="6048" freebytes="519936" totalbytes="544128" percent="95" regionsoverflowed="0" regionsstable="0" regionsrebuilding="1"/>
  </mem-info>
</gc-start>
<gc-op id="179" type="mark increment" timems="1.539" contextid="154" timestamp="2019-06-17T03:20:59.768">
  <trace-info objectcount="9986" scancount="8717" scanbytes="199160" />
  <cardclean-info objects="17508" bytes="611108" />
  <finalization candidates="57" enqueued="0" />
  <ownableSynchronizers candidates="8" cleared="0" />
  <references type="soft" candidates="102" cleared="0" enqueued="0" dynamicThreshold="12" maxThreshold="32" />
  <references type="weak" candidates="800" cleared="90" enqueued="90" />
  <references type="phantom" candidates="92" cleared="4" enqueued="4" />
  <stringconstants candidates="4616" cleared="0"  />
</gc-op>
<gc-op id="180" type="classunload" timems="0.003" contextid="154" timestamp="2019-06-17T03:20:59.768">
  <classunload-info classloadercandidates="6" classloadersunloaded="0" classesunloaded="0" anonymousclassesunloaded="0" quiescems="0.000" setupms="0.002" scanms="0.000" postms="0.000" />
</gc-op>
<gc-end id="181" type="global mark phase" contextid="154" durationms="1.844" usertimems="4.000" systemtimems="0.000" timestamp="2019-06-17T03:20:59.768" activeThreads="1">
  <mem-info id="182" free="3145728" total="13631488" percent="23">
    <pending-finalizers system="0" default="0" reference="94" classloader="0" />
    <remembered-set count="8096" freebytes="511744" totalbytes="544128" percent="94" regionsoverflowed="0" regionsstable="0" regionsrebuilding="0"/>
  </mem-info>
</gc-end>
<cycle-end id="183" type="global mark phase" contextid="154" timestamp="2019-06-17T03:20:59.768" />
  <attribute name="elasticGC enabled" value="1" />
  <attribute name= "numThreadsSpecified" value="1" />
  <attribute name="heapSize specified" value="0" />
  <attribute name="Current GC Util" value="78" />
  <attribute name= "Current Time Running" value="13320" />
  <attribute name ="GC Interval" value="0" />
  <attribute name="ProportionalT" value="87.000000" />
  <attribute name="ProportionalI" value="87.000000" />
  <attribute name="ProportionalH" value="87.000000" />
  <attribute name="Current Error" value="58.000000" />
  <attribute name="IntegralT" value="0.000000" />
  <attribute name="IntegralI" value="0.000000" />
  <attribute name="IntegralH" value="0.000000" />
  <attribute name="DerivativeT" value="inf" />
  <attribute name="DerivativeI" value="inf" />
  <attribute name="DerivativeH" value="inf" />
  <attribute name="Loop Time for DT" value="0.000000" />
  <attribute name="Output H" value="8388608"/>
  <attribute name="Output I" value="200"/>
  <attribute name="Output T" value="1"/>
  <attribute name="Target GC Util Change" value ="20.000000" />
  <attribute name="Current GC Util Change" value="78.000000"/>
  <attribute name="GC Util currently" value="78" />
  <attribute name="CPU Util currently" value="12087158267663" />
<exclusive-end id="184" timestamp="2019-06-17T03:20:59.769" durationms="2.416" />

<exclusive-start id="185" timestamp="2019-06-17T03:20:59.778" intervalms="11.593">
  <response-info timems="0.042" idlems="0.042" threads="0" lastid="00000000013D5000" lastname="PmdThread 4" />
</exclusive-start>
<allocation-taxation id="186" taxation-threshold="2097152" timestamp="2019-06-17T03:20:59.778" intervalms="11.625" />
<cycle-start id="187" type="partial gc" contextid="0" timestamp="2019-06-17T03:20:59.778" intervalms="43.095" />
<gc-start id="188" type="partial gc" contextid="187" timestamp="2019-06-17T03:20:59.778">
  <mem-info id="189" free="1048576" total="13631488" percent="7">
    <mem type="eden" free="0" total="4194304" percent="0" />
    <remembered-set count="3360" freebytes="530688" totalbytes="544128" percent="97" regionsoverflowed="0" regionsstable="1" regionsrebuilding="0"/>
  </mem-info>
</gc-start>
<allocation-stats totalBytes="4182016" >
  <allocated-bytes non-tlh="1104" tlh="4180912" arrayletleaf="0"/>
  <largest-consumer threadName="PmdThread 2" threadId="00000000013C9800" bytes="1228648" />
</allocation-stats>
<gc-op id="190" type="sweep" timems="0.406" contextid="187" timestamp="2019-06-17T03:20:59.779" />
<gc-op id="191" type="copy forward" timems="2.980" contextid="187" timestamp="2019-06-17T03:20:59.782">
  <memory-copied type="eden" objects="3214" bytes="78048" bytesdiscarded="1716" />
  <memory-copied type="other" objects="17474" bytes="543040" bytesdiscarded="50620" />
  <memory-cardclean objects="5406" bytes="252016" />
  <memory-traced type="eden" objects="655" bytes="20400" />
  <memory-traced type="other" objects="0" bytes="0" />
  <regions eden="2" other="3" evacuated="4" marked="1" />
  <remembered-set-cleared processed="2569" cleared="1245" durationms="0.065" />
  <references type="soft" candidates="1" cleared="0" enqueued="0" dynamicThreshold="7" maxThreshold="32" />
  <references type="weak" candidates="117" cleared="0" enqueued="0" />
  <stringconstants candidates="4616" cleared="0"  />
  <heap-resize type="expand" space="default" amount="2097152" count="2" timems="0.121" reason="continue current collection" />
</gc-op>
<gc-op id="192" type="classunload" timems="0.002" contextid="187" timestamp="2019-06-17T03:20:59.782">
  <classunload-info classloadercandidates="6" classloadersunloaded="0" classesunloaded="0" anonymousclassesunloaded="0" quiescems="0.000" setupms="0.002" scanms="0.000" postms="0.000" />
</gc-op>
<gc-op id="193" type="sweep" timems="0.375" contextid="187" timestamp="2019-06-17T03:20:59.783" />
<gc-op id="194" type="compact" timems="0.972" contextid="187" timestamp="2019-06-17T03:20:59.784">
  <compact-info movecount="777" movebytes="28528" />
  <remembered-set-cleared processed="5935" cleared="1385" durationms="0.067" />
</gc-op>
<heap-resize id="195" type="expand" space="default" amount="4194304" count="1" timems="0.143" reason="insufficient free space following gc" timestamp="2019-06-17T03:20:59.785" />
<gc-end id="196" type="partial gc" contextid="187" durationms="6.489" usertimems="16.000" systemtimems="0.000" timestamp="2019-06-17T03:20:59.785" activeThreads="4">
  <mem-info id="197" free="8388608" total="19922944" percent="42">
    <mem type="eden" free="2852768" total="3145728" percent="90" />
    <remembered-set count="4896" freebytes="775680" totalbytes="795264" percent="97" regionsoverflowed="0" regionsstable="1" regionsrebuilding="0"/>
  </mem-info>
</gc-end>
<cycle-end id="198" type="partial gc" contextid="187" timestamp="2019-06-17T03:20:59.785" />
  <attribute name="elasticGC enabled" value="1" />
  <attribute name= "numThreadsSpecified" value="4" />
  <attribute name="heapSize specified" value="0" />
  <attribute name="Current GC Util" value="16" />
  <attribute name= "Current Time Running" value="13335" />
  <attribute name ="GC Interval" value="0" />
  <attribute name="ProportionalT" value="-6.000000" />
  <attribute name="ProportionalI" value="-6.000000" />
  <attribute name="ProportionalH" value="-6.000000" />
  <attribute name="Current Error" value="-4.000000" />
  <attribute name="IntegralT" value="0.000000" />
  <attribute name="IntegralI" value="0.000000" />
  <attribute name="IntegralH" value="0.000000" />
  <attribute name="DerivativeT" value="-inf" />
  <attribute name="DerivativeI" value="-inf" />
  <attribute name="DerivativeH" value="-inf" />
  <attribute name="Loop Time for DT" value="0.000000" />
  <attribute name="Output H" value="2091843584"/>
  <attribute name="Output I" value="200"/>
  <attribute name="Output T" value="4"/>
  <attribute name="Target GC Util Change" value ="20.000000" />
  <attribute name="Current GC Util Change" value="16.000000"/>
  <attribute name="GC Util currently" value="16" />
  <attribute name="CPU Util currently" value="7386805384306" />
<exclusive-end id="199" timestamp="2019-06-17T03:20:59.785" durationms="7.438" />

<exclusive-start id="200" timestamp="2019-06-17T03:20:59.861" intervalms="83.134">
  <response-info timems="0.531" idlems="0.276" threads="1" lastid="00000000013D5000" lastname="PmdThread 4" />
</exclusive-start>
<allocation-taxation id="201" taxation-threshold="8388608" timestamp="2019-06-17T03:20:59.861" intervalms="83.094" />
<cycle-start id="202" type="partial gc" contextid="0" timestamp="2019-06-17T03:20:59.861" intervalms="82.894" />
<gc-start id="203" type="partial gc" contextid="202" timestamp="2019-06-17T03:20:59.861">
  <mem-info id="204" free="0" total="19922944" percent="0">
    <mem type="eden" free="1020048" total="9437184" percent="10" />
    <remembered-set count="4448" freebytes="777472" totalbytes="795264" percent="97" regionsoverflowed="0" regionsstable="1" regionsrebuilding="0"/>
  </mem-info>
</gc-start>
<allocation-stats totalBytes="8382520" >
  <allocated-bytes non-tlh="20104" tlh="8362416" arrayletleaf="0"/>
  <largest-consumer threadName="PmdThread 2" threadId="00000000013C9800" bytes="3626640" />
</allocation-stats>
<gc-op id="205" type="mark" timems="2.663" contextid="202" timestamp="2019-06-17T03:20:59.864">
  <trace-info objectcount="31924" scancount="28492" scanbytes="810332" />
  <cardclean-info objects="5844" bytes="258268" />
  <remembered-set-cleared processed="3151" cleared="1042" durationms="0.093" />
  <references type="soft" candidates="109" cleared="0" enqueued="0" dynamicThreshold="13" maxThreshold="32" />
  <references type="weak" candidates="469" cleared="466" enqueued="466" />
  <references type="phantom" candidates="2" cleared="2" enqueued="2" />
  <stringconstants candidates="4885" cleared="0"  />
  <warning details="Mark invoked due to insufficient free space for Copy-Forward" />
</gc-op>
<gc-op id="206" type="classunload" timems="0.002" contextid="202" timestamp="2019-06-17T03:20:59.864">
  <classunload-info classloadercandidates="9" classloadersunloaded="0" classesunloaded="0" anonymousclassesunloaded="0" quiescems="0.000" setupms="0.002" scanms="0.000" postms="0.000" />
</gc-op>
<gc-op id="207" type="sweep" timems="0.374" contextid="202" timestamp="2019-06-17T03:20:59.865" />
<gc-op id="208" type="compact" timems="4.583" contextid="202" timestamp="2019-06-17T03:20:59.870">
  <compact-info movecount="31924" movebytes="1179712" />
  <remembered-set-cleared processed="7900" cleared="2853" durationms="0.093" />
</gc-op>
<heap-resize id="209" type="expand" space="default" amount="4194304" count="1" timems="0.073" reason="excessive time being spent in gc" timestamp="2019-06-17T03:20:59.870" />
<gc-end id="210" type="partial gc" contextid="202" durationms="9.042" usertimems="8.000" systemtimems="0.000" timestamp="2019-06-17T03:20:59.870" activeThreads="1">
  <mem-info id="211" free="13631488" total="24117248" percent="56">
    <mem type="eden" free="917440" total="2097152" percent="43" />
    <pending-finalizers system="0" default="0" reference="468" classloader="0" />
    <remembered-set count="5312" freebytes="941440" totalbytes="962688" percent="97" regionsoverflowed="0" regionsstable="1" regionsrebuilding="0"/>
  </mem-info>
</gc-end>
<cycle-end id="212" type="partial gc" contextid="202" timestamp="2019-06-17T03:20:59.870" />
  <attribute name="elasticGC enabled" value="1" />
  <attribute name= "numThreadsSpecified" value="1" />
  <attribute name="heapSize specified" value="0" />
  <attribute name="Current GC Util" value="23" />
  <attribute name= "Current Time Running" value="13417" />
  <attribute name ="GC Interval" value="0" />
  <attribute name="ProportionalT" value="4.500000" />
  <attribute name="ProportionalI" value="4.500000" />
  <attribute name="ProportionalH" value="4.500000" />
  <attribute name="Current Error" value="3.000000" />
  <attribute name="IntegralT" value="0.000000" />
  <attribute name="IntegralI" value="0.000000" />
  <attribute name="IntegralH" value="0.000000" />
  <attribute name="DerivativeT" value="inf" />
  <attribute name="DerivativeI" value="inf" />
  <attribute name="DerivativeH" value="inf" />
  <attribute name="Loop Time for DT" value="0.000000" />
  <attribute name="Output H" value="8388608"/>
  <attribute name="Output I" value="200"/>
  <attribute name="Output T" value="1"/>
  <attribute name="Target GC Util Change" value ="20.000000" />
  <attribute name="Current GC Util Change" value="23.000000"/>
  <attribute name="GC Util currently" value="23" />
  <attribute name="CPU Util currently" value="7180548942334" />
<exclusive-end id="213" timestamp="2019-06-17T03:20:59.871" durationms="9.875" />

<exclusive-start id="214" timestamp="2019-06-17T03:21:00.014" intervalms="152.838">
  <response-info timems="0.139" idlems="0.139" threads="0" lastid="00000000013D5000" lastname="PmdThread 4" />
</exclusive-start>
<allocation-taxation id="215" taxation-threshold="12582912" timestamp="2019-06-17T03:21:00.014" intervalms="153.237" />
<cycle-start id="216" type="partial gc" contextid="0" timestamp="2019-06-17T03:21:00.014" intervalms="153.231" />
<gc-start id="217" type="partial gc" contextid="216" timestamp="2019-06-17T03:21:00.014">
  <mem-info id="218" free="1048576" total="24117248" percent="4">
    <mem type="eden" free="0" total="12582912" percent="0" />
    <remembered-set count="5056" freebytes="942464" totalbytes="962688" percent="97" regionsoverflowed="0" regionsstable="1" regionsrebuilding="0"/>
  </mem-info>
</gc-start>
<allocation-stats totalBytes="12578512" >
  <allocated-bytes non-tlh="6512" tlh="12572000" arrayletleaf="0"/>
  <largest-consumer threadName="PmdThread 2" threadId="00000000013C9800" bytes="4365072" />
</allocation-stats>
<gc-op id="219" type="copy forward" timems="5.672" contextid="216" timestamp="2019-06-17T03:21:00.021">
  <memory-copied type="eden" objects="20805" bytes="1099960" bytesdiscarded="0" />
  <memory-copied type="other" objects="20031" bytes="800848" bytesdiscarded="0" />
  <memory-cardclean objects="1590" bytes="62112" />
  <regions eden="12" other="1" />
  <remembered-set-cleared processed="4074" cleared="914" durationms="0.096" />
  <references type="soft" candidates="116" cleared="0" enqueued="0" dynamicThreshold="18" maxThreshold="32" />
  <references type="weak" candidates="197" cleared="0" enqueued="0" />
  <references type="phantom" candidates="59" cleared="0" enqueued="0" />
  <stringconstants candidates="4975" cleared="0"  />
  <heap-resize type="expand" space="default" amount="2097152" count="2" timems="0.119" reason="continue current collection" />
</gc-op>
<gc-op id="220" type="classunload" timems="0.002" contextid="216" timestamp="2019-06-17T03:21:00.021">
  <classunload-info classloadercandidates="10" classloadersunloaded="0" classesunloaded="0" anonymousclassesunloaded="0" quiescems="0.000" setupms="0.002" scanms="0.000" postms="0.000" />
</gc-op>
<gc-op id="221" type="compact" timems="2.529" contextid="216" timestamp="2019-06-17T03:21:00.023">
  <compact-info movecount="0" movebytes="0" />
  <remembered-set-cleared processed="9026" cleared="915" durationms="0.096" />
</gc-op>
<gc-end id="222" type="partial gc" contextid="216" durationms="9.151" usertimems="0.000" systemtimems="8.000" timestamp="2019-06-17T03:21:00.024" activeThreads="4">
  <mem-info id="223" free="13631488" total="26214400" percent="52">
    <mem type="eden" free="994016" total="2097152" percent="47" />
    <remembered-set count="6432" freebytes="1020672" totalbytes="1046400" percent="97" regionsoverflowed="0" regionsstable="1" regionsrebuilding="0"/>
  </mem-info>
</gc-end>
<cycle-end id="224" type="partial gc" contextid="216" timestamp="2019-06-17T03:21:00.024" />
  <attribute name="elasticGC enabled" value="1" />
  <attribute name= "numThreadsSpecified" value="4" />
  <attribute name="heapSize specified" value="0" />
  <attribute name="Current GC Util" value="0" />
  <attribute name= "Current Time Running" value="13573" />
  <attribute name ="GC Interval" value="0" />
  <attribute name="ProportionalT" value="-30.000000" />
  <attribute name="ProportionalI" value="-30.000000" />
  <attribute name="ProportionalH" value="-30.000000" />
  <attribute name="Current Error" value="-20.000000" />
  <attribute name="IntegralT" value="-120.000000" />
  <attribute name="IntegralI" value="-120.000000" />
  <attribute name="IntegralH" value="-120.000000" />
  <attribute name="DerivativeT" value="-13.250000" />
  <attribute name="DerivativeI" value="-13.250000" />
  <attribute name="DerivativeH" value="-13.250000" />
  <attribute name="Loop Time for DT" value="6.000000" />
  <attribute name="Output H" value="2091843584"/>
  <attribute name="Output I" value="200"/>
  <attribute name="Output T" value="4"/>
  <attribute name="Target GC Util Change" value ="20.000000" />
  <attribute name="Current GC Util Change" value="0.000000"/>
  <attribute name="GC Util currently" value="0" />
  <attribute name="CPU Util currently" value="781156056937" />
<exclusive-end id="225" timestamp="2019-06-17T03:21:00.024" durationms="10.333" />

<exclusive-start id="226" timestamp="2019-06-17T03:21:00.107" intervalms="92.943">
  <response-info timems="0.062" idlems="0.062" threads="0" lastid="00000000013D5000" lastname="PmdThread 4" />
</exclusive-start>
<allocation-taxation id="227" taxation-threshold="13631488" timestamp="2019-06-17T03:21:00.107" intervalms="92.881" />
<cycle-start id="228" type="partial gc" contextid="0" timestamp="2019-06-17T03:21:00.107" intervalms="92.915" />
<gc-start id="229" type="partial gc" contextid="228" timestamp="2019-06-17T03:21:00.107">
  <mem-info id="230" free="0" total="26214400" percent="0">
    <mem type="eden" free="0" total="13631488" percent="0" />
    <remembered-set count="6432" freebytes="1020672" totalbytes="1046400" percent="97" regionsoverflowed="0" regionsstable="1" regionsrebuilding="0"/>
  </mem-info>
</gc-start>
<allocation-stats totalBytes="13624984" >
  <allocated-bytes non-tlh="328" tlh="13624656" arrayletleaf="0"/>
  <largest-consumer threadName="PmdThread 4" threadId="00000000013D5000" bytes="4425160" />
</allocation-stats>
<gc-op id="231" type="mark" timems="2.913" contextid="228" timestamp="2019-06-17T03:21:00.111">
  <trace-info objectcount="28980" scancount="24858" scanbytes="791232" />
  <cardclean-info objects="7276" bytes="385428" />
  <remembered-set-cleared processed="3262" cleared="1590" durationms="0.097" />
  <references type="soft" candidates="21" cleared="0" enqueued="0" dynamicThreshold="16" maxThreshold="32" />
  <references type="weak" candidates="384" cleared="380" enqueued="380" />
  <references type="phantom" candidates="151" cleared="74" enqueued="74" />
  <stringconstants candidates="4981" cleared="0"  />
  <warning details="Mark invoked due to insufficient free space for Copy-Forward" />
</gc-op>
<gc-op id="232" type="classunload" timems="0.002" contextid="228" timestamp="2019-06-17T03:21:00.111">
  <classunload-info classloadercandidates="10" classloadersunloaded="0" classesunloaded="0" anonymousclassesunloaded="0" quiescems="0.000" setupms="0.002" scanms="0.000" postms="0.000" />
</gc-op>
<gc-op id="233" type="sweep" timems="0.439" contextid="228" timestamp="2019-06-17T03:21:00.112" />
<gc-op id="234" type="compact" timems="5.323" contextid="228" timestamp="2019-06-17T03:21:00.117">
  <compact-info movecount="27207" movebytes="1502336" />
  <remembered-set-cleared processed="6977" cleared="3626" durationms="0.097" />
</gc-op>
<gc-end id="235" type="partial gc" contextid="228" durationms="10.169" usertimems="16.000" systemtimems="0.000" timestamp="2019-06-17T03:21:00.118" activeThreads="1">
  <mem-info id="236" free="13631488" total="26214400" percent="52">
    <mem type="eden" free="322216" total="1048576" percent="30" />
    <pending-finalizers system="0" default="0" reference="454" classloader="0" />
    <remembered-set count="7168" freebytes="1017728" totalbytes="1046400" percent="97" regionsoverflowed="0" regionsstable="1" regionsrebuilding="0"/>
  </mem-info>
</gc-end>
<cycle-end id="237" type="partial gc" contextid="228" timestamp="2019-06-17T03:21:00.118" />
  <attribute name="elasticGC enabled" value="1" />
  <attribute name= "numThreadsSpecified" value="1" />
  <attribute name="heapSize specified" value="0" />
  <attribute name="Current GC Util" value="29" />
  <attribute name= "Current Time Running" value="13664" />
  <attribute name ="GC Interval" value="0" />
  <attribute name="ProportionalT" value="13.500000" />
  <attribute name="ProportionalI" value="13.500000" />
  <attribute name="ProportionalH" value="13.500000" />
  <attribute name="Current Error" value="9.000000" />
  <attribute name="IntegralT" value="0.000000" />
  <attribute name="IntegralI" value="0.000000" />
  <attribute name="IntegralH" value="0.000000" />
  <attribute name="DerivativeT" value="inf" />
  <attribute name="DerivativeI" value="inf" />
  <attribute name="DerivativeH" value="inf" />
  <attribute name="Loop Time for DT" value="0.000000" />
  <attribute name="Output H" value="8388608"/>
  <attribute name="Output I" value="200"/>
  <attribute name="Output T" value="1"/>
  <attribute name="Target GC Util Change" value ="20.000000" />
  <attribute name="Current GC Util Change" value="29.000000"/>
  <attribute name="GC Util currently" value="29" />
  <attribute name="CPU Util currently" value="7025136553282" />
<exclusive-end id="238" timestamp="2019-06-17T03:21:00.118" durationms="11.459" />

<exclusive-start id="239" timestamp="2019-06-17T03:21:00.218" intervalms="111.338">
  <response-info timems="0.032" idlems="0.032" threads="0" lastid="00000000013D5000" lastname="PmdThread 4" />
</exclusive-start>
<allocation-taxation id="240" taxation-threshold="13631488" timestamp="2019-06-17T03:21:00.218" intervalms="111.126" />
<cycle-start id="241" type="partial gc" contextid="0" timestamp="2019-06-17T03:21:00.218" intervalms="111.082" />
<gc-start id="242" type="partial gc" contextid="241" timestamp="2019-06-17T03:21:00.218">
  <mem-info id="243" free="0" total="26214400" percent="0">
    <mem type="eden" free="322216" total="14680064" percent="2" />
    <remembered-set count="6720" freebytes="1019520" totalbytes="1046400" percent="97" regionsoverflowed="0" regionsstable="1" regionsrebuilding="0"/>
  </mem-info>
</gc-start>
<allocation-stats totalBytes="13612824" >
  <allocated-bytes non-tlh="1024" tlh="13611800" arrayletleaf="0"/>
  <largest-consumer threadName="PmdThread 1" threadId="00000000013C5C00" bytes="4819672" />
</allocation-stats>
<gc-op id="244" type="mark" timems="1.590" contextid="241" timestamp="2019-06-17T03:21:00.221">
  <trace-info objectcount="10439" scancount="9132" scanbytes="299024" />
  <cardclean-info objects="2513" bytes="110224" />
  <remembered-set-cleared processed="5126" cleared="862" durationms="0.113" />
  <finalization candidates="1" enqueued="0" />
  <references type="soft" candidates="11" cleared="0" enqueued="0" dynamicThreshold="16" maxThreshold="32" />
  <references type="weak" candidates="252" cleared="246" enqueued="246" />
  <references type="phantom" candidates="97" cleared="52" enqueued="52" />
  <stringconstants candidates="4993" cleared="0"  />
  <warning details="Mark invoked due to insufficient free space for Copy-Forward" />
</gc-op>
<gc-op id="245" type="classunload" timems="0.003" contextid="241" timestamp="2019-06-17T03:21:00.221">
  <classunload-info classloadercandidates="10" classloadersunloaded="0" classesunloaded="0" anonymousclassesunloaded="0" quiescems="0.000" setupms="0.003" scanms="0.000" postms="0.000" />
</gc-op>
<gc-op id="246" type="sweep" timems="0.468" contextid="241" timestamp="2019-06-17T03:21:00.221" />
<gc-op id="247" type="compact" timems="1.532" contextid="241" timestamp="2019-06-17T03:21:00.223">
  <compact-info movecount="10439" movebytes="1033648" />
  <remembered-set-cleared processed="10746" cleared="2122" durationms="0.113" />
</gc-op>
<gc-end id="248" type="partial gc" contextid="241" durationms="4.694" usertimems="4.000" systemtimems="4.000" timestamp="2019-06-17T03:21:00.223" activeThreads="4">
  <mem-info id="249" free="12582912" total="26214400" percent="48">
    <mem type="eden" free="1063504" total="2097152" percent="50" />
    <pending-finalizers system="0" default="0" reference="298" classloader="0" />
    <remembered-set count="7872" freebytes="1014912" totalbytes="1046400" percent="96" regionsoverflowed="0" regionsstable="1" regionsrebuilding="0"/>
  </mem-info>
</gc-end>
<cycle-end id="250" type="partial gc" contextid="241" timestamp="2019-06-17T03:21:00.223" />
  <attribute name="elasticGC enabled" value="1" />
  <attribute name= "numThreadsSpecified" value="4" />
  <attribute name="heapSize specified" value="0" />
  <attribute name="Current GC Util" value="34" />
  <attribute name= "Current Time Running" value="13774" />
  <attribute name ="GC Interval" value="0" />
  <attribute name="ProportionalT" value="21.000000" />
  <attribute name="ProportionalI" value="21.000000" />
  <attribute name="ProportionalH" value="21.000000" />
  <attribute name="Current Error" value="14.000000" />
  <attribute name="IntegralT" value="14.000000" />
  <attribute name="IntegralI" value="14.000000" />
  <attribute name="IntegralH" value="14.000000" />
  <attribute name="DerivativeT" value="21.000000" />
  <attribute name="DerivativeI" value="21.000000" />
  <attribute name="DerivativeH" value="21.000000" />
  <attribute name="Loop Time for DT" value="1.000000" />
  <attribute name="Output H" value="8388608"/>
  <attribute name="Output I" value="200"/>
  <attribute name="Output T" value="4"/>
  <attribute name="Target GC Util Change" value ="20.000000" />
  <attribute name="Current GC Util Change" value="34.000000"/>
  <attribute name="GC Util currently" value="34" />
  <attribute name="CPU Util currently" value="7033322122517" />
<exclusive-end id="251" timestamp="2019-06-17T03:21:00.224" durationms="5.643" />

<exclusive-start id="252" timestamp="2019-06-17T03:21:00.268" intervalms="50.056">
  <response-info timems="0.031" idlems="0.031" threads="0" lastid="00000000013D5000" lastname="PmdThread 4" />
</exclusive-start>
<allocation-taxation id="253" taxation-threshold="12582912" timestamp="2019-06-17T03:21:00.268" intervalms="49.948" />
<cycle-start id="254" type="partial gc" contextid="0" timestamp="2019-06-17T03:21:00.268" intervalms="49.972" />
<gc-start id="255" type="partial gc" contextid="254" timestamp="2019-06-17T03:21:00.268">
  <mem-info id="256" free="0" total="26214400" percent="0">
    <mem type="eden" free="0" total="12582912" percent="0" />
    <remembered-set count="7616" freebytes="1015936" totalbytes="1046400" percent="97" regionsoverflowed="0" regionsstable="1" regionsrebuilding="0"/>
  </mem-info>
</gc-start>
<allocation-stats totalBytes="12580336" >
  <allocated-bytes non-tlh="0" tlh="12580336" arrayletleaf="0"/>
  <largest-consumer threadName="PmdThread 1" threadId="00000000013C5C00" bytes="4996416" />
</allocation-stats>
<gc-op id="257" type="mark" timems="5.531" contextid="254" timestamp="2019-06-17T03:21:00.274">
  <trace-info objectcount="78819" scancount="72313" scanbytes="2619768" />
  <cardclean-info objects="1706" bytes="76328" />
  <remembered-set-cleared processed="5413" cleared="865" durationms="0.116" />
  <finalization candidates="1" enqueued="0" />
  <references type="weak" candidates="47" cleared="41" enqueued="41" />
  <references type="phantom" candidates="10" cleared="7" enqueued="7" />
  <stringconstants candidates="4993" cleared="0"  />
  <warning details="Mark invoked due to insufficient free space for Copy-Forward" />
</gc-op>
<gc-op id="258" type="classunload" timems="0.003" contextid="254" timestamp="2019-06-17T03:21:00.275">
  <classunload-info classloadercandidates="10" classloadersunloaded="0" classesunloaded="0" anonymousclassesunloaded="0" quiescems="0.000" setupms="0.003" scanms="0.000" postms="0.000" />
</gc-op>
<gc-op id="259" type="sweep" timems="0.574" contextid="254" timestamp="2019-06-17T03:21:00.275" />
<gc-op id="260" type="compact" timems="5.417" contextid="254" timestamp="2019-06-17T03:21:00.281">
  <compact-info movecount="78808" movebytes="3624928" />
  <remembered-set-cleared processed="11511" cleared="2386" durationms="0.116" />
</gc-op>
<heap-resize id="261" type="expand" space="default" amount="3145728" count="1" timems="0.072" reason="insufficient free space following gc" timestamp="2019-06-17T03:21:00.281" />
<gc-end id="262" type="partial gc" contextid="254" durationms="13.088" usertimems="12.000" systemtimems="8.000" timestamp="2019-06-17T03:21:00.282" activeThreads="4">
  <mem-info id="263" free="11534336" total="29360128" percent="39">
    <mem type="eden" free="983640" total="4194304" percent="23" />
    <pending-finalizers system="0" default="0" reference="48" classloader="0" />
    <remembered-set count="12928" freebytes="1120256" totalbytes="1171968" percent="95" regionsoverflowed="0" regionsstable="1" regionsrebuilding="0"/>
  </mem-info>
</gc-end>
<cycle-end id="264" type="partial gc" contextid="254" timestamp="2019-06-17T03:21:00.282" />
  <attribute name="elasticGC enabled" value="1" />
  <attribute name= "numThreadsSpecified" value="4" />
  <attribute name="heapSize specified" value="0" />
  <attribute name="Current GC Util" value="43" />
  <attribute name= "Current Time Running" value="13828" />
  <attribute name ="GC Interval" value="0" />
  <attribute name="ProportionalT" value="34.500000" />
  <attribute name="ProportionalI" value="34.500000" />
  <attribute name="ProportionalH" value="34.500000" />
  <attribute name="Current Error" value="23.000000" />
  <attribute name="IntegralT" value="23.000000" />
  <attribute name="IntegralI" value="23.000000" />
  <attribute name="IntegralH" value="23.000000" />
  <attribute name="DerivativeT" value="34.500000" />
  <attribute name="DerivativeI" value="34.500000" />
  <attribute name="DerivativeH" value="34.500000" />
  <attribute name="Loop Time for DT" value="1.000000" />
  <attribute name="Output H" value="8388608"/>
  <attribute name="Output I" value="200"/>
  <attribute name="Output T" value="4"/>
  <attribute name="Target GC Util Change" value ="20.000000" />
  <attribute name="Current GC Util Change" value="43.000000"/>
  <attribute name="GC Util currently" value="43" />
  <attribute name="CPU Util currently" value="5564212409648" />
<exclusive-end id="265" timestamp="2019-06-17T03:21:00.282" durationms="13.965" />

<exclusive-start id="266" timestamp="2019-06-17T03:21:00.295" intervalms="26.679">
  <response-info timems="0.041" idlems="0.023" threads="1" lastid="00000000013D5000" lastname="PmdThread 4" />
</exclusive-start>
<allocation-taxation id="267" taxation-threshold="5242880" timestamp="2019-06-17T03:21:00.295" intervalms="26.658" />
<cycle-start id="268" type="global mark phase" contextid="0" timestamp="2019-06-17T03:21:00.295" intervalms="583.014" />
<gc-start id="269" type="global mark phase" contextid="268" timestamp="2019-06-17T03:21:00.295">
  <mem-info id="270" free="6291456" total="29360128" percent="21">
    <remembered-set count="12576" freebytes="1121664" totalbytes="1171968" percent="95" regionsoverflowed="0" regionsstable="1" regionsrebuilding="0"/>
  </mem-info>
</gc-start>
<gc-op id="271" type="mark increment" timems="0.553" contextid="268" timestamp="2019-06-17T03:21:00.296">
  <trace-info objectcount="280" scancount="0" scanbytes="0" />
</gc-op>
<gc-end id="272" type="global mark phase" contextid="268" durationms="0.672" usertimems="0.000" systemtimems="0.000" timestamp="2019-06-17T03:21:00.296" activeThreads="1">
  <mem-info id="273" free="6291456" total="29360128" percent="21">
    <remembered-set count="12576" freebytes="1121664" totalbytes="1171968" percent="95" regionsoverflowed="0" regionsstable="0" regionsrebuilding="1"/>
  </mem-info>
</gc-end>
<concurrent-start id="274" type="GMP work packet processing" contextid="268" timestamp="2019-06-17T03:21:00.296">
  <concurrent-mark-start scanTarget="18446744073709551615" />
</concurrent-start>
<exclusive-end id="275" timestamp="2019-06-17T03:21:00.296" durationms="1.062" />

<concurrent-end id="276" type="GMP work packet processing" contextid="268" timestamp="2019-06-17T03:21:00.301">
  <concurrent-mark-end bytesScanned="5350660" reasonForTermination="Completed all work in GC phase" />
</concurrent-end>

<exclusive-start id="277" timestamp="2019-06-17T03:21:00.311" intervalms="16.151">
  <response-info timems="0.048" idlems="0.048" threads="0" lastid="00000000013C9800" lastname="PmdThread 2" />
</exclusive-start>
<allocation-taxation id="278" taxation-threshold="5242880" timestamp="2019-06-17T03:21:00.311" intervalms="16.154" />
<cycle-start id="279" type="partial gc" contextid="0" timestamp="2019-06-17T03:21:00.311" intervalms="42.935" />
<gc-start id="280" type="partial gc" contextid="279" timestamp="2019-06-17T03:21:00.312">
  <mem-info id="281" free="1048576" total="29360128" percent="3">
    <mem type="eden" free="0" total="11534336" percent="0" />
    <remembered-set count="22976" freebytes="1080064" totalbytes="1171968" percent="92" regionsoverflowed="0" regionsstable="0" regionsrebuilding="1"/>
  </mem-info>
</gc-start>
<allocation-stats totalBytes="10482808" >
  <allocated-bytes non-tlh="0" tlh="10482808" arrayletleaf="0"/>
  <largest-consumer threadName="PmdThread 2" threadId="00000000013C9800" bytes="1706512" />
</allocation-stats>
<gc-op id="282" type="copy forward" timems="15.018" contextid="279" timestamp="2019-06-17T03:21:00.327">
  <memory-copied type="eden" objects="54857" bytes="2119960" bytesdiscarded="8" />
  <memory-copied type="other" objects="68079" bytes="2911640" bytesdiscarded="24" />
  <memory-cardclean objects="549" bytes="39184" />
  <regions eden="10" other="4" />
  <remembered-set-cleared processed="16270" cleared="5799" durationms="0.190" />
  <references type="weak" candidates="184" cleared="0" enqueued="0" />
  <references type="phantom" candidates="4" cleared="0" enqueued="0" />
  <stringconstants candidates="4993" cleared="0"  />
  <heap-resize type="expand" space="default" amount="5242880" count="5" timems="0.284" reason="continue current collection" />
</gc-op>
<gc-op id="283" type="classunload" timems="0.003" contextid="279" timestamp="2019-06-17T03:21:00.327">
  <classunload-info classloadercandidates="10" classloadersunloaded="0" classesunloaded="0" anonymousclassesunloaded="0" quiescems="0.000" setupms="0.003" scanms="0.000" postms="0.000" />
</gc-op>
<gc-op id="284" type="compact" timems="1.243" contextid="279" timestamp="2019-06-17T03:21:00.329">
  <compact-info movecount="0" movebytes="0" />
  <remembered-set-cleared processed="34708" cleared="5799" durationms="0.190" />
</gc-op>
<heap-resize id="285" type="expand" space="default" amount="6291456" count="1" timems="0.106" reason="excessive time being spent in gc" timestamp="2019-06-17T03:21:00.329" />
<gc-end id="286" type="partial gc" contextid="279" durationms="17.565" usertimems="16.000" systemtimems="0.000" timestamp="2019-06-17T03:21:00.329" activeThreads="4">
  <mem-info id="287" free="20971520" total="40894464" percent="51">
    <mem type="eden" free="1021616" total="3145728" percent="32" />
    <remembered-set count="20480" freebytes="1550464" totalbytes="1632384" percent="94" regionsoverflowed="0" regionsstable="0" regionsrebuilding="1"/>
  </mem-info>
</gc-end>
<cycle-end id="288" type="partial gc" contextid="279" timestamp="2019-06-17T03:21:00.329" />
  <attribute name="elasticGC enabled" value="1" />
  <attribute name= "numThreadsSpecified" value="4" />
  <attribute name="heapSize specified" value="0" />
  <attribute name="Current GC Util" value="0" />
  <attribute name= "Current Time Running" value="13880" />
  <attribute name ="GC Interval" value="0" />
  <attribute name="ProportionalT" value="-30.000000" />
  <attribute name="ProportionalI" value="-30.000000" />
  <attribute name="ProportionalH" value="-30.000000" />
  <attribute name="Current Error" value="-20.000000" />
  <attribute name="IntegralT" value="-320.000000" />
  <attribute name="IntegralI" value="-320.000000" />
  <attribute name="IntegralH" value="-320.000000" />
  <attribute name="DerivativeT" value="-5.718750" />
  <attribute name="DerivativeI" value="-5.718750" />
  <attribute name="DerivativeH" value="-5.718750" />
  <attribute name="Loop Time for DT" value="16.000000" />
  <attribute name="Output H" value="2091843584"/>
  <attribute name="Output I" value="200"/>
  <attribute name="Output T" value="4"/>
  <attribute name="Target GC Util Change" value ="20.000000" />
  <attribute name="Current GC Util Change" value="0.000000"/>
  <attribute name="GC Util currently" value="0" />
  <attribute name="CPU Util currently" value="298723989599" />
<exclusive-end id="289" timestamp="2019-06-17T03:21:00.330" durationms="18.796" />

<exclusive-start id="290" timestamp="2019-06-17T03:21:00.351" intervalms="40.322">
  <response-info timems="0.028" idlems="0.028" threads="0" lastid="00000000013C5C00" lastname="PmdThread 1" />
</exclusive-start>
<allocation-taxation id="291" taxation-threshold="8388608" timestamp="2019-06-17T03:21:00.351" intervalms="40.519" />
<gc-start id="292" type="global mark phase" contextid="268" timestamp="2019-06-17T03:21:00.352">
  <mem-info id="293" free="12582912" total="40894464" percent="30">
    <remembered-set count="20480" freebytes="1550464" totalbytes="1632384" percent="94" regionsoverflowed="0" regionsstable="0" regionsrebuilding="1"/>
  </mem-info>
</gc-start>
<gc-op id="294" type="mark increment" timems="4.580" contextid="268" timestamp="2019-06-17T03:21:00.356">
  <trace-info objectcount="62903" scancount="57878" scanbytes="2094108" />
  <cardclean-info objects="7211" bytes="268028" />
  <finalization candidates="58" enqueued="0" />
  <ownableSynchronizers candidates="8" cleared="0" />
  <references type="soft" candidates="229" cleared="0" enqueued="0" dynamicThreshold="16" maxThreshold="32" />
  <references type="weak" candidates="975" cleared="258" enqueued="258" />
  <references type="phantom" candidates="169" cleared="8" enqueued="8" />
  <stringconstants candidates="4993" cleared="0"  />
</gc-op>
<gc-op id="295" type="classunload" timems="0.004" contextid="268" timestamp="2019-06-17T03:21:00.356">
  <classunload-info classloadercandidates="10" classloadersunloaded="0" classesunloaded="0" anonymousclassesunloaded="0" quiescems="0.000" setupms="0.004" scanms="0.000" postms="0.000" />
</gc-op>
<gc-end id="296" type="global mark phase" contextid="268" durationms="4.959" usertimems="4.000" systemtimems="0.000" timestamp="2019-06-17T03:21:00.357" activeThreads="4">
  <mem-info id="297" free="12582912" total="40894464" percent="30">
    <pending-finalizers system="0" default="0" reference="266" classloader="0" />
    <remembered-set count="22528" freebytes="1542272" totalbytes="1632384" percent="94" regionsoverflowed="0" regionsstable="0" regionsrebuilding="0"/>
  </mem-info>
</gc-end>
<cycle-end id="298" type="global mark phase" contextid="268" timestamp="2019-06-17T03:21:00.357" />
  <attribute name="elasticGC enabled" value="1" />
  <attribute name= "numThreadsSpecified" value="4" />
  <attribute name="heapSize specified" value="0" />
  <attribute name="Current GC Util" value="0" />
  <attribute name= "Current Time Running" value="13908" />
  <attribute name ="GC Interval" value="0" />
  <attribute name="ProportionalT" value="-30.000000" />
  <attribute name="ProportionalI" value="-30.000000" />
  <attribute name="ProportionalH" value="-30.000000" />
  <attribute name="Current Error" value="-20.000000" />
  <attribute name="IntegralT" value="-80.000000" />
  <attribute name="IntegralI" value="-80.000000" />
  <attribute name="IntegralH" value="-80.000000" />
  <attribute name="DerivativeT" value="-45.000000" />
  <attribute name="DerivativeI" value="-45.000000" />
  <attribute name="DerivativeH" value="-45.000000" />
  <attribute name="Loop Time for DT" value="4.000000" />
  <attribute name="Output H" value="2091843584"/>
  <attribute name="Output I" value="200"/>
  <attribute name="Output T" value="4"/>
  <attribute name="Target GC Util Change" value ="20.000000" />
  <attribute name="Current GC Util Change" value="0.000000"/>
  <attribute name="GC Util currently" value="0" />
  <attribute name="CPU Util currently" value="1465475102549" />
<exclusive-end id="299" timestamp="2019-06-17T03:21:00.357" durationms="5.710" />

<exclusive-start id="300" timestamp="2019-06-17T03:21:00.377" intervalms="25.387">
  <response-info timems="0.213" idlems="0.190" threads="1" lastid="00000000013D1400" lastname="PmdThread 3" />
</exclusive-start>
<allocation-taxation id="301" taxation-threshold="8388608" timestamp="2019-06-17T03:21:00.377" intervalms="25.187" />
<cycle-start id="302" type="partial gc" contextid="0" timestamp="2019-06-17T03:21:00.377" intervalms="65.547" />
<gc-start id="303" type="partial gc" contextid="302" timestamp="2019-06-17T03:21:00.377">
  <mem-info id="304" free="4194304" total="40894464" percent="10">
    <mem type="eden" free="0" total="16777216" percent="0" />
    <remembered-set count="22048" freebytes="1544192" totalbytes="1632384" percent="94" regionsoverflowed="0" regionsstable="0" regionsrebuilding="0"/>
  </mem-info>
</gc-start>
<allocation-stats totalBytes="16749056" >
  <allocated-bytes non-tlh="0" tlh="16749056" arrayletleaf="0"/>
  <largest-consumer threadName="PmdThread 1" threadId="00000000013C5C00" bytes="2752136" />
</allocation-stats>
<gc-op id="305" type="sweep" timems="0.604" contextid="302" timestamp="2019-06-17T03:21:00.378" />
<gc-op id="306" type="copy forward" timems="7.688" contextid="302" timestamp="2019-06-17T03:21:00.386">
  <memory-copied type="eden" objects="26184" bytes="1063880" bytesdiscarded="47163" />
  <memory-copied type="other" objects="94033" bytes="3628760" bytesdiscarded="234909" />
  <memory-cardclean objects="4352" bytes="245656" />
  <regions eden="8" other="12" />
  <remembered-set-cleared processed="19266" cleared="6240" durationms="0.133" />
  <references type="soft" candidates="11" cleared="0" enqueued="0" dynamicThreshold="9" maxThreshold="32" />
  <references type="weak" candidates="159" cleared="0" enqueued="0" />
  <references type="phantom" candidates="46" cleared="0" enqueued="0" />
  <stringconstants candidates="4993" cleared="0"  />
  <heap-resize type="expand" space="default" amount="2097152" count="2" timems="0.271" reason="continue current collection" />
</gc-op>
<gc-op id="307" type="classunload" timems="0.004" contextid="302" timestamp="2019-06-17T03:21:00.386">
  <classunload-info classloadercandidates="10" classloadersunloaded="0" classesunloaded="0" anonymousclassesunloaded="0" quiescems="0.000" setupms="0.004" scanms="0.000" postms="0.000" />
</gc-op>
<gc-op id="308" type="compact" timems="0.683" contextid="302" timestamp="2019-06-17T03:21:00.387">
  <compact-info movecount="0" movebytes="0" />
  <remembered-set-cleared processed="42837" cleared="6240" durationms="0.133" />
</gc-op>
<heap-resize id="309" type="expand" space="default" amount="7340032" count="1" timems="0.086" reason="excessive time being spent in gc" timestamp="2019-06-17T03:21:00.387" />
<gc-end id="310" type="partial gc" contextid="302" durationms="10.374" usertimems="20.000" systemtimems="0.000" timestamp="2019-06-17T03:21:00.387" activeThreads="4">
  <mem-info id="311" free="28311552" total="50331648" percent="56">
    <mem type="eden" free="116600" total="3145728" percent="3" />
    <remembered-set count="25568" freebytes="1906816" totalbytes="2009088" percent="94" regionsoverflowed="0" regionsstable="0" regionsrebuilding="0"/>
  </mem-info>
</gc-end>
<cycle-end id="312" type="partial gc" contextid="302" timestamp="2019-06-17T03:21:00.387" />
  <attribute name="elasticGC enabled" value="1" />
  <attribute name= "numThreadsSpecified" value="4" />
  <attribute name="heapSize specified" value="0" />
  <attribute name="Current GC Util" value="169" />
  <attribute name= "Current Time Running" value="13938" />
  <attribute name ="GC Interval" value="0" />
  <attribute name="ProportionalT" value="223.500000" />
  <attribute name="ProportionalI" value="223.500000" />
  <attribute name="ProportionalH" value="223.500000" />
  <attribute name="Current Error" value="149.000000" />
  <attribute name="IntegralT" value="1192.000000" />
  <attribute name="IntegralI" value="1192.000000" />
  <attribute name="IntegralH" value="1192.000000" />
  <attribute name="DerivativeT" value="21.750000" />
  <attribute name="DerivativeI" value="21.750000" />
  <attribute name="DerivativeH" value="21.750000" />
  <attribute name="Loop Time for DT" value="8.000000" />
  <attribute name="Output H" value="8388608"/>
  <attribute name="Output I" value="1440"/>
  <attribute name="Output T" value="4"/>
  <attribute name="Target GC Util Change" value ="20.000000" />
  <attribute name="Current GC Util Change" value="169.000000"/>
  <attribute name="GC Util currently" value="169" />
  <attribute name="CPU Util currently" value="578244056455" />
<exclusive-end id="313" timestamp="2019-06-17T03:21:00.388" durationms="10.990" />

<exclusive-start id="314" timestamp="2019-06-17T03:21:00.428" intervalms="51.894">
  <response-info timems="0.024" idlems="0.024" threads="0" lastid="00000000013C5C00" lastname="PmdThread 1" />
</exclusive-start>
<allocation-taxation id="315" taxation-threshold="18874368" timestamp="2019-06-17T03:21:00.429" intervalms="51.905" />
<cycle-start id="316" type="partial gc" contextid="0" timestamp="2019-06-17T03:21:00.429" intervalms="51.913" />
<gc-start id="317" type="partial gc" contextid="316" timestamp="2019-06-17T03:21:00.429">
  <mem-info id="318" free="9437184" total="50331648" percent="18">
    <mem type="eden" free="0" total="18874368" percent="0" />
    <remembered-set count="25568" freebytes="1906816" totalbytes="2009088" percent="94" regionsoverflowed="0" regionsstable="0" regionsrebuilding="0"/>
  </mem-info>
</gc-start>
<allocation-stats totalBytes="18865680" >
  <allocated-bytes non-tlh="145608" tlh="18720072" arrayletleaf="0"/>
  <largest-consumer threadName="PmdThread 1" threadId="00000000013C5C00" bytes="9492904" />
</allocation-stats>
<gc-op id="319" type="copy forward" timems="8.285" contextid="316" timestamp="2019-06-17T03:21:00.438">
  <memory-copied type="eden" objects="73663" bytes="3040480" bytesdiscarded="328376" />
  <memory-copied type="other" objects="68382" bytes="2570368" bytesdiscarded="65864" />
  <memory-cardclean objects="24005" bytes="1171656" />
  <regions eden="18" other="5" />
  <remembered-set-cleared processed="21863" cleared="8469" durationms="0.134" />
  <references type="soft" candidates="1" cleared="0" enqueued="0" dynamicThreshold="18" maxThreshold="32" />
  <references type="weak" candidates="425" cleared="0" enqueued="0" />
  <references type="phantom" candidates="11" cleared="0" enqueued="0" />
  <stringconstants candidates="5000" cleared="0"  />
</gc-op>
<gc-op id="320" type="classunload" timems="0.004" contextid="316" timestamp="2019-06-17T03:21:00.438">
  <classunload-info classloadercandidates="10" classloadersunloaded="0" classesunloaded="0" anonymousclassesunloaded="0" quiescems="0.000" setupms="0.004" scanms="0.000" postms="0.000" />
</gc-op>
<heap-resize id="321" type="expand" space="default" amount="9437184" count="1" timems="0.106" reason="excessive time being spent in gc" timestamp="2019-06-17T03:21:00.438" />
<gc-end id="322" type="partial gc" contextid="316" durationms="9.409" usertimems="20.000" systemtimems="0.000" timestamp="2019-06-17T03:21:00.438" activeThreads="4">
  <mem-info id="323" free="33554432" total="59768832" percent="56">
    <mem type="eden" free="822136" total="4194304" percent="19" />
    <remembered-set count="34880" freebytes="2246272" totalbytes="2385792" percent="94" regionsoverflowed="0" regionsstable="0" regionsrebuilding="0"/>
  </mem-info>
</gc-end>
<cycle-end id="324" type="partial gc" contextid="316" timestamp="2019-06-17T03:21:00.438" />
  <attribute name="elasticGC enabled" value="1" />
  <attribute name= "numThreadsSpecified" value="4" />
  <attribute name="heapSize specified" value="0" />
  <attribute name="Current GC Util" value="66" />
  <attribute name= "Current Time Running" value="13982" />
  <attribute name ="GC Interval" value="0" />
  <attribute name="ProportionalT" value="69.000000" />
  <attribute name="ProportionalI" value="69.000000" />
  <attribute name="ProportionalH" value="69.000000" />
  <attribute name="Current Error" value="46.000000" />
  <attribute name="IntegralT" value="46.000000" />
  <attribute name="IntegralI" value="46.000000" />
  <attribute name="IntegralH" value="46.000000" />
  <attribute name="DerivativeT" value="69.000000" />
  <attribute name="DerivativeI" value="69.000000" />
  <attribute name="DerivativeH" value="69.000000" />
  <attribute name="Loop Time for DT" value="1.000000" />
  <attribute name="Output H" value="8388608"/>
  <attribute name="Output I" value="200"/>
  <attribute name="Output T" value="4"/>
  <attribute name="Target GC Util Change" value ="20.000000" />
  <attribute name="Current GC Util Change" value="66.000000"/>
  <attribute name="GC Util currently" value="66" />
  <attribute name="CPU Util currently" value="20021820642821" />
<exclusive-end id="325" timestamp="2019-06-17T03:21:00.439" durationms="10.076" />

<exclusive-start id="326" timestamp="2019-06-17T03:21:00.511" intervalms="82.558">
  <response-info timems="0.039" idlems="0.039" threads="0" lastid="00000000013D1400" lastname="PmdThread 3" />
</exclusive-start>
<allocation-taxation id="327" taxation-threshold="22020096" timestamp="2019-06-17T03:21:00.511" intervalms="82.558" />
<cycle-start id="328" type="partial gc" contextid="0" timestamp="2019-06-17T03:21:00.511" intervalms="82.579" />
<gc-start id="329" type="partial gc" contextid="328" timestamp="2019-06-17T03:21:00.511">
  <mem-info id="330" free="11534336" total="59768832" percent="19">
    <mem type="eden" free="0" total="22020096" percent="0" />
    <remembered-set count="24544" freebytes="2287616" totalbytes="2385792" percent="95" regionsoverflowed="0" regionsstable="1" regionsrebuilding="0"/>
  </mem-info>
</gc-start>
<allocation-stats totalBytes="22014952" >
  <allocated-bytes non-tlh="7272" tlh="22007680" arrayletleaf="0"/>
  <largest-consumer threadName="PmdThread 3" threadId="00000000013D1400" bytes="9903208" />
</allocation-stats>
<gc-op id="331" type="copy forward" timems="14.457" contextid="328" timestamp="2019-06-17T03:21:00.527">
  <memory-copied type="eden" objects="51135" bytes="1974816" bytesdiscarded="24" />
  <memory-copied type="other" objects="75541" bytes="2920288" bytesdiscarded="64" />
  <memory-cardclean objects="20088" bytes="1121952" />
  <regions eden="21" other="6" />
  <remembered-set-cleared processed="20474" cleared="7929" durationms="0.256" />
  <references type="soft" candidates="7" cleared="0" enqueued="0" dynamicThreshold="17" maxThreshold="32" />
  <references type="weak" candidates="433" cleared="0" enqueued="0" />
  <references type="phantom" candidates="53" cleared="0" enqueued="0" />
  <stringconstants candidates="5043" cleared="0"  />
</gc-op>
<gc-op id="332" type="classunload" timems="0.003" contextid="328" timestamp="2019-06-17T03:21:00.527">
  <classunload-info classloadercandidates="10" classloadersunloaded="0" classesunloaded="0" anonymousclassesunloaded="0" quiescems="0.000" setupms="0.002" scanms="0.000" postms="0.000" />
</gc-op>
<heap-resize id="333" type="expand" space="default" amount="6291456" count="1" timems="0.090" reason="excessive time being spent in gc" timestamp="2019-06-17T03:21:00.527" />
<gc-end id="334" type="partial gc" contextid="328" durationms="15.772" usertimems="16.000" systemtimems="0.000" timestamp="2019-06-17T03:21:00.527" activeThreads="1">
  <mem-info id="335" free="39845888" total="66060288" percent="60">
    <mem type="eden" free="119200" total="2097152" percent="5" />
    <remembered-set count="29344" freebytes="2519552" totalbytes="2636928" percent="95" regionsoverflowed="0" regionsstable="1" regionsrebuilding="0"/>
  </mem-info>
</gc-end>
<cycle-end id="336" type="partial gc" contextid="328" timestamp="2019-06-17T03:21:00.527" />
  <attribute name="elasticGC enabled" value="1" />
  <attribute name= "numThreadsSpecified" value="1" />
  <attribute name="heapSize specified" value="0" />
  <attribute name="Current GC Util" value="71" />
  <attribute name= "Current Time Running" value="14064" />
  <attribute name ="GC Interval" value="0" />
  <attribute name="ProportionalT" value="76.500000" />
  <attribute name="ProportionalI" value="76.500000" />
  <attribute name="ProportionalH" value="76.500000" />
  <attribute name="Current Error" value="51.000000" />
  <attribute name="IntegralT" value="0.000000" />
  <attribute name="IntegralI" value="0.000000" />
  <attribute name="IntegralH" value="0.000000" />
  <attribute name="DerivativeT" value="inf" />
  <attribute name="DerivativeI" value="inf" />
  <attribute name="DerivativeH" value="inf" />
  <attribute name="Loop Time for DT" value="0.000000" />
  <attribute name="Output H" value="8388608"/>
  <attribute name="Output I" value="200"/>
  <attribute name="Output T" value="1"/>
  <attribute name="Target GC Util Change" value ="20.000000" />
  <attribute name="Current GC Util Change" value="71.000000"/>
  <attribute name="GC Util currently" value="71" />
  <attribute name="CPU Util currently" value="19623026770126" />
<exclusive-end id="337" timestamp="2019-06-17T03:21:00.528" durationms="16.661" />

<exclusive-start id="338" timestamp="2019-06-17T03:21:00.619" intervalms="108.230">
  <response-info timems="0.191" idlems="0.070" threads="2" lastid="00000000013D1400" lastname="PmdThread 3" />
</exclusive-start>
<allocation-taxation id="339" taxation-threshold="23068672" timestamp="2019-06-17T03:21:00.619" intervalms="108.256" />
<cycle-start id="340" type="partial gc" contextid="0" timestamp="2019-06-17T03:21:00.619" intervalms="108.265" />
<gc-start id="341" type="partial gc" contextid="340" timestamp="2019-06-17T03:21:00.620">
  <mem-info id="342" free="16777216" total="66060288" percent="25">
    <mem type="eden" free="0" total="23068672" percent="0" />
    <remembered-set count="29184" freebytes="2520192" totalbytes="2636928" percent="95" regionsoverflowed="0" regionsstable="1" regionsrebuilding="0"/>
  </mem-info>
</gc-start>
<allocation-stats totalBytes="23054864" >
  <allocated-bytes non-tlh="453440" tlh="22601424" arrayletleaf="0"/>
  <largest-consumer threadName="PmdThread 1" threadId="00000000013C5C00" bytes="11434288" />
</allocation-stats>
<gc-op id="343" type="copy forward" timems="5.492" contextid="340" timestamp="2019-06-17T03:21:00.626">
  <memory-copied type="eden" objects="24417" bytes="1139360" bytesdiscarded="112832" />
  <memory-copied type="other" objects="51861" bytes="1856256" bytesdiscarded="132776" />
  <memory-cardclean objects="43572" bytes="2457336" />
  <regions eden="22" other="3" />
  <remembered-set-cleared processed="22222" cleared="8852" durationms="0.178" />
  <finalization candidates="6" enqueued="0" />
  <references type="soft" candidates="32" cleared="0" enqueued="0" dynamicThreshold="19" maxThreshold="32" />
  <references type="weak" candidates="516" cleared="0" enqueued="0" />
  <references type="phantom" candidates="83" cleared="0" enqueued="0" />
  <stringconstants candidates="5083" cleared="0"  />
</gc-op>
<gc-op id="344" type="classunload" timems="0.003" contextid="340" timestamp="2019-06-17T03:21:00.626">
  <classunload-info classloadercandidates="10" classloadersunloaded="0" classesunloaded="0" anonymousclassesunloaded="0" quiescems="0.000" setupms="0.003" scanms="0.000" postms="0.000" />
</gc-op>
<heap-resize id="345" type="expand" space="default" amount="5242880" count="1" timems="0.089" reason="excessive time being spent in gc" timestamp="2019-06-17T03:21:00.627" />
<gc-end id="346" type="partial gc" contextid="340" durationms="6.867" usertimems="16.000" systemtimems="0.000" timestamp="2019-06-17T03:21:00.627" activeThreads="4">
  <mem-info id="347" free="42991616" total="71303168" percent="60">
    <mem type="eden" free="841448" total="2097152" percent="40" />
    <remembered-set count="31936" freebytes="2718464" totalbytes="2846208" percent="95" regionsoverflowed="0" regionsstable="1" regionsrebuilding="0"/>
  </mem-info>
</gc-end>
<cycle-end id="348" type="partial gc" contextid="340" timestamp="2019-06-17T03:21:00.627" />
  <attribute name="elasticGC enabled" value="1" />
  <attribute name= "numThreadsSpecified" value="4" />
  <attribute name="heapSize specified" value="0" />
  <attribute name="Current GC Util" value="98" />
  <attribute name= "Current Time Running" value="14173" />
  <attribute name ="GC Interval" value="0" />
  <attribute name="ProportionalT" value="117.000000" />
  <attribute name="ProportionalI" value="117.000000" />
  <attribute name="ProportionalH" value="117.000000" />
  <attribute name="Current Error" value="78.000000" />
  <attribute name="IntegralT" value="78.000000" />
  <attribute name="IntegralI" value="78.000000" />
  <attribute name="IntegralH" value="78.000000" />
  <attribute name="DerivativeT" value="117.000000" />
  <attribute name="DerivativeI" value="117.000000" />
  <attribute name="DerivativeH" value="117.000000" />
  <attribute name="Loop Time for DT" value="1.000000" />
  <attribute name="Output H" value="8388608"/>
  <attribute name="Output I" value="312"/>
  <attribute name="Output T" value="4"/>
  <attribute name="Target GC Util Change" value ="20.000000" />
  <attribute name="Current GC Util Change" value="98.000000"/>
  <attribute name="GC Util currently" value="98" />
  <attribute name="CPU Util currently" value="13557880725324" />
<exclusive-end id="349" timestamp="2019-06-17T03:21:00.627" durationms="7.818" />

<exclusive-start id="350" timestamp="2019-06-17T03:21:00.695" intervalms="75.961">
  <response-info timems="0.039" idlems="0.039" threads="0" lastid="00000000013D1400" lastname="PmdThread 3" />
</exclusive-start>
<allocation-taxation id="351" taxation-threshold="24117248" timestamp="2019-06-17T03:21:00.695" intervalms="75.971" />
<cycle-start id="352" type="partial gc" contextid="0" timestamp="2019-06-17T03:21:00.696" intervalms="76.153" />
<gc-start id="353" type="partial gc" contextid="352" timestamp="2019-06-17T03:21:00.696">
  <mem-info id="354" free="18874368" total="71303168" percent="26">
    <mem type="eden" free="0" total="24117248" percent="0" />
    <remembered-set count="31680" freebytes="2719488" totalbytes="2846208" percent="95" regionsoverflowed="0" regionsstable="1" regionsrebuilding="0"/>
  </mem-info>
</gc-start>
<allocation-stats totalBytes="24097672" >
  <allocated-bytes non-tlh="2728" tlh="24094944" arrayletleaf="0"/>
  <largest-consumer threadName="PmdThread 1" threadId="00000000013C5C00" bytes="9339192" />
</allocation-stats>
<gc-op id="355" type="copy forward" timems="8.680" contextid="352" timestamp="2019-06-17T03:21:00.705">
  <memory-copied type="eden" objects="36791" bytes="1702744" bytesdiscarded="40" />
  <memory-copied type="other" objects="24700" bytes="797496" bytesdiscarded="0" />
  <memory-cardclean objects="25348" bytes="1217416" />
  <regions eden="23" other="3" />
  <remembered-set-cleared processed="28163" cleared="4089" durationms="0.304" />
  <references type="weak" candidates="721" cleared="0" enqueued="0" />
  <references type="phantom" candidates="92" cleared="0" enqueued="0" />
  <stringconstants candidates="5091" cleared="0"  />
</gc-op>
<gc-op id="356" type="classunload" timems="0.002" contextid="352" timestamp="2019-06-17T03:21:00.705">
  <classunload-info classloadercandidates="10" classloadersunloaded="0" classesunloaded="0" anonymousclassesunloaded="0" quiescems="0.000" setupms="0.002" scanms="0.000" postms="0.000" />
</gc-op>
<gc-end id="357" type="partial gc" contextid="352" durationms="9.724" usertimems="8.000" systemtimems="0.000" timestamp="2019-06-17T03:21:00.706" activeThreads="1">
  <mem-info id="358" free="41943040" total="71303168" percent="58">
    <mem type="eden" free="388504" total="2097152" percent="18" />
    <remembered-set count="33248" freebytes="2713216" totalbytes="2846208" percent="95" regionsoverflowed="0" regionsstable="1" regionsrebuilding="0"/>
  </mem-info>
</gc-end>
<cycle-end id="359" type="partial gc" contextid="352" timestamp="2019-06-17T03:21:00.706" />
  <attribute name="elasticGC enabled" value="1" />
  <attribute name= "numThreadsSpecified" value="1" />
  <attribute name="heapSize specified" value="0" />
  <attribute name="Current GC Util" value="56" />
  <attribute name= "Current Time Running" value="14249" />
  <attribute name ="GC Interval" value="0" />
  <attribute name="ProportionalT" value="54.000000" />
  <attribute name="ProportionalI" value="54.000000" />
  <attribute name="ProportionalH" value="54.000000" />
  <attribute name="Current Error" value="36.000000" />
  <attribute name="IntegralT" value="0.000000" />
  <attribute name="IntegralI" value="0.000000" />
  <attribute name="IntegralH" value="0.000000" />
  <attribute name="DerivativeT" value="inf" />
  <attribute name="DerivativeI" value="inf" />
  <attribute name="DerivativeH" value="inf" />
  <attribute name="Loop Time for DT" value="0.000000" />
  <attribute name="Output H" value="8388608"/>
  <attribute name="Output I" value="200"/>
  <attribute name="Output T" value="1"/>
  <attribute name="Target GC Util Change" value ="20.000000" />
  <attribute name="Current GC Util Change" value="56.000000"/>
  <attribute name="GC Util currently" value="56" />
  <attribute name="CPU Util currently" value="19846305515303" />
<exclusive-end id="360" timestamp="2019-06-17T03:21:00.706" durationms="10.778" />

<exclusive-start id="361" timestamp="2019-06-17T03:21:00.774" intervalms="78.786">
  <response-info timems="0.065" idlems="0.065" threads="0" lastid="00000000013D5000" lastname="PmdThread 4" />
</exclusive-start>
<allocation-taxation id="362" taxation-threshold="24117248" timestamp="2019-06-17T03:21:00.774" intervalms="79.077" />
<cycle-start id="363" type="partial gc" contextid="0" timestamp="2019-06-17T03:21:00.775" intervalms="79.441" />
<gc-start id="364" type="partial gc" contextid="363" timestamp="2019-06-17T03:21:00.775">
  <mem-info id="365" free="17825792" total="71303168" percent="25">
    <mem type="eden" free="0" total="24117248" percent="0" />
    <remembered-set count="33024" freebytes="2714112" totalbytes="2846208" percent="95" regionsoverflowed="0" regionsstable="1" regionsrebuilding="0"/>
  </mem-info>
</gc-start>
<allocation-stats totalBytes="24096800" >
  <allocated-bytes non-tlh="10848" tlh="24085952" arrayletleaf="0"/>
  <largest-consumer threadName="PmdThread 1" threadId="00000000013C5C00" bytes="8774384" />
</allocation-stats>
<gc-op id="366" type="copy forward" timems="10.684" contextid="363" timestamp="2019-06-17T03:21:00.787">
  <memory-copied type="eden" objects="37887" bytes="1632304" bytesdiscarded="0" />
  <memory-copied type="other" objects="32085" bytes="1446520" bytesdiscarded="176" />
  <memory-cardclean objects="24333" bytes="1336264" />
  <regions eden="23" other="3" />
  <remembered-set-cleared processed="28325" cleared="4434" durationms="0.317" />
  <references type="soft" candidates="3" cleared="0" enqueued="0" dynamicThreshold="18" maxThreshold="32" />
  <references type="weak" candidates="834" cleared="0" enqueued="0" />
  <references type="phantom" candidates="53" cleared="0" enqueued="0" />
  <stringconstants candidates="5109" cleared="0"  />
</gc-op>
<gc-op id="367" type="classunload" timems="0.003" contextid="363" timestamp="2019-06-17T03:21:00.787">
  <classunload-info classloadercandidates="10" classloadersunloaded="0" classesunloaded="0" anonymousclassesunloaded="0" quiescems="0.000" setupms="0.002" scanms="0.000" postms="0.000" />
</gc-op>
<heap-resize id="368" type="expand" space="default" amount="7340032" count="1" timems="0.095" reason="excessive time being spent in gc" timestamp="2019-06-17T03:21:00.787" />
<gc-end id="369" type="partial gc" contextid="363" durationms="12.067" usertimems="8.000" systemtimems="0.000" timestamp="2019-06-17T03:21:00.787" activeThreads="1">
  <mem-info id="370" free="47185920" total="78643200" percent="60">
    <mem type="eden" free="454912" total="2097152" percent="21" />
    <remembered-set count="37728" freebytes="2988288" totalbytes="3139200" percent="95" regionsoverflowed="0" regionsstable="1" regionsrebuilding="0"/>
  </mem-info>
</gc-end>
<cycle-end id="371" type="partial gc" contextid="363" timestamp="2019-06-17T03:21:00.788" />
  <attribute name="elasticGC enabled" value="1" />
  <attribute name= "numThreadsSpecified" value="1" />
  <attribute name="heapSize specified" value="0" />
  <attribute name="Current GC Util" value="74" />
  <attribute name= "Current Time Running" value="14328" />
  <attribute name ="GC Interval" value="0" />
  <attribute name="ProportionalT" value="81.000000" />
  <attribute name="ProportionalI" value="81.000000" />
  <attribute name="ProportionalH" value="81.000000" />
  <attribute name="Current Error" value="54.000000" />
  <attribute name="IntegralT" value="0.000000" />
  <attribute name="IntegralI" value="0.000000" />
  <attribute name="IntegralH" value="0.000000" />
  <attribute name="DerivativeT" value="inf" />
  <attribute name="DerivativeI" value="inf" />
  <attribute name="DerivativeH" value="inf" />
  <attribute name="Loop Time for DT" value="0.000000" />
  <attribute name="Output H" value="8388608"/>
  <attribute name="Output I" value="200"/>
  <attribute name="Output T" value="1"/>
  <attribute name="Target GC Util Change" value ="20.000000" />
  <attribute name="Current GC Util Change" value="74.000000"/>
  <attribute name="GC Util currently" value="74" />
  <attribute name="CPU Util currently" value="19174213717847" />
<exclusive-end id="372" timestamp="2019-06-17T03:21:00.788" durationms="14.024" />

<exclusive-start id="373" timestamp="2019-06-17T03:21:00.855" intervalms="80.796">
  <response-info timems="0.040" idlems="0.040" threads="0" lastid="00000000013C5C00" lastname="PmdThread 1" />
</exclusive-start>
<allocation-taxation id="374" taxation-threshold="26214400" timestamp="2019-06-17T03:21:00.855" intervalms="80.492" />
<cycle-start id="375" type="partial gc" contextid="0" timestamp="2019-06-17T03:21:00.855" intervalms="80.119" />
<gc-start id="376" type="partial gc" contextid="375" timestamp="2019-06-17T03:21:00.855">
  <mem-info id="377" free="20971520" total="78643200" percent="26">
    <mem type="eden" free="0" total="26214400" percent="0" />
    <remembered-set count="37408" freebytes="2989568" totalbytes="3139200" percent="95" regionsoverflowed="0" regionsstable="1" regionsrebuilding="0"/>
  </mem-info>
</gc-start>
<allocation-stats totalBytes="26193040" >
  <allocated-bytes non-tlh="1616" tlh="26191424" arrayletleaf="0"/>
  <largest-consumer threadName="PmdThread 1" threadId="00000000013C5C00" bytes="10960248" />
</allocation-stats>
<gc-op id="378" type="copy forward" timems="3.372" contextid="375" timestamp="2019-06-17T03:21:00.860">
  <memory-copied type="eden" objects="16854" bytes="1067512" bytesdiscarded="182128" />
  <memory-copied type="other" objects="25319" bytes="1110448" bytesdiscarded="111080" />
  <memory-cardclean objects="16612" bytes="933864" />
  <regions eden="25" other="3" />
  <remembered-set-cleared processed="32934" cleared="5252" durationms="0.153" />
  <finalization candidates="1" enqueued="0" />
  <references type="soft" candidates="12" cleared="0" enqueued="0" dynamicThreshold="19" maxThreshold="32" />
  <references type="weak" candidates="681" cleared="0" enqueued="0" />
  <references type="phantom" candidates="49" cleared="0" enqueued="0" />
  <stringconstants candidates="5125" cleared="0"  />
</gc-op>
<gc-op id="379" type="classunload" timems="0.003" contextid="375" timestamp="2019-06-17T03:21:00.860">
  <classunload-info classloadercandidates="10" classloadersunloaded="0" classesunloaded="0" anonymousclassesunloaded="0" quiescems="0.000" setupms="0.003" scanms="0.000" postms="0.000" />
</gc-op>
<heap-resize id="380" type="expand" space="default" amount="3145728" count="1" timems="0.066" reason="excessive time being spent in gc" timestamp="2019-06-17T03:21:00.860" />
<gc-end id="381" type="partial gc" contextid="375" durationms="4.732" usertimems="12.000" systemtimems="0.000" timestamp="2019-06-17T03:21:00.860" activeThreads="4">
  <mem-info id="382" free="49283072" total="81788928" percent="60">
    <mem type="eden" free="842544" total="2097152" percent="40" />
    <remembered-set count="37920" freebytes="3113088" totalbytes="3264768" percent="95" regionsoverflowed="0" regionsstable="1" regionsrebuilding="0"/>
  </mem-info>
</gc-end>
<cycle-end id="383" type="partial gc" contextid="375" timestamp="2019-06-17T03:21:00.860" />
  <attribute name="elasticGC enabled" value="1" />
  <attribute name= "numThreadsSpecified" value="4" />
  <attribute name="heapSize specified" value="0" />
  <attribute name="Current GC Util" value="94" />
  <attribute name= "Current Time Running" value="14409" />
  <attribute name ="GC Interval" value="0" />
  <attribute name="ProportionalT" value="111.000000" />
  <attribute name="ProportionalI" value="111.000000" />
  <attribute name="ProportionalH" value="111.000000" />
  <attribute name="Current Error" value="74.000000" />
  <attribute name="IntegralT" value="74.000000" />
  <attribute name="IntegralI" value="74.000000" />
  <attribute name="IntegralH" value="74.000000" />
  <attribute name="DerivativeT" value="111.000000" />
  <attribute name="DerivativeI" value="111.000000" />
  <attribute name="DerivativeH" value="111.000000" />
  <attribute name="Loop Time for DT" value="1.000000" />
  <attribute name="Output H" value="8388608"/>
  <attribute name="Output I" value="296"/>
  <attribute name="Output T" value="4"/>
  <attribute name="Target GC Util Change" value ="20.000000" />
  <attribute name="Current GC Util Change" value="94.000000"/>
  <attribute name="GC Util currently" value="94" />
  <attribute name="CPU Util currently" value="20249340323810" />
<exclusive-end id="384" timestamp="2019-06-17T03:21:00.861" durationms="5.833" />

<exclusive-start id="385" timestamp="2019-06-17T03:21:00.914" intervalms="58.977">
  <response-info timems="0.085" idlems="0.085" threads="0" lastid="00000000013C5C00" lastname="PmdThread 1" />
</exclusive-start>
<allocation-taxation id="386" taxation-threshold="27262976" timestamp="2019-06-17T03:21:00.914" intervalms="59.076" />
<cycle-start id="387" type="partial gc" contextid="0" timestamp="2019-06-17T03:21:00.914" intervalms="59.102" />
<gc-start id="388" type="partial gc" contextid="387" timestamp="2019-06-17T03:21:00.915">
  <mem-info id="389" free="22020096" total="81788928" percent="26">
    <mem type="eden" free="0" total="27262976" percent="0" />
    <remembered-set count="37792" freebytes="3113600" totalbytes="3264768" percent="95" regionsoverflowed="0" regionsstable="1" regionsrebuilding="0"/>
  </mem-info>
</gc-start>
<allocation-stats totalBytes="27234920" >
  <allocated-bytes non-tlh="3704" tlh="27231216" arrayletleaf="0"/>
  <largest-consumer threadName="PmdThread 1" threadId="00000000013C5C00" bytes="14502432" />
</allocation-stats>
<gc-op id="390" type="copy forward" timems="4.376" contextid="387" timestamp="2019-06-17T03:21:00.920">
  <memory-copied type="eden" objects="19544" bytes="985464" bytesdiscarded="117096" />
  <memory-copied type="other" objects="12908" bytes="790992" bytesdiscarded="86800" />
  <memory-cardclean objects="43957" bytes="2484680" />
  <regions eden="26" other="3" />
  <remembered-set-cleared processed="31552" cleared="9709" durationms="0.211" />
  <finalization candidates="6" enqueued="0" />
  <ownableSynchronizers candidates="7" cleared="3" />
  <references type="soft" candidates="12" cleared="0" enqueued="0" dynamicThreshold="19" maxThreshold="32" />
  <references type="weak" candidates="779" cleared="0" enqueued="0" />
  <references type="phantom" candidates="54" cleared="0" enqueued="0" />
  <stringconstants candidates="5145" cleared="0"  />
</gc-op>
<gc-op id="391" type="classunload" timems="0.003" contextid="387" timestamp="2019-06-17T03:21:00.920">
  <classunload-info classloadercandidates="10" classloadersunloaded="0" classesunloaded="0" anonymousclassesunloaded="0" quiescems="0.000" setupms="0.003" scanms="0.000" postms="0.000" />
</gc-op>
<heap-resize id="392" type="expand" space="default" amount="2097152" count="1" timems="0.074" reason="excessive time being spent in gc" timestamp="2019-06-17T03:21:00.920" />
<gc-end id="393" type="partial gc" contextid="387" durationms="5.620" usertimems="8.000" systemtimems="0.000" timestamp="2019-06-17T03:21:00.920" activeThreads="4">
  <mem-info id="394" free="50331648" total="83886080" percent="60">
    <mem type="eden" free="985296" total="2097152" percent="46" />
    <remembered-set count="39616" freebytes="3190016" totalbytes="3348480" percent="95" regionsoverflowed="0" regionsstable="1" regionsrebuilding="0"/>
  </mem-info>
</gc-end>
<cycle-end id="395" type="partial gc" contextid="387" timestamp="2019-06-17T03:21:00.920" />
  <attribute name="elasticGC enabled" value="1" />
  <attribute name= "numThreadsSpecified" value="4" />
  <attribute name="heapSize specified" value="0" />
  <attribute name="Current GC Util" value="80" />
  <attribute name= "Current Time Running" value="14468" />
  <attribute name ="GC Interval" value="0" />
  <attribute name="ProportionalT" value="90.000000" />
  <attribute name="ProportionalI" value="90.000000" />
  <attribute name="ProportionalH" value="90.000000" />
  <attribute name="Current Error" value="60.000000" />
  <attribute name="IntegralT" value="60.000000" />
  <attribute name="IntegralI" value="60.000000" />
  <attribute name="IntegralH" value="60.000000" />
  <attribute name="DerivativeT" value="90.000000" />
  <attribute name="DerivativeI" value="90.000000" />
  <attribute name="DerivativeH" value="90.000000" />
  <attribute name="Loop Time for DT" value="1.000000" />
  <attribute name="Output H" value="8388608"/>
  <attribute name="Output I" value="240"/>
  <attribute name="Output T" value="4"/>
  <attribute name="Target GC Util Change" value ="20.000000" />
  <attribute name="Current GC Util Change" value="80.000000"/>
  <attribute name="GC Util currently" value="80" />
  <attribute name="CPU Util currently" value="20156234617610" />
<exclusive-end id="396" timestamp="2019-06-17T03:21:00.921" durationms="6.865" />

<exclusive-start id="397" timestamp="2019-06-17T03:21:01.028" intervalms="114.694">
  <response-info timems="0.065" idlems="0.065" threads="0" lastid="00000000013C5C00" lastname="PmdThread 1" />
</exclusive-start>
<allocation-taxation id="398" taxation-threshold="27262976" timestamp="2019-06-17T03:21:01.029" intervalms="114.681" />
<cycle-start id="399" type="partial gc" contextid="0" timestamp="2019-06-17T03:21:01.029" intervalms="114.716" />
<gc-start id="400" type="partial gc" contextid="399" timestamp="2019-06-17T03:21:01.029">
  <mem-info id="401" free="23068672" total="83886080" percent="27">
    <mem type="eden" free="0" total="27262976" percent="0" />
    <remembered-set count="39264" freebytes="3191424" totalbytes="3348480" percent="95" regionsoverflowed="0" regionsstable="1" regionsrebuilding="0"/>
  </mem-info>
</gc-start>
<allocation-stats totalBytes="27251328" >
  <allocated-bytes non-tlh="0" tlh="27251328" arrayletleaf="0"/>
  <largest-consumer threadName="PmdThread 1" threadId="00000000013C5C00" bytes="27251328" />
</allocation-stats>
<gc-op id="402" type="copy forward" timems="6.019" contextid="399" timestamp="2019-06-17T03:21:01.036">
  <memory-copied type="eden" objects="2529" bytes="183392" bytesdiscarded="0" />
  <memory-copied type="other" objects="27380" bytes="1219352" bytesdiscarded="0" />
  <memory-cardclean objects="34493" bytes="1879464" />
  <regions eden="26" other="3" />
  <remembered-set-cleared processed="35812" cleared="8283" durationms="0.383" />
  <references type="soft" candidates="109" cleared="0" enqueued="0" dynamicThreshold="19" maxThreshold="32" />
  <references type="weak" candidates="254" cleared="0" enqueued="0" />
  <references type="phantom" candidates="24" cleared="0" enqueued="0" />
  <stringconstants candidates="5145" cleared="0"  />
</gc-op>
<gc-op id="403" type="classunload" timems="0.003" contextid="399" timestamp="2019-06-17T03:21:01.036">
  <classunload-info classloadercandidates="10" classloadersunloaded="0" classesunloaded="0" anonymousclassesunloaded="0" quiescems="0.000" setupms="0.002" scanms="0.000" postms="0.000" />
</gc-op>
<gc-end id="404" type="partial gc" contextid="399" durationms="7.329" usertimems="4.000" systemtimems="0.000" timestamp="2019-06-17T03:21:01.037" activeThreads="1">
  <mem-info id="405" free="50331648" total="83886080" percent="60">
    <mem type="eden" free="865104" total="1048576" percent="82" />
    <remembered-set count="40416" freebytes="3186816" totalbytes="3348480" percent="95" regionsoverflowed="0" regionsstable="1" regionsrebuilding="0"/>
  </mem-info>
</gc-end>
<cycle-end id="406" type="partial gc" contextid="399" timestamp="2019-06-17T03:21:01.037" />
  <attribute name="elasticGC enabled" value="1" />
  <attribute name= "numThreadsSpecified" value="1" />
  <attribute name="heapSize specified" value="0" />
  <attribute name="Current GC Util" value="69" />
  <attribute name= "Current Time Running" value="14582" />
  <attribute name ="GC Interval" value="0" />
  <attribute name="ProportionalT" value="73.500000" />
  <attribute name="ProportionalI" value="73.500000" />
  <attribute name="ProportionalH" value="73.500000" />
  <attribute name="Current Error" value="49.000000" />
  <attribute name="IntegralT" value="0.000000" />
  <attribute name="IntegralI" value="0.000000" />
  <attribute name="IntegralH" value="0.000000" />
  <attribute name="DerivativeT" value="inf" />
  <attribute name="DerivativeI" value="inf" />
  <attribute name="DerivativeH" value="inf" />
  <attribute name="Loop Time for DT" value="0.000000" />
  <attribute name="Output H" value="8388608"/>
  <attribute name="Output I" value="200"/>
  <attribute name="Output T" value="1"/>
  <attribute name="Target GC Util Change" value ="20.000000" />
  <attribute name="Current GC Util Change" value="69.000000"/>
  <attribute name="GC Util currently" value="69" />
  <attribute name="CPU Util currently" value="14371413560059" />
<exclusive-end id="407" timestamp="2019-06-17T03:21:01.037" durationms="8.626" />

</verbosegc>

