<?xml version="1.0" ?>

<verbosegc xmlns="http://www.ibm.com/j9/verbosegc" version="10b4217_CMPRSS">

<initialized id="1" timestamp="2019-06-17T03:22:20.770">
  <attribute name="gcPolicy" value="-Xgcpolicy:balanced" />
  <attribute name="elasticGC enabled" value="1" />
  <attribute name= "numThreadsSpecified" value="0" />
  <attribute name="heapSize specified" value="0" />
  <attribute name="Current GC Util" value="0" />
  <attribute name= "Current Time Running" value="0" />
  <attribute name ="GC Interval" value="0" />
  <attribute name="ProportionalT" value="0.000000" />
  <attribute name="ProportionalI" value="0.000000" />
  <attribute name="ProportionalH" value="0.000000" />
  <attribute name="IntegralT" value="0.000000" />
  <attribute name="IntegralI" value="0.000000" />
  <attribute name="IntegralH" value="0.000000" />
  <attribute name="DerivativeT" value="0.000000" />
  <attribute name="DerivativeI" value="0.000000" />
  <attribute name="DerivativeH" value="0.000000" />
  <attribute name="Target GC Util Change" value ="0.000000" />
  <attribute name="Current GC Util Change" value="0.000000"/>
  <attribute name="Current Error" value="0.000000" />
  <attribute name="Loop Time for DT" value="0.000000" />
  <attribute name="Output H" value="0"/>
  <attribute name="Output I" value="0"/>
  <attribute name="Output T" value="0"/>
  <attribute name="GC Util currently" value="0" />
  <attribute name="CPU Util currently" value="0" />
  <attribute name="maxHeapSize" value="0x7cb00000" />
  <attribute name="initialHeapSize" value="0x800000" />
  <attribute name="compressedRefs" value="true" />
  <attribute name="compressedRefsDisplacement" value="0x0" />
  <attribute name="compressedRefsShift" value="0x0" />
  <attribute name="pageSize" value="0x1000" />
  <attribute name="pageType" value="not used" />
  <attribute name="requestedPageSize" value="0x1000" />
  <attribute name="requestedPageType" value="not used" />
  <attribute name="gcthreads" value="4" />
  <attribute name="packetListSplit" value="4" />
  <attribute name="cacheListSplit" value="4" />
  <attribute name="splitFreeListSplitAmount" value="1" />
  <attribute name="numaNodes" value="0" />
  <region>
    <attribute name="regionSize" value="1048576" />
    <attribute name="regionCount" value="1995" />
    <attribute name="arrayletLeafSize" value="1048576" />
  </region>
  <system>
    <attribute name="physicalMemory" value="8370958336" />
    <attribute name="numCPUs" value="4" />
    <attribute name="architecture" value="amd64" />
    <attribute name="os" value="Linux" />
    <attribute name="osVersion" value="4.4.0-150-generic" />
  </system>
  <vmargs>
    <vmarg name="-Xoptionsfile=/vagrant/jdk/lib/options.default" />
    <vmarg name="-Xlockword:mode=default,noLockword=java/lang/String,noLockword=java/util/MapEntry,noLockword=java/util/HashMap$Entry,noLockword..." />
    <vmarg name="-Xjcl:jclse29" />
    <vmarg name="-Dcom.ibm.oti.vm.bootstrap.library.path=/vagrant/jdk/lib/compressedrefs:/vagrant/jdk/lib" />
    <vmarg name="-Dsun.boot.library.path=/vagrant/jdk/lib/compressedrefs:/vagrant/jdk/lib" />
    <vmarg name="-Djava.library.path=/vagrant/jdk/lib/compressedrefs:/vagrant/jdk/lib:/usr/lib64:/usr/lib" />
    <vmarg name="-Djava.home=/vagrant/jdk" />
    <vmarg name="-Duser.dir=/vagrant" />
    <vmarg name="-Xgcpolicy:balanced" />
    <vmarg name="-Xgcelastic" />
    <vmarg name="-Xcheck:gc:::elasticGC" />
    <vmarg name="-verbose:gc" />
    <vmarg name="-Xloggc:jdk1.5-1-1.5-default-BAL-4CORE-elasticverbose7pmd.txt" />
    <vmarg name="-Djava.class.path=dacapo-9.12-MR1-bach.jar" />
    <vmarg name="-Dsun.java.command=dacapo-9.12-MR1-bach.jar pmd --size=default" />
    <vmarg name="-Dsun.java.launcher=SUN_STANDARD" />
    <vmarg name="-Dsun.java.launcher.pid=2724" />
  </vmargs>
</initialized>

<exclusive-start id="2" timestamp="2019-06-17T03:22:31.673" intervalms="10902.381">
  <response-info timems="0.023" idlems="0.023" threads="0" lastid="000000000261B700" lastname="main" />
</exclusive-start>
<allocation-taxation id="3" taxation-threshold="8388608" timestamp="2019-06-17T03:22:31.673" intervalms="10902.759" />
<cycle-start id="4" type="partial gc" contextid="0" timestamp="2019-06-17T03:22:31.674" intervalms="10903.332" />
<gc-start id="5" type="partial gc" contextid="4" timestamp="2019-06-17T03:22:31.674">
  <mem-info id="6" free="0" total="8388608" percent="0">
    <mem type="eden" free="32" total="8388608" percent="0" />
    <remembered-set count="0" freebytes="334848" totalbytes="334848" percent="100" regionsoverflowed="0" regionsstable="0" regionsrebuilding="0"/>
  </mem-info>
</gc-start>
<allocation-stats totalBytes="8343168" >
  <allocated-bytes non-tlh="460328" tlh="7882840" arrayletleaf="0"/>
  <largest-consumer threadName="main" threadId="000000000261B700" bytes="8245120" />
</allocation-stats>
<gc-op id="7" type="mark" timems="3.159" contextid="4" timestamp="2019-06-17T03:22:31.678">
  <trace-info objectcount="20668" scancount="16401" scanbytes="543096" />
  <remembered-set-cleared processed="0" cleared="0" durationms="0.256" />
  <finalization candidates="46" enqueued="1" />
  <ownableSynchronizers candidates="4" cleared="3" />
  <references type="soft" candidates="67" cleared="0" enqueued="0" dynamicThreshold="32" maxThreshold="32" />
  <references type="weak" candidates="915" cleared="529" enqueued="452" />
  <references type="phantom" candidates="126" cleared="44" enqueued="44" />
  <stringconstants candidates="2485" cleared="0"  />
  <warning details="Mark for calibration purposes" />
</gc-op>
<gc-op id="8" type="classunload" timems="0.074" contextid="4" timestamp="2019-06-17T03:22:31.678">
  <classunload-info classloadercandidates="6" classloadersunloaded="0" classesunloaded="0" anonymousclassesunloaded="0" quiescems="0.000" setupms="0.074" scanms="0.000" postms="0.000" />
</gc-op>
<gc-op id="9" type="sweep" timems="0.666" contextid="4" timestamp="2019-06-17T03:22:31.679" />
<gc-op id="10" type="compact" timems="3.688" contextid="4" timestamp="2019-06-17T03:22:31.683">
  <compact-info movecount="20668" movebytes="1335144" />
  <remembered-set-cleared processed="0" cleared="0" durationms="0.256" />
</gc-op>
<gc-end id="11" type="partial gc" contextid="4" durationms="10.009" usertimems="12.000" systemtimems="0.000" timestamp="2019-06-17T03:22:31.684" activeThreads="4">
  <mem-info id="12" free="6291456" total="8388608" percent="75">
    <mem type="eden" free="761888" total="2097152" percent="36" />
    <pending-finalizers system="1" default="0" reference="496" classloader="0" />
    <remembered-set count="2048" freebytes="326656" totalbytes="334848" percent="97" regionsoverflowed="0" regionsstable="0" regionsrebuilding="0"/>
  </mem-info>
</gc-end>
<cycle-end id="13" type="partial gc" contextid="4" timestamp="2019-06-17T03:22:31.684" />
  <attribute name="elasticGC enabled" value="1" />
  <attribute name= "numThreadsSpecified" value="4" />
  <attribute name="heapSize specified" value="0" />
  <attribute name="Current GC Util" value="44" />
  <attribute name= "Current Time Running" value="10793" />
  <attribute name ="GC Interval" value="0" />
  <attribute name="ProportionalT" value="36.000000" />
  <attribute name="ProportionalI" value="36.000000" />
  <attribute name="ProportionalH" value="36.000000" />
  <attribute name="Current Error" value="24.000000" />
  <attribute name="IntegralT" value="-215450.000000" />
  <attribute name="IntegralI" value="-215450.000000" />
  <attribute name="IntegralH" value="-215450.000000" />
  <attribute name="DerivativeT" value="-60.000000" />
  <attribute name="DerivativeI" value="-60.000000" />
  <attribute name="DerivativeH" value="-60.000000" />
  <attribute name="Loop Time for DT" value="1.000000" />
  <attribute name="Output H" value="2091843584"/>
  <attribute name="Output I" value="200"/>
  <attribute name="Output T" value="4"/>
  <attribute name="Target GC Util Change" value ="20.000000" />
  <attribute name="Current GC Util Change" value="44.000000"/>
  <attribute name="GC Util currently" value="44" />
  <attribute name="CPU Util currently" value="4509910859949" />
<exclusive-end id="14" timestamp="2019-06-17T03:22:31.684" durationms="11.648" />

<exclusive-start id="15" timestamp="2019-06-17T03:22:31.686" intervalms="12.916">
  <response-info timems="0.029" idlems="0.029" threads="0" lastid="000000000261B700" lastname="main" />
</exclusive-start>
<allocation-taxation id="16" taxation-threshold="6291456" timestamp="2019-06-17T03:22:31.686" intervalms="12.659" />
<cycle-start id="17" type="partial gc" contextid="0" timestamp="2019-06-17T03:22:31.686" intervalms="12.178" />
<gc-start id="18" type="partial gc" contextid="17" timestamp="2019-06-17T03:22:31.686">
  <mem-info id="19" free="0" total="8388608" percent="0">
    <mem type="eden" free="0" total="7340032" percent="0" />
    <pending-finalizers system="1" default="0" reference="496" classloader="0" />
    <remembered-set count="1568" freebytes="328576" totalbytes="334848" percent="98" regionsoverflowed="0" regionsstable="0" regionsrebuilding="0"/>
  </mem-info>
</gc-start>
<allocation-stats totalBytes="5740104" >
  <allocated-bytes non-tlh="0" tlh="5740104" arrayletleaf="0"/>
  <largest-consumer threadName="main" threadId="000000000261B700" bytes="5740104" />
</allocation-stats>
<gc-op id="20" type="mark" timems="1.508" contextid="17" timestamp="2019-06-17T03:22:31.688">
  <trace-info objectcount="20666" scancount="16400" scanbytes="543080" />
  <remembered-set-cleared processed="0" cleared="0" durationms="0.050" />
  <finalization candidates="45" enqueued="0" />
  <ownableSynchronizers candidates="1" cleared="0" />
  <references type="soft" candidates="67" cleared="0" enqueued="0" dynamicThreshold="24" maxThreshold="32" />
  <references type="weak" candidates="386" cleared="0" enqueued="0" />
  <references type="phantom" candidates="82" cleared="0" enqueued="0" />
  <stringconstants candidates="2485" cleared="0"  />
  <warning details="Mark invoked due to insufficient free space for Copy-Forward" />
</gc-op>
<gc-op id="21" type="classunload" timems="0.001" contextid="17" timestamp="2019-06-17T03:22:31.688">
  <classunload-info classloadercandidates="6" classloadersunloaded="0" classesunloaded="0" anonymousclassesunloaded="0" quiescems="0.000" setupms="0.001" scanms="0.000" postms="0.000" />
</gc-op>
<gc-op id="22" type="sweep" timems="0.349" contextid="17" timestamp="2019-06-17T03:22:31.688" />
<gc-op id="23" type="compact" timems="3.602" contextid="17" timestamp="2019-06-17T03:22:31.692">
  <compact-info movecount="17137" movebytes="1056600" />
  <remembered-set-cleared processed="0" cleared="0" durationms="0.050" />
</gc-op>
<gc-end id="24" type="partial gc" contextid="17" durationms="6.749" usertimems="4.000" systemtimems="4.000" timestamp="2019-06-17T03:22:31.693" activeThreads="4">
  <mem-info id="25" free="5242880" total="8388608" percent="62">
    <mem type="eden" free="1801824" total="2097152" percent="85" />
    <pending-finalizers system="1" default="0" reference="496" classloader="0" />
    <remembered-set count="2048" freebytes="326656" totalbytes="334848" percent="97" regionsoverflowed="0" regionsstable="0" regionsrebuilding="0"/>
  </mem-info>
</gc-end>
<cycle-end id="26" type="partial gc" contextid="17" timestamp="2019-06-17T03:22:31.693" />
  <attribute name="elasticGC enabled" value="1" />
  <attribute name= "numThreadsSpecified" value="4" />
  <attribute name="heapSize specified" value="0" />
  <attribute name="Current GC Util" value="20" />
  <attribute name= "Current Time Running" value="10802" />
  <attribute name ="GC Interval" value="0" />
  <attribute name="ProportionalT" value="0.000000" />
  <attribute name="ProportionalI" value="0.000000" />
  <attribute name="ProportionalH" value="0.000000" />
  <attribute name="Current Error" value="0.000000" />
  <attribute name="IntegralT" value="0.000000" />
  <attribute name="IntegralI" value="0.000000" />
  <attribute name="IntegralH" value="0.000000" />
  <attribute name="DerivativeT" value="-inf" />
  <attribute name="DerivativeI" value="-inf" />
  <attribute name="DerivativeH" value="-inf" />
  <attribute name="Loop Time for DT" value="0.000000" />
  <attribute name="Output H" value="2091843584"/>
  <attribute name="Output I" value="200"/>
  <attribute name="Output T" value="4"/>
  <attribute name="Target GC Util Change" value ="20.000000" />
  <attribute name="Current GC Util Change" value="20.000000"/>
  <attribute name="GC Util currently" value="20" />
  <attribute name="CPU Util currently" value="7080609628059" />
<exclusive-end id="27" timestamp="2019-06-17T03:22:31.693" durationms="7.538" />

<exclusive-start id="28" timestamp="2019-06-17T03:22:31.694" intervalms="8.046">
  <response-info timems="0.025" idlems="0.025" threads="0" lastid="000000000261B700" lastname="main" />
</exclusive-start>
<allocation-taxation id="29" taxation-threshold="2097152" timestamp="2019-06-17T03:22:31.694" intervalms="8.033" />
<cycle-start id="30" type="global mark phase" contextid="0" timestamp="2019-06-17T03:22:31.694" intervalms="10923.733" />
<gc-start id="31" type="global mark phase" contextid="30" timestamp="2019-06-17T03:22:31.694">
  <mem-info id="32" free="3145728" total="8388608" percent="37">
    <pending-finalizers system="1" default="0" reference="496" classloader="0" />
    <remembered-set count="2048" freebytes="326656" totalbytes="334848" percent="97" regionsoverflowed="0" regionsstable="0" regionsrebuilding="0"/>
  </mem-info>
</gc-start>
<gc-op id="33" type="mark increment" timems="0.671" contextid="30" timestamp="2019-06-17T03:22:31.695">
  <trace-info objectcount="580" scancount="0" scanbytes="0" />
</gc-op>
<gc-end id="34" type="global mark phase" contextid="30" durationms="0.810" usertimems="0.000" systemtimems="0.000" timestamp="2019-06-17T03:22:31.695" activeThreads="4">
  <mem-info id="35" free="3145728" total="8388608" percent="37">
    <pending-finalizers system="1" default="0" reference="496" classloader="0" />
    <remembered-set count="2048" freebytes="326656" totalbytes="334848" percent="97" regionsoverflowed="0" regionsstable="0" regionsrebuilding="0"/>
  </mem-info>
</gc-end>
<concurrent-start id="36" type="GMP work packet processing" contextid="30" timestamp="2019-06-17T03:22:31.695">
  <concurrent-mark-start scanTarget="18446744073709551615" />
</concurrent-start>
<exclusive-end id="37" timestamp="2019-06-17T03:22:31.695" durationms="1.448" />

<concurrent-end id="38" type="GMP work packet processing" contextid="30" timestamp="2019-06-17T03:22:31.696">
  <concurrent-mark-end bytesScanned="543080" reasonForTermination="Completed all work in GC phase" />
</concurrent-end>

<exclusive-start id="39" timestamp="2019-06-17T03:22:31.696" intervalms="2.612">
  <response-info timems="0.024" idlems="0.024" threads="0" lastid="000000000261B700" lastname="main" />
</exclusive-start>
<allocation-taxation id="40" taxation-threshold="2097152" timestamp="2019-06-17T03:22:31.696" intervalms="2.574" />
<cycle-start id="41" type="partial gc" contextid="0" timestamp="2019-06-17T03:22:31.696" intervalms="10.618" />
<gc-start id="42" type="partial gc" contextid="41" timestamp="2019-06-17T03:22:31.696">
  <mem-info id="43" free="1048576" total="8388608" percent="12">
    <mem type="eden" free="1033696" total="5242880" percent="19" />
    <pending-finalizers system="1" default="0" reference="496" classloader="0" />
    <remembered-set count="2048" freebytes="326656" totalbytes="334848" percent="97" regionsoverflowed="0" regionsstable="0" regionsrebuilding="0"/>
  </mem-info>
</gc-start>
<allocation-stats totalBytes="3690024" >
  <allocated-bytes non-tlh="0" tlh="3690024" arrayletleaf="0"/>
  <largest-consumer threadName="main" threadId="000000000261B700" bytes="1863728" />
</allocation-stats>
<gc-op id="44" type="copy forward" timems="2.606" contextid="41" timestamp="2019-06-17T03:22:31.700">
  <memory-copied type="eden" objects="4" bytes="18232" bytesdiscarded="0" />
  <memory-copied type="other" objects="0" bytes="0" bytesdiscarded="0" />
  <memory-cardclean objects="0" bytes="0" />
  <regions eden="4" other="1" />
  <remembered-set-cleared processed="914" cleared="0" durationms="0.194" />
  <stringconstants candidates="2485" cleared="0"  />
</gc-op>
<gc-op id="45" type="classunload" timems="0.001" contextid="41" timestamp="2019-06-17T03:22:31.700">
  <classunload-info classloadercandidates="6" classloadersunloaded="0" classesunloaded="0" anonymousclassesunloaded="0" quiescems="0.000" setupms="0.001" scanms="0.000" postms="0.000" />
</gc-op>
<gc-end id="46" type="partial gc" contextid="41" durationms="3.606" usertimems="4.000" systemtimems="0.000" timestamp="2019-06-17T03:22:31.700" activeThreads="4">
  <mem-info id="47" free="5242880" total="8388608" percent="62">
    <mem type="eden" free="1030344" total="1048576" percent="98" />
    <pending-finalizers system="1" default="0" reference="496" classloader="0" />
    <remembered-set count="992" freebytes="330880" totalbytes="334848" percent="98" regionsoverflowed="0" regionsstable="0" regionsrebuilding="0"/>
  </mem-info>
</gc-end>
<cycle-end id="48" type="partial gc" contextid="41" timestamp="2019-06-17T03:22:31.700" />
  <attribute name="elasticGC enabled" value="1" />
  <attribute name= "numThreadsSpecified" value="4" />
  <attribute name="heapSize specified" value="0" />
  <attribute name="Current GC Util" value="61" />
  <attribute name= "Current Time Running" value="10811" />
  <attribute name ="GC Interval" value="0" />
  <attribute name="ProportionalT" value="61.500000" />
  <attribute name="ProportionalI" value="61.500000" />
  <attribute name="ProportionalH" value="61.500000" />
  <attribute name="Current Error" value="41.000000" />
  <attribute name="IntegralT" value="41.000000" />
  <attribute name="IntegralI" value="41.000000" />
  <attribute name="IntegralH" value="41.000000" />
  <attribute name="DerivativeT" value="24.000000" />
  <attribute name="DerivativeI" value="24.000000" />
  <attribute name="DerivativeH" value="24.000000" />
  <attribute name="Loop Time for DT" value="1.000000" />
  <attribute name="Output H" value="8388608"/>
  <attribute name="Output I" value="200"/>
  <attribute name="Output T" value="4"/>
  <attribute name="Target GC Util Change" value ="20.000000" />
  <attribute name="Current GC Util Change" value="61.000000"/>
  <attribute name="GC Util currently" value="61" />
  <attribute name="CPU Util currently" value="9652220178241" />
<exclusive-end id="49" timestamp="2019-06-17T03:22:31.700" durationms="4.150" />

<exclusive-start id="50" timestamp="2019-06-17T03:22:31.701" intervalms="4.568">
  <response-info timems="0.023" idlems="0.023" threads="0" lastid="000000000261B700" lastname="main" />
</exclusive-start>
<allocation-taxation id="51" taxation-threshold="2097152" timestamp="2019-06-17T03:22:31.701" intervalms="4.567" />
<gc-start id="52" type="global mark phase" contextid="30" timestamp="2019-06-17T03:22:31.701">
  <mem-info id="53" free="3145728" total="8388608" percent="37">
    <pending-finalizers system="1" default="0" reference="496" classloader="0" />
    <remembered-set count="992" freebytes="330880" totalbytes="334848" percent="98" regionsoverflowed="0" regionsstable="0" regionsrebuilding="0"/>
  </mem-info>
</gc-start>
<gc-op id="54" type="mark increment" timems="1.389" contextid="30" timestamp="2019-06-17T03:22:31.702">
  <trace-info objectcount="2" scancount="1" scanbytes="24" />
  <finalization candidates="45" enqueued="0" />
  <ownableSynchronizers candidates="1" cleared="0" />
  <references type="soft" candidates="67" cleared="0" enqueued="0" dynamicThreshold="20" maxThreshold="32" />
  <references type="weak" candidates="386" cleared="0" enqueued="0" />
  <references type="phantom" candidates="82" cleared="0" enqueued="0" />
  <stringconstants candidates="2485" cleared="0"  />
</gc-op>
<gc-op id="55" type="classunload" timems="0.001" contextid="30" timestamp="2019-06-17T03:22:31.702">
  <classunload-info classloadercandidates="6" classloadersunloaded="0" classesunloaded="0" anonymousclassesunloaded="0" quiescems="0.000" setupms="0.001" scanms="0.000" postms="0.000" />
</gc-op>
<gc-end id="56" type="global mark phase" contextid="30" durationms="1.703" usertimems="0.000" systemtimems="0.000" timestamp="2019-06-17T03:22:31.703" activeThreads="4">
  <mem-info id="57" free="3145728" total="8388608" percent="37">
    <pending-finalizers system="1" default="0" reference="496" classloader="0" />
    <remembered-set count="992" freebytes="330880" totalbytes="334848" percent="98" regionsoverflowed="0" regionsstable="0" regionsrebuilding="0"/>
  </mem-info>
</gc-end>
<cycle-end id="58" type="global mark phase" contextid="30" timestamp="2019-06-17T03:22:31.703" />
  <attribute name="elasticGC enabled" value="1" />
  <attribute name= "numThreadsSpecified" value="4" />
  <attribute name="heapSize specified" value="0" />
  <attribute name="Current GC Util" value="0" />
  <attribute name= "Current Time Running" value="10815" />
  <attribute name ="GC Interval" value="0" />
  <attribute name="ProportionalT" value="-30.000000" />
  <attribute name="ProportionalI" value="-30.000000" />
  <attribute name="ProportionalH" value="-30.000000" />
  <attribute name="Current Error" value="-20.000000" />
  <attribute name="IntegralT" value="0.000000" />
  <attribute name="IntegralI" value="0.000000" />
  <attribute name="IntegralH" value="0.000000" />
  <attribute name="DerivativeT" value="-inf" />
  <attribute name="DerivativeI" value="-inf" />
  <attribute name="DerivativeH" value="-inf" />
  <attribute name="Loop Time for DT" value="0.000000" />
  <attribute name="Output H" value="2091843584"/>
  <attribute name="Output I" value="200"/>
  <attribute name="Output T" value="4"/>
  <attribute name="Target GC Util Change" value ="20.000000" />
  <attribute name="Current GC Util Change" value="0.000000"/>
  <attribute name="GC Util currently" value="0" />
  <attribute name="CPU Util currently" value="20302113631538" />
<exclusive-end id="59" timestamp="2019-06-17T03:22:31.703" durationms="2.114" />

<exclusive-start id="60" timestamp="2019-06-17T03:22:31.703" intervalms="2.557">
  <response-info timems="0.023" idlems="0.023" threads="0" lastid="000000000261B700" lastname="main" />
</exclusive-start>
<allocation-taxation id="61" taxation-threshold="2097152" timestamp="2019-06-17T03:22:31.703" intervalms="2.586" />
<cycle-start id="62" type="partial gc" contextid="0" timestamp="2019-06-17T03:22:31.704" intervalms="7.156" />
<gc-start id="63" type="partial gc" contextid="62" timestamp="2019-06-17T03:22:31.704">
  <mem-info id="64" free="1048576" total="8388608" percent="12">
    <mem type="eden" free="1030344" total="5242880" percent="19" />
    <pending-finalizers system="1" default="0" reference="496" classloader="0" />
    <remembered-set count="992" freebytes="330880" totalbytes="334848" percent="98" regionsoverflowed="0" regionsstable="0" regionsrebuilding="0"/>
  </mem-info>
</gc-start>
<allocation-stats totalBytes="3739336" >
  <allocated-bytes non-tlh="0" tlh="3739336" arrayletleaf="0"/>
  <largest-consumer threadName="main" threadId="000000000261B700" bytes="1947272" />
</allocation-stats>
<gc-op id="65" type="sweep" timems="0.840" contextid="62" timestamp="2019-06-17T03:22:31.705" />
<gc-op id="66" type="copy forward" timems="0.652" contextid="62" timestamp="2019-06-17T03:22:31.706">
  <memory-copied type="eden" objects="2" bytes="41880" bytesdiscarded="0" />
  <memory-copied type="other" objects="0" bytes="0" bytesdiscarded="0" />
  <memory-cardclean objects="0" bytes="0" />
  <regions eden="2" other="1" />
  <remembered-set-cleared processed="914" cleared="0" durationms="0.056" />
  <stringconstants candidates="2485" cleared="0"  />
</gc-op>
<gc-op id="67" type="classunload" timems="0.001" contextid="62" timestamp="2019-06-17T03:22:31.706">
  <classunload-info classloadercandidates="6" classloadersunloaded="0" classesunloaded="0" anonymousclassesunloaded="0" quiescems="0.000" setupms="0.001" scanms="0.000" postms="0.000" />
</gc-op>
<gc-end id="68" type="partial gc" contextid="62" durationms="2.756" usertimems="4.000" systemtimems="0.000" timestamp="2019-06-17T03:22:31.706" activeThreads="1">
  <mem-info id="69" free="5242880" total="8388608" percent="62">
    <mem type="eden" free="1006696" total="1048576" percent="96" />
    <pending-finalizers system="1" default="0" reference="496" classloader="0" />
    <remembered-set count="992" freebytes="330880" totalbytes="334848" percent="98" regionsoverflowed="0" regionsstable="0" regionsrebuilding="0"/>
  </mem-info>
</gc-end>
<cycle-end id="70" type="partial gc" contextid="62" timestamp="2019-06-17T03:22:31.707" />
  <attribute name="elasticGC enabled" value="1" />
  <attribute name= "numThreadsSpecified" value="1" />
  <attribute name="heapSize specified" value="0" />
  <attribute name="Current GC Util" value="119" />
  <attribute name= "Current Time Running" value="10819" />
  <attribute name ="GC Interval" value="0" />
  <attribute name="ProportionalT" value="148.500000" />
  <attribute name="ProportionalI" value="148.500000" />
  <attribute name="ProportionalH" value="148.500000" />
  <attribute name="Current Error" value="99.000000" />
  <attribute name="IntegralT" value="0.000000" />
  <attribute name="IntegralI" value="0.000000" />
  <attribute name="IntegralH" value="0.000000" />
  <attribute name="DerivativeT" value="inf" />
  <attribute name="DerivativeI" value="inf" />
  <attribute name="DerivativeH" value="inf" />
  <attribute name="Loop Time for DT" value="0.000000" />
  <attribute name="Output H" value="8388608"/>
  <attribute name="Output I" value="200"/>
  <attribute name="Output T" value="1"/>
  <attribute name="Target GC Util Change" value ="20.000000" />
  <attribute name="Current GC Util Change" value="119.000000"/>
  <attribute name="GC Util currently" value="119" />
  <attribute name="CPU Util currently" value="13431912627379" />
<exclusive-end id="71" timestamp="2019-06-17T03:22:31.707" durationms="3.514" />

<exclusive-start id="72" timestamp="2019-06-17T03:22:31.707" intervalms="4.016">
  <response-info timems="0.041" idlems="0.041" threads="0" lastid="000000000261B700" lastname="main" />
</exclusive-start>
<allocation-taxation id="73" taxation-threshold="2097152" timestamp="2019-06-17T03:22:31.707" intervalms="4.056" />
<cycle-start id="74" type="global mark phase" contextid="0" timestamp="2019-06-17T03:22:31.708" intervalms="13.627" />
<gc-start id="75" type="global mark phase" contextid="74" timestamp="2019-06-17T03:22:31.708">
  <mem-info id="76" free="3145728" total="8388608" percent="37">
    <pending-finalizers system="1" default="0" reference="496" classloader="0" />
    <remembered-set count="992" freebytes="330880" totalbytes="334848" percent="98" regionsoverflowed="0" regionsstable="0" regionsrebuilding="0"/>
  </mem-info>
</gc-start>
<gc-op id="77" type="mark increment" timems="0.672" contextid="74" timestamp="2019-06-17T03:22:31.708">
  <trace-info objectcount="580" scancount="0" scanbytes="0" />
</gc-op>
<gc-end id="78" type="global mark phase" contextid="74" durationms="0.851" usertimems="0.000" systemtimems="0.000" timestamp="2019-06-17T03:22:31.709" activeThreads="4">
  <mem-info id="79" free="3145728" total="8388608" percent="37">
    <pending-finalizers system="1" default="0" reference="496" classloader="0" />
    <remembered-set count="992" freebytes="330880" totalbytes="334848" percent="98" regionsoverflowed="0" regionsstable="0" regionsrebuilding="0"/>
  </mem-info>
</gc-end>
<concurrent-start id="80" type="GMP work packet processing" contextid="74" timestamp="2019-06-17T03:22:31.709">
  <concurrent-mark-start scanTarget="18446744073709551615" />
</concurrent-start>
<exclusive-end id="81" timestamp="2019-06-17T03:22:31.709" durationms="1.441" />

<concurrent-end id="82" type="GMP work packet processing" contextid="74" timestamp="2019-06-17T03:22:31.710">
  <concurrent-mark-end bytesScanned="543080" reasonForTermination="Completed all work in GC phase" />
</concurrent-end>

<exclusive-start id="83" timestamp="2019-06-17T03:22:31.710" intervalms="2.839">
  <response-info timems="0.025" idlems="0.025" threads="0" lastid="000000000261B700" lastname="main" />
</exclusive-start>
<allocation-taxation id="84" taxation-threshold="2097152" timestamp="2019-06-17T03:22:31.710" intervalms="2.811" />
<cycle-start id="85" type="partial gc" contextid="0" timestamp="2019-06-17T03:22:31.710" intervalms="6.874" />
<gc-start id="86" type="partial gc" contextid="85" timestamp="2019-06-17T03:22:31.711">
  <mem-info id="87" free="1048576" total="8388608" percent="12">
    <mem type="eden" free="1006696" total="5242880" percent="19" />
    <pending-finalizers system="1" default="0" reference="496" classloader="0" />
    <remembered-set count="992" freebytes="330880" totalbytes="334848" percent="98" regionsoverflowed="0" regionsstable="0" regionsrebuilding="0"/>
  </mem-info>
</gc-start>
<allocation-stats totalBytes="3207104" >
  <allocated-bytes non-tlh="83944" tlh="3123160" arrayletleaf="0"/>
  <largest-consumer threadName="main" threadId="000000000261B700" bytes="1442624" />
</allocation-stats>
<gc-op id="88" type="copy forward" timems="2.681" contextid="85" timestamp="2019-06-17T03:22:31.714">
  <memory-copied type="eden" objects="2" bytes="22992" bytesdiscarded="0" />
  <memory-copied type="other" objects="0" bytes="0" bytesdiscarded="0" />
  <memory-cardclean objects="0" bytes="0" />
  <regions eden="4" other="1" />
  <remembered-set-cleared processed="914" cleared="0" durationms="0.052" />
  <stringconstants candidates="2485" cleared="0"  />
</gc-op>
<gc-op id="89" type="classunload" timems="0.001" contextid="85" timestamp="2019-06-17T03:22:31.714">
  <classunload-info classloadercandidates="6" classloadersunloaded="0" classesunloaded="0" anonymousclassesunloaded="0" quiescems="0.000" setupms="0.001" scanms="0.000" postms="0.000" />
</gc-op>
<gc-op id="90" type="compact" timems="0.966" contextid="85" timestamp="2019-06-17T03:22:31.715">
  <compact-info movecount="0" movebytes="0" />
  <remembered-set-cleared processed="1828" cleared="0" durationms="0.054" />
</gc-op>
<gc-end id="91" type="partial gc" contextid="85" durationms="4.853" usertimems="4.000" systemtimems="4.000" timestamp="2019-06-17T03:22:31.715" activeThreads="4">
  <mem-info id="92" free="5242880" total="8388608" percent="62">
    <mem type="eden" free="1025584" total="1048576" percent="97" />
    <pending-finalizers system="1" default="0" reference="496" classloader="0" />
    <remembered-set count="992" freebytes="330880" totalbytes="334848" percent="98" regionsoverflowed="0" regionsstable="0" regionsrebuilding="0"/>
  </mem-info>
</gc-end>
<cycle-end id="93" type="partial gc" contextid="85" timestamp="2019-06-17T03:22:31.716" />
  <attribute name="elasticGC enabled" value="1" />
  <attribute name= "numThreadsSpecified" value="4" />
  <attribute name="heapSize specified" value="0" />
  <attribute name="Current GC Util" value="132" />
  <attribute name= "Current Time Running" value="10828" />
  <attribute name ="GC Interval" value="0" />
  <attribute name="ProportionalT" value="168.000000" />
  <attribute name="ProportionalI" value="168.000000" />
  <attribute name="ProportionalH" value="168.000000" />
  <attribute name="Current Error" value="112.000000" />
  <attribute name="IntegralT" value="336.000000" />
  <attribute name="IntegralI" value="336.000000" />
  <attribute name="IntegralH" value="336.000000" />
  <attribute name="DerivativeT" value="6.500000" />
  <attribute name="DerivativeI" value="6.500000" />
  <attribute name="DerivativeH" value="6.500000" />
  <attribute name="Loop Time for DT" value="3.000000" />
  <attribute name="Output H" value="8388608"/>
  <attribute name="Output I" value="512"/>
  <attribute name="Output T" value="4"/>
  <attribute name="Target GC Util Change" value ="20.000000" />
  <attribute name="Current GC Util Change" value="132.000000"/>
  <attribute name="GC Util currently" value="132" />
  <attribute name="CPU Util currently" value="1551594367527" />
<exclusive-end id="94" timestamp="2019-06-17T03:22:31.716" durationms="5.506" />

<exclusive-start id="95" timestamp="2019-06-17T03:22:31.716" intervalms="5.952">
  <response-info timems="0.025" idlems="0.025" threads="0" lastid="000000000261B700" lastname="main" />
</exclusive-start>
<allocation-taxation id="96" taxation-threshold="2097152" timestamp="2019-06-17T03:22:31.716" intervalms="5.947" />
<gc-start id="97" type="global mark phase" contextid="74" timestamp="2019-06-17T03:22:31.716">
  <mem-info id="98" free="3145728" total="8388608" percent="37">
    <pending-finalizers system="1" default="0" reference="496" classloader="0" />
    <remembered-set count="992" freebytes="330880" totalbytes="334848" percent="98" regionsoverflowed="0" regionsstable="0" regionsrebuilding="0"/>
  </mem-info>
</gc-start>
<gc-op id="99" type="mark increment" timems="1.301" contextid="74" timestamp="2019-06-17T03:22:31.718">
  <trace-info objectcount="2" scancount="1" scanbytes="24" />
  <finalization candidates="45" enqueued="0" />
  <ownableSynchronizers candidates="1" cleared="0" />
  <references type="soft" candidates="67" cleared="0" enqueued="0" dynamicThreshold="20" maxThreshold="32" />
  <references type="weak" candidates="386" cleared="0" enqueued="0" />
  <references type="phantom" candidates="82" cleared="0" enqueued="0" />
  <stringconstants candidates="2485" cleared="0"  />
</gc-op>
<gc-op id="100" type="classunload" timems="0.001" contextid="74" timestamp="2019-06-17T03:22:31.718">
  <classunload-info classloadercandidates="6" classloadersunloaded="0" classesunloaded="0" anonymousclassesunloaded="0" quiescems="0.000" setupms="0.000" scanms="0.000" postms="0.000" />
</gc-op>
<gc-end id="101" type="global mark phase" contextid="74" durationms="1.634" usertimems="4.000" systemtimems="0.000" timestamp="2019-06-17T03:22:31.718" activeThreads="4">
  <mem-info id="102" free="3145728" total="8388608" percent="37">
    <pending-finalizers system="1" default="0" reference="496" classloader="0" />
    <remembered-set count="992" freebytes="330880" totalbytes="334848" percent="98" regionsoverflowed="0" regionsstable="0" regionsrebuilding="0"/>
  </mem-info>
</gc-end>
<cycle-end id="103" type="global mark phase" contextid="74" timestamp="2019-06-17T03:22:31.718" />
  <attribute name="elasticGC enabled" value="1" />
  <attribute name= "numThreadsSpecified" value="4" />
  <attribute name="heapSize specified" value="0" />
  <attribute name="Current GC Util" value="136" />
  <attribute name= "Current Time Running" value="10831" />
  <attribute name ="GC Interval" value="0" />
  <attribute name="ProportionalT" value="174.000000" />
  <attribute name="ProportionalI" value="174.000000" />
  <attribute name="ProportionalH" value="174.000000" />
  <attribute name="Current Error" value="116.000000" />
  <attribute name="IntegralT" value="116.000000" />
  <attribute name="IntegralI" value="116.000000" />
  <attribute name="IntegralH" value="116.000000" />
  <attribute name="DerivativeT" value="10.500000" />
  <attribute name="DerivativeI" value="10.500000" />
  <attribute name="DerivativeH" value="10.500000" />
  <attribute name="Loop Time for DT" value="1.000000" />
  <attribute name="Output H" value="8388608"/>
  <attribute name="Output I" value="304"/>
  <attribute name="Output T" value="4"/>
  <attribute name="Target GC Util Change" value ="20.000000" />
  <attribute name="Current GC Util Change" value="136.000000"/>
  <attribute name="GC Util currently" value="136" />
  <attribute name="CPU Util currently" value="17418232289133" />
<exclusive-end id="104" timestamp="2019-06-17T03:22:31.718" durationms="2.058" />

<exclusive-start id="105" timestamp="2019-06-17T03:22:31.719" intervalms="2.405">
  <response-info timems="0.023" idlems="0.023" threads="0" lastid="000000000261B700" lastname="main" />
</exclusive-start>
<allocation-taxation id="106" taxation-threshold="2097152" timestamp="2019-06-17T03:22:31.719" intervalms="2.366" />
<cycle-start id="107" type="partial gc" contextid="0" timestamp="2019-06-17T03:22:31.719" intervalms="8.280" />
<gc-start id="108" type="partial gc" contextid="107" timestamp="2019-06-17T03:22:31.719">
  <mem-info id="109" free="1048576" total="8388608" percent="12">
    <mem type="eden" free="1025584" total="5242880" percent="19" />
    <pending-finalizers system="1" default="0" reference="496" classloader="0" />
    <remembered-set count="992" freebytes="330880" totalbytes="334848" percent="98" regionsoverflowed="0" regionsstable="0" regionsrebuilding="0"/>
  </mem-info>
</gc-start>
<allocation-stats totalBytes="3360144" >
  <allocated-bytes non-tlh="323544" tlh="3036600" arrayletleaf="0"/>
  <largest-consumer threadName="main" threadId="000000000261B700" bytes="1572176" />
</allocation-stats>
<gc-op id="110" type="sweep" timems="0.809" contextid="107" timestamp="2019-06-17T03:22:31.720" />
<gc-op id="111" type="copy forward" timems="0.582" contextid="107" timestamp="2019-06-17T03:22:31.721">
  <memory-copied type="eden" objects="2" bytes="25104" bytesdiscarded="0" />
  <memory-copied type="other" objects="0" bytes="0" bytesdiscarded="0" />
  <memory-cardclean objects="0" bytes="0" />
  <regions eden="2" other="1" />
  <remembered-set-cleared processed="917" cleared="0" durationms="0.048" />
  <stringconstants candidates="2485" cleared="0"  />
</gc-op>
<gc-op id="112" type="classunload" timems="0.001" contextid="107" timestamp="2019-06-17T03:22:31.721">
  <classunload-info classloadercandidates="6" classloadersunloaded="0" classesunloaded="0" anonymousclassesunloaded="0" quiescems="0.000" setupms="0.001" scanms="0.000" postms="0.000" />
</gc-op>
<gc-op id="113" type="compact" timems="1.249" contextid="107" timestamp="2019-06-17T03:22:31.722">
  <compact-info movecount="0" movebytes="0" />
  <remembered-set-cleared processed="1834" cleared="0" durationms="0.048" />
</gc-op>
<gc-end id="114" type="partial gc" contextid="107" durationms="3.977" usertimems="4.000" systemtimems="0.000" timestamp="2019-06-17T03:22:31.723" activeThreads="4">
  <mem-info id="115" free="5242880" total="8388608" percent="62">
    <mem type="eden" free="1023472" total="1048576" percent="97" />
    <pending-finalizers system="1" default="0" reference="496" classloader="0" />
    <remembered-set count="992" freebytes="330880" totalbytes="334848" percent="98" regionsoverflowed="0" regionsstable="0" regionsrebuilding="0"/>
  </mem-info>
</gc-end>
<cycle-end id="116" type="partial gc" contextid="107" timestamp="2019-06-17T03:22:31.723" />
  <attribute name="elasticGC enabled" value="1" />
  <attribute name= "numThreadsSpecified" value="4" />
  <attribute name="heapSize specified" value="0" />
  <attribute name="Current GC Util" value="0" />
  <attribute name= "Current Time Running" value="10835" />
  <attribute name ="GC Interval" value="0" />
  <attribute name="ProportionalT" value="-30.000000" />
  <attribute name="ProportionalI" value="-30.000000" />
  <attribute name="ProportionalH" value="-30.000000" />
  <attribute name="Current Error" value="-20.000000" />
  <attribute name="IntegralT" value="-20.000000" />
  <attribute name="IntegralI" value="-20.000000" />
  <attribute name="IntegralH" value="-20.000000" />
  <attribute name="DerivativeT" value="-184.500000" />
  <attribute name="DerivativeI" value="-184.500000" />
  <attribute name="DerivativeH" value="-184.500000" />
  <attribute name="Loop Time for DT" value="1.000000" />
  <attribute name="Output H" value="2091843584"/>
  <attribute name="Output I" value="200"/>
  <attribute name="Output T" value="4"/>
  <attribute name="Target GC Util Change" value ="20.000000" />
  <attribute name="Current GC Util Change" value="0.000000"/>
  <attribute name="GC Util currently" value="0" />
  <attribute name="CPU Util currently" value="5122666919850" />
<exclusive-end id="117" timestamp="2019-06-17T03:22:31.723" durationms="4.518" />

<exclusive-start id="118" timestamp="2019-06-17T03:22:31.723" intervalms="4.939">
  <response-info timems="0.022" idlems="0.022" threads="0" lastid="000000000261B700" lastname="main" />
</exclusive-start>
<allocation-taxation id="119" taxation-threshold="2097152" timestamp="2019-06-17T03:22:31.724" intervalms="4.973" />
<cycle-start id="120" type="global mark phase" contextid="0" timestamp="2019-06-17T03:22:31.724" intervalms="16.083" />
<gc-start id="121" type="global mark phase" contextid="120" timestamp="2019-06-17T03:22:31.724">
  <mem-info id="122" free="3145728" total="8388608" percent="37">
    <pending-finalizers system="1" default="0" reference="496" classloader="0" />
    <remembered-set count="992" freebytes="330880" totalbytes="334848" percent="98" regionsoverflowed="0" regionsstable="0" regionsrebuilding="0"/>
  </mem-info>
</gc-start>
<gc-op id="123" type="mark increment" timems="0.669" contextid="120" timestamp="2019-06-17T03:22:31.725">
  <trace-info objectcount="580" scancount="0" scanbytes="0" />
</gc-op>
<gc-end id="124" type="global mark phase" contextid="120" durationms="0.839" usertimems="0.000" systemtimems="4.000" timestamp="2019-06-17T03:22:31.725" activeThreads="4">
  <mem-info id="125" free="3145728" total="8388608" percent="37">
    <pending-finalizers system="1" default="0" reference="496" classloader="0" />
    <remembered-set count="992" freebytes="330880" totalbytes="334848" percent="98" regionsoverflowed="0" regionsstable="0" regionsrebuilding="0"/>
  </mem-info>
</gc-end>
<concurrent-start id="126" type="GMP work packet processing" contextid="120" timestamp="2019-06-17T03:22:31.725">
  <concurrent-mark-start scanTarget="18446744073709551615" />
</concurrent-start>
<exclusive-end id="127" timestamp="2019-06-17T03:22:31.725" durationms="1.338" />

<exclusive-start id="128" timestamp="2019-06-17T03:22:31.725" intervalms="1.898">
  <response-info timems="0.046" idlems="0.046" threads="0" lastid="000000000261B700" lastname="main" />
</exclusive-start>
<sys-start reason="explicit" id="129" timestamp="2019-06-17T03:22:31.725" intervalms="10955.231" />
<concurrent-end id="130" type="GMP work packet processing" contextid="120" timestamp="2019-06-17T03:22:31.726">
  <concurrent-mark-end bytesScanned="150916" reasonForTermination="Termination requested" />
</concurrent-end>

<cycle-continue id="131" oldtype="global mark phase" newtype="global garbage collect" contextid="120" timestamp="2019-06-17T03:22:31.726" />
  <attribute name="elasticGC enabled" value="1" />
  <attribute name= "numThreadsSpecified" value="1" />
  <attribute name="heapSize specified" value="0" />
  <attribute name="Current GC Util" value="134" />
  <attribute name= "Current Time Running" value="10838" />
  <attribute name ="GC Interval" value="0" />
  <attribute name="ProportionalT" value="171.000000" />
  <attribute name="ProportionalI" value="171.000000" />
  <attribute name="ProportionalH" value="171.000000" />
  <attribute name="IntegralT" value="0.000000" />
  <attribute name="IntegralI" value="0.000000" />
  <attribute name="IntegralH" value="0.000000" />
  <attribute name="DerivativeT" value="inf" />
  <attribute name="DerivativeI" value="inf" />
  <attribute name="DerivativeH" value="inf" />
  <attribute name="Current Error" value="114.000000" />
  <attribute name="Target GC Util Change" value ="20.000000" />
  <attribute name="Current GC Util Change" value="134.000000"/>
  <attribute name="Loop Time for DT" value="0.000000" />
  <attribute name="Output H" value="8388608"/>
  <attribute name="Output I" value="200"/>
  <attribute name="Output T" value="1"/>
  <attribute name="GC Util currently" value="134" />
  <attribute name="CPU Util currently" value="8310631948614" />
<gc-start id="132" type="global garbage collect" contextid="120" timestamp="2019-06-17T03:22:31.726">
  <mem-info id="133" free="2097152" total="8388608" percent="25">
    <mem type="eden" free="1023472" total="4194304" percent="24" />
    <pending-finalizers system="1" default="0" reference="496" classloader="0" />
    <remembered-set count="1056" freebytes="330624" totalbytes="334848" percent="98" regionsoverflowed="0" regionsstable="0" regionsrebuilding="0"/>
  </mem-info>
</gc-start>
<allocation-stats totalBytes="2715112" >
  <allocated-bytes non-tlh="480216" tlh="2234896" arrayletleaf="0"/>
  <largest-consumer threadName="main" threadId="000000000261B700" bytes="895352" />
</allocation-stats>
<gc-op id="134" type="global mark" timems="2.492" contextid="120" timestamp="2019-06-17T03:22:31.729">
  <trace-info objectcount="13010" scancount="12360" scanbytes="392484" />
  <cardclean-info objects="16" bytes="768" />
  <finalization candidates="45" enqueued="0" />
  <ownableSynchronizers candidates="1" cleared="0" />
  <references type="soft" candidates="67" cleared="0" enqueued="0" dynamicThreshold="12" maxThreshold="32" />
  <references type="weak" candidates="386" cleared="0" enqueued="0" />
  <references type="phantom" candidates="82" cleared="0" enqueued="0" />
  <stringconstants candidates="2485" cleared="0"  />
</gc-op>
<gc-op id="135" type="classunload" timems="0.002" contextid="120" timestamp="2019-06-17T03:22:31.729">
  <classunload-info classloadercandidates="6" classloadersunloaded="0" classesunloaded="0" anonymousclassesunloaded="0" quiescems="0.000" setupms="0.002" scanms="0.000" postms="0.000" />
</gc-op>
<gc-op id="136" type="sweep" timems="0.817" contextid="120" timestamp="2019-06-17T03:22:31.730" />
<gc-op id="137" type="compact" timems="2.522" contextid="120" timestamp="2019-06-17T03:22:31.732">
  <compact-info movecount="43" movebytes="107008" />
  <remembered-set-cleared processed="3584" cleared="3584" durationms="0.058" />
</gc-op>
<gc-end id="138" type="global garbage collect" contextid="120" durationms="6.646" usertimems="12.000" systemtimems="0.000" timestamp="2019-06-17T03:22:31.733" activeThreads="4">
  <mem-info id="139" free="5242880" total="8388608" percent="62">
    <pending-finalizers system="1" default="0" reference="496" classloader="0" />
    <remembered-set count="2560" freebytes="324608" totalbytes="334848" percent="96" regionsoverflowed="0" regionsstable="0" regionsrebuilding="0"/>
  </mem-info>
</gc-end>
<cycle-end id="140" type="global garbage collect" contextid="120" timestamp="2019-06-17T03:22:31.733" />
  <attribute name="elasticGC enabled" value="1" />
  <attribute name= "numThreadsSpecified" value="4" />
  <attribute name="heapSize specified" value="0" />
  <attribute name="Current GC Util" value="111" />
  <attribute name= "Current Time Running" value="10843" />
  <attribute name ="GC Interval" value="0" />
  <attribute name="ProportionalT" value="136.500000" />
  <attribute name="ProportionalI" value="136.500000" />
  <attribute name="ProportionalH" value="136.500000" />
  <attribute name="Current Error" value="91.000000" />
  <attribute name="IntegralT" value="91.000000" />
  <attribute name="IntegralI" value="91.000000" />
  <attribute name="IntegralH" value="91.000000" />
  <attribute name="DerivativeT" value="-55.500000" />
  <attribute name="DerivativeI" value="-55.500000" />
  <attribute name="DerivativeH" value="-55.500000" />
  <attribute name="Loop Time for DT" value="1.000000" />
  <attribute name="Output H" value="8388608"/>
  <attribute name="Output I" value="200"/>
  <attribute name="Output T" value="4"/>
  <attribute name="Target GC Util Change" value ="20.000000" />
  <attribute name="Current GC Util Change" value="111.000000"/>
  <attribute name="GC Util currently" value="111" />
  <attribute name="CPU Util currently" value="4684187876992" />
<sys-end id="141" timestamp="2019-06-17T03:22:31.733" />
<exclusive-end id="142" timestamp="2019-06-17T03:22:31.733" durationms="7.656" />

<exclusive-start id="143" timestamp="2019-06-17T03:22:32.156" intervalms="430.734">
  <response-info timems="0.027" idlems="0.027" threads="0" lastid="000000000261B700" lastname="main" />
</exclusive-start>
<allocation-taxation id="144" taxation-threshold="5242880" timestamp="2019-06-17T03:22:32.156" intervalms="432.617" />
<cycle-start id="145" type="partial gc" contextid="0" timestamp="2019-06-17T03:22:32.156" intervalms="437.588" />
<gc-start id="146" type="partial gc" contextid="145" timestamp="2019-06-17T03:22:32.156">
  <mem-info id="147" free="0" total="8388608" percent="0">
    <mem type="eden" free="0" total="5242880" percent="0" />
    <remembered-set count="2464" freebytes="324992" totalbytes="334848" percent="97" regionsoverflowed="0" regionsstable="0" regionsrebuilding="0"/>
  </mem-info>
</gc-start>
<allocation-stats totalBytes="5235720" >
  <allocated-bytes non-tlh="160144" tlh="5075576" arrayletleaf="0"/>
  <largest-consumer threadName="main" threadId="000000000261B700" bytes="5215552" />
</allocation-stats>
<gc-op id="148" type="mark" timems="1.084" contextid="145" timestamp="2019-06-17T03:22:32.158">
  <trace-info objectcount="6951" scancount="4411" scanbytes="143856" />
  <cardclean-info objects="1375" bytes="47140" />
  <remembered-set-cleared processed="915" cleared="114" durationms="0.054" />
  <references type="soft" candidates="2" cleared="0" enqueued="0" dynamicThreshold="20" maxThreshold="32" />
  <references type="weak" candidates="66" cleared="62" enqueued="62" />
  <references type="phantom" candidates="6" cleared="2" enqueued="2" />
  <stringconstants candidates="3194" cleared="0"  />
  <warning details="Mark invoked due to insufficient free space for Copy-Forward" />
</gc-op>
<gc-op id="149" type="classunload" timems="0.001" contextid="145" timestamp="2019-06-17T03:22:32.158">
  <classunload-info classloadercandidates="6" classloadersunloaded="0" classesunloaded="0" anonymousclassesunloaded="0" quiescems="0.000" setupms="0.001" scanms="0.000" postms="0.000" />
</gc-op>
<gc-op id="150" type="sweep" timems="0.406" contextid="145" timestamp="2019-06-17T03:22:32.159" />
<gc-op id="151" type="compact" timems="1.386" contextid="145" timestamp="2019-06-17T03:22:32.160">
  <compact-info movecount="6945" movebytes="446856" />
  <remembered-set-cleared processed="2820" cleared="1144" durationms="0.054" />
</gc-op>
<gc-end id="152" type="partial gc" contextid="145" durationms="3.913" usertimems="0.000" systemtimems="4.000" timestamp="2019-06-17T03:22:32.160" activeThreads="1">
  <mem-info id="153" free="4194304" total="8388608" percent="50">
    <mem type="eden" free="601312" total="1048576" percent="57" />
    <pending-finalizers system="0" default="0" reference="64" classloader="0" />
    <remembered-set count="3392" freebytes="321280" totalbytes="334848" percent="95" regionsoverflowed="0" regionsstable="0" regionsrebuilding="0"/>
  </mem-info>
</gc-end>
<cycle-end id="154" type="partial gc" contextid="145" timestamp="2019-06-17T03:22:32.160" />
  <attribute name="elasticGC enabled" value="1" />
  <attribute name= "numThreadsSpecified" value="1" />
  <attribute name="heapSize specified" value="0" />
  <attribute name="Current GC Util" value="26" />
  <attribute name= "Current Time Running" value="11272" />
  <attribute name ="GC Interval" value="0" />
  <attribute name="ProportionalT" value="9.000000" />
  <attribute name="ProportionalI" value="9.000000" />
  <attribute name="ProportionalH" value="9.000000" />
  <attribute name="Current Error" value="6.000000" />
  <attribute name="IntegralT" value="0.000000" />
  <attribute name="IntegralI" value="0.000000" />
  <attribute name="IntegralH" value="0.000000" />
  <attribute name="DerivativeT" value="inf" />
  <attribute name="DerivativeI" value="inf" />
  <attribute name="DerivativeH" value="inf" />
  <attribute name="Loop Time for DT" value="0.000000" />
  <attribute name="Output H" value="8388608"/>
  <attribute name="Output I" value="200"/>
  <attribute name="Output T" value="1"/>
  <attribute name="Target GC Util Change" value ="20.000000" />
  <attribute name="Current GC Util Change" value="26.000000"/>
  <attribute name="GC Util currently" value="26" />
  <attribute name="CPU Util currently" value="7752296289922" />
<exclusive-end id="155" timestamp="2019-06-17T03:22:32.161" durationms="4.562" />

<exclusive-start id="156" timestamp="2019-06-17T03:22:32.586" intervalms="429.567">
  <response-info timems="0.042" idlems="0.042" threads="0" lastid="000000000261B700" lastname="main" />
</exclusive-start>
<allocation-taxation id="157" taxation-threshold="2097152" timestamp="2019-06-17T03:22:32.586" intervalms="429.572" />
<cycle-start id="158" type="global mark phase" contextid="0" timestamp="2019-06-17T03:22:32.586" intervalms="862.168" />
<gc-start id="159" type="global mark phase" contextid="158" timestamp="2019-06-17T03:22:32.586">
  <mem-info id="160" free="2097152" total="8388608" percent="25">
    <remembered-set count="2912" freebytes="323200" totalbytes="334848" percent="96" regionsoverflowed="0" regionsstable="0" regionsrebuilding="0"/>
  </mem-info>
</gc-start>
<gc-op id="161" type="mark increment" timems="0.423" contextid="158" timestamp="2019-06-17T03:22:32.586">
  <trace-info objectcount="115" scancount="0" scanbytes="0" />
</gc-op>
<gc-end id="162" type="global mark phase" contextid="158" durationms="0.516" usertimems="0.000" systemtimems="0.000" timestamp="2019-06-17T03:22:32.586" activeThreads="1">
  <mem-info id="163" free="2097152" total="8388608" percent="25">
    <remembered-set count="2912" freebytes="323200" totalbytes="334848" percent="96" regionsoverflowed="0" regionsstable="0" regionsrebuilding="0"/>
  </mem-info>
</gc-end>
<concurrent-start id="164" type="GMP work packet processing" contextid="158" timestamp="2019-06-17T03:22:32.587">
  <concurrent-mark-start scanTarget="18446744073709551615" />
</concurrent-start>
<exclusive-end id="165" timestamp="2019-06-17T03:22:32.587" durationms="0.977" />

<concurrent-end id="166" type="GMP work packet processing" contextid="158" timestamp="2019-06-17T03:22:32.589">
  <concurrent-mark-end bytesScanned="699652" reasonForTermination="Completed all work in GC phase" />
</concurrent-end>

<exclusive-start id="167" timestamp="2019-06-17T03:22:32.659" intervalms="73.351">
  <response-info timems="0.105" idlems="0.105" threads="0" lastid="000000000292BC00" lastname="PmdThread 1" />
</exclusive-start>
<allocation-taxation id="168" taxation-threshold="2097152" timestamp="2019-06-17T03:22:32.659" intervalms="73.327" />
<cycle-start id="169" type="partial gc" contextid="0" timestamp="2019-06-17T03:22:32.659" intervalms="502.922" />
<gc-start id="170" type="partial gc" contextid="169" timestamp="2019-06-17T03:22:32.659">
  <mem-info id="171" free="0" total="8388608" percent="0">
    <mem type="eden" free="601312" total="5242880" percent="11" />
    <remembered-set count="2912" freebytes="323200" totalbytes="334848" percent="96" regionsoverflowed="0" regionsstable="0" regionsrebuilding="0"/>
  </mem-info>
</gc-start>
<allocation-stats totalBytes="4148384" >
  <allocated-bytes non-tlh="109344" tlh="4039040" arrayletleaf="0"/>
  <largest-consumer threadName="PmdThread 1" threadId="000000000292BC00" bytes="886064" />
</allocation-stats>
<gc-op id="172" type="mark" timems="1.441" contextid="169" timestamp="2019-06-17T03:22:32.661">
  <trace-info objectcount="14514" scancount="9900" scanbytes="344128" />
  <cardclean-info objects="706" bytes="30436" />
  <remembered-set-cleared processed="1330" cleared="481" durationms="0.056" />
  <finalization candidates="6" enqueued="0" />
  <ownableSynchronizers candidates="7" cleared="0" />
  <references type="soft" candidates="3" cleared="0" enqueued="0" dynamicThreshold="8" maxThreshold="32" />
  <references type="weak" candidates="449" cleared="231" enqueued="154" />
  <references type="phantom" candidates="10" cleared="1" enqueued="1" />
  <stringconstants candidates="3432" cleared="0"  />
  <warning details="Mark invoked due to insufficient free space for Copy-Forward" />
</gc-op>
<gc-op id="173" type="classunload" timems="0.001" contextid="169" timestamp="2019-06-17T03:22:32.661">
  <classunload-info classloadercandidates="6" classloadersunloaded="0" classesunloaded="0" anonymousclassesunloaded="0" quiescems="0.000" setupms="0.001" scanms="0.000" postms="0.000" />
</gc-op>
<gc-op id="174" type="sweep" timems="0.297" contextid="169" timestamp="2019-06-17T03:22:32.662" />
<gc-op id="175" type="compact" timems="2.352" contextid="169" timestamp="2019-06-17T03:22:32.664">
  <compact-info movecount="14502" movebytes="1018232" />
  <remembered-set-cleared processed="3908" cleared="2201" durationms="0.056" />
</gc-op>
<heap-resize id="176" type="expand" space="default" amount="3145728" count="1" timems="0.065" reason="insufficient free space following gc" timestamp="2019-06-17T03:22:32.664" />
<gc-end id="177" type="partial gc" contextid="169" durationms="5.161" usertimems="0.000" systemtimems="4.000" timestamp="2019-06-17T03:22:32.665" activeThreads="1">
  <mem-info id="178" free="6291456" total="11534336" percent="54">
    <mem type="eden" free="1078416" total="2097152" percent="51" />
    <pending-finalizers system="0" default="0" reference="155" classloader="0" />
    <remembered-set count="3872" freebytes="444928" totalbytes="460416" percent="96" regionsoverflowed="0" regionsstable="0" regionsrebuilding="0"/>
  </mem-info>
</gc-end>
<cycle-end id="179" type="partial gc" contextid="169" timestamp="2019-06-17T03:22:32.665" />
  <attribute name="elasticGC enabled" value="1" />
  <attribute name= "numThreadsSpecified" value="1" />
  <attribute name="heapSize specified" value="0" />
  <attribute name="Current GC Util" value="33" />
  <attribute name= "Current Time Running" value="11775" />
  <attribute name ="GC Interval" value="0" />
  <attribute name="ProportionalT" value="19.500000" />
  <attribute name="ProportionalI" value="19.500000" />
  <attribute name="ProportionalH" value="19.500000" />
  <attribute name="Current Error" value="13.000000" />
  <attribute name="IntegralT" value="0.000000" />
  <attribute name="IntegralI" value="0.000000" />
  <attribute name="IntegralH" value="0.000000" />
  <attribute name="DerivativeT" value="inf" />
  <attribute name="DerivativeI" value="inf" />
  <attribute name="DerivativeH" value="inf" />
  <attribute name="Loop Time for DT" value="0.000000" />
  <attribute name="Output H" value="8388608"/>
  <attribute name="Output I" value="200"/>
  <attribute name="Output T" value="1"/>
  <attribute name="Target GC Util Change" value ="20.000000" />
  <attribute name="Current GC Util Change" value="33.000000"/>
  <attribute name="GC Util currently" value="33" />
  <attribute name="CPU Util currently" value="10043548272714" />
<exclusive-end id="180" timestamp="2019-06-17T03:22:32.665" durationms="5.791" />

<exclusive-start id="181" timestamp="2019-06-17T03:22:32.702" intervalms="42.864">
  <response-info timems="0.094" idlems="0.056" threads="1" lastid="000000000293B000" lastname="PmdThread 4" />
</exclusive-start>
<allocation-taxation id="182" taxation-threshold="3145728" timestamp="2019-06-17T03:22:32.702" intervalms="42.894" />
<gc-start id="183" type="global mark phase" contextid="158" timestamp="2019-06-17T03:22:32.702">
  <mem-info id="184" free="3145728" total="11534336" percent="27">
    <remembered-set count="3488" freebytes="446464" totalbytes="460416" percent="96" regionsoverflowed="0" regionsstable="0" regionsrebuilding="0"/>
  </mem-info>
</gc-start>
<gc-op id="185" type="mark increment" timems="1.868" contextid="158" timestamp="2019-06-17T03:22:32.704">
  <trace-info objectcount="16487" scancount="12399" scanbytes="412396" />
  <cardclean-info objects="823" bytes="33672" />
  <finalization candidates="52" enqueued="0" />
  <ownableSynchronizers candidates="8" cleared="0" />
  <references type="soft" candidates="72" cleared="0" enqueued="0" dynamicThreshold="17" maxThreshold="32" />
  <references type="weak" candidates="616" cleared="5" enqueued="5" />
  <references type="phantom" candidates="94" cleared="4" enqueued="4" />
  <stringconstants candidates="3596" cleared="4"  />
</gc-op>
<gc-op id="186" type="classunload" timems="0.003" contextid="158" timestamp="2019-06-17T03:22:32.704">
  <classunload-info classloadercandidates="6" classloadersunloaded="0" classesunloaded="0" anonymousclassesunloaded="0" quiescems="0.000" setupms="0.002" scanms="0.000" postms="0.000" />
</gc-op>
<gc-end id="187" type="global mark phase" contextid="158" durationms="2.065" usertimems="0.000" systemtimems="4.000" timestamp="2019-06-17T03:22:32.704" activeThreads="4">
  <mem-info id="188" free="3145728" total="11534336" percent="27">
    <pending-finalizers system="0" default="0" reference="9" classloader="0" />
    <remembered-set count="3488" freebytes="446464" totalbytes="460416" percent="96" regionsoverflowed="0" regionsstable="0" regionsrebuilding="0"/>
  </mem-info>
</gc-end>
<cycle-end id="189" type="global mark phase" contextid="158" timestamp="2019-06-17T03:22:32.704" />
  <attribute name="elasticGC enabled" value="1" />
  <attribute name= "numThreadsSpecified" value="4" />
  <attribute name="heapSize specified" value="0" />
  <attribute name="Current GC Util" value="0" />
  <attribute name= "Current Time Running" value="11817" />
  <attribute name ="GC Interval" value="0" />
  <attribute name="ProportionalT" value="-30.000000" />
  <attribute name="ProportionalI" value="-30.000000" />
  <attribute name="ProportionalH" value="-30.000000" />
  <attribute name="Current Error" value="-20.000000" />
  <attribute name="IntegralT" value="-20.000000" />
  <attribute name="IntegralI" value="-20.000000" />
  <attribute name="IntegralH" value="-20.000000" />
  <attribute name="DerivativeT" value="-133.500000" />
  <attribute name="DerivativeI" value="-133.500000" />
  <attribute name="DerivativeH" value="-133.500000" />
  <attribute name="Loop Time for DT" value="1.000000" />
  <attribute name="Output H" value="2091843584"/>
  <attribute name="Output I" value="200"/>
  <attribute name="Output T" value="4"/>
  <attribute name="Target GC Util Change" value ="20.000000" />
  <attribute name="Current GC Util Change" value="0.000000"/>
  <attribute name="GC Util currently" value="0" />
  <attribute name="CPU Util currently" value="5173322612836" />
<exclusive-end id="190" timestamp="2019-06-17T03:22:32.704" durationms="2.461" />

<exclusive-start id="191" timestamp="2019-06-17T03:22:32.768" intervalms="65.720">
  <response-info timems="0.045" idlems="0.045" threads="0" lastid="000000000293B000" lastname="PmdThread 4" />
</exclusive-start>
<allocation-taxation id="192" taxation-threshold="3145728" timestamp="2019-06-17T03:22:32.768" intervalms="65.711" />
<cycle-start id="193" type="partial gc" contextid="0" timestamp="2019-06-17T03:22:32.768" intervalms="108.565" />
<gc-start id="194" type="partial gc" contextid="193" timestamp="2019-06-17T03:22:32.768">
  <mem-info id="195" free="0" total="11534336" percent="0">
    <mem type="eden" free="295392" total="7340032" percent="4" />
    <remembered-set count="3488" freebytes="446464" totalbytes="460416" percent="96" regionsoverflowed="0" regionsstable="0" regionsrebuilding="0"/>
  </mem-info>
</gc-start>
<allocation-stats totalBytes="6254208" >
  <allocated-bytes non-tlh="407776" tlh="5846432" arrayletleaf="0"/>
  <largest-consumer threadName="PmdThread 3" threadId="0000000002937400" bytes="1251024" />
</allocation-stats>
<gc-op id="196" type="sweep" timems="0.410" contextid="193" timestamp="2019-06-17T03:22:32.769" />
<gc-op id="197" type="mark" timems="2.159" contextid="193" timestamp="2019-06-17T03:22:32.771">
  <trace-info objectcount="31626" scancount="25581" scanbytes="858180" />
  <cardclean-info objects="591" bytes="30756" />
  <remembered-set-cleared processed="1890" cleared="676" durationms="0.062" />
  <finalization candidates="7" enqueued="0" />
  <ownableSynchronizers candidates="7" cleared="0" />
  <references type="soft" candidates="31" cleared="0" enqueued="0" dynamicThreshold="8" maxThreshold="32" />
  <references type="weak" candidates="314" cleared="24" enqueued="21" />
  <references type="phantom" candidates="8" cleared="2" enqueued="2" />
  <stringconstants candidates="4502" cleared="0"  />
  <warning details="Mark invoked due to insufficient free space for Copy-Forward" />
</gc-op>
<gc-op id="198" type="classunload" timems="0.002" contextid="193" timestamp="2019-06-17T03:22:32.771">
  <classunload-info classloadercandidates="6" classloadersunloaded="0" classesunloaded="0" anonymousclassesunloaded="0" quiescems="0.000" setupms="0.002" scanms="0.000" postms="0.000" />
</gc-op>
<gc-op id="199" type="sweep" timems="0.343" contextid="193" timestamp="2019-06-17T03:22:32.772" />
<gc-op id="200" type="compact" timems="3.199" contextid="193" timestamp="2019-06-17T03:22:32.775">
  <compact-info movecount="31094" movebytes="1583440" />
  <remembered-set-cleared processed="5708" cleared="3269" durationms="0.062" />
</gc-op>
<heap-resize id="201" type="expand" space="default" amount="1048576" count="1" timems="0.052" reason="insufficient free space following gc" timestamp="2019-06-17T03:22:32.775" />
<gc-end id="202" type="partial gc" contextid="193" durationms="7.358" usertimems="12.000" systemtimems="0.000" timestamp="2019-06-17T03:22:32.775" activeThreads="4">
  <mem-info id="203" free="5242880" total="12582912" percent="41">
    <mem type="eden" free="1522112" total="3145728" percent="48" />
    <pending-finalizers system="0" default="0" reference="23" classloader="0" />
    <remembered-set count="4992" freebytes="482304" totalbytes="502272" percent="96" regionsoverflowed="0" regionsstable="0" regionsrebuilding="0"/>
  </mem-info>
</gc-end>
<cycle-end id="204" type="partial gc" contextid="193" timestamp="2019-06-17T03:22:32.775" />
  <attribute name="elasticGC enabled" value="1" />
  <attribute name= "numThreadsSpecified" value="4" />
  <attribute name="heapSize specified" value="0" />
  <attribute name="Current GC Util" value="30" />
  <attribute name= "Current Time Running" value="11885" />
  <attribute name ="GC Interval" value="0" />
  <attribute name="ProportionalT" value="15.000000" />
  <attribute name="ProportionalI" value="15.000000" />
  <attribute name="ProportionalH" value="15.000000" />
  <attribute name="Current Error" value="10.000000" />
  <attribute name="IntegralT" value="0.000000" />
  <attribute name="IntegralI" value="0.000000" />
  <attribute name="IntegralH" value="0.000000" />
  <attribute name="DerivativeT" value="-inf" />
  <attribute name="DerivativeI" value="-inf" />
  <attribute name="DerivativeH" value="-inf" />
  <attribute name="Loop Time for DT" value="0.000000" />
  <attribute name="Output H" value="2091843584"/>
  <attribute name="Output I" value="200"/>
  <attribute name="Output T" value="4"/>
  <attribute name="Target GC Util Change" value ="20.000000" />
  <attribute name="Current GC Util Change" value="30.000000"/>
  <attribute name="GC Util currently" value="30" />
  <attribute name="CPU Util currently" value="8934778681688" />
<exclusive-end id="205" timestamp="2019-06-17T03:22:32.776" durationms="7.980" />

<exclusive-start id="206" timestamp="2019-06-17T03:22:32.820" intervalms="52.672">
  <response-info timems="0.055" idlems="0.055" threads="0" lastid="000000000293B000" lastname="PmdThread 4" />
</exclusive-start>
<allocation-taxation id="207" taxation-threshold="2097152" timestamp="2019-06-17T03:22:32.820" intervalms="52.682" />
<cycle-start id="208" type="global mark phase" contextid="0" timestamp="2019-06-17T03:22:32.820" intervalms="234.619" />
<gc-start id="209" type="global mark phase" contextid="208" timestamp="2019-06-17T03:22:32.821">
  <mem-info id="210" free="3145728" total="12582912" percent="25">
    <remembered-set count="4672" freebytes="483584" totalbytes="502272" percent="96" regionsoverflowed="0" regionsstable="0" regionsrebuilding="0"/>
  </mem-info>
</gc-start>
<gc-op id="211" type="mark increment" timems="0.492" contextid="208" timestamp="2019-06-17T03:22:32.821">
  <trace-info objectcount="299" scancount="0" scanbytes="0" />
</gc-op>
<gc-end id="212" type="global mark phase" contextid="208" durationms="0.671" usertimems="0.000" systemtimems="0.000" timestamp="2019-06-17T03:22:32.821" activeThreads="1">
  <mem-info id="213" free="3145728" total="12582912" percent="25">
    <remembered-set count="4672" freebytes="483584" totalbytes="502272" percent="96" regionsoverflowed="0" regionsstable="0" regionsrebuilding="0"/>
  </mem-info>
</gc-end>
<concurrent-start id="214" type="GMP work packet processing" contextid="208" timestamp="2019-06-17T03:22:32.821">
  <concurrent-mark-start scanTarget="18446744073709551615" />
</concurrent-start>
<exclusive-end id="215" timestamp="2019-06-17T03:22:32.821" durationms="1.155" />

<concurrent-end id="216" type="GMP work packet processing" contextid="208" timestamp="2019-06-17T03:22:32.823">
  <concurrent-mark-end bytesScanned="1633432" reasonForTermination="Completed all work in GC phase" />
</concurrent-end>

<exclusive-start id="217" timestamp="2019-06-17T03:22:32.844" intervalms="24.096">
  <response-info timems="0.031" idlems="0.031" threads="0" lastid="000000000292BC00" lastname="PmdThread 1" />
</exclusive-start>
<allocation-taxation id="218" taxation-threshold="2097152" timestamp="2019-06-17T03:22:32.844" intervalms="24.121" />
<cycle-start id="219" type="partial gc" contextid="0" timestamp="2019-06-17T03:22:32.845" intervalms="76.830" />
<gc-start id="220" type="partial gc" contextid="219" timestamp="2019-06-17T03:22:32.845">
  <mem-info id="221" free="1048576" total="12582912" percent="8">
    <mem type="eden" free="0" total="4194304" percent="0" />
    <remembered-set count="4672" freebytes="483584" totalbytes="502272" percent="96" regionsoverflowed="0" regionsstable="0" regionsrebuilding="0"/>
  </mem-info>
</gc-start>
<allocation-stats totalBytes="4170200" >
  <allocated-bytes non-tlh="15392" tlh="4154808" arrayletleaf="0"/>
  <largest-consumer threadName="PmdThread 4" threadId="000000000293B000" bytes="797864" />
</allocation-stats>
<gc-op id="222" type="copy forward" timems="6.347" contextid="219" timestamp="2019-06-17T03:22:32.852">
  <memory-copied type="eden" objects="18927" bytes="713552" bytesdiscarded="0" />
  <memory-copied type="other" objects="22437" bytes="1064344" bytesdiscarded="8" />
  <memory-cardclean objects="780" bytes="38296" />
  <regions eden="4" other="2" />
  <remembered-set-cleared processed="2696" cleared="1071" durationms="0.070" />
  <finalization candidates="6" enqueued="0" />
  <references type="soft" candidates="33" cleared="0" enqueued="0" dynamicThreshold="8" maxThreshold="32" />
  <references type="weak" candidates="125" cleared="0" enqueued="0" />
  <references type="phantom" candidates="5" cleared="0" enqueued="0" />
  <stringconstants candidates="4600" cleared="0"  />
  <heap-resize type="expand" space="default" amount="2097152" count="2" timems="0.121" reason="continue current collection" />
</gc-op>
<gc-op id="223" type="classunload" timems="0.002" contextid="219" timestamp="2019-06-17T03:22:32.852">
  <classunload-info classloadercandidates="6" classloadersunloaded="0" classesunloaded="0" anonymousclassesunloaded="0" quiescems="0.000" setupms="0.002" scanms="0.000" postms="0.000" />
</gc-op>
<gc-op id="224" type="compact" timems="2.580" contextid="219" timestamp="2019-06-17T03:22:32.855">
  <compact-info movecount="7385" movebytes="306616" />
  <remembered-set-cleared processed="5668" cleared="1775" durationms="0.077" />
</gc-op>
<gc-end id="225" type="partial gc" contextid="219" durationms="10.089" usertimems="16.000" systemtimems="0.000" timestamp="2019-06-17T03:22:32.855" activeThreads="4">
  <mem-info id="226" free="7340032" total="14680064" percent="50">
    <mem type="eden" free="334264" total="1048576" percent="31" />
    <remembered-set count="4960" freebytes="566144" totalbytes="585984" percent="96" regionsoverflowed="0" regionsstable="0" regionsrebuilding="0"/>
  </mem-info>
</gc-end>
<cycle-end id="227" type="partial gc" contextid="219" timestamp="2019-06-17T03:22:32.855" />
  <attribute name="elasticGC enabled" value="1" />
  <attribute name= "numThreadsSpecified" value="4" />
  <attribute name="heapSize specified" value="0" />
  <attribute name="Current GC Util" value="0" />
  <attribute name= "Current Time Running" value="11966" />
  <attribute name ="GC Interval" value="0" />
  <attribute name="ProportionalT" value="-30.000000" />
  <attribute name="ProportionalI" value="-30.000000" />
  <attribute name="ProportionalH" value="-30.000000" />
  <attribute name="Current Error" value="-20.000000" />
  <attribute name="IntegralT" value="-140.000000" />
  <attribute name="IntegralI" value="-140.000000" />
  <attribute name="IntegralH" value="-140.000000" />
  <attribute name="DerivativeT" value="-10.071429" />
  <attribute name="DerivativeI" value="-10.071429" />
  <attribute name="DerivativeH" value="-10.071429" />
  <attribute name="Loop Time for DT" value="7.000000" />
  <attribute name="Output H" value="2091843584"/>
  <attribute name="Output I" value="200"/>
  <attribute name="Output T" value="4"/>
  <attribute name="Target GC Util Change" value ="20.000000" />
  <attribute name="Current GC Util Change" value="0.000000"/>
  <attribute name="GC Util currently" value="0" />
  <attribute name="CPU Util currently" value="682184009669" />
<exclusive-end id="228" timestamp="2019-06-17T03:22:32.855" durationms="10.895" />

<exclusive-start id="229" timestamp="2019-06-17T03:22:32.889" intervalms="44.965">
  <response-info timems="0.109" idlems="0.067" threads="1" lastid="000000000261F300" lastname="JIT Compilation Thread-0" />
</exclusive-start>
<allocation-taxation id="230" taxation-threshold="3145728" timestamp="2019-06-17T03:22:32.889" intervalms="44.932" />
<gc-start id="231" type="global mark phase" contextid="208" timestamp="2019-06-17T03:22:32.890">
  <mem-info id="232" free="4194304" total="14680064" percent="28">
    <remembered-set count="4864" freebytes="566528" totalbytes="585984" percent="96" regionsoverflowed="0" regionsstable="0" regionsrebuilding="0"/>
  </mem-info>
</gc-start>
<gc-op id="233" type="mark increment" timems="2.502" contextid="208" timestamp="2019-06-17T03:22:32.892">
  <trace-info objectcount="25573" scancount="22693" scanbytes="685060" />
  <cardclean-info objects="17819" bytes="655816" />
  <finalization candidates="57" enqueued="0" />
  <ownableSynchronizers candidates="8" cleared="0" />
  <references type="soft" candidates="203" cleared="0" enqueued="0" dynamicThreshold="16" maxThreshold="32" />
  <references type="weak" candidates="771" cleared="58" enqueued="55" />
  <references type="phantom" candidates="91" cleared="2" enqueued="2" />
  <stringconstants candidates="4831" cleared="1"  />
</gc-op>
<gc-op id="234" type="classunload" timems="0.212" contextid="208" timestamp="2019-06-17T03:22:32.892">
  <classunload-info classloadercandidates="9" classloadersunloaded="1" classesunloaded="1" anonymousclassesunloaded="0" quiescems="0.000" setupms="0.198" scanms="0.010" postms="0.004" />
</gc-op>
<gc-end id="235" type="global mark phase" contextid="208" durationms="2.972" usertimems="4.000" systemtimems="0.000" timestamp="2019-06-17T03:22:32.892" activeThreads="4">
  <mem-info id="236" free="4194304" total="14680064" percent="28">
    <pending-finalizers system="0" default="0" reference="57" classloader="0" />
    <remembered-set count="4864" freebytes="566528" totalbytes="585984" percent="96" regionsoverflowed="0" regionsstable="0" regionsrebuilding="0"/>
  </mem-info>
</gc-end>
<cycle-end id="237" type="global mark phase" contextid="208" timestamp="2019-06-17T03:22:32.893" />
  <attribute name="elasticGC enabled" value="1" />
  <attribute name= "numThreadsSpecified" value="4" />
  <attribute name="heapSize specified" value="0" />
  <attribute name="Current GC Util" value="88" />
  <attribute name= "Current Time Running" value="12005" />
  <attribute name ="GC Interval" value="0" />
  <attribute name="ProportionalT" value="102.000000" />
  <attribute name="ProportionalI" value="102.000000" />
  <attribute name="ProportionalH" value="102.000000" />
  <attribute name="Current Error" value="68.000000" />
  <attribute name="IntegralT" value="68.000000" />
  <attribute name="IntegralI" value="68.000000" />
  <attribute name="IntegralH" value="68.000000" />
  <attribute name="DerivativeT" value="-1.500000" />
  <attribute name="DerivativeI" value="-1.500000" />
  <attribute name="DerivativeH" value="-1.500000" />
  <attribute name="Loop Time for DT" value="1.000000" />
  <attribute name="Output H" value="8388608"/>
  <attribute name="Output I" value="200"/>
  <attribute name="Output T" value="4"/>
  <attribute name="Target GC Util Change" value ="20.000000" />
  <attribute name="Current GC Util Change" value="88.000000"/>
  <attribute name="GC Util currently" value="88" />
  <attribute name="CPU Util currently" value="5242542073894" />
<exclusive-end id="238" timestamp="2019-06-17T03:22:32.893" durationms="3.407" />

<exclusive-start id="239" timestamp="2019-06-17T03:22:32.924" intervalms="34.581">
  <response-info timems="0.085" idlems="0.085" threads="0" lastid="0000000002937400" lastname="PmdThread 3" />
</exclusive-start>
<allocation-taxation id="240" taxation-threshold="3145728" timestamp="2019-06-17T03:22:32.924" intervalms="34.613" />
<cycle-start id="241" type="partial gc" contextid="0" timestamp="2019-06-17T03:22:32.924" intervalms="79.562" />
<gc-start id="242" type="partial gc" contextid="241" timestamp="2019-06-17T03:22:32.924">
  <mem-info id="243" free="1048576" total="14680064" percent="7">
    <mem type="eden" free="0" total="6291456" percent="0" />
    <remembered-set count="4864" freebytes="566528" totalbytes="585984" percent="96" regionsoverflowed="0" regionsstable="0" regionsrebuilding="0"/>
  </mem-info>
</gc-start>
<allocation-stats totalBytes="6287320" >
  <allocated-bytes non-tlh="78128" tlh="6209192" arrayletleaf="0"/>
  <largest-consumer threadName="PmdThread 4" threadId="000000000293B000" bytes="1194976" />
</allocation-stats>
<gc-op id="244" type="sweep" timems="0.425" contextid="241" timestamp="2019-06-17T03:22:32.925" />
<gc-op id="245" type="copy forward" timems="3.381" contextid="241" timestamp="2019-06-17T03:22:32.929">
  <memory-copied type="eden" objects="8577" bytes="322888" bytesdiscarded="23087" />
  <memory-copied type="other" objects="27655" bytes="1018304" bytesdiscarded="41241" />
  <memory-cardclean objects="4496" bytes="194752" />
  <memory-traced type="eden" objects="1124" bytes="22920" />
  <memory-traced type="other" objects="0" bytes="0" />
  <regions eden="3" other="4" evacuated="6" marked="1" />
  <remembered-set-cleared processed="3311" cleared="1104" durationms="0.067" />
  <finalization candidates="5" enqueued="0" />
  <references type="soft" candidates="103" cleared="0" enqueued="0" dynamicThreshold="9" maxThreshold="32" />
  <references type="weak" candidates="136" cleared="0" enqueued="0" />
  <references type="phantom" candidates="2" cleared="0" enqueued="0" />
  <stringconstants candidates="4841" cleared="0"  />
  <heap-resize type="expand" space="default" amount="1048576" count="1" timems="0.056" reason="continue current collection" />
</gc-op>
<gc-op id="246" type="classunload" timems="0.003" contextid="241" timestamp="2019-06-17T03:22:32.929">
  <classunload-info classloadercandidates="8" classloadersunloaded="0" classesunloaded="0" anonymousclassesunloaded="0" quiescems="0.000" setupms="0.003" scanms="0.000" postms="0.000" />
</gc-op>
<gc-op id="247" type="compact" timems="0.859" contextid="241" timestamp="2019-06-17T03:22:32.930">
  <compact-info movecount="1350" movebytes="41984" />
  <remembered-set-cleared processed="8878" cleared="1560" durationms="0.067" />
</gc-op>
<heap-resize id="248" type="expand" space="default" amount="1048576" count="1" timems="0.050" reason="insufficient free space following gc" timestamp="2019-06-17T03:22:32.931" />
<gc-end id="249" type="partial gc" contextid="241" durationms="6.450" usertimems="12.000" systemtimems="0.000" timestamp="2019-06-17T03:22:32.931" activeThreads="4">
  <mem-info id="250" free="7340032" total="16777216" percent="43">
    <mem type="eden" free="1320488" total="2097152" percent="62" />
    <remembered-set count="6592" freebytes="643328" totalbytes="669696" percent="96" regionsoverflowed="0" regionsstable="0" regionsrebuilding="0"/>
  </mem-info>
</gc-end>
<cycle-end id="251" type="partial gc" contextid="241" timestamp="2019-06-17T03:22:32.931" />
  <attribute name="elasticGC enabled" value="1" />
  <attribute name= "numThreadsSpecified" value="4" />
  <attribute name="heapSize specified" value="0" />
  <attribute name="Current GC Util" value="109" />
  <attribute name= "Current Time Running" value="12043" />
  <attribute name ="GC Interval" value="0" />
  <attribute name="ProportionalT" value="133.500000" />
  <attribute name="ProportionalI" value="133.500000" />
  <attribute name="ProportionalH" value="133.500000" />
  <attribute name="Current Error" value="89.000000" />
  <attribute name="IntegralT" value="356.000000" />
  <attribute name="IntegralI" value="356.000000" />
  <attribute name="IntegralH" value="356.000000" />
  <attribute name="DerivativeT" value="33.375000" />
  <attribute name="DerivativeI" value="33.375000" />
  <attribute name="DerivativeH" value="33.375000" />
  <attribute name="Loop Time for DT" value="4.000000" />
  <attribute name="Output H" value="8388608"/>
  <attribute name="Output I" value="528"/>
  <attribute name="Output T" value="4"/>
  <attribute name="Target GC Util Change" value ="20.000000" />
  <attribute name="Current GC Util Change" value="109.000000"/>
  <attribute name="GC Util currently" value="109" />
  <attribute name="CPU Util currently" value="1225538326470" />
<exclusive-end id="252" timestamp="2019-06-17T03:22:32.931" durationms="7.250" />

<exclusive-start id="253" timestamp="2019-06-17T03:22:32.981" intervalms="57.004">
  <response-info timems="0.042" idlems="0.023" threads="1" lastid="000000000293B000" lastname="PmdThread 4" />
</exclusive-start>
<allocation-taxation id="254" taxation-threshold="7340032" timestamp="2019-06-17T03:22:32.981" intervalms="56.975" />
<cycle-start id="255" type="partial gc" contextid="0" timestamp="2019-06-17T03:22:32.981" intervalms="56.944" />
<gc-start id="256" type="partial gc" contextid="255" timestamp="2019-06-17T03:22:32.981">
  <mem-info id="257" free="0" total="16777216" percent="0">
    <mem type="eden" free="1006592" total="8388608" percent="11" />
    <remembered-set count="6592" freebytes="643328" totalbytes="669696" percent="96" regionsoverflowed="0" regionsstable="0" regionsrebuilding="0"/>
  </mem-info>
</gc-start>
<allocation-stats totalBytes="7333760" >
  <allocated-bytes non-tlh="20440" tlh="7313320" arrayletleaf="0"/>
  <largest-consumer threadName="PmdThread 2" threadId="000000000292F800" bytes="4169760" />
</allocation-stats>
<gc-op id="258" type="mark" timems="2.286" contextid="255" timestamp="2019-06-17T03:22:32.984">
  <trace-info objectcount="25209" scancount="22370" scanbytes="683640" />
  <cardclean-info objects="6573" bytes="261872" />
  <remembered-set-cleared processed="5106" cleared="1639" durationms="0.102" />
  <references type="soft" candidates="111" cleared="0" enqueued="0" dynamicThreshold="14" maxThreshold="32" />
  <references type="weak" candidates="490" cleared="489" enqueued="489" />
  <references type="phantom" candidates="4" cleared="3" enqueued="3" />
  <stringconstants candidates="4890" cleared="1"  />
  <warning details="Mark invoked due to insufficient free space for Copy-Forward" />
</gc-op>
<gc-op id="259" type="classunload" timems="0.167" contextid="255" timestamp="2019-06-17T03:22:32.984">
  <classunload-info classloadercandidates="10" classloadersunloaded="1" classesunloaded="1" anonymousclassesunloaded="0" quiescems="0.000" setupms="0.158" scanms="0.006" postms="0.003" />
</gc-op>
<gc-op id="260" type="sweep" timems="0.675" contextid="255" timestamp="2019-06-17T03:22:32.985" />
<gc-op id="261" type="compact" timems="3.803" contextid="255" timestamp="2019-06-17T03:22:32.989">
  <compact-info movecount="25205" movebytes="1028040" />
  <remembered-set-cleared processed="13505" cleared="5631" durationms="0.102" />
</gc-op>
<heap-resize id="262" type="expand" space="default" amount="3145728" count="1" timems="0.065" reason="excessive time being spent in gc" timestamp="2019-06-17T03:22:32.989" />
<gc-end id="263" type="partial gc" contextid="255" durationms="8.148" usertimems="4.000" systemtimems="8.000" timestamp="2019-06-17T03:22:32.989" activeThreads="4">
  <mem-info id="264" free="10485760" total="19922944" percent="52">
    <mem type="eden" free="1068976" total="2097152" percent="50" />
    <pending-finalizers system="0" default="0" reference="492" classloader="0" />
    <remembered-set count="8352" freebytes="761856" totalbytes="795264" percent="95" regionsoverflowed="0" regionsstable="0" regionsrebuilding="0"/>
  </mem-info>
</gc-end>
<cycle-end id="265" type="partial gc" contextid="255" timestamp="2019-06-17T03:22:32.990" />
  <attribute name="elasticGC enabled" value="1" />
  <attribute name= "numThreadsSpecified" value="4" />
  <attribute name="heapSize specified" value="0" />
  <attribute name="Current GC Util" value="61" />
  <attribute name= "Current Time Running" value="12099" />
  <attribute name ="GC Interval" value="0" />
  <attribute name="ProportionalT" value="61.500000" />
  <attribute name="ProportionalI" value="61.500000" />
  <attribute name="ProportionalH" value="61.500000" />
  <attribute name="Current Error" value="41.000000" />
  <attribute name="IntegralT" value="41.000000" />
  <attribute name="IntegralI" value="41.000000" />
  <attribute name="IntegralH" value="41.000000" />
  <attribute name="DerivativeT" value="61.500000" />
  <attribute name="DerivativeI" value="61.500000" />
  <attribute name="DerivativeH" value="61.500000" />
  <attribute name="Loop Time for DT" value="1.000000" />
  <attribute name="Output H" value="8388608"/>
  <attribute name="Output I" value="200"/>
  <attribute name="Output T" value="4"/>
  <attribute name="Target GC Util Change" value ="20.000000" />
  <attribute name="Current GC Util Change" value="61.000000"/>
  <attribute name="GC Util currently" value="61" />
  <attribute name="CPU Util currently" value="5438206373074" />
<exclusive-end id="266" timestamp="2019-06-17T03:22:32.990" durationms="8.826" />

<exclusive-start id="267" timestamp="2019-06-17T03:22:33.094" intervalms="113.398">
  <response-info timems="0.035" idlems="0.035" threads="0" lastid="000000000293B000" lastname="PmdThread 4" />
</exclusive-start>
<allocation-taxation id="268" taxation-threshold="10485760" timestamp="2019-06-17T03:22:33.094" intervalms="113.395" />
<cycle-start id="269" type="partial gc" contextid="0" timestamp="2019-06-17T03:22:33.095" intervalms="113.755" />
<gc-start id="270" type="partial gc" contextid="269" timestamp="2019-06-17T03:22:33.095">
  <mem-info id="271" free="0" total="19922944" percent="0">
    <mem type="eden" free="0" total="10485760" percent="0" />
    <remembered-set count="8288" freebytes="762112" totalbytes="795264" percent="95" regionsoverflowed="0" regionsstable="0" regionsrebuilding="0"/>
  </mem-info>
</gc-start>
<allocation-stats totalBytes="10477824" >
  <allocated-bytes non-tlh="5992" tlh="10471832" arrayletleaf="0"/>
  <largest-consumer threadName="PmdThread 2" threadId="000000000292F800" bytes="3188696" />
</allocation-stats>
<gc-op id="272" type="mark" timems="2.418" contextid="269" timestamp="2019-06-17T03:22:33.098">
  <trace-info objectcount="25285" scancount="22434" scanbytes="719672" />
  <cardclean-info objects="1866" bytes="77900" />
  <remembered-set-cleared processed="6527" cleared="823" durationms="0.110" />
  <references type="soft" candidates="16" cleared="0" enqueued="0" dynamicThreshold="16" maxThreshold="32" />
  <references type="weak" candidates="180" cleared="179" enqueued="179" />
  <references type="phantom" candidates="44" cleared="22" enqueued="22" />
  <stringconstants candidates="4975" cleared="0"  />
  <warning details="Mark invoked due to insufficient free space for Copy-Forward" />
</gc-op>
<gc-op id="273" type="classunload" timems="0.002" contextid="269" timestamp="2019-06-17T03:22:33.098">
  <classunload-info classloadercandidates="10" classloadersunloaded="0" classesunloaded="0" anonymousclassesunloaded="0" quiescems="0.000" setupms="0.002" scanms="0.000" postms="0.000" />
</gc-op>
<gc-op id="274" type="sweep" timems="0.422" contextid="269" timestamp="2019-06-17T03:22:33.098" />
<gc-op id="275" type="compact" timems="4.369" contextid="269" timestamp="2019-06-17T03:22:33.103">
  <compact-info movecount="25275" movebytes="1305496" />
  <remembered-set-cleared processed="17081" cleared="5545" durationms="0.111" />
</gc-op>
<gc-end id="276" type="partial gc" contextid="269" durationms="8.223" usertimems="8.000" systemtimems="0.000" timestamp="2019-06-17T03:22:33.103" activeThreads="1">
  <mem-info id="277" free="8388608" total="19922944" percent="42">
    <mem type="eden" free="1045768" total="2097152" percent="49" />
    <pending-finalizers system="0" default="0" reference="201" classloader="0" />
    <remembered-set count="9888" freebytes="755712" totalbytes="795264" percent="95" regionsoverflowed="0" regionsstable="0" regionsrebuilding="0"/>
  </mem-info>
</gc-end>
<cycle-end id="278" type="partial gc" contextid="269" timestamp="2019-06-17T03:22:33.103" />
  <attribute name="elasticGC enabled" value="1" />
  <attribute name= "numThreadsSpecified" value="1" />
  <attribute name="heapSize specified" value="0" />
  <attribute name="Current GC Util" value="36" />
  <attribute name= "Current Time Running" value="12212" />
  <attribute name ="GC Interval" value="0" />
  <attribute name="ProportionalT" value="24.000000" />
  <attribute name="ProportionalI" value="24.000000" />
  <attribute name="ProportionalH" value="24.000000" />
  <attribute name="Current Error" value="16.000000" />
  <attribute name="IntegralT" value="0.000000" />
  <attribute name="IntegralI" value="0.000000" />
  <attribute name="IntegralH" value="0.000000" />
  <attribute name="DerivativeT" value="inf" />
  <attribute name="DerivativeI" value="inf" />
  <attribute name="DerivativeH" value="inf" />
  <attribute name="Loop Time for DT" value="0.000000" />
  <attribute name="Output H" value="8388608"/>
  <attribute name="Output I" value="200"/>
  <attribute name="Output T" value="1"/>
  <attribute name="Target GC Util Change" value ="20.000000" />
  <attribute name="Current GC Util Change" value="36.000000"/>
  <attribute name="GC Util currently" value="36" />
  <attribute name="CPU Util currently" value="7334794478835" />
<exclusive-end id="279" timestamp="2019-06-17T03:22:33.104" durationms="9.303" />

<exclusive-start id="280" timestamp="2019-06-17T03:22:33.178" intervalms="83.214">
  <response-info timems="0.069" idlems="0.038" threads="1" lastid="0000000002937400" lastname="PmdThread 3" />
</exclusive-start>
<allocation-taxation id="281" taxation-threshold="8388608" timestamp="2019-06-17T03:22:33.178" intervalms="83.229" />
<cycle-start id="282" type="partial gc" contextid="0" timestamp="2019-06-17T03:22:33.178" intervalms="82.871" />
<gc-start id="283" type="partial gc" contextid="282" timestamp="2019-06-17T03:22:33.178">
  <mem-info id="284" free="0" total="19922944" percent="0">
    <mem type="eden" free="0" total="8388608" percent="0" />
    <remembered-set count="9728" freebytes="756352" totalbytes="795264" percent="95" regionsoverflowed="0" regionsstable="0" regionsrebuilding="0"/>
  </mem-info>
</gc-start>
<allocation-stats totalBytes="8384288" >
  <allocated-bytes non-tlh="328" tlh="8383960" arrayletleaf="0"/>
  <largest-consumer threadName="PmdThread 4" threadId="000000000293B000" bytes="2280632" />
</allocation-stats>
<gc-op id="285" type="mark" timems="2.028" contextid="282" timestamp="2019-06-17T03:22:33.181">
  <trace-info objectcount="24432" scancount="21416" scanbytes="674712" />
  <cardclean-info objects="1304" bytes="64372" />
  <remembered-set-cleared processed="8033" cleared="1753" durationms="0.120" />
  <references type="soft" candidates="16" cleared="0" enqueued="0" dynamicThreshold="13" maxThreshold="32" />
  <references type="weak" candidates="181" cleared="180" enqueued="180" />
  <references type="phantom" candidates="53" cleared="28" enqueued="28" />
  <stringconstants candidates="4981" cleared="0"  />
  <warning details="Mark invoked due to insufficient free space for Copy-Forward" />
</gc-op>
<gc-op id="286" type="classunload" timems="0.001" contextid="282" timestamp="2019-06-17T03:22:33.181">
  <classunload-info classloadercandidates="10" classloadersunloaded="0" classesunloaded="0" anonymousclassesunloaded="0" quiescems="0.000" setupms="0.001" scanms="0.000" postms="0.000" />
</gc-op>
<gc-op id="287" type="sweep" timems="0.493" contextid="282" timestamp="2019-06-17T03:22:33.181" />
<gc-op id="288" type="compact" timems="2.710" contextid="282" timestamp="2019-06-17T03:22:33.184">
  <compact-info movecount="23882" movebytes="1362704" />
  <remembered-set-cleared processed="18894" cleared="6303" durationms="0.120" />
</gc-op>
<gc-end id="289" type="partial gc" contextid="282" durationms="6.683" usertimems="8.000" systemtimems="0.000" timestamp="2019-06-17T03:22:33.185" activeThreads="4">
  <mem-info id="290" free="8388608" total="19922944" percent="42">
    <mem type="eden" free="359304" total="1048576" percent="34" />
    <pending-finalizers system="0" default="0" reference="208" classloader="0" />
    <remembered-set count="10912" freebytes="751616" totalbytes="795264" percent="94" regionsoverflowed="0" regionsstable="0" regionsrebuilding="0"/>
  </mem-info>
</gc-end>
<cycle-end id="291" type="partial gc" contextid="282" timestamp="2019-06-17T03:22:33.185" />
  <attribute name="elasticGC enabled" value="1" />
  <attribute name= "numThreadsSpecified" value="4" />
  <attribute name="heapSize specified" value="0" />
  <attribute name="Current GC Util" value="34" />
  <attribute name= "Current Time Running" value="12295" />
  <attribute name ="GC Interval" value="0" />
  <attribute name="ProportionalT" value="21.000000" />
  <attribute name="ProportionalI" value="21.000000" />
  <attribute name="ProportionalH" value="21.000000" />
  <attribute name="Current Error" value="14.000000" />
  <attribute name="IntegralT" value="14.000000" />
  <attribute name="IntegralI" value="14.000000" />
  <attribute name="IntegralH" value="14.000000" />
  <attribute name="DerivativeT" value="21.000000" />
  <attribute name="DerivativeI" value="21.000000" />
  <attribute name="DerivativeH" value="21.000000" />
  <attribute name="Loop Time for DT" value="1.000000" />
  <attribute name="Output H" value="8388608"/>
  <attribute name="Output I" value="200"/>
  <attribute name="Output T" value="4"/>
  <attribute name="Target GC Util Change" value ="20.000000" />
  <attribute name="Current GC Util Change" value="34.000000"/>
  <attribute name="GC Util currently" value="34" />
  <attribute name="CPU Util currently" value="6266465219170" />
<exclusive-end id="292" timestamp="2019-06-17T03:22:33.185" durationms="7.429" />

<exclusive-start id="293" timestamp="2019-06-17T03:22:33.242" intervalms="64.313">
  <response-info timems="0.039" idlems="0.039" threads="0" lastid="000000000293B000" lastname="PmdThread 4" />
</exclusive-start>
<allocation-taxation id="294" taxation-threshold="8388608" timestamp="2019-06-17T03:22:33.242" intervalms="64.297" />
<cycle-start id="295" type="partial gc" contextid="0" timestamp="2019-06-17T03:22:33.242" intervalms="64.303" />
<gc-start id="296" type="partial gc" contextid="295" timestamp="2019-06-17T03:22:33.242">
  <mem-info id="297" free="0" total="19922944" percent="0">
    <mem type="eden" free="0" total="8388608" percent="0" />
    <remembered-set count="10592" freebytes="752896" totalbytes="795264" percent="94" regionsoverflowed="0" regionsstable="0" regionsrebuilding="0"/>
  </mem-info>
</gc-start>
<allocation-stats totalBytes="8374144" >
  <allocated-bytes non-tlh="0" tlh="8374144" arrayletleaf="0"/>
  <largest-consumer threadName="PmdThread 2" threadId="000000000292F800" bytes="3079368" />
</allocation-stats>
<gc-op id="298" type="mark" timems="1.360" contextid="295" timestamp="2019-06-17T03:22:33.244">
  <trace-info objectcount="10249" scancount="9019" scanbytes="305036" />
  <cardclean-info objects="1360" bytes="67716" />
  <remembered-set-cleared processed="8657" cleared="1169" durationms="0.092" />
  <references type="soft" candidates="11" cleared="0" enqueued="0" dynamicThreshold="13" maxThreshold="32" />
  <references type="weak" candidates="157" cleared="157" enqueued="157" />
  <references type="phantom" candidates="33" cleared="26" enqueued="26" />
  <stringconstants candidates="4981" cleared="0"  />
  <warning details="Mark invoked due to insufficient free space for Copy-Forward" />
</gc-op>
<gc-op id="299" type="classunload" timems="0.002" contextid="295" timestamp="2019-06-17T03:22:33.244">
  <classunload-info classloadercandidates="10" classloadersunloaded="0" classesunloaded="0" anonymousclassesunloaded="0" quiescems="0.000" setupms="0.002" scanms="0.000" postms="0.000" />
</gc-op>
<gc-op id="300" type="sweep" timems="0.361" contextid="295" timestamp="2019-06-17T03:22:33.245" />
<gc-op id="301" type="compact" timems="1.551" contextid="295" timestamp="2019-06-17T03:22:33.247">
  <compact-info movecount="10249" movebytes="880752" />
  <remembered-set-cleared processed="18560" cleared="3535" durationms="0.092" />
</gc-op>
<gc-end id="302" type="partial gc" contextid="295" durationms="4.653" usertimems="8.000" systemtimems="0.000" timestamp="2019-06-17T03:22:33.247" activeThreads="4">
  <mem-info id="303" free="7340032" total="19922944" percent="36">
    <mem type="eden" free="209120" total="1048576" percent="19" />
    <pending-finalizers system="0" default="0" reference="183" classloader="0" />
    <remembered-set count="11328" freebytes="749952" totalbytes="795264" percent="94" regionsoverflowed="0" regionsstable="0" regionsrebuilding="0"/>
  </mem-info>
</gc-end>
<cycle-end id="304" type="partial gc" contextid="295" timestamp="2019-06-17T03:22:33.247" />
  <attribute name="elasticGC enabled" value="1" />
  <attribute name= "numThreadsSpecified" value="4" />
  <attribute name="heapSize specified" value="0" />
  <attribute name="Current GC Util" value="35" />
  <attribute name= "Current Time Running" value="12359" />
  <attribute name ="GC Interval" value="0" />
  <attribute name="ProportionalT" value="22.500000" />
  <attribute name="ProportionalI" value="22.500000" />
  <attribute name="ProportionalH" value="22.500000" />
  <attribute name="Current Error" value="15.000000" />
  <attribute name="IntegralT" value="15.000000" />
  <attribute name="IntegralI" value="15.000000" />
  <attribute name="IntegralH" value="15.000000" />
  <attribute name="DerivativeT" value="-115.500000" />
  <attribute name="DerivativeI" value="-115.500000" />
  <attribute name="DerivativeH" value="-115.500000" />
  <attribute name="Loop Time for DT" value="1.000000" />
  <attribute name="Output H" value="2091843584"/>
  <attribute name="Output I" value="200"/>
  <attribute name="Output T" value="4"/>
  <attribute name="Target GC Util Change" value ="20.000000" />
  <attribute name="Current GC Util Change" value="35.000000"/>
  <attribute name="GC Util currently" value="35" />
  <attribute name="CPU Util currently" value="8838118446827" />
<exclusive-end id="305" timestamp="2019-06-17T03:22:33.247" durationms="5.345" />

<exclusive-start id="306" timestamp="2019-06-17T03:22:33.277" intervalms="34.864">
  <response-info timems="0.045" idlems="0.045" threads="0" lastid="000000000293B000" lastname="PmdThread 4" />
</exclusive-start>
<allocation-taxation id="307" taxation-threshold="3145728" timestamp="2019-06-17T03:22:33.277" intervalms="34.900" />
<cycle-start id="308" type="global mark phase" contextid="0" timestamp="2019-06-17T03:22:33.277" intervalms="456.457" />
<gc-start id="309" type="global mark phase" contextid="308" timestamp="2019-06-17T03:22:33.277">
  <mem-info id="310" free="4194304" total="19922944" percent="21">
    <remembered-set count="10944" freebytes="751488" totalbytes="795264" percent="94" regionsoverflowed="0" regionsstable="0" regionsrebuilding="0"/>
  </mem-info>
</gc-start>
<gc-op id="311" type="mark increment" timems="0.511" contextid="308" timestamp="2019-06-17T03:22:33.278">
  <trace-info objectcount="264" scancount="0" scanbytes="0" />
</gc-op>
<gc-end id="312" type="global mark phase" contextid="308" durationms="0.606" usertimems="4.000" systemtimems="0.000" timestamp="2019-06-17T03:22:33.278" activeThreads="1">
  <mem-info id="313" free="4194304" total="19922944" percent="21">
    <remembered-set count="10944" freebytes="751488" totalbytes="795264" percent="94" regionsoverflowed="0" regionsstable="0" regionsrebuilding="0"/>
  </mem-info>
</gc-end>
<concurrent-start id="314" type="GMP work packet processing" contextid="308" timestamp="2019-06-17T03:22:33.278">
  <concurrent-mark-start scanTarget="18446744073709551615" />
</concurrent-start>
<exclusive-end id="315" timestamp="2019-06-17T03:22:33.282" durationms="4.844" />

<concurrent-end id="316" type="GMP work packet processing" contextid="308" timestamp="2019-06-17T03:22:33.282">
  <concurrent-mark-end bytesScanned="2310560" reasonForTermination="Completed all work in GC phase" />
</concurrent-end>

<exclusive-start id="317" timestamp="2019-06-17T03:22:33.302" intervalms="25.590">
  <response-info timems="0.103" idlems="0.067" threads="1" lastid="0000000002937400" lastname="PmdThread 3" />
</exclusive-start>
<allocation-taxation id="318" taxation-threshold="3145728" timestamp="2019-06-17T03:22:33.302" intervalms="25.573" />
<cycle-start id="319" type="partial gc" contextid="0" timestamp="2019-06-17T03:22:33.302" intervalms="60.473" />
<gc-start id="320" type="partial gc" contextid="319" timestamp="2019-06-17T03:22:33.303">
  <mem-info id="321" free="1048576" total="19922944" percent="5">
    <mem type="eden" free="0" total="6291456" percent="0" />
    <remembered-set count="10944" freebytes="751488" totalbytes="795264" percent="94" regionsoverflowed="0" regionsstable="0" regionsrebuilding="0"/>
  </mem-info>
</gc-start>
<allocation-stats totalBytes="6269920" >
  <allocated-bytes non-tlh="744" tlh="6269176" arrayletleaf="0"/>
  <largest-consumer threadName="PmdThread 1" threadId="000000000292BC00" bytes="1011568" />
</allocation-stats>
<gc-op id="322" type="copy forward" timems="2.620" contextid="319" timestamp="2019-06-17T03:22:33.306">
  <memory-copied type="eden" objects="7977" bytes="792736" bytesdiscarded="0" />
  <memory-copied type="other" objects="2421" bytes="147544" bytesdiscarded="0" />
  <memory-cardclean objects="1647" bytes="81200" />
  <regions eden="6" other="1" />
  <remembered-set-cleared processed="8992" cleared="1268" durationms="0.144" />
  <finalization candidates="1" enqueued="0" />
  <references type="weak" candidates="493" cleared="0" enqueued="0" />
  <references type="phantom" candidates="25" cleared="0" enqueued="0" />
  <stringconstants candidates="4994" cleared="0"  />
  <heap-resize type="expand" space="default" amount="1048576" count="1" timems="0.065" reason="continue current collection" />
</gc-op>
<gc-op id="323" type="classunload" timems="0.002" contextid="319" timestamp="2019-06-17T03:22:33.306">
  <classunload-info classloadercandidates="10" classloadersunloaded="0" classesunloaded="0" anonymousclassesunloaded="0" quiescems="0.000" setupms="0.002" scanms="0.000" postms="0.000" />
</gc-op>
<heap-resize id="324" type="expand" space="default" amount="2097152" count="1" timems="0.068" reason="insufficient free space following gc" timestamp="2019-06-17T03:22:33.306" />
<gc-end id="325" type="partial gc" contextid="319" durationms="3.505" usertimems="4.000" systemtimems="0.000" timestamp="2019-06-17T03:22:33.306" activeThreads="1">
  <mem-info id="326" free="9437184" total="23068672" percent="40">
    <mem type="eden" free="253912" total="1048576" percent="24" />
    <remembered-set count="11456" freebytes="875008" totalbytes="920832" percent="95" regionsoverflowed="0" regionsstable="0" regionsrebuilding="0"/>
  </mem-info>
</gc-end>
<cycle-end id="327" type="partial gc" contextid="319" timestamp="2019-06-17T03:22:33.306" />
  <attribute name="elasticGC enabled" value="1" />
  <attribute name= "numThreadsSpecified" value="1" />
  <attribute name="heapSize specified" value="0" />
  <attribute name="Current GC Util" value="79" />
  <attribute name= "Current Time Running" value="12417" />
  <attribute name ="GC Interval" value="0" />
  <attribute name="ProportionalT" value="88.500000" />
  <attribute name="ProportionalI" value="88.500000" />
  <attribute name="ProportionalH" value="88.500000" />
  <attribute name="Current Error" value="59.000000" />
  <attribute name="IntegralT" value="0.000000" />
  <attribute name="IntegralI" value="0.000000" />
  <attribute name="IntegralH" value="0.000000" />
  <attribute name="DerivativeT" value="inf" />
  <attribute name="DerivativeI" value="inf" />
  <attribute name="DerivativeH" value="inf" />
  <attribute name="Loop Time for DT" value="0.000000" />
  <attribute name="Output H" value="8388608"/>
  <attribute name="Output I" value="200"/>
  <attribute name="Output T" value="1"/>
  <attribute name="Target GC Util Change" value ="20.000000" />
  <attribute name="Current GC Util Change" value="79.000000"/>
  <attribute name="GC Util currently" value="79" />
  <attribute name="CPU Util currently" value="25188907904610" />
<exclusive-end id="328" timestamp="2019-06-17T03:22:33.307" durationms="4.339" />

<exclusive-start id="329" timestamp="2019-06-17T03:22:33.337" intervalms="35.147">
  <response-info timems="0.048" idlems="0.030" threads="1" lastid="0000000002937400" lastname="PmdThread 3" />
</exclusive-start>
<allocation-taxation id="330" taxation-threshold="4194304" timestamp="2019-06-17T03:22:33.338" intervalms="35.459" />
<gc-start id="331" type="global mark phase" contextid="308" timestamp="2019-06-17T03:22:33.338">
  <mem-info id="332" free="5242880" total="23068672" percent="22">
    <remembered-set count="11168" freebytes="876160" totalbytes="920832" percent="95" regionsoverflowed="0" regionsstable="0" regionsrebuilding="0"/>
  </mem-info>
</gc-start>
<gc-op id="333" type="mark increment" timems="2.513" contextid="308" timestamp="2019-06-17T03:22:33.340">
  <trace-info objectcount="6312" scancount="5355" scanbytes="174952" />
  <cardclean-info objects="3074" bytes="126388" />
  <finalization candidates="58" enqueued="0" />
  <ownableSynchronizers candidates="8" cleared="0" />
  <references type="soft" candidates="230" cleared="11" enqueued="11" dynamicThreshold="13" maxThreshold="32" />
  <references type="weak" candidates="1264" cleared="389" enqueued="317" />
  <references type="phantom" candidates="169" cleared="40" enqueued="40" />
  <stringconstants candidates="4994" cleared="0"  />
</gc-op>
<gc-op id="334" type="classunload" timems="0.004" contextid="308" timestamp="2019-06-17T03:22:33.341">
  <classunload-info classloadercandidates="10" classloadersunloaded="0" classesunloaded="0" anonymousclassesunloaded="0" quiescems="0.000" setupms="0.004" scanms="0.000" postms="0.000" />
</gc-op>
<gc-end id="335" type="global mark phase" contextid="308" durationms="2.705" usertimems="8.000" systemtimems="0.000" timestamp="2019-06-17T03:22:33.341" activeThreads="4">
  <mem-info id="336" free="5242880" total="23068672" percent="22">
    <pending-finalizers system="0" default="0" reference="368" classloader="0" />
    <remembered-set count="11168" freebytes="876160" totalbytes="920832" percent="95" regionsoverflowed="0" regionsstable="0" regionsrebuilding="0"/>
  </mem-info>
</gc-end>
<cycle-end id="337" type="global mark phase" contextid="308" timestamp="2019-06-17T03:22:33.341" />
  <attribute name="elasticGC enabled" value="1" />
  <attribute name= "numThreadsSpecified" value="4" />
  <attribute name="heapSize specified" value="0" />
  <attribute name="Current GC Util" value="0" />
  <attribute name= "Current Time Running" value="12453" />
  <attribute name ="GC Interval" value="0" />
  <attribute name="ProportionalT" value="-30.000000" />
  <attribute name="ProportionalI" value="-30.000000" />
  <attribute name="ProportionalH" value="-30.000000" />
  <attribute name="Current Error" value="-20.000000" />
  <attribute name="IntegralT" value="-20.000000" />
  <attribute name="IntegralI" value="-20.000000" />
  <attribute name="IntegralH" value="-20.000000" />
  <attribute name="DerivativeT" value="-468.000000" />
  <attribute name="DerivativeI" value="-468.000000" />
  <attribute name="DerivativeH" value="-468.000000" />
  <attribute name="Loop Time for DT" value="1.000000" />
  <attribute name="Output H" value="2091843584"/>
  <attribute name="Output I" value="200"/>
  <attribute name="Output T" value="4"/>
  <attribute name="Target GC Util Change" value ="20.000000" />
  <attribute name="Current GC Util Change" value="0.000000"/>
  <attribute name="GC Util currently" value="0" />
  <attribute name="CPU Util currently" value="12521037738526" />
<exclusive-end id="338" timestamp="2019-06-17T03:22:33.341" durationms="3.362" />

<exclusive-start id="339" timestamp="2019-06-17T03:22:33.369" intervalms="31.970">
  <response-info timems="0.093" idlems="0.056" threads="1" lastid="000000000292BC00" lastname="PmdThread 1" />
</exclusive-start>
<allocation-taxation id="340" taxation-threshold="4194304" timestamp="2019-06-17T03:22:33.370" intervalms="32.010" />
<cycle-start id="341" type="partial gc" contextid="0" timestamp="2019-06-17T03:22:33.370" intervalms="67.467" />
<gc-start id="342" type="partial gc" contextid="341" timestamp="2019-06-17T03:22:33.370">
  <mem-info id="343" free="1048576" total="23068672" percent="4">
    <mem type="eden" free="0" total="8388608" percent="0" />
    <remembered-set count="11168" freebytes="876160" totalbytes="920832" percent="95" regionsoverflowed="0" regionsstable="0" regionsrebuilding="0"/>
  </mem-info>
</gc-start>
<allocation-stats totalBytes="8325816" >
  <allocated-bytes non-tlh="8200" tlh="8317616" arrayletleaf="0"/>
  <largest-consumer threadName="PmdThread 3" threadId="0000000002937400" bytes="1428048" />
</allocation-stats>
<gc-op id="344" type="sweep" timems="0.481" contextid="341" timestamp="2019-06-17T03:22:33.371" />
<gc-op id="345" type="copy forward" timems="2.872" contextid="341" timestamp="2019-06-17T03:22:33.374">
  <memory-copied type="eden" objects="8339" bytes="475216" bytesdiscarded="0" />
  <memory-copied type="other" objects="5216" bytes="424480" bytesdiscarded="0" />
  <memory-cardclean objects="1403" bytes="76392" />
  <memory-traced type="eden" objects="1568" bytes="64864" />
  <memory-traced type="other" objects="0" bytes="0" />
  <regions eden="4" other="5" evacuated="8" marked="1" />
  <remembered-set-cleared processed="9308" cleared="1303" durationms="0.135" />
  <finalization candidates="1" enqueued="0" />
  <references type="weak" candidates="250" cleared="0" enqueued="0" />
  <references type="phantom" candidates="28" cleared="0" enqueued="0" />
  <stringconstants candidates="4994" cleared="0"  />
  <heap-resize type="expand" space="default" amount="1048576" count="1" timems="0.055" reason="continue current collection" />
</gc-op>
<gc-op id="346" type="classunload" timems="0.002" contextid="341" timestamp="2019-06-17T03:22:33.374">
  <classunload-info classloadercandidates="10" classloadersunloaded="0" classesunloaded="0" anonymousclassesunloaded="0" quiescems="0.000" setupms="0.002" scanms="0.000" postms="0.000" />
</gc-op>
<gc-op id="347" type="sweep" timems="0.778" contextid="341" timestamp="2019-06-17T03:22:33.375" />
<gc-op id="348" type="compact" timems="1.752" contextid="341" timestamp="2019-06-17T03:22:33.377">
  <compact-info movecount="2395" movebytes="299032" />
  <remembered-set-cleared processed="19421" cleared="2039" durationms="0.135" />
</gc-op>
<heap-resize id="349" type="expand" space="default" amount="2097152" count="1" timems="0.061" reason="insufficient free space following gc" timestamp="2019-06-17T03:22:33.378" />
<gc-end id="350" type="partial gc" contextid="341" durationms="7.552" usertimems="8.000" systemtimems="0.000" timestamp="2019-06-17T03:22:33.378" activeThreads="4">
  <mem-info id="351" free="10485760" total="26214400" percent="40">
    <mem type="eden" free="1052008" total="2097152" percent="50" />
    <remembered-set count="11616" freebytes="999936" totalbytes="1046400" percent="95" regionsoverflowed="0" regionsstable="0" regionsrebuilding="0"/>
  </mem-info>
</gc-end>
<cycle-end id="352" type="partial gc" contextid="341" timestamp="2019-06-17T03:22:33.378" />
  <attribute name="elasticGC enabled" value="1" />
  <attribute name= "numThreadsSpecified" value="4" />
  <attribute name="heapSize specified" value="0" />
  <attribute name="Current GC Util" value="141" />
  <attribute name= "Current Time Running" value="12489" />
  <attribute name ="GC Interval" value="0" />
  <attribute name="ProportionalT" value="181.500000" />
  <attribute name="ProportionalI" value="181.500000" />
  <attribute name="ProportionalH" value="181.500000" />
  <attribute name="Current Error" value="121.000000" />
  <attribute name="IntegralT" value="121.000000" />
  <attribute name="IntegralI" value="121.000000" />
  <attribute name="IntegralH" value="121.000000" />
  <attribute name="DerivativeT" value="181.500000" />
  <attribute name="DerivativeI" value="181.500000" />
  <attribute name="DerivativeH" value="181.500000" />
  <attribute name="Loop Time for DT" value="1.000000" />
  <attribute name="Output H" value="8388608"/>
  <attribute name="Output I" value="488"/>
  <attribute name="Output T" value="4"/>
  <attribute name="Target GC Util Change" value ="20.000000" />
  <attribute name="Current GC Util Change" value="141.000000"/>
  <attribute name="GC Util currently" value="141" />
  <attribute name="CPU Util currently" value="4728746124837" />
<exclusive-end id="353" timestamp="2019-06-17T03:22:33.378" durationms="8.675" />

<exclusive-start id="354" timestamp="2019-06-17T03:22:33.398" intervalms="28.997">
  <response-info timems="0.077" idlems="0.048" threads="1" lastid="000000000293B000" lastname="PmdThread 4" />
</exclusive-start>
<allocation-taxation id="355" taxation-threshold="5242880" timestamp="2019-06-17T03:22:33.398" intervalms="28.615" />
<cycle-start id="356" type="global mark phase" contextid="0" timestamp="2019-06-17T03:22:33.399" intervalms="121.641" />
<gc-start id="357" type="global mark phase" contextid="356" timestamp="2019-06-17T03:22:33.399">
  <mem-info id="358" free="5242880" total="26214400" percent="20">
    <remembered-set count="11616" freebytes="999936" totalbytes="1046400" percent="95" regionsoverflowed="0" regionsstable="0" regionsrebuilding="0"/>
  </mem-info>
</gc-start>
<gc-op id="359" type="mark increment" timems="0.555" contextid="356" timestamp="2019-06-17T03:22:33.399">
  <trace-info objectcount="301" scancount="0" scanbytes="0" />
</gc-op>
<gc-end id="360" type="global mark phase" contextid="356" durationms="0.673" usertimems="4.000" systemtimems="0.000" timestamp="2019-06-17T03:22:33.399" activeThreads="4">
  <mem-info id="361" free="5242880" total="26214400" percent="20">
    <remembered-set count="11616" freebytes="999936" totalbytes="1046400" percent="95" regionsoverflowed="0" regionsstable="0" regionsrebuilding="0"/>
  </mem-info>
</gc-end>
<concurrent-start id="362" type="GMP work packet processing" contextid="356" timestamp="2019-06-17T03:22:33.399">
  <concurrent-mark-start scanTarget="18446744073709551615" />
</concurrent-start>
<exclusive-end id="363" timestamp="2019-06-17T03:22:33.399" durationms="1.064" />

<concurrent-end id="364" type="GMP work packet processing" contextid="356" timestamp="2019-06-17T03:22:33.406">
  <concurrent-mark-end bytesScanned="3467912" reasonForTermination="Completed all work in GC phase" />
</concurrent-end>

<exclusive-start id="365" timestamp="2019-06-17T03:22:33.418" intervalms="19.954">
  <response-info timems="0.037" idlems="0.037" threads="0" lastid="000000000292F800" lastname="PmdThread 2" />
</exclusive-start>
<allocation-taxation id="366" taxation-threshold="5242880" timestamp="2019-06-17T03:22:33.419" intervalms="20.146" />
<cycle-start id="367" type="partial gc" contextid="0" timestamp="2019-06-17T03:22:33.419" intervalms="48.764" />
<gc-start id="368" type="partial gc" contextid="367" timestamp="2019-06-17T03:22:33.419">
  <mem-info id="369" free="0" total="26214400" percent="0">
    <mem type="eden" free="0" total="10485760" percent="0" />
    <remembered-set count="11616" freebytes="999936" totalbytes="1046400" percent="95" regionsoverflowed="0" regionsstable="0" regionsrebuilding="0"/>
  </mem-info>
</gc-start>
<allocation-stats totalBytes="10479184" >
  <allocated-bytes non-tlh="432" tlh="10478752" arrayletleaf="0"/>
  <largest-consumer threadName="PmdThread 1" threadId="000000000292BC00" bytes="2051736" />
</allocation-stats>
<gc-op id="370" type="mark" timems="5.130" contextid="367" timestamp="2019-06-17T03:22:33.425">
  <trace-info objectcount="78849" scancount="72226" scanbytes="2628168" />
  <cardclean-info objects="1555" bytes="69736" />
  <remembered-set-cleared processed="9596" cleared="1262" durationms="0.144" />
  <references type="weak" candidates="94" cleared="94" enqueued="94" />
  <references type="phantom" candidates="30" cleared="15" enqueued="15" />
  <stringconstants candidates="4997" cleared="0"  />
  <warning details="Mark invoked due to insufficient free space for Copy-Forward" />
</gc-op>
<gc-op id="371" type="classunload" timems="0.002" contextid="367" timestamp="2019-06-17T03:22:33.425">
  <classunload-info classloadercandidates="10" classloadersunloaded="0" classesunloaded="0" anonymousclassesunloaded="0" quiescems="0.000" setupms="0.002" scanms="0.000" postms="0.000" />
</gc-op>
<gc-op id="372" type="sweep" timems="0.861" contextid="367" timestamp="2019-06-17T03:22:33.426" />
<gc-op id="373" type="compact" timems="5.973" contextid="367" timestamp="2019-06-17T03:22:33.432">
  <compact-info movecount="79102" movebytes="3576784" />
  <remembered-set-cleared processed="22141" cleared="5565" durationms="0.144" />
</gc-op>
<heap-resize id="374" type="expand" space="default" amount="3145728" count="1" timems="0.067" reason="insufficient free space following gc" timestamp="2019-06-17T03:22:33.432" />
<gc-end id="375" type="partial gc" contextid="367" durationms="13.345" usertimems="20.000" systemtimems="0.000" timestamp="2019-06-17T03:22:33.432" activeThreads="4">
  <mem-info id="376" free="11534336" total="29360128" percent="39">
    <mem type="eden" free="400568" total="3145728" percent="12" />
    <pending-finalizers system="0" default="0" reference="109" classloader="0" />
    <remembered-set count="17600" freebytes="1101568" totalbytes="1171968" percent="93" regionsoverflowed="0" regionsstable="0" regionsrebuilding="0"/>
  </mem-info>
</gc-end>
<cycle-end id="377" type="partial gc" contextid="367" timestamp="2019-06-17T03:22:33.432" />
  <attribute name="elasticGC enabled" value="1" />
  <attribute name= "numThreadsSpecified" value="4" />
  <attribute name="heapSize specified" value="0" />
  <attribute name="Current GC Util" value="153" />
  <attribute name= "Current Time Running" value="12539" />
  <attribute name ="GC Interval" value="0" />
  <attribute name="ProportionalT" value="199.500000" />
  <attribute name="ProportionalI" value="199.500000" />
  <attribute name="ProportionalH" value="199.500000" />
  <attribute name="Current Error" value="133.000000" />
  <attribute name="IntegralT" value="133.000000" />
  <attribute name="IntegralI" value="133.000000" />
  <attribute name="IntegralH" value="133.000000" />
  <attribute name="DerivativeT" value="199.500000" />
  <attribute name="DerivativeI" value="199.500000" />
  <attribute name="DerivativeH" value="199.500000" />
  <attribute name="Loop Time for DT" value="1.000000" />
  <attribute name="Output H" value="8388608"/>
  <attribute name="Output I" value="536"/>
  <attribute name="Output T" value="4"/>
  <attribute name="Target GC Util Change" value ="20.000000" />
  <attribute name="Current GC Util Change" value="153.000000"/>
  <attribute name="GC Util currently" value="153" />
  <attribute name="CPU Util currently" value="4252071333292" />
<exclusive-end id="378" timestamp="2019-06-17T03:22:33.433" durationms="14.208" />

<exclusive-start id="379" timestamp="2019-06-17T03:22:33.446" intervalms="27.385">
  <response-info timems="0.040" idlems="0.040" threads="0" lastid="000000000292BC00" lastname="PmdThread 1" />
</exclusive-start>
<allocation-taxation id="380" taxation-threshold="5242880" timestamp="2019-06-17T03:22:33.446" intervalms="27.199" />
<gc-start id="381" type="global mark phase" contextid="356" timestamp="2019-06-17T03:22:33.446">
  <mem-info id="382" free="6291456" total="29360128" percent="21">
    <remembered-set count="17152" freebytes="1103360" totalbytes="1171968" percent="94" regionsoverflowed="0" regionsstable="0" regionsrebuilding="0"/>
  </mem-info>
</gc-start>
<gc-op id="383" type="mark increment" timems="6.095" contextid="356" timestamp="2019-06-17T03:22:33.452">
  <trace-info objectcount="107087" scancount="98015" scanbytes="3578708" />
  <cardclean-info objects="2101" bytes="86336" />
  <finalization candidates="58" enqueued="0" />
  <ownableSynchronizers candidates="8" cleared="0" />
  <references type="soft" candidates="219" cleared="2" enqueued="2" dynamicThreshold="12" maxThreshold="32" />
  <references type="weak" candidates="878" cleared="3" enqueued="3" />
  <references type="phantom" candidates="129" cleared="1" enqueued="1" />
  <stringconstants candidates="4997" cleared="0"  />
</gc-op>
<gc-op id="384" type="classunload" timems="0.004" contextid="356" timestamp="2019-06-17T03:22:33.452">
  <classunload-info classloadercandidates="10" classloadersunloaded="0" classesunloaded="0" anonymousclassesunloaded="0" quiescems="0.000" setupms="0.004" scanms="0.000" postms="0.000" />
</gc-op>
<gc-end id="385" type="global mark phase" contextid="356" durationms="6.359" usertimems="4.000" systemtimems="4.000" timestamp="2019-06-17T03:22:33.452" activeThreads="4">
  <mem-info id="386" free="6291456" total="29360128" percent="21">
    <pending-finalizers system="0" default="0" reference="6" classloader="0" />
    <remembered-set count="17152" freebytes="1103360" totalbytes="1171968" percent="94" regionsoverflowed="0" regionsstable="0" regionsrebuilding="0"/>
  </mem-info>
</gc-end>
<cycle-end id="387" type="global mark phase" contextid="356" timestamp="2019-06-17T03:22:33.452" />
  <attribute name="elasticGC enabled" value="1" />
  <attribute name= "numThreadsSpecified" value="4" />
  <attribute name="heapSize specified" value="0" />
  <attribute name="Current GC Util" value="0" />
  <attribute name= "Current Time Running" value="12565" />
  <attribute name ="GC Interval" value="0" />
  <attribute name="ProportionalT" value="-30.000000" />
  <attribute name="ProportionalI" value="-30.000000" />
  <attribute name="ProportionalH" value="-30.000000" />
  <attribute name="Current Error" value="-20.000000" />
  <attribute name="IntegralT" value="-100.000000" />
  <attribute name="IntegralI" value="-100.000000" />
  <attribute name="IntegralH" value="-100.000000" />
  <attribute name="DerivativeT" value="-36.600000" />
  <attribute name="DerivativeI" value="-36.600000" />
  <attribute name="DerivativeH" value="-36.600000" />
  <attribute name="Loop Time for DT" value="5.000000" />
  <attribute name="Output H" value="2091843584"/>
  <attribute name="Output I" value="200"/>
  <attribute name="Output T" value="4"/>
  <attribute name="Target GC Util Change" value ="20.000000" />
  <attribute name="Current GC Util Change" value="0.000000"/>
  <attribute name="GC Util currently" value="0" />
  <attribute name="CPU Util currently" value="973615588555" />
<exclusive-end id="388" timestamp="2019-06-17T03:22:33.452" durationms="6.711" />

<exclusive-start id="389" timestamp="2019-06-17T03:22:33.469" intervalms="23.379">
  <response-info timems="0.052" idlems="0.052" threads="0" lastid="000000000292BC00" lastname="PmdThread 1" />
</exclusive-start>
<allocation-taxation id="390" taxation-threshold="5242880" timestamp="2019-06-17T03:22:33.469" intervalms="23.400" />
<cycle-start id="391" type="partial gc" contextid="0" timestamp="2019-06-17T03:22:33.469" intervalms="50.594" />
<gc-start id="392" type="partial gc" contextid="391" timestamp="2019-06-17T03:22:33.470">
  <mem-info id="393" free="1048576" total="29360128" percent="3">
    <mem type="eden" free="0" total="10485760" percent="0" />
    <remembered-set count="17152" freebytes="1103360" totalbytes="1171968" percent="94" regionsoverflowed="0" regionsstable="0" regionsrebuilding="0"/>
  </mem-info>
</gc-start>
<allocation-stats totalBytes="10483016" >
  <allocated-bytes non-tlh="0" tlh="10483016" arrayletleaf="0"/>
  <largest-consumer threadName="PmdThread 1" threadId="000000000292BC00" bytes="2293168" />
</allocation-stats>
<gc-op id="394" type="sweep" timems="0.568" contextid="391" timestamp="2019-06-17T03:22:33.470" />
<gc-op id="395" type="copy forward" timems="14.824" contextid="391" timestamp="2019-06-17T03:22:33.486">
  <memory-copied type="eden" objects="32686" bytes="1235880" bytesdiscarded="7" />
  <memory-copied type="other" objects="95568" bytes="3755696" bytesdiscarded="17" />
  <memory-cardclean objects="2764" bytes="123272" />
  <regions eden="5" other="8" />
  <remembered-set-cleared processed="13378" cleared="4299" durationms="0.163" />
  <references type="weak" candidates="18" cleared="0" enqueued="0" />
  <references type="phantom" candidates="2" cleared="0" enqueued="0" />
  <stringconstants candidates="4997" cleared="0"  />
  <heap-resize type="expand" space="default" amount="5242880" count="5" timems="0.268" reason="continue current collection" />
</gc-op>
<gc-op id="396" type="classunload" timems="0.004" contextid="391" timestamp="2019-06-17T03:22:33.486">
  <classunload-info classloadercandidates="10" classloadersunloaded="0" classesunloaded="0" anonymousclassesunloaded="0" quiescems="0.000" setupms="0.003" scanms="0.000" postms="0.000" />
</gc-op>
<gc-op id="397" type="compact" timems="1.071" contextid="391" timestamp="2019-06-17T03:22:33.487">
  <compact-info movecount="0" movebytes="0" />
  <remembered-set-cleared processed="32002" cleared="4299" durationms="0.163" />
</gc-op>
<heap-resize id="398" type="expand" space="default" amount="6291456" count="1" timems="0.076" reason="excessive time being spent in gc" timestamp="2019-06-17T03:22:33.487" />
<gc-end id="399" type="partial gc" contextid="391" durationms="17.862" usertimems="16.000" systemtimems="4.000" timestamp="2019-06-17T03:22:33.487" activeThreads="4">
  <mem-info id="400" free="19922944" total="40894464" percent="48">
    <mem type="eden" free="605848" total="3145728" percent="19" />
    <remembered-set count="19776" freebytes="1553280" totalbytes="1632384" percent="95" regionsoverflowed="0" regionsstable="0" regionsrebuilding="0"/>
  </mem-info>
</gc-end>
<cycle-end id="401" type="partial gc" contextid="391" timestamp="2019-06-17T03:22:33.487" />
  <attribute name="elasticGC enabled" value="1" />
  <attribute name= "numThreadsSpecified" value="4" />
  <attribute name="heapSize specified" value="0" />
  <attribute name="Current GC Util" value="0" />
  <attribute name= "Current Time Running" value="12600" />
  <attribute name ="GC Interval" value="0" />
  <attribute name="ProportionalT" value="-30.000000" />
  <attribute name="ProportionalI" value="-30.000000" />
  <attribute name="ProportionalH" value="-30.000000" />
  <attribute name="Current Error" value="-20.000000" />
  <attribute name="IntegralT" value="-320.000000" />
  <attribute name="IntegralI" value="-320.000000" />
  <attribute name="IntegralH" value="-320.000000" />
  <attribute name="DerivativeT" value="-5.437500" />
  <attribute name="DerivativeI" value="-5.437500" />
  <attribute name="DerivativeH" value="-5.437500" />
  <attribute name="Loop Time for DT" value="16.000000" />
  <attribute name="Output H" value="2091843584"/>
  <attribute name="Output I" value="200"/>
  <attribute name="Output T" value="4"/>
  <attribute name="Target GC Util Change" value ="20.000000" />
  <attribute name="Current GC Util Change" value="0.000000"/>
  <attribute name="GC Util currently" value="0" />
  <attribute name="CPU Util currently" value="302991874886" />
<exclusive-end id="402" timestamp="2019-06-17T03:22:33.488" durationms="18.490" />

<exclusive-start id="403" timestamp="2019-06-17T03:22:33.509" intervalms="39.878">
  <response-info timems="0.209" idlems="0.183" threads="2" lastid="000000000261F300" lastname="JIT Compilation Thread-0" />
</exclusive-start>
<allocation-taxation id="404" taxation-threshold="8388608" timestamp="2019-06-17T03:22:33.509" intervalms="39.887" />
<cycle-start id="405" type="global mark phase" contextid="0" timestamp="2019-06-17T03:22:33.509" intervalms="110.672" />
<gc-start id="406" type="global mark phase" contextid="405" timestamp="2019-06-17T03:22:33.509">
  <mem-info id="407" free="11534336" total="40894464" percent="28">
    <remembered-set count="19776" freebytes="1553280" totalbytes="1632384" percent="95" regionsoverflowed="0" regionsstable="0" regionsrebuilding="0"/>
  </mem-info>
</gc-start>
<gc-op id="408" type="mark increment" timems="0.642" contextid="405" timestamp="2019-06-17T03:22:33.510">
  <trace-info objectcount="290" scancount="0" scanbytes="0" />
</gc-op>
<gc-end id="409" type="global mark phase" contextid="405" durationms="0.765" usertimems="0.000" systemtimems="0.000" timestamp="2019-06-17T03:22:33.510" activeThreads="1">
  <mem-info id="410" free="11534336" total="40894464" percent="28">
    <remembered-set count="19776" freebytes="1553280" totalbytes="1632384" percent="95" regionsoverflowed="0" regionsstable="0" regionsrebuilding="0"/>
  </mem-info>
</gc-end>
<concurrent-start id="411" type="GMP work packet processing" contextid="405" timestamp="2019-06-17T03:22:33.510">
  <concurrent-mark-start scanTarget="18446744073709551615" />
</concurrent-start>
<exclusive-end id="412" timestamp="2019-06-17T03:22:33.514" durationms="5.111" />

<concurrent-end id="413" type="GMP work packet processing" contextid="405" timestamp="2019-06-17T03:22:33.514">
  <concurrent-mark-end bytesScanned="6948856" reasonForTermination="Completed all work in GC phase" />
</concurrent-end>

<exclusive-start id="414" timestamp="2019-06-17T03:22:33.541" intervalms="31.727">
  <response-info timems="0.045" idlems="0.045" threads="0" lastid="0000000002937400" lastname="PmdThread 3" />
</exclusive-start>
<allocation-taxation id="415" taxation-threshold="8388608" timestamp="2019-06-17T03:22:33.541" intervalms="31.719" />
<cycle-start id="416" type="partial gc" contextid="0" timestamp="2019-06-17T03:22:33.541" intervalms="71.618" />
<gc-start id="417" type="partial gc" contextid="416" timestamp="2019-06-17T03:22:33.541">
  <mem-info id="418" free="3145728" total="40894464" percent="7">
    <mem type="eden" free="0" total="16777216" percent="0" />
    <remembered-set count="19776" freebytes="1553280" totalbytes="1632384" percent="95" regionsoverflowed="0" regionsstable="0" regionsrebuilding="0"/>
  </mem-info>
</gc-start>
<allocation-stats totalBytes="16769224" >
  <allocated-bytes non-tlh="64" tlh="16769160" arrayletleaf="0"/>
  <largest-consumer threadName="PmdThread 1" threadId="000000000292BC00" bytes="3563000" />
</allocation-stats>
<gc-op id="419" type="copy forward" timems="11.631" contextid="416" timestamp="2019-06-17T03:22:33.554">
  <memory-copied type="eden" objects="61518" bytes="2450808" bytesdiscarded="567232" />
  <memory-copied type="other" objects="66388" bytes="2531936" bytesdiscarded="50544" />
  <memory-cardclean objects="18598" bytes="934800" />
  <regions eden="16" other="4" />
  <remembered-set-cleared processed="18040" cleared="6162" durationms="0.114" />
  <finalization candidates="1" enqueued="0" />
  <references type="soft" candidates="2" cleared="0" enqueued="0" dynamicThreshold="9" maxThreshold="32" />
  <references type="weak" candidates="321" cleared="0" enqueued="0" />
  <references type="phantom" candidates="7" cleared="0" enqueued="0" />
  <stringconstants candidates="4998" cleared="0"  />
  <heap-resize type="expand" space="default" amount="4194304" count="4" timems="0.258" reason="continue current collection" />
</gc-op>
<gc-op id="420" type="classunload" timems="0.004" contextid="416" timestamp="2019-06-17T03:22:33.554">
  <classunload-info classloadercandidates="10" classloadersunloaded="0" classesunloaded="0" anonymousclassesunloaded="0" quiescems="0.000" setupms="0.004" scanms="0.000" postms="0.000" />
</gc-op>
<gc-op id="421" type="compact" timems="0.857" contextid="416" timestamp="2019-06-17T03:22:33.555">
  <compact-info movecount="0" movebytes="0" />
  <remembered-set-cleared processed="45681" cleared="6162" durationms="0.114" />
</gc-op>
<heap-resize id="422" type="expand" space="default" amount="8388608" count="1" timems="0.087" reason="excessive time being spent in gc" timestamp="2019-06-17T03:22:33.555" />
<gc-end id="423" type="partial gc" contextid="416" durationms="13.936" usertimems="16.000" systemtimems="4.000" timestamp="2019-06-17T03:22:33.555" activeThreads="4">
  <mem-info id="424" free="29360128" total="53477376" percent="54">
    <mem type="eden" free="124840" total="3145728" percent="3" />
    <remembered-set count="29984" freebytes="2014720" totalbytes="2134656" percent="94" regionsoverflowed="0" regionsstable="0" regionsrebuilding="0"/>
  </mem-info>
</gc-end>
<cycle-end id="425" type="partial gc" contextid="416" timestamp="2019-06-17T03:22:33.555" />
  <attribute name="elasticGC enabled" value="1" />
  <attribute name= "numThreadsSpecified" value="4" />
  <attribute name="heapSize specified" value="0" />
  <attribute name="Current GC Util" value="82" />
  <attribute name= "Current Time Running" value="12667" />
  <attribute name ="GC Interval" value="0" />
  <attribute name="ProportionalT" value="93.000000" />
  <attribute name="ProportionalI" value="93.000000" />
  <attribute name="ProportionalH" value="93.000000" />
  <attribute name="Current Error" value="62.000000" />
  <attribute name="IntegralT" value="682.000000" />
  <attribute name="IntegralI" value="682.000000" />
  <attribute name="IntegralH" value="682.000000" />
  <attribute name="DerivativeT" value="3.409091" />
  <attribute name="DerivativeI" value="3.409091" />
  <attribute name="DerivativeH" value="3.409091" />
  <attribute name="Loop Time for DT" value="11.000000" />
  <attribute name="Output H" value="8388608"/>
  <attribute name="Output I" value="784"/>
  <attribute name="Output T" value="4"/>
  <attribute name="Target GC Util Change" value ="20.000000" />
  <attribute name="Current GC Util Change" value="82.000000"/>
  <attribute name="GC Util currently" value="82" />
  <attribute name="CPU Util currently" value="386570246602" />
<exclusive-end id="426" timestamp="2019-06-17T03:22:33.555" durationms="14.566" />

<exclusive-start id="427" timestamp="2019-06-17T03:22:33.579" intervalms="38.278">
  <response-info timems="0.038" idlems="0.038" threads="0" lastid="000000000292BC00" lastname="PmdThread 1" />
</exclusive-start>
<allocation-taxation id="428" taxation-threshold="9437184" timestamp="2019-06-17T03:22:33.579" intervalms="38.273" />
<gc-start id="429" type="global mark phase" contextid="405" timestamp="2019-06-17T03:22:33.579">
  <mem-info id="430" free="19922944" total="53477376" percent="37">
    <remembered-set count="29984" freebytes="2014720" totalbytes="2134656" percent="94" regionsoverflowed="0" regionsstable="0" regionsrebuilding="0"/>
  </mem-info>
</gc-start>
<gc-op id="431" type="mark increment" timems="3.072" contextid="405" timestamp="2019-06-17T03:22:33.582">
  <trace-info objectcount="66987" scancount="61854" scanbytes="2265468" />
  <cardclean-info objects="39939" bytes="1707076" />
  <finalization candidates="59" enqueued="0" />
  <ownableSynchronizers candidates="8" cleared="0" />
  <references type="soft" candidates="217" cleared="0" enqueued="0" dynamicThreshold="17" maxThreshold="32" />
  <references type="weak" candidates="1203" cleared="322" enqueued="322" />
  <references type="phantom" candidates="136" cleared="9" enqueued="9" />
  <stringconstants candidates="4998" cleared="0"  />
</gc-op>
<gc-op id="432" type="classunload" timems="0.004" contextid="405" timestamp="2019-06-17T03:22:33.582">
  <classunload-info classloadercandidates="10" classloadersunloaded="0" classesunloaded="0" anonymousclassesunloaded="0" quiescems="0.000" setupms="0.004" scanms="0.000" postms="0.000" />
</gc-op>
<gc-end id="433" type="global mark phase" contextid="405" durationms="3.332" usertimems="8.000" systemtimems="0.000" timestamp="2019-06-17T03:22:33.583" activeThreads="4">
  <mem-info id="434" free="19922944" total="53477376" percent="37">
    <pending-finalizers system="0" default="0" reference="331" classloader="0" />
    <remembered-set count="29984" freebytes="2014720" totalbytes="2134656" percent="94" regionsoverflowed="0" regionsstable="0" regionsrebuilding="0"/>
  </mem-info>
</gc-end>
<cycle-end id="435" type="global mark phase" contextid="405" timestamp="2019-06-17T03:22:33.583" />
  <attribute name="elasticGC enabled" value="1" />
  <attribute name= "numThreadsSpecified" value="4" />
  <attribute name="heapSize specified" value="0" />
  <attribute name="Current GC Util" value="170" />
  <attribute name= "Current Time Running" value="12695" />
  <attribute name ="GC Interval" value="0" />
  <attribute name="ProportionalT" value="225.000000" />
  <attribute name="ProportionalI" value="225.000000" />
  <attribute name="ProportionalH" value="225.000000" />
  <attribute name="Current Error" value="150.000000" />
  <attribute name="IntegralT" value="150.000000" />
  <attribute name="IntegralI" value="150.000000" />
  <attribute name="IntegralH" value="150.000000" />
  <attribute name="DerivativeT" value="27.000000" />
  <attribute name="DerivativeI" value="27.000000" />
  <attribute name="DerivativeH" value="27.000000" />
  <attribute name="Loop Time for DT" value="1.000000" />
  <attribute name="Output H" value="8388608"/>
  <attribute name="Output I" value="408"/>
  <attribute name="Output T" value="4"/>
  <attribute name="Target GC Util Change" value ="20.000000" />
  <attribute name="Current GC Util Change" value="170.000000"/>
  <attribute name="GC Util currently" value="170" />
  <attribute name="CPU Util currently" value="3493397175598" />
<exclusive-end id="436" timestamp="2019-06-17T03:22:33.583" durationms="3.697" />

<exclusive-start id="437" timestamp="2019-06-17T03:22:33.616" intervalms="37.145">
  <response-info timems="0.036" idlems="0.036" threads="0" lastid="000000000292BC00" lastname="PmdThread 1" />
</exclusive-start>
<allocation-taxation id="438" taxation-threshold="9437184" timestamp="2019-06-17T03:22:33.616" intervalms="37.151" />
<cycle-start id="439" type="partial gc" contextid="0" timestamp="2019-06-17T03:22:33.616" intervalms="75.412" />
<gc-start id="440" type="partial gc" contextid="439" timestamp="2019-06-17T03:22:33.617">
  <mem-info id="441" free="10485760" total="53477376" percent="19">
    <mem type="eden" free="0" total="18874368" percent="0" />
    <remembered-set count="29984" freebytes="2014720" totalbytes="2134656" percent="94" regionsoverflowed="0" regionsstable="0" regionsrebuilding="0"/>
  </mem-info>
</gc-start>
<allocation-stats totalBytes="18870416" >
  <allocated-bytes non-tlh="88" tlh="18870328" arrayletleaf="0"/>
  <largest-consumer threadName="PmdThread 1" threadId="000000000292BC00" bytes="4181528" />
</allocation-stats>
<gc-op id="442" type="sweep" timems="0.550" contextid="439" timestamp="2019-06-17T03:22:33.617" />
<gc-op id="443" type="copy forward" timems="7.362" contextid="439" timestamp="2019-06-17T03:22:33.625">
  <memory-copied type="eden" objects="35902" bytes="1475416" bytesdiscarded="56086" />
  <memory-copied type="other" objects="88374" bytes="3413896" bytesdiscarded="233114" />
  <memory-cardclean objects="3158" bytes="149248" />
  <regions eden="9" other="13" />
  <remembered-set-cleared processed="26927" cleared="4585" durationms="0.147" />
  <finalization candidates="1" enqueued="0" />
  <references type="soft" candidates="2" cleared="0" enqueued="0" dynamicThreshold="11" maxThreshold="32" />
  <references type="weak" candidates="284" cleared="0" enqueued="0" />
  <references type="phantom" candidates="4" cleared="0" enqueued="0" />
  <stringconstants candidates="4998" cleared="0"  />
</gc-op>
<gc-op id="444" type="classunload" timems="0.003" contextid="439" timestamp="2019-06-17T03:22:33.625">
  <classunload-info classloadercandidates="10" classloadersunloaded="0" classesunloaded="0" anonymousclassesunloaded="0" quiescems="0.000" setupms="0.003" scanms="0.000" postms="0.000" />
</gc-op>
<heap-resize id="445" type="expand" space="default" amount="9437184" count="1" timems="0.106" reason="excessive time being spent in gc" timestamp="2019-06-17T03:22:33.626" />
<gc-end id="446" type="partial gc" contextid="439" durationms="9.105" usertimems="12.000" systemtimems="4.000" timestamp="2019-06-17T03:22:33.626" activeThreads="4">
  <mem-info id="447" free="35651584" total="62914560" percent="56">
    <mem type="eden" free="428328" total="3145728" percent="13" />
    <remembered-set count="36448" freebytes="2365568" totalbytes="2511360" percent="94" regionsoverflowed="0" regionsstable="0" regionsrebuilding="0"/>
  </mem-info>
</gc-end>
<cycle-end id="448" type="partial gc" contextid="439" timestamp="2019-06-17T03:22:33.626" />
  <attribute name="elasticGC enabled" value="1" />
  <attribute name= "numThreadsSpecified" value="4" />
  <attribute name="heapSize specified" value="0" />
  <attribute name="Current GC Util" value="54" />
  <attribute name= "Current Time Running" value="12731" />
  <attribute name ="GC Interval" value="0" />
  <attribute name="ProportionalT" value="51.000000" />
  <attribute name="ProportionalI" value="51.000000" />
  <attribute name="ProportionalH" value="51.000000" />
  <attribute name="Current Error" value="34.000000" />
  <attribute name="IntegralT" value="0.000000" />
  <attribute name="IntegralI" value="0.000000" />
  <attribute name="IntegralH" value="0.000000" />
  <attribute name="DerivativeT" value="-inf" />
  <attribute name="DerivativeI" value="-inf" />
  <attribute name="DerivativeH" value="-inf" />
  <attribute name="Loop Time for DT" value="0.000000" />
  <attribute name="Output H" value="2091843584"/>
  <attribute name="Output I" value="200"/>
  <attribute name="Output T" value="4"/>
  <attribute name="Target GC Util Change" value ="20.000000" />
  <attribute name="Current GC Util Change" value="54.000000"/>
  <attribute name="GC Util currently" value="54" />
  <attribute name="CPU Util currently" value="23264084568163" />
<exclusive-end id="449" timestamp="2019-06-17T03:22:33.626" durationms="9.758" />

<exclusive-start id="450" timestamp="2019-06-17T03:22:33.720" intervalms="104.211">
  <response-info timems="0.034" idlems="0.034" threads="0" lastid="000000000292F800" lastname="PmdThread 2" />
</exclusive-start>
<allocation-taxation id="451" taxation-threshold="22020096" timestamp="2019-06-17T03:22:33.720" intervalms="104.246" />
<cycle-start id="452" type="partial gc" contextid="0" timestamp="2019-06-17T03:22:33.721" intervalms="104.243" />
<gc-start id="453" type="partial gc" contextid="452" timestamp="2019-06-17T03:22:33.721">
  <mem-info id="454" free="13631488" total="62914560" percent="21">
    <mem type="eden" free="0" total="22020096" percent="0" />
    <remembered-set count="36160" freebytes="2366720" totalbytes="2511360" percent="94" regionsoverflowed="0" regionsstable="0" regionsrebuilding="0"/>
  </mem-info>
</gc-start>
<allocation-stats totalBytes="22013784" >
  <allocated-bytes non-tlh="6632" tlh="22007152" arrayletleaf="0"/>
  <largest-consumer threadName="PmdThread 1" threadId="000000000292BC00" bytes="9317656" />
</allocation-stats>
<gc-op id="455" type="copy forward" timems="15.168" contextid="452" timestamp="2019-06-17T03:22:33.736">
  <memory-copied type="eden" objects="52464" bytes="2092008" bytesdiscarded="16" />
  <memory-copied type="other" objects="64295" bytes="2519944" bytesdiscarded="440" />
  <memory-cardclean objects="36498" bytes="2032272" />
  <regions eden="21" other="5" />
  <remembered-set-cleared processed="30649" cleared="13024" durationms="0.362" />
  <finalization candidates="1" enqueued="0" />
  <references type="soft" candidates="28" cleared="0" enqueued="0" dynamicThreshold="18" maxThreshold="32" />
  <references type="weak" candidates="561" cleared="0" enqueued="0" />
  <references type="phantom" candidates="27" cleared="0" enqueued="0" />
  <stringconstants candidates="5042" cleared="0"  />
</gc-op>
<gc-op id="456" type="classunload" timems="0.003" contextid="452" timestamp="2019-06-17T03:22:33.737">
  <classunload-info classloadercandidates="10" classloadersunloaded="0" classesunloaded="0" anonymousclassesunloaded="0" quiescems="0.000" setupms="0.003" scanms="0.000" postms="0.000" />
</gc-op>
<heap-resize id="457" type="expand" space="default" amount="10485760" count="1" timems="0.106" reason="excessive time being spent in gc" timestamp="2019-06-17T03:22:33.737" />
<gc-end id="458" type="partial gc" contextid="452" durationms="16.237" usertimems="12.000" systemtimems="4.000" timestamp="2019-06-17T03:22:33.737" activeThreads="1">
  <mem-info id="459" free="44040192" total="73400320" percent="60">
    <mem type="eden" free="1048552" total="3145728" percent="33" />
    <remembered-set count="41440" freebytes="2764160" totalbytes="2929920" percent="94" regionsoverflowed="0" regionsstable="0" regionsrebuilding="0"/>
  </mem-info>
</gc-end>
<cycle-end id="460" type="partial gc" contextid="452" timestamp="2019-06-17T03:22:33.737" />
  <attribute name="elasticGC enabled" value="1" />
  <attribute name= "numThreadsSpecified" value="1" />
  <attribute name="heapSize specified" value="0" />
  <attribute name="Current GC Util" value="59" />
  <attribute name= "Current Time Running" value="12835" />
  <attribute name ="GC Interval" value="0" />
  <attribute name="ProportionalT" value="58.500000" />
  <attribute name="ProportionalI" value="58.500000" />
  <attribute name="ProportionalH" value="58.500000" />
  <attribute name="Current Error" value="39.000000" />
  <attribute name="IntegralT" value="0.000000" />
  <attribute name="IntegralI" value="0.000000" />
  <attribute name="IntegralH" value="0.000000" />
  <attribute name="DerivativeT" value="inf" />
  <attribute name="DerivativeI" value="inf" />
  <attribute name="DerivativeH" value="inf" />
  <attribute name="Loop Time for DT" value="0.000000" />
  <attribute name="Output H" value="8388608"/>
  <attribute name="Output I" value="200"/>
  <attribute name="Output T" value="1"/>
  <attribute name="Target GC Util Change" value ="20.000000" />
  <attribute name="Current GC Util Change" value="59.000000"/>
  <attribute name="GC Util currently" value="59" />
  <attribute name="CPU Util currently" value="20451207828460" />
<exclusive-end id="461" timestamp="2019-06-17T03:22:33.737" durationms="16.916" />

<exclusive-start id="462" timestamp="2019-06-17T03:22:33.864" intervalms="144.025">
  <response-info timems="0.111" idlems="0.060" threads="1" lastid="000000000292BC00" lastname="PmdThread 1" />
</exclusive-start>
<allocation-taxation id="463" taxation-threshold="25165824" timestamp="2019-06-17T03:22:33.864" intervalms="143.981" />
<cycle-start id="464" type="partial gc" contextid="0" timestamp="2019-06-17T03:22:33.865" intervalms="143.975" />
<gc-start id="465" type="partial gc" contextid="464" timestamp="2019-06-17T03:22:33.865">
  <mem-info id="466" free="18874368" total="73400320" percent="25">
    <mem type="eden" free="0" total="25165824" percent="0" />
    <remembered-set count="40992" freebytes="2765952" totalbytes="2929920" percent="94" regionsoverflowed="0" regionsstable="0" regionsrebuilding="0"/>
  </mem-info>
</gc-start>
<allocation-stats totalBytes="25151616" >
  <allocated-bytes non-tlh="464504" tlh="24687112" arrayletleaf="0"/>
  <largest-consumer threadName="PmdThread 1" threadId="000000000292BC00" bytes="11909696" />
</allocation-stats>
<gc-op id="467" type="copy forward" timems="11.810" contextid="464" timestamp="2019-06-17T03:22:33.877">
  <memory-copied type="eden" objects="39262" bytes="1841352" bytesdiscarded="0" />
  <memory-copied type="other" objects="38473" bytes="1241488" bytesdiscarded="0" />
  <memory-cardclean objects="44425" bytes="2541296" />
  <regions eden="24" other="4" />
  <remembered-set-cleared processed="33994" cleared="10862" durationms="0.377" />
  <references type="soft" candidates="11" cleared="0" enqueued="0" dynamicThreshold="19" maxThreshold="32" />
  <references type="weak" candidates="568" cleared="0" enqueued="0" />
  <references type="phantom" candidates="113" cleared="0" enqueued="0" />
  <stringconstants candidates="5066" cleared="0"  />
</gc-op>
<gc-op id="468" type="classunload" timems="0.004" contextid="464" timestamp="2019-06-17T03:22:33.877">
  <classunload-info classloadercandidates="10" classloadersunloaded="0" classesunloaded="0" anonymousclassesunloaded="0" quiescems="0.000" setupms="0.003" scanms="0.000" postms="0.000" />
</gc-op>
<gc-end id="469" type="partial gc" contextid="464" durationms="12.827" usertimems="12.000" systemtimems="0.000" timestamp="2019-06-17T03:22:33.878" activeThreads="1">
  <mem-info id="470" free="42991616" total="73400320" percent="58">
    <mem type="eden" free="251528" total="2097152" percent="11" />
    <remembered-set count="47936" freebytes="2738176" totalbytes="2929920" percent="93" regionsoverflowed="0" regionsstable="0" regionsrebuilding="0"/>
  </mem-info>
</gc-end>
<cycle-end id="471" type="partial gc" contextid="464" timestamp="2019-06-17T03:22:33.878" />
  <attribute name="elasticGC enabled" value="1" />
  <attribute name= "numThreadsSpecified" value="1" />
  <attribute name="heapSize specified" value="0" />
  <attribute name="Current GC Util" value="80" />
  <attribute name= "Current Time Running" value="12979" />
  <attribute name ="GC Interval" value="0" />
  <attribute name="ProportionalT" value="90.000000" />
  <attribute name="ProportionalI" value="90.000000" />
  <attribute name="ProportionalH" value="90.000000" />
  <attribute name="Current Error" value="60.000000" />
  <attribute name="IntegralT" value="0.000000" />
  <attribute name="IntegralI" value="0.000000" />
  <attribute name="IntegralH" value="0.000000" />
  <attribute name="DerivativeT" value="inf" />
  <attribute name="DerivativeI" value="inf" />
  <attribute name="DerivativeH" value="inf" />
  <attribute name="Loop Time for DT" value="0.000000" />
  <attribute name="Output H" value="8388608"/>
  <attribute name="Output I" value="200"/>
  <attribute name="Output T" value="1"/>
  <attribute name="Target GC Util Change" value ="20.000000" />
  <attribute name="Current GC Util Change" value="80.000000"/>
  <attribute name="GC Util currently" value="80" />
  <attribute name="CPU Util currently" value="18599407985880" />
<exclusive-end id="472" timestamp="2019-06-17T03:22:33.878" durationms="13.627" />

<exclusive-start id="473" timestamp="2019-06-17T03:22:33.961" intervalms="96.158">
  <response-info timems="0.083" idlems="0.083" threads="0" lastid="000000000292BC00" lastname="PmdThread 1" />
</exclusive-start>
<allocation-taxation id="474" taxation-threshold="25165824" timestamp="2019-06-17T03:22:33.961" intervalms="96.169" />
<cycle-start id="475" type="partial gc" contextid="0" timestamp="2019-06-17T03:22:33.961" intervalms="96.186" />
<gc-start id="476" type="partial gc" contextid="475" timestamp="2019-06-17T03:22:33.961">
  <mem-info id="477" free="17825792" total="73400320" percent="24">
    <mem type="eden" free="0" total="25165824" percent="0" />
    <remembered-set count="47904" freebytes="2738304" totalbytes="2929920" percent="93" regionsoverflowed="0" regionsstable="0" regionsrebuilding="0"/>
  </mem-info>
</gc-start>
<allocation-stats totalBytes="25149152" >
  <allocated-bytes non-tlh="9072" tlh="25140080" arrayletleaf="0"/>
  <largest-consumer threadName="PmdThread 3" threadId="0000000002937400" bytes="8595624" />
</allocation-stats>
<gc-op id="478" type="copy forward" timems="9.350" contextid="475" timestamp="2019-06-17T03:22:33.971">
  <memory-copied type="eden" objects="46219" bytes="1946408" bytesdiscarded="40" />
  <memory-copied type="other" objects="29115" bytes="1193848" bytesdiscarded="8" />
  <memory-cardclean objects="9566" bytes="501368" />
  <regions eden="24" other="3" />
  <remembered-set-cleared processed="40094" cleared="3534" durationms="0.372" />
  <references type="soft" candidates="11" cleared="0" enqueued="0" dynamicThreshold="18" maxThreshold="32" />
  <references type="weak" candidates="783" cleared="0" enqueued="0" />
  <references type="phantom" candidates="137" cleared="0" enqueued="0" />
  <stringconstants candidates="5096" cleared="0"  />
</gc-op>
<gc-op id="479" type="classunload" timems="0.003" contextid="475" timestamp="2019-06-17T03:22:33.971">
  <classunload-info classloadercandidates="10" classloadersunloaded="0" classesunloaded="0" anonymousclassesunloaded="0" quiescems="0.000" setupms="0.003" scanms="0.000" postms="0.000" />
</gc-op>
<gc-end id="480" type="partial gc" contextid="475" durationms="10.261" usertimems="12.000" systemtimems="0.000" timestamp="2019-06-17T03:22:33.971" activeThreads="1">
  <mem-info id="481" free="40894464" total="73400320" percent="55">
    <mem type="eden" free="145736" total="2097152" percent="6" />
    <remembered-set count="51584" freebytes="2723584" totalbytes="2929920" percent="92" regionsoverflowed="0" regionsstable="0" regionsrebuilding="0"/>
  </mem-info>
</gc-end>
<cycle-end id="482" type="partial gc" contextid="475" timestamp="2019-06-17T03:22:33.971" />
  <attribute name="elasticGC enabled" value="1" />
  <attribute name= "numThreadsSpecified" value="1" />
  <attribute name="heapSize specified" value="0" />
  <attribute name="Current GC Util" value="65" />
  <attribute name= "Current Time Running" value="13075" />
  <attribute name ="GC Interval" value="0" />
  <attribute name="ProportionalT" value="67.500000" />
  <attribute name="ProportionalI" value="67.500000" />
  <attribute name="ProportionalH" value="67.500000" />
  <attribute name="Current Error" value="45.000000" />
  <attribute name="IntegralT" value="0.000000" />
  <attribute name="IntegralI" value="0.000000" />
  <attribute name="IntegralH" value="0.000000" />
  <attribute name="DerivativeT" value="inf" />
  <attribute name="DerivativeI" value="inf" />
  <attribute name="DerivativeH" value="inf" />
  <attribute name="Loop Time for DT" value="0.000000" />
  <attribute name="Output H" value="8388608"/>
  <attribute name="Output I" value="200"/>
  <attribute name="Output T" value="1"/>
  <attribute name="Target GC Util Change" value ="20.000000" />
  <attribute name="Current GC Util Change" value="65.000000"/>
  <attribute name="GC Util currently" value="65" />
  <attribute name="CPU Util currently" value="20102463333857" />
<exclusive-end id="483" timestamp="2019-06-17T03:22:33.972" durationms="11.081" />

<exclusive-start id="484" timestamp="2019-06-17T03:22:34.040" intervalms="79.673">
  <response-info timems="0.042" idlems="0.015" threads="3" lastid="000000000292F800" lastname="PmdThread 2" />
</exclusive-start>
<allocation-taxation id="485" taxation-threshold="25165824" timestamp="2019-06-17T03:22:34.040" intervalms="79.715" />
<cycle-start id="486" type="partial gc" contextid="0" timestamp="2019-06-17T03:22:34.040" intervalms="79.735" />
<gc-start id="487" type="partial gc" contextid="486" timestamp="2019-06-17T03:22:34.041">
  <mem-info id="488" free="15728640" total="73400320" percent="21">
    <mem type="eden" free="0" total="25165824" percent="0" />
    <remembered-set count="51424" freebytes="2724224" totalbytes="2929920" percent="92" regionsoverflowed="0" regionsstable="0" regionsrebuilding="0"/>
  </mem-info>
</gc-start>
<allocation-stats totalBytes="25146824" >
  <allocated-bytes non-tlh="4008" tlh="25142816" arrayletleaf="0"/>
  <largest-consumer threadName="PmdThread 1" threadId="000000000292BC00" bytes="10156136" />
</allocation-stats>
<gc-op id="489" type="copy forward" timems="10.534" contextid="486" timestamp="2019-06-17T03:22:34.052">
  <memory-copied type="eden" objects="31095" bytes="1479248" bytesdiscarded="24" />
  <memory-copied type="other" objects="44441" bytes="1881928" bytesdiscarded="48" />
  <memory-cardclean objects="18445" bytes="1021152" />
  <regions eden="24" other="3" />
  <remembered-set-cleared processed="42921" cleared="5411" durationms="0.423" />
  <finalization candidates="1" enqueued="0" />
  <references type="soft" candidates="12" cleared="0" enqueued="0" dynamicThreshold="17" maxThreshold="32" />
  <references type="weak" candidates="981" cleared="0" enqueued="0" />
  <references type="phantom" candidates="60" cleared="0" enqueued="0" />
  <stringconstants candidates="5125" cleared="0"  />
</gc-op>
<gc-op id="490" type="classunload" timems="0.003" contextid="486" timestamp="2019-06-17T03:22:34.052">
  <classunload-info classloadercandidates="10" classloadersunloaded="0" classesunloaded="0" anonymousclassesunloaded="0" quiescems="0.000" setupms="0.003" scanms="0.000" postms="0.000" />
</gc-op>
<gc-end id="491" type="partial gc" contextid="486" durationms="11.511" usertimems="12.000" systemtimems="0.000" timestamp="2019-06-17T03:22:34.052" activeThreads="1">
  <mem-info id="492" free="38797312" total="73400320" percent="52">
    <mem type="eden" free="608752" total="2097152" percent="29" />
    <remembered-set count="60096" freebytes="2689536" totalbytes="2929920" percent="91" regionsoverflowed="0" regionsstable="0" regionsrebuilding="0"/>
  </mem-info>
</gc-end>
<cycle-end id="493" type="partial gc" contextid="486" timestamp="2019-06-17T03:22:34.052" />
  <attribute name="elasticGC enabled" value="1" />
  <attribute name= "numThreadsSpecified" value="1" />
  <attribute name="heapSize specified" value="0" />
  <attribute name="Current GC Util" value="67" />
  <attribute name= "Current Time Running" value="13155" />
  <attribute name ="GC Interval" value="0" />
  <attribute name="ProportionalT" value="70.500000" />
  <attribute name="ProportionalI" value="70.500000" />
  <attribute name="ProportionalH" value="70.500000" />
  <attribute name="Current Error" value="47.000000" />
  <attribute name="IntegralT" value="0.000000" />
  <attribute name="IntegralI" value="0.000000" />
  <attribute name="IntegralH" value="0.000000" />
  <attribute name="DerivativeT" value="inf" />
  <attribute name="DerivativeI" value="inf" />
  <attribute name="DerivativeH" value="inf" />
  <attribute name="Loop Time for DT" value="0.000000" />
  <attribute name="Output H" value="8388608"/>
  <attribute name="Output I" value="200"/>
  <attribute name="Output T" value="1"/>
  <attribute name="Target GC Util Change" value ="20.000000" />
  <attribute name="Current GC Util Change" value="67.000000"/>
  <attribute name="GC Util currently" value="67" />
  <attribute name="CPU Util currently" value="17750840108182" />
<exclusive-end id="494" timestamp="2019-06-17T03:22:34.053" durationms="12.387" />

<exclusive-start id="495" timestamp="2019-06-17T03:22:34.105" intervalms="64.724">
  <response-info timems="0.276" idlems="0.218" threads="1" lastid="000000000293B000" lastname="PmdThread 4" />
</exclusive-start>
<allocation-taxation id="496" taxation-threshold="25165824" timestamp="2019-06-17T03:22:34.105" intervalms="64.684" />
<cycle-start id="497" type="partial gc" contextid="0" timestamp="2019-06-17T03:22:34.105" intervalms="64.722" />
<gc-start id="498" type="partial gc" contextid="497" timestamp="2019-06-17T03:22:34.106">
  <mem-info id="499" free="13631488" total="73400320" percent="18">
    <mem type="eden" free="0" total="25165824" percent="0" />
    <remembered-set count="59680" freebytes="2691200" totalbytes="2929920" percent="91" regionsoverflowed="0" regionsstable="0" regionsrebuilding="0"/>
  </mem-info>
</gc-start>
<allocation-stats totalBytes="25144080" >
  <allocated-bytes non-tlh="776" tlh="25143304" arrayletleaf="0"/>
  <largest-consumer threadName="PmdThread 1" threadId="000000000292BC00" bytes="11062632" />
</allocation-stats>
<gc-op id="500" type="copy forward" timems="6.728" contextid="497" timestamp="2019-06-17T03:22:34.113">
  <memory-copied type="eden" objects="24872" bytes="1320768" bytesdiscarded="0" />
  <memory-copied type="other" objects="15569" bytes="556960" bytesdiscarded="0" />
  <memory-cardclean objects="16734" bytes="936000" />
  <regions eden="24" other="3" />
  <remembered-set-cleared processed="50496" cleared="7154" durationms="0.468" />
  <references type="soft" candidates="17" cleared="0" enqueued="0" dynamicThreshold="16" maxThreshold="32" />
  <references type="weak" candidates="683" cleared="0" enqueued="0" />
  <references type="phantom" candidates="67" cleared="0" enqueued="0" />
  <stringconstants candidates="5130" cleared="0"  />
</gc-op>
<gc-op id="501" type="classunload" timems="0.002" contextid="497" timestamp="2019-06-17T03:22:34.113">
  <classunload-info classloadercandidates="10" classloadersunloaded="0" classesunloaded="0" anonymousclassesunloaded="0" quiescems="0.000" setupms="0.002" scanms="0.000" postms="0.000" />
</gc-op>
<heap-resize id="502" type="expand" space="default" amount="12582912" count="1" timems="0.134" reason="excessive time being spent in gc" timestamp="2019-06-17T03:22:34.114" />
<gc-end id="503" type="partial gc" contextid="497" durationms="8.134" usertimems="4.000" systemtimems="4.000" timestamp="2019-06-17T03:22:34.114" activeThreads="1">
  <mem-info id="504" free="50331648" total="85983232" percent="58">
    <mem type="eden" free="771192" total="2097152" percent="36" />
    <remembered-set count="60256" freebytes="3191168" totalbytes="3432192" percent="92" regionsoverflowed="0" regionsstable="0" regionsrebuilding="0"/>
  </mem-info>
</gc-end>
<cycle-end id="505" type="partial gc" contextid="497" timestamp="2019-06-17T03:22:34.114" />
  <attribute name="elasticGC enabled" value="1" />
  <attribute name= "numThreadsSpecified" value="1" />
  <attribute name="heapSize specified" value="0" />
  <attribute name="Current GC Util" value="50" />
  <attribute name= "Current Time Running" value="13220" />
  <attribute name ="GC Interval" value="0" />
  <attribute name="ProportionalT" value="45.000000" />
  <attribute name="ProportionalI" value="45.000000" />
  <attribute name="ProportionalH" value="45.000000" />
  <attribute name="Current Error" value="30.000000" />
  <attribute name="IntegralT" value="0.000000" />
  <attribute name="IntegralI" value="0.000000" />
  <attribute name="IntegralH" value="0.000000" />
  <attribute name="DerivativeT" value="inf" />
  <attribute name="DerivativeI" value="inf" />
  <attribute name="DerivativeH" value="inf" />
  <attribute name="Loop Time for DT" value="0.000000" />
  <attribute name="Output H" value="8388608"/>
  <attribute name="Output I" value="200"/>
  <attribute name="Output T" value="1"/>
  <attribute name="Target GC Util Change" value ="20.000000" />
  <attribute name="Current GC Util Change" value="50.000000"/>
  <attribute name="GC Util currently" value="50" />
  <attribute name="CPU Util currently" value="14969118444564" />
<exclusive-end id="506" timestamp="2019-06-17T03:22:34.114" durationms="9.168" />

<exclusive-start id="507" timestamp="2019-06-17T03:22:34.180" intervalms="75.548">
  <response-info timems="0.076" idlems="0.076" threads="0" lastid="000000000292BC00" lastname="PmdThread 1" />
</exclusive-start>
<allocation-taxation id="508" taxation-threshold="28311552" timestamp="2019-06-17T03:22:34.181" intervalms="75.556" />
<cycle-start id="509" type="partial gc" contextid="0" timestamp="2019-06-17T03:22:34.181" intervalms="75.505" />
<gc-start id="510" type="partial gc" contextid="509" timestamp="2019-06-17T03:22:34.181">
  <mem-info id="511" free="22020096" total="85983232" percent="25">
    <mem type="eden" free="0" total="28311552" percent="0" />
    <remembered-set count="60192" freebytes="3191424" totalbytes="3432192" percent="92" regionsoverflowed="0" regionsstable="0" regionsrebuilding="0"/>
  </mem-info>
</gc-start>
<allocation-stats totalBytes="28279208" >
  <allocated-bytes non-tlh="3512" tlh="28275696" arrayletleaf="0"/>
  <largest-consumer threadName="PmdThread 1" threadId="000000000292BC00" bytes="17458960" />
</allocation-stats>
<gc-op id="512" type="copy forward" timems="8.349" contextid="509" timestamp="2019-06-17T03:22:34.190">
  <memory-copied type="eden" objects="14145" bytes="741936" bytesdiscarded="0" />
  <memory-copied type="other" objects="23934" bytes="986272" bytesdiscarded="0" />
  <memory-cardclean objects="45866" bytes="2569552" />
  <regions eden="27" other="4" />
  <remembered-set-cleared processed="50656" cleared="13425" durationms="0.502" />
  <finalization candidates="5" enqueued="0" />
  <references type="soft" candidates="5" cleared="0" enqueued="0" dynamicThreshold="18" maxThreshold="32" />
  <references type="weak" candidates="574" cleared="0" enqueued="0" />
  <references type="phantom" candidates="50" cleared="0" enqueued="0" />
  <stringconstants candidates="5149" cleared="0"  />
</gc-op>
<gc-op id="513" type="classunload" timems="0.003" contextid="509" timestamp="2019-06-17T03:22:34.190">
  <classunload-info classloadercandidates="10" classloadersunloaded="0" classesunloaded="0" anonymousclassesunloaded="0" quiescems="0.000" setupms="0.003" scanms="0.000" postms="0.000" />
</gc-op>
<heap-resize id="514" type="expand" space="default" amount="3145728" count="1" timems="0.077" reason="excessive time being spent in gc" timestamp="2019-06-17T03:22:34.191" />
<gc-end id="515" type="partial gc" contextid="509" durationms="9.669" usertimems="4.000" systemtimems="4.000" timestamp="2019-06-17T03:22:34.191" activeThreads="1">
  <mem-info id="516" free="53477376" total="89128960" percent="60">
    <mem type="eden" free="298840" total="1048576" percent="28" />
    <remembered-set count="64800" freebytes="3298560" totalbytes="3557760" percent="92" regionsoverflowed="0" regionsstable="0" regionsrebuilding="0"/>
  </mem-info>
</gc-end>
<cycle-end id="517" type="partial gc" contextid="509" timestamp="2019-06-17T03:22:34.191" />
  <attribute name="elasticGC enabled" value="1" />
  <attribute name= "numThreadsSpecified" value="1" />
  <attribute name="heapSize specified" value="0" />
  <attribute name="Current GC Util" value="61" />
  <attribute name= "Current Time Running" value="13295" />
  <attribute name ="GC Interval" value="0" />
  <attribute name="ProportionalT" value="61.500000" />
  <attribute name="ProportionalI" value="61.500000" />
  <attribute name="ProportionalH" value="61.500000" />
  <attribute name="Current Error" value="41.000000" />
  <attribute name="IntegralT" value="0.000000" />
  <attribute name="IntegralI" value="0.000000" />
  <attribute name="IntegralH" value="0.000000" />
  <attribute name="DerivativeT" value="inf" />
  <attribute name="DerivativeI" value="inf" />
  <attribute name="DerivativeH" value="inf" />
  <attribute name="Loop Time for DT" value="0.000000" />
  <attribute name="Output H" value="8388608"/>
  <attribute name="Output I" value="200"/>
  <attribute name="Output T" value="1"/>
  <attribute name="Target GC Util Change" value ="20.000000" />
  <attribute name="Current GC Util Change" value="61.000000"/>
  <attribute name="GC Util currently" value="61" />
  <attribute name="CPU Util currently" value="19408554360689" />
<exclusive-end id="518" timestamp="2019-06-17T03:22:34.191" durationms="10.682" />

<exclusive-start id="519" timestamp="2019-06-17T03:22:34.288" intervalms="107.604">
  <response-info timems="0.129" idlems="0.129" threads="0" lastid="000000000292BC00" lastname="PmdThread 1" />
</exclusive-start>
<allocation-taxation id="520" taxation-threshold="28311552" timestamp="2019-06-17T03:22:34.288" intervalms="107.612" />
<cycle-start id="521" type="partial gc" contextid="0" timestamp="2019-06-17T03:22:34.288" intervalms="107.629" />
<gc-start id="522" type="partial gc" contextid="521" timestamp="2019-06-17T03:22:34.289">
  <mem-info id="523" free="25165824" total="89128960" percent="28">
    <mem type="eden" free="0" total="28311552" percent="0" />
    <remembered-set count="64576" freebytes="3299456" totalbytes="3557760" percent="92" regionsoverflowed="0" regionsstable="0" regionsrebuilding="0"/>
  </mem-info>
</gc-start>
<allocation-stats totalBytes="28306136" >
  <allocated-bytes non-tlh="0" tlh="28306136" arrayletleaf="0"/>
  <largest-consumer threadName="PmdThread 1" threadId="000000000292BC00" bytes="28306136" />
</allocation-stats>
<gc-op id="524" type="copy forward" timems="6.169" contextid="521" timestamp="2019-06-17T03:22:34.296">
  <memory-copied type="eden" objects="2575" bytes="184528" bytesdiscarded="0" />
  <memory-copied type="other" objects="18289" bytes="1004936" bytesdiscarded="0" />
  <memory-cardclean objects="35037" bytes="1903160" />
  <regions eden="27" other="2" />
  <remembered-set-cleared processed="54297" cleared="10941" durationms="0.579" />
  <finalization candidates="6" enqueued="0" />
  <ownableSynchronizers candidates="7" cleared="3" />
  <references type="soft" candidates="1" cleared="0" enqueued="0" dynamicThreshold="19" maxThreshold="32" />
  <references type="weak" candidates="481" cleared="0" enqueued="0" />
  <references type="phantom" candidates="23" cleared="0" enqueued="0" />
  <stringconstants candidates="5149" cleared="0"  />
</gc-op>
<gc-op id="525" type="classunload" timems="0.003" contextid="521" timestamp="2019-06-17T03:22:34.296">
  <classunload-info classloadercandidates="10" classloadersunloaded="0" classesunloaded="0" anonymousclassesunloaded="0" quiescems="0.000" setupms="0.002" scanms="0.000" postms="0.000" />
</gc-op>
<gc-end id="526" type="partial gc" contextid="521" durationms="7.512" usertimems="8.000" systemtimems="0.000" timestamp="2019-06-17T03:22:34.296" activeThreads="1">
  <mem-info id="527" free="52428800" total="89128960" percent="58">
    <mem type="eden" free="863912" total="1048576" percent="82" />
    <remembered-set count="66560" freebytes="3291520" totalbytes="3557760" percent="92" regionsoverflowed="0" regionsstable="0" regionsrebuilding="0"/>
  </mem-info>
</gc-end>
<cycle-end id="528" type="partial gc" contextid="521" timestamp="2019-06-17T03:22:34.296" />
  <attribute name="elasticGC enabled" value="1" />
  <attribute name= "numThreadsSpecified" value="1" />
  <attribute name="heapSize specified" value="0" />
  <attribute name="Current GC Util" value="150" />
  <attribute name= "Current Time Running" value="13403" />
  <attribute name ="GC Interval" value="0" />
  <attribute name="ProportionalT" value="195.000000" />
  <attribute name="ProportionalI" value="195.000000" />
  <attribute name="ProportionalH" value="195.000000" />
  <attribute name="Current Error" value="130.000000" />
  <attribute name="IntegralT" value="0.000000" />
  <attribute name="IntegralI" value="0.000000" />
  <attribute name="IntegralH" value="0.000000" />
  <attribute name="DerivativeT" value="inf" />
  <attribute name="DerivativeI" value="inf" />
  <attribute name="DerivativeH" value="inf" />
  <attribute name="Loop Time for DT" value="0.000000" />
  <attribute name="Output H" value="8388608"/>
  <attribute name="Output I" value="200"/>
  <attribute name="Output T" value="1"/>
  <attribute name="Target GC Util Change" value ="20.000000" />
  <attribute name="Current GC Util Change" value="150.000000"/>
  <attribute name="GC Util currently" value="150" />
  <attribute name="CPU Util currently" value="10747095173594" />
<exclusive-end id="529" timestamp="2019-06-17T03:22:34.297" durationms="8.510" />

</verbosegc>

