<?xml version="1.0" ?>

<verbosegc xmlns="http://www.ibm.com/j9/verbosegc" version="10b4217_CMPRSS">

<initialized id="1" timestamp="2019-06-17T03:23:48.425">
  <attribute name="gcPolicy" value="-Xgcpolicy:balanced" />
  <attribute name="elasticGC enabled" value="1" />
  <attribute name= "numThreadsSpecified" value="0" />
  <attribute name="heapSize specified" value="0" />
  <attribute name="Current GC Util" value="0" />
  <attribute name= "Current Time Running" value="0" />
  <attribute name ="GC Interval" value="0" />
  <attribute name="ProportionalT" value="0.000000" />
  <attribute name="ProportionalI" value="0.000000" />
  <attribute name="ProportionalH" value="0.000000" />
  <attribute name="IntegralT" value="0.000000" />
  <attribute name="IntegralI" value="0.000000" />
  <attribute name="IntegralH" value="0.000000" />
  <attribute name="DerivativeT" value="0.000000" />
  <attribute name="DerivativeI" value="0.000000" />
  <attribute name="DerivativeH" value="0.000000" />
  <attribute name="Target GC Util Change" value ="0.000000" />
  <attribute name="Current GC Util Change" value="0.000000"/>
  <attribute name="Current Error" value="0.000000" />
  <attribute name="Loop Time for DT" value="0.000000" />
  <attribute name="Output H" value="0"/>
  <attribute name="Output I" value="0"/>
  <attribute name="Output T" value="0"/>
  <attribute name="GC Util currently" value="0" />
  <attribute name="CPU Util currently" value="0" />
  <attribute name="maxHeapSize" value="0x7cb00000" />
  <attribute name="initialHeapSize" value="0x800000" />
  <attribute name="compressedRefs" value="true" />
  <attribute name="compressedRefsDisplacement" value="0x0" />
  <attribute name="compressedRefsShift" value="0x0" />
  <attribute name="pageSize" value="0x1000" />
  <attribute name="pageType" value="not used" />
  <attribute name="requestedPageSize" value="0x1000" />
  <attribute name="requestedPageType" value="not used" />
  <attribute name="gcthreads" value="4" />
  <attribute name="packetListSplit" value="4" />
  <attribute name="cacheListSplit" value="4" />
  <attribute name="splitFreeListSplitAmount" value="1" />
  <attribute name="numaNodes" value="0" />
  <region>
    <attribute name="regionSize" value="1048576" />
    <attribute name="regionCount" value="1995" />
    <attribute name="arrayletLeafSize" value="1048576" />
  </region>
  <system>
    <attribute name="physicalMemory" value="8370958336" />
    <attribute name="numCPUs" value="4" />
    <attribute name="architecture" value="amd64" />
    <attribute name="os" value="Linux" />
    <attribute name="osVersion" value="4.4.0-150-generic" />
  </system>
  <vmargs>
    <vmarg name="-Xoptionsfile=/vagrant/jdk/lib/options.default" />
    <vmarg name="-Xlockword:mode=default,noLockword=java/lang/String,noLockword=java/util/MapEntry,noLockword=java/util/HashMap$Entry,noLockword..." />
    <vmarg name="-Xjcl:jclse29" />
    <vmarg name="-Dcom.ibm.oti.vm.bootstrap.library.path=/vagrant/jdk/lib/compressedrefs:/vagrant/jdk/lib" />
    <vmarg name="-Dsun.boot.library.path=/vagrant/jdk/lib/compressedrefs:/vagrant/jdk/lib" />
    <vmarg name="-Djava.library.path=/vagrant/jdk/lib/compressedrefs:/vagrant/jdk/lib:/usr/lib64:/usr/lib" />
    <vmarg name="-Djava.home=/vagrant/jdk" />
    <vmarg name="-Duser.dir=/vagrant" />
    <vmarg name="-Xgcpolicy:balanced" />
    <vmarg name="-Xgcelastic" />
    <vmarg name="-Xcheck:gc:::elasticGC" />
    <vmarg name="-verbose:gc" />
    <vmarg name="-Xloggc:jdk1.5-1-1.5-default-BAL-4CORE-elasticverbose12pmd.txt" />
    <vmarg name="-Djava.class.path=dacapo-9.12-MR1-bach.jar" />
    <vmarg name="-Dsun.java.command=dacapo-9.12-MR1-bach.jar pmd --size=default" />
    <vmarg name="-Dsun.java.launcher=SUN_STANDARD" />
    <vmarg name="-Dsun.java.launcher.pid=2864" />
  </vmargs>
</initialized>

<exclusive-start id="2" timestamp="2019-06-17T03:23:59.607" intervalms="11182.013">
  <response-info timems="0.060" idlems="0.060" threads="0" lastid="0000000000F70700" lastname="main" />
</exclusive-start>
<allocation-taxation id="3" taxation-threshold="8388608" timestamp="2019-06-17T03:23:59.608" intervalms="11182.521" />
<cycle-start id="4" type="partial gc" contextid="0" timestamp="2019-06-17T03:23:59.608" intervalms="11183.041" />
<gc-start id="5" type="partial gc" contextid="4" timestamp="2019-06-17T03:23:59.608">
  <mem-info id="6" free="0" total="8388608" percent="0">
    <mem type="eden" free="80" total="8388608" percent="0" />
    <remembered-set count="0" freebytes="334848" totalbytes="334848" percent="100" regionsoverflowed="0" regionsstable="0" regionsrebuilding="0"/>
  </mem-info>
</gc-start>
<allocation-stats totalBytes="8325840" >
  <allocated-bytes non-tlh="449560" tlh="7876280" arrayletleaf="0"/>
  <largest-consumer threadName="main" threadId="0000000000F70700" bytes="8251520" />
</allocation-stats>
<gc-op id="7" type="mark" timems="2.246" contextid="4" timestamp="2019-06-17T03:23:59.612">
  <trace-info objectcount="20646" scancount="16382" scanbytes="542412" />
  <remembered-set-cleared processed="0" cleared="0" durationms="0.094" />
  <finalization candidates="46" enqueued="1" />
  <ownableSynchronizers candidates="4" cleared="3" />
  <references type="soft" candidates="66" cleared="0" enqueued="0" dynamicThreshold="32" maxThreshold="32" />
  <references type="weak" candidates="911" cleared="529" enqueued="452" />
  <references type="phantom" candidates="125" cleared="44" enqueued="44" />
  <stringconstants candidates="2485" cleared="0"  />
  <warning details="Mark for calibration purposes" />
</gc-op>
<gc-op id="8" type="classunload" timems="0.044" contextid="4" timestamp="2019-06-17T03:23:59.612">
  <classunload-info classloadercandidates="6" classloadersunloaded="0" classesunloaded="0" anonymousclassesunloaded="0" quiescems="0.000" setupms="0.044" scanms="0.000" postms="0.000" />
</gc-op>
<gc-op id="9" type="sweep" timems="0.587" contextid="4" timestamp="2019-06-17T03:23:59.612" />
<gc-op id="10" type="compact" timems="3.863" contextid="4" timestamp="2019-06-17T03:23:59.617">
  <compact-info movecount="20646" movebytes="1334360" />
  <remembered-set-cleared processed="0" cleared="0" durationms="0.094" />
</gc-op>
<gc-end id="11" type="partial gc" contextid="4" durationms="8.938" usertimems="8.000" systemtimems="0.000" timestamp="2019-06-17T03:23:59.617" activeThreads="4">
  <mem-info id="12" free="6291456" total="8388608" percent="75">
    <mem type="eden" free="762168" total="2097152" percent="36" />
    <pending-finalizers system="1" default="0" reference="496" classloader="0" />
    <remembered-set count="2048" freebytes="326656" totalbytes="334848" percent="97" regionsoverflowed="0" regionsstable="0" regionsrebuilding="0"/>
  </mem-info>
</gc-end>
<cycle-end id="13" type="partial gc" contextid="4" timestamp="2019-06-17T03:23:59.617" />
  <attribute name="elasticGC enabled" value="1" />
  <attribute name= "numThreadsSpecified" value="4" />
  <attribute name="heapSize specified" value="0" />
  <attribute name="Current GC Util" value="35" />
  <attribute name= "Current Time Running" value="11072" />
  <attribute name ="GC Interval" value="0" />
  <attribute name="ProportionalT" value="22.500000" />
  <attribute name="ProportionalI" value="22.500000" />
  <attribute name="ProportionalH" value="22.500000" />
  <attribute name="Current Error" value="15.000000" />
  <attribute name="IntegralT" value="-221008.000000" />
  <attribute name="IntegralI" value="-221008.000000" />
  <attribute name="IntegralH" value="-221008.000000" />
  <attribute name="DerivativeT" value="-130.500000" />
  <attribute name="DerivativeI" value="-130.500000" />
  <attribute name="DerivativeH" value="-130.500000" />
  <attribute name="Loop Time for DT" value="1.000000" />
  <attribute name="Output H" value="2091843584"/>
  <attribute name="Output I" value="200"/>
  <attribute name="Output T" value="4"/>
  <attribute name="Target GC Util Change" value ="20.000000" />
  <attribute name="Current GC Util Change" value="35.000000"/>
  <attribute name="GC Util currently" value="35" />
  <attribute name="CPU Util currently" value="4863042074003" />
<exclusive-end id="14" timestamp="2019-06-17T03:23:59.618" durationms="10.636" />

<exclusive-start id="15" timestamp="2019-06-17T03:23:59.619" intervalms="12.152">
  <response-info timems="0.058" idlems="0.058" threads="0" lastid="0000000000F70700" lastname="main" />
</exclusive-start>
<allocation-taxation id="16" taxation-threshold="6291456" timestamp="2019-06-17T03:23:59.619" intervalms="11.751" />
<cycle-start id="17" type="partial gc" contextid="0" timestamp="2019-06-17T03:23:59.619" intervalms="11.346" />
<gc-start id="18" type="partial gc" contextid="17" timestamp="2019-06-17T03:23:59.620">
  <mem-info id="19" free="0" total="8388608" percent="0">
    <mem type="eden" free="0" total="6291456" percent="0" />
    <remembered-set count="1600" freebytes="328448" totalbytes="334848" percent="98" regionsoverflowed="0" regionsstable="0" regionsrebuilding="0"/>
  </mem-info>
</gc-start>
<allocation-stats totalBytes="5782528" >
  <allocated-bytes non-tlh="88" tlh="5782440" arrayletleaf="0"/>
  <largest-consumer threadName="main" threadId="0000000000F70700" bytes="5766456" />
</allocation-stats>
<gc-op id="20" type="mark" timems="1.865" contextid="17" timestamp="2019-06-17T03:23:59.622">
  <trace-info objectcount="19738" scancount="15616" scanbytes="527564" />
  <remembered-set-cleared processed="0" cleared="0" durationms="0.056" />
  <finalization candidates="45" enqueued="0" />
  <ownableSynchronizers candidates="1" cleared="0" />
  <references type="soft" candidates="66" cleared="0" enqueued="0" dynamicThreshold="24" maxThreshold="32" />
  <references type="weak" candidates="382" cleared="0" enqueued="0" />
  <references type="phantom" candidates="80" cleared="0" enqueued="0" />
  <stringconstants candidates="2485" cleared="0"  />
  <warning details="Mark invoked due to insufficient free space for Copy-Forward" />
</gc-op>
<gc-op id="21" type="classunload" timems="0.002" contextid="17" timestamp="2019-06-17T03:23:59.622">
  <classunload-info classloadercandidates="6" classloadersunloaded="0" classesunloaded="0" anonymousclassesunloaded="0" quiescems="0.000" setupms="0.002" scanms="0.000" postms="0.000" />
</gc-op>
<gc-op id="22" type="sweep" timems="0.323" contextid="17" timestamp="2019-06-17T03:23:59.623" />
<gc-op id="23" type="compact" timems="3.417" contextid="17" timestamp="2019-06-17T03:23:59.626">
  <compact-info movecount="19150" movebytes="1218872" />
  <remembered-set-cleared processed="0" cleared="0" durationms="0.056" />
</gc-op>
<gc-end id="24" type="partial gc" contextid="17" durationms="7.132" usertimems="8.000" systemtimems="0.000" timestamp="2019-06-17T03:23:59.627" activeThreads="4">
  <mem-info id="25" free="5242880" total="8388608" percent="62">
    <mem type="eden" free="1027464" total="1048576" percent="97" />
    <remembered-set count="1536" freebytes="328704" totalbytes="334848" percent="98" regionsoverflowed="0" regionsstable="0" regionsrebuilding="0"/>
  </mem-info>
</gc-end>
<cycle-end id="26" type="partial gc" contextid="17" timestamp="2019-06-17T03:23:59.627" />
  <attribute name="elasticGC enabled" value="1" />
  <attribute name= "numThreadsSpecified" value="4" />
  <attribute name="heapSize specified" value="0" />
  <attribute name="Current GC Util" value="18" />
  <attribute name= "Current Time Running" value="11082" />
  <attribute name ="GC Interval" value="0" />
  <attribute name="ProportionalT" value="-3.000000" />
  <attribute name="ProportionalI" value="-3.000000" />
  <attribute name="ProportionalH" value="-3.000000" />
  <attribute name="Current Error" value="-2.000000" />
  <attribute name="IntegralT" value="0.000000" />
  <attribute name="IntegralI" value="0.000000" />
  <attribute name="IntegralH" value="0.000000" />
  <attribute name="DerivativeT" value="-inf" />
  <attribute name="DerivativeI" value="-inf" />
  <attribute name="DerivativeH" value="-inf" />
  <attribute name="Loop Time for DT" value="0.000000" />
  <attribute name="Output H" value="2091843584"/>
  <attribute name="Output I" value="200"/>
  <attribute name="Output T" value="4"/>
  <attribute name="Target GC Util Change" value ="20.000000" />
  <attribute name="Current GC Util Change" value="18.000000"/>
  <attribute name="GC Util currently" value="18" />
  <attribute name="CPU Util currently" value="6398117085858" />
<exclusive-end id="27" timestamp="2019-06-17T03:23:59.627" durationms="7.938" />

<exclusive-start id="28" timestamp="2019-06-17T03:23:59.628" intervalms="8.456">
  <response-info timems="0.047" idlems="0.047" threads="0" lastid="0000000000F70700" lastname="main" />
</exclusive-start>
<allocation-taxation id="29" taxation-threshold="2097152" timestamp="2019-06-17T03:23:59.628" intervalms="8.451" />
<cycle-start id="30" type="global mark phase" contextid="0" timestamp="2019-06-17T03:23:59.628" intervalms="11203.134" />
<gc-start id="31" type="global mark phase" contextid="30" timestamp="2019-06-17T03:23:59.628">
  <mem-info id="32" free="3145728" total="8388608" percent="37">
    <remembered-set count="1536" freebytes="328704" totalbytes="334848" percent="98" regionsoverflowed="0" regionsstable="0" regionsrebuilding="0"/>
  </mem-info>
</gc-start>
<gc-op id="33" type="mark increment" timems="0.679" contextid="30" timestamp="2019-06-17T03:23:59.629">
  <trace-info objectcount="87" scancount="0" scanbytes="0" />
</gc-op>
<gc-end id="34" type="global mark phase" contextid="30" durationms="0.798" usertimems="4.000" systemtimems="0.000" timestamp="2019-06-17T03:23:59.629" activeThreads="1">
  <mem-info id="35" free="3145728" total="8388608" percent="37">
    <remembered-set count="1536" freebytes="328704" totalbytes="334848" percent="98" regionsoverflowed="0" regionsstable="0" regionsrebuilding="0"/>
  </mem-info>
</gc-end>
<concurrent-start id="36" type="GMP work packet processing" contextid="30" timestamp="2019-06-17T03:23:59.629">
  <concurrent-mark-start scanTarget="18446744073709551615" />
</concurrent-start>
<exclusive-end id="37" timestamp="2019-06-17T03:23:59.629" durationms="1.537" />

<concurrent-end id="38" type="GMP work packet processing" contextid="30" timestamp="2019-06-17T03:23:59.630">
  <concurrent-mark-end bytesScanned="527556" reasonForTermination="Completed all work in GC phase" />
</concurrent-end>

<exclusive-start id="39" timestamp="2019-06-17T03:23:59.630" intervalms="2.310">
  <response-info timems="0.020" idlems="0.020" threads="0" lastid="0000000000F70700" lastname="main" />
</exclusive-start>
<allocation-taxation id="40" taxation-threshold="2097152" timestamp="2019-06-17T03:23:59.630" intervalms="2.311" />
<cycle-start id="41" type="partial gc" contextid="0" timestamp="2019-06-17T03:23:59.630" intervalms="10.758" />
<gc-start id="42" type="partial gc" contextid="41" timestamp="2019-06-17T03:23:59.630">
  <mem-info id="43" free="1048576" total="8388608" percent="12">
    <mem type="eden" free="1027464" total="5242880" percent="19" />
    <remembered-set count="1536" freebytes="328704" totalbytes="334848" percent="98" regionsoverflowed="0" regionsstable="0" regionsrebuilding="0"/>
  </mem-info>
</gc-start>
<allocation-stats totalBytes="3648472" >
  <allocated-bytes non-tlh="0" tlh="3648472" arrayletleaf="0"/>
  <largest-consumer threadName="main" threadId="0000000000F70700" bytes="1848568" />
</allocation-stats>
<gc-op id="44" type="copy forward" timems="1.818" contextid="41" timestamp="2019-06-17T03:23:59.633">
  <memory-copied type="eden" objects="2" bytes="18176" bytesdiscarded="0" />
  <memory-copied type="other" objects="20" bytes="6120" bytesdiscarded="0" />
  <memory-cardclean objects="24" bytes="1008" />
  <regions eden="4" other="1" />
  <remembered-set-cleared processed="469" cleared="20" durationms="0.048" />
  <stringconstants candidates="2485" cleared="0"  />
  <heap-resize type="expand" space="default" amount="1048576" count="1" timems="0.063" reason="continue current collection" />
</gc-op>
<gc-op id="45" type="classunload" timems="0.002" contextid="41" timestamp="2019-06-17T03:23:59.633">
  <classunload-info classloadercandidates="6" classloadersunloaded="0" classesunloaded="0" anonymousclassesunloaded="0" quiescems="0.000" setupms="0.001" scanms="0.000" postms="0.000" />
</gc-op>
<heap-resize id="46" type="expand" space="default" amount="1048576" count="1" timems="0.050" reason="excessive time being spent in gc" timestamp="2019-06-17T03:23:59.633" />
<gc-end id="47" type="partial gc" contextid="41" durationms="2.975" usertimems="4.000" systemtimems="0.000" timestamp="2019-06-17T03:23:59.633" activeThreads="1">
  <mem-info id="48" free="6291456" total="10485760" percent="60">
    <mem type="eden" free="2072848" total="2097152" percent="98" />
    <remembered-set count="1984" freebytes="410624" totalbytes="418560" percent="98" regionsoverflowed="0" regionsstable="0" regionsrebuilding="0"/>
  </mem-info>
</gc-end>
<cycle-end id="49" type="partial gc" contextid="41" timestamp="2019-06-17T03:23:59.633" />
  <attribute name="elasticGC enabled" value="1" />
  <attribute name= "numThreadsSpecified" value="1" />
  <attribute name="heapSize specified" value="0" />
  <attribute name="Current GC Util" value="110" />
  <attribute name= "Current Time Running" value="11090" />
  <attribute name ="GC Interval" value="0" />
  <attribute name="ProportionalT" value="135.000000" />
  <attribute name="ProportionalI" value="135.000000" />
  <attribute name="ProportionalH" value="135.000000" />
  <attribute name="Current Error" value="90.000000" />
  <attribute name="IntegralT" value="0.000000" />
  <attribute name="IntegralI" value="0.000000" />
  <attribute name="IntegralH" value="0.000000" />
  <attribute name="DerivativeT" value="inf" />
  <attribute name="DerivativeI" value="inf" />
  <attribute name="DerivativeH" value="inf" />
  <attribute name="Loop Time for DT" value="0.000000" />
  <attribute name="Output H" value="8388608"/>
  <attribute name="Output I" value="200"/>
  <attribute name="Output T" value="1"/>
  <attribute name="Target GC Util Change" value ="20.000000" />
  <attribute name="Current GC Util Change" value="110.000000"/>
  <attribute name="GC Util currently" value="110" />
  <attribute name="CPU Util currently" value="9208858874167" />
<exclusive-end id="50" timestamp="2019-06-17T03:23:59.633" durationms="3.504" />

<exclusive-start id="51" timestamp="2019-06-17T03:23:59.634" intervalms="4.118">
  <response-info timems="0.019" idlems="0.019" threads="0" lastid="0000000000F70700" lastname="main" />
</exclusive-start>
<allocation-taxation id="52" taxation-threshold="3145728" timestamp="2019-06-17T03:23:59.634" intervalms="4.105" />
<gc-start id="53" type="global mark phase" contextid="30" timestamp="2019-06-17T03:23:59.634">
  <mem-info id="54" free="3145728" total="10485760" percent="30">
    <remembered-set count="1568" freebytes="412288" totalbytes="418560" percent="98" regionsoverflowed="0" regionsstable="0" regionsrebuilding="0"/>
  </mem-info>
</gc-start>
<gc-op id="55" type="mark increment" timems="1.925" contextid="30" timestamp="2019-06-17T03:23:59.636">
  <trace-info objectcount="2" scancount="1" scanbytes="16" />
  <cardclean-info objects="147" bytes="5092" />
  <finalization candidates="45" enqueued="0" />
  <ownableSynchronizers candidates="1" cleared="0" />
  <references type="soft" candidates="66" cleared="0" enqueued="0" dynamicThreshold="19" maxThreshold="32" />
  <references type="weak" candidates="382" cleared="0" enqueued="0" />
  <references type="phantom" candidates="80" cleared="0" enqueued="0" />
  <stringconstants candidates="2485" cleared="0"  />
</gc-op>
<gc-op id="56" type="classunload" timems="0.001" contextid="30" timestamp="2019-06-17T03:23:59.636">
  <classunload-info classloadercandidates="6" classloadersunloaded="0" classesunloaded="0" anonymousclassesunloaded="0" quiescems="0.000" setupms="0.001" scanms="0.000" postms="0.000" />
</gc-op>
<gc-end id="57" type="global mark phase" contextid="30" durationms="2.203" usertimems="4.000" systemtimems="0.000" timestamp="2019-06-17T03:23:59.636" activeThreads="4">
  <mem-info id="58" free="3145728" total="10485760" percent="30">
    <remembered-set count="1568" freebytes="412288" totalbytes="418560" percent="98" regionsoverflowed="0" regionsstable="0" regionsrebuilding="0"/>
  </mem-info>
</gc-end>
<cycle-end id="59" type="global mark phase" contextid="30" timestamp="2019-06-17T03:23:59.637" />
  <attribute name="elasticGC enabled" value="1" />
  <attribute name= "numThreadsSpecified" value="4" />
  <attribute name="heapSize specified" value="0" />
  <attribute name="Current GC Util" value="0" />
  <attribute name= "Current Time Running" value="11094" />
  <attribute name ="GC Interval" value="0" />
  <attribute name="ProportionalT" value="-30.000000" />
  <attribute name="ProportionalI" value="-30.000000" />
  <attribute name="ProportionalH" value="-30.000000" />
  <attribute name="Current Error" value="-20.000000" />
  <attribute name="IntegralT" value="0.000000" />
  <attribute name="IntegralI" value="0.000000" />
  <attribute name="IntegralH" value="0.000000" />
  <attribute name="DerivativeT" value="-inf" />
  <attribute name="DerivativeI" value="-inf" />
  <attribute name="DerivativeH" value="-inf" />
  <attribute name="Loop Time for DT" value="0.000000" />
  <attribute name="Output H" value="2091843584"/>
  <attribute name="Output I" value="200"/>
  <attribute name="Output T" value="4"/>
  <attribute name="Target GC Util Change" value ="20.000000" />
  <attribute name="Current GC Util Change" value="0.000000"/>
  <attribute name="GC Util currently" value="0" />
  <attribute name="CPU Util currently" value="20677702779422" />
<exclusive-end id="60" timestamp="2019-06-17T03:23:59.637" durationms="2.605" />

<exclusive-start id="61" timestamp="2019-06-17T03:23:59.638" intervalms="3.499">
  <response-info timems="0.023" idlems="0.023" threads="0" lastid="0000000000F70700" lastname="main" />
</exclusive-start>
<allocation-taxation id="62" taxation-threshold="3145728" timestamp="2019-06-17T03:23:59.638" intervalms="3.511" />
<cycle-start id="63" type="partial gc" contextid="0" timestamp="2019-06-17T03:23:59.638" intervalms="7.613" />
<gc-start id="64" type="partial gc" contextid="63" timestamp="2019-06-17T03:23:59.638">
  <mem-info id="65" free="0" total="10485760" percent="0">
    <mem type="eden" free="1030400" total="7340032" percent="14" />
    <remembered-set count="1568" freebytes="412288" totalbytes="418560" percent="98" regionsoverflowed="0" regionsstable="0" regionsrebuilding="0"/>
  </mem-info>
</gc-start>
<allocation-stats totalBytes="5662760" >
  <allocated-bytes non-tlh="0" tlh="5662760" arrayletleaf="0"/>
  <largest-consumer threadName="main" threadId="0000000000F70700" bytes="2850280" />
</allocation-stats>
<gc-op id="66" type="sweep" timems="0.775" contextid="63" timestamp="2019-06-17T03:23:59.639" />
<gc-op id="67" type="copy forward" timems="1.900" contextid="63" timestamp="2019-06-17T03:23:59.641">
  <memory-copied type="eden" objects="2" bytes="22168" bytesdiscarded="0" />
  <memory-copied type="other" objects="0" bytes="0" bytesdiscarded="0" />
  <memory-cardclean objects="0" bytes="0" />
  <regions eden="3" other="1" />
  <remembered-set-cleared processed="479" cleared="0" durationms="0.050" />
  <stringconstants candidates="2485" cleared="0"  />
</gc-op>
<gc-op id="68" type="classunload" timems="0.001" contextid="63" timestamp="2019-06-17T03:23:59.642">
  <classunload-info classloadercandidates="6" classloadersunloaded="0" classesunloaded="0" anonymousclassesunloaded="0" quiescems="0.000" setupms="0.001" scanms="0.000" postms="0.000" />
</gc-op>
<gc-end id="69" type="partial gc" contextid="63" durationms="3.883" usertimems="8.000" systemtimems="0.000" timestamp="2019-06-17T03:23:59.642" activeThreads="4">
  <mem-info id="70" free="6291456" total="10485760" percent="60">
    <mem type="eden" free="1026408" total="1048576" percent="97" />
    <remembered-set count="640" freebytes="416000" totalbytes="418560" percent="99" regionsoverflowed="0" regionsstable="0" regionsrebuilding="0"/>
  </mem-info>
</gc-end>
<cycle-end id="71" type="partial gc" contextid="63" timestamp="2019-06-17T03:23:59.642" />
  <attribute name="elasticGC enabled" value="1" />
  <attribute name= "numThreadsSpecified" value="4" />
  <attribute name="heapSize specified" value="0" />
  <attribute name="Current GC Util" value="118" />
  <attribute name= "Current Time Running" value="11099" />
  <attribute name ="GC Interval" value="0" />
  <attribute name="ProportionalT" value="147.000000" />
  <attribute name="ProportionalI" value="147.000000" />
  <attribute name="ProportionalH" value="147.000000" />
  <attribute name="Current Error" value="98.000000" />
  <attribute name="IntegralT" value="98.000000" />
  <attribute name="IntegralI" value="98.000000" />
  <attribute name="IntegralH" value="98.000000" />
  <attribute name="DerivativeT" value="-48.000000" />
  <attribute name="DerivativeI" value="-48.000000" />
  <attribute name="DerivativeH" value="-48.000000" />
  <attribute name="Loop Time for DT" value="1.000000" />
  <attribute name="Output H" value="8388608"/>
  <attribute name="Output I" value="200"/>
  <attribute name="Output T" value="4"/>
  <attribute name="Target GC Util Change" value ="20.000000" />
  <attribute name="Current GC Util Change" value="118.000000"/>
  <attribute name="GC Util currently" value="118" />
  <attribute name="CPU Util currently" value="9734758361539" />
<exclusive-end id="72" timestamp="2019-06-17T03:23:59.642" durationms="4.498" />

<exclusive-start id="73" timestamp="2019-06-17T03:23:59.643" intervalms="5.081">
  <response-info timems="0.021" idlems="0.021" threads="0" lastid="0000000000F70700" lastname="main" />
</exclusive-start>
<allocation-taxation id="74" taxation-threshold="3145728" timestamp="2019-06-17T03:23:59.643" intervalms="5.084" />
<cycle-start id="75" type="global mark phase" contextid="0" timestamp="2019-06-17T03:23:59.643" intervalms="14.709" />
<gc-start id="76" type="global mark phase" contextid="75" timestamp="2019-06-17T03:23:59.643">
  <mem-info id="77" free="3145728" total="10485760" percent="30">
    <remembered-set count="640" freebytes="416000" totalbytes="418560" percent="99" regionsoverflowed="0" regionsstable="0" regionsrebuilding="0"/>
  </mem-info>
</gc-start>
<gc-op id="78" type="mark increment" timems="0.882" contextid="75" timestamp="2019-06-17T03:23:59.644">
  <trace-info objectcount="90" scancount="0" scanbytes="0" />
</gc-op>
<gc-end id="79" type="global mark phase" contextid="75" durationms="1.013" usertimems="4.000" systemtimems="0.000" timestamp="2019-06-17T03:23:59.644" activeThreads="4">
  <mem-info id="80" free="3145728" total="10485760" percent="30">
    <remembered-set count="640" freebytes="416000" totalbytes="418560" percent="99" regionsoverflowed="0" regionsstable="0" regionsrebuilding="0"/>
  </mem-info>
</gc-end>
<concurrent-start id="81" type="GMP work packet processing" contextid="75" timestamp="2019-06-17T03:23:59.644">
  <concurrent-mark-start scanTarget="18446744073709551615" />
</concurrent-start>
<exclusive-end id="82" timestamp="2019-06-17T03:23:59.644" durationms="1.475" />

<exclusive-start id="83" timestamp="2019-06-17T03:23:59.646" intervalms="2.968">
  <response-info timems="0.022" idlems="0.022" threads="0" lastid="0000000000F70700" lastname="main" />
</exclusive-start>
<concurrent-end id="84" type="GMP work packet processing" contextid="75" timestamp="2019-06-17T03:23:59.646">
  <concurrent-mark-end bytesScanned="527580" reasonForTermination="Completed all work in GC phase" />
</concurrent-end>

<allocation-taxation id="85" taxation-threshold="3145728" timestamp="2019-06-17T03:23:59.646" intervalms="2.937" />
<cycle-start id="86" type="partial gc" contextid="0" timestamp="2019-06-17T03:23:59.646" intervalms="8.020" />
<gc-start id="87" type="partial gc" contextid="86" timestamp="2019-06-17T03:23:59.646">
  <mem-info id="88" free="0" total="10485760" percent="0">
    <mem type="eden" free="1026408" total="7340032" percent="13" />
    <remembered-set count="640" freebytes="416000" totalbytes="418560" percent="99" regionsoverflowed="0" regionsstable="0" regionsrebuilding="0"/>
  </mem-info>
</gc-start>
<allocation-stats totalBytes="4826728" >
  <allocated-bytes non-tlh="135600" tlh="4691128" arrayletleaf="0"/>
  <largest-consumer threadName="main" threadId="0000000000F70700" bytes="2370568" />
</allocation-stats>
<gc-op id="89" type="mark" timems="1.245" contextid="86" timestamp="2019-06-17T03:23:59.648">
  <trace-info objectcount="2" scancount="1" scanbytes="24" />
  <remembered-set-cleared processed="479" cleared="0" durationms="0.111" />
  <stringconstants candidates="2485" cleared="0"  />
  <warning details="Mark invoked due to insufficient free space for Copy-Forward" />
</gc-op>
<gc-op id="90" type="classunload" timems="0.001" contextid="86" timestamp="2019-06-17T03:23:59.648">
  <classunload-info classloadercandidates="6" classloadersunloaded="0" classesunloaded="0" anonymousclassesunloaded="0" quiescems="0.000" setupms="0.001" scanms="0.000" postms="0.000" />
</gc-op>
<gc-op id="91" type="sweep" timems="0.499" contextid="86" timestamp="2019-06-17T03:23:59.648" />
<gc-op id="92" type="compact" timems="1.044" contextid="86" timestamp="2019-06-17T03:23:59.650">
  <compact-info movecount="2" movebytes="25240" />
  <remembered-set-cleared processed="958" cleared="0" durationms="0.111" />
</gc-op>
<gc-end id="93" type="partial gc" contextid="86" durationms="3.893" usertimems="4.000" systemtimems="0.000" timestamp="2019-06-17T03:23:59.650" activeThreads="4">
  <mem-info id="94" free="6291456" total="10485760" percent="60">
    <mem type="eden" free="1023336" total="1048576" percent="97" />
    <remembered-set count="1152" freebytes="413952" totalbytes="418560" percent="98" regionsoverflowed="0" regionsstable="0" regionsrebuilding="0"/>
  </mem-info>
</gc-end>
<cycle-end id="95" type="partial gc" contextid="86" timestamp="2019-06-17T03:23:59.650" />
  <attribute name="elasticGC enabled" value="1" />
  <attribute name= "numThreadsSpecified" value="4" />
  <attribute name="heapSize specified" value="0" />
  <attribute name="Current GC Util" value="121" />
  <attribute name= "Current Time Running" value="11108" />
  <attribute name ="GC Interval" value="0" />
  <attribute name="ProportionalT" value="151.500000" />
  <attribute name="ProportionalI" value="151.500000" />
  <attribute name="ProportionalH" value="151.500000" />
  <attribute name="Current Error" value="101.000000" />
  <attribute name="IntegralT" value="101.000000" />
  <attribute name="IntegralI" value="101.000000" />
  <attribute name="IntegralH" value="101.000000" />
  <attribute name="DerivativeT" value="-60.000000" />
  <attribute name="DerivativeI" value="-60.000000" />
  <attribute name="DerivativeH" value="-60.000000" />
  <attribute name="Loop Time for DT" value="1.000000" />
  <attribute name="Output H" value="8388608"/>
  <attribute name="Output I" value="200"/>
  <attribute name="Output T" value="4"/>
  <attribute name="Target GC Util Change" value ="20.000000" />
  <attribute name="Current GC Util Change" value="121.000000"/>
  <attribute name="GC Util currently" value="121" />
  <attribute name="CPU Util currently" value="6456231299602" />
<exclusive-end id="96" timestamp="2019-06-17T03:23:59.650" durationms="4.456" />

<exclusive-start id="97" timestamp="2019-06-17T03:23:59.651" intervalms="5.058">
  <response-info timems="0.025" idlems="0.025" threads="0" lastid="0000000000F70700" lastname="main" />
</exclusive-start>
<sys-start reason="explicit" id="98" timestamp="2019-06-17T03:23:59.651" intervalms="11225.758" />
<cycle-continue id="99" oldtype="global mark phase" newtype="global garbage collect" contextid="75" timestamp="2019-06-17T03:23:59.651" />
  <attribute name="elasticGC enabled" value="1" />
  <attribute name= "numThreadsSpecified" value="4" />
  <attribute name="heapSize specified" value="0" />
  <attribute name="Current GC Util" value="121" />
  <attribute name= "Current Time Running" value="11108" />
  <attribute name ="GC Interval" value="0" />
  <attribute name="ProportionalT" value="151.500000" />
  <attribute name="ProportionalI" value="151.500000" />
  <attribute name="ProportionalH" value="151.500000" />
  <attribute name="IntegralT" value="101.000000" />
  <attribute name="IntegralI" value="101.000000" />
  <attribute name="IntegralH" value="101.000000" />
  <attribute name="DerivativeT" value="-60.000000" />
  <attribute name="DerivativeI" value="-60.000000" />
  <attribute name="DerivativeH" value="-60.000000" />
  <attribute name="Current Error" value="101.000000" />
  <attribute name="Target GC Util Change" value ="20.000000" />
  <attribute name="Current GC Util Change" value="121.000000"/>
  <attribute name="Loop Time for DT" value="1.000000" />
  <attribute name="Output H" value="8388608"/>
  <attribute name="Output I" value="200"/>
  <attribute name="Output T" value="4"/>
  <attribute name="GC Util currently" value="121" />
  <attribute name="CPU Util currently" value="6456231299602" />
<gc-start id="100" type="global garbage collect" contextid="75" timestamp="2019-06-17T03:23:59.651">
  <mem-info id="101" free="3224448" total="10485760" percent="30">
    <mem type="eden" free="1102056" total="4194304" percent="26" />
    <remembered-set count="1152" freebytes="413952" totalbytes="418560" percent="98" regionsoverflowed="0" regionsstable="0" regionsrebuilding="0"/>
  </mem-info>
</gc-start>
<allocation-stats totalBytes="2567088" >
  <allocated-bytes non-tlh="204416" tlh="2362672" arrayletleaf="0"/>
  <largest-consumer threadName="main" threadId="0000000000F70700" bytes="2567088" />
</allocation-stats>
<gc-op id="102" type="global mark" timems="1.622" contextid="75" timestamp="2019-06-17T03:23:59.653">
  <trace-info objectcount="38" scancount="19" scanbytes="304" />
  <cardclean-info objects="14" bytes="608" />
  <finalization candidates="45" enqueued="0" />
  <ownableSynchronizers candidates="1" cleared="0" />
  <references type="soft" candidates="66" cleared="0" enqueued="0" dynamicThreshold="19" maxThreshold="32" />
  <references type="weak" candidates="382" cleared="0" enqueued="0" />
  <references type="phantom" candidates="80" cleared="0" enqueued="0" />
  <stringconstants candidates="2485" cleared="0"  />
</gc-op>
<gc-op id="103" type="classunload" timems="0.001" contextid="75" timestamp="2019-06-17T03:23:59.653">
  <classunload-info classloadercandidates="6" classloadersunloaded="0" classesunloaded="0" anonymousclassesunloaded="0" quiescems="0.000" setupms="0.001" scanms="0.000" postms="0.000" />
</gc-op>
<gc-op id="104" type="sweep" timems="0.644" contextid="75" timestamp="2019-06-17T03:23:59.654" />
<gc-op id="105" type="compact" timems="3.361" contextid="75" timestamp="2019-06-17T03:23:59.657">
  <compact-info movecount="15145" movebytes="1076520" />
  <remembered-set-cleared processed="505" cleared="505" durationms="0.047" />
</gc-op>
<gc-end id="106" type="global garbage collect" contextid="75" durationms="6.477" usertimems="8.000" systemtimems="0.000" timestamp="2019-06-17T03:23:59.657" activeThreads="4">
  <mem-info id="107" free="6291456" total="10485760" percent="60">
    <remembered-set count="2048" freebytes="410368" totalbytes="418560" percent="98" regionsoverflowed="0" regionsstable="0" regionsrebuilding="0"/>
  </mem-info>
</gc-end>
<cycle-end id="108" type="global garbage collect" contextid="75" timestamp="2019-06-17T03:23:59.658" />
  <attribute name="elasticGC enabled" value="1" />
  <attribute name= "numThreadsSpecified" value="4" />
  <attribute name="heapSize specified" value="0" />
  <attribute name="Current GC Util" value="138" />
  <attribute name= "Current Time Running" value="11113" />
  <attribute name ="GC Interval" value="0" />
  <attribute name="ProportionalT" value="177.000000" />
  <attribute name="ProportionalI" value="177.000000" />
  <attribute name="ProportionalH" value="177.000000" />
  <attribute name="Current Error" value="118.000000" />
  <attribute name="IntegralT" value="118.000000" />
  <attribute name="IntegralI" value="118.000000" />
  <attribute name="IntegralH" value="118.000000" />
  <attribute name="DerivativeT" value="58.500000" />
  <attribute name="DerivativeI" value="58.500000" />
  <attribute name="DerivativeH" value="58.500000" />
  <attribute name="Loop Time for DT" value="1.000000" />
  <attribute name="Output H" value="8388608"/>
  <attribute name="Output I" value="360"/>
  <attribute name="Output T" value="4"/>
  <attribute name="Target GC Util Change" value ="20.000000" />
  <attribute name="Current GC Util Change" value="138.000000"/>
  <attribute name="GC Util currently" value="138" />
  <attribute name="CPU Util currently" value="5474675548034" />
<sys-end id="109" timestamp="2019-06-17T03:23:59.658" />
<exclusive-end id="110" timestamp="2019-06-17T03:23:59.658" durationms="7.246" />

<exclusive-start id="111" timestamp="2019-06-17T03:24:00.164" intervalms="513.645">
  <response-info timems="0.032" idlems="0.032" threads="0" lastid="0000000000F70700" lastname="main" />
</exclusive-start>
<allocation-taxation id="112" taxation-threshold="6291456" timestamp="2019-06-17T03:24:00.164" intervalms="518.751" />
<cycle-start id="113" type="partial gc" contextid="0" timestamp="2019-06-17T03:24:00.165" intervalms="518.763" />
<gc-start id="114" type="partial gc" contextid="113" timestamp="2019-06-17T03:24:00.165">
  <mem-info id="115" free="0" total="10485760" percent="0">
    <mem type="eden" free="0" total="6291456" percent="0" />
    <remembered-set count="2048" freebytes="410368" totalbytes="418560" percent="98" regionsoverflowed="0" regionsstable="0" regionsrebuilding="0"/>
  </mem-info>
</gc-start>
<allocation-stats totalBytes="6284808" >
  <allocated-bytes non-tlh="184792" tlh="6100016" arrayletleaf="0"/>
  <largest-consumer threadName="main" threadId="0000000000F70700" bytes="6284808" />
</allocation-stats>
<gc-op id="116" type="mark" timems="1.202" contextid="113" timestamp="2019-06-17T03:24:00.166">
  <trace-info objectcount="9117" scancount="6262" scanbytes="202084" />
  <cardclean-info objects="551" bytes="22788" />
  <remembered-set-cleared processed="748" cleared="43" durationms="0.063" />
  <references type="soft" candidates="3" cleared="0" enqueued="0" dynamicThreshold="19" maxThreshold="32" />
  <references type="weak" candidates="77" cleared="73" enqueued="73" />
  <references type="phantom" candidates="8" cleared="3" enqueued="3" />
  <stringconstants candidates="3372" cleared="0"  />
  <warning details="Mark invoked due to insufficient free space for Copy-Forward" />
</gc-op>
<gc-op id="117" type="classunload" timems="0.002" contextid="113" timestamp="2019-06-17T03:24:00.167">
  <classunload-info classloadercandidates="6" classloadersunloaded="0" classesunloaded="0" anonymousclassesunloaded="0" quiescems="0.000" setupms="0.001" scanms="0.000" postms="0.000" />
</gc-op>
<gc-op id="118" type="sweep" timems="0.381" contextid="113" timestamp="2019-06-17T03:24:00.167" />
<gc-op id="119" type="compact" timems="1.747" contextid="113" timestamp="2019-06-17T03:24:00.169">
  <compact-info movecount="9078" movebytes="572936" />
  <remembered-set-cleared processed="2756" cleared="1339" durationms="0.063" />
</gc-op>
<gc-end id="120" type="partial gc" contextid="113" durationms="4.478" usertimems="4.000" systemtimems="0.000" timestamp="2019-06-17T03:24:00.169" activeThreads="1">
  <mem-info id="121" free="5242880" total="10485760" percent="50">
    <mem type="eden" free="473016" total="1048576" percent="45" />
    <pending-finalizers system="0" default="0" reference="76" classloader="0" />
    <remembered-set count="2976" freebytes="406656" totalbytes="418560" percent="97" regionsoverflowed="0" regionsstable="0" regionsrebuilding="0"/>
  </mem-info>
</gc-end>
<cycle-end id="122" type="partial gc" contextid="113" timestamp="2019-06-17T03:24:00.169" />
  <attribute name="elasticGC enabled" value="1" />
  <attribute name= "numThreadsSpecified" value="1" />
  <attribute name="heapSize specified" value="0" />
  <attribute name="Current GC Util" value="39" />
  <attribute name= "Current Time Running" value="11626" />
  <attribute name ="GC Interval" value="0" />
  <attribute name="ProportionalT" value="28.500000" />
  <attribute name="ProportionalI" value="28.500000" />
  <attribute name="ProportionalH" value="28.500000" />
  <attribute name="Current Error" value="19.000000" />
  <attribute name="IntegralT" value="0.000000" />
  <attribute name="IntegralI" value="0.000000" />
  <attribute name="IntegralH" value="0.000000" />
  <attribute name="DerivativeT" value="inf" />
  <attribute name="DerivativeI" value="inf" />
  <attribute name="DerivativeH" value="inf" />
  <attribute name="Loop Time for DT" value="0.000000" />
  <attribute name="Output H" value="8388608"/>
  <attribute name="Output I" value="200"/>
  <attribute name="Output T" value="1"/>
  <attribute name="Target GC Util Change" value ="20.000000" />
  <attribute name="Current GC Util Change" value="39.000000"/>
  <attribute name="GC Util currently" value="39" />
  <attribute name="CPU Util currently" value="7882846662047" />
<exclusive-end id="123" timestamp="2019-06-17T03:24:00.170" durationms="5.250" />

<exclusive-start id="124" timestamp="2019-06-17T03:24:00.630" intervalms="465.609">
  <response-info timems="0.081" idlems="0.081" threads="0" lastid="000000000128C400" lastname="PmdThread 3" />
</exclusive-start>
<allocation-taxation id="125" taxation-threshold="5242880" timestamp="2019-06-17T03:24:00.630" intervalms="465.603" />
<cycle-start id="126" type="partial gc" contextid="0" timestamp="2019-06-17T03:24:00.630" intervalms="465.815" />
<gc-start id="127" type="partial gc" contextid="126" timestamp="2019-06-17T03:24:00.631">
  <mem-info id="128" free="0" total="10485760" percent="0">
    <mem type="eden" free="473016" total="6291456" percent="7" />
    <remembered-set count="2656" freebytes="407936" totalbytes="418560" percent="97" regionsoverflowed="0" regionsstable="0" regionsrebuilding="0"/>
  </mem-info>
</gc-start>
<allocation-stats totalBytes="5199224" >
  <allocated-bytes non-tlh="366368" tlh="4832856" arrayletleaf="0"/>
  <largest-consumer threadName="main" threadId="0000000000F70700" bytes="1430264" />
</allocation-stats>
<gc-op id="129" type="mark" timems="1.569" contextid="126" timestamp="2019-06-17T03:24:00.633">
  <trace-info objectcount="14492" scancount="10630" scanbytes="342296" />
  <cardclean-info objects="714" bytes="30792" />
  <remembered-set-cleared processed="1283" cleared="584" durationms="0.061" />
  <finalization candidates="6" enqueued="0" />
  <ownableSynchronizers candidates="7" cleared="0" />
  <references type="soft" candidates="3" cleared="0" enqueued="0" dynamicThreshold="16" maxThreshold="32" />
  <references type="weak" candidates="444" cleared="223" enqueued="146" />
  <references type="phantom" candidates="8" cleared="0" enqueued="0" />
  <stringconstants candidates="3590" cleared="4"  />
  <warning details="Mark invoked due to insufficient free space for Copy-Forward" />
</gc-op>
<gc-op id="130" type="classunload" timems="0.002" contextid="126" timestamp="2019-06-17T03:24:00.633">
  <classunload-info classloadercandidates="6" classloadersunloaded="0" classesunloaded="0" anonymousclassesunloaded="0" quiescems="0.000" setupms="0.002" scanms="0.000" postms="0.000" />
</gc-op>
<gc-op id="131" type="sweep" timems="0.311" contextid="126" timestamp="2019-06-17T03:24:00.633" />
<gc-op id="132" type="compact" timems="2.571" contextid="126" timestamp="2019-06-17T03:24:00.636">
  <compact-info movecount="14447" movebytes="1124352" />
  <remembered-set-cleared processed="3807" cleared="2399" durationms="0.061" />
</gc-op>
<gc-end id="133" type="partial gc" contextid="126" durationms="5.375" usertimems="4.000" systemtimems="0.000" timestamp="2019-06-17T03:24:00.636" activeThreads="1">
  <mem-info id="134" free="4194304" total="10485760" percent="40">
    <mem type="eden" free="944944" total="2097152" percent="45" />
    <pending-finalizers system="0" default="0" reference="146" classloader="0" />
    <remembered-set count="3488" freebytes="404608" totalbytes="418560" percent="96" regionsoverflowed="0" regionsstable="0" regionsrebuilding="0"/>
  </mem-info>
</gc-end>
<cycle-end id="135" type="partial gc" contextid="126" timestamp="2019-06-17T03:24:00.636" />
  <attribute name="elasticGC enabled" value="1" />
  <attribute name= "numThreadsSpecified" value="1" />
  <attribute name="heapSize specified" value="0" />
  <attribute name="Current GC Util" value="46" />
  <attribute name= "Current Time Running" value="12092" />
  <attribute name ="GC Interval" value="0" />
  <attribute name="ProportionalT" value="39.000000" />
  <attribute name="ProportionalI" value="39.000000" />
  <attribute name="ProportionalH" value="39.000000" />
  <attribute name="Current Error" value="26.000000" />
  <attribute name="IntegralT" value="0.000000" />
  <attribute name="IntegralI" value="0.000000" />
  <attribute name="IntegralH" value="0.000000" />
  <attribute name="DerivativeT" value="inf" />
  <attribute name="DerivativeI" value="inf" />
  <attribute name="DerivativeH" value="inf" />
  <attribute name="Loop Time for DT" value="0.000000" />
  <attribute name="Output H" value="8388608"/>
  <attribute name="Output I" value="200"/>
  <attribute name="Output T" value="1"/>
  <attribute name="Target GC Util Change" value ="20.000000" />
  <attribute name="Current GC Util Change" value="46.000000"/>
  <attribute name="GC Util currently" value="46" />
  <attribute name="CPU Util currently" value="9599339775939" />
<exclusive-end id="136" timestamp="2019-06-17T03:24:00.636" durationms="6.414" />

<exclusive-start id="137" timestamp="2019-06-17T03:24:00.676" intervalms="46.132">
  <response-info timems="0.057" idlems="0.057" threads="0" lastid="000000000128C400" lastname="PmdThread 3" />
</exclusive-start>
<allocation-taxation id="138" taxation-threshold="2097152" timestamp="2019-06-17T03:24:00.676" intervalms="46.101" />
<cycle-start id="139" type="global mark phase" contextid="0" timestamp="2019-06-17T03:24:00.676" intervalms="1033.344" />
<gc-start id="140" type="global mark phase" contextid="139" timestamp="2019-06-17T03:24:00.676">
  <mem-info id="141" free="2097152" total="10485760" percent="20">
    <remembered-set count="3296" freebytes="405376" totalbytes="418560" percent="96" regionsoverflowed="0" regionsstable="0" regionsrebuilding="0"/>
  </mem-info>
</gc-start>
<gc-op id="142" type="mark increment" timems="0.472" contextid="139" timestamp="2019-06-17T03:24:00.677">
  <trace-info objectcount="272" scancount="0" scanbytes="0" />
</gc-op>
<gc-end id="143" type="global mark phase" contextid="139" durationms="0.568" usertimems="4.000" systemtimems="0.000" timestamp="2019-06-17T03:24:00.677" activeThreads="1">
  <mem-info id="144" free="2097152" total="10485760" percent="20">
    <remembered-set count="3296" freebytes="405376" totalbytes="418560" percent="96" regionsoverflowed="0" regionsstable="0" regionsrebuilding="0"/>
  </mem-info>
</gc-end>
<concurrent-start id="145" type="GMP work packet processing" contextid="139" timestamp="2019-06-17T03:24:00.677">
  <concurrent-mark-start scanTarget="18446744073709551615" />
</concurrent-start>
<concurrent-end id="146" type="GMP work packet processing" contextid="139" timestamp="2019-06-17T03:24:00.680">
  <concurrent-mark-end bytesScanned="1202516" reasonForTermination="Completed all work in GC phase" />
</concurrent-end>

<exclusive-end id="147" timestamp="2019-06-17T03:24:00.680" durationms="3.932" />

<exclusive-start id="148" timestamp="2019-06-17T03:24:00.721" intervalms="45.106">
  <response-info timems="0.101" idlems="0.073" threads="1" lastid="0000000001284800" lastname="PmdThread 2" />
</exclusive-start>
<allocation-taxation id="149" taxation-threshold="2097152" timestamp="2019-06-17T03:24:00.721" intervalms="45.099" />
<cycle-start id="150" type="partial gc" contextid="0" timestamp="2019-06-17T03:24:00.721" intervalms="90.947" />
<gc-start id="151" type="partial gc" contextid="150" timestamp="2019-06-17T03:24:00.722">
  <mem-info id="152" free="0" total="10485760" percent="0">
    <mem type="eden" free="189456" total="5242880" percent="3" />
    <remembered-set count="3296" freebytes="405376" totalbytes="418560" percent="96" regionsoverflowed="0" regionsstable="0" regionsrebuilding="0"/>
  </mem-info>
</gc-start>
<allocation-stats totalBytes="4192880" >
  <allocated-bytes non-tlh="72000" tlh="4120880" arrayletleaf="0"/>
  <largest-consumer threadName="PmdThread 4" threadId="0000000001290000" bytes="644928" />
</allocation-stats>
<gc-op id="153" type="mark" timems="2.495" contextid="150" timestamp="2019-06-17T03:24:00.725">
  <trace-info objectcount="33025" scancount="27171" scanbytes="915604" />
  <cardclean-info objects="558" bytes="28104" />
  <remembered-set-cleared processed="1927" cleared="805" durationms="0.088" />
  <finalization candidates="12" enqueued="0" />
  <ownableSynchronizers candidates="7" cleared="0" />
  <references type="soft" candidates="32" cleared="0" enqueued="0" dynamicThreshold="6" maxThreshold="32" />
  <references type="weak" candidates="360" cleared="38" enqueued="32" />
  <references type="phantom" candidates="11" cleared="4" enqueued="4" />
  <stringconstants candidates="4490" cleared="0"  />
  <warning details="Mark invoked due to insufficient free space for Copy-Forward" />
</gc-op>
<gc-op id="154" type="classunload" timems="0.001" contextid="150" timestamp="2019-06-17T03:24:00.725">
  <classunload-info classloadercandidates="6" classloadersunloaded="0" classesunloaded="0" anonymousclassesunloaded="0" quiescems="0.000" setupms="0.001" scanms="0.000" postms="0.000" />
</gc-op>
<gc-op id="155" type="sweep" timems="0.807" contextid="150" timestamp="2019-06-17T03:24:00.726" />
<gc-op id="156" type="compact" timems="3.247" contextid="150" timestamp="2019-06-17T03:24:00.729">
  <compact-info movecount="32750" movebytes="1620800" />
  <remembered-set-cleared processed="6035" cleared="3788" durationms="0.088" />
</gc-op>
<heap-resize id="157" type="expand" space="default" amount="2097152" count="1" timems="0.064" reason="insufficient free space following gc" timestamp="2019-06-17T03:24:00.729" />
<gc-end id="158" type="partial gc" contextid="150" durationms="7.816" usertimems="8.000" systemtimems="8.000" timestamp="2019-06-17T03:24:00.729" activeThreads="4">
  <mem-info id="159" free="5242880" total="12582912" percent="41">
    <mem type="eden" free="440728" total="2097152" percent="21" />
    <pending-finalizers system="0" default="0" reference="36" classloader="0" />
    <remembered-set count="5344" freebytes="480896" totalbytes="502272" percent="95" regionsoverflowed="0" regionsstable="0" regionsrebuilding="0"/>
  </mem-info>
</gc-end>
<cycle-end id="160" type="partial gc" contextid="150" timestamp="2019-06-17T03:24:00.730" />
  <attribute name="elasticGC enabled" value="1" />
  <attribute name= "numThreadsSpecified" value="4" />
  <attribute name="heapSize specified" value="0" />
  <attribute name="Current GC Util" value="164" />
  <attribute name= "Current Time Running" value="12185" />
  <attribute name ="GC Interval" value="0" />
  <attribute name="ProportionalT" value="216.000000" />
  <attribute name="ProportionalI" value="216.000000" />
  <attribute name="ProportionalH" value="216.000000" />
  <attribute name="Current Error" value="144.000000" />
  <attribute name="IntegralT" value="144.000000" />
  <attribute name="IntegralI" value="144.000000" />
  <attribute name="IntegralH" value="144.000000" />
  <attribute name="DerivativeT" value="216.000000" />
  <attribute name="DerivativeI" value="216.000000" />
  <attribute name="DerivativeH" value="216.000000" />
  <attribute name="Loop Time for DT" value="1.000000" />
  <attribute name="Output H" value="8388608"/>
  <attribute name="Output I" value="576"/>
  <attribute name="Output T" value="4"/>
  <attribute name="Target GC Util Change" value ="20.000000" />
  <attribute name="Current GC Util Change" value="164.000000"/>
  <attribute name="GC Util currently" value="164" />
  <attribute name="CPU Util currently" value="4509214125676" />
<exclusive-end id="161" timestamp="2019-06-17T03:24:00.730" durationms="8.590" />

<exclusive-start id="162" timestamp="2019-06-17T03:24:00.766" intervalms="44.441">
  <response-info timems="0.072" idlems="0.072" threads="0" lastid="0000000001284800" lastname="PmdThread 2" />
</exclusive-start>
<allocation-taxation id="163" taxation-threshold="2097152" timestamp="2019-06-17T03:24:00.766" intervalms="44.486" />
<gc-start id="164" type="global mark phase" contextid="139" timestamp="2019-06-17T03:24:00.766">
  <mem-info id="165" free="3145728" total="12582912" percent="25">
    <remembered-set count="5120" freebytes="481792" totalbytes="502272" percent="95" regionsoverflowed="0" regionsstable="0" regionsrebuilding="0"/>
  </mem-info>
</gc-start>
<gc-op id="166" type="mark increment" timems="1.659" contextid="139" timestamp="2019-06-17T03:24:00.768">
  <trace-info objectcount="37762" scancount="31675" scanbytes="1064856" />
  <cardclean-info objects="838" bytes="38120" />
  <finalization candidates="57" enqueued="0" />
  <ownableSynchronizers candidates="8" cleared="0" />
  <references type="soft" candidates="101" cleared="0" enqueued="0" dynamicThreshold="13" maxThreshold="32" />
  <references type="weak" candidates="709" cleared="2" enqueued="2" />
  <references type="phantom" candidates="92" cleared="3" enqueued="3" />
  <stringconstants candidates="4555" cleared="0"  />
</gc-op>
<gc-op id="167" type="classunload" timems="0.003" contextid="139" timestamp="2019-06-17T03:24:00.768">
  <classunload-info classloadercandidates="6" classloadersunloaded="0" classesunloaded="0" anonymousclassesunloaded="0" quiescems="0.000" setupms="0.003" scanms="0.000" postms="0.000" />
</gc-op>
<gc-end id="168" type="global mark phase" contextid="139" durationms="1.907" usertimems="4.000" systemtimems="0.000" timestamp="2019-06-17T03:24:00.768" activeThreads="1">
  <mem-info id="169" free="3145728" total="12582912" percent="25">
    <pending-finalizers system="0" default="0" reference="5" classloader="0" />
    <remembered-set count="5120" freebytes="481792" totalbytes="502272" percent="95" regionsoverflowed="0" regionsstable="0" regionsrebuilding="0"/>
  </mem-info>
</gc-end>
<cycle-end id="170" type="global mark phase" contextid="139" timestamp="2019-06-17T03:24:00.768" />
  <attribute name="elasticGC enabled" value="1" />
  <attribute name= "numThreadsSpecified" value="1" />
  <attribute name="heapSize specified" value="0" />
  <attribute name="Current GC Util" value="148" />
  <attribute name= "Current Time Running" value="12226" />
  <attribute name ="GC Interval" value="0" />
  <attribute name="ProportionalT" value="192.000000" />
  <attribute name="ProportionalI" value="192.000000" />
  <attribute name="ProportionalH" value="192.000000" />
  <attribute name="Current Error" value="128.000000" />
  <attribute name="IntegralT" value="0.000000" />
  <attribute name="IntegralI" value="0.000000" />
  <attribute name="IntegralH" value="0.000000" />
  <attribute name="DerivativeT" value="inf" />
  <attribute name="DerivativeI" value="inf" />
  <attribute name="DerivativeH" value="inf" />
  <attribute name="Loop Time for DT" value="0.000000" />
  <attribute name="Output H" value="8388608"/>
  <attribute name="Output I" value="200"/>
  <attribute name="Output T" value="1"/>
  <attribute name="Target GC Util Change" value ="20.000000" />
  <attribute name="Current GC Util Change" value="148.000000"/>
  <attribute name="GC Util currently" value="148" />
  <attribute name="CPU Util currently" value="5501984065987" />
<exclusive-end id="171" timestamp="2019-06-17T03:24:00.768" durationms="2.288" />

<exclusive-start id="172" timestamp="2019-06-17T03:24:00.792" intervalms="26.238">
  <response-info timems="0.075" idlems="0.075" threads="0" lastid="0000000001284800" lastname="PmdThread 2" />
</exclusive-start>
<allocation-taxation id="173" taxation-threshold="2097152" timestamp="2019-06-17T03:24:00.792" intervalms="26.209" />
<cycle-start id="174" type="partial gc" contextid="0" timestamp="2019-06-17T03:24:00.792" intervalms="70.725" />
<gc-start id="175" type="partial gc" contextid="174" timestamp="2019-06-17T03:24:00.792">
  <mem-info id="176" free="1048576" total="12582912" percent="8">
    <mem type="eden" free="0" total="4194304" percent="0" />
    <remembered-set count="5120" freebytes="481792" totalbytes="502272" percent="95" regionsoverflowed="0" regionsstable="0" regionsrebuilding="0"/>
  </mem-info>
</gc-start>
<allocation-stats totalBytes="4186792" >
  <allocated-bytes non-tlh="18688" tlh="4168104" arrayletleaf="0"/>
  <largest-consumer threadName="PmdThread 4" threadId="0000000001290000" bytes="826336" />
</allocation-stats>
<gc-op id="177" type="sweep" timems="0.436" contextid="174" timestamp="2019-06-17T03:24:00.793" />
<gc-op id="178" type="copy forward" timems="3.520" contextid="174" timestamp="2019-06-17T03:24:00.797">
  <memory-copied type="eden" objects="2641" bytes="114864" bytesdiscarded="3442" />
  <memory-copied type="other" objects="29589" bytes="1095280" bytesdiscarded="90230" />
  <memory-cardclean objects="847" bytes="42784" />
  <memory-traced type="eden" objects="1526" bytes="62640" />
  <memory-traced type="other" objects="0" bytes="0" />
  <regions eden="2" other="3" evacuated="4" marked="1" />
  <remembered-set-cleared processed="3721" cleared="1972" durationms="0.070" />
  <finalization candidates="6" enqueued="0" />
  <references type="soft" candidates="33" cleared="0" enqueued="0" dynamicThreshold="8" maxThreshold="32" />
  <references type="weak" candidates="130" cleared="0" enqueued="0" />
  <references type="phantom" candidates="7" cleared="0" enqueued="0" />
  <stringconstants candidates="4608" cleared="0"  />
  <heap-resize type="expand" space="default" amount="2097152" count="2" timems="0.244" reason="continue current collection" />
</gc-op>
<gc-op id="179" type="classunload" timems="0.002" contextid="174" timestamp="2019-06-17T03:24:00.797">
  <classunload-info classloadercandidates="6" classloadersunloaded="0" classesunloaded="0" anonymousclassesunloaded="0" quiescems="0.000" setupms="0.002" scanms="0.000" postms="0.000" />
</gc-op>
<gc-op id="180" type="compact" timems="1.161" contextid="174" timestamp="2019-06-17T03:24:00.798">
  <compact-info movecount="2043" movebytes="128680" />
  <remembered-set-cleared processed="8931" cleared="2686" durationms="0.083" />
</gc-op>
<heap-resize id="181" type="expand" space="default" amount="4194304" count="1" timems="0.075" reason="insufficient free space following gc" timestamp="2019-06-17T03:24:00.799" />
<gc-end id="182" type="partial gc" contextid="174" durationms="6.411" usertimems="8.000" systemtimems="4.000" timestamp="2019-06-17T03:24:00.799" activeThreads="4">
  <mem-info id="183" free="8388608" total="18874368" percent="44">
    <mem type="eden" free="2699168" total="3145728" percent="85" />
    <remembered-set count="6560" freebytes="727168" totalbytes="753408" percent="96" regionsoverflowed="0" regionsstable="0" regionsrebuilding="0"/>
  </mem-info>
</gc-end>
<cycle-end id="184" type="partial gc" contextid="174" timestamp="2019-06-17T03:24:00.799" />
  <attribute name="elasticGC enabled" value="1" />
  <attribute name= "numThreadsSpecified" value="4" />
  <attribute name="heapSize specified" value="0" />
  <attribute name="Current GC Util" value="124" />
  <attribute name= "Current Time Running" value="12256" />
  <attribute name ="GC Interval" value="0" />
  <attribute name="ProportionalT" value="156.000000" />
  <attribute name="ProportionalI" value="156.000000" />
  <attribute name="ProportionalH" value="156.000000" />
  <attribute name="Current Error" value="104.000000" />
  <attribute name="IntegralT" value="312.000000" />
  <attribute name="IntegralI" value="312.000000" />
  <attribute name="IntegralH" value="312.000000" />
  <attribute name="DerivativeT" value="52.000000" />
  <attribute name="DerivativeI" value="52.000000" />
  <attribute name="DerivativeH" value="52.000000" />
  <attribute name="Loop Time for DT" value="3.000000" />
  <attribute name="Output H" value="8388608"/>
  <attribute name="Output I" value="520"/>
  <attribute name="Output T" value="4"/>
  <attribute name="Target GC Util Change" value ="20.000000" />
  <attribute name="Current GC Util Change" value="124.000000"/>
  <attribute name="GC Util currently" value="124" />
  <attribute name="CPU Util currently" value="1210318435193" />
<exclusive-end id="185" timestamp="2019-06-17T03:24:00.799" durationms="7.222" />

<exclusive-start id="186" timestamp="2019-06-17T03:24:00.815" intervalms="22.988">
  <response-info timems="0.032" idlems="0.032" threads="0" lastid="0000000001284800" lastname="PmdThread 2" />
</exclusive-start>
<allocation-taxation id="187" taxation-threshold="4194304" timestamp="2019-06-17T03:24:00.815" intervalms="23.033" />
<cycle-start id="188" type="global mark phase" contextid="0" timestamp="2019-06-17T03:24:00.815" intervalms="138.880" />
<gc-start id="189" type="global mark phase" contextid="188" timestamp="2019-06-17T03:24:00.815">
  <mem-info id="190" free="4194304" total="18874368" percent="22">
    <remembered-set count="4704" freebytes="734592" totalbytes="753408" percent="97" regionsoverflowed="0" regionsstable="1" regionsrebuilding="0"/>
  </mem-info>
</gc-start>
<gc-op id="191" type="mark increment" timems="0.537" contextid="188" timestamp="2019-06-17T03:24:00.816">
  <trace-info objectcount="271" scancount="0" scanbytes="0" />
</gc-op>
<gc-end id="192" type="global mark phase" contextid="188" durationms="0.712" usertimems="4.000" systemtimems="0.000" timestamp="2019-06-17T03:24:00.816" activeThreads="1">
  <mem-info id="193" free="4194304" total="18874368" percent="22">
    <remembered-set count="4704" freebytes="734592" totalbytes="753408" percent="97" regionsoverflowed="0" regionsstable="0" regionsrebuilding="1"/>
  </mem-info>
</gc-end>
<concurrent-start id="194" type="GMP work packet processing" contextid="188" timestamp="2019-06-17T03:24:00.816">
  <concurrent-mark-start scanTarget="18446744073709551615" />
</concurrent-start>
<exclusive-end id="195" timestamp="2019-06-17T03:24:00.816" durationms="1.282" />

<concurrent-end id="196" type="GMP work packet processing" contextid="188" timestamp="2019-06-17T03:24:00.820">
  <concurrent-mark-end bytesScanned="1921996" reasonForTermination="Completed all work in GC phase" />
</concurrent-end>

<exclusive-start id="197" timestamp="2019-06-17T03:24:00.841" intervalms="25.823">
  <response-info timems="0.056" idlems="0.056" threads="0" lastid="0000000001284800" lastname="PmdThread 2" />
</exclusive-start>
<allocation-taxation id="198" taxation-threshold="4194304" timestamp="2019-06-17T03:24:00.841" intervalms="25.830" />
<cycle-start id="199" type="partial gc" contextid="0" timestamp="2019-06-17T03:24:00.841" intervalms="48.845" />
<gc-start id="200" type="partial gc" contextid="199" timestamp="2019-06-17T03:24:00.841">
  <mem-info id="201" free="0" total="18874368" percent="0">
    <mem type="eden" free="0" total="8388608" percent="0" />
    <remembered-set count="11168" freebytes="708736" totalbytes="753408" percent="94" regionsoverflowed="0" regionsstable="0" regionsrebuilding="1"/>
  </mem-info>
</gc-start>
<allocation-stats totalBytes="8380560" >
  <allocated-bytes non-tlh="17048" tlh="8363512" arrayletleaf="0"/>
  <largest-consumer threadName="PmdThread 2" threadId="0000000001284800" bytes="2219080" />
</allocation-stats>
<gc-op id="202" type="mark" timems="2.737" contextid="199" timestamp="2019-06-17T03:24:00.844">
  <trace-info objectcount="28068" scancount="24761" scanbytes="671384" />
  <cardclean-info objects="7605" bytes="336388" />
  <remembered-set-cleared processed="9139" cleared="4481" durationms="0.140" />
  <references type="soft" candidates="96" cleared="0" enqueued="0" dynamicThreshold="7" maxThreshold="32" />
  <references type="weak" candidates="455" cleared="451" enqueued="451" />
  <references type="phantom" candidates="2" cleared="1" enqueued="1" />
  <stringconstants candidates="4829" cleared="0"  />
  <warning details="Mark invoked due to insufficient free space for Copy-Forward" />
</gc-op>
<gc-op id="203" type="classunload" timems="0.002" contextid="199" timestamp="2019-06-17T03:24:00.845">
  <classunload-info classloadercandidates="7" classloadersunloaded="0" classesunloaded="0" anonymousclassesunloaded="0" quiescems="0.000" setupms="0.002" scanms="0.000" postms="0.000" />
</gc-op>
<gc-op id="204" type="sweep" timems="0.767" contextid="199" timestamp="2019-06-17T03:24:00.845" />
<gc-op id="205" type="compact" timems="3.590" contextid="199" timestamp="2019-06-17T03:24:00.849">
  <compact-info movecount="32005" movebytes="1113584" />
  <remembered-set-cleared processed="20880" cleared="12484" durationms="0.140" />
</gc-op>
<gc-end id="206" type="partial gc" contextid="199" durationms="8.207" usertimems="4.000" systemtimems="8.000" timestamp="2019-06-17T03:24:00.849" activeThreads="4">
  <mem-info id="207" free="11534336" total="18874368" percent="61">
    <mem type="eden" free="419640" total="1048576" percent="40" />
    <pending-finalizers system="0" default="0" reference="452" classloader="0" />
    <remembered-set count="9536" freebytes="715264" totalbytes="753408" percent="94" regionsoverflowed="0" regionsstable="0" regionsrebuilding="1"/>
  </mem-info>
</gc-end>
<cycle-end id="208" type="partial gc" contextid="199" timestamp="2019-06-17T03:24:00.850" />
  <attribute name="elasticGC enabled" value="1" />
  <attribute name= "numThreadsSpecified" value="4" />
  <attribute name="heapSize specified" value="0" />
  <attribute name="Current GC Util" value="160" />
  <attribute name= "Current Time Running" value="12305" />
  <attribute name ="GC Interval" value="0" />
  <attribute name="ProportionalT" value="210.000000" />
  <attribute name="ProportionalI" value="210.000000" />
  <attribute name="ProportionalH" value="210.000000" />
  <attribute name="Current Error" value="140.000000" />
  <attribute name="IntegralT" value="140.000000" />
  <attribute name="IntegralI" value="140.000000" />
  <attribute name="IntegralH" value="140.000000" />
  <attribute name="DerivativeT" value="210.000000" />
  <attribute name="DerivativeI" value="210.000000" />
  <attribute name="DerivativeH" value="210.000000" />
  <attribute name="Loop Time for DT" value="1.000000" />
  <attribute name="Output H" value="8388608"/>
  <attribute name="Output I" value="560"/>
  <attribute name="Output T" value="4"/>
  <attribute name="Target GC Util Change" value ="20.000000" />
  <attribute name="Current GC Util Change" value="160.000000"/>
  <attribute name="GC Util currently" value="160" />
  <attribute name="CPU Util currently" value="4893658626523" />
<exclusive-end id="209" timestamp="2019-06-17T03:24:00.850" durationms="9.116" />

<exclusive-start id="210" timestamp="2019-06-17T03:24:00.888" intervalms="47.663">
  <response-info timems="0.220" idlems="0.198" threads="1" lastid="0000000001290000" lastname="PmdThread 4" />
</exclusive-start>
<allocation-taxation id="211" taxation-threshold="5242880" timestamp="2019-06-17T03:24:00.888" intervalms="47.658" />
<gc-start id="212" type="global mark phase" contextid="188" timestamp="2019-06-17T03:24:00.889">
  <mem-info id="213" free="6291456" total="18874368" percent="33">
    <remembered-set count="9216" freebytes="716544" totalbytes="753408" percent="95" regionsoverflowed="0" regionsstable="0" regionsrebuilding="1"/>
  </mem-info>
</gc-start>
<gc-op id="214" type="mark increment" timems="2.624" contextid="188" timestamp="2019-06-17T03:24:00.891">
  <trace-info objectcount="46086" scancount="40352" scanbytes="1153564" />
  <cardclean-info objects="13629" bytes="551840" />
  <finalization candidates="57" enqueued="0" />
  <ownableSynchronizers candidates="8" cleared="0" />
  <references type="soft" candidates="211" cleared="0" enqueued="0" dynamicThreshold="19" maxThreshold="32" />
  <references type="weak" candidates="806" cleared="95" enqueued="95" />
  <references type="phantom" candidates="91" cleared="2" enqueued="2" />
  <stringconstants candidates="4884" cleared="0"  />
</gc-op>
<gc-op id="215" type="classunload" timems="0.004" contextid="188" timestamp="2019-06-17T03:24:00.891">
  <classunload-info classloadercandidates="9" classloadersunloaded="0" classesunloaded="0" anonymousclassesunloaded="0" quiescems="0.000" setupms="0.004" scanms="0.000" postms="0.000" />
</gc-op>
<gc-end id="216" type="global mark phase" contextid="188" durationms="2.941" usertimems="4.000" systemtimems="0.000" timestamp="2019-06-17T03:24:00.892" activeThreads="4">
  <mem-info id="217" free="6291456" total="18874368" percent="33">
    <pending-finalizers system="0" default="0" reference="97" classloader="0" />
    <remembered-set count="16384" freebytes="687872" totalbytes="753408" percent="91" regionsoverflowed="0" regionsstable="0" regionsrebuilding="0"/>
  </mem-info>
</gc-end>
<cycle-end id="218" type="global mark phase" contextid="188" timestamp="2019-06-17T03:24:00.892" />
  <attribute name="elasticGC enabled" value="1" />
  <attribute name= "numThreadsSpecified" value="4" />
  <attribute name="heapSize specified" value="0" />
  <attribute name="Current GC Util" value="167" />
  <attribute name= "Current Time Running" value="12350" />
  <attribute name ="GC Interval" value="0" />
  <attribute name="ProportionalT" value="220.500000" />
  <attribute name="ProportionalI" value="220.500000" />
  <attribute name="ProportionalH" value="220.500000" />
  <attribute name="Current Error" value="147.000000" />
  <attribute name="IntegralT" value="147.000000" />
  <attribute name="IntegralI" value="147.000000" />
  <attribute name="IntegralH" value="147.000000" />
  <attribute name="DerivativeT" value="27.000000" />
  <attribute name="DerivativeI" value="27.000000" />
  <attribute name="DerivativeH" value="27.000000" />
  <attribute name="Loop Time for DT" value="1.000000" />
  <attribute name="Output H" value="8388608"/>
  <attribute name="Output I" value="400"/>
  <attribute name="Output T" value="4"/>
  <attribute name="Target GC Util Change" value ="20.000000" />
  <attribute name="Current GC Util Change" value="167.000000"/>
  <attribute name="GC Util currently" value="167" />
  <attribute name="CPU Util currently" value="4667750365207" />
<exclusive-end id="219" timestamp="2019-06-17T03:24:00.892" durationms="3.494" />

<exclusive-start id="220" timestamp="2019-06-17T03:24:00.940" intervalms="51.882">
  <response-info timems="0.132" idlems="0.108" threads="1" lastid="0000000001290000" lastname="PmdThread 4" />
</exclusive-start>
<allocation-taxation id="221" taxation-threshold="5242880" timestamp="2019-06-17T03:24:00.940" intervalms="51.836" />
<cycle-start id="222" type="partial gc" contextid="0" timestamp="2019-06-17T03:24:00.940" intervalms="99.465" />
<gc-start id="223" type="partial gc" contextid="222" timestamp="2019-06-17T03:24:00.941">
  <mem-info id="224" free="1048576" total="18874368" percent="5">
    <mem type="eden" free="0" total="10485760" percent="0" />
    <remembered-set count="5216" freebytes="732544" totalbytes="753408" percent="97" regionsoverflowed="0" regionsstable="1" regionsrebuilding="0"/>
  </mem-info>
</gc-start>
<allocation-stats totalBytes="10473328" >
  <allocated-bytes non-tlh="5656" tlh="10467672" arrayletleaf="0"/>
  <largest-consumer threadName="PmdThread 2" threadId="0000000001284800" bytes="1486016" />
</allocation-stats>
<gc-op id="225" type="sweep" timems="0.429" contextid="222" timestamp="2019-06-17T03:24:00.941" />
<gc-op id="226" type="copy forward" timems="5.573" contextid="222" timestamp="2019-06-17T03:24:00.947">
  <memory-copied type="eden" objects="12349" bytes="654688" bytesdiscarded="29" />
  <memory-copied type="other" objects="32321" bytes="1154168" bytesdiscarded="27" />
  <memory-cardclean objects="2064" bytes="92264" />
  <regions eden="5" other="6" />
  <remembered-set-cleared processed="3827" cleared="792" durationms="0.091" />
  <references type="soft" candidates="111" cleared="0" enqueued="0" dynamicThreshold="10" maxThreshold="32" />
  <references type="weak" candidates="48" cleared="0" enqueued="0" />
  <references type="phantom" candidates="30" cleared="0" enqueued="0" />
  <stringconstants candidates="4896" cleared="0"  />
  <heap-resize type="expand" space="default" amount="2097152" count="2" timems="0.112" reason="continue current collection" />
</gc-op>
<gc-op id="227" type="classunload" timems="0.002" contextid="222" timestamp="2019-06-17T03:24:00.947">
  <classunload-info classloadercandidates="9" classloadersunloaded="0" classesunloaded="0" anonymousclassesunloaded="0" quiescems="0.000" setupms="0.002" scanms="0.000" postms="0.000" />
</gc-op>
<gc-op id="228" type="compact" timems="0.992" contextid="222" timestamp="2019-06-17T03:24:00.949">
  <compact-info movecount="0" movebytes="0" />
  <remembered-set-cleared processed="8851" cleared="792" durationms="0.091" />
</gc-op>
<gc-end id="229" type="partial gc" contextid="222" durationms="8.130" usertimems="8.000" systemtimems="0.000" timestamp="2019-06-17T03:24:00.949" activeThreads="4">
  <mem-info id="230" free="11534336" total="20971520" percent="55">
    <mem type="eden" free="856120" total="2097152" percent="40" />
    <remembered-set count="5792" freebytes="813952" totalbytes="837120" percent="97" regionsoverflowed="0" regionsstable="1" regionsrebuilding="0"/>
  </mem-info>
</gc-end>
<cycle-end id="231" type="partial gc" contextid="222" timestamp="2019-06-17T03:24:00.949" />
  <attribute name="elasticGC enabled" value="1" />
  <attribute name= "numThreadsSpecified" value="4" />
  <attribute name="heapSize specified" value="0" />
  <attribute name="Current GC Util" value="0" />
  <attribute name= "Current Time Running" value="12407" />
  <attribute name ="GC Interval" value="0" />
  <attribute name="ProportionalT" value="-30.000000" />
  <attribute name="ProportionalI" value="-30.000000" />
  <attribute name="ProportionalH" value="-30.000000" />
  <attribute name="Current Error" value="-20.000000" />
  <attribute name="IntegralT" value="-120.000000" />
  <attribute name="IntegralI" value="-120.000000" />
  <attribute name="IntegralH" value="-120.000000" />
  <attribute name="DerivativeT" value="-16.000000" />
  <attribute name="DerivativeI" value="-16.000000" />
  <attribute name="DerivativeH" value="-16.000000" />
  <attribute name="Loop Time for DT" value="6.000000" />
  <attribute name="Output H" value="2091843584"/>
  <attribute name="Output I" value="200"/>
  <attribute name="Output T" value="4"/>
  <attribute name="Target GC Util Change" value ="20.000000" />
  <attribute name="Current GC Util Change" value="0.000000"/>
  <attribute name="GC Util currently" value="0" />
  <attribute name="CPU Util currently" value="787057721865" />
<exclusive-end id="232" timestamp="2019-06-17T03:24:00.949" durationms="8.925" />

<exclusive-start id="233" timestamp="2019-06-17T03:24:01.032" intervalms="92.161">
  <response-info timems="0.073" idlems="0.073" threads="0" lastid="0000000001284800" lastname="PmdThread 2" />
</exclusive-start>
<allocation-taxation id="234" taxation-threshold="11534336" timestamp="2019-06-17T03:24:01.032" intervalms="92.151" />
<cycle-start id="235" type="partial gc" contextid="0" timestamp="2019-06-17T03:24:01.033" intervalms="92.183" />
<gc-start id="236" type="partial gc" contextid="235" timestamp="2019-06-17T03:24:01.033">
  <mem-info id="237" free="0" total="20971520" percent="0">
    <mem type="eden" free="0" total="11534336" percent="0" />
    <remembered-set count="5792" freebytes="813952" totalbytes="837120" percent="97" regionsoverflowed="0" regionsstable="1" regionsrebuilding="0"/>
  </mem-info>
</gc-start>
<allocation-stats totalBytes="11524288" >
  <allocated-bytes non-tlh="5488" tlh="11518800" arrayletleaf="0"/>
  <largest-consumer threadName="PmdThread 4" threadId="0000000001290000" bytes="5264536" />
</allocation-stats>
<gc-op id="238" type="mark" timems="2.672" contextid="235" timestamp="2019-06-17T03:24:01.036">
  <trace-info objectcount="34666" scancount="30855" scanbytes="1006496" />
  <cardclean-info objects="1695" bytes="87640" />
  <remembered-set-cleared processed="4753" cleared="1243" durationms="0.095" />
  <references type="soft" candidates="32" cleared="0" enqueued="0" dynamicThreshold="17" maxThreshold="32" />
  <references type="weak" candidates="283" cleared="282" enqueued="282" />
  <references type="phantom" candidates="88" cleared="45" enqueued="45" />
  <stringconstants candidates="4982" cleared="1"  />
  <warning details="Mark invoked due to insufficient free space for Copy-Forward" />
</gc-op>
<gc-op id="239" type="classunload" timems="0.222" contextid="235" timestamp="2019-06-17T03:24:01.036">
  <classunload-info classloadercandidates="11" classloadersunloaded="1" classesunloaded="1" anonymousclassesunloaded="0" quiescems="0.000" setupms="0.213" scanms="0.006" postms="0.003" />
</gc-op>
<gc-op id="240" type="sweep" timems="0.463" contextid="235" timestamp="2019-06-17T03:24:01.037" />
<gc-op id="241" type="compact" timems="4.049" contextid="235" timestamp="2019-06-17T03:24:01.041">
  <compact-info movecount="34420" movebytes="1832840" />
  <remembered-set-cleared processed="11159" cleared="4120" durationms="0.095" />
</gc-op>
<gc-end id="242" type="partial gc" contextid="235" durationms="8.435" usertimems="12.000" systemtimems="0.000" timestamp="2019-06-17T03:24:01.041" activeThreads="4">
  <mem-info id="243" free="10485760" total="20971520" percent="50">
    <mem type="eden" free="273472" total="1048576" percent="26" />
    <pending-finalizers system="0" default="0" reference="327" classloader="0" />
    <remembered-set count="6976" freebytes="809216" totalbytes="837120" percent="96" regionsoverflowed="0" regionsstable="1" regionsrebuilding="0"/>
  </mem-info>
</gc-end>
<cycle-end id="244" type="partial gc" contextid="235" timestamp="2019-06-17T03:24:01.041" />
  <attribute name="elasticGC enabled" value="1" />
  <attribute name= "numThreadsSpecified" value="4" />
  <attribute name="heapSize specified" value="0" />
  <attribute name="Current GC Util" value="43" />
  <attribute name= "Current Time Running" value="12496" />
  <attribute name ="GC Interval" value="0" />
  <attribute name="ProportionalT" value="34.500000" />
  <attribute name="ProportionalI" value="34.500000" />
  <attribute name="ProportionalH" value="34.500000" />
  <attribute name="Current Error" value="23.000000" />
  <attribute name="IntegralT" value="23.000000" />
  <attribute name="IntegralI" value="23.000000" />
  <attribute name="IntegralH" value="23.000000" />
  <attribute name="DerivativeT" value="34.500000" />
  <attribute name="DerivativeI" value="34.500000" />
  <attribute name="DerivativeH" value="34.500000" />
  <attribute name="Loop Time for DT" value="1.000000" />
  <attribute name="Output H" value="8388608"/>
  <attribute name="Output I" value="200"/>
  <attribute name="Output T" value="4"/>
  <attribute name="Target GC Util Change" value ="20.000000" />
  <attribute name="Current GC Util Change" value="43.000000"/>
  <attribute name="GC Util currently" value="43" />
  <attribute name="CPU Util currently" value="7355419193752" />
<exclusive-end id="245" timestamp="2019-06-17T03:24:01.042" durationms="9.229" />

<exclusive-start id="246" timestamp="2019-06-17T03:24:01.096" intervalms="63.916">
  <response-info timems="0.047" idlems="0.047" threads="0" lastid="000000000128C400" lastname="PmdThread 3" />
</exclusive-start>
<allocation-taxation id="247" taxation-threshold="10485760" timestamp="2019-06-17T03:24:01.096" intervalms="63.916" />
<cycle-start id="248" type="partial gc" contextid="0" timestamp="2019-06-17T03:24:01.097" intervalms="64.314" />
<gc-start id="249" type="partial gc" contextid="248" timestamp="2019-06-17T03:24:01.097">
  <mem-info id="250" free="0" total="20971520" percent="0">
    <mem type="eden" free="0" total="10485760" percent="0" />
    <remembered-set count="6784" freebytes="809984" totalbytes="837120" percent="96" regionsoverflowed="0" regionsstable="1" regionsrebuilding="0"/>
  </mem-info>
</gc-start>
<allocation-stats totalBytes="10468616" >
  <allocated-bytes non-tlh="0" tlh="10468616" arrayletleaf="0"/>
  <largest-consumer threadName="PmdThread 2" threadId="0000000001284800" bytes="3733512" />
</allocation-stats>
<gc-op id="251" type="mark" timems="1.808" contextid="248" timestamp="2019-06-17T03:24:01.100">
  <trace-info objectcount="13956" scancount="12139" scanbytes="403772" />
  <cardclean-info objects="1984" bytes="97928" />
  <remembered-set-cleared processed="5695" cleared="943" durationms="0.120" />
  <references type="soft" candidates="16" cleared="0" enqueued="0" dynamicThreshold="16" maxThreshold="32" />
  <references type="weak" candidates="185" cleared="185" enqueued="185" />
  <references type="phantom" candidates="65" cleared="36" enqueued="36" />
  <stringconstants candidates="4981" cleared="0"  />
  <warning details="Mark invoked due to insufficient free space for Copy-Forward" />
</gc-op>
<gc-op id="252" type="classunload" timems="0.002" contextid="248" timestamp="2019-06-17T03:24:01.100">
  <classunload-info classloadercandidates="10" classloadersunloaded="0" classesunloaded="0" anonymousclassesunloaded="0" quiescems="0.000" setupms="0.002" scanms="0.000" postms="0.000" />
</gc-op>
<gc-op id="253" type="sweep" timems="0.584" contextid="248" timestamp="2019-06-17T03:24:01.100" />
<gc-op id="254" type="compact" timems="1.452" contextid="248" timestamp="2019-06-17T03:24:01.102">
  <compact-info movecount="13951" movebytes="1002920" />
  <remembered-set-cleared processed="12490" cleared="2955" durationms="0.120" />
</gc-op>
<gc-end id="255" type="partial gc" contextid="248" durationms="4.843" usertimems="8.000" systemtimems="0.000" timestamp="2019-06-17T03:24:01.102" activeThreads="4">
  <mem-info id="256" free="9437184" total="20971520" percent="45">
    <mem type="eden" free="165248" total="1048576" percent="15" />
    <pending-finalizers system="0" default="0" reference="221" classloader="0" />
    <remembered-set count="7808" freebytes="805888" totalbytes="837120" percent="96" regionsoverflowed="0" regionsstable="1" regionsrebuilding="0"/>
  </mem-info>
</gc-end>
<cycle-end id="257" type="partial gc" contextid="248" timestamp="2019-06-17T03:24:01.102" />
  <attribute name="elasticGC enabled" value="1" />
  <attribute name= "numThreadsSpecified" value="4" />
  <attribute name="heapSize specified" value="0" />
  <attribute name="Current GC Util" value="30" />
  <attribute name= "Current Time Running" value="12560" />
  <attribute name ="GC Interval" value="0" />
  <attribute name="ProportionalT" value="15.000000" />
  <attribute name="ProportionalI" value="15.000000" />
  <attribute name="ProportionalH" value="15.000000" />
  <attribute name="Current Error" value="10.000000" />
  <attribute name="IntegralT" value="10.000000" />
  <attribute name="IntegralI" value="10.000000" />
  <attribute name="IntegralH" value="10.000000" />
  <attribute name="DerivativeT" value="15.000000" />
  <attribute name="DerivativeI" value="15.000000" />
  <attribute name="DerivativeH" value="15.000000" />
  <attribute name="Loop Time for DT" value="1.000000" />
  <attribute name="Output H" value="8388608"/>
  <attribute name="Output I" value="200"/>
  <attribute name="Output T" value="4"/>
  <attribute name="Target GC Util Change" value ="20.000000" />
  <attribute name="Current GC Util Change" value="30.000000"/>
  <attribute name="GC Util currently" value="30" />
  <attribute name="CPU Util currently" value="5826904410489" />
<exclusive-end id="258" timestamp="2019-06-17T03:24:01.102" durationms="6.179" />

<exclusive-start id="259" timestamp="2019-06-17T03:24:01.122" intervalms="26.198">
  <response-info timems="0.035" idlems="0.035" threads="0" lastid="0000000001280C00" lastname="PmdThread 1" />
</exclusive-start>
<allocation-taxation id="260" taxation-threshold="4194304" timestamp="2019-06-17T03:24:01.123" intervalms="26.466" />
<cycle-start id="261" type="global mark phase" contextid="0" timestamp="2019-06-17T03:24:01.123" intervalms="307.826" />
<gc-start id="262" type="global mark phase" contextid="261" timestamp="2019-06-17T03:24:01.123">
  <mem-info id="263" free="5242880" total="20971520" percent="25">
    <remembered-set count="7552" freebytes="806912" totalbytes="837120" percent="96" regionsoverflowed="0" regionsstable="1" regionsrebuilding="0"/>
  </mem-info>
</gc-start>
<gc-op id="264" type="mark increment" timems="0.434" contextid="261" timestamp="2019-06-17T03:24:01.124">
  <trace-info objectcount="170" scancount="0" scanbytes="0" />
</gc-op>
<gc-end id="265" type="global mark phase" contextid="261" durationms="0.546" usertimems="0.000" systemtimems="0.000" timestamp="2019-06-17T03:24:01.124" activeThreads="1">
  <mem-info id="266" free="5242880" total="20971520" percent="25">
    <remembered-set count="7552" freebytes="806912" totalbytes="837120" percent="96" regionsoverflowed="0" regionsstable="0" regionsrebuilding="1"/>
  </mem-info>
</gc-end>
<concurrent-start id="267" type="GMP work packet processing" contextid="261" timestamp="2019-06-17T03:24:01.124">
  <concurrent-mark-start scanTarget="18446744073709551615" />
</concurrent-start>
<exclusive-end id="268" timestamp="2019-06-17T03:24:01.125" durationms="3.003" />

<concurrent-end id="269" type="GMP work packet processing" contextid="261" timestamp="2019-06-17T03:24:01.129">
  <concurrent-mark-end bytesScanned="2044796" reasonForTermination="Completed all work in GC phase" />
</concurrent-end>

<exclusive-start id="270" timestamp="2019-06-17T03:24:01.144" intervalms="21.667">
  <response-info timems="0.037" idlems="0.037" threads="0" lastid="0000000001284800" lastname="PmdThread 2" />
</exclusive-start>
<allocation-taxation id="271" taxation-threshold="4194304" timestamp="2019-06-17T03:24:01.144" intervalms="21.465" />
<cycle-start id="272" type="partial gc" contextid="0" timestamp="2019-06-17T03:24:01.144" intervalms="47.548" />
<gc-start id="273" type="partial gc" contextid="272" timestamp="2019-06-17T03:24:01.145">
  <mem-info id="274" free="1048576" total="20971520" percent="5">
    <mem type="eden" free="0" total="8388608" percent="0" />
    <remembered-set count="14624" freebytes="778624" totalbytes="837120" percent="93" regionsoverflowed="0" regionsstable="0" regionsrebuilding="1"/>
  </mem-info>
</gc-start>
<allocation-stats totalBytes="8383944" >
  <allocated-bytes non-tlh="9224" tlh="8374720" arrayletleaf="0"/>
  <largest-consumer threadName="PmdThread 4" threadId="0000000001290000" bytes="1432768" />
</allocation-stats>
<gc-op id="275" type="copy forward" timems="1.771" contextid="272" timestamp="2019-06-17T03:24:01.147">
  <memory-copied type="eden" objects="7741" bytes="715944" bytesdiscarded="136832" />
  <memory-copied type="other" objects="2570" bytes="153032" bytesdiscarded="5456" />
  <memory-cardclean objects="2032" bytes="91304" />
  <regions eden="8" other="1" />
  <remembered-set-cleared processed="13217" cleared="2075" durationms="0.130" />
  <finalization candidates="1" enqueued="0" />
  <references type="weak" candidates="155" cleared="0" enqueued="0" />
  <references type="phantom" candidates="33" cleared="0" enqueued="0" />
  <stringconstants candidates="4993" cleared="0"  />
  <heap-resize type="expand" space="default" amount="1048576" count="1" timems="0.064" reason="continue current collection" />
</gc-op>
<gc-op id="276" type="classunload" timems="0.002" contextid="272" timestamp="2019-06-17T03:24:01.147">
  <classunload-info classloadercandidates="10" classloadersunloaded="0" classesunloaded="0" anonymousclassesunloaded="0" quiescems="0.000" setupms="0.002" scanms="0.000" postms="0.000" />
</gc-op>
<heap-resize id="277" type="expand" space="default" amount="4194304" count="1" timems="0.071" reason="excessive time being spent in gc" timestamp="2019-06-17T03:24:01.148" />
<gc-end id="278" type="partial gc" contextid="272" durationms="2.993" usertimems="0.000" systemtimems="4.000" timestamp="2019-06-17T03:24:01.148" activeThreads="4">
  <mem-info id="279" free="13631488" total="26214400" percent="52">
    <mem type="eden" free="193272" total="1048576" percent="18" />
    <remembered-set count="14816" freebytes="987136" totalbytes="1046400" percent="94" regionsoverflowed="0" regionsstable="0" regionsrebuilding="1"/>
  </mem-info>
</gc-end>
<cycle-end id="280" type="partial gc" contextid="272" timestamp="2019-06-17T03:24:01.148" />
  <attribute name="elasticGC enabled" value="1" />
  <attribute name= "numThreadsSpecified" value="4" />
  <attribute name="heapSize specified" value="0" />
  <attribute name="Current GC Util" value="81" />
  <attribute name= "Current Time Running" value="12605" />
  <attribute name ="GC Interval" value="0" />
  <attribute name="ProportionalT" value="91.500000" />
  <attribute name="ProportionalI" value="91.500000" />
  <attribute name="ProportionalH" value="91.500000" />
  <attribute name="Current Error" value="61.000000" />
  <attribute name="IntegralT" value="61.000000" />
  <attribute name="IntegralI" value="61.000000" />
  <attribute name="IntegralH" value="61.000000" />
  <attribute name="DerivativeT" value="91.500000" />
  <attribute name="DerivativeI" value="91.500000" />
  <attribute name="DerivativeH" value="91.500000" />
  <attribute name="Loop Time for DT" value="1.000000" />
  <attribute name="Output H" value="8388608"/>
  <attribute name="Output I" value="248"/>
  <attribute name="Output T" value="4"/>
  <attribute name="Target GC Util Change" value ="20.000000" />
  <attribute name="Current GC Util Change" value="81.000000"/>
  <attribute name="GC Util currently" value="81" />
  <attribute name="CPU Util currently" value="20211268659032" />
<exclusive-end id="281" timestamp="2019-06-17T03:24:01.148" durationms="3.798" />

<exclusive-start id="282" timestamp="2019-06-17T03:24:01.178" intervalms="33.489">
  <response-info timems="0.026" idlems="0.026" threads="0" lastid="0000000001280C00" lastname="PmdThread 1" />
</exclusive-start>
<allocation-taxation id="283" taxation-threshold="6291456" timestamp="2019-06-17T03:24:01.178" intervalms="33.469" />
<gc-start id="284" type="global mark phase" contextid="261" timestamp="2019-06-17T03:24:01.178">
  <mem-info id="285" free="7340032" total="26214400" percent="28">
    <remembered-set count="14720" freebytes="987520" totalbytes="1046400" percent="94" regionsoverflowed="0" regionsstable="0" regionsrebuilding="1"/>
  </mem-info>
</gc-start>
<gc-op id="286" type="mark increment" timems="1.711" contextid="261" timestamp="2019-06-17T03:24:01.180">
  <trace-info objectcount="21752" scancount="19297" scanbytes="682280" />
  <cardclean-info objects="1833" bytes="82264" />
  <finalization candidates="58" enqueued="0" />
  <ownableSynchronizers candidates="8" cleared="0" />
  <references type="soft" candidates="229" cleared="0" enqueued="0" dynamicThreshold="16" maxThreshold="32" />
  <references type="weak" candidates="942" cleared="225" enqueued="225" />
  <references type="phantom" candidates="187" cleared="49" enqueued="49" />
  <stringconstants candidates="4993" cleared="0"  />
</gc-op>
<gc-op id="287" type="classunload" timems="0.004" contextid="261" timestamp="2019-06-17T03:24:01.180">
  <classunload-info classloadercandidates="10" classloadersunloaded="0" classesunloaded="0" anonymousclassesunloaded="0" quiescems="0.000" setupms="0.004" scanms="0.000" postms="0.000" />
</gc-op>
<gc-end id="288" type="global mark phase" contextid="261" durationms="2.009" usertimems="0.000" systemtimems="4.000" timestamp="2019-06-17T03:24:01.180" activeThreads="4">
  <mem-info id="289" free="7340032" total="26214400" percent="28">
    <pending-finalizers system="0" default="0" reference="274" classloader="0" />
    <remembered-set count="16256" freebytes="981376" totalbytes="1046400" percent="93" regionsoverflowed="0" regionsstable="0" regionsrebuilding="0"/>
  </mem-info>
</gc-end>
<cycle-end id="290" type="global mark phase" contextid="261" timestamp="2019-06-17T03:24:01.180" />
  <attribute name="elasticGC enabled" value="1" />
  <attribute name= "numThreadsSpecified" value="4" />
  <attribute name="heapSize specified" value="0" />
  <attribute name="Current GC Util" value="126" />
  <attribute name= "Current Time Running" value="12638" />
  <attribute name ="GC Interval" value="0" />
  <attribute name="ProportionalT" value="159.000000" />
  <attribute name="ProportionalI" value="159.000000" />
  <attribute name="ProportionalH" value="159.000000" />
  <attribute name="Current Error" value="106.000000" />
  <attribute name="IntegralT" value="0.000000" />
  <attribute name="IntegralI" value="0.000000" />
  <attribute name="IntegralH" value="0.000000" />
  <attribute name="DerivativeT" value="-inf" />
  <attribute name="DerivativeI" value="-inf" />
  <attribute name="DerivativeH" value="-inf" />
  <attribute name="Loop Time for DT" value="0.000000" />
  <attribute name="Output H" value="2091843584"/>
  <attribute name="Output I" value="200"/>
  <attribute name="Output T" value="4"/>
  <attribute name="Target GC Util Change" value ="20.000000" />
  <attribute name="Current GC Util Change" value="126.000000"/>
  <attribute name="GC Util currently" value="126" />
  <attribute name="CPU Util currently" value="6048636360107" />
<exclusive-end id="291" timestamp="2019-06-17T03:24:01.180" durationms="2.403" />

<exclusive-start id="292" timestamp="2019-06-17T03:24:01.202" intervalms="24.559">
  <response-info timems="0.041" idlems="0.023" threads="1" lastid="0000000001280C00" lastname="PmdThread 1" />
</exclusive-start>
<allocation-taxation id="293" taxation-threshold="6291456" timestamp="2019-06-17T03:24:01.202" intervalms="24.556" />
<cycle-start id="294" type="partial gc" contextid="0" timestamp="2019-06-17T03:24:01.202" intervalms="58.029" />
<gc-start id="295" type="partial gc" contextid="294" timestamp="2019-06-17T03:24:01.203">
  <mem-info id="296" free="1048576" total="26214400" percent="4">
    <mem type="eden" free="0" total="12582912" percent="0" />
    <remembered-set count="7712" freebytes="1015552" totalbytes="1046400" percent="97" regionsoverflowed="0" regionsstable="1" regionsrebuilding="0"/>
  </mem-info>
</gc-start>
<allocation-stats totalBytes="12579608" >
  <allocated-bytes non-tlh="0" tlh="12579608" arrayletleaf="0"/>
  <largest-consumer threadName="PmdThread 4" threadId="0000000001290000" bytes="2752208" />
</allocation-stats>
<gc-op id="297" type="sweep" timems="0.442" contextid="294" timestamp="2019-06-17T03:24:01.203" />
<gc-op id="298" type="copy forward" timems="4.165" contextid="294" timestamp="2019-06-17T03:24:01.208">
  <memory-copied type="eden" objects="36988" bytes="1597288" bytesdiscarded="68873" />
  <memory-copied type="other" objects="19823" bytes="1269136" bytesdiscarded="63903" />
  <memory-cardclean objects="1187" bytes="65392" />
  <regions eden="6" other="7" />
  <remembered-set-cleared processed="6249" cleared="741" durationms="0.072" />
  <finalization candidates="1" enqueued="0" />
  <references type="weak" candidates="19" cleared="0" enqueued="0" />
  <references type="phantom" candidates="11" cleared="0" enqueued="0" />
  <stringconstants candidates="4993" cleared="0"  />
  <heap-resize type="expand" space="default" amount="4194304" count="4" timems="0.359" reason="continue current collection" />
</gc-op>
<gc-op id="299" type="classunload" timems="0.003" contextid="294" timestamp="2019-06-17T03:24:01.208">
  <classunload-info classloadercandidates="10" classloadersunloaded="0" classesunloaded="0" anonymousclassesunloaded="0" quiescems="0.000" setupms="0.003" scanms="0.000" postms="0.000" />
</gc-op>
<gc-op id="300" type="compact" timems="0.645" contextid="294" timestamp="2019-06-17T03:24:01.209">
  <compact-info movecount="0" movebytes="0" />
  <remembered-set-cleared processed="15310" cleared="741" durationms="0.074" />
</gc-op>
<gc-end id="301" type="partial gc" contextid="294" durationms="6.521" usertimems="12.000" systemtimems="4.000" timestamp="2019-06-17T03:24:01.209" activeThreads="4">
  <mem-info id="302" free="13631488" total="30408704" percent="44">
    <mem type="eden" free="1312224" total="4194304" percent="31" />
    <remembered-set count="10592" freebytes="1171456" totalbytes="1213824" percent="96" regionsoverflowed="0" regionsstable="1" regionsrebuilding="0"/>
  </mem-info>
</gc-end>
<cycle-end id="303" type="partial gc" contextid="294" timestamp="2019-06-17T03:24:01.209" />
  <attribute name="elasticGC enabled" value="1" />
  <attribute name= "numThreadsSpecified" value="4" />
  <attribute name="heapSize specified" value="0" />
  <attribute name="Current GC Util" value="162" />
  <attribute name= "Current Time Running" value="12667" />
  <attribute name ="GC Interval" value="0" />
  <attribute name="ProportionalT" value="213.000000" />
  <attribute name="ProportionalI" value="213.000000" />
  <attribute name="ProportionalH" value="213.000000" />
  <attribute name="Current Error" value="142.000000" />
  <attribute name="IntegralT" value="568.000000" />
  <attribute name="IntegralI" value="568.000000" />
  <attribute name="IntegralH" value="568.000000" />
  <attribute name="DerivativeT" value="36.000000" />
  <attribute name="DerivativeI" value="36.000000" />
  <attribute name="DerivativeH" value="36.000000" />
  <attribute name="Loop Time for DT" value="4.000000" />
  <attribute name="Output H" value="8388608"/>
  <attribute name="Output I" value="824"/>
  <attribute name="Output T" value="4"/>
  <attribute name="Target GC Util Change" value ="20.000000" />
  <attribute name="Current GC Util Change" value="162.000000"/>
  <attribute name="GC Util currently" value="162" />
  <attribute name="CPU Util currently" value="1026404567273" />
<exclusive-end id="304" timestamp="2019-06-17T03:24:01.209" durationms="7.239" />

<exclusive-start id="305" timestamp="2019-06-17T03:24:01.220" intervalms="18.235">
  <response-info timems="0.042" idlems="0.024" threads="1" lastid="0000000000F74300" lastname="JIT Compilation Thread-0" />
</exclusive-start>
<allocation-taxation id="306" taxation-threshold="6291456" timestamp="2019-06-17T03:24:01.221" intervalms="18.215" />
<cycle-start id="307" type="global mark phase" contextid="0" timestamp="2019-06-17T03:24:01.221" intervalms="97.681" />
<gc-start id="308" type="global mark phase" contextid="307" timestamp="2019-06-17T03:24:01.221">
  <mem-info id="309" free="7340032" total="30408704" percent="24">
    <remembered-set count="10112" freebytes="1173376" totalbytes="1213824" percent="96" regionsoverflowed="0" regionsstable="1" regionsrebuilding="0"/>
  </mem-info>
</gc-start>
<gc-op id="310" type="mark increment" timems="1.059" contextid="307" timestamp="2019-06-17T03:24:01.222">
  <trace-info objectcount="8744" scancount="2210" scanbytes="123936" />
</gc-op>
<gc-end id="311" type="global mark phase" contextid="307" durationms="1.234" usertimems="0.000" systemtimems="0.000" timestamp="2019-06-17T03:24:01.222" activeThreads="4">
  <mem-info id="312" free="7340032" total="30408704" percent="24">
    <remembered-set count="12160" freebytes="1165184" totalbytes="1213824" percent="95" regionsoverflowed="0" regionsstable="0" regionsrebuilding="1"/>
  </mem-info>
</gc-end>
<concurrent-start id="313" type="GMP work packet processing" contextid="307" timestamp="2019-06-17T03:24:01.222">
  <concurrent-mark-start scanTarget="1338848" />
</concurrent-start>
<concurrent-end id="314" type="GMP work packet processing" contextid="307" timestamp="2019-06-17T03:24:01.223">
  <concurrent-mark-end bytesScanned="1373268" reasonForTermination="Work target met" />
</concurrent-end>

<exclusive-end id="315" timestamp="2019-06-17T03:24:01.223" durationms="2.469" />

<exclusive-start id="316" timestamp="2019-06-17T03:24:01.237" intervalms="16.572">
  <response-info timems="0.042" idlems="0.042" threads="0" lastid="0000000001290000" lastname="PmdThread 4" />
</exclusive-start>
<allocation-taxation id="317" taxation-threshold="6291456" timestamp="2019-06-17T03:24:01.237" intervalms="16.603" />
<cycle-start id="318" type="partial gc" contextid="0" timestamp="2019-06-17T03:24:01.237" intervalms="34.819" />
<gc-start id="319" type="partial gc" contextid="318" timestamp="2019-06-17T03:24:01.237">
  <mem-info id="320" free="1048576" total="30408704" percent="3">
    <mem type="eden" free="0" total="12582912" percent="0" />
    <remembered-set count="15712" freebytes="1150976" totalbytes="1213824" percent="94" regionsoverflowed="0" regionsstable="0" regionsrebuilding="1"/>
  </mem-info>
</gc-start>
<allocation-stats totalBytes="12577920" >
  <allocated-bytes non-tlh="0" tlh="12577920" arrayletleaf="0"/>
  <largest-consumer threadName="PmdThread 4" threadId="0000000001290000" bytes="2571832" />
</allocation-stats>
<gc-op id="321" type="copy forward" timems="14.298" contextid="318" timestamp="2019-06-17T03:24:01.252">
  <memory-copied type="eden" objects="70174" bytes="2682392" bytesdiscarded="16" />
  <memory-copied type="other" objects="51200" bytes="2528056" bytesdiscarded="16" />
  <memory-cardclean objects="1178" bytes="55248" />
  <regions eden="12" other="5" />
  <remembered-set-cleared processed="11163" cleared="2391" durationms="0.157" />
  <references type="weak" candidates="250" cleared="0" enqueued="0" />
  <references type="phantom" candidates="12" cleared="0" enqueued="0" />
  <stringconstants candidates="4993" cleared="0"  />
  <heap-resize type="expand" space="default" amount="6291456" count="6" timems="0.334" reason="continue current collection" />
</gc-op>
<gc-op id="322" type="classunload" timems="0.003" contextid="318" timestamp="2019-06-17T03:24:01.252">
  <classunload-info classloadercandidates="10" classloadersunloaded="0" classesunloaded="0" anonymousclassesunloaded="0" quiescems="0.000" setupms="0.003" scanms="0.000" postms="0.000" />
</gc-op>
<gc-op id="323" type="compact" timems="1.117" contextid="318" timestamp="2019-06-17T03:24:01.254">
  <compact-info movecount="0" movebytes="0" />
  <remembered-set-cleared processed="28985" cleared="2391" durationms="0.157" />
</gc-op>
<heap-resize id="324" type="expand" space="default" amount="6291456" count="1" timems="0.079" reason="excessive time being spent in gc" timestamp="2019-06-17T03:24:01.254" />
<gc-end id="325" type="partial gc" contextid="318" durationms="16.664" usertimems="20.000" systemtimems="0.000" timestamp="2019-06-17T03:24:01.254" activeThreads="4">
  <mem-info id="326" free="24117248" total="42991616" percent="56">
    <mem type="eden" free="459696" total="3145728" percent="14" />
    <remembered-set count="18816" freebytes="1640832" totalbytes="1716096" percent="95" regionsoverflowed="0" regionsstable="0" regionsrebuilding="1"/>
  </mem-info>
</gc-end>
<cycle-end id="327" type="partial gc" contextid="318" timestamp="2019-06-17T03:24:01.254" />
  <attribute name="elasticGC enabled" value="1" />
  <attribute name= "numThreadsSpecified" value="4" />
  <attribute name="heapSize specified" value="0" />
  <attribute name="Current GC Util" value="0" />
  <attribute name= "Current Time Running" value="12712" />
  <attribute name ="GC Interval" value="0" />
  <attribute name="ProportionalT" value="-30.000000" />
  <attribute name="ProportionalI" value="-30.000000" />
  <attribute name="ProportionalH" value="-30.000000" />
  <attribute name="Current Error" value="-20.000000" />
  <attribute name="IntegralT" value="-300.000000" />
  <attribute name="IntegralI" value="-300.000000" />
  <attribute name="IntegralH" value="-300.000000" />
  <attribute name="DerivativeT" value="-8.300000" />
  <attribute name="DerivativeI" value="-8.300000" />
  <attribute name="DerivativeH" value="-8.300000" />
  <attribute name="Loop Time for DT" value="15.000000" />
  <attribute name="Output H" value="2091843584"/>
  <attribute name="Output I" value="200"/>
  <attribute name="Output T" value="4"/>
  <attribute name="Target GC Util Change" value ="20.000000" />
  <attribute name="Current GC Util Change" value="0.000000"/>
  <attribute name="GC Util currently" value="0" />
  <attribute name="CPU Util currently" value="314910842758" />
<exclusive-end id="328" timestamp="2019-06-17T03:24:01.254" durationms="17.424" />

<exclusive-start id="329" timestamp="2019-06-17T03:24:01.268" intervalms="31.394">
  <response-info timems="0.032" idlems="0.032" threads="0" lastid="000000000128C400" lastname="PmdThread 3" />
</exclusive-start>
<allocation-taxation id="330" taxation-threshold="8388608" timestamp="2019-06-17T03:24:01.268" intervalms="31.372" />
<gc-start id="331" type="global mark phase" contextid="307" timestamp="2019-06-17T03:24:01.269">
  <mem-info id="332" free="15728640" total="42991616" percent="36">
    <remembered-set count="18816" freebytes="1640832" totalbytes="1716096" percent="95" regionsoverflowed="0" regionsstable="0" regionsrebuilding="1"/>
  </mem-info>
</gc-start>
<gc-end id="333" type="global mark phase" contextid="307" durationms="0.064" usertimems="0.000" systemtimems="0.000" timestamp="2019-06-17T03:24:01.269" activeThreads="4">
  <mem-info id="334" free="15728640" total="42991616" percent="36">
    <remembered-set count="18816" freebytes="1640832" totalbytes="1716096" percent="95" regionsoverflowed="0" regionsstable="0" regionsrebuilding="1"/>
  </mem-info>
</gc-end>
<concurrent-start id="335" type="GMP work packet processing" contextid="307" timestamp="2019-06-17T03:24:01.269">
  <concurrent-mark-start scanTarget="1338848" />
</concurrent-start>
<concurrent-end id="336" type="GMP work packet processing" contextid="307" timestamp="2019-06-17T03:24:01.270">
  <concurrent-mark-end bytesScanned="1415028" reasonForTermination="Work target met" />
</concurrent-end>

<exclusive-end id="337" timestamp="2019-06-17T03:24:01.270" durationms="1.327" />

<exclusive-start id="338" timestamp="2019-06-17T03:24:01.287" intervalms="18.820">
  <response-info timems="0.046" idlems="0.046" threads="0" lastid="0000000001290000" lastname="PmdThread 4" />
</exclusive-start>
<allocation-taxation id="339" taxation-threshold="8388608" timestamp="2019-06-17T03:24:01.288" intervalms="19.506" />
<cycle-start id="340" type="partial gc" contextid="0" timestamp="2019-06-17T03:24:01.288" intervalms="50.942" />
<gc-start id="341" type="partial gc" contextid="340" timestamp="2019-06-17T03:24:01.288">
  <mem-info id="342" free="7340032" total="42991616" percent="17">
    <mem type="eden" free="0" total="16777216" percent="0" />
    <remembered-set count="22464" freebytes="1626240" totalbytes="1716096" percent="94" regionsoverflowed="0" regionsstable="0" regionsrebuilding="1"/>
  </mem-info>
</gc-start>
<allocation-stats totalBytes="16769864" >
  <allocated-bytes non-tlh="0" tlh="16769864" arrayletleaf="0"/>
  <largest-consumer threadName="PmdThread 4" threadId="0000000001290000" bytes="4160848" />
</allocation-stats>
<gc-op id="343" type="copy forward" timems="17.910" contextid="340" timestamp="2019-06-17T03:24:01.307">
  <memory-copied type="eden" objects="80535" bytes="3092888" bytesdiscarded="48" />
  <memory-copied type="other" objects="70993" bytes="2718360" bytesdiscarded="32" />
  <memory-cardclean objects="4836" bytes="225720" />
  <regions eden="16" other="4" />
  <remembered-set-cleared processed="19840" cleared="6556" durationms="0.239" />
  <references type="soft" candidates="16" cleared="0" enqueued="0" dynamicThreshold="11" maxThreshold="32" />
  <references type="weak" candidates="241" cleared="0" enqueued="0" />
  <references type="phantom" candidates="34" cleared="0" enqueued="0" />
  <stringconstants candidates="4993" cleared="0"  />
</gc-op>
<gc-op id="344" type="classunload" timems="0.004" contextid="340" timestamp="2019-06-17T03:24:01.307">
  <classunload-info classloadercandidates="10" classloadersunloaded="0" classesunloaded="0" anonymousclassesunloaded="0" quiescems="0.000" setupms="0.004" scanms="0.000" postms="0.000" />
</gc-op>
<heap-resize id="345" type="expand" space="default" amount="7340032" count="1" timems="0.091" reason="excessive time being spent in gc" timestamp="2019-06-17T03:24:01.307" />
<gc-end id="346" type="partial gc" contextid="340" durationms="19.082" usertimems="16.000" systemtimems="0.000" timestamp="2019-06-17T03:24:01.308" activeThreads="1">
  <mem-info id="347" free="28311552" total="50331648" percent="56">
    <mem type="eden" free="52744" total="3145728" percent="1" />
    <remembered-set count="28352" freebytes="1895680" totalbytes="2009088" percent="94" regionsoverflowed="0" regionsstable="0" regionsrebuilding="1"/>
  </mem-info>
</gc-end>
<cycle-end id="348" type="partial gc" contextid="340" timestamp="2019-06-17T03:24:01.308" />
  <attribute name="elasticGC enabled" value="1" />
  <attribute name= "numThreadsSpecified" value="1" />
  <attribute name="heapSize specified" value="0" />
  <attribute name="Current GC Util" value="59" />
  <attribute name= "Current Time Running" value="12748" />
  <attribute name ="GC Interval" value="0" />
  <attribute name="ProportionalT" value="58.500000" />
  <attribute name="ProportionalI" value="58.500000" />
  <attribute name="ProportionalH" value="58.500000" />
  <attribute name="Current Error" value="39.000000" />
  <attribute name="IntegralT" value="0.000000" />
  <attribute name="IntegralI" value="0.000000" />
  <attribute name="IntegralH" value="0.000000" />
  <attribute name="DerivativeT" value="inf" />
  <attribute name="DerivativeI" value="inf" />
  <attribute name="DerivativeH" value="inf" />
  <attribute name="Loop Time for DT" value="0.000000" />
  <attribute name="Output H" value="8388608"/>
  <attribute name="Output I" value="200"/>
  <attribute name="Output T" value="1"/>
  <attribute name="Target GC Util Change" value ="20.000000" />
  <attribute name="Current GC Util Change" value="59.000000"/>
  <attribute name="GC Util currently" value="59" />
  <attribute name="CPU Util currently" value="18527300758082" />
<exclusive-end id="349" timestamp="2019-06-17T03:24:01.308" durationms="20.736" />

<exclusive-start id="350" timestamp="2019-06-17T03:24:01.333" intervalms="45.384">
  <response-info timems="0.075" idlems="0.075" threads="0" lastid="0000000001284800" lastname="PmdThread 2" />
</exclusive-start>
<allocation-taxation id="351" taxation-threshold="9437184" timestamp="2019-06-17T03:24:01.333" intervalms="44.708" />
<gc-start id="352" type="global mark phase" contextid="307" timestamp="2019-06-17T03:24:01.333">
  <mem-info id="353" free="18874368" total="50331648" percent="37">
    <remembered-set count="28288" freebytes="1895936" totalbytes="2009088" percent="94" regionsoverflowed="0" regionsstable="0" regionsrebuilding="1"/>
  </mem-info>
</gc-start>
<gc-end id="354" type="global mark phase" contextid="307" durationms="0.079" usertimems="0.000" systemtimems="0.000" timestamp="2019-06-17T03:24:01.333" activeThreads="1">
  <mem-info id="355" free="18874368" total="50331648" percent="37">
    <remembered-set count="28288" freebytes="1895936" totalbytes="2009088" percent="94" regionsoverflowed="0" regionsstable="0" regionsrebuilding="1"/>
  </mem-info>
</gc-end>
<concurrent-start id="356" type="GMP work packet processing" contextid="307" timestamp="2019-06-17T03:24:01.333">
  <concurrent-mark-start scanTarget="1048576" />
</concurrent-start>
<concurrent-end id="357" type="GMP work packet processing" contextid="307" timestamp="2019-06-17T03:24:01.334">
  <concurrent-mark-end bytesScanned="1100752" reasonForTermination="Work target met" />
</concurrent-end>

<exclusive-end id="358" timestamp="2019-06-17T03:24:01.334" durationms="1.154" />

<exclusive-start id="359" timestamp="2019-06-17T03:24:01.349" intervalms="16.545">
  <response-info timems="0.051" idlems="0.051" threads="0" lastid="000000000128C400" lastname="PmdThread 3" />
</exclusive-start>
<allocation-taxation id="360" taxation-threshold="9437184" timestamp="2019-06-17T03:24:01.349" intervalms="16.509" />
<cycle-start id="361" type="partial gc" contextid="0" timestamp="2019-06-17T03:24:01.349" intervalms="61.121" />
<gc-start id="362" type="partial gc" contextid="361" timestamp="2019-06-17T03:24:01.350">
  <mem-info id="363" free="9437184" total="50331648" percent="18">
    <mem type="eden" free="0" total="18874368" percent="0" />
    <remembered-set count="30400" freebytes="1887488" totalbytes="2009088" percent="93" regionsoverflowed="0" regionsstable="0" regionsrebuilding="1"/>
  </mem-info>
</gc-start>
<allocation-stats totalBytes="18867680" >
  <allocated-bytes non-tlh="64" tlh="18867616" arrayletleaf="0"/>
  <largest-consumer threadName="PmdThread 2" threadId="0000000001284800" bytes="4456128" />
</allocation-stats>
<gc-op id="364" type="copy forward" timems="15.302" contextid="361" timestamp="2019-06-17T03:24:01.365">
  <memory-copied type="eden" objects="44685" bytes="1967168" bytesdiscarded="8" />
  <memory-copied type="other" objects="82880" bytes="3113912" bytesdiscarded="48" />
  <memory-cardclean objects="14235" bytes="764232" />
  <regions eden="18" other="4" />
  <remembered-set-cleared processed="27380" cleared="9649" durationms="0.278" />
  <references type="soft" candidates="1" cleared="0" enqueued="0" dynamicThreshold="12" maxThreshold="32" />
  <references type="weak" candidates="189" cleared="0" enqueued="0" />
  <references type="phantom" candidates="14" cleared="0" enqueued="0" />
  <stringconstants candidates="4994" cleared="0"  />
</gc-op>
<gc-op id="365" type="classunload" timems="0.004" contextid="361" timestamp="2019-06-17T03:24:01.365">
  <classunload-info classloadercandidates="10" classloadersunloaded="0" classesunloaded="0" anonymousclassesunloaded="0" quiescems="0.000" setupms="0.004" scanms="0.000" postms="0.000" />
</gc-op>
<heap-resize id="366" type="expand" space="default" amount="9437184" count="1" timems="0.102" reason="excessive time being spent in gc" timestamp="2019-06-17T03:24:01.366" />
<gc-end id="367" type="partial gc" contextid="361" durationms="16.343" usertimems="16.000" systemtimems="0.000" timestamp="2019-06-17T03:24:01.366" activeThreads="1">
  <mem-info id="368" free="35651584" total="59768832" percent="59">
    <mem type="eden" free="124136" total="2097152" percent="5" />
    <remembered-set count="36832" freebytes="2238464" totalbytes="2385792" percent="93" regionsoverflowed="0" regionsstable="0" regionsrebuilding="1"/>
  </mem-info>
</gc-end>
<cycle-end id="369" type="partial gc" contextid="361" timestamp="2019-06-17T03:24:01.366" />
  <attribute name="elasticGC enabled" value="1" />
  <attribute name= "numThreadsSpecified" value="1" />
  <attribute name="heapSize specified" value="0" />
  <attribute name="Current GC Util" value="89" />
  <attribute name= "Current Time Running" value="12809" />
  <attribute name ="GC Interval" value="0" />
  <attribute name="ProportionalT" value="103.500000" />
  <attribute name="ProportionalI" value="103.500000" />
  <attribute name="ProportionalH" value="103.500000" />
  <attribute name="Current Error" value="69.000000" />
  <attribute name="IntegralT" value="0.000000" />
  <attribute name="IntegralI" value="0.000000" />
  <attribute name="IntegralH" value="0.000000" />
  <attribute name="DerivativeT" value="inf" />
  <attribute name="DerivativeI" value="inf" />
  <attribute name="DerivativeH" value="inf" />
  <attribute name="Loop Time for DT" value="0.000000" />
  <attribute name="Output H" value="8388608"/>
  <attribute name="Output I" value="200"/>
  <attribute name="Output T" value="1"/>
  <attribute name="Target GC Util Change" value ="20.000000" />
  <attribute name="Current GC Util Change" value="89.000000"/>
  <attribute name="GC Util currently" value="89" />
  <attribute name="CPU Util currently" value="22916576457095" />
<exclusive-end id="370" timestamp="2019-06-17T03:24:01.366" durationms="17.063" />

<exclusive-start id="371" timestamp="2019-06-17T03:24:01.393" intervalms="43.509">
  <response-info timems="0.208" idlems="0.180" threads="2" lastid="0000000001290000" lastname="PmdThread 4" />
</exclusive-start>
<allocation-taxation id="372" taxation-threshold="10485760" timestamp="2019-06-17T03:24:01.393" intervalms="43.502" />
<gc-start id="373" type="global mark phase" contextid="307" timestamp="2019-06-17T03:24:01.393">
  <mem-info id="374" free="25165824" total="59768832" percent="42">
    <remembered-set count="36352" freebytes="2240384" totalbytes="2385792" percent="93" regionsoverflowed="0" regionsstable="0" regionsrebuilding="1"/>
  </mem-info>
</gc-start>
<gc-end id="375" type="global mark phase" contextid="307" durationms="0.057" usertimems="0.000" systemtimems="0.000" timestamp="2019-06-17T03:24:01.393" activeThreads="1">
  <mem-info id="376" free="25165824" total="59768832" percent="42">
    <remembered-set count="36352" freebytes="2240384" totalbytes="2385792" percent="93" regionsoverflowed="0" regionsstable="0" regionsrebuilding="1"/>
  </mem-info>
</gc-end>
<concurrent-start id="377" type="GMP work packet processing" contextid="307" timestamp="2019-06-17T03:24:01.393">
  <concurrent-mark-start scanTarget="1048576" />
</concurrent-start>
<exclusive-end id="378" timestamp="2019-06-17T03:24:01.394" durationms="1.121" />

<concurrent-end id="379" type="GMP work packet processing" contextid="307" timestamp="2019-06-17T03:24:01.394">
  <concurrent-mark-end bytesScanned="1103132" reasonForTermination="Work target met" />
</concurrent-end>

<exclusive-start id="380" timestamp="2019-06-17T03:24:01.435" intervalms="42.041">
  <response-info timems="0.036" idlems="0.036" threads="0" lastid="0000000001284800" lastname="PmdThread 2" />
</exclusive-start>
<allocation-taxation id="381" taxation-threshold="10485760" timestamp="2019-06-17T03:24:01.435" intervalms="42.044" />
<cycle-start id="382" type="partial gc" contextid="0" timestamp="2019-06-17T03:24:01.435" intervalms="85.524" />
<gc-start id="383" type="partial gc" contextid="382" timestamp="2019-06-17T03:24:01.435">
  <mem-info id="384" free="14680064" total="59768832" percent="24">
    <mem type="eden" free="0" total="20971520" percent="0" />
    <remembered-set count="38912" freebytes="2230144" totalbytes="2385792" percent="93" regionsoverflowed="0" regionsstable="0" regionsrebuilding="1"/>
  </mem-info>
</gc-start>
<allocation-stats totalBytes="20964264" >
  <allocated-bytes non-tlh="9672" tlh="20954592" arrayletleaf="0"/>
  <largest-consumer threadName="PmdThread 2" threadId="0000000001284800" bytes="3801616" />
</allocation-stats>
<gc-op id="385" type="copy forward" timems="5.901" contextid="382" timestamp="2019-06-17T03:24:01.441">
  <memory-copied type="eden" objects="64660" bytes="2609128" bytesdiscarded="222040" />
  <memory-copied type="other" objects="33169" bytes="1309208" bytesdiscarded="133448" />
  <memory-cardclean objects="24639" bytes="1378704" />
  <regions eden="20" other="3" />
  <remembered-set-cleared processed="36223" cleared="8617" durationms="0.175" />
  <references type="soft" candidates="2" cleared="0" enqueued="0" dynamicThreshold="13" maxThreshold="32" />
  <references type="weak" candidates="375" cleared="0" enqueued="0" />
  <references type="phantom" candidates="33" cleared="0" enqueued="0" />
  <stringconstants candidates="5059" cleared="0"  />
</gc-op>
<gc-op id="386" type="classunload" timems="0.002" contextid="382" timestamp="2019-06-17T03:24:01.442">
  <classunload-info classloadercandidates="10" classloadersunloaded="0" classesunloaded="0" anonymousclassesunloaded="0" quiescems="0.000" setupms="0.002" scanms="0.000" postms="0.000" />
</gc-op>
<heap-resize id="387" type="expand" space="default" amount="8388608" count="1" timems="0.098" reason="excessive time being spent in gc" timestamp="2019-06-17T03:24:01.442" />
<gc-end id="388" type="partial gc" contextid="382" durationms="6.825" usertimems="8.000" systemtimems="8.000" timestamp="2019-06-17T03:24:01.442" activeThreads="4">
  <mem-info id="389" free="40894464" total="68157440" percent="60">
    <mem type="eden" free="312080" total="3145728" percent="9" />
    <remembered-set count="45280" freebytes="2539520" totalbytes="2720640" percent="93" regionsoverflowed="0" regionsstable="0" regionsrebuilding="1"/>
  </mem-info>
</gc-end>
<cycle-end id="390" type="partial gc" contextid="382" timestamp="2019-06-17T03:24:01.442" />
  <attribute name="elasticGC enabled" value="1" />
  <attribute name= "numThreadsSpecified" value="4" />
  <attribute name="heapSize specified" value="0" />
  <attribute name="Current GC Util" value="81" />
  <attribute name= "Current Time Running" value="12895" />
  <attribute name ="GC Interval" value="0" />
  <attribute name="ProportionalT" value="91.500000" />
  <attribute name="ProportionalI" value="91.500000" />
  <attribute name="ProportionalH" value="91.500000" />
  <attribute name="Current Error" value="61.000000" />
  <attribute name="IntegralT" value="61.000000" />
  <attribute name="IntegralI" value="61.000000" />
  <attribute name="IntegralH" value="61.000000" />
  <attribute name="DerivativeT" value="91.500000" />
  <attribute name="DerivativeI" value="91.500000" />
  <attribute name="DerivativeH" value="91.500000" />
  <attribute name="Loop Time for DT" value="1.000000" />
  <attribute name="Output H" value="8388608"/>
  <attribute name="Output I" value="248"/>
  <attribute name="Output T" value="4"/>
  <attribute name="Target GC Util Change" value ="20.000000" />
  <attribute name="Current GC Util Change" value="81.000000"/>
  <attribute name="GC Util currently" value="81" />
  <attribute name="CPU Util currently" value="23186885408262" />
<exclusive-end id="391" timestamp="2019-06-17T03:24:01.442" durationms="7.470" />

<exclusive-start id="392" timestamp="2019-06-17T03:24:01.463" intervalms="28.669">
  <response-info timems="0.033" idlems="0.033" threads="0" lastid="0000000001290000" lastname="PmdThread 4" />
</exclusive-start>
<allocation-taxation id="393" taxation-threshold="11534336" timestamp="2019-06-17T03:24:01.463" intervalms="28.711" />
<gc-start id="394" type="global mark phase" contextid="307" timestamp="2019-06-17T03:24:01.464">
  <mem-info id="395" free="29360128" total="68157440" percent="43">
    <remembered-set count="44832" freebytes="2541312" totalbytes="2720640" percent="93" regionsoverflowed="0" regionsstable="0" regionsrebuilding="1"/>
  </mem-info>
</gc-start>
<gc-end id="396" type="global mark phase" contextid="307" durationms="0.060" usertimems="0.000" systemtimems="0.000" timestamp="2019-06-17T03:24:01.464" activeThreads="4">
  <mem-info id="397" free="29360128" total="68157440" percent="43">
    <remembered-set count="44832" freebytes="2541312" totalbytes="2720640" percent="93" regionsoverflowed="0" regionsstable="0" regionsrebuilding="1"/>
  </mem-info>
</gc-end>
<concurrent-start id="398" type="GMP work packet processing" contextid="307" timestamp="2019-06-17T03:24:01.464">
  <concurrent-mark-start scanTarget="2677697" />
</concurrent-start>
<exclusive-end id="399" timestamp="2019-06-17T03:24:01.464" durationms="0.723" />

<concurrent-end id="400" type="GMP work packet processing" contextid="307" timestamp="2019-06-17T03:24:01.465">
  <concurrent-mark-end bytesScanned="2742780" reasonForTermination="Work target met" />
</concurrent-end>

<exclusive-start id="401" timestamp="2019-06-17T03:24:01.499" intervalms="35.799">
  <response-info timems="0.055" idlems="0.030" threads="2" lastid="0000000000F77F00" lastname="JIT Compilation Thread-1" />
</exclusive-start>
<allocation-taxation id="402" taxation-threshold="11534336" timestamp="2019-06-17T03:24:01.499" intervalms="35.783" />
<cycle-start id="403" type="partial gc" contextid="0" timestamp="2019-06-17T03:24:01.499" intervalms="64.514" />
<gc-start id="404" type="partial gc" contextid="403" timestamp="2019-06-17T03:24:01.500">
  <mem-info id="405" free="17825792" total="68157440" percent="26">
    <mem type="eden" free="0" total="23068672" percent="0" />
    <remembered-set count="46464" freebytes="2534784" totalbytes="2720640" percent="93" regionsoverflowed="0" regionsstable="0" regionsrebuilding="1"/>
  </mem-info>
</gc-start>
<allocation-stats totalBytes="23057824" >
  <allocated-bytes non-tlh="11176" tlh="23046648" arrayletleaf="0"/>
  <largest-consumer threadName="PmdThread 1" threadId="0000000001280C00" bytes="4063832" />
</allocation-stats>
<gc-op id="406" type="copy forward" timems="13.686" contextid="403" timestamp="2019-06-17T03:24:01.514">
  <memory-copied type="eden" objects="31826" bytes="1342096" bytesdiscarded="0" />
  <memory-copied type="other" objects="65982" bytes="2461056" bytesdiscarded="8" />
  <memory-cardclean objects="32170" bytes="1873840" />
  <regions eden="22" other="4" />
  <remembered-set-cleared processed="41060" cleared="11422" durationms="0.400" />
  <finalization candidates="7" enqueued="0" />
  <references type="soft" candidates="34" cleared="0" enqueued="0" dynamicThreshold="13" maxThreshold="32" />
  <references type="weak" candidates="949" cleared="0" enqueued="0" />
  <references type="phantom" candidates="117" cleared="0" enqueued="0" />
  <stringconstants candidates="5100" cleared="0"  />
</gc-op>
<gc-op id="407" type="classunload" timems="0.003" contextid="403" timestamp="2019-06-17T03:24:01.514">
  <classunload-info classloadercandidates="10" classloadersunloaded="0" classesunloaded="0" anonymousclassesunloaded="0" quiescems="0.000" setupms="0.003" scanms="0.000" postms="0.000" />
</gc-op>
<gc-end id="408" type="partial gc" contextid="403" durationms="14.497" usertimems="16.000" systemtimems="0.000" timestamp="2019-06-17T03:24:01.514" activeThreads="1">
  <mem-info id="409" free="38797312" total="68157440" percent="56">
    <mem type="eden" free="751192" total="2097152" percent="35" />
    <remembered-set count="52832" freebytes="2509312" totalbytes="2720640" percent="92" regionsoverflowed="0" regionsstable="0" regionsrebuilding="1"/>
  </mem-info>
</gc-end>
<cycle-end id="410" type="partial gc" contextid="403" timestamp="2019-06-17T03:24:01.514" />
  <attribute name="elasticGC enabled" value="1" />
  <attribute name= "numThreadsSpecified" value="1" />
  <attribute name="heapSize specified" value="0" />
  <attribute name="Current GC Util" value="87" />
  <attribute name= "Current Time Running" value="12959" />
  <attribute name ="GC Interval" value="0" />
  <attribute name="ProportionalT" value="100.500000" />
  <attribute name="ProportionalI" value="100.500000" />
  <attribute name="ProportionalH" value="100.500000" />
  <attribute name="Current Error" value="67.000000" />
  <attribute name="IntegralT" value="0.000000" />
  <attribute name="IntegralI" value="0.000000" />
  <attribute name="IntegralH" value="0.000000" />
  <attribute name="DerivativeT" value="inf" />
  <attribute name="DerivativeI" value="inf" />
  <attribute name="DerivativeH" value="inf" />
  <attribute name="Loop Time for DT" value="0.000000" />
  <attribute name="Output H" value="8388608"/>
  <attribute name="Output I" value="200"/>
  <attribute name="Output T" value="1"/>
  <attribute name="Target GC Util Change" value ="20.000000" />
  <attribute name="Current GC Util Change" value="87.000000"/>
  <attribute name="GC Util currently" value="87" />
  <attribute name="CPU Util currently" value="22787036456405" />
<exclusive-end id="411" timestamp="2019-06-17T03:24:01.514" durationms="15.246" />

<exclusive-start id="412" timestamp="2019-06-17T03:24:01.546" intervalms="46.556">
  <response-info timems="0.474" idlems="0.246" threads="1" lastid="0000000001280C00" lastname="PmdThread 1" />
</exclusive-start>
<allocation-taxation id="413" taxation-threshold="11534336" timestamp="2019-06-17T03:24:01.546" intervalms="46.559" />
<gc-start id="414" type="global mark phase" contextid="307" timestamp="2019-06-17T03:24:01.546">
  <mem-info id="415" free="27262976" total="68157440" percent="40">
    <remembered-set count="52768" freebytes="2509568" totalbytes="2720640" percent="92" regionsoverflowed="0" regionsstable="0" regionsrebuilding="1"/>
  </mem-info>
</gc-start>
<gc-end id="416" type="global mark phase" contextid="307" durationms="0.048" usertimems="0.000" systemtimems="0.000" timestamp="2019-06-17T03:24:01.546" activeThreads="1">
  <mem-info id="417" free="27262976" total="68157440" percent="40">
    <remembered-set count="52768" freebytes="2509568" totalbytes="2720640" percent="92" regionsoverflowed="0" regionsstable="0" regionsrebuilding="1"/>
  </mem-info>
</gc-end>
<concurrent-start id="418" type="GMP work packet processing" contextid="307" timestamp="2019-06-17T03:24:01.546">
  <concurrent-mark-start scanTarget="1048576" />
</concurrent-start>
<concurrent-end id="419" type="GMP work packet processing" contextid="307" timestamp="2019-06-17T03:24:01.547">
  <concurrent-mark-end bytesScanned="1123852" reasonForTermination="Work target met" />
</concurrent-end>

<exclusive-end id="420" timestamp="2019-06-17T03:24:01.547" durationms="1.232" />

<exclusive-start id="421" timestamp="2019-06-17T03:24:01.562" intervalms="16.103">
  <response-info timems="0.065" idlems="0.065" threads="0" lastid="0000000001290000" lastname="PmdThread 4" />
</exclusive-start>
<allocation-taxation id="422" taxation-threshold="11534336" timestamp="2019-06-17T03:24:01.562" intervalms="16.246" />
<cycle-start id="423" type="partial gc" contextid="0" timestamp="2019-06-17T03:24:01.562" intervalms="62.930" />
<gc-start id="424" type="partial gc" contextid="423" timestamp="2019-06-17T03:24:01.563">
  <mem-info id="425" free="15728640" total="68157440" percent="23">
    <mem type="eden" free="0" total="23068672" percent="0" />
    <remembered-set count="53344" freebytes="2507264" totalbytes="2720640" percent="92" regionsoverflowed="0" regionsstable="0" regionsrebuilding="1"/>
  </mem-info>
</gc-start>
<allocation-stats totalBytes="23060872" >
  <allocated-bytes non-tlh="443968" tlh="22616904" arrayletleaf="0"/>
  <largest-consumer threadName="PmdThread 2" threadId="0000000001284800" bytes="5504280" />
</allocation-stats>
<gc-op id="426" type="copy forward" timems="6.440" contextid="423" timestamp="2019-06-17T03:24:01.570">
  <memory-copied type="eden" objects="57520" bytes="2465712" bytesdiscarded="217368" />
  <memory-copied type="other" objects="30830" bytes="1250480" bytesdiscarded="95320" />
  <memory-cardclean objects="35219" bytes="1681912" />
  <regions eden="22" other="3" />
  <remembered-set-cleared processed="45949" cleared="9528" durationms="0.180" />
  <finalization candidates="1" enqueued="0" />
  <references type="soft" candidates="3" cleared="0" enqueued="0" dynamicThreshold="12" maxThreshold="32" />
  <references type="weak" candidates="805" cleared="0" enqueued="0" />
  <references type="phantom" candidates="132" cleared="0" enqueued="0" />
  <stringconstants candidates="5106" cleared="0"  />
</gc-op>
<gc-op id="427" type="classunload" timems="0.003" contextid="423" timestamp="2019-06-17T03:24:01.570">
  <classunload-info classloadercandidates="10" classloadersunloaded="0" classesunloaded="0" anonymousclassesunloaded="0" quiescems="0.000" setupms="0.002" scanms="0.000" postms="0.000" />
</gc-op>
<heap-resize id="428" type="expand" space="default" amount="12582912" count="1" timems="0.126" reason="excessive time being spent in gc" timestamp="2019-06-17T03:24:01.570" />
<gc-end id="429" type="partial gc" contextid="423" durationms="7.893" usertimems="12.000" systemtimems="4.000" timestamp="2019-06-17T03:24:01.570" activeThreads="4">
  <mem-info id="430" free="48234496" total="80740352" percent="59">
    <mem type="eden" free="457680" total="3145728" percent="14" />
    <remembered-set count="55136" freebytes="3002368" totalbytes="3222912" percent="93" regionsoverflowed="0" regionsstable="0" regionsrebuilding="1"/>
  </mem-info>
</gc-end>
<cycle-end id="431" type="partial gc" contextid="423" timestamp="2019-06-17T03:24:01.571" />
  <attribute name="elasticGC enabled" value="1" />
  <attribute name= "numThreadsSpecified" value="4" />
  <attribute name="heapSize specified" value="0" />
  <attribute name="Current GC Util" value="67" />
  <attribute name= "Current Time Running" value="13023" />
  <attribute name ="GC Interval" value="0" />
  <attribute name="ProportionalT" value="70.500000" />
  <attribute name="ProportionalI" value="70.500000" />
  <attribute name="ProportionalH" value="70.500000" />
  <attribute name="Current Error" value="47.000000" />
  <attribute name="IntegralT" value="47.000000" />
  <attribute name="IntegralI" value="47.000000" />
  <attribute name="IntegralH" value="47.000000" />
  <attribute name="DerivativeT" value="70.500000" />
  <attribute name="DerivativeI" value="70.500000" />
  <attribute name="DerivativeH" value="70.500000" />
  <attribute name="Loop Time for DT" value="1.000000" />
  <attribute name="Output H" value="8388608"/>
  <attribute name="Output I" value="200"/>
  <attribute name="Output T" value="4"/>
  <attribute name="Target GC Util Change" value ="20.000000" />
  <attribute name="Current GC Util Change" value="67.000000"/>
  <attribute name="GC Util currently" value="67" />
  <attribute name="CPU Util currently" value="18235864509634" />
<exclusive-end id="432" timestamp="2019-06-17T03:24:01.571" durationms="8.853" />

<exclusive-start id="433" timestamp="2019-06-17T03:24:01.591" intervalms="29.670">
  <response-info timems="0.139" idlems="0.139" threads="0" lastid="0000000001284800" lastname="PmdThread 2" />
</exclusive-start>
<allocation-taxation id="434" taxation-threshold="13631488" timestamp="2019-06-17T03:24:01.592" intervalms="29.510" />
<gc-start id="435" type="global mark phase" contextid="307" timestamp="2019-06-17T03:24:01.592">
  <mem-info id="436" free="34603008" total="80740352" percent="42">
    <remembered-set count="54656" freebytes="3004288" totalbytes="3222912" percent="93" regionsoverflowed="0" regionsstable="0" regionsrebuilding="1"/>
  </mem-info>
</gc-start>
<gc-end id="437" type="global mark phase" contextid="307" durationms="0.053" usertimems="0.000" systemtimems="0.000" timestamp="2019-06-17T03:24:01.592" activeThreads="4">
  <mem-info id="438" free="34603008" total="80740352" percent="42">
    <remembered-set count="54656" freebytes="3004288" totalbytes="3222912" percent="93" regionsoverflowed="0" regionsstable="0" regionsrebuilding="1"/>
  </mem-info>
</gc-end>
<concurrent-start id="439" type="GMP work packet processing" contextid="307" timestamp="2019-06-17T03:24:01.592">
  <concurrent-mark-start scanTarget="2677697" />
</concurrent-start>
<concurrent-end id="440" type="GMP work packet processing" contextid="307" timestamp="2019-06-17T03:24:01.593">
  <concurrent-mark-end bytesScanned="1570616" reasonForTermination="Completed all work in GC phase" />
</concurrent-end>

<exclusive-end id="441" timestamp="2019-06-17T03:24:01.593" durationms="1.436" />

<exclusive-start id="442" timestamp="2019-06-17T03:24:01.618" intervalms="26.711">
  <response-info timems="0.039" idlems="0.022" threads="1" lastid="0000000001290000" lastname="PmdThread 4" />
</exclusive-start>
<allocation-taxation id="443" taxation-threshold="13631488" timestamp="2019-06-17T03:24:01.618" intervalms="26.716" />
<cycle-start id="444" type="partial gc" contextid="0" timestamp="2019-06-17T03:24:01.618" intervalms="56.166" />
<gc-start id="445" type="partial gc" contextid="444" timestamp="2019-06-17T03:24:01.619">
  <mem-info id="446" free="20971520" total="80740352" percent="25">
    <mem type="eden" free="0" total="27262976" percent="0" />
    <remembered-set count="54688" freebytes="3004160" totalbytes="3222912" percent="93" regionsoverflowed="0" regionsstable="0" regionsrebuilding="1"/>
  </mem-info>
</gc-start>
<allocation-stats totalBytes="27240984" >
  <allocated-bytes non-tlh="3184" tlh="27237800" arrayletleaf="0"/>
  <largest-consumer threadName="PmdThread 2" threadId="0000000001284800" bytes="5764240" />
</allocation-stats>
<gc-op id="447" type="copy forward" timems="5.622" contextid="444" timestamp="2019-06-17T03:24:01.625">
  <memory-copied type="eden" objects="27232" bytes="1320232" bytesdiscarded="300144" />
  <memory-copied type="other" objects="69714" bytes="2787896" bytesdiscarded="209504" />
  <memory-cardclean objects="35729" bytes="1889168" />
  <regions eden="26" other="5" />
  <remembered-set-cleared processed="46507" cleared="11122" durationms="0.201" />
  <finalization candidates="6" enqueued="0" />
  <ownableSynchronizers candidates="7" cleared="0" />
  <references type="soft" candidates="95" cleared="0" enqueued="0" dynamicThreshold="13" maxThreshold="32" />
  <references type="weak" candidates="762" cleared="0" enqueued="0" />
  <references type="phantom" candidates="52" cleared="0" enqueued="0" />
  <stringconstants candidates="5124" cleared="0"  />
</gc-op>
<gc-op id="448" type="classunload" timems="0.003" contextid="444" timestamp="2019-06-17T03:24:01.625">
  <classunload-info classloadercandidates="10" classloadersunloaded="0" classesunloaded="0" anonymousclassesunloaded="0" quiescems="0.000" setupms="0.002" scanms="0.000" postms="0.000" />
</gc-op>
<heap-resize id="449" type="expand" space="default" amount="3145728" count="1" timems="0.078" reason="excessive time being spent in gc" timestamp="2019-06-17T03:24:01.625" />
<gc-end id="450" type="partial gc" contextid="444" durationms="6.600" usertimems="20.000" systemtimems="0.000" timestamp="2019-06-17T03:24:01.625" activeThreads="4">
  <mem-info id="451" free="50331648" total="83886080" percent="60">
    <mem type="eden" free="467352" total="2097152" percent="22" />
    <remembered-set count="58496" freebytes="3114496" totalbytes="3348480" percent="93" regionsoverflowed="0" regionsstable="0" regionsrebuilding="1"/>
  </mem-info>
</gc-end>
<cycle-end id="452" type="partial gc" contextid="444" timestamp="2019-06-17T03:24:01.626" />
  <attribute name="elasticGC enabled" value="1" />
  <attribute name= "numThreadsSpecified" value="4" />
  <attribute name="heapSize specified" value="0" />
  <attribute name="Current GC Util" value="89" />
  <attribute name= "Current Time Running" value="13079" />
  <attribute name ="GC Interval" value="0" />
  <attribute name="ProportionalT" value="103.500000" />
  <attribute name="ProportionalI" value="103.500000" />
  <attribute name="ProportionalH" value="103.500000" />
  <attribute name="Current Error" value="69.000000" />
  <attribute name="IntegralT" value="69.000000" />
  <attribute name="IntegralI" value="69.000000" />
  <attribute name="IntegralH" value="69.000000" />
  <attribute name="DerivativeT" value="103.500000" />
  <attribute name="DerivativeI" value="103.500000" />
  <attribute name="DerivativeH" value="103.500000" />
  <attribute name="Loop Time for DT" value="1.000000" />
  <attribute name="Output H" value="8388608"/>
  <attribute name="Output I" value="280"/>
  <attribute name="Output T" value="4"/>
  <attribute name="Target GC Util Change" value ="20.000000" />
  <attribute name="Current GC Util Change" value="89.000000"/>
  <attribute name="GC Util currently" value="89" />
  <attribute name="CPU Util currently" value="20925779262554" />
<exclusive-end id="453" timestamp="2019-06-17T03:24:01.626" durationms="7.460" />

<exclusive-start id="454" timestamp="2019-06-17T03:24:01.650" intervalms="32.057">
  <response-info timems="0.042" idlems="0.042" threads="0" lastid="0000000001280C00" lastname="PmdThread 1" />
</exclusive-start>
<allocation-taxation id="455" taxation-threshold="13631488" timestamp="2019-06-17T03:24:01.650" intervalms="32.048" />
<gc-start id="456" type="global mark phase" contextid="307" timestamp="2019-06-17T03:24:01.650">
  <mem-info id="457" free="36700160" total="83886080" percent="43">
    <remembered-set count="58336" freebytes="3115136" totalbytes="3348480" percent="93" regionsoverflowed="0" regionsstable="0" regionsrebuilding="1"/>
  </mem-info>
</gc-start>
<gc-op id="458" type="mark increment" timems="3.355" contextid="307" timestamp="2019-06-17T03:24:01.654">
  <trace-info objectcount="51053" scancount="46129" scanbytes="1566580" />
  <cardclean-info objects="123845" bytes="5632540" />
  <finalization candidates="59" enqueued="0" />
  <ownableSynchronizers candidates="8" cleared="0" />
  <references type="soft" candidates="243" cleared="7" enqueued="7" dynamicThreshold="19" maxThreshold="32" />
  <references type="weak" candidates="2814" cleared="1937" enqueued="1865" />
  <references type="phantom" candidates="341" cleared="127" enqueued="127" />
  <stringconstants candidates="5140" cleared="0"  />
</gc-op>
<gc-op id="459" type="classunload" timems="0.003" contextid="307" timestamp="2019-06-17T03:24:01.654">
  <classunload-info classloadercandidates="10" classloadersunloaded="0" classesunloaded="0" anonymousclassesunloaded="0" quiescems="0.000" setupms="0.003" scanms="0.000" postms="0.000" />
</gc-op>
<gc-end id="460" type="global mark phase" contextid="307" durationms="3.578" usertimems="8.000" systemtimems="4.000" timestamp="2019-06-17T03:24:01.654" activeThreads="4">
  <mem-info id="461" free="36700160" total="83886080" percent="43">
    <pending-finalizers system="0" default="0" reference="1999" classloader="0" />
    <remembered-set count="70112" freebytes="3068032" totalbytes="3348480" percent="91" regionsoverflowed="0" regionsstable="0" regionsrebuilding="0"/>
  </mem-info>
</gc-end>
<cycle-end id="462" type="global mark phase" contextid="307" timestamp="2019-06-17T03:24:01.654" />
  <attribute name="elasticGC enabled" value="1" />
  <attribute name= "numThreadsSpecified" value="4" />
  <attribute name="heapSize specified" value="0" />
  <attribute name="Current GC Util" value="239" />
  <attribute name= "Current Time Running" value="13112" />
  <attribute name ="GC Interval" value="0" />
  <attribute name="ProportionalT" value="328.500000" />
  <attribute name="ProportionalI" value="328.500000" />
  <attribute name="ProportionalH" value="328.500000" />
  <attribute name="Current Error" value="219.000000" />
  <attribute name="IntegralT" value="0.000000" />
  <attribute name="IntegralI" value="0.000000" />
  <attribute name="IntegralH" value="0.000000" />
  <attribute name="DerivativeT" value="-inf" />
  <attribute name="DerivativeI" value="-inf" />
  <attribute name="DerivativeH" value="-inf" />
  <attribute name="Loop Time for DT" value="0.000000" />
  <attribute name="Output H" value="2091843584"/>
  <attribute name="Output I" value="200"/>
  <attribute name="Output T" value="4"/>
  <attribute name="Target GC Util Change" value ="20.000000" />
  <attribute name="Current GC Util Change" value="239.000000"/>
  <attribute name="GC Util currently" value="239" />
  <attribute name="CPU Util currently" value="4767388933134" />
<exclusive-end id="463" timestamp="2019-06-17T03:24:01.654" durationms="3.945" />

<exclusive-start id="464" timestamp="2019-06-17T03:24:01.680" intervalms="30.165">
  <response-info timems="0.032" idlems="0.032" threads="0" lastid="000000000128C400" lastname="PmdThread 3" />
</exclusive-start>
<allocation-taxation id="465" taxation-threshold="13631488" timestamp="2019-06-17T03:24:01.681" intervalms="30.167" />
<cycle-start id="466" type="partial gc" contextid="0" timestamp="2019-06-17T03:24:01.681" intervalms="62.148" />
<gc-start id="467" type="partial gc" contextid="466" timestamp="2019-06-17T03:24:01.681">
  <mem-info id="468" free="23068672" total="83886080" percent="27">
    <mem type="eden" free="0" total="27262976" percent="0" />
    <remembered-set count="39040" freebytes="3192320" totalbytes="3348480" percent="95" regionsoverflowed="0" regionsstable="1" regionsrebuilding="0"/>
  </mem-info>
</gc-start>
<allocation-stats totalBytes="27232328" >
  <allocated-bytes non-tlh="4376" tlh="27227952" arrayletleaf="0"/>
  <largest-consumer threadName="PmdThread 1" threadId="0000000001280C00" bytes="3928408" />
</allocation-stats>
<gc-op id="469" type="sweep" timems="0.572" contextid="466" timestamp="2019-06-17T03:24:01.682" />
<gc-op id="470" type="copy forward" timems="2.937" contextid="466" timestamp="2019-06-17T03:24:01.685">
  <memory-copied type="eden" objects="26828" bytes="1380456" bytesdiscarded="138584" />
  <memory-copied type="other" objects="2845" bytes="169504" bytesdiscarded="21888" />
  <memory-cardclean objects="12435" bytes="717744" />
  <regions eden="13" other="16" />
  <remembered-set-cleared processed="35440" cleared="3980" durationms="0.156" />
  <references type="soft" candidates="12" cleared="0" enqueued="0" dynamicThreshold="14" maxThreshold="32" />
  <references type="weak" candidates="364" cleared="0" enqueued="0" />
  <references type="phantom" candidates="35" cleared="0" enqueued="0" />
  <stringconstants candidates="5155" cleared="0"  />
</gc-op>
<gc-op id="471" type="classunload" timems="0.003" contextid="466" timestamp="2019-06-17T03:24:01.685">
  <classunload-info classloadercandidates="10" classloadersunloaded="0" classesunloaded="0" anonymousclassesunloaded="0" quiescems="0.000" setupms="0.003" scanms="0.000" postms="0.000" />
</gc-op>
<heap-resize id="472" type="expand" space="default" amount="3145728" count="1" timems="0.081" reason="excessive time being spent in gc" timestamp="2019-06-17T03:24:01.685" />
<gc-end id="473" type="partial gc" contextid="466" durationms="4.662" usertimems="8.000" systemtimems="0.000" timestamp="2019-06-17T03:24:01.685" activeThreads="4">
  <mem-info id="474" free="52428800" total="87031808" percent="60">
    <mem type="eden" free="414040" total="2097152" percent="19" />
    <remembered-set count="39936" freebytes="3314304" totalbytes="3474048" percent="95" regionsoverflowed="0" regionsstable="1" regionsrebuilding="0"/>
  </mem-info>
</gc-end>
<cycle-end id="475" type="partial gc" contextid="466" timestamp="2019-06-17T03:24:01.686" />
  <attribute name="elasticGC enabled" value="1" />
  <attribute name= "numThreadsSpecified" value="4" />
  <attribute name="heapSize specified" value="0" />
  <attribute name="Current GC Util" value="57" />
  <attribute name= "Current Time Running" value="13141" />
  <attribute name ="GC Interval" value="0" />
  <attribute name="ProportionalT" value="55.500000" />
  <attribute name="ProportionalI" value="55.500000" />
  <attribute name="ProportionalH" value="55.500000" />
  <attribute name="Current Error" value="37.000000" />
  <attribute name="IntegralT" value="0.000000" />
  <attribute name="IntegralI" value="0.000000" />
  <attribute name="IntegralH" value="0.000000" />
  <attribute name="DerivativeT" value="-inf" />
  <attribute name="DerivativeI" value="-inf" />
  <attribute name="DerivativeH" value="-inf" />
  <attribute name="Loop Time for DT" value="0.000000" />
  <attribute name="Output H" value="2091843584"/>
  <attribute name="Output I" value="200"/>
  <attribute name="Output T" value="4"/>
  <attribute name="Target GC Util Change" value ="20.000000" />
  <attribute name="Current GC Util Change" value="57.000000"/>
  <attribute name="GC Util currently" value="57" />
  <attribute name="CPU Util currently" value="23746117618527" />
<exclusive-end id="476" timestamp="2019-06-17T03:24:01.686" durationms="5.353" />

<exclusive-start id="477" timestamp="2019-06-17T03:24:01.746" intervalms="65.126">
  <response-info timems="0.087" idlems="0.087" threads="0" lastid="0000000001290000" lastname="PmdThread 4" />
</exclusive-start>
<allocation-taxation id="478" taxation-threshold="28311552" timestamp="2019-06-17T03:24:01.746" intervalms="65.209" />
<cycle-start id="479" type="partial gc" contextid="0" timestamp="2019-06-17T03:24:01.746" intervalms="65.389" />
<gc-start id="480" type="partial gc" contextid="479" timestamp="2019-06-17T03:24:01.746">
  <mem-info id="481" free="24117248" total="87031808" percent="27">
    <mem type="eden" free="0" total="28311552" percent="0" />
    <remembered-set count="39488" freebytes="3316096" totalbytes="3474048" percent="95" regionsoverflowed="0" regionsstable="1" regionsrebuilding="0"/>
  </mem-info>
</gc-start>
<allocation-stats totalBytes="28277120" >
  <allocated-bytes non-tlh="944" tlh="28276176" arrayletleaf="0"/>
  <largest-consumer threadName="PmdThread 4" threadId="0000000001290000" bytes="24318792" />
</allocation-stats>
<gc-op id="482" type="copy forward" timems="6.726" contextid="479" timestamp="2019-06-17T03:24:01.754">
  <memory-copied type="eden" objects="5729" bytes="234896" bytesdiscarded="0" />
  <memory-copied type="other" objects="28600" bytes="1213816" bytesdiscarded="184" />
  <memory-cardclean objects="35459" bytes="2021400" />
  <regions eden="27" other="5" />
  <remembered-set-cleared processed="34842" cleared="9814" durationms="0.384" />
  <references type="soft" candidates="28" cleared="0" enqueued="0" dynamicThreshold="19" maxThreshold="32" />
  <references type="weak" candidates="1055" cleared="0" enqueued="0" />
  <references type="phantom" candidates="40" cleared="0" enqueued="0" />
  <stringconstants candidates="5160" cleared="0"  />
</gc-op>
<gc-op id="483" type="classunload" timems="0.003" contextid="479" timestamp="2019-06-17T03:24:01.754">
  <classunload-info classloadercandidates="10" classloadersunloaded="0" classesunloaded="0" anonymousclassesunloaded="0" quiescems="0.000" setupms="0.002" scanms="0.000" postms="0.000" />
</gc-op>
<gc-end id="484" type="partial gc" contextid="479" durationms="7.823" usertimems="8.000" systemtimems="0.000" timestamp="2019-06-17T03:24:01.754" activeThreads="1">
  <mem-info id="485" free="53477376" total="87031808" percent="61">
    <mem type="eden" free="807424" total="1048576" percent="77" />
    <remembered-set count="38944" freebytes="3318272" totalbytes="3474048" percent="95" regionsoverflowed="0" regionsstable="1" regionsrebuilding="0"/>
  </mem-info>
</gc-end>
<cycle-end id="486" type="partial gc" contextid="479" timestamp="2019-06-17T03:24:01.754" />
  <attribute name="elasticGC enabled" value="1" />
  <attribute name= "numThreadsSpecified" value="1" />
  <attribute name="heapSize specified" value="0" />
  <attribute name="Current GC Util" value="63" />
  <attribute name= "Current Time Running" value="13206" />
  <attribute name ="GC Interval" value="0" />
  <attribute name="ProportionalT" value="64.500000" />
  <attribute name="ProportionalI" value="64.500000" />
  <attribute name="ProportionalH" value="64.500000" />
  <attribute name="Current Error" value="43.000000" />
  <attribute name="IntegralT" value="0.000000" />
  <attribute name="IntegralI" value="0.000000" />
  <attribute name="IntegralH" value="0.000000" />
  <attribute name="DerivativeT" value="inf" />
  <attribute name="DerivativeI" value="inf" />
  <attribute name="DerivativeH" value="inf" />
  <attribute name="Loop Time for DT" value="0.000000" />
  <attribute name="Output H" value="8388608"/>
  <attribute name="Output I" value="200"/>
  <attribute name="Output T" value="1"/>
  <attribute name="Target GC Util Change" value ="20.000000" />
  <attribute name="Current GC Util Change" value="63.000000"/>
  <attribute name="GC Util currently" value="63" />
  <attribute name="CPU Util currently" value="17944443187264" />
<exclusive-end id="487" timestamp="2019-06-17T03:24:01.755" durationms="8.989" />

<exclusive-start id="488" timestamp="2019-06-17T03:24:01.854" intervalms="108.043">
  <response-info timems="0.079" idlems="0.079" threads="0" lastid="0000000001290000" lastname="PmdThread 4" />
</exclusive-start>
<allocation-taxation id="489" taxation-threshold="28311552" timestamp="2019-06-17T03:24:01.854" intervalms="108.106" />
<cycle-start id="490" type="partial gc" contextid="0" timestamp="2019-06-17T03:24:01.854" intervalms="108.055" />
<gc-start id="491" type="partial gc" contextid="490" timestamp="2019-06-17T03:24:01.854">
  <mem-info id="492" free="25165824" total="87031808" percent="28">
    <mem type="eden" free="0" total="28311552" percent="0" />
    <remembered-set count="38848" freebytes="3318656" totalbytes="3474048" percent="95" regionsoverflowed="0" regionsstable="1" regionsrebuilding="0"/>
  </mem-info>
</gc-start>
<allocation-stats totalBytes="28302000" >
  <allocated-bytes non-tlh="0" tlh="28302000" arrayletleaf="0"/>
  <largest-consumer threadName="PmdThread 4" threadId="0000000001290000" bytes="28302000" />
</allocation-stats>
<gc-op id="493" type="copy forward" timems="4.187" contextid="490" timestamp="2019-06-17T03:24:01.859">
  <memory-copied type="eden" objects="2754" bytes="188832" bytesdiscarded="0" />
  <memory-copied type="other" objects="6040" bytes="248208" bytesdiscarded="0" />
  <memory-cardclean objects="38573" bytes="1830648" />
  <regions eden="27" other="2" />
  <remembered-set-cleared processed="36006" cleared="6695" durationms="0.391" />
  <references type="weak" candidates="760" cleared="0" enqueued="0" />
  <references type="phantom" candidates="3" cleared="0" enqueued="0" />
  <stringconstants candidates="5160" cleared="0"  />
</gc-op>
<gc-op id="494" type="classunload" timems="0.002" contextid="490" timestamp="2019-06-17T03:24:01.859">
  <classunload-info classloadercandidates="10" classloadersunloaded="0" classesunloaded="0" anonymousclassesunloaded="0" quiescems="0.000" setupms="0.002" scanms="0.000" postms="0.000" />
</gc-op>
<gc-end id="495" type="partial gc" contextid="490" durationms="5.011" usertimems="8.000" systemtimems="0.000" timestamp="2019-06-17T03:24:01.859" activeThreads="1">
  <mem-info id="496" free="52428800" total="87031808" percent="60">
    <mem type="eden" free="859192" total="1048576" percent="81" />
    <remembered-set count="40000" freebytes="3314048" totalbytes="3474048" percent="95" regionsoverflowed="0" regionsstable="1" regionsrebuilding="0"/>
  </mem-info>
</gc-end>
<cycle-end id="497" type="partial gc" contextid="490" timestamp="2019-06-17T03:24:01.859" />
  <attribute name="elasticGC enabled" value="1" />
  <attribute name= "numThreadsSpecified" value="1" />
  <attribute name="heapSize specified" value="0" />
  <attribute name="Current GC Util" value="63" />
  <attribute name= "Current Time Running" value="13314" />
  <attribute name ="GC Interval" value="0" />
  <attribute name="ProportionalT" value="64.500000" />
  <attribute name="ProportionalI" value="64.500000" />
  <attribute name="ProportionalH" value="64.500000" />
  <attribute name="Current Error" value="43.000000" />
  <attribute name="IntegralT" value="0.000000" />
  <attribute name="IntegralI" value="0.000000" />
  <attribute name="IntegralH" value="0.000000" />
  <attribute name="DerivativeT" value="inf" />
  <attribute name="DerivativeI" value="inf" />
  <attribute name="DerivativeH" value="inf" />
  <attribute name="Loop Time for DT" value="0.000000" />
  <attribute name="Output H" value="8388608"/>
  <attribute name="Output I" value="200"/>
  <attribute name="Output T" value="1"/>
  <attribute name="Target GC Util Change" value ="20.000000" />
  <attribute name="Current GC Util Change" value="63.000000"/>
  <attribute name="GC Util currently" value="63" />
  <attribute name="CPU Util currently" value="16198689861218" />
<exclusive-end id="498" timestamp="2019-06-17T03:24:01.860" durationms="5.949" />

</verbosegc>

