<?xml version="1.0" ?>

<verbosegc xmlns="http://www.ibm.com/j9/verbosegc" version="10b4217_CMPRSS">

<initialized id="1" timestamp="2019-06-17T03:22:37.539">
  <attribute name="gcPolicy" value="-Xgcpolicy:balanced" />
  <attribute name="elasticGC enabled" value="1" />
  <attribute name= "numThreadsSpecified" value="0" />
  <attribute name="heapSize specified" value="0" />
  <attribute name="Current GC Util" value="0" />
  <attribute name= "Current Time Running" value="0" />
  <attribute name ="GC Interval" value="0" />
  <attribute name="ProportionalT" value="0.000000" />
  <attribute name="ProportionalI" value="0.000000" />
  <attribute name="ProportionalH" value="0.000000" />
  <attribute name="IntegralT" value="0.000000" />
  <attribute name="IntegralI" value="0.000000" />
  <attribute name="IntegralH" value="0.000000" />
  <attribute name="DerivativeT" value="0.000000" />
  <attribute name="DerivativeI" value="0.000000" />
  <attribute name="DerivativeH" value="0.000000" />
  <attribute name="Target GC Util Change" value ="0.000000" />
  <attribute name="Current GC Util Change" value="0.000000"/>
  <attribute name="Current Error" value="0.000000" />
  <attribute name="Loop Time for DT" value="0.000000" />
  <attribute name="Output H" value="0"/>
  <attribute name="Output I" value="0"/>
  <attribute name="Output T" value="0"/>
  <attribute name="GC Util currently" value="0" />
  <attribute name="CPU Util currently" value="0" />
  <attribute name="maxHeapSize" value="0x7cb00000" />
  <attribute name="initialHeapSize" value="0x800000" />
  <attribute name="compressedRefs" value="true" />
  <attribute name="compressedRefsDisplacement" value="0x0" />
  <attribute name="compressedRefsShift" value="0x0" />
  <attribute name="pageSize" value="0x1000" />
  <attribute name="pageType" value="not used" />
  <attribute name="requestedPageSize" value="0x1000" />
  <attribute name="requestedPageType" value="not used" />
  <attribute name="gcthreads" value="4" />
  <attribute name="packetListSplit" value="4" />
  <attribute name="cacheListSplit" value="4" />
  <attribute name="splitFreeListSplitAmount" value="1" />
  <attribute name="numaNodes" value="0" />
  <region>
    <attribute name="regionSize" value="1048576" />
    <attribute name="regionCount" value="1995" />
    <attribute name="arrayletLeafSize" value="1048576" />
  </region>
  <system>
    <attribute name="physicalMemory" value="8370958336" />
    <attribute name="numCPUs" value="4" />
    <attribute name="architecture" value="amd64" />
    <attribute name="os" value="Linux" />
    <attribute name="osVersion" value="4.4.0-150-generic" />
  </system>
  <vmargs>
    <vmarg name="-Xoptionsfile=/vagrant/jdk/lib/options.default" />
    <vmarg name="-Xlockword:mode=default,noLockword=java/lang/String,noLockword=java/util/MapEntry,noLockword=java/util/HashMap$Entry,noLockword..." />
    <vmarg name="-Xjcl:jclse29" />
    <vmarg name="-Dcom.ibm.oti.vm.bootstrap.library.path=/vagrant/jdk/lib/compressedrefs:/vagrant/jdk/lib" />
    <vmarg name="-Dsun.boot.library.path=/vagrant/jdk/lib/compressedrefs:/vagrant/jdk/lib" />
    <vmarg name="-Djava.library.path=/vagrant/jdk/lib/compressedrefs:/vagrant/jdk/lib:/usr/lib64:/usr/lib" />
    <vmarg name="-Djava.home=/vagrant/jdk" />
    <vmarg name="-Duser.dir=/vagrant" />
    <vmarg name="-Xgcpolicy:balanced" />
    <vmarg name="-Xgcelastic" />
    <vmarg name="-Xcheck:gc:::elasticGC" />
    <vmarg name="-verbose:gc" />
    <vmarg name="-Xloggc:jdk1.5-1-1.5-default-BAL-4CORE-elasticverbose8pmd.txt" />
    <vmarg name="-Djava.class.path=dacapo-9.12-MR1-bach.jar" />
    <vmarg name="-Dsun.java.command=dacapo-9.12-MR1-bach.jar pmd --size=default" />
    <vmarg name="-Dsun.java.launcher=SUN_STANDARD" />
    <vmarg name="-Dsun.java.launcher.pid=2752" />
  </vmargs>
</initialized>

<exclusive-start id="2" timestamp="2019-06-17T03:22:50.353" intervalms="12813.372">
  <response-info timems="0.050" idlems="0.050" threads="0" lastid="000000000260A700" lastname="main" />
</exclusive-start>
<allocation-taxation id="3" taxation-threshold="8388608" timestamp="2019-06-17T03:22:50.353" intervalms="12813.954" />
<cycle-start id="4" type="partial gc" contextid="0" timestamp="2019-06-17T03:22:50.354" intervalms="12814.837" />
<gc-start id="5" type="partial gc" contextid="4" timestamp="2019-06-17T03:22:50.355">
  <mem-info id="6" free="0" total="8388608" percent="0">
    <mem type="eden" free="32" total="8388608" percent="0" />
    <remembered-set count="0" freebytes="334848" totalbytes="334848" percent="100" regionsoverflowed="0" regionsstable="0" regionsrebuilding="0"/>
  </mem-info>
</gc-start>
<allocation-stats totalBytes="8359408" >
  <allocated-bytes non-tlh="460328" tlh="7899080" arrayletleaf="0"/>
  <largest-consumer threadName="main" threadId="000000000260A700" bytes="8245120" />
</allocation-stats>
<gc-op id="7" type="mark" timems="3.363" contextid="4" timestamp="2019-06-17T03:22:50.359">
  <trace-info objectcount="20668" scancount="16401" scanbytes="543096" />
  <remembered-set-cleared processed="0" cleared="0" durationms="0.180" />
  <finalization candidates="46" enqueued="1" />
  <ownableSynchronizers candidates="4" cleared="3" />
  <references type="soft" candidates="67" cleared="0" enqueued="0" dynamicThreshold="32" maxThreshold="32" />
  <references type="weak" candidates="915" cleared="529" enqueued="452" />
  <references type="phantom" candidates="126" cleared="44" enqueued="44" />
  <stringconstants candidates="2485" cleared="0"  />
  <warning details="Mark for calibration purposes" />
</gc-op>
<gc-op id="8" type="classunload" timems="0.036" contextid="4" timestamp="2019-06-17T03:22:50.359">
  <classunload-info classloadercandidates="6" classloadersunloaded="0" classesunloaded="0" anonymousclassesunloaded="0" quiescems="0.000" setupms="0.035" scanms="0.000" postms="0.000" />
</gc-op>
<gc-op id="9" type="sweep" timems="0.778" contextid="4" timestamp="2019-06-17T03:22:50.360" />
<gc-op id="10" type="compact" timems="4.873" contextid="4" timestamp="2019-06-17T03:22:50.366">
  <compact-info movecount="20668" movebytes="1335144" />
  <remembered-set-cleared processed="0" cleared="0" durationms="0.180" />
</gc-op>
<gc-end id="11" type="partial gc" contextid="4" durationms="11.700" usertimems="8.000" systemtimems="0.000" timestamp="2019-06-17T03:22:50.366" activeThreads="4">
  <mem-info id="12" free="6291456" total="8388608" percent="75">
    <mem type="eden" free="719512" total="2097152" percent="34" />
    <pending-finalizers system="1" default="0" reference="496" classloader="0" />
    <remembered-set count="1536" freebytes="328704" totalbytes="334848" percent="98" regionsoverflowed="0" regionsstable="0" regionsrebuilding="0"/>
  </mem-info>
</gc-end>
<cycle-end id="13" type="partial gc" contextid="4" timestamp="2019-06-17T03:22:50.367" />
  <attribute name="elasticGC enabled" value="1" />
  <attribute name= "numThreadsSpecified" value="4" />
  <attribute name="heapSize specified" value="0" />
  <attribute name="Current GC Util" value="24" />
  <attribute name= "Current Time Running" value="12671" />
  <attribute name ="GC Interval" value="0" />
  <attribute name="ProportionalT" value="6.000000" />
  <attribute name="ProportionalI" value="6.000000" />
  <attribute name="ProportionalH" value="6.000000" />
  <attribute name="Current Error" value="4.000000" />
  <attribute name="IntegralT" value="-253021.000000" />
  <attribute name="IntegralI" value="-253021.000000" />
  <attribute name="IntegralH" value="-253021.000000" />
  <attribute name="DerivativeT" value="-82.500000" />
  <attribute name="DerivativeI" value="-82.500000" />
  <attribute name="DerivativeH" value="-82.500000" />
  <attribute name="Loop Time for DT" value="1.000000" />
  <attribute name="Output H" value="2091843584"/>
  <attribute name="Output I" value="200"/>
  <attribute name="Output T" value="4"/>
  <attribute name="Target GC Util Change" value ="20.000000" />
  <attribute name="Current GC Util Change" value="24.000000"/>
  <attribute name="GC Util currently" value="24" />
  <attribute name="CPU Util currently" value="3989113113008" />
<exclusive-end id="14" timestamp="2019-06-17T03:22:50.367" durationms="13.943" />

<exclusive-start id="15" timestamp="2019-06-17T03:22:50.370" intervalms="16.861">
  <response-info timems="0.021" idlems="0.021" threads="0" lastid="000000000260A700" lastname="main" />
</exclusive-start>
<allocation-taxation id="16" taxation-threshold="6291456" timestamp="2019-06-17T03:22:50.370" intervalms="16.407" />
<cycle-start id="17" type="partial gc" contextid="0" timestamp="2019-06-17T03:22:50.370" intervalms="15.654" />
<gc-start id="18" type="partial gc" contextid="17" timestamp="2019-06-17T03:22:50.370">
  <mem-info id="19" free="0" total="8388608" percent="0">
    <mem type="eden" free="0" total="6291456" percent="0" />
    <pending-finalizers system="1" default="0" reference="63" classloader="0" />
    <remembered-set count="1536" freebytes="328704" totalbytes="334848" percent="98" regionsoverflowed="0" regionsstable="0" regionsrebuilding="0"/>
  </mem-info>
</gc-start>
<allocation-stats totalBytes="5752080" >
  <allocated-bytes non-tlh="88" tlh="5751992" arrayletleaf="0"/>
  <largest-consumer threadName="main" threadId="000000000260A700" bytes="5740104" />
</allocation-stats>
<gc-op id="20" type="mark" timems="2.295" contextid="17" timestamp="2019-06-17T03:22:50.373">
  <trace-info objectcount="19943" scancount="15794" scanbytes="531608" />
  <remembered-set-cleared processed="0" cleared="0" durationms="0.048" />
  <finalization candidates="45" enqueued="0" />
  <ownableSynchronizers candidates="1" cleared="0" />
  <references type="soft" candidates="67" cleared="0" enqueued="0" dynamicThreshold="24" maxThreshold="32" />
  <references type="weak" candidates="386" cleared="0" enqueued="0" />
  <references type="phantom" candidates="82" cleared="0" enqueued="0" />
  <stringconstants candidates="2485" cleared="0"  />
  <warning details="Mark invoked due to insufficient free space for Copy-Forward" />
</gc-op>
<gc-op id="21" type="classunload" timems="0.002" contextid="17" timestamp="2019-06-17T03:22:50.373">
  <classunload-info classloadercandidates="6" classloadersunloaded="0" classesunloaded="0" anonymousclassesunloaded="0" quiescems="0.000" setupms="0.001" scanms="0.000" postms="0.000" />
</gc-op>
<gc-op id="22" type="sweep" timems="0.341" contextid="17" timestamp="2019-06-17T03:22:50.373" />
<gc-op id="23" type="compact" timems="4.607" contextid="17" timestamp="2019-06-17T03:22:50.378">
  <compact-info movecount="19923" movebytes="1234728" />
  <remembered-set-cleared processed="0" cleared="0" durationms="0.048" />
</gc-op>
<gc-end id="24" type="partial gc" contextid="17" durationms="8.433" usertimems="4.000" systemtimems="4.000" timestamp="2019-06-17T03:22:50.378" activeThreads="4">
  <mem-info id="25" free="5242880" total="8388608" percent="62">
    <mem type="eden" free="1028896" total="1048576" percent="98" />
    <pending-finalizers system="1" default="0" reference="63" classloader="0" />
    <remembered-set count="1024" freebytes="330752" totalbytes="334848" percent="98" regionsoverflowed="0" regionsstable="0" regionsrebuilding="0"/>
  </mem-info>
</gc-end>
<cycle-end id="26" type="partial gc" contextid="17" timestamp="2019-06-17T03:22:50.379" />
  <attribute name="elasticGC enabled" value="1" />
  <attribute name= "numThreadsSpecified" value="4" />
  <attribute name="heapSize specified" value="0" />
  <attribute name="Current GC Util" value="16" />
  <attribute name= "Current Time Running" value="12684" />
  <attribute name ="GC Interval" value="0" />
  <attribute name="ProportionalT" value="-6.000000" />
  <attribute name="ProportionalI" value="-6.000000" />
  <attribute name="ProportionalH" value="-6.000000" />
  <attribute name="Current Error" value="-4.000000" />
  <attribute name="IntegralT" value="0.000000" />
  <attribute name="IntegralI" value="0.000000" />
  <attribute name="IntegralH" value="0.000000" />
  <attribute name="DerivativeT" value="-inf" />
  <attribute name="DerivativeI" value="-inf" />
  <attribute name="DerivativeH" value="-inf" />
  <attribute name="Loop Time for DT" value="0.000000" />
  <attribute name="Output H" value="2091843584"/>
  <attribute name="Output I" value="200"/>
  <attribute name="Output T" value="4"/>
  <attribute name="Target GC Util Change" value ="20.000000" />
  <attribute name="Current GC Util Change" value="16.000000"/>
  <attribute name="GC Util currently" value="16" />
  <attribute name="CPU Util currently" value="7773648736520" />
<exclusive-end id="27" timestamp="2019-06-17T03:22:50.379" durationms="9.146" />

<exclusive-start id="28" timestamp="2019-06-17T03:22:50.380" intervalms="10.185">
  <response-info timems="0.063" idlems="0.063" threads="0" lastid="000000000260A700" lastname="main" />
</exclusive-start>
<allocation-taxation id="29" taxation-threshold="2097152" timestamp="2019-06-17T03:22:50.380" intervalms="10.168" />
<cycle-start id="30" type="global mark phase" contextid="0" timestamp="2019-06-17T03:22:50.380" intervalms="12840.825" />
<gc-start id="31" type="global mark phase" contextid="30" timestamp="2019-06-17T03:22:50.380">
  <mem-info id="32" free="3145728" total="8388608" percent="37">
    <remembered-set count="608" freebytes="332416" totalbytes="334848" percent="99" regionsoverflowed="0" regionsstable="0" regionsrebuilding="0"/>
  </mem-info>
</gc-start>
<gc-op id="33" type="mark increment" timems="0.807" contextid="30" timestamp="2019-06-17T03:22:50.381">
  <trace-info objectcount="86" scancount="0" scanbytes="0" />
</gc-op>
<gc-end id="34" type="global mark phase" contextid="30" durationms="0.914" usertimems="0.000" systemtimems="4.000" timestamp="2019-06-17T03:22:50.381" activeThreads="4">
  <mem-info id="35" free="3145728" total="8388608" percent="37">
    <remembered-set count="608" freebytes="332416" totalbytes="334848" percent="99" regionsoverflowed="0" regionsstable="0" regionsrebuilding="0"/>
  </mem-info>
</gc-end>
<concurrent-start id="36" type="GMP work packet processing" contextid="30" timestamp="2019-06-17T03:22:50.381">
  <concurrent-mark-start scanTarget="18446744073709551615" />
</concurrent-start>
<concurrent-end id="37" type="GMP work packet processing" contextid="30" timestamp="2019-06-17T03:22:50.383">
  <concurrent-mark-end bytesScanned="528232" reasonForTermination="Completed all work in GC phase" />
</concurrent-end>

<exclusive-end id="38" timestamp="2019-06-17T03:22:50.383" durationms="2.999" />

<exclusive-start id="39" timestamp="2019-06-17T03:22:50.383" intervalms="3.399">
  <response-info timems="0.018" idlems="0.018" threads="0" lastid="000000000260A700" lastname="main" />
</exclusive-start>
<allocation-taxation id="40" taxation-threshold="2097152" timestamp="2019-06-17T03:22:50.383" intervalms="3.347" />
<cycle-start id="41" type="partial gc" contextid="0" timestamp="2019-06-17T03:22:50.383" intervalms="13.452" />
<gc-start id="42" type="partial gc" contextid="41" timestamp="2019-06-17T03:22:50.383">
  <mem-info id="43" free="1048576" total="8388608" percent="12">
    <mem type="eden" free="0" total="4194304" percent="0" />
    <remembered-set count="608" freebytes="332416" totalbytes="334848" percent="99" regionsoverflowed="0" regionsstable="0" regionsrebuilding="0"/>
  </mem-info>
</gc-start>
<allocation-stats totalBytes="3702312" >
  <allocated-bytes non-tlh="0" tlh="3702312" arrayletleaf="0"/>
  <largest-consumer threadName="main" threadId="000000000260A700" bytes="1863728" />
</allocation-stats>
<gc-op id="44" type="copy forward" timems="2.512" contextid="41" timestamp="2019-06-17T03:22:50.387">
  <memory-copied type="eden" objects="7" bytes="19560" bytesdiscarded="248" />
  <memory-copied type="other" objects="17" bytes="4792" bytesdiscarded="912" />
  <memory-cardclean objects="591" bytes="22512" />
  <regions eden="4" other="1" />
  <remembered-set-cleared processed="372" cleared="36" durationms="0.047" />
  <stringconstants candidates="2485" cleared="0"  />
  <heap-resize type="expand" space="default" amount="1048576" count="1" timems="0.189" reason="continue current collection" />
</gc-op>
<gc-op id="45" type="classunload" timems="0.001" contextid="41" timestamp="2019-06-17T03:22:50.387">
  <classunload-info classloadercandidates="6" classloadersunloaded="0" classesunloaded="0" anonymousclassesunloaded="0" quiescems="0.000" setupms="0.001" scanms="0.000" postms="0.000" />
</gc-op>
<heap-resize id="46" type="expand" space="default" amount="1048576" count="1" timems="0.049" reason="excessive time being spent in gc" timestamp="2019-06-17T03:22:50.387" />
<gc-end id="47" type="partial gc" contextid="41" durationms="3.495" usertimems="0.000" systemtimems="4.000" timestamp="2019-06-17T03:22:50.387" activeThreads="4">
  <mem-info id="48" free="6291456" total="10485760" percent="60">
    <mem type="eden" free="1028768" total="1048576" percent="98" />
    <remembered-set count="1440" freebytes="412800" totalbytes="418560" percent="98" regionsoverflowed="0" regionsstable="0" regionsrebuilding="0"/>
  </mem-info>
</gc-end>
<cycle-end id="49" type="partial gc" contextid="41" timestamp="2019-06-17T03:22:50.387" />
  <attribute name="elasticGC enabled" value="1" />
  <attribute name= "numThreadsSpecified" value="4" />
  <attribute name="heapSize specified" value="0" />
  <attribute name="Current GC Util" value="0" />
  <attribute name= "Current Time Running" value="12695" />
  <attribute name ="GC Interval" value="0" />
  <attribute name="ProportionalT" value="-30.000000" />
  <attribute name="ProportionalI" value="-30.000000" />
  <attribute name="ProportionalH" value="-30.000000" />
  <attribute name="Current Error" value="-20.000000" />
  <attribute name="IntegralT" value="-20.000000" />
  <attribute name="IntegralI" value="-20.000000" />
  <attribute name="IntegralH" value="-20.000000" />
  <attribute name="DerivativeT" value="-55.500000" />
  <attribute name="DerivativeI" value="-55.500000" />
  <attribute name="DerivativeH" value="-55.500000" />
  <attribute name="Loop Time for DT" value="1.000000" />
  <attribute name="Output H" value="2091843584"/>
  <attribute name="Output I" value="200"/>
  <attribute name="Output T" value="4"/>
  <attribute name="Target GC Util Change" value ="20.000000" />
  <attribute name="Current GC Util Change" value="0.000000"/>
  <attribute name="GC Util currently" value="0" />
  <attribute name="CPU Util currently" value="11000923209900" />
<exclusive-end id="50" timestamp="2019-06-17T03:22:50.387" durationms="3.919" />

<exclusive-start id="51" timestamp="2019-06-17T03:22:50.388" intervalms="4.463">
  <response-info timems="0.017" idlems="0.017" threads="0" lastid="000000000260A700" lastname="main" />
</exclusive-start>
<allocation-taxation id="52" taxation-threshold="3145728" timestamp="2019-06-17T03:22:50.388" intervalms="4.458" />
<gc-start id="53" type="global mark phase" contextid="30" timestamp="2019-06-17T03:22:50.388">
  <mem-info id="54" free="3145728" total="10485760" percent="30">
    <remembered-set count="1440" freebytes="412800" totalbytes="418560" percent="98" regionsoverflowed="0" regionsstable="0" regionsrebuilding="0"/>
  </mem-info>
</gc-start>
<gc-op id="55" type="mark increment" timems="0.958" contextid="30" timestamp="2019-06-17T03:22:50.389">
  <trace-info objectcount="1" scancount="0" scanbytes="0" />
  <cardclean-info objects="124" bytes="4356" />
  <finalization candidates="45" enqueued="0" />
  <ownableSynchronizers candidates="1" cleared="0" />
  <references type="soft" candidates="67" cleared="0" enqueued="0" dynamicThreshold="19" maxThreshold="32" />
  <references type="weak" candidates="386" cleared="0" enqueued="0" />
  <references type="phantom" candidates="81" cleared="0" enqueued="0" />
  <stringconstants candidates="2485" cleared="0"  />
</gc-op>
<gc-op id="56" type="classunload" timems="0.002" contextid="30" timestamp="2019-06-17T03:22:50.389">
  <classunload-info classloadercandidates="6" classloadersunloaded="0" classesunloaded="0" anonymousclassesunloaded="0" quiescems="0.000" setupms="0.001" scanms="0.000" postms="0.000" />
</gc-op>
<gc-end id="57" type="global mark phase" contextid="30" durationms="1.349" usertimems="0.000" systemtimems="0.000" timestamp="2019-06-17T03:22:50.389" activeThreads="4">
  <mem-info id="58" free="3145728" total="10485760" percent="30">
    <remembered-set count="1440" freebytes="412800" totalbytes="418560" percent="98" regionsoverflowed="0" regionsstable="0" regionsrebuilding="0"/>
  </mem-info>
</gc-end>
<cycle-end id="59" type="global mark phase" contextid="30" timestamp="2019-06-17T03:22:50.389" />
  <attribute name="elasticGC enabled" value="1" />
  <attribute name= "numThreadsSpecified" value="4" />
  <attribute name="heapSize specified" value="0" />
  <attribute name="Current GC Util" value="24" />
  <attribute name= "Current Time Running" value="12699" />
  <attribute name ="GC Interval" value="0" />
  <attribute name="ProportionalT" value="6.000000" />
  <attribute name="ProportionalI" value="6.000000" />
  <attribute name="ProportionalH" value="6.000000" />
  <attribute name="Current Error" value="4.000000" />
  <attribute name="IntegralT" value="0.000000" />
  <attribute name="IntegralI" value="0.000000" />
  <attribute name="IntegralH" value="0.000000" />
  <attribute name="DerivativeT" value="-inf" />
  <attribute name="DerivativeI" value="-inf" />
  <attribute name="DerivativeH" value="-inf" />
  <attribute name="Loop Time for DT" value="0.000000" />
  <attribute name="Output H" value="2091843584"/>
  <attribute name="Output I" value="200"/>
  <attribute name="Output T" value="4"/>
  <attribute name="Target GC Util Change" value ="20.000000" />
  <attribute name="Current GC Util Change" value="24.000000"/>
  <attribute name="GC Util currently" value="24" />
  <attribute name="CPU Util currently" value="71584465452008" />
<exclusive-end id="60" timestamp="2019-06-17T03:22:50.389" durationms="1.738" />

<exclusive-start id="61" timestamp="2019-06-17T03:22:50.390" intervalms="2.552">
  <response-info timems="0.021" idlems="0.021" threads="0" lastid="000000000260A700" lastname="main" />
</exclusive-start>
<allocation-taxation id="62" taxation-threshold="3145728" timestamp="2019-06-17T03:22:50.390" intervalms="2.610" />
<cycle-start id="63" type="partial gc" contextid="0" timestamp="2019-06-17T03:22:50.390" intervalms="7.098" />
<gc-start id="64" type="partial gc" contextid="63" timestamp="2019-06-17T03:22:50.391">
  <mem-info id="65" free="0" total="10485760" percent="0">
    <mem type="eden" free="0" total="6291456" percent="0" />
    <remembered-set count="1440" freebytes="412800" totalbytes="418560" percent="98" regionsoverflowed="0" regionsstable="0" regionsrebuilding="0"/>
  </mem-info>
</gc-start>
<allocation-stats totalBytes="5592264" >
  <allocated-bytes non-tlh="0" tlh="5592264" arrayletleaf="0"/>
  <largest-consumer threadName="main" threadId="000000000260A700" bytes="2842776" />
</allocation-stats>
<gc-op id="66" type="sweep" timems="0.301" contextid="63" timestamp="2019-06-17T03:22:50.391" />
<gc-op id="67" type="copy forward" timems="1.332" contextid="63" timestamp="2019-06-17T03:22:50.393">
  <memory-copied type="eden" objects="2" bytes="22168" bytesdiscarded="0" />
  <memory-copied type="other" objects="3" bytes="1328" bytesdiscarded="0" />
  <memory-cardclean objects="8" bytes="344" />
  <regions eden="3" other="2" />
  <remembered-set-cleared processed="382" cleared="5" durationms="0.047" />
  <stringconstants candidates="2485" cleared="0"  />
</gc-op>
<gc-op id="68" type="classunload" timems="0.001" contextid="63" timestamp="2019-06-17T03:22:50.393">
  <classunload-info classloadercandidates="6" classloadersunloaded="0" classesunloaded="0" anonymousclassesunloaded="0" quiescems="0.000" setupms="0.001" scanms="0.000" postms="0.000" />
</gc-op>
<heap-resize id="69" type="expand" space="default" amount="2097152" count="1" timems="0.058" reason="excessive time being spent in gc" timestamp="2019-06-17T03:22:50.394" />
<gc-end id="70" type="partial gc" contextid="63" durationms="3.087" usertimems="0.000" systemtimems="0.000" timestamp="2019-06-17T03:22:50.394" activeThreads="4">
  <mem-info id="71" free="7340032" total="12582912" percent="58">
    <mem type="eden" free="1026408" total="1048576" percent="97" />
    <remembered-set count="1056" freebytes="498048" totalbytes="502272" percent="99" regionsoverflowed="0" regionsstable="0" regionsrebuilding="0"/>
  </mem-info>
</gc-end>
<cycle-end id="72" type="partial gc" contextid="63" timestamp="2019-06-17T03:22:50.394" />
  <attribute name="elasticGC enabled" value="1" />
  <attribute name= "numThreadsSpecified" value="4" />
  <attribute name="heapSize specified" value="0" />
  <attribute name="Current GC Util" value="79" />
  <attribute name= "Current Time Running" value="12703" />
  <attribute name ="GC Interval" value="0" />
  <attribute name="ProportionalT" value="88.500000" />
  <attribute name="ProportionalI" value="88.500000" />
  <attribute name="ProportionalH" value="88.500000" />
  <attribute name="Current Error" value="59.000000" />
  <attribute name="IntegralT" value="59.000000" />
  <attribute name="IntegralI" value="59.000000" />
  <attribute name="IntegralH" value="59.000000" />
  <attribute name="DerivativeT" value="88.500000" />
  <attribute name="DerivativeI" value="88.500000" />
  <attribute name="DerivativeH" value="88.500000" />
  <attribute name="Loop Time for DT" value="1.000000" />
  <attribute name="Output H" value="8388608"/>
  <attribute name="Output I" value="240"/>
  <attribute name="Output T" value="4"/>
  <attribute name="Target GC Util Change" value ="20.000000" />
  <attribute name="Current GC Util Change" value="79.000000"/>
  <attribute name="GC Util currently" value="79" />
  <attribute name="CPU Util currently" value="8821634787341" />
<exclusive-end id="73" timestamp="2019-06-17T03:22:50.394" durationms="3.846" />

<exclusive-start id="74" timestamp="2019-06-17T03:22:50.395" intervalms="4.609">
  <response-info timems="0.019" idlems="0.019" threads="0" lastid="000000000260A700" lastname="main" />
</exclusive-start>
<allocation-taxation id="75" taxation-threshold="3145728" timestamp="2019-06-17T03:22:50.395" intervalms="4.630" />
<cycle-start id="76" type="global mark phase" contextid="0" timestamp="2019-06-17T03:22:50.395" intervalms="14.887" />
<gc-start id="77" type="global mark phase" contextid="76" timestamp="2019-06-17T03:22:50.395">
  <mem-info id="78" free="4194304" total="12582912" percent="33">
    <remembered-set count="576" freebytes="499968" totalbytes="502272" percent="99" regionsoverflowed="0" regionsstable="0" regionsrebuilding="0"/>
  </mem-info>
</gc-start>
<gc-op id="79" type="mark increment" timems="0.975" contextid="76" timestamp="2019-06-17T03:22:50.396">
  <trace-info objectcount="87" scancount="0" scanbytes="0" />
</gc-op>
<gc-end id="80" type="global mark phase" contextid="76" durationms="1.080" usertimems="0.000" systemtimems="0.000" timestamp="2019-06-17T03:22:50.396" activeThreads="1">
  <mem-info id="81" free="4194304" total="12582912" percent="33">
    <remembered-set count="576" freebytes="499968" totalbytes="502272" percent="99" regionsoverflowed="0" regionsstable="0" regionsrebuilding="0"/>
  </mem-info>
</gc-end>
<concurrent-start id="82" type="GMP work packet processing" contextid="76" timestamp="2019-06-17T03:22:50.396">
  <concurrent-mark-start scanTarget="18446744073709551615" />
</concurrent-start>
<concurrent-end id="83" type="GMP work packet processing" contextid="76" timestamp="2019-06-17T03:22:50.398">
  <concurrent-mark-end bytesScanned="528248" reasonForTermination="Completed all work in GC phase" />
</concurrent-end>

<exclusive-end id="84" timestamp="2019-06-17T03:22:50.399" durationms="3.691" />

<exclusive-start id="85" timestamp="2019-06-17T03:22:50.399" intervalms="4.424">
  <response-info timems="0.054" idlems="0.054" threads="0" lastid="000000000260A700" lastname="main" />
</exclusive-start>
<allocation-taxation id="86" taxation-threshold="3145728" timestamp="2019-06-17T03:22:50.399" intervalms="4.362" />
<cycle-start id="87" type="partial gc" contextid="0" timestamp="2019-06-17T03:22:50.399" intervalms="9.033" />
<gc-start id="88" type="partial gc" contextid="87" timestamp="2019-06-17T03:22:50.400">
  <mem-info id="89" free="1048576" total="12582912" percent="8">
    <mem type="eden" free="1026408" total="7340032" percent="13" />
    <remembered-set count="576" freebytes="499968" totalbytes="502272" percent="99" regionsoverflowed="0" regionsstable="0" regionsrebuilding="0"/>
  </mem-info>
</gc-start>
<allocation-stats totalBytes="4814712" >
  <allocated-bytes non-tlh="135136" tlh="4679576" arrayletleaf="0"/>
  <largest-consumer threadName="main" threadId="000000000260A700" bytes="2364544" />
</allocation-stats>
<gc-op id="90" type="copy forward" timems="0.952" contextid="87" timestamp="2019-06-17T03:22:50.402">
  <memory-copied type="eden" objects="2" bytes="25104" bytesdiscarded="0" />
  <memory-copied type="other" objects="0" bytes="0" bytesdiscarded="0" />
  <memory-cardclean objects="0" bytes="0" />
  <regions eden="6" other="1" />
  <remembered-set-cleared processed="385" cleared="0" durationms="0.048" />
  <stringconstants candidates="2485" cleared="0"  />
</gc-op>
<gc-op id="91" type="classunload" timems="0.002" contextid="87" timestamp="2019-06-17T03:22:50.402">
  <classunload-info classloadercandidates="6" classloadersunloaded="0" classesunloaded="0" anonymousclassesunloaded="0" quiescems="0.000" setupms="0.002" scanms="0.000" postms="0.000" />
</gc-op>
<heap-resize id="92" type="expand" space="default" amount="1048576" count="1" timems="0.053" reason="excessive time being spent in gc" timestamp="2019-06-17T03:22:50.402" />
<gc-end id="93" type="partial gc" contextid="87" durationms="2.506" usertimems="0.000" systemtimems="0.000" timestamp="2019-06-17T03:22:50.402" activeThreads="1">
  <mem-info id="94" free="8388608" total="13631488" percent="61">
    <mem type="eden" free="1023472" total="1048576" percent="97" />
    <remembered-set count="576" freebytes="541824" totalbytes="544128" percent="99" regionsoverflowed="0" regionsstable="0" regionsrebuilding="0"/>
  </mem-info>
</gc-end>
<cycle-end id="95" type="partial gc" contextid="87" timestamp="2019-06-17T03:22:50.402" />
  <attribute name="elasticGC enabled" value="1" />
  <attribute name= "numThreadsSpecified" value="1" />
  <attribute name="heapSize specified" value="0" />
  <attribute name="Current GC Util" value="78" />
  <attribute name= "Current Time Running" value="12711" />
  <attribute name ="GC Interval" value="0" />
  <attribute name="ProportionalT" value="87.000000" />
  <attribute name="ProportionalI" value="87.000000" />
  <attribute name="ProportionalH" value="87.000000" />
  <attribute name="Current Error" value="58.000000" />
  <attribute name="IntegralT" value="0.000000" />
  <attribute name="IntegralI" value="0.000000" />
  <attribute name="IntegralH" value="0.000000" />
  <attribute name="DerivativeT" value="inf" />
  <attribute name="DerivativeI" value="inf" />
  <attribute name="DerivativeH" value="inf" />
  <attribute name="Loop Time for DT" value="0.000000" />
  <attribute name="Output H" value="8388608"/>
  <attribute name="Output I" value="200"/>
  <attribute name="Output T" value="1"/>
  <attribute name="Target GC Util Change" value ="20.000000" />
  <attribute name="Current GC Util Change" value="78.000000"/>
  <attribute name="GC Util currently" value="78" />
  <attribute name="CPU Util currently" value="8746827385674" />
<exclusive-end id="96" timestamp="2019-06-17T03:22:50.403" durationms="3.397" />

<exclusive-start id="97" timestamp="2019-06-17T03:22:50.403" intervalms="4.183">
  <response-info timems="0.017" idlems="0.017" threads="0" lastid="000000000260A700" lastname="main" />
</exclusive-start>
<sys-start reason="explicit" id="98" timestamp="2019-06-17T03:22:50.404" intervalms="12864.173" />
<cycle-continue id="99" oldtype="global mark phase" newtype="global garbage collect" contextid="76" timestamp="2019-06-17T03:22:50.404" />
  <attribute name="elasticGC enabled" value="1" />
  <attribute name= "numThreadsSpecified" value="1" />
  <attribute name="heapSize specified" value="0" />
  <attribute name="Current GC Util" value="78" />
  <attribute name= "Current Time Running" value="12711" />
  <attribute name ="GC Interval" value="0" />
  <attribute name="ProportionalT" value="87.000000" />
  <attribute name="ProportionalI" value="87.000000" />
  <attribute name="ProportionalH" value="87.000000" />
  <attribute name="IntegralT" value="0.000000" />
  <attribute name="IntegralI" value="0.000000" />
  <attribute name="IntegralH" value="0.000000" />
  <attribute name="DerivativeT" value="inf" />
  <attribute name="DerivativeI" value="inf" />
  <attribute name="DerivativeH" value="inf" />
  <attribute name="Current Error" value="58.000000" />
  <attribute name="Target GC Util Change" value ="20.000000" />
  <attribute name="Current GC Util Change" value="78.000000"/>
  <attribute name="Loop Time for DT" value="0.000000" />
  <attribute name="Output H" value="8388608"/>
  <attribute name="Output I" value="200"/>
  <attribute name="Output T" value="1"/>
  <attribute name="GC Util currently" value="78" />
  <attribute name="CPU Util currently" value="8746827385674" />
<gc-start id="100" type="global garbage collect" contextid="76" timestamp="2019-06-17T03:22:50.404">
  <mem-info id="101" free="5321608" total="13631488" percent="39">
    <mem type="eden" free="1102200" total="4194304" percent="26" />
    <remembered-set count="576" freebytes="541824" totalbytes="544128" percent="99" regionsoverflowed="0" regionsstable="0" regionsrebuilding="0"/>
  </mem-info>
</gc-start>
<allocation-stats totalBytes="2588208" >
  <allocated-bytes non-tlh="203904" tlh="2384304" arrayletleaf="0"/>
  <largest-consumer threadName="main" threadId="000000000260A700" bytes="2588208" />
</allocation-stats>
<gc-op id="102" type="global mark" timems="5.733" contextid="76" timestamp="2019-06-17T03:22:50.410">
  <trace-info objectcount="38" scancount="19" scanbytes="304" />
  <cardclean-info objects="36" bytes="1048" />
  <finalization candidates="45" enqueued="0" />
  <ownableSynchronizers candidates="1" cleared="0" />
  <references type="soft" candidates="67" cleared="0" enqueued="0" dynamicThreshold="19" maxThreshold="32" />
  <references type="weak" candidates="386" cleared="0" enqueued="0" />
  <references type="phantom" candidates="81" cleared="0" enqueued="0" />
  <stringconstants candidates="2485" cleared="0"  />
</gc-op>
<gc-op id="103" type="classunload" timems="0.001" contextid="76" timestamp="2019-06-17T03:22:50.410">
  <classunload-info classloadercandidates="6" classloadersunloaded="0" classesunloaded="0" anonymousclassesunloaded="0" quiescems="0.000" setupms="0.001" scanms="0.000" postms="0.000" />
</gc-op>
<gc-op id="104" type="sweep" timems="1.339" contextid="76" timestamp="2019-06-17T03:22:50.411" />
<gc-op id="105" type="compact" timems="6.228" contextid="76" timestamp="2019-06-17T03:22:50.418">
  <compact-info movecount="18026" movebytes="1086904" />
  <remembered-set-cleared processed="399" cleared="399" durationms="0.042" />
</gc-op>
<gc-end id="106" type="global garbage collect" contextid="76" durationms="14.178" usertimems="16.000" systemtimems="0.000" timestamp="2019-06-17T03:22:50.418" activeThreads="4">
  <mem-info id="107" free="8388608" total="13631488" percent="61">
    <remembered-set count="1024" freebytes="540032" totalbytes="544128" percent="99" regionsoverflowed="0" regionsstable="0" regionsrebuilding="0"/>
  </mem-info>
</gc-end>
<cycle-end id="108" type="global garbage collect" contextid="76" timestamp="2019-06-17T03:22:50.418" />
  <attribute name="elasticGC enabled" value="1" />
  <attribute name= "numThreadsSpecified" value="4" />
  <attribute name="heapSize specified" value="0" />
  <attribute name="Current GC Util" value="72" />
  <attribute name= "Current Time Running" value="12722" />
  <attribute name ="GC Interval" value="0" />
  <attribute name="ProportionalT" value="78.000000" />
  <attribute name="ProportionalI" value="78.000000" />
  <attribute name="ProportionalH" value="78.000000" />
  <attribute name="Current Error" value="52.000000" />
  <attribute name="IntegralT" value="52.000000" />
  <attribute name="IntegralI" value="52.000000" />
  <attribute name="IntegralH" value="52.000000" />
  <attribute name="DerivativeT" value="-18.000000" />
  <attribute name="DerivativeI" value="-18.000000" />
  <attribute name="DerivativeH" value="-18.000000" />
  <attribute name="Loop Time for DT" value="1.000000" />
  <attribute name="Output H" value="8388608"/>
  <attribute name="Output I" value="200"/>
  <attribute name="Output T" value="4"/>
  <attribute name="Target GC Util Change" value ="20.000000" />
  <attribute name="Current GC Util Change" value="72.000000"/>
  <attribute name="GC Util currently" value="72" />
  <attribute name="CPU Util currently" value="3011375060203" />
<sys-end id="109" timestamp="2019-06-17T03:22:50.418" />
<exclusive-end id="110" timestamp="2019-06-17T03:22:50.419" durationms="15.106" />

<exclusive-start id="111" timestamp="2019-06-17T03:22:51.521" intervalms="1117.349">
  <response-info timems="0.050" idlems="0.031" threads="1" lastid="000000000291E800" lastname="PmdThread 2" />
</exclusive-start>
<allocation-taxation id="112" taxation-threshold="8388608" timestamp="2019-06-17T03:22:51.521" intervalms="1121.554" />
<cycle-start id="113" type="partial gc" contextid="0" timestamp="2019-06-17T03:22:51.521" intervalms="1121.510" />
<gc-start id="114" type="partial gc" contextid="113" timestamp="2019-06-17T03:22:51.521">
  <mem-info id="115" free="0" total="13631488" percent="0">
    <mem type="eden" free="0" total="8388608" percent="0" />
    <remembered-set count="864" freebytes="540672" totalbytes="544128" percent="99" regionsoverflowed="0" regionsstable="0" regionsrebuilding="0"/>
  </mem-info>
</gc-start>
<allocation-stats totalBytes="8367848" >
  <allocated-bytes non-tlh="192024" tlh="8175824" arrayletleaf="0"/>
  <largest-consumer threadName="main" threadId="000000000260A700" bytes="7853232" />
</allocation-stats>
<gc-op id="116" type="mark" timems="1.666" contextid="113" timestamp="2019-06-17T03:22:51.523">
  <trace-info objectcount="14324" scancount="9685" scanbytes="352372" />
  <cardclean-info objects="1009" bytes="39880" />
  <remembered-set-cleared processed="236" cleared="43" durationms="0.063" />
  <finalization candidates="6" enqueued="0" />
  <ownableSynchronizers candidates="7" cleared="0" />
  <references type="soft" candidates="3" cleared="0" enqueued="0" dynamicThreshold="19" maxThreshold="32" />
  <references type="weak" candidates="510" cleared="293" enqueued="216" />
  <references type="phantom" candidates="12" cleared="3" enqueued="3" />
  <stringconstants candidates="3409" cleared="0"  />
  <warning details="Mark invoked due to insufficient free space for Copy-Forward" />
</gc-op>
<gc-op id="117" type="classunload" timems="0.001" contextid="113" timestamp="2019-06-17T03:22:51.523">
  <classunload-info classloadercandidates="6" classloadersunloaded="0" classesunloaded="0" anonymousclassesunloaded="0" quiescems="0.000" setupms="0.001" scanms="0.000" postms="0.000" />
</gc-op>
<gc-op id="118" type="sweep" timems="0.374" contextid="113" timestamp="2019-06-17T03:22:51.524" />
<gc-op id="119" type="compact" timems="4.201" contextid="113" timestamp="2019-06-17T03:22:51.528">
  <compact-info movecount="14315" movebytes="936832" />
  <remembered-set-cleared processed="2227" cleared="1834" durationms="0.068" />
</gc-op>
<gc-end id="120" type="partial gc" contextid="113" durationms="7.382" usertimems="4.000" systemtimems="4.000" timestamp="2019-06-17T03:22:51.529" activeThreads="4">
  <mem-info id="121" free="7340032" total="13631488" percent="53">
    <mem type="eden" free="111168" total="1048576" percent="10" />
    <pending-finalizers system="0" default="0" reference="219" classloader="0" />
    <remembered-set count="1856" freebytes="536704" totalbytes="544128" percent="98" regionsoverflowed="0" regionsstable="0" regionsrebuilding="0"/>
  </mem-info>
</gc-end>
<cycle-end id="122" type="partial gc" contextid="113" timestamp="2019-06-17T03:22:51.529" />
  <attribute name="elasticGC enabled" value="1" />
  <attribute name= "numThreadsSpecified" value="4" />
  <attribute name="heapSize specified" value="0" />
  <attribute name="Current GC Util" value="17" />
  <attribute name= "Current Time Running" value="13835" />
  <attribute name ="GC Interval" value="0" />
  <attribute name="ProportionalT" value="-4.500000" />
  <attribute name="ProportionalI" value="-4.500000" />
  <attribute name="ProportionalH" value="-4.500000" />
  <attribute name="Current Error" value="-3.000000" />
  <attribute name="IntegralT" value="-3.000000" />
  <attribute name="IntegralI" value="-3.000000" />
  <attribute name="IntegralH" value="-3.000000" />
  <attribute name="DerivativeT" value="-4.500000" />
  <attribute name="DerivativeI" value="-4.500000" />
  <attribute name="DerivativeH" value="-4.500000" />
  <attribute name="Loop Time for DT" value="1.000000" />
  <attribute name="Output H" value="2091843584"/>
  <attribute name="Output I" value="200"/>
  <attribute name="Output T" value="4"/>
  <attribute name="Target GC Util Change" value ="20.000000" />
  <attribute name="Current GC Util Change" value="17.000000"/>
  <attribute name="GC Util currently" value="17" />
  <attribute name="CPU Util currently" value="7701636487645" />
<exclusive-end id="123" timestamp="2019-06-17T03:22:51.529" durationms="8.268" />

<exclusive-start id="124" timestamp="2019-06-17T03:22:51.666" intervalms="144.938">
  <response-info timems="0.033" idlems="0.033" threads="0" lastid="0000000002922400" lastname="PmdThread 3" />
</exclusive-start>
<allocation-taxation id="125" taxation-threshold="7340032" timestamp="2019-06-17T03:22:51.666" intervalms="144.948" />
<cycle-start id="126" type="partial gc" contextid="0" timestamp="2019-06-17T03:22:51.666" intervalms="144.923" />
<gc-start id="127" type="partial gc" contextid="126" timestamp="2019-06-17T03:22:51.666">
  <mem-info id="128" free="0" total="13631488" percent="0">
    <mem type="eden" free="0" total="7340032" percent="0" />
    <remembered-set count="640" freebytes="541568" totalbytes="544128" percent="99" regionsoverflowed="0" regionsstable="1" regionsrebuilding="0"/>
  </mem-info>
</gc-start>
<allocation-stats totalBytes="7301760" >
  <allocated-bytes non-tlh="414456" tlh="6887304" arrayletleaf="0"/>
  <largest-consumer threadName="PmdThread 1" threadId="000000000291AC00" bytes="1885160" />
</allocation-stats>
<gc-op id="129" type="mark" timems="2.668" contextid="126" timestamp="2019-06-17T03:22:51.669">
  <trace-info objectcount="37268" scancount="30210" scanbytes="1016544" />
  <cardclean-info objects="700" bytes="34276" />
  <remembered-set-cleared processed="181" cleared="64" durationms="0.053" />
  <finalization candidates="12" enqueued="0" />
  <ownableSynchronizers candidates="7" cleared="0" />
  <references type="soft" candidates="34" cleared="0" enqueued="0" dynamicThreshold="17" maxThreshold="32" />
  <references type="weak" candidates="358" cleared="36" enqueued="31" />
  <references type="phantom" candidates="15" cleared="4" enqueued="4" />
  <stringconstants candidates="4228" cleared="4"  />
  <warning details="Mark invoked due to insufficient free space for Copy-Forward" />
</gc-op>
<gc-op id="130" type="classunload" timems="0.002" contextid="126" timestamp="2019-06-17T03:22:51.669">
  <classunload-info classloadercandidates="6" classloadersunloaded="0" classesunloaded="0" anonymousclassesunloaded="0" quiescems="0.000" setupms="0.002" scanms="0.000" postms="0.000" />
</gc-op>
<gc-op id="131" type="sweep" timems="0.874" contextid="126" timestamp="2019-06-17T03:22:51.670" />
<gc-op id="132" type="compact" timems="4.347" contextid="126" timestamp="2019-06-17T03:22:51.675">
  <compact-info movecount="37206" movebytes="1927568" />
  <remembered-set-cleared processed="417" cleared="182" durationms="0.053" />
</gc-op>
<gc-end id="133" type="partial gc" contextid="126" durationms="9.126" usertimems="4.000" systemtimems="8.000" timestamp="2019-06-17T03:22:51.675" activeThreads="4">
  <mem-info id="134" free="5242880" total="13631488" percent="38">
    <mem type="eden" free="655464" total="2097152" percent="31" />
    <pending-finalizers system="0" default="0" reference="35" classloader="0" />
    <remembered-set count="2784" freebytes="532992" totalbytes="544128" percent="97" regionsoverflowed="0" regionsstable="1" regionsrebuilding="0"/>
  </mem-info>
</gc-end>
<cycle-end id="135" type="partial gc" contextid="126" timestamp="2019-06-17T03:22:51.675" />
  <attribute name="elasticGC enabled" value="1" />
  <attribute name= "numThreadsSpecified" value="4" />
  <attribute name="heapSize specified" value="0" />
  <attribute name="Current GC Util" value="94" />
  <attribute name= "Current Time Running" value="13981" />
  <attribute name ="GC Interval" value="0" />
  <attribute name="ProportionalT" value="111.000000" />
  <attribute name="ProportionalI" value="111.000000" />
  <attribute name="ProportionalH" value="111.000000" />
  <attribute name="Current Error" value="74.000000" />
  <attribute name="IntegralT" value="74.000000" />
  <attribute name="IntegralI" value="74.000000" />
  <attribute name="IntegralH" value="74.000000" />
  <attribute name="DerivativeT" value="111.000000" />
  <attribute name="DerivativeI" value="111.000000" />
  <attribute name="DerivativeH" value="111.000000" />
  <attribute name="Loop Time for DT" value="1.000000" />
  <attribute name="Output H" value="8388608"/>
  <attribute name="Output I" value="296"/>
  <attribute name="Output T" value="4"/>
  <attribute name="Target GC Util Change" value ="20.000000" />
  <attribute name="Current GC Util Change" value="94.000000"/>
  <attribute name="GC Util currently" value="94" />
  <attribute name="CPU Util currently" value="4314507083717" />
<exclusive-end id="136" timestamp="2019-06-17T03:22:51.676" durationms="9.853" />

<exclusive-start id="137" timestamp="2019-06-17T03:22:51.764" intervalms="97.854">
  <response-info timems="0.105" idlems="0.105" threads="0" lastid="000000000291E800" lastname="PmdThread 2" />
</exclusive-start>
<allocation-taxation id="138" taxation-threshold="5242880" timestamp="2019-06-17T03:22:51.764" intervalms="97.848" />
<cycle-start id="139" type="partial gc" contextid="0" timestamp="2019-06-17T03:22:51.764" intervalms="97.863" />
<gc-start id="140" type="partial gc" contextid="139" timestamp="2019-06-17T03:22:51.764">
  <mem-info id="141" free="0" total="13631488" percent="0">
    <mem type="eden" free="0" total="6291456" percent="0" />
    <remembered-set count="2496" freebytes="534144" totalbytes="544128" percent="98" regionsoverflowed="0" regionsstable="1" regionsrebuilding="0"/>
  </mem-info>
</gc-start>
<allocation-stats totalBytes="5238032" >
  <allocated-bytes non-tlh="36264" tlh="5201768" arrayletleaf="0"/>
  <largest-consumer threadName="PmdThread 4" threadId="0000000002926000" bytes="2131648" />
</allocation-stats>
<gc-op id="142" type="mark" timems="2.898" contextid="139" timestamp="2019-06-17T03:22:51.767">
  <trace-info objectcount="42741" scancount="36421" scanbytes="1146456" />
  <cardclean-info objects="474" bytes="25544" />
  <remembered-set-cleared processed="642" cleared="433" durationms="0.059" />
  <finalization candidates="6" enqueued="0" />
  <references type="soft" candidates="33" cleared="0" enqueued="0" dynamicThreshold="12" maxThreshold="32" />
  <references type="weak" candidates="173" cleared="61" enqueued="60" />
  <references type="phantom" candidates="7" cleared="2" enqueued="2" />
  <stringconstants candidates="4614" cleared="0"  />
  <warning details="Mark invoked due to insufficient free space for Copy-Forward" />
</gc-op>
<gc-op id="143" type="classunload" timems="0.002" contextid="139" timestamp="2019-06-17T03:22:51.767">
  <classunload-info classloadercandidates="6" classloadersunloaded="0" classesunloaded="0" anonymousclassesunloaded="0" quiescems="0.000" setupms="0.002" scanms="0.000" postms="0.000" />
</gc-op>
<gc-op id="144" type="sweep" timems="0.828" contextid="139" timestamp="2019-06-17T03:22:51.768" />
<gc-op id="145" type="compact" timems="4.636" contextid="139" timestamp="2019-06-17T03:22:51.773">
  <compact-info movecount="41232" movebytes="1738208" />
  <remembered-set-cleared processed="1894" cleared="1475" durationms="0.060" />
</gc-op>
<heap-resize id="146" type="expand" space="default" amount="3145728" count="1" timems="0.096" reason="insufficient free space following gc" timestamp="2019-06-17T03:22:51.774" />
<gc-end id="147" type="partial gc" contextid="139" durationms="9.760" usertimems="20.000" systemtimems="0.000" timestamp="2019-06-17T03:22:51.774" activeThreads="4">
  <mem-info id="148" free="7340032" total="16777216" percent="43">
    <mem type="eden" free="1263840" total="2097152" percent="60" />
    <pending-finalizers system="0" default="0" reference="62" classloader="0" />
    <remembered-set count="5024" freebytes="649600" totalbytes="669696" percent="96" regionsoverflowed="0" regionsstable="1" regionsrebuilding="0"/>
  </mem-info>
</gc-end>
<cycle-end id="149" type="partial gc" contextid="139" timestamp="2019-06-17T03:22:51.774" />
  <attribute name="elasticGC enabled" value="1" />
  <attribute name= "numThreadsSpecified" value="4" />
  <attribute name="heapSize specified" value="0" />
  <attribute name="Current GC Util" value="110" />
  <attribute name= "Current Time Running" value="14079" />
  <attribute name ="GC Interval" value="0" />
  <attribute name="ProportionalT" value="135.000000" />
  <attribute name="ProportionalI" value="135.000000" />
  <attribute name="ProportionalH" value="135.000000" />
  <attribute name="Current Error" value="90.000000" />
  <attribute name="IntegralT" value="90.000000" />
  <attribute name="IntegralI" value="90.000000" />
  <attribute name="IntegralH" value="90.000000" />
  <attribute name="DerivativeT" value="135.000000" />
  <attribute name="DerivativeI" value="135.000000" />
  <attribute name="DerivativeH" value="135.000000" />
  <attribute name="Loop Time for DT" value="1.000000" />
  <attribute name="Output H" value="8388608"/>
  <attribute name="Output I" value="360"/>
  <attribute name="Output T" value="4"/>
  <attribute name="Target GC Util Change" value ="20.000000" />
  <attribute name="Current GC Util Change" value="110.000000"/>
  <attribute name="GC Util currently" value="110" />
  <attribute name="CPU Util currently" value="4604558160790" />
<exclusive-end id="150" timestamp="2019-06-17T03:22:51.774" durationms="10.595" />

<exclusive-start id="151" timestamp="2019-06-17T03:22:51.818" intervalms="54.517">
  <response-info timems="0.060" idlems="0.060" threads="0" lastid="000000000291E800" lastname="PmdThread 2" />
</exclusive-start>
<allocation-taxation id="152" taxation-threshold="3145728" timestamp="2019-06-17T03:22:51.818" intervalms="54.494" />
<cycle-start id="153" type="global mark phase" contextid="0" timestamp="2019-06-17T03:22:51.818" intervalms="1423.151" />
<gc-start id="154" type="global mark phase" contextid="153" timestamp="2019-06-17T03:22:51.818">
  <mem-info id="155" free="4194304" total="16777216" percent="25">
    <remembered-set count="4928" freebytes="649984" totalbytes="669696" percent="97" regionsoverflowed="0" regionsstable="1" regionsrebuilding="0"/>
  </mem-info>
</gc-start>
<gc-op id="156" type="mark increment" timems="0.467" contextid="153" timestamp="2019-06-17T03:22:51.819">
  <trace-info objectcount="308" scancount="0" scanbytes="0" />
</gc-op>
<gc-end id="157" type="global mark phase" contextid="153" durationms="0.609" usertimems="0.000" systemtimems="0.000" timestamp="2019-06-17T03:22:51.819" activeThreads="1">
  <mem-info id="158" free="4194304" total="16777216" percent="25">
    <remembered-set count="4928" freebytes="649984" totalbytes="669696" percent="97" regionsoverflowed="0" regionsstable="0" regionsrebuilding="1"/>
  </mem-info>
</gc-end>
<concurrent-start id="159" type="GMP work packet processing" contextid="153" timestamp="2019-06-17T03:22:51.819">
  <concurrent-mark-start scanTarget="18446744073709551615" />
</concurrent-start>
<exclusive-end id="160" timestamp="2019-06-17T03:22:51.819" durationms="1.023" />

<concurrent-end id="161" type="GMP work packet processing" contextid="153" timestamp="2019-06-17T03:22:51.821">
  <concurrent-mark-end bytesScanned="2081176" reasonForTermination="Completed all work in GC phase" />
</concurrent-end>

<exclusive-start id="162" timestamp="2019-06-17T03:22:51.853" intervalms="34.693">
  <response-info timems="0.045" idlems="0.045" threads="0" lastid="000000000291E800" lastname="PmdThread 2" />
</exclusive-start>
<allocation-taxation id="163" taxation-threshold="3145728" timestamp="2019-06-17T03:22:51.853" intervalms="34.710" />
<cycle-start id="164" type="partial gc" contextid="0" timestamp="2019-06-17T03:22:51.853" intervalms="89.198" />
<gc-start id="165" type="partial gc" contextid="164" timestamp="2019-06-17T03:22:51.853">
  <mem-info id="166" free="1048576" total="16777216" percent="6">
    <mem type="eden" free="0" total="6291456" percent="0" />
    <remembered-set count="12416" freebytes="620032" totalbytes="669696" percent="92" regionsoverflowed="0" regionsstable="0" regionsrebuilding="1"/>
  </mem-info>
</gc-start>
<allocation-stats totalBytes="6287432" >
  <allocated-bytes non-tlh="20128" tlh="6267304" arrayletleaf="0"/>
  <largest-consumer threadName="PmdThread 2" threadId="000000000291E800" bytes="1732152" />
</allocation-stats>
<gc-op id="167" type="copy forward" timems="5.422" contextid="164" timestamp="2019-06-17T03:22:51.859">
  <memory-copied type="eden" objects="19194" bytes="671128" bytesdiscarded="0" />
  <memory-copied type="other" objects="14212" bytes="427992" bytesdiscarded="0" />
  <memory-cardclean objects="8051" bytes="359224" />
  <regions eden="6" other="1" />
  <remembered-set-cleared processed="10419" cleared="6350" durationms="0.150" />
  <references type="soft" candidates="111" cleared="0" enqueued="0" dynamicThreshold="8" maxThreshold="32" />
  <references type="weak" candidates="237" cleared="0" enqueued="0" />
  <stringconstants candidates="4882" cleared="1"  />
  <heap-resize type="expand" space="default" amount="1048576" count="1" timems="0.053" reason="continue current collection" />
</gc-op>
<gc-op id="168" type="classunload" timems="0.224" contextid="164" timestamp="2019-06-17T03:22:51.859">
  <classunload-info classloadercandidates="10" classloadersunloaded="1" classesunloaded="1" anonymousclassesunloaded="0" quiescems="0.000" setupms="0.213" scanms="0.007" postms="0.004" />
</gc-op>
<gc-op id="169" type="compact" timems="1.990" contextid="164" timestamp="2019-06-17T03:22:51.861">
  <compact-info movecount="0" movebytes="0" />
  <remembered-set-cleared processed="18719" cleared="6350" durationms="0.150" />
</gc-op>
<heap-resize id="170" type="expand" space="default" amount="1048576" count="1" timems="0.050" reason="insufficient free space following gc" timestamp="2019-06-17T03:22:51.862" />
<gc-end id="171" type="partial gc" contextid="164" durationms="8.609" usertimems="8.000" systemtimems="4.000" timestamp="2019-06-17T03:22:51.862" activeThreads="4">
  <mem-info id="172" free="8388608" total="18874368" percent="44">
    <mem type="eden" free="375136" total="1048576" percent="35" />
    <remembered-set count="10304" freebytes="712192" totalbytes="753408" percent="94" regionsoverflowed="0" regionsstable="0" regionsrebuilding="1"/>
  </mem-info>
</gc-end>
<cycle-end id="173" type="partial gc" contextid="164" timestamp="2019-06-17T03:22:51.862" />
  <attribute name="elasticGC enabled" value="1" />
  <attribute name= "numThreadsSpecified" value="4" />
  <attribute name="heapSize specified" value="0" />
  <attribute name="Current GC Util" value="0" />
  <attribute name= "Current Time Running" value="14170" />
  <attribute name ="GC Interval" value="0" />
  <attribute name="ProportionalT" value="-30.000000" />
  <attribute name="ProportionalI" value="-30.000000" />
  <attribute name="ProportionalH" value="-30.000000" />
  <attribute name="Current Error" value="-20.000000" />
  <attribute name="IntegralT" value="-120.000000" />
  <attribute name="IntegralI" value="-120.000000" />
  <attribute name="IntegralH" value="-120.000000" />
  <attribute name="DerivativeT" value="-18.000000" />
  <attribute name="DerivativeI" value="-18.000000" />
  <attribute name="DerivativeH" value="-18.000000" />
  <attribute name="Loop Time for DT" value="6.000000" />
  <attribute name="Output H" value="2091843584"/>
  <attribute name="Output I" value="200"/>
  <attribute name="Output T" value="4"/>
  <attribute name="Target GC Util Change" value ="20.000000" />
  <attribute name="Current GC Util Change" value="0.000000"/>
  <attribute name="GC Util currently" value="0" />
  <attribute name="CPU Util currently" value="785725338726" />
<exclusive-end id="174" timestamp="2019-06-17T03:22:51.862" durationms="9.252" />

<exclusive-start id="175" timestamp="2019-06-17T03:22:51.900" intervalms="47.038">
  <response-info timems="0.030" idlems="0.030" threads="0" lastid="000000000291E800" lastname="PmdThread 2" />
</exclusive-start>
<allocation-taxation id="176" taxation-threshold="4194304" timestamp="2019-06-17T03:22:51.900" intervalms="47.046" />
<gc-start id="177" type="global mark phase" contextid="153" timestamp="2019-06-17T03:22:51.900">
  <mem-info id="178" free="4194304" total="18874368" percent="22">
    <remembered-set count="10304" freebytes="712192" totalbytes="753408" percent="94" regionsoverflowed="0" regionsstable="0" regionsrebuilding="1"/>
  </mem-info>
</gc-start>
<gc-op id="179" type="mark increment" timems="2.936" contextid="153" timestamp="2019-06-17T03:22:51.903">
  <trace-info objectcount="14528" scancount="12989" scanbytes="447104" />
  <cardclean-info objects="13751" bytes="482944" />
  <finalization candidates="57" enqueued="0" />
  <ownableSynchronizers candidates="8" cleared="0" />
  <references type="soft" candidates="212" cleared="0" enqueued="0" dynamicThreshold="14" maxThreshold="32" />
  <references type="weak" candidates="1136" cleared="421" enqueued="421" />
  <references type="phantom" candidates="94" cleared="5" enqueued="5" />
  <stringconstants candidates="4887" cleared="0"  />
</gc-op>
<gc-op id="180" type="classunload" timems="0.003" contextid="153" timestamp="2019-06-17T03:22:51.903">
  <classunload-info classloadercandidates="9" classloadersunloaded="0" classesunloaded="0" anonymousclassesunloaded="0" quiescems="0.000" setupms="0.003" scanms="0.000" postms="0.000" />
</gc-op>
<gc-end id="181" type="global mark phase" contextid="153" durationms="3.189" usertimems="8.000" systemtimems="0.000" timestamp="2019-06-17T03:22:51.903" activeThreads="4">
  <mem-info id="182" free="4194304" total="18874368" percent="22">
    <pending-finalizers system="0" default="0" reference="426" classloader="0" />
    <remembered-set count="12352" freebytes="704000" totalbytes="753408" percent="93" regionsoverflowed="0" regionsstable="0" regionsrebuilding="0"/>
  </mem-info>
</gc-end>
<cycle-end id="183" type="global mark phase" contextid="153" timestamp="2019-06-17T03:22:51.903" />
  <attribute name="elasticGC enabled" value="1" />
  <attribute name= "numThreadsSpecified" value="4" />
  <attribute name="heapSize specified" value="0" />
  <attribute name="Current GC Util" value="0" />
  <attribute name= "Current Time Running" value="14212" />
  <attribute name ="GC Interval" value="0" />
  <attribute name="ProportionalT" value="-30.000000" />
  <attribute name="ProportionalI" value="-30.000000" />
  <attribute name="ProportionalH" value="-30.000000" />
  <attribute name="Current Error" value="-20.000000" />
  <attribute name="IntegralT" value="-20.000000" />
  <attribute name="IntegralI" value="-20.000000" />
  <attribute name="IntegralH" value="-20.000000" />
  <attribute name="DerivativeT" value="-195.000000" />
  <attribute name="DerivativeI" value="-195.000000" />
  <attribute name="DerivativeH" value="-195.000000" />
  <attribute name="Loop Time for DT" value="1.000000" />
  <attribute name="Output H" value="2091843584"/>
  <attribute name="Output I" value="200"/>
  <attribute name="Output T" value="4"/>
  <attribute name="Target GC Util Change" value ="20.000000" />
  <attribute name="Current GC Util Change" value="0.000000"/>
  <attribute name="GC Util currently" value="0" />
  <attribute name="CPU Util currently" value="5360281487863" />
<exclusive-end id="184" timestamp="2019-06-17T03:22:51.903" durationms="3.596" />

<exclusive-start id="185" timestamp="2019-06-17T03:22:51.947" intervalms="47.360">
  <response-info timems="0.059" idlems="0.032" threads="1" lastid="0000000002926000" lastname="PmdThread 4" />
</exclusive-start>
<allocation-taxation id="186" taxation-threshold="4194304" timestamp="2019-06-17T03:22:51.947" intervalms="47.359" />
<cycle-start id="187" type="partial gc" contextid="0" timestamp="2019-06-17T03:22:51.947" intervalms="94.419" />
<gc-start id="188" type="partial gc" contextid="187" timestamp="2019-06-17T03:22:51.948">
  <mem-info id="189" free="0" total="18874368" percent="0">
    <mem type="eden" free="0" total="8388608" percent="0" />
    <remembered-set count="5504" freebytes="731392" totalbytes="753408" percent="97" regionsoverflowed="0" regionsstable="1" regionsrebuilding="0"/>
  </mem-info>
</gc-start>
<allocation-stats totalBytes="8376976" >
  <allocated-bytes non-tlh="1384" tlh="8375592" arrayletleaf="0"/>
  <largest-consumer threadName="PmdThread 2" threadId="000000000291E800" bytes="1602896" />
</allocation-stats>
<gc-op id="190" type="sweep" timems="0.401" contextid="187" timestamp="2019-06-17T03:22:51.948" />
<gc-op id="191" type="mark" timems="1.724" contextid="187" timestamp="2019-06-17T03:22:51.950">
  <trace-info objectcount="32194" scancount="28619" scanbytes="847812" />
  <cardclean-info objects="5976" bytes="225264" />
  <remembered-set-cleared processed="3707" cleared="1161" durationms="0.071" />
  <references type="soft" candidates="116" cleared="0" enqueued="0" dynamicThreshold="7" maxThreshold="32" />
  <references type="weak" candidates="108" cleared="107" enqueued="107" />
  <references type="phantom" candidates="20" cleared="11" enqueued="11" />
  <stringconstants candidates="4894" cleared="0"  />
  <warning details="Mark invoked due to insufficient free space for Copy-Forward" />
</gc-op>
<gc-op id="192" type="classunload" timems="0.002" contextid="187" timestamp="2019-06-17T03:22:51.950">
  <classunload-info classloadercandidates="9" classloadersunloaded="0" classesunloaded="0" anonymousclassesunloaded="0" quiescems="0.000" setupms="0.002" scanms="0.000" postms="0.000" />
</gc-op>
<gc-op id="193" type="sweep" timems="0.286" contextid="187" timestamp="2019-06-17T03:22:51.951" />
<gc-op id="194" type="compact" timems="2.721" contextid="187" timestamp="2019-06-17T03:22:51.954">
  <compact-info movecount="27996" movebytes="1083504" />
  <remembered-set-cleared processed="8365" cleared="2408" durationms="0.071" />
</gc-op>
<heap-resize id="195" type="expand" space="default" amount="1048576" count="1" timems="0.056" reason="insufficient free space following gc" timestamp="2019-06-17T03:22:51.954" />
<gc-end id="196" type="partial gc" contextid="187" durationms="6.429" usertimems="12.000" systemtimems="0.000" timestamp="2019-06-17T03:22:51.954" activeThreads="4">
  <mem-info id="197" free="8388608" total="19922944" percent="42">
    <mem type="eden" free="466064" total="1048576" percent="44" />
    <pending-finalizers system="0" default="0" reference="118" classloader="0" />
    <remembered-set count="5440" freebytes="773504" totalbytes="795264" percent="97" regionsoverflowed="0" regionsstable="1" regionsrebuilding="0"/>
  </mem-info>
</gc-end>
<cycle-end id="198" type="partial gc" contextid="187" timestamp="2019-06-17T03:22:51.954" />
  <attribute name="elasticGC enabled" value="1" />
  <attribute name= "numThreadsSpecified" value="4" />
  <attribute name="heapSize specified" value="0" />
  <attribute name="Current GC Util" value="44" />
  <attribute name= "Current Time Running" value="14262" />
  <attribute name ="GC Interval" value="0" />
  <attribute name="ProportionalT" value="36.000000" />
  <attribute name="ProportionalI" value="36.000000" />
  <attribute name="ProportionalH" value="36.000000" />
  <attribute name="Current Error" value="24.000000" />
  <attribute name="IntegralT" value="24.000000" />
  <attribute name="IntegralI" value="24.000000" />
  <attribute name="IntegralH" value="24.000000" />
  <attribute name="DerivativeT" value="-219.000000" />
  <attribute name="DerivativeI" value="-219.000000" />
  <attribute name="DerivativeH" value="-219.000000" />
  <attribute name="Loop Time for DT" value="1.000000" />
  <attribute name="Output H" value="2091843584"/>
  <attribute name="Output I" value="200"/>
  <attribute name="Output T" value="4"/>
  <attribute name="Target GC Util Change" value ="20.000000" />
  <attribute name="Current GC Util Change" value="44.000000"/>
  <attribute name="GC Util currently" value="44" />
  <attribute name="CPU Util currently" value="10119737939649" />
<exclusive-end id="199" timestamp="2019-06-17T03:22:51.954" durationms="7.170" />

<exclusive-start id="200" timestamp="2019-06-17T03:22:52.038" intervalms="90.958">
  <response-info timems="0.065" idlems="0.065" threads="0" lastid="0000000002926000" lastname="PmdThread 4" />
</exclusive-start>
<allocation-taxation id="201" taxation-threshold="8388608" timestamp="2019-06-17T03:22:52.039" intervalms="91.388" />
<cycle-start id="202" type="partial gc" contextid="0" timestamp="2019-06-17T03:22:52.039" intervalms="91.367" />
<gc-start id="203" type="partial gc" contextid="202" timestamp="2019-06-17T03:22:52.039">
  <mem-info id="204" free="0" total="19922944" percent="0">
    <mem type="eden" free="0" total="8388608" percent="0" />
    <remembered-set count="5440" freebytes="773504" totalbytes="795264" percent="97" regionsoverflowed="0" regionsstable="1" regionsrebuilding="0"/>
  </mem-info>
</gc-start>
<allocation-stats totalBytes="8370224" >
  <allocated-bytes non-tlh="5376" tlh="8364848" arrayletleaf="0"/>
  <largest-consumer threadName="PmdThread 2" threadId="000000000291E800" bytes="2526280" />
</allocation-stats>
<gc-op id="205" type="mark" timems="2.422" contextid="202" timestamp="2019-06-17T03:22:52.042">
  <trace-info objectcount="27303" scancount="24204" scanbytes="777208" />
  <cardclean-info objects="1600" bytes="74256" />
  <remembered-set-cleared processed="4455" cleared="566" durationms="0.095" />
  <references type="soft" candidates="7" cleared="0" enqueued="0" dynamicThreshold="13" maxThreshold="32" />
  <references type="weak" candidates="159" cleared="158" enqueued="158" />
  <references type="phantom" candidates="27" cleared="15" enqueued="15" />
  <stringconstants candidates="4975" cleared="0"  />
  <warning details="Mark invoked due to insufficient free space for Copy-Forward" />
</gc-op>
<gc-op id="206" type="classunload" timems="0.002" contextid="202" timestamp="2019-06-17T03:22:52.042">
  <classunload-info classloadercandidates="10" classloadersunloaded="0" classesunloaded="0" anonymousclassesunloaded="0" quiescems="0.000" setupms="0.001" scanms="0.000" postms="0.000" />
</gc-op>
<gc-op id="207" type="sweep" timems="0.494" contextid="202" timestamp="2019-06-17T03:22:52.043" />
<gc-op id="208" type="compact" timems="4.422" contextid="202" timestamp="2019-06-17T03:22:52.047">
  <compact-info movecount="27303" movebytes="1409464" />
  <remembered-set-cleared processed="9827" cleared="2040" durationms="0.095" />
</gc-op>
<heap-resize id="209" type="expand" space="default" amount="2097152" count="1" timems="0.059" reason="insufficient free space following gc" timestamp="2019-06-17T03:22:52.047" />
<gc-end id="210" type="partial gc" contextid="202" durationms="8.655" usertimems="12.000" systemtimems="0.000" timestamp="2019-06-17T03:22:52.048" activeThreads="1">
  <mem-info id="211" free="9437184" total="22020096" percent="42">
    <mem type="eden" free="185768" total="1048576" percent="17" />
    <pending-finalizers system="0" default="0" reference="173" classloader="0" />
    <remembered-set count="6656" freebytes="852352" totalbytes="878976" percent="96" regionsoverflowed="0" regionsstable="1" regionsrebuilding="0"/>
  </mem-info>
</gc-end>
<cycle-end id="212" type="partial gc" contextid="202" timestamp="2019-06-17T03:22:52.048" />
  <attribute name="elasticGC enabled" value="1" />
  <attribute name= "numThreadsSpecified" value="1" />
  <attribute name="heapSize specified" value="0" />
  <attribute name="Current GC Util" value="63" />
  <attribute name= "Current Time Running" value="14353" />
  <attribute name ="GC Interval" value="0" />
  <attribute name="ProportionalT" value="64.500000" />
  <attribute name="ProportionalI" value="64.500000" />
  <attribute name="ProportionalH" value="64.500000" />
  <attribute name="Current Error" value="43.000000" />
  <attribute name="IntegralT" value="0.000000" />
  <attribute name="IntegralI" value="0.000000" />
  <attribute name="IntegralH" value="0.000000" />
  <attribute name="DerivativeT" value="inf" />
  <attribute name="DerivativeI" value="inf" />
  <attribute name="DerivativeH" value="inf" />
  <attribute name="Loop Time for DT" value="0.000000" />
  <attribute name="Output H" value="8388608"/>
  <attribute name="Output I" value="200"/>
  <attribute name="Output T" value="1"/>
  <attribute name="Target GC Util Change" value ="20.000000" />
  <attribute name="Current GC Util Change" value="63.000000"/>
  <attribute name="GC Util currently" value="63" />
  <attribute name="CPU Util currently" value="6465219065216" />
<exclusive-end id="213" timestamp="2019-06-17T03:22:52.048" durationms="9.881" />

<exclusive-start id="214" timestamp="2019-06-17T03:22:52.123" intervalms="85.338">
  <response-info timems="0.050" idlems="0.050" threads="0" lastid="0000000002922400" lastname="PmdThread 3" />
</exclusive-start>
<allocation-taxation id="215" taxation-threshold="9437184" timestamp="2019-06-17T03:22:52.124" intervalms="84.910" />
<cycle-start id="216" type="partial gc" contextid="0" timestamp="2019-06-17T03:22:52.124" intervalms="84.919" />
<gc-start id="217" type="partial gc" contextid="216" timestamp="2019-06-17T03:22:52.124">
  <mem-info id="218" free="0" total="22020096" percent="0">
    <mem type="eden" free="0" total="9437184" percent="0" />
    <remembered-set count="6432" freebytes="853248" totalbytes="878976" percent="97" regionsoverflowed="0" regionsstable="1" regionsrebuilding="0"/>
  </mem-info>
</gc-start>
<allocation-stats totalBytes="9431832" >
  <allocated-bytes non-tlh="1728" tlh="9430104" arrayletleaf="0"/>
  <largest-consumer threadName="PmdThread 4" threadId="0000000002926000" bytes="2997792" />
</allocation-stats>
<gc-op id="219" type="mark" timems="1.978" contextid="216" timestamp="2019-06-17T03:22:52.126">
  <trace-info objectcount="16683" scancount="14711" scanbytes="497892" />
  <cardclean-info objects="1827" bytes="89164" />
  <remembered-set-cleared processed="5463" cleared="1017" durationms="0.119" />
  <finalization candidates="1" enqueued="0" />
  <references type="soft" candidates="13" cleared="0" enqueued="0" dynamicThreshold="13" maxThreshold="32" />
  <references type="weak" candidates="216" cleared="210" enqueued="210" />
  <references type="phantom" candidates="51" cleared="30" enqueued="30" />
  <stringconstants candidates="4995" cleared="0"  />
  <warning details="Mark invoked due to insufficient free space for Copy-Forward" />
</gc-op>
<gc-op id="220" type="classunload" timems="0.002" contextid="216" timestamp="2019-06-17T03:22:52.126">
  <classunload-info classloadercandidates="10" classloadersunloaded="0" classesunloaded="0" anonymousclassesunloaded="0" quiescems="0.000" setupms="0.002" scanms="0.000" postms="0.000" />
</gc-op>
<gc-op id="221" type="sweep" timems="0.433" contextid="216" timestamp="2019-06-17T03:22:52.127" />
<gc-op id="222" type="compact" timems="2.064" contextid="216" timestamp="2019-06-17T03:22:52.129">
  <compact-info movecount="16672" movebytes="1054952" />
  <remembered-set-cleared processed="13097" cleared="4207" durationms="0.119" />
</gc-op>
<gc-end id="223" type="partial gc" contextid="216" durationms="5.669" usertimems="8.000" systemtimems="0.000" timestamp="2019-06-17T03:22:52.130" activeThreads="4">
  <mem-info id="224" free="8388608" total="22020096" percent="38">
    <mem type="eden" free="392976" total="1048576" percent="37" />
    <pending-finalizers system="0" default="0" reference="240" classloader="0" />
    <remembered-set count="7424" freebytes="849280" totalbytes="878976" percent="96" regionsoverflowed="0" regionsstable="1" regionsrebuilding="0"/>
  </mem-info>
</gc-end>
<cycle-end id="225" type="partial gc" contextid="216" timestamp="2019-06-17T03:22:52.130" />
  <attribute name="elasticGC enabled" value="1" />
  <attribute name= "numThreadsSpecified" value="4" />
  <attribute name="heapSize specified" value="0" />
  <attribute name="Current GC Util" value="29" />
  <attribute name= "Current Time Running" value="14438" />
  <attribute name ="GC Interval" value="0" />
  <attribute name="ProportionalT" value="13.500000" />
  <attribute name="ProportionalI" value="13.500000" />
  <attribute name="ProportionalH" value="13.500000" />
  <attribute name="Current Error" value="9.000000" />
  <attribute name="IntegralT" value="9.000000" />
  <attribute name="IntegralI" value="9.000000" />
  <attribute name="IntegralH" value="9.000000" />
  <attribute name="DerivativeT" value="13.500000" />
  <attribute name="DerivativeI" value="13.500000" />
  <attribute name="DerivativeH" value="13.500000" />
  <attribute name="Loop Time for DT" value="1.000000" />
  <attribute name="Output H" value="8388608"/>
  <attribute name="Output I" value="200"/>
  <attribute name="Output T" value="4"/>
  <attribute name="Target GC Util Change" value ="20.000000" />
  <attribute name="Current GC Util Change" value="29.000000"/>
  <attribute name="GC Util currently" value="29" />
  <attribute name="CPU Util currently" value="6883935418457" />
<exclusive-end id="226" timestamp="2019-06-17T03:22:52.130" durationms="6.358" />

<exclusive-start id="227" timestamp="2019-06-17T03:22:52.176" intervalms="52.294">
  <response-info timems="0.054" idlems="0.054" threads="0" lastid="0000000002922400" lastname="PmdThread 3" />
</exclusive-start>
<allocation-taxation id="228" taxation-threshold="8388608" timestamp="2019-06-17T03:22:52.176" intervalms="52.259" />
<cycle-start id="229" type="partial gc" contextid="0" timestamp="2019-06-17T03:22:52.176" intervalms="52.228" />
<gc-start id="230" type="partial gc" contextid="229" timestamp="2019-06-17T03:22:52.176">
  <mem-info id="231" free="0" total="22020096" percent="0">
    <mem type="eden" free="0" total="8388608" percent="0" />
    <remembered-set count="7424" freebytes="849280" totalbytes="878976" percent="96" regionsoverflowed="0" regionsstable="1" regionsrebuilding="0"/>
  </mem-info>
</gc-start>
<allocation-stats totalBytes="8377640" >
  <allocated-bytes non-tlh="33376" tlh="8344264" arrayletleaf="0"/>
  <largest-consumer threadName="PmdThread 3" threadId="0000000002922400" bytes="2450528" />
</allocation-stats>
<gc-op id="232" type="mark" timems="1.519" contextid="229" timestamp="2019-06-17T03:22:52.179">
  <trace-info objectcount="9806" scancount="8650" scanbytes="292284" />
  <cardclean-info objects="1401" bytes="71660" />
  <remembered-set-cleared processed="5866" cleared="564" durationms="0.126" />
  <finalization candidates="1" enqueued="0" />
  <references type="soft" candidates="13" cleared="0" enqueued="0" dynamicThreshold="12" maxThreshold="32" />
  <references type="weak" candidates="158" cleared="152" enqueued="152" />
  <references type="phantom" candidates="45" cleared="28" enqueued="28" />
  <stringconstants candidates="5004" cleared="0"  />
  <warning details="Mark invoked due to insufficient free space for Copy-Forward" />
</gc-op>
<gc-op id="233" type="classunload" timems="0.002" contextid="229" timestamp="2019-06-17T03:22:52.179">
  <classunload-info classloadercandidates="10" classloadersunloaded="0" classesunloaded="0" anonymousclassesunloaded="0" quiescems="0.000" setupms="0.002" scanms="0.000" postms="0.000" />
</gc-op>
<gc-op id="234" type="sweep" timems="0.346" contextid="229" timestamp="2019-06-17T03:22:52.179" />
<gc-op id="235" type="compact" timems="2.405" contextid="229" timestamp="2019-06-17T03:22:52.182">
  <compact-info movecount="9767" movebytes="832984" />
  <remembered-set-cleared processed="12088" cleared="1459" durationms="0.126" />
</gc-op>
<heap-resize id="236" type="expand" space="default" amount="2097152" count="1" timems="0.071" reason="insufficient free space following gc" timestamp="2019-06-17T03:22:52.182" />
<gc-end id="237" type="partial gc" contextid="229" durationms="6.155" usertimems="8.000" systemtimems="4.000" timestamp="2019-06-17T03:22:52.182" activeThreads="1">
  <mem-info id="238" free="9437184" total="24117248" percent="39">
    <mem type="eden" free="230440" total="1048576" percent="21" />
    <pending-finalizers system="0" default="0" reference="180" classloader="0" />
    <remembered-set count="7712" freebytes="931840" totalbytes="962688" percent="96" regionsoverflowed="0" regionsstable="1" regionsrebuilding="0"/>
  </mem-info>
</gc-end>
<cycle-end id="239" type="partial gc" contextid="229" timestamp="2019-06-17T03:22:52.182" />
  <attribute name="elasticGC enabled" value="1" />
  <attribute name= "numThreadsSpecified" value="1" />
  <attribute name="heapSize specified" value="0" />
  <attribute name="Current GC Util" value="34" />
  <attribute name= "Current Time Running" value="14490" />
  <attribute name ="GC Interval" value="0" />
  <attribute name="ProportionalT" value="21.000000" />
  <attribute name="ProportionalI" value="21.000000" />
  <attribute name="ProportionalH" value="21.000000" />
  <attribute name="Current Error" value="14.000000" />
  <attribute name="IntegralT" value="0.000000" />
  <attribute name="IntegralI" value="0.000000" />
  <attribute name="IntegralH" value="0.000000" />
  <attribute name="DerivativeT" value="inf" />
  <attribute name="DerivativeI" value="inf" />
  <attribute name="DerivativeH" value="inf" />
  <attribute name="Loop Time for DT" value="0.000000" />
  <attribute name="Output H" value="8388608"/>
  <attribute name="Output I" value="200"/>
  <attribute name="Output T" value="1"/>
  <attribute name="Target GC Util Change" value ="20.000000" />
  <attribute name="Current GC Util Change" value="34.000000"/>
  <attribute name="GC Util currently" value="34" />
  <attribute name="CPU Util currently" value="8090166262004" />
<exclusive-end id="240" timestamp="2019-06-17T03:22:52.183" durationms="6.735" />

<exclusive-start id="241" timestamp="2019-06-17T03:22:52.244" intervalms="67.906">
  <response-info timems="0.040" idlems="0.040" threads="0" lastid="0000000002922400" lastname="PmdThread 3" />
</exclusive-start>
<allocation-taxation id="242" taxation-threshold="9437184" timestamp="2019-06-17T03:22:52.244" intervalms="67.929" />
<cycle-start id="243" type="partial gc" contextid="0" timestamp="2019-06-17T03:22:52.244" intervalms="67.950" />
<gc-start id="244" type="partial gc" contextid="243" timestamp="2019-06-17T03:22:52.244">
  <mem-info id="245" free="0" total="24117248" percent="0">
    <mem type="eden" free="230440" total="10485760" percent="2" />
    <remembered-set count="7712" freebytes="931840" totalbytes="962688" percent="96" regionsoverflowed="0" regionsstable="1" regionsrebuilding="0"/>
  </mem-info>
</gc-start>
<allocation-stats totalBytes="9426896" >
  <allocated-bytes non-tlh="8200" tlh="9418696" arrayletleaf="0"/>
  <largest-consumer threadName="PmdThread 4" threadId="0000000002926000" bytes="3719456" />
</allocation-stats>
<gc-op id="246" type="mark" timems="1.638" contextid="243" timestamp="2019-06-17T03:22:52.246">
  <trace-info objectcount="11063" scancount="9667" scanbytes="321756" />
  <cardclean-info objects="1694" bytes="75860" />
  <remembered-set-cleared processed="6097" cleared="568" durationms="0.127" />
  <references type="weak" candidates="184" cleared="184" enqueued="184" />
  <references type="phantom" candidates="48" cleared="38" enqueued="38" />
  <stringconstants candidates="5004" cleared="0"  />
  <warning details="Mark invoked due to insufficient free space for Copy-Forward" />
</gc-op>
<gc-op id="247" type="classunload" timems="0.002" contextid="243" timestamp="2019-06-17T03:22:52.246">
  <classunload-info classloadercandidates="10" classloadersunloaded="0" classesunloaded="0" anonymousclassesunloaded="0" quiescems="0.000" setupms="0.002" scanms="0.000" postms="0.000" />
</gc-op>
<gc-op id="248" type="sweep" timems="0.454" contextid="243" timestamp="2019-06-17T03:22:52.247" />
<gc-op id="249" type="compact" timems="1.649" contextid="243" timestamp="2019-06-17T03:22:52.249">
  <compact-info movecount="11042" movebytes="1029208" />
  <remembered-set-cleared processed="12540" cleared="1448" durationms="0.127" />
</gc-op>
<heap-resize id="250" type="expand" space="default" amount="2097152" count="1" timems="0.067" reason="insufficient free space following gc" timestamp="2019-06-17T03:22:52.249" />
<gc-end id="251" type="partial gc" contextid="243" durationms="5.002" usertimems="4.000" systemtimems="0.000" timestamp="2019-06-17T03:22:52.249" activeThreads="4">
  <mem-info id="252" free="10485760" total="26214400" percent="40">
    <mem type="eden" free="1067352" total="2097152" percent="50" />
    <pending-finalizers system="0" default="0" reference="222" classloader="0" />
    <remembered-set count="7744" freebytes="1015424" totalbytes="1046400" percent="97" regionsoverflowed="0" regionsstable="1" regionsrebuilding="0"/>
  </mem-info>
</gc-end>
<cycle-end id="253" type="partial gc" contextid="243" timestamp="2019-06-17T03:22:52.249" />
  <attribute name="elasticGC enabled" value="1" />
  <attribute name= "numThreadsSpecified" value="4" />
  <attribute name="heapSize specified" value="0" />
  <attribute name="Current GC Util" value="33" />
  <attribute name= "Current Time Running" value="14558" />
  <attribute name ="GC Interval" value="0" />
  <attribute name="ProportionalT" value="19.500000" />
  <attribute name="ProportionalI" value="19.500000" />
  <attribute name="ProportionalH" value="19.500000" />
  <attribute name="Current Error" value="13.000000" />
  <attribute name="IntegralT" value="13.000000" />
  <attribute name="IntegralI" value="13.000000" />
  <attribute name="IntegralH" value="13.000000" />
  <attribute name="DerivativeT" value="19.500000" />
  <attribute name="DerivativeI" value="19.500000" />
  <attribute name="DerivativeH" value="19.500000" />
  <attribute name="Loop Time for DT" value="1.000000" />
  <attribute name="Output H" value="8388608"/>
  <attribute name="Output I" value="200"/>
  <attribute name="Output T" value="4"/>
  <attribute name="Target GC Util Change" value ="20.000000" />
  <attribute name="Current GC Util Change" value="33.000000"/>
  <attribute name="GC Util currently" value="33" />
  <attribute name="CPU Util currently" value="6643596913053" />
<exclusive-end id="254" timestamp="2019-06-17T03:22:52.249" durationms="5.703" />

<exclusive-start id="255" timestamp="2019-06-17T03:22:52.293" intervalms="49.560">
  <response-info timems="0.040" idlems="0.040" threads="0" lastid="000000000291AC00" lastname="PmdThread 1" />
</exclusive-start>
<allocation-taxation id="256" taxation-threshold="10485760" timestamp="2019-06-17T03:22:52.293" intervalms="49.576" />
<cycle-start id="257" type="partial gc" contextid="0" timestamp="2019-06-17T03:22:52.293" intervalms="49.588" />
<gc-start id="258" type="partial gc" contextid="257" timestamp="2019-06-17T03:22:52.294">
  <mem-info id="259" free="0" total="26214400" percent="0">
    <mem type="eden" free="0" total="10485760" percent="0" />
    <remembered-set count="7744" freebytes="1015424" totalbytes="1046400" percent="97" regionsoverflowed="0" regionsstable="1" regionsrebuilding="0"/>
  </mem-info>
</gc-start>
<allocation-stats totalBytes="10482648" >
  <allocated-bytes non-tlh="0" tlh="10482648" arrayletleaf="0"/>
  <largest-consumer threadName="PmdThread 3" threadId="0000000002922400" bytes="4291744" />
</allocation-stats>
<gc-op id="260" type="mark" timems="4.071" contextid="257" timestamp="2019-06-17T03:22:52.298">
  <trace-info objectcount="61289" scancount="55658" scanbytes="2027464" />
  <cardclean-info objects="1384" bytes="66208" />
  <remembered-set-cleared processed="6265" cleared="600" durationms="0.121" />
  <references type="weak" candidates="42" cleared="42" enqueued="42" />
  <references type="phantom" candidates="22" cleared="10" enqueued="10" />
  <stringconstants candidates="5004" cleared="0"  />
  <warning details="Mark invoked due to insufficient free space for Copy-Forward" />
</gc-op>
<gc-op id="261" type="classunload" timems="0.002" contextid="257" timestamp="2019-06-17T03:22:52.298">
  <classunload-info classloadercandidates="10" classloadersunloaded="0" classesunloaded="0" anonymousclassesunloaded="0" quiescems="0.000" setupms="0.001" scanms="0.000" postms="0.000" />
</gc-op>
<gc-op id="262" type="sweep" timems="0.807" contextid="257" timestamp="2019-06-17T03:22:52.299" />
<gc-op id="263" type="compact" timems="4.844" contextid="257" timestamp="2019-06-17T03:22:52.304">
  <compact-info movecount="61289" movebytes="3042744" />
  <remembered-set-cleared processed="13119" cleared="1736" durationms="0.121" />
</gc-op>
<heap-resize id="264" type="expand" space="default" amount="3145728" count="1" timems="0.067" reason="insufficient free space following gc" timestamp="2019-06-17T03:22:52.305" />
<gc-end id="265" type="partial gc" contextid="257" durationms="11.131" usertimems="16.000" systemtimems="0.000" timestamp="2019-06-17T03:22:52.305" activeThreads="4">
  <mem-info id="266" free="10485760" total="29360128" percent="35">
    <mem type="eden" free="340352" total="3145728" percent="10" />
    <pending-finalizers system="0" default="0" reference="52" classloader="0" />
    <remembered-set count="11744" freebytes="1124992" totalbytes="1171968" percent="95" regionsoverflowed="0" regionsstable="1" regionsrebuilding="0"/>
  </mem-info>
</gc-end>
<cycle-end id="267" type="partial gc" contextid="257" timestamp="2019-06-17T03:22:52.305" />
  <attribute name="elasticGC enabled" value="1" />
  <attribute name= "numThreadsSpecified" value="4" />
  <attribute name="heapSize specified" value="0" />
  <attribute name="Current GC Util" value="163" />
  <attribute name= "Current Time Running" value="14610" />
  <attribute name ="GC Interval" value="0" />
  <attribute name="ProportionalT" value="214.500000" />
  <attribute name="ProportionalI" value="214.500000" />
  <attribute name="ProportionalH" value="214.500000" />
  <attribute name="Current Error" value="143.000000" />
  <attribute name="IntegralT" value="143.000000" />
  <attribute name="IntegralI" value="143.000000" />
  <attribute name="IntegralH" value="143.000000" />
  <attribute name="DerivativeT" value="214.500000" />
  <attribute name="DerivativeI" value="214.500000" />
  <attribute name="DerivativeH" value="214.500000" />
  <attribute name="Loop Time for DT" value="1.000000" />
  <attribute name="Output H" value="8388608"/>
  <attribute name="Output I" value="576"/>
  <attribute name="Output T" value="4"/>
  <attribute name="Target GC Util Change" value ="20.000000" />
  <attribute name="Current GC Util Change" value="163.000000"/>
  <attribute name="GC Util currently" value="163" />
  <attribute name="CPU Util currently" value="4476713114563" />
<exclusive-end id="268" timestamp="2019-06-17T03:22:52.305" durationms="11.875" />

<exclusive-start id="269" timestamp="2019-06-17T03:22:52.335" intervalms="41.336">
  <response-info timems="0.080" idlems="0.042" threads="1" lastid="0000000002926000" lastname="PmdThread 4" />
</exclusive-start>
<allocation-taxation id="270" taxation-threshold="10485760" timestamp="2019-06-17T03:22:52.335" intervalms="41.371" />
<cycle-start id="271" type="partial gc" contextid="0" timestamp="2019-06-17T03:22:52.335" intervalms="41.414" />
<gc-start id="272" type="partial gc" contextid="271" timestamp="2019-06-17T03:22:52.335">
  <mem-info id="273" free="0" total="29360128" percent="0">
    <mem type="eden" free="0" total="10485760" percent="0" />
    <remembered-set count="11424" freebytes="1126272" totalbytes="1171968" percent="96" regionsoverflowed="0" regionsstable="1" regionsrebuilding="0"/>
  </mem-info>
</gc-start>
<allocation-stats totalBytes="10476856" >
  <allocated-bytes non-tlh="0" tlh="10476856" arrayletleaf="0"/>
  <largest-consumer threadName="PmdThread 3" threadId="0000000002922400" bytes="4201848" />
</allocation-stats>
<gc-op id="274" type="mark" timems="5.811" contextid="271" timestamp="2019-06-17T03:22:52.341">
  <trace-info objectcount="102924" scancount="94619" scanbytes="3437076" />
  <cardclean-info objects="687" bytes="41672" />
  <remembered-set-cleared processed="6703" cleared="742" durationms="0.126" />
  <references type="weak" candidates="238" cleared="238" enqueued="238" />
  <references type="phantom" candidates="4" cleared="2" enqueued="2" />
  <stringconstants candidates="5004" cleared="0"  />
  <warning details="Mark invoked due to insufficient free space for Copy-Forward" />
</gc-op>
<gc-op id="275" type="classunload" timems="0.003" contextid="271" timestamp="2019-06-17T03:22:52.342">
  <classunload-info classloadercandidates="10" classloadersunloaded="0" classesunloaded="0" anonymousclassesunloaded="0" quiescems="0.000" setupms="0.002" scanms="0.000" postms="0.000" />
</gc-op>
<gc-op id="276" type="sweep" timems="0.828" contextid="271" timestamp="2019-06-17T03:22:52.343" />
<gc-op id="277" type="compact" timems="7.452" contextid="271" timestamp="2019-06-17T03:22:52.350">
  <compact-info movecount="99562" movebytes="4191544" />
  <remembered-set-cleared processed="14552" cleared="2612" durationms="0.126" />
</gc-op>
<heap-resize id="278" type="expand" space="default" amount="4194304" count="1" timems="0.073" reason="insufficient free space following gc" timestamp="2019-06-17T03:22:52.351" />
<gc-end id="279" type="partial gc" contextid="271" durationms="15.614" usertimems="28.000" systemtimems="0.000" timestamp="2019-06-17T03:22:52.351" activeThreads="4">
  <mem-info id="280" free="12582912" total="33554432" percent="37">
    <mem type="eden" free="236752" total="2097152" percent="11" />
    <pending-finalizers system="0" default="0" reference="240" classloader="0" />
    <remembered-set count="19264" freebytes="1262336" totalbytes="1339392" percent="94" regionsoverflowed="0" regionsstable="1" regionsrebuilding="0"/>
  </mem-info>
</gc-end>
<cycle-end id="281" type="partial gc" contextid="271" timestamp="2019-06-17T03:22:52.351" />
  <attribute name="elasticGC enabled" value="1" />
  <attribute name= "numThreadsSpecified" value="4" />
  <attribute name="heapSize specified" value="0" />
  <attribute name="Current GC Util" value="161" />
  <attribute name= "Current Time Running" value="14654" />
  <attribute name ="GC Interval" value="0" />
  <attribute name="ProportionalT" value="211.500000" />
  <attribute name="ProportionalI" value="211.500000" />
  <attribute name="ProportionalH" value="211.500000" />
  <attribute name="Current Error" value="141.000000" />
  <attribute name="IntegralT" value="141.000000" />
  <attribute name="IntegralI" value="141.000000" />
  <attribute name="IntegralH" value="141.000000" />
  <attribute name="DerivativeT" value="211.500000" />
  <attribute name="DerivativeI" value="211.500000" />
  <attribute name="DerivativeH" value="211.500000" />
  <attribute name="Loop Time for DT" value="1.000000" />
  <attribute name="Output H" value="8388608"/>
  <attribute name="Output I" value="568"/>
  <attribute name="Output T" value="4"/>
  <attribute name="Target GC Util Change" value ="20.000000" />
  <attribute name="Current GC Util Change" value="161.000000"/>
  <attribute name="GC Util currently" value="161" />
  <attribute name="CPU Util currently" value="4404889659635" />
<exclusive-end id="282" timestamp="2019-06-17T03:22:52.351" durationms="16.420" />

<exclusive-start id="283" timestamp="2019-06-17T03:22:52.399" intervalms="64.303">
  <response-info timems="0.027" idlems="0.027" threads="0" lastid="000000000291AC00" lastname="PmdThread 1" />
</exclusive-start>
<allocation-taxation id="284" taxation-threshold="12582912" timestamp="2019-06-17T03:22:52.399" intervalms="64.303" />
<cycle-start id="285" type="partial gc" contextid="0" timestamp="2019-06-17T03:22:52.399" intervalms="64.269" />
<gc-start id="286" type="partial gc" contextid="285" timestamp="2019-06-17T03:22:52.399">
  <mem-info id="287" free="0" total="33554432" percent="0">
    <mem type="eden" free="0" total="12582912" percent="0" />
    <remembered-set count="18784" freebytes="1264256" totalbytes="1339392" percent="94" regionsoverflowed="0" regionsstable="1" regionsrebuilding="0"/>
  </mem-info>
</gc-start>
<allocation-stats totalBytes="12569760" >
  <allocated-bytes non-tlh="0" tlh="12569760" arrayletleaf="0"/>
  <largest-consumer threadName="PmdThread 4" threadId="0000000002926000" bytes="3896280" />
</allocation-stats>
<gc-op id="288" type="mark" timems="7.350" contextid="285" timestamp="2019-06-17T03:22:52.407">
  <trace-info objectcount="96969" scancount="89862" scanbytes="3226884" />
  <cardclean-info objects="28197" bytes="1142828" />
  <remembered-set-cleared processed="15178" cleared="7782" durationms="0.192" />
  <references type="weak" candidates="264" cleared="264" enqueued="264" />
  <references type="phantom" candidates="7" cleared="7" enqueued="7" />
  <stringconstants candidates="5004" cleared="0"  />
  <warning details="Mark invoked due to insufficient free space for Copy-Forward" />
</gc-op>
<gc-op id="289" type="classunload" timems="0.003" contextid="285" timestamp="2019-06-17T03:22:52.407">
  <classunload-info classloadercandidates="10" classloadersunloaded="0" classesunloaded="0" anonymousclassesunloaded="0" quiescems="0.000" setupms="0.003" scanms="0.000" postms="0.000" />
</gc-op>
<gc-op id="290" type="sweep" timems="0.508" contextid="285" timestamp="2019-06-17T03:22:52.408" />
<gc-op id="291" type="compact" timems="5.893" contextid="285" timestamp="2019-06-17T03:22:52.414">
  <compact-info movecount="96859" movebytes="3844320" />
  <remembered-set-cleared processed="61298" cleared="45428" durationms="0.192" />
</gc-op>
<heap-resize id="292" type="expand" space="default" amount="1048576" count="1" timems="0.058" reason="insufficient free space following gc" timestamp="2019-06-17T03:22:52.414" />
<gc-end id="293" type="partial gc" contextid="285" durationms="15.106" usertimems="24.000" systemtimems="0.000" timestamp="2019-06-17T03:22:52.414" activeThreads="4">
  <mem-info id="294" free="11534336" total="34603008" percent="33">
    <mem type="eden" free="61376" total="2097152" percent="2" />
    <pending-finalizers system="0" default="0" reference="271" classloader="0" />
    <remembered-set count="23488" freebytes="1287296" totalbytes="1381248" percent="93" regionsoverflowed="0" regionsstable="1" regionsrebuilding="0"/>
  </mem-info>
</gc-end>
<cycle-end id="295" type="partial gc" contextid="285" timestamp="2019-06-17T03:22:52.415" />
  <attribute name="elasticGC enabled" value="1" />
  <attribute name= "numThreadsSpecified" value="4" />
  <attribute name="heapSize specified" value="0" />
  <attribute name="Current GC Util" value="49" />
  <attribute name= "Current Time Running" value="14719" />
  <attribute name ="GC Interval" value="0" />
  <attribute name="ProportionalT" value="43.500000" />
  <attribute name="ProportionalI" value="43.500000" />
  <attribute name="ProportionalH" value="43.500000" />
  <attribute name="Current Error" value="29.000000" />
  <attribute name="IntegralT" value="29.000000" />
  <attribute name="IntegralI" value="29.000000" />
  <attribute name="IntegralH" value="29.000000" />
  <attribute name="DerivativeT" value="43.500000" />
  <attribute name="DerivativeI" value="43.500000" />
  <attribute name="DerivativeH" value="43.500000" />
  <attribute name="Loop Time for DT" value="1.000000" />
  <attribute name="Output H" value="8388608"/>
  <attribute name="Output I" value="200"/>
  <attribute name="Output T" value="4"/>
  <attribute name="Target GC Util Change" value ="20.000000" />
  <attribute name="Current GC Util Change" value="49.000000"/>
  <attribute name="GC Util currently" value="49" />
  <attribute name="CPU Util currently" value="6721232077373" />
<exclusive-end id="296" timestamp="2019-06-17T03:22:52.415" durationms="15.832" />

<exclusive-start id="297" timestamp="2019-06-17T03:22:52.441" intervalms="42.093">
  <response-info timems="0.040" idlems="0.040" threads="0" lastid="0000000002922400" lastname="PmdThread 3" />
</exclusive-start>
<allocation-taxation id="298" taxation-threshold="11534336" timestamp="2019-06-17T03:22:52.441" intervalms="42.083" />
<cycle-start id="299" type="partial gc" contextid="0" timestamp="2019-06-17T03:22:52.441" intervalms="42.101" />
<gc-start id="300" type="partial gc" contextid="299" timestamp="2019-06-17T03:22:52.441">
  <mem-info id="301" free="0" total="34603008" percent="0">
    <mem type="eden" free="0" total="11534336" percent="0" />
    <remembered-set count="23392" freebytes="1287680" totalbytes="1381248" percent="93" regionsoverflowed="0" regionsstable="1" regionsrebuilding="0"/>
  </mem-info>
</gc-start>
<allocation-stats totalBytes="11530848" >
  <allocated-bytes non-tlh="64" tlh="11530784" arrayletleaf="0"/>
  <largest-consumer threadName="PmdThread 1" threadId="000000000291AC00" bytes="4545816" />
</allocation-stats>
<gc-op id="302" type="mark" timems="3.438" contextid="299" timestamp="2019-06-17T03:22:52.445">
  <trace-info objectcount="84532" scancount="78330" scanbytes="2856952" />
  <cardclean-info objects="15730" bytes="600020" />
  <remembered-set-cleared processed="20864" cleared="5271" durationms="0.144" />
  <references type="weak" candidates="66" cleared="66" enqueued="66" />
  <references type="phantom" candidates="3" cleared="1" enqueued="1" />
  <stringconstants candidates="5005" cleared="0"  />
  <warning details="Mark invoked due to insufficient free space for Copy-Forward" />
</gc-op>
<gc-op id="303" type="classunload" timems="0.002" contextid="299" timestamp="2019-06-17T03:22:52.445">
  <classunload-info classloadercandidates="10" classloadersunloaded="0" classesunloaded="0" anonymousclassesunloaded="0" quiescems="0.000" setupms="0.001" scanms="0.000" postms="0.000" />
</gc-op>
<gc-op id="304" type="sweep" timems="0.385" contextid="299" timestamp="2019-06-17T03:22:52.446" />
<gc-op id="305" type="compact" timems="5.736" contextid="299" timestamp="2019-06-17T03:22:52.452">
  <compact-info movecount="83395" movebytes="3385040" />
  <remembered-set-cleared processed="68471" cleared="35286" durationms="0.209" />
</gc-op>
<heap-resize id="306" type="expand" space="default" amount="3145728" count="1" timems="0.064" reason="insufficient free space following gc" timestamp="2019-06-17T03:22:52.452" />
<gc-end id="307" type="partial gc" contextid="299" durationms="10.920" usertimems="20.000" systemtimems="4.000" timestamp="2019-06-17T03:22:52.452" activeThreads="4">
  <mem-info id="308" free="12582912" total="37748736" percent="33">
    <mem type="eden" free="376696" total="2097152" percent="17" />
    <pending-finalizers system="0" default="0" reference="67" classloader="0" />
    <remembered-set count="28192" freebytes="1394048" totalbytes="1506816" percent="92" regionsoverflowed="0" regionsstable="1" regionsrebuilding="0"/>
  </mem-info>
</gc-end>
<cycle-end id="309" type="partial gc" contextid="299" timestamp="2019-06-17T03:22:52.453" />
  <attribute name="elasticGC enabled" value="1" />
  <attribute name= "numThreadsSpecified" value="4" />
  <attribute name="heapSize specified" value="0" />
  <attribute name="Current GC Util" value="50" />
  <attribute name= "Current Time Running" value="14757" />
  <attribute name ="GC Interval" value="0" />
  <attribute name="ProportionalT" value="45.000000" />
  <attribute name="ProportionalI" value="45.000000" />
  <attribute name="ProportionalH" value="45.000000" />
  <attribute name="Current Error" value="30.000000" />
  <attribute name="IntegralT" value="30.000000" />
  <attribute name="IntegralI" value="30.000000" />
  <attribute name="IntegralH" value="30.000000" />
  <attribute name="DerivativeT" value="-121.500000" />
  <attribute name="DerivativeI" value="-121.500000" />
  <attribute name="DerivativeH" value="-121.500000" />
  <attribute name="Loop Time for DT" value="1.000000" />
  <attribute name="Output H" value="2091843584"/>
  <attribute name="Output I" value="200"/>
  <attribute name="Output T" value="4"/>
  <attribute name="Target GC Util Change" value ="20.000000" />
  <attribute name="Current GC Util Change" value="50.000000"/>
  <attribute name="GC Util currently" value="50" />
  <attribute name="CPU Util currently" value="8211852463568" />
<exclusive-end id="310" timestamp="2019-06-17T03:22:52.453" durationms="11.679" />

<exclusive-start id="311" timestamp="2019-06-17T03:22:52.488" intervalms="46.522">
  <response-info timems="0.030" idlems="0.030" threads="0" lastid="000000000291AC00" lastname="PmdThread 1" />
</exclusive-start>
<allocation-taxation id="312" taxation-threshold="12582912" timestamp="2019-06-17T03:22:52.488" intervalms="46.549" />
<cycle-start id="313" type="partial gc" contextid="0" timestamp="2019-06-17T03:22:52.488" intervalms="46.584" />
<gc-start id="314" type="partial gc" contextid="313" timestamp="2019-06-17T03:22:52.488">
  <mem-info id="315" free="0" total="37748736" percent="0">
    <mem type="eden" free="0" total="12582912" percent="0" />
    <remembered-set count="27712" freebytes="1395968" totalbytes="1506816" percent="92" regionsoverflowed="0" regionsstable="1" regionsrebuilding="0"/>
  </mem-info>
</gc-start>
<allocation-stats totalBytes="12579592" >
  <allocated-bytes non-tlh="0" tlh="12579592" arrayletleaf="0"/>
  <largest-consumer threadName="PmdThread 1" threadId="000000000291AC00" bytes="6069320" />
</allocation-stats>
<gc-op id="316" type="mark" timems="5.668" contextid="313" timestamp="2019-06-17T03:22:52.494">
  <trace-info objectcount="90318" scancount="83832" scanbytes="3086708" />
  <cardclean-info objects="807" bytes="44256" />
  <remembered-set-cleared processed="24864" cleared="3007" durationms="0.256" />
  <references type="weak" candidates="112" cleared="112" enqueued="112" />
  <references type="phantom" candidates="7" cleared="6" enqueued="6" />
  <stringconstants candidates="5005" cleared="0"  />
  <warning details="Mark invoked due to insufficient free space for Copy-Forward" />
</gc-op>
<gc-op id="317" type="classunload" timems="0.003" contextid="313" timestamp="2019-06-17T03:22:52.494">
  <classunload-info classloadercandidates="10" classloadersunloaded="0" classesunloaded="0" anonymousclassesunloaded="0" quiescems="0.000" setupms="0.003" scanms="0.000" postms="0.000" />
</gc-op>
<gc-op id="318" type="sweep" timems="0.503" contextid="313" timestamp="2019-06-17T03:22:52.495" />
<gc-op id="319" type="compact" timems="11.802" contextid="313" timestamp="2019-06-17T03:22:52.507">
  <compact-info movecount="88234" movebytes="3672640" />
  <remembered-set-cleared processed="81491" cleared="37743" durationms="0.354" />
</gc-op>
<heap-resize id="320" type="expand" space="default" amount="5242880" count="1" timems="0.080" reason="insufficient free space following gc" timestamp="2019-06-17T03:22:52.508" />
<gc-end id="321" type="partial gc" contextid="313" durationms="19.867" usertimems="12.000" systemtimems="8.000" timestamp="2019-06-17T03:22:52.508" activeThreads="1">
  <mem-info id="322" free="14680064" total="42991616" percent="34">
    <mem type="eden" free="864152" total="3145728" percent="27" />
    <pending-finalizers system="0" default="0" reference="118" classloader="0" />
    <remembered-set count="32320" freebytes="1586816" totalbytes="1716096" percent="92" regionsoverflowed="0" regionsstable="1" regionsrebuilding="0"/>
  </mem-info>
</gc-end>
<cycle-end id="323" type="partial gc" contextid="313" timestamp="2019-06-17T03:22:52.508" />
  <attribute name="elasticGC enabled" value="1" />
  <attribute name= "numThreadsSpecified" value="1" />
  <attribute name="heapSize specified" value="0" />
  <attribute name="Current GC Util" value="55" />
  <attribute name= "Current Time Running" value="14806" />
  <attribute name ="GC Interval" value="0" />
  <attribute name="ProportionalT" value="52.500000" />
  <attribute name="ProportionalI" value="52.500000" />
  <attribute name="ProportionalH" value="52.500000" />
  <attribute name="Current Error" value="35.000000" />
  <attribute name="IntegralT" value="0.000000" />
  <attribute name="IntegralI" value="0.000000" />
  <attribute name="IntegralH" value="0.000000" />
  <attribute name="DerivativeT" value="inf" />
  <attribute name="DerivativeI" value="inf" />
  <attribute name="DerivativeH" value="inf" />
  <attribute name="Loop Time for DT" value="0.000000" />
  <attribute name="Output H" value="8388608"/>
  <attribute name="Output I" value="200"/>
  <attribute name="Output T" value="1"/>
  <attribute name="Target GC Util Change" value ="20.000000" />
  <attribute name="Current GC Util Change" value="55.000000"/>
  <attribute name="GC Util currently" value="55" />
  <attribute name="CPU Util currently" value="6008601814092" />
<exclusive-end id="324" timestamp="2019-06-17T03:22:52.508" durationms="20.972" />

<exclusive-start id="325" timestamp="2019-06-17T03:22:52.559" intervalms="71.239">
  <response-info timems="0.240" idlems="0.240" threads="0" lastid="0000000002922400" lastname="PmdThread 3" />
</exclusive-start>
<allocation-taxation id="326" taxation-threshold="14680064" timestamp="2019-06-17T03:22:52.559" intervalms="71.210" />
<cycle-start id="327" type="partial gc" contextid="0" timestamp="2019-06-17T03:22:52.559" intervalms="71.172" />
<gc-start id="328" type="partial gc" contextid="327" timestamp="2019-06-17T03:22:52.559">
  <mem-info id="329" free="0" total="42991616" percent="0">
    <mem type="eden" free="0" total="14680064" percent="0" />
    <remembered-set count="32032" freebytes="1587968" totalbytes="1716096" percent="92" regionsoverflowed="0" regionsstable="1" regionsrebuilding="0"/>
  </mem-info>
</gc-start>
<allocation-stats totalBytes="14673680" >
  <allocated-bytes non-tlh="4672" tlh="14669008" arrayletleaf="0"/>
  <largest-consumer threadName="PmdThread 1" threadId="000000000291AC00" bytes="6950120" />
</allocation-stats>
<gc-op id="330" type="mark" timems="8.628" contextid="327" timestamp="2019-06-17T03:22:52.568">
  <trace-info objectcount="116871" scancount="109620" scanbytes="3894304" />
  <cardclean-info objects="30993" bytes="1195296" />
  <remembered-set-cleared processed="29051" cleared="7035" durationms="0.334" />
  <references type="weak" candidates="110" cleared="108" enqueued="108" />
  <references type="phantom" candidates="14" cleared="12" enqueued="12" />
  <stringconstants candidates="5038" cleared="0"  />
  <warning details="Mark invoked due to insufficient free space for Copy-Forward" />
</gc-op>
<gc-op id="331" type="classunload" timems="0.005" contextid="327" timestamp="2019-06-17T03:22:52.568">
  <classunload-info classloadercandidates="10" classloadersunloaded="0" classesunloaded="0" anonymousclassesunloaded="0" quiescems="0.000" setupms="0.004" scanms="0.000" postms="0.000" />
</gc-op>
<gc-op id="332" type="sweep" timems="0.553" contextid="327" timestamp="2019-06-17T03:22:52.569" />
<gc-op id="333" type="compact" timems="5.606" contextid="327" timestamp="2019-06-17T03:22:52.575">
  <compact-info movecount="116346" movebytes="4661632" />
  <remembered-set-cleared processed="93597" cleared="49487" durationms="0.334" />
</gc-op>
<heap-resize id="334" type="expand" space="default" amount="2097152" count="1" timems="0.064" reason="insufficient free space following gc" timestamp="2019-06-17T03:22:52.575" />
<gc-end id="335" type="partial gc" contextid="327" durationms="16.387" usertimems="32.000" systemtimems="0.000" timestamp="2019-06-17T03:22:52.576" activeThreads="4">
  <mem-info id="336" free="14680064" total="45088768" percent="32">
    <mem type="eden" free="151760" total="3145728" percent="4" />
    <pending-finalizers system="0" default="0" reference="120" classloader="0" />
    <remembered-set count="42816" freebytes="1628544" totalbytes="1799808" percent="90" regionsoverflowed="0" regionsstable="1" regionsrebuilding="0"/>
  </mem-info>
</gc-end>
<cycle-end id="337" type="partial gc" contextid="327" timestamp="2019-06-17T03:22:52.576" />
  <attribute name="elasticGC enabled" value="1" />
  <attribute name= "numThreadsSpecified" value="4" />
  <attribute name="heapSize specified" value="0" />
  <attribute name="Current GC Util" value="63" />
  <attribute name= "Current Time Running" value="14880" />
  <attribute name ="GC Interval" value="0" />
  <attribute name="ProportionalT" value="64.500000" />
  <attribute name="ProportionalI" value="64.500000" />
  <attribute name="ProportionalH" value="64.500000" />
  <attribute name="Current Error" value="43.000000" />
  <attribute name="IntegralT" value="43.000000" />
  <attribute name="IntegralI" value="43.000000" />
  <attribute name="IntegralH" value="43.000000" />
  <attribute name="DerivativeT" value="64.500000" />
  <attribute name="DerivativeI" value="64.500000" />
  <attribute name="DerivativeH" value="64.500000" />
  <attribute name="Loop Time for DT" value="1.000000" />
  <attribute name="Output H" value="8388608"/>
  <attribute name="Output I" value="200"/>
  <attribute name="Output T" value="4"/>
  <attribute name="Target GC Util Change" value ="20.000000" />
  <attribute name="Current GC Util Change" value="63.000000"/>
  <attribute name="GC Util currently" value="63" />
  <attribute name="CPU Util currently" value="5933710857614" />
<exclusive-end id="338" timestamp="2019-06-17T03:22:52.576" durationms="17.189" />

<exclusive-start id="339" timestamp="2019-06-17T03:22:52.626" intervalms="67.518">
  <response-info timems="0.032" idlems="0.032" threads="0" lastid="0000000002926000" lastname="PmdThread 4" />
</exclusive-start>
<allocation-taxation id="340" taxation-threshold="14680064" timestamp="2019-06-17T03:22:52.626" intervalms="67.526" />
<cycle-start id="341" type="partial gc" contextid="0" timestamp="2019-06-17T03:22:52.626" intervalms="67.498" />
<gc-start id="342" type="partial gc" contextid="341" timestamp="2019-06-17T03:22:52.627">
  <mem-info id="343" free="0" total="45088768" percent="0">
    <mem type="eden" free="0" total="14680064" percent="0" />
    <remembered-set count="42560" freebytes="1629568" totalbytes="1799808" percent="90" regionsoverflowed="0" regionsstable="1" regionsrebuilding="0"/>
  </mem-info>
</gc-start>
<allocation-stats totalBytes="14646792" >
  <allocated-bytes non-tlh="5984" tlh="14640808" arrayletleaf="0"/>
  <largest-consumer threadName="PmdThread 1" threadId="000000000291AC00" bytes="7297568" />
</allocation-stats>
<gc-op id="344" type="mark" timems="8.538" contextid="341" timestamp="2019-06-17T03:22:52.636">
  <trace-info objectcount="97043" scancount="90072" scanbytes="3092772" />
  <cardclean-info objects="53954" bytes="2500432" />
  <remembered-set-cleared processed="33563" cleared="12354" durationms="0.371" />
  <references type="weak" candidates="168" cleared="168" enqueued="168" />
  <references type="phantom" candidates="12" cleared="12" enqueued="12" />
  <stringconstants candidates="5067" cleared="0"  />
  <warning details="Mark invoked due to insufficient free space for Copy-Forward" />
</gc-op>
<gc-op id="345" type="classunload" timems="0.002" contextid="341" timestamp="2019-06-17T03:22:52.636">
  <classunload-info classloadercandidates="10" classloadersunloaded="0" classesunloaded="0" anonymousclassesunloaded="0" quiescems="0.000" setupms="0.002" scanms="0.000" postms="0.000" />
</gc-op>
<gc-op id="346" type="sweep" timems="0.507" contextid="341" timestamp="2019-06-17T03:22:52.637" />
<gc-op id="347" type="compact" timems="7.801" contextid="341" timestamp="2019-06-17T03:22:52.645">
  <compact-info movecount="90304" movebytes="3502976" />
  <remembered-set-cleared processed="87656" cleared="45193" durationms="0.371" />
</gc-op>
<heap-resize id="348" type="expand" space="default" amount="2097152" count="1" timems="0.066" reason="insufficient free space following gc" timestamp="2019-06-17T03:22:52.645" />
<gc-end id="349" type="partial gc" contextid="341" durationms="18.526" usertimems="24.000" systemtimems="8.000" timestamp="2019-06-17T03:22:52.645" activeThreads="4">
  <mem-info id="350" free="15728640" total="47185920" percent="33">
    <mem type="eden" free="656944" total="2097152" percent="31" />
    <pending-finalizers system="0" default="0" reference="180" classloader="0" />
    <remembered-set count="46304" freebytes="1698304" totalbytes="1883520" percent="90" regionsoverflowed="0" regionsstable="1" regionsrebuilding="0"/>
  </mem-info>
</gc-end>
<cycle-end id="351" type="partial gc" contextid="341" timestamp="2019-06-17T03:22:52.645" />
  <attribute name="elasticGC enabled" value="1" />
  <attribute name= "numThreadsSpecified" value="4" />
  <attribute name="heapSize specified" value="0" />
  <attribute name="Current GC Util" value="53" />
  <attribute name= "Current Time Running" value="14948" />
  <attribute name ="GC Interval" value="0" />
  <attribute name="ProportionalT" value="49.500000" />
  <attribute name="ProportionalI" value="49.500000" />
  <attribute name="ProportionalH" value="49.500000" />
  <attribute name="Current Error" value="33.000000" />
  <attribute name="IntegralT" value="33.000000" />
  <attribute name="IntegralI" value="33.000000" />
  <attribute name="IntegralH" value="33.000000" />
  <attribute name="DerivativeT" value="49.500000" />
  <attribute name="DerivativeI" value="49.500000" />
  <attribute name="DerivativeH" value="49.500000" />
  <attribute name="Loop Time for DT" value="1.000000" />
  <attribute name="Output H" value="8388608"/>
  <attribute name="Output I" value="200"/>
  <attribute name="Output T" value="4"/>
  <attribute name="Target GC Util Change" value ="20.000000" />
  <attribute name="Current GC Util Change" value="53.000000"/>
  <attribute name="GC Util currently" value="53" />
  <attribute name="CPU Util currently" value="6021381815161" />
<exclusive-end id="352" timestamp="2019-06-17T03:22:52.646" durationms="19.245" />

<exclusive-start id="353" timestamp="2019-06-17T03:22:52.704" intervalms="77.341">
  <response-info timems="0.033" idlems="0.018" threads="1" lastid="0000000002922400" lastname="PmdThread 3" />
</exclusive-start>
<allocation-taxation id="354" taxation-threshold="15728640" timestamp="2019-06-17T03:22:52.704" intervalms="77.332" />
<cycle-start id="355" type="partial gc" contextid="0" timestamp="2019-06-17T03:22:52.704" intervalms="77.335" />
<gc-start id="356" type="partial gc" contextid="355" timestamp="2019-06-17T03:22:52.704">
  <mem-info id="357" free="0" total="47185920" percent="0">
    <mem type="eden" free="0" total="15728640" percent="0" />
    <remembered-set count="45888" freebytes="1699968" totalbytes="1883520" percent="90" regionsoverflowed="0" regionsstable="1" regionsrebuilding="0"/>
  </mem-info>
</gc-start>
<allocation-stats totalBytes="15718256" >
  <allocated-bytes non-tlh="449944" tlh="15268312" arrayletleaf="0"/>
  <largest-consumer threadName="PmdThread 1" threadId="000000000291AC00" bytes="6428296" />
</allocation-stats>
<gc-op id="358" type="mark" timems="6.340" contextid="355" timestamp="2019-06-17T03:22:52.711">
  <trace-info objectcount="67679" scancount="60787" scanbytes="2036560" />
  <cardclean-info objects="33753" bytes="1307044" />
  <remembered-set-cleared processed="41617" cleared="7567" durationms="0.429" />
  <references type="weak" candidates="242" cleared="240" enqueued="240" />
  <references type="phantom" candidates="46" cleared="40" enqueued="40" />
  <stringconstants candidates="5092" cleared="0"  />
  <warning details="Mark invoked due to insufficient free space for Copy-Forward" />
</gc-op>
<gc-op id="359" type="classunload" timems="0.003" contextid="355" timestamp="2019-06-17T03:22:52.711">
  <classunload-info classloadercandidates="10" classloadersunloaded="0" classesunloaded="0" anonymousclassesunloaded="0" quiescems="0.000" setupms="0.003" scanms="0.000" postms="0.000" />
</gc-op>
<gc-op id="360" type="sweep" timems="0.514" contextid="355" timestamp="2019-06-17T03:22:52.712" />
<gc-op id="361" type="compact" timems="3.892" contextid="355" timestamp="2019-06-17T03:22:52.716">
  <compact-info movecount="49424" movebytes="2110384" />
  <remembered-set-cleared processed="97054" cleared="25077" durationms="0.429" />
</gc-op>
<heap-resize id="362" type="expand" space="default" amount="3145728" count="1" timems="0.067" reason="insufficient free space following gc" timestamp="2019-06-17T03:22:52.716" />
<gc-end id="363" type="partial gc" contextid="355" durationms="12.215" usertimems="24.000" systemtimems="0.000" timestamp="2019-06-17T03:22:52.716" activeThreads="4">
  <mem-info id="364" free="16777216" total="50331648" percent="33">
    <mem type="eden" free="1035080" total="2097152" percent="49" />
    <pending-finalizers system="0" default="0" reference="280" classloader="0" />
    <remembered-set count="48800" freebytes="1813888" totalbytes="2009088" percent="90" regionsoverflowed="0" regionsstable="1" regionsrebuilding="0"/>
  </mem-info>
</gc-end>
<cycle-end id="365" type="partial gc" contextid="355" timestamp="2019-06-17T03:22:52.716" />
  <attribute name="elasticGC enabled" value="1" />
  <attribute name= "numThreadsSpecified" value="4" />
  <attribute name="heapSize specified" value="0" />
  <attribute name="Current GC Util" value="50" />
  <attribute name= "Current Time Running" value="15023" />
  <attribute name ="GC Interval" value="0" />
  <attribute name="ProportionalT" value="45.000000" />
  <attribute name="ProportionalI" value="45.000000" />
  <attribute name="ProportionalH" value="45.000000" />
  <attribute name="Current Error" value="30.000000" />
  <attribute name="IntegralT" value="30.000000" />
  <attribute name="IntegralI" value="30.000000" />
  <attribute name="IntegralH" value="30.000000" />
  <attribute name="DerivativeT" value="45.000000" />
  <attribute name="DerivativeI" value="45.000000" />
  <attribute name="DerivativeH" value="45.000000" />
  <attribute name="Loop Time for DT" value="1.000000" />
  <attribute name="Output H" value="8388608"/>
  <attribute name="Output I" value="200"/>
  <attribute name="Output T" value="4"/>
  <attribute name="Target GC Util Change" value ="20.000000" />
  <attribute name="Current GC Util Change" value="50.000000"/>
  <attribute name="GC Util currently" value="50" />
  <attribute name="CPU Util currently" value="6150661468878" />
<exclusive-end id="366" timestamp="2019-06-17T03:22:52.717" durationms="13.035" />

<exclusive-start id="367" timestamp="2019-06-17T03:22:52.771" intervalms="67.130">
  <response-info timems="0.036" idlems="0.036" threads="0" lastid="000000000291AC00" lastname="PmdThread 1" />
</exclusive-start>
<allocation-taxation id="368" taxation-threshold="16777216" timestamp="2019-06-17T03:22:52.771" intervalms="67.094" />
<cycle-start id="369" type="partial gc" contextid="0" timestamp="2019-06-17T03:22:52.771" intervalms="67.108" />
<gc-start id="370" type="partial gc" contextid="369" timestamp="2019-06-17T03:22:52.771">
  <mem-info id="371" free="0" total="50331648" percent="0">
    <mem type="eden" free="0" total="16777216" percent="0" />
    <remembered-set count="48544" freebytes="1814912" totalbytes="2009088" percent="90" regionsoverflowed="0" regionsstable="1" regionsrebuilding="0"/>
  </mem-info>
</gc-start>
<allocation-stats totalBytes="16765712" >
  <allocated-bytes non-tlh="3096" tlh="16762616" arrayletleaf="0"/>
  <largest-consumer threadName="PmdThread 1" threadId="000000000291AC00" bytes="6771032" />
</allocation-stats>
<gc-op id="372" type="mark" timems="2.150" contextid="369" timestamp="2019-06-17T03:22:52.774">
  <trace-info objectcount="38779" scancount="35517" scanbytes="1220192" />
  <cardclean-info objects="29530" bytes="1186520" />
  <remembered-set-cleared processed="43792" cleared="6823" durationms="0.199" />
  <references type="weak" candidates="601" cleared="600" enqueued="600" />
  <references type="phantom" candidates="25" cleared="20" enqueued="20" />
  <stringconstants candidates="5102" cleared="0"  />
  <warning details="Mark invoked due to insufficient free space for Copy-Forward" />
</gc-op>
<gc-op id="373" type="classunload" timems="0.002" contextid="369" timestamp="2019-06-17T03:22:52.774">
  <classunload-info classloadercandidates="10" classloadersunloaded="0" classesunloaded="0" anonymousclassesunloaded="0" quiescems="0.000" setupms="0.001" scanms="0.000" postms="0.000" />
</gc-op>
<gc-op id="374" type="sweep" timems="0.339" contextid="369" timestamp="2019-06-17T03:22:52.775" />
<gc-op id="375" type="compact" timems="2.520" contextid="369" timestamp="2019-06-17T03:22:52.777">
  <compact-info movecount="18150" movebytes="925920" />
  <remembered-set-cleared processed="97223" cleared="21645" durationms="0.199" />
</gc-op>
<heap-resize id="376" type="expand" space="default" amount="1048576" count="1" timems="0.060" reason="insufficient free space following gc" timestamp="2019-06-17T03:22:52.778" />
<gc-end id="377" type="partial gc" contextid="369" durationms="6.161" usertimems="16.000" systemtimems="0.000" timestamp="2019-06-17T03:22:52.778" activeThreads="4">
  <mem-info id="378" free="17825792" total="51380224" percent="34">
    <mem type="eden" free="375208" total="1048576" percent="35" />
    <pending-finalizers system="0" default="0" reference="620" classloader="0" />
    <remembered-set count="49248" freebytes="1853952" totalbytes="2050944" percent="90" regionsoverflowed="0" regionsstable="1" regionsrebuilding="0"/>
  </mem-info>
</gc-end>
<cycle-end id="379" type="partial gc" contextid="369" timestamp="2019-06-17T03:22:52.778" />
  <attribute name="elasticGC enabled" value="1" />
  <attribute name= "numThreadsSpecified" value="4" />
  <attribute name="heapSize specified" value="0" />
  <attribute name="Current GC Util" value="48" />
  <attribute name= "Current Time Running" value="15085" />
  <attribute name ="GC Interval" value="0" />
  <attribute name="ProportionalT" value="42.000000" />
  <attribute name="ProportionalI" value="42.000000" />
  <attribute name="ProportionalH" value="42.000000" />
  <attribute name="Current Error" value="28.000000" />
  <attribute name="IntegralT" value="0.000000" />
  <attribute name="IntegralI" value="0.000000" />
  <attribute name="IntegralH" value="0.000000" />
  <attribute name="DerivativeT" value="-inf" />
  <attribute name="DerivativeI" value="-inf" />
  <attribute name="DerivativeH" value="-inf" />
  <attribute name="Loop Time for DT" value="0.000000" />
  <attribute name="Output H" value="2091843584"/>
  <attribute name="Output I" value="200"/>
  <attribute name="Output T" value="4"/>
  <attribute name="Target GC Util Change" value ="20.000000" />
  <attribute name="Current GC Util Change" value="48.000000"/>
  <attribute name="GC Util currently" value="48" />
  <attribute name="CPU Util currently" value="8891111195001" />
<exclusive-end id="380" timestamp="2019-06-17T03:22:52.778" durationms="7.174" />

<exclusive-start id="381" timestamp="2019-06-17T03:22:52.816" intervalms="45.504">
  <response-info timems="0.040" idlems="0.022" threads="1" lastid="000000000291AC00" lastname="PmdThread 1" />
</exclusive-start>
<allocation-taxation id="382" taxation-threshold="17825792" timestamp="2019-06-17T03:22:52.816" intervalms="45.550" />
<cycle-start id="383" type="partial gc" contextid="0" timestamp="2019-06-17T03:22:52.816" intervalms="45.568" />
<gc-start id="384" type="partial gc" contextid="383" timestamp="2019-06-17T03:22:52.817">
  <mem-info id="385" free="0" total="51380224" percent="0">
    <mem type="eden" free="0" total="17825792" percent="0" />
    <remembered-set count="48896" freebytes="1855360" totalbytes="2050944" percent="90" regionsoverflowed="0" regionsstable="1" regionsrebuilding="0"/>
  </mem-info>
</gc-start>
<allocation-stats totalBytes="17813648" >
  <allocated-bytes non-tlh="208" tlh="17813440" arrayletleaf="0"/>
  <largest-consumer threadName="PmdThread 1" threadId="000000000291AC00" bytes="6519112" />
</allocation-stats>
<gc-op id="386" type="mark" timems="10.478" contextid="383" timestamp="2019-06-17T03:22:52.828">
  <trace-info objectcount="83775" scancount="76149" scanbytes="2770484" />
  <cardclean-info objects="93735" bytes="5206496" />
  <remembered-set-cleared processed="32309" cleared="14367" durationms="0.350" />
  <references type="weak" candidates="376" cleared="376" enqueued="376" />
  <references type="phantom" candidates="8" cleared="7" enqueued="7" />
  <stringconstants candidates="5103" cleared="0"  />
  <warning details="Mark invoked due to insufficient free space for Copy-Forward" />
</gc-op>
<gc-op id="387" type="classunload" timems="0.002" contextid="383" timestamp="2019-06-17T03:22:52.828">
  <classunload-info classloadercandidates="10" classloadersunloaded="0" classesunloaded="0" anonymousclassesunloaded="0" quiescems="0.000" setupms="0.002" scanms="0.000" postms="0.000" />
</gc-op>
<gc-op id="388" type="sweep" timems="0.516" contextid="383" timestamp="2019-06-17T03:22:52.829" />
<gc-op id="389" type="compact" timems="4.993" contextid="383" timestamp="2019-06-17T03:22:52.834">
  <compact-info movecount="60251" movebytes="2690544" />
  <remembered-set-cleared processed="73556" cleared="37630" durationms="0.350" />
</gc-op>
<heap-resize id="390" type="expand" space="default" amount="3145728" count="1" timems="0.067" reason="insufficient free space following gc" timestamp="2019-06-17T03:22:52.834" />
<gc-end id="391" type="partial gc" contextid="383" durationms="17.490" usertimems="28.000" systemtimems="4.000" timestamp="2019-06-17T03:22:52.834" activeThreads="4">
  <mem-info id="392" free="17825792" total="54525952" percent="32">
    <mem type="eden" free="572480" total="3145728" percent="18" />
    <pending-finalizers system="0" default="0" reference="383" classloader="0" />
    <remembered-set count="53152" freebytes="1963904" totalbytes="2176512" percent="90" regionsoverflowed="0" regionsstable="1" regionsrebuilding="0"/>
  </mem-info>
</gc-end>
<cycle-end id="393" type="partial gc" contextid="383" timestamp="2019-06-17T03:22:52.834" />
  <attribute name="elasticGC enabled" value="1" />
  <attribute name= "numThreadsSpecified" value="4" />
  <attribute name="heapSize specified" value="0" />
  <attribute name="Current GC Util" value="64" />
  <attribute name= "Current Time Running" value="15140" />
  <attribute name ="GC Interval" value="0" />
  <attribute name="ProportionalT" value="66.000000" />
  <attribute name="ProportionalI" value="66.000000" />
  <attribute name="ProportionalH" value="66.000000" />
  <attribute name="Current Error" value="44.000000" />
  <attribute name="IntegralT" value="44.000000" />
  <attribute name="IntegralI" value="44.000000" />
  <attribute name="IntegralH" value="44.000000" />
  <attribute name="DerivativeT" value="66.000000" />
  <attribute name="DerivativeI" value="66.000000" />
  <attribute name="DerivativeH" value="66.000000" />
  <attribute name="Loop Time for DT" value="1.000000" />
  <attribute name="Output H" value="8388608"/>
  <attribute name="Output I" value="200"/>
  <attribute name="Output T" value="4"/>
  <attribute name="Target GC Util Change" value ="20.000000" />
  <attribute name="Current GC Util Change" value="64.000000"/>
  <attribute name="GC Util currently" value="64" />
  <attribute name="CPU Util currently" value="6307924849501" />
<exclusive-end id="394" timestamp="2019-06-17T03:22:52.834" durationms="18.254" />

<exclusive-start id="395" timestamp="2019-06-17T03:22:52.890" intervalms="73.665">
  <response-info timems="0.071" idlems="0.038" threads="1" lastid="000000000291AC00" lastname="PmdThread 1" />
</exclusive-start>
<allocation-taxation id="396" taxation-threshold="17825792" timestamp="2019-06-17T03:22:52.890" intervalms="73.619" />
<cycle-start id="397" type="partial gc" contextid="0" timestamp="2019-06-17T03:22:52.890" intervalms="73.613" />
<gc-start id="398" type="partial gc" contextid="397" timestamp="2019-06-17T03:22:52.891">
  <mem-info id="399" free="0" total="54525952" percent="0">
    <mem type="eden" free="0" total="17825792" percent="0" />
    <remembered-set count="52800" freebytes="1965312" totalbytes="2176512" percent="90" regionsoverflowed="0" regionsstable="1" regionsrebuilding="0"/>
  </mem-info>
</gc-start>
<allocation-stats totalBytes="17814624" >
  <allocated-bytes non-tlh="3608" tlh="17811016" arrayletleaf="0"/>
  <largest-consumer threadName="PmdThread 1" threadId="000000000291AC00" bytes="5368624" />
</allocation-stats>
<gc-op id="400" type="mark" timems="5.711" contextid="397" timestamp="2019-06-17T03:22:52.897">
  <trace-info objectcount="69019" scancount="63186" scanbytes="2291620" />
  <cardclean-info objects="16552" bytes="681716" />
  <remembered-set-cleared processed="46682" cleared="3584" durationms="0.444" />
  <finalization candidates="1" enqueued="0" />
  <references type="soft" candidates="12" cleared="0" enqueued="0" dynamicThreshold="10" maxThreshold="32" />
  <references type="weak" candidates="829" cleared="669" enqueued="597" />
  <references type="phantom" candidates="8" cleared="8" enqueued="8" />
  <stringconstants candidates="5132" cleared="0"  />
  <warning details="Mark invoked due to insufficient free space for Copy-Forward" />
</gc-op>
<gc-op id="401" type="classunload" timems="0.003" contextid="397" timestamp="2019-06-17T03:22:52.897">
  <classunload-info classloadercandidates="10" classloadersunloaded="0" classesunloaded="0" anonymousclassesunloaded="0" quiescems="0.000" setupms="0.002" scanms="0.000" postms="0.000" />
</gc-op>
<gc-op id="402" type="sweep" timems="0.520" contextid="397" timestamp="2019-06-17T03:22:52.898" />
<gc-op id="403" type="compact" timems="6.087" contextid="397" timestamp="2019-06-17T03:22:52.904">
  <compact-info movecount="68223" movebytes="2950760" />
  <remembered-set-cleared processed="94528" cleared="5856" durationms="0.444" />
</gc-op>
<heap-resize id="404" type="expand" space="default" amount="9437184" count="1" timems="0.101" reason="excessive time being spent in gc" timestamp="2019-06-17T03:22:52.905" />
<gc-end id="405" type="partial gc" contextid="397" durationms="13.954" usertimems="12.000" systemtimems="4.000" timestamp="2019-06-17T03:22:52.905" activeThreads="4">
  <mem-info id="406" free="27262976" total="63963136" percent="42">
    <mem type="eden" free="36136" total="1048576" percent="3" />
    <pending-finalizers system="0" default="0" reference="605" classloader="0" />
    <remembered-set count="54240" freebytes="2336256" totalbytes="2553216" percent="91" regionsoverflowed="0" regionsstable="1" regionsrebuilding="0"/>
  </mem-info>
</gc-end>
<cycle-end id="407" type="partial gc" contextid="397" timestamp="2019-06-17T03:22:52.905" />
  <attribute name="elasticGC enabled" value="1" />
  <attribute name= "numThreadsSpecified" value="4" />
  <attribute name="heapSize specified" value="0" />
  <attribute name="Current GC Util" value="53" />
  <attribute name= "Current Time Running" value="15209" />
  <attribute name ="GC Interval" value="0" />
  <attribute name="ProportionalT" value="49.500000" />
  <attribute name="ProportionalI" value="49.500000" />
  <attribute name="ProportionalH" value="49.500000" />
  <attribute name="Current Error" value="33.000000" />
  <attribute name="IntegralT" value="33.000000" />
  <attribute name="IntegralI" value="33.000000" />
  <attribute name="IntegralH" value="33.000000" />
  <attribute name="DerivativeT" value="49.500000" />
  <attribute name="DerivativeI" value="49.500000" />
  <attribute name="DerivativeH" value="49.500000" />
  <attribute name="Loop Time for DT" value="1.000000" />
  <attribute name="Output H" value="8388608"/>
  <attribute name="Output I" value="200"/>
  <attribute name="Output T" value="4"/>
  <attribute name="Target GC Util Change" value ="20.000000" />
  <attribute name="Current GC Util Change" value="53.000000"/>
  <attribute name="GC Util currently" value="53" />
  <attribute name="CPU Util currently" value="6073985987765" />
<exclusive-end id="408" timestamp="2019-06-17T03:22:52.905" durationms="15.299" />

<exclusive-start id="409" timestamp="2019-06-17T03:22:52.971" intervalms="80.773">
  <response-info timems="0.045" idlems="0.045" threads="0" lastid="000000000291E800" lastname="PmdThread 2" />
</exclusive-start>
<allocation-taxation id="410" taxation-threshold="23068672" timestamp="2019-06-17T03:22:52.971" intervalms="80.776" />
<cycle-start id="411" type="partial gc" contextid="0" timestamp="2019-06-17T03:22:52.971" intervalms="80.726" />
<gc-start id="412" type="partial gc" contextid="411" timestamp="2019-06-17T03:22:52.971">
  <mem-info id="413" free="4194304" total="63963136" percent="6">
    <mem type="eden" free="0" total="23068672" percent="0" />
    <remembered-set count="54048" freebytes="2337024" totalbytes="2553216" percent="91" regionsoverflowed="0" regionsstable="1" regionsrebuilding="0"/>
  </mem-info>
</gc-start>
<allocation-stats totalBytes="23038928" >
  <allocated-bytes non-tlh="1424" tlh="23037504" arrayletleaf="0"/>
  <largest-consumer threadName="PmdThread 1" threadId="000000000291AC00" bytes="8502040" />
</allocation-stats>
<gc-op id="414" type="copy forward" timems="3.896" contextid="411" timestamp="2019-06-17T03:22:52.976">
  <memory-copied type="eden" objects="23636" bytes="1310600" bytesdiscarded="276784" />
  <memory-copied type="other" objects="14802" bytes="648200" bytesdiscarded="48072" />
  <memory-cardclean objects="54828" bytes="2916976" />
  <regions eden="22" other="2" />
  <remembered-set-cleared processed="44798" cleared="9515" durationms="0.210" />
  <finalization candidates="1" enqueued="0" />
  <references type="soft" candidates="12" cleared="0" enqueued="0" dynamicThreshold="13" maxThreshold="32" />
  <references type="weak" candidates="686" cleared="0" enqueued="0" />
  <references type="phantom" candidates="15" cleared="0" enqueued="0" />
  <stringconstants candidates="5142" cleared="0"  />
</gc-op>
<gc-op id="415" type="classunload" timems="0.002" contextid="411" timestamp="2019-06-17T03:22:52.976">
  <classunload-info classloadercandidates="10" classloadersunloaded="0" classesunloaded="0" anonymousclassesunloaded="0" quiescems="0.000" setupms="0.002" scanms="0.000" postms="0.000" />
</gc-op>
<heap-resize id="416" type="expand" space="default" amount="11534336" count="1" timems="0.108" reason="excessive time being spent in gc" timestamp="2019-06-17T03:22:52.976" />
<gc-end id="417" type="partial gc" contextid="411" durationms="4.809" usertimems="4.000" systemtimems="8.000" timestamp="2019-06-17T03:22:52.976" activeThreads="4">
  <mem-info id="418" free="36700160" total="75497472" percent="48">
    <mem type="eden" free="502512" total="2097152" percent="23" />
    <remembered-set count="55328" freebytes="2792320" totalbytes="3013632" percent="92" regionsoverflowed="0" regionsstable="1" regionsrebuilding="0"/>
  </mem-info>
</gc-end>
<cycle-end id="419" type="partial gc" contextid="411" timestamp="2019-06-17T03:22:52.976" />
  <attribute name="elasticGC enabled" value="1" />
  <attribute name= "numThreadsSpecified" value="4" />
  <attribute name="heapSize specified" value="0" />
  <attribute name="Current GC Util" value="92" />
  <attribute name= "Current Time Running" value="15283" />
  <attribute name ="GC Interval" value="0" />
  <attribute name="ProportionalT" value="108.000000" />
  <attribute name="ProportionalI" value="108.000000" />
  <attribute name="ProportionalH" value="108.000000" />
  <attribute name="Current Error" value="72.000000" />
  <attribute name="IntegralT" value="72.000000" />
  <attribute name="IntegralI" value="72.000000" />
  <attribute name="IntegralH" value="72.000000" />
  <attribute name="DerivativeT" value="100.500000" />
  <attribute name="DerivativeI" value="100.500000" />
  <attribute name="DerivativeH" value="100.500000" />
  <attribute name="Loop Time for DT" value="1.000000" />
  <attribute name="Output H" value="8388608"/>
  <attribute name="Output I" value="280"/>
  <attribute name="Output T" value="4"/>
  <attribute name="Target GC Util Change" value ="20.000000" />
  <attribute name="Current GC Util Change" value="92.000000"/>
  <attribute name="GC Util currently" value="92" />
  <attribute name="CPU Util currently" value="24446113686956" />
<exclusive-end id="420" timestamp="2019-06-17T03:22:52.976" durationms="5.811" />

<exclusive-start id="421" timestamp="2019-06-17T03:22:53.033" intervalms="62.222">
  <response-info timems="0.077" idlems="0.077" threads="0" lastid="000000000291AC00" lastname="PmdThread 1" />
</exclusive-start>
<allocation-taxation id="422" taxation-threshold="25165824" timestamp="2019-06-17T03:22:53.033" intervalms="62.328" />
<cycle-start id="423" type="partial gc" contextid="0" timestamp="2019-06-17T03:22:53.033" intervalms="62.430" />
<gc-start id="424" type="partial gc" contextid="423" timestamp="2019-06-17T03:22:53.034">
  <mem-info id="425" free="11534336" total="75497472" percent="15">
    <mem type="eden" free="0" total="25165824" percent="0" />
    <remembered-set count="55232" freebytes="2792704" totalbytes="3013632" percent="92" regionsoverflowed="0" regionsstable="1" regionsrebuilding="0"/>
  </mem-info>
</gc-start>
<allocation-stats totalBytes="25130248" >
  <allocated-bytes non-tlh="3416" tlh="25126832" arrayletleaf="0"/>
  <largest-consumer threadName="PmdThread 1" threadId="000000000291AC00" bytes="14103520" />
</allocation-stats>
<gc-op id="426" type="copy forward" timems="8.372" contextid="423" timestamp="2019-06-17T03:22:53.043">
  <memory-copied type="eden" objects="16663" bytes="798720" bytesdiscarded="0" />
  <memory-copied type="other" objects="34891" bytes="1395496" bytesdiscarded="0" />
  <memory-cardclean objects="29925" bytes="1206080" />
  <regions eden="24" other="3" />
  <remembered-set-cleared processed="51242" cleared="8506" durationms="0.488" />
  <references type="weak" candidates="1020" cleared="0" enqueued="0" />
  <references type="phantom" candidates="25" cleared="0" enqueued="0" />
  <stringconstants candidates="5160" cleared="0"  />
</gc-op>
<gc-op id="427" type="classunload" timems="0.002" contextid="423" timestamp="2019-06-17T03:22:53.043">
  <classunload-info classloadercandidates="10" classloadersunloaded="0" classesunloaded="0" anonymousclassesunloaded="0" quiescems="0.000" setupms="0.002" scanms="0.000" postms="0.000" />
</gc-op>
<heap-resize id="428" type="expand" space="default" amount="13631488" count="1" timems="0.123" reason="excessive time being spent in gc" timestamp="2019-06-17T03:22:53.043" />
<gc-end id="429" type="partial gc" contextid="423" durationms="9.724" usertimems="12.000" systemtimems="0.000" timestamp="2019-06-17T03:22:53.043" activeThreads="1">
  <mem-info id="430" free="50331648" total="89128960" percent="56">
    <mem type="eden" free="240072" total="1048576" percent="22" />
    <remembered-set count="55040" freebytes="3337600" totalbytes="3557760" percent="93" regionsoverflowed="0" regionsstable="1" regionsrebuilding="0"/>
  </mem-info>
</gc-end>
<cycle-end id="431" type="partial gc" contextid="423" timestamp="2019-06-17T03:22:53.043" />
  <attribute name="elasticGC enabled" value="1" />
  <attribute name= "numThreadsSpecified" value="1" />
  <attribute name="heapSize specified" value="0" />
  <attribute name="Current GC Util" value="75" />
  <attribute name= "Current Time Running" value="15345" />
  <attribute name ="GC Interval" value="0" />
  <attribute name="ProportionalT" value="82.500000" />
  <attribute name="ProportionalI" value="82.500000" />
  <attribute name="ProportionalH" value="82.500000" />
  <attribute name="Current Error" value="55.000000" />
  <attribute name="IntegralT" value="0.000000" />
  <attribute name="IntegralI" value="0.000000" />
  <attribute name="IntegralH" value="0.000000" />
  <attribute name="DerivativeT" value="inf" />
  <attribute name="DerivativeI" value="inf" />
  <attribute name="DerivativeH" value="inf" />
  <attribute name="Loop Time for DT" value="0.000000" />
  <attribute name="Output H" value="8388608"/>
  <attribute name="Output I" value="200"/>
  <attribute name="Output T" value="1"/>
  <attribute name="Target GC Util Change" value ="20.000000" />
  <attribute name="Current GC Util Change" value="75.000000"/>
  <attribute name="GC Util currently" value="75" />
  <attribute name="CPU Util currently" value="18612394343270" />
<exclusive-end id="432" timestamp="2019-06-17T03:22:53.044" durationms="10.846" />

<exclusive-start id="433" timestamp="2019-06-17T03:22:53.153" intervalms="120.077">
  <response-info timems="0.157" idlems="0.157" threads="0" lastid="000000000291AC00" lastname="PmdThread 1" />
</exclusive-start>
<allocation-taxation id="434" taxation-threshold="28311552" timestamp="2019-06-17T03:22:53.153" intervalms="120.098" />
<cycle-start id="435" type="partial gc" contextid="0" timestamp="2019-06-17T03:22:53.153" intervalms="120.172" />
<gc-start id="436" type="partial gc" contextid="435" timestamp="2019-06-17T03:22:53.154">
  <mem-info id="437" free="22020096" total="89128960" percent="24">
    <mem type="eden" free="0" total="28311552" percent="0" />
    <remembered-set count="54976" freebytes="3337856" totalbytes="3557760" percent="93" regionsoverflowed="0" regionsstable="1" regionsrebuilding="0"/>
  </mem-info>
</gc-start>
<allocation-stats totalBytes="28297400" >
  <allocated-bytes non-tlh="0" tlh="28297400" arrayletleaf="0"/>
  <largest-consumer threadName="PmdThread 1" threadId="000000000291AC00" bytes="28297400" />
</allocation-stats>
<gc-op id="438" type="copy forward" timems="5.979" contextid="435" timestamp="2019-06-17T03:22:53.161">
  <memory-copied type="eden" objects="2954" bytes="199808" bytesdiscarded="0" />
  <memory-copied type="other" objects="16663" bytes="820368" bytesdiscarded="0" />
  <memory-cardclean objects="58253" bytes="2369064" />
  <regions eden="27" other="2" />
  <remembered-set-cleared processed="51657" cleared="8449" durationms="0.511" />
  <references type="weak" candidates="613" cleared="0" enqueued="0" />
  <references type="phantom" candidates="11" cleared="0" enqueued="0" />
  <stringconstants candidates="5160" cleared="0"  />
</gc-op>
<gc-op id="439" type="classunload" timems="0.002" contextid="435" timestamp="2019-06-17T03:22:53.161">
  <classunload-info classloadercandidates="10" classloadersunloaded="0" classesunloaded="0" anonymousclassesunloaded="0" quiescems="0.000" setupms="0.002" scanms="0.000" postms="0.000" />
</gc-op>
<gc-end id="440" type="partial gc" contextid="435" durationms="7.131" usertimems="8.000" systemtimems="0.000" timestamp="2019-06-17T03:22:53.161" activeThreads="1">
  <mem-info id="441" free="49283072" total="89128960" percent="55">
    <mem type="eden" free="847816" total="1048576" percent="80" />
    <remembered-set count="56544" freebytes="3331584" totalbytes="3557760" percent="93" regionsoverflowed="0" regionsstable="1" regionsrebuilding="0"/>
  </mem-info>
</gc-end>
<cycle-end id="442" type="partial gc" contextid="435" timestamp="2019-06-17T03:22:53.161" />
  <attribute name="elasticGC enabled" value="1" />
  <attribute name= "numThreadsSpecified" value="1" />
  <attribute name="heapSize specified" value="0" />
  <attribute name="Current GC Util" value="81" />
  <attribute name= "Current Time Running" value="15465" />
  <attribute name ="GC Interval" value="0" />
  <attribute name="ProportionalT" value="91.500000" />
  <attribute name="ProportionalI" value="91.500000" />
  <attribute name="ProportionalH" value="91.500000" />
  <attribute name="Current Error" value="61.000000" />
  <attribute name="IntegralT" value="0.000000" />
  <attribute name="IntegralI" value="0.000000" />
  <attribute name="IntegralH" value="0.000000" />
  <attribute name="DerivativeT" value="inf" />
  <attribute name="DerivativeI" value="inf" />
  <attribute name="DerivativeH" value="inf" />
  <attribute name="Loop Time for DT" value="0.000000" />
  <attribute name="Output H" value="8388608"/>
  <attribute name="Output I" value="200"/>
  <attribute name="Output T" value="1"/>
  <attribute name="Target GC Util Change" value ="20.000000" />
  <attribute name="Current GC Util Change" value="81.000000"/>
  <attribute name="GC Util currently" value="81" />
  <attribute name="CPU Util currently" value="15955734727052" />
<exclusive-end id="443" timestamp="2019-06-17T03:22:53.161" durationms="8.461" />

</verbosegc>

